09-26 03:52:50.752  3658  4867 I WindowManager: Screen frozen for +75ms due to AppWindowToken{8e8b81c token=Token{86df4ee ActivityRecord{3adc269 u0 com.android.settings/.CryptKeeper t1}}}
09-26 03:52:50.752  3658  4723 D wifi    : set interface wlan0 flags (UP)
09-26 03:52:50.752  3658  4723 I WifiHAL : Initializing wifi
09-26 03:52:50.752  3658  4723 I WifiHAL : Creating socket
09-26 03:52:50.753  3658  4723 I WifiHAL : Initialized Wifi HAL Successfully; vendor cmd = 103
09-26 03:52:50.753  3658  4723 D wifi    : Did set static halHandle = 0x7f53cc8aa0
09-26 03:52:50.753  3658  4723 D wifi    : halHandle = 0x7f53cc8aa0, mVM = 0x7f778e7000, mCls = 0x100d36
09-26 03:52:50.753  3658  4723 D wifi    : array field set
09-26 03:52:50.754  3658  5042 I WifiNative-HAL: Waiting for HAL events mWifiHalHandle=546866760352
09-26 03:52:50.754  3658  5042 D wifi    : waitForHalEvents called, vm = 0x7f778e7000, obj = 0x100d36, env = 0x7f5d33aa80
09-26 03:52:50.757  3658  4718 W ConnectivityExtension: ConnectivityExt jar file not present
09-26 03:52:50.757  3189  3229 I libexynosv4l2: open video device /dev/video7
09-26 03:52:50.757  3658  3716 I ActivityManager: START u0 {act=android.intent.action.MAIN cat=[android.intent.category.HOME] flg=0x10000100 cmp=com.android.settings/.FallbackHome} from uid 0 on display 0
09-26 03:52:50.763  3192  3192 W ACodec  : do not know color format 0x7f000011 = 2130706449
09-26 03:52:50.763  3192  3192 W ACodec  : do not know color format 0x10 = 16
09-26 03:52:50.765  3192  3192 W ACodec  : do not know color format 0x7f00a000 = 2130747392
09-26 03:52:50.765  3192  3192 W ACodec  : do not know color format 0x7f000789 = 2130708361
09-26 03:52:50.766  3192  3192 W ACodec  : do not know color format 0x7f000012 = 2130706450
09-26 03:52:50.766  3189  4948 E OMXNodeInstance: getConfig(c75000a:Exynos.MPEG4.Encoder, ConfigAndroidIntraRefresh(0x6f60000a)) ERROR: UnsupportedIndex(0x8000101a)
09-26 03:52:50.768  3192  3192 I MediaPlayerService: MediaPlayerService::getOMX
09-26 03:52:50.768  3192  3192 I OMXClient: MuxOMX ctor
09-26 03:52:50.768  3189  4948 I OMXMaster: makeComponentInstance(OMX.Exynos.VP8.Encoder) in mediacodec process
09-26 03:52:50.770  3189  4948 D libexynosv4l2: try node: /dev/video6
09-26 03:52:50.770  3189  4948 D libexynosv4l2: try node: /dev/video7
09-26 03:52:50.770  3189  4948 I libexynosv4l2: node found for device s5p-mfc-enc: /dev/video7
09-26 03:52:50.771  3658  3716 I ActivityManager: Start proc 5045:com.android.settings/1000 for activity com.android.settings/.FallbackHome
09-26 03:52:50.784  5028  5028 W System  : ClassLoader referenced unknown path: /system/priv-app/WeatherProvider/lib/arm64
09-26 03:52:50.800  3189  4948 I libexynosv4l2: open video device /dev/video7
09-26 03:52:50.807  3192  3192 W ACodec  : do not know color format 0x7f000011 = 2130706449
09-26 03:52:50.808  3192  3192 W ACodec  : do not know color format 0x10 = 16
09-26 03:52:50.809  3192  3192 W ACodec  : do not know color format 0x7f00a000 = 2130747392
09-26 03:52:50.809  3192  3192 W ACodec  : do not know color format 0x7f000789 = 2130708361
09-26 03:52:50.810  3192  3192 W ACodec  : do not know color format 0x7f000012 = 2130706450
09-26 03:52:50.811  3189  3189 E OMXNodeInstance: getConfig(c75000b:Exynos.VP8.Encoder, ConfigAndroidIntraRefresh(0x6f60000a)) ERROR: UnsupportedIndex(0x8000101a)
09-26 03:52:50.815  3192  3192 I MediaPlayerService: MediaPlayerService::getOMX
09-26 03:52:50.815  3192  3192 I OMXClient: MuxOMX ctor
09-26 03:52:50.816  3189  3189 I OMXMaster: makeComponentInstance(OMX.Exynos.HEVC.Encoder) in mediacodec process
09-26 03:52:50.817  3189  3189 D libexynosv4l2: try node: /dev/video6
09-26 03:52:50.818  3189  3189 D libexynosv4l2: try node: /dev/video7
09-26 03:52:50.818  3189  3189 I libexynosv4l2: node found for device s5p-mfc-enc: /dev/video7
09-26 03:52:50.833  3658  3658 I AccountManagerService: Creating DE database for user 0
09-26 03:52:50.844  3189  3189 I libexynosv4l2: open video device /dev/video7
09-26 03:52:50.864  3192  3192 W ACodec  : [OMX.Exynos.HEVC.Encoder] stopping checking profiles after 32: 2/400
09-26 03:52:50.865  3192  3192 W ACodec  : do not know color format 0x7f000011 = 2130706449
09-26 03:52:50.866  3192  3192 W ACodec  : do not know color format 0x10 = 16
09-26 03:52:50.866  3192  3192 W ACodec  : do not know color format 0x7f00a000 = 2130747392
09-26 03:52:50.867  3192  3192 W ACodec  : do not know color format 0x7f000789 = 2130708361
09-26 03:52:50.870  3192  3192 W ACodec  : do not know color format 0x7f000012 = 2130706450
09-26 03:52:50.871  3189  4948 E OMXNodeInstance: getConfig(c75000c:Exynos.HEVC.Encoder, ConfigAndroidIntraRefresh(0x6f60000a)) ERROR: UnsupportedIndex(0x8000101a)
09-26 03:52:50.874  3658  4723 D WifiMonitor: startMonitoring(wlan0) with mConnected = false
09-26 03:52:50.877  3192  3192 I MediaPlayerService: MediaPlayerService::getOMX
09-26 03:52:50.880  3192  3192 I OMXClient: MuxOMX ctor
09-26 03:52:50.881  3189  3229 I OMXMaster: makeComponentInstance(OMX.google.mpeg4.decoder) in mediacodec process
09-26 03:52:50.882  5045  5045 W System  : ClassLoader referenced unknown path: /system/priv-app/Settings/lib/arm64
09-26 03:52:50.890  3189  3229 E OMXNodeInstance: getExtensionIndex(c75000d:google.mpeg4.decoder, OMX.google.android.index.configureVideoTunnelMode) ERROR: UnsupportedIndex(0x8000101a)
09-26 03:52:50.890  3189  3189 W OMXNodeInstance: [c75000d:google.mpeg4.decoder] component does not support metadata mode; using fallback
09-26 03:52:50.904  3192  3192 I MediaPlayerService: MediaPlayerService::getOMX
09-26 03:52:50.905  3192  3192 I OMXClient: MuxOMX ctor
09-26 03:52:50.905  3189  5067 I OMXMaster: makeComponentInstance(OMX.google.h263.decoder) in mediacodec process
09-26 03:52:50.913  3189  3189 E OMXNodeInstance: getExtensionIndex(c75000e:google.h263.decoder, OMX.google.android.index.configureVideoTunnelMode) ERROR: UnsupportedIndex(0x8000101a)
09-26 03:52:50.913  3189  3229 W OMXNodeInstance: [c75000e:google.h263.decoder] component does not support metadata mode; using fallback
09-26 03:52:50.915  3192  3192 I MediaPlayerService: MediaPlayerService::getOMX
09-26 03:52:50.920  3192  3192 I OMXClient: MuxOMX ctor
09-26 03:52:50.920  3189  4948 I OMXMaster: makeComponentInstance(OMX.google.h264.decoder) in mediacodec process
09-26 03:52:50.931  4829  5073 E ActivityThread: Failed to find provider info for com.android.contacts
09-26 03:52:50.933  4829  4927 D OpenGLRenderer: profile bars disabled
09-26 03:52:50.933  4829  4927 D OpenGLRenderer: ambientRatio = 1.50
09-26 03:52:50.943  3192  3192 W ACodec  : [OMX.google.h264.decoder] stopping checking profiles after 32: 2/8000
09-26 03:52:50.945  3189  3229 E OMXNodeInstance: getExtensionIndex(c75000f:google.h264.decoder, OMX.google.android.index.configureVideoTunnelMode) ERROR: UnsupportedIndex(0x8000101a)
09-26 03:52:50.946  3189  4948 W OMXNodeInstance: [c75000f:google.h264.decoder] component does not support metadata mode; using fallback
09-26 03:52:50.948  3192  3192 I MediaPlayerService: MediaPlayerService::getOMX
09-26 03:52:50.950  4829  4829 D PhoneStatusBar: disable: < EXPAND* icons alerts system_info BACK* HOME* RECENT* clock SEARCH* quick_settings >
09-26 03:52:50.950  5051  5051 I wpa_supplicant: Successfully initialized wpa_supplicant
09-26 03:52:50.951  3192  3192 I OMXClient: MuxOMX ctor
09-26 03:52:50.951  3189  4948 I OMXMaster: makeComponentInstance(OMX.google.hevc.decoder) in mediacodec process
09-26 03:52:50.954  5051  5051 I wpa_supplicant: rfkill: Cannot open RFKILL control device
09-26 03:52:50.970  3189  4948 E OMXNodeInstance: getExtensionIndex(c750010:google.hevc.decoder, OMX.google.android.index.configureVideoTunnelMode) ERROR: UnsupportedIndex(0x8000101a)
09-26 03:52:50.970  3189  5067 W OMXNodeInstance: [c750010:google.hevc.decoder] component does not support metadata mode; using fallback
09-26 03:52:50.971  3192  3192 I MediaPlayerService: MediaPlayerService::getOMX
09-26 03:52:50.972  3192  3192 I OMXClient: MuxOMX ctor
09-26 03:52:50.972  3189  5067 I OMXMaster: makeComponentInstance(OMX.google.vp8.decoder) in mediacodec process
09-26 03:52:50.984  3189  4948 E OMXNodeInstance: getExtensionIndex(c750011:google.vp8.decoder, OMX.google.android.index.configureVideoTunnelMode) ERROR: UnsupportedIndex(0x8000101a)
09-26 03:52:50.985  3189  5067 W OMXNodeInstance: [c750011:google.vp8.decoder] component does not support metadata mode; using fallback
09-26 03:52:50.986  3192  3192 I MediaPlayerService: MediaPlayerService::getOMX
09-26 03:52:50.986  3192  3192 I OMXClient: MuxOMX ctor
09-26 03:52:50.986  3189  5067 I OMXMaster: makeComponentInstance(OMX.google.vp9.decoder) in mediacodec process
09-26 03:52:50.989  5045  5074 I OpenGLRenderer: Initialized EGL, version 1.4
09-26 03:52:50.989  5045  5074 D OpenGLRenderer: Swap behavior 1
09-26 03:52:50.990  3189  5067 E OMXNodeInstance: getExtensionIndex(c750012:google.vp9.decoder, OMX.google.android.index.configureVideoTunnelMode) ERROR: UnsupportedIndex(0x8000101a)
09-26 03:52:50.990  3189  3189 W OMXNodeInstance: [c750012:google.vp9.decoder] component does not support metadata mode; using fallback
09-26 03:52:50.991  3192  3192 I MediaPlayerService: MediaPlayerService::getOMX
09-26 03:52:50.992  3192  3192 I OMXClient: MuxOMX ctor
09-26 03:52:50.992  3189  3189 I OMXMaster: makeComponentInstance(OMX.google.h263.encoder) in mediacodec process
09-26 03:52:50.999  5051  5051 I wpa_supplicant: rfkill: Cannot get wiphy information
09-26 03:52:51.000  5045  5074 D mali_winsys: EGLint new_window_surface(egl_winsys_display*, void*, EGLSurface, EGLConfig, egl_winsys_surface**, egl_color_buffer_format*, EGLBoolean) returns 0x3000,  [1440x2960]-format:1
09-26 03:52:51.000  3658  3720 W LocalDisplayAdapter: Unable to find color mode 0, ignoring request.
09-26 03:52:51.001  3189  3189 I SoftMPEG4Encoder: Construct SoftMPEG4Encoder
09-26 03:52:51.004  3192  3192 W ACodec  : do not know color format 0x7f000789 = 2130708361
09-26 03:52:51.005  3189  3229 E OMXNodeInstance: getConfig(c750013:google.h263.encoder, ConfigAndroidIntraRefresh(0x6f60000a)) ERROR: Undefined(0x80001001)
09-26 03:52:51.008  3658  4723 D WifiConfigManager: Loading config and enabling all networks 
09-26 03:52:51.010  3192  3192 I MediaPlayerService: MediaPlayerService::getOMX
09-26 03:52:51.010  3658  4723 I WifiNetworkHistory: readNetworkHistory: no config file, java.io.FileNotFoundException: /data/misc/wifi/networkHistory.txt (No such file or directory)
09-26 03:52:51.010  3658  4723 D WifiConfigManager: loaded 0 passpoint configs
09-26 03:52:51.010  3192  3192 I OMXClient: MuxOMX ctor
09-26 03:52:51.010  3658  4723 E IpConfigStore: Error parsing configuration: java.io.FileNotFoundException: /data/misc/wifi/ipconfig.txt (No such file or directory)
09-26 03:52:51.010  3189  3189 I OMXMaster: makeComponentInstance(OMX.google.h264.encoder) in mediacodec process
09-26 03:52:51.011  3658  4723 D WifiConfigManager: --- Begin /data/misc/wifi/wpa_supplicant.conf ---
09-26 03:52:51.012  3658  4723 D WifiConfigManager: update_config=1
09-26 03:52:51.012  3658  4723 D WifiConfigManager: eapol_version=1
09-26 03:52:51.012  3658  4723 D WifiConfigManager: ap_scan=1
09-26 03:52:51.012  3658  4723 D WifiConfigManager: fast_reauth=1
09-26 03:52:51.012  3658  4723 D WifiConfigManager: pmf=1
09-26 03:52:51.012  3658  4723 D WifiConfigManager: --- End /data/misc/wifi/wpa_supplicant.conf Contents ---
09-26 03:52:51.012  3658  4723 D WifiConfigManager: --- Begin /data/misc/wifi/wpa_supplicant.conf.tmp ---
09-26 03:52:51.013  3658  4723 W WifiConfigManager: Could not open /data/misc/wifi/wpa_supplicant.conf.tmp, java.io.FileNotFoundException: /data/misc/wifi/wpa_supplicant.conf.tmp (No such file or directory)
09-26 03:52:51.013  3658  4723 D WifiConfigManager: --- End /data/misc/wifi/wpa_supplicant.conf.tmp Contents ---
09-26 03:52:51.013  3658  4723 D WifiConfigManager: --- Begin /data/misc/wifi/networkHistory.txt ---
09-26 03:52:51.013  3658  4723 W WifiConfigManager: Could not open /data/misc/wifi/networkHistory.txt, java.io.FileNotFoundException: /data/misc/wifi/networkHistory.txt (No such file or directory)
09-26 03:52:51.014  3658  4723 D WifiConfigManager: --- End /data/misc/wifi/networkHistory.txt Contents ---
09-26 03:52:51.026  3192  3192 W ACodec  : do not know color format 0x7f000789 = 2130708361
09-26 03:52:51.032  3192  3192 I MediaPlayerService: MediaPlayerService::getOMX
09-26 03:52:51.033  3192  3192 I OMXClient: MuxOMX ctor
09-26 03:52:51.033  3189  5067 I OMXMaster: makeComponentInstance(OMX.google.mpeg4.encoder) in mediacodec process
09-26 03:52:51.035  3189  5067 I SoftMPEG4Encoder: Construct SoftMPEG4Encoder
09-26 03:52:51.037  3658  4723 D WifiNative-HAL: Setting external_sim to 1
09-26 03:52:51.037  3192  3192 W ACodec  : do not know color format 0x7f000789 = 2130708361
09-26 03:52:51.038  3189  3189 E OMXNodeInstance: getConfig(c750015:google.mpeg4.encoder, ConfigAndroidIntraRefresh(0x6f60000a)) ERROR: Undefined(0x80001001)
09-26 03:52:51.040  3658  4723 D wifi    : setting dfs flag to true, 0x7f53ccdf60
09-26 03:52:51.040  3192  3192 I MediaPlayerService: MediaPlayerService::getOMX
09-26 03:52:51.040  3658  4723 D WifiStateMachine: Setting OUI to DA-A1-19
09-26 03:52:51.040  3658  4723 D wifi    : setting scan oui 0x7f53ccdf60
09-26 03:52:51.040  3658  4723 D WifiHAL : Sending mac address OUI
09-26 03:52:51.041  3192  3192 I OMXClient: MuxOMX ctor
09-26 03:52:51.041  3189  4948 I OMXMaster: makeComponentInstance(OMX.google.vp8.encoder) in mediacodec process
09-26 03:52:51.044  3658  3726 W LocalDisplayAdapter: Unable to find color mode 0, ignoring request.
09-26 03:52:51.049  3658  4723 I WifiConnectivityManager: PNO settings: min5GHzRssi -82 min24GHzRssi -85 currentConnectionBonus 16 sameNetworkBonus 24 secureNetworkBonus 80 initialScoreMax 100
09-26 03:52:51.049  3658  4723 I WifiConnectivityManager: ConnectivityScanManager initialized and disabled
09-26 03:52:51.049  3658  4723 I WifiConnectivityManager: setUntrustedConnectionAllowed: allowed=false
09-26 03:52:51.049  3658  4723 D wifi    : android_net_wifi_get_firmware_version = 0x7f53ccdf60
09-26 03:52:51.050  3658  4723 E WifiHAL : Failed to register debug response; result = -95
09-26 03:52:51.050  3658  4723 E wifi    : Fail to get Firmware version
09-26 03:52:51.050  3658  4723 D wifi    : android_net_wifi_get_driver_version = 0x7f53ccdf60
09-26 03:52:51.050  3658  4723 E WifiHAL : Failed to register debug response; result = -95
09-26 03:52:51.050  3658  4723 E wifi    : Fail to get driver version
09-26 03:52:51.050  3658  4723 D wifi    : android_net_wifi_set_log_handler = 0x7f53ccdf60
09-26 03:52:51.050  3658  4723 D wifi    : android_net_wifi_get_ring_buffer_status = 0x7f53ccdf60
09-26 03:52:51.050  3658  4723 E WifiHAL : Failed to register debug response; result = -95
09-26 03:52:51.050  3658  4723 E WifiLogger: no ring buffers found
09-26 03:52:51.050  3658  4723 D WifiHAL : Start get packet fate command
09-26 03:52:51.050  3658  4723 D WifiHAL : createRequest Monitor packet fate request
09-26 03:52:51.050  3658  4723 E WifiHAL : Failed to register get pkt fate response; result = -95
09-26 03:52:51.050  3658  4723 E WifiLogger: Failed to start packet fate monitoring
09-26 03:52:51.060  3192  3192 W ACodec  : do not know color format 0x7f000789 = 2130708361
09-26 03:52:51.062  3189  3189 E OMXNodeInstance: getConfig(c750016:google.vp8.encoder, ConfigAndroidIntraRefresh(0x6f60000a)) ERROR: Undefined(0x80001001)
09-26 03:52:51.073  3658  4723 D wifi    : android_net_wifi_setLinkLayerStats: 1
09-26 03:52:51.073  3658  4723 I WifiConnectivityManager: Set WiFi enabled
09-26 03:52:51.074  3658  4723 I WifiConnectivityManager: scheduleWatchdogTimer
09-26 03:52:51.075  3194  3555 D CommandListener: Setting iface cfg
09-26 03:52:51.077  3192  3192 I MediaPlayerService: MediaPlayerService::getOMX
09-26 03:52:51.081  3658  3726 I ActivityManager: Displayed com.android.settings/.FallbackHome: +321ms (total +468ms)
09-26 03:52:51.084  3658  3726 I WindowManager: Screen frozen for +265ms due to AppWindowToken{1a772c7 token=Token{8e3b6e1 ActivityRecord{dc85848 u0 com.android.settings/.FallbackHome t2}}}
09-26 03:52:51.086  3192  3192 I OMXClient: MuxOMX ctor
09-26 03:52:51.086  3189  4948 I OMXMaster: makeComponentInstance(OMX.google.mp3.decoder) in mediacodec process
09-26 03:52:51.094  3194  3555 D CommandListener: Trying to bring up p2p0
09-26 03:52:51.096  3658  4721 D WifiMonitor: startMonitoring(p2p0) with mConnected = true
09-26 03:52:51.122  3192  3192 I MediaPlayerService: MediaPlayerService::getOMX
09-26 03:52:51.123  3192  3192 I OMXClient: MuxOMX ctor
09-26 03:52:51.123  4829  4829 D PhoneStatusBar: heads up is enabled
09-26 03:52:51.123  3189  4948 I OMXMaster: makeComponentInstance(OMX.google.amrnb.decoder) in mediacodec process
09-26 03:52:51.125  3658  3719 V KeyguardServiceDelegate: *** Keyguard started
09-26 03:52:51.125  3658  4721 D WifiNative-HAL: p2pGetDeviceAddress
09-26 03:52:51.126  3658  4721 D WifiNative-HAL: p2pGetDeviceAddress returning 32:07:4d:69:a5:00
09-26 03:52:51.127  3658  3720 V KeyguardServiceDelegate: *** Keyguard connected (yay!)
09-26 03:52:51.128  3658  3719 I Sensors : Acc old sensor_state 0, new sensor_state : 1 en : 1
09-26 03:52:51.132  3658  3719 W KeyguardServiceDelegate: onScreenTurningOn(): no keyguard service!
09-26 03:52:51.148  4829  4829 D StatusBar: user hasn't seen notification about hidden notifications
09-26 03:52:51.150  4829  4829 D StatusBar: insecure lockscreen, skipping notification
09-26 03:52:51.151  3192  3192 I MediaPlayerService: MediaPlayerService::getOMX
09-26 03:52:51.151  3192  3192 I OMXClient: MuxOMX ctor
09-26 03:52:51.152  3189  4948 I OMXMaster: makeComponentInstance(OMX.google.amrwb.decoder) in mediacodec process
09-26 03:52:51.157  3192  3192 I MediaPlayerService: MediaPlayerService::getOMX
09-26 03:52:51.160  3192  3192 I OMXClient: MuxOMX ctor
09-26 03:52:51.161  3189  4948 I OMXMaster: makeComponentInstance(OMX.google.aac.decoder) in mediacodec process
09-26 03:52:51.172  4829  4829 I Choreographer: Skipped 52 frames!  The application may be doing too much work on its main thread.
09-26 03:52:51.190  4829  4829 D ViewRootImpl[StatusBar]: changeCanvasOpacity: opaque=true
09-26 03:52:51.193  3192  3192 I MediaPlayerService: MediaPlayerService::getOMX
09-26 03:52:51.197  3192  3192 I OMXClient: MuxOMX ctor
09-26 03:52:51.198  3189  3229 I OMXMaster: makeComponentInstance(OMX.google.g711.alaw.decoder) in mediacodec process
09-26 03:52:51.210  3192  3192 I MediaPlayerService: MediaPlayerService::getOMX
09-26 03:52:51.211  3192  3192 I OMXClient: MuxOMX ctor
09-26 03:52:51.211  3189  3229 I OMXMaster: makeComponentInstance(OMX.google.g711.mlaw.decoder) in mediacodec process
09-26 03:52:51.223  3192  3192 I MediaPlayerService: MediaPlayerService::getOMX
09-26 03:52:51.224  3192  3192 I OMXClient: MuxOMX ctor
09-26 03:52:51.225  3189  3229 I OMXMaster: makeComponentInstance(OMX.google.vorbis.decoder) in mediacodec process
09-26 03:52:51.242  3192  3192 I MediaPlayerService: MediaPlayerService::getOMX
09-26 03:52:51.243  3192  3192 I OMXClient: MuxOMX ctor
09-26 03:52:51.243  3189  3229 I OMXMaster: makeComponentInstance(OMX.google.opus.decoder) in mediacodec process
09-26 03:52:51.259  3192  3192 I MediaPlayerService: MediaPlayerService::getOMX
09-26 03:52:51.260  3192  3192 I OMXClient: MuxOMX ctor
09-26 03:52:51.260  3189  3229 I OMXMaster: makeComponentInstance(OMX.google.raw.decoder) in mediacodec process
09-26 03:52:51.281  3192  3192 I MediaPlayerService: MediaPlayerService::getOMX
09-26 03:52:51.282  3192  3192 I OMXClient: MuxOMX ctor
09-26 03:52:51.283  3189  3229 I OMXMaster: makeComponentInstance(OMX.google.aac.encoder) in mediacodec process
09-26 03:52:51.334  3192  3192 I MediaPlayerService: MediaPlayerService::getOMX
09-26 03:52:51.335  3192  3192 I OMXClient: MuxOMX ctor
09-26 03:52:51.335  3189  4948 I OMXMaster: makeComponentInstance(OMX.google.amrnb.encoder) in mediacodec process
09-26 03:52:51.343  4813  4920 I LatinIME:LogUtils: Dictionary info: dictionary = main:bg ; version = 1 ; date = 1457766000
09-26 03:52:51.364  3192  3192 I MediaPlayerService: MediaPlayerService::getOMX
09-26 03:52:51.365  3192  3192 I OMXClient: MuxOMX ctor
09-26 03:52:51.365  3189  4948 I OMXMaster: makeComponentInstance(OMX.google.amrwb.encoder) in mediacodec process
09-26 03:52:51.381  3658  3717 W LocalDisplayAdapter: Unable to find color mode 0, ignoring request.
09-26 03:52:51.384  3192  3192 I MediaPlayerService: MediaPlayerService::getOMX
09-26 03:52:51.385  3192  3192 I OMXClient: MuxOMX ctor
09-26 03:52:51.385  3189  4948 I OMXMaster: makeComponentInstance(OMX.google.flac.encoder) in mediacodec process
09-26 03:52:51.392  4829  4927 I OpenGLRenderer: Initialized EGL, version 1.4
09-26 03:52:51.392  4829  4927 D OpenGLRenderer: Swap behavior 1
09-26 03:52:51.404  3658  3726 W LocalDisplayAdapter: Unable to find color mode 0, ignoring request.
09-26 03:52:51.408  4813  4920 I LatinIME:LogUtils: Dictionary info: dictionary = main:cs ; version = 44 ; date = 1393228134
09-26 03:52:51.410  4829  4927 D mali_winsys: EGLint new_window_surface(egl_winsys_display*, void*, EGLSurface, EGLConfig, egl_winsys_surface**, egl_color_buffer_format*, EGLBoolean) returns 0x3000,  [1440x84]-format:1
09-26 03:52:51.421  3192  3192 I MediaPlayerService: MediaPlayerService::getOMX
09-26 03:52:51.422  3192  3192 I OMXClient: MuxOMX ctor
09-26 03:52:51.422  3189  4948 I OMXMaster: makeComponentInstance(OMX.google.gsm.decoder) in mediacodec process
09-26 03:52:51.448  3192  3192 I MediaPlayerService: MediaPlayerService::getOMX
09-26 03:52:51.449  3192  3192 I OMXClient: MuxOMX ctor
09-26 03:52:51.450  3189  4948 I OMXMaster: makeComponentInstance(OMX.ffmpeg.aac.decoder) in mediacodec process
09-26 03:52:51.450  3189  4948 V FFmpegOMXPlugin: makeComponentInstance 'OMX.ffmpeg.aac.decoder'
09-26 03:52:51.450  3189  4948 D SoftFFmpegAudio: SoftFFmpegAudio component: OMX.ffmpeg.aac.decoder mCodingType: 21
09-26 03:52:51.452  4813  4920 I LatinIME:LogUtils: Dictionary info: dictionary = main:da ; version = 44 ; date = 1393228134
09-26 03:52:51.452  4829  4927 D mali_winsys: EGLint new_window_surface(egl_winsys_display*, void*, EGLSurface, EGLConfig, egl_winsys_surface**, egl_color_buffer_format*, EGLBoolean) returns 0x3000,  [1440x168]-format:1
09-26 03:52:51.461  4829  4829 D StorageNotification: Notifying about public volume: VolumeInfo{public:179_1}:
09-26 03:52:51.461  4829  4829 D StorageNotification:     type=PUBLIC diskId=disk:179_0 partGuid=null mountFlags=0 mountUserId=0 
09-26 03:52:51.461  4829  4829 D StorageNotification:     state=MOUNTED 
09-26 03:52:51.461  4829  4829 D StorageNotification:     fsType=vfat fsUuid=4753-1B02 fsLabel=sdcard 
09-26 03:52:51.461  4829  4829 D StorageNotification:     path=/mnt/media_rw/4753-1B02 internalPath=/mnt/media_rw/4753-1B02 
09-26 03:52:51.471  3658  4722 D WifiService: New client listening to asynchronous messages
09-26 03:52:51.472  4813  4920 I LatinIME:LogUtils: Dictionary info: dictionary = main:de ; version = 54 ; date = 1414726263
09-26 03:52:51.475  4813  4920 I LatinIME:LogUtils: Dictionary info: dictionary = main:el ; version = 44 ; date = 1393228134
09-26 03:52:51.478  4813  4920 I LatinIME:LogUtils: Dictionary info: dictionary = main:en ; version = 54 ; date = 1414726273
09-26 03:52:51.485  4813  4920 I LatinIME:LogUtils: Dictionary info: dictionary = main:es ; version = 54 ; date = 1414726268
09-26 03:52:51.489  4813  4920 I LatinIME:LogUtils: Dictionary info: dictionary = main:fi ; version = 44 ; date = 1393228135
09-26 03:52:51.494  3658  3716 I ActivityManager: user 0 is still locked. Cannot load recents
09-26 03:52:51.517  3658  3717 V KeyguardServiceDelegate: **** SHOWN CALLED ****
09-26 03:52:51.520  4813  4920 I LatinIME:LogUtils: Dictionary info: dictionary = main:fr ; version = 54 ; date = 1414726264
09-26 03:52:51.548  3658  4867 W LocalDisplayAdapter: Unable to find color mode 0, ignoring request.
09-26 03:52:51.568  3658  3726 W LocalDisplayAdapter: Unable to find color mode 0, ignoring request.
09-26 03:52:51.589  3189  3229 E OMXNodeInstance: getParameter(c750025:ffmpeg.aac.decoder, ??(0x6f400005)) ERROR: UnsupportedIndex(0x8000101a)
09-26 03:52:51.589  3192  3192 W ACodec  : component OMX.ffmpeg.aac.decoder doesn't support profile query.
09-26 03:52:51.590  3192  3192 I MediaPlayerService: MediaPlayerService::getOMX
09-26 03:52:51.591  3192  3192 I OMXClient: MuxOMX ctor
09-26 03:52:51.592  3189  3189 I OMXMaster: makeComponentInstance(OMX.ffmpeg.ac3.decoder) in mediacodec process
09-26 03:52:51.592  3189  3189 V FFmpegOMXPlugin: makeComponentInstance 'OMX.ffmpeg.ac3.decoder'
09-26 03:52:51.592  3189  3189 D SoftFFmpegAudio: SoftFFmpegAudio component: OMX.ffmpeg.ac3.decoder mCodingType: 2130706434
09-26 03:52:51.593  4813  4920 I LatinIME:LogUtils: Dictionary info: dictionary = main:hr ; version = 44 ; date = 1393228135
09-26 03:52:51.596  3192  3192 I MediaPlayerService: MediaPlayerService::getOMX
09-26 03:52:51.596  3192  3192 I OMXClient: MuxOMX ctor
09-26 03:52:51.597  3189  3189 I OMXMaster: makeComponentInstance(OMX.ffmpeg.alac.decoder) in mediacodec process
09-26 03:52:51.597  3189  3189 V FFmpegOMXPlugin: makeComponentInstance 'OMX.ffmpeg.alac.decoder'
09-26 03:52:51.598  3189  3189 D SoftFFmpegAudio: SoftFFmpegAudio component: OMX.ffmpeg.alac.decoder mCodingType: 2130706437
09-26 03:52:51.600  3192  3192 I MediaPlayerService: MediaPlayerService::getOMX
09-26 03:52:51.600  3192  3192 I OMXClient: MuxOMX ctor
09-26 03:52:51.601  3189  3189 I OMXMaster: makeComponentInstance(OMX.ffmpeg.ape.decoder) in mediacodec process
09-26 03:52:51.601  3189  3189 V FFmpegOMXPlugin: makeComponentInstance 'OMX.ffmpeg.ape.decoder'
09-26 03:52:51.601  3189  3189 D SoftFFmpegAudio: SoftFFmpegAudio component: OMX.ffmpeg.ape.decoder mCodingType: 2130706435
09-26 03:52:51.603  3192  3192 I MediaPlayerService: MediaPlayerService::getOMX
09-26 03:52:51.603  3192  3192 I OMXClient: MuxOMX ctor
09-26 03:52:51.604  3189  3189 I OMXMaster: makeComponentInstance(OMX.ffmpeg.atrial.decoder) in mediacodec process
09-26 03:52:51.604  3189  3189 V FFmpegOMXPlugin: makeComponentInstance 'OMX.ffmpeg.atrial.decoder'
09-26 03:52:51.604  3189  3189 D SoftFFmpegAudio: SoftFFmpegAudio component: OMX.ffmpeg.atrial.decoder mCodingType: 1
09-26 03:52:51.605  3192  3192 I MediaPlayerService: MediaPlayerService::getOMX
09-26 03:52:51.606  3192  3192 I OMXClient: MuxOMX ctor
09-26 03:52:51.606  3189  3189 I OMXMaster: makeComponentInstance(OMX.ffmpeg.dts.decoder) in mediacodec process
09-26 03:52:51.606  3189  3189 V FFmpegOMXPlugin: makeComponentInstance 'OMX.ffmpeg.dts.decoder'
09-26 03:52:51.606  3189  3189 D SoftFFmpegAudio: SoftFFmpegAudio component: OMX.ffmpeg.dts.decoder mCodingType: 2130706436
09-26 03:52:51.608  3192  3192 I MediaPlayerService: MediaPlayerService::getOMX
09-26 03:52:51.608  3192  3192 I OMXClient: MuxOMX ctor
09-26 03:52:51.608  3189  3189 I OMXMaster: makeComponentInstance(OMX.ffmpeg.flac.decoder) in mediacodec process
09-26 03:52:51.608  3189  3189 V FFmpegOMXPlugin: makeComponentInstance 'OMX.ffmpeg.flac.decoder'
09-26 03:52:51.609  3189  3189 D SoftFFmpegAudio: SoftFFmpegAudio component: OMX.ffmpeg.flac.decoder mCodingType: 28
09-26 03:52:51.610  3658  3718 D libgps  : SendGpsExtensionMessage: Waiting for IPC connection - timeout
09-26 03:52:51.610  3658  3718 E libgps  : LIBGPS: Cannot communicate (write) with a GPSD
09-26 03:52:51.610  3658  3718 E libgps  : IPC Communication Error, ../../../../tmp/15194007_282637/allPartners/os/android/gps_interface/gpsi_client/GpsiClient.cpp:631 SendGpsExtensionMessage
09-26 03:52:51.610  3658  3718 D libgps  : agps_set_server: Waiting for IPC connection...
09-26 03:52:51.610  3192  3192 I MediaPlayerService: MediaPlayerService::getOMX
09-26 03:52:51.610  3192  3192 I OMXClient: MuxOMX ctor
09-26 03:52:51.611  3189  3189 I OMXMaster: makeComponentInstance(OMX.ffmpeg.mp2.decoder) in mediacodec process
09-26 03:52:51.611  3189  3189 V FFmpegOMXPlugin: makeComponentInstance 'OMX.ffmpeg.mp2.decoder'
09-26 03:52:51.611  3189  3189 D SoftFFmpegAudio: SoftFFmpegAudio component: OMX.ffmpeg.mp2.decoder mCodingType: 2130706433
09-26 03:52:51.613  3192  3192 I MediaPlayerService: MediaPlayerService::getOMX
09-26 03:52:51.614  3192  3192 I OMXClient: MuxOMX ctor
09-26 03:52:51.614  3189  3189 I OMXMaster: makeComponentInstance(OMX.ffmpeg.ra.decoder) in mediacodec process
09-26 03:52:51.615  3189  3189 V FFmpegOMXPlugin: makeComponentInstance 'OMX.ffmpeg.ra.decoder'
09-26 03:52:51.615  3189  3189 D SoftFFmpegAudio: SoftFFmpegAudio component: OMX.ffmpeg.ra.decoder mCodingType: 26
09-26 03:52:51.616  3192  3192 I MediaPlayerService: MediaPlayerService::getOMX
09-26 03:52:51.617  3192  3192 I OMXClient: MuxOMX ctor
09-26 03:52:51.617  3189  3189 I OMXMaster: makeComponentInstance(OMX.ffmpeg.wma.decoder) in mediacodec process
09-26 03:52:51.617  3189  3189 V FFmpegOMXPlugin: makeComponentInstance 'OMX.ffmpeg.wma.decoder'
09-26 03:52:51.617  3189  3189 D SoftFFmpegAudio: SoftFFmpegAudio component: OMX.ffmpeg.wma.decoder mCodingType: 25
09-26 03:52:51.618  3192  3192 I MediaPlayerService: MediaPlayerService::getOMX
09-26 03:52:51.619  3192  3192 I OMXClient: MuxOMX ctor
09-26 03:52:51.619  3189  3189 I OMXMaster: makeComponentInstance(OMX.ffmpeg.divx.decoder) in mediacodec process
09-26 03:52:51.619  3189  3189 V FFmpegOMXPlugin: makeComponentInstance 'OMX.ffmpeg.divx.decoder'
09-26 03:52:51.619  3189  3189 D SoftFFmpegVideo: SoftFFmpegVideo component: OMX.ffmpeg.divx.decoder codingType=2130706435 appData: 0xf66b21c0
09-26 03:52:51.620  3189  4948 E OMXNodeInstance: getExtensionIndex(c75002f:ffmpeg.divx.decoder, OMX.google.android.index.configureVideoTunnelMode) ERROR: UnsupportedIndex(0x8000101a)
09-26 03:52:51.620  3189  3189 W OMXNodeInstance: [c75002f:ffmpeg.divx.decoder] component does not support metadata mode; using fallback
09-26 03:52:51.621  3192  3192 I MediaPlayerService: MediaPlayerService::getOMX
09-26 03:52:51.622  3192  3192 I OMXClient: MuxOMX ctor
09-26 03:52:51.622  3189  3189 I OMXMaster: makeComponentInstance(OMX.ffmpeg.flv1.decoder) in mediacodec process
09-26 03:52:51.622  3189  3189 V FFmpegOMXPlugin: makeComponentInstance 'OMX.ffmpeg.flv1.decoder'
09-26 03:52:51.622  3189  3189 D SoftFFmpegVideo: SoftFFmpegVideo component: OMX.ffmpeg.flv1.decoder codingType=2130706434 appData: 0xf66b2a80
09-26 03:52:51.623  3189  4948 E OMXNodeInstance: getExtensionIndex(c750030:ffmpeg.flv1.decoder, OMX.google.android.index.configureVideoTunnelMode) ERROR: UnsupportedIndex(0x8000101a)
09-26 03:52:51.623  3189  3189 W OMXNodeInstance: [c750030:ffmpeg.flv1.decoder] component does not support metadata mode; using fallback
09-26 03:52:51.624  3192  3192 I MediaPlayerService: MediaPlayerService::getOMX
09-26 03:52:51.625  3192  3192 I OMXClient: MuxOMX ctor
09-26 03:52:51.625  3189  3189 I OMXMaster: makeComponentInstance(OMX.ffmpeg.mpeg2.decoder) in mediacodec process
09-26 03:52:51.625  3189  3189 V FFmpegOMXPlugin: makeComponentInstance 'OMX.ffmpeg.mpeg2.decoder'
09-26 03:52:51.625  3189  3189 D SoftFFmpegVideo: SoftFFmpegVideo component: OMX.ffmpeg.mpeg2.decoder codingType=2 appData: 0xf66b2b60
09-26 03:52:51.626  3189  4948 E OMXNodeInstance: getExtensionIndex(c750031:ffmpeg.mpeg2.decoder, OMX.google.android.index.configureVideoTunnelMode) ERROR: UnsupportedIndex(0x8000101a)
09-26 03:52:51.627  3189  3189 W OMXNodeInstance: [c750031:ffmpeg.mpeg2.decoder] component does not support metadata mode; using fallback
09-26 03:52:51.628  3192  3192 I MediaPlayerService: MediaPlayerService::getOMX
09-26 03:52:51.630  3192  3192 I OMXClient: MuxOMX ctor
09-26 03:52:51.631  3189  3189 I OMXMaster: makeComponentInstance(OMX.ffmpeg.mpeg4.decoder) in mediacodec process
09-26 03:52:51.631  3189  3189 V FFmpegOMXPlugin: makeComponentInstance 'OMX.ffmpeg.mpeg4.decoder'
09-26 03:52:51.631  3189  3189 D SoftFFmpegVideo: SoftFFmpegVideo component: OMX.ffmpeg.mpeg4.decoder codingType=4 appData: 0xf66b2c40
09-26 03:52:51.633  3189  3229 E OMXNodeInstance: getExtensionIndex(c750032:ffmpeg.mpeg4.decoder, OMX.google.android.index.configureVideoTunnelMode) ERROR: UnsupportedIndex(0x8000101a)
09-26 03:52:51.633  3189  5067 W OMXNodeInstance: [c750032:ffmpeg.mpeg4.decoder] component does not support metadata mode; using fallback
09-26 03:52:51.634  3192  3192 I MediaPlayerService: MediaPlayerService::getOMX
09-26 03:52:51.634  3192  3192 I OMXClient: MuxOMX ctor
09-26 03:52:51.634  3189  5067 I OMXMaster: makeComponentInstance(OMX.ffmpeg.rv.decoder) in mediacodec process
09-26 03:52:51.634  3189  5067 V FFmpegOMXPlugin: makeComponentInstance 'OMX.ffmpeg.rv.decoder'
09-26 03:52:51.635  3189  5067 D SoftFFmpegVideo: SoftFFmpegVideo component: OMX.ffmpeg.rv.decoder codingType=6 appData: 0xf66b2b60
09-26 03:52:51.636  3189  3229 E OMXNodeInstance: getExtensionIndex(c750033:ffmpeg.rv.decoder, OMX.google.android.index.configureVideoTunnelMode) ERROR: UnsupportedIndex(0x8000101a)
09-26 03:52:51.636  3189  5067 W OMXNodeInstance: [c750033:ffmpeg.rv.decoder] component does not support metadata mode; using fallback
09-26 03:52:51.637  3192  3192 I MediaPlayerService: MediaPlayerService::getOMX
09-26 03:52:51.637  3192  3192 I OMXClient: MuxOMX ctor
09-26 03:52:51.637  3189  5067 I OMXMaster: makeComponentInstance(OMX.ffmpeg.vc1.decoder) in mediacodec process
09-26 03:52:51.637  3189  5067 V FFmpegOMXPlugin: makeComponentInstance 'OMX.ffmpeg.vc1.decoder'
09-26 03:52:51.638  3189  5067 D SoftFFmpegVideo: SoftFFmpegVideo component: OMX.ffmpeg.vc1.decoder codingType=2130706433 appData: 0xf66b2a80
09-26 03:52:51.639  3189  3229 E OMXNodeInstance: getExtensionIndex(c750034:ffmpeg.vc1.decoder, OMX.google.android.index.configureVideoTunnelMode) ERROR: UnsupportedIndex(0x8000101a)
09-26 03:52:51.639  3189  5067 W OMXNodeInstance: [c750034:ffmpeg.vc1.decoder] component does not support metadata mode; using fallback
09-26 03:52:51.640  4813  4920 I LatinIME:LogUtils: Dictionary info: dictionary = main:hu ; version = 1 ; date = 1473269900
09-26 03:52:51.641  3192  3192 I MediaPlayerService: MediaPlayerService::getOMX
09-26 03:52:51.642  3192  3192 I OMXClient: MuxOMX ctor
09-26 03:52:51.642  3189  5067 I OMXMaster: makeComponentInstance(OMX.ffmpeg.vtrial.decoder) in mediacodec process
09-26 03:52:51.642  3189  5067 V FFmpegOMXPlugin: makeComponentInstance 'OMX.ffmpeg.vtrial.decoder'
09-26 03:52:51.642  3189  5067 D SoftFFmpegVideo: SoftFFmpegVideo component: OMX.ffmpeg.vtrial.decoder codingType=1 appData: 0xf66b21c0
09-26 03:52:51.644  3189  3229 E OMXNodeInstance: getExtensionIndex(c750035:ffmpeg.vtrial.decoder, OMX.google.android.index.configureVideoTunnelMode) ERROR: UnsupportedIndex(0x8000101a)
09-26 03:52:51.644  3189  5067 W OMXNodeInstance: [c750035:ffmpeg.vtrial.decoder] component does not support metadata mode; using fallback
09-26 03:52:51.645  3192  3192 I MediaPlayerService: MediaPlayerService::getOMX
09-26 03:52:51.645  3192  3192 I OMXClient: MuxOMX ctor
09-26 03:52:51.646  3189  4948 I OMXMaster: makeComponentInstance(OMX.ffmpeg.wmv.decoder) in mediacodec process
09-26 03:52:51.646  3189  4948 V FFmpegOMXPlugin: makeComponentInstance 'OMX.ffmpeg.wmv.decoder'
09-26 03:52:51.646  3189  4948 D SoftFFmpegVideo: SoftFFmpegVideo component: OMX.ffmpeg.wmv.decoder codingType=5 appData: 0xf66b22a0
09-26 03:52:51.648  3189  3229 E OMXNodeInstance: getExtensionIndex(c750036:ffmpeg.wmv.decoder, OMX.google.android.index.configureVideoTunnelMode) ERROR: UnsupportedIndex(0x8000101a)
09-26 03:52:51.649  3189  4948 W OMXNodeInstance: [c750036:ffmpeg.wmv.decoder] component does not support metadata mode; using fallback
09-26 03:52:51.650  3192  3192 I MediaPlayerService: MediaPlayerService::getOMX
09-26 03:52:51.651  3192  3192 I OMXClient: MuxOMX ctor
09-26 03:52:51.651  3192  3192 W MediaCodecList: unable to open media codecs configuration xml file: /etc/media_codecs_performance.xml
09-26 03:52:51.651  3192  3192 I MediaPlayerService: MediaPlayerService::getOMX
09-26 03:52:51.652  3192  3192 I OMXClient: MuxOMX ctor
09-26 03:52:51.652  3192  3192 W MediaCodecList: unable to open media codecs configuration xml file: /data/misc/media/media_codecs_profiling_results.xml
09-26 03:52:51.653  3192  3192 I MediaPlayerService: MediaPlayerService::getOMX
09-26 03:52:51.653  3192  3258 I MediaPlayerService: MediaPlayerService::getOMX
09-26 03:52:51.654  4829  4901 I OMXClient: MuxOMX ctor
09-26 03:52:51.654  3658  4890 I OMXClient: MuxOMX ctor
09-26 03:52:51.656  3189  3229 I OMXMaster: makeComponentInstance(OMX.google.vorbis.decoder) in mediacodec process
09-26 03:52:51.657  3189  3189 I OMXMaster: makeComponentInstance(OMX.google.vorbis.decoder) in mediacodec process
09-26 03:52:51.668  4813  4920 I LatinIME:LogUtils: Dictionary info: dictionary = main:it ; version = 54 ; date = 1414726258
09-26 03:52:51.724  4813  4920 I LatinIME:LogUtils: Dictionary info: dictionary = main:iw ; version = 44 ; date = 1393228136
09-26 03:52:51.731  3192  4908 I MediaPlayerService: MediaPlayerService::getOMX
09-26 03:52:51.731  3192  5189 I MediaPlayerService: MediaPlayerService::getOMX
09-26 03:52:51.732  4829  5197 I OMXClient: MuxOMX ctor
09-26 03:52:51.732  3658  5196 I OMXClient: MuxOMX ctor
09-26 03:52:51.733  3189  5067 I OMXMaster: makeComponentInstance(OMX.google.vorbis.decoder) in mediacodec process
09-26 03:52:51.735  3189  3229 I OMXMaster: makeComponentInstance(OMX.google.vorbis.decoder) in mediacodec process
09-26 03:52:51.753  4813  4920 I LatinIME:LogUtils: Dictionary info: dictionary = main:lb ; version = 1 ; date = 1380519383
09-26 03:52:51.810  4829  4829 D PhoneStatusBar: disable: < expand* icons alerts system_info back* home* recent* clock search* quick_settings >
09-26 03:52:51.813  4813  4920 I LatinIME:LogUtils: Dictionary info: dictionary = main:nb ; version = 44 ; date = 1393228136
09-26 03:52:51.824  3192  4908 I MediaPlayerService: MediaPlayerService::getOMX
09-26 03:52:51.825  3658  5202 I OMXClient: MuxOMX ctor
09-26 03:52:51.827  3189  3229 I OMXMaster: makeComponentInstance(OMX.google.vorbis.decoder) in mediacodec process
09-26 03:52:51.846  4813  4920 I LatinIME:LogUtils: Dictionary info: dictionary = main:nl ; version = 44 ; date = 1393228136
09-26 03:52:51.856  3192  4908 I MediaPlayerService: MediaPlayerService::getOMX
09-26 03:52:51.857  4829  5205 I OMXClient: MuxOMX ctor
09-26 03:52:51.859  3189  5067 I OMXMaster: makeComponentInstance(OMX.google.vorbis.decoder) in mediacodec process
09-26 03:52:51.867  4813  4920 I LatinIME:LogUtils: Dictionary info: dictionary = main:ru ; version = 54 ; date = 1414726277
09-26 03:52:51.876  4813  4920 I LatinIME:LogUtils: Dictionary info: dictionary = main:sv ; version = 44 ; date = 1393228154
09-26 03:52:51.900  3192  4908 I MediaPlayerService: MediaPlayerService::getOMX
09-26 03:52:51.901  3658  5208 I OMXClient: MuxOMX ctor
09-26 03:52:51.905  3189  3229 I OMXMaster: makeComponentInstance(OMX.google.vorbis.decoder) in mediacodec process
09-26 03:52:51.910  4976  4976 E TelephonyProvider: dbh.selectConflictingRow: Expected 1 but found 0 matching rows found for cv mnc=10 sub_id=-1 bearer_bitmask=0 numeric=24010 name=Spring data mcc=240 apn=data.springmobil.se type=default,supl
09-26 03:52:51.911  4813  4920 I LatinIME:LogUtils: Dictionary info: dictionary = main:uk ; version = 1 ; date = 1376495808
09-26 03:52:51.921  4976  4976 E TelephonyProvider: dbh.selectConflictingRow: Expected 1 but found 0 matching rows found for cv password= mnc=03 sub_id=-1 bearer_bitmask=0 mmsc= proxy= numeric=24403 name=Telia ISP GPRS port= mcc=244 apn=internet type=default,supl user=
09-26 03:52:51.929  4976  4976 E TelephonyProvider: dbh.selectConflictingRow: Expected 1 but found 0 matching rows found for cv password= sub_id=-1 bearer_bitmask=0 numeric=24405 mmsc= authtype=1 user= mnc=05 proxy= name=Saunalahti Internet port= mcc=244 apn=internet type=default,supl
09-26 03:52:51.932  4976  4976 E TelephonyProvider: dbh.selectConflictingRow: Expected 1 but found 0 matching rows found for cv password= sub_id=-1 bearer_bitmask=0 numeric=24405 mmsc=http://mms.elisa.fi authtype=1 user= mnc=05 mmsport=80 proxy= mmsproxy=213.161.41.57 name=Saunalahti MMS port= mcc=244 apn=mms type=mms
09-26 03:52:51.945  4813  4920 I BinaryDictionaryFileDumper: reinitializeClientRecordInDictionaryContentProvider() : Insert DictionaryInfo : Id = 'main:bg' : Locale=bg : Version=1
09-26 03:52:51.946  4976  4976 E TelephonyProvider: dbh.selectConflictingRow: Expected 1 but found 0 matching rows found for cv password= mnc=12 sub_id=-1 bearer_bitmask=0 mmsc= proxy= numeric=24412 name=Optimi Internet port= mcc=244 apn=internet.dicame.fi type=default,supl user=
09-26 03:52:51.948  4976  4976 E TelephonyProvider: dbh.selectConflictingRow: Expected 1 but found 0 matching rows found for cv password= sub_id=-1 bearer_bitmask=0 numeric=24412 mmsc=http://mmsc.dicame.fi user= mnc=12 mmsport=8080 proxy= mmsproxy=10.1.1.15 name=Optimi MMS port= mcc=244 apn=mms.dicame.fi type=mms
09-26 03:52:51.950  4976  4976 E TelephonyProvider: dbh.selectConflictingRow: Expected 1 but found 0 matching rows found for cv password= mnc=12 sub_id=-1 bearer_bitmask=0 mmsc= proxy= numeric=24412 name=Finora Internet port= mcc=244 apn=internet.setera.fi type=default,supl user=
09-26 03:52:51.952  4976  4976 E TelephonyProvider: dbh.selectConflictingRow: Expected 1 but found 0 matching rows found for cv password= sub_id=-1 bearer_bitmask=0 numeric=24412 mmsc=http://mmsc.setera.fi user= mnc=12 mmsport=8080 proxy= mmsproxy=10.1.11.2 name=Finora MMS port= mcc=244 apn=mms.setera.fi type=mms
09-26 03:52:51.956  3192  5189 I MediaPlayerService: MediaPlayerService::getOMX
09-26 03:52:51.957  3658  5211 I OMXClient: MuxOMX ctor
09-26 03:52:51.958  3189  4948 I OMXMaster: makeComponentInstance(OMX.google.vorbis.decoder) in mediacodec process
09-26 03:52:51.959  4976  4976 E TelephonyProvider: dbh.selectConflictingRow: Expected 1 but found 0 matching rows found for cv password= mnc=91 sub_id=-1 bearer_bitmask=0 mmsc= proxy= numeric=24491 name=Tele Finland Internet port= mcc=244 apn=internet type=default,supl user=
09-26 03:52:51.961  4976  4976 E TelephonyProvider: dbh.selectConflictingRow: Expected 1 but found 0 matching rows found for cv password= sub_id=-1 bearer_bitmask=0 numeric=24491 mmsc=http://mms.sonera.fi:8002 user= mnc=91 mmsport=80 proxy= mmsproxy=195.156.25.33 name=Tele Finland MMS port= mcc=244 apn=wap.sonera.net type=mms
09-26 03:52:51.990  4976  4976 E TelephonyProvider: dbh.selectConflictingRow: Expected 1 but found 0 matching rows found for cv password=any mnc=07 sub_id=-1 bearer_bitmask=0 mmsc= proxy= numeric=25007 name=internet port= mcc=250 apn=internet.smarts.ru type=default,supl user=any
09-26 03:52:52.010  4813  4920 I BinaryDictionaryFileDumper: reinitializeClientRecordInDictionaryContentProvider() : Insert DictionaryInfo : Id = 'main:cs' : Locale=cs : Version=44
09-26 03:52:52.016  4976  4976 E TelephonyProvider: dbh.selectConflictingRow: Expected 1 but found 0 matching rows found for cv password= mnc=01 sub_id=-1 bearer_bitmask=0 numeric=25501 name=Mobile GPRS Internet mcc=255 apn=internet type=default,supl user=
09-26 03:52:52.023  4976  4976 E TelephonyProvider: dbh.selectConflictingRow: Expected 1 but found 0 matching rows found for cv password=mms sub_id=-1 bearer_bitmask=0 numeric=25503 mmsc=http://mms.kyivstar.net user=mms mnc=03 mmsport=8080 proxy= mmsproxy=10.10.10.10 name=Ace_Base MMS port= mcc=255 apn=mms.kyivstar.net type=mms
09-26 03:52:52.024  4976  4976 E TelephonyProvider: dbh.selectConflictingRow: Expected 1 but found 0 matching rows found for cv password= mnc=03 sub_id=-1 bearer_bitmask=0 mmsc= proxy= numeric=25503 name=Ace_Base port= mcc=255 apn=www.ab.kyivstar.net type=default,supl user=
09-26 03:52:52.038  3192  4908 I MediaPlayerService: MediaPlayerService::getOMX
09-26 03:52:52.039  3658  5214 I OMXClient: MuxOMX ctor
09-26 03:52:52.040  3189  3229 I OMXMaster: makeComponentInstance(OMX.google.vorbis.decoder) in mediacodec process
09-26 03:52:52.043  4976  4976 E TelephonyProvider: dbh.selectConflictingRow: Expected 1 but found 0 matching rows found for cv password=eramms sub_id=-1 bearer_bitmask=0 numeric=26002 mmsc=http://mms.era.pl/servlets/mms user=eramms mnc=02 mmsport=8080 mmsproxy=213.158.194.226 name=Era MMS server=* mcc=260 apn=eramms type=mms
09-26 03:52:52.045  4976  4976 E TelephonyProvider: dbh.selectConflictingRow: Expected 1 but found 0 matching rows found for cv password=erainternet mnc=02 sub_id=-1 bearer_bitmask=0 numeric=26002 name=Era Internet mcc=260 apn=erainternet type=default,supl user=erainternet
09-26 03:52:52.049  4976  4976 E TelephonyProvider: dbh.selectConflictingRow: Expected 1 but found 0 matching rows found for cv password= mnc=02 sub_id=-1 bearer_bitmask=0 mmsc= proxy= numeric=26002 name=T-Mobile.pl INTERNET port= mcc=260 apn=internet type=default,supl user=
09-26 03:52:52.052  4976  4976 E TelephonyProvider: dbh.selectConflictingRow: Expected 1 but found 0 matching rows found for cv password= mnc=02 sub_id=-1 bearer_bitmask=0 mmsc= proxy= numeric=26002 name=Heyah INTERNET port= mcc=260 apn=heyah.pl type=default,supl user=
09-26 03:52:52.056  4976  4976 E TelephonyProvider: dbh.selectConflictingRow: Expected 1 but found 0 matching rows found for cv password=internet mnc=03 sub_id=-1 bearer_bitmask=0 numeric=26003 name=Orange PL mcc=260 apn=internet type=default,supl user=internet
09-26 03:52:52.060  4976  4976 E TelephonyProvider: dbh.selectConflictingRow: Expected 1 but found 0 matching rows found for cv password= sub_id=-1 bearer_bitmask=0 numeric=26006 mmsc=http://10.10.28.164/mms/wapenc user= mnc=06 mmsport=8080 proxy= mmsproxy=10.10.25.5 name=Play MMS port= mcc=260 apn=mms type=mms
09-26 03:52:52.071  4976  4976 E TelephonyProvider: dbh.selectConflictingRow: Expected 1 but found 0 matching rows found for cv password=blau mnc=03 sub_id=-1 bearer_bitmask=0 numeric=26203 name=blau DE mcc=262 apn=internet.eplus.de type=default,supl user=blau
09-26 03:52:52.073  4976  4976 E TelephonyProvider: dbh.selectConflictingRow: Expected 1 but found 0 matching rows found for cv password=internet mnc=03 sub_id=-1 bearer_bitmask=0 numeric=26203 name=E-Plus Internet mcc=262 apn=internet.eplus.de type=default,supl user=eplus
09-26 03:52:52.075  4976  4976 E TelephonyProvider: dbh.selectConflictingRow: Expected 1 but found 0 matching rows found for cv password=eplus mnc=03 mmsport=5080 sub_id=-1 bearer_bitmask=0 mmsc=http://mms/eplus/ mmsproxy=212.23.97.153 numeric=26203 name=E-Plus MMS mcc=262 apn=mms.eplus.de type=mms user=mms
09-26 03:52:52.081  4976  4976 E TelephonyProvider: dbh.selectConflictingRow: Expected 1 but found 0 matching rows found for cv password=tm sub_id=-1 bearer_bitmask=0 numeric=26206 mmsc=http://mms.t-mobile.de/servlets/mms user=t-mobile mnc=06 mmsport=8008 proxy= mmsproxy=172.28.23.131 name=T-Mobile Internet port= mcc=262 apn=internet.t-mobile type=default,supl,mms
09-26 03:52:52.085  4813  4920 I BinaryDictionaryFileDumper: reinitializeClientRecordInDictionaryContentProvider() : Insert DictionaryInfo : Id = 'main:da' : Locale=da : Version=44
09-26 03:52:52.092  3185  3397 I APM_AudioPolicyManager: setForceUse() usage 0, config 0, mPhoneState 0
09-26 03:52:52.092  3185  3397 W APM_AudioPolicyManager: setForceUse() usage 0, config 0 is Already setted
09-26 03:52:52.093  3185  3185 I APM_AudioPolicyManager: setForceUse() usage 2, config 0, mPhoneState 0
09-26 03:52:52.093  3185  3185 W APM_AudioPolicyManager: setForceUse() usage 2, config 0 is Already setted
09-26 03:52:52.095  4976  4976 E TelephonyProvider: dbh.selectConflictingRow: Expected 1 but found 0 matching rows found for cv password= sub_id=-1 bearer_bitmask=0 numeric=26208 mmsc=http://10.81.0.7:8002 user= mnc=08 mmsport=8080 proxy= mmsproxy=82.113.100.5 name=O2 port= mcc=262 apn=internet type=default,supl,mms
09-26 03:52:52.107  4976  4976 E TelephonyProvider: dbh.selectConflictingRow: Expected 1 but found 0 matching rows found for cv password= sub_id=-1 bearer_bitmask=0 numeric=26803 mmsc= authtype=1 user= mnc=03 proxy= name=PT - Optimus Web port= mcc=268 apn=umts type=default,supl
09-26 03:52:52.115  4976  4976 E TelephonyProvider: dbh.selectConflictingRow: Expected 1 but found 0 matching rows found for cv password=vodafone mnc=01 sub_id=-1 bearer_bitmask=0 mmsc= proxy= numeric=27201 name=Vodafone IE-ISP port= mcc=272 apn=isp.vodafone.ie type=default,supl user=vodafone
09-26 03:52:52.118  4976  4976 E TelephonyProvider: dbh.selectConflictingRow: Expected 1 but found 0 matching rows found for cv password= sub_id=-1 bearer_bitmask=0 numeric=27201 mmsc=http://www.vodafone.ie/mms user= mnc=01 mmsport=80 proxy= mmsproxy=10.24.59.200 name=Vodafone IE-MMS port= mcc=272 apn=mms.vodafone.net type=mms
09-26 03:52:52.124  4976  4976 E TelephonyProvider: dbh.selectConflictingRow: Expected 1 but found 0 matching rows found for cv password= sub_id=-1 bearer_bitmask=0 numeric=27205 mmsc=http://mms.um.3ireland.ie:10021/mmsc user= mnc=05 mmsport=8799 proxy= mmsproxy=mms.3ireland.ie name=3 Ireland port= mcc=272 apn=3ireland.ie type=default,supl,mms
09-26 03:52:52.139  4976  4976 E TelephonyProvider: dbh.selectConflictingRow: Expected 1 but found 0 matching rows found for cv password= sub_id=-1 bearer_bitmask=0 numeric=28305 mmsc=http://mms.vivacell.am/mmsc user= mnc=05 mmsport=8080 proxy= mmsproxy=83.217.226.72 name=VivaCell MMS port= mcc=283 apn=mms.vivacell.am type=mms
09-26 03:52:52.154  4813  4920 I BinaryDictionaryFileDumper: reinitializeClientRecordInDictionaryContentProvider() : Insert DictionaryInfo : Id = 'main:de' : Locale=de : Version=54
