11-14 00:40:40.601  3614  3614 I PackageManager.DexOptimizer: Running dexopt (dex2oat) on: /system/priv-app/Contacts/Contacts.apk pkg=com.android.contacts isa=arm64 vmSafeMode=false debuggable=false target-filter=interpret-only oatDir = null sharedLibraries=null
11-14 00:40:40.634  4176  4176 I dex2oat : /system/bin/dex2oat --compiler-filter=interpret-only
11-14 00:40:41.001  4176  4176 I dex2oat : dex2oat took 367.628ms (threads: 8) arena alloc=26KB (26656B) java alloc=3MB (4049168B) native alloc=4MB (4265704B) free=2MB (3074328B)
11-14 00:40:41.005  3614  3614 I PackageManager.DexOptimizer: Running dexopt (dex2oat) on: /system/app/Camera2/Camera2.apk pkg=com.android.camera2 isa=arm64 vmSafeMode=false debuggable=false target-filter=interpret-only oatDir = null sharedLibraries=null
11-14 00:40:41.039  4185  4185 I dex2oat : /system/bin/dex2oat --compiler-filter=interpret-only
11-14 00:40:41.407  4185  4185 I dex2oat : dex2oat took 368.675ms (threads: 8) arena alloc=14KB (14728B) java alloc=2MB (2791248B) native alloc=4MB (4353704B) free=2MB (2986328B)
11-14 00:40:41.413  3614  3614 I PackageManager.DexOptimizer: Running dexopt (dex2oat) on: /system/priv-app/Recorder/Recorder.apk pkg=org.lineageos.recorder isa=arm64 vmSafeMode=false debuggable=false target-filter=interpret-only oatDir = null sharedLibraries=null
11-14 00:40:41.463  4195  4195 I dex2oat : /system/bin/dex2oat --compiler-filter=interpret-only
11-14 00:40:41.605  4195  4203 W dex2oat : Before Android 4.1, method android.graphics.PorterDuffColorFilter android.support.graphics.drawable.VectorDrawableCompat.updateTintFilter(android.graphics.PorterDuffColorFilter, android.content.res.ColorStateList, android.graphics.PorterDuff$Mode) would have incorrectly overridden the package-private method in android.graphics.drawable.Drawable
11-14 00:40:41.630  4195  4195 W dex2oat : Before Android 4.1, method int android.support.v7.widget.ListViewCompat.lookForSelectablePosition(int, boolean) would have incorrectly overridden the package-private method in android.widget.ListView
11-14 00:40:41.806  4195  4195 I dex2oat : dex2oat took 344.227ms (threads: 8) arena alloc=13KB (13456B) java alloc=2MB (2809784B) native alloc=2MB (2506376B) free=3MB (3260792B)
11-14 00:40:41.813  3614  3614 I PackageManager.DexOptimizer: Running dexopt (dex2oat) on: /system/app/EasterEgg/EasterEgg.apk pkg=com.android.egg isa=arm64 vmSafeMode=false debuggable=false target-filter=interpret-only oatDir = null sharedLibraries=null
11-14 00:40:41.862  4204  4204 I dex2oat : /system/bin/dex2oat --compiler-filter=interpret-only
11-14 00:40:42.013  4204  4211 W dex2oat : Before Android 4.1, method double java.util.concurrent.ThreadLocalRandom.internalNextDouble(double, double) would have incorrectly overridden the package-private method in java.util.Random
11-14 00:40:42.014  4204  4211 W dex2oat : Before Android 4.1, method int java.util.concurrent.ThreadLocalRandom.internalNextInt(int, int) would have incorrectly overridden the package-private method in java.util.Random
11-14 00:40:42.014  4204  4211 W dex2oat : Before Android 4.1, method long java.util.concurrent.ThreadLocalRandom.internalNextLong(long, long) would have incorrectly overridden the package-private method in java.util.Random
11-14 00:40:42.111  4204  4204 I dex2oat : dex2oat took 249.619ms (threads: 8) arena alloc=13KB (14176B) java alloc=582KB (596816B) native alloc=1249KB (1279928B) free=3MB (3962952B)
11-14 00:40:42.117  3614  3614 I PackageManager.DexOptimizer: Running dexopt (dex2oat) on: /system/priv-app/MtpDocumentsProvider/MtpDocumentsProvider.apk pkg=com.android.mtp isa=arm64 vmSafeMode=false debuggable=false target-filter=interpret-only oatDir = null sharedLibraries=null
11-14 00:40:42.154  4214  4214 I dex2oat : /system/bin/dex2oat --compiler-filter=interpret-only
11-14 00:40:42.262  4214  4214 I dex2oat : dex2oat took 109.061ms (threads: 8) arena alloc=25KB (26568B) java alloc=214KB (219904B) native alloc=1223KB (1253192B) free=2MB (2941112B)
11-14 00:40:42.269  3614  3614 I PackageManager.DexOptimizer: Running dexopt (dex2oat) on: /system/app/NfcNci/NfcNci.apk pkg=com.android.nfc isa=arm64 vmSafeMode=false debuggable=false target-filter=interpret-only oatDir = null sharedLibraries=null
11-14 00:40:42.316  4223  4223 I dex2oat : /system/bin/dex2oat --compiler-filter=interpret-only
11-14 00:40:42.731  4223  4223 I dex2oat : dex2oat took 415.673ms (threads: 8) arena alloc=23KB (24120B) java alloc=2033KB (2082632B) native alloc=3MB (3213408B) free=4MB (5175200B)
11-14 00:40:42.735  3614  3614 I PackageManager.DexOptimizer: Running dexopt (dex2oat) on: /system/app/Stk/Stk.apk pkg=com.android.stk isa=arm64 vmSafeMode=false debuggable=false target-filter=interpret-only oatDir = null sharedLibraries=null
11-14 00:40:42.769  4232  4232 I dex2oat : /system/bin/dex2oat --compiler-filter=interpret-only
11-14 00:40:42.890  4232  4232 I dex2oat : dex2oat took 121.082ms (threads: 8) arena alloc=19KB (19944B) java alloc=350KB (359000B) native alloc=1264KB (1294592B) free=3MB (3948288B)
11-14 00:40:42.896  3614  3614 I PackageManager.DexOptimizer: Running dexopt (dex2oat) on: /system/priv-app/BackupRestoreConfirmation/BackupRestoreConfirmation.apk pkg=com.android.backupconfirm isa=arm64 vmSafeMode=false debuggable=false target-filter=interpret-only oatDir = null sharedLibraries=null
11-14 00:40:42.944  4241  4241 I dex2oat : /system/bin/dex2oat --compiler-filter=interpret-only
11-14 00:40:43.042  4241  4241 I dex2oat : dex2oat took 98.606ms (threads: 8) arena alloc=6KB (6336B) java alloc=142KB (145480B) native alloc=1026KB (1051528B) free=1533KB (1569912B)
11-14 00:40:43.048  3614  3614 I PackageManager.DexOptimizer: Running dexopt (dex2oat) on: /system/app/Profiles/Profiles.apk pkg=org.cyanogenmod.profiles isa=arm64 vmSafeMode=false debuggable=false target-filter=interpret-only oatDir = null sharedLibraries=null
11-14 00:40:43.092  4250  4250 I dex2oat : /system/bin/dex2oat --compiler-filter=interpret-only
11-14 00:40:43.227  4250  4250 I dex2oat : dex2oat took 135.612ms (threads: 8) arena alloc=10KB (10448B) java alloc=286KB (292984B) native alloc=1352KB (1384640B) free=2MB (2809664B)
11-14 00:40:43.237  3614  3614 I PackageManager.DexOptimizer: Running dexopt (dex2oat) on: /system/app/LockClock/LockClock.apk pkg=com.cyanogenmod.lockclock isa=arm64 vmSafeMode=false debuggable=false target-filter=interpret-only oatDir = null sharedLibraries=null
11-14 00:40:43.284  4259  4259 I dex2oat : /system/bin/dex2oat --compiler-filter=interpret-only
11-14 00:40:43.489  4259  4259 I dex2oat : dex2oat took 206.251ms (threads: 8) arena alloc=27KB (28632B) java alloc=631KB (647152B) native alloc=940KB (963424B) free=3MB (3230880B)
11-14 00:40:43.495  3614  3614 I PackageManager.DexOptimizer: Running dexopt (dex2oat) on: /system/priv-app/StatementService/StatementService.apk pkg=com.android.statementservice isa=arm64 vmSafeMode=false debuggable=false target-filter=interpret-only oatDir = null sharedLibraries=null
11-14 00:40:43.536  4268  4268 I dex2oat : /system/bin/dex2oat --compiler-filter=interpret-only
11-14 00:40:43.645  4268  4268 I dex2oat : dex2oat took 110.071ms (threads: 8) arena alloc=10KB (10792B) java alloc=184KB (189112B) native alloc=1289KB (1320672B) free=2MB (2873632B)
11-14 00:40:43.651  3614  3614 I PackageManager.DexOptimizer: Running dexopt (dex2oat) on: /system/app/AdvancedDisplay/AdvancedDisplay.apk pkg=com.cyanogenmod.settings.device isa=arm64 vmSafeMode=false debuggable=false target-filter=interpret-only oatDir = null sharedLibraries=null
11-14 00:40:43.693  4277  4277 I dex2oat : /system/bin/dex2oat --compiler-filter=interpret-only
11-14 00:40:43.823  4277  4277 W dex2oat : Before Android 4.1, method android.graphics.PorterDuffColorFilter android.support.graphics.drawable.VectorDrawableCompat.updateTintFilter(android.graphics.PorterDuffColorFilter, android.content.res.ColorStateList, android.graphics.PorterDuff$Mode) would have incorrectly overridden the package-private method in android.graphics.drawable.Drawable
11-14 00:40:43.845  4277  4284 W dex2oat : Before Android 4.1, method int android.support.v7.widget.ListViewCompat.lookForSelectablePosition(int, boolean) would have incorrectly overridden the package-private method in android.widget.ListView
11-14 00:40:44.017  4277  4277 I dex2oat : dex2oat took 324.938ms (threads: 8) arena alloc=16KB (16648B) java alloc=2MB (2810224B) native alloc=2MB (2605920B) free=4MB (4209824B)
11-14 00:40:44.022  3614  3614 I PackageManager.DexOptimizer: Running dexopt (dex2oat) on: /system/priv-app/CMAudioService/CMAudioService.apk pkg=org.cyanogenmod.cmaudio.service isa=arm64 vmSafeMode=false debuggable=false target-filter=interpret-only oatDir = null sharedLibraries=null
11-14 00:40:44.057  4286  4286 I dex2oat : /system/bin/dex2oat --compiler-filter=interpret-only
11-14 00:40:44.214  4286  4286 I dex2oat : dex2oat took 157.592ms (threads: 8) arena alloc=17KB (17528B) java alloc=654KB (670080B) native alloc=1140KB (1167728B) free=3MB (4075152B)
11-14 00:40:44.217  3614  3614 I PackageManager.DexOptimizer: Running dexopt (dex2oat) on: /system/app/Calendar/Calendar.apk pkg=com.android.calendar isa=arm64 vmSafeMode=false debuggable=false target-filter=interpret-only oatDir = null sharedLibraries=null
11-14 00:40:44.257  4295  4295 I dex2oat : /system/bin/dex2oat --compiler-filter=interpret-only
11-14 00:40:44.543  4295  4295 I dex2oat : dex2oat took 287.261ms (threads: 8) arena alloc=22KB (23344B) java alloc=2MB (2642584B) native alloc=2MB (2284984B) free=3MB (4006472B)
11-14 00:40:44.548  3614  3614 I PackageManager.DexOptimizer: Running dexopt (dex2oat) on: /system/priv-app/SharedStorageBackup/SharedStorageBackup.apk pkg=com.android.sharedstoragebackup isa=arm64 vmSafeMode=false debuggable=false target-filter=interpret-only oatDir = null sharedLibraries=null
11-14 00:40:44.583  4304  4304 I dex2oat : /system/bin/dex2oat --compiler-filter=interpret-only
11-14 00:40:44.674  4304  4304 I dex2oat : dex2oat took 92.021ms (threads: 8) arena alloc=16KB (16624B) java alloc=76KB (78464B) native alloc=999KB (1023832B) free=1560KB (1597608B)
11-14 00:40:44.680  3614  3614 I PackageManager.DexOptimizer: Running dexopt (dex2oat) on: /system/app/PrintSpooler/PrintSpooler.apk pkg=com.android.printspooler isa=arm64 vmSafeMode=false debuggable=false target-filter=interpret-only oatDir = null sharedLibraries=null
11-14 00:40:44.724  4313  4313 I dex2oat : /system/bin/dex2oat --compiler-filter=interpret-only
11-14 00:40:44.964  4313  4313 I dex2oat : dex2oat took 240.491ms (threads: 8) arena alloc=88KB (90184B) java alloc=898KB (920392B) native alloc=1287KB (1318824B) free=3MB (3399768B)
11-14 00:40:44.969  3614  3614 I PackageManager.DexOptimizer: Running dexopt (dex2oat) on: /system/app/BasicDreams/BasicDreams.apk pkg=com.android.dreams.basic isa=arm64 vmSafeMode=false debuggable=false target-filter=interpret-only oatDir = null sharedLibraries=null
11-14 00:40:45.011  4322  4322 I dex2oat : /system/bin/dex2oat --compiler-filter=interpret-only
11-14 00:40:45.094  4322  4322 I dex2oat : dex2oat took 85.539ms (threads: 8) arena alloc=10KB (10344B) java alloc=110KB (112704B) native alloc=1049KB (1074648B) free=2022KB (2071080B)
11-14 00:40:45.100  3614  3614 I PackageManager.DexOptimizer: Running dexopt (dex2oat) on: /system/app/webview/webview.apk pkg=com.android.webview isa=arm vmSafeMode=false debuggable=false target-filter=interpret-only oatDir = null sharedLibraries=null
11-14 00:40:45.141  4331  4331 I dex2oat : /system/bin/dex2oat --compiler-filter=interpret-only
11-14 00:40:45.693  4331  4331 I dex2oat : dex2oat took 553.689ms (threads: 8) arena alloc=16KB (17120B) java alloc=2MB (2372600B) native alloc=3MB (3658480B) free=5MB (5778704B)
11-14 00:40:45.698  3614  3614 I PackageManager.DexOptimizer: Running dexopt (dex2oat) on: /system/app/webview/webview.apk pkg=com.android.webview isa=arm64 vmSafeMode=false debuggable=false target-filter=interpret-only oatDir = null sharedLibraries=null
11-14 00:40:45.754  4340  4340 I dex2oat : /system/bin/dex2oat --compiler-filter=interpret-only
11-14 00:40:46.266  4340  4340 I dex2oat : dex2oat took 512.223ms (threads: 8) arena alloc=14KB (14800B) java alloc=3MB (3522160B) native alloc=4MB (4458848B) free=6MB (6551200B)
11-14 00:40:46.270  3614  3614 I PackageManager.DexOptimizer: Running dexopt (dex2oat) on: /system/priv-app/CellBroadcastReceiver/CellBroadcastReceiver.apk pkg=com.android.cellbroadcastreceiver isa=arm64 vmSafeMode=false debuggable=false target-filter=interpret-only oatDir = null sharedLibraries=null
11-14 00:40:46.329  4349  4349 I dex2oat : /system/bin/dex2oat --compiler-filter=interpret-only
11-14 00:40:46.476  4349  4349 I dex2oat : dex2oat took 147.636ms (threads: 8) arena alloc=48KB (50056B) java alloc=493KB (505816B) native alloc=1303KB (1334368B) free=2MB (2335648B)
11-14 00:40:46.486  3614  3614 I PackageManager.DexOptimizer: Running dexopt (dex2oat) on: /system/priv-app/OneTimeInitializer/OneTimeInitializer.apk pkg=com.android.onetimeinitializer isa=arm64 vmSafeMode=false debuggable=false target-filter=interpret-only oatDir = null sharedLibraries=null
11-14 00:40:46.543  4358  4358 I dex2oat : /system/bin/dex2oat --compiler-filter=interpret-only
11-14 00:40:46.644  4358  4358 I dex2oat : dex2oat took 101.782ms (threads: 8) arena alloc=27KB (28368B) java alloc=159KB (163800B) native alloc=1190KB (1219272B) free=3MB (3499320B)
11-14 00:40:46.653  3614  3614 I PackageManager.DexOptimizer: Running dexopt (dex2oat) on: /system/priv-app/CMParts/CMParts.apk pkg=org.cyanogenmod.cmparts isa=arm64 vmSafeMode=false debuggable=false target-filter=interpret-only oatDir = null sharedLibraries=null
11-14 00:40:46.692  4367  4367 I dex2oat : /system/bin/dex2oat --compiler-filter=interpret-only
11-14 00:40:46.830  4367  4369 W dex2oat : Before Android 4.1, method android.graphics.PorterDuffColorFilter android.support.graphics.drawable.VectorDrawableCompat.updateTintFilter(android.graphics.PorterDuffColorFilter, android.content.res.ColorStateList, android.graphics.PorterDuff$Mode) would have incorrectly overridden the package-private method in android.graphics.drawable.Drawable
11-14 00:40:46.879  4367  4375 W dex2oat : Before Android 4.1, method int android.support.v7.widget.ListViewCompat.lookForSelectablePosition(int, boolean) would have incorrectly overridden the package-private method in android.widget.ListView
11-14 00:40:47.107  4367  4367 I dex2oat : dex2oat took 415.490ms (threads: 8) arena alloc=18KB (18840B) java alloc=3MB (3425848B) native alloc=3MB (3407736B) free=2MB (2883720B)
11-14 00:40:47.110  3614  3614 I PackageManager.DexOptimizer: Running dexopt (dex2oat) on: /system/app/KeyChain/KeyChain.apk pkg=com.android.keychain isa=arm64 vmSafeMode=false debuggable=false target-filter=interpret-only oatDir = null sharedLibraries=null
11-14 00:40:47.144  4376  4376 I dex2oat : /system/bin/dex2oat --compiler-filter=interpret-only
11-14 00:40:47.243  4376  4376 I dex2oat : dex2oat took 99.357ms (threads: 8) arena alloc=14KB (14800B) java alloc=203KB (208176B) native alloc=1177KB (1205424B) free=2MB (2988880B)
11-14 00:40:47.250  3614  3614 I PackageManager.DexOptimizer: Running dexopt (dex2oat) on: /system/app/PrintRecommendationService/PrintRecommendationService.apk pkg=com.android.printservice.recommendation isa=arm64 vmSafeMode=false debuggable=false target-filter=interpret-only oatDir = null sharedLibraries=null
11-14 00:40:47.287  4385  4385 I dex2oat : /system/bin/dex2oat --compiler-filter=interpret-only
11-14 00:40:47.392  4385  4385 I dex2oat : dex2oat took 105.833ms (threads: 8) arena alloc=16KB (16552B) java alloc=247KB (253424B) native alloc=1263KB (1293888B) free=2MB (2376128B)
11-14 00:40:47.397  3614  3614 I PackageManager.DexOptimizer: Running dexopt (dex2oat) on: /system/priv-app/Gallery2/Gallery2.apk pkg=com.android.gallery3d isa=arm vmSafeMode=false debuggable=false target-filter=interpret-only oatDir = null sharedLibraries=null
11-14 00:40:47.435  4394  4394 I dex2oat : /system/bin/dex2oat --compiler-filter=interpret-only
11-14 00:40:47.627  4394  4399 W dex2oat : Before Android 4.1, method android.graphics.PorterDuffColorFilter android.support.graphics.drawable.VectorDrawableCompat.updateTintFilter(android.graphics.PorterDuffColorFilter, android.content.res.ColorStateList, android.graphics.PorterDuff$Mode) would have incorrectly overridden the package-private method in android.graphics.drawable.Drawable
11-14 00:40:48.047  4394  4394 I dex2oat : dex2oat took 613.331ms (threads: 8) arena alloc=10KB (10536B) java alloc=3MB (3683128B) native alloc=5MB (5663776B) free=3MB (3249120B)
11-14 00:40:48.054  3614  3614 I PackageManager.DexOptimizer: Running dexopt (dex2oat) on: /system/priv-app/Trebuchet/Trebuchet.apk pkg=com.cyanogenmod.trebuchet isa=arm64 vmSafeMode=false debuggable=false target-filter=interpret-only oatDir = null sharedLibraries=null
11-14 00:40:48.111  4403  4403 I dex2oat : /system/bin/dex2oat --compiler-filter=interpret-only
11-14 00:40:48.430  4403  4403 I dex2oat : dex2oat took 320.150ms (threads: 8) arena alloc=175KB (180064B) java alloc=2MB (2226376B) native alloc=2MB (2624208B) free=3MB (3667248B)
11-14 00:40:48.434  3614  3614 I PackageManager.DexOptimizer: Running dexopt (dex2oat) on: /system/priv-app/CallLogBackup/CallLogBackup.apk pkg=com.android.calllogbackup isa=arm64 vmSafeMode=false debuggable=false target-filter=interpret-only oatDir = null sharedLibraries=null
11-14 00:40:48.469  4412  4412 I dex2oat : /system/bin/dex2oat --compiler-filter=interpret-only
11-14 00:40:48.549  4412  4412 I dex2oat : dex2oat took 80.982ms (threads: 8) arena alloc=8KB (8832B) java alloc=79KB (81400B) native alloc=1023KB (1047704B) free=2MB (2622312B)
11-14 00:40:48.554  3614  3614 I PackageManager.DexOptimizer: Running dexopt (dex2oat) on: /system/app/PicoTts/PicoTts.apk pkg=com.svox.pico isa=arm vmSafeMode=false debuggable=false target-filter=interpret-only oatDir = null sharedLibraries=null
11-14 00:40:48.591  4421  4421 I dex2oat : /system/bin/dex2oat --compiler-filter=interpret-only
11-14 00:40:48.690  4421  4421 I dex2oat : dex2oat took 99.665ms (threads: 8) arena alloc=16KB (17120B) java alloc=201KB (205840B) native alloc=1070KB (1095776B) free=3MB (3622816B)
11-14 00:40:48.696  3614  3614 I PackageManager.DexOptimizer: Running dexopt (dex2oat) on: /system/app/Jelly/Jelly.apk pkg=org.lineageos.jelly isa=arm64 vmSafeMode=false debuggable=false target-filter=interpret-only oatDir = null sharedLibraries=null
11-14 00:40:48.742  4430  4430 I dex2oat : /system/bin/dex2oat --compiler-filter=interpret-only
11-14 00:40:48.872  4430  4438 W dex2oat : Before Android 4.1, method android.graphics.PorterDuffColorFilter android.support.graphics.drawable.VectorDrawableCompat.updateTintFilter(android.graphics.PorterDuffColorFilter, android.content.res.ColorStateList, android.graphics.PorterDuff$Mode) would have incorrectly overridden the package-private method in android.graphics.drawable.Drawable
11-14 00:40:48.908  4430  4433 W dex2oat : Before Android 4.1, method int android.support.v7.widget.ListViewCompat.lookForSelectablePosition(int, boolean) would have incorrectly overridden the package-private method in android.widget.ListView
11-14 00:40:49.181  4430  4430 I dex2oat : dex2oat took 440.482ms (threads: 8) arena alloc=13KB (14144B) java alloc=2MB (2816640B) native alloc=2MB (2857488B) free=3MB (3433968B)
11-14 00:40:49.185  3614  3614 I PackageManager.DexOptimizer: Running dexopt (dex2oat) on: /system/priv-app/ManagedProvisioning/ManagedProvisioning.apk pkg=com.android.managedprovisioning isa=arm64 vmSafeMode=false debuggable=false target-filter=interpret-only oatDir = null sharedLibraries=null
11-14 00:40:49.225  4439  4439 I dex2oat : /system/bin/dex2oat --compiler-filter=interpret-only
11-14 00:40:49.388  4439  4439 I dex2oat : dex2oat took 163.704ms (threads: 8) arena alloc=12KB (12920B) java alloc=800KB (819424B) native alloc=1318KB (1350272B) free=3MB (3892608B)
11-14 00:40:49.393  3614  3614 I PackageManager.DexOptimizer: Running dexopt (dex2oat) on: /system/app/PhotoTable/PhotoTable.apk pkg=com.android.dreams.phototable isa=arm64 vmSafeMode=false debuggable=false target-filter=interpret-only oatDir = null sharedLibraries=null
11-14 00:40:49.439  4448  4448 I dex2oat : /system/bin/dex2oat --compiler-filter=interpret-only
11-14 00:40:49.556  4448  4448 I dex2oat : dex2oat took 118.087ms (threads: 8) arena alloc=11KB (11424B) java alloc=361KB (370104B) native alloc=1289KB (1320248B) free=2MB (2349768B)
11-14 00:40:49.561  3614  3614 I PackageManager.DexOptimizer: Running dexopt (dex2oat) on: /system/app/WAPPushManager/WAPPushManager.apk pkg=com.android.smspush isa=arm64 vmSafeMode=false debuggable=false target-filter=interpret-only oatDir = null sharedLibraries=null
11-14 00:40:49.601  4457  4457 I dex2oat : /system/bin/dex2oat --compiler-filter=interpret-only
11-14 00:40:49.707  4457  4457 I dex2oat : dex2oat took 106.554ms (threads: 8) arena alloc=31KB (32728B) java alloc=177KB (181264B) native alloc=1216KB (1245648B) free=2MB (2424368B)
11-14 00:40:49.713  3614  3614 I PackageManager.DexOptimizer: Running dexopt (dex2oat) on: /system/app/LiveWallpapersPicker/LiveWallpapersPicker.apk pkg=com.android.wallpaper.livepicker isa=arm64 vmSafeMode=false debuggable=false target-filter=interpret-only oatDir = null sharedLibraries=null
11-14 00:40:49.771  4466  4466 I dex2oat : /system/bin/dex2oat --compiler-filter=interpret-only
11-14 00:40:49.891  4466  4466 W dex2oat : Before Android 4.1, method android.graphics.PorterDuffColorFilter android.support.graphics.drawable.VectorDrawableCompat.updateTintFilter(android.graphics.PorterDuffColorFilter, android.content.res.ColorStateList, android.graphics.PorterDuff$Mode) would have incorrectly overridden the package-private method in android.graphics.drawable.Drawable
11-14 00:40:49.919  4466  4466 W dex2oat : Before Android 4.1, method int android.support.v7.widget.ListViewCompat.lookForSelectablePosition(int, boolean) would have incorrectly overridden the package-private method in android.widget.ListView
11-14 00:40:50.114  4466  4466 I dex2oat : dex2oat took 344.512ms (threads: 8) arena alloc=9KB (10152B) java alloc=2MB (2978336B) native alloc=2MB (2337920B) free=3MB (3429248B)
11-14 00:40:50.118  3614  3614 I PackageManager.DexOptimizer: Running dexopt (dex2oat) on: /system/priv-app/Tag/Tag.apk pkg=com.android.apps.tag isa=arm64 vmSafeMode=false debuggable=false target-filter=interpret-only oatDir = null sharedLibraries=null
11-14 00:40:50.153  4475  4475 I dex2oat : /system/bin/dex2oat --compiler-filter=interpret-only
11-14 00:40:50.360  4475  4475 I dex2oat : dex2oat took 207.651ms (threads: 8) arena alloc=9KB (9928B) java alloc=743KB (761424B) native alloc=1286KB (1317664B) free=3MB (3925216B)
11-14 00:40:50.367  3614  3614 I PackageManager.DexOptimizer: Running dexopt (dex2oat) on: /system/priv-app/StorageManager/StorageManager.apk pkg=com.android.storagemanager isa=arm64 vmSafeMode=false debuggable=false target-filter=interpret-only oatDir = null sharedLibraries=null
11-14 00:40:50.404  4484  4484 I dex2oat : /system/bin/dex2oat --compiler-filter=interpret-only
11-14 00:40:50.526  4484  4488 W dex2oat : Before Android 4.1, method android.graphics.PorterDuffColorFilter android.support.graphics.drawable.VectorDrawableCompat.updateTintFilter(android.graphics.PorterDuffColorFilter, android.content.res.ColorStateList, android.graphics.PorterDuff$Mode) would have incorrectly overridden the package-private method in android.graphics.drawable.Drawable
11-14 00:40:50.554  4484  4488 W dex2oat : Before Android 4.1, method int android.support.v7.widget.ListViewCompat.lookForSelectablePosition(int, boolean) would have incorrectly overridden the package-private method in android.widget.ListView
11-14 00:40:50.729  4484  4484 I dex2oat : dex2oat took 326.290ms (threads: 8) arena alloc=10KB (10800B) java alloc=2MB (3030088B) native alloc=2MB (2936248B) free=3MB (3879496B)
11-14 00:40:50.733  3614  3614 I PackageManager.DexOptimizer: Running dexopt (dex2oat) on: /system/app/BookmarkProvider/BookmarkProvider.apk pkg=com.android.bookmarkprovider isa=arm64 vmSafeMode=false debuggable=false target-filter=interpret-only oatDir = null sharedLibraries=null
11-14 00:40:50.769  4493  4493 I dex2oat : /system/bin/dex2oat --compiler-filter=interpret-only
11-14 00:40:50.843  4493  4493 I dex2oat : dex2oat took 74.953ms (threads: 8) arena alloc=864B (864B) java alloc=50KB (51224B) native alloc=1011KB (1035368B) free=1548KB (1586072B)
11-14 00:40:50.848  3614  3614 I PackageManager.DexOptimizer: Running dexopt (dex2oat) on: /system/priv-app/Eleven/Eleven.apk pkg=com.cyanogenmod.eleven isa=arm64 vmSafeMode=false debuggable=false target-filter=interpret-only oatDir = null sharedLibraries=null
11-14 00:40:50.891  4502  4502 I dex2oat : /system/bin/dex2oat --compiler-filter=interpret-only
11-14 00:40:51.721  4502  4502 I dex2oat : dex2oat took 830.244ms (threads: 8) arena alloc=15KB (15488B) java alloc=4MB (5183120B) native alloc=8MB (8818376B) free=3MB (3371320B)
11-14 00:40:51.726  3614  3614 I PackageManager.DexOptimizer: Running dexopt (dex2oat) on: /system/app/ExactCalculator/ExactCalculator.apk pkg=com.android.calculator2 isa=arm64 vmSafeMode=false debuggable=false target-filter=interpret-only oatDir = null sharedLibraries=null
11-14 00:40:51.775  4511  4511 I dex2oat : /system/bin/dex2oat --compiler-filter=interpret-only
11-14 00:40:51.953  4511  4511 I dex2oat : dex2oat took 178.719ms (threads: 8) arena alloc=20KB (21016B) java alloc=622KB (637592B) native alloc=954KB (977304B) free=3MB (3217000B)
11-14 00:40:51.959  3614  3614 I PackageManager.DexOptimizer: Running dexopt (dex2oat) on: /system/priv-app/Updater/Updater.apk pkg=org.lineageos.updater isa=arm64 vmSafeMode=false debuggable=false target-filter=interpret-only oatDir = null sharedLibraries=null
11-14 00:40:52.004  4520  4520 I dex2oat : /system/bin/dex2oat --compiler-filter=interpret-only
11-14 00:40:52.151  4520  4524 W dex2oat : Before Android 4.1, method android.graphics.PorterDuffColorFilter android.support.graphics.drawable.VectorDrawableCompat.updateTintFilter(android.graphics.PorterDuffColorFilter, android.content.res.ColorStateList, android.graphics.PorterDuff$Mode) would have incorrectly overridden the package-private method in android.graphics.drawable.Drawable
11-14 00:40:52.178  4520  4528 W dex2oat : Before Android 4.1, method int android.support.v7.widget.ListViewCompat.lookForSelectablePosition(int, boolean) would have incorrectly overridden the package-private method in android.widget.ListView
11-14 00:40:52.377  4520  4520 I dex2oat : dex2oat took 373.629ms (threads: 8) arena alloc=8KB (8272B) java alloc=2MB (3133896B) native alloc=2MB (3099560B) free=2MB (2667608B)
11-14 00:40:52.381  3614  3614 I PackageManager.DexOptimizer: Running dexopt (dex2oat) on: /system/priv-app/VpnDialogs/VpnDialogs.apk pkg=com.android.vpndialogs isa=arm64 vmSafeMode=false debuggable=false target-filter=interpret-only oatDir = null sharedLibraries=null
11-14 00:40:52.419  4530  4530 I dex2oat : /system/bin/dex2oat --compiler-filter=interpret-only
11-14 00:40:52.512  4530  4530 I dex2oat : dex2oat took 93.919ms (threads: 8) arena alloc=7KB (7904B) java alloc=103KB (106112B) native alloc=993KB (1017312B) free=1566KB (1604128B)
11-14 00:40:52.520  3614  3614 I PackageManager.DexOptimizer: Running dexopt (dex2oat) on: /system/app/Email/Email.apk pkg=com.android.email isa=arm64 vmSafeMode=false debuggable=false target-filter=interpret-only oatDir = null sharedLibraries=null
11-14 00:40:52.571  4539  4539 I dex2oat : /system/bin/dex2oat --compiler-filter=interpret-only
11-14 00:40:52.791  4539  4539 W dex2oat : Before Android 4.1, method android.graphics.PorterDuffColorFilter android.support.graphics.drawable.VectorDrawableCompat.updateTintFilter(android.graphics.PorterDuffColorFilter, android.content.res.ColorStateList, android.graphics.PorterDuff$Mode) would have incorrectly overridden the package-private method in android.graphics.drawable.Drawable
11-14 00:40:52.832  4539  4542 W dex2oat : Before Android 4.1, method int android.support.v7.widget.ListViewCompat.lookForSelectablePosition(int, boolean) would have incorrectly overridden the package-private method in android.widget.ListView
11-14 00:40:53.202  4539  4539 I dex2oat : dex2oat took 633.836ms (threads: 8) arena alloc=575KB (588824B) java alloc=6MB (6858096B) native alloc=6MB (6701536B) free=3MB (3259936B)
11-14 00:40:53.207  3614  3614 I PackageManager.DexOptimizer: Running dexopt (dex2oat) on: /system/app/WallpaperBackup/WallpaperBackup.apk pkg=com.android.wallpaperbackup isa=arm64 vmSafeMode=false debuggable=false target-filter=interpret-only oatDir = null sharedLibraries=null
11-14 00:40:53.271  4548  4548 I dex2oat : /system/bin/dex2oat --compiler-filter=interpret-only
11-14 00:40:53.367  4548  4548 I dex2oat : dex2oat took 96.567ms (threads: 8) arena alloc=7KB (7960B) java alloc=43KB (44536B) native alloc=991KB (1015280B) free=1568KB (1606160B)
11-14 00:40:53.372  3614  3614 I PackageManager.DexOptimizer: Running dexopt (dex2oat) on: /system/priv-app/BlockedNumberProvider/BlockedNumberProvider.apk pkg=com.android.providers.blockednumber isa=arm64 vmSafeMode=false debuggable=false target-filter=interpret-only oatDir = null sharedLibraries=null
11-14 00:40:53.426  4557  4557 I dex2oat : /system/bin/dex2oat --compiler-filter=interpret-only
11-14 00:40:53.666  4557  4557 I dex2oat : dex2oat took 240.868ms (threads: 8) arena alloc=9KB (9728B) java alloc=744KB (761872B) native alloc=1217KB (1246864B) free=3MB (3471728B)
11-14 00:40:53.672  3614  3614 I PackageManager.DexOptimizer: Running dexopt (dex2oat) on: /system/app/UserDictionaryProvider/UserDictionaryProvider.apk pkg=com.android.providers.userdictionary isa=arm64 vmSafeMode=false debuggable=false target-filter=interpret-only oatDir = null sharedLibraries=null
11-14 00:40:53.715  4566  4566 I dex2oat : /system/bin/dex2oat --compiler-filter=interpret-only
11-14 00:40:53.810  4566  4566 I dex2oat : dex2oat took 97.987ms (threads: 8) arena alloc=11KB (11480B) java alloc=71KB (73504B) native alloc=1042KB (1067184B) free=2029KB (2078544B)
11-14 00:40:53.816  3614  3614 I PackageManager.DexOptimizer: Running dexopt (dex2oat) on: /system/priv-app/EmergencyInfo/EmergencyInfo.apk pkg=com.android.emergency isa=arm64 vmSafeMode=false debuggable=false target-filter=interpret-only oatDir = null sharedLibraries=null
11-14 00:40:53.856  4575  4575 I dex2oat : /system/bin/dex2oat --compiler-filter=interpret-only
11-14 00:40:53.962  4575  4583 W dex2oat : Before Android 4.1, method android.graphics.PorterDuffColorFilter android.support.graphics.drawable.VectorDrawableCompat.updateTintFilter(android.graphics.PorterDuffColorFilter, android.content.res.ColorStateList, android.graphics.PorterDuff$Mode) would have incorrectly overridden the package-private method in android.graphics.drawable.Drawable
11-14 00:40:54.138  4575  4575 I dex2oat : dex2oat took 283.094ms (threads: 8) arena alloc=14KB (15024B) java alloc=2MB (2311288B) native alloc=2MB (2180800B) free=3MB (3586368B)
11-14 00:40:54.142  3614  3614 I PackageManager.DexOptimizer: Running dexopt (dex2oat) on: /system/app/DeskClock/DeskClock.apk pkg=com.android.deskclock isa=arm64 vmSafeMode=false debuggable=false target-filter=interpret-only oatDir = null sharedLibraries=null
11-14 00:40:54.178  4584  4584 I dex2oat : /system/bin/dex2oat --compiler-filter=interpret-only
11-14 00:40:54.333  4584  4584 W dex2oat : Before Android 4.1, method android.graphics.PorterDuffColorFilter android.support.graphics.drawable.VectorDrawableCompat.updateTintFilter(android.graphics.PorterDuffColorFilter, android.content.res.ColorStateList, android.graphics.PorterDuff$Mode) would have incorrectly overridden the package-private method in android.graphics.drawable.Drawable
11-14 00:40:54.361  4584  4592 W dex2oat : Before Android 4.1, method int android.support.v7.widget.ListViewCompat.lookForSelectablePosition(int, boolean) would have incorrectly overridden the package-private method in android.widget.ListView
11-14 00:40:54.558  4584  4584 I dex2oat : dex2oat took 380.656ms (threads: 8) arena alloc=13KB (14080B) java alloc=3MB (4041912B) native alloc=3MB (3621488B) free=2MB (2669968B)
11-14 00:40:54.563  3614  3614 I PackageManager.DexOptimizer: Running dexopt (dex2oat) on: /system/app/Exchange2/Exchange2.apk pkg=com.android.exchange isa=arm64 vmSafeMode=false debuggable=false target-filter=interpret-only oatDir = null sharedLibraries=null
11-14 00:40:54.626  4593  4593 I dex2oat : /system/bin/dex2oat --compiler-filter=interpret-only
11-14 00:40:55.161  4593  4593 I dex2oat : dex2oat took 536.179ms (threads: 8) arena alloc=32KB (33008B) java alloc=3MB (3656768B) native alloc=5MB (5811112B) free=2MB (2577496B)
11-14 00:40:55.167  3614  3614 I PackageManager.DexOptimizer: Running dexopt (dex2oat) on: /system/app/BluetoothMidiService/BluetoothMidiService.apk pkg=com.android.bluetoothmidiservice isa=arm64 vmSafeMode=false debuggable=false target-filter=interpret-only oatDir = null sharedLibraries=null
11-14 00:40:55.231  4602  4602 I dex2oat : /system/bin/dex2oat --compiler-filter=interpret-only
11-14 00:40:55.327  4602  4602 I dex2oat : dex2oat took 97.324ms (threads: 8) arena alloc=43KB (44552B) java alloc=145KB (148576B) native alloc=1038KB (1063200B) free=3MB (3655392B)
11-14 00:40:55.334  3614  3614 I PackageManager.DexOptimizer: Running dexopt (dex2oat) on: /system/app/Bluetooth/Bluetooth.apk pkg=com.android.bluetooth isa=arm vmSafeMode=false debuggable=false target-filter=interpret-only oatDir = null sharedLibraries=/system/framework/javax.obex.jar
11-14 00:40:55.381  4611  4611 I dex2oat : /system/bin/dex2oat --compiler-filter=interpret-only
11-14 00:40:56.435  4611  4611 I dex2oat : dex2oat took 1.054s (threads: 8) arena alloc=12KB (12440B) java alloc=3MB (3412424B) native alloc=8MB (9361016B) free=4MB (4794760B)
11-14 00:40:56.441  3614  3614 I PackageManager.DexOptimizer: Running dexopt (dex2oat) on: /system/app/Development/Development.apk pkg=com.android.development isa=arm64 vmSafeMode=false debuggable=false target-filter=interpret-only oatDir = null sharedLibraries=/system/framework/android.test.runner.jar
11-14 00:40:56.503  4620  4620 I dex2oat : /system/bin/dex2oat --compiler-filter=interpret-only
11-14 00:40:56.619  4620  4620 I dex2oat : dex2oat took 116.402ms (threads: 8) arena alloc=60KB (62256B) java alloc=610KB (625112B) native alloc=1306KB (1337776B) free=2MB (2856528B)
11-14 00:40:56.624  3614  3614 I PackageManager.DexOptimizer: Running dexopt (dex2oat) on: /system/app/WallpaperPicker/WallpaperPicker.apk pkg=com.android.wallpaperpicker isa=arm64 vmSafeMode=false debuggable=false target-filter=interpret-only oatDir = null sharedLibraries=null
11-14 00:40:56.662  4629  4629 I dex2oat : /system/bin/dex2oat --compiler-filter=interpret-only
11-14 00:40:56.806  4629  4629 I dex2oat : dex2oat took 144.674ms (threads: 8) arena alloc=9KB (9808B) java alloc=503KB (515640B) native alloc=1500KB (1536144B) free=2MB (2133872B)
11-14 00:40:56.811  3614  3614 I PackageManager.DexOptimizer: Running dexopt (dex2oat) on: /system/priv-app/ContactsProvider/ContactsProvider.apk pkg=com.android.providers.contacts isa=arm64 vmSafeMode=false debuggable=false target-filter=interpret-only oatDir = null sharedLibraries=null
11-14 00:40:56.850  4638  4638 I dex2oat : /system/bin/dex2oat --compiler-filter=interpret-only
11-14 00:40:57.082  4638  4638 I dex2oat : dex2oat took 234.393ms (threads: 8) arena alloc=231KB (237200B) java alloc=922KB (944256B) native alloc=1566KB (1604440B) free=3MB (4162728B)
11-14 00:40:57.086  3614  3614 I PackageManager.DexOptimizer: Running dexopt (dex2oat) on: /system/app/CaptivePortalLogin/CaptivePortalLogin.apk pkg=com.android.captiveportallogin isa=arm64 vmSafeMode=false debuggable=false target-filter=interpret-only oatDir = null sharedLibraries=null
11-14 00:40:57.127  4647  4647 I dex2oat : /system/bin/dex2oat --compiler-filter=interpret-only
11-14 00:40:57.222  4647  4647 I dex2oat : dex2oat took 95.363ms (threads: 8) arena alloc=14KB (14336B) java alloc=102KB (105176B) native alloc=1026KB (1051400B) free=2MB (2618616B)
11-14 00:40:57.227  3614  3614 I PackageManager.DexOptimizer: Running dexopt (dex2oat) on: /system/priv-app/WeatherProvider/WeatherProvider.apk pkg=org.cyanogenmod.weather.provider isa=arm64 vmSafeMode=false debuggable=false target-filter=interpret-only oatDir = null sharedLibraries=null
11-14 00:40:57.271  4656  4656 I dex2oat : /system/bin/dex2oat --compiler-filter=interpret-only
11-14 00:40:57.378  4656  4656 I dex2oat : dex2oat took 107.751ms (threads: 8) arena alloc=15KB (15632B) java alloc=194KB (198728B) native alloc=1291KB (1322456B) free=2MB (2347560B)
11-14 00:40:57.384  3614  3614 W PackageManager: No disk maintenance in 1510620057384; running immediately
11-14 00:40:57.385  3614  3614 I SystemServer: StartLockSettingsService
11-14 00:40:57.385  3614  4038 I MountService: Running fstrim idle maintenance
11-14 00:40:57.385  3614  3614 I SystemServiceManager: Starting com.android.server.LockSettingsService$Lifecycle
11-14 00:40:57.385  3614  4038 D VoldConnector: SND -> {3 fstrim dotrim}
11-14 00:40:57.387  3614  4039 D VoldConnector: RCV <- {200 3 Command succeeded}
11-14 00:40:57.387  3065  4665 D vold    : Starting trim of /cache
11-14 00:40:57.395  3614  3614 I SystemServiceManager: Starting com.android.server.DeviceIdleController
11-14 00:40:57.401  3614  3614 I SystemServiceManager: Starting com.android.server.devicepolicy.DevicePolicyManagerService$Lifecycle
11-14 00:40:57.410  3614  3614 I SystemServer: StartStatusBarManagerService
11-14 00:40:57.414  3614  3614 I SystemServer: StartClipboardService
11-14 00:40:57.418  3614  3614 I SystemServer: StartNetworkManagementService
11-14 00:40:57.423  3614  4666 I NetworkManagement: onDaemonConnected()
11-14 00:40:57.425  3065  4665 I vold    : Trimmed 507351040 bytes on /cache in 37ms
11-14 00:40:57.425  3065  4665 D vold    : Starting trim of /data
11-14 00:40:57.425  3614  4039 D VoldConnector: RCV <- {662 /cache 507351040 37524500}
11-14 00:40:57.427  3614  3614 I SystemServiceManager: Starting com.android.server.TextServicesManagerService$Lifecycle
11-14 00:40:57.440  3614  3614 I SystemServer: StartNetworkScoreService
11-14 00:40:57.442  3614  3614 I SystemServer: StartNetworkStatsService
11-14 00:40:57.449  3614  3614 I SystemServer: StartNetworkPolicyManagerService
11-14 00:40:57.453  3614  3614 I SystemServer: No Wi-Fi NAN Service (NAN support Not Present)
11-14 00:40:57.454  3614  3614 I SystemServiceManager: Starting com.android.server.wifi.p2p.WifiP2pService
11-14 00:40:57.492  3614  3614 I WifiP2pService: Registering wifip2p
11-14 00:40:57.493  3614  3614 I SystemServiceManager: Starting com.android.server.wifi.WifiService
11-14 00:40:57.521  3614  3614 D WifiStateMachine: fst disabled
11-14 00:40:57.528  3614  3614 D HS20    : Passpoint is enabled, false
11-14 00:40:57.547  3179  3522 D CommandListener: Clearing all IP addresses on wlan0
11-14 00:40:57.748  3614  3614 W art     : Long monitor contention with owner WifiStateMachine (4672) at boolean com.android.server.wifi.WifiNative.unloadDriverNative()(WifiNative.java:-2) waiters=0 in java.lang.String com.android.server.wifi.WifiNative.doStringCommand(java.lang.String) for 201ms
11-14 00:40:57.748  3614  3614 E WifiLogger: no ring buffers found
11-14 00:40:57.748  3614  3614 E WifiLogger: Failed to start packet fate monitoring
11-14 00:40:57.749  3614  4672 D WifiApConfigStore: 2G band allowed channels are:1,6,11
11-14 00:40:57.751  3614  4672 E WifiApConfigStore: Error reading hotspot configuration java.io.FileNotFoundException: /data/misc/wifi/softap.conf (No such file or directory)
11-14 00:40:57.751  3614  4672 D WifiApConfigStore: Fallback to use default AP configuration
11-14 00:40:57.763  3614  3614 D WifiController: isAirplaneModeOn = false, isWifiEnabled = true, isScanningAvailable = false
11-14 00:40:57.765  3614  3614 E WifiService: ensureConcurrencyFile template file doesnt existjava.io.FileNotFoundException: /etc/wifi/wifi_concurrency_cfg.txt (No such file or directory)
11-14 00:40:57.766  3614  3614 I WifiService: Registering wifi
11-14 00:40:57.768  3614  3614 I SystemServiceManager: Starting com.android.server.wifi.scanner.WifiScanningService
11-14 00:40:57.768  3614  3614 I WifiScanningService: Creating wifiscanner
11-14 00:40:57.775  3614  3614 I WifiScanningService: Publishing wifiscanner
11-14 00:40:57.778  3614  3614 I SystemServiceManager: Starting com.android.server.wifi.RttService
11-14 00:40:57.779  3614  3614 I RttService: Creating rttmanager
11-14 00:40:57.782  3614  3614 I RttService: Starting rttmanager
11-14 00:40:57.784  3614  3614 I SystemServiceManager: Starting com.android.server.ethernet.EthernetService
11-14 00:40:57.785  3614  3614 I EthernetServiceImpl: Creating EthernetConfigStore
11-14 00:40:57.786  3614  3614 E IpConfigStore: Error parsing configuration: java.io.FileNotFoundException: /data/misc/ethernet/ipconfig.txt (No such file or directory)
11-14 00:40:57.786  3614  3614 W EthernetConfigStore: No Ethernet configuration found. Using default.
11-14 00:40:57.787  3614  3614 I EthernetServiceImpl: Read stored IP configuration: IP assignment: DHCP
11-14 00:40:57.787  3614  3614 I EthernetServiceImpl: Proxy settings: NONE
11-14 00:40:57.787  3614  3614 I EthernetService: Registering service ethernet
11-14 00:40:57.788  3614  3614 I SystemServer: StartConnectivityService
11-14 00:40:57.797  3614  3614 D ConnectivityService: ConnectivityService starting up
11-14 00:40:57.804  3614  3614 D ConnectivityService: wifiOnly=false
11-14 00:40:57.815  3614  3614 I SystemServer: StartNsdService
11-14 00:40:57.819  3614  3614 I SystemServer: StartUpdateLockService
11-14 00:40:57.820  3614  3614 I SystemServiceManager: Starting com.android.server.RecoverySystemService
11-14 00:40:57.822  3614  3614 I SystemServiceManager: Starting com.android.server.notification.NotificationManagerService
11-14 00:40:57.835  3614  3614 D ConditionProviders.SCP: new ScheduleConditionProvider()
11-14 00:40:57.845  3614  3614 D ZenLog  : set_zen_mode: off,init
11-14 00:40:57.855  3614  3614 I SystemServiceManager: Starting com.android.server.storage.DeviceStorageMonitorService
11-14 00:40:57.858  3614  3614 I SystemServer: StartLocationManagerService
11-14 00:40:57.861  3614  3614 I SystemServer: StartCountryDetectorService
11-14 00:40:57.863  3614  3614 I SystemServer: StartSearchManagerService
11-14 00:40:57.863  3614  3614 I SystemServiceManager: Starting com.android.server.search.SearchManagerService$Lifecycle
11-14 00:40:57.866  3614  3614 I SystemServiceManager: Starting com.android.server.DropBoxManagerService
11-14 00:40:57.867  3614  3614 I SystemServer: StartWallpaperManagerService
11-14 00:40:57.867  3614  3614 I SystemServiceManager: Starting com.android.server.wallpaper.WallpaperManagerService$Lifecycle
11-14 00:40:57.870  3614  3614 E BitmapFactory: Unable to decode stream: java.io.FileNotFoundException: /data/system/users/0/wallpaper_orig (No such file or directory)
11-14 00:40:57.870  3614  3614 E WallpaperManagerService: Invalid wallpaper data
11-14 00:40:57.870  3614  3614 E WallpaperManagerService: Unable to apply new wallpaper
11-14 00:40:57.870  3614  3614 W WallpaperManagerService: no current wallpaper -- first boot?
11-14 00:40:57.871  3614  3614 I SystemServer: StartAudioService
11-14 00:40:57.871  3614  3614 I SystemServiceManager: Starting com.android.server.audio.AudioService$Lifecycle
11-14 00:40:57.879  3170  3311 D PermissionCache: checking android.permission.MODIFY_AUDIO_SETTINGS for uid=1000 => granted (985 us)
11-14 00:40:57.879  3614  3614 W TelecomManager: Telecom Service not found.
11-14 00:40:57.883  3170  3303 W AudioFlinger: no wake lock to update, system not ready yet
11-14 00:40:57.884  3170  3307 W AudioFlinger: no wake lock to update, system not ready yet
11-14 00:40:57.884  3170  3311 I audio_hw_primary: adev_set_mic_mute(): set mute state 0
11-14 00:40:57.909  3614  3614 I SystemServiceManager: Starting com.android.server.DockObserver
11-14 00:40:57.911  3614  3614 I SystemServer: StartWiredAccessoryManager
11-14 00:40:57.911  3614  3614 W WiredAccessoryManager: This kernel does not have usb audio support
11-14 00:40:57.912  3614  3614 I SystemServiceManager: Starting com.android.server.usb.UsbService$Lifecycle
11-14 00:40:57.915  3614  3614 E UsbDeviceManager: failed to write to /sys/class/android_usb/android0/f_rndis/ethaddr
