09-05 20:34:24.096  3324  3324 I dex2oat : dex2oat took 2.198s (threads: 8) arena alloc=0B (0B) java alloc=2MB (2608704B) native alloc=10MB (10597096B) free=5MB (5262616B)
09-05 20:34:24.123  3167  3167 D ICU     : No timezone override file found: /data/misc/zoneinfo/current/icu/icu_tzdata.dat
09-05 20:34:24.127  3166  3166 D ICU     : No timezone override file found: /data/misc/zoneinfo/current/icu/icu_tzdata.dat
09-05 20:34:24.153  3167  3167 W art     : Before Android 4.1, method double java.util.concurrent.ThreadLocalRandom.internalNextDouble(double, double) would have incorrectly overridden the package-private method in java.util.Random
09-05 20:34:24.153  3167  3167 W art     : Before Android 4.1, method int java.util.concurrent.ThreadLocalRandom.internalNextInt(int, int) would have incorrectly overridden the package-private method in java.util.Random
09-05 20:34:24.153  3167  3167 W art     : Before Android 4.1, method long java.util.concurrent.ThreadLocalRandom.internalNextLong(long, long) would have incorrectly overridden the package-private method in java.util.Random
09-05 20:34:24.154  3166  3166 W art     : Before Android 4.1, method double java.util.concurrent.ThreadLocalRandom.internalNextDouble(double, double) would have incorrectly overridden the package-private method in java.util.Random
09-05 20:34:24.154  3166  3166 W art     : Before Android 4.1, method int java.util.concurrent.ThreadLocalRandom.internalNextInt(int, int) would have incorrectly overridden the package-private method in java.util.Random
09-05 20:34:24.154  3166  3166 W art     : Before Android 4.1, method long java.util.concurrent.ThreadLocalRandom.internalNextLong(long, long) would have incorrectly overridden the package-private method in java.util.Random
09-05 20:34:24.275  3166  3166 I Radio-JNI: register_android_hardware_Radio DONE
09-05 20:34:24.277  3167  3167 I Radio-JNI: register_android_hardware_Radio DONE
09-05 20:34:24.308  3166  3166 I SamplingProfilerIntegration: Profiling disabled.
09-05 20:34:24.309  3166  3166 D Zygote  : begin preload
09-05 20:34:24.309  3166  3166 I Zygote  : Installing ICU cache reference pinning...
09-05 20:34:24.309  3166  3166 I Zygote  : Preloading ICU data...
09-05 20:34:24.314  3167  3167 I SamplingProfilerIntegration: Profiling disabled.
09-05 20:34:24.315  3167  3167 D Zygote  : begin preload
09-05 20:34:24.315  3167  3167 I Zygote  : Installing ICU cache reference pinning...
09-05 20:34:24.315  3167  3167 I Zygote  : Preloading ICU data...
09-05 20:34:24.450  3166  3166 I Zygote  : Preloading classes...
09-05 20:34:24.456  3166  3166 W Zygote  : Class not found for preloading: [Landroid.view.Display$ColorTransform;
09-05 20:34:24.473  3167  3167 I Zygote  : Preloading classes...
09-05 20:34:24.480  3167  3167 W Zygote  : Class not found for preloading: [Landroid.view.Display$ColorTransform;
09-05 20:34:24.628  3165  3165 D wrapperGPS: wrapperConnect_RILD
09-05 20:34:24.881  3166  3166 E Typeface: Error mapping font file /system/fonts/DroidSansFallback.ttf
09-05 20:34:24.884  3167  3167 E Typeface: Error mapping font file /system/fonts/DroidSansFallback.ttf
09-05 20:34:25.629  3165  3165 D wrapperGPS: wrapperConnect_RILD
09-05 20:34:25.721  3166  3166 I art     : Thread[1,tid=3166,Native,Thread*=0x7f9c495a00,peer=0x12c420d0,"main"] recursive attempt to load library "/system/lib64/libmedia_jni.so"
09-05 20:34:25.722  3166  3166 D MtpDeviceJNI: register_android_mtp_MtpDevice
09-05 20:34:25.723  3166  3166 I art     : Thread[1,tid=3166,Native,Thread*=0x7f9c495a00,peer=0x12c420d0,"main"] recursive attempt to load library "/system/lib64/libmedia_jni.so"
09-05 20:34:25.723  3166  3166 I art     : Thread[1,tid=3166,Native,Thread*=0x7f9c495a00,peer=0x12c420d0,"main"] recursive attempt to load library "/system/lib64/libmedia_jni.so"
09-05 20:34:25.762  3166  3166 E FFMPEGSoftCodec: Failed to load FFMPEG plugin: (null)
09-05 20:34:25.845  3167  3167 I art     : Thread[1,tid=3167,Native,Thread*=0xf4805400,peer=0x12c04f70,"main"] recursive attempt to load library "/system/lib/libmedia_jni.so"
09-05 20:34:25.845  3167  3167 D MtpDeviceJNI: register_android_mtp_MtpDevice
09-05 20:34:25.847  3167  3167 I art     : Thread[1,tid=3167,Native,Thread*=0xf4805400,peer=0x12c04f70,"main"] recursive attempt to load library "/system/lib/libmedia_jni.so"
09-05 20:34:25.847  3167  3167 I art     : Thread[1,tid=3167,Native,Thread*=0xf4805400,peer=0x12c04f70,"main"] recursive attempt to load library "/system/lib/libmedia_jni.so"
09-05 20:34:25.889  3167  3167 E FFMPEGSoftCodec: Failed to load FFMPEG plugin: (null)
09-05 20:34:26.127  3166  3166 W Zygote  : Class not found for preloading: android.view.Display$ColorTransform
09-05 20:34:26.127  3166  3166 W Zygote  : Class not found for preloading: android.view.Display$ColorTransform$1
09-05 20:34:26.271  3167  3167 W Zygote  : Class not found for preloading: android.view.Display$ColorTransform
09-05 20:34:26.271  3167  3167 W Zygote  : Class not found for preloading: android.view.Display$ColorTransform$1
09-05 20:34:26.371  3166  3166 W System  : ClassLoader referenced unknown path: /system/framework/tcmclient.jar
09-05 20:34:26.538  3167  3167 W System  : ClassLoader referenced unknown path: /system/framework/tcmclient.jar
09-05 20:34:26.614  3166  3166 I System  : Loaded time zone names for "" in 59ms (27ms in ICU)
09-05 20:34:26.629  3165  3165 D wrapperGPS: wrapperConnect_RILD
09-05 20:34:26.657  3166  3166 I System  : Loaded time zone names for "en_US" in 42ms (10ms in ICU)
09-05 20:34:26.808  3167  3167 I System  : Loaded time zone names for "" in 66ms (20ms in ICU)
09-05 20:34:26.868  3167  3167 I System  : Loaded time zone names for "en_US" in 59ms (12ms in ICU)
09-05 20:34:26.972  3166  3166 I Zygote  : ...preloaded 4158 classes in 2522ms.
09-05 20:34:26.972  3166  3166 I art     : VMRuntime.preloadDexCaches starting
09-05 20:34:27.018  3166  3166 I art     : VMRuntime.preloadDexCaches strings total=288444 before=12011 after=12011
09-05 20:34:27.018  3166  3166 I art     : VMRuntime.preloadDexCaches types total=23810 before=9280 after=11325
09-05 20:34:27.018  3166  3166 I art     : VMRuntime.preloadDexCaches fields total=113941 before=41160 after=54105
09-05 20:34:27.018  3166  3166 I art     : VMRuntime.preloadDexCaches methods total=199717 before=78591 after=96703
09-05 20:34:27.018  3166  3166 I art     : VMRuntime.preloadDexCaches finished
09-05 20:34:27.019  3166  3166 I Zygote  : Preloading resources...
09-05 20:34:27.056  3166  3166 W Resources: Preloaded drawable resource #0x108025c (android:drawable/dialog_background_material) that varies with configuration!!
09-05 20:34:27.065  3166  3166 W Resources: Preloaded color resource #0x10600ea (android:color/material_grey_800) that varies with configuration!!
09-05 20:34:27.066  3166  3166 W Resources: Preloaded drawable resource #0x10802c9 (android:drawable/floating_popup_background_dark) that varies with configuration!!
09-05 20:34:27.194  3166  3166 I Zygote  : ...preloaded 114 resources in 175ms.
09-05 20:34:27.202  3166  3166 W Resources: Preloaded color resource #0x1060114 (android:color/background_cache_hint_selector_material_dark) that varies with configuration!!
09-05 20:34:27.202  3166  3166 W Resources: Preloaded color resource #0x1060119 (android:color/btn_default_material_dark) that varies with configuration!!
09-05 20:34:27.204  3166  3166 I Zygote  : ...preloaded 41 resources in 10ms.
09-05 20:34:27.207  3166  3166 I Zygote  : ...preloaded 2 resource in 2ms.
09-05 20:34:27.216  3166  3166 D libEGL  : loaded /vendor/lib64/egl/libGLES_mali.so
09-05 20:34:27.225  3166  3166 I Zygote  : Preloading shared libraries...
09-05 20:34:27.237  3167  3167 I Zygote  : ...preloaded 4158 classes in 2765ms.
09-05 20:34:27.238  3167  3167 I art     : VMRuntime.preloadDexCaches starting
09-05 20:34:27.251  3166  3166 I Zygote  : Uninstalled ICU cache reference pinning...
09-05 20:34:27.259  3166  3166 I Zygote  : Installed AndroidKeyStoreProvider in 8ms.
09-05 20:34:27.298  3167  3167 I art     : VMRuntime.preloadDexCaches strings total=288444 before=12011 after=12011
09-05 20:34:27.299  3167  3167 I art     : VMRuntime.preloadDexCaches types total=23810 before=9280 after=11325
09-05 20:34:27.299  3167  3167 I art     : VMRuntime.preloadDexCaches fields total=113941 before=41160 after=54105
09-05 20:34:27.299  3167  3167 I art     : VMRuntime.preloadDexCaches methods total=199717 before=78591 after=96703
09-05 20:34:27.299  3167  3167 I art     : VMRuntime.preloadDexCaches finished
09-05 20:34:27.299  3167  3167 I Zygote  : Preloading resources...
09-05 20:34:27.335  3167  3167 W Resources: Preloaded drawable resource #0x108025c (android:drawable/dialog_background_material) that varies with configuration!!
09-05 20:34:27.343  3167  3167 W Resources: Preloaded color resource #0x10600ea (android:color/material_grey_800) that varies with configuration!!
09-05 20:34:27.343  3167  3167 W Resources: Preloaded drawable resource #0x10802c9 (android:drawable/floating_popup_background_dark) that varies with configuration!!
09-05 20:34:27.373  3166  3166 I Zygote  : Warmed up JCA providers in 114ms.
09-05 20:34:27.373  3166  3166 D Zygote  : end preload
09-05 20:34:27.373  3166  3166 I art     : Starting a blocking GC Explicit
09-05 20:34:27.384  3166  3166 I art     : Explicit concurrent mark sweep GC freed 3436(150KB) AllocSpace objects, 0(0B) LOS objects, 40% free, 10MB/17MB, paused 59us total 10.604ms
09-05 20:34:27.384  3166  3166 I art     : Starting a blocking GC Explicit
09-05 20:34:27.394  3166  3166 I art     : Explicit concurrent mark sweep GC freed 43(1504B) AllocSpace objects, 0(0B) LOS objects, 40% free, 10MB/17MB, paused 44us total 10.204ms
09-05 20:34:27.408  3166  3556 I art     : Starting a blocking GC HeapTrim
09-05 20:34:27.409  3166  3166 I art     : Starting a blocking GC Background
09-05 20:34:27.447  3560  3560 I main    : type=1400 audit(0.0:124): avc: denied { sys_nice } for capability=23 scontext=u:r:zygote:s0 tcontext=u:r:zygote:s0 tclass=capability permissive=1
09-05 20:34:27.447  3560  3560 W main    : type=1300 audit(0.0:124): arch=c00000b7 syscall=119 success=yes exit=0 a0=de8 a1=0 a2=7fd61cfee0 a3=0 items=0 ppid=3166 auid=4294967295 uid=1000 gid=1000 euid=1000 suid=1000 fsuid=1000 egid=1000 sgid=1000 fsgid=1000 tty=(none) ses=4294967295 exe="/system/bin/app_process64" subj=u:r:zygote:s0 key=(null)
09-05 20:34:27.447  3074  3074 W auditd  : type=1327 audit(0.0:124): proctitle="zygote64"
09-05 20:34:27.447  3074  3074 W auditd  : type=1320 audit(0.0:124): 
09-05 20:34:27.453  3166  3166 I Zygote  : System server process 3560 has been created
09-05 20:34:27.454  3166  3166 I Zygote  : Accepting command socket connections
09-05 20:34:27.485  3167  3167 I Zygote  : ...preloaded 114 resources in 185ms.
09-05 20:34:27.494  3167  3167 W Resources: Preloaded color resource #0x1060114 (android:color/background_cache_hint_selector_material_dark) that varies with configuration!!
09-05 20:34:27.495  3167  3167 W Resources: Preloaded color resource #0x1060119 (android:color/btn_default_material_dark) that varies with configuration!!
09-05 20:34:27.497  3167  3167 I Zygote  : ...preloaded 41 resources in 12ms.
09-05 20:34:27.500  3167  3167 I Zygote  : ...preloaded 2 resource in 2ms.
09-05 20:34:27.535  3167  3167 D libEGL  : loaded /vendor/lib/egl/libGLES_mali.so
09-05 20:34:27.548  3167  3167 I Zygote  : Preloading shared libraries...
09-05 20:34:27.574  3167  3167 I Zygote  : Uninstalled ICU cache reference pinning...
09-05 20:34:27.583  3167  3167 I Zygote  : Installed AndroidKeyStoreProvider in 10ms.
09-05 20:34:27.629  3165  3165 D wrapperGPS: wrapperConnect_RILD
09-05 20:34:27.737  3167  3167 I Zygote  : Warmed up JCA providers in 153ms.
09-05 20:34:27.737  3167  3167 D Zygote  : end preload
09-05 20:34:27.737  3167  3167 I art     : Starting a blocking GC Explicit
09-05 20:34:27.750  3167  3167 I art     : Explicit concurrent mark sweep GC freed 8198(447KB) AllocSpace objects, 0(0B) LOS objects, 40% free, 9MB/16MB, paused 75us total 12.312ms
09-05 20:34:27.755  3167  3167 I art     : Starting a blocking GC Explicit
09-05 20:34:27.766  3167  3167 I art     : Explicit concurrent mark sweep GC freed 1988(76KB) AllocSpace objects, 0(0B) LOS objects, 39% free, 9MB/16MB, paused 67us total 10.954ms
09-05 20:34:27.783  3167  3167 I Zygote  : Accepting command socket connections
09-05 20:34:27.794  3560  3560 I Zygote  : Process: zygote socket opened, supported ABIS: armeabi-v7a,armeabi
09-05 20:34:27.796  3560  3560 I InstallerConnection: connecting...
09-05 20:34:27.796  3170  3170 I         : new connection
09-05 20:34:27.814  3571  3571 I dex2oat : /system/bin/dex2oat --compiler-filter=speed
09-05 20:34:28.129  3571  3571 I dex2oat : dex2oat took 315.772ms (threads: 8) arena alloc=2MB (2749392B) java alloc=804KB (823496B) native alloc=3MB (3269976B) free=4MB (5118632B)
09-05 20:34:28.149  3580  3580 I dex2oat : /system/bin/dex2oat --compiler-filter=speed
09-05 20:34:28.237  3580  3580 I dex2oat : dex2oat took 88.537ms (threads: 8) arena alloc=732KB (750568B) java alloc=113KB (115840B) native alloc=1221KB (1251088B) free=4MB (4516080B)
09-05 20:34:28.257  3589  3589 I dex2oat : /system/bin/dex2oat --compiler-filter=speed
09-05 20:34:28.629  3165  3165 D wrapperGPS: wrapperConnect_RILD
09-05 20:34:29.351  3589  3589 W dex2oat : Compilation of void com.android.server.SystemServer.startOtherServices() took 178.480ms
09-05 20:34:29.630  3165  3165 D wrapperGPS: wrapperConnect_RILD
09-05 20:34:30.630  3165  3165 D wrapperGPS: wrapperConnect_RILD
09-05 20:34:31.153  3589  3589 W dex2oat : Compilation of void com.android.server.pm.PackageManagerService.installPackageLI(com.android.server.pm.PackageManagerService$InstallArgs, com.android.server.pm.PackageManagerService$PackageInstalledInfo) took 117.299ms
09-05 20:34:31.422  3589  3589 W dex2oat : Compilation of android.content.pm.PackageParser$Package com.android.server.pm.PackageManagerService.scanPackageDirtyLI(android.content.pm.PackageParser$Package, int, int, long, android.os.UserHandle) took 109.087ms
09-05 20:34:31.631  3165  3165 D wrapperGPS: wrapperConnect_RILD
09-05 20:34:31.636  3589  3589 W dex2oat : Compilation of void com.android.server.pm.PackageManagerService.dump(java.io.FileDescriptor, java.io.PrintWriter, java.lang.String[]) took 112.438ms
09-05 20:34:32.076  3589  3589 I dex2oat : dex2oat took 3.819s (threads: 8) arena alloc=19MB (20583872B) java alloc=3MB (4127240B) native alloc=34MB (36339448B) free=24MB (25788680B)
09-05 20:34:32.107  3628  3628 I dex2oat : /system/bin/dex2oat --compiler-filter=speed
09-05 20:34:32.390  3628  3628 I dex2oat : dex2oat took 283.876ms (threads: 8) arena alloc=1155KB (1183256B) java alloc=227KB (232744B) native alloc=1520KB (1556888B) free=4MB (4996712B)
09-05 20:34:32.411  3637  3637 I dex2oat : /system/bin/dex2oat --compiler-filter=speed
09-05 20:34:32.631  3165  3165 D wrapperGPS: wrapperConnect_RILD
09-05 20:34:33.121  3637  3637 I dex2oat : dex2oat took 710.459ms (threads: 8) arena alloc=10MB (11532096B) java alloc=718KB (735496B) native alloc=5MB (6017256B) free=16MB (16789272B)
09-05 20:34:33.125  3560  3560 I InstallerConnection: disconnecting...
09-05 20:34:33.125  3170  3170 E         : eof
09-05 20:34:33.125  3170  3170 E         : failed to read size
09-05 20:34:33.126  3170  3170 I         : closing connection
09-05 20:34:33.130  3560  3560 W art     : Found duplicate classes, falling back to interpreter mode for /system/framework/wifi-service.jar
09-05 20:34:33.130  3560  3560 W art     : Found duplicated class when checking oat files: 'Lcom/google/protobuf/nano/MessageNano;' in /system/framework/services.jar and /system/framework/wifi-service.jar
09-05 20:34:33.154  3560  3560 I SystemServer: Entered the Android system server!
09-05 20:34:33.176  3560  3560 I SystemServiceManager: Starting com.android.server.pm.Installer
09-05 20:34:33.176  3560  3560 I Installer: Waiting for installd to be ready.
09-05 20:34:33.176  3560  3560 I InstallerConnection: connecting...
09-05 20:34:33.177  3170  3170 I         : new connection
09-05 20:34:33.177  3560  3560 I SystemServiceManager: Starting com.android.server.am.ActivityManagerService$Lifecycle
09-05 20:34:33.185  3560  3560 I ActivityManager: Memory class: 256
09-05 20:34:33.186  3560  3649 I ServiceThread: Enabled StrictMode logging for ActivityManager looper.
09-05 20:34:33.187  3560  3650 I ServiceThread: Enabled StrictMode logging for android.ui looper.
09-05 20:34:33.223  3560  3560 D BatteryStatsImpl: Reading daily items from /data/system/batterystats-daily.xml
09-05 20:34:33.255  3560  3560 I AppOps  : No existing app ops /data/system/appops.xml; starting empty
09-05 20:34:33.343  3560  3560 I IntentFirewall: Read new rules (A:0 B:0 S:0)
09-05 20:34:33.347  3560  3656 I ServiceThread: Enabled StrictMode logging for android.display looper.
09-05 20:34:33.356  3560  3560 D AppOps  : AppOpsService published
09-05 20:34:33.357  3560  3560 I SystemServiceManager: Starting com.android.server.power.PowerManagerService
09-05 20:34:33.358  3560  3658 I ServiceThread: Enabled StrictMode logging for PowerManagerService looper.
09-05 20:34:33.360  3560  3560 I SamsungPowerHAL: Initialized settings:
09-05 20:34:33.360  3560  3560 I SamsungPowerHAL: max_freqs: cluster[0]: 1690000, cluster[1]: 2314000
09-05 20:34:33.360  3560  3560 I SamsungPowerHAL: hispeed_freqs: cluster[0]: 1690000, cluster[1]: 2496000
09-05 20:34:33.360  3560  3560 I SamsungPowerHAL: boostpulse_fd: 62
09-05 20:34:33.360  3560  3560 I SamsungPowerHAL: touchscreen_power_path: /sys/class/input/input0/enabled
09-05 20:34:33.360  3560  3560 I SamsungPowerHAL: touchkey_power_path: NULL
09-05 20:34:33.360  3560  3560 W libsuspend: Error writing 'on' to /sys/power/state: Invalid argument
09-05 20:34:33.361  3560  3560 I libsuspend: Selected wakeup count
09-05 20:34:33.362  3560  3560 I SystemServiceManager: Starting com.android.server.lights.LightsService
09-05 20:34:33.364  3560  3560 I SystemServiceManager: Starting com.android.server.display.DisplayManagerService
09-05 20:34:33.366  3560  3560 I SystemServiceManager: Starting phase 100
09-05 20:34:33.367  3560  3656 W LocalDisplayAdapter: Unable to get active color mode for display device 0
09-05 20:34:33.367  3560  3656 E LocalDisplayAdapter: Default and active color mode is no longer available! Reverting to first available mode.
09-05 20:34:33.367  3147  3178 E SurfaceFlinger: getDefaultDisplay: id=2 is not a valid default display id
09-05 20:34:33.368  3560  3656 I DisplayManagerService: Display device added: DisplayDeviceInfo{"Built-in Screen": uniqueId="local:0", 1440 x 2960, modeId 1, defaultModeId 1, supportedModes [{id=1, width=1440, height=2960, fps=60.000004}], colorMode -22, supportedColorModes [-22], HdrCapabilities android.view.Display$HdrCapabilities@a69d6308, density 560, 522.514 x 525.762 dpi, appVsyncOff 1000000, presDeadline 16666666, touch INTERNAL, rotation 0, type BUILT_IN, state UNKNOWN, FLAG_DEFAULT_DISPLAY, FLAG_ROTATES_WITH_CONTENT, FLAG_SECURE, FLAG_SUPPORTS_PROTECTED_BUFFERS}
09-05 20:34:33.369  3147  3147 D SurfaceFlinger: Set power mode=2, type=0 flinger=0x7f8f848000
09-05 20:34:33.369  3147  3147 D SurfaceFlinger: Screen type=0 is already mode=2
09-05 20:34:33.370  3560  3656 I DisplayManagerService: Display device changed state: "Built-in Screen", ON
09-05 20:34:33.371  3560  3560 I SystemServer: StartPackageManagerService
09-05 20:34:33.375  3560  3560 W FileUtils: Failed to chmod(/data/system/packages.list): android.system.ErrnoException: chmod failed: ENOENT (No such file or directory)
09-05 20:34:33.505  3560  3560 D SELinuxMMAC: Using policy file /system/etc/security/mac_permissions.xml
09-05 20:34:33.512  3560  3560 I PackageManager: No settings file; creating initial state
09-05 20:34:33.534  3663  3663 I dex2oat : /system/bin/dex2oat --compiler-filter=speed
09-05 20:34:33.631  3165  3165 D wrapperGPS: wrapperConnect_RILD
09-05 20:34:33.826  3663  3663 I dex2oat : dex2oat took 292.288ms (threads: 8) arena alloc=2MB (2674264B) java alloc=720KB (738032B) native alloc=2MB (2733144B) free=4MB (5131176B)
09-05 20:34:33.845  3672  3672 I dex2oat : /system/bin/dex2oat --compiler-filter=speed
09-05 20:34:33.926  3672  3672 I dex2oat : dex2oat took 81.208ms (threads: 8) arena alloc=540KB (553200B) java alloc=328KB (336088B) native alloc=1313KB (1344920B) free=3MB (3897960B)
09-05 20:34:33.945  3681  3681 I dex2oat : /system/bin/dex2oat --compiler-filter=speed
09-05 20:34:34.010  3681  3681 I dex2oat : dex2oat took 65.613ms (threads: 8) arena alloc=335KB (343248B) java alloc=48KB (49240B) native alloc=1105KB (1131856B) free=1454KB (1489584B)
09-05 20:34:34.029  3690  3690 I dex2oat : /system/bin/dex2oat --compiler-filter=speed
09-05 20:34:34.139  3690  3690 I dex2oat : dex2oat took 110.722ms (threads: 8) arena alloc=2MB (3060008B) java alloc=158KB (162368B) native alloc=1324KB (1355976B) free=5MB (5459768B)
09-05 20:34:34.158  3699  3699 I dex2oat : /system/bin/dex2oat --compiler-filter=speed
09-05 20:34:34.231  3699  3699 I dex2oat : dex2oat took 73.648ms (threads: 8) arena alloc=588KB (602416B) java alloc=83KB (85040B) native alloc=988KB (1012032B) free=4MB (4755136B)
09-05 20:34:34.250  3708  3708 I dex2oat : /system/bin/dex2oat --compiler-filter=speed
09-05 20:34:34.398  3708  3708 I dex2oat : dex2oat took 147.858ms (threads: 8) arena alloc=2MB (2163592B) java alloc=481KB (492656B) native alloc=1296KB (1327168B) free=5MB (6012864B)
09-05 20:34:34.401  3560  3560 E art     : DexFile_getDexOptNeeded file '/system/framework/org.apache.http.legacy.jar' does not exist
09-05 20:34:34.401  3560  3560 W PackageManager: Library not found: /system/framework/org.apache.http.legacy.jar
09-05 20:34:34.417  3717  3717 I dex2oat : /system/bin/dex2oat --compiler-filter=speed
09-05 20:34:34.489  3717  3717 I dex2oat : dex2oat took 71.835ms (threads: 8) arena alloc=430KB (440664B) java alloc=121KB (124784B) native alloc=1191KB (1219672B) free=3MB (3498920B)
09-05 20:34:34.507  3726  3726 I dex2oat : /system/bin/dex2oat --compiler-filter=speed
09-05 20:34:34.574  3726  3726 I dex2oat : dex2oat took 66.903ms (threads: 8) arena alloc=294KB (301720B) java alloc=136KB (139928B) native alloc=1117KB (1143896B) free=1954KB (2001832B)
09-05 20:34:34.592  3735  3735 I dex2oat : /system/bin/dex2oat --compiler-filter=speed
09-05 20:34:34.614  3735  3735 I dex2oat : dex2oat took 22.423ms (threads: 8) arena alloc=84KB (86488B) java alloc=59KB (61128B) native alloc=1029KB (1054288B) free=2042KB (2091440B)
09-05 20:34:34.632  3165  3165 D wrapperGPS: wrapperConnect_RILD
09-05 20:34:34.633  3744  3744 I dex2oat : /system/bin/dex2oat --compiler-filter=speed
09-05 20:34:34.667  3744  3744 I dex2oat : dex2oat took 34.542ms (threads: 8) arena alloc=708KB (725360B) java alloc=241KB (247632B) native alloc=1302KB (1333952B) free=4MB (4433216B)
09-05 20:34:34.685  3753  3753 I dex2oat : /system/bin/dex2oat --compiler-filter=speed
09-05 20:34:34.709  3753  3753 I dex2oat : dex2oat took 24.262ms (threads: 8) arena alloc=262KB (268856B) java alloc=37KB (38472B) native alloc=1101KB (1127512B) free=1970KB (2018216B)
09-05 20:34:34.727  3762  3762 I dex2oat : /system/bin/dex2oat --compiler-filter=speed
09-05 20:34:34.796  3762  3762 I dex2oat : dex2oat took 68.822ms (threads: 8) arena alloc=3MB (3436296B) java alloc=123KB (126184B) native alloc=1334KB (1366200B) free=5MB (5973832B)
09-05 20:34:34.814  3771  3771 I dex2oat : /system/bin/dex2oat --compiler-filter=speed
09-05 20:34:34.925  3771  3771 I dex2oat : dex2oat took 111.606ms (threads: 8) arena alloc=1651KB (1690896B) java alloc=457KB (468144B) native alloc=1412KB (1446232B) free=4MB (4845224B)
09-05 20:34:34.928  3560  3560 E art     : DexFile_getDexOptNeeded file '/system/framework/org.apache.http.legacy.jar' does not exist
09-05 20:34:34.929  3560  3560 W PackageManager: Library not found: /system/framework/org.apache.http.legacy.jar
09-05 20:34:34.945  3780  3780 I dex2oat : /system/bin/dex2oat --compiler-filter=speed
09-05 20:34:34.974  3780  3780 I dex2oat : dex2oat took 29.341ms (threads: 8) arena alloc=564KB (578536B) java alloc=87KB (90048B) native alloc=1167KB (1195976B) free=2MB (2998328B)
09-05 20:34:34.992  3789  3789 I dex2oat : /system/bin/dex2oat --compiler-filter=speed
09-05 20:34:35.021  3789  3789 I dex2oat : dex2oat took 29.405ms (threads: 8) arena alloc=323KB (331304B) java alloc=113KB (116528B) native alloc=1105KB (1131736B) free=2MB (2538280B)
09-05 20:34:35.039  3798  3798 I dex2oat : /system/bin/dex2oat --compiler-filter=speed
09-05 20:34:35.063  3798  3798 I dex2oat : dex2oat took 24.629ms (threads: 8) arena alloc=102KB (105336B) java alloc=59KB (61384B) native alloc=1036KB (1061680B) free=2MB (2608336B)
09-05 20:34:35.066  3560  3560 D PackageManager: No files in app dir /vendor/overlay
09-05 20:34:35.067  3560  3560 D PackageManager: start scanDirLI:/system/framework
09-05 20:34:35.067  3560  3560 D PackageManager: max thread:6
09-05 20:34:35.094  3560  3808 I PackageManager: /system/framework/org.cyanogenmod.platform-res.apk changed; collecting certs
09-05 20:34:35.107  3560  3808 W PackageManager: Permission cyanogenmod.permission.WRITE_ALARMS from package cyanogenmod.platform in an unknown group android.permission-group.SYSTEM_CLOCK
09-05 20:34:35.108  3560  3808 W PackageManager: Permission cyanogenmod.permission.MANAGE_ALARMS from package cyanogenmod.platform in an unknown group android.permission-group.SYSTEM_CLOCK
09-05 20:34:35.108  3560  3808 W PackageManager: Permission cyanogenmod.permission.READ_ALARMS from package cyanogenmod.platform in an unknown group android.permission-group.SYSTEM_CLOCK
09-05 20:34:35.159  3560  3807 I PackageManager: /system/framework/framework-res.apk changed; collecting certs
09-05 20:34:35.252  3560  3560 D PackageManager: end scanDirLI:/system/framework
09-05 20:34:35.254  3560  3560 D PackageManager: start scanDirLI:/system/priv-app
09-05 20:34:35.254  3560  3560 D PackageManager: max thread:6
09-05 20:34:35.268  3560  3810 I PackageManager: /system/priv-app/BackupRestoreConfirmation changed; collecting certs
09-05 20:34:35.269  3560  3807 I PackageManager: /system/priv-app/CMSettingsProvider changed; collecting certs
09-05 20:34:35.271  3560  3812 I PackageManager: /system/priv-app/CMAudioService changed; collecting certs
09-05 20:34:35.272  3560  3809 I PackageManager: /system/priv-app/AudioFX changed; collecting certs
09-05 20:34:35.278  3560  3811 I PackageManager: /system/priv-app/BlockedNumberProvider changed; collecting certs
09-05 20:34:35.280  3560  3807 I PackageManager: /system/priv-app/CallLogBackup changed; collecting certs
09-05 20:34:35.283  3560  3811 I PackageManager: New shared user android.uid.shared: id=10003
09-05 20:34:35.287  3560  3812 I PackageManager: /system/priv-app/CarrierConfig changed; collecting certs
09-05 20:34:35.290  3560  3808 I PackageManager: /system/priv-app/CMParts changed; collecting certs
09-05 20:34:35.291  3560  3810 I PackageManager: /system/priv-app/CalendarProvider changed; collecting certs
09-05 20:34:35.296  3560  3810 I PackageManager: New shared user android.uid.calendar: id=10005
09-05 20:34:35.302  3560  3807 I PackageManager: /system/priv-app/ContactsProvider changed; collecting certs
09-05 20:34:35.304  3560  3812 I PackageManager: /system/priv-app/CtsShimPrivPrebuilt changed; collecting certs
09-05 20:34:35.304  3560  3810 I PackageManager: /system/priv-app/DefaultContainerService changed; collecting certs
09-05 20:34:35.305  3560  3809 I PackageManager: /system/priv-app/CellBroadcastReceiver changed; collecting certs
09-05 20:34:35.324  3560  3811 W PackageParser: No actions in intent filter at /system/priv-app/Contacts/Contacts.apk Binary XML file line #431
09-05 20:34:35.327  3560  3808 I PackageManager: /system/priv-app/DownloadProvider changed; collecting certs
09-05 20:34:35.329  3560  3810 I PackageManager: /system/priv-app/DocumentsUI changed; collecting certs
09-05 20:34:35.331  3560  3811 I PackageManager: /system/priv-app/Contacts changed; collecting certs
09-05 20:34:35.331  3560  3808 I PackageManager: New shared user android.media: id=10009
09-05 20:34:35.334  3560  3808 W PackageManager: Permission android.permission.DOWNLOAD_WITHOUT_NOTIFICATION from package com.android.providers.downloads in an unknown group android.permission-group.NETWORK
09-05 20:34:35.339  3560  3807 I PackageManager: /system/priv-app/Eleven changed; collecting certs
09-05 20:34:35.340  3560  3808 I PackageManager: /system/priv-app/ExtServices changed; collecting certs
09-05 20:34:35.350  3560  3812 W PackageParser: No actions in intent filter at /system/priv-app/Dialer/Dialer.apk Binary XML file line #207
09-05 20:34:35.353  3560  3810 I PackageManager: /system/priv-app/ExternalStorageProvider changed; collecting certs
09-05 20:34:35.353  3560  3809 I PackageManager: /system/priv-app/EmergencyInfo changed; collecting certs
09-05 20:34:35.358  3560  3812 I PackageManager: /system/priv-app/Dialer changed; collecting certs
09-05 20:34:35.360  3560  3808 I PackageManager: /system/priv-app/FusedLocation changed; collecting certs
09-05 20:34:35.375  3560  3809 I PackageManager: New shared user com.android.emergency.uid: id=10015
09-05 20:34:35.379  3560  3808 I PackageManager: /system/priv-app/InputDevices changed; collecting certs
09-05 20:34:35.389  3560  3808 I PackageManager: /system/priv-app/MmsService changed; collecting certs
09-05 20:34:35.389  3560  3811 I PackageManager: /system/priv-app/ManagedProvisioning changed; collecting certs
09-05 20:34:35.390  3560  3809 I PackageManager: /system/priv-app/MediaProvider changed; collecting certs
09-05 20:34:35.400  3560  3807 I PackageManager: /system/priv-app/LineageSetupWizard changed; collecting certs
09-05 20:34:35.405  3560  3810 I PackageManager: /system/priv-app/Gallery2 changed; collecting certs
09-05 20:34:35.412  3560  3812 I PackageManager: /system/priv-app/ProxyHandler changed; collecting certs
09-05 20:34:35.412  3560  3811 I PackageManager: /system/priv-app/OneTimeInitializer changed; collecting certs
09-05 20:34:35.415  3560  3809 I PackageManager: /system/priv-app/MtpDocumentsProvider changed; collecting certs
09-05 20:34:35.427  3560  3812 I PackageManager: /system/priv-app/SettingsProvider changed; collecting certs
09-05 20:34:35.427  3560  3809 I PackageManager: /system/priv-app/SharedStorageBackup changed; collecting certs
09-05 20:34:35.433  3560  3807 I PackageManager: /system/priv-app/Recorder changed; collecting certs
09-05 20:34:35.433  3560  3808 I PackageManager: /system/priv-app/PackageInstaller changed; collecting certs
09-05 20:34:35.441  3560  3812 I PackageManager: /system/priv-app/StatementService changed; collecting certs
09-05 20:34:35.449  3560  3809 W PackageParser: Ignoring duplicate uses-permissions/uses-permissions-sdk-m: android.permission.INSTALL_GRANT_RUNTIME_PERMISSIONS in package: com.android.shell at: Binary XML file line #102
09-05 20:34:35.455  3560  3809 I PackageManager: /system/priv-app/Shell changed; collecting certs
09-05 20:34:35.462  3560  3807 I PackageManager: /system/priv-app/StorageManager changed; collecting certs
09-05 20:34:35.462  3560  3810 I PackageManager: /system/priv-app/Tag changed; collecting certs
09-05 20:34:35.480  3560  3810 I PackageManager: /system/priv-app/TelephonyProvider changed; collecting certs
09-05 20:34:35.483  3560  3809 I PackageManager: /system/priv-app/Telecom changed; collecting certs
09-05 20:34:35.488  3560  3812 W PackageParser: Ignoring duplicate uses-permissions/uses-permissions-sdk-m: android.permission.CONFIGURE_WIFI_DISPLAY in package: com.android.systemui at: Binary XML file line #117
09-05 20:34:35.498  3560  3810 I PackageManager: /system/priv-app/Updater changed; collecting certs
09-05 20:34:35.503  3560  3812 I PackageManager: /system/priv-app/SystemUI changed; collecting certs
09-05 20:34:35.505  3560  3811 W PackageParser: Ignoring duplicate uses-permissions/uses-permissions-sdk-m: android.permission.USE_CREDENTIALS in package: com.android.settings at: Binary XML file line #56
09-05 20:34:35.505  3560  3811 W PackageParser: Ignoring duplicate uses-permissions/uses-permissions-sdk-m: android.permission.READ_SYNC_SETTINGS in package: com.android.settings at: Binary XML file line #61
09-05 20:34:35.506  3560  3811 W PackageParser: Ignoring duplicate uses-permissions/uses-permissions-sdk-m: android.permission.WRITE_SYNC_SETTINGS in package: com.android.settings at: Binary XML file line #62
09-05 20:34:35.512  3560  3807 I PackageManager: /system/priv-app/Trebuchet changed; collecting certs
09-05 20:34:35.512  3560  3810 I PackageManager: /system/priv-app/VpnDialogs changed; collecting certs
09-05 20:34:35.519  3560  3809 I PackageManager: /system/priv-app/WallpaperCropper changed; collecting certs
09-05 20:34:35.521  3560  3808 I PackageManager: /system/priv-app/TeleService changed; collecting certs
09-05 20:34:35.527  3560  3807 W PackageManager: Permission com.android.launcher.permission.INSTALL_SHORTCUT from package com.cyanogenmod.trebuchet in an unknown group android.permission-group.SYSTEM_TOOLS
09-05 20:34:35.527  3560  3807 W PackageManager: Permission com.android.launcher3.permission.READ_SETTINGS from package com.cyanogenmod.trebuchet in an unknown group android.permission-group.SYSTEM_TOOLS
09-05 20:34:35.527  3560  3807 W PackageManager: Permission com.android.launcher3.permission.WRITE_SETTINGS from package com.cyanogenmod.trebuchet in an unknown group android.permission-group.SYSTEM_TOOLS
09-05 20:34:35.533  3560  3809 I PackageManager: /system/priv-app/WeatherProvider changed; collecting certs
09-05 20:34:35.535  3560  3810 I PackageManager: /system/priv-app/WeatherManagerService changed; collecting certs
09-05 20:34:35.547  3560  3812 I PackageManager: New shared user android.uid.systemui: id=10033
09-05 20:34:35.620  3560  3811 I PackageManager: /system/priv-app/Settings changed; collecting certs
09-05 20:34:35.632  3165  3165 D wrapperGPS: wrapperConnect_RILD
09-05 20:34:35.710  3560  3560 D PackageManager: end scanDirLI:/system/priv-app
09-05 20:34:35.711  3560  3560 D PackageManager: start scanDirLI:/system/app
09-05 20:34:35.711  3560  3560 D PackageManager: max thread:6
09-05 20:34:35.718  3560  3809 I PackageManager: /system/app/BasicDreams changed; collecting certs
09-05 20:34:35.719  3560  3808 I PackageManager: /system/app/BookmarkProvider changed; collecting certs
09-05 20:34:35.721  3560  3807 I PackageManager: /system/app/AdvancedDisplay changed; collecting certs
09-05 20:34:35.726  3560  3812 I PackageManager: /system/app/BluetoothMidiService changed; collecting certs
09-05 20:34:35.732  3560  3810 W PackageParser: No actions in intent filter at /system/app/Bluetooth/Bluetooth.apk Binary XML file line #226
09-05 20:34:35.735  3560  3809 I PackageManager: /system/app/CaptivePortalLogin changed; collecting certs
09-05 20:34:35.737  3560  3810 I PackageManager: /system/app/Bluetooth changed; collecting certs
09-05 20:34:35.738  3560  3811 I PackageManager: /system/app/Calendar changed; collecting certs
09-05 20:34:35.742  3560  3807 I PackageManager: /system/app/CtsShimPrebuilt changed; collecting certs
09-05 20:34:35.747  3560  3807 W PackageManager: Non-privileged app; cap priority to 0; package: com.android.cts.ctsshim activity: com.android.cts.ctsshim.InstallPriority origPrio: 100
09-05 20:34:35.747  3560  3807 W PackageManager: Non-privileged app; cap priority to 0; package: com.android.cts.ctsshim activity: com.android.cts.ctsshim.InstallPriority origPrio: 100
09-05 20:34:35.747  3560  3807 W PackageManager: Non-privileged app; cap priority to 0; package: com.android.cts.ctsshim activity: com.android.cts.ctsshim.InstallPriority origPrio: 100
09-05 20:34:35.747  3560  3807 W PackageManager: Non-privileged app; cap priority to 0; package: com.android.cts.ctsshim activity: com.android.cts.ctsshim.InstallPriority origPrio: 100
09-05 20:34:35.747  3560  3807 W PackageManager: Non-privileged app; cap priority to 0; package: com.android.cts.ctsshim activity: com.android.cts.ctsshim.InstallPriority origPrio: 100
09-05 20:34:35.753  3560  3811 W PackageManager: Non-privileged app; cap priority to 0; package: com.android.calendar activity: com.android.calendar.GoogleCalendarUriIntentFilter origPrio: 50
09-05 20:34:35.754  3560  3808 I PackageManager: /system/app/Camera2 changed; collecting certs
09-05 20:34:35.755  3560  3809 W PackageParser: Ignoring duplicate uses-permissions/uses-permissions-sdk-m: android.permission.WRITE_SETTINGS in package: com.android.deskclock at: Binary XML file line #45
09-05 20:34:35.758  3560  3812 I PackageManager: /system/app/CertInstaller changed; collecting certs
09-05 20:34:35.763  3560  3811 I PackageManager: /system/app/DownloadProviderUi changed; collecting certs
09-05 20:34:35.770  3560  3810 I PackageManager: /system/app/EasterEgg changed; collecting certs
09-05 20:34:35.771  3560  3807 I PackageManager: /system/app/Development changed; collecting certs
09-05 20:34:35.777  3560  3809 I PackageManager: /system/app/DeskClock changed; collecting certs
09-05 20:34:35.777  3560  3811 I PackageManager: /system/app/ExactCalculator changed; collecting certs
09-05 20:34:35.788  3560  3810 I PackageManager: /system/app/ExtShared changed; collecting certs
09-05 20:34:35.788  3560  3807 I PackageManager: /system/app/Exchange2 changed; collecting certs
09-05 20:34:35.797  3560  3808 I PackageManager: /system/app/HTMLViewer changed; collecting certs
09-05 20:34:35.804  3560  3811 I PackageManager: /system/app/Jelly changed; collecting certs
09-05 20:34:35.805  3560  3810 I PackageManager: /system/app/KeyChain changed; collecting certs
09-05 20:34:35.809  3560  3807 I PackageManager: /system/app/LiveWallpapersPicker changed; collecting certs
09-05 20:34:35.816  3560  3808 I PackageManager: /system/app/LockClock changed; collecting certs
09-05 20:34:35.823  3560  3811 W PackageParser: Ignoring duplicate uses-permissions/uses-permissions-sdk-m: android.permission.CHANGE_WIFI_STATE in package: com.android.nfc at: Binary XML file line #47
09-05 20:34:35.823  3560  3811 W PackageParser: Ignoring duplicate uses-permissions/uses-permissions-sdk-m: android.permission.ACCESS_WIFI_STATE in package: com.android.nfc at: Binary XML file line #48
09-05 20:34:35.824  3560  3807 I PackageManager: /system/app/PacProcessor changed; collecting certs
09-05 20:34:35.828  3560  3811 I PackageManager: /system/app/NfcNci changed; collecting certs
09-05 20:34:35.830  3560  3812 I PackageManager: /system/app/Email changed; collecting certs
09-05 20:34:35.832  3560  3809 I PackageManager: /system/app/LatinIME changed; collecting certs
09-05 20:34:35.837  3560  3810 I PackageManager: /system/app/PhotoTable changed; collecting certs
09-05 20:34:35.839  3560  3807 I PackageManager: /system/app/PicoTts changed; collecting certs
09-05 20:34:35.846  3560  3811 I PackageManager: /system/app/PrintRecommendationService changed; collecting certs
09-05 20:34:35.857  3560  3808 I PackageManager: /system/app/PrintSpooler changed; collecting certs
09-05 20:34:35.857  3560  3807 I PackageManager: /system/app/RootPA changed; collecting certs
09-05 20:34:35.859  3560  3810 I PackageManager: /system/app/Profiles changed; collecting certs
09-05 20:34:35.870  3560  3812 W PackageManager: Permission com.android.email.permission.READ_ATTACHMENT from package com.android.email in an unknown group android.permission-group.MESSAGES
09-05 20:34:35.871  3560  3811 I PackageManager: /system/app/Stk changed; collecting certs
09-05 20:34:35.874  3560  3807 I PackageManager: /system/app/Terminal changed; collecting certs
09-05 20:34:35.878  3560  3810 I PackageManager: /system/app/WAPPushManager changed; collecting certs
09-05 20:34:35.878  3560  3812 I PackageManager: /system/app/UserDictionaryProvider changed; collecting certs
09-05 20:34:35.883  3560  3807 W PackageManager: Failed to parse /system/app/mcRegistry: Missing base APK in /system/app/mcRegistry
09-05 20:34:35.886  3560  3808 I PackageManager: /system/app/WallpaperBackup changed; collecting certs
09-05 20:34:35.890  3560  3811 I PackageManager: /system/app/WallpaperPicker changed; collecting certs
09-05 20:34:35.895  3560  3810 I PackageManager: /system/app/telresources changed; collecting certs
09-05 20:34:35.908  3560  3812 I PackageManager: /system/app/webview changed; collecting certs
09-05 20:34:35.926  3560  3807 I PackageManager: /system/app/messaging changed; collecting certs
09-05 20:34:36.255  3560  3560 D PackageManager: end scanDirLI:/system/app
09-05 20:34:36.255  3560  3560 D PackageManager: No files in app dir /system/vendor/app
09-05 20:34:36.255  3560  3560 D PackageManager: No files in app dir /oem/app
09-05 20:34:36.259  3560  3560 D PackageManager: No files in app dir /data/app
09-05 20:34:36.259  3560  3560 D PackageManager: No files in app dir /data/app-private
09-05 20:34:36.259  3560  3560 D PackageManager: No files in app dir /data/app-ephemeral
09-05 20:34:36.262  3560  3560 E PackageManager: There should probably be exactly one setup wizard; found 0: matches=[]
09-05 20:34:36.262  3560  3560 W PackageManager: Protected action; cap priority to 0; package: com.android.cts.priv.ctsshim activity: com.android.cts.priv.ctsshim.InstallPriority origPrio: 100
09-05 20:34:36.263  3560  3560 W PackageManager: Protected action; cap priority to 0; package: com.android.cts.priv.ctsshim activity: com.android.cts.priv.ctsshim.InstallPriority origPrio: 100
09-05 20:34:36.263  3560  3560 W PackageManager: Protected action; cap priority to 0; package: com.android.cts.priv.ctsshim activity: com.android.cts.priv.ctsshim.InstallPriority origPrio: 100
09-05 20:34:36.263  3560  3560 W PackageManager: Protected action; cap priority to 0; package: com.android.cts.priv.ctsshim activity: com.android.cts.priv.ctsshim.InstallPriority origPrio: 100
09-05 20:34:36.263  3560  3560 W PackageManager: Protected action; cap priority to 0; package: com.android.packageinstaller activity: com.android.packageinstaller.PackageInstallerActivity origPrio: 1
09-05 20:34:36.263  3560  3560 W PackageManager: Package com.android.gallery3d desires unavailable shared library com.google.android.media.effects; ignoring!
09-05 20:34:36.263  3560  3560 W PackageManager: Package com.android.gallery3d desires unavailable shared library com.google.android.media.effects; ignoring!
09-05 20:34:36.264  3560  3560 I PackageManager: Adjusting ABI for com.android.providers.downloads.ui to arm64-v8a (requirer=com.android.mtp, scannedPackage=null)
09-05 20:34:36.264  3560  3560 I PackageManager: Adjusting ABI for com.android.providers.downloads to arm64-v8a (requirer=com.android.mtp, scannedPackage=null)
09-05 20:34:36.265  3560  3560 I PackageManager: Adjusting ABI for com.android.providers.media to arm64-v8a (requirer=com.android.mtp, scannedPackage=null)
09-05 20:34:36.266  3560  3560 I PackageManager: Adjusting ABI for com.android.inputdevices to arm64-v8a (requirer=android, scannedPackage=null)
09-05 20:34:36.266  3560  3560 I PackageManager: Adjusting ABI for com.cyanogenmod.setupwizard to arm64-v8a (requirer=android, scannedPackage=null)
09-05 20:34:36.266  3560  3560 I PackageManager: Adjusting ABI for cyanogenmod.platform to arm64-v8a (requirer=android, scannedPackage=null)
09-05 20:34:36.266  3170  3170 E         : invalid apk path '/system/framework/org.cyanogenmod.platform-res.apk' (bad prefix)
09-05 20:34:36.267  3560  3560 I PackageManager: Adjusting ABI for org.cyanogenmod.cmparts to arm64-v8a (requirer=android, scannedPackage=null)
09-05 20:34:36.267  3560  3560 I PackageManager: Adjusting ABI for com.android.keychain to arm64-v8a (requirer=android, scannedPackage=null)
09-05 20:34:36.268  3560  3560 I PackageManager: Adjusting ABI for com.android.server.telecom to arm64-v8a (requirer=android, scannedPackage=null)
09-05 20:34:36.268  3560  3560 I PackageManager: Adjusting ABI for com.android.providers.settings to arm64-v8a (requirer=android, scannedPackage=null)
09-05 20:34:36.268  3560  3560 I PackageManager: Adjusting ABI for com.android.wallpaperbackup to arm64-v8a (requirer=android, scannedPackage=null)
09-05 20:34:36.269  3560  3560 I PackageManager: Adjusting ABI for org.cyanogenmod.cmsettings to arm64-v8a (requirer=android, scannedPackage=null)
09-05 20:34:36.269  3560  3560 I PackageManager: Adjusting ABI for com.cyanogenmod.settings.device to arm64-v8a (requirer=android, scannedPackage=null)
09-05 20:34:36.270  3560  3560 I PackageManager: Adjusting ABI for com.android.development to arm64-v8a (requirer=android, scannedPackage=null)
09-05 20:34:36.270  3560  3560 I PackageManager: Adjusting ABI for com.android.settings to arm64-v8a (requirer=android, scannedPackage=null)
09-05 20:34:36.270  3560  3560 I PackageManager: Adjusting ABI for com.android.location.fused to arm64-v8a (requirer=android, scannedPackage=null)
09-05 20:34:36.272  3560  3560 I PackageManager: Time to scan packages: 2.755 seconds
09-05 20:34:36.274  3560  3560 W PackageManager: Unknown permission com.google.android.googleapps.permission.GOOGLE_AUTH in package com.android.providers.calendar
09-05 20:34:36.274  3560  3560 W PackageManager: Unknown permission com.google.android.googleapps.permission.GOOGLE_AUTH.cl in package com.android.providers.calendar
09-05 20:34:36.280  3560  3560 W PackageManager: Unknown permission cyanogenmod.permission.LEGALESE in package com.cyanogenmod.setupwizard
09-05 20:34:36.282  3560  3560 W PackageManager: Unknown permission com.android.gallery3d.permission.STORAGE_CHANGE in package com.android.camera2
09-05 20:34:36.283  3560  3560 W PackageManager: Unknown permission android.permission.NFC_UNLOCK in package com.android.nfc
09-05 20:34:36.287  3560  3560 W PackageManager: Unknown permission com.google.android.googleapps.permission.GOOGLE_AUTH.mail in package com.android.calendar
09-05 20:34:36.288  3560  3560 W PackageManager: Unknown permission com.android.launcher.permission.READ_SETTINGS in package com.android.onetimeinitializer
09-05 20:34:36.288  3560  3560 W PackageManager: Unknown permission com.android.launcher.permission.WRITE_SETTINGS in package com.android.onetimeinitializer
09-05 20:34:36.293  3560  3560 W PackageManager: Unknown permission com.android.launcher.permission.READ_SETTINGS in package com.cyanogenmod.trebuchet
09-05 20:34:36.293  3560  3560 W PackageManager: Unknown permission com.android.launcher.permission.WRITE_SETTINGS in package com.cyanogenmod.trebuchet
09-05 20:34:36.295  3560  3560 W PackageManager: Unknown permission com.google.android.permission.INSTALL_WEARABLE_PACKAGES in package com.android.packageinstaller
09-05 20:34:36.295  3560  3560 W PackageManager: Not granting permission android.permission.DELETE_PACKAGES to package com.svox.pico (protectionLevel=18 flags=0x3808be45)
09-05 20:34:36.297  3560  3560 W PackageManager: Unknown permission com.google.android.gallery3d.permission.PICASA_STORE in package com.android.dreams.phototable
09-05 20:34:36.299  3560  3560 W PackageManager: Unknown permission com.google.android.googleapps.permission.GOOGLE_AUTH in package com.android.settings
09-05 20:34:36.300  3560  3560 W PackageManager: Unknown permission com.android.launcher.permission.READ_SETTINGS in package com.android.settings
09-05 20:34:36.300  3560  3560 W PackageManager: Unknown permission com.android.launcher.permission.WRITE_SETTINGS in package com.android.settings
09-05 20:34:36.313  3560  3560 W PackageManager: Not granting permission android.permission.MANAGE_DOCUMENTS to package com.android.deskclock (protectionLevel=2 flags=0x3c49be45)
09-05 20:34:36.314  3560  3560 W PackageManager: Unknown permission com.android.deskclock.worldclock.permissions.WRITE_DATABASE in package com.android.deskclock
09-05 20:34:36.314  3560  3560 W PackageManager: Unknown permission org.codeaurora.permission.POWER_ON_ALERT in package com.android.deskclock
09-05 20:34:36.314  3560  3560 W PackageManager: Not granting permission android.permission.WRITE_SECURE_SETTINGS to package com.android.deskclock (protectionLevel=50 flags=0x3c49be45)
09-05 20:34:36.319  3560  3560 W PackageManager: Unknown permission com.cyanogenmod.lockclock.permission.READ_WEATHER in package com.android.systemui
09-05 20:34:36.322  3560  3560 W PackageManager: Unknown permission com.google.android.gallery3d.permission.GALLERY_PROVIDER in package com.android.bluetooth
09-05 20:34:36.324  3560  3560 W PackageManager: Unknown permission com.google.android.googleapps.permission.ACCESS_GOOGLE_PASSWORD in package com.android.development
09-05 20:34:36.324  3560  3560 W PackageManager: Unknown permission com.google.android.googleapps.permission.GOOGLE_AUTH in package com.android.development
09-05 20:34:36.324  3560  3560 W PackageManager: Unknown permission com.google.android.googleapps.permission.GOOGLE_AUTH.ALL_SERVICES in package com.android.development
09-05 20:34:36.324  3560  3560 W PackageManager: Unknown permission com.google.android.googleapps.permission.GOOGLE_AUTH.YouTubeUser in package com.android.development
09-05 20:34:36.326  3560  3560 V PackageManager: reconcileAppsData for null u0 0x3
09-05 20:34:36.327  3170  3170 E SELinux : selinux_android_file_context_handle: Error getting file context handle (No such file or directory)
09-05 20:34:36.469  3560  3560 V PackageManager: reconcileAppsData finished 93 packages
09-05 20:34:36.469  3560  3560 V PackageManager: Disabling com.google.android.gsf/com.google.android.gsf.update.SystemUpdateActivity
09-05 20:34:36.470  3560  3560 W PackageManager: Unable to disable com.google.android.gsf/com.google.android.gsf.update.SystemUpdateActivity
09-05 20:34:36.470  3560  3560 V PackageManager: Disabling com.google.android.gsf/com.google.android.gsf.update.SystemUpdateService$Receiver
