09-16 19:08:28.729  3584  3584 I SystemServiceManager: Starting com.android.server.restrictions.RestrictionsManagerService
09-16 19:08:28.730  3584  3584 I SystemServiceManager: Starting com.android.server.media.MediaSessionService
09-16 19:08:28.736  3584  3584 I SystemServer: StartMediaRouterService
09-16 19:08:28.738  3584  3584 I SystemServiceManager: Starting com.android.server.trust.TrustManagerService
09-16 19:08:28.739  3584  3584 I SystemServiceManager: Starting com.android.server.fingerprint.FingerprintService
09-16 19:08:28.768  3584  3584 V FingerprintService: Fingerprint HAL id: 547635888640
09-16 19:08:28.769  3584  3584 I SystemServer: StartBackgroundDexOptService
09-16 19:08:28.769  3584  3584 I SystemServiceManager: Starting com.android.server.pm.ShortcutService$Lifecycle
09-16 19:08:28.773  3584  3584 I SystemServiceManager: Starting com.android.server.pm.LauncherAppsService
09-16 19:08:28.775  3584  3584 I SystemServiceManager: Starting com.android.server.media.projection.MediaProjectionManagerService
09-16 19:08:28.812  3584  3584 I SyncManager: No initial accounts
09-16 19:08:28.812  3584  3584 I SyncManager: No initial status
09-16 19:08:28.812  3584  3584 I SyncManager: No initial statistics
09-16 19:08:28.894  3584  3584 I SystemServiceManager: Starting com.android.server.MmsServiceBroker
09-16 19:08:28.898  3584  3584 I CMSystemServer: Attempting to start service org.cyanogenmod.platform.internal.CMStatusBarManagerService
09-16 19:08:28.906  3584  3584 I CMSystemServer: Starting service org.cyanogenmod.platform.internal.CMStatusBarManagerService
09-16 19:08:28.906  3584  3584 I SystemServiceManager: Starting org.cyanogenmod.platform.internal.CMStatusBarManagerService
09-16 19:08:28.909  3584  3584 I CMSystemServer: Attempting to start service org.cyanogenmod.platform.internal.ProfileManagerService
09-16 19:08:28.917  3584  3584 I CMSystemServer: Starting service org.cyanogenmod.platform.internal.ProfileManagerService
09-16 19:08:28.918  3584  3584 I SystemServiceManager: Starting org.cyanogenmod.platform.internal.ProfileManagerService
09-16 19:08:28.937  3584  3584 I CMSystemServer: Attempting to start service org.cyanogenmod.platform.internal.CMTelephonyManagerService
09-16 19:08:28.937  3584  3584 I CMSystemServer: Starting service org.cyanogenmod.platform.internal.CMTelephonyManagerService
09-16 19:08:28.937  3584  3584 I SystemServiceManager: Starting org.cyanogenmod.platform.internal.CMTelephonyManagerService
09-16 19:08:28.938  3584  3584 I CMSystemServer: Attempting to start service org.cyanogenmod.platform.internal.CMHardwareService
09-16 19:08:28.948  3584  3584 I CMSystemServer: Starting service org.cyanogenmod.platform.internal.CMHardwareService
09-16 19:08:28.948  3584  3584 I SystemServiceManager: Starting org.cyanogenmod.platform.internal.CMHardwareService
09-16 19:08:28.952  3584  3584 I CMSystemServer: Attempting to start service org.cyanogenmod.platform.internal.PerformanceManagerService
09-16 19:08:28.954  3584  4710 I ServiceThread: Enabled StrictMode logging for PerformanceManager looper.
09-16 19:08:28.954  3584  3584 I CMSystemServer: Starting service org.cyanogenmod.platform.internal.PerformanceManagerService
09-16 19:08:28.955  3584  3584 I SystemServiceManager: Starting org.cyanogenmod.platform.internal.PerformanceManagerService
09-16 19:08:28.956  3584  4711 I ServiceThread: Enabled StrictMode logging for PerformanceManager looper.
09-16 19:08:28.956  3584  3584 I CMSystemServer: Attempting to start service org.cyanogenmod.platform.internal.WeatherManagerServiceBroker
09-16 19:08:28.957  3584  3584 I CMSystemServer: Starting service org.cyanogenmod.platform.internal.WeatherManagerServiceBroker
09-16 19:08:28.957  3584  3584 I SystemServiceManager: Starting org.cyanogenmod.platform.internal.WeatherManagerServiceBroker
09-16 19:08:28.958  3584  3584 I CMSystemServer: Attempting to start service org.cyanogenmod.platform.internal.display.LiveDisplayService
09-16 19:08:28.961  3584  4712 I ServiceThread: Enabled StrictMode logging for LiveDisplay looper.
09-16 19:08:28.964  3584  3584 I CMSystemServer: Starting service org.cyanogenmod.platform.internal.display.LiveDisplayService
09-16 19:08:28.964  3584  3584 I SystemServiceManager: Starting org.cyanogenmod.platform.internal.display.LiveDisplayService
09-16 19:08:28.966  3584  4713 I ServiceThread: Enabled StrictMode logging for LiveDisplay looper.
09-16 19:08:28.969  3584  3584 I CMSystemServer: Attempting to start service org.cyanogenmod.platform.internal.CMAudioServiceBroker
09-16 19:08:28.970  3584  3584 I CMSystemServer: Starting service org.cyanogenmod.platform.internal.CMAudioServiceBroker
09-16 19:08:28.970  3584  3584 I SystemServiceManager: Starting org.cyanogenmod.platform.internal.CMAudioServiceBroker
09-16 19:08:28.970  3584  3584 I SystemServiceManager: Starting com.android.server.retaildemo.RetailDemoModeService
09-16 19:08:28.971  3584  4714 I ServiceThread: Enabled StrictMode logging for RetailDemoModeService looper.
09-16 19:08:29.174  3584  3584 I LockSettingsService: Migrated lock settings to new location
09-16 19:08:29.195  3584  3584 I LockSettingsService: Migrated per-user lock settings to new location
09-16 19:08:29.239  3584  3584 I LockSettingsService: Migrated biometric weak to use the fallback instead
09-16 19:08:29.261  3584  3584 I LockSettingsService: Migrated lockscreen disabled flag
09-16 19:08:29.267  3584  3584 E LockSettingsStorage: Cannot read file java.io.FileNotFoundException: /data/system/gatekeeper.password.key: open failed: ENOENT (No such file or directory)
09-16 19:08:29.268  3584  3584 E LockSettingsStorage: Cannot read file java.io.FileNotFoundException: /data/system/password.key: open failed: ENOENT (No such file or directory)
09-16 19:08:29.268  3584  3584 E LockSettingsStorage: Cannot read file java.io.FileNotFoundException: /data/system/gatekeeper.pattern.key: open failed: ENOENT (No such file or directory)
09-16 19:08:29.268  3584  3584 E LockSettingsStorage: Cannot read file java.io.FileNotFoundException: /data/system/gatekeeper.gesture.key: open failed: ENOENT (No such file or directory)
09-16 19:08:29.269  3584  3584 E LockSettingsStorage: Cannot read file java.io.FileNotFoundException: /data/system/gesture.key: open failed: ENOENT (No such file or directory)
09-16 19:08:29.269  3584  3584 I SystemServiceManager: Starting phase 480
09-16 19:08:29.272  3584  3584 I SystemServiceManager: Starting phase 500
09-16 19:08:29.282  3584  3584 I WifiService: WifiService starting up with Wi-Fi enabled
09-16 19:08:29.284  3584  3584 D WifiService: setWifiEnabled: true pid=3584, uid=1000
09-16 19:08:29.294  3584  4678 D ConnectivityService: Got NetworkFactory Messenger for Ethernet
09-16 19:08:29.313  3584  3584 D ZenLog  : config: cleanUpZenRules,ZenModeConfig[user=0,allowCalls=true,allowRepeatCallers=false,allowMessages=false,allowCallsFrom=contacts,allowMessagesFrom=contacts,allowReminders=true,allowEvents=true,allowWhenScreenOff=true,allowWhenScreenOn=true,automaticRules={db18390baa514a99bee413833ba7e448=ZenRule[enabled=false,snoozing=false,name=Weekend,zenMode=ZEN_MODE_ALARMS,conditionId=condition://android/schedule?days=6.7&start=23.30&end=10.0&exitAtAlarm=false,condition=null,component=ComponentInfo{android/com.android.server.notification.ScheduleConditionProvider},id=db18390baa514a99bee413833ba7e448,creationTime=1505599707423,enabler=null], aaef34d8e32243689fb16ab36583151e=ZenRule[enabled=false,snoozing=false,name=Weeknight,zenMode=ZEN_MODE_ALARMS,conditionId=condition://android/schedule?days=1.2.3.4.5&start=22.0&end=7.0&exitAtAlarm=false,condition=null,component=ComponentInfo{android/com.android.server.notification.ScheduleConditionProvider},id=aaef34d8e32243689fb16ab36583151e,creationTime=1505599707423,enabler=null], 674760e47d624529a934db64dd63939e=ZenRule[enabled=false,snoozing=false,name=Event,zenMode=ZEN_MODE_ALARMS,conditionId=condition://android/event?userId=-10000&calendar=&reply=1,condition=null,component=ComponentInfo{android/com.android.server.notification.EventConditionProvider},id=674760e47d624529a934db64dd63939e,creationTime=1505599707424,enabler=null]},manualRule=null],Diff[]
09-16 19:08:29.314  3584  3584 D ZenLog  : set_zen_mode: off,onSystemReady
09-16 19:08:29.317  3584  3584 W SoundTriggerHelper: listModules status=0, # of modules=0
09-16 19:08:29.322  3584  3584 E PerformanceManager: System is not ready, dropping profile request
09-16 19:08:29.378  3584  3693 W LocalDisplayAdapter: Unable to find color mode 0, ignoring request.
09-16 19:08:29.380  3584  3584 D VoldConnector: SND -> {4 volume remount_uid 1001 none}
09-16 19:08:29.381  3075  3144 D vold    : Remounting 1001 as mode none
09-16 19:08:29.385  3075  3144 D vold    : Found matching PID 3595
09-16 19:08:29.385  3075  3144 W vold    : Skipping due to root namespace
09-16 19:08:29.385  3075  3144 D vold    : Found matching PID 3596
09-16 19:08:29.385  3075  3144 W vold    : Skipping due to root namespace
09-16 19:08:29.385  3584  4033 D VoldConnector: RCV <- {200 4 Command succeeded}
09-16 19:08:29.387  3584  3584 D VoldConnector: SND -> {5 volume remount_uid 1001 none}
09-16 19:08:29.388  3075  3144 D vold    : Remounting 1001 as mode none
09-16 19:08:29.391  3075  3144 D vold    : Found matching PID 3595
09-16 19:08:29.391  3075  3144 W vold    : Skipping due to root namespace
09-16 19:08:29.391  3075  3144 D vold    : Found matching PID 3596
09-16 19:08:29.391  3075  3144 W vold    : Skipping due to root namespace
09-16 19:08:29.391  3584  4033 D VoldConnector: RCV <- {200 5 Command succeeded}
09-16 19:08:29.394  3584  3584 D VoldConnector: SND -> {6 volume remount_uid 1027 none}
09-16 19:08:29.395  3075  3144 D vold    : Remounting 1027 as mode none
09-16 19:08:29.398  3584  4033 D VoldConnector: RCV <- {200 6 Command succeeded}
09-16 19:08:29.399  3584  3584 D VoldConnector: SND -> {7 volume remount_uid 1027 none}
09-16 19:08:29.400  3075  3144 D vold    : Remounting 1027 as mode none
09-16 19:08:29.404  3584  4033 D VoldConnector: RCV <- {200 7 Command succeeded}
09-16 19:08:29.406  3584  3584 D VoldConnector: SND -> {8 volume remount_uid 1000 none}
09-16 19:08:29.407  3075  3144 D vold    : Remounting 1000 as mode none
09-16 19:08:29.410  3075  3144 D vold    : Found matching PID 3149
09-16 19:08:29.410  3075  3144 W vold    : Skipping due to root namespace
09-16 19:08:29.410  3075  3144 D vold    : Found matching PID 3158
09-16 19:08:29.410  3075  3144 W vold    : Skipping due to root namespace
09-16 19:08:29.410  3075  3144 D vold    : Found matching PID 3159
09-16 19:08:29.410  3075  3144 W vold    : Skipping due to root namespace
09-16 19:08:29.410  3075  3144 D vold    : Found matching PID 3173
09-16 19:08:29.410  3075  3144 W vold    : Skipping due to root namespace
09-16 19:08:29.410  3075  3144 D vold    : Found matching PID 3190
09-16 19:08:29.410  3075  3144 W vold    : Skipping due to root namespace
09-16 19:08:29.410  3075  3144 D vold    : Found matching PID 3192
09-16 19:08:29.410  3075  3144 W vold    : Skipping due to root namespace
09-16 19:08:29.410  3075  3144 D vold    : Found matching PID 3584
09-16 19:08:29.452  3584  4033 D VoldConnector: RCV <- {200 8 Command succeeded}
09-16 19:08:29.454  3584  3584 D VoldConnector: SND -> {9 volume remount_uid 1000 none}
09-16 19:08:29.455  3075  3144 D vold    : Remounting 1000 as mode none
09-16 19:08:29.457  3075  3144 D vold    : Found matching PID 3149
09-16 19:08:29.457  3075  3144 W vold    : Skipping due to root namespace
09-16 19:08:29.457  3075  3144 D vold    : Found matching PID 3158
09-16 19:08:29.457  3075  3144 W vold    : Skipping due to root namespace
09-16 19:08:29.457  3075  3144 D vold    : Found matching PID 3159
09-16 19:08:29.457  3075  3144 W vold    : Skipping due to root namespace
09-16 19:08:29.457  3075  3144 D vold    : Found matching PID 3173
09-16 19:08:29.457  3075  3144 W vold    : Skipping due to root namespace
09-16 19:08:29.457  3075  3144 D vold    : Found matching PID 3190
09-16 19:08:29.457  3075  3144 W vold    : Skipping due to root namespace
09-16 19:08:29.457  3075  3144 D vold    : Found matching PID 3192
09-16 19:08:29.458  3075  3144 W vold    : Skipping due to root namespace
09-16 19:08:29.458  3075  3144 D vold    : Found matching PID 3584
09-16 19:08:29.459  3584  4033 D VoldConnector: RCV <- {200 9 Command succeeded}
09-16 19:08:29.468  3584  3584 D VoldConnector: SND -> {10 volume remount_uid 2000 none}
09-16 19:08:29.469  3075  3144 D vold    : Remounting 2000 as mode none
09-16 19:08:29.472  3584  4033 D VoldConnector: RCV <- {200 10 Command succeeded}
09-16 19:08:29.473  3584  3584 D VoldConnector: SND -> {11 volume remount_uid 2000 none}
09-16 19:08:29.474  3075  3144 D vold    : Remounting 2000 as mode none
09-16 19:08:29.477  3584  4033 D VoldConnector: RCV <- {200 11 Command succeeded}
09-16 19:08:29.480  3584  3584 D VoldConnector: SND -> {12 volume remount_uid 10033 none}
09-16 19:08:29.481  3075  3144 D vold    : Remounting 10033 as mode none
09-16 19:08:29.484  3584  4033 D VoldConnector: RCV <- {200 12 Command succeeded}
09-16 19:08:29.485  3584  3584 D VoldConnector: SND -> {13 volume remount_uid 10033 none}
09-16 19:08:29.486  3075  3144 D vold    : Remounting 10033 as mode none
09-16 19:08:29.489  3584  4033 D VoldConnector: RCV <- {200 13 Command succeeded}
09-16 19:08:29.493  3584  3584 D VoldConnector: SND -> {14 volume remount_uid 1002 none}
09-16 19:08:29.494  3075  3144 D vold    : Remounting 1002 as mode none
09-16 19:08:29.497  3584  4033 D VoldConnector: RCV <- {200 14 Command succeeded}
09-16 19:08:29.498  3584  3584 D VoldConnector: SND -> {15 volume remount_uid 1002 none}
09-16 19:08:29.499  3075  3144 D vold    : Remounting 1002 as mode none
09-16 19:08:29.502  3584  4033 D VoldConnector: RCV <- {200 15 Command succeeded}
09-16 19:08:29.506  3584  3584 W VoiceInteractionManagerService: no available voice interaction services found for user 0
09-16 19:08:29.506  3584  3584 W VoiceInteractionManagerService: no available voice recognition services found for user 0
09-16 19:08:29.537  3584  3695 W KeyguardServiceDelegate: onScreenTurningOn(): no keyguard service!
09-16 19:08:29.548  3584  3584 D VoldConnector: SND -> {16 volume remount_uid 10024 none}
09-16 19:08:29.549  3075  3144 D vold    : Remounting 10024 as mode none
09-16 19:08:29.552  3584  4033 D VoldConnector: RCV <- {200 16 Command succeeded}
09-16 19:08:29.554  3584  3584 D VoldConnector: SND -> {17 volume remount_uid 10042 none}
09-16 19:08:29.555  3075  3144 D vold    : Remounting 10042 as mode none
09-16 19:08:29.558  3584  4033 D VoldConnector: RCV <- {200 17 Command succeeded}
09-16 19:08:29.560  3584  3584 D VoldConnector: SND -> {18 volume remount_uid 10042 none}
09-16 19:08:29.561  3075  3144 D vold    : Remounting 10042 as mode none
09-16 19:08:29.564  3584  4033 D VoldConnector: RCV <- {200 18 Command succeeded}
09-16 19:08:29.565  3584  3584 D VoldConnector: SND -> {19 volume remount_uid 10009 none}
09-16 19:08:29.566  3075  3144 D vold    : Remounting 10009 as mode none
09-16 19:08:29.569  3584  4033 D VoldConnector: RCV <- {200 19 Command succeeded}
09-16 19:08:29.571  3584  3584 D VoldConnector: SND -> {20 volume remount_uid 10009 none}
09-16 19:08:29.572  3075  3144 D vold    : Remounting 10009 as mode none
09-16 19:08:29.575  3584  4033 D VoldConnector: RCV <- {200 20 Command succeeded}
09-16 19:08:29.577  3584  3584 D VoldConnector: SND -> {21 volume remount_uid 10013 none}
09-16 19:08:29.578  3075  3144 D vold    : Remounting 10013 as mode none
09-16 19:08:29.581  3584  4033 D VoldConnector: RCV <- {200 21 Command succeeded}
09-16 19:08:29.583  3584  3584 D VoldConnector: SND -> {22 volume remount_uid 10013 none}
09-16 19:08:29.583  3075  3144 D vold    : Remounting 10013 as mode none
09-16 19:08:29.586  3584  4033 D VoldConnector: RCV <- {200 22 Command succeeded}
09-16 19:08:29.598  3584  3584 D VoldConnector: SND -> {23 volume remount_uid 10004 none}
09-16 19:08:29.599  3075  3144 D vold    : Remounting 10004 as mode none
09-16 19:08:29.602  3584  4033 D VoldConnector: RCV <- {200 23 Command succeeded}
09-16 19:08:29.604  3584  3584 D VoldConnector: SND -> {24 volume remount_uid 10004 none}
09-16 19:08:29.605  3075  3144 D vold    : Remounting 10004 as mode none
09-16 19:08:29.608  3584  4033 D VoldConnector: RCV <- {200 24 Command succeeded}
09-16 19:08:29.619  3584  3584 D VoldConnector: SND -> {25 volume remount_uid 10023 none}
09-16 19:08:29.620  3075  3144 D vold    : Remounting 10023 as mode none
09-16 19:08:29.623  3584  4033 D VoldConnector: RCV <- {200 25 Command succeeded}
09-16 19:08:29.625  3584  3584 D VoldConnector: SND -> {26 volume remount_uid 10023 none}
09-16 19:08:29.625  3075  3144 D vold    : Remounting 10023 as mode none
09-16 19:08:29.628  3584  4033 D VoldConnector: RCV <- {200 26 Command succeeded}
09-16 19:08:29.635  3584  3584 D VoldConnector: SND -> {27 volume remount_uid 10014 none}
09-16 19:08:29.636  3075  3144 D vold    : Remounting 10014 as mode none
09-16 19:08:29.639  3584  4033 D VoldConnector: RCV <- {200 27 Command succeeded}
09-16 19:08:29.640  3584  3584 D VoldConnector: SND -> {28 volume remount_uid 10014 none}
09-16 19:08:29.641  3075  3144 D vold    : Remounting 10014 as mode none
09-16 19:08:29.644  3584  4033 D VoldConnector: RCV <- {200 28 Command succeeded}
09-16 19:08:29.647  3584  3584 D VoldConnector: SND -> {29 volume remount_uid 10026 none}
09-16 19:08:29.648  3075  3144 D vold    : Remounting 10026 as mode none
09-16 19:08:29.651  3584  4033 D VoldConnector: RCV <- {200 29 Command succeeded}
09-16 19:08:29.653  3584  3584 D VoldConnector: SND -> {30 volume remount_uid 10026 none}
09-16 19:08:29.654  3075  3144 D vold    : Remounting 10026 as mode none
09-16 19:08:29.657  3584  4033 D VoldConnector: RCV <- {200 30 Command succeeded}
09-16 19:08:29.659  3584  3584 V UserManagerService: Found /data/user_de/0 with serial number -1
09-16 19:08:29.659  3584  3584 D UserManagerService: Serial number missing on /data/user_de/0; assuming current is valid
09-16 19:08:29.660  3584  3584 V UserManagerService: Found /data/user/0 with serial number -1
09-16 19:08:29.660  3584  3584 D UserManagerService: Serial number missing on /data/user/0; assuming current is valid
09-16 19:08:29.660  3584  3584 V UserManagerService: Found /data/system_de/0 with serial number -1
09-16 19:08:29.660  3584  3584 D UserManagerService: Serial number missing on /data/system_de/0; assuming current is valid
09-16 19:08:29.661  3584  3584 I ActivityManager: System now ready
09-16 19:08:29.664  3584  3584 I SystemServer: Making services ready
09-16 19:08:29.664  3584  3584 I SystemServiceManager: Starting phase 550
09-16 19:08:29.668  3584  3584 D BluetoothManagerService: Bluetooth boot completed
09-16 19:08:29.668  3584  3584 D BluetoothManagerService: Getting adapter name and address
09-16 19:08:29.668  3584  3692 D BluetoothManagerService: MESSAGE_GET_NAME_AND_ADDRESS
09-16 19:08:29.668  3584  3692 D BluetoothManagerService: Binding to service to get name and address
09-16 19:08:29.741  3584  3692 W ActivityManager: Slow operation: 71ms so far, now at startProcess: returned from zygote!
09-16 19:08:29.741  3584  3692 W ActivityManager: Slow operation: 72ms so far, now at startProcess: done updating battery stats
09-16 19:08:29.741  3584  3692 W ActivityManager: Slow operation: 72ms so far, now at startProcess: building log message
09-16 19:08:29.742  3584  3692 I ActivityManager: Start proc 4736:com.android.bluetooth/1002 for service com.android.bluetooth/.btservice.AdapterService
09-16 19:08:29.742  3584  3692 W ActivityManager: Slow operation: 72ms so far, now at startProcess: starting to update pids map
09-16 19:08:29.742  3584  3692 W ActivityManager: Slow operation: 72ms so far, now at startProcess: done updating pids map
09-16 19:08:29.742  3584  3692 W ActivityManager: Slow operation: 72ms so far, now at startProcess: done starting proc!
09-16 19:08:29.753  3584  3584 E InputMethodManagerService: Ignoring updateSystemUiLocked due to an invalid token. uid:1000 token:null
09-16 19:08:29.853  3584  3584 W InputMethodManagerService: Reset the default IME as "Resource" is ready here.
09-16 19:08:29.936  3584  3584 I InputMethodManagerService: Default found, using com.android.inputmethod.latin/.LatinIME
09-16 19:08:29.937  3584  3584 W InputMethodManagerService: Illegal subtype state: old subtype = null, new subtype = android.view.inputmethod.InputMethodSubtype@c9194f98
09-16 19:08:29.953  3584  3584 I ActivityManager: Start proc 4760:com.android.inputmethod.latin/u0a64 for service com.android.inputmethod.latin/.LatinIME
09-16 19:08:29.953  3584  3584 V InputMethodManagerService: Adding window token: android.os.Binder@cff31a7
09-16 19:08:29.953  3584  4032 D MountService: Thinking about init, mSystemReady=true, mDaemonConnected=true
09-16 19:08:29.953  3584  4032 D MountService: Setting up emulation state, initlocked=false
09-16 19:08:29.954  3584  4032 D CryptdConnector: SND -> {2 cryptfs unlock_user_key 0 0 ! !}
09-16 19:08:29.955  3075  3145 D vold    : e4crypt_unlock_user_key 0 serial=0 token_present=0
09-16 19:08:29.955  3075  3145 E vold    : Failed to chmod /data/system_ce/0: No such file or directory
09-16 19:08:29.955  3075  3145 E vold    : Failed to chmod /data/misc_ce/0: No such file or directory
09-16 19:08:29.955  3584  4034 D CryptdConnector: RCV <- {200 2 Command succeeded}
09-16 19:08:29.956  3584  4032 D MountService: Thinking about reset, mSystemReady=true, mDaemonConnected=true
09-16 19:08:29.957  3584  4032 D VoldConnector: SND -> {31 volume reset}
09-16 19:08:29.957  3584  3686 I ActivityManager: Force stopping com.android.providers.media appid=10009 user=-1: vold reset
09-16 19:08:29.958  3584  3584 D UsbAlsaManager: Adding ALSA device AlsaDevice: [card: 0, device: 22, type: 1]
09-16 19:08:29.958  3584  3584 D UsbAlsaManager: Adding ALSA device AlsaDevice: [card: 0, device: 22, type: 2]
09-16 19:08:29.958  3075  3144 V vold    : /system/bin/sgdisk
09-16 19:08:29.958  3075  3144 V vold    :     --android-dump
09-16 19:08:29.958  3075  3144 V vold    :     /dev/block/vold/disk:179_0
09-16 19:08:29.958  3584  4033 D VoldConnector: RCV <- {651 emulated 7}
09-16 19:08:29.958  3584  3584 D UsbAlsaManager: Adding ALSA device AlsaDevice: [card: 0, device: 21, type: 2]
09-16 19:08:29.958  3584  3584 D UsbAlsaManager: Adding ALSA device AlsaDevice: [card: 0, device: 20, type: 2]
09-16 19:08:29.959  3584  3584 D UsbAlsaManager: Adding ALSA device AlsaDevice: [card: 0, device: 12, type: 2]
09-16 19:08:29.959  3584  3584 D UsbAlsaManager: Adding ALSA device AlsaDevice: [card: 0, device: 11, type: 2]
09-16 19:08:29.959  3584  3584 D UsbAlsaManager: Adding ALSA device AlsaDevice: [card: 0, device: 10, type: 2]
09-16 19:08:29.959  3584  3584 D UsbAlsaManager: Adding ALSA device AlsaDevice: [card: 0, device: 9, type: 2]
09-16 19:08:29.959  3584  3584 D UsbAlsaManager: Adding ALSA device AlsaDevice: [card: 0, device: 7, type: 1]
09-16 19:08:29.959  3584  3584 D UsbAlsaManager: Adding ALSA device AlsaDevice: [card: 0, device: 8, type: 2]
09-16 19:08:29.959  3584  4685 D BluetoothManagerService: Trying to bind to profile: 1, while Bluetooth was disabled
09-16 19:08:29.959  3584  3584 D UsbAlsaManager: Adding ALSA device AlsaDevice: [card: 0, device: 6, type: 1]
09-16 19:08:29.959  3584  3584 D UsbAlsaManager: Adding ALSA device AlsaDevice: [card: 0, device: 4, type: 1]
09-16 19:08:29.959  3584  3584 D UsbAlsaManager: Adding ALSA device AlsaDevice: [card: 0, device: 3, type: 1]
09-16 19:08:29.960  3584  3584 D UsbAlsaManager: Adding ALSA device AlsaDevice: [card: 0, device: 2, type: 1]
09-16 19:08:29.960  3584  3584 D UsbAlsaManager: Adding ALSA device AlsaDevice: [card: 0, device: 1, type: 1]
09-16 19:08:29.960  3584  3584 D UsbAlsaManager: Adding ALSA device AlsaDevice: [card: 0, device: 0, type: 1]
09-16 19:08:29.960  3584  4033 D VoldConnector: RCV <- {659 emulated}
09-16 19:08:29.961  3584  4033 D VoldConnector: RCV <- {650 emulated 2 "" ""}
09-16 19:08:29.962  3584  4033 D VoldConnector: RCV <- {654 emulated emulated}
09-16 19:08:29.963  3584  4033 D VoldConnector: RCV <- {651 emulated 0}
09-16 19:08:29.964  3584  4033 D VoldConnector: RCV <- {651 public:179_1 7}
09-16 19:08:29.964  3584  4033 D VoldConnector: RCV <- {659 public:179_1}
09-16 19:08:29.965  3584  4033 D VoldConnector: RCV <- {649 disk:179_0}
09-16 19:08:29.966  3584  4033 D VoldConnector: RCV <- {640 disk:179_0 4}
09-16 19:08:29.967  3584  4033 D VoldConnector: RCV <- {641 disk:179_0 7746879488}
09-16 19:08:29.968  3584  4033 D VoldConnector: RCV <- {642 disk:179_0 SanDisk}
09-16 19:08:29.969  3584  4033 D VoldConnector: RCV <- {644 disk:179_0 /sys//devices/platform/11500000.dwmmc2/mmc_host/mmc0/mmc0:0007/block/mmcblk0}
09-16 19:08:29.970  3075  3144 V vold    : DISK mbr
09-16 19:08:29.970  3075  3144 V vold    : 
09-16 19:08:29.970  3075  3144 V vold    : PART 1 c
09-16 19:08:29.970  3075  3144 V vold    : 
09-16 19:08:29.971  3584  4033 D VoldConnector: RCV <- {650 public:179_1 0 "disk:179_0" ""}
09-16 19:08:29.972  3584  4033 D VoldConnector: RCV <- {654 public:179_1 sdcard}
09-16 19:08:29.973  3584  4033 D VoldConnector: RCV <- {651 public:179_1 0}
09-16 19:08:29.974  3584  4033 D VoldConnector: RCV <- {643 disk:179_0}
09-16 19:08:29.975  3584  3584 I ActivityManager: Start proc 4776:com.android.systemui/u0a33 for service com.android.systemui/.keyguard.KeyguardService
09-16 19:08:29.975  3584  4033 D VoldConnector: RCV <- {200 31 Command succeeded}
09-16 19:08:29.975  3584  3584 I SystemServer: WebViewFactory preparation
09-16 19:08:29.976  3584  4032 D VoldConnector: SND -> {32 volume user_added 0 0}
09-16 19:08:29.980  3584  4033 D VoldConnector: RCV <- {200 32 Command succeeded}
09-16 19:08:29.987  3584  3691 I UsbPortManager: USB port added: port=UsbPort{id=otg_default, supportedModes=dual}, status=UsbPortStatus{connected=true, currentMode=ufp, currentPowerRole=sink, currentDataRole=device, supportedRoleCombinations=[source:host, sink:device]}, canChangeMode=true, canChangePowerRole=false, canChangeDataRole=false
09-16 19:08:29.991  3584  3691 V MountService: Found primary storage at VolumeInfo{emulated}:
09-16 19:08:29.991  3584  3691 V MountService:     type=EMULATED diskId=null partGuid=null mountFlags=0 mountUserId=-1 
09-16 19:08:29.991  3584  3691 V MountService:     state=UNMOUNTED 
09-16 19:08:29.991  3584  3691 V MountService:     fsType=null fsUuid=null fsLabel=null 
09-16 19:08:29.991  3584  3691 V MountService:     path=null internalPath=null 
09-16 19:08:29.991  3584  4032 D VoldConnector: SND -> {33 volume mount emulated 3 -1}
09-16 19:08:29.993  3075  3144 V vold    : Waiting for FUSE to spin up...
09-16 19:08:29.993  3584  4033 D VoldConnector: RCV <- {651 emulated 1}
09-16 19:08:29.994  3584  4033 D VoldConnector: RCV <- {656 emulated /data/media}
09-16 19:08:29.995  3584  4033 D VoldConnector: RCV <- {655 emulated /storage/emulated}
09-16 19:08:30.043  3584  4033 D VoldConnector: RCV <- {651 emulated 2}
09-16 19:08:30.044  3584  4033 D VoldConnector: RCV <- {200 33 Command succeeded}
09-16 19:08:30.045  3584  4032 D VoldConnector: SND -> {34 volume mount public:179_1 0 0}
09-16 19:08:30.046  3075  3144 V vold    : /system/bin/blkid
09-16 19:08:30.046  3075  3144 V vold    :     -c
09-16 19:08:30.046  3075  3144 V vold    :     /dev/null
09-16 19:08:30.046  3075  3144 V vold    :     -s
09-16 19:08:30.046  3075  3144 V vold    :     TYPE
09-16 19:08:30.046  3584  4033 D VoldConnector: RCV <- {651 public:179_1 1}
09-16 19:08:30.046  3075  3144 V vold    :     -s
09-16 19:08:30.046  3075  3144 V vold    :     UUID
09-16 19:08:30.046  3075  3144 V vold    :     -s
09-16 19:08:30.046  3075  3144 V vold    :     LABEL
09-16 19:08:30.046  3075  3144 V vold    :     /dev/block/vold/public:179_1
09-16 19:08:30.110  3584  3584 I ActivityManager: Start proc 4809:WebViewLoader-armeabi-v7a/1037 [android.webkit.WebViewFactory$RelroFileCreator] for 
09-16 19:08:30.123  3584  3584 I ActivityManager: Start proc 4821:WebViewLoader-arm64-v8a/1037 [android.webkit.WebViewFactory$RelroFileCreator] for 
09-16 19:08:30.126  3584  3584 D NetworkManagement: enabling bandwidth control
09-16 19:08:30.134  3075  3144 V vold    : /dev/block/vold/public:179_1: UUID="4753-1B02" TYPE="vfat" 
09-16 19:08:30.134  3075  3144 V vold    : 
09-16 19:08:30.137  3584  4033 D VoldConnector: RCV <- {652 public:179_1 vfat}
09-16 19:08:30.138  3075  3144 V vold    : /system/bin/fsck_msdos
09-16 19:08:30.138  3075  3144 V vold    :     -p
09-16 19:08:30.138  3075  3144 V vold    :     -f
09-16 19:08:30.138  3075  3144 V vold    :     /dev/block/vold/public:179_1
09-16 19:08:30.140  3584  4033 D VoldConnector: RCV <- {653 public:179_1 4753-1B02}
09-16 19:08:30.143  3584  4033 D VoldConnector: RCV <- {654 public:179_1 sdcard}
09-16 19:08:30.146  3584  4033 D VoldConnector: RCV <- {656 public:179_1 /mnt/media_rw/4753-1B02}
09-16 19:08:30.149  3584  4033 D VoldConnector: RCV <- {655 public:179_1 /mnt/media_rw/4753-1B02}
09-16 19:08:30.161  4843  4843 D fsck_msdos: sectors Per cluster :64 
09-16 19:08:30.161  4843  4843 D fsck_msdos: boot->ClusterOffset :3648 
09-16 19:08:30.161  4843  4843 I fsck_msdos: FAT32 Filesystem
09-16 19:08:30.161  4843  4843 D fsck_msdos: Using cluster_chain_descriptor
09-16 19:08:30.161  4843  4843 I fsck_msdos: Total clusters 236327 
09-16 19:08:30.259  4843  4843 I fsck_msdos: Begin to compare FAT
09-16 19:08:30.260  4843  4843 I fsck_msdos: ** Phase 2 - Check Cluster Chains 
09-16 19:08:30.260  4843  4843 I fsck_msdos: Begin to handle the cluster chain
09-16 19:08:30.264  4843  4843 D fsck_msdos: rootDir->head :2
09-16 19:08:30.264  4843  4843 D fsck_msdos: Verify Filesystem information
09-16 19:08:30.264  4843  4843 W fsck_msdos: 2 files, 3368032 free (236323 clusters)
09-16 19:08:30.264  4843  4843 I fsck_msdos: free_rb_tree 
09-16 19:08:30.264  4843  4843 I fsck_msdos: free_fragment_tree
09-16 19:08:30.264  4843  4843 I fsck_msdos: free_fragment_tree
09-16 19:08:30.264  4843  4843 I fsck_msdos: free_fragment_tree: rb_tree is empty 
09-16 19:08:30.289  3075  3144 I Vold    : Filesystem check completed OK
09-16 19:08:30.298  3584  4033 D VoldConnector: RCV <- {651 public:179_1 2}
09-16 19:08:30.301  3584  4033 D VoldConnector: RCV <- {200 34 Command succeeded}
09-16 19:08:30.364  4760  4875 E ActivityThread: Failed to find provider info for user_dictionary
09-16 19:08:30.375  3584  3584 D NetworkPolicy: setRestrictBackgroundUL(): false
09-16 19:08:30.526  3584  3584 I SystemServiceManager: Starting phase 600
09-16 19:08:30.538  3584  3687 W WindowManager: Keyguard drawn timeout. Setting mKeyguardDrawComplete
09-16 19:08:30.540  3584  3693 W LocalDisplayAdapter: Unable to find color mode 0, ignoring request.
09-16 19:08:30.549  3584  3584 D GestureLauncherService: Gesture launcher mEmergencyNumber = 112 hits = 3
09-16 19:08:30.552  3584  3693 W LocalDisplayAdapter: Unable to find color mode 0, ignoring request.
09-16 19:08:30.552  3584  3584 D SensorNotificationService: Cannot obtain dynamic meta sensor, not supported.
09-16 19:08:30.555  3584  3584 D BrokerableCMSystemService: Third party apps ready
09-16 19:08:30.555  3584  3584 I BrokerableCMSystemService: Connecting to implementation
09-16 19:08:30.556  3584  3584 W ContextImpl: Calling a method in the system process without a qualified user: android.app.ContextImpl.bindService:1421 org.cyanogenmod.platform.internal.BrokerableCMSystemService.tryConnecting:199 org.cyanogenmod.platform.internal.BrokerableCMSystemService.onBootPhase:127 org.cyanogenmod.platform.internal.CMAudioServiceBroker.onBootPhase:58 com.android.server.SystemServiceManager.startBootPhase:143 
09-16 19:08:30.568  3584  3584 I ActivityManager: Start proc 4899:org.cyanogenmod.cmaudio.service/u0a1 for service org.cyanogenmod.cmaudio.service/.CMAudioService
09-16 19:08:30.594  3584  3584 W LocationManagerService: no network location provider found
09-16 19:08:30.609  3584  3584 E LocationManagerService: no geocoder provider found
09-16 19:08:30.609  3584  3584 D LocationManagerService: FLP HAL not supported
09-16 19:08:30.614  3584  3584 D LocationManagerService: Unable to bind FLP Geofence proxy.
09-16 19:08:30.615  3584  3584 D LocationManagerService: Hardware Activity-Recognition not supported.
09-16 19:08:30.617  3584  3584 D LocationManagerService: Unable to bind ActivityRecognitionProxy.
09-16 19:08:30.628  3584  3584 I MmsServiceBroker: Delay connecting to MmsService until an API is called
09-16 19:08:30.631  3584  3584 W VoiceInteractionManagerService: no available voice interaction services found for user 0
09-16 19:08:30.631  3584  3584 W VoiceInteractionManagerService: no available voice recognition services found for user 0
09-16 19:08:30.644  3584  3584 I ActivityManager: Start proc 4921:com.android.phone/1001 for added application com.android.phone
09-16 19:08:30.647  3584  3584 I ActivityManager: START u0 {act=android.intent.action.MAIN cat=[android.intent.category.HOME] flg=0x10000100 cmp=com.android.settings/.CryptKeeper} from uid 0 on display 0
09-16 19:08:30.655  3584  3584 I ActivityManager: Loaded persisted task ids for user 0
09-16 19:08:30.670  3584  3584 I ActivityManager: Start proc 4936:com.android.settings:CryptKeeper/1000 for activity com.android.settings/.CryptKeeper
09-16 19:08:30.673  3584  3584 I SystemServer: Enabled StrictMode for system server main thread.
09-16 19:08:30.719  3584  3584 D ConditionProviders.SCP: onConnected
09-16 19:08:30.736  3584  4789 I StatusBarManagerService: registerStatusBar bar=com.android.internal.statusbar.IStatusBar$Stub$Proxy@bc1d7ac
09-16 19:08:30.830  3584  4952 I WindowManager: Screen frozen for +137ms due to AppWindowToken{c4a3ec6 token=Token{1320d08 ActivityRecord{1f522ab u0 com.android.settings/.CryptKeeper t1}}}
09-16 19:08:30.845  3584  3683 I ActivityManager: START u0 {act=android.intent.action.MAIN cat=[android.intent.category.HOME] flg=0x10000100 cmp=com.android.settings/.FallbackHome} from uid 0 on display 0
09-16 19:08:30.861  3584  3683 I ActivityManager: Start proc 4992:com.android.settings/1000 for activity com.android.settings/.FallbackHome
09-16 19:08:30.961  3584  3584 W ContextImpl: Calling a method in the system process without a qualified user: android.app.ContextImpl.startService:1357 com.android.server.content.SyncManager$13.run:658 android.os.Handler.handleCallback:751 android.os.Handler.dispatchMessage:95 android.os.Looper.loop:154 
09-16 19:08:30.967  3584  3584 D ZenLog  : set_zen_mode: off,cleanUpZenRules
09-16 19:08:30.974  3584  3584 D ConditionProviders: Subscribing to condition://android/schedule?days=6.7&start=23.30&end=10.0&exitAtAlarm=false with ComponentInfo{android/com.android.server.notification.ScheduleConditionProvider}
09-16 19:08:30.975  3584  3584 D ZenLog  : subscribe: condition://android/schedule?days=6.7&start=23.30&end=10.0&exitAtAlarm=false,ok
09-16 19:08:30.975  3584  3584 D ConditionProviders: Subscribing to condition://android/schedule?days=1.2.3.4.5&start=22.0&end=7.0&exitAtAlarm=false with ComponentInfo{android/com.android.server.notification.ScheduleConditionProvider}
09-16 19:08:30.976  3584  3584 D ZenLog  : subscribe: condition://android/schedule?days=1.2.3.4.5&start=22.0&end=7.0&exitAtAlarm=false,ok
09-16 19:08:30.976  3584  3584 D ConditionProviders: Subscribing to condition://android/event?userId=-10000&calendar=&reply=1 with ComponentInfo{android/com.android.server.notification.EventConditionProvider}
09-16 19:08:30.976  3584  3584 D ZenLog  : subscribe: condition://android/event?userId=-10000&calendar=&reply=1,ok
09-16 19:08:30.977  3584  3693 I SingleHandAdapter: onChange..
09-16 19:08:30.978  3584  3693 I SingleHandAdapter: updateSingleHandMode value:  cur: 
09-16 19:08:31.111  3584  3686 W KeyguardServiceDelegate: onScreenTurningOn(): no keyguard service!
09-16 19:08:31.119  3584  3693 I WindowManager: Screen frozen for +253ms due to AppWindowToken{b98c996 token=Token{150c758 ActivityRecord{6ec143b u0 com.android.settings/.FallbackHome t2}}}
09-16 19:08:31.156  3584  4952 W WallpaperManagerService: no current wallpaper -- first boot?
09-16 19:08:31.302  3584  3684 I ActivityManager: Start proc 5104:org.cyanogenmod.weather.provider/u0a32 for content provider org.cyanogenmod.weather.provider/.WeatherContentProvider
09-16 19:08:31.393  4776  5127 E ActivityThread: Failed to find provider info for com.android.contacts
09-16 19:08:31.884  3584  4952 W LocalDisplayAdapter: Unable to find color mode 0, ignoring request.
09-16 19:08:31.923  3584  4952 W LocalDisplayAdapter: Unable to find color mode 0, ignoring request.
09-16 19:08:31.981  3584  3684 I ActivityManager: user 0 is still locked. Cannot load recents
09-16 19:08:32.017  3584  3693 W LocalDisplayAdapter: Unable to find color mode 0, ignoring request.
09-16 19:08:32.018  3584  4673 D WifiService: New client listening to asynchronous messages
09-16 19:08:32.031  3584  3693 W LocalDisplayAdapter: Unable to find color mode 0, ignoring request.
09-16 19:08:32.507  3584  3584 D BluetoothManagerService: Trying to bind to profile: 1, while Bluetooth was disabled
09-16 19:08:32.513  3584  3584 I Telecom : SystemStateProvider: Registering car mode receiver: android.content.IntentFilter@d4a92d0: TS.init@AAA
09-16 19:08:32.518  3584  5149 I Telecom : Telecom: Non-call EVENT: AUDIO_ROUTE, Entering state QuiescentEarpieceRoute
09-16 19:08:32.521  3584  5151 I Telecom : CallAudioModeStateMachine: Message received: null.: TS.init->CAMSM.pM_1@AAA_0
09-16 19:08:32.554  3584  3584 I Telecom : ViceNotificationImpl: ViceNotificationImpl: TS.init@AAA
09-16 19:08:32.558  3584  5152 E ActivityThread: Failed to find provider info for call_log
09-16 19:08:32.559  3584  3584 D BluetoothManagerService: Trying to bind to profile: 1, while Bluetooth was disabled
09-16 19:08:32.562  3584  3584 I Telecom : Class: TelecomSystem.INSTANCE being set
09-16 19:08:32.562  3584  3584 W ContextImpl: Calling a method in the system process without a qualified user: android.app.ContextImpl.startService:1357 android.content.ContextWrapper.startService:613 com.android.server.telecom.components.TelecomService.initializeTelecomSystem:196 com.android.server.telecom.components.TelecomService.onBind:64 android.app.ActivityThread.handleBindService:3243 
09-16 19:08:32.571  3584  3584 D BluetoothManagerService: Bluetooth Adapter name changed to Samsung Galaxy S7 Edge
09-16 19:08:32.572  3584  3584 D BluetoothManagerService: Stored Bluetooth name: Samsung Galaxy S7 Edge
09-16 19:08:32.572  3584  3584 D BluetoothManagerService: BluetoothServiceConnection: com.android.bluetooth.btservice.AdapterService
09-16 19:08:32.572  3584  3692 D BluetoothManagerService: MESSAGE_BLUETOOTH_SERVICE_CONNECTED: 1
09-16 19:08:32.573  3584  3692 D BluetoothManagerService: MESSAGE_GET_NAME_AND_ADDRESS
09-16 19:08:32.578  3584  3692 D BluetoothManagerService: Stored Bluetooth name: Samsung Galaxy S7 Edge
09-16 19:08:32.579  3584  3692 D BluetoothManagerService: Stored Bluetoothaddress: 90:06:28:83:34:F4
09-16 19:08:32.580  3584  3692 D BluetoothManagerService: unbindAndFinish(): android.bluetooth.IBluetooth$Stub$Proxy@625c0a8 mBinding = false mUnbinding = false
09-16 19:08:32.604  3584  3584 V WiredAccessoryManager: init()
09-16 19:08:32.652  3584  3684 I ActivityManager: Process com.android.bluetooth (pid 4736) has died
09-16 19:08:32.652  3584  3684 D ActivityManager: cleanUpApplicationRecord -- 4736
09-16 19:08:32.760  3584  3584 I BrokerableCMSystemService: Implementation service connected
09-16 19:08:32.767  3584  3584 D ConditionProviders.SCP: onSubscribe condition://android/schedule?days=6.7&start=23.30&end=10.0&exitAtAlarm=false
09-16 19:08:32.769  3584  3584 D ConditionProviders.SCP: setRegistered true
09-16 19:08:32.770  3584  3584 D ConditionProviders.SCP: notifyCondition condition://android/schedule?days=6.7&start=23.30&end=10.0&exitAtAlarm=false STATE_FALSE reason=!meetsSchedule
09-16 19:08:32.772  3584  3584 D ConditionProviders.SCP: Scheduling evaluate for Sat Sep 16 23:30:00 GMT+00:00 2017 (1505604600000), in +1h21m27s231ms, now=Sat Sep 16 22:08:32 GMT+00:00 2017 (1505599712769)
09-16 19:08:32.772  3584  3584 D ConditionProviders.SCP: onSubscribe condition://android/schedule?days=1.2.3.4.5&start=22.0&end=7.0&exitAtAlarm=false
09-16 19:08:32.774  3584  3584 D ConditionProviders.SCP: notifyCondition condition://android/schedule?days=6.7&start=23.30&end=10.0&exitAtAlarm=false STATE_FALSE reason=!meetsSchedule
09-16 19:08:32.775  3584  3584 D ConditionProviders.SCP: notifyCondition condition://android/schedule?days=1.2.3.4.5&start=22.0&end=7.0&exitAtAlarm=false STATE_FALSE reason=!meetsSchedule
09-16 19:08:32.776  3584  3584 D ConditionProviders.SCP: Scheduling evaluate for Sat Sep 16 23:30:00 GMT+00:00 2017 (1505604600000), in +1h21m27s227ms, now=Sat Sep 16 22:08:32 GMT+00:00 2017 (1505599712773)
09-16 19:08:32.783  3584  4684 E ActivityThread: Failed to find provider info for com.android.calendar
09-16 19:08:32.783  3584  4684 E ActivityThread: Failed to find provider info for com.android.calendar
09-16 19:08:32.817  3584  3584 I Telecom : WiredHeadsetManager: ACTION_HEADSET_PLUG event, plugged in: false, : WHC.oADA@AAE
09-16 19:08:32.823  3584  3584 I ActivityManager: user 0 is still locked. Cannot load recents
09-16 19:08:32.881  3584  3584 I Telecom : PhoneAccountRegistrar: SimCallManager queried, returning: null: TSI.gSCM@AAM
09-16 19:08:32.900  3584  3584 D ZenLog  : config: conditionChanged,ZenModeConfig[user=0,allowCalls=true,allowRepeatCallers=false,allowMessages=false,allowCallsFrom=contacts,allowMessagesFrom=contacts,allowReminders=true,allowEvents=true,allowWhenScreenOff=true,allowWhenScreenOn=true,automaticRules={db18390baa514a99bee413833ba7e448=ZenRule[enabled=false,snoozing=false,name=Weekend,zenMode=ZEN_MODE_ALARMS,conditionId=condition://android/schedule?days=6.7&start=23.30&end=10.0&exitAtAlarm=false,condition=Condition[id=condition://android/schedule?days=6.7&start=23.30&end=10.0&exitAtAlarm=false,summary=...,line1=...,line2=...,icon=0,state=STATE_FALSE,flags=2],component=ComponentInfo{android/com.android.server.notification.ScheduleConditionProvider},id=db18390baa514a99bee413833ba7e448,creationTime=1505599707423,enabler=null], aaef34d8e32243689fb16ab36583151e=ZenRule[enabled=false,snoozing=false,name=Weeknight,zenMode=ZEN_MODE_ALARMS,conditionId=condition://android/schedule?days=1.2.3.4.5&start=22.0&end=7.0&exitAtAlarm=false,condition=null,component=ComponentInfo{android/com.android.server.notification.ScheduleConditionProvider},id=aaef34d8e32243689fb16ab36583151e,creationTime=1505599707423,enabler=null], 674760e47d624529a934db64dd63939e=ZenRule[enabled=false,snoozing=false,name=Event,zenMode=ZEN_MODE_ALARMS,conditionId=condition://android/event?userId=-10000&calendar=&reply=1,condition=null,component=ComponentInfo{android/com.android.server.notification.EventConditionProvider},id=674760e47d624529a934db64dd63939e,creationTime=1505599707424,enabler=null]},manualRule=null],Diff[automaticRule[db18390baa514a99bee413833ba7e448].condition:null->Condition[id=condition://android/schedule?days=6.7&start=23.30&end=10.0&exitAtAlarm=false,summary=...,line1=...,line2=...,icon=0,state=STATE_FALSE,flags=2]]
09-16 19:08:32.908  3584  3584 D ZenLog  : config: conditionChanged,ZenModeConfig[user=0,allowCalls=true,allowRepeatCallers=false,allowMessages=false,allowCallsFrom=contacts,allowMessagesFrom=contacts,allowReminders=true,allowEvents=true,allowWhenScreenOff=true,allowWhenScreenOn=true,automaticRules={db18390baa514a99bee413833ba7e448=ZenRule[enabled=false,snoozing=false,name=Weekend,zenMode=ZEN_MODE_ALARMS,conditionId=condition://android/schedule?days=6.7&start=23.30&end=10.0&exitAtAlarm=false,condition=Condition[id=condition://android/schedule?days=6.7&start=23.30&end=10.0&exitAtAlarm=false,summary=...,line1=...,line2=...,icon=0,state=STATE_FALSE,flags=2],component=ComponentInfo{android/com.android.server.notification.ScheduleConditionProvider},id=db18390baa514a99bee413833ba7e448,creationTime=1505599707423,enabler=null], aaef34d8e32243689fb16ab36583151e=ZenRule[enabled=false,snoozing=false,name=Weeknight,zenMode=ZEN_MODE_ALARMS,conditionId=condition://android/schedule?days=1.2.3.4.5&start=22.0&end=7.0&exitAtAlarm=false,condition=Condition[id=condition://android/schedule?days=1.2.3.4.5&start=22.0&end=7.0&exitAtAlarm=false,summary=...,line1=...,line2=...,icon=0,state=STATE_FALSE,flags=2],component=ComponentInfo{android/com.android.server.notification.ScheduleConditionProvider},id=aaef34d8e32243689fb16ab36583151e,creationTime=1505599707423,enabler=null], 674760e47d624529a934db64dd63939e=ZenRule[enabled=false,snoozing=false,name=Event,zenMode=ZEN_MODE_ALARMS,conditionId=condition://android/event?userId=-10000&calendar=&reply=1,condition=null,component=ComponentInfo{android/com.android.server.notification.EventConditionProvider},id=674760e47d624529a934db64dd63939e,creationTime=1505599707424,enabler=null]},manualRule=null],Diff[automaticRule[aaef34d8e32243689fb16ab36583151e].condition:null->Condition[id=condition://android/schedule?days=1.2.3.4.5&start=22.0&end=7.0&exitAtAlarm=false,summary=...,line1=...,line2=...,icon=0,state=STATE_FALSE,flags=2]]
09-16 19:08:32.915  3584  3584 D ZenLog  : config: conditionChanged,ZenModeConfig[user=0,allowCalls=true,allowRepeatCallers=false,allowMessages=false,allowCallsFrom=contacts,allowMessagesFrom=contacts,allowReminders=true,allowEvents=true,allowWhenScreenOff=true,allowWhenScreenOn=true,automaticRules={db18390baa514a99bee413833ba7e448=ZenRule[enabled=false,snoozing=false,name=Weekend,zenMode=ZEN_MODE_ALARMS,conditionId=condition://android/schedule?days=6.7&start=23.30&end=10.0&exitAtAlarm=false,condition=Condition[id=condition://android/schedule?days=6.7&start=23.30&end=10.0&exitAtAlarm=false,summary=...,line1=...,line2=...,icon=0,state=STATE_FALSE,flags=2],component=ComponentInfo{android/com.android.server.notification.ScheduleConditionProvider},id=db18390baa514a99bee413833ba7e448,creationTime=1505599707423,enabler=null], aaef34d8e32243689fb16ab36583151e=ZenRule[enabled=false,snoozing=false,name=Weeknight,zenMode=ZEN_MODE_ALARMS,conditionId=condition://android/schedule?days=1.2.3.4.5&start=22.0&end=7.0&exitAtAlarm=false,condition=Condition[id=condition://android/schedule?days=1.2.3.4.5&start=22.0&end=7.0&exitAtAlarm=false,summary=...,line1=...,line2=...,icon=0,state=STATE_FALSE,flags=2],component=ComponentInfo{android/com.android.server.notification.ScheduleConditionProvider},id=aaef34d8e32243689fb16ab36583151e,creationTime=1505599707423,enabler=null], 674760e47d624529a934db64dd63939e=ZenRule[enabled=false,snoozing=false,name=Event,zenMode=ZEN_MODE_ALARMS,conditionId=condition://android/event?userId=-10000&calendar=&reply=1,condition=Condition[id=condition://android/event?userId=-10000&calendar=&reply=1,summary=...,line1=...,line2=...,icon=0,state=STATE_FALSE,flags=2],component=ComponentInfo{android/com.android.server.notification.EventConditionProvider},id=674760e47d624529a934db64dd63939e,creationTime=1505599707424,enabler=null]},manualRule=null],Diff[automaticRule[674760e47d624529a934db64dd63939e].condition:null->Condition[id=condition://android/event?userId=-10000&calendar=&reply=1,summary=...,line1=...,line2=...,icon=0,state=STATE_FALSE,flags=2]]
09-16 19:08:32.918  3584  3584 D ZenLog  : set_zen_mode: off,conditionChanged
09-16 19:08:32.925  3584  3584 D ZenLog  : set_zen_mode: off,conditionChanged
09-16 19:08:32.959  3584  3584 D ZenLog  : set_zen_mode: off,conditionChanged
09-16 19:08:33.236  3584  3686 I ActivityManager: Start proc 5184:com.android.cellbroadcastreceiver/u0a8 for broadcast com.android.cellbroadcastreceiver/.CellBroadcastReceiver
09-16 19:08:33.390  3584  4678 D ConnectivityService: Got NetworkFactory Messenger for PhoneSwitcherNetworkRequstListener
09-16 19:08:33.400  3584  4678 D ConnectivityService: Got NetworkFactory Messenger for TelephonyNetworkFactory[0]
09-16 19:08:33.412  4921  5205 E ActivityThread: Failed to find provider info for com.android.contacts
09-16 19:08:33.419  3584  4952 D BluetoothManagerService: Trying to bind to profile: 1, while Bluetooth was disabled
09-16 19:08:33.788  3584  3685 I SyncManager: Got SyncJobService instance.
09-16 19:08:33.841  3584  4952 I Telecom : PhoneAccountRegistrar: New phone account registered: [[ ] PhoneAccount: ComponentInfo{com.android.phone/com.android.services.telephony.TelephonyConnectionService}, [e0184adedf913b076626646d3f52c3b49c39ad6d], UserHandle{0} Capabilities: CallProvider MultiUser PlaceEmerg SimSub  Audio Routes: BESW Schemes: tel voicemail  Extras: null GroupId: [da39a3ee5e6b4b0d3255bfef95601890afd80709]]: TSI.rPA@AAU
09-16 19:08:33.853  3584  4952 I Telecom : : Sending phone-account registered intent as user: TSI.rPA@AAU
09-16 19:08:34.002  3584  4789 I Telecom : PhoneAccountRegistrar: [ComponentInfo{com.android.phone/com.android.services.telephony.TelephonyConnectionService}, [e0184adedf913b076626646d3f52c3b49c39ad6d], UserHandle{0}(icon: Icon(typ=BITMAP size=67x84) -> Icon(typ=BITMAP size=67x84))]: TSI.rPA@AAg
09-16 19:08:34.010  3584  4789 I Telecom : : Sending phone-account registered intent as user: TSI.rPA@AAg
09-16 19:08:34.164  3584  3684 I Telecom : PhoneAccountRegistrar: [ComponentInfo{com.android.phone/com.android.services.telephony.TelephonyConnectionService}, [e0184adedf913b076626646d3f52c3b49c39ad6d], UserHandle{0}(icon: Icon(typ=BITMAP size=67x84) -> Icon(typ=BITMAP size=67x84))]: TSI.rPA@AAk
09-16 19:08:34.178  3584  3684 I Telecom : : Sending phone-account registered intent as user: TSI.rPA@AAk
09-16 19:08:34.277  3584  4952 I Telecom : PhoneAccountRegistrar: [ComponentInfo{com.android.phone/com.android.services.telephony.TelephonyConnectionService}, [e0184adedf913b076626646d3f52c3b49c39ad6d], UserHandle{0}(icon: Icon(typ=BITMAP size=67x84) -> Icon(typ=BITMAP size=67x84))]: TSI.rPA@AAw
