09-16 09:56:21.492  3277  3475 I audio_route: > audio_route_update_path + : "gain-media-speaker" reverse(1)
09-16 09:56:21.492  3277  3475 I audio_route: > audio_route_update_path - : changed(0)
09-16 09:56:21.492  3277  3475 D audio_hw_primary_abox: fast_out-do_set_route: Disabled Audio Gain(gain-media-speaker)
09-16 09:56:21.492  3277  3475 I audio_hw_primary_abox: fast_out-out_standby: Transit to Standby
09-16 09:56:21.492  3277  3475 V audio_hw_primary_abox: fast_out-out_standby: exit
09-16 09:56:21.924  5724  5724 D WeatherUpdateService: onCreate
09-16 09:56:21.929  5724  5724 D WeatherUpdateService: Service started, but shouldn't update ... stopping
09-16 09:56:21.934  5724  5724 D WeatherUpdateService: onDestroy
09-16 09:56:23.053  3657  5018 I ActivityManager: START u0 {act=android.intent.action.MAIN cat=[android.intent.category.LAUNCHER] flg=0x10200000 pkg=com.android.dialer cmp=com.android.dialer/.DialtactsActivity bnds=[62,2532][333,2812] (has extras)} from uid 10029 on display 0
09-16 09:56:23.058  3277  3475 D audio_hw_primary_abox: fast_out-set_audio_route: [PLAYBACK] current-device(none) new-device(speaker) in cur-mode(none) & new-mode(normal)!
09-16 09:56:23.058  3277  3475 I audio_hw_primary_abox: is_voice_wakeup : ret =  0  , wakeup_baby_cry_enabled = 0  ,  wakeup_mic_enabled = 0 
09-16 09:56:23.058  3277  3475 I audio_route: > audio_route_apply_path : "media-speaker"
09-16 09:56:23.060  3277  3475 I audio_route: > audio_route_update_path + : "media-speaker" reverse(0)
09-16 09:56:23.060  3277  3475 I audio_route: > audio_route_update_path - : changed(0)
09-16 09:56:23.060  3277  3475 D audio_hw_primary_abox: fast_out-do_set_route: Enabled Audio Route(media-speaker)
09-16 09:56:23.060  3277  3475 I audio_route: > audio_route_apply_path : "gain-media-speaker"
09-16 09:56:23.060  3277  3475 I audio_route: > audio_route_update_path + : "gain-media-speaker" reverse(0)
09-16 09:56:23.060  3277  3475 I audio_route: > audio_route_update_path - : changed(0)
09-16 09:56:23.060  3277  3475 D audio_hw_primary_abox: fast_out-do_set_route: Enabled Audio Gain(gain-media-speaker)
09-16 09:56:23.061  3277  3475 I audio_hw_primary_abox: [do_open_spkamp_stream] Opened PCM Device(/dev/snd/pcmC0D7p) configured Info: Channels(2)  Smapling Rate(48000), Format: Default(0)
09-16 09:56:23.063  3277  3475 I audio_hw_primary_abox: [do_open_spkamp_stream] Opened PCM Device(/dev/snd/pcmC0D11c) configured Info: Channels(2)  Smapling Rate(48000), Format: Default(0)
09-16 09:56:23.068  3277  3475 I audio_hw_primary_abox: [do_open_spkamp_stream] Opened PCM Device(/dev/snd/pcmC0D12c) configured Info: Channels(2)  Smapling Rate(48000), Format: Default(0)
09-16 09:56:23.072  3277  3475 I audio_hw_primary_abox: [do_open_spkamp_stream] Opened PCM Device(/dev/snd/pcmC0D6p) configured Info: Channels(2)  Smapling Rate(48000), Format: Default(0)
09-16 09:56:23.080  3657  4866 I ActivityManager: Start proc 6320:com.android.dialer/u0a16 for activity com.android.dialer/.DialtactsActivity
09-16 09:56:23.085  3657  3745 I ActivityManager: Killing 5695:com.android.exchange/u0a47 (adj 906): empty #17
09-16 09:56:23.088  3277  3475 I audio_hw_primary_abox: fast_out-do_open_output_stream: Opened PCM Device is /dev/snd/pcmC0D2p samplingRate(48000) pcmformat(0)
09-16 09:56:23.088  3277  3475 I audio_hw_primary_abox: fast_out-out_write: Transit to Idle
09-16 09:56:23.090  3277  3475 I audio_hw_primary_abox: fast_out-out_write: Transit to Playing
09-16 09:56:23.111  6320  6320 W System  : ClassLoader referenced unknown path: /system/priv-app/Dialer/lib/arm64
09-16 09:56:23.112  3657  5486 D ActivityManager: cleanUpApplicationRecord -- 5695
09-16 09:56:23.145  6320  6320 D BlockedNumbersAuto: Not attempting auto-migrate: already checked once.
09-16 09:56:23.160  6320  6320 W art     : Before Android 4.1, method android.graphics.PorterDuffColorFilter android.support.graphics.drawable.VectorDrawableCompat.updateTintFilter(android.graphics.PorterDuffColorFilter, android.content.res.ColorStateList, android.graphics.PorterDuff$Mode) would have incorrectly overridden the package-private method in android.graphics.drawable.Drawable
09-16 09:56:23.248  6320  6320 W CountryDetector: No location permissions, not registering for location updates.
09-16 09:56:23.283  6320  6325 I art     : Do partial code cache collection, code=23KB, data=28KB
09-16 09:56:23.283  6320  6325 I art     : After code cache collection, code=23KB, data=28KB
09-16 09:56:23.283  6320  6325 I art     : Increasing code cache capacity to 128KB
09-16 09:56:23.284  6320  6325 I art     : Compiler allocated 4MB to compile void android.view.View.<init>(android.content.Context, android.util.AttributeSet, int, int)
09-16 09:56:23.332  6320  6325 I art     : Do partial code cache collection, code=45KB, data=48KB
09-16 09:56:23.332  6320  6325 I art     : After code cache collection, code=45KB, data=48KB
09-16 09:56:23.332  6320  6325 I art     : Increasing code cache capacity to 256KB
09-16 09:56:23.334  6320  6325 I art     : Compiler allocated 7MB to compile void android.widget.TextView.<init>(android.content.Context, android.util.AttributeSet, int, int)
09-16 09:56:23.350  6320  6320 D AudioTrack: Client defaulted notificationFrames to 192 for frameCount 960
09-16 09:56:23.391  6320  6320 D DialpadFragment: Displaying normal Dialer UI.
09-16 09:56:23.403  6320  6320 D DialpadFragment: Displaying normal Dialer UI.
09-16 09:56:23.512  6320  6320 I ContactPhotoManager: Cache adj: 1.0
09-16 09:56:23.538  6320  6325 I art     : Do full code cache collection, code=124KB, data=105KB
09-16 09:56:23.538  6320  6325 I art     : Starting a blocking GC JitCodeCache
09-16 09:56:23.538  6320  6325 I art     : After code cache collection, code=122KB, data=88KB
09-16 09:56:23.574  6320  6325 I art     : Do partial code cache collection, code=122KB, data=95KB
09-16 09:56:23.575  6320  6325 I art     : After code cache collection, code=119KB, data=92KB
09-16 09:56:23.575  6320  6325 I art     : Increasing code cache capacity to 512KB
09-16 09:56:23.672  6320  6343 I OpenGLRenderer: Initialized EGL, version 1.4
09-16 09:56:23.673  6320  6343 D OpenGLRenderer: Swap behavior 1
09-16 09:56:23.680  6320  6343 D mali_winsys: EGLint new_window_surface(egl_winsys_display*, void*, EGLSurface, EGLConfig, egl_winsys_surface**, egl_color_buffer_format*, EGLBoolean) returns 0x3000,  [1440x2960]-format:1
09-16 09:56:23.702  5942  5947 I art     : Do partial code cache collection, code=231KB, data=183KB
09-16 09:56:23.702  5942  5947 I art     : After code cache collection, code=231KB, data=183KB
09-16 09:56:23.702  5942  5947 I art     : Increasing code cache capacity to 1024KB
09-16 09:56:23.702  5942  5947 I art     : Compiler allocated 6MB to compile void android.view.ViewRootImpl.performTraversals()
09-16 09:56:24.174  3657  3755 I ActivityManager: Displayed com.android.dialer/.DialtactsActivity: +1s104ms
09-16 09:56:24.331  6343  6343 I RenderThread: type=1400 audit(0.0:204): avc: denied { read write } for name="fimg2d" dev="tmpfs" ino=19171 scontext=u:r:priv_app:s0:c512,c768 tcontext=u:object_r:video_device:s0 tclass=chr_file permissive=1
09-16 09:56:24.331  6343  6343 I RenderThread: type=1400 audit(0.0:204): avc: denied { open } for path="/dev/fimg2d" dev="tmpfs" ino=19171 scontext=u:r:priv_app:s0:c512,c768 tcontext=u:object_r:video_device:s0 tclass=chr_file permissive=1
09-16 09:56:24.331  6343  6343 W RenderThread: type=1300 audit(0.0:204): arch=c00000b7 syscall=56 success=yes exit=53 a0=ffffff9c a1=7f77883703 a2=2 a3=0 items=0 ppid=3275 auid=4294967295 uid=10016 gid=10016 euid=10016 suid=10016 fsuid=10016 egid=10016 sgid=10016 fsgid=10016 tty=(none) ses=4294967295 exe="/system/bin/app_process64" subj=u:r:priv_app:s0:c512,c768 key=(null)
09-16 09:56:24.331  3085  3085 W auditd  : type=1327 audit(0.0:204): proctitle="com.android.dialer"
09-16 09:56:24.331  3085  3085 W auditd  : type=1320 audit(0.0:204): 
09-16 09:56:24.331  6343  6343 I RenderThread: type=1400 audit(0.0:205): avc: denied { ioctl } for path="/dev/fimg2d" dev="tmpfs" ino=19171 ioctlcmd=4d04 scontext=u:r:priv_app:s0:c512,c768 tcontext=u:object_r:video_device:s0 tclass=chr_file permissive=1
09-16 09:56:24.331  6343  6343 W RenderThread: type=1300 audit(0.0:205): arch=c00000b7 syscall=29 success=yes exit=0 a0=40 a1=c1104d04 a2=7f63f9d0b0 a3=0 items=0 ppid=3275 auid=4294967295 uid=10016 gid=10016 euid=10016 suid=10016 fsuid=10016 egid=10016 sgid=10016 fsgid=10016 tty=(none) ses=4294967295 exe="/system/bin/app_process64" subj=u:r:priv_app:s0:c512,c768 key=(null)
09-16 09:56:24.331  3085  3085 W auditd  : type=1327 audit(0.0:205): proctitle="com.android.dialer"
09-16 09:56:24.331  3085  3085 W auditd  : type=1320 audit(0.0:205): 
09-16 09:56:25.024  6320  6320 D DialpadFragment: showDialConference false
09-16 09:56:25.461  6320  6343 W OpenGLRenderer: Incorrectly called buildLayer on View: LinearLayout, destroying layer...
09-16 09:56:25.462  6320  6343 W OpenGLRenderer: Incorrectly called buildLayer on View: AppCompatImageButton, destroying layer...
09-16 09:56:25.698  6320  6320 W IInputConnectionWrapper: finishComposingText on inactive InputConnection
09-16 09:56:25.849  3657  4095 I InputReader: Reconfiguring input devices.  changes=0x00000010
09-16 09:56:25.862  5447  5447 D RegisteredNfcFServicesCache: Service unchanged, not updating
09-16 09:56:25.874  3657  3744 W Searchables: No global search activity found
09-16 09:56:25.945  6320  6325 I art     : Do full code cache collection, code=251KB, data=213KB
09-16 09:56:25.946  6320  6325 I art     : Starting a blocking GC JitCodeCache
09-16 09:56:25.947  6320  6325 I art     : After code cache collection, code=235KB, data=171KB
09-16 09:56:25.960  4981  4981 D CarrierSvcBindHelper: No carrier app for: 0
09-16 09:56:26.541  6320  6325 I art     : Do partial code cache collection, code=246KB, data=184KB
09-16 09:56:26.541  6320  6325 I art     : After code cache collection, code=245KB, data=184KB
09-16 09:56:26.541  6320  6325 I art     : Increasing code cache capacity to 1024KB
09-16 09:56:27.808  3657  3657 I Telecom : CallIntentProcessor: onReceive - isUnknownCall: false: PCR.oR@AFM
09-16 09:56:27.809  3657  3657 I Telecom : Class:  processOutgoingCallIntent isCallPull = false: PCR.oR@AFM
09-16 09:56:27.809  3657  3657 I Telecom : Class:  processOutgoingCallIntent handle = tel:*111,scheme = tel, uriString = *111, isSkipSchemaParsing = false, isAddParticipant = false: PCR.oR@AFM
09-16 09:56:27.822  3657  3657 I Telecom : Event: Call TC@1: CREATED, null: PCR.oR@AFM
09-16 09:56:27.824  3657  3657 I Telecom : Event: Call TC@1: SET_CONNECTING, ComponentInfo{com.android.phone/com.android.services.telephony.TelephonyConnectionService}, [2628372b20c6b31a61c46f7f5a9328dbf0edaed6], UserHandle{0}: PCR.oR@AFM
09-16 09:56:27.825  3657  3657 I Telecom : TelecomWakeLock: WakeLock already released with id: 26: PCR.oR@AFM
09-16 09:56:27.825  3657  3657 I Telecom : InCallWakeLockController: Releasing full wake lock: PCR.oR@AFM
09-16 09:56:27.826  3657  5226 I Telecom : CallAudioRouteStateMachine: Message received: UPDATE_SYSTEM_AUDIO_ROUTE=1201, arg1=0: PCR.oR->CARSM.pM_UPDATE_SYSTEM_AUDIO_ROUTE@AFM_1
09-16 09:56:27.827  3657  6378 D AudioTrack: Client defaulted notificationFrames to 192 for frameCount 960
09-16 09:56:27.828  3657  5228 I Telecom : CallAudioModeStateMachine: Message received: NEW_ACTIVE_OR_DIALING_CALL.: PCR.oR->CAMSM.pM_2001@AFM_2
09-16 09:56:27.828  3657  5228 I Telecom : CallAudioModeStateMachine: Audio focus entering SIM CALL state: PCR.oR->CAMSM.pM_2001@AFM_2
09-16 09:56:27.828  3657  5228 I MediaFocusControl:  AudioFocus  requestAudioFocus() from uid/pid 1000/3657 clientId=AudioFocus_For_Phone_Ring_And_Calls req=2 flags=0x4
09-16 09:56:27.829  3277  3277 D audio_hw_primary_abox: device-adev_set_mode: enter with mode = 2, previous mode = 0
09-16 09:56:27.829  3277  3277 D audio_hw_primary_abox: device-update_voice_wakeup: voice_wakeup_type = 0
09-16 09:56:27.829  3277  3277 I audio_hw_primary_abox: device-adev_set_mode: update ABOX AudioMode : 2
09-16 09:56:27.829  3277  3277 D audio_hw_primary_abox: device-adev_set_mode: exit
09-16 09:56:27.830  3657  3657 I Telecom : InCallController: defaultDialer: null: PCR.oR@AFM
09-16 09:56:27.830  3657  3657 I Telecom : InCallController: defaultDialer: null: PCR.oR@AFM
09-16 09:56:27.831  3657  3657 I Telecom : CarSwappingInCallServiceConnection: carmodechange: false => false: PCR.oR@AFM
09-16 09:56:27.832  3657  3657 I Telecom : EmergencyInCallServiceConnection: Attempting to bind to InCall [ComponentInfo{com.android.dialer/com.android.incallui.InCallServiceImpl} supportsExternal? true], with Intent { act=android.telecom.InCallService cmp=com.android.dialer/com.android.incallui.InCallServiceImpl (has extras) }: PCR.oR@AFM
09-16 09:56:27.840  3657  3657 I Telecom : NewOutgoingCallIntentBroadcaster: Sending NewOutgoingCallBroadcast for [TC@1, CONNECTING, null, tel:****, A, childs(0), has_parent(false), [Capabilities:], [Properties:]] to UserHandle{0}: PCR.oR@AFM
09-16 09:56:27.842  3657  5226 I Telecom : CallAudioRouteStateMachine: setSystemAudioState: changing from [AudioState isMuted: false, route: EARPIECE, supportedRouteMask: EARPIECE, SPEAKER] to [AudioState isMuted: false, route: EARPIECE, supportedRouteMask: EARPIECE, SPEAKER]: PCR.oR->CARSM.pM_UPDATE_SYSTEM_AUDIO_ROUTE@AFM_1
09-16 09:56:27.843  3657  3657 I Telecom : TelecomSystem: CallerInfoAsyncQuery.startQuery number=[48a4d86236decb4f577b6a6c5a07cf38f29fc499] cookie=PCR.oR->CILH.sL@AFM_0_0: PCR.oR->CILH.sL@AFM_0
09-16 09:56:27.856  3657  3657 V GpsNetInitiatedHandler: ACTION_NEW_OUTGOING_CALL - false
09-16 09:56:27.861  6320  6320 E SpannableStringBuilder: SPAN_EXCLUSIVE_EXCLUSIVE spans cannot have a zero length
09-16 09:56:27.864  3657  5231 D CountryDetector: The first listener is added
09-16 09:56:27.881  6320  6343 W OpenGLRenderer: Incorrectly called buildLayer on View: LinearLayout, destroying layer...
09-16 09:56:27.881  6320  6343 W OpenGLRenderer: Incorrectly called buildLayer on View: AppCompatImageButton, destroying layer...
09-16 09:56:27.890  6320  6320 W InCall  : String - Device does not support proximity wake lock.
09-16 09:56:27.891  6320  6320 I InCall  : ProximitySensor - ProximitySensor{keybrd=0, dpad=0, offhook=0, hor=0, ui=0, aud=EARPIECE}
09-16 09:56:27.892  6320  6320 I InCall  : InCallPresenter - Phone switching state: NO_CALLS -> NO_CALLS
09-16 09:56:27.903  6320  6320 I InCall  : InCallPresenter - setBoundAndWaitingForOutgoingCall: true
09-16 09:56:27.904  3657  5016 I ActivityManager: START u0 {act=android.intent.action.MAIN flg=0x10040000 cmp=com.android.dialer/com.android.incallui.InCallActivity (has extras)} from uid 10016 on display 0
09-16 09:56:27.912  3657  3657 I Telecom : InCallController: onConnected to ComponentInfo{com.android.dialer/com.android.incallui.InCallServiceImpl}: ICSBC.oSC@AFY
09-16 09:56:27.914  3657  3657 I Telecom : InCallController: Adding 1 calls to InCallService after onConnected: ComponentInfo{com.android.dialer/com.android.incallui.InCallServiceImpl}, including external calls: ICSBC.oSC@AFY
09-16 09:56:27.916  3657  3657 I Telecom : InCallController: 1 calls sent to InCallService.: ICSBC.oSC@AFY
09-16 09:56:27.918  3657  3657 I Telecom : NewOutgoingCallBroadcastIntentReceiver: Received new-outgoing-call-broadcast for [TC@1, CONNECTING, null, tel:****, A, childs(0), has_parent(false), [Capabilities:], [Properties:]] with data [48a4d86236decb4f577b6a6c5a07cf38f29fc499]: NOCBIR.oR@AFc
09-16 09:56:27.921  3657  3657 I Telecom : CallsManager: Creating a new outgoing call with handle: tel:****: NOCBIR.oR@AFc
09-16 09:56:27.926  3277  3472 D audio_hw_primary_abox: primary_out-out_set_parameters: enter with param = routing=1
09-16 09:56:27.926  3277  3472 D audio_hw_primary_abox: primary_out-out_set_parameters: Requested to change route from 0x2 to 0x1
09-16 09:56:27.926  3277  3472 I audio_hw_primary_abox: fast_out-out_set_parameters: update out->devices:1 
09-16 09:56:27.926  3277  3472 D audio_hw_primary_abox: primary_out-out_set_parameters: exit
09-16 09:56:27.931  3657  3657 I Telecom : PhoneAccountRegistrar: SimCallManager queried, returning: null: NOCBIR.oR@AFc
09-16 09:56:27.933  3657  3657 I Telecom : CreateConnectionProcessor: Trying attempt CallAttemptRecord(ComponentInfo{com.android.phone/com.android.services.telephony.TelephonyConnectionService}, [2628372b20c6b31a61c46f7f5a9328dbf0edaed6], UserHandle{0},ComponentInfo{com.android.phone/com.android.services.telephony.TelephonyConnectionService}, [2628372b20c6b31a61c46f7f5a9328dbf0edaed6], UserHandle{0}): NOCBIR.oR@AFc
09-16 09:56:27.935  3657  3657 I Telecom : Event: Call TC@1: BIND_CS, ComponentInfo{com.android.phone/com.android.services.telephony.TelephonyConnectionService}: NOCBIR.oR@AFc
09-16 09:56:27.942  3657  3657 I Telecom : CallerInfoLookupHelper: CI query for handle tel:**** has completed; notifying all listeners.: PCR.oR->CILH.sL->CILH.oQC@AFM_0_0
09-16 09:56:27.943  3657  3657 I Telecom : Call: CallerInfo received for tel:****: com.android.internal.telephony.CallerInfo@b6da640 { name null, phoneNumber non-null }: PCR.oR->CILH.sL->CILH.oQC@AFM_0_0
09-16 09:56:27.943  3657  3657 I Telecom : CallerInfoLookupHelper: There is no photo for this contact, skipping photo query: PCR.oR->CILH.sL->CILH.oQC@AFM_0_0
09-16 09:56:27.951  6320  6320 I InCall  : CallList - onUpdate - [Call_0, CONNECTING, [Capabilities:], [Properties:], children:[], parent:null, conferenceable:[], videoState:Audio Only, mSessionModificationState:0, VideoSettings:(CameraDir:-1), mIsActivSub:false]
09-16 09:56:27.951  3657  3657 I Telecom : ServiceBinderConnection: Service bound ComponentInfo{com.android.phone/com.android.services.telephony.TelephonyConnectionService}: SBC.oSC@AFk
09-16 09:56:27.951  6320  6320 I InCall  : InCallPresenter - Phone switching state: OUTGOING -> PENDING_OUTGOING
09-16 09:56:27.952  3657  3657 I Telecom : Event: Call TC@1: CS_BOUND, ComponentInfo{com.android.phone/com.android.services.telephony.TelephonyConnectionService}: SBC.oSC@AFk
09-16 09:56:27.954  3657  3657 I Telecom : Event: Call TC@1: START_CONNECTION, tel:****: SBC.oSC@AFk
09-16 09:56:27.954  6320  6320 I InCall  : InCallPresenter - setBoundAndWaitingForOutgoingCall: false
09-16 09:56:27.963  3657  3742 I Telecom : PhoneAccountRegistrar: SimCallManager queried, returning: null: CSW.qRCS@AFo
09-16 09:56:27.970  6320  6320 I InCall  : InCallPresenter - UI Initialized
09-16 09:56:27.971  4981  4981 I Telephony: TelephonyConnectionService: onCreateOutgoingConnection, request: ConnectionRequest xxxxxxxx Bundle[mParcelledData.dataSize=564]
09-16 09:56:27.972  6320  6320 I InCall  : InCallPresenter - Phone switching state: PENDING_OUTGOING -> PENDING_OUTGOING
09-16 09:56:27.977  6320  6320 I InCall  : InCallActivity - onResume()...
09-16 09:56:27.981  6320  6320 I InCall  : ProximitySensor - ProximitySensor{keybrd=0, dpad=0, offhook=0, hor=0, ui=1, aud=EARPIECE}
09-16 09:56:28.017  6320  6343 D mali_winsys: EGLint new_window_surface(egl_winsys_display*, void*, EGLSurface, EGLConfig, egl_winsys_surface**, egl_color_buffer_format*, EGLBoolean) returns 0x3000,  [1440x2960]-format:1
09-16 09:56:28.023  3277  3350 D audio_hw_primary_abox: device-adev_set_voice_volume: enter with volume level(0.800000)
09-16 09:56:28.023  3277  3350 D audio_hw_primary_abox: device-adev_set_voice_volume: exit
09-16 09:56:28.024  3277  3475 D audio_hw_primary_abox: fast_out-out_set_parameters: enter with param = routing=1
09-16 09:56:28.024  3277  3475 D audio_hw_primary_abox: fast_out-out_set_parameters: Requested to change route from 0x1 to 0x1
09-16 09:56:28.024  3277  3475 D audio_hw_primary_abox: fast_out-set_audio_route: [PLAYBACK] current-device(speaker) new-device(handset) in cur-mode(normal) & new-mode(normal)!
09-16 09:56:28.024  3277  3475 I audio_hw_primary_abox: is_voice_wakeup : ret =  0  , wakeup_baby_cry_enabled = 0  ,  wakeup_mic_enabled = 0 
09-16 09:56:28.029  3657  4866 I Telecom : InCallController: Sending updateCall [TC@1, CONNECTING, com.android.phone/com.android.services.telephony.TelephonyConnectionService, tel:****, A, childs(0), has_parent(false), [Capabilities:], [Properties:]]: CSW.hCCC@AFw
09-16 09:56:28.030  3657  4866 I Telecom : InCallController: Components updated: [ComponentInfo{com.android.dialer/com.android.incallui.InCallServiceImpl}]: CSW.hCCC@AFw
09-16 09:56:28.032  3657  4866 I Telecom : InCallController: Sending updateCall [TC@1, CONNECTING, com.android.phone/com.android.services.telephony.TelephonyConnectionService, tel:****, A, childs(0), has_parent(false), [Capabilities: CAPABILITY_SUPPORT_HOLD CAPABILITY_MUTE CAPABILITY_CANNOT_DOWNGRADE_VIDEO_TO_AUDIO], [Properties:]]: CSW.hCCC@AFw
09-16 09:56:28.032  3657  4866 I Telecom : InCallController: Components updated: [ComponentInfo{com.android.dialer/com.android.incallui.InCallServiceImpl}]: CSW.hCCC@AFw
09-16 09:56:28.033  3657  4866 I Telecom : Event: Call TC@1: CAPABILITY_CHANGE, Current: [[ sup_hld mut !v2a]], Removed [[]], Added [[ sup_hld mut !v2a]]: CSW.hCCC@AFw
09-16 09:56:28.034  3657  4866 I Telecom : InCallController: Sending updateCall [TC@1, CONNECTING, com.android.phone/com.android.services.telephony.TelephonyConnectionService, tel:****, A, childs(0), has_parent(false), [Capabilities: CAPABILITY_SUPPORT_HOLD CAPABILITY_MUTE CAPABILITY_CANNOT_DOWNGRADE_VIDEO_TO_AUDIO], [Properties:]]: CSW.hCCC@AFw
09-16 09:56:28.035  3657  4866 I Telecom : InCallController: Components updated: [ComponentInfo{com.android.dialer/com.android.incallui.InCallServiceImpl}]: CSW.hCCC@AFw
09-16 09:56:28.037  3657  4866 I Telecom : InCallController: Sending updateCall [TC@1, CONNECTING, com.android.phone/com.android.services.telephony.TelephonyConnectionService, tel:****, A, childs(0), has_parent(false), [Capabilities: CAPABILITY_SUPPORT_HOLD CAPABILITY_MUTE CAPABILITY_CANNOT_DOWNGRADE_VIDEO_TO_AUDIO], [Properties:]]: CSW.hCCC@AFw
09-16 09:56:28.038  3657  4866 I Telecom : InCallController: Components updated: [ComponentInfo{com.android.dialer/com.android.incallui.InCallServiceImpl}]: CSW.hCCC@AFw
09-16 09:56:28.039  3657  4866 I Telecom : InCallController: Sending updateCall [TC@1, CONNECTING, com.android.phone/com.android.services.telephony.TelephonyConnectionService, tel:****, A, childs(0), has_parent(false), [Capabilities: CAPABILITY_SUPPORT_HOLD CAPABILITY_MUTE CAPABILITY_CANNOT_DOWNGRADE_VIDEO_TO_AUDIO], [Properties:]]: CSW.hCCC@AFw
09-16 09:56:28.040  3657  4866 I Telecom : InCallController: Components updated: [ComponentInfo{com.android.dialer/com.android.incallui.InCallServiceImpl}]: CSW.hCCC@AFw
09-16 09:56:28.042  3657  4866 I Telecom : CallsManager: setCallState CONNECTING -> DIALING, call: [TC@1, CONNECTING, com.android.phone/com.android.services.telephony.TelephonyConnectionService, tel:****, A, childs(0), has_parent(false), [Capabilities: CAPABILITY_SUPPORT_HOLD CAPABILITY_MUTE CAPABILITY_CANNOT_DOWNGRADE_VIDEO_TO_AUDIO], [Properties:]]: CSW.hCCC@AFw
09-16 09:56:28.043  3277  3475 I audio_hw_primary_abox: USAGE_SPKAMP-do_close_spkamp_stream: Closed PCM Device is /dev/snd/pcmC0D7p
09-16 09:56:28.043  3657  4866 I Telecom : Event: Call TC@1: SET_DIALING, successful outgoing call: CSW.hCCC@AFw
09-16 09:56:28.044  3657  4866 I Telecom : TelecomWakeLock: WakeLock already released with id: 26: CSW.hCCC@AFw
09-16 09:56:28.044  3657  4866 I Telecom : InCallWakeLockController: Releasing full wake lock: CSW.hCCC@AFw
09-16 09:56:28.045  3657  3657 D GpsNetInitiatedHandler: onCallStateChanged(): state is 2
09-16 09:56:28.045  3277  3475 I audio_hw_primary_abox: USAGE_SPKAMP-do_close_spkamp_stream: Closed PCM Device is /dev/snd/pcmC0D11c
09-16 09:56:28.046  3657  3755 I ActivityManager: Displayed com.android.dialer/com.android.incallui.InCallActivity: +119ms
09-16 09:56:28.047  3657  4866 I Telecom : PhoneStateBroadcaster: Broadcasted state change: 2: CSW.hCCC@AFw
09-16 09:56:28.048  3657  4866 I Telecom : InCallController: Sending updateCall [TC@1, DIALING, com.android.phone/com.android.services.telephony.TelephonyConnectionService, tel:****, A, childs(0), has_parent(false), [Capabilities: CAPABILITY_SUPPORT_HOLD CAPABILITY_MUTE CAPABILITY_CANNOT_DOWNGRADE_VIDEO_TO_AUDIO], [Properties:]]: CSW.hCCC@AFw
09-16 09:56:28.049  3657  4866 I Telecom : InCallController: Components updated: [ComponentInfo{com.android.dialer/com.android.incallui.InCallServiceImpl}]: CSW.hCCC@AFw
09-16 09:56:28.051  3277  3475 I audio_hw_primary_abox: USAGE_SPKAMP-do_close_spkamp_stream: Closed PCM Device is /dev/snd/pcmC0D12c
09-16 09:56:28.052  3657  4866 I Telecom : InCallController: Sending updateCall [TC@1, DIALING, com.android.phone/com.android.services.telephony.TelephonyConnectionService, tel:****, A, childs(0), has_parent(false), [Capabilities: CAPABILITY_SUPPORT_HOLD CAPABILITY_MUTE CAPABILITY_CANNOT_DOWNGRADE_VIDEO_TO_AUDIO], [Properties:]]: CSW.hCCC@AFw
09-16 09:56:28.053  3277  3475 I audio_hw_primary_abox: USAGE_SPKAMP-do_close_spkamp_stream: Closed PCM Device is /dev/snd/pcmC0D6p
09-16 09:56:28.053  3277  3475 I audio_route: > audio_route_update_path + : "media-speaker" reverse(1)
09-16 09:56:28.053  3657  4866 I Telecom : InCallController: Components updated: [ComponentInfo{com.android.dialer/com.android.incallui.InCallServiceImpl}]: CSW.hCCC@AFw
09-16 09:56:28.055  3657  4866 I Telecom : CallsManager: setCallState DIALING -> DIALING, call: [TC@1, DIALING, com.android.phone/com.android.services.telephony.TelephonyConnectionService, tel:****, A, childs(0), has_parent(false), [Capabilities: CAPABILITY_SUPPORT_HOLD CAPABILITY_MUTE CAPABILITY_CANNOT_DOWNGRADE_VIDEO_TO_AUDIO], [Properties:]]: CSW.hCCC@AFw
09-16 09:56:28.055  3277  3475 I audio_route: > audio_route_update_path - : changed(3)
09-16 09:56:28.055  3277  3475 D audio_hw_primary_abox: fast_out-do_set_route: Disabled Audio Route(media-speaker)
09-16 09:56:28.055  3277  3475 I audio_route: > audio_route_update_path + : "gain-media-speaker" reverse(1)
09-16 09:56:28.055  3277  3475 I audio_route: > audio_route_update_path - : changed(0)
09-16 09:56:28.055  3277  3475 D audio_hw_primary_abox: fast_out-do_set_route: Disabled Audio Gain(gain-media-speaker)
09-16 09:56:28.055  3277  3475 I audio_route: > audio_route_apply_path : "media-handset"
09-16 09:56:28.057  3657  5226 I Telecom : CallAudioRouteStateMachine: Message received: UPDATE_SYSTEM_AUDIO_ROUTE=1201, arg1=0: CSW.hCCC->CARSM.pM_UPDATE_SYSTEM_AUDIO_ROUTE@AFw_2
09-16 09:56:28.058  3657  3745 W BroadcastQueue: Permission Denial: receiving Intent { act=android.intent.action.PHONE_STATE flg=0x10 (has extras) } to ProcessRecord{7c69edf 4848:com.android.systemui/u0a33} (pid=4848, uid=10033) requires android.permission.READ_PHONE_STATE due to sender android (uid 1000)
09-16 09:56:28.058  3657  5226 I Telecom : CallAudioRouteStateMachine: setSystemAudioState: changing from [AudioState isMuted: false, route: EARPIECE, supportedRouteMask: EARPIECE, SPEAKER] to [AudioState isMuted: false, route: EARPIECE, supportedRouteMask: EARPIECE, SPEAKER]: CSW.hCCC->CARSM.pM_UPDATE_SYSTEM_AUDIO_ROUTE@AFw_2
09-16 09:56:28.060  3657  5226 I Telecom : InCallController: Calling onAudioStateChanged, audioState: [AudioState isMuted: false, route: EARPIECE, supportedRouteMask: EARPIECE, SPEAKER] -> [AudioState isMuted: false, route: EARPIECE, supportedRouteMask: EARPIECE, SPEAKER]: CSW.hCCC->CARSM.pM_UPDATE_SYSTEM_AUDIO_ROUTE@AFw_2
09-16 09:56:28.060  3657  3745 W BroadcastQueue: Permission Denial: receiving Intent { act=android.intent.action.PHONE_STATE flg=0x10 (has extras) } to com.android.deskclock/.alarms.PhoneStateReceiver requires android.permission.READ_PRIVILEGED_PHONE_STATE due to sender android (uid 1000)
09-16 09:56:28.061  3657  5226 I Telecom : CallAudioRouteStateMachine: Message received: USER_SWITCH_EARPIECE=1101, arg1=0: CSW.hCCC->CARSM.pM_USER_SWITCH_EARPIECE@AFw_3
09-16 09:56:28.061  3657  3745 W BroadcastQueue: Permission Denial: receiving Intent { act=android.intent.action.PHONE_STATE flg=0x10 (has extras) } to com.android.deskclock/.alarms.PhoneStateReceiver requires android.permission.READ_PHONE_STATE due to sender android (uid 1000)
09-16 09:56:28.068  3657  3743 I Telecom : InCallController: Sending updateCall [TC@1, DIALING, com.android.phone/com.android.services.telephony.TelephonyConnectionService, tel:****, A, childs(0), has_parent(false), [Capabilities: CAPABILITY_SUPPORT_HOLD CAPABILITY_MUTE CAPABILITY_CANNOT_DOWNGRADE_VIDEO_TO_AUDIO], [Properties:]]: CSW.sSH@AF0
09-16 09:56:28.069  3657  3743 I Telecom : InCallController: Components updated: [ComponentInfo{com.android.dialer/com.android.incallui.InCallServiceImpl}]: CSW.sSH@AF0
09-16 09:56:28.112  3277  3475 I audio_route: > audio_route_update_path + : "media-handset" reverse(0)
09-16 09:56:28.112  3277  3475 I audio_route: > audio_route_update_path - : changed(0)
09-16 09:56:28.112  3277  3475 D audio_hw_primary_abox: fast_out-do_set_route: Enabled Audio Route(media-handset)
09-16 09:56:28.112  3277  3475 I audio_route: > audio_route_apply_path : "gain-media-handset"
09-16 09:56:28.112  3277  3475 I audio_route: > audio_route_update_path + : "gain-media-handset" reverse(0)
09-16 09:56:28.112  3277  3475 I audio_route: > audio_route_update_path - : changed(0)
09-16 09:56:28.112  3277  3475 D audio_hw_primary_abox: fast_out-do_set_route: Enabled Audio Gain(gain-media-handset)
09-16 09:56:28.112  3277  3475 I audio_hw_primary_abox: [do_open_spkamp_stream] Opened PCM Device(/dev/snd/pcmC0D7p) configured Info: Channels(2)  Smapling Rate(48000), Format: Default(0)
09-16 09:56:28.112  3277  3475 I audio_hw_primary_abox: [do_open_spkamp_stream] Opened PCM Device(/dev/snd/pcmC0D11c) configured Info: Channels(2)  Smapling Rate(48000), Format: Default(0)
09-16 09:56:28.114  3277  3475 I audio_hw_primary_abox: [do_open_spkamp_stream] Opened PCM Device(/dev/snd/pcmC0D12c) configured Info: Channels(2)  Smapling Rate(48000), Format: Default(0)
09-16 09:56:28.114  3277  3475 I audio_hw_primary_abox: [do_open_spkamp_stream] Opened PCM Device(/dev/snd/pcmC0D6p) configured Info: Channels(2)  Smapling Rate(48000), Format: Default(0)
09-16 09:56:28.114  3277  3475 D audio_hw_primary_abox: fast_out-out_set_parameters: exit
09-16 09:56:28.121  6320  6320 I InCall  : CallList - onUpdate - [Call_0, DIALING, [Capabilities: CAPABILITY_SUPPORT_HOLD CAPABILITY_MUTE CAPABILITY_CANNOT_DOWNGRADE_VIDEO_TO_AUDIO], [Properties:], children:[], parent:null, conferenceable:[], videoState:Audio Only, mSessionModificationState:0, VideoSettings:(CameraDir:-1), mIsActivSub:false]
09-16 09:56:28.121  6320  6320 I InCall  : InCallPresenter - Start in call UI
09-16 09:56:28.121  6320  6320 I InCall  : InCallPresenter - Showing InCallActivity
09-16 09:56:28.124  3657  3742 I ActivityManager: START u0 {act=android.intent.action.MAIN flg=0x10040000 cmp=com.android.dialer/com.android.incallui.InCallActivity (has extras)} from uid 10016 on display 0
09-16 09:56:28.128  4848  4951 I vol.Events: writeEvent level_changed STREAM_MUSIC 11
09-16 09:56:28.134  3657  5228 I Telecom : CallAudioModeStateMachine: Message received: FOREGROUND_VOIP_MODE_CHANGE.: CSW.hCCC->CAMSM.pM_4001@AFw_0
09-16 09:56:28.134  3657  5226 I Telecom : CallAudioRouteStateMachine: Message received: SWITCH_FOCUS=4001, arg1=2: PCR.oR->CAMSM.pM_2001->CARSM.pM_SWITCH_FOCUS@AFM_2_2
09-16 09:56:28.135  3657  5226 I Telecom : Event: Call TC@1: AUDIO_ROUTE, Leaving state QuiescentEarpieceRoute: PCR.oR->CAMSM.pM_2001->CARSM.pM_SWITCH_FOCUS@AFM_2_2
09-16 09:56:28.135  3657  5228 I Telecom : CallAudioModeStateMachine: Message received: NEW_ACTIVE_OR_DIALING_CALL.: CSW.hCCC->CAMSM.pM_2001@AFw_1
09-16 09:56:28.135  6320  6320 I InCall  : InCallPresenter - Phone switching state: PENDING_OUTGOING -> OUTGOING
09-16 09:56:28.135  6320  6320 D AccelerometerListener: enable(true)
09-16 09:56:28.135  6320  6320 E SensorManager: sensor or listener is null
09-16 09:56:28.136  3657  5226 I Telecom : Event: Call TC@1: AUDIO_ROUTE, Entering state ActiveEarpieceRoute: PCR.oR->CAMSM.pM_2001->CARSM.pM_SWITCH_FOCUS@AFM_2_2
09-16 09:56:28.136  6320  6320 I InCall  : ProximitySensor - ProximitySensor{keybrd=0, dpad=0, offhook=1, hor=0, ui=1, aud=EARPIECE}
09-16 09:56:28.136  3657  5226 I Telecom : CallAudioRouteStateMachine: setNotificationsSuppressed: on=yes; suppressed=no: PCR.oR->CAMSM.pM_2001->CARSM.pM_SWITCH_FOCUS@AFM_2_2
09-16 09:56:28.136  6320  6320 D CallerInfoUtils: modifyForSpecialCnapCases: initially, number=xxxx, presentation=1 ci com.android.incallui.CallerInfo@a4a1c2d { name null, phoneNumber null }
09-16 09:56:28.137  6320  6320 D CallerInfoUtils: SpecialCnap: number=xxxx; presentation now=1
09-16 09:56:28.137  6320  6320 D CallerInfoUtils: modifyForSpecialCnapCases: returning number string=xxxx
09-16 09:56:28.142  3657  5226 D ZenLog  : config: setInterruptionFilter,ZenModeConfig[user=0,allowCalls=true,allowRepeatCallers=false,allowMessages=false,allowCallsFrom=contacts,allowMessagesFrom=contacts,allowReminders=true,allowEvents=true,allowWhenScreenOff=true,allowWhenScreenOn=true,automaticRules={eb2e2cdc25ed42ac8a3cdb5909ad5af3=ZenRule[enabled=false,snoozing=false,name=Weekend,zenMode=ZEN_MODE_ALARMS,conditionId=condition://android/schedule?days=6.7&start=23.30&end=10.0&exitAtAlarm=false,condition=Condition[id=condition://android/schedule?days=6.7&start=23.30&end=10.0&exitAtAlarm=false,summary=...,line1=...,line2=...,icon=0,state=STATE_TRUE,flags=2],component=ComponentInfo{android/com.android.server.notification.ScheduleConditionProvider},id=eb2e2cdc25ed42ac8a3cdb5909ad5af3,creationTime=1505566479064,enabler=null], 6e25e7c6b2c944578fc88c8e475d9418=ZenRule[enabled=false,snoozing=false,name=Weeknight,zenMode=ZEN_MODE_ALARMS,conditionId=condition://android/schedule?days=1.2.3.4.5&start=22.0&end=7.0&exitAtAlarm=false,condition=Condition[id=condition://android/schedule?days=1.2.3.4.5&start=22.0&end=7.0&exitAtAlarm=false,summary=...,line1=...,line2=...,icon=0,state=STATE_FALSE,flags=2],component=ComponentInfo{android/com.android.server.notification.ScheduleConditionProvider},id=6e25e7c6b2c944578fc88c8e475d9418,creationTime=1505566479063,enabler=null], 925899a267f2480da1c204591583c361=ZenRule[enabled=false,snoozing=false,name=Event,zenMode=ZEN_MODE_ALARMS,conditionId=condition://android/event?userId=-10000&calendar=&reply=1,condition=Condition[id=condition://android/event?userId=-10000&calendar=&reply=1,summary=...,line1=...,line2=...,icon=0,state=STATE_FALSE,flags=2],component=ComponentInfo{android/com.android.server.notification.EventConditionProvider},id=925899a267f2480da1c204591583c361,creationTime=1505566479064,enabler=null]},manualRule=ZenRule[enabled=true,snoozing=false,name=null,zenMode=ZEN_MODE_ALARMS,conditionId=null,condition=null,component=null,id=null,creationTime=0,enabler=com.android.server.telecom]],Diff[manualRule:insert]
09-16 09:56:28.154  6320  6320 D CallerInfoUtils: ==> Actually starting CallerInfoAsyncQuery.startQuery()...
09-16 09:56:28.155  3657  5226 I Telecom : CallAudioRouteStateMachine: setSystemAudioState: changing from [AudioState isMuted: false, route: EARPIECE, supportedRouteMask: EARPIECE, SPEAKER] to [AudioState isMuted: false, route: EARPIECE, supportedRouteMask: EARPIECE, SPEAKER]: PCR.oR->CAMSM.pM_2001->CARSM.pM_SWITCH_FOCUS@AFM_2_2
09-16 09:56:28.165  3657  3657 D ZenLog  : set_zen_mode: alarms,setInterruptionFilter
09-16 09:56:28.175  3657  3657 D ZenLog  : set_ringer_mode_internal: ZenModeHelper,i:normal->silent,e:normal->silent
09-16 09:56:28.178  4848  4951 I vol.Events: writeEvent internal_ringer_mode_changed silent
09-16 09:56:28.178  4848  4951 I vol.Events: writeEvent mute_changed STREAM_RING true
09-16 09:56:28.183  4848  4951 I vol.Events: writeEvent mute_changed STREAM_SYSTEM true
09-16 09:56:28.185  4848  4951 I vol.Events: writeEvent external_ringer_mode_changed silent
09-16 09:56:28.190  4848  4951 I vol.Events: writeEvent zen_mode_changed alarms
09-16 09:56:28.193  3657  3657 I Telecom : : interruptionFilterChanged - ignoring own change: CARSM.oR@AGE
09-16 09:56:28.384  6320  6320 I InCall  : StatusBarNotifier - Displaying notification for 1
09-16 09:56:28.402  6320  6320 W InCall  : String -  CircularRevealFragment - onAnimationEnd
09-16 09:56:28.403  3657  3657 D ZenLog  : intercepted: 0|com.android.dialer|1|null|10016,alarmsOnly
09-16 09:56:28.408  3657  3657 V NotificationService: pkg=com.android.dialer canInterrupt=false intercept=true
09-16 09:56:28.408  3657  3657 D ZenLog  : disable_effects: 0|com.android.dialer|1|null|10016,booleanState
09-16 09:56:28.496  6320  6320 D CallerInfoUtils: modifyForSpecialCnapCases: initially, number=xxxx, presentation=1 ci com.android.incallui.CallerInfo@a89b201 { name null, phoneNumber null }
09-16 09:56:28.496  6320  6320 D CallerInfoUtils: SpecialCnap: number=xxxx; presentation now=1
09-16 09:56:28.496  6320  6320 D CallerInfoUtils: modifyForSpecialCnapCases: returning number string=xxxx
09-16 09:56:28.559  3657  5018 D AlarmManagerService: Kernel timezone updated to 180 minutes west of GMT
09-16 09:56:28.591  6073  6073 D CellBroadcastReceiver: onReceive Intent { act=android.intent.action.SERVICE_STATE flg=0x10 cmp=com.android.cellbroadcastreceiver/.CellBroadcastReceiver (has extras) }
09-16 09:56:28.591  6073  6073 D CellBroadcastReceiver: Intent: android.intent.action.SERVICE_STATE
09-16 09:56:28.631  3657  4750 W ConnectivityExtension: ConnectivityExt jar file not present
09-16 09:56:28.657  6320  6320 E QtiImsExtUtils: getImsPhoneId failed. Exception = org.codeaurora.ims.QtiImsException: ImsService is not running
09-16 09:56:28.657  6320  6320 E QtiImsExtUtils: getConfigForPhoneId phoneId is invalid
09-16 09:56:28.657  6320  6320 E QtiImsExtUtils: isCarrierConfigEnabled bundle is null
09-16 09:56:28.658  6320  6320 E QtiImsExtUtils: getImsPhoneId failed. Exception = org.codeaurora.ims.QtiImsException: ImsService is not running
09-16 09:56:28.658  6320  6320 E QtiImsExtUtils: getConfigForPhoneId phoneId is invalid
09-16 09:56:28.658  6320  6320 E QtiImsExtUtils: isCarrierConfigEnabled bundle is null
09-16 09:56:28.774  6320  6320 I InCall  : InCallLowBatteryListener - onDetailsChanged call = [Call_0, DIALING, [Capabilities: CAPABILITY_SUPPORT_HOLD CAPABILITY_MUTE CAPABILITY_CANNOT_DOWNGRADE_VIDEO_TO_AUDIO], [Properties:], children:[], parent:null, conferenceable:[], videoState:Audio Only, mSessionModificationState:0, VideoSettings:(CameraDir:-1), mIsActivSub:false] details = [pa: ComponentInfo{com.android.phone/com.android.services.telephony.TelephonyConnectionService}, [2628372b20c6b31a61c46f7f5a9328dbf0edaed6], UserHandle{0}, hdl: tel:****, caps: [Capabilities:], props: [Properties:]]
09-16 09:56:28.847  6320  6320 E QtiImsExtUtils: getImsPhoneId failed. Exception = org.codeaurora.ims.QtiImsException: ImsService is not running
09-16 09:56:28.847  6320  6320 E QtiImsExtUtils: getConfigForPhoneId phoneId is invalid
09-16 09:56:28.848  6320  6320 E QtiImsExtUtils: isCarrierConfigEnabled bundle is null
09-16 09:56:28.848  6320  6320 E QtiImsExtUtils: getImsPhoneId failed. Exception = org.codeaurora.ims.QtiImsException: ImsService is not running
09-16 09:56:28.848  6320  6320 E QtiImsExtUtils: getConfigForPhoneId phoneId is invalid
09-16 09:56:28.848  6320  6320 E QtiImsExtUtils: isCarrierConfigEnabled bundle is null
09-16 09:56:28.865  6320  6320 I InCall  : CallList - onUpdate - [Call_0, DIALING, [Capabilities: CAPABILITY_SUPPORT_HOLD CAPABILITY_MUTE CAPABILITY_CANNOT_DOWNGRADE_VIDEO_TO_AUDIO], [Properties:], children:[], parent:null, conferenceable:[], videoState:Audio Only, mSessionModificationState:0, VideoSettings:(CameraDir:-1), mIsActivSub:false]
09-16 09:56:28.867  6320  6320 I InCall  : InCallLowBatteryListener - onDetailsChanged call = [Call_0, DIALING, [Capabilities: CAPABILITY_SUPPORT_HOLD CAPABILITY_MUTE CAPABILITY_CANNOT_DOWNGRADE_VIDEO_TO_AUDIO], [Properties:], children:[], parent:null, conferenceable:[], videoState:Audio Only, mSessionModificationState:0, VideoSettings:(CameraDir:-1), mIsActivSub:false] details = [pa: ComponentInfo{com.android.phone/com.android.services.telephony.TelephonyConnectionService}, [2628372b20c6b31a61c46f7f5a9328dbf0edaed6], UserHandle{0}, hdl: tel:****, caps: [Capabilities: CAPABILITY_SUPPORT_HOLD CAPABILITY_MUTE CAPABILITY_CANNOT_DOWNGRADE_VIDEO_TO_AUDIO], props: [Properties:]]
09-16 09:56:28.944  6320  6320 E QtiImsExtUtils: getImsPhoneId failed. Exception = org.codeaurora.ims.QtiImsException: ImsService is not running
09-16 09:56:28.944  6320  6320 E QtiImsExtUtils: getConfigForPhoneId phoneId is invalid
09-16 09:56:28.944  6320  6320 E QtiImsExtUtils: isCarrierConfigEnabled bundle is null
09-16 09:56:28.945  6320  6320 E QtiImsExtUtils: getImsPhoneId failed. Exception = org.codeaurora.ims.QtiImsException: ImsService is not running
09-16 09:56:28.946  6320  6320 E QtiImsExtUtils: getConfigForPhoneId phoneId is invalid
09-16 09:56:28.946  6320  6320 E QtiImsExtUtils: isCarrierConfigEnabled bundle is null
09-16 09:56:28.955  6320  6320 I InCall  : CallList - onUpdate - [Call_0, DIALING, [Capabilities: CAPABILITY_SUPPORT_HOLD CAPABILITY_MUTE CAPABILITY_CANNOT_DOWNGRADE_VIDEO_TO_AUDIO], [Properties:], children:[], parent:null, conferenceable:[], videoState:Audio Only, mSessionModificationState:0, VideoSettings:(CameraDir:-1), mIsActivSub:false]
09-16 09:56:28.957  6320  6320 I InCall  : InCallLowBatteryListener - onDetailsChanged call = [Call_0, DIALING, [Capabilities: CAPABILITY_SUPPORT_HOLD CAPABILITY_MUTE CAPABILITY_CANNOT_DOWNGRADE_VIDEO_TO_AUDIO], [Properties:], children:[], parent:null, conferenceable:[], videoState:Audio Only, mSessionModificationState:0, VideoSettings:(CameraDir:-1), mIsActivSub:false] details = [pa: ComponentInfo{com.android.phone/com.android.services.telephony.TelephonyConnectionService}, [2628372b20c6b31a61c46f7f5a9328dbf0edaed6], UserHandle{0}, hdl: tel:****, caps: [Capabilities: CAPABILITY_SUPPORT_HOLD CAPABILITY_MUTE CAPABILITY_CANNOT_DOWNGRADE_VIDEO_TO_AUDIO], props: [Properties:]]
09-16 09:56:29.034  6320  6320 E QtiImsExtUtils: getImsPhoneId failed. Exception = org.codeaurora.ims.QtiImsException: ImsService is not running
09-16 09:56:29.034  6320  6320 E QtiImsExtUtils: getConfigForPhoneId phoneId is invalid
09-16 09:56:29.034  6320  6320 E QtiImsExtUtils: isCarrierConfigEnabled bundle is null
09-16 09:56:29.034  6320  6320 E QtiImsExtUtils: getImsPhoneId failed. Exception = org.codeaurora.ims.QtiImsException: ImsService is not running
09-16 09:56:29.035  6320  6320 E QtiImsExtUtils: getConfigForPhoneId phoneId is invalid
09-16 09:56:29.035  6320  6320 E QtiImsExtUtils: isCarrierConfigEnabled bundle is null
09-16 09:56:29.044  6320  6320 I InCall  : CallList - onUpdate - [Call_0, DIALING, [Capabilities: CAPABILITY_SUPPORT_HOLD CAPABILITY_MUTE CAPABILITY_CANNOT_DOWNGRADE_VIDEO_TO_AUDIO], [Properties:], children:[], parent:null, conferenceable:[], videoState:Audio Only, mSessionModificationState:0, VideoSettings:(CameraDir:-1), mIsActivSub:false]
09-16 09:56:29.062  6320  6320 I InCall  : ProximitySensor - ProximitySensor{keybrd=0, dpad=0, offhook=1, hor=0, ui=0, aud=EARPIECE}
09-16 09:56:29.068  6320  6320 W InCall  : String - An instance of CircularRevealFragment already exists
09-16 09:56:29.070  6320  6320 I InCall  : InCallActivity - onResume()...
09-16 09:56:29.091  6320  6320 I InCall  : ProximitySensor - ProximitySensor{keybrd=0, dpad=0, offhook=1, hor=0, ui=1, aud=EARPIECE}
09-16 09:56:29.188  6320  6320 I Choreographer: Skipped 63 frames!  The application may be doing too much work on its main thread.
09-16 09:56:29.357  6320  6320 V PhoneNumberUtil: getGeoDescription('[48a4d86236decb4f577b6a6c5a07cf38f29fc499]')...
09-16 09:56:29.361  6320  6320 V PhoneNumberUtil: parsing '[48a4d86236decb4f577b6a6c5a07cf38f29fc499]' for countryIso 'AR'...
09-16 09:56:29.366  6320  6320 V PhoneNumberUtil: - parsed number: [f4f53d0cb47c0e737b24f8d296df5d7a5898fffe]
09-16 09:56:29.366  6320  6320 V PhoneNumberUtil: - got description: ''
09-16 09:56:29.425  6320  6325 I art     : Do full code cache collection, code=503KB, data=443KB
09-16 09:56:29.426  6320  6325 I art     : Starting a blocking GC JitCodeCache
09-16 09:56:29.427  6320  6325 I art     : After code cache collection, code=463KB, data=332KB
09-16 09:56:29.486  6320  6320 W InCall  : String -  Failed to complete animation
09-16 09:56:29.837  6320  6320 I InCall  : InCallPresenter - Phone switching state: OUTGOING -> OUTGOING
09-16 09:56:29.914  6320  6320 E QtiImsExtUtils: getImsPhoneId failed. Exception = org.codeaurora.ims.QtiImsException: ImsService is not running
09-16 09:56:29.914  6320  6320 E QtiImsExtUtils: getConfigForPhoneId phoneId is invalid
09-16 09:56:29.914  6320  6320 E QtiImsExtUtils: isCarrierConfigEnabled bundle is null
09-16 09:56:29.915  6320  6320 E QtiImsExtUtils: getImsPhoneId failed. Exception = org.codeaurora.ims.QtiImsException: ImsService is not running
09-16 09:56:29.915  6320  6320 E QtiImsExtUtils: getConfigForPhoneId phoneId is invalid
09-16 09:56:29.915  6320  6320 E QtiImsExtUtils: isCarrierConfigEnabled bundle is null
09-16 09:56:30.208  6320  6325 I art     : Do partial code cache collection, code=489KB, data=378KB
09-16 09:56:30.209  6320  6325 I art     : After code cache collection, code=489KB, data=378KB
09-16 09:56:30.209  6320  6325 I art     : Increasing code cache capacity to 2MB
09-16 09:56:30.209  6320  6325 I art     : Compiler allocated 6MB to compile void android.view.ViewRootImpl.performTraversals()
09-16 09:56:30.880  3277  3475 V audio_hw_primary_abox: fast_out-out_standby: enter
09-16 09:56:30.880  3277  3475 I audio_hw_primary_abox: fast_out-out_standby: Transit to Idle
09-16 09:56:30.897  3277  3475 I audio_hw_primary_abox: fast_out-do_close_output_stream: Closed PCM Device
09-16 09:56:30.897  3277  3475 D audio_hw_primary_abox: fast_out-set_audio_route: [PLAYBACK] current-device(handset) new-device(handset) in cur-mode(normal) & new-mode(normal)!
09-16 09:56:30.898  3277  3475 I audio_hw_primary_abox: USAGE_SPKAMP-do_close_spkamp_stream: Closed PCM Device is /dev/snd/pcmC0D7p
09-16 09:56:30.900  3277  3475 I audio_hw_primary_abox: USAGE_SPKAMP-do_close_spkamp_stream: Closed PCM Device is /dev/snd/pcmC0D11c
09-16 09:56:30.901  3277  3475 I audio_hw_primary_abox: USAGE_SPKAMP-do_close_spkamp_stream: Closed PCM Device is /dev/snd/pcmC0D12c
09-16 09:56:30.902  3277  3475 I audio_hw_primary_abox: USAGE_SPKAMP-do_close_spkamp_stream: Closed PCM Device is /dev/snd/pcmC0D6p
09-16 09:56:30.902  3277  3475 I audio_route: > audio_route_update_path + : "media-handset" reverse(1)
09-16 09:56:30.910  3277  3475 I audio_route: > audio_route_update_path - : changed(3)
09-16 09:56:30.910  3277  3475 D audio_hw_primary_abox: fast_out-do_set_route: Disabled Audio Route(media-handset)
09-16 09:56:30.910  3277  3475 I audio_route: > audio_route_update_path + : "gain-media-handset" reverse(1)
09-16 09:56:30.911  3277  3475 I audio_route: > audio_route_update_path - : changed(2)
09-16 09:56:30.911  3277  3475 D audio_hw_primary_abox: fast_out-do_set_route: Disabled Audio Gain(gain-media-handset)
09-16 09:56:30.911  3277  3475 I audio_hw_primary_abox: fast_out-out_standby: Transit to Standby
09-16 09:56:30.911  3277  3475 V audio_hw_primary_abox: fast_out-out_standby: exit
09-16 09:56:31.877  3657  3745 I ActivityManager: Waited long enough for: ServiceRecord{e442b9f u0 com.cyanogenmod.lockclock/.weather.WeatherSourceListenerService}
09-16 09:56:31.889  3657  3745 I ActivityManager: Waited long enough for: ServiceRecord{8ada0b5 u0 com.cyanogenmod.lockclock/.DeviceStatusService}
09-16 09:56:31.974  3657  3742 I ActivityManager: Setting hasTopUi=true for pid=4848
09-16 09:56:31.976  4848  4848 D PhoneStatusBar: disable: < expand ICONS* ALERTS SYSTEM_INFO* back home recent clock SEARCH quick_settings >
09-16 09:56:32.005  4848  5024 D mali_winsys: EGLint new_window_surface(egl_winsys_display*, void*, EGLSurface, EGLConfig, egl_winsys_surface**, egl_color_buffer_format*, EGLBoolean) returns 0x3000,  [1440x2960]-format:1
09-16 09:56:33.076  3657  5016 I Telecom : InCallController: Sending updateCall [TC@1, DIALING, com.android.phone/com.android.services.telephony.TelephonyConnectionService, tel:****, A, childs(0), has_parent(false), [Capabilities: CAPABILITY_SUPPORT_HOLD CAPABILITY_MUTE CAPABILITY_CANNOT_DOWNGRADE_VIDEO_TO_AUDIO], [Properties:]]: CSW.sSH@AIo
09-16 09:56:33.078  3657  5016 I Telecom : InCallController: Components updated: [ComponentInfo{com.android.dialer/com.android.incallui.InCallServiceImpl}]: CSW.sSH@AIo
09-16 09:56:33.083  3657  5016 I Telecom : CallsManager: setCallState DIALING -> ACTIVE, call: [TC@1, DIALING, com.android.phone/com.android.services.telephony.TelephonyConnectionService, tel:****, A, childs(0), has_parent(false), [Capabilities: CAPABILITY_SUPPORT_HOLD CAPABILITY_MUTE CAPABILITY_CANNOT_DOWNGRADE_VIDEO_TO_AUDIO], [Properties:]]: CSW.sA@AIs
09-16 09:56:33.085  3657  5016 I Telecom : Event: Call TC@1: SET_ACTIVE, active set explicitly: CSW.sA@AIs
09-16 09:56:33.087  3657  5016 I Telecom : InCallController: onCanAddCallChanged : true: CSW.sA@AIs
09-16 09:56:33.089  3657  5016 I Telecom : TelecomWakeLock: WakeLock already released with id: 26: CSW.sA@AIs
09-16 09:56:33.089  3657  5016 I Telecom : InCallWakeLockController: Releasing full wake lock: CSW.sA@AIs
09-16 09:56:33.091  3657  5016 I Telecom : ViceNotificationImpl: onCallStateChanged newState = 5: CSW.sA@AIs
09-16 09:56:33.092  3657  3657 I Telecom : MyHandler: MESSAGE_CALL_ENDED
09-16 09:56:33.092  3657  5228 I Telecom : CallAudioModeStateMachine: Message received: NEW_ACTIVE_OR_DIALING_CALL.: CSW.sA->CAMSM.pM_2001@AIs_0
09-16 09:56:33.093  3657  3657 I Telecom : ViceNotificationImpl: processNotification DEP null
