09-12 18:54:37.383  4905  4905 I Telephony: AccountEntry: Registered phoneAccount: [[ ] PhoneAccount: ComponentInfo{com.android.phone/com.android.services.telephony.TelephonyConnectionService}, [e0184adedf913b076626646d3f52c3b49c39ad6d], UserHandle{0} Capabilities: CallProvider MultiUser PlaceEmerg SimSub  Audio Routes: BESW Schemes: tel voicemail  Extras: null GroupId: [da39a3ee5e6b4b0d3255bfef95601890afd80709]] with handle: ComponentInfo{com.android.phone/com.android.services.telephony.TelephonyConnectionService}, [e0184adedf913b076626646d3f52c3b49c39ad6d], UserHandle{0}
09-12 18:54:37.383  4905  4905 I Telephony: PstnIncomingCallNotifier: Registering: Handler (com.android.internal.telephony.GsmCdmaPhone) {97b3bd9}
09-12 18:54:37.466  4905  4905 D CarrierConfigLoader: update config for phoneId: 0 simState: ABSENT
09-12 18:54:37.466  4905  4905 D CarrierSvcBindHelper: update binding for phoneId: 0 simState: ABSENT
09-12 18:54:37.467  5064  5064 I DeferredSaveThr: type=1400 audit(0.0:208): avc: denied { write } for name="code_cache" dev="sda24" ino=3121277 scontext=u:r:system_app:s0 tcontext=u:object_r:system_data_file:s0 tclass=dir permissive=1
09-12 18:54:37.467  5064  5064 I DeferredSaveThr: type=1400 audit(0.0:208): avc: denied { add_name } for name="com.android.opengl.shaders_cache" scontext=u:r:system_app:s0 tcontext=u:object_r:system_data_file:s0 tclass=dir permissive=1
09-12 18:54:37.467  5064  5064 I DeferredSaveThr: type=1400 audit(0.0:208): avc: denied { create } for name="com.android.opengl.shaders_cache" scontext=u:r:system_app:s0 tcontext=u:object_r:system_data_file:s0 tclass=file permissive=1
09-12 18:54:37.467  5064  5064 I DeferredSaveThr: type=1400 audit(0.0:208): avc: denied { write } for path="/data/user_de/0/com.android.settings/code_cache/com.android.opengl.shaders_cache" dev="sda24" ino=3121296 scontext=u:r:system_app:s0 tcontext=u:object_r:system_data_file:s0 tclass=file permissive=1
09-12 18:54:37.467  5064  5064 W DeferredSaveThr: type=1300 audit(0.0:208): arch=c00000b7 syscall=56 success=yes exit=54 a0=ffffff9c a1=7f94a32e78 a2=c2 a3=0 items=0 ppid=3163 auid=4294967295 uid=1000 gid=1000 euid=1000 suid=1000 fsuid=1000 egid=1000 sgid=1000 fsgid=1000 tty=(none) ses=4294967295 exe="/system/bin/app_process64" subj=u:r:system_app:s0 key=(null)
09-12 18:54:37.467  3075  3075 W auditd  : type=1327 audit(0.0:208): proctitle="com.android.settings"
09-12 18:54:37.467  3075  3075 W auditd  : type=1320 audit(0.0:208): 
09-12 18:54:37.467  5064  5064 I DeferredSaveThr: type=1400 audit(0.0:209): avc: denied { setattr } for name="com.android.opengl.shaders_cache" dev="sda24" ino=3121296 scontext=u:r:system_app:s0 tcontext=u:object_r:system_data_file:s0 tclass=file permissive=1
09-12 18:54:37.467  5064  5064 W DeferredSaveThr: type=1300 audit(0.0:209): arch=c00000b7 syscall=52 success=yes exit=0 a0=36 a1=100 a2=7f74e00000 a3=1c items=0 ppid=3163 auid=4294967295 uid=1000 gid=1000 euid=1000 suid=1000 fsuid=1000 egid=1000 sgid=1000 fsgid=1000 tty=(none) ses=4294967295 exe="/system/bin/app_process64" subj=u:r:system_app:s0 key=(null)
09-12 18:54:37.467  3075  3075 W auditd  : type=1327 audit(0.0:209): proctitle="com.android.settings"
09-12 18:54:37.467  3075  3075 W auditd  : type=1320 audit(0.0:209): 
09-12 18:54:37.503  4905  4905 E PhoneInterfaceManager: [PhoneIntfMgr] getIccId: No UICC
09-12 18:54:37.529  3567  4937 I Telecom : PhoneAccountRegistrar: [ComponentInfo{com.android.phone/com.android.services.telephony.TelephonyConnectionService}, [e0184adedf913b076626646d3f52c3b49c39ad6d], UserHandle{0}(icon: Icon(typ=BITMAP size=67x84) -> Icon(typ=BITMAP size=67x84))]: TSI.rPA@AAw
09-12 18:54:37.539  3567  4937 I Telecom : : Sending phone-account registered intent as user: TSI.rPA@AAw
09-12 18:54:37.553  4905  4905 I Telephony: PstnIncomingCallNotifier: Unregistering: Handler (com.android.internal.telephony.GsmCdmaPhone) {97b3bd9}
09-12 18:54:37.558  4905  4905 E PhoneInterfaceManager: [PhoneIntfMgr] getIccId: No UICC
09-12 18:54:37.581  3567  4779 I Telecom : PhoneAccountRegistrar: [ComponentInfo{com.android.phone/com.android.services.telephony.TelephonyConnectionService}, [e0184adedf913b076626646d3f52c3b49c39ad6d], UserHandle{0}(icon: Icon(typ=BITMAP size=67x84) -> Icon(typ=BITMAP size=67x84))]: TSI.rPA@AA0
09-12 18:54:37.590  3567  4779 I Telecom : : Sending phone-account registered intent as user: TSI.rPA@AA0
09-12 18:54:37.593  4905  4905 I Telephony: AccountEntry: Registered phoneAccount: [[ ] PhoneAccount: ComponentInfo{com.android.phone/com.android.services.telephony.TelephonyConnectionService}, [e0184adedf913b076626646d3f52c3b49c39ad6d], UserHandle{0} Capabilities: CallProvider MultiUser PlaceEmerg SimSub  Audio Routes: BESW Schemes: tel voicemail  Extras: null GroupId: [da39a3ee5e6b4b0d3255bfef95601890afd80709]] with handle: ComponentInfo{com.android.phone/com.android.services.telephony.TelephonyConnectionService}, [e0184adedf913b076626646d3f52c3b49c39ad6d], UserHandle{0}
09-12 18:54:37.594  4905  4905 I Telephony: PstnIncomingCallNotifier: Registering: Handler (com.android.internal.telephony.GsmCdmaPhone) {97b3bd9}
09-12 18:54:37.625  4905  4905 D CarrierConfigLoader: mHandler: 0 phoneId: 0
09-12 18:54:37.625  4905  4905 D CarrierSvcBindHelper: mHandler: 0
09-12 18:54:37.626  4905  4905 D CarrierSvcBindHelper: Rebinding if necessary for phoneId: 0
09-12 18:54:37.626  4905  4905 D CarrierSvcBindHelper: No carrier app for: 0
09-12 18:54:37.643  4905  4905 E PhoneInterfaceManager: [PhoneIntfMgr] getIccId: No UICC
09-12 18:54:37.673  3567  4780 I Telecom : PhoneAccountRegistrar: [ComponentInfo{com.android.phone/com.android.services.telephony.TelephonyConnectionService}, [e0184adedf913b076626646d3f52c3b49c39ad6d], UserHandle{0}(icon: Icon(typ=BITMAP size=67x84) -> Icon(typ=BITMAP size=67x84))]: TSI.rPA@ABA
09-12 18:54:37.683  3567  4780 I Telecom : : Sending phone-account registered intent as user: TSI.rPA@ABA
09-12 18:54:37.721  4905  4905 D MccTable: updateMccMncConfiguration mccmnc='722310' fromServiceState=true
09-12 18:54:37.726  4905  4905 D MccTable: updateMccMncConfiguration defaultMccMnc=
09-12 18:54:37.727  4905  4905 D MccTable: updateMccMncConfiguration: mcc=722, mnc=310
09-12 18:54:37.744  3567  4780 I chatty  : uid=1000(system) Binder:3567_4 expire 5 lines
09-12 18:54:37.751  4905  4905 D MccTable: timezone set to America/Argentina/Buenos_Aires
09-12 18:54:37.752  4905  4905 D MccTable: WIFI_COUNTRY_CODE set to ar
09-12 18:54:37.759  3567  3567 D ConditionProviders.SCP: onReceive android.intent.action.TIMEZONE_CHANGED
09-12 18:54:37.764  3567  4935 I WifiService: WifiService trying to set country code to ar with persist set to false
09-12 18:54:37.778  3567  3667 I ActivityManager: Start proc 5221:com.android.deskclock/u0a48 for broadcast com.android.deskclock/.AlarmInitReceiver
09-12 18:54:37.782  3567  3567 D ConditionProviders.SCP: notifyCondition condition://android/schedule?days=6.7&start=23.30&end=10.0&exitAtAlarm=false STATE_FALSE reason=!meetsSchedule
09-12 18:54:37.785  3567  3567 D ConditionProviders.SCP: notifyCondition condition://android/schedule?days=1.2.3.4.5&start=22.0&end=7.0&exitAtAlarm=false STATE_FALSE reason=!meetsSchedule
09-12 18:54:37.790  3567  3567 D ConditionProviders.SCP: Scheduling evaluate for Tue Sep 12 22:00:00 GMT-03:00 2017 (1505264400000), in +3h5m22s240ms, now=Tue Sep 12 18:54:37 GMT-03:00 2017 (1505253277760)
09-12 18:54:37.795  3567  4673 E ActivityThread: Failed to find provider info for com.android.calendar
09-12 18:54:37.796  3567  4673 E ActivityThread: Failed to find provider info for com.android.calendar
09-12 18:54:37.872  4762  4769 I art     : Do full code cache collection, code=504KB, data=420KB
09-12 18:54:37.872  4762  4769 I art     : Starting a blocking GC JitCodeCache
09-12 18:54:37.873  4762  4769 I art     : After code cache collection, code=479KB, data=351KB
09-12 18:54:37.875  5221  5221 W System  : ClassLoader referenced unknown path: /system/app/DeskClock/lib/arm64
09-12 18:54:37.907  5221  5221 I droid.deskclock: type=1400 audit(0.0:210): avc: denied { add_name } for name="code_cache" scontext=u:r:untrusted_app:s0:c512,c768 tcontext=u:object_r:system_data_file:s0 tclass=dir permissive=1
09-12 18:54:37.907  5221  5221 I droid.deskclock: type=1400 audit(0.0:210): avc: denied { create } for name="code_cache" scontext=u:r:untrusted_app:s0:c512,c768 tcontext=u:object_r:system_data_file:s0:c512,c768 tclass=dir permissive=1
09-12 18:54:37.907  5221  5221 W droid.deskclock: type=1300 audit(0.0:210): arch=c00000b7 syscall=34 success=yes exit=0 a0=ffffff9c a1=7f8a5bc040 a2=1f9 a3=7f9494f514 items=0 ppid=3163 auid=4294967295 uid=10048 gid=10048 euid=10048 suid=10048 fsuid=10048 egid=10048 sgid=10048 fsgid=10048 tty=(none) ses=4294967295 exe="/system/bin/app_process64" subj=u:r:untrusted_app:s0:c512,c768 key=(null)
09-12 18:54:37.907  3075  3075 W auditd  : type=1327 audit(0.0:210): proctitle="com.android.deskclock"
09-12 18:54:37.907  3075  3075 W auditd  : type=1320 audit(0.0:210): 
09-12 18:54:37.919  5221  5221 I droid.deskclock: type=1400 audit(0.0:211): avc: denied { setattr } for name="code_cache" dev="sda24" ino=3121295 scontext=u:r:untrusted_app:s0:c512,c768 tcontext=u:object_r:system_data_file:s0:c512,c768 tclass=dir permissive=1
09-12 18:54:37.919  5221  5221 W droid.deskclock: type=1300 audit(0.0:211): arch=c00000b7 syscall=53 success=yes exit=0 a0=ffffff9c a1=7f8a5bc080 a2=1f9 a3=0 items=0 ppid=3163 auid=4294967295 uid=10048 gid=10048 euid=10048 suid=10048 fsuid=10048 egid=10048 sgid=10048 fsgid=10048 tty=(none) ses=4294967295 exe="/system/bin/app_process64" subj=u:r:untrusted_app:s0:c512,c768 key=(null)
09-12 18:54:37.919  3075  3075 W auditd  : type=1327 audit(0.0:211): proctitle="com.android.deskclock"
09-12 18:54:37.975  5031  5031 I wpa_supplicant: wlan0: CTRL-EVENT-REGDOM-CHANGE init=USER type=COUNTRY alpha2=AR
09-12 18:54:37.984  3567  4935 I chatty  : uid=1000(system) Binder:3567_5 expire 1 line
09-12 18:54:38.044  4762  4762 W KeyguardUpdateMonitor: invalid subId in handleServiceStateChange()
09-12 18:54:38.058  4905  4905 I Telephony: PstnIncomingCallNotifier: Unregistering: Handler (com.android.internal.telephony.GsmCdmaPhone) {97b3bd9}
09-12 18:54:38.061  4905  4905 E PhoneInterfaceManager: [PhoneIntfMgr] getIccId: No UICC
09-12 18:54:38.068  5221  5221 I AlarmClock: AlarmInitReceiver android.intent.action.TIMEZONE_CHANGED
09-12 18:54:38.082  3567  3665 I Telecom : PhoneAccountRegistrar: [ComponentInfo{com.android.phone/com.android.services.telephony.TelephonyConnectionService}, [e0184adedf913b076626646d3f52c3b49c39ad6d], UserHandle{0}(icon: Icon(typ=BITMAP size=67x84) -> Icon(typ=BITMAP size=67x84))]: TSI.rPA@ABE
09-12 18:54:38.092  3567  3665 I Telecom : : Sending phone-account registered intent as user: TSI.rPA@ABE
09-12 18:54:38.097  4905  4905 I Telephony: AccountEntry: Registered phoneAccount: [[ ] PhoneAccount: ComponentInfo{com.android.phone/com.android.services.telephony.TelephonyConnectionService}, [e0184adedf913b076626646d3f52c3b49c39ad6d], UserHandle{0} Capabilities: CallProvider MultiUser PlaceEmerg SimSub  Audio Routes: BESW Schemes: tel voicemail  Extras: null GroupId: [da39a3ee5e6b4b0d3255bfef95601890afd80709]] with handle: ComponentInfo{com.android.phone/com.android.services.telephony.TelephonyConnectionService}, [e0184adedf913b076626646d3f52c3b49c39ad6d], UserHandle{0}
09-12 18:54:38.098  4905  4905 I Telephony: PstnIncomingCallNotifier: Registering: Handler (com.android.internal.telephony.GsmCdmaPhone) {97b3bd9}
09-12 18:54:38.127  4905  4905 E PhoneInterfaceManager: [PhoneIntfMgr] getIccId: No UICC
09-12 18:54:38.156  3567  3664 I Telecom : PhoneAccountRegistrar: [ComponentInfo{com.android.phone/com.android.services.telephony.TelephonyConnectionService}, [e0184adedf913b076626646d3f52c3b49c39ad6d], UserHandle{0}(icon: Icon(typ=BITMAP size=67x84) -> Icon(typ=BITMAP size=67x84))]: TSI.rPA@ABQ
09-12 18:54:38.173  3567  3664 I Telecom : : Sending phone-account registered intent as user: TSI.rPA@ABQ
09-12 18:54:38.244  5221  5240 I AlarmClock: Alarms Table created
09-12 18:54:38.246  5221  5240 I AlarmClock: Instance table created
09-12 18:54:38.246  5221  5240 I AlarmClock: Inserting default alarms
09-12 18:54:38.310  5168  5168 D CellBroadcastReceiver: onReceive Intent { act=android.intent.action.SERVICE_STATE flg=0x10 cmp=com.android.cellbroadcastreceiver/.CellBroadcastReceiver (has extras) }
09-12 18:54:38.310  5168  5168 D CellBroadcastReceiver: Intent: android.intent.action.SERVICE_STATE
09-12 18:54:40.428  3476  3476 W         : eglTerminate 2662: PID Exeption @unknown
09-12 18:54:40.860  3167  3167 E         : Unable to unlink boot marker at /data//dalvik-cache/arm64/.booting, error=No such file or directory
09-12 18:54:40.863  3567  3674 W ActivityManager: Unable to mark boot complete for abi: arm64-v8a (Failed to execute markbootcomplete [arm64]: -1)
09-12 18:54:40.866  3167  3167 E         : Unable to unlink boot marker at /data//dalvik-cache/arm/.booting, error=No such file or directory
09-12 18:54:40.868  3567  3674 W ActivityManager: Unable to mark boot complete for abi: armeabi-v7a (Failed to execute markbootcomplete [arm]: -1)
09-12 18:54:40.877  3567  3674 I SystemServiceManager: Starting phase 1000
09-12 18:54:40.959  3075  3075 W auditd  : type=1325 audit(0.0:216): table=filter family=2 entries=100
09-12 18:54:40.959  3075  3075 W auditd  : type=1320 audit(0.0:216): 
09-12 18:54:40.967  3075  3075 W auditd  : type=1325 audit(0.0:217): table=filter family=10 entries=111
09-12 18:54:40.967  3075  3075 W auditd  : type=1320 audit(0.0:217): 
09-12 18:54:40.979  3075  3075 W auditd  : type=1325 audit(0.0:218): table=filter family=2 entries=99
09-12 18:54:40.979  3075  3075 W auditd  : type=1320 audit(0.0:218): 
09-12 18:54:40.991  3075  3075 W auditd  : type=1325 audit(0.0:219): table=filter family=10 entries=110
09-12 18:54:40.991  3075  3075 W auditd  : type=1320 audit(0.0:219): 
09-12 18:54:41.047  3567  3674 I ActivityManager: Start proc 5255:android.ext.services/u0a11 for on-hold
09-12 18:54:41.049  3567  3674 D ActivityManager: Finishing user boot 0
09-12 18:54:41.055  3567  3674 D CryptdConnector: SND -> {3 cryptfs prepare_user_storage ! 0 0 2}
09-12 18:54:41.058  3067  3133 D vold    : e4crypt_prepare_user_storage for volume null, user 0, serial 0, flags 2
09-12 18:54:41.058  3067  3133 D vold    : Preparing: /data/system_ce/0
09-12 18:54:41.059  3067  3133 D vold    : Preparing: /data/misc_ce/0
09-12 18:54:41.059  3067  3133 D vold    : Preparing: /data/media/0
09-12 18:54:41.059  3067  3133 D vold    : Preparing: /data/data
09-12 18:54:41.060  3567  4020 D CryptdConnector: RCV <- {200 3 Command succeeded}
09-12 18:54:41.064  3567  3674 V UserManagerService: Found /data/user/0 with serial number 0
09-12 18:54:41.065  5262  5262 I bootstat: Service started: /system/bin/bootstat --record_boot_complete 
09-12 18:54:41.065  5262  5262 E bootstat: Failed to read /data/misc/bootstat/last_boot_time_utc: No such file or directory
09-12 18:54:41.065  5262  5262 E bootstat: Failed to parse boot time record: /data/misc/bootstat/last_boot_time_utc
09-12 18:54:41.065  3567  3674 V UserManagerService: Found /data/system_ce/0 with serial number -1
09-12 18:54:41.066  3567  3674 D UserManagerService: Serial number missing on /data/system_ce/0; assuming current is valid
09-12 18:54:41.066  5262  5262 E bootstat: Failed to read /data/misc/bootstat/build_date: No such file or directory
09-12 18:54:41.066  5262  5262 E bootstat: Failed to parse boot time record: /data/misc/bootstat/build_date
09-12 18:54:41.067  5262  5262 E bootstat: Failed to read /data/misc/bootstat/post_decrypt_time_elapsed: No such file or directory
09-12 18:54:41.067  5262  5262 E bootstat: Failed to parse boot time record: /data/misc/bootstat/post_decrypt_time_elapsed
09-12 18:54:41.067  3567  3674 V PackageManager: reconcileAppsData for null u0 0x2
09-12 18:54:41.071  3146  3180 D PermissionCache: checking android.permission.HARDWARE_TEST for uid=1000 => granted (380 us)
09-12 18:54:41.083  5270  5270 I bootstat: Service started: /system/bin/bootstat --record_boot_reason 
09-12 18:54:41.083  5270  5270 I bootstat: Unknown boot reason: 
09-12 18:54:41.097  5272  5272 I bootstat: Service started: /system/bin/bootstat --record_time_since_factory_reset 
09-12 18:54:41.097  5272  5272 I bootstat: Logging histogram: factory_reset_current_time 1505253281
09-12 18:54:41.098  5272  5272 E bootstat: Failed to read /data/misc/bootstat/factory_reset: No such file or directory
09-12 18:54:41.098  5272  5272 E bootstat: Failed to parse boot time record: /data/misc/bootstat/factory_reset
09-12 18:54:41.111  5273  5273 I bootstat: Service started: /system/bin/bootstat -l 
09-12 18:54:41.112  5273  5273 I bootstat: Logging histogram: bootstat_mtime_matches_content 1
09-12 18:54:41.113  5273  5273 I bootstat: Logging histogram: bootstat_mtime_matches_content 1
09-12 18:54:41.113  5273  5273 I bootstat: Logging histogram: bootstat_mtime_matches_content 1
09-12 18:54:41.113  5273  5273 I bootstat: Logging histogram: bootstat_mtime_matches_content 1
09-12 18:54:41.113  5273  5273 I bootstat: Logging histogram: bootstat_mtime_matches_content 1
09-12 18:54:41.113  5273  5273 I bootstat: Logging histogram: bootstat_mtime_matches_content 1
09-12 18:54:41.113  5273  5273 I bootstat: Logging histogram: bootstat_mtime_matches_content 1
09-12 18:54:41.114  5273  5273 I bootstat: Logging histogram: last_boot_time_utc 1505253281
09-12 18:54:41.114  5273  5273 I bootstat: Logging histogram: build_date 1505249870
09-12 18:54:41.114  5273  5273 I bootstat: Logging histogram: ota_boot_complete_no_encryption 45
09-12 18:54:41.114  5273  5273 I bootstat: Logging histogram: ota_boot_complete 45
09-12 18:54:41.114  5273  5273 I bootstat: Logging histogram: boot_reason 1
09-12 18:54:41.114  5273  5273 I bootstat: Logging histogram: factory_reset_current_time 1505253281
09-12 18:54:41.114  5273  5273 I bootstat: Logging histogram: factory_reset 1505253281
09-12 18:54:41.245  3567  3674 V PackageManager: reconcileAppsData finished 93 packages
09-12 18:54:41.248  3567  4667 D ConnectivityService: Got NetworkFactory Messenger for WIFI
09-12 18:54:41.249  3567  4667 D ConnectivityService: Got NetworkFactory Messenger for WIFI_UT
09-12 18:54:41.249  3567  4663 I chatty  : uid=1000(system) WifiStateMachin expire 3 lines
09-12 18:54:41.263  5221  5221 I AlarmClock: AlarmInitReceiver android.intent.action.LOCKED_BOOT_COMPLETED
09-12 18:54:41.266  3567  3667 D BluetoothManagerService: User 0 unlocked
09-12 18:54:41.267  3567  3667 D MountService: onUnlockUser 0
09-12 18:54:41.268  3567  3667 D VoldConnector: SND -> {34 volume user_started 0}
09-12 18:54:41.270  3567  3673 D BluetoothManagerService: MESSAGE_USER_UNLOCKED
09-12 18:54:41.271  3067  3132 D vold    : Linking /storage/emulated/0 to /mnt/user/0/primary
09-12 18:54:41.271  3567  4019 D VoldConnector: RCV <- {200 34 Command succeeded}
09-12 18:54:41.280  3567  4018 D MountService: Volume emulated broadcasting mounted to UserHandle{0}
09-12 18:54:41.295  3567  3567 I InputMethodManagerService: All the enabled IMEs are gone. Reset default enabled IMEs.
09-12 18:54:41.298  5255  5255 W System  : ClassLoader referenced unknown path: /system/priv-app/ExtServices/lib/arm64
09-12 18:54:41.303  5221  5221 I droid.deskclock: type=1400 audit(0.0:220): avc: denied { write } for name="shared_prefs" dev="sda24" ino=3121299 scontext=u:r:untrusted_app:s0:c512,c768 tcontext=u:object_r:system_data_file:s0:c512,c768 tclass=dir permissive=1
09-12 18:54:41.303  5221  5221 I droid.deskclock: type=1400 audit(0.0:220): avc: denied { remove_name } for name="com.android.deskclock_preferences.xml" dev="sda24" ino=3121297 scontext=u:r:untrusted_app:s0:c512,c768 tcontext=u:object_r:system_data_file:s0:c512,c768 tclass=dir permissive=1
09-12 18:54:41.303  5221  5221 I droid.deskclock: type=1400 audit(0.0:220): avc: denied { rename } for name="com.android.deskclock_preferences.xml" dev="sda24" ino=3121297 scontext=u:r:untrusted_app:s0:c512,c768 tcontext=u:object_r:system_data_file:s0:c512,c768 tclass=file permissive=1
09-12 18:54:41.303  5221  5221 I droid.deskclock: type=1400 audit(0.0:220): avc: denied { add_name } for name="com.android.deskclock_preferences.xml.bak" scontext=u:r:untrusted_app:s0:c512,c768 tcontext=u:object_r:system_data_file:s0:c512,c768 tclass=dir permissive=1
09-12 18:54:41.303  5221  5221 W droid.deskclock: type=1300 audit(0.0:220): arch=c00000b7 syscall=38 success=yes exit=0 a0=ffffff9c a1=7f88c1ce80 a2=ffffff9c a3=7f88c1cee0 items=0 ppid=3163 auid=4294967295 uid=10048 gid=10048 euid=10048 suid=10048 fsuid=10048 egid=10048 sgid=10048 fsgid=10048 tty=(none) ses=4294967295 exe="/system/bin/app_process64" subj=u:r:untrusted_app:s0:c512,c768 key=(null)
09-12 18:54:41.303  3075  3075 W auditd  : type=1327 audit(0.0:220): proctitle="com.android.deskclock"
09-12 18:54:41.303  3075  3075 W auditd  : type=1320 audit(0.0:220): 
09-12 18:54:41.303  5221  5221 I droid.deskclock: type=1400 audit(0.0:221): avc: denied { create } for name="com.android.deskclock_preferences.xml" scontext=u:r:untrusted_app:s0:c512,c768 tcontext=u:object_r:system_data_file:s0:c512,c768 tclass=file permissive=1
09-12 18:54:41.303  5221  5221 I droid.deskclock: type=1400 audit(0.0:221): avc: denied { write } for path="/data/user_de/0/com.android.deskclock/shared_prefs/com.android.deskclock_preferences.xml" dev="sda24" ino=3121304 scontext=u:r:untrusted_app:s0:c512,c768 tcontext=u:object_r:system_data_file:s0:c512,c768 tclass=file permissive=1
09-12 18:54:41.303  5221  5221 W droid.deskclock: type=1300 audit(0.0:221): arch=c00000b7 syscall=56 success=yes exit=37 a0=ffffff9c a1=7f88c1ce80 a2=241 a3=1b6 items=0 ppid=3163 auid=4294967295 uid=10048 gid=10048 euid=10048 suid=10048 fsuid=10048 egid=10048 sgid=10048 fsgid=10048 tty=(none) ses=4294967295 exe="/system/bin/app_process64" subj=u:r:untrusted_app:s0:c512,c768 key=(null)
09-12 18:54:41.303  3075  3075 W auditd  : type=1327 audit(0.0:221): proctitle="com.android.deskclock"
09-12 18:54:41.303  3075  3075 W auditd  : type=1320 audit(0.0:221): 
09-12 18:54:41.310  3567  3667 V BackupManagerService: No ancestral data
09-12 18:54:41.356  3567  3667 V BackupManagerService: Starting with transport com.google.android.gms/.backup.BackupTransportService
09-12 18:54:41.356  3567  3667 V BackupManagerService: Found transports: 1
09-12 18:54:41.359  3567  3667 I BackupManagerService: Backup enable apparently not migrated
09-12 18:54:41.359  3567  3667 I BackupManagerService: Migrating enable state false
09-12 18:54:41.360  3567  3667 I BackupManagerService: Backup enabled => false
09-12 18:54:41.376  3567  5274 V KeyValueBackupJob: Scheduling k/v pass in 244 minutes
09-12 18:54:41.380  3567  3667 W AppWidgetServiceImpl: Failed to read state: java.io.FileNotFoundException: /data/system/users/0/appwidgets.xml (No such file or directory)
09-12 18:54:41.380  3567  3667 V AppWidgetServiceImpl: Upgrading widget database from 0 to 1
09-12 18:54:41.381  3567  3667 W VoiceInteractionManagerService: no available voice interaction services found for user 0
09-12 18:54:41.381  3567  3667 W VoiceInteractionManagerService: no available voice recognition services found for user 0
09-12 18:54:41.382  3567  3667 I BrokerableCMSystemService: Connecting to implementation
09-12 18:54:41.383  3567  3667 W ContextImpl: Calling a method in the system process without a qualified user: android.app.ContextImpl.bindService:1421 org.cyanogenmod.platform.internal.BrokerableCMSystemService.tryConnecting:199 org.cyanogenmod.platform.internal.WeatherManagerServiceBroker.onUnlockUser:97 com.android.server.SystemServiceManager.unlockUser:179 com.android.server.am.ActivityManagerService$MainHandler.handleMessage:2067 
09-12 18:54:41.397  3567  3667 I ActivityManager: Start proc 5278:org.cyanogenmod.weatherservice/u0a31 for service org.cyanogenmod.weatherservice/.WeatherManagerService
09-12 18:54:41.400  3567  3667 I ActivityManager: Loading recents for user 0 into memory.
09-12 18:54:41.444  3567  3667 I ActivityManager: Start proc 5292:org.cyanogenmod.audiofx/u0a2 for added application org.cyanogenmod.audiofx
09-12 18:54:41.446  3567  5277 I chatty  : uid=1000 system_server expire 11 lines
09-12 18:54:41.459  3567  3667 I ActivityManager: Start proc 5304:com.android.nfc/1027 for added application com.android.nfc
09-12 18:54:41.471  3567  3667 I PreBootBroadcaster: Pre-boot of {com.android.managedprovisioning/com.android.managedprovisioning.PreBootListener} for user 0
09-12 18:54:41.492  3567  4937 I ActivityManager: Start proc 5320:android.process.media/u0a9 for broadcast com.android.providers.downloads/.DownloadReceiver
09-12 18:54:41.509  3567  3666 I ActivityManager: Start proc 5333:com.android.printspooler/u0a54 for service com.android.printspooler/.model.PrintSpoolerService
09-12 18:54:41.563  4905  4905 D CarrierSvcBindHelper: Received android.intent.action.USER_UNLOCKED
09-12 18:54:41.565  4905  4905 D CarrierSvcBindHelper: No carrier app for: 0
09-12 18:54:41.573  3567  4937 I ActivityManager: START u0 {act=android.intent.action.MAIN cat=[android.intent.category.HOME] flg=0x10000100 cmp=com.cyanogenmod.setupwizard/.SetupWizardActivity} from uid 0 on display 0
09-12 18:54:41.578  5278  5278 W System  : ClassLoader referenced unknown path: /system/priv-app/WeatherManagerService/lib/arm64
09-12 18:54:41.596  5292  5292 W System  : ClassLoader referenced unknown path: /system/priv-app/AudioFX/lib/arm64
09-12 18:54:41.605  5320  5320 I chatty  : uid=10009(com.android.providers.media) android.process.media expire 13 lines
09-12 18:54:41.622  3567  4937 I ActivityManager: Start proc 5357:com.cyanogenmod.setupwizard/1000 for activity com.cyanogenmod.setupwizard/.SetupWizardActivity
09-12 18:54:41.646  4762  4762 W KeyguardUpdateMonitor: invalid subId in handleSimStateChange()
09-12 18:54:41.669  3567  4935 I ActivityManager: Start proc 5369:com.android.smspush/u0a59 for service com.android.smspush/.WapPushManager
09-12 18:54:41.753  4905  4905 D CarrierConfigLoader: update config for phoneId: 0 simState: ABSENT
09-12 18:54:41.753  4905  4905 D CarrierSvcBindHelper: update binding for phoneId: 0 simState: ABSENT
09-12 18:54:41.758  3567  3668 I ActivityManager: Config changes=20 {1.0 ?mcc?mnc [en_US] ldltr sw411dp w411dp h773dp 560dpi nrml long port finger -keyb/v/h -nav/h s.6}
09-12 18:54:41.761  4905  4905 I Telephony: PstnIncomingCallNotifier: Unregistering: Handler (com.android.internal.telephony.GsmCdmaPhone) {97b3bd9}
09-12 18:54:41.767  4905  4905 E PhoneInterfaceManager: [PhoneIntfMgr] getIccId: No UICC
09-12 18:54:41.779  5357  5357 I chatty  : uid=1000(system) com.cyanogenmod.setupwizard expire 28 lines
09-12 18:54:41.834  3567  4779 I Telecom : PhoneAccountRegistrar: [ComponentInfo{com.android.phone/com.android.services.telephony.TelephonyConnectionService}, [e0184adedf913b076626646d3f52c3b49c39ad6d], UserHandle{0}(icon: Icon(typ=BITMAP size=67x84) -> Icon(typ=BITMAP size=67x84))]: TSI.rPA@ABY
09-12 18:54:41.842  3567  4779 I Telecom : : Sending phone-account registered intent as user: TSI.rPA@ABY
09-12 18:54:41.844  5369  5369 W System  : ClassLoader referenced unknown path: /system/app/WAPPushManager/lib/arm64
09-12 18:54:41.856  3567  4675 I ActivityManager: Start proc 5397:com.android.keychain/1000 for service com.android.keychain/.KeyChainService
09-12 18:54:41.862  4905  4905 I Telephony: AccountEntry: Registered phoneAccount: [[ ] PhoneAccount: ComponentInfo{com.android.phone/com.android.services.telephony.TelephonyConnectionService}, [e0184adedf913b076626646d3f52c3b49c39ad6d], UserHandle{0} Capabilities: CallProvider MultiUser PlaceEmerg SimSub  Audio Routes: BESW Schemes: tel voicemail  Extras: null GroupId: [da39a3ee5e6b4b0d3255bfef95601890afd80709]] with handle: ComponentInfo{com.android.phone/com.android.services.telephony.TelephonyConnectionService}, [e0184adedf913b076626646d3f52c3b49c39ad6d], UserHandle{0}
09-12 18:54:41.863  4905  4905 I Telephony: PstnIncomingCallNotifier: Registering: Handler (com.android.internal.telephony.GsmCdmaPhone) {97b3bd9}
09-12 18:54:41.884  5304  5304 I chatty  : uid=1027(nfc) com.android.nfc expire 30 lines
09-12 18:54:41.907  4905  4905 D CarrierConfigLoader: mHandler: 0 phoneId: 0
09-12 18:54:41.921  3567  3567 V BackupManagerService: Connected to transport ComponentInfo{android/com.android.internal.backup.LocalTransportService}
09-12 18:54:41.921  3567  3567 V BackupManagerService: Registering transport android/com.android.internal.backup.LocalTransportService::android/com.android.internal.backup.LocalTransport = android.app.backup.BackupTransport$TransportImpl@a637379
09-12 18:54:41.928  4905  4905 E PhoneInterfaceManager: [PhoneIntfMgr] getIccId: No UICC
09-12 18:54:41.957  3567  3567 I BrokerableCMSystemService: Implementation service connected
09-12 18:54:41.971  3567  4780 I Telecom : PhoneAccountRegistrar: [ComponentInfo{com.android.phone/com.android.services.telephony.TelephonyConnectionService}, [e0184adedf913b076626646d3f52c3b49c39ad6d], UserHandle{0}(icon: Icon(typ=BITMAP size=67x84) -> Icon(typ=BITMAP size=67x84))]: TSI.rPA@ABk
09-12 18:54:41.972  5397  5397 W System  : ClassLoader referenced unknown path: /system/app/KeyChain/lib/arm64
09-12 18:54:41.975  3567  4780 I Telecom : : Sending phone-account registered intent as user: TSI.rPA@ABk
09-12 18:54:41.981  3567  3665 I ActivityManager: START u0 {act=com.android.wizard.LOAD flg=0x10000001 cmp=com.cyanogenmod.setupwizard/.wizardmanager.WizardManager (has extras)} from uid 1000 on display 0
09-12 18:54:42.007  3075  3075 W auditd  : type=1327 audit(0.0:245): proctitle="android.process.media"
09-12 18:54:42.007  3075  3075 W auditd  : type=1320 audit(0.0:245): 
09-12 18:54:42.055  4762  4762 D PhoneStatusBar: disable: < expand icons ALERTS* system_info back home recent clock SEARCH* quick_settings >
09-12 18:54:42.085  4762  4762 D PhoneStatusBar: heads up is disabled
09-12 18:54:42.085  4762  4762 D PhoneStatusBar: dismissing any existing heads up notification on disable event
09-12 18:54:42.115  5304  5310 I chatty  : uid=1027(nfc) Jit thread pool expire 3 lines
09-12 18:54:42.130  3567  3664 I ActivityManager: START u0 {act=com.cyanogenmod.setupwizard.LINEAGE_WELCOME flg=0x4000000 cmp=com.cyanogenmod.setupwizard/.WelcomeActivity (has extras)} from uid 1000 on display 0
09-12 18:54:42.237  5304  5419 I chatty  : uid=1027(nfc) com.android.nfc expire 54 lines
09-12 18:54:42.244  5304  5421 I chatty  : uid=1027(nfc) AsyncTask #1 expire 2 lines
09-12 18:54:42.245  5304  5422 I chatty  : uid=1027(nfc) com.android.nfc expire 2 lines
09-12 18:54:42.251  5304  5423 I chatty  : uid=1027(nfc) AsyncTask #1 expire 194 lines
09-12 18:54:42.271  3075  3075 W auditd  : type=1327 audit(0.0:246): proctitle="android.process.media"
09-12 18:54:42.271  3075  3075 W auditd  : type=1320 audit(0.0:246): 
09-12 18:54:42.290  5357  5362 I chatty  : uid=1000(system) Jit thread pool expire 12 lines
09-12 18:54:42.302  5357  5357 W ContextImpl: Calling a method in the system process without a qualified user: android.app.ContextImpl.bindService:1421 android.content.ContextWrapper.bindService:636 android.speech.tts.TextToSpeech.connectToEngine:810 android.speech.tts.TextToSpeech.initTts:780 android.speech.tts.TextToSpeech.<init>:733 
09-12 18:54:42.319  3567  3664 I ActivityManager: Start proc 5424:com.svox.pico/u0a55 for service com.svox.pico/.PicoService
09-12 18:54:42.353  3172  3230 E MediaPlayerService: Couldn't open fd for content://settings/system/notification_sound
09-12 18:54:42.369  3172  4803 E MediaPlayerService: Couldn't open fd for content://settings/system/notification_sound
09-12 18:54:42.387  5424  5424 I com.svox.pico: type=1400 audit(0.0:247): avc: denied { write } for name="com.svox.pico" dev="sda24" ino=3121212 scontext=u:r:untrusted_app:s0:c512,c768 tcontext=u:object_r:system_data_file:s0 tclass=dir permissive=1
09-12 18:54:42.387  5424  5424 I com.svox.pico: type=1400 audit(0.0:247): avc: denied { add_name } for name="code_cache" scontext=u:r:untrusted_app:s0:c512,c768 tcontext=u:object_r:system_data_file:s0 tclass=dir permissive=1
09-12 18:54:42.387  5424  5424 W com.svox.pico: type=1300 audit(0.0:247): arch=c00000b7 syscall=34 success=yes exit=0 a0=ffffff9c a1=7f88c219c0 a2=1f9 a3=7f9494f514 items=0 ppid=3163 auid=4294967295 uid=10055 gid=10055 euid=10055 suid=10055 fsuid=10055 egid=10055 sgid=10055 fsgid=10055 tty=(none) ses=4294967295 exe="/system/bin/app_process64" subj=u:r:untrusted_app:s0:c512,c768 key=(null)
09-12 18:54:42.387  3075  3075 W auditd  : type=1327 audit(0.0:247): proctitle="com.svox.pico"
09-12 18:54:42.387  3075  3075 W auditd  : type=1320 audit(0.0:247): 
09-12 18:54:42.428  5304  5442 I chatty  : uid=1027(nfc) AsyncTask #1 expire 396 lines
09-12 18:54:42.435  5304  5441 I chatty  : uid=1027(nfc) AsyncTask #1 expire 21 lines
09-12 18:54:42.452  5357  5439 I chatty  : uid=1000(system) RenderThread expire 6 lines
09-12 18:54:42.494  5424  5424 V SynthProxy: About to load libttspico.so, applyFilter=true
09-12 18:54:42.551  5439  5439 I RenderThread: type=1400 audit(0.0:248): avc: denied { read write } for name="fimg2d" dev="tmpfs" ino=19897 scontext=u:r:system_app:s0 tcontext=u:object_r:device:s0 tclass=chr_file permissive=1
09-12 18:54:42.551  5439  5439 I RenderThread: type=1400 audit(0.0:248): avc: denied { open } for path="/dev/fimg2d" dev="tmpfs" ino=19897 scontext=u:r:system_app:s0 tcontext=u:object_r:device:s0 tclass=chr_file permissive=1
09-12 18:54:42.551  5439  5439 W RenderThread: type=1300 audit(0.0:248): arch=c00000b7 syscall=56 success=yes exit=42 a0=ffffff9c a1=7f89190703 a2=2 a3=0 items=0 ppid=3163 auid=4294967295 uid=1000 gid=1000 euid=1000 suid=1000 fsuid=1000 egid=1000 sgid=1000 fsgid=1000 tty=(none) ses=4294967295 exe="/system/bin/app_process64" subj=u:r:system_app:s0 key=(null)
09-12 18:54:42.551  3075  3075 W auditd  : type=1327 audit(0.0:248): proctitle="com.cyanogenmod.setupwizard"
09-12 18:54:42.551  3075  3075 W auditd  : type=1320 audit(0.0:248): 
09-12 18:54:42.551  5439  5439 I RenderThread: type=1400 audit(0.0:249): avc: denied { ioctl } for path="/dev/fimg2d" dev="tmpfs" ino=19897 ioctlcmd=4d04 scontext=u:r:system_app:s0 tcontext=u:object_r:device:s0 tclass=chr_file permissive=1
09-12 18:54:42.573  5424  5429 I art     : Do partial code cache collection, code=28KB, data=20KB
09-12 18:54:42.573  5424  5429 I art     : After code cache collection, code=26KB, data=18KB
09-12 18:54:42.573  5424  5429 I art     : Increasing code cache capacity to 128KB
09-12 18:54:42.580  5424  5424 I SVOX Pico Engine: loaded en-US successfully
09-12 18:54:42.660  5357  5462 I chatty  : uid=1000(system) com.cyanogenmod.setupwizard expire 1 line
09-12 18:54:42.688  3162  3162 D gpsd    : WakeLock(Acquire,GPSD)
09-12 18:54:42.688  3162  3162 D gpsd    : WakeLock(Release,GPSD)
09-12 18:54:42.688  3162  3162 D gpsd    : WakeLock(Acquire,GPSD)
09-12 18:54:42.689  3162  3162 D gpsd    : WakeLock(Release,GPSD)
09-12 18:54:42.732  5467  5467 V lhd     : GlLhdInterface::Init(/system/etc/lhd.conf)
09-12 18:54:42.732  5467  5467 E lhd     : SetCfgValue: Critical Error. Unknown configuration parameter "FlpName"="tcp"
09-12 18:54:42.733  5467  5467 V lhd     : SetCfgValue: LHD config "LheSerialControl"="BBD:Serial=TTY"
09-12 18:54:42.733  5467  5467 E lhd     : SetCfgValue: Critical Error. Unknown configuration parameter "LheClockMHz"="100"
09-12 18:54:42.733  5467  5467 V lhd     : SetCfgValue: LHD config "LhePatch"="/dev/bbd_patch"
09-12 18:54:42.733  5467  5467 V lhd     : SetCfgValue: LHD config "LheMaxMcuResetTries"="4"
09-12 18:54:42.733  5467  5467 V lhd     : SetCfgValue: LHD config "LheBbdPacket"="/dev/ttyBCM"
09-12 18:54:42.733  5467  5467 V lhd     : SetCfgValue: LHD config "LheBbdControl"="/dev/bbd_control"
09-12 18:54:42.733  5467  5467 V lhd     : SetCfgValue: LHD config "LheBbdSensor"="/dev/bbd_sensor"
09-12 18:54:42.733  5467  5467 V lhd     : SetCfgValue: LHD config "Lhe477xDebugFlags"="RPC:FACILITY=33:STDOUT_PUTS:STDOUT_LOG"
09-12 18:54:42.733  5467  5467 E lhd     : SetCfgValue: Critical Error. Unknown configuration parameter "LheSensorIpc"="true"
09-12 18:54:42.733  5467  5467 E lhd     : SetCfgValue: Critical Error. Unknown configuration parameter "LhePinMux"="P17=M1"
09-12 18:54:42.733  5467  5467 V lhd     : SetCfgValue: LHD config "LheAutoBaudDelayMS"="10"
09-12 18:54:42.733  5467  5467 V lhd     : SetCfgValue: LHD config "LheMaxMcuResetTries"="3"
09-12 18:54:42.733  5467  5467 E lhd     : OpenFirmwareFile: Fail to open /efs/sec_efs/sensorhub_urgent_fw.patch, errno 2
09-12 18:54:42.733  5467  5467 E lhd     : getCustPatchVersion: Fail to parse patch /efs/sec_efs/sensorhub_urgent_fw.patch
09-12 18:54:42.733  5467  5467 E lhd     : getCustPatchVersion: <CustomerVersion> not found
09-12 18:54:42.797  3162  3162 D gpsd    : WakeLock(Acquire,GPSD)
09-12 18:54:42.797  5467  5467 D lhd     : OnIpcConnect
09-12 18:54:42.797  3162  3162 D gpsd    : WakeLock(Release,GPSD)
09-12 18:54:42.797  3162  3162 D gpsd    : WakeLock(Acquire,GPSD)
09-12 18:54:42.797  3162  3162 D gpsd    : WakeLock(Release,GPSD)
09-12 18:54:43.044  3567  3664 I ActivityManager: Start proc 5474:com.android.managedprovisioning/u0a16 for broadcast com.android.managedprovisioning/.PreBootListener
09-12 18:54:43.111  5474  5474 W System  : ClassLoader referenced unknown path: /system/priv-app/ManagedProvisioning/lib/arm64
09-12 18:54:43.139  5474  5474 I gedprovisioning: type=1400 audit(0.0:251): avc: denied { write } for name="com.android.managedprovisioning" dev="sda24" ino=3121216 scontext=u:r:platform_app:s0:c512,c768 tcontext=u:object_r:system_data_file:s0 tclass=dir permissive=1
09-12 18:54:43.139  5474  5474 I gedprovisioning: type=1400 audit(0.0:251): avc: denied { add_name } for name="code_cache" scontext=u:r:platform_app:s0:c512,c768 tcontext=u:object_r:system_data_file:s0 tclass=dir permissive=1
09-12 18:54:43.139  5474  5474 I gedprovisioning: type=1400 audit(0.0:251): avc: denied { create } for name="code_cache" scontext=u:r:platform_app:s0:c512,c768 tcontext=u:object_r:system_data_file:s0:c512,c768 tclass=dir permissive=1
09-12 18:54:43.139  5474  5474 W gedprovisioning: type=1300 audit(0.0:251): arch=c00000b7 syscall=34 success=yes exit=0 a0=ffffff9c a1=7f8a5bcc80 a2=1f9 a3=7f9494f514 items=0 ppid=3163 auid=4294967295 uid=10016 gid=10016 euid=10016 suid=10016 fsuid=10016 egid=10016 sgid=10016 fsgid=10016 tty=(none) ses=4294967295 exe="/system/bin/app_process64" subj=u:r:platform_app:s0:c512,c768 key=(null)
09-12 18:54:43.139  3075  3075 W auditd  : type=1327 audit(0.0:251): proctitle="com.android.managedprovisioning"
09-12 18:54:43.139  3075  3075 W auditd  : type=1320 audit(0.0:251): 
09-12 18:54:43.147  5474  5474 I gedprovisioning: type=1400 audit(0.0:252): avc: denied { setattr } for name="code_cache" dev="sda24" ino=3121317 scontext=u:r:platform_app:s0:c512,c768 tcontext=u:object_r:system_data_file:s0:c512,c768 tclass=dir permissive=1
09-12 18:54:43.147  5474  5474 W gedprovisioning: type=1300 audit(0.0:252): arch=c00000b7 syscall=53 success=yes exit=0 a0=ffffff9c a1=7f8a5bccc0 a2=1f9 a3=0 items=0 ppid=3163 auid=4294967295 uid=10016 gid=10016 euid=10016 suid=10016 fsuid=10016 egid=10016 sgid=10016 fsgid=10016 tty=(none) ses=4294967295 exe="/system/bin/app_process64" subj=u:r:platform_app:s0:c512,c768 key=(null)
09-12 18:54:43.147  3075  3075 W auditd  : type=1327 audit(0.0:252): proctitle="com.android.managedprovisioning"
09-12 18:54:43.147  3075  3075 W auditd  : type=1320 audit(0.0:252): 
09-12 18:54:43.195  3567  5366 I PreBootBroadcaster: Pre-boot of {com.android.providers.calendar/com.android.providers.calendar.CalendarUpgradeReceiver} for user 0
09-12 18:54:43.218  5168  5168 D CellBroadcastReceiver: onReceive Intent { act=android.intent.action.SIM_STATE_CHANGED flg=0x4000010 cmp=com.android.cellbroadcastreceiver/.CellBroadcastReceiver (has extras) }
09-12 18:54:43.218  3567  3567 D ZenLog  : disable_effects: 0|android|0|PreBootBroadcaster|1000,booleanState
09-12 18:54:43.237  4905  4905 I VvmSimChangeReceiver: Sim removed, removing inactive accounts
09-12 18:54:43.284  3567  5351 I ActivityManager: Start proc 5492:android.process.acore/u0a1 for broadcast com.android.providers.contacts/.PhoneAccountRegistrationReceiver
09-12 18:54:43.370  3567  4937 W ActivityManager: Slow operation: 51ms so far, now at attachApplicationLocked: after sendPendingBroadcastsLocked
09-12 18:54:43.412  5492  5492 W System  : ClassLoader referenced unknown path: /system/priv-app/ContactsProvider/lib/arm64
09-12 18:54:43.459  3567  3666 I chatty  : uid=1000(system) android.bg expire 9 lines
09-12 18:54:43.468  3567  5354 I PackageManager: Replacing preferred activity com.android.messaging/.ui.conversation.LaunchConversationActivity for user 0:
09-12 18:54:43.469  3567  5354 I chatty  : uid=1000(system) Binder:3567_A expire 4 lines
09-12 18:54:43.475  3567  3665 I PackageManager: Replacing preferred activity com.android.messaging/.ui.conversation.LaunchConversationActivity for user 0:
09-12 18:54:43.475  3567  3665 I chatty  : uid=1000(system) Binder:3567_2 expire 4 lines
09-12 18:54:43.481  3567  5352 I PackageManager: Replacing preferred activity com.android.messaging/.ui.conversation.LaunchConversationActivity for user 0:
09-12 18:54:43.482  3567  5352 I chatty  : uid=1000(system) Binder:3567_9 expire 4 lines
09-12 18:54:43.492  4905  4910 I art     : Do partial code cache collection, code=248KB, data=209KB
09-12 18:54:43.492  4905  4910 I art     : After code cache collection, code=247KB, data=209KB
09-12 18:54:43.492  4905  4910 I art     : Increasing code cache capacity to 1024KB
09-12 18:54:43.501  3567  4780 I PackageManager: Replacing preferred activity com.android.messaging/.ui.conversation.LaunchConversationActivity for user 0:
09-12 18:54:43.669  4905  4905 D CarrierSvcBindHelper: No carrier app for: 0
09-12 18:54:43.774  5492  5492 I ContactsPerf: VoicemailContentProvider.onCreate start
09-12 18:54:43.778  4905  4905 D CarrierSvcBindHelper: No carrier app for: 0
09-12 18:54:43.791  5492  5492 I ContactsPerf: VoicemailContentProvider.onCreate finish
09-12 18:54:43.808  5492  5492 W System  : ClassLoader referenced unknown path: /system/priv-app/BlockedNumberProvider/lib/arm64
09-12 18:54:43.809  5492  5492 D ApplicationLoaders: ignored Vulkan layer search path /system/priv-app/BlockedNumberProvider/lib/arm64:/system/lib64:/vendor/lib64 for namespace 0x7f987d80f0
09-12 18:54:43.855  5492  5492 W System  : ClassLoader referenced unknown path: /system/app/UserDictionaryProvider/lib/arm64
09-12 18:54:43.857  5492  5492 D ApplicationLoaders: ignored Vulkan layer search path /system/app/UserDictionaryProvider/lib/arm64:/system/lib64:/vendor/lib64 for namespace 0x7f987d8160
09-12 18:54:43.877  4905  4905 D CarrierSvcBindHelper: No carrier app for: 0
09-12 18:54:43.885  5492  5509 I ContactsDatabaseHelper: Bootstrapping database version: 1111
09-12 18:54:43.915  5492  5492 D StrictMode: StrictMode policy violation; ~duration=174 ms: android.os.StrictMode$StrictModeDiskWriteViolation: policy=65565 violation=1
09-12 18:54:43.915  5492  5492 D StrictMode: 	at android.os.StrictMode$AndroidBlockGuardPolicy.onWriteToDisk(StrictMode.java:1253)
09-12 18:54:43.915  5492  5492 D StrictMode: 	at libcore.io.BlockGuardOs.mkdir(BlockGuardOs.java:173)
09-12 18:54:43.915  5492  5492 D StrictMode: 	at android.system.Os.mkdir(Os.java:282)
09-12 18:54:43.915  5492  5492 D StrictMode: 	at android.app.ContextImpl.ensurePrivateDirExists(ContextImpl.java:514)
09-12 18:54:43.915  5492  5492 D StrictMode: 	at android.app.ContextImpl.getPreferencesDir(ContextImpl.java:468)
09-12 18:54:43.915  5492  5492 D StrictMode: 	at android.app.ContextImpl.getSharedPreferencesPath(ContextImpl.java:627)
09-12 18:54:43.915  5492  5492 D StrictMode: 	at android.app.ContextImpl.getSharedPreferences(ContextImpl.java:345)
09-12 18:54:43.915  5492  5492 D StrictMode: 	at android.content.ContextWrapper.getSharedPreferences(ContextWrapper.java:164)
09-12 18:54:43.915  5492  5492 D StrictMode: 	at android.preference.PreferenceManager.getDefaultSharedPreferences(PreferenceManager.java:487)
09-12 18:54:43.915  5492  5492 D StrictMode: 	at com.android.providers.contacts.FastScrollingIndexCache.getInstance(FastScrollingIndexCache.java:95)
09-12 18:54:43.915  5492  5492 D StrictMode: 	at com.android.providers.contacts.ContactsProvider2.initialize(ContactsProvider2.java:1600)
09-12 18:54:43.915  5492  5492 D StrictMode: 	at com.android.providers.contacts.ContactsProvider2.onCreate(ContactsProvider2.java:1575)
09-12 18:54:43.915  5492  5492 D StrictMode: 	at android.content.ContentProvider.attachInfo(ContentProvider.java:1751)
09-12 18:54:43.915  5492  5492 D StrictMode: 	at android.content.ContentProvider.attachInfo(ContentProvider.java:1726)
09-12 18:54:43.915  5492  5492 D StrictMode: 	at android.app.ActivityThread.installProvider(ActivityThread.java:5920)
09-12 18:54:43.915  5492  5492 D StrictMode: 	at android.app.ActivityThread.installContentProviders(ActivityThread.java:5490)
09-12 18:54:43.915  5492  5492 D StrictMode: 	at android.app.ActivityThread.handleBindApplication(ActivityThread.java:5429)
09-12 18:54:43.915  5492  5492 D StrictMode: 	at android.app.ActivityThread.-wrap2(ActivityThread.java)
09-12 18:54:43.915  5492  5492 D StrictMode: 	at android.app.ActivityThread$H.handleMessage(ActivityThread.java:1564)
09-12 18:54:43.915  5492  5492 D StrictMode: 	at android.os.Handler.dispatchMessage(Handler.java:102)
09-12 18:54:43.915  5492  5492 D StrictMode: 	at android.os.Looper.loop(Looper.java:154)
09-12 18:54:43.915  5492  5492 D StrictMode: 	at android.app.ActivityThread.main(ActivityThread.java:6186)
09-12 18:54:43.915  5492  5492 D StrictMode: 	at java.lang.reflect.Method.invoke(Native Method)
09-12 18:54:43.915  5492  5492 D StrictMode: 	at com.android.internal.os.ZygoteInit$MethodAndArgsCaller.run(ZygoteInit.java:889)
09-12 18:54:43.915  5492  5492 D StrictMode: 	at com.android.internal.os.ZygoteInit.main(ZygoteInit.java:779)
09-12 18:54:43.915  5492  5492 D StrictMode: StrictMode policy violation; ~duration=166 ms: android.os.StrictMode$StrictModeDiskWriteViolation: policy=65565 violation=1
09-12 18:54:43.915  5492  5492 D StrictMode: 	at android.os.StrictMode$AndroidBlockGuardPolicy.onWriteToDisk(StrictMode.java:1253)
09-12 18:54:43.915  5492  5492 D StrictMode: 	at libcore.io.BlockGuardOs.chmod(BlockGuardOs.java:73)
09-12 18:54:43.915  5492  5492 D StrictMode: 	at android.system.Os.chmod(Os.java:68)
09-12 18:54:43.915  5492  5492 D StrictMode: 	at android.app.ContextImpl.ensurePrivateDirExists(ContextImpl.java:515)
09-12 18:54:43.915  5492  5492 D StrictMode: 	at android.app.ContextImpl.getPreferencesDir(ContextImpl.java:468)
09-12 18:54:43.915  5492  5492 D StrictMode: 	at android.app.ContextImpl.getSharedPreferencesPath(ContextImpl.java:627)
09-12 18:54:43.915  5492  5492 D StrictMode: 	at android.app.ContextImpl.getSharedPreferences(ContextImpl.java:345)
09-12 18:54:43.915  5492  5492 D StrictMode: 	at android.content.ContextWrapper.getSharedPreferences(ContextWrapper.java:164)
09-12 18:54:43.915  5492  5492 D StrictMode: 	at android.preference.PreferenceManager.getDefaultSharedPreferences(PreferenceManager.java:487)
09-12 18:54:43.915  5492  5492 D StrictMode: 	at com.android.providers.contacts.FastScrollingIndexCache.getInstance(FastScrollingIndexCache.java:95)
09-12 18:54:43.915  5492  5492 D StrictMode: 	at com.android.providers.contacts.ContactsProvider2.initialize(ContactsProvider2.java:1600)
09-12 18:54:43.915  5492  5492 D StrictMode: 	at com.android.providers.contacts.ContactsProvider2.onCreate(ContactsProvider2.java:1575)
09-12 18:54:43.915  5492  5492 D StrictMode: 	at android.content.ContentProvider.attachInfo(ContentProvider.java:1751)
09-12 18:54:43.915  5492  5492 D StrictMode: 	at android.content.ContentProvider.attachInfo(ContentProvider.java:1726)
09-12 18:54:43.915  5492  5492 D StrictMode: 	at android.app.ActivityThread.installProvider(ActivityThread.java:5920)
09-12 18:54:43.915  5492  5492 D StrictMode: 	at android.app.ActivityThread.installContentProviders(ActivityThread.java:5490)
09-12 18:54:43.915  5492  5492 D StrictMode: 	at android.app.ActivityThread.handleBindApplication(ActivityThread.java:5429)
09-12 18:54:43.915  5492  5492 D StrictMode: 	at android.app.ActivityThread.-wrap2(ActivityThread.java)
09-12 18:54:43.915  5492  5492 D StrictMode: 	at android.app.ActivityThread$H.handleMessage(ActivityThread.java:1564)
09-12 18:54:43.915  5492  5492 D StrictMode: 	at android.os.Handler.dispatchMessage(Handler.java:102)
09-12 18:54:43.915  5492  5492 D StrictMode: 	at android.os.Looper.loop(Looper.java:154)
09-12 18:54:43.915  5492  5492 D StrictMode: 	at android.app.ActivityThread.main(ActivityThread.java:6186)
09-12 18:54:43.915  5492  5492 D StrictMode: 	at java.lang.reflect.Method.invoke(Native Method)
09-12 18:54:43.915  5492  5492 D StrictMode: 	at com.android.internal.os.ZygoteInit$MethodAndArgsCaller.run(ZygoteInit.java:889)
09-12 18:54:43.915  5492  5492 D StrictMode: 	at com.android.internal.os.ZygoteInit.main(ZygoteInit.java:779)
09-12 18:54:43.948  3567  4779 I ActivityManager: Start proc 5512:com.android.providers.calendar/u0a4 for broadcast com.android.providers.calendar/.CalendarUpgradeReceiver
09-12 18:54:44.002  5320  5488 I chatty  : uid=10009(com.android.providers.media) android.process.media expire 2 lines
09-12 18:54:44.039  5512  5512 W System  : ClassLoader referenced unknown path: /system/priv-app/CalendarProvider/lib/arm64
09-12 18:54:44.192  5304  5465 I chatty  : uid=1027(nfc) com.android.nfc expire 1 line
09-12 18:54:44.298  5512  5512 I CalendarDatabaseHelper: Bootstrapping database
