09-05 02:15:49.161  3619  3619 I PackageManager.DexOptimizer: Running dexopt (dex2oat) on: /system/priv-app/ExternalStorageProvider/ExternalStorageProvider.apk pkg=com.android.externalstorage isa=arm64 vmSafeMode=false debuggable=false target-filter=verify-at-runtime oatDir = null sharedLibraries=null
09-05 02:15:49.177  4108  4108 I dex2oat : /system/bin/dex2oat --compiler-filter=verify-at-runtime
09-05 02:15:49.241  4108  4108 I dex2oat : dex2oat took 64.431ms (threads: 8) arena alloc=0B (0B) java alloc=27KB (28240B) native alloc=1061KB (1087376B) free=1498KB (1534064B)
09-05 02:15:49.243  3619  3619 I PackageManager.DexOptimizer: Running dexopt (dex2oat) on: /system/app/HTMLViewer/HTMLViewer.apk pkg=com.android.htmlviewer isa=arm64 vmSafeMode=false debuggable=false target-filter=verify-at-runtime oatDir = null sharedLibraries=null
09-05 02:15:49.259  4117  4117 I dex2oat : /system/bin/dex2oat --compiler-filter=verify-at-runtime
09-05 02:15:49.279  4117  4117 I dex2oat : dex2oat took 20.650ms (threads: 8) arena alloc=0B (0B) java alloc=27KB (28240B) native alloc=878KB (899152B) free=1169KB (1198000B)
09-05 02:15:49.282  3619  3619 I PackageManager.DexOptimizer: Running dexopt (dex2oat) on: /system/priv-app/DownloadProvider/DownloadProvider.apk pkg=com.android.providers.downloads isa=arm64 vmSafeMode=false debuggable=false target-filter=verify-at-runtime oatDir = null sharedLibraries=null
09-05 02:15:49.298  4126  4126 I dex2oat : /system/bin/dex2oat --compiler-filter=verify-at-runtime
09-05 02:15:49.334  4126  4126 I dex2oat : dex2oat took 36.575ms (threads: 8) arena alloc=0B (0B) java alloc=31KB (32216B) native alloc=1142KB (1170096B) free=1417KB (1451344B)
09-05 02:15:49.337  3619  3619 I PackageManager.DexOptimizer: Running dexopt (dex2oat) on: /system/app/messaging/messaging.apk pkg=com.android.messaging isa=arm64 vmSafeMode=false debuggable=false target-filter=verify-at-runtime oatDir = null sharedLibraries=null
09-05 02:15:49.353  4135  4135 I dex2oat : /system/bin/dex2oat --compiler-filter=verify-at-runtime
09-05 02:15:49.565  4135  4135 I dex2oat : dex2oat took 212.168ms (threads: 8) arena alloc=0B (0B) java alloc=27KB (28240B) native alloc=860KB (881288B) free=2MB (2919800B)
09-05 02:15:49.567  3619  3619 I PackageManager.DexOptimizer: Running dexopt (dex2oat) on: /system/app/Terminal/Terminal.apk pkg=com.android.terminal isa=arm64 vmSafeMode=false debuggable=false target-filter=verify-at-runtime oatDir = null sharedLibraries=null
09-05 02:15:49.583  4144  4144 I dex2oat : /system/bin/dex2oat --compiler-filter=verify-at-runtime
09-05 02:15:49.586  3164  3164 D gpsd    : WakeLock(Acquire,GPSD)
09-05 02:15:49.586  3164  3164 D gpsd    : WakeLock(Release,GPSD)
09-05 02:15:49.586  3164  3164 D gpsd    : WakeLock(Acquire,GPSD)
09-05 02:15:49.586  3164  3164 D gpsd    : WakeLock(Release,GPSD)
09-05 02:15:49.603  4147  4147 V lhd     : GlLhdInterface::Init(/system/etc/lhd.conf)
09-05 02:15:49.603  4147  4147 E lhd     : SetCfgValue: Critical Error. Unknown configuration parameter "FlpName"="tcp"
09-05 02:15:49.603  4147  4147 V lhd     : SetCfgValue: LHD config "LheSerialControl"="BBD:Serial=TTY"
09-05 02:15:49.603  4147  4147 E lhd     : SetCfgValue: Critical Error. Unknown configuration parameter "LheClockMHz"="100"
09-05 02:15:49.603  4147  4147 V lhd     : SetCfgValue: LHD config "LhePatch"="/dev/bbd_patch"
09-05 02:15:49.603  4147  4147 V lhd     : SetCfgValue: LHD config "LheMaxMcuResetTries"="4"
09-05 02:15:49.603  4147  4147 V lhd     : SetCfgValue: LHD config "LheBbdPacket"="/dev/ttyBCM"
09-05 02:15:49.603  4147  4147 V lhd     : SetCfgValue: LHD config "LheBbdControl"="/dev/bbd_control"
09-05 02:15:49.603  4147  4147 V lhd     : SetCfgValue: LHD config "LheBbdSensor"="/dev/bbd_sensor"
09-05 02:15:49.604  4147  4147 V lhd     : SetCfgValue: LHD config "Lhe477xDebugFlags"="RPC:FACILITY=33:STDOUT_PUTS:STDOUT_LOG"
09-05 02:15:49.604  4147  4147 E lhd     : SetCfgValue: Critical Error. Unknown configuration parameter "LheSensorIpc"="true"
09-05 02:15:49.604  4147  4147 E lhd     : SetCfgValue: Critical Error. Unknown configuration parameter "LhePinMux"="P17=M1"
09-05 02:15:49.604  4147  4147 V lhd     : SetCfgValue: LHD config "LheAutoBaudDelayMS"="10"
09-05 02:15:49.604  4147  4147 V lhd     : SetCfgValue: LHD config "LheMaxMcuResetTries"="3"
09-05 02:15:49.604  4147  4147 E lhd     : OpenFirmwareFile: Fail to open /efs/sec_efs/sensorhub_urgent_fw.patch, errno 2
09-05 02:15:49.604  4147  4147 E lhd     : getCustPatchVersion: Fail to parse patch /efs/sec_efs/sensorhub_urgent_fw.patch
09-05 02:15:49.604  4147  4147 E lhd     : getCustPatchVersion: <CustomerVersion> not found
09-05 02:15:49.663  3164  3164 D gpsd    : WakeLock(Acquire,GPSD)
09-05 02:15:49.663  4147  4147 D lhd     : OnIpcConnect
09-05 02:15:49.663  3164  3164 D gpsd    : WakeLock(Release,GPSD)
09-05 02:15:49.663  3164  3164 D gpsd    : WakeLock(Acquire,GPSD)
09-05 02:15:49.663  3164  3164 D gpsd    : WakeLock(Release,GPSD)
09-05 02:15:49.705  4144  4144 I dex2oat : dex2oat took 122.183ms (threads: 8) arena alloc=0B (0B) java alloc=27KB (28240B) native alloc=488KB (500208B) free=2MB (2645520B)
09-05 02:15:49.708  3619  3619 I PackageManager.DexOptimizer: Running dexopt (dex2oat) on: /system/priv-app/AudioFX/AudioFX.apk pkg=org.cyanogenmod.audiofx isa=arm64 vmSafeMode=false debuggable=false target-filter=verify-at-runtime oatDir = null sharedLibraries=null
09-05 02:15:49.723  4156  4156 I dex2oat : /system/bin/dex2oat --compiler-filter=verify-at-runtime
09-05 02:15:49.867  4156  4156 I dex2oat : dex2oat took 143.867ms (threads: 8) arena alloc=0B (0B) java alloc=27KB (28240B) native alloc=474KB (485512B) free=2MB (2660216B)
09-05 02:15:49.870  3619  3619 I PackageManager.DexOptimizer: Running dexopt (dex2oat) on: /system/priv-app/LineageSetupWizard/LineageSetupWizard.apk pkg=com.cyanogenmod.setupwizard isa=arm64 vmSafeMode=false debuggable=false target-filter=verify-at-runtime oatDir = null sharedLibraries=null
09-05 02:15:49.886  4165  4165 I dex2oat : /system/bin/dex2oat --compiler-filter=verify-at-runtime
09-05 02:15:49.968  4165  4165 I dex2oat : dex2oat took 82.443ms (threads: 8) arena alloc=0B (0B) java alloc=31KB (32208B) native alloc=1119KB (1146224B) free=1440KB (1475216B)
09-05 02:15:49.971  3619  3619 I PackageManager.DexOptimizer: Running dexopt (dex2oat) on: /system/app/DownloadProviderUi/DownloadProviderUi.apk pkg=com.android.providers.downloads.ui isa=arm64 vmSafeMode=false debuggable=false target-filter=verify-at-runtime oatDir = null sharedLibraries=null
09-05 02:15:49.987  4174  4174 I dex2oat : /system/bin/dex2oat --compiler-filter=verify-at-runtime
09-05 02:15:50.049  4174  4174 I dex2oat : dex2oat took 62.287ms (threads: 8) arena alloc=0B (0B) java alloc=31KB (32208B) native alloc=860KB (881232B) free=1187KB (1215920B)
09-05 02:15:50.051  3619  3619 I PackageManager.DexOptimizer: Running dexopt (dex2oat) on: /system/app/PacProcessor/PacProcessor.apk pkg=com.android.pacprocessor isa=arm64 vmSafeMode=false debuggable=false target-filter=verify-at-runtime oatDir = null sharedLibraries=null
09-05 02:15:50.067  4183  4183 I dex2oat : /system/bin/dex2oat --compiler-filter=verify-at-runtime
09-05 02:15:50.127  4183  4183 I dex2oat : dex2oat took 60.215ms (threads: 8) arena alloc=0B (0B) java alloc=27KB (28240B) native alloc=858KB (878608B) free=1189KB (1218544B)
09-05 02:15:50.130  3619  3619 I PackageManager.DexOptimizer: Running dexopt (dex2oat) on: /system/app/CertInstaller/CertInstaller.apk pkg=com.android.certinstaller isa=arm64 vmSafeMode=false debuggable=false target-filter=verify-at-runtime oatDir = null sharedLibraries=null
09-05 02:15:50.145  4192  4192 I dex2oat : /system/bin/dex2oat --compiler-filter=verify-at-runtime
09-05 02:15:50.216  4192  4192 I dex2oat : dex2oat took 71.394ms (threads: 8) arena alloc=0B (0B) java alloc=31KB (32216B) native alloc=1005KB (1030096B) free=1554KB (1591344B)
09-05 02:15:50.219  3619  3619 I PackageManager.DexOptimizer: Running dexopt (dex2oat) on: /system/priv-app/CarrierConfig/CarrierConfig.apk pkg=com.android.carrierconfig isa=arm64 vmSafeMode=false debuggable=false target-filter=verify-at-runtime oatDir = null sharedLibraries=null
09-05 02:15:50.235  4201  4201 I dex2oat : /system/bin/dex2oat --compiler-filter=verify-at-runtime
09-05 02:15:50.295  4201  4201 I dex2oat : dex2oat took 61.111ms (threads: 8) arena alloc=0B (0B) java alloc=31KB (32216B) native alloc=858KB (878672B) free=1189KB (1218480B)
09-05 02:15:50.298  3619  3619 I PackageManager.DexOptimizer: Running dexopt (dex2oat) on: /system/priv-app/Contacts/Contacts.apk pkg=com.android.contacts isa=arm64 vmSafeMode=false debuggable=false target-filter=verify-at-runtime oatDir = null sharedLibraries=null
09-05 02:15:50.314  4210  4210 I dex2oat : /system/bin/dex2oat --compiler-filter=verify-at-runtime
09-05 02:15:50.418  4210  4210 I dex2oat : dex2oat took 104.340ms (threads: 8) arena alloc=0B (0B) java alloc=27KB (28240B) native alloc=535KB (548024B) free=2MB (2597704B)
09-05 02:15:50.421  3619  3619 I PackageManager.DexOptimizer: Running dexopt (dex2oat) on: /system/app/Camera2/Camera2.apk pkg=com.android.camera2 isa=arm64 vmSafeMode=false debuggable=false target-filter=verify-at-runtime oatDir = null sharedLibraries=null
09-05 02:15:50.437  4219  4219 I dex2oat : /system/bin/dex2oat --compiler-filter=verify-at-runtime
09-05 02:15:50.551  4219  4219 I dex2oat : dex2oat took 114.822ms (threads: 8) arena alloc=0B (0B) java alloc=27KB (28240B) native alloc=422KB (432760B) free=2MB (2712968B)
09-05 02:15:50.554  3619  3619 I PackageManager.DexOptimizer: Running dexopt (dex2oat) on: /system/priv-app/Recorder/Recorder.apk pkg=org.lineageos.recorder isa=arm64 vmSafeMode=false debuggable=false target-filter=verify-at-runtime oatDir = null sharedLibraries=null
09-05 02:15:50.569  4228  4228 I dex2oat : /system/bin/dex2oat --compiler-filter=verify-at-runtime
09-05 02:15:50.642  4228  4228 I dex2oat : dex2oat took 72.579ms (threads: 8) arena alloc=0B (0B) java alloc=27KB (28240B) native alloc=498KB (510576B) free=2MB (2635152B)
09-05 02:15:50.644  3619  3619 I PackageManager.DexOptimizer: Running dexopt (dex2oat) on: /system/app/EasterEgg/EasterEgg.apk pkg=com.android.egg isa=arm64 vmSafeMode=false debuggable=false target-filter=verify-at-runtime oatDir = null sharedLibraries=null
09-05 02:15:50.660  4237  4237 I dex2oat : /system/bin/dex2oat --compiler-filter=verify-at-runtime
09-05 02:15:50.696  4237  4237 I dex2oat : dex2oat took 36.199ms (threads: 8) arena alloc=0B (0B) java alloc=27KB (28240B) native alloc=1099KB (1125744B) free=1460KB (1495696B)
09-05 02:15:50.699  3619  3619 I PackageManager.DexOptimizer: Running dexopt (dex2oat) on: /system/priv-app/MtpDocumentsProvider/MtpDocumentsProvider.apk pkg=com.android.mtp isa=arm64 vmSafeMode=false debuggable=false target-filter=verify-at-runtime oatDir = null sharedLibraries=null
09-05 02:15:50.715  4246  4246 I dex2oat : /system/bin/dex2oat --compiler-filter=verify-at-runtime
09-05 02:15:50.739  4246  4246 I dex2oat : dex2oat took 24.586ms (threads: 8) arena alloc=0B (0B) java alloc=31KB (32208B) native alloc=1022KB (1046896B) free=1537KB (1574544B)
09-05 02:15:50.741  3619  3619 I PackageManager.DexOptimizer: Running dexopt (dex2oat) on: /system/app/NfcNci/NfcNci.apk pkg=com.android.nfc isa=arm64 vmSafeMode=false debuggable=false target-filter=verify-at-runtime oatDir = null sharedLibraries=null
09-05 02:15:50.757  4255  4255 I dex2oat : /system/bin/dex2oat --compiler-filter=verify-at-runtime
09-05 02:15:50.846  4255  4255 I dex2oat : dex2oat took 89.687ms (threads: 8) arena alloc=0B (0B) java alloc=27KB (28240B) native alloc=516KB (529272B) free=2MB (2616456B)
09-05 02:15:50.849  3619  3619 I PackageManager.DexOptimizer: Running dexopt (dex2oat) on: /system/app/Stk/Stk.apk pkg=com.android.stk isa=arm64 vmSafeMode=false debuggable=false target-filter=verify-at-runtime oatDir = null sharedLibraries=null
09-05 02:15:50.865  4264  4264 I dex2oat : /system/bin/dex2oat --compiler-filter=verify-at-runtime
09-05 02:15:50.887  4264  4264 I dex2oat : dex2oat took 22.027ms (threads: 8) arena alloc=0B (0B) java alloc=27KB (28240B) native alloc=1042KB (1067600B) free=1517KB (1553840B)
09-05 02:15:50.889  3619  3619 I PackageManager.DexOptimizer: Running dexopt (dex2oat) on: /system/priv-app/BackupRestoreConfirmation/BackupRestoreConfirmation.apk pkg=com.android.backupconfirm isa=arm64 vmSafeMode=false debuggable=false target-filter=verify-at-runtime oatDir = null sharedLibraries=null
09-05 02:15:50.905  4273  4273 I dex2oat : /system/bin/dex2oat --compiler-filter=verify-at-runtime
09-05 02:15:50.926  4273  4273 I dex2oat : dex2oat took 21.344ms (threads: 8) arena alloc=0B (0B) java alloc=31KB (32240B) native alloc=858KB (878736B) free=1189KB (1218416B)
09-05 02:15:50.928  3619  3619 I PackageManager.DexOptimizer: Running dexopt (dex2oat) on: /system/app/Profiles/Profiles.apk pkg=org.cyanogenmod.profiles isa=arm64 vmSafeMode=false debuggable=false target-filter=verify-at-runtime oatDir = null sharedLibraries=null
09-05 02:15:50.944  4282  4282 I dex2oat : /system/bin/dex2oat --compiler-filter=verify-at-runtime
09-05 02:15:50.973  4282  4282 I dex2oat : dex2oat took 29.112ms (threads: 8) arena alloc=0B (0B) java alloc=27KB (28240B) native alloc=1130KB (1157200B) free=1429KB (1464240B)
09-05 02:15:50.975  3619  3619 I PackageManager.DexOptimizer: Running dexopt (dex2oat) on: /system/app/LockClock/LockClock.apk pkg=com.cyanogenmod.lockclock isa=arm64 vmSafeMode=false debuggable=false target-filter=verify-at-runtime oatDir = null sharedLibraries=null
09-05 02:15:50.991  4291  4291 I dex2oat : /system/bin/dex2oat --compiler-filter=verify-at-runtime
09-05 02:15:51.022  4291  4291 I dex2oat : dex2oat took 31.782ms (threads: 8) arena alloc=0B (0B) java alloc=27KB (28240B) native alloc=1079KB (1105200B) free=1480KB (1516240B)
09-05 02:15:51.024  3619  3619 I PackageManager.DexOptimizer: Running dexopt (dex2oat) on: /system/priv-app/StatementService/StatementService.apk pkg=com.android.statementservice isa=arm64 vmSafeMode=false debuggable=false target-filter=verify-at-runtime oatDir = null sharedLibraries=null
09-05 02:15:51.040  4300  4300 I dex2oat : /system/bin/dex2oat --compiler-filter=verify-at-runtime
09-05 02:15:51.061  4300  4300 I dex2oat : dex2oat took 21.874ms (threads: 8) arena alloc=0B (0B) java alloc=31KB (32216B) native alloc=1092KB (1118512B) free=1467KB (1502928B)
09-05 02:15:51.064  3619  3619 I PackageManager.DexOptimizer: Running dexopt (dex2oat) on: /system/app/AdvancedDisplay/AdvancedDisplay.apk pkg=com.cyanogenmod.settings.device isa=arm64 vmSafeMode=false debuggable=false target-filter=verify-at-runtime oatDir = null sharedLibraries=null
09-05 02:15:51.080  4309  4309 I dex2oat : /system/bin/dex2oat --compiler-filter=verify-at-runtime
09-05 02:15:51.149  4309  4309 I dex2oat : dex2oat took 69.307ms (threads: 8) arena alloc=0B (0B) java alloc=31KB (32216B) native alloc=497KB (509360B) free=2MB (2636368B)
09-05 02:15:51.151  3619  3619 I PackageManager.DexOptimizer: Running dexopt (dex2oat) on: /system/priv-app/CMAudioService/CMAudioService.apk pkg=org.cyanogenmod.cmaudio.service isa=arm64 vmSafeMode=false debuggable=false target-filter=verify-at-runtime oatDir = null sharedLibraries=null
09-05 02:15:51.167  4318  4318 I dex2oat : /system/bin/dex2oat --compiler-filter=verify-at-runtime
09-05 02:15:51.206  4318  4318 I dex2oat : dex2oat took 39.590ms (threads: 8) arena alloc=0B (0B) java alloc=31KB (32216B) native alloc=1141KB (1168816B) free=1418KB (1452624B)
09-05 02:15:51.209  3619  3619 I PackageManager.DexOptimizer: Running dexopt (dex2oat) on: /system/app/Calendar/Calendar.apk pkg=com.android.calendar isa=arm64 vmSafeMode=false debuggable=false target-filter=verify-at-runtime oatDir = null sharedLibraries=null
09-05 02:15:51.225  4327  4327 I dex2oat : /system/bin/dex2oat --compiler-filter=verify-at-runtime
09-05 02:15:51.288  4327  4327 I dex2oat : dex2oat took 63.556ms (threads: 8) arena alloc=0B (0B) java alloc=27KB (28240B) native alloc=565KB (579568B) free=2MB (2566160B)
09-05 02:15:51.290  3619  3619 I PackageManager.DexOptimizer: Running dexopt (dex2oat) on: /system/priv-app/SharedStorageBackup/SharedStorageBackup.apk pkg=com.android.sharedstoragebackup isa=arm64 vmSafeMode=false debuggable=false target-filter=verify-at-runtime oatDir = null sharedLibraries=null
09-05 02:15:51.306  4336  4336 I dex2oat : /system/bin/dex2oat --compiler-filter=verify-at-runtime
09-05 02:15:51.327  4336  4336 I dex2oat : dex2oat took 20.999ms (threads: 8) arena alloc=0B (0B) java alloc=31KB (32208B) native alloc=858KB (878736B) free=1189KB (1218416B)
09-05 02:15:51.329  3619  3619 I PackageManager.DexOptimizer: Running dexopt (dex2oat) on: /system/app/PrintSpooler/PrintSpooler.apk pkg=com.android.printspooler isa=arm64 vmSafeMode=false debuggable=false target-filter=verify-at-runtime oatDir = null sharedLibraries=null
09-05 02:15:51.345  4345  4345 I dex2oat : /system/bin/dex2oat --compiler-filter=verify-at-runtime
09-05 02:15:51.387  4345  4345 I dex2oat : dex2oat took 42.976ms (threads: 8) arena alloc=0B (0B) java alloc=27KB (28240B) native alloc=1137KB (1165232B) free=1422KB (1456208B)
09-05 02:15:51.390  3619  3619 I PackageManager.DexOptimizer: Running dexopt (dex2oat) on: /system/app/BasicDreams/BasicDreams.apk pkg=com.android.dreams.basic isa=arm64 vmSafeMode=false debuggable=false target-filter=verify-at-runtime oatDir = null sharedLibraries=null
09-05 02:15:51.405  4354  4354 I dex2oat : /system/bin/dex2oat --compiler-filter=verify-at-runtime
09-05 02:15:51.426  4354  4354 I dex2oat : dex2oat took 20.570ms (threads: 8) arena alloc=0B (0B) java alloc=27KB (28240B) native alloc=898KB (919632B) free=1149KB (1177520B)
09-05 02:15:51.428  3619  3619 I PackageManager.DexOptimizer: Running dexopt (dex2oat) on: /system/app/webview/webview.apk pkg=com.android.webview isa=arm vmSafeMode=false debuggable=false target-filter=verify-at-runtime oatDir = null sharedLibraries=null
09-05 02:15:51.444  4363  4363 I dex2oat : /system/bin/dex2oat --compiler-filter=verify-at-runtime
09-05 02:15:51.546  4363  4363 I dex2oat : dex2oat took 102.529ms (threads: 8) arena alloc=0B (0B) java alloc=27KB (28240B) native alloc=385KB (395144B) free=2MB (2750584B)
09-05 02:15:51.549  3619  3619 I PackageManager.DexOptimizer: Running dexopt (dex2oat) on: /system/app/webview/webview.apk pkg=com.android.webview isa=arm64 vmSafeMode=false debuggable=false target-filter=verify-at-runtime oatDir = null sharedLibraries=null
09-05 02:15:51.565  4372  4372 I dex2oat : /system/bin/dex2oat --compiler-filter=verify-at-runtime
09-05 02:15:51.669  4372  4372 I dex2oat : dex2oat took 103.779ms (threads: 8) arena alloc=0B (0B) java alloc=27KB (28240B) native alloc=517KB (530248B) free=2MB (2615480B)
09-05 02:15:51.671  3619  3619 I PackageManager.DexOptimizer: Running dexopt (dex2oat) on: /system/priv-app/CellBroadcastReceiver/CellBroadcastReceiver.apk pkg=com.android.cellbroadcastreceiver isa=arm64 vmSafeMode=false debuggable=false target-filter=verify-at-runtime oatDir = null sharedLibraries=null
09-05 02:15:51.687  4381  4381 I dex2oat : /system/bin/dex2oat --compiler-filter=verify-at-runtime
09-05 02:15:51.712  4381  4381 I dex2oat : dex2oat took 25.610ms (threads: 8) arena alloc=0B (0B) java alloc=27KB (28240B) native alloc=1105KB (1131984B) free=1454KB (1489456B)
09-05 02:15:51.715  3619  3619 I PackageManager.DexOptimizer: Running dexopt (dex2oat) on: /system/priv-app/OneTimeInitializer/OneTimeInitializer.apk pkg=com.android.onetimeinitializer isa=arm64 vmSafeMode=false debuggable=false target-filter=verify-at-runtime oatDir = null sharedLibraries=null
09-05 02:15:51.731  4390  4390 I dex2oat : /system/bin/dex2oat --compiler-filter=verify-at-runtime
09-05 02:15:51.751  4390  4390 I dex2oat : dex2oat took 20.732ms (threads: 8) arena alloc=0B (0B) java alloc=31KB (32208B) native alloc=1018KB (1043024B) free=1541KB (1578416B)
09-05 02:15:51.754  3619  3619 I PackageManager.DexOptimizer: Running dexopt (dex2oat) on: /system/priv-app/CMParts/CMParts.apk pkg=org.cyanogenmod.cmparts isa=arm64 vmSafeMode=false debuggable=false target-filter=verify-at-runtime oatDir = null sharedLibraries=null
09-05 02:15:51.769  4399  4399 I dex2oat : /system/bin/dex2oat --compiler-filter=verify-at-runtime
09-05 02:15:51.858  4399  4399 I dex2oat : dex2oat took 89.223ms (threads: 8) arena alloc=0B (0B) java alloc=27KB (28240B) native alloc=525KB (538008B) free=2MB (2607720B)
09-05 02:15:51.861  3619  3619 I PackageManager.DexOptimizer: Running dexopt (dex2oat) on: /system/app/KeyChain/KeyChain.apk pkg=com.android.keychain isa=arm64 vmSafeMode=false debuggable=false target-filter=verify-at-runtime oatDir = null sharedLibraries=null
09-05 02:15:51.877  4408  4408 I dex2oat : /system/bin/dex2oat --compiler-filter=verify-at-runtime
09-05 02:15:51.899  4408  4408 I dex2oat : dex2oat took 22.458ms (threads: 8) arena alloc=0B (0B) java alloc=27KB (28240B) native alloc=1003KB (1027408B) free=1556KB (1594032B)
09-05 02:15:51.901  3619  3619 I PackageManager.DexOptimizer: Running dexopt (dex2oat) on: /system/app/PrintRecommendationService/PrintRecommendationService.apk pkg=com.android.printservice.recommendation isa=arm64 vmSafeMode=false debuggable=false target-filter=verify-at-runtime oatDir = null sharedLibraries=null
09-05 02:15:51.917  4417  4417 I dex2oat : /system/bin/dex2oat --compiler-filter=verify-at-runtime
09-05 02:15:51.939  4417  4417 I dex2oat : dex2oat took 22.460ms (threads: 8) arena alloc=0B (0B) java alloc=31KB (32240B) native alloc=1057KB (1082512B) free=1502KB (1538928B)
09-05 02:15:51.941  3619  3619 I PackageManager.DexOptimizer: Running dexopt (dex2oat) on: /system/priv-app/Gallery2/Gallery2.apk pkg=com.android.gallery3d isa=arm vmSafeMode=false debuggable=false target-filter=verify-at-runtime oatDir = null sharedLibraries=null
09-05 02:15:51.957  4426  4426 I dex2oat : /system/bin/dex2oat --compiler-filter=verify-at-runtime
09-05 02:15:52.102  4426  4426 I dex2oat : dex2oat took 145.606ms (threads: 8) arena alloc=0B (0B) java alloc=27KB (28240B) native alloc=541KB (554488B) free=2MB (2591240B)
09-05 02:15:52.105  3619  3619 I PackageManager.DexOptimizer: Running dexopt (dex2oat) on: /system/priv-app/Trebuchet/Trebuchet.apk pkg=com.cyanogenmod.trebuchet isa=arm64 vmSafeMode=false debuggable=false target-filter=verify-at-runtime oatDir = null sharedLibraries=null
09-05 02:15:52.121  4435  4435 I dex2oat : /system/bin/dex2oat --compiler-filter=verify-at-runtime
09-05 02:15:52.190  4435  4435 I dex2oat : dex2oat took 69.315ms (threads: 8) arena alloc=0B (0B) java alloc=27KB (28240B) native alloc=558KB (571888B) free=2MB (2573840B)
09-05 02:15:52.193  3619  3619 I PackageManager.DexOptimizer: Running dexopt (dex2oat) on: /system/priv-app/CallLogBackup/CallLogBackup.apk pkg=com.android.calllogbackup isa=arm64 vmSafeMode=false debuggable=false target-filter=verify-at-runtime oatDir = null sharedLibraries=null
09-05 02:15:52.208  4444  4444 I dex2oat : /system/bin/dex2oat --compiler-filter=verify-at-runtime
09-05 02:15:52.227  4444  4444 I dex2oat : dex2oat took 19.261ms (threads: 8) arena alloc=0B (0B) java alloc=31KB (32216B) native alloc=878KB (899152B) free=1169KB (1198000B)
09-05 02:15:52.229  3619  3619 I PackageManager.DexOptimizer: Running dexopt (dex2oat) on: /system/app/PicoTts/PicoTts.apk pkg=com.svox.pico isa=arm64 vmSafeMode=false debuggable=false target-filter=verify-at-runtime oatDir = null sharedLibraries=null
09-05 02:15:52.245  4453  4453 I dex2oat : /system/bin/dex2oat --compiler-filter=verify-at-runtime
09-05 02:15:52.264  4453  4453 I dex2oat : dex2oat took 19.736ms (threads: 8) arena alloc=0B (0B) java alloc=27KB (28240B) native alloc=880KB (901712B) free=1167KB (1195440B)
09-05 02:15:52.267  3619  3619 I PackageManager.DexOptimizer: Running dexopt (dex2oat) on: /system/app/Jelly/Jelly.apk pkg=org.lineageos.jelly isa=arm64 vmSafeMode=false debuggable=false target-filter=verify-at-runtime oatDir = null sharedLibraries=null
09-05 02:15:52.283  4462  4462 I dex2oat : /system/bin/dex2oat --compiler-filter=verify-at-runtime
09-05 02:15:52.356  4462  4462 I dex2oat : dex2oat took 73.442ms (threads: 8) arena alloc=0B (0B) java alloc=27KB (28240B) native alloc=500KB (512880B) free=2MB (2632848B)
09-05 02:15:52.358  3619  3619 I PackageManager.DexOptimizer: Running dexopt (dex2oat) on: /system/priv-app/ManagedProvisioning/ManagedProvisioning.apk pkg=com.android.managedprovisioning isa=arm64 vmSafeMode=false debuggable=false target-filter=verify-at-runtime oatDir = null sharedLibraries=null
09-05 02:15:52.374  4471  4471 I dex2oat : /system/bin/dex2oat --compiler-filter=verify-at-runtime
09-05 02:15:52.403  4471  4471 I dex2oat : dex2oat took 29.937ms (threads: 8) arena alloc=0B (0B) java alloc=31KB (32208B) native alloc=1078KB (1104688B) free=1481KB (1516752B)
09-05 02:15:52.406  3619  3619 I PackageManager.DexOptimizer: Running dexopt (dex2oat) on: /system/app/PhotoTable/PhotoTable.apk pkg=com.android.dreams.phototable isa=arm64 vmSafeMode=false debuggable=false target-filter=verify-at-runtime oatDir = null sharedLibraries=null
09-05 02:15:52.422  4480  4480 I dex2oat : /system/bin/dex2oat --compiler-filter=verify-at-runtime
09-05 02:15:52.446  4480  4480 I dex2oat : dex2oat took 24.873ms (threads: 8) arena alloc=0B (0B) java alloc=27KB (28240B) native alloc=1052KB (1077328B) free=1507KB (1544112B)
09-05 02:15:52.449  3619  3619 I PackageManager.DexOptimizer: Running dexopt (dex2oat) on: /system/app/WAPPushManager/WAPPushManager.apk pkg=com.android.smspush isa=arm64 vmSafeMode=false debuggable=false target-filter=verify-at-runtime oatDir = null sharedLibraries=null
09-05 02:15:52.465  4489  4489 I dex2oat : /system/bin/dex2oat --compiler-filter=verify-at-runtime
09-05 02:15:52.487  4489  4489 I dex2oat : dex2oat took 23.147ms (threads: 8) arena alloc=0B (0B) java alloc=31KB (32216B) native alloc=1030KB (1055312B) free=1529KB (1566128B)
09-05 02:15:52.490  3619  3619 I PackageManager.DexOptimizer: Running dexopt (dex2oat) on: /system/app/LiveWallpapersPicker/LiveWallpapersPicker.apk pkg=com.android.wallpaper.livepicker isa=arm64 vmSafeMode=false debuggable=false target-filter=verify-at-runtime oatDir = null sharedLibraries=null
09-05 02:15:52.506  4498  4498 I dex2oat : /system/bin/dex2oat --compiler-filter=verify-at-runtime
09-05 02:15:52.570  4498  4498 I dex2oat : dex2oat took 64.460ms (threads: 8) arena alloc=0B (0B) java alloc=31KB (32208B) native alloc=521KB (533936B) free=2MB (2611792B)
09-05 02:15:52.572  3619  3619 I PackageManager.DexOptimizer: Running dexopt (dex2oat) on: /system/priv-app/Tag/Tag.apk pkg=com.android.apps.tag isa=arm64 vmSafeMode=false debuggable=false target-filter=verify-at-runtime oatDir = null sharedLibraries=null
09-05 02:15:52.588  4507  4507 I dex2oat : /system/bin/dex2oat --compiler-filter=verify-at-runtime
09-05 02:15:52.625  4507  4507 I dex2oat : dex2oat took 36.849ms (threads: 8) arena alloc=0B (0B) java alloc=27KB (28240B) native alloc=1141KB (1168560B) free=1418KB (1452880B)
09-05 02:15:52.627  3619  3619 I PackageManager.DexOptimizer: Running dexopt (dex2oat) on: /system/priv-app/StorageManager/StorageManager.apk pkg=com.android.storagemanager isa=arm64 vmSafeMode=false debuggable=false target-filter=verify-at-runtime oatDir = null sharedLibraries=null
09-05 02:15:52.643  4516  4516 I dex2oat : /system/bin/dex2oat --compiler-filter=verify-at-runtime
09-05 02:15:52.719  4516  4516 I dex2oat : dex2oat took 76.367ms (threads: 8) arena alloc=0B (0B) java alloc=31KB (32216B) native alloc=500KB (512688B) free=2MB (2633040B)
09-05 02:15:52.721  3619  3619 I PackageManager.DexOptimizer: Running dexopt (dex2oat) on: /system/app/BookmarkProvider/BookmarkProvider.apk pkg=com.android.bookmarkprovider isa=arm64 vmSafeMode=false debuggable=false target-filter=verify-at-runtime oatDir = null sharedLibraries=null
09-05 02:15:52.737  4525  4525 I dex2oat : /system/bin/dex2oat --compiler-filter=verify-at-runtime
09-05 02:15:52.756  4525  4525 I dex2oat : dex2oat took 19.196ms (threads: 8) arena alloc=0B (0B) java alloc=31KB (32216B) native alloc=878KB (899152B) free=1169KB (1198000B)
09-05 02:15:52.758  3619  3619 I PackageManager.DexOptimizer: Running dexopt (dex2oat) on: /system/priv-app/Eleven/Eleven.apk pkg=com.cyanogenmod.eleven isa=arm64 vmSafeMode=false debuggable=false target-filter=verify-at-runtime oatDir = null sharedLibraries=null
09-05 02:15:52.774  4534  4534 I dex2oat : /system/bin/dex2oat --compiler-filter=verify-at-runtime
09-05 02:15:52.996  4534  4534 I dex2oat : dex2oat took 221.895ms (threads: 8) arena alloc=0B (0B) java alloc=27KB (28240B) native alloc=806KB (825448B) free=2MB (2451352B)
09-05 02:15:52.999  3619  3619 I PackageManager.DexOptimizer: Running dexopt (dex2oat) on: /system/app/ExactCalculator/ExactCalculator.apk pkg=com.android.calculator2 isa=arm64 vmSafeMode=false debuggable=false target-filter=verify-at-runtime oatDir = null sharedLibraries=null
09-05 02:15:53.014  4543  4543 I dex2oat : /system/bin/dex2oat --compiler-filter=verify-at-runtime
09-05 02:15:53.093  4543  4543 I dex2oat : dex2oat took 78.909ms (threads: 8) arena alloc=0B (0B) java alloc=31KB (32216B) native alloc=1106KB (1133552B) free=1453KB (1487888B)
09-05 02:15:53.096  3619  3619 I PackageManager.DexOptimizer: Running dexopt (dex2oat) on: /system/priv-app/Updater/Updater.apk pkg=org.lineageos.updater isa=arm64 vmSafeMode=false debuggable=false target-filter=verify-at-runtime oatDir = null sharedLibraries=null
09-05 02:15:53.112  4552  4552 I dex2oat : /system/bin/dex2oat --compiler-filter=verify-at-runtime
09-05 02:15:53.246  4552  4552 I dex2oat : dex2oat took 134.852ms (threads: 8) arena alloc=0B (0B) java alloc=27KB (28240B) native alloc=532KB (545624B) free=2MB (2600104B)
09-05 02:15:53.249  3619  3619 I PackageManager.DexOptimizer: Running dexopt (dex2oat) on: /system/priv-app/VpnDialogs/VpnDialogs.apk pkg=com.android.vpndialogs isa=arm64 vmSafeMode=false debuggable=false target-filter=verify-at-runtime oatDir = null sharedLibraries=null
09-05 02:15:53.265  4561  4561 I dex2oat : /system/bin/dex2oat --compiler-filter=verify-at-runtime
09-05 02:15:53.326  4561  4561 I dex2oat : dex2oat took 61.776ms (threads: 8) arena alloc=0B (0B) java alloc=27KB (28240B) native alloc=858KB (878672B) free=1189KB (1218480B)
09-05 02:15:53.329  3619  3619 I PackageManager.DexOptimizer: Running dexopt (dex2oat) on: /system/app/Email/Email.apk pkg=com.android.email isa=arm64 vmSafeMode=false debuggable=false target-filter=verify-at-runtime oatDir = null sharedLibraries=null
09-05 02:15:53.344  4570  4570 I dex2oat : /system/bin/dex2oat --compiler-filter=verify-at-runtime
09-05 02:15:53.571  4570  4570 I dex2oat : dex2oat took 227.451ms (threads: 8) arena alloc=0B (0B) java alloc=27KB (28240B) native alloc=637KB (653128B) free=2MB (3016888B)
09-05 02:15:53.574  3619  3619 I PackageManager.DexOptimizer: Running dexopt (dex2oat) on: /system/app/WallpaperBackup/WallpaperBackup.apk pkg=com.android.wallpaperbackup isa=arm64 vmSafeMode=false debuggable=false target-filter=verify-at-runtime oatDir = null sharedLibraries=null
09-05 02:15:53.590  4579  4579 I dex2oat : /system/bin/dex2oat --compiler-filter=verify-at-runtime
09-05 02:15:53.653  4579  4579 I dex2oat : dex2oat took 63.653ms (threads: 8) arena alloc=0B (0B) java alloc=31KB (32216B) native alloc=861KB (881744B) free=1186KB (1215408B)
09-05 02:15:53.656  3619  3619 I PackageManager.DexOptimizer: Running dexopt (dex2oat) on: /system/priv-app/BlockedNumberProvider/BlockedNumberProvider.apk pkg=com.android.providers.blockednumber isa=arm64 vmSafeMode=false debuggable=false target-filter=verify-at-runtime oatDir = null sharedLibraries=null
09-05 02:15:53.671  4588  4588 I dex2oat : /system/bin/dex2oat --compiler-filter=verify-at-runtime
09-05 02:15:53.753  4588  4588 I dex2oat : dex2oat took 81.810ms (threads: 8) arena alloc=0B (0B) java alloc=27KB (28240B) native alloc=1094KB (1120944B) free=1465KB (1500496B)
09-05 02:15:53.755  3619  3619 I PackageManager.DexOptimizer: Running dexopt (dex2oat) on: /system/app/UserDictionaryProvider/UserDictionaryProvider.apk pkg=com.android.providers.userdictionary isa=arm64 vmSafeMode=false debuggable=false target-filter=verify-at-runtime oatDir = null sharedLibraries=null
09-05 02:15:53.771  4597  4597 I dex2oat : /system/bin/dex2oat --compiler-filter=verify-at-runtime
09-05 02:15:53.833  4597  4597 I dex2oat : dex2oat took 62.452ms (threads: 8) arena alloc=0B (0B) java alloc=27KB (28240B) native alloc=886KB (907408B) free=1161KB (1189744B)
09-05 02:15:53.836  3619  3619 I PackageManager.DexOptimizer: Running dexopt (dex2oat) on: /system/priv-app/EmergencyInfo/EmergencyInfo.apk pkg=com.android.emergency isa=arm64 vmSafeMode=false debuggable=false target-filter=verify-at-runtime oatDir = null sharedLibraries=null
09-05 02:15:53.851  4606  4606 I dex2oat : /system/bin/dex2oat --compiler-filter=verify-at-runtime
09-05 02:15:53.961  4606  4606 I dex2oat : dex2oat took 110.248ms (threads: 8) arena alloc=0B (0B) java alloc=31KB (32216B) native alloc=684KB (700464B) free=2MB (2445264B)
09-05 02:15:53.964  3619  3619 I PackageManager.DexOptimizer: Running dexopt (dex2oat) on: /system/app/DeskClock/DeskClock.apk pkg=com.android.deskclock isa=arm64 vmSafeMode=false debuggable=false target-filter=verify-at-runtime oatDir = null sharedLibraries=null
09-05 02:15:53.980  4615  4615 I dex2oat : /system/bin/dex2oat --compiler-filter=verify-at-runtime
09-05 02:15:54.121  4615  4615 I dex2oat : dex2oat took 141.481ms (threads: 8) arena alloc=0B (0B) java alloc=27KB (28240B) native alloc=438KB (449320B) free=2MB (2696408B)
09-05 02:15:54.124  3619  3619 I PackageManager.DexOptimizer: Running dexopt (dex2oat) on: /system/app/Exchange2/Exchange2.apk pkg=com.android.exchange isa=arm64 vmSafeMode=false debuggable=false target-filter=verify-at-runtime oatDir = null sharedLibraries=null
09-05 02:15:54.140  4624  4624 I dex2oat : /system/bin/dex2oat --compiler-filter=verify-at-runtime
09-05 02:15:54.324  4624  4624 I dex2oat : dex2oat took 185.020ms (threads: 8) arena alloc=0B (0B) java alloc=27KB (28240B) native alloc=587KB (601592B) free=2MB (2544136B)
09-05 02:15:54.327  3619  3619 I PackageManager.DexOptimizer: Running dexopt (dex2oat) on: /system/app/BluetoothMidiService/BluetoothMidiService.apk pkg=com.android.bluetoothmidiservice isa=arm64 vmSafeMode=false debuggable=false target-filter=verify-at-runtime oatDir = null sharedLibraries=null
09-05 02:15:54.343  4633  4633 I dex2oat : /system/bin/dex2oat --compiler-filter=verify-at-runtime
09-05 02:15:54.416  4633  4633 I dex2oat : dex2oat took 73.514ms (threads: 8) arena alloc=0B (0B) java alloc=31KB (32208B) native alloc=858KB (878928B) free=1189KB (1218224B)
09-05 02:15:54.419  3619  3619 I PackageManager.DexOptimizer: Running dexopt (dex2oat) on: /system/app/Bluetooth/Bluetooth.apk pkg=com.android.bluetooth isa=arm vmSafeMode=false debuggable=false target-filter=verify-at-runtime oatDir = null sharedLibraries=/system/framework/javax.obex.jar
09-05 02:15:54.435  4642  4642 I dex2oat : /system/bin/dex2oat --compiler-filter=verify-at-runtime
09-05 02:15:54.734  4642  4642 I dex2oat : dex2oat took 299.864ms (threads: 8) arena alloc=0B (0B) java alloc=31KB (32240B) native alloc=694KB (711368B) free=2MB (2958648B)
09-05 02:15:54.737  3619  3619 I PackageManager.DexOptimizer: Running dexopt (dex2oat) on: /system/app/Development/Development.apk pkg=com.android.development isa=arm64 vmSafeMode=false debuggable=false target-filter=verify-at-runtime oatDir = null sharedLibraries=/system/framework/android.test.runner.jar
09-05 02:15:54.753  4651  4651 I dex2oat : /system/bin/dex2oat --compiler-filter=verify-at-runtime
09-05 02:15:54.824  4651  4651 I dex2oat : dex2oat took 71.175ms (threads: 8) arena alloc=0B (0B) java alloc=31KB (32192B) native alloc=1072KB (1098032B) free=1487KB (1523408B)
09-05 02:15:54.827  3619  3619 I PackageManager.DexOptimizer: Running dexopt (dex2oat) on: /system/app/WallpaperPicker/WallpaperPicker.apk pkg=com.android.wallpaperpicker isa=arm64 vmSafeMode=false debuggable=false target-filter=verify-at-runtime oatDir = null sharedLibraries=null
09-05 02:15:54.842  4660  4660 I dex2oat : /system/bin/dex2oat --compiler-filter=verify-at-runtime
09-05 02:15:54.909  4660  4660 I dex2oat : dex2oat took 67.164ms (threads: 8) arena alloc=0B (0B) java alloc=31KB (32216B) native alloc=1073KB (1099632B) free=1486KB (1521808B)
09-05 02:15:54.912  3619  3619 I PackageManager.DexOptimizer: Running dexopt (dex2oat) on: /system/priv-app/ContactsProvider/ContactsProvider.apk pkg=com.android.providers.contacts isa=arm64 vmSafeMode=false debuggable=false target-filter=verify-at-runtime oatDir = null sharedLibraries=null
09-05 02:15:54.927  4669  4669 I dex2oat : /system/bin/dex2oat --compiler-filter=verify-at-runtime
09-05 02:15:55.027  4669  4669 I dex2oat : dex2oat took 100.468ms (threads: 8) arena alloc=0B (0B) java alloc=31KB (32216B) native alloc=1133KB (1160496B) free=1938KB (1985232B)
09-05 02:15:55.030  3619  3619 I PackageManager.DexOptimizer: Running dexopt (dex2oat) on: /system/app/CaptivePortalLogin/CaptivePortalLogin.apk pkg=com.android.captiveportallogin isa=arm64 vmSafeMode=false debuggable=false target-filter=verify-at-runtime oatDir = null sharedLibraries=null
09-05 02:15:55.046  4678  4678 I dex2oat : /system/bin/dex2oat --compiler-filter=verify-at-runtime
09-05 02:15:55.107  4678  4678 I dex2oat : dex2oat took 61.710ms (threads: 8) arena alloc=0B (0B) java alloc=31KB (32208B) native alloc=858KB (878672B) free=1189KB (1218480B)
09-05 02:15:55.110  3619  3619 I PackageManager.DexOptimizer: Running dexopt (dex2oat) on: /system/priv-app/WeatherProvider/WeatherProvider.apk pkg=org.cyanogenmod.weather.provider isa=arm64 vmSafeMode=false debuggable=false target-filter=verify-at-runtime oatDir = null sharedLibraries=null
09-05 02:15:55.125  4687  4687 I dex2oat : /system/bin/dex2oat --compiler-filter=verify-at-runtime
09-05 02:15:55.190  4687  4687 I dex2oat : dex2oat took 64.416ms (threads: 8) arena alloc=0B (0B) java alloc=31KB (32216B) native alloc=1070KB (1095760B) free=1489KB (1525680B)
09-05 02:15:55.193  3619  3619 W PackageManager: No disk maintenance in 1504577755193; running immediately
09-05 02:15:55.193  3619  3619 I SystemServer: StartLockSettingsService
09-05 02:15:55.193  3619  4059 I MountService: Running fstrim idle maintenance
09-05 02:15:55.193  3619  3619 I SystemServiceManager: Starting com.android.server.LockSettingsService$Lifecycle
09-05 02:15:55.194  3619  4059 D VoldConnector: SND -> {3 fstrim dotrim}
09-05 02:15:55.195  3619  4060 D VoldConnector: RCV <- {200 3 Command succeeded}
09-05 02:15:55.195  3067  4696 D vold    : Starting trim of /cache
09-05 02:15:55.207  3619  3619 I SystemServiceManager: Starting com.android.server.DeviceIdleController
09-05 02:15:55.210  3619  3619 I SystemServiceManager: Starting com.android.server.devicepolicy.DevicePolicyManagerService$Lifecycle
09-05 02:15:55.215  3619  3619 I SystemServer: StartStatusBarManagerService
09-05 02:15:55.216  3619  3619 I SystemServer: StartClipboardService
09-05 02:15:55.218  3619  3619 I SystemServer: StartNetworkManagementService
09-05 02:15:55.220  3619  4697 I NetworkManagement: onDaemonConnected()
09-05 02:15:55.222  3619  3619 I SystemServiceManager: Starting com.android.server.TextServicesManagerService$Lifecycle
09-05 02:15:55.227  3619  3619 I SystemServer: StartNetworkScoreService
09-05 02:15:55.229  3619  3619 I SystemServer: StartNetworkStatsService
09-05 02:15:55.233  3619  3619 I SystemServer: StartNetworkPolicyManagerService
09-05 02:15:55.234  3067  4696 I vold    : Trimmed 507351040 bytes on /cache in 38ms
09-05 02:15:55.234  3067  4696 D vold    : Starting trim of /data
09-05 02:15:55.234  3619  4060 D VoldConnector: RCV <- {662 /cache 507351040 38654692}
09-05 02:15:55.236  3619  3619 I SystemServer: No Wi-Fi NAN Service (NAN support Not Present)
09-05 02:15:55.237  3619  3619 I SystemServiceManager: Starting com.android.server.wifi.p2p.WifiP2pService
09-05 02:15:55.271  3619  3619 I WifiP2pService: Registering wifip2p
09-05 02:15:55.272  3619  3619 I SystemServiceManager: Starting com.android.server.wifi.WifiService
09-05 02:15:55.324  3619  3619 D WifiStateMachine: fst disabled
09-05 02:15:55.332  3619  3619 D HS20    : Passpoint is enabled, false
09-05 02:15:55.360  3365  3592 D CommandListener: Clearing all IP addresses on wlan0
09-05 02:15:55.561  3619  3619 E WifiLogger: no ring buffers found
09-05 02:15:55.561  3619  3619 E WifiLogger: Failed to start packet fate monitoring
09-05 02:15:55.562  3619  4703 D WifiApConfigStore: 2G band allowed channels are:1,6,11
09-05 02:15:55.566  3619  4703 E WifiApConfigStore: Error reading hotspot configuration java.io.FileNotFoundException: /data/misc/wifi/softap.conf (No such file or directory)
09-05 02:15:55.566  3619  4703 D WifiApConfigStore: Fallback to use default AP configuration
09-05 02:15:55.568  3619  3619 D WifiController: isAirplaneModeOn = false, isWifiEnabled = true, isScanningAvailable = false
09-05 02:15:55.574  3619  3619 E WifiService: ensureConcurrencyFile template file doesnt existjava.io.FileNotFoundException: /etc/wifi/wifi_concurrency_cfg.txt (No such file or directory)
09-05 02:15:55.574  3619  3619 I WifiService: Registering wifi
09-05 02:15:55.575  3619  3619 I SystemServiceManager: Starting com.android.server.wifi.scanner.WifiScanningService
09-05 02:15:55.575  3619  3619 I WifiScanningService: Creating wifiscanner
09-05 02:15:55.577  3619  3619 I WifiScanningService: Publishing wifiscanner
09-05 02:15:55.578  3619  3619 I SystemServiceManager: Starting com.android.server.wifi.RttService
09-05 02:15:55.579  3619  3619 I RttService: Creating rttmanager
09-05 02:15:55.579  3619  3619 I RttService: Starting rttmanager
09-05 02:15:55.580  3619  3619 I SystemServiceManager: Starting com.android.server.ethernet.EthernetService
09-05 02:15:55.580  3619  3619 I EthernetServiceImpl: Creating EthernetConfigStore
09-05 02:15:55.581  3619  3619 E IpConfigStore: Error parsing configuration: java.io.FileNotFoundException: /data/misc/ethernet/ipconfig.txt (No such file or directory)
09-05 02:15:55.581  3619  3619 W EthernetConfigStore: No Ethernet configuration found. Using default.
09-05 02:15:55.581  3619  3619 I EthernetServiceImpl: Read stored IP configuration: IP assignment: DHCP
09-05 02:15:55.581  3619  3619 I EthernetServiceImpl: Proxy settings: NONE
09-05 02:15:55.581  3619  3619 I EthernetService: Registering service ethernet
09-05 02:15:55.583  3619  3619 I SystemServer: StartConnectivityService
09-05 02:15:55.595  3619  3619 D ConnectivityService: ConnectivityService starting up
09-05 02:15:55.600  3619  3619 D ConnectivityService: wifiOnly=false
09-05 02:15:55.618  3619  3619 I SystemServer: StartNsdService
09-05 02:15:55.621  3619  3619 I SystemServer: StartUpdateLockService
09-05 02:15:55.622  3619  3619 I SystemServiceManager: Starting com.android.server.RecoverySystemService
09-05 02:15:55.623  3619  3619 I SystemServiceManager: Starting com.android.server.notification.NotificationManagerService
09-05 02:15:55.636  3619  3619 D ConditionProviders.SCP: new ScheduleConditionProvider()
09-05 02:15:55.665  3619  3619 D ZenLog  : set_zen_mode: off,init
09-05 02:15:55.679  3619  3619 I SystemServiceManager: Starting com.android.server.storage.DeviceStorageMonitorService
09-05 02:15:55.681  3619  3619 I SystemServer: StartLocationManagerService
09-05 02:15:55.683  3619  3619 I SystemServer: StartCountryDetectorService
09-05 02:15:55.684  3619  3619 I SystemServer: StartSearchManagerService
09-05 02:15:55.684  3619  3619 I SystemServiceManager: Starting com.android.server.search.SearchManagerService$Lifecycle
09-05 02:15:55.687  3619  3619 I SystemServiceManager: Starting com.android.server.DropBoxManagerService
09-05 02:15:55.688  3619  3619 I SystemServer: StartWallpaperManagerService
09-05 02:15:55.688  3619  3619 I SystemServiceManager: Starting com.android.server.wallpaper.WallpaperManagerService$Lifecycle
09-05 02:15:55.691  3619  3619 E BitmapFactory: Unable to decode stream: java.io.FileNotFoundException: /data/system/users/0/wallpaper_orig (No such file or directory)
09-05 02:15:55.691  3619  3619 E WallpaperManagerService: Invalid wallpaper data
09-05 02:15:55.691  3619  3619 E WallpaperManagerService: Unable to apply new wallpaper
09-05 02:15:55.691  3619  3619 W WallpaperManagerService: no current wallpaper -- first boot?
09-05 02:15:55.692  3619  3619 I SystemServer: StartAudioService
09-05 02:15:55.692  3619  3619 I SystemServiceManager: Starting com.android.server.audio.AudioService$Lifecycle
09-05 02:15:55.696  3363  3461 D PermissionCache: checking android.permission.MODIFY_AUDIO_SETTINGS for uid=1000 => granted (568 us)
09-05 02:15:55.698  3619  3619 W TelecomManager: Telecom Service not found.
09-05 02:15:55.739  3619  3619 I SystemServiceManager: Starting com.android.server.DockObserver
09-05 02:15:55.740  3619  3619 I SystemServer: StartWiredAccessoryManager
09-05 02:15:55.741  3619  3619 W WiredAccessoryManager: This kernel does not have usb audio support
09-05 02:15:55.742  3619  3619 I SystemServiceManager: Starting com.android.server.usb.UsbService$Lifecycle
09-05 02:15:55.746  3619  3619 E UsbDeviceManager: failed to write to /sys/class/android_usb/android0/f_rndis/ethaddr
09-05 02:15:55.766  3619  3619 I UsbDeviceManager: Setting USB config to adb
09-05 02:15:55.763     1     1 I init    : type=1400 audit(0.0:166): avc: denied { write } for name="UDC" dev="configfs" ino=31190 scontext=u:r:init:s0 tcontext=u:object_r:configfs:s0 tclass=file permissive=1
09-05 02:15:56.820  3619  3619 E UsbDeviceManager: waitForState(adb) FAILED: got none
09-05 02:15:56.820  3619  3619 E UsbDeviceManager: Failed to switch USB config to adb
09-05 02:15:56.820  3619  3619 E UsbDeviceManager: Failsafe 1: Restoring previous USB functions.
09-05 02:15:56.820  3619  3619 I UsbDeviceManager: Setting USB config to mtp,adb
09-05 02:15:56.877  3619  3619 I SystemServer: StartSerialService
09-05 02:15:56.878  3619  3619 E HardwarePropertiesManagerService-JNI: Couldn't load thermal module (No such file or directory)
09-05 02:15:56.879  3619  3619 I SystemServiceManager: Starting com.android.server.twilight.TwilightService
09-05 02:15:56.879  3619  3619 I SystemServiceManager: Starting com.android.server.job.JobSchedulerService
09-05 02:15:56.885  3619  3619 I SystemServiceManager: Starting com.android.server.soundtrigger.SoundTriggerService
09-05 02:15:56.886  3619  3619 I SystemServiceManager: Starting com.android.server.backup.BackupManagerService$Lifecycle
09-05 02:15:56.888  3619  3619 I SystemServiceManager: Starting com.android.server.appwidget.AppWidgetService
09-05 02:15:56.893  3619  3619 I SystemServiceManager: Starting com.android.server.voiceinteraction.VoiceInteractionManagerService
09-05 02:15:56.896  3619  3619 I SystemServer: Gesture Launcher Service
09-05 02:15:56.896  3619  3619 I SystemServiceManager: Starting com.android.server.GestureLauncherService
09-05 02:15:56.896  3619  3619 I SystemServiceManager: Starting com.android.server.SensorNotificationService
09-05 02:15:56.896  3619  3619 I SystemServiceManager: Starting com.android.server.ContextHubSystemService
09-05 02:15:56.897  3619  3619 E ContextHubService: ** Could not load context_hub module : err No such file or directory
09-05 02:15:56.897  3619  3619 W ContextHubService: No Context Hub Module present
09-05 02:15:56.897  3619  3619 I SystemServer: StartDiskStatsService
09-05 02:15:56.899  3619  3619 I SystemServer: StartSamplingProfilerService
09-05 02:15:56.924  3619  3619 I SystemServer: StartNetworkTimeUpdateService
09-05 02:15:56.925  3619  3619 I SystemServer: StartCommonTimeManagementService
09-05 02:15:56.926  3619  3619 I SystemServer: CertBlacklister
09-05 02:15:56.927  3619  3619 I SystemServiceManager: Starting com.android.server.emergency.EmergencyAffordanceService
09-05 02:15:56.928  3619  3619 I SystemServiceManager: Starting com.android.server.dreams.DreamManagerService
09-05 02:15:56.929  3619  3619 I SystemServer: StartAssetAtlasService
09-05 02:15:56.935  3619  4727 D AssetAtlas: Computing best atlas configuration...
09-05 02:15:56.937  3619  4728 D AssetAtlas: Running Atlas Worker #1
09-05 02:15:56.937  3619  4729 D AssetAtlas: Running Atlas Worker #2
09-05 02:15:56.937  3619  4730 D AssetAtlas: Running Atlas Worker #3
09-05 02:15:56.938  3619  3619 I SystemServiceManager: Starting com.android.server.print.PrintManagerService
09-05 02:15:56.938  3619  4731 D AssetAtlas: Running Atlas Worker #4
09-05 02:15:56.939  3619  4733 D AssetAtlas: Running Atlas Worker #6
09-05 02:15:56.941  3619  4735 D AssetAtlas: Running Atlas Worker #8
09-05 02:15:56.941  3619  4734 D AssetAtlas: Running Atlas Worker #7
09-05 02:15:56.941  3619  3619 I SystemServiceManager: Starting com.android.server.restrictions.RestrictionsManagerService
09-05 02:15:56.941  3619  4732 D AssetAtlas: Running Atlas Worker #5
09-05 02:15:56.945  3619  3619 I SystemServiceManager: Starting com.android.server.media.MediaSessionService
09-05 02:15:56.947  3619  3619 I SystemServer: StartMediaRouterService
09-05 02:15:56.949  3619  3619 I SystemServiceManager: Starting com.android.server.trust.TrustManagerService
09-05 02:15:56.950  3619  3619 I SystemServiceManager: Starting com.android.server.fingerprint.FingerprintService
09-05 02:15:56.955  3177  3177 D PermissionCache: checking android.permission.MANAGE_FINGERPRINT for uid=1000 => granted (1223 us)
09-05 02:15:56.955  3177  3177 V fingerprintd: nativeOpenHal()
09-05 02:15:56.976  3177  3177 D bauth_service: BAuthService, 155
09-05 02:15:56.976  3177  3177 D bauth_service: BAuthService, 54
09-05 02:15:56.976  3177  3177 D bauth_service: BAuthService, 85
09-05 02:15:56.976  3177  3177 D bauth_service: BAuthService, 197
