09-16 08:57:01.562  5456  5456 I bootstat: Service started: /system/bin/bootstat -l 
09-16 08:57:01.563  5456  5456 I bootstat: Logging histogram: bootstat_mtime_matches_content 1
09-16 08:57:01.563  5456  5456 I bootstat: Logging histogram: bootstat_mtime_matches_content 1
09-16 08:57:01.563  5456  5456 I bootstat: Logging histogram: bootstat_mtime_matches_content 1
09-16 08:57:01.564  5456  5456 I bootstat: Logging histogram: bootstat_mtime_matches_content 1
09-16 08:57:01.564  5456  5456 I bootstat: Logging histogram: bootstat_mtime_matches_content 1
09-16 08:57:01.564  5456  5456 I bootstat: Logging histogram: bootstat_mtime_matches_content 1
09-16 08:57:01.564  5456  5456 I bootstat: Logging histogram: bootstat_mtime_matches_content 1
09-16 08:57:01.564  5456  5456 I bootstat: Logging histogram: last_boot_time_utc 1505563021
09-16 08:57:01.564  5456  5456 I bootstat: Logging histogram: build_date 1505530488
09-16 08:57:01.564  5456  5456 I bootstat: Logging histogram: ota_boot_complete_no_encryption 46
09-16 08:57:01.564  5456  5456 I bootstat: Logging histogram: ota_boot_complete 46
09-16 08:57:01.564  5456  5456 I bootstat: Logging histogram: boot_reason 1
09-16 08:57:01.564  5456  5456 I bootstat: Logging histogram: factory_reset_current_time 1505563021
09-16 08:57:01.564  5456  5456 I bootstat: Logging histogram: factory_reset 1505563021
09-16 08:57:02.612  3699  3808 V PackageManager: reconcileAppsData finished 93 packages
09-16 08:57:02.656  3699  3801 D BluetoothManagerService: User 0 unlocked
09-16 08:57:02.656  3699  3807 D BluetoothManagerService: MESSAGE_USER_UNLOCKED
09-16 08:57:02.677  3699  3801 D MountService: onUnlockUser 0
09-16 08:57:02.678  3699  3801 D VoldConnector: SND -> {35 volume user_started 0}
09-16 08:57:02.681  3077  3145 D vold    : Linking /storage/emulated/0 to /mnt/user/0/primary
09-16 08:57:02.682  3699  4162 D VoldConnector: RCV <- {200 35 Command succeeded}
09-16 08:57:02.689  5437  5437 W System  : ClassLoader referenced unknown path: /system/priv-app/ExtServices/lib/arm64
09-16 08:57:02.691  3699  4161 D MountService: Volume emulated broadcasting mounted to UserHandle{0}
09-16 08:57:02.696  3699  3699 I InputMethodManagerService: All the enabled IMEs are gone. Reset default enabled IMEs.
09-16 08:57:02.709  5058  5058 I Telephony: PstnIncomingCallNotifier: Unregistering: Handler (com.android.internal.telephony.GsmCdmaPhone) {b86ae20}
09-16 08:57:02.723  3699  3801 V BackupManagerService: No ancestral data
09-16 08:57:02.771  3699  3801 V BackupManagerService: Starting with transport com.google.android.gms/.backup.BackupTransportService
09-16 08:57:02.771  3699  3801 V BackupManagerService: Found transports: 1
09-16 08:57:02.774  3699  3801 I BackupManagerService: Backup enable apparently not migrated
09-16 08:57:02.774  3699  3801 I BackupManagerService: Migrating enable state false
09-16 08:57:02.775  3699  3801 I BackupManagerService: Backup enabled => false
09-16 08:57:02.786  3699  5457 V KeyValueBackupJob: Scheduling k/v pass in 246 minutes
09-16 08:57:02.792  3699  5038 I Telecom : PhoneAccountRegistrar: [ComponentInfo{com.android.phone/com.android.services.telephony.TelephonyConnectionService}, [2628372b20c6b31a61c46f7f5a9328dbf0edaed6], UserHandle{0}(icon: Icon(typ=BITMAP size=67x84) -> Icon(typ=BITMAP size=67x84))]: TSI.rPA@AB4
09-16 08:57:02.801  3699  5038 I Telecom : : Sending phone-account registered intent as user: TSI.rPA@AB4
09-16 08:57:02.801  3699  3801 W AppWidgetServiceImpl: Failed to read state: java.io.FileNotFoundException: /data/system/users/0/appwidgets.xml (No such file or directory)
09-16 08:57:02.801  3699  3801 V AppWidgetServiceImpl: Upgrading widget database from 0 to 1
09-16 08:57:02.802  3699  3801 W VoiceInteractionManagerService: no available voice interaction services found for user 0
09-16 08:57:02.803  3699  3801 W VoiceInteractionManagerService: no available voice recognition services found for user 0
09-16 08:57:02.803  3699  3801 I BrokerableCMSystemService: Connecting to implementation
09-16 08:57:02.804  3699  3801 W ContextImpl: Calling a method in the system process without a qualified user: android.app.ContextImpl.bindService:1421 org.cyanogenmod.platform.internal.BrokerableCMSystemService.tryConnecting:199 org.cyanogenmod.platform.internal.WeatherManagerServiceBroker.onUnlockUser:97 com.android.server.SystemServiceManager.unlockUser:179 com.android.server.am.ActivityManagerService$MainHandler.handleMessage:2067 
09-16 08:57:02.804  5058  5058 I Telephony: AccountEntry: Registered phoneAccount: [[ ] PhoneAccount: ComponentInfo{com.android.phone/com.android.services.telephony.TelephonyConnectionService}, [2628372b20c6b31a61c46f7f5a9328dbf0edaed6], UserHandle{0} Capabilities: CallProvider MultiUser PlaceEmerg SimSub  Audio Routes: BESW Schemes: tel voicemail  Extras: null GroupId: [da39a3ee5e6b4b0d3255bfef95601890afd80709]] with handle: ComponentInfo{com.android.phone/com.android.services.telephony.TelephonyConnectionService}, [2628372b20c6b31a61c46f7f5a9328dbf0edaed6], UserHandle{0}
09-16 08:57:02.804  5058  5058 I Telephony: PstnIncomingCallNotifier: Registering: Handler (com.android.internal.telephony.GsmCdmaPhone) {b86ae20}
09-16 08:57:02.817  3699  3801 I ActivityManager: Start proc 5460:org.cyanogenmod.weatherservice/u0a31 for service org.cyanogenmod.weatherservice/.WeatherManagerService
09-16 08:57:02.817  3699  3801 I ActivityManager: Loading recents for user 0 into memory.
09-16 08:57:02.871  3699  3801 I ActivityManager: Start proc 5474:org.cyanogenmod.audiofx/u0a3 for added application org.cyanogenmod.audiofx
09-16 08:57:02.873  3699  5459 I chatty  : uid=1000 system_server expire 5 lines
09-16 08:57:02.875  3699  5459 W ResourceType: No known package when getting value for resource number 0x7f0c0955
09-16 08:57:02.880  3699  5459 W ResourceType: No known package when getting value for resource number 0x7f020078
09-16 08:57:02.880  3699  5459 W ResourceType: No known package when getting value for resource number 0x7f0d006d
09-16 08:57:02.880  3699  5459 W ResourceType: No known package when getting value for resource number 0x7f0d006d
09-16 08:57:02.886  3699  3801 I ActivityManager: Start proc 5487:com.android.nfc/1027 for added application com.android.nfc
09-16 08:57:02.898  3699  3801 V ActivityManager: Installing ContentProviderInfo{name=com.android.deskclock.worldclock.db className=com.android.deskclock.worldclock.db.DbCityProvider}
09-16 08:57:02.902  3699  3801 I PreBootBroadcaster: Pre-boot of {com.android.managedprovisioning/com.android.managedprovisioning.PreBootListener} for user 0
09-16 08:57:02.907  3699  5459 W ResourceType: No known package when getting value for resource number 0x7f020022
09-16 08:57:02.907  3699  5459 W ResourceType: No known package when getting value for resource number 0x7f0b01f7
09-16 08:57:02.925  3699  3800 I ActivityManager: Start proc 5502:com.android.printspooler/u0a56 for service com.android.printspooler/.model.PrintSpoolerService
09-16 08:57:02.952  5058  5058 D CallNotifier: updatePhoneStateListeners: update CF notifications.
09-16 08:57:02.962  5058  5058 D CarrierConfigLoader: mHandler: 7 phoneId: 0
09-16 08:57:02.966  5103  5103 D FallbackHome: User unlocked and real home found; let's go!
09-16 08:57:02.977  5058  5058 E CarrierConfigLoader: java.io.FileNotFoundException: /data/user_de/0/com.android.phone/files/carrierconfig-com.android.carrierconfig-89543420816751226808-72234.xml (No such file or directory)
09-16 08:57:02.977  5058  5058 D CarrierConfigLoader: Binding to com.android.carrierconfig for phone 0
09-16 08:57:03.005  5474  5474 W System  : ClassLoader referenced unknown path: /system/priv-app/AudioFX/lib/arm64
09-16 08:57:03.018  5460  5460 W System  : ClassLoader referenced unknown path: /system/priv-app/WeatherManagerService/lib/arm64
09-16 08:57:03.030  3699  3798 I ActivityManager: Start proc 5517:com.android.carrierconfig/u0a4 for service com.android.carrierconfig/.DefaultCarrierConfigService
09-16 08:57:03.046  3699  3799 I ActivityManager: START u0 {act=android.intent.action.MAIN cat=[android.intent.category.HOME] flg=0x10000100 cmp=com.cyanogenmod.setupwizard/.SetupWizardActivity} from uid 0 on display 0
09-16 08:57:03.084  3699  3799 I ActivityManager: Start proc 5539:com.cyanogenmod.setupwizard/1000 for activity com.cyanogenmod.setupwizard/.SetupWizardActivity
09-16 08:57:03.119  5058  5058 D CarrierSvcBindHelper: mHandler: 0
09-16 08:57:03.119  5058  5058 D CarrierSvcBindHelper: Rebinding if necessary for phoneId: 0
09-16 08:57:03.125  5058  5058 D CarrierSvcBindHelper: No carrier app for: 0
09-16 08:57:03.142  5517  5517 W System  : ClassLoader referenced unknown path: /system/priv-app/CarrierConfig/lib/arm64
09-16 08:57:03.148  3699  5553 I ActivityManager: Config changes=20 {1.0 722mcc34mnc [en_US] ldltr sw411dp w411dp h773dp 560dpi nrml long port finger -keyb/v/h -nav/h s.7}
09-16 08:57:03.174  3699  5553 W ActivityManager: Slow operation: 53ms so far, now at attachApplicationLocked: after mServices.attachApplicationLocked
09-16 08:57:03.200  5487  5487 I chatty  : uid=1027(nfc) com.android.nfc expire 31 lines
09-16 08:57:03.217  5539  5539 W System  : ClassLoader referenced unknown path: /system/priv-app/LineageSetupWizard/lib/arm64
09-16 08:57:03.220  5103  5103 D SimSelectNotification:  no of slots 1 provision = false
09-16 08:57:03.280  3699  3699 I AccountManagerService: User 0 is unlocked - opening CE database
09-16 08:57:03.289  3699  4827 I ActivityManager: Start proc 5562:com.android.keychain/1000 for service com.android.keychain/.KeyChainService
09-16 08:57:03.322  3699  3699 I AccountManagerService: Creating CE database /data/system_ce/0/accounts_ce.db
09-16 08:57:03.329  5517  5517 D DefaultCarrierConfigService: Service created
09-16 08:57:03.405  5562  5562 W System  : ClassLoader referenced unknown path: /system/app/KeyChain/lib/arm64
09-16 08:57:03.406  3699  3699 V BackupManagerService: Connected to transport ComponentInfo{android/com.android.internal.backup.LocalTransportService}
09-16 08:57:03.406  3699  3699 V BackupManagerService: Registering transport android/com.android.internal.backup.LocalTransportService::android/com.android.internal.backup.LocalTransport = android.app.backup.BackupTransport$TransportImpl@59faae6
09-16 08:57:03.422  3699  4811 D WIFI    : Registering NetworkFactory
09-16 08:57:03.423  3699  4819 D ConnectivityService: Got NetworkFactory Messenger for WIFI
09-16 08:57:03.423  3699  4811 D WIFI_UT : Registering NetworkFactory
09-16 08:57:03.424  3699  4819 D ConnectivityService: Got NetworkFactory Messenger for WIFI_UT
09-16 08:57:03.427  5381  5381 I AlarmClock: AlarmInitReceiver android.intent.action.LOCKED_BOOT_COMPLETED
09-16 08:57:03.428  3699  3699 I BrokerableCMSystemService: Implementation service connected
09-16 08:57:03.429  3699  4811 D WIFI    : got request NetworkRequest [ REQUEST id=1, [ Capabilities: INTERNET&NOT_RESTRICTED&TRUSTED&NOT_VPN] ] with score 0
09-16 08:57:03.429  3699  4811 I WifiConnectivityManager: Set WiFiConnectivityManager enabled
09-16 08:57:03.447  3699  5536 I ActivityManager: START u0 {act=com.android.wizard.LOAD flg=0x10000001 cmp=com.cyanogenmod.setupwizard/.wizardmanager.WizardManager (has extras)} from uid 1000 on display 0
09-16 08:57:03.460  3699  4811 D WIFI_UT : got request NetworkRequest [ REQUEST id=1, [ Capabilities: INTERNET&NOT_RESTRICTED&TRUSTED&NOT_VPN] ] with score 0
09-16 08:57:03.482  4917  4921 I art     : Compiler allocated 6MB to compile void android.view.ViewRootImpl.performTraversals()
09-16 08:57:03.515  5058  5058 D CallNotifier: updatePhoneStateListeners: update CF notifications.
09-16 08:57:03.516  5058  5058 I Telephony: PstnIncomingCallNotifier: Unregistering: Handler (com.android.internal.telephony.GsmCdmaPhone) {b86ae20}
09-16 08:57:03.560  3699  3798 I WindowManager: Screen frozen for +432ms due to Window{e4b1fa5 u0 com.android.settings/com.android.settings.FallbackHome}
09-16 08:57:03.592  5487  5492 I chatty  : uid=1027(nfc) Jit thread pool expire 3 lines
09-16 08:57:03.668  3699  5557 I ActivityManager: Start proc 5585:android.process.media/u0a9 for broadcast com.android.providers.downloads/.DownloadReceiver
09-16 08:57:03.687  3086  3086 W auditd  : type=1325 audit(0.0:159): table=filter family=2 entries=98
09-16 08:57:03.687  3086  3086 W auditd  : type=1320 audit(0.0:159): 
09-16 08:57:03.687  4917  4917 D PhoneStatusBar: disable: < expand icons ALERTS* system_info back home recent clock SEARCH* quick_settings >
09-16 08:57:03.691  3699  5558 I Telecom : PhoneAccountRegistrar: [ComponentInfo{com.android.phone/com.android.services.telephony.TelephonyConnectionService}, [2628372b20c6b31a61c46f7f5a9328dbf0edaed6], UserHandle{0}(icon: Icon(typ=BITMAP size=67x84) -> Icon(typ=BITMAP size=67x84))]: TSI.rPA@ACI
09-16 08:57:03.692  3699  5038 I ActivityManager: START u0 {act=com.cyanogenmod.setupwizard.LINEAGE_WELCOME flg=0x4000000 cmp=com.cyanogenmod.setupwizard/.WelcomeActivity (has extras)} from uid 1000 on display 0
09-16 08:57:03.701  3699  5558 I Telecom : : Sending phone-account registered intent as user: TSI.rPA@ACI
09-16 08:57:03.711  3086  3086 W auditd  : type=1325 audit(0.0:160): table=filter family=10 entries=109
09-16 08:57:03.711  3086  3086 W auditd  : type=1320 audit(0.0:160): 
09-16 08:57:03.718  4917  4917 D PhoneStatusBar: heads up is disabled
09-16 08:57:03.720  4917  4917 D PhoneStatusBar: dismissing any existing heads up notification on disable event
09-16 08:57:03.725  5058  5058 I Telephony: AccountEntry: Registered phoneAccount: [[ ] PhoneAccount: ComponentInfo{com.android.phone/com.android.services.telephony.TelephonyConnectionService}, [2628372b20c6b31a61c46f7f5a9328dbf0edaed6], UserHandle{0} Capabilities: CallProvider MultiUser PlaceEmerg SimSub  Audio Routes: BESW Schemes: tel voicemail  Extras: null GroupId: [da39a3ee5e6b4b0d3255bfef95601890afd80709]] with handle: ComponentInfo{com.android.phone/com.android.services.telephony.TelephonyConnectionService}, [2628372b20c6b31a61c46f7f5a9328dbf0edaed6], UserHandle{0}
09-16 08:57:03.726  5058  5058 I Telephony: PstnIncomingCallNotifier: Registering: Handler (com.android.internal.telephony.GsmCdmaPhone) {b86ae20}
09-16 08:57:03.776  5585  5585 I chatty  : uid=10009(com.android.providers.media) android.process.media expire 9 lines
09-16 08:57:03.795  5487  5602 I chatty  : uid=1027(nfc) AsyncTask #1 expire 54 lines
09-16 08:57:03.809  5487  5604 I chatty  : uid=1027(nfc) AsyncTask #1 expire 2 lines
09-16 08:57:03.816  5487  5605 I chatty  : uid=1027(nfc) com.android.nfc expire 2 lines
09-16 08:57:03.817  5487  5606 I chatty  : uid=1027(nfc) AsyncTask #1 expire 185 lines
09-16 08:57:03.845  5058  5058 I Telephony: PstnIncomingCallNotifier: Unregistering: Handler (com.android.internal.telephony.GsmCdmaPhone) {b86ae20}
09-16 08:57:03.873  5539  5544 I art     : Do partial code cache collection, code=28KB, data=22KB
09-16 08:57:03.873  5539  5544 I art     : After code cache collection, code=27KB, data=22KB
09-16 08:57:03.873  5539  5544 I art     : Increasing code cache capacity to 128KB
09-16 08:57:03.894  5539  5539 W ContextImpl: Calling a method in the system process without a qualified user: android.app.ContextImpl.bindService:1421 android.content.ContextWrapper.bindService:636 android.speech.tts.TextToSpeech.connectToEngine:810 android.speech.tts.TextToSpeech.initTts:780 android.speech.tts.TextToSpeech.<init>:733 
09-16 08:57:03.899  3699  5537 I Telecom : PhoneAccountRegistrar: [ComponentInfo{com.android.phone/com.android.services.telephony.TelephonyConnectionService}, [2628372b20c6b31a61c46f7f5a9328dbf0edaed6], UserHandle{0}(icon: Icon(typ=BITMAP size=67x84) -> Icon(typ=BITMAP size=67x84))]: TSI.rPA@ACU
09-16 08:57:03.918  3699  5557 I ActivityManager: Start proc 5608:com.svox.pico/u0a53 for service com.svox.pico/.PicoService
09-16 08:57:03.922  5539  5539 I TextToSpeech: Sucessfully bound to com.svox.pico
09-16 08:57:03.926  3699  5537 I Telecom : : Sending phone-account registered intent as user: TSI.rPA@ACU
09-16 08:57:03.928  5058  5058 I Telephony: AccountEntry: Registered phoneAccount: [[ ] PhoneAccount: ComponentInfo{com.android.phone/com.android.services.telephony.TelephonyConnectionService}, [2628372b20c6b31a61c46f7f5a9328dbf0edaed6], UserHandle{0} Capabilities: CallProvider MultiUser PlaceEmerg SimSub  Audio Routes: BESW Schemes: tel voicemail  Extras: null GroupId: [da39a3ee5e6b4b0d3255bfef95601890afd80709]] with handle: ComponentInfo{com.android.phone/com.android.services.telephony.TelephonyConnectionService}, [2628372b20c6b31a61c46f7f5a9328dbf0edaed6], UserHandle{0}
09-16 08:57:03.928  5058  5058 I Telephony: PstnIncomingCallNotifier: Registering: Handler (com.android.internal.telephony.GsmCdmaPhone) {b86ae20}
09-16 08:57:03.942  5539  5539 E MediaPlayer-JNI: JNIMediaPlayerFactory: bIsQCMediaPlayerPresent 0
09-16 08:57:03.942  5539  5539 E MediaPlayer-JNI: JNIMediaPlayerFactory: bIsQCMediaPlayerPresent 0
09-16 08:57:03.960  5539  5539 W MediaPlayer: Couldn't open content://settings/system/notification_sound_cache: java.io.FileNotFoundException: No such file or directory
09-16 08:57:03.960  5539  5539 W MediaPlayer: Couldn't open null: java.lang.NullPointerException: uri
09-16 08:57:03.970  3283  4998 E MediaPlayerService: Couldn't open fd for content://settings/system/notification_sound
09-16 08:57:03.970  5539  5539 E MediaPlayer: Unable to create media player
09-16 08:57:03.972  5539  5539 D Ringtone: Problem opening; delegating to remote player
09-16 08:57:03.974  5539  5539 E MediaPlayer-JNI: JNIMediaPlayerFactory: bIsQCMediaPlayerPresent 0
09-16 08:57:03.974  5539  5539 E MediaPlayer-JNI: JNIMediaPlayerFactory: bIsQCMediaPlayerPresent 0
09-16 08:57:03.981  5539  5539 W MediaPlayer: Couldn't open content://settings/system/notification_sound_cache: java.io.FileNotFoundException: No such file or directory
09-16 08:57:03.982  5539  5539 W MediaPlayer: Couldn't open null: java.lang.NullPointerException: uri
09-16 08:57:03.995  3283  4997 E MediaPlayerService: Couldn't open fd for content://settings/system/notification_sound
09-16 08:57:03.995  5487  5624 I chatty  : uid=1027(nfc) AsyncTask #1 expire 19 lines
09-16 08:57:03.995  5539  5539 E MediaPlayer: Unable to create media player
09-16 08:57:03.995  5487  5625 I chatty  : uid=1027(nfc) AsyncTask #1 expire 363 lines
09-16 08:57:03.997  5539  5539 D Ringtone: Problem opening; delegating to remote player
09-16 08:57:04.030  5058  5058 D CallNotifier: updatePhoneStateListeners: update CF notifications.
09-16 08:57:04.034  5608  5608 V SynthProxy: About to load libttspico.so, applyFilter=true
09-16 08:57:04.058  5058  5058 I NotificationMgr: updateMwi(): subId 1 update to false
09-16 08:57:04.072  5608  5613 I art     : Do partial code cache collection, code=29KB, data=19KB
09-16 08:57:04.072  5608  5613 I art     : After code cache collection, code=26KB, data=18KB
09-16 08:57:04.072  5608  5613 I art     : Increasing code cache capacity to 128KB
09-16 08:57:04.097  5058  5058 D CarrierSvcBindHelper: Received android.intent.action.USER_UNLOCKED
09-16 08:57:04.112  5058  5058 D CarrierSvcBindHelper: No carrier app for: 0
09-16 08:57:04.113  5608  5608 I SVOX Pico Engine: loaded en-US successfully
09-16 08:57:04.123  3699  5038 I ActivityManager: Start proc 5644:com.android.smspush/u0a59 for service com.android.smspush/.WapPushManager
09-16 08:57:04.124  5539  5626 I OpenGLRenderer: Initialized EGL, version 1.4
09-16 08:57:04.124  5539  5626 D OpenGLRenderer: Swap behavior 1
09-16 08:57:04.129  3699  3699 D WifiService: resetting networks because SIM was loaded
09-16 08:57:04.132  3699  4811 D WifiStateMachine: resetting EAP-SIM/AKA/AKA' networks since SIM was changed
09-16 08:57:04.133  5058  5058 D CarrierConfigLoader: Connected to config app: com.android.carrierconfig/com.android.carrierconfig.DefaultCarrierConfigService
09-16 08:57:04.135  5539  5626 D mali_winsys: EGLint new_window_surface(egl_winsys_display*, void*, EGLSurface, EGLConfig, egl_winsys_surface**, egl_color_buffer_format*, EGLBoolean) returns 0x3000,  [1440x2960]-format:1
09-16 08:57:04.145  5103  5103 W IInputConnectionWrapper: reportFullscreenMode on inexistent InputConnection
09-16 08:57:04.174  3270  3270 D gpsd    : WakeLock(Acquire,GPSD)
09-16 08:57:04.174  3270  3270 D gpsd    : WakeLock(Release,GPSD)
09-16 08:57:04.174  3270  3270 D gpsd    : WakeLock(Acquire,GPSD)
09-16 08:57:04.175  3270  3270 D gpsd    : WakeLock(Release,GPSD)
09-16 08:57:04.178  3699  3800 D GnssLocationProvider: GPS configuration:
09-16 08:57:04.178  3699  3800 D GnssLocationProvider:  #Sat Sep 16 08:57:04 GMT-03:00 2017
09-16 08:57:04.178  3699  3800 D GnssLocationProvider: SUPL_VER=0x20000
09-16 08:57:04.178  3699  3800 D GnssLocationProvider: SUPL_PORT=7275
09-16 08:57:04.178  3699  3800 D GnssLocationProvider: XTRA_SERVER_2=http\://gllto2.glpals.com/4day/v4/latest/lto2.dat
09-16 08:57:04.178  3699  3800 D GnssLocationProvider: XTRA_SERVER_1=http\://gllto1.glpals.com/4day/v4/latest/lto2.dat
09-16 08:57:04.178  3699  3800 D GnssLocationProvider: SUPL_HOST=supl.google.com
09-16 08:57:04.178  3699  3800 D GnssLocationProvider: SUPL_MODE=1
09-16 08:57:04.178  3699  3800 D GnssLocationProvider: NTP_SERVER=north-america.pool.ntp.org
09-16 08:57:04.178  3270  3270 D gpsd    : WakeLock(Acquire,GPSD)
09-16 08:57:04.178  3270  3270 D gpsd    : WakeLock(Release,GPSD)
09-16 08:57:04.199  5626  5626 I RenderThread: type=1400 audit(0.0:161): avc: denied { read write } for name="fimg2d" dev="tmpfs" ino=20660 scontext=u:r:system_app:s0 tcontext=u:object_r:fimg2d_video_device:s0 tclass=chr_file permissive=1
09-16 08:57:04.199  5626  5626 I RenderThread: type=1400 audit(0.0:161): avc: denied { open } for path="/dev/fimg2d" dev="tmpfs" ino=20660 scontext=u:r:system_app:s0 tcontext=u:object_r:fimg2d_video_device:s0 tclass=chr_file permissive=1
09-16 08:57:04.199  5626  5626 W RenderThread: type=1300 audit(0.0:161): arch=c00000b7 syscall=56 success=yes exit=42 a0=ffffff9c a1=7f8a472703 a2=2 a3=0 items=0 ppid=3272 auid=4294967295 uid=1000 gid=1000 euid=1000 suid=1000 fsuid=1000 egid=1000 sgid=1000 fsgid=1000 tty=(none) ses=4294967295 exe="/system/bin/app_process64" subj=u:r:system_app:s0 key=(null)
09-16 08:57:04.199  3086  3086 W auditd  : type=1327 audit(0.0:161): proctitle="com.cyanogenmod.setupwizard"
09-16 08:57:04.199  3086  3086 W auditd  : type=1320 audit(0.0:161): 
09-16 08:57:04.199  5626  5626 I RenderThread: type=1400 audit(0.0:162): avc: denied { ioctl } for path="/dev/fimg2d" dev="tmpfs" ino=20660 ioctlcmd=4d04 scontext=u:r:system_app:s0 tcontext=u:object_r:fimg2d_video_device:s0 tclass=chr_file permissive=1
09-16 08:57:04.199  5626  5626 W RenderThread: type=1300 audit(0.0:162): arch=c00000b7 syscall=29 success=yes exit=0 a0=3b a1=c1104d04 a2=7f95eb7ab0 a3=0 items=0 ppid=3272 auid=4294967295 uid=1000 gid=1000 euid=1000 suid=1000 fsuid=1000 egid=1000 sgid=1000 fsgid=1000 tty=(none) ses=4294967295 exe="/system/bin/app_process64" subj=u:r:system_app:s0 key=(null)
09-16 08:57:04.199  3086  3086 W auditd  : type=1327 audit(0.0:162): proctitle="com.cyanogenmod.setupwizard"
09-16 08:57:04.199  3086  3086 W auditd  : type=1320 audit(0.0:162): 
09-16 08:57:04.258  5644  5644 W System  : ClassLoader referenced unknown path: /system/app/WAPPushManager/lib/arm64
09-16 08:57:04.298  3699  4160 I InputReader: Reconfiguring input devices.  changes=0x00000010
09-16 08:57:04.301  5539  5539 I TextToSpeech: Connected to ComponentInfo{com.svox.pico/com.svox.pico.PicoService}
09-16 08:57:04.303  3699  3800 W Searchables: No global search activity found
09-16 08:57:04.303  3699  4160 I InputReader: Reconfiguring input devices.  changes=0x00000010
09-16 08:57:04.309  3699  4160 I InputReader: Reconfiguring input devices.  changes=0x00000010
09-16 08:57:04.315  3699  4160 I InputReader: Reconfiguring input devices.  changes=0x00000010
09-16 08:57:04.317  5539  5666 I TextToSpeech: Set up connection to ComponentInfo{com.svox.pico/com.svox.pico.PicoService}
09-16 08:57:04.327  5103  5103 I art     : Starting a blocking GC Explicit
09-16 08:57:04.327  3699  3808 I ActivityManager: Displayed com.cyanogenmod.setupwizard/.WelcomeActivity: +593ms (total +773ms)
09-16 08:57:04.331  3699  5046 I Telecom : PhoneAccountRegistrar: [ComponentInfo{com.android.phone/com.android.services.telephony.TelephonyConnectionService}, [2628372b20c6b31a61c46f7f5a9328dbf0edaed6], UserHandle{0}(icon: Icon(typ=BITMAP size=67x84) -> Icon(typ=BITMAP size=67x84))]: TSI.rPA@ACg
09-16 08:57:04.345  3699  5046 I Telecom : : Sending phone-account registered intent as user: TSI.rPA@ACg
09-16 08:57:04.399  5103  5103 I art     : Explicit concurrent mark sweep GC freed 3883(333KB) AllocSpace objects, 0(0B) LOS objects, 25% free, 6MB/9MB, paused 179us total 72.053ms
09-16 08:57:04.411  5103  5103 I art     : Starting a blocking GC Explicit
09-16 08:57:04.431  3699  3800 W Searchables: No global search activity found
09-16 08:57:04.458  3699  3800 W Searchables: No global search activity found
09-16 08:57:04.484  3699  3800 W ResourceType: No known package when getting value for resource number 0x7f020125
09-16 08:57:04.484  3699  3800 W ResourceType: No known package when getting value for resource number 0x7f0c050a
09-16 08:57:04.484  3699  3800 W ResourceType: No known package when getting value for resource number 0x7f020124
09-16 08:57:04.484  3699  3800 W ResourceType: No known package when getting value for resource number 0x7f0c0a9b
09-16 08:57:04.485  3699  3800 W ResourceType: No known package when getting value for resource number 0x7f020123
09-16 08:57:04.485  3699  3800 W ResourceType: No known package when getting value for resource number 0x7f0c0955
09-16 08:57:04.496  3699  3800 W Searchables: No global search activity found
09-16 08:57:04.502  5103  5103 I art     : Explicit concurrent mark sweep GC freed 757(38KB) AllocSpace objects, 0(0B) LOS objects, 24% free, 6MB/9MB, paused 234us total 90.506ms
09-16 08:57:04.590  3699  3799 D AlarmManagerService: Kernel timezone updated to 180 minutes west of GMT
09-16 08:57:04.604  5058  5064 I art     : Compiler allocated 4MB to compile void com.android.internal.telephony.ServiceStateTracker.pollStateDoneGsm()
09-16 08:57:04.620  5058  5058 D CarrierConfigLoader: mHandler: 3 phoneId: 0
09-16 08:57:04.626  5517  5532 D DefaultCarrierConfigService: Config being fetched
09-16 08:57:04.630  5517  5532 D DefaultCarrierConfigService: java.io.FileNotFoundException: carrier_config_72234.xml
09-16 08:57:04.681  3699  3699 I PackageManager: Replacing preferred activity com.android.messaging/.ui.conversation.LaunchConversationActivity for user 0:
09-16 08:57:04.681  3699  3699 I PackageManager:   Action: "android.intent.action.SENDTO"
09-16 08:57:04.682  3699  3699 I PackageManager:   Category: "android.intent.category.DEFAULT"
09-16 08:57:04.682  3699  3699 I PackageManager:   Scheme: "sms"
09-16 08:57:04.682  3699  3699 I PackageManager:   AutoVerify=false
09-16 08:57:04.684  3699  3699 I PackageManager: Replacing preferred activity com.android.messaging/.ui.conversation.LaunchConversationActivity for user 0:
09-16 08:57:04.685  3699  3699 I PackageManager:   Action: "android.intent.action.SENDTO"
09-16 08:57:04.685  3699  3699 I PackageManager:   Category: "android.intent.category.DEFAULT"
09-16 08:57:04.685  3699  3699 I PackageManager:   Scheme: "smsto"
09-16 08:57:04.685  3699  3699 I PackageManager:   AutoVerify=false
09-16 08:57:04.692  3699  3699 I PackageManager: Replacing preferred activity com.android.messaging/.ui.conversation.LaunchConversationActivity for user 0:
09-16 08:57:04.692  3699  3699 I PackageManager:   Action: "android.intent.action.SENDTO"
09-16 08:57:04.693  3699  3699 I PackageManager:   Category: "android.intent.category.DEFAULT"
09-16 08:57:04.693  3699  3699 I PackageManager:   Scheme: "mms"
09-16 08:57:04.693  3699  3699 I PackageManager:   AutoVerify=false
09-16 08:57:04.698  3699  3699 I PackageManager: Replacing preferred activity com.android.messaging/.ui.conversation.LaunchConversationActivity for user 0:
09-16 08:57:04.699  3699  3699 I PackageManager:   Action: "android.intent.action.SENDTO"
09-16 08:57:04.699  3699  3699 I PackageManager:   Category: "android.intent.category.DEFAULT"
09-16 08:57:04.699  3699  3699 I PackageManager:   Scheme: "mmsto"
09-16 08:57:04.699  3699  3699 I PackageManager:   AutoVerify=false
09-16 08:57:04.718  3699  3699 I DefaultPermGrantPolicy: Granting permissions to default sms app for user:0
09-16 08:57:04.822  5058  5058 D CarrierSvcBindHelper: No carrier app for: 0
09-16 08:57:04.907  5058  5058 D CarrierSvcBindHelper: No carrier app for: 0
09-16 08:57:04.988  5058  5058 D CarrierSvcBindHelper: No carrier app for: 0
09-16 08:57:05.084  5058  5058 D CarrierSvcBindHelper: No carrier app for: 0
09-16 08:57:05.124  3699  5558 I ActivityManager: Start proc 5673:android.process.acore/u0a2 for broadcast com.android.providers.contacts/.PhoneAccountRegistrationReceiver
09-16 08:57:05.224  5673  5673 W System  : ClassLoader referenced unknown path: /system/priv-app/ContactsProvider/lib/arm64
09-16 08:57:05.280  5058  5058 D TelephonyProvider: subIdString = 1 subId = 1
09-16 08:57:05.281  5058  5058 D TelephonyProvider: getPreferredApnIdFromApn: for subId 1
09-16 08:57:05.281  5058  5058 D TelephonyProvider: Preferred APN: -1
09-16 08:57:05.308  5058  5064 I art     : Compiler allocated 5MB to compile boolean android.app.ApplicationThreadNative.onTransact(int, android.os.Parcel, android.os.Parcel, int)
09-16 08:57:05.471  5058  5058 D CarrierConfigLoader: mHandler: 5 phoneId: 0
09-16 08:57:05.534  5695  5695 F libc    : CANNOT LINK EXECUTABLE "/system/bin/sensorhubservice": library "libsensorhubservice.so" not found
09-16 08:57:05.535  5695  5695 F libc    : Fatal signal 6 (SIGABRT), code -6 in tid 5695 (sensorhubservic)
09-16 08:57:05.535  3076  3076 W         : debuggerd: handling request: pid=5695 uid=1000 gid=1004 tid=5695
09-16 08:57:05.541  5697  5697 F DEBUG   : *** *** *** *** *** *** *** *** *** *** *** *** *** *** *** ***
09-16 08:57:05.542  5697  5697 F DEBUG   : LineageOS Version: '14.1-20170916-UNOFFICIAL-dream2lte'
09-16 08:57:05.542  5697  5697 F DEBUG   : Build fingerprint: 'samsung/dream2ltexx/dream2lte:7.0/NRD90M/G955FXXU1AQH3:user/release-keys'
09-16 08:57:05.542  5697  5697 F DEBUG   : Revision: '0'
09-16 08:57:05.542  5697  5697 F DEBUG   : ABI: 'arm64'
09-16 08:57:05.542  5697  5697 F DEBUG   : pid: 5695, tid: 5695, name: sensorhubservic  >>> /system/bin/sensorhubservice <<<
09-16 08:57:05.542  5697  5697 F DEBUG   : signal 6 (SIGABRT), code -6 (SI_TKILL), fault addr --------
09-16 08:57:05.542  5697  5697 F DEBUG   :     x0   0000000000000000  x1   000000000000163f  x2   0000000000000006  x3   0000000000000008
09-16 08:57:05.542  5697  5697 F DEBUG   :     x4   0000000000000008  x5   0000000000000060  x6   3f0f03003f0eff63  x7   7f7f7f7f7f7f7f7f
09-16 08:57:05.542  5697  5697 F DEBUG   :     x8   0000000000000083  x9   ffffffffffffffdf  x10  0000000000000000  x11  0000000000000001
09-16 08:57:05.542  5697  5697 F DEBUG   :     x12  ffffffffffffffff  x13  0000000000000000  x14  0000000000000000  x15  001fe2f9eb14d04c
09-16 08:57:05.542  5697  5697 F DEBUG   :     x16  0000007fe6535b80  x17  0000007fe6535a4f  x18  00000000ffffffff  x19  0000007fb5207b40
09-16 08:57:05.542  5697  5697 F DEBUG   :     x20  0000000000000006  x21  0000007fb5207a98  x22  0000000000000002  x23  0000007fb513f010
09-16 08:57:05.542  5697  5697 F DEBUG   :     x24  0000000000000009  x25  0000007fe65367e0  x26  0000007fe6536830  x27  0000007fb51441b8
09-16 08:57:05.543  5697  5697 F DEBUG   :     x28  0000007fb5144010  x29  0000007fe6536650  x30  0000007fb51c7334
09-16 08:57:05.543  5697  5697 F DEBUG   :     sp   0000007fe6536630  pc   0000007fb51c7e64  pstate 0000000060000000
09-16 08:57:05.547  5697  5697 F DEBUG   : 
09-16 08:57:05.547  5697  5697 F DEBUG   : backtrace:
09-16 08:57:05.547  5697  5697 F DEBUG   :     #00 pc 0000000000075e64  /system/bin/linker64 (__dl_tgkill+8)
09-16 08:57:05.547  5697  5697 F DEBUG   :     #01 pc 0000000000075330  /system/bin/linker64 (__dl_pthread_kill+64)
09-16 08:57:05.547  5697  5697 F DEBUG   :     #02 pc 0000000000068e24  /system/bin/linker64 (__dl_raise+24)
09-16 08:57:05.547  5697  5697 F DEBUG   :     #03 pc 00000000000667f8  /system/bin/linker64 (__dl_abort+52)
09-16 08:57:05.547  5697  5697 F DEBUG   :     #04 pc 00000000000689ac  /system/bin/linker64 (__dl___libc_fatal+104)
09-16 08:57:05.547  5697  5697 F DEBUG   :     #05 pc 0000000000010e3c  /system/bin/linker64 (__dl__ZL29__linker_init_post_relocationR19KernelArgumentBlocky+6216)
09-16 08:57:05.547  5697  5697 F DEBUG   :     #06 pc 000000000000f554  /system/bin/linker64 (__dl___linker_init+528)
09-16 08:57:05.547  5697  5697 F DEBUG   :     #07 pc 0000000000006cd0  /system/bin/linker64 (_start+4)
09-16 08:57:05.550  5673  5673 I ContactsPerf: VoicemailContentProvider.onCreate start
09-16 08:57:05.559  3699  3699 I Telecom : PhoneAccountRegistrar: SimCallManager queried, returning: null: TSI.gSCMFU@ACk
09-16 08:57:05.569  3699  3808 I art     : Starting a blocking GC Explicit
09-16 08:57:05.574  5673  5673 I ContactsPerf: VoicemailContentProvider.onCreate finish
09-16 08:57:05.592  5673  5673 W System  : ClassLoader referenced unknown path: /system/priv-app/BlockedNumberProvider/lib/arm64
09-16 08:57:05.594  5673  5673 D ApplicationLoaders: ignored Vulkan layer search path /system/priv-app/BlockedNumberProvider/lib/arm64:/system/lib64:/vendor/lib64 for namespace 0x7f99cbd0f0
09-16 08:57:05.603  5695  5695 W sensorhubservic: type=1701 audit(0.0:163): auid=4294967295 uid=1000 gid=1004 ses=4294967295 subj=u:r:sensorhubservice:s0 exe="/system/bin/sensorhubservice" sig=6
09-16 08:57:05.608  3699  4928 W NativeCrashListener: Couldn't find ProcessRecord for pid 5695
09-16 08:57:05.610  3076  3076 W         : debuggerd: resuming target 5695
09-16 08:57:05.610  3076  3076 E         : debuggerd: failed to send signal 18 to target: No such process
09-16 08:57:05.634  5673  5673 W System  : ClassLoader referenced unknown path: /system/app/UserDictionaryProvider/lib/arm64
09-16 08:57:05.637  5673  5673 D ApplicationLoaders: ignored Vulkan layer search path /system/app/UserDictionaryProvider/lib/arm64:/system/lib64:/vendor/lib64 for namespace 0x7f99cbd160
09-16 08:57:05.642  3699  3808 I art     : Explicit concurrent mark sweep GC freed 36186(2MB) AllocSpace objects, 24(1220KB) LOS objects, 33% free, 12MB/19MB, paused 362us total 72.243ms
09-16 08:57:05.647  3283  3283 E FFMPEGSoftCodec: Failed to load FFMPEG plugin: (null)
09-16 08:57:05.647  3283  3283 E WVMExtractor: Failed to open libwvm.so: dlopen failed: library "libwvm.so" not found
09-16 08:57:05.671  3281  5226 I FFmpegExtractor: android-source:0xf3895e00
09-16 08:57:05.686  5673  5673 D StrictMode: StrictMode policy violation; ~duration=191 ms: android.os.StrictMode$StrictModeDiskWriteViolation: policy=65565 violation=1
09-16 08:57:05.686  5673  5673 D StrictMode: 	at android.os.StrictMode$AndroidBlockGuardPolicy.onWriteToDisk(StrictMode.java:1253)
09-16 08:57:05.686  5673  5673 D StrictMode: 	at libcore.io.BlockGuardOs.mkdir(BlockGuardOs.java:173)
09-16 08:57:05.686  5673  5673 D StrictMode: 	at android.system.Os.mkdir(Os.java:282)
09-16 08:57:05.686  5673  5673 D StrictMode: 	at android.app.ContextImpl.ensurePrivateDirExists(ContextImpl.java:514)
09-16 08:57:05.686  5673  5673 D StrictMode: 	at android.app.ContextImpl.getPreferencesDir(ContextImpl.java:468)
09-16 08:57:05.686  5673  5673 D StrictMode: 	at android.app.ContextImpl.getSharedPreferencesPath(ContextImpl.java:627)
09-16 08:57:05.686  5673  5673 D StrictMode: 	at android.app.ContextImpl.getSharedPreferences(ContextImpl.java:345)
09-16 08:57:05.686  5673  5673 D StrictMode: 	at android.content.ContextWrapper.getSharedPreferences(ContextWrapper.java:164)
09-16 08:57:05.686  5673  5673 D StrictMode: 	at android.preference.PreferenceManager.getDefaultSharedPreferences(PreferenceManager.java:487)
09-16 08:57:05.686  5673  5673 D StrictMode: 	at com.android.providers.contacts.FastScrollingIndexCache.getInstance(FastScrollingIndexCache.java:95)
09-16 08:57:05.686  5673  5673 D StrictMode: 	at com.android.providers.contacts.ContactsProvider2.initialize(ContactsProvider2.java:1600)
09-16 08:57:05.686  5673  5673 D StrictMode: 	at com.android.providers.contacts.ContactsProvider2.onCreate(ContactsProvider2.java:1575)
09-16 08:57:05.686  5673  5673 D StrictMode: 	at android.content.ContentProvider.attachInfo(ContentProvider.java:1751)
09-16 08:57:05.686  5673  5673 D StrictMode: 	at android.content.ContentProvider.attachInfo(ContentProvider.java:1726)
09-16 08:57:05.686  5673  5673 D StrictMode: 	at android.app.ActivityThread.installProvider(ActivityThread.java:5920)
09-16 08:57:05.686  5673  5673 D StrictMode: 	at android.app.ActivityThread.installContentProviders(ActivityThread.java:5490)
09-16 08:57:05.686  5673  5673 D StrictMode: 	at android.app.ActivityThread.handleBindApplication(ActivityThread.java:5429)
09-16 08:57:05.686  5673  5673 D StrictMode: 	at android.app.ActivityThread.-wrap2(ActivityThread.java)
09-16 08:57:05.686  5673  5673 D StrictMode: 	at android.app.ActivityThread$H.handleMessage(ActivityThread.java:1564)
09-16 08:57:05.686  5673  5673 D StrictMode: 	at android.os.Handler.dispatchMessage(Handler.java:102)
09-16 08:57:05.686  5673  5673 D StrictMode: 	at android.os.Looper.loop(Looper.java:154)
09-16 08:57:05.686  5673  5673 D StrictMode: 	at android.app.ActivityThread.main(ActivityThread.java:6186)
09-16 08:57:05.686  5673  5673 D StrictMode: 	at java.lang.reflect.Method.invoke(Native Method)
09-16 08:57:05.686  5673  5673 D StrictMode: 	at com.android.internal.os.ZygoteInit$MethodAndArgsCaller.run(ZygoteInit.java:889)
09-16 08:57:05.686  5673  5673 D StrictMode: 	at com.android.internal.os.ZygoteInit.main(ZygoteInit.java:779)
09-16 08:57:05.686  5673  5673 D StrictMode: StrictMode policy violation; ~duration=185 ms: android.os.StrictMode$StrictModeDiskWriteViolation: policy=65565 violation=1
09-16 08:57:05.686  5673  5673 D StrictMode: 	at android.os.StrictMode$AndroidBlockGuardPolicy.onWriteToDisk(StrictMode.java:1253)
09-16 08:57:05.686  5673  5673 D StrictMode: 	at libcore.io.BlockGuardOs.chmod(BlockGuardOs.java:73)
09-16 08:57:05.686  5673  5673 D StrictMode: 	at android.system.Os.chmod(Os.java:68)
09-16 08:57:05.686  5673  5673 D StrictMode: 	at android.app.ContextImpl.ensurePrivateDirExists(ContextImpl.java:515)
09-16 08:57:05.686  5673  5673 D StrictMode: 	at android.app.ContextImpl.getPreferencesDir(ContextImpl.java:468)
09-16 08:57:05.686  5673  5673 D StrictMode: 	at android.app.ContextImpl.getSharedPreferencesPath(ContextImpl.java:627)
09-16 08:57:05.686  5673  5673 D StrictMode: 	at android.app.ContextImpl.getSharedPreferences(ContextImpl.java:345)
09-16 08:57:05.686  5673  5673 D StrictMode: 	at android.content.ContextWrapper.getSharedPreferences(ContextWrapper.java:164)
09-16 08:57:05.686  5673  5673 D StrictMode: 	at android.preference.PreferenceManager.getDefaultSharedPreferences(PreferenceManager.java:487)
09-16 08:57:05.686  5673  5673 D StrictMode: 	at com.android.providers.contacts.FastScrollingIndexCache.getInstance(FastScrollingIndexCache.java:95)
09-16 08:57:05.686  5673  5673 D StrictMode: 	at com.android.providers.contacts.ContactsProvider2.initialize(ContactsProvider2.java:1600)
09-16 08:57:05.686  5673  5673 D StrictMode: 	at com.android.providers.contacts.ContactsProvider2.onCreate(ContactsProvider2.java:1575)
09-16 08:57:05.686  5673  5673 D StrictMode: 	at android.content.ContentProvider.attachInfo(ContentProvider.java:1751)
09-16 08:57:05.686  5673  5673 D StrictMode: 	at android.content.ContentProvider.attachInfo(ContentProvider.java:1726)
09-16 08:57:05.686  5673  5673 D StrictMode: 	at android.app.ActivityThread.installProvider(ActivityThread.java:5920)
09-16 08:57:05.686  5673  5673 D StrictMode: 	at android.app.ActivityThread.installContentProviders(ActivityThread.java:5490)
09-16 08:57:05.686  5673  5673 D StrictMode: 	at android.app.ActivityThread.handleBindApplication(ActivityThread.java:5429)
09-16 08:57:05.686  5673  5673 D StrictMode: 	at android.app.ActivityThread.-wrap2(ActivityThread.java)
09-16 08:57:05.686  5673  5673 D StrictMode: 	at android.app.ActivityThread$H.handleMessage(ActivityThread.java:1564)
09-16 08:57:05.686  5673  5673 D StrictMode: 	at android.os.Handler.dispatchMessage(Handler.java:102)
09-16 08:57:05.686  5673  5673 D StrictMode: 	at android.os.Looper.loop(Looper.java:154)
09-16 08:57:05.686  5673  5673 D StrictMode: 	at android.app.ActivityThread.main(ActivityThread.java:6186)
09-16 08:57:05.686  5673  5673 D StrictMode: 	at java.lang.reflect.Method.invoke(Native Method)
09-16 08:57:05.686  5673  5673 D StrictMode: 	at com.android.internal.os.ZygoteInit$MethodAndArgsCaller.run(ZygoteInit.java:889)
09-16 08:57:05.686  5673  5673 D StrictMode: 	at com.android.internal.os.ZygoteInit.main(ZygoteInit.java:779)
09-16 08:57:05.689  3281  5226 D FFmpegExtractor: supported codec (pcm_s16le) by official Stagefright
09-16 08:57:05.690  3281  5226 D FFmpegExtractor: ffmpeg detected media content as 'audio/x-wav' with confidence 0.08
09-16 08:57:05.706  3699  5534 I ActivityManager: Start proc 5703:com.android.managedprovisioning/u0a17 for broadcast com.android.managedprovisioning/.PreBootListener
09-16 08:57:05.757  5487  5662 I chatty  : uid=1027(nfc) com.android.nfc expire 1 line
09-16 08:57:05.796  5703  5703 W System  : ClassLoader referenced unknown path: /system/priv-app/ManagedProvisioning/lib/arm64
09-16 08:57:05.827  3699  3699 I GnssLocationProvider: WakeLock acquired by sendMessage(12, 0, null)
09-16 08:57:05.856  3699  4930 D AlarmManagerService: Kernel timezone updated to 180 minutes west of GMT
09-16 08:57:05.894  5673  5694 I ContactsDatabaseHelper: Bootstrapping database version: 1111
09-16 08:57:05.895  3270  3270 D gpsd    : WakeLock(Acquire,GPSD)
09-16 08:57:05.895  3270  3270 D gpsd    : WakeLock(Release,GPSD)
09-16 08:57:05.895  3270  3270 D gpsd    : WakeLock(Acquire,GPSD)
09-16 08:57:05.895  3270  3270 D gpsd    : WakeLock(Release,GPSD)
09-16 08:57:05.897  3699  3800 D GnssLocationProvider: GPS configuration:
09-16 08:57:05.897  3699  3800 D GnssLocationProvider:  #Sat Sep 16 08:57:05 GMT-03:00 2017
09-16 08:57:05.897  3699  3800 D GnssLocationProvider: SUPL_VER=0x20000
09-16 08:57:05.897  3699  3800 D GnssLocationProvider: SUPL_PORT=7275
09-16 08:57:05.897  3699  3800 D GnssLocationProvider: XTRA_SERVER_2=http\://gllto2.glpals.com/4day/v4/latest/lto2.dat
09-16 08:57:05.897  3699  3800 D GnssLocationProvider: XTRA_SERVER_1=http\://gllto1.glpals.com/4day/v4/latest/lto2.dat
09-16 08:57:05.897  3699  3800 D GnssLocationProvider: SUPL_HOST=supl.google.com
09-16 08:57:05.897  3699  3800 D GnssLocationProvider: SUPL_MODE=1
09-16 08:57:05.897  3699  3800 D GnssLocationProvider: NTP_SERVER=north-america.pool.ntp.org
09-16 08:57:05.898  3270  3270 D gpsd    : WakeLock(Acquire,GPSD)
09-16 08:57:05.898  3270  3270 D gpsd    : WakeLock(Release,GPSD)
09-16 08:57:05.898  3699  3800 I GnssLocationProvider: WakeLock released by handleMessage(12, 0, null)
09-16 08:57:05.927  3699  5038 I PreBootBroadcaster: Pre-boot of {com.android.providers.calendar/com.android.providers.calendar.CalendarUpgradeReceiver} for user 0
09-16 08:57:05.962  3699  3699 D ZenLog  : disable_effects: 0|android|0|PreBootBroadcaster|1000,booleanState
09-16 08:57:06.001  5349  5349 D CellBroadcastReceiver: onReceive Intent { act=android.intent.action.SIM_STATE_CHANGED flg=0x4000010 cmp=com.android.cellbroadcastreceiver/.CellBroadcastReceiver (has extras) }
09-16 08:57:06.002  5349  5349 D CellBroadcastReceiver: Default interval 0 did not change.
09-16 08:57:06.173  5058  5058 D CallNotifier: updatePhoneStateListeners: update CF notifications.
09-16 08:57:06.176  5058  5058 I NotificationMgr: updateMwi(): subId 1 update to false
09-16 08:57:06.179  5058  5058 I Telephony: PstnIncomingCallNotifier: Unregistering: Handler (com.android.internal.telephony.GsmCdmaPhone) {b86ae20}
09-16 08:57:06.238  3699  5046 I Telecom : PhoneAccountRegistrar: [ComponentInfo{com.android.phone/com.android.services.telephony.TelephonyConnectionService}, [2628372b20c6b31a61c46f7f5a9328dbf0edaed6], UserHandle{0}(icon: Icon(typ=BITMAP size=67x84) -> Icon(typ=BITMAP size=67x84))(lbl:  -> PERSONAL)(desc:  -> PERSONAL)]: TSI.rPA@ACo
09-16 08:57:06.248  3699  5046 I Telecom : : Sending phone-account registered intent as user: TSI.rPA@ACo
09-16 08:57:06.252  5058  5058 I Telephony: AccountEntry: Registered phoneAccount: [[ ] PhoneAccount: ComponentInfo{com.android.phone/com.android.services.telephony.TelephonyConnectionService}, [2628372b20c6b31a61c46f7f5a9328dbf0edaed6], UserHandle{0} Capabilities: CallProvider MultiUser PlaceEmerg SimSub  Audio Routes: BESW Schemes: tel voicemail  Extras: null GroupId: [da39a3ee5e6b4b0d3255bfef95601890afd80709]] with handle: ComponentInfo{com.android.phone/com.android.services.telephony.TelephonyConnectionService}, [2628372b20c6b31a61c46f7f5a9328dbf0edaed6], UserHandle{0}
09-16 08:57:06.253  5058  5058 I Telephony: PstnIncomingCallNotifier: Registering: Handler (com.android.internal.telephony.GsmCdmaPhone) {b86ae20}
09-16 08:57:06.439  5058  5058 D TelephonyProvider: subIdString = 1 subId = 1
09-16 08:57:06.439  5058  5058 D TelephonyProvider: getPreferredApnIdFromApn: for subId 1
09-16 08:57:06.440  5058  5058 D TelephonyProvider: Preferred APN: -1
09-16 08:57:06.494  5103  5103 D SimSelectNotification:  no of slots 1 provision = false
09-16 08:57:06.512  5487  5606 I chatty  : uid=1027(nfc) AsyncTask #1 expire 1 line
09-16 08:57:06.527  5349  5349 D CellBroadcastReceiver: onReceive Intent { act=android.intent.action.SERVICE_STATE flg=0x10 cmp=com.android.cellbroadcastreceiver/.CellBroadcastReceiver (has extras) }
09-16 08:57:06.528  5349  5349 D CellBroadcastReceiver: Intent: android.intent.action.SERVICE_STATE
09-16 08:57:06.563  5487  5625 I chatty  : uid=1027(nfc) AsyncTask #1 expire 5 lines
09-16 08:57:06.563  5487  5625 I SecHAL  : OSI_timer_start: exit
09-16 08:57:06.563  5487  5625 I SecHAL  : device_write: enter
09-16 08:57:06.563  5487  5625 I SecHAL  : device_write: before system call
09-16 08:57:06.564  5487  5625 I SecHAL  : device_write: after system call
09-16 08:57:06.564  5487  5625 D SecHAL  : data_trace:  Send(  4) 22 00 01   00 
09-16 08:57:06.564  5487  5625 I SecHAL  : device_write: exit
09-16 08:57:06.564  5487  5625 D SecHAL  : nfc_hal_task: Got a event: HAL_EVT_WRITE(3)
09-16 08:57:06.564  5487  5625 D SecHAL  : nfc_hal_task: current state: SERVICE
09-16 08:57:06.564  5487  5625 I SecHAL  : OSI_timer_start: enter,osi_lock
09-16 08:57:06.564  5487  5625 I SecHAL  : OSI_timer_start: before osi_unlock
09-16 08:57:06.564  5487  5625 I SecHAL  : OSI_timer_start: exit
09-16 08:57:06.564  5487  5625 I SecHAL  : device_write: enter
09-16 08:57:06.564  5487  5625 I SecHAL  : device_write: before system call
09-16 08:57:06.564  5487  5625 I SecHAL  : device_write: after system call
09-16 08:57:06.564  5487  5625 D SecHAL  : data_trace:  Send(  6) 01 00 03   81 02 04 
09-16 08:57:06.564  5487  5625 I SecHAL  : device_write: exit
09-16 08:57:06.565  5487  5624 D SecHAL  : read_thread: Sent message to HAL message task, remind que: 2
09-16 08:57:06.565  5487  5625 D SecHAL  : nfc_hal_task: Got a event: HAL_EVT_READ(4)
09-16 08:57:06.565  5487  5625 D SecHAL  : nfc_hal_task: current state: SERVICE
09-16 08:57:06.565  3699  5046 I Telecom : PhoneAccountRegistrar: [ComponentInfo{com.android.phone/com.android.services.telephony.TelephonyConnectionService}, [2628372b20c6b31a61c46f7f5a9328dbf0edaed6], UserHandle{0}(icon: Icon(typ=BITMAP size=67x84) -> Icon(typ=BITMAP size=67x84))]: TSI.rPA@AC0
09-16 08:57:06.565  5487  5625 D SecHAL  : data_trace:  Recv(  5) 42 00 02   00 00 
09-16 08:57:06.565  5487  5625 I SecHAL  : OSI_timer_start: enter,osi_lock
09-16 08:57:06.565  5487  5625 I SecHAL  : OSI_timer_start: before osi_unlock
09-16 08:57:06.565  5487  5625 I SecHAL  : OSI_timer_start: exit
09-16 08:57:06.565  5487  5625 I SecHAL  : nfc_data_callback: !
09-16 08:57:06.565  5487  5625 D NfcAdaptation: NfcAdaptation::HalDeviceContextDataCallback: len=5
09-16 08:57:06.565  5487  5606 I BrcmNfcNfa: NFC received rsp gid:2
09-16 08:57:06.565  5487  5606 I BrcmNfcNfa: nci_proc_ee_management_rsp opcode:0x0
09-16 08:57:06.565  5487  5606 I BrcmNfcNfa: nfa_dm_nfc_response_cback () NFC_NFCEE_DISCOVER_REVT(0x5004)
09-16 08:57:06.565  5487  5606 I BrcmNfcNfa: nfa_ee_proc_evt: event=0x5004 int_event:0x20d
09-16 08:57:06.565  5487  5606 I BrcmNfcNfa: nfa_ee_evt_hdlr (): Event NCI_DISC_RSP(0x20d), State: INIT_DONE(1)
09-16 08:57:06.565  5487  5606 I BrcmNfcNfa: nfa_ee_nci_disc_rsp() em_state:1 cur_ee:2, num_nfcee:0
09-16 08:57:06.565  5487  5624 D SecHAL  : read_thread: Sent message to HAL message task, remind que: 2
09-16 08:57:06.565  5487  5606 I BrcmNfcNfa: nfa_ee_report_disc_done() em_state:1 num_ee_expecting:0 notify_enable_done:0
09-16 08:57:06.565  5487  5606 I BrcmNfcNfa: nfa_ee_nci_disc_rsp() em_state:1 cur_ee:2 num_ee_expecting:0
09-16 08:57:06.565  5487  5625 D SecHAL  : nfc_hal_task: Got a event: HAL_EVT_READ(4)
09-16 08:57:06.565  5487  5625 D SecHAL  : nfc_hal_task: current state: SERVICE
09-16 08:57:06.566  5487  5625 D SecHAL  : data_trace:  Recv(  9) 01 00 06   81 80 00 01 02 03 
09-16 08:57:06.566  5487  5625 I SecHAL  : OSI_timer_start: enter,osi_lock
09-16 08:57:06.566  5487  5625 I SecHAL  : OSI_timer_start: before osi_unlock
09-16 08:57:06.566  5487  5625 I SecHAL  : OSI_timer_start: exit
09-16 08:57:06.566  5487  5625 I SecHAL  : nfc_data_callback: !
09-16 08:57:06.566  5487  5625 D NfcAdaptation: NfcAdaptation::HalDeviceContextDataCallback: len=9
09-16 08:57:06.566  5487  5606 I BrcmNfcNfa: NFC received data
