09-11 15:58:49.192  5143  5143 I wpa_supplicant: wlan0: CTRL-EVENT-REGDOM-CHANGE init=USER type=COUNTRY alpha2=AR
09-11 15:58:49.193  3621  4831 I chatty  : uid=1000(system) Binder:3621_4 expire 2 lines
09-11 15:58:49.208  3621  3679 I chatty  : uid=1000(system) Binder:3621_2 expire 1 line
09-11 15:58:49.216  4744  4744 W KeyguardUpdateMonitor: invalid subId in handleServiceStateChange()
09-11 15:58:49.220  5055  5055 D CellBroadcastReceiver: onReceive Intent { act=android.intent.action.SERVICE_STATE flg=0x10 cmp=com.android.cellbroadcastreceiver/.CellBroadcastReceiver (has extras) }
09-11 15:58:49.220  5055  5055 D CellBroadcastReceiver: Intent: android.intent.action.SERVICE_STATE
09-11 15:58:49.220  5055  5055 D CellBroadcastReceiver: Service state changed! 0 Full: 0 1 voice home data home PERSONAL AR TP 72234 PERSONAL AR TP 72234  UMTS Unknown CSS not supported -1 -1 RoamInd=-1 DefRoamInd=-1 EmergOnly=false IsDataRoamingFromRegistration=false IsUsingCarrierAggregation=false Current state=1
09-11 15:58:49.221  5055  5055 D CellBroadcastReceiver: Start Cell Broadcast configuration.
09-11 15:58:49.230  4885  4885 I Telephony: PstnIncomingCallNotifier: Unregistering: Handler (com.android.internal.telephony.GsmCdmaPhone) {afc4627}
09-11 15:58:49.232  4885  4885 W Telephony: TelecomAccountRegistry: Failed to get status , slotId: 0 Exception: java.lang.NullPointerException: Attempt to invoke interface method 'int org.codeaurora.internal.IExtTelephony.getCurrentUiccCardProvisioningStatus(int)' on a null object reference
09-11 15:58:49.234  4885  4885 W Telephony: TelecomAccountRegistry: Failed to get status , slotId: 1 Exception: java.lang.NullPointerException: Attempt to invoke interface method 'int org.codeaurora.internal.IExtTelephony.getCurrentUiccCardProvisioningStatus(int)' on a null object reference
09-11 15:58:49.237  4885  4885 E PhoneInterfaceManager: [PhoneIntfMgr] getIccId: No UICC
09-11 15:58:49.245  3621  3679 I Telecom : PhoneAccountRegistrar: [ComponentInfo{com.android.phone/com.android.services.telephony.TelephonyConnectionService}, [e0184adedf913b076626646d3f52c3b49c39ad6d], UserHandle{0}(icon: Icon(typ=BITMAP size=67x84) -> Icon(typ=BITMAP size=67x84))]: TSI.rPA@ABU
09-11 15:58:49.251  3621  3679 I Telecom : : Sending phone-account registered intent as user: TSI.rPA@ABU
09-11 15:58:49.254  4885  4885 I Telephony: AccountEntry: Registered phoneAccount: [[ ] PhoneAccount: ComponentInfo{com.android.phone/com.android.services.telephony.TelephonyConnectionService}, [e0184adedf913b076626646d3f52c3b49c39ad6d], UserHandle{0} Capabilities: CallProvider MultiUser PlaceEmerg SimSub  Audio Routes: BESW Schemes: tel voicemail  Extras: null GroupId: [da39a3ee5e6b4b0d3255bfef95601890afd80709]] with handle: ComponentInfo{com.android.phone/com.android.services.telephony.TelephonyConnectionService}, [e0184adedf913b076626646d3f52c3b49c39ad6d], UserHandle{0}
09-11 15:58:49.254  4885  4885 I Telephony: PstnIncomingCallNotifier: Registering: Handler (com.android.internal.telephony.GsmCdmaPhone) {afc4627}
09-11 15:58:49.256  5055  5221 E CellBroadcastConfigService: exception enabling cell broadcast channels
09-11 15:58:49.256  5055  5221 E CellBroadcastConfigService: java.lang.NullPointerException: Attempt to invoke virtual method 'java.lang.String android.content.ComponentName.getPackageName()' on a null object reference
09-11 15:58:49.256  5055  5221 E CellBroadcastConfigService: 	at android.os.Parcel.readException(Parcel.java:1690)
09-11 15:58:49.256  5055  5221 E CellBroadcastConfigService: 	at android.os.Parcel.readException(Parcel.java:1637)
09-11 15:58:49.256  5055  5221 E CellBroadcastConfigService: 	at com.android.internal.telephony.ISms$Stub$Proxy.isSmsSimPickActivityNeeded(ISms.java:1409)
09-11 15:58:49.256  5055  5221 E CellBroadcastConfigService: 	at android.telephony.SmsManager.getSubscriptionId(SmsManager.java:828)
09-11 15:58:49.256  5055  5221 E CellBroadcastConfigService: 	at android.telephony.SmsManager.enableCellBroadcastRange(SmsManager.java:1098)
09-11 15:58:49.256  5055  5221 E CellBroadcastConfigService: 	at com.android.cellbroadcastreceiver.CellBroadcastConfigService.setCellBroadcastRange(CellBroadcastConfigService.java:387)
09-11 15:58:49.256  5055  5221 E CellBroadcastConfigService: 	at com.android.cellbroadcastreceiver.CellBroadcastConfigService.setCellBroadcastOnSub(CellBroadcastConfigService.java:217)
09-11 15:58:49.256  5055  5221 E CellBroadcastConfigService: 	at com.android.cellbroadcastreceiver.CellBroadcastConfigService.onHandleIntent(CellBroadcastConfigService.java:112)
09-11 15:58:49.256  5055  5221 E CellBroadcastConfigService: 	at android.app.IntentService$ServiceHandler.handleMessage(IntentService.java:68)
09-11 15:58:49.256  5055  5221 E CellBroadcastConfigService: 	at android.os.Handler.dispatchMessage(Handler.java:102)
09-11 15:58:49.256  5055  5221 E CellBroadcastConfigService: 	at android.os.Looper.loop(Looper.java:154)
09-11 15:58:49.256  5055  5221 E CellBroadcastConfigService: 	at android.os.HandlerThread.run(HandlerThread.java:61)
09-11 15:58:49.262  4885  4885 E PhoneInterfaceManager: [PhoneIntfMgr] getIccId: No UICC
09-11 15:58:49.273  3621  3679 I Telecom : PhoneAccountRegistrar: [ComponentInfo{com.android.phone/com.android.services.telephony.TelephonyConnectionService}, [e0184adedf913b076626646d3f52c3b49c39ad6d], UserHandle{0}(icon: Icon(typ=BITMAP size=67x84) -> Icon(typ=BITMAP size=67x84))]: TSI.rPA@ABg
09-11 15:58:49.276  3621  3679 I Telecom : : Sending phone-account registered intent as user: TSI.rPA@ABg
09-11 15:58:49.323  4885  4885 I Telephony: PstnIncomingCallNotifier: Unregistering: Handler (com.android.internal.telephony.GsmCdmaPhone) {afc4627}
09-11 15:58:49.324  4885  4885 W Telephony: TelecomAccountRegistry: Failed to get status , slotId: 0 Exception: java.lang.NullPointerException: Attempt to invoke interface method 'int org.codeaurora.internal.IExtTelephony.getCurrentUiccCardProvisioningStatus(int)' on a null object reference
09-11 15:58:49.325  4885  4885 W Telephony: TelecomAccountRegistry: Failed to get status , slotId: 1 Exception: java.lang.NullPointerException: Attempt to invoke interface method 'int org.codeaurora.internal.IExtTelephony.getCurrentUiccCardProvisioningStatus(int)' on a null object reference
09-11 15:58:49.326  4885  4885 E PhoneInterfaceManager: [PhoneIntfMgr] getIccId: No UICC
09-11 15:58:49.332  3621  4915 I Telecom : PhoneAccountRegistrar: [ComponentInfo{com.android.phone/com.android.services.telephony.TelephonyConnectionService}, [e0184adedf913b076626646d3f52c3b49c39ad6d], UserHandle{0}(icon: Icon(typ=BITMAP size=67x84) -> Icon(typ=BITMAP size=67x84))]: TSI.rPA@ABk
09-11 15:58:49.337  3621  4915 I Telecom : : Sending phone-account registered intent as user: TSI.rPA@ABk
09-11 15:58:49.339  4885  4885 I Telephony: AccountEntry: Registered phoneAccount: [[ ] PhoneAccount: ComponentInfo{com.android.phone/com.android.services.telephony.TelephonyConnectionService}, [e0184adedf913b076626646d3f52c3b49c39ad6d], UserHandle{0} Capabilities: CallProvider MultiUser PlaceEmerg SimSub  Audio Routes: BESW Schemes: tel voicemail  Extras: null GroupId: [da39a3ee5e6b4b0d3255bfef95601890afd80709]] with handle: ComponentInfo{com.android.phone/com.android.services.telephony.TelephonyConnectionService}, [e0184adedf913b076626646d3f52c3b49c39ad6d], UserHandle{0}
09-11 15:58:49.339  4885  4885 I Telephony: PstnIncomingCallNotifier: Registering: Handler (com.android.internal.telephony.GsmCdmaPhone) {afc4627}
09-11 15:58:49.355  4885  4885 E PhoneInterfaceManager: [PhoneIntfMgr] getIccId: No UICC
09-11 15:58:49.362  3621  3678 I Telecom : PhoneAccountRegistrar: [ComponentInfo{com.android.phone/com.android.services.telephony.TelephonyConnectionService}, [e0184adedf913b076626646d3f52c3b49c39ad6d], UserHandle{0}(icon: Icon(typ=BITMAP size=67x84) -> Icon(typ=BITMAP size=67x84))]: TSI.rPA@ABw
09-11 15:58:49.365  3621  3678 I Telecom : : Sending phone-account registered intent as user: TSI.rPA@ABw
09-11 15:58:49.544  5055  5055 D CellBroadcastReceiver: onReceive Intent { act=android.intent.action.ACTION_DEFAULT_SMS_SUBSCRIPTION_CHANGED flg=0x20000010 cmp=com.android.cellbroadcastreceiver/.CellBroadcastReceiver (has extras) }
09-11 15:58:49.544  5055  5055 D CellBroadcastReceiver: Start Cell Broadcast configuration.
09-11 15:58:49.546  4885  4885 D MccTable: updateMccMncConfiguration mccmnc='72234' fromServiceState=false
09-11 15:58:49.553  4885  4885 D MccTable: updateMccMncConfiguration defaultMccMnc=72234
09-11 15:58:49.553  4885  4885 D MccTable: updateMccMncConfiguration: mcc=722, mnc=34
09-11 15:58:49.554  4885  4885 D MccTable: updateMccMncConfiguration updateConfig config={1.0 722mcc34mnc ?localeList ?layoutDir ?swdp ?wdp ?hdp ?density ?lsize ?long ?orien ?uimode ?night ?touch ?keyb/?/? ?nav/?}
09-11 15:58:49.557  5055  5223 D CellBroadcastConfigService: Enable CellBroadcast on sub 1
09-11 15:58:49.587  4744  4744 D CarrierText: onSimStateChanged: Normal
09-11 15:58:49.597  5055  5223 E CellBroadcastConfigService: exception enabling cell broadcast channels
09-11 15:58:49.597  5055  5223 E CellBroadcastConfigService: java.lang.NullPointerException: Attempt to invoke virtual method 'java.lang.String android.content.ComponentName.getPackageName()' on a null object reference
09-11 15:58:49.597  5055  5223 E CellBroadcastConfigService: 	at android.os.Parcel.readException(Parcel.java:1690)
09-11 15:58:49.597  5055  5223 E CellBroadcastConfigService: 	at android.os.Parcel.readException(Parcel.java:1637)
09-11 15:58:49.597  5055  5223 E CellBroadcastConfigService: 	at com.android.internal.telephony.ISms$Stub$Proxy.isSmsSimPickActivityNeeded(ISms.java:1409)
09-11 15:58:49.597  5055  5223 E CellBroadcastConfigService: 	at android.telephony.SmsManager.getSubscriptionId(SmsManager.java:828)
09-11 15:58:49.597  5055  5223 E CellBroadcastConfigService: 	at android.telephony.SmsManager.enableCellBroadcastRange(SmsManager.java:1098)
09-11 15:58:49.597  5055  5223 E CellBroadcastConfigService: 	at com.android.cellbroadcastreceiver.CellBroadcastConfigService.setCellBroadcastRange(CellBroadcastConfigService.java:387)
09-11 15:58:49.597  5055  5223 E CellBroadcastConfigService: 	at com.android.cellbroadcastreceiver.CellBroadcastConfigService.setCellBroadcastOnSub(CellBroadcastConfigService.java:217)
09-11 15:58:49.597  5055  5223 E CellBroadcastConfigService: 	at com.android.cellbroadcastreceiver.CellBroadcastConfigService.onHandleIntent(CellBroadcastConfigService.java:96)
09-11 15:58:49.597  5055  5223 E CellBroadcastConfigService: 	at android.app.IntentService$ServiceHandler.handleMessage(IntentService.java:68)
09-11 15:58:49.597  5055  5223 E CellBroadcastConfigService: 	at android.os.Handler.dispatchMessage(Handler.java:102)
09-11 15:58:49.597  5055  5223 E CellBroadcastConfigService: 	at android.os.Looper.loop(Looper.java:154)
09-11 15:58:49.597  5055  5223 E CellBroadcastConfigService: 	at android.os.HandlerThread.run(HandlerThread.java:61)
09-11 15:58:49.603  3530  3530 I BootAnimation: type=1400 audit(0.0:172): avc: denied { read write } for name="fimg2d" dev="tmpfs" ino=5556 scontext=u:r:bootanim:s0 tcontext=u:object_r:device:s0 tclass=chr_file permissive=1
09-11 15:58:49.603  3530  3530 I BootAnimation: type=1400 audit(0.0:172): avc: denied { open } for path="/dev/fimg2d" dev="tmpfs" ino=5556 scontext=u:r:bootanim:s0 tcontext=u:object_r:device:s0 tclass=chr_file permissive=1
09-11 15:58:49.603  3530  3530 W BootAnimation: type=1300 audit(0.0:172): arch=c00000b7 syscall=56 success=yes exit=14 a0=ffffff9c a1=7f7d454703 a2=2 a3=0 items=0 ppid=1 auid=4294967295 uid=1003 gid=1003 euid=1003 suid=1003 fsuid=1003 egid=1003 sgid=1003 fsgid=1003 tty=(none) ses=4294967295 exe="/system/bin/bootanimation" subj=u:r:bootanim:s0 key=(null)
09-11 15:58:49.603  3074  3074 W auditd  : type=1327 audit(0.0:172): proctitle="/system/bin/bootanimation"
09-11 15:58:49.603  3074  3074 W auditd  : type=1320 audit(0.0:172): 
09-11 15:58:49.603  3530  3530 I BootAnimation: type=1400 audit(0.0:173): avc: denied { ioctl } for path="/dev/fimg2d" dev="tmpfs" ino=5556 ioctlcmd=4d04 scontext=u:r:bootanim:s0 tcontext=u:object_r:device:s0 tclass=chr_file permissive=1
09-11 15:58:49.603  3530  3530 W BootAnimation: type=1300 audit(0.0:173): arch=c00000b7 syscall=29 success=yes exit=0 a0=13 a1=c1104d04 a2=7f73ca80b0 a3=0 items=0 ppid=1 auid=4294967295 uid=1003 gid=1003 euid=1003 suid=1003 fsuid=1003 egid=1003 sgid=1003 fsgid=1003 tty=(none) ses=4294967295 exe="/system/bin/bootanimation" subj=u:r:bootanim:s0 key=(null)
09-11 15:58:49.603  3074  3074 W auditd  : type=1327 audit(0.0:173): proctitle="/system/bin/bootanimation"
09-11 15:58:49.603  3074  3074 W auditd  : type=1320 audit(0.0:173): 
09-11 15:58:49.613  4744  4744 D PhoneStatusBar: disable: < expand ICONS alerts SYSTEM_INFO back HOME RECENT clock SEARCH quick_settings >
09-11 15:58:49.626  4744  4744 E SignalClusterView: Unexpected subscription 1
09-11 15:58:49.627  4744  4744 E SignalClusterView: Unexpected subscription 1
09-11 15:58:49.652  3621  5225 I chatty  : uid=1000(system) IPC Thread expire 7 lines
09-11 15:58:49.654  3165  3165 D gpsd    : WakeLock(Acquire,GPSD)
09-11 15:58:49.654  3165  3165 D gpsd    : WakeLock(Release,GPSD)
09-11 15:58:49.654  3165  3165 D gpsd    : WakeLock(Acquire,GPSD)
09-11 15:58:49.655  4885  4885 I m.android.phone: type=1400 audit(0.0:174): avc: denied { lock } for path="/data/user_de/0/com.android.providers.telephony/databases/telephony.db" dev="sda24" ino=3121278 scontext=u:r:radio:s0 tcontext=u:object_r:system_data_file:s0 tclass=file permissive=1
09-11 15:58:49.655  4885  4885 W m.android.phone: type=1300 audit(0.0:174): arch=c00000b7 syscall=25 success=yes exit=0 a0=24 a1=6 a2=7fd6712b38 a3=7f86c52740 items=0 ppid=3166 auid=4294967295 uid=1001 gid=1001 euid=1001 suid=1001 fsuid=1001 egid=1001 sgid=1001 fsgid=1001 tty=(none) ses=4294967295 exe="/system/bin/app_process64" subj=u:r:radio:s0 key=(null)
09-11 15:58:49.655  3074  3074 W auditd  : type=1327 audit(0.0:174): proctitle="com.android.phone"
09-11 15:58:49.655  3074  3074 W auditd  : type=1320 audit(0.0:174): 
09-11 15:58:49.655  4885  4885 I m.android.phone: type=1400 audit(0.0:175): avc: denied { write } for name="telephony.db-journal" dev="sda24" ino=3121279 scontext=u:r:radio:s0 tcontext=u:object_r:system_data_file:s0 tclass=file permissive=1
09-11 15:58:49.655  4885  4885 W m.android.phone: type=1300 audit(0.0:175): arch=c00000b7 syscall=56 success=yes exit=82 a0=ffffff9c a1=7f88383308 a2=a0042 a3=1b0 items=0 ppid=3166 auid=4294967295 uid=1001 gid=1001 euid=1001 suid=1001 fsuid=1001 egid=1001 sgid=1001 fsgid=1001 tty=(none) ses=4294967295 exe="/system/bin/app_process64" subj=u:r:radio:s0 key=(null)
09-11 15:58:49.655  3074  3074 W auditd  : type=1327 audit(0.0:175): proctitle="com.android.phone"
09-11 15:58:49.655  3074  3074 W auditd  : type=1320 audit(0.0:175): 
09-11 15:58:49.655  3165  3165 D gpsd    : WakeLock(Release,GPSD)
09-11 15:58:49.655  3165  3165 D gpsd    : WakeLock(Acquire,GPSD)
09-11 15:58:49.656  3165  3165 D gpsd    : WakeLock(Release,GPSD)
09-11 15:58:49.656  3165  3165 D gpsd    : WakeLock(Acquire,GPSD)
09-11 15:58:49.656  3165  3165 D gpsd    : WakeLock(Release,GPSD)
09-11 15:58:49.656  3165  3165 D gpsd    : WakeLock(Acquire,GPSD)
09-11 15:58:49.657  3165  3165 D gpsd    : WakeLock(Release,GPSD)
09-11 15:58:49.657  3165  3165 D gpsd    : WakeLock(Acquire,GPSD)
09-11 15:58:49.657  3165  3165 D gpsd    : WakeLock(Release,GPSD)
09-11 15:58:49.657  3165  3165 D gpsd    : WakeLock(Acquire,GPSD)
09-11 15:58:49.657  3165  3165 D gpsd    : WakeLock(Release,GPSD)
09-11 15:58:49.689  4885  4885 D CarrierConfigLoader: update config for phoneId: 0 simState: LOADED
09-11 15:58:49.689  4885  4885 D CarrierSvcBindHelper: update binding for phoneId: 0 simState: LOADED
09-11 15:58:49.691  5055  5055 D CellBroadcastReceiver: onReceive Intent { act=android.intent.action.SIM_STATE_CHANGED flg=0x4000010 cmp=com.android.cellbroadcastreceiver/.CellBroadcastReceiver (has extras) }
09-11 15:58:49.693  5055  5055 D CellBroadcastReceiver: Default interval 0 did not change.
09-11 15:58:49.704  3165  3165 D gpsd    : WakeLock(Acquire,GPSD)
09-11 15:58:49.704  3165  3165 D gpsd    : WakeLock(Release,GPSD)
09-11 15:58:49.704  3165  3165 D gpsd    : WakeLock(Acquire,GPSD)
09-11 15:58:49.705  3165  3165 D gpsd    : WakeLock(Release,GPSD)
09-11 15:58:49.705  3165  3165 D gpsd    : WakeLock(Acquire,GPSD)
09-11 15:58:49.705  3165  3165 D gpsd    : WakeLock(Release,GPSD)
09-11 15:58:49.726  3621  3680 I SyncManager: Got SyncJobService instance.
09-11 15:58:49.746  3165  3165 D gpsd    : WakeLock(Acquire,GPSD)
09-11 15:58:49.747  3165  3165 D gpsd    : WakeLock(Release,GPSD)
09-11 15:58:49.747  3165  3165 D gpsd    : WakeLock(Acquire,GPSD)
09-11 15:58:49.747  3165  3165 D gpsd    : WakeLock(Release,GPSD)
09-11 15:58:49.747  3165  3165 D gpsd    : WakeLock(Acquire,GPSD)
09-11 15:58:49.747  3165  3165 D gpsd    : WakeLock(Release,GPSD)
09-11 15:58:49.755  4885  4885 D TelephonyProvider: subIdString = 1 subId = 1
09-11 15:58:49.763  3165  3165 D gpsd    : WakeLock(Acquire,GPSD)
09-11 15:58:49.763  3165  3165 D gpsd    : WakeLock(Release,GPSD)
09-11 15:58:49.763  3165  3165 D gpsd    : WakeLock(Acquire,GPSD)
09-11 15:58:49.764  3165  3165 D gpsd    : WakeLock(Release,GPSD)
09-11 15:58:49.764  3165  3165 D gpsd    : WakeLock(Acquire,GPSD)
09-11 15:58:49.764  3165  3165 D gpsd    : WakeLock(Release,GPSD)
09-11 15:58:49.781  3165  3165 D gpsd    : WakeLock(Acquire,GPSD)
09-11 15:58:49.781  3165  3165 D gpsd    : WakeLock(Release,GPSD)
09-11 15:58:49.781  3165  3165 D gpsd    : WakeLock(Acquire,GPSD)
09-11 15:58:49.781  3165  3165 D gpsd    : WakeLock(Release,GPSD)
09-11 15:58:49.781  3165  3165 D gpsd    : WakeLock(Acquire,GPSD)
09-11 15:58:49.781  3165  3165 D gpsd    : WakeLock(Release,GPSD)
09-11 15:58:49.795  3165  3165 D gpsd    : WakeLock(Acquire,GPSD)
09-11 15:58:49.795  3165  3165 D gpsd    : WakeLock(Release,GPSD)
09-11 15:58:49.795  3165  3165 D gpsd    : WakeLock(Acquire,GPSD)
09-11 15:58:49.795  3165  3165 D gpsd    : WakeLock(Release,GPSD)
09-11 15:58:49.796  3165  3165 D gpsd    : WakeLock(Acquire,GPSD)
09-11 15:58:49.796  3165  3165 D gpsd    : WakeLock(Release,GPSD)
09-11 15:58:49.902  3165  3165 D gpsd    : WakeLock(Acquire,GPSD)
09-11 15:58:49.903  3165  3165 D gpsd    : WakeLock(Release,GPSD)
09-11 15:58:49.903  3165  3165 D gpsd    : WakeLock(Acquire,GPSD)
09-11 15:58:49.903  3165  3165 D gpsd    : WakeLock(Release,GPSD)
09-11 15:58:49.903  3165  3165 D gpsd    : WakeLock(Acquire,GPSD)
09-11 15:58:49.903  3165  3165 D gpsd    : WakeLock(Release,GPSD)
09-11 15:58:49.960  3165  3165 D gpsd    : WakeLock(Acquire,GPSD)
09-11 15:58:49.960  3165  3165 D gpsd    : WakeLock(Release,GPSD)
09-11 15:58:49.960  3165  3165 D gpsd    : WakeLock(Acquire,GPSD)
09-11 15:58:49.960  3165  3165 D gpsd    : WakeLock(Release,GPSD)
09-11 15:58:49.960  3165  3165 D gpsd    : WakeLock(Acquire,GPSD)
09-11 15:58:49.961  3165  3165 D gpsd    : WakeLock(Release,GPSD)
09-11 15:58:49.972  4885  4885 D TelephonyProvider: subIdString = 1 subId = 1
09-11 15:58:50.073  4885  4885 I Telephony: PstnIncomingCallNotifier: Unregistering: Handler (com.android.internal.telephony.GsmCdmaPhone) {afc4627}
09-11 15:58:50.073  4885  4885 W Telephony: TelecomAccountRegistry: Failed to get status , slotId: 0 Exception: java.lang.NullPointerException: Attempt to invoke interface method 'int org.codeaurora.internal.IExtTelephony.getCurrentUiccCardProvisioningStatus(int)' on a null object reference
09-11 15:58:50.094  3621  4758 I Telecom : PhoneAccountRegistrar: New phone account registered: [[ ] PhoneAccount: ComponentInfo{com.android.phone/com.android.services.telephony.TelephonyConnectionService}, [2628372b20c6b31a61c46f7f5a9328dbf0edaed6], UserHandle{0} Capabilities: CallProvider MultiUser PlaceEmerg SimSub  Audio Routes: BESW Schemes: tel voicemail  Extras: null GroupId: [da39a3ee5e6b4b0d3255bfef95601890afd80709]]: TSI.rPA@AB0
09-11 15:58:50.104  3621  4758 I Telecom : : Sending phone-account registered intent as user: TSI.rPA@AB0
09-11 15:58:50.105  4885  4885 I Telephony: AccountEntry: Registered phoneAccount: [[ ] PhoneAccount: ComponentInfo{com.android.phone/com.android.services.telephony.TelephonyConnectionService}, [2628372b20c6b31a61c46f7f5a9328dbf0edaed6], UserHandle{0} Capabilities: CallProvider MultiUser PlaceEmerg SimSub  Audio Routes: BESW Schemes: tel voicemail  Extras: null GroupId: [da39a3ee5e6b4b0d3255bfef95601890afd80709]] with handle: ComponentInfo{com.android.phone/com.android.services.telephony.TelephonyConnectionService}, [2628372b20c6b31a61c46f7f5a9328dbf0edaed6], UserHandle{0}
09-11 15:58:50.105  4885  4885 I Telephony: PstnIncomingCallNotifier: Registering: Handler (com.android.internal.telephony.GsmCdmaPhone) {afc4627}
09-11 15:58:50.106  4885  4885 W Telephony: TelecomAccountRegistry: Failed to get status , slotId: 1 Exception: java.lang.NullPointerException: Attempt to invoke interface method 'int org.codeaurora.internal.IExtTelephony.getCurrentUiccCardProvisioningStatus(int)' on a null object reference
09-11 15:58:50.115  4885  4885 I Telephony: TelecomAccountRegistry: Unregistering phone account ComponentInfo{com.android.phone/com.android.services.telephony.TelephonyConnectionService}, [e0184adedf913b076626646d3f52c3b49c39ad6d], UserHandle{0}.
09-11 15:58:50.124  3621  4915 I Telecom : : Sending phone-account unregistered intent as user: TSI.uPA@AB8
09-11 15:58:50.152  4885  4885 D CallNotifier: updatePhoneStateListeners: update CF notifications.
09-11 15:58:50.152  4885  4885 I Telephony: PstnIncomingCallNotifier: Unregistering: Handler (com.android.internal.telephony.GsmCdmaPhone) {afc4627}
09-11 15:58:50.153  4885  4885 W Telephony: TelecomAccountRegistry: Failed to get status , slotId: 0 Exception: java.lang.NullPointerException: Attempt to invoke interface method 'int org.codeaurora.internal.IExtTelephony.getCurrentUiccCardProvisioningStatus(int)' on a null object reference
09-11 15:58:50.174  3621  3679 I Telecom : PhoneAccountRegistrar: [ComponentInfo{com.android.phone/com.android.services.telephony.TelephonyConnectionService}, [2628372b20c6b31a61c46f7f5a9328dbf0edaed6], UserHandle{0}(icon: Icon(typ=BITMAP size=84x84) -> Icon(typ=BITMAP size=84x84))]: TSI.rPA@ACE
09-11 15:58:50.178  3621  3679 I Telecom : : Sending phone-account registered intent as user: TSI.rPA@ACE
09-11 15:58:50.179  4885  4885 I Telephony: AccountEntry: Registered phoneAccount: [[ ] PhoneAccount: ComponentInfo{com.android.phone/com.android.services.telephony.TelephonyConnectionService}, [2628372b20c6b31a61c46f7f5a9328dbf0edaed6], UserHandle{0} Capabilities: CallProvider MultiUser PlaceEmerg SimSub  Audio Routes: BESW Schemes: tel voicemail  Extras: null GroupId: [da39a3ee5e6b4b0d3255bfef95601890afd80709]] with handle: ComponentInfo{com.android.phone/com.android.services.telephony.TelephonyConnectionService}, [2628372b20c6b31a61c46f7f5a9328dbf0edaed6], UserHandle{0}
09-11 15:58:50.179  4885  4885 I Telephony: PstnIncomingCallNotifier: Registering: Handler (com.android.internal.telephony.GsmCdmaPhone) {afc4627}
09-11 15:58:50.180  4885  4885 W Telephony: TelecomAccountRegistry: Failed to get status , slotId: 1 Exception: java.lang.NullPointerException: Attempt to invoke interface method 'int org.codeaurora.internal.IExtTelephony.getCurrentUiccCardProvisioningStatus(int)' on a null object reference
09-11 15:58:50.211  4885  4885 D CallNotifier: updatePhoneStateListeners: update CF notifications.
09-11 15:58:50.211  4885  4885 I Telephony: PstnIncomingCallNotifier: Unregistering: Handler (com.android.internal.telephony.GsmCdmaPhone) {afc4627}
09-11 15:58:50.213  4885  4885 W Telephony: TelecomAccountRegistry: Failed to get status , slotId: 0 Exception: java.lang.NullPointerException: Attempt to invoke interface method 'int org.codeaurora.internal.IExtTelephony.getCurrentUiccCardProvisioningStatus(int)' on a null object reference
09-11 15:58:50.248  3621  4915 I Telecom : PhoneAccountRegistrar: [ComponentInfo{com.android.phone/com.android.services.telephony.TelephonyConnectionService}, [2628372b20c6b31a61c46f7f5a9328dbf0edaed6], UserHandle{0}(icon: Icon(typ=BITMAP size=84x84) -> Icon(typ=BITMAP size=84x84))]: TSI.rPA@ACQ
09-11 15:58:50.257  3621  4915 I Telecom : : Sending phone-account registered intent as user: TSI.rPA@ACQ
09-11 15:58:50.259  4885  4885 I Telephony: AccountEntry: Registered phoneAccount: [[ ] PhoneAccount: ComponentInfo{com.android.phone/com.android.services.telephony.TelephonyConnectionService}, [2628372b20c6b31a61c46f7f5a9328dbf0edaed6], UserHandle{0} Capabilities: CallProvider MultiUser PlaceEmerg SimSub  Audio Routes: BESW Schemes: tel voicemail  Extras: null GroupId: [da39a3ee5e6b4b0d3255bfef95601890afd80709]] with handle: ComponentInfo{com.android.phone/com.android.services.telephony.TelephonyConnectionService}, [2628372b20c6b31a61c46f7f5a9328dbf0edaed6], UserHandle{0}
09-11 15:58:50.260  4885  4885 I Telephony: PstnIncomingCallNotifier: Registering: Handler (com.android.internal.telephony.GsmCdmaPhone) {afc4627}
09-11 15:58:50.262  4885  4885 W Telephony: TelecomAccountRegistry: Failed to get status , slotId: 1 Exception: java.lang.NullPointerException: Attempt to invoke interface method 'int org.codeaurora.internal.IExtTelephony.getCurrentUiccCardProvisioningStatus(int)' on a null object reference
09-11 15:58:50.274  4885  4885 D CarrierConfigLoader: mHandler: 7 phoneId: 0
09-11 15:58:50.281  4885  4885 E CarrierConfigLoader: java.io.FileNotFoundException: /data/user_de/0/com.android.phone/files/carrierconfig-com.android.carrierconfig-89543420816751226808-72234.xml (No such file or directory)
09-11 15:58:50.282  4885  4885 D CarrierConfigLoader: Binding to com.android.carrierconfig for phone 0
09-11 15:58:50.302  3621  4758 I ActivityManager: Start proc 5231:com.android.carrierconfig/u0a5 for service com.android.carrierconfig/.DefaultCarrierConfigService
09-11 15:58:50.312  4885  4885 D CarrierSvcBindHelper: mHandler: 0
09-11 15:58:50.312  4885  4885 D CarrierSvcBindHelper: Rebinding if necessary for phoneId: 0
09-11 15:58:50.317  4885  4885 D CarrierSvcBindHelper: No carrier app for: 0
09-11 15:58:50.358  5231  5231 W System  : ClassLoader referenced unknown path: /system/priv-app/CarrierConfig/lib/arm64
09-11 15:58:50.406  5231  5231 D DefaultCarrierConfigService: Service created
09-11 15:58:50.417  4885  4885 D CallNotifier: updatePhoneStateListeners: update CF notifications.
09-11 15:58:50.420  4885  4885 I Telephony: PstnIncomingCallNotifier: Unregistering: Handler (com.android.internal.telephony.GsmCdmaPhone) {afc4627}
09-11 15:58:50.421  4885  4885 W Telephony: TelecomAccountRegistry: Failed to get status , slotId: 0 Exception: java.lang.NullPointerException: Attempt to invoke interface method 'int org.codeaurora.internal.IExtTelephony.getCurrentUiccCardProvisioningStatus(int)' on a null object reference
09-11 15:58:50.446  3621  4915 I Telecom : PhoneAccountRegistrar: [ComponentInfo{com.android.phone/com.android.services.telephony.TelephonyConnectionService}, [2628372b20c6b31a61c46f7f5a9328dbf0edaed6], UserHandle{0}(icon: Icon(typ=BITMAP size=84x84) -> Icon(typ=BITMAP size=84x84))]: TSI.rPA@ACc
09-11 15:58:50.452  3621  4915 I Telecom : : Sending phone-account registered intent as user: TSI.rPA@ACc
09-11 15:58:50.454  4885  4885 I Telephony: AccountEntry: Registered phoneAccount: [[ ] PhoneAccount: ComponentInfo{com.android.phone/com.android.services.telephony.TelephonyConnectionService}, [2628372b20c6b31a61c46f7f5a9328dbf0edaed6], UserHandle{0} Capabilities: CallProvider MultiUser PlaceEmerg SimSub  Audio Routes: BESW Schemes: tel voicemail  Extras: null GroupId: [da39a3ee5e6b4b0d3255bfef95601890afd80709]] with handle: ComponentInfo{com.android.phone/com.android.services.telephony.TelephonyConnectionService}, [2628372b20c6b31a61c46f7f5a9328dbf0edaed6], UserHandle{0}
09-11 15:58:50.454  4885  4885 I Telephony: PstnIncomingCallNotifier: Registering: Handler (com.android.internal.telephony.GsmCdmaPhone) {afc4627}
09-11 15:58:50.455  4885  4885 W Telephony: TelecomAccountRegistry: Failed to get status , slotId: 1 Exception: java.lang.NullPointerException: Attempt to invoke interface method 'int org.codeaurora.internal.IExtTelephony.getCurrentUiccCardProvisioningStatus(int)' on a null object reference
09-11 15:58:50.474  4885  4885 D CallNotifier: updatePhoneStateListeners: update CF notifications.
09-11 15:58:50.482  4885  4885 I Telephony: PstnIncomingCallNotifier: Unregistering: Handler (com.android.internal.telephony.GsmCdmaPhone) {afc4627}
09-11 15:58:50.483  4885  4885 W Telephony: TelecomAccountRegistry: Failed to get status , slotId: 0 Exception: java.lang.NullPointerException: Attempt to invoke interface method 'int org.codeaurora.internal.IExtTelephony.getCurrentUiccCardProvisioningStatus(int)' on a null object reference
09-11 15:58:50.508  3621  4758 I Telecom : PhoneAccountRegistrar: [ComponentInfo{com.android.phone/com.android.services.telephony.TelephonyConnectionService}, [2628372b20c6b31a61c46f7f5a9328dbf0edaed6], UserHandle{0}(icon: Icon(typ=BITMAP size=84x84) -> Icon(typ=BITMAP size=84x84))]: TSI.rPA@ACo
09-11 15:58:50.513  3621  4758 I Telecom : : Sending phone-account registered intent as user: TSI.rPA@ACo
09-11 15:58:50.514  4885  4885 I Telephony: AccountEntry: Registered phoneAccount: [[ ] PhoneAccount: ComponentInfo{com.android.phone/com.android.services.telephony.TelephonyConnectionService}, [2628372b20c6b31a61c46f7f5a9328dbf0edaed6], UserHandle{0} Capabilities: CallProvider MultiUser PlaceEmerg SimSub  Audio Routes: BESW Schemes: tel voicemail  Extras: null GroupId: [da39a3ee5e6b4b0d3255bfef95601890afd80709]] with handle: ComponentInfo{com.android.phone/com.android.services.telephony.TelephonyConnectionService}, [2628372b20c6b31a61c46f7f5a9328dbf0edaed6], UserHandle{0}
09-11 15:58:50.514  4885  4885 I Telephony: PstnIncomingCallNotifier: Registering: Handler (com.android.internal.telephony.GsmCdmaPhone) {afc4627}
09-11 15:58:50.516  4885  4885 W Telephony: TelecomAccountRegistry: Failed to get status , slotId: 1 Exception: java.lang.NullPointerException: Attempt to invoke interface method 'int org.codeaurora.internal.IExtTelephony.getCurrentUiccCardProvisioningStatus(int)' on a null object reference
09-11 15:58:50.561  4885  4885 E ActivityThread: Failed to find provider info for com.android.voicemail
09-11 15:58:50.562  4885  4885 I NotificationMgr: updateMwi(): subId 1 update to true
09-11 15:58:50.590  4885  4885 D CarrierConfigLoader: Connected to config app: com.android.carrierconfig/com.android.carrierconfig.DefaultCarrierConfigService
09-11 15:58:50.606  4744  5248 E MediaPlayer-JNI: JNIMediaPlayerFactory: bIsQCMediaPlayerPresent 0
09-11 15:58:50.606  4744  5248 E MediaPlayer-JNI: JNIMediaPlayerFactory: bIsQCMediaPlayerPresent 0
09-11 15:58:50.630  3621  3678 I Telecom : PhoneAccountRegistrar: [ComponentInfo{com.android.phone/com.android.services.telephony.TelephonyConnectionService}, [2628372b20c6b31a61c46f7f5a9328dbf0edaed6], UserHandle{0}(icon: Icon(typ=BITMAP size=84x84) -> Icon(typ=BITMAP size=84x84))]: TSI.rPA@AC0
09-11 15:58:50.637  3621  3678 I Telecom : : Sending phone-account registered intent as user: TSI.rPA@AC0
09-11 15:58:50.639  3178  5250 E WVMExtractor: Failed to open libwvm.so: dlopen failed: library "libwvm.so" not found
09-11 15:58:50.641  3621  4685 I chatty  : uid=1000(system) notification-sq expire 1 line
09-11 15:58:50.658  3178  5249 D NuPlayerDriver: notifyListener_l(0xf5e2acc0), (1, 0, 0), loop setting(0, 0)
09-11 15:58:50.658  4744  5248 D MediaPlayer: setSubtitleAnchor in MediaPlayer
09-11 15:58:50.664  3621  4758 I chatty  : uid=1000(system) Binder:3621_3 expire 1 line
09-11 15:58:50.665  3178  3242 D NuPlayerDriver: start(0xf5e2acc0), state is 4, eos is 0
09-11 15:58:50.666  3178  5249 I GenericSource: start
09-11 15:58:50.670  3178  5249 W Utils   : track of type 'audio/vorbis' does not publish channel mask, channel count 2
09-11 15:58:50.674  3178  5249 W Utils   : track of type 'audio/vorbis' does not publish channel mask, channel count 2
09-11 15:58:50.677  3178  5254 I MediaPlayerService: MediaPlayerService::getOMX
09-11 15:58:50.678  3178  5254 I OMXClient: MuxOMX ctor
09-11 15:58:50.679  3175  4852 I OMXMaster: makeComponentInstance(OMX.google.vorbis.decoder) in mediacodec process
09-11 15:58:50.682  3175  5157 E OMXNodeInstance: setConfig(c670040:google.vorbis.decoder, ConfigPriority(0x6f800002)) ERROR: Undefined(0x80001001)
09-11 15:58:50.682  3178  5254 I ACodec  : codec does not support config priority (err -2147483648)
09-11 15:58:50.687  3178  5254 I MediaCodec: MediaCodec will operate in async mode
09-11 15:58:50.695  4885  4885 D CarrierConfigLoader: mHandler: 3 phoneId: 0
09-11 15:58:50.697  5231  5244 D DefaultCarrierConfigService: Config being fetched
09-11 15:58:50.699  5231  5244 D DefaultCarrierConfigService: java.io.FileNotFoundException: carrier_config_72234.xml
09-11 15:58:50.721  3178  5252 D AudioTrack: Client defaulted notificationFrames to 7350 for frameCount 22050
09-11 15:58:50.728  4885  4885 D CarrierConfigLoader: mHandler: 5 phoneId: 0
09-11 15:58:50.748  3621  3621 I Telecom : PhoneAccountRegistrar: SimCallManager queried, returning: null: TSI.gSCMFU@AC4
09-11 15:58:50.776  4885  4885 D VvmSimChangeReceiver: Carrier config changed
09-11 15:58:50.777  4885  4885 D VvmSimChangeReceiver: User locked, activation request delayed until unlock
09-11 15:58:50.923  3168  3386 D audio_hw_primary_abox: primary_out-set_audio_route: [PLAYBACK] current-device(none) new-device(speaker) in cur-mode(normal) & new-mode(normal)!
09-11 15:58:50.923  3168  3386 I audio_hw_primary_abox: is_voice_wakeup : ret =  0  , wakeup_baby_cry_enabled = 0  ,  wakeup_mic_enabled = 0 
09-11 15:58:50.923  3168  3386 I audio_route: > audio_route_apply_path : "media-speaker"
09-11 15:58:50.927  3178  5249 D NuPlayerDriver: notifyListener_l(0xf5e2acc0), (6, 0, 0), loop setting(0, 0)
09-11 15:58:50.929  3168  3386 I audio_route: > audio_route_update_path + : "media-speaker" reverse(0)
09-11 15:58:50.929  3168  3386 I audio_route: > audio_route_update_path - : changed(0)
09-11 15:58:50.929  3168  3386 D audio_hw_primary_abox: primary_out-do_set_route: Enabled Audio Route(media-speaker)
09-11 15:58:50.929  3168  3386 I audio_route: > audio_route_apply_path : "gain-media-speaker"
09-11 15:58:50.929  3168  3386 I audio_route: > audio_route_update_path + : "gain-media-speaker" reverse(0)
09-11 15:58:50.929  3168  3386 I audio_route: > audio_route_update_path - : changed(0)
09-11 15:58:50.929  3168  3386 D audio_hw_primary_abox: primary_out-do_set_route: Enabled Audio Gain(gain-media-speaker)
09-11 15:58:50.933  3168  3386 I audio_hw_primary_abox: [do_open_spkamp_stream] Opened PCM Device(/dev/snd/pcmC0D7p) configured Info: Channels(2)  Smapling Rate(48000), Format: Default(0)
09-11 15:58:50.949  3168  3386 I audio_hw_primary_abox: [do_open_spkamp_stream] Opened PCM Device(/dev/snd/pcmC0D11c) configured Info: Channels(2)  Smapling Rate(48000), Format: Default(0)
09-11 15:58:50.954  3168  3386 I audio_hw_primary_abox: [do_open_spkamp_stream] Opened PCM Device(/dev/snd/pcmC0D12c) configured Info: Channels(2)  Smapling Rate(48000), Format: Default(0)
09-11 15:58:50.960  3168  3386 I audio_hw_primary_abox: [do_open_spkamp_stream] Opened PCM Device(/dev/snd/pcmC0D6p) configured Info: Channels(2)  Smapling Rate(48000), Format: Default(0)
09-11 15:58:50.981  3168  3386 I audio_hw_primary_abox: primary_out-do_open_output_stream: Opened PCM Device is /dev/snd/pcmC0D0p samplingRate(48000) pcmformat(0)
09-11 15:58:50.981  3168  3386 I audio_hw_primary_abox: primary_out-out_write: Transit to Idle
09-11 15:58:50.985  3168  3386 I audio_hw_primary_abox: primary_out-out_write: Transit to Playing
09-11 15:58:51.080  3168  3386 D AudioFlinger: mixer(0xf6203cc0) throttle end: throttle time(80)
09-11 15:58:51.764  3178  5253 I NuPlayerDecoder: [audio] saw output EOS
09-11 15:58:52.201  3178  5249 D NuPlayerDriver: notifyListener_l(0xf5e2acc0), (2, 0, 0), loop setting(0, 0)
09-11 15:58:52.203  3621  4914 I chatty  : uid=1000(system) Binder:3621_5 expire 1 line
09-11 15:58:52.663  3621  4758 I chatty  : uid=1000(system) Binder:3621_3 expire 1 line
09-11 15:58:52.692  5055  5055 D CellBroadcastReceiver: onReceive Intent { act=android.intent.action.SERVICE_STATE flg=0x10 cmp=com.android.cellbroadcastreceiver/.CellBroadcastReceiver (has extras) }
09-11 15:58:52.692  5055  5055 D CellBroadcastReceiver: Intent: android.intent.action.SERVICE_STATE
09-11 15:58:52.777  4885  4885 D TelephonyProvider: subIdString = 1 subId = 1
09-11 15:58:54.765  3491  3491 W         : eglTerminate 2662: PID Exeption @unknown
09-11 15:58:55.090  3168  3386 V audio_hw_primary_abox: primary_out-out_standby: enter
09-11 15:58:55.091  3168  3386 I audio_hw_primary_abox: primary_out-out_standby: Transit to Idle
09-11 15:58:55.102  3168  3386 I audio_hw_primary_abox: primary_out-do_close_output_stream: Closed PCM Device
09-11 15:58:55.102  3168  3386 D audio_hw_primary_abox: primary_out-set_audio_route: [PLAYBACK] current-device(speaker) new-device(speaker) in cur-mode(normal) & new-mode(normal)!
09-11 15:58:55.123  3168  3386 I audio_hw_primary_abox: USAGE_SPKAMP-do_close_spkamp_stream: Closed PCM Device is /dev/snd/pcmC0D7p
09-11 15:58:55.130  3168  3386 I audio_hw_primary_abox: USAGE_SPKAMP-do_close_spkamp_stream: Closed PCM Device is /dev/snd/pcmC0D11c
09-11 15:58:55.136  3168  3386 I audio_hw_primary_abox: USAGE_SPKAMP-do_close_spkamp_stream: Closed PCM Device is /dev/snd/pcmC0D12c
09-11 15:58:55.138  3168  3386 I audio_hw_primary_abox: USAGE_SPKAMP-do_close_spkamp_stream: Closed PCM Device is /dev/snd/pcmC0D6p
09-11 15:58:55.138  3168  3386 I audio_route: > audio_route_update_path + : "media-speaker" reverse(1)
09-11 15:58:55.143  3168  3386 I audio_route: > audio_route_update_path - : changed(3)
09-11 15:58:55.144  3168  3386 D audio_hw_primary_abox: primary_out-do_set_route: Disabled Audio Route(media-speaker)
09-11 15:58:55.144  3168  3386 I audio_route: > audio_route_update_path + : "gain-media-speaker" reverse(1)
09-11 15:58:55.144  3168  3386 I audio_route: > audio_route_update_path - : changed(0)
09-11 15:58:55.144  3168  3386 D audio_hw_primary_abox: primary_out-do_set_route: Disabled Audio Gain(gain-media-speaker)
09-11 15:58:55.144  3168  3386 I audio_hw_primary_abox: primary_out-out_standby: Transit to Standby
09-11 15:58:55.144  3168  3386 V audio_hw_primary_abox: primary_out-out_standby: exit
09-11 15:58:55.183  3171  3171 E         : Unable to unlink boot marker at /data//dalvik-cache/arm64/.booting, error=No such file or directory
09-11 15:58:55.185  3621  3688 W ActivityManager: Unable to mark boot complete for abi: arm64-v8a (Failed to execute markbootcomplete [arm64]: -1)
09-11 15:58:55.186  3171  3171 E         : Unable to unlink boot marker at /data//dalvik-cache/arm/.booting, error=No such file or directory
09-11 15:58:55.187  3621  3688 W ActivityManager: Unable to mark boot complete for abi: armeabi-v7a (Failed to execute markbootcomplete [arm]: -1)
09-11 15:58:55.191  3621  3688 I SystemServiceManager: Starting phase 1000
09-11 15:58:55.231  3074  3074 W auditd  : type=1325 audit(0.0:176): table=filter family=2 entries=100
09-11 15:58:55.231  3074  3074 W auditd  : type=1320 audit(0.0:176): 
09-11 15:58:55.236  3621  4718 E LiveDisplay: Color temperature out of range: 0
09-11 15:58:55.247  3074  3074 W auditd  : type=1325 audit(0.0:177): table=filter family=10 entries=111
09-11 15:58:55.247  3074  3074 W auditd  : type=1320 audit(0.0:177): 
09-11 15:58:55.258  3621  3688 I ActivityManager: Start proc 5269:android.ext.services/u0a11 for on-hold
09-11 15:58:55.260  3621  3688 D ActivityManager: Finishing user boot 0
09-11 15:58:55.262  3621  3688 D CryptdConnector: SND -> {5 cryptfs prepare_user_storage ! 0 0 2}
09-11 15:58:55.263  3074  3074 W auditd  : type=1325 audit(0.0:178): table=filter family=2 entries=99
09-11 15:58:55.263  3074  3074 W auditd  : type=1320 audit(0.0:178): 
09-11 15:58:55.263  3065  3135 D vold    : e4crypt_prepare_user_storage for volume null, user 0, serial 0, flags 2
09-11 15:58:55.263  3065  3135 D vold    : Preparing: /data/system_ce/0
09-11 15:58:55.264  3065  3135 D vold    : Preparing: /data/misc_ce/0
09-11 15:58:55.264  3065  3135 D vold    : Preparing: /data/media/0
09-11 15:58:55.264  3065  3135 D vold    : Preparing: /data/data
09-11 15:58:55.264  3621  4043 D CryptdConnector: RCV <- {200 5 Command succeeded}
09-11 15:58:55.266  3621  3688 V UserManagerService: Found /data/user/0 with serial number 0
09-11 15:58:55.266  3621  3688 V UserManagerService: Found /data/system_ce/0 with serial number 0
09-11 15:58:55.266  3621  3688 V PackageManager: reconcileAppsData for null u0 0x2
09-11 15:58:55.284  5274  5274 I bootstat: Service started: /system/bin/bootstat --record_boot_complete 
09-11 15:58:55.287  3074  3074 W auditd  : type=1325 audit(0.0:179): table=filter family=10 entries=110
09-11 15:58:55.287  3074  3074 W auditd  : type=1320 audit(0.0:179): 
09-11 15:58:55.287  5274  5274 I bootstat: Logging histogram: bootstat_mtime_matches_content 1
09-11 15:58:55.289  5274  5274 I bootstat: Logging histogram: bootstat_mtime_matches_content 1
09-11 15:58:55.289  5274  5274 E bootstat: Failed to read /data/misc/bootstat/post_decrypt_time_elapsed: No such file or directory
09-11 15:58:55.289  5274  5274 E bootstat: Failed to parse boot time record: /data/misc/bootstat/post_decrypt_time_elapsed
09-11 15:58:55.306  5292  5292 I bootstat: Service started: /system/bin/bootstat --record_boot_reason 
09-11 15:58:55.307  5292  5292 I bootstat: Unknown boot reason: 
09-11 15:58:55.322  5296  5296 I bootstat: Service started: /system/bin/bootstat --record_time_since_factory_reset 
09-11 15:58:55.322  5296  5296 I bootstat: Logging histogram: factory_reset_current_time 1505156335
09-11 15:58:55.324  5296  5296 I bootstat: Logging histogram: bootstat_mtime_matches_content 1
09-11 15:58:55.325  5296  5296 I bootstat: Logging histogram: factory_reset_record_value 1505155439
09-11 15:58:55.339  5298  5298 I bootstat: Service started: /system/bin/bootstat -l 
09-11 15:58:55.339  5298  5298 I bootstat: Logging histogram: bootstat_mtime_matches_content 1
09-11 15:58:55.340  5298  5298 I bootstat: Logging histogram: bootstat_mtime_matches_content 1
09-11 15:58:55.340  5298  5298 I bootstat: Logging histogram: bootstat_mtime_matches_content 1
09-11 15:58:55.341  5298  5298 I bootstat: Logging histogram: bootstat_mtime_matches_content 1
09-11 15:58:55.341  5298  5298 I bootstat: Logging histogram: bootstat_mtime_matches_content 1
09-11 15:58:55.341  5298  5298 I bootstat: Logging histogram: bootstat_mtime_matches_content 1
09-11 15:58:55.341  5298  5298 I bootstat: Logging histogram: bootstat_mtime_matches_content 1
09-11 15:58:55.342  5298  5298 I bootstat: Logging histogram: bootstat_mtime_matches_content 1
09-11 15:58:55.342  5298  5298 I bootstat: Logging histogram: bootstat_mtime_matches_content 1
09-11 15:58:55.342  5298  5298 I bootstat: Logging histogram: bootstat_mtime_matches_content 1
09-11 15:58:55.342  5298  5298 I bootstat: Logging histogram: bootstat_mtime_matches_content 1
09-11 15:58:55.342  5298  5298 I bootstat: Logging histogram: bootstat_mtime_matches_content 1
09-11 15:58:55.342  5298  5298 I bootstat: Logging histogram: last_boot_time_utc 1505156335
09-11 15:58:55.342  5298  5298 I bootstat: Logging histogram: build_date 1504973533
09-11 15:58:55.342  5298  5298 I bootstat: Logging histogram: ota_boot_complete_no_encryption 62
09-11 15:58:55.342  5298  5298 I bootstat: Logging histogram: ota_boot_complete 62
09-11 15:58:55.342  5298  5298 I bootstat: Logging histogram: boot_reason 1
09-11 15:58:55.342  5298  5298 I bootstat: Logging histogram: factory_reset_current_time 1505156335
09-11 15:58:55.342  5298  5298 I bootstat: Logging histogram: factory_reset 1505155439
09-11 15:58:55.342  5298  5298 I bootstat: Logging histogram: time_since_last_boot 896
09-11 15:58:55.342  5298  5298 I bootstat: Logging histogram: boot_complete_no_encryption 59
09-11 15:58:55.342  5298  5298 I bootstat: Logging histogram: boot_complete 59
09-11 15:58:55.342  5298  5298 I bootstat: Logging histogram: factory_reset_record_value 1505155439
09-11 15:58:55.342  5298  5298 I bootstat: Logging histogram: time_since_factory_reset 896
09-11 15:58:55.390  3621  3688 V PackageManager: reconcileAppsData finished 91 packages
09-11 15:58:55.390  3621  3688 I chatty  : uid=1000(system) android.display expire 1 line
09-11 15:58:55.393  3621  3681 D BluetoothManagerService: User 0 unlocked
09-11 15:58:55.393  3621  3681 D MountService: onUnlockUser 0
09-11 15:58:55.393  3621  3687 D BluetoothManagerService: MESSAGE_USER_UNLOCKED
09-11 15:58:55.393  3621  3681 D VoldConnector: SND -> {6 volume user_started 0}
09-11 15:58:55.394  3621  4676 I chatty  : uid=1000(system) WifiStateMachin expire 7 lines
09-11 15:58:55.394  3621  4680 D ConnectivityService: Got NetworkFactory Messenger for WIFI
09-11 15:58:55.394  3621  4680 D ConnectivityService: Got NetworkFactory Messenger for WIFI_UT
09-11 15:58:55.396  3065  3134 D vold    : Linking /storage/emulated/0 to /mnt/user/0/primary
09-11 15:58:55.400  3621  4042 D VoldConnector: RCV <- {200 6 Command succeeded}
09-11 15:58:55.406  3621  4041 D MountService: Volume emulated broadcasting mounted to UserHandle{0}
09-11 15:58:55.412  3621  3621 I ActivityManager: Start proc 5307:com.android.deskclock/u0a45 for broadcast com.android.deskclock/.AlarmInitReceiver
09-11 15:58:55.414  5269  5269 W System  : ClassLoader referenced unknown path: /system/priv-app/ExtServices/lib/arm64
09-11 15:58:55.463  3621  3681 V BackupManagerService: No ancestral data
09-11 15:58:55.465  5307  5307 W System  : ClassLoader referenced unknown path: /system/app/DeskClock/lib/arm64
09-11 15:58:55.470  4724  4724 W InputAttributes: No editor info for this field. Bug?
09-11 15:58:55.476  3621  3681 V BackupManagerService: Starting with transport com.google.android.gms/.backup.BackupTransportService
09-11 15:58:55.476  3621  3681 V BackupManagerService: Found transports: 1
09-11 15:58:55.477  3621  3680 I chatty  : uid=1000(system) android.bg expire 1 line
09-11 15:58:55.479  3621  3681 I BackupManagerService: Backup enabled => false
09-11 15:58:55.501  3621  3621 V BackupManagerService: Connected to transport ComponentInfo{android/com.android.internal.backup.LocalTransportService}
09-11 15:58:55.501  3621  3621 V BackupManagerService: Registering transport android/com.android.internal.backup.LocalTransportService::android/com.android.internal.backup.LocalTransport = android.app.backup.BackupTransport$TransportImpl@e7bca2e
09-11 15:58:55.532  3621  5325 V KeyValueBackupJob: Scheduling k/v pass in 242 minutes
09-11 15:58:55.553  3621  5325 V KeyValueBackupJob: Scheduling k/v pass in 248 minutes
09-11 15:58:55.559  5336  5336 I SharedPreferenc: type=1400 audit(0.0:180): avc: denied { read } for name="com.android.deskclock_preferences.xml" dev="sda24" ino=3121350 scontext=u:r:untrusted_app:s0:c512,c768 tcontext=u:object_r:system_data_file:s0:c512,c768 tclass=file permissive=1
09-11 15:58:55.559  5336  5336 W SharedPreferenc: type=1300 audit(0.0:180): arch=c00000b7 syscall=48 success=yes exit=0 a0=ffffff9c a1=7f8ae3a180 a2=4 a3=0 items=0 ppid=3166 auid=4294967295 uid=10045 gid=10045 euid=10045 suid=10045 fsuid=10045 egid=10045 sgid=10045 fsgid=10045 tty=(none) ses=4294967295 exe="/system/bin/app_process64" subj=u:r:untrusted_app:s0:c512,c768 key=(null)
09-11 15:58:55.559  3074  3074 W auditd  : type=1327 audit(0.0:180): proctitle="com.android.deskclock"
09-11 15:58:55.559  3074  3074 W auditd  : type=1320 audit(0.0:180): 
09-11 15:58:55.559  5336  5336 I SharedPreferenc: type=1400 audit(0.0:181): avc: denied { getattr } for path="/data/user_de/0/com.android.deskclock/shared_prefs/com.android.deskclock_preferences.xml" dev="sda24" ino=3121350 scontext=u:r:untrusted_app:s0:c512,c768 tcontext=u:object_r:system_data_file:s0:c512,c768 tclass=file permissive=1
09-11 15:58:55.559  5336  5336 W SharedPreferenc: type=1300 audit(0.0:181): arch=c00000b7 syscall=79 success=yes exit=0 a0=ffffff9c a1=7f8ae3a180 a2=7f8b248bf8 a3=0 items=0 ppid=3166 auid=4294967295 uid=10045 gid=10045 euid=10045 suid=10045 fsuid=10045 egid=10045 sgid=10045 fsgid=10045 tty=(none) ses=4294967295 exe="/system/bin/app_process64" subj=u:r:untrusted_app:s0:c512,c768 key=(null)
09-11 15:58:55.559  3074  3074 W auditd  : type=1327 audit(0.0:181): proctitle="com.android.deskclock"
09-11 15:58:55.559  3074  3074 W auditd  : type=1320 audit(0.0:181): 
09-11 15:58:55.582  3621  3681 W VoiceInteractionManagerService: no available voice interaction services found for user 0
09-11 15:58:55.583  3621  3681 W VoiceInteractionManagerService: no available voice recognition services found for user 0
09-11 15:58:55.584  3621  3681 I BrokerableCMSystemService: Connecting to implementation
09-11 15:58:55.585  3621  3681 W ContextImpl: Calling a method in the system process without a qualified user: android.app.ContextImpl.bindService:1421 org.cyanogenmod.platform.internal.BrokerableCMSystemService.tryConnecting:199 org.cyanogenmod.platform.internal.WeatherManagerServiceBroker.onUnlockUser:97 com.android.server.SystemServiceManager.unlockUser:179 com.android.server.am.ActivityManagerService$MainHandler.handleMessage:2067 
09-11 15:58:55.600  3621  3681 I ActivityManager: Start proc 5338:org.cyanogenmod.weatherservice/u0a31 for service org.cyanogenmod.weatherservice/.WeatherManagerService
09-11 15:58:55.601  3621  3681 I ActivityManager: Loading recents for user 0 into memory.
09-11 15:58:55.620  3621  3681 I ActivityManager: Start proc 5350:org.cyanogenmod.audiofx/u0a2 for added application org.cyanogenmod.audiofx
