09-08 08:26:17.775  3589  4702 D NotificationSQLiteLog: Pruned event entries: 0
09-08 08:26:17.776  4948  4948 E TelephonyProvider: dbh.selectConflictingRow: Expected 1 but found 0 matching rows found for cv mnc=01 sub_id=-1 bearer_bitmask=0 numeric=42901 name=Nepal Telecom Internet mcc=429 apn=ntnet type=default,supl
09-08 08:26:17.777  4948  4948 E TelephonyProvider: dbh.selectConflictingRow: Expected 1 but found 0 matching rows found for cv mnc=01 mmsport=8000 sub_id=-1 bearer_bitmask=0 mmsc=http://192.80.11.180 numeric=42901 mmsproxy=192.80.7.133 name=Nepal Telecom MMS mcc=429 apn=ntmms type=mms
09-08 08:26:17.779  4948  4948 E TelephonyProvider: dbh.selectConflictingRow: Expected 1 but found 0 matching rows found for cv mnc=02 mmsport=8080 sub_id=-1 bearer_bitmask=0 mmsc=http://192.168.19.15 numeric=42902 mmsproxy=192.168.19.15 name=Ncell MMS mcc=429 apn=mms type=mms
09-08 08:26:17.780  4948  4948 E TelephonyProvider: dbh.selectConflictingRow: Expected 1 but found 0 matching rows found for cv mnc=02 sub_id=-1 bearer_bitmask=0 numeric=42902 proxy=192.168.19.15 name=Ncell WAP port=8080 mcc=429 apn=web type=default,supl
09-08 08:26:17.781  3589  3589 I BrokerableCMSystemService: Implementation service connected
09-08 08:26:17.784  4948  4948 E TelephonyProvider: dbh.selectConflictingRow: Expected 1 but found 0 matching rows found for cv password=0000 mnc=10 sub_id=-1 bearer_bitmask=0 numeric=44010 name=AsahiNet 3G 128K mcc=440 authtype=3 apn=3g.mobac.net type=default,supl user=d@x3.asahinet.jp
09-08 08:26:17.785  4948  4948 E TelephonyProvider: dbh.selectConflictingRow: Expected 1 but found 0 matching rows found for cv password=0000 mnc=10 sub_id=-1 bearer_bitmask=0 numeric=44010 name=AsahiNet LTE 128K mcc=440 authtype=3 apn=lte.mobac.net type=default,supl user=d@x.asahinet.jp
09-08 08:26:17.787  4948  4948 E TelephonyProvider: dbh.selectConflictingRow: Expected 1 but found 0 matching rows found for cv password=dmm mnc=10 sub_id=-1 bearer_bitmask=0 numeric=44010 name=DMM mobile mcc=440 authtype=3 apn=vmobile.jp type=default,supl user=dmm@dmm.com
09-08 08:26:17.789  3589  3589 D ConditionProviders.SCP: onSubscribe condition://android/schedule?days=6.7&start=23.30&end=10.0&exitAtAlarm=false
09-08 08:26:17.790  3589  3589 D ConditionProviders.SCP: setRegistered true
09-08 08:26:17.791  3589  3589 D ConditionProviders.SCP: notifyCondition condition://android/schedule?days=6.7&start=23.30&end=10.0&exitAtAlarm=false STATE_FALSE reason=!meetsSchedule
09-08 08:26:17.796  4948  4948 E TelephonyProvider: dbh.selectConflictingRow: Expected 1 but found 0 matching rows found for cv password=p123456w mnc=10 sub_id=-1 bearer_bitmask=0 numeric=44010 name=Wonderlink F mcc=440 authtype=1 apn=lte.fenics.jp type=default,supl user=wl@s.lte.fenics.jp
09-08 08:26:17.796  3589  3589 D ConditionProviders.SCP: Scheduling evaluate for Fri Sep 08 10:00:00 GMT+00:00 2017 (1504864800000), in +1h33m42s210ms, now=Fri Sep 08 08:26:17 GMT+00:00 2017 (1504859177790)
09-08 08:26:17.797  4948  4948 E TelephonyProvider: dbh.selectConflictingRow: Expected 1 but found 0 matching rows found for cv password=p123456w mnc=10 sub_id=-1 bearer_bitmask=0 numeric=44010 name=Wonderlink I mcc=440 authtype=2 apn=vmobile.jp type=default,supl user=wl@wlte.net
09-08 08:26:17.797  3589  3589 D ConditionProviders.SCP: onSubscribe condition://android/schedule?days=1.2.3.4.5&start=22.0&end=7.0&exitAtAlarm=false
09-08 08:26:17.798  4948  4948 E TelephonyProvider: dbh.selectConflictingRow: Expected 1 but found 0 matching rows found for cv password=bmobile mnc=10 sub_id=-1 bearer_bitmask=0 numeric=44010 name=b-mobile aeon mcc=440 authtype=3 apn=bmobile.ne.jp type=default,supl user=bmobile@aeon
09-08 08:26:17.799  4948  4948 E TelephonyProvider: dbh.selectConflictingRow: Expected 1 but found 0 matching rows found for cv password=bmobile mnc=10 sub_id=-1 bearer_bitmask=0 numeric=44010 name=b-mobile am mcc=440 authtype=3 apn=bmobile.ne.jp type=default,supl user=bmobile@am
09-08 08:26:17.799  3589  3589 D ConditionProviders.SCP: notifyCondition condition://android/schedule?days=6.7&start=23.30&end=10.0&exitAtAlarm=false STATE_FALSE reason=!meetsSchedule
09-08 08:26:17.799  4948  4948 E TelephonyProvider: dbh.selectConflictingRow: Expected 1 but found 0 matching rows found for cv password=bmobile mnc=10 sub_id=-1 bearer_bitmask=0 numeric=44010 name=b-mobile fr mcc=440 authtype=3 apn=bmobile.ne.jp type=default,supl user=bmobile@fr
09-08 08:26:17.800  3589  3589 D ConditionProviders.SCP: notifyCondition condition://android/schedule?days=1.2.3.4.5&start=22.0&end=7.0&exitAtAlarm=false STATE_FALSE reason=!meetsSchedule
09-08 08:26:17.800  4948  4948 E TelephonyProvider: dbh.selectConflictingRow: Expected 1 but found 0 matching rows found for cv password=bmobile mnc=10 sub_id=-1 bearer_bitmask=0 numeric=44010 name=b-mobile spd mcc=440 authtype=3 apn=bmobile.ne.jp type=default,supl user=bmobile@spd
09-08 08:26:17.801  3589  3589 D ConditionProviders.SCP: Scheduling evaluate for Fri Sep 08 10:00:00 GMT+00:00 2017 (1504864800000), in +1h33m42s202ms, now=Fri Sep 08 08:26:17 GMT+00:00 2017 (1504859177798)
09-08 08:26:17.804  4948  4948 E TelephonyProvider: dbh.selectConflictingRow: Expected 1 but found 0 matching rows found for cv password=bmobile mnc=10 sub_id=-1 bearer_bitmask=0 numeric=44010 name=b-mobile u300 mcc=440 authtype=3 apn=bmobile.ne.jp type=default,supl user=bmobile@u300
09-08 08:26:17.805  4948  4948 E TelephonyProvider: dbh.selectConflictingRow: Expected 1 but found 0 matching rows found for cv password=bmobile mnc=10 sub_id=-1 bearer_bitmask=0 numeric=44010 name=b-mobile xsim mcc=440 authtype=3 apn=bmobile.ne.jp type=default,supl user=bmobile@xsim
09-08 08:26:17.806  4948  4948 E TelephonyProvider: dbh.selectConflictingRow: Expected 1 but found 0 matching rows found for cv password=bmobile mnc=10 sub_id=-1 bearer_bitmask=0 numeric=44010 name=b-mobile zsim mcc=440 authtype=3 apn=bmobile.ne.jp type=default,supl user=bmobile@zsim
09-08 08:26:17.807  4948  4948 E TelephonyProvider: dbh.selectConflictingRow: Expected 1 but found 0 matching rows found for cv password=hi-ho mnc=10 sub_id=-1 bearer_bitmask=0 numeric=44010 name=hi-ho mcc=440 authtype=3 apn=vmobile.jp type=default,supl user=lte@hi-ho
09-08 08:26:17.807  3589  3589 D RttService: SCAN_AVAILABLE : 3
09-08 08:26:17.808  3589  4695 D wifi    : failed to get capabilities : -95
09-08 08:26:17.808  3589  4696 D RttService: DefaultState got{ when=-1ms what=160512 target=com.android.internal.util.StateMachine$SmHandler }
09-08 08:26:17.817  4948  4948 E TelephonyProvider: dbh.selectConflictingRow: Expected 1 but found 0 matching rows found for cv password=vrkt mnc=10 sub_id=-1 bearer_bitmask=0 numeric=44010 name= mcc=440 authtype=3 apn=vdm.jp type=default,supl user=rakuten@vdm
09-08 08:26:17.822  3589  4695 I WifiScanningService: wifi driver loaded with scan capabilities: max buckets=16
09-08 08:26:17.825  3589  4703 E ActivityThread: Failed to find provider info for com.android.calendar
09-08 08:26:17.826  3589  4703 E ActivityThread: Failed to find provider info for com.android.calendar
09-08 08:26:17.836  4948  4948 E TelephonyProvider: dbh.selectConflictingRow: Expected 1 but found 0 matching rows found for cv mnc=00 mmsport=8080 sub_id=-1 bearer_bitmask=0 mmsc=http://192.168.58.171:8002 numeric=45400 mmsproxy=192.168.59.51 name=1O1O mcc=454 authtype=3 apn=mobile type=default,mms,hipri
09-08 08:26:17.839  4948  4948 E TelephonyProvider: dbh.selectConflictingRow: Expected 1 but found 0 matching rows found for cv mnc=00 mmsport=8080 sub_id=-1 bearer_bitmask=0 mmsc=http://192.168.58.171:8002 numeric=45400 mmsproxy=192.168.59.51 name=1O1O mcc=454 authtype=3 apn=mobile type=default,mms,hipri
09-08 08:26:17.840  4948  4948 E TelephonyProvider: dbh.selectConflictingRow: Expected 1 but found 0 matching rows found for cv mnc=00 sub_id=-1 bearer_bitmask=0 numeric=45400 name=1O1O Tethering mcc=454 apn=lte.internet type=dun
09-08 08:26:17.841  4948  4948 E TelephonyProvider: dbh.selectConflictingRow: Expected 1 but found 0 matching rows found for cv mvno_match_data=01010000 sub_id=-1 mvno_type=gid numeric=45400 mmsc=http://192.168.58.171:8002 bearer_bitmask=0 authtype=3 mnc=00 mmsport=8080 mmsproxy=192.168.59.51 name=1O1O mcc=454 apn=mobile type=default,mms,hipri
09-08 08:26:17.842  4948  4948 E TelephonyProvider: dbh.selectConflictingRow: Expected 1 but found 0 matching rows found for cv mvno_match_data=01010000 mnc=00 sub_id=-1 mvno_type=gid bearer_bitmask=0 numeric=45400 name=1O1O Tethering mcc=454 apn=lte.internet type=dun
09-08 08:26:17.842  4948  4948 E TelephonyProvider: dbh.selectConflictingRow: Expected 1 but found 0 matching rows found for cv mnc=00 mmsport=8080 sub_id=-1 bearer_bitmask=0 mmsc=http://192.168.58.171:8002 numeric=45400 mmsproxy=192.168.59.61 name=SUN Mobile mcc=454 authtype=3 apn=SUNMobile type=default,mms
09-08 08:26:17.843  4948  4948 E TelephonyProvider: dbh.selectConflictingRow: Expected 1 but found 0 matching rows found for cv mvno_match_data=01030000 sub_id=-1 mvno_type=gid numeric=45400 mmsc=http://192.168.58.171:8002 bearer_bitmask=0 authtype=3 mnc=00 mmsport=8080 mmsproxy=192.168.59.61 name=SUN Mobile mcc=454 apn=SUNMobile type=default,mms
09-08 08:26:17.846  4948  4948 E TelephonyProvider: dbh.selectConflictingRow: Expected 1 but found 0 matching rows found for cv mnc=02 mmsport=8080 sub_id=-1 bearer_bitmask=0 mmsc=http://192.168.58.171:8002 numeric=45402 mmsproxy=192.168.59.51 name=1O1O mcc=454 authtype=3 apn=mobile type=default,mms,hipri
09-08 08:26:17.848  4948  4948 E TelephonyProvider: dbh.selectConflictingRow: Expected 1 but found 0 matching rows found for cv mnc=02 sub_id=-1 bearer_bitmask=0 numeric=45402 name=1O1O Tethering mcc=454 apn=lte.internet type=dun
09-08 08:26:17.855  3589  3589 I Telecom : WiredHeadsetManager: ACTION_HEADSET_PLUG event, plugged in: false, : WHC.oADA@AAE
09-08 08:26:17.858  4948  4948 E TelephonyProvider: dbh.selectConflictingRow: Expected 1 but found 0 matching rows found for cv mnc=18 mmsport=8080 sub_id=-1 bearer_bitmask=0 mmsc=http://192.168.58.171:8002 numeric=45418 mmsproxy=192.168.59.51 name=1O1O mcc=454 authtype=3 apn=mobile type=default,mms,hipri
09-08 08:26:17.859  4948  4948 E TelephonyProvider: dbh.selectConflictingRow: Expected 1 but found 0 matching rows found for cv mnc=18 sub_id=-1 bearer_bitmask=0 numeric=45418 name=1O1O Tethering mcc=454 apn=lte.internet type=dun
09-08 08:26:17.859  3589  3589 I ActivityManager: user 0 is still locked. Cannot load recents
09-08 08:26:17.863  4948  4948 E TelephonyProvider: dbh.selectConflictingRow: Expected 1 but found 0 matching rows found for cv mnc=01 mmsport=8080 sub_id=-1 bearer_bitmask=0 mmsc=http://mms.wap.ctm.net:8002 numeric=45501 mmsproxy=192.168.99.3 name=CTM MMS mcc=455 apn=ctmmms type=mms
09-08 08:26:17.870  4779  4897 I BinaryDictionaryFileDumper: reinitializeClientRecordInDictionaryContentProvider() : Insert DictionaryInfo : Id = 'main:iw' : Locale=iw : Version=44
09-08 08:26:17.884  4948  4948 E TelephonyProvider: dbh.selectConflictingRow: Expected 1 but found 0 matching rows found for cv mnc=08 sub_id=-1 bearer_bitmask=0 numeric=45608 name=Metfone mcc=456 apn=Metfone type=default,supl
09-08 08:26:17.887  4948  4948 E TelephonyProvider: dbh.selectConflictingRow: Expected 1 but found 0 matching rows found for cv mnc=00 sub_id=-1 bearer_bitmask=0 numeric=46000 name= GPRS (China Mobile) mcc=460 apn=cmnet type=default,supl
09-08 08:26:17.892  4948  4948 E TelephonyProvider: dbh.selectConflictingRow: Expected 1 but found 0 matching rows found for cv mnc=00 sub_id=-1 bearer_bitmask=0 numeric=46000 name=China Mobile mcc=460 apn=cmnet type=default,supl
09-08 08:26:17.893  4948  4948 E TelephonyProvider: dbh.selectConflictingRow: Expected 1 but found 0 matching rows found for cv mnc=00 mmsport=80 sub_id=-1 bearer_bitmask=0 mmsc=http://mmsc.monternet.com mmsproxy=10.0.0.172 numeric=46000 proxy=10.0.0.172 name=China Mobile MMS port=80 mcc=460 apn=cmwap type=mms
09-08 08:26:17.897  4948  4948 E TelephonyProvider: dbh.selectConflictingRow: Expected 1 but found 0 matching rows found for cv password= sub_id=-1 bearer_bitmask=0 numeric=46001 mmsc= authtype=3 user= mnc=01 proxy= name=3g port= mcc=460 apn=3gnet type=default,supl
09-08 08:26:17.898  4948  4948 E TelephonyProvider: dbh.selectConflictingRow: Expected 1 but found 0 matching rows found for cv password= sub_id=-1 bearer_bitmask=0 numeric=46001 mmsc=http://mmsc.myuni.com.cn authtype=3 user= mnc=01 mmsport=80 proxy= mmsproxy=10.0.0.172 name=3g port= mcc=460 apn=3gwap type=mms
09-08 08:26:17.899  4948  4948 E TelephonyProvider: dbh.selectConflictingRow: Expected 1 but found 0 matching rows found for cv mnc=01 mmsport=80 sub_id=-1 bearer_bitmask=0 mmsc=http://mmsc.myuni.com.cn numeric=46001 mmsproxy=10.0.0.172 name=China Unicom MMS mcc=460 apn=uniwap type=mms
09-08 08:26:17.902  4948  4948 E TelephonyProvider: dbh.selectConflictingRow: Expected 1 but found 0 matching rows found for cv mnc=02 sub_id=-1 bearer_bitmask=0 numeric=46002 name= GPRS (China Mobile) mcc=460 apn=cmnet type=default,supl
09-08 08:26:17.903  4948  4948 E TelephonyProvider: dbh.selectConflictingRow: Expected 1 but found 0 matching rows found for cv mnc=02 sub_id=-1 bearer_bitmask=0 numeric=46002 name=China Mobile mcc=460 apn=cmnet type=default,supl
09-08 08:26:17.904  4948  4948 E TelephonyProvider: dbh.selectConflictingRow: Expected 1 but found 0 matching rows found for cv mnc=02 mmsport=80 sub_id=-1 bearer_bitmask=0 mmsc=http://mmsc.monternet.com mmsproxy=10.0.0.172 numeric=46002 proxy=10.0.0.172 name=China Mobile MMS port=80 mcc=460 apn=cmwap type=mms
09-08 08:26:17.905  4948  4948 E TelephonyProvider: dbh.selectConflictingRow: Expected 1 but found 0 matching rows found for cv password= mnc=02 sub_id=-1 bearer_bitmask=0 mmsc= proxy= numeric=46002 name=China Mobile port= mcc=460 apn=cmnet type=default,supl user=
09-08 08:26:17.906  4948  4948 E TelephonyProvider: dbh.selectConflictingRow: Expected 1 but found 0 matching rows found for cv password= sub_id=-1 bearer_bitmask=0 numeric=46002 mmsc=http://mmsc.monternet.com user= mnc=02 mmsport=80 proxy=10.0.0.172 mmsproxy=10.0.0.172 name=China Mobile MMS port=80 mcc=460 apn=cmwap type=mms
09-08 08:26:17.910  4948  4948 E TelephonyProvider: dbh.selectConflictingRow: Expected 1 but found 0 matching rows found for cv password= mnc=07 sub_id=-1 bearer_bitmask=0 numeric=46007 name=China-Mobile mcc=460 authtype=3 apn=cmnet type=default,supl user=
09-08 08:26:17.911  3148  3183 I SurfaceFlinger: Boot is finished (38513 ms)
09-08 08:26:17.912  3589  3589 I DefaultPermGrantPolicy: Granting permissions to default dialer app for user:0
09-08 08:26:17.912  4948  4948 E TelephonyProvider: dbh.selectConflictingRow: Expected 1 but found 0 matching rows found for cv mnc=07 sub_id=-1 bearer_bitmask=0 numeric=46007 name= (China Mobile) GPRS mcc=460 apn=cmnet type=default,supl
09-08 08:26:17.918  4948  4948 E TelephonyProvider: dbh.selectConflictingRow: Expected 1 but found 0 matching rows found for cv mnc=01 sub_id=-1 bearer_bitmask=0 numeric=46601 name=FarEasTone mcc=466 apn=internet type=default,supl
09-08 08:26:17.919  3589  3589 I Telecom : PhoneAccountRegistrar: SimCallManager queried, returning: null: TSI.gSCM@AAM
09-08 08:26:17.919  4948  4948 E TelephonyProvider: dbh.selectConflictingRow: Expected 1 but found 0 matching rows found for cv mnc=01 mmsport=9201 sub_id=-1 bearer_bitmask=0 mmsc=http://mms numeric=46601 mmsproxy=210.241.199.199 name=FarEasTone MMS mcc=466 apn=fetnet01 type=mms
09-08 08:26:17.924  4948  4948 E TelephonyProvider: dbh.selectConflictingRow: Expected 1 but found 0 matching rows found for cv mnc=89 sub_id=-1 bearer_bitmask=0 numeric=46689 name=Vibo mcc=466 apn=internet type=default,supl
09-08 08:26:17.926  4948  4948 E TelephonyProvider: dbh.selectConflictingRow: Expected 1 but found 0 matching rows found for cv mnc=89 mmsport=8080 sub_id=-1 bearer_bitmask=0 mmsc=http://mms numeric=46689 mmsproxy=172.24.128.36 name=Vibo mcc=466 apn=vibo type=mms
09-08 08:26:17.928  4948  4948 E TelephonyProvider: dbh.selectConflictingRow: Expected 1 but found 0 matching rows found for cv mnc=92 mmsport=8080 sub_id=-1 bearer_bitmask=0 mmsc=http://mms.emome.net:8002 numeric=46692 mmsproxy=10.1.1.1 name=CHT MMS mcc=466 apn=emome type=mms
09-08 08:26:17.930  4948  4948 E TelephonyProvider: dbh.selectConflictingRow: Expected 1 but found 0 matching rows found for cv mnc=92 sub_id=-1 bearer_bitmask=0 numeric=46692 name=CHT mcc=466 apn=internet type=default,supl
09-08 08:26:17.931  4779  4897 I BinaryDictionaryFileDumper: reinitializeClientRecordInDictionaryContentProvider() : Insert DictionaryInfo : Id = 'main:lb' : Locale=lb : Version=1
09-08 08:26:17.937  4794  4794 D mali_winsys: EGLint new_window_surface(egl_winsys_display*, void*, EGLSurface, EGLConfig, egl_winsys_surface**, egl_color_buffer_format*, EGLBoolean) returns 0x3000,  [1440x2960]-format:2
09-08 08:26:17.944  4948  4948 E TelephonyProvider: dbh.selectConflictingRow: Expected 1 but found 0 matching rows found for cv mnc=97 sub_id=-1 bearer_bitmask=0 numeric=46697 name=Taiwan Mobile Internet mcc=466 apn=internet type=default,supl
09-08 08:26:17.946  4948  4948 E TelephonyProvider: dbh.selectConflictingRow: Expected 1 but found 0 matching rows found for cv mnc=97 sub_id=-1 bearer_bitmask=0 numeric=46697 name=Taiwan Mobile mcc=466 apn=twm type=default,supl
09-08 08:26:17.951  3589  3589 D ZenLog  : config: conditionChanged,ZenModeConfig[user=0,allowCalls=true,allowRepeatCallers=false,allowMessages=false,allowCallsFrom=contacts,allowMessagesFrom=contacts,allowReminders=true,allowEvents=true,allowWhenScreenOff=true,allowWhenScreenOn=true,automaticRules={4febaa8c8c754839ba7bf99aeb70cd8d=ZenRule[enabled=false,snoozing=false,name=Weekend,zenMode=ZEN_MODE_ALARMS,conditionId=condition://android/schedule?days=6.7&start=23.30&end=10.0&exitAtAlarm=false,condition=Condition[id=condition://android/schedule?days=6.7&start=23.30&end=10.0&exitAtAlarm=false,summary=...,line1=...,line2=...,icon=0,state=STATE_FALSE,flags=2],component=ComponentInfo{android/com.android.server.notification.ScheduleConditionProvider},id=4febaa8c8c754839ba7bf99aeb70cd8d,creationTime=1504859172565,enabler=null], 497cc8c4bd144a459b829fbcc7e045f8=ZenRule[enabled=false,snoozing=false,name=Event,zenMode=ZEN_MODE_ALARMS,conditionId=condition://android/event?userId=-10000&calendar=&reply=1,condition=null,component=ComponentInfo{android/com.android.server.notification.EventConditionProvider},id=497cc8c4bd144a459b829fbcc7e045f8,creationTime=1504859172566,enabler=null], 2032611221d94b65b65ced525903016c=ZenRule[enabled=false,snoozing=false,name=Weeknight,zenMode=ZEN_MODE_ALARMS,conditionId=condition://android/schedule?days=1.2.3.4.5&start=22.0&end=7.0&exitAtAlarm=false,condition=null,component=ComponentInfo{android/com.android.server.notification.ScheduleConditionProvider},id=2032611221d94b65b65ced525903016c,creationTime=1504859172565,enabler=null]},manualRule=null],Diff[automaticRule[4febaa8c8c754839ba7bf99aeb70cd8d].condition:null->Condition[id=condition://android/schedule?days=6.7&start=23.30&end=10.0&exitAtAlarm=false,summary=...,line1=...,line2=...,icon=0,state=STATE_FALSE,flags=2]]
09-08 08:26:17.951  4948  4948 E TelephonyProvider: dbh.selectConflictingRow: Expected 1 but found 0 matching rows found for cv mnc=01 sub_id=-1 bearer_bitmask=0 numeric=47001 name=Grameenphone mcc=470 apn=gpinternet type=default,supl
09-08 08:26:17.951  4948  4948 E TelephonyProvider: dbh.selectConflictingRow: Expected 1 but found 0 matching rows found for cv mnc=01 mmsport=8080 sub_id=-1 bearer_bitmask=0 mmsc=http://mms.gpsurf.net/servlets/mms numeric=47001 mmsproxy=10.128.1.2 name=Grameenphone MMS mcc=470 apn=gpmms type=mms
09-08 08:26:17.955  4948  4948 E TelephonyProvider: dbh.selectConflictingRow: Expected 1 but found 0 matching rows found for cv mnc=07 sub_id=-1 bearer_bitmask=0 numeric=47007 name=Warid BD mcc=470 apn=internet type=default,supl
09-08 08:26:17.958  3589  3589 D ZenLog  : config: conditionChanged,ZenModeConfig[user=0,allowCalls=true,allowRepeatCallers=false,allowMessages=false,allowCallsFrom=contacts,allowMessagesFrom=contacts,allowReminders=true,allowEvents=true,allowWhenScreenOff=true,allowWhenScreenOn=true,automaticRules={4febaa8c8c754839ba7bf99aeb70cd8d=ZenRule[enabled=false,snoozing=false,name=Weekend,zenMode=ZEN_MODE_ALARMS,conditionId=condition://android/schedule?days=6.7&start=23.30&end=10.0&exitAtAlarm=false,condition=Condition[id=condition://android/schedule?days=6.7&start=23.30&end=10.0&exitAtAlarm=false,summary=...,line1=...,line2=...,icon=0,state=STATE_FALSE,flags=2],component=ComponentInfo{android/com.android.server.notification.ScheduleConditionProvider},id=4febaa8c8c754839ba7bf99aeb70cd8d,creationTime=1504859172565,enabler=null], 497cc8c4bd144a459b829fbcc7e045f8=ZenRule[enabled=false,snoozing=false,name=Event,zenMode=ZEN_MODE_ALARMS,conditionId=condition://android/event?userId=-10000&calendar=&reply=1,condition=null,component=ComponentInfo{android/com.android.server.notification.EventConditionProvider},id=497cc8c4bd144a459b829fbcc7e045f8,creationTime=1504859172566,enabler=null], 2032611221d94b65b65ced525903016c=ZenRule[enabled=false,snoozing=false,name=Weeknight,zenMode=ZEN_MODE_ALARMS,conditionId=condition://android/schedule?days=1.2.3.4.5&start=22.0&end=7.0&exitAtAlarm=false,condition=Condition[id=condition://android/schedule?days=1.2.3.4.5&start=22.0&end=7.0&exitAtAlarm=false,summary=...,line1=...,line2=...,icon=0,state=STATE_FALSE,flags=2],component=ComponentInfo{android/com.android.server.notification.ScheduleConditionProvider},id=2032611221d94b65b65ced525903016c,creationTime=1504859172565,enabler=null]},manualRule=null],Diff[automaticRule[2032611221d94b65b65ced525903016c].condition:null->Condition[id=condition://android/schedule?days=1.2.3.4.5&start=22.0&end=7.0&exitAtAlarm=false,summary=...,line1=...,line2=...,icon=0,state=STATE_FALSE,flags=2]]
09-08 08:26:17.958  4948  4948 E TelephonyProvider: dbh.selectConflictingRow: Expected 1 but found 0 matching rows found for cv password=wap mnc=12 sub_id=-1 bearer_bitmask=0 numeric=50212 name=Maxis 3G Internet mcc=502 apn=unet type=default,supl user=maxis
09-08 08:26:17.959  4948  4948 E TelephonyProvider: dbh.selectConflictingRow: Expected 1 but found 0 matching rows found for cv password=wap sub_id=-1 bearer_bitmask=0 numeric=50212 mmsc=http://172.16.74.100:10021/mmsc user=maxis mnc=12 mmsport=80 mmsproxy=202.75.133.49 name=Maxis 3G MMS server=202.75.133.49 mcc=502 apn=unet type=mms
09-08 08:26:17.955  4794  4794 I ndroid.systemui: type=1400 audit(0.0:197): avc: denied { read write } for name="fimg2d" dev="tmpfs" ino=2360 scontext=u:r:platform_app:s0:c512,c768 tcontext=u:object_r:device:s0 tclass=chr_file permissive=1
09-08 08:26:17.955  4794  4794 I ndroid.systemui: type=1400 audit(0.0:197): avc: denied { open } for path="/dev/fimg2d" dev="tmpfs" ino=2360 scontext=u:r:platform_app:s0:c512,c768 tcontext=u:object_r:device:s0 tclass=chr_file permissive=1
09-08 08:26:17.955  4794  4794 W ndroid.systemui: type=1300 audit(0.0:197): arch=c00000b7 syscall=56 success=yes exit=88 a0=ffffff9c a1=7f80bb0703 a2=2 a3=0 items=0 ppid=3166 auid=4294967295 uid=10033 gid=10033 euid=10033 suid=10033 fsuid=10033 egid=10033 sgid=10033 fsgid=10033 tty=(none) ses=4294967295 exe="/system/bin/app_process64" subj=u:r:platform_app:s0:c512,c768 key=(null)
09-08 08:26:17.955  3075  3075 W auditd  : type=1327 audit(0.0:197): proctitle="com.android.systemui"
09-08 08:26:17.955  3075  3075 W auditd  : type=1320 audit(0.0:197): 
09-08 08:26:17.955  4794  4794 I ndroid.systemui: type=1400 audit(0.0:198): avc: denied { ioctl } for path="/dev/fimg2d" dev="tmpfs" ino=2360 ioctlcmd=4d04 scontext=u:r:platform_app:s0:c512,c768 tcontext=u:object_r:device:s0 tclass=chr_file permissive=1
09-08 08:26:17.961  4948  4948 E TelephonyProvider: dbh.selectConflictingRow: Expected 1 but found 0 matching rows found for cv password=mms mnc=16 mmsport=80 sub_id=-1 bearer_bitmask=0 mmsc=http://mms.digi.com.my/servlets/mms mmsproxy=203.92.128.160 numeric=50216 name=Digi MMS mcc=502 apn=digimms type=mms user=mms
09-08 08:26:17.963  4948  4948 E TelephonyProvider: dbh.selectConflictingRow: Expected 1 but found 0 matching rows found for cv mnc=18 sub_id=-1 bearer_bitmask=0 numeric=50218 name=U Mobile Internet mcc=502 apn=my3g type=default,supl
09-08 08:26:17.955  4794  4794 W ndroid.systemui: type=1300 audit(0.0:198): arch=c00000b7 syscall=29 success=yes exit=0 a0=59 a1=c1104d04 a2=7f6f0e70b0 a3=0 items=0 ppid=3166 auid=4294967295 uid=10033 gid=10033 euid=10033 suid=10033 fsuid=10033 egid=10033 sgid=10033 fsgid=10033 tty=(none) ses=4294967295 exe="/system/bin/app_process64" subj=u:r:platform_app:s0:c512,c768 key=(null)
09-08 08:26:17.964  4948  4948 E TelephonyProvider: dbh.selectConflictingRow: Expected 1 but found 0 matching rows found for cv mnc=18 mmsport=8080 sub_id=-1 bearer_bitmask=0 mmsc=http://10.30.3.11/servlets/mms numeric=50218 mmsproxy=10.30.5.11 name=U Mobile MMS mcc=502 apn=my3g type=mms
09-08 08:26:17.955  3075  3075 W auditd  : type=1327 audit(0.0:198): proctitle="com.android.systemui"
09-08 08:26:17.955  3075  3075 W auditd  : type=1320 audit(0.0:198): 
09-08 08:26:17.965  3589  3589 D ZenLog  : config: conditionChanged,ZenModeConfig[user=0,allowCalls=true,allowRepeatCallers=false,allowMessages=false,allowCallsFrom=contacts,allowMessagesFrom=contacts,allowReminders=true,allowEvents=true,allowWhenScreenOff=true,allowWhenScreenOn=true,automaticRules={4febaa8c8c754839ba7bf99aeb70cd8d=ZenRule[enabled=false,snoozing=false,name=Weekend,zenMode=ZEN_MODE_ALARMS,conditionId=condition://android/schedule?days=6.7&start=23.30&end=10.0&exitAtAlarm=false,condition=Condition[id=condition://android/schedule?days=6.7&start=23.30&end=10.0&exitAtAlarm=false,summary=...,line1=...,line2=...,icon=0,state=STATE_FALSE,flags=2],component=ComponentInfo{android/com.android.server.notification.ScheduleConditionProvider},id=4febaa8c8c754839ba7bf99aeb70cd8d,creationTime=1504859172565,enabler=null], 497cc8c4bd144a459b829fbcc7e045f8=ZenRule[enabled=false,snoozing=false,name=Event,zenMode=ZEN_MODE_ALARMS,conditionId=condition://android/event?userId=-10000&calendar=&reply=1,condition=Condition[id=condition://android/event?userId=-10000&calendar=&reply=1,summary=...,line1=...,line2=...,icon=0,state=STATE_FALSE,flags=2],component=ComponentInfo{android/com.android.server.notification.EventConditionProvider},id=497cc8c4bd144a459b829fbcc7e045f8,creationTime=1504859172566,enabler=null], 2032611221d94b65b65ced525903016c=ZenRule[enabled=false,snoozing=false,name=Weeknight,zenMode=ZEN_MODE_ALARMS,conditionId=condition://android/schedule?days=1.2.3.4.5&start=22.0&end=7.0&exitAtAlarm=false,condition=Condition[id=condition://android/schedule?days=1.2.3.4.5&start=22.0&end=7.0&exitAtAlarm=false,summary=...,line1=...,line2=...,icon=0,state=STATE_FALSE,flags=2],component=ComponentInfo{android/com.android.server.notification.ScheduleConditionProvider},id=2032611221d94b65b65ced525903016c,creationTime=1504859172565,enabler=null]},manualRule=null],Diff[automaticRule[497cc8c4bd144a459b829fbcc7e045f8].condition:null->Condition[id=condition://android/event?userId=-10000&calendar=&reply=1,summary=...,line1=...,line2=...,icon=0,state=STATE_FALSE,flags=2]]
09-08 08:26:17.965  4948  4948 E TelephonyProvider: dbh.selectConflictingRow: Expected 1 but found 0 matching rows found for cv mnc=19 sub_id=-1 bearer_bitmask=0 numeric=50219 name=Celcom 3G Internet mcc=502 apn=celcom3g type=default,supl
09-08 08:26:17.967  3589  3589 D ZenLog  : set_zen_mode: off,conditionChanged
09-08 08:26:17.974  3589  3589 D ZenLog  : set_zen_mode: off,conditionChanged
09-08 08:26:17.977  4779  4897 I BinaryDictionaryFileDumper: reinitializeClientRecordInDictionaryContentProvider() : Insert DictionaryInfo : Id = 'main:nb' : Locale=nb : Version=44
09-08 08:26:17.985  4948  4948 E TelephonyProvider: dbh.selectConflictingRow: Expected 1 but found 0 matching rows found for cv password=* mnc=02 sub_id=-1 bearer_bitmask=0 numeric=50502 server=* name=Optus Internet mcc=505 apn=yesinternet type=default,supl user=*
09-08 08:26:17.986  4948  4948 E TelephonyProvider: dbh.selectConflictingRow: Expected 1 but found 0 matching rows found for cv password= sub_id=-1 bearer_bitmask=0 numeric=50502 mmsc= authtype=3 user= mnc=02 proxy= name=Boost Mobile port= mcc=505 apn=yesinternet type=default,supl
09-08 08:26:17.996  4948  4948 E TelephonyProvider: dbh.selectConflictingRow: Expected 1 but found 0 matching rows found for cv password= mnc=72 sub_id=-1 bearer_bitmask=0 mmsc= proxy= numeric=50572 name=Telstra Internet port= mcc=505 apn=Telstra.wap type=default,supl user=
09-08 08:26:18.003  4948  4948 E TelephonyProvider: dbh.selectConflictingRow: Expected 1 but found 0 matching rows found for cv password=indosat mnc=01 sub_id=-1 bearer_bitmask=0 numeric=51001 name=Indosat GPRS mcc=510 apn=indosatgprs type=default,supl user=indosat
09-08 08:26:18.003  3148  3148 E Layer   : [com.android.systemui.ImageWallpaper] rejecting buffer: bufWidth=1440, bufHeight=2960, front.active.{w=1, h=1}
09-08 08:26:18.004  4948  4948 E TelephonyProvider: dbh.selectConflictingRow: Expected 1 but found 0 matching rows found for cv password=indosat mnc=01 mmsport=8080 sub_id=-1 bearer_bitmask=0 mmsc=http://mmsc.indosat.com mmsproxy=10.19.19.19 numeric=51001 name=Indosat MMS mcc=510 apn=indosatmms type=mms user=indosat
09-08 08:26:18.010  4948  4948 E TelephonyProvider: dbh.selectConflictingRow: Expected 1 but found 0 matching rows found for cv password=123456 mnc=08 sub_id=-1 bearer_bitmask=0 mmsc= proxy= numeric=51008 name=AXIS port= mcc=510 apn=AXIS type=default,supl user=axis
09-08 08:26:18.010  4948  4948 E TelephonyProvider: dbh.selectConflictingRow: Expected 1 but found 0 matching rows found for cv password=123456 sub_id=-1 bearer_bitmask=0 numeric=51008 mmsc=http://mmsc.AXIS user=axis mnc=08 mmsport=8080 proxy= mmsproxy=10.8.3.8 name=AXIS MMS port= mcc=510 apn=AXISmms type=mms
09-08 08:26:18.014  4948  4948 E TelephonyProvider: dbh.selectConflictingRow: Expected 1 but found 0 matching rows found for cv mnc=10 sub_id=-1 bearer_bitmask=0 numeric=51010 name=Telkomsel mcc=510 apn=internet type=default,supl
09-08 08:26:18.015  4794  4794 D mali_winsys: EGLint new_window_surface(egl_winsys_display*, void*, EGLSurface, EGLConfig, egl_winsys_surface**, egl_color_buffer_format*, EGLBoolean) returns 0x3000,  [2160x2960]-format:2
09-08 08:26:18.017  3589  3589 D ZenLog  : set_zen_mode: off,conditionChanged
09-08 08:26:18.018  4948  4948 E TelephonyProvider: dbh.selectConflictingRow: Expected 1 but found 0 matching rows found for cv password=proxl mnc=11 mmsport=8080 sub_id=-1 bearer_bitmask=0 mmsc=http://mmc.xl.net.id/servlets/mms mmsproxy=202.152.240.50 numeric=51011 name=XL-MMS mcc=510 apn=www.xlmms.net type=mms user=xlgprs
09-08 08:26:18.027  4948  4948 E TelephonyProvider: dbh.selectConflictingRow: Expected 1 but found 0 matching rows found for cv password=3gprs mnc=89 sub_id=-1 bearer_bitmask=0 numeric=51089 name=3 ID mcc=510 apn=3gprs type=default,supl user=3gprs
09-08 08:26:18.028  4948  4948 E TelephonyProvider: dbh.selectConflictingRow: Expected 1 but found 0 matching rows found for cv password=3data mnc=89 sub_id=-1 bearer_bitmask=0 numeric=51089 name=3 ID INTERNET mcc=510 apn=3data type=default,supl user=3data
09-08 08:26:18.032  4948  4948 E TelephonyProvider: dbh.selectConflictingRow: Expected 1 but found 0 matching rows found for cv mnc=03 sub_id=-1 bearer_bitmask=0 numeric=51503 name=SMART(3G) Internet prepaid mcc=515 apn=internet type=default,supl
09-08 08:26:18.033  4948  4948 E TelephonyProvider: dbh.selectConflictingRow: Expected 1 but found 0 matching rows found for cv password=smartwap sub_id=-1 bearer_bitmask=0 numeric=51503 mmsc=http://10.102.61.238:8002 authtype=1 user=smartwap mnc=03 mmsport=8080 mmsproxy=10.102.61.46 name=SMART(3G) MMS prepaid mcc=515 apn=mms type=mms
09-08 08:26:18.035  4948  4948 E TelephonyProvider: dbh.selectConflictingRow: Expected 1 but found 0 matching rows found for cv mnc=03 sub_id=-1 bearer_bitmask=0 numeric=51503 proxy=10.102.61.46 name=SMART(3G) HTTP postpaid port=9201 mcc=515 authtype=1 apn=smart1 type=default
09-08 08:26:18.037  4948  4948 E TelephonyProvider: dbh.selectConflictingRow: Expected 1 but found 0 matching rows found for cv mnc=05 sub_id=-1 bearer_bitmask=0 numeric=51505 name=Sun Streaming mcc=515 apn=minternet type=default,supl
09-08 08:26:18.039  4779  4897 I BinaryDictionaryFileDumper: reinitializeClientRecordInDictionaryContentProvider() : Insert DictionaryInfo : Id = 'main:nl' : Locale=nl : Version=44
09-08 08:26:18.047  4948  4948 E TelephonyProvider: dbh.selectConflictingRow: Expected 1 but found 0 matching rows found for cv password=user123 sub_id=-1 bearer_bitmask=0 numeric=52503 mmsc=http://mmsgw:8002 authtype=1 user=65 mnc=03 mmsport=8080 mmsproxy=172.16.14.10 name=M1 MMS mcc=525 apn=miworld type=mms
09-08 08:26:18.048  4948  4948 E TelephonyProvider: dbh.selectConflictingRow: Expected 1 but found 0 matching rows found for cv mnc=03 sub_id=-1 bearer_bitmask=0 numeric=52503 name=M1 mcc=525 apn=sunsurf type=default,supl
09-08 08:26:18.049  4948  4948 E TelephonyProvider: dbh.selectConflictingRow: Expected 1 but found 0 matching rows found for cv mnc=03 sub_id=-1 bearer_bitmask=0 numeric=52503 name=Sunsurf Internet mcc=525 apn=sunsurf type=default,supl
09-08 08:26:18.052  4948  4948 E TelephonyProvider: dbh.selectConflictingRow: Expected 1 but found 0 matching rows found for cv mnc=01 sub_id=-1 bearer_bitmask=0 numeric=53001 name=Vodafone NZ mcc=530 apn=www.vodafone.net.nz type=default,supl
09-08 08:26:18.057  4948  4948 E TelephonyProvider: dbh.selectConflictingRow: Expected 1 but found 0 matching rows found for cv mnc=05 mmsport=8080 sub_id=-1 bearer_bitmask=0 mmsc=http://lsmmsc.xtra.co.nz numeric=53005 mmsproxy=210.55.11.73 name=XT Mobile MMS mcc=530 apn=wap.telecom.co.nz type=mms
09-08 08:26:18.064  4948  4948 E TelephonyProvider: dbh.selectConflictingRow: Expected 1 but found 0 matching rows found for cv mnc=02 mmsport=8080 sub_id=-1 bearer_bitmask=0 mmsc=http://mms.digicelpacific.com:8990 numeric=54202 mmsproxy=10.150.122.12 name=Digicel FJ MMS mcc=542 apn=wap.digicelpacific.com type=mms
09-08 08:26:18.064  4948  4948 E TelephonyProvider: dbh.selectConflictingRow: Expected 1 but found 0 matching rows found for cv mnc=02 sub_id=-1 bearer_bitmask=0 numeric=54202 name=Digicel FJ mcc=542 apn=web.digicelpacific.com type=default,supl
09-08 08:26:18.068  4948  4948 E TelephonyProvider: dbh.selectConflictingRow: Expected 1 but found 0 matching rows found for cv password=internet mnc=02 sub_id=-1 bearer_bitmask=0 numeric=60202 name=Vodafone EG mcc=602 apn=internet.vodafone.net type=default,supl user=internet
09-08 08:26:18.073  4948  4948 E TelephonyProvider: dbh.selectConflictingRow: Expected 1 but found 0 matching rows found for cv mnc=01 sub_id=-1 bearer_bitmask=0 numeric=60401 name=IAM mcc=604 apn=www.iamgprs1.ma type=default,supl
09-08 08:26:18.078  4948  4948 E TelephonyProvider: dbh.selectConflictingRow: Expected 1 but found 0 matching rows found for cv password=mms mnc=01 mmsport=8080 sub_id=-1 bearer_bitmask=0 mmsc=http://mmsalize/servlets/mms mmsproxy=172.16.30.9 numeric=60801 name=Orange MMS SN mcc=608 apn=mms type=mms user=mms
09-08 08:26:18.079  4948  4948 E TelephonyProvider: dbh.selectConflictingRow: Expected 1 but found 0 matching rows found for cv password=wap mnc=01 sub_id=-1 bearer_bitmask=0 proxy=172.16.30.9 numeric=60801 name=Orange Wap SN port=8080 mcc=608 apn=wap type=default,supl user=wap
09-08 08:26:18.080  4948  4948 E TelephonyProvider: dbh.selectConflictingRow: Expected 1 but found 0 matching rows found for cv password=internet mnc=01 sub_id=-1 bearer_bitmask=0 numeric=60801 name=Orange Web SN mcc=608 apn=internet type=default,supl user=internet
09-08 08:26:18.081  4948  4948 E TelephonyProvider: dbh.selectConflictingRow: Expected 1 but found 0 matching rows found for cv password=mms mnc=02 mmsport=8080 sub_id=-1 bearer_bitmask=0 mmsc=http://10.109.6.2/servlets/mms mmsproxy=10.109.4.35 numeric=61002 name=Orange ML MMS mcc=610 apn=mms type=mms user=mms
09-08 08:26:18.082  4948  4948 E TelephonyProvider: dbh.selectConflictingRow: Expected 1 but found 0 matching rows found for cv password=wap mnc=02 sub_id=-1 bearer_bitmask=0 proxy=10.109.4.35 numeric=61002 name=Orange Wap ML port=8080 mcc=610 apn=wap type=default,supl user=wap
09-08 08:26:18.083  4948  4948 E TelephonyProvider: dbh.selectConflictingRow: Expected 1 but found 0 matching rows found for cv password=mms mnc=03 mmsport=8080 sub_id=-1 bearer_bitmask=0 mmsc=http://172.20.6.1/servlets/mms mmsproxy=172.20.4.33 numeric=61203 name=Omms CI mcc=612 apn=orangecimms type=mms user=mms
09-08 08:26:18.084  4948  4948 E TelephonyProvider: dbh.selectConflictingRow: Expected 1 but found 0 matching rows found for cv password=wap mnc=03 sub_id=-1 bearer_bitmask=0 proxy=172.20.4.33 numeric=61203 name=OWORLD CI port=8080 mcc=612 apn=orangeciwap type=default,supl user=wap
09-08 08:26:18.087  4779  4897 I BinaryDictionaryFileDumper: reinitializeClientRecordInDictionaryContentProvider() : Insert DictionaryInfo : Id = 'main:ru' : Locale=ru : Version=54
09-08 08:26:18.100  4948  4948 E TelephonyProvider: dbh.selectConflictingRow: Expected 1 but found 0 matching rows found for cv password= mnc=01 sub_id=-1 bearer_bitmask=0 mmsc= proxy= numeric=63001 name=Vodacom CD port= mcc=630 apn=vodanet type=default,supl user=vodalive
09-08 08:26:18.106  4948  4948 E TelephonyProvider: dbh.selectConflictingRow: Expected 1 but found 0 matching rows found for cv password=orange mnc=07 sub_id=-1 bearer_bitmask=0 numeric=63907 name=Orange KE mcc=639 apn=bew.orange.co.ke type=default,supl user=orange
09-08 08:26:18.111  4948  4948 E TelephonyProvider: dbh.selectConflictingRow: Expected 1 but found 0 matching rows found for cv password= mnc=14 sub_id=-1 bearer_bitmask=0 mmsc= proxy= numeric=64114 name=Orange UG port= mcc=641 apn=orange.ug type=default,supl user=
09-08 08:26:18.111  3067  4686 I vold    : Trimmed 55742287872 bytes on /data in 5947ms
09-08 08:26:18.111  3067  4686 D vold    : Starting trim of /efs
09-08 08:26:18.112  3589  4049 D VoldConnector: RCV <- {662 /data 55742287872 5947190996}
09-08 08:26:18.118  4948  4948 E TelephonyProvider: dbh.selectConflictingRow: Expected 1 but found 0 matching rows found for cv password=orange mnc=02 sub_id=-1 bearer_bitmask=0 proxy=10.150.0.115 numeric=64602 name=Orange World MG port=8080 mcc=646 apn=orangeworld type=default,supl user=world
09-08 08:26:18.119  4948  4948 E TelephonyProvider: dbh.selectConflictingRow: Expected 1 but found 0 matching rows found for cv mnc=02 sub_id=-1 bearer_bitmask=0 numeric=64602 name=Orange MG mcc=646 apn=orangenet type=default,supl
09-08 08:26:18.119  4779  4897 I BinaryDictionaryFileDumper: reinitializeClientRecordInDictionaryContentProvider() : Insert DictionaryInfo : Id = 'main:sv' : Locale=sv : Version=44
09-08 08:26:18.122  4948  4948 E TelephonyProvider: dbh.selectConflictingRow: Expected 1 but found 0 matching rows found for cv password=orange mnc=00 mmsport=8080 sub_id=-1 bearer_bitmask=0 mmsc=http://mms.orange.re/ mmsproxy=192.168.010.200 numeric=64700 name=Orange RE MMS mcc=647 apn=orangerun.acte type=mms user=orange
09-08 08:26:18.123  4948  4948 E TelephonyProvider: dbh.selectConflictingRow: Expected 1 but found 0 matching rows found for cv password=orange mnc=00 sub_id=-1 bearer_bitmask=0 numeric=64700 name=Orange RE mcc=647 apn=orangerun type=default,supl user=orange
09-08 08:26:18.123  4948  4948 E TelephonyProvider: dbh.selectConflictingRow: Expected 1 but found 0 matching rows found for cv password=orange mnc=00 mmsport=8080 sub_id=-1 bearer_bitmask=0 mmsc=http://mms.orange.re mmsproxy=192.168.10.200 numeric=64700 name=Orange MMS Runion mcc=647 apn=orangerun.acte type=mms user=orange
09-08 08:26:18.126  4948  4948 E TelephonyProvider: dbh.selectConflictingRow: Expected 1 but found 0 matching rows found for cv mnc=10 mmsport=8080 sub_id=-1 bearer_bitmask=0 mmsc=http://mms numeric=64710 mmsproxy=10.0.224.145 name=SFR MMS mcc=647 apn=mmssfr type=mms
09-08 08:26:18.128  3067  4686 I vold    : Trimmed 4935680 bytes on /efs in 16ms
09-08 08:26:18.128  3589  4049 D VoldConnector: RCV <- {662 /efs 4935680 16264769}
09-08 08:26:18.145  4948  4948 E TelephonyProvider: dbh.selectConflictingRow: Expected 1 but found 0 matching rows found for cv password=movistarsv sub_id=-1 bearer_bitmask=0 numeric=70604 mmsc=http://mms.movistar.sv user=movistarsv mnc=04 mmsport=80 proxy= mmsproxy=10.12.20.1 name=Movistar SV MMS port= mcc=706 apn=mms.movistar.sv type=mms
09-08 08:26:18.153  4779  4897 I BinaryDictionaryFileDumper: reinitializeClientRecordInDictionaryContentProvider() : Insert DictionaryInfo : Id = 'main:uk' : Locale=uk : Version=1
09-08 08:26:18.157  4948  4948 E TelephonyProvider: dbh.selectConflictingRow: Expected 1 but found 0 matching rows found for cv password=movistarpa mnc=02 sub_id=-1 bearer_bitmask=0 numeric=71402 name=Movistar PA mcc=714 apn=internet.movistar.pa type=default,supl user=movistarpa
09-08 08:26:18.170  4948  4948 E TelephonyProvider: dbh.selectConflictingRow: Expected 1 but found 0 matching rows found for cv password= mnc=34 sub_id=-1 bearer_bitmask=0 mmsc= proxy= numeric=72234 name=Personal port= mcc=722 apn=gprs.personal.com type=default,supl user=gprs
09-08 08:26:18.174  4948  4948 E TelephonyProvider: dbh.selectConflictingRow: Expected 1 but found 0 matching rows found for cv password=guest mnc=310 sub_id=-1 bearer_bitmask=0 mmsc= proxy= numeric=722310 name=CTI port= mcc=722 apn=internet.ctimovil.com.ar type=default,supl user=guest
09-08 08:26:18.174  4779  4897 I BinaryDictionaryFileDumper: reinitializeClientRecordInDictionaryContentProvider() : Insert DictionaryInfo : Id = 'main:en_us' : Locale=en_US : Version=-1
09-08 08:26:18.175  4948  4948 E TelephonyProvider: dbh.selectConflictingRow: Expected 1 but found 0 matching rows found for cv password=ctigpr999 sub_id=-1 bearer_bitmask=0 numeric=722310 mmsc= authtype=1 user=ctigprs mnc=310 proxy= name=Claro AR port= mcc=722 apn=igprs.claro.com.ar type=default,supl
09-08 08:26:18.189  4948  4948 E TelephonyProvider: dbh.selectConflictingRow: Expected 1 but found 0 matching rows found for cv password=celular mnc=23 sub_id=-1 bearer_bitmask=0 mmsc=null proxy= numeric=72423 name=Telemig GPRS port= mcc=724 apn=gprs.telemigcelular.com.br type=default,supl user=celular
09-08 08:26:18.190  4948  4948 E TelephonyProvider: dbh.selectConflictingRow: Expected 1 but found 0 matching rows found for cv password=celular sub_id=-1 bearer_bitmask=0 numeric=72423 mmsc=http://mms.telemigcelular.com.br user=celular mnc=23 mmsport=8080 proxy= mmsproxy=200.192.230.142 name=Telemig MMS port= mcc=724 apn=mmsgprs.telemigcelular.com.br type=mms
09-08 08:26:18.195  4779  4897 W BinaryDictionaryFileDumper: Missing metadata.json resource
09-08 08:26:18.201  4948  4948 E TelephonyProvider: dbh.selectConflictingRow: Expected 1 but found 0 matching rows found for cv password=clarochile mnc=03 mmsport=8080 sub_id=-1 bearer_bitmask=0 mmsc=http://mms.clarochile.cl mmsproxy=172.23.200.200 numeric=73003 name=MMS CLARO mcc=730 apn=mms.clarochile.cl type=mms user=clarochile
09-08 08:26:18.206  4948  4948 E TelephonyProvider: dbh.selectConflictingRow: Expected 1 but found 0 matching rows found for cv password=entelpcs mnc=10 sub_id=-1 bearer_bitmask=0 numeric=73010 name=WEB EPCS mcc=730 apn=imovil.entelpcs.cl type=default,supl user=entelpcs
09-08 08:26:18.207  4948  4948 E TelephonyProvider: dbh.selectConflictingRow: Expected 1 but found 0 matching rows found for cv password=entelpcs mnc=10 mmsport=8080 sub_id=-1 bearer_bitmask=0 mmsc=http://mmsc.entelpcs.cl mmsproxy=10.99.0.10 numeric=73010 name=MMS EPCS mcc=730 apn=mms.entelpcs.cl type=mms user=entelmms
09-08 08:26:18.209  4948  4948 E TelephonyProvider: dbh.selectConflictingRow: Expected 1 but found 0 matching rows found for cv password=movistar mnc=102 sub_id=-1 bearer_bitmask=0 mmsc= proxy= numeric=732102 name=Movistar CO port= mcc=732 apn=internet.movistar.com.co type=default,supl user=movistar
09-08 08:26:18.212  4948  4955 I art     : Do partial code cache collection, code=123KB, data=78KB
09-08 08:26:18.212  4948  4955 I art     : After code cache collection, code=123KB, data=78KB
09-08 08:26:18.212  4948  4955 I art     : Increasing code cache capacity to 512KB
09-08 08:26:18.224  4948  4948 E TelephonyProvider: dbh.selectConflictingRow: Expected 1 but found 0 matching rows found for cv mnc=01 mmsport=3128 sub_id=-1 bearer_bitmask=0 mmsc=http://mmsc.mms.ancelutil.com.uy numeric=74801 mmsproxy=200.40.246.2 name=Ancel MMS mcc=748 apn=mms type=mms
09-08 08:26:18.224  4779  4897 I LatinIME:LogUtils: Dictionary info: dictionary = main:en ; version = 54 ; date = 1414726273
09-08 08:26:18.225  4948  4948 E TelephonyProvider: dbh.selectConflictingRow: Expected 1 but found 0 matching rows found for cv password= mnc=01 sub_id=-1 bearer_bitmask=0 mmsc= proxy= numeric=74801 name=Ancel port= mcc=748 apn=ancel type=default,supl user=
09-08 08:26:18.226  4948  4948 E TelephonyProvider: dbh.selectConflictingRow: Expected 1 but found 0 matching rows found for cv password= sub_id=-1 bearer_bitmask=0 numeric=74801 mmsc=http://mmsc.mms.ancelutil.com.uy user= mnc=01 mmsport=3128 proxy= mmsproxy=200.40.246.2 name=Ancel MMS port= mcc=748 apn=mms type=mms
09-08 08:26:18.227  4948  4948 E TelephonyProvider: dbh.selectConflictingRow: Expected 1 but found 0 matching rows found for cv password=bam mnc=01 sub_id=-1 bearer_bitmask=0 mmsc= proxy= numeric=74801 name=BAM Pepaga Antel port= mcc=748 apn=prepago.ancel type=default,supl user=bam
09-08 08:26:18.250  4779  4897 I LatinIME:LogUtils: Dictionary info: dictionary = main:en ; version = 54 ; date = 1414726273
09-08 08:26:18.268  4948  4948 D TelephonyProvider: Checksum for /system/etc/apns-conf.xml is 320806505
09-08 08:26:18.270  4948  4948 D TelephonyProvider: dbh.onCreate:- db=SQLiteDatabase: /data/user_de/0/com.android.providers.telephony/databases/telephony.db
09-08 08:26:18.275  4779  4897 I LatinIME:LogUtils: Dictionary info: dictionary = main:en ; version = 54 ; date = 1414726273
09-08 08:26:18.279  3589  3704 I art     : Starting a blocking GC Explicit
09-08 08:26:18.292  4948  4948 D TelephonyProvider: dbh.onOpen: ok, queried table=siminfo
09-08 08:26:18.292  4948  4948 D TelephonyProvider: dbh.onOpen: ok, queried table=carriers
09-08 08:26:18.293  4948  4948 D TelephonyProvider: onCreate: build id changed from  to NJH47F
09-08 08:26:18.294  4948  4948 D TelephonyProvider: No APNs in OEM image = /oem/telephony/apns-conf.xml Load APNs from system image
09-08 08:26:18.294  4948  4948 D TelephonyProvider: No APNs in OEM image = /data/misc/apns-conf.xml Load APNs from system image
09-08 08:26:18.302  4779  4897 I LatinIME:LogUtils: Dictionary info: dictionary = main:en ; version = 54 ; date = 1414726273
09-08 08:26:18.322  4948  4948 D TelephonyProvider: Checksum for /system/etc/apns-conf.xml is 320806505
09-08 08:26:18.322  4948  4948 D TelephonyProvider: newChecksum: 320806505
09-08 08:26:18.322  4948  4948 D TelephonyProvider: oldChecksum: 320806505
09-08 08:26:18.322  4948  4948 D TelephonyProvider: Skipping apn db update since apn-conf has not changed.
09-08 08:26:18.331  4779  4897 I LatinIME:LogUtils: Dictionary info: dictionary = main:en ; version = 54 ; date = 1414726273
09-08 08:26:18.334  3589  3704 I art     : Explicit concurrent mark sweep GC freed 35934(3MB) AllocSpace objects, 12(6MB) LOS objects, 33% free, 12MB/18MB, paused 402us total 54.975ms
09-08 08:26:18.348  4948  4948 W System  : ClassLoader referenced unknown path: /system/framework/qti-telephony-common.jar
09-08 08:26:18.349  4948  4948 W System.err: java.lang.ClassNotFoundException: com.qualcomm.qti.internal.telephony.QtiTelephonyComponentFactory
09-08 08:26:18.349  4948  4948 W System.err: 	at java.lang.Class.classForName(Native Method)
09-08 08:26:18.349  4948  4948 W System.err: 	at java.lang.Class.forName(Class.java:400)
09-08 08:26:18.349  4948  4948 W System.err: 	at com.android.internal.telephony.TelephonyComponentFactory.getInstance(TelephonyComponentFactory.java:71)
09-08 08:26:18.349  4948  4948 W System.err: 	at com.android.internal.telephony.PhoneFactory.makeDefaultPhone(PhoneFactory.java:133)
09-08 08:26:18.349  4948  4948 W System.err: 	at com.android.internal.telephony.PhoneFactory.makeDefaultPhones(PhoneFactory.java:91)
09-08 08:26:18.349  4948  4948 W System.err: 	at com.android.phone.PhoneGlobals.onCreate(PhoneGlobals.java:282)
09-08 08:26:18.349  4948  4948 W System.err: 	at com.android.phone.PhoneApp.onCreate(PhoneApp.java:41)
09-08 08:26:18.349  4948  4948 W System.err: 	at android.app.Instrumentation.callApplicationOnCreate(Instrumentation.java:1025)
09-08 08:26:18.349  4948  4948 W System.err: 	at android.app.ActivityThread.handleBindApplication(ActivityThread.java:5448)
09-08 08:26:18.349  4948  4948 W System.err: 	at android.app.ActivityThread.-wrap2(ActivityThread.java)
09-08 08:26:18.349  4948  4948 W System.err: 	at android.app.ActivityThread$H.handleMessage(ActivityThread.java:1564)
09-08 08:26:18.349  4948  4948 W System.err: 	at android.os.Handler.dispatchMessage(Handler.java:102)
09-08 08:26:18.349  4948  4948 W System.err: 	at android.os.Looper.loop(Looper.java:154)
09-08 08:26:18.349  4948  4948 W System.err: 	at android.app.ActivityThread.main(ActivityThread.java:6186)
09-08 08:26:18.349  4948  4948 W System.err: 	at java.lang.reflect.Method.invoke(Native Method)
09-08 08:26:18.350  4948  4948 W System.err: 	at com.android.internal.os.ZygoteInit$MethodAndArgsCaller.run(ZygoteInit.java:889)
09-08 08:26:18.350  4948  4948 W System.err: 	at com.android.internal.os.ZygoteInit.main(ZygoteInit.java:779)
