09-16 16:35:50.247  3183  3183 D PostProcessConvertor: PostProcessConvertorInit ++ OSR 192000, ISR 48000, CC 2, OBW 4, IBW 1 
09-16 16:35:50.247  3183  3183 D SoundAliveResampler: [SoundAliveResampler] Init+++
09-16 16:35:50.247  3183  3183 V audio_hw_primary_abox: fast_out-add_audio_usage: Added Audio Stream into Audio Usage list!
09-16 16:35:50.247  3183  3183 D audio_hw_primary_abox: device-adev_open_output_stream: Opened fast_out stream
09-16 16:35:50.247  3183  3183 V audio_hw_primary_abox: fast_out-out_get_format: exit with audio format = 0x1
09-16 16:35:50.247  3183  3183 V audio_hw_primary_abox: fast_out-out_get_channels: exit with channel mask = 0x3
09-16 16:35:50.247  3183  3183 V audio_hw_primary_abox: fast_out-out_get_sample_rate: exit with sample rate = 48000
09-16 16:35:50.247  3183  3183 V audio_hw_primary_abox: fast_out-out_get_channels: exit with channel mask = 0x3
09-16 16:35:50.248  3183  3183 V audio_hw_primary_abox: fast_out-out_get_format: exit with audio format = 0x1
09-16 16:35:50.248  3183  3183 V audio_hw_primary_abox: fast_out-out_get_format: exit with audio format = 0x1
09-16 16:35:50.248  3183  3183 V audio_hw_primary_abox: fast_out-out_get_format: exit with audio format = 0x1
09-16 16:35:50.248  3183  3183 V audio_hw_primary_abox: fast_out-out_get_channels: exit with channel mask = 0x3
09-16 16:35:50.248  3183  3183 V audio_hw_primary_abox: fast_out-out_get_buffer_size: Period Size = 192, Frame Size = 4
09-16 16:35:50.248  3183  3183 V audio_hw_primary_abox: fast_out-out_get_format: exit with audio format = 0x1
09-16 16:35:50.248  3183  3183 V audio_hw_primary_abox: fast_out-out_get_channels: exit with channel mask = 0x3
09-16 16:35:50.248  3183  3183 I AudioFlinger: HAL output buffer size 192 frames, normal sink buffer size 960 frames
09-16 16:35:50.248  3183  3183 V audio_hw_primary_abox: fast_out-out_get_format: exit with audio format = 0x1
09-16 16:35:50.248  3183  3183 V audio_hw_primary_abox: fast_out-out_get_channels: exit with channel mask = 0x3
09-16 16:35:50.248  3183  3183 V audio_hw_primary_abox: fast_out-out_get_buffer_size: Period Size = 192, Frame Size = 4
09-16 16:35:50.248  3183  3183 V audio_hw_primary_abox: fast_out-out_get_format: exit with audio format = 0x1
09-16 16:35:50.248  3183  3183 V audio_hw_primary_abox: fast_out-out_get_channels: exit with channel mask = 0x3
09-16 16:35:50.248  3183  3183 V audio_hw_primary_abox: fast_out-out_get_format: exit with audio format = 0x1
09-16 16:35:50.248  3183  3183 V audio_hw_primary_abox: fast_out-out_get_sample_rate: exit with sample rate = 48000
09-16 16:35:50.248  3183  3183 V audio_hw_primary_abox: fast_out-out_get_channels: exit with channel mask = 0x3
09-16 16:35:50.251  3183  3381 I AudioFlinger: AudioFlinger's thread 0xf5a033c0 ready to run
09-16 16:35:50.251  3183  3381 W BatteryNotifier: batterystats service unavailable!
09-16 16:35:50.251  3183  3381 D audio_hw_primary_abox: fast_out-out_set_parameters: enter with param = routing=2
09-16 16:35:50.251  3183  3381 D audio_hw_primary_abox: fast_out-out_set_parameters: Requested to change route from 0x2 to 0x2
09-16 16:35:50.251  3183  3381 D audio_hw_primary_abox: fast_out-out_set_parameters: exit
09-16 16:35:50.251  3183  3381 V audio_hw_primary_abox: fast_out-out_standby: enter
09-16 16:35:50.251  3183  3381 V audio_hw_primary_abox: fast_out-out_standby: exit
09-16 16:35:50.251  3183  3381 W BatteryNotifier: batterystats service unavailable!
09-16 16:35:50.252  3183  3381 W BatteryNotifier: batterystats service unavailable!
09-16 16:35:50.252  3183  3381 W AudioFlinger: no wake lock to update, system not ready yet
09-16 16:35:50.253  3183  3183 D audio_hw_primary_abox: device-adev_open_input_stream: enter: io_handle (14), sample_rate(48000) channel_mask(0xc) devices(0x80000004) flags(0) source(1)
09-16 16:35:50.253  3183  3183 I audio_hw_primary_abox: device-adev_open_input_stream: requested input samplerate decides audio path of csvt and vowifi, sample_rate = 48000
09-16 16:35:50.253  3183  3183 D audio_hw_primary_abox: device-adev_open_input_stream: Requested open Primary input
09-16 16:35:50.253  3183  3183 I audio_hw_primary_abox: is_voice_wakeup : ret =  0  , wakeup_baby_cry_enabled = 0  ,  wakeup_mic_enabled = 0 
09-16 16:35:50.253  3183  3183 I audio_hw_primary_abox: primary_in-adev_open_input_stream: Transit to Standby
09-16 16:35:50.253  3183  3183 V audio_hw_primary_abox: primary_in-add_audio_usage: Added Audio Stream into Audio Usage list!
09-16 16:35:50.253  3183  3183 D audio_hw_primary_abox: adev_open_input_stream: preprocessing_latency = 0
09-16 16:35:50.253  3183  3183 I audio_hw_primary_abox: adev_open_input_stream: input is null, set new input stream
09-16 16:35:50.253  3183  3183 D audio_hw_primary_abox: device-adev_open_input_stream: Opened primary_in stream
09-16 16:35:50.254  3183  3383 I AudioFlinger: AudioFlinger's thread 0xf57032c0 ready to run
09-16 16:35:50.254  3183  3183 D audio_hw_primary_abox: device-adev_close_input_stream: enter with Audio Usage(primary_in)
09-16 16:35:50.254  3183  3183 V audio_hw_primary_abox: stop_voice_note_recording
09-16 16:35:50.254  3183  3183 D audio_hw_primary_abox: primary_in-in_standby: enter
09-16 16:35:50.254  3183  3183 D audio_hw_primary_abox: primary_in-in_standby: exit
09-16 16:35:50.254  3183  3183 V audio_hw_primary_abox: primary_in-remove_audio_usage: Removed Audio Usage from Audio Usage list!
09-16 16:35:50.254  3183  3183 E audio_hw_primary_abox: adev_close_input_stream, set jack_in to null
09-16 16:35:50.254  3183  3183 D audio_hw_primary_abox: device-adev_close_input_stream: Closed primary_in stream
09-16 16:35:50.259  3183  3183 I bt_a2dp_hw: adev_open:  adev_open in A2dp_hw module
09-16 16:35:50.259  3183  3183 I AudioFlinger: loadHwModule() Loaded a2dp audio interface from A2DP Audio HW HAL (audio) handle 18
09-16 16:35:50.263  3183  3183 I AudioFlinger: loadHwModule() Loaded usb audio interface from USB audio HW HAL (audio) handle 26
09-16 16:35:50.264  3183  3183 E AudioFlinger: int android::load_audio_interface(const char *, audio_hw_device_t **) couldn't load audio hw module audio.tms (No such file or directory)
09-16 16:35:50.264  3183  3183 E AudioFlinger: loadHwModule() error -2 loading module tms
09-16 16:35:50.264  3183  3183 W APM_AudioPolicyManager: could not open HW module tms
09-16 16:35:50.266  3183  3183 I r_submix: adev_open(name=audio_hw_if)
09-16 16:35:50.266  3183  3183 I r_submix: adev_init_check()
09-16 16:35:50.266  3183  3183 I AudioFlinger: loadHwModule() Loaded r_submix audio interface from Wifi Display audio HAL (audio) handle 34
09-16 16:35:50.266  3183  3183 D r_submix: adev_open_input_stream(addr=0)
09-16 16:35:50.266  3183  3183 D r_submix: submix_audio_device_create_pipe_l(addr=0, idx=9)
09-16 16:35:50.266  3183  3183 D r_submix:   now using address 0 for route 9
09-16 16:35:50.270  3183  3387 I AudioFlinger: AudioFlinger's thread 0xf56830c0 ready to run
09-16 16:35:50.270  3183  3183 D r_submix: adev_close_input_stream()
09-16 16:35:50.271  3183  3183 D r_submix: submix_audio_device_release_pipe_l(idx=9) addr=0
09-16 16:35:50.271  3183  3183 D r_submix: submix_audio_device_destroy_pipe_l(): pipe destroyed
09-16 16:35:50.271  3183  3183 E AudioFlinger: int android::load_audio_interface(const char *, audio_hw_device_t **) couldn't load audio hw module audio.playback_record (No such file or directory)
09-16 16:35:50.271  3183  3183 E AudioFlinger: loadHwModule() error -2 loading module playback_record
09-16 16:35:50.271  3183  3183 W APM_AudioPolicyManager: could not open HW module playback_record
09-16 16:35:50.271  3183  3183 W APM_AudioPolicyManager: Input device 84000000 unreachable
09-16 16:35:50.271  3183  3256 D audio_hw_primary_abox: device-adev_set_parameters: enter with key(support_output_device=3)
09-16 16:35:50.271  3183  3256 I audio_hw_primary_abox: support output @audio_hw 3
09-16 16:35:50.271  3183  3256 I audio_hw_primary_abox: support reciever @audio_hw
09-16 16:35:50.271  3183  3256 D audio_hw_primary_abox: device-adev_set_parameters: exit
09-16 16:35:50.272  3183  3256 D audio_hw_primary_abox: device-adev_set_parameters: enter with key(support_input_device=-2145386044)
09-16 16:35:50.272  3183  3256 I audio_hw_primary_abox: support input @audio_hw -2145386044
09-16 16:35:50.272  3183  3256 I audio_hw_primary_abox: support backmic @audio_hw
09-16 16:35:50.272  3183  3256 I audio_hw_primary_abox: support thirdmic @audio_hw
09-16 16:35:50.272  3183  3256 D audio_hw_primary_abox: device-adev_set_parameters: exit
09-16 16:35:50.272  3183  3183 W VolumeCustomizer: createVolumeTable device=0
09-16 16:35:50.272  3183  3183 D AudioInfo: can not find AudioDataPath for fileName:/Volume.data
09-16 16:35:50.272  3183  3183 D VolumeCustomizer: volume tuning file does NOT exist!!! use default VolumeTable
09-16 16:35:50.272  3183  3183 W VolumeCustomizer: createVolumeTable device=1
09-16 16:35:50.272  3183  3183 D VolumeCustomizer: volume tuning file does NOT exist!!! use default VolumeTable
09-16 16:35:50.272  3183  3183 W VolumeCustomizer: createVolumeTable device=2
09-16 16:35:50.272  3183  3183 D VolumeCustomizer: volume tuning file does NOT exist!!! use default VolumeTable
09-16 16:35:50.272  3183  3183 W VolumeCustomizer: createVolumeTable device=3
09-16 16:35:50.272  3183  3183 D VolumeCustomizer: volume tuning file does NOT exist!!! use default VolumeTable
09-16 16:35:50.272  3183  3183 W VolumeCustomizer: createVolumeTable device=4
09-16 16:35:50.272  3183  3183 D VolumeCustomizer: volume tuning file does NOT exist!!! use default VolumeTable
09-16 16:35:50.272  3183  3183 W VolumeCustomizer: createVolumeTable device=5
09-16 16:35:50.272  3183  3183 D VolumeCustomizer: volume tuning file does NOT exist!!! use default VolumeTable
09-16 16:35:50.272  3183  3183 W VolumeCustomizer: createVolumeTable device=6
09-16 16:35:50.272  3183  3183 D VolumeCustomizer: volume tuning file does NOT exist!!! use default VolumeTable
09-16 16:35:50.272  3183  3256 D audio_hw_primary_abox: device-adev_set_parameters: enter with key(FixedRingVol=0.0354813375;FixedRingVolBt=0.0999999940)
09-16 16:35:50.272  3183  3256 D audio_hw_primary_abox: device-adev_set_parameters: exit
09-16 16:35:50.272  3183  3183 I APM_AudioPolicyManager: ENFORCED_AUDIBLE cannot be muted
09-16 16:35:50.272  3183  3256 D audio_hw_primary_abox: device-adev_set_parameters: enter with key(mCameraForced)
09-16 16:35:50.272  3183  3256 D audio_hw_primary_abox: device-adev_set_parameters: exit
09-16 16:35:50.272  3183  3183 I APM_AudioPolicyManager: Set the flinger 'ro.camera.sound.forced
09-16 16:35:50.273  3183  3183 I RadioService: RadioService
09-16 16:35:50.273  3183  3183 I RadioService: onFirstRef
09-16 16:35:50.273  3183  3183 E RadioService: couldn't load radio module radio.primary (No such file or directory)
09-16 16:35:50.274  3183  3183 E SoundTriggerHwService: couldn't load sound trigger module sound_trigger.primary (No such file or directory)
09-16 16:35:50.537  3158  3158 D SurfaceFlinger: SF. shader cache generated - 26 shaders in 924.516724 ms
09-16 16:35:50.539  3158  3158 D SurfaceFlinger: Set power mode=2, type=0 flinger=0x7fab648000
09-16 16:35:50.562  3179  3179 D wrapperGPS: wrapperConnect_RILD
09-16 16:35:50.733  3191  3191 V NatController: runCmd(/system/bin/iptables -w -F natctrl_FORWARD) res=0
09-16 16:35:50.738  3191  3191 V NatController: runCmd(/system/bin/ip6tables -w -F natctrl_FORWARD) res=0
09-16 16:35:50.739  3084  3084 W auditd  : type=1325 audit(0.0:92): table=filter family=2 entries=50
09-16 16:35:50.739  3084  3084 W auditd  : type=1320 audit(0.0:92): 
09-16 16:35:50.743  3084  3084 W auditd  : type=1325 audit(0.0:93): table=nat family=2 entries=11
09-16 16:35:50.743  3084  3084 W auditd  : type=1320 audit(0.0:93): 
09-16 16:35:50.745  3191  3191 V NatController: runCmd(/system/bin/iptables -w -A natctrl_FORWARD -j DROP) res=0
09-16 16:35:50.750  3191  3191 V NatController: runCmd(/system/bin/iptables -w -t nat -F natctrl_nat_POSTROUTING) res=0
09-16 16:35:50.751  3084  3084 W auditd  : type=1325 audit(0.0:94): table=raw family=10 entries=12
09-16 16:35:50.751  3084  3084 W auditd  : type=1320 audit(0.0:94): 
09-16 16:35:50.756  3191  3191 V NatController: runCmd(/system/bin/ip6tables -w -t raw -F natctrl_raw_PREROUTING) res=0
09-16 16:35:50.761  3191  3191 V NatController: runCmd(/system/bin/iptables -w -F natctrl_tether_counters) res=1
09-16 16:35:50.766  3191  3191 V NatController: runCmd(/system/bin/ip6tables -w -F natctrl_tether_counters) res=1
09-16 16:35:50.772  3191  3191 V NatController: runCmd(/system/bin/iptables -w -X natctrl_tether_counters) res=1
09-16 16:35:50.775  3084  3084 W auditd  : type=1325 audit(0.0:95): table=filter family=2 entries=51
09-16 16:35:50.775  3084  3084 W auditd  : type=1320 audit(0.0:95): 
09-16 16:35:50.775  3451  3503 D libEGL  : loaded /vendor/lib64/egl/libGLES_mali.so
09-16 16:35:50.777  3191  3191 V NatController: runCmd(/system/bin/ip6tables -w -X natctrl_tether_counters) res=1
09-16 16:35:50.782  3191  3191 V NatController: runCmd(/system/bin/iptables -w -N natctrl_tether_counters) res=0
09-16 16:35:50.783  3084  3084 W auditd  : type=1325 audit(0.0:96): table=filter family=10 entries=62
09-16 16:35:50.783  3084  3084 W auditd  : type=1320 audit(0.0:96): 
09-16 16:35:50.787  3084  3084 W auditd  : type=1325 audit(0.0:97): table=mangle family=2 entries=15
09-16 16:35:50.787  3084  3084 W auditd  : type=1320 audit(0.0:97): 
09-16 16:35:50.787  3191  3191 V NatController: runCmd(/system/bin/ip6tables -w -N natctrl_tether_counters) res=0
09-16 16:35:50.791  3451  3503 D mali_winsys: EGLint new_window_surface(egl_winsys_display*, void*, EGLSurface, EGLConfig, egl_winsys_surface**, egl_color_buffer_format*, EGLBoolean) returns 0x3000,  [1440x2960]-format:2
09-16 16:35:50.792  3191  3191 V NatController: runCmd(/system/bin/iptables -w -t mangle -A natctrl_mangle_FORWARD -p tcp --tcp-flags SYN SYN -j TCPMSS --clamp-mss-to-pmtu) res=0
09-16 16:35:50.803  3084  3084 W auditd  : type=1325 audit(0.0:98): table=filter family=2 entries=53
09-16 16:35:50.803  3084  3084 W auditd  : type=1320 audit(0.0:98): 
09-16 16:35:50.803  3084  3084 W auditd  : type=1325 audit(0.0:99): table=raw family=2 entries=12
09-16 16:35:50.803  3084  3084 W auditd  : type=1320 audit(0.0:99): 
09-16 16:35:50.803  3084  3084 W auditd  : type=1325 audit(0.0:100): table=mangle family=2 entries=16
09-16 16:35:50.803  3084  3084 W auditd  : type=1320 audit(0.0:100): 
09-16 16:35:50.807  3084  3084 W auditd  : type=1325 audit(0.0:101): table=filter family=10 entries=64
09-16 16:35:50.807  3084  3084 W auditd  : type=1320 audit(0.0:101): 
09-16 16:35:50.823  3178  3178 I lhd     : Lhd::LHD Init took 1.373s
09-16 16:35:50.876  3174  3202 D Sensorhubs: readEvents: 2, 1, -43, 1
09-16 16:35:50.891  3191  3191 E Netd    : cannot find interface dummy0
09-16 16:35:50.893  3191  3191 D MDnsDS  : MDnsSdListener::Hander starting up
09-16 16:35:50.893  3191  3538 D MDnsDS  : MDnsSdListener starting to monitor
09-16 16:35:50.893  3191  3538 D MDnsDS  : Going to poll with pollCount 1
09-16 16:35:51.562  3179  3179 D wrapperGPS: wrapperConnect_RILD
09-16 16:35:51.609  3334  3334 I dex2oat : Explicit concurrent mark sweep GC freed 7869(1469KB) AllocSpace objects, 0(0B) LOS objects, 66% free, 1825KB/5MB, paused 34us total 8.037ms
09-16 16:35:51.609  3319  3319 I dex2oat : Explicit concurrent mark sweep GC freed 7869(2MB) AllocSpace objects, 0(0B) LOS objects, 61% free, 2MB/6MB, paused 50us total 8.924ms
09-16 16:35:52.286  3334  3334 I dex2oat : dex2oat took 2.276s (threads: 8) arena alloc=0B (0B) java alloc=1829KB (1873040B) native alloc=7MB (7784816B) free=4MB (4798096B)
09-16 16:35:52.286  3319  3319 I dex2oat : dex2oat took 2.322s (threads: 8) arena alloc=0B (0B) java alloc=2MB (2608704B) native alloc=10MB (10597176B) free=5MB (5786824B)
09-16 16:35:52.312  3182  3182 D ICU     : No timezone override file found: /data/misc/zoneinfo/current/icu/icu_tzdata.dat
09-16 16:35:52.315  3181  3181 D ICU     : No timezone override file found: /data/misc/zoneinfo/current/icu/icu_tzdata.dat
09-16 16:35:52.340  3182  3182 W art     : Before Android 4.1, method double java.util.concurrent.ThreadLocalRandom.internalNextDouble(double, double) would have incorrectly overridden the package-private method in java.util.Random
09-16 16:35:52.340  3182  3182 W art     : Before Android 4.1, method int java.util.concurrent.ThreadLocalRandom.internalNextInt(int, int) would have incorrectly overridden the package-private method in java.util.Random
09-16 16:35:52.340  3182  3182 W art     : Before Android 4.1, method long java.util.concurrent.ThreadLocalRandom.internalNextLong(long, long) would have incorrectly overridden the package-private method in java.util.Random
09-16 16:35:52.340  3181  3181 W art     : Before Android 4.1, method double java.util.concurrent.ThreadLocalRandom.internalNextDouble(double, double) would have incorrectly overridden the package-private method in java.util.Random
09-16 16:35:52.340  3181  3181 W art     : Before Android 4.1, method int java.util.concurrent.ThreadLocalRandom.internalNextInt(int, int) would have incorrectly overridden the package-private method in java.util.Random
09-16 16:35:52.340  3181  3181 W art     : Before Android 4.1, method long java.util.concurrent.ThreadLocalRandom.internalNextLong(long, long) would have incorrectly overridden the package-private method in java.util.Random
09-16 16:35:52.457  3181  3181 I Radio-JNI: register_android_hardware_Radio DONE
09-16 16:35:52.457  3182  3182 I Radio-JNI: register_android_hardware_Radio DONE
09-16 16:35:52.488  3181  3181 I SamplingProfilerIntegration: Profiling disabled.
09-16 16:35:52.488  3181  3181 D Zygote  : begin preload
09-16 16:35:52.488  3181  3181 I Zygote  : Installing ICU cache reference pinning...
09-16 16:35:52.489  3181  3181 I Zygote  : Preloading ICU data...
09-16 16:35:52.492  3182  3182 I SamplingProfilerIntegration: Profiling disabled.
09-16 16:35:52.493  3182  3182 D Zygote  : begin preload
09-16 16:35:52.493  3182  3182 I Zygote  : Installing ICU cache reference pinning...
09-16 16:35:52.493  3182  3182 I Zygote  : Preloading ICU data...
09-16 16:35:52.562  3179  3179 D wrapperGPS: wrapperConnect_RILD
09-16 16:35:52.563  3179  3179 D gpsd    : WakeLock(Acquire,GPSD)
09-16 16:35:52.563  3179  3179 D gpsd    : WakeLock(Release,GPSD)
09-16 16:35:52.563  3179  3179 D gpsd    : WakeLock(Acquire,GPSD)
09-16 16:35:52.563  3179  3179 D gpsd    : WakeLock(Release,GPSD)
09-16 16:35:52.619  3181  3181 I Zygote  : Preloading classes...
09-16 16:35:52.625  3181  3181 W Zygote  : Class not found for preloading: [Landroid.view.Display$ColorTransform;
09-16 16:35:52.641  3182  3182 I Zygote  : Preloading classes...
09-16 16:35:52.647  3182  3182 W Zygote  : Class not found for preloading: [Landroid.view.Display$ColorTransform;
09-16 16:35:53.037  3181  3181 E Typeface: Error mapping font file /system/fonts/DroidSansFallback.ttf
09-16 16:35:53.037  3182  3182 E Typeface: Error mapping font file /system/fonts/DroidSansFallback.ttf
09-16 16:35:53.248  3183  3378 W BatteryNotifier: batterystats service unavailable!
09-16 16:35:53.254  3183  3381 W BatteryNotifier: batterystats service unavailable!
09-16 16:35:53.817  3181  3181 I art     : Thread[1,tid=3181,Native,Thread*=0x7f82295a00,peer=0x12c420d0,"main"] recursive attempt to load library "/system/lib64/libmedia_jni.so"
09-16 16:35:53.818  3181  3181 D MtpDeviceJNI: register_android_mtp_MtpDevice
09-16 16:35:53.819  3181  3181 I art     : Thread[1,tid=3181,Native,Thread*=0x7f82295a00,peer=0x12c420d0,"main"] recursive attempt to load library "/system/lib64/libmedia_jni.so"
09-16 16:35:53.819  3181  3181 I art     : Thread[1,tid=3181,Native,Thread*=0x7f82295a00,peer=0x12c420d0,"main"] recursive attempt to load library "/system/lib64/libmedia_jni.so"
09-16 16:35:53.857  3181  3181 E FFMPEGSoftCodec: Failed to load FFMPEG plugin: (null)
09-16 16:35:53.940  3182  3182 I art     : Thread[1,tid=3182,Native,Thread*=0xf4905400,peer=0x12c04f70,"main"] recursive attempt to load library "/system/lib/libmedia_jni.so"
09-16 16:35:53.940  3182  3182 D MtpDeviceJNI: register_android_mtp_MtpDevice
09-16 16:35:53.941  3182  3182 I art     : Thread[1,tid=3182,Native,Thread*=0xf4905400,peer=0x12c04f70,"main"] recursive attempt to load library "/system/lib/libmedia_jni.so"
09-16 16:35:53.942  3182  3182 I art     : Thread[1,tid=3182,Native,Thread*=0xf4905400,peer=0x12c04f70,"main"] recursive attempt to load library "/system/lib/libmedia_jni.so"
09-16 16:35:53.983  3182  3182 E FFMPEGSoftCodec: Failed to load FFMPEG plugin: (null)
09-16 16:35:54.206  3181  3181 W Zygote  : Class not found for preloading: android.view.Display$ColorTransform
09-16 16:35:54.206  3181  3181 W Zygote  : Class not found for preloading: android.view.Display$ColorTransform$1
09-16 16:35:54.351  3182  3182 W Zygote  : Class not found for preloading: android.view.Display$ColorTransform
09-16 16:35:54.351  3182  3182 W Zygote  : Class not found for preloading: android.view.Display$ColorTransform$1
09-16 16:35:54.439  3181  3181 W System  : ClassLoader referenced unknown path: /system/framework/tcmclient.jar
09-16 16:35:54.607  3182  3182 W System  : ClassLoader referenced unknown path: /system/framework/tcmclient.jar
09-16 16:35:54.673  3181  3181 I System  : Loaded time zone names for "" in 59ms (27ms in ICU)
09-16 16:35:54.716  3181  3181 I System  : Loaded time zone names for "en_US" in 42ms (10ms in ICU)
09-16 16:35:54.873  3182  3182 I System  : Loaded time zone names for "" in 65ms (18ms in ICU)
09-16 16:35:54.928  3182  3182 I System  : Loaded time zone names for "en_US" in 55ms (11ms in ICU)
09-16 16:35:55.018  3181  3181 I Zygote  : ...preloaded 4158 classes in 2398ms.
09-16 16:35:55.018  3181  3181 I art     : VMRuntime.preloadDexCaches starting
09-16 16:35:55.063  3181  3181 I art     : VMRuntime.preloadDexCaches strings total=288446 before=12011 after=12011
09-16 16:35:55.063  3181  3181 I art     : VMRuntime.preloadDexCaches types total=23810 before=9280 after=11325
09-16 16:35:55.063  3181  3181 I art     : VMRuntime.preloadDexCaches fields total=113941 before=41160 after=54105
09-16 16:35:55.063  3181  3181 I art     : VMRuntime.preloadDexCaches methods total=199717 before=78591 after=96703
09-16 16:35:55.063  3181  3181 I art     : VMRuntime.preloadDexCaches finished
09-16 16:35:55.063  3181  3181 I Zygote  : Preloading resources...
09-16 16:35:55.101  3181  3181 W Resources: Preloaded drawable resource #0x108025c (android:drawable/dialog_background_material) that varies with configuration!!
09-16 16:35:55.109  3181  3181 W Resources: Preloaded color resource #0x10600ea (android:color/material_grey_800) that varies with configuration!!
09-16 16:35:55.109  3181  3181 W Resources: Preloaded drawable resource #0x10802c9 (android:drawable/floating_popup_background_dark) that varies with configuration!!
09-16 16:35:55.232  3181  3181 I Zygote  : ...preloaded 114 resources in 168ms.
09-16 16:35:55.240  3181  3181 W Resources: Preloaded color resource #0x1060114 (android:color/background_cache_hint_selector_material_dark) that varies with configuration!!
09-16 16:35:55.241  3181  3181 W Resources: Preloaded color resource #0x1060119 (android:color/btn_default_material_dark) that varies with configuration!!
09-16 16:35:55.242  3181  3181 I Zygote  : ...preloaded 41 resources in 11ms.
09-16 16:35:55.245  3181  3181 I Zygote  : ...preloaded 2 resource in 2ms.
09-16 16:35:55.253  3181  3181 D libEGL  : loaded /vendor/lib64/egl/libGLES_mali.so
09-16 16:35:55.263  3181  3181 I Zygote  : Preloading shared libraries...
09-16 16:35:55.284  3182  3182 I Zygote  : ...preloaded 4158 classes in 2643ms.
09-16 16:35:55.284  3182  3182 I art     : VMRuntime.preloadDexCaches starting
09-16 16:35:55.287  3181  3181 I Zygote  : Uninstalled ICU cache reference pinning...
09-16 16:35:55.294  3181  3181 I Zygote  : Installed AndroidKeyStoreProvider in 8ms.
09-16 16:35:55.341  3182  3182 I art     : VMRuntime.preloadDexCaches strings total=288446 before=12011 after=12011
09-16 16:35:55.341  3182  3182 I art     : VMRuntime.preloadDexCaches types total=23810 before=9280 after=11325
09-16 16:35:55.341  3182  3182 I art     : VMRuntime.preloadDexCaches fields total=113941 before=41160 after=54105
09-16 16:35:55.341  3182  3182 I art     : VMRuntime.preloadDexCaches methods total=199717 before=78591 after=96703
09-16 16:35:55.341  3182  3182 I art     : VMRuntime.preloadDexCaches finished
09-16 16:35:55.342  3182  3182 I Zygote  : Preloading resources...
09-16 16:35:55.376  3182  3182 W Resources: Preloaded drawable resource #0x108025c (android:drawable/dialog_background_material) that varies with configuration!!
09-16 16:35:55.384  3182  3182 W Resources: Preloaded color resource #0x10600ea (android:color/material_grey_800) that varies with configuration!!
09-16 16:35:55.384  3182  3182 W Resources: Preloaded drawable resource #0x10802c9 (android:drawable/floating_popup_background_dark) that varies with configuration!!
09-16 16:35:55.402  3181  3181 I Zygote  : Warmed up JCA providers in 108ms.
09-16 16:35:55.402  3181  3181 D Zygote  : end preload
09-16 16:35:55.402  3181  3181 I art     : Starting a blocking GC Explicit
09-16 16:35:55.413  3181  3181 I art     : Explicit concurrent mark sweep GC freed 3370(147KB) AllocSpace objects, 0(0B) LOS objects, 40% free, 10MB/17MB, paused 51us total 10.536ms
09-16 16:35:55.413  3181  3181 I art     : Starting a blocking GC Explicit
09-16 16:35:55.423  3181  3181 I art     : Explicit concurrent mark sweep GC freed 43(1656B) AllocSpace objects, 0(0B) LOS objects, 39% free, 10MB/17MB, paused 54us total 9.919ms
09-16 16:35:55.451  3181  3578 I art     : Starting a blocking GC HeapTrim
09-16 16:35:55.452  3181  3181 I art     : Starting a blocking GC Background
09-16 16:35:55.494  3181  3181 I Zygote  : System server process 3583 has been created
09-16 16:35:55.495  3181  3181 I Zygote  : Accepting command socket connections
09-16 16:35:55.523  3182  3182 I Zygote  : ...preloaded 114 resources in 180ms.
09-16 16:35:55.533  3182  3182 W Resources: Preloaded color resource #0x1060114 (android:color/background_cache_hint_selector_material_dark) that varies with configuration!!
09-16 16:35:55.533  3182  3182 W Resources: Preloaded color resource #0x1060119 (android:color/btn_default_material_dark) that varies with configuration!!
09-16 16:35:55.536  3182  3182 I Zygote  : ...preloaded 41 resources in 12ms.
09-16 16:35:55.538  3182  3182 I Zygote  : ...preloaded 2 resource in 3ms.
09-16 16:35:55.574  3182  3182 D libEGL  : loaded /vendor/lib/egl/libGLES_mali.so
09-16 16:35:55.587  3182  3182 I Zygote  : Preloading shared libraries...
09-16 16:35:55.612  3182  3182 I Zygote  : Uninstalled ICU cache reference pinning...
09-16 16:35:55.621  3182  3182 I Zygote  : Installed AndroidKeyStoreProvider in 9ms.
09-16 16:35:55.657  3179  3579 D wrapperGPS: onError: error 4
09-16 16:35:55.657  3179  3179 D gpsd    : WakeLock(Acquire,GPSD)
09-16 16:35:55.764  3182  3182 I Zygote  : Warmed up JCA providers in 144ms.
09-16 16:35:55.764  3182  3182 D Zygote  : end preload
09-16 16:35:55.765  3182  3182 I art     : Starting a blocking GC Explicit
09-16 16:35:55.776  3182  3182 I art     : Explicit concurrent mark sweep GC freed 3217(142KB) AllocSpace objects, 0(0B) LOS objects, 40% free, 9MB/16MB, paused 120us total 11.244ms
09-16 16:35:55.776  3182  3182 I art     : Starting a blocking GC Explicit
09-16 16:35:55.787  3182  3182 I art     : Explicit concurrent mark sweep GC freed 52(2152B) AllocSpace objects, 0(0B) LOS objects, 39% free, 9MB/16MB, paused 111us total 10.811ms
09-16 16:35:55.934  3182  3182 I Zygote  : Accepting command socket connections
09-16 16:35:55.937  3583  3583 I chatty  : uid=1000 system_server expire 36 lines
09-16 16:35:55.938  3583  3583 I InstallerConnection: connecting...
09-16 16:35:55.938  3185  3185 I         : new connection
09-16 16:35:55.956  3602  3602 I dex2oat : /system/bin/dex2oat --compiler-filter=speed
09-16 16:35:56.282  3602  3602 I dex2oat : dex2oat took 326.032ms (threads: 8) arena alloc=2MB (2194000B) java alloc=799KB (819088B) native alloc=3MB (3269464B) free=4MB (5119144B)
09-16 16:35:56.302  3611  3611 I dex2oat : /system/bin/dex2oat --compiler-filter=speed
09-16 16:35:56.390  3611  3611 I dex2oat : dex2oat took 88.493ms (threads: 8) arena alloc=658KB (674424B) java alloc=120KB (123792B) native alloc=1361KB (1394160B) free=4MB (4373008B)
09-16 16:35:56.408  3620  3620 I dex2oat : /system/bin/dex2oat --compiler-filter=speed
09-16 16:35:57.355  3620  3624 W dex2oat : Compilation of void com.android.server.SystemServer.startOtherServices() took 104.497ms
09-16 16:35:57.719  3620  3625 W dex2oat : Compilation of void com.android.server.am.BroadcastQueue.processNextBroadcast(boolean) took 101.635ms
09-16 16:35:58.056  3620  3626 W dex2oat : Compilation of void com.android.server.am.ActivityManagerService.dumpApplicationMemoryUsage(java.io.FileDescriptor, java.io.PrintWriter, java.lang.String, java.lang.String[], boolean, java.io.PrintWriter) took 149.512ms
09-16 16:35:59.109  3620  3628 W dex2oat : Compilation of android.content.pm.PackageParser$Package com.android.server.pm.PackageManagerService.scanPackageDirtyLI(android.content.pm.PackageParser$Package, int, int, long, android.os.UserHandle) took 117.049ms
09-16 16:35:59.319  3620  3628 W dex2oat : Compilation of void com.android.server.pm.PackageManagerService.dump(java.io.FileDescriptor, java.io.PrintWriter, java.lang.String[]) took 104.554ms
09-16 16:35:59.789  3620  3620 I dex2oat : dex2oat took 3.380s (threads: 8) arena alloc=14MB (15713736B) java alloc=3MB (4144104B) native alloc=34MB (36350824B) free=19MB (20534424B)
09-16 16:35:59.813  3659  3659 I dex2oat : /system/bin/dex2oat --compiler-filter=speed
09-16 16:36:00.092  3659  3659 I dex2oat : dex2oat took 279.167ms (threads: 8) arena alloc=1045KB (1070160B) java alloc=242KB (248712B) native alloc=2MB (2351736B) free=4MB (4988296B)
09-16 16:36:00.111  3668  3668 I dex2oat : /system/bin/dex2oat --compiler-filter=speed
09-16 16:36:00.660  3668  3672 W dex2oat : Compilation of boolean com.android.server.wifi.WifiStateMachine$ConnectModeState.processMessage(android.os.Message) took 101.893ms
09-16 16:36:00.832  3668  3668 I dex2oat : dex2oat took 721.082ms (threads: 8) arena alloc=13MB (13659664B) java alloc=721KB (739272B) native alloc=5MB (6006472B) free=17MB (18372920B)
09-16 16:36:00.837  3583  3583 I InstallerConnection: disconnecting...
09-16 16:36:00.837  3185  3185 E         : eof
09-16 16:36:00.837  3185  3185 E         : failed to read size
09-16 16:36:00.837  3185  3185 I         : closing connection
09-16 16:36:00.865  3583  3583 I SystemServer: Entered the Android system server!
09-16 16:36:00.887  3583  3583 I SystemServiceManager: Starting com.android.server.pm.Installer
09-16 16:36:00.887  3583  3583 I Installer: Waiting for installd to be ready.
09-16 16:36:00.887  3583  3583 I InstallerConnection: connecting...
09-16 16:36:00.887  3185  3185 I         : new connection
09-16 16:36:00.887  3583  3583 I SystemServiceManager: Starting com.android.server.am.ActivityManagerService$Lifecycle
09-16 16:36:00.896  3583  3583 I ActivityManager: Memory class: 256
09-16 16:36:00.897  3583  3683 I ServiceThread: Enabled StrictMode logging for ActivityManager looper.
09-16 16:36:00.897  3583  3684 I ServiceThread: Enabled StrictMode logging for android.ui looper.
09-16 16:36:00.934  3583  3583 D BatteryStatsImpl: Reading daily items from /data/system/batterystats-daily.xml
09-16 16:36:00.966  3583  3583 I AppOps  : No existing app ops /data/system/appops.xml; starting empty
09-16 16:36:01.056  3583  3583 I IntentFirewall: Read new rules (A:0 B:0 S:0)
09-16 16:36:01.059  3583  3690 I ServiceThread: Enabled StrictMode logging for android.display looper.
09-16 16:36:01.069  3583  3583 D AppOps  : AppOpsService published
09-16 16:36:01.070  3583  3583 I SystemServiceManager: Starting com.android.server.power.PowerManagerService
09-16 16:36:01.071  3583  3692 I ServiceThread: Enabled StrictMode logging for PowerManagerService looper.
09-16 16:36:01.075  3583  3583 I SystemServiceManager: Starting com.android.server.lights.LightsService
09-16 16:36:01.077  3583  3583 I SystemServiceManager: Starting com.android.server.display.DisplayManagerService
09-16 16:36:01.079  3583  3583 I SystemServiceManager: Starting phase 100
09-16 16:36:01.080  3583  3690 W LocalDisplayAdapter: Unable to get active color mode for display device 0
09-16 16:36:01.080  3583  3690 E LocalDisplayAdapter: Default and active color mode is no longer available! Reverting to first available mode.
09-16 16:36:01.081  3158  3197 E SurfaceFlinger: getDefaultDisplay: id=2 is not a valid default display id
09-16 16:36:01.082  3583  3690 I DisplayManagerService: Display device added: DisplayDeviceInfo{"Built-in Screen": uniqueId="local:0", 1440 x 2960, modeId 1, defaultModeId 1, supportedModes [{id=1, width=1440, height=2960, fps=60.000004}], colorMode -22, supportedColorModes [-22], HdrCapabilities android.view.Display$HdrCapabilities@a69d6308, density 560, 522.514 x 525.762 dpi, appVsyncOff 1000000, presDeadline 16666666, touch INTERNAL, rotation 0, type BUILT_IN, state UNKNOWN, FLAG_DEFAULT_DISPLAY, FLAG_ROTATES_WITH_CONTENT, FLAG_SECURE, FLAG_SUPPORTS_PROTECTED_BUFFERS}
09-16 16:36:01.083  3158  3158 D SurfaceFlinger: Set power mode=2, type=0 flinger=0x7fab648000
09-16 16:36:01.083  3158  3158 D SurfaceFlinger: Screen type=0 is already mode=2
09-16 16:36:01.093  3583  3690 I DisplayManagerService: Display device changed state: "Built-in Screen", ON
09-16 16:36:01.094  3583  3583 I SystemServer: StartPackageManagerService
09-16 16:36:01.102  3583  3583 W FileUtils: Failed to chmod(/data/system/packages.list): android.system.ErrnoException: chmod failed: ENOENT (No such file or directory)
09-16 16:36:01.214  3583  3583 D SELinuxMMAC: Using policy file /system/etc/security/mac_permissions.xml
09-16 16:36:01.221  3583  3583 I PackageManager: No settings file; creating initial state
09-16 16:36:01.243  3697  3697 I dex2oat : /system/bin/dex2oat --compiler-filter=speed
09-16 16:36:01.543  3697  3697 I dex2oat : dex2oat took 301.163ms (threads: 8) arena alloc=2MB (2406656B) java alloc=713KB (730464B) native alloc=2MB (2723416B) free=4MB (4616616B)
09-16 16:36:01.563  3706  3706 I dex2oat : /system/bin/dex2oat --compiler-filter=speed
09-16 16:36:01.639  3706  3706 I dex2oat : dex2oat took 76.125ms (threads: 8) arena alloc=610KB (625264B) java alloc=312KB (320280B) native alloc=1312KB (1344416B) free=3MB (3374176B)
09-16 16:36:01.658  3715  3715 I dex2oat : /system/bin/dex2oat --compiler-filter=speed
09-16 16:36:01.727  3715  3715 I dex2oat : dex2oat took 69.524ms (threads: 8) arena alloc=252KB (258320B) java alloc=51KB (53128B) native alloc=1109KB (1136032B) free=1450KB (1485408B)
09-16 16:36:01.745  3724  3724 I dex2oat : /system/bin/dex2oat --compiler-filter=speed
09-16 16:36:01.854  3724  3724 I dex2oat : dex2oat took 108.798ms (threads: 8) arena alloc=2MB (2969320B) java alloc=154KB (158480B) native alloc=1316KB (1347704B) free=5MB (5992328B)
09-16 16:36:01.872  3733  3733 I dex2oat : /system/bin/dex2oat --compiler-filter=speed
09-16 16:36:01.942  3733  3733 I dex2oat : dex2oat took 70.237ms (threads: 8) arena alloc=735KB (753424B) java alloc=83KB (85032B) native alloc=983KB (1007376B) free=3MB (3186928B)
09-16 16:36:01.961  3742  3742 I dex2oat : /system/bin/dex2oat --compiler-filter=speed
09-16 16:36:02.105  3742  3742 I dex2oat : dex2oat took 144.558ms (threads: 8) arena alloc=1461KB (1496584B) java alloc=457KB (468840B) native alloc=1497KB (1533096B) free=4MB (4758360B)
09-16 16:36:02.108  3583  3583 W PackageManager: Library not found: /system/framework/org.apache.http.legacy.jar
09-16 16:36:02.124  3751  3751 I dex2oat : /system/bin/dex2oat --compiler-filter=speed
09-16 16:36:02.193  3751  3751 I dex2oat : dex2oat took 68.789ms (threads: 8) arena alloc=464KB (475176B) java alloc=118KB (120848B) native alloc=1173KB (1201304B) free=2MB (2993000B)
09-16 16:36:02.211  3760  3760 I dex2oat : /system/bin/dex2oat --compiler-filter=speed
09-16 16:36:02.279  3760  3760 I dex2oat : dex2oat took 68.258ms (threads: 8) arena alloc=294KB (301720B) java alloc=132KB (135960B) native alloc=1101KB (1127568B) free=1970KB (2018160B)
09-16 16:36:02.298  3769  3769 I dex2oat : /system/bin/dex2oat --compiler-filter=speed
09-16 16:36:02.318  3769  3769 I dex2oat : dex2oat took 20.360ms (threads: 8) arena alloc=84KB (86488B) java alloc=59KB (61128B) native alloc=1041KB (1066696B) free=1518KB (1554744B)
09-16 16:36:02.336  3778  3778 I dex2oat : /system/bin/dex2oat --compiler-filter=speed
09-16 16:36:02.370  3778  3778 I dex2oat : dex2oat took 34.354ms (threads: 8) arena alloc=536KB (549880B) java alloc=261KB (267520B) native alloc=1328KB (1360192B) free=3MB (3358400B)
09-16 16:36:02.388  3787  3787 I dex2oat : /system/bin/dex2oat --compiler-filter=speed
09-16 16:36:02.412  3787  3787 I dex2oat : dex2oat took 23.779ms (threads: 8) arena alloc=262KB (268856B) java alloc=37KB (38472B) native alloc=1113KB (1139984B) free=1446KB (1481456B)
09-16 16:36:02.430  3796  3796 I dex2oat : /system/bin/dex2oat --compiler-filter=speed
09-16 16:36:02.492  3796  3796 I dex2oat : dex2oat took 62.476ms (threads: 8) arena alloc=3MB (4091744B) java alloc=123KB (126176B) native alloc=1392KB (1425816B) free=6MB (6962792B)
09-16 16:36:02.511  3805  3805 I dex2oat : /system/bin/dex2oat --compiler-filter=speed
09-16 16:36:02.620  3805  3805 I dex2oat : dex2oat took 109.301ms (threads: 8) arena alloc=1632KB (1671176B) java alloc=456KB (467856B) native alloc=1411KB (1445688B) free=5MB (5370056B)
09-16 16:36:02.623  3583  3583 W PackageManager: Library not found: /system/framework/org.apache.http.legacy.jar
09-16 16:36:02.639  3814  3814 I dex2oat : /system/bin/dex2oat --compiler-filter=speed
09-16 16:36:02.668  3814  3814 I dex2oat : dex2oat took 29.206ms (threads: 8) arena alloc=597KB (612136B) java alloc=80KB (82096B) native alloc=1173KB (1201576B) free=2MB (2992728B)
09-16 16:36:02.686  3823  3823 I dex2oat : /system/bin/dex2oat --compiler-filter=speed
09-16 16:36:02.711  3823  3823 I dex2oat : dex2oat took 25.782ms (threads: 8) arena alloc=254KB (260448B) java alloc=102KB (104576B) native alloc=1103KB (1130368B) free=1968KB (2015360B)
09-16 16:36:02.729  3832  3832 I dex2oat : /system/bin/dex2oat --compiler-filter=speed
09-16 16:36:02.752  3832  3832 I dex2oat : dex2oat took 22.796ms (threads: 8) arena alloc=102KB (105336B) java alloc=59KB (61384B) native alloc=1044KB (1069832B) free=2027KB (2075896B)
09-16 16:36:02.781  3583  3842 I PackageManager: /system/framework/org.cyanogenmod.platform-res.apk changed; collecting certs
09-16 16:36:02.794  3583  3842 W PackageManager: Permission cyanogenmod.permission.WRITE_ALARMS from package cyanogenmod.platform in an unknown group android.permission-group.SYSTEM_CLOCK
09-16 16:36:02.794  3583  3842 W PackageManager: Permission cyanogenmod.permission.MANAGE_ALARMS from package cyanogenmod.platform in an unknown group android.permission-group.SYSTEM_CLOCK
09-16 16:36:02.794  3583  3842 W PackageManager: Permission cyanogenmod.permission.READ_ALARMS from package cyanogenmod.platform in an unknown group android.permission-group.SYSTEM_CLOCK
09-16 16:36:02.848  3583  3841 I PackageManager: /system/framework/framework-res.apk changed; collecting certs
09-16 16:36:02.953  3583  3841 I PackageManager: /system/priv-app/CMSettingsProvider changed; collecting certs
09-16 16:36:02.954  3583  3845 I PackageManager: /system/priv-app/BlockedNumberProvider changed; collecting certs
09-16 16:36:02.956  3583  3843 I PackageManager: /system/priv-app/AudioFX changed; collecting certs
09-16 16:36:02.957  3583  3844 I PackageManager: /system/priv-app/BackupRestoreConfirmation changed; collecting certs
09-16 16:36:02.959  3583  3845 I chatty  : uid=1000 system_server expire 1 line
09-16 16:36:02.960  3583  3846 I PackageManager: /system/priv-app/CMAudioService changed; collecting certs
09-16 16:36:02.966  3583  3845 I PackageManager: /system/priv-app/CallLogBackup changed; collecting certs
09-16 16:36:02.968  3583  3842 I PackageManager: /system/priv-app/CMParts changed; collecting certs
09-16 16:36:02.969  3583  3841 I PackageManager: /system/priv-app/CalendarProvider changed; collecting certs
09-16 16:36:02.972  3583  3843 I PackageManager: /system/priv-app/CarrierConfig changed; collecting certs
09-16 16:36:02.973  3583  3841 I chatty  : uid=1000 system_server expire 1 line
09-16 16:36:02.985  3583  3843 I PackageManager: /system/priv-app/DefaultContainerService changed; collecting certs
09-16 16:36:02.986  3583  3845 I PackageManager: /system/priv-app/ContactsProvider changed; collecting certs
09-16 16:36:02.994  3583  3846 I PackageManager: /system/priv-app/CellBroadcastReceiver changed; collecting certs
09-16 16:36:02.995  3583  3841 I PackageManager: /system/priv-app/CtsShimPrivPrebuilt changed; collecting certs
09-16 16:36:03.009  3583  3844 W PackageParser: No actions in intent filter at /system/priv-app/Contacts/Contacts.apk Binary XML file line #431
09-16 16:36:03.013  3583  3843 I PackageManager: /system/priv-app/DownloadProvider changed; collecting certs
09-16 16:36:03.014  3583  3845 I PackageManager: /system/priv-app/DocumentsUI changed; collecting certs
09-16 16:36:03.015  3583  3844 I PackageManager: /system/priv-app/Contacts changed; collecting certs
09-16 16:36:03.018  3583  3843 I chatty  : uid=1000 system_server expire 2 lines
09-16 16:36:03.021  3583  3843 W PackageManager: Permission android.permission.DOWNLOAD_WITHOUT_NOTIFICATION from package com.android.providers.downloads in an unknown group android.permission-group.NETWORK
09-16 16:36:03.024  3583  3846 I PackageManager: /system/priv-app/EmergencyInfo changed; collecting certs
09-16 16:36:03.026  3583  3841 I PackageManager: /system/priv-app/Eleven changed; collecting certs
09-16 16:36:03.029  3583  3843 I PackageManager: /system/priv-app/ExtServices changed; collecting certs
09-16 16:36:03.039  3583  3846 I chatty  : uid=1000 system_server expire 1 line
09-16 16:36:03.039  3583  3845 I PackageManager: /system/priv-app/ExternalStorageProvider changed; collecting certs
09-16 16:36:03.048  3583  3842 W PackageParser: No actions in intent filter at /system/priv-app/Dialer/Dialer.apk Binary XML file line #207
09-16 16:36:03.048  3583  3843 I PackageManager: /system/priv-app/FusedLocation changed; collecting certs
09-16 16:36:03.055  3583  3842 I PackageManager: /system/priv-app/Dialer changed; collecting certs
09-16 16:36:03.055  3583  3845 I PackageManager: /system/priv-app/InputDevices changed; collecting certs
09-16 16:36:03.068  3583  3845 I PackageManager: /system/priv-app/MmsService changed; collecting certs
09-16 16:36:03.074  3583  3843 I PackageManager: /system/priv-app/MediaProvider changed; collecting certs
09-16 16:36:03.075  3583  3846 I PackageManager: /system/priv-app/Gallery2 changed; collecting certs
09-16 16:36:03.075  3583  3844 I PackageManager: /system/priv-app/LineageSetupWizard changed; collecting certs
09-16 16:36:03.085  3583  3841 I PackageManager: /system/priv-app/ManagedProvisioning changed; collecting certs
09-16 16:36:03.089  3583  3843 I PackageManager: /system/priv-app/OneTimeInitializer changed; collecting certs
09-16 16:36:03.094  3583  3845 I PackageManager: /system/priv-app/MtpDocumentsProvider changed; collecting certs
09-16 16:36:03.104  3583  3844 I PackageManager: /system/priv-app/ProxyHandler changed; collecting certs
09-16 16:36:03.111  3583  3845 I PackageManager: /system/priv-app/SettingsProvider changed; collecting certs
09-16 16:36:03.116  3583  3844 I PackageManager: /system/priv-app/SharedStorageBackup changed; collecting certs
09-16 16:36:03.116  3583  3843 I PackageManager: /system/priv-app/Recorder changed; collecting certs
09-16 16:36:03.118  3583  3842 I PackageManager: /system/priv-app/PackageInstaller changed; collecting certs
09-16 16:36:03.127  3583  3845 I PackageManager: /system/priv-app/StatementService changed; collecting certs
09-16 16:36:03.130  3583  3846 W PackageParser: Ignoring duplicate uses-permissions/uses-permissions-sdk-m: android.permission.INSTALL_GRANT_RUNTIME_PERMISSIONS in package: com.android.shell at: Binary XML file line #102
09-16 16:36:03.135  3583  3846 I PackageManager: /system/priv-app/Shell changed; collecting certs
09-16 16:36:03.141  3583  3844 I PackageManager: /system/priv-app/StorageManager changed; collecting certs
09-16 16:36:03.141  3583  3845 I PackageManager: /system/priv-app/Tag changed; collecting certs
09-16 16:36:03.160  3583  3845 I PackageManager: /system/priv-app/TelephonyProvider changed; collecting certs
09-16 16:36:03.160  3583  3843 W PackageParser: Ignoring duplicate uses-permissions/uses-permissions-sdk-m: android.permission.CONFIGURE_WIFI_DISPLAY in package: com.android.systemui at: Binary XML file line #117
09-16 16:36:03.163  3583  3846 I PackageManager: /system/priv-app/Telecom changed; collecting certs
09-16 16:36:03.173  3583  3843 I PackageManager: /system/priv-app/SystemUI changed; collecting certs
09-16 16:36:03.175  3583  3841 W PackageParser: Ignoring duplicate uses-permissions/uses-permissions-sdk-m: android.permission.USE_CREDENTIALS in package: com.android.settings at: Binary XML file line #56
09-16 16:36:03.176  3583  3841 W PackageParser: Ignoring duplicate uses-permissions/uses-permissions-sdk-m: android.permission.READ_SYNC_SETTINGS in package: com.android.settings at: Binary XML file line #61
09-16 16:36:03.176  3583  3841 W PackageParser: Ignoring duplicate uses-permissions/uses-permissions-sdk-m: android.permission.WRITE_SYNC_SETTINGS in package: com.android.settings at: Binary XML file line #62
09-16 16:36:03.184  3583  3844 I PackageManager: /system/priv-app/Updater changed; collecting certs
09-16 16:36:03.185  3583  3845 I PackageManager: /system/priv-app/Trebuchet changed; collecting certs
09-16 16:36:03.186  3583  3846 I PackageManager: /system/priv-app/VpnDialogs changed; collecting certs
09-16 16:36:03.198  3583  3845 W PackageManager: Permission com.android.launcher.permission.INSTALL_SHORTCUT from package com.cyanogenmod.trebuchet in an unknown group android.permission-group.SYSTEM_TOOLS
09-16 16:36:03.198  3583  3845 W PackageManager: Permission com.android.launcher3.permission.READ_SETTINGS from package com.cyanogenmod.trebuchet in an unknown group android.permission-group.SYSTEM_TOOLS
09-16 16:36:03.199  3583  3845 W PackageManager: Permission com.android.launcher3.permission.WRITE_SETTINGS from package com.cyanogenmod.trebuchet in an unknown group android.permission-group.SYSTEM_TOOLS
09-16 16:36:03.201  3583  3846 I PackageManager: /system/priv-app/WallpaperCropper changed; collecting certs
09-16 16:36:03.201  3583  3844 I PackageManager: /system/priv-app/WeatherManagerService changed; collecting certs
09-16 16:36:03.204  3583  3842 I PackageManager: /system/priv-app/TeleService changed; collecting certs
09-16 16:36:03.213  3583  3845 I PackageManager: /system/priv-app/WeatherProvider changed; collecting certs
09-16 16:36:03.301  3583  3841 I PackageManager: /system/priv-app/Settings changed; collecting certs
09-16 16:36:03.399  3583  3842 I PackageManager: /system/app/BookmarkProvider changed; collecting certs
09-16 16:36:03.399  3583  3844 I PackageManager: /system/app/BasicDreams changed; collecting certs
09-16 16:36:03.401  3583  3843 I PackageManager: /system/app/BluetoothMidiService changed; collecting certs
09-16 16:36:03.409  3583  3846 I PackageManager: /system/app/AdvancedDisplay changed; collecting certs
09-16 16:36:03.415  3583  3845 W PackageParser: No actions in intent filter at /system/app/Bluetooth/Bluetooth.apk Binary XML file line #226
09-16 16:36:03.417  3583  3844 I PackageManager: /system/app/CertInstaller changed; collecting certs
09-16 16:36:03.418  3583  3841 I PackageManager: /system/app/Calendar changed; collecting certs
09-16 16:36:03.420  3583  3845 I PackageManager: /system/app/Bluetooth changed; collecting certs
09-16 16:36:03.421  3583  3843 I PackageManager: /system/app/CaptivePortalLogin changed; collecting certs
09-16 16:36:03.429  3583  3842 I PackageManager: /system/app/Camera2 changed; collecting certs
09-16 16:36:03.435  3583  3841 W PackageManager: Non-privileged app; cap priority to 0; package: com.android.calendar activity: com.android.calendar.GoogleCalendarUriIntentFilter origPrio: 50
09-16 16:36:03.436  3583  3844 I PackageManager: /system/app/CtsShimPrebuilt changed; collecting certs
09-16 16:36:03.445  3583  3844 W PackageManager: Non-privileged app; cap priority to 0; package: com.android.cts.ctsshim activity: com.android.cts.ctsshim.InstallPriority origPrio: 100
09-16 16:36:03.445  3583  3844 W PackageManager: Non-privileged app; cap priority to 0; package: com.android.cts.ctsshim activity: com.android.cts.ctsshim.InstallPriority origPrio: 100
09-16 16:36:03.445  3583  3844 W PackageManager: Non-privileged app; cap priority to 0; package: com.android.cts.ctsshim activity: com.android.cts.ctsshim.InstallPriority origPrio: 100
09-16 16:36:03.446  3583  3844 W PackageManager: Non-privileged app; cap priority to 0; package: com.android.cts.ctsshim activity: com.android.cts.ctsshim.InstallPriority origPrio: 100
09-16 16:36:03.446  3583  3844 W PackageManager: Non-privileged app; cap priority to 0; package: com.android.cts.ctsshim activity: com.android.cts.ctsshim.InstallPriority origPrio: 100
09-16 16:36:03.450  3583  3845 I PackageManager: /system/app/EasterEgg changed; collecting certs
09-16 16:36:03.450  3583  3846 I PackageManager: /system/app/Development changed; collecting certs
09-16 16:36:03.451  3583  3841 I PackageManager: /system/app/DownloadProviderUi changed; collecting certs
