09-12 21:53:58.230  3165  3165 V audio_hw_primary_abox: primary_out-out_get_buffer_size: Period Size = 960, Frame Size = 4
09-12 21:53:58.230  3165  3165 V audio_hw_primary_abox: primary_out-out_get_format: exit with audio format = 0x1
09-12 21:53:58.230  3165  3165 V audio_hw_primary_abox: primary_out-out_get_channels: exit with channel mask = 0x3
09-12 21:53:58.230  3165  3165 V audio_hw_primary_abox: primary_out-out_get_format: exit with audio format = 0x1
09-12 21:53:58.230  3165  3165 V audio_hw_primary_abox: primary_out-out_get_sample_rate: exit with sample rate = 48000
09-12 21:53:58.230  3165  3165 V audio_hw_primary_abox: primary_out-out_get_channels: exit with channel mask = 0x3
09-12 21:53:58.230  3165  3165 I AudioFlinger: Using module 10 has the primary audio interface
09-12 21:53:58.230  3165  3165 D audio_hw_primary_abox: device-adev_set_mode: enter with mode = 0, previous mode = 0
09-12 21:53:58.230  3165  3165 D audio_hw_primary_abox: device-adev_set_mode: exit
09-12 21:53:58.232  3165  3372 I AudioFlinger: AudioFlinger's thread 0xf6003800 ready to run
09-12 21:53:58.232  3165  3372 W BatteryNotifier: batterystats service unavailable!
09-12 21:53:58.232  3165  3372 D audio_hw_primary_abox: primary_out-out_set_parameters: enter with param = routing=2
09-12 21:53:58.233  3165  3372 D audio_hw_primary_abox: primary_out-out_set_parameters: Requested to change route from 0x2 to 0x2
09-12 21:53:58.233  3165  3372 D audio_hw_primary_abox: primary_out-out_set_parameters: exit
09-12 21:53:58.233  3165  3372 V audio_hw_primary_abox: primary_out-out_standby: enter
09-12 21:53:58.233  3165  3372 V audio_hw_primary_abox: primary_out-out_standby: exit
09-12 21:53:58.233  3165  3372 W BatteryNotifier: batterystats service unavailable!
09-12 21:53:58.233  3165  3372 W BatteryNotifier: batterystats service unavailable!
09-12 21:53:58.233  3165  3241 D audio_hw_primary_abox: device-adev_set_voice_volume: enter with volume level(1.000000)
09-12 21:53:58.233  3165  3372 W AudioFlinger: no wake lock to update, system not ready yet
09-12 21:53:58.233  3165  3241 D audio_hw_primary_abox: device-adev_set_voice_volume: exit
09-12 21:53:58.234  3165  3165 I AudioFlinger: openOutput(), module 10 Device 2, SamplingRate 48000, Format 0x000001, Channels 3, flags 4
09-12 21:53:58.234  3165  3165 D audio_hw_primary_abox: device-adev_open_output_stream: enter: io_handle (21), sample_rate(48000) channel_mask(0x3) devices(0x2) flags(0x4)
09-12 21:53:58.234  3165  3165 D audio_hw_primary_abox: device-adev_open_output_stream: Requested open fast output
09-12 21:53:58.234  3165  3165 I audio_hw_primary_abox: Check PCM Channel Count: Default(2), Request(2)
09-12 21:53:58.234  3165  3165 I audio_hw_primary_abox: Check PCM Smapling Rate: Default(48000), Request(48000)
09-12 21:53:58.234  3165  3165 I audio_hw_primary_abox: Check PCM Format: Default(0), Request(0)
09-12 21:53:58.234  3165  3165 I audio_hw_primary_abox: fast_out-adev_open_output_stream: Transit to Standby
09-12 21:53:58.234  3165  3165 D PostProcessConvertor: PostProcessConvertorInit ++ OSR 192000, ISR 48000, CC 2, OBW 4, IBW 1 
09-12 21:53:58.234  3165  3165 D SoundAliveResampler: [SoundAliveResampler] Init+++
09-12 21:53:58.234  3165  3165 V audio_hw_primary_abox: fast_out-add_audio_usage: Added Audio Stream into Audio Usage list!
09-12 21:53:58.234  3165  3165 D audio_hw_primary_abox: device-adev_open_output_stream: Opened fast_out stream
09-12 21:53:58.234  3165  3165 V audio_hw_primary_abox: fast_out-out_get_format: exit with audio format = 0x1
09-12 21:53:58.234  3165  3165 V audio_hw_primary_abox: fast_out-out_get_channels: exit with channel mask = 0x3
09-12 21:53:58.234  3165  3165 V audio_hw_primary_abox: fast_out-out_get_sample_rate: exit with sample rate = 48000
09-12 21:53:58.234  3165  3165 V audio_hw_primary_abox: fast_out-out_get_channels: exit with channel mask = 0x3
09-12 21:53:58.234  3165  3165 V audio_hw_primary_abox: fast_out-out_get_format: exit with audio format = 0x1
09-12 21:53:58.234  3165  3165 V audio_hw_primary_abox: fast_out-out_get_format: exit with audio format = 0x1
09-12 21:53:58.234  3165  3165 V audio_hw_primary_abox: fast_out-out_get_format: exit with audio format = 0x1
09-12 21:53:58.234  3165  3165 V audio_hw_primary_abox: fast_out-out_get_channels: exit with channel mask = 0x3
09-12 21:53:58.234  3165  3165 V audio_hw_primary_abox: fast_out-out_get_buffer_size: Period Size = 192, Frame Size = 4
09-12 21:53:58.234  3165  3165 V audio_hw_primary_abox: fast_out-out_get_format: exit with audio format = 0x1
09-12 21:53:58.234  3165  3165 V audio_hw_primary_abox: fast_out-out_get_channels: exit with channel mask = 0x3
09-12 21:53:58.234  3165  3165 I AudioFlinger: HAL output buffer size 192 frames, normal sink buffer size 960 frames
09-12 21:53:58.234  3165  3165 V audio_hw_primary_abox: fast_out-out_get_format: exit with audio format = 0x1
09-12 21:53:58.234  3165  3165 V audio_hw_primary_abox: fast_out-out_get_channels: exit with channel mask = 0x3
09-12 21:53:58.234  3165  3165 V audio_hw_primary_abox: fast_out-out_get_buffer_size: Period Size = 192, Frame Size = 4
09-12 21:53:58.234  3165  3165 V audio_hw_primary_abox: fast_out-out_get_format: exit with audio format = 0x1
09-12 21:53:58.234  3165  3165 V audio_hw_primary_abox: fast_out-out_get_channels: exit with channel mask = 0x3
09-12 21:53:58.234  3165  3165 V audio_hw_primary_abox: fast_out-out_get_format: exit with audio format = 0x1
09-12 21:53:58.234  3165  3165 V audio_hw_primary_abox: fast_out-out_get_sample_rate: exit with sample rate = 48000
09-12 21:53:58.234  3165  3165 V audio_hw_primary_abox: fast_out-out_get_channels: exit with channel mask = 0x3
09-12 21:53:58.237  3165  3375 I AudioFlinger: AudioFlinger's thread 0xf5a03b00 ready to run
09-12 21:53:58.237  3165  3375 W BatteryNotifier: batterystats service unavailable!
09-12 21:53:58.237  3165  3375 D audio_hw_primary_abox: fast_out-out_set_parameters: enter with param = routing=2
09-12 21:53:58.237  3165  3375 D audio_hw_primary_abox: fast_out-out_set_parameters: Requested to change route from 0x2 to 0x2
09-12 21:53:58.237  3165  3375 D audio_hw_primary_abox: fast_out-out_set_parameters: exit
09-12 21:53:58.237  3165  3375 V audio_hw_primary_abox: fast_out-out_standby: enter
09-12 21:53:58.237  3165  3375 V audio_hw_primary_abox: fast_out-out_standby: exit
09-12 21:53:58.237  3165  3375 W BatteryNotifier: batterystats service unavailable!
09-12 21:53:58.237  3165  3375 W BatteryNotifier: batterystats service unavailable!
09-12 21:53:58.237  3165  3375 W AudioFlinger: no wake lock to update, system not ready yet
09-12 21:53:58.238  3165  3165 D audio_hw_primary_abox: device-adev_open_input_stream: enter: io_handle (14), sample_rate(48000) channel_mask(0xc) devices(0x80000004) flags(0) source(1)
09-12 21:53:58.238  3165  3165 I audio_hw_primary_abox: device-adev_open_input_stream: requested input samplerate decides audio path of csvt and vowifi, sample_rate = 48000
09-12 21:53:58.238  3165  3165 D audio_hw_primary_abox: device-adev_open_input_stream: Requested open Primary input
09-12 21:53:58.238  3165  3165 I audio_hw_primary_abox: is_voice_wakeup : ret =  0  , wakeup_baby_cry_enabled = 0  ,  wakeup_mic_enabled = 0 
09-12 21:53:58.238  3165  3165 I audio_hw_primary_abox: primary_in-adev_open_input_stream: Transit to Standby
09-12 21:53:58.238  3165  3165 V audio_hw_primary_abox: primary_in-add_audio_usage: Added Audio Stream into Audio Usage list!
09-12 21:53:58.238  3165  3165 D audio_hw_primary_abox: adev_open_input_stream: preprocessing_latency = 0
09-12 21:53:58.238  3165  3165 I audio_hw_primary_abox: adev_open_input_stream: input is null, set new input stream
09-12 21:53:58.238  3165  3165 D audio_hw_primary_abox: device-adev_open_input_stream: Opened primary_in stream
09-12 21:53:58.241  3165  3378 I AudioFlinger: AudioFlinger's thread 0xf5703b40 ready to run
09-12 21:53:58.241  3165  3165 D audio_hw_primary_abox: device-adev_close_input_stream: enter with Audio Usage(primary_in)
09-12 21:53:58.241  3165  3165 V audio_hw_primary_abox: stop_voice_note_recording
09-12 21:53:58.241  3165  3165 D audio_hw_primary_abox: primary_in-in_standby: enter
09-12 21:53:58.241  3165  3165 D audio_hw_primary_abox: primary_in-in_standby: exit
09-12 21:53:58.241  3165  3165 V audio_hw_primary_abox: primary_in-remove_audio_usage: Removed Audio Usage from Audio Usage list!
09-12 21:53:58.241  3165  3165 E audio_hw_primary_abox: adev_close_input_stream, set jack_in to null
09-12 21:53:58.241  3165  3165 D audio_hw_primary_abox: device-adev_close_input_stream: Closed primary_in stream
09-12 21:53:58.247  3165  3165 I bt_a2dp_hw: adev_open:  adev_open in A2dp_hw module
09-12 21:53:58.247  3165  3165 I AudioFlinger: loadHwModule() Loaded a2dp audio interface from A2DP Audio HW HAL (audio) handle 18
09-12 21:53:58.249  3165  3165 I AudioFlinger: loadHwModule() Loaded usb audio interface from USB audio HW HAL (audio) handle 26
09-12 21:53:58.250  3165  3165 I r_submix: adev_open(name=audio_hw_if)
09-12 21:53:58.250  3165  3165 I r_submix: adev_init_check()
09-12 21:53:58.251  3165  3165 I AudioFlinger: loadHwModule() Loaded r_submix audio interface from Wifi Display audio HAL (audio) handle 34
09-12 21:53:58.251  3165  3165 D r_submix: adev_open_input_stream(addr=0)
09-12 21:53:58.251  3165  3165 D r_submix: submix_audio_device_create_pipe_l(addr=0, idx=9)
09-12 21:53:58.251  3165  3165 D r_submix:   now using address 0 for route 9
09-12 21:53:58.251  3165  3382 I AudioFlinger: AudioFlinger's thread 0xf5683780 ready to run
09-12 21:53:58.254  3165  3165 D r_submix: adev_close_input_stream()
09-12 21:53:58.254  3165  3165 D r_submix: submix_audio_device_release_pipe_l(idx=9) addr=0
09-12 21:53:58.254  3165  3165 D r_submix: submix_audio_device_destroy_pipe_l(): pipe destroyed
09-12 21:53:58.255  3165  3165 I RadioService: RadioService
09-12 21:53:58.255  3165  3165 I RadioService: onFirstRef
09-12 21:53:58.255  3165  3165 E RadioService: couldn't load radio module radio.primary (No such file or directory)
09-12 21:53:58.255  3165  3165 E SoundTriggerHwService: couldn't load sound trigger module sound_trigger.primary (No such file or directory)
09-12 21:53:58.567  3173  3173 V NatController: runCmd(/system/bin/iptables -w -F natctrl_FORWARD) res=0
09-12 21:53:58.571  3173  3173 V NatController: runCmd(/system/bin/ip6tables -w -F natctrl_FORWARD) res=0
09-12 21:53:58.572  3146  3146 D SurfaceFlinger: SF. shader cache generated - 26 shaders in 923.651001 ms
09-12 21:53:58.574  3146  3146 D SurfaceFlinger: Set power mode=2, type=0 flinger=0x7fb0848000
09-12 21:53:58.575  3173  3173 V NatController: runCmd(/system/bin/iptables -w -A natctrl_FORWARD -j DROP) res=0
09-12 21:53:58.580  3173  3173 V NatController: runCmd(/system/bin/iptables -w -t nat -F natctrl_nat_POSTROUTING) res=0
09-12 21:53:58.584  3173  3173 V NatController: runCmd(/system/bin/ip6tables -w -t raw -F natctrl_raw_PREROUTING) res=0
09-12 21:53:58.588  3173  3173 V NatController: runCmd(/system/bin/iptables -w -F natctrl_tether_counters) res=1
09-12 21:53:58.592  3173  3173 V NatController: runCmd(/system/bin/ip6tables -w -F natctrl_tether_counters) res=1
09-12 21:53:58.596  3173  3173 V NatController: runCmd(/system/bin/iptables -w -X natctrl_tether_counters) res=1
09-12 21:53:58.601  3173  3173 V NatController: runCmd(/system/bin/ip6tables -w -X natctrl_tether_counters) res=1
09-12 21:53:58.605  3173  3173 V NatController: runCmd(/system/bin/iptables -w -N natctrl_tether_counters) res=0
09-12 21:53:58.609  3173  3173 V NatController: runCmd(/system/bin/ip6tables -w -N natctrl_tether_counters) res=0
09-12 21:53:58.614  3173  3173 V NatController: runCmd(/system/bin/iptables -w -t mangle -A natctrl_mangle_FORWARD -p tcp --tcp-flags SYN SYN -j TCPMSS --clamp-mss-to-pmtu) res=0
09-12 21:53:58.640  3162  3162 D wrapperGPS: wrapperConnect_RILD
09-12 21:53:58.688  3173  3173 E Netd    : cannot find interface dummy0
09-12 21:53:58.689  3173  3173 D MDnsDS  : MDnsSdListener::Hander starting up
09-12 21:53:58.689  3173  3504 D MDnsDS  : MDnsSdListener starting to monitor
09-12 21:53:58.689  3173  3504 D MDnsDS  : Going to poll with pollCount 1
09-12 21:53:58.794  3476  3512 D libEGL  : loaded /vendor/lib64/egl/libGLES_mali.so
09-12 21:53:58.804  3476  3512 D mali_winsys: EGLint new_window_surface(egl_winsys_display*, void*, EGLSurface, EGLConfig, egl_winsys_surface**, egl_color_buffer_format*, EGLBoolean) returns 0x3000,  [1440x2960]-format:2
09-12 21:53:58.883  3512  3512 I BootAnimation: type=1400 audit(0.0:126): avc: denied { read write } for name="fimg2d" dev="tmpfs" ino=19897 scontext=u:r:bootanim:s0 tcontext=u:object_r:device:s0 tclass=chr_file permissive=1
09-12 21:53:58.883  3512  3512 I BootAnimation: type=1400 audit(0.0:126): avc: denied { open } for path="/dev/fimg2d" dev="tmpfs" ino=19897 scontext=u:r:bootanim:s0 tcontext=u:object_r:device:s0 tclass=chr_file permissive=1
09-12 21:53:58.883  3512  3512 W BootAnimation: type=1300 audit(0.0:126): arch=c00000b7 syscall=56 success=yes exit=14 a0=ffffff9c a1=7fb4232703 a2=2 a3=0 items=0 ppid=1 auid=4294967295 uid=1003 gid=1003 euid=1003 suid=1003 fsuid=1003 egid=1003 sgid=1003 fsgid=1003 tty=(none) ses=4294967295 exe="/system/bin/bootanimation" subj=u:r:bootanim:s0 key=(null)
09-12 21:53:58.883  3075  3075 W auditd  : type=1327 audit(0.0:126): proctitle="/system/bin/bootanimation"
09-12 21:53:58.883  3075  3075 W auditd  : type=1320 audit(0.0:126): 
09-12 21:53:58.883  3512  3512 I BootAnimation: type=1400 audit(0.0:127): avc: denied { ioctl } for path="/dev/fimg2d" dev="tmpfs" ino=19897 ioctlcmd=4d04 scontext=u:r:bootanim:s0 tcontext=u:object_r:device:s0 tclass=chr_file permissive=1
09-12 21:53:58.883  3512  3512 W BootAnimation: type=1300 audit(0.0:127): arch=c00000b7 syscall=29 success=yes exit=0 a0=f a1=c1104d04 a2=7fb010d2b0 a3=0 items=0 ppid=1 auid=4294967295 uid=1003 gid=1003 euid=1003 suid=1003 fsuid=1003 egid=1003 sgid=1003 fsgid=1003 tty=(none) ses=4294967295 exe="/system/bin/bootanimation" subj=u:r:bootanim:s0 key=(null)
09-12 21:53:58.883  3075  3075 W auditd  : type=1327 audit(0.0:127): proctitle="/system/bin/bootanimation"
09-12 21:53:58.883  3075  3075 W auditd  : type=1320 audit(0.0:127): 
09-12 21:53:59.469  3295  3295 I dex2oat : Explicit concurrent mark sweep GC freed 7869(2MB) AllocSpace objects, 0(0B) LOS objects, 61% free, 2MB/6MB, paused 49us total 9.033ms
09-12 21:53:59.507  3314  3314 I dex2oat : Explicit concurrent mark sweep GC freed 7869(1469KB) AllocSpace objects, 0(0B) LOS objects, 66% free, 1825KB/5MB, paused 42us total 7.893ms
09-12 21:53:59.640  3162  3162 D wrapperGPS: wrapperConnect_RILD
09-12 21:54:00.168  3314  3314 I dex2oat : dex2oat took 2.148s (threads: 8) arena alloc=0B (0B) java alloc=1829KB (1873040B) native alloc=7MB (7784736B) free=4MB (4273888B)
09-12 21:54:00.168  3295  3295 I dex2oat : dex2oat took 2.211s (threads: 8) arena alloc=0B (0B) java alloc=2MB (2608704B) native alloc=10MB (10597096B) free=5MB (5262616B)
09-12 21:54:00.194  3164  3164 D ICU     : No timezone override file found: /data/misc/zoneinfo/current/icu/icu_tzdata.dat
09-12 21:54:00.198  3163  3163 D ICU     : No timezone override file found: /data/misc/zoneinfo/current/icu/icu_tzdata.dat
09-12 21:54:00.223  3163  3163 W art     : Before Android 4.1, method double java.util.concurrent.ThreadLocalRandom.internalNextDouble(double, double) would have incorrectly overridden the package-private method in java.util.Random
09-12 21:54:00.223  3163  3163 W art     : Before Android 4.1, method int java.util.concurrent.ThreadLocalRandom.internalNextInt(int, int) would have incorrectly overridden the package-private method in java.util.Random
09-12 21:54:00.223  3163  3163 W art     : Before Android 4.1, method long java.util.concurrent.ThreadLocalRandom.internalNextLong(long, long) would have incorrectly overridden the package-private method in java.util.Random
09-12 21:54:00.223  3164  3164 W art     : Before Android 4.1, method double java.util.concurrent.ThreadLocalRandom.internalNextDouble(double, double) would have incorrectly overridden the package-private method in java.util.Random
09-12 21:54:00.223  3164  3164 W art     : Before Android 4.1, method int java.util.concurrent.ThreadLocalRandom.internalNextInt(int, int) would have incorrectly overridden the package-private method in java.util.Random
09-12 21:54:00.223  3164  3164 W art     : Before Android 4.1, method long java.util.concurrent.ThreadLocalRandom.internalNextLong(long, long) would have incorrectly overridden the package-private method in java.util.Random
09-12 21:54:00.338  3163  3163 I Radio-JNI: register_android_hardware_Radio DONE
09-12 21:54:00.344  3164  3164 I Radio-JNI: register_android_hardware_Radio DONE
09-12 21:54:00.368  3163  3163 I SamplingProfilerIntegration: Profiling disabled.
09-12 21:54:00.369  3163  3163 D Zygote  : begin preload
09-12 21:54:00.369  3163  3163 I Zygote  : Installing ICU cache reference pinning...
09-12 21:54:00.369  3163  3163 I Zygote  : Preloading ICU data...
09-12 21:54:00.380  3164  3164 I SamplingProfilerIntegration: Profiling disabled.
09-12 21:54:00.381  3164  3164 D Zygote  : begin preload
09-12 21:54:00.381  3164  3164 I Zygote  : Installing ICU cache reference pinning...
09-12 21:54:00.381  3164  3164 I Zygote  : Preloading ICU data...
09-12 21:54:00.512  3163  3163 I Zygote  : Preloading classes...
09-12 21:54:00.518  3163  3163 W Zygote  : Class not found for preloading: [Landroid.view.Display$ColorTransform;
09-12 21:54:00.546  3164  3164 I Zygote  : Preloading classes...
09-12 21:54:00.553  3164  3164 W Zygote  : Class not found for preloading: [Landroid.view.Display$ColorTransform;
09-12 21:54:00.640  3162  3162 D wrapperGPS: wrapperConnect_RILD
09-12 21:54:00.641  3162  3162 D gpsd    : WakeLock(Acquire,GPSD)
09-12 21:54:00.641  3162  3162 D gpsd    : WakeLock(Release,GPSD)
09-12 21:54:00.641  3162  3162 D gpsd    : WakeLock(Acquire,GPSD)
09-12 21:54:00.641  3162  3162 D gpsd    : WakeLock(Release,GPSD)
09-12 21:54:00.943  3163  3163 E Typeface: Error mapping font file /system/fonts/DroidSansFallback.ttf
09-12 21:54:00.948  3164  3164 E Typeface: Error mapping font file /system/fonts/DroidSansFallback.ttf
09-12 21:54:01.235  3165  3372 W BatteryNotifier: batterystats service unavailable!
09-12 21:54:01.238  3165  3375 W BatteryNotifier: batterystats service unavailable!
09-12 21:54:01.752  3163  3163 I art     : Thread[1,tid=3163,Native,Thread*=0x7f94a95a00,peer=0x12c420d0,"main"] recursive attempt to load library "/system/lib64/libmedia_jni.so"
09-12 21:54:01.753  3163  3163 D MtpDeviceJNI: register_android_mtp_MtpDevice
09-12 21:54:01.753  3163  3163 I art     : Thread[1,tid=3163,Native,Thread*=0x7f94a95a00,peer=0x12c420d0,"main"] recursive attempt to load library "/system/lib64/libmedia_jni.so"
09-12 21:54:01.754  3163  3163 I art     : Thread[1,tid=3163,Native,Thread*=0x7f94a95a00,peer=0x12c420d0,"main"] recursive attempt to load library "/system/lib64/libmedia_jni.so"
09-12 21:54:01.791  3163  3163 E FFMPEGSoftCodec: Failed to load FFMPEG plugin: (null)
09-12 21:54:01.889  3164  3164 I art     : Thread[1,tid=3164,Native,Thread*=0xf4a05400,peer=0x12c04f70,"main"] recursive attempt to load library "/system/lib/libmedia_jni.so"
09-12 21:54:01.889  3164  3164 D MtpDeviceJNI: register_android_mtp_MtpDevice
09-12 21:54:01.890  3164  3164 I art     : Thread[1,tid=3164,Native,Thread*=0xf4a05400,peer=0x12c04f70,"main"] recursive attempt to load library "/system/lib/libmedia_jni.so"
09-12 21:54:01.890  3164  3164 I art     : Thread[1,tid=3164,Native,Thread*=0xf4a05400,peer=0x12c04f70,"main"] recursive attempt to load library "/system/lib/libmedia_jni.so"
09-12 21:54:01.931  3164  3164 E FFMPEGSoftCodec: Failed to load FFMPEG plugin: (null)
09-12 21:54:02.134  3163  3163 W Zygote  : Class not found for preloading: android.view.Display$ColorTransform
09-12 21:54:02.134  3163  3163 W Zygote  : Class not found for preloading: android.view.Display$ColorTransform$1
09-12 21:54:02.300  3164  3164 W Zygote  : Class not found for preloading: android.view.Display$ColorTransform
09-12 21:54:02.300  3164  3164 W Zygote  : Class not found for preloading: android.view.Display$ColorTransform$1
09-12 21:54:02.362  3163  3163 W System  : ClassLoader referenced unknown path: /system/framework/tcmclient.jar
09-12 21:54:02.562  3164  3164 W System  : ClassLoader referenced unknown path: /system/framework/tcmclient.jar
09-12 21:54:02.590  3163  3163 I System  : Loaded time zone names for "" in 55ms (26ms in ICU)
09-12 21:54:02.631  3163  3163 I System  : Loaded time zone names for "en_US" in 39ms (9ms in ICU)
09-12 21:54:02.687  3266  3266 I rild    : type=1400 audit(0.0:128): avc: denied { getattr } for path="/efs/nv.log" dev="sda3" ino=29 scontext=u:r:rild:s0 tcontext=u:object_r:nv_log_efs_file:s0 tclass=file permissive=1
09-12 21:54:02.687  3266  3266 W rild    : type=1300 audit(0.0:128): arch=c00000b7 syscall=80 success=yes exit=0 a0=1e a1=7fa70fb2c8 a2=7fa70fbca0 a3=11 items=0 ppid=1 auid=4294967295 uid=1001 gid=1001 euid=1001 suid=1001 fsuid=1001 egid=1001 sgid=1001 fsgid=1001 tty=(none) ses=4294967295 exe="/system/bin/rild" subj=u:r:rild:s0 key=(null)
09-12 21:54:02.687  3075  3075 W auditd  : type=1327 audit(0.0:128): proctitle="/system/bin/rild"
09-12 21:54:02.687  3075  3075 W auditd  : type=1320 audit(0.0:128): 
09-12 21:54:02.824  3164  3164 I System  : Loaded time zone names for "" in 61ms (18ms in ICU)
09-12 21:54:02.878  3164  3164 I System  : Loaded time zone names for "en_US" in 54ms (10ms in ICU)
09-12 21:54:02.925  3163  3163 I Zygote  : ...preloaded 4158 classes in 2414ms.
09-12 21:54:02.925  3163  3163 I art     : VMRuntime.preloadDexCaches starting
09-12 21:54:02.969  3163  3163 I art     : VMRuntime.preloadDexCaches strings total=288446 before=12011 after=12011
09-12 21:54:02.969  3163  3163 I art     : VMRuntime.preloadDexCaches types total=23810 before=9280 after=11325
09-12 21:54:02.969  3163  3163 I art     : VMRuntime.preloadDexCaches fields total=113941 before=41160 after=54105
09-12 21:54:02.969  3163  3163 I art     : VMRuntime.preloadDexCaches methods total=199717 before=78591 after=96703
09-12 21:54:02.969  3163  3163 I art     : VMRuntime.preloadDexCaches finished
09-12 21:54:02.970  3163  3163 I Zygote  : Preloading resources...
09-12 21:54:03.005  3163  3163 W Resources: Preloaded drawable resource #0x108025c (android:drawable/dialog_background_material) that varies with configuration!!
09-12 21:54:03.013  3163  3163 W Resources: Preloaded color resource #0x10600ea (android:color/material_grey_800) that varies with configuration!!
09-12 21:54:03.014  3163  3163 W Resources: Preloaded drawable resource #0x10802c9 (android:drawable/floating_popup_background_dark) that varies with configuration!!
09-12 21:54:03.132  3163  3163 I Zygote  : ...preloaded 114 resources in 163ms.
09-12 21:54:03.140  3163  3163 W Resources: Preloaded color resource #0x1060114 (android:color/background_cache_hint_selector_material_dark) that varies with configuration!!
09-12 21:54:03.141  3163  3163 W Resources: Preloaded color resource #0x1060119 (android:color/btn_default_material_dark) that varies with configuration!!
09-12 21:54:03.143  3163  3163 I Zygote  : ...preloaded 41 resources in 10ms.
09-12 21:54:03.145  3163  3163 I Zygote  : ...preloaded 2 resource in 2ms.
09-12 21:54:03.154  3163  3163 D libEGL  : loaded /vendor/lib64/egl/libGLES_mali.so
09-12 21:54:03.162  3163  3163 I Zygote  : Preloading shared libraries...
09-12 21:54:03.186  3163  3163 I Zygote  : Uninstalled ICU cache reference pinning...
09-12 21:54:03.193  3163  3163 I Zygote  : Installed AndroidKeyStoreProvider in 7ms.
09-12 21:54:03.225  3164  3164 I Zygote  : ...preloaded 4158 classes in 2678ms.
09-12 21:54:03.225  3164  3164 I art     : VMRuntime.preloadDexCaches starting
09-12 21:54:03.282  3164  3164 I art     : VMRuntime.preloadDexCaches strings total=288446 before=12011 after=12011
09-12 21:54:03.282  3164  3164 I art     : VMRuntime.preloadDexCaches types total=23810 before=9280 after=11325
09-12 21:54:03.282  3164  3164 I art     : VMRuntime.preloadDexCaches fields total=113941 before=41160 after=54105
09-12 21:54:03.282  3164  3164 I art     : VMRuntime.preloadDexCaches methods total=199717 before=78591 after=96703
09-12 21:54:03.282  3164  3164 I art     : VMRuntime.preloadDexCaches finished
09-12 21:54:03.283  3164  3164 I Zygote  : Preloading resources...
09-12 21:54:03.298  3163  3163 I Zygote  : Warmed up JCA providers in 105ms.
09-12 21:54:03.298  3163  3163 D Zygote  : end preload
09-12 21:54:03.298  3163  3163 I art     : Starting a blocking GC Explicit
09-12 21:54:03.308  3163  3163 I art     : Explicit concurrent mark sweep GC freed 3465(155KB) AllocSpace objects, 0(0B) LOS objects, 40% free, 10MB/17MB, paused 45us total 10.009ms
09-12 21:54:03.309  3163  3163 I art     : Starting a blocking GC Explicit
09-12 21:54:03.318  3163  3163 I art     : Explicit concurrent mark sweep GC freed 41(1424B) AllocSpace objects, 0(0B) LOS objects, 40% free, 10MB/17MB, paused 49us total 9.466ms
09-12 21:54:03.320  3164  3164 W Resources: Preloaded drawable resource #0x108025c (android:drawable/dialog_background_material) that varies with configuration!!
09-12 21:54:03.327  3164  3164 W Resources: Preloaded color resource #0x10600ea (android:color/material_grey_800) that varies with configuration!!
09-12 21:54:03.327  3164  3164 W Resources: Preloaded drawable resource #0x10802c9 (android:drawable/floating_popup_background_dark) that varies with configuration!!
09-12 21:54:03.343  3163  3562 I art     : Starting a blocking GC HeapTrim
09-12 21:54:03.344  3163  3163 I art     : Starting a blocking GC Background
09-12 21:54:03.387  3163  3163 I Zygote  : System server process 3567 has been created
09-12 21:54:03.387  3163  3163 I Zygote  : Accepting command socket connections
09-12 21:54:03.456  3164  3164 I Zygote  : ...preloaded 114 resources in 173ms.
09-12 21:54:03.465  3164  3164 W Resources: Preloaded color resource #0x1060114 (android:color/background_cache_hint_selector_material_dark) that varies with configuration!!
09-12 21:54:03.466  3164  3164 W Resources: Preloaded color resource #0x1060119 (android:color/btn_default_material_dark) that varies with configuration!!
09-12 21:54:03.468  3164  3164 I Zygote  : ...preloaded 41 resources in 11ms.
09-12 21:54:03.470  3164  3164 I Zygote  : ...preloaded 2 resource in 3ms.
09-12 21:54:03.505  3164  3164 D libEGL  : loaded /vendor/lib/egl/libGLES_mali.so
09-12 21:54:03.518  3164  3164 I Zygote  : Preloading shared libraries...
09-12 21:54:03.541  3164  3164 I Zygote  : Uninstalled ICU cache reference pinning...
09-12 21:54:03.550  3164  3164 I Zygote  : Installed AndroidKeyStoreProvider in 9ms.
09-12 21:54:03.679  3578  3578 I init    : type=1400 audit(0.0:129): avc: denied { create } for name="sap_uim_socket1" scontext=u:r:init:s0 tcontext=u:object_r:socket_device:s0 tclass=sock_file permissive=1
09-12 21:54:03.679  3578  3578 W init    : type=1300 audit(0.0:129): arch=c00000b7 syscall=200 success=yes exit=0 a0=d a1=7fc0598418 a2=6e a3=17 items=0 ppid=1 auid=4294967295 uid=0 gid=0 euid=0 suid=0 fsuid=0 egid=0 sgid=0 fsgid=0 tty=(none) ses=4294967295 exe="/init" subj=u:r:init:s0 key=(null)
09-12 21:54:03.679  3075  3075 W auditd  : type=1327 audit(0.0:129): proctitle=2F696E6974002D2D7365636F6E642D7374616765
09-12 21:54:03.679  3075  3075 W auditd  : type=1320 audit(0.0:129): 
09-12 21:54:03.679  3578  3578 I init    : type=1400 audit(0.0:130): avc: denied { setattr } for name="sap_uim_socket1" dev="tmpfs" ino=21927 scontext=u:r:init:s0 tcontext=u:object_r:socket_device:s0 tclass=sock_file permissive=1
09-12 21:54:03.679  3578  3578 W init    : type=1300 audit(0.0:130): arch=c00000b7 syscall=54 success=yes exit=0 a0=ffffff9c a1=7fc059841a a2=3ea a3=3ea items=0 ppid=1 auid=4294967295 uid=0 gid=0 euid=0 suid=0 fsuid=0 egid=0 sgid=0 fsgid=0 tty=(none) ses=4294967295 exe="/init" subj=u:r:init:s0 key=(null)
09-12 21:54:03.679  3075  3075 W auditd  : type=1327 audit(0.0:130): proctitle=2F696E6974002D2D7365636F6E642D7374616765
09-12 21:54:03.679  3075  3075 W auditd  : type=1320 audit(0.0:130): 
09-12 21:54:03.679  3579  3579 I init    : type=1400 audit(0.0:131): avc: denied { entrypoint } for path="/system/bin/cbd" dev="sda17" ino=192 scontext=u:r:cbd:s0 tcontext=u:object_r:cpboot-daemon_exec:s0 tclass=file permissive=1
09-12 21:54:03.679  3579  3579 W cbd     : type=1300 audit(0.0:131): arch=c00000b7 syscall=221 success=yes exit=0 a0=7fa81181c1 a1=7fa8024680 a2=544098 a3=4 items=0 ppid=1 auid=4294967295 uid=0 gid=1001 euid=0 suid=0 fsuid=0 egid=1001 sgid=1001 fsgid=1001 tty=(none) ses=4294967295 exe="/system/bin/cbd" subj=u:r:cbd:s0 key=(null)
09-12 21:54:03.679  3075  3075 W auditd  : type=1327 audit(0.0:131): proctitle=2F73797374656D2F62696E2F636264002D64002D747373333130002D626D002D6D6D002D5000706C6174666F726D2F31313132303030302E7566732F62792D6E616D652F524144494F002D6300706C6174666F726D2F31313132303030302E7566732F62792D6E616D652F43505F4445425547
09-12 21:54:03.679  3075  3075 W auditd  : type=1320 audit(0.0:131): 
09-12 21:54:03.679  3579  3579 I cbd     : type=1400 audit(0.0:132): avc: denied { read } for path="/system/bin/cbd" dev="sda17" ino=192 scontext=u:r:cbd:s0 tcontext=u:object_r:cpboot-daemon_exec:s0 tclass=file permissive=1
09-12 21:54:03.679  3579  3579 W cbd     : type=1300 audit(0.0:132): arch=c00000b7 syscall=226 success=yes exit=0 a0=493000 a1=3000 a2=1 a3=1 items=0 ppid=1 auid=4294967295 uid=0 gid=1001 euid=0 suid=0 fsuid=0 egid=1001 sgid=1001 fsgid=1001 tty=(none) ses=4294967295 exe="/system/bin/cbd" subj=u:r:cbd:s0 key=(null)
09-12 21:54:03.679  3075  3075 W auditd  : type=1327 audit(0.0:132): proctitle=2F73797374656D2F62696E2F636264002D64002D747373333130002D626D002D6D6D002D5000706C6174666F726D2F31313132303030302E7566732F62792D6E616D652F524144494F002D6300706C6174666F726D2F31313132303030302E7566732F62792D6E616D652F43505F4445425547
09-12 21:54:03.679  3075  3075 W auditd  : type=1320 audit(0.0:132): 
09-12 21:54:03.682  3162  3563 D wrapperGPS: onError: error 4
09-12 21:54:03.682  3162  3162 D gpsd    : WakeLock(Acquire,GPSD)
09-12 21:54:03.694  3164  3164 I Zygote  : Warmed up JCA providers in 143ms.
09-12 21:54:03.694  3164  3164 D Zygote  : end preload
09-12 21:54:03.694  3164  3164 I art     : Starting a blocking GC Explicit
09-12 21:54:03.705  3164  3164 I art     : Explicit concurrent mark sweep GC freed 3200(141KB) AllocSpace objects, 0(0B) LOS objects, 40% free, 9MB/16MB, paused 75us total 10.885ms
09-12 21:54:03.705  3164  3164 I art     : Starting a blocking GC Explicit
09-12 21:54:03.716  3164  3164 I art     : Explicit concurrent mark sweep GC freed 62(2648B) AllocSpace objects, 0(0B) LOS objects, 40% free, 9MB/16MB, paused 80us total 10.474ms
09-12 21:54:03.734  3164  3164 I Zygote  : Accepting command socket connections
09-12 21:54:03.739  3567  3567 I Zygote  : Process: zygote socket opened, supported ABIS: armeabi-v7a,armeabi
09-12 21:54:03.740  3567  3567 I InstallerConnection: connecting...
09-12 21:54:03.740  3167  3167 I         : new connection
09-12 21:54:03.758  3581  3581 I dex2oat : /system/bin/dex2oat --compiler-filter=speed
09-12 21:54:03.827  3580  3580 I rild    : type=1400 audit(0.0:133): avc: denied { dac_read_search } for capability=2 scontext=u:r:rild:s0 tcontext=u:r:rild:s0 tclass=capability permissive=1
09-12 21:54:03.827  3580  3580 W rild    : type=1300 audit(0.0:133): arch=c00000b7 syscall=79 success=no exit=-2 a0=ffffff9c a1=7f8c026180 a2=7f8b418348 a3=0 items=0 ppid=1 auid=4294967295 uid=1001 gid=1001 euid=1001 suid=1001 fsuid=1001 egid=1001 sgid=1001 fsgid=1001 tty=(none) ses=4294967295 exe="/system/bin/rild" subj=u:r:rild:s0 key=(null)
09-12 21:54:03.827  3075  3075 W auditd  : type=1327 audit(0.0:133): proctitle="/system/bin/rild"
09-12 21:54:03.827  3075  3075 W auditd  : type=1320 audit(0.0:133): 
09-12 21:54:04.279  3581  3581 I dex2oat : dex2oat took 521.148ms (threads: 8) arena alloc=2MB (2889512B) java alloc=811KB (831112B) native alloc=3MB (3262976B) free=5MB (5649920B)
09-12 21:54:04.298  3595  3595 I dex2oat : /system/bin/dex2oat --compiler-filter=speed
09-12 21:54:04.385  3595  3595 I dex2oat : dex2oat took 87.065ms (threads: 8) arena alloc=706KB (723928B) java alloc=128KB (131760B) native alloc=1233KB (1263000B) free=2MB (2931304B)
09-12 21:54:04.403  3604  3604 I dex2oat : /system/bin/dex2oat --compiler-filter=speed
09-12 21:54:05.625  3604  3612 W dex2oat : Compilation of void com.android.server.SystemServer.startOtherServices() took 336.655ms
09-12 21:54:05.996  3604  3611 W dex2oat : Compilation of void com.android.server.am.ActivityManagerService.dumpApplicationMemoryUsage(java.io.FileDescriptor, java.io.PrintWriter, java.lang.String, java.lang.String[], boolean, java.io.PrintWriter) took 174.743ms
09-12 21:54:06.166  3604  3611 W dex2oat : Compilation of void com.android.server.am.ActivityManagerService.dumpProcessesLocked(java.io.FileDescriptor, java.io.PrintWriter, java.lang.String[], int, boolean, java.lang.String) took 102.182ms
09-12 21:54:06.794  3604  3609 W dex2oat : Compilation of void com.android.server.pm.PackageManagerService.<init>(android.content.Context, com.android.server.pm.Installer, boolean, boolean) took 151.447ms
09-12 21:54:08.125  3604  3604 I dex2oat : dex2oat took 3.722s (threads: 8) arena alloc=19MB (20357936B) java alloc=3MB (4120072B) native alloc=34MB (36344288B) free=24MB (25259552B)
09-12 21:54:08.149  3646  3646 I dex2oat : /system/bin/dex2oat --compiler-filter=speed
09-12 21:54:08.429  3646  3646 I dex2oat : dex2oat took 280.566ms (threads: 8) arena alloc=1301KB (1332256B) java alloc=235KB (240744B) native alloc=2MB (2347536B) free=3MB (3943920B)
09-12 21:54:08.450  3655  3655 I dex2oat : /system/bin/dex2oat --compiler-filter=speed
09-12 21:54:09.152  3655  3655 I dex2oat : dex2oat took 702.797ms (threads: 8) arena alloc=10MB (11418432B) java alloc=722KB (739352B) native alloc=5MB (6016480B) free=16MB (17314336B)
09-12 21:54:09.157  3567  3567 I InstallerConnection: disconnecting...
09-12 21:54:09.157  3167  3167 E         : eof
09-12 21:54:09.157  3167  3167 E         : failed to read size
09-12 21:54:09.157  3167  3167 I         : closing connection
09-12 21:54:09.161  3567  3567 W art     : Found duplicate classes, falling back to interpreter mode for /system/framework/wifi-service.jar
09-12 21:54:09.161  3567  3567 W art     : Found duplicated class when checking oat files: 'Lcom/google/protobuf/nano/MessageNano;' in /system/framework/services.jar and /system/framework/wifi-service.jar
09-12 21:54:09.185  3567  3567 I SystemServer: Entered the Android system server!
09-12 21:54:09.207  3567  3567 I SystemServiceManager: Starting com.android.server.pm.Installer
09-12 21:54:09.207  3567  3567 I Installer: Waiting for installd to be ready.
09-12 21:54:09.208  3567  3567 I InstallerConnection: connecting...
09-12 21:54:09.208  3167  3167 I         : new connection
09-12 21:54:09.208  3567  3567 I SystemServiceManager: Starting com.android.server.am.ActivityManagerService$Lifecycle
09-12 21:54:09.216  3567  3567 I ActivityManager: Memory class: 256
09-12 21:54:09.217  3567  3667 I ServiceThread: Enabled StrictMode logging for ActivityManager looper.
09-12 21:54:09.218  3567  3668 I ServiceThread: Enabled StrictMode logging for android.ui looper.
09-12 21:54:09.254  3567  3567 D BatteryStatsImpl: Reading daily items from /data/system/batterystats-daily.xml
09-12 21:54:09.286  3567  3567 I AppOps  : No existing app ops /data/system/appops.xml; starting empty
09-12 21:54:09.374  3567  3567 I IntentFirewall: Read new rules (A:0 B:0 S:0)
09-12 21:54:09.378  3567  3674 I ServiceThread: Enabled StrictMode logging for android.display looper.
09-12 21:54:09.388  3567  3567 D AppOps  : AppOpsService published
09-12 21:54:09.389  3567  3567 I SystemServiceManager: Starting com.android.server.power.PowerManagerService
09-12 21:54:09.390  3567  3676 I ServiceThread: Enabled StrictMode logging for PowerManagerService looper.
09-12 21:54:09.392  3567  3567 I SamsungPowerHAL: Initialized settings:
09-12 21:54:09.392  3567  3567 I SamsungPowerHAL: max_freqs: cluster[0]: 1690000, cluster[1]: 2314000
09-12 21:54:09.392  3567  3567 I SamsungPowerHAL: hispeed_freqs: cluster[0]: 1690000, cluster[1]: 2496000
09-12 21:54:09.392  3567  3567 I SamsungPowerHAL: boostpulse_fd: 62
09-12 21:54:09.392  3567  3567 I SamsungPowerHAL: touchscreen_power_path: /sys/class/input/input0/enabled
09-12 21:54:09.392  3567  3567 I SamsungPowerHAL: touchkey_power_path: NULL
09-12 21:54:09.392  3567  3567 W libsuspend: Error writing 'on' to /sys/power/state: Invalid argument
09-12 21:54:09.393  3567  3567 I libsuspend: Selected wakeup count
09-12 21:54:09.394  3567  3567 I SystemServiceManager: Starting com.android.server.lights.LightsService
09-12 21:54:09.396  3567  3567 I SystemServiceManager: Starting com.android.server.display.DisplayManagerService
09-12 21:54:09.398  3567  3567 I SystemServiceManager: Starting phase 100
09-12 21:54:09.399  3567  3674 W LocalDisplayAdapter: Unable to get active color mode for display device 0
09-12 21:54:09.400  3567  3674 E LocalDisplayAdapter: Default and active color mode is no longer available! Reverting to first available mode.
09-12 21:54:09.400  3146  3178 E SurfaceFlinger: getDefaultDisplay: id=2 is not a valid default display id
09-12 21:54:09.401  3567  3674 I DisplayManagerService: Display device added: DisplayDeviceInfo{"Built-in Screen": uniqueId="local:0", 1440 x 2960, modeId 1, defaultModeId 1, supportedModes [{id=1, width=1440, height=2960, fps=60.000004}], colorMode -22, supportedColorModes [-22], HdrCapabilities android.view.Display$HdrCapabilities@a69d6308, density 560, 522.514 x 525.762 dpi, appVsyncOff 1000000, presDeadline 16666666, touch INTERNAL, rotation 0, type BUILT_IN, state UNKNOWN, FLAG_DEFAULT_DISPLAY, FLAG_ROTATES_WITH_CONTENT, FLAG_SECURE, FLAG_SUPPORTS_PROTECTED_BUFFERS}
09-12 21:54:09.402  3146  3146 D SurfaceFlinger: Set power mode=2, type=0 flinger=0x7fb0848000
09-12 21:54:09.402  3146  3146 D SurfaceFlinger: Screen type=0 is already mode=2
09-12 21:54:09.402  3567  3674 I DisplayManagerService: Display device changed state: "Built-in Screen", ON
09-12 21:54:09.403  3567  3567 I SystemServer: StartPackageManagerService
09-12 21:54:09.408  3567  3567 W FileUtils: Failed to chmod(/data/system/packages.list): android.system.ErrnoException: chmod failed: ENOENT (No such file or directory)
09-12 21:54:09.536  3567  3567 D SELinuxMMAC: Using policy file /system/etc/security/mac_permissions.xml
09-12 21:54:09.542  3567  3567 I PackageManager: No settings file; creating initial state
09-12 21:54:09.564  3681  3681 I dex2oat : /system/bin/dex2oat --compiler-filter=speed
09-12 21:54:09.872  3681  3681 I dex2oat : dex2oat took 307.639ms (threads: 8) arena alloc=2MB (2766448B) java alloc=693KB (710632B) native alloc=2MB (2718016B) free=4MB (5146304B)
09-12 21:54:09.891  3690  3690 I dex2oat : /system/bin/dex2oat --compiler-filter=speed
09-12 21:54:09.969  3690  3690 I dex2oat : dex2oat took 77.745ms (threads: 8) arena alloc=572KB (585744B) java alloc=312KB (320208B) native alloc=1313KB (1344776B) free=3MB (3373816B)
09-12 21:54:09.988  3699  3699 I dex2oat : /system/bin/dex2oat --compiler-filter=speed
09-12 21:54:10.061  3699  3699 I dex2oat : dex2oat took 74.252ms (threads: 8) arena alloc=252KB (258320B) java alloc=48KB (49240B) native alloc=1109KB (1136000B) free=1450KB (1485440B)
09-12 21:54:10.080  3708  3708 I dex2oat : /system/bin/dex2oat --compiler-filter=speed
09-12 21:54:10.188  3708  3708 I dex2oat : dex2oat took 108.862ms (threads: 8) arena alloc=2MB (2666816B) java alloc=158KB (162368B) native alloc=1255KB (1286024B) free=4MB (5005432B)
09-12 21:54:10.207  3717  3717 I dex2oat : /system/bin/dex2oat --compiler-filter=speed
09-12 21:54:10.277  3717  3717 I dex2oat : dex2oat took 70.485ms (threads: 8) arena alloc=657KB (672856B) java alloc=75KB (77088B) native alloc=979KB (1003088B) free=3MB (3191216B)
09-12 21:54:10.295  3726  3726 I dex2oat : /system/bin/dex2oat --compiler-filter=speed
09-12 21:54:10.436  3726  3726 I dex2oat : dex2oat took 140.986ms (threads: 8) arena alloc=1710KB (1751768B) java alloc=473KB (484920B) native alloc=1293KB (1324568B) free=4MB (4966888B)
09-12 21:54:10.439  3567  3567 E art     : DexFile_getDexOptNeeded file '/system/framework/org.apache.http.legacy.jar' does not exist
09-12 21:54:10.439  3567  3567 W PackageManager: Library not found: /system/framework/org.apache.http.legacy.jar
09-12 21:54:10.455  3735  3735 I dex2oat : /system/bin/dex2oat --compiler-filter=speed
09-12 21:54:10.526  3735  3735 I dex2oat : dex2oat took 70.776ms (threads: 8) arena alloc=463KB (474848B) java alloc=118KB (120848B) native alloc=1191KB (1219592B) free=3MB (4023288B)
09-12 21:54:10.544  3744  3744 I dex2oat : /system/bin/dex2oat --compiler-filter=speed
09-12 21:54:10.611  3744  3744 I dex2oat : dex2oat took 67.723ms (threads: 8) arena alloc=294KB (301720B) java alloc=136KB (139928B) native alloc=1113KB (1139792B) free=1958KB (2005936B)
09-12 21:54:10.629  3753  3753 I dex2oat : /system/bin/dex2oat --compiler-filter=speed
09-12 21:54:10.651  3753  3753 I dex2oat : dex2oat took 22.297ms (threads: 8) arena alloc=84KB (86488B) java alloc=59KB (61128B) native alloc=1037KB (1062576B) free=2034KB (2083152B)
09-12 21:54:10.670  3762  3762 I dex2oat : /system/bin/dex2oat --compiler-filter=speed
09-12 21:54:10.706  3762  3762 I dex2oat : dex2oat took 37.270ms (threads: 8) arena alloc=647KB (663528B) java alloc=253KB (259736B) native alloc=1325KB (1357032B) free=3MB (3361560B)
09-12 21:54:10.724  3771  3771 I dex2oat : /system/bin/dex2oat --compiler-filter=speed
09-12 21:54:10.747  3771  3771 I dex2oat : dex2oat took 24.041ms (threads: 8) arena alloc=262KB (268856B) java alloc=37KB (38472B) native alloc=1093KB (1119336B) free=1466KB (1502104B)
09-12 21:54:10.764  3780  3780 I dex2oat : /system/bin/dex2oat --compiler-filter=speed
09-12 21:54:10.832  3780  3780 I dex2oat : dex2oat took 68.518ms (threads: 8) arena alloc=2MB (2677368B) java alloc=123KB (126176B) native alloc=1376KB (1409168B) free=5MB (5406576B)
09-12 21:54:10.851  3789  3789 I dex2oat : /system/bin/dex2oat --compiler-filter=speed
09-12 21:54:10.962  3789  3789 I dex2oat : dex2oat took 110.991ms (threads: 8) arena alloc=1889KB (1935024B) java alloc=457KB (468112B) native alloc=1433KB (1468120B) free=5MB (5347624B)
09-12 21:54:10.965  3567  3567 E art     : DexFile_getDexOptNeeded file '/system/framework/org.apache.http.legacy.jar' does not exist
09-12 21:54:10.965  3567  3567 W PackageManager: Library not found: /system/framework/org.apache.http.legacy.jar
09-12 21:54:10.981  3798  3798 I dex2oat : /system/bin/dex2oat --compiler-filter=speed
09-12 21:54:11.011  3798  3798 I dex2oat : dex2oat took 30.270ms (threads: 8) arena alloc=598KB (612944B) java alloc=80KB (82064B) native alloc=1163KB (1191928B) free=2MB (2478088B)
09-12 21:54:11.029  3807  3807 I dex2oat : /system/bin/dex2oat --compiler-filter=speed
09-12 21:54:11.057  3807  3807 I dex2oat : dex2oat took 29.122ms (threads: 8) arena alloc=289KB (296280B) java alloc=106KB (108608B) native alloc=1100KB (1126432B) free=1971KB (2019296B)
09-12 21:54:11.075  3816  3816 I dex2oat : /system/bin/dex2oat --compiler-filter=speed
09-12 21:54:11.097  3816  3816 I dex2oat : dex2oat took 22.161ms (threads: 8) arena alloc=102KB (105336B) java alloc=59KB (61384B) native alloc=1044KB (1069856B) free=2027KB (2075872B)
09-12 21:54:11.099  3567  3567 D PackageManager: No files in app dir /vendor/overlay
09-12 21:54:11.100  3567  3567 D PackageManager: start scanDirLI:/system/framework
09-12 21:54:11.100  3567  3567 D PackageManager: max thread:6
09-12 21:54:11.126  3567  3826 I PackageManager: /system/framework/org.cyanogenmod.platform-res.apk changed; collecting certs
09-12 21:54:11.139  3567  3826 W PackageManager: Permission cyanogenmod.permission.WRITE_ALARMS from package cyanogenmod.platform in an unknown group android.permission-group.SYSTEM_CLOCK
09-12 21:54:11.139  3567  3826 W PackageManager: Permission cyanogenmod.permission.MANAGE_ALARMS from package cyanogenmod.platform in an unknown group android.permission-group.SYSTEM_CLOCK
09-12 21:54:11.139  3567  3826 W PackageManager: Permission cyanogenmod.permission.READ_ALARMS from package cyanogenmod.platform in an unknown group android.permission-group.SYSTEM_CLOCK
09-12 21:54:11.192  3567  3825 I PackageManager: /system/framework/framework-res.apk changed; collecting certs
09-12 21:54:11.286  3567  3567 D PackageManager: end scanDirLI:/system/framework
09-12 21:54:11.288  3567  3567 D PackageManager: start scanDirLI:/system/priv-app
09-12 21:54:11.288  3567  3567 D PackageManager: max thread:6
09-12 21:54:11.304  3567  3830 I PackageManager: /system/priv-app/CMAudioService changed; collecting certs
09-12 21:54:11.305  3567  3829 I PackageManager: /system/priv-app/BlockedNumberProvider changed; collecting certs
09-12 21:54:11.305  3567  3828 I PackageManager: /system/priv-app/BackupRestoreConfirmation changed; collecting certs
09-12 21:54:11.305  3567  3825 I PackageManager: /system/priv-app/CMSettingsProvider changed; collecting certs
09-12 21:54:11.307  3567  3827 I PackageManager: /system/priv-app/AudioFX changed; collecting certs
09-12 21:54:11.312  3567  3829 I PackageManager: New shared user android.uid.shared: id=10001
09-12 21:54:11.320  3567  3830 I PackageManager: /system/priv-app/CallLogBackup changed; collecting certs
09-12 21:54:11.320  3567  3825 I PackageManager: /system/priv-app/CalendarProvider changed; collecting certs
09-12 21:54:11.322  3567  3826 I PackageManager: /system/priv-app/CMParts changed; collecting certs
09-12 21:54:11.327  3567  3825 I PackageManager: New shared user android.uid.calendar: id=10004
09-12 21:54:11.330  3567  3829 I PackageManager: /system/priv-app/CarrierConfig changed; collecting certs
09-12 21:54:11.331  3567  3827 I PackageManager: /system/priv-app/CellBroadcastReceiver changed; collecting certs
09-12 21:54:11.347  3567  3829 I PackageManager: /system/priv-app/DefaultContainerService changed; collecting certs
09-12 21:54:11.348  3567  3830 I PackageManager: /system/priv-app/CtsShimPrivPrebuilt changed; collecting certs
09-12 21:54:11.351  3567  3825 I PackageManager: /system/priv-app/ContactsProvider changed; collecting certs
09-12 21:54:11.363  3567  3828 W PackageParser: No actions in intent filter at /system/priv-app/Contacts/Contacts.apk Binary XML file line #431
09-12 21:54:11.365  3567  3829 I PackageManager: /system/priv-app/DownloadProvider changed; collecting certs
09-12 21:54:11.366  3567  3827 I PackageManager: /system/priv-app/DocumentsUI changed; collecting certs
09-12 21:54:11.369  3567  3828 I PackageManager: /system/priv-app/Contacts changed; collecting certs
09-12 21:54:11.370  3567  3829 I PackageManager: New shared user android.media: id=10009
09-12 21:54:11.373  3567  3829 W PackageManager: Permission android.permission.DOWNLOAD_WITHOUT_NOTIFICATION from package com.android.providers.downloads in an unknown group android.permission-group.NETWORK
09-12 21:54:11.377  3567  3825 I PackageManager: /system/priv-app/Eleven changed; collecting certs
09-12 21:54:11.378  3567  3830 I PackageManager: /system/priv-app/EmergencyInfo changed; collecting certs
09-12 21:54:11.383  3567  3829 I PackageManager: /system/priv-app/ExtServices changed; collecting certs
09-12 21:54:11.388  3567  3827 I PackageManager: /system/priv-app/ExternalStorageProvider changed; collecting certs
09-12 21:54:11.391  3567  3826 W PackageParser: No actions in intent filter at /system/priv-app/Dialer/Dialer.apk Binary XML file line #207
09-12 21:54:11.396  3567  3830 I PackageManager: New shared user com.android.emergency.uid: id=10013
09-12 21:54:11.398  3567  3829 I PackageManager: /system/priv-app/FusedLocation changed; collecting certs
09-12 21:54:11.399  3567  3826 I PackageManager: /system/priv-app/Dialer changed; collecting certs
09-12 21:54:11.412  3567  3830 I PackageManager: /system/priv-app/InputDevices changed; collecting certs
09-12 21:54:11.420  3567  3828 I PackageManager: /system/priv-app/MediaProvider changed; collecting certs
09-12 21:54:11.423  3567  3829 I PackageManager: /system/priv-app/LineageSetupWizard changed; collecting certs
09-12 21:54:11.425  3567  3825 I PackageManager: /system/priv-app/ManagedProvisioning changed; collecting certs
09-12 21:54:11.427  3567  3827 I PackageManager: /system/priv-app/Gallery2 changed; collecting certs
09-12 21:54:11.430  3567  3830 I PackageManager: /system/priv-app/MmsService changed; collecting certs
09-12 21:54:11.438  3567  3828 I PackageManager: /system/priv-app/MtpDocumentsProvider changed; collecting certs
09-12 21:54:11.444  3567  3825 I PackageManager: /system/priv-app/OneTimeInitializer changed; collecting certs
09-12 21:54:11.451  3567  3829 I PackageManager: /system/priv-app/ProxyHandler changed; collecting certs
09-12 21:54:11.459  3567  3825 I PackageManager: /system/priv-app/SettingsProvider changed; collecting certs
09-12 21:54:11.460  3567  3826 I PackageManager: /system/priv-app/Recorder changed; collecting certs
09-12 21:54:11.462  3567  3829 I PackageManager: /system/priv-app/SharedStorageBackup changed; collecting certs
09-12 21:54:11.469  3567  3830 I PackageManager: /system/priv-app/PackageInstaller changed; collecting certs
09-12 21:54:11.475  3567  3829 I PackageManager: /system/priv-app/StatementService changed; collecting certs
09-12 21:54:11.479  3567  3825 W PackageParser: Ignoring duplicate uses-permissions/uses-permissions-sdk-m: android.permission.INSTALL_GRANT_RUNTIME_PERMISSIONS in package: com.android.shell at: Binary XML file line #102
09-12 21:54:11.484  3567  3825 I PackageManager: /system/priv-app/Shell changed; collecting certs
