09-08 08:25:42.290  3313  3313 I dex2oat : dex2oat took 2.350s (threads: 8) arena alloc=0B (0B) java alloc=2MB (2608704B) native alloc=10MB (10597096B) free=5MB (5786904B)
09-08 08:25:42.316  3167  3167 D ICU     : No timezone override file found: /data/misc/zoneinfo/current/icu/icu_tzdata.dat
09-08 08:25:42.318  3166  3166 D ICU     : No timezone override file found: /data/misc/zoneinfo/current/icu/icu_tzdata.dat
09-08 08:25:42.343  3166  3166 W art     : Before Android 4.1, method double java.util.concurrent.ThreadLocalRandom.internalNextDouble(double, double) would have incorrectly overridden the package-private method in java.util.Random
09-08 08:25:42.343  3166  3166 W art     : Before Android 4.1, method int java.util.concurrent.ThreadLocalRandom.internalNextInt(int, int) would have incorrectly overridden the package-private method in java.util.Random
09-08 08:25:42.343  3166  3166 W art     : Before Android 4.1, method long java.util.concurrent.ThreadLocalRandom.internalNextLong(long, long) would have incorrectly overridden the package-private method in java.util.Random
09-08 08:25:42.344  3167  3167 W art     : Before Android 4.1, method double java.util.concurrent.ThreadLocalRandom.internalNextDouble(double, double) would have incorrectly overridden the package-private method in java.util.Random
09-08 08:25:42.344  3167  3167 W art     : Before Android 4.1, method int java.util.concurrent.ThreadLocalRandom.internalNextInt(int, int) would have incorrectly overridden the package-private method in java.util.Random
09-08 08:25:42.344  3167  3167 W art     : Before Android 4.1, method long java.util.concurrent.ThreadLocalRandom.internalNextLong(long, long) would have incorrectly overridden the package-private method in java.util.Random
09-08 08:25:42.466  3166  3166 I Radio-JNI: register_android_hardware_Radio DONE
09-08 08:25:42.468  3167  3167 I Radio-JNI: register_android_hardware_Radio DONE
09-08 08:25:42.500  3166  3166 I SamplingProfilerIntegration: Profiling disabled.
09-08 08:25:42.500  3166  3166 D Zygote  : begin preload
09-08 08:25:42.500  3166  3166 I Zygote  : Installing ICU cache reference pinning...
09-08 08:25:42.501  3166  3166 I Zygote  : Preloading ICU data...
09-08 08:25:42.509  3167  3167 I SamplingProfilerIntegration: Profiling disabled.
09-08 08:25:42.510  3167  3167 D Zygote  : begin preload
09-08 08:25:42.511  3167  3167 I Zygote  : Installing ICU cache reference pinning...
09-08 08:25:42.511  3167  3167 I Zygote  : Preloading ICU data...
09-08 08:25:42.630  3165  3165 D wrapperGPS: wrapperConnect_RILD
09-08 08:25:42.630  3165  3165 D gpsd    : WakeLock(Acquire,GPSD)
09-08 08:25:42.630  3165  3165 D gpsd    : WakeLock(Release,GPSD)
09-08 08:25:42.630  3165  3165 D gpsd    : WakeLock(Acquire,GPSD)
09-08 08:25:42.631  3165  3165 D gpsd    : WakeLock(Release,GPSD)
09-08 08:25:42.650  3166  3166 I Zygote  : Preloading classes...
09-08 08:25:42.656  3166  3166 W Zygote  : Class not found for preloading: [Landroid.view.Display$ColorTransform;
09-08 08:25:42.680  3167  3167 I Zygote  : Preloading classes...
09-08 08:25:42.687  3167  3167 W Zygote  : Class not found for preloading: [Landroid.view.Display$ColorTransform;
09-08 08:25:43.102  3166  3166 E Typeface: Error mapping font file /system/fonts/DroidSansFallback.ttf
09-08 08:25:43.103  3167  3167 E Typeface: Error mapping font file /system/fonts/DroidSansFallback.ttf
09-08 08:25:43.997  3166  3166 I art     : Thread[1,tid=3166,Native,Thread*=0x7f8c495a00,peer=0x12c420d0,"main"] recursive attempt to load library "/system/lib64/libmedia_jni.so"
09-08 08:25:43.998  3166  3166 D MtpDeviceJNI: register_android_mtp_MtpDevice
09-08 08:25:43.999  3166  3166 I art     : Thread[1,tid=3166,Native,Thread*=0x7f8c495a00,peer=0x12c420d0,"main"] recursive attempt to load library "/system/lib64/libmedia_jni.so"
09-08 08:25:43.999  3166  3166 I art     : Thread[1,tid=3166,Native,Thread*=0x7f8c495a00,peer=0x12c420d0,"main"] recursive attempt to load library "/system/lib64/libmedia_jni.so"
09-08 08:25:44.064  3166  3166 E FFMPEGSoftCodec: Failed to load FFMPEG plugin: (null)
09-08 08:25:44.127  3167  3167 I art     : Thread[1,tid=3167,Native,Thread*=0xf4805400,peer=0x12c04f70,"main"] recursive attempt to load library "/system/lib/libmedia_jni.so"
09-08 08:25:44.128  3167  3167 D MtpDeviceJNI: register_android_mtp_MtpDevice
09-08 08:25:44.129  3167  3167 I art     : Thread[1,tid=3167,Native,Thread*=0xf4805400,peer=0x12c04f70,"main"] recursive attempt to load library "/system/lib/libmedia_jni.so"
09-08 08:25:44.130  3167  3167 I art     : Thread[1,tid=3167,Native,Thread*=0xf4805400,peer=0x12c04f70,"main"] recursive attempt to load library "/system/lib/libmedia_jni.so"
09-08 08:25:44.174  3167  3167 E FFMPEGSoftCodec: Failed to load FFMPEG plugin: (null)
09-08 08:25:44.450  3166  3166 W Zygote  : Class not found for preloading: android.view.Display$ColorTransform
09-08 08:25:44.450  3166  3166 W Zygote  : Class not found for preloading: android.view.Display$ColorTransform$1
09-08 08:25:44.527  3273  3273 I rild    : type=1400 audit(0.0:125): avc: denied { getattr } for path="/efs/nv.log" dev="sda3" ino=83 scontext=u:r:rild:s0 tcontext=u:object_r:nv_log_efs_file:s0 tclass=file permissive=1
09-08 08:25:44.527  3273  3273 W rild    : type=1300 audit(0.0:125): arch=c00000b7 syscall=80 success=yes exit=0 a0=1e a1=7fb16fb2c8 a2=7fb16fbca0 a3=11 items=0 ppid=1 auid=4294967295 uid=1001 gid=1001 euid=1001 suid=1001 fsuid=1001 egid=1001 sgid=1001 fsgid=1001 tty=(none) ses=4294967295 exe="/system/bin/rild" subj=u:r:rild:s0 key=(null)
09-08 08:25:44.527  3075  3075 W auditd  : type=1327 audit(0.0:125): proctitle="/system/bin/rild"
09-08 08:25:44.527  3075  3075 W auditd  : type=1320 audit(0.0:125): 
09-08 08:25:44.572  3167  3167 W Zygote  : Class not found for preloading: android.view.Display$ColorTransform
09-08 08:25:44.572  3167  3167 W Zygote  : Class not found for preloading: android.view.Display$ColorTransform$1
09-08 08:25:44.697  3166  3166 W System  : ClassLoader referenced unknown path: /system/framework/tcmclient.jar
09-08 08:25:44.843  3167  3167 W System  : ClassLoader referenced unknown path: /system/framework/tcmclient.jar
09-08 08:25:44.941  3166  3166 I System  : Loaded time zone names for "" in 59ms (28ms in ICU)
09-08 08:25:44.984  3166  3166 I System  : Loaded time zone names for "en_US" in 42ms (10ms in ICU)
09-08 08:25:45.109  3167  3167 I System  : Loaded time zone names for "" in 66ms (19ms in ICU)
09-08 08:25:45.168  3167  3167 I System  : Loaded time zone names for "en_US" in 59ms (12ms in ICU)
09-08 08:25:45.295  3166  3166 I Zygote  : ...preloaded 4158 classes in 2645ms.
09-08 08:25:45.296  3166  3166 I art     : VMRuntime.preloadDexCaches starting
09-08 08:25:45.342  3166  3166 I art     : VMRuntime.preloadDexCaches strings total=288446 before=12011 after=12011
09-08 08:25:45.342  3166  3166 I art     : VMRuntime.preloadDexCaches types total=23810 before=9280 after=11325
09-08 08:25:45.342  3166  3166 I art     : VMRuntime.preloadDexCaches fields total=113941 before=41160 after=54105
09-08 08:25:45.342  3166  3166 I art     : VMRuntime.preloadDexCaches methods total=199717 before=78591 after=96703
09-08 08:25:45.342  3166  3166 I art     : VMRuntime.preloadDexCaches finished
09-08 08:25:45.342  3166  3166 I Zygote  : Preloading resources...
09-08 08:25:45.380  3166  3166 W Resources: Preloaded drawable resource #0x108025c (android:drawable/dialog_background_material) that varies with configuration!!
09-08 08:25:45.389  3166  3166 W Resources: Preloaded color resource #0x10600ea (android:color/material_grey_800) that varies with configuration!!
09-08 08:25:45.389  3166  3166 W Resources: Preloaded drawable resource #0x10802c9 (android:drawable/floating_popup_background_dark) that varies with configuration!!
09-08 08:25:45.517  3166  3166 I Zygote  : ...preloaded 114 resources in 175ms.
09-08 08:25:45.519  3581  3581 I init    : type=1400 audit(0.0:126): avc: denied { create } for name="sap_uim_socket1" scontext=u:r:init:s0 tcontext=u:object_r:socket_device:s0 tclass=sock_file permissive=1
09-08 08:25:45.519  3581  3581 W init    : type=1300 audit(0.0:126): arch=c00000b7 syscall=200 success=yes exit=0 a0=d a1=7fc57d43a8 a2=6e a3=17 items=0 ppid=1 auid=4294967295 uid=0 gid=0 euid=0 suid=0 fsuid=0 egid=0 sgid=0 fsgid=0 tty=(none) ses=4294967295 exe="/init" subj=u:r:init:s0 key=(null)
09-08 08:25:45.519  3075  3075 W auditd  : type=1327 audit(0.0:126): proctitle=2F696E6974002D2D7365636F6E642D7374616765
09-08 08:25:45.519  3075  3075 W auditd  : type=1320 audit(0.0:126): 
09-08 08:25:45.519  3581  3581 I init    : type=1400 audit(0.0:127): avc: denied { setattr } for name="sap_uim_socket1" dev="tmpfs" ino=23663 scontext=u:r:init:s0 tcontext=u:object_r:socket_device:s0 tclass=sock_file permissive=1
09-08 08:25:45.519  3581  3581 W init    : type=1300 audit(0.0:127): arch=c00000b7 syscall=54 success=yes exit=0 a0=ffffff9c a1=7fc57d43aa a2=3ea a3=3ea items=0 ppid=1 auid=4294967295 uid=0 gid=0 euid=0 suid=0 fsuid=0 egid=0 sgid=0 fsgid=0 tty=(none) ses=4294967295 exe="/init" subj=u:r:init:s0 key=(null)
09-08 08:25:45.519  3075  3075 W auditd  : type=1327 audit(0.0:127): proctitle=2F696E6974002D2D7365636F6E642D7374616765
09-08 08:25:45.519  3075  3075 W auditd  : type=1320 audit(0.0:127): 
09-08 08:25:45.519  3582  3582 I init    : type=1400 audit(0.0:128): avc: denied { entrypoint } for path="/system/bin/cbd" dev="sda17" ino=192 scontext=u:r:cbd:s0 tcontext=u:object_r:cpboot-daemon_exec:s0 tclass=file permissive=1
09-08 08:25:45.519  3582  3582 W cbd     : type=1300 audit(0.0:128): arch=c00000b7 syscall=221 success=yes exit=0 a0=7f8ef181c1 a1=7f8ee24680 a2=544098 a3=4 items=0 ppid=1 auid=4294967295 uid=0 gid=1001 euid=0 suid=0 fsuid=0 egid=1001 sgid=1001 fsgid=1001 tty=(none) ses=4294967295 exe="/system/bin/cbd" subj=u:r:cbd:s0 key=(null)
09-08 08:25:45.519  3075  3075 W auditd  : type=1327 audit(0.0:128): proctitle=2F73797374656D2F62696E2F636264002D64002D747373333130002D626D002D6D6D002D5000706C6174666F726D2F31313132303030302E7566732F62792D6E616D652F524144494F002D6300706C6174666F726D2F31313132303030302E7566732F62792D6E616D652F43505F4445425547
09-08 08:25:45.519  3075  3075 W auditd  : type=1320 audit(0.0:128): 
09-08 08:25:45.519  3582  3582 I cbd     : type=1400 audit(0.0:129): avc: denied { read } for path="/system/bin/cbd" dev="sda17" ino=192 scontext=u:r:cbd:s0 tcontext=u:object_r:cpboot-daemon_exec:s0 tclass=file permissive=1
09-08 08:25:45.519  3582  3582 W cbd     : type=1300 audit(0.0:129): arch=c00000b7 syscall=226 success=yes exit=0 a0=493000 a1=3000 a2=1 a3=1 items=0 ppid=1 auid=4294967295 uid=0 gid=1001 euid=0 suid=0 fsuid=0 egid=1001 sgid=1001 fsgid=1001 tty=(none) ses=4294967295 exe="/system/bin/cbd" subj=u:r:cbd:s0 key=(null)
09-08 08:25:45.519  3075  3075 W auditd  : type=1327 audit(0.0:129): proctitle=2F73797374656D2F62696E2F636264002D64002D747373333130002D626D002D6D6D002D5000706C6174666F726D2F31313132303030302E7566732F62792D6E616D652F524144494F002D6300706C6174666F726D2F31313132303030302E7566732F62792D6E616D652F43505F4445425547
09-08 08:25:45.519  3075  3075 W auditd  : type=1320 audit(0.0:129): 
09-08 08:25:45.521  3165  3578 D wrapperGPS: onError: error 4
09-08 08:25:45.521  3165  3165 D gpsd    : WakeLock(Acquire,GPSD)
09-08 08:25:45.527  3166  3166 W Resources: Preloaded color resource #0x1060114 (android:color/background_cache_hint_selector_material_dark) that varies with configuration!!
09-08 08:25:45.527  3166  3166 W Resources: Preloaded color resource #0x1060119 (android:color/btn_default_material_dark) that varies with configuration!!
09-08 08:25:45.529  3166  3166 I Zygote  : ...preloaded 41 resources in 12ms.
09-08 08:25:45.532  3166  3166 I Zygote  : ...preloaded 2 resource in 2ms.
09-08 08:25:45.539  3167  3167 I Zygote  : ...preloaded 4158 classes in 2859ms.
09-08 08:25:45.539  3167  3167 I art     : VMRuntime.preloadDexCaches starting
09-08 08:25:45.542  3166  3166 D libEGL  : loaded /vendor/lib64/egl/libGLES_mali.so
09-08 08:25:45.551  3166  3166 I Zygote  : Preloading shared libraries...
09-08 08:25:45.606  3167  3167 I art     : VMRuntime.preloadDexCaches strings total=288446 before=12011 after=12011
09-08 08:25:45.606  3167  3167 I art     : VMRuntime.preloadDexCaches types total=23810 before=9280 after=11325
09-08 08:25:45.606  3167  3167 I art     : VMRuntime.preloadDexCaches fields total=113941 before=41160 after=54105
09-08 08:25:45.606  3167  3167 I art     : VMRuntime.preloadDexCaches methods total=199717 before=78591 after=96703
09-08 08:25:45.606  3167  3167 I art     : VMRuntime.preloadDexCaches finished
09-08 08:25:45.607  3167  3167 I Zygote  : Preloading resources...
09-08 08:25:45.675  3583  3583 I rild    : type=1400 audit(0.0:130): avc: denied { dac_read_search } for capability=2 scontext=u:r:rild:s0 tcontext=u:r:rild:s0 tclass=capability permissive=1
09-08 08:25:45.675  3583  3583 W rild    : type=1300 audit(0.0:130): arch=c00000b7 syscall=79 success=no exit=-2 a0=ffffff9c a1=7f86626180 a2=7f85a18348 a3=0 items=0 ppid=1 auid=4294967295 uid=1001 gid=1001 euid=1001 suid=1001 fsuid=1001 egid=1001 sgid=1001 fsgid=1001 tty=(none) ses=4294967295 exe="/system/bin/rild" subj=u:r:rild:s0 key=(null)
09-08 08:25:45.675  3075  3075 W auditd  : type=1327 audit(0.0:130): proctitle="/system/bin/rild"
09-08 08:25:45.675  3075  3075 W auditd  : type=1320 audit(0.0:130): 
09-08 08:25:45.793  3166  3166 I Zygote  : Uninstalled ICU cache reference pinning...
09-08 08:25:45.801  3166  3166 I Zygote  : Installed AndroidKeyStoreProvider in 8ms.
09-08 08:25:45.826  3167  3167 W Resources: Preloaded drawable resource #0x108025c (android:drawable/dialog_background_material) that varies with configuration!!
09-08 08:25:45.834  3167  3167 W Resources: Preloaded color resource #0x10600ea (android:color/material_grey_800) that varies with configuration!!
09-08 08:25:45.834  3167  3167 W Resources: Preloaded drawable resource #0x10802c9 (android:drawable/floating_popup_background_dark) that varies with configuration!!
09-08 08:25:45.915  3166  3166 I Zygote  : Warmed up JCA providers in 114ms.
09-08 08:25:45.915  3166  3166 D Zygote  : end preload
09-08 08:25:45.915  3166  3166 I art     : Starting a blocking GC Explicit
09-08 08:25:45.926  3166  3166 I art     : Explicit concurrent mark sweep GC freed 3467(155KB) AllocSpace objects, 0(0B) LOS objects, 39% free, 10MB/17MB, paused 51us total 10.498ms
09-08 08:25:45.926  3166  3166 I art     : Starting a blocking GC Explicit
09-08 08:25:45.936  3166  3166 I art     : Explicit concurrent mark sweep GC freed 43(1504B) AllocSpace objects, 0(0B) LOS objects, 40% free, 10MB/17MB, paused 46us total 9.898ms
09-08 08:25:45.958  3166  3577 I art     : Starting a blocking GC HeapTrim
09-08 08:25:45.959  3166  3166 I art     : Starting a blocking GC Background
09-08 08:25:45.971  3167  3167 I Zygote  : ...preloaded 114 resources in 365ms.
09-08 08:25:45.981  3167  3167 W Resources: Preloaded color resource #0x1060114 (android:color/background_cache_hint_selector_material_dark) that varies with configuration!!
09-08 08:25:45.982  3167  3167 W Resources: Preloaded color resource #0x1060119 (android:color/btn_default_material_dark) that varies with configuration!!
09-08 08:25:45.985  3167  3167 I Zygote  : ...preloaded 41 resources in 13ms.
09-08 08:25:45.988  3167  3167 I Zygote  : ...preloaded 2 resource in 3ms.
09-08 08:25:46.003  3166  3166 I Zygote  : System server process 3589 has been created
09-08 08:25:46.004  3166  3166 I Zygote  : Accepting command socket connections
09-08 08:25:46.023  3167  3167 D libEGL  : loaded /vendor/lib/egl/libGLES_mali.so
09-08 08:25:46.037  3167  3167 I Zygote  : Preloading shared libraries...
09-08 08:25:46.063  3167  3167 I Zygote  : Uninstalled ICU cache reference pinning...
09-08 08:25:46.073  3167  3167 I Zygote  : Installed AndroidKeyStoreProvider in 9ms.
09-08 08:25:46.229  3167  3167 I Zygote  : Warmed up JCA providers in 156ms.
09-08 08:25:46.229  3167  3167 D Zygote  : end preload
09-08 08:25:46.229  3167  3167 I art     : Starting a blocking GC Explicit
09-08 08:25:46.240  3167  3167 I art     : Explicit concurrent mark sweep GC freed 3173(140KB) AllocSpace objects, 0(0B) LOS objects, 40% free, 9MB/16MB, paused 71us total 11.381ms
09-08 08:25:46.241  3167  3167 I art     : Starting a blocking GC Explicit
09-08 08:25:46.251  3167  3167 I art     : Explicit concurrent mark sweep GC freed 60(2592B) AllocSpace objects, 0(0B) LOS objects, 39% free, 9MB/16MB, paused 70us total 10.536ms
09-08 08:25:46.265  3167  3167 I Zygote  : Accepting command socket connections
09-08 08:25:46.272  3589  3589 I Zygote  : Process: zygote socket opened, supported ABIS: armeabi-v7a,armeabi
09-08 08:25:46.274  3589  3589 I InstallerConnection: connecting...
09-08 08:25:46.274  3170  3170 I         : new connection
09-08 08:25:46.292  3600  3600 I dex2oat : /system/bin/dex2oat --compiler-filter=speed
09-08 08:25:46.559  3609  3609 I init    : type=1400 audit(0.0:131): avc: denied { create } for name="rild-debug2" scontext=u:r:init:s0 tcontext=u:object_r:socket_device:s0 tclass=sock_file permissive=1
09-08 08:25:46.559  3609  3609 W init    : type=1300 audit(0.0:131): arch=c00000b7 syscall=200 success=yes exit=0 a0=d a1=7fc57d41c8 a2=6e a3=13 items=0 ppid=1 auid=4294967295 uid=0 gid=0 euid=0 suid=0 fsuid=0 egid=0 sgid=0 fsgid=0 tty=(none) ses=4294967295 exe="/init" subj=u:r:init:s0 key=(null)
09-08 08:25:46.559  3075  3075 W auditd  : type=1327 audit(0.0:131): proctitle=2F696E6974002D2D7365636F6E642D7374616765
09-08 08:25:46.559  3075  3075 W auditd  : type=1320 audit(0.0:131): 
09-08 08:25:46.559  3609  3609 I init    : type=1400 audit(0.0:132): avc: denied { setattr } for name="rild-debug2" dev="tmpfs" ino=1284 scontext=u:r:init:s0 tcontext=u:object_r:socket_device:s0 tclass=sock_file permissive=1
09-08 08:25:46.559  3609  3609 W init    : type=1300 audit(0.0:132): arch=c00000b7 syscall=54 success=yes exit=0 a0=ffffff9c a1=7fc57d41ca a2=3e9 a3=3e8 items=0 ppid=1 auid=4294967295 uid=0 gid=0 euid=0 suid=0 fsuid=0 egid=0 sgid=0 fsgid=0 tty=(none) ses=4294967295 exe="/init" subj=u:r:init:s0 key=(null)
09-08 08:25:46.559  3075  3075 W auditd  : type=1327 audit(0.0:132): proctitle=2F696E6974002D2D7365636F6E642D7374616765
09-08 08:25:46.559  3075  3075 W auditd  : type=1320 audit(0.0:132): 
09-08 08:25:46.629  3600  3600 I dex2oat : dex2oat took 337.161ms (threads: 8) arena alloc=1993KB (2041208B) java alloc=823KB (843216B) native alloc=3MB (3274272B) free=4MB (4590048B)
09-08 08:25:46.649  3611  3611 I dex2oat : /system/bin/dex2oat --compiler-filter=speed
09-08 08:25:46.736  3611  3611 I dex2oat : dex2oat took 87.737ms (threads: 8) arena alloc=706KB (723808B) java alloc=121KB (123984B) native alloc=1234KB (1264488B) free=3MB (3454104B)
09-08 08:25:46.755  3625  3625 I dex2oat : /system/bin/dex2oat --compiler-filter=speed
09-08 08:25:47.764  3625  3632 W dex2oat : Compilation of void com.android.server.SystemServer.startOtherServices() took 118.277ms
09-08 08:25:48.166  3625  3630 W dex2oat : Compilation of void com.android.server.am.BroadcastQueue.processNextBroadcast(boolean) took 130.404ms
09-08 08:25:48.670  3625  3629 W dex2oat : Compilation of int com.android.server.am.ActivityManagerService.broadcastIntentLocked(com.android.server.am.ProcessRecord, java.lang.String, android.content.Intent, java.lang.String, android.content.IIntentReceiver, int, java.lang.String, android.os.Bundle, java.lang.String[], int, android.os.Bundle, boolean, boolean, int, int, int) took 123.707ms
09-08 08:25:48.979  3625  3629 W dex2oat : Compilation of void com.android.server.am.ActivityManagerService.dumpApplicationMemoryUsage(java.io.FileDescriptor, java.io.PrintWriter, java.lang.String, java.lang.String[], boolean, java.io.PrintWriter) took 161.978ms
09-08 08:25:49.465  3625  3630 W dex2oat : Compilation of android.content.pm.PackageParser$Package com.android.server.pm.PackageManagerService.scanPackageDirtyLI(android.content.pm.PackageParser$Package, int, int, long, android.os.UserHandle) took 108.067ms
09-08 08:25:49.681  3625  3630 W dex2oat : Compilation of void com.android.server.pm.PackageManagerService.dump(java.io.FileDescriptor, java.io.PrintWriter, java.lang.String[]) took 105.138ms
09-08 08:25:50.250  3625  3625 I dex2oat : dex2oat took 3.495s (threads: 8) arena alloc=14MB (15181304B) java alloc=3MB (4135776B) native alloc=34MB (36344824B) free=19MB (20016136B)
09-08 08:25:50.274  3669  3669 I dex2oat : /system/bin/dex2oat --compiler-filter=speed
09-08 08:25:50.557  3669  3669 I dex2oat : dex2oat took 283.097ms (threads: 8) arena alloc=971KB (995000B) java alloc=235KB (240728B) native alloc=2MB (2339200B) free=4MB (4476544B)
09-08 08:25:50.576  3678  3678 I dex2oat : /system/bin/dex2oat --compiler-filter=speed
09-08 08:25:51.293  3678  3678 I dex2oat : dex2oat took 716.339ms (threads: 8) arena alloc=12MB (13268912B) java alloc=717KB (735224B) native alloc=5MB (6023248B) free=18MB (18880432B)
09-08 08:25:51.297  3589  3589 I InstallerConnection: disconnecting...
09-08 08:25:51.297  3170  3170 E         : eof
09-08 08:25:51.297  3170  3170 E         : failed to read size
09-08 08:25:51.297  3170  3170 I         : closing connection
09-08 08:25:51.302  3589  3589 W art     : Found duplicate classes, falling back to interpreter mode for /system/framework/wifi-service.jar
09-08 08:25:51.302  3589  3589 W art     : Found duplicated class when checking oat files: 'Lcom/google/protobuf/nano/MessageNano;' in /system/framework/services.jar and /system/framework/wifi-service.jar
09-08 08:25:51.326  3589  3589 I SystemServer: Entered the Android system server!
09-08 08:25:51.348  3589  3589 I SystemServiceManager: Starting com.android.server.pm.Installer
09-08 08:25:51.348  3589  3589 I Installer: Waiting for installd to be ready.
09-08 08:25:51.348  3589  3589 I InstallerConnection: connecting...
09-08 08:25:51.348  3170  3170 I         : new connection
09-08 08:25:51.348  3589  3589 I SystemServiceManager: Starting com.android.server.am.ActivityManagerService$Lifecycle
09-08 08:25:51.357  3589  3589 I ActivityManager: Memory class: 256
09-08 08:25:51.358  3589  3697 I ServiceThread: Enabled StrictMode logging for ActivityManager looper.
09-08 08:25:51.359  3589  3698 I ServiceThread: Enabled StrictMode logging for android.ui looper.
09-08 08:25:51.395  3589  3589 D BatteryStatsImpl: Reading daily items from /data/system/batterystats-daily.xml
09-08 08:25:51.429  3589  3589 I AppOps  : No existing app ops /data/system/appops.xml; starting empty
09-08 08:25:51.519  3589  3589 I IntentFirewall: Read new rules (A:0 B:0 S:0)
09-08 08:25:51.523  3589  3704 I ServiceThread: Enabled StrictMode logging for android.display looper.
09-08 08:25:51.533  3589  3589 D AppOps  : AppOpsService published
09-08 08:25:51.533  3589  3589 I SystemServiceManager: Starting com.android.server.power.PowerManagerService
09-08 08:25:51.534  3589  3706 I ServiceThread: Enabled StrictMode logging for PowerManagerService looper.
09-08 08:25:51.537  3589  3589 I SamsungPowerHAL: Initialized settings:
09-08 08:25:51.537  3589  3589 I SamsungPowerHAL: max_freqs: cluster[0]: 1690000, cluster[1]: 2314000
09-08 08:25:51.537  3589  3589 I SamsungPowerHAL: hispeed_freqs: cluster[0]: 1690000, cluster[1]: 2496000
09-08 08:25:51.537  3589  3589 I SamsungPowerHAL: boostpulse_fd: 62
09-08 08:25:51.537  3589  3589 I SamsungPowerHAL: touchscreen_power_path: /sys/class/input/input0/enabled
09-08 08:25:51.537  3589  3589 I SamsungPowerHAL: touchkey_power_path: NULL
09-08 08:25:51.537  3589  3589 W libsuspend: Error writing 'on' to /sys/power/state: Invalid argument
09-08 08:25:51.537  3589  3589 I libsuspend: Selected wakeup count
09-08 08:25:51.539  3589  3589 I SystemServiceManager: Starting com.android.server.lights.LightsService
09-08 08:25:51.541  3589  3589 I SystemServiceManager: Starting com.android.server.display.DisplayManagerService
09-08 08:25:51.543  3589  3589 I SystemServiceManager: Starting phase 100
09-08 08:25:51.544  3589  3704 W LocalDisplayAdapter: Unable to get active color mode for display device 0
09-08 08:25:51.544  3589  3704 E LocalDisplayAdapter: Default and active color mode is no longer available! Reverting to first available mode.
09-08 08:25:51.544  3148  3178 E SurfaceFlinger: getDefaultDisplay: id=2 is not a valid default display id
09-08 08:25:51.546  3589  3704 I DisplayManagerService: Display device added: DisplayDeviceInfo{"Built-in Screen": uniqueId="local:0", 1440 x 2960, modeId 1, defaultModeId 1, supportedModes [{id=1, width=1440, height=2960, fps=60.000004}], colorMode -22, supportedColorModes [-22], HdrCapabilities android.view.Display$HdrCapabilities@a69d6308, density 560, 522.514 x 525.762 dpi, appVsyncOff 1000000, presDeadline 16666666, touch INTERNAL, rotation 0, type BUILT_IN, state UNKNOWN, FLAG_DEFAULT_DISPLAY, FLAG_ROTATES_WITH_CONTENT, FLAG_SECURE, FLAG_SUPPORTS_PROTECTED_BUFFERS}
09-08 08:25:51.546  3148  3148 D SurfaceFlinger: Set power mode=2, type=0 flinger=0x7fa6e48000
09-08 08:25:51.546  3148  3148 D SurfaceFlinger: Screen type=0 is already mode=2
09-08 08:25:51.552  3589  3704 I DisplayManagerService: Display device changed state: "Built-in Screen", ON
09-08 08:25:51.553  3589  3589 I SystemServer: StartPackageManagerService
09-08 08:25:51.558  3589  3589 W FileUtils: Failed to chmod(/data/system/packages.list): android.system.ErrnoException: chmod failed: ENOENT (No such file or directory)
09-08 08:25:51.687  3589  3589 D SELinuxMMAC: Using policy file /system/etc/security/mac_permissions.xml
09-08 08:25:51.694  3589  3589 I PackageManager: No settings file; creating initial state
09-08 08:25:51.716  3711  3711 I dex2oat : /system/bin/dex2oat --compiler-filter=speed
09-08 08:25:52.015  3711  3711 I dex2oat : dex2oat took 299.559ms (threads: 8) arena alloc=2MB (2448888B) java alloc=717KB (734208B) native alloc=2MB (2728352B) free=4MB (4611680B)
09-08 08:25:52.034  3720  3720 I dex2oat : /system/bin/dex2oat --compiler-filter=speed
09-08 08:25:52.110  3720  3720 I dex2oat : dex2oat took 76.082ms (threads: 8) arena alloc=527KB (539744B) java alloc=320KB (327896B) native alloc=1317KB (1349272B) free=3MB (3369320B)
09-08 08:25:52.128  3729  3729 I dex2oat : /system/bin/dex2oat --compiler-filter=speed
09-08 08:25:52.197  3729  3729 I dex2oat : dex2oat took 68.760ms (threads: 8) arena alloc=252KB (258320B) java alloc=51KB (53128B) native alloc=1101KB (1127760B) free=1458KB (1493680B)
09-08 08:25:52.215  3738  3738 I dex2oat : /system/bin/dex2oat --compiler-filter=speed
09-08 08:25:52.319  3738  3738 I dex2oat : dex2oat took 104.009ms (threads: 8) arena alloc=3MB (3577296B) java alloc=158KB (162512B) native alloc=1252KB (1282184B) free=6MB (6582136B)
09-08 08:25:52.337  3747  3747 I dex2oat : /system/bin/dex2oat --compiler-filter=speed
09-08 08:25:52.407  3747  3747 I dex2oat : dex2oat took 69.976ms (threads: 8) arena alloc=656KB (672120B) java alloc=75KB (77088B) native alloc=983KB (1007112B) free=3MB (3711480B)
09-08 08:25:52.426  3756  3756 I dex2oat : /system/bin/dex2oat --compiler-filter=speed
09-08 08:25:52.574  3756  3756 I dex2oat : dex2oat took 148.408ms (threads: 8) arena alloc=1794KB (1837512B) java alloc=477KB (488912B) native alloc=1289KB (1320528B) free=5MB (5495216B)
09-08 08:25:52.577  3589  3589 E art     : DexFile_getDexOptNeeded file '/system/framework/org.apache.http.legacy.jar' does not exist
09-08 08:25:52.578  3589  3589 W PackageManager: Library not found: /system/framework/org.apache.http.legacy.jar
09-08 08:25:52.594  3765  3765 I dex2oat : /system/bin/dex2oat --compiler-filter=speed
09-08 08:25:52.662  3765  3765 I dex2oat : dex2oat took 68.590ms (threads: 8) arena alloc=464KB (475176B) java alloc=114KB (116864B) native alloc=1173KB (1201272B) free=2MB (2993032B)
09-08 08:25:52.681  3775  3775 I dex2oat : /system/bin/dex2oat --compiler-filter=speed
09-08 08:25:52.747  3775  3775 I dex2oat : dex2oat took 66.224ms (threads: 8) arena alloc=248KB (254528B) java alloc=121KB (123960B) native alloc=1124KB (1151536B) free=1947KB (1994192B)
09-08 08:25:52.765  3784  3784 I dex2oat : /system/bin/dex2oat --compiler-filter=speed
09-08 08:25:52.787  3784  3784 I dex2oat : dex2oat took 21.722ms (threads: 8) arena alloc=84KB (86488B) java alloc=59KB (61128B) native alloc=1029KB (1054384B) free=2MB (2615632B)
09-08 08:25:52.805  3793  3793 I dex2oat : /system/bin/dex2oat --compiler-filter=speed
09-08 08:25:52.841  3793  3793 I dex2oat : dex2oat took 36.145ms (threads: 8) arena alloc=517KB (529424B) java alloc=265KB (271656B) native alloc=1325KB (1357176B) free=3MB (3361416B)
09-08 08:25:52.859  3802  3802 I dex2oat : /system/bin/dex2oat --compiler-filter=speed
09-08 08:25:52.884  3802  3802 I dex2oat : dex2oat took 25.687ms (threads: 8) arena alloc=262KB (268856B) java alloc=37KB (38472B) native alloc=1121KB (1148016B) free=1438KB (1473424B)
09-08 08:25:52.902  3811  3811 I dex2oat : /system/bin/dex2oat --compiler-filter=speed
09-08 08:25:52.971  3811  3811 I dex2oat : dex2oat took 68.740ms (threads: 8) arena alloc=2MB (3070296B) java alloc=119KB (122136B) native alloc=1342KB (1374328B) free=5MB (5965704B)
09-08 08:25:52.990  3820  3820 I dex2oat : /system/bin/dex2oat --compiler-filter=speed
09-08 08:25:53.098  3820  3820 I dex2oat : dex2oat took 108.466ms (threads: 8) arena alloc=2MB (2098352B) java alloc=460KB (471952B) native alloc=1432KB (1466960B) free=5MB (5348784B)
09-08 08:25:53.100  3589  3589 E art     : DexFile_getDexOptNeeded file '/system/framework/org.apache.http.legacy.jar' does not exist
09-08 08:25:53.101  3589  3589 W PackageManager: Library not found: /system/framework/org.apache.http.legacy.jar
09-08 08:25:53.116  3829  3829 I dex2oat : /system/bin/dex2oat --compiler-filter=speed
09-08 08:25:53.144  3829  3829 I dex2oat : dex2oat took 27.492ms (threads: 8) arena alloc=560KB (573800B) java alloc=76KB (78128B) native alloc=1185KB (1213664B) free=2MB (2980640B)
09-08 08:25:53.162  3838  3838 I dex2oat : /system/bin/dex2oat --compiler-filter=speed
09-08 08:25:53.193  3838  3838 I dex2oat : dex2oat took 31.420ms (threads: 8) arena alloc=323KB (331304B) java alloc=109KB (112560B) native alloc=1091KB (1118088B) free=1980KB (2027640B)
09-08 08:25:53.211  3847  3847 I dex2oat : /system/bin/dex2oat --compiler-filter=speed
09-08 08:25:53.233  3847  3847 I dex2oat : dex2oat took 21.604ms (threads: 8) arena alloc=102KB (105336B) java alloc=59KB (61384B) native alloc=1040KB (1065808B) free=2MB (2604208B)
09-08 08:25:53.235  3589  3589 D PackageManager: No files in app dir /vendor/overlay
09-08 08:25:53.236  3589  3589 D PackageManager: start scanDirLI:/system/framework
09-08 08:25:53.236  3589  3589 D PackageManager: max thread:6
09-08 08:25:53.264  3589  3857 I PackageManager: /system/framework/org.cyanogenmod.platform-res.apk changed; collecting certs
09-08 08:25:53.277  3589  3857 W PackageManager: Permission cyanogenmod.permission.WRITE_ALARMS from package cyanogenmod.platform in an unknown group android.permission-group.SYSTEM_CLOCK
09-08 08:25:53.277  3589  3857 W PackageManager: Permission cyanogenmod.permission.MANAGE_ALARMS from package cyanogenmod.platform in an unknown group android.permission-group.SYSTEM_CLOCK
09-08 08:25:53.277  3589  3857 W PackageManager: Permission cyanogenmod.permission.READ_ALARMS from package cyanogenmod.platform in an unknown group android.permission-group.SYSTEM_CLOCK
09-08 08:25:53.332  3589  3856 I PackageManager: /system/framework/framework-res.apk changed; collecting certs
09-08 08:25:53.425  3589  3589 D PackageManager: end scanDirLI:/system/framework
09-08 08:25:53.427  3589  3589 D PackageManager: start scanDirLI:/system/priv-app
09-08 08:25:53.427  3589  3589 D PackageManager: max thread:6
09-08 08:25:53.443  3589  3856 I PackageManager: /system/priv-app/CMSettingsProvider changed; collecting certs
09-08 08:25:53.444  3589  3861 I PackageManager: /system/priv-app/CMAudioService changed; collecting certs
09-08 08:25:53.445  3589  3860 I PackageManager: /system/priv-app/BlockedNumberProvider changed; collecting certs
09-08 08:25:53.447  3589  3859 I PackageManager: /system/priv-app/BackupRestoreConfirmation changed; collecting certs
09-08 08:25:53.450  3589  3860 I PackageManager: New shared user android.uid.shared: id=10001
09-08 08:25:53.452  3589  3858 I PackageManager: /system/priv-app/AudioFX changed; collecting certs
09-08 08:25:53.458  3589  3860 I PackageManager: /system/priv-app/CallLogBackup changed; collecting certs
09-08 08:25:53.461  3589  3857 I PackageManager: /system/priv-app/CMParts changed; collecting certs
09-08 08:25:53.462  3589  3856 I PackageManager: /system/priv-app/CalendarProvider changed; collecting certs
09-08 08:25:53.462  3589  3861 I PackageManager: /system/priv-app/CarrierConfig changed; collecting certs
09-08 08:25:53.469  3589  3856 I PackageManager: New shared user android.uid.calendar: id=10005
09-08 08:25:53.472  3589  3859 I PackageManager: /system/priv-app/CellBroadcastReceiver changed; collecting certs
09-08 08:25:53.481  3589  3856 I PackageManager: /system/priv-app/DefaultContainerService changed; collecting certs
09-08 08:25:53.482  3589  3861 I PackageManager: /system/priv-app/CtsShimPrivPrebuilt changed; collecting certs
09-08 08:25:53.493  3589  3858 I PackageManager: /system/priv-app/ContactsProvider changed; collecting certs
09-08 08:25:53.503  3589  3860 W PackageParser: No actions in intent filter at /system/priv-app/Contacts/Contacts.apk Binary XML file line #431
09-08 08:25:53.509  3589  3856 I PackageManager: /system/priv-app/Eleven changed; collecting certs
09-08 08:25:53.510  3589  3860 I PackageManager: /system/priv-app/Contacts changed; collecting certs
09-08 08:25:53.513  3589  3859 I PackageManager: /system/priv-app/DocumentsUI changed; collecting certs
09-08 08:25:53.514  3589  3861 I PackageManager: /system/priv-app/DownloadProvider changed; collecting certs
09-08 08:25:53.515  3589  3858 I PackageManager: /system/priv-app/EmergencyInfo changed; collecting certs
09-08 08:25:53.520  3589  3861 I PackageManager: New shared user android.media: id=10009
09-08 08:25:53.520  3589  3857 W PackageParser: No actions in intent filter at /system/priv-app/Dialer/Dialer.apk Binary XML file line #207
09-08 08:25:53.523  3589  3861 W PackageManager: Permission android.permission.DOWNLOAD_WITHOUT_NOTIFICATION from package com.android.providers.downloads in an unknown group android.permission-group.NETWORK
09-08 08:25:53.527  3589  3857 I PackageManager: /system/priv-app/Dialer changed; collecting certs
09-08 08:25:53.530  3589  3858 I PackageManager: New shared user com.android.emergency.uid: id=10011
09-08 08:25:53.533  3589  3861 I PackageManager: /system/priv-app/ExtServices changed; collecting certs
09-08 08:25:53.540  3589  3858 I PackageManager: /system/priv-app/ExternalStorageProvider changed; collecting certs
09-08 08:25:53.541  3589  3859 I PackageManager: /system/priv-app/FusedLocation changed; collecting certs
09-08 08:25:53.552  3589  3861 I PackageManager: /system/priv-app/InputDevices changed; collecting certs
09-08 08:25:53.567  3589  3859 I PackageManager: /system/priv-app/MediaProvider changed; collecting certs
09-08 08:25:53.568  3589  3861 I PackageManager: /system/priv-app/MmsService changed; collecting certs
09-08 08:25:53.571  3589  3856 I PackageManager: /system/priv-app/Gallery2 changed; collecting certs
09-08 08:25:53.572  3589  3857 I PackageManager: /system/priv-app/MtpDocumentsProvider changed; collecting certs
09-08 08:25:53.572  3589  3858 I PackageManager: /system/priv-app/ManagedProvisioning changed; collecting certs
09-08 08:25:53.579  3589  3859 I PackageManager: /system/priv-app/OneTimeInitializer changed; collecting certs
09-08 08:25:53.583  3589  3860 I PackageManager: /system/priv-app/LineageSetupWizard changed; collecting certs
09-08 08:25:53.588  3589  3861 I PackageManager: /system/priv-app/ProxyHandler changed; collecting certs
09-08 08:25:53.600  3589  3858 I PackageManager: /system/priv-app/Recorder changed; collecting certs
09-08 08:25:53.605  3589  3861 I PackageManager: /system/priv-app/SettingsProvider changed; collecting certs
09-08 08:25:53.610  3589  3860 I PackageManager: /system/priv-app/SharedStorageBackup changed; collecting certs
09-08 08:25:53.610  3589  3857 I PackageManager: /system/priv-app/PackageInstaller changed; collecting certs
09-08 08:25:53.618  3589  3861 I PackageManager: /system/priv-app/StatementService changed; collecting certs
09-08 08:25:53.624  3589  3856 W PackageParser: Ignoring duplicate uses-permissions/uses-permissions-sdk-m: android.permission.INSTALL_GRANT_RUNTIME_PERMISSIONS in package: com.android.shell at: Binary XML file line #102
09-08 08:25:53.629  3589  3856 I PackageManager: /system/priv-app/Shell changed; collecting certs
09-08 08:25:53.631  3589  3861 I PackageManager: /system/priv-app/Tag changed; collecting certs
09-08 08:25:53.632  3589  3858 I PackageManager: /system/priv-app/StorageManager changed; collecting certs
09-08 08:25:53.650  3589  3861 I PackageManager: /system/priv-app/TelephonyProvider changed; collecting certs
09-08 08:25:53.657  3589  3856 I PackageManager: /system/priv-app/Telecom changed; collecting certs
09-08 08:25:53.657  3589  3860 W PackageParser: Ignoring duplicate uses-permissions/uses-permissions-sdk-m: android.permission.CONFIGURE_WIFI_DISPLAY in package: com.android.systemui at: Binary XML file line #117
09-08 08:25:53.675  3589  3859 W PackageParser: Ignoring duplicate uses-permissions/uses-permissions-sdk-m: android.permission.USE_CREDENTIALS in package: com.android.settings at: Binary XML file line #56
09-08 08:25:53.676  3589  3859 W PackageParser: Ignoring duplicate uses-permissions/uses-permissions-sdk-m: android.permission.READ_SYNC_SETTINGS in package: com.android.settings at: Binary XML file line #61
09-08 08:25:53.676  3589  3859 W PackageParser: Ignoring duplicate uses-permissions/uses-permissions-sdk-m: android.permission.WRITE_SYNC_SETTINGS in package: com.android.settings at: Binary XML file line #62
09-08 08:25:53.679  3589  3861 I PackageManager: /system/priv-app/Updater changed; collecting certs
09-08 08:25:53.679  3589  3860 I PackageManager: /system/priv-app/SystemUI changed; collecting certs
09-08 08:25:53.681  3589  3858 I PackageManager: /system/priv-app/Trebuchet changed; collecting certs
09-08 08:25:53.692  3589  3858 W PackageManager: Permission com.android.launcher.permission.INSTALL_SHORTCUT from package com.cyanogenmod.trebuchet in an unknown group android.permission-group.SYSTEM_TOOLS
09-08 08:25:53.692  3589  3858 W PackageManager: Permission com.android.launcher3.permission.READ_SETTINGS from package com.cyanogenmod.trebuchet in an unknown group android.permission-group.SYSTEM_TOOLS
09-08 08:25:53.692  3589  3858 W PackageManager: Permission com.android.launcher3.permission.WRITE_SETTINGS from package com.cyanogenmod.trebuchet in an unknown group android.permission-group.SYSTEM_TOOLS
09-08 08:25:53.694  3589  3856 I PackageManager: /system/priv-app/VpnDialogs changed; collecting certs
09-08 08:25:53.701  3589  3861 I PackageManager: /system/priv-app/WallpaperCropper changed; collecting certs
09-08 08:25:53.702  3589  3857 I PackageManager: /system/priv-app/TeleService changed; collecting certs
09-08 08:25:53.705  3589  3856 I PackageManager: /system/priv-app/WeatherProvider changed; collecting certs
09-08 08:25:53.708  3589  3858 I PackageManager: /system/priv-app/WeatherManagerService changed; collecting certs
09-08 08:25:53.721  3589  3860 I PackageManager: New shared user android.uid.systemui: id=10033
09-08 08:25:53.796  3589  3859 I PackageManager: /system/priv-app/Settings changed; collecting certs
09-08 08:25:53.883  3589  3589 D PackageManager: end scanDirLI:/system/priv-app
09-08 08:25:53.884  3589  3589 D PackageManager: start scanDirLI:/system/app
09-08 08:25:53.884  3589  3589 D PackageManager: max thread:6
09-08 08:25:53.892  3589  3857 I PackageManager: /system/app/BookmarkProvider changed; collecting certs
09-08 08:25:53.892  3589  3856 I PackageManager: /system/app/BasicDreams changed; collecting certs
09-08 08:25:53.894  3589  3860 I PackageManager: /system/app/BluetoothMidiService changed; collecting certs
09-08 08:25:53.897  3589  3861 I PackageManager: /system/app/AdvancedDisplay changed; collecting certs
09-08 08:25:53.906  3589  3859 I PackageManager: /system/app/Calendar changed; collecting certs
09-08 08:25:53.910  3589  3860 I PackageManager: /system/app/CaptivePortalLogin changed; collecting certs
09-08 08:25:53.912  3589  3858 W PackageParser: No actions in intent filter at /system/app/Bluetooth/Bluetooth.apk Binary XML file line #226
09-08 08:25:53.913  3589  3856 I PackageManager: /system/app/CertInstaller changed; collecting certs
09-08 08:25:53.917  3589  3858 I PackageManager: /system/app/Bluetooth changed; collecting certs
09-08 08:25:53.919  3589  3859 W PackageManager: Non-privileged app; cap priority to 0; package: com.android.calendar activity: com.android.calendar.GoogleCalendarUriIntentFilter origPrio: 50
09-08 08:25:53.921  3589  3860 I PackageManager: /system/app/CtsShimPrebuilt changed; collecting certs
09-08 08:25:53.926  3589  3860 W PackageManager: Non-privileged app; cap priority to 0; package: com.android.cts.ctsshim activity: com.android.cts.ctsshim.InstallPriority origPrio: 100
09-08 08:25:53.926  3589  3860 W PackageManager: Non-privileged app; cap priority to 0; package: com.android.cts.ctsshim activity: com.android.cts.ctsshim.InstallPriority origPrio: 100
09-08 08:25:53.926  3589  3860 W PackageManager: Non-privileged app; cap priority to 0; package: com.android.cts.ctsshim activity: com.android.cts.ctsshim.InstallPriority origPrio: 100
09-08 08:25:53.927  3589  3860 W PackageManager: Non-privileged app; cap priority to 0; package: com.android.cts.ctsshim activity: com.android.cts.ctsshim.InstallPriority origPrio: 100
09-08 08:25:53.927  3589  3860 W PackageManager: Non-privileged app; cap priority to 0; package: com.android.cts.ctsshim activity: com.android.cts.ctsshim.InstallPriority origPrio: 100
09-08 08:25:53.928  3589  3857 I PackageManager: /system/app/Camera2 changed; collecting certs
09-08 08:25:53.933  3589  3859 W PackageParser: Ignoring duplicate uses-permissions/uses-permissions-sdk-m: android.permission.WRITE_SETTINGS in package: com.android.deskclock at: Binary XML file line #45
09-08 08:25:53.935  3589  3856 I PackageManager: /system/app/Development changed; collecting certs
09-08 08:25:53.937  3589  3861 I PackageManager: /system/app/DownloadProviderUi changed; collecting certs
09-08 08:25:53.937  3589  3860 I PackageManager: /system/app/EasterEgg changed; collecting certs
09-08 08:25:53.947  3589  3859 I PackageManager: /system/app/DeskClock changed; collecting certs
09-08 08:25:53.957  3589  3856 I PackageManager: /system/app/ExactCalculator changed; collecting certs
09-08 08:25:53.958  3589  3860 I PackageManager: /system/app/ExtShared changed; collecting certs
09-08 08:25:53.965  3589  3861 I PackageManager: /system/app/Exchange2 changed; collecting certs
09-08 08:25:53.971  3589  3857 I PackageManager: /system/app/HTMLViewer changed; collecting certs
09-08 08:25:53.980  3589  3856 I PackageManager: /system/app/KeyChain changed; collecting certs
09-08 08:25:53.981  3589  3860 I PackageManager: /system/app/Jelly changed; collecting certs
09-08 08:25:53.993  3589  3859 I PackageManager: /system/app/LiveWallpapersPicker changed; collecting certs
09-08 08:25:53.998  3589  3860 I PackageManager: /system/app/PacProcessor changed; collecting certs
09-08 08:25:53.999  3589  3856 W PackageParser: Ignoring duplicate uses-permissions/uses-permissions-sdk-m: android.permission.CHANGE_WIFI_STATE in package: com.android.nfc at: Binary XML file line #47
09-08 08:25:53.999  3589  3856 W PackageParser: Ignoring duplicate uses-permissions/uses-permissions-sdk-m: android.permission.ACCESS_WIFI_STATE in package: com.android.nfc at: Binary XML file line #48
09-08 08:25:54.004  3589  3856 I PackageManager: /system/app/NfcNci changed; collecting certs
09-08 08:25:54.010  3589  3858 I PackageManager: /system/app/Email changed; collecting certs
09-08 08:25:54.010  3589  3860 I PackageManager: /system/app/PhotoTable changed; collecting certs
09-08 08:25:54.012  3589  3857 I PackageManager: /system/app/LockClock changed; collecting certs
09-08 08:25:54.013  3589  3861 I PackageManager: /system/app/LatinIME changed; collecting certs
09-08 08:25:54.019  3589  3859 I PackageManager: /system/app/PicoTts changed; collecting certs
09-08 08:25:54.019  3589  3856 I PackageManager: /system/app/PrintRecommendationService changed; collecting certs
09-08 08:25:54.035  3589  3859 I PackageManager: /system/app/RootPA changed; collecting certs
09-08 08:25:54.035  3589  3856 I PackageManager: /system/app/Profiles changed; collecting certs
09-08 08:25:54.039  3589  3860 I PackageManager: /system/app/PrintSpooler changed; collecting certs
09-08 08:25:54.046  3589  3858 W PackageManager: Permission com.android.email.permission.READ_ATTACHMENT from package com.android.email in an unknown group android.permission-group.MESSAGES
09-08 08:25:54.048  3589  3857 I PackageManager: /system/app/Stk changed; collecting certs
09-08 08:25:54.048  3589  3856 I PackageManager: /system/app/Terminal changed; collecting certs
09-08 08:25:54.056  3589  3858 I PackageManager: /system/app/UserDictionaryProvider changed; collecting certs
09-08 08:25:54.057  3589  3859 I PackageManager: /system/app/WAPPushManager changed; collecting certs
09-08 08:25:54.057  3589  3860 I PackageManager: /system/app/WallpaperBackup changed; collecting certs
09-08 08:25:54.060  3589  3856 W PackageManager: Failed to parse /system/app/mcRegistry: Missing base APK in /system/app/mcRegistry
09-08 08:25:54.069  3589  3857 I PackageManager: /system/app/WallpaperPicker changed; collecting certs
09-08 08:25:54.070  3589  3858 I PackageManager: /system/app/telresources changed; collecting certs
09-08 08:25:54.083  3589  3859 I PackageManager: /system/app/webview changed; collecting certs
09-08 08:25:54.103  3589  3856 I PackageManager: /system/app/messaging changed; collecting certs
09-08 08:25:54.416  3589  3589 D PackageManager: end scanDirLI:/system/app
09-08 08:25:54.417  3589  3589 D PackageManager: No files in app dir /system/vendor/app
09-08 08:25:54.417  3589  3589 D PackageManager: No files in app dir /oem/app
09-08 08:25:54.421  3589  3589 D PackageManager: No files in app dir /data/app
09-08 08:25:54.421  3589  3589 D PackageManager: No files in app dir /data/app-private
09-08 08:25:54.421  3589  3589 D PackageManager: No files in app dir /data/app-ephemeral
09-08 08:25:54.424  3589  3589 E PackageManager: There should probably be exactly one setup wizard; found 0: matches=[]
09-08 08:25:54.424  3589  3589 W PackageManager: Protected action; cap priority to 0; package: com.android.cts.priv.ctsshim activity: com.android.cts.priv.ctsshim.InstallPriority origPrio: 100
09-08 08:25:54.424  3589  3589 W PackageManager: Protected action; cap priority to 0; package: com.android.cts.priv.ctsshim activity: com.android.cts.priv.ctsshim.InstallPriority origPrio: 100
09-08 08:25:54.424  3589  3589 W PackageManager: Protected action; cap priority to 0; package: com.android.cts.priv.ctsshim activity: com.android.cts.priv.ctsshim.InstallPriority origPrio: 100
09-08 08:25:54.424  3589  3589 W PackageManager: Protected action; cap priority to 0; package: com.android.cts.priv.ctsshim activity: com.android.cts.priv.ctsshim.InstallPriority origPrio: 100
09-08 08:25:54.424  3589  3589 W PackageManager: Protected action; cap priority to 0; package: com.android.packageinstaller activity: com.android.packageinstaller.PackageInstallerActivity origPrio: 1
09-08 08:25:54.425  3589  3589 W PackageManager: Package com.android.gallery3d desires unavailable shared library com.google.android.media.effects; ignoring!
09-08 08:25:54.425  3589  3589 W PackageManager: Package com.android.gallery3d desires unavailable shared library com.google.android.media.effects; ignoring!
09-08 08:25:54.425  3589  3589 I PackageManager: Adjusting ABI for com.android.providers.media to arm64-v8a (requirer=com.android.mtp, scannedPackage=null)
09-08 08:25:54.426  3589  3589 I PackageManager: Adjusting ABI for com.android.providers.downloads to arm64-v8a (requirer=com.android.mtp, scannedPackage=null)
09-08 08:25:54.426  3589  3589 I PackageManager: Adjusting ABI for com.android.providers.downloads.ui to arm64-v8a (requirer=com.android.mtp, scannedPackage=null)
09-08 08:25:54.427  3589  3589 I PackageManager: Adjusting ABI for com.android.wallpaperbackup to arm64-v8a (requirer=android, scannedPackage=null)
09-08 08:25:54.427  3589  3589 I PackageManager: Adjusting ABI for com.android.location.fused to arm64-v8a (requirer=android, scannedPackage=null)
09-08 08:25:54.428  3589  3589 I PackageManager: Adjusting ABI for org.cyanogenmod.cmsettings to arm64-v8a (requirer=android, scannedPackage=null)
09-08 08:25:54.428  3589  3589 I PackageManager: Adjusting ABI for com.android.inputdevices to arm64-v8a (requirer=android, scannedPackage=null)
09-08 08:25:54.428  3589  3589 I PackageManager: Adjusting ABI for com.android.keychain to arm64-v8a (requirer=android, scannedPackage=null)
09-08 08:25:54.429  3589  3589 I PackageManager: Adjusting ABI for com.android.development to arm64-v8a (requirer=android, scannedPackage=null)
09-08 08:25:54.429  3589  3589 I PackageManager: Adjusting ABI for org.cyanogenmod.cmparts to arm64-v8a (requirer=android, scannedPackage=null)
09-08 08:25:54.430  3589  3589 I PackageManager: Adjusting ABI for com.cyanogenmod.setupwizard to arm64-v8a (requirer=android, scannedPackage=null)
09-08 08:25:54.430  3589  3589 I PackageManager: Adjusting ABI for com.android.providers.settings to arm64-v8a (requirer=android, scannedPackage=null)
