09-07 21:14:29.087  5303  5303 I pool-1-thread-1: type=1400 audit(0.0:207): avc: denied { getattr } for path="/data/user_de/0/com.android.deskclock/shared_prefs/com.android.deskclock_preferences.xml" dev="sda24" ino=3121301 scontext=u:r:untrusted_app:s0:c512,c768 tcontext=u:object_r:system_data_file:s0:c512,c768 tclass=file permissive=1
09-07 21:14:29.087  5303  5303 W pool-1-thread-1: type=1300 audit(0.0:207): arch=c00000b7 syscall=80 success=yes exit=0 a0=22 a1=7f94e46a38 a2=241 a3=1b6 items=0 ppid=3165 auid=4294967295 uid=10047 gid=10047 euid=10047 suid=10047 fsuid=10047 egid=10047 sgid=10047 fsgid=10047 tty=(none) ses=4294967295 exe="/system/bin/app_process64" subj=u:r:untrusted_app:s0:c512,c768 key=(null)
09-07 21:14:29.087  3076  3076 W auditd  : type=1327 audit(0.0:207): proctitle="com.android.deskclock"
09-07 21:14:29.087  3076  3076 W auditd  : type=1320 audit(0.0:207): 
09-07 21:14:29.103  5303  5303 I pool-1-thread-1: type=1400 audit(0.0:208): avc: denied { setattr } for name="com.android.deskclock_preferences.xml" dev="sda24" ino=3121301 scontext=u:r:untrusted_app:s0:c512,c768 tcontext=u:object_r:system_data_file:s0:c512,c768 tclass=file permissive=1
09-07 21:14:29.103  5303  5303 W pool-1-thread-1: type=1300 audit(0.0:208): arch=c00000b7 syscall=53 success=yes exit=0 a0=ffffff9c a1=7f94a34180 a2=1b0 a3=0 items=0 ppid=3165 auid=4294967295 uid=10047 gid=10047 euid=10047 suid=10047 fsuid=10047 egid=10047 sgid=10047 fsgid=10047 tty=(none) ses=4294967295 exe="/system/bin/app_process64" subj=u:r:untrusted_app:s0:c512,c768 key=(null)
09-07 21:14:29.110  3595  5293 I WindowManager: Screen frozen for +286ms due to Window{4691045 u0 com.android.settings/com.android.settings.FallbackHome}
09-07 21:14:29.177  3595  3595 I GnssLocationProvider: WakeLock acquired by sendMessage(12, 0, null)
09-07 21:14:29.185  5275  5275 I AlarmClock: AlarmInitReceiver android.intent.action.TIMEZONE_CHANGED
09-07 21:14:29.224  4930  4930 I Telephony: PstnIncomingCallNotifier: Unregistering: Handler (com.android.internal.telephony.GsmCdmaPhone) {58a1727}
09-07 21:14:29.226  4930  4930 W Telephony: TelecomAccountRegistry: Failed to get status , slotId: 0 Exception: java.lang.NullPointerException: Attempt to invoke interface method 'int org.codeaurora.internal.IExtTelephony.getCurrentUiccCardProvisioningStatus(int)' on a null object reference
09-07 21:14:29.229  4930  4930 W Telephony: TelecomAccountRegistry: Failed to get status , slotId: 1 Exception: java.lang.NullPointerException: Attempt to invoke interface method 'int org.codeaurora.internal.IExtTelephony.getCurrentUiccCardProvisioningStatus(int)' on a null object reference
09-07 21:14:29.239  4930  4930 E PhoneInterfaceManager: [PhoneIntfMgr] getIccId: No UICC
09-07 21:14:29.257  3595  3696 I GnssLocationProvider: WakeLock released by handleMessage(12, 0, null)
09-07 21:14:29.268  3595  5295 I Telecom : PhoneAccountRegistrar: [ComponentInfo{com.android.phone/com.android.services.telephony.TelephonyConnectionService}, [e0184adedf913b076626646d3f52c3b49c39ad6d], UserHandle{0}(icon: Icon(typ=BITMAP size=67x84) -> Icon(typ=BITMAP size=67x84))]: TSI.rPA@ABg
09-07 21:14:29.279  3595  5295 I Telecom : : Sending phone-account registered intent as user: TSI.rPA@ABg
09-07 21:14:29.283  4930  4930 I Telephony: AccountEntry: Registered phoneAccount: [[ ] PhoneAccount: ComponentInfo{com.android.phone/com.android.services.telephony.TelephonyConnectionService}, [e0184adedf913b076626646d3f52c3b49c39ad6d], UserHandle{0} Capabilities: CallProvider MultiUser PlaceEmerg SimSub  Audio Routes: BESW Schemes: tel voicemail  Extras: null GroupId: [da39a3ee5e6b4b0d3255bfef95601890afd80709]] with handle: ComponentInfo{com.android.phone/com.android.services.telephony.TelephonyConnectionService}, [e0184adedf913b076626646d3f52c3b49c39ad6d], UserHandle{0}
09-07 21:14:29.284  4930  4930 I Telephony: PstnIncomingCallNotifier: Registering: Handler (com.android.internal.telephony.GsmCdmaPhone) {58a1727}
09-07 21:14:29.310  3595  5294 I Telecom : PhoneAccountRegistrar: getUserSelVoicePhoneAccount, voice subId = -1: TSI.gUSOPA@ABo
09-07 21:14:29.311  3595  5294 I Telecom : PhoneAccountRegistrar: getUserSelVoicePhoneAccount, emergency account : TSI.gUSOPA@ABo
09-07 21:14:29.353  3595  3595 I GnssLocationProvider: WakeLock acquired by sendMessage(12, 0, null)
09-07 21:14:29.367  4930  4930 E PhoneInterfaceManager: [PhoneIntfMgr] getIccId: No UICC
09-07 21:14:29.402  5275  5306 I AlarmClock: Alarms Table created
09-07 21:14:29.402  3595  5294 I Telecom : PhoneAccountRegistrar: [ComponentInfo{com.android.phone/com.android.services.telephony.TelephonyConnectionService}, [e0184adedf913b076626646d3f52c3b49c39ad6d], UserHandle{0}(icon: Icon(typ=BITMAP size=67x84) -> Icon(typ=BITMAP size=67x84))]: TSI.rPA@ABs
09-07 21:14:29.405  5275  5306 I AlarmClock: Instance table created
09-07 21:14:29.405  5275  5306 I AlarmClock: Inserting default alarms
09-07 21:14:29.412  3595  5294 I Telecom : : Sending phone-account registered intent as user: TSI.rPA@ABs
09-07 21:14:29.413  3595  3696 I GnssLocationProvider: WakeLock released by handleMessage(12, 0, null)
09-07 21:14:29.427  4930  4930 I Telephony: PstnIncomingCallNotifier: Unregistering: Handler (com.android.internal.telephony.GsmCdmaPhone) {58a1727}
09-07 21:14:29.429  4930  4930 W Telephony: TelecomAccountRegistry: Failed to get status , slotId: 0 Exception: java.lang.NullPointerException: Attempt to invoke interface method 'int org.codeaurora.internal.IExtTelephony.getCurrentUiccCardProvisioningStatus(int)' on a null object reference
09-07 21:14:29.431  4930  4930 W Telephony: TelecomAccountRegistry: Failed to get status , slotId: 1 Exception: java.lang.NullPointerException: Attempt to invoke interface method 'int org.codeaurora.internal.IExtTelephony.getCurrentUiccCardProvisioningStatus(int)' on a null object reference
09-07 21:14:29.435  4930  4930 E PhoneInterfaceManager: [PhoneIntfMgr] getIccId: No UICC
09-07 21:14:29.459  3595  3695 I Telecom : PhoneAccountRegistrar: [ComponentInfo{com.android.phone/com.android.services.telephony.TelephonyConnectionService}, [e0184adedf913b076626646d3f52c3b49c39ad6d], UserHandle{0}(icon: Icon(typ=BITMAP size=67x84) -> Icon(typ=BITMAP size=67x84))]: TSI.rPA@ABw
09-07 21:14:29.474  3595  3695 I Telecom : : Sending phone-account registered intent as user: TSI.rPA@ABw
09-07 21:14:29.478  5219  5219 D CellBroadcastReceiver: onReceive Intent { act=android.intent.action.SERVICE_STATE flg=0x10 cmp=com.android.cellbroadcastreceiver/.CellBroadcastReceiver (has extras) }
09-07 21:14:29.478  5219  5219 D CellBroadcastReceiver: Intent: android.intent.action.SERVICE_STATE
09-07 21:14:29.480  5219  5219 D CellBroadcastReceiver: Service state changed! 0 Full: 0 1 voice home data home PERSONAL AR TP 72234 PERSONAL AR TP 72234  UMTS Unknown CSS not supported -1 -1 RoamInd=-1 DefRoamInd=-1 EmergOnly=false IsDataRoamingFromRegistration=false IsUsingCarrierAggregation=false Current state=1
09-07 21:14:29.484  5219  5219 D CellBroadcastReceiver: Start Cell Broadcast configuration.
09-07 21:14:29.485  4930  4930 I Telephony: AccountEntry: Registered phoneAccount: [[ ] PhoneAccount: ComponentInfo{com.android.phone/com.android.services.telephony.TelephonyConnectionService}, [e0184adedf913b076626646d3f52c3b49c39ad6d], UserHandle{0} Capabilities: CallProvider MultiUser PlaceEmerg SimSub  Audio Routes: BESW Schemes: tel voicemail  Extras: null GroupId: [da39a3ee5e6b4b0d3255bfef95601890afd80709]] with handle: ComponentInfo{com.android.phone/com.android.services.telephony.TelephonyConnectionService}, [e0184adedf913b076626646d3f52c3b49c39ad6d], UserHandle{0}
09-07 21:14:29.486  4930  4930 I Telephony: PstnIncomingCallNotifier: Registering: Handler (com.android.internal.telephony.GsmCdmaPhone) {58a1727}
09-07 21:14:29.526  3595  5294 I Telecom : PhoneAccountRegistrar: getUserSelVoicePhoneAccount, voice subId = -1: TSI.gUSOPA@AB4
09-07 21:14:29.527  3595  5294 I Telecom : PhoneAccountRegistrar: getUserSelVoicePhoneAccount, emergency account : TSI.gUSOPA@AB4
09-07 21:14:29.555  5219  5307 E CellBroadcastConfigService: exception enabling cell broadcast channels
09-07 21:14:29.555  5219  5307 E CellBroadcastConfigService: java.lang.NullPointerException: Attempt to invoke virtual method 'java.lang.String android.content.ComponentName.getPackageName()' on a null object reference
09-07 21:14:29.555  5219  5307 E CellBroadcastConfigService: 	at android.os.Parcel.readException(Parcel.java:1690)
09-07 21:14:29.555  5219  5307 E CellBroadcastConfigService: 	at android.os.Parcel.readException(Parcel.java:1637)
09-07 21:14:29.555  5219  5307 E CellBroadcastConfigService: 	at com.android.internal.telephony.ISms$Stub$Proxy.isSmsSimPickActivityNeeded(ISms.java:1409)
09-07 21:14:29.555  5219  5307 E CellBroadcastConfigService: 	at android.telephony.SmsManager.getSubscriptionId(SmsManager.java:828)
09-07 21:14:29.555  5219  5307 E CellBroadcastConfigService: 	at android.telephony.SmsManager.enableCellBroadcastRange(SmsManager.java:1098)
09-07 21:14:29.555  5219  5307 E CellBroadcastConfigService: 	at com.android.cellbroadcastreceiver.CellBroadcastConfigService.setCellBroadcastRange(CellBroadcastConfigService.java:387)
09-07 21:14:29.555  5219  5307 E CellBroadcastConfigService: 	at com.android.cellbroadcastreceiver.CellBroadcastConfigService.setCellBroadcastOnSub(CellBroadcastConfigService.java:217)
09-07 21:14:29.555  5219  5307 E CellBroadcastConfigService: 	at com.android.cellbroadcastreceiver.CellBroadcastConfigService.onHandleIntent(CellBroadcastConfigService.java:112)
09-07 21:14:29.555  5219  5307 E CellBroadcastConfigService: 	at android.app.IntentService$ServiceHandler.handleMessage(IntentService.java:68)
09-07 21:14:29.555  5219  5307 E CellBroadcastConfigService: 	at android.os.Handler.dispatchMessage(Handler.java:102)
09-07 21:14:29.555  5219  5307 E CellBroadcastConfigService: 	at android.os.Looper.loop(Looper.java:154)
09-07 21:14:29.555  5219  5307 E CellBroadcastConfigService: 	at android.os.HandlerThread.run(HandlerThread.java:61)
09-07 21:14:29.629  4930  4930 D MccTable: updateMccMncConfiguration mccmnc='72234' fromServiceState=false
09-07 21:14:29.632  4930  4930 D MccTable: updateMccMncConfiguration defaultMccMnc=72234
09-07 21:14:29.632  4930  4930 D MccTable: updateMccMncConfiguration: mcc=722, mnc=34
09-07 21:14:29.632  4930  4930 D MccTable: updateMccMncConfiguration updateConfig config={1.0 722mcc34mnc ?localeList ?layoutDir ?swdp ?wdp ?hdp ?density ?lsize ?long ?orien ?uimode ?night ?touch ?keyb/?/? ?nav/?}
09-07 21:14:29.773  3595  3595 I GnssLocationProvider: WakeLock acquired by sendMessage(12, 0, null)
09-07 21:14:29.780  4930  4930 D MccTable: updateMccMncConfiguration mccmnc='72234' fromServiceState=false
09-07 21:14:29.782  4930  4930 D MccTable: updateMccMncConfiguration defaultMccMnc=72234
09-07 21:14:29.782  4930  4930 D MccTable: updateMccMncConfiguration: mcc=722, mnc=34
09-07 21:14:29.782  4930  4930 D MccTable: updateMccMncConfiguration updateConfig config={1.0 722mcc34mnc ?localeList ?layoutDir ?swdp ?wdp ?hdp ?density ?lsize ?long ?orien ?uimode ?night ?touch ?keyb/?/? ?nav/?}
09-07 21:14:29.799  3164  3164 D gpsd    : WakeLock(Acquire,GPSD)
09-07 21:14:29.799  3164  3164 D gpsd    : WakeLock(Release,GPSD)
09-07 21:14:29.799  3164  3164 D gpsd    : WakeLock(Acquire,GPSD)
09-07 21:14:29.799  3164  3164 D gpsd    : WakeLock(Release,GPSD)
09-07 21:14:29.802  3595  3696 D GnssLocationProvider: GPS configuration:
09-07 21:14:29.802  3595  3696 D GnssLocationProvider:  #Thu Sep 07 21:14:29 GMT-03:00 2017
09-07 21:14:29.802  3595  3696 D GnssLocationProvider: SUPL_VER=0x20000
09-07 21:14:29.802  3595  3696 D GnssLocationProvider: SUPL_PORT=7275
09-07 21:14:29.802  3595  3696 D GnssLocationProvider: XTRA_SERVER_2=http\://gllto2.glpals.com/4day/v4/latest/lto2.dat
09-07 21:14:29.802  3595  3696 D GnssLocationProvider: XTRA_SERVER_1=http\://gllto1.glpals.com/4day/v4/latest/lto2.dat
09-07 21:14:29.802  3595  3696 D GnssLocationProvider: SUPL_HOST=supl.google.com
09-07 21:14:29.802  3595  3696 D GnssLocationProvider: SUPL_MODE=1
09-07 21:14:29.802  3595  3696 D GnssLocationProvider: NTP_SERVER=north-america.pool.ntp.org
09-07 21:14:29.808  3595  3696 I GnssLocationProvider: WakeLock released by handleMessage(12, 0, null)
09-07 21:14:29.809  3164  3164 D gpsd    : WakeLock(Acquire,GPSD)
09-07 21:14:29.810  3164  3164 D gpsd    : WakeLock(Release,GPSD)
09-07 21:14:29.814  3595  3595 I GnssLocationProvider: WakeLock acquired by sendMessage(12, 0, null)
09-07 21:14:29.816  4796  4796 D CarrierText: onSimStateChanged: Normal
09-07 21:14:29.843  3477  3477 W         : eglTerminate 2662: PID Exeption @unknown
09-07 21:14:29.861  3164  3164 D gpsd    : WakeLock(Acquire,GPSD)
09-07 21:14:29.862  3164  3164 D gpsd    : WakeLock(Release,GPSD)
09-07 21:14:29.862  3164  3164 D gpsd    : WakeLock(Acquire,GPSD)
09-07 21:14:29.862  3164  3164 D gpsd    : WakeLock(Release,GPSD)
09-07 21:14:29.864  3595  3696 D GnssLocationProvider: GPS configuration:
09-07 21:14:29.864  3595  3696 D GnssLocationProvider:  #Thu Sep 07 21:14:29 GMT-03:00 2017
09-07 21:14:29.864  3595  3696 D GnssLocationProvider: SUPL_VER=0x20000
09-07 21:14:29.864  3595  3696 D GnssLocationProvider: SUPL_PORT=7275
09-07 21:14:29.864  3595  3696 D GnssLocationProvider: XTRA_SERVER_2=http\://gllto2.glpals.com/4day/v4/latest/lto2.dat
09-07 21:14:29.864  3595  3696 D GnssLocationProvider: XTRA_SERVER_1=http\://gllto1.glpals.com/4day/v4/latest/lto2.dat
09-07 21:14:29.864  3595  3696 D GnssLocationProvider: SUPL_HOST=supl.google.com
09-07 21:14:29.864  3595  3696 D GnssLocationProvider: SUPL_MODE=1
09-07 21:14:29.864  3595  3696 D GnssLocationProvider: NTP_SERVER=north-america.pool.ntp.org
09-07 21:14:29.864  3164  3164 D gpsd    : WakeLock(Acquire,GPSD)
09-07 21:14:29.864  3164  3164 D gpsd    : WakeLock(Release,GPSD)
09-07 21:14:29.865  3595  3696 I GnssLocationProvider: WakeLock released by handleMessage(12, 0, null)
09-07 21:14:29.886  3595  3595 I GnssLocationProvider: WakeLock acquired by sendMessage(12, 0, null)
09-07 21:14:29.888  4796  4796 E SignalClusterView: Unexpected subscription 1
09-07 21:14:29.888  4796  4796 E SignalClusterView: Unexpected subscription 1
09-07 21:14:29.913  3164  3164 D gpsd    : WakeLock(Acquire,GPSD)
09-07 21:14:29.913  3164  3164 D gpsd    : WakeLock(Release,GPSD)
09-07 21:14:29.913  3164  3164 D gpsd    : WakeLock(Acquire,GPSD)
09-07 21:14:29.913  3164  3164 D gpsd    : WakeLock(Release,GPSD)
09-07 21:14:29.923  3595  3696 D GnssLocationProvider: GPS configuration:
09-07 21:14:29.923  3595  3696 D GnssLocationProvider:  #Thu Sep 07 21:14:29 GMT-03:00 2017
09-07 21:14:29.923  3595  3696 D GnssLocationProvider: SUPL_VER=0x20000
09-07 21:14:29.923  3595  3696 D GnssLocationProvider: SUPL_PORT=7275
09-07 21:14:29.923  3595  3696 D GnssLocationProvider: XTRA_SERVER_2=http\://gllto2.glpals.com/4day/v4/latest/lto2.dat
09-07 21:14:29.923  3595  3696 D GnssLocationProvider: XTRA_SERVER_1=http\://gllto1.glpals.com/4day/v4/latest/lto2.dat
09-07 21:14:29.923  3595  3696 D GnssLocationProvider: SUPL_HOST=supl.google.com
09-07 21:14:29.923  3595  3696 D GnssLocationProvider: SUPL_MODE=1
09-07 21:14:29.923  3595  3696 D GnssLocationProvider: NTP_SERVER=north-america.pool.ntp.org
09-07 21:14:29.924  3164  3164 D gpsd    : WakeLock(Acquire,GPSD)
09-07 21:14:29.924  3164  3164 D gpsd    : WakeLock(Release,GPSD)
09-07 21:14:29.925  3595  3696 I GnssLocationProvider: WakeLock released by handleMessage(12, 0, null)
09-07 21:14:29.950  3595  3595 D WifiService: resetting networks because SIM was loaded
09-07 21:14:29.950  3595  4695 D WifiStateMachine: resetting EAP-SIM/AKA/AKA' networks since SIM was changed
09-07 21:14:29.958  4930  4930 D CarrierConfigLoader: update config for phoneId: 0 simState: LOADED
09-07 21:14:29.958  4930  4930 D CarrierSvcBindHelper: update binding for phoneId: 0 simState: LOADED
09-07 21:14:29.976  3164  3164 D gpsd    : WakeLock(Acquire,GPSD)
09-07 21:14:29.976  3164  3164 D gpsd    : WakeLock(Release,GPSD)
09-07 21:14:29.976  3164  3164 D gpsd    : WakeLock(Acquire,GPSD)
09-07 21:14:29.976  3164  3164 D gpsd    : WakeLock(Release,GPSD)
09-07 21:14:29.979  3595  3696 D GnssLocationProvider: GPS configuration:
09-07 21:14:29.979  3595  3696 D GnssLocationProvider:  #Thu Sep 07 21:14:29 GMT-03:00 2017
09-07 21:14:29.979  3595  3696 D GnssLocationProvider: SUPL_VER=0x20000
09-07 21:14:29.979  3595  3696 D GnssLocationProvider: SUPL_PORT=7275
09-07 21:14:29.979  3595  3696 D GnssLocationProvider: XTRA_SERVER_2=http\://gllto2.glpals.com/4day/v4/latest/lto2.dat
09-07 21:14:29.979  3595  3696 D GnssLocationProvider: XTRA_SERVER_1=http\://gllto1.glpals.com/4day/v4/latest/lto2.dat
09-07 21:14:29.979  3595  3696 D GnssLocationProvider: SUPL_HOST=supl.google.com
09-07 21:14:29.979  3595  3696 D GnssLocationProvider: SUPL_MODE=1
09-07 21:14:29.979  3595  3696 D GnssLocationProvider: NTP_SERVER=north-america.pool.ntp.org
09-07 21:14:29.979  3164  3164 D gpsd    : WakeLock(Acquire,GPSD)
09-07 21:14:29.979  3164  3164 D gpsd    : WakeLock(Release,GPSD)
09-07 21:14:30.142  3595  5294 I Telecom : PhoneAccountRegistrar: [ComponentInfo{com.android.phone/com.android.services.telephony.TelephonyConnectionService}, [e0184adedf913b076626646d3f52c3b49c39ad6d], UserHandle{0}(icon: Icon(typ=BITMAP size=67x84) -> Icon(typ=BITMAP size=67x84))]: TSI.rPA@AB8
09-07 21:14:30.151  3595  5294 I Telecom : : Sending phone-account registered intent as user: TSI.rPA@AB8
09-07 21:14:30.172  4930  4930 I Telephony: PstnIncomingCallNotifier: Unregistering: Handler (com.android.internal.telephony.GsmCdmaPhone) {58a1727}
09-07 21:14:30.173  4930  4930 W Telephony: TelecomAccountRegistry: Failed to get status , slotId: 0 Exception: java.lang.NullPointerException: Attempt to invoke interface method 'int org.codeaurora.internal.IExtTelephony.getCurrentUiccCardProvisioningStatus(int)' on a null object reference
09-07 21:14:30.190  3169  3169 E         : Unable to unlink boot marker at /data//dalvik-cache/arm64/.booting, error=No such file or directory
09-07 21:14:30.191  3595  3704 W ActivityManager: Unable to mark boot complete for abi: arm64-v8a (Failed to execute markbootcomplete [arm64]: -1)
09-07 21:14:30.192  3169  3169 E         : Unable to unlink boot marker at /data//dalvik-cache/arm/.booting, error=No such file or directory
09-07 21:14:30.193  3595  3704 W ActivityManager: Unable to mark boot complete for abi: armeabi-v7a (Failed to execute markbootcomplete [arm]: -1)
09-07 21:14:30.196  3595  3704 I SystemServiceManager: Starting phase 1000
09-07 21:14:30.232  3595  5292 I Telecom : PhoneAccountRegistrar: New phone account registered: [[ ] PhoneAccount: ComponentInfo{com.android.phone/com.android.services.telephony.TelephonyConnectionService}, [2628372b20c6b31a61c46f7f5a9328dbf0edaed6], UserHandle{0} Capabilities: CallProvider MultiUser PlaceEmerg SimSub  Audio Routes: BESW Schemes: tel voicemail  Extras: null GroupId: [da39a3ee5e6b4b0d3255bfef95601890afd80709]]: TSI.rPA@ACA
09-07 21:14:30.251  3595  5292 I Telecom : : Sending phone-account registered intent as user: TSI.rPA@ACA
09-07 21:14:30.254  4930  4930 I Telephony: AccountEntry: Registered phoneAccount: [[ ] PhoneAccount: ComponentInfo{com.android.phone/com.android.services.telephony.TelephonyConnectionService}, [2628372b20c6b31a61c46f7f5a9328dbf0edaed6], UserHandle{0} Capabilities: CallProvider MultiUser PlaceEmerg SimSub  Audio Routes: BESW Schemes: tel voicemail  Extras: null GroupId: [da39a3ee5e6b4b0d3255bfef95601890afd80709]] with handle: ComponentInfo{com.android.phone/com.android.services.telephony.TelephonyConnectionService}, [2628372b20c6b31a61c46f7f5a9328dbf0edaed6], UserHandle{0}
09-07 21:14:30.255  4930  4930 I Telephony: PstnIncomingCallNotifier: Registering: Handler (com.android.internal.telephony.GsmCdmaPhone) {58a1727}
09-07 21:14:30.256  4930  4930 W Telephony: TelecomAccountRegistry: Failed to get status , slotId: 1 Exception: java.lang.NullPointerException: Attempt to invoke interface method 'int org.codeaurora.internal.IExtTelephony.getCurrentUiccCardProvisioningStatus(int)' on a null object reference
09-07 21:14:30.271  3076  3076 W auditd  : type=1325 audit(0.0:219): table=filter family=2 entries=100
09-07 21:14:30.271  3076  3076 W auditd  : type=1320 audit(0.0:219): 
09-07 21:14:30.280  4930  4930 I Telephony: TelecomAccountRegistry: Unregistering phone account ComponentInfo{com.android.phone/com.android.services.telephony.TelephonyConnectionService}, [e0184adedf913b076626646d3f52c3b49c39ad6d], UserHandle{0}.
09-07 21:14:30.283  3076  3076 W auditd  : type=1325 audit(0.0:220): table=filter family=10 entries=111
09-07 21:14:30.283  3076  3076 W auditd  : type=1320 audit(0.0:220): 
09-07 21:14:30.296  3595  5294 I Telecom : : Sending phone-account unregistered intent as user: TSI.uPA@ACI
09-07 21:14:30.299  3076  3076 W auditd  : type=1325 audit(0.0:221): table=filter family=2 entries=99
09-07 21:14:30.299  3076  3076 W auditd  : type=1320 audit(0.0:221): 
09-07 21:14:30.316  3595  3694 I Telecom : PhoneAccountRegistrar: getUserSelVoicePhoneAccount, voice subId = 1: TSI.gUSOPA@ACM
09-07 21:14:30.318  3595  3694 W Telecom : PhoneAccountRegistrar: getUserSelectedVoicePhoneAccount, accountHandle ID = 89543420816751226808: TSI.gUSOPA@ACM
09-07 21:14:30.319  3076  3076 W auditd  : type=1325 audit(0.0:222): table=filter family=10 entries=110
09-07 21:14:30.319  3076  3076 W auditd  : type=1320 audit(0.0:222): 
09-07 21:14:30.397  3595  3704 I ActivityManager: Start proc 5328:android.ext.services/u0a12 for on-hold
09-07 21:14:30.399  3595  3704 D ActivityManager: Finishing user boot 0
09-07 21:14:30.404  3595  3704 D CryptdConnector: SND -> {3 cryptfs prepare_user_storage ! 0 0 2}
09-07 21:14:30.408  3068  3134 D vold    : e4crypt_prepare_user_storage for volume null, user 0, serial 0, flags 2
09-07 21:14:30.408  3068  3134 D vold    : Preparing: /data/system_ce/0
09-07 21:14:30.409  3068  3134 D vold    : Preparing: /data/misc_ce/0
09-07 21:14:30.409  3068  3134 D vold    : Preparing: /data/media/0
09-07 21:14:30.409  3068  3134 D vold    : Preparing: /data/data
09-07 21:14:30.410  3595  4053 D CryptdConnector: RCV <- {200 3 Command succeeded}
09-07 21:14:30.414  3595  3704 V UserManagerService: Found /data/user/0 with serial number 0
09-07 21:14:30.415  3595  3704 V UserManagerService: Found /data/system_ce/0 with serial number -1
09-07 21:14:30.415  3595  3704 D UserManagerService: Serial number missing on /data/system_ce/0; assuming current is valid
09-07 21:14:30.416  5334  5334 I bootstat: Service started: /system/bin/bootstat --record_boot_complete 
09-07 21:14:30.417  3595  3704 V PackageManager: reconcileAppsData for null u0 0x2
09-07 21:14:30.417  5334  5334 E bootstat: Failed to read /data/misc/bootstat/last_boot_time_utc: No such file or directory
09-07 21:14:30.417  5334  5334 E bootstat: Failed to parse boot time record: /data/misc/bootstat/last_boot_time_utc
09-07 21:14:30.418  5334  5334 E bootstat: Failed to read /data/misc/bootstat/build_date: No such file or directory
09-07 21:14:30.418  5334  5334 E bootstat: Failed to parse boot time record: /data/misc/bootstat/build_date
09-07 21:14:30.418  3147  3182 D PermissionCache: checking android.permission.HARDWARE_TEST for uid=1000 => granted (369 us)
09-07 21:14:30.419  5334  5334 E bootstat: Failed to read /data/misc/bootstat/post_decrypt_time_elapsed: No such file or directory
09-07 21:14:30.419  5334  5334 E bootstat: Failed to parse boot time record: /data/misc/bootstat/post_decrypt_time_elapsed
09-07 21:14:30.433  5342  5342 I bootstat: Service started: /system/bin/bootstat --record_boot_reason 
09-07 21:14:30.433  5342  5342 I bootstat: Unknown boot reason: 
09-07 21:14:30.451  5344  5344 I bootstat: Service started: /system/bin/bootstat --record_time_since_factory_reset 
09-07 21:14:30.451  5344  5344 I bootstat: Logging histogram: factory_reset_current_time 1504829670
09-07 21:14:30.452  5344  5344 E bootstat: Failed to read /data/misc/bootstat/factory_reset: No such file or directory
09-07 21:14:30.452  5344  5344 E bootstat: Failed to parse boot time record: /data/misc/bootstat/factory_reset
09-07 21:14:30.464  5345  5345 I bootstat: Service started: /system/bin/bootstat -l 
09-07 21:14:30.464  5345  5345 I bootstat: Logging histogram: bootstat_mtime_matches_content 1
09-07 21:14:30.465  5345  5345 I bootstat: Logging histogram: bootstat_mtime_matches_content 1
09-07 21:14:30.465  5345  5345 I bootstat: Logging histogram: bootstat_mtime_matches_content 1
09-07 21:14:30.465  5345  5345 I bootstat: Logging histogram: bootstat_mtime_matches_content 1
09-07 21:14:30.466  5345  5345 I bootstat: Logging histogram: bootstat_mtime_matches_content 1
09-07 21:14:30.466  5345  5345 I bootstat: Logging histogram: bootstat_mtime_matches_content 1
09-07 21:14:30.466  5345  5345 I bootstat: Logging histogram: bootstat_mtime_matches_content 1
09-07 21:14:30.466  5345  5345 I bootstat: Logging histogram: last_boot_time_utc 1504829670
09-07 21:14:30.466  5345  5345 I bootstat: Logging histogram: build_date 1504825373
09-07 21:14:30.466  5345  5345 I bootstat: Logging histogram: ota_boot_complete_no_encryption 47
09-07 21:14:30.466  5345  5345 I bootstat: Logging histogram: ota_boot_complete 47
09-07 21:14:30.466  5345  5345 I bootstat: Logging histogram: boot_reason 1
09-07 21:14:30.466  5345  5345 I bootstat: Logging histogram: factory_reset_current_time 1504829670
09-07 21:14:30.466  5345  5345 I bootstat: Logging histogram: factory_reset 1504829670
09-07 21:14:30.602  3595  3704 V PackageManager: reconcileAppsData finished 93 packages
09-07 21:14:30.603  3595  3704 D WindowManager: Sending cover change broadcast, mLidState=-1
09-07 21:14:30.603  3595  4962 W art     : Long monitor contention with owner android.display (3704) at void com.android.server.am.ActivityManagerService.finishBooting()(ActivityManagerService.java:7041) waiters=0 in int com.android.server.am.ActivityManagerService.broadcastIntent(android.app.IApplicationThread, android.content.Intent, java.lang.String, android.content.IIntentReceiver, int, java.lang.String, android.os.Bundle, java.lang.String[], int, android.os.Bundle, boolean, boolean, int) for 206ms
09-07 21:14:30.603  3595  3697 W art     : Long monitor contention with owner android.display (3704) at void com.android.server.am.ActivityManagerService.finishBooting()(ActivityManagerService.java:7041) waiters=1 in void com.android.server.am.BroadcastQueue.processNextBroadcast(boolean) for 203ms
09-07 21:14:30.608  3595  3697 D BluetoothManagerService: User 0 unlocked
09-07 21:14:30.609  3595  3703 D BluetoothManagerService: MESSAGE_USER_UNLOCKED
09-07 21:14:30.615  3595  3697 D MountService: onUnlockUser 0
09-07 21:14:30.617  3595  3697 D VoldConnector: SND -> {34 volume user_started 0}
09-07 21:14:30.621  3068  3133 D vold    : Linking /storage/emulated/0 to /mnt/user/0/primary
09-07 21:14:30.622  3595  4052 D VoldConnector: RCV <- {200 34 Command succeeded}
09-07 21:14:30.628  3595  4962 W ContextImpl: Calling a method in the system process without a qualified user: android.app.ContextImpl.sendBroadcast:877 android.content.ContextWrapper.sendBroadcast:421 com.android.server.telecom.PhoneAccountRegistrar.fireDefaultOutgoingChanged:753 com.android.server.telecom.PhoneAccountRegistrar.setUserSelectedOutgoingPhoneAccount:369 com.android.server.telecom.TelecomServiceImpl$1.setUserSelectedOutgoingPhoneAccount:164 
09-07 21:14:30.638  3595  4050 D MountService: Volume emulated broadcasting mounted to UserHandle{0}
09-07 21:14:30.641  3164  3164 D gpsd    : WakeLock(Acquire,GPSD)
09-07 21:14:30.641  3164  3164 D gpsd    : WakeLock(Release,GPSD)
09-07 21:14:30.641  3164  3164 D gpsd    : WakeLock(Acquire,GPSD)
09-07 21:14:30.641  3164  3164 D gpsd    : WakeLock(Release,GPSD)
09-07 21:14:30.648  3595  3595 I InputMethodManagerService: All the enabled IMEs are gone. Reset default enabled IMEs.
09-07 21:14:30.670  5328  5328 W System  : ClassLoader referenced unknown path: /system/priv-app/ExtServices/lib/arm64
09-07 21:14:30.675  3595  3697 V BackupManagerService: No ancestral data
09-07 21:14:30.685  5347  5347 V lhd     : GlLhdInterface::Init(/system/etc/lhd.conf)
09-07 21:14:30.685  5347  5347 E lhd     : SetCfgValue: Critical Error. Unknown configuration parameter "FlpName"="tcp"
09-07 21:14:30.685  5347  5347 V lhd     : SetCfgValue: LHD config "LheSerialControl"="BBD:Serial=TTY"
09-07 21:14:30.685  5347  5347 E lhd     : SetCfgValue: Critical Error. Unknown configuration parameter "LheClockMHz"="100"
09-07 21:14:30.685  5347  5347 V lhd     : SetCfgValue: LHD config "LhePatch"="/dev/bbd_patch"
09-07 21:14:30.685  5347  5347 V lhd     : SetCfgValue: LHD config "LheMaxMcuResetTries"="4"
09-07 21:14:30.685  5347  5347 V lhd     : SetCfgValue: LHD config "LheBbdPacket"="/dev/ttyBCM"
09-07 21:14:30.685  5347  5347 V lhd     : SetCfgValue: LHD config "LheBbdControl"="/dev/bbd_control"
09-07 21:14:30.685  5347  5347 V lhd     : SetCfgValue: LHD config "LheBbdSensor"="/dev/bbd_sensor"
09-07 21:14:30.685  5347  5347 V lhd     : SetCfgValue: LHD config "Lhe477xDebugFlags"="RPC:FACILITY=33:STDOUT_PUTS:STDOUT_LOG"
09-07 21:14:30.685  5347  5347 E lhd     : SetCfgValue: Critical Error. Unknown configuration parameter "LheSensorIpc"="true"
09-07 21:14:30.685  5347  5347 E lhd     : SetCfgValue: Critical Error. Unknown configuration parameter "LhePinMux"="P17=M1"
09-07 21:14:30.685  5347  5347 V lhd     : SetCfgValue: LHD config "LheAutoBaudDelayMS"="10"
09-07 21:14:30.685  5347  5347 V lhd     : SetCfgValue: LHD config "LheMaxMcuResetTries"="3"
09-07 21:14:30.685  5347  5347 E lhd     : OpenFirmwareFile: Fail to open /efs/sec_efs/sensorhub_urgent_fw.patch, errno 2
09-07 21:14:30.686  5347  5347 E lhd     : getCustPatchVersion: Fail to parse patch /efs/sec_efs/sensorhub_urgent_fw.patch
09-07 21:14:30.686  5347  5347 E lhd     : getCustPatchVersion: <CustomerVersion> not found
09-07 21:14:30.683  5328  5328 I id.ext.services: type=1400 audit(0.0:223): avc: denied { write } for name="android.ext.services" dev="sda24" ino=3121208 scontext=u:r:platform_app:s0:c512,c768 tcontext=u:object_r:system_data_file:s0 tclass=dir permissive=1
09-07 21:14:30.683  5328  5328 I id.ext.services: type=1400 audit(0.0:223): avc: denied { add_name } for name="cache" scontext=u:r:platform_app:s0:c512,c768 tcontext=u:object_r:system_data_file:s0 tclass=dir permissive=1
09-07 21:14:30.683  5328  5328 I id.ext.services: type=1400 audit(0.0:223): avc: denied { create } for name="cache" scontext=u:r:platform_app:s0:c512,c768 tcontext=u:object_r:system_data_file:s0:c512,c768 tclass=dir permissive=1
09-07 21:14:30.683  5328  5328 W id.ext.services: type=1300 audit(0.0:223): arch=c00000b7 syscall=34 success=yes exit=0 a0=ffffff9c a1=7f90421ae0 a2=1f9 a3=7f9c14f514 items=0 ppid=3165 auid=4294967295 uid=10012 gid=10012 euid=10012 suid=10012 fsuid=10012 egid=10012 sgid=10012 fsgid=10012 tty=(none) ses=4294967295 exe="/system/bin/app_process64" subj=u:r:platform_app:s0:c512,c768 key=(null)
09-07 21:14:30.683  3076  3076 W auditd  : type=1327 audit(0.0:223): proctitle="android.ext.services"
09-07 21:14:30.683  3076  3076 W auditd  : type=1320 audit(0.0:223): 
09-07 21:14:30.683  5328  5328 I id.ext.services: type=1400 audit(0.0:224): avc: denied { setattr } for name="cache" dev="sda24" ino=3121295 scontext=u:r:platform_app:s0:c512,c768 tcontext=u:object_r:system_data_file:s0:c512,c768 tclass=dir permissive=1
09-07 21:14:30.683  5328  5328 W id.ext.services: type=1300 audit(0.0:224): arch=c00000b7 syscall=53 success=yes exit=0 a0=ffffff9c a1=7f90421ae0 a2=1f9 a3=0 items=0 ppid=3165 auid=4294967295 uid=10012 gid=10012 euid=10012 suid=10012 fsuid=10012 egid=10012 sgid=10012 fsgid=10012 tty=(none) ses=4294967295 exe="/system/bin/app_process64" subj=u:r:platform_app:s0:c512,c768 key=(null)
09-07 21:14:30.683  3076  3076 W auditd  : type=1327 audit(0.0:224): proctitle="android.ext.services"
09-07 21:14:30.683  3076  3076 W auditd  : type=1320 audit(0.0:224): 
09-07 21:14:30.692  4930  4930 D TelephonyProvider: subIdString = 1 subId = 1
09-07 21:14:30.698  4930  4930 D TelephonyProvider: getPreferredApnIdFromApn: for subId 1
09-07 21:14:30.707  4930  4930 D TelephonyProvider: Preferred APN: -1
09-07 21:14:30.726  3595  3697 V BackupManagerService: Starting with transport com.google.android.gms/.backup.BackupTransportService
09-07 21:14:30.726  3595  3697 V BackupManagerService: Found transports: 1
09-07 21:14:30.729  3595  3697 I BackupManagerService: Backup enable apparently not migrated
09-07 21:14:30.730  3595  3697 I BackupManagerService: Migrating enable state false
09-07 21:14:30.731  3595  3697 I BackupManagerService: Backup enabled => false
09-07 21:14:30.744  3595  5348 V KeyValueBackupJob: Scheduling k/v pass in 247 minutes
09-07 21:14:30.745  3164  3164 D gpsd    : WakeLock(Acquire,GPSD)
09-07 21:14:30.745  3164  3164 D gpsd    : WakeLock(Release,GPSD)
09-07 21:14:30.745  3164  3164 D gpsd    : WakeLock(Acquire,GPSD)
09-07 21:14:30.745  3164  3164 D gpsd    : WakeLock(Release,GPSD)
09-07 21:14:30.749  3595  3696 W Searchables: No global search activity found
09-07 21:14:30.750  5347  5347 D lhd     : OnIpcConnect
09-07 21:14:30.762  3595  3697 W AppWidgetServiceImpl: Failed to read state: java.io.FileNotFoundException: /data/system/users/0/appwidgets.xml (No such file or directory)
09-07 21:14:30.762  3595  3697 V AppWidgetServiceImpl: Upgrading widget database from 0 to 1
09-07 21:14:30.764  3595  3697 W VoiceInteractionManagerService: no available voice interaction services found for user 0
09-07 21:14:30.764  3595  3697 W VoiceInteractionManagerService: no available voice recognition services found for user 0
09-07 21:14:30.765  3595  3697 I BrokerableCMSystemService: Connecting to implementation
09-07 21:14:30.765  3595  3697 W ContextImpl: Calling a method in the system process without a qualified user: android.app.ContextImpl.bindService:1421 org.cyanogenmod.platform.internal.BrokerableCMSystemService.tryConnecting:199 org.cyanogenmod.platform.internal.WeatherManagerServiceBroker.onUnlockUser:97 com.android.server.SystemServiceManager.unlockUser:179 com.android.server.am.ActivityManagerService$MainHandler.handleMessage:2067 
09-07 21:14:30.779  3595  3697 I ActivityManager: Start proc 5354:org.cyanogenmod.weatherservice/u0a30 for service org.cyanogenmod.weatherservice/.WeatherManagerService
09-07 21:14:30.779  3595  3697 I ActivityManager: Loading recents for user 0 into memory.
09-07 21:14:30.838  3595  3697 I ActivityManager: Start proc 5368:org.cyanogenmod.audiofx/u0a3 for added application org.cyanogenmod.audiofx
09-07 21:14:30.842  3595  5353 W ResourceType: No known package when getting value for resource number 0x7f020125
09-07 21:14:30.842  3595  5353 W ResourceType: No known package when getting value for resource number 0x7f0c050a
09-07 21:14:30.844  3595  5353 W ResourceType: No known package when getting value for resource number 0x7f020124
09-07 21:14:30.844  3595  5353 W ResourceType: No known package when getting value for resource number 0x7f0c0a9b
09-07 21:14:30.844  3595  5353 W ResourceType: No known package when getting value for resource number 0x7f020123
09-07 21:14:30.844  3595  5353 W ResourceType: No known package when getting value for resource number 0x7f0c0955
09-07 21:14:30.849  3595  5353 W ResourceType: No known package when getting value for resource number 0x7f020078
09-07 21:14:30.849  3595  5353 W ResourceType: No known package when getting value for resource number 0x7f0d006d
09-07 21:14:30.849  3595  5353 W ResourceType: No known package when getting value for resource number 0x7f0d006d
09-07 21:14:30.857  3595  3697 I ActivityManager: Start proc 5381:com.android.nfc/1027 for added application com.android.nfc
09-07 21:14:30.887  3595  3697 V ActivityManager: Installing ContentProviderInfo{name=com.android.deskclock.worldclock.db className=com.android.deskclock.worldclock.db.DbCityProvider}
09-07 21:14:30.891  3595  3697 I PreBootBroadcaster: Pre-boot of {com.android.managedprovisioning/com.android.managedprovisioning.PreBootListener} for user 0
09-07 21:14:30.901  3595  5353 W ResourceType: No known package when getting value for resource number 0x7f020022
09-07 21:14:30.901  3595  5353 W ResourceType: No known package when getting value for resource number 0x7f0b01f7
09-07 21:14:30.927  5354  5354 W System  : ClassLoader referenced unknown path: /system/priv-app/WeatherManagerService/lib/arm64
09-07 21:14:30.935  3595  3696 I ActivityManager: Start proc 5396:com.android.printspooler/u0a58 for service com.android.printspooler/.model.PrintSpoolerService
09-07 21:14:30.940  5368  5368 W System  : ClassLoader referenced unknown path: /system/priv-app/AudioFX/lib/arm64
09-07 21:14:30.947  5354  5354 I .weatherservice: type=1400 audit(0.0:225): avc: denied { write } for name="org.cyanogenmod.weatherservice" dev="sda24" ino=3121245 scontext=u:r:priv_app:s0:c512,c768 tcontext=u:object_r:system_data_file:s0 tclass=dir permissive=1
09-07 21:14:30.947  5354  5354 I .weatherservice: type=1400 audit(0.0:225): avc: denied { add_name } for name="code_cache" scontext=u:r:priv_app:s0:c512,c768 tcontext=u:object_r:system_data_file:s0 tclass=dir permissive=1
09-07 21:14:30.973  4985  4985 D FallbackHome: User unlocked and real home found; let's go!
09-07 21:14:30.974  3595  3698 I ActivityManager: Config changes=20 {1.0 722mcc34mnc [en_US] ldltr sw411dp w411dp h773dp 560dpi nrml long port finger -keyb/v/h -nav/h s.7}
09-07 21:14:31.064  3595  3704 I WindowManager: Screen frozen for +55ms due to Window{4691045 u0 com.android.settings/com.android.settings.FallbackHome}
09-07 21:14:31.084  4985  4985 I art     : Starting a blocking GC Explicit
09-07 21:14:31.119  4985  4985 I art     : Explicit concurrent mark sweep GC freed 3910(334KB) AllocSpace objects, 0(0B) LOS objects, 39% free, 6MB/11MB, paused 78us total 34.746ms
09-07 21:14:31.124  4985  4985 I art     : Starting a blocking GC Explicit
09-07 21:14:31.133  3595  3595 I AccountManagerService: User 0 is unlocked - opening CE database
09-07 21:14:31.140  5381  5381 I NfcService: Starting NFC service
09-07 21:14:31.142  4985  4985 I art     : Explicit concurrent mark sweep GC freed 748(38KB) AllocSpace objects, 0(0B) LOS objects, 40% free, 6MB/11MB, paused 49us total 17.286ms
09-07 21:14:31.151  5381  5381 D BrcmNfcJni: JNI_OnLoad: enter
09-07 21:14:31.151  5381  5381 I BrcmNfcJni: NFC Service: loading nci JNI
09-07 21:14:31.151  5381  5381 D BrcmNfcJni: register_com_android_nfc_NativeNfcManager: enter
09-07 21:14:31.151  5381  5381 D BrcmNfcJni: PowerSwitch::initialize: level=PS-UNKNOWN (0)
09-07 21:14:31.154  5381  5381 D NfcAdaptation: bool CNfcConfig::readConfig(const char *, bool) Opened base config /etc/libnfc-brcm.conf
09-07 21:14:31.162  5381  5381 D NfcAdaptation: const CNfcParam *CNfcConfig::find(const char *) const found SCREEN_OFF_POWER_STATE=(0x3)
09-07 21:14:31.162  5381  5381 D BrcmNfcJni: PowerSwitch::initialize: desired screen-off state=3
09-07 21:14:31.162  5381  5381 D BrcmNfcJni: register_com_android_nfc_NativeNfcManager: exit
09-07 21:14:31.162  5381  5381 D BrcmNfcJni: register_com_android_nfc_NativeNfcTag
09-07 21:14:31.162  5381  5381 D NfcAdaptation: const CNfcParam *CNfcConfig::find(const char *) const found ACTIVE_SE=(0x2)
09-07 21:14:31.162  5381  5381 D BrcmNfcJni: RoutingManager::RoutingManager(): Active SE for Nfc-F is 0x00
09-07 21:14:31.162  5381  5381 D NfcAdaptation: const CNfcParam *CNfcConfig::find(const char *) const found DEFAULT_ISODEP_ROUTE=(0x3)
09-07 21:14:31.162  5381  5381 D BrcmNfcJni: RoutingManager::RoutingManager(): default route is 0x03
09-07 21:14:31.162  5381  5381 D BrcmNfcJni: RoutingManager::RoutingManager(): default route for Nfc-F is 0x00
09-07 21:14:31.162  5381  5381 D NfcAdaptation: const CNfcParam *CNfcConfig::find(const char *) const found AID_MATCHING_MODE=(0x1)
09-07 21:14:31.162  5381  5381 D BrcmNfcJni: RoutingManager::RoutingManager(): mOffHostEe=0xF4
09-07 21:14:31.162  5381  5381 D BrcmNfcJni: RoutingManager::registerJniFunctions
09-07 21:14:31.162  5381  5381 D BrcmNfcJni: JNI_OnLoad: exit
09-07 21:14:31.162  5381  5381 D BrcmNfcJni: nfcManager_initNativeStruc: enter
09-07 21:14:31.164  5381  5381 D BrcmNfcJni: nfcManager_initNativeStruc: exit
09-07 21:14:31.167  5381  5381 W Settings: Setting device_provisioned has moved from android.provider.Settings.Secure to android.provider.Settings.Global.
09-07 21:14:31.183  3595  5170 I ActivityManager: Start proc 5418:com.android.keychain/1000 for service com.android.keychain/.KeyChainService
09-07 21:14:31.203  3595  3595 I AccountManagerService: Creating CE database /data/system_ce/0/accounts_ce.db
09-07 21:14:31.210  4796  4801 I art     : Do partial code cache collection, code=485KB, data=391KB
09-07 21:14:31.211  4796  4801 I art     : After code cache collection, code=484KB, data=391KB
09-07 21:14:31.211  4796  4801 I art     : Increasing code cache capacity to 2MB
09-07 21:14:31.228  4985  4985 D FallbackHome: User unlocked and real home found; let's go!
09-07 21:14:31.236  3595  5292 W ActivityManager: Finishing task with all activities already finished
09-07 21:14:31.236  3595  5292 W ActivityManager: Duplicate finish request for ActivityRecord{fe7016c u0 com.android.settings/.FallbackHome t2 f}
09-07 21:14:31.288  3595  3694 I ActivityManager: START u0 {act=android.intent.action.MAIN cat=[android.intent.category.HOME] flg=0x10000100 cmp=com.cyanogenmod.setupwizard/.SetupWizardActivity} from uid 0 on display 0
09-07 21:14:31.293  5418  5418 W System  : ClassLoader referenced unknown path: /system/app/KeyChain/lib/arm64
09-07 21:14:31.296  5381  5381 I NfceeAccess: read 5 signature(s) for NFCEE access
09-07 21:14:31.311  5418  5418 I ndroid.keychain: type=1400 audit(0.0:233): avc: denied { write } for name="com.android.keychain" dev="sda24" ino=3121203 scontext=u:r:system_app:s0 tcontext=u:object_r:system_data_file:s0 tclass=dir permissive=1
09-07 21:14:31.311  5418  5418 I ndroid.keychain: type=1400 audit(0.0:233): avc: denied { add_name } for name="code_cache" scontext=u:r:system_app:s0 tcontext=u:object_r:system_data_file:s0 tclass=dir permissive=1
09-07 21:14:31.311  5418  5418 I ndroid.keychain: type=1400 audit(0.0:233): avc: denied { create } for name="code_cache" scontext=u:r:system_app:s0 tcontext=u:object_r:system_data_file:s0 tclass=dir permissive=1
09-07 21:14:31.311  5418  5418 W ndroid.keychain: type=1300 audit(0.0:233): arch=c00000b7 syscall=34 success=yes exit=0 a0=ffffff9c a1=7f904214b0 a2=1f9 a3=7f9c14f514 items=0 ppid=3165 auid=4294967295 uid=1000 gid=1000 euid=1000 suid=1000 fsuid=1000 egid=1000 sgid=1000 fsgid=1000 tty=(none) ses=4294967295 exe="/system/bin/app_process64" subj=u:r:system_app:s0 key=(null)
09-07 21:14:31.311  3076  3076 W auditd  : type=1327 audit(0.0:233): proctitle="com.android.keychain"
09-07 21:14:31.311  3076  3076 W auditd  : type=1320 audit(0.0:233): 
09-07 21:14:31.315  5418  5418 I ndroid.keychain: type=1400 audit(0.0:234): avc: denied { setattr } for name="code_cache" dev="sda24" ino=3121310 scontext=u:r:system_app:s0 tcontext=u:object_r:system_data_file:s0 tclass=dir permissive=1
09-07 21:14:31.315  5418  5418 W ndroid.keychain: type=1300 audit(0.0:234): arch=c00000b7 syscall=53 success=yes exit=0 a0=ffffff9c a1=7f904214b0 a2=1f9 a3=0 items=0 ppid=3165 auid=4294967295 uid=1000 gid=1000 euid=1000 suid=1000 fsuid=1000 egid=1000 sgid=1000 fsgid=1000 tty=(none) ses=4294967295 exe="/system/bin/app_process64" subj=u:r:system_app:s0 key=(null)
09-07 21:14:31.315  3076  3076 W auditd  : type=1327 audit(0.0:234): proctitle="com.android.keychain"
09-07 21:14:31.315  3076  3076 W auditd  : type=1320 audit(0.0:234): 
09-07 21:14:31.329  3595  3694 I ActivityManager: Start proc 5435:com.cyanogenmod.setupwizard/1000 for activity com.cyanogenmod.setupwizard/.SetupWizardActivity
09-07 21:14:31.332  3595  3595 V BackupManagerService: Connected to transport ComponentInfo{android/com.android.internal.backup.LocalTransportService}
09-07 21:14:31.332  3595  3595 V BackupManagerService: Registering transport android/com.android.internal.backup.LocalTransportService::android/com.android.internal.backup.LocalTransport = android.app.backup.BackupTransport$TransportImpl@87e91a7
09-07 21:14:31.344  3595  3595 I BrokerableCMSystemService: Implementation service connected
09-07 21:14:31.449  3595  5293 W ActivityManager: Slow operation: 64ms so far, now at attachApplicationLocked: before bindApplication
09-07 21:14:31.449  3595  5293 W ActivityManager: Slow operation: 64ms so far, now at attachApplicationLocked: immediately before bindApplication
09-07 21:14:31.453  3595  5293 W ActivityManager: Slow operation: 69ms so far, now at attachApplicationLocked: immediately after bindApplication
09-07 21:14:31.454  3595  5293 W ActivityManager: Slow operation: 69ms so far, now at attachApplicationLocked: after updateLruProcessLocked
09-07 21:14:31.477  3595  5293 W ActivityManager: Slow operation: 92ms so far, now at attachApplicationLocked: after mServices.attachApplicationLocked
09-07 21:14:31.506  5435  5435 W System  : ClassLoader referenced unknown path: /system/priv-app/LineageSetupWizard/lib/arm64
09-07 21:14:31.511  4930  4930 I m.android.phone: type=1400 audit(0.0:235): avc: denied { lock } for path="/data/user_de/0/com.android.providers.telephony/databases/telephony.db" dev="sda24" ino=3121268 scontext=u:r:radio:s0 tcontext=u:object_r:system_data_file:s0 tclass=file permissive=1
09-07 21:14:31.511  4930  4930 W m.android.phone: type=1300 audit(0.0:235): arch=c00000b7 syscall=25 success=yes exit=0 a0=24 a1=6 a2=7fe4ca50e8 a3=0 items=0 ppid=3165 auid=4294967295 uid=1001 gid=1001 euid=1001 suid=1001 fsuid=1001 egid=1001 sgid=1001 fsgid=1001 tty=(none) ses=4294967295 exe="/system/bin/app_process64" subj=u:r:radio:s0 key=(null)
09-07 21:14:31.511  3076  3076 W auditd  : type=1327 audit(0.0:235): proctitle="com.android.phone"
09-07 21:14:31.511  3076  3076 W auditd  : type=1320 audit(0.0:235): 
09-07 21:14:31.534  5381  5381 D RegisteredT3tIdentifiersCache: RegisteredT3tIdentifiersCache
09-07 21:14:31.545  5381  5387 I art     : Do partial code cache collection, code=28KB, data=22KB
09-07 21:14:31.546  5381  5387 I art     : After code cache collection, code=21KB, data=19KB
09-07 21:14:31.546  5381  5387 I art     : Increasing code cache capacity to 128KB
09-07 21:14:31.555  4930  4930 I m.android.phone: type=1400 audit(0.0:236): avc: denied { write } for name="telephony.db-journal" dev="sda24" ino=3121279 scontext=u:r:radio:s0 tcontext=u:object_r:system_data_file:s0 tclass=file permissive=1
09-07 21:14:31.555  4930  4930 W m.android.phone: type=1300 audit(0.0:236): arch=c00000b7 syscall=56 success=yes exit=82 a0=ffffff9c a1=7f91dcff08 a2=a0042 a3=1b0 items=0 ppid=3165 auid=4294967295 uid=1001 gid=1001 euid=1001 suid=1001 fsuid=1001 egid=1001 sgid=1001 fsgid=1001 tty=(none) ses=4294967295 exe="/system/bin/app_process64" subj=u:r:radio:s0 key=(null)
09-07 21:14:31.555  3076  3076 W auditd  : type=1327 audit(0.0:236): proctitle="com.android.phone"
09-07 21:14:31.555  3076  3076 W auditd  : type=1320 audit(0.0:236): 
09-07 21:14:31.572  3595  3595 I GnssLocationProvider: WakeLock acquired by sendMessage(12, 0, null)
09-07 21:14:31.587  5381  5381 D RegisteredServicesCache: Dynamic AIDs file does not exist.
09-07 21:14:31.594  5381  5381 D RegisteredNfcFServicesCache: Dynamic System Code, NFCID2 file does not exist.
09-07 21:14:31.599  5381  5381 D RegisteredNfcFServicesCache: Service unchanged, not updating
09-07 21:14:31.599  3164  3164 D gpsd    : WakeLock(Acquire,GPSD)
09-07 21:14:31.600  3164  3164 D gpsd    : WakeLock(Release,GPSD)
09-07 21:14:31.600  3164  3164 D gpsd    : WakeLock(Acquire,GPSD)
09-07 21:14:31.600  3164  3164 D gpsd    : WakeLock(Release,GPSD)
09-07 21:14:31.600  3595  3696 D GnssLocationProvider: GPS configuration:
09-07 21:14:31.600  3595  3696 D GnssLocationProvider:  #Thu Sep 07 21:14:31 GMT-03:00 2017
09-07 21:14:31.600  3595  3696 D GnssLocationProvider: SUPL_VER=0x20000
09-07 21:14:31.600  3595  3696 D GnssLocationProvider: SUPL_PORT=7275
09-07 21:14:31.600  3595  3696 D GnssLocationProvider: XTRA_SERVER_2=http\://gllto2.glpals.com/4day/v4/latest/lto2.dat
09-07 21:14:31.600  3595  3696 D GnssLocationProvider: XTRA_SERVER_1=http\://gllto1.glpals.com/4day/v4/latest/lto2.dat
09-07 21:14:31.600  3595  3696 D GnssLocationProvider: SUPL_HOST=supl.google.com
09-07 21:14:31.600  3595  3696 D GnssLocationProvider: SUPL_MODE=1
09-07 21:14:31.600  3595  3696 D GnssLocationProvider: NTP_SERVER=north-america.pool.ntp.org
09-07 21:14:31.600  3164  3164 D gpsd    : WakeLock(Acquire,GPSD)
09-07 21:14:31.601  3595  3696 I GnssLocationProvider: WakeLock released by handleMessage(12, 0, null)
09-07 21:14:31.601  3164  3164 D gpsd    : WakeLock(Release,GPSD)
09-07 21:14:31.601  5381  5456 D NfcService: checking on firmware download
09-07 21:14:31.601  5381  5456 D NfcService: NFC is on. Doing normal stuff
09-07 21:14:31.601  5381  5456 I NfcService: Enabling NFC
09-07 21:14:31.610  5381  5456 D BrcmNfcJni: nfcManager_doInitialize: enter; ver=NFCDROID-AOSP_N_00.01 nfa=NFA_PI_1.03.66+ NCI_VERSION=0x10
09-07 21:14:31.610  5381  5456 D BrcmNfcJni: PowerSwitch::initialize: level=PS-FULL (1)
09-07 21:14:31.610  5381  5456 D NfcAdaptation: const CNfcParam *CNfcConfig::find(const char *) const found SCREEN_OFF_POWER_STATE=(0x3)
09-07 21:14:31.610  5381  5456 D BrcmNfcJni: PowerSwitch::initialize: desired screen-off state=3
09-07 21:14:31.610  5381  5456 D NfcAdaptation: NfcAdaptation::Initialize: enter
09-07 21:14:31.610  5381  5456 E NfcAdaptation: NfcAdaptation::Initialize: ver=NFCDROID-AOSP_N_00.01 nfa=NFA_PI_1.03.66+
09-07 21:14:31.610  5381  5456 D NfcAdaptation: const CNfcParam *CNfcConfig::find(const char *) const found NFA_STORAGE=/data/nfc
