09-17 19:48:59.738  3397  3397 F DEBUG   : *** *** *** *** *** *** *** *** *** *** *** *** *** *** *** ***
09-17 19:48:59.738  3397  3397 F DEBUG   : LineageOS Version: '14.1-20170917-UNOFFICIAL-dream2lte'
09-17 19:48:59.738  3397  3397 F DEBUG   : Build fingerprint: 'samsung/dream2ltexx/dream2lte:7.0/NRD90M/G955FXXU1AQH3:user/release-keys'
09-17 19:48:59.739  3086  3086 W auditd  : type=1325 audit(0.0:43): table=filter family=10 entries=9
09-17 19:48:59.739  3086  3086 W auditd  : type=1320 audit(0.0:43): 
09-17 19:48:59.739  3397  3397 F DEBUG   : Revision: '0'
09-17 19:48:59.739  3397  3397 F DEBUG   : ABI: 'arm'
09-17 19:48:59.739  3397  3397 F DEBUG   : pid: 3389, tid: 3389, name: mediaserver  >>> /system/bin/mediaserver <<<
09-17 19:48:59.739  3397  3397 F DEBUG   : signal 6 (SIGABRT), code -6 (SI_TKILL), fault addr --------
09-17 19:48:59.739  3397  3397 F DEBUG   :     r0 00000000  r1 00000d3d  r2 00000006  r3 00000008
09-17 19:48:59.739  3397  3397 F DEBUG   :     r4 f713758c  r5 00000006  r6 f7137534  r7 0000010c
09-17 19:48:59.739  3397  3397 F DEBUG   :     r8 ffb75fe0  r9 00000001  sl ffb76020  fp f70c4010
09-17 19:48:59.739  3397  3397 F DEBUG   :     ip 00000002  sp ffb75f78  lr f7116f8f  pc f71179a8  cpsr 200f0010
09-17 19:48:59.742  3397  3397 F DEBUG   : 
09-17 19:48:59.742  3397  3397 F DEBUG   : backtrace:
09-17 19:48:59.742  3397  3397 F DEBUG   :     #00 pc 000469a8  /system/bin/linker (__dl_tgkill+12)
09-17 19:48:59.742  3397  3397 F DEBUG   :     #01 pc 00045f8b  /system/bin/linker (__dl_pthread_kill+34)
09-17 19:48:59.743  3086  3086 W auditd  : type=1325 audit(0.0:44): table=filter family=2 entries=9
09-17 19:48:59.743  3086  3086 W auditd  : type=1320 audit(0.0:44): 
09-17 19:48:59.743  3397  3397 F DEBUG   :     #02 pc 0003e32f  /system/bin/linker (__dl_raise+10)
09-17 19:48:59.743  3397  3397 F DEBUG   :     #03 pc 0003cdeb  /system/bin/linker (__dl___libc_android_abort+34)
09-17 19:48:59.743  3397  3397 F DEBUG   :     #04 pc 0003bbbc  /system/bin/linker (__dl_abort+4)
09-17 19:48:59.743  3397  3397 F DEBUG   :     #05 pc 0003de2b  /system/bin/linker (__dl___libc_fatal+22)
09-17 19:48:59.743  3397  3397 F DEBUG   :     #06 pc 00009c43  /system/bin/linker (__dl__ZL29__linker_init_post_relocationR19KernelArgumentBlockj+3146)
09-17 19:48:59.743  3397  3397 F DEBUG   :     #07 pc 00008f63  /system/bin/linker (__dl___linker_init+358)
09-17 19:48:59.743  3397  3397 F DEBUG   :     #08 pc 000027c0  /system/bin/linker (_start+4)
09-17 19:48:59.746  3388  3388 I         : sMaxFastTracks = 8
09-17 19:48:59.746  3388  3388 I audioserver: ServiceManager: 0xf6919440
09-17 19:48:59.747  3086  3086 W auditd  : type=1325 audit(0.0:45): table=filter family=10 entries=9
09-17 19:48:59.747  3388  3388 W BatteryNotifier: batterystats service unavailable!
09-17 19:48:59.747  3388  3388 I AudioFlinger: Using default 3000 mSec as standby time.
09-17 19:48:59.747  3388  3388 I AudioPolicyService: AudioPolicyService CSTOR in new mode
09-17 19:48:59.747  3399  3399 F DEBUG   : *** *** *** *** *** *** *** *** *** *** *** *** *** *** *** ***
09-17 19:48:59.748  3388  3388 D AudioInfo: MPS_CODE : SIN, get MPS_CODE
09-17 19:48:59.748  3388  3388 W APM_AudioPolicyManager: mkdir failed for AUDIO_TUNING_PATH
09-17 19:48:59.748  3388  3388 D APM::SoundKitchen: SoundKitchen created
09-17 19:48:59.748  3399  3399 F DEBUG   : LineageOS Version: '14.1-20170917-UNOFFICIAL-dream2lte'
09-17 19:48:59.748  3399  3399 F DEBUG   : Build fingerprint: 'samsung/dream2ltexx/dream2lte:7.0/NRD90M/G955FXXU1AQH3:user/release-keys'
09-17 19:48:59.748  3399  3399 F DEBUG   : Revision: '0'
09-17 19:48:59.748  3399  3399 F DEBUG   : ABI: 'arm64'
09-17 19:48:59.748  3399  3399 F DEBUG   : pid: 3386, tid: 3386, name: app_process64  >>> /system/bin/app_process64 <<<
09-17 19:48:59.748  3388  3388 I APM::ConfigParsingUtils: loadAudioPolicyConfig() loaded /vendor/etc/audio_policy.conf
09-17 19:48:59.748  3399  3399 F DEBUG   : signal 6 (SIGABRT), code -6 (SI_TKILL), fault addr --------
09-17 19:48:59.748  3399  3399 F DEBUG   :     x0   0000000000000000  x1   0000000000000d3a  x2   0000000000000006  x3   0000000000000008
09-17 19:48:59.748  3399  3399 F DEBUG   :     x4   0000000000000030  x5   00000000000000d0  x6   fefefefefefefeff  x7   7f7f7f7f7f7f7f7f
09-17 19:48:59.748  3399  3399 F DEBUG   :     x8   0000000000000083  x9   ffffffffffffffdf  x10  0000000000000000  x11  0000000000000001
09-17 19:48:59.748  3399  3399 F DEBUG   :     x12  ffffffffffffffff  x13  0000000000000000  x14  0000000000000000  x15  00292938623bc2da
09-17 19:48:59.748  3399  3399 F DEBUG   :     x16  0000007ffbdd1f10  x17  0000007ffbdd1ddf  x18  00000000ffffffff  x19  0000007faeee2b40
09-17 19:48:59.748  3399  3399 F DEBUG   :     x20  0000000000000006  x21  0000007faeee2a98  x22  0000000000000000  x23  0000007faee1a010
09-17 19:48:59.748  3399  3399 F DEBUG   :     x24  000000000000000c  x25  0000007ffbdd2b70  x26  0000007ffbdd2bd0  x27  0000007faee1f1b8
09-17 19:48:59.748  3399  3399 F DEBUG   :     x28  0000007faee1f010  x29  0000007ffbdd29e0  x30  0000007faeea2334
09-17 19:48:59.748  3399  3399 F DEBUG   :     sp   0000007ffbdd29c0  pc   0000007faeea2e64  pstate 0000000060000000
09-17 19:48:59.751  3399  3399 F DEBUG   : 
09-17 19:48:59.751  3399  3399 F DEBUG   : backtrace:
09-17 19:48:59.751  3399  3399 F DEBUG   :     #00 pc 0000000000075e64  /system/bin/linker64 (__dl_tgkill+8)
09-17 19:48:59.751  3399  3399 F DEBUG   :     #01 pc 0000000000075330  /system/bin/linker64 (__dl_pthread_kill+64)
09-17 19:48:59.751  3399  3399 F DEBUG   :     #02 pc 0000000000068e24  /system/bin/linker64 (__dl_raise+24)
09-17 19:48:59.751  3399  3399 F DEBUG   :     #03 pc 00000000000667f8  /system/bin/linker64 (__dl_abort+52)
09-17 19:48:59.751  3399  3399 F DEBUG   :     #04 pc 00000000000689ac  /system/bin/linker64 (__dl___libc_fatal+104)
09-17 19:48:59.751  3399  3399 F DEBUG   :     #05 pc 0000000000010e3c  /system/bin/linker64 (__dl__ZL29__linker_init_post_relocationR19KernelArgumentBlocky+6216)
09-17 19:48:59.751  3399  3399 F DEBUG   :     #06 pc 000000000000f554  /system/bin/linker64 (__dl___linker_init+528)
09-17 19:48:59.751  3399  3399 F DEBUG   :     #07 pc 0000000000006cd0  /system/bin/linker64 (_start+4)
09-17 19:48:59.747  3086  3086 W auditd  : type=1320 audit(0.0:45): 
09-17 19:48:59.747  3389  3389 W mediaserver: type=1701 audit(0.0:46): auid=4294967295 uid=1013 gid=1005 ses=4294967295 subj=u:r:mediaserver:s0 exe="/system/bin/mediaserver" sig=6
09-17 19:48:59.751  3086  3086 W auditd  : type=1325 audit(0.0:47): table=filter family=2 entries=7
09-17 19:48:59.751  3086  3086 W auditd  : type=1320 audit(0.0:47): 
09-17 19:48:59.755  3086  3086 W auditd  : type=1325 audit(0.0:48): table=filter family=10 entries=7
09-17 19:48:59.755  3075  3075 W         : debuggerd: resuming target 3389
09-17 19:48:59.755  3075  3075 W         : debuggerd: handling request: pid=3387 uid=0 gid=0 tid=3387
09-17 19:48:59.762  3422  3422 E         : debuggerd: Unable to connect to activity manager (connect failed: No such file or directory)
09-17 19:48:59.779  3388  3388 V audio_hw_primary_abox: device-adev_open: enter
09-17 19:48:59.779  3388  3388 V DiamondVoice: + diamondvoice_open
09-17 19:48:59.779  3388  3388 D AudioInfo: can not find AudioDataPath for fileName:/DiamondVoice/
09-17 19:48:59.779  3388  3388 V DiamondVoice: There is no DiamondVoice tuning data in CSC 
09-17 19:48:59.779  3388  3388 V DiamondVoice: - diamondvoice_open
09-17 19:48:59.780  3388  3388 I AudioRil: ### mMultiSim : 1
09-17 19:48:59.780  3388  3388 D audio_hw_primary_abox: device-adev_open: Successed to init Voice Manager!
09-17 19:48:59.781  3076  3076 W         : debuggerd: resuming target 3386
09-17 19:48:59.784  3167  3167 I ServiceManager: service 'media.audio_flinger' died
09-17 19:48:59.813  3422  3422 F DEBUG   : *** *** *** *** *** *** *** *** *** *** *** *** *** *** *** ***
09-17 19:48:59.813  3422  3422 F DEBUG   : LineageOS Version: '14.1-20170917-UNOFFICIAL-dream2lte'
09-17 19:48:59.813  3422  3422 F DEBUG   : Build fingerprint: 'samsung/dream2ltexx/dream2lte:7.0/NRD90M/G955FXXU1AQH3:user/release-keys'
09-17 19:48:59.813  3422  3422 F DEBUG   : Revision: '0'
09-17 19:48:59.813  3422  3422 F DEBUG   : ABI: 'arm'
09-17 19:48:59.813  3422  3422 F DEBUG   : pid: 3387, tid: 3387, name: app_process32  >>> /system/bin/app_process32 <<<
09-17 19:48:59.814  3422  3422 F DEBUG   : signal 6 (SIGABRT), code -6 (SI_TKILL), fault addr --------
09-17 19:48:59.814  3422  3422 F DEBUG   :     r0 00000000  r1 00000d3b  r2 00000006  r3 00000008
09-17 19:48:59.814  3422  3422 F DEBUG   :     r4 f74f158c  r5 00000006  r6 f74f1534  r7 0000010c
09-17 19:48:59.814  3422  3422 F DEBUG   :     r8 ff9514b0  r9 00000001  sl ff9514e0  fp f747e010
09-17 19:48:59.814  3422  3422 F DEBUG   :     ip 00000000  sp ff951448  lr f74d0f8f  pc f74d19a8  cpsr 200f0010
09-17 19:48:59.817  3422  3422 F DEBUG   : 
09-17 19:48:59.817  3422  3422 F DEBUG   : backtrace:
09-17 19:48:59.817  3422  3422 F DEBUG   :     #00 pc 000469a8  /system/bin/linker (__dl_tgkill+12)
09-17 19:48:59.817  3422  3422 F DEBUG   :     #01 pc 00045f8b  /system/bin/linker (__dl_pthread_kill+34)
09-17 19:48:59.817  3422  3422 F DEBUG   :     #02 pc 0003e32f  /system/bin/linker (__dl_raise+10)
09-17 19:48:59.817  3422  3422 F DEBUG   :     #03 pc 0003cdeb  /system/bin/linker (__dl___libc_android_abort+34)
09-17 19:48:59.817  3422  3422 F DEBUG   :     #04 pc 0003bbbc  /system/bin/linker (__dl_abort+4)
09-17 19:48:59.817  3422  3422 F DEBUG   :     #05 pc 0003de2b  /system/bin/linker (__dl___libc_fatal+22)
09-17 19:48:59.817  3422  3422 F DEBUG   :     #06 pc 00009c43  /system/bin/linker (__dl__ZL29__linker_init_post_relocationR19KernelArgumentBlockj+3146)
09-17 19:48:59.817  3422  3422 F DEBUG   :     #07 pc 00008f63  /system/bin/linker (__dl___linker_init+358)
09-17 19:48:59.817  3422  3422 F DEBUG   :     #08 pc 000027c0  /system/bin/linker (_start+4)
09-17 19:48:59.849  3075  3075 W         : debuggerd: resuming target 3387
09-17 19:49:05.310  3443  3443 F libc    : CANNOT LINK EXECUTABLE "/system/bin/cameraserver": library "libjpega.so" not found
09-17 19:49:05.310  3443  3443 F libc    : Fatal signal 6 (SIGABRT), code -6 in tid 3443 (cameraserver)
09-17 19:49:05.310  3075  3075 W         : debuggerd: handling request: pid=3443 uid=1047 gid=1023 tid=3443
09-17 19:49:05.313  3449  3449 E         : debuggerd: Unable to connect to activity manager (connect failed: No such file or directory)
09-17 19:49:05.320  3447  3447 F libc    : CANNOT LINK EXECUTABLE "/system/bin/mediaserver": library "libjpega.so" not found
09-17 19:49:05.320  3447  3447 F libc    : Fatal signal 6 (SIGABRT), code -6 in tid 3447 (mediaserver)
09-17 19:49:05.322  3448  3448 I Netd    : Netd 1.0 starting
09-17 19:49:05.322  3448  3448 D TetherController: Setting IP forward enable = 0
09-17 19:49:05.323  3086  3086 W auditd  : type=1325 audit(0.0:53): table=filter family=2 entries=10
09-17 19:49:05.323  3086  3086 W auditd  : type=1320 audit(0.0:53): 
09-17 19:49:05.324  3448  3448 I QtiConnectivityAdapter: Failed to open libconnctrl, some features may not be present.
09-17 19:49:05.324  3448  3448 E         : Failed to open libdatactrl, some features may not be present.
09-17 19:49:05.324  3448  3448 E         : Failed to open libcsm_data, some features may not be present.
09-17 19:49:05.330  3444  3444 F libc    : CANNOT LINK EXECUTABLE "/system/bin/app_process64": cannot locate symbol "_ZN7android14CameraMetadata14getTagFromNameEPKcPKNS_19VendorTagDescriptorEPj" referenced by "/system/lib64/libandroid_runtime.so"...
09-17 19:49:05.330  3444  3444 F libc    : Fatal signal 6 (SIGABRT), code -6 in tid 3444 (app_process64)
09-17 19:49:05.330  3076  3076 W         : debuggerd: handling request: pid=3444 uid=0 gid=0 tid=3444
09-17 19:49:05.331  3086  3086 W auditd  : type=1325 audit(0.0:54): table=filter family=10 entries=10
09-17 19:49:05.331  3086  3086 W auditd  : type=1320 audit(0.0:54): 
09-17 19:49:05.331  3445  3445 F libc    : CANNOT LINK EXECUTABLE "/system/bin/app_process32": cannot locate symbol "_ZN7android14CameraMetadata14getTagFromNameEPKcPKNS_19VendorTagDescriptorEPj" referenced by "/system/lib/libandroid_runtime.so"...
09-17 19:49:05.331  3445  3445 F libc    : Fatal signal 6 (SIGABRT), code -6 in tid 3445 (app_process32)
09-17 19:49:05.335  3086  3086 W auditd  : type=1325 audit(0.0:55): table=filter family=2 entries=9
09-17 19:49:05.335  3086  3086 W auditd  : type=1320 audit(0.0:55): 
09-17 19:49:05.336  3451  3451 E         : debuggerd: Unable to connect to activity manager (connect failed: No such file or directory)
09-17 19:49:05.339  3086  3086 W auditd  : type=1325 audit(0.0:56): table=filter family=10 entries=9
09-17 19:49:05.339  3086  3086 W auditd  : type=1320 audit(0.0:56): 
09-17 19:49:05.343  3086  3086 W auditd  : type=1325 audit(0.0:57): table=filter family=2 entries=9
09-17 19:49:05.343  3086  3086 W auditd  : type=1320 audit(0.0:57): 
09-17 19:49:05.343  3086  3086 W auditd  : type=1325 audit(0.0:58): table=filter family=10 entries=9
09-17 19:49:05.343  3086  3086 W auditd  : type=1320 audit(0.0:58): 
09-17 19:49:05.347  3086  3086 W auditd  : type=1325 audit(0.0:59): table=filter family=2 entries=7
09-17 19:49:05.347  3086  3086 W auditd  : type=1320 audit(0.0:59): 
09-17 19:49:05.351  3086  3086 W auditd  : type=1325 audit(0.0:60): table=filter family=10 entries=7
09-17 19:49:05.351  3086  3086 W auditd  : type=1320 audit(0.0:60): 
09-17 19:49:05.355  3086  3086 W auditd  : type=1325 audit(0.0:61): table=filter family=2 entries=9
09-17 19:49:05.355  3086  3086 W auditd  : type=1320 audit(0.0:61): 
09-17 19:49:05.359  3086  3086 W auditd  : type=1325 audit(0.0:62): table=filter family=10 entries=9
09-17 19:49:05.359  3086  3086 W auditd  : type=1320 audit(0.0:62): 
09-17 19:49:05.363  3449  3449 F DEBUG   : *** *** *** *** *** *** *** *** *** *** *** *** *** *** *** ***
09-17 19:49:05.363  3449  3449 F DEBUG   : LineageOS Version: '14.1-20170917-UNOFFICIAL-dream2lte'
09-17 19:49:05.364  3449  3449 F DEBUG   : Build fingerprint: 'samsung/dream2ltexx/dream2lte:7.0/NRD90M/G955FXXU1AQH3:user/release-keys'
09-17 19:49:05.364  3449  3449 F DEBUG   : Revision: '0'
09-17 19:49:05.364  3449  3449 F DEBUG   : ABI: 'arm'
09-17 19:49:05.364  3449  3449 F DEBUG   : pid: 3443, tid: 3443, name: cameraserver  >>> /system/bin/cameraserver <<<
09-17 19:49:05.364  3449  3449 F DEBUG   : signal 6 (SIGABRT), code -6 (SI_TKILL), fault addr --------
09-17 19:49:05.364  3449  3449 F DEBUG   :     r0 00000000  r1 00000d73  r2 00000006  r3 00000008
09-17 19:49:05.364  3449  3449 F DEBUG   :     r4 f776758c  r5 00000006  r6 f7767534  r7 0000010c
09-17 19:49:05.364  3449  3449 F DEBUG   :     r8 ff9c8b78  r9 00000001  sl ff9c8ba0  fp f76f4010
09-17 19:49:05.364  3449  3449 F DEBUG   :     ip 00000002  sp ff9c8b10  lr f7746f8f  pc f77479a8  cpsr 200f0010
09-17 19:49:05.367  3449  3449 F DEBUG   : 
09-17 19:49:05.367  3449  3449 F DEBUG   : backtrace:
09-17 19:49:05.367  3449  3449 F DEBUG   :     #00 pc 000469a8  /system/bin/linker (__dl_tgkill+12)
09-17 19:49:05.367  3449  3449 F DEBUG   :     #01 pc 00045f8b  /system/bin/linker (__dl_pthread_kill+34)
09-17 19:49:05.368  3449  3449 F DEBUG   :     #02 pc 0003e32f  /system/bin/linker (__dl_raise+10)
09-17 19:49:05.368  3449  3449 F DEBUG   :     #03 pc 0003cdeb  /system/bin/linker (__dl___libc_android_abort+34)
09-17 19:49:05.368  3449  3449 F DEBUG   :     #04 pc 0003bbbc  /system/bin/linker (__dl_abort+4)
09-17 19:49:05.368  3449  3449 F DEBUG   :     #05 pc 0003de2b  /system/bin/linker (__dl___libc_fatal+22)
09-17 19:49:05.368  3449  3449 F DEBUG   :     #06 pc 00009c43  /system/bin/linker (__dl__ZL29__linker_init_post_relocationR19KernelArgumentBlockj+3146)
09-17 19:49:05.368  3449  3449 F DEBUG   :     #07 pc 00008f63  /system/bin/linker (__dl___linker_init+358)
09-17 19:49:05.368  3449  3449 F DEBUG   :     #08 pc 000027c0  /system/bin/linker (_start+4)
09-17 19:49:05.379  3075  3075 W         : debuggerd: resuming target 3443
09-17 19:49:05.379  3075  3075 E         : debuggerd: failed to send signal 18 to target: No such process
09-17 19:49:05.379  3075  3075 W         : debuggerd: handling request: pid=3447 uid=1013 gid=1005 tid=3447
09-17 19:49:05.381  3469  3469 E         : debuggerd: Unable to connect to activity manager (connect failed: No such file or directory)
09-17 19:49:05.387  3446  3446 I         : sMaxFastTracks = 8
09-17 19:49:05.387  3451  3451 F DEBUG   : *** *** *** *** *** *** *** *** *** *** *** *** *** *** *** ***
09-17 19:49:05.387  3451  3451 F DEBUG   : LineageOS Version: '14.1-20170917-UNOFFICIAL-dream2lte'
09-17 19:49:05.387  3451  3451 F DEBUG   : Build fingerprint: 'samsung/dream2ltexx/dream2lte:7.0/NRD90M/G955FXXU1AQH3:user/release-keys'
09-17 19:49:05.387  3451  3451 F DEBUG   : Revision: '0'
09-17 19:49:05.387  3451  3451 F DEBUG   : ABI: 'arm64'
09-17 19:49:05.387  3451  3451 F DEBUG   : pid: 3444, tid: 3444, name: app_process64  >>> /system/bin/app_process64 <<<
09-17 19:49:05.387  3446  3446 I audioserver: ServiceManager: 0xf6819440
09-17 19:49:05.387  3451  3451 F DEBUG   : signal 6 (SIGABRT), code -6 (SI_TKILL), fault addr --------
09-17 19:49:05.387  3451  3451 F DEBUG   :     x0   0000000000000000  x1   0000000000000d74  x2   0000000000000006  x3   0000000000000008
09-17 19:49:05.387  3451  3451 F DEBUG   :     x4   0000000000000030  x5   00000000000000d0  x6   fefefefefefefeff  x7   7f7f7f7f7f7f7f7f
09-17 19:49:05.388  3451  3451 F DEBUG   :     x8   0000000000000083  x9   ffffffffffffffdf  x10  0000000000000000  x11  0000000000000001
09-17 19:49:05.388  3446  3446 W BatteryNotifier: batterystats service unavailable!
09-17 19:49:05.388  3451  3451 F DEBUG   :     x12  ffffffffffffffff  x13  0000000000000000  x14  0000000000000000  x15  0013ac1198a94bc6
09-17 19:49:05.388  3446  3446 I AudioFlinger: Using default 3000 mSec as standby time.
09-17 19:49:05.388  3451  3451 F DEBUG   :     x16  0000007fdbf2f910  x17  0000007fdbf2f7df  x18  00000000ffffffff  x19  0000007fa46b4b40
09-17 19:49:05.388  3451  3451 F DEBUG   :     x20  0000000000000006  x21  0000007fa46b4a98  x22  0000000000000000  x23  0000007fa45ec010
09-17 19:49:05.388  3451  3451 F DEBUG   :     x24  000000000000000c  x25  0000007fdbf30570  x26  0000007fdbf305d0  x27  0000007fa45f11b8
09-17 19:49:05.388  3451  3451 F DEBUG   :     x28  0000007fa45f1010  x29  0000007fdbf303e0  x30  0000007fa4674334
09-17 19:49:05.388  3451  3451 F DEBUG   :     sp   0000007fdbf303c0  pc   0000007fa4674e64  pstate 0000000060000000
09-17 19:49:05.388  3446  3446 I AudioPolicyService: AudioPolicyService CSTOR in new mode
09-17 19:49:05.388  3446  3446 D AudioInfo: MPS_CODE : SIN, get MPS_CODE
09-17 19:49:05.388  3446  3446 W APM_AudioPolicyManager: mkdir failed for AUDIO_TUNING_PATH
09-17 19:49:05.388  3446  3446 D APM::SoundKitchen: SoundKitchen created
09-17 19:49:05.388  3446  3446 I APM::ConfigParsingUtils: loadAudioPolicyConfig() loaded /vendor/etc/audio_policy.conf
09-17 19:49:05.390  3451  3451 F DEBUG   : 
09-17 19:49:05.390  3451  3451 F DEBUG   : backtrace:
09-17 19:49:05.391  3451  3451 F DEBUG   :     #00 pc 0000000000075e64  /system/bin/linker64 (__dl_tgkill+8)
09-17 19:49:05.391  3451  3451 F DEBUG   :     #01 pc 0000000000075330  /system/bin/linker64 (__dl_pthread_kill+64)
09-17 19:49:05.391  3451  3451 F DEBUG   :     #02 pc 0000000000068e24  /system/bin/linker64 (__dl_raise+24)
09-17 19:49:05.391  3451  3451 F DEBUG   :     #03 pc 00000000000667f8  /system/bin/linker64 (__dl_abort+52)
09-17 19:49:05.391  3451  3451 F DEBUG   :     #04 pc 00000000000689ac  /system/bin/linker64 (__dl___libc_fatal+104)
09-17 19:49:05.391  3451  3451 F DEBUG   :     #05 pc 0000000000010e3c  /system/bin/linker64 (__dl__ZL29__linker_init_post_relocationR19KernelArgumentBlocky+6216)
09-17 19:49:05.391  3451  3451 F DEBUG   :     #06 pc 000000000000f554  /system/bin/linker64 (__dl___linker_init+528)
09-17 19:49:05.391  3451  3451 F DEBUG   :     #07 pc 0000000000006cd0  /system/bin/linker64 (_start+4)
09-17 19:49:05.416  3446  3446 V audio_hw_primary_abox: device-adev_open: enter
09-17 19:49:05.416  3446  3446 V DiamondVoice: + diamondvoice_open
09-17 19:49:05.416  3446  3446 D AudioInfo: can not find AudioDataPath for fileName:/DiamondVoice/
09-17 19:49:05.416  3446  3446 V DiamondVoice: There is no DiamondVoice tuning data in CSC 
09-17 19:49:05.416  3446  3446 V DiamondVoice: - diamondvoice_open
09-17 19:49:05.417  3446  3446 I AudioRil: ### mMultiSim : 1
09-17 19:49:05.417  3446  3446 D audio_hw_primary_abox: device-adev_open: Successed to init Voice Manager!
09-17 19:49:05.420  3076  3076 W         : debuggerd: resuming target 3444
09-17 19:49:05.423  3167  3167 I ServiceManager: service 'media.audio_flinger' died
09-17 19:49:05.432  3469  3469 E DEBUG   : unexpected waitpid response: n=3447, status=00000009
09-17 19:49:05.432  3469  3469 E         : debuggerd: timed out waiting for signal
09-17 19:49:05.432  3469  3469 E         : debuggerd: ptrace detach from 3447 failed: No such process
09-17 19:49:05.432  3469  3469 E         : debuggerd: failed to kill process 3447: No such process
09-17 19:49:05.433  3075  3075 W         : debuggerd: resuming target 3447
09-17 19:49:05.433  3075  3075 E         : debuggerd: failed to send signal 18 to target: No such process
09-17 19:49:05.433  3075  3075 W         : debuggerd: handling request: pid=3445 uid=0 gid=0 tid=3445
09-17 19:49:05.439  3489  3489 E         : debuggerd: Unable to connect to activity manager (connect failed: No such file or directory)
09-17 19:49:05.490  3489  3489 F DEBUG   : *** *** *** *** *** *** *** *** *** *** *** *** *** *** *** ***
09-17 19:49:05.490  3489  3489 F DEBUG   : LineageOS Version: '14.1-20170917-UNOFFICIAL-dream2lte'
09-17 19:49:05.490  3489  3489 F DEBUG   : Build fingerprint: 'samsung/dream2ltexx/dream2lte:7.0/NRD90M/G955FXXU1AQH3:user/release-keys'
09-17 19:49:05.490  3489  3489 F DEBUG   : Revision: '0'
09-17 19:49:05.490  3489  3489 F DEBUG   : ABI: 'arm'
09-17 19:49:05.491  3489  3489 F DEBUG   : pid: 3445, tid: 3445, name: app_process32  >>> /system/bin/app_process32 <<<
09-17 19:49:05.491  3489  3489 F DEBUG   : signal 6 (SIGABRT), code -6 (SI_TKILL), fault addr --------
09-17 19:49:05.491  3489  3489 F DEBUG   :     r0 00000000  r1 00000d75  r2 00000006  r3 00000008
09-17 19:49:05.491  3489  3489 F DEBUG   :     r4 f704858c  r5 00000006  r6 f7048534  r7 0000010c
09-17 19:49:05.491  3489  3489 F DEBUG   :     r8 ffad6150  r9 00000001  sl ffad6180  fp f6fd5010
09-17 19:49:05.491  3489  3489 F DEBUG   :     ip 00000000  sp ffad60e8  lr f7027f8f  pc f70289a8  cpsr 200f0010
09-17 19:49:05.494  3489  3489 F DEBUG   : 
09-17 19:49:05.494  3489  3489 F DEBUG   : backtrace:
09-17 19:49:05.494  3489  3489 F DEBUG   :     #00 pc 000469a8  /system/bin/linker (__dl_tgkill+12)
09-17 19:49:05.494  3489  3489 F DEBUG   :     #01 pc 00045f8b  /system/bin/linker (__dl_pthread_kill+34)
09-17 19:49:05.494  3489  3489 F DEBUG   :     #02 pc 0003e32f  /system/bin/linker (__dl_raise+10)
09-17 19:49:05.494  3489  3489 F DEBUG   :     #03 pc 0003cdeb  /system/bin/linker (__dl___libc_android_abort+34)
09-17 19:49:05.494  3489  3489 F DEBUG   :     #04 pc 0003bbbc  /system/bin/linker (__dl_abort+4)
09-17 19:49:05.494  3489  3489 F DEBUG   :     #05 pc 0003de2b  /system/bin/linker (__dl___libc_fatal+22)
09-17 19:49:05.494  3489  3489 F DEBUG   :     #06 pc 00009c43  /system/bin/linker (__dl__ZL29__linker_init_post_relocationR19KernelArgumentBlockj+3146)
09-17 19:49:05.494  3489  3489 F DEBUG   :     #07 pc 00008f63  /system/bin/linker (__dl___linker_init+358)
09-17 19:49:05.494  3489  3489 F DEBUG   :     #08 pc 000027c0  /system/bin/linker (_start+4)
09-17 19:49:05.525  3075  3075 W         : debuggerd: resuming target 3445
09-17 19:49:09.535  3524  3524 F libc    : CANNOT LINK EXECUTABLE "/system/bin/cameraserver": library "libjpega.so" not found
09-17 19:49:09.535  3524  3524 F libc    : Fatal signal 6 (SIGABRT), code -6 in tid 3524 (cameraserver)
09-17 19:49:09.535  3075  3075 W         : debuggerd: handling request: pid=3524 uid=1047 gid=1023 tid=3524
09-17 19:49:09.537  3528  3528 F libc    : CANNOT LINK EXECUTABLE "/system/bin/mediaserver": library "libjpega.so" not found
09-17 19:49:09.537  3528  3528 F libc    : Fatal signal 6 (SIGABRT), code -6 in tid 3528 (mediaserver)
09-17 19:49:09.538  3530  3530 E         : debuggerd: Unable to connect to activity manager (connect failed: No such file or directory)
09-17 19:49:09.547  3529  3529 I Netd    : Netd 1.0 starting
09-17 19:49:09.547  3529  3529 D TetherController: Setting IP forward enable = 0
09-17 19:49:09.548  3529  3529 I QtiConnectivityAdapter: Failed to open libconnctrl, some features may not be present.
09-17 19:49:09.549  3529  3529 E         : Failed to open libdatactrl, some features may not be present.
09-17 19:49:09.549  3529  3529 E         : Failed to open libcsm_data, some features may not be present.
09-17 19:49:09.547  3086  3086 W auditd  : type=1325 audit(0.0:77): table=filter family=2 entries=10
09-17 19:49:09.547  3086  3086 W auditd  : type=1320 audit(0.0:77): 
09-17 19:49:09.554  3525  3525 F libc    : CANNOT LINK EXECUTABLE "/system/bin/app_process64": cannot locate symbol "_ZN7android14CameraMetadata14getTagFromNameEPKcPKNS_19VendorTagDescriptorEPj" referenced by "/system/lib64/libandroid_runtime.so"...
09-17 19:49:09.554  3525  3525 F libc    : Fatal signal 6 (SIGABRT), code -6 in tid 3525 (app_process64)
09-17 19:49:09.554  3076  3076 W         : debuggerd: handling request: pid=3525 uid=0 gid=0 tid=3525
09-17 19:49:09.557  3526  3526 F libc    : CANNOT LINK EXECUTABLE "/system/bin/app_process32": cannot locate symbol "_ZN7android14CameraMetadata14getTagFromNameEPKcPKNS_19VendorTagDescriptorEPj" referenced by "/system/lib/libandroid_runtime.so"...
09-17 19:49:09.551  3086  3086 W auditd  : type=1325 audit(0.0:78): table=filter family=10 entries=10
09-17 19:49:09.557  3526  3526 F libc    : Fatal signal 6 (SIGABRT), code -6 in tid 3526 (app_process32)
09-17 19:49:09.551  3086  3086 W auditd  : type=1320 audit(0.0:78): 
09-17 19:49:09.560  3533  3533 E         : debuggerd: Unable to connect to activity manager (connect failed: No such file or directory)
09-17 19:49:09.555  3086  3086 W auditd  : type=1325 audit(0.0:79): table=filter family=2 entries=9
09-17 19:49:09.555  3086  3086 W auditd  : type=1320 audit(0.0:79): 
09-17 19:49:09.559  3086  3086 W auditd  : type=1325 audit(0.0:80): table=filter family=10 entries=9
09-17 19:49:09.559  3086  3086 W auditd  : type=1320 audit(0.0:80): 
09-17 19:49:09.563  3086  3086 W auditd  : type=1325 audit(0.0:81): table=filter family=2 entries=9
09-17 19:49:09.563  3086  3086 W auditd  : type=1320 audit(0.0:81): 
09-17 19:49:09.567  3086  3086 W auditd  : type=1325 audit(0.0:82): table=filter family=10 entries=9
09-17 19:49:09.567  3086  3086 W auditd  : type=1320 audit(0.0:82): 
09-17 19:49:09.571  3086  3086 W auditd  : type=1325 audit(0.0:83): table=filter family=2 entries=7
09-17 19:49:09.571  3086  3086 W auditd  : type=1320 audit(0.0:83): 
09-17 19:49:09.575  3086  3086 W auditd  : type=1325 audit(0.0:84): table=filter family=10 entries=7
09-17 19:49:09.575  3086  3086 W auditd  : type=1320 audit(0.0:84): 
09-17 19:49:09.579  3086  3086 W auditd  : type=1325 audit(0.0:85): table=filter family=2 entries=9
09-17 19:49:09.579  3086  3086 W auditd  : type=1320 audit(0.0:85): 
09-17 19:49:09.588  3530  3530 F DEBUG   : *** *** *** *** *** *** *** *** *** *** *** *** *** *** *** ***
09-17 19:49:09.588  3530  3530 F DEBUG   : LineageOS Version: '14.1-20170917-UNOFFICIAL-dream2lte'
09-17 19:49:09.588  3530  3530 F DEBUG   : Build fingerprint: 'samsung/dream2ltexx/dream2lte:7.0/NRD90M/G955FXXU1AQH3:user/release-keys'
09-17 19:49:09.588  3530  3530 F DEBUG   : Revision: '0'
09-17 19:49:09.588  3530  3530 F DEBUG   : ABI: 'arm'
09-17 19:49:09.589  3530  3530 F DEBUG   : pid: 3524, tid: 3524, name: cameraserver  >>> /system/bin/cameraserver <<<
09-17 19:49:09.589  3530  3530 F DEBUG   : signal 6 (SIGABRT), code -6 (SI_TKILL), fault addr --------
09-17 19:49:09.589  3530  3530 F DEBUG   :     r0 00000000  r1 00000dc4  r2 00000006  r3 00000008
09-17 19:49:09.589  3530  3530 F DEBUG   :     r4 f71a458c  r5 00000006  r6 f71a4534  r7 0000010c
09-17 19:49:09.589  3530  3530 F DEBUG   :     r8 ffebe138  r9 00000001  sl ffebe160  fp f7131010
09-17 19:49:09.589  3530  3530 F DEBUG   :     ip 00000002  sp ffebe0d0  lr f7183f8f  pc f71849a8  cpsr 200f0010
09-17 19:49:09.583  3086  3086 W auditd  : type=1325 audit(0.0:86): table=filter family=10 entries=9
09-17 19:49:09.583  3086  3086 W auditd  : type=1320 audit(0.0:86): 
09-17 19:49:09.592  3530  3530 F DEBUG   : 
09-17 19:49:09.592  3530  3530 F DEBUG   : backtrace:
09-17 19:49:09.593  3530  3530 F DEBUG   :     #00 pc 000469a8  /system/bin/linker (__dl_tgkill+12)
09-17 19:49:09.593  3530  3530 F DEBUG   :     #01 pc 00045f8b  /system/bin/linker (__dl_pthread_kill+34)
09-17 19:49:09.593  3530  3530 F DEBUG   :     #02 pc 0003e32f  /system/bin/linker (__dl_raise+10)
09-17 19:49:09.593  3530  3530 F DEBUG   :     #03 pc 0003cdeb  /system/bin/linker (__dl___libc_android_abort+34)
09-17 19:49:09.593  3530  3530 F DEBUG   :     #04 pc 0003bbbc  /system/bin/linker (__dl_abort+4)
09-17 19:49:09.593  3530  3530 F DEBUG   :     #05 pc 0003de2b  /system/bin/linker (__dl___libc_fatal+22)
09-17 19:49:09.593  3530  3530 F DEBUG   :     #06 pc 00009c43  /system/bin/linker (__dl__ZL29__linker_init_post_relocationR19KernelArgumentBlockj+3146)
09-17 19:49:09.593  3530  3530 F DEBUG   :     #07 pc 00008f63  /system/bin/linker (__dl___linker_init+358)
09-17 19:49:09.593  3530  3530 F DEBUG   :     #08 pc 000027c0  /system/bin/linker (_start+4)
09-17 19:49:09.604  3075  3075 W         : debuggerd: resuming target 3524
09-17 19:49:09.604  3075  3075 E         : debuggerd: failed to send signal 18 to target: No such process
09-17 19:49:09.604  3075  3075 W         : debuggerd: handling request: pid=3528 uid=1013 gid=1005 tid=3528
09-17 19:49:09.607  3550  3550 E         : debuggerd: Unable to connect to activity manager (connect failed: No such file or directory)
09-17 19:49:09.611  3533  3533 F DEBUG   : *** *** *** *** *** *** *** *** *** *** *** *** *** *** *** ***
09-17 19:49:09.611  3533  3533 F DEBUG   : LineageOS Version: '14.1-20170917-UNOFFICIAL-dream2lte'
09-17 19:49:09.611  3533  3533 F DEBUG   : Build fingerprint: 'samsung/dream2ltexx/dream2lte:7.0/NRD90M/G955FXXU1AQH3:user/release-keys'
09-17 19:49:09.611  3533  3533 F DEBUG   : Revision: '0'
09-17 19:49:09.611  3533  3533 F DEBUG   : ABI: 'arm64'
09-17 19:49:09.611  3533  3533 F DEBUG   : pid: 3525, tid: 3525, name: app_process64  >>> /system/bin/app_process64 <<<
09-17 19:49:09.611  3533  3533 F DEBUG   : signal 6 (SIGABRT), code -6 (SI_TKILL), fault addr --------
09-17 19:49:09.611  3533  3533 F DEBUG   :     x0   0000000000000000  x1   0000000000000dc5  x2   0000000000000006  x3   0000000000000008
09-17 19:49:09.611  3533  3533 F DEBUG   :     x4   0000000000000030  x5   00000000000000d0  x6   fefefefefefefeff  x7   7f7f7f7f7f7f7f7f
09-17 19:49:09.611  3533  3533 F DEBUG   :     x8   0000000000000083  x9   ffffffffffffffdf  x10  0000000000000000  x11  0000000000000001
09-17 19:49:09.611  3533  3533 F DEBUG   :     x12  ffffffffffffffff  x13  0000000000000000  x14  0000000000000000  x15  0021060aa2deef74
09-17 19:49:09.611  3533  3533 F DEBUG   :     x16  0000007fd325a850  x17  0000007fd325a71f  x18  00000000ffffffff  x19  0000007f827c6b40
09-17 19:49:09.611  3533  3533 F DEBUG   :     x20  0000000000000006  x21  0000007f827c6a98  x22  0000000000000000  x23  0000007f826fe010
09-17 19:49:09.611  3533  3533 F DEBUG   :     x24  000000000000000c  x25  0000007fd325b4b0  x26  0000007fd325b510  x27  0000007f827031b8
09-17 19:49:09.611  3533  3533 F DEBUG   :     x28  0000007f82703010  x29  0000007fd325b320  x30  0000007f82786334
09-17 19:49:09.611  3533  3533 F DEBUG   :     sp   0000007fd325b300  pc   0000007f82786e64  pstate 0000000060000000
09-17 19:49:09.614  3533  3533 F DEBUG   : 
09-17 19:49:09.614  3533  3533 F DEBUG   : backtrace:
09-17 19:49:09.614  3533  3533 F DEBUG   :     #00 pc 0000000000075e64  /system/bin/linker64 (__dl_tgkill+8)
09-17 19:49:09.614  3533  3533 F DEBUG   :     #01 pc 0000000000075330  /system/bin/linker64 (__dl_pthread_kill+64)
09-17 19:49:09.614  3533  3533 F DEBUG   :     #02 pc 0000000000068e24  /system/bin/linker64 (__dl_raise+24)
09-17 19:49:09.614  3533  3533 F DEBUG   :     #03 pc 00000000000667f8  /system/bin/linker64 (__dl_abort+52)
09-17 19:49:09.614  3533  3533 F DEBUG   :     #04 pc 00000000000689ac  /system/bin/linker64 (__dl___libc_fatal+104)
09-17 19:49:09.614  3533  3533 F DEBUG   :     #05 pc 0000000000010e3c  /system/bin/linker64 (__dl__ZL29__linker_init_post_relocationR19KernelArgumentBlocky+6216)
09-17 19:49:09.614  3533  3533 F DEBUG   :     #06 pc 000000000000f554  /system/bin/linker64 (__dl___linker_init+528)
09-17 19:49:09.614  3533  3533 F DEBUG   :     #07 pc 0000000000006cd0  /system/bin/linker64 (_start+4)
09-17 19:49:09.619  3527  3527 I         : sMaxFastTracks = 8
09-17 19:49:09.619  3527  3527 I audioserver: ServiceManager: 0xf6499440
09-17 19:49:09.619  3527  3527 W BatteryNotifier: batterystats service unavailable!
09-17 19:49:09.619  3527  3527 I AudioFlinger: Using default 3000 mSec as standby time.
09-17 19:49:09.620  3527  3527 I AudioPolicyService: AudioPolicyService CSTOR in new mode
09-17 19:49:09.620  3527  3527 D AudioInfo: MPS_CODE : SIN, get MPS_CODE
09-17 19:49:09.620  3527  3527 W APM_AudioPolicyManager: mkdir failed for AUDIO_TUNING_PATH
09-17 19:49:09.620  3527  3527 D APM::SoundKitchen: SoundKitchen created
09-17 19:49:09.620  3527  3527 I APM::ConfigParsingUtils: loadAudioPolicyConfig() loaded /vendor/etc/audio_policy.conf
09-17 19:49:09.643  3076  3076 W         : debuggerd: resuming target 3525
09-17 19:49:09.646  3167  3167 I ServiceManager: service 'media.audio_flinger' died
09-17 19:49:09.657  3550  3550 E DEBUG   : unexpected waitpid response: n=3528, status=00000009
09-17 19:49:09.657  3550  3550 E         : debuggerd: timed out waiting for signal
09-17 19:49:09.657  3550  3550 E         : debuggerd: ptrace detach from 3528 failed: No such process
09-17 19:49:09.657  3550  3550 E         : debuggerd: failed to kill process 3528: No such process
09-17 19:49:09.658  3075  3075 W         : debuggerd: resuming target 3528
09-17 19:49:09.658  3075  3075 E         : debuggerd: failed to send signal 18 to target: No such process
09-17 19:49:09.658  3075  3075 W         : debuggerd: handling request: pid=3526 uid=0 gid=0 tid=3526
09-17 19:49:09.665  3569  3569 E         : debuggerd: Unable to connect to activity manager (connect failed: No such file or directory)
09-17 19:49:09.716  3569  3569 F DEBUG   : *** *** *** *** *** *** *** *** *** *** *** *** *** *** *** ***
09-17 19:49:09.716  3569  3569 F DEBUG   : LineageOS Version: '14.1-20170917-UNOFFICIAL-dream2lte'
09-17 19:49:09.716  3569  3569 F DEBUG   : Build fingerprint: 'samsung/dream2ltexx/dream2lte:7.0/NRD90M/G955FXXU1AQH3:user/release-keys'
09-17 19:49:09.716  3569  3569 F DEBUG   : Revision: '0'
09-17 19:49:09.716  3569  3569 F DEBUG   : ABI: 'arm'
09-17 19:49:09.716  3569  3569 F DEBUG   : pid: 3526, tid: 3526, name: app_process32  >>> /system/bin/app_process32 <<<
09-17 19:49:09.716  3569  3569 F DEBUG   : signal 6 (SIGABRT), code -6 (SI_TKILL), fault addr --------
09-17 19:49:09.716  3569  3569 F DEBUG   :     r0 00000000  r1 00000dc6  r2 00000006  r3 00000008
09-17 19:49:09.716  3569  3569 F DEBUG   :     r4 f72c158c  r5 00000006  r6 f72c1534  r7 0000010c
09-17 19:49:09.716  3569  3569 F DEBUG   :     r8 ffaf7ee0  r9 00000001  sl ffaf7f10  fp f724e010
09-17 19:49:09.716  3569  3569 F DEBUG   :     ip 00000000  sp ffaf7e78  lr f72a0f8f  pc f72a19a8  cpsr 200f0010
09-17 19:49:09.720  3569  3569 F DEBUG   : 
09-17 19:49:09.720  3569  3569 F DEBUG   : backtrace:
09-17 19:49:09.720  3569  3569 F DEBUG   :     #00 pc 000469a8  /system/bin/linker (__dl_tgkill+12)
09-17 19:49:09.720  3569  3569 F DEBUG   :     #01 pc 00045f8b  /system/bin/linker (__dl_pthread_kill+34)
09-17 19:49:09.720  3569  3569 F DEBUG   :     #02 pc 0003e32f  /system/bin/linker (__dl_raise+10)
09-17 19:49:09.720  3569  3569 F DEBUG   :     #03 pc 0003cdeb  /system/bin/linker (__dl___libc_android_abort+34)
09-17 19:49:09.720  3569  3569 F DEBUG   :     #04 pc 0003bbbc  /system/bin/linker (__dl_abort+4)
09-17 19:49:09.720  3569  3569 F DEBUG   :     #05 pc 0003de2b  /system/bin/linker (__dl___libc_fatal+22)
09-17 19:49:09.720  3569  3569 F DEBUG   :     #06 pc 00009c43  /system/bin/linker (__dl__ZL29__linker_init_post_relocationR19KernelArgumentBlockj+3146)
09-17 19:49:09.720  3569  3569 F DEBUG   :     #07 pc 00008f63  /system/bin/linker (__dl___linker_init+358)
09-17 19:49:09.720  3569  3569 F DEBUG   :     #08 pc 000027c0  /system/bin/linker (_start+4)
09-17 19:49:09.750  3075  3075 W         : debuggerd: resuming target 3526
09-17 19:49:15.396  3574  3574 F libc    : CANNOT LINK EXECUTABLE "/system/bin/cameraserver": library "libjpega.so" not found
09-17 19:49:15.396  3574  3574 F libc    : Fatal signal 6 (SIGABRT), code -6 in tid 3574 (cameraserver)
09-17 19:49:15.396  3075  3075 W         : debuggerd: handling request: pid=3574 uid=1047 gid=1023 tid=3574
09-17 19:49:15.397  3578  3578 F libc    : CANNOT LINK EXECUTABLE "/system/bin/mediaserver": library "libjpega.so" not found
09-17 19:49:15.398  3578  3578 F libc    : Fatal signal 6 (SIGABRT), code -6 in tid 3578 (mediaserver)
09-17 19:49:15.399  3580  3580 E         : debuggerd: Unable to connect to activity manager (connect failed: No such file or directory)
09-17 19:49:15.409  3579  3579 I Netd    : Netd 1.0 starting
09-17 19:49:15.409  3579  3579 D TetherController: Setting IP forward enable = 0
09-17 19:49:15.411  3579  3579 I QtiConnectivityAdapter: Failed to open libconnctrl, some features may not be present.
09-17 19:49:15.411  3579  3579 E         : Failed to open libdatactrl, some features may not be present.
09-17 19:49:15.411  3579  3579 E         : Failed to open libcsm_data, some features may not be present.
09-17 19:49:15.413  3575  3575 F libc    : CANNOT LINK EXECUTABLE "/system/bin/app_process64": cannot locate symbol "_ZN7android14CameraMetadata14getTagFromNameEPKcPKNS_19VendorTagDescriptorEPj" referenced by "/system/lib64/libandroid_runtime.so"...
09-17 19:49:15.413  3575  3575 F libc    : Fatal signal 6 (SIGABRT), code -6 in tid 3575 (app_process64)
09-17 19:49:15.413  3076  3076 W         : debuggerd: handling request: pid=3575 uid=0 gid=0 tid=3575
09-17 19:49:15.411  3086  3086 W auditd  : type=1325 audit(0.0:101): table=filter family=2 entries=10
09-17 19:49:15.411  3086  3086 W auditd  : type=1320 audit(0.0:101): 
09-17 19:49:15.415  3086  3086 W auditd  : type=1325 audit(0.0:102): table=filter family=10 entries=10
09-17 19:49:15.420  3576  3576 F libc    : CANNOT LINK EXECUTABLE "/system/bin/app_process32": cannot locate symbol "_ZN7android14CameraMetadata14getTagFromNameEPKcPKNS_19VendorTagDescriptorEPj" referenced by "/system/lib/libandroid_runtime.so"...
09-17 19:49:15.420  3576  3576 F libc    : Fatal signal 6 (SIGABRT), code -6 in tid 3576 (app_process32)
09-17 19:49:15.415  3086  3086 W auditd  : type=1320 audit(0.0:102): 
09-17 19:49:15.420  3582  3582 E         : debuggerd: Unable to connect to activity manager (connect failed: No such file or directory)
09-17 19:49:15.419  3086  3086 W auditd  : type=1325 audit(0.0:103): table=filter family=2 entries=9
09-17 19:49:15.419  3086  3086 W auditd  : type=1320 audit(0.0:103): 
09-17 19:49:15.423  3086  3086 W auditd  : type=1325 audit(0.0:104): table=filter family=10 entries=9
09-17 19:49:15.423  3086  3086 W auditd  : type=1320 audit(0.0:104): 
09-17 19:49:15.427  3086  3086 W auditd  : type=1325 audit(0.0:105): table=filter family=2 entries=9
09-17 19:49:15.427  3086  3086 W auditd  : type=1320 audit(0.0:105): 
09-17 19:49:15.431  3086  3086 W auditd  : type=1325 audit(0.0:106): table=filter family=10 entries=9
09-17 19:49:15.431  3086  3086 W auditd  : type=1320 audit(0.0:106): 
09-17 19:49:15.435  3086  3086 W auditd  : type=1325 audit(0.0:107): table=filter family=2 entries=7
09-17 19:49:15.435  3086  3086 W auditd  : type=1320 audit(0.0:107): 
09-17 19:49:15.439  3086  3086 W auditd  : type=1325 audit(0.0:108): table=filter family=10 entries=7
09-17 19:49:15.439  3086  3086 W auditd  : type=1320 audit(0.0:108): 
09-17 19:49:15.443  3086  3086 W auditd  : type=1325 audit(0.0:109): table=filter family=2 entries=9
09-17 19:49:15.443  3086  3086 W auditd  : type=1320 audit(0.0:109): 
09-17 19:49:15.450  3580  3580 F DEBUG   : *** *** *** *** *** *** *** *** *** *** *** *** *** *** *** ***
09-17 19:49:15.450  3580  3580 F DEBUG   : LineageOS Version: '14.1-20170917-UNOFFICIAL-dream2lte'
09-17 19:49:15.450  3580  3580 F DEBUG   : Build fingerprint: 'samsung/dream2ltexx/dream2lte:7.0/NRD90M/G955FXXU1AQH3:user/release-keys'
09-17 19:49:15.450  3580  3580 F DEBUG   : Revision: '0'
09-17 19:49:15.450  3580  3580 F DEBUG   : ABI: 'arm'
09-17 19:49:15.450  3580  3580 F DEBUG   : pid: 3574, tid: 3574, name: cameraserver  >>> /system/bin/cameraserver <<<
09-17 19:49:15.447  3086  3086 W auditd  : type=1325 audit(0.0:110): table=filter family=10 entries=9
09-17 19:49:15.447  3086  3086 W auditd  : type=1320 audit(0.0:110): 
09-17 19:49:15.450  3580  3580 F DEBUG   : signal 6 (SIGABRT), code -6 (SI_TKILL), fault addr --------
09-17 19:49:15.450  3580  3580 F DEBUG   :     r0 00000000  r1 00000df6  r2 00000006  r3 00000008
09-17 19:49:15.450  3580  3580 F DEBUG   :     r4 f71de58c  r5 00000006  r6 f71de534  r7 0000010c
09-17 19:49:15.450  3580  3580 F DEBUG   :     r8 ffaa4a78  r9 00000001  sl ffaa4aa0  fp f716b010
09-17 19:49:15.451  3580  3580 F DEBUG   :     ip 00000002  sp ffaa4a10  lr f71bdf8f  pc f71be9a8  cpsr 200f0010
09-17 19:49:15.454  3580  3580 F DEBUG   : 
09-17 19:49:15.454  3580  3580 F DEBUG   : backtrace:
09-17 19:49:15.454  3580  3580 F DEBUG   :     #00 pc 000469a8  /system/bin/linker (__dl_tgkill+12)
09-17 19:49:15.454  3580  3580 F DEBUG   :     #01 pc 00045f8b  /system/bin/linker (__dl_pthread_kill+34)
09-17 19:49:15.454  3580  3580 F DEBUG   :     #02 pc 0003e32f  /system/bin/linker (__dl_raise+10)
09-17 19:49:15.454  3580  3580 F DEBUG   :     #03 pc 0003cdeb  /system/bin/linker (__dl___libc_android_abort+34)
09-17 19:49:15.454  3580  3580 F DEBUG   :     #04 pc 0003bbbc  /system/bin/linker (__dl_abort+4)
09-17 19:49:15.454  3580  3580 F DEBUG   :     #05 pc 0003de2b  /system/bin/linker (__dl___libc_fatal+22)
09-17 19:49:15.454  3580  3580 F DEBUG   :     #06 pc 00009c43  /system/bin/linker (__dl__ZL29__linker_init_post_relocationR19KernelArgumentBlockj+3146)
09-17 19:49:15.454  3580  3580 F DEBUG   :     #07 pc 00008f63  /system/bin/linker (__dl___linker_init+358)
09-17 19:49:15.454  3580  3580 F DEBUG   :     #08 pc 000027c0  /system/bin/linker (_start+4)
09-17 19:49:15.465  3075  3075 W         : debuggerd: resuming target 3574
09-17 19:49:15.465  3075  3075 E         : debuggerd: failed to send signal 18 to target: No such process
09-17 19:49:15.466  3075  3075 W         : debuggerd: handling request: pid=3578 uid=1013 gid=1005 tid=3578
09-17 19:49:15.468  3600  3600 E         : debuggerd: Unable to connect to activity manager (connect failed: No such file or directory)
09-17 19:49:15.470  3582  3582 F DEBUG   : *** *** *** *** *** *** *** *** *** *** *** *** *** *** *** ***
09-17 19:49:15.470  3582  3582 F DEBUG   : LineageOS Version: '14.1-20170917-UNOFFICIAL-dream2lte'
09-17 19:49:15.470  3582  3582 F DEBUG   : Build fingerprint: 'samsung/dream2ltexx/dream2lte:7.0/NRD90M/G955FXXU1AQH3:user/release-keys'
09-17 19:49:15.470  3582  3582 F DEBUG   : Revision: '0'
09-17 19:49:15.470  3582  3582 F DEBUG   : ABI: 'arm64'
09-17 19:49:15.471  3582  3582 F DEBUG   : pid: 3575, tid: 3575, name: app_process64  >>> /system/bin/app_process64 <<<
09-17 19:49:15.471  3582  3582 F DEBUG   : signal 6 (SIGABRT), code -6 (SI_TKILL), fault addr --------
09-17 19:49:15.471  3582  3582 F DEBUG   :     x0   0000000000000000  x1   0000000000000df7  x2   0000000000000006  x3   0000000000000008
09-17 19:49:15.471  3582  3582 F DEBUG   :     x4   0000000000000030  x5   00000000000000d0  x6   fefefefefefefeff  x7   7f7f7f7f7f7f7f7f
09-17 19:49:15.471  3582  3582 F DEBUG   :     x8   0000000000000083  x9   ffffffffffffffdf  x10  0000000000000000  x11  0000000000000001
09-17 19:49:15.471  3582  3582 F DEBUG   :     x12  ffffffffffffffff  x13  0000000000000000  x14  0000000000000000  x15  0018a53c9b9a5910
09-17 19:49:15.471  3582  3582 F DEBUG   :     x16  0000007fda2f9770  x17  0000007fda2f963f  x18  00000000ffffffff  x19  0000007fa68a7b40
09-17 19:49:15.471  3582  3582 F DEBUG   :     x20  0000000000000006  x21  0000007fa68a7a98  x22  0000000000000000  x23  0000007fa67df010
09-17 19:49:15.471  3582  3582 F DEBUG   :     x24  000000000000000c  x25  0000007fda2fa3d0  x26  0000007fda2fa430  x27  0000007fa67e41b8
09-17 19:49:15.471  3582  3582 F DEBUG   :     x28  0000007fa67e4010  x29  0000007fda2fa240  x30  0000007fa6867334
09-17 19:49:15.471  3582  3582 F DEBUG   :     sp   0000007fda2fa220  pc   0000007fa6867e64  pstate 0000000060000000
09-17 19:49:15.472  3577  3577 I         : sMaxFastTracks = 8
09-17 19:49:15.473  3577  3577 I audioserver: ServiceManager: 0xf6299440
09-17 19:49:15.473  3577  3577 W BatteryNotifier: batterystats service unavailable!
09-17 19:49:15.473  3577  3577 I AudioFlinger: Using default 3000 mSec as standby time.
09-17 19:49:15.473  3577  3577 I AudioPolicyService: AudioPolicyService CSTOR in new mode
09-17 19:49:15.473  3577  3577 D AudioInfo: MPS_CODE : SIN, get MPS_CODE
09-17 19:49:15.473  3577  3577 W APM_AudioPolicyManager: mkdir failed for AUDIO_TUNING_PATH
09-17 19:49:15.473  3582  3582 F DEBUG   : 
09-17 19:49:15.473  3582  3582 F DEBUG   : backtrace:
09-17 19:49:15.474  3577  3577 D APM::SoundKitchen: SoundKitchen created
09-17 19:49:15.474  3582  3582 F DEBUG   :     #00 pc 0000000000075e64  /system/bin/linker64 (__dl_tgkill+8)
09-17 19:49:15.474  3582  3582 F DEBUG   :     #01 pc 0000000000075330  /system/bin/linker64 (__dl_pthread_kill+64)
09-17 19:49:15.474  3582  3582 F DEBUG   :     #02 pc 0000000000068e24  /system/bin/linker64 (__dl_raise+24)
09-17 19:49:15.474  3582  3582 F DEBUG   :     #03 pc 00000000000667f8  /system/bin/linker64 (__dl_abort+52)
09-17 19:49:15.474  3582  3582 F DEBUG   :     #04 pc 00000000000689ac  /system/bin/linker64 (__dl___libc_fatal+104)
09-17 19:49:15.474  3577  3577 I APM::ConfigParsingUtils: loadAudioPolicyConfig() loaded /vendor/etc/audio_policy.conf
09-17 19:49:15.474  3582  3582 F DEBUG   :     #05 pc 0000000000010e3c  /system/bin/linker64 (__dl__ZL29__linker_init_post_relocationR19KernelArgumentBlocky+6216)
09-17 19:49:15.474  3582  3582 F DEBUG   :     #06 pc 000000000000f554  /system/bin/linker64 (__dl___linker_init+528)
09-17 19:49:15.474  3582  3582 F DEBUG   :     #07 pc 0000000000006cd0  /system/bin/linker64 (_start+4)
09-17 19:49:15.501  3577  3577 V audio_hw_primary_abox: device-adev_open: enter
09-17 19:49:15.501  3577  3577 V DiamondVoice: + diamondvoice_open
09-17 19:49:15.501  3577  3577 D AudioInfo: can not find AudioDataPath for fileName:/DiamondVoice/
09-17 19:49:15.501  3577  3577 V DiamondVoice: There is no DiamondVoice tuning data in CSC 
09-17 19:49:15.501  3577  3577 V DiamondVoice: - diamondvoice_open
09-17 19:49:15.501  3577  3577 I AudioRil: ### mMultiSim : 1
09-17 19:49:15.501  3577  3577 D audio_hw_primary_abox: device-adev_open: Successed to init Voice Manager!
09-17 19:49:15.503  3076  3076 W         : debuggerd: resuming target 3575
09-17 19:49:15.506  3167  3167 I ServiceManager: service 'media.audio_flinger' died
09-17 19:49:15.518  3600  3600 E DEBUG   : unexpected waitpid response: n=3578, status=00000009
09-17 19:49:15.518  3600  3600 E         : debuggerd: timed out waiting for signal
09-17 19:49:15.518  3600  3600 E         : debuggerd: ptrace detach from 3578 failed: No such process
09-17 19:49:15.519  3600  3600 E         : debuggerd: failed to kill process 3578: No such process
09-17 19:49:15.520  3075  3075 W         : debuggerd: resuming target 3578
09-17 19:49:15.520  3075  3075 E         : debuggerd: failed to send signal 18 to target: No such process
09-17 19:49:15.520  3075  3075 W         : debuggerd: handling request: pid=3576 uid=0 gid=0 tid=3576
09-17 19:49:15.526  3620  3620 E         : debuggerd: Unable to connect to activity manager (connect failed: No such file or directory)
09-17 19:49:15.577  3620  3620 F DEBUG   : *** *** *** *** *** *** *** *** *** *** *** *** *** *** *** ***
09-17 19:49:15.577  3620  3620 F DEBUG   : LineageOS Version: '14.1-20170917-UNOFFICIAL-dream2lte'
09-17 19:49:15.577  3620  3620 F DEBUG   : Build fingerprint: 'samsung/dream2ltexx/dream2lte:7.0/NRD90M/G955FXXU1AQH3:user/release-keys'
09-17 19:49:15.577  3620  3620 F DEBUG   : Revision: '0'
09-17 19:49:15.577  3620  3620 F DEBUG   : ABI: 'arm'
09-17 19:49:15.577  3620  3620 F DEBUG   : pid: 3576, tid: 3576, name: app_process32  >>> /system/bin/app_process32 <<<
09-17 19:49:15.577  3620  3620 F DEBUG   : signal 6 (SIGABRT), code -6 (SI_TKILL), fault addr --------
09-17 19:49:15.577  3620  3620 F DEBUG   :     r0 00000000  r1 00000df8  r2 00000006  r3 00000008
09-17 19:49:15.577  3620  3620 F DEBUG   :     r4 f705c58c  r5 00000006  r6 f705c534  r7 0000010c
09-17 19:49:15.577  3620  3620 F DEBUG   :     r8 ffd16040  r9 00000001  sl ffd16070  fp f6fe9010
09-17 19:49:15.577  3620  3620 F DEBUG   :     ip 00000000  sp ffd15fd8  lr f703bf8f  pc f703c9a8  cpsr 200f0010
09-17 19:49:15.581  3620  3620 F DEBUG   : 
09-17 19:49:15.581  3620  3620 F DEBUG   : backtrace:
