11-10 14:18:56.635  3609  3609 W main    : type=1300 audit(0.0:118): arch=c00000b7 syscall=119 success=yes exit=0 a0=e19 a1=0 a2=7fc01bb570 a3=0 items=0 ppid=3171 auid=4294967295 uid=1000 gid=1000 euid=1000 suid=1000 fsuid=1000 egid=1000 sgid=1000 fsgid=1000 tty=(none) ses=4294967295 exe="/system/bin/app_process64" subj=u:r:zygote:s0 key=(null)
11-10 14:18:56.635  3077  3077 W auditd  : type=1327 audit(0.0:118): proctitle="zygote64"
11-10 14:18:56.635  3077  3077 W auditd  : type=1320 audit(0.0:118): 
11-10 14:18:56.644  3609  3609 I Zygote  : Process: zygote socket opened, supported ABIS: armeabi-v7a,armeabi
11-10 14:18:56.645  3609  3609 I InstallerConnection: connecting...
11-10 14:18:56.645  3175  3175 I         : new connection
11-10 14:18:56.663  3620  3620 I dex2oat : /system/bin/dex2oat --compiler-filter=speed
11-10 14:18:56.977  3620  3620 I dex2oat : dex2oat took 314.527ms (threads: 8) arena alloc=3MB (3306648B) java alloc=761KB (779832B) native alloc=2MB (3096688B) free=6MB (6340496B)
11-10 14:18:56.998  3630  3630 I dex2oat : /system/bin/dex2oat --compiler-filter=speed
11-10 14:18:57.086  3630  3630 I dex2oat : dex2oat took 88.440ms (threads: 8) arena alloc=661KB (677128B) java alloc=120KB (123872B) native alloc=1379KB (1412784B) free=3MB (3830096B)
11-10 14:18:57.105  3639  3639 I dex2oat : /system/bin/dex2oat --compiler-filter=speed
11-10 14:18:58.108  3639  3642 W dex2oat : Compilation of void com.android.server.SystemServer.startOtherServices() took 146.479ms
11-10 14:18:59.723  3639  3643 W dex2oat : Compilation of android.content.pm.PackageParser$Package com.android.server.pm.PackageManagerService.scanPackageDirtyLI(android.content.pm.PackageParser$Package, int, int, long, android.os.UserHandle) took 108.780ms
11-10 14:18:59.953  3639  3643 W dex2oat : Compilation of void com.android.server.pm.PackageManagerService.dump(java.io.FileDescriptor, java.io.PrintWriter, java.lang.String[]) took 122.215ms
11-10 14:19:00.503  3639  3639 I dex2oat : dex2oat took 3.398s (threads: 8) arena alloc=14MB (15483344B) java alloc=3MB (3839736B) native alloc=32MB (34096424B) free=18MB (19643096B)
11-10 14:19:00.528  3649  3649 I dex2oat : /system/bin/dex2oat --compiler-filter=speed
11-10 14:19:00.812  3649  3649 I dex2oat : dex2oat took 284.659ms (threads: 8) arena alloc=1153KB (1181240B) java alloc=181KB (186296B) native alloc=2MB (2313176B) free=4MB (4502568B)
11-10 14:19:00.833  3658  3658 I dex2oat : /system/bin/dex2oat --compiler-filter=speed
11-10 14:19:01.596  3658  3658 I dex2oat : dex2oat took 764.055ms (threads: 8) arena alloc=11MB (11612192B) java alloc=696KB (712888B) native alloc=5MB (5725520B) free=15MB (16032432B)
11-10 14:19:01.602  3609  3609 I InstallerConnection: disconnecting...
11-10 14:19:01.602  3175  3175 E         : eof
11-10 14:19:01.602  3175  3175 E         : failed to read size
11-10 14:19:01.602  3175  3175 I         : closing connection
11-10 14:19:01.605  3609  3609 W art     : Found duplicate classes, falling back to interpreter mode for /system/framework/wifi-service.jar
11-10 14:19:01.605  3609  3609 W art     : Found duplicated class when checking oat files: 'Lcom/google/protobuf/nano/MessageNano;' in /system/framework/services.jar and /system/framework/wifi-service.jar
11-10 14:19:01.629  3609  3609 I SystemServer: Entered the Android system server!
11-10 14:19:01.649  3609  3609 I SystemServiceManager: Starting com.android.server.pm.Installer
11-10 14:19:01.649  3609  3609 I Installer: Waiting for installd to be ready.
11-10 14:19:01.649  3609  3609 I InstallerConnection: connecting...
11-10 14:19:01.649  3175  3175 I         : new connection
11-10 14:19:01.649  3609  3609 I SystemServiceManager: Starting com.android.server.am.ActivityManagerService$Lifecycle
11-10 14:19:01.655  3609  3609 I ActivityManager: Memory class: 256
11-10 14:19:01.656  3609  3670 I ServiceThread: Enabled StrictMode logging for ActivityManager looper.
11-10 14:19:01.656  3609  3671 I ServiceThread: Enabled StrictMode logging for android.ui looper.
11-10 14:19:01.661  3609  3609 D BatteryStatsImpl: Reading daily items from /data/system/batterystats-daily.xml
11-10 14:19:01.684  3609  3609 I AppOps  : No existing app ops /data/system/appops.xml; starting empty
11-10 14:19:01.717  3609  3609 I IntentFirewall: Read new rules (A:0 B:0 S:0)
11-10 14:19:01.720  3609  3677 I ServiceThread: Enabled StrictMode logging for android.display looper.
11-10 14:19:01.722  3609  3609 D AppOps  : AppOpsService published
11-10 14:19:01.722  3609  3609 I SystemServiceManager: Starting com.android.server.power.PowerManagerService
11-10 14:19:01.723  3609  3679 I ServiceThread: Enabled StrictMode logging for PowerManagerService looper.
11-10 14:19:01.726  3609  3609 I SamsungPowerHAL: Initialized settings:
11-10 14:19:01.726  3609  3609 I SamsungPowerHAL: max_freqs: cluster[0]: 1690000, cluster[1]: 2314000
11-10 14:19:01.726  3609  3609 I SamsungPowerHAL: hispeed_freqs: cluster[0]: 1690000, cluster[1]: 2496000
11-10 14:19:01.726  3609  3609 I SamsungPowerHAL: boostpulse_fd: 62
11-10 14:19:01.726  3609  3609 I SamsungPowerHAL: touchscreen_power_path: /sys/class/input/input0/enabled
11-10 14:19:01.726  3609  3609 I SamsungPowerHAL: touchkey_power_path: NULL
11-10 14:19:01.726  3609  3609 W libsuspend: Error writing 'on' to /sys/power/state: Invalid argument
11-10 14:19:01.726  3609  3609 I libsuspend: Selected wakeup count
11-10 14:19:01.728  3609  3609 I SystemServiceManager: Starting com.android.server.lights.LightsService
11-10 14:19:01.730  3609  3609 I SystemServiceManager: Starting com.android.server.display.DisplayManagerService
11-10 14:19:01.732  3609  3609 I SystemServiceManager: Starting phase 100
11-10 14:19:01.733  3609  3677 W LocalDisplayAdapter: Unable to get active color mode for display device 0
11-10 14:19:01.733  3609  3677 E LocalDisplayAdapter: Default and active color mode is no longer available! Reverting to first available mode.
11-10 14:19:01.733  3149  3194 E SurfaceFlinger: getDefaultDisplay: id=2 is not a valid default display id
11-10 14:19:01.733  3609  3677 I DisplayManagerService: Display device added: DisplayDeviceInfo{"Built-in Screen": uniqueId="local:0", 1440 x 2960, modeId 1, defaultModeId 1, supportedModes [{id=1, width=1440, height=2960, fps=60.000004}], colorMode -22, supportedColorModes [-22], HdrCapabilities android.view.Display$HdrCapabilities@a69d6308, density 560, 522.514 x 525.762 dpi, appVsyncOff 1000000, presDeadline 16666666, touch INTERNAL, rotation 0, type BUILT_IN, state UNKNOWN, FLAG_DEFAULT_DISPLAY, FLAG_ROTATES_WITH_CONTENT, FLAG_SECURE, FLAG_SUPPORTS_PROTECTED_BUFFERS}
11-10 14:19:01.734  3149  3149 D SurfaceFlinger: Set power mode=2, type=0 flinger=0x7f9ec48000
11-10 14:19:01.734  3149  3149 D SurfaceFlinger: Screen type=0 is already mode=2
11-10 14:19:01.741  3609  3677 I DisplayManagerService: Display device changed state: "Built-in Screen", ON
11-10 14:19:01.741  3609  3609 I SystemServer: StartPackageManagerService
11-10 14:19:01.745  3609  3609 W FileUtils: Failed to chmod(/data/system/packages.list): android.system.ErrnoException: chmod failed: ENOENT (No such file or directory)
11-10 14:19:01.794  3609  3609 D SELinuxMMAC: Using policy file /system/etc/security/mac_permissions.xml
11-10 14:19:01.796  3609  3609 I PackageManager: No settings file; creating initial state
11-10 14:19:01.814  3684  3684 I dex2oat : /system/bin/dex2oat --compiler-filter=speed
11-10 14:19:02.101  3684  3684 I dex2oat : dex2oat took 287.493ms (threads: 8) arena alloc=2MB (2617112B) java alloc=689KB (706336B) native alloc=2MB (2591552B) free=5MB (5272768B)
11-10 14:19:02.120  3693  3693 I dex2oat : /system/bin/dex2oat --compiler-filter=speed
11-10 14:19:02.195  3693  3693 I dex2oat : dex2oat took 75.112ms (threads: 8) arena alloc=480KB (492352B) java alloc=274KB (280888B) native alloc=1289KB (1319992B) free=3MB (3398600B)
11-10 14:19:02.213  3702  3702 I dex2oat : /system/bin/dex2oat --compiler-filter=speed
11-10 14:19:02.285  3702  3702 I dex2oat : dex2oat took 72.132ms (threads: 8) arena alloc=247KB (253104B) java alloc=51KB (53128B) native alloc=1093KB (1119640B) free=1466KB (1501800B)
11-10 14:19:02.303  3711  3711 I dex2oat : /system/bin/dex2oat --compiler-filter=speed
11-10 14:19:02.404  3711  3711 I dex2oat : dex2oat took 100.919ms (threads: 8) arena alloc=3MB (3709792B) java alloc=166KB (170296B) native alloc=1246KB (1276272B) free=6MB (6588048B)
11-10 14:19:02.422  3720  3720 I dex2oat : /system/bin/dex2oat --compiler-filter=speed
11-10 14:19:02.496  3720  3720 I dex2oat : dex2oat took 74.673ms (threads: 8) arena alloc=702KB (718912B) java alloc=86KB (89008B) native alloc=992KB (1015816B) free=4MB (4227064B)
11-10 14:19:02.515  3729  3729 I dex2oat : /system/bin/dex2oat --compiler-filter=speed
11-10 14:19:02.655  3729  3729 I dex2oat : dex2oat took 140.732ms (threads: 8) arena alloc=1420KB (1455032B) java alloc=290KB (297632B) native alloc=1441KB (1475632B) free=4MB (4291536B)
11-10 14:19:02.658  3609  3609 E art     : DexFile_getDexOptNeeded file '/system/framework/org.apache.http.legacy.jar' does not exist
11-10 14:19:02.658  3609  3609 W PackageManager: Library not found: /system/framework/org.apache.http.legacy.jar
11-10 14:19:02.674  3738  3738 I dex2oat : /system/bin/dex2oat --compiler-filter=speed
11-10 14:19:02.742  3738  3738 I dex2oat : dex2oat took 68.444ms (threads: 8) arena alloc=457KB (468720B) java alloc=105KB (107576B) native alloc=1182KB (1210776B) free=2MB (2983528B)
11-10 14:19:02.761  3747  3747 I dex2oat : /system/bin/dex2oat --compiler-filter=speed
11-10 14:19:02.829  3747  3747 I dex2oat : dex2oat took 68.295ms (threads: 8) arena alloc=300KB (308168B) java alloc=88KB (90768B) native alloc=1091KB (1117512B) free=2MB (2552504B)
11-10 14:19:02.847  3756  3756 I dex2oat : /system/bin/dex2oat --compiler-filter=speed
11-10 14:19:02.869  3756  3756 I dex2oat : dex2oat took 22.492ms (threads: 8) arena alloc=84KB (86488B) java alloc=59KB (61128B) native alloc=1045KB (1070720B) free=2026KB (2075008B)
11-10 14:19:02.886  3765  3765 I dex2oat : /system/bin/dex2oat --compiler-filter=speed
11-10 14:19:02.922  3765  3765 I dex2oat : dex2oat took 35.864ms (threads: 8) arena alloc=518KB (531088B) java alloc=235KB (240800B) native alloc=1298KB (1329832B) free=3MB (3913048B)
11-10 14:19:02.940  3774  3774 I dex2oat : /system/bin/dex2oat --compiler-filter=speed
11-10 14:19:02.967  3774  3774 I dex2oat : dex2oat took 27.201ms (threads: 8) arena alloc=253KB (259560B) java alloc=37KB (38472B) native alloc=1108KB (1135088B) free=1963KB (2010640B)
11-10 14:19:02.984  3783  3783 I dex2oat : /system/bin/dex2oat --compiler-filter=speed
11-10 14:19:03.053  3783  3783 I dex2oat : dex2oat took 69.192ms (threads: 8) arena alloc=2MB (2672432B) java alloc=127KB (130144B) native alloc=1342KB (1374240B) free=5MB (5441504B)
11-10 14:19:03.072  3792  3792 I dex2oat : /system/bin/dex2oat --compiler-filter=speed
11-10 14:19:03.176  3792  3792 I dex2oat : dex2oat took 104.413ms (threads: 8) arena alloc=2MB (2220160B) java alloc=348KB (357304B) native alloc=1273KB (1304432B) free=5MB (5511312B)
11-10 14:19:03.179  3609  3609 E art     : DexFile_getDexOptNeeded file '/system/framework/org.apache.http.legacy.jar' does not exist
11-10 14:19:03.180  3609  3609 W PackageManager: Library not found: /system/framework/org.apache.http.legacy.jar
11-10 14:19:03.196  3801  3801 I dex2oat : /system/bin/dex2oat --compiler-filter=speed
11-10 14:19:03.228  3801  3801 I dex2oat : dex2oat took 32.296ms (threads: 8) arena alloc=567KB (580936B) java alloc=73KB (75440B) native alloc=1149KB (1177320B) free=3MB (3541272B)
11-10 14:19:03.246  3810  3810 I dex2oat : /system/bin/dex2oat --compiler-filter=speed
11-10 14:19:03.273  3810  3810 I dex2oat : dex2oat took 27.321ms (threads: 8) arena alloc=251KB (257480B) java alloc=71KB (73656B) native alloc=1094KB (1120480B) free=1977KB (2025248B)
11-10 14:19:03.291  3819  3819 I dex2oat : /system/bin/dex2oat --compiler-filter=speed
11-10 14:19:03.315  3819  3819 I dex2oat : dex2oat took 24.085ms (threads: 8) arena alloc=102KB (105336B) java alloc=59KB (61384B) native alloc=1052KB (1077960B) free=2MB (3116344B)
11-10 14:19:03.317  3609  3609 D PackageManager: No files in app dir /vendor/overlay
11-10 14:19:03.317  3609  3609 D PackageManager: start scanDirLI:/system/framework
11-10 14:19:03.317  3609  3609 D PackageManager: max thread:6
11-10 14:19:03.325  3609  3829 I PackageManager: /system/framework/org.cyanogenmod.platform-res.apk changed; collecting certs
11-10 14:19:03.330  3609  3828 I PackageManager: /system/framework/framework-res.apk changed; collecting certs
11-10 14:19:03.331  3609  3829 W PackageManager: Permission cyanogenmod.permission.WRITE_ALARMS from package cyanogenmod.platform in an unknown group android.permission-group.SYSTEM_CLOCK
11-10 14:19:03.331  3609  3829 W PackageManager: Permission cyanogenmod.permission.MANAGE_ALARMS from package cyanogenmod.platform in an unknown group android.permission-group.SYSTEM_CLOCK
11-10 14:19:03.331  3609  3829 W PackageManager: Permission cyanogenmod.permission.READ_ALARMS from package cyanogenmod.platform in an unknown group android.permission-group.SYSTEM_CLOCK
11-10 14:19:03.386  3609  3609 D PackageManager: end scanDirLI:/system/framework
11-10 14:19:03.386  3609  3609 D PackageManager: start scanDirLI:/system/priv-app
11-10 14:19:03.386  3609  3609 D PackageManager: max thread:6
11-10 14:19:03.399  3609  3832 I PackageManager: /system/priv-app/BlockedNumberProvider changed; collecting certs
11-10 14:19:03.399  3609  3828 I PackageManager: /system/priv-app/CMSettingsProvider changed; collecting certs
11-10 14:19:03.399  3609  3831 I PackageManager: /system/priv-app/BackupRestoreConfirmation changed; collecting certs
11-10 14:19:03.401  3609  3830 I PackageManager: /system/priv-app/AudioFX changed; collecting certs
11-10 14:19:03.401  3609  3832 I PackageManager: New shared user android.uid.shared: id=10000
11-10 14:19:03.403  3609  3833 I PackageManager: /system/priv-app/CMAudioService changed; collecting certs
11-10 14:19:03.408  3609  3828 I PackageManager: /system/priv-app/CallLogBackup changed; collecting certs
11-10 14:19:03.410  3609  3829 I PackageManager: /system/priv-app/CMParts changed; collecting certs
11-10 14:19:03.411  3609  3831 I PackageManager: /system/priv-app/CarrierConfig changed; collecting certs
11-10 14:19:03.412  3609  3832 I PackageManager: /system/priv-app/CalendarProvider changed; collecting certs
11-10 14:19:03.417  3609  3832 I PackageManager: New shared user android.uid.calendar: id=10005
11-10 14:19:03.418  3609  3833 I PackageManager: /system/priv-app/CellBroadcastReceiver changed; collecting certs
11-10 14:19:03.421  3609  3828 I PackageManager: /system/priv-app/ContactsProvider changed; collecting certs
11-10 14:19:03.423  3609  3832 I PackageManager: /system/priv-app/DefaultContainerService changed; collecting certs
11-10 14:19:03.425  3609  3831 I PackageManager: /system/priv-app/CtsShimPrivPrebuilt changed; collecting certs
11-10 14:19:03.427  3609  3830 W PackageParser: No actions in intent filter at /system/priv-app/Contacts/Contacts.apk Binary XML file line #431
11-10 14:19:03.429  3609  3830 I PackageManager: /system/priv-app/Contacts changed; collecting certs
11-10 14:19:03.438  3609  3832 I PackageManager: /system/priv-app/DocumentsUI changed; collecting certs
11-10 14:19:03.439  3609  3831 I PackageManager: /system/priv-app/Eleven changed; collecting certs
11-10 14:19:03.443  3609  3829 I PackageManager: /system/priv-app/DownloadProvider changed; collecting certs
11-10 14:19:03.447  3609  3833 I PackageManager: /system/priv-app/EmergencyInfo changed; collecting certs
11-10 14:19:03.447  3609  3829 I PackageManager: New shared user android.media: id=10009
11-10 14:19:03.448  3609  3829 W PackageManager: Permission android.permission.DOWNLOAD_WITHOUT_NOTIFICATION from package com.android.providers.downloads in an unknown group android.permission-group.NETWORK
11-10 14:19:03.454  3609  3829 I PackageManager: /system/priv-app/ExtServices changed; collecting certs
11-10 14:19:03.458  3609  3832 I PackageManager: /system/priv-app/ExternalStorageProvider changed; collecting certs
11-10 14:19:03.462  3609  3829 I PackageManager: /system/priv-app/FusedLocation changed; collecting certs
11-10 14:19:03.463  3609  3833 I PackageManager: New shared user com.android.emergency.uid: id=10015
11-10 14:19:03.465  3609  3828 W PackageParser: No actions in intent filter at /system/priv-app/Dialer/Dialer.apk Binary XML file line #207
11-10 14:19:03.466  3609  3828 I PackageManager: /system/priv-app/Dialer changed; collecting certs
11-10 14:19:03.470  3609  3831 I PackageManager: /system/priv-app/InputDevices changed; collecting certs
11-10 14:19:03.474  3609  3833 I PackageManager: /system/priv-app/MediaProvider changed; collecting certs
11-10 14:19:03.475  3609  3832 I PackageManager: /system/priv-app/Gallery2 changed; collecting certs
11-10 14:19:03.476  3609  3831 I PackageManager: /system/priv-app/MmsService changed; collecting certs
11-10 14:19:03.477  3609  3829 I PackageManager: /system/priv-app/ManagedProvisioning changed; collecting certs
11-10 14:19:03.479  3609  3830 I PackageManager: /system/priv-app/LineageSetupWizard changed; collecting certs
11-10 14:19:03.485  3609  3831 I PackageManager: /system/priv-app/OneTimeInitializer changed; collecting certs
11-10 14:19:03.487  3609  3833 I PackageManager: /system/priv-app/MtpDocumentsProvider changed; collecting certs
11-10 14:19:03.493  3609  3831 I PackageManager: /system/priv-app/ProxyHandler changed; collecting certs
11-10 14:19:03.504  3609  3828 I PackageManager: /system/priv-app/SharedStorageBackup changed; collecting certs
11-10 14:19:03.504  3609  3831 I PackageManager: /system/priv-app/SettingsProvider changed; collecting certs
11-10 14:19:03.505  3609  3829 I PackageManager: /system/priv-app/PackageInstaller changed; collecting certs
11-10 14:19:03.506  3609  3833 I PackageManager: /system/priv-app/Recorder changed; collecting certs
11-10 14:19:03.512  3609  3831 I PackageManager: /system/priv-app/StatementService changed; collecting certs
11-10 14:19:03.515  3609  3828 W PackageParser: Ignoring duplicate uses-permissions/uses-permissions-sdk-m: android.permission.INSTALL_GRANT_RUNTIME_PERMISSIONS in package: com.android.shell at: Binary XML file line #102
11-10 14:19:03.516  3609  3828 I PackageManager: /system/priv-app/Shell changed; collecting certs
11-10 14:19:03.520  3609  3831 I PackageManager: /system/priv-app/Tag changed; collecting certs
11-10 14:19:03.528  3609  3833 I PackageManager: /system/priv-app/StorageManager changed; collecting certs
11-10 14:19:03.531  3609  3831 I PackageManager: /system/priv-app/TelephonyProvider changed; collecting certs
11-10 14:19:03.540  3609  3829 I PackageManager: /system/priv-app/Telecom changed; collecting certs
11-10 14:19:03.544  3609  3831 I PackageManager: /system/priv-app/Trebuchet changed; collecting certs
11-10 14:19:03.546  3609  3832 W PackageParser: Ignoring duplicate uses-permissions/uses-permissions-sdk-m: android.permission.CONFIGURE_WIFI_DISPLAY in package: com.android.systemui at: Binary XML file line #117
11-10 14:19:03.550  3609  3832 I PackageManager: /system/priv-app/SystemUI changed; collecting certs
11-10 14:19:03.553  3609  3831 W PackageManager: Permission com.android.launcher.permission.INSTALL_SHORTCUT from package com.cyanogenmod.trebuchet in an unknown group android.permission-group.SYSTEM_TOOLS
11-10 14:19:03.553  3609  3831 W PackageManager: Permission com.android.launcher3.permission.READ_SETTINGS from package com.cyanogenmod.trebuchet in an unknown group android.permission-group.SYSTEM_TOOLS
11-10 14:19:03.553  3609  3831 W PackageManager: Permission com.android.launcher3.permission.WRITE_SETTINGS from package com.cyanogenmod.trebuchet in an unknown group android.permission-group.SYSTEM_TOOLS
11-10 14:19:03.556  3609  3833 I PackageManager: /system/priv-app/Updater changed; collecting certs
11-10 14:19:03.559  3609  3828 I PackageManager: /system/priv-app/TeleService changed; collecting certs
11-10 14:19:03.560  3609  3829 I PackageManager: /system/priv-app/VpnDialogs changed; collecting certs
11-10 14:19:03.561  3609  3831 I PackageManager: /system/priv-app/WallpaperCropper changed; collecting certs
11-10 14:19:03.570  3609  3829 I PackageManager: /system/priv-app/WeatherManagerService changed; collecting certs
11-10 14:19:03.571  3609  3831 I PackageManager: /system/priv-app/WeatherProvider changed; collecting certs
11-10 14:19:03.587  3609  3830 W PackageParser: Ignoring duplicate uses-permissions/uses-permissions-sdk-m: android.permission.USE_CREDENTIALS in package: com.android.settings at: Binary XML file line #56
11-10 14:19:03.587  3609  3830 W PackageParser: Ignoring duplicate uses-permissions/uses-permissions-sdk-m: android.permission.READ_SYNC_SETTINGS in package: com.android.settings at: Binary XML file line #61
11-10 14:19:03.587  3609  3830 W PackageParser: Ignoring duplicate uses-permissions/uses-permissions-sdk-m: android.permission.WRITE_SYNC_SETTINGS in package: com.android.settings at: Binary XML file line #62
11-10 14:19:03.589  3609  3832 I PackageManager: New shared user android.uid.systemui: id=10033
11-10 14:19:03.599  3609  3830 I PackageManager: /system/priv-app/Settings changed; collecting certs
11-10 14:19:03.671  3609  3609 D PackageManager: end scanDirLI:/system/priv-app
11-10 14:19:03.671  3609  3609 D PackageManager: start scanDirLI:/system/app
11-10 14:19:03.671  3609  3609 D PackageManager: max thread:6
11-10 14:19:03.675  3609  3832 I PackageManager: /system/app/BookmarkProvider changed; collecting certs
11-10 14:19:03.678  3609  3829 I PackageManager: /system/app/BasicDreams changed; collecting certs
11-10 14:19:03.678  3609  3828 I PackageManager: /system/app/BluetoothMidiService changed; collecting certs
11-10 14:19:03.683  3609  3830 I PackageManager: /system/app/Calendar changed; collecting certs
11-10 14:19:03.684  3609  3829 I PackageManager: /system/app/CaptivePortalLogin changed; collecting certs
11-10 14:19:03.686  3609  3831 W PackageParser: No actions in intent filter at /system/app/Bluetooth/Bluetooth.apk Binary XML file line #226
11-10 14:19:03.687  3609  3833 I PackageManager: /system/app/AdvancedDisplay changed; collecting certs
11-10 14:19:03.687  3609  3831 I PackageManager: /system/app/Bluetooth changed; collecting certs
11-10 14:19:03.690  3609  3828 I PackageManager: /system/app/CertInstaller changed; collecting certs
11-10 14:19:03.691  3609  3829 I PackageManager: /system/app/CtsShimPrebuilt changed; collecting certs
11-10 14:19:03.693  3609  3829 W PackageManager: Non-privileged app; cap priority to 0; package: com.android.cts.ctsshim activity: com.android.cts.ctsshim.InstallPriority origPrio: 100
11-10 14:19:03.693  3609  3829 W PackageManager: Non-privileged app; cap priority to 0; package: com.android.cts.ctsshim activity: com.android.cts.ctsshim.InstallPriority origPrio: 100
11-10 14:19:03.693  3609  3829 W PackageManager: Non-privileged app; cap priority to 0; package: com.android.cts.ctsshim activity: com.android.cts.ctsshim.InstallPriority origPrio: 100
11-10 14:19:03.693  3609  3829 W PackageManager: Non-privileged app; cap priority to 0; package: com.android.cts.ctsshim activity: com.android.cts.ctsshim.InstallPriority origPrio: 100
11-10 14:19:03.693  3609  3829 W PackageManager: Non-privileged app; cap priority to 0; package: com.android.cts.ctsshim activity: com.android.cts.ctsshim.InstallPriority origPrio: 100
11-10 14:19:03.695  3609  3830 W PackageManager: Non-privileged app; cap priority to 0; package: com.android.calendar activity: com.android.calendar.GoogleCalendarUriIntentFilter origPrio: 50
11-10 14:19:03.699  3609  3832 I PackageManager: /system/app/Camera2 changed; collecting certs
11-10 14:19:03.706  3609  3829 W PackageParser: Ignoring duplicate uses-permissions/uses-permissions-sdk-m: android.permission.WRITE_SETTINGS in package: com.android.deskclock at: Binary XML file line #45
11-10 14:19:03.707  3609  3830 I PackageManager: /system/app/Development changed; collecting certs
11-10 14:19:03.707  3609  3833 I PackageManager: /system/app/EasterEgg changed; collecting certs
11-10 14:19:03.709  3609  3828 I PackageManager: /system/app/DownloadProviderUi changed; collecting certs
11-10 14:19:03.710  3609  3829 I PackageManager: /system/app/DeskClock changed; collecting certs
11-10 14:19:03.715  3609  3833 I PackageManager: /system/app/ExtShared changed; collecting certs
11-10 14:19:03.721  3609  3830 I PackageManager: /system/app/ExactCalculator changed; collecting certs
11-10 14:19:03.726  3609  3833 I PackageManager: /system/app/HTMLViewer changed; collecting certs
11-10 14:19:03.727  3609  3828 I PackageManager: /system/app/Exchange2 changed; collecting certs
11-10 14:19:03.734  3609  3831 I PackageManager: /system/app/Email changed; collecting certs
11-10 14:19:03.734  3609  3829 I PackageManager: /system/app/KeyChain changed; collecting certs
11-10 14:19:03.737  3609  3830 I PackageManager: /system/app/Jelly changed; collecting certs
11-10 14:19:03.741  3609  3828 I PackageManager: /system/app/LockClock changed; collecting certs
11-10 14:19:03.742  3609  3832 I PackageManager: /system/app/LiveWallpapersPicker changed; collecting certs
11-10 14:19:03.746  3609  3829 W PackageParser: Ignoring duplicate uses-permissions/uses-permissions-sdk-m: android.permission.CHANGE_WIFI_STATE in package: com.android.nfc at: Binary XML file line #47
11-10 14:19:03.746  3609  3829 W PackageParser: Ignoring duplicate uses-permissions/uses-permissions-sdk-m: android.permission.ACCESS_WIFI_STATE in package: com.android.nfc at: Binary XML file line #48
11-10 14:19:03.749  3609  3829 I PackageManager: /system/app/NfcNci changed; collecting certs
11-10 14:19:03.753  3609  3830 I PackageManager: /system/app/PacProcessor changed; collecting certs
11-10 14:19:03.760  3609  3831 W PackageManager: Permission com.android.email.permission.READ_ATTACHMENT from package com.android.email in an unknown group android.permission-group.MESSAGES
11-10 14:19:03.761  3609  3829 I PackageManager: /system/app/PicoTts changed; collecting certs
11-10 14:19:03.762  3609  3830 I PackageManager: /system/app/PrintRecommendationService changed; collecting certs
11-10 14:19:03.762  3609  3832 I PackageManager: /system/app/PhotoTable changed; collecting certs
11-10 14:19:03.764  3609  3833 I PackageManager: /system/app/LatinIME changed; collecting certs
11-10 14:19:03.767  3609  3831 I PackageManager: /system/app/Profiles changed; collecting certs
11-10 14:19:03.769  3609  3828 I PackageManager: /system/app/PrintSpooler changed; collecting certs
11-10 14:19:03.772  3609  3829 I PackageManager: /system/app/Stk changed; collecting certs
11-10 14:19:03.772  3609  3831 I PackageManager: /system/app/WAPPushManager changed; collecting certs
11-10 14:19:03.775  3609  3832 I PackageManager: /system/app/UserDictionaryProvider changed; collecting certs
11-10 14:19:03.775  3609  3830 I PackageManager: /system/app/Terminal changed; collecting certs
11-10 14:19:03.776  3609  3828 W PackageManager: Failed to parse /system/app/mcRegistry: Missing base APK in /system/app/mcRegistry
11-10 14:19:03.783  3609  3831 I PackageManager: /system/app/WallpaperBackup changed; collecting certs
11-10 14:19:03.783  3609  3829 I PackageManager: /system/app/WallpaperPicker changed; collecting certs
11-10 14:19:03.792  3609  3832 I PackageManager: /system/app/webview changed; collecting certs
11-10 14:19:03.805  3609  3828 I PackageManager: /system/app/messaging changed; collecting certs
11-10 14:19:04.046  3170  3170 D wrapperGPS: wrapperisConnected_RILD
11-10 14:19:04.046  3170  3170 D wrapperGPS: wrapperConnect_RILD
11-10 14:19:04.046  3170  3170 D gpsd    : WakeLock(Release,GPSD)
11-10 14:19:04.126  3609  3609 D PackageManager: end scanDirLI:/system/app
11-10 14:19:04.126  3609  3609 D PackageManager: No files in app dir /system/vendor/app
11-10 14:19:04.127  3609  3609 D PackageManager: No files in app dir /oem/app
11-10 14:19:04.127  3609  3609 D PackageManager: No files in app dir /data/app
11-10 14:19:04.127  3609  3609 D PackageManager: No files in app dir /data/app-private
11-10 14:19:04.127  3609  3609 D PackageManager: No files in app dir /data/app-ephemeral
11-10 14:19:04.128  3609  3609 E PackageManager: There should probably be exactly one setup wizard; found 0: matches=[]
11-10 14:19:04.128  3609  3609 W PackageManager: Protected action; cap priority to 0; package: com.android.cts.priv.ctsshim activity: com.android.cts.priv.ctsshim.InstallPriority origPrio: 100
11-10 14:19:04.128  3609  3609 W PackageManager: Protected action; cap priority to 0; package: com.android.cts.priv.ctsshim activity: com.android.cts.priv.ctsshim.InstallPriority origPrio: 100
11-10 14:19:04.128  3609  3609 W PackageManager: Protected action; cap priority to 0; package: com.android.cts.priv.ctsshim activity: com.android.cts.priv.ctsshim.InstallPriority origPrio: 100
11-10 14:19:04.128  3609  3609 W PackageManager: Protected action; cap priority to 0; package: com.android.cts.priv.ctsshim activity: com.android.cts.priv.ctsshim.InstallPriority origPrio: 100
11-10 14:19:04.128  3609  3609 W PackageManager: Protected action; cap priority to 0; package: com.android.packageinstaller activity: com.android.packageinstaller.PackageInstallerActivity origPrio: 1
11-10 14:19:04.128  3609  3609 W PackageManager: Package com.android.gallery3d desires unavailable shared library com.google.android.media.effects; ignoring!
11-10 14:19:04.128  3609  3609 W PackageManager: Package com.android.gallery3d desires unavailable shared library com.google.android.media.effects; ignoring!
11-10 14:19:04.128  3609  3609 I PackageManager: Adjusting ABI for com.android.providers.downloads to arm64-v8a (requirer=com.android.mtp, scannedPackage=null)
11-10 14:19:04.129  3609  3609 I PackageManager: Adjusting ABI for com.android.providers.media to arm64-v8a (requirer=com.android.mtp, scannedPackage=null)
11-10 14:19:04.129  3609  3609 I PackageManager: Adjusting ABI for com.android.providers.downloads.ui to arm64-v8a (requirer=com.android.mtp, scannedPackage=null)
11-10 14:19:04.129  3609  3609 I PackageManager: Adjusting ABI for com.android.wallpaperbackup to arm64-v8a (requirer=android, scannedPackage=null)
11-10 14:19:04.129  3609  3609 I PackageManager: Adjusting ABI for com.android.keychain to arm64-v8a (requirer=android, scannedPackage=null)
11-10 14:19:04.129  3609  3609 I PackageManager: Adjusting ABI for com.cyanogenmod.settings.device to arm64-v8a (requirer=android, scannedPackage=null)
11-10 14:19:04.129  3609  3609 I PackageManager: Adjusting ABI for com.android.development to arm64-v8a (requirer=android, scannedPackage=null)
11-10 14:19:04.129  3609  3609 I PackageManager: Adjusting ABI for com.android.location.fused to arm64-v8a (requirer=android, scannedPackage=null)
11-10 14:19:04.130  3609  3609 I PackageManager: Adjusting ABI for com.cyanogenmod.setupwizard to arm64-v8a (requirer=android, scannedPackage=null)
11-10 14:19:04.130  3609  3609 I PackageManager: Adjusting ABI for com.android.providers.settings to arm64-v8a (requirer=android, scannedPackage=null)
11-10 14:19:04.130  3609  3609 I PackageManager: Adjusting ABI for com.android.inputdevices to arm64-v8a (requirer=android, scannedPackage=null)
11-10 14:19:04.130  3609  3609 I PackageManager: Adjusting ABI for cyanogenmod.platform to arm64-v8a (requirer=android, scannedPackage=null)
11-10 14:19:04.130  3175  3175 E         : invalid apk path '/system/framework/org.cyanogenmod.platform-res.apk' (bad prefix)
11-10 14:19:04.130  3609  3609 I PackageManager: Adjusting ABI for com.android.settings to arm64-v8a (requirer=android, scannedPackage=null)
11-10 14:19:04.130  3609  3609 I PackageManager: Adjusting ABI for com.android.server.telecom to arm64-v8a (requirer=android, scannedPackage=null)
11-10 14:19:04.131  3609  3609 I PackageManager: Adjusting ABI for org.cyanogenmod.cmsettings to arm64-v8a (requirer=android, scannedPackage=null)
11-10 14:19:04.131  3609  3609 I PackageManager: Adjusting ABI for org.cyanogenmod.cmparts to arm64-v8a (requirer=android, scannedPackage=null)
11-10 14:19:04.131  3609  3609 I PackageManager: Time to scan packages: 2.334 seconds
11-10 14:19:04.131  3609  3609 W PackageManager: Unknown permission com.google.android.googleapps.permission.GOOGLE_AUTH in package com.android.providers.calendar
11-10 14:19:04.131  3609  3609 W PackageManager: Unknown permission com.google.android.googleapps.permission.GOOGLE_AUTH.cl in package com.android.providers.calendar
11-10 14:19:04.132  3609  3609 W PackageManager: Unknown permission cyanogenmod.permission.LEGALESE in package com.cyanogenmod.setupwizard
11-10 14:19:04.132  3609  3609 W PackageManager: Unknown permission com.android.gallery3d.permission.STORAGE_CHANGE in package com.android.camera2
11-10 14:19:04.132  3609  3609 W PackageManager: Unknown permission android.permission.NFC_UNLOCK in package com.android.nfc
11-10 14:19:04.132  3609  3609 W PackageManager: Unknown permission com.google.android.googleapps.permission.GOOGLE_AUTH.mail in package com.android.calendar
11-10 14:19:04.132  3609  3609 W PackageManager: Unknown permission com.android.launcher.permission.READ_SETTINGS in package com.android.onetimeinitializer
11-10 14:19:04.132  3609  3609 W PackageManager: Unknown permission com.android.launcher.permission.WRITE_SETTINGS in package com.android.onetimeinitializer
11-10 14:19:04.133  3609  3609 W PackageManager: Unknown permission com.android.launcher.permission.READ_SETTINGS in package com.cyanogenmod.trebuchet
11-10 14:19:04.133  3609  3609 W PackageManager: Unknown permission com.android.launcher.permission.WRITE_SETTINGS in package com.cyanogenmod.trebuchet
11-10 14:19:04.133  3609  3609 W PackageManager: Unknown permission com.google.android.permission.INSTALL_WEARABLE_PACKAGES in package com.android.packageinstaller
11-10 14:19:04.133  3609  3609 W PackageManager: Not granting permission android.permission.DELETE_PACKAGES to package com.svox.pico (protectionLevel=18 flags=0x3808be45)
11-10 14:19:04.133  3609  3609 W PackageManager: Unknown permission com.google.android.gallery3d.permission.PICASA_STORE in package com.android.dreams.phototable
11-10 14:19:04.133  3609  3609 W PackageManager: Unknown permission com.google.android.googleapps.permission.GOOGLE_AUTH in package com.android.settings
11-10 14:19:04.133  3609  3609 W PackageManager: Unknown permission com.android.launcher.permission.READ_SETTINGS in package com.android.settings
11-10 14:19:04.133  3609  3609 W PackageManager: Unknown permission com.android.launcher.permission.WRITE_SETTINGS in package com.android.settings
11-10 14:19:04.134  3609  3609 W PackageManager: Not granting permission android.permission.MANAGE_DOCUMENTS to package com.android.deskclock (protectionLevel=2 flags=0x3c49be45)
11-10 14:19:04.134  3609  3609 W PackageManager: Unknown permission com.android.deskclock.worldclock.permissions.WRITE_DATABASE in package com.android.deskclock
11-10 14:19:04.134  3609  3609 W PackageManager: Unknown permission org.codeaurora.permission.POWER_ON_ALERT in package com.android.deskclock
11-10 14:19:04.134  3609  3609 W PackageManager: Not granting permission android.permission.WRITE_SECURE_SETTINGS to package com.android.deskclock (protectionLevel=50 flags=0x3c49be45)
11-10 14:19:04.134  3609  3609 W PackageManager: Unknown permission com.cyanogenmod.lockclock.permission.READ_WEATHER in package com.android.systemui
11-10 14:19:04.135  3609  3609 W PackageManager: Unknown permission com.google.android.gallery3d.permission.GALLERY_PROVIDER in package com.android.bluetooth
11-10 14:19:04.135  3609  3609 W PackageManager: Unknown permission com.google.android.googleapps.permission.ACCESS_GOOGLE_PASSWORD in package com.android.development
11-10 14:19:04.135  3609  3609 W PackageManager: Unknown permission com.google.android.googleapps.permission.GOOGLE_AUTH in package com.android.development
11-10 14:19:04.135  3609  3609 W PackageManager: Unknown permission com.google.android.googleapps.permission.GOOGLE_AUTH.ALL_SERVICES in package com.android.development
11-10 14:19:04.135  3609  3609 W PackageManager: Unknown permission com.google.android.googleapps.permission.GOOGLE_AUTH.YouTubeUser in package com.android.development
11-10 14:19:04.135  3609  3609 V PackageManager: reconcileAppsData for null u0 0x3
11-10 14:19:04.136  3175  3175 E SELinux : selinux_android_file_context_handle: Error getting file context handle (No such file or directory)
11-10 14:19:04.198  3609  3609 V PackageManager: reconcileAppsData finished 91 packages
11-10 14:19:04.198  3609  3609 V PackageManager: Disabling com.google.android.gsf/com.google.android.gsf.update.SystemUpdateActivity
11-10 14:19:04.198  3609  3609 W PackageManager: Unable to disable com.google.android.gsf/com.google.android.gsf.update.SystemUpdateActivity
11-10 14:19:04.198  3609  3609 V PackageManager: Disabling com.google.android.gsf/com.google.android.gsf.update.SystemUpdateService$Receiver
11-10 14:19:04.198  3609  3609 W PackageManager: Unable to disable com.google.android.gsf/com.google.android.gsf.update.SystemUpdateService$Receiver
11-10 14:19:04.198  3609  3609 V PackageManager: Disabling com.google.android.gsf/com.google.android.gsf.update.SystemUpdateService$SecretCodeReceiver
11-10 14:19:04.198  3609  3609 W PackageManager: Unable to disable com.google.android.gsf/com.google.android.gsf.update.SystemUpdateService$SecretCodeReceiver
11-10 14:19:04.198  3609  3609 V PackageManager: Disabling com.google.android.gsf/com.google.android.gsf.update.SystemUpdateServiceReceiver
11-10 14:19:04.198  3609  3609 W PackageManager: Unable to disable com.google.android.gsf/com.google.android.gsf.update.SystemUpdateServiceReceiver
11-10 14:19:04.198  3609  3609 V PackageManager: Disabling com.google.android.gms/com.google.android.gms.update.SystemUpdateActivity
11-10 14:19:04.198  3609  3609 W PackageManager: Unable to disable com.google.android.gms/com.google.android.gms.update.SystemUpdateActivity
11-10 14:19:04.198  3609  3609 V PackageManager: Disabling com.google.android.gms/com.google.android.gms.update.SystemUpdateService$Receiver
11-10 14:19:04.198  3609  3609 W PackageManager: Unable to disable com.google.android.gms/com.google.android.gms.update.SystemUpdateService$Receiver
11-10 14:19:04.198  3609  3609 V PackageManager: Disabling com.google.android.gms/com.google.android.gms.update.SystemUpdateService$ActiveReceiver
11-10 14:19:04.198  3609  3609 W PackageManager: Unable to disable com.google.android.gms/com.google.android.gms.update.SystemUpdateService$ActiveReceiver
11-10 14:19:04.198  3609  3609 V PackageManager: Disabling com.google.android.gms/com.google.android.gms.update.SystemUpdateService$SecretCodeReceiver
11-10 14:19:04.198  3609  3609 W PackageManager: Unable to disable com.google.android.gms/com.google.android.gms.update.SystemUpdateService$SecretCodeReceiver
11-10 14:19:04.199  3609  3609 V PackageManager: Disabling com.google.android.gms/com.google.android.gms.update.SystemUpdateServiceReceiver
11-10 14:19:04.199  3609  3609 W PackageManager: Unable to disable com.google.android.gms/com.google.android.gms.update.SystemUpdateServiceReceiver
11-10 14:19:04.199  3609  3609 V PackageManager: Enabling com.google.android.gsf/com.google.android.gsf.update.SystemUpdateService
11-10 14:19:04.199  3609  3609 W PackageManager: Unable to enable com.google.android.gsf/com.google.android.gsf.update.SystemUpdateService
11-10 14:19:04.199  3609  3609 V PackageManager: Enabling com.google.android.gms/com.google.android.gms.update.SystemUpdateService
11-10 14:19:04.199  3609  3609 W PackageManager: Unable to enable com.google.android.gms/com.google.android.gms.update.SystemUpdateService
11-10 14:19:04.249  3609  3609 I PackageManager.DexOptimizer: Running dexopt (dex2oat) on: /system/priv-app/TelephonyProvider/TelephonyProvider.apk pkg=com.android.providers.telephony isa=arm64 vmSafeMode=false debuggable=false target-filter=speed oatDir = null sharedLibraries=null
11-10 14:19:04.264  3835  3835 I dex2oat : /system/bin/dex2oat --compiler-filter=speed
11-10 14:19:04.445  3835  3835 I dex2oat : dex2oat took 180.413ms (threads: 8) arena alloc=5MB (5759704B) java alloc=278KB (284760B) native alloc=2007KB (2055368B) free=9MB (10003256B)
11-10 14:19:04.449  3609  3609 I PackageManager.DexOptimizer: Running dexopt (dex2oat) on: /system/priv-app/MmsService/MmsService.apk pkg=com.android.mms.service isa=arm64 vmSafeMode=false debuggable=false target-filter=speed oatDir = null sharedLibraries=null
11-10 14:19:04.464  3844  3844 I dex2oat : /system/bin/dex2oat --compiler-filter=speed
11-10 14:19:04.568  3844  3844 I dex2oat : dex2oat took 103.803ms (threads: 8) arena alloc=2MB (2172560B) java alloc=260KB (266856B) native alloc=1617KB (1655840B) free=4MB (4635616B)
11-10 14:19:04.571  3609  3609 I PackageManager.DexOptimizer: Running dexopt (dex2oat) on: /system/priv-app/DefaultContainerService/DefaultContainerService.apk pkg=com.android.defcontainer isa=arm64 vmSafeMode=false debuggable=false target-filter=speed oatDir = null sharedLibraries=null
11-10 14:19:04.586  3853  3853 I dex2oat : /system/bin/dex2oat --compiler-filter=speed
11-10 14:19:04.660  3853  3853 I dex2oat : dex2oat took 74.393ms (threads: 8) arena alloc=528KB (540752B) java alloc=101KB (104128B) native alloc=1152KB (1180360B) free=2MB (2489656B)
11-10 14:19:04.664  3609  3609 I PackageManager.DexOptimizer: Running dexopt (dex2oat) on: /system/priv-app/SettingsProvider/SettingsProvider.apk pkg=com.android.providers.settings isa=arm64 vmSafeMode=false debuggable=false target-filter=speed oatDir = null sharedLibraries=null
11-10 14:19:04.678  3862  3862 I dex2oat : /system/bin/dex2oat --compiler-filter=speed
11-10 14:19:04.883  3862  3862 I dex2oat : dex2oat took 205.229ms (threads: 8) arena alloc=6MB (6535256B) java alloc=275KB (282368B) native alloc=1609KB (1648480B) free=9MB (10410144B)
11-10 14:19:04.887  3609  3609 I PackageManager.DexOptimizer: Running dexopt (dex2oat) on: /system/priv-app/InputDevices/InputDevices.apk pkg=com.android.inputdevices isa=arm64 vmSafeMode=false debuggable=false target-filter=speed oatDir = null sharedLibraries=null
11-10 14:19:04.902  3871  3871 I dex2oat : /system/bin/dex2oat --compiler-filter=speed
11-10 14:19:04.965  3871  3871 I dex2oat : dex2oat took 63.323ms (threads: 8) arena alloc=15KB (15632B) java alloc=32KB (33200B) native alloc=865KB (886152B) free=1694KB (1735288B)
11-10 14:19:04.968  3609  3609 I PackageManager.DexOptimizer: Running dexopt (dex2oat) on: /system/app/ExtShared/ExtShared.apk pkg=android.ext.shared isa=arm64 vmSafeMode=false debuggable=false target-filter=speed oatDir = null sharedLibraries=null
11-10 14:19:04.982  3880  3880 I dex2oat : /system/bin/dex2oat --compiler-filter=speed
11-10 14:19:05.045  3880  3880 I dex2oat : dex2oat took 62.707ms (threads: 8) arena alloc=78KB (79992B) java alloc=55KB (57056B) native alloc=874KB (895504B) free=2MB (2250224B)
11-10 14:19:05.047  3609  3609 I PackageManager.DexOptimizer: Running dexopt (dex2oat) on: /system/priv-app/Telecom/Telecom.apk pkg=com.android.server.telecom isa=arm64 vmSafeMode=false debuggable=false target-filter=speed oatDir = null sharedLibraries=null
11-10 14:19:05.062  3889  3889 I dex2oat : /system/bin/dex2oat --compiler-filter=speed
11-10 14:19:05.457  3889  3889 I dex2oat : dex2oat took 395.377ms (threads: 8) arena alloc=3MB (3557072B) java alloc=1028KB (1053464B) native alloc=4MB (4214360B) free=6MB (6795688B)
11-10 14:19:05.461  3609  3609 I PackageManager.DexOptimizer: Running dexopt (dex2oat) on: /system/priv-app/Dialer/Dialer.apk pkg=com.android.dialer isa=arm64 vmSafeMode=false debuggable=false target-filter=speed oatDir = null sharedLibraries=null
11-10 14:19:05.477  3898  3898 I dex2oat : /system/bin/dex2oat --compiler-filter=speed
11-10 14:19:05.670  3898  3904 W dex2oat : Before Android 4.1, method android.graphics.PorterDuffColorFilter android.support.graphics.drawable.VectorDrawableCompat.updateTintFilter(android.graphics.PorterDuffColorFilter, android.content.res.ColorStateList, android.graphics.PorterDuff$Mode) would have incorrectly overridden the package-private method in android.graphics.drawable.Drawable
11-10 14:19:05.683  3898  3900 W dex2oat : Before Android 4.1, method int android.support.v7.widget.ListViewCompat.lookForSelectablePosition(int, boolean) would have incorrectly overridden the package-private method in android.widget.ListView
11-10 14:19:06.958  3898  3898 I dex2oat : dex2oat took 1.481s (threads: 8) arena alloc=3MB (3965480B) java alloc=5MB (6087752B) native alloc=15MB (16177488B) free=6MB (6891184B)
11-10 14:19:06.964  3609  3609 I PackageManager.DexOptimizer: Running dexopt (dex2oat) on: /system/priv-app/ExtServices/ExtServices.apk pkg=android.ext.services isa=arm64 vmSafeMode=false debuggable=false target-filter=speed oatDir = null sharedLibraries=null
11-10 14:19:06.980  3908  3908 I dex2oat : /system/bin/dex2oat --compiler-filter=speed
11-10 14:19:07.053  3908  3908 I dex2oat : dex2oat took 73.301ms (threads: 8) arena alloc=337KB (345520B) java alloc=87KB (89968B) native alloc=1115KB (1142424B) free=2MB (2527592B)
11-10 14:19:07.055  3609  3609 I PackageManager.DexOptimizer: Running dexopt (dex2oat) on: /system/priv-app/CMSettingsProvider/CMSettingsProvider.apk pkg=org.cyanogenmod.cmsettings isa=arm64 vmSafeMode=false debuggable=false target-filter=speed oatDir = null sharedLibraries=null
11-10 14:19:07.071  3917  3917 I dex2oat : /system/bin/dex2oat --compiler-filter=speed
11-10 14:19:07.181  3917  3917 I dex2oat : dex2oat took 110.045ms (threads: 8) arena alloc=2008KB (2056280B) java alloc=240KB (246256B) native alloc=1677KB (1717408B) free=4MB (4574048B)
11-10 14:19:07.184  3609  3609 I PackageManager.DexOptimizer: Running dexopt (dex2oat) on: /system/priv-app/PackageInstaller/PackageInstaller.apk pkg=com.android.packageinstaller isa=arm64 vmSafeMode=false debuggable=false target-filter=speed oatDir = null sharedLibraries=null
11-10 14:19:07.200  3926  3926 I dex2oat : /system/bin/dex2oat --compiler-filter=speed
11-10 14:19:07.296  3926  3926 W dex2oat : Before Android 4.1, method android.graphics.PorterDuffColorFilter android.support.graphics.drawable.VectorDrawableCompat.updateTintFilter(android.graphics.PorterDuffColorFilter, android.content.res.ColorStateList, android.graphics.PorterDuff$Mode) would have incorrectly overridden the package-private method in android.graphics.drawable.Drawable
11-10 14:19:07.313  3926  3934 W dex2oat : Before Android 4.1, method int android.support.v7.widget.ListViewCompat.lookForSelectablePosition(int, boolean) would have incorrectly overridden the package-private method in android.widget.ListView
11-10 14:19:07.875  3926  3926 I dex2oat : dex2oat took 676.067ms (threads: 8) arena alloc=4MB (4588888B) java alloc=3MB (3961896B) native alloc=6MB (7092160B) free=7MB (8112192B)
11-10 14:19:07.880  3609  3609 I PackageManager.DexOptimizer: Running dexopt (dex2oat) on: /system/priv-app/ProxyHandler/ProxyHandler.apk pkg=com.android.proxyhandler isa=arm64 vmSafeMode=false debuggable=false target-filter=speed oatDir = null sharedLibraries=null
11-10 14:19:07.896  3935  3935 I dex2oat : /system/bin/dex2oat --compiler-filter=speed
11-10 14:19:07.974  3935  3935 I dex2oat : dex2oat took 78.423ms (threads: 8) arena alloc=1264KB (1294936B) java alloc=98KB (100640B) native alloc=1173KB (1202064B) free=2MB (2992240B)
11-10 14:19:07.978  3609  3609 I PackageManager.DexOptimizer: Running dexopt (dex2oat) on: /system/app/LatinIME/LatinIME.apk pkg=com.android.inputmethod.latin isa=arm64 vmSafeMode=false debuggable=false target-filter=speed oatDir = null sharedLibraries=null
11-10 14:19:07.993  3944  3944 I dex2oat : /system/bin/dex2oat --compiler-filter=speed
11-10 14:19:08.426  3944  3944 I dex2oat : dex2oat took 433.170ms (threads: 8) arena alloc=3MB (3225000B) java alloc=1653KB (1693664B) native alloc=4MB (4523960B) free=6MB (7010376B)
11-10 14:19:08.431  3609  3609 I PackageManager.DexOptimizer: Running dexopt (dex2oat) on: /system/priv-app/Settings/Settings.apk pkg=com.android.settings isa=arm64 vmSafeMode=false debuggable=false target-filter=speed oatDir = null sharedLibraries=null
11-10 14:19:08.447  3953  3953 I dex2oat : /system/bin/dex2oat --compiler-filter=speed
11-10 14:19:08.631  3953  3957 W dex2oat : Before Android 4.1, method android.graphics.PorterDuffColorFilter android.support.graphics.drawable.VectorDrawableCompat.updateTintFilter(android.graphics.PorterDuffColorFilter, android.content.res.ColorStateList, android.graphics.PorterDuff$Mode) would have incorrectly overridden the package-private method in android.graphics.drawable.Drawable
11-10 14:19:08.642  3953  3959 W dex2oat : Before Android 4.1, method int android.support.v7.widget.ListViewCompat.lookForSelectablePosition(int, boolean) would have incorrectly overridden the package-private method in android.widget.ListView
11-10 14:19:09.931  3953  3953 I dex2oat : dex2oat took 1.484s (threads: 8) arena alloc=6MB (6833392B) java alloc=9MB (9759216B) native alloc=16MB (16847728B) free=9MB (10415248B)
11-10 14:19:09.938  3609  3609 I PackageManager.DexOptimizer: Running dexopt (dex2oat) on: /system/priv-app/TeleService/TeleService.apk pkg=com.android.phone isa=arm64 vmSafeMode=false debuggable=false target-filter=speed oatDir = null sharedLibraries=null
11-10 14:19:09.953  3962  3962 I dex2oat : /system/bin/dex2oat --compiler-filter=speed
11-10 14:19:10.687  3962  3962 I dex2oat : dex2oat took 734.181ms (threads: 8) arena alloc=8MB (8573704B) java alloc=2MB (2514496B) native alloc=7MB (8095384B) free=10MB (11303272B)
