09-16 12:23:35.751  3586  3848 I PackageManager: /system/app/LockClock changed; collecting certs
09-16 12:23:35.751  3586  3847 I PackageManager: /system/app/Email changed; collecting certs
09-16 12:23:35.751  3586  3845 I PackageManager: /system/app/PacProcessor changed; collecting certs
09-16 12:23:35.758  3586  3844 I PackageManager: /system/app/LatinIME changed; collecting certs
09-16 12:23:35.758  3586  3849 W PackageParser: Ignoring duplicate uses-permissions/uses-permissions-sdk-m: android.permission.CHANGE_WIFI_STATE in package: com.android.nfc at: Binary XML file line #47
09-16 12:23:35.758  3586  3849 W PackageParser: Ignoring duplicate uses-permissions/uses-permissions-sdk-m: android.permission.ACCESS_WIFI_STATE in package: com.android.nfc at: Binary XML file line #48
09-16 12:23:35.764  3586  3849 I PackageManager: /system/app/NfcNci changed; collecting certs
09-16 12:23:35.766  3586  3845 I PackageManager: /system/app/PicoTts changed; collecting certs
09-16 12:23:35.766  3586  3846 I PackageManager: /system/app/PhotoTable changed; collecting certs
09-16 12:23:35.781  3586  3845 I PackageManager: /system/app/PrintRecommendationService changed; collecting certs
09-16 12:23:35.785  3586  3846 I PackageManager: /system/app/RootPA changed; collecting certs
09-16 12:23:35.785  3586  3849 I PackageManager: /system/app/Profiles changed; collecting certs
09-16 12:23:35.792  3586  3847 W PackageManager: Permission com.android.email.permission.READ_ATTACHMENT from package com.android.email in an unknown group android.permission-group.MESSAGES
09-16 12:23:35.794  3586  3848 I PackageManager: /system/app/PrintSpooler changed; collecting certs
09-16 12:23:35.800  3586  3845 I PackageManager: /system/app/Stk changed; collecting certs
09-16 12:23:35.801  3586  3849 I PackageManager: /system/app/UserDictionaryProvider changed; collecting certs
09-16 12:23:35.804  3586  3846 I PackageManager: /system/app/WAPPushManager changed; collecting certs
09-16 12:23:35.806  3586  3847 I PackageManager: /system/app/Terminal changed; collecting certs
09-16 12:23:35.808  3586  3849 W PackageManager: Failed to parse /system/app/mcRegistry: Missing base APK in /system/app/mcRegistry
09-16 12:23:35.814  3586  3848 I PackageManager: /system/app/WallpaperBackup changed; collecting certs
09-16 12:23:35.816  3586  3846 I PackageManager: /system/app/telresources changed; collecting certs
09-16 12:23:35.817  3586  3845 I PackageManager: /system/app/WallpaperPicker changed; collecting certs
09-16 12:23:35.837  3586  3847 I PackageManager: /system/app/webview changed; collecting certs
09-16 12:23:35.848  3586  3849 I PackageManager: /system/app/messaging changed; collecting certs
09-16 12:23:36.152  3586  3586 D PackageManager: end scanDirLI:/system/app
09-16 12:23:36.153  3586  3586 D PackageManager: No files in app dir /system/vendor/app
09-16 12:23:36.153  3586  3586 D PackageManager: No files in app dir /oem/app
09-16 12:23:36.157  3586  3586 D PackageManager: No files in app dir /data/app
09-16 12:23:36.157  3586  3586 D PackageManager: No files in app dir /data/app-private
09-16 12:23:36.157  3586  3586 D PackageManager: No files in app dir /data/app-ephemeral
09-16 12:23:36.160  3586  3586 E PackageManager: There should probably be exactly one setup wizard; found 0: matches=[]
09-16 12:23:36.160  3586  3586 W PackageManager: Protected action; cap priority to 0; package: com.android.cts.priv.ctsshim activity: com.android.cts.priv.ctsshim.InstallPriority origPrio: 100
09-16 12:23:36.160  3586  3586 W PackageManager: Protected action; cap priority to 0; package: com.android.cts.priv.ctsshim activity: com.android.cts.priv.ctsshim.InstallPriority origPrio: 100
09-16 12:23:36.160  3586  3586 W PackageManager: Protected action; cap priority to 0; package: com.android.cts.priv.ctsshim activity: com.android.cts.priv.ctsshim.InstallPriority origPrio: 100
09-16 12:23:36.160  3586  3586 W PackageManager: Protected action; cap priority to 0; package: com.android.cts.priv.ctsshim activity: com.android.cts.priv.ctsshim.InstallPriority origPrio: 100
09-16 12:23:36.161  3586  3586 W PackageManager: Protected action; cap priority to 0; package: com.android.packageinstaller activity: com.android.packageinstaller.PackageInstallerActivity origPrio: 1
09-16 12:23:36.161  3586  3586 W PackageManager: Package com.android.gallery3d desires unavailable shared library com.google.android.media.effects; ignoring!
09-16 12:23:36.161  3586  3586 W PackageManager: Package com.android.gallery3d desires unavailable shared library com.google.android.media.effects; ignoring!
09-16 12:23:36.161  3586  3586 I PackageManager: Adjusting ABI for com.android.providers.media to arm64-v8a (requirer=com.android.mtp, scannedPackage=null)
09-16 12:23:36.162  3586  3586 I PackageManager: Adjusting ABI for com.android.providers.downloads.ui to arm64-v8a (requirer=com.android.mtp, scannedPackage=null)
09-16 12:23:36.163  3586  3586 I PackageManager: Adjusting ABI for com.android.providers.downloads to arm64-v8a (requirer=com.android.mtp, scannedPackage=null)
09-16 12:23:36.163  3586  3586 I PackageManager: Adjusting ABI for cyanogenmod.platform to arm64-v8a (requirer=android, scannedPackage=null)
09-16 12:23:36.163  3185  3185 E         : invalid apk path '/system/framework/org.cyanogenmod.platform-res.apk' (bad prefix)
09-16 12:23:36.164  3586  3586 I PackageManager: Adjusting ABI for com.android.settings to arm64-v8a (requirer=android, scannedPackage=null)
09-16 12:23:36.164  3586  3586 I PackageManager: Adjusting ABI for com.android.keychain to arm64-v8a (requirer=android, scannedPackage=null)
09-16 12:23:36.165  3586  3586 I PackageManager: Adjusting ABI for com.android.inputdevices to arm64-v8a (requirer=android, scannedPackage=null)
09-16 12:23:36.165  3586  3586 I PackageManager: Adjusting ABI for com.cyanogenmod.setupwizard to arm64-v8a (requirer=android, scannedPackage=null)
09-16 12:23:36.166  3586  3586 I PackageManager: Adjusting ABI for com.cyanogenmod.settings.device to arm64-v8a (requirer=android, scannedPackage=null)
09-16 12:23:36.166  3586  3586 I PackageManager: Adjusting ABI for org.cyanogenmod.cmparts to arm64-v8a (requirer=android, scannedPackage=null)
09-16 12:23:36.166  3586  3586 I PackageManager: Adjusting ABI for com.android.wallpaperbackup to arm64-v8a (requirer=android, scannedPackage=null)
09-16 12:23:36.167  3586  3586 I PackageManager: Adjusting ABI for com.android.location.fused to arm64-v8a (requirer=android, scannedPackage=null)
09-16 12:23:36.167  3586  3586 I PackageManager: Adjusting ABI for com.android.development to arm64-v8a (requirer=android, scannedPackage=null)
09-16 12:23:36.167  3586  3586 I PackageManager: Adjusting ABI for com.android.providers.settings to arm64-v8a (requirer=android, scannedPackage=null)
09-16 12:23:36.168  3586  3586 I PackageManager: Adjusting ABI for org.cyanogenmod.cmsettings to arm64-v8a (requirer=android, scannedPackage=null)
09-16 12:23:36.168  3586  3586 I PackageManager: Adjusting ABI for com.android.server.telecom to arm64-v8a (requirer=android, scannedPackage=null)
09-16 12:23:36.169  3586  3586 I PackageManager: Time to scan packages: 2.686 seconds
09-16 12:23:36.172  3586  3586 W PackageManager: Unknown permission com.google.android.googleapps.permission.GOOGLE_AUTH in package com.android.providers.calendar
09-16 12:23:36.172  3586  3586 W PackageManager: Unknown permission com.google.android.googleapps.permission.GOOGLE_AUTH.cl in package com.android.providers.calendar
09-16 12:23:36.177  3586  3586 W PackageManager: Unknown permission cyanogenmod.permission.LEGALESE in package com.cyanogenmod.setupwizard
09-16 12:23:36.180  3586  3586 W PackageManager: Unknown permission com.android.gallery3d.permission.STORAGE_CHANGE in package com.android.camera2
09-16 12:23:36.181  3586  3586 W PackageManager: Unknown permission android.permission.NFC_UNLOCK in package com.android.nfc
09-16 12:23:36.184  3586  3586 W PackageManager: Unknown permission com.google.android.googleapps.permission.GOOGLE_AUTH.mail in package com.android.calendar
09-16 12:23:36.185  3586  3586 W PackageManager: Unknown permission com.android.launcher.permission.READ_SETTINGS in package com.android.onetimeinitializer
09-16 12:23:36.185  3586  3586 W PackageManager: Unknown permission com.android.launcher.permission.WRITE_SETTINGS in package com.android.onetimeinitializer
09-16 12:23:36.191  3586  3586 W PackageManager: Unknown permission com.android.launcher.permission.READ_SETTINGS in package com.cyanogenmod.trebuchet
09-16 12:23:36.191  3586  3586 W PackageManager: Unknown permission com.android.launcher.permission.WRITE_SETTINGS in package com.cyanogenmod.trebuchet
09-16 12:23:36.192  3586  3586 W PackageManager: Unknown permission com.google.android.permission.INSTALL_WEARABLE_PACKAGES in package com.android.packageinstaller
09-16 12:23:36.192  3586  3586 W PackageManager: Not granting permission android.permission.DELETE_PACKAGES to package com.svox.pico (protectionLevel=18 flags=0x3808be45)
09-16 12:23:36.195  3586  3586 W PackageManager: Unknown permission com.google.android.gallery3d.permission.PICASA_STORE in package com.android.dreams.phototable
09-16 12:23:36.196  3586  3586 W PackageManager: Unknown permission com.google.android.googleapps.permission.GOOGLE_AUTH in package com.android.settings
09-16 12:23:36.197  3586  3586 W PackageManager: Unknown permission com.android.launcher.permission.READ_SETTINGS in package com.android.settings
09-16 12:23:36.197  3586  3586 W PackageManager: Unknown permission com.android.launcher.permission.WRITE_SETTINGS in package com.android.settings
09-16 12:23:36.211  3586  3586 W PackageManager: Not granting permission android.permission.MANAGE_DOCUMENTS to package com.android.deskclock (protectionLevel=2 flags=0x3c49be45)
09-16 12:23:36.211  3586  3586 W PackageManager: Unknown permission com.android.deskclock.worldclock.permissions.WRITE_DATABASE in package com.android.deskclock
09-16 12:23:36.211  3586  3586 W PackageManager: Unknown permission org.codeaurora.permission.POWER_ON_ALERT in package com.android.deskclock
09-16 12:23:36.212  3586  3586 W PackageManager: Not granting permission android.permission.WRITE_SECURE_SETTINGS to package com.android.deskclock (protectionLevel=50 flags=0x3c49be45)
09-16 12:23:36.217  3586  3586 W PackageManager: Unknown permission com.cyanogenmod.lockclock.permission.READ_WEATHER in package com.android.systemui
09-16 12:23:36.220  3586  3586 W PackageManager: Unknown permission com.google.android.gallery3d.permission.GALLERY_PROVIDER in package com.android.bluetooth
09-16 12:23:36.222  3586  3586 W PackageManager: Unknown permission com.google.android.googleapps.permission.ACCESS_GOOGLE_PASSWORD in package com.android.development
09-16 12:23:36.222  3586  3586 W PackageManager: Unknown permission com.google.android.googleapps.permission.GOOGLE_AUTH in package com.android.development
09-16 12:23:36.222  3586  3586 W PackageManager: Unknown permission com.google.android.googleapps.permission.GOOGLE_AUTH.ALL_SERVICES in package com.android.development
09-16 12:23:36.222  3586  3586 W PackageManager: Unknown permission com.google.android.googleapps.permission.GOOGLE_AUTH.YouTubeUser in package com.android.development
09-16 12:23:36.223  3586  3586 V PackageManager: reconcileAppsData for null u0 0x3
09-16 12:23:36.225  3185  3185 E SELinux : selinux_android_file_context_handle: Error getting file context handle (No such file or directory)
09-16 12:23:36.360  3586  3586 V PackageManager: reconcileAppsData finished 93 packages
09-16 12:23:36.360  3586  3586 V PackageManager: Disabling com.google.android.gsf/com.google.android.gsf.update.SystemUpdateActivity
09-16 12:23:36.360  3586  3586 W PackageManager: Unable to disable com.google.android.gsf/com.google.android.gsf.update.SystemUpdateActivity
09-16 12:23:36.361  3586  3586 V PackageManager: Disabling com.google.android.gsf/com.google.android.gsf.update.SystemUpdateService$Receiver
09-16 12:23:36.361  3586  3586 W PackageManager: Unable to disable com.google.android.gsf/com.google.android.gsf.update.SystemUpdateService$Receiver
09-16 12:23:36.361  3586  3586 V PackageManager: Disabling com.google.android.gsf/com.google.android.gsf.update.SystemUpdateService$SecretCodeReceiver
09-16 12:23:36.361  3586  3586 W PackageManager: Unable to disable com.google.android.gsf/com.google.android.gsf.update.SystemUpdateService$SecretCodeReceiver
09-16 12:23:36.361  3586  3586 V PackageManager: Disabling com.google.android.gsf/com.google.android.gsf.update.SystemUpdateServiceReceiver
09-16 12:23:36.361  3586  3586 W PackageManager: Unable to disable com.google.android.gsf/com.google.android.gsf.update.SystemUpdateServiceReceiver
09-16 12:23:36.361  3586  3586 V PackageManager: Disabling com.google.android.gms/com.google.android.gms.update.SystemUpdateActivity
09-16 12:23:36.361  3586  3586 W PackageManager: Unable to disable com.google.android.gms/com.google.android.gms.update.SystemUpdateActivity
09-16 12:23:36.362  3586  3586 V PackageManager: Disabling com.google.android.gms/com.google.android.gms.update.SystemUpdateService$Receiver
09-16 12:23:36.362  3586  3586 W PackageManager: Unable to disable com.google.android.gms/com.google.android.gms.update.SystemUpdateService$Receiver
09-16 12:23:36.362  3586  3586 V PackageManager: Disabling com.google.android.gms/com.google.android.gms.update.SystemUpdateService$ActiveReceiver
09-16 12:23:36.362  3586  3586 W PackageManager: Unable to disable com.google.android.gms/com.google.android.gms.update.SystemUpdateService$ActiveReceiver
09-16 12:23:36.362  3586  3586 V PackageManager: Disabling com.google.android.gms/com.google.android.gms.update.SystemUpdateService$SecretCodeReceiver
09-16 12:23:36.362  3586  3586 W PackageManager: Unable to disable com.google.android.gms/com.google.android.gms.update.SystemUpdateService$SecretCodeReceiver
09-16 12:23:36.362  3586  3586 V PackageManager: Disabling com.google.android.gms/com.google.android.gms.update.SystemUpdateServiceReceiver
09-16 12:23:36.362  3586  3586 W PackageManager: Unable to disable com.google.android.gms/com.google.android.gms.update.SystemUpdateServiceReceiver
09-16 12:23:36.363  3586  3586 V PackageManager: Enabling com.google.android.gsf/com.google.android.gsf.update.SystemUpdateService
09-16 12:23:36.363  3586  3586 W PackageManager: Unable to enable com.google.android.gsf/com.google.android.gsf.update.SystemUpdateService
09-16 12:23:36.363  3586  3586 V PackageManager: Enabling com.google.android.gms/com.google.android.gms.update.SystemUpdateService
09-16 12:23:36.363  3586  3586 W PackageManager: Unable to enable com.google.android.gms/com.google.android.gms.update.SystemUpdateService
09-16 12:23:36.679  3586  3586 I PackageManager.DexOptimizer: Running dexopt (dex2oat) on: /system/priv-app/TelephonyProvider/TelephonyProvider.apk pkg=com.android.providers.telephony isa=arm64 vmSafeMode=false debuggable=false target-filter=speed oatDir = null sharedLibraries=null
09-16 12:23:36.706  3850  3850 I dex2oat : /system/bin/dex2oat --compiler-filter=speed
09-16 12:23:36.931  3850  3850 I dex2oat : dex2oat took 224.750ms (threads: 8) arena alloc=8MB (9181296B) java alloc=369KB (378016B) native alloc=2MB (2532704B) free=13MB (13720224B)
09-16 12:23:36.934  3586  3586 I PackageManager.DexOptimizer: Running dexopt (dex2oat) on: /system/priv-app/MmsService/MmsService.apk pkg=com.android.mms.service isa=arm64 vmSafeMode=false debuggable=false target-filter=speed oatDir = null sharedLibraries=null
09-16 12:23:36.950  3859  3859 I dex2oat : /system/bin/dex2oat --compiler-filter=speed
09-16 12:23:37.055  3859  3859 I dex2oat : dex2oat took 104.902ms (threads: 8) arena alloc=2MB (2557808B) java alloc=250KB (256872B) native alloc=1633KB (1672832B) free=4MB (5142912B)
09-16 12:23:37.058  3586  3586 I PackageManager.DexOptimizer: Running dexopt (dex2oat) on: /system/priv-app/DefaultContainerService/DefaultContainerService.apk pkg=com.android.defcontainer isa=arm64 vmSafeMode=false debuggable=false target-filter=speed oatDir = null sharedLibraries=null
09-16 12:23:37.074  3868  3868 I dex2oat : /system/bin/dex2oat --compiler-filter=speed
09-16 12:23:37.150  3868  3868 I dex2oat : dex2oat took 76.201ms (threads: 8) arena alloc=536KB (549456B) java alloc=100KB (103040B) native alloc=1153KB (1180744B) free=1918KB (1964984B)
09-16 12:23:37.153  3586  3586 I PackageManager.DexOptimizer: Running dexopt (dex2oat) on: /system/priv-app/SettingsProvider/SettingsProvider.apk pkg=com.android.providers.settings isa=arm64 vmSafeMode=false debuggable=false target-filter=speed oatDir = null sharedLibraries=null
09-16 12:23:37.169  3877  3877 I dex2oat : /system/bin/dex2oat --compiler-filter=speed
09-16 12:23:37.379  3877  3877 I dex2oat : dex2oat took 211.103ms (threads: 8) arena alloc=6MB (6933832B) java alloc=312KB (319912B) native alloc=1868KB (1913784B) free=10MB (11193416B)
09-16 12:23:37.383  3586  3586 I PackageManager.DexOptimizer: Running dexopt (dex2oat) on: /system/priv-app/InputDevices/InputDevices.apk pkg=com.android.inputdevices isa=arm64 vmSafeMode=false debuggable=false target-filter=speed oatDir = null sharedLibraries=null
09-16 12:23:37.399  3886  3886 I dex2oat : /system/bin/dex2oat --compiler-filter=speed
09-16 12:23:37.461  3886  3886 I dex2oat : dex2oat took 61.948ms (threads: 8) arena alloc=15KB (15632B) java alloc=32KB (33200B) native alloc=863KB (884000B) free=1184KB (1213152B)
09-16 12:23:37.463  3586  3586 I PackageManager.DexOptimizer: Running dexopt (dex2oat) on: /system/app/ExtShared/ExtShared.apk pkg=android.ext.shared isa=arm64 vmSafeMode=false debuggable=false target-filter=speed oatDir = null sharedLibraries=null
09-16 12:23:37.479  3895  3895 I dex2oat : /system/bin/dex2oat --compiler-filter=speed
09-16 12:23:37.541  3895  3895 I dex2oat : dex2oat took 62.892ms (threads: 8) arena alloc=78KB (79992B) java alloc=55KB (57056B) native alloc=890KB (911800B) free=2MB (2233928B)
09-16 12:23:37.544  3586  3586 I PackageManager.DexOptimizer: Running dexopt (dex2oat) on: /system/priv-app/Telecom/Telecom.apk pkg=com.android.server.telecom isa=arm64 vmSafeMode=false debuggable=false target-filter=speed oatDir = null sharedLibraries=null
09-16 12:23:37.559  3904  3904 I dex2oat : /system/bin/dex2oat --compiler-filter=speed
09-16 12:23:37.962  3904  3904 I dex2oat : dex2oat took 403.569ms (threads: 8) arena alloc=3MB (3961080B) java alloc=1161KB (1189200B) native alloc=4MB (4755936B) free=7MB (8351264B)
09-16 12:23:37.967  3586  3586 I PackageManager.DexOptimizer: Running dexopt (dex2oat) on: /system/priv-app/Dialer/Dialer.apk pkg=com.android.dialer isa=arm64 vmSafeMode=false debuggable=false target-filter=speed oatDir = null sharedLibraries=null
09-16 12:23:37.982  3913  3913 I dex2oat : /system/bin/dex2oat --compiler-filter=speed
09-16 12:23:38.174  3913  3917 W dex2oat : Before Android 4.1, method android.graphics.PorterDuffColorFilter android.support.graphics.drawable.VectorDrawableCompat.updateTintFilter(android.graphics.PorterDuffColorFilter, android.content.res.ColorStateList, android.graphics.PorterDuff$Mode) would have incorrectly overridden the package-private method in android.graphics.drawable.Drawable
09-16 12:23:38.187  3913  3921 W dex2oat : Before Android 4.1, method int android.support.v7.widget.ListViewCompat.lookForSelectablePosition(int, boolean) would have incorrectly overridden the package-private method in android.widget.ListView
09-16 12:23:39.550  3913  3913 I dex2oat : dex2oat took 1.567s (threads: 8) arena alloc=4MB (4879280B) java alloc=6MB (6335640B) native alloc=16MB (17214624B) free=7MB (7951200B)
09-16 12:23:39.556  3586  3586 I PackageManager.DexOptimizer: Running dexopt (dex2oat) on: /system/priv-app/ExtServices/ExtServices.apk pkg=android.ext.services isa=arm64 vmSafeMode=false debuggable=false target-filter=speed oatDir = null sharedLibraries=null
09-16 12:23:39.571  3922  3922 I dex2oat : /system/bin/dex2oat --compiler-filter=speed
09-16 12:23:39.646  3922  3922 I dex2oat : dex2oat took 75.009ms (threads: 8) arena alloc=337KB (345992B) java alloc=92KB (94288B) native alloc=1133KB (1160288B) free=2MB (2509728B)
09-16 12:23:39.649  3586  3586 I PackageManager.DexOptimizer: Running dexopt (dex2oat) on: /system/priv-app/CMSettingsProvider/CMSettingsProvider.apk pkg=org.cyanogenmod.cmsettings isa=arm64 vmSafeMode=false debuggable=false target-filter=speed oatDir = null sharedLibraries=null
09-16 12:23:39.664  3931  3931 I dex2oat : /system/bin/dex2oat --compiler-filter=speed
09-16 12:23:39.777  3931  3931 I dex2oat : dex2oat took 112.695ms (threads: 8) arena alloc=1882KB (1927872B) java alloc=227KB (233040B) native alloc=1728KB (1770360B) free=3MB (3996808B)
09-16 12:23:39.780  3586  3586 I PackageManager.DexOptimizer: Running dexopt (dex2oat) on: /system/priv-app/PackageInstaller/PackageInstaller.apk pkg=com.android.packageinstaller isa=arm64 vmSafeMode=false debuggable=false target-filter=speed oatDir = null sharedLibraries=null
09-16 12:23:39.796  3940  3940 I dex2oat : /system/bin/dex2oat --compiler-filter=speed
09-16 12:23:39.891  3940  3946 W dex2oat : Before Android 4.1, method android.graphics.PorterDuffColorFilter android.support.graphics.drawable.VectorDrawableCompat.updateTintFilter(android.graphics.PorterDuffColorFilter, android.content.res.ColorStateList, android.graphics.PorterDuff$Mode) would have incorrectly overridden the package-private method in android.graphics.drawable.Drawable
09-16 12:23:39.907  3940  3947 W dex2oat : Before Android 4.1, method int android.support.v7.widget.ListViewCompat.lookForSelectablePosition(int, boolean) would have incorrectly overridden the package-private method in android.widget.ListView
09-16 12:23:40.544  3940  3940 I dex2oat : dex2oat took 749.002ms (threads: 8) arena alloc=4MB (5123920B) java alloc=3MB (4136272B) native alloc=7MB (7853416B) free=8MB (8923800B)
09-16 12:23:40.549  3586  3586 I PackageManager.DexOptimizer: Running dexopt (dex2oat) on: /system/priv-app/ProxyHandler/ProxyHandler.apk pkg=com.android.proxyhandler isa=arm64 vmSafeMode=false debuggable=false target-filter=speed oatDir = null sharedLibraries=null
09-16 12:23:40.565  3949  3949 I dex2oat : /system/bin/dex2oat --compiler-filter=speed
09-16 12:23:40.641  3949  3949 I dex2oat : dex2oat took 76.365ms (threads: 8) arena alloc=1271KB (1301752B) java alloc=119KB (122304B) native alloc=1138KB (1166000B) free=3MB (3552592B)
09-16 12:23:40.644  3586  3586 I PackageManager.DexOptimizer: Running dexopt (dex2oat) on: /system/app/LatinIME/LatinIME.apk pkg=com.android.inputmethod.latin isa=arm64 vmSafeMode=false debuggable=false target-filter=speed oatDir = null sharedLibraries=null
09-16 12:23:40.660  3958  3958 I dex2oat : /system/bin/dex2oat --compiler-filter=speed
09-16 12:23:41.126  3958  3958 I dex2oat : dex2oat took 466.162ms (threads: 8) arena alloc=2MB (2875640B) java alloc=1799KB (1843096B) native alloc=4MB (5089432B) free=6MB (6444904B)
09-16 12:23:41.130  3586  3586 I PackageManager.DexOptimizer: Running dexopt (dex2oat) on: /system/priv-app/Settings/Settings.apk pkg=com.android.settings isa=arm64 vmSafeMode=false debuggable=false target-filter=speed oatDir = null sharedLibraries=null
09-16 12:23:41.147  3968  3968 I dex2oat : /system/bin/dex2oat --compiler-filter=speed
09-16 12:23:41.328  3968  3972 W dex2oat : Before Android 4.1, method android.graphics.PorterDuffColorFilter android.support.graphics.drawable.VectorDrawableCompat.updateTintFilter(android.graphics.PorterDuffColorFilter, android.content.res.ColorStateList, android.graphics.PorterDuff$Mode) would have incorrectly overridden the package-private method in android.graphics.drawable.Drawable
09-16 12:23:41.339  3968  3970 W dex2oat : Before Android 4.1, method int android.support.v7.widget.ListViewCompat.lookForSelectablePosition(int, boolean) would have incorrectly overridden the package-private method in android.widget.ListView
09-16 12:23:42.735  3968  3968 I dex2oat : dex2oat took 1.589s (threads: 8) arena alloc=4MB (4935544B) java alloc=9MB (9996336B) native alloc=17MB (18052744B) free=8MB (8685944B)
09-16 12:23:42.742  3586  3586 I PackageManager.DexOptimizer: Running dexopt (dex2oat) on: /system/priv-app/TeleService/TeleService.apk pkg=com.android.phone isa=arm64 vmSafeMode=false debuggable=false target-filter=speed oatDir = null sharedLibraries=null
09-16 12:23:42.758  3978  3978 I dex2oat : /system/bin/dex2oat --compiler-filter=speed
09-16 12:23:43.534  3978  3978 I dex2oat : dex2oat took 777.240ms (threads: 8) arena alloc=7MB (8356224B) java alloc=2MB (2735184B) native alloc=8MB (8926032B) free=11MB (12045488B)
09-16 12:23:43.540  3586  3586 I PackageManager.DexOptimizer: Running dexopt (dex2oat) on: /system/priv-app/Shell/Shell.apk pkg=com.android.shell isa=arm64 vmSafeMode=false debuggable=false target-filter=speed oatDir = null sharedLibraries=null
09-16 12:23:43.556  3987  3987 I dex2oat : /system/bin/dex2oat --compiler-filter=speed
09-16 12:23:43.716  3987  3987 I dex2oat : dex2oat took 160.796ms (threads: 8) arena alloc=2MB (2338216B) java alloc=341KB (349544B) native alloc=1776KB (1819168B) free=4MB (4472288B)
09-16 12:23:43.720  3586  3586 I PackageManager.DexOptimizer: Running dexopt (dex2oat) on: /system/priv-app/FusedLocation/FusedLocation.apk pkg=com.android.location.fused isa=arm64 vmSafeMode=false debuggable=false target-filter=speed oatDir = null sharedLibraries=/system/framework/com.android.location.provider.jar
09-16 12:23:43.735  3996  3996 I dex2oat : /system/bin/dex2oat --compiler-filter=speed
09-16 12:23:43.811  3996  3996 I dex2oat : dex2oat took 75.760ms (threads: 8) arena alloc=454KB (464920B) java alloc=139KB (142976B) native alloc=1299KB (1330232B) free=3MB (3388360B)
09-16 12:23:43.814  3586  3586 I PackageManager.DexOptimizer: Running dexopt (dex2oat) on: /system/priv-app/SystemUI/SystemUI.apk pkg=com.android.systemui isa=arm64 vmSafeMode=false debuggable=false target-filter=speed oatDir = null sharedLibraries=null
09-16 12:23:43.830  4005  4005 I dex2oat : /system/bin/dex2oat --compiler-filter=speed
09-16 12:23:44.030  4005  4012 W dex2oat : Before Android 4.1, method android.graphics.PorterDuffColorFilter android.support.graphics.drawable.VectorDrawableCompat.updateTintFilter(android.graphics.PorterDuffColorFilter, android.content.res.ColorStateList, android.graphics.PorterDuff$Mode) would have incorrectly overridden the package-private method in android.graphics.drawable.Drawable
09-16 12:23:44.046  4005  4012 W dex2oat : Before Android 4.1, method int android.support.v7.widget.ListViewCompat.lookForSelectablePosition(int, boolean) would have incorrectly overridden the package-private method in android.widget.ListView
09-16 12:23:45.519  4005  4005 I dex2oat : dex2oat took 1.689s (threads: 8) arena alloc=2MB (2902504B) java alloc=10MB (10618592B) native alloc=18MB (19031568B) free=6MB (6658544B)
09-16 12:23:45.526  3586  3586 I PackageManager.DexOptimizer: Running dexopt (dex2oat) on: /system/priv-app/WeatherManagerService/WeatherManagerService.apk pkg=org.cyanogenmod.weatherservice isa=arm64 vmSafeMode=false debuggable=false target-filter=speed oatDir = null sharedLibraries=null
09-16 12:23:45.542  4014  4014 I dex2oat : /system/bin/dex2oat --compiler-filter=speed
09-16 12:23:45.682  4014  4014 I dex2oat : dex2oat took 140.745ms (threads: 8) arena alloc=1897KB (1943120B) java alloc=400KB (410456B) native alloc=1545KB (1582432B) free=4MB (5233312B)
09-16 12:23:45.686  3586  3586 E PackageManager: There should probably be a verifier, but, none were found
09-16 12:23:45.689  3586  3586 D PackageManager: Ephemeral resolver NOT found; no matching intent filters
09-16 12:23:45.689  3586  3586 I PackageManager: Ephemeral deactivated; missing resolver and installer
09-16 12:23:45.689  3586  3586 I art     : Starting a blocking GC Explicit
09-16 12:23:45.711  3586  3586 I art     : Explicit concurrent mark sweep GC freed 53899(3MB) AllocSpace objects, 46(2MB) LOS objects, 33% free, 9MB/13MB, paused 151us total 21.755ms
09-16 12:23:45.713  3586  3586 I SystemServer: StartOtaDexOptService
09-16 12:23:45.715  3586  3586 I SystemServer: StartUserManagerService
09-16 12:23:45.715  3586  3586 I SystemServiceManager: Starting com.android.server.pm.UserManagerService$LifeCycle
09-16 12:23:45.728  3156  3156 I lowmemorykiller: ActivityManager connected
09-16 12:23:45.729  3586  3586 I SystemServiceManager: Starting com.android.server.BatteryService
09-16 12:23:45.729  3586  4024 D SensorService: nuSensorService starting...
09-16 12:23:45.732  3586  4024 W MultiHal: No multihal config file found at /system/etc/sensors/hals.conf
09-16 12:23:45.732  3586  4024 I SensorService: Generated new HMAC key.
09-16 12:23:45.734  3586  3586 I SystemServiceManager: Starting com.android.server.usage.UsageStatsService
09-16 12:23:45.748  3586  3586 I SystemServiceManager: Starting com.android.server.webkit.WebViewUpdateService
09-16 12:23:45.751  3586  3586 I SystemServer: Reading configuration...
09-16 12:23:45.751  3586  3586 I SystemServer: StartSchedulingPolicyService
09-16 12:23:45.752  3586  3586 I SystemServiceManager: Starting com.android.server.telecom.TelecomLoaderService
09-16 12:23:45.752  3586  3586 I SystemServer: StartTelephonyRegistry
09-16 12:23:45.756  3586  3586 I SystemServer: StartEntropyMixer
09-16 12:23:45.757  3586  3586 W EntropyMixer: No existing entropy file -- first boot?
09-16 12:23:45.776  3586  3586 I EntropyMixer: Added HW RNG output to entropy pool
09-16 12:23:45.776  3586  3586 I EntropyMixer: Writing entropy...
09-16 12:23:45.799  3586  3586 I SystemServer: Camera Service
09-16 12:23:45.799  3586  3586 I SystemServiceManager: Starting com.android.server.camera.CameraService
09-16 12:23:45.800  3586  4025 I ServiceThread: Enabled StrictMode logging for CameraService_proxy looper.
09-16 12:23:45.801  3586  3586 I SystemServer: StartAccountManagerService
09-16 12:23:45.801  3586  3586 I SystemServiceManager: Starting com.android.server.accounts.AccountManagerService$Lifecycle
09-16 12:23:45.808  3586  3586 I SystemServer: StartContentService
09-16 12:23:45.808  3586  3586 I SystemServiceManager: Starting com.android.server.content.ContentService$Lifecycle
09-16 12:23:45.810  3586  3586 I SystemServer: InstallSystemProviders
09-16 12:23:45.813  3586  3586 W System  : ClassLoader referenced unknown path: /system/priv-app/CMSettingsProvider/lib/arm64
09-16 12:23:45.866  3586  3586 D ActivityThread: Loading provider settings: com.android.providers.settings.SettingsProvider
09-16 12:23:45.868  3586  3586 W System  : ClassLoader referenced unknown path: /system/priv-app/SettingsProvider/lib/arm64
09-16 12:23:45.869  3586  3586 D ApplicationLoaders: ignored Vulkan layer search path /system/priv-app/SettingsProvider/lib/arm64:/system/priv-app/SettingsProvider/SettingsProvider.apk!/lib/arm64-v8a:/system/lib64:/vendor/lib64 for namespace 0x7f743f9160
09-16 12:23:45.963  3586  3586 I SettingsState: No settings state /data/system/users/0/settings_system.xml
09-16 12:23:45.979  3586  3586 I SettingsState: No settings state /data/system/users/0/settings_secure.xml
09-16 12:23:45.983  3586  3586 D SettingsProvider: Generated and saved new ANDROID_ID [6323a57bb0e23be0] for user 0
09-16 12:23:45.997  3586  3586 I SettingsState: No settings state /data/system/users/0/settings_global.xml
09-16 12:23:46.051  3586  3586 I SystemServer: StartVibratorService
09-16 12:23:46.055  3586  3586 I SystemServer: StartConsumerIrService
09-16 12:23:46.056  3586  3586 E ConsumerIrService: Can't open consumer IR HW Module, error: -2
09-16 12:23:46.056  3586  3586 I SystemServer: StartAlarmManagerService
09-16 12:23:46.057  3586  3586 I SystemServiceManager: Starting com.android.server.AlarmManagerService
09-16 12:23:46.062  3586  3586 I SystemServer: InitWatchdog
09-16 12:23:46.063  3586  3586 I SystemServer: StartInputManagerService
09-16 12:23:46.063  3586  3586 I InputManager: Initializing input manager, mUseDevInputEventForAudioJack=false
09-16 12:23:46.064  3586  3586 I SystemServer: StartWindowManagerService
09-16 12:23:46.073  3586  3693 I WindowManager: No existing display settings /data/system/display_settings.xml; starting empty
09-16 12:23:46.084  3586  3687 I CameraManagerGlobal: Connecting to camera service
09-16 12:23:46.086  3175  3175 E CameraService: getCameraVendorTagDescriptor: camera hardware module doesn't exist
09-16 12:23:46.162  3586  3586 I SystemServer: StartVrManagerService
09-16 12:23:46.163  3586  3586 I SystemServiceManager: Starting com.android.server.vr.VrManagerService
09-16 12:23:46.163  3586  3586 W VrManagerService: init_native: Could not open VR hardware module, error No such file or directory (-2).
09-16 12:23:46.166  3586  3586 I InputManager: Starting input manager
09-16 12:23:46.167  3586  4032 D EventHub: No input device configuration file found for device 'certify_hall'.
09-16 12:23:46.171  3586  3586 I SystemServiceManager: Starting com.android.server.BluetoothService
09-16 12:23:46.173  3586  3586 D BluetoothManagerService: Loading stored name and address
09-16 12:23:46.173  3586  3586 D BluetoothManagerService: Stored bluetooth Name=null,Address=null
09-16 12:23:46.174  3586  3586 D BluetoothManagerService: Bluetooth persisted state: 0
09-16 12:23:46.174  3586  3586 I SystemServer: ConnectivityMetricsLoggerService
09-16 12:23:46.174  3586  3586 I SystemServiceManager: Starting com.android.server.connectivity.MetricsLoggerService
09-16 12:23:46.174  3586  3586 I SystemServer: IpConnectivityMetrics
09-16 12:23:46.175  3586  3586 I SystemServiceManager: Starting com.android.server.connectivity.IpConnectivityMetrics
09-16 12:23:46.175  3586  3586 I SystemServer: PinnerService
09-16 12:23:46.175  3586  3586 I SystemServiceManager: Starting com.android.server.PinnerService
09-16 12:23:46.176  3586  3586 I SystemServiceManager: Starting com.android.server.InputMethodManagerService$Lifecycle
09-16 12:23:46.202  3586  4032 D EventHub: No input device configuration file found for device 'Headset'.
09-16 12:23:46.204  3586  4032 W EventHub: Unable to disable kernel key repeat for /dev/input/event15: Function not implemented
09-16 12:23:46.204  3586  4032 I EventHub: New device: id=2, fd=96, path='/dev/input/event15', name='Headset', classes=0x1, configuration='', keyLayout='/system/usr/keylayout/Generic.kl', keyCharacterMap='/system/usr/keychars/Generic.kcm', builtinKeyboard=false, wakeMechanism=EPOLLWAKEUP, usingClockIoctl=true
09-16 12:23:46.204  3586  4032 D EventHub: No input device configuration file found for device 'gpio_keys'.
09-16 12:23:46.204  3586  3586 W System  : ClassLoader referenced unknown path: 
09-16 12:23:46.205  3586  4032 W EventHub: Unable to disable kernel key repeat for /dev/input/event16: Function not implemented
09-16 12:23:46.205  3586  4032 I EventHub: New device: id=3, fd=97, path='/dev/input/event16', name='gpio_keys', classes=0x1, configuration='', keyLayout='/system/usr/keylayout/Generic.kl', keyCharacterMap='/system/usr/keychars/Generic.kcm', builtinKeyboard=false, wakeMechanism=EPOLLWAKEUP, usingClockIoctl=true
09-16 12:23:46.205  3586  4032 E EventHub: could not get driver version for /dev/input/mouse1, Not a typewriter
09-16 12:23:46.206  3586  3586 D ApplicationLoaders: ignored Vulkan layer search path /system/app/LatinIME/lib/arm64:/system/fake-libs64:/system/app/LatinIME/LatinIME.apk!/lib/arm64-v8a:/system/lib64:/vendor/lib64 for namespace 0x7f743f91d0
09-16 12:23:46.234  3586  4032 D EventHub: No input device configuration file found for device 'sec_touchpad'.
09-16 12:23:46.235  3586  4032 W EventHub: Unable to disable kernel key repeat for /dev/input/event1: Function not implemented
09-16 12:23:46.235  3586  4032 I EventHub: New device: id=4, fd=99, path='/dev/input/event1', name='sec_touchpad', classes=0x15, configuration='', keyLayout='/system/usr/keylayout/Generic.kl', keyCharacterMap='/system/usr/keychars/Generic.kcm', builtinKeyboard=false, wakeMechanism=EPOLLWAKEUP, usingClockIoctl=true
09-16 12:23:46.235  3586  4032 E EventHub: could not get driver version for /dev/input/mouse0, Not a typewriter
09-16 12:23:46.318  3586  3586 W InputMethodManagerService: No IME selected. Choose the most applicable IME.
09-16 12:23:46.325  3586  3586 I InputMethodManagerService: Default found, using com.android.inputmethod.latin/.LatinIME
09-16 12:23:46.326  3586  3586 I SystemServer: StartAccessibilityManagerService
09-16 12:23:46.328  3586  4032 W EventHub: Unable to disable kernel key repeat for /dev/input/event0: Function not implemented
09-16 12:23:46.328  3586  4032 I EventHub: New device: id=5, fd=100, path='/dev/input/event0', name='sec_touchscreen', classes=0x15, configuration='/system/usr/idc/sec_touchscreen.idc', keyLayout='/system/usr/keylayout/Generic.kl', keyCharacterMap='/system/usr/keychars/Generic.kcm', builtinKeyboard=false, wakeMechanism=EPOLLWAKEUP, usingClockIoctl=true
09-16 12:23:46.328  3586  4032 D EventHub: No input device configuration file found for device 'hall'.
09-16 12:23:46.370  3586  4032 D EventHub: No input device configuration file found for device 'ssp_context'.
09-16 12:23:46.390  3586  4032 D EventHub: No input device configuration file found for device 'meta_event'.
09-16 12:23:46.430  3586  4032 D EventHub: No input device configuration file found for device 'interrupt_gyro_sensor'.
09-16 12:23:46.470  3586  4032 D EventHub: No input device configuration file found for device 'step_cnt_sensor'.
09-16 12:23:46.510  3586  4032 D EventHub: No input device configuration file found for device 'sig_motion_sensor'.
09-16 12:23:46.550  3586  4032 D EventHub: No input device configuration file found for device 'gesture_sensor'.
09-16 12:23:46.582  3586  4032 D EventHub: No input device configuration file found for device 'temp_humidity_sensor'.
09-16 12:23:46.584  3586  3586 I ActivityManager: Config changes=1df8 {1.0 ?mcc?mnc [en_US] ldltr sw411dp w411dp h845dp 560dpi nrml long port ?uimode ?night -touch -keyb/h/h -nav/h s.2}
09-16 12:23:46.586  3586  3685 I UsageStatsDatabase: Upgrading from version 0 to 3
09-16 12:23:46.586  3586  3685 I UsageStatsDatabase: Deleting all usage stats files
09-16 12:23:46.589  3586  3685 I UsageStatsService: User[0] Rollover scheduled @ 2017-09-17 12:23:46(1505651026584)
09-16 12:23:46.589  3586  3685 D UsageStatsService: Initializing defaults for system apps on user 0
09-16 12:23:46.608  3586  3685 E AppIdleHistory: Unable to read app idle file for user 0
09-16 12:23:46.608  3586  3693 I ActivityManager: Config changes=400 {1.0 ?mcc?mnc [en_US] ldltr sw411dp w411dp h773dp 560dpi nrml long port ?uimode ?night -touch -keyb/h/h -nav/h s.3}
09-16 12:23:46.613  3586  3693 W LocalDisplayAdapter: Unable to find color mode 0, ignoring request.
09-16 12:23:46.614  3586  4032 D EventHub: No input device configuration file found for device 'proximity_alert_sensor'.
09-16 12:23:46.625  3586  3586 W LocalDisplayAdapter: Unable to find color mode 0, ignoring request.
09-16 12:23:46.626  3586  3586 I SystemServiceManager: Starting com.android.server.MountService$Lifecycle
09-16 12:23:46.635  3586  4033 D MountService: Thinking about init, mSystemReady=false, mDaemonConnected=true
09-16 12:23:46.635  3586  3586 I SystemServiceManager: Starting com.android.server.UiModeManagerService
09-16 12:23:46.635  3586  4033 D MountService: Thinking about reset, mSystemReady=false, mDaemonConnected=true
09-16 12:23:46.635  3586  4033 D MountService: Thinking about init, mSystemReady=false, mDaemonConnected=true
09-16 12:23:46.635  3586  4033 D MountService: Thinking about reset, mSystemReady=false, mDaemonConnected=true
09-16 12:23:46.635  3586  4033 D CryptdConnector: SND -> {1 cryptfs getfield SystemLocale}
09-16 12:23:46.636  3586  3586 I ActivityManager: Config changes=200 {1.0 ?mcc?mnc [en_US] ldltr sw411dp w411dp h773dp 560dpi nrml long port -touch -keyb/h/h -nav/h s.4}
09-16 12:23:46.636  3586  4035 D CryptdConnector: RCV <- {200 1 -1}
09-16 12:23:46.639  3586  4033 W MountService: No primary storage mounted!
09-16 12:23:46.639  3586  4033 D VoldConnector: SND -> {1 asec list}
09-16 12:23:46.641  3586  4034 D VoldConnector: RCV <- {200 1 asec operation succeeded}
09-16 12:23:46.642  3586  4033 I PackageManager: No secure containers found
09-16 12:23:46.644  3586  4033 W PackageManager: Unknown permission com.google.android.googleapps.permission.GOOGLE_AUTH in package com.android.providers.calendar
09-16 12:23:46.644  3586  4033 W PackageManager: Unknown permission com.google.android.googleapps.permission.GOOGLE_AUTH.cl in package com.android.providers.calendar
09-16 12:23:46.648  3586  4033 W PackageManager: Unknown permission cyanogenmod.permission.LEGALESE in package com.cyanogenmod.setupwizard
09-16 12:23:46.649  3586  4033 W PackageManager: Unknown permission com.android.gallery3d.permission.STORAGE_CHANGE in package com.android.camera2
09-16 12:23:46.650  3586  4033 W PackageManager: Unknown permission android.permission.NFC_UNLOCK in package com.android.nfc
09-16 12:23:46.653  3586  4033 W PackageManager: Unknown permission com.google.android.googleapps.permission.GOOGLE_AUTH.mail in package com.android.calendar
09-16 12:23:46.653  3586  4033 W PackageManager: Unknown permission com.android.launcher.permission.READ_SETTINGS in package com.android.onetimeinitializer
09-16 12:23:46.653  3586  4033 W PackageManager: Unknown permission com.android.launcher.permission.WRITE_SETTINGS in package com.android.onetimeinitializer
09-16 12:23:46.654  3586  4032 D EventHub: No input device configuration file found for device 'proximity_sensor'.
09-16 12:23:46.656  3586  4033 W PackageManager: Unknown permission com.android.launcher.permission.READ_SETTINGS in package com.cyanogenmod.trebuchet
09-16 12:23:46.656  3586  4033 W PackageManager: Unknown permission com.android.launcher.permission.WRITE_SETTINGS in package com.cyanogenmod.trebuchet
09-16 12:23:46.657  3586  4033 W PackageManager: Unknown permission com.google.android.permission.INSTALL_WEARABLE_PACKAGES in package com.android.packageinstaller
09-16 12:23:46.657  3586  4033 W PackageManager: Not granting permission android.permission.DELETE_PACKAGES to package com.svox.pico (protectionLevel=18 flags=0x3888be45)
09-16 12:23:46.659  3586  4033 W PackageManager: Unknown permission com.google.android.gallery3d.permission.PICASA_STORE in package com.android.dreams.phototable
09-16 12:23:46.661  3586  4033 W PackageManager: Unknown permission com.google.android.googleapps.permission.GOOGLE_AUTH in package com.android.settings
09-16 12:23:46.662  3586  4033 W PackageManager: Unknown permission com.android.launcher.permission.READ_SETTINGS in package com.android.settings
09-16 12:23:46.662  3586  4033 W PackageManager: Unknown permission com.android.launcher.permission.WRITE_SETTINGS in package com.android.settings
09-16 12:23:46.673  3586  4033 W PackageManager: Not granting permission android.permission.MANAGE_DOCUMENTS to package com.android.deskclock (protectionLevel=2 flags=0x3cc9be45)
09-16 12:23:46.673  3586  4033 W PackageManager: Unknown permission com.android.deskclock.worldclock.permissions.WRITE_DATABASE in package com.android.deskclock
09-16 12:23:46.673  3586  4033 W PackageManager: Unknown permission org.codeaurora.permission.POWER_ON_ALERT in package com.android.deskclock
09-16 12:23:46.673  3586  4033 W PackageManager: Not granting permission android.permission.WRITE_SECURE_SETTINGS to package com.android.deskclock (protectionLevel=50 flags=0x3cc9be45)
09-16 12:23:46.678  3586  4033 W PackageManager: Unknown permission com.cyanogenmod.lockclock.permission.READ_WEATHER in package com.android.systemui
09-16 12:23:46.680  3586  4033 W PackageManager: Unknown permission com.google.android.gallery3d.permission.GALLERY_PROVIDER in package com.android.bluetooth
09-16 12:23:46.682  3586  4033 W PackageManager: Unknown permission com.google.android.googleapps.permission.ACCESS_GOOGLE_PASSWORD in package com.android.development
09-16 12:23:46.682  3586  4033 W PackageManager: Unknown permission com.google.android.googleapps.permission.GOOGLE_AUTH in package com.android.development
09-16 12:23:46.682  3586  4033 W PackageManager: Unknown permission com.google.android.googleapps.permission.GOOGLE_AUTH.ALL_SERVICES in package com.android.development
09-16 12:23:46.682  3586  4033 W PackageManager: Unknown permission com.google.android.googleapps.permission.GOOGLE_AUTH.YouTubeUser in package com.android.development
09-16 12:23:46.686  3586  4032 D EventHub: No input device configuration file found for device 'light_ir_sensor'.
09-16 12:23:46.722  3586  4032 D EventHub: No input device configuration file found for device 'light_sensor'.
09-16 12:23:46.754  3586  4032 D EventHub: No input device configuration file found for device 'hrm_sensor'.
09-16 12:23:46.786  3586  4032 D EventHub: No input device configuration file found for device 'grip_sensor'.
09-16 12:23:46.842  3586  4032 E EventHub: could not get driver version for /dev/input/mice, Not a typewriter
09-16 12:23:46.896  3586  4032 I InputReader: Device added: id=-1, name='Virtual', sources=0x00000301
09-16 12:23:46.896  3586  4032 W InputReader: Invalid value for touch.size.calibration: 'normalized'
09-16 12:23:46.897  3586  4032 I InputReader:   Touch device 'sec_touchscreen' could not query the properties of its associated display.  The device will be inoperable until the display size becomes available.
09-16 12:23:46.897  3586  4032 I InputReader: Device added: id=5, name='sec_touchscreen', sources=0x00001103
09-16 12:23:46.897  3586  4032 I InputReader:   Touch device 'sec_touchpad' could not query the properties of its associated display.  The device will be inoperable until the display size becomes available.
09-16 12:23:46.897  3586  4032 I InputReader: Device added: id=4, name='sec_touchpad', sources=0x00002103
09-16 12:23:46.897  3586  4032 I InputReader: Device added: id=3, name='gpio_keys', sources=0x00000101
09-16 12:23:46.897  3586  4032 I InputReader: Device added: id=2, name='Headset', sources=0x00000101
09-16 12:23:46.897  3586  4032 I InputReader: Reconfiguring input devices.  changes=0x00000004
09-16 12:23:46.906  3586  4032 I InputReader: Device reconfigured: id=4, name='sec_touchpad', size 1440x2960, orientation 0, mode 4, display id 0
09-16 12:23:46.906  3586  4032 I InputReader: Device reconfigured: id=5, name='sec_touchscreen', size 1440x2960, orientation 0, mode 1, display id 0
09-16 12:23:46.906  3586  4031 I ActivityManager: Config changes=8 {1.0 ?mcc?mnc [en_US] ldltr sw411dp w411dp h773dp 560dpi nrml long port finger -keyb/h/h -nav/h s.5}
09-16 12:23:46.974  3586  3586 W art     : Long monitor contention with owner MountService (4033) at void com.android.server.pm.PackageManagerService.loadMediaPackages(android.util.ArrayMap, int[], boolean)(PackageManagerService.java:19557) waiters=0 in void com.android.server.pm.PackageManagerService.updatePackagesIfNeeded() for 331ms
09-16 12:23:46.995  3586  3685 W art     : Long monitor contention with owner MountService (4033) at void com.android.server.pm.PackageManagerService.loadMediaPackages(android.util.ArrayMap, int[], boolean)(PackageManagerService.java:19557) waiters=1 in void com.android.server.pm.Settings$RuntimePermissionPersistence.writePermissionsSync(int) for 217ms
09-16 12:23:46.996  3586  4033 W MountService: No primary storage defined yet; hacking together a stub
09-16 12:23:46.997  3586  4033 W MountService: No primary storage defined yet; hacking together a stub
09-16 12:23:46.998  3586  4033 W MountService: No primary storage mounted!
09-16 12:23:46.998  3586  4033 D VoldConnector: SND -> {2 asec list}
09-16 12:23:47.000  3586  4034 D VoldConnector: RCV <- {200 2 asec operation succeeded}
09-16 12:23:47.007  3586  3586 I PackageManager.DexOptimizer: Running dexopt (dex2oat) on: /system/app/RootPA/RootPA.apk pkg=com.gd.mobicore.pa isa=arm64 vmSafeMode=false debuggable=false target-filter=verify-at-runtime oatDir = null sharedLibraries=null
09-16 12:23:47.023  4036  4036 I dex2oat : /system/bin/dex2oat --compiler-filter=verify-at-runtime
09-16 12:23:47.088  4036  4036 I dex2oat : dex2oat took 65.581ms (threads: 8) arena alloc=0B (0B) java alloc=27KB (28240B) native alloc=1090KB (1117072B) free=1469KB (1504368B)
09-16 12:23:47.091  3586  3586 I PackageManager.DexOptimizer: Running dexopt (dex2oat) on: /system/priv-app/CalendarProvider/CalendarProvider.apk pkg=com.android.providers.calendar isa=arm64 vmSafeMode=false debuggable=false target-filter=verify-at-runtime oatDir = null sharedLibraries=/system/framework/android.test.runner.jar
09-16 12:23:47.107  4045  4045 I dex2oat : /system/bin/dex2oat --compiler-filter=verify-at-runtime
09-16 12:23:47.207  4045  4045 I dex2oat : dex2oat took 100.370ms (threads: 8) arena alloc=0B (0B) java alloc=35KB (36168B) native alloc=1141KB (1169264B) free=1930KB (1976464B)
09-16 12:23:47.209  3586  3586 I PackageManager.DexOptimizer: Running dexopt (dex2oat) on: /system/priv-app/MediaProvider/MediaProvider.apk pkg=com.android.providers.media isa=arm64 vmSafeMode=false debuggable=false target-filter=verify-at-runtime oatDir = null sharedLibraries=null
09-16 12:23:47.225  4054  4054 I dex2oat : /system/bin/dex2oat --compiler-filter=verify-at-runtime
09-16 12:23:47.290  4054  4054 I dex2oat : dex2oat took 65.641ms (threads: 8) arena alloc=0B (0B) java alloc=31KB (32216B) native alloc=1100KB (1126640B) free=1459KB (1494800B)
09-16 12:23:47.293  3586  3586 I PackageManager.DexOptimizer: Running dexopt (dex2oat) on: /system/priv-app/WallpaperCropper/WallpaperCropper.apk pkg=com.android.wallpapercropper isa=arm64 vmSafeMode=false debuggable=false target-filter=verify-at-runtime oatDir = null sharedLibraries=null
09-16 12:23:47.309  4063  4063 I dex2oat : /system/bin/dex2oat --compiler-filter=verify-at-runtime
