09-11 15:04:22.823  3550  3550 I CMSystemServer: Attempting to start service org.cyanogenmod.platform.internal.CMStatusBarManagerService
09-11 15:04:22.825  3550  3550 I CMSystemServer: Starting service org.cyanogenmod.platform.internal.CMStatusBarManagerService
09-11 15:04:22.825  3550  3550 I SystemServiceManager: Starting org.cyanogenmod.platform.internal.CMStatusBarManagerService
09-11 15:04:22.826  3550  3550 I CMSystemServer: Attempting to start service org.cyanogenmod.platform.internal.ProfileManagerService
09-11 15:04:22.828  3550  3550 I CMSystemServer: Starting service org.cyanogenmod.platform.internal.ProfileManagerService
09-11 15:04:22.828  3550  3550 I SystemServiceManager: Starting org.cyanogenmod.platform.internal.ProfileManagerService
09-11 15:04:22.829  3153  3153 E ServiceManager: add_service('profile',6d) uid=1000 - ALREADY REGISTERED, OVERRIDE
09-11 15:04:22.829  3153  3153 I ServiceManager: service 'profile' died
09-11 15:04:22.835  3550  3550 I CMSystemServer: Attempting to start service org.cyanogenmod.platform.internal.CMTelephonyManagerService
09-11 15:04:22.835  3550  3550 I CMSystemServer: Starting service org.cyanogenmod.platform.internal.CMTelephonyManagerService
09-11 15:04:22.835  3550  3550 I SystemServiceManager: Starting org.cyanogenmod.platform.internal.CMTelephonyManagerService
09-11 15:04:22.836  3550  3550 I CMSystemServer: Attempting to start service org.cyanogenmod.platform.internal.CMHardwareService
09-11 15:04:22.847  3550  3550 I CMSystemServer: Starting service org.cyanogenmod.platform.internal.CMHardwareService
09-11 15:04:22.847  3550  3550 I SystemServiceManager: Starting org.cyanogenmod.platform.internal.CMHardwareService
09-11 15:04:22.848  3153  3153 E ServiceManager: add_service('cmhardware',6f) uid=1000 - ALREADY REGISTERED, OVERRIDE
09-11 15:04:22.848  3153  3153 I ServiceManager: service 'cmhardware' died
09-11 15:04:22.848  3550  3550 I CMSystemServer: Attempting to start service org.cyanogenmod.platform.internal.PerformanceManagerService
09-11 15:04:22.850  3550  3676 I ServiceThread: Enabled StrictMode logging for PerformanceManager looper.
09-11 15:04:22.850  3550  3550 I CMSystemServer: Starting service org.cyanogenmod.platform.internal.PerformanceManagerService
09-11 15:04:22.850  3550  3550 I SystemServiceManager: Starting org.cyanogenmod.platform.internal.PerformanceManagerService
09-11 15:04:22.851  3550  3677 I ServiceThread: Enabled StrictMode logging for PerformanceManager looper.
09-11 15:04:22.851  3550  3550 I CMSystemServer: Attempting to start service org.cyanogenmod.platform.internal.WeatherManagerServiceBroker
09-11 15:04:22.852  3550  3550 I CMSystemServer: Starting service org.cyanogenmod.platform.internal.WeatherManagerServiceBroker
09-11 15:04:22.853  3550  3550 I SystemServiceManager: Starting org.cyanogenmod.platform.internal.WeatherManagerServiceBroker
09-11 15:04:22.853  3550  3550 I CMSystemServer: Attempting to start service org.cyanogenmod.platform.internal.display.LiveDisplayService
09-11 15:04:22.855  3550  3678 I ServiceThread: Enabled StrictMode logging for LiveDisplay looper.
09-11 15:04:22.856  3550  3550 I CMSystemServer: Starting service org.cyanogenmod.platform.internal.display.LiveDisplayService
09-11 15:04:22.857  3550  3550 I SystemServiceManager: Starting org.cyanogenmod.platform.internal.display.LiveDisplayService
09-11 15:04:22.857  3550  3679 I ServiceThread: Enabled StrictMode logging for LiveDisplay looper.
09-11 15:04:22.858  3550  3550 I CMSystemServer: Attempting to start service org.cyanogenmod.platform.internal.CMAudioServiceBroker
09-11 15:04:22.858  3550  3550 I CMSystemServer: Starting service org.cyanogenmod.platform.internal.CMAudioServiceBroker
09-11 15:04:22.858  3550  3550 I SystemServiceManager: Starting org.cyanogenmod.platform.internal.CMAudioServiceBroker
09-11 15:04:22.868  3550  3550 E LockSettingsStorage: Cannot read file java.io.FileNotFoundException: /data/system/gatekeeper.password.key: open failed: ENOENT (No such file or directory)
09-11 15:04:22.868  3550  3550 E LockSettingsStorage: Cannot read file java.io.FileNotFoundException: /data/system/password.key: open failed: ENOENT (No such file or directory)
09-11 15:04:22.868  3550  3550 E LockSettingsStorage: Cannot read file java.io.FileNotFoundException: /data/system/gatekeeper.pattern.key: open failed: ENOENT (No such file or directory)
09-11 15:04:22.868  3550  3550 E LockSettingsStorage: Cannot read file java.io.FileNotFoundException: /data/system/gatekeeper.gesture.key: open failed: ENOENT (No such file or directory)
09-11 15:04:22.869  3550  3550 E LockSettingsStorage: Cannot read file java.io.FileNotFoundException: /data/system/gesture.key: open failed: ENOENT (No such file or directory)
09-11 15:04:22.869  3550  3550 I SystemServiceManager: Starting phase 480
09-11 15:04:22.870  3550  3550 I DevicePolicyManagerService: Set ro.device_owner property to false
09-11 15:04:22.871  3550  3550 I SystemServiceManager: Starting phase 500
09-11 15:04:22.877  3550  3550 I WifiService: WifiService starting up with Wi-Fi enabled
09-11 15:04:22.878  3550  3550 D WifiService: setWifiEnabled: true pid=3550, uid=1000
09-11 15:04:22.879  3550  3634 I chatty  : uid=1000(system) WifiService expire 2 lines
09-11 15:04:22.886  3550  3641 D ConnectivityService: Got NetworkFactory Messenger for Ethernet
09-11 15:04:22.886  3550  3681 I chatty  : uid=1000(system) EthernetService expire 1 line
09-11 15:04:22.889  3550  3550 D ZenLog  : config: cleanUpZenRules,ZenModeConfig[user=0,allowCalls=true,allowRepeatCallers=false,allowMessages=false,allowCallsFrom=contacts,allowMessagesFrom=contacts,allowReminders=true,allowEvents=true,allowWhenScreenOff=true,allowWhenScreenOn=true,automaticRules={6b9adfb20f2148b49c6695aa283f6381=ZenRule[enabled=false,snoozing=false,name=Event,zenMode=ZEN_MODE_ALARMS,conditionId=condition://android/event?userId=-10000&calendar=&reply=1,condition=Condition[id=condition://android/event?userId=-10000&calendar=&reply=1,summary=...,line1=...,line2=...,icon=0,state=STATE_FALSE,flags=2],component=ComponentInfo{android/com.android.server.notification.EventConditionProvider},id=6b9adfb20f2148b49c6695aa283f6381,creationTime=1505151762116,enabler=null], b09d772b2ad544b89e1c6535f7881f09=ZenRule[enabled=false,snoozing=false,name=Weekend,zenMode=ZEN_MODE_ALARMS,conditionId=condition://android/schedule?days=6.7&start=23.30&end=10.0&exitAtAlarm=false,condition=Condition[id=condition://android/schedule?days=6.7&start=23.30&end=10.0&exitAtAlarm=false,summary=...,line1=...,line2=...,icon=0,state=STATE_FALSE,flags=2],component=ComponentInfo{android/com.android.server.notification.ScheduleConditionProvider},id=b09d772b2ad544b89e1c6535f7881f09,creationTime=1505151762115,enabler=null], c69fce6d3ab84971a44eb029afd30050=ZenRule[enabled=false,snoozing=false,name=Weeknight,zenMode=ZEN_MODE_ALARMS,conditionId=condition://android/schedule?days=1.2.3.4.5&start=22.0&end=7.0&exitAtAlarm=false,condition=Condition[id=condition://android/schedule?days=1.2.3.4.5&start=22.0&end=7.0&exitAtAlarm=false,summary=...,line1=...,line2=...,icon=0,state=STATE_FALSE,flags=2],component=ComponentInfo{android/com.android.server.notification.ScheduleConditionProvider},id=c69fce6d3ab84971a44eb029afd30050,creationTime=1505151762115,enabler=null]},manualRule=null],Diff[]
09-11 15:04:22.889  3550  3550 D ZenLog  : set_zen_mode: off,onSystemReady
09-11 15:04:22.890  3168  3396 D PermissionCache: checking android.permission.CAPTURE_AUDIO_HOTWORD for uid=1000 => granted (72 us)
09-11 15:04:22.890  3550  3550 W SoundTriggerHelper: listModules status=0, # of modules=0
09-11 15:04:22.893  3550  3550 E PerformanceManager: System is not ready, dropping profile request
09-11 15:04:22.916  3550  3550 I ActivityManager: Config changes=20 {1.0 ?mcc?mnc [es_ES] ldltr sw411dp w411dp h773dp 560dpi nrml long port finger -keyb/v/h -nav/h s.6}
09-11 15:04:22.928  3550  3550 V UserManagerService: Found /data/user_de/0 with serial number 0
09-11 15:04:22.928  3550  3550 V UserManagerService: Found /data/user/0 with serial number 0
09-11 15:04:22.928  3550  3550 V UserManagerService: Found /data/system_de/0 with serial number 0
09-11 15:04:22.928  3550  3550 V UserManagerService: Found /data/system_ce/0 with serial number 0
09-11 15:04:22.929  3550  3581 W KeyguardServiceDelegate: onScreenTurningOn(): no keyguard service!
09-11 15:04:22.929  3550  3550 I ActivityManager: System now ready
09-11 15:04:22.930  3550  3550 I SystemServer: Making services ready
09-11 15:04:22.931  3550  3550 I SystemServiceManager: Starting phase 550
09-11 15:04:22.932  3550  3550 D BluetoothManagerService: Bluetooth boot completed
09-11 15:04:22.936  3550  3550 E InputMethodManagerService: Ignoring updateSystemUiLocked due to an invalid token. uid:1000 token:null
09-11 15:04:22.943  3550  3578 W LocalDisplayAdapter: Unable to find color mode 0, ignoring request.
09-11 15:04:22.957  3166  3554 I art     : Starting a blocking GC HeapTrim
09-11 15:04:22.967  3550  3550 I ActivityManager: Start proc 3695:com.android.inputmethod.latin/u0a62 for service com.android.inputmethod.latin/.LatinIME
09-11 15:04:22.968  3550  3550 V InputMethodManagerService: Adding window token: android.os.Binder@8f9224f
09-11 15:04:22.968  3550  3626 D MountService: Thinking about init, mSystemReady=true, mDaemonConnected=true
09-11 15:04:22.968  3550  3626 D MountService: Setting up emulation state, initlocked=false
09-11 15:04:22.968  3550  3626 D CryptdConnector: SND -> {2 cryptfs unlock_user_key 0 0 ! !}
09-11 15:04:22.968  3550  3550 E WallpaperManagerService: Invalid wallpaper data
09-11 15:04:22.968  3550  3550 E WallpaperManagerService: Unable to apply new wallpaper
09-11 15:04:22.969  3067  3135 D vold    : e4crypt_unlock_user_key 0 serial=0 token_present=0
09-11 15:04:22.969  3550  3628 D CryptdConnector: RCV <- {200 2 Command succeeded}
09-11 15:04:22.969  3550  3626 D MountService: Thinking about reset, mSystemReady=true, mDaemonConnected=true
09-11 15:04:22.970  3550  3626 D VoldConnector: SND -> {3 volume reset}
09-11 15:04:22.970  3550  3627 D VoldConnector: RCV <- {651 emulated 7}
09-11 15:04:22.970  3550  3627 D VoldConnector: RCV <- {659 emulated}
09-11 15:04:22.971  3550  3627 D VoldConnector: RCV <- {650 emulated 2 "" ""}
09-11 15:04:22.971  3550  3627 D VoldConnector: RCV <- {654 emulated emulated}
09-11 15:04:22.971  3550  3627 D VoldConnector: RCV <- {651 emulated 0}
09-11 15:04:22.971  3550  3627 D VoldConnector: RCV <- {200 3 Command succeeded}
09-11 15:04:22.971  3550  3576 V MountService: Found primary storage at VolumeInfo{emulated}:
09-11 15:04:22.971  3550  3576 V MountService:     type=EMULATED diskId=null partGuid=null mountFlags=0 mountUserId=-1 
09-11 15:04:22.971  3550  3576 V MountService:     state=UNMOUNTED 
09-11 15:04:22.971  3550  3576 V MountService:     fsType=null fsUuid=null fsLabel=null 
09-11 15:04:22.971  3550  3576 V MountService:     path=null internalPath=null 
09-11 15:04:22.971  3550  3626 D VoldConnector: SND -> {4 volume user_added 0 0}
09-11 15:04:22.971  3550  3627 D VoldConnector: RCV <- {200 4 Command succeeded}
09-11 15:04:22.980  3550  3550 I ActivityManager: Start proc 3709:com.android.systemui/u0a33 for service com.android.systemui/.ImageWallpaper
09-11 15:04:22.980  3550  3567 I ActivityManager: Force stopping com.android.providers.media appid=10009 user=-1: vold reset
09-11 15:04:22.982  3550  3626 D VoldConnector: SND -> {5 volume mount emulated 3 -1}
09-11 15:04:22.982  3550  3627 D VoldConnector: RCV <- {651 emulated 1}
09-11 15:04:22.982  3550  3627 D VoldConnector: RCV <- {656 emulated /data/media}
09-11 15:04:22.982  3168  3168 D audio_hw_primary_abox: device-adev_set_parameters: enter with key(A2dpSuspended=false)
09-11 15:04:22.982  3550  3627 D VoldConnector: RCV <- {655 emulated /storage/emulated}
09-11 15:04:22.982  3168  3168 D audio_hw_primary_abox: device-adev_set_parameters: exit
09-11 15:04:22.983  3067  3134 V vold    : Waiting for FUSE to spin up...
09-11 15:04:22.984  3550  3550 D UsbAlsaManager: Adding ALSA device AlsaDevice: [card: 0, device: 22, type: 1]
09-11 15:04:22.984  3550  3550 D UsbAlsaManager: Adding ALSA device AlsaDevice: [card: 0, device: 22, type: 2]
09-11 15:04:22.984  3550  3550 D UsbAlsaManager: Adding ALSA device AlsaDevice: [card: 0, device: 21, type: 2]
09-11 15:04:22.984  3550  3550 D UsbAlsaManager: Adding ALSA device AlsaDevice: [card: 0, device: 20, type: 2]
09-11 15:04:22.984  3550  3550 D UsbAlsaManager: Adding ALSA device AlsaDevice: [card: 0, device: 12, type: 2]
09-11 15:04:22.984  3550  3550 D UsbAlsaManager: Adding ALSA device AlsaDevice: [card: 0, device: 11, type: 2]
09-11 15:04:22.984  3550  3550 D UsbAlsaManager: Adding ALSA device AlsaDevice: [card: 0, device: 10, type: 2]
09-11 15:04:22.984  3550  3550 D UsbAlsaManager: Adding ALSA device AlsaDevice: [card: 0, device: 9, type: 2]
09-11 15:04:22.984  3550  3550 D UsbAlsaManager: Adding ALSA device AlsaDevice: [card: 0, device: 7, type: 1]
09-11 15:04:22.984  3550  3550 D UsbAlsaManager: Adding ALSA device AlsaDevice: [card: 0, device: 8, type: 2]
09-11 15:04:22.984  3550  3550 D UsbAlsaManager: Adding ALSA device AlsaDevice: [card: 0, device: 6, type: 1]
09-11 15:04:22.984  3550  3550 D UsbAlsaManager: Adding ALSA device AlsaDevice: [card: 0, device: 4, type: 1]
09-11 15:04:22.984  3550  3550 D UsbAlsaManager: Adding ALSA device AlsaDevice: [card: 0, device: 3, type: 1]
09-11 15:04:22.984  3550  3550 D UsbAlsaManager: Adding ALSA device AlsaDevice: [card: 0, device: 2, type: 1]
09-11 15:04:22.984  3550  3550 D UsbAlsaManager: Adding ALSA device AlsaDevice: [card: 0, device: 1, type: 1]
09-11 15:04:22.984  3550  3550 D UsbAlsaManager: Adding ALSA device AlsaDevice: [card: 0, device: 0, type: 1]
09-11 15:04:22.987  3536  3536 I BootAnimation: type=1400 audit(0.0:132): avc: denied { read write } for name="fimg2d" dev="tmpfs" ino=4387 scontext=u:r:bootanim:s0 tcontext=u:object_r:device:s0 tclass=chr_file permissive=1
09-11 15:04:22.987  3536  3536 I BootAnimation: type=1400 audit(0.0:132): avc: denied { open } for path="/dev/fimg2d" dev="tmpfs" ino=4387 scontext=u:r:bootanim:s0 tcontext=u:object_r:device:s0 tclass=chr_file permissive=1
09-11 15:04:22.987  3536  3536 W BootAnimation: type=1300 audit(0.0:132): arch=c00000b7 syscall=56 success=yes exit=14 a0=ffffff9c a1=7f8a6c9703 a2=2 a3=0 items=0 ppid=1 auid=4294967295 uid=1003 gid=1003 euid=1003 suid=1003 fsuid=1003 egid=1003 sgid=1003 fsgid=1003 tty=(none) ses=4294967295 exe="/system/bin/bootanimation" subj=u:r:bootanim:s0 key=(null)
09-11 15:04:22.987  3076  3076 W auditd  : type=1327 audit(0.0:132): proctitle="/system/bin/bootanimation"
09-11 15:04:22.987  3076  3076 W auditd  : type=1320 audit(0.0:132): 
09-11 15:04:22.987  3536  3536 I BootAnimation: type=1400 audit(0.0:133): avc: denied { ioctl } for path="/dev/fimg2d" dev="tmpfs" ino=4387 ioctlcmd=4d04 scontext=u:r:bootanim:s0 tcontext=u:object_r:device:s0 tclass=chr_file permissive=1
09-11 15:04:22.987  3536  3536 W BootAnimation: type=1300 audit(0.0:133): arch=c00000b7 syscall=29 success=yes exit=0 a0=12 a1=c1104d04 a2=7f8670d4b0 a3=0 items=0 ppid=1 auid=4294967295 uid=1003 gid=1003 euid=1003 suid=1003 fsuid=1003 egid=1003 sgid=1003 fsgid=1003 tty=(none) ses=4294967295 exe="/system/bin/bootanimation" subj=u:r:bootanim:s0 key=(null)
09-11 15:04:22.987  3076  3076 W auditd  : type=1327 audit(0.0:133): proctitle="/system/bin/bootanimation"
09-11 15:04:22.987  3076  3076 W auditd  : type=1320 audit(0.0:133): 
09-11 15:04:22.987  3550  3550 I SystemServer: WebViewFactory preparation
09-11 15:04:22.987  3550  3576 I UsbPortManager: USB port added: port=UsbPort{id=otg_default, supportedModes=dual}, status=UsbPortStatus{connected=true, currentMode=ufp, currentPowerRole=sink, currentDataRole=device, supportedRoleCombinations=[source:host, sink:device]}, canChangeMode=true, canChangePowerRole=false, canChangeDataRole=false
09-11 15:04:22.993  3725  3725 W sdcard  : Device explicitly disabled sdcardfs
09-11 15:04:22.999  3550  3648 D BluetoothManagerService: Trying to bind to profile: 1, while Bluetooth was disabled
09-11 15:04:23.001  3168  3396 I AudioFlinger: systemReady
09-11 15:04:23.013  3550  3735 I chatty  : uid=1000(system) SoundPoolThread expire 1 line
09-11 15:04:23.015  3709  3709 W System  : ClassLoader referenced unknown path: /system/priv-app/SystemUI/lib/arm64
09-11 15:04:23.024  3175  3175 I MediaPlayerService: MediaPlayerService::getOMX
09-11 15:04:23.028  3175  3175 I EXYNOS_COMP_REGS: Loading the library: libOMX.Exynos.AVC.Decoder.so
09-11 15:04:23.029  3167  3392 I art     : Starting a blocking GC HeapTrim
09-11 15:04:23.030  3167  3167 I art     : Starting a blocking GC Background
09-11 15:04:23.034  3550  3627 D VoldConnector: RCV <- {651 emulated 2}
09-11 15:04:23.034  3550  3627 D VoldConnector: RCV <- {200 5 Command succeeded}
09-11 15:04:23.037  3175  3175 I EXYNOS_COMP_REGS: Loading the library: libOMX.Exynos.AVC.Encoder.so
09-11 15:04:23.040  3175  3175 I EXYNOS_COMP_REGS: Loading the library: libOMX.Exynos.HEVC.Decoder.so
09-11 15:04:23.042  3175  3175 I EXYNOS_COMP_REGS: Loading the library: libOMX.Exynos.HEVC.Encoder.so
09-11 15:04:23.045  3175  3175 I EXYNOS_COMP_REGS: Loading the library: libOMX.Exynos.MPEG4.Decoder.so
09-11 15:04:23.049  3175  3175 I EXYNOS_COMP_REGS: Loading the library: libOMX.Exynos.MPEG4.Encoder.so
09-11 15:04:23.052  3175  3175 I EXYNOS_COMP_REGS: Loading the library: libOMX.Exynos.VP8.Decoder.so
09-11 15:04:23.054  3175  3175 I EXYNOS_COMP_REGS: Loading the library: libOMX.Exynos.VP8.Encoder.so
09-11 15:04:23.055  3550  3550 I ActivityManager: Start proc 3740:WebViewLoader-armeabi-v7a/1037 [android.webkit.WebViewFactory$RelroFileCreator] for 
09-11 15:04:23.057  3175  3175 I EXYNOS_COMP_REGS: Loading the library: libOMX.Exynos.VP9.Decoder.so
09-11 15:04:23.060  3175  3175 I EXYNOS_COMP_REGS: Loading the library: libOMX.Exynos.VP9.Encoder.so
09-11 15:04:23.063  3175  3175 I EXYNOS_COMP_REGS: Loading the library: libOMX.Exynos.WMV.Decoder.so
09-11 15:04:23.066  3746  3746 V WebViewFactory: RelroFileCreator (64bit = true),  32-bit lib: /system/app/webview/webview.apk!/lib/armeabi-v7a/libwebviewchromium.so, 64-bit lib: /system/app/webview/webview.apk!/lib/arm64-v8a/libwebviewchromium.so
09-11 15:04:23.066  3550  3550 I ActivityManager: Start proc 3746:WebViewLoader-arm64-v8a/1037 [android.webkit.WebViewFactory$RelroFileCreator] for 
09-11 15:04:23.067  3740  3740 V WebViewFactory: RelroFileCreator (64bit = false),  32-bit lib: /system/app/webview/webview.apk!/lib/armeabi-v7a/libwebviewchromium.so, 64-bit lib: /system/app/webview/webview.apk!/lib/arm64-v8a/libwebviewchromium.so
09-11 15:04:23.067  3550  3550 D NetworkManagement: enabling bandwidth control
09-11 15:04:23.076  3172  3172 I EXYNOS_COMP_REGS: Loading the library: libOMX.Exynos.AVC.Decoder.so
09-11 15:04:23.078  3709  3709 V SystemUIService: Starting SystemUI services for user 0.
09-11 15:04:23.079  3172  3172 I EXYNOS_COMP_REGS: Loading the library: libOMX.Exynos.AVC.Encoder.so
09-11 15:04:23.081  3172  3172 I EXYNOS_COMP_REGS: Loading the library: libOMX.Exynos.HEVC.Decoder.so
09-11 15:04:23.084  3172  3172 I EXYNOS_COMP_REGS: Loading the library: libOMX.Exynos.HEVC.Encoder.so
09-11 15:04:23.086  3172  3172 I EXYNOS_COMP_REGS: Loading the library: libOMX.Exynos.MPEG4.Decoder.so
09-11 15:04:23.087  3076  3076 W auditd  : type=1325 audit(0.0:134): table=filter family=2 entries=76
09-11 15:04:23.087  3076  3076 W auditd  : type=1320 audit(0.0:134): 
09-11 15:04:23.087  3076  3076 W auditd  : type=1325 audit(0.0:135): table=raw family=2 entries=13
09-11 15:04:23.087  3076  3076 W auditd  : type=1320 audit(0.0:135): 
09-11 15:04:23.087  3076  3076 W auditd  : type=1325 audit(0.0:136): table=mangle family=2 entries=17
09-11 15:04:23.087  3076  3076 W auditd  : type=1320 audit(0.0:136): 
09-11 15:04:23.089  3172  3172 I EXYNOS_COMP_REGS: Loading the library: libOMX.Exynos.MPEG4.Encoder.so
09-11 15:04:23.091  3076  3076 W auditd  : type=1325 audit(0.0:137): table=filter family=10 entries=87
09-11 15:04:23.091  3076  3076 W auditd  : type=1320 audit(0.0:137): 
09-11 15:04:23.091  3172  3172 I EXYNOS_COMP_REGS: Loading the library: libOMX.Exynos.VP8.Decoder.so
09-11 15:04:23.093  3172  3172 I EXYNOS_COMP_REGS: Loading the library: libOMX.Exynos.VP8.Encoder.so
09-11 15:04:23.095  3076  3076 W auditd  : type=1325 audit(0.0:138): table=raw family=10 entries=13
09-11 15:04:23.095  3076  3076 W auditd  : type=1320 audit(0.0:138): 
09-11 15:04:23.095  3076  3076 W auditd  : type=1325 audit(0.0:139): table=mangle family=10 entries=16
09-11 15:04:23.095  3076  3076 W auditd  : type=1320 audit(0.0:139): 
09-11 15:04:23.096  3172  3172 I EXYNOS_COMP_REGS: Loading the library: libOMX.Exynos.VP9.Decoder.so
09-11 15:04:23.098  3172  3172 I EXYNOS_COMP_REGS: Loading the library: libOMX.Exynos.VP9.Encoder.so
09-11 15:04:23.100  3172  3172 I EXYNOS_COMP_REGS: Loading the library: libOMX.Exynos.WMV.Decoder.so
09-11 15:04:23.109  3740  3740 I art     : System.exit called, status: 0
09-11 15:04:23.109  3740  3740 I AndroidRuntime: VM exiting with result code 0, cleanup skipped.
09-11 15:04:23.112  3709  3709 V MediaRouter: Adding route: RouteInfo{ name=Telfono, description=null, status=null, category=RouteCategory{ name=null types=ROUTE_TYPE_LIVE_AUDIO ROUTE_TYPE_LIVE_VIDEO  groupable=false }, supportedTypes=ROUTE_TYPE_LIVE_AUDIO ROUTE_TYPE_LIVE_VIDEO , presentationDisplay=null }
09-11 15:04:23.114  3709  3709 V MediaRouter: Updating audio routes: AudioRoutesInfo{ type=SPEAKER }
09-11 15:04:23.115  3709  3709 V MediaRouter: Selecting route: RouteInfo{ name=Telfono, description=null, status=null, category=RouteCategory{ name=null types=ROUTE_TYPE_LIVE_AUDIO ROUTE_TYPE_LIVE_VIDEO  groupable=false }, supportedTypes=ROUTE_TYPE_LIVE_AUDIO ROUTE_TYPE_LIVE_VIDEO , presentationDisplay=null }
09-11 15:04:23.116  3695  3695 I LatinIME: Hardware accelerated drawing: true
09-11 15:04:23.118  3746  3746 I art     : System.exit called, status: 0
09-11 15:04:23.118  3746  3746 I AndroidRuntime: VM exiting with result code 0, cleanup skipped.
09-11 15:04:23.136  3175  3175 I OMXClient: MuxOMX ctor
09-11 15:04:23.137  3175  3175 I MediaPlayerService: MediaPlayerService::getOMX
09-11 15:04:23.137  3175  3175 I OMXClient: MuxOMX ctor
09-11 15:04:23.138  3172  3172 I OMXMaster: makeComponentInstance(OMX.Exynos.MPEG4.Decoder) in mediacodec process
09-11 15:04:23.141  3172  3172 D libexynosv4l2: try node: /dev/video6
09-11 15:04:23.141  3172  3172 I libexynosv4l2: node found for device s5p-mfc-dec: /dev/video6
09-11 15:04:23.152  3709  3786 E WVMExtractor: Failed to open libwvm.so: dlopen failed: library "libwvm.so" not found
09-11 15:04:23.166  3695  3695 W InputAttributes: No editor info for this field. Bug?
09-11 15:04:23.177  3172  3172 I libexynosv4l2: open video device /dev/video6
09-11 15:04:23.183  3172  3172 E OMXNodeInstance: getExtensionIndex(c640001:Exynos.MPEG4.Decoder, OMX.google.android.index.configureVideoTunnelMode) ERROR: BadParameter(0x80001005)
09-11 15:04:23.183  3695  3798 I LatinIME:LogUtils: Dictionary info: dictionary = userunigram.es ; version = 1505153063 ; date = ?
09-11 15:04:23.184  3695  3798 E ActivityThread: Failed to find provider info for user_dictionary
09-11 15:04:23.184  3695  3798 I LatinIME:LogUtils: Dictionary info: dictionary = UserHistoryDictionary.es ; version = 1505153063 ; date = ?
09-11 15:04:23.186  3175  3175 I MediaPlayerService: MediaPlayerService::getOMX
09-11 15:04:23.187  3175  3175 I OMXClient: MuxOMX ctor
09-11 15:04:23.187  3172  3172 I OMXMaster: makeComponentInstance(OMX.Exynos.H263.Decoder) in mediacodec process
09-11 15:04:23.188  3172  3172 D libexynosv4l2: try node: /dev/video6
09-11 15:04:23.188  3172  3172 I libexynosv4l2: node found for device s5p-mfc-dec: /dev/video6
09-11 15:04:23.200  3550  3550 D NetworkPolicy: setRestrictBackgroundUL(): false
09-11 15:04:23.216  3709  3709 I vol.Events: writeEvent collection_started
09-11 15:04:23.217  3695  3798 I LatinIME:LogUtils: Dictionary info: dictionary = main:es ; version = 54 ; date = 1414726268
09-11 15:04:23.218  3172  3172 I libexynosv4l2: open video device /dev/video6
09-11 15:04:23.219  3709  3805 I vol.Events: writeEvent external_ringer_mode_changed normal
09-11 15:04:23.219  3709  3805 I vol.Events: writeEvent internal_ringer_mode_changed normal
09-11 15:04:23.222  3172  3172 E OMXNodeInstance: getExtensionIndex(c640002:Exynos.H263.Decoder, OMX.google.android.index.configureVideoTunnelMode) ERROR: BadParameter(0x80001005)
09-11 15:04:23.224  3175  3175 I MediaPlayerService: MediaPlayerService::getOMX
09-11 15:04:23.224  3175  3175 I OMXClient: MuxOMX ctor
09-11 15:04:23.224  3172  3172 I OMXMaster: makeComponentInstance(OMX.Exynos.AVC.Decoder) in mediacodec process
09-11 15:04:23.225  3172  3172 D libexynosv4l2: try node: /dev/video6
09-11 15:04:23.225  3172  3172 I libexynosv4l2: node found for device s5p-mfc-dec: /dev/video6
09-11 15:04:23.250  3550  3550 I SystemServiceManager: Starting phase 600
09-11 15:04:23.255  3172  3172 I libexynosv4l2: open video device /dev/video6
09-11 15:04:23.259  3175  3175 W ACodec  : [OMX.Exynos.AVC.Decoder] stopping checking profiles after 32: 2/8000
09-11 15:04:23.259  3550  3550 D GestureLauncherService: Gesture launcher mEmergencyNumber = 112 hits = 3
09-11 15:04:23.260  3172  3172 E OMXNodeInstance: getExtensionIndex(c640003:Exynos.AVC.Decoder, OMX.google.android.index.configureVideoTunnelMode) ERROR: BadParameter(0x80001005)
09-11 15:04:23.260  3550  3550 D SensorNotificationService: Cannot obtain dynamic meta sensor, not supported.
09-11 15:04:23.260  3550  3630 I chatty  : uid=1000(system) NetworkStats expire 2 lines
09-11 15:04:23.261  3175  3175 I MediaPlayerService: MediaPlayerService::getOMX
09-11 15:04:23.262  3175  3175 I OMXClient: MuxOMX ctor
09-11 15:04:23.262  3172  3172 I OMXMaster: makeComponentInstance(OMX.Exynos.avc.dec.secure) in mediacodec process
09-11 15:04:23.263  3550  3550 D BrokerableCMSystemService: Third party apps ready
09-11 15:04:23.263  3172  3172 D libexynosv4l2: try node: /dev/video6
09-11 15:04:23.263  3550  3550 I BrokerableCMSystemService: Connecting to implementation
09-11 15:04:23.264  3172  3172 I libexynosv4l2: node found for device s5p-mfc-dec: /dev/video6
09-11 15:04:23.264  3550  3550 W ContextImpl: Calling a method in the system process without a qualified user: android.app.ContextImpl.bindService:1421 org.cyanogenmod.platform.internal.BrokerableCMSystemService.tryConnecting:199 org.cyanogenmod.platform.internal.BrokerableCMSystemService.onBootPhase:127 org.cyanogenmod.platform.internal.CMAudioServiceBroker.onBootPhase:58 com.android.server.SystemServiceManager.startBootPhase:143 
09-11 15:04:23.275  3550  3550 I ActivityManager: Start proc 3820:org.cyanogenmod.cmaudio.service/u0a0 for service org.cyanogenmod.cmaudio.service/.CMAudioService
09-11 15:04:23.284  3550  3566 I chatty  : uid=1000(system) android.bg expire 5 lines
09-11 15:04:23.285  3550  3550 W LocationManagerService: no network location provider found
09-11 15:04:23.287  3550  3550 E LocationManagerService: no geocoder provider found
09-11 15:04:23.288  3550  3550 D LocationManagerService: FLP HAL not supported
09-11 15:04:23.289  3550  3550 D LocationManagerService: Unable to bind FLP Geofence proxy.
09-11 15:04:23.289  3709  3805 I vol.Events: writeEvent level_changed STREAM_ALARM 6
09-11 15:04:23.289  3550  3550 D LocationManagerService: Hardware Activity-Recognition not supported.
09-11 15:04:23.290  3550  3550 D LocationManagerService: Unable to bind ActivityRecognitionProxy.
09-11 15:04:23.290  3709  3805 I vol.Events: writeEvent level_changed STREAM_BLUETOOTH_SCO 7
09-11 15:04:23.292  3709  3805 I vol.Events: writeEvent level_changed STREAM_MUSIC 11
09-11 15:04:23.293  3172  3172 I libexynosv4l2: open video device /dev/video6
09-11 15:04:23.294  3172  3172 I EXYNOS_VIDEO_OSAL: [Exynos_OSAL_OMX2VideoFormat] color format(0x7f000012)/plane type(0x11) is not supported
09-11 15:04:23.294  3172  3172 I EXYNOS_VIDEO_OSAL: [Exynos_OSAL_OMX2VideoFormat] color format(0x7f000011)/plane type(0x11) is not supported
09-11 15:04:23.295  3709  3805 I vol.Events: writeEvent level_changed STREAM_RING 5
09-11 15:04:23.296  3550  3550 I MmsServiceBroker: Delay connecting to MmsService until an API is called
09-11 15:04:23.296  3709  3805 I vol.Events: writeEvent level_changed STREAM_SYSTEM 5
09-11 15:04:23.297  3550  3550 W VoiceInteractionManagerService: no available voice interaction services found for user 0
09-11 15:04:23.297  3550  3550 W VoiceInteractionManagerService: no available voice recognition services found for user 0
09-11 15:04:23.300  3709  3805 I vol.Events: writeEvent level_changed STREAM_VOICE_CALL 4
09-11 15:04:23.302  3175  3175 W ACodec  : [OMX.Exynos.avc.dec.secure] stopping checking profiles after 32: 2/8000
09-11 15:04:23.302  3172  3203 W Exynos_OSAL_Android: [0xf520a000][Exynos_OSAL_GetParameter] requested on secure codec
09-11 15:04:23.302  3172  3172 W Exynos_OSAL_Android: [0xf520a000][Exynos_OSAL_GetParameter] requested on secure codec
09-11 15:04:23.302  3172  3172 E OMXNodeInstance: getExtensionIndex(c640004:Exynos.avc.dec.secure, OMX.google.android.index.configureVideoTunnelMode) ERROR: BadParameter(0x80001005)
09-11 15:04:23.303  3175  3175 I MediaPlayerService: MediaPlayerService::getOMX
09-11 15:04:23.304  3175  3175 I OMXClient: MuxOMX ctor
09-11 15:04:23.304  3172  3172 I OMXMaster: makeComponentInstance(OMX.Exynos.VP8.Decoder) in mediacodec process
09-11 15:04:23.305  3172  3172 D libexynosv4l2: try node: /dev/video6
09-11 15:04:23.305  3172  3172 I libexynosv4l2: node found for device s5p-mfc-dec: /dev/video6
09-11 15:04:23.308  3550  3550 I ActivityManager: Start proc 3839:com.android.phone/1001 for added application com.android.phone
09-11 15:04:23.309  3550  3550 I ActivityManager: START u0 {act=android.intent.action.MAIN cat=[android.intent.category.HOME] flg=0x10000100 cmp=com.android.settings/.FallbackHome} from uid 0 on display 0
09-11 15:04:23.314  3550  3550 I ActivityManager: Loaded persisted task ids for user 0
09-11 15:04:23.327  3550  3550 I ActivityManager: Start proc 3854:com.android.settings/1000 for activity com.android.settings/.FallbackHome
09-11 15:04:23.328  3550  3550 I SystemServer: Enabled StrictMode for system server main thread.
09-11 15:04:23.335  3172  3172 I libexynosv4l2: open video device /dev/video6
09-11 15:04:23.337  3550  3550 D ConditionProviders.SCP: onConnected
09-11 15:04:23.337  3550  3550 D ZenLog  : set_zen_mode: off,readXml
09-11 15:04:23.339  3550  3550 D ConditionProviders: Subscribing to condition://android/event?userId=-10000&calendar=&reply=1 with ComponentInfo{android/com.android.server.notification.EventConditionProvider}
09-11 15:04:23.339  3550  3550 D ZenLog  : subscribe: condition://android/event?userId=-10000&calendar=&reply=1,ok
09-11 15:04:23.339  3550  3550 D ConditionProviders: Subscribing to condition://android/schedule?days=6.7&start=23.30&end=10.0&exitAtAlarm=false with ComponentInfo{android/com.android.server.notification.ScheduleConditionProvider}
09-11 15:04:23.339  3550  3550 D ZenLog  : subscribe: condition://android/schedule?days=6.7&start=23.30&end=10.0&exitAtAlarm=false,ok
09-11 15:04:23.339  3550  3550 D ConditionProviders: Subscribing to condition://android/schedule?days=1.2.3.4.5&start=22.0&end=7.0&exitAtAlarm=false with ComponentInfo{android/com.android.server.notification.ScheduleConditionProvider}
09-11 15:04:23.339  3550  3550 D ZenLog  : subscribe: condition://android/schedule?days=1.2.3.4.5&start=22.0&end=7.0&exitAtAlarm=false,ok
09-11 15:04:23.346  3172  3172 E OMXNodeInstance: getExtensionIndex(c640005:Exynos.VP8.Decoder, OMX.google.android.index.configureVideoTunnelMode) ERROR: BadParameter(0x80001005)
09-11 15:04:23.347  3854  3854 W System  : ClassLoader referenced unknown path: /system/priv-app/Settings/lib/arm64
09-11 15:04:23.348  3550  3550 W ContextImpl: Calling a method in the system process without a qualified user: android.app.ContextImpl.startService:1357 com.android.server.content.SyncManager$13.run:658 android.os.Handler.handleCallback:751 android.os.Handler.dispatchMessage:95 android.os.Looper.loop:154 
09-11 15:04:23.348  3175  3175 I MediaPlayerService: MediaPlayerService::getOMX
09-11 15:04:23.348  3839  3839 W System  : ClassLoader referenced unknown path: /system/priv-app/TeleService/lib/arm64
09-11 15:04:23.349  3175  3175 I OMXClient: MuxOMX ctor
09-11 15:04:23.349  3172  3172 I OMXMaster: makeComponentInstance(OMX.Exynos.HEVC.Decoder) in mediacodec process
09-11 15:04:23.350  3550  3550 D ZenLog  : set_zen_mode: off,cleanUpZenRules
09-11 15:04:23.350  3172  3172 D libexynosv4l2: try node: /dev/video6
09-11 15:04:23.350  3172  3172 I libexynosv4l2: node found for device s5p-mfc-dec: /dev/video6
09-11 15:04:23.351  3550  3639 I chatty  : uid=1000(system) WifiScanningSer expire 1 line
09-11 15:04:23.352  3550  3640 I chatty  : uid=1000(system) WifiRttService expire 1 line
09-11 15:04:23.374  3839  3839 W System  : ClassLoader referenced unknown path: /system/priv-app/TelephonyProvider/lib/arm64
09-11 15:04:23.374  3839  3839 D ApplicationLoaders: ignored Vulkan layer search path /system/priv-app/TelephonyProvider/lib/arm64:/system/lib64:/vendor/lib64 for namespace 0x7f89fee0f0
09-11 15:04:23.381  3172  3172 I libexynosv4l2: open video device /dev/video6
09-11 15:04:23.384  3550  3550 D BluetoothManagerService: Trying to bind to profile: 1, while Bluetooth was disabled
09-11 15:04:23.389  3550  3550 I Telecom : SystemStateProvider: Registering car mode receiver: android.content.IntentFilter@3b732eb: TS.init@AAA
09-11 15:04:23.393  3175  3175 W ACodec  : [OMX.Exynos.HEVC.Decoder] stopping checking profiles after 32: 2/400
09-11 15:04:23.395  3839  3839 D TelephonyProvider: dbh.onOpen: ok, queried table=siminfo
09-11 15:04:23.395  3172  3172 E OMXNodeInstance: getExtensionIndex(c640006:Exynos.HEVC.Decoder, OMX.google.android.index.configureVideoTunnelMode) ERROR: BadParameter(0x80001005)
09-11 15:04:23.395  3839  3839 D TelephonyProvider: dbh.onOpen: ok, queried table=carriers
09-11 15:04:23.396  3175  3175 I MediaPlayerService: MediaPlayerService::getOMX
09-11 15:04:23.397  3175  3175 I OMXClient: MuxOMX ctor
09-11 15:04:23.397  3172  3172 I OMXMaster: makeComponentInstance(OMX.Exynos.VP9.Decoder) in mediacodec process
09-11 15:04:23.399  3172  3172 D libexynosv4l2: try node: /dev/video6
09-11 15:04:23.399  3172  3172 I libexynosv4l2: node found for device s5p-mfc-dec: /dev/video6
09-11 15:04:23.401  3709  3709 D StorageNotification: Notifying about private volume: VolumeInfo{private}:
09-11 15:04:23.401  3709  3709 D StorageNotification:     type=PRIVATE diskId=null partGuid=null mountFlags=0 mountUserId=-1 
09-11 15:04:23.401  3709  3709 D StorageNotification:     state=MOUNTED 
09-11 15:04:23.401  3709  3709 D StorageNotification:     fsType=null fsUuid=null fsLabel=null 
09-11 15:04:23.401  3709  3709 D StorageNotification:     path=/data internalPath=null 
09-11 15:04:23.401  3550  3890 I Telecom : Telecom: Non-call EVENT: AUDIO_ROUTE, Entering state QuiescentEarpieceRoute
09-11 15:04:23.406  3550  3896 I Telecom : CallAudioModeStateMachine: Message received: null.: TS.init->CAMSM.pM_1@AAA_0
09-11 15:04:23.413  3550  3550 I Telecom : ViceNotificationImpl: ViceNotificationImpl: TS.init@AAA
09-11 15:04:23.415  3550  3898 E ActivityThread: Failed to find provider info for call_log
09-11 15:04:23.415  3550  3550 D BluetoothManagerService: Trying to bind to profile: 1, while Bluetooth was disabled
09-11 15:04:23.416  3550  3550 I Telecom : BluetoothPhoneService: Ignoring IBluetoothDsdaService class not found exception : TS.init@AAA
09-11 15:04:23.419  3550  3550 I Telecom : Class: TelecomSystem.INSTANCE being set
09-11 15:04:23.419  3550  3550 W ContextImpl: Calling a method in the system process without a qualified user: android.app.ContextImpl.startService:1357 android.content.ContextWrapper.startService:613 com.android.server.telecom.components.TelecomService.initializeTelecomSystem:196 com.android.server.telecom.components.TelecomService.onBind:64 android.app.ActivityThread.handleBindService:3243 
09-11 15:04:23.424  3839  3839 W System  : ClassLoader referenced unknown path: /system/framework/qti-telephony-common.jar
09-11 15:04:23.424  3839  3839 W System.err: java.lang.ClassNotFoundException: com.qualcomm.qti.internal.telephony.QtiTelephonyComponentFactory
09-11 15:04:23.425  3839  3839 W System.err: 	at java.lang.Class.classForName(Native Method)
09-11 15:04:23.425  3839  3839 W System.err: 	at java.lang.Class.forName(Class.java:400)
09-11 15:04:23.425  3839  3839 W System.err: 	at com.android.internal.telephony.TelephonyComponentFactory.getInstance(TelephonyComponentFactory.java:71)
09-11 15:04:23.425  3839  3839 W System.err: 	at com.android.internal.telephony.PhoneFactory.makeDefaultPhone(PhoneFactory.java:133)
09-11 15:04:23.425  3839  3839 W System.err: 	at com.android.internal.telephony.PhoneFactory.makeDefaultPhones(PhoneFactory.java:91)
09-11 15:04:23.425  3839  3839 W System.err: 	at com.android.phone.PhoneGlobals.onCreate(PhoneGlobals.java:282)
09-11 15:04:23.425  3839  3839 W System.err: 	at com.android.phone.PhoneApp.onCreate(PhoneApp.java:41)
09-11 15:04:23.425  3839  3839 W System.err: 	at android.app.Instrumentation.callApplicationOnCreate(Instrumentation.java:1025)
09-11 15:04:23.425  3839  3839 W System.err: 	at android.app.ActivityThread.handleBindApplication(ActivityThread.java:5448)
09-11 15:04:23.425  3839  3839 W System.err: 	at android.app.ActivityThread.-wrap2(ActivityThread.java)
09-11 15:04:23.425  3839  3839 W System.err: 	at android.app.ActivityThread$H.handleMessage(ActivityThread.java:1564)
09-11 15:04:23.425  3839  3839 W System.err: 	at android.os.Handler.dispatchMessage(Handler.java:102)
09-11 15:04:23.425  3839  3839 W System.err: 	at android.os.Looper.loop(Looper.java:154)
09-11 15:04:23.425  3839  3839 W System.err: 	at android.app.ActivityThread.main(ActivityThread.java:6186)
09-11 15:04:23.425  3839  3839 W System.err: 	at java.lang.reflect.Method.invoke(Native Method)
09-11 15:04:23.426  3839  3839 W System.err: 	at com.android.internal.os.ZygoteInit$MethodAndArgsCaller.run(ZygoteInit.java:889)
09-11 15:04:23.426  3839  3839 W System.err: 	at com.android.internal.os.ZygoteInit.main(ZygoteInit.java:779)
09-11 15:04:23.426  3839  3839 W System.err: Caused by: java.lang.ClassNotFoundException: Didn't find class "com.qualcomm.qti.internal.telephony.QtiTelephonyComponentFactory" on path: DexPathList[[],nativeLibraryDirectories=[/system/lib64, /vendor/lib64]]
09-11 15:04:23.426  3839  3839 W System.err: 	at dalvik.system.BaseDexClassLoader.findClass(BaseDexClassLoader.java:56)
09-11 15:04:23.426  3839  3839 W System.err: 	at java.lang.ClassLoader.loadClass(ClassLoader.java:380)
09-11 15:04:23.426  3839  3839 W System.err: 	at java.lang.ClassLoader.loadClass(ClassLoader.java:312)
09-11 15:04:23.426  3839  3839 W System.err: 	... 17 more
09-11 15:04:23.429  3172  3172 I libexynosv4l2: open video device /dev/video6
09-11 15:04:23.431  3172  3172 E EXYNOS_VP9_DEC: [0xf520a000][GetIndexToProfileLevel] supported profile(1), level(1)
09-11 15:04:23.431  3172  3203 E EXYNOS_VP9_DEC: [0xf520a000][GetIndexToProfileLevel] supported profile(1), level(2)
09-11 15:04:23.431  3172  3172 E EXYNOS_VP9_DEC: [0xf520a000][GetIndexToProfileLevel] supported profile(1), level(4)
09-11 15:04:23.431  3172  3203 E EXYNOS_VP9_DEC: [0xf520a000][GetIndexToProfileLevel] supported profile(1), level(8)
09-11 15:04:23.432  3172  3172 E EXYNOS_VP9_DEC: [0xf520a000][GetIndexToProfileLevel] supported profile(1), level(10)
09-11 15:04:23.432  3172  3203 E EXYNOS_VP9_DEC: [0xf520a000][GetIndexToProfileLevel] supported profile(1), level(20)
09-11 15:04:23.432  3172  3172 E EXYNOS_VP9_DEC: [0xf520a000][GetIndexToProfileLevel] supported profile(1), level(40)
09-11 15:04:23.432  3172  3203 E EXYNOS_VP9_DEC: [0xf520a000][GetIndexToProfileLevel] supported profile(1), level(80)
09-11 15:04:23.436  3172  3172 E OMXNodeInstance: getExtensionIndex(c640007:Exynos.VP9.Decoder, OMX.google.android.index.configureVideoTunnelMode) ERROR: BadParameter(0x80001005)
09-11 15:04:23.439  3854  3893 I OpenGLRenderer: Initialized EGL, version 1.4
09-11 15:04:23.439  3854  3893 D OpenGLRenderer: Swap behavior 1
09-11 15:04:23.443  3175  3175 I MediaPlayerService: MediaPlayerService::getOMX
09-11 15:04:23.444  3175  3175 I OMXClient: MuxOMX ctor
09-11 15:04:23.444  3172  3172 I OMXMaster: makeComponentInstance(OMX.Exynos.AVC.Encoder) in mediacodec process
09-11 15:04:23.445  3172  3172 D libexynosv4l2: try node: /dev/video6
09-11 15:04:23.445  3172  3172 D libexynosv4l2: try node: /dev/video7
09-11 15:04:23.446  3172  3172 I libexynosv4l2: node found for device s5p-mfc-enc: /dev/video7
09-11 15:04:23.448  3550  3550 V WiredAccessoryManager: init()
09-11 15:04:23.452  3854  3893 D mali_winsys: EGLint new_window_surface(egl_winsys_display*, void*, EGLSurface, EGLConfig, egl_winsys_surface**, egl_color_buffer_format*, EGLBoolean) returns 0x3000,  [1440x2960]-format:1
09-11 15:04:23.455  3550  3562 I StatusBarManagerService: registerStatusBar bar=com.android.internal.statusbar.IStatusBar$Stub$Proxy@a6b23ba
09-11 15:04:23.480  3172  3172 I libexynosv4l2: open video device /dev/video7
09-11 15:04:23.487  3176  3531 D SoftapController: Softap fwReload - Ok
09-11 15:04:23.491  3176  3531 D CommandListener: Setting iface cfg
09-11 15:04:23.491  3176  3531 D CommandListener: Trying to bring down wlan0
09-11 15:04:23.492  3175  3175 W ACodec  : [OMX.Exynos.AVC.Encoder] stopping checking profiles after 32: 2/8000
09-11 15:04:23.492  3176  3531 D CommandListener: Clearing all IP addresses on wlan0
09-11 15:04:23.496  3175  3175 W ACodec  : do not know color format 0x7f000011 = 2130706449
09-11 15:04:23.497  3175  3175 W ACodec  : do not know color format 0x10 = 16
09-11 15:04:23.497  3175  3175 W ACodec  : do not know color format 0x7f00a000 = 2130747392
09-11 15:04:23.497  3175  3175 W ACodec  : do not know color format 0x7f000789 = 2130708361
09-11 15:04:23.498  3175  3175 W ACodec  : do not know color format 0x7f000012 = 2130706450
09-11 15:04:23.498  3172  3203 E OMXNodeInstance: getConfig(c640008:Exynos.AVC.Encoder, ConfigAndroidIntraRefresh(0x6f60000a)) ERROR: UnsupportedIndex(0x8000101a)
09-11 15:04:23.500  3175  3175 I MediaPlayerService: MediaPlayerService::getOMX
09-11 15:04:23.500  3175  3175 I OMXClient: MuxOMX ctor
09-11 15:04:23.500  3172  3172 I OMXMaster: makeComponentInstance(OMX.Exynos.H263.Encoder) in mediacodec process
09-11 15:04:23.501  3172  3172 D libexynosv4l2: try node: /dev/video6
09-11 15:04:23.501  3172  3172 D libexynosv4l2: try node: /dev/video7
09-11 15:04:23.501  3172  3172 I libexynosv4l2: node found for device s5p-mfc-enc: /dev/video7
09-11 15:04:23.504  3550  3567 I chatty  : uid=1000(system) ActivityManager expire 1 line
09-11 15:04:23.504  3550  3567 W KeyguardServiceDelegate: onScreenTurningOn(): no keyguard service!
09-11 15:04:23.505  3550  3578 I chatty  : uid=1000(system) android.display expire 1 line
09-11 15:04:23.510  3550  3869 D CryptdConnector: SND -> {3 cryptfs getpw}
09-11 15:04:23.510  3067  3135 D VoldCryptCmdListener: cryptfs getpw
09-11 15:04:23.510  3550  3628 D CryptdConnector: RCV <- {200 3 -1}
09-11 15:04:23.511  3550  3869 D CryptdConnector: SND -> {4 cryptfs clearpw}
09-11 15:04:23.511  3067  3135 D VoldCryptCmdListener: cryptfs clearpw
09-11 15:04:23.511  3550  3628 D CryptdConnector: RCV <- {200 4 0}
09-11 15:04:23.514  3550  3550 D ConditionProviders.SCP: onSubscribe condition://android/schedule?days=6.7&start=23.30&end=10.0&exitAtAlarm=false
09-11 15:04:23.514  3550  3550 D ConditionProviders.SCP: setRegistered true
09-11 15:04:23.515  3550  3550 D ConditionProviders.SCP: notifyCondition condition://android/schedule?days=6.7&start=23.30&end=10.0&exitAtAlarm=false STATE_FALSE reason=!meetsSchedule
09-11 15:04:23.516  3550  3550 D ConditionProviders.SCP: Scheduling evaluate for Mon Sep 11 23:30:00 GMT-03:00 2017 (1505183400000), in +8h25m36s486ms, now=Mon Sep 11 15:04:23 GMT-03:00 2017 (1505153063514)
09-11 15:04:23.516  3550  3550 D ConditionProviders.SCP: onSubscribe condition://android/schedule?days=1.2.3.4.5&start=22.0&end=7.0&exitAtAlarm=false
09-11 15:04:23.516  3550  3550 D ConditionProviders.SCP: notifyCondition condition://android/schedule?days=6.7&start=23.30&end=10.0&exitAtAlarm=false STATE_FALSE reason=!meetsSchedule
09-11 15:04:23.516  3550  3550 D ConditionProviders.SCP: notifyCondition condition://android/schedule?days=1.2.3.4.5&start=22.0&end=7.0&exitAtAlarm=false STATE_FALSE reason=!meetsSchedule
09-11 15:04:23.517  3550  3550 D ConditionProviders.SCP: Scheduling evaluate for Mon Sep 11 22:00:00 GMT-03:00 2017 (1505178000000), in +6h55m36s484ms, now=Mon Sep 11 15:04:23 GMT-03:00 2017 (1505153063516)
09-11 15:04:23.517  3550  3550 I BrokerableCMSystemService: Implementation service connected
09-11 15:04:23.518  3550  3550 I Telecom : WiredHeadsetManager: ACTION_HEADSET_PLUG event, plugged in: false, : WHC.oADA@AAE
09-11 15:04:23.520  3550  3647 E ActivityThread: Failed to find provider info for com.android.calendar
09-11 15:04:23.521  3550  3647 E ActivityThread: Failed to find provider info for com.android.calendar
09-11 15:04:23.521  3550  3550 I ActivityManager: user 0 is still locked. Cannot load recents
09-11 15:04:23.533  3172  3172 I libexynosv4l2: open video device /dev/video7
09-11 15:04:23.536  3175  3175 W ACodec  : do not know color format 0x7f000011 = 2130706449
09-11 15:04:23.536  3175  3175 W ACodec  : do not know color format 0x10 = 16
09-11 15:04:23.537  3175  3175 W ACodec  : do not know color format 0x7f00a000 = 2130747392
09-11 15:04:23.537  3175  3175 W ACodec  : do not know color format 0x7f000789 = 2130708361
09-11 15:04:23.537  3175  3175 W ACodec  : do not know color format 0x7f000012 = 2130706450
09-11 15:04:23.537  3172  3203 E OMXNodeInstance: getConfig(c640009:Exynos.H263.Encoder, ConfigAndroidIntraRefresh(0x6f60000a)) ERROR: UnsupportedIndex(0x8000101a)
09-11 15:04:23.538  3175  3175 I MediaPlayerService: MediaPlayerService::getOMX
09-11 15:04:23.538  3175  3175 I OMXClient: MuxOMX ctor
09-11 15:04:23.538  3172  3172 I OMXMaster: makeComponentInstance(OMX.Exynos.MPEG4.Encoder) in mediacodec process
09-11 15:04:23.539  3172  3172 D libexynosv4l2: try node: /dev/video6
09-11 15:04:23.539  3172  3172 D libexynosv4l2: try node: /dev/video7
09-11 15:04:23.539  3172  3172 I libexynosv4l2: node found for device s5p-mfc-enc: /dev/video7
09-11 15:04:23.566  3550  3567 I ActivityManager: Start proc 3971:com.android.cellbroadcastreceiver/u0a8 for broadcast com.android.cellbroadcastreceiver/.CellBroadcastReceiver
09-11 15:04:23.571  3172  3172 I libexynosv4l2: open video device /dev/video7
09-11 15:04:23.576  3175  3175 W ACodec  : do not know color format 0x7f000011 = 2130706449
09-11 15:04:23.576  3175  3175 W ACodec  : do not know color format 0x10 = 16
09-11 15:04:23.576  3175  3175 W ACodec  : do not know color format 0x7f00a000 = 2130747392
09-11 15:04:23.576  3175  3175 W ACodec  : do not know color format 0x7f000789 = 2130708361
09-11 15:04:23.577  3175  3175 W ACodec  : do not know color format 0x7f000012 = 2130706450
09-11 15:04:23.577  3172  3172 E OMXNodeInstance: getConfig(c64000a:Exynos.MPEG4.Encoder, ConfigAndroidIntraRefresh(0x6f60000a)) ERROR: UnsupportedIndex(0x8000101a)
09-11 15:04:23.578  3175  3175 I MediaPlayerService: MediaPlayerService::getOMX
09-11 15:04:23.578  3175  3175 I OMXClient: MuxOMX ctor
09-11 15:04:23.578  3172  3203 I OMXMaster: makeComponentInstance(OMX.Exynos.VP8.Encoder) in mediacodec process
09-11 15:04:23.579  3172  3203 D libexynosv4l2: try node: /dev/video6
09-11 15:04:23.579  3172  3203 D libexynosv4l2: try node: /dev/video7
09-11 15:04:23.579  3172  3203 I libexynosv4l2: node found for device s5p-mfc-enc: /dev/video7
09-11 15:04:23.580  3971  3971 W System  : ClassLoader referenced unknown path: /system/priv-app/CellBroadcastReceiver/lib/arm64
09-11 15:04:23.608  3172  3203 I libexynosv4l2: open video device /dev/video7
09-11 15:04:23.610  3175  3175 W ACodec  : do not know color format 0x7f000011 = 2130706449
09-11 15:04:23.610  3175  3175 W ACodec  : do not know color format 0x10 = 16
09-11 15:04:23.610  3971  3971 D CellBroadcastReceiver: onReceive Intent { act=android.intent.action.SIM_STATE_CHANGED flg=0x4000010 cmp=com.android.cellbroadcastreceiver/.CellBroadcastReceiver (has extras) }
09-11 15:04:23.610  3175  3175 W ACodec  : do not know color format 0x7f00a000 = 2130747392
09-11 15:04:23.610  3175  3175 W ACodec  : do not know color format 0x7f000789 = 2130708361
09-11 15:04:23.610  3175  3175 W ACodec  : do not know color format 0x7f000012 = 2130706450
09-11 15:04:23.611  3172  3203 E OMXNodeInstance: getConfig(c64000b:Exynos.VP8.Encoder, ConfigAndroidIntraRefresh(0x6f60000a)) ERROR: UnsupportedIndex(0x8000101a)
09-11 15:04:23.613  3175  3175 I MediaPlayerService: MediaPlayerService::getOMX
09-11 15:04:23.613  3175  3175 I OMXClient: MuxOMX ctor
09-11 15:04:23.613  3172  3203 I OMXMaster: makeComponentInstance(OMX.Exynos.HEVC.Encoder) in mediacodec process
09-11 15:04:23.614  3172  3203 D libexynosv4l2: try node: /dev/video6
09-11 15:04:23.614  3172  3203 D libexynosv4l2: try node: /dev/video7
09-11 15:04:23.614  3172  3203 I libexynosv4l2: node found for device s5p-mfc-enc: /dev/video7
09-11 15:04:23.621  3709  3709 W System  : ClassLoader referenced unknown path: 
09-11 15:04:23.622  3709  3709 D ApplicationLoaders: ignored Vulkan layer search path /system/app/Camera2/lib/arm64:/system/app/Camera2/Camera2.apk!/lib/arm64-v8a:/system/lib64:/vendor/lib64 for namespace 0x7f89fee0f0
09-11 15:04:23.644  3172  3203 I libexynosv4l2: open video device /dev/video7
