09-05 23:12:51.189  3175  3175 I MediaPlayerService: MediaPlayerService::getOMX
09-05 23:12:51.190  3175  3175 I OMXClient: MuxOMX ctor
09-05 23:12:51.190  3172  4865 I OMXMaster: makeComponentInstance(OMX.ffmpeg.aac.decoder) in mediacodec process
09-05 23:12:51.190  3172  4865 V FFmpegOMXPlugin: makeComponentInstance 'OMX.ffmpeg.aac.decoder'
09-05 23:12:51.190  3172  4865 D SoftFFmpegAudio: SoftFFmpegAudio component: OMX.ffmpeg.aac.decoder mCodingType: 21
09-05 23:12:51.206  3172  3172 E OMXNodeInstance: getParameter(c640025:ffmpeg.aac.decoder, ??(0x6f400005)) ERROR: UnsupportedIndex(0x8000101a)
09-05 23:12:51.206  3175  3175 W ACodec  : component OMX.ffmpeg.aac.decoder doesn't support profile query.
09-05 23:12:51.207  3175  3175 I MediaPlayerService: MediaPlayerService::getOMX
09-05 23:12:51.207  3175  3175 I OMXClient: MuxOMX ctor
09-05 23:12:51.207  3172  3172 I OMXMaster: makeComponentInstance(OMX.ffmpeg.ac3.decoder) in mediacodec process
09-05 23:12:51.207  3172  3172 V FFmpegOMXPlugin: makeComponentInstance 'OMX.ffmpeg.ac3.decoder'
09-05 23:12:51.207  3172  3172 D SoftFFmpegAudio: SoftFFmpegAudio component: OMX.ffmpeg.ac3.decoder mCodingType: 2130706434
09-05 23:12:51.208  3175  3175 I MediaPlayerService: MediaPlayerService::getOMX
09-05 23:12:51.208  3175  3175 I OMXClient: MuxOMX ctor
09-05 23:12:51.208  3172  4865 I OMXMaster: makeComponentInstance(OMX.ffmpeg.alac.decoder) in mediacodec process
09-05 23:12:51.208  3172  4865 V FFmpegOMXPlugin: makeComponentInstance 'OMX.ffmpeg.alac.decoder'
09-05 23:12:51.208  3172  4865 D SoftFFmpegAudio: SoftFFmpegAudio component: OMX.ffmpeg.alac.decoder mCodingType: 2130706437
09-05 23:12:51.210  3175  3175 I MediaPlayerService: MediaPlayerService::getOMX
09-05 23:12:51.210  3175  3175 I OMXClient: MuxOMX ctor
09-05 23:12:51.210  3172  3203 I OMXMaster: makeComponentInstance(OMX.ffmpeg.ape.decoder) in mediacodec process
09-05 23:12:51.210  3172  3203 V FFmpegOMXPlugin: makeComponentInstance 'OMX.ffmpeg.ape.decoder'
09-05 23:12:51.210  3172  3203 D SoftFFmpegAudio: SoftFFmpegAudio component: OMX.ffmpeg.ape.decoder mCodingType: 2130706435
09-05 23:12:51.211  3175  3175 I MediaPlayerService: MediaPlayerService::getOMX
09-05 23:12:51.212  3175  3175 I OMXClient: MuxOMX ctor
09-05 23:12:51.212  3172  3172 I OMXMaster: makeComponentInstance(OMX.ffmpeg.atrial.decoder) in mediacodec process
09-05 23:12:51.212  3172  3172 V FFmpegOMXPlugin: makeComponentInstance 'OMX.ffmpeg.atrial.decoder'
09-05 23:12:51.212  3172  3172 D SoftFFmpegAudio: SoftFFmpegAudio component: OMX.ffmpeg.atrial.decoder mCodingType: 1
09-05 23:12:51.213  3175  3175 I MediaPlayerService: MediaPlayerService::getOMX
09-05 23:12:51.213  3175  3175 I OMXClient: MuxOMX ctor
09-05 23:12:51.214  3172  4865 I OMXMaster: makeComponentInstance(OMX.ffmpeg.dts.decoder) in mediacodec process
09-05 23:12:51.214  3172  4865 V FFmpegOMXPlugin: makeComponentInstance 'OMX.ffmpeg.dts.decoder'
09-05 23:12:51.214  3172  4865 D SoftFFmpegAudio: SoftFFmpegAudio component: OMX.ffmpeg.dts.decoder mCodingType: 2130706436
09-05 23:12:51.215  3175  3175 I MediaPlayerService: MediaPlayerService::getOMX
09-05 23:12:51.215  3175  3175 I OMXClient: MuxOMX ctor
09-05 23:12:51.215  3172  3203 I OMXMaster: makeComponentInstance(OMX.ffmpeg.flac.decoder) in mediacodec process
09-05 23:12:51.215  3172  3203 V FFmpegOMXPlugin: makeComponentInstance 'OMX.ffmpeg.flac.decoder'
09-05 23:12:51.215  3172  3203 D SoftFFmpegAudio: SoftFFmpegAudio component: OMX.ffmpeg.flac.decoder mCodingType: 28
09-05 23:12:51.216  3175  3175 I MediaPlayerService: MediaPlayerService::getOMX
09-05 23:12:51.216  3175  3175 I OMXClient: MuxOMX ctor
09-05 23:12:51.216  3172  3172 I OMXMaster: makeComponentInstance(OMX.ffmpeg.mp2.decoder) in mediacodec process
09-05 23:12:51.216  3172  3172 V FFmpegOMXPlugin: makeComponentInstance 'OMX.ffmpeg.mp2.decoder'
09-05 23:12:51.216  3172  3172 D SoftFFmpegAudio: SoftFFmpegAudio component: OMX.ffmpeg.mp2.decoder mCodingType: 2130706433
09-05 23:12:51.217  3175  3175 I MediaPlayerService: MediaPlayerService::getOMX
09-05 23:12:51.218  3175  3175 I OMXClient: MuxOMX ctor
09-05 23:12:51.218  3172  4865 I OMXMaster: makeComponentInstance(OMX.ffmpeg.ra.decoder) in mediacodec process
09-05 23:12:51.218  3172  4865 V FFmpegOMXPlugin: makeComponentInstance 'OMX.ffmpeg.ra.decoder'
09-05 23:12:51.218  3172  4865 D SoftFFmpegAudio: SoftFFmpegAudio component: OMX.ffmpeg.ra.decoder mCodingType: 26
09-05 23:12:51.219  3175  3175 I MediaPlayerService: MediaPlayerService::getOMX
09-05 23:12:51.219  4750  4755 I art     : Do partial code cache collection, code=125KB, data=102KB
09-05 23:12:51.219  4750  4755 I art     : After code cache collection, code=124KB, data=101KB
09-05 23:12:51.219  4750  4755 I art     : Increasing code cache capacity to 512KB
09-05 23:12:51.219  3175  3175 I OMXClient: MuxOMX ctor
09-05 23:12:51.219  3172  3203 I OMXMaster: makeComponentInstance(OMX.ffmpeg.wma.decoder) in mediacodec process
09-05 23:12:51.219  3172  3203 V FFmpegOMXPlugin: makeComponentInstance 'OMX.ffmpeg.wma.decoder'
09-05 23:12:51.219  3172  3203 D SoftFFmpegAudio: SoftFFmpegAudio component: OMX.ffmpeg.wma.decoder mCodingType: 25
09-05 23:12:51.221  3175  3175 I MediaPlayerService: MediaPlayerService::getOMX
09-05 23:12:51.221  3175  3175 I OMXClient: MuxOMX ctor
09-05 23:12:51.221  3172  3172 I OMXMaster: makeComponentInstance(OMX.ffmpeg.divx.decoder) in mediacodec process
09-05 23:12:51.222  3172  3172 V FFmpegOMXPlugin: makeComponentInstance 'OMX.ffmpeg.divx.decoder'
09-05 23:12:51.222  3172  3172 D SoftFFmpegVideo: SoftFFmpegVideo component: OMX.ffmpeg.divx.decoder codingType=2130706435 appData: 0xf66327e0
09-05 23:12:51.222  3172  4865 E OMXNodeInstance: getExtensionIndex(c64002f:ffmpeg.divx.decoder, OMX.google.android.index.configureVideoTunnelMode) ERROR: UnsupportedIndex(0x8000101a)
09-05 23:12:51.222  3172  3203 W OMXNodeInstance: [c64002f:ffmpeg.divx.decoder] component does not support metadata mode; using fallback
09-05 23:12:51.223  3175  3175 I MediaPlayerService: MediaPlayerService::getOMX
09-05 23:12:51.223  3175  3175 I OMXClient: MuxOMX ctor
09-05 23:12:51.223  3172  3172 I OMXMaster: makeComponentInstance(OMX.ffmpeg.flv1.decoder) in mediacodec process
09-05 23:12:51.223  3172  3172 V FFmpegOMXPlugin: makeComponentInstance 'OMX.ffmpeg.flv1.decoder'
09-05 23:12:51.223  3172  3172 D SoftFFmpegVideo: SoftFFmpegVideo component: OMX.ffmpeg.flv1.decoder codingType=2130706434 appData: 0xf6632380
09-05 23:12:51.224  3172  4865 E OMXNodeInstance: getExtensionIndex(c640030:ffmpeg.flv1.decoder, OMX.google.android.index.configureVideoTunnelMode) ERROR: UnsupportedIndex(0x8000101a)
09-05 23:12:51.224  3172  3203 W OMXNodeInstance: [c640030:ffmpeg.flv1.decoder] component does not support metadata mode; using fallback
09-05 23:12:51.225  3175  3175 I MediaPlayerService: MediaPlayerService::getOMX
09-05 23:12:51.225  3175  3175 I OMXClient: MuxOMX ctor
09-05 23:12:51.225  3172  3172 I OMXMaster: makeComponentInstance(OMX.ffmpeg.mpeg2.decoder) in mediacodec process
09-05 23:12:51.225  3172  3172 V FFmpegOMXPlugin: makeComponentInstance 'OMX.ffmpeg.mpeg2.decoder'
09-05 23:12:51.226  3172  3172 D SoftFFmpegVideo: SoftFFmpegVideo component: OMX.ffmpeg.mpeg2.decoder codingType=2 appData: 0xf6632460
09-05 23:12:51.227  3172  4865 E OMXNodeInstance: getExtensionIndex(c640031:ffmpeg.mpeg2.decoder, OMX.google.android.index.configureVideoTunnelMode) ERROR: UnsupportedIndex(0x8000101a)
09-05 23:12:51.227  3172  3203 W OMXNodeInstance: [c640031:ffmpeg.mpeg2.decoder] component does not support metadata mode; using fallback
09-05 23:12:51.229  3175  3175 I MediaPlayerService: MediaPlayerService::getOMX
09-05 23:12:51.229  3175  3175 I OMXClient: MuxOMX ctor
09-05 23:12:51.229  3172  3172 I OMXMaster: makeComponentInstance(OMX.ffmpeg.mpeg4.decoder) in mediacodec process
09-05 23:12:51.229  3172  3172 V FFmpegOMXPlugin: makeComponentInstance 'OMX.ffmpeg.mpeg4.decoder'
09-05 23:12:51.229  3172  3172 D SoftFFmpegVideo: SoftFFmpegVideo component: OMX.ffmpeg.mpeg4.decoder codingType=4 appData: 0xf6632540
09-05 23:12:51.231  3172  3172 E OMXNodeInstance: getExtensionIndex(c640032:ffmpeg.mpeg4.decoder, OMX.google.android.index.configureVideoTunnelMode) ERROR: UnsupportedIndex(0x8000101a)
09-05 23:12:51.231  3172  4865 W OMXNodeInstance: [c640032:ffmpeg.mpeg4.decoder] component does not support metadata mode; using fallback
09-05 23:12:51.231  3175  3175 I MediaPlayerService: MediaPlayerService::getOMX
09-05 23:12:51.232  3175  3175 I OMXClient: MuxOMX ctor
09-05 23:12:51.232  3172  3203 I OMXMaster: makeComponentInstance(OMX.ffmpeg.rv.decoder) in mediacodec process
09-05 23:12:51.232  3172  3203 V FFmpegOMXPlugin: makeComponentInstance 'OMX.ffmpeg.rv.decoder'
09-05 23:12:51.233  3172  3203 D SoftFFmpegVideo: SoftFFmpegVideo component: OMX.ffmpeg.rv.decoder codingType=6 appData: 0xf6632700
09-05 23:12:51.237  3172  3172 E OMXNodeInstance: getExtensionIndex(c640033:ffmpeg.rv.decoder, OMX.google.android.index.configureVideoTunnelMode) ERROR: UnsupportedIndex(0x8000101a)
09-05 23:12:51.237  3172  4865 W OMXNodeInstance: [c640033:ffmpeg.rv.decoder] component does not support metadata mode; using fallback
09-05 23:12:51.238  3175  3175 I MediaPlayerService: MediaPlayerService::getOMX
09-05 23:12:51.239  3175  3175 I OMXClient: MuxOMX ctor
09-05 23:12:51.239  3172  3203 I OMXMaster: makeComponentInstance(OMX.ffmpeg.vc1.decoder) in mediacodec process
09-05 23:12:51.239  3172  3203 V FFmpegOMXPlugin: makeComponentInstance 'OMX.ffmpeg.vc1.decoder'
09-05 23:12:51.240  3172  3203 D SoftFFmpegVideo: SoftFFmpegVideo component: OMX.ffmpeg.vc1.decoder codingType=2130706433 appData: 0xf66321c0
09-05 23:12:51.240  3172  3172 E OMXNodeInstance: getExtensionIndex(c640034:ffmpeg.vc1.decoder, OMX.google.android.index.configureVideoTunnelMode) ERROR: UnsupportedIndex(0x8000101a)
09-05 23:12:51.241  3172  4865 W OMXNodeInstance: [c640034:ffmpeg.vc1.decoder] component does not support metadata mode; using fallback
09-05 23:12:51.242  3175  3175 I MediaPlayerService: MediaPlayerService::getOMX
09-05 23:12:51.242  3175  3175 I OMXClient: MuxOMX ctor
09-05 23:12:51.242  3172  3172 I OMXMaster: makeComponentInstance(OMX.ffmpeg.vtrial.decoder) in mediacodec process
09-05 23:12:51.242  3172  3172 V FFmpegOMXPlugin: makeComponentInstance 'OMX.ffmpeg.vtrial.decoder'
09-05 23:12:51.242  3172  3172 D SoftFFmpegVideo: SoftFFmpegVideo component: OMX.ffmpeg.vtrial.decoder codingType=1 appData: 0xf66321c0
09-05 23:12:51.243  3172  3203 E OMXNodeInstance: getExtensionIndex(c640035:ffmpeg.vtrial.decoder, OMX.google.android.index.configureVideoTunnelMode) ERROR: UnsupportedIndex(0x8000101a)
09-05 23:12:51.243  3172  4865 W OMXNodeInstance: [c640035:ffmpeg.vtrial.decoder] component does not support metadata mode; using fallback
09-05 23:12:51.245  3175  3175 I MediaPlayerService: MediaPlayerService::getOMX
09-05 23:12:51.246  3175  3175 I OMXClient: MuxOMX ctor
09-05 23:12:51.246  3172  3172 I OMXMaster: makeComponentInstance(OMX.ffmpeg.wmv.decoder) in mediacodec process
09-05 23:12:51.247  3172  3172 V FFmpegOMXPlugin: makeComponentInstance 'OMX.ffmpeg.wmv.decoder'
09-05 23:12:51.247  3172  3172 D SoftFFmpegVideo: SoftFFmpegVideo component: OMX.ffmpeg.wmv.decoder codingType=5 appData: 0xf6632700
09-05 23:12:51.248  3563  3563 W ContextImpl: Calling a method in the system process without a qualified user: android.app.ContextImpl.startService:1357 com.android.server.content.SyncManager$13.run:658 android.os.Handler.handleCallback:751 android.os.Handler.dispatchMessage:95 android.os.Looper.loop:154 
09-05 23:12:51.248  3172  3203 E OMXNodeInstance: getExtensionIndex(c640036:ffmpeg.wmv.decoder, OMX.google.android.index.configureVideoTunnelMode) ERROR: UnsupportedIndex(0x8000101a)
09-05 23:12:51.248  3172  3172 W OMXNodeInstance: [c640036:ffmpeg.wmv.decoder] component does not support metadata mode; using fallback
09-05 23:12:51.249  3175  3175 I MediaPlayerService: MediaPlayerService::getOMX
09-05 23:12:51.249  3175  3175 I OMXClient: MuxOMX ctor
09-05 23:12:51.249  3175  3175 W MediaCodecList: unable to open media codecs configuration xml file: /etc/media_codecs_performance.xml
09-05 23:12:51.249  3175  3175 I MediaPlayerService: MediaPlayerService::getOMX
09-05 23:12:51.250  3175  3175 I OMXClient: MuxOMX ctor
09-05 23:12:51.250  3175  3175 W MediaCodecList: unable to open media codecs configuration xml file: /data/misc/media/media_codecs_profiling_results.xml
09-05 23:12:51.250  3563  4651 I chatty  : uid=1000(system) WifiScanningSer expire 3 lines
09-05 23:12:51.251  3563  4652 I chatty  : uid=1000(system) WifiRttService expire 2 lines
09-05 23:12:51.251  3563  3563 D ZenLog  : set_zen_mode: off,cleanUpZenRules
09-05 23:12:51.252  3175  3175 I MediaPlayerService: MediaPlayerService::getOMX
09-05 23:12:51.252  3175  3175 I MediaPlayerService: MediaPlayerService::getOMX
09-05 23:12:51.255  4750  4829 I OMXClient: MuxOMX ctor
09-05 23:12:51.255  3563  4799 I chatty  : uid=1000 system_server expire 1 line
09-05 23:12:51.255  3563  3563 D ConditionProviders: Subscribing to condition://android/schedule?days=6.7&start=23.30&end=10.0&exitAtAlarm=false with ComponentInfo{android/com.android.server.notification.ScheduleConditionProvider}
09-05 23:12:51.256  3563  3563 D ZenLog  : subscribe: condition://android/schedule?days=6.7&start=23.30&end=10.0&exitAtAlarm=false,ok
09-05 23:12:51.256  3563  3563 D ConditionProviders: Subscribing to condition://android/schedule?days=1.2.3.4.5&start=22.0&end=7.0&exitAtAlarm=false with ComponentInfo{android/com.android.server.notification.ScheduleConditionProvider}
09-05 23:12:51.257  3563  3563 D ZenLog  : subscribe: condition://android/schedule?days=1.2.3.4.5&start=22.0&end=7.0&exitAtAlarm=false,ok
09-05 23:12:51.257  3563  3563 D ConditionProviders: Subscribing to condition://android/event?userId=-10000&calendar=&reply=1 with ComponentInfo{android/com.android.server.notification.EventConditionProvider}
09-05 23:12:51.257  3172  4865 I OMXMaster: makeComponentInstance(OMX.google.vorbis.decoder) in mediacodec process
09-05 23:12:51.258  3563  3563 D ZenLog  : subscribe: condition://android/event?userId=-10000&calendar=&reply=1,ok
09-05 23:12:51.259  3563  3662 I SingleHandAdapter: onChange..
09-05 23:12:51.259  3563  3662 I SingleHandAdapter: updateSingleHandMode value:  cur: 
09-05 23:12:51.261  3172  3203 I OMXMaster: makeComponentInstance(OMX.google.vorbis.decoder) in mediacodec process
09-05 23:12:51.292  4905  4905 D CryptKeeper: Disabling component ComponentInfo{com.android.settings/com.android.settings.CryptKeeper}
09-05 23:12:51.296  3563  4920 I WindowManager: Screen frozen for +312ms due to AppWindowToken{5ab09ac token=Token{b5de7fe ActivityRecord{70857b9 u0 com.android.settings/.CryptKeeper t1}}}
09-05 23:12:51.312  3563  3649 I ActivityManager: START u0 {act=android.intent.action.MAIN cat=[android.intent.category.HOME] flg=0x10000100 cmp=com.android.settings/.FallbackHome} from uid 0 on display 0
09-05 23:12:51.330  3563  3649 I ActivityManager: Start proc 5021:com.android.settings/1000 for activity com.android.settings/.FallbackHome
09-05 23:12:51.332  3175  4830 I MediaPlayerService: MediaPlayerService::getOMX
09-05 23:12:51.333  3175  4832 I MediaPlayerService: MediaPlayerService::getOMX
09-05 23:12:51.333  3563  5024 I chatty  : uid=1000 system_server expire 1 line
09-05 23:12:51.333  4750  5025 I OMXClient: MuxOMX ctor
09-05 23:12:51.334  3172  5019 I OMXMaster: makeComponentInstance(OMX.google.vorbis.decoder) in mediacodec process
09-05 23:12:51.336  3172  4865 I OMXMaster: makeComponentInstance(OMX.google.vorbis.decoder) in mediacodec process
09-05 23:12:51.341  5005  5005 I wpa_supplicant: Successfully initialized wpa_supplicant
09-05 23:12:51.347  5005  5005 I wpa_supplicant: rfkill: Cannot open RFKILL control device
09-05 23:12:51.383  4735  4862 I BinaryDictionaryFileDumper: reinitializeClientRecordInDictionaryContentProvider() : MetadataFileUri = 
09-05 23:12:51.387  5021  5021 W System  : ClassLoader referenced unknown path: /system/priv-app/Settings/lib/arm64
09-05 23:12:51.397  5005  5005 I wpa_supplicant: rfkill: Cannot get wiphy information
09-05 23:12:51.421  4750  4750 W System  : ClassLoader referenced unknown path: 
09-05 23:12:51.422  4750  4750 D ApplicationLoaders: ignored Vulkan layer search path /system/app/Camera2/lib/arm64:/system/app/Camera2/Camera2.apk!/lib/arm64-v8a:/system/lib64:/vendor/lib64 for namespace 0x7f7bc1d0f0
09-05 23:12:51.447  3075  3075 W auditd  : type=1327 audit(0.0:180): proctitle="com.android.phone"
09-05 23:12:51.447  3075  3075 W auditd  : type=1320 audit(0.0:180): 
09-05 23:12:51.468  3176  3509 D CommandListener: Setting iface cfg
09-05 23:12:51.479  3176  3509 D CommandListener: Trying to bring up p2p0
09-05 23:12:51.485  3563  4647 I chatty  : uid=1000(system) WifiP2pService expire 3 lines
09-05 23:12:51.497  3563  3563 I chatty  : uid=1000 system_server expire 13 lines
09-05 23:12:51.500  4888  4895 I chatty  : uid=1001(radio) Jit thread pool expire 9 lines
09-05 23:12:51.500  5021  5046 I OpenGLRenderer: Initialized EGL, version 1.4
09-05 23:12:51.500  5021  5046 D OpenGLRenderer: Swap behavior 1
09-05 23:12:51.509  5021  5046 D mali_winsys: EGLint new_window_surface(egl_winsys_display*, void*, EGLSurface, EGLConfig, egl_winsys_surface**, egl_color_buffer_format*, EGLBoolean) returns 0x3000,  [1440x2960]-format:1
09-05 23:12:51.546  3563  3649 W WallpaperManagerService: no current wallpaper -- first boot?
09-05 23:12:51.547  3175  4832 I MediaPlayerService: MediaPlayerService::getOMX
09-05 23:12:51.549  3563  5061 I chatty  : uid=1000 system_server expire 1 line
09-05 23:12:51.550  3172  3172 I OMXMaster: makeComponentInstance(OMX.google.vorbis.decoder) in mediacodec process
09-05 23:12:51.550  3175  3175 I MediaPlayerService: MediaPlayerService::getOMX
09-05 23:12:51.551  4750  5062 I OMXClient: MuxOMX ctor
09-05 23:12:51.552  3172  5019 I OMXMaster: makeComponentInstance(OMX.google.vorbis.decoder) in mediacodec process
09-05 23:12:51.556  4750  4750 D ClockController: onTuningChanged key=cmsystem:status_bar_clock value=null
09-05 23:12:51.566  4750  4750 D ClockController: onTuningChanged key=cmsystem:status_bar_am_pm value=null
09-05 23:12:51.568  4750  4750 D ClockController: onTuningChanged key=clock_seconds value=null
09-05 23:12:51.615  3563  3652 I chatty  : uid=1000(system) ActivityManager expire 1 line
09-05 23:12:51.615  3563  3652 W KeyguardServiceDelegate: onScreenTurningOn(): no keyguard service!
09-05 23:12:51.617  3563  3662 I chatty  : uid=1000(system) android.display expire 1 line
09-05 23:12:51.619  3563  3662 I WindowManager: Screen frozen for +270ms due to AppWindowToken{4fed69a token=Token{37853af ActivityRecord{b394f8e u0 com.android.settings/.FallbackHome t2}}}
09-05 23:12:51.626  4750  4750 D LocalBluetoothProfileManager: Adding local MAP profile
09-05 23:12:51.630  4750  4750 D BluetoothMap: Create BluetoothMap proxy object
09-05 23:12:51.639  4750  4750 D LocalBluetoothProfileManager: LocalBluetoothProfileManager construction complete
09-05 23:12:51.656  4750  4750 I CameraManagerGlobal: Connecting to camera service
09-05 23:12:51.658  3160  3160 E CameraService: getCameraVendorTagDescriptor: camera hardware module doesn't exist
09-05 23:12:51.692  3563  4766 I ActivityManager: Start proc 5071:org.cyanogenmod.weather.provider/u0a32 for content provider org.cyanogenmod.weather.provider/.WeatherContentProvider
09-05 23:12:51.699  3075  3075 W auditd  : type=1327 audit(0.0:181): proctitle="com.android.phone"
09-05 23:12:51.699  3075  3075 W auditd  : type=1320 audit(0.0:181): 
09-05 23:12:51.699  3075  3075 W auditd  : type=1327 audit(0.0:182): proctitle="com.android.phone"
09-05 23:12:51.699  3075  3075 W auditd  : type=1320 audit(0.0:182): 
09-05 23:12:51.706  5071  5071 W System  : ClassLoader referenced unknown path: /system/priv-app/WeatherProvider/lib/arm64
09-05 23:12:51.707  5071  5071 I eather.provider: type=1400 audit(0.0:183): avc: denied { write } for name="org.cyanogenmod.weather.provider" dev="sda24" ino=3121247 scontext=u:r:platform_app:s0:c512,c768 tcontext=u:object_r:system_data_file:s0 tclass=dir permissive=1
09-05 23:12:51.707  5071  5071 I eather.provider: type=1400 audit(0.0:183): avc: denied { add_name } for name="cache" scontext=u:r:platform_app:s0:c512,c768 tcontext=u:object_r:system_data_file:s0 tclass=dir permissive=1
09-05 23:12:51.707  5071  5071 I eather.provider: type=1400 audit(0.0:183): avc: denied { create } for name="cache" scontext=u:r:platform_app:s0:c512,c768 tcontext=u:object_r:system_data_file:s0:c512,c768 tclass=dir permissive=1
09-05 23:12:51.707  5071  5071 W eather.provider: type=1300 audit(0.0:183): arch=c00000b7 syscall=34 success=yes exit=0 a0=ffffff9c a1=7f6d8e77c0 a2=1f9 a3=7f77d4f514 items=0 ppid=3165 auid=4294967295 uid=10032 gid=10032 euid=10032 suid=10032 fsuid=10032 egid=10032 sgid=10032 fsgid=10032 tty=(none) ses=4294967295 exe="/system/bin/app_process64" subj=u:r:platform_app:s0:c512,c768 key=(null)
09-05 23:12:51.707  3075  3075 W auditd  : type=1327 audit(0.0:183): proctitle="org.cyanogenmod.weather.provider"
09-05 23:12:51.707  3075  3075 W auditd  : type=1320 audit(0.0:183): 
09-05 23:12:51.711  5071  5071 I eather.provider: type=1400 audit(0.0:184): avc: denied { setattr } for name="cache" dev="sda24" ino=3121280 scontext=u:r:platform_app:s0:c512,c768 tcontext=u:object_r:system_data_file:s0:c512,c768 tclass=dir permissive=1
09-05 23:12:51.711  5071  5071 W eather.provider: type=1300 audit(0.0:184): arch=c00000b7 syscall=53 success=yes exit=0 a0=ffffff9c a1=7f6d9fa100 a2=1f9 a3=0 items=0 ppid=3165 auid=4294967295 uid=10032 gid=10032 euid=10032 suid=10032 fsuid=10032 egid=10032 sgid=10032 fsgid=10032 tty=(none) ses=4294967295 exe="/system/bin/app_process64" subj=u:r:platform_app:s0:c512,c768 key=(null)
09-05 23:12:51.737  4750  4755 I art     : Do full code cache collection, code=251KB, data=206KB
09-05 23:12:51.737  4750  4755 I art     : Starting a blocking GC JitCodeCache
09-05 23:12:51.737  4750  4755 I art     : After code cache collection, code=244KB, data=182KB
09-05 23:12:51.778  4750  4755 I art     : Do partial code cache collection, code=245KB, data=187KB
09-05 23:12:51.779  4750  4755 I art     : After code cache collection, code=245KB, data=187KB
09-05 23:12:51.779  4750  4755 I art     : Increasing code cache capacity to 1024KB
09-05 23:12:51.782  3175  4849 I MediaPlayerService: MediaPlayerService::getOMX
09-05 23:12:51.784  4750  5088 E ActivityThread: Failed to find provider info for com.android.contacts
09-05 23:12:51.784  3563  5089 I chatty  : uid=1000 system_server expire 1 line
09-05 23:12:51.786  3172  4865 I OMXMaster: makeComponentInstance(OMX.google.vorbis.decoder) in mediacodec process
09-05 23:12:51.796  4750  4886 D OpenGLRenderer: profile bars disabled
09-05 23:12:51.797  4750  4886 D OpenGLRenderer: ambientRatio = 1.50
09-05 23:12:51.811  4750  4750 D PhoneStatusBar: disable: < EXPAND* icons alerts system_info BACK* HOME* RECENT* clock SEARCH* quick_settings >
09-05 23:12:51.835  3175  4830 I MediaPlayerService: MediaPlayerService::getOMX
09-05 23:12:51.836  3563  5092 I chatty  : uid=1000 system_server expire 1 line
09-05 23:12:51.837  3172  3203 I OMXMaster: makeComponentInstance(OMX.google.vorbis.decoder) in mediacodec process
09-05 23:12:51.862  3563  3653 W LocalDisplayAdapter: Unable to find color mode 0, ignoring request.
09-05 23:12:51.892  3563  3662 W LocalDisplayAdapter: Unable to find color mode 0, ignoring request.
09-05 23:12:51.905  4735  4862 I LatinIME:LogUtils: Dictionary info: dictionary = main:bg ; version = 1 ; date = 1457766000
09-05 23:12:51.918  4735  4862 I LatinIME:LogUtils: Dictionary info: dictionary = main:cs ; version = 44 ; date = 1393228134
09-05 23:12:51.923  4735  4862 I LatinIME:LogUtils: Dictionary info: dictionary = main:da ; version = 44 ; date = 1393228134
09-05 23:12:51.930  4735  4862 I LatinIME:LogUtils: Dictionary info: dictionary = main:de ; version = 54 ; date = 1414726263
09-05 23:12:51.939  4735  4862 I LatinIME:LogUtils: Dictionary info: dictionary = main:el ; version = 44 ; date = 1393228134
09-05 23:12:51.945  4735  4862 I LatinIME:LogUtils: Dictionary info: dictionary = main:en ; version = 54 ; date = 1414726273
09-05 23:12:51.949  3175  4832 I MediaPlayerService: MediaPlayerService::getOMX
09-05 23:12:51.949  3563  5095 I chatty  : uid=1000 system_server expire 1 line
09-05 23:12:51.950  3172  5018 I OMXMaster: makeComponentInstance(OMX.google.vorbis.decoder) in mediacodec process
09-05 23:12:51.956  4735  4862 I LatinIME:LogUtils: Dictionary info: dictionary = main:es ; version = 54 ; date = 1414726268
09-05 23:12:51.967  4735  4862 I LatinIME:LogUtils: Dictionary info: dictionary = main:fi ; version = 44 ; date = 1393228135
09-05 23:12:51.977  4750  4750 D PhoneStatusBar: heads up is enabled
09-05 23:12:51.981  4735  4862 I LatinIME:LogUtils: Dictionary info: dictionary = main:fr ; version = 54 ; date = 1414726264
09-05 23:12:51.985  4750  4750 D StatusBar: user hasn't seen notification about hidden notifications
09-05 23:12:51.986  4750  4750 D StatusBar: insecure lockscreen, skipping notification
09-05 23:12:51.990  4735  4862 I LatinIME:LogUtils: Dictionary info: dictionary = main:hr ; version = 44 ; date = 1393228135
09-05 23:12:52.014  4735  4862 I LatinIME:LogUtils: Dictionary info: dictionary = main:hu ; version = 1 ; date = 1473269900
09-05 23:12:52.022  4735  4862 I LatinIME:LogUtils: Dictionary info: dictionary = main:it ; version = 54 ; date = 1414726258
09-05 23:12:52.024  4750  4750 I Choreographer: Skipped 49 frames!  The application may be doing too much work on its main thread.
09-05 23:12:52.029  4735  4862 I LatinIME:LogUtils: Dictionary info: dictionary = main:iw ; version = 44 ; date = 1393228136
09-05 23:12:52.040  4735  4862 I LatinIME:LogUtils: Dictionary info: dictionary = main:lb ; version = 1 ; date = 1380519383
09-05 23:12:52.050  4750  4750 D ViewRootImpl[StatusBar]: changeCanvasOpacity: opaque=true
09-05 23:12:52.058  4735  4862 I LatinIME:LogUtils: Dictionary info: dictionary = main:nb ; version = 44 ; date = 1393228136
09-05 23:12:52.066  4735  4862 I LatinIME:LogUtils: Dictionary info: dictionary = main:nl ; version = 44 ; date = 1393228136
09-05 23:12:52.078  4735  4862 I LatinIME:LogUtils: Dictionary info: dictionary = main:ru ; version = 54 ; date = 1414726277
09-05 23:12:52.088  4735  4862 I LatinIME:LogUtils: Dictionary info: dictionary = main:sv ; version = 44 ; date = 1393228154
09-05 23:12:52.112  4735  4862 I LatinIME:LogUtils: Dictionary info: dictionary = main:uk ; version = 1 ; date = 1376495808
09-05 23:12:52.137  4735  4862 I BinaryDictionaryFileDumper: reinitializeClientRecordInDictionaryContentProvider() : Insert DictionaryInfo : Id = 'main:bg' : Locale=bg : Version=1
09-05 23:12:52.206  4735  4862 I BinaryDictionaryFileDumper: reinitializeClientRecordInDictionaryContentProvider() : Insert DictionaryInfo : Id = 'main:cs' : Locale=cs : Version=44
09-05 23:12:52.248  4735  4862 I BinaryDictionaryFileDumper: reinitializeClientRecordInDictionaryContentProvider() : Insert DictionaryInfo : Id = 'main:da' : Locale=da : Version=44
09-05 23:12:52.301  4735  4862 I BinaryDictionaryFileDumper: reinitializeClientRecordInDictionaryContentProvider() : Insert DictionaryInfo : Id = 'main:de' : Locale=de : Version=54
09-05 23:12:52.344  4735  4862 I BinaryDictionaryFileDumper: reinitializeClientRecordInDictionaryContentProvider() : Insert DictionaryInfo : Id = 'main:el' : Locale=el : Version=44
09-05 23:12:52.361  3563  4767 W LocalDisplayAdapter: Unable to find color mode 0, ignoring request.
09-05 23:12:52.367  4750  4886 I OpenGLRenderer: Initialized EGL, version 1.4
09-05 23:12:52.367  4750  4886 D OpenGLRenderer: Swap behavior 1
09-05 23:12:52.371  4750  4886 D mali_winsys: EGLint new_window_surface(egl_winsys_display*, void*, EGLSurface, EGLConfig, egl_winsys_surface**, egl_color_buffer_format*, EGLBoolean) returns 0x3000,  [1440x84]-format:1
09-05 23:12:52.381  3563  3662 W LocalDisplayAdapter: Unable to find color mode 0, ignoring request.
09-05 23:12:52.422  4735  4862 I BinaryDictionaryFileDumper: reinitializeClientRecordInDictionaryContentProvider() : Insert DictionaryInfo : Id = 'main:en' : Locale=en : Version=54
09-05 23:12:52.423  4750  4886 D mali_winsys: EGLint new_window_surface(egl_winsys_display*, void*, EGLSurface, EGLConfig, egl_winsys_surface**, egl_color_buffer_format*, EGLBoolean) returns 0x3000,  [1440x168]-format:1
09-05 23:12:52.450  3563  4920 I ActivityManager: user 0 is still locked. Cannot load recents
09-05 23:12:52.470  3563  4648 D WifiService: New client listening to asynchronous messages
09-05 23:12:52.478  3563  4920 I chatty  : uid=1000(system) Binder:3563_5 expire 1 line
09-05 23:12:52.499  4735  4862 I BinaryDictionaryFileDumper: reinitializeClientRecordInDictionaryContentProvider() : Insert DictionaryInfo : Id = 'main:es' : Locale=es : Version=54
09-05 23:12:52.511  3563  3649 W LocalDisplayAdapter: Unable to find color mode 0, ignoring request.
09-05 23:12:52.520  3563  3662 W LocalDisplayAdapter: Unable to find color mode 0, ignoring request.
09-05 23:12:52.583  4735  4862 I BinaryDictionaryFileDumper: reinitializeClientRecordInDictionaryContentProvider() : Insert DictionaryInfo : Id = 'main:fi' : Locale=fi : Version=44
09-05 23:12:52.654  4735  4862 I BinaryDictionaryFileDumper: reinitializeClientRecordInDictionaryContentProvider() : Insert DictionaryInfo : Id = 'main:fr' : Locale=fr : Version=54
09-05 23:12:52.706  4735  4862 I BinaryDictionaryFileDumper: reinitializeClientRecordInDictionaryContentProvider() : Insert DictionaryInfo : Id = 'main:hr' : Locale=hr : Version=44
09-05 23:12:52.728  4750  4750 D PhoneStatusBar: disable: < expand* icons alerts system_info back* home* recent* clock search* quick_settings >
09-05 23:12:52.779  4735  4862 I BinaryDictionaryFileDumper: reinitializeClientRecordInDictionaryContentProvider() : Insert DictionaryInfo : Id = 'main:hu' : Locale=hu : Version=1
09-05 23:12:52.853  4735  4862 I BinaryDictionaryFileDumper: reinitializeClientRecordInDictionaryContentProvider() : Insert DictionaryInfo : Id = 'main:it' : Locale=it : Version=54
09-05 23:12:52.893  4888  4888 E TelephonyProvider: dbh.selectConflictingRow: Expected 1 but found 0 matching rows found for cv mnc=89 sub_id=-1 bearer_bitmask=0 numeric=46689 name=Vibo mcc=466 apn=internet type=default,supl
09-05 23:12:52.895  4888  4888 E TelephonyProvider: dbh.selectConflictingRow: Expected 1 but found 0 matching rows found for cv mnc=89 mmsport=8080 sub_id=-1 bearer_bitmask=0 mmsc=http://mms numeric=46689 mmsproxy=172.24.128.36 name=Vibo mcc=466 apn=vibo type=mms
09-05 23:12:52.896  4888  4888 E TelephonyProvider: dbh.selectConflictingRow: Expected 1 but found 0 matching rows found for cv mnc=92 mmsport=8080 sub_id=-1 bearer_bitmask=0 mmsc=http://mms.emome.net:8002 numeric=46692 mmsproxy=10.1.1.1 name=CHT MMS mcc=466 apn=emome type=mms
09-05 23:12:52.897  4888  4888 E TelephonyProvider: dbh.selectConflictingRow: Expected 1 but found 0 matching rows found for cv mnc=92 sub_id=-1 bearer_bitmask=0 numeric=46692 name=CHT mcc=466 apn=internet type=default,supl
09-05 23:12:52.900  4888  4888 E TelephonyProvider: dbh.selectConflictingRow: Expected 1 but found 0 matching rows found for cv mnc=97 sub_id=-1 bearer_bitmask=0 numeric=46697 name=Taiwan Mobile Internet mcc=466 apn=internet type=default,supl
09-05 23:12:52.901  4888  4888 E TelephonyProvider: dbh.selectConflictingRow: Expected 1 but found 0 matching rows found for cv mnc=97 sub_id=-1 bearer_bitmask=0 numeric=46697 name=Taiwan Mobile mcc=466 apn=twm type=default,supl
09-05 23:12:52.904  4888  4888 E TelephonyProvider: dbh.selectConflictingRow: Expected 1 but found 0 matching rows found for cv mnc=01 sub_id=-1 bearer_bitmask=0 numeric=47001 name=Grameenphone mcc=470 apn=gpinternet type=default,supl
09-05 23:12:52.905  4888  4888 E TelephonyProvider: dbh.selectConflictingRow: Expected 1 but found 0 matching rows found for cv mnc=01 mmsport=8080 sub_id=-1 bearer_bitmask=0 mmsc=http://mms.gpsurf.net/servlets/mms numeric=47001 mmsproxy=10.128.1.2 name=Grameenphone MMS mcc=470 apn=gpmms type=mms
09-05 23:12:52.908  4888  4888 E TelephonyProvider: dbh.selectConflictingRow: Expected 1 but found 0 matching rows found for cv mnc=07 sub_id=-1 bearer_bitmask=0 numeric=47007 name=Warid BD mcc=470 apn=internet type=default,supl
09-05 23:12:52.910  4888  4888 E TelephonyProvider: dbh.selectConflictingRow: Expected 1 but found 0 matching rows found for cv password=wap mnc=12 sub_id=-1 bearer_bitmask=0 numeric=50212 name=Maxis 3G Internet mcc=502 apn=unet type=default,supl user=maxis
09-05 23:12:52.911  4888  4888 E TelephonyProvider: dbh.selectConflictingRow: Expected 1 but found 0 matching rows found for cv password=wap sub_id=-1 bearer_bitmask=0 numeric=50212 mmsc=http://172.16.74.100:10021/mmsc user=maxis mnc=12 mmsport=80 mmsproxy=202.75.133.49 name=Maxis 3G MMS server=202.75.133.49 mcc=502 apn=unet type=mms
09-05 23:12:52.913  4888  4888 E TelephonyProvider: dbh.selectConflictingRow: Expected 1 but found 0 matching rows found for cv password=mms mnc=16 mmsport=80 sub_id=-1 bearer_bitmask=0 mmsc=http://mms.digi.com.my/servlets/mms mmsproxy=203.92.128.160 numeric=50216 name=Digi MMS mcc=502 apn=digimms type=mms user=mms
09-05 23:12:52.914  4888  4888 E TelephonyProvider: dbh.selectConflictingRow: Expected 1 but found 0 matching rows found for cv mnc=18 sub_id=-1 bearer_bitmask=0 numeric=50218 name=U Mobile Internet mcc=502 apn=my3g type=default,supl
09-05 23:12:52.915  4888  4888 E TelephonyProvider: dbh.selectConflictingRow: Expected 1 but found 0 matching rows found for cv mnc=18 mmsport=8080 sub_id=-1 bearer_bitmask=0 mmsc=http://10.30.3.11/servlets/mms numeric=50218 mmsproxy=10.30.5.11 name=U Mobile MMS mcc=502 apn=my3g type=mms
09-05 23:12:52.917  4888  4888 E TelephonyProvider: dbh.selectConflictingRow: Expected 1 but found 0 matching rows found for cv mnc=19 sub_id=-1 bearer_bitmask=0 numeric=50219 name=Celcom 3G Internet mcc=502 apn=celcom3g type=default,supl
09-05 23:12:52.922  4888  4888 E TelephonyProvider: dbh.selectConflictingRow: Expected 1 but found 0 matching rows found for cv password=* mnc=02 sub_id=-1 bearer_bitmask=0 numeric=50502 server=* name=Optus Internet mcc=505 apn=yesinternet type=default,supl user=*
09-05 23:12:52.923  4888  4888 E TelephonyProvider: dbh.selectConflictingRow: Expected 1 but found 0 matching rows found for cv password= sub_id=-1 bearer_bitmask=0 numeric=50502 mmsc= authtype=3 user= mnc=02 proxy= name=Boost Mobile port= mcc=505 apn=yesinternet type=default,supl
09-05 23:12:52.928  4888  4888 E TelephonyProvider: dbh.selectConflictingRow: Expected 1 but found 0 matching rows found for cv password= mnc=72 sub_id=-1 bearer_bitmask=0 mmsc= proxy= numeric=50572 name=Telstra Internet port= mcc=505 apn=Telstra.wap type=default,supl user=
09-05 23:12:52.928  4735  4862 I BinaryDictionaryFileDumper: reinitializeClientRecordInDictionaryContentProvider() : Insert DictionaryInfo : Id = 'main:iw' : Locale=iw : Version=44
09-05 23:12:52.931  4888  4888 E TelephonyProvider: dbh.selectConflictingRow: Expected 1 but found 0 matching rows found for cv password=indosat mnc=01 sub_id=-1 bearer_bitmask=0 numeric=51001 name=Indosat GPRS mcc=510 apn=indosatgprs type=default,supl user=indosat
09-05 23:12:52.932  4888  4888 E TelephonyProvider: dbh.selectConflictingRow: Expected 1 but found 0 matching rows found for cv password=indosat mnc=01 mmsport=8080 sub_id=-1 bearer_bitmask=0 mmsc=http://mmsc.indosat.com mmsproxy=10.19.19.19 numeric=51001 name=Indosat MMS mcc=510 apn=indosatmms type=mms user=indosat
09-05 23:12:52.935  4888  4888 E TelephonyProvider: dbh.selectConflictingRow: Expected 1 but found 0 matching rows found for cv password=123456 mnc=08 sub_id=-1 bearer_bitmask=0 mmsc= proxy= numeric=51008 name=AXIS port= mcc=510 apn=AXIS type=default,supl user=axis
09-05 23:12:52.935  4888  4888 E TelephonyProvider: dbh.selectConflictingRow: Expected 1 but found 0 matching rows found for cv password=123456 sub_id=-1 bearer_bitmask=0 numeric=51008 mmsc=http://mmsc.AXIS user=axis mnc=08 mmsport=8080 proxy= mmsproxy=10.8.3.8 name=AXIS MMS port= mcc=510 apn=AXISmms type=mms
09-05 23:12:52.937  4888  4888 E TelephonyProvider: dbh.selectConflictingRow: Expected 1 but found 0 matching rows found for cv mnc=10 sub_id=-1 bearer_bitmask=0 numeric=51010 name=Telkomsel mcc=510 apn=internet type=default,supl
09-05 23:12:52.939  4888  4888 E TelephonyProvider: dbh.selectConflictingRow: Expected 1 but found 0 matching rows found for cv password=proxl mnc=11 mmsport=8080 sub_id=-1 bearer_bitmask=0 mmsc=http://mmc.xl.net.id/servlets/mms mmsproxy=202.152.240.50 numeric=51011 name=XL-MMS mcc=510 apn=www.xlmms.net type=mms user=xlgprs
09-05 23:12:52.941  4888  4888 E TelephonyProvider: dbh.selectConflictingRow: Expected 1 but found 0 matching rows found for cv password=3gprs mnc=89 sub_id=-1 bearer_bitmask=0 numeric=51089 name=3 ID mcc=510 apn=3gprs type=default,supl user=3gprs
09-05 23:12:52.942  4888  4888 E TelephonyProvider: dbh.selectConflictingRow: Expected 1 but found 0 matching rows found for cv password=3data mnc=89 sub_id=-1 bearer_bitmask=0 numeric=51089 name=3 ID INTERNET mcc=510 apn=3data type=default,supl user=3data
09-05 23:12:52.945  4888  4888 E TelephonyProvider: dbh.selectConflictingRow: Expected 1 but found 0 matching rows found for cv mnc=03 sub_id=-1 bearer_bitmask=0 numeric=51503 name=SMART(3G) Internet prepaid mcc=515 apn=internet type=default,supl
09-05 23:12:52.946  4888  4888 E TelephonyProvider: dbh.selectConflictingRow: Expected 1 but found 0 matching rows found for cv password=smartwap sub_id=-1 bearer_bitmask=0 numeric=51503 mmsc=http://10.102.61.238:8002 authtype=1 user=smartwap mnc=03 mmsport=8080 mmsproxy=10.102.61.46 name=SMART(3G) MMS prepaid mcc=515 apn=mms type=mms
09-05 23:12:52.947  4888  4888 E TelephonyProvider: dbh.selectConflictingRow: Expected 1 but found 0 matching rows found for cv mnc=03 sub_id=-1 bearer_bitmask=0 numeric=51503 proxy=10.102.61.46 name=SMART(3G) HTTP postpaid port=9201 mcc=515 authtype=1 apn=smart1 type=default
09-05 23:12:52.948  4888  4888 E TelephonyProvider: dbh.selectConflictingRow: Expected 1 but found 0 matching rows found for cv mnc=05 sub_id=-1 bearer_bitmask=0 numeric=51505 name=Sun Streaming mcc=515 apn=minternet type=default,supl
09-05 23:12:52.954  4888  4888 E TelephonyProvider: dbh.selectConflictingRow: Expected 1 but found 0 matching rows found for cv password=user123 sub_id=-1 bearer_bitmask=0 numeric=52503 mmsc=http://mmsgw:8002 authtype=1 user=65 mnc=03 mmsport=8080 mmsproxy=172.16.14.10 name=M1 MMS mcc=525 apn=miworld type=mms
09-05 23:12:52.955  4888  4888 E TelephonyProvider: dbh.selectConflictingRow: Expected 1 but found 0 matching rows found for cv mnc=03 sub_id=-1 bearer_bitmask=0 numeric=52503 name=M1 mcc=525 apn=sunsurf type=default,supl
09-05 23:12:52.955  4888  4888 E TelephonyProvider: dbh.selectConflictingRow: Expected 1 but found 0 matching rows found for cv mnc=03 sub_id=-1 bearer_bitmask=0 numeric=52503 name=Sunsurf Internet mcc=525 apn=sunsurf type=default,supl
09-05 23:12:52.958  4888  4888 E TelephonyProvider: dbh.selectConflictingRow: Expected 1 but found 0 matching rows found for cv mnc=01 sub_id=-1 bearer_bitmask=0 numeric=53001 name=Vodafone NZ mcc=530 apn=www.vodafone.net.nz type=default,supl
09-05 23:12:52.961  4888  4888 E TelephonyProvider: dbh.selectConflictingRow: Expected 1 but found 0 matching rows found for cv mnc=05 mmsport=8080 sub_id=-1 bearer_bitmask=0 mmsc=http://lsmmsc.xtra.co.nz numeric=53005 mmsproxy=210.55.11.73 name=XT Mobile MMS mcc=530 apn=wap.telecom.co.nz type=mms
09-05 23:12:52.965  4888  4888 E TelephonyProvider: dbh.selectConflictingRow: Expected 1 but found 0 matching rows found for cv mnc=02 mmsport=8080 sub_id=-1 bearer_bitmask=0 mmsc=http://mms.digicelpacific.com:8990 numeric=54202 mmsproxy=10.150.122.12 name=Digicel FJ MMS mcc=542 apn=wap.digicelpacific.com type=mms
09-05 23:12:52.965  4888  4888 E TelephonyProvider: dbh.selectConflictingRow: Expected 1 but found 0 matching rows found for cv mnc=02 sub_id=-1 bearer_bitmask=0 numeric=54202 name=Digicel FJ mcc=542 apn=web.digicelpacific.com type=default,supl
09-05 23:12:52.969  4888  4888 E TelephonyProvider: dbh.selectConflictingRow: Expected 1 but found 0 matching rows found for cv password=internet mnc=02 sub_id=-1 bearer_bitmask=0 numeric=60202 name=Vodafone EG mcc=602 apn=internet.vodafone.net type=default,supl user=internet
09-05 23:12:52.973  4888  4888 E TelephonyProvider: dbh.selectConflictingRow: Expected 1 but found 0 matching rows found for cv mnc=01 sub_id=-1 bearer_bitmask=0 numeric=60401 name=IAM mcc=604 apn=www.iamgprs1.ma type=default,supl
09-05 23:12:52.978  4888  4888 E TelephonyProvider: dbh.selectConflictingRow: Expected 1 but found 0 matching rows found for cv password=mms mnc=01 mmsport=8080 sub_id=-1 bearer_bitmask=0 mmsc=http://mmsalize/servlets/mms mmsproxy=172.16.30.9 numeric=60801 name=Orange MMS SN mcc=608 apn=mms type=mms user=mms
09-05 23:12:52.979  4888  4888 E TelephonyProvider: dbh.selectConflictingRow: Expected 1 but found 0 matching rows found for cv password=wap mnc=01 sub_id=-1 bearer_bitmask=0 proxy=172.16.30.9 numeric=60801 name=Orange Wap SN port=8080 mcc=608 apn=wap type=default,supl user=wap
09-05 23:12:52.980  4735  4862 I BinaryDictionaryFileDumper: reinitializeClientRecordInDictionaryContentProvider() : Insert DictionaryInfo : Id = 'main:lb' : Locale=lb : Version=1
09-05 23:12:52.980  4888  4888 E TelephonyProvider: dbh.selectConflictingRow: Expected 1 but found 0 matching rows found for cv password=internet mnc=01 sub_id=-1 bearer_bitmask=0 numeric=60801 name=Orange Web SN mcc=608 apn=internet type=default,supl user=internet
09-05 23:12:52.982  3563  3661 E BluetoothManagerService: MESSAGE_TIMEOUT_BIND
09-05 23:12:52.982  4888  4888 E TelephonyProvider: dbh.selectConflictingRow: Expected 1 but found 0 matching rows found for cv password=mms mnc=02 mmsport=8080 sub_id=-1 bearer_bitmask=0 mmsc=http://10.109.6.2/servlets/mms mmsproxy=10.109.4.35 numeric=61002 name=Orange ML MMS mcc=610 apn=mms type=mms user=mms
09-05 23:12:52.983  4888  4888 E TelephonyProvider: dbh.selectConflictingRow: Expected 1 but found 0 matching rows found for cv password=wap mnc=02 sub_id=-1 bearer_bitmask=0 proxy=10.109.4.35 numeric=61002 name=Orange Wap ML port=8080 mcc=610 apn=wap type=default,supl user=wap
09-05 23:12:52.984  4888  4888 E TelephonyProvider: dbh.selectConflictingRow: Expected 1 but found 0 matching rows found for cv password=mms mnc=03 mmsport=8080 sub_id=-1 bearer_bitmask=0 mmsc=http://172.20.6.1/servlets/mms mmsproxy=172.20.4.33 numeric=61203 name=Omms CI mcc=612 apn=orangecimms type=mms user=mms
09-05 23:12:52.985  4888  4888 E TelephonyProvider: dbh.selectConflictingRow: Expected 1 but found 0 matching rows found for cv password=wap mnc=03 sub_id=-1 bearer_bitmask=0 proxy=172.20.4.33 numeric=61203 name=OWORLD CI port=8080 mcc=612 apn=orangeciwap type=default,supl user=wap
09-05 23:12:52.993  4888  4888 E TelephonyProvider: dbh.selectConflictingRow: Expected 1 but found 0 matching rows found for cv password= mnc=01 sub_id=-1 bearer_bitmask=0 mmsc= proxy= numeric=63001 name=Vodacom CD port= mcc=630 apn=vodanet type=default,supl user=vodalive
09-05 23:12:52.998  4888  4888 E TelephonyProvider: dbh.selectConflictingRow: Expected 1 but found 0 matching rows found for cv password=orange mnc=07 sub_id=-1 bearer_bitmask=0 numeric=63907 name=Orange KE mcc=639 apn=bew.orange.co.ke type=default,supl user=orange
09-05 23:12:53.002  4888  4888 E TelephonyProvider: dbh.selectConflictingRow: Expected 1 but found 0 matching rows found for cv password= mnc=14 sub_id=-1 bearer_bitmask=0 mmsc= proxy= numeric=64114 name=Orange UG port= mcc=641 apn=orange.ug type=default,supl user=
09-05 23:12:53.005  4888  4888 E TelephonyProvider: dbh.selectConflictingRow: Expected 1 but found 0 matching rows found for cv password=orange mnc=02 sub_id=-1 bearer_bitmask=0 proxy=10.150.0.115 numeric=64602 name=Orange World MG port=8080 mcc=646 apn=orangeworld type=default,supl user=world
09-05 23:12:53.006  4888  4888 E TelephonyProvider: dbh.selectConflictingRow: Expected 1 but found 0 matching rows found for cv mnc=02 sub_id=-1 bearer_bitmask=0 numeric=64602 name=Orange MG mcc=646 apn=orangenet type=default,supl
09-05 23:12:53.008  4888  4888 E TelephonyProvider: dbh.selectConflictingRow: Expected 1 but found 0 matching rows found for cv password=orange mnc=00 mmsport=8080 sub_id=-1 bearer_bitmask=0 mmsc=http://mms.orange.re/ mmsproxy=192.168.010.200 numeric=64700 name=Orange RE MMS mcc=647 apn=orangerun.acte type=mms user=orange
09-05 23:12:53.009  4888  4888 E TelephonyProvider: dbh.selectConflictingRow: Expected 1 but found 0 matching rows found for cv password=orange mnc=00 sub_id=-1 bearer_bitmask=0 numeric=64700 name=Orange RE mcc=647 apn=orangerun type=default,supl user=orange
09-05 23:12:53.010  4888  4888 E TelephonyProvider: dbh.selectConflictingRow: Expected 1 but found 0 matching rows found for cv password=orange mnc=00 mmsport=8080 sub_id=-1 bearer_bitmask=0 mmsc=http://mms.orange.re mmsproxy=192.168.10.200 numeric=64700 name=Orange MMS Runion mcc=647 apn=orangerun.acte type=mms user=orange
09-05 23:12:53.012  4888  4888 E TelephonyProvider: dbh.selectConflictingRow: Expected 1 but found 0 matching rows found for cv mnc=10 mmsport=8080 sub_id=-1 bearer_bitmask=0 mmsc=http://mms numeric=64710 mmsproxy=10.0.224.145 name=SFR MMS mcc=647 apn=mmssfr type=mms
09-05 23:12:53.022  4888  4888 E TelephonyProvider: dbh.selectConflictingRow: Expected 1 but found 0 matching rows found for cv password=movistarsv sub_id=-1 bearer_bitmask=0 numeric=70604 mmsc=http://mms.movistar.sv user=movistarsv mnc=04 mmsport=80 proxy= mmsproxy=10.12.20.1 name=Movistar SV MMS port= mcc=706 apn=mms.movistar.sv type=mms
09-05 23:12:53.030  4888  4888 E TelephonyProvider: dbh.selectConflictingRow: Expected 1 but found 0 matching rows found for cv password=movistarpa mnc=02 sub_id=-1 bearer_bitmask=0 numeric=71402 name=Movistar PA mcc=714 apn=internet.movistar.pa type=default,supl user=movistarpa
09-05 23:12:53.032  4735  4862 I BinaryDictionaryFileDumper: reinitializeClientRecordInDictionaryContentProvider() : Insert DictionaryInfo : Id = 'main:nb' : Locale=nb : Version=44
09-05 23:12:53.042  4888  4888 E TelephonyProvider: dbh.selectConflictingRow: Expected 1 but found 0 matching rows found for cv password= mnc=34 sub_id=-1 bearer_bitmask=0 mmsc= proxy= numeric=72234 name=Personal port= mcc=722 apn=gprs.personal.com type=default,supl user=gprs
09-05 23:12:53.045  4888  4888 E TelephonyProvider: dbh.selectConflictingRow: Expected 1 but found 0 matching rows found for cv password=guest mnc=310 sub_id=-1 bearer_bitmask=0 mmsc= proxy= numeric=722310 name=CTI port= mcc=722 apn=internet.ctimovil.com.ar type=default,supl user=guest
09-05 23:12:53.046  4888  4888 E TelephonyProvider: dbh.selectConflictingRow: Expected 1 but found 0 matching rows found for cv password=ctigpr999 sub_id=-1 bearer_bitmask=0 numeric=722310 mmsc= authtype=1 user=ctigprs mnc=310 proxy= name=Claro AR port= mcc=722 apn=igprs.claro.com.ar type=default,supl
09-05 23:12:53.058  4888  4888 E TelephonyProvider: dbh.selectConflictingRow: Expected 1 but found 0 matching rows found for cv password=celular mnc=23 sub_id=-1 bearer_bitmask=0 mmsc=null proxy= numeric=72423 name=Telemig GPRS port= mcc=724 apn=gprs.telemigcelular.com.br type=default,supl user=celular
09-05 23:12:53.058  4888  4888 E TelephonyProvider: dbh.selectConflictingRow: Expected 1 but found 0 matching rows found for cv password=celular sub_id=-1 bearer_bitmask=0 numeric=72423 mmsc=http://mms.telemigcelular.com.br user=celular mnc=23 mmsport=8080 proxy= mmsproxy=200.192.230.142 name=Telemig MMS port= mcc=724 apn=mmsgprs.telemigcelular.com.br type=mms
09-05 23:12:53.065  4735  4862 I BinaryDictionaryFileDumper: reinitializeClientRecordInDictionaryContentProvider() : Insert DictionaryInfo : Id = 'main:nl' : Locale=nl : Version=44
09-05 23:12:53.066  4888  4888 E TelephonyProvider: dbh.selectConflictingRow: Expected 1 but found 0 matching rows found for cv password=clarochile mnc=03 mmsport=8080 sub_id=-1 bearer_bitmask=0 mmsc=http://mms.clarochile.cl mmsproxy=172.23.200.200 numeric=73003 name=MMS CLARO mcc=730 apn=mms.clarochile.cl type=mms user=clarochile
09-05 23:12:53.068  4888  4888 E TelephonyProvider: dbh.selectConflictingRow: Expected 1 but found 0 matching rows found for cv password=entelpcs mnc=10 sub_id=-1 bearer_bitmask=0 numeric=73010 name=WEB EPCS mcc=730 apn=imovil.entelpcs.cl type=default,supl user=entelpcs
09-05 23:12:53.069  4888  4888 E TelephonyProvider: dbh.selectConflictingRow: Expected 1 but found 0 matching rows found for cv password=entelpcs mnc=10 mmsport=8080 sub_id=-1 bearer_bitmask=0 mmsc=http://mmsc.entelpcs.cl mmsproxy=10.99.0.10 numeric=73010 name=MMS EPCS mcc=730 apn=mms.entelpcs.cl type=mms user=entelmms
09-05 23:12:53.071  4888  4888 E TelephonyProvider: dbh.selectConflictingRow: Expected 1 but found 0 matching rows found for cv password=movistar mnc=102 sub_id=-1 bearer_bitmask=0 mmsc= proxy= numeric=732102 name=Movistar CO port= mcc=732 apn=internet.movistar.com.co type=default,supl user=movistar
09-05 23:12:53.072  4888  4895 I art     : Do partial code cache collection, code=123KB, data=78KB
09-05 23:12:53.072  4888  4895 I art     : After code cache collection, code=123KB, data=78KB
09-05 23:12:53.072  4888  4895 I art     : Increasing code cache capacity to 512KB
