09-25 20:54:23.983  3190  3190 I OMXClient: MuxOMX ctor
09-25 20:54:23.983  3187  3187 I OMXMaster: makeComponentInstance(OMX.ffmpeg.vc1.decoder) in mediacodec process
09-25 20:54:23.983  3187  3187 V FFmpegOMXPlugin: makeComponentInstance 'OMX.ffmpeg.vc1.decoder'
09-25 20:54:23.983  3187  3187 D SoftFFmpegVideo: SoftFFmpegVideo component: OMX.ffmpeg.vc1.decoder codingType=2130706433 appData: 0xf64b2460
09-25 20:54:23.984  3187  4927 E OMXNodeInstance: getExtensionIndex(c730034:ffmpeg.vc1.decoder, OMX.google.android.index.configureVideoTunnelMode) ERROR: UnsupportedIndex(0x8000101a)
09-25 20:54:23.985  3187  3222 W OMXNodeInstance: [c730034:ffmpeg.vc1.decoder] component does not support metadata mode; using fallback
09-25 20:54:23.985  3190  3190 I MediaPlayerService: MediaPlayerService::getOMX
09-25 20:54:23.986  3190  3190 I OMXClient: MuxOMX ctor
09-25 20:54:23.986  3187  3187 I OMXMaster: makeComponentInstance(OMX.ffmpeg.vtrial.decoder) in mediacodec process
09-25 20:54:23.986  3187  3187 V FFmpegOMXPlugin: makeComponentInstance 'OMX.ffmpeg.vtrial.decoder'
09-25 20:54:23.986  3187  3187 D SoftFFmpegVideo: SoftFFmpegVideo component: OMX.ffmpeg.vtrial.decoder codingType=1 appData: 0xf64b2540
09-25 20:54:23.987  3187  4927 E OMXNodeInstance: getExtensionIndex(c730035:ffmpeg.vtrial.decoder, OMX.google.android.index.configureVideoTunnelMode) ERROR: UnsupportedIndex(0x8000101a)
09-25 20:54:23.987  3187  3222 W OMXNodeInstance: [c730035:ffmpeg.vtrial.decoder] component does not support metadata mode; using fallback
09-25 20:54:23.988  3190  3190 I MediaPlayerService: MediaPlayerService::getOMX
09-25 20:54:23.988  3190  3190 I OMXClient: MuxOMX ctor
09-25 20:54:23.989  3187  3187 I OMXMaster: makeComponentInstance(OMX.ffmpeg.wmv.decoder) in mediacodec process
09-25 20:54:23.989  3187  3187 V FFmpegOMXPlugin: makeComponentInstance 'OMX.ffmpeg.wmv.decoder'
09-25 20:54:23.989  3187  3187 D SoftFFmpegVideo: SoftFFmpegVideo component: OMX.ffmpeg.wmv.decoder codingType=5 appData: 0xf64b2620
09-25 20:54:23.990  3187  4927 E OMXNodeInstance: getExtensionIndex(c730036:ffmpeg.wmv.decoder, OMX.google.android.index.configureVideoTunnelMode) ERROR: UnsupportedIndex(0x8000101a)
09-25 20:54:23.990  3187  3222 W OMXNodeInstance: [c730036:ffmpeg.wmv.decoder] component does not support metadata mode; using fallback
09-25 20:54:23.992  3190  3190 I MediaPlayerService: MediaPlayerService::getOMX
09-25 20:54:23.992  3190  3190 I OMXClient: MuxOMX ctor
09-25 20:54:23.992  3190  3190 W MediaCodecList: unable to open media codecs configuration xml file: /etc/media_codecs_performance.xml
09-25 20:54:23.993  3190  3190 I MediaPlayerService: MediaPlayerService::getOMX
09-25 20:54:23.993  3190  3190 I OMXClient: MuxOMX ctor
09-25 20:54:23.993  3190  3190 W MediaCodecList: unable to open media codecs configuration xml file: /data/misc/media/media_codecs_profiling_results.xml
09-25 20:54:23.994  3190  3190 I MediaPlayerService: MediaPlayerService::getOMX
09-25 20:54:23.994  3190  3258 I MediaPlayerService: MediaPlayerService::getOMX
09-25 20:54:23.995  4807  4904 I OMXClient: MuxOMX ctor
09-25 20:54:23.996  3653  4892 I chatty  : uid=1000 system_server expire 1 line
09-25 20:54:23.997  3187  3187 I OMXMaster: makeComponentInstance(OMX.google.vorbis.decoder) in mediacodec process
09-25 20:54:23.999  3187  4927 I OMXMaster: makeComponentInstance(OMX.google.vorbis.decoder) in mediacodec process
09-25 20:54:24.074  5075  5075 I wpa_supplicant: Successfully initialized wpa_supplicant
09-25 20:54:24.076  3190  4905 I MediaPlayerService: MediaPlayerService::getOMX
09-25 20:54:24.077  4807  5165 I OMXClient: MuxOMX ctor
09-25 20:54:24.078  3190  4906 I MediaPlayerService: MediaPlayerService::getOMX
09-25 20:54:24.078  3653  5166 I chatty  : uid=1000 system_server expire 1 line
09-25 20:54:24.079  3187  5164 I OMXMaster: makeComponentInstance(OMX.google.vorbis.decoder) in mediacodec process
09-25 20:54:24.083  3187  5163 I OMXMaster: makeComponentInstance(OMX.google.vorbis.decoder) in mediacodec process
09-25 20:54:24.089  5075  5075 I wpa_supplicant: rfkill: Cannot open RFKILL control device
09-25 20:54:24.140  5075  5075 I wpa_supplicant: rfkill: Cannot get wiphy information
09-25 20:54:24.151  3653  3713 W LocalDisplayAdapter: Unable to find color mode 0, ignoring request.
09-25 20:54:24.158  4807  4915 I OpenGLRenderer: Initialized EGL, version 1.4
09-25 20:54:24.158  4807  4915 D OpenGLRenderer: Swap behavior 1
09-25 20:54:24.173  3653  3722 W LocalDisplayAdapter: Unable to find color mode 0, ignoring request.
09-25 20:54:24.176  3190  3258 I MediaPlayerService: MediaPlayerService::getOMX
09-25 20:54:24.177  4807  4915 D mali_winsys: EGLint new_window_surface(egl_winsys_display*, void*, EGLSurface, EGLConfig, egl_winsys_surface**, egl_color_buffer_format*, EGLBoolean) returns 0x3000,  [1440x84]-format:1
09-25 20:54:24.178  4807  5185 I OMXClient: MuxOMX ctor
09-25 20:54:24.180  3187  3222 I OMXMaster: makeComponentInstance(OMX.google.vorbis.decoder) in mediacodec process
09-25 20:54:24.191  3190  4906 I MediaPlayerService: MediaPlayerService::getOMX
09-25 20:54:24.195  3653  5186 I chatty  : uid=1000 system_server expire 1 line
09-25 20:54:24.200  3187  3222 I OMXMaster: makeComponentInstance(OMX.google.vorbis.decoder) in mediacodec process
09-25 20:54:24.228  4807  4915 D mali_winsys: EGLint new_window_surface(egl_winsys_display*, void*, EGLSurface, EGLConfig, egl_winsys_surface**, egl_color_buffer_format*, EGLBoolean) returns 0x3000,  [1440x168]-format:1
09-25 20:54:24.244  3191  3558 D CommandListener: Setting iface cfg
09-25 20:54:24.244  3191  3558 D CommandListener: Trying to bring up p2p0
09-25 20:54:24.246  3653  4706 I chatty  : uid=1000(system) WifiP2pService expire 3 lines
09-25 20:54:24.271  4807  4807 D StorageNotification: Notifying about public volume: VolumeInfo{public:179_1}:
09-25 20:54:24.271  4807  4807 D StorageNotification:     type=PUBLIC diskId=disk:179_0 partGuid=null mountFlags=0 mountUserId=0 
09-25 20:54:24.271  4807  4807 D StorageNotification:     state=MOUNTED 
09-25 20:54:24.271  4807  4807 D StorageNotification:     fsType=vfat fsUuid=4753-1B02 fsLabel=sdcard 
09-25 20:54:24.271  4807  4807 D StorageNotification:     path=/mnt/media_rw/4753-1B02 internalPath=/mnt/media_rw/4753-1B02 
09-25 20:54:24.299  3653  4707 D WifiService: New client listening to asynchronous messages
09-25 20:54:24.304  3653  4820 I ActivityManager: user 0 is still locked. Cannot load recents
09-25 20:54:24.335  3653  4820 I chatty  : uid=1000(system) Binder:3653_3 expire 1 line
09-25 20:54:24.335  4807  4807 I Choreographer: Skipped 35 frames!  The application may be doing too much work on its main thread.
09-25 20:54:24.353  3653  3722 W LocalDisplayAdapter: Unable to find color mode 0, ignoring request.
09-25 20:54:24.380  3190  4905 I MediaPlayerService: MediaPlayerService::getOMX
09-25 20:54:24.386  3653  3722 W LocalDisplayAdapter: Unable to find color mode 0, ignoring request.
09-25 20:54:24.388  3653  5192 I chatty  : uid=1000 system_server expire 1 line
09-25 20:54:24.390  3187  3187 I OMXMaster: makeComponentInstance(OMX.google.vorbis.decoder) in mediacodec process
09-25 20:54:24.416  4798  4919 I LatinIME:LogUtils: Dictionary info: dictionary = main:bg ; version = 1 ; date = 1457766000
09-25 20:54:24.483  3190  4905 I MediaPlayerService: MediaPlayerService::getOMX
09-25 20:54:24.483  3653  5198 I chatty  : uid=1000 system_server expire 1 line
09-25 20:54:24.485  4798  4919 I LatinIME:LogUtils: Dictionary info: dictionary = main:cs ; version = 44 ; date = 1393228134
09-25 20:54:24.485  3187  5164 I OMXMaster: makeComponentInstance(OMX.google.vorbis.decoder) in mediacodec process
09-25 20:54:24.517  4798  4919 I LatinIME:LogUtils: Dictionary info: dictionary = main:da ; version = 44 ; date = 1393228134
09-25 20:54:24.539  4798  4919 I LatinIME:LogUtils: Dictionary info: dictionary = main:de ; version = 54 ; date = 1414726263
09-25 20:54:24.542  4798  4919 I LatinIME:LogUtils: Dictionary info: dictionary = main:el ; version = 44 ; date = 1393228134
09-25 20:54:24.544  4798  4919 I LatinIME:LogUtils: Dictionary info: dictionary = main:en ; version = 54 ; date = 1414726273
09-25 20:54:24.551  4798  4919 I LatinIME:LogUtils: Dictionary info: dictionary = main:es ; version = 54 ; date = 1414726268
09-25 20:54:24.551  3190  4905 I MediaPlayerService: MediaPlayerService::getOMX
09-25 20:54:24.552  3653  5203 I chatty  : uid=1000 system_server expire 1 line
09-25 20:54:24.553  3187  4927 I OMXMaster: makeComponentInstance(OMX.google.vorbis.decoder) in mediacodec process
09-25 20:54:24.555  4798  4919 I LatinIME:LogUtils: Dictionary info: dictionary = main:fi ; version = 44 ; date = 1393228135
09-25 20:54:24.587  4798  4919 I LatinIME:LogUtils: Dictionary info: dictionary = main:fr ; version = 54 ; date = 1414726264
09-25 20:54:24.609  3182  3380 I APM_AudioPolicyManager: setForceUse() usage 0, config 0, mPhoneState 0
09-25 20:54:24.609  3182  3380 W APM_AudioPolicyManager: setForceUse() usage 0, config 0 is Already setted
09-25 20:54:24.609  3182  3182 I APM_AudioPolicyManager: setForceUse() usage 2, config 0, mPhoneState 0
09-25 20:54:24.610  3182  3182 W APM_AudioPolicyManager: setForceUse() usage 2, config 0 is Already setted
09-25 20:54:24.627  4807  4807 D PhoneStatusBar: disable: < expand* icons alerts system_info back* home* recent* clock search* quick_settings >
09-25 20:54:24.639  4798  4919 I LatinIME:LogUtils: Dictionary info: dictionary = main:hr ; version = 44 ; date = 1393228135
09-25 20:54:24.683  4798  4919 I LatinIME:LogUtils: Dictionary info: dictionary = main:hu ; version = 1 ; date = 1473269900
09-25 20:54:24.717  4798  4919 I LatinIME:LogUtils: Dictionary info: dictionary = main:it ; version = 54 ; date = 1414726258
09-25 20:54:24.762  4798  4919 I LatinIME:LogUtils: Dictionary info: dictionary = main:iw ; version = 44 ; date = 1393228136
09-25 20:54:24.783  4798  4919 I LatinIME:LogUtils: Dictionary info: dictionary = main:lb ; version = 1 ; date = 1380519383
09-25 20:54:24.819  4798  4919 I LatinIME:LogUtils: Dictionary info: dictionary = main:nb ; version = 44 ; date = 1393228136
09-25 20:54:24.843  4798  4919 I LatinIME:LogUtils: Dictionary info: dictionary = main:nl ; version = 44 ; date = 1393228136
09-25 20:54:24.855  4798  4919 I LatinIME:LogUtils: Dictionary info: dictionary = main:ru ; version = 54 ; date = 1414726277
09-25 20:54:24.859  4798  4919 I LatinIME:LogUtils: Dictionary info: dictionary = main:sv ; version = 44 ; date = 1393228154
09-25 20:54:24.880  4798  4919 I LatinIME:LogUtils: Dictionary info: dictionary = main:uk ; version = 1 ; date = 1376495808
09-25 20:54:24.914  4798  4919 I BinaryDictionaryFileDumper: reinitializeClientRecordInDictionaryContentProvider() : Insert DictionaryInfo : Id = 'main:bg' : Locale=bg : Version=1
09-25 20:54:24.970  4798  4919 I BinaryDictionaryFileDumper: reinitializeClientRecordInDictionaryContentProvider() : Insert DictionaryInfo : Id = 'main:cs' : Locale=cs : Version=44
09-25 20:54:24.980  3653  3653 D BluetoothManagerService: Trying to bind to profile: 1, while Bluetooth was disabled
09-25 20:54:24.984  3653  3653 I Telecom : SystemStateProvider: Registering car mode receiver: android.content.IntentFilter@4d83666: TS.init@AAA
09-25 20:54:24.991  3653  5217 I Telecom : Telecom: Non-call EVENT: AUDIO_ROUTE, Entering state QuiescentEarpieceRoute
09-25 20:54:24.994  3653  5219 I Telecom : CallAudioModeStateMachine: Message received: null.: TS.init->CAMSM.pM_1@AAA_0
09-25 20:54:25.005  3653  3653 I Telecom : ViceNotificationImpl: ViceNotificationImpl: TS.init@AAA
09-25 20:54:25.010  3653  5220 E ActivityThread: Failed to find provider info for call_log
09-25 20:54:25.010  3653  3653 D BluetoothManagerService: Trying to bind to profile: 1, while Bluetooth was disabled
09-25 20:54:25.011  3653  3653 I Telecom : BluetoothPhoneService: Ignoring IBluetoothDsdaService class not found exception : TS.init@AAA
09-25 20:54:25.014  3653  3653 I Telecom : Class: TelecomSystem.INSTANCE being set
09-25 20:54:25.014  3653  3653 W ContextImpl: Calling a method in the system process without a qualified user: android.app.ContextImpl.startService:1357 android.content.ContextWrapper.startService:613 com.android.server.telecom.components.TelecomService.initializeTelecomSystem:196 com.android.server.telecom.components.TelecomService.onBind:64 android.app.ActivityThread.handleBindService:3243 
09-25 20:54:25.022  3653  3653 D BluetoothManagerService: Bluetooth Adapter name changed to Samsung Galaxy S7 Edge
09-25 20:54:25.022  3653  3653 D BluetoothManagerService: Stored Bluetooth name: Samsung Galaxy S7 Edge
09-25 20:54:25.022  3653  3653 D BluetoothManagerService: BluetoothServiceConnection: com.android.bluetooth.btservice.AdapterService
09-25 20:54:25.022  3653  3721 D BluetoothManagerService: MESSAGE_BLUETOOTH_SERVICE_CONNECTED: 1
09-25 20:54:25.023  3653  3721 D BluetoothManagerService: MESSAGE_GET_NAME_AND_ADDRESS
09-25 20:54:25.029  4798  4919 I BinaryDictionaryFileDumper: reinitializeClientRecordInDictionaryContentProvider() : Insert DictionaryInfo : Id = 'main:da' : Locale=da : Version=44
09-25 20:54:25.033  3653  3721 D BluetoothManagerService: Stored Bluetooth name: Samsung Galaxy S7 Edge
09-25 20:54:25.034  3653  3721 D BluetoothManagerService: Stored Bluetoothaddress: F0:EE:10:4B:C6:7D
09-25 20:54:25.035  3653  3721 D BluetoothManagerService: unbindAndFinish(): android.bluetooth.IBluetooth$Stub$Proxy@6339ff1 mBinding = false mUnbinding = false
09-25 20:54:25.036  3653  3653 V WiredAccessoryManager: init()
09-25 20:54:25.038  4782  4782 W BluetoothAdapterService: onUnbind, calling cleanup
09-25 20:54:25.038  4782  4782 D BluetoothAdapterService: cleanup()
09-25 20:54:25.039  4782  4782 W BluetoothSdpJni: Cleaning up Bluetooth SDP Interface...
09-25 20:54:25.039  4782  4782 W BluetoothSdpJni: Cleaning up Bluetooth SDP object
09-25 20:54:25.039  4782  4782 D BluetoothAdapterService: cleanup() - Cleaning up adapter native
09-25 20:54:25.040  4782  4880 I bt_stack_manager: event_clean_up_stack is cleaning up the stack
09-25 20:54:25.041  4782  4880 E BluetoothServiceJni: Callback env check fail: env: 0x0, callback: 0xece057e0
09-25 20:54:25.041  4782  4880 E BluetoothServiceJni: Callback: 'callback_thread_event' is not called on the correct thread
09-25 20:54:25.041  4782  4910 W bt_osi_thread: run_thread: thread id 4910, thread name bt_jni_workqueue exited
09-25 20:54:25.042  4782  4880 I bt_core_module: module_clean_up Cleaning up module "stack_config_module"
09-25 20:54:25.042  4782  4880 I bt_core_module: module_clean_up Cleanup of module "stack_config_module" completed
09-25 20:54:25.042  4782  4880 I bt_core_module: module_clean_up Cleaning up module "interop_module"
09-25 20:54:25.042  4782  4880 I bt_core_module: module_clean_up Cleanup of module "interop_module" completed
09-25 20:54:25.042  4782  4880 I bt_core_module: module_clean_up Cleaning up module "btif_config_module"
09-25 20:54:25.068  3182  3380 I APM_AudioPolicyManager: setForceUse() usage 3, config 8, mPhoneState 0
09-25 20:54:25.068  3182  3380 W APM_AudioPolicyManager: setForceUse() usage 3, config 8 is Already setted
09-25 20:54:25.068  3182  3182 I APM_AudioPolicyManager: setForceUse() usage 6, config 0, mPhoneState 0
09-25 20:54:25.068  3182  3182 W APM_AudioPolicyManager: setForceUse() usage 6, config 0 is Already setted
09-25 20:54:25.077  3653  3653 I chatty  : uid=1000 system_server expire 12 lines
09-25 20:54:25.081  3182  3380 I APM_AudioPolicyManager: setForceUse() usage 3, config 8, mPhoneState 0
09-25 20:54:25.081  3182  3380 W APM_AudioPolicyManager: setForceUse() usage 3, config 8 is Already setted
09-25 20:54:25.082  3653  3653 D ConditionProviders.SCP: onSubscribe condition://android/schedule?days=6.7&start=23.30&end=10.0&exitAtAlarm=false
09-25 20:54:25.082  3653  3653 D ConditionProviders.SCP: setRegistered true
09-25 20:54:25.082  3653  3653 D ConditionProviders.SCP: notifyCondition condition://android/schedule?days=6.7&start=23.30&end=10.0&exitAtAlarm=false STATE_FALSE reason=!meetsSchedule
09-25 20:54:25.083  3653  3653 D ConditionProviders.SCP: Scheduling evaluate for Tue Sep 26 10:00:00 GMT+00:00 2017 (1506420000000), in +10h5m34s918ms, now=Mon Sep 25 23:54:25 GMT+00:00 2017 (1506383665082)
09-25 20:54:25.083  3653  3653 D ConditionProviders.SCP: onSubscribe condition://android/schedule?days=1.2.3.4.5&start=22.0&end=7.0&exitAtAlarm=false
09-25 20:54:25.083  3653  3653 D ConditionProviders.SCP: notifyCondition condition://android/schedule?days=6.7&start=23.30&end=10.0&exitAtAlarm=false STATE_FALSE reason=!meetsSchedule
09-25 20:54:25.083  3653  3653 D ConditionProviders.SCP: notifyCondition condition://android/schedule?days=1.2.3.4.5&start=22.0&end=7.0&exitAtAlarm=false STATE_TRUE reason=meetsSchedule
09-25 20:54:25.083  3653  3653 D ConditionProviders.SCP: Scheduling evaluate for Tue Sep 26 07:00:00 GMT+00:00 2017 (1506409200000), in +7h5m34s917ms, now=Mon Sep 25 23:54:25 GMT+00:00 2017 (1506383665083)
09-25 20:54:25.086  3653  3653 I BrokerableCMSystemService: Implementation service connected
09-25 20:54:25.094  4782  4880 I bt_core_module: module_clean_up Cleanup of module "btif_config_module" completed
09-25 20:54:25.094  4782  4880 I bt_core_module: module_clean_up Cleaning up module "bt_utils_module"
09-25 20:54:25.094  4782  4880 I bt_core_module: module_clean_up Cleanup of module "bt_utils_module" completed
09-25 20:54:25.094  4782  4880 I bt_core_module: module_clean_up Cleaning up module "osi_module"
09-25 20:54:25.094  4782  4901 D bt_osi_alarm: callback_dispatch Callback thread exited
09-25 20:54:25.095  4782  4901 W bt_osi_thread: run_thread: thread id 4901, thread name alarm_dispatcher exited
09-25 20:54:25.095  4782  4900 W bt_osi_thread: run_thread: thread id 4900, thread name alarm_default_ca exited
09-25 20:54:25.096  4782  4880 I bt_core_module: module_clean_up Cleanup of module "osi_module" completed
09-25 20:54:25.096  4782  4880 I bt_stack_manager: event_clean_up_stack finished
09-25 20:54:25.098  4782  4782 I BluetoothServiceJni: cleanupNative: return from cleanup
09-25 20:54:25.099  4782  4782 W BluetoothVendorJni: Cleaning up Bluetooth Vendor Interface...
09-25 20:54:25.099  4782  4782 I bt_btif_vendor: cleanup
09-25 20:54:25.099  4782  4782 W BluetoothVendorJni: Cleaning up Bluetooth Vendor callback object
09-25 20:54:25.102  4782  4782 I art     : System.exit called, status: 0
09-25 20:54:25.103  4782  4782 I AndroidRuntime: VM exiting with result code 0, cleanup skipped.
09-25 20:54:25.116  3653  3653 I Telecom : WiredHeadsetManager: ACTION_HEADSET_PLUG event, plugged in: false, : WHC.oADA@AAE
09-25 20:54:25.117  4798  4919 I BinaryDictionaryFileDumper: reinitializeClientRecordInDictionaryContentProvider() : Insert DictionaryInfo : Id = 'main:de' : Locale=de : Version=54
09-25 20:54:25.118  3653  4718 E ActivityThread: Failed to find provider info for com.android.calendar
09-25 20:54:25.119  3653  4718 E ActivityThread: Failed to find provider info for com.android.calendar
09-25 20:54:25.121  3653  3653 I ActivityManager: user 0 is still locked. Cannot load recents
09-25 20:54:25.146  3653  3712 I ActivityManager: Process com.android.bluetooth (pid 4782) has died
09-25 20:54:25.146  3653  3712 D ActivityManager: cleanUpApplicationRecord -- 4782
09-25 20:54:25.186  3653  3653 I Telecom : PhoneAccountRegistrar: SimCallManager queried, returning: null: TSI.gSCM@AAM
09-25 20:54:25.190  3160  3192 I SurfaceFlinger: Boot is finished (61755 ms)
09-25 20:54:25.204  3653  3653 D ZenLog  : config: conditionChanged,ZenModeConfig[user=0,allowCalls=true,allowRepeatCallers=false,allowMessages=false,allowCallsFrom=contacts,allowMessagesFrom=contacts,allowReminders=true,allowEvents=true,allowWhenScreenOff=true,allowWhenScreenOn=true,automaticRules={94fc77d1aa1f415497d88fcf7187c92d=ZenRule[enabled=false,snoozing=false,name=Weekend,zenMode=ZEN_MODE_ALARMS,conditionId=condition://android/schedule?days=6.7&start=23.30&end=10.0&exitAtAlarm=false,condition=Condition[id=condition://android/schedule?days=6.7&start=23.30&end=10.0&exitAtAlarm=false,summary=...,line1=...,line2=...,icon=0,state=STATE_FALSE,flags=2],component=ComponentInfo{android/com.android.server.notification.ScheduleConditionProvider},id=94fc77d1aa1f415497d88fcf7187c92d,creationTime=1506383659925,enabler=null], d61625d8b19f44d59d1148c3b01e1908=ZenRule[enabled=false,snoozing=false,name=Event,zenMode=ZEN_MODE_ALARMS,conditionId=condition://android/event?userId=-10000&calendar=&reply=1,condition=null,component=ComponentInfo{android/com.android.server.notification.EventConditionProvider},id=d61625d8b19f44d59d1148c3b01e1908,creationTime=1506383659925,enabler=null], 3093fc187a2541f4a652eb394c46a123=ZenRule[enabled=false,snoozing=false,name=Weeknight,zenMode=ZEN_MODE_ALARMS,conditionId=condition://android/schedule?days=1.2.3.4.5&start=22.0&end=7.0&exitAtAlarm=false,condition=null,component=ComponentInfo{android/com.android.server.notification.ScheduleConditionProvider},id=3093fc187a2541f4a652eb394c46a123,creationTime=1506383659925,enabler=null]},manualRule=null],Diff[automaticRule[94fc77d1aa1f415497d88fcf7187c92d].condition:null->Condition[id=condition://android/schedule?days=6.7&start=23.30&end=10.0&exitAtAlarm=false,summary=...,line1=...,line2=...,icon=0,state=STATE_FALSE,flags=2]]
09-25 20:54:25.206  3653  3653 D ZenLog  : config: conditionChanged,ZenModeConfig[user=0,allowCalls=true,allowRepeatCallers=false,allowMessages=false,allowCallsFrom=contacts,allowMessagesFrom=contacts,allowReminders=true,allowEvents=true,allowWhenScreenOff=true,allowWhenScreenOn=true,automaticRules={94fc77d1aa1f415497d88fcf7187c92d=ZenRule[enabled=false,snoozing=false,name=Weekend,zenMode=ZEN_MODE_ALARMS,conditionId=condition://android/schedule?days=6.7&start=23.30&end=10.0&exitAtAlarm=false,condition=Condition[id=condition://android/schedule?days=6.7&start=23.30&end=10.0&exitAtAlarm=false,summary=...,line1=...,line2=...,icon=0,state=STATE_FALSE,flags=2],component=ComponentInfo{android/com.android.server.notification.ScheduleConditionProvider},id=94fc77d1aa1f415497d88fcf7187c92d,creationTime=1506383659925,enabler=null], d61625d8b19f44d59d1148c3b01e1908=ZenRule[enabled=false,snoozing=false,name=Event,zenMode=ZEN_MODE_ALARMS,conditionId=condition://android/event?userId=-10000&calendar=&reply=1,condition=null,component=ComponentInfo{android/com.android.server.notification.EventConditionProvider},id=d61625d8b19f44d59d1148c3b01e1908,creationTime=1506383659925,enabler=null], 3093fc187a2541f4a652eb394c46a123=ZenRule[enabled=false,snoozing=false,name=Weeknight,zenMode=ZEN_MODE_ALARMS,conditionId=condition://android/schedule?days=1.2.3.4.5&start=22.0&end=7.0&exitAtAlarm=false,condition=Condition[id=condition://android/schedule?days=1.2.3.4.5&start=22.0&end=7.0&exitAtAlarm=false,summary=...,line1=...,line2=...,icon=0,state=STATE_TRUE,flags=2],component=ComponentInfo{android/com.android.server.notification.ScheduleConditionProvider},id=3093fc187a2541f4a652eb394c46a123,creationTime=1506383659925,enabler=null]},manualRule=null],Diff[automaticRule[3093fc187a2541f4a652eb394c46a123].condition:null->Condition[id=condition://android/schedule?days=1.2.3.4.5&start=22.0&end=7.0&exitAtAlarm=false,summary=...,line1=...,line2=...,icon=0,state=STATE_TRUE,flags=2]]
09-25 20:54:25.207  4807  4807 D mali_winsys: EGLint new_window_surface(egl_winsys_display*, void*, EGLSurface, EGLConfig, egl_winsys_surface**, egl_color_buffer_format*, EGLBoolean) returns 0x3000,  [1440x2960]-format:2
09-25 20:54:25.209  3653  3653 D ZenLog  : config: conditionChanged,ZenModeConfig[user=0,allowCalls=true,allowRepeatCallers=false,allowMessages=false,allowCallsFrom=contacts,allowMessagesFrom=contacts,allowReminders=true,allowEvents=true,allowWhenScreenOff=true,allowWhenScreenOn=true,automaticRules={94fc77d1aa1f415497d88fcf7187c92d=ZenRule[enabled=false,snoozing=false,name=Weekend,zenMode=ZEN_MODE_ALARMS,conditionId=condition://android/schedule?days=6.7&start=23.30&end=10.0&exitAtAlarm=false,condition=Condition[id=condition://android/schedule?days=6.7&start=23.30&end=10.0&exitAtAlarm=false,summary=...,line1=...,line2=...,icon=0,state=STATE_FALSE,flags=2],component=ComponentInfo{android/com.android.server.notification.ScheduleConditionProvider},id=94fc77d1aa1f415497d88fcf7187c92d,creationTime=1506383659925,enabler=null], d61625d8b19f44d59d1148c3b01e1908=ZenRule[enabled=false,snoozing=false,name=Event,zenMode=ZEN_MODE_ALARMS,conditionId=condition://android/event?userId=-10000&calendar=&reply=1,condition=Condition[id=condition://android/event?userId=-10000&calendar=&reply=1,summary=...,line1=...,line2=...,icon=0,state=STATE_FALSE,flags=2],component=ComponentInfo{android/com.android.server.notification.EventConditionProvider},id=d61625d8b19f44d59d1148c3b01e1908,creationTime=1506383659925,enabler=null], 3093fc187a2541f4a652eb394c46a123=ZenRule[enabled=false,snoozing=false,name=Weeknight,zenMode=ZEN_MODE_ALARMS,conditionId=condition://android/schedule?days=1.2.3.4.5&start=22.0&end=7.0&exitAtAlarm=false,condition=Condition[id=condition://android/schedule?days=1.2.3.4.5&start=22.0&end=7.0&exitAtAlarm=false,summary=...,line1=...,line2=...,icon=0,state=STATE_TRUE,flags=2],component=ComponentInfo{android/com.android.server.notification.ScheduleConditionProvider},id=3093fc187a2541f4a652eb394c46a123,creationTime=1506383659925,enabler=null]},manualRule=null],Diff[automaticRule[d61625d8b19f44d59d1148c3b01e1908].condition:null->Condition[id=condition://android/event?userId=-10000&calendar=&reply=1,summary=...,line1=...,line2=...,icon=0,state=STATE_FALSE,flags=2]]
09-25 20:54:25.210  3653  3653 D ZenLog  : set_zen_mode: off,conditionChanged
09-25 20:54:25.211  3653  3653 D ZenLog  : set_zen_mode: off,conditionChanged
09-25 20:54:25.221  4798  4919 I BinaryDictionaryFileDumper: reinitializeClientRecordInDictionaryContentProvider() : Insert DictionaryInfo : Id = 'main:el' : Locale=el : Version=44
09-25 20:54:25.237  3653  3653 D ZenLog  : set_zen_mode: off,conditionChanged
09-25 20:54:25.246  3653  4717 I chatty  : uid=1000(system) notification-sq expire 1 line
09-25 20:54:25.285  4807  4807 D mali_winsys: EGLint new_window_surface(egl_winsys_display*, void*, EGLSurface, EGLConfig, egl_winsys_surface**, egl_color_buffer_format*, EGLBoolean) returns 0x3000,  [2160x2960]-format:2
09-25 20:54:25.326  4798  4919 I BinaryDictionaryFileDumper: reinitializeClientRecordInDictionaryContentProvider() : Insert DictionaryInfo : Id = 'main:en' : Locale=en : Version=54
09-25 20:54:25.401  4798  4919 I BinaryDictionaryFileDumper: reinitializeClientRecordInDictionaryContentProvider() : Insert DictionaryInfo : Id = 'main:es' : Locale=es : Version=54
09-25 20:54:25.474  4798  4919 I BinaryDictionaryFileDumper: reinitializeClientRecordInDictionaryContentProvider() : Insert DictionaryInfo : Id = 'main:fi' : Locale=fi : Version=44
09-25 20:54:25.531  3182  3182 D audio_hw_primary_abox: device-adev_set_parameters: enter with key(A2dpSuspended=false)
09-25 20:54:25.531  3182  3182 D audio_hw_primary_abox: device-adev_set_parameters: exit
09-25 20:54:25.531  3182  3380 I APM_AudioPolicyManager: setForceUse() usage 0, config 0, mPhoneState 0
09-25 20:54:25.532  3182  3380 W APM_AudioPolicyManager: setForceUse() usage 0, config 0 is Already setted
09-25 20:54:25.532  3182  3182 I APM_AudioPolicyManager: setForceUse() usage 2, config 0, mPhoneState 0
09-25 20:54:25.532  3182  3182 W APM_AudioPolicyManager: setForceUse() usage 2, config 0 is Already setted
09-25 20:54:25.561  4798  4919 I BinaryDictionaryFileDumper: reinitializeClientRecordInDictionaryContentProvider() : Insert DictionaryInfo : Id = 'main:fr' : Locale=fr : Version=54
09-25 20:54:25.569  4959  4959 W System.err: 	at android.os.Handler.dispatchMessage(Handler.java:102)
09-25 20:54:25.569  4959  4959 W System.err: 	at android.os.Looper.loop(Looper.java:154)
09-25 20:54:25.569  4959  4959 W System.err: 	at android.app.ActivityThread.main(ActivityThread.java:6186)
09-25 20:54:25.569  4959  4959 W System.err: 	at java.lang.reflect.Method.invoke(Native Method)
09-25 20:54:25.569  4959  4959 W System.err: 	at com.android.internal.os.ZygoteInit$MethodAndArgsCaller.run(ZygoteInit.java:889)
09-25 20:54:25.569  4959  4959 W System.err: 	at com.android.internal.os.ZygoteInit.main(ZygoteInit.java:779)
09-25 20:54:25.569  4959  4959 W System.err: Caused by: java.lang.ClassNotFoundException: Didn't find class "com.qualcomm.qti.internal.telephony.QtiTelephonyComponentFactory" on path: DexPathList[[],nativeLibraryDirectories=[/system/lib64, /vendor/lib64]]
09-25 20:54:25.569  4959  4959 W System.err: 	at dalvik.system.BaseDexClassLoader.findClass(BaseDexClassLoader.java:56)
09-25 20:54:25.569  4959  4959 W System.err: 	at java.lang.ClassLoader.loadClass(ClassLoader.java:380)
09-25 20:54:25.569  4959  4959 W System.err: 	at java.lang.ClassLoader.loadClass(ClassLoader.java:312)
09-25 20:54:25.569  4959  4959 W System.err: 	... 17 more
09-25 20:54:25.624  4807  4807 W KeyguardUpdateMonitor: invalid subId in handleSimStateChange()
09-25 20:54:25.635  3653  3715 I ActivityManager: Start proc 5303:com.android.cellbroadcastreceiver/u0a8 for broadcast com.android.cellbroadcastreceiver/.CellBroadcastReceiver
09-25 20:54:25.643  4919  4919 I ExecutorUtils: type=1400 audit(0.0:177): avc: denied { getattr } for path="/data/user_de/0/com.android.inputmethod.latin/databases/pendingUpdates.com.android.inputmethod.latin-journal" dev="sda24" ino=3121265 scontext=u:r:untrusted_app:s0:c512,c768 tcontext=u:object_r:system_data_file:s0:c512,c768 tclass=file permissive=1
09-25 20:54:25.643  4919  4919 W ExecutorUtils: type=1300 audit(0.0:177): arch=c00000b7 syscall=80 success=yes exit=0 a0=26 a1=7f6c7f28e8 a2=1c a3=0 items=0 ppid=3180 auid=4294967295 uid=10062 gid=10062 euid=10062 suid=10062 fsuid=10062 egid=10062 sgid=10062 fsgid=10062 tty=(none) ses=4294967295 exe="/system/bin/app_process64" subj=u:r:untrusted_app:s0:c512,c768 key=(null)
09-25 20:54:25.643  3085  3085 W auditd  : type=1327 audit(0.0:177): proctitle="com.android.inputmethod.latin"
09-25 20:54:25.643  3085  3085 W auditd  : type=1320 audit(0.0:177): 
09-25 20:54:25.643  4919  4919 I ExecutorUtils: type=1400 audit(0.0:178): avc: denied { lock } for path="/data/user_de/0/com.android.inputmethod.latin/databases/pendingUpdates.com.android.inputmethod.latin" dev="sda24" ino=3121264 scontext=u:r:untrusted_app:s0:c512,c768 tcontext=u:object_r:system_data_file:s0:c512,c768 tclass=file permissive=1
09-25 20:54:25.643  4919  4919 W ExecutorUtils: type=1300 audit(0.0:178): arch=c00000b7 syscall=25 success=yes exit=0 a0=25 a1=6 a2=7f6c7f28f8 a3=10 items=0 ppid=3180 auid=4294967295 uid=10062 gid=10062 euid=10062 suid=10062 fsuid=10062 egid=10062 sgid=10062 fsgid=10062 tty=(none) ses=4294967295 exe="/system/bin/app_process64" subj=u:r:untrusted_app:s0:c512,c768 key=(null)
09-25 20:54:25.643  3085  3085 W auditd  : type=1327 audit(0.0:178): proctitle="com.android.inputmethod.latin"
09-25 20:54:25.643  3085  3085 W auditd  : type=1320 audit(0.0:178): 
09-25 20:54:25.647  4919  4919 I ExecutorUtils: type=1400 audit(0.0:179): avc: denied { read } for name="pendingUpdates.com.android.inputmethod.latin-journal" dev="sda24" ino=3121265 scontext=u:r:untrusted_app:s0:c512,c768 tcontext=u:object_r:system_data_file:s0:c512,c768 tclass=file permissive=1
09-25 20:54:25.647  4919  4919 W ExecutorUtils: type=1300 audit(0.0:179): arch=c00000b7 syscall=56 success=yes exit=39 a0=ffffff9c a1=7f6c503326 a2=a0000 a3=0 items=0 ppid=3180 auid=4294967295 uid=10062 gid=10062 euid=10062 suid=10062 fsuid=10062 egid=10062 sgid=10062 fsgid=10062 tty=(none) ses=4294967295 exe="/system/bin/app_process64" subj=u:r:untrusted_app:s0:c512,c768 key=(null)
09-25 20:54:25.647  3085  3085 W auditd  : type=1327 audit(0.0:179): proctitle="com.android.inputmethod.latin"
09-25 20:54:25.647  3085  3085 W auditd  : type=1320 audit(0.0:179): 
09-25 20:54:25.650  4798  4919 I BinaryDictionaryFileDumper: reinitializeClientRecordInDictionaryContentProvider() : Insert DictionaryInfo : Id = 'main:hr' : Locale=hr : Version=44
09-25 20:54:25.651  4919  4919 I ExecutorUtils: type=1400 audit(0.0:180): avc: denied { write } for name="pendingUpdates.com.android.inputmethod.latin-journal" dev="sda24" ino=3121265 scontext=u:r:untrusted_app:s0:c512,c768 tcontext=u:object_r:system_data_file:s0:c512,c768 tclass=file permissive=1
09-25 20:54:25.651  4919  4919 W ExecutorUtils: type=1300 audit(0.0:180): arch=c00000b7 syscall=56 success=yes exit=38 a0=ffffff9c a1=7f6c503326 a2=a0042 a3=1b0 items=0 ppid=3180 auid=4294967295 uid=10062 gid=10062 euid=10062 suid=10062 fsuid=10062 egid=10062 sgid=10062 fsgid=10062 tty=(none) ses=4294967295 exe="/system/bin/app_process64" subj=u:r:untrusted_app:s0:c512,c768 key=(null)
09-25 20:54:25.651  3085  3085 W auditd  : type=1327 audit(0.0:180): proctitle="com.android.inputmethod.latin"
09-25 20:54:25.651  3085  3085 W auditd  : type=1320 audit(0.0:180): 
09-25 20:54:25.681  5303  5303 W System  : ClassLoader referenced unknown path: /system/priv-app/CellBroadcastReceiver/lib/arm64
09-25 20:54:25.691  5303  5303 I oadcastreceiver: type=1400 audit(0.0:181): avc: denied { create } for name="cache" scontext=u:r:platform_app:s0:c512,c768 tcontext=u:object_r:system_data_file:s0:c512,c768 tclass=dir permissive=1
09-25 20:54:25.691  5303  5303 W oadcastreceiver: type=1300 audit(0.0:181): arch=c00000b7 syscall=34 success=yes exit=0 a0=ffffff9c a1=7f7cdfd7c0 a2=1f9 a3=37 items=0 ppid=3180 auid=4294967295 uid=10008 gid=10008 euid=10008 suid=10008 fsuid=10008 egid=10008 sgid=10008 fsgid=10008 tty=(none) ses=4294967295 exe="/system/bin/app_process64" subj=u:r:platform_app:s0:c512,c768 key=(null)
09-25 20:54:25.691  3085  3085 W auditd  : type=1327 audit(0.0:181): proctitle="com.android.cellbroadcastreceiver"
09-25 20:54:25.691  3085  3085 W auditd  : type=1320 audit(0.0:181): 
09-25 20:54:25.712  4798  4919 I BinaryDictionaryFileDumper: reinitializeClientRecordInDictionaryContentProvider() : Insert DictionaryInfo : Id = 'main:hu' : Locale=hu : Version=1
09-25 20:54:25.744  4807  4807 W KeyguardUpdateMonitor: invalid subId in handleSimStateChange()
09-25 20:54:25.756  5303  5303 D CellBroadcastReceiver: onReceive Intent { act=android.intent.action.SIM_STATE_CHANGED flg=0x4000010 cmp=com.android.cellbroadcastreceiver/.CellBroadcastReceiver (has extras) }
09-25 20:54:25.792  4798  4919 I BinaryDictionaryFileDumper: reinitializeClientRecordInDictionaryContentProvider() : Insert DictionaryInfo : Id = 'main:it' : Locale=it : Version=54
09-25 20:54:25.821  4959  4959 D PhoneSwitcherNetworkRequstListener: Registering NetworkFactory
09-25 20:54:25.821  3653  4712 D ConnectivityService: Got NetworkFactory Messenger for PhoneSwitcherNetworkRequstListener
09-25 20:54:25.824  3653  4712 D ConnectivityService: Got NetworkFactory Messenger for TelephonyNetworkFactory[0]
09-25 20:54:25.824  3653  4712 D ConnectivityService: Got NetworkFactory Messenger for TelephonyNetworkFactory[1]
09-25 20:54:25.834  4959  5332 E ActivityThread: Failed to find provider info for com.android.contacts
09-25 20:54:25.834  4959  5332 W CallerInfoCache: cursor is null
09-25 20:54:25.835  4959  4959 D CarrierConfigLoader: CarrierConfigLoader has started
09-25 20:54:25.836  3653  4835 D BluetoothManagerService: Trying to bind to profile: 1, while Bluetooth was disabled
09-25 20:54:25.851  4959  4959 I Telephony: TtyManager: updateUiTtyMode -1 -> 0
09-25 20:54:25.861  4959  4959 I Telephony: TtyManager: updateUiTtyMode -1 -> 0
09-25 20:54:25.908  4798  4919 I BinaryDictionaryFileDumper: reinitializeClientRecordInDictionaryContentProvider() : Insert DictionaryInfo : Id = 'main:iw' : Locale=iw : Version=44
09-25 20:54:25.928  4807  4807 W KeyguardUpdateMonitor: invalid subId in handleServiceStateChange()
09-25 20:54:25.979  4798  4919 I BinaryDictionaryFileDumper: reinitializeClientRecordInDictionaryContentProvider() : Insert DictionaryInfo : Id = 'main:lb' : Locale=lb : Version=1
09-25 20:54:26.067  4798  4919 I BinaryDictionaryFileDumper: reinitializeClientRecordInDictionaryContentProvider() : Insert DictionaryInfo : Id = 'main:nb' : Locale=nb : Version=44
09-25 20:54:26.133  4807  4807 W KeyguardUpdateMonitor: invalid subId in handleServiceStateChange()
09-25 20:54:26.184  4798  4919 I BinaryDictionaryFileDumper: reinitializeClientRecordInDictionaryContentProvider() : Insert DictionaryInfo : Id = 'main:nl' : Locale=nl : Version=44
09-25 20:54:26.213  3653  5341 I chatty  : uid=1000(system) IPC Thread expire 7 lines
09-25 20:54:26.243  4798  4919 I BinaryDictionaryFileDumper: reinitializeClientRecordInDictionaryContentProvider() : Insert DictionaryInfo : Id = 'main:ru' : Locale=ru : Version=54
09-25 20:54:26.264  3179  3179 D gpsd    : WakeLock(Acquire,GPSD)
09-25 20:54:26.264  3179  3179 D gpsd    : WakeLock(Release,GPSD)
09-25 20:54:26.268  3179  3179 D gpsd    : WakeLock(Acquire,GPSD)
09-25 20:54:26.271  3179  3179 D gpsd    : WakeLock(Release,GPSD)
09-25 20:54:26.272  3179  3179 D gpsd    : WakeLock(Acquire,GPSD)
09-25 20:54:26.272  3179  3179 D gpsd    : WakeLock(Release,GPSD)
09-25 20:54:26.272  3179  3179 D gpsd    : WakeLock(Acquire,GPSD)
09-25 20:54:26.272  3179  3179 D gpsd    : WakeLock(Release,GPSD)
09-25 20:54:26.273  3179  3179 D gpsd    : WakeLock(Acquire,GPSD)
09-25 20:54:26.273  3179  3179 D gpsd    : WakeLock(Release,GPSD)
09-25 20:54:26.273  3179  3179 D gpsd    : WakeLock(Acquire,GPSD)
09-25 20:54:26.273  3179  3179 D gpsd    : WakeLock(Release,GPSD)
09-25 20:54:26.273  3179  3179 D gpsd    : WakeLock(Acquire,GPSD)
09-25 20:54:26.273  3179  3179 D gpsd    : WakeLock(Release,GPSD)
09-25 20:54:26.312  4959  4959 D PhoneSwitcherNetworkRequstListener: got request NetworkRequest [ REQUEST id=1, [ Capabilities: INTERNET&NOT_RESTRICTED&TRUSTED&NOT_VPN] ] with score 0
09-25 20:54:26.314  3179  3179 D gpsd    : WakeLock(Acquire,GPSD)
09-25 20:54:26.314  3179  3179 D gpsd    : WakeLock(Release,GPSD)
09-25 20:54:26.315  4959  4959 D TelephonyDebugService: TelephonyDebugService()
09-25 20:54:26.316  5010  5010 D SimSelectNotification:  no of slots 2 provision = false
09-25 20:54:26.318  4959  4959 D CarrierConfigLoader: mHandler: 12 phoneId: 0
09-25 20:54:26.318  4959  4959 D CarrierConfigLoader: Build fingerprint changed. old: null new: lineage_dream2lte-userdebug 7.1.2 NJH47F d25d17405a test-keys
09-25 20:54:26.321  3179  3179 D gpsd    : WakeLock(Acquire,GPSD)
09-25 20:54:26.321  3179  3179 D gpsd    : WakeLock(Release,GPSD)
09-25 20:54:26.321  3179  3179 D gpsd    : WakeLock(Acquire,GPSD)
09-25 20:54:26.321  3179  3179 D gpsd    : WakeLock(Release,GPSD)
09-25 20:54:26.324  5303  5303 D CellBroadcastReceiver: onReceive Intent { act=android.intent.action.SIM_STATE_CHANGED flg=0x4000010 cmp=com.android.cellbroadcastreceiver/.CellBroadcastReceiver (has extras) }
09-25 20:54:26.329  4798  4919 I BinaryDictionaryFileDumper: reinitializeClientRecordInDictionaryContentProvider() : Insert DictionaryInfo : Id = 'main:sv' : Locale=sv : Version=44
09-25 20:54:26.357  3653  3714 I SyncManager: Got SyncJobService instance.
09-25 20:54:26.370  4959  4959 W Telephony: TelecomAccountRegistry: Failed to get status , slotId: 0 Exception: java.lang.NullPointerException: Attempt to invoke interface method 'int org.codeaurora.internal.IExtTelephony.getCurrentUiccCardProvisioningStatus(int)' on a null object reference
09-25 20:54:26.371  4959  4959 W Telephony: TelecomAccountRegistry: Failed to get status , slotId: 1 Exception: java.lang.NullPointerException: Attempt to invoke interface method 'int org.codeaurora.internal.IExtTelephony.getCurrentUiccCardProvisioningStatus(int)' on a null object reference
09-25 20:54:26.373  4959  4959 E PhoneInterfaceManager: [PhoneIntfMgr] getIccId: No UICC
09-25 20:54:26.382  3653  4832 I Telecom : PhoneAccountRegistrar: New phone account registered: [[ ] PhoneAccount: ComponentInfo{com.android.phone/com.android.services.telephony.TelephonyConnectionService}, [e0184adedf913b076626646d3f52c3b49c39ad6d], UserHandle{0} Capabilities: CallProvider MultiUser PlaceEmerg SimSub  Audio Routes: BESW Schemes: tel voicemail  Extras: null GroupId: [da39a3ee5e6b4b0d3255bfef95601890afd80709]]: TSI.rPA@AAY
09-25 20:54:26.388  3653  4832 I Telecom : : Sending phone-account registered intent as user: TSI.rPA@AAY
09-25 20:54:26.389  4959  4959 I Telephony: AccountEntry: Registered phoneAccount: [[ ] PhoneAccount: ComponentInfo{com.android.phone/com.android.services.telephony.TelephonyConnectionService}, [e0184adedf913b076626646d3f52c3b49c39ad6d], UserHandle{0} Capabilities: CallProvider MultiUser PlaceEmerg SimSub  Audio Routes: BESW Schemes: tel voicemail  Extras: null GroupId: [da39a3ee5e6b4b0d3255bfef95601890afd80709]] with handle: ComponentInfo{com.android.phone/com.android.services.telephony.TelephonyConnectionService}, [e0184adedf913b076626646d3f52c3b49c39ad6d], UserHandle{0}
09-25 20:54:26.390  4959  4959 I Telephony: PstnIncomingCallNotifier: Registering: Handler (com.android.internal.telephony.GsmCdmaPhone) {1cd4453}
09-25 20:54:26.397  3653  4820 I Telecom : PhoneAccountRegistrar: getUserSelVoicePhoneAccount, voice subId = -1: TSI.gUSOPA@AAg
09-25 20:54:26.398  3653  4820 I Telecom : PhoneAccountRegistrar: getUserSelVoicePhoneAccount, emergency account : TSI.gUSOPA@AAg
09-25 20:54:26.421  4798  4919 I BinaryDictionaryFileDumper: reinitializeClientRecordInDictionaryContentProvider() : Insert DictionaryInfo : Id = 'main:uk' : Locale=uk : Version=1
09-25 20:54:26.433  4959  4959 I Telephony: PstnIncomingCallNotifier: Unregistering: Handler (com.android.internal.telephony.GsmCdmaPhone) {1cd4453}
09-25 20:54:26.434  4959  4959 W Telephony: TelecomAccountRegistry: Failed to get status , slotId: 0 Exception: java.lang.NullPointerException: Attempt to invoke interface method 'int org.codeaurora.internal.IExtTelephony.getCurrentUiccCardProvisioningStatus(int)' on a null object reference
09-25 20:54:26.435  4959  4959 W Telephony: TelecomAccountRegistry: Failed to get status , slotId: 1 Exception: java.lang.NullPointerException: Attempt to invoke interface method 'int org.codeaurora.internal.IExtTelephony.getCurrentUiccCardProvisioningStatus(int)' on a null object reference
09-25 20:54:26.437  4959  4959 E PhoneInterfaceManager: [PhoneIntfMgr] getIccId: No UICC
09-25 20:54:26.444  3653  3712 I Telecom : PhoneAccountRegistrar: [ComponentInfo{com.android.phone/com.android.services.telephony.TelephonyConnectionService}, [e0184adedf913b076626646d3f52c3b49c39ad6d], UserHandle{0}(icon: Icon(typ=BITMAP size=67x84) -> Icon(typ=BITMAP size=67x84))]: TSI.rPA@AAk
09-25 20:54:26.448  3653  3712 I Telecom : : Sending phone-account registered intent as user: TSI.rPA@AAk
09-25 20:54:26.451  4959  4959 I Telephony: AccountEntry: Registered phoneAccount: [[ ] PhoneAccount: ComponentInfo{com.android.phone/com.android.services.telephony.TelephonyConnectionService}, [e0184adedf913b076626646d3f52c3b49c39ad6d], UserHandle{0} Capabilities: CallProvider MultiUser PlaceEmerg SimSub  Audio Routes: BESW Schemes: tel voicemail  Extras: null GroupId: [da39a3ee5e6b4b0d3255bfef95601890afd80709]] with handle: ComponentInfo{com.android.phone/com.android.services.telephony.TelephonyConnectionService}, [e0184adedf913b076626646d3f52c3b49c39ad6d], UserHandle{0}
09-25 20:54:26.451  4959  4959 I Telephony: PstnIncomingCallNotifier: Registering: Handler (com.android.internal.telephony.GsmCdmaPhone) {1cd4453}
09-25 20:54:26.457  3653  4832 I Telecom : PhoneAccountRegistrar: getUserSelVoicePhoneAccount, voice subId = -1: TSI.gUSOPA@AAs
09-25 20:54:26.458  3653  4832 I Telecom : PhoneAccountRegistrar: getUserSelVoicePhoneAccount, emergency account : TSI.gUSOPA@AAs
09-25 20:54:26.505  4798  4919 I BinaryDictionaryFileDumper: reinitializeClientRecordInDictionaryContentProvider() : Insert DictionaryInfo : Id = 'main:en_us' : Locale=en_US : Version=-1
09-25 20:54:26.514  5010  5010 D SimSelectNotification:  no of slots 2 provision = false
09-25 20:54:26.519  5303  5303 D CellBroadcastReceiver: onReceive Intent { act=android.intent.action.SERVICE_STATE flg=0x10 cmp=com.android.cellbroadcastreceiver/.CellBroadcastReceiver (has extras) }
09-25 20:54:26.519  5303  5303 D CellBroadcastReceiver: Intent: android.intent.action.SERVICE_STATE
09-25 20:54:26.520  4807  4807 W KeyguardUpdateMonitor: invalid subId in handleSimStateChange()
09-25 20:54:26.521  5303  5303 D CellBroadcastReceiver: Service state changed! 3 Full: 3 3 voice home data home null null null null null null  Unknown Unknown CSS not supported -1 -1 RoamInd=-1 DefRoamInd=-1 EmergOnly=false IsDataRoamingFromRegistration=false IsUsingCarrierAggregation=false Current state=-1
09-25 20:54:26.526  5303  5303 D CellBroadcastReceiver: onReceive Intent { act=android.intent.action.SERVICE_STATE flg=0x10 cmp=com.android.cellbroadcastreceiver/.CellBroadcastReceiver (has extras) }
09-25 20:54:26.526  5303  5303 D CellBroadcastReceiver: Intent: android.intent.action.SERVICE_STATE
09-25 20:54:26.526  4807  4807 W KeyguardUpdateMonitor: invalid subId in handleSimStateChange()
09-25 20:54:26.530  5303  5303 D CellBroadcastReceiver: onReceive Intent { act=android.intent.action.SIM_STATE_CHANGED flg=0x4000010 cmp=com.android.cellbroadcastreceiver/.CellBroadcastReceiver (has extras) }
09-25 20:54:26.554  4959  4959 E PhoneInterfaceManager: [PhoneIntfMgr] getIccId: No UICC
09-25 20:54:26.561  3653  3712 I Telecom : PhoneAccountRegistrar: [ComponentInfo{com.android.phone/com.android.services.telephony.TelephonyConnectionService}, [e0184adedf913b076626646d3f52c3b49c39ad6d], UserHandle{0}(icon: Icon(typ=BITMAP size=67x84) -> Icon(typ=BITMAP size=67x84))]: TSI.rPA@AAw
09-25 20:54:26.565  3653  3712 I Telecom : : Sending phone-account registered intent as user: TSI.rPA@AAw
09-25 20:54:26.570  4798  4919 W BinaryDictionaryFileDumper: Missing metadata.json resource
09-25 20:54:26.593  4798  4919 I LatinIME:LogUtils: Dictionary info: dictionary = main:en ; version = 54 ; date = 1414726273
09-25 20:54:26.602  4807  4807 W KeyguardUpdateMonitor: invalid subId in handleServiceStateChange()
09-25 20:54:26.618  4798  4919 I LatinIME:LogUtils: Dictionary info: dictionary = main:en ; version = 54 ; date = 1414726273
09-25 20:54:26.635  4807  4807 W KeyguardUpdateMonitor: invalid subId in handleServiceStateChange()
09-25 20:54:26.637  4798  4919 I LatinIME:LogUtils: Dictionary info: dictionary = main:en ; version = 54 ; date = 1414726273
09-25 20:54:26.640  5010  5010 D SimSelectNotification:  no of slots 2 provision = false
09-25 20:54:26.644  5303  5303 D CellBroadcastReceiver: onReceive Intent { act=android.intent.action.SIM_STATE_CHANGED flg=0x4000010 cmp=com.android.cellbroadcastreceiver/.CellBroadcastReceiver (has extras) }
09-25 20:54:26.653  4959  4959 I Telephony: PstnIncomingCallNotifier: Unregistering: Handler (com.android.internal.telephony.GsmCdmaPhone) {1cd4453}
09-25 20:54:26.654  4959  4959 W Telephony: TelecomAccountRegistry: Failed to get status , slotId: 0 Exception: java.lang.NullPointerException: Attempt to invoke interface method 'int org.codeaurora.internal.IExtTelephony.getCurrentUiccCardProvisioningStatus(int)' on a null object reference
09-25 20:54:26.655  4959  4959 W Telephony: TelecomAccountRegistry: Failed to get status , slotId: 1 Exception: java.lang.NullPointerException: Attempt to invoke interface method 'int org.codeaurora.internal.IExtTelephony.getCurrentUiccCardProvisioningStatus(int)' on a null object reference
09-25 20:54:26.655  4798  4919 I LatinIME:LogUtils: Dictionary info: dictionary = main:en ; version = 54 ; date = 1414726273
09-25 20:54:26.656  4959  4959 E PhoneInterfaceManager: [PhoneIntfMgr] getIccId: No UICC
09-25 20:54:26.664  3653  3712 I Telecom : PhoneAccountRegistrar: [ComponentInfo{com.android.phone/com.android.services.telephony.TelephonyConnectionService}, [e0184adedf913b076626646d3f52c3b49c39ad6d], UserHandle{0}(icon: Icon(typ=BITMAP size=67x84) -> Icon(typ=BITMAP size=67x84))]: TSI.rPA@AA0
09-25 20:54:26.668  3653  3712 I Telecom : : Sending phone-account registered intent as user: TSI.rPA@AA0
09-25 20:54:26.669  4959  4959 I Telephony: AccountEntry: Registered phoneAccount: [[ ] PhoneAccount: ComponentInfo{com.android.phone/com.android.services.telephony.TelephonyConnectionService}, [e0184adedf913b076626646d3f52c3b49c39ad6d], UserHandle{0} Capabilities: CallProvider MultiUser PlaceEmerg SimSub  Audio Routes: BESW Schemes: tel voicemail  Extras: null GroupId: [da39a3ee5e6b4b0d3255bfef95601890afd80709]] with handle: ComponentInfo{com.android.phone/com.android.services.telephony.TelephonyConnectionService}, [e0184adedf913b076626646d3f52c3b49c39ad6d], UserHandle{0}
09-25 20:54:26.669  4959  4959 I Telephony: PstnIncomingCallNotifier: Registering: Handler (com.android.internal.telephony.GsmCdmaPhone) {1cd4453}
09-25 20:54:26.672  4798  4919 I LatinIME:LogUtils: Dictionary info: dictionary = main:en ; version = 54 ; date = 1414726273
09-25 20:54:26.677  3653  4820 I Telecom : PhoneAccountRegistrar: getUserSelVoicePhoneAccount, voice subId = -1: TSI.gUSOPA@AA8
09-25 20:54:26.678  3653  4820 I Telecom : PhoneAccountRegistrar: getUserSelVoicePhoneAccount, emergency account : TSI.gUSOPA@AA8
09-25 20:54:26.682  4959  4959 I Telephony: PstnIncomingCallNotifier: Unregistering: Handler (com.android.internal.telephony.GsmCdmaPhone) {1cd4453}
09-25 20:54:26.683  4959  4959 W Telephony: TelecomAccountRegistry: Failed to get status , slotId: 0 Exception: java.lang.NullPointerException: Attempt to invoke interface method 'int org.codeaurora.internal.IExtTelephony.getCurrentUiccCardProvisioningStatus(int)' on a null object reference
09-25 20:54:26.683  4959  4959 W Telephony: TelecomAccountRegistry: Failed to get status , slotId: 1 Exception: java.lang.NullPointerException: Attempt to invoke interface method 'int org.codeaurora.internal.IExtTelephony.getCurrentUiccCardProvisioningStatus(int)' on a null object reference
