09-07 08:37:43.985  3577  3577 I SystemServiceManager: Starting com.android.server.fingerprint.FingerprintService
09-07 08:37:44.011  3577  3577 V FingerprintService: Fingerprint HAL id: 547719774720
09-07 08:37:44.011  3577  3577 I SystemServer: StartBackgroundDexOptService
09-07 08:37:44.012  3577  3577 I SystemServiceManager: Starting com.android.server.pm.ShortcutService$Lifecycle
09-07 08:37:44.015  3577  3577 I SystemServiceManager: Starting com.android.server.pm.LauncherAppsService
09-07 08:37:44.016  3577  3577 I SystemServiceManager: Starting com.android.server.media.projection.MediaProjectionManagerService
09-07 08:37:44.056  3577  3577 I SyncManager: No initial accounts
09-07 08:37:44.056  3577  3577 I SyncManager: No initial status
09-07 08:37:44.056  3577  3577 I SyncManager: No initial statistics
09-07 08:37:44.133  3577  3577 I SystemServiceManager: Starting com.android.server.MmsServiceBroker
09-07 08:37:44.137  3577  3577 I CMSystemServer: Attempting to start service org.cyanogenmod.platform.internal.CMStatusBarManagerService
09-07 08:37:44.139  3577  3577 I CMSystemServer: Starting service org.cyanogenmod.platform.internal.CMStatusBarManagerService
09-07 08:37:44.139  3577  3577 I SystemServiceManager: Starting org.cyanogenmod.platform.internal.CMStatusBarManagerService
09-07 08:37:44.140  3577  3577 I CMSystemServer: Attempting to start service org.cyanogenmod.platform.internal.ProfileManagerService
09-07 08:37:44.144  3577  3577 I CMSystemServer: Starting service org.cyanogenmod.platform.internal.ProfileManagerService
09-07 08:37:44.144  3577  3577 I SystemServiceManager: Starting org.cyanogenmod.platform.internal.ProfileManagerService
09-07 08:37:44.157  3577  3577 I CMSystemServer: Attempting to start service org.cyanogenmod.platform.internal.CMTelephonyManagerService
09-07 08:37:44.158  3577  3577 I CMSystemServer: Starting service org.cyanogenmod.platform.internal.CMTelephonyManagerService
09-07 08:37:44.158  3577  3577 I SystemServiceManager: Starting org.cyanogenmod.platform.internal.CMTelephonyManagerService
09-07 08:37:44.160  3577  3577 I CMSystemServer: Attempting to start service org.cyanogenmod.platform.internal.CMHardwareService
09-07 08:37:44.173  3577  3577 I CMSystemServer: Starting service org.cyanogenmod.platform.internal.CMHardwareService
09-07 08:37:44.173  3577  3577 I SystemServiceManager: Starting org.cyanogenmod.platform.internal.CMHardwareService
09-07 08:37:44.181  3577  3577 I CMSystemServer: Attempting to start service org.cyanogenmod.platform.internal.PerformanceManagerService
09-07 08:37:44.187  3577  4697 I ServiceThread: Enabled StrictMode logging for PerformanceManager looper.
09-07 08:37:44.188  3577  3577 I CMSystemServer: Starting service org.cyanogenmod.platform.internal.PerformanceManagerService
09-07 08:37:44.188  3577  3577 I SystemServiceManager: Starting org.cyanogenmod.platform.internal.PerformanceManagerService
09-07 08:37:44.191  3577  4698 I ServiceThread: Enabled StrictMode logging for PerformanceManager looper.
09-07 08:37:44.192  3577  3577 I CMSystemServer: Attempting to start service org.cyanogenmod.platform.internal.WeatherManagerServiceBroker
09-07 08:37:44.193  3577  3577 I CMSystemServer: Starting service org.cyanogenmod.platform.internal.WeatherManagerServiceBroker
09-07 08:37:44.193  3577  3577 I SystemServiceManager: Starting org.cyanogenmod.platform.internal.WeatherManagerServiceBroker
09-07 08:37:44.194  3577  3577 I CMSystemServer: Attempting to start service org.cyanogenmod.platform.internal.display.LiveDisplayService
09-07 08:37:44.196  3577  4699 I ServiceThread: Enabled StrictMode logging for LiveDisplay looper.
09-07 08:37:44.199  3577  3577 I CMSystemServer: Starting service org.cyanogenmod.platform.internal.display.LiveDisplayService
09-07 08:37:44.199  3577  3577 I SystemServiceManager: Starting org.cyanogenmod.platform.internal.display.LiveDisplayService
09-07 08:37:44.199  3577  4700 I ServiceThread: Enabled StrictMode logging for LiveDisplay looper.
09-07 08:37:44.201  3577  3577 I CMSystemServer: Attempting to start service org.cyanogenmod.platform.internal.CMAudioServiceBroker
09-07 08:37:44.201  3577  3577 I CMSystemServer: Starting service org.cyanogenmod.platform.internal.CMAudioServiceBroker
09-07 08:37:44.201  3577  3577 I SystemServiceManager: Starting org.cyanogenmod.platform.internal.CMAudioServiceBroker
09-07 08:37:44.202  3577  3577 I SystemServiceManager: Starting com.android.server.retaildemo.RetailDemoModeService
09-07 08:37:44.203  3577  4701 I ServiceThread: Enabled StrictMode logging for RetailDemoModeService looper.
09-07 08:37:44.382  3577  3577 I LockSettingsService: Migrated lock settings to new location
09-07 08:37:44.403  3577  3577 I LockSettingsService: Migrated per-user lock settings to new location
09-07 08:37:44.446  3577  3577 I LockSettingsService: Migrated biometric weak to use the fallback instead
09-07 08:37:44.467  3577  3577 I LockSettingsService: Migrated lockscreen disabled flag
09-07 08:37:44.475  3577  3577 E LockSettingsStorage: Cannot read file java.io.FileNotFoundException: /data/system/gatekeeper.password.key: open failed: ENOENT (No such file or directory)
09-07 08:37:44.475  3577  3577 E LockSettingsStorage: Cannot read file java.io.FileNotFoundException: /data/system/password.key: open failed: ENOENT (No such file or directory)
09-07 08:37:44.476  3577  3577 E LockSettingsStorage: Cannot read file java.io.FileNotFoundException: /data/system/gatekeeper.pattern.key: open failed: ENOENT (No such file or directory)
09-07 08:37:44.476  3577  3577 E LockSettingsStorage: Cannot read file java.io.FileNotFoundException: /data/system/gatekeeper.gesture.key: open failed: ENOENT (No such file or directory)
09-07 08:37:44.476  3577  3577 E LockSettingsStorage: Cannot read file java.io.FileNotFoundException: /data/system/gesture.key: open failed: ENOENT (No such file or directory)
09-07 08:37:44.476  3577  3577 I SystemServiceManager: Starting phase 480
09-07 08:37:44.480  3577  3577 I SystemServiceManager: Starting phase 500
09-07 08:37:44.490  3577  3577 I WifiService: WifiService starting up with Wi-Fi enabled
09-07 08:37:44.493  3577  3577 D WifiService: setWifiEnabled: true pid=3577, uid=1000
09-07 08:37:44.503  3577  4665 D ConnectivityService: Got NetworkFactory Messenger for Ethernet
09-07 08:37:44.524  3577  3577 D ZenLog  : config: cleanUpZenRules,ZenModeConfig[user=0,allowCalls=true,allowRepeatCallers=false,allowMessages=false,allowCallsFrom=contacts,allowMessagesFrom=contacts,allowReminders=true,allowEvents=true,allowWhenScreenOff=true,allowWhenScreenOn=true,automaticRules={54178609b0d14c45ba3eb35e41e70749=ZenRule[enabled=false,snoozing=false,name=Weekend,zenMode=ZEN_MODE_ALARMS,conditionId=condition://android/schedule?days=6.7&start=23.30&end=10.0&exitAtAlarm=false,condition=null,component=ComponentInfo{android/com.android.server.notification.ScheduleConditionProvider},id=54178609b0d14c45ba3eb35e41e70749,creationTime=1504813062658,enabler=null], 3e7edd78809e4c30987e2b8fab8df979=ZenRule[enabled=false,snoozing=false,name=Weeknight,zenMode=ZEN_MODE_ALARMS,conditionId=condition://android/schedule?days=1.2.3.4.5&start=22.0&end=7.0&exitAtAlarm=false,condition=null,component=ComponentInfo{android/com.android.server.notification.ScheduleConditionProvider},id=3e7edd78809e4c30987e2b8fab8df979,creationTime=1504813062658,enabler=null], 392549271c8a44b2a8fb9ace5e686003=ZenRule[enabled=false,snoozing=false,name=Event,zenMode=ZEN_MODE_ALARMS,conditionId=condition://android/event?userId=-10000&calendar=&reply=1,condition=null,component=ComponentInfo{android/com.android.server.notification.EventConditionProvider},id=392549271c8a44b2a8fb9ace5e686003,creationTime=1504813062659,enabler=null]},manualRule=null],Diff[]
09-07 08:37:44.524  3577  3577 D ZenLog  : set_zen_mode: off,onSystemReady
09-07 08:37:44.528  3577  3577 W SoundTriggerHelper: listModules status=0, # of modules=0
09-07 08:37:44.533  3577  3577 E PerformanceManager: System is not ready, dropping profile request
09-07 08:37:44.600  3577  3672 W LocalDisplayAdapter: Unable to find color mode 0, ignoring request.
09-07 08:37:44.602  3577  3577 D VoldConnector: SND -> {4 volume remount_uid 1001 none}
09-07 08:37:44.604  3065  3134 D vold    : Remounting 1001 as mode none
09-07 08:37:44.607  3065  3134 D vold    : Found matching PID 3166
09-07 08:37:44.607  3065  3134 W vold    : Skipping due to root namespace
09-07 08:37:44.607  3065  3134 D vold    : Found matching PID 3219
09-07 08:37:44.607  3065  3134 W vold    : Skipping due to root namespace
09-07 08:37:44.608  3577  4018 D VoldConnector: RCV <- {200 4 Command succeeded}
09-07 08:37:44.610  3577  3577 D VoldConnector: SND -> {5 volume remount_uid 1001 none}
09-07 08:37:44.611  3065  3134 D vold    : Remounting 1001 as mode none
09-07 08:37:44.613  3065  3134 D vold    : Found matching PID 3166
09-07 08:37:44.613  3065  3134 W vold    : Skipping due to root namespace
09-07 08:37:44.613  3065  3134 D vold    : Found matching PID 3219
09-07 08:37:44.614  3065  3134 W vold    : Skipping due to root namespace
09-07 08:37:44.614  3577  4018 D VoldConnector: RCV <- {200 5 Command succeeded}
09-07 08:37:44.617  3577  3577 D VoldConnector: SND -> {6 volume remount_uid 1027 none}
09-07 08:37:44.617  3065  3134 D vold    : Remounting 1027 as mode none
09-07 08:37:44.620  3577  4018 D VoldConnector: RCV <- {200 6 Command succeeded}
09-07 08:37:44.622  3577  3577 D VoldConnector: SND -> {7 volume remount_uid 1027 none}
09-07 08:37:44.623  3065  3134 D vold    : Remounting 1027 as mode none
09-07 08:37:44.626  3577  4018 D VoldConnector: RCV <- {200 7 Command succeeded}
09-07 08:37:44.628  3577  3577 D VoldConnector: SND -> {8 volume remount_uid 1000 none}
09-07 08:37:44.629  3065  3134 D vold    : Remounting 1000 as mode none
09-07 08:37:44.631  3065  3134 D vold    : Found matching PID 3138
09-07 08:37:44.631  3065  3134 W vold    : Skipping due to root namespace
09-07 08:37:44.631  3065  3134 D vold    : Found matching PID 3144
09-07 08:37:44.631  3065  3134 W vold    : Skipping due to root namespace
09-07 08:37:44.631  3065  3134 D vold    : Found matching PID 3146
09-07 08:37:44.631  3065  3134 W vold    : Skipping due to root namespace
09-07 08:37:44.631  3065  3134 D vold    : Found matching PID 3182
09-07 08:37:44.631  3065  3134 W vold    : Skipping due to root namespace
09-07 08:37:44.631  3065  3134 D vold    : Found matching PID 3183
09-07 08:37:44.632  3065  3134 W vold    : Skipping due to root namespace
09-07 08:37:44.632  3065  3134 D vold    : Found matching PID 3577
09-07 08:37:44.666  3577  4018 D VoldConnector: RCV <- {200 8 Command succeeded}
09-07 08:37:44.667  3577  3577 D VoldConnector: SND -> {9 volume remount_uid 1000 none}
09-07 08:37:44.668  3065  3134 D vold    : Remounting 1000 as mode none
09-07 08:37:44.671  3065  3134 D vold    : Found matching PID 3138
09-07 08:37:44.671  3065  3134 W vold    : Skipping due to root namespace
09-07 08:37:44.671  3065  3134 D vold    : Found matching PID 3144
09-07 08:37:44.671  3065  3134 W vold    : Skipping due to root namespace
09-07 08:37:44.671  3065  3134 D vold    : Found matching PID 3146
09-07 08:37:44.671  3065  3134 W vold    : Skipping due to root namespace
09-07 08:37:44.671  3065  3134 D vold    : Found matching PID 3182
09-07 08:37:44.671  3065  3134 W vold    : Skipping due to root namespace
09-07 08:37:44.671  3065  3134 D vold    : Found matching PID 3183
09-07 08:37:44.671  3065  3134 W vold    : Skipping due to root namespace
09-07 08:37:44.671  3065  3134 D vold    : Found matching PID 3577
09-07 08:37:44.672  3577  4018 D VoldConnector: RCV <- {200 9 Command succeeded}
09-07 08:37:44.681  3577  3577 D VoldConnector: SND -> {10 volume remount_uid 2000 none}
09-07 08:37:44.682  3065  3134 D vold    : Remounting 2000 as mode none
09-07 08:37:44.685  3577  4018 D VoldConnector: RCV <- {200 10 Command succeeded}
09-07 08:37:44.687  3577  3577 D VoldConnector: SND -> {11 volume remount_uid 2000 none}
09-07 08:37:44.688  3065  3134 D vold    : Remounting 2000 as mode none
09-07 08:37:44.691  3577  4018 D VoldConnector: RCV <- {200 11 Command succeeded}
09-07 08:37:44.694  3577  3577 D VoldConnector: SND -> {12 volume remount_uid 10033 none}
09-07 08:37:44.694  3065  3134 D vold    : Remounting 10033 as mode none
09-07 08:37:44.697  3577  4018 D VoldConnector: RCV <- {200 12 Command succeeded}
09-07 08:37:44.699  3577  3577 D VoldConnector: SND -> {13 volume remount_uid 10033 none}
09-07 08:37:44.700  3065  3134 D vold    : Remounting 10033 as mode none
09-07 08:37:44.703  3577  4018 D VoldConnector: RCV <- {200 13 Command succeeded}
09-07 08:37:44.707  3577  3577 D VoldConnector: SND -> {14 volume remount_uid 1002 none}
09-07 08:37:44.708  3065  3134 D vold    : Remounting 1002 as mode none
09-07 08:37:44.711  3577  4018 D VoldConnector: RCV <- {200 14 Command succeeded}
09-07 08:37:44.712  3577  3577 D VoldConnector: SND -> {15 volume remount_uid 1002 none}
09-07 08:37:44.713  3065  3134 D vold    : Remounting 1002 as mode none
09-07 08:37:44.716  3577  4018 D VoldConnector: RCV <- {200 15 Command succeeded}
09-07 08:37:44.720  3577  3577 W VoiceInteractionManagerService: no available voice interaction services found for user 0
09-07 08:37:44.720  3577  3577 W VoiceInteractionManagerService: no available voice recognition services found for user 0
09-07 08:37:44.736  3577  3674 W KeyguardServiceDelegate: onScreenTurningOn(): no keyguard service!
09-07 08:37:44.754  3577  3577 D VoldConnector: SND -> {16 volume remount_uid 10024 none}
09-07 08:37:44.755  3065  3134 D vold    : Remounting 10024 as mode none
09-07 08:37:44.758  3577  4018 D VoldConnector: RCV <- {200 16 Command succeeded}
09-07 08:37:44.761  3577  3577 D VoldConnector: SND -> {17 volume remount_uid 10043 none}
09-07 08:37:44.762  3065  3134 D vold    : Remounting 10043 as mode none
09-07 08:37:44.765  3577  4018 D VoldConnector: RCV <- {200 17 Command succeeded}
09-07 08:37:44.766  3577  3577 D VoldConnector: SND -> {18 volume remount_uid 10043 none}
09-07 08:37:44.767  3065  3134 D vold    : Remounting 10043 as mode none
09-07 08:37:44.770  3577  4018 D VoldConnector: RCV <- {200 18 Command succeeded}
09-07 08:37:44.771  3577  3577 D VoldConnector: SND -> {19 volume remount_uid 10009 none}
09-07 08:37:44.772  3065  3134 D vold    : Remounting 10009 as mode none
09-07 08:37:44.775  3577  4018 D VoldConnector: RCV <- {200 19 Command succeeded}
09-07 08:37:44.777  3577  3577 D VoldConnector: SND -> {20 volume remount_uid 10009 none}
09-07 08:37:44.778  3065  3134 D vold    : Remounting 10009 as mode none
09-07 08:37:44.781  3577  4018 D VoldConnector: RCV <- {200 20 Command succeeded}
09-07 08:37:44.783  3577  3577 D VoldConnector: SND -> {21 volume remount_uid 10012 none}
09-07 08:37:44.783  3065  3134 D vold    : Remounting 10012 as mode none
09-07 08:37:44.786  3577  4018 D VoldConnector: RCV <- {200 21 Command succeeded}
09-07 08:37:44.788  3577  3577 D VoldConnector: SND -> {22 volume remount_uid 10012 none}
09-07 08:37:44.789  3065  3134 D vold    : Remounting 10012 as mode none
09-07 08:37:44.792  3577  4018 D VoldConnector: RCV <- {200 22 Command succeeded}
09-07 08:37:44.804  3577  3577 D VoldConnector: SND -> {23 volume remount_uid 10003 none}
09-07 08:37:44.805  3065  3134 D vold    : Remounting 10003 as mode none
09-07 08:37:44.808  3577  4018 D VoldConnector: RCV <- {200 23 Command succeeded}
09-07 08:37:44.809  3577  3577 D VoldConnector: SND -> {24 volume remount_uid 10003 none}
09-07 08:37:44.810  3065  3134 D vold    : Remounting 10003 as mode none
09-07 08:37:44.813  3577  4018 D VoldConnector: RCV <- {200 24 Command succeeded}
09-07 08:37:44.824  3577  3577 D VoldConnector: SND -> {25 volume remount_uid 10021 none}
09-07 08:37:44.825  3065  3134 D vold    : Remounting 10021 as mode none
09-07 08:37:44.828  3577  4018 D VoldConnector: RCV <- {200 25 Command succeeded}
09-07 08:37:44.830  3577  3577 D VoldConnector: SND -> {26 volume remount_uid 10021 none}
09-07 08:37:44.831  3065  3134 D vold    : Remounting 10021 as mode none
09-07 08:37:44.834  3577  4018 D VoldConnector: RCV <- {200 26 Command succeeded}
09-07 08:37:44.841  3577  3577 D VoldConnector: SND -> {27 volume remount_uid 10014 none}
09-07 08:37:44.842  3065  3134 D vold    : Remounting 10014 as mode none
09-07 08:37:44.845  3577  4018 D VoldConnector: RCV <- {200 27 Command succeeded}
09-07 08:37:44.846  3577  3577 D VoldConnector: SND -> {28 volume remount_uid 10014 none}
09-07 08:37:44.847  3065  3134 D vold    : Remounting 10014 as mode none
09-07 08:37:44.850  3577  4018 D VoldConnector: RCV <- {200 28 Command succeeded}
09-07 08:37:44.853  3577  3577 D VoldConnector: SND -> {29 volume remount_uid 10026 none}
09-07 08:37:44.854  3065  3134 D vold    : Remounting 10026 as mode none
09-07 08:37:44.857  3577  4018 D VoldConnector: RCV <- {200 29 Command succeeded}
09-07 08:37:44.859  3577  3577 D VoldConnector: SND -> {30 volume remount_uid 10026 none}
09-07 08:37:44.860  3065  3134 D vold    : Remounting 10026 as mode none
09-07 08:37:44.862  3577  4018 D VoldConnector: RCV <- {200 30 Command succeeded}
09-07 08:37:44.865  3577  3577 V UserManagerService: Found /data/user_de/0 with serial number -1
09-07 08:37:44.865  3577  3577 D UserManagerService: Serial number missing on /data/user_de/0; assuming current is valid
09-07 08:37:44.865  3577  3577 V UserManagerService: Found /data/user/0 with serial number -1
09-07 08:37:44.866  3577  3577 D UserManagerService: Serial number missing on /data/user/0; assuming current is valid
09-07 08:37:44.866  3577  3577 V UserManagerService: Found /data/system_de/0 with serial number -1
09-07 08:37:44.866  3577  3577 D UserManagerService: Serial number missing on /data/system_de/0; assuming current is valid
09-07 08:37:44.867  3577  3577 I ActivityManager: System now ready
09-07 08:37:44.870  3577  3577 I SystemServer: Making services ready
09-07 08:37:44.870  3577  3577 I SystemServiceManager: Starting phase 550
09-07 08:37:44.874  3577  3577 D BluetoothManagerService: Bluetooth boot completed
09-07 08:37:44.874  3577  3577 D BluetoothManagerService: Getting adapter name and address
09-07 08:37:44.874  3577  3671 D BluetoothManagerService: MESSAGE_GET_NAME_AND_ADDRESS
09-07 08:37:44.874  3577  3671 D BluetoothManagerService: Binding to service to get name and address
09-07 08:37:44.947  3577  3671 W ActivityManager: Slow operation: 71ms so far, now at startProcess: returned from zygote!
09-07 08:37:44.947  3577  3671 W ActivityManager: Slow operation: 71ms so far, now at startProcess: done updating battery stats
09-07 08:37:44.947  3577  3671 W ActivityManager: Slow operation: 71ms so far, now at startProcess: building log message
09-07 08:37:44.948  3577  3671 I ActivityManager: Start proc 4723:com.android.bluetooth/1002 for service com.android.bluetooth/.btservice.AdapterService
09-07 08:37:44.948  3577  3671 W ActivityManager: Slow operation: 72ms so far, now at startProcess: starting to update pids map
09-07 08:37:44.948  3577  3671 W ActivityManager: Slow operation: 72ms so far, now at startProcess: done updating pids map
09-07 08:37:44.948  3577  3671 W ActivityManager: Slow operation: 73ms so far, now at startProcess: done starting proc!
09-07 08:37:44.960  3577  3577 E InputMethodManagerService: Ignoring updateSystemUiLocked due to an invalid token. uid:1000 token:null
09-07 08:37:45.062  3577  3577 W InputMethodManagerService: Reset the default IME as "Resource" is ready here.
09-07 08:37:45.144  3577  3577 I InputMethodManagerService: Default found, using com.android.inputmethod.latin/.LatinIME
09-07 08:37:45.145  3577  3577 W InputMethodManagerService: Illegal subtype state: old subtype = null, new subtype = android.view.inputmethod.InputMethodSubtype@c9194f98
09-07 08:37:45.161  3577  3577 I ActivityManager: Start proc 4747:com.android.inputmethod.latin/u0a64 for service com.android.inputmethod.latin/.LatinIME
09-07 08:37:45.161  3577  3577 V InputMethodManagerService: Adding window token: android.os.Binder@5271808
09-07 08:37:45.161  3577  4017 D MountService: Thinking about init, mSystemReady=true, mDaemonConnected=true
09-07 08:37:45.161  3577  4017 D MountService: Setting up emulation state, initlocked=false
09-07 08:37:45.161  3577  4017 D CryptdConnector: SND -> {2 cryptfs unlock_user_key 0 0 ! !}
09-07 08:37:45.162  3065  3135 D vold    : e4crypt_unlock_user_key 0 serial=0 token_present=0
09-07 08:37:45.163  3065  3135 E vold    : Failed to chmod /data/system_ce/0: No such file or directory
09-07 08:37:45.163  3065  3135 E vold    : Failed to chmod /data/misc_ce/0: No such file or directory
09-07 08:37:45.163  3577  4019 D CryptdConnector: RCV <- {200 2 Command succeeded}
09-07 08:37:45.165  3577  4017 D MountService: Thinking about reset, mSystemReady=true, mDaemonConnected=true
09-07 08:37:45.165  3577  3577 D UsbAlsaManager: Adding ALSA device AlsaDevice: [card: 1, device: 19, type: 2]
09-07 08:37:45.166  3577  4017 D VoldConnector: SND -> {31 volume reset}
09-07 08:37:45.166  3577  3577 D UsbAlsaManager: Adding ALSA device AlsaDevice: [card: 1, device: 18, type: 2]
09-07 08:37:45.166  3577  3665 I ActivityManager: Force stopping com.android.providers.media appid=10009 user=-1: vold reset
09-07 08:37:45.166  3577  3577 D UsbAlsaManager: Adding ALSA device AlsaDevice: [card: 1, device: 17, type: 2]
09-07 08:37:45.166  3577  3577 D UsbAlsaManager: Adding ALSA device AlsaDevice: [card: 1, device: 16, type: 2]
09-07 08:37:45.166  3577  3577 D UsbAlsaManager: Adding ALSA device AlsaDevice: [card: 1, device: 15, type: 2]
09-07 08:37:45.166  3577  3577 D UsbAlsaManager: Adding ALSA device AlsaDevice: [card: 1, device: 14, type: 2]
09-07 08:37:45.166  3577  3577 D UsbAlsaManager: Adding ALSA device AlsaDevice: [card: 1, device: 13, type: 2]
09-07 08:37:45.166  3577  3577 D UsbAlsaManager: Adding ALSA device AlsaDevice: [card: 1, device: 12, type: 2]
09-07 08:37:45.166  3577  4672 D BluetoothManagerService: Trying to bind to profile: 1, while Bluetooth was disabled
09-07 08:37:45.166  3577  3577 D UsbAlsaManager: Adding ALSA device AlsaDevice: [card: 1, device: 11, type: 2]
09-07 08:37:45.167  3577  3577 D UsbAlsaManager: Adding ALSA device AlsaDevice: [card: 1, device: 10, type: 2]
09-07 08:37:45.167  3577  3577 D UsbAlsaManager: Adding ALSA device AlsaDevice: [card: 1, device: 9, type: 2]
09-07 08:37:45.167  3577  3577 D UsbAlsaManager: Adding ALSA device AlsaDevice: [card: 1, device: 8, type: 2]
09-07 08:37:45.167  3577  3577 D UsbAlsaManager: Adding ALSA device AlsaDevice: [card: 1, device: 7, type: 2]
09-07 08:37:45.167  3577  3577 D UsbAlsaManager: Adding ALSA device AlsaDevice: [card: 1, device: 6, type: 2]
09-07 08:37:45.167  3577  4018 D VoldConnector: RCV <- {651 emulated 7}
09-07 08:37:45.167  3577  3577 D UsbAlsaManager: Adding ALSA device AlsaDevice: [card: 1, device: 5, type: 2]
09-07 08:37:45.167  3577  3577 D UsbAlsaManager: Adding ALSA device AlsaDevice: [card: 1, device: 4, type: 2]
09-07 08:37:45.167  3577  3577 D UsbAlsaManager: Adding ALSA device AlsaDevice: [card: 1, device: 3, type: 2]
09-07 08:37:45.167  3577  3577 D UsbAlsaManager: Adding ALSA device AlsaDevice: [card: 1, device: 2, type: 2]
09-07 08:37:45.168  3577  3577 D UsbAlsaManager: Adding ALSA device AlsaDevice: [card: 1, device: 1, type: 2]
09-07 08:37:45.168  3577  3577 D UsbAlsaManager: Adding ALSA device AlsaDevice: [card: 1, device: 0, type: 2]
09-07 08:37:45.168  3577  3577 D UsbAlsaManager: Adding ALSA device AlsaDevice: [card: 0, device: 22, type: 1]
09-07 08:37:45.168  3577  3577 D UsbAlsaManager: Adding ALSA device AlsaDevice: [card: 0, device: 22, type: 2]
09-07 08:37:45.168  3577  3577 D UsbAlsaManager: Adding ALSA device AlsaDevice: [card: 0, device: 21, type: 2]
09-07 08:37:45.168  3577  3577 D UsbAlsaManager: Adding ALSA device AlsaDevice: [card: 0, device: 20, type: 2]
09-07 08:37:45.168  3577  3577 D UsbAlsaManager: Adding ALSA device AlsaDevice: [card: 0, device: 12, type: 2]
09-07 08:37:45.169  3577  3577 D UsbAlsaManager: Adding ALSA device AlsaDevice: [card: 0, device: 11, type: 2]
09-07 08:37:45.169  3577  3577 D UsbAlsaManager: Adding ALSA device AlsaDevice: [card: 0, device: 10, type: 2]
09-07 08:37:45.169  3577  3577 D UsbAlsaManager: Adding ALSA device AlsaDevice: [card: 0, device: 9, type: 2]
09-07 08:37:45.169  3577  3577 D UsbAlsaManager: Adding ALSA device AlsaDevice: [card: 0, device: 7, type: 1]
09-07 08:37:45.169  3577  3577 D UsbAlsaManager: Adding ALSA device AlsaDevice: [card: 0, device: 8, type: 2]
09-07 08:37:45.169  3577  3577 D UsbAlsaManager: Adding ALSA device AlsaDevice: [card: 0, device: 6, type: 1]
09-07 08:37:45.169  3577  3577 D UsbAlsaManager: Adding ALSA device AlsaDevice: [card: 0, device: 4, type: 1]
09-07 08:37:45.169  3577  3577 D UsbAlsaManager: Adding ALSA device AlsaDevice: [card: 0, device: 3, type: 1]
09-07 08:37:45.169  3577  4018 D VoldConnector: RCV <- {659 emulated}
09-07 08:37:45.170  3577  3577 D UsbAlsaManager: Adding ALSA device AlsaDevice: [card: 0, device: 2, type: 1]
09-07 08:37:45.170  3577  3577 D UsbAlsaManager: Adding ALSA device AlsaDevice: [card: 0, device: 1, type: 1]
09-07 08:37:45.170  3577  3577 D UsbAlsaManager: Adding ALSA device AlsaDevice: [card: 0, device: 0, type: 1]
09-07 08:37:45.170  3577  4018 D VoldConnector: RCV <- {650 emulated 2 "" ""}
09-07 08:37:45.171  3577  4018 D VoldConnector: RCV <- {654 emulated emulated}
09-07 08:37:45.172  3577  4018 D VoldConnector: RCV <- {651 emulated 0}
09-07 08:37:45.173  3577  4018 D VoldConnector: RCV <- {200 31 Command succeeded}
09-07 08:37:45.174  3577  4017 D VoldConnector: SND -> {32 volume user_added 0 0}
09-07 08:37:45.176  3577  4018 D VoldConnector: RCV <- {200 32 Command succeeded}
09-07 08:37:45.184  3577  3577 I ActivityManager: Start proc 4764:com.android.systemui/u0a33 for service com.android.systemui/.keyguard.KeyguardService
09-07 08:37:45.185  3577  3577 I SystemServer: WebViewFactory preparation
09-07 08:37:45.191  3577  3670 I UsbPortManager: USB port added: port=UsbPort{id=otg_default, supportedModes=dual}, status=UsbPortStatus{connected=true, currentMode=ufp, currentPowerRole=sink, currentDataRole=device, supportedRoleCombinations=[source:host, sink:device]}, canChangeMode=true, canChangePowerRole=false, canChangeDataRole=false
09-07 08:37:45.197  3577  3670 V MountService: Found primary storage at VolumeInfo{emulated}:
09-07 08:37:45.197  3577  3670 V MountService:     type=EMULATED diskId=null partGuid=null mountFlags=0 mountUserId=-1 
09-07 08:37:45.197  3577  3670 V MountService:     state=UNMOUNTED 
09-07 08:37:45.197  3577  3670 V MountService:     fsType=null fsUuid=null fsLabel=null 
09-07 08:37:45.197  3577  3670 V MountService:     path=null internalPath=null 
09-07 08:37:45.197  3577  4017 D VoldConnector: SND -> {33 volume mount emulated 3 -1}
09-07 08:37:45.198  3577  4018 D VoldConnector: RCV <- {651 emulated 1}
09-07 08:37:45.199  3577  4018 D VoldConnector: RCV <- {656 emulated /data/media}
09-07 08:37:45.199  3065  3134 V vold    : Waiting for FUSE to spin up...
09-07 08:37:45.200  3577  4018 D VoldConnector: RCV <- {655 emulated /storage/emulated}
09-07 08:37:45.223  3577  3577 I ActivityManager: Start proc 4783:WebViewLoader-armeabi-v7a/1037 [android.webkit.WebViewFactory$RelroFileCreator] for 
09-07 08:37:45.235  3577  3577 I ActivityManager: Start proc 4803:WebViewLoader-arm64-v8a/1037 [android.webkit.WebViewFactory$RelroFileCreator] for 
09-07 08:37:45.239  3577  3577 D NetworkManagement: enabling bandwidth control
09-07 08:37:45.250  3577  4018 D VoldConnector: RCV <- {651 emulated 2}
09-07 08:37:45.254  3577  4018 D VoldConnector: RCV <- {200 33 Command succeeded}
09-07 08:37:45.485  3577  3577 D NetworkPolicy: setRestrictBackgroundUL(): false
09-07 08:37:45.706  3577  3577 I SystemServiceManager: Starting phase 600
09-07 08:37:45.727  4747  4873 E ActivityThread: Failed to find provider info for user_dictionary
09-07 08:37:45.737  3577  3666 W WindowManager: Keyguard drawn timeout. Setting mKeyguardDrawComplete
09-07 08:37:45.738  3577  3672 W LocalDisplayAdapter: Unable to find color mode 0, ignoring request.
09-07 08:37:45.743  3577  3577 D GestureLauncherService: Gesture launcher mEmergencyNumber = 112 hits = 3
09-07 08:37:45.744  3577  3577 D SensorNotificationService: Cannot obtain dynamic meta sensor, not supported.
09-07 08:37:45.748  3577  3672 W LocalDisplayAdapter: Unable to find color mode 0, ignoring request.
09-07 08:37:45.753  3577  3577 D BrokerableCMSystemService: Third party apps ready
09-07 08:37:45.753  3577  3577 I BrokerableCMSystemService: Connecting to implementation
09-07 08:37:45.754  3577  3577 W ContextImpl: Calling a method in the system process without a qualified user: android.app.ContextImpl.bindService:1421 org.cyanogenmod.platform.internal.BrokerableCMSystemService.tryConnecting:199 org.cyanogenmod.platform.internal.BrokerableCMSystemService.onBootPhase:127 org.cyanogenmod.platform.internal.CMAudioServiceBroker.onBootPhase:58 com.android.server.SystemServiceManager.startBootPhase:143 
09-07 08:37:45.766  3577  3577 I ActivityManager: Start proc 4877:org.cyanogenmod.cmaudio.service/u0a0 for service org.cyanogenmod.cmaudio.service/.CMAudioService
09-07 08:37:45.790  3577  3577 W LocationManagerService: no network location provider found
09-07 08:37:45.798  3577  3577 E LocationManagerService: no geocoder provider found
09-07 08:37:45.798  3577  3577 D LocationManagerService: FLP HAL not supported
09-07 08:37:45.802  3577  3577 D LocationManagerService: Unable to bind FLP Geofence proxy.
09-07 08:37:45.803  3577  3577 D LocationManagerService: Hardware Activity-Recognition not supported.
09-07 08:37:45.805  3577  3577 D LocationManagerService: Unable to bind ActivityRecognitionProxy.
09-07 08:37:45.815  3577  3577 I MmsServiceBroker: Delay connecting to MmsService until an API is called
09-07 08:37:45.819  3577  3577 W VoiceInteractionManagerService: no available voice interaction services found for user 0
09-07 08:37:45.819  3577  3577 W VoiceInteractionManagerService: no available voice recognition services found for user 0
09-07 08:37:45.836  3577  3577 I ActivityManager: Start proc 4897:com.android.phone/1001 for added application com.android.phone
09-07 08:37:45.839  3577  3577 I ActivityManager: START u0 {act=android.intent.action.MAIN cat=[android.intent.category.HOME] flg=0x10000100 cmp=com.android.settings/.CryptKeeper} from uid 0 on display 0
09-07 08:37:45.848  3577  3577 I ActivityManager: Loaded persisted task ids for user 0
09-07 08:37:45.865  3577  3577 I ActivityManager: Start proc 4914:com.android.settings:CryptKeeper/1000 for activity com.android.settings/.CryptKeeper
09-07 08:37:45.872  3577  3577 I SystemServer: Enabled StrictMode for system server main thread.
09-07 08:37:45.878  3577  3577 D ConditionProviders.SCP: onConnected
09-07 08:37:45.928  3577  3577 W ContextImpl: Calling a method in the system process without a qualified user: android.app.ContextImpl.startService:1357 com.android.server.content.SyncManager$13.run:658 android.os.Handler.handleCallback:751 android.os.Handler.dispatchMessage:95 android.os.Looper.loop:154 
09-07 08:37:45.934  3577  3577 D ZenLog  : set_zen_mode: off,cleanUpZenRules
09-07 08:37:45.938  3577  3577 D ConditionProviders: Subscribing to condition://android/schedule?days=6.7&start=23.30&end=10.0&exitAtAlarm=false with ComponentInfo{android/com.android.server.notification.ScheduleConditionProvider}
09-07 08:37:45.938  3577  3577 D ZenLog  : subscribe: condition://android/schedule?days=6.7&start=23.30&end=10.0&exitAtAlarm=false,ok
09-07 08:37:45.939  3577  3577 D ConditionProviders: Subscribing to condition://android/schedule?days=1.2.3.4.5&start=22.0&end=7.0&exitAtAlarm=false with ComponentInfo{android/com.android.server.notification.ScheduleConditionProvider}
09-07 08:37:45.939  3577  3577 D ZenLog  : subscribe: condition://android/schedule?days=1.2.3.4.5&start=22.0&end=7.0&exitAtAlarm=false,ok
09-07 08:37:45.939  3577  3577 D ConditionProviders: Subscribing to condition://android/event?userId=-10000&calendar=&reply=1 with ComponentInfo{android/com.android.server.notification.EventConditionProvider}
09-07 08:37:45.940  3577  3577 D ZenLog  : subscribe: condition://android/event?userId=-10000&calendar=&reply=1,ok
09-07 08:37:45.940  3577  3672 I SingleHandAdapter: onChange..
09-07 08:37:45.941  3577  3672 I SingleHandAdapter: updateSingleHandMode value:  cur: 
09-07 08:37:46.050  3577  4780 I StatusBarManagerService: registerStatusBar bar=com.android.internal.statusbar.IStatusBar$Stub$Proxy@fc96a18
09-07 08:37:46.206  3577  4780 I WindowManager: Screen frozen for +308ms due to AppWindowToken{42dccc6 token=Token{abb6b08 ActivityRecord{c7138ab u0 com.android.settings/.CryptKeeper t1}}}
09-07 08:37:46.220  3577  3663 I ActivityManager: START u0 {act=android.intent.action.MAIN cat=[android.intent.category.HOME] flg=0x10000100 cmp=com.android.settings/.FallbackHome} from uid 0 on display 0
09-07 08:37:46.239  3577  3663 I ActivityManager: Start proc 5041:com.android.settings/1000 for activity com.android.settings/.FallbackHome
09-07 08:37:46.474  3577  3663 W WallpaperManagerService: no current wallpaper -- first boot?
09-07 08:37:46.513  3577  3665 W KeyguardServiceDelegate: onScreenTurningOn(): no keyguard service!
09-07 08:37:46.520  3577  3672 I WindowManager: Screen frozen for +272ms due to AppWindowToken{40117c7 token=Token{9f78948 ActivityRecord{b2de7eb u0 com.android.settings/.FallbackHome t2}}}
09-07 08:37:46.617  3577  4781 I ActivityManager: Start proc 5091:org.cyanogenmod.weather.provider/u0a32 for content provider org.cyanogenmod.weather.provider/.WeatherContentProvider
09-07 08:37:46.716  4764  5108 E ActivityThread: Failed to find provider info for com.android.contacts
09-07 08:37:46.777  3577  3666 W LocalDisplayAdapter: Unable to find color mode 0, ignoring request.
09-07 08:37:46.803  3577  3672 W LocalDisplayAdapter: Unable to find color mode 0, ignoring request.
09-07 08:37:47.244  3577  4780 W LocalDisplayAdapter: Unable to find color mode 0, ignoring request.
09-07 08:37:47.269  3577  3672 W LocalDisplayAdapter: Unable to find color mode 0, ignoring request.
09-07 08:37:47.331  3577  4781 I ActivityManager: user 0 is still locked. Cannot load recents
09-07 08:37:47.352  3577  4660 D WifiService: New client listening to asynchronous messages
09-07 08:37:47.393  3577  3672 W LocalDisplayAdapter: Unable to find color mode 0, ignoring request.
09-07 08:37:47.404  3577  3672 W LocalDisplayAdapter: Unable to find color mode 0, ignoring request.
09-07 08:37:47.875  3577  3671 E BluetoothManagerService: MESSAGE_TIMEOUT_BIND
--------- beginning of main
09-07 08:37:48.179  4897  4897 E TelephonyProvider: dbh.selectConflictingRow: Expected 1 but found 0 matching rows found for cv password=movistarsv sub_id=-1 bearer_bitmask=0 numeric=70604 mmsc=http://mms.movistar.sv user=movistarsv mnc=04 mmsport=80 proxy= mmsproxy=10.12.20.1 name=Movistar SV MMS port= mcc=706 apn=mms.movistar.sv type=mms
09-07 08:37:48.188  4897  4897 E TelephonyProvider: dbh.selectConflictingRow: Expected 1 but found 0 matching rows found for cv password=movistarpa mnc=02 sub_id=-1 bearer_bitmask=0 numeric=71402 name=Movistar PA mcc=714 apn=internet.movistar.pa type=default,supl user=movistarpa
09-07 08:37:48.189  4747  4873 I BinaryDictionaryFileDumper: reinitializeClientRecordInDictionaryContentProvider() : Insert DictionaryInfo : Id = 'main:nb' : Locale=nb : Version=44
09-07 08:37:48.202  4897  4897 E TelephonyProvider: dbh.selectConflictingRow: Expected 1 but found 0 matching rows found for cv password= mnc=34 sub_id=-1 bearer_bitmask=0 mmsc= proxy= numeric=72234 name=Personal port= mcc=722 apn=gprs.personal.com type=default,supl user=gprs
09-07 08:37:48.204  4897  4897 E TelephonyProvider: dbh.selectConflictingRow: Expected 1 but found 0 matching rows found for cv password=guest mnc=310 sub_id=-1 bearer_bitmask=0 mmsc= proxy= numeric=722310 name=CTI port= mcc=722 apn=internet.ctimovil.com.ar type=default,supl user=guest
09-07 08:37:48.205  4897  4897 E TelephonyProvider: dbh.selectConflictingRow: Expected 1 but found 0 matching rows found for cv password=ctigpr999 sub_id=-1 bearer_bitmask=0 numeric=722310 mmsc= authtype=1 user=ctigprs mnc=310 proxy= name=Claro AR port= mcc=722 apn=igprs.claro.com.ar type=default,supl
09-07 08:37:48.215  4897  4897 E TelephonyProvider: dbh.selectConflictingRow: Expected 1 but found 0 matching rows found for cv password=celular mnc=23 sub_id=-1 bearer_bitmask=0 mmsc=null proxy= numeric=72423 name=Telemig GPRS port= mcc=724 apn=gprs.telemigcelular.com.br type=default,supl user=celular
09-07 08:37:48.216  4897  4897 E TelephonyProvider: dbh.selectConflictingRow: Expected 1 but found 0 matching rows found for cv password=celular sub_id=-1 bearer_bitmask=0 numeric=72423 mmsc=http://mms.telemigcelular.com.br user=celular mnc=23 mmsport=8080 proxy= mmsproxy=200.192.230.142 name=Telemig MMS port= mcc=724 apn=mmsgprs.telemigcelular.com.br type=mms
09-07 08:37:48.222  4897  4897 E TelephonyProvider: dbh.selectConflictingRow: Expected 1 but found 0 matching rows found for cv password=clarochile mnc=03 mmsport=8080 sub_id=-1 bearer_bitmask=0 mmsc=http://mms.clarochile.cl mmsproxy=172.23.200.200 numeric=73003 name=MMS CLARO mcc=730 apn=mms.clarochile.cl type=mms user=clarochile
09-07 08:37:48.225  4897  4897 E TelephonyProvider: dbh.selectConflictingRow: Expected 1 but found 0 matching rows found for cv password=entelpcs mnc=10 sub_id=-1 bearer_bitmask=0 numeric=73010 name=WEB EPCS mcc=730 apn=imovil.entelpcs.cl type=default,supl user=entelpcs
09-07 08:37:48.226  4897  4897 E TelephonyProvider: dbh.selectConflictingRow: Expected 1 but found 0 matching rows found for cv password=entelpcs mnc=10 mmsport=8080 sub_id=-1 bearer_bitmask=0 mmsc=http://mmsc.entelpcs.cl mmsproxy=10.99.0.10 numeric=73010 name=MMS EPCS mcc=730 apn=mms.entelpcs.cl type=mms user=entelmms
09-07 08:37:48.227  4897  4904 I art     : Do partial code cache collection, code=123KB, data=78KB
09-07 08:37:48.228  4897  4904 I art     : After code cache collection, code=123KB, data=78KB
09-07 08:37:48.228  4897  4904 I art     : Increasing code cache capacity to 512KB
09-07 08:37:48.228  4897  4897 E TelephonyProvider: dbh.selectConflictingRow: Expected 1 but found 0 matching rows found for cv password=movistar mnc=102 sub_id=-1 bearer_bitmask=0 mmsc= proxy= numeric=732102 name=Movistar CO port= mcc=732 apn=internet.movistar.com.co type=default,supl user=movistar
09-07 08:37:48.237  4747  4873 I BinaryDictionaryFileDumper: reinitializeClientRecordInDictionaryContentProvider() : Insert DictionaryInfo : Id = 'main:nl' : Locale=nl : Version=44
09-07 08:37:48.241  4897  4897 E TelephonyProvider: dbh.selectConflictingRow: Expected 1 but found 0 matching rows found for cv mnc=01 mmsport=3128 sub_id=-1 bearer_bitmask=0 mmsc=http://mmsc.mms.ancelutil.com.uy numeric=74801 mmsproxy=200.40.246.2 name=Ancel MMS mcc=748 apn=mms type=mms
09-07 08:37:48.245  4897  4897 E TelephonyProvider: dbh.selectConflictingRow: Expected 1 but found 0 matching rows found for cv password= mnc=01 sub_id=-1 bearer_bitmask=0 mmsc= proxy= numeric=74801 name=Ancel port= mcc=748 apn=ancel type=default,supl user=
09-07 08:37:48.248  4897  4897 E TelephonyProvider: dbh.selectConflictingRow: Expected 1 but found 0 matching rows found for cv password= sub_id=-1 bearer_bitmask=0 numeric=74801 mmsc=http://mmsc.mms.ancelutil.com.uy user= mnc=01 mmsport=3128 proxy= mmsproxy=200.40.246.2 name=Ancel MMS port= mcc=748 apn=mms type=mms
09-07 08:37:48.249  4897  4897 E TelephonyProvider: dbh.selectConflictingRow: Expected 1 but found 0 matching rows found for cv password=bam mnc=01 sub_id=-1 bearer_bitmask=0 mmsc= proxy= numeric=74801 name=BAM Pepaga Antel port= mcc=748 apn=prepago.ancel type=default,supl user=bam
09-07 08:37:48.282  4747  4873 I BinaryDictionaryFileDumper: reinitializeClientRecordInDictionaryContentProvider() : Insert DictionaryInfo : Id = 'main:ru' : Locale=ru : Version=54
09-07 08:37:48.287  5130  5130 I pool-1-thread-1: type=1400 audit(0.0:191): avc: denied { create } for name="telephonyprovider.xml" scontext=u:r:radio:s0 tcontext=u:object_r:system_data_file:s0 tclass=file permissive=1
09-07 08:37:48.287  5130  5130 I pool-1-thread-1: type=1400 audit(0.0:191): avc: denied { write } for path="/data/user_de/0/com.android.providers.telephony/shared_prefs/telephonyprovider.xml" dev="sda24" ino=3121283 scontext=u:r:radio:s0 tcontext=u:object_r:system_data_file:s0 tclass=file permissive=1
09-07 08:37:48.287  5130  5130 W pool-1-thread-1: type=1300 audit(0.0:191): arch=c00000b7 syscall=56 success=yes exit=38 a0=ffffff9c a1=7f6f39ff40 a2=241 a3=1b6 items=0 ppid=3170 auid=4294967295 uid=1001 gid=1001 euid=1001 suid=1001 fsuid=1001 egid=1001 sgid=1001 fsgid=1001 tty=(none) ses=4294967295 exe="/system/bin/app_process64" subj=u:r:radio:s0 key=(null)
09-07 08:37:48.287  3074  3074 W auditd  : type=1327 audit(0.0:191): proctitle="com.android.phone"
09-07 08:37:48.287  3074  3074 W auditd  : type=1320 audit(0.0:191): 
09-07 08:37:48.290  4897  4897 D TelephonyProvider: Checksum for /system/etc/apns-conf.xml is 320806505
09-07 08:37:48.292  4897  4897 D TelephonyProvider: dbh.onCreate:- db=SQLiteDatabase: /data/user_de/0/com.android.providers.telephony/databases/telephony.db
09-07 08:37:48.343  5130  5130 I pool-1-thread-1: type=1400 audit(0.0:192): avc: denied { setattr } for name="telephonyprovider.xml" dev="sda24" ino=3121283 scontext=u:r:radio:s0 tcontext=u:object_r:system_data_file:s0 tclass=file permissive=1
09-07 08:37:48.343  5130  5130 W pool-1-thread-1: type=1300 audit(0.0:192): arch=c00000b7 syscall=53 success=yes exit=0 a0=ffffff9c a1=7f6f39ff40 a2=1b0 a3=0 items=0 ppid=3170 auid=4294967295 uid=1001 gid=1001 euid=1001 suid=1001 fsuid=1001 egid=1001 sgid=1001 fsgid=1001 tty=(none) ses=4294967295 exe="/system/bin/app_process64" subj=u:r:radio:s0 key=(null)
09-07 08:37:48.343  3074  3074 W auditd  : type=1327 audit(0.0:192): proctitle="com.android.phone"
09-07 08:37:48.343  3074  3074 W auditd  : type=1320 audit(0.0:192): 
09-07 08:37:48.376  4747  4873 I BinaryDictionaryFileDumper: reinitializeClientRecordInDictionaryContentProvider() : Insert DictionaryInfo : Id = 'main:sv' : Locale=sv : Version=44
09-07 08:37:48.427  4897  4897 I m.android.phone: type=1400 audit(0.0:193): avc: denied { lock } for path="/data/user_de/0/com.android.providers.telephony/databases/telephony.db" dev="sda24" ino=3121280 scontext=u:r:radio:s0 tcontext=u:object_r:system_data_file:s0 tclass=file permissive=1
09-07 08:37:48.427  4897  4897 W m.android.phone: type=1300 audit(0.0:193): arch=c00000b7 syscall=25 success=yes exit=0 a0=24 a1=6 a2=7fffb39808 a3=10 items=0 ppid=3170 auid=4294967295 uid=1001 gid=1001 euid=1001 suid=1001 fsuid=1001 egid=1001 sgid=1001 fsgid=1001 tty=(none) ses=4294967295 exe="/system/bin/app_process64" subj=u:r:radio:s0 key=(null)
09-07 08:37:48.427  3074  3074 W auditd  : type=1327 audit(0.0:193): proctitle="com.android.phone"
09-07 08:37:48.427  3074  3074 W auditd  : type=1320 audit(0.0:193): 
09-07 08:37:48.431  4897  4897 D TelephonyProvider: dbh.onOpen: ok, queried table=siminfo
09-07 08:37:48.433  4897  4897 D TelephonyProvider: dbh.onOpen: ok, queried table=carriers
09-07 08:37:48.434  4897  4897 D TelephonyProvider: onCreate: build id changed from  to NJH47F
09-07 08:37:48.435  4897  4897 D TelephonyProvider: No APNs in OEM image = /oem/telephony/apns-conf.xml Load APNs from system image
09-07 08:37:48.436  4897  4897 D TelephonyProvider: No APNs in OEM image = /data/misc/apns-conf.xml Load APNs from system image
09-07 08:37:48.458  4747  4873 I BinaryDictionaryFileDumper: reinitializeClientRecordInDictionaryContentProvider() : Insert DictionaryInfo : Id = 'main:uk' : Locale=uk : Version=1
09-07 08:37:48.498  4897  4897 D TelephonyProvider: Checksum for /system/etc/apns-conf.xml is 320806505
09-07 08:37:48.498  4897  4897 D TelephonyProvider: newChecksum: 320806505
09-07 08:37:48.498  4897  4897 D TelephonyProvider: oldChecksum: 320806505
09-07 08:37:48.498  4897  4897 D TelephonyProvider: Skipping apn db update since apn-conf has not changed.
09-07 08:37:48.522  4897  4897 W System  : ClassLoader referenced unknown path: /system/framework/qti-telephony-common.jar
09-07 08:37:48.523  4897  4897 W System.err: java.lang.ClassNotFoundException: com.qualcomm.qti.internal.telephony.QtiTelephonyComponentFactory
09-07 08:37:48.523  4897  4897 W System.err: 	at java.lang.Class.classForName(Native Method)
09-07 08:37:48.523  4897  4897 W System.err: 	at java.lang.Class.forName(Class.java:400)
09-07 08:37:48.523  4897  4897 W System.err: 	at com.android.internal.telephony.TelephonyComponentFactory.getInstance(TelephonyComponentFactory.java:71)
09-07 08:37:48.523  4897  4897 W System.err: 	at com.android.internal.telephony.PhoneFactory.makeDefaultPhone(PhoneFactory.java:133)
09-07 08:37:48.523  4897  4897 W System.err: 	at com.android.internal.telephony.PhoneFactory.makeDefaultPhones(PhoneFactory.java:91)
09-07 08:37:48.523  4897  4897 W System.err: 	at com.android.phone.PhoneGlobals.onCreate(PhoneGlobals.java:282)
09-07 08:37:48.523  4897  4897 W System.err: 	at com.android.phone.PhoneApp.onCreate(PhoneApp.java:41)
09-07 08:37:48.523  4897  4897 W System.err: 	at android.app.Instrumentation.callApplicationOnCreate(Instrumentation.java:1025)
09-07 08:37:48.523  4897  4897 W System.err: 	at android.app.ActivityThread.handleBindApplication(ActivityThread.java:5448)
09-07 08:37:48.523  4897  4897 W System.err: 	at android.app.ActivityThread.-wrap2(ActivityThread.java)
09-07 08:37:48.523  4897  4897 W System.err: 	at android.app.ActivityThread$H.handleMessage(ActivityThread.java:1564)
09-07 08:37:48.523  4897  4897 W System.err: 	at android.os.Handler.dispatchMessage(Handler.java:102)
09-07 08:37:48.523  4897  4897 W System.err: 	at android.os.Looper.loop(Looper.java:154)
09-07 08:37:48.523  4897  4897 W System.err: 	at android.app.ActivityThread.main(ActivityThread.java:6186)
09-07 08:37:48.523  4897  4897 W System.err: 	at java.lang.reflect.Method.invoke(Native Method)
09-07 08:37:48.523  4897  4897 W System.err: 	at com.android.internal.os.ZygoteInit$MethodAndArgsCaller.run(ZygoteInit.java:889)
09-07 08:37:48.524  4897  4897 W System.err: 	at com.android.internal.os.ZygoteInit.main(ZygoteInit.java:779)
09-07 08:37:48.524  4897  4897 W System.err: Caused by: java.lang.ClassNotFoundException: Didn't find class "com.qualcomm.qti.internal.telephony.QtiTelephonyComponentFactory" on path: DexPathList[[],nativeLibraryDirectories=[/system/lib64, /vendor/lib64]]
09-07 08:37:48.524  4897  4897 W System.err: 	at dalvik.system.BaseDexClassLoader.findClass(BaseDexClassLoader.java:56)
09-07 08:37:48.524  4897  4897 W System.err: 	at java.lang.ClassLoader.loadClass(ClassLoader.java:380)
09-07 08:37:48.524  4897  4897 W System.err: 	at java.lang.ClassLoader.loadClass(ClassLoader.java:312)
09-07 08:37:48.524  4897  4897 W System.err: 	... 17 more
09-07 08:37:48.541  4747  4873 I BinaryDictionaryFileDumper: reinitializeClientRecordInDictionaryContentProvider() : Insert DictionaryInfo : Id = 'main:en_us' : Locale=en_US : Version=-1
09-07 08:37:48.563  5135  5135 I RILReceiver1: type=1400 audit(0.0:194): avc: denied { write } for name="rild2" dev="tmpfs" ino=1141 scontext=u:r:radio:s0 tcontext=u:object_r:socket_device:s0 tclass=sock_file permissive=1
09-07 08:37:48.563  5135  5135 W RILReceiver1: type=1300 audit(0.0:194): arch=c00000b7 syscall=203 success=yes exit=0 a0=2c a1=7f5fcf8ba8 a2=14 a3=7f7f3911f0 items=0 ppid=3170 auid=4294967295 uid=1001 gid=1001 euid=1001 suid=1001 fsuid=1001 egid=1001 sgid=1001 fsgid=1001 tty=(none) ses=4294967295 exe="/system/bin/app_process64" subj=u:r:radio:s0 key=(null)
09-07 08:37:48.563  3074  3074 W auditd  : type=1327 audit(0.0:194): proctitle="com.android.phone"
09-07 08:37:48.563  3074  3074 W auditd  : type=1320 audit(0.0:194): 
09-07 08:37:48.593  4747  4873 W BinaryDictionaryFileDumper: Missing metadata.json resource
09-07 08:37:48.607  4897  4897 I m.android.phone: type=1400 audit(0.0:195): avc: denied { write } for name="com.android.phone" dev="sda24" ino=3121230 scontext=u:r:radio:s0 tcontext=u:object_r:system_data_file:s0 tclass=dir permissive=1
09-07 08:37:48.607  4897  4897 I m.android.phone: type=1400 audit(0.0:195): avc: denied { add_name } for name="shared_prefs" scontext=u:r:radio:s0 tcontext=u:object_r:system_data_file:s0 tclass=dir permissive=1
09-07 08:37:48.607  4897  4897 I m.android.phone: type=1400 audit(0.0:195): avc: denied { create } for name="shared_prefs" scontext=u:r:radio:s0 tcontext=u:object_r:system_data_file:s0 tclass=dir permissive=1
09-07 08:37:48.624  4747  4873 I LatinIME:LogUtils: Dictionary info: dictionary = main:en ; version = 54 ; date = 1414726273
09-07 08:37:48.650  4747  4873 I LatinIME:LogUtils: Dictionary info: dictionary = main:en ; version = 54 ; date = 1414726273
09-07 08:37:48.674  4747  4873 I LatinIME:LogUtils: Dictionary info: dictionary = main:en ; version = 54 ; date = 1414726273
09-07 08:37:48.704  4747  4873 I LatinIME:LogUtils: Dictionary info: dictionary = main:en ; version = 54 ; date = 1414726273
09-07 08:37:48.734  4747  4873 I LatinIME:LogUtils: Dictionary info: dictionary = main:en ; version = 54 ; date = 1414726273
09-07 08:37:48.740  4764  4764 W KeyguardUpdateMonitor: invalid subId in handleSimStateChange()
09-07 08:37:48.766  4747  4873 I LatinIME:LogUtils: Dictionary info: dictionary = main:en ; version = 54 ; date = 1414726273
09-07 08:37:48.797  4747  4873 I LatinIME:LogUtils: Dictionary info: dictionary = main:en ; version = 54 ; date = 1414726273
09-07 08:37:48.822  3577  5150 I chatty  : uid=1000(system) IPC Thread expire 7 lines
09-07 08:37:48.826  4747  4873 I LatinIME:LogUtils: Dictionary info: dictionary = main:en ; version = 54 ; date = 1414726273
