09-05 20:15:26.415  4188  4188 I dex2oat : /system/bin/dex2oat --compiler-filter=verify-at-runtime
09-05 20:15:26.438  4188  4188 I dex2oat : dex2oat took 23.288ms (threads: 8) arena alloc=0B (0B) java alloc=31KB (32208B) native alloc=1022KB (1046896B) free=1537KB (1574544B)
09-05 20:15:26.440  3565  3565 I PackageManager.DexOptimizer: Running dexopt (dex2oat) on: /system/app/NfcNci/NfcNci.apk pkg=com.android.nfc isa=arm64 vmSafeMode=false debuggable=false target-filter=verify-at-runtime oatDir = null sharedLibraries=null
09-05 20:15:26.456  4197  4197 I dex2oat : /system/bin/dex2oat --compiler-filter=verify-at-runtime
09-05 20:15:26.544  4197  4197 I dex2oat : dex2oat took 88.518ms (threads: 8) arena alloc=0B (0B) java alloc=27KB (28240B) native alloc=516KB (529272B) free=2MB (2616456B)
09-05 20:15:26.547  3565  3565 I PackageManager.DexOptimizer: Running dexopt (dex2oat) on: /system/app/Stk/Stk.apk pkg=com.android.stk isa=arm64 vmSafeMode=false debuggable=false target-filter=verify-at-runtime oatDir = null sharedLibraries=null
09-05 20:15:26.563  4206  4206 I dex2oat : /system/bin/dex2oat --compiler-filter=verify-at-runtime
09-05 20:15:26.587  4206  4206 I dex2oat : dex2oat took 24.216ms (threads: 8) arena alloc=0B (0B) java alloc=27KB (28240B) native alloc=1042KB (1067600B) free=1517KB (1553840B)
09-05 20:15:26.589  3565  3565 I PackageManager.DexOptimizer: Running dexopt (dex2oat) on: /system/priv-app/BackupRestoreConfirmation/BackupRestoreConfirmation.apk pkg=com.android.backupconfirm isa=arm64 vmSafeMode=false debuggable=false target-filter=verify-at-runtime oatDir = null sharedLibraries=null
09-05 20:15:26.605  4215  4215 I dex2oat : /system/bin/dex2oat --compiler-filter=verify-at-runtime
09-05 20:15:26.625  4215  4215 I dex2oat : dex2oat took 20.087ms (threads: 8) arena alloc=0B (0B) java alloc=31KB (32240B) native alloc=858KB (878736B) free=1189KB (1218416B)
09-05 20:15:26.627  3565  3565 I PackageManager.DexOptimizer: Running dexopt (dex2oat) on: /system/app/Profiles/Profiles.apk pkg=org.cyanogenmod.profiles isa=arm64 vmSafeMode=false debuggable=false target-filter=verify-at-runtime oatDir = null sharedLibraries=null
09-05 20:15:26.643  4224  4224 I dex2oat : /system/bin/dex2oat --compiler-filter=verify-at-runtime
09-05 20:15:26.668  4224  4224 I dex2oat : dex2oat took 25.614ms (threads: 8) arena alloc=0B (0B) java alloc=27KB (28240B) native alloc=1130KB (1157200B) free=1429KB (1464240B)
09-05 20:15:26.671  3565  3565 I PackageManager.DexOptimizer: Running dexopt (dex2oat) on: /system/app/LockClock/LockClock.apk pkg=com.cyanogenmod.lockclock isa=arm64 vmSafeMode=false debuggable=false target-filter=verify-at-runtime oatDir = null sharedLibraries=null
09-05 20:15:26.686  4233  4233 I dex2oat : /system/bin/dex2oat --compiler-filter=verify-at-runtime
09-05 20:15:26.718  4233  4233 I dex2oat : dex2oat took 31.875ms (threads: 8) arena alloc=0B (0B) java alloc=27KB (28240B) native alloc=1079KB (1105200B) free=1480KB (1516240B)
09-05 20:15:26.720  3565  3565 I PackageManager.DexOptimizer: Running dexopt (dex2oat) on: /system/priv-app/StatementService/StatementService.apk pkg=com.android.statementservice isa=arm64 vmSafeMode=false debuggable=false target-filter=verify-at-runtime oatDir = null sharedLibraries=null
09-05 20:15:26.736  4242  4242 I dex2oat : /system/bin/dex2oat --compiler-filter=verify-at-runtime
09-05 20:15:26.758  4242  4242 I dex2oat : dex2oat took 22.436ms (threads: 8) arena alloc=0B (0B) java alloc=31KB (32216B) native alloc=1092KB (1118512B) free=1467KB (1502928B)
09-05 20:15:26.760  3565  3565 I PackageManager.DexOptimizer: Running dexopt (dex2oat) on: /system/app/AdvancedDisplay/AdvancedDisplay.apk pkg=com.cyanogenmod.settings.device isa=arm64 vmSafeMode=false debuggable=false target-filter=verify-at-runtime oatDir = null sharedLibraries=null
09-05 20:15:26.776  4251  4251 I dex2oat : /system/bin/dex2oat --compiler-filter=verify-at-runtime
09-05 20:15:26.849  4251  4251 I dex2oat : dex2oat took 73.350ms (threads: 8) arena alloc=0B (0B) java alloc=31KB (32216B) native alloc=497KB (509360B) free=2MB (2636368B)
09-05 20:15:26.852  3565  3565 I PackageManager.DexOptimizer: Running dexopt (dex2oat) on: /system/priv-app/CMAudioService/CMAudioService.apk pkg=org.cyanogenmod.cmaudio.service isa=arm64 vmSafeMode=false debuggable=false target-filter=verify-at-runtime oatDir = null sharedLibraries=null
09-05 20:15:26.867  4260  4260 I dex2oat : /system/bin/dex2oat --compiler-filter=verify-at-runtime
09-05 20:15:26.908  4260  4260 I dex2oat : dex2oat took 40.761ms (threads: 8) arena alloc=0B (0B) java alloc=31KB (32216B) native alloc=1141KB (1168816B) free=1418KB (1452624B)
09-05 20:15:26.910  3565  3565 I PackageManager.DexOptimizer: Running dexopt (dex2oat) on: /system/app/Calendar/Calendar.apk pkg=com.android.calendar isa=arm64 vmSafeMode=false debuggable=false target-filter=verify-at-runtime oatDir = null sharedLibraries=null
09-05 20:15:26.926  4269  4269 I dex2oat : /system/bin/dex2oat --compiler-filter=verify-at-runtime
09-05 20:15:26.987  4269  4269 I dex2oat : dex2oat took 60.909ms (threads: 8) arena alloc=0B (0B) java alloc=27KB (28240B) native alloc=565KB (579568B) free=2MB (2566160B)
09-05 20:15:26.989  3565  3565 I PackageManager.DexOptimizer: Running dexopt (dex2oat) on: /system/priv-app/SharedStorageBackup/SharedStorageBackup.apk pkg=com.android.sharedstoragebackup isa=arm64 vmSafeMode=false debuggable=false target-filter=verify-at-runtime oatDir = null sharedLibraries=null
09-05 20:15:27.005  4278  4278 I dex2oat : /system/bin/dex2oat --compiler-filter=verify-at-runtime
09-05 20:15:27.025  4278  4278 I dex2oat : dex2oat took 19.643ms (threads: 8) arena alloc=0B (0B) java alloc=31KB (32208B) native alloc=858KB (878736B) free=1189KB (1218416B)
09-05 20:15:27.027  3565  3565 I PackageManager.DexOptimizer: Running dexopt (dex2oat) on: /system/app/PrintSpooler/PrintSpooler.apk pkg=com.android.printspooler isa=arm64 vmSafeMode=false debuggable=false target-filter=verify-at-runtime oatDir = null sharedLibraries=null
09-05 20:15:27.043  4287  4287 I dex2oat : /system/bin/dex2oat --compiler-filter=verify-at-runtime
09-05 20:15:27.085  4287  4287 I dex2oat : dex2oat took 42.737ms (threads: 8) arena alloc=0B (0B) java alloc=27KB (28240B) native alloc=1137KB (1165232B) free=1422KB (1456208B)
09-05 20:15:27.088  3565  3565 I PackageManager.DexOptimizer: Running dexopt (dex2oat) on: /system/app/BasicDreams/BasicDreams.apk pkg=com.android.dreams.basic isa=arm64 vmSafeMode=false debuggable=false target-filter=verify-at-runtime oatDir = null sharedLibraries=null
09-05 20:15:27.103  4296  4296 I dex2oat : /system/bin/dex2oat --compiler-filter=verify-at-runtime
09-05 20:15:27.124  4296  4296 I dex2oat : dex2oat took 20.886ms (threads: 8) arena alloc=0B (0B) java alloc=27KB (28240B) native alloc=898KB (919632B) free=1149KB (1177520B)
09-05 20:15:27.126  3565  3565 I PackageManager.DexOptimizer: Running dexopt (dex2oat) on: /system/app/webview/webview.apk pkg=com.android.webview isa=arm vmSafeMode=false debuggable=false target-filter=verify-at-runtime oatDir = null sharedLibraries=null
09-05 20:15:27.142  4305  4305 I dex2oat : /system/bin/dex2oat --compiler-filter=verify-at-runtime
09-05 20:15:27.242  4305  4305 I dex2oat : dex2oat took 100.377ms (threads: 8) arena alloc=0B (0B) java alloc=27KB (28240B) native alloc=385KB (395144B) free=2MB (2750584B)
09-05 20:15:27.245  3565  3565 I PackageManager.DexOptimizer: Running dexopt (dex2oat) on: /system/app/webview/webview.apk pkg=com.android.webview isa=arm64 vmSafeMode=false debuggable=false target-filter=verify-at-runtime oatDir = null sharedLibraries=null
09-05 20:15:27.261  4314  4314 I dex2oat : /system/bin/dex2oat --compiler-filter=verify-at-runtime
09-05 20:15:27.367  4314  4314 I dex2oat : dex2oat took 106.530ms (threads: 8) arena alloc=0B (0B) java alloc=27KB (28240B) native alloc=517KB (530248B) free=2MB (2615480B)
09-05 20:15:27.370  3565  3565 I PackageManager.DexOptimizer: Running dexopt (dex2oat) on: /system/priv-app/CellBroadcastReceiver/CellBroadcastReceiver.apk pkg=com.android.cellbroadcastreceiver isa=arm64 vmSafeMode=false debuggable=false target-filter=verify-at-runtime oatDir = null sharedLibraries=null
09-05 20:15:27.385  4323  4323 I dex2oat : /system/bin/dex2oat --compiler-filter=verify-at-runtime
09-05 20:15:27.409  4323  4323 I dex2oat : dex2oat took 23.603ms (threads: 8) arena alloc=0B (0B) java alloc=27KB (28240B) native alloc=1105KB (1131984B) free=1454KB (1489456B)
09-05 20:15:27.411  3565  3565 I PackageManager.DexOptimizer: Running dexopt (dex2oat) on: /system/priv-app/OneTimeInitializer/OneTimeInitializer.apk pkg=com.android.onetimeinitializer isa=arm64 vmSafeMode=false debuggable=false target-filter=verify-at-runtime oatDir = null sharedLibraries=null
09-05 20:15:27.427  4332  4332 I dex2oat : /system/bin/dex2oat --compiler-filter=verify-at-runtime
09-05 20:15:27.450  4332  4332 I dex2oat : dex2oat took 23.422ms (threads: 8) arena alloc=0B (0B) java alloc=31KB (32208B) native alloc=1018KB (1043024B) free=1541KB (1578416B)
09-05 20:15:27.452  3565  3565 I PackageManager.DexOptimizer: Running dexopt (dex2oat) on: /system/priv-app/CMParts/CMParts.apk pkg=org.cyanogenmod.cmparts isa=arm64 vmSafeMode=false debuggable=false target-filter=verify-at-runtime oatDir = null sharedLibraries=null
09-05 20:15:27.468  4341  4341 I dex2oat : /system/bin/dex2oat --compiler-filter=verify-at-runtime
09-05 20:15:27.556  4341  4341 I dex2oat : dex2oat took 88.394ms (threads: 8) arena alloc=0B (0B) java alloc=27KB (28240B) native alloc=525KB (538008B) free=2MB (2607720B)
09-05 20:15:27.558  3565  3565 I PackageManager.DexOptimizer: Running dexopt (dex2oat) on: /system/app/KeyChain/KeyChain.apk pkg=com.android.keychain isa=arm64 vmSafeMode=false debuggable=false target-filter=verify-at-runtime oatDir = null sharedLibraries=null
09-05 20:15:27.574  4350  4350 I dex2oat : /system/bin/dex2oat --compiler-filter=verify-at-runtime
09-05 20:15:27.596  4350  4350 I dex2oat : dex2oat took 22.145ms (threads: 8) arena alloc=0B (0B) java alloc=27KB (28240B) native alloc=1003KB (1027408B) free=1556KB (1594032B)
09-05 20:15:27.598  3565  3565 I PackageManager.DexOptimizer: Running dexopt (dex2oat) on: /system/app/PrintRecommendationService/PrintRecommendationService.apk pkg=com.android.printservice.recommendation isa=arm64 vmSafeMode=false debuggable=false target-filter=verify-at-runtime oatDir = null sharedLibraries=null
09-05 20:15:27.614  4359  4359 I dex2oat : /system/bin/dex2oat --compiler-filter=verify-at-runtime
09-05 20:15:27.636  4359  4359 I dex2oat : dex2oat took 21.700ms (threads: 8) arena alloc=0B (0B) java alloc=31KB (32240B) native alloc=1057KB (1082512B) free=1502KB (1538928B)
09-05 20:15:27.638  3565  3565 I PackageManager.DexOptimizer: Running dexopt (dex2oat) on: /system/priv-app/Gallery2/Gallery2.apk pkg=com.android.gallery3d isa=arm vmSafeMode=false debuggable=false target-filter=verify-at-runtime oatDir = null sharedLibraries=null
09-05 20:15:27.654  4368  4368 I dex2oat : /system/bin/dex2oat --compiler-filter=verify-at-runtime
09-05 20:15:27.800  4368  4368 I dex2oat : dex2oat took 146.799ms (threads: 8) arena alloc=0B (0B) java alloc=27KB (28240B) native alloc=541KB (554488B) free=2MB (2591240B)
09-05 20:15:27.803  3565  3565 I PackageManager.DexOptimizer: Running dexopt (dex2oat) on: /system/priv-app/Trebuchet/Trebuchet.apk pkg=com.cyanogenmod.trebuchet isa=arm64 vmSafeMode=false debuggable=false target-filter=verify-at-runtime oatDir = null sharedLibraries=null
09-05 20:15:27.819  4377  4377 I dex2oat : /system/bin/dex2oat --compiler-filter=verify-at-runtime
09-05 20:15:27.886  4377  4377 I dex2oat : dex2oat took 67.470ms (threads: 8) arena alloc=0B (0B) java alloc=27KB (28240B) native alloc=558KB (571888B) free=2MB (2573840B)
09-05 20:15:27.888  3565  3565 I PackageManager.DexOptimizer: Running dexopt (dex2oat) on: /system/priv-app/CallLogBackup/CallLogBackup.apk pkg=com.android.calllogbackup isa=arm64 vmSafeMode=false debuggable=false target-filter=verify-at-runtime oatDir = null sharedLibraries=null
09-05 20:15:27.904  4387  4387 I dex2oat : /system/bin/dex2oat --compiler-filter=verify-at-runtime
09-05 20:15:27.924  4387  4387 I dex2oat : dex2oat took 19.732ms (threads: 8) arena alloc=0B (0B) java alloc=31KB (32216B) native alloc=878KB (899152B) free=1169KB (1198000B)
09-05 20:15:27.926  3565  3565 I PackageManager.DexOptimizer: Running dexopt (dex2oat) on: /system/app/PicoTts/PicoTts.apk pkg=com.svox.pico isa=arm64 vmSafeMode=false debuggable=false target-filter=verify-at-runtime oatDir = null sharedLibraries=null
09-05 20:15:27.942  4396  4396 I dex2oat : /system/bin/dex2oat --compiler-filter=verify-at-runtime
09-05 20:15:27.960  4396  4396 I dex2oat : dex2oat took 19.272ms (threads: 8) arena alloc=0B (0B) java alloc=27KB (28240B) native alloc=880KB (901712B) free=1167KB (1195440B)
09-05 20:15:27.963  3565  3565 I PackageManager.DexOptimizer: Running dexopt (dex2oat) on: /system/app/Jelly/Jelly.apk pkg=org.lineageos.jelly isa=arm64 vmSafeMode=false debuggable=false target-filter=verify-at-runtime oatDir = null sharedLibraries=null
09-05 20:15:27.979  4405  4405 I dex2oat : /system/bin/dex2oat --compiler-filter=verify-at-runtime
09-05 20:15:28.053  4405  4405 I dex2oat : dex2oat took 75.200ms (threads: 8) arena alloc=0B (0B) java alloc=27KB (28240B) native alloc=500KB (512880B) free=2MB (2632848B)
09-05 20:15:28.056  3565  3565 I PackageManager.DexOptimizer: Running dexopt (dex2oat) on: /system/priv-app/ManagedProvisioning/ManagedProvisioning.apk pkg=com.android.managedprovisioning isa=arm64 vmSafeMode=false debuggable=false target-filter=verify-at-runtime oatDir = null sharedLibraries=null
09-05 20:15:28.072  4414  4414 I dex2oat : /system/bin/dex2oat --compiler-filter=verify-at-runtime
09-05 20:15:28.100  4414  4414 I dex2oat : dex2oat took 28.315ms (threads: 8) arena alloc=0B (0B) java alloc=31KB (32208B) native alloc=1078KB (1104688B) free=1481KB (1516752B)
09-05 20:15:28.102  3565  3565 I PackageManager.DexOptimizer: Running dexopt (dex2oat) on: /system/app/PhotoTable/PhotoTable.apk pkg=com.android.dreams.phototable isa=arm64 vmSafeMode=false debuggable=false target-filter=verify-at-runtime oatDir = null sharedLibraries=null
09-05 20:15:28.118  4423  4423 I dex2oat : /system/bin/dex2oat --compiler-filter=verify-at-runtime
09-05 20:15:28.142  4423  4423 I dex2oat : dex2oat took 24.727ms (threads: 8) arena alloc=0B (0B) java alloc=27KB (28240B) native alloc=1052KB (1077328B) free=1507KB (1544112B)
09-05 20:15:28.145  3565  3565 I PackageManager.DexOptimizer: Running dexopt (dex2oat) on: /system/app/WAPPushManager/WAPPushManager.apk pkg=com.android.smspush isa=arm64 vmSafeMode=false debuggable=false target-filter=verify-at-runtime oatDir = null sharedLibraries=null
09-05 20:15:28.160  4432  4432 I dex2oat : /system/bin/dex2oat --compiler-filter=verify-at-runtime
09-05 20:15:28.184  4432  4432 I dex2oat : dex2oat took 24.296ms (threads: 8) arena alloc=0B (0B) java alloc=31KB (32216B) native alloc=1030KB (1055312B) free=1529KB (1566128B)
09-05 20:15:28.187  3565  3565 I PackageManager.DexOptimizer: Running dexopt (dex2oat) on: /system/app/LiveWallpapersPicker/LiveWallpapersPicker.apk pkg=com.android.wallpaper.livepicker isa=arm64 vmSafeMode=false debuggable=false target-filter=verify-at-runtime oatDir = null sharedLibraries=null
09-05 20:15:28.202  4441  4441 I dex2oat : /system/bin/dex2oat --compiler-filter=verify-at-runtime
09-05 20:15:28.266  4441  4441 I dex2oat : dex2oat took 63.941ms (threads: 8) arena alloc=0B (0B) java alloc=31KB (32208B) native alloc=521KB (533936B) free=2MB (2611792B)
09-05 20:15:28.269  3565  3565 I PackageManager.DexOptimizer: Running dexopt (dex2oat) on: /system/priv-app/Tag/Tag.apk pkg=com.android.apps.tag isa=arm64 vmSafeMode=false debuggable=false target-filter=verify-at-runtime oatDir = null sharedLibraries=null
09-05 20:15:28.285  4450  4450 I dex2oat : /system/bin/dex2oat --compiler-filter=verify-at-runtime
09-05 20:15:28.320  4450  4450 I dex2oat : dex2oat took 35.809ms (threads: 8) arena alloc=0B (0B) java alloc=27KB (28240B) native alloc=1141KB (1168560B) free=1418KB (1452880B)
09-05 20:15:28.322  3565  3565 I PackageManager.DexOptimizer: Running dexopt (dex2oat) on: /system/priv-app/StorageManager/StorageManager.apk pkg=com.android.storagemanager isa=arm64 vmSafeMode=false debuggable=false target-filter=verify-at-runtime oatDir = null sharedLibraries=null
09-05 20:15:28.338  4459  4459 I dex2oat : /system/bin/dex2oat --compiler-filter=verify-at-runtime
09-05 20:15:28.417  4459  4459 I dex2oat : dex2oat took 79.206ms (threads: 8) arena alloc=0B (0B) java alloc=31KB (32216B) native alloc=500KB (512688B) free=2MB (2633040B)
09-05 20:15:28.420  3565  3565 I PackageManager.DexOptimizer: Running dexopt (dex2oat) on: /system/app/BookmarkProvider/BookmarkProvider.apk pkg=com.android.bookmarkprovider isa=arm64 vmSafeMode=false debuggable=false target-filter=verify-at-runtime oatDir = null sharedLibraries=null
09-05 20:15:28.435  4468  4468 I dex2oat : /system/bin/dex2oat --compiler-filter=verify-at-runtime
09-05 20:15:28.454  4468  4468 I dex2oat : dex2oat took 18.934ms (threads: 8) arena alloc=0B (0B) java alloc=31KB (32216B) native alloc=878KB (899152B) free=1169KB (1198000B)
09-05 20:15:28.456  3565  3565 I PackageManager.DexOptimizer: Running dexopt (dex2oat) on: /system/priv-app/Eleven/Eleven.apk pkg=com.cyanogenmod.eleven isa=arm64 vmSafeMode=false debuggable=false target-filter=verify-at-runtime oatDir = null sharedLibraries=null
09-05 20:15:28.472  4477  4477 I dex2oat : /system/bin/dex2oat --compiler-filter=verify-at-runtime
09-05 20:15:28.579  3172  3172 D gpsd    : WakeLock(Acquire,GPSD)
09-05 20:15:28.579  3172  3172 D gpsd    : WakeLock(Release,GPSD)
09-05 20:15:28.579  3172  3172 D gpsd    : WakeLock(Acquire,GPSD)
09-05 20:15:28.579  3172  3172 D gpsd    : WakeLock(Release,GPSD)
09-05 20:15:28.595  4480  4480 V lhd     : GlLhdInterface::Init(/system/etc/lhd.conf)
09-05 20:15:28.596  4480  4480 E lhd     : SetCfgValue: Critical Error. Unknown configuration parameter "FlpName"="tcp"
09-05 20:15:28.596  4480  4480 V lhd     : SetCfgValue: LHD config "LheSerialControl"="BBD:Serial=TTY"
09-05 20:15:28.596  4480  4480 E lhd     : SetCfgValue: Critical Error. Unknown configuration parameter "LheClockMHz"="100"
09-05 20:15:28.596  4480  4480 V lhd     : SetCfgValue: LHD config "LhePatch"="/dev/bbd_patch"
09-05 20:15:28.596  4480  4480 V lhd     : SetCfgValue: LHD config "LheMaxMcuResetTries"="4"
09-05 20:15:28.596  4480  4480 V lhd     : SetCfgValue: LHD config "LheBbdPacket"="/dev/ttyBCM"
09-05 20:15:28.596  4480  4480 V lhd     : SetCfgValue: LHD config "LheBbdControl"="/dev/bbd_control"
09-05 20:15:28.596  4480  4480 V lhd     : SetCfgValue: LHD config "LheBbdSensor"="/dev/bbd_sensor"
09-05 20:15:28.596  4480  4480 V lhd     : SetCfgValue: LHD config "Lhe477xDebugFlags"="RPC:FACILITY=33:STDOUT_PUTS:STDOUT_LOG"
09-05 20:15:28.596  4480  4480 E lhd     : SetCfgValue: Critical Error. Unknown configuration parameter "LheSensorIpc"="true"
09-05 20:15:28.596  4480  4480 E lhd     : SetCfgValue: Critical Error. Unknown configuration parameter "LhePinMux"="P17=M1"
09-05 20:15:28.596  4480  4480 V lhd     : SetCfgValue: LHD config "LheAutoBaudDelayMS"="10"
09-05 20:15:28.596  4480  4480 V lhd     : SetCfgValue: LHD config "LheMaxMcuResetTries"="3"
09-05 20:15:28.596  4480  4480 E lhd     : OpenFirmwareFile: Fail to open /efs/sec_efs/sensorhub_urgent_fw.patch, errno 2
09-05 20:15:28.596  4480  4480 E lhd     : getCustPatchVersion: Fail to parse patch /efs/sec_efs/sensorhub_urgent_fw.patch
09-05 20:15:28.596  4480  4480 E lhd     : getCustPatchVersion: <CustomerVersion> not found
09-05 20:15:28.655  3172  3172 D gpsd    : WakeLock(Acquire,GPSD)
09-05 20:15:28.655  3172  3172 D gpsd    : WakeLock(Release,GPSD)
09-05 20:15:28.655  3172  3172 D gpsd    : WakeLock(Acquire,GPSD)
09-05 20:15:28.655  3172  3172 D gpsd    : WakeLock(Release,GPSD)
09-05 20:15:28.655  4480  4480 D lhd     : OnIpcConnect
09-05 20:15:28.700  4477  4477 I dex2oat : dex2oat took 228.711ms (threads: 8) arena alloc=0B (0B) java alloc=27KB (28240B) native alloc=806KB (825448B) free=2MB (2451352B)
09-05 20:15:28.703  3565  3565 I PackageManager.DexOptimizer: Running dexopt (dex2oat) on: /system/app/ExactCalculator/ExactCalculator.apk pkg=com.android.calculator2 isa=arm64 vmSafeMode=false debuggable=false target-filter=verify-at-runtime oatDir = null sharedLibraries=null
09-05 20:15:28.719  4489  4489 I dex2oat : /system/bin/dex2oat --compiler-filter=verify-at-runtime
09-05 20:15:28.799  4489  4489 I dex2oat : dex2oat took 80.401ms (threads: 8) arena alloc=0B (0B) java alloc=31KB (32216B) native alloc=1106KB (1133552B) free=1453KB (1487888B)
09-05 20:15:28.802  3565  3565 I PackageManager.DexOptimizer: Running dexopt (dex2oat) on: /system/priv-app/Updater/Updater.apk pkg=org.lineageos.updater isa=arm64 vmSafeMode=false debuggable=false target-filter=verify-at-runtime oatDir = null sharedLibraries=null
09-05 20:15:28.818  4498  4498 I dex2oat : /system/bin/dex2oat --compiler-filter=verify-at-runtime
09-05 20:15:28.957  4498  4498 I dex2oat : dex2oat took 139.072ms (threads: 8) arena alloc=0B (0B) java alloc=27KB (28240B) native alloc=532KB (545624B) free=2MB (2600104B)
09-05 20:15:28.959  3565  3565 I PackageManager.DexOptimizer: Running dexopt (dex2oat) on: /system/priv-app/VpnDialogs/VpnDialogs.apk pkg=com.android.vpndialogs isa=arm64 vmSafeMode=false debuggable=false target-filter=verify-at-runtime oatDir = null sharedLibraries=null
09-05 20:15:28.975  4507  4507 I dex2oat : /system/bin/dex2oat --compiler-filter=verify-at-runtime
09-05 20:15:29.036  4507  4507 I dex2oat : dex2oat took 61.287ms (threads: 8) arena alloc=0B (0B) java alloc=27KB (28240B) native alloc=858KB (878672B) free=1189KB (1218480B)
09-05 20:15:29.038  3565  3565 I PackageManager.DexOptimizer: Running dexopt (dex2oat) on: /system/app/Email/Email.apk pkg=com.android.email isa=arm64 vmSafeMode=false debuggable=false target-filter=verify-at-runtime oatDir = null sharedLibraries=null
09-05 20:15:29.054  4516  4516 I dex2oat : /system/bin/dex2oat --compiler-filter=verify-at-runtime
09-05 20:15:29.284  4516  4516 I dex2oat : dex2oat took 229.954ms (threads: 8) arena alloc=0B (0B) java alloc=27KB (28240B) native alloc=637KB (653128B) free=2MB (3016888B)
09-05 20:15:29.287  3565  3565 I PackageManager.DexOptimizer: Running dexopt (dex2oat) on: /system/app/WallpaperBackup/WallpaperBackup.apk pkg=com.android.wallpaperbackup isa=arm64 vmSafeMode=false debuggable=false target-filter=verify-at-runtime oatDir = null sharedLibraries=null
09-05 20:15:29.303  4525  4525 I dex2oat : /system/bin/dex2oat --compiler-filter=verify-at-runtime
09-05 20:15:29.363  4525  4525 I dex2oat : dex2oat took 61.108ms (threads: 8) arena alloc=0B (0B) java alloc=31KB (32216B) native alloc=861KB (881744B) free=1186KB (1215408B)
09-05 20:15:29.366  3565  3565 I PackageManager.DexOptimizer: Running dexopt (dex2oat) on: /system/priv-app/BlockedNumberProvider/BlockedNumberProvider.apk pkg=com.android.providers.blockednumber isa=arm64 vmSafeMode=false debuggable=false target-filter=verify-at-runtime oatDir = null sharedLibraries=null
09-05 20:15:29.382  4534  4534 I dex2oat : /system/bin/dex2oat --compiler-filter=verify-at-runtime
09-05 20:15:29.464  4534  4534 I dex2oat : dex2oat took 82.561ms (threads: 8) arena alloc=0B (0B) java alloc=27KB (28240B) native alloc=1094KB (1120944B) free=1465KB (1500496B)
09-05 20:15:29.467  3565  3565 I PackageManager.DexOptimizer: Running dexopt (dex2oat) on: /system/app/UserDictionaryProvider/UserDictionaryProvider.apk pkg=com.android.providers.userdictionary isa=arm64 vmSafeMode=false debuggable=false target-filter=verify-at-runtime oatDir = null sharedLibraries=null
09-05 20:15:29.483  4543  4543 I dex2oat : /system/bin/dex2oat --compiler-filter=verify-at-runtime
09-05 20:15:29.506  4543  4543 I dex2oat : dex2oat took 23.903ms (threads: 8) arena alloc=0B (0B) java alloc=27KB (28240B) native alloc=886KB (907408B) free=1161KB (1189744B)
09-05 20:15:29.509  3565  3565 I PackageManager.DexOptimizer: Running dexopt (dex2oat) on: /system/priv-app/EmergencyInfo/EmergencyInfo.apk pkg=com.android.emergency isa=arm64 vmSafeMode=false debuggable=false target-filter=verify-at-runtime oatDir = null sharedLibraries=null
09-05 20:15:29.525  4552  4552 I dex2oat : /system/bin/dex2oat --compiler-filter=verify-at-runtime
09-05 20:15:29.584  4552  4552 I dex2oat : dex2oat took 59.527ms (threads: 8) arena alloc=0B (0B) java alloc=31KB (32216B) native alloc=684KB (700464B) free=2MB (2445264B)
09-05 20:15:29.587  3565  3565 I PackageManager.DexOptimizer: Running dexopt (dex2oat) on: /system/app/DeskClock/DeskClock.apk pkg=com.android.deskclock isa=arm64 vmSafeMode=false debuggable=false target-filter=verify-at-runtime oatDir = null sharedLibraries=null
09-05 20:15:29.603  4561  4561 I dex2oat : /system/bin/dex2oat --compiler-filter=verify-at-runtime
09-05 20:15:29.696  4561  4561 I dex2oat : dex2oat took 93.430ms (threads: 8) arena alloc=0B (0B) java alloc=27KB (28240B) native alloc=438KB (449320B) free=2MB (2696408B)
09-05 20:15:29.698  3565  3565 I PackageManager.DexOptimizer: Running dexopt (dex2oat) on: /system/app/Exchange2/Exchange2.apk pkg=com.android.exchange isa=arm64 vmSafeMode=false debuggable=false target-filter=verify-at-runtime oatDir = null sharedLibraries=null
09-05 20:15:29.714  4570  4570 I dex2oat : /system/bin/dex2oat --compiler-filter=verify-at-runtime
09-05 20:15:29.854  4570  4570 I dex2oat : dex2oat took 139.783ms (threads: 8) arena alloc=0B (0B) java alloc=27KB (28240B) native alloc=587KB (601592B) free=2MB (2544136B)
09-05 20:15:29.856  3565  3565 I PackageManager.DexOptimizer: Running dexopt (dex2oat) on: /system/app/BluetoothMidiService/BluetoothMidiService.apk pkg=com.android.bluetoothmidiservice isa=arm64 vmSafeMode=false debuggable=false target-filter=verify-at-runtime oatDir = null sharedLibraries=null
09-05 20:15:29.872  4579  4579 I dex2oat : /system/bin/dex2oat --compiler-filter=verify-at-runtime
09-05 20:15:29.891  4579  4579 I dex2oat : dex2oat took 18.954ms (threads: 8) arena alloc=0B (0B) java alloc=31KB (32208B) native alloc=858KB (878928B) free=1189KB (1218224B)
09-05 20:15:29.893  3565  3565 I PackageManager.DexOptimizer: Running dexopt (dex2oat) on: /system/app/Bluetooth/Bluetooth.apk pkg=com.android.bluetooth isa=arm vmSafeMode=false debuggable=false target-filter=verify-at-runtime oatDir = null sharedLibraries=/system/framework/javax.obex.jar
09-05 20:15:29.909  4588  4588 I dex2oat : /system/bin/dex2oat --compiler-filter=verify-at-runtime
09-05 20:15:30.210  4588  4588 I dex2oat : dex2oat took 301.334ms (threads: 8) arena alloc=0B (0B) java alloc=31KB (32240B) native alloc=694KB (711368B) free=2MB (2958648B)
09-05 20:15:30.213  3565  3565 I PackageManager.DexOptimizer: Running dexopt (dex2oat) on: /system/app/Development/Development.apk pkg=com.android.development isa=arm64 vmSafeMode=false debuggable=false target-filter=verify-at-runtime oatDir = null sharedLibraries=/system/framework/android.test.runner.jar
09-05 20:15:30.229  4597  4597 I dex2oat : /system/bin/dex2oat --compiler-filter=verify-at-runtime
09-05 20:15:30.298  4597  4597 I dex2oat : dex2oat took 69.147ms (threads: 8) arena alloc=0B (0B) java alloc=31KB (32192B) native alloc=1072KB (1098032B) free=1487KB (1523408B)
09-05 20:15:30.301  3565  3565 I PackageManager.DexOptimizer: Running dexopt (dex2oat) on: /system/app/WallpaperPicker/WallpaperPicker.apk pkg=com.android.wallpaperpicker isa=arm64 vmSafeMode=false debuggable=false target-filter=verify-at-runtime oatDir = null sharedLibraries=null
09-05 20:15:30.317  4606  4606 I dex2oat : /system/bin/dex2oat --compiler-filter=verify-at-runtime
09-05 20:15:30.384  4606  4606 I dex2oat : dex2oat took 67.480ms (threads: 8) arena alloc=0B (0B) java alloc=31KB (32216B) native alloc=1073KB (1099632B) free=1486KB (1521808B)
09-05 20:15:30.386  3565  3565 I PackageManager.DexOptimizer: Running dexopt (dex2oat) on: /system/priv-app/ContactsProvider/ContactsProvider.apk pkg=com.android.providers.contacts isa=arm64 vmSafeMode=false debuggable=false target-filter=verify-at-runtime oatDir = null sharedLibraries=null
09-05 20:15:30.402  4615  4615 I dex2oat : /system/bin/dex2oat --compiler-filter=verify-at-runtime
09-05 20:15:30.502  4615  4615 I dex2oat : dex2oat took 100.894ms (threads: 8) arena alloc=0B (0B) java alloc=31KB (32216B) native alloc=1133KB (1160496B) free=1938KB (1985232B)
09-05 20:15:30.505  3565  3565 I PackageManager.DexOptimizer: Running dexopt (dex2oat) on: /system/app/CaptivePortalLogin/CaptivePortalLogin.apk pkg=com.android.captiveportallogin isa=arm64 vmSafeMode=false debuggable=false target-filter=verify-at-runtime oatDir = null sharedLibraries=null
09-05 20:15:30.521  4624  4624 I dex2oat : /system/bin/dex2oat --compiler-filter=verify-at-runtime
09-05 20:15:30.582  4624  4624 I dex2oat : dex2oat took 61.089ms (threads: 8) arena alloc=0B (0B) java alloc=31KB (32208B) native alloc=858KB (878672B) free=1189KB (1218480B)
09-05 20:15:30.584  3565  3565 I PackageManager.DexOptimizer: Running dexopt (dex2oat) on: /system/priv-app/WeatherProvider/WeatherProvider.apk pkg=org.cyanogenmod.weather.provider isa=arm64 vmSafeMode=false debuggable=false target-filter=verify-at-runtime oatDir = null sharedLibraries=null
09-05 20:15:30.600  4633  4633 I dex2oat : /system/bin/dex2oat --compiler-filter=verify-at-runtime
09-05 20:15:30.663  4633  4633 I dex2oat : dex2oat took 63.202ms (threads: 8) arena alloc=0B (0B) java alloc=31KB (32216B) native alloc=1070KB (1095760B) free=1489KB (1525680B)
09-05 20:15:30.667  3565  3565 W PackageManager: No disk maintenance in 1504642530666; running immediately
09-05 20:15:30.667  3565  3565 I SystemServer: StartLockSettingsService
09-05 20:15:30.667  3565  4005 I MountService: Running fstrim idle maintenance
09-05 20:15:30.667  3565  3565 I SystemServiceManager: Starting com.android.server.LockSettingsService$Lifecycle
09-05 20:15:30.667  3565  4005 D VoldConnector: SND -> {3 fstrim dotrim}
09-05 20:15:30.669  3565  4006 D VoldConnector: RCV <- {200 3 Command succeeded}
09-05 20:15:30.669  3069  4642 D vold    : Starting trim of /cache
09-05 20:15:30.681  3565  3565 I SystemServiceManager: Starting com.android.server.DeviceIdleController
09-05 20:15:30.684  3565  3565 I SystemServiceManager: Starting com.android.server.devicepolicy.DevicePolicyManagerService$Lifecycle
09-05 20:15:30.688  3565  3565 I SystemServer: StartStatusBarManagerService
09-05 20:15:30.690  3565  3565 I SystemServer: StartClipboardService
09-05 20:15:30.692  3565  3565 I SystemServer: StartNetworkManagementService
09-05 20:15:30.693  3565  4643 I NetworkManagement: onDaemonConnected()
09-05 20:15:30.696  3565  3565 I SystemServiceManager: Starting com.android.server.TextServicesManagerService$Lifecycle
09-05 20:15:30.703  3565  3565 I SystemServer: StartNetworkScoreService
09-05 20:15:30.704  3069  4642 I vold    : Trimmed 507375616 bytes on /cache in 35ms
09-05 20:15:30.704  3069  4642 D vold    : Starting trim of /data
09-05 20:15:30.704  3565  4006 D VoldConnector: RCV <- {662 /cache 507375616 35077269}
09-05 20:15:30.704  3565  3565 I SystemServer: StartNetworkStatsService
09-05 20:15:30.709  3565  3565 I SystemServer: StartNetworkPolicyManagerService
09-05 20:15:30.712  3565  3565 I SystemServer: No Wi-Fi NAN Service (NAN support Not Present)
09-05 20:15:30.712  3565  3565 I SystemServiceManager: Starting com.android.server.wifi.p2p.WifiP2pService
09-05 20:15:30.741  3565  3565 I WifiP2pService: Registering wifip2p
09-05 20:15:30.743  3565  3565 I SystemServiceManager: Starting com.android.server.wifi.WifiService
09-05 20:15:30.797  3565  3565 D WifiStateMachine: fst disabled
09-05 20:15:30.805  3565  3565 D HS20    : Passpoint is enabled, false
09-05 20:15:30.834  3183  3503 D CommandListener: Clearing all IP addresses on wlan0
09-05 20:15:31.034  3565  3565 E WifiLogger: no ring buffers found
09-05 20:15:31.034  3565  3565 E WifiLogger: Failed to start packet fate monitoring
09-05 20:15:31.035  3565  4649 D WifiApConfigStore: 2G band allowed channels are:1,6,11
09-05 20:15:31.040  3565  4649 E WifiApConfigStore: Error reading hotspot configuration java.io.FileNotFoundException: /data/misc/wifi/softap.conf (No such file or directory)
09-05 20:15:31.040  3565  4649 D WifiApConfigStore: Fallback to use default AP configuration
09-05 20:15:31.042  3565  3565 D WifiController: isAirplaneModeOn = false, isWifiEnabled = true, isScanningAvailable = false
09-05 20:15:31.051  3565  3565 E WifiService: ensureConcurrencyFile template file doesnt existjava.io.FileNotFoundException: /etc/wifi/wifi_concurrency_cfg.txt (No such file or directory)
09-05 20:15:31.051  3565  3565 I WifiService: Registering wifi
09-05 20:15:31.052  3565  3565 I SystemServiceManager: Starting com.android.server.wifi.scanner.WifiScanningService
09-05 20:15:31.053  3565  3565 I WifiScanningService: Creating wifiscanner
09-05 20:15:31.055  3565  3565 I WifiScanningService: Publishing wifiscanner
09-05 20:15:31.056  3565  3565 I SystemServiceManager: Starting com.android.server.wifi.RttService
09-05 20:15:31.056  3565  3565 I RttService: Creating rttmanager
09-05 20:15:31.057  3565  3565 I RttService: Starting rttmanager
09-05 20:15:31.057  3565  3565 I SystemServiceManager: Starting com.android.server.ethernet.EthernetService
09-05 20:15:31.058  3565  3565 I EthernetServiceImpl: Creating EthernetConfigStore
09-05 20:15:31.058  3565  3565 E IpConfigStore: Error parsing configuration: java.io.FileNotFoundException: /data/misc/ethernet/ipconfig.txt (No such file or directory)
09-05 20:15:31.058  3565  3565 W EthernetConfigStore: No Ethernet configuration found. Using default.
09-05 20:15:31.058  3565  3565 I EthernetServiceImpl: Read stored IP configuration: IP assignment: DHCP
09-05 20:15:31.058  3565  3565 I EthernetServiceImpl: Proxy settings: NONE
09-05 20:15:31.059  3565  3565 I EthernetService: Registering service ethernet
09-05 20:15:31.059  3565  3565 I SystemServer: StartConnectivityService
09-05 20:15:31.071  3565  3565 D ConnectivityService: ConnectivityService starting up
09-05 20:15:31.076  3565  3565 D ConnectivityService: wifiOnly=false
09-05 20:15:31.094  3565  3565 I SystemServer: StartNsdService
09-05 20:15:31.097  3565  3565 I SystemServer: StartUpdateLockService
09-05 20:15:31.098  3565  3565 I SystemServiceManager: Starting com.android.server.RecoverySystemService
09-05 20:15:31.100  3565  3565 I SystemServiceManager: Starting com.android.server.notification.NotificationManagerService
09-05 20:15:31.113  3565  3565 D ConditionProviders.SCP: new ScheduleConditionProvider()
09-05 20:15:31.141  3565  3565 D ZenLog  : set_zen_mode: off,init
09-05 20:15:31.155  3565  3565 I SystemServiceManager: Starting com.android.server.storage.DeviceStorageMonitorService
09-05 20:15:31.158  3565  3565 I SystemServer: StartLocationManagerService
09-05 20:15:31.160  3565  3565 I SystemServer: StartCountryDetectorService
09-05 20:15:31.161  3565  3565 I SystemServer: StartSearchManagerService
09-05 20:15:31.161  3565  3565 I SystemServiceManager: Starting com.android.server.search.SearchManagerService$Lifecycle
09-05 20:15:31.163  3565  3565 I SystemServiceManager: Starting com.android.server.DropBoxManagerService
09-05 20:15:31.165  3565  3565 I SystemServer: StartWallpaperManagerService
09-05 20:15:31.165  3565  3565 I SystemServiceManager: Starting com.android.server.wallpaper.WallpaperManagerService$Lifecycle
09-05 20:15:31.168  3565  3565 E BitmapFactory: Unable to decode stream: java.io.FileNotFoundException: /data/system/users/0/wallpaper_orig (No such file or directory)
09-05 20:15:31.168  3565  3565 E WallpaperManagerService: Invalid wallpaper data
09-05 20:15:31.168  3565  3565 E WallpaperManagerService: Unable to apply new wallpaper
09-05 20:15:31.168  3565  3565 W WallpaperManagerService: no current wallpaper -- first boot?
09-05 20:15:31.169  3565  3565 I SystemServer: StartAudioService
09-05 20:15:31.169  3565  3565 I SystemServiceManager: Starting com.android.server.audio.AudioService$Lifecycle
09-05 20:15:31.173  3175  3236 D PermissionCache: checking android.permission.MODIFY_AUDIO_SETTINGS for uid=1000 => granted (592 us)
09-05 20:15:31.175  3565  3565 W TelecomManager: Telecom Service not found.
09-05 20:15:31.215  3565  3565 I SystemServiceManager: Starting com.android.server.DockObserver
09-05 20:15:31.217  3565  3565 I SystemServer: StartWiredAccessoryManager
09-05 20:15:31.218  3565  3565 W WiredAccessoryManager: This kernel does not have usb audio support
09-05 20:15:31.219  3565  3565 I SystemServiceManager: Starting com.android.server.usb.UsbService$Lifecycle
09-05 20:15:31.223  3565  3565 E UsbDeviceManager: failed to write to /sys/class/android_usb/android0/f_rndis/ethaddr
