09-05 23:22:27.571  5309  5429 I BrcmNfcNfa: NFC received ntf gid:0
09-05 23:22:27.571  5309  5429 I BrcmNfcNfa: nci_proc_core_ntf opcode:0x6
09-05 23:22:27.571  5309  5429 I BrcmNfcNfa: nfc_ncif_send_data :1, num_buff:1 qc:0
09-05 23:22:27.574  5367  5472 I TextToSpeech: Set up connection to ComponentInfo{com.svox.pico/com.svox.pico.PicoService}
09-05 23:22:27.583  5411  5411 I MediaProvider: Upgrading media database from version 0 to 800, which will destroy all old data
09-05 23:22:27.585  3568  3665 I ActivityManager: Displayed com.cyanogenmod.setupwizard/.WelcomeActivity: +565ms (total +720ms)
09-05 23:22:27.659  3164  3164 D gpsd    : WakeLock(Acquire,GPSD)
09-05 23:22:27.660  3164  3164 D gpsd    : WakeLock(Release,GPSD)
09-05 23:22:27.660  3164  3164 D gpsd    : WakeLock(Acquire,GPSD)
09-05 23:22:27.660  3164  3164 D gpsd    : WakeLock(Release,GPSD)
09-05 23:22:27.710  5475  5475 V lhd     : GlLhdInterface::Init(/system/etc/lhd.conf)
09-05 23:22:27.711  5475  5475 E lhd     : SetCfgValue: Critical Error. Unknown configuration parameter "FlpName"="tcp"
09-05 23:22:27.711  5475  5475 V lhd     : SetCfgValue: LHD config "LheSerialControl"="BBD:Serial=TTY"
09-05 23:22:27.711  5475  5475 E lhd     : SetCfgValue: Critical Error. Unknown configuration parameter "LheClockMHz"="100"
09-05 23:22:27.711  5475  5475 V lhd     : SetCfgValue: LHD config "LhePatch"="/dev/bbd_patch"
09-05 23:22:27.711  5475  5475 V lhd     : SetCfgValue: LHD config "LheMaxMcuResetTries"="4"
09-05 23:22:27.711  5475  5475 V lhd     : SetCfgValue: LHD config "LheBbdPacket"="/dev/ttyBCM"
09-05 23:22:27.711  5475  5475 V lhd     : SetCfgValue: LHD config "LheBbdControl"="/dev/bbd_control"
09-05 23:22:27.711  5475  5475 V lhd     : SetCfgValue: LHD config "LheBbdSensor"="/dev/bbd_sensor"
09-05 23:22:27.711  5475  5475 V lhd     : SetCfgValue: LHD config "Lhe477xDebugFlags"="RPC:FACILITY=33:STDOUT_PUTS:STDOUT_LOG"
09-05 23:22:27.711  5475  5475 E lhd     : SetCfgValue: Critical Error. Unknown configuration parameter "LheSensorIpc"="true"
09-05 23:22:27.711  5475  5475 E lhd     : SetCfgValue: Critical Error. Unknown configuration parameter "LhePinMux"="P17=M1"
09-05 23:22:27.711  5475  5475 V lhd     : SetCfgValue: LHD config "LheAutoBaudDelayMS"="10"
09-05 23:22:27.711  5475  5475 V lhd     : SetCfgValue: LHD config "LheMaxMcuResetTries"="3"
09-05 23:22:27.711  5475  5475 E lhd     : OpenFirmwareFile: Fail to open /efs/sec_efs/sensorhub_urgent_fw.patch, errno 2
09-05 23:22:27.711  5475  5475 E lhd     : getCustPatchVersion: Fail to parse patch /efs/sec_efs/sensorhub_urgent_fw.patch
09-05 23:22:27.712  5475  5475 E lhd     : getCustPatchVersion: <CustomerVersion> not found
09-05 23:22:27.774  3164  3164 D gpsd    : WakeLock(Acquire,GPSD)
09-05 23:22:27.774  3164  3164 D gpsd    : WakeLock(Release,GPSD)
09-05 23:22:27.774  3164  3164 D gpsd    : WakeLock(Acquire,GPSD)
09-05 23:22:27.774  3164  3164 D gpsd    : WakeLock(Release,GPSD)
09-05 23:22:27.775  5475  5475 D lhd     : OnIpcConnect
09-05 23:22:27.957  5411  5411 D MediaProvider: Adjusting external storage paths to: /storage/emulated/0
09-05 23:22:28.032  5411  5411 E SQLiteLog: (1) no such table: album_info
09-05 23:22:28.254  5411  5411 D MediaScannerReceiver: action: android.intent.action.MEDIA_MOUNTED path: /storage/emulated/0
09-05 23:22:28.366  3568  4005 I InputReader: Reconfiguring input devices.  changes=0x00000010
09-05 23:22:28.372  3568  3658 I ActivityManager: Start proc 5482:com.android.managedprovisioning/u0a16 for broadcast com.android.managedprovisioning/.PreBootListener
09-05 23:22:28.379  4893  4898 I art     : Do partial code cache collection, code=226KB, data=180KB
09-05 23:22:28.380  4893  4898 I art     : After code cache collection, code=223KB, data=178KB
09-05 23:22:28.380  4893  4898 I art     : Increasing code cache capacity to 1024KB
09-05 23:22:28.384  3568  5346 I PackageManager: Replacing preferred activity com.android.messaging/.ui.conversation.LaunchConversationActivity for user 0:
09-05 23:22:28.384  3568  5346 I PackageManager:   Action: "android.intent.action.SENDTO"
09-05 23:22:28.385  3568  5346 I PackageManager:   Category: "android.intent.category.DEFAULT"
09-05 23:22:28.385  3568  5346 I PackageManager:   Scheme: "sms"
09-05 23:22:28.385  3568  5346 I PackageManager:   AutoVerify=false
09-05 23:22:28.392  3568  5342 I PackageManager: Replacing preferred activity com.android.messaging/.ui.conversation.LaunchConversationActivity for user 0:
09-05 23:22:28.392  3568  5342 I PackageManager:   Action: "android.intent.action.SENDTO"
09-05 23:22:28.392  3568  5342 I PackageManager:   Category: "android.intent.category.DEFAULT"
09-05 23:22:28.392  3568  5342 I PackageManager:   Scheme: "smsto"
09-05 23:22:28.393  3568  5342 I PackageManager:   AutoVerify=false
09-05 23:22:28.393  3568  3657 W Searchables: No global search activity found
09-05 23:22:28.397  3568  3656 I PackageManager: Replacing preferred activity com.android.messaging/.ui.conversation.LaunchConversationActivity for user 0:
09-05 23:22:28.397  3568  3656 I PackageManager:   Action: "android.intent.action.SENDTO"
09-05 23:22:28.397  3568  3656 I PackageManager:   Category: "android.intent.category.DEFAULT"
09-05 23:22:28.397  3568  3656 I PackageManager:   Scheme: "mms"
09-05 23:22:28.397  3568  3656 I PackageManager:   AutoVerify=false
09-05 23:22:28.402  3568  3655 I PackageManager: Replacing preferred activity com.android.messaging/.ui.conversation.LaunchConversationActivity for user 0:
09-05 23:22:28.403  3568  3655 I PackageManager:   Action: "android.intent.action.SENDTO"
09-05 23:22:28.403  3568  3655 I PackageManager:   Category: "android.intent.category.DEFAULT"
09-05 23:22:28.403  3568  3655 I PackageManager:   Scheme: "mmsto"
09-05 23:22:28.403  3568  3655 I PackageManager:   AutoVerify=false
09-05 23:22:28.429  3568  4005 I InputReader: Reconfiguring input devices.  changes=0x00000010
09-05 23:22:28.488  3568  4005 I InputReader: Reconfiguring input devices.  changes=0x00000010
09-05 23:22:28.508  5482  5482 W System  : ClassLoader referenced unknown path: /system/priv-app/ManagedProvisioning/lib/arm64
09-05 23:22:28.532  5309  5309 D RegisteredNfcFServicesCache: Service unchanged, not updating
09-05 23:22:28.551  5482  5482 I gedprovisioning: type=1400 audit(0.0:244): avc: denied { write } for name="com.android.managedprovisioning" dev="sda24" ino=3121217 scontext=u:r:platform_app:s0:c512,c768 tcontext=u:object_r:system_data_file:s0 tclass=dir permissive=1
09-05 23:22:28.551  5482  5482 I gedprovisioning: type=1400 audit(0.0:244): avc: denied { add_name } for name="code_cache" scontext=u:r:platform_app:s0:c512,c768 tcontext=u:object_r:system_data_file:s0 tclass=dir permissive=1
09-05 23:22:28.551  5482  5482 I gedprovisioning: type=1400 audit(0.0:244): avc: denied { create } for name="code_cache" scontext=u:r:platform_app:s0:c512,c768 tcontext=u:object_r:system_data_file:s0:c512,c768 tclass=dir permissive=1
09-05 23:22:28.551  5482  5482 W gedprovisioning: type=1300 audit(0.0:244): arch=c00000b7 syscall=34 success=yes exit=0 a0=ffffff9c a1=7f7aa11cc0 a2=1f9 a3=7f8694f514 items=0 ppid=3165 auid=4294967295 uid=10016 gid=10016 euid=10016 suid=10016 fsuid=10016 egid=10016 sgid=10016 fsgid=10016 tty=(none) ses=4294967295 exe="/system/bin/app_process64" subj=u:r:platform_app:s0:c512,c768 key=(null)
09-05 23:22:28.551  3076  3076 W auditd  : type=1327 audit(0.0:244): proctitle="com.android.managedprovisioning"
09-05 23:22:28.551  3076  3076 W auditd  : type=1320 audit(0.0:244): 
09-05 23:22:28.555  5482  5482 I gedprovisioning: type=1400 audit(0.0:245): avc: denied { setattr } for name="code_cache" dev="sda24" ino=3121318 scontext=u:r:platform_app:s0:c512,c768 tcontext=u:object_r:system_data_file:s0:c512,c768 tclass=dir permissive=1
09-05 23:22:28.555  5482  5482 W gedprovisioning: type=1300 audit(0.0:245): arch=c00000b7 syscall=53 success=yes exit=0 a0=ffffff9c a1=7f7aa11d00 a2=1f9 a3=0 items=0 ppid=3165 auid=4294967295 uid=10016 gid=10016 euid=10016 suid=10016 fsuid=10016 egid=10016 sgid=10016 fsgid=10016 tty=(none) ses=4294967295 exe="/system/bin/app_process64" subj=u:r:platform_app:s0:c512,c768 key=(null)
09-05 23:22:28.555  3076  3076 W auditd  : type=1327 audit(0.0:245): proctitle="com.android.managedprovisioning"
09-05 23:22:28.555  3076  3076 W auditd  : type=1320 audit(0.0:245): 
09-05 23:22:28.585  5309  5309 D RegisteredNfcFServicesCache: Service unchanged, not updating
09-05 23:22:28.589  4893  4893 E PhoneInterfaceManager: [PhoneIntfMgr] getCarrierPackageNamesForIntent: No UICC
09-05 23:22:28.589  4893  4893 D CarrierSvcBindHelper: No carrier app for: 0
09-05 23:22:28.590  4893  4893 E PhoneInterfaceManager: [PhoneIntfMgr] getCarrierPackageNamesForIntent: No UICC
09-05 23:22:28.590  4893  4893 D CarrierSvcBindHelper: No carrier app for: 1
09-05 23:22:28.610  3568  3568 I DefaultPermGrantPolicy: Granting permissions to default sms app for user:0
09-05 23:22:28.626  5309  5309 D RegisteredNfcFServicesCache: Service unchanged, not updating
09-05 23:22:28.627  3568  5346 I PreBootBroadcaster: Pre-boot of {com.android.providers.calendar/com.android.providers.calendar.CalendarUpgradeReceiver} for user 0
09-05 23:22:28.641  5185  5185 D CellBroadcastReceiver: onReceive Intent { act=android.intent.action.SIM_STATE_CHANGED flg=0x4000010 cmp=com.android.cellbroadcastreceiver/.CellBroadcastReceiver (has extras) }
09-05 23:22:28.643  3568  3568 D ZenLog  : disable_effects: 0|android|0|PreBootBroadcaster|1000,booleanState
09-05 23:22:28.651  3568  3657 W Searchables: No global search activity found
09-05 23:22:28.662  3568  3657 W ResourceType: No known package when getting value for resource number 0x7f020125
09-05 23:22:28.662  3568  3657 W ResourceType: No known package when getting value for resource number 0x7f0c050a
09-05 23:22:28.662  3568  3657 W ResourceType: No known package when getting value for resource number 0x7f020124
09-05 23:22:28.662  3568  3657 W ResourceType: No known package when getting value for resource number 0x7f0c0a9b
09-05 23:22:28.662  3568  3657 W ResourceType: No known package when getting value for resource number 0x7f020123
09-05 23:22:28.662  3568  3657 W ResourceType: No known package when getting value for resource number 0x7f0c0955
09-05 23:22:28.672  3568  3657 W Searchables: No global search activity found
09-05 23:22:28.707  4893  4893 E PhoneInterfaceManager: [PhoneIntfMgr] getCarrierPackageNamesForIntent: No UICC
09-05 23:22:28.707  4893  4893 D CarrierSvcBindHelper: No carrier app for: 0
09-05 23:22:28.712  4893  4893 E PhoneInterfaceManager: [PhoneIntfMgr] getCarrierPackageNamesForIntent: No UICC
09-05 23:22:28.712  4893  4893 D CarrierSvcBindHelper: No carrier app for: 1
09-05 23:22:28.799  4893  4893 E PhoneInterfaceManager: [PhoneIntfMgr] getCarrierPackageNamesForIntent: No UICC
09-05 23:22:28.799  4893  4893 D CarrierSvcBindHelper: No carrier app for: 0
09-05 23:22:28.800  4893  4893 E PhoneInterfaceManager: [PhoneIntfMgr] getCarrierPackageNamesForIntent: No UICC
09-05 23:22:28.801  4893  4893 D CarrierSvcBindHelper: No carrier app for: 1
09-05 23:22:28.816  4935  4935 D SimSelectNotification:  no of slots 2 provision = false
09-05 23:22:28.840  3568  3656 I ActivityManager: Start proc 5503:com.android.providers.calendar/u0a4 for broadcast com.android.providers.calendar/.CalendarUpgradeReceiver
09-05 23:22:28.895  5309  5468 I SecHAL  : device_sleep: NFC can be going to sleep
09-05 23:22:28.910  5503  5503 W System  : ClassLoader referenced unknown path: /system/priv-app/CalendarProvider/lib/arm64
09-05 23:22:29.080  5503  5503 I CalendarDatabaseHelper: Bootstrapping database
09-05 23:22:29.081  5411  5496 V MediaScanner: pruneDeadThumbnailFiles... android.content.ContentProviderClient$CursorWrapperInner@e96ad69
09-05 23:22:29.083  5411  5496 V MediaScanner: /pruneDeadThumbnailFiles... android.content.ContentProviderClient$CursorWrapperInner@e96ad69
09-05 23:22:29.217  5503  5503 I CalendarProvider2: Created com.android.providers.calendar.CalendarAlarmManager@456b6b5(com.android.providers.calendar.CalendarProvider2@995214a)
09-05 23:22:29.349  5503  5503 I CalendarUpgradeReceiver: Creating or opening calendar database
09-05 23:22:29.351  3568  3656 I PreBootBroadcaster: Pre-boot of {com.android.providers.contacts/com.android.providers.contacts.ContactsUpgradeReceiver} for user 0
09-05 23:22:29.372  3568  3656 I ActivityManager: Start proc 5521:android.process.acore/u0a3 for broadcast com.android.providers.contacts/.ContactsUpgradeReceiver
09-05 23:22:29.380  3568  3568 D ZenLog  : disable_effects: 0|android|0|PreBootBroadcaster|1000,booleanState
09-05 23:22:29.456  5521  5521 W System  : ClassLoader referenced unknown path: /system/priv-app/ContactsProvider/lib/arm64
09-05 23:22:29.590  5309  5429 I BrcmNfcNfa: nfa_sys_ptim_timer_update expired: 7f509bb0
09-05 23:22:29.590  5309  5429 I BrcmNfcNfa: NFA got event 0x0216
09-05 23:22:29.590  5309  5429 I BrcmNfcNfa: nfa_ee_evt_hdlr (): Event NFA_EE_DISCV_TIMEOUT_EVT(0x216), State: INIT_DONE(1)
09-05 23:22:29.590  5309  5429 D NfcAdaptation: NfcAdaptation::HalWrite
09-05 23:22:29.590  5309  5429 I SecHAL  : nfc_hal_write: enter;
09-05 23:22:29.590  5309  5429 I SecHAL  : nfc_hal_write: exit;
09-05 23:22:29.590  5309  5429 I BrcmNfcNfa: nfa_hci_ee_info_cback (): 1
09-05 23:22:29.590  5309  5429 I BrcmNfcNfa: NFA_EeGetInfo em_state:1 cur_ee:2
09-05 23:22:29.590  5309  5429 I BrcmNfcNfa: xx:0 max_ret:3, num_ret:0 ee_status:0x0
09-05 23:22:29.590  5309  5429 I BrcmNfcNfa: xx:1 max_ret:3, num_ret:1 ee_status:0x1
09-05 23:22:29.590  5309  5429 I BrcmNfcNfa: num_ret:2
09-05 23:22:29.590  5309  5434 D SecHAL  : nfc_hal_task: Got a event: HAL_EVT_WRITE(3)
09-05 23:22:29.590  5309  5434 D SecHAL  : nfc_hal_task: current state: SERVICE
09-05 23:22:29.590  5309  5434 I SecHAL  : device_wakeup: Wakeup! in 80 ms
09-05 23:22:29.620  5309  5429 I BrcmNfcNfa: nfa_sys_ptim_timer_update expired: 7f50a318
09-05 23:22:29.620  5309  5429 I BrcmNfcNfa: ptim timer stop
09-05 23:22:29.620  5309  5429 I BrcmNfcNfa: NFA got event 0x0812
09-05 23:22:29.620  5309  5429 I BrcmNfcNfa: nfa_hci_evt_hdlr state: WAIT_NETWK_ENABLE (2) event: RESPONSE_TIMEOUT_EVT (0x0812)
09-05 23:22:29.620  5309  5429 I BrcmNfcNfa: nfa_hci_rsp_timeout () State: 2  Cmd: 1
09-05 23:22:29.620  5309  5429 I BrcmNfcNfa: nfa_hciu_send_msg pipe_id:1   Type: COMMAND [0x00] Inst: ANY_GET_PARAMETER [0x02]   len:1
09-05 23:22:29.620  5309  5429 D BrcmHcpX: 810204
09-05 23:22:29.620  5309  5429 I BrcmNfcNfa: nfc_ncif_send_data :1, num_buff:1 qc:0
09-05 23:22:29.620  5309  5429 D NfcAdaptation: NfcAdaptation::HalWrite
09-05 23:22:29.620  5309  5429 I SecHAL  : nfc_hal_write: enter;
09-05 23:22:29.620  5309  5429 I SecHAL  : nfc_hal_write: exit;
09-05 23:22:29.620  5309  5429 I BrcmNfcNfa: nfa_sys_ptim_start_timer 7f50a318
09-05 23:22:29.621  5309  5429 I BrcmNfcNfa: ptim timer start
09-05 23:22:29.670  5309  5434 I SecHAL  : device_wakeup: exit
09-05 23:22:29.671  5309  5434 I SecHAL  : OSI_timer_start: enter,osi_lock
09-05 23:22:29.671  5309  5434 I SecHAL  : OSI_timer_start: before pthread_create for timer thread
09-05 23:22:29.671  5309  5434 I SecHAL  : OSI_timer_start: after pthread_create for timer thread
09-05 23:22:29.671  5309  5434 I SecHAL  : OSI_timer_start: before osi_unlock
09-05 23:22:29.671  5309  5434 I SecHAL  : OSI_timer_start: exit
09-05 23:22:29.671  5309  5434 I SecHAL  : device_write: enter
09-05 23:22:29.671  5309  5434 I SecHAL  : device_write: before system call
09-05 23:22:29.672  5309  5433 D SecHAL  : read_thread: Sent message to HAL message task, remind que: 3
09-05 23:22:29.672  5309  5434 I SecHAL  : device_write: after system call
09-05 23:22:29.672  5309  5434 D SecHAL  : data_trace:  Send(  4) 22 00 01   00 
09-05 23:22:29.672  5309  5434 I SecHAL  : device_write: exit
09-05 23:22:29.672  5309  5434 D SecHAL  : nfc_hal_task: Got a event: HAL_EVT_WRITE(3)
09-05 23:22:29.672  5309  5434 D SecHAL  : nfc_hal_task: current state: SERVICE
09-05 23:22:29.672  5309  5434 I SecHAL  : OSI_timer_start: enter,osi_lock
09-05 23:22:29.672  5309  5434 I SecHAL  : OSI_timer_start: before osi_unlock
09-05 23:22:29.672  5309  5434 I SecHAL  : OSI_timer_start: exit
09-05 23:22:29.672  5309  5434 I SecHAL  : device_write: enter
09-05 23:22:29.672  5309  5434 I SecHAL  : device_write: before system call
09-05 23:22:29.672  5309  5434 I SecHAL  : device_write: after system call
09-05 23:22:29.672  5309  5434 D SecHAL  : data_trace:  Send(  6) 01 00 03   81 02 04 
09-05 23:22:29.672  5309  5434 I SecHAL  : device_write: exit
09-05 23:22:29.672  5309  5434 D SecHAL  : nfc_hal_task: Got a event: HAL_EVT_READ(4)
09-05 23:22:29.672  5309  5434 D SecHAL  : nfc_hal_task: current state: SERVICE
09-05 23:22:29.673  5309  5434 D SecHAL  : data_trace:  Recv(  5) 42 00 02   00 00 
09-05 23:22:29.673  5309  5434 I SecHAL  : OSI_timer_start: enter,osi_lock
09-05 23:22:29.673  5309  5434 I SecHAL  : OSI_timer_start: before osi_unlock
09-05 23:22:29.673  5309  5434 I SecHAL  : OSI_timer_start: exit
09-05 23:22:29.673  5309  5434 I SecHAL  : nfc_data_callback: !
09-05 23:22:29.673  5309  5434 D NfcAdaptation: NfcAdaptation::HalDeviceContextDataCallback: len=5
09-05 23:22:29.673  5309  5433 D SecHAL  : read_thread: Sent message to HAL message task, remind que: 2
09-05 23:22:29.673  5309  5434 D SecHAL  : nfc_hal_task: Got a event: HAL_EVT_READ(4)
09-05 23:22:29.673  5309  5434 D SecHAL  : nfc_hal_task: current state: SERVICE
09-05 23:22:29.673  5309  5429 I BrcmNfcNfa: NFC received rsp gid:2
09-05 23:22:29.673  5309  5429 I BrcmNfcNfa: nci_proc_ee_management_rsp opcode:0x0
09-05 23:22:29.673  5309  5429 I BrcmNfcNfa: nfa_dm_nfc_response_cback () NFC_NFCEE_DISCOVER_REVT(0x5004)
09-05 23:22:29.673  5309  5429 I BrcmNfcNfa: nfa_ee_proc_evt: event=0x5004 int_event:0x20d
09-05 23:22:29.673  5309  5429 I BrcmNfcNfa: nfa_ee_evt_hdlr (): Event NCI_DISC_RSP(0x20d), State: INIT_DONE(1)
09-05 23:22:29.673  5309  5434 D SecHAL  : data_trace:  Recv(  9) 01 00 06   81 80 00 01 02 03 
09-05 23:22:29.673  5309  5434 I SecHAL  : OSI_timer_start: enter,osi_lock
09-05 23:22:29.673  5309  5429 I BrcmNfcNfa: nfa_ee_nci_disc_rsp() em_state:1 cur_ee:2, num_nfcee:0
09-05 23:22:29.673  5309  5434 I SecHAL  : OSI_timer_start: before osi_unlock
09-05 23:22:29.673  5309  5434 I SecHAL  : OSI_timer_start: exit
09-05 23:22:29.673  5309  5429 I BrcmNfcNfa: nfa_ee_report_disc_done() em_state:1 num_ee_expecting:0 notify_enable_done:0
09-05 23:22:29.673  5309  5434 I SecHAL  : nfc_data_callback: !
09-05 23:22:29.673  5309  5429 I BrcmNfcNfa: nfa_ee_nci_disc_rsp() em_state:1 cur_ee:2 num_ee_expecting:0
09-05 23:22:29.673  5309  5434 D NfcAdaptation: NfcAdaptation::HalDeviceContextDataCallback: len=9
09-05 23:22:29.673  5309  5429 I BrcmNfcNfa: NFC received data
09-05 23:22:29.673  5309  5429 I BrcmNfcNfa: nfc_ncif_proc_data 0x010006
09-05 23:22:29.673  5309  5429 I BrcmNfcNfa: nfc_ncif_proc_data len:6
09-05 23:22:29.673  5309  5429 I BrcmNfcNfa: nfa_sys_ptim_stop_timer 7f50a318
09-05 23:22:29.673  5309  5429 I BrcmNfcNfa: ptim timer stop
09-05 23:22:29.674  5309  5429 D BrcmHcpR: 818000010203
09-05 23:22:29.674  5309  5429 I BrcmNfcNfa: nfa_hci_conn_cback Recvd data pipe:1  Type: RESPONSE [0x02] Resp: ANY_OK [0x00]   chain:1  assmbl:0  len:6
09-05 23:22:29.674  5309  5429 I BrcmNfcNfa: nfa_hci_handle_admin_gate_rsp - LastCmdSent: ANY_GET_PARAMETER  App: 0x0000  Gate: 0x00  Pipe: 0x01
09-05 23:22:29.674  5309  5429 I BrcmNfcNfa: nfa_hci_startup_complete (): Status: 0
09-05 23:22:29.674  5309  5429 I BrcmNfcNfa: nfa_sys_ptim_stop_timer 7f50a318
09-05 23:22:29.674  5309  5429 I BrcmNfcNfa: ptim timer stop
09-05 23:22:29.674  5309  5429 I BrcmNfcNfa: nfa_sys_cback_notify_enable_complete () enable_cplt_flags=0x1cc, enable_cplt_mask=0x1cc
09-05 23:22:29.674  5309  5429 D BrcmNfcJni: nfaDeviceManagementCallback: enter; event=0x0
09-05 23:22:29.674  5309  5429 D BrcmNfcJni: nfaDeviceManagementCallback: NFA_DM_ENABLE_EVT; status=0x0
09-05 23:22:29.674  5309  5429 I BrcmNfcNfa: NFA got event 0x0813
09-05 23:22:29.674  5309  5429 I BrcmNfcNfa: nfa_hci_evt_hdlr state: IDLE (3) event: CHECK_QUEUE (0x0813)
09-05 23:22:29.674  5309  5429 D         : nfa_nv_co_write: bytes=288; file=/data/nfc/nfaStorage.bin1
09-05 23:22:29.674  5309  5429 D         : nfa_nv_co_write: 288 bytes written
09-05 23:22:29.675  5309  5429 I BrcmNfcNfa: NFA got event 0x0811
09-05 23:22:29.675  5309  5429 I BrcmNfcNfa: nfa_hci_evt_hdlr state: IDLE (3) event: NV_WRITE_EVT (0x0811)
09-05 23:22:29.675  5309  5417 E         : bool CNxpNfcConfig::readConfig(const char *, bool) Cannot open config file /etc/libnfc-nxp.conf
09-05 23:22:29.675  5309  5417 E         : bool CNxpNfcConfig::readConfig(const char *, bool) Using default value for all settings
09-05 23:22:29.675  5309  5417 D         : phNxpLog_InitializeLogLevel: global =1, Fwdnld =1, extns =1,                 hal =1, tml =1, ncir =1,                 ncix =1
09-05 23:22:29.675  5309  5417 D BrcmNfcJni: RoutingManager::initialize(): try ee register
09-05 23:22:29.675  5309  5417 I BrcmNfcNfa: NFA_EeRegister()
09-05 23:22:29.675  5309  5433 D SecHAL  : read_thread: Sent message to HAL message task, remind que: 2
09-05 23:22:29.675  5309  5434 D SecHAL  : nfc_hal_task: Got a event: HAL_EVT_READ(4)
09-05 23:22:29.675  5309  5434 D SecHAL  : nfc_hal_task: current state: SERVICE
09-05 23:22:29.676  5309  5434 D SecHAL  : data_trace:  Recv(  6) 60 06 03   01 01 01 
09-05 23:22:29.676  5309  5434 I SecHAL  : OSI_timer_start: enter,osi_lock
09-05 23:22:29.676  5309  5434 I SecHAL  : OSI_timer_start: before osi_unlock
09-05 23:22:29.676  5309  5434 I SecHAL  : OSI_timer_start: exit
09-05 23:22:29.676  5309  5434 I SecHAL  : nfc_data_callback: !
09-05 23:22:29.676  5309  5434 D NfcAdaptation: NfcAdaptation::HalDeviceContextDataCallback: len=6
09-05 23:22:29.676  5309  5429 I BrcmNfcNfa: NFC received ntf gid:0
09-05 23:22:29.676  5309  5429 I BrcmNfcNfa: nci_proc_core_ntf opcode:0x6
09-05 23:22:29.676  5309  5429 I BrcmNfcNfa: nfc_ncif_send_data :1, num_buff:1 qc:0
09-05 23:22:29.676  5309  5429 I BrcmNfcNfa: NFA got event 0x0201
09-05 23:22:29.676  5309  5429 I BrcmNfcNfa: nfa_ee_evt_hdlr (): Event API_REGISTER(0x201), State: INIT_DONE(1)
09-05 23:22:29.676  5309  5429 D BrcmNfcJni: RoutingManager::nfaEeCallback: NFA_EE_REGISTER_EVT; status=0
09-05 23:22:29.676  5309  5429 D BrcmNfcJni: nfaEeCallback: NFA_EE_DISCOVER_REQ_EVT; status=0x0; num ee=0
09-05 23:22:29.676  5309  5417 D BrcmNfcJni: RoutingManager::initialize(): Technology Routing (NfcASe:0x02, NfcFSe:0x00)
09-05 23:22:29.676  5309  5417 D BrcmNfcJni: RoutingManager::initialize(): Number of EE is 0
09-05 23:22:29.676  5309  5417 I BrcmNfcNfa: NFA_CeSetIsoDepListenTech (): 0x1
09-05 23:22:29.676  5309  5417 I BrcmNfcNfa: NFA_CeRegisterAidOnDH ()
09-05 23:22:29.676  5309  5417 D BrcmNfcJni: nativeNfcTag_registerNdefTypeHandler
09-05 23:22:29.676  5309  5417 I BrcmNfcNfa: NFA_RegisterNDefTypeHandler (): handle whole ndef message: 1, tnf=0xff
09-05 23:22:29.676  5309  5417 D BrcmNfcJni: NfcTag::resetTechnologies
09-05 23:22:29.676  5309  5417 D NfcAdaptation: const CNfcParam *CNfcConfig::find(const char *) const found PRESENCE_CHECK_ALGORITHM=(0x5)
09-05 23:22:29.676  5309  5417 D BrcmNfcJni: PeerToPeer::initialize
09-05 23:22:29.676  5309  5417 D NfcAdaptation: const CNfcParam *CNfcConfig::find(const char *) const found P2P_LISTEN_TECH_MASK=(0xC4)
09-05 23:22:29.676  5309  5417 D BrcmNfcJni: PeerToPeer::handleNfcOnOff: enter; is on=1
09-05 23:22:29.676  5309  5417 D BrcmNfcJni: PeerToPeer::handleNfcOnOff: exit
09-05 23:22:29.677  5309  5417 D NfcAdaptation: const CNfcParam *CNfcConfig::find(const char *) const found POLLING_TECH_MASK=(0xEF)
09-05 23:22:29.677  5309  5417 D BrcmNfcJni: nfcManager_doInitialize: tag polling tech mask=0xEF
09-05 23:22:29.677  5309  5417 D NfcAdaptation: const CNfcParam *CNfcConfig::find(const char *) const found NFA_DM_DISC_DURATION_POLL=(0x1F4)
09-05 23:22:29.677  5309  5417 I BrcmNfcNfa: NFA_SetRfDiscoveryDuration ()
09-05 23:22:29.677  5309  5417 I BrcmNfcNfa: NFA_GetConfig (): num_ids: 1
09-05 23:22:29.677  5309  5429 I BrcmNfcNfa: NFA got event 0x0703
09-05 23:22:29.677  5309  5429 I BrcmNfcNfa: nfa_ce_handle_event event: NFA_CE_API_CFG_ISODEP_TECH_EVT (0x703), flags: 00000000
09-05 23:22:29.677  5309  5429 I BrcmNfcNfa: NFA got event 0x0701
09-05 23:22:29.677  5309  5429 I BrcmNfcNfa: nfa_ce_handle_event event: NFA_CE_API_REG_LISTEN_EVT (0x701), flags: 00000000
09-05 23:22:29.677  5309  5429 I BrcmNfcNfa: Registering UICC/Felica/Type-4 tag listener. Type=1
09-05 23:22:29.677  5309  5429 I BrcmNfcNfa: NFA_CE: adding listen_info entry 1
09-05 23:22:29.677  5309  5429 I BrcmNfcNfa: CE_T4tRegisterAID (): registering callback for wildcard AID 
09-05 23:22:29.677  5309  5429 I BrcmNfcNfa: CE_T4tRegisterAID (): handle 0x04 registered (for wildcard AID)
09-05 23:22:29.677  5309  5429 I BrcmNfcNfa: nfa_dm_add_rf_discover () disc_mask=0x40000
09-05 23:22:29.677  5309  5429 I BrcmNfcNfa: nfa_ce_api_reg_listen: registered handle 0x0301
09-05 23:22:29.677  5309  5429 D BrcmNfcJni: RoutingManager::stackCallback: event=0x15
09-05 23:22:29.677  5309  5429 D BrcmNfcJni: RoutingManager::stackCallback: NFA_CE_REGISTERED_EVT; status=0x0; h=0x301
09-05 23:22:29.677  5309  5429 I BrcmNfcNfa: NFA got event 0x0115
09-05 23:22:29.677  5309  5429 I BrcmNfcNfa: nfa_dm_evt_hdlr event: NFA_DM_API_REG_NDEF_HDLR_EVT (0x15)
09-05 23:22:29.677  5309  5429 I BrcmNfcNfa: Default NDEF handler successfully registered.
09-05 23:22:29.677  5309  5429 I BrcmNfcNfa: NDEF handler successfully registered. Handle=0x00000200
09-05 23:22:29.677  5309  5429 D BrcmNfcJni: ndefHandlerCallback: event=0, eventData=0x7f79f00320
09-05 23:22:29.677  5309  5429 D BrcmNfcJni: ndefHandlerCallback: NFA_NDEF_REGISTER_EVT; status=0x0; h=0x200
09-05 23:22:29.677  5309  5429 I BrcmNfcNfa: NFA got event 0x0110
09-05 23:22:29.677  5309  5429 I BrcmNfcNfa: nfa_dm_evt_hdlr event: NFA_DM_API_SET_RF_DISC_DURATION_EVT (0x10)
09-05 23:22:29.677  5309  5429 I BrcmNfcNfa: NFA got event 0x0103
09-05 23:22:29.677  5309  5429 I BrcmNfcNfa: nfa_dm_evt_hdlr event: NFA_DM_API_GET_CONFIG_EVT (0x03)
09-05 23:22:29.677  5309  5429 D NfcAdaptation: NfcAdaptation::HalWrite
09-05 23:22:29.677  5309  5429 I SecHAL  : nfc_hal_write: enter;
09-05 23:22:29.677  5309  5429 I SecHAL  : nfc_hal_write: exit;
09-05 23:22:29.678  5309  5434 D SecHAL  : nfc_hal_task: Got a event: HAL_EVT_WRITE(3)
09-05 23:22:29.678  5309  5434 D SecHAL  : nfc_hal_task: current state: SERVICE
09-05 23:22:29.678  5309  5434 I SecHAL  : OSI_timer_start: enter,osi_lock
09-05 23:22:29.678  5309  5434 I SecHAL  : OSI_timer_start: before osi_unlock
09-05 23:22:29.678  5309  5434 I SecHAL  : OSI_timer_start: exit
09-05 23:22:29.678  5309  5434 I SecHAL  : device_write: enter
09-05 23:22:29.678  5309  5434 I SecHAL  : device_write: before system call
09-05 23:22:29.678  5309  5434 I SecHAL  : device_write: after system call
09-05 23:22:29.678  5309  5434 D SecHAL  : data_trace:  Send(  5) 20 03 02   01 52 
09-05 23:22:29.678  5309  5434 I SecHAL  : device_write: exit
09-05 23:22:29.678  5309  5433 D SecHAL  : read_thread: Sent message to HAL message task, remind que: 2
09-05 23:22:29.678  5309  5434 D SecHAL  : nfc_hal_task: Got a event: HAL_EVT_READ(4)
09-05 23:22:29.679  5309  5434 D SecHAL  : nfc_hal_task: current state: SERVICE
09-05 23:22:29.679  5309  5434 D SecHAL  : data_trace:  Recv(  8) 40 03 05   00 01 52 01 01 
09-05 23:22:29.679  5309  5434 I SecHAL  : OSI_timer_start: enter,osi_lock
09-05 23:22:29.679  5309  5434 I SecHAL  : OSI_timer_start: before osi_unlock
09-05 23:22:29.679  5309  5434 I SecHAL  : OSI_timer_start: exit
09-05 23:22:29.679  5309  5434 I SecHAL  : nfc_data_callback: !
09-05 23:22:29.679  5309  5434 D NfcAdaptation: NfcAdaptation::HalDeviceContextDataCallback: len=8
09-05 23:22:29.679  5309  5429 I BrcmNfcNfa: NFC received rsp gid:0
09-05 23:22:29.680  5309  5429 I BrcmNfcNfa: nci_proc_core_rsp opcode:0x3
09-05 23:22:29.680  5309  5429 I BrcmNfcNfa: nfa_dm_nfc_response_cback () NFC_GET_CONFIG_REVT(0x5003)
09-05 23:22:29.680  5309  5429 D BrcmNfcJni: nfaDeviceManagementCallback: enter; event=0x3
09-05 23:22:29.680  5309  5429 D BrcmNfcJni: nfaDeviceManagementCallback: NFA_DM_GET_CONFIG_EVT
09-05 23:22:29.680  5309  5417 D BrcmNfcJni: nfcManager_doInitialize: lfT3tMax=1
09-05 23:22:29.680  5309  5417 I BrcmNfcNfa: NFA_SetConfig (): param_id:0xC5
09-05 23:22:29.680  5309  5429 I BrcmNfcNfa: NFA got event 0x0102
09-05 23:22:29.680  5309  5429 I BrcmNfcNfa: nfa_dm_evt_hdlr event: NFA_DM_API_SET_CONFIG_EVT (0x02)
09-05 23:22:29.680  5309  5429 I BrcmNfcNfa: nfa_dm_check_set_config ()
09-05 23:22:29.680  5309  5429 D NfcAdaptation: NfcAdaptation::HalWrite
09-05 23:22:29.680  5309  5429 I SecHAL  : nfc_hal_write: enter;
09-05 23:22:29.680  5309  5429 I SecHAL  : nfc_hal_write: exit;
09-05 23:22:29.680  5309  5434 D SecHAL  : nfc_hal_task: Got a event: HAL_EVT_WRITE(3)
09-05 23:22:29.680  5309  5434 D SecHAL  : nfc_hal_task: current state: SERVICE
09-05 23:22:29.680  5309  5434 I SecHAL  : OSI_timer_start: enter,osi_lock
09-05 23:22:29.680  5309  5434 I SecHAL  : OSI_timer_start: before osi_unlock
09-05 23:22:29.680  5309  5434 I SecHAL  : OSI_timer_start: exit
09-05 23:22:29.680  5309  5434 I SecHAL  : device_write: enter
09-05 23:22:29.680  5309  5434 I SecHAL  : device_write: before system call
09-05 23:22:29.683  5309  5434 I SecHAL  : device_write: after system call
09-05 23:22:29.683  5309  5434 D SecHAL  : data_trace:  Send(  7) 20 02 04   01 c5 01 01 
09-05 23:22:29.683  5309  5434 I SecHAL  : device_write: exit
09-05 23:22:29.683  5309  5434 D SecHAL  : nfc_hal_task: Got a event: HAL_EVT_READ(4)
09-05 23:22:29.683  5309  5433 D SecHAL  : read_thread: Sent message to HAL message task, remind que: 2
09-05 23:22:29.683  5309  5434 D SecHAL  : nfc_hal_task: current state: SERVICE
09-05 23:22:29.683  5309  5434 D SecHAL  : data_trace:  Recv(  6) 40 02 03   09 01 c5 
09-05 23:22:29.683  5309  5434 I SecHAL  : OSI_timer_start: enter,osi_lock
09-05 23:22:29.683  5309  5434 I SecHAL  : OSI_timer_start: before osi_unlock
09-05 23:22:29.683  5309  5434 I SecHAL  : OSI_timer_start: exit
09-05 23:22:29.683  5309  5434 I SecHAL  : nfc_data_callback: !
09-05 23:22:29.683  5309  5434 D NfcAdaptation: NfcAdaptation::HalDeviceContextDataCallback: len=6
09-05 23:22:29.683  5309  5429 I BrcmNfcNfa: NFC received rsp gid:0
09-05 23:22:29.684  5309  5429 I BrcmNfcNfa: nci_proc_core_rsp opcode:0x2
09-05 23:22:29.684  5309  5429 I BrcmNfcNfa: nfa_dm_nfc_response_cback () NFC_SET_CONFIG_REVT(0x5002)
09-05 23:22:29.684  5309  5429 D BrcmNfcJni: nfaDeviceManagementCallback: enter; event=0x2
09-05 23:22:29.684  5309  5429 D BrcmNfcJni: nfaDeviceManagementCallback: NFA_DM_SET_CONFIG_EVT
09-05 23:22:29.684  5309  5417 D BrcmNfcJni: PowerSwitch::setLevel: level=PS-LOW-POWER (2)
09-05 23:22:29.684  5309  5417 D BrcmNfcJni: PowerSwitch::setLevel: actual power level=PS-FULL
09-05 23:22:29.684  5309  5417 D BrcmNfcJni: nfcManager_doInitialize: exit
09-05 23:22:29.691  5309  5417 D NdefPushServer: start, thread = null
09-05 23:22:29.692  5309  5539 D BrcmNfcJni: nfcManager_doCreateLlcpServiceSocket: enter: sap=4; name=urn:nfc:sn:snep; miu=1980; rw=2; buffLen=1024
09-05 23:22:29.691  5309  5417 D NdefPushServer: starting new server thread
09-05 23:22:29.693  5309  5539 D BrcmNfcJni: PeerToPeer::registerServer: enter; service name: urn:nfc:sn:snep  JNI handle: 1
09-05 23:22:29.693  5309  5539 D BrcmNfcJni: PeerToPeer::registerServer: added new p2p server  index: 0  handle: 1  name: urn:nfc:sn:snep
09-05 23:22:29.693  5309  5539 D BrcmNfcJni: P2pServer::registerWithStack: enter; service name: urn:nfc:sn:snep  JNI handle: 1
09-05 23:22:29.693  5309  5539 I BrcmNfcNfa: NFA_P2pSetLLCPConfig ():link_miu:2175, opt:0x03, wt:7, link_timeout:1000
09-05 23:22:29.693  5309  5539 I BrcmNfcNfa:                        inact_timeout(init:0, target:0), symm_delay:20, data_link_timeout:2000
09-05 23:22:29.693  5309  5539 I BrcmNfcNfa:                        delay_first_pdu_timeout:50
09-05 23:22:29.693  5309  5539 I BrcmNfcNfa: NFA_P2pRegisterServer (): server_sap:0x04, link_type:0x2, SN:<urn:nfc:sn:snep>
09-05 23:22:29.693  5309  5539 D BrcmNfcJni: P2pServer::registerWithStack: wait for listen-completion event
09-05 23:22:29.693  5309  5429 I BrcmNfcNfa: NFA got event 0x030C
09-05 23:22:29.693  5309  5429 I BrcmNfcNfa: nfa_p2p_evt_hdlr (): LLCP State [Link IDLE], Event [API_SET_LLCP_CFG_EVT]
09-05 23:22:29.693  5309  5429 I BrcmNfcNfa: LLCP_SetConfig () link_miu:2175, opt:0x03, wt:7, link_timeout:1000
09-05 23:22:29.693  5309  5429 I BrcmNfcNfa:                  inact_timeout (init:0,target:0), symm_delay:20, data_link_timeout:2000
09-05 23:22:29.693  5309  5429 I BrcmNfcNfa:                  delay_first_pdu_timeout:50
09-05 23:22:29.693  5309  5429 I BrcmNfcNfa: NFA got event 0x0300
09-05 23:22:29.693  5309  5429 I BrcmNfcNfa: nfa_p2p_evt_hdlr (): LLCP State [Link IDLE], Event [API_REG_SERVER]
09-05 23:22:29.693  5309  5429 I BrcmNfcNfa: nfa_p2p_reg_server ()
09-05 23:22:29.693  5309  5429 I BrcmNfcNfa: LLCP_RegisterServer (): SAP:0x4, link_type:0x2, ServiceName:<urn:nfc:sn:snep>
09-05 23:22:29.694  5309  5429 I BrcmNfcNfa: LLCP_RegisterServer (): Registered SAP = 0x04
09-05 23:22:29.694  5309  5429 I BrcmNfcNfa: nfa_p2p_enable_listening () sys_id = 3, update_wks = 1
09-05 23:22:29.694  5309  5429 D BrcmNfcJni: PeerToPeer::nfaServerCallback: enter; event=0x0
09-05 23:22:29.694  5309  5429 D BrcmNfcJni: PeerToPeer::nfaServerCallback: NFA_P2P_REG_SERVER_EVT; handle: 0x0504; service sap=0x04  name: urn:nfc:sn:snep
09-05 23:22:29.694  5309  5429 D BrcmNfcJni: PeerToPeer::nfaServerCallback: exit
09-05 23:22:29.695  5309  5541 D NdefPushServer: about create LLCP service socket
09-05 23:22:29.695  5309  5541 D BrcmNfcJni: nfcManager_doCreateLlcpServiceSocket: enter: sap=16; name=com.android.npp; miu=248; rw=1; buffLen=1024
09-05 23:22:29.696  5309  5541 D BrcmNfcJni: PeerToPeer::registerServer: enter; service name: com.android.npp  JNI handle: 2
09-05 23:22:29.696  5309  5541 D BrcmNfcJni: PeerToPeer::registerServer: added new p2p server  index: 1  handle: 2  name: com.android.npp
09-05 23:22:29.696  5309  5541 D BrcmNfcJni: P2pServer::registerWithStack: enter; service name: com.android.npp  JNI handle: 2
09-05 23:22:29.696  5309  5541 I BrcmNfcNfa: NFA_P2pSetLLCPConfig ():link_miu:2175, opt:0x03, wt:7, link_timeout:1000
09-05 23:22:29.696  5309  5541 I BrcmNfcNfa:                        inact_timeout(init:0, target:0), symm_delay:20, data_link_timeout:2000
09-05 23:22:29.696  5309  5541 I BrcmNfcNfa:                        delay_first_pdu_timeout:50
09-05 23:22:29.696  5309  5429 I BrcmNfcNfa: NFA got event 0x030C
09-05 23:22:29.696  5309  5429 I BrcmNfcNfa: nfa_p2p_evt_hdlr (): LLCP State [Link IDLE], Event [API_SET_LLCP_CFG_EVT]
09-05 23:22:29.696  5309  5429 I BrcmNfcNfa: LLCP_SetConfig () link_miu:2175, opt:0x03, wt:7, link_timeout:1000
09-05 23:22:29.696  5309  5429 I BrcmNfcNfa:                  inact_timeout (init:0,target:0), symm_delay:20, data_link_timeout:2000
09-05 23:22:29.696  5309  5429 I BrcmNfcNfa:                  delay_first_pdu_timeout:50
09-05 23:22:29.696  5309  5541 I BrcmNfcNfa: NFA_P2pRegisterServer (): server_sap:0xff, link_type:0x2, SN:<com.android.npp>
09-05 23:22:29.696  5309  5429 I BrcmNfcNfa: NFA got event 0x0300
09-05 23:22:29.696  5309  5429 I BrcmNfcNfa: nfa_p2p_evt_hdlr (): LLCP State [Link IDLE], Event [API_REG_SERVER]
09-05 23:22:29.696  5309  5429 I BrcmNfcNfa: nfa_p2p_reg_server ()
09-05 23:22:29.696  5309  5429 I BrcmNfcNfa: LLCP_RegisterServer (): SAP:0xff, link_type:0x2, ServiceName:<com.android.npp>
09-05 23:22:29.696  5309  5429 I BrcmNfcNfa: LLCP_RegisterServer (): Registered SAP = 0x10
09-05 23:22:29.696  5309  5429 D BrcmNfcJni: PeerToPeer::nfaServerCallback: enter; event=0x0
09-05 23:22:29.696  5309  5429 D BrcmNfcJni: PeerToPeer::nfaServerCallback: NFA_P2P_REG_SERVER_EVT; handle: 0x0510; service sap=0x10  name: com.android.npp
09-05 23:22:29.697  5309  5542 D BrcmNfcJni: nfcManager_doCreateLlcpServiceSocket: enter: sap=20; name=urn:nfc:sn:handover; miu=128; rw=1; buffLen=1024
09-05 23:22:29.698  5309  5542 D BrcmNfcJni: PeerToPeer::registerServer: enter; service name: urn:nfc:sn:handover  JNI handle: 3
09-05 23:22:29.698  5309  5542 D BrcmNfcJni: PeerToPeer::registerServer: added new p2p server  index: 2  handle: 3  name: urn:nfc:sn:handover
09-05 23:22:29.698  5309  5542 D BrcmNfcJni: P2pServer::registerWithStack: enter; service name: urn:nfc:sn:handover  JNI handle: 3
09-05 23:22:29.698  5309  5542 I BrcmNfcNfa: NFA_P2pSetLLCPConfig ():link_miu:2175, opt:0x03, wt:7, link_timeout:1000
09-05 23:22:29.698  5309  5542 I BrcmNfcNfa:                        inact_timeout(init:0, target:0), symm_delay:20, data_link_timeout:2000
09-05 23:22:29.698  5309  5542 I BrcmNfcNfa:                        delay_first_pdu_timeout:50
09-05 23:22:29.698  5309  5542 I BrcmNfcNfa: NFA_P2pRegisterServer (): server_sap:0xff, link_type:0x2, SN:<urn:nfc:sn:handover>
09-05 23:22:29.698  5309  5542 D BrcmNfcJni: P2pServer::registerWithStack: wait for listen-completion event
09-05 23:22:29.699  5309  5539 D BrcmNfcJni: PeerToPeer::registerServer: got new p2p server h=0x504
09-05 23:22:29.699  5309  5539 D BrcmNfcJni: nfcManager_doCreateLlcpServiceSocket: socket Handle = 0x1
09-05 23:22:29.699  5309  5539 D BrcmNfcJni: nfcManager_doCreateLlcpServiceSocket: buffer length = 1024
09-05 23:22:29.699  5309  5539 D BrcmNfcJni: nfcManager_doCreateLlcpServiceSocket: MIU = 1980
09-05 23:22:29.699  5309  5539 D BrcmNfcJni: nfcManager_doCreateLlcpServiceSocket:  RW = 2
09-05 23:22:29.700  5309  5539 D BrcmNfcJni: nfcManager_doCreateLlcpServiceSocket: exit
09-05 23:22:29.700  5309  5539 D BrcmNfcJni: nativeLlcpServiceSocket_doAccept: enter
09-05 23:22:29.700  5309  5539 D BrcmNfcJni: PeerToPeer::accept: enter; server jni handle: 1; conn jni handle: 4; maxInfoUnit: 1980; recvWindow: 2
09-05 23:22:29.700  5309  5539 D BrcmNfcJni: P2pServer::accept: serverJniHandle: 1; connJniHandle: 4; wait for incoming connection
09-05 23:22:29.700  5309  5541 D BrcmNfcJni: P2pServer::registerWithStack: wait for listen-completion event
09-05 23:22:29.700  5309  5429 D BrcmNfcJni: PeerToPeer::nfaServerCallback: exit
09-05 23:22:29.700  5309  5429 I BrcmNfcNfa: NFA got event 0x030C
09-05 23:22:29.700  5309  5429 I BrcmNfcNfa: nfa_p2p_evt_hdlr (): LLCP State [Link IDLE], Event [API_SET_LLCP_CFG_EVT]
09-05 23:22:29.700  5309  5429 I BrcmNfcNfa: LLCP_SetConfig () link_miu:2175, opt:0x03, wt:7, link_timeout:1000
09-05 23:22:29.700  5309  5429 I BrcmNfcNfa:                  inact_timeout (init:0,target:0), symm_delay:20, data_link_timeout:2000
09-05 23:22:29.700  5309  5429 I BrcmNfcNfa:                  delay_first_pdu_timeout:50
09-05 23:22:29.700  5309  5429 I BrcmNfcNfa: NFA got event 0x0300
09-05 23:22:29.700  5309  5429 I BrcmNfcNfa: nfa_p2p_evt_hdlr (): LLCP State [Link IDLE], Event [API_REG_SERVER]
09-05 23:22:29.700  5309  5429 I BrcmNfcNfa: nfa_p2p_reg_server ()
09-05 23:22:29.700  5309  5429 I BrcmNfcNfa: LLCP_RegisterServer (): SAP:0xff, link_type:0x2, ServiceName:<urn:nfc:sn:handover>
09-05 23:22:29.700  5309  5429 I BrcmNfcNfa: LLCP_RegisterServer (): Registered SAP = 0x11
09-05 23:22:29.700  5309  5429 D BrcmNfcJni: PeerToPeer::nfaServerCallback: enter; event=0x0
09-05 23:22:29.700  5309  5429 D BrcmNfcJni: PeerToPeer::nfaServerCallback: NFA_P2P_REG_SERVER_EVT; handle: 0x0511; service sap=0x11  name: urn:nfc:sn:handover
09-05 23:22:29.700  5309  5429 D BrcmNfcJni: PeerToPeer::nfaServerCallback: exit
09-05 23:22:29.700  5309  5542 D BrcmNfcJni: PeerToPeer::registerServer: got new p2p server h=0x511
09-05 23:22:29.700  5309  5541 D BrcmNfcJni: PeerToPeer::registerServer: got new p2p server h=0x510
09-05 23:22:29.700  5309  5542 D BrcmNfcJni: nfcManager_doCreateLlcpServiceSocket: socket Handle = 0x3
09-05 23:22:29.700  5309  5541 D BrcmNfcJni: nfcManager_doCreateLlcpServiceSocket: socket Handle = 0x2
09-05 23:22:29.700  5309  5542 D BrcmNfcJni: nfcManager_doCreateLlcpServiceSocket: buffer length = 1024
09-05 23:22:29.701  5309  5541 D BrcmNfcJni: nfcManager_doCreateLlcpServiceSocket: buffer length = 1024
09-05 23:22:29.701  5309  5542 D BrcmNfcJni: nfcManager_doCreateLlcpServiceSocket: MIU = 128
09-05 23:22:29.701  5309  5541 D BrcmNfcJni: nfcManager_doCreateLlcpServiceSocket: MIU = 248
09-05 23:22:29.701  5309  5542 D BrcmNfcJni: nfcManager_doCreateLlcpServiceSocket:  RW = 1
09-05 23:22:29.701  5309  5541 D BrcmNfcJni: nfcManager_doCreateLlcpServiceSocket:  RW = 1
09-05 23:22:29.701  5309  5542 D BrcmNfcJni: nfcManager_doCreateLlcpServiceSocket: exit
09-05 23:22:29.701  5309  5541 D BrcmNfcJni: nfcManager_doCreateLlcpServiceSocket: exit
09-05 23:22:29.701  5309  5542 D BrcmNfcJni: nativeLlcpServiceSocket_doAccept: enter
09-05 23:22:29.701  5309  5541 D NdefPushServer: created LLCP service socket
09-05 23:22:29.701  5309  5542 D BrcmNfcJni: PeerToPeer::accept: enter; server jni handle: 3; conn jni handle: 5; maxInfoUnit: 128; recvWindow: 1
09-05 23:22:29.701  5309  5541 D NdefPushServer: about to accept
09-05 23:22:29.701  5309  5542 D BrcmNfcJni: P2pServer::accept: serverJniHandle: 3; connJniHandle: 5; wait for incoming connection
09-05 23:22:29.701  5309  5541 D BrcmNfcJni: nativeLlcpServiceSocket_doAccept: enter
09-05 23:22:29.701  5309  5541 D BrcmNfcJni: PeerToPeer::accept: enter; server jni handle: 2; conn jni handle: 6; maxInfoUnit: 248; recvWindow: 1
09-05 23:22:29.701  5309  5541 D BrcmNfcJni: P2pServer::accept: serverJniHandle: 2; connJniHandle: 6; wait for incoming connection
09-05 23:22:29.718  5309  5544 E WVMExtractor: Failed to open libwvm.so: dlopen failed: library "libwvm.so" not found
09-05 23:22:29.718  5309  5417 W Settings: Setting device_provisioned has moved from android.provider.Settings.Secure to android.provider.Settings.Global.
09-05 23:22:29.722  5309  5417 D BrcmNfcJni: nfcManager_enableDiscovery: enter; tech_mask = ef
09-05 23:22:29.722  5309  5417 D BrcmNfcJni: PowerSwitch::setLevel: level=PS-FULL (1)
09-05 23:22:29.722  5309  5417 D BrcmNfcJni: stopPolling_rfDiscoveryDisabled: disable polling
09-05 23:22:29.722  5309  5417 I BrcmNfcNfa: NFA_DisablePolling ()
09-05 23:22:29.722  5309  5429 I BrcmNfcNfa: NFA got event 0x0107
09-05 23:22:29.722  5309  5429 I BrcmNfcNfa: nfa_dm_evt_hdlr event: NFA_DM_API_DISABLE_POLLING_EVT (0x07)
09-05 23:22:29.722  5309  5429 I BrcmNfcNfa: nfa_dm_act_disable_polling ()
09-05 23:22:29.722  5309  5429 D BrcmNfcJni: nfaConnectionCallback: event= 1
09-05 23:22:29.722  5309  5429 D BrcmNfcJni: nfaConnectionCallback: NFA_POLL_DISABLED_EVT: status = 3
09-05 23:22:29.722  5309  5417 I BrcmNfcNfa: NFA_GetConfig (): num_ids: 1
09-05 23:22:29.722  5309  5429 I BrcmNfcNfa: NFA got event 0x0103
09-05 23:22:29.722  5309  5429 I BrcmNfcNfa: nfa_dm_evt_hdlr event: NFA_DM_API_GET_CONFIG_EVT (0x03)
09-05 23:22:29.722  5309  5429 D NfcAdaptation: NfcAdaptation::HalWrite
09-05 23:22:29.723  5309  5429 I SecHAL  : nfc_hal_write: enter;
09-05 23:22:29.723  5309  5429 I SecHAL  : nfc_hal_write: exit;
09-05 23:22:29.723  5309  5434 D SecHAL  : nfc_hal_task: Got a event: HAL_EVT_WRITE(3)
09-05 23:22:29.723  5309  5434 D SecHAL  : nfc_hal_task: current state: SERVICE
09-05 23:22:29.723  5309  5434 I SecHAL  : OSI_timer_start: enter,osi_lock
09-05 23:22:29.723  5309  5434 I SecHAL  : OSI_timer_start: before osi_unlock
09-05 23:22:29.723  5309  5434 I SecHAL  : OSI_timer_start: exit
09-05 23:22:29.723  5309  5434 I SecHAL  : device_write: enter
09-05 23:22:29.723  5309  5434 I SecHAL  : device_write: before system call
09-05 23:22:29.723  5309  5434 I SecHAL  : device_write: after system call
09-05 23:22:29.723  5309  5434 D SecHAL  : data_trace:  Send(  5) 20 03 02   01 b9 
09-05 23:22:29.723  5309  5434 I SecHAL  : device_write: exit
09-05 23:22:29.723  5309  5433 D SecHAL  : read_thread: Sent message to HAL message task, remind que: 2
09-05 23:22:29.724  5309  5434 D SecHAL  : nfc_hal_task: Got a event: HAL_EVT_READ(4)
09-05 23:22:29.724  5309  5434 D SecHAL  : nfc_hal_task: current state: SERVICE
09-05 23:22:29.724  5309  5434 D SecHAL  : data_trace:  Recv(  7) 40 03 04   09 01 b9 00 
09-05 23:22:29.724  5309  5434 I SecHAL  : OSI_timer_start: enter,osi_lock
09-05 23:22:29.724  5309  5434 I SecHAL  : OSI_timer_start: before osi_unlock
09-05 23:22:29.724  5309  5434 I SecHAL  : OSI_timer_start: exit
09-05 23:22:29.724  5309  5434 I SecHAL  : nfc_data_callback: !
09-05 23:22:29.724  5309  5434 D NfcAdaptation: NfcAdaptation::HalDeviceContextDataCallback: len=7
09-05 23:22:29.724  5309  5429 I BrcmNfcNfa: NFC received rsp gid:0
09-05 23:22:29.724  5309  5429 I BrcmNfcNfa: nci_proc_core_rsp opcode:0x3
09-05 23:22:29.724  5309  5429 I BrcmNfcNfa: nfa_dm_nfc_response_cback () NFC_GET_CONFIG_REVT(0x5003)
09-05 23:22:29.724  5309  5429 D BrcmNfcJni: nfaDeviceManagementCallback: enter; event=0x3
09-05 23:22:29.724  5309  5429 D BrcmNfcJni: nfaDeviceManagementCallback: NFA_DM_GET_CONFIG_EVT
09-05 23:22:29.724  5309  5429 E BrcmNfcJni: nfaDeviceManagementCallback: NFA_DM_GET_CONFIG failed
09-05 23:22:29.724  5309  5417 E BrcmNfcJni: enableDisableLptd: Config TLV length 0 returned is too short
09-05 23:22:29.724  5309  5417 D BrcmNfcJni: startPolling_rfDiscoveryDisabled: enable polling
09-05 23:22:29.724  5309  5417 I BrcmNfcNfa: NFA_EnablePolling () 0xEF
09-05 23:22:29.724  5309  5417 D BrcmNfcJni: startPolling_rfDiscoveryDisabled: wait for enable event
09-05 23:22:29.725  5309  5429 I BrcmNfcNfa: NFA got event 0x0106
09-05 23:22:29.725  5309  5429 I BrcmNfcNfa: nfa_dm_evt_hdlr event: NFA_DM_API_ENABLE_POLLING_EVT (0x06)
09-05 23:22:29.725  5309  5429 I BrcmNfcNfa: nfa_dm_act_enable_polling ()
09-05 23:22:29.725  5309  5429 I BrcmNfcNfa: nfa_dm_start_polling ()
09-05 23:22:29.725  5309  5429 I BrcmNfcNfa: nfa_dm_add_rf_discover () disc_mask=0x3d7f
09-05 23:22:29.725  5309  5429 D BrcmNfcJni: nfaConnectionCallback: event= 0
09-05 23:22:29.725  5309  5429 D BrcmNfcJni: nfaConnectionCallback: NFA_POLL_ENABLED_EVT: status = 0
09-05 23:22:29.725  5309  5417 D BrcmNfcJni: nfcManager_enableDiscovery: Enable p2pListening
09-05 23:22:29.725  5309  5417 D BrcmNfcJni: PeerToPeer::enableP2pListening: enter isEnable: 1  mIsP2pListening: 0
09-05 23:22:29.725  5309  5417 I BrcmNfcNfa: NFA_P2pSetListenTech (): tech_mask:0xC4
09-05 23:22:29.727  5309  5429 I BrcmNfcNfa: NFA got event 0x010D
09-05 23:22:29.727  5309  5429 I BrcmNfcNfa: nfa_dm_evt_hdlr event: NFA_DM_API_SET_P2P_LISTEN_TECH_EVT (0x0d)
09-05 23:22:29.727  5309  5429 I BrcmNfcNfa: nfa_dm_set_p2p_listen_tech ()  tech_mask = 196
09-05 23:22:29.727  5309  5429 I BrcmNfcNfa: nfa_p2p_update_listen_tech ()  tech_mask = 0xc4
09-05 23:22:29.727  5309  5429 I BrcmNfcNfa: nfa_p2p_enable_listening () sys_id = 3, update_wks = 0
09-05 23:22:29.727  5309  5429 I BrcmNfcNfa: nfa_dm_add_rf_discover () disc_mask=0xc400000
09-05 23:22:29.727  5309  5429 D BrcmNfcJni: nfaConnectionCallback: event= 33
09-05 23:22:29.727  5309  5429 D BrcmNfcJni: nfaConnectionCallback: NFA_SET_P2P_LISTEN_TECH_EVT
09-05 23:22:29.727  5309  5417 D BrcmNfcJni: PeerToPeer::enableP2pListening: exit; mIsP2pListening: 1
09-05 23:22:29.727  5309  5417 I BrcmNfcNfa: NFA_ResumeP2p ()
09-05 23:22:29.727  5309  5417 I BrcmNfcNfa: NFA_EeSetDefaultTechRouting(): handle:<0x3>technology_mask:<0x1>/<0x0>/<0x0>
09-05 23:22:29.727  5309  5417 I BrcmNfcNfa: nfa_ee_find_ecb ()
09-05 23:22:29.727  5309  5417 E BrcmNfcNfa: Bad ee_handle
09-05 23:22:29.727  5309  5417 E BrcmNfcJni: Fail to set default tech routing for Nfc-A
09-05 23:22:29.728  5309  5417 I BrcmNfcNfa: NFA_EeSetDefaultProtoRouting(): handle:<0x3>protocol_mask:<0x8>/<0x0>/<0x0>
09-05 23:22:29.728  5309  5417 I BrcmNfcNfa: nfa_ee_find_ecb ()
09-05 23:22:29.728  5309  5417 E BrcmNfcNfa: Bad ee_handle
09-05 23:22:29.728  5309  5417 E BrcmNfcJni: Fail to set default proto routing for IsoDep
09-05 23:22:29.728  5309  5417 I BrcmNfcNfa: NFA_EeSetDefaultTechRouting(): handle:<0x0>technology_mask:<0x4>/<0x0>/<0x0>
09-05 23:22:29.728  5309  5417 I BrcmNfcNfa: nfa_ee_find_ecb ()
09-05 23:22:29.728  5309  5429 I BrcmNfcNfa: NFA got event 0x010B
09-05 23:22:29.728  5309  5429 I BrcmNfcNfa: nfa_dm_evt_hdlr event: NFA_DM_API_RESUME_P2P_EVT (0x0b)
09-05 23:22:29.728  5309  5429 I BrcmNfcNfa: nfa_dm_act_resume_p2p ()
09-05 23:22:29.728  5309  5429 D BrcmNfcJni: nfaConnectionCallback: event= 39
09-05 23:22:29.728  5309  5429 E BrcmNfcJni: nfaConnectionCallback: unknown event ????
09-05 23:22:29.728  5309  5429 I BrcmNfcNfa: NFA got event 0x0204
09-05 23:22:29.728  5309  5429 I BrcmNfcNfa: nfa_ee_evt_hdlr (): Event API_SET_TECH_CFG(0x204), State: INIT_DONE(1)
09-05 23:22:29.728  5309  5429 I BrcmNfcNfa: nfa_ee_update_route_size nfcee_id:0x0 size_mask:5
09-05 23:22:29.728  5309  5429 I BrcmNfcNfa: nfa_ee_total_lmrt_size size:5
09-05 23:22:29.728  5309  5429 I BrcmNfcNfa: nfa_dm_is_active () flags:0x5
09-05 23:22:29.728  5309  5429 I BrcmNfcNfa: nfa_sys_ptim_start_timer 7f509b80
09-05 23:22:29.728  5309  5429 I BrcmNfcNfa: ptim timer start
09-05 23:22:29.728  5309  5429 D BrcmNfcJni: RoutingManager::nfaEeCallback: NFA_EE_SET_TECH_CFG_EVT; status=0x0
09-05 23:22:29.728  5309  5417 I BrcmNfcNfa: NFA_EeSetDefaultProtoRouting(): handle:<0x0>protocol_mask:<0x4>/<0x0>/<0x0>
09-05 23:22:29.728  5309  5417 I BrcmNfcNfa: nfa_ee_find_ecb ()
09-05 23:22:29.728  5309  5429 I BrcmNfcNfa: NFA got event 0x0205
09-05 23:22:29.728  5309  5429 I BrcmNfcNfa: nfa_ee_evt_hdlr (): Event API_SET_PROTO_CFG(0x205), State: INIT_DONE(1)
09-05 23:22:29.728  5309  5429 I BrcmNfcNfa: nfa_ee_update_route_size nfcee_id:0x0 size_mask:10
09-05 23:22:29.728  5309  5429 I BrcmNfcNfa: nfa_ee_total_lmrt_size size:10
09-05 23:22:29.729  5309  5429 I BrcmNfcNfa: nfa_dm_is_active () flags:0x5
