09-08 08:26:13.920  3179  3179 E McClient:   *****************************
09-08 08:26:13.920  3179  3179 E tlc_communication:   *****************************
09-08 08:26:13.920  3179  3179 E tlc_communication:   *** ERROR: Free WSM for Driver is failed : 7
09-08 08:26:13.920  3179  3179 E tlc_communication:   *** Detected in tlc_close/182()
09-08 08:26:13.920  3179  3179 E tlc_communication:   *****************************
09-08 08:26:13.921  3179  3179 I tlc_communication: Closing MobiCore device;189
09-08 08:26:13.921  3179  3179 E McClient:   *****************************
09-08 08:26:13.921  3179  3179 E McClient:   *** ERROR: Device not open
09-08 08:26:13.921  3179  3179 E McClient:   *** Detected in mcCloseDevice/292()
09-08 08:26:13.921  3179  3179 E McClient:   *****************************
09-08 08:26:13.921  3179  3179 E tlc_communication:   *****************************
09-08 08:26:13.921  3179  3179 E tlc_communication:   *** ERROR: Closing MobiCore device is failed : 33
09-08 08:26:13.921  3179  3179 E tlc_communication:   *** Detected in tlc_close/197()
09-08 08:26:13.921  3179  3179 E tlc_communication:   *****************************
09-08 08:26:13.921  3179  3179 I tlc_communication: tlc_close() successed;202
09-08 08:26:13.921  3179  3179 E bauth_FPBAuthService: BAuthSessionOpen Fail
09-08 08:26:13.921  3179  3179 I TLC_BAUTH: Call FUNC ID 0x4;696
09-08 08:26:13.921  3179  3179 I TLC_BAUTH: Trustlet Session is not opened. status : 0;822
09-08 08:26:13.921  3179  3179 I TLC_BAUTH: FUNC ID 0x4 is completed;828
09-08 08:26:13.921  3179  3179 I TLC_BAUTH: FUNC ID 0x2 is completed;463
09-08 08:26:13.921  3179  3179 D bauth_FPBAuthSensorControl: FPBAuthSensorControl, 304
09-08 08:26:13.921  3179  3179 D bauth_FPBAuthService: FPBAuthService, 688
09-08 08:26:13.921  3179  3179 D bauth_FPBAuthService: FPBAuthService, 7939
09-08 08:26:13.921  3179  3179 E bauth_FPBAuthService: sensor_type error : -1
09-08 08:26:13.921  3179  3179 D bauth_FPBAuthSensorControl: FPBAuthSensorControl, 839
09-08 08:26:13.921  3179  3179 D bauth_FPBAuthService: FPBAuthService, 278
09-08 08:26:13.921  3179  3179 D bauth_FPBAuthService: FPBAuthService, 628
09-08 08:26:13.922  3179  3179 D bauth_FPBAuthService: FPBAuthService, 1864
09-08 08:26:13.922  3179  3179 D bauth_FPBAuthService: FPBAuthService, 649
09-08 08:26:13.923  3179  3179 D bauth_FPBAuthSensorControl: FPBAuthSensorControl, 304
09-08 08:26:13.923  3179  3179 D bauth_FPBAuthService: FPBAuthService, 666
09-08 08:26:13.923  3179  3179 D bauth_FPBAuthService: FPBAuthService, 1886
09-08 08:26:13.923  3179  3179 I TLC_BAUTH: FUNC ID 0x1 is completed;437
09-08 08:26:13.923  3179  3179 I TLC_BAUTH: Call FUNC ID 0x3 , 5;477
09-08 08:26:13.923  3179  3179 I tlc_communication: tlc_open() called;82
09-08 08:26:13.923  3179  3179 I tlc_communication: Opening MobiCore device;86
09-08 08:26:13.924  3138  3195 E TeeMcDaemon: Insufficient data arrived [hardware/samsung_slsi/exynos8895/mobicore_kinibi400/Daemon/src/RegistryServer.cpp:404]
09-08 08:26:13.924  3179  3179 E McClient:   *****************************
09-08 08:26:13.924  3179  3179 E McClient:   *** ERROR: reading from Daemon failed
09-08 08:26:13.924  3179  3179 E McClient:   *** Detected in getDaemonVersion/1472()
09-08 08:26:13.924  3179  3179 E McClient:   *****************************
09-08 08:26:13.924  3179  3179 E tlc_communication:   *****************************
09-08 08:26:13.924  3179  3179 E tlc_communication:   *** ERROR: Opening MobiCore device is failed : 15
09-08 08:26:13.924  3179  3179 E tlc_communication:   *** Detected in tlc_open/94()
09-08 08:26:13.924  3179  3179 E tlc_communication:   *****************************
09-08 08:26:13.924  3179  3179 E TLC_BAUTH:   *****************************
09-08 08:26:13.924  3179  3179 E TLC_BAUTH:   *** ERROR: Open Trustlet Session is failed!!!
09-08 08:26:13.924  3179  3179 E TLC_BAUTH:   *** Detected in BAuth_SessionOpen/531()
09-08 08:26:13.924  3179  3179 E TLC_BAUTH:   *****************************
09-08 08:26:13.924  3179  3179 I tlc_communication: tlc_close() called;149
09-08 08:26:13.924  3179  3179 I tlc_communication: Closing the session;153
09-08 08:26:13.924  3179  3179 E McClient:   *****************************
09-08 08:26:13.924  3179  3179 E McClient:   *** ERROR: Device has not been found
09-08 08:26:13.924  3179  3179 E McClient:   *** Detected in mcCloseSession/906()
09-08 08:26:13.924  3179  3179 E McClient:   *****************************
09-08 08:26:13.924  3179  3179 E tlc_communication:   *****************************
09-08 08:26:13.924  3179  3179 E tlc_communication:   *** ERROR: Closing the Driver session is failed : 7
09-08 08:26:13.924  3179  3179 E tlc_communication:   *** Detected in tlc_close/157()
09-08 08:26:13.924  3179  3179 E tlc_communication:   *****************************
09-08 08:26:13.924  3179  3179 E McClient:   *****************************
09-08 08:26:13.924  3179  3179 E McClient:   *** ERROR: Device has not been found
09-08 08:26:13.924  3179  3179 E McClient:   *** Detected in mcCloseSession/906()
09-08 08:26:13.924  3179  3179 E McClient:   *****************************
09-08 08:26:13.924  3179  3179 E tlc_communication:   *****************************
09-08 08:26:13.924  3179  3179 E tlc_communication:   *** ERROR: Closing the Trustlet session is failed : 7
09-08 08:26:13.924  3179  3179 E tlc_communication:   *** Detected in tlc_close/164()
09-08 08:26:13.925  3179  3179 E tlc_communication:   *****************************
09-08 08:26:13.925  3179  3179 I tlc_communication: Free WSM;171
09-08 08:26:13.925  3179  3179 E McClient:   *****************************
09-08 08:26:13.925  3179  3179 E McClient:   *** ERROR: Device has not been found
09-08 08:26:13.925  3179  3179 E McClient:   *** Detected in mcFreeWsm/1143()
09-08 08:26:13.925  3179  3179 E McClient:   *****************************
09-08 08:26:13.925  3179  3179 E tlc_communication:   *****************************
09-08 08:26:13.925  3179  3179 E tlc_communication:   *** ERROR: Free WSM for Trustlet is failed : 7
09-08 08:26:13.925  3179  3179 E tlc_communication:   *** Detected in tlc_close/175()
09-08 08:26:13.925  3179  3179 E tlc_communication:   *****************************
09-08 08:26:13.925  3179  3179 E McClient:   *****************************
09-08 08:26:13.925  3179  3179 E McClient:   *** ERROR: Device has not been found
09-08 08:26:13.925  3179  3179 E McClient:   *** Detected in mcFreeWsm/1143()
09-08 08:26:13.925  3179  3179 E McClient:   *****************************
09-08 08:26:13.925  3179  3179 E tlc_communication:   *****************************
09-08 08:26:13.925  3179  3179 E tlc_communication:   *** ERROR: Free WSM for Driver is failed : 7
09-08 08:26:13.925  3179  3179 E tlc_communication:   *** Detected in tlc_close/182()
09-08 08:26:13.925  3179  3179 E tlc_communication:   *****************************
09-08 08:26:13.925  3179  3179 I tlc_communication: Closing MobiCore device;189
09-08 08:26:13.925  3179  3179 E McClient:   *****************************
09-08 08:26:13.925  3179  3179 E McClient:   *** ERROR: Device not open
09-08 08:26:13.925  3179  3179 E McClient:   *** Detected in mcCloseDevice/292()
09-08 08:26:13.925  3179  3179 E McClient:   *****************************
09-08 08:26:13.925  3179  3179 E tlc_communication:   *****************************
09-08 08:26:13.925  3179  3179 E tlc_communication:   *** ERROR: Closing MobiCore device is failed : 33
09-08 08:26:13.925  3179  3179 E tlc_communication:   *** Detected in tlc_close/197()
09-08 08:26:13.925  3179  3179 E tlc_communication:   *****************************
09-08 08:26:13.925  3179  3179 I tlc_communication: tlc_close() successed;202
09-08 08:26:13.925  3179  3179 E bauth_FPBAuthService: BAuthSessionOpen Fail
09-08 08:26:13.925  3179  3179 D bauth_FPBAuthService: thread id : 3, preenroll_flag : 0, nd cnt : 0
09-08 08:26:13.925  3179  3179 D bauth_FPBAuthService: FPBAuthService, 7282
09-08 08:26:13.925  3179  3179 D bauth_service: BAuthService, 248
09-08 08:26:13.925  3179  3179 E fingerprintd: Wrong fp version. Expected 513, got 512
09-08 08:26:13.925  3179  3179 D bauth_service: BAuthService, 1692
09-08 08:26:13.925  3179  3179 D bauth_FPBAuthService: FPBAUTH setNotifyCallback
09-08 08:26:13.925  3179  3179 D bauth_FPBAuthService: thread id : 3, preenroll_flag : 0, nd cnt : 0
09-08 08:26:13.926  3179  3179 D bauth_service: BAuthService, 1711
09-08 08:26:13.926  3179  3179 V fingerprintd: fingerprint HAL successfully initialized
09-08 08:26:13.927  3589  3589 E SELinux : selinux_android_file_context_handle: Error getting file context handle (No such file or directory)
09-08 08:26:13.927  3179  3179 V fingerprintd: setActiveGroup(0, /data/system/users/0/fpdata, 27)
09-08 08:26:13.927  3179  3179 D bauth_service: BAuthService, 1718
09-08 08:26:13.927  3179  3179 E bauth_FPBAuthService: active_group path is diff : /data/system/users/0/fpdata
09-08 08:26:13.927  3179  3179 D bauth_FPBAuthService: FPBAuthService, 4229
09-08 08:26:13.927  3179  3179 D bauth_FPBAuthService: FPBAuthService, 5217
09-08 08:26:13.927  3179  3179 D bauth_FPBAuthService: FPBAuthService, 5221
09-08 08:26:13.927  3179  3179 D bauth_FPBAuthService: FPBAuthService, 5264
09-08 08:26:13.929  3179  3179 E bauth_FPBAuthServiceStorage: UserID Directory is not existed
09-08 08:26:13.929  3179  3179 E bauth_FPBAuthService: getEnrolledBioIdxList num templates is in DB is 0
09-08 08:26:13.929  3179  3179 D bauth_FPBAuthService: FPBAuthService, 5224
09-08 08:26:13.929  3179  3179 D bauth_FPBAuthService: enumerate bioidxList.length==0 or 1
09-08 08:26:13.929  3179  3179 D bauth_FPBAuthService: FPBAuthService, 5264
09-08 08:26:13.929  3179  3179 E bauth_FPBAuthServiceStorage: UserID Directory is not existed
09-08 08:26:13.929  3179  3179 E bauth_FPBAuthService: getEnrolledBioIdxList num templates is in DB is 0
09-08 08:26:13.929  3179  3179 D bauth_FPBAuthService: FPBAuthService, 5255
09-08 08:26:13.929  3179  3179 D bauth_FPBAuthService: BAuthSessionOpen Skip
09-08 08:26:13.929  3179  3179 E bauth_FPBAuthServiceStorage: FPBAuthServiceStorage::readCALIBRATIONMetaData VERSION file isn't exist
09-08 08:26:13.929  3179  3179 E bauth_FPBAuthService: Version file isn't exist
09-08 08:26:13.929  3179  3179 E bauth_FPBAuthServiceStorage:  FPBAuthServiceStorage::readSEC_AUTH_IDMetaData fileopen error : 2
09-08 08:26:13.929  3179  3179 D bauth_FPBAuthService: SEC_AUTH_ID file isn't exist
09-08 08:26:13.929  3179  3179 I TLC_BAUTH: Call FP cmd 0xc (45);1562
09-08 08:26:13.929  3179  3179 I TLC_BAUTH: status : 0, cmd : 0x0x0 rsp : 0x0x0;1599
09-08 08:26:13.929  3179  3179 E TLC_BAUTH:   *****************************
09-08 08:26:13.929  3179  3179 E TLC_BAUTH:   *** ERROR: TZ Session is not opened properly - Ignore
09-08 08:26:13.929  3179  3179 E TLC_BAUTH:   *** Detected in BAuth_Control_OP/1599()
09-08 08:26:13.929  3179  3179 E TLC_BAUTH:   *****************************
09-08 08:26:13.929  3179  3179 E bauth_FPBAuthService: set_active_group BAUTH_OP_CODE_SAVE_SECAUTH_ID fail : 29
09-08 08:26:13.929  3179  3179 D bauth_FPBAuthService: FPBAuthService, 4462
09-08 08:26:13.929  3179  3179 D bauth_FPBAuthService: thread id : 3, preenroll_flag : 0, nd cnt : 0
09-08 08:26:13.929  3179  3179 D bauth_service: BAuthService, 1739
09-08 08:26:13.930  3179  3179 D bauth_service: BAuthService, 371
09-08 08:26:13.930  3179  3179 D bauth_FPBAuthService: get_aid val : 0
09-08 08:26:13.930  3179  3179 D bauth_FPBAuthService: thread id : 3, preenroll_flag : 0, nd cnt : 0
09-08 08:26:13.930  3179  3179 D bauth_service: BAuthService, 390
09-08 08:26:13.930  3179  3179 D bauth_service: BAuthService, 371
09-08 08:26:13.930  3179  3179 D bauth_FPBAuthService: get_aid val : 0
09-08 08:26:13.930  3179  3179 D bauth_FPBAuthService: thread id : 3, preenroll_flag : 0, nd cnt : 0
09-08 08:26:13.930  3179  3179 D bauth_service: BAuthService, 390
09-08 08:26:13.930  3589  3589 V FingerprintService: Fingerprint HAL id: 547598139904
09-08 08:26:13.931  3589  3589 I SystemServer: StartBackgroundDexOptService
09-08 08:26:13.932  3589  3589 I SystemServiceManager: Starting com.android.server.pm.ShortcutService$Lifecycle
09-08 08:26:13.935  3589  3589 I SystemServiceManager: Starting com.android.server.pm.LauncherAppsService
09-08 08:26:13.936  3589  3589 I SystemServiceManager: Starting com.android.server.media.projection.MediaProjectionManagerService
09-08 08:26:13.938  3589  3589 V MediaRouter: Adding route: RouteInfo{ name=Phone, description=null, status=null, category=RouteCategory{ name=null types=ROUTE_TYPE_LIVE_AUDIO ROUTE_TYPE_LIVE_VIDEO  groupable=false }, supportedTypes=ROUTE_TYPE_LIVE_AUDIO ROUTE_TYPE_LIVE_VIDEO , presentationDisplay=null }
09-08 08:26:13.940  3589  3589 V MediaRouter: Updating audio routes: AudioRoutesInfo{ type=SPEAKER }
09-08 08:26:13.941  3589  3589 V MediaRouter: Selecting route: RouteInfo{ name=Phone, description=null, status=null, category=RouteCategory{ name=null types=ROUTE_TYPE_LIVE_AUDIO ROUTE_TYPE_LIVE_VIDEO  groupable=false }, supportedTypes=ROUTE_TYPE_LIVE_AUDIO ROUTE_TYPE_LIVE_VIDEO , presentationDisplay=null }
09-08 08:26:13.979  3589  3589 I SyncManager: No initial accounts
09-08 08:26:13.979  3589  3589 I SyncManager: No initial status
09-08 08:26:13.980  3589  3589 I SyncManager: No initial statistics
09-08 08:26:14.042  3589  3589 I WindowManager: SAFE MODE not enabled
09-08 08:26:14.047  3589  3589 I SystemServiceManager: Starting com.android.server.MmsServiceBroker
09-08 08:26:14.050  3589  3589 I CMSystemServer: Attempting to start service org.cyanogenmod.platform.internal.CMStatusBarManagerService
09-08 08:26:14.052  3589  3589 I CMSystemServer: Starting service org.cyanogenmod.platform.internal.CMStatusBarManagerService
09-08 08:26:14.052  3589  3589 I SystemServiceManager: Starting org.cyanogenmod.platform.internal.CMStatusBarManagerService
09-08 08:26:14.052  3589  3589 D CMStatusBarManagerService: registerCMStatusBar cmstatusbar: org.cyanogenmod.platform.internal.CMStatusBarManagerService@5eb72e1
09-08 08:26:14.059  3589  3589 I CMSystemServer: Attempting to start service org.cyanogenmod.platform.internal.ProfileManagerService
09-08 08:26:14.066  3589  3589 I CMSystemServer: Starting service org.cyanogenmod.platform.internal.ProfileManagerService
09-08 08:26:14.066  3589  3589 I SystemServiceManager: Starting org.cyanogenmod.platform.internal.ProfileManagerService
09-08 08:26:14.067  3147  3147 E ServiceManager: add_service('profile',6d) uid=1000 - ALREADY REGISTERED, OVERRIDE
09-08 08:26:14.067  3147  3147 I ServiceManager: service 'profile' died
09-08 08:26:14.076  3589  3589 V ProfileTriggerHelper: Enabling
09-08 08:26:14.090  3589  3589 D CMProfileService: Set active profile to: 0230226d-0d05-494a-a9bd-d222a1117655 - Default
09-08 08:26:14.090  3589  3589 D CMProfileService: Saving profile data...
09-08 08:26:14.093  3589  3589 D CMProfileService: Save completed.
09-08 08:26:14.094  3589  3589 I CMSystemServer: Attempting to start service org.cyanogenmod.platform.internal.CMTelephonyManagerService
09-08 08:26:14.095  3589  3589 I CMSystemServer: Starting service org.cyanogenmod.platform.internal.CMTelephonyManagerService
09-08 08:26:14.095  3589  3589 I SystemServiceManager: Starting org.cyanogenmod.platform.internal.CMTelephonyManagerService
09-08 08:26:14.096  3589  3589 I CMSystemServer: Attempting to start service org.cyanogenmod.platform.internal.CMHardwareService
09-08 08:26:14.118  3589  3589 I CMSystemServer: Starting service org.cyanogenmod.platform.internal.CMHardwareService
09-08 08:26:14.118  3589  3589 I SystemServiceManager: Starting org.cyanogenmod.platform.internal.CMHardwareService
09-08 08:26:14.121  3147  3147 E ServiceManager: add_service('cmhardware',6f) uid=1000 - ALREADY REGISTERED, OVERRIDE
09-08 08:26:14.121  3147  3147 I ServiceManager: service 'cmhardware' died
09-08 08:26:14.121  3589  3589 I CMSystemServer: Attempting to start service org.cyanogenmod.platform.internal.PerformanceManagerService
09-08 08:26:14.124  3589  4729 I ServiceThread: Enabled StrictMode logging for PerformanceManager looper.
09-08 08:26:14.124  3589  3589 I CMSystemServer: Starting service org.cyanogenmod.platform.internal.PerformanceManagerService
09-08 08:26:14.124  3589  3589 I SystemServiceManager: Starting org.cyanogenmod.platform.internal.PerformanceManagerService
09-08 08:26:14.125  3589  4730 I ServiceThread: Enabled StrictMode logging for PerformanceManager looper.
09-08 08:26:14.126  3589  3589 I CMSystemServer: Attempting to start service org.cyanogenmod.platform.internal.WeatherManagerServiceBroker
09-08 08:26:14.127  3589  3589 I CMSystemServer: Starting service org.cyanogenmod.platform.internal.WeatherManagerServiceBroker
09-08 08:26:14.127  3589  3589 I SystemServiceManager: Starting org.cyanogenmod.platform.internal.WeatherManagerServiceBroker
09-08 08:26:14.127  3589  4717 D AssetAtlas: Found best atlas configuration (out of 356) in 0.25s
09-08 08:26:14.128  3589  3589 I CMSystemServer: Attempting to start service org.cyanogenmod.platform.internal.display.LiveDisplayService
09-08 08:26:14.128  3589  4717 D AssetAtlas: Loaded configuration: SliceMinArea (1280x1280) flags=0x2 count=98
09-08 08:26:14.131  3589  4731 I ServiceThread: Enabled StrictMode logging for LiveDisplay looper.
09-08 08:26:14.135  3589  3589 I CMSystemServer: Starting service org.cyanogenmod.platform.internal.display.LiveDisplayService
09-08 08:26:14.135  3589  3589 I SystemServiceManager: Starting org.cyanogenmod.platform.internal.display.LiveDisplayService
09-08 08:26:14.136  3589  4732 I ServiceThread: Enabled StrictMode logging for LiveDisplay looper.
09-08 08:26:14.138  3589  3589 I CMSystemServer: Attempting to start service org.cyanogenmod.platform.internal.CMAudioServiceBroker
09-08 08:26:14.139  3589  3589 I CMSystemServer: Starting service org.cyanogenmod.platform.internal.CMAudioServiceBroker
09-08 08:26:14.139  3589  3589 I SystemServiceManager: Starting org.cyanogenmod.platform.internal.CMAudioServiceBroker
09-08 08:26:14.139  3589  3589 I SystemServiceManager: Starting com.android.server.retaildemo.RetailDemoModeService
09-08 08:26:14.142  3589  4733 I ServiceThread: Enabled StrictMode logging for RetailDemoModeService looper.
09-08 08:26:14.155  4717  4717 I Thread-2: type=1400 audit(0.0:134): avc: denied { read write } for name="fimg2d" dev="tmpfs" ino=2360 scontext=u:r:system_server:s0 tcontext=u:object_r:device:s0 tclass=chr_file permissive=1
09-08 08:26:14.155  4717  4717 I Thread-2: type=1400 audit(0.0:134): avc: denied { open } for path="/dev/fimg2d" dev="tmpfs" ino=2360 scontext=u:r:system_server:s0 tcontext=u:object_r:device:s0 tclass=chr_file permissive=1
09-08 08:26:14.155  4717  4717 W Thread-2: type=1300 audit(0.0:134): arch=c00000b7 syscall=56 success=yes exit=164 a0=ffffff9c a1=7f80bb0703 a2=2 a3=0 items=0 ppid=3166 auid=4294967295 uid=1000 gid=1000 euid=1000 suid=1000 fsuid=1000 egid=1000 sgid=1000 fsgid=1000 tty=(none) ses=4294967295 exe="/system/bin/app_process64" subj=u:r:system_server:s0 key=(null)
09-08 08:26:14.155  3075  3075 W auditd  : type=1327 audit(0.0:134): proctitle="system_server"
09-08 08:26:14.155  3075  3075 W auditd  : type=1320 audit(0.0:134): 
09-08 08:26:14.155  4717  4717 I Thread-2: type=1400 audit(0.0:135): avc: denied { ioctl } for path="/dev/fimg2d" dev="tmpfs" ino=2360 ioctlcmd=4d04 scontext=u:r:system_server:s0 tcontext=u:object_r:device:s0 tclass=chr_file permissive=1
09-08 08:26:14.155  4717  4717 W Thread-2: type=1300 audit(0.0:135): arch=c00000b7 syscall=29 success=yes exit=0 a0=a5 a1=c1104d04 a2=7f71d360b0 a3=0 items=0 ppid=3166 auid=4294967295 uid=1000 gid=1000 euid=1000 suid=1000 fsuid=1000 egid=1000 sgid=1000 fsgid=1000 tty=(none) ses=4294967295 exe="/system/bin/app_process64" subj=u:r:system_server:s0 key=(null)
09-08 08:26:14.155  3075  3075 W auditd  : type=1327 audit(0.0:135): proctitle="system_server"
09-08 08:26:14.155  3075  3075 W auditd  : type=1320 audit(0.0:135): 
09-08 08:26:14.164  3589  4717 D AssetAtlas: Rendered atlas in 33.07ms (25.59+7.48ms)
09-08 08:26:14.263  3589  3589 E SQLiteLog: (1) no such table: locksettings
09-08 08:26:14.304  3589  3589 I LockSettingsService: Migrated lock settings to new location
09-08 08:26:14.321  3589  3589 I LockSettingsService: Migrated per-user lock settings to new location
09-08 08:26:14.354  3589  3589 I LockSettingsService: Migrated biometric weak to use the fallback instead
09-08 08:26:14.370  3589  3589 I LockSettingsService: Migrated lockscreen disabled flag
09-08 08:26:14.377  3589  3589 E LockSettingsStorage: Cannot read file java.io.FileNotFoundException: /data/system/gatekeeper.password.key: open failed: ENOENT (No such file or directory)
09-08 08:26:14.378  3589  3589 E LockSettingsStorage: Cannot read file java.io.FileNotFoundException: /data/system/password.key: open failed: ENOENT (No such file or directory)
09-08 08:26:14.378  3589  3589 E LockSettingsStorage: Cannot read file java.io.FileNotFoundException: /data/system/gatekeeper.pattern.key: open failed: ENOENT (No such file or directory)
09-08 08:26:14.379  3589  3589 E LockSettingsStorage: Cannot read file java.io.FileNotFoundException: /data/system/gatekeeper.gesture.key: open failed: ENOENT (No such file or directory)
09-08 08:26:14.379  3589  3589 E LockSettingsStorage: Cannot read file java.io.FileNotFoundException: /data/system/gesture.key: open failed: ENOENT (No such file or directory)
09-08 08:26:14.379  3589  3589 I SystemServiceManager: Starting phase 480
09-08 08:26:14.383  3589  3589 I SystemServiceManager: Starting phase 500
09-08 08:26:14.388  3589  3589 D ConnectivityMetricsLoggerService: onBootPhase: PHASE_SYSTEM_SERVICES_READY
09-08 08:26:14.393  3589  3589 I WifiService: WifiService starting up with Wi-Fi enabled
09-08 08:26:14.395  3589  3589 D WifiService: setWifiEnabled: true pid=3589, uid=1000
09-08 08:26:14.395  3589  3589 I WifiScanningService: Starting wifiscanner
09-08 08:26:14.397  3589  4692 D WifiController: WifiController msg { when=0 what=155656 target=com.android.internal.util.StateMachine$SmHandler } deferred for 500ms
09-08 08:26:14.402  3589  3589 I RttService: Registering rttmanager
09-08 08:26:14.403  3589  3589 I EthernetServiceImpl: Starting Ethernet service
09-08 08:26:14.405  3589  3589 D Ethernet: Registering NetworkFactory
09-08 08:26:14.406  3589  4697 D ConnectivityService: Got NetworkFactory Messenger for Ethernet
09-08 08:26:14.406  3589  4750 D Ethernet: got request NetworkRequest [ REQUEST id=1, [ Capabilities: INTERNET&NOT_RESTRICTED&TRUSTED&NOT_VPN] ] with score 0
09-08 08:26:14.426  3589  3589 D ZenLog  : config: cleanUpZenRules,ZenModeConfig[user=0,allowCalls=true,allowRepeatCallers=false,allowMessages=false,allowCallsFrom=contacts,allowMessagesFrom=contacts,allowReminders=true,allowEvents=true,allowWhenScreenOff=true,allowWhenScreenOn=true,automaticRules={4febaa8c8c754839ba7bf99aeb70cd8d=ZenRule[enabled=false,snoozing=false,name=Weekend,zenMode=ZEN_MODE_ALARMS,conditionId=condition://android/schedule?days=6.7&start=23.30&end=10.0&exitAtAlarm=false,condition=null,component=ComponentInfo{android/com.android.server.notification.ScheduleConditionProvider},id=4febaa8c8c754839ba7bf99aeb70cd8d,creationTime=1504859172565,enabler=null], 497cc8c4bd144a459b829fbcc7e045f8=ZenRule[enabled=false,snoozing=false,name=Event,zenMode=ZEN_MODE_ALARMS,conditionId=condition://android/event?userId=-10000&calendar=&reply=1,condition=null,component=ComponentInfo{android/com.android.server.notification.EventConditionProvider},id=497cc8c4bd144a459b829fbcc7e045f8,creationTime=1504859172566,enabler=null], 2032611221d94b65b65ced525903016c=ZenRule[enabled=false,snoozing=false,name=Weeknight,zenMode=ZEN_MODE_ALARMS,conditionId=condition://android/schedule?days=1.2.3.4.5&start=22.0&end=7.0&exitAtAlarm=false,condition=null,component=ComponentInfo{android/com.android.server.notification.ScheduleConditionProvider},id=2032611221d94b65b65ced525903016c,creationTime=1504859172565,enabler=null]},manualRule=null],Diff[]
09-08 08:26:14.427  3589  3589 D ZenLog  : set_zen_mode: off,onSystemReady
09-08 08:26:14.430  3168  3373 D PermissionCache: checking android.permission.CAPTURE_AUDIO_HOTWORD for uid=1000 => granted (178 us)
09-08 08:26:14.430  3589  3589 W SoundTriggerHelper: listModules status=0, # of modules=0
09-08 08:26:14.430  3589  3589 D ContextHubSystemService: onBootPhase: PHASE_SYSTEM_SERVICES_READY
09-08 08:26:14.435  3589  3589 E PerformanceManager: System is not ready, dropping profile request
09-08 08:26:14.514  3589  3589 I DefaultPermGrantPolicy: Granting permissions to platform components for user 0
09-08 08:26:14.515  3589  3704 W LocalDisplayAdapter: Unable to find color mode 0, ignoring request.
09-08 08:26:14.515  3589  3589 D VoldConnector: SND -> {4 volume remount_uid 1001 none}
09-08 08:26:14.516  3067  3134 D vold    : Remounting 1001 as mode none
09-08 08:26:14.520  3067  3134 D vold    : Found matching PID 3581
09-08 08:26:14.520  3067  3134 W vold    : Skipping due to root namespace
09-08 08:26:14.520  3067  3134 D vold    : Found matching PID 3582
09-08 08:26:14.520  3067  3134 W vold    : Skipping due to root namespace
09-08 08:26:14.520  3067  3134 D vold    : Found matching PID 3609
09-08 08:26:14.520  3067  3134 W vold    : Skipping due to root namespace
09-08 08:26:14.520  3589  4049 D VoldConnector: RCV <- {200 4 Command succeeded}
09-08 08:26:14.522  3589  3589 D VoldConnector: SND -> {5 volume remount_uid 1001 none}
09-08 08:26:14.523  3067  3134 D vold    : Remounting 1001 as mode none
09-08 08:26:14.526  3067  3134 D vold    : Found matching PID 3581
09-08 08:26:14.526  3067  3134 W vold    : Skipping due to root namespace
09-08 08:26:14.526  3067  3134 D vold    : Found matching PID 3582
09-08 08:26:14.526  3067  3134 W vold    : Skipping due to root namespace
09-08 08:26:14.526  3067  3134 D vold    : Found matching PID 3609
09-08 08:26:14.526  3067  3134 W vold    : Skipping due to root namespace
09-08 08:26:14.526  3589  4049 D VoldConnector: RCV <- {200 5 Command succeeded}
09-08 08:26:14.529  3589  3589 D VoldConnector: SND -> {6 volume remount_uid 1027 none}
09-08 08:26:14.530  3067  3134 D vold    : Remounting 1027 as mode none
09-08 08:26:14.533  3589  4049 D VoldConnector: RCV <- {200 6 Command succeeded}
09-08 08:26:14.534  3589  3589 D VoldConnector: SND -> {7 volume remount_uid 1027 none}
09-08 08:26:14.535  3067  3134 D vold    : Remounting 1027 as mode none
09-08 08:26:14.538  3589  4049 D VoldConnector: RCV <- {200 7 Command succeeded}
09-08 08:26:14.541  3589  3589 D VoldConnector: SND -> {8 volume remount_uid 1000 none}
09-08 08:26:14.541  3067  3134 D vold    : Remounting 1000 as mode none
09-08 08:26:14.544  3067  3134 D vold    : Found matching PID 3138
09-08 08:26:14.544  3067  3134 W vold    : Skipping due to root namespace
09-08 08:26:14.544  3067  3134 D vold    : Found matching PID 3147
09-08 08:26:14.544  3067  3134 W vold    : Skipping due to root namespace
09-08 08:26:14.544  3067  3134 D vold    : Found matching PID 3148
09-08 08:26:14.544  3067  3134 W vold    : Skipping due to root namespace
09-08 08:26:14.544  3067  3134 D vold    : Found matching PID 3179
09-08 08:26:14.544  3067  3134 W vold    : Skipping due to root namespace
09-08 08:26:14.544  3067  3134 D vold    : Found matching PID 3180
09-08 08:26:14.544  3067  3134 W vold    : Skipping due to root namespace
09-08 08:26:14.544  3067  3134 D vold    : Found matching PID 3589
09-08 08:26:14.582  3589  4049 D VoldConnector: RCV <- {200 8 Command succeeded}
09-08 08:26:14.584  3589  3589 D VoldConnector: SND -> {9 volume remount_uid 1000 none}
09-08 08:26:14.585  3067  3134 D vold    : Remounting 1000 as mode none
09-08 08:26:14.587  3067  3134 D vold    : Found matching PID 3138
09-08 08:26:14.587  3067  3134 W vold    : Skipping due to root namespace
09-08 08:26:14.587  3067  3134 D vold    : Found matching PID 3147
09-08 08:26:14.587  3067  3134 W vold    : Skipping due to root namespace
09-08 08:26:14.587  3067  3134 D vold    : Found matching PID 3148
09-08 08:26:14.588  3067  3134 W vold    : Skipping due to root namespace
09-08 08:26:14.588  3067  3134 D vold    : Found matching PID 3179
09-08 08:26:14.588  3067  3134 W vold    : Skipping due to root namespace
09-08 08:26:14.588  3067  3134 D vold    : Found matching PID 3180
09-08 08:26:14.588  3067  3134 W vold    : Skipping due to root namespace
09-08 08:26:14.588  3067  3134 D vold    : Found matching PID 3589
09-08 08:26:14.589  3589  4049 D VoldConnector: RCV <- {200 9 Command succeeded}
09-08 08:26:14.598  3589  3589 D VoldConnector: SND -> {10 volume remount_uid 2000 none}
09-08 08:26:14.599  3067  3134 D vold    : Remounting 2000 as mode none
09-08 08:26:14.602  3589  4049 D VoldConnector: RCV <- {200 10 Command succeeded}
09-08 08:26:14.604  3589  3589 D VoldConnector: SND -> {11 volume remount_uid 2000 none}
09-08 08:26:14.605  3067  3134 D vold    : Remounting 2000 as mode none
09-08 08:26:14.608  3589  4049 D VoldConnector: RCV <- {200 11 Command succeeded}
09-08 08:26:14.610  3589  3589 D VoldConnector: SND -> {12 volume remount_uid 10033 none}
09-08 08:26:14.611  3067  3134 D vold    : Remounting 10033 as mode none
09-08 08:26:14.614  3589  4049 D VoldConnector: RCV <- {200 12 Command succeeded}
09-08 08:26:14.616  3589  3589 D VoldConnector: SND -> {13 volume remount_uid 10033 none}
09-08 08:26:14.617  3067  3134 D vold    : Remounting 10033 as mode none
09-08 08:26:14.620  3589  4049 D VoldConnector: RCV <- {200 13 Command succeeded}
09-08 08:26:14.623  3589  3589 D VoldConnector: SND -> {14 volume remount_uid 1002 none}
09-08 08:26:14.624  3067  3134 D vold    : Remounting 1002 as mode none
09-08 08:26:14.627  3589  4049 D VoldConnector: RCV <- {200 14 Command succeeded}
09-08 08:26:14.629  3589  3589 D VoldConnector: SND -> {15 volume remount_uid 1002 none}
09-08 08:26:14.629  3067  3134 D vold    : Remounting 1002 as mode none
09-08 08:26:14.632  3589  4049 D VoldConnector: RCV <- {200 15 Command succeeded}
09-08 08:26:14.636  3589  3589 I DefaultPermGrantPolicy: Granting permissions to default platform handlers for user 0
09-08 08:26:14.636  3589  3589 W VoiceInteractionManagerService: no available voice interaction services found for user 0
09-08 08:26:14.637  3589  3589 W VoiceInteractionManagerService: no available voice recognition services found for user 0
09-08 08:26:14.669  3589  3589 D VoldConnector: SND -> {16 volume remount_uid 10024 none}
09-08 08:26:14.670  3067  3134 D vold    : Remounting 10024 as mode none
09-08 08:26:14.673  3589  4049 D VoldConnector: RCV <- {200 16 Command succeeded}
09-08 08:26:14.676  3589  3589 D VoldConnector: SND -> {17 volume remount_uid 10042 none}
09-08 08:26:14.677  3067  3134 D vold    : Remounting 10042 as mode none
09-08 08:26:14.680  3589  4049 D VoldConnector: RCV <- {200 17 Command succeeded}
09-08 08:26:14.681  3589  3589 D VoldConnector: SND -> {18 volume remount_uid 10042 none}
09-08 08:26:14.682  3067  3134 D vold    : Remounting 10042 as mode none
09-08 08:26:14.685  3589  4049 D VoldConnector: RCV <- {200 18 Command succeeded}
09-08 08:26:14.686  3589  3589 D VoldConnector: SND -> {19 volume remount_uid 10009 none}
09-08 08:26:14.687  3067  3134 D vold    : Remounting 10009 as mode none
09-08 08:26:14.690  3589  4049 D VoldConnector: RCV <- {200 19 Command succeeded}
09-08 08:26:14.692  3589  3589 D VoldConnector: SND -> {20 volume remount_uid 10009 none}
09-08 08:26:14.693  3067  3134 D vold    : Remounting 10009 as mode none
09-08 08:26:14.696  3589  4049 D VoldConnector: RCV <- {200 20 Command succeeded}
09-08 08:26:14.698  3589  3589 D VoldConnector: SND -> {21 volume remount_uid 10015 none}
09-08 08:26:14.699  3067  3134 D vold    : Remounting 10015 as mode none
09-08 08:26:14.702  3589  4049 D VoldConnector: RCV <- {200 21 Command succeeded}
09-08 08:26:14.703  3589  3589 D VoldConnector: SND -> {22 volume remount_uid 10015 none}
09-08 08:26:14.704  3067  3134 D vold    : Remounting 10015 as mode none
09-08 08:26:14.707  3589  4049 D VoldConnector: RCV <- {200 22 Command succeeded}
09-08 08:26:14.719  3589  3589 D VoldConnector: SND -> {23 volume remount_uid 10005 none}
09-08 08:26:14.720  3067  3134 D vold    : Remounting 10005 as mode none
09-08 08:26:14.724  3589  4049 D VoldConnector: RCV <- {200 23 Command succeeded}
09-08 08:26:14.725  3589  3589 D VoldConnector: SND -> {24 volume remount_uid 10005 none}
09-08 08:26:14.726  3067  3134 D vold    : Remounting 10005 as mode none
09-08 08:26:14.729  3589  4049 D VoldConnector: RCV <- {200 24 Command succeeded}
09-08 08:26:14.741  3589  3589 D VoldConnector: SND -> {25 volume remount_uid 10020 none}
09-08 08:26:14.742  3067  3134 D vold    : Remounting 10020 as mode none
09-08 08:26:14.745  3589  4049 D VoldConnector: RCV <- {200 25 Command succeeded}
09-08 08:26:14.746  3589  3589 D VoldConnector: SND -> {26 volume remount_uid 10020 none}
09-08 08:26:14.747  3067  3134 D vold    : Remounting 10020 as mode none
09-08 08:26:14.750  3589  4049 D VoldConnector: RCV <- {200 26 Command succeeded}
09-08 08:26:14.757  3589  3589 D VoldConnector: SND -> {27 volume remount_uid 10012 none}
09-08 08:26:14.758  3067  3134 D vold    : Remounting 10012 as mode none
09-08 08:26:14.761  3589  4049 D VoldConnector: RCV <- {200 27 Command succeeded}
09-08 08:26:14.762  3589  3589 D VoldConnector: SND -> {28 volume remount_uid 10012 none}
09-08 08:26:14.763  3067  3134 D vold    : Remounting 10012 as mode none
09-08 08:26:14.766  3589  4049 D VoldConnector: RCV <- {200 28 Command succeeded}
09-08 08:26:14.770  3589  3589 D VoldConnector: SND -> {29 volume remount_uid 10026 none}
09-08 08:26:14.770  3067  3134 D vold    : Remounting 10026 as mode none
09-08 08:26:14.773  3589  4049 D VoldConnector: RCV <- {200 29 Command succeeded}
09-08 08:26:14.775  3589  3589 D VoldConnector: SND -> {30 volume remount_uid 10026 none}
09-08 08:26:14.776  3067  3134 D vold    : Remounting 10026 as mode none
09-08 08:26:14.779  3589  4049 D VoldConnector: RCV <- {200 30 Command succeeded}
09-08 08:26:14.781  3589  3706 W art     : Long monitor contention with owner android.ui (3698) at void com.android.server.policy.PhoneWindowManager.updateSettings()(PhoneWindowManager.java:2470) waiters=0 in void com.android.server.policy.PhoneWindowManager.screenTurningOn(android.view.WindowManagerPolicy$ScreenOnListener) for 267ms
09-08 08:26:14.781  3589  3706 W KeyguardServiceDelegate: onScreenTurningOn(): no keyguard service!
09-08 08:26:14.781  3589  3589 V UserManagerService: Found /data/user_de/0 with serial number -1
09-08 08:26:14.781  3589  3589 D UserManagerService: Serial number missing on /data/user_de/0; assuming current is valid
09-08 08:26:14.782  3589  3589 V UserManagerService: Found /data/user/0 with serial number -1
09-08 08:26:14.782  3589  3589 D UserManagerService: Serial number missing on /data/user/0; assuming current is valid
09-08 08:26:14.782  3589  3589 V UserManagerService: Found /data/system_de/0 with serial number -1
09-08 08:26:14.782  3589  3589 D UserManagerService: Serial number missing on /data/system_de/0; assuming current is valid
09-08 08:26:14.783  3589  3589 I ActivityManager: System now ready
09-08 08:26:14.786  3589  3589 I SystemServer: Making services ready
09-08 08:26:14.786  3589  3589 I SystemServiceManager: Starting phase 550
09-08 08:26:14.791  3589  3589 D BluetoothManagerService: Bluetooth boot completed
09-08 08:26:14.791  3589  3589 D BluetoothManagerService: Getting adapter name and address
09-08 08:26:14.791  3589  3703 D BluetoothManagerService: MESSAGE_GET_NAME_AND_ADDRESS
09-08 08:26:14.791  3589  3703 D BluetoothManagerService: Binding to service to get name and address
09-08 08:26:14.804  3589  3703 I Zygote  : Process: zygote socket opened, supported ABIS: arm64-v8a
09-08 08:26:14.815  3589  3703 I Zygote  : Process: zygote socket opened, supported ABIS: armeabi-v7a,armeabi
09-08 08:26:14.817  3167  3167 I art     : Starting a blocking GC Background
09-08 08:26:14.863  3589  3703 W ActivityManager: Slow operation: 71ms so far, now at startProcess: returned from zygote!
09-08 08:26:14.863  3589  3703 W ActivityManager: Slow operation: 71ms so far, now at startProcess: done updating battery stats
09-08 08:26:14.864  3589  3703 W ActivityManager: Slow operation: 71ms so far, now at startProcess: building log message
09-08 08:26:14.864  3589  3703 I ActivityManager: Start proc 4755:com.android.bluetooth/1002 for service com.android.bluetooth/.btservice.AdapterService
09-08 08:26:14.864  3589  3703 W ActivityManager: Slow operation: 71ms so far, now at startProcess: starting to update pids map
09-08 08:26:14.864  3589  3703 W ActivityManager: Slow operation: 72ms so far, now at startProcess: done updating pids map
09-08 08:26:14.864  3589  3703 W ActivityManager: Slow operation: 73ms so far, now at startProcess: done starting proc!
09-08 08:26:14.876  3589  3589 E InputMethodManagerService: Ignoring updateSystemUiLocked due to an invalid token. uid:1000 token:null
09-08 08:26:14.899  4755  4755 I droid.bluetooth: type=1400 audit(0.0:136): avc: denied { write } for name="com.android.bluetooth" dev="sda24" ino=3121241 scontext=u:r:bluetooth:s0 tcontext=u:object_r:system_data_file:s0 tclass=dir permissive=1
09-08 08:26:14.899  4755  4755 I droid.bluetooth: type=1400 audit(0.0:136): avc: denied { add_name } for name="cache" scontext=u:r:bluetooth:s0 tcontext=u:object_r:system_data_file:s0 tclass=dir permissive=1
09-08 08:26:14.899  4755  4755 I droid.bluetooth: type=1400 audit(0.0:136): avc: denied { create } for name="cache" scontext=u:r:bluetooth:s0 tcontext=u:object_r:system_data_file:s0 tclass=dir permissive=1
09-08 08:26:14.899  4755  4755 W droid.bluetooth: type=1300 audit(0.0:136): arch=40000028 syscall=323 per=8 success=yes exit=0 a0=ffffff9c a1=f480e4e0 a2=1f9 a3=f47321c0 items=0 ppid=3167 auid=4294967295 uid=1002 gid=1002 euid=1002 suid=1002 fsuid=1002 egid=1002 sgid=1002 fsgid=1002 tty=(none) ses=4294967295 exe="/system/bin/app_process32" subj=u:r:bluetooth:s0 key=(null)
09-08 08:26:14.899  3075  3075 W auditd  : type=1327 audit(0.0:136): proctitle="com.android.bluetooth"
09-08 08:26:14.899  3075  3075 W auditd  : type=1320 audit(0.0:136): 
09-08 08:26:14.902  3589  4692 D WifiController: DEFERRED_TOGGLE handled
09-08 08:26:14.903  4755  4755 I droid.bluetooth: type=1400 audit(0.0:137): avc: denied { setattr } for name="cache" dev="sda24" ino=3121253 scontext=u:r:bluetooth:s0 tcontext=u:object_r:system_data_file:s0 tclass=dir permissive=1
09-08 08:26:14.903  4755  4755 W droid.bluetooth: type=1300 audit(0.0:137): arch=40000028 syscall=333 per=8 success=yes exit=0 a0=ffffff9c a1=f480e510 a2=1f9 a3=0 items=0 ppid=3167 auid=4294967295 uid=1002 gid=1002 euid=1002 suid=1002 fsuid=1002 egid=1002 sgid=1002 fsgid=1002 tty=(none) ses=4294967295 exe="/system/bin/app_process32" subj=u:r:bluetooth:s0 key=(null)
09-08 08:26:14.903  3075  3075 W auditd  : type=1327 audit(0.0:137): proctitle="com.android.bluetooth"
09-08 08:26:14.903  3075  3075 W auditd  : type=1320 audit(0.0:137): 
09-08 08:26:14.903  3589  4693 E WifiMonitor: killSupplicant p2ptrue init.svc.wpa_supplicant=unknown init.svc.p2p_supplicant=unknown
09-08 08:26:14.907  3177  3520 D SoftapController: Softap fwReload - Ok
09-08 08:26:14.914  3177  3520 D CommandListener: Setting iface cfg
09-08 08:26:14.914  3177  3520 D CommandListener: Trying to bring down wlan0
09-08 08:26:14.916  3177  3520 D CommandListener: Clearing all IP addresses on wlan0
09-08 08:26:14.921  4755  4755 E BluetoothVendorJni: register_com_android_bluetooth_btservice_vendor:
09-08 08:26:14.928  3589  3694 W MountService: No primary storage defined yet; hacking together a stub
09-08 08:26:14.930  3179  4726 D bauth_FPBAuthService: pcf : 0x1011
09-08 08:26:14.930  3179  4726 E bauth_FPBAuthServiceStorage:  FPBAuthServiceStorage::readCALIBRATIONMetaData fileopen error : 2
09-08 08:26:14.931  3179  4726 E bauth_FPBAuthService: retrieveMetaData is not existed : 262
09-08 08:26:14.931  3179  4726 I TLC_BAUTH: Call FP cmd 0xc (30);1562
09-08 08:26:14.931  3179  4726 I TLC_BAUTH: status : 0, cmd : 0x0x0 rsp : 0x0x0;1599
09-08 08:26:14.931  3179  4726 E TLC_BAUTH:   *****************************
09-08 08:26:14.931  3179  4726 E TLC_BAUTH:   *** ERROR: TZ Session is not opened properly - Ignore
09-08 08:26:14.931  3179  4726 E TLC_BAUTH:   *** Detected in BAuth_Control_OP/1599()
09-08 08:26:14.931  3179  4726 E TLC_BAUTH:   *****************************
09-08 08:26:14.931  3179  4726 D bauth_FPBAuthService: check_opcode status = 5, opcode = 30, func_ret_val = 29, function_status = 0, timeout = 0
09-08 08:26:14.931  3179  4726 E bauth_FPBAuthService: check_opcode func_ret_val error = 29
09-08 08:26:14.931  3179  4726 I TLC_BAUTH: Call FUNC ID 0x4;696
09-08 08:26:14.931  3179  4726 I TLC_BAUTH: Trustlet Session is not opened. status : 0;822
09-08 08:26:14.931  3179  4726 I TLC_BAUTH: FUNC ID 0x4 is completed;828
09-08 08:26:14.931  3179  4726 D bauth_FPBAuthSensorControl: FPBAuthSensorControl, 304
09-08 08:26:14.931  3179  4726 D bauth_FPBAuthService: FPBAuthService, 688
09-08 08:26:14.931  3179  4726 D bauth_FPBAuthService: FPBAuthService, 7477
09-08 08:26:14.931  3179  4726 D bauth_service: BAuthService, 85
09-08 08:26:14.931  3179  4726 D bauth_FPBAuthService: FPBAuthService, 7272
09-08 08:26:14.939  4755  4755 D AdapterServiceConfig: addA2dpProfile: isA2dpSinkEnabled = falseisHfpClientEnabled false serviceName HeadsetService
09-08 08:26:14.939  4755  4755 D AdapterServiceConfig: Adding HeadsetService
09-08 08:26:14.939  4755  4755 D AdapterServiceConfig: addA2dpProfile: isA2dpSinkEnabled = falseisHfpClientEnabled false serviceName A2dpService
09-08 08:26:14.939  4755  4755 D AdapterServiceConfig: Adding A2dpService
09-08 08:26:14.939  4755  4755 D AdapterServiceConfig: addA2dpProfile: isA2dpSinkEnabled = falseisHfpClientEnabled false serviceName HidService
09-08 08:26:14.939  4755  4755 D AdapterServiceConfig: Adding HidService
09-08 08:26:14.940  4755  4755 D AdapterServiceConfig: addA2dpProfile: isA2dpSinkEnabled = falseisHfpClientEnabled false serviceName HealthService
09-08 08:26:14.940  4755  4755 D AdapterServiceConfig: Adding HealthService
09-08 08:26:14.940  4755  4755 D AdapterServiceConfig: addA2dpProfile: isA2dpSinkEnabled = falseisHfpClientEnabled false serviceName PanService
09-08 08:26:14.940  4755  4755 D AdapterServiceConfig: Adding PanService
09-08 08:26:14.940  4755  4755 D AdapterServiceConfig: addA2dpProfile: isA2dpSinkEnabled = falseisHfpClientEnabled false serviceName GattService
09-08 08:26:14.940  4755  4755 D AdapterServiceConfig: Adding GattService
09-08 08:26:14.940  4755  4755 D AdapterServiceConfig: addA2dpProfile: isA2dpSinkEnabled = falseisHfpClientEnabled false serviceName BluetoothMapService
09-08 08:26:14.940  4755  4755 D AdapterServiceConfig: Adding BluetoothMapService
09-08 08:26:14.973  4755  4755 E BluetoothVendorJni: register_com_android_bluetooth_btservice_vendor:
09-08 08:26:14.978  3589  3589 W InputMethodManagerService: Reset the default IME as "Resource" is ready here.
09-08 08:26:15.005  4755  4755 D BluetoothAdapterService: onCreate()
09-08 08:26:15.007  4755  4755 I BluetoothVendorJni: classInitNative: succeeds
09-08 08:26:15.009  4755  4755 D BluetoothAdapterState: make() - Creating AdapterState
09-08 08:26:15.012  4755  4772 I BluetoothAdapterState: Entering OffState
09-08 08:26:15.012  4755  4755 I bt_btif : init
09-08 08:26:15.012  4755  4773 W bt_osi_thread: run_thread: thread id 4773, thread name stack_manager started
09-08 08:26:15.012  4755  4773 I bt_stack_manager: event_init_stack is initializing the stack
09-08 08:26:15.012  4755  4773 I bt_core_module: module_init Initializing module "osi_module"
09-08 08:26:15.012  4755  4773 I bt_core_module: module_init Initialized module "osi_module"
09-08 08:26:15.012  4755  4773 I bt_core_module: module_init Initializing module "bt_utils_module"
09-08 08:26:15.012  4755  4773 I bt_utils: init_soc_type
09-08 08:26:15.012  4755  4773 I bt_utils: qcom.bluetooth.soc set to rome
09-08 08:26:15.012  4755  4773 I bt_core_module: module_init Initialized module "bt_utils_module"
09-08 08:26:15.012  4755  4773 I bt_core_module: module_init Initializing module "btif_config_module"
09-08 08:26:15.021  4755  4773 E bt_osi_config: config_new unable to open file '/data/misc/bluedroid/bt_config.conf': No such file or directory
09-08 08:26:15.021  4755  4773 W %s unable to load config file: %s; using backup.: init
09-08 08:26:15.021  4755  4773 E bt_osi_config: config_new unable to open file '/data/misc/bluedroid/bt_config.bak': No such file or directory
09-08 08:26:15.021  4755  4773 W %s unable to load backup; attempting to transcode legacy file.: init
09-08 08:26:15.021  4755  4773 E %s unable to load XML file '%s': %d: config_t *btif_config_transcode(const char *)
09-08 08:26:15.021  4755  4773 E %s unable to transcode legacy file; creating empty config.: init
09-08 08:26:15.021  4755  4776 W bt_osi_thread: run_thread: thread id 4776, thread name alarm_default_ca started
09-08 08:26:15.021  4755  4777 W bt_osi_thread: run_thread: thread id 4777, thread name alarm_dispatcher started
09-08 08:26:15.021  4755  4773 I bt_core_module: module_init Initialized module "btif_config_module"
09-08 08:26:15.021  4755  4773 I bt_core_module: module_init Initializing module "interop_module"
09-08 08:26:15.021  4755  4773 I bt_core_module: module_init Initialized module "interop_module"
09-08 08:26:15.021  4755  4773 I bt_core_module: module_init Initializing module "stack_config_module"
09-08 08:26:15.021  4755  4773 I bt_stack_config: init attempt to load stack conf from /etc/bluetooth/bt_stack.conf
09-08 08:26:15.022  4755  4773 I bt_core_module: module_init Initialized module "stack_config_module"
09-08 08:26:15.022  4755  4778 W bt_osi_thread: run_thread: thread id 4778, thread name bt_jni_workqueue started
09-08 08:26:15.022  4755  4773 I bt_stack_manager: event_init_stack finished
09-08 08:26:15.023  4755  4755 I bt_btif : get_profile_interface socket
09-08 08:26:15.026  4755  4778 D BluetoothAdapterProperties: Address is:F0:EE:10:4B:C6:7D
09-08 08:26:15.027  4755  4778 D BluetoothAdapterProperties: Name is: Samsung Galaxy S7 Edge
09-08 08:26:15.029  4755  4755 I bt_btif : get_profile_interface sdp
09-08 08:26:15.032  4755  4755 I bt_btif : get_profile_interface vendor
09-08 08:26:15.032  4755  4755 D BluetoothAdapterService: setAdapterService() - set to: null
09-08 08:26:15.033  4755  4755 D BluetoothAdapterService: onBind()
09-08 08:26:15.061  3589  3589 I InputMethodManagerService: Default found, using com.android.inputmethod.latin/.LatinIME
09-08 08:26:15.062  3589  3589 W InputMethodManagerService: Illegal subtype state: old subtype = null, new subtype = android.view.inputmethod.InputMethodSubtype@c9194f98
09-08 08:26:15.078  3589  3589 I ActivityManager: Start proc 4779:com.android.inputmethod.latin/u0a64 for service com.android.inputmethod.latin/.LatinIME
09-08 08:26:15.078  3589  3589 V InputMethodManagerService: Adding window token: android.os.Binder@80c7db8
09-08 08:26:15.078  3589  4048 D MountService: Thinking about init, mSystemReady=true, mDaemonConnected=true
09-08 08:26:15.078  3589  4048 D MountService: Setting up emulation state, initlocked=false
09-08 08:26:15.078  3589  4048 D CryptdConnector: SND -> {2 cryptfs unlock_user_key 0 0 ! !}
09-08 08:26:15.080  3067  3135 D vold    : e4crypt_unlock_user_key 0 serial=0 token_present=0
09-08 08:26:15.080  3067  3135 E vold    : Failed to chmod /data/system_ce/0: No such file or directory
09-08 08:26:15.080  3067  3135 E vold    : Failed to chmod /data/misc_ce/0: No such file or directory
09-08 08:26:15.080  3589  4050 D CryptdConnector: RCV <- {200 2 Command succeeded}
09-08 08:26:15.082  3589  3589 D UsbAlsaManager: Adding ALSA device AlsaDevice: [card: 0, device: 22, type: 1]
09-08 08:26:15.082  3589  4048 D MountService: Thinking about reset, mSystemReady=true, mDaemonConnected=true
09-08 08:26:15.082  3589  3589 D UsbAlsaManager: Adding ALSA device AlsaDevice: [card: 0, device: 22, type: 2]
09-08 08:26:15.083  3589  3589 D UsbAlsaManager: Adding ALSA device AlsaDevice: [card: 0, device: 21, type: 2]
09-08 08:26:15.083  3589  3589 D UsbAlsaManager: Adding ALSA device AlsaDevice: [card: 0, device: 20, type: 2]
09-08 08:26:15.083  3589  3589 D UsbAlsaManager: Adding ALSA device AlsaDevice: [card: 0, device: 12, type: 2]
09-08 08:26:15.083  3589  3589 D UsbAlsaManager: Adding ALSA device AlsaDevice: [card: 0, device: 11, type: 2]
09-08 08:26:15.083  3589  3589 D UsbAlsaManager: Adding ALSA device AlsaDevice: [card: 0, device: 10, type: 2]
09-08 08:26:15.083  3589  3589 D UsbAlsaManager: Adding ALSA device AlsaDevice: [card: 0, device: 9, type: 2]
09-08 08:26:15.083  3589  3589 D UsbAlsaManager: Adding ALSA device AlsaDevice: [card: 0, device: 7, type: 1]
09-08 08:26:15.083  3589  3589 D UsbAlsaManager: Adding ALSA device AlsaDevice: [card: 0, device: 8, type: 2]
09-08 08:26:15.083  3589  3697 I ActivityManager: Force stopping com.android.providers.media appid=10009 user=-1: vold reset
09-08 08:26:15.083  3589  3589 D UsbAlsaManager: Adding ALSA device AlsaDevice: [card: 0, device: 6, type: 1]
09-08 08:26:15.083  3589  4704 D BluetoothManagerService: Trying to bind to profile: 1, while Bluetooth was disabled
09-08 08:26:15.084  3589  3589 D UsbAlsaManager: Adding ALSA device AlsaDevice: [card: 0, device: 4, type: 1]
09-08 08:26:15.084  3589  4048 D VoldConnector: SND -> {31 volume reset}
09-08 08:26:15.084  3589  3589 D UsbAlsaManager: Adding ALSA device AlsaDevice: [card: 0, device: 3, type: 1]
09-08 08:26:15.084  3589  3589 D UsbAlsaManager: Adding ALSA device AlsaDevice: [card: 0, device: 2, type: 1]
09-08 08:26:15.084  3589  3589 D UsbAlsaManager: Adding ALSA device AlsaDevice: [card: 0, device: 1, type: 1]
