09-13 21:06:54.711  3188  3246 I OMXMaster: makeComponentInstance(OMX.ffmpeg.vtrial.decoder) in mediacodec process
09-13 21:06:54.711  3188  3246 V FFmpegOMXPlugin: makeComponentInstance 'OMX.ffmpeg.vtrial.decoder'
09-13 21:06:54.712  3188  3246 D SoftFFmpegVideo: SoftFFmpegVideo component: OMX.ffmpeg.vtrial.decoder codingType=1 appData: 0xf69b20e0
09-13 21:06:54.712  3188  5031 E OMXNodeInstance: getExtensionIndex(c740035:ffmpeg.vtrial.decoder, OMX.google.android.index.configureVideoTunnelMode) ERROR: UnsupportedIndex(0x8000101a)
09-13 21:06:54.712  3188  3188 W OMXNodeInstance: [c740035:ffmpeg.vtrial.decoder] component does not support metadata mode; using fallback
09-13 21:06:54.713  3191  3191 I MediaPlayerService: MediaPlayerService::getOMX
09-13 21:06:54.713  3191  3191 I OMXClient: MuxOMX ctor
09-13 21:06:54.713  3188  3246 I OMXMaster: makeComponentInstance(OMX.ffmpeg.wmv.decoder) in mediacodec process
09-13 21:06:54.713  3188  3246 V FFmpegOMXPlugin: makeComponentInstance 'OMX.ffmpeg.wmv.decoder'
09-13 21:06:54.713  3188  3246 D SoftFFmpegVideo: SoftFFmpegVideo component: OMX.ffmpeg.wmv.decoder codingType=5 appData: 0xf4bde000
09-13 21:06:54.715  3188  5031 E OMXNodeInstance: getExtensionIndex(c740036:ffmpeg.wmv.decoder, OMX.google.android.index.configureVideoTunnelMode) ERROR: UnsupportedIndex(0x8000101a)
09-13 21:06:54.715  3188  3188 W OMXNodeInstance: [c740036:ffmpeg.wmv.decoder] component does not support metadata mode; using fallback
09-13 21:06:54.717  3191  3191 I MediaPlayerService: MediaPlayerService::getOMX
09-13 21:06:54.717  3191  3191 I OMXClient: MuxOMX ctor
09-13 21:06:54.717  3191  3191 W MediaCodecList: unable to open media codecs configuration xml file: /etc/media_codecs_performance.xml
09-13 21:06:54.717  3191  3191 I MediaPlayerService: MediaPlayerService::getOMX
09-13 21:06:54.717  3191  3191 I OMXClient: MuxOMX ctor
09-13 21:06:54.717  3191  3191 W MediaCodecList: unable to open media codecs configuration xml file: /data/misc/media/media_codecs_profiling_results.xml
09-13 21:06:54.718  3191  3191 I MediaPlayerService: MediaPlayerService::getOMX
09-13 21:06:54.718  3191  3256 I MediaPlayerService: MediaPlayerService::getOMX
09-13 21:06:54.719  3589  4802 I OMXClient: MuxOMX ctor
09-13 21:06:54.719  4775  4809 I OMXClient: MuxOMX ctor
09-13 21:06:54.720  3188  3246 I OMXMaster: makeComponentInstance(OMX.google.vorbis.decoder) in mediacodec process
09-13 21:06:54.720  3188  5031 I OMXMaster: makeComponentInstance(OMX.google.vorbis.decoder) in mediacodec process
09-13 21:06:54.724  3589  3677 W WallpaperManagerService: no current wallpaper -- first boot?
09-13 21:06:54.734  4775  4775 D ClockController: onTuningChanged key=cmsystem:status_bar_clock value=null
09-13 21:06:54.740  4775  4775 D ClockController: onTuningChanged key=cmsystem:status_bar_am_pm value=null
09-13 21:06:54.743  4775  4775 D ClockController: onTuningChanged key=clock_seconds value=null
09-13 21:06:54.759  3191  4810 I MediaPlayerService: MediaPlayerService::getOMX
09-13 21:06:54.759  3191  3191 I MediaPlayerService: MediaPlayerService::getOMX
09-13 21:06:54.759  3589  5090 I OMXClient: MuxOMX ctor
09-13 21:06:54.759  4775  5091 I OMXClient: MuxOMX ctor
09-13 21:06:54.760  3188  5086 I OMXMaster: makeComponentInstance(OMX.google.vorbis.decoder) in mediacodec process
09-13 21:06:54.761  3188  3246 I OMXMaster: makeComponentInstance(OMX.google.vorbis.decoder) in mediacodec process
09-13 21:06:54.779  4775  4775 D LocalBluetoothProfileManager: Adding local MAP profile
09-13 21:06:54.783  4775  4775 D BluetoothMap: Create BluetoothMap proxy object
09-13 21:06:54.790  3191  4810 I MediaPlayerService: MediaPlayerService::getOMX
09-13 21:06:54.790  3589  5096 I OMXClient: MuxOMX ctor
09-13 21:06:54.791  3188  5031 I OMXMaster: makeComponentInstance(OMX.google.vorbis.decoder) in mediacodec process
09-13 21:06:54.792  4775  4775 D LocalBluetoothProfileManager: LocalBluetoothProfileManager construction complete
09-13 21:06:54.806  3191  3191 I MediaPlayerService: MediaPlayerService::getOMX
09-13 21:06:54.807  4775  5100 I OMXClient: MuxOMX ctor
09-13 21:06:54.807  4761  4885 I LatinIME:LogUtils: Dictionary info: dictionary = main:bg ; version = 1 ; date = 1457766000
09-13 21:06:54.807  3188  5086 I OMXMaster: makeComponentInstance(OMX.google.vorbis.decoder) in mediacodec process
09-13 21:06:54.820  4775  4775 I CameraManagerGlobal: Connecting to camera service
09-13 21:06:54.822  3176  3176 E CameraService: getCameraVendorTagDescriptor: camera hardware module doesn't exist
09-13 21:06:54.838  3191  3256 I MediaPlayerService: MediaPlayerService::getOMX
09-13 21:06:54.838  3589  5104 I OMXClient: MuxOMX ctor
09-13 21:06:54.839  3188  5086 I OMXMaster: makeComponentInstance(OMX.google.vorbis.decoder) in mediacodec process
09-13 21:06:54.846  4761  4885 I LatinIME:LogUtils: Dictionary info: dictionary = main:cs ; version = 44 ; date = 1393228134
09-13 21:06:54.857  3589  4940 I ActivityManager: Start proc 5108:org.cyanogenmod.weather.provider/u0a32 for content provider org.cyanogenmod.weather.provider/.WeatherContentProvider
09-13 21:06:54.873  5108  5108 W System  : ClassLoader referenced unknown path: /system/priv-app/WeatherProvider/lib/arm64
09-13 21:06:54.874  4761  4885 I LatinIME:LogUtils: Dictionary info: dictionary = main:da ; version = 44 ; date = 1393228134
09-13 21:06:54.874  3191  4898 I MediaPlayerService: MediaPlayerService::getOMX
09-13 21:06:54.875  3589  5122 I OMXClient: MuxOMX ctor
09-13 21:06:54.875  3188  5086 I OMXMaster: makeComponentInstance(OMX.google.vorbis.decoder) in mediacodec process
09-13 21:06:54.902  3191  4811 I MediaPlayerService: MediaPlayerService::getOMX
09-13 21:06:54.903  3589  5126 I OMXClient: MuxOMX ctor
09-13 21:06:54.903  3188  3246 I OMXMaster: makeComponentInstance(OMX.google.vorbis.decoder) in mediacodec process
09-13 21:06:54.904  4761  4885 I LatinIME:LogUtils: Dictionary info: dictionary = main:de ; version = 54 ; date = 1414726263
09-13 21:06:54.913  4775  4782 I art     : Do full code cache collection, code=251KB, data=206KB
09-13 21:06:54.913  4775  4782 I art     : Starting a blocking GC JitCodeCache
09-13 21:06:54.913  4775  4782 I art     : After code cache collection, code=242KB, data=180KB
09-13 21:06:54.913  4761  4885 I LatinIME:LogUtils: Dictionary info: dictionary = main:el ; version = 44 ; date = 1393228134
09-13 21:06:54.918  4761  4885 I LatinIME:LogUtils: Dictionary info: dictionary = main:en ; version = 54 ; date = 1414726273
09-13 21:06:54.927  3184  3489 I APM_AudioPolicyManager: setForceUse() usage 0, config 0, mPhoneState 0
09-13 21:06:54.927  3184  3489 W APM_AudioPolicyManager: setForceUse() usage 0, config 0 is Already setted
09-13 21:06:54.927  3184  3184 I APM_AudioPolicyManager: setForceUse() usage 2, config 0, mPhoneState 0
09-13 21:06:54.927  3184  3184 W APM_AudioPolicyManager: setForceUse() usage 2, config 0 is Already setted
09-13 21:06:54.927  4761  4885 I LatinIME:LogUtils: Dictionary info: dictionary = main:es ; version = 54 ; date = 1414726268
09-13 21:06:54.935  4761  4885 I LatinIME:LogUtils: Dictionary info: dictionary = main:fi ; version = 44 ; date = 1393228135
09-13 21:06:54.955  4775  4782 I art     : Do partial code cache collection, code=244KB, data=187KB
09-13 21:06:54.955  4775  4782 I art     : After code cache collection, code=244KB, data=187KB
09-13 21:06:54.955  4775  4782 I art     : Increasing code cache capacity to 1024KB
09-13 21:06:54.961  4775  5131 E ActivityThread: Failed to find provider info for com.android.contacts
09-13 21:06:54.967  4775  4895 D OpenGLRenderer: profile bars disabled
09-13 21:06:54.967  4775  4895 D OpenGLRenderer: ambientRatio = 1.50
09-13 21:06:54.974  4761  4885 I LatinIME:LogUtils: Dictionary info: dictionary = main:fr ; version = 54 ; date = 1414726264
09-13 21:06:54.978  4775  4775 D PhoneStatusBar: disable: < EXPAND* icons alerts system_info BACK* HOME* RECENT* clock SEARCH* quick_settings >
09-13 21:06:55.008  4761  4885 I LatinIME:LogUtils: Dictionary info: dictionary = main:hr ; version = 44 ; date = 1393228135
09-13 21:06:55.027  4761  4885 I LatinIME:LogUtils: Dictionary info: dictionary = main:hu ; version = 1 ; date = 1473269900
09-13 21:06:55.056  4761  4885 I LatinIME:LogUtils: Dictionary info: dictionary = main:it ; version = 54 ; date = 1414726258
09-13 21:06:55.078  4761  4885 I LatinIME:LogUtils: Dictionary info: dictionary = main:iw ; version = 44 ; date = 1393228136
09-13 21:06:55.111  3589  3678 D libgps  : SendGpsExtensionMessage: Waiting for IPC connection - timeout
09-13 21:06:55.111  3589  3678 E libgps  : LIBGPS: Cannot communicate (write) with a GPSD
09-13 21:06:55.111  3589  3678 E libgps  : IPC Communication Error, ../../../../tmp/15194007_282637/allPartners/os/android/gps_interface/gpsi_client/GpsiClient.cpp:631 SendGpsExtensionMessage
09-13 21:06:55.111  3589  3678 D libgps  : agps_set_server: Waiting for IPC connection...
09-13 21:06:55.127  4775  4775 D PhoneStatusBar: heads up is enabled
09-13 21:06:55.129  4761  4885 I LatinIME:LogUtils: Dictionary info: dictionary = main:lb ; version = 1 ; date = 1380519383
09-13 21:06:55.135  4775  4775 D StatusBar: user hasn't seen notification about hidden notifications
09-13 21:06:55.136  4775  4775 D StatusBar: insecure lockscreen, skipping notification
09-13 21:06:55.178  4761  4885 I LatinIME:LogUtils: Dictionary info: dictionary = main:nb ; version = 44 ; date = 1393228136
09-13 21:06:55.182  4775  4775 I Choreographer: Skipped 52 frames!  The application may be doing too much work on its main thread.
09-13 21:06:55.207  4775  4775 D ViewRootImpl[StatusBar]: changeCanvasOpacity: opaque=true
09-13 21:06:55.210  4761  4885 I LatinIME:LogUtils: Dictionary info: dictionary = main:nl ; version = 44 ; date = 1393228136
09-13 21:06:55.241  4761  4885 I LatinIME:LogUtils: Dictionary info: dictionary = main:ru ; version = 54 ; date = 1414726277
09-13 21:06:55.252  4761  4885 I LatinIME:LogUtils: Dictionary info: dictionary = main:sv ; version = 44 ; date = 1393228154
09-13 21:06:55.290  4761  4885 I LatinIME:LogUtils: Dictionary info: dictionary = main:uk ; version = 1 ; date = 1376495808
09-13 21:06:55.314  4924  4924 E TelephonyProvider: dbh.selectConflictingRow: Expected 1 but found 0 matching rows found for cv password= mnc=01 sub_id=-1 bearer_bitmask=0 numeric=23801 name=Telmore mcc=238 authtype=3 apn=internet type=default,supl user=
09-13 21:06:55.315  4924  4924 E TelephonyProvider: dbh.selectConflictingRow: Expected 1 but found 0 matching rows found for cv password= sub_id=-1 bearer_bitmask=0 numeric=23801 mmsc=http://192.168.241.114:8002 user= mnc=01 mmsport=8080 proxy= mmsproxy=194.182.251.15 name=Telmore MMS port= mcc=238 apn=mms type=mms
09-13 21:06:55.318  4924  4924 E TelephonyProvider: dbh.selectConflictingRow: Expected 1 but found 0 matching rows found for cv password= sub_id=-1 bearer_bitmask=0 numeric=23802 mmsc=http://mms.telenor.dk user= mnc=02 mmsport=8080 proxy= mmsproxy=212.88.64.8 name=Onfone MMS port= mcc=238 apn=telenor type=mms
09-13 21:06:55.320  4924  4924 E TelephonyProvider: dbh.selectConflictingRow: Expected 1 but found 0 matching rows found for cv password= mnc=02 sub_id=-1 bearer_bitmask=0 mmsc= proxy= numeric=23802 name=CBB GPRS port= mcc=238 apn=internet type=default,supl user=
09-13 21:06:55.326  4924  4924 E TelephonyProvider: dbh.selectConflictingRow: Expected 1 but found 0 matching rows found for cv password= sub_id=-1 bearer_bitmask=0 numeric=23810 mmsc=http://192.168.241.114:8002 user= mnc=10 mmsport=8080 proxy= mmsproxy=194.182.251.15 name=M1 MMS GPRS port= mcc=238 apn=mms type=mms
09-13 21:06:55.327  4924  4924 E TelephonyProvider: dbh.selectConflictingRow: Expected 1 but found 0 matching rows found for cv password= mnc=10 sub_id=-1 bearer_bitmask=0 mmsc= proxy=194.182.251.15 numeric=23810 name=M1 WAP GPRS port=8080 mcc=238 apn=wap type=default,supl user=
09-13 21:06:55.331  4924  4924 E TelephonyProvider: dbh.selectConflictingRow: Expected 1 but found 0 matching rows found for cv password= mnc=20 sub_id=-1 bearer_bitmask=0 numeric=23820 name=DLG Tele mcc=238 authtype=3 apn=websp type=default,supl user=
09-13 21:06:55.332  4924  4924 E TelephonyProvider: dbh.selectConflictingRow: Expected 1 but found 0 matching rows found for cv password= mnc=20 sub_id=-1 bearer_bitmask=0 numeric=23820 name=Waoo Mobil mcc=238 apn=websp type=default,supl user=
09-13 21:06:55.333  4924  4924 E TelephonyProvider: dbh.selectConflictingRow: Expected 1 but found 0 matching rows found for cv password= sub_id=-1 bearer_bitmask=0 numeric=23820 mmsc=http://mms.telia.dk user= mnc=20 mmsport=8080 proxy= mmsproxy=193.209.134.131 name=Waoo Mobil MMS port= mcc=238 apn=mmssp type=mms
09-13 21:06:55.335  4924  4924 E TelephonyProvider: dbh.selectConflictingRow: Expected 1 but found 0 matching rows found for cv password= mnc=20 sub_id=-1 bearer_bitmask=0 mmsc= proxy= numeric=23820 name=Siminn Internet port= mcc=238 apn=websp type=default,supl user=
09-13 21:06:55.336  4924  4924 E TelephonyProvider: dbh.selectConflictingRow: Expected 1 but found 0 matching rows found for cv password= sub_id=-1 bearer_bitmask=0 numeric=23820 mmsc=http://mms.telia.dk user= mnc=20 mmsport=8080 proxy= mmsproxy=193.209.134.131 name=Siminn MMS port= mcc=238 apn=mmssp type=mms
09-13 21:06:55.340  4761  4885 I BinaryDictionaryFileDumper: reinitializeClientRecordInDictionaryContentProvider() : Insert DictionaryInfo : Id = 'main:bg' : Locale=bg : Version=1
09-13 21:06:55.341  4924  4924 E TelephonyProvider: dbh.selectConflictingRow: Expected 1 but found 0 matching rows found for cv password= sub_id=-1 bearer_bitmask=0 numeric=24001 mmsc=http://mmss user= mnc=01 mmsport=80 proxy= mmsproxy=193.209.134.132 name=Halebop MMS port= mcc=240 apn=mms.telia.se type=mms
09-13 21:06:55.363  4924  4924 E TelephonyProvider: dbh.selectConflictingRow: Expected 1 but found 0 matching rows found for cv password= sub_id=-1 bearer_bitmask=0 numeric=24008 mmsc=http://mms user= mnc=08 mmsport=8799 proxy= mmsproxy=172.30.253.241 name=Telenor MMS port= mcc=240 apn=services.telenor.se type=mms
09-13 21:06:55.365  4924  4924 E TelephonyProvider: dbh.selectConflictingRow: Expected 1 but found 0 matching rows found for cv password= sub_id=-1 bearer_bitmask=0 numeric=24008 mmsc=http://mms user= mnc=08 mmsport=8799 proxy= mmsproxy=172.30.253.241 name=Glocalnet MMS port= mcc=240 apn=services.glocalnet.se type=mms
09-13 21:06:55.368  4924  4924 E TelephonyProvider: dbh.selectConflictingRow: Expected 1 but found 0 matching rows found for cv mnc=10 sub_id=-1 bearer_bitmask=0 numeric=24010 name=Spring data mcc=240 apn=data.springmobil.se type=default,supl
09-13 21:06:55.376  4924  4924 E TelephonyProvider: dbh.selectConflictingRow: Expected 1 but found 0 matching rows found for cv password= mnc=03 sub_id=-1 bearer_bitmask=0 mmsc= proxy= numeric=24403 name=Telia ISP GPRS port= mcc=244 apn=internet type=default,supl user=
09-13 21:06:55.382  4924  4924 E TelephonyProvider: dbh.selectConflictingRow: Expected 1 but found 0 matching rows found for cv password= sub_id=-1 bearer_bitmask=0 numeric=24405 mmsc= authtype=1 user= mnc=05 proxy= name=Saunalahti Internet port= mcc=244 apn=internet type=default,supl
09-13 21:06:55.383  4924  4924 E TelephonyProvider: dbh.selectConflictingRow: Expected 1 but found 0 matching rows found for cv password= sub_id=-1 bearer_bitmask=0 numeric=24405 mmsc=http://mms.elisa.fi authtype=1 user= mnc=05 mmsport=80 proxy= mmsproxy=213.161.41.57 name=Saunalahti MMS port= mcc=244 apn=mms type=mms
09-13 21:06:55.391  4924  4924 E TelephonyProvider: dbh.selectConflictingRow: Expected 1 but found 0 matching rows found for cv password= mnc=12 sub_id=-1 bearer_bitmask=0 mmsc= proxy= numeric=24412 name=Optimi Internet port= mcc=244 apn=internet.dicame.fi type=default,supl user=
09-13 21:06:55.392  4924  4924 E TelephonyProvider: dbh.selectConflictingRow: Expected 1 but found 0 matching rows found for cv password= sub_id=-1 bearer_bitmask=0 numeric=24412 mmsc=http://mmsc.dicame.fi user= mnc=12 mmsport=8080 proxy= mmsproxy=10.1.1.15 name=Optimi MMS port= mcc=244 apn=mms.dicame.fi type=mms
09-13 21:06:55.393  4924  4924 E TelephonyProvider: dbh.selectConflictingRow: Expected 1 but found 0 matching rows found for cv password= mnc=12 sub_id=-1 bearer_bitmask=0 mmsc= proxy= numeric=24412 name=Finora Internet port= mcc=244 apn=internet.setera.fi type=default,supl user=
09-13 21:06:55.394  4924  4924 E TelephonyProvider: dbh.selectConflictingRow: Expected 1 but found 0 matching rows found for cv password= sub_id=-1 bearer_bitmask=0 numeric=24412 mmsc=http://mmsc.setera.fi user= mnc=12 mmsport=8080 proxy= mmsproxy=10.1.11.2 name=Finora MMS port= mcc=244 apn=mms.setera.fi type=mms
09-13 21:06:55.398  4924  4924 E TelephonyProvider: dbh.selectConflictingRow: Expected 1 but found 0 matching rows found for cv password= mnc=91 sub_id=-1 bearer_bitmask=0 mmsc= proxy= numeric=24491 name=Tele Finland Internet port= mcc=244 apn=internet type=default,supl user=
09-13 21:06:55.399  4924  4924 E TelephonyProvider: dbh.selectConflictingRow: Expected 1 but found 0 matching rows found for cv password= sub_id=-1 bearer_bitmask=0 numeric=24491 mmsc=http://mms.sonera.fi:8002 user= mnc=91 mmsport=80 proxy= mmsproxy=195.156.25.33 name=Tele Finland MMS port= mcc=244 apn=wap.sonera.net type=mms
09-13 21:06:55.411  4924  4924 E TelephonyProvider: dbh.selectConflictingRow: Expected 1 but found 0 matching rows found for cv password=any mnc=07 sub_id=-1 bearer_bitmask=0 mmsc= proxy= numeric=25007 name=internet port= mcc=250 apn=internet.smarts.ru type=default,supl user=any
09-13 21:06:55.420  4761  4885 I BinaryDictionaryFileDumper: reinitializeClientRecordInDictionaryContentProvider() : Insert DictionaryInfo : Id = 'main:cs' : Locale=cs : Version=44
09-13 21:06:55.429  4924  4924 E TelephonyProvider: dbh.selectConflictingRow: Expected 1 but found 0 matching rows found for cv password= mnc=01 sub_id=-1 bearer_bitmask=0 numeric=25501 name=Mobile GPRS Internet mcc=255 apn=internet type=default,supl user=
09-13 21:06:55.433  3589  4848 W LocalDisplayAdapter: Unable to find color mode 0, ignoring request.
09-13 21:06:55.434  4924  4924 E TelephonyProvider: dbh.selectConflictingRow: Expected 1 but found 0 matching rows found for cv password=mms sub_id=-1 bearer_bitmask=0 numeric=25503 mmsc=http://mms.kyivstar.net user=mms mnc=03 mmsport=8080 proxy= mmsproxy=10.10.10.10 name=Ace_Base MMS port= mcc=255 apn=mms.kyivstar.net type=mms
09-13 21:06:55.435  4924  4924 E TelephonyProvider: dbh.selectConflictingRow: Expected 1 but found 0 matching rows found for cv password= mnc=03 sub_id=-1 bearer_bitmask=0 mmsc= proxy= numeric=25503 name=Ace_Base port= mcc=255 apn=www.ab.kyivstar.net type=default,supl user=
09-13 21:06:55.440  4775  4895 I OpenGLRenderer: Initialized EGL, version 1.4
09-13 21:06:55.440  4775  4895 D OpenGLRenderer: Swap behavior 1
09-13 21:06:55.444  4775  4895 D mali_winsys: EGLint new_window_surface(egl_winsys_display*, void*, EGLSurface, EGLConfig, egl_winsys_surface**, egl_color_buffer_format*, EGLBoolean) returns 0x3000,  [1440x84]-format:1
09-13 21:06:55.455  4924  4924 E TelephonyProvider: dbh.selectConflictingRow: Expected 1 but found 0 matching rows found for cv password=eramms sub_id=-1 bearer_bitmask=0 numeric=26002 mmsc=http://mms.era.pl/servlets/mms user=eramms mnc=02 mmsport=8080 mmsproxy=213.158.194.226 name=Era MMS server=* mcc=260 apn=eramms type=mms
09-13 21:06:55.456  4924  4924 E TelephonyProvider: dbh.selectConflictingRow: Expected 1 but found 0 matching rows found for cv password=erainternet mnc=02 sub_id=-1 bearer_bitmask=0 numeric=26002 name=Era Internet mcc=260 apn=erainternet type=default,supl user=erainternet
09-13 21:06:55.459  4924  4924 E TelephonyProvider: dbh.selectConflictingRow: Expected 1 but found 0 matching rows found for cv password= mnc=02 sub_id=-1 bearer_bitmask=0 mmsc= proxy= numeric=26002 name=T-Mobile.pl INTERNET port= mcc=260 apn=internet type=default,supl user=
09-13 21:06:55.461  4924  4924 E TelephonyProvider: dbh.selectConflictingRow: Expected 1 but found 0 matching rows found for cv password= mnc=02 sub_id=-1 bearer_bitmask=0 mmsc= proxy= numeric=26002 name=Heyah INTERNET port= mcc=260 apn=heyah.pl type=default,supl user=
09-13 21:06:55.463  4924  4924 E TelephonyProvider: dbh.selectConflictingRow: Expected 1 but found 0 matching rows found for cv password=internet mnc=03 sub_id=-1 bearer_bitmask=0 numeric=26003 name=Orange PL mcc=260 apn=internet type=default,supl user=internet
09-13 21:06:55.467  4924  4924 E TelephonyProvider: dbh.selectConflictingRow: Expected 1 but found 0 matching rows found for cv password= sub_id=-1 bearer_bitmask=0 numeric=26006 mmsc=http://10.10.28.164/mms/wapenc user= mnc=06 mmsport=8080 proxy= mmsproxy=10.10.25.5 name=Play MMS port= mcc=260 apn=mms type=mms
09-13 21:06:55.479  3589  3686 W LocalDisplayAdapter: Unable to find color mode 0, ignoring request.
09-13 21:06:55.483  4924  4924 E TelephonyProvider: dbh.selectConflictingRow: Expected 1 but found 0 matching rows found for cv password=blau mnc=03 sub_id=-1 bearer_bitmask=0 numeric=26203 name=blau DE mcc=262 apn=internet.eplus.de type=default,supl user=blau
09-13 21:06:55.484  4924  4924 E TelephonyProvider: dbh.selectConflictingRow: Expected 1 but found 0 matching rows found for cv password=internet mnc=03 sub_id=-1 bearer_bitmask=0 numeric=26203 name=E-Plus Internet mcc=262 apn=internet.eplus.de type=default,supl user=eplus
09-13 21:06:55.485  4924  4924 E TelephonyProvider: dbh.selectConflictingRow: Expected 1 but found 0 matching rows found for cv password=eplus mnc=03 mmsport=5080 sub_id=-1 bearer_bitmask=0 mmsc=http://mms/eplus/ mmsproxy=212.23.97.153 numeric=26203 name=E-Plus MMS mcc=262 apn=mms.eplus.de type=mms user=mms
09-13 21:06:55.489  4924  4924 E TelephonyProvider: dbh.selectConflictingRow: Expected 1 but found 0 matching rows found for cv password=tm sub_id=-1 bearer_bitmask=0 numeric=26206 mmsc=http://mms.t-mobile.de/servlets/mms user=t-mobile mnc=06 mmsport=8008 proxy= mmsproxy=172.28.23.131 name=T-Mobile Internet port= mcc=262 apn=internet.t-mobile type=default,supl,mms
09-13 21:06:55.490  4761  4885 I BinaryDictionaryFileDumper: reinitializeClientRecordInDictionaryContentProvider() : Insert DictionaryInfo : Id = 'main:da' : Locale=da : Version=44
09-13 21:06:55.498  4924  4924 E TelephonyProvider: dbh.selectConflictingRow: Expected 1 but found 0 matching rows found for cv password= sub_id=-1 bearer_bitmask=0 numeric=26208 mmsc=http://10.81.0.7:8002 user= mnc=08 mmsport=8080 proxy= mmsproxy=82.113.100.5 name=O2 port= mcc=262 apn=internet type=default,supl,mms
09-13 21:06:55.502  4775  4895 D mali_winsys: EGLint new_window_surface(egl_winsys_display*, void*, EGLSurface, EGLConfig, egl_winsys_surface**, egl_color_buffer_format*, EGLBoolean) returns 0x3000,  [1440x168]-format:1
09-13 21:06:55.506  4924  4924 E TelephonyProvider: dbh.selectConflictingRow: Expected 1 but found 0 matching rows found for cv password= sub_id=-1 bearer_bitmask=0 numeric=26803 mmsc= authtype=1 user= mnc=03 proxy= name=PT - Optimus Web port= mcc=268 apn=umts type=default,supl
09-13 21:06:55.511  4924  4924 E TelephonyProvider: dbh.selectConflictingRow: Expected 1 but found 0 matching rows found for cv password=vodafone mnc=01 sub_id=-1 bearer_bitmask=0 mmsc= proxy= numeric=27201 name=Vodafone IE-ISP port= mcc=272 apn=isp.vodafone.ie type=default,supl user=vodafone
09-13 21:06:55.512  4924  4924 E TelephonyProvider: dbh.selectConflictingRow: Expected 1 but found 0 matching rows found for cv password= sub_id=-1 bearer_bitmask=0 numeric=27201 mmsc=http://www.vodafone.ie/mms user= mnc=01 mmsport=80 proxy= mmsproxy=10.24.59.200 name=Vodafone IE-MMS port= mcc=272 apn=mms.vodafone.net type=mms
09-13 21:06:55.516  4924  4924 E TelephonyProvider: dbh.selectConflictingRow: Expected 1 but found 0 matching rows found for cv password= sub_id=-1 bearer_bitmask=0 numeric=27205 mmsc=http://mms.um.3ireland.ie:10021/mmsc user= mnc=05 mmsport=8799 proxy= mmsproxy=mms.3ireland.ie name=3 Ireland port= mcc=272 apn=3ireland.ie type=default,supl,mms
09-13 21:06:55.528  4924  4924 E TelephonyProvider: dbh.selectConflictingRow: Expected 1 but found 0 matching rows found for cv password= sub_id=-1 bearer_bitmask=0 numeric=28305 mmsc=http://mms.vivacell.am/mmsc user= mnc=05 mmsport=8080 proxy= mmsproxy=83.217.226.72 name=VivaCell MMS port= mcc=283 apn=mms.vivacell.am type=mms
09-13 21:06:55.530  3589  3676 I ActivityManager: user 0 is still locked. Cannot load recents
09-13 21:06:55.541  3589  4939 V KeyguardServiceDelegate: **** SHOWN CALLED ****
09-13 21:06:55.545  4924  4924 E TelephonyProvider: dbh.selectConflictingRow: Expected 1 but found 0 matching rows found for cv mnc=270 sub_id=-1 bearer_bitmask=0 numeric=302270 name=Eastlink Internet mcc=302 apn=wisp.mobi.eastlink.ca type=default,supl
09-13 21:06:55.546  4924  4924 E TelephonyProvider: dbh.selectConflictingRow: Expected 1 but found 0 matching rows found for cv mnc=270 mmsport=8080 sub_id=-1 bearer_bitmask=0 mmsc=http://mmss.mobi.eastlink.ca numeric=302270 mmsproxy=10.232.12.49 name=Eastlink MMS mcc=302 apn=mms.mobi.eastlink.ca type=mms
09-13 21:06:55.548  4924  4924 E TelephonyProvider: dbh.selectConflictingRow: Expected 1 but found 0 matching rows found for cv password= sub_id=-1 bearer_bitmask=0 numeric=302320 mmsc=http://mms.mobilicity.net user= mnc=320 mmsport=8080 proxy= mmsproxy=10.100.3.4 name=Mobilicity MMS port= mcc=302 apn=mms.davewireless.com type=mms
09-13 21:06:55.553  4924  4924 E TelephonyProvider: dbh.selectConflictingRow: Expected 1 but found 0 matching rows found for cv password= mnc=490 sub_id=-1 bearer_bitmask=0 mmsc= proxy= numeric=302490 name=Wind CA port= mcc=302 apn=internet.windmobile.ca type=default,supl user=
09-13 21:06:55.554  3589  3686 W LocalDisplayAdapter: Unable to find color mode 0, ignoring request.
09-13 21:06:55.554  4924  4924 E TelephonyProvider: dbh.selectConflictingRow: Expected 1 but found 0 matching rows found for cv password= sub_id=-1 bearer_bitmask=0 numeric=302490 mmsc=http://mms.windmobile.ca user= mnc=490 mmsport=8080 proxy= mmsproxy=74.115.197.70 name=Wind CA MMS port= mcc=302 apn=mms.windmobile.ca type=mms
09-13 21:06:55.559  4761  4885 I BinaryDictionaryFileDumper: reinitializeClientRecordInDictionaryContentProvider() : Insert DictionaryInfo : Id = 'main:de' : Locale=de : Version=54
09-13 21:06:55.570  3589  4674 D WifiService: New client listening to asynchronous messages
09-13 21:06:55.580  4924  4924 E TelephonyProvider: dbh.selectConflictingRow: Expected 1 but found 0 matching rows found for cv password= mnc=090 sub_id=-1 bearer_bitmask=0 mmsc= proxy= numeric=310090 name=Internet port= mcc=310 apn=isp type=default,supl user=
09-13 21:06:55.581  4924  4924 E TelephonyProvider: dbh.selectConflictingRow: Expected 1 but found 0 matching rows found for cv password= sub_id=-1 bearer_bitmask=0 numeric=310090 mmsc=http://mms.edgemobile.net/mmsc user= mnc=090 mmsport=3128 proxy= mmsproxy=12.108.12.13 name=MMS port= mcc=310 apn=mms type=mms
09-13 21:06:55.582  4924  4924 E TelephonyProvider: dbh.selectConflictingRow: Expected 1 but found 0 matching rows found for cv password= sub_id=-1 bearer_bitmask=0 numeric=310090 mmsc=http://mms.edgemobile.net/mmsc user= mnc=090 mmsport=3128 proxy= mmsproxy=12.108.12.13 name=Edge MMS Prepay port= mcc=310 apn=ppmms type=mms
09-13 21:06:55.587  3589  3686 W LocalDisplayAdapter: Unable to find color mode 0, ignoring request.
09-13 21:06:55.589  4924  4924 E TelephonyProvider: dbh.selectConflictingRow: Expected 1 but found 0 matching rows found for cv password= mnc=100 sub_id=-1 bearer_bitmask=0 mmsc= proxy= numeric=310100 name=PLATWEB port= mcc=310 apn=plateauweb type=default,supl user=
09-13 21:06:55.591  4924  4924 E TelephonyProvider: dbh.selectConflictingRow: Expected 1 but found 0 matching rows found for cv protocol=IPV4V6 mnc=120 sub_id=-1 bearer_bitmask=0 roaming_protocol=IPV4V6 numeric=310120 name=Sprint EHRPD ota mcc=310 apn=otasn type=fota
09-13 21:06:55.593  4924  4924 E TelephonyProvider: dbh.selectConflictingRow: Expected 1 but found 0 matching rows found for cv protocol=IPV4V6 mnc=120 mmsport=80 sub_id=-1 bearer_bitmask=0 roaming_protocol=IPV4V6 mmsc=http://mms.sprintpcs.com numeric=310120 mmsproxy=68.28.31.7 name=Sprint EHRPD internet mcc=310 apn=n.ispsn type=default,mms,supl,hipri
09-13 21:06:55.606  4924  4924 E TelephonyProvider: dbh.selectConflictingRow: Expected 1 but found 0 matching rows found for cv mnc=260 sub_id=-1 bearer_bitmask=0 mmsc=http://wholesale.mmsmvno.com/mms/wapenc numeric=310260 name=UVA Wireless port= mcc=310 apn=wholesale type=default,mms,supl,admin
09-13 21:06:55.607  4924  4924 E TelephonyProvider: dbh.selectConflictingRow: Expected 1 but found 0 matching rows found for cv mnc=260 sub_id=-1 bearer_bitmask=0 mmsc=http://mms.wholesale.mmsmvno.com/mms/wapenc numeric=310260 name=Ready SIM port= mcc=310 apn=wholesale type=default,mms,supl
09-13 21:06:55.611  4924  4924 E TelephonyProvider: dbh.selectConflictingRow: Expected 1 but found 0 matching rows found for cv protocol=IPV6 mnc=260 sub_id=-1 bearer_bitmask=0 roaming_protocol=IPV6 numeric=310260 name=Ting Data mcc=310 apn=wholesale type=default,admin,fota,mms,supl,hipri,internet,dun
09-13 21:06:55.617  4761  4885 I BinaryDictionaryFileDumper: reinitializeClientRecordInDictionaryContentProvider() : Insert DictionaryInfo : Id = 'main:el' : Locale=el : Version=44
09-13 21:06:55.625  4924  4924 E TelephonyProvider: dbh.selectConflictingRow: Expected 1 but found 0 matching rows found for cv mnc=410 mmsport=80 sub_id=-1 bearer_bitmask=0 mmsc=http://mmsc.cingular.com mmsproxy=66.209.11.33 numeric=310410 proxy=66.209.11.33 name=Jolt Mobile port=80 mcc=310 apn=att.mvno type=default,mms,supl
09-13 21:06:55.641  4924  4924 E TelephonyProvider: dbh.selectConflictingRow: Expected 1 but found 0 matching rows found for cv mnc=610 sub_id=-1 bearer_bitmask=0 numeric=310610 name=Epic Internet mcc=310 authtype=0 apn=internet.epictouch type=default,supl
09-13 21:06:55.645  4924  4924 E TelephonyProvider: dbh.selectConflictingRow: Expected 1 but found 0 matching rows found for cv password= mnc=770 sub_id=-1 bearer_bitmask=0 mmsc= proxy= numeric=310770 name=iWireless port= mcc=310 apn=i2.iwireless.com type=default,supl user=
09-13 21:06:55.669  4924  4924 E TelephonyProvider: dbh.selectConflictingRow: Expected 1 but found 0 matching rows found for cv mnc=370 sub_id=-1 bearer_bitmask=0 numeric=311370 name=GCI Data mcc=311 apn=web.gci type=default,supl
09-13 21:06:55.670  4924  4924 E TelephonyProvider: dbh.selectConflictingRow: Expected 1 but found 0 matching rows found for cv password= mnc=370 sub_id=-1 bearer_bitmask=0 mmsc= proxy= numeric=311370 name=GCI Data port= mcc=311 apn=web.gci type=default,supl user=
09-13 21:06:55.671  4924  4924 E TelephonyProvider: dbh.selectConflictingRow: Expected 1 but found 0 matching rows found for cv password= sub_id=-1 bearer_bitmask=0 numeric=311370 mmsc=http://mmsc.gci.csky.us:6672 user= mnc=370 mmsport=9201 proxy= mmsproxy=209.4.229.92 name=GCI MMS port= mcc=311 apn=mms.gci type=mms
09-13 21:06:55.689  4761  4885 I BinaryDictionaryFileDumper: reinitializeClientRecordInDictionaryContentProvider() : Insert DictionaryInfo : Id = 'main:en' : Locale=en : Version=54
09-13 21:06:55.698  4924  4924 E TelephonyProvider: dbh.selectConflictingRow: Expected 1 but found 0 matching rows found for cv password=iusacellgsm mnc=050 sub_id=-1 bearer_bitmask=0 numeric=334050 name=Unefon Internet mcc=334 authtype=0 apn=web.iusacellgsm.mx type=default,supl user=iusacellgsm
09-13 21:06:55.699  4924  4924 E TelephonyProvider: dbh.selectConflictingRow: Expected 1 but found 0 matching rows found for cv password=mmsiusacellgsm mnc=050 sub_id=-1 bearer_bitmask=0 mmsc=http://mms.iusacell3g.com/ numeric=334050 name=Unefon MMS mcc=334 apn=mms.iusacellgsm.mx type=mms user=mmsiusacellgsm
09-13 21:06:55.703  4924  4924 E TelephonyProvider: dbh.selectConflictingRow: Expected 1 but found 0 matching rows found for cv password= mnc=05 sub_id=-1 bearer_bitmask=0 numeric=33805 name=Digicel Haiti Web mcc=338 apn=web type=default,supl user=
09-13 21:06:55.705  4924  4924 E TelephonyProvider: dbh.selectConflictingRow: Expected 1 but found 0 matching rows found for cv password= mnc=05 sub_id=-1 bearer_bitmask=0 numeric=33805 name=Digicel BVI Web mcc=338 apn=web type=default,supl user=
09-13 21:06:55.706  4924  4924 E TelephonyProvider: dbh.selectConflictingRow: Expected 1 but found 0 matching rows found for cv password= mnc=05 mmsport=8080 sub_id=-1 bearer_bitmask=0 mmsc=http://mms.digicelgroup.com mmsproxy=172.16.7.12 numeric=33805 name=Digicel Cayman MMS mcc=338 apn=wap type=mms user=
09-13 21:06:55.707  4924  4924 E TelephonyProvider: dbh.selectConflictingRow: Expected 1 but found 0 matching rows found for cv password= mnc=05 sub_id=-1 bearer_bitmask=0 numeric=33805 name=Digicel LTE ANTIGUA mcc=338 apn=internet type=default,supl user=
09-13 21:06:55.708  4924  4929 I art     : Do full code cache collection, code=124KB, data=79KB
09-13 21:06:55.708  4924  4929 I art     : Starting a blocking GC JitCodeCache
09-13 21:06:55.708  4924  4929 I art     : After code cache collection, code=114KB, data=71KB
09-13 21:06:55.709  4924  4924 E TelephonyProvider: dbh.selectConflictingRow: Expected 1 but found 0 matching rows found for cv password= mnc=05 mmsport=8080 sub_id=-1 bearer_bitmask=0 mmsc=http://mms.digicelgroup.com mmsproxy=172.16.7.12 numeric=33805 name=Digicel Antigua MMS mcc=338 apn=wap type=mms user=
09-13 21:06:55.710  4924  4924 E TelephonyProvider: dbh.selectConflictingRow: Expected 1 but found 0 matching rows found for cv password= mnc=050 sub_id=-1 bearer_bitmask=0 numeric=338050 name=Digicel Haiti Web mcc=338 apn=web type=default,supl user=
09-13 21:06:55.711  4924  4924 E TelephonyProvider: dbh.selectConflictingRow: Expected 1 but found 0 matching rows found for cv password= mnc=050 sub_id=-1 bearer_bitmask=0 numeric=338050 name=Digicel BVI Web mcc=338 apn=web type=default,supl user=
09-13 21:06:55.713  4924  4924 E TelephonyProvider: dbh.selectConflictingRow: Expected 1 but found 0 matching rows found for cv password= mnc=050 mmsport=8080 sub_id=-1 bearer_bitmask=0 mmsc=http://mms.digicelgroup.com mmsproxy=172.16.7.12 numeric=338050 name=Digicel Cayman MMS mcc=338 apn=wap type=mms user=
09-13 21:06:55.714  4924  4924 E TelephonyProvider: dbh.selectConflictingRow: Expected 1 but found 0 matching rows found for cv password= mnc=050 sub_id=-1 bearer_bitmask=0 numeric=338050 name=Digicel LTE ANTIGUA mcc=338 apn=internet type=default,supl user=
09-13 21:06:55.715  4924  4924 E TelephonyProvider: dbh.selectConflictingRow: Expected 1 but found 0 matching rows found for cv password= mnc=050 mmsport=8080 sub_id=-1 bearer_bitmask=0 mmsc=http://mms.digicelgroup.com mmsproxy=172.16.7.12 numeric=338050 name=Digicel ANTIGUA MMS mcc=338 apn=wap type=mms user=
09-13 21:06:55.717  4924  4924 E TelephonyProvider: dbh.selectConflictingRow: Expected 1 but found 0 matching rows found for cv password=orange mnc=01 sub_id=-1 bearer_bitmask=0 numeric=34001 name=Orange web mcc=340 apn=orangeweb type=default,supl user=orange
09-13 21:06:55.719  4924  4924 E TelephonyProvider: dbh.selectConflictingRow: Expected 1 but found 0 matching rows found for cv password=orange mnc=01 sub_id=-1 bearer_bitmask=0 numeric=34001 name=Orangeweb mcc=340 apn=orangeweb type=default,supl user=orange
09-13 21:06:55.732  4924  4924 E TelephonyProvider: dbh.selectConflictingRow: Expected 1 but found 0 matching rows found for cv password=wap03oecs mnc=070 sub_id=-1 bearer_bitmask=0 mmsc= proxy= numeric=360070 name=Digicel VC port= mcc=360 apn=wap.digiceloecs.com type=default,supl user=wapoecs
09-13 21:06:55.742  4924  4924 E TelephonyProvider: dbh.selectConflictingRow: Expected 1 but found 0 matching rows found for cv mnc=12 mmsport=8080 sub_id=-1 bearer_bitmask=0 mmsc=http://192.168.210.104/mmrelay.app numeric=37412 mmsproxy=192.168.210.104 name=BMobile MMS mcc=374 apn=mms type=mms
09-13 21:06:55.770  4761  4885 I BinaryDictionaryFileDumper: reinitializeClientRecordInDictionaryContentProvider() : Insert DictionaryInfo : Id = 'main:es' : Locale=es : Version=54
09-13 21:06:55.779  4924  4924 E TelephonyProvider: dbh.selectConflictingRow: Expected 1 but found 0 matching rows found for cv mnc=09 sub_id=-1 bearer_bitmask=0 numeric=40409 proxy=10.239.221.5 name=Reliance WAP port=8080 mcc=404 apn=rcomwap type=default,supl
09-13 21:06:55.793  4924  4924 E TelephonyProvider: dbh.selectConflictingRow: Expected 1 but found 0 matching rows found for cv password=bplmmsc mnc=21 mmsport=8080 sub_id=-1 bearer_bitmask=0 mmsc=http://mms.bplmobile.com:8080 mmsproxy=10.0.0.10 numeric=40421 name=BPL MMS mcc=404 apn=mizone type=mms user=MSISDN
09-13 21:06:55.794  4924  4924 E TelephonyProvider: dbh.selectConflictingRow: Expected 1 but found 0 matching rows found for cv password=bplmmsc mnc=21 sub_id=-1 bearer_bitmask=0 numeric=40421 name=BPL mcc=404 apn=www type=default,supl user=MSISDN
09-13 21:06:55.815  4924  4924 E TelephonyProvider: dbh.selectConflictingRow: Expected 1 but found 0 matching rows found for cv password=MSISDN mnc=34 sub_id=-1 bearer_bitmask=0 numeric=40434 name=BSNL mcc=404 apn=bsnlnet type=default,supl user=MSISDN
09-13 21:06:55.819  4924  4924 E TelephonyProvider: dbh.selectConflictingRow: Expected 1 but found 0 matching rows found for cv password=MSISDN mnc=38 sub_id=-1 bearer_bitmask=0 numeric=40438 name=BSNL mcc=404 apn=bsnlnet type=default,supl user=MSISDN
09-13 21:06:55.834  4761  4885 I BinaryDictionaryFileDumper: reinitializeClientRecordInDictionaryContentProvider() : Insert DictionaryInfo : Id = 'main:fi' : Locale=fi : Version=44
09-13 21:06:55.841  4775  4775 D PhoneStatusBar: disable: < expand* icons alerts system_info back* home* recent* clock search* quick_settings >
09-13 21:06:55.844  4924  4924 E TelephonyProvider: dbh.selectConflictingRow: Expected 1 but found 0 matching rows found for cv password=MSISDN mnc=51 sub_id=-1 bearer_bitmask=0 numeric=40451 name=BSNL mcc=404 apn=bsnlnet type=default,supl user=MSISDN
09-13 21:06:55.847  4924  4924 E TelephonyProvider: dbh.selectConflictingRow: Expected 1 but found 0 matching rows found for cv password=MSISDN mnc=53 sub_id=-1 bearer_bitmask=0 numeric=40453 name=BSNL mcc=404 apn=bsnlnet type=default,supl user=MSISDN
09-13 21:06:55.851  4924  4924 E TelephonyProvider: dbh.selectConflictingRow: Expected 1 but found 0 matching rows found for cv password=MSISDN mnc=54 sub_id=-1 bearer_bitmask=0 numeric=40454 name=BSNL mcc=404 apn=bsnlnet type=default,supl user=MSISDN
09-13 21:06:55.853  4924  4924 E TelephonyProvider: dbh.selectConflictingRow: Expected 1 but found 0 matching rows found for cv password=MSISDN mnc=55 sub_id=-1 bearer_bitmask=0 numeric=40455 name=BSNL mcc=404 apn=bsnlnet type=default,supl user=MSISDN
09-13 21:06:55.856  4924  4924 E TelephonyProvider: dbh.selectConflictingRow: Expected 1 but found 0 matching rows found for cv password=MSISDN mnc=57 sub_id=-1 bearer_bitmask=0 numeric=40457 name=BSNL mcc=404 apn=bsnlnet type=default,supl user=MSISDN
09-13 21:06:55.859  4924  4924 E TelephonyProvider: dbh.selectConflictingRow: Expected 1 but found 0 matching rows found for cv password=MSISDN mnc=58 sub_id=-1 bearer_bitmask=0 numeric=40458 name=BSNL mcc=404 apn=bsnlnet type=default,supl user=MSISDN
09-13 21:06:55.861  4924  4924 E TelephonyProvider: dbh.selectConflictingRow: Expected 1 but found 0 matching rows found for cv password=MSISDN mnc=59 sub_id=-1 bearer_bitmask=0 numeric=40459 name=BSNL mcc=404 apn=bsnlnet type=default,supl user=MSISDN
09-13 21:06:55.867  4924  4924 E TelephonyProvider: dbh.selectConflictingRow: Expected 1 but found 0 matching rows found for cv password=MSISDN mnc=62 sub_id=-1 bearer_bitmask=0 numeric=40462 name=BSNL mcc=404 apn=bsnlnet type=default,supl user=MSISDN
09-13 21:06:55.870  4924  4924 E TelephonyProvider: dbh.selectConflictingRow: Expected 1 but found 0 matching rows found for cv password=MSISDN mnc=64 sub_id=-1 bearer_bitmask=0 numeric=40464 name=BSNL mcc=404 apn=bsnlnet type=default,supl user=MSISDN
09-13 21:06:55.872  4924  4924 E TelephonyProvider: dbh.selectConflictingRow: Expected 1 but found 0 matching rows found for cv password=MSISDN mnc=66 sub_id=-1 bearer_bitmask=0 numeric=40466 name=BSNL mcc=404 apn=bsnlnet type=default,supl user=MSISDN
09-13 21:06:55.886  4924  4924 E TelephonyProvider: dbh.selectConflictingRow: Expected 1 but found 0 matching rows found for cv password=MSISDN mnc=71 sub_id=-1 bearer_bitmask=0 numeric=40471 name=BSNL mcc=404 apn=bsnlnet type=default,supl user=MSISDN
09-13 21:06:55.888  4924  4924 E TelephonyProvider: dbh.selectConflictingRow: Expected 1 but found 0 matching rows found for cv password=MSISDN mnc=72 sub_id=-1 bearer_bitmask=0 numeric=40472 name=BSNL mcc=404 apn=bsnlnet type=default,supl user=MSISDN
09-13 21:06:55.890  4924  4924 E TelephonyProvider: dbh.selectConflictingRow: Expected 1 but found 0 matching rows found for cv password=MSISDN mnc=73 sub_id=-1 bearer_bitmask=0 numeric=40473 name=BSNL mcc=404 apn=bsnlnet type=default,supl user=MSISDN
09-13 21:06:55.892  4924  4924 E TelephonyProvider: dbh.selectConflictingRow: Expected 1 but found 0 matching rows found for cv password=MSISDN mnc=74 sub_id=-1 bearer_bitmask=0 numeric=40474 name=BSNL mcc=404 apn=bsnlnet type=default,supl user=MSISDN
09-13 21:06:55.894  4924  4924 E TelephonyProvider: dbh.selectConflictingRow: Expected 1 but found 0 matching rows found for cv password=MSISDN mnc=75 sub_id=-1 bearer_bitmask=0 numeric=40475 name=BSNL mcc=404 apn=bsnlnet type=default,supl user=MSISDN
09-13 21:06:55.896  4924  4924 E TelephonyProvider: dbh.selectConflictingRow: Expected 1 but found 0 matching rows found for cv password=MSISDN mnc=76 sub_id=-1 bearer_bitmask=0 numeric=40476 name=BSNL mcc=404 apn=bsnlnet type=default,supl user=MSISDN
09-13 21:06:55.897  4924  4924 E TelephonyProvider: dbh.selectConflictingRow: Expected 1 but found 0 matching rows found for cv password=MSISDN mnc=77 sub_id=-1 bearer_bitmask=0 numeric=40477 name=BSNL mcc=404 apn=bsnlnet type=default,supl user=MSISDN
09-13 21:06:55.901  4924  4924 E TelephonyProvider: dbh.selectConflictingRow: Expected 1 but found 0 matching rows found for cv password=MSISDN mnc=80 sub_id=-1 bearer_bitmask=0 numeric=40480 name=BSNL mcc=404 apn=bsnlnet type=default,supl user=MSISDN
09-13 21:06:55.903  4924  4924 E TelephonyProvider: dbh.selectConflictingRow: Expected 1 but found 0 matching rows found for cv password=MSISDN mnc=81 sub_id=-1 bearer_bitmask=0 numeric=40481 name=BSNL mcc=404 apn=bsnlnet type=default,supl user=MSISDN
09-13 21:06:55.910  4761  4885 I BinaryDictionaryFileDumper: reinitializeClientRecordInDictionaryContentProvider() : Insert DictionaryInfo : Id = 'main:fr' : Locale=fr : Version=54
09-13 21:06:55.911  4924  4924 E TelephonyProvider: dbh.selectConflictingRow: Expected 1 but found 0 matching rows found for cv mnc=91 sub_id=-1 bearer_bitmask=0 numeric=40491 name=Aircel mcc=404 apn=aircelgprs type=default,supl
09-13 21:06:55.918  3589  3589 W System  : ClassLoader referenced unknown path: /system/priv-app/Telecom/lib/arm64
09-13 21:06:55.919  3589  3589 D ApplicationLoaders: ignored Vulkan layer search path /system/priv-app/Telecom/lib/arm64:/system/priv-app/Telecom/Telecom.apk!/lib/arm64-v8a:/system/lib64:/vendor/lib64 for namespace 0x7f80112240
09-13 21:06:55.920  4924  4924 E TelephonyProvider: dbh.selectConflictingRow: Expected 1 but found 0 matching rows found for cv mnc=25 sub_id=-1 bearer_bitmask=0 numeric=40525 name=TA TA DoCoMo mcc=405 apn=TATA.DOCOMO.INTERNET type=default,supl
09-13 21:06:55.922  4924  4924 E TelephonyProvider: dbh.selectConflictingRow: Expected 1 but found 0 matching rows found for cv mnc=26 sub_id=-1 bearer_bitmask=0 numeric=40526 name=TA TA DoCoMo mcc=405 apn=TATA.DOCOMO.INTERNET type=default,supl
09-13 21:06:55.924  4924  4924 E TelephonyProvider: dbh.selectConflictingRow: Expected 1 but found 0 matching rows found for cv mnc=27 sub_id=-1 bearer_bitmask=0 numeric=40527 name=TA TA DoCoMo mcc=405 apn=TATA.DOCOMO.INTERNET type=default,supl
09-13 21:06:55.927  4924  4924 E TelephonyProvider: dbh.selectConflictingRow: Expected 1 but found 0 matching rows found for cv mnc=29 sub_id=-1 bearer_bitmask=0 numeric=40529 name=TA TA DoCoMo mcc=405 apn=TATA.DOCOMO.INTERNET type=default,supl
09-13 21:06:55.930  4924  4924 E TelephonyProvider: dbh.selectConflictingRow: Expected 1 but found 0 matching rows found for cv mnc=30 sub_id=-1 bearer_bitmask=0 numeric=40530 name=TA TA DoCoMo mcc=405 apn=TATA.DOCOMO.INTERNET type=default,supl
09-13 21:06:55.933  4924  4924 E TelephonyProvider: dbh.selectConflictingRow: Expected 1 but found 0 matching rows found for cv mnc=31 sub_id=-1 bearer_bitmask=0 numeric=40531 name=TA TA DoCoMo mcc=405 apn=TATA.DOCOMO.INTERNET type=default,supl
09-13 21:06:55.935  4924  4924 E TelephonyProvider: dbh.selectConflictingRow: Expected 1 but found 0 matching rows found for cv mnc=32 sub_id=-1 bearer_bitmask=0 numeric=40532 name=TA TA DoCoMo mcc=405 apn=TATA.DOCOMO.INTERNET type=default,supl
09-13 21:06:55.937  4924  4924 E TelephonyProvider: dbh.selectConflictingRow: Expected 1 but found 0 matching rows found for cv mnc=33 sub_id=-1 bearer_bitmask=0 numeric=40533 name=TA TA DoCoMo mcc=405 apn=TATA.DOCOMO.INTERNET type=default,supl
09-13 21:06:55.938  4924  4924 E TelephonyProvider: dbh.selectConflictingRow: Expected 1 but found 0 matching rows found for cv mnc=34 sub_id=-1 bearer_bitmask=0 numeric=40534 name=TA TA DoCoMo mcc=405 apn=TATA.DOCOMO.INTERNET type=default,supl
09-13 21:06:55.940  4924  4924 E TelephonyProvider: dbh.selectConflictingRow: Expected 1 but found 0 matching rows found for cv mnc=35 sub_id=-1 bearer_bitmask=0 numeric=40535 name=TA TA DoCoMo mcc=405 apn=TATA.DOCOMO.INTERNET type=default,supl
09-13 21:06:55.942  4924  4924 E TelephonyProvider: dbh.selectConflictingRow: Expected 1 but found 0 matching rows found for cv mnc=36 sub_id=-1 bearer_bitmask=0 numeric=40536 name=TA TA DoCoMo mcc=405 apn=TATA.DOCOMO.INTERNET type=default,supl
09-13 21:06:55.943  3589  3589 D BluetoothManagerService: Trying to bind to profile: 1, while Bluetooth was disabled
09-13 21:06:55.944  4924  4924 E TelephonyProvider: dbh.selectConflictingRow: Expected 1 but found 0 matching rows found for cv mnc=37 sub_id=-1 bearer_bitmask=0 numeric=40537 name=TA TA DoCoMo mcc=405 apn=TATA.DOCOMO.INTERNET type=default,supl
09-13 21:06:55.946  4924  4924 E TelephonyProvider: dbh.selectConflictingRow: Expected 1 but found 0 matching rows found for cv mnc=38 sub_id=-1 bearer_bitmask=0 numeric=40538 name=TA TA DoCoMo mcc=405 apn=TATA.DOCOMO.INTERNET type=default,supl
09-13 21:06:55.946  3589  3589 D AndroidRuntime: Shutting down VM
09-13 21:06:55.948  4924  4924 E TelephonyProvider: dbh.selectConflictingRow: Expected 1 but found 0 matching rows found for cv mnc=39 sub_id=-1 bearer_bitmask=0 numeric=40539 name=TA TA DoCoMo mcc=405 apn=TATA.DOCOMO.INTERNET type=default,supl
--------- beginning of crash
09-13 21:06:55.949  3589  3589 E AndroidRuntime: *** FATAL EXCEPTION IN SYSTEM PROCESS: main
09-13 21:06:55.949  3589  3589 E AndroidRuntime: java.lang.RuntimeException: Unable to bind to service com.android.server.telecom.components.TelecomService@6f3e209 with Intent { act=com.android.ITelecomService cmp=com.android.server.telecom/.components.TelecomService }: java.lang.NullPointerException: Attempt to invoke virtual method 'android.media.AudioGainConfig android.media.AudioGain.buildConfig(int, int, int[], int)' on a null object reference
09-13 21:06:55.949  3589  3589 E AndroidRuntime: 	at android.app.ActivityThread.handleBindService(ActivityThread.java:3257)
09-13 21:06:55.949  3589  3589 E AndroidRuntime: 	at android.app.ActivityThread.-wrap3(ActivityThread.java)
09-13 21:06:55.949  3589  3589 E AndroidRuntime: 	at android.app.ActivityThread$H.handleMessage(ActivityThread.java:1591)
09-13 21:06:55.949  3589  3589 E AndroidRuntime: 	at android.os.Handler.dispatchMessage(Handler.java:102)
09-13 21:06:55.949  3589  3589 E AndroidRuntime: 	at android.os.Looper.loop(Looper.java:154)
09-13 21:06:55.949  3589  3589 E AndroidRuntime: 	at com.android.server.SystemServer.run(SystemServer.java:383)
09-13 21:06:55.949  3589  3589 E AndroidRuntime: 	at com.android.server.SystemServer.main(SystemServer.java:237)
09-13 21:06:55.949  3589  3589 E AndroidRuntime: 	at java.lang.reflect.Method.invoke(Native Method)
09-13 21:06:55.949  3589  3589 E AndroidRuntime: 	at com.android.internal.os.ZygoteInit$MethodAndArgsCaller.run(ZygoteInit.java:889)
09-13 21:06:55.949  3589  3589 E AndroidRuntime: 	at com.android.internal.os.ZygoteInit.main(ZygoteInit.java:779)
09-13 21:06:55.949  3589  3589 E AndroidRuntime: Caused by: java.lang.NullPointerException: Attempt to invoke virtual method 'android.media.AudioGainConfig android.media.AudioGain.buildConfig(int, int, int[], int)' on a null object reference
09-13 21:06:55.949  3589  3589 E AndroidRuntime: 	at android.media.AudioManager.updatePortConfig(AudioManager.java:3885)
09-13 21:06:55.949  3589  3589 E AndroidRuntime: 	at android.media.AudioManager.updateAudioPortCache(AudioManager.java:3813)
09-13 21:06:55.949  3589  3589 E AndroidRuntime: 	at android.media.AudioManager.listAudioDevicePorts(AudioManager.java:3621)
09-13 21:06:55.949  3589  3589 E AndroidRuntime: 	at android.media.AudioManager.broadcastDeviceListChange(AudioManager.java:4105)
09-13 21:06:55.949  3589  3589 E AndroidRuntime: 	at android.media.AudioManager.registerAudioDeviceCallback(AudioManager.java:4069)
09-13 21:06:55.949  3589  3589 E AndroidRuntime: 	at com.android.server.telecom.WiredHeadsetManager.<init>(WiredHeadsetManager.java:93)
09-13 21:06:55.949  3589  3589 E AndroidRuntime: 	at com.android.server.telecom.TelecomSystem.<init>(TelecomSystem.java:180)
