--------- beginning of system
09-11 05:35:32.361  3063  3063 I vold    : Vold 3.0 (the awakening) firing up
09-11 05:35:32.362  3063  3063 V vold    : Detected support for: exfat ext4 f2fs ntfs vfat
09-11 05:35:32.364  3063  3063 W Vold    : Tearing down stale mount /mnt/secure/asec
09-11 05:35:32.378  3063  3063 W Vold    : Tearing down stale mount /mnt/secure
09-11 05:35:32.405  3063  3129 D vold    : e4crypt_init_user0
09-11 05:35:32.405  3063  3129 D vold    : e4crypt_prepare_user_storage for volume null, user 0, serial 0, flags 1
09-11 05:35:32.405  3063  3129 D vold    : Preparing: /data/system/users/0
09-11 05:35:32.405  3063  3129 D vold    : Preparing: /data/misc/profiles/cur/0
09-11 05:35:32.405  3063  3129 D vold    : Preparing: /data/misc/profiles/cur/0/foreign-dex
09-11 05:35:32.406  3063  3129 D vold    : Preparing: /data/system_de/0
09-11 05:35:32.406  3063  3129 D vold    : Preparing: /data/misc_de/0
09-11 05:35:32.406  3063  3129 D vold    : Preparing: /data/user_de/0
09-11 05:35:32.407  3063  3129 D vold    : e4crypt_unlock_user_key 0 serial=0 token_present=0
--------- beginning of crash
09-11 05:35:32.744  3159  3159 F libc    : stack corruption detected
09-11 05:35:32.745  3159  3159 F libc    : Fatal signal 6 (SIGABRT), code -6 in tid 3159 (lhd)
09-11 05:35:32.809  3233  3233 F DEBUG   : *** *** *** *** *** *** *** *** *** *** *** *** *** *** *** ***
09-11 05:35:32.809  3233  3233 F DEBUG   : LineageOS Version: '14.1-20170909-UNOFFICIAL-dream2lte'
09-11 05:35:32.809  3233  3233 F DEBUG   : Build fingerprint: 'samsung/dream2ltexx/dream2lte:7.0/NRD90M/G955FXXU1AQH3:user/release-keys'
09-11 05:35:32.809  3233  3233 F DEBUG   : Revision: '0'
09-11 05:35:32.809  3233  3233 F DEBUG   : ABI: 'arm64'
09-11 05:35:32.810  3233  3233 F DEBUG   : pid: 3159, tid: 3159, name: lhd  >>> /system/bin/lhd <<<
09-11 05:35:32.810  3233  3233 F DEBUG   : signal 6 (SIGABRT), code -6 (SI_TKILL), fault addr --------
09-11 05:35:32.811  3233  3233 F DEBUG   : Abort message: 'stack corruption detected'
09-11 05:35:32.811  3233  3233 F DEBUG   :     x0   0000000000000000  x1   0000000000000c57  x2   0000000000000006  x3   0000000000000008
09-11 05:35:32.811  3233  3233 F DEBUG   :     x4   0000007f96f7e730  x5   0080808080808080  x6   0000000000000000  x7   0000000000000010
09-11 05:35:32.811  3233  3233 F DEBUG   :     x8   0000000000000083  x9   ffffffffffffffdf  x10  0000000000000000  x11  0000000000000001
09-11 05:35:32.811  3233  3233 F DEBUG   :     x12  ffffffffffffffff  x13  0000000000000000  x14  0000000000000000  x15  002c5dcda71c2754
09-11 05:35:32.811  3233  3233 F DEBUG   :     x16  0000007f96f7cec8  x17  0000007f96f26828  x18  0000000000000000  x19  0000007f97553b40
09-11 05:35:32.811  3233  3233 F DEBUG   :     x20  0000000000000006  x21  0000007f97553a98  x22  0000000000000000  x23  000000000000000b
09-11 05:35:32.811  3233  3233 F DEBUG   :     x24  fbfa4375664be02d  x25  0000000000000000  x26  0000000000000000  x27  0000000000000000
09-11 05:35:32.811  3233  3233 F DEBUG   :     x28  0000000000000000  x29  0000007feac02fd0  x30  0000007f96f23cd0
09-11 05:35:32.811  3233  3233 F DEBUG   :     sp   0000007feac02fb0  pc   0000007f96f26830  pstate 0000000060000000
09-11 05:35:32.815  3233  3233 F DEBUG   : 
09-11 05:35:32.815  3233  3233 F DEBUG   : backtrace:
09-11 05:35:32.815  3233  3233 F DEBUG   :     #00 pc 000000000006c830  /system/lib64/libc.so (tgkill+8)
09-11 05:35:32.815  3233  3233 F DEBUG   :     #01 pc 0000000000069ccc  /system/lib64/libc.so (pthread_kill+64)
09-11 05:35:32.815  3233  3233 F DEBUG   :     #02 pc 0000000000023ea0  /system/lib64/libc.so (raise+24)
09-11 05:35:32.815  3233  3233 F DEBUG   :     #03 pc 000000000001c924  /system/lib64/libc.so (abort+52)
09-11 05:35:32.815  3233  3233 F DEBUG   :     #04 pc 0000000000020eac  /system/lib64/libc.so (__libc_fatal+104)
09-11 05:35:32.815  3233  3233 F DEBUG   :     #05 pc 000000000006b714  /system/lib64/libc.so (__stack_chk_fail+16)
09-11 05:35:32.815  3233  3233 F DEBUG   :     #06 pc 00000000000231d4  /system/lib64/libc.so (select+224)
--------- beginning of main
09-11 05:35:33.024  3161  3161 I art     : option[30]=-Xcompiler-option
09-11 05:35:33.024  3161  3161 I art     : option[31]=-Xms64m
09-11 05:35:33.024  3161  3161 I art     : option[32]=-Xcompiler-option
09-11 05:35:33.024  3161  3161 I art     : option[33]=--runtime-arg
09-11 05:35:33.024  3161  3161 I art     : option[34]=-Xcompiler-option
09-11 05:35:33.024  3161  3161 I art     : option[35]=-Xmx512m
09-11 05:35:33.024  3161  3161 I art     : option[36]=-Ximage-compiler-option
09-11 05:35:33.024  3161  3161 I art     : option[37]=--instruction-set-variant=generic
09-11 05:35:33.024  3161  3161 I art     : option[38]=-Xcompiler-option
09-11 05:35:33.024  3161  3161 I art     : option[39]=--instruction-set-variant=generic
09-11 05:35:33.025  3161  3161 I art     : option[40]=-Ximage-compiler-option
09-11 05:35:33.025  3161  3161 I art     : option[41]=--instruction-set-features=default
09-11 05:35:33.025  3161  3161 I art     : option[42]=-Xcompiler-option
09-11 05:35:33.025  3161  3161 I art     : option[43]=--instruction-set-features=default
09-11 05:35:33.025  3161  3161 I art     : option[44]=-Duser.locale=en-US
09-11 05:35:33.025  3161  3161 I art     : option[45]=--cpu-abilist=arm64-v8a
09-11 05:35:33.025  3161  3161 I art     : option[46]=-Xfingerprint:samsung/dream2ltexx/dream2lte:7.0/NRD90M/G955FXXU1AQH3:user/release-keys
09-11 05:35:33.066  3162  3162 D AndroidRuntime: >>>>>> START com.android.internal.os.ZygoteInit uid 0 <<<<<<
09-11 05:35:33.083  3162  3162 D AndroidRuntime: CheckJNI is OFF
09-11 05:35:33.087  3162  3162 I art     : option[0]=-Xzygote
09-11 05:35:33.087  3162  3162 I art     : option[1]=-Xstacktracefile:/data/anr/traces.txt
09-11 05:35:33.087  3162  3162 I art     : option[2]=exit
09-11 05:35:33.087  3162  3162 I art     : option[3]=vfprintf
09-11 05:35:33.087  3162  3162 I art     : option[4]=sensitiveThread
09-11 05:35:33.087  3162  3162 I art     : option[5]=-verbose:gc
09-11 05:35:33.087  3162  3162 I art     : option[6]=-Xms8m
09-11 05:35:33.087  3162  3162 I art     : option[7]=-Xmx512m
09-11 05:35:33.087  3162  3162 I art     : option[8]=-XX:HeapGrowthLimit=256m
09-11 05:35:33.087  3162  3162 I art     : option[9]=-XX:HeapMinFree=2m
09-11 05:35:33.087  3162  3162 I art     : option[10]=-XX:HeapMaxFree=8m
09-11 05:35:33.087  3162  3162 I art     : option[11]=-XX:HeapTargetUtilization=0.75
09-11 05:35:33.087  3162  3162 I art     : option[12]=-Xusejit:true
09-11 05:35:33.087  3162  3162 I art     : option[13]=-Xjitsaveprofilinginfo
09-11 05:35:33.087  3162  3162 I art     : option[14]=-agentlib:jdwp=transport=dt_android_adb,suspend=n,server=y
09-11 05:35:33.087  3162  3162 I art     : option[15]=-Xlockprofthreshold:500
09-11 05:35:33.087  3162  3162 I art     : option[16]=-Ximage-compiler-option
09-11 05:35:33.088  3162  3162 I art     : option[17]=--runtime-arg
09-11 05:35:33.088  3162  3162 I art     : option[18]=-Ximage-compiler-option
09-11 05:35:33.088  3162  3162 I art     : option[19]=-Xms64m
09-11 05:35:33.088  3162  3162 I art     : option[20]=-Ximage-compiler-option
09-11 05:35:33.088  3162  3162 I art     : option[21]=--runtime-arg
09-11 05:35:33.088  3162  3162 I art     : option[22]=-Ximage-compiler-option
09-11 05:35:33.088  3162  3162 I art     : option[23]=-Xmx64m
09-11 05:35:33.088  3162  3162 I art     : option[24]=-Ximage-compiler-option
09-11 05:35:33.088  3162  3162 I art     : option[25]=--image-classes=/system/etc/preloaded-classes
09-11 05:35:33.088  3162  3162 I art     : option[26]=-Ximage-compiler-option
09-11 05:35:33.088  3162  3162 I art     : option[27]=--compiled-classes=/system/etc/compiled-classes
09-11 05:35:33.088  3162  3162 I art     : option[28]=-Xcompiler-option
09-11 05:35:33.088  3162  3162 I art     : option[29]=--runtime-arg
09-11 05:35:33.088  3162  3162 I art     : option[30]=-Xcompiler-option
09-11 05:35:33.088  3162  3162 I art     : option[31]=-Xms64m
09-11 05:35:33.088  3162  3162 I art     : option[32]=-Xcompiler-option
09-11 05:35:33.088  3162  3162 I art     : option[33]=--runtime-arg
09-11 05:35:33.088  3162  3162 I art     : option[34]=-Xcompiler-option
09-11 05:35:33.088  3162  3162 I art     : option[35]=-Xmx512m
09-11 05:35:33.088  3162  3162 I art     : option[36]=-Ximage-compiler-option
09-11 05:35:33.088  3162  3162 I art     : option[37]=--instruction-set-variant=cortex-a53.a57
09-11 05:35:33.088  3162  3162 I art     : option[38]=-Xcompiler-option
09-11 05:35:33.088  3162  3162 I art     : option[39]=--instruction-set-variant=cortex-a53.a57
09-11 05:35:33.088  3162  3162 I art     : option[40]=-Ximage-compiler-option
09-11 05:35:33.088  3162  3162 I art     : option[41]=--instruction-set-features=default
09-11 05:35:33.088  3162  3162 I art     : option[42]=-Xcompiler-option
09-11 05:35:33.088  3162  3162 I art     : option[43]=--instruction-set-features=default
09-11 05:35:33.088  3162  3162 I art     : option[44]=-Duser.locale=en-US
09-11 05:35:33.088  3162  3162 I art     : option[45]=--cpu-abilist=armeabi-v7a,armeabi
09-11 05:35:33.088  3162  3162 I art     : option[46]=-Xfingerprint:samsung/dream2ltexx/dream2lte:7.0/NRD90M/G955FXXU1AQH3:user/release-keys
09-11 05:35:33.159  3161  3161 D ICU     : No timezone override file found: /data/misc/zoneinfo/current/icu/icu_tzdata.dat
09-11 05:35:33.192  3162  3162 D ICU     : No timezone override file found: /data/misc/zoneinfo/current/icu/icu_tzdata.dat
09-11 05:35:33.227  3164  3164 V audio_route: Control 'VTS VoiceTrigger Value' is to be controled by user
09-11 05:35:33.239  3164  3164 I audio_route: > audio_route_update_mixer : +
09-11 05:35:33.245  3164  3164 I audio_route: > audio_route_update_mixer : changed(46) -
09-11 05:35:33.245  3164  3164 D audio_hw_primary_abox: device-adev_open: Successed to init Route!
09-11 05:35:33.245  3164  3164 D audio_hw_primary_abox: device-adev_open: Opened Audio Primary HW Device
09-11 05:35:33.245  3164  3164 V audio_hw_primary_abox: device-adev_init_check: Audio Primary HW Device is already opened & initialized
09-11 05:35:33.246  3164  3164 D audio_hw_primary_abox: device-adev_get_master_volume: enter
09-11 05:35:33.246  3164  3164 D audio_hw_primary_abox: device-adev_get_master_volume: exit, Not supported Master Volume by AudioHAL
09-11 05:35:33.246  3164  3164 D audio_hw_primary_abox: device-adev_get_master_mute: enter
09-11 05:35:33.246  3164  3164 D audio_hw_primary_abox: device-adev_get_master_mute: exit, Not supported Master Mute by AudioHAL
09-11 05:35:33.246  3164  3164 D audio_hw_primary_abox: device-adev_set_master_volume: enter with volume level(1.000000)
09-11 05:35:33.246  3164  3164 D audio_hw_primary_abox: device-adev_set_master_volume: exit, Not supported Master Volume by AudioHAL
09-11 05:35:33.246  3164  3164 D audio_hw_primary_abox: device-adev_set_master_mute: enter with mute statue(0)
09-11 05:35:33.246  3164  3164 D audio_hw_primary_abox: device-adev_set_master_mute: exit, Not supported Master Mute by AudioHAL
09-11 05:35:33.246  3164  3164 I AudioFlinger: loadHwModule() Loaded primary audio interface from Exynos Primary AudioHAL (audio) handle 10
09-11 05:35:33.246  3164  3164 I AudioFlinger: openOutput(), module 10 Device 2, SamplingRate 48000, Format 0x000001, Channels 3, flags a
09-11 05:35:33.246  3164  3164 D audio_hw_primary_abox: device-adev_open_output_stream: enter: io_handle (13), sample_rate(48000) channel_mask(0x3) devices(0x2) flags(0xa)
09-11 05:35:33.246  3164  3164 D audio_hw_primary_abox: device-adev_open_output_stream: Requested open Primary output
09-11 05:35:33.246  3164  3164 I audio_hw_primary_abox: Check PCM Channel Count: Default(2), Request(2)
09-11 05:35:33.246  3164  3164 I audio_hw_primary_abox: Check PCM Smapling Rate: Default(48000), Request(48000)
09-11 05:35:33.246  3164  3164 I audio_hw_primary_abox: Check PCM Format: Default(0), Request(0)
09-11 05:35:33.246  3164  3164 I audio_hw_primary_abox: primary_out-adev_open_output_stream: Transit to Standby
09-11 05:35:33.246  3164  3164 D audio_hw_primary_abox: primary_out-add_audio_usage: Primary Playback Usage initialized with out_dev(none), in_dev(none), out_mode(normal), in_mode(normal)
09-11 05:35:33.246  3164  3164 V audio_hw_primary_abox: primary_out-add_audio_usage: Added Audio Stream into Audio Usage list!
09-11 05:35:33.246  3164  3164 D audio_hw_primary_abox: device-adev_open_output_stream: Opened primary_out stream
09-11 05:35:33.246  3164  3164 V audio_hw_primary_abox: primary_out-out_get_format: exit with audio format = 0x1
09-11 05:35:33.246  3164  3164 V audio_hw_primary_abox: primary_out-out_get_channels: exit with channel mask = 0x3
09-11 05:35:33.246  3164  3164 V audio_hw_primary_abox: primary_out-out_get_sample_rate: exit with sample rate = 48000
09-11 05:35:33.246  3164  3164 V audio_hw_primary_abox: primary_out-out_get_channels: exit with channel mask = 0x3
09-11 05:35:33.246  3164  3164 V audio_hw_primary_abox: primary_out-out_get_format: exit with audio format = 0x1
09-11 05:35:33.246  3164  3164 V audio_hw_primary_abox: primary_out-out_get_format: exit with audio format = 0x1
09-11 05:35:33.246  3164  3164 V audio_hw_primary_abox: primary_out-out_get_format: exit with audio format = 0x1
09-11 05:35:33.246  3164  3164 V audio_hw_primary_abox: primary_out-out_get_channels: exit with channel mask = 0x3
09-11 05:35:33.246  3164  3164 V audio_hw_primary_abox: primary_out-out_get_buffer_size: Period Size = 960, Frame Size = 4
09-11 05:35:33.246  3164  3164 V audio_hw_primary_abox: primary_out-out_get_format: exit with audio format = 0x1
09-11 05:35:33.246  3164  3164 V audio_hw_primary_abox: primary_out-out_get_channels: exit with channel mask = 0x3
09-11 05:35:33.246  3164  3164 I AudioFlinger: HAL output buffer size 960 frames, normal sink buffer size 960 frames
09-11 05:35:33.280  3164  3164 W EffectsFactory: loadLibrary() failed to open /system/lib/libmyspaceplus.so
09-11 05:35:33.285  3164  3164 W EffectsFactory: loadEffect() could not get library myspaceplus
09-11 05:35:33.285  3164  3164 W EffectsFactory: loadEffect() could not get library myspaceplus
09-11 05:35:33.285  3164  3164 W EffectsFactory: loadEffect() could not get library myspaceplus
09-11 05:35:33.285  3164  3164 I BufferProvider: found effect "Multichannel Downmix To Stereo" from The Android Open Source Project
09-11 05:35:33.285  3164  3164 V audio_hw_primary_abox: primary_out-out_get_format: exit with audio format = 0x1
09-11 05:35:33.285  3164  3164 V audio_hw_primary_abox: primary_out-out_get_channels: exit with channel mask = 0x3
09-11 05:35:33.285  3164  3164 V audio_hw_primary_abox: primary_out-out_get_buffer_size: Period Size = 960, Frame Size = 4
09-11 05:35:33.285  3164  3164 V audio_hw_primary_abox: primary_out-out_get_format: exit with audio format = 0x1
09-11 05:35:33.285  3164  3164 V audio_hw_primary_abox: primary_out-out_get_channels: exit with channel mask = 0x3
09-11 05:35:33.285  3164  3164 V audio_hw_primary_abox: primary_out-out_get_format: exit with audio format = 0x1
09-11 05:35:33.285  3164  3164 V audio_hw_primary_abox: primary_out-out_get_sample_rate: exit with sample rate = 48000
09-11 05:35:33.285  3164  3164 V audio_hw_primary_abox: primary_out-out_get_channels: exit with channel mask = 0x3
09-11 05:35:33.285  3164  3164 I AudioFlinger: Using module 10 has the primary audio interface
09-11 05:35:33.285  3164  3389 I AudioFlinger: AudioFlinger's thread 0xf6283a00 ready to run
09-11 05:35:33.285  3164  3164 D audio_hw_primary_abox: device-adev_set_mode: enter with mode = 0, previous mode = 0
09-11 05:35:33.285  3164  3164 D audio_hw_primary_abox: device-adev_set_mode: exit
09-11 05:35:33.286  3164  3389 W BatteryNotifier: batterystats service unavailable!
09-11 05:35:33.286  3164  3389 V audio_hw_primary_abox: primary_out-out_standby: enter
09-11 05:35:33.286  3164  3389 V audio_hw_primary_abox: primary_out-out_standby: exit
09-11 05:35:33.286  3164  3389 W BatteryNotifier: batterystats service unavailable!
09-11 05:35:33.286  3164  3389 W BatteryNotifier: batterystats service unavailable!
09-11 05:35:33.286  3164  3389 D audio_hw_primary_abox: primary_out-out_set_parameters: enter with param = routing=2
09-11 05:35:33.286  3164  3389 D audio_hw_primary_abox: primary_out-out_set_parameters: Requested to change route from 0x2 to 0x2
09-11 05:35:33.286  3164  3389 D audio_hw_primary_abox: primary_out-out_set_parameters: exit
09-11 05:35:33.286  3164  3389 W AudioFlinger: no wake lock to update, system not ready yet
09-11 05:35:33.287  3164  3230 D audio_hw_primary_abox: device-adev_set_voice_volume: enter with volume level(1.000000)
09-11 05:35:33.287  3164  3230 D audio_hw_primary_abox: device-adev_set_voice_volume: exit
09-11 05:35:33.287  3164  3164 I AudioFlinger: openOutput(), module 10 Device 2, SamplingRate 48000, Format 0x000001, Channels 3, flags 4
09-11 05:35:33.287  3164  3164 D audio_hw_primary_abox: device-adev_open_output_stream: enter: io_handle (21), sample_rate(48000) channel_mask(0x3) devices(0x2) flags(0x4)
09-11 05:35:33.287  3164  3164 D audio_hw_primary_abox: device-adev_open_output_stream: Requested open fast output
09-11 05:35:33.287  3164  3164 I audio_hw_primary_abox: Check PCM Channel Count: Default(2), Request(2)
09-11 05:35:33.287  3164  3164 I audio_hw_primary_abox: Check PCM Smapling Rate: Default(48000), Request(48000)
09-11 05:35:33.287  3164  3164 I audio_hw_primary_abox: Check PCM Format: Default(0), Request(0)
09-11 05:35:33.287  3164  3164 I audio_hw_primary_abox: fast_out-adev_open_output_stream: Transit to Standby
09-11 05:35:33.287  3164  3164 D PostProcessConvertor: PostProcessConvertorInit ++ OSR 192000, ISR 48000, CC 2, OBW 4, IBW 1 
09-11 05:35:33.287  3164  3164 D SoundAliveResampler: [SoundAliveResampler] Init+++
09-11 05:35:33.287  3164  3164 V audio_hw_primary_abox: fast_out-add_audio_usage: Added Audio Stream into Audio Usage list!
09-11 05:35:33.287  3164  3164 D audio_hw_primary_abox: device-adev_open_output_stream: Opened fast_out stream
09-11 05:35:33.287  3164  3164 V audio_hw_primary_abox: fast_out-out_get_format: exit with audio format = 0x1
09-11 05:35:33.287  3164  3164 V audio_hw_primary_abox: fast_out-out_get_channels: exit with channel mask = 0x3
09-11 05:35:33.287  3164  3164 V audio_hw_primary_abox: fast_out-out_get_sample_rate: exit with sample rate = 48000
09-11 05:35:33.287  3164  3164 V audio_hw_primary_abox: fast_out-out_get_channels: exit with channel mask = 0x3
09-11 05:35:33.287  3164  3164 V audio_hw_primary_abox: fast_out-out_get_format: exit with audio format = 0x1
09-11 05:35:33.287  3164  3164 V audio_hw_primary_abox: fast_out-out_get_format: exit with audio format = 0x1
09-11 05:35:33.287  3164  3164 V audio_hw_primary_abox: fast_out-out_get_format: exit with audio format = 0x1
09-11 05:35:33.287  3164  3164 V audio_hw_primary_abox: fast_out-out_get_channels: exit with channel mask = 0x3
09-11 05:35:33.287  3164  3164 V audio_hw_primary_abox: fast_out-out_get_buffer_size: Period Size = 192, Frame Size = 4
09-11 05:35:33.287  3164  3164 V audio_hw_primary_abox: fast_out-out_get_format: exit with audio format = 0x1
09-11 05:35:33.287  3164  3164 V audio_hw_primary_abox: fast_out-out_get_channels: exit with channel mask = 0x3
09-11 05:35:33.287  3164  3164 I AudioFlinger: HAL output buffer size 192 frames, normal sink buffer size 960 frames
09-11 05:35:33.287  3164  3164 V audio_hw_primary_abox: fast_out-out_get_format: exit with audio format = 0x1
09-11 05:35:33.287  3164  3164 V audio_hw_primary_abox: fast_out-out_get_channels: exit with channel mask = 0x3
09-11 05:35:33.287  3164  3164 V audio_hw_primary_abox: fast_out-out_get_buffer_size: Period Size = 192, Frame Size = 4
09-11 05:35:33.287  3164  3164 V audio_hw_primary_abox: fast_out-out_get_format: exit with audio format = 0x1
09-11 05:35:33.287  3164  3164 V audio_hw_primary_abox: fast_out-out_get_channels: exit with channel mask = 0x3
09-11 05:35:33.287  3164  3164 V audio_hw_primary_abox: fast_out-out_get_format: exit with audio format = 0x1
09-11 05:35:33.287  3164  3164 V audio_hw_primary_abox: fast_out-out_get_sample_rate: exit with sample rate = 48000
09-11 05:35:33.287  3164  3164 V audio_hw_primary_abox: fast_out-out_get_channels: exit with channel mask = 0x3
09-11 05:35:33.289  3164  3392 I AudioFlinger: AudioFlinger's thread 0xf5c83f80 ready to run
09-11 05:35:33.290  3164  3392 W BatteryNotifier: batterystats service unavailable!
09-11 05:35:33.290  3164  3392 D audio_hw_primary_abox: fast_out-out_set_parameters: enter with param = routing=2
09-11 05:35:33.290  3164  3392 D audio_hw_primary_abox: fast_out-out_set_parameters: Requested to change route from 0x2 to 0x2
09-11 05:35:33.290  3164  3392 D audio_hw_primary_abox: fast_out-out_set_parameters: exit
09-11 05:35:33.290  3164  3392 V audio_hw_primary_abox: fast_out-out_standby: enter
09-11 05:35:33.290  3164  3392 V audio_hw_primary_abox: fast_out-out_standby: exit
09-11 05:35:33.290  3164  3392 W BatteryNotifier: batterystats service unavailable!
09-11 05:35:33.290  3164  3392 W BatteryNotifier: batterystats service unavailable!
09-11 05:35:33.290  3164  3392 W AudioFlinger: no wake lock to update, system not ready yet
09-11 05:35:33.290  3164  3164 D audio_hw_primary_abox: device-adev_open_input_stream: enter: io_handle (14), sample_rate(48000) channel_mask(0xc) devices(0x80000004) flags(0) source(1)
09-11 05:35:33.290  3164  3164 I audio_hw_primary_abox: device-adev_open_input_stream: requested input samplerate decides audio path of csvt and vowifi, sample_rate = 48000
09-11 05:35:33.290  3164  3164 D audio_hw_primary_abox: device-adev_open_input_stream: Requested open Primary input
09-11 05:35:33.290  3164  3164 I audio_hw_primary_abox: is_voice_wakeup : ret =  0  , wakeup_baby_cry_enabled = 0  ,  wakeup_mic_enabled = 0 
09-11 05:35:33.290  3164  3164 I audio_hw_primary_abox: primary_in-adev_open_input_stream: Transit to Standby
09-11 05:35:33.290  3164  3164 V audio_hw_primary_abox: primary_in-add_audio_usage: Added Audio Stream into Audio Usage list!
09-11 05:35:33.291  3164  3164 D audio_hw_primary_abox: adev_open_input_stream: preprocessing_latency = 0
09-11 05:35:33.291  3164  3164 I audio_hw_primary_abox: adev_open_input_stream: input is null, set new input stream
09-11 05:35:33.291  3164  3164 D audio_hw_primary_abox: device-adev_open_input_stream: Opened primary_in stream
09-11 05:35:33.294  3164  3394 I AudioFlinger: AudioFlinger's thread 0xf5983580 ready to run
09-11 05:35:33.294  3164  3164 D audio_hw_primary_abox: device-adev_close_input_stream: enter with Audio Usage(primary_in)
09-11 05:35:33.294  3164  3164 V audio_hw_primary_abox: stop_voice_note_recording
09-11 05:35:33.294  3164  3164 D audio_hw_primary_abox: primary_in-in_standby: enter
09-11 05:35:33.294  3164  3164 D audio_hw_primary_abox: primary_in-in_standby: exit
09-11 05:35:33.294  3164  3164 V audio_hw_primary_abox: primary_in-remove_audio_usage: Removed Audio Usage from Audio Usage list!
09-11 05:35:33.294  3164  3164 E audio_hw_primary_abox: adev_close_input_stream, set jack_in to null
09-11 05:35:33.294  3164  3164 D audio_hw_primary_abox: device-adev_close_input_stream: Closed primary_in stream
09-11 05:35:33.295  3164  3164 I bt_a2dp_hw: adev_open:  adev_open in A2dp_hw module
09-11 05:35:33.295  3164  3164 I AudioFlinger: loadHwModule() Loaded a2dp audio interface from A2DP Audio HW HAL (audio) handle 18
09-11 05:35:33.297  3164  3164 I AudioFlinger: loadHwModule() Loaded usb audio interface from USB audio HW HAL (audio) handle 26
09-11 05:35:33.297  3164  3164 I r_submix: adev_open(name=audio_hw_if)
09-11 05:35:33.298  3164  3164 I r_submix: adev_init_check()
09-11 05:35:33.298  3164  3164 I AudioFlinger: loadHwModule() Loaded r_submix audio interface from Wifi Display audio HAL (audio) handle 34
09-11 05:35:33.298  3164  3164 D r_submix: adev_open_input_stream(addr=0)
09-11 05:35:33.298  3164  3164 D r_submix: submix_audio_device_create_pipe_l(addr=0, idx=9)
09-11 05:35:33.298  3164  3164 D r_submix:   now using address 0 for route 9
09-11 05:35:33.298  3164  3396 I AudioFlinger: AudioFlinger's thread 0xf5903a40 ready to run
09-11 05:35:33.298  3164  3164 D r_submix: adev_close_input_stream()
09-11 05:35:33.298  3164  3164 D r_submix: submix_audio_device_release_pipe_l(idx=9) addr=0
09-11 05:35:33.298  3164  3164 D r_submix: submix_audio_device_destroy_pipe_l(): pipe destroyed
09-11 05:35:33.299  3164  3164 I RadioService: RadioService
09-11 05:35:33.299  3164  3164 I RadioService: onFirstRef
09-11 05:35:33.299  3164  3164 E RadioService: couldn't load radio module radio.primary (No such file or directory)
09-11 05:35:33.299  3164  3164 E SoundTriggerHwService: couldn't load sound trigger module sound_trigger.primary (No such file or directory)
09-11 05:35:33.320  3161  3161 I Radio-JNI: register_android_hardware_Radio DONE
09-11 05:35:33.327  3161  3161 I SamplingProfilerIntegration: Profiling disabled.
09-11 05:35:33.328  3161  3161 D Zygote  : begin preload
09-11 05:35:33.328  3161  3161 I Zygote  : Installing ICU cache reference pinning...
09-11 05:35:33.328  3161  3161 I Zygote  : Preloading ICU data...
09-11 05:35:33.337  3162  3162 I Radio-JNI: register_android_hardware_Radio DONE
09-11 05:35:33.346  3162  3162 I SamplingProfilerIntegration: Profiling disabled.
09-11 05:35:33.347  3162  3162 D Zygote  : begin preload
09-11 05:35:33.347  3162  3162 I Zygote  : Installing ICU cache reference pinning...
09-11 05:35:33.347  3162  3162 I Zygote  : Preloading ICU data...
09-11 05:35:33.368  3161  3161 I Zygote  : Preloading classes...
09-11 05:35:33.370  3161  3161 W Zygote  : Class not found for preloading: [Landroid.view.Display$ColorTransform;
09-11 05:35:33.372  3162  3162 I Zygote  : Preloading classes...
09-11 05:35:33.374  3162  3162 W Zygote  : Class not found for preloading: [Landroid.view.Display$ColorTransform;
09-11 05:35:33.497  3162  3162 E Typeface: Error mapping font file /system/fonts/DroidSansFallback.ttf
09-11 05:35:33.497  3161  3161 E Typeface: Error mapping font file /system/fonts/DroidSansFallback.ttf
09-11 05:35:33.588  3161  3161 I art     : Thread[1,tid=3161,Native,Thread*=0x7f87e95a00,peer=0x12c070d0,"main"] recursive attempt to load library "/system/lib64/libmedia_jni.so"
09-11 05:35:33.589  3161  3161 D MtpDeviceJNI: register_android_mtp_MtpDevice
09-11 05:35:33.589  3161  3161 I art     : Thread[1,tid=3161,Native,Thread*=0x7f87e95a00,peer=0x12c070d0,"main"] recursive attempt to load library "/system/lib64/libmedia_jni.so"
09-11 05:35:33.590  3161  3161 I art     : Thread[1,tid=3161,Native,Thread*=0x7f87e95a00,peer=0x12c070d0,"main"] recursive attempt to load library "/system/lib64/libmedia_jni.so"
09-11 05:35:33.594  3162  3162 I art     : Thread[1,tid=3162,Native,Thread*=0xf4705400,peer=0x12c070d0,"main"] recursive attempt to load library "/system/lib/libmedia_jni.so"
09-11 05:35:33.595  3162  3162 D MtpDeviceJNI: register_android_mtp_MtpDevice
09-11 05:35:33.595  3162  3162 I art     : Thread[1,tid=3162,Native,Thread*=0xf4705400,peer=0x12c070d0,"main"] recursive attempt to load library "/system/lib/libmedia_jni.so"
09-11 05:35:33.595  3162  3162 I art     : Thread[1,tid=3162,Native,Thread*=0xf4705400,peer=0x12c070d0,"main"] recursive attempt to load library "/system/lib/libmedia_jni.so"
09-11 05:35:33.623  3162  3162 E FFMPEGSoftCodec: Failed to load FFMPEG plugin: (null)
09-11 05:35:33.625  3161  3161 E FFMPEGSoftCodec: Failed to load FFMPEG plugin: (null)
09-11 05:35:33.649  3174  3174 V NatController: runCmd(/system/bin/iptables -w -F natctrl_FORWARD) res=0
09-11 05:35:33.653  3174  3174 V NatController: runCmd(/system/bin/ip6tables -w -F natctrl_FORWARD) res=0
09-11 05:35:33.658  3174  3174 V NatController: runCmd(/system/bin/iptables -w -A natctrl_FORWARD -j DROP) res=0
09-11 05:35:33.662  3174  3174 V NatController: runCmd(/system/bin/iptables -w -t nat -F natctrl_nat_POSTROUTING) res=0
09-11 05:35:33.667  3174  3174 V NatController: runCmd(/system/bin/ip6tables -w -t raw -F natctrl_raw_PREROUTING) res=0
09-11 05:35:33.671  3174  3174 V NatController: runCmd(/system/bin/iptables -w -F natctrl_tether_counters) res=1
09-11 05:35:33.675  3174  3174 V NatController: runCmd(/system/bin/ip6tables -w -F natctrl_tether_counters) res=1
09-11 05:35:33.678  3174  3174 V NatController: runCmd(/system/bin/iptables -w -X natctrl_tether_counters) res=1
09-11 05:35:33.682  3174  3174 V NatController: runCmd(/system/bin/ip6tables -w -X natctrl_tether_counters) res=1
09-11 05:35:33.686  3174  3174 V NatController: runCmd(/system/bin/iptables -w -N natctrl_tether_counters) res=0
09-11 05:35:33.690  3174  3174 V NatController: runCmd(/system/bin/ip6tables -w -N natctrl_tether_counters) res=0
09-11 05:35:33.694  3174  3174 V NatController: runCmd(/system/bin/iptables -w -t mangle -A natctrl_mangle_FORWARD -p tcp --tcp-flags SYN SYN -j TCPMSS --clamp-mss-to-pmtu) res=0
09-11 05:35:33.707  3148  3148 D SurfaceFlinger: SF. shader cache generated - 26 shaders in 983.629883 ms
09-11 05:35:33.709  3148  3148 D SurfaceFlinger: Set power mode=2, type=0 flinger=0x7f8c848000
09-11 05:35:33.721  3162  3162 W Zygote  : Class not found for preloading: android.view.Display$ColorTransform
09-11 05:35:33.721  3162  3162 W Zygote  : Class not found for preloading: android.view.Display$ColorTransform$1
09-11 05:35:33.723  3071  3071 W auditd  : type=1325 audit(0.0:120): table=filter family=10 entries=76
09-11 05:35:33.723  3071  3071 W auditd  : type=1320 audit(0.0:120): 
09-11 05:35:33.723  3071  3071 W auditd  : type=1325 audit(0.0:121): table=raw family=10 entries=12
09-11 05:35:33.723  3071  3071 W auditd  : type=1320 audit(0.0:121): 
09-11 05:35:33.723  3071  3071 W auditd  : type=1325 audit(0.0:122): table=mangle family=10 entries=15
09-11 05:35:33.723  3071  3071 W auditd  : type=1320 audit(0.0:122): 
09-11 05:35:33.723  3161  3161 W Zygote  : Class not found for preloading: android.view.Display$ColorTransform
09-11 05:35:33.723  3161  3161 W Zygote  : Class not found for preloading: android.view.Display$ColorTransform$1
09-11 05:35:33.731  3071  3071 W auditd  : type=1325 audit(0.0:123): table=filter family=2 entries=65
09-11 05:35:33.731  3071  3071 W auditd  : type=1320 audit(0.0:123): 
09-11 05:35:33.731  3071  3071 W auditd  : type=1325 audit(0.0:124): table=raw family=2 entries=12
09-11 05:35:33.731  3071  3071 W auditd  : type=1320 audit(0.0:124): 
09-11 05:35:33.731  3071  3071 W auditd  : type=1325 audit(0.0:125): table=mangle family=2 entries=16
09-11 05:35:33.731  3071  3071 W auditd  : type=1320 audit(0.0:125): 
09-11 05:35:33.735  3071  3071 W auditd  : type=1325 audit(0.0:126): table=filter family=10 entries=76
09-11 05:35:33.735  3071  3071 W auditd  : type=1320 audit(0.0:126): 
09-11 05:35:33.735  3071  3071 W auditd  : type=1325 audit(0.0:127): table=raw family=10 entries=12
09-11 05:35:33.735  3071  3071 W auditd  : type=1320 audit(0.0:127): 
09-11 05:35:33.735  3071  3071 W auditd  : type=1325 audit(0.0:128): table=mangle family=10 entries=15
09-11 05:35:33.735  3071  3071 W auditd  : type=1320 audit(0.0:128): 
09-11 05:35:33.750  3162  3162 W System  : ClassLoader referenced unknown path: /system/framework/tcmclient.jar
09-11 05:35:33.751  3161  3161 W System  : ClassLoader referenced unknown path: /system/framework/tcmclient.jar
09-11 05:35:33.754  3174  3174 E Netd    : cannot find interface dummy0
09-11 05:35:33.755  3174  3174 D MDnsDS  : MDnsSdListener::Hander starting up
09-11 05:35:33.755  3174  3524 D MDnsDS  : MDnsSdListener starting to monitor
09-11 05:35:33.755  3174  3524 D MDnsDS  : Going to poll with pollCount 1
09-11 05:35:33.758  3160  3160 D wrapperGPS: wrapperConnect_RILD
09-11 05:35:33.796  3161  3161 I System  : Loaded time zone names for "" in 24ms (23ms in ICU)
09-11 05:35:33.797  3162  3162 I System  : Loaded time zone names for "" in 20ms (18ms in ICU)
09-11 05:35:33.806  3161  3161 I System  : Loaded time zone names for "en_US" in 9ms (8ms in ICU)
09-11 05:35:33.807  3162  3162 I System  : Loaded time zone names for "en_US" in 10ms (9ms in ICU)
09-11 05:35:33.822  3161  3161 I Zygote  : ...preloaded 4158 classes in 453ms.
09-11 05:35:33.822  3161  3161 I art     : VMRuntime.preloadDexCaches starting
09-11 05:35:33.823  3162  3162 I Zygote  : ...preloaded 4158 classes in 450ms.
09-11 05:35:33.823  3162  3162 I art     : VMRuntime.preloadDexCaches starting
09-11 05:35:33.867  3161  3161 I art     : VMRuntime.preloadDexCaches strings total=288446 before=37245 after=37245
09-11 05:35:33.867  3161  3161 I art     : VMRuntime.preloadDexCaches types total=23810 before=7912 after=7943
09-11 05:35:33.867  3161  3161 I art     : VMRuntime.preloadDexCaches fields total=113941 before=41388 after=41619
09-11 05:35:33.867  3161  3161 I art     : VMRuntime.preloadDexCaches methods total=199717 before=82843 after=83438
09-11 05:35:33.867  3161  3161 I art     : VMRuntime.preloadDexCaches finished
09-11 05:35:33.867  3161  3161 I Zygote  : Preloading resources...
09-11 05:35:33.882  3162  3162 I art     : VMRuntime.preloadDexCaches strings total=288446 before=37245 after=37245
09-11 05:35:33.882  3162  3162 I art     : VMRuntime.preloadDexCaches types total=23810 before=7912 after=7943
09-11 05:35:33.882  3162  3162 I art     : VMRuntime.preloadDexCaches fields total=113941 before=41388 after=41619
09-11 05:35:33.882  3162  3162 I art     : VMRuntime.preloadDexCaches methods total=199717 before=82843 after=83438
09-11 05:35:33.882  3162  3162 I art     : VMRuntime.preloadDexCaches finished
09-11 05:35:33.882  3162  3162 I Zygote  : Preloading resources...
09-11 05:35:33.893  3161  3161 W Resources: Preloaded drawable resource #0x108025c (android:drawable/dialog_background_material) that varies with configuration!!
09-11 05:35:33.898  3161  3161 W Resources: Preloaded color resource #0x10600ea (android:color/material_grey_800) that varies with configuration!!
09-11 05:35:33.898  3161  3161 W Resources: Preloaded drawable resource #0x10802c9 (android:drawable/floating_popup_background_dark) that varies with configuration!!
09-11 05:35:33.901  3162  3162 W Resources: Preloaded drawable resource #0x108025c (android:drawable/dialog_background_material) that varies with configuration!!
09-11 05:35:33.904  3162  3162 W Resources: Preloaded color resource #0x10600ea (android:color/material_grey_800) that varies with configuration!!
09-11 05:35:33.905  3162  3162 W Resources: Preloaded drawable resource #0x10802c9 (android:drawable/floating_popup_background_dark) that varies with configuration!!
09-11 05:35:33.929  3510  3532 D libEGL  : loaded /vendor/lib64/egl/libGLES_mali.so
09-11 05:35:33.939  3510  3532 D mali_winsys: EGLint new_window_surface(egl_winsys_display*, void*, EGLSurface, EGLConfig, egl_winsys_surface**, egl_color_buffer_format*, EGLBoolean) returns 0x3000,  [1440x2960]-format:2
09-11 05:35:34.007  3532  3532 I BootAnimation: type=1400 audit(0.0:129): avc: denied { read write } for name="fimg2d" dev="tmpfs" ino=21587 scontext=u:r:bootanim:s0 tcontext=u:object_r:device:s0 tclass=chr_file permissive=1
09-11 05:35:34.007  3532  3532 I BootAnimation: type=1400 audit(0.0:129): avc: denied { open } for path="/dev/fimg2d" dev="tmpfs" ino=21587 scontext=u:r:bootanim:s0 tcontext=u:object_r:device:s0 tclass=chr_file permissive=1
09-11 05:35:34.067  3161  3161 I Zygote  : ...preloaded 114 resources in 200ms.
09-11 05:35:34.069  3161  3161 W Resources: Preloaded color resource #0x1060114 (android:color/background_cache_hint_selector_material_dark) that varies with configuration!!
09-11 05:35:34.070  3161  3161 W Resources: Preloaded color resource #0x1060119 (android:color/btn_default_material_dark) that varies with configuration!!
09-11 05:35:34.070  3162  3162 I Zygote  : ...preloaded 114 resources in 187ms.
09-11 05:35:34.070  3161  3161 I Zygote  : ...preloaded 41 resources in 3ms.
09-11 05:35:34.071  3161  3161 I Zygote  : ...preloaded 2 resource in 1ms.
09-11 05:35:34.072  3162  3162 W Resources: Preloaded color resource #0x1060114 (android:color/background_cache_hint_selector_material_dark) that varies with configuration!!
09-11 05:35:34.072  3162  3162 W Resources: Preloaded color resource #0x1060119 (android:color/btn_default_material_dark) that varies with configuration!!
09-11 05:35:34.072  3162  3162 I Zygote  : ...preloaded 41 resources in 3ms.
09-11 05:35:34.073  3162  3162 I Zygote  : ...preloaded 2 resource in 0ms.
09-11 05:35:34.080  3161  3161 D libEGL  : loaded /vendor/lib64/egl/libGLES_mali.so
09-11 05:35:34.089  3161  3161 I Zygote  : Preloading shared libraries...
09-11 05:35:34.099  3161  3161 I Zygote  : Uninstalled ICU cache reference pinning...
09-11 05:35:34.101  3161  3161 I Zygote  : Installed AndroidKeyStoreProvider in 2ms.
09-11 05:35:34.105  3161  3161 I Zygote  : Warmed up JCA providers in 5ms.
09-11 05:35:34.105  3161  3161 D Zygote  : end preload
09-11 05:35:34.105  3161  3161 I art     : Starting a blocking GC Explicit
09-11 05:35:34.109  3162  3162 D libEGL  : loaded /vendor/lib/egl/libGLES_mali.so
09-11 05:35:34.112  3161  3161 I art     : Explicit concurrent mark sweep GC freed 7335(409KB) AllocSpace objects, 0(0B) LOS objects, 40% free, 8MB/13MB, paused 54us total 6.283ms
09-11 05:35:34.112  3161  3161 I art     : Starting a blocking GC Explicit
09-11 05:35:34.118  3161  3161 I art     : Explicit concurrent mark sweep GC freed 1587(56KB) AllocSpace objects, 0(0B) LOS objects, 39% free, 7MB/13MB, paused 73us total 5.146ms
09-11 05:35:34.122  3162  3162 I Zygote  : Preloading shared libraries...
09-11 05:35:34.130  3162  3162 I Zygote  : Uninstalled ICU cache reference pinning...
09-11 05:35:34.131  3162  3162 I Zygote  : Installed AndroidKeyStoreProvider in 2ms.
09-11 05:35:34.134  3161  3367 I art     : Starting a blocking GC HeapTrim
09-11 05:35:34.135  3161  3161 I art     : Starting a blocking GC Background
09-11 05:35:34.136  3162  3162 I Zygote  : Warmed up JCA providers in 4ms.
09-11 05:35:34.136  3162  3162 D Zygote  : end preload
09-11 05:35:34.136  3162  3162 I art     : Starting a blocking GC Explicit
09-11 05:35:34.143  3162  3162 I art     : Explicit concurrent mark sweep GC freed 7493(416KB) AllocSpace objects, 0(0B) LOS objects, 39% free, 8MB/13MB, paused 89us total 6.883ms
09-11 05:35:34.144  3162  3162 I art     : Starting a blocking GC Explicit
09-11 05:35:34.150  3162  3162 I art     : Explicit concurrent mark sweep GC freed 1587(56KB) AllocSpace objects, 0(0B) LOS objects, 40% free, 7MB/13MB, paused 83us total 6.055ms
09-11 05:35:34.156  3161  3161 I Zygote  : System server process 3548 has been created
09-11 05:35:34.157  3161  3161 I Zygote  : Accepting command socket connections
09-11 05:35:34.169  3162  3162 I Zygote  : Accepting command socket connections
09-11 05:35:34.173  3548  3548 I Zygote  : Process: zygote socket opened, supported ABIS: armeabi-v7a,armeabi
09-11 05:35:34.173  3548  3548 I InstallerConnection: connecting...
09-11 05:35:34.173  3166  3166 I         : new connection
09-11 05:35:34.181  3548  3548 I InstallerConnection: disconnecting...
09-11 05:35:34.181  3166  3166 E         : eof
09-11 05:35:34.181  3166  3166 E         : failed to read size
09-11 05:35:34.181  3166  3166 I         : closing connection
09-11 05:35:34.191  3548  3548 W art     : Found duplicate classes, falling back to interpreter mode for /system/framework/wifi-service.jar
09-11 05:35:34.191  3548  3548 W art     : Found duplicated class when checking oat files: 'Lcom/google/protobuf/nano/MessageNano;' in /system/framework/services.jar and /system/framework/wifi-service.jar
09-11 05:35:34.223  3548  3548 I SystemServer: Entered the Android system server!
09-11 05:35:34.274  3548  3548 I SystemServiceManager: Starting com.android.server.pm.Installer
09-11 05:35:34.276  3548  3548 I Installer: Waiting for installd to be ready.
09-11 05:35:34.276  3548  3548 I InstallerConnection: connecting...
09-11 05:35:34.276  3166  3166 I         : new connection
09-11 05:35:34.276  3548  3548 I SystemServiceManager: Starting com.android.server.am.ActivityManagerService$Lifecycle
09-11 05:35:34.288  3548  3548 I ActivityManager: Memory class: 256
09-11 05:35:34.297  3548  3564 I ServiceThread: Enabled StrictMode logging for ActivityManager looper.
09-11 05:35:34.306  3548  3565 I ServiceThread: Enabled StrictMode logging for android.ui looper.
09-11 05:35:34.317  3548  3548 D BatteryStatsImpl: Reading daily items from /data/system/batterystats-daily.xml
09-11 05:35:34.383  3548  3548 I IntentFirewall: Read new rules (A:0 B:0 S:0)
09-11 05:35:34.386  3548  3577 I ServiceThread: Enabled StrictMode logging for android.display looper.
09-11 05:35:34.388  3548  3548 D AppOps  : AppOpsService published
09-11 05:35:34.388  3548  3548 I SystemServiceManager: Starting com.android.server.power.PowerManagerService
09-11 05:35:34.390  3548  3579 I ServiceThread: Enabled StrictMode logging for PowerManagerService looper.
09-11 05:35:34.392  3548  3548 I SamsungPowerHAL: Initialized settings:
09-11 05:35:34.392  3548  3548 I SamsungPowerHAL: max_freqs: cluster[0]: 1690000, cluster[1]: 2496000
09-11 05:35:34.392  3548  3548 I SamsungPowerHAL: hispeed_freqs: cluster[0]: 1690000, cluster[1]: 2496000
09-11 05:35:34.392  3548  3548 I SamsungPowerHAL: boostpulse_fd: 62
09-11 05:35:34.392  3548  3548 I SamsungPowerHAL: touchscreen_power_path: /sys/class/input/input0/enabled
09-11 05:35:34.392  3548  3548 I SamsungPowerHAL: touchkey_power_path: NULL
09-11 05:35:34.392  3548  3548 W libsuspend: Error writing 'on' to /sys/power/state: Invalid argument
09-11 05:35:34.393  3548  3548 I libsuspend: Selected wakeup count
09-11 05:35:34.395  3548  3548 I SystemServiceManager: Starting com.android.server.lights.LightsService
09-11 05:35:34.397  3548  3548 I SystemServiceManager: Starting com.android.server.display.DisplayManagerService
09-11 05:35:34.400  3548  3548 I SystemServiceManager: Starting phase 100
09-11 05:35:34.408  3548  3577 W LocalDisplayAdapter: Unable to get active color mode for display device 0
09-11 05:35:34.408  3548  3577 E LocalDisplayAdapter: Default and active color mode is no longer available! Reverting to first available mode.
09-11 05:35:34.409  3148  3183 E SurfaceFlinger: getDefaultDisplay: id=2 is not a valid default display id
09-11 05:35:34.409  3548  3577 I DisplayManagerService: Display device added: DisplayDeviceInfo{"Built-in Screen": uniqueId="local:0", 1440 x 2960, modeId 1, defaultModeId 1, supportedModes [{id=1, width=1440, height=2960, fps=60.000004}], colorMode -22, supportedColorModes [-22], HdrCapabilities android.view.Display$HdrCapabilities@a69d6308, density 560, 522.514 x 525.762 dpi, appVsyncOff 1000000, presDeadline 16666666, touch INTERNAL, rotation 0, type BUILT_IN, state UNKNOWN, FLAG_DEFAULT_DISPLAY, FLAG_ROTATES_WITH_CONTENT, FLAG_SECURE, FLAG_SUPPORTS_PROTECTED_BUFFERS}
09-11 05:35:34.410  3148  3148 D SurfaceFlinger: Set power mode=2, type=0 flinger=0x7f8c848000
09-11 05:35:34.410  3148  3148 D SurfaceFlinger: Screen type=0 is already mode=2
09-11 05:35:34.426  3548  3577 I DisplayManagerService: Display device changed state: "Built-in Screen", ON
09-11 05:35:34.426  3548  3548 I SystemServer: StartPackageManagerService
09-11 05:35:34.470  3548  3548 D SELinuxMMAC: Using policy file /system/etc/security/mac_permissions.xml
09-11 05:35:34.533  3548  3558 I art     : Background sticky concurrent mark sweep GC freed 53507(3MB) AllocSpace objects, 62(1368KB) LOS objects, 36% free, 8MB/13MB, paused 8.457ms total 29.885ms
09-11 05:35:34.548  3548  3548 E art     : DexFile_getDexOptNeeded file '/system/framework/org.apache.http.legacy.jar' does not exist
09-11 05:35:34.548  3548  3548 W PackageManager: Library not found: /system/framework/org.apache.http.legacy.jar
09-11 05:35:34.553  3548  3548 E art     : DexFile_getDexOptNeeded file '/system/framework/org.apache.http.legacy.jar' does not exist
09-11 05:35:34.554  3548  3548 W PackageManager: Library not found: /system/framework/org.apache.http.legacy.jar
09-11 05:35:34.556  3548  3548 D PackageManager: No files in app dir /vendor/overlay
09-11 05:35:34.556  3548  3548 D PackageManager: start scanDirLI:/system/framework
09-11 05:35:34.556  3548  3548 D PackageManager: max thread:6
09-11 05:35:34.587  3548  3585 W PackageManager: Permission cyanogenmod.permission.WRITE_ALARMS from package cyanogenmod.platform in an unknown group android.permission-group.SYSTEM_CLOCK
09-11 05:35:34.587  3548  3585 W PackageManager: Permission cyanogenmod.permission.MANAGE_ALARMS from package cyanogenmod.platform in an unknown group android.permission-group.SYSTEM_CLOCK
09-11 05:35:34.587  3548  3585 W PackageManager: Permission cyanogenmod.permission.READ_ALARMS from package cyanogenmod.platform in an unknown group android.permission-group.SYSTEM_CLOCK
09-11 05:35:34.587  3548  3548 D PackageManager: end scanDirLI:/system/framework
09-11 05:35:34.587  3548  3548 D PackageManager: start scanDirLI:/system/priv-app
09-11 05:35:34.587  3548  3548 D PackageManager: max thread:6
09-11 05:35:34.617  3548  3587 W PackageManager: Permission android.permission.DOWNLOAD_WITHOUT_NOTIFICATION from package com.android.providers.downloads in an unknown group android.permission-group.NETWORK
09-11 05:35:34.617  3548  3586 W PackageParser: No actions in intent filter at /system/priv-app/Contacts/Contacts.apk Binary XML file line #431
09-11 05:35:34.630  3548  3589 W PackageParser: No actions in intent filter at /system/priv-app/Dialer/Dialer.apk Binary XML file line #207
09-11 05:35:34.656  3548  3585 W PackageParser: Ignoring duplicate uses-permissions/uses-permissions-sdk-m: android.permission.INSTALL_GRANT_RUNTIME_PERMISSIONS in package: com.android.shell at: Binary XML file line #102
09-11 05:35:34.677  3548  3587 W PackageManager: Permission com.android.launcher.permission.INSTALL_SHORTCUT from package com.cyanogenmod.trebuchet in an unknown group android.permission-group.SYSTEM_TOOLS
09-11 05:35:34.677  3548  3587 W PackageManager: Permission com.android.launcher3.permission.READ_SETTINGS from package com.cyanogenmod.trebuchet in an unknown group android.permission-group.SYSTEM_TOOLS
09-11 05:35:34.677  3548  3587 W PackageManager: Permission com.android.launcher3.permission.WRITE_SETTINGS from package com.cyanogenmod.trebuchet in an unknown group android.permission-group.SYSTEM_TOOLS
09-11 05:35:34.682  3548  3589 W PackageParser: Ignoring duplicate uses-permissions/uses-permissions-sdk-m: android.permission.CONFIGURE_WIFI_DISPLAY in package: com.android.systemui at: Binary XML file line #117
09-11 05:35:34.704  3548  3586 W PackageParser: Ignoring duplicate uses-permissions/uses-permissions-sdk-m: android.permission.USE_CREDENTIALS in package: com.android.settings at: Binary XML file line #56
09-11 05:35:34.704  3548  3586 W PackageParser: Ignoring duplicate uses-permissions/uses-permissions-sdk-m: android.permission.READ_SYNC_SETTINGS in package: com.android.settings at: Binary XML file line #61
09-11 05:35:34.704  3548  3586 W PackageParser: Ignoring duplicate uses-permissions/uses-permissions-sdk-m: android.permission.WRITE_SYNC_SETTINGS in package: com.android.settings at: Binary XML file line #62
09-11 05:35:34.718  3548  3548 D PackageManager: end scanDirLI:/system/priv-app
09-11 05:35:34.718  3548  3548 D PackageManager: start scanDirLI:/system/app
09-11 05:35:34.718  3548  3548 D PackageManager: max thread:6
09-11 05:35:34.728  3548  3585 W PackageParser: No actions in intent filter at /system/app/Bluetooth/Bluetooth.apk Binary XML file line #226
09-11 05:35:34.733  3548  3585 W PackageManager: Non-privileged app; cap priority to 0; package: com.android.cts.ctsshim activity: com.android.cts.ctsshim.InstallPriority origPrio: 100
09-11 05:35:34.733  3548  3585 W PackageManager: Non-privileged app; cap priority to 0; package: com.android.cts.ctsshim activity: com.android.cts.ctsshim.InstallPriority origPrio: 100
09-11 05:35:34.733  3548  3585 W PackageManager: Non-privileged app; cap priority to 0; package: com.android.cts.ctsshim activity: com.android.cts.ctsshim.InstallPriority origPrio: 100
09-11 05:35:34.733  3548  3585 W PackageManager: Non-privileged app; cap priority to 0; package: com.android.cts.ctsshim activity: com.android.cts.ctsshim.InstallPriority origPrio: 100
09-11 05:35:34.733  3548  3585 W PackageManager: Non-privileged app; cap priority to 0; package: com.android.cts.ctsshim activity: com.android.cts.ctsshim.InstallPriority origPrio: 100
09-11 05:35:34.735  3548  3586 W PackageManager: Non-privileged app; cap priority to 0; package: com.android.calendar activity: com.android.calendar.GoogleCalendarUriIntentFilter origPrio: 50
09-11 05:35:34.743  3548  3585 W PackageParser: Ignoring duplicate uses-permissions/uses-permissions-sdk-m: android.permission.WRITE_SETTINGS in package: com.android.deskclock at: Binary XML file line #45
09-11 05:35:34.759  3160  3160 D wrapperGPS: wrapperConnect_RILD
09-11 05:35:34.764  3548  3588 W PackageParser: Ignoring duplicate uses-permissions/uses-permissions-sdk-m: android.permission.CHANGE_WIFI_STATE in package: com.android.nfc at: Binary XML file line #47
09-11 05:35:34.764  3548  3588 W PackageParser: Ignoring duplicate uses-permissions/uses-permissions-sdk-m: android.permission.ACCESS_WIFI_STATE in package: com.android.nfc at: Binary XML file line #48
09-11 05:35:34.770  3548  3587 W PackageManager: Permission com.android.email.permission.READ_ATTACHMENT from package com.android.email in an unknown group android.permission-group.MESSAGES
09-11 05:35:34.778  3548  3587 W PackageManager: Failed to parse /system/app/mcRegistry: Missing base APK in /system/app/mcRegistry
09-11 05:35:34.795  3548  3548 D PackageManager: end scanDirLI:/system/app
09-11 05:35:34.795  3548  3548 D PackageManager: No files in app dir /system/vendor/app
09-11 05:35:34.795  3548  3548 D PackageManager: No files in app dir /oem/app
