09-26 20:46:58.299  3350  3572 W dex2oat : Skipping class com.android.framework.protobuf.nano.Extension$PrimitiveExtension from /system/framework/telephony-common.jar previously found in /system/framework/framework.jar:classes2.dex
09-26 20:46:58.299  3350  3575 W dex2oat : Skipping class com.android.framework.protobuf.nano.InternalNano from /system/framework/telephony-common.jar previously found in /system/framework/framework.jar:classes2.dex
09-26 20:46:58.299  3350  3572 W dex2oat : Skipping class com.android.framework.protobuf.nano.InvalidProtocolBufferNanoException from /system/framework/telephony-common.jar previously found in /system/framework/framework.jar:classes2.dex
09-26 20:46:58.300  3350  3575 W dex2oat : Skipping class com.android.framework.protobuf.nano.MessageNanoPrinter from /system/framework/telephony-common.jar previously found in /system/framework/framework.jar:classes2.dex
09-26 20:46:58.300  3350  3572 W dex2oat : Skipping class com.android.framework.protobuf.nano.UnknownFieldData from /system/framework/telephony-common.jar previously found in /system/framework/framework.jar:classes2.dex
09-26 20:46:58.300  3350  3575 W dex2oat : Skipping class com.android.framework.protobuf.nano.WireFormatNano from /system/framework/telephony-common.jar previously found in /system/framework/framework.jar:classes2.dex
09-26 20:46:58.300  3350  3572 W dex2oat : Skipping class com.android.framework.protobuf.nano.android.ParcelableMessageNano from /system/framework/telephony-common.jar previously found in /system/framework/framework.jar:classes2.dex
09-26 20:46:58.307  3350  3350 W dex2oat : Skipping class com.android.framework.protobuf.nano.android.ParcelableExtendableMessageNano from /system/framework/telephony-common.jar previously found in /system/framework/framework.jar:classes2.dex
09-26 20:46:58.307  3350  3575 W dex2oat : Skipping class com.android.framework.protobuf.nano.android.ParcelableMessageNanoCreator from /system/framework/telephony-common.jar previously found in /system/framework/framework.jar:classes2.dex
09-26 20:46:58.311  3350  3573 W dex2oat : Skipping class com.android.framework.protobuf.nano.MessageNano from /system/framework/telephony-common.jar previously found in /system/framework/framework.jar:classes2.dex
09-26 20:46:58.576  3335  3586 W dex2oat : Compilation of void android.widget.TextView.<init>(android.content.Context, android.util.AttributeSet, int, int) took 142.732ms
09-26 20:46:59.331  3335  3583 W dex2oat : Skipping class com.android.framework.protobuf.nano.CodedInputByteBufferNano from /system/framework/telephony-common.jar previously found in /system/framework/framework.jar:classes2.dex
09-26 20:46:59.331  3335  3583 W dex2oat : Skipping class com.android.framework.protobuf.nano.CodedOutputByteBufferNano$OutOfSpaceException from /system/framework/telephony-common.jar previously found in /system/framework/framework.jar:classes2.dex
09-26 20:46:59.331  3335  3583 W dex2oat : Skipping class com.android.framework.protobuf.nano.MessageNano from /system/framework/telephony-common.jar previously found in /system/framework/framework.jar:classes2.dex
09-26 20:46:59.331  3335  3583 W dex2oat : Skipping class com.android.framework.protobuf.nano.ExtendableMessageNano from /system/framework/telephony-common.jar previously found in /system/framework/framework.jar:classes2.dex
09-26 20:46:59.331  3335  3583 W dex2oat : Skipping class com.android.framework.protobuf.nano.Extension from /system/framework/telephony-common.jar previously found in /system/framework/framework.jar:classes2.dex
09-26 20:46:59.331  3335  3583 W dex2oat : Skipping class com.android.framework.protobuf.nano.Extension$PrimitiveExtension from /system/framework/telephony-common.jar previously found in /system/framework/framework.jar:classes2.dex
09-26 20:46:59.331  3335  3583 W dex2oat : Skipping class com.android.framework.protobuf.nano.FieldArray from /system/framework/telephony-common.jar previously found in /system/framework/framework.jar:classes2.dex
09-26 20:46:59.331  3335  3583 W dex2oat : Skipping class com.android.framework.protobuf.nano.FieldData from /system/framework/telephony-common.jar previously found in /system/framework/framework.jar:classes2.dex
09-26 20:46:59.331  3335  3583 W dex2oat : Skipping class com.android.framework.protobuf.nano.InternalNano from /system/framework/telephony-common.jar previously found in /system/framework/framework.jar:classes2.dex
09-26 20:46:59.331  3335  3583 W dex2oat : Skipping class com.android.framework.protobuf.nano.InvalidProtocolBufferNanoException from /system/framework/telephony-common.jar previously found in /system/framework/framework.jar:classes2.dex
09-26 20:46:59.331  3335  3583 W dex2oat : Skipping class com.android.framework.protobuf.nano.MessageNanoPrinter from /system/framework/telephony-common.jar previously found in /system/framework/framework.jar:classes2.dex
09-26 20:46:59.331  3335  3583 W dex2oat : Skipping class com.android.framework.protobuf.nano.UnknownFieldData from /system/framework/telephony-common.jar previously found in /system/framework/framework.jar:classes2.dex
09-26 20:46:59.331  3335  3583 W dex2oat : Skipping class com.android.framework.protobuf.nano.WireFormatNano from /system/framework/telephony-common.jar previously found in /system/framework/framework.jar:classes2.dex
09-26 20:46:59.331  3335  3583 W dex2oat : Skipping class com.android.framework.protobuf.nano.android.ParcelableExtendableMessageNano from /system/framework/telephony-common.jar previously found in /system/framework/framework.jar:classes2.dex
09-26 20:46:59.331  3335  3583 W dex2oat : Skipping class com.android.framework.protobuf.nano.android.ParcelableMessageNano from /system/framework/telephony-common.jar previously found in /system/framework/framework.jar:classes2.dex
09-26 20:46:59.331  3335  3583 W dex2oat : Skipping class com.android.framework.protobuf.nano.android.ParcelableMessageNanoCreator from /system/framework/telephony-common.jar previously found in /system/framework/framework.jar:classes2.dex
09-26 20:46:59.335  3335  3585 W dex2oat : Skipping class com.android.framework.protobuf.nano.CodedOutputByteBufferNano from /system/framework/telephony-common.jar previously found in /system/framework/framework.jar:classes2.dex
09-26 20:46:59.637  3350  3571 W dex2oat : Skipping class com.android.framework.protobuf.nano.CodedInputByteBufferNano from /system/framework/telephony-common.jar previously found in /system/framework/framework.jar:classes2.dex
09-26 20:46:59.637  3350  3574 W dex2oat : Skipping class com.android.framework.protobuf.nano.CodedOutputByteBufferNano$OutOfSpaceException from /system/framework/telephony-common.jar previously found in /system/framework/framework.jar:classes2.dex
09-26 20:46:59.637  3350  3574 W dex2oat : Skipping class com.android.framework.protobuf.nano.FieldArray from /system/framework/telephony-common.jar previously found in /system/framework/framework.jar:classes2.dex
09-26 20:46:59.637  3350  3572 W dex2oat : Skipping class com.android.framework.protobuf.nano.ExtendableMessageNano from /system/framework/telephony-common.jar previously found in /system/framework/framework.jar:classes2.dex
09-26 20:46:59.637  3350  3575 W dex2oat : Skipping class com.android.framework.protobuf.nano.MessageNano from /system/framework/telephony-common.jar previously found in /system/framework/framework.jar:classes2.dex
09-26 20:46:59.637  3350  3571 W dex2oat : Skipping class com.android.framework.protobuf.nano.Extension from /system/framework/telephony-common.jar previously found in /system/framework/framework.jar:classes2.dex
09-26 20:46:59.637  3350  3577 W dex2oat : Skipping class com.android.framework.protobuf.nano.Extension$PrimitiveExtension from /system/framework/telephony-common.jar previously found in /system/framework/framework.jar:classes2.dex
09-26 20:46:59.637  3350  3577 W dex2oat : Skipping class com.android.framework.protobuf.nano.UnknownFieldData from /system/framework/telephony-common.jar previously found in /system/framework/framework.jar:classes2.dex
09-26 20:46:59.637  3350  3577 W dex2oat : Skipping class com.android.framework.protobuf.nano.WireFormatNano from /system/framework/telephony-common.jar previously found in /system/framework/framework.jar:classes2.dex
09-26 20:46:59.637  3350  3572 W dex2oat : Skipping class com.android.framework.protobuf.nano.InternalNano from /system/framework/telephony-common.jar previously found in /system/framework/framework.jar:classes2.dex
09-26 20:46:59.637  3350  3571 W dex2oat : Skipping class com.android.framework.protobuf.nano.android.ParcelableMessageNano from /system/framework/telephony-common.jar previously found in /system/framework/framework.jar:classes2.dex
09-26 20:46:59.637  3350  3572 W dex2oat : Skipping class com.android.framework.protobuf.nano.android.ParcelableMessageNanoCreator from /system/framework/telephony-common.jar previously found in /system/framework/framework.jar:classes2.dex
09-26 20:46:59.637  3350  3576 W dex2oat : Skipping class com.android.framework.protobuf.nano.InvalidProtocolBufferNanoException from /system/framework/telephony-common.jar previously found in /system/framework/framework.jar:classes2.dex
09-26 20:46:59.637  3350  3577 W dex2oat : Skipping class com.android.framework.protobuf.nano.android.ParcelableExtendableMessageNano from /system/framework/telephony-common.jar previously found in /system/framework/framework.jar:classes2.dex
09-26 20:46:59.637  3350  3575 W dex2oat : Skipping class com.android.framework.protobuf.nano.MessageNanoPrinter from /system/framework/telephony-common.jar previously found in /system/framework/framework.jar:classes2.dex
09-26 20:46:59.638  3350  3573 W dex2oat : Skipping class com.android.framework.protobuf.nano.CodedOutputByteBufferNano from /system/framework/telephony-common.jar previously found in /system/framework/framework.jar:classes2.dex
09-26 20:46:59.639  3350  3574 W dex2oat : Skipping class com.android.framework.protobuf.nano.FieldData from /system/framework/telephony-common.jar previously found in /system/framework/framework.jar:classes2.dex
09-26 20:47:00.096  3350  3350 I dex2oat : Explicit concurrent mark sweep GC freed 38377(4MB) AllocSpace objects, 0(0B) LOS objects, 47% free, 4MB/8MB, paused 108us total 22.993ms
09-26 20:47:00.191  3335  3335 W dex2oat : Skipping class com.android.framework.protobuf.nano.CodedInputByteBufferNano from /system/framework/telephony-common.jar previously found in /system/framework/framework.jar:classes2.dex
09-26 20:47:00.191  3335  3583 W dex2oat : Skipping class com.android.framework.protobuf.nano.MessageNano from /system/framework/telephony-common.jar previously found in /system/framework/framework.jar:classes2.dex
09-26 20:47:00.191  3335  3587 W dex2oat : Skipping class com.android.framework.protobuf.nano.CodedOutputByteBufferNano$OutOfSpaceException from /system/framework/telephony-common.jar previously found in /system/framework/framework.jar:classes2.dex
09-26 20:47:00.191  3335  3587 W dex2oat : Skipping class com.android.framework.protobuf.nano.InvalidProtocolBufferNanoException from /system/framework/telephony-common.jar previously found in /system/framework/framework.jar:classes2.dex
09-26 20:47:00.192  3335  3587 W dex2oat : Skipping class com.android.framework.protobuf.nano.MessageNanoPrinter from /system/framework/telephony-common.jar previously found in /system/framework/framework.jar:classes2.dex
09-26 20:47:00.192  3335  3335 W dex2oat : Skipping class com.android.framework.protobuf.nano.Extension from /system/framework/telephony-common.jar previously found in /system/framework/framework.jar:classes2.dex
09-26 20:47:00.192  3335  3335 W dex2oat : Skipping class com.android.framework.protobuf.nano.WireFormatNano from /system/framework/telephony-common.jar previously found in /system/framework/framework.jar:classes2.dex
09-26 20:47:00.192  3335  3335 W dex2oat : Skipping class com.android.framework.protobuf.nano.android.ParcelableExtendableMessageNano from /system/framework/telephony-common.jar previously found in /system/framework/framework.jar:classes2.dex
09-26 20:47:00.192  3335  3335 W dex2oat : Skipping class com.android.framework.protobuf.nano.android.ParcelableMessageNano from /system/framework/telephony-common.jar previously found in /system/framework/framework.jar:classes2.dex
09-26 20:47:00.192  3335  3335 W dex2oat : Skipping class com.android.framework.protobuf.nano.android.ParcelableMessageNanoCreator from /system/framework/telephony-common.jar previously found in /system/framework/framework.jar:classes2.dex
09-26 20:47:00.192  3335  3584 W dex2oat : Skipping class com.android.framework.protobuf.nano.FieldArray from /system/framework/telephony-common.jar previously found in /system/framework/framework.jar:classes2.dex
09-26 20:47:00.192  3335  3582 W dex2oat : Skipping class com.android.framework.protobuf.nano.CodedOutputByteBufferNano from /system/framework/telephony-common.jar previously found in /system/framework/framework.jar:classes2.dex
09-26 20:47:00.194  3335  3588 W dex2oat : Skipping class com.android.framework.protobuf.nano.ExtendableMessageNano from /system/framework/telephony-common.jar previously found in /system/framework/framework.jar:classes2.dex
09-26 20:47:00.194  3335  3583 W dex2oat : Skipping class com.android.framework.protobuf.nano.InternalNano from /system/framework/telephony-common.jar previously found in /system/framework/framework.jar:classes2.dex
09-26 20:47:00.194  3335  3585 W dex2oat : Skipping class com.android.framework.protobuf.nano.Extension$PrimitiveExtension from /system/framework/telephony-common.jar previously found in /system/framework/framework.jar:classes2.dex
09-26 20:47:00.194  3335  3586 W dex2oat : Skipping class com.android.framework.protobuf.nano.FieldData from /system/framework/telephony-common.jar previously found in /system/framework/framework.jar:classes2.dex
09-26 20:47:00.194  3335  3587 W dex2oat : Skipping class com.android.framework.protobuf.nano.UnknownFieldData from /system/framework/telephony-common.jar previously found in /system/framework/framework.jar:classes2.dex
09-26 20:47:00.578  3335  3335 I dex2oat : Explicit concurrent mark sweep GC freed 38383(7MB) AllocSpace objects, 0(0B) LOS objects, 43% free, 5MB/9MB, paused 100us total 23.840ms
09-26 20:47:01.800  3350  3350 I dex2oat : dex2oat took 17.824s (threads: 8) arena alloc=20MB (21403056B) java alloc=4MB (4624096B) native alloc=78MB (82063800B) free=10MB (11259464B)
09-26 20:47:02.012  3182  3182 D ICU     : No timezone override file found: /data/misc/zoneinfo/current/icu/icu_tzdata.dat
09-26 20:47:02.049  3182  3182 I Radio-JNI: register_android_hardware_Radio DONE
09-26 20:47:02.051  3182  3182 I SamplingProfilerIntegration: Profiling disabled.
09-26 20:47:02.051  3182  3182 D Zygote  : begin preload
09-26 20:47:02.051  3182  3182 I Zygote  : Installing ICU cache reference pinning...
09-26 20:47:02.051  3182  3182 I Zygote  : Preloading ICU data...
09-26 20:47:02.065  3182  3182 I Zygote  : Preloading classes...
09-26 20:47:02.066  3182  3182 W Zygote  : Class not found for preloading: [Landroid.view.Display$ColorTransform;
09-26 20:47:02.188  3182  3182 E Typeface: Error mapping font file /system/fonts/DroidSansFallback.ttf
09-26 20:47:02.272  3182  3182 I art     : Thread[1,tid=3182,Native,Thread*=0xf4485400,peer=0x12c070d0,"main"] recursive attempt to load library "/system/lib/libmedia_jni.so"
09-26 20:47:02.272  3182  3182 D MtpDeviceJNI: register_android_mtp_MtpDevice
09-26 20:47:02.272  3182  3182 I art     : Thread[1,tid=3182,Native,Thread*=0xf4485400,peer=0x12c070d0,"main"] recursive attempt to load library "/system/lib/libmedia_jni.so"
09-26 20:47:02.272  3182  3182 I art     : Thread[1,tid=3182,Native,Thread*=0xf4485400,peer=0x12c070d0,"main"] recursive attempt to load library "/system/lib/libmedia_jni.so"
09-26 20:47:02.354  3182  3182 E FFMPEGSoftCodec: Failed to load FFMPEG plugin: (null)
09-26 20:47:02.396  3335  3335 I dex2oat : dex2oat took 18.461s (threads: 8) arena alloc=19MB (20672008B) java alloc=5MB (5367968B) native alloc=94MB (99508600B) free=14MB (14917256B)
09-26 20:47:02.425  3182  3182 W Zygote  : Class not found for preloading: android.view.Display$ColorTransform
09-26 20:47:02.425  3182  3182 W Zygote  : Class not found for preloading: android.view.Display$ColorTransform$1
09-26 20:47:02.436  3182  3182 W System  : ClassLoader referenced unknown path: /system/framework/tcmclient.jar
09-26 20:47:02.442  3181  3181 D ICU     : No timezone override file found: /data/misc/zoneinfo/current/icu/icu_tzdata.dat
09-26 20:47:02.481  3181  3181 I Radio-JNI: register_android_hardware_Radio DONE
09-26 20:47:02.482  3181  3181 I SamplingProfilerIntegration: Profiling disabled.
09-26 20:47:02.482  3181  3181 D Zygote  : begin preload
09-26 20:47:02.482  3181  3181 I Zygote  : Installing ICU cache reference pinning...
09-26 20:47:02.483  3181  3181 I Zygote  : Preloading ICU data...
09-26 20:47:02.488  3182  3182 I System  : Loaded time zone names for "" in 29ms (28ms in ICU)
09-26 20:47:02.491  3181  3181 I Zygote  : Preloading classes...
09-26 20:47:02.492  3181  3181 W Zygote  : Class not found for preloading: [Landroid.view.Display$ColorTransform;
09-26 20:47:02.499  3182  3182 I System  : Loaded time zone names for "en_US" in 11ms (9ms in ICU)
09-26 20:47:02.512  3182  3182 I Zygote  : ...preloaded 4158 classes in 448ms.
09-26 20:47:02.513  3182  3182 I art     : VMRuntime.preloadDexCaches starting
09-26 20:47:02.531  3181  3181 E Typeface: Error mapping font file /system/fonts/DroidSansFallback.ttf
09-26 20:47:02.567  3182  3182 I art     : VMRuntime.preloadDexCaches strings total=288450 before=37245 after=37245
09-26 20:47:02.567  3182  3182 I art     : VMRuntime.preloadDexCaches types total=23810 before=7912 after=7943
09-26 20:47:02.567  3182  3182 I art     : VMRuntime.preloadDexCaches fields total=113943 before=41389 after=41620
09-26 20:47:02.567  3182  3182 I art     : VMRuntime.preloadDexCaches methods total=199718 before=82844 after=83439
09-26 20:47:02.567  3182  3182 I art     : VMRuntime.preloadDexCaches finished
09-26 20:47:02.568  3182  3182 I Zygote  : Preloading resources...
09-26 20:47:02.588  3182  3182 W Resources: Preloaded drawable resource #0x108025c (android:drawable/dialog_background_material) that varies with configuration!!
09-26 20:47:02.592  3182  3182 W Resources: Preloaded color resource #0x10600ea (android:color/material_grey_800) that varies with configuration!!
09-26 20:47:02.592  3182  3182 W Resources: Preloaded drawable resource #0x10802c9 (android:drawable/floating_popup_background_dark) that varies with configuration!!
09-26 20:47:02.609  3181  3181 I art     : Thread[1,tid=3181,Native,Thread*=0x7f98695a00,peer=0x12c070d0,"main"] recursive attempt to load library "/system/lib64/libmedia_jni.so"
09-26 20:47:02.609  3181  3181 D MtpDeviceJNI: register_android_mtp_MtpDevice
09-26 20:47:02.610  3181  3181 I art     : Thread[1,tid=3181,Native,Thread*=0x7f98695a00,peer=0x12c070d0,"main"] recursive attempt to load library "/system/lib64/libmedia_jni.so"
09-26 20:47:02.610  3181  3181 I art     : Thread[1,tid=3181,Native,Thread*=0x7f98695a00,peer=0x12c070d0,"main"] recursive attempt to load library "/system/lib64/libmedia_jni.so"
09-26 20:47:02.652  3181  3181 E FFMPEGSoftCodec: Failed to load FFMPEG plugin: (null)
09-26 20:47:02.681  3182  3182 I Zygote  : ...preloaded 114 resources in 113ms.
09-26 20:47:02.684  3182  3182 W Resources: Preloaded color resource #0x1060114 (android:color/background_cache_hint_selector_material_dark) that varies with configuration!!
09-26 20:47:02.684  3181  3181 W Zygote  : Class not found for preloading: android.view.Display$ColorTransform
09-26 20:47:02.684  3181  3181 W Zygote  : Class not found for preloading: android.view.Display$ColorTransform$1
09-26 20:47:02.684  3182  3182 W Resources: Preloaded color resource #0x1060119 (android:color/btn_default_material_dark) that varies with configuration!!
09-26 20:47:02.685  3182  3182 I Zygote  : ...preloaded 41 resources in 3ms.
09-26 20:47:02.685  3182  3182 I Zygote  : ...preloaded 2 resource in 1ms.
09-26 20:47:02.693  3181  3181 W System  : ClassLoader referenced unknown path: /system/framework/tcmclient.jar
09-26 20:47:02.731  3181  3181 I System  : Loaded time zone names for "" in 18ms (17ms in ICU)
09-26 20:47:02.735  3182  3182 D libEGL  : loaded /vendor/lib/egl/libGLES_mali.so
09-26 20:47:02.741  3181  3181 I System  : Loaded time zone names for "en_US" in 10ms (9ms in ICU)
09-26 20:47:02.749  3182  3182 I Zygote  : Preloading shared libraries...
09-26 20:47:02.754  3181  3181 I Zygote  : ...preloaded 4158 classes in 262ms.
09-26 20:47:02.754  3181  3181 I art     : VMRuntime.preloadDexCaches starting
09-26 20:47:02.763  3182  3182 I Zygote  : Uninstalled ICU cache reference pinning...
09-26 20:47:02.764  3182  3182 I Zygote  : Installed AndroidKeyStoreProvider in 1ms.
09-26 20:47:02.769  3182  3182 I Zygote  : Warmed up JCA providers in 5ms.
09-26 20:47:02.769  3182  3182 D Zygote  : end preload
09-26 20:47:02.769  3182  3182 I art     : Starting a blocking GC Explicit
09-26 20:47:02.776  3182  3182 I art     : Explicit concurrent mark sweep GC freed 7472(415KB) AllocSpace objects, 0(0B) LOS objects, 39% free, 8MB/13MB, paused 91us total 7.145ms
09-26 20:47:02.777  3182  3182 I art     : Starting a blocking GC Explicit
09-26 20:47:02.783  3182  3182 I art     : Explicit concurrent mark sweep GC freed 1547(55KB) AllocSpace objects, 0(0B) LOS objects, 40% free, 7MB/13MB, paused 89us total 6.158ms
09-26 20:47:02.795  3181  3181 I art     : VMRuntime.preloadDexCaches strings total=288450 before=37245 after=37245
09-26 20:47:02.795  3181  3181 I art     : VMRuntime.preloadDexCaches types total=23810 before=7912 after=7943
09-26 20:47:02.795  3181  3181 I art     : VMRuntime.preloadDexCaches fields total=113943 before=41389 after=41620
09-26 20:47:02.795  3181  3181 I art     : VMRuntime.preloadDexCaches methods total=199718 before=82844 after=83439
09-26 20:47:02.795  3181  3181 I art     : VMRuntime.preloadDexCaches finished
09-26 20:47:02.795  3181  3181 I Zygote  : Preloading resources...
09-26 20:47:02.799  3182  3182 I Zygote  : Accepting command socket connections
09-26 20:47:02.809  3181  3181 W Resources: Preloaded drawable resource #0x108025c (android:drawable/dialog_background_material) that varies with configuration!!
09-26 20:47:02.811  3181  3181 W Resources: Preloaded color resource #0x10600ea (android:color/material_grey_800) that varies with configuration!!
09-26 20:47:02.811  3181  3181 W Resources: Preloaded drawable resource #0x10802c9 (android:drawable/floating_popup_background_dark) that varies with configuration!!
09-26 20:47:02.869  3181  3181 I Zygote  : ...preloaded 114 resources in 73ms.
09-26 20:47:02.871  3181  3181 W Resources: Preloaded color resource #0x1060114 (android:color/background_cache_hint_selector_material_dark) that varies with configuration!!
09-26 20:47:02.871  3181  3181 W Resources: Preloaded color resource #0x1060119 (android:color/btn_default_material_dark) that varies with configuration!!
09-26 20:47:02.872  3181  3181 I Zygote  : ...preloaded 41 resources in 2ms.
09-26 20:47:02.872  3181  3181 I Zygote  : ...preloaded 2 resource in 1ms.
09-26 20:47:02.881  3181  3181 D libEGL  : loaded /vendor/lib64/egl/libGLES_mali.so
09-26 20:47:02.890  3181  3181 I Zygote  : Preloading shared libraries...
09-26 20:47:02.897  3181  3181 I Zygote  : Uninstalled ICU cache reference pinning...
09-26 20:47:02.897  3181  3181 I Zygote  : Installed AndroidKeyStoreProvider in 1ms.
09-26 20:47:02.902  3181  3181 I Zygote  : Warmed up JCA providers in 5ms.
09-26 20:47:02.902  3181  3181 D Zygote  : end preload
09-26 20:47:02.902  3181  3181 I art     : Starting a blocking GC Explicit
09-26 20:47:02.909  3181  3181 I art     : Explicit concurrent mark sweep GC freed 7318(408KB) AllocSpace objects, 0(0B) LOS objects, 39% free, 8MB/13MB, paused 49us total 6.330ms
09-26 20:47:02.909  3181  3181 I art     : Starting a blocking GC Explicit
09-26 20:47:02.914  3181  3181 I art     : Explicit concurrent mark sweep GC freed 1581(56KB) AllocSpace objects, 0(0B) LOS objects, 40% free, 7MB/13MB, paused 47us total 5.285ms
09-26 20:47:02.935  3181  3661 I art     : Starting a blocking GC HeapTrim
09-26 20:47:02.936  3181  3181 I art     : Starting a blocking GC Background
09-26 20:47:02.957  3181  3181 I Zygote  : System server process 3664 has been created
09-26 20:47:02.957  3181  3181 I Zygote  : Accepting command socket connections
09-26 20:47:02.962  3664  3664 I Zygote  : Process: zygote socket opened, supported ABIS: armeabi-v7a,armeabi
09-26 20:47:02.962  3664  3664 I InstallerConnection: connecting...
09-26 20:47:02.962  3186  3186 I         : new connection
09-26 20:47:02.980  3675  3675 I dex2oat : /system/bin/dex2oat --compiler-filter=speed
09-26 20:47:03.282  3675  3675 I dex2oat : dex2oat took 302.938ms (threads: 8) arena alloc=2MB (2982440B) java alloc=769KB (788408B) native alloc=2MB (3095576B) free=5MB (5817320B)
09-26 20:47:03.304  3684  3684 I dex2oat : /system/bin/dex2oat --compiler-filter=speed
09-26 20:47:03.394  3684  3684 I dex2oat : dex2oat took 90.810ms (threads: 8) arena alloc=934KB (957016B) java alloc=120KB (123824B) native alloc=1225KB (1254608B) free=3MB (3988272B)
09-26 20:47:03.413  3693  3693 I dex2oat : /system/bin/dex2oat --compiler-filter=speed
09-26 20:47:04.471  3693  3702 W dex2oat : Compilation of void com.android.server.SystemServer.startOtherServices() took 166.634ms
09-26 20:47:05.439  3693  3700 W dex2oat : Compilation of void com.android.server.am.ActivityManagerService.dumpApplicationMemoryUsage(java.io.FileDescriptor, java.io.PrintWriter, java.lang.String, java.lang.String[], boolean, java.io.PrintWriter) took 153.349ms
09-26 20:47:05.725  3693  3693 W dex2oat : Compilation of void com.android.server.pm.DefaultPermissionGrantPolicy.grantDefaultSystemHandlerPermissions(int) took 196.249ms
09-26 20:47:06.395  3693  3702 W dex2oat : Compilation of android.content.pm.PackageParser$Package com.android.server.pm.PackageManagerService.scanPackageDirtyLI(android.content.pm.PackageParser$Package, int, int, long, android.os.UserHandle) took 130.933ms
09-26 20:47:06.627  3693  3702 W dex2oat : Compilation of void com.android.server.pm.PackageManagerService.dump(java.io.FileDescriptor, java.io.PrintWriter, java.lang.String[]) took 124.810ms
09-26 20:47:07.091  3693  3693 I dex2oat : dex2oat took 3.678s (threads: 8) arena alloc=16MB (17677488B) java alloc=3MB (3851528B) native alloc=32MB (34094800B) free=21MB (22266160B)
09-26 20:47:07.117  3703  3703 I dex2oat : /system/bin/dex2oat --compiler-filter=speed
09-26 20:47:07.403  3703  3703 I dex2oat : dex2oat took 286.537ms (threads: 8) arena alloc=842KB (862440B) java alloc=178KB (182312B) native alloc=2MB (2317160B) free=4MB (5022872B)
09-26 20:47:07.423  3712  3712 I dex2oat : /system/bin/dex2oat --compiler-filter=speed
09-26 20:47:08.214  3712  3712 I dex2oat : dex2oat took 791.457ms (threads: 8) arena alloc=15MB (16530296B) java alloc=696KB (713320B) native alloc=5MB (5733848B) free=22MB (23888424B)
09-26 20:47:08.220  3664  3664 I InstallerConnection: disconnecting...
09-26 20:47:08.220  3186  3186 E         : eof
09-26 20:47:08.220  3186  3186 E         : failed to read size
09-26 20:47:08.220  3186  3186 I         : closing connection
09-26 20:47:08.224  3664  3664 W art     : Found duplicate classes, falling back to interpreter mode for /system/framework/wifi-service.jar
09-26 20:47:08.224  3664  3664 W art     : Found duplicated class when checking oat files: 'Lcom/google/protobuf/nano/MessageNano;' in /system/framework/services.jar and /system/framework/wifi-service.jar
09-26 20:47:08.249  3664  3664 I SystemServer: Entered the Android system server!
09-26 20:47:08.270  3664  3664 I SystemServiceManager: Starting com.android.server.pm.Installer
09-26 20:47:08.270  3664  3664 I Installer: Waiting for installd to be ready.
09-26 20:47:08.270  3664  3664 I InstallerConnection: connecting...
09-26 20:47:08.270  3186  3186 I         : new connection
09-26 20:47:08.270  3664  3664 I SystemServiceManager: Starting com.android.server.am.ActivityManagerService$Lifecycle
09-26 20:47:08.276  3664  3664 I ActivityManager: Memory class: 256
09-26 20:47:08.277  3664  3725 I ServiceThread: Enabled StrictMode logging for ActivityManager looper.
09-26 20:47:08.278  3664  3726 I ServiceThread: Enabled StrictMode logging for android.ui looper.
09-26 20:47:08.282  3664  3664 D BatteryStatsImpl: Reading daily items from /data/system/batterystats-daily.xml
09-26 20:47:08.306  3664  3664 I AppOps  : No existing app ops /data/system/appops.xml; starting empty
09-26 20:47:08.341  3664  3664 I IntentFirewall: Read new rules (A:0 B:0 S:0)
09-26 20:47:08.343  3664  3732 I ServiceThread: Enabled StrictMode logging for android.display looper.
09-26 20:47:08.346  3664  3664 D AppOps  : AppOpsService published
09-26 20:47:08.346  3664  3664 I SystemServiceManager: Starting com.android.server.power.PowerManagerService
09-26 20:47:08.347  3664  3734 I ServiceThread: Enabled StrictMode logging for PowerManagerService looper.
09-26 20:47:08.350  3664  3664 I SamsungPowerHAL: Initialized settings:
09-26 20:47:08.350  3664  3664 I SamsungPowerHAL: max_freqs: cluster[0]: 1690000, cluster[1]: 2314000
09-26 20:47:08.350  3664  3664 I SamsungPowerHAL: hispeed_freqs: cluster[0]: 1690000, cluster[1]: 2496000
09-26 20:47:08.350  3664  3664 I SamsungPowerHAL: boostpulse_fd: 62
09-26 20:47:08.350  3664  3664 I SamsungPowerHAL: touchscreen_power_path: /sys/class/input/input0/enabled
09-26 20:47:08.350  3664  3664 I SamsungPowerHAL: touchkey_power_path: NULL
09-26 20:47:08.350  3664  3664 W libsuspend: Error writing 'on' to /sys/power/state: Invalid argument
09-26 20:47:08.350  3664  3664 I libsuspend: Selected wakeup count
09-26 20:47:08.352  3664  3664 I SystemServiceManager: Starting com.android.server.lights.LightsService
09-26 20:47:08.353  3664  3664 I SystemServiceManager: Starting com.android.server.display.DisplayManagerService
09-26 20:47:08.354  3664  3664 I SystemServiceManager: Starting phase 100
09-26 20:47:08.355  3664  3732 W LocalDisplayAdapter: Unable to get active color mode for display device 0
09-26 20:47:08.356  3664  3732 E LocalDisplayAdapter: Default and active color mode is no longer available! Reverting to first available mode.
09-26 20:47:08.356  3158  3201 E SurfaceFlinger: getDefaultDisplay: id=2 is not a valid default display id
09-26 20:47:08.356  3664  3732 I DisplayManagerService: Display device added: DisplayDeviceInfo{"Built-in Screen": uniqueId="local:0", 1440 x 2960, modeId 1, defaultModeId 1, supportedModes [{id=1, width=1440, height=2960, fps=60.000004}], colorMode -22, supportedColorModes [-22], HdrCapabilities android.view.Display$HdrCapabilities@a69d6308, density 560, 522.514 x 525.762 dpi, appVsyncOff 1000000, presDeadline 16666666, touch INTERNAL, rotation 0, type BUILT_IN, state UNKNOWN, FLAG_DEFAULT_DISPLAY, FLAG_ROTATES_WITH_CONTENT, FLAG_SECURE, FLAG_SUPPORTS_PROTECTED_BUFFERS}
09-26 20:47:08.356  3158  3158 D SurfaceFlinger: Set power mode=2, type=0 flinger=0x7fa7248000
09-26 20:47:08.357  3158  3158 D SurfaceFlinger: Screen type=0 is already mode=2
09-26 20:47:08.373  3664  3732 I DisplayManagerService: Display device changed state: "Built-in Screen", ON
09-26 20:47:08.373  3664  3664 I SystemServer: StartPackageManagerService
09-26 20:47:08.378  3664  3664 W FileUtils: Failed to chmod(/data/system/packages.list): android.system.ErrnoException: chmod failed: ENOENT (No such file or directory)
09-26 20:47:08.426  3664  3664 D SELinuxMMAC: Using policy file /system/etc/security/mac_permissions.xml
09-26 20:47:08.427  3664  3664 I PackageManager: No settings file; creating initial state
09-26 20:47:08.445  3739  3739 I dex2oat : /system/bin/dex2oat --compiler-filter=speed
09-26 20:47:08.744  3739  3739 I dex2oat : dex2oat took 300.032ms (threads: 8) arena alloc=2MB (2888664B) java alloc=685KB (702384B) native alloc=2MB (2576216B) free=6MB (6336680B)
09-26 20:47:08.765  3748  3748 I dex2oat : /system/bin/dex2oat --compiler-filter=speed
09-26 20:47:08.844  3748  3748 I dex2oat : dex2oat took 78.738ms (threads: 8) arena alloc=505KB (517144B) java alloc=270KB (276560B) native alloc=1282KB (1313264B) free=3MB (3405328B)
09-26 20:47:08.863  3757  3757 I dex2oat : /system/bin/dex2oat --compiler-filter=speed
09-26 20:47:08.934  3757  3757 I dex2oat : dex2oat took 71.237ms (threads: 8) arena alloc=247KB (253104B) java alloc=51KB (53128B) native alloc=1093KB (1119624B) free=1466KB (1501816B)
09-26 20:47:08.952  3766  3766 I dex2oat : /system/bin/dex2oat --compiler-filter=speed
09-26 20:47:09.057  3766  3766 I dex2oat : dex2oat took 105.015ms (threads: 8) arena alloc=3MB (3447744B) java alloc=150KB (154488B) native alloc=1252KB (1282840B) free=5MB (6057192B)
09-26 20:47:09.074  3775  3775 I dex2oat : /system/bin/dex2oat --compiler-filter=speed
09-26 20:47:09.153  3775  3775 I dex2oat : dex2oat took 78.712ms (threads: 8) arena alloc=458KB (469104B) java alloc=90KB (92976B) native alloc=987KB (1011592B) free=3MB (3707000B)
09-26 20:47:09.171  3784  3784 I dex2oat : /system/bin/dex2oat --compiler-filter=speed
09-26 20:47:09.311  3784  3784 I dex2oat : dex2oat took 140.155ms (threads: 8) arena alloc=1682KB (1722576B) java alloc=379KB (389096B) native alloc=1360KB (1392760B) free=4MB (4374408B)
09-26 20:47:09.314  3664  3664 E art     : DexFile_getDexOptNeeded file '/system/framework/org.apache.http.legacy.jar' does not exist
09-26 20:47:09.314  3664  3664 W PackageManager: Library not found: /system/framework/org.apache.http.legacy.jar
09-26 20:47:09.330  3793  3793 I dex2oat : /system/bin/dex2oat --compiler-filter=speed
09-26 20:47:09.400  3793  3793 I dex2oat : dex2oat took 69.754ms (threads: 8) arena alloc=458KB (469048B) java alloc=112KB (115496B) native alloc=1171KB (1199416B) free=2MB (2994888B)
09-26 20:47:09.418  3802  3802 I dex2oat : /system/bin/dex2oat --compiler-filter=speed
09-26 20:47:09.485  3802  3802 I dex2oat : dex2oat took 67.728ms (threads: 8) arena alloc=275KB (282104B) java alloc=88KB (90768B) native alloc=1103KB (1129808B) free=1968KB (2015920B)
09-26 20:47:09.503  3811  3811 I dex2oat : /system/bin/dex2oat --compiler-filter=speed
09-26 20:47:09.526  3811  3811 I dex2oat : dex2oat took 23.070ms (threads: 8) arena alloc=84KB (86488B) java alloc=59KB (61128B) native alloc=1045KB (1070792B) free=1514KB (1550648B)
09-26 20:47:09.544  3820  3820 I dex2oat : /system/bin/dex2oat --compiler-filter=speed
09-26 20:47:09.563  3178  3178 D wrapperGPS: wrapperisConnected_RILD
09-26 20:47:09.563  3178  3178 D wrapperGPS: wrapperConnect_RILD
09-26 20:47:09.563  3178  3178 D gpsd    : WakeLock(Release,GPSD)
09-26 20:47:09.579  3820  3820 I dex2oat : dex2oat took 35.540ms (threads: 8) arena alloc=628KB (643392B) java alloc=223KB (228856B) native alloc=1278KB (1309408B) free=3MB (3409184B)
09-26 20:47:09.597  3830  3830 I dex2oat : /system/bin/dex2oat --compiler-filter=speed
09-26 20:47:09.624  3830  3830 I dex2oat : dex2oat took 26.632ms (threads: 8) arena alloc=253KB (259560B) java alloc=37KB (38472B) native alloc=1100KB (1126896B) free=1459KB (1494544B)
09-26 20:47:09.641  3839  3839 I dex2oat : /system/bin/dex2oat --compiler-filter=speed
09-26 20:47:09.710  3839  3839 I dex2oat : dex2oat took 69.284ms (threads: 8) arena alloc=3MB (3458792B) java alloc=119KB (122152B) native alloc=1387KB (1421240B) free=6MB (6443080B)
09-26 20:47:09.729  3848  3848 I dex2oat : /system/bin/dex2oat --compiler-filter=speed
09-26 20:47:09.830  3848  3848 I dex2oat : dex2oat took 101.227ms (threads: 8) arena alloc=2MB (2161200B) java alloc=352KB (361208B) native alloc=1296KB (1327624B) free=5MB (5488120B)
09-26 20:47:09.833  3664  3664 E art     : DexFile_getDexOptNeeded file '/system/framework/org.apache.http.legacy.jar' does not exist
09-26 20:47:09.833  3664  3664 W PackageManager: Library not found: /system/framework/org.apache.http.legacy.jar
09-26 20:47:09.849  3857  3857 I dex2oat : /system/bin/dex2oat --compiler-filter=speed
09-26 20:47:09.876  3857  3857 I dex2oat : dex2oat took 27.929ms (threads: 8) arena alloc=600KB (615024B) java alloc=65KB (67472B) native alloc=1129KB (1156504B) free=3MB (4086376B)
09-26 20:47:09.894  3866  3866 I dex2oat : /system/bin/dex2oat --compiler-filter=speed
09-26 20:47:09.923  3866  3866 I dex2oat : dex2oat took 28.993ms (threads: 8) arena alloc=322KB (330160B) java alloc=79KB (81640B) native alloc=1078KB (1104288B) free=2MB (2565728B)
09-26 20:47:09.941  3875  3875 I dex2oat : /system/bin/dex2oat --compiler-filter=speed
09-26 20:47:09.965  3875  3875 I dex2oat : dex2oat took 24.689ms (threads: 8) arena alloc=102KB (105336B) java alloc=59KB (61384B) native alloc=1052KB (1077960B) free=2019KB (2067768B)
09-26 20:47:09.967  3664  3664 D PackageManager: No files in app dir /vendor/overlay
09-26 20:47:09.968  3664  3664 D PackageManager: start scanDirLI:/system/framework
09-26 20:47:09.968  3664  3664 D PackageManager: max thread:6
09-26 20:47:09.974  3664  3885 I PackageManager: /system/framework/org.cyanogenmod.platform-res.apk changed; collecting certs
09-26 20:47:09.979  3664  3885 W PackageManager: Permission cyanogenmod.permission.WRITE_ALARMS from package cyanogenmod.platform in an unknown group android.permission-group.SYSTEM_CLOCK
09-26 20:47:09.979  3664  3885 W PackageManager: Permission cyanogenmod.permission.MANAGE_ALARMS from package cyanogenmod.platform in an unknown group android.permission-group.SYSTEM_CLOCK
09-26 20:47:09.979  3664  3885 W PackageManager: Permission cyanogenmod.permission.READ_ALARMS from package cyanogenmod.platform in an unknown group android.permission-group.SYSTEM_CLOCK
09-26 20:47:09.980  3664  3884 I PackageManager: /system/framework/framework-res.apk changed; collecting certs
09-26 20:47:10.037  3664  3664 D PackageManager: end scanDirLI:/system/framework
09-26 20:47:10.038  3664  3664 D PackageManager: start scanDirLI:/system/priv-app
09-26 20:47:10.038  3664  3664 D PackageManager: max thread:6
09-26 20:47:10.050  3664  3884 I PackageManager: /system/priv-app/CMSettingsProvider changed; collecting certs
09-26 20:47:10.052  3664  3887 I PackageManager: /system/priv-app/BackupRestoreConfirmation changed; collecting certs
09-26 20:47:10.053  3664  3886 I PackageManager: /system/priv-app/AudioFX changed; collecting certs
09-26 20:47:10.053  3664  3888 I PackageManager: /system/priv-app/BlockedNumberProvider changed; collecting certs
09-26 20:47:10.054  3664  3889 I PackageManager: /system/priv-app/CMAudioService changed; collecting certs
09-26 20:47:10.056  3664  3888 I PackageManager: New shared user android.uid.shared: id=10001
09-26 20:47:10.058  3664  3884 I PackageManager: /system/priv-app/CalendarProvider changed; collecting certs
09-26 20:47:10.060  3664  3884 I PackageManager: New shared user android.uid.calendar: id=10004
09-26 20:47:10.063  3664  3888 I PackageManager: /system/priv-app/CarrierConfig changed; collecting certs
09-26 20:47:10.065  3664  3887 I PackageManager: /system/priv-app/CallLogBackup changed; collecting certs
09-26 20:47:10.068  3664  3884 I PackageManager: /system/priv-app/ContactsProvider changed; collecting certs
09-26 20:47:10.068  3664  3889 I PackageManager: /system/priv-app/CellBroadcastReceiver changed; collecting certs
09-26 20:47:10.069  3664  3885 I PackageManager: /system/priv-app/CMParts changed; collecting certs
09-26 20:47:10.072  3664  3887 I PackageManager: /system/priv-app/CtsShimPrivPrebuilt changed; collecting certs
09-26 20:47:10.075  3664  3888 I PackageManager: /system/priv-app/DefaultContainerService changed; collecting certs
09-26 20:47:10.077  3664  3886 W PackageParser: No actions in intent filter at /system/priv-app/Contacts/Contacts.apk Binary XML file line #431
09-26 20:47:10.078  3664  3886 I PackageManager: /system/priv-app/Contacts changed; collecting certs
09-26 20:47:10.093  3664  3888 I PackageManager: /system/priv-app/DownloadProvider changed; collecting certs
09-26 20:47:10.094  3664  3887 I PackageManager: /system/priv-app/DocumentsUI changed; collecting certs
09-26 20:47:10.094  3664  3889 I PackageManager: /system/priv-app/Eleven changed; collecting certs
09-26 20:47:10.096  3664  3888 I PackageManager: New shared user android.media: id=10009
09-26 20:47:10.097  3664  3888 W PackageManager: Permission android.permission.DOWNLOAD_WITHOUT_NOTIFICATION from package com.android.providers.downloads in an unknown group android.permission-group.NETWORK
09-26 20:47:10.103  3664  3888 I PackageManager: /system/priv-app/ExtServices changed; collecting certs
09-26 20:47:10.104  3664  3885 I PackageManager: /system/priv-app/EmergencyInfo changed; collecting certs
09-26 20:47:10.110  3664  3884 W PackageParser: No actions in intent filter at /system/priv-app/Dialer/Dialer.apk Binary XML file line #207
09-26 20:47:10.111  3664  3884 I PackageManager: /system/priv-app/Dialer changed; collecting certs
09-26 20:47:10.115  3664  3887 I PackageManager: /system/priv-app/FusedLocation changed; collecting certs
09-26 20:47:10.116  3664  3888 I PackageManager: /system/priv-app/ExternalStorageProvider changed; collecting certs
09-26 20:47:10.120  3664  3885 I PackageManager: New shared user com.android.emergency.uid: id=10014
09-26 20:47:10.127  3664  3887 I PackageManager: /system/priv-app/InputDevices changed; collecting certs
09-26 20:47:10.133  3664  3886 I PackageManager: /system/priv-app/Gallery2 changed; collecting certs
09-26 20:47:10.134  3664  3888 I PackageManager: /system/priv-app/LineageSetupWizard changed; collecting certs
09-26 20:47:10.134  3664  3887 I PackageManager: /system/priv-app/MmsService changed; collecting certs
09-26 20:47:10.135  3664  3885 I PackageManager: /system/priv-app/ManagedProvisioning changed; collecting certs
09-26 20:47:10.135  3664  3889 I PackageManager: /system/priv-app/MediaProvider changed; collecting certs
09-26 20:47:10.146  3664  3889 I PackageManager: /system/priv-app/OneTimeInitializer changed; collecting certs
09-26 20:47:10.149  3664  3887 I PackageManager: /system/priv-app/MtpDocumentsProvider changed; collecting certs
09-26 20:47:10.150  3664  3884 I PackageManager: /system/priv-app/ProxyHandler changed; collecting certs
09-26 20:47:10.156  3664  3887 I PackageManager: /system/priv-app/SharedStorageBackup changed; collecting certs
09-26 20:47:10.159  3664  3884 I PackageManager: /system/priv-app/SettingsProvider changed; collecting certs
09-26 20:47:10.162  3664  3888 I PackageManager: /system/priv-app/Recorder changed; collecting certs
09-26 20:47:10.164  3664  3885 I PackageManager: /system/priv-app/PackageInstaller changed; collecting certs
09-26 20:47:10.166  3664  3884 I PackageManager: /system/priv-app/StatementService changed; collecting certs
09-26 20:47:10.169  3664  3887 W PackageParser: Ignoring duplicate uses-permissions/uses-permissions-sdk-m: android.permission.INSTALL_GRANT_RUNTIME_PERMISSIONS in package: com.android.shell at: Binary XML file line #102
09-26 20:47:10.170  3664  3887 I PackageManager: /system/priv-app/Shell changed; collecting certs
09-26 20:47:10.182  3664  3884 I PackageManager: /system/priv-app/StorageManager changed; collecting certs
09-26 20:47:10.182  3664  3886 I PackageManager: /system/priv-app/Tag changed; collecting certs
09-26 20:47:10.194  3664  3886 I PackageManager: /system/priv-app/TelephonyProvider changed; collecting certs
09-26 20:47:10.197  3664  3885 I PackageManager: /system/priv-app/Telecom changed; collecting certs
09-26 20:47:10.205  3664  3888 W PackageParser: Ignoring duplicate uses-permissions/uses-permissions-sdk-m: android.permission.CONFIGURE_WIFI_DISPLAY in package: com.android.systemui at: Binary XML file line #117
09-26 20:47:10.209  3664  3884 I PackageManager: /system/priv-app/Updater changed; collecting certs
09-26 20:47:10.209  3664  3886 I PackageManager: /system/priv-app/Trebuchet changed; collecting certs
09-26 20:47:10.209  3664  3888 I PackageManager: /system/priv-app/SystemUI changed; collecting certs
09-26 20:47:10.218  3664  3886 W PackageManager: Permission com.android.launcher.permission.INSTALL_SHORTCUT from package com.cyanogenmod.trebuchet in an unknown group android.permission-group.SYSTEM_TOOLS
09-26 20:47:10.218  3664  3886 W PackageManager: Permission com.android.launcher3.permission.READ_SETTINGS from package com.cyanogenmod.trebuchet in an unknown group android.permission-group.SYSTEM_TOOLS
09-26 20:47:10.218  3664  3886 W PackageManager: Permission com.android.launcher3.permission.WRITE_SETTINGS from package com.cyanogenmod.trebuchet in an unknown group android.permission-group.SYSTEM_TOOLS
09-26 20:47:10.219  3664  3887 I PackageManager: /system/priv-app/TeleService changed; collecting certs
09-26 20:47:10.222  3664  3885 I PackageManager: /system/priv-app/VpnDialogs changed; collecting certs
09-26 20:47:10.223  3664  3884 I PackageManager: /system/priv-app/WallpaperCropper changed; collecting certs
09-26 20:47:10.224  3664  3886 I PackageManager: /system/priv-app/WeatherManagerService changed; collecting certs
09-26 20:47:10.230  3664  3885 I PackageManager: /system/priv-app/WeatherProvider changed; collecting certs
09-26 20:47:10.248  3664  3889 W PackageParser: Ignoring duplicate uses-permissions/uses-permissions-sdk-m: android.permission.USE_CREDENTIALS in package: com.android.settings at: Binary XML file line #56
09-26 20:47:10.248  3664  3889 W PackageParser: Ignoring duplicate uses-permissions/uses-permissions-sdk-m: android.permission.READ_SYNC_SETTINGS in package: com.android.settings at: Binary XML file line #61
09-26 20:47:10.248  3664  3889 W PackageParser: Ignoring duplicate uses-permissions/uses-permissions-sdk-m: android.permission.WRITE_SYNC_SETTINGS in package: com.android.settings at: Binary XML file line #62
09-26 20:47:10.249  3664  3888 I PackageManager: New shared user android.uid.systemui: id=10033
09-26 20:47:10.260  3664  3889 I PackageManager: /system/priv-app/Settings changed; collecting certs
09-26 20:47:10.333  3664  3664 D PackageManager: end scanDirLI:/system/priv-app
09-26 20:47:10.333  3664  3664 D PackageManager: start scanDirLI:/system/app
09-26 20:47:10.333  3664  3664 D PackageManager: max thread:6
09-26 20:47:10.337  3664  3888 I PackageManager: /system/app/BookmarkProvider changed; collecting certs
09-26 20:47:10.339  3664  3886 I PackageManager: /system/app/BasicDreams changed; collecting certs
09-26 20:47:10.339  3664  3887 I PackageManager: /system/app/BluetoothMidiService changed; collecting certs
09-26 20:47:10.345  3664  3885 W PackageParser: No actions in intent filter at /system/app/Bluetooth/Bluetooth.apk Binary XML file line #226
09-26 20:47:10.346  3664  3884 I PackageManager: /system/app/AdvancedDisplay changed; collecting certs
09-26 20:47:10.346  3664  3886 I PackageManager: /system/app/CaptivePortalLogin changed; collecting certs
09-26 20:47:10.346  3664  3885 I PackageManager: /system/app/Bluetooth changed; collecting certs
09-26 20:47:10.351  3664  3889 I PackageManager: /system/app/Calendar changed; collecting certs
09-26 20:47:10.352  3664  3887 I PackageManager: /system/app/CertInstaller changed; collecting certs
09-26 20:47:10.357  3664  3888 I PackageManager: /system/app/Camera2 changed; collecting certs
09-26 20:47:10.358  3664  3886 I PackageManager: /system/app/CtsShimPrebuilt changed; collecting certs
09-26 20:47:10.360  3664  3886 W PackageManager: Non-privileged app; cap priority to 0; package: com.android.cts.ctsshim activity: com.android.cts.ctsshim.InstallPriority origPrio: 100
09-26 20:47:10.361  3664  3886 W PackageManager: Non-privileged app; cap priority to 0; package: com.android.cts.ctsshim activity: com.android.cts.ctsshim.InstallPriority origPrio: 100
09-26 20:47:10.361  3664  3886 W PackageManager: Non-privileged app; cap priority to 0; package: com.android.cts.ctsshim activity: com.android.cts.ctsshim.InstallPriority origPrio: 100
09-26 20:47:10.361  3664  3886 W PackageManager: Non-privileged app; cap priority to 0; package: com.android.cts.ctsshim activity: com.android.cts.ctsshim.InstallPriority origPrio: 100
09-26 20:47:10.361  3664  3886 W PackageManager: Non-privileged app; cap priority to 0; package: com.android.cts.ctsshim activity: com.android.cts.ctsshim.InstallPriority origPrio: 100
09-26 20:47:10.366  3664  3889 W PackageManager: Non-privileged app; cap priority to 0; package: com.android.calendar activity: com.android.calendar.GoogleCalendarUriIntentFilter origPrio: 50
09-26 20:47:10.369  3664  3886 I PackageManager: /system/app/Development changed; collecting certs
09-26 20:47:10.371  3664  3887 W PackageParser: Ignoring duplicate uses-permissions/uses-permissions-sdk-m: android.permission.WRITE_SETTINGS in package: com.android.deskclock at: Binary XML file line #45
09-26 20:47:10.371  3664  3889 I PackageManager: /system/app/EasterEgg changed; collecting certs
09-26 20:47:10.374  3664  3887 I PackageManager: /system/app/DeskClock changed; collecting certs
09-26 20:47:10.374  3664  3884 I PackageManager: /system/app/DownloadProviderUi changed; collecting certs
09-26 20:47:10.379  3664  3886 I PackageManager: /system/app/ExactCalculator changed; collecting certs
09-26 20:47:10.380  3664  3884 I PackageManager: /system/app/ExtShared changed; collecting certs
09-26 20:47:10.384  3664  3889 I PackageManager: /system/app/Exchange2 changed; collecting certs
09-26 20:47:10.385  3664  3888 I PackageManager: /system/app/HTMLViewer changed; collecting certs
09-26 20:47:10.391  3664  3886 I PackageManager: /system/app/KeyChain changed; collecting certs
09-26 20:47:10.393  3664  3885 I PackageManager: /system/app/Email changed; collecting certs
09-26 20:47:10.396  3664  3884 I PackageManager: /system/app/Jelly changed; collecting certs
