--------- beginning of main
09-09 12:30:06.938  3076  3076 W auditd  : type=2000 audit(0.0:1): initialized
09-09 12:30:07.358  3076  3076 W auditd  : type=1325 audit(0.0:2): table=filter family=2 entries=0
09-09 12:30:07.358  3076  3076 W auditd  : type=1325 audit(0.0:3): table=mangle family=2 entries=0
09-09 12:30:07.358  3076  3076 W auditd  : type=1325 audit(0.0:4): table=nat family=2 entries=0
09-09 12:30:07.358  3076  3076 W auditd  : type=1325 audit(0.0:5): table=raw family=2 entries=0
09-09 12:30:07.358  3076  3076 W auditd  : type=1325 audit(0.0:6): table=security family=2 entries=0
09-09 12:30:07.358  3076  3076 W auditd  : type=1325 audit(0.0:7): table=filter family=3 entries=0
09-09 12:30:07.358  3076  3076 W auditd  : type=1325 audit(0.0:8): table=filter family=10 entries=0
09-09 12:30:07.358  3076  3076 W auditd  : type=1325 audit(0.0:9): table=mangle family=10 entries=0
09-09 12:30:07.358  3076  3076 W auditd  : type=1325 audit(0.0:10): table=raw family=10 entries=0
09-09 12:30:07.358  3076  3076 W auditd  : type=1325 audit(0.0:11): table=nat family=10 entries=0
09-09 12:30:07.551  3076  3076 I auditd  : type=1403 audit(0.0:12): policy loaded auid=4294967295 ses=4294967295
09-09 12:30:08.391     0  3064 I         : debuggerd: starting
09-09 12:30:08.403  3076  3076 W auditd  : type=1305 audit(0.0:13): audit_pid=3063 old=0 auid=4294967295 ses=4294967295 subj=u:r:logd:s0 res=1
09-09 12:30:08.403  3076  3076 W auditd  : type=1305 audit(0.0:14): audit_rate_limit=20 old=0 auid=4294967295 ses=4294967295 subj=u:r:logd:s0 res=1
--------- beginning of system
09-09 12:30:08.433  3066  3066 I vold    : Vold 3.0 (the awakening) firing up
09-09 12:30:08.433  3066  3066 V vold    : Detected support for: exfat ext4 f2fs ntfs vfat
09-09 12:30:08.435  3066  3066 W Vold    : Tearing down stale mount /mnt/secure/asec
09-09 12:30:08.448  3066  3066 W Vold    : Tearing down stale mount /mnt/secure
09-09 12:30:08.472  3066  3133 D vold    : e4crypt_init_user0
09-09 12:30:08.472  3066  3133 D vold    : e4crypt_prepare_user_storage for volume null, user 0, serial 0, flags 1
09-09 12:30:08.472  3066  3133 D vold    : Preparing: /data/system/users/0
09-09 12:30:08.472  3066  3133 D vold    : Preparing: /data/misc/profiles/cur/0
09-09 12:30:08.472  3066  3133 D vold    : Preparing: /data/misc/profiles/cur/0/foreign-dex
09-09 12:30:08.473  3066  3133 D vold    : Preparing: /data/system_de/0
09-09 12:30:08.473  3066  3133 D vold    : Preparing: /data/misc_de/0
09-09 12:30:08.473  3066  3133 D vold    : Preparing: /data/user_de/0
09-09 12:30:08.473  3066  3133 D vold    : e4crypt_unlock_user_key 0 serial=0 token_present=0
09-09 12:30:08.473  3066  3133 E vold    : Failed to chmod /data/system_ce/0: No such file or directory
09-09 12:30:08.473  3066  3133 E vold    : Failed to chmod /data/misc_ce/0: No such file or directory
09-09 12:30:08.473     1     1 I vdc     : 200 3067 Command succeeded
09-09 12:30:08.480  3134  3134 I /system/bin/tzdatacheck: tzdata file /data/misc/zoneinfo/current/tzdata does not exist. No action required.
09-09 12:30:08.492  3135  3135 D macloader: Deleting file /data/.cid.info
09-09 12:30:08.495     1     1 I init    : type=1400 audit(0.0:15): avc: denied { write } for name="serialnumber" dev="configfs" ino=20204 scontext=u:r:init:s0 tcontext=u:object_r:configfs:s0 tclass=file permissive=1
09-09 12:30:08.495     1     1 I init    : type=1400 audit(0.0:16): avc: denied { create } for name="mtp.0" scontext=u:r:init:s0 tcontext=u:object_r:configfs:s0 tclass=lnk_file permissive=1
09-09 12:30:08.495     1     1 I init    : type=1400 audit(0.0:17): avc: denied { write } for name="battery" dev="sysfs" ino=35512 scontext=u:r:init:s0 tcontext=u:object_r:sysfs:s0 tclass=dir permissive=1
09-09 12:30:08.496  3136  3136 I TeeMcDaemon: Registry search paths: [hardware/samsung_slsi/exynos8895/mobicore_kinibi400/Daemon/src/MobiCoreDriverDaemon.cpp:212]
09-09 12:30:08.496  3136  3136 I TeeMcDaemon:   /data/misc/mcRegistry [hardware/samsung_slsi/exynos8895/mobicore_kinibi400/Daemon/src/MobiCoreDriverDaemon.cpp:214]
09-09 12:30:08.496  3136  3136 I TeeMcDaemon:   /efs/prov [hardware/samsung_slsi/exynos8895/mobicore_kinibi400/Daemon/src/MobiCoreDriverDaemon.cpp:214]
09-09 12:30:08.496  3136  3136 I TeeMcDaemon:   /vendor/app/mcRegistry [hardware/samsung_slsi/exynos8895/mobicore_kinibi400/Daemon/src/MobiCoreDriverDaemon.cpp:214]
09-09 12:30:08.496  3136  3136 I TeeMcDaemon:   /system/app/mcRegistry [hardware/samsung_slsi/exynos8895/mobicore_kinibi400/Daemon/src/MobiCoreDriverDaemon.cpp:214]
09-09 12:30:08.496  3136  3136 I TeeMcDaemon: partition paths rp:  /efs/TEE [hardware/samsung_slsi/exynos8895/mobicore_kinibi400/Daemon/src/MobiCoreDriverDaemon.cpp:223]
09-09 12:30:08.496  3136  3136 I TeeMcDaemon: Initialise Secure World [hardware/samsung_slsi/exynos8895/mobicore_kinibi400/Daemon/src/MobiCoreDriverDaemon.cpp:253]
09-09 12:30:08.498  3136  3136 I TeeMcDaemon: driver version: v6.3 [hardware/samsung_slsi/exynos8895/mobicore_kinibi400/Daemon/src/SecureWorld.cpp:295]
09-09 12:30:08.498  3136  3136 I TeeMcDaemon: TEE is ready [hardware/samsung_slsi/exynos8895/mobicore_kinibi400/Daemon/src/SecureWorld.cpp:332]
09-09 12:30:08.499  3136  3136 I TeeMcDaemon: t-base-EXYNOS64-Android-400A-V011-20170203_131128_25330_57476 [hardware/samsung_slsi/exynos8895/mobicore_kinibi400/Daemon/src/MobiCoreDriverDaemon.cpp:280]
09-09 12:30:08.500  3136  3136 I TeeMcDaemon: Specific partition path used for Store_1.tf, stored in /efs/TEE [hardware/samsung_slsi/exynos8895/mobicore_kinibi400/Daemon/src/FSD2.cpp:340]
09-09 12:30:08.500  3136  3136 I TeeMcDaemon: Start services [hardware/samsung_slsi/exynos8895/mobicore_kinibi400/Daemon/src/MobiCoreDriverDaemon.cpp:304]
09-09 12:30:08.500  3136  3136 I TeeMcDaemon: * start secure world interface [hardware/samsung_slsi/exynos8895/mobicore_kinibi400/Daemon/src/MobiCoreDriverDaemon.cpp:308]
09-09 12:30:08.500  3136  3136 I TeeMcDaemon: * start filesystem [hardware/samsung_slsi/exynos8895/mobicore_kinibi400/Daemon/src/MobiCoreDriverDaemon.cpp:308]
09-09 12:30:08.500  3136  3136 I TeeMcDaemon: driver version: v6.3 [hardware/samsung_slsi/exynos8895/mobicore_kinibi400/ClientLib/src/driver.cpp:71]
09-09 12:30:08.500  3136  3136 I TeeMcDaemon: driver open [hardware/samsung_slsi/exynos8895/mobicore_kinibi400/ClientLib/src/driver.cpp:84]
09-09 12:30:08.500  3136  3136 I TeeMcDaemon: Kinibi access granted by the driver [hardware/samsung_slsi/exynos8895/mobicore_kinibi400/ClientLib/src/common.cpp:217]
09-09 12:30:08.500  3136  3147 I TeeMcDaemon: Start listening to secure world [hardware/samsung_slsi/exynos8895/mobicore_kinibi400/Daemon/src/SecureWorld.cpp:466]
09-09 12:30:08.503  3136  3147 W TeeMcDaemon: Cannot open trustlet /data/misc/mcRegistry/07050501000000000000000000000020.tlbin (No such file or directory) [hardware/samsung_slsi/exynos8895/mobicore_kinibi400/Daemon/src/SecureWorld.cpp:195]
09-09 12:30:08.504  3136  3136 I TeeMcDaemon: * start registry update [hardware/samsung_slsi/exynos8895/mobicore_kinibi400/Daemon/src/MobiCoreDriverDaemon.cpp:308]
09-09 12:30:08.504  3136  3136 I TeeMcDaemon: * start registry server [hardware/samsung_slsi/exynos8895/mobicore_kinibi400/Daemon/src/MobiCoreDriverDaemon.cpp:308]
09-09 12:30:08.504  3136  3152 I TeeRegistryUpdate: Starting registry update open thread [hardware/samsung_slsi/exynos8895/mobicore_kinibi400/Daemon/src/RegistryUpdate.cpp:85]
09-09 12:30:08.505  3136  3136 I TeeMcDaemon: * start debug session [hardware/samsung_slsi/exynos8895/mobicore_kinibi400/Daemon/src/MobiCoreDriverDaemon.cpp:308]
09-09 12:30:08.505  3136  3151 I TeeMcDaemon: void FileSystem::Impl::run(): Start listening for request from STH2 [hardware/samsung_slsi/exynos8895/mobicore_kinibi400/Daemon/src/FSD2.cpp:443]
09-09 12:30:08.505  3136  3153 I TeeMcDaemon: void RegistryServer::Impl::run(): Starting server [hardware/samsung_slsi/exynos8895/mobicore_kinibi400/Daemon/src/RegistryServer.cpp:230]
09-09 12:30:08.505  3136  3147 W TeeMcDaemon: Cannot open trustlet /data/misc/mcRegistry/08050500000000000000000000000000.tlbin (No such file or directory) [hardware/samsung_slsi/exynos8895/mobicore_kinibi400/Daemon/src/SecureWorld.cpp:195]
09-09 12:30:08.506  3136  3136 I TeeMcDaemon: session opened [hardware/samsung_slsi/exynos8895/mobicore_kinibi400/Daemon/src/DebugSession.cpp:113]
09-09 12:30:08.506  3136  3136 I TeeMcDaemon: Load secure drivers [hardware/samsung_slsi/exynos8895/mobicore_kinibi400/Daemon/src/MobiCoreDriverDaemon.cpp:318]
09-09 12:30:08.506  3136  3136 I TeeMcDaemon: * loading /system/app/FFFFFFFF000000000000000000000001.drbin [hardware/samsung_slsi/exynos8895/mobicore_kinibi400/Daemon/src/MobiCoreDriverDaemon.cpp:323]
09-09 12:30:08.508  3148  3148 I sysinit : Running /system/etc/init.d/00banner 
09-09 12:30:08.514  3136  3136 I TeeMcDaemon: * loading /system/app/mcRegistry/ffffffffd0000000000000000000000a.tlbin [hardware/samsung_slsi/exynos8895/mobicore_kinibi400/Daemon/src/MobiCoreDriverDaemon.cpp:323]
09-09 12:30:08.515  3162  3162 I init    : type=1400 audit(0.0:18): avc: denied { entrypoint } for path="/system/bin/cbd" dev="sda17" ino=192 scontext=u:r:cbd:s0 tcontext=u:object_r:cpboot-daemon_exec:s0 tclass=file permissive=1
09-09 12:30:08.515  3162  3162 W cbd     : type=1300 audit(0.0:18): arch=c00000b7 syscall=221 success=yes exit=0 a0=7f861181c1 a1=7f86024680 a2=544098 a3=4 items=0 ppid=1 auid=4294967295 uid=0 gid=1001 euid=0 suid=0 fsuid=0 egid=1001 sgid=1001 fsgid=1001 tty=(none) ses=4294967295 exe="/system/bin/cbd" subj=u:r:cbd:s0 key=(null)
09-09 12:30:08.515  3076  3076 W auditd  : type=1327 audit(0.0:18): proctitle=2F73797374656D2F62696E2F636264002D64002D747373333130002D626D002D6D6D002D5000706C6174666F726D2F31313132303030302E7566732F62792D6E616D652F524144494F002D6300706C6174666F726D2F31313132303030302E7566732F62792D6E616D652F43505F4445425547
09-09 12:30:08.515  3076  3076 W auditd  : type=1320 audit(0.0:18): 
09-09 12:30:08.520  3160  3160 I cm      : _ _                                        
09-09 12:30:08.523  3162  3162 I cbd     : type=1400 audit(0.0:19): avc: denied { read } for path="/system/bin/cbd" dev="sda17" ino=192 scontext=u:r:cbd:s0 tcontext=u:object_r:cpboot-daemon_exec:s0 tclass=file permissive=1
09-09 12:30:08.523  3162  3162 W cbd     : type=1300 audit(0.0:19): arch=c00000b7 syscall=226 success=yes exit=0 a0=493000 a1=3000 a2=1 a3=1 items=0 ppid=1 auid=4294967295 uid=0 gid=1001 euid=0 suid=0 fsuid=0 egid=1001 sgid=1001 fsgid=1001 tty=(none) ses=4294967295 exe="/system/bin/cbd" subj=u:r:cbd:s0 key=(null)
09-09 12:30:08.523  3076  3076 W auditd  : type=1327 audit(0.0:19): proctitle=2F73797374656D2F62696E2F636264002D64002D747373333130002D626D002D6D6D002D5000706C6174666F726D2F31313132303030302E7566732F62792D6E616D652F524144494F002D6300706C6174666F726D2F31313132303030302E7566732F62792D6E616D652F43505F4445425547
09-09 12:30:08.523  3076  3076 W auditd  : type=1320 audit(0.0:19): 
09-09 12:30:08.525  3141  3141 I lowmemorykiller: Using in-kernel low memory killer interface
09-09 12:30:08.527  3161  3161 I cm      : | (_)_ __   ___  __ _  __ _  ___  ___  ___  
09-09 12:30:08.535  3165  3165 D wifiloader: Trigger initcall of deferred modules
09-09 12:30:08.540  3143  3143 I SurfaceFlinger: SurfaceFlinger is starting
09-09 12:30:08.543  3143  3143 I SurfaceFlinger: SurfaceFlinger's main thread ready to run. Initializing graphics H/W...
09-09 12:30:08.544  3136  3136 I TeeMcDaemon: * loading /system/app/mcRegistry/ffffffffd00000000000000000000016.tlbin [hardware/samsung_slsi/exynos8895/mobicore_kinibi400/Daemon/src/MobiCoreDriverDaemon.cpp:323]
09-09 12:30:08.546  3172  3172 I         : installd firing up
09-09 12:30:08.550  3182  3182 I cm      : | | | '_ \ / _ \/ _` |/ _` |/ _ \/ _ \/ __| 
09-09 12:30:08.556  3179  3179 I fingerprintd: Starting fingerprintd
09-09 12:30:08.559  3188  3188 I cm      : | | | | | |  __/ (_| | (_| |  __/ (_) \__ \ 
09-09 12:30:08.564  3166  3166 V lhd     : GlLhdInterface::Init(/system/etc/lhd.conf)
09-09 12:30:08.568  3189  3189 I cm      : |_|_|_| |_|\___|\__,_|\__, |\___|\___/|___/ 
09-09 12:30:08.568  3166  3166 E lhd     : SetCfgValue: Critical Error. Unknown configuration parameter "FlpName"="tcp"
09-09 12:30:08.568  3166  3166 V lhd     : SetCfgValue: LHD config "LheSerialControl"="BBD:Serial=TTY"
09-09 12:30:08.568  3166  3166 E lhd     : SetCfgValue: Critical Error. Unknown configuration parameter "LheClockMHz"="100"
09-09 12:30:08.568  3166  3166 V lhd     : SetCfgValue: LHD config "LhePatch"="/dev/bbd_patch"
09-09 12:30:08.568  3166  3166 V lhd     : SetCfgValue: LHD config "LheMaxMcuResetTries"="4"
09-09 12:30:08.568  3166  3166 V lhd     : SetCfgValue: LHD config "LheBbdPacket"="/dev/ttyBCM"
09-09 12:30:08.568  3166  3166 V lhd     : SetCfgValue: LHD config "LheBbdControl"="/dev/bbd_control"
09-09 12:30:08.568  3166  3166 V lhd     : SetCfgValue: LHD config "LheBbdSensor"="/dev/bbd_sensor"
09-09 12:30:08.568  3166  3166 V lhd     : SetCfgValue: LHD config "Lhe477xDebugFlags"="RPC:FACILITY=33:STDOUT_PUTS:STDOUT_LOG"
09-09 12:30:08.568  3166  3166 E lhd     : SetCfgValue: Critical Error. Unknown configuration parameter "LheSensorIpc"="true"
09-09 12:30:08.568  3166  3166 E lhd     : SetCfgValue: Critical Error. Unknown configuration parameter "LhePinMux"="P17=M1"
09-09 12:30:08.568  3166  3166 V lhd     : SetCfgValue: LHD config "LheAutoBaudDelayMS"="10"
09-09 12:30:08.568  3166  3166 V lhd     : SetCfgValue: LHD config "LheMaxMcuResetTries"="3"
09-09 12:30:08.568  3166  3166 E lhd     : OpenFirmwareFile: Fail to open /efs/sec_efs/sensorhub_urgent_fw.patch, errno 2
09-09 12:30:08.568  3166  3166 E lhd     : getCustPatchVersion: Fail to parse patch /efs/sec_efs/sensorhub_urgent_fw.patch
09-09 12:30:08.568  3166  3166 E lhd     : getCustPatchVersion: <CustomerVersion> not found
09-09 12:30:08.571  3173  3173 I keystore: Found keymaster0 module Keymaster OpenSSL HAL, version 2
09-09 12:30:08.571  3173  3173 I SoftKeymaster: system/keymaster/soft_keymaster_device.cpp, Line 131: Creating device
09-09 12:30:08.571  3173  3173 D SoftKeymaster: system/keymaster/soft_keymaster_device.cpp, Line 132: Device address: 0x7f9323e000
09-09 12:30:08.571  3173  3173 I keystore: Keymaster0 module is software-only.  Using SoftKeymasterDevice instead.
09-09 12:30:08.572  3173  3173 I SoftKeymaster: system/keymaster/soft_keymaster_device.cpp, Line 131: Creating device
09-09 12:30:08.572  3173  3173 D SoftKeymaster: system/keymaster/soft_keymaster_device.cpp, Line 132: Device address: 0x7f9323e400
09-09 12:30:08.573  3181  3181 I perfprofd: starting Android Wide Profiling daemon
09-09 12:30:08.573  3181  3181 E perfprofd: unable to open configuration file /data/data/com.google.android.gms/files/perfprofd.conf
09-09 12:30:08.574  3181  3181 I perfprofd: random seed set to 2095017987
09-09 12:30:08.574  3190  3190 I cm      :                       |___/ 
09-09 12:30:08.586  3178  3178 I Netd    : Netd 1.0 starting
09-09 12:30:08.586  3178  3178 D TetherController: Setting IP forward enable = 0
09-09 12:30:08.591  3180  3180 I gatekeeperd: Starting gatekeeperd...
09-09 12:30:08.592  3180  3180 W gatekeeperd: falling back to software GateKeeper
09-09 12:30:08.593  3180  3180 I gatekeeperd: cold boot: clearing state
09-09 12:30:08.606  3178  3178 I QtiConnectivityAdapter: Failed to open libconnctrl, some features may not be present.
09-09 12:30:08.606  3178  3178 E         : Failed to open libdatactrl, some features may not be present.
09-09 12:30:08.606  3178  3178 E         : Failed to open libcsm_data, some features may not be present.
09-09 12:30:08.628  3136  3151 I TeeMcDaemon: TEEC_Result Partition::open(): Open storage file "/efs/TEE/Store_1.tf" [hardware/samsung_slsi/exynos8895/mobicore_kinibi400/Daemon/src/FSD2.cpp:157]
09-09 12:30:08.629  3136  3151 I TeeMcDaemon: TEEC_Result Partition::open(): storage file "/efs/TEE/Store_1.tf" successfully open (size: 23 KB / 23552 B)) [hardware/samsung_slsi/exynos8895/mobicore_kinibi400/Daemon/src/FSD2.cpp:166]
09-09 12:30:08.631  3143  3143 D libEGL  : loaded /vendor/lib64/egl/libGLES_mali.so
09-09 12:30:08.640  3163  3163 I cameraserver: ServiceManager: 0xf6899440
09-09 12:30:08.640  3163  3163 I CameraService: CameraService started (pid=3163)
09-09 12:30:08.640  3163  3163 I CameraService: CameraService process starting
09-09 12:30:08.640  3163  3163 W BatteryNotifier: batterystats service unavailable!
09-09 12:30:08.640  3163  3163 W BatteryNotifier: batterystats service unavailable!
09-09 12:30:08.640  3163  3163 E CameraService: Could not load camera HAL module: -2 (No such file or directory)
09-09 12:30:08.646  3193  3193 I cm      : Welcome to Android 7.1.2 / LineageOS-14.1-20170909-UNOFFICIAL-dream2lte 
09-09 12:30:08.647  3136  3136 I mcDriverDaemon: type=1400 audit(0.0:20): avc: denied { read } for name="t-base-tui" dev="tmpfs" ino=10227 scontext=u:r:tee:s0 tcontext=u:object_r:device:s0 tclass=chr_file permissive=1
09-09 12:30:08.647  3136  3136 I mcDriverDaemon: type=1400 audit(0.0:20): avc: denied { open } for path="/dev/t-base-tui" dev="tmpfs" ino=10227 scontext=u:r:tee:s0 tcontext=u:object_r:device:s0 tclass=chr_file permissive=1
09-09 12:30:08.647  3136  3136 W mcDriverDaemon: type=1300 audit(0.0:20): arch=c00000b7 syscall=56 success=yes exit=9 a0=ffffff9c a1=4a89cb a2=0 a3=0 items=0 ppid=1 auid=4294967295 uid=1000 gid=1000 euid=1000 suid=1000 fsuid=1000 egid=1000 sgid=1000 fsgid=1000 tty=(none) ses=4294967295 exe="/system/bin/mcDriverDaemon" subj=u:r:tee:s0 key=(null)
09-09 12:30:08.647  3076  3076 W auditd  : type=1327 audit(0.0:20): proctitle=2F73797374656D2F62696E2F6D634472697665724461656D6F6E002D72002F73797374656D2F6170702F46464646464646463030303030303030303030303030303030303030303030312E647262696E002D72002F73797374656D2F6170702F6D6352656769737472792F666666666666666664303030303030303030303030
09-09 12:30:08.647  3076  3076 W auditd  : type=1320 audit(0.0:20): 
09-09 12:30:08.647  3136  3136 I mcDriverDaemon: type=1400 audit(0.0:21): avc: denied { ioctl } for path="/dev/t-base-tui" dev="tmpfs" ino=10227 ioctlcmd=7404 scontext=u:r:tee:s0 tcontext=u:object_r:device:s0 tclass=chr_file permissive=1
09-09 12:30:08.647  3136  3136 W mcDriverDaemon: type=1300 audit(0.0:21): arch=c00000b7 syscall=29 success=yes exit=0 a0=9 a1=7404 a2=0 a3=0 items=0 ppid=1 auid=4294967295 uid=1000 gid=1000 euid=1000 suid=1000 fsuid=1000 egid=1000 sgid=1000 fsgid=1000 tty=(none) ses=4294967295 exe="/system/bin/mcDriverDaemon" subj=u:r:tee:s0 key=(null)
09-09 12:30:08.647  3076  3076 W auditd  : type=1327 audit(0.0:21): proctitle=2F73797374656D2F62696E2F6D634472697665724461656D6F6E002D72002F73797374656D2F6170702F46464646464646463030303030303030303030303030303030303030303030312E647262696E002D72002F73797374656D2F6170702F6D6352656769737472792F666666666666666664303030303030303030303030
09-09 12:30:08.647  3076  3076 W auditd  : type=1320 audit(0.0:21): 
09-09 12:30:08.653  3136  3136 I TeeMcDaemon: Daemon running [hardware/samsung_slsi/exynos8895/mobicore_kinibi400/Daemon/src/MobiCoreDriverDaemon.cpp:342]
09-09 12:30:08.669  3198  3198 I sysinit : Running /system/etc/init.d/90userinit 
09-09 12:30:08.672  3143  3143 I gralloc : using (id=)
09-09 12:30:08.672  3143  3143 I gralloc : xres         = 1440 px
09-09 12:30:08.672  3143  3143 I gralloc : yres         = 2960 px
09-09 12:30:08.672  3143  3143 I gralloc : width        = 70 mm (522.514282 dpi)
09-09 12:30:08.672  3143  3143 I gralloc : height       = 143 mm (525.762268 dpi)
09-09 12:30:08.672  3143  3143 I gralloc : refresh rate = 60.00 Hz
09-09 12:30:08.695  3220  3220 I init    : type=1400 audit(0.0:22): avc: denied { create } for name="rild-debug2" scontext=u:r:init:s0 tcontext=u:object_r:socket_device:s0 tclass=sock_file permissive=1
09-09 12:30:08.695  3220  3220 W init    : type=1300 audit(0.0:22): arch=c00000b7 syscall=200 success=yes exit=0 a0=d a1=7fe3289d78 a2=6e a3=13 items=0 ppid=1 auid=4294967295 uid=0 gid=0 euid=0 suid=0 fsuid=0 egid=0 sgid=0 fsgid=0 tty=(none) ses=4294967295 exe="/init" subj=u:r:init:s0 key=(null)
09-09 12:30:08.695  3076  3076 W auditd  : type=1327 audit(0.0:22): proctitle=2F696E6974002D2D7365636F6E642D7374616765
09-09 12:30:08.695  3076  3076 W auditd  : type=1320 audit(0.0:22): 
09-09 12:30:08.695  3220  3220 I init    : type=1400 audit(0.0:23): avc: denied { setattr } for name="rild-debug2" dev="tmpfs" ino=1190 scontext=u:r:init:s0 tcontext=u:object_r:socket_device:s0 tclass=sock_file permissive=1
09-09 12:30:08.695  3220  3220 W init    : type=1300 audit(0.0:23): arch=c00000b7 syscall=54 success=yes exit=0 a0=ffffff9c a1=7fe3289d7a a2=3e9 a3=3e8 items=0 ppid=1 auid=4294967295 uid=0 gid=0 euid=0 suid=0 fsuid=0 egid=0 sgid=0 fsgid=0 tty=(none) ses=4294967295 exe="/init" subj=u:r:init:s0 key=(null)
09-09 12:30:08.695  3076  3076 W auditd  : type=1327 audit(0.0:23): proctitle=2F696E6974002D2D7365636F6E642D7374616765
09-09 12:30:08.695  3076  3076 W auditd  : type=1320 audit(0.0:23): 
09-09 12:30:08.700  3174  3174 I mediacodec: @@@ mediacodecservice starting
09-09 12:30:08.700  3174  3174 W /system/bin/mediacodec: libminijail: allowing syscall: clock_gettime
09-09 12:30:08.700  3174  3174 W /system/bin/mediacodec: libminijail: allowing syscall: connect
09-09 12:30:08.700  3174  3174 W /system/bin/mediacodec: libminijail: allowing syscall: fcntl64
09-09 12:30:08.700  3174  3174 W /system/bin/mediacodec: libminijail: allowing syscall: socket
09-09 12:30:08.700  3174  3174 W /system/bin/mediacodec: libminijail: allowing syscall: writev
09-09 12:30:08.702  3170  3170 I         : sMaxFastTracks = 8
09-09 12:30:08.702  3170  3170 I audioserver: ServiceManager: 0xf6a19440
09-09 12:30:08.703  3170  3170 W BatteryNotifier: batterystats service unavailable!
09-09 12:30:08.703  3170  3170 I AudioFlinger: Using default 3000 mSec as standby time.
09-09 12:30:08.703  3174  3174 W /system/bin/mediacodec: libminijail: logging seccomp filter failures
09-09 12:30:08.705  3143  3143 W hwcomposer: invalid refresh rate, assuming 60 Hz
09-09 12:30:08.705  3143  3143 D hwcomposer: using
09-09 12:30:08.705  3143  3143 D hwcomposer: xres         = 1440 px
09-09 12:30:08.705  3143  3143 D hwcomposer: yres         = 2960 px
09-09 12:30:08.705  3143  3143 D hwcomposer: width        = 70 mm (522.514000 dpi)
09-09 12:30:08.705  3143  3143 D hwcomposer: height       = 143 mm (525.762000 dpi)
09-09 12:30:08.705  3143  3143 D hwcomposer: refresh rate = 60 Hz
09-09 12:30:08.705  3143  3143 I hwcomposer: PSR info devname = /sys/devices/platform/12860000.decon_f/psr_info
09-09 12:30:08.705  3143  3143 I hwcomposer: PSR mode is 2(0: video mode, 1: DP PSR mode, 2: MIPI-DSI command mode)
09-09 12:30:08.705  3143  3143 I SurfaceFlinger: Using composer version 1.4
09-09 12:30:08.705  3143  3143 E display : unknown display attribute 6
09-09 12:30:08.705  3143  3143 I SurfaceFlinger: EGL information:
09-09 12:30:08.705  3143  3143 I SurfaceFlinger: vendor    : Android
09-09 12:30:08.705  3143  3143 I SurfaceFlinger: version   : 1.4 Android META-EGL
09-09 12:30:08.705  3143  3143 I SurfaceFlinger: extensions: EGL_KHR_get_all_proc_addresses EGL_ANDROID_presentation_time EGL_KHR_swap_buffers_with_damage EGL_ANDROID_create_native_client_buffer EGL_ANDROID_front_buffer_auto_refresh EGL_KHR_image EGL_KHR_image_base EGL_KHR_gl_texture_2D_image EGL_KHR_gl_texture_cubemap_image EGL_KHR_gl_renderbuffer_image EGL_KHR_fence_sync EGL_KHR_create_context EGL_KHR_config_attribs EGL_KHR_surfaceless_context EGL_EXT_create_context_robustness EGL_ANDROID_image_native_buffer EGL_KHR_wait_sync EGL_ANDROID_recordable EGL_KHR_partial_update EGL_KHR_mutable_render_buffer EGL_EXT_protected_content 
09-09 12:30:08.705  3143  3143 I SurfaceFlinger: Client API: OpenGL_ES
09-09 12:30:08.705  3143  3143 I SurfaceFlinger: EGLSurface: 8-8-8-8, config=0x7f8ac69138
09-09 12:30:08.707  3170  3170 I AudioPolicyService: AudioPolicyService CSTOR in new mode
09-09 12:30:08.708  3170  3170 W APM::ConfigParsingUtils: loadOutput() invalid supported devices
09-09 12:30:08.708  3170  3170 W APM::ConfigParsingUtils: loadInput() invalid supported devices
09-09 12:30:08.708  3170  3170 W APM::ConfigParsingUtils: loadInput() invalid supported devices
09-09 12:30:08.708  3170  3170 I APM::ConfigParsingUtils: loadAudioPolicyConfig() loaded /vendor/etc/audio_policy.conf
09-09 12:30:08.711  3167  3167 D gpsd    : WakeLock(Release,GPSD)
09-09 12:30:08.711  3166  3166 D lhd     : OnIpcConnect
09-09 12:30:08.715  3076  3076 W auditd  : type=1325 audit(0.0:24): table=filter family=2 entries=4
09-09 12:30:08.715  3076  3076 W auditd  : type=1320 audit(0.0:24): 
09-09 12:30:08.716  3167  3167 D gpsd    : WakeLock(Release,SUPL)
09-09 12:30:08.717  3167  3167 I gpsd_d  : GNSS: 282637
09-09 12:30:08.717  3167  3167 I gpsd_d  : CustomerModule::Create chip info "Broadcom,BCM4774,282637" written into /data/system/gps//chip.info
09-09 12:30:08.717  3167  3167 D wrapperGPS: wrapperOpenClient_RILD
09-09 12:30:08.717  3167  3167 E wrapperGPS: wrapperOpenClient_RILD: RegisterUnsolicitedHandler() UNSOL_GPS_NOTI (11009)
09-09 12:30:08.717  3167  3167 D wrapperGPS: wrapperRegisterRequestCompleteHandler
09-09 12:30:08.717  3167  3167 D wrapperGPS: wrapperRegisterUnsolicitedHandler id(12009), handler(0x11536ad30)
09-09 12:30:08.717  3167  3167 D wrapperGPS: wrapperRegisterErrorCallback
09-09 12:30:08.717  3167  3167 D wrapperGPS: wrapperConnect_RILD
09-09 12:30:08.718  3143  3143 I SurfaceFlinger: OpenGL ES informations:
09-09 12:30:08.718  3143  3143 I SurfaceFlinger: vendor    : ARM
09-09 12:30:08.718  3143  3143 I SurfaceFlinger: renderer  : Mali-G71
09-09 12:30:08.718  3143  3143 I SurfaceFlinger: version   : OpenGL ES 3.2 v1.r3p0-00rel0.52a2c5ce14e045eb8b9074c171442f91
09-09 12:30:08.718  3143  3143 I SurfaceFlinger: extensions: GL_EXT_debug_marker GL_ARM_rgba8 GL_ARM_mali_shader_binary GL_OES_depth24 GL_OES_depth_texture GL_OES_depth_texture_cube_map GL_OES_packed_depth_stencil GL_OES_rgb8_rgba8 GL_EXT_read_format_bgra GL_OES_compressed_paletted_texture GL_OES_compressed_ETC1_RGB8_texture GL_OES_standard_derivatives GL_OES_EGL_image GL_OES_EGL_image_external GL_OES_EGL_image_external_essl3 GL_OES_EGL_sync GL_OES_texture_npot GL_OES_vertex_half_float GL_OES_required_internalformat GL_OES_vertex_array_object GL_OES_mapbuffer GL_EXT_texture_format_BGRA8888 GL_EXT_texture_rg GL_EXT_texture_type_2_10_10_10_REV GL_OES_fbo_render_mipmap GL_OES_element_index_uint GL_EXT_shadow_samplers GL_OES_texture_compression_astc GL_KHR_texture_compression_astc_ldr GL_KHR_texture_compression_astc_hdr GL_KHR_texture_compression_astc_sliced_3d GL_KHR_debug GL_EXT_occlusion_query_boolean GL_EXT_disjoint_timer_query GL_EXT_blend_minmax GL_EXT_discard_framebuffer GL_OES_get_program_binary GL_OES_texture_3D GL_EXT_texture_storage GL_EXT_multisamp
09-09 12:30:08.718  3143  3143 I SurfaceFlinger: GL_MAX_TEXTURE_SIZE = 16384
09-09 12:30:08.718  3143  3143 I SurfaceFlinger: GL_MAX_VIEWPORT_DIMS = 16384
09-09 12:30:08.719  3170  3170 I audioserver: type=1400 audit(0.0:25): avc: denied { read } for name="mps_code.dat" dev="sda3" ino=86 scontext=u:r:audioserver:s0 tcontext=u:object_r:imei_efs_file:s0 tclass=file permissive=1
09-09 12:30:08.719  3170  3170 I audioserver: type=1400 audit(0.0:25): avc: denied { open } for path="/efs/imei/mps_code.dat" dev="sda3" ino=86 scontext=u:r:audioserver:s0 tcontext=u:object_r:imei_efs_file:s0 tclass=file permissive=1
09-09 12:30:08.719  3170  3170 W audioserver: type=1300 audit(0.0:25): arch=40000028 syscall=322 per=8 success=yes exit=6 a0=ffffff9c a1=f7574245 a2=20000 a3=0 items=0 ppid=1 auid=4294967295 uid=1041 gid=1005 euid=1041 suid=1041 fsuid=1041 egid=1005 sgid=1005 fsgid=1005 tty=(none) ses=4294967295 exe="/system/bin/audioserver" subj=u:r:audioserver:s0 key=(null)
09-09 12:30:08.719  3076  3076 W auditd  : type=1327 audit(0.0:25): proctitle="/system/bin/audioserver"
09-09 12:30:08.719  3076  3076 W auditd  : type=1320 audit(0.0:25): 
09-09 12:30:08.719  3170  3170 I audioserver: type=1400 audit(0.0:26): avc: denied { getattr } for path="/efs/imei/mps_code.dat" dev="sda3" ino=86 scontext=u:r:audioserver:s0 tcontext=u:object_r:imei_efs_file:s0 tclass=file permissive=1
09-09 12:30:08.719  3170  3170 W audioserver: type=1300 audit(0.0:26): arch=40000028 syscall=197 per=8 success=yes exit=0 a0=6 a1=ffb45260 a2=ffb452e4 a3=c62 items=0 ppid=1 auid=4294967295 uid=1041 gid=1005 euid=1041 suid=1041 fsuid=1041 egid=1005 sgid=1005 fsgid=1005 tty=(none) ses=4294967295 exe="/system/bin/audioserver" subj=u:r:audioserver:s0 key=(null)
09-09 12:30:08.719  3076  3076 W auditd  : type=1327 audit(0.0:26): proctitle="/system/bin/audioserver"
09-09 12:30:08.719  3076  3076 W auditd  : type=1320 audit(0.0:26): 
09-09 12:30:08.720  3143  3143 D mali_winsys: EGLint new_window_surface(egl_winsys_display*, void*, EGLSurface, EGLConfig, egl_winsys_surface**, egl_color_buffer_format*, EGLBoolean) returns 0x3000,  [1440x2960]-format:1
09-09 12:30:08.725  3170  3170 V audio_hw_primary_abox: device-adev_open: enter
09-09 12:30:08.725  3170  3170 V DiamondVoice: + diamondvoice_open
09-09 12:30:08.726  3170  3170 D AudioInfo: MPS_CODE : SIN, get MPS_CODE
09-09 12:30:08.731  3170  3170 D AudioInfo: first OMC setting
09-09 12:30:08.731  3170  3170 D AudioInfo: can not find AudioDataPath for fileName:/DiamondVoice/
09-09 12:30:08.731  3170  3170 V DiamondVoice: There is no DiamondVoice tuning data in CSC 
09-09 12:30:08.731  3170  3170 V DiamondVoice: - diamondvoice_open
09-09 12:30:08.731  3170  3170 E AudioRil: Connect_RILD() error
09-09 12:30:08.731  3170  3170 E AudioRil: audio secril init failed.
09-09 12:30:08.731  3170  3170 I AudioRil: ### mMultiSim : 1
09-09 12:30:08.731  3170  3170 E AudioRil: Connect_RILD() error
09-09 12:30:08.731  3170  3170 E AudioRil: Connect_RILD_Second() error
09-09 12:30:08.731  3170  3170 D audio_hw_primary_abox: device-adev_open: Successed to init Voice Manager!
09-09 12:30:08.735  3176  3176 V MediaUtils: physMem: 3645853696
09-09 12:30:08.735  3176  3176 V MediaUtils: requested limit: 729170720
09-09 12:30:08.735  3176  3176 V MediaUtils: actual limit: 729170720
09-09 12:30:08.735  3176  3176 V MediaUtils: original limits: 4294967295/4294967295
09-09 12:30:08.735  3176  3176 V MediaUtils: new limits: 729170720/4294967295
09-09 12:30:08.735  3176  3176 W /system/bin/mediaextractor: libminijail: allowing syscall: clock_gettime
09-09 12:30:08.735  3176  3176 W /system/bin/mediaextractor: libminijail: allowing syscall: connect
09-09 12:30:08.736  3176  3176 W /system/bin/mediaextractor: libminijail: allowing syscall: fcntl64
09-09 12:30:08.736  3176  3176 W /system/bin/mediaextractor: libminijail: allowing syscall: socket
09-09 12:30:08.736  3176  3176 W /system/bin/mediaextractor: libminijail: allowing syscall: writev
09-09 12:30:08.736  3176  3176 W /system/bin/mediaextractor: libminijail: logging seccomp filter failures
09-09 12:30:08.738  3177  3177 I mediaserver: ServiceManager: 0xf63994a0
09-09 12:30:08.739  3175  3175 I mediaserver: ServiceManager: 0xf63194a0
09-09 12:30:08.741  3177  3177 W BatteryNotifier: batterystats service unavailable!
09-09 12:30:08.888  3165  3165 V wifiloader: /proc/deferred_initcalls=0
09-09 12:30:08.888  3165  3165 V wifiloader: 
09-09 12:30:08.968  3168  3168 D AndroidRuntime: >>>>>> START com.android.internal.os.ZygoteInit uid 0 <<<<<<
09-09 12:30:08.981  3168  3168 D AndroidRuntime: CheckJNI is ON
09-09 12:30:08.985  3168  3168 I art     : option[0]=-Xzygote
09-09 12:30:08.985  3168  3168 I art     : option[1]=-Xcheck:jni
09-09 12:30:08.985  3168  3168 I art     : option[2]=-Xstacktracefile:/data/anr/traces.txt
09-09 12:30:08.985  3168  3168 I art     : option[3]=exit
09-09 12:30:08.985  3168  3168 I art     : option[4]=vfprintf
09-09 12:30:08.985  3168  3168 I art     : option[5]=sensitiveThread
09-09 12:30:08.985  3168  3168 I art     : option[6]=-verbose:gc
09-09 12:30:08.985  3168  3168 I art     : option[7]=-Xms8m
09-09 12:30:08.985  3168  3168 I art     : option[8]=-Xmx512m
09-09 12:30:08.985  3168  3168 I art     : option[9]=-XX:HeapGrowthLimit=256m
09-09 12:30:08.985  3168  3168 I art     : option[10]=-XX:HeapMinFree=2m
09-09 12:30:08.985  3168  3168 I art     : option[11]=-XX:HeapMaxFree=8m
09-09 12:30:08.985  3168  3168 I art     : option[12]=-XX:HeapTargetUtilization=0.75
09-09 12:30:08.985  3168  3168 I art     : option[13]=-Xusejit:true
09-09 12:30:08.985  3168  3168 I art     : option[14]=-Xjitsaveprofilinginfo
09-09 12:30:08.985  3168  3168 I art     : option[15]=-agentlib:jdwp=transport=dt_android_adb,suspend=n,server=y
09-09 12:30:08.985  3168  3168 I art     : option[16]=-Xlockprofthreshold:500
09-09 12:30:08.985  3168  3168 I art     : option[17]=-Ximage-compiler-option
09-09 12:30:08.985  3168  3168 I art     : option[18]=--runtime-arg
09-09 12:30:08.985  3168  3168 I art     : option[19]=-Ximage-compiler-option
09-09 12:30:08.985  3168  3168 I art     : option[20]=-Xms64m
09-09 12:30:08.985  3168  3168 I art     : option[21]=-Ximage-compiler-option
09-09 12:30:08.985  3168  3168 I art     : option[22]=--runtime-arg
09-09 12:30:08.985  3168  3168 I art     : option[23]=-Ximage-compiler-option
09-09 12:30:08.985  3168  3168 I art     : option[24]=-Xmx64m
09-09 12:30:08.985  3168  3168 I art     : option[25]=-Ximage-compiler-option
09-09 12:30:08.985  3168  3168 I art     : option[26]=--compiler-filter=verify-at-runtime
09-09 12:30:08.985  3168  3168 I art     : option[27]=-Ximage-compiler-option
09-09 12:30:08.985  3168  3168 I art     : option[28]=--image-classes=/system/etc/preloaded-classes
09-09 12:30:08.985  3168  3168 I art     : option[29]=-Ximage-compiler-option
09-09 12:30:08.985  3168  3168 I art     : option[30]=--compiled-classes=/system/etc/compiled-classes
09-09 12:30:08.985  3168  3168 I art     : option[31]=-Xcompiler-option
09-09 12:30:08.985  3168  3168 I art     : option[32]=--runtime-arg
09-09 12:30:08.985  3168  3168 I art     : option[33]=-Xcompiler-option
09-09 12:30:08.985  3168  3168 I art     : option[34]=-Xms64m
09-09 12:30:08.985  3168  3168 I art     : option[35]=-Xcompiler-option
09-09 12:30:08.985  3168  3168 I art     : option[36]=--runtime-arg
09-09 12:30:08.985  3168  3168 I art     : option[37]=-Xcompiler-option
09-09 12:30:08.985  3168  3168 I art     : option[38]=-Xmx512m
09-09 12:30:08.985  3168  3168 I art     : option[39]=-Ximage-compiler-option
09-09 12:30:08.985  3168  3168 I art     : option[40]=--instruction-set-variant=generic
09-09 12:30:08.985  3168  3168 I art     : option[41]=-Xcompiler-option
09-09 12:30:08.985  3168  3168 I art     : option[42]=--instruction-set-variant=generic
09-09 12:30:08.985  3168  3168 I art     : option[43]=-Ximage-compiler-option
09-09 12:30:08.985  3168  3168 I art     : option[44]=--instruction-set-features=default
09-09 12:30:08.985  3168  3168 I art     : option[45]=-Xcompiler-option
09-09 12:30:08.985  3168  3168 I art     : option[46]=--instruction-set-features=default
09-09 12:30:08.985  3168  3168 I art     : option[47]=-Duser.locale=en-US
09-09 12:30:08.985  3168  3168 I art     : option[48]=--cpu-abilist=arm64-v8a
09-09 12:30:08.985  3168  3168 I art     : option[49]=-Xfingerprint:samsung/dream2ltexx/dream2lte:7.0/NRD90M/G955FXXU1AQH3:user/release-keys
09-09 12:30:08.997  3168  3168 I art     : Pruning dalvik-cache since we are generating an image and will need to recompile
09-09 12:30:08.997  3168  3168 I art     : Using an offset of 0x2cf000 from default art base address of 0x70000000
09-09 12:30:08.997  3168  3168 I art     : GenerateImage: /system/bin/dex2oat --image=/data/dalvik-cache/arm64/system@framework@boot.art --dex-file=/system/framework/core-oj.jar --dex-file=/system/framework/core-libart.jar --dex-file=/system/framework/conscrypt.jar --dex-file=/system/framework/okhttp.jar --dex-file=/system/framework/core-junit.jar --dex-file=/system/framework/bouncycastle.jar --dex-file=/system/framework/ext.jar --dex-file=/system/framework/framework.jar --dex-file=/system/framework/telephony-common.jar --dex-file=/system/framework/voip-common.jar --dex-file=/system/framework/ims-common.jar --dex-file=/system/framework/apache-xml.jar --dex-file=/system/framework/org.apache.http.legacy.boot.jar --dex-file=/system/framework/telephony-ext.jar --oat-file=/data/dalvik-cache/arm64/system@framework@boot.oat --instruction-set=arm64 --instruction-set-features=smp,a53 --base=0x702cf000 --runtime-arg -Xms64m --runtime-arg -Xmx64m --compiler-filter=verify-at-runtime --image-classes=/system/etc/preloaded-classes --compiled-classes=/system/etc/com
09-09 12:30:09.079  3169  3169 D AndroidRuntime: >>>>>> START com.android.internal.os.ZygoteInit uid 0 <<<<<<
09-09 12:30:09.090  3169  3169 D AndroidRuntime: CheckJNI is ON
09-09 12:30:09.094  3169  3169 I art     : option[0]=-Xzygote
09-09 12:30:09.094  3169  3169 I art     : option[1]=-Xcheck:jni
09-09 12:30:09.094  3169  3169 I art     : option[2]=-Xstacktracefile:/data/anr/traces.txt
09-09 12:30:09.094  3169  3169 I art     : option[3]=exit
09-09 12:30:09.094  3169  3169 I art     : option[4]=vfprintf
09-09 12:30:09.094  3169  3169 I art     : option[5]=sensitiveThread
09-09 12:30:09.094  3169  3169 I art     : option[6]=-verbose:gc
09-09 12:30:09.094  3169  3169 I art     : option[7]=-Xms8m
09-09 12:30:09.094  3169  3169 I art     : option[8]=-Xmx512m
09-09 12:30:09.094  3169  3169 I art     : option[9]=-XX:HeapGrowthLimit=256m
09-09 12:30:09.094  3169  3169 I art     : option[10]=-XX:HeapMinFree=2m
09-09 12:30:09.094  3169  3169 I art     : option[11]=-XX:HeapMaxFree=8m
09-09 12:30:09.094  3169  3169 I art     : option[12]=-XX:HeapTargetUtilization=0.75
09-09 12:30:09.094  3169  3169 I art     : option[13]=-Xusejit:true
09-09 12:30:09.094  3169  3169 I art     : option[14]=-Xjitsaveprofilinginfo
09-09 12:30:09.094  3169  3169 I art     : option[15]=-agentlib:jdwp=transport=dt_android_adb,suspend=n,server=y
09-09 12:30:09.094  3169  3169 I art     : option[16]=-Xlockprofthreshold:500
09-09 12:30:09.094  3169  3169 I art     : option[17]=-Ximage-compiler-option
09-09 12:30:09.094  3169  3169 I art     : option[18]=--runtime-arg
09-09 12:30:09.094  3169  3169 I art     : option[19]=-Ximage-compiler-option
09-09 12:30:09.094  3169  3169 I art     : option[20]=-Xms64m
09-09 12:30:09.094  3169  3169 I art     : option[21]=-Ximage-compiler-option
09-09 12:30:09.094  3169  3169 I art     : option[22]=--runtime-arg
09-09 12:30:09.094  3169  3169 I art     : option[23]=-Ximage-compiler-option
09-09 12:30:09.094  3169  3169 I art     : option[24]=-Xmx64m
09-09 12:30:09.094  3169  3169 I art     : option[25]=-Ximage-compiler-option
09-09 12:30:09.094  3169  3169 I art     : option[26]=--compiler-filter=verify-at-runtime
09-09 12:30:09.094  3169  3169 I art     : option[27]=-Ximage-compiler-option
09-09 12:30:09.094  3169  3169 I art     : option[28]=--image-classes=/system/etc/preloaded-classes
09-09 12:30:09.094  3169  3169 I art     : option[29]=-Ximage-compiler-option
09-09 12:30:09.094  3169  3169 I art     : option[30]=--compiled-classes=/system/etc/compiled-classes
09-09 12:30:09.094  3169  3169 I art     : option[31]=-Xcompiler-option
09-09 12:30:09.094  3169  3169 I art     : option[32]=--runtime-arg
09-09 12:30:09.094  3169  3169 I art     : option[33]=-Xcompiler-option
09-09 12:30:09.094  3169  3169 I art     : option[34]=-Xms64m
09-09 12:30:09.095  3169  3169 I art     : option[35]=-Xcompiler-option
09-09 12:30:09.095  3169  3169 I art     : option[36]=--runtime-arg
09-09 12:30:09.095  3169  3169 I art     : option[37]=-Xcompiler-option
09-09 12:30:09.095  3169  3169 I art     : option[38]=-Xmx512m
09-09 12:30:09.095  3169  3169 I art     : option[39]=-Ximage-compiler-option
09-09 12:30:09.095  3169  3169 I art     : option[40]=--instruction-set-variant=cortex-a53.a57
09-09 12:30:09.095  3169  3169 I art     : option[41]=-Xcompiler-option
09-09 12:30:09.095  3169  3169 I art     : option[42]=--instruction-set-variant=cortex-a53.a57
09-09 12:30:09.095  3169  3169 I art     : option[43]=-Ximage-compiler-option
09-09 12:30:09.095  3169  3169 I art     : option[44]=--instruction-set-features=default
09-09 12:30:09.095  3169  3169 I art     : option[45]=-Xcompiler-option
09-09 12:30:09.095  3169  3169 I art     : option[46]=--instruction-set-features=default
09-09 12:30:09.095  3169  3169 I art     : option[47]=-Duser.locale=en-US
09-09 12:30:09.095  3169  3169 I art     : option[48]=--cpu-abilist=armeabi-v7a,armeabi
09-09 12:30:09.095  3169  3169 I art     : option[49]=-Xfingerprint:samsung/dream2ltexx/dream2lte:7.0/NRD90M/G955FXXU1AQH3:user/release-keys
09-09 12:30:09.106  3169  3169 I art     : Pruning dalvik-cache since we are generating an image and will need to recompile
09-09 12:30:09.107  3169  3169 I art     : Using an offset of 0xff552000 from default art base address of 0x70000000
09-09 12:30:09.107  3169  3169 I art     : GenerateImage: /system/bin/dex2oat --image=/data/dalvik-cache/arm/system@framework@boot.art --dex-file=/system/framework/core-oj.jar --dex-file=/system/framework/core-libart.jar --dex-file=/system/framework/conscrypt.jar --dex-file=/system/framework/okhttp.jar --dex-file=/system/framework/core-junit.jar --dex-file=/system/framework/bouncycastle.jar --dex-file=/system/framework/ext.jar --dex-file=/system/framework/framework.jar --dex-file=/system/framework/telephony-common.jar --dex-file=/system/framework/voip-common.jar --dex-file=/system/framework/ims-common.jar --dex-file=/system/framework/apache-xml.jar --dex-file=/system/framework/org.apache.http.legacy.boot.jar --dex-file=/system/framework/telephony-ext.jar --oat-file=/data/dalvik-cache/arm/system@framework@boot.oat --instruction-set=arm --instruction-set-features=smp,div,atomic_ldrd_strd --base=0x6f552000 --runtime-arg -Xms64m --runtime-arg -Xmx64m --compiler-filter=verify-at-runtime --image-classes=/system/etc/preloaded-classes --compiled-classes=/sys
09-09 12:30:09.137  3342  3342 I dex2oat : /system/bin/dex2oat --image=/data/dalvik-cache/arm/system@framework@boot.art --dex-file=/system/framework/core-oj.jar --dex-file=/system/framework/core-libart.jar --dex-file=/system/framework/conscrypt.jar --dex-file=/system/framework/okhttp.jar --dex-file=/system/framework/core-junit.jar --dex-file=/system/framework/bouncycastle.jar --dex-file=/system/framework/ext.jar --dex-file=/system/framework/framework.jar --dex-file=/system/framework/telephony-common.jar --dex-file=/system/framework/voip-common.jar --dex-file=/system/framework/ims-common.jar --dex-file=/system/framework/apache-xml.jar --dex-file=/system/framework/org.apache.http.legacy.boot.jar --dex-file=/system/framework/telephony-ext.jar --oat-file=/data/dalvik-cache/arm/system@framework@boot.oat --instruction-set=arm --instruction-set-features=smp,div,atomic_ldrd_strd --base=0x6f552000 --runtime-arg -Xms64m --runtime-arg -Xmx64m --compiler-filter=verify-at-runtime --image-classes=/system/etc/preloaded-classes --compiled-classes=/system/etc/compile
09-09 12:30:09.138  3319  3319 I dex2oat : /system/bin/dex2oat --image=/data/dalvik-cache/arm64/system@framework@boot.art --dex-file=/system/framework/core-oj.jar --dex-file=/system/framework/core-libart.jar --dex-file=/system/framework/conscrypt.jar --dex-file=/system/framework/okhttp.jar --dex-file=/system/framework/core-junit.jar --dex-file=/system/framework/bouncycastle.jar --dex-file=/system/framework/ext.jar --dex-file=/system/framework/framework.jar --dex-file=/system/framework/telephony-common.jar --dex-file=/system/framework/voip-common.jar --dex-file=/system/framework/ims-common.jar --dex-file=/system/framework/apache-xml.jar --dex-file=/system/framework/org.apache.http.legacy.boot.jar --dex-file=/system/framework/telephony-ext.jar --oat-file=/data/dalvik-cache/arm64/system@framework@boot.oat --instruction-set=arm64 --instruction-set-features=smp,a53 --base=0x702cf000 --runtime-arg -Xms64m --runtime-arg -Xmx64m --compiler-filter=verify-at-runtime --image-classes=/system/etc/preloaded-classes --compiled-classes=/system/etc/compiled-classes -
09-09 12:30:09.163  3342  3342 I dex2oat : setting boot class path to /system/framework/core-oj.jar:/system/framework/core-libart.jar:/system/framework/conscrypt.jar:/system/framework/okhttp.jar:/system/framework/core-junit.jar:/system/framework/bouncycastle.jar:/system/framework/ext.jar:/system/framework/framework.jar:/system/framework/telephony-common.jar:/system/framework/voip-common.jar:/system/framework/ims-common.jar:/system/framework/apache-xml.jar:/system/framework/org.apache.http.legacy.boot.jar:/system/framework/telephony-ext.jar
09-09 12:30:09.169  3319  3319 I dex2oat : setting boot class path to /system/framework/core-oj.jar:/system/framework/core-libart.jar:/system/framework/conscrypt.jar:/system/framework/okhttp.jar:/system/framework/core-junit.jar:/system/framework/bouncycastle.jar:/system/framework/ext.jar:/system/framework/framework.jar:/system/framework/telephony-common.jar:/system/framework/voip-common.jar:/system/framework/ims-common.jar:/system/framework/apache-xml.jar:/system/framework/org.apache.http.legacy.boot.jar:/system/framework/telephony-ext.jar
09-09 12:30:09.233  3170  3170 V audio_route: Control 'VTS VoiceTrigger Value' is to be controled by user
09-09 12:30:09.241  3170  3170 I audio_route: > audio_route_update_mixer : +
09-09 12:30:09.249  3170  3170 I audio_route: > audio_route_update_mixer : changed(46) -
09-09 12:30:09.249  3170  3170 D audio_hw_primary_abox: device-adev_open: Successed to init Route!
09-09 12:30:09.251  3170  3170 D audio_hw_primary_abox: device-adev_open: Opened Audio Primary HW Device
09-09 12:30:09.251  3170  3170 V audio_hw_primary_abox: device-adev_init_check: Audio Primary HW Device is already opened & initialized
09-09 12:30:09.251  3170  3170 D audio_hw_primary_abox: device-adev_get_master_volume: enter
09-09 12:30:09.251  3170  3170 D audio_hw_primary_abox: device-adev_get_master_volume: exit, Not supported Master Volume by AudioHAL
09-09 12:30:09.251  3170  3170 D audio_hw_primary_abox: device-adev_get_master_mute: enter
09-09 12:30:09.251  3170  3170 D audio_hw_primary_abox: device-adev_get_master_mute: exit, Not supported Master Mute by AudioHAL
09-09 12:30:09.251  3170  3170 D audio_hw_primary_abox: device-adev_set_master_volume: enter with volume level(1.000000)
09-09 12:30:09.251  3170  3170 D audio_hw_primary_abox: device-adev_set_master_volume: exit, Not supported Master Volume by AudioHAL
09-09 12:30:09.251  3170  3170 D audio_hw_primary_abox: device-adev_set_master_mute: enter with mute statue(0)
09-09 12:30:09.251  3170  3170 D audio_hw_primary_abox: device-adev_set_master_mute: exit, Not supported Master Mute by AudioHAL
09-09 12:30:09.251  3170  3170 I AudioFlinger: loadHwModule() Loaded primary audio interface from Exynos Primary AudioHAL (audio) handle 10
09-09 12:30:09.251  3170  3170 I AudioFlinger: openOutput(), module 10 Device 2, SamplingRate 48000, Format 0x000001, Channels 3, flags a
09-09 12:30:09.251  3170  3170 D audio_hw_primary_abox: device-adev_open_output_stream: enter: io_handle (13), sample_rate(48000) channel_mask(0x3) devices(0x2) flags(0xa)
09-09 12:30:09.251  3170  3170 D audio_hw_primary_abox: device-adev_open_output_stream: Requested open Primary output
09-09 12:30:09.251  3170  3170 I audio_hw_primary_abox: Check PCM Channel Count: Default(2), Request(2)
09-09 12:30:09.251  3170  3170 I audio_hw_primary_abox: Check PCM Smapling Rate: Default(48000), Request(48000)
09-09 12:30:09.251  3170  3170 I audio_hw_primary_abox: Check PCM Format: Default(0), Request(0)
09-09 12:30:09.251  3170  3170 I audio_hw_primary_abox: primary_out-adev_open_output_stream: Transit to Standby
09-09 12:30:09.251  3170  3170 D audio_hw_primary_abox: primary_out-add_audio_usage: Primary Playback Usage initialized with out_dev(none), in_dev(none), out_mode(normal), in_mode(normal)
09-09 12:30:09.251  3170  3170 V audio_hw_primary_abox: primary_out-add_audio_usage: Added Audio Stream into Audio Usage list!
09-09 12:30:09.251  3170  3170 D audio_hw_primary_abox: device-adev_open_output_stream: Opened primary_out stream
09-09 12:30:09.251  3170  3170 V audio_hw_primary_abox: primary_out-out_get_format: exit with audio format = 0x1
09-09 12:30:09.251  3170  3170 V audio_hw_primary_abox: primary_out-out_get_channels: exit with channel mask = 0x3
09-09 12:30:09.251  3170  3170 V audio_hw_primary_abox: primary_out-out_get_sample_rate: exit with sample rate = 48000
09-09 12:30:09.251  3170  3170 V audio_hw_primary_abox: primary_out-out_get_channels: exit with channel mask = 0x3
09-09 12:30:09.251  3170  3170 V audio_hw_primary_abox: primary_out-out_get_format: exit with audio format = 0x1
09-09 12:30:09.251  3170  3170 V audio_hw_primary_abox: primary_out-out_get_format: exit with audio format = 0x1
09-09 12:30:09.251  3170  3170 V audio_hw_primary_abox: primary_out-out_get_format: exit with audio format = 0x1
09-09 12:30:09.251  3170  3170 V audio_hw_primary_abox: primary_out-out_get_channels: exit with channel mask = 0x3
09-09 12:30:09.251  3170  3170 V audio_hw_primary_abox: primary_out-out_get_buffer_size: Period Size = 960, Frame Size = 4
09-09 12:30:09.251  3170  3170 V audio_hw_primary_abox: primary_out-out_get_format: exit with audio format = 0x1
09-09 12:30:09.251  3170  3170 V audio_hw_primary_abox: primary_out-out_get_channels: exit with channel mask = 0x3
09-09 12:30:09.251  3170  3170 I AudioFlinger: HAL output buffer size 960 frames, normal sink buffer size 960 frames
09-09 12:30:09.379  3170  3170 W EffectsFactory: loadLibrary() failed to open /system/lib/soundfx/libmyspace.so
09-09 12:30:09.391  3170  3170 W EffectsFactory: loadLibrary() failed to open /system/lib/libaudiosa.so
09-09 12:30:09.392  3170  3170 W EffectsFactory: loadLibrary() failed to open /system/lib/soundfx/libaudiosaplus_sec.so
09-09 12:30:09.407  3170  3170 W EffectsFactory: loadLibrary() failed to open /system/lib/libsamsungSoundbooster_plus.so
