09-12 15:19:02.056  3168  3379 I audio_hw_primary_abox: USAGE_SPKAMP-do_close_spkamp_stream: Closed PCM Device is /dev/snd/pcmC0D6p
09-12 15:19:02.057  3168  3379 I audio_route: > audio_route_update_path + : "media-speaker" reverse(1)
09-12 15:19:02.062  3168  3379 I audio_route: > audio_route_update_path - : changed(3)
09-12 15:19:02.062  3168  3379 D audio_hw_primary_abox: fast_out-do_set_route: Disabled Audio Route(media-speaker)
09-12 15:19:02.063  3168  3379 I audio_route: > audio_route_update_path + : "gain-media-speaker" reverse(1)
09-12 15:19:02.063  3168  3379 I audio_route: > audio_route_update_path - : changed(0)
09-12 15:19:02.063  3168  3379 D audio_hw_primary_abox: fast_out-do_set_route: Disabled Audio Gain(gain-media-speaker)
09-12 15:19:02.063  3168  3379 I audio_hw_primary_abox: fast_out-out_standby: Transit to Standby
09-12 15:19:02.063  3168  3379 V audio_hw_primary_abox: fast_out-out_standby: exit
09-12 15:19:02.277  3168  3379 D audio_hw_primary_abox: fast_out-set_audio_route: [PLAYBACK] current-device(none) new-device(speaker) in cur-mode(none) & new-mode(normal)!
09-12 15:19:02.277  3168  3379 I audio_hw_primary_abox: is_voice_wakeup : ret =  0  , wakeup_baby_cry_enabled = 0  ,  wakeup_mic_enabled = 0 
09-12 15:19:02.277  3168  3379 I audio_route: > audio_route_apply_path : "media-speaker"
09-12 15:19:02.280  3168  3379 I audio_route: > audio_route_update_path + : "media-speaker" reverse(0)
09-12 15:19:02.280  3168  3379 I audio_route: > audio_route_update_path - : changed(0)
09-12 15:19:02.280  3168  3379 D audio_hw_primary_abox: fast_out-do_set_route: Enabled Audio Route(media-speaker)
09-12 15:19:02.280  3168  3379 I audio_route: > audio_route_apply_path : "gain-media-speaker"
09-12 15:19:02.280  3168  3379 I audio_route: > audio_route_update_path + : "gain-media-speaker" reverse(0)
09-12 15:19:02.280  3168  3379 I audio_route: > audio_route_update_path - : changed(0)
09-12 15:19:02.280  3168  3379 D audio_hw_primary_abox: fast_out-do_set_route: Enabled Audio Gain(gain-media-speaker)
09-12 15:19:02.281  3168  3379 I audio_hw_primary_abox: [do_open_spkamp_stream] Opened PCM Device(/dev/snd/pcmC0D7p) configured Info: Channels(2)  Smapling Rate(48000), Format: Default(0)
09-12 15:19:02.284  3168  3379 I audio_hw_primary_abox: [do_open_spkamp_stream] Opened PCM Device(/dev/snd/pcmC0D11c) configured Info: Channels(2)  Smapling Rate(48000), Format: Default(0)
09-12 15:19:02.287  3168  3379 I audio_hw_primary_abox: [do_open_spkamp_stream] Opened PCM Device(/dev/snd/pcmC0D12c) configured Info: Channels(2)  Smapling Rate(48000), Format: Default(0)
09-12 15:19:02.289  3549  3700 I ActivityManager: START u0 {act=android.intent.action.MAIN cat=[android.intent.category.LAUNCHER] flg=0x10008000 cmp=com.android.settings/.deviceinfo.UsbModeChooserActivity} from uid 1000 on display 0
09-12 15:19:02.295  3168  3379 I audio_hw_primary_abox: [do_open_spkamp_stream] Opened PCM Device(/dev/snd/pcmC0D6p) configured Info: Channels(2)  Smapling Rate(48000), Format: Default(0)
09-12 15:19:02.302  3549  4210 W InputMethodManagerService: Window already focused, ignoring focus gain of: com.android.internal.view.IInputMethodClient$Stub$Proxy@c929910 attribute=null, token = android.os.BinderProxy@73a027b
09-12 15:19:02.313  3168  3379 I audio_hw_primary_abox: fast_out-do_open_output_stream: Opened PCM Device is /dev/snd/pcmC0D2p samplingRate(48000) pcmformat(0)
09-12 15:19:02.313  3168  3379 I audio_hw_primary_abox: fast_out-out_write: Transit to Idle
09-12 15:19:02.315  3168  3379 I audio_hw_primary_abox: fast_out-out_write: Transit to Playing
09-12 15:19:02.320  3549  4207 E ActivityManager: applyOptionsLocked: Unknown animationType=0
09-12 15:19:02.427  3947  3984 D mali_winsys: EGLint new_window_surface(egl_winsys_display*, void*, EGLSurface, EGLConfig, egl_winsys_surface**, egl_color_buffer_format*, EGLBoolean) returns 0x3000,  [1590x1643]-format:1
09-12 15:19:02.441  3549  3562 W ResourceType: No known package when getting value for resource number 0x7f020125
09-12 15:19:02.441  3549  3562 W ResourceType: No known package when getting value for resource number 0x7f0c050a
09-12 15:19:02.441  3549  3562 W ResourceType: No known package when getting value for resource number 0x7f020124
09-12 15:19:02.441  3549  3562 W ResourceType: No known package when getting value for resource number 0x7f0c0a9b
09-12 15:19:02.441  3549  3562 W ResourceType: No known package when getting value for resource number 0x7f020123
09-12 15:19:02.441  3549  3562 W ResourceType: No known package when getting value for resource number 0x7f0c0955
09-12 15:19:02.442  3549  3591 I InputReader: Reconfiguring input devices.  changes=0x00000010
09-12 15:19:02.449  3947  3984 D mali_winsys: EGLint new_window_surface(egl_winsys_display*, void*, EGLSurface, EGLConfig, egl_winsys_surface**, egl_color_buffer_format*, EGLBoolean) returns 0x3000,  [336x336]-format:1
09-12 15:19:02.471  3549  3562 W Searchables: No global search activity found
09-12 15:19:02.472  4184  4184 D RegisteredNfcFServicesCache: Service unchanged, not updating
09-12 15:19:02.490  3549  3570 I ActivityManager: Displayed com.android.settings/.deviceinfo.UsbModeChooserActivity: +170ms
09-12 15:19:02.495  3947  3955 I art     : Do full code cache collection, code=1010KB, data=850KB
09-12 15:19:02.496  3947  3955 I art     : Starting a blocking GC JitCodeCache
09-12 15:19:02.496  3947  3955 I art     : After code cache collection, code=945KB, data=746KB
09-12 15:19:02.498  3947  4975 W TileUtils: Found com.android.settings.Settings$PaymentSettingsActivity for intent Intent { act=com.android.settings.action.SETTINGS pkg=com.android.settings } missing metadata com.android.settings.category
09-12 15:19:02.499  4289  4289 I launcher-loader: type=1400 audit(0.0:245): avc: denied { lock } for path="/data/data/com.cyanogenmod.trebuchet/databases/app_icons.db" dev="sda24" ino=2015600 scontext=u:r:platform_app:s0:c512,c768 tcontext=u:object_r:system_data_file:s0:c512,c768 tclass=file permissive=1
09-12 15:19:02.499  4289  4289 W launcher-loader: type=1300 audit(0.0:245): arch=c00000b7 syscall=25 success=yes exit=0 a0=2c a1=6 a2=7f963fbb48 a3=7f7e680f40 items=0 ppid=3166 auid=4294967295 uid=10028 gid=10028 euid=10028 suid=10028 fsuid=10028 egid=10028 sgid=10028 fsgid=10028 tty=(none) ses=4294967295 exe="/system/bin/app_process64" subj=u:r:platform_app:s0:c512,c768 key=(null)
09-12 15:19:02.499  3075  3075 W auditd  : type=1327 audit(0.0:245): proctitle="com.cyanogenmod.trebuchet"
09-12 15:19:02.499  3075  3075 W auditd  : type=1320 audit(0.0:245): 
09-12 15:19:02.499  4289  4289 I launcher-loader: type=1400 audit(0.0:246): avc: denied { write } for name="app_icons.db-journal" dev="sda24" ino=2015614 scontext=u:r:platform_app:s0:c512,c768 tcontext=u:object_r:system_data_file:s0:c512,c768 tclass=file permissive=1
09-12 15:19:02.499  4289  4289 W launcher-loader: type=1300 audit(0.0:246): arch=c00000b7 syscall=56 success=yes exit=69 a0=ffffff9c a1=7f9645ceff a2=a0042 a3=1b0 items=0 ppid=3166 auid=4294967295 uid=10028 gid=10028 euid=10028 suid=10028 fsuid=10028 egid=10028 sgid=10028 fsgid=10028 tty=(none) ses=4294967295 exe="/system/bin/app_process64" subj=u:r:platform_app:s0:c512,c768 key=(null)
09-12 15:19:02.499  3075  3075 W auditd  : type=1327 audit(0.0:246): proctitle="com.cyanogenmod.trebuchet"
09-12 15:19:02.499  3075  3075 W auditd  : type=1320 audit(0.0:246): 
09-12 15:19:02.502  3947  4975 W TileUtils: Found com.android.systemui.tuner.TunerActivity for intent Intent { act=com.android.settings.action.EXTRA_SETTINGS } missing metadata 
09-12 15:19:02.514  3927  3927 D CarrierSvcBindHelper: No carrier app for: 0
09-12 15:19:02.658  3549  3700 I ActivityManager: Setting hasTopUi=false for pid=3684
09-12 15:19:02.659  3684  3684 D PhoneStatusBar: disable: < expand icons* alerts system_info* back home recent clock search quick_settings >
09-12 15:19:02.705  3684  3973 D mali_winsys: EGLint new_window_surface(egl_winsys_display*, void*, EGLSurface, EGLConfig, egl_winsys_surface**, egl_color_buffer_format*, EGLBoolean) returns 0x3000,  [1440x84]-format:1
09-12 15:19:04.003     1     1 I init    : type=1400 audit(0.0:247): avc: denied { write } for name="UDC" dev="configfs" ino=30894 scontext=u:r:init:s0 tcontext=u:object_r:configfs:s0 tclass=file permissive=1
09-12 15:19:04.009  3549  3568 I UsbDeviceManager: Setting USB config to ptp,adb
09-12 15:19:04.012  4224  4236 W art     : Receiving file descriptor from ADB failed (socket 3): Connection reset by peer
09-12 15:19:04.012  4139  4147 W art     : Receiving file descriptor from ADB failed (socket 3): Connection reset by peer
09-12 15:19:04.012  4424  4431 W art     : Receiving file descriptor from ADB failed (socket 3): Connection reset by peer
09-12 15:19:04.013  3909  3916 W art     : Receiving file descriptor from ADB failed (socket 3): Connection reset by peer
09-12 15:19:04.013  4356  4363 W art     : Receiving file descriptor from ADB failed (socket 30): Connection reset by peer
09-12 15:19:04.033  3549  4210 W ActivityManager: Finishing task with all activities already finished
09-12 15:19:04.033  3549  4210 W ActivityManager: Duplicate finish request for ActivityRecord{4e7de36 u0 com.android.settings/.deviceinfo.UsbModeChooserActivity t6 f}
09-12 15:19:04.192  3947  3947 W Settings: Setting bugreport_in_power_menu has moved from android.provider.Settings.Secure to android.provider.Settings.Global.
09-12 15:19:04.197  3947  4943 W TileUtils: Found com.android.settings.Settings$PaymentSettingsActivity for intent Intent { act=com.android.settings.action.SETTINGS pkg=com.android.settings } missing metadata com.android.settings.category
09-12 15:19:04.200  3947  4943 W TileUtils: Found com.android.systemui.tuner.TunerActivity for intent Intent { act=com.android.settings.action.EXTRA_SETTINGS } missing metadata 
09-12 15:19:04.591  4248  4248 I d.process.media: type=1400 audit(0.0:248): avc: denied { lock } for path="/data/data/com.android.providers.media/databases/external.db-shm" dev="sda24" ino=2015529 scontext=u:r:priv_app:s0:c512,c768 tcontext=u:object_r:system_data_file:s0:c512,c768 tclass=file permissive=1
09-12 15:19:04.591  4248  4248 W d.process.media: type=1300 audit(0.0:248): arch=c00000b7 syscall=25 success=yes exit=0 a0=26 a1=6 a2=7ffbe144c8 a3=6 items=0 ppid=3166 auid=4294967295 uid=10009 gid=10009 euid=10009 suid=10009 fsuid=10009 egid=10009 sgid=10009 fsgid=10009 tty=(none) ses=4294967295 exe="/system/bin/app_process64" subj=u:r:priv_app:s0:c512,c768 key=(null)
09-12 15:19:04.591  3075  3075 W auditd  : type=1327 audit(0.0:248): proctitle="android.process.media"
09-12 15:19:04.591  3075  3075 W auditd  : type=1320 audit(0.0:248): 
09-12 15:19:04.642  4248  4248 D MtpService: starting MTP server in PTP mode
09-12 15:19:04.652  4248  4248 E MtpServerJNI: could not open MTP driver, errno: 2
09-12 15:19:04.671  4248  4248 D MtpService: Adding MTP storage 0x10001 at /storage/emulated/0
09-12 15:19:04.671  4248  4248 E MtpServerJNI: server is null in add_storage
09-12 15:19:04.672  4248  5019 E MtpServerJNI: server is null in run
09-12 15:19:04.672  4248  5019 E MtpServerJNI: server is null in cleanup
09-12 15:19:04.700  4248  4248 E MtpServerJNI: server is null in send_object_removed
09-12 15:19:07.151  3168  3379 V audio_hw_primary_abox: fast_out-out_standby: enter
09-12 15:19:07.152  3168  3379 I audio_hw_primary_abox: fast_out-out_standby: Transit to Idle
09-12 15:19:07.164  3168  3379 I audio_hw_primary_abox: fast_out-do_close_output_stream: Closed PCM Device
09-12 15:19:07.164  3168  3379 D audio_hw_primary_abox: fast_out-set_audio_route: [PLAYBACK] current-device(speaker) new-device(speaker) in cur-mode(normal) & new-mode(normal)!
09-12 15:19:07.185  3168  3379 I audio_hw_primary_abox: USAGE_SPKAMP-do_close_spkamp_stream: Closed PCM Device is /dev/snd/pcmC0D7p
09-12 15:19:07.192  3168  3379 I audio_hw_primary_abox: USAGE_SPKAMP-do_close_spkamp_stream: Closed PCM Device is /dev/snd/pcmC0D11c
09-12 15:19:07.198  3168  3379 I audio_hw_primary_abox: USAGE_SPKAMP-do_close_spkamp_stream: Closed PCM Device is /dev/snd/pcmC0D12c
09-12 15:19:07.200  3168  3379 I audio_hw_primary_abox: USAGE_SPKAMP-do_close_spkamp_stream: Closed PCM Device is /dev/snd/pcmC0D6p
09-12 15:19:07.201  3168  3379 I audio_route: > audio_route_update_path + : "media-speaker" reverse(1)
09-12 15:19:07.205  3168  3379 I audio_route: > audio_route_update_path - : changed(3)
09-12 15:19:07.206  3168  3379 D audio_hw_primary_abox: fast_out-do_set_route: Disabled Audio Route(media-speaker)
09-12 15:19:07.206  3168  3379 I audio_route: > audio_route_update_path + : "gain-media-speaker" reverse(1)
09-12 15:19:07.206  3168  3379 I audio_route: > audio_route_update_path - : changed(0)
09-12 15:19:07.206  3168  3379 D audio_hw_primary_abox: fast_out-do_set_route: Disabled Audio Gain(gain-media-speaker)
09-12 15:19:07.206  3168  3379 I audio_hw_primary_abox: fast_out-out_standby: Transit to Standby
09-12 15:19:07.206  3168  3379 V audio_hw_primary_abox: fast_out-out_standby: exit
09-12 15:19:12.332  3165  3165 D gpsd    : WakeLock(Acquire,GPSD)
09-12 15:19:12.332  3165  3165 D gpsd    : WakeLock(Release,GPSD)
09-12 15:19:12.332  3165  3165 D gpsd    : WakeLock(Acquire,GPSD)
09-12 15:19:12.333  3165  3165 D gpsd    : WakeLock(Release,GPSD)
09-12 15:19:12.347  3549  4208 I ActivityManager: Setting hasTopUi=true for pid=3684
09-12 15:19:12.349  3684  3684 D PhoneStatusBar: disable: < expand ICONS* alerts SYSTEM_INFO* back home recent clock search quick_settings >
09-12 15:19:12.361  5024  5024 V lhd     : GlLhdInterface::Init(/system/etc/lhd.conf)
09-12 15:19:12.361  5024  5024 E lhd     : SetCfgValue: Critical Error. Unknown configuration parameter "FlpName"="tcp"
09-12 15:19:12.361  5024  5024 V lhd     : SetCfgValue: LHD config "LheSerialControl"="BBD:Serial=TTY"
09-12 15:19:12.361  5024  5024 E lhd     : SetCfgValue: Critical Error. Unknown configuration parameter "LheClockMHz"="100"
09-12 15:19:12.361  5024  5024 V lhd     : SetCfgValue: LHD config "LhePatch"="/dev/bbd_patch"
09-12 15:19:12.361  5024  5024 V lhd     : SetCfgValue: LHD config "LheMaxMcuResetTries"="4"
09-12 15:19:12.361  5024  5024 V lhd     : SetCfgValue: LHD config "LheBbdPacket"="/dev/ttyBCM"
09-12 15:19:12.362  5024  5024 V lhd     : SetCfgValue: LHD config "LheBbdControl"="/dev/bbd_control"
09-12 15:19:12.362  5024  5024 V lhd     : SetCfgValue: LHD config "LheBbdSensor"="/dev/bbd_sensor"
09-12 15:19:12.362  5024  5024 V lhd     : SetCfgValue: LHD config "Lhe477xDebugFlags"="RPC:FACILITY=33:STDOUT_PUTS:STDOUT_LOG"
09-12 15:19:12.362  5024  5024 E lhd     : SetCfgValue: Critical Error. Unknown configuration parameter "LheSensorIpc"="true"
09-12 15:19:12.362  5024  5024 E lhd     : SetCfgValue: Critical Error. Unknown configuration parameter "LhePinMux"="P17=M1"
09-12 15:19:12.362  5024  5024 V lhd     : SetCfgValue: LHD config "LheAutoBaudDelayMS"="10"
09-12 15:19:12.362  5024  5024 V lhd     : SetCfgValue: LHD config "LheMaxMcuResetTries"="3"
09-12 15:19:12.362  5024  5024 E lhd     : OpenFirmwareFile: Fail to open /efs/sec_efs/sensorhub_urgent_fw.patch, errno 2
09-12 15:19:12.362  5024  5024 E lhd     : getCustPatchVersion: Fail to parse patch /efs/sec_efs/sensorhub_urgent_fw.patch
09-12 15:19:12.362  5024  5024 E lhd     : getCustPatchVersion: <CustomerVersion> not found
09-12 15:19:12.377  3684  3973 D mali_winsys: EGLint new_window_surface(egl_winsys_display*, void*, EGLSurface, EGLConfig, egl_winsys_surface**, egl_color_buffer_format*, EGLBoolean) returns 0x3000,  [1440x2960]-format:1
09-12 15:19:12.421  5024  5024 D lhd     : OnIpcConnect
09-12 15:19:12.421  3165  3165 D gpsd    : WakeLock(Acquire,GPSD)
09-12 15:19:12.421  3165  3165 D gpsd    : WakeLock(Release,GPSD)
09-12 15:19:12.421  3165  3165 D gpsd    : WakeLock(Acquire,GPSD)
09-12 15:19:12.421  3165  3165 D gpsd    : WakeLock(Release,GPSD)
09-12 15:19:13.292  3168  3379 D audio_hw_primary_abox: fast_out-set_audio_route: [PLAYBACK] current-device(none) new-device(speaker) in cur-mode(none) & new-mode(normal)!
09-12 15:19:13.292  3168  3379 I audio_hw_primary_abox: is_voice_wakeup : ret =  0  , wakeup_baby_cry_enabled = 0  ,  wakeup_mic_enabled = 0 
09-12 15:19:13.292  3168  3379 I audio_route: > audio_route_apply_path : "media-speaker"
09-12 15:19:13.295  3168  3379 I audio_route: > audio_route_update_path + : "media-speaker" reverse(0)
09-12 15:19:13.295  3168  3379 I audio_route: > audio_route_update_path - : changed(0)
09-12 15:19:13.295  3168  3379 D audio_hw_primary_abox: fast_out-do_set_route: Enabled Audio Route(media-speaker)
09-12 15:19:13.295  3168  3379 I audio_route: > audio_route_apply_path : "gain-media-speaker"
09-12 15:19:13.295  3168  3379 I audio_route: > audio_route_update_path + : "gain-media-speaker" reverse(0)
09-12 15:19:13.295  3168  3379 I audio_route: > audio_route_update_path - : changed(0)
09-12 15:19:13.295  3168  3379 D audio_hw_primary_abox: fast_out-do_set_route: Enabled Audio Gain(gain-media-speaker)
09-12 15:19:13.296  3168  3379 I audio_hw_primary_abox: [do_open_spkamp_stream] Opened PCM Device(/dev/snd/pcmC0D7p) configured Info: Channels(2)  Smapling Rate(48000), Format: Default(0)
09-12 15:19:13.299  3168  3379 I audio_hw_primary_abox: [do_open_spkamp_stream] Opened PCM Device(/dev/snd/pcmC0D11c) configured Info: Channels(2)  Smapling Rate(48000), Format: Default(0)
09-12 15:19:13.299  3549  4234 I ActivityManager: START u0 {act=android.intent.action.MAIN cat=[android.intent.category.LAUNCHER] flg=0x10008000 cmp=com.android.settings/.deviceinfo.UsbModeChooserActivity} from uid 1000 on display 0
09-12 15:19:13.301  3168  3379 I audio_hw_primary_abox: [do_open_spkamp_stream] Opened PCM Device(/dev/snd/pcmC0D12c) configured Info: Channels(2)  Smapling Rate(48000), Format: Default(0)
09-12 15:19:13.306  3168  3379 I audio_hw_primary_abox: [do_open_spkamp_stream] Opened PCM Device(/dev/snd/pcmC0D6p) configured Info: Channels(2)  Smapling Rate(48000), Format: Default(0)
09-12 15:19:13.316  3549  4208 E ActivityManager: applyOptionsLocked: Unknown animationType=0
09-12 15:19:13.325  3168  3379 I audio_hw_primary_abox: fast_out-do_open_output_stream: Opened PCM Device is /dev/snd/pcmC0D2p samplingRate(48000) pcmformat(0)
09-12 15:19:13.325  3168  3379 I audio_hw_primary_abox: fast_out-out_write: Transit to Idle
09-12 15:19:13.328  3168  3379 I audio_hw_primary_abox: fast_out-out_write: Transit to Playing
09-12 15:19:13.432  3947  3984 D mali_winsys: EGLint new_window_surface(egl_winsys_display*, void*, EGLSurface, EGLConfig, egl_winsys_surface**, egl_color_buffer_format*, EGLBoolean) returns 0x3000,  [1590x1643]-format:1
09-12 15:19:13.467  3947  3984 D mali_winsys: EGLint new_window_surface(egl_winsys_display*, void*, EGLSurface, EGLConfig, egl_winsys_surface**, egl_color_buffer_format*, EGLBoolean) returns 0x3000,  [336x336]-format:1
09-12 15:19:13.496  3549  3570 I ActivityManager: Displayed com.android.settings/.deviceinfo.UsbModeChooserActivity: +180ms
09-12 15:19:13.674  3549  4207 I ActivityManager: Setting hasTopUi=false for pid=3684
09-12 15:19:13.676  3684  3684 D PhoneStatusBar: disable: < expand icons* alerts system_info* back home recent clock search quick_settings >
09-12 15:19:13.715  3684  3973 D mali_winsys: EGLint new_window_surface(egl_winsys_display*, void*, EGLSurface, EGLConfig, egl_winsys_surface**, egl_color_buffer_format*, EGLBoolean) returns 0x3000,  [1440x84]-format:1
09-12 15:19:14.989  3549  3568 I UsbDeviceManager: Setting USB config to mtp,adb
09-12 15:19:14.992  3927  3934 W art     : Receiving file descriptor from ADB failed (socket 3): Connection reset by peer
09-12 15:19:14.992  3909  3916 W art     : Receiving file descriptor from ADB failed (socket 3): Connection reset by peer
09-12 15:19:14.994  4396  4403 W art     : Receiving file descriptor from ADB failed (socket 30): Connection reset by peer
09-12 15:19:14.994  3947  3957 W art     : Receiving file descriptor from ADB failed (socket 30): Connection reset by peer
09-12 15:19:14.995  3684  3691 W art     : Receiving file descriptor from ADB failed (socket 3): Connection reset by peer
09-12 15:19:15.014  3549  4245 W ActivityManager: Finishing task with all activities already finished
09-12 15:19:15.014  3549  4245 W ActivityManager: Duplicate finish request for ActivityRecord{ab401fb u0 com.android.settings/.deviceinfo.UsbModeChooserActivity t7 f}
09-12 15:19:15.154  3947  3947 W Settings: Setting bugreport_in_power_menu has moved from android.provider.Settings.Secure to android.provider.Settings.Global.
09-12 15:19:15.159  3947  4975 W TileUtils: Found com.android.settings.Settings$PaymentSettingsActivity for intent Intent { act=com.android.settings.action.SETTINGS pkg=com.android.settings } missing metadata com.android.settings.category
09-12 15:19:15.162  3947  4975 W TileUtils: Found com.android.systemui.tuner.TunerActivity for intent Intent { act=com.android.settings.action.EXTRA_SETTINGS } missing metadata 
09-12 15:19:15.185  3947  3947 I art     : Starting a blocking GC Explicit
09-12 15:19:15.225  3947  3947 I art     : Explicit concurrent mark sweep GC freed 46250(3MB) AllocSpace objects, 5(204KB) LOS objects, 40% free, 12MB/20MB, paused 131us total 39.236ms
09-12 15:19:15.244  3947  3947 I art     : Starting a blocking GC Explicit
09-12 15:19:15.270  3947  3947 I art     : Explicit concurrent mark sweep GC freed 18106(1039KB) AllocSpace objects, 0(0B) LOS objects, 39% free, 11MB/18MB, paused 140us total 25.212ms
09-12 15:19:15.529  3684  3689 I art     : Do full code cache collection, code=1008KB, data=828KB
09-12 15:19:15.532  3684  3689 I art     : Starting a blocking GC JitCodeCache
09-12 15:19:15.532  3684  3689 I art     : After code cache collection, code=941KB, data=730KB
09-12 15:19:15.610  4248  4248 D MtpService: starting MTP server in MTP mode
09-12 15:19:15.619  4248  4248 E MtpServerJNI: could not open MTP driver, errno: 2
09-12 15:19:15.629  4248  4248 D MtpService: Adding MTP storage 0x10001 at /storage/emulated/0
09-12 15:19:15.629  4248  4248 E MtpServerJNI: server is null in add_storage
09-12 15:19:15.630  4248  5040 E MtpServerJNI: server is null in run
09-12 15:19:15.630  4248  5040 E MtpServerJNI: server is null in cleanup
09-12 15:19:15.637  4248  4248 E MtpServerJNI: server is null in send_object_removed
09-12 15:19:18.125  3168  3379 V audio_hw_primary_abox: fast_out-out_standby: enter
09-12 15:19:18.125  3168  3379 I audio_hw_primary_abox: fast_out-out_standby: Transit to Idle
09-12 15:19:18.136  3168  3379 I audio_hw_primary_abox: fast_out-do_close_output_stream: Closed PCM Device
09-12 15:19:18.136  3168  3379 D audio_hw_primary_abox: fast_out-set_audio_route: [PLAYBACK] current-device(speaker) new-device(speaker) in cur-mode(normal) & new-mode(normal)!
09-12 15:19:18.157  3168  3379 I audio_hw_primary_abox: USAGE_SPKAMP-do_close_spkamp_stream: Closed PCM Device is /dev/snd/pcmC0D7p
09-12 15:19:18.164  3168  3379 I audio_hw_primary_abox: USAGE_SPKAMP-do_close_spkamp_stream: Closed PCM Device is /dev/snd/pcmC0D11c
09-12 15:19:18.170  3168  3379 I audio_hw_primary_abox: USAGE_SPKAMP-do_close_spkamp_stream: Closed PCM Device is /dev/snd/pcmC0D12c
09-12 15:19:18.173  3168  3379 I audio_hw_primary_abox: USAGE_SPKAMP-do_close_spkamp_stream: Closed PCM Device is /dev/snd/pcmC0D6p
09-12 15:19:18.173  3168  3379 I audio_route: > audio_route_update_path + : "media-speaker" reverse(1)
09-12 15:19:18.177  3168  3379 I audio_route: > audio_route_update_path - : changed(3)
09-12 15:19:18.178  3168  3379 D audio_hw_primary_abox: fast_out-do_set_route: Disabled Audio Route(media-speaker)
09-12 15:19:18.178  3168  3379 I audio_route: > audio_route_update_path + : "gain-media-speaker" reverse(1)
09-12 15:19:18.178  3168  3379 I audio_route: > audio_route_update_path - : changed(0)
09-12 15:19:18.178  3168  3379 D audio_hw_primary_abox: fast_out-do_set_route: Disabled Audio Gain(gain-media-speaker)
09-12 15:19:18.178  3168  3379 I audio_hw_primary_abox: fast_out-out_standby: Transit to Standby
09-12 15:19:18.178  3168  3379 V audio_hw_primary_abox: fast_out-out_standby: exit
09-12 15:19:18.938  4248  4248 D MtpService: starting MTP server in MTP mode
09-12 15:19:18.956  4248  4248 E MtpServerJNI: could not open MTP driver, errno: 2
09-12 15:19:18.973  4248  4248 D MtpService: Adding MTP storage 0x10001 at /storage/emulated/0
09-12 15:19:18.973  4248  4248 E MtpServerJNI: server is null in add_storage
09-12 15:19:18.974  4248  5051 E MtpServerJNI: server is null in run
09-12 15:19:18.975  4248  5051 E MtpServerJNI: server is null in cleanup
09-12 15:19:18.986  4248  4248 E MtpServerJNI: server is null in send_object_removed
09-12 15:19:19.131  4248  4248 D MtpService: starting MTP server in MTP mode
09-12 15:19:19.151  4248  4248 E MtpServerJNI: could not open MTP driver, errno: 2
09-12 15:19:19.170  4248  4248 D MtpService: Adding MTP storage 0x10001 at /storage/emulated/0
09-12 15:19:19.170  4248  4248 E MtpServerJNI: server is null in add_storage
09-12 15:19:19.171  4248  5054 E MtpServerJNI: server is null in run
09-12 15:19:19.171  4248  5054 E MtpServerJNI: server is null in cleanup
09-12 15:19:19.177  4248  4248 E MtpServerJNI: server is null in send_object_removed
09-12 15:19:24.456  3927  3932 I art     : Compiler allocated 6MB to compile boolean android.app.ApplicationThreadNative.onTransact(int, android.os.Parcel, android.os.Parcel, int)
09-12 18:14:09.487     1     1 I init    : type=1400 audit(0.0:15): avc: denied { write } for name="serialnumber" dev="configfs" ino=3401 scontext=u:r:init:s0 tcontext=u:object_r:configfs:s0 tclass=file permissive=1
09-12 15:19:27.436  3165  3165 D gpsd    : WakeLock(Acquire,GPSD)
09-12 15:19:27.437  3165  3165 D gpsd    : WakeLock(Release,GPSD)
09-12 15:19:27.437  3165  3165 D gpsd    : WakeLock(Acquire,GPSD)
09-12 15:19:27.438  3165  3165 D gpsd    : WakeLock(Release,GPSD)
09-12 15:19:27.508  5061  5061 V lhd     : GlLhdInterface::Init(/system/etc/lhd.conf)
09-12 15:19:27.509  5061  5061 E lhd     : SetCfgValue: Critical Error. Unknown configuration parameter "FlpName"="tcp"
09-12 15:19:27.509  5061  5061 V lhd     : SetCfgValue: LHD config "LheSerialControl"="BBD:Serial=TTY"
09-12 15:19:27.509  5061  5061 E lhd     : SetCfgValue: Critical Error. Unknown configuration parameter "LheClockMHz"="100"
09-12 15:19:27.509  5061  5061 V lhd     : SetCfgValue: LHD config "LhePatch"="/dev/bbd_patch"
09-12 15:19:27.509  5061  5061 V lhd     : SetCfgValue: LHD config "LheMaxMcuResetTries"="4"
09-12 15:19:27.509  5061  5061 V lhd     : SetCfgValue: LHD config "LheBbdPacket"="/dev/ttyBCM"
09-12 15:19:27.509  5061  5061 V lhd     : SetCfgValue: LHD config "LheBbdControl"="/dev/bbd_control"
09-12 15:19:27.509  5061  5061 V lhd     : SetCfgValue: LHD config "LheBbdSensor"="/dev/bbd_sensor"
09-12 15:19:27.509  5061  5061 V lhd     : SetCfgValue: LHD config "Lhe477xDebugFlags"="RPC:FACILITY=33:STDOUT_PUTS:STDOUT_LOG"
09-12 15:19:27.509  5061  5061 E lhd     : SetCfgValue: Critical Error. Unknown configuration parameter "LheSensorIpc"="true"
09-12 15:19:27.509  5061  5061 E lhd     : SetCfgValue: Critical Error. Unknown configuration parameter "LhePinMux"="P17=M1"
09-12 15:19:27.509  5061  5061 V lhd     : SetCfgValue: LHD config "LheAutoBaudDelayMS"="10"
09-12 15:19:27.509  5061  5061 V lhd     : SetCfgValue: LHD config "LheMaxMcuResetTries"="3"
09-12 15:19:27.509  5061  5061 E lhd     : OpenFirmwareFile: Fail to open /efs/sec_efs/sensorhub_urgent_fw.patch, errno 2
09-12 15:19:27.509  5061  5061 E lhd     : getCustPatchVersion: Fail to parse patch /efs/sec_efs/sensorhub_urgent_fw.patch
09-12 15:19:27.510  5061  5061 E lhd     : getCustPatchVersion: <CustomerVersion> not found
09-12 15:19:27.575  3165  3165 D gpsd    : WakeLock(Acquire,GPSD)
09-12 15:19:27.575  5061  5061 D lhd     : OnIpcConnect
09-12 15:19:27.575  3165  3165 D gpsd    : WakeLock(Release,GPSD)
09-12 15:19:27.575  3165  3165 D gpsd    : WakeLock(Acquire,GPSD)
09-12 15:19:27.575  3165  3165 D gpsd    : WakeLock(Release,GPSD)
09-12 15:19:42.593  3165  3165 D gpsd    : WakeLock(Acquire,GPSD)
09-12 15:19:42.593  3165  3165 D gpsd    : WakeLock(Release,GPSD)
09-12 15:19:42.594  3165  3165 D gpsd    : WakeLock(Acquire,GPSD)
09-12 15:19:42.594  3165  3165 D gpsd    : WakeLock(Release,GPSD)
09-12 15:19:42.665  5066  5066 V lhd     : GlLhdInterface::Init(/system/etc/lhd.conf)
09-12 15:19:42.666  5066  5066 E lhd     : SetCfgValue: Critical Error. Unknown configuration parameter "FlpName"="tcp"
09-12 15:19:42.666  5066  5066 V lhd     : SetCfgValue: LHD config "LheSerialControl"="BBD:Serial=TTY"
09-12 15:19:42.666  5066  5066 E lhd     : SetCfgValue: Critical Error. Unknown configuration parameter "LheClockMHz"="100"
09-12 15:19:42.666  5066  5066 V lhd     : SetCfgValue: LHD config "LhePatch"="/dev/bbd_patch"
09-12 15:19:42.666  5066  5066 V lhd     : SetCfgValue: LHD config "LheMaxMcuResetTries"="4"
09-12 15:19:42.666  5066  5066 V lhd     : SetCfgValue: LHD config "LheBbdPacket"="/dev/ttyBCM"
09-12 15:19:42.666  5066  5066 V lhd     : SetCfgValue: LHD config "LheBbdControl"="/dev/bbd_control"
09-12 15:19:42.666  5066  5066 V lhd     : SetCfgValue: LHD config "LheBbdSensor"="/dev/bbd_sensor"
09-12 15:19:42.666  5066  5066 V lhd     : SetCfgValue: LHD config "Lhe477xDebugFlags"="RPC:FACILITY=33:STDOUT_PUTS:STDOUT_LOG"
09-12 15:19:42.666  5066  5066 E lhd     : SetCfgValue: Critical Error. Unknown configuration parameter "LheSensorIpc"="true"
09-12 15:19:42.666  5066  5066 E lhd     : SetCfgValue: Critical Error. Unknown configuration parameter "LhePinMux"="P17=M1"
09-12 15:19:42.666  5066  5066 V lhd     : SetCfgValue: LHD config "LheAutoBaudDelayMS"="10"
09-12 15:19:42.666  5066  5066 V lhd     : SetCfgValue: LHD config "LheMaxMcuResetTries"="3"
09-12 15:19:42.667  5066  5066 E lhd     : OpenFirmwareFile: Fail to open /efs/sec_efs/sensorhub_urgent_fw.patch, errno 2
09-12 15:19:42.667  5066  5066 E lhd     : getCustPatchVersion: Fail to parse patch /efs/sec_efs/sensorhub_urgent_fw.patch
09-12 15:19:42.667  5066  5066 E lhd     : getCustPatchVersion: <CustomerVersion> not found
09-12 15:19:42.732  3165  3165 D gpsd    : WakeLock(Acquire,GPSD)
09-12 15:19:42.732  3165  3165 D gpsd    : WakeLock(Release,GPSD)
09-12 15:19:42.732  5066  5066 D lhd     : OnIpcConnect
09-12 15:19:42.732  3165  3165 D gpsd    : WakeLock(Acquire,GPSD)
09-12 15:19:42.732  3165  3165 D gpsd    : WakeLock(Release,GPSD)
09-12 15:19:57.752  3165  3165 D gpsd    : WakeLock(Acquire,GPSD)
09-12 15:19:57.753  3165  3165 D gpsd    : WakeLock(Release,GPSD)
09-12 15:19:57.753  3165  3165 D gpsd    : WakeLock(Acquire,GPSD)
09-12 15:19:57.753  3165  3165 D gpsd    : WakeLock(Release,GPSD)
09-12 15:19:57.818  5071  5071 V lhd     : GlLhdInterface::Init(/system/etc/lhd.conf)
09-12 15:19:57.819  5071  5071 E lhd     : SetCfgValue: Critical Error. Unknown configuration parameter "FlpName"="tcp"
09-12 15:19:57.819  5071  5071 V lhd     : SetCfgValue: LHD config "LheSerialControl"="BBD:Serial=TTY"
09-12 15:19:57.819  5071  5071 E lhd     : SetCfgValue: Critical Error. Unknown configuration parameter "LheClockMHz"="100"
09-12 15:19:57.820  5071  5071 V lhd     : SetCfgValue: LHD config "LhePatch"="/dev/bbd_patch"
09-12 15:19:57.820  5071  5071 V lhd     : SetCfgValue: LHD config "LheMaxMcuResetTries"="4"
09-12 15:19:57.820  5071  5071 V lhd     : SetCfgValue: LHD config "LheBbdPacket"="/dev/ttyBCM"
09-12 15:19:57.820  5071  5071 V lhd     : SetCfgValue: LHD config "LheBbdControl"="/dev/bbd_control"
09-12 15:19:57.820  5071  5071 V lhd     : SetCfgValue: LHD config "LheBbdSensor"="/dev/bbd_sensor"
09-12 15:19:57.820  5071  5071 V lhd     : SetCfgValue: LHD config "Lhe477xDebugFlags"="RPC:FACILITY=33:STDOUT_PUTS:STDOUT_LOG"
09-12 15:19:57.820  5071  5071 E lhd     : SetCfgValue: Critical Error. Unknown configuration parameter "LheSensorIpc"="true"
09-12 15:19:57.820  5071  5071 E lhd     : SetCfgValue: Critical Error. Unknown configuration parameter "LhePinMux"="P17=M1"
09-12 15:19:57.820  5071  5071 V lhd     : SetCfgValue: LHD config "LheAutoBaudDelayMS"="10"
09-12 15:19:57.820  5071  5071 V lhd     : SetCfgValue: LHD config "LheMaxMcuResetTries"="3"
09-12 15:19:57.820  5071  5071 E lhd     : OpenFirmwareFile: Fail to open /efs/sec_efs/sensorhub_urgent_fw.patch, errno 2
09-12 15:19:57.820  5071  5071 E lhd     : getCustPatchVersion: Fail to parse patch /efs/sec_efs/sensorhub_urgent_fw.patch
09-12 15:19:57.820  5071  5071 E lhd     : getCustPatchVersion: <CustomerVersion> not found
09-12 15:19:57.885  3165  3165 D gpsd    : WakeLock(Acquire,GPSD)
09-12 15:19:57.886  5071  5071 D lhd     : OnIpcConnect
09-12 15:19:57.886  3165  3165 D gpsd    : WakeLock(Release,GPSD)
09-12 15:19:57.886  3165  3165 D gpsd    : WakeLock(Acquire,GPSD)
09-12 15:19:57.886  3165  3165 D gpsd    : WakeLock(Release,GPSD)
09-12 15:20:12.903  3165  3165 D gpsd    : WakeLock(Acquire,GPSD)
09-12 15:20:12.903  3165  3165 D gpsd    : WakeLock(Release,GPSD)
09-12 15:20:12.904  3165  3165 D gpsd    : WakeLock(Acquire,GPSD)
09-12 15:20:12.904  3165  3165 D gpsd    : WakeLock(Release,GPSD)
09-12 15:20:12.975  5103  5103 V lhd     : GlLhdInterface::Init(/system/etc/lhd.conf)
09-12 15:20:12.976  5103  5103 E lhd     : SetCfgValue: Critical Error. Unknown configuration parameter "FlpName"="tcp"
09-12 15:20:12.976  5103  5103 V lhd     : SetCfgValue: LHD config "LheSerialControl"="BBD:Serial=TTY"
09-12 15:20:12.976  5103  5103 E lhd     : SetCfgValue: Critical Error. Unknown configuration parameter "LheClockMHz"="100"
09-12 15:20:12.976  5103  5103 V lhd     : SetCfgValue: LHD config "LhePatch"="/dev/bbd_patch"
09-12 15:20:12.976  5103  5103 V lhd     : SetCfgValue: LHD config "LheMaxMcuResetTries"="4"
09-12 15:20:12.976  5103  5103 V lhd     : SetCfgValue: LHD config "LheBbdPacket"="/dev/ttyBCM"
09-12 15:20:12.976  5103  5103 V lhd     : SetCfgValue: LHD config "LheBbdControl"="/dev/bbd_control"
09-12 15:20:12.976  5103  5103 V lhd     : SetCfgValue: LHD config "LheBbdSensor"="/dev/bbd_sensor"
09-12 15:20:12.976  5103  5103 V lhd     : SetCfgValue: LHD config "Lhe477xDebugFlags"="RPC:FACILITY=33:STDOUT_PUTS:STDOUT_LOG"
09-12 15:20:12.976  5103  5103 E lhd     : SetCfgValue: Critical Error. Unknown configuration parameter "LheSensorIpc"="true"
09-12 15:20:12.976  5103  5103 E lhd     : SetCfgValue: Critical Error. Unknown configuration parameter "LhePinMux"="P17=M1"
09-12 15:20:12.976  5103  5103 V lhd     : SetCfgValue: LHD config "LheAutoBaudDelayMS"="10"
09-12 15:20:12.976  5103  5103 V lhd     : SetCfgValue: LHD config "LheMaxMcuResetTries"="3"
09-12 15:20:12.976  5103  5103 E lhd     : OpenFirmwareFile: Fail to open /efs/sec_efs/sensorhub_urgent_fw.patch, errno 2
09-12 15:20:12.976  5103  5103 E lhd     : getCustPatchVersion: Fail to parse patch /efs/sec_efs/sensorhub_urgent_fw.patch
09-12 15:20:12.976  5103  5103 E lhd     : getCustPatchVersion: <CustomerVersion> not found
09-12 15:20:13.042  3165  3165 D gpsd    : WakeLock(Acquire,GPSD)
09-12 15:20:13.042  3165  3165 D gpsd    : WakeLock(Release,GPSD)
09-12 15:20:13.042  5103  5103 D lhd     : OnIpcConnect
09-12 15:20:13.042  3165  3165 D gpsd    : WakeLock(Acquire,GPSD)
09-12 15:20:13.043  3165  3165 D gpsd    : WakeLock(Release,GPSD)
09-12 15:20:14.919  3549  3572 I PowerManagerService: Going to sleep due to screen timeout (uid 1000)...
09-12 15:20:14.925  3549  3572 I DreamManagerService: Entering dreamland.
09-12 15:20:14.928  3549  3572 I PowerManagerService: Dozing...
09-12 15:20:14.944  3549  3568 I DreamController: Starting dream: name=ComponentInfo{com.android.systemui/com.android.systemui.doze.DozeService}, isTest=false, canDoze=true, userId=0
09-12 15:20:14.992  3549  3563 I VrManagerService: VR mode is disallowed
09-12 15:20:15.033  3549  3572 V KeyguardServiceDelegate: onScreenTurnedOff()
09-12 15:20:15.034  3154  3154 D SurfaceFlinger: Set power mode=0, type=0 flinger=0x7f7e448000
09-12 15:20:15.034  3549  3570 I DisplayManagerService: Display device changed state: "Built-in Screen", OFF
09-12 15:20:15.040  3549  3570 W LocalDisplayAdapter: Unable to find color mode 0, ignoring request.
09-12 15:20:15.166  3549  3668 D SurfaceControl: Excessive delay in setPowerMode(): 131ms
09-12 15:20:15.188  3168  4008 D audio_hw_primary_abox: device-adev_set_parameters: enter with key(screen_state=off)
09-12 15:20:15.188  3168  4008 D audio_hw_primary_abox: device-adev_set_parameters: exit
09-12 15:20:15.227  4184  5106 D BrcmNfcJni: nfcManager_disableDiscovery: enter;
09-12 15:20:15.228  4184  5106 D BrcmNfcJni: pn544InteropAbortNow
09-12 15:20:15.228  4184  5106 D BrcmNfcJni: startRfDiscovery: is start=0
09-12 15:20:15.228  4184  5106 I BrcmNfcNfa: NFA_StopRfDiscovery ()
09-12 15:20:15.228  4184  4295 I BrcmNfcNfa: NFA got event 0x010F
09-12 15:20:15.228  4184  4295 I BrcmNfcNfa: nfa_dm_evt_hdlr event: NFA_DM_API_STOP_RF_DISCOVERY_EVT (0x0f)
09-12 15:20:15.228  4184  4295 I BrcmNfcNfa: nfa_dm_act_stop_rf_discovery ()
09-12 15:20:15.228  4184  4295 I BrcmNfcNfa: nfa_dm_rf_deactivate () deactivate_type:0x0
09-12 15:20:15.228  4184  4295 I BrcmNfcNfa: nfa_dm_disc_sm_execute (): state: DISCOVERY (1), event: DEACTIVATE_CMD(6) disc_flags: 0x2
09-12 15:20:15.228  4184  4295 I BrcmNfcNfa: NFC_Deactivate 4 (IDLE) deactivate_type:0
09-12 15:20:15.228  4184  4295 D NfcAdaptation: NfcAdaptation::HalWrite
09-12 15:20:15.228  4184  4295 I SecHAL  : nfc_hal_write: enter;
09-12 15:20:15.228  4184  4295 I SecHAL  : nfc_hal_write: exit;
09-12 15:20:15.228  4184  4295 I BrcmNfcNfa: nfa_dm_disc_sm_execute (): new state: DISCOVERY (1), disc_flags: 0x22
09-12 15:20:15.228  4184  4295 I BrcmNfcNfa: nfa_sys_ptim_stop_timer 963ff010
09-12 15:20:15.228  4184  4295 I BrcmNfcNfa: ptim timer stop
09-12 15:20:15.228  4184  4295 I BrcmNfcNfa: Stopped presence check timer (if started)
09-12 15:20:15.228  4184  4317 D SecHAL  : nfc_hal_task: Got a event: HAL_EVT_WRITE(3)
09-12 15:20:15.228  4184  4317 D SecHAL  : nfc_hal_task: current state: SERVICE
09-12 15:20:15.228  4184  4317 I SecHAL  : device_wakeup: Wakeup! in 80 ms
09-12 15:20:15.309  4184  4317 I SecHAL  : device_wakeup: exit
09-12 15:20:15.309  4184  4317 I SecHAL  : OSI_timer_start: enter,osi_lock
09-12 15:20:15.309  4184  4317 I SecHAL  : OSI_timer_start: before pthread_create for timer thread
09-12 15:20:15.309  4184  4317 I SecHAL  : OSI_timer_start: after pthread_create for timer thread
09-12 15:20:15.309  4184  4317 I SecHAL  : OSI_timer_start: before osi_unlock
09-12 15:20:15.309  4184  4317 I SecHAL  : OSI_timer_start: exit
09-12 15:20:15.309  4184  4317 I SecHAL  : device_write: enter
09-12 15:20:15.309  4184  4317 I SecHAL  : device_write: before system call
09-12 15:20:15.310  4184  4317 I SecHAL  : device_write: after system call
09-12 15:20:15.310  4184  4317 D SecHAL  : data_trace:  Send(  4) 21 06 01   00 
09-12 15:20:15.310  4184  4317 I SecHAL  : device_write: exit
09-12 15:20:15.312  4184  4316 D SecHAL  : read_thread: Sent message to HAL message task, remind que: 2
09-12 15:20:15.312  4184  4317 D SecHAL  : nfc_hal_task: Got a event: HAL_EVT_READ(4)
09-12 15:20:15.312  4184  4317 D SecHAL  : nfc_hal_task: current state: SERVICE
09-12 15:20:15.313  4184  4317 D SecHAL  : data_trace:  Recv(  4) 41 06 01   00 
09-12 15:20:15.313  4184  4317 I SecHAL  : OSI_timer_start: enter,osi_lock
09-12 15:20:15.313  4184  4317 I SecHAL  : OSI_timer_start: before osi_unlock
09-12 15:20:15.313  4184  4317 I SecHAL  : OSI_timer_start: exit
09-12 15:20:15.313  4184  4317 I SecHAL  : nfc_data_callback: !
09-12 15:20:15.313  4184  4317 D NfcAdaptation: NfcAdaptation::HalDeviceContextDataCallback: len=4
09-12 15:20:15.313  4184  4295 I BrcmNfcNfa: NFC received rsp gid:1
09-12 15:20:15.313  4184  4295 I BrcmNfcNfa: p2p priority is running under bail out mode ONLY.
09-12 15:20:15.313  4184  4295 I BrcmNfcNfa: nfc_set_state 4 (IDLE)->4 (IDLE)
09-12 15:20:15.313  4184  4295 I BrcmNfcNfa: nfa_dm_disc_data_cback ()
09-12 15:20:15.313  4184  4295 I BrcmNfcNfa: nfa_dm_disc_discovery_cback (): event:0x4005
09-12 15:20:15.313  4184  4295 I BrcmNfcNfa: nfa_dm_disc_sm_execute (): state: DISCOVERY (1), event: DEACTIVATE_RSP(7) disc_flags: 0x22
09-12 15:20:15.313  4184  4295 I BrcmNfcNfa: nfa_dm_disc_new_state (): old_state: DISCOVERY (1), new_state: IDLE (0) disc_flags: 0x2
09-12 15:20:15.313  4184  4295 D BrcmNfcJni: nfaConnectionCallback: event= 31
09-12 15:20:15.313  4184  4295 D BrcmNfcJni: nfaConnectionCallback: NFA_RF_DISCOVERY_STOPPED_EVT: status = 0
09-12 15:20:15.313  4184  4295 I BrcmNfcNfa: nfa_dm_start_rf_discover ()
09-12 15:20:15.313  4184  4295 I BrcmNfcNfa: nfa_dm_disc_sm_execute (): new state: IDLE (0), disc_flags: 0x0
09-12 15:20:15.313  4184  5106 D BrcmNfcJni: stopPolling_rfDiscoveryDisabled: disable polling
09-12 15:20:15.314  4184  5106 I BrcmNfcNfa: NFA_DisablePolling ()
09-12 15:20:15.314  4184  4295 I BrcmNfcNfa: NFA got event 0x0107
09-12 15:20:15.314  4184  4295 I BrcmNfcNfa: nfa_dm_evt_hdlr event: NFA_DM_API_DISABLE_POLLING_EVT (0x07)
09-12 15:20:15.314  4184  4295 I BrcmNfcNfa: nfa_dm_act_disable_polling ()
09-12 15:20:15.314  4184  4295 I BrcmNfcNfa: nfa_dm_deactivate_polling ()
09-12 15:20:15.314  4184  4295 I BrcmNfcNfa: nfa_dm_delete_rf_discover () handle=0x1
09-12 15:20:15.314  4184  4295 D BrcmNfcJni: nfaConnectionCallback: event= 1
09-12 15:20:15.314  4184  4295 D BrcmNfcJni: nfaConnectionCallback: NFA_POLL_DISABLED_EVT: status = 0
09-12 15:20:15.315  4184  5106 D BrcmNfcJni: PeerToPeer::enableP2pListening: enter isEnable: 0  mIsP2pListening: 1
09-12 15:20:15.315  4184  5106 I BrcmNfcNfa: NFA_P2pSetListenTech (): tech_mask:0x0
09-12 15:20:15.315  4184  4295 I BrcmNfcNfa: NFA got event 0x010D
09-12 15:20:15.315  4184  4295 I BrcmNfcNfa: nfa_dm_evt_hdlr event: NFA_DM_API_SET_P2P_LISTEN_TECH_EVT (0x0d)
09-12 15:20:15.315  4184  4295 I BrcmNfcNfa: nfa_dm_set_p2p_listen_tech ()  tech_mask = 0
09-12 15:20:15.315  4184  4295 I BrcmNfcNfa: nfa_p2p_update_listen_tech ()  tech_mask = 0x0
09-12 15:20:15.315  4184  4295 I BrcmNfcNfa: nfa_dm_delete_rf_discover () handle=0x2
09-12 15:20:15.315  4184  4295 I BrcmNfcNfa: nfa_p2p_enable_listening () sys_id = 3, update_wks = 0
09-12 15:20:15.315  4184  4295 D BrcmNfcJni: nfaConnectionCallback: event= 33
09-12 15:20:15.315  4184  4295 D BrcmNfcJni: nfaConnectionCallback: NFA_SET_P2P_LISTEN_TECH_EVT
09-12 15:20:15.315  4184  5106 D BrcmNfcJni: PeerToPeer::enableP2pListening: exit; mIsP2pListening: 0
09-12 15:20:15.315  4184  5106 D BrcmNfcJni: PowerSwitch::setModeOff(deactivated=0x1) : mCurrActivity=0x0
09-12 15:20:15.315  4184  5106 D BrcmNfcJni: PowerSwitch::setLevel: level=PS-LOW-POWER (2)
09-12 15:20:15.315  4184  5106 D BrcmNfcJni: PowerSwitch::setLevel: actual power level=PS-FULL
09-12 15:20:15.315  4184  5106 D BrcmNfcJni: nfcManager_disableDiscovery: exit
09-12 15:20:15.369  3549  3564 I WindowManager: OverscanTimeout run
09-12 15:20:16.586  4184  5108 I SecHAL  : device_sleep: NFC can be going to sleep
09-12 15:20:20.011  3549  3958 I ActivityManager: Setting hasTopUi=true for pid=3684
09-12 15:20:20.075  3684  3684 D PhoneStatusBar: disable: < expand ICONS* alerts SYSTEM_INFO* back home recent clock search quick_settings >
09-12 15:20:20.272  3684  3973 D mali_winsys: EGLint new_window_surface(egl_winsys_display*, void*, EGLSurface, EGLConfig, egl_winsys_surface**, egl_color_buffer_format*, EGLBoolean) returns 0x3000,  [1440x2960]-format:1
09-12 15:20:20.326  3684  3684 D PhoneStatusBar: disable: < expand ICONS alerts SYSTEM_INFO back HOME* RECENT* clock SEARCH* quick_settings >
09-12 15:20:28.059  3165  3165 D gpsd    : WakeLock(Acquire,GPSD)
09-12 15:20:28.060  3165  3165 D gpsd    : WakeLock(Release,GPSD)
09-12 15:20:28.060  3165  3165 D gpsd    : WakeLock(Acquire,GPSD)
09-12 15:20:28.061  3165  3165 D gpsd    : WakeLock(Release,GPSD)
09-12 15:20:28.127  5113  5113 V lhd     : GlLhdInterface::Init(/system/etc/lhd.conf)
09-12 15:20:28.128  5113  5113 E lhd     : SetCfgValue: Critical Error. Unknown configuration parameter "FlpName"="tcp"
09-12 15:20:28.128  5113  5113 V lhd     : SetCfgValue: LHD config "LheSerialControl"="BBD:Serial=TTY"
09-12 15:20:28.128  5113  5113 E lhd     : SetCfgValue: Critical Error. Unknown configuration parameter "LheClockMHz"="100"
09-12 15:20:28.128  5113  5113 V lhd     : SetCfgValue: LHD config "LhePatch"="/dev/bbd_patch"
09-12 15:20:28.128  5113  5113 V lhd     : SetCfgValue: LHD config "LheMaxMcuResetTries"="4"
09-12 15:20:28.128  5113  5113 V lhd     : SetCfgValue: LHD config "LheBbdPacket"="/dev/ttyBCM"
09-12 15:20:28.128  5113  5113 V lhd     : SetCfgValue: LHD config "LheBbdControl"="/dev/bbd_control"
09-12 15:20:28.128  5113  5113 V lhd     : SetCfgValue: LHD config "LheBbdSensor"="/dev/bbd_sensor"
09-12 15:20:28.128  5113  5113 V lhd     : SetCfgValue: LHD config "Lhe477xDebugFlags"="RPC:FACILITY=33:STDOUT_PUTS:STDOUT_LOG"
09-12 15:20:28.128  5113  5113 E lhd     : SetCfgValue: Critical Error. Unknown configuration parameter "LheSensorIpc"="true"
09-12 15:20:28.128  5113  5113 E lhd     : SetCfgValue: Critical Error. Unknown configuration parameter "LhePinMux"="P17=M1"
09-12 15:20:28.128  5113  5113 V lhd     : SetCfgValue: LHD config "LheAutoBaudDelayMS"="10"
09-12 15:20:28.128  5113  5113 V lhd     : SetCfgValue: LHD config "LheMaxMcuResetTries"="3"
09-12 15:20:28.128  5113  5113 E lhd     : OpenFirmwareFile: Fail to open /efs/sec_efs/sensorhub_urgent_fw.patch, errno 2
09-12 15:20:28.128  5113  5113 E lhd     : getCustPatchVersion: Fail to parse patch /efs/sec_efs/sensorhub_urgent_fw.patch
09-12 15:20:28.129  5113  5113 E lhd     : getCustPatchVersion: <CustomerVersion> not found
09-12 15:20:28.194  3165  3165 D gpsd    : WakeLock(Acquire,GPSD)
09-12 15:20:28.194  5113  5113 D lhd     : OnIpcConnect
09-12 15:20:28.194  3165  3165 D gpsd    : WakeLock(Release,GPSD)
09-12 15:20:28.194  3165  3165 D gpsd    : WakeLock(Acquire,GPSD)
09-12 15:20:28.194  3165  3165 D gpsd    : WakeLock(Release,GPSD)
09-12 15:20:35.858  4248  4248 E MtpServerJNI: server is null in send_object_removed
09-12 15:20:35.900  3549  3566 E BatteryStatsService: no controller energy info supplied
09-12 15:20:35.908  3549  4245 E BatteryStatsService: power: Missing API
09-12 15:20:43.209  3165  3165 D gpsd    : WakeLock(Acquire,GPSD)
09-12 15:20:43.210  3165  3165 D gpsd    : WakeLock(Release,GPSD)
09-12 15:20:43.211  3165  3165 D gpsd    : WakeLock(Acquire,GPSD)
09-12 15:20:43.211  3165  3165 D gpsd    : WakeLock(Release,GPSD)
09-12 15:20:43.282  5118  5118 V lhd     : GlLhdInterface::Init(/system/etc/lhd.conf)
09-12 15:20:43.282  5118  5118 E lhd     : SetCfgValue: Critical Error. Unknown configuration parameter "FlpName"="tcp"
09-12 15:20:43.282  5118  5118 V lhd     : SetCfgValue: LHD config "LheSerialControl"="BBD:Serial=TTY"
09-12 15:20:43.282  5118  5118 E lhd     : SetCfgValue: Critical Error. Unknown configuration parameter "LheClockMHz"="100"
09-12 15:20:43.282  5118  5118 V lhd     : SetCfgValue: LHD config "LhePatch"="/dev/bbd_patch"
09-12 15:20:43.282  5118  5118 V lhd     : SetCfgValue: LHD config "LheMaxMcuResetTries"="4"
09-12 15:20:43.282  5118  5118 V lhd     : SetCfgValue: LHD config "LheBbdPacket"="/dev/ttyBCM"
09-12 15:20:43.283  5118  5118 V lhd     : SetCfgValue: LHD config "LheBbdControl"="/dev/bbd_control"
09-12 15:20:43.283  5118  5118 V lhd     : SetCfgValue: LHD config "LheBbdSensor"="/dev/bbd_sensor"
09-12 15:20:43.283  5118  5118 V lhd     : SetCfgValue: LHD config "Lhe477xDebugFlags"="RPC:FACILITY=33:STDOUT_PUTS:STDOUT_LOG"
09-12 15:20:43.283  5118  5118 E lhd     : SetCfgValue: Critical Error. Unknown configuration parameter "LheSensorIpc"="true"
09-12 15:20:43.283  5118  5118 E lhd     : SetCfgValue: Critical Error. Unknown configuration parameter "LhePinMux"="P17=M1"
09-12 15:20:43.283  5118  5118 V lhd     : SetCfgValue: LHD config "LheAutoBaudDelayMS"="10"
09-12 15:20:43.283  5118  5118 V lhd     : SetCfgValue: LHD config "LheMaxMcuResetTries"="3"
09-12 15:20:43.284  5118  5118 E lhd     : OpenFirmwareFile: Fail to open /efs/sec_efs/sensorhub_urgent_fw.patch, errno 2
09-12 15:20:43.284  5118  5118 E lhd     : getCustPatchVersion: Fail to parse patch /efs/sec_efs/sensorhub_urgent_fw.patch
09-12 15:20:43.284  5118  5118 E lhd     : getCustPatchVersion: <CustomerVersion> not found
09-12 15:20:43.349  3165  3165 D gpsd    : WakeLock(Acquire,GPSD)
09-12 15:20:43.349  3165  3165 D gpsd    : WakeLock(Release,GPSD)
09-12 15:20:43.349  5118  5118 D lhd     : OnIpcConnect
09-12 15:20:43.349  3165  3165 D gpsd    : WakeLock(Acquire,GPSD)
09-12 15:20:43.349  3165  3165 D gpsd    : WakeLock(Release,GPSD)
09-12 15:20:58.367  3165  3165 D gpsd    : WakeLock(Acquire,GPSD)
09-12 15:20:58.368  3165  3165 D gpsd    : WakeLock(Release,GPSD)
09-12 15:20:58.368  3165  3165 D gpsd    : WakeLock(Acquire,GPSD)
09-12 15:20:58.368  3165  3165 D gpsd    : WakeLock(Release,GPSD)
09-12 15:20:58.438  5123  5123 V lhd     : GlLhdInterface::Init(/system/etc/lhd.conf)
09-12 15:20:58.439  5123  5123 E lhd     : SetCfgValue: Critical Error. Unknown configuration parameter "FlpName"="tcp"
09-12 15:20:58.439  5123  5123 V lhd     : SetCfgValue: LHD config "LheSerialControl"="BBD:Serial=TTY"
09-12 15:20:58.439  5123  5123 E lhd     : SetCfgValue: Critical Error. Unknown configuration parameter "LheClockMHz"="100"
09-12 15:20:58.440  5123  5123 V lhd     : SetCfgValue: LHD config "LhePatch"="/dev/bbd_patch"
09-12 15:20:58.440  5123  5123 V lhd     : SetCfgValue: LHD config "LheMaxMcuResetTries"="4"
09-12 15:20:58.440  5123  5123 V lhd     : SetCfgValue: LHD config "LheBbdPacket"="/dev/ttyBCM"
09-12 15:20:58.440  5123  5123 V lhd     : SetCfgValue: LHD config "LheBbdControl"="/dev/bbd_control"
09-12 15:20:58.440  5123  5123 V lhd     : SetCfgValue: LHD config "LheBbdSensor"="/dev/bbd_sensor"
09-12 15:20:58.440  5123  5123 V lhd     : SetCfgValue: LHD config "Lhe477xDebugFlags"="RPC:FACILITY=33:STDOUT_PUTS:STDOUT_LOG"
