09-08 14:04:09.388  3558  4415 I BootReceiver: Checking for fsck errors
09-08 14:04:09.399  3075  3075 W auditd  : type=1325 audit(0.0:197): table=filter family=2 entries=100
09-08 14:04:09.399  3075  3075 W auditd  : type=1320 audit(0.0:197): 
09-08 14:04:09.404  4416  4416 D BlockedNumbersAuto: Not attempting auto-migrate: already checked once.
09-08 14:04:09.407  3075  3075 W auditd  : type=1325 audit(0.0:198): table=filter family=10 entries=111
09-08 14:04:09.407  3075  3075 W auditd  : type=1320 audit(0.0:198): 
09-08 14:04:09.436  3839  3839 V OtaStartupReceiver: onOtaspChanged: mOtaspMode=3
09-08 14:04:09.436  3839  3839 D CarrierConfigLoader: mHandler: 13 phoneId: 0
09-08 14:04:09.437  3839  3839 D CarrierConfigLoader: mHandler: 7 phoneId: 0
09-08 14:04:09.439  3839  3839 E CarrierConfigLoader: java.io.FileNotFoundException: /data/user_de/0/com.android.phone/files/carrierconfig-com.android.carrierconfig-89543420816751226808-72234.xml (No such file or directory)
09-08 14:04:09.439  3839  3839 D CarrierConfigLoader: Binding to com.android.carrierconfig for phone 0
09-08 14:04:09.450  3558  3569 I ActivityManager: Start proc 4437:com.cyanogenmod.settings.device/1000 for broadcast com.cyanogenmod.settings.device/.BootCompletedReceiver
09-08 14:04:09.450  4416  4436 W CountryDetector: No location permissions, not registering for location updates.
09-08 14:04:09.453  4128  4128 D DefaultCarrierConfigService: Service created
09-08 14:04:09.453  3839  3839 D CarrierConfigLoader: mHandler: 7 phoneId: 1
09-08 14:04:09.455  3839  3839 E CarrierConfigLoader: Cannot restore config with null packageName or iccid.
09-08 14:04:09.455  3839  3839 D CarrierConfigLoader: Binding to com.android.carrierconfig for phone 1
09-08 14:04:09.458  3839  3839 D CarrierConfigLoader: Connected to config app: com.android.carrierconfig/com.android.carrierconfig.DefaultCarrierConfigService
09-08 14:04:09.458  3839  3839 D CarrierConfigLoader: Connected to config app: com.android.carrierconfig/com.android.carrierconfig.DefaultCarrierConfigService
09-08 14:04:09.458  3839  3839 D CarrierConfigLoader: mHandler: 3 phoneId: 0
09-08 14:04:09.458  4128  4140 D DefaultCarrierConfigService: Config being fetched
09-08 14:04:09.459  4128  4140 D DefaultCarrierConfigService: java.io.FileNotFoundException: carrier_config_72234.xml
09-08 14:04:09.459  3839  3839 D CarrierConfigLoader: mHandler: 3 phoneId: 1
09-08 14:04:09.460  4128  4141 D DefaultCarrierConfigService: Config being fetched
09-08 14:04:09.460  4128  4141 D DefaultCarrierConfigService: java.io.FileNotFoundException: carrier_config_.xml
09-08 14:04:09.460  3839  3839 E CarrierConfigLoader: Cannot save config with null packageName or iccid.
09-08 14:04:09.461  3839  3839 D CarrierConfigLoader: mHandler: 5 phoneId: 0
09-08 14:04:09.477  3558  4246 I ActivityManager: Start proc 4451:android.process.acore/u0a2 for content provider com.android.providers.contacts/.CallLogProvider
09-08 14:04:09.479  3839  3839 D CarrierConfigLoader: mHandler: 5 phoneId: 1
09-08 14:04:09.483  4437  4437 W System  : ClassLoader referenced unknown path: /system/app/AdvancedDisplay/lib/arm64
09-08 14:04:09.495  3558  3558 I Telecom : PhoneAccountRegistrar: SimCallManager queried, returning: null: TSI.gSCMFU@ADw
09-08 14:04:09.509  3558  3558 I Telecom : PhoneAccountRegistrar: SimCallManager queried, returning: null: TSI.gSCMFU@AD0
09-08 14:04:09.510  4451  4451 W System  : ClassLoader referenced unknown path: /system/priv-app/ContactsProvider/lib/arm64
09-08 14:04:09.551  4437  4437 I settings.device: type=1400 audit(0.0:199): avc: denied { write } for name="scenario" dev="sysfs" ino=33552 scontext=u:r:system_app:s0 tcontext=u:object_r:sysfs:s0 tclass=file permissive=1
09-08 14:04:09.551  4437  4437 W settings.device: type=1300 audit(0.0:199): arch=c00000b7 syscall=48 success=yes exit=0 a0=ffffff9c a1=7f8b39f240 a2=2 a3=0 items=0 ppid=3165 auid=4294967295 uid=1000 gid=1000 euid=1000 suid=1000 fsuid=1000 egid=1000 sgid=1000 fsgid=1000 tty=(none) ses=4294967295 exe="/system/bin/app_process64" subj=u:r:system_app:s0 key=(null)
09-08 14:04:09.551  3075  3075 W auditd  : type=1327 audit(0.0:199): proctitle="com.cyanogenmod.settings.device"
09-08 14:04:09.551  3075  3075 W auditd  : type=1320 audit(0.0:199): 
09-08 14:04:09.608  3558  4248 I ActivityManager: Start proc 4470:com.android.calendar/u0a38 for broadcast com.android.calendar/.alerts.AlertReceiver
09-08 14:04:09.650  4470  4470 W System  : ClassLoader referenced unknown path: /system/app/Calendar/lib/arm64
09-08 14:04:09.763  4451  4451 I ContactsPerf: VoicemailContentProvider.onCreate start
09-08 14:04:09.764  4470  4470 D ExtensionsFactory: No custom extensions.
09-08 14:04:09.776  4451  4451 I ContactsPerf: VoicemailContentProvider.onCreate finish
09-08 14:04:09.787  4470  4470 D AlertReceiver: onReceive: a=android.intent.action.BOOT_COMPLETED Intent { act=android.intent.action.BOOT_COMPLETED flg=0x9000010 cmp=com.android.calendar/.alerts.AlertReceiver (has extras) }
09-08 14:04:09.790  4451  4451 W System  : ClassLoader referenced unknown path: /system/priv-app/BlockedNumberProvider/lib/arm64
09-08 14:04:09.792  4451  4451 D ApplicationLoaders: ignored Vulkan layer search path /system/priv-app/BlockedNumberProvider/lib/arm64:/system/lib64:/vendor/lib64 for namespace 0x7f9970d0f0
09-08 14:04:09.804  3688  3688 I LatinIME: Timeout waiting for dictionary load
09-08 14:04:09.804  4177  4177 I AlarmClock: AlarmInitReceiver android.intent.action.BOOT_COMPLETED
09-08 14:04:09.820  4451  4451 W System  : ClassLoader referenced unknown path: /system/app/UserDictionaryProvider/lib/arm64
09-08 14:04:09.824  4451  4451 D ApplicationLoaders: ignored Vulkan layer search path /system/app/UserDictionaryProvider/lib/arm64:/system/lib64:/vendor/lib64 for namespace 0x7f9970d160
09-08 14:04:09.859  4470  4495 D AlertService: 0 Action = android.intent.action.BOOT_COMPLETED
09-08 14:04:09.869  4470  4495 D AlertService: Scheduling next alarm with AlarmScheduler. sEventReminderReceived: null
09-08 14:04:09.892  3558  4249 I ActivityManager: Start proc 4498:com.android.email/u0a53 for broadcast com.android.email/.service.EmailBroadcastReceiver
09-08 14:04:09.907  3558  3718 I ActivityManager: Start proc 4512:com.android.providers.calendar/u0a5 for content provider com.android.providers.calendar/.CalendarProvider2
09-08 14:04:09.925  4378  4378 D WeatherUpdateService: onCreate
09-08 14:04:09.931  4378  4378 D WeatherUpdateService: Service started, but shouldn't update ... stopping
09-08 14:04:09.934  4378  4378 D WeatherUpdateService: onDestroy
09-08 14:04:09.956  4498  4498 W System  : ClassLoader referenced unknown path: /system/app/Email/lib/arm64
09-08 14:04:09.976  4512  4512 W System  : ClassLoader referenced unknown path: /system/priv-app/CalendarProvider/lib/arm64
09-08 14:04:10.018  4227  4375 I chatty  : uid=1027(nfc) com.android.nfc expire 1 line
09-08 14:04:10.141  4512  4512 I CalendarProvider2: Created com.android.providers.calendar.CalendarAlarmManager@11695c(com.android.providers.calendar.CalendarProvider2@eac1465)
09-08 14:04:10.220  4470  4495 D AlarmScheduler: No events found starting within 1 week.
09-08 14:04:10.296  3558  3853 I ActivityManager: Start proc 4535:com.android.exchange/u0a46 for service com.android.exchange/.service.EasService
09-08 14:04:10.322  4498  4549 D ActivityThread: Loading provider com.android.email.provider;com.android.email.notifier: com.android.email.provider.EmailProvider
09-08 14:04:10.331  4498  4550 D ActivityThread: Loading provider com.android.email.provider;com.android.email.notifier: com.android.email.provider.EmailProvider
09-08 14:04:10.337  4535  4535 W System  : ClassLoader referenced unknown path: /system/app/Exchange2/lib/arm64
09-08 14:04:10.386  4451  4456 I art     : Do partial code cache collection, code=29KB, data=21KB
09-08 14:04:10.387  4451  4456 I art     : After code cache collection, code=29KB, data=21KB
09-08 14:04:10.387  4451  4456 I art     : Increasing code cache capacity to 128KB
09-08 14:04:10.504  4498  4498 D BluetoothEmailBroadcastReceiver: Received android.intent.action.BOOT_COMPLETED
09-08 14:04:10.510  3688  3688 I SystemBroadcastReceiver: Boot has been completed
09-08 14:04:10.510  3688  3688 I SystemBroadcastReceiver: toggleAppIcon() : FLAG_SYSTEM = true
09-08 14:04:10.531  4549  4549 I com.android.email: type=1400 audit(0.0:200): avc: denied { lock } for comm=4173796E635461736B202331 path="/data/data/com.android.email/databases/EmailProvider.db" dev="sda24" ino=2015566 scontext=u:r:untrusted_app:s0:c512,c768 tcontext=u:object_r:system_data_file:s0:c512,c768 tclass=file permissive=1
09-08 14:04:10.531  4549  4549 W com.android.email: type=1300 audit(0.0:200): arch=c00000b7 syscall=25 success=yes exit=0 a0=22 a1=6 a2=7f944ab238 a3=0 items=0 ppid=3165 auid=4294967295 uid=10053 gid=10053 euid=10053 suid=10053 fsuid=10053 egid=10053 sgid=10053 fsgid=10053 tty=(none) ses=4294967295 comm=4173796E635461736B202331 exe="/system/bin/app_process64" subj=u:r:untrusted_app:s0:c512,c768 key=(null)
09-08 14:04:10.531  3075  3075 W auditd  : type=1327 audit(0.0:200): proctitle="com.android.email"
09-08 14:04:10.531  3075  3075 W auditd  : type=1320 audit(0.0:200): 
09-08 14:04:10.531  4549  4549 I com.android.email: type=1400 audit(0.0:201): avc: denied { getattr } for comm=4173796E635461736B202331 path="/data/data/com.android.email/databases/EmailProvider.db-journal" dev="sda24" ino=2015567 scontext=u:r:untrusted_app:s0:c512,c768 tcontext=u:object_r:system_data_file:s0:c512,c768 tclass=file permissive=1
09-08 14:04:10.531  4549  4549 W com.android.email: type=1300 audit(0.0:201): arch=c00000b7 syscall=79 success=yes exit=0 a0=ffffff9c a1=7f8e068d7b a2=7f944ab218 a3=0 items=0 ppid=3165 auid=4294967295 uid=10053 gid=10053 euid=10053 suid=10053 fsuid=10053 egid=10053 sgid=10053 fsgid=10053 tty=(none) ses=4294967295 comm=4173796E635461736B202331 exe="/system/bin/app_process64" subj=u:r:untrusted_app:s0:c512,c768 key=(null)
09-08 14:04:10.531  3075  3075 W auditd  : type=1327 audit(0.0:201): proctitle="com.android.email"
09-08 14:04:10.531  3075  3075 W auditd  : type=1320 audit(0.0:201): 
09-08 14:04:10.531  4549  4549 I com.android.email: type=1400 audit(0.0:202): avc: denied { read } for comm=4173796E635461736B202331 name="EmailProvider.db-journal" dev="sda24" ino=2015567 scontext=u:r:untrusted_app:s0:c512,c768 tcontext=u:object_r:system_data_file:s0:c512,c768 tclass=file permissive=1
09-08 14:04:10.531  4549  4549 W com.android.email: type=1300 audit(0.0:202): arch=c00000b7 syscall=56 success=yes exit=42 a0=ffffff9c a1=7f8e068d7b a2=a0000 a3=0 items=0 ppid=3165 auid=4294967295 uid=10053 gid=10053 euid=10053 suid=10053 fsuid=10053 egid=10053 sgid=10053 fsgid=10053 tty=(none) ses=4294967295 comm=4173796E635461736B202331 exe="/system/bin/app_process64" subj=u:r:untrusted_app:s0:c512,c768 key=(null)
09-08 14:04:10.531  3075  3075 W auditd  : type=1327 audit(0.0:202): proctitle="com.android.email"
09-08 14:04:10.531  3075  3075 W auditd  : type=1320 audit(0.0:202): 
09-08 14:04:10.538  3558  4248 I ActivityManager: Start proc 4560:com.android.managedprovisioning/u0a17 for broadcast com.android.managedprovisioning/.BootReminder
09-08 14:04:10.569  3558  3570 W ActivityManager: Unable to start service Intent { cmp=com.android.email/.service.AttachmentService } U=0: not found
09-08 14:04:10.570  3558  3569 W ActivityManager: Unable to start service Intent { cmp=com.android.email/.service.AttachmentService } U=0: not found
09-08 14:04:10.577  4560  4560 W System  : ClassLoader referenced unknown path: /system/priv-app/ManagedProvisioning/lib/arm64
09-08 14:04:10.592  4498  4554 W art     : Long monitor contention with owner AsyncTask #2 (4550) at android.database.sqlite.SQLiteDatabase com.android.email.provider.EmailProvider.getDatabase(android.content.Context)(EmailProvider.java:489) waiters=0 in void com.android.email.provider.AccountReconciler.reconcileAccounts(android.content.Context) for 206ms
09-08 14:04:10.602  4535  4535 I Exchange: EasService.onCreate
09-08 14:04:10.611  3558  3718 W ActivityManager: Unable to start service Intent { cmp=com.android.email/.service.AttachmentService } U=0: not found
09-08 14:04:10.633  4498  4574 I Email   : Observing account changes for notifications
09-08 14:04:10.691  4535  4578 I Exchange: RestartPingTask
09-08 14:04:10.718  3558  3876 I ActivityManager: Start proc 4580:com.android.messaging/u0a63 for broadcast com.android.messaging/.receiver.BootAndPackageReplacedReceiver
09-08 14:04:10.753  4535  4535 I Exchange: RestartPingsTask did not start any pings.
09-08 14:04:10.754  4535  4535 I Exchange: PSS stopIfIdle
09-08 14:04:10.755  4535  4535 I Exchange: PSS has no active accounts; stopping service.
09-08 14:04:10.757  4535  4535 I Exchange: onDestroy
09-08 14:04:10.761  4580  4580 W System  : ClassLoader referenced unknown path: /system/app/messaging/lib/arm64
09-08 14:04:10.765  4535  4535 I Exchange: EasService.onCreate
09-08 14:04:10.787  4535  4596 I Exchange: RestartPingTask
09-08 14:04:10.812  4535  4535 I Exchange: RestartPingsTask did not start any pings.
09-08 14:04:10.813  4535  4535 I Exchange: PSS stopIfIdle
09-08 14:04:10.814  4535  4535 I Exchange: PSS has no active accounts; stopping service.
09-08 14:04:10.816  4535  4535 I Exchange: onDestroy
09-08 14:04:10.885  4451  4488 I ContactLocale: AddressBook Labels [[es_ES]]: [, A, B, C, D, E, F, G, H, I, J, K, L, M, N, , O, P, Q, R, S, T, U, V, W, X, Y, Z, , , , , , , , , , , , , , , , , , , , , , , , , , , , , , , , , , , , , , , , , , , , , , , , , , , , , , , , , , , , , , , , , , , , , , , , , , , , , , , , , , , , , , , , , , , , , , , , , , , , , , , , , , , , , , , , , , , , , , , , , , , , , , , , , , , , , , , , , , , , , , , , , , , , , , , , , , , , , , , , , , , , , , , , , , , , , , , , , , , , , , , , , , , #, ]
09-08 14:04:10.911  4488  4488 I ContactsProvide: type=1400 audit(0.0:203): avc: denied { lock } for path="/data/data/com.android.providers.contacts/databases/contacts2.db" dev="sda24" ino=2015535 scontext=u:r:priv_app:s0:c512,c768 tcontext=u:object_r:system_data_file:s0:c512,c768 tclass=file permissive=1
09-08 14:04:10.911  4488  4488 W ContactsProvide: type=1300 audit(0.0:203): arch=c00000b7 syscall=25 success=yes exit=0 a0=2a a1=6 a2=7f94325e88 a3=d items=0 ppid=3165 auid=4294967295 uid=10002 gid=10002 euid=10002 suid=10002 fsuid=10002 egid=10002 sgid=10002 fsgid=10002 tty=(none) ses=4294967295 exe="/system/bin/app_process64" subj=u:r:priv_app:s0:c512,c768 key=(null)
09-08 14:04:10.911  3075  3075 W auditd  : type=1327 audit(0.0:203): proctitle="android.process.acore"
09-08 14:04:10.911  3075  3075 W auditd  : type=1320 audit(0.0:203): 
09-08 14:04:10.923  4488  4488 I ContactsProvide: type=1400 audit(0.0:204): avc: denied { write } for name="profile.db" dev="sda24" ino=2015540 scontext=u:r:priv_app:s0:c512,c768 tcontext=u:object_r:system_data_file:s0:c512,c768 tclass=file permissive=1
09-08 14:04:10.923  4488  4488 W ContactsProvide: type=1300 audit(0.0:204): arch=c00000b7 syscall=56 success=yes exit=46 a0=ffffff9c a1=7f8e0acec0 a2=a0042 a3=180 items=0 ppid=3165 auid=4294967295 uid=10002 gid=10002 euid=10002 suid=10002 fsuid=10002 egid=10002 sgid=10002 fsgid=10002 tty=(none) ses=4294967295 exe="/system/bin/app_process64" subj=u:r:priv_app:s0:c512,c768 key=(null)
09-08 14:04:10.923  3075  3075 W auditd  : type=1327 audit(0.0:204): proctitle="android.process.acore"
09-08 14:04:10.923  3075  3075 W auditd  : type=1320 audit(0.0:204): 
09-08 14:04:10.963  4488  4488 I ContactsProvide: type=1400 audit(0.0:205): avc: denied { setattr } for name="profile.db" dev="sda24" ino=2015540 scontext=u:r:priv_app:s0:c512,c768 tcontext=u:object_r:system_data_file:s0:c512,c768 tclass=file permissive=1
09-08 14:04:10.963  4488  4488 W ContactsProvide: type=1300 audit(0.0:205): arch=c00000b7 syscall=53 success=yes exit=0 a0=ffffff9c a1=7f8e16abe0 a2=1b0 a3=0 items=0 ppid=3165 auid=4294967295 uid=10002 gid=10002 euid=10002 suid=10002 fsuid=10002 egid=10002 sgid=10002 fsgid=10002 tty=(none) ses=4294967295 exe="/system/bin/app_process64" subj=u:r:priv_app:s0:c512,c768 key=(null)
09-08 14:04:10.963  3075  3075 W auditd  : type=1327 audit(0.0:205): proctitle="android.process.acore"
09-08 14:04:10.963  3075  3075 W auditd  : type=1320 audit(0.0:205): 
09-08 14:04:11.007  4119  4119 I Binder:3839_6: type=1400 audit(0.0:206): avc: denied { lock } for path="/data/user_de/0/com.android.providers.telephony/databases/telephony.db" dev="sda24" ino=3121269 scontext=u:r:radio:s0 tcontext=u:object_r:system_data_file:s0 tclass=file permissive=1
09-08 14:04:11.007  4119  4119 W Binder:3839_6: type=1300 audit(0.0:206): arch=c00000b7 syscall=25 success=yes exit=0 a0=24 a1=6 a2=7f770a5758 a3=0 items=0 ppid=3165 auid=4294967295 uid=1001 gid=1001 euid=1001 suid=1001 fsuid=1001 egid=1001 sgid=1001 fsgid=1001 tty=(none) ses=4294967295 exe="/system/bin/app_process64" subj=u:r:radio:s0 key=(null)
09-08 14:04:11.007  3075  3075 W auditd  : type=1327 audit(0.0:206): proctitle="com.android.phone"
09-08 14:04:11.007  3075  3075 W auditd  : type=1320 audit(0.0:206): 
09-08 14:04:11.020  4227  4603 I chatty  : uid=1027(nfc) Thread-2 expire 18 lines
09-08 14:04:11.021  4227  4604 I chatty  : uid=1027(nfc) Thread-3 expire 21 lines
09-08 14:04:11.021  4227  4605 I chatty  : uid=1027(nfc) Thread-4 expire 18 lines
09-08 14:04:11.030  3558  3570 I ActivityManager: Start proc 4606:com.android.onetimeinitializer/u0a18 for broadcast com.android.onetimeinitializer/.OneTimeInitializerReceiver
09-08 14:04:11.036  4227  4621 I chatty  : uid=1027(nfc) SoundPoolThread expire 1 line
09-08 14:04:11.036  4227  4334 I SecHAL  : nfc_hal_write: enter;
09-08 14:04:11.036  4227  4334 I SecHAL  : nfc_hal_write: exit;
09-08 14:04:11.036  4227  4339 D SecHAL  : nfc_hal_task: Got a event: HAL_EVT_WRITE(3)
09-08 14:04:11.036  4227  4339 D SecHAL  : nfc_hal_task: current state: SERVICE
09-08 14:04:11.036  4227  4339 I SecHAL  : OSI_timer_start: enter,osi_lock
09-08 14:04:11.036  4227  4339 I SecHAL  : OSI_timer_start: before osi_unlock
09-08 14:04:11.036  4227  4339 I SecHAL  : OSI_timer_start: exit
09-08 14:04:11.036  4227  4339 I SecHAL  : device_write: enter
09-08 14:04:11.036  4227  4339 I SecHAL  : device_write: before system call
09-08 14:04:11.037  4227  4339 I SecHAL  : device_write: after system call
09-08 14:04:11.037  4227  4339 D SecHAL  : data_trace:  Send(  5) 20 03 02   01 b9 
09-08 14:04:11.037  4227  4339 I SecHAL  : device_write: exit
09-08 14:04:11.037  4227  4338 D SecHAL  : read_thread: Sent message to HAL message task, remind que: 2
09-08 14:04:11.037  4227  4339 D SecHAL  : nfc_hal_task: Got a event: HAL_EVT_READ(4)
09-08 14:04:11.037  4227  4339 D SecHAL  : nfc_hal_task: current state: SERVICE
09-08 14:04:11.037  4227  4339 D SecHAL  : data_trace:  Recv(  7) 40 03 04   09 01 b9 00 
09-08 14:04:11.037  4227  4339 I SecHAL  : OSI_timer_start: enter,osi_lock
09-08 14:04:11.037  4227  4339 I SecHAL  : OSI_timer_start: before osi_unlock
09-08 14:04:11.037  4227  4339 I SecHAL  : OSI_timer_start: exit
09-08 14:04:11.037  4227  4339 I SecHAL  : nfc_data_callback: !
09-08 14:04:11.037  4227  4339 D NfcAdaptation: NfcAdaptation::HalDeviceContextDataCallback: len=7
09-08 14:04:11.037  4227  4334 I BrcmNfcNfa: NFC received rsp gid:0
09-08 14:04:11.037  4227  4334 I BrcmNfcNfa: nci_proc_core_rsp opcode:0x3
09-08 14:04:11.037  4227  4334 I BrcmNfcNfa: nfa_dm_nfc_response_cback () NFC_GET_CONFIG_REVT(0x5003)
09-08 14:04:11.037  4227  4334 D BrcmNfcJni: nfaDeviceManagementCallback: enter; event=0x3
09-08 14:04:11.038  4227  4334 D BrcmNfcJni: nfaDeviceManagementCallback: NFA_DM_GET_CONFIG_EVT
09-08 14:04:11.038  4227  4334 E BrcmNfcJni: nfaDeviceManagementCallback: NFA_DM_GET_CONFIG failed
09-08 14:04:11.038  4227  4330 E BrcmNfcJni: enableDisableLptd: Config TLV length 0 returned is too short
09-08 14:04:11.038  4227  4330 D BrcmNfcJni: startPolling_rfDiscoveryDisabled: enable polling
09-08 14:04:11.038  4227  4330 I BrcmNfcNfa: NFA_EnablePolling () 0x1
09-08 14:04:11.038  4227  4330 D BrcmNfcJni: startPolling_rfDiscoveryDisabled: wait for enable event
09-08 14:04:11.038  4227  4334 I BrcmNfcNfa: NFA got event 0x0106
09-08 14:04:11.038  4227  4334 I BrcmNfcNfa: nfa_dm_evt_hdlr event: NFA_DM_API_ENABLE_POLLING_EVT (0x06)
09-08 14:04:11.038  4227  4334 I BrcmNfcNfa: nfa_dm_act_enable_polling ()
09-08 14:04:11.038  4227  4334 I BrcmNfcNfa: nfa_dm_start_polling ()
09-08 14:04:11.038  4227  4334 I BrcmNfcNfa: nfa_dm_add_rf_discover () disc_mask=0x200f
09-08 14:04:11.038  4227  4334 D BrcmNfcJni: nfaConnectionCallback: event= 0
09-08 14:04:11.038  4227  4334 D BrcmNfcJni: nfaConnectionCallback: NFA_POLL_ENABLED_EVT: status = 0
09-08 14:04:11.038  4227  4330 D BrcmNfcJni: nfcManager_enableDiscovery: Enable p2pListening
09-08 14:04:11.038  4227  4330 I BrcmNfcNfa: NFA_EeSetDefaultTechRouting(): handle:<0x3>technology_mask:<0x1>/<0x0>/<0x0>
09-08 14:04:11.038  4227  4330 I BrcmNfcNfa: nfa_ee_find_ecb ()
09-08 14:04:11.038  4227  4330 E BrcmNfcNfa: Bad ee_handle
09-08 14:04:11.038  4227  4330 E BrcmNfcJni: Fail to set default tech routing for Nfc-A
09-08 14:04:11.038  4227  4330 I BrcmNfcNfa: NFA_EeSetDefaultProtoRouting(): handle:<0x3>protocol_mask:<0x8>/<0x0>/<0x0>
09-08 14:04:11.038  4227  4330 I BrcmNfcNfa: nfa_ee_find_ecb ()
09-08 14:04:11.038  4227  4330 E BrcmNfcNfa: Bad ee_handle
09-08 14:04:11.038  4227  4330 E BrcmNfcJni: Fail to set default proto routing for IsoDep
09-08 14:04:11.038  4227  4330 I BrcmNfcNfa: NFA_EeSetDefaultTechRouting(): handle:<0x0>technology_mask:<0x4>/<0x0>/<0x0>
09-08 14:04:11.038  4227  4330 I BrcmNfcNfa: nfa_ee_find_ecb ()
09-08 14:04:11.038  4227  4334 I BrcmNfcNfa: NFA got event 0x0204
09-08 14:04:11.038  4227  4334 I BrcmNfcNfa: nfa_ee_evt_hdlr (): Event API_SET_TECH_CFG(0x204), State: INIT_DONE(1)
09-08 14:04:11.038  4227  4334 I BrcmNfcNfa: nfa_ee_update_route_size nfcee_id:0x0 size_mask:5
09-08 14:04:11.038  4227  4334 I BrcmNfcNfa: nfa_ee_total_lmrt_size size:5
09-08 14:04:11.038  4227  4334 I BrcmNfcNfa: nfa_dm_is_active () flags:0x5
09-08 14:04:11.038  4227  4334 I BrcmNfcNfa: nfa_sys_ptim_start_timer 8e46fb80
09-08 14:04:11.038  4227  4334 I BrcmNfcNfa: ptim timer start
09-08 14:04:11.038  4227  4334 D BrcmNfcJni: RoutingManager::nfaEeCallback: NFA_EE_SET_TECH_CFG_EVT; status=0x0
09-08 14:04:11.038  4227  4330 I BrcmNfcNfa: NFA_EeSetDefaultProtoRouting(): handle:<0x0>protocol_mask:<0x4>/<0x0>/<0x0>
09-08 14:04:11.038  4227  4330 I BrcmNfcNfa: nfa_ee_find_ecb ()
09-08 14:04:11.038  4227  4334 I BrcmNfcNfa: NFA got event 0x0205
09-08 14:04:11.038  4227  4334 I BrcmNfcNfa: nfa_ee_evt_hdlr (): Event API_SET_PROTO_CFG(0x205), State: INIT_DONE(1)
09-08 14:04:11.038  4227  4334 I BrcmNfcNfa: nfa_ee_update_route_size nfcee_id:0x0 size_mask:10
09-08 14:04:11.038  4227  4334 I BrcmNfcNfa: nfa_ee_total_lmrt_size size:10
09-08 14:04:11.038  4227  4334 I BrcmNfcNfa: nfa_dm_is_active () flags:0x5
09-08 14:04:11.038  4227  4334 I BrcmNfcNfa: nfa_sys_ptim_start_timer 8e46fb80
09-08 14:04:11.038  4227  4334 D BrcmNfcJni: RoutingManager::nfaEeCallback: NFA_EE_SET_PROTO_CFG_EVT; status=0x0
09-08 14:04:11.038  4227  4330 D BrcmNfcJni: RoutingManager::commitRouting
09-08 14:04:11.038  4227  4330 I BrcmNfcNfa: NFA_EeUpdateNow()
09-08 14:04:11.038  4227  4334 I BrcmNfcNfa: NFA got event 0x0209
09-08 14:04:11.038  4227  4334 I BrcmNfcNfa: nfa_ee_evt_hdlr (): Event API_UPDATE_NOW(0x209), State: INIT_DONE(1)
09-08 14:04:11.038  4227  4334 I BrcmNfcNfa: nfa_sys_ptim_stop_timer 8e46fb80
09-08 14:04:11.038  4227  4334 I BrcmNfcNfa: ptim timer stop
09-08 14:04:11.038  4227  4334 I BrcmNfcNfa: nfa_ee_rout_timeout()
09-08 14:04:11.038  4227  4334 I BrcmNfcNfa: nfa_ee_need_recfg() ee_cfged: 0x90 ee_cfg_sts: 0x00
09-08 14:04:11.038  4227  4334 I BrcmNfcNfa: 0: ecb_flags  : 0x06, mask: 0x10
09-08 14:04:11.038  4227  4334 I BrcmNfcNfa: nfa_ee_update_rout ee_cfg_sts:0x00
09-08 14:04:11.038  4227  4334 I BrcmNfcNfa: nfa_ee_evt_hdlr (): Event CFG_TO_NFCC(0x217), State: INIT_DONE(1)
09-08 14:04:11.038  4227  4334 I BrcmNfcNfa: last_active: 0x1
09-08 14:04:11.038  4227  4334 I BrcmNfcNfa: nfa_ee_route_add_one_ecb max_len:1070, max_tlv:253, cur_offset:0, more:1, num_tlv:0
09-08 14:04:11.038  4227  4334 I BrcmNfcNfa: nfa_ee_total_lmrt_size size:10
09-08 14:04:11.038  4227  4334 I BrcmNfcNfa: ee_cfg_sts:0x01 lmrt_size:10
09-08 14:04:11.038  4227  4334 I BrcmNfcNfa: nfcee_id:0x1, last_active: 0x1
09-08 14:04:11.038  4227  4334 I BrcmNfcNfa: nfa_ee_route_add_one_ecb max_len:1070, max_tlv:253, cur_offset:15, more:0, num_tlv:3
09-08 14:04:11.038  4227  4334 I BrcmNfcNfa: nfa_ee_total_lmrt_size size:10
09-08 14:04:11.038  4227  4334 I BrcmNfcNfa: ee_cfg_sts:0x01 lmrt_size:10
09-08 14:04:11.038  4227  4334 I BrcmNfcNfa: nfa_ee_route_add_one_ecb: set routing num_tlv:3 tlv_size:10
09-08 14:04:11.038  4227  4334 D NfcAdaptation: NfcAdaptation::HalWrite
09-08 14:04:11.038  4227  4334 I SecHAL  : nfc_hal_write: enter;
09-08 14:04:11.038  4227  4334 I SecHAL  : nfc_hal_write: exit;
09-08 14:04:11.038  4227  4339 D SecHAL  : nfc_hal_task: Got a event: HAL_EVT_WRITE(3)
09-08 14:04:11.038  4227  4334 I BrcmNfcNfa: nfa_ee_update_rout ee_cfg_sts:0x10 ee_cfged:0x10
09-08 14:04:11.038  4227  4339 D SecHAL  : nfc_hal_task: current state: SERVICE
09-08 14:04:11.038  4227  4339 I SecHAL  : OSI_timer_start: enter,osi_lock
09-08 14:04:11.038  4227  4339 I SecHAL  : OSI_timer_start: before osi_unlock
09-08 14:04:11.038  4227  4339 I SecHAL  : OSI_timer_start: exit
09-08 14:04:11.038  4227  4339 I SecHAL  : device_write: enter
09-08 14:04:11.038  4227  4339 I SecHAL  : device_write: before system call
09-08 14:04:11.039  4227  4339 I SecHAL  : device_write: after system call
09-08 14:04:11.039  4227  4339 D SecHAL  : data_trace:  Send( 20) 21 01 11   00 03 00 03 00 01 02 01 03 00 01 03 01 03 00 01 05 
09-08 14:04:11.039  4227  4339 I SecHAL  : device_write: exit
09-08 14:04:11.044  3174  3801 I MediaPlayerService: MediaPlayerService::getOMX
09-08 14:04:11.044  4227  4623 I OMXClient: MuxOMX ctor
09-08 14:04:11.045  3171  3994 I OMXMaster: makeComponentInstance(OMX.google.vorbis.decoder) in mediacodec process
09-08 14:04:11.052  4227  4338 D SecHAL  : read_thread: Sent message to HAL message task, remind que: 2
09-08 14:04:11.052  4227  4339 D SecHAL  : nfc_hal_task: Got a event: HAL_EVT_READ(4)
09-08 14:04:11.052  4227  4339 D SecHAL  : nfc_hal_task: current state: SERVICE
09-08 14:04:11.052  4227  4339 D SecHAL  : data_trace:  Recv(  4) 41 01 01   00 
09-08 14:04:11.052  4227  4339 I SecHAL  : OSI_timer_start: enter,osi_lock
09-08 14:04:11.052  4227  4339 I SecHAL  : OSI_timer_start: before osi_unlock
09-08 14:04:11.052  4227  4339 I SecHAL  : OSI_timer_start: exit
09-08 14:04:11.052  4227  4339 I SecHAL  : nfc_data_callback: !
09-08 14:04:11.052  4227  4339 D NfcAdaptation: NfcAdaptation::HalDeviceContextDataCallback: len=4
09-08 14:04:11.052  4227  4334 I BrcmNfcNfa: NFC received rsp gid:1
09-08 14:04:11.052  4227  4334 I BrcmNfcNfa: nfa_dm_nfc_response_cback () NFC_SET_ROUTING_REVT(0x500a)
09-08 14:04:11.052  4227  4334 I BrcmNfcNfa: nfa_ee_proc_evt: event=0x500a int_event:0x214
09-08 14:04:11.052  4227  4334 I BrcmNfcNfa: nfa_ee_evt_hdlr (): Event NCI_WAIT_RSP(0x214), State: INIT_DONE(1)
09-08 14:04:11.052  4227  4334 I BrcmNfcNfa: nfa_ee_nci_wait_rsp() ee_wait_evt:0x30 wait_rsp:1
09-08 14:04:11.052  4227  4334 I BrcmNfcNfa: nfa_ee_report_update_evt ee_wait_evt:0x30 wait_rsp:0
09-08 14:04:11.052  4227  4334 D BrcmNfcJni: RoutingManager::nfaEeCallback: NFA_EE_UPDATED_EVT
09-08 14:04:11.052  4227  4330 D BrcmNfcJni: startRfDiscovery: is start=1
09-08 14:04:11.052  4227  4330 I BrcmNfcNfa: NFA_StartRfDiscovery ()
09-08 14:04:11.052  4227  4334 I BrcmNfcNfa: NFA got event 0x010E
09-08 14:04:11.052  4227  4334 I BrcmNfcNfa: nfa_dm_evt_hdlr event: NFA_DM_API_START_RF_DISCOVERY_EVT (0x0e)
09-08 14:04:11.052  4227  4334 I BrcmNfcNfa: nfa_dm_act_start_rf_discovery ()
09-08 14:04:11.052  4227  4334 I BrcmNfcNfa: nfa_dm_start_rf_discover ()
09-08 14:04:11.052  4227  4334 I BrcmNfcNfa: nfa_ee_get_tech_route(): 1
09-08 14:04:11.053  4227  4334 I BrcmNfcNfa: 0x0, 0x0, 0x0, 0x0
09-08 14:04:11.053  4227  4334 I BrcmNfcNfa: nfa_dm_cb.disc_cb.entry[0].selected_disc_mask = 0x40000
09-08 14:04:11.053  4227  4334 I BrcmNfcNfa: nfa_dm_cb.disc_cb.entry[1].selected_disc_mask = 0x200f
09-08 14:04:11.053  4227  4334 I BrcmNfcNfa: nfa_p2p_set_config ()
09-08 14:04:11.053  4227  4334 I BrcmNfcNfa: LLCP_GetDiscoveryConfig ()
09-08 14:04:11.053  4227  4334 I BrcmNfcNfa: nfa_dm_check_set_config ()
09-08 14:04:11.053  4227  4334 D NfcAdaptation: NfcAdaptation::HalWrite
09-08 14:04:11.053  4227  4334 I SecHAL  : nfc_hal_write: enter;
09-08 14:04:11.053  4227  4334 I SecHAL  : nfc_hal_write: exit;
09-08 14:04:11.053  4227  4339 D SecHAL  : nfc_hal_task: Got a event: HAL_EVT_WRITE(3)
09-08 14:04:11.053  4227  4334 I BrcmNfcNfa: dm_disc_mask = 0x4200f
09-08 14:04:11.053  4227  4339 D SecHAL  : nfc_hal_task: current state: SERVICE
09-08 14:04:11.053  4227  4334 I BrcmNfcNfa: nfa_dm_set_rf_listen_mode_config () tech_proto_mask = 0x0004200F
09-08 14:04:11.053  4227  4339 I SecHAL  : OSI_timer_start: enter,osi_lock
09-08 14:04:11.053  4227  4334 I BrcmNfcNfa: nfa_dm_check_set_config ()
09-08 14:04:11.053  4227  4339 I SecHAL  : OSI_timer_start: before osi_unlock
09-08 14:04:11.053  4227  4334 I BrcmNfcNfa: nfa_dm_set_total_duration ()
09-08 14:04:11.053  4227  4339 I SecHAL  : OSI_timer_start: exit
09-08 14:04:11.053  4227  4334 I BrcmNfcNfa: nfa_dm_check_set_config ()
09-08 14:04:11.053  4227  4339 I SecHAL  : device_write: enter
09-08 14:04:11.053  4227  4334 I BrcmNfcNfa: NFC_DiscoveryStart
09-08 14:04:11.053  4227  4339 I SecHAL  : device_write: before system call
09-08 14:04:11.053  4227  4334 I BrcmNfcNfa: NFC_DiscoveryStart status: 0xe3
09-08 14:04:11.053  4227  4339 I SecHAL  : device_write: after system call
09-08 14:04:11.053  4227  4339 D SecHAL  : data_trace:  Send( 26) 20 02 17   01 29 14 46 66 6d 01 01 12 02 02 07 ff 03 02 00 13 04 01 64 07 01 03 
09-08 14:04:11.053  4227  4339 I SecHAL  : device_write: exit
09-08 14:04:11.054  4227  4338 D SecHAL  : read_thread: Sent message to HAL message task, remind que: 2
09-08 14:04:11.054  4227  4339 D SecHAL  : nfc_hal_task: Got a event: HAL_EVT_READ(4)
09-08 14:04:11.054  4227  4339 D SecHAL  : nfc_hal_task: current state: SERVICE
09-08 14:04:11.054  4227  4339 D SecHAL  : data_trace:  Recv(  5) 40 02 02   00 00 
09-08 14:04:11.054  4227  4339 I SecHAL  : OSI_timer_start: enter,osi_lock
09-08 14:04:11.054  4227  4339 I SecHAL  : OSI_timer_start: before osi_unlock
09-08 14:04:11.054  4227  4339 I SecHAL  : OSI_timer_start: exit
09-08 14:04:11.054  4227  4339 I SecHAL  : nfc_data_callback: !
09-08 14:04:11.054  4227  4339 D NfcAdaptation: NfcAdaptation::HalDeviceContextDataCallback: len=5
09-08 14:04:11.054  4227  4334 I BrcmNfcNfa: NFC received rsp gid:0
09-08 14:04:11.054  4227  4334 I BrcmNfcNfa: nci_proc_core_rsp opcode:0x2
09-08 14:04:11.054  4227  4334 I BrcmNfcNfa: nfa_dm_nfc_response_cback () NFC_SET_CONFIG_REVT(0x5002)
09-08 14:04:11.054  4227  4334 D NfcAdaptation: NfcAdaptation::HalWrite
09-08 14:04:11.054  4227  4334 I SecHAL  : nfc_hal_write: enter;
09-08 14:04:11.054  4227  4334 I SecHAL  : nfc_hal_write: exit;
09-08 14:04:11.054  4227  4339 D SecHAL  : nfc_hal_task: Got a event: HAL_EVT_WRITE(3)
09-08 14:04:11.054  4227  4339 D SecHAL  : nfc_hal_task: current state: SERVICE
09-08 14:04:11.054  4227  4339 I SecHAL  : OSI_timer_start: enter,osi_lock
09-08 14:04:11.054  4227  4339 I SecHAL  : OSI_timer_start: before osi_unlock
09-08 14:04:11.054  4227  4339 I SecHAL  : OSI_timer_start: exit
09-08 14:04:11.054  4227  4339 I SecHAL  : device_write: enter
09-08 14:04:11.054  4227  4339 I SecHAL  : device_write: before system call
09-08 14:04:11.055  4227  4339 I SecHAL  : device_write: after system call
09-08 14:04:11.055  4227  4339 D SecHAL  : data_trace:  Send( 19) 20 02 10   05 30 01 04 31 01 00 32 01 20 38 01 00 50 01 00 
09-08 14:04:11.055  4227  4339 I SecHAL  : device_write: exit
09-08 14:04:11.055  4227  4338 D SecHAL  : read_thread: Sent message to HAL message task, remind que: 2
09-08 14:04:11.055  4227  4339 D SecHAL  : nfc_hal_task: Got a event: HAL_EVT_READ(4)
09-08 14:04:11.055  4227  4339 D SecHAL  : nfc_hal_task: current state: SERVICE
09-08 14:04:11.055  4227  4339 D SecHAL  : data_trace:  Recv(  5) 40 02 02   00 00 
09-08 14:04:11.055  4227  4339 I SecHAL  : OSI_timer_start: enter,osi_lock
09-08 14:04:11.055  4227  4339 I SecHAL  : OSI_timer_start: before osi_unlock
09-08 14:04:11.055  4227  4339 I SecHAL  : OSI_timer_start: exit
09-08 14:04:11.055  4227  4339 I SecHAL  : nfc_data_callback: !
09-08 14:04:11.055  4227  4339 D NfcAdaptation: NfcAdaptation::HalDeviceContextDataCallback: len=5
09-08 14:04:11.055  4227  4334 I BrcmNfcNfa: NFC received rsp gid:0
09-08 14:04:11.055  4227  4334 I BrcmNfcNfa: nci_proc_core_rsp opcode:0x2
09-08 14:04:11.055  4227  4334 I BrcmNfcNfa: nfa_dm_nfc_response_cback () NFC_SET_CONFIG_REVT(0x5002)
09-08 14:04:11.055  4227  4334 D NfcAdaptation: NfcAdaptation::HalWrite
09-08 14:04:11.055  4227  4334 I SecHAL  : nfc_hal_write: enter;
09-08 14:04:11.055  4227  4334 I SecHAL  : nfc_hal_write: exit;
09-08 14:04:11.055  4227  4339 D SecHAL  : nfc_hal_task: Got a event: HAL_EVT_WRITE(3)
09-08 14:04:11.055  4227  4339 D SecHAL  : nfc_hal_task: current state: SERVICE
09-08 14:04:11.055  4227  4339 I SecHAL  : OSI_timer_start: enter,osi_lock
09-08 14:04:11.055  4227  4339 I SecHAL  : OSI_timer_start: before osi_unlock
09-08 14:04:11.055  4227  4339 I SecHAL  : OSI_timer_start: exit
09-08 14:04:11.055  4227  4339 I SecHAL  : device_write: enter
09-08 14:04:11.055  4227  4339 I SecHAL  : device_write: before system call
09-08 14:04:11.056  4227  4339 I SecHAL  : device_write: after system call
09-08 14:04:11.056  4227  4339 D SecHAL  : data_trace:  Send(  8) 20 02 05   01 00 02 f4 01 
09-08 14:04:11.056  4227  4339 I SecHAL  : device_write: exit
09-08 14:04:11.056  4580  4580 I MessagingApp: Carrier config changed. Reloading MMS config.
09-08 14:04:11.056  4227  4338 D SecHAL  : read_thread: Sent message to HAL message task, remind que: 2
09-08 14:04:11.056  4227  4339 D SecHAL  : nfc_hal_task: Got a event: HAL_EVT_READ(4)
09-08 14:04:11.056  4227  4339 D SecHAL  : nfc_hal_task: current state: SERVICE
09-08 14:04:11.056  4227  4339 D SecHAL  : data_trace:  Recv(  5) 40 02 02   00 00 
09-08 14:04:11.056  4227  4339 I SecHAL  : OSI_timer_start: enter,osi_lock
09-08 14:04:11.056  4227  4339 I SecHAL  : OSI_timer_start: before osi_unlock
09-08 14:04:11.056  4227  4339 I SecHAL  : OSI_timer_start: exit
09-08 14:04:11.056  4227  4339 I SecHAL  : nfc_data_callback: !
09-08 14:04:11.056  4227  4339 D NfcAdaptation: NfcAdaptation::HalDeviceContextDataCallback: len=5
09-08 14:04:11.056  4227  4334 I BrcmNfcNfa: NFC received rsp gid:0
09-08 14:04:11.056  4227  4334 I BrcmNfcNfa: nci_proc_core_rsp opcode:0x2
09-08 14:04:11.056  4227  4334 I BrcmNfcNfa: nfa_dm_nfc_response_cback () NFC_SET_CONFIG_REVT(0x5002)
09-08 14:04:11.056  4227  4334 D NfcAdaptation: NfcAdaptation::HalPrediscover
09-08 14:04:11.056  4227  4334 I SecHAL  : nfc_hal_pre_discover: enter;
09-08 14:04:11.056  4227  4334 I SecHAL  : nfc_hal_pre_discover: exit;
09-08 14:04:11.056  4227  4339 D SecHAL  : nfc_hal_task: Got a event: Uknown event.(2)
09-08 14:04:11.056  4227  4334 D NfcAdaptation: NfcAdaptation::HalWrite
09-08 14:04:11.056  4227  4339 D SecHAL  : nfc_hal_task: current state: SERVICE
09-08 14:04:11.056  4227  4334 I SecHAL  : nfc_hal_write: enter;
09-08 14:04:11.056  4227  4334 I SecHAL  : nfc_hal_write: exit;
09-08 14:04:11.056  4227  4339 D SecHAL  : nfc_hal_task: Got a event: HAL_EVT_WRITE(3)
09-08 14:04:11.056  4227  4339 D SecHAL  : nfc_hal_task: current state: SERVICE
09-08 14:04:11.056  4227  4339 I SecHAL  : OSI_timer_start: enter,osi_lock
09-08 14:04:11.056  4227  4339 I SecHAL  : OSI_timer_start: before osi_unlock
09-08 14:04:11.056  4227  4339 I SecHAL  : OSI_timer_start: exit
09-08 14:04:11.056  4227  4339 I SecHAL  : device_write: enter
09-08 14:04:11.056  4227  4339 I SecHAL  : device_write: before system call
09-08 14:04:11.057  4227  4339 I SecHAL  : device_write: after system call
09-08 14:04:11.057  4227  4339 D SecHAL  : data_trace:  Send(  8) 21 03 05   02 00 01 80 01 
09-08 14:04:11.057  4227  4339 I SecHAL  : device_write: exit
09-08 14:04:11.065  4227  4338 D SecHAL  : read_thread: Sent message to HAL message task, remind que: 2
09-08 14:04:11.065  4227  4339 D SecHAL  : nfc_hal_task: Got a event: HAL_EVT_READ(4)
09-08 14:04:11.065  4227  4339 D SecHAL  : nfc_hal_task: current state: SERVICE
09-08 14:04:11.065  4227  4339 D SecHAL  : data_trace:  Recv(  4) 41 03 01   00 
09-08 14:04:11.065  4227  4339 I SecHAL  : OSI_timer_start: enter,osi_lock
09-08 14:04:11.065  4227  4339 I SecHAL  : OSI_timer_start: before osi_unlock
09-08 14:04:11.065  4227  4339 I SecHAL  : OSI_timer_start: exit
09-08 14:04:11.065  4227  4339 I SecHAL  : nfc_data_callback: !
09-08 14:04:11.065  4227  4339 D NfcAdaptation: NfcAdaptation::HalDeviceContextDataCallback: len=4
09-08 14:04:11.065  4227  4334 I BrcmNfcNfa: NFC received rsp gid:1
09-08 14:04:11.065  4227  4334 I BrcmNfcNfa: p2p priority is running under bail out mode ONLY.
09-08 14:04:11.065  4227  4334 I BrcmNfcNfa: nfa_dm_disc_discovery_cback (): event:0x4000
09-08 14:04:11.065  4227  4334 I BrcmNfcNfa: nfa_dm_disc_sm_execute (): state: IDLE (0), event: DISCOVER_RSP(1) disc_flags: 0x31
09-08 14:04:11.065  4227  4334 I BrcmNfcNfa: nfa_dm_disc_new_state (): old_state: IDLE (0), new_state: DISCOVERY (1) disc_flags: 0x11
09-08 14:04:11.065  4227  4334 I BrcmNfcNfa: nfa_ce_discovery_cback(): event:0x00
09-08 14:04:11.065  4227  4334 I BrcmNfcNfa: nfa_ce_handle_disc_start (status=0x0)
09-08 14:04:11.065  4227  4334 I BrcmNfcNfa: nfa_dm_poll_disc_cback (): event:0x00
09-08 14:04:11.065  4227  4334 D BrcmNfcJni: nfaConnectionCallback: event= 30
09-08 14:04:11.065  4227  4334 D BrcmNfcJni: nfaConnectionCallback: NFA_RF_DISCOVERY_STARTED_EVT: status = 0
09-08 14:04:11.066  4227  4334 I BrcmNfcNfa: nfa_dm_disc_sm_execute (): new state: DISCOVERY (1), disc_flags: 0x1
09-08 14:04:11.066  4227  4330 D BrcmNfcJni: PowerSwitch::setModeOn(activated=0x1) : mCurrActivity=0x1
09-08 14:04:11.066  4227  4330 D BrcmNfcJni: nfcManager_enableDiscovery: exit
09-08 14:04:11.071  3174  3240 I MediaPlayerService: MediaPlayerService::getOMX
09-08 14:04:11.072  4227  4630 I OMXClient: MuxOMX ctor
09-08 14:04:11.072  3171  3871 I OMXMaster: makeComponentInstance(OMX.google.vorbis.decoder) in mediacodec process
09-08 14:04:11.076  4580  4600 W MessagingApp: canonicalizeMccMnc: invalid mccmnc:null ,null
09-08 14:04:11.079  4606  4606 W System  : ClassLoader referenced unknown path: /system/priv-app/OneTimeInitializer/lib/arm64
09-08 14:04:11.089  3558  4247 D MmsServiceBroker: getCarrierConfigValues() by com.android.messaging
09-08 14:04:11.089  3558  4247 W MmsServiceBroker: MmsService not connected. Try connecting...
09-08 14:04:11.089  3558  3558 I MmsServiceBroker: Connecting to MmsService
09-08 14:04:11.090  3558  3558 W ContextImpl: Calling a method in the system process without a qualified user: android.app.ContextImpl.bindService:1421 com.android.server.MmsServiceBroker.tryConnecting:241 com.android.server.MmsServiceBroker.-wrap3:-1 com.android.server.MmsServiceBroker$1.handleMessage:83 android.os.Handler.dispatchMessage:102 
09-08 14:04:11.094  3174  3872 I MediaPlayerService: MediaPlayerService::getOMX
09-08 14:04:11.094  4227  4634 I OMXClient: MuxOMX ctor
09-08 14:04:11.095  3171  4012 I OMXMaster: makeComponentInstance(OMX.google.vorbis.decoder) in mediacodec process
09-08 14:04:11.104  3839  3839 W System  : ClassLoader referenced unknown path: /system/priv-app/MmsService/lib/arm64
09-08 14:04:11.105  3839  3839 D ApplicationLoaders: ignored Vulkan layer search path /system/priv-app/MmsService/lib/arm64:/system/lib64:/vendor/lib64 for namespace 0x7f9970d1d0
09-08 14:04:11.107  4580  4602 I MessagingAppDataModel: Fixup: Send failed - 0 Download failed - 0
09-08 14:04:11.110  3839  3839 D MmsService: onCreate
09-08 14:04:11.114  3558  3558 I MmsServiceBroker: MmsService connected
09-08 14:04:11.115  3839  3839 I MmsService: MmsConfigManager receiver action: android.intent.action.SIM_STATE_CHANGED
09-08 14:04:11.115  3839  4119 D MmsService: getCarrierConfigValues
09-08 14:04:11.115  3839  4119 I MmsService: mms config for sub 1: null
09-08 14:04:11.116  3839  3839 I MmsService: MmsConfigManager receiver action: android.telephony.action.CARRIER_CONFIG_CHANGED
09-08 14:04:11.116  3839  4637 I MmsService: MmsConfigManager loads in background mcc/mnc: 722/34
09-08 14:04:11.116  3839  4638 I MmsService: MmsConfigManager loads in background mcc/mnc: 722/34
09-08 14:04:11.117  4580  4600 I MessagingApp: Carrier configs loaded: Bundle[{smsToMmsTextThreshold=-1, maxMessageTextSize=-1, recipientLimit=-1, maxImageHeight=480, maxMessageSize=307200, maxImageWidth=640, enabledMMS=true, enableMultipartSMS=true}] from resources+system for subId=1
09-08 14:04:11.118  3839  4640 I MmsService: MmsConfigManager loads in background mcc/mnc: 722/34
09-08 14:04:11.143  4606  4606 V OneTimeInitializerRece: OneTimeInitializerReceiver.onReceive
09-08 14:04:11.150  4580  4629 W MessagingApp: canonicalizeMccMnc: invalid mccmnc:null ,null
09-08 14:04:11.160  3558  3569 D MmsServiceBroker: getCarrierConfigValues() by com.android.messaging
09-08 14:04:11.160  3839  4071 D MmsService: getCarrierConfigValues
09-08 14:04:11.160  3839  4071 I MmsService: mms config for sub 1: Bundle[{httpSocketTimeout=60000, aliasMinChars=2, smsToMmsTextThreshold=-1, enableSMSDeliveryReports=true, maxMessageTextSize=-1, supportMmsContentDisposition=true, enabledTransID=false, aliasEnabled=false, supportHttpCharsetHeader=false, allowAttachAudio=true, smsToMmsTextLengthThreshold=-1, recipientLimit=2147483647, uaProfTagName=x-wap-profile, aliasMaxChars=48, maxImageHeight=480, enableMMSDeliveryReports=false, userAgent=, mmsCloseConnection=false, config_cellBroadcastAppLinks=true, maxSubjectLength=40, httpParams=, enableGroupMms=true, emailGatewayNumber=, maxMessageSize=307200, naiSuffix=, enableMMSReadReports=false, maxImageWidth=640, uaProfUrl=, enabledMMS=true, enabledNotifyWapMMSC=false, sendMultipartSmsAsSeparateMessages=false, enableMultipartSMS=true}]
09-08 14:04:11.163  4580  4629 I MessagingApp: Carrier configs loaded: Bundle[{httpSocketTimeout=60000, aliasMinChars=2, smsToMmsTextThreshold=-1, enableSMSDeliveryReports=true, maxMessageTextSize=-1, supportMmsContentDisposition=true, enabledTransID=false, aliasEnabled=false, supportHttpCharsetHeader=false, allowAttachAudio=true, smsToMmsTextLengthThreshold=-1, recipientLimit=2147483647, uaProfTagName=x-wap-profile, aliasMaxChars=48, maxImageHeight=480, enableMMSDeliveryReports=false, userAgent=, mmsCloseConnection=false, config_cellBroadcastAppLinks=true, maxSubjectLength=40, httpParams=, enableGroupMms=true, emailGatewayNumber=, maxMessageSize=307200, naiSuffix=, enableMMSReadReports=false, maxImageWidth=640, uaProfUrl=, enabledMMS=true, enabledNotifyWapMMSC=false, sendMultipartSmsAsSeparateMessages=false, enableMultipartSMS=true}] from resources+system for subId=1
09-08 14:04:11.200  4512  4512 I CalendarProvider2: Sending notification intent: Intent { act=android.intent.action.PROVIDER_CHANGED dat=content://com.android.calendar flg=0x20000000 }
09-08 14:04:11.202  4512  4512 W ContentResolver: Failed to get type for: content://com.android.calendar (Unknown URL content://com.android.calendar)
09-08 14:04:11.203  4580  4627 W MessagingApp: canonicalizeMccMnc: invalid mccmnc:null ,null
09-08 14:04:11.216  3558  3876 D MmsServiceBroker: getCarrierConfigValues() by com.android.messaging
09-08 14:04:11.216  3839  3852 D MmsService: getCarrierConfigValues
09-08 14:04:11.216  3839  3852 I MmsService: mms config for sub 1: Bundle[{httpSocketTimeout=60000, aliasMinChars=2, smsToMmsTextThreshold=-1, enableSMSDeliveryReports=true, maxMessageTextSize=-1, supportMmsContentDisposition=true, enabledTransID=false, aliasEnabled=false, supportHttpCharsetHeader=false, allowAttachAudio=true, smsToMmsTextLengthThreshold=-1, recipientLimit=2147483647, uaProfTagName=x-wap-profile, aliasMaxChars=48, maxImageHeight=480, enableMMSDeliveryReports=false, userAgent=, mmsCloseConnection=false, config_cellBroadcastAppLinks=true, maxSubjectLength=40, httpParams=, enableGroupMms=true, emailGatewayNumber=, maxMessageSize=307200, naiSuffix=, enableMMSReadReports=false, maxImageWidth=640, uaProfUrl=, enabledMMS=true, enabledNotifyWapMMSC=false, sendMultipartSmsAsSeparateMessages=false, enableMultipartSMS=true}]
09-08 14:04:11.218  4580  4627 I MessagingApp: Carrier configs loaded: Bundle[{httpSocketTimeout=60000, aliasMinChars=2, smsToMmsTextThreshold=-1, enableSMSDeliveryReports=true, maxMessageTextSize=-1, supportMmsContentDisposition=true, enabledTransID=false, aliasEnabled=false, supportHttpCharsetHeader=false, allowAttachAudio=true, smsToMmsTextLengthThreshold=-1, recipientLimit=2147483647, uaProfTagName=x-wap-profile, aliasMaxChars=48, maxImageHeight=480, enableMMSDeliveryReports=false, userAgent=, mmsCloseConnection=false, config_cellBroadcastAppLinks=true, maxSubjectLength=40, httpParams=, enableGroupMms=true, emailGatewayNumber=, maxMessageSize=307200, naiSuffix=, enableMMSReadReports=false, maxImageWidth=640, uaProfUrl=, enabledMMS=true, enabledNotifyWapMMSC=false, sendMultipartSmsAsSeparateMessages=false, enableMultipartSMS=true}] from resources+system for subId=1
09-08 14:04:11.225  3839  3839 V VvmBootCompletedRcvr: processing subId list
09-08 14:04:11.231  3839  3839 V VvmBootCompletedRcvr: processing subId 1
09-08 14:04:11.236  3839  3839 D VvmSimChangeReceiver: visual voicemail not supported for carrier 72234 on subId 1
09-08 14:04:11.307  4580  4648 I MessagingAppDataModel: SyncMessagesAction: Starting batch for messages from 1504889786924 to 1504890250969 (message update limit = 80, message scan limit = 4000)
09-08 14:04:11.392  4213  4652 D AudioFx-AudioOutputChangeListener: onAudioOutputChanged id: 2 type: 2 name: SM-G955F address:  [android.media.AudioDeviceInfo@16742e]
09-08 14:04:11.433  4397  4397 D ReportingServiceManager: Next sync attempt in : 23 hours
09-08 14:04:11.446  3558  4271 I ActivityManager: Start proc 4656:org.lineageos.updater/u0a29 for broadcast org.lineageos.updater/.UpdatesCheckReceiver
09-08 14:04:11.478  4656  4656 W System  : ClassLoader referenced unknown path: /system/priv-app/Updater/lib/arm64
09-08 14:04:11.485  4580  4651 I MessagingAppDataModel: SyncMessagesAction: All messages now in sync
09-08 14:04:11.534  3558  3571 I chatty  : uid=1000(system) android.bg expire 51 lines
09-08 14:04:11.593  4656  4656 D UpdatesCheckReceiver: Setting daily updates check: Sat Sep 09 14:04:35 GMT-03:00 2017
09-08 14:04:11.597  4656  4656 D UpdatesCheckReceiver: Network not available, scheduling new check
09-08 14:04:11.599  4656  4656 D UpdatesCheckReceiver: Setting one-shot updates check: Fri Sep 08 16:04:11 GMT-03:00 2017
09-08 14:04:11.604  4029  4029 D CellBroadcastReceiver: onReceive Intent { act=android.intent.action.SIM_STATE_CHANGED flg=0x4000010 cmp=com.android.cellbroadcastreceiver/.CellBroadcastReceiver (has extras) }
09-08 14:04:11.605  4029  4029 D CellBroadcastReceiver: Default interval 0 did not change.
09-08 14:04:11.616  4029  4029 D CellBroadcastReceiver: onReceive Intent { act=android.intent.action.SIM_STATE_CHANGED flg=0x4000010 cmp=com.android.cellbroadcastreceiver/.CellBroadcastReceiver (has extras) }
09-08 14:04:11.620  3839  3839 I VvmSimChangeReceiver: Sim removed, removing inactive accounts
09-08 14:04:11.631  4029  4029 D CellBroadcastReceiver: onReceive Intent { act=android.intent.action.ACTION_DEFAULT_SMS_SUBSCRIPTION_CHANGED flg=0x20000010 cmp=com.android.cellbroadcastreceiver/.CellBroadcastReceiver (has extras) }
09-08 14:04:11.631  4029  4029 D CellBroadcastReceiver: Start Cell Broadcast configuration.
09-08 14:04:11.640  4029  4673 D CellBroadcastConfigService: Enable CellBroadcast on sub 1
09-08 14:04:11.653  3839  3839 D VvmSimChangeReceiver: Carrier config changed
09-08 14:04:11.656  3839  3839 D VvmSimChangeReceiver: visual voicemail not supported for carrier 72234 on subId 1
09-08 14:04:11.669  3839  4071 D IccSmsInterfaceManager: [IccSmsInterfaceManager] Calling setCdmaBroadcastConfig with 1 configurations
09-08 14:04:11.701  3839  4071 D IccSmsInterfaceManager: [IccSmsInterfaceManager] Failed to add cdma broadcast subscription for MID range 4096 to 4096 from client com.android.cellbroadcastreceiver
09-08 14:04:11.703  3839  3839 I VvmSimChangeReceiver: Received SIM change for invalid subscription id.
09-08 14:04:11.714  3839  3852 D IccSmsInterfaceManager: [IccSmsInterfaceManager] Calling setCdmaBroadcastConfig with 1 configurations
09-08 14:04:11.715  3839  3852 D IccSmsInterfaceManager: [IccSmsInterfaceManager] Failed to add cdma broadcast subscription for MID range 4097 to 4097 from client com.android.cellbroadcastreceiver
09-08 14:04:11.722  3839  3851 D IccSmsInterfaceManager: [IccSmsInterfaceManager] Calling setCdmaBroadcastConfig with 1 configurations
09-08 14:04:11.723  3839  3851 D IccSmsInterfaceManager: [IccSmsInterfaceManager] Failed to add cdma broadcast subscription for MID range 4098 to 4098 from client com.android.cellbroadcastreceiver
09-08 14:04:11.733  3839  4119 D IccSmsInterfaceManager: [IccSmsInterfaceManager] Calling setCdmaBroadcastConfig with 1 configurations
09-08 14:04:11.735  3839  4119 D IccSmsInterfaceManager: [IccSmsInterfaceManager] Failed to add cdma broadcast subscription for MID range 4099 to 4099 from client com.android.cellbroadcastreceiver
