09-16 19:19:45.698  3586  3684 I ActivityManager: Start proc 5304:org.cyanogenmod.weatherservice/u0a31 for service org.cyanogenmod.weatherservice/.WeatherManagerService
09-16 19:19:45.698  3586  3684 I ActivityManager: Loading recents for user 0 into memory.
09-16 19:19:45.751  3586  3684 I ActivityManager: Start proc 5318:org.cyanogenmod.audiofx/u0a3 for added application org.cyanogenmod.audiofx
09-16 19:19:45.761  3586  5303 W ResourceType: No known package when getting value for resource number 0x7f020125
09-16 19:19:45.761  3586  5303 W ResourceType: No known package when getting value for resource number 0x7f0c050a
09-16 19:19:45.763  3586  5303 W ResourceType: No known package when getting value for resource number 0x7f020124
09-16 19:19:45.763  3586  5303 W ResourceType: No known package when getting value for resource number 0x7f0c0a9b
09-16 19:19:45.763  3586  5303 W ResourceType: No known package when getting value for resource number 0x7f020123
09-16 19:19:45.763  3586  5303 W ResourceType: No known package when getting value for resource number 0x7f0c0955
09-16 19:19:45.770  3586  5303 W ResourceType: No known package when getting value for resource number 0x7f020078
09-16 19:19:45.770  3586  5303 W ResourceType: No known package when getting value for resource number 0x7f0d006d
09-16 19:19:45.770  3586  5303 W ResourceType: No known package when getting value for resource number 0x7f0d006d
09-16 19:19:45.774  3586  3684 I ActivityManager: Start proc 5332:com.android.nfc/1027 for added application com.android.nfc
09-16 19:19:45.803  3586  3684 V ActivityManager: Installing ContentProviderInfo{name=com.android.deskclock.worldclock.db className=com.android.deskclock.worldclock.db.DbCityProvider}
09-16 19:19:45.807  3586  3684 I PreBootBroadcaster: Pre-boot of {com.android.managedprovisioning/com.android.managedprovisioning.PreBootListener} for user 0
09-16 19:19:45.822  3586  5303 W ResourceType: No known package when getting value for resource number 0x7f020022
09-16 19:19:45.822  3586  5303 W ResourceType: No known package when getting value for resource number 0x7f0b01f7
09-16 19:19:45.827  3586  3683 I ActivityManager: Start proc 5346:com.android.printspooler/u0a57 for service com.android.printspooler/.model.PrintSpoolerService
09-16 19:19:45.831  4920  4920 I m.android.phone: type=1400 audit(0.0:205): avc: denied { lock } for path="/data/user_de/0/com.android.providers.telephony/databases/telephony.db" dev="sda24" ino=3121278 scontext=u:r:radio:s0 tcontext=u:object_r:system_data_file:s0 tclass=file permissive=1
09-16 19:19:45.831  4920  4920 W m.android.phone: type=1300 audit(0.0:205): arch=c00000b7 syscall=25 success=yes exit=0 a0=24 a1=6 a2=7fc8332e38 a3=0 items=0 ppid=3181 auid=4294967295 uid=1001 gid=1001 euid=1001 suid=1001 fsuid=1001 egid=1001 sgid=1001 fsgid=1001 tty=(none) ses=4294967295 exe="/system/bin/app_process64" subj=u:r:radio:s0 key=(null)
09-16 19:19:45.831  3085  3085 W auditd  : type=1327 audit(0.0:205): proctitle="com.android.phone"
09-16 19:19:45.831  3085  3085 W auditd  : type=1320 audit(0.0:205): 
09-16 19:19:45.860  3586  3685 I ActivityManager: Config changes=20 {1.0 722mcc34mnc [en_US] ldltr sw411dp w411dp h773dp 560dpi nrml long port finger -keyb/v/h -nav/h s.7}
09-16 19:19:45.905  4979  4979 I art     : Starting a blocking GC Explicit
09-16 19:19:45.906  5318  5318 W System  : ClassLoader referenced unknown path: /system/priv-app/AudioFX/lib/arm64
09-16 19:19:45.918  5304  5304 W System  : ClassLoader referenced unknown path: /system/priv-app/WeatherManagerService/lib/arm64
09-16 19:19:45.927  5304  5304 I .weatherservice: type=1400 audit(0.0:206): avc: denied { write } for name="org.cyanogenmod.weatherservice" dev="sda24" ino=3121245 scontext=u:r:priv_app:s0:c512,c768 tcontext=u:object_r:system_data_file:s0 tclass=dir permissive=1
09-16 19:19:45.927  5304  5304 I .weatherservice: type=1400 audit(0.0:206): avc: denied { add_name } for name="code_cache" scontext=u:r:priv_app:s0:c512,c768 tcontext=u:object_r:system_data_file:s0 tclass=dir permissive=1
09-16 19:19:45.927  5304  5304 I .weatherservice: type=1400 audit(0.0:206): avc: denied { create } for name="code_cache" scontext=u:r:priv_app:s0:c512,c768 tcontext=u:object_r:system_data_file:s0:c512,c768 tclass=dir permissive=1
09-16 19:19:45.927  5304  5304 W .weatherservice: type=1300 audit(0.0:206): arch=c00000b7 syscall=34 success=yes exit=0 a0=ffffff9c a1=7f6d3fae80 a2=1f9 a3=7f7794f514 items=0 ppid=3181 auid=4294967295 uid=10031 gid=10031 euid=10031 suid=10031 fsuid=10031 egid=10031 sgid=10031 fsgid=10031 tty=(none) ses=4294967295 exe="/system/bin/app_process64" subj=u:r:priv_app:s0:c512,c768 key=(null)
09-16 19:19:45.927  3085  3085 W auditd  : type=1327 audit(0.0:206): proctitle="org.cyanogenmod.weatherservice"
09-16 19:19:45.927  3085  3085 W auditd  : type=1320 audit(0.0:206): 
09-16 19:19:45.927  5304  5304 I .weatherservice: type=1400 audit(0.0:207): avc: denied { setattr } for name="code_cache" dev="sda24" ino=3121306 scontext=u:r:priv_app:s0:c512,c768 tcontext=u:object_r:system_data_file:s0:c512,c768 tclass=dir permissive=1
09-16 19:19:45.927  5304  5304 W .weatherservice: type=1300 audit(0.0:207): arch=c00000b7 syscall=53 success=yes exit=0 a0=ffffff9c a1=7f6d3faec0 a2=1f9 a3=0 items=0 ppid=3181 auid=4294967295 uid=10031 gid=10031 euid=10031 suid=10031 fsuid=10031 egid=10031 sgid=10031 fsgid=10031 tty=(none) ses=4294967295 exe="/system/bin/app_process64" subj=u:r:priv_app:s0:c512,c768 key=(null)
09-16 19:19:45.927  3085  3085 W auditd  : type=1327 audit(0.0:207): proctitle="org.cyanogenmod.weatherservice"
09-16 19:19:45.928  3586  4951 I Telecom : PhoneAccountRegistrar: [ComponentInfo{com.android.phone/com.android.services.telephony.TelephonyConnectionService}, [2628372b20c6b31a61c46f7f5a9328dbf0edaed6], UserHandle{0}(icon: Icon(typ=BITMAP size=67x84) -> Icon(typ=BITMAP size=67x84))]: TSI.rPA@AB8
09-16 19:19:45.931  3586  4951 I Telecom : : Sending phone-account registered intent as user: TSI.rPA@AB8
09-16 19:19:45.934  4920  4920 I Telephony: AccountEntry: Registered phoneAccount: [[ ] PhoneAccount: ComponentInfo{com.android.phone/com.android.services.telephony.TelephonyConnectionService}, [2628372b20c6b31a61c46f7f5a9328dbf0edaed6], UserHandle{0} Capabilities: CallProvider MultiUser PlaceEmerg SimSub  Audio Routes: BESW Schemes: tel voicemail  Extras: null GroupId: [da39a3ee5e6b4b0d3255bfef95601890afd80709]] with handle: ComponentInfo{com.android.phone/com.android.services.telephony.TelephonyConnectionService}, [2628372b20c6b31a61c46f7f5a9328dbf0edaed6], UserHandle{0}
09-16 19:19:45.934  4920  4920 I Telephony: PstnIncomingCallNotifier: Registering: Handler (com.android.internal.telephony.GsmCdmaPhone) {54322c3}
09-16 19:19:45.940  4979  4979 I art     : Explicit concurrent mark sweep GC freed 3828(328KB) AllocSpace objects, 0(0B) LOS objects, 40% free, 6MB/11MB, paused 189us total 34.300ms
09-16 19:19:45.944  4979  4979 I art     : Starting a blocking GC Explicit
09-16 19:19:45.959  3586  3586 V BackupManagerService: Connected to transport ComponentInfo{android/com.android.internal.backup.LocalTransportService}
09-16 19:19:45.959  3586  3586 V BackupManagerService: Registering transport android/com.android.internal.backup.LocalTransportService::android/com.android.internal.backup.LocalTransport = android.app.backup.BackupTransport$TransportImpl@87587a
09-16 19:19:45.961  4979  4979 I art     : Explicit concurrent mark sweep GC freed 749(38KB) AllocSpace objects, 0(0B) LOS objects, 40% free, 6MB/11MB, paused 50us total 16.842ms
09-16 19:19:45.979  3586  3586 I AccountManagerService: User 0 is unlocked - opening CE database
09-16 19:19:46.003  3586  5143 I ActivityManager: Start proc 5370:com.android.keychain/1000 for service com.android.keychain/.KeyChainService
09-16 19:19:46.021  5332  5332 I chatty  : uid=1027(nfc) com.android.nfc expire 27 lines
09-16 19:19:46.025  4979  4979 D FallbackHome: User unlocked and real home found; let's go!
09-16 19:19:46.028  3586  4788 I WindowManager: Screen frozen for +157ms due to AppWindowToken{dc1adfc token=Token{532cc93 ActivityRecord{75690cd u0 com.android.settings/.FallbackHome t2}}}
09-16 19:19:46.030  4920  4920 D CallNotifier: updatePhoneStateListeners: update CF notifications.
09-16 19:19:46.050  3586  3681 I ActivityManager: START u0 {act=android.intent.action.MAIN cat=[android.intent.category.HOME] flg=0x10000100 cmp=com.cyanogenmod.setupwizard/.SetupWizardActivity} from uid 0 on display 0
09-16 19:19:46.062  4920  4920 I Telephony: PstnIncomingCallNotifier: Unregistering: Handler (com.android.internal.telephony.GsmCdmaPhone) {54322c3}
09-16 19:19:46.063  3586  3586 I AccountManagerService: Creating CE database /data/system_ce/0/accounts_ce.db
09-16 19:19:46.069  5370  5370 W System  : ClassLoader referenced unknown path: /system/app/KeyChain/lib/arm64
09-16 19:19:46.075  3586  3681 I ActivityManager: Start proc 5385:com.cyanogenmod.setupwizard/1000 for activity com.cyanogenmod.setupwizard/.SetupWizardActivity
09-16 19:19:46.129  3586  3681 I Telecom : PhoneAccountRegistrar: [ComponentInfo{com.android.phone/com.android.services.telephony.TelephonyConnectionService}, [2628372b20c6b31a61c46f7f5a9328dbf0edaed6], UserHandle{0}(icon: Icon(typ=BITMAP size=67x84) -> Icon(typ=BITMAP size=67x84))]: TSI.rPA@ACM
09-16 19:19:46.131  5385  5385 W System  : ClassLoader referenced unknown path: /system/priv-app/LineageSetupWizard/lib/arm64
09-16 19:19:46.139  3586  3681 I Telecom : : Sending phone-account registered intent as user: TSI.rPA@ACM
09-16 19:19:46.140  4920  4920 I Telephony: AccountEntry: Registered phoneAccount: [[ ] PhoneAccount: ComponentInfo{com.android.phone/com.android.services.telephony.TelephonyConnectionService}, [2628372b20c6b31a61c46f7f5a9328dbf0edaed6], UserHandle{0} Capabilities: CallProvider MultiUser PlaceEmerg SimSub  Audio Routes: BESW Schemes: tel voicemail  Extras: null GroupId: [da39a3ee5e6b4b0d3255bfef95601890afd80709]] with handle: ComponentInfo{com.android.phone/com.android.services.telephony.TelephonyConnectionService}, [2628372b20c6b31a61c46f7f5a9328dbf0edaed6], UserHandle{0}
09-16 19:19:46.141  4920  4920 I Telephony: PstnIncomingCallNotifier: Registering: Handler (com.android.internal.telephony.GsmCdmaPhone) {54322c3}
09-16 19:19:46.149  3586  3586 I BrokerableCMSystemService: Implementation service connected
09-16 19:19:46.152  4920  4920 D CarrierConfigLoader: mHandler: 7 phoneId: 0
09-16 19:19:46.155  4920  4920 E CarrierConfigLoader: java.io.FileNotFoundException: /data/user_de/0/com.android.phone/files/carrierconfig-com.android.carrierconfig-89543420816751226808-72234.xml (No such file or directory)
09-16 19:19:46.155  4920  4920 D CarrierConfigLoader: Binding to com.android.carrierconfig for phone 0
09-16 19:19:46.157  4774  4780 I art     : Compiler allocated 6MB to compile void android.view.ViewRootImpl.performTraversals()
09-16 19:19:46.178  3586  4958 I ActivityManager: Start proc 5407:com.android.carrierconfig/u0a4 for service com.android.carrierconfig/.DefaultCarrierConfigService
09-16 19:19:46.196  4920  4920 D CarrierSvcBindHelper: mHandler: 0
09-16 19:19:46.196  4920  4920 D CarrierSvcBindHelper: Rebinding if necessary for phoneId: 0
09-16 19:19:46.209  4920  4920 D CarrierSvcBindHelper: No carrier app for: 0
09-16 19:19:46.266  5332  5337 I chatty  : uid=1027(nfc) Jit thread pool expire 3 lines
09-16 19:19:46.276  5407  5407 W System  : ClassLoader referenced unknown path: /system/priv-app/CarrierConfig/lib/arm64
09-16 19:19:46.348  4774  4774 D PhoneStatusBar: disable: < expand icons ALERTS* system_info back home recent clock SEARCH* quick_settings >
09-16 19:19:46.360  4774  4774 D PhoneStatusBar: heads up is disabled
09-16 19:19:46.360  4774  4774 D PhoneStatusBar: dismissing any existing heads up notification on disable event
09-16 19:19:46.364  3586  4788 I ActivityManager: START u0 {act=com.android.wizard.LOAD flg=0x10000001 cmp=com.cyanogenmod.setupwizard/.wizardmanager.WizardManager (has extras)} from uid 1000 on display 0
09-16 19:19:46.368  5407  5407 D DefaultCarrierConfigService: Service created
09-16 19:19:46.369  5332  5426 I chatty  : uid=1027(nfc) AsyncTask #1 expire 54 lines
09-16 19:19:46.390  5332  5428 I chatty  : uid=1027(nfc) AsyncTask #1 expire 2 lines
09-16 19:19:46.390  5332  5429 I chatty  : uid=1027(nfc) com.android.nfc expire 2 lines
09-16 19:19:46.393  5332  5430 I chatty  : uid=1027(nfc) AsyncTask #1 expire 14 lines
09-16 19:19:46.452  4920  4920 D CallNotifier: updatePhoneStateListeners: update CF notifications.
09-16 19:19:46.454  4920  4920 I Telephony: PstnIncomingCallNotifier: Unregistering: Handler (com.android.internal.telephony.GsmCdmaPhone) {54322c3}
09-16 19:19:46.513  3586  4951 I ActivityManager: START u0 {act=com.cyanogenmod.setupwizard.LINEAGE_WELCOME flg=0x4000000 cmp=com.cyanogenmod.setupwizard/.WelcomeActivity (has extras)} from uid 1000 on display 0
09-16 19:19:46.520  3586  4789 I Telecom : PhoneAccountRegistrar: [ComponentInfo{com.android.phone/com.android.services.telephony.TelephonyConnectionService}, [2628372b20c6b31a61c46f7f5a9328dbf0edaed6], UserHandle{0}(icon: Icon(typ=BITMAP size=67x84) -> Icon(typ=BITMAP size=67x84))]: TSI.rPA@ACY
09-16 19:19:46.529  3586  4789 I Telecom : : Sending phone-account registered intent as user: TSI.rPA@ACY
09-16 19:19:46.532  4920  4920 I Telephony: AccountEntry: Registered phoneAccount: [[ ] PhoneAccount: ComponentInfo{com.android.phone/com.android.services.telephony.TelephonyConnectionService}, [2628372b20c6b31a61c46f7f5a9328dbf0edaed6], UserHandle{0} Capabilities: CallProvider MultiUser PlaceEmerg SimSub  Audio Routes: BESW Schemes: tel voicemail  Extras: null GroupId: [da39a3ee5e6b4b0d3255bfef95601890afd80709]] with handle: ComponentInfo{com.android.phone/com.android.services.telephony.TelephonyConnectionService}, [2628372b20c6b31a61c46f7f5a9328dbf0edaed6], UserHandle{0}
09-16 19:19:46.533  4920  4920 I Telephony: PstnIncomingCallNotifier: Registering: Handler (com.android.internal.telephony.GsmCdmaPhone) {54322c3}
09-16 19:19:46.561  5332  5432 I chatty  : uid=1027(nfc) AsyncTask #1 expire 47 lines
09-16 19:19:46.565  5332  5431 I chatty  : uid=1027(nfc) AsyncTask #1 expire 3 lines
09-16 19:19:46.599  4920  4920 D CallNotifier: updatePhoneStateListeners: update CF notifications.
09-16 19:19:46.626  4920  4920 I Telephony: PstnIncomingCallNotifier: Unregistering: Handler (com.android.internal.telephony.GsmCdmaPhone) {54322c3}
09-16 19:19:46.673  5385  5390 I art     : Do partial code cache collection, code=29KB, data=21KB
09-16 19:19:46.673  5385  5390 I art     : After code cache collection, code=26KB, data=20KB
09-16 19:19:46.673  5385  5390 I art     : Increasing code cache capacity to 128KB
09-16 19:19:46.677  3586  4951 I Telecom : PhoneAccountRegistrar: [ComponentInfo{com.android.phone/com.android.services.telephony.TelephonyConnectionService}, [2628372b20c6b31a61c46f7f5a9328dbf0edaed6], UserHandle{0}(icon: Icon(typ=BITMAP size=67x84) -> Icon(typ=BITMAP size=67x84))]: TSI.rPA@ACk
09-16 19:19:46.683  5385  5385 W ContextImpl: Calling a method in the system process without a qualified user: android.app.ContextImpl.bindService:1421 android.content.ContextWrapper.bindService:636 android.speech.tts.TextToSpeech.connectToEngine:810 android.speech.tts.TextToSpeech.initTts:780 android.speech.tts.TextToSpeech.<init>:733 
09-16 19:19:46.685  3586  4951 I Telecom : : Sending phone-account registered intent as user: TSI.rPA@ACk
09-16 19:19:46.700  3586  4788 I ActivityManager: Start proc 5433:com.svox.pico/u0a52 for service com.svox.pico/.PicoService
09-16 19:19:46.701  5385  5385 I TextToSpeech: Sucessfully bound to com.svox.pico
09-16 19:19:46.704  4920  4920 I Telephony: AccountEntry: Registered phoneAccount: [[ ] PhoneAccount: ComponentInfo{com.android.phone/com.android.services.telephony.TelephonyConnectionService}, [2628372b20c6b31a61c46f7f5a9328dbf0edaed6], UserHandle{0} Capabilities: CallProvider MultiUser PlaceEmerg SimSub  Audio Routes: BESW Schemes: tel voicemail  Extras: null GroupId: [da39a3ee5e6b4b0d3255bfef95601890afd80709]] with handle: ComponentInfo{com.android.phone/com.android.services.telephony.TelephonyConnectionService}, [2628372b20c6b31a61c46f7f5a9328dbf0edaed6], UserHandle{0}
09-16 19:19:46.704  4920  4920 I Telephony: PstnIncomingCallNotifier: Registering: Handler (com.android.internal.telephony.GsmCdmaPhone) {54322c3}
09-16 19:19:46.710  5385  5385 E MediaPlayer-JNI: JNIMediaPlayerFactory: bIsQCMediaPlayerPresent 0
09-16 19:19:46.710  5385  5385 E MediaPlayer-JNI: JNIMediaPlayerFactory: bIsQCMediaPlayerPresent 0
09-16 19:19:46.725  5385  5385 W MediaPlayer: Couldn't open content://settings/system/notification_sound_cache: java.io.FileNotFoundException: No such file or directory
09-16 19:19:46.725  5385  5385 W MediaPlayer: Couldn't open null: java.lang.NullPointerException: uri
09-16 19:19:46.737  3194  3279 E MediaPlayerService: Couldn't open fd for content://settings/system/notification_sound
09-16 19:19:46.737  5385  5385 E MediaPlayer: Unable to create media player
09-16 19:19:46.739  5385  5385 D Ringtone: Problem opening; delegating to remote player
09-16 19:19:46.741  5385  5385 E MediaPlayer-JNI: JNIMediaPlayerFactory: bIsQCMediaPlayerPresent 0
09-16 19:19:46.741  5385  5385 E MediaPlayer-JNI: JNIMediaPlayerFactory: bIsQCMediaPlayerPresent 0
09-16 19:19:46.747  5385  5385 W MediaPlayer: Couldn't open content://settings/system/notification_sound_cache: java.io.FileNotFoundException: No such file or directory
09-16 19:19:46.747  5385  5385 W MediaPlayer: Couldn't open null: java.lang.NullPointerException: uri
09-16 19:19:46.751  3194  3194 E MediaPlayerService: Couldn't open fd for content://settings/system/notification_sound
09-16 19:19:46.751  5385  5385 E MediaPlayer: Unable to create media player
09-16 19:19:46.752  5385  5385 D Ringtone: Problem opening; delegating to remote player
09-16 19:19:46.765  4920  4920 I NotificationMgr: updateMwi(): subId 1 update to false
09-16 19:19:46.788  4979  4979 D SimSelectNotification:  no of slots 1 provision = false
09-16 19:19:46.794  3586  4673 D WIFI    : Registering NetworkFactory
09-16 19:19:46.795  3586  4673 D WIFI_UT : Registering NetworkFactory
09-16 19:19:46.796  3586  4677 D ConnectivityService: Got NetworkFactory Messenger for WIFI
09-16 19:19:46.797  3586  4677 D ConnectivityService: Got NetworkFactory Messenger for WIFI_UT
09-16 19:19:46.801  3586  4673 D WIFI    : got request NetworkRequest [ REQUEST id=1, [ Capabilities: INTERNET&NOT_RESTRICTED&TRUSTED&NOT_VPN] ] with score 0
09-16 19:19:46.801  3586  4673 I WifiConnectivityManager: Set WiFiConnectivityManager enabled
09-16 19:19:46.809  5233  5233 I AlarmClock: AlarmInitReceiver android.intent.action.LOCKED_BOOT_COMPLETED
09-16 19:19:46.812  5332  5432 I chatty  : uid=1027(nfc) AsyncTask #1 expire 4 lines
09-16 19:19:46.813  5332  5430 I chatty  : uid=1027(nfc) AsyncTask #1 expire 5 lines
09-16 19:19:46.813  5332  5432 I chatty  : uid=1027(nfc) AsyncTask #1 expire 201 lines
09-16 19:19:46.818  3586  4673 D WIFI_UT : got request NetworkRequest [ REQUEST id=1, [ Capabilities: INTERNET&NOT_RESTRICTED&TRUSTED&NOT_VPN] ] with score 0
09-16 19:19:46.834  4920  4920 D CarrierSvcBindHelper: Received android.intent.action.USER_UNLOCKED
09-16 19:19:46.837  3586  3586 D WifiService: resetting networks because SIM was loaded
09-16 19:19:46.841  4920  4920 D CarrierSvcBindHelper: No carrier app for: 0
09-16 19:19:46.870  5385  5448 I OpenGLRenderer: Initialized EGL, version 1.4
09-16 19:19:46.870  5385  5448 D OpenGLRenderer: Swap behavior 1
09-16 19:19:46.870  3586  3682 I ActivityManager: Start proc 5455:com.android.smspush/u0a59 for service com.android.smspush/.WapPushManager
09-16 19:19:46.875  3586  4673 D WifiStateMachine: resetting EAP-SIM/AKA/AKA' networks since SIM was changed
09-16 19:19:46.879  5233  5233 I droid.deskclock: type=1400 audit(0.0:219): avc: denied { write } for name="shared_prefs" dev="sda24" ino=3121299 scontext=u:r:untrusted_app:s0:c512,c768 tcontext=u:object_r:system_data_file:s0:c512,c768 tclass=dir permissive=1
09-16 19:19:46.879  5233  5233 I droid.deskclock: type=1400 audit(0.0:219): avc: denied { remove_name } for name="com.android.deskclock_preferences.xml" dev="sda24" ino=3121296 scontext=u:r:untrusted_app:s0:c512,c768 tcontext=u:object_r:system_data_file:s0:c512,c768 tclass=dir permissive=1
09-16 19:19:46.879  5233  5233 I droid.deskclock: type=1400 audit(0.0:219): avc: denied { rename } for name="com.android.deskclock_preferences.xml" dev="sda24" ino=3121296 scontext=u:r:untrusted_app:s0:c512,c768 tcontext=u:object_r:system_data_file:s0:c512,c768 tclass=file permissive=1
09-16 19:19:46.879  5233  5233 I droid.deskclock: type=1400 audit(0.0:219): avc: denied { add_name } for name="com.android.deskclock_preferences.xml.bak" scontext=u:r:untrusted_app:s0:c512,c768 tcontext=u:object_r:system_data_file:s0:c512,c768 tclass=dir permissive=1
09-16 19:19:46.879  5233  5233 W droid.deskclock: type=1300 audit(0.0:219): arch=c00000b7 syscall=38 success=yes exit=0 a0=ffffff9c a1=7f77b78f20 a2=ffffff9c a3=7f6bc1cee0 items=0 ppid=3181 auid=4294967295 uid=10046 gid=10046 euid=10046 suid=10046 fsuid=10046 egid=10046 sgid=10046 fsgid=10046 tty=(none) ses=4294967295 exe="/system/bin/app_process64" subj=u:r:untrusted_app:s0:c512,c768 key=(null)
09-16 19:19:46.879  3085  3085 W auditd  : type=1327 audit(0.0:219): proctitle="com.android.deskclock"
09-16 19:19:46.879  3085  3085 W auditd  : type=1320 audit(0.0:219): 
09-16 19:19:46.879  5233  5233 I droid.deskclock: type=1400 audit(0.0:220): avc: denied { create } for name="com.android.deskclock_preferences.xml" scontext=u:r:untrusted_app:s0:c512,c768 tcontext=u:object_r:system_data_file:s0:c512,c768 tclass=file permissive=1
09-16 19:19:46.879  5233  5233 I droid.deskclock: type=1400 audit(0.0:220): avc: denied { write } for path="/data/user_de/0/com.android.deskclock/shared_prefs/com.android.deskclock_preferences.xml" dev="sda24" ino=3121316 scontext=u:r:untrusted_app:s0:c512,c768 tcontext=u:object_r:system_data_file:s0:c512,c768 tclass=file permissive=1
09-16 19:19:46.879  5233  5233 W droid.deskclock: type=1300 audit(0.0:220): arch=c00000b7 syscall=56 success=yes exit=37 a0=ffffff9c a1=7f77b78f20 a2=241 a3=1b6 items=0 ppid=3181 auid=4294967295 uid=10046 gid=10046 euid=10046 suid=10046 fsuid=10046 egid=10046 sgid=10046 fsgid=10046 tty=(none) ses=4294967295 exe="/system/bin/app_process64" subj=u:r:untrusted_app:s0:c512,c768 key=(null)
09-16 19:19:46.879  3085  3085 W auditd  : type=1327 audit(0.0:220): proctitle="com.android.deskclock"
09-16 19:19:46.879  3085  3085 W auditd  : type=1320 audit(0.0:220): 
09-16 19:19:46.879  5233  5233 I droid.deskclock: type=1400 audit(0.0:221): avc: denied { getattr } for path="/data/user_de/0/com.android.deskclock/shared_prefs/com.android.deskclock_preferences.xml" dev="sda24" ino=3121316 scontext=u:r:untrusted_app:s0:c512,c768 tcontext=u:object_r:system_data_file:s0:c512,c768 tclass=file permissive=1
09-16 19:19:46.879  5233  5233 W droid.deskclock: type=1300 audit(0.0:221): arch=c00000b7 syscall=80 success=yes exit=0 a0=25 a1=7fc8332708 a2=241 a3=1b6 items=0 ppid=3181 auid=4294967295 uid=10046 gid=10046 euid=10046 suid=10046 fsuid=10046 egid=10046 sgid=10046 fsgid=10046 tty=(none) ses=4294967295 exe="/system/bin/app_process64" subj=u:r:untrusted_app:s0:c512,c768 key=(null)
09-16 19:19:46.879  3085  3085 W auditd  : type=1327 audit(0.0:221): proctitle="com.android.deskclock"
09-16 19:19:46.879  3085  3085 W auditd  : type=1320 audit(0.0:221): 
09-16 19:19:46.883  4920  4920 D CarrierConfigLoader: Connected to config app: com.android.carrierconfig/com.android.carrierconfig.DefaultCarrierConfigService
09-16 19:19:46.899  5385  5448 D mali_winsys: EGLint new_window_surface(egl_winsys_display*, void*, EGLSurface, EGLConfig, egl_winsys_surface**, egl_color_buffer_format*, EGLBoolean) returns 0x3000,  [1440x2960]-format:1
09-16 19:19:46.902  4979  4979 W IInputConnectionWrapper: reportFullscreenMode on inexistent InputConnection
09-16 19:19:46.906  5332  5431 I chatty  : uid=1027(nfc) AsyncTask #1 expire 8 lines
09-16 19:19:46.906  5332  5430 I chatty  : uid=1027(nfc) AsyncTask #1 expire 167 lines
09-16 19:19:46.915  5233  5233 I droid.deskclock: type=1400 audit(0.0:222): avc: denied { setattr } for name="com.android.deskclock_preferences.xml" dev="sda24" ino=3121316 scontext=u:r:untrusted_app:s0:c512,c768 tcontext=u:object_r:system_data_file:s0:c512,c768 tclass=file permissive=1
09-16 19:19:46.915  5233  5233 W droid.deskclock: type=1300 audit(0.0:222): arch=c00000b7 syscall=53 success=yes exit=0 a0=ffffff9c a1=7f77b78f20 a2=1b0 a3=0 items=0 ppid=3181 auid=4294967295 uid=10046 gid=10046 euid=10046 suid=10046 fsuid=10046 egid=10046 sgid=10046 fsgid=10046 tty=(none) ses=4294967295 exe="/system/bin/app_process64" subj=u:r:untrusted_app:s0:c512,c768 key=(null)
09-16 19:19:46.915  3085  3085 W auditd  : type=1327 audit(0.0:222): proctitle="com.android.deskclock"
09-16 19:19:46.915  3085  3085 W auditd  : type=1320 audit(0.0:222): 
09-16 19:19:46.971  5332  5432 I chatty  : uid=1027(nfc) AsyncTask #1 expire 129 lines
09-16 19:19:46.973  5332  5431 I chatty  : uid=1027(nfc) AsyncTask #1 expire 8 lines
09-16 19:19:46.974  5455  5455 W System  : ClassLoader referenced unknown path: /system/app/WAPPushManager/lib/arm64
09-16 19:19:46.978  3586  3683 D GnssLocationProvider: GPS configuration:
09-16 19:19:46.978  3586  3683 D GnssLocationProvider:  #Sat Sep 16 19:19:46 GMT-03:00 2017
09-16 19:19:46.978  3586  3683 D GnssLocationProvider: SUPL_VER=0x20000
09-16 19:19:46.978  3586  3683 D GnssLocationProvider: SUPL_PORT=7275
09-16 19:19:46.978  3586  3683 D GnssLocationProvider: XTRA_SERVER_2=http\://gllto2.glpals.com/4day/v4/latest/lto2.dat
09-16 19:19:46.978  3586  3683 D GnssLocationProvider: XTRA_SERVER_1=http\://gllto1.glpals.com/4day/v4/latest/lto2.dat
09-16 19:19:46.978  3586  3683 D GnssLocationProvider: SUPL_HOST=supl.google.com
09-16 19:19:46.978  3586  3683 D GnssLocationProvider: SUPL_MODE=1
09-16 19:19:46.978  3586  3683 D GnssLocationProvider: NTP_SERVER=north-america.pool.ntp.org
09-16 19:19:46.978  3180  3180 D gpsd    : WakeLock(Acquire,GPSD)
09-16 19:19:46.979  3180  3180 D gpsd    : WakeLock(Release,GPSD)
09-16 19:19:46.979  3180  3180 D gpsd    : WakeLock(Acquire,GPSD)
09-16 19:19:46.979  3180  3180 D gpsd    : WakeLock(Release,GPSD)
09-16 19:19:46.979  3180  3180 D gpsd    : WakeLock(Acquire,GPSD)
09-16 19:19:46.979  3180  3180 D gpsd    : WakeLock(Release,GPSD)
09-16 19:19:46.981  5433  5433 V SynthProxy: About to load libttspico.so, applyFilter=true
09-16 19:19:47.038  3586  3682 I Telecom : PhoneAccountRegistrar: [ComponentInfo{com.android.phone/com.android.services.telephony.TelephonyConnectionService}, [2628372b20c6b31a61c46f7f5a9328dbf0edaed6], UserHandle{0}(icon: Icon(typ=BITMAP size=67x84) -> Icon(typ=BITMAP size=67x84))]: TSI.rPA@ACw
09-16 19:19:47.041  3586  3682 I Telecom : : Sending phone-account registered intent as user: TSI.rPA@ACw
09-16 19:19:47.046  3586  3681 I ActivityManager: Start proc 5488:android.process.acore/u0a2 for broadcast com.android.providers.contacts/.PhoneAccountRegistrationReceiver
09-16 19:19:47.053  5433  5438 I art     : Do partial code cache collection, code=29KB, data=20KB
09-16 19:19:47.053  5433  5438 I art     : After code cache collection, code=26KB, data=18KB
09-16 19:19:47.053  5433  5438 I art     : Increasing code cache capacity to 128KB
09-16 19:19:47.074  5433  5433 I SVOX Pico Engine: loaded en-US successfully
09-16 19:19:47.116  4979  4979 I art     : Starting a blocking GC Explicit
09-16 19:19:47.125  3586  3691 I ActivityManager: Displayed com.cyanogenmod.setupwizard/.WelcomeActivity: +572ms (total +682ms)
09-16 19:19:47.147  4979  4979 I art     : Explicit concurrent mark sweep GC freed 418(40KB) AllocSpace objects, 0(0B) LOS objects, 24% free, 6MB/9MB, paused 175us total 30.980ms
09-16 19:19:47.148  4979  4979 I art     : Starting a blocking GC Explicit
09-16 19:19:47.157  5385  5385 I TextToSpeech: Connected to ComponentInfo{com.svox.pico/com.svox.pico.PicoService}
09-16 19:19:47.212  5488  5488 W System  : ClassLoader referenced unknown path: /system/priv-app/ContactsProvider/lib/arm64
09-16 19:19:47.214  5385  5502 I TextToSpeech: Set up connection to ComponentInfo{com.svox.pico/com.svox.pico.PicoService}
09-16 19:19:47.225  4979  4979 I art     : Explicit concurrent mark sweep GC freed 168(6KB) AllocSpace objects, 0(0B) LOS objects, 25% free, 6MB/9MB, paused 217us total 76.099ms
09-16 19:19:47.250  4979  4979 E StrictMode: class com.android.settings.FallbackHome; instances=2; limit=1
09-16 19:19:47.250  4979  4979 E StrictMode: android.os.StrictMode$InstanceCountViolation: class com.android.settings.FallbackHome; instances=2; limit=1
09-16 19:19:47.250  4979  4979 E StrictMode: 	at android.os.StrictMode.setClassInstanceLimit(StrictMode.java:1)
09-16 19:19:47.269  3586  3682 D AlarmManagerService: Kernel timezone updated to 180 minutes west of GMT
09-16 19:19:47.330  4920  4925 I art     : Compiler allocated 4MB to compile void com.android.internal.telephony.ServiceStateTracker.pollStateDoneGsm()
09-16 19:19:47.368  4920  4920 D CarrierConfigLoader: mHandler: 3 phoneId: 0
09-16 19:19:47.376  5407  5421 D DefaultCarrierConfigService: Config being fetched
09-16 19:19:47.379  5407  5421 D DefaultCarrierConfigService: java.io.FileNotFoundException: carrier_config_72234.xml
09-16 19:19:47.569  5488  5488 I ContactsPerf: VoicemailContentProvider.onCreate start
09-16 19:19:47.583  5488  5488 I ContactsPerf: VoicemailContentProvider.onCreate finish
09-16 19:19:47.594  5488  5488 W System  : ClassLoader referenced unknown path: /system/priv-app/BlockedNumberProvider/lib/arm64
09-16 19:19:47.596  5488  5488 D ApplicationLoaders: ignored Vulkan layer search path /system/priv-app/BlockedNumberProvider/lib/arm64:/system/lib64:/vendor/lib64 for namespace 0x7f7b7640f0
09-16 19:19:47.610  4920  4920 D TelephonyProvider: subIdString = 1 subId = 1
09-16 19:19:47.610  4920  4920 D TelephonyProvider: getPreferredApnIdFromApn: for subId 1
09-16 19:19:47.610  4920  4920 D TelephonyProvider: Preferred APN: -1
09-16 19:19:47.633  5488  5488 W System  : ClassLoader referenced unknown path: /system/app/UserDictionaryProvider/lib/arm64
09-16 19:19:47.634  5488  5488 D ApplicationLoaders: ignored Vulkan layer search path /system/app/UserDictionaryProvider/lib/arm64:/system/lib64:/vendor/lib64 for namespace 0x7f7b764160
09-16 19:19:47.689  5488  5488 D StrictMode: StrictMode policy violation; ~duration=157 ms: android.os.StrictMode$StrictModeDiskWriteViolation: policy=65565 violation=1
09-16 19:19:47.689  5488  5488 D StrictMode: 	at android.os.StrictMode$AndroidBlockGuardPolicy.onWriteToDisk(StrictMode.java:1253)
09-16 19:19:47.689  5488  5488 D StrictMode: 	at libcore.io.BlockGuardOs.mkdir(BlockGuardOs.java:173)
09-16 19:19:47.689  5488  5488 D StrictMode: 	at android.system.Os.mkdir(Os.java:282)
09-16 19:19:47.689  5488  5488 D StrictMode: 	at android.app.ContextImpl.ensurePrivateDirExists(ContextImpl.java:514)
09-16 19:19:47.689  5488  5488 D StrictMode: 	at android.app.ContextImpl.getPreferencesDir(ContextImpl.java:468)
09-16 19:19:47.689  5488  5488 D StrictMode: 	at android.app.ContextImpl.getSharedPreferencesPath(ContextImpl.java:627)
09-16 19:19:47.689  5488  5488 D StrictMode: 	at android.app.ContextImpl.getSharedPreferences(ContextImpl.java:345)
09-16 19:19:47.689  5488  5488 D StrictMode: 	at android.content.ContextWrapper.getSharedPreferences(ContextWrapper.java:164)
09-16 19:19:47.689  5488  5488 D StrictMode: 	at android.preference.PreferenceManager.getDefaultSharedPreferences(PreferenceManager.java:487)
09-16 19:19:47.689  5488  5488 D StrictMode: 	at com.android.providers.contacts.FastScrollingIndexCache.getInstance(FastScrollingIndexCache.java:95)
09-16 19:19:47.689  5488  5488 D StrictMode: 	at com.android.providers.contacts.ContactsProvider2.initialize(ContactsProvider2.java:1600)
09-16 19:19:47.689  5488  5488 D StrictMode: 	at com.android.providers.contacts.ContactsProvider2.onCreate(ContactsProvider2.java:1575)
09-16 19:19:47.689  5488  5488 D StrictMode: 	at android.content.ContentProvider.attachInfo(ContentProvider.java:1751)
09-16 19:19:47.689  5488  5488 D StrictMode: 	at android.content.ContentProvider.attachInfo(ContentProvider.java:1726)
09-16 19:19:47.689  5488  5488 D StrictMode: 	at android.app.ActivityThread.installProvider(ActivityThread.java:5920)
09-16 19:19:47.689  5488  5488 D StrictMode: 	at android.app.ActivityThread.installContentProviders(ActivityThread.java:5490)
09-16 19:19:47.689  5488  5488 D StrictMode: 	at android.app.ActivityThread.handleBindApplication(ActivityThread.java:5429)
09-16 19:19:47.689  5488  5488 D StrictMode: 	at android.app.ActivityThread.-wrap2(ActivityThread.java)
09-16 19:19:47.689  5488  5488 D StrictMode: 	at android.app.ActivityThread$H.handleMessage(ActivityThread.java:1564)
09-16 19:19:47.689  5488  5488 D StrictMode: 	at android.os.Handler.dispatchMessage(Handler.java:102)
09-16 19:19:47.689  5488  5488 D StrictMode: 	at android.os.Looper.loop(Looper.java:154)
09-16 19:19:47.689  5488  5488 D StrictMode: 	at android.app.ActivityThread.main(ActivityThread.java:6186)
09-16 19:19:47.689  5488  5488 D StrictMode: 	at java.lang.reflect.Method.invoke(Native Method)
09-16 19:19:47.689  5488  5488 D StrictMode: 	at com.android.internal.os.ZygoteInit$MethodAndArgsCaller.run(ZygoteInit.java:889)
09-16 19:19:47.689  5488  5488 D StrictMode: 	at com.android.internal.os.ZygoteInit.main(ZygoteInit.java:779)
09-16 19:19:47.690  5488  5488 D StrictMode: StrictMode policy violation; ~duration=149 ms: android.os.StrictMode$StrictModeDiskWriteViolation: policy=65565 violation=1
09-16 19:19:47.690  5488  5488 D StrictMode: 	at android.os.StrictMode$AndroidBlockGuardPolicy.onWriteToDisk(StrictMode.java:1253)
09-16 19:19:47.690  5488  5488 D StrictMode: 	at libcore.io.BlockGuardOs.chmod(BlockGuardOs.java:73)
09-16 19:19:47.690  5488  5488 D StrictMode: 	at android.system.Os.chmod(Os.java:68)
09-16 19:19:47.690  5488  5488 D StrictMode: 	at android.app.ContextImpl.ensurePrivateDirExists(ContextImpl.java:515)
09-16 19:19:47.690  5488  5488 D StrictMode: 	at android.app.ContextImpl.getPreferencesDir(ContextImpl.java:468)
09-16 19:19:47.690  5488  5488 D StrictMode: 	at android.app.ContextImpl.getSharedPreferencesPath(ContextImpl.java:627)
09-16 19:19:47.690  5488  5488 D StrictMode: 	at android.app.ContextImpl.getSharedPreferences(ContextImpl.java:345)
09-16 19:19:47.690  5488  5488 D StrictMode: 	at android.content.ContextWrapper.getSharedPreferences(ContextWrapper.java:164)
09-16 19:19:47.690  5488  5488 D StrictMode: 	at android.preference.PreferenceManager.getDefaultSharedPreferences(PreferenceManager.java:487)
09-16 19:19:47.690  5488  5488 D StrictMode: 	at com.android.providers.contacts.FastScrollingIndexCache.getInstance(FastScrollingIndexCache.java:95)
09-16 19:19:47.690  5488  5488 D StrictMode: 	at com.android.providers.contacts.ContactsProvider2.initialize(ContactsProvider2.java:1600)
09-16 19:19:47.690  5488  5488 D StrictMode: 	at com.android.providers.contacts.ContactsProvider2.onCreate(ContactsProvider2.java:1575)
09-16 19:19:47.690  5488  5488 D StrictMode: 	at android.content.ContentProvider.attachInfo(ContentProvider.java:1751)
09-16 19:19:47.690  5488  5488 D StrictMode: 	at android.content.ContentProvider.attachInfo(ContentProvider.java:1726)
09-16 19:19:47.690  5488  5488 D StrictMode: 	at android.app.ActivityThread.installProvider(ActivityThread.java:5920)
09-16 19:19:47.690  5488  5488 D StrictMode: 	at android.app.ActivityThread.installContentProviders(ActivityThread.java:5490)
09-16 19:19:47.690  5488  5488 D StrictMode: 	at android.app.ActivityThread.handleBindApplication(ActivityThread.java:5429)
09-16 19:19:47.690  5488  5488 D StrictMode: 	at android.app.ActivityThread.-wrap2(ActivityThread.java)
09-16 19:19:47.690  5488  5488 D StrictMode: 	at android.app.ActivityThread$H.handleMessage(ActivityThread.java:1564)
09-16 19:19:47.690  5488  5488 D StrictMode: 	at android.os.Handler.dispatchMessage(Handler.java:102)
09-16 19:19:47.690  5488  5488 D StrictMode: 	at android.os.Looper.loop(Looper.java:154)
09-16 19:19:47.690  5488  5488 D StrictMode: 	at android.app.ActivityThread.main(ActivityThread.java:6186)
09-16 19:19:47.690  5488  5488 D StrictMode: 	at java.lang.reflect.Method.invoke(Native Method)
09-16 19:19:47.690  5488  5488 D StrictMode: 	at com.android.internal.os.ZygoteInit$MethodAndArgsCaller.run(ZygoteInit.java:889)
09-16 19:19:47.690  5488  5488 D StrictMode: 	at com.android.internal.os.ZygoteInit.main(ZygoteInit.java:779)
09-16 19:19:47.700  5488  5511 I ContactsDatabaseHelper: Bootstrapping database version: 1111
09-16 19:19:47.723  3586  3684 I ActivityManager: Start proc 5515:android.process.media/u0a10 for broadcast com.android.providers.downloads/.DownloadReceiver
09-16 19:19:47.819  5515  5515 W System  : ClassLoader referenced unknown path: /system/priv-app/DownloadProvider/lib/arm64
09-16 19:19:47.868  4920  4925 I art     : Compiler allocated 5MB to compile boolean android.app.ApplicationThreadNative.onTransact(int, android.os.Parcel, android.os.Parcel, int)
09-16 19:19:47.884  4920  4920 D CarrierConfigLoader: mHandler: 5 phoneId: 0
09-16 19:19:47.888  5515  5515 W System  : ClassLoader referenced unknown path: /system/priv-app/MediaProvider/lib/arm64
09-16 19:19:47.890  5515  5515 D ApplicationLoaders: ignored Vulkan layer search path /system/priv-app/MediaProvider/lib/arm64:/system/priv-app/MediaProvider/MediaProvider.apk!/lib/arm64-v8a:/system/lib64:/vendor/lib64 for namespace 0x7f7b7640f0
09-16 19:19:47.962  3586  3586 I Telecom : PhoneAccountRegistrar: SimCallManager queried, returning: null: TSI.gSCMFU@AC0
09-16 19:19:48.028  5515  5515 I DownloadManager: Upgrading downloads database from version 0 to version 110, which will destroy all old data
09-16 19:19:48.036  3586  3691 I art     : Starting a blocking GC Explicit
09-16 19:19:48.124  3586  3691 I art     : Explicit concurrent mark sweep GC freed 12613(758KB) AllocSpace objects, 8(592KB) LOS objects, 33% free, 12MB/18MB, paused 1.887ms total 87.599ms
09-16 19:19:48.149  3586  4030 I InputReader: Reconfiguring input devices.  changes=0x00000010
09-16 19:19:48.160  3586  3683 W Searchables: No global search activity found
09-16 19:19:48.162  3586  4030 I InputReader: Reconfiguring input devices.  changes=0x00000010
09-16 19:19:48.180  3586  4030 I InputReader: Reconfiguring input devices.  changes=0x00000010
09-16 19:19:48.204  3586  4030 I InputReader: Reconfiguring input devices.  changes=0x00000010
09-16 19:19:48.231  5332  5332 I chatty  : uid=1027(nfc) com.android.nfc expire 4 lines
09-16 19:19:48.263  3586  3681 I PackageManager: Replacing preferred activity com.android.messaging/.ui.conversation.LaunchConversationActivity for user 0:
09-16 19:19:48.263  3586  3681 I PackageManager:   Action: "android.intent.action.SENDTO"
09-16 19:19:48.263  3586  3681 I PackageManager:   Category: "android.intent.category.DEFAULT"
09-16 19:19:48.263  3586  3681 I PackageManager:   Scheme: "sms"
09-16 19:19:48.263  3586  3681 I PackageManager:   AutoVerify=false
09-16 19:19:48.269  3586  4958 I PackageManager: Replacing preferred activity com.android.messaging/.ui.conversation.LaunchConversationActivity for user 0:
09-16 19:19:48.269  3586  4958 I PackageManager:   Action: "android.intent.action.SENDTO"
09-16 19:19:48.270  3586  4958 I PackageManager:   Category: "android.intent.category.DEFAULT"
09-16 19:19:48.270  3586  4958 I PackageManager:   Scheme: "smsto"
09-16 19:19:48.270  3586  4958 I PackageManager:   AutoVerify=false
09-16 19:19:48.274  3586  4789 I PackageManager: Replacing preferred activity com.android.messaging/.ui.conversation.LaunchConversationActivity for user 0:
09-16 19:19:48.274  3586  4789 I PackageManager:   Action: "android.intent.action.SENDTO"
09-16 19:19:48.274  3586  4789 I PackageManager:   Category: "android.intent.category.DEFAULT"
09-16 19:19:48.274  3586  4789 I PackageManager:   Scheme: "mms"
09-16 19:19:48.274  3586  4789 I PackageManager:   AutoVerify=false
09-16 19:19:48.279  3586  3682 I PackageManager: Replacing preferred activity com.android.messaging/.ui.conversation.LaunchConversationActivity for user 0:
09-16 19:19:48.279  3586  3682 I PackageManager:   Action: "android.intent.action.SENDTO"
09-16 19:19:48.279  3586  3682 I PackageManager:   Category: "android.intent.category.DEFAULT"
09-16 19:19:48.279  3586  3682 I PackageManager:   Scheme: "mmsto"
09-16 19:19:48.279  3586  3682 I PackageManager:   AutoVerify=false
09-16 19:19:48.287  5515  5515 I d.process.media: type=1400 audit(0.0:236): avc: denied { remove_name } for name="external.db-journal" dev="sda24" ino=2015534 scontext=u:r:priv_app:s0:c512,c768 tcontext=u:object_r:system_data_file:s0:c512,c768 tclass=dir permissive=1
09-16 19:19:48.287  5515  5515 I d.process.media: type=1400 audit(0.0:236): avc: denied { unlink } for name="external.db-journal" dev="sda24" ino=2015534 scontext=u:r:priv_app:s0:c512,c768 tcontext=u:object_r:system_data_file:s0:c512,c768 tclass=file permissive=1
09-16 19:19:48.287  5515  5515 W d.process.media: type=1300 audit(0.0:236): arch=c00000b7 syscall=35 success=yes exit=0 a0=ffffff9c a1=7f77bf4f00 a2=0 a3=7f77bf4ea0 items=0 ppid=3181 auid=4294967295 uid=10010 gid=10010 euid=10010 suid=10010 fsuid=10010 egid=10010 sgid=10010 fsgid=10010 tty=(none) ses=4294967295 exe="/system/bin/app_process64" subj=u:r:priv_app:s0:c512,c768 key=(null)
09-16 19:19:48.287  3085  3085 W auditd  : type=1327 audit(0.0:236): proctitle="android.process.media"
09-16 19:19:48.287  3085  3085 W auditd  : type=1320 audit(0.0:236): 
09-16 19:19:48.350  3586  3586 I DefaultPermGrantPolicy: Granting permissions to default sms app for user:0
09-16 19:19:48.358  5515  5515 I MediaProvider: Upgrading media database from version 0 to 800, which will destroy all old data
09-16 19:19:48.382  3586  3683 W Searchables: No global search activity found
09-16 19:19:48.416  3586  3683 W Searchables: No global search activity found
09-16 19:19:48.429  4920  4920 D CarrierSvcBindHelper: No carrier app for: 0
09-16 19:19:48.430  5332  5450 I chatty  : uid=1027(nfc) com.android.nfc expire 1 line
09-16 19:19:48.448  3586  3683 W ResourceType: No known package when getting value for resource number 0x7f020125
09-16 19:19:48.448  3586  3683 W ResourceType: No known package when getting value for resource number 0x7f0c050a
09-16 19:19:48.448  3586  3683 W ResourceType: No known package when getting value for resource number 0x7f020124
09-16 19:19:48.448  3586  3683 W ResourceType: No known package when getting value for resource number 0x7f0c0a9b
09-16 19:19:48.449  3586  3683 W ResourceType: No known package when getting value for resource number 0x7f020123
09-16 19:19:48.449  3586  3683 W ResourceType: No known package when getting value for resource number 0x7f0c0955
09-16 19:19:48.461  3586  3683 W Searchables: No global search activity found
09-16 19:19:48.511  5488  5493 I art     : Do partial code cache collection, code=24KB, data=24KB
09-16 19:19:48.517  5488  5493 I art     : After code cache collection, code=24KB, data=24KB
09-16 19:19:48.517  5488  5493 I art     : Increasing code cache capacity to 128KB
09-16 19:19:48.557  4920  4920 D CarrierSvcBindHelper: No carrier app for: 0
09-16 19:19:48.641  4920  4920 D CarrierSvcBindHelper: No carrier app for: 0
09-16 19:19:48.717  5515  5515 D MediaProvider: Adjusting external storage paths to: /storage/emulated/0
09-16 19:19:48.729  4920  4920 D CarrierSvcBindHelper: No carrier app for: 0
09-16 19:19:48.741  5488  5511 I ContactsProviderV1: Bootstrapping database legacy support
09-16 19:19:48.795  5515  5515 E SQLiteLog: (1) no such table: album_info
09-16 19:19:48.975  5515  5515 D MediaScannerReceiver: action: android.intent.action.MEDIA_MOUNTED path: /storage/emulated/0
09-16 19:19:49.002  3586  4958 I ActivityManager: Start proc 5538:com.android.managedprovisioning/u0a16 for broadcast com.android.managedprovisioning/.PreBootListener
09-16 19:19:49.023  5488  5513 W art     : Long monitor contention with owner ContactsProviderWorker (5511) at long android.database.sqlite.SQLiteConnection.nativePrepareStatement(long, java.lang.String)(SQLiteConnection.java:-2) waiters=0 in android.database.sqlite.SQLiteDatabase android.database.sqlite.SQLiteOpenHelper.getWritableDatabase() for 1.235s
09-16 19:19:49.033  5488  5513 I CallLogDatabaseHelper: Migrating from old tables...
09-16 19:19:49.035  5488  5513 I CallLogDatabaseHelper: Source tables don't exist.
09-16 19:19:49.082  5538  5538 W System  : ClassLoader referenced unknown path: /system/priv-app/ManagedProvisioning/lib/arm64
09-16 19:19:49.101  5332  5432 I chatty  : uid=1027(nfc) AsyncTask #1 expire 3 lines
09-16 19:19:49.101  5332  5431 D SecHAL  : read_thread: Sent message to HAL message task, remind que: 2
09-16 19:19:49.101  5332  5432 D SecHAL  : nfc_hal_task: Got a event: HAL_EVT_READ(4)
09-16 19:19:49.101  5332  5432 D SecHAL  : nfc_hal_task: current state: SERVICE
09-16 19:19:49.102  5332  5432 D SecHAL  : data_trace:  Recv(  5) 42 00 02   00 00 
09-16 19:19:49.102  5332  5432 I SecHAL  : OSI_timer_start: enter,osi_lock
09-16 19:19:49.102  5332  5432 I SecHAL  : OSI_timer_start: before osi_unlock
09-16 19:19:49.102  5332  5432 I SecHAL  : OSI_timer_start: exit
09-16 19:19:49.102  5332  5432 I SecHAL  : nfc_data_callback: !
09-16 19:19:49.102  5332  5432 D NfcAdaptation: NfcAdaptation::HalDeviceContextDataCallback: len=5
09-16 19:19:49.102  5332  5430 I BrcmNfcNfa: NFC received rsp gid:2
09-16 19:19:49.102  5332  5430 I BrcmNfcNfa: nci_proc_ee_management_rsp opcode:0x0
09-16 19:19:49.102  5332  5430 I BrcmNfcNfa: nfa_dm_nfc_response_cback () NFC_NFCEE_DISCOVER_REVT(0x5004)
09-16 19:19:49.102  5332  5430 I BrcmNfcNfa: nfa_ee_proc_evt: event=0x5004 int_event:0x20d
09-16 19:19:49.102  5332  5430 I BrcmNfcNfa: nfa_ee_evt_hdlr (): Event NCI_DISC_RSP(0x20d), State: INIT_DONE(1)
09-16 19:19:49.102  5332  5430 I BrcmNfcNfa: nfa_ee_nci_disc_rsp() em_state:1 cur_ee:2, num_nfcee:0
09-16 19:19:49.102  5332  5430 I BrcmNfcNfa: nfa_ee_report_disc_done() em_state:1 num_ee_expecting:0 notify_enable_done:0
09-16 19:19:49.102  5332  5430 I BrcmNfcNfa: nfa_ee_nci_disc_rsp() em_state:1 cur_ee:2 num_ee_expecting:0
09-16 19:19:49.103  5332  5431 D SecHAL  : read_thread: Sent message to HAL message task, remind que: 2
09-16 19:19:49.103  5332  5432 D SecHAL  : nfc_hal_task: Got a event: HAL_EVT_READ(4)
09-16 19:19:49.103  5332  5432 D SecHAL  : nfc_hal_task: current state: SERVICE
09-16 19:19:49.104  5332  5432 D SecHAL  : data_trace:  Recv(  9) 01 00 06   81 80 00 01 02 03 
09-16 19:19:49.104  5332  5432 I SecHAL  : OSI_timer_start: enter,osi_lock
09-16 19:19:49.104  5332  5432 I SecHAL  : OSI_timer_start: before osi_unlock
09-16 19:19:49.104  5332  5432 I SecHAL  : OSI_timer_start: exit
09-16 19:19:49.104  5332  5432 I SecHAL  : nfc_data_callback: !
09-16 19:19:49.104  5332  5432 D NfcAdaptation: NfcAdaptation::HalDeviceContextDataCallback: len=9
09-16 19:19:49.104  5332  5430 I BrcmNfcNfa: NFC received data
09-16 19:19:49.104  5332  5430 I BrcmNfcNfa: nfc_ncif_proc_data 0x010006
09-16 19:19:49.104  5332  5430 I BrcmNfcNfa: nfc_ncif_proc_data len:6
09-16 19:19:49.104  5332  5430 I BrcmNfcNfa: nfa_sys_ptim_stop_timer 70548318
09-16 19:19:49.104  5332  5430 I BrcmNfcNfa: ptim timer stop
09-16 19:19:49.104  5332  5430 D BrcmHcpR: 818000010203
09-16 19:19:49.104  5332  5430 I BrcmNfcNfa: nfa_hci_conn_cback Recvd data pipe:1  Type: RESPONSE [0x02] Resp: ANY_OK [0x00]   chain:1  assmbl:0  len:6
09-16 19:19:49.104  5332  5430 I BrcmNfcNfa: nfa_hci_handle_admin_gate_rsp - LastCmdSent: ANY_GET_PARAMETER  App: 0x0000  Gate: 0x00  Pipe: 0x01
09-16 19:19:49.104  5332  5430 I BrcmNfcNfa: nfa_hci_startup_complete (): Status: 0
09-16 19:19:49.104  5332  5430 I BrcmNfcNfa: nfa_sys_ptim_stop_timer 70548318
09-16 19:19:49.104  5332  5430 I BrcmNfcNfa: ptim timer stop
09-16 19:19:49.104  5332  5430 I BrcmNfcNfa: nfa_sys_cback_notify_enable_complete () enable_cplt_flags=0x1cc, enable_cplt_mask=0x1cc
09-16 19:19:49.104  5332  5430 D BrcmNfcJni: nfaDeviceManagementCallback: enter; event=0x0
09-16 19:19:49.104  5332  5430 D BrcmNfcJni: nfaDeviceManagementCallback: NFA_DM_ENABLE_EVT; status=0x0
09-16 19:19:49.104  5332  5430 I BrcmNfcNfa: NFA got event 0x0813
09-16 19:19:49.104  5332  5430 I BrcmNfcNfa: nfa_hci_evt_hdlr state: IDLE (3) event: CHECK_QUEUE (0x0813)
09-16 19:19:49.105  5332  5430 D         : nfa_nv_co_write: bytes=288; file=/data/nfc/nfaStorage.bin1
09-16 19:19:49.105  5332  5430 D         : nfa_nv_co_write: 288 bytes written
09-16 19:19:49.105  5332  5430 I BrcmNfcNfa: NFA got event 0x0811
09-16 19:19:49.105  5332  5430 I BrcmNfcNfa: nfa_hci_evt_hdlr state: IDLE (3) event: NV_WRITE_EVT (0x0811)
09-16 19:19:49.105  5332  5431 D SecHAL  : read_thread: Sent message to HAL message task, remind que: 2
09-16 19:19:49.106  5332  5432 D SecHAL  : nfc_hal_task: Got a event: HAL_EVT_READ(4)
09-16 19:19:49.106  5332  5432 D SecHAL  : nfc_hal_task: current state: SERVICE
09-16 19:19:49.106  5332  5426 E         : bool CNxpNfcConfig::readConfig(const char *, bool) Cannot open config file /etc/libnfc-nxp.conf
09-16 19:19:49.106  5332  5426 E         : bool CNxpNfcConfig::readConfig(const char *, bool) Using default value for all settings
09-16 19:19:49.106  5332  5426 D         : phNxpLog_InitializeLogLevel: global =1, Fwdnld =1, extns =1,                 hal =1, tml =1, ncir =1,                 ncix =1
09-16 19:19:49.106  5332  5432 D SecHAL  : data_trace:  Recv(  6) 60 06 03   01 01 01 
09-16 19:19:49.106  5332  5432 I SecHAL  : OSI_timer_start: enter,osi_lock
09-16 19:19:49.106  5332  5432 I SecHAL  : OSI_timer_start: before osi_unlock
