09-05 02:16:00.116  4912  4912 I EXYNOS_COMP_REGS: Loading the library: libOMX.Exynos.WMV.Decoder.so
09-05 02:16:00.118  4935  4935 E TelephonyProvider: dbh.selectConflictingRow: Expected 1 but found 0 matching rows found for cv mvno_match_data=BAE0000000000000 modem_cognitive=true sub_id=-1 mvno_type=gid bearer_bitmask=4096 numeric=20404 roaming_protocol=IPV4V6 profile_id=2 protocol=IPV4V6 mnc=04 name=EHRPD - VZW Roaming IMS max_conns_time=300 mcc=204 apn=VZWIMS type=ims,ia max_conns=1023
09-05 02:16:00.124  4935  4935 E TelephonyProvider: dbh.selectConflictingRow: Expected 1 but found 0 matching rows found for cv mvno_match_data=BAE0000000000000 modem_cognitive=true sub_id=-1 mvno_type=gid bearer_bitmask=4096 mmsc=http://mms.vzwreseller.com/servlets/mms numeric=20404 roaming_protocol=IPV4V6 profile_id=4 protocol=IPV4V6 mnc=04 name=EHRPD - VZW Roaming CBS max_conns_time=300 mcc=204 apn=VZWAPP type=cbs,mms max_conns=1023
09-05 02:16:00.131  4935  4935 E TelephonyProvider: dbh.selectConflictingRow: Expected 1 but found 0 matching rows found for cv password= sub_id=-1 bearer_bitmask=0 numeric=20408 mmsc=http://mp.mobiel.kpn/mmsc user= mnc=08 mmsport=5080 proxy= mmsproxy=10.10.100.20 name=Hi Mobiel Internet port= mcc=204 apn=portalmmm.nl type=*
09-05 02:16:00.133  4935  4935 E TelephonyProvider: dbh.selectConflictingRow: Expected 1 but found 0 matching rows found for cv password= sub_id=-1 bearer_bitmask=0 numeric=20408 mmsc=http://mp.mobiel.kpn/mmsc authtype=1 user= mnc=08 mmsport=5080 proxy= mmsproxy=10.10.100.20 name=Ortel Internet port= mcc=204 apn=portalmmm.nl type=default,supl,mms
09-05 02:16:00.148  4935  4935 E TelephonyProvider: dbh.selectConflictingRow: Expected 1 but found 0 matching rows found for cv password=mms sub_id=-1 bearer_bitmask=0 numeric=20601 mmsc=http://mmsc.proximus.be/mms user=mms mnc=01 mmsport=8080 proxy= mmsproxy=10.55.14.75 name=Scarlet MMS port= mcc=206 apn=event.proximus.be type=mms
09-05 02:16:00.152  4935  4935 E TelephonyProvider: dbh.selectConflictingRow: Expected 1 but found 0 matching rows found for cv password= mnc=05 sub_id=-1 bearer_bitmask=0 numeric=20605 name=Voo Mobile mcc=206 apn=telenetwap.be type=default,supl user=
09-05 02:16:00.153  3364  3364 I OMXClient: MuxOMX ctor
09-05 02:16:00.153  4935  4935 E TelephonyProvider: dbh.selectConflictingRow: Expected 1 but found 0 matching rows found for cv password=mms sub_id=-1 bearer_bitmask=0 numeric=20605 mmsc=http://mmsc.telenet.be authtype=1 user=mms mnc=05 mmsport=80 proxy= mmsproxy=195.130.149.100 name=Voo MMS port= mcc=206 apn=mms.be type=mms
09-05 02:16:00.154  3364  3364 W MediaCodecList: unable to open media codecs configuration xml file: /etc/media_codecs_performance.xml
09-05 02:16:00.154  3364  3364 I MediaPlayerService: MediaPlayerService::getOMX
09-05 02:16:00.155  3364  3364 I OMXClient: MuxOMX ctor
09-05 02:16:00.155  3364  3364 W MediaCodecList: unable to open media codecs configuration xml file: /data/misc/media/media_codecs_profiling_results.xml
09-05 02:16:00.157  3364  4887 I MediaPlayerService: MediaPlayerService::getOMX
09-05 02:16:00.157  3364  3378 I MediaPlayerService: MediaPlayerService::getOMX
09-05 02:16:00.159  4795  4884 I OMXClient: MuxOMX ctor
09-05 02:16:00.159  4795  4795 W System  : ClassLoader referenced unknown path: 
09-05 02:16:00.159  3619  4863 I OMXClient: MuxOMX ctor
09-05 02:16:00.160  3619  4863 E ACodec  : Unable to instantiate a decoder for type 'audio/vorbis' with err 0xfffffffe.
09-05 02:16:00.160  3619  4863 E ACodec  : signalError(omxError 0xfffffffe, internalError -2)
09-05 02:16:00.160  3619  4863 E MediaCodec: Codec reported err 0xfffffffe, actionCode 0, while in state 1
09-05 02:16:00.160  4795  4884 E ACodec  : Unable to instantiate a decoder for type 'audio/vorbis' with err 0xfffffffe.
09-05 02:16:00.160  4795  4884 E ACodec  : signalError(omxError 0xfffffffe, internalError -2)
09-05 02:16:00.160  4795  4884 E MediaCodec: Codec reported err 0xfffffffe, actionCode 0, while in state 1
09-05 02:16:00.161  4795  4795 D ApplicationLoaders: ignored Vulkan layer search path /system/app/Camera2/lib/arm64:/system/app/Camera2/Camera2.apk!/lib/arm64-v8a:/system/lib64:/vendor/lib64 for namespace 0x7f86d200f0
09-05 02:16:00.161  4784  4895 I LatinIME:LogUtils: Dictionary info: dictionary = main:hu ; version = 1 ; date = 1473269900
09-05 02:16:00.161  3619  4826 E SoundPool: Unable to load sample
09-05 02:16:00.162  4795  4880 E SoundPool: Unable to load sample
09-05 02:16:00.162  3619  4714 W AudioService: onLoadSoundEffects(), Error -2147483648 while loading samples
09-05 02:16:00.162  4935  4935 E TelephonyProvider: dbh.selectConflictingRow: Expected 1 but found 0 matching rows found for cv password=base sub_id=-1 bearer_bitmask=0 numeric=20620 mmsc= authtype=1 user=base mnc=20 proxy= name=JIM Mobile Internet port= mcc=206 apn=gprs.base.be type=default,supl
09-05 02:16:00.164  4935  4935 E TelephonyProvider: dbh.selectConflictingRow: Expected 1 but found 0 matching rows found for cv password=base sub_id=-1 bearer_bitmask=0 numeric=20620 mmsc=http://mmsc.base.be authtype=1 user=base mnc=20 mmsport=8080 proxy= mmsproxy=217.72.235.1 name=JIM Mobile MMS port= mcc=206 apn=mms.base.be type=mms
09-05 02:16:00.167  4935  4935 E TelephonyProvider: dbh.selectConflictingRow: Expected 1 but found 0 matching rows found for cv password=orange mnc=01 sub_id=-1 bearer_bitmask=0 mmsc= proxy= numeric=20801 name=Orange France port= mcc=208 apn=orange type=default,supl user=orange
09-05 02:16:00.171  4935  4935 E TelephonyProvider: dbh.selectConflictingRow: Expected 1 but found 0 matching rows found for cv password=orange sub_id=-1 bearer_bitmask=0 numeric=20801 mmsc=http://mms.orange.fr user=orange mnc=01 mmsport=8080 proxy= mmsproxy=192.168.10.200 name=Carrefour MMS port= mcc=208 apn=orange.acte type=mms
09-05 02:16:00.172  4935  4935 E TelephonyProvider: dbh.selectConflictingRow: Expected 1 but found 0 matching rows found for cv password=orange mnc=01 sub_id=-1 bearer_bitmask=0 mmsc= proxy=192.168.10.100 numeric=20801 name=NRJ WAP port=8080 mcc=208 apn=ofnew.fr type=default,supl user=orange
09-05 02:16:00.173  4935  4935 E TelephonyProvider: dbh.selectConflictingRow: Expected 1 but found 0 matching rows found for cv password=orange sub_id=-1 bearer_bitmask=0 numeric=20801 mmsc=http://mms.orange.fr user=orange mnc=01 mmsport=8080 proxy= mmsproxy=192.168.10.200 name=NRJ MMS port= mcc=208 apn=orange.acte type=mms
09-05 02:16:00.174  4935  4935 E TelephonyProvider: dbh.selectConflictingRow: Expected 1 but found 0 matching rows found for cv password=orange mnc=01 sub_id=-1 bearer_bitmask=0 proxy=192.168.10.100 numeric=20801 name=Tele2 WAP port=8080 mcc=208 apn=ofnew.fr type=default,supl user=orange
09-05 02:16:00.175  4935  4935 E TelephonyProvider: dbh.selectConflictingRow: Expected 1 but found 0 matching rows found for cv password=orange sub_id=-1 bearer_bitmask=0 numeric=20801 mmsc=http://mms.orange.fr user=orange mnc=01 mmsport=8080 proxy= mmsproxy=192.168.10.200 name=Tele2 MMS port= mcc=208 apn=orange.acte type=mms
09-05 02:16:00.177  4935  4935 E TelephonyProvider: dbh.selectConflictingRow: Expected 1 but found 0 matching rows found for cv password=orange mnc=01 sub_id=-1 bearer_bitmask=0 proxy=192.168.10.100 numeric=20801 name=Virgin Mobile port=8080 mcc=208 apn=ofnew.fr type=default,supl user=orange
09-05 02:16:00.179  4935  4935 E TelephonyProvider: dbh.selectConflictingRow: Expected 1 but found 0 matching rows found for cv password=orange sub_id=-1 bearer_bitmask=0 numeric=20801 mmsc=http://mms.orange.fr user=orange mnc=01 mmsport=8080 proxy= mmsproxy=192.168.10.200 name=Virgin Mobile MMS port= mcc=208 apn=orange.acte type=mms
09-05 02:16:00.184  4935  4935 E TelephonyProvider: dbh.selectConflictingRow: Expected 1 but found 0 matching rows found for cv password=orange sub_id=-1 bearer_bitmask=0 numeric=20801 mmsc=http://mms.orange.fr/ user=orange mnc=01 mmsport=8080 proxy= mmsproxy=192.168.10.200 name=Web Carrefour port= mcc=208 apn=orange.acte type=mms
09-05 02:16:00.188  4935  4935 E TelephonyProvider: dbh.selectConflictingRow: Expected 1 but found 0 matching rows found for cv password=orange sub_id=-1 bearer_bitmask=0 numeric=20801 mmsc=http://mms.orange.fr user=orange mnc=01 mmsport=8080 proxy= mmsproxy=192.168.10.200 name=C MMS port= mcc=208 apn=orange.acte type=mms
09-05 02:16:00.190  4935  4935 E TelephonyProvider: dbh.selectConflictingRow: Expected 1 but found 0 matching rows found for cv mvno_match_data=NRJ Mobile password=orange sub_id=-1 mvno_type=spn bearer_bitmask=0 numeric=20801 mmsc= authtype=1 user=orange mnc=01 proxy= name=NRJ WEB port= mcc=208 apn=ofnew.fr type=default,supl
09-05 02:16:00.191  4935  4935 E TelephonyProvider: dbh.selectConflictingRow: Expected 1 but found 0 matching rows found for cv mvno_match_data=NRJ Mobile password=orange sub_id=-1 mvno_type=spn bearer_bitmask=0 numeric=20801 mmsc=http://mms.orange.fr/ authtype=1 user=orange mnc=01 mmsport=8080 proxy= mmsproxy=192.168.10.200 name=NRJ MMS port= mcc=208 apn=orange.acte type=mms
09-05 02:16:00.194  3364  3364 I MediaPlayerService: MediaPlayerService::getOMX
09-05 02:16:00.194  4935  4935 E TelephonyProvider: dbh.selectConflictingRow: Expected 1 but found 0 matching rows found for cv password= mnc=02 sub_id=-1 bearer_bitmask=0 mmsc= proxy= numeric=20802 name=Orange GPRS port= mcc=208 apn=orange.fr type=default,supl user=
09-05 02:16:00.195  3619  5004 I OMXClient: MuxOMX ctor
09-05 02:16:00.195  3364  4888 I MediaPlayerService: MediaPlayerService::getOMX
09-05 02:16:00.195  3619  5004 E ACodec  : Unable to instantiate a decoder for type 'audio/vorbis' with err 0xfffffffe.
09-05 02:16:00.195  4795  5003 I OMXClient: MuxOMX ctor
09-05 02:16:00.195  3619  5004 E ACodec  : signalError(omxError 0xfffffffe, internalError -2)
09-05 02:16:00.196  3619  5004 E MediaCodec: Codec reported err 0xfffffffe, actionCode 0, while in state 1
09-05 02:16:00.196  3619  4826 E SoundPool: Unable to load sample
09-05 02:16:00.197  4935  4935 E TelephonyProvider: dbh.selectConflictingRow: Expected 1 but found 0 matching rows found for cv password= mnc=02 sub_id=-1 bearer_bitmask=0 mmsc= proxy= numeric=20802 name=Orange GPRS ISP port= mcc=208 apn=orange.fr type=default,supl user=
09-05 02:16:00.197  4795  5003 E ACodec  : Unable to instantiate a decoder for type 'audio/vorbis' with err 0xfffffffe.
09-05 02:16:00.197  4795  5003 E ACodec  : signalError(omxError 0xfffffffe, internalError -2)
09-05 02:16:00.197  4795  5003 E MediaCodec: Codec reported err 0xfffffffe, actionCode 0, while in state 1
09-05 02:16:00.198  4795  4880 E SoundPool: Unable to load sample
09-05 02:16:00.209  4784  4895 I LatinIME:LogUtils: Dictionary info: dictionary = main:it ; version = 54 ; date = 1414726258
09-05 02:16:00.212  4935  4935 E TelephonyProvider: dbh.selectConflictingRow: Expected 1 but found 0 matching rows found for cv password= sub_id=-1 bearer_bitmask=0 numeric=20810 mmsc=http://mms1 user= mnc=10 mmsport=8080 proxy= mmsproxy=10.151.0.1 name=SFR MMS port= mcc=208 apn=mmssfr type=mms
09-05 02:16:00.214  4935  4935 E TelephonyProvider: dbh.selectConflictingRow: Expected 1 but found 0 matching rows found for cv password= mnc=10 sub_id=-1 bearer_bitmask=0 mmsc= proxy= numeric=20810 name=SFR port= mcc=208 apn=sl2sfr type=default,supl user=
09-05 02:16:00.216  4935  4935 E TelephonyProvider: dbh.selectConflictingRow: Expected 1 but found 0 matching rows found for cv mnc=10 sub_id=-1 bearer_bitmask=0 numeric=20810 proxy=192.168.21.3 name=Web La Poste port=8080 mcc=208 apn=wapdebitel type=default,supl
09-05 02:16:00.223  4795  4802 I art     : Do full code cache collection, code=252KB, data=204KB
09-05 02:16:00.224  4795  4802 I art     : Starting a blocking GC JitCodeCache
09-05 02:16:00.224  4795  4802 I art     : After code cache collection, code=239KB, data=173KB
09-05 02:16:00.228  3364  3364 I MediaPlayerService: MediaPlayerService::getOMX
09-05 02:16:00.229  4795  5005 I OMXClient: MuxOMX ctor
09-05 02:16:00.229  4795  5005 E ACodec  : Unable to instantiate a decoder for type 'audio/vorbis' with err 0xfffffffe.
09-05 02:16:00.229  4795  5005 E ACodec  : signalError(omxError 0xfffffffe, internalError -2)
09-05 02:16:00.229  4795  5005 E MediaCodec: Codec reported err 0xfffffffe, actionCode 0, while in state 1
09-05 02:16:00.230  4795  4880 E SoundPool: Unable to load sample
09-05 02:16:00.232  4935  4935 E TelephonyProvider: dbh.selectConflictingRow: Expected 1 but found 0 matching rows found for cv password= mnc=10 sub_id=-1 bearer_bitmask=0 mmsc= proxy=192.168.21.3 numeric=20810 name=Web La Poste port=8080 mcc=208 apn=wapdebitel type=default,supl user=
09-05 02:16:00.235  3619  3710 D libgps  : SendGpsExtensionMessage: Waiting for IPC connection - timeout
09-05 02:16:00.236  3619  3710 E libgps  : LIBGPS: Cannot communicate (write) with a GPSD
09-05 02:16:00.236  3619  3710 E libgps  : IPC Communication Error, ../../../../tmp/15194007_282637/allPartners/os/android/gps_interface/gpsi_client/GpsiClient.cpp:631 SendGpsExtensionMessage
09-05 02:16:00.236  3619  3710 D libgps  : agps_set_server: Waiting for IPC connection...
09-05 02:16:00.258  4935  4935 E TelephonyProvider: dbh.selectConflictingRow: Expected 1 but found 0 matching rows found for cv password=vodafone mnc=06 sub_id=-1 bearer_bitmask=0 mmsc= proxy= numeric=21406 name=INTERNET GPRS port= mcc=214 apn=airtelnet.es type=default,supl user=vodafone
09-05 02:16:00.262  4935  4935 E TelephonyProvider: dbh.selectConflictingRow: Expected 1 but found 0 matching rows found for cv password=EUSKALTEL mnc=08 sub_id=-1 bearer_bitmask=0 mmsc= proxy= numeric=21408 name=Euskaltel Internet port= mcc=214 apn=internet.euskaltel.mobi type=default,supl user=CLIENTE
09-05 02:16:00.263  4935  4935 E TelephonyProvider: dbh.selectConflictingRow: Expected 1 but found 0 matching rows found for cv password=EUSKALTEL sub_id=-1 bearer_bitmask=0 numeric=21408 mmsc=http://mms.euskaltel.mobi user=MMS mnc=08 mmsport=8080 proxy= mmsproxy=172.16.18.74 name=Euskaltel MMS port= mcc=214 apn=euskaltelmms.euskaltel.mobi type=mms
09-05 02:16:00.266  4784  4895 I LatinIME:LogUtils: Dictionary info: dictionary = main:iw ; version = 44 ; date = 1393228136
09-05 02:16:00.275  4935  4935 E TelephonyProvider: dbh.selectConflictingRow: Expected 1 but found 0 matching rows found for cv password= mnc=01 sub_id=-1 bearer_bitmask=0 mmsc= proxy= numeric=21601 name=Pannon port= mcc=216 apn=net type=default,supl user=
09-05 02:16:00.276  4935  4935 E TelephonyProvider: dbh.selectConflictingRow: Expected 1 but found 0 matching rows found for cv password= mnc=01 sub_id=-1 bearer_bitmask=0 mmsc= proxy= numeric=21601 name=Telenor Net port= mcc=216 apn=net type=default,supl user=
09-05 02:16:00.279  3619  4964 W WallpaperManagerService: no current wallpaper -- first boot?
09-05 02:16:00.289  4935  4935 E TelephonyProvider: dbh.selectConflictingRow: Expected 1 but found 0 matching rows found for cv password= mnc=03 sub_id=-1 bearer_bitmask=0 mmsc= proxy= numeric=21803 name=ERONET MI 200 port= mcc=218 apn=web.eronet.ba type=supl user=
09-05 02:16:00.295  4935  4935 E TelephonyProvider: dbh.selectConflictingRow: Expected 1 but found 0 matching rows found for cv password= sub_id=-1 bearer_bitmask=0 numeric=21902 mmsc=http://mmsc.tele2.hr user= mnc=02 mmsport=8080 proxy= mmsproxy=193.12.40.66 name=Tele2 HR port= mcc=219 apn=wap.tele2.hr type=default,supl,mms
09-05 02:16:00.296  4795  4795 D ClockController: onTuningChanged key=cmsystem:status_bar_clock value=null
09-05 02:16:00.301  4935  4935 E TelephonyProvider: dbh.selectConflictingRow: Expected 1 but found 0 matching rows found for cv password=vipmobile sub_id=-1 bearer_bitmask=0 numeric=22005 mmsc=http://mmsc.vipmobile.rs authtype=1 user=vipmobile mnc=05 mmsport=8080 proxy= mmsproxy=212.15.182.82 name=Vip MMS port= mcc=220 apn=vipmobile.mms type=mms
09-05 02:16:00.311  4795  4795 D ClockController: onTuningChanged key=cmsystem:status_bar_am_pm value=null
09-05 02:16:00.314  4795  4795 D ClockController: onTuningChanged key=clock_seconds value=null
09-05 02:16:00.332  4784  4895 I LatinIME:LogUtils: Dictionary info: dictionary = main:lb ; version = 1 ; date = 1380519383
09-05 02:16:00.339  4935  4935 E TelephonyProvider: dbh.selectConflictingRow: Expected 1 but found 0 matching rows found for cv password=vodafone mnc=01 sub_id=-1 bearer_bitmask=0 mmsc= proxy= numeric=22601 name=Vodafone RO port= mcc=226 apn=internet.vodafone.ro type=default,supl user=internet.vodafone.ro
09-05 02:16:00.343  4935  4935 E TelephonyProvider: dbh.selectConflictingRow: Expected 1 but found 0 matching rows found for cv mnc=03 sub_id=-1 bearer_bitmask=0 numeric=22603 name=Telekom Romania Broadband mcc=226 apn=broadband type=default,supl
09-05 02:16:00.360  4935  4935 E TelephonyProvider: dbh.selectConflictingRow: Expected 1 but found 0 matching rows found for cv password=wap mnc=01 sub_id=-1 bearer_bitmask=0 proxy=213.151.208.156 numeric=23101 name=Orange World port=8799 mcc=231 apn=orangewap type=default,supl user=wap
09-05 02:16:00.363  4935  4935 E TelephonyProvider: dbh.selectConflictingRow: Expected 1 but found 0 matching rows found for cv mnc=02 sub_id=-1 bearer_bitmask=0 numeric=23102 name=Telekom SK mcc=231 apn=internet type=default,supl
09-05 02:16:00.366  4935  4935 E TelephonyProvider: dbh.selectConflictingRow: Expected 1 but found 0 matching rows found for cv password= mnc=04 sub_id=-1 bearer_bitmask=0 mmsc= proxy= numeric=23104 name=T-Mobile SK port= mcc=231 apn=internet type=default,supl user=
09-05 02:16:00.368  4935  4935 E TelephonyProvider: dbh.selectConflictingRow: Expected 1 but found 0 matching rows found for cv password=mms sub_id=-1 bearer_bitmask=0 numeric=23104 mmsc=http://mms user=mms mnc=04 mmsport=8080 proxy= mmsproxy=192.168.1.1 name=T-Mobile SK MMS port= mcc=231 apn=mms type=mms
09-05 02:16:00.387  4795  4795 D LocalBluetoothProfileManager: Adding local MAP profile
09-05 02:16:00.394  4784  4895 I LatinIME:LogUtils: Dictionary info: dictionary = main:nb ; version = 44 ; date = 1393228136
09-05 02:16:00.404  4795  4795 D BluetoothMap: Create BluetoothMap proxy object
09-05 02:16:00.407  4935  4935 E TelephonyProvider: dbh.selectConflictingRow: Expected 1 but found 0 matching rows found for cv password=O2web mnc=10 sub_id=-1 bearer_bitmask=0 mmsc= proxy= numeric=23410 name=O2 WEB port= mcc=234 apn=mobile.o2.co.uk type=default,supl user=O2web
09-05 02:16:00.426  4935  4935 E TelephonyProvider: dbh.selectConflictingRow: Expected 1 but found 0 matching rows found for cv password=web mnc=15 sub_id=-1 bearer_bitmask=0 numeric=23415 name=Vodafone Post-pay ISP mcc=234 apn=internet type=default,supl user=web
09-05 02:16:00.427  4795  4795 D LocalBluetoothProfileManager: LocalBluetoothProfileManager construction complete
09-05 02:16:00.442  4935  4935 E TelephonyProvider: dbh.selectConflictingRow: Expected 1 but found 0 matching rows found for cv password=wap sub_id=-1 bearer_bitmask=0 numeric=23415 mmsc=http://mms.vodafone.co.uk/servlets/mms authtype=1 user=wap mnc=15 mmsport=8799 proxy= mmsproxy=212.183.137.12 name=Contract WAP MMS port= mcc=234 apn=wap.vodafone.co.uk type=mms
09-05 02:16:00.444  4935  4935 E TelephonyProvider: dbh.selectConflictingRow: Expected 1 but found 0 matching rows found for cv password=wap mnc=15 sub_id=-1 bearer_bitmask=0 mmsc= proxy= numeric=23415 name=Vodafone Pre Pay port= mcc=234 apn=pp.vodafone.co.uk type=default,supl user=wap
09-05 02:16:00.446  4935  4935 E TelephonyProvider: dbh.selectConflictingRow: Expected 1 but found 0 matching rows found for cv password=wap sub_id=-1 bearer_bitmask=0 numeric=23415 mmsc=http://mms.vodafone.co.uk/servlets/mms user=wap mnc=15 mmsport=8799 proxy= mmsproxy=212.183.137.12 name=Vodafone Pre Pay MMS port= mcc=234 apn=pp.vodafone.co.uk type=mms
09-05 02:16:00.457  4784  4895 I LatinIME:LogUtils: Dictionary info: dictionary = main:nl ; version = 44 ; date = 1393228136
09-05 02:16:00.468  4935  4935 E TelephonyProvider: dbh.selectConflictingRow: Expected 1 but found 0 matching rows found for cv mvno_match_data=BT password= sub_id=-1 mvno_type=spn numeric=23430 mmsc= bearer_bitmask=0 user= mnc=30 proxy= name=BT One Phone Internet port= mcc=234 apn=btmobile.bt.com type=default,supl
09-05 02:16:00.483  4795  4795 I CameraManagerGlobal: Connecting to camera service
09-05 02:16:00.487  3360  3360 E CameraService: getCameraVendorTagDescriptor: camera hardware module doesn't exist
09-05 02:16:00.494  4784  4895 I LatinIME:LogUtils: Dictionary info: dictionary = main:ru ; version = 54 ; date = 1414726277
09-05 02:16:00.499  4935  4935 E TelephonyProvider: dbh.selectConflictingRow: Expected 1 but found 0 matching rows found for cv password= sub_id=-1 bearer_bitmask=0 numeric=23455 mmsc=http://mmsc.gprs.cw.com/ user= mnc=55 mmsport=80 proxy= mmsproxy=10.0.3.101 name=Lifestyle MMS port= mcc=234 apn=mms type=mms
09-05 02:16:00.507  4935  4935 E TelephonyProvider: dbh.selectConflictingRow: Expected 1 but found 0 matching rows found for cv password=mms mnc=58 mmsport=8080 sub_id=-1 bearer_bitmask=0 mmsc=http://mms.manxpronto.net:8002 mmsproxy=195.10.99.46 numeric=23458 name=Manx Telecom Contract MMS mcc=234 apn=mms.manxpronto.net type=mms user=mms
09-05 02:16:00.509  4784  4895 I LatinIME:LogUtils: Dictionary info: dictionary = main:sv ; version = 44 ; date = 1393228154
09-05 02:16:00.509  4935  4935 E TelephonyProvider: dbh.selectConflictingRow: Expected 1 but found 0 matching rows found for cv password=mmsgo mnc=58 mmsport=8080 sub_id=-1 bearer_bitmask=0 mmsc=http://mms.manxpronto.net:8002 mmsproxy=195.10.99.41 numeric=23458 name=Manx Telecom Prepay MMS mcc=234 apn=mms.prontogo.net type=mms user=mmsgo
09-05 02:16:00.511  4935  4935 E TelephonyProvider: dbh.selectConflictingRow: Expected 1 but found 0 matching rows found for cv password=gprs mnc=58 sub_id=-1 bearer_bitmask=0 numeric=23458 name=Manx Telecom Contract WEB mcc=234 apn=web.manxpronto.net type=default,supl user=gprs
09-05 02:16:00.521  4935  4935 E TelephonyProvider: dbh.selectConflictingRow: Expected 1 but found 0 matching rows found for cv password= mnc=01 sub_id=-1 bearer_bitmask=0 numeric=23801 name=Fullrate mcc=238 authtype=3 apn=internet type=default,supl user=
09-05 02:16:00.524  4935  4935 E TelephonyProvider: dbh.selectConflictingRow: Expected 1 but found 0 matching rows found for cv password= mnc=01 sub_id=-1 bearer_bitmask=0 numeric=23801 name=Telmore mcc=238 authtype=3 apn=internet type=default,supl user=
09-05 02:16:00.527  4935  4935 E TelephonyProvider: dbh.selectConflictingRow: Expected 1 but found 0 matching rows found for cv password= sub_id=-1 bearer_bitmask=0 numeric=23801 mmsc=http://192.168.241.114:8002 user= mnc=01 mmsport=8080 proxy= mmsproxy=194.182.251.15 name=Telmore MMS port= mcc=238 apn=mms type=mms
09-05 02:16:00.532  4935  4935 E TelephonyProvider: dbh.selectConflictingRow: Expected 1 but found 0 matching rows found for cv password= sub_id=-1 bearer_bitmask=0 numeric=23802 mmsc=http://mms.telenor.dk user= mnc=02 mmsport=8080 proxy= mmsproxy=212.88.64.8 name=Onfone MMS port= mcc=238 apn=telenor type=mms
09-05 02:16:00.537  4935  4935 E TelephonyProvider: dbh.selectConflictingRow: Expected 1 but found 0 matching rows found for cv password= mnc=02 sub_id=-1 bearer_bitmask=0 mmsc= proxy= numeric=23802 name=CBB GPRS port= mcc=238 apn=internet type=default,supl user=
09-05 02:16:00.550  4935  4935 E TelephonyProvider: dbh.selectConflictingRow: Expected 1 but found 0 matching rows found for cv password= sub_id=-1 bearer_bitmask=0 numeric=23810 mmsc=http://192.168.241.114:8002 user= mnc=10 mmsport=8080 proxy= mmsproxy=194.182.251.15 name=M1 MMS GPRS port= mcc=238 apn=mms type=mms
09-05 02:16:00.552  4935  4935 E TelephonyProvider: dbh.selectConflictingRow: Expected 1 but found 0 matching rows found for cv password= mnc=10 sub_id=-1 bearer_bitmask=0 mmsc= proxy=194.182.251.15 numeric=23810 name=M1 WAP GPRS port=8080 mcc=238 apn=wap type=default,supl user=
09-05 02:16:00.557  4784  4895 I LatinIME:LogUtils: Dictionary info: dictionary = main:uk ; version = 1 ; date = 1376495808
09-05 02:16:00.570  4935  4935 E TelephonyProvider: dbh.selectConflictingRow: Expected 1 but found 0 matching rows found for cv password= mnc=20 sub_id=-1 bearer_bitmask=0 numeric=23820 name=DLG Tele mcc=238 authtype=3 apn=websp type=default,supl user=
09-05 02:16:00.573  4935  4935 E TelephonyProvider: dbh.selectConflictingRow: Expected 1 but found 0 matching rows found for cv password= mnc=20 sub_id=-1 bearer_bitmask=0 numeric=23820 name=Waoo Mobil mcc=238 apn=websp type=default,supl user=
09-05 02:16:00.575  4935  4935 E TelephonyProvider: dbh.selectConflictingRow: Expected 1 but found 0 matching rows found for cv password= sub_id=-1 bearer_bitmask=0 numeric=23820 mmsc=http://mms.telia.dk user= mnc=20 mmsport=8080 proxy= mmsproxy=193.209.134.131 name=Waoo Mobil MMS port= mcc=238 apn=mmssp type=mms
09-05 02:16:00.577  4935  4935 E TelephonyProvider: dbh.selectConflictingRow: Expected 1 but found 0 matching rows found for cv password= mnc=20 sub_id=-1 bearer_bitmask=0 mmsc= proxy= numeric=23820 name=Siminn Internet port= mcc=238 apn=websp type=default,supl user=
09-05 02:16:00.580  4935  4935 E TelephonyProvider: dbh.selectConflictingRow: Expected 1 but found 0 matching rows found for cv password= sub_id=-1 bearer_bitmask=0 numeric=23820 mmsc=http://mms.telia.dk user= mnc=20 mmsport=8080 proxy= mmsproxy=193.209.134.131 name=Siminn MMS port= mcc=238 apn=mmssp type=mms
09-05 02:16:00.587  3619  3709 I ActivityManager: Start proc 5009:org.cyanogenmod.weather.provider/u0a33 for content provider org.cyanogenmod.weather.provider/.WeatherContentProvider
09-05 02:16:00.590  4935  4935 E TelephonyProvider: dbh.selectConflictingRow: Expected 1 but found 0 matching rows found for cv password= sub_id=-1 bearer_bitmask=0 numeric=24001 mmsc=http://mmss user= mnc=01 mmsport=80 proxy= mmsproxy=193.209.134.132 name=Halebop MMS port= mcc=240 apn=mms.telia.se type=mms
09-05 02:16:00.615  4784  4895 I BinaryDictionaryFileDumper: reinitializeClientRecordInDictionaryContentProvider() : Insert DictionaryInfo : Id = 'main:bg' : Locale=bg : Version=1
09-05 02:16:00.623  4895  4895 I ExecutorUtils: type=1400 audit(0.0:226): avc: denied { lock } for path="/data/user_de/0/com.android.inputmethod.latin/databases/pendingUpdates.com.android.inputmethod.latin" dev="sda24" ino=3121266 scontext=u:r:untrusted_app:s0:c512,c768 tcontext=u:object_r:system_data_file:s0:c512,c768 tclass=file permissive=1
09-05 02:16:00.623  4895  4895 W ExecutorUtils: type=1300 audit(0.0:226): arch=c00000b7 syscall=25 success=yes exit=0 a0=25 a1=6 a2=7f6802ddc8 a3=0 items=0 ppid=3361 auid=4294967295 uid=10064 gid=10064 euid=10064 suid=10064 fsuid=10064 egid=10064 sgid=10064 fsgid=10064 tty=(none) ses=4294967295 exe="/system/bin/app_process64" subj=u:r:untrusted_app:s0:c512,c768 key=(null)
09-05 02:16:00.623  3075  3075 W auditd  : type=1327 audit(0.0:226): proctitle="com.android.inputmethod.latin"
09-05 02:16:00.623  3075  3075 W auditd  : type=1320 audit(0.0:226): 
09-05 02:16:00.623  4895  4895 I ExecutorUtils: type=1400 audit(0.0:227): avc: denied { getattr } for path="/data/user_de/0/com.android.inputmethod.latin/databases/pendingUpdates.com.android.inputmethod.latin-journal" dev="sda24" ino=3121267 scontext=u:r:untrusted_app:s0:c512,c768 tcontext=u:object_r:system_data_file:s0:c512,c768 tclass=file permissive=1
09-05 02:16:00.623  4895  4895 W ExecutorUtils: type=1300 audit(0.0:227): arch=c00000b7 syscall=79 success=yes exit=0 a0=ffffff9c a1=7f7b8f6326 a2=7f6802dda8 a3=0 items=0 ppid=3361 auid=4294967295 uid=10064 gid=10064 euid=10064 suid=10064 fsuid=10064 egid=10064 sgid=10064 fsgid=10064 tty=(none) ses=4294967295 exe="/system/bin/app_process64" subj=u:r:untrusted_app:s0:c512,c768 key=(null)
09-05 02:16:00.623  3075  3075 W auditd  : type=1327 audit(0.0:227): proctitle="com.android.inputmethod.latin"
09-05 02:16:00.623  3075  3075 W auditd  : type=1320 audit(0.0:227): 
09-05 02:16:00.623  4895  4895 I ExecutorUtils: type=1400 audit(0.0:228): avc: denied { read } for name="pendingUpdates.com.android.inputmethod.latin-journal" dev="sda24" ino=3121267 scontext=u:r:untrusted_app:s0:c512,c768 tcontext=u:object_r:system_data_file:s0:c512,c768 tclass=file permissive=1
09-05 02:16:00.623  4895  4895 W ExecutorUtils: type=1300 audit(0.0:228): arch=c00000b7 syscall=56 success=yes exit=39 a0=ffffff9c a1=7f7b8f6326 a2=a0000 a3=0 items=0 ppid=3361 auid=4294967295 uid=10064 gid=10064 euid=10064 suid=10064 fsuid=10064 egid=10064 sgid=10064 fsgid=10064 tty=(none) ses=4294967295 exe="/system/bin/app_process64" subj=u:r:untrusted_app:s0:c512,c768 key=(null)
09-05 02:16:00.623  3075  3075 W auditd  : type=1327 audit(0.0:228): proctitle="com.android.inputmethod.latin"
09-05 02:16:00.623  3075  3075 W auditd  : type=1320 audit(0.0:228): 
09-05 02:16:00.627  4895  4895 I ExecutorUtils: type=1400 audit(0.0:229): avc: denied { write } for name="pendingUpdates.com.android.inputmethod.latin-journal" dev="sda24" ino=3121267 scontext=u:r:untrusted_app:s0:c512,c768 tcontext=u:object_r:system_data_file:s0:c512,c768 tclass=file permissive=1
09-05 02:16:00.627  4895  4895 W ExecutorUtils: type=1300 audit(0.0:229): arch=c00000b7 syscall=56 success=yes exit=38 a0=ffffff9c a1=7f7b8f6326 a2=a0042 a3=1b0 items=0 ppid=3361 auid=4294967295 uid=10064 gid=10064 euid=10064 suid=10064 fsuid=10064 egid=10064 sgid=10064 fsgid=10064 tty=(none) ses=4294967295 exe="/system/bin/app_process64" subj=u:r:untrusted_app:s0:c512,c768 key=(null)
09-05 02:16:00.627  3075  3075 W auditd  : type=1327 audit(0.0:229): proctitle="com.android.inputmethod.latin"
09-05 02:16:00.627  3075  3075 W auditd  : type=1320 audit(0.0:229): 
09-05 02:16:00.640  4935  4935 E TelephonyProvider: dbh.selectConflictingRow: Expected 1 but found 0 matching rows found for cv password= sub_id=-1 bearer_bitmask=0 numeric=24008 mmsc=http://mms user= mnc=08 mmsport=8799 proxy= mmsproxy=172.30.253.241 name=Telenor MMS port= mcc=240 apn=services.telenor.se type=mms
09-05 02:16:00.644  4935  4935 E TelephonyProvider: dbh.selectConflictingRow: Expected 1 but found 0 matching rows found for cv password= sub_id=-1 bearer_bitmask=0 numeric=24008 mmsc=http://mms user= mnc=08 mmsport=8799 proxy= mmsproxy=172.30.253.241 name=Glocalnet MMS port= mcc=240 apn=services.glocalnet.se type=mms
09-05 02:16:00.650  4935  4935 E TelephonyProvider: dbh.selectConflictingRow: Expected 1 but found 0 matching rows found for cv mnc=10 sub_id=-1 bearer_bitmask=0 numeric=24010 name=Spring data mcc=240 apn=data.springmobil.se type=default,supl
09-05 02:16:00.656  5009  5009 W System  : ClassLoader referenced unknown path: /system/priv-app/WeatherProvider/lib/arm64
09-05 02:16:00.668  4935  4935 E TelephonyProvider: dbh.selectConflictingRow: Expected 1 but found 0 matching rows found for cv password= mnc=03 sub_id=-1 bearer_bitmask=0 mmsc= proxy= numeric=24403 name=Telia ISP GPRS port= mcc=244 apn=internet type=default,supl user=
09-05 02:16:00.679  5009  5009 I eather.provider: type=1400 audit(0.0:230): avc: denied { write } for name="org.cyanogenmod.weather.provider" dev="sda24" ino=3121247 scontext=u:r:platform_app:s0:c512,c768 tcontext=u:object_r:system_data_file:s0 tclass=dir permissive=1
09-05 02:16:00.679  5009  5009 I eather.provider: type=1400 audit(0.0:230): avc: denied { add_name } for name="cache" scontext=u:r:platform_app:s0:c512,c768 tcontext=u:object_r:system_data_file:s0 tclass=dir permissive=1
09-05 02:16:00.679  5009  5009 I eather.provider: type=1400 audit(0.0:230): avc: denied { create } for name="cache" scontext=u:r:platform_app:s0:c512,c768 tcontext=u:object_r:system_data_file:s0:c512,c768 tclass=dir permissive=1
09-05 02:16:00.679  5009  5009 W eather.provider: type=1300 audit(0.0:230): arch=c00000b7 syscall=34 success=yes exit=0 a0=ffffff9c a1=7f788e7900 a2=1f9 a3=7f82f4f514 items=0 ppid=3361 auid=4294967295 uid=10033 gid=10033 euid=10033 suid=10033 fsuid=10033 egid=10033 sgid=10033 fsgid=10033 tty=(none) ses=4294967295 exe="/system/bin/app_process64" subj=u:r:platform_app:s0:c512,c768 key=(null)
09-05 02:16:00.679  4935  4935 E TelephonyProvider: dbh.selectConflictingRow: Expected 1 but found 0 matching rows found for cv password= sub_id=-1 bearer_bitmask=0 numeric=24405 mmsc= authtype=1 user= mnc=05 proxy= name=Saunalahti Internet port= mcc=244 apn=internet type=default,supl
09-05 02:16:00.681  4935  4935 E TelephonyProvider: dbh.selectConflictingRow: Expected 1 but found 0 matching rows found for cv password= sub_id=-1 bearer_bitmask=0 numeric=24405 mmsc=http://mms.elisa.fi authtype=1 user= mnc=05 mmsport=80 proxy= mmsproxy=213.161.41.57 name=Saunalahti MMS port= mcc=244 apn=mms type=mms
09-05 02:16:00.704  4935  4935 E TelephonyProvider: dbh.selectConflictingRow: Expected 1 but found 0 matching rows found for cv password= mnc=12 sub_id=-1 bearer_bitmask=0 mmsc= proxy= numeric=24412 name=Optimi Internet port= mcc=244 apn=internet.dicame.fi type=default,supl user=
09-05 02:16:00.706  4935  4935 E TelephonyProvider: dbh.selectConflictingRow: Expected 1 but found 0 matching rows found for cv password= sub_id=-1 bearer_bitmask=0 numeric=24412 mmsc=http://mmsc.dicame.fi user= mnc=12 mmsport=8080 proxy= mmsproxy=10.1.1.15 name=Optimi MMS port= mcc=244 apn=mms.dicame.fi type=mms
09-05 02:16:00.709  4935  4935 E TelephonyProvider: dbh.selectConflictingRow: Expected 1 but found 0 matching rows found for cv password= mnc=12 sub_id=-1 bearer_bitmask=0 mmsc= proxy= numeric=24412 name=Finora Internet port= mcc=244 apn=internet.setera.fi type=default,supl user=
09-05 02:16:00.711  4935  4935 E TelephonyProvider: dbh.selectConflictingRow: Expected 1 but found 0 matching rows found for cv password= sub_id=-1 bearer_bitmask=0 numeric=24412 mmsc=http://mmsc.setera.fi user= mnc=12 mmsport=8080 proxy= mmsproxy=10.1.11.2 name=Finora MMS port= mcc=244 apn=mms.setera.fi type=mms
09-05 02:16:00.721  4935  4935 E TelephonyProvider: dbh.selectConflictingRow: Expected 1 but found 0 matching rows found for cv password= mnc=91 sub_id=-1 bearer_bitmask=0 mmsc= proxy= numeric=24491 name=Tele Finland Internet port= mcc=244 apn=internet type=default,supl user=
09-05 02:16:00.722  4784  4895 I BinaryDictionaryFileDumper: reinitializeClientRecordInDictionaryContentProvider() : Insert DictionaryInfo : Id = 'main:cs' : Locale=cs : Version=44
09-05 02:16:00.724  4935  4935 E TelephonyProvider: dbh.selectConflictingRow: Expected 1 but found 0 matching rows found for cv password= sub_id=-1 bearer_bitmask=0 numeric=24491 mmsc=http://mms.sonera.fi:8002 user= mnc=91 mmsport=80 proxy= mmsproxy=195.156.25.33 name=Tele Finland MMS port= mcc=244 apn=wap.sonera.net type=mms
09-05 02:16:00.758  4935  4935 E TelephonyProvider: dbh.selectConflictingRow: Expected 1 but found 0 matching rows found for cv password=any mnc=07 sub_id=-1 bearer_bitmask=0 mmsc= proxy= numeric=25007 name=internet port= mcc=250 apn=internet.smarts.ru type=default,supl user=any
09-05 02:16:00.781  4935  4935 E TelephonyProvider: dbh.selectConflictingRow: Expected 1 but found 0 matching rows found for cv password= mnc=01 sub_id=-1 bearer_bitmask=0 numeric=25501 name=Mobile GPRS Internet mcc=255 apn=internet type=default,supl user=
09-05 02:16:00.790  4935  4935 E TelephonyProvider: dbh.selectConflictingRow: Expected 1 but found 0 matching rows found for cv password=mms sub_id=-1 bearer_bitmask=0 numeric=25503 mmsc=http://mms.kyivstar.net user=mms mnc=03 mmsport=8080 proxy= mmsproxy=10.10.10.10 name=Ace_Base MMS port= mcc=255 apn=mms.kyivstar.net type=mms
09-05 02:16:00.792  4935  4935 E TelephonyProvider: dbh.selectConflictingRow: Expected 1 but found 0 matching rows found for cv password= mnc=03 sub_id=-1 bearer_bitmask=0 mmsc= proxy= numeric=25503 name=Ace_Base port= mcc=255 apn=www.ab.kyivstar.net type=default,supl user=
09-05 02:16:00.807  4784  4895 I BinaryDictionaryFileDumper: reinitializeClientRecordInDictionaryContentProvider() : Insert DictionaryInfo : Id = 'main:da' : Locale=da : Version=44
09-05 02:16:00.818  4935  4935 E TelephonyProvider: dbh.selectConflictingRow: Expected 1 but found 0 matching rows found for cv password=eramms sub_id=-1 bearer_bitmask=0 numeric=26002 mmsc=http://mms.era.pl/servlets/mms user=eramms mnc=02 mmsport=8080 mmsproxy=213.158.194.226 name=Era MMS server=* mcc=260 apn=eramms type=mms
09-05 02:16:00.822  4935  4935 E TelephonyProvider: dbh.selectConflictingRow: Expected 1 but found 0 matching rows found for cv password=erainternet mnc=02 sub_id=-1 bearer_bitmask=0 numeric=26002 name=Era Internet mcc=260 apn=erainternet type=default,supl user=erainternet
09-05 02:16:00.828  4935  4935 E TelephonyProvider: dbh.selectConflictingRow: Expected 1 but found 0 matching rows found for cv password= mnc=02 sub_id=-1 bearer_bitmask=0 mmsc= proxy= numeric=26002 name=T-Mobile.pl INTERNET port= mcc=260 apn=internet type=default,supl user=
09-05 02:16:00.829  4795  4802 I art     : Do partial code cache collection, code=249KB, data=191KB
09-05 02:16:00.829  4795  4802 I art     : After code cache collection, code=249KB, data=191KB
09-05 02:16:00.830  4795  4802 I art     : Increasing code cache capacity to 1024KB
09-05 02:16:00.831  4935  4935 E TelephonyProvider: dbh.selectConflictingRow: Expected 1 but found 0 matching rows found for cv password= mnc=02 sub_id=-1 bearer_bitmask=0 mmsc= proxy= numeric=26002 name=Heyah INTERNET port= mcc=260 apn=heyah.pl type=default,supl user=
09-05 02:16:00.835  4935  4935 E TelephonyProvider: dbh.selectConflictingRow: Expected 1 but found 0 matching rows found for cv password=internet mnc=03 sub_id=-1 bearer_bitmask=0 numeric=26003 name=Orange PL mcc=260 apn=internet type=default,supl user=internet
09-05 02:16:00.844  4935  4935 E TelephonyProvider: dbh.selectConflictingRow: Expected 1 but found 0 matching rows found for cv password= sub_id=-1 bearer_bitmask=0 numeric=26006 mmsc=http://10.10.28.164/mms/wapenc user= mnc=06 mmsport=8080 proxy= mmsproxy=10.10.25.5 name=Play MMS port= mcc=260 apn=mms type=mms
09-05 02:16:00.857  4935  4935 E TelephonyProvider: dbh.selectConflictingRow: Expected 1 but found 0 matching rows found for cv password=blau mnc=03 sub_id=-1 bearer_bitmask=0 numeric=26203 name=blau DE mcc=262 apn=internet.eplus.de type=default,supl user=blau
09-05 02:16:00.860  4935  4935 E TelephonyProvider: dbh.selectConflictingRow: Expected 1 but found 0 matching rows found for cv password=internet mnc=03 sub_id=-1 bearer_bitmask=0 numeric=26203 name=E-Plus Internet mcc=262 apn=internet.eplus.de type=default,supl user=eplus
09-05 02:16:00.862  4935  4935 E TelephonyProvider: dbh.selectConflictingRow: Expected 1 but found 0 matching rows found for cv password=eplus mnc=03 mmsport=5080 sub_id=-1 bearer_bitmask=0 mmsc=http://mms/eplus/ mmsproxy=212.23.97.153 numeric=26203 name=E-Plus MMS mcc=262 apn=mms.eplus.de type=mms user=mms
09-05 02:16:00.870  4935  4935 E TelephonyProvider: dbh.selectConflictingRow: Expected 1 but found 0 matching rows found for cv password=tm sub_id=-1 bearer_bitmask=0 numeric=26206 mmsc=http://mms.t-mobile.de/servlets/mms user=t-mobile mnc=06 mmsport=8008 proxy= mmsproxy=172.28.23.131 name=T-Mobile Internet port= mcc=262 apn=internet.t-mobile type=default,supl,mms
09-05 02:16:00.882  4795  5028 E ActivityThread: Failed to find provider info for com.android.contacts
09-05 02:16:00.884  4935  4935 E TelephonyProvider: dbh.selectConflictingRow: Expected 1 but found 0 matching rows found for cv password= sub_id=-1 bearer_bitmask=0 numeric=26208 mmsc=http://10.81.0.7:8002 user= mnc=08 mmsport=8080 proxy= mmsproxy=82.113.100.5 name=O2 port= mcc=262 apn=internet type=default,supl,mms
09-05 02:16:00.895  4784  4895 I BinaryDictionaryFileDumper: reinitializeClientRecordInDictionaryContentProvider() : Insert DictionaryInfo : Id = 'main:de' : Locale=de : Version=54
09-05 02:16:00.903  4795  4931 D OpenGLRenderer: profile bars disabled
09-05 02:16:00.904  4795  4931 D OpenGLRenderer: ambientRatio = 1.50
09-05 02:16:00.904  4935  4935 E TelephonyProvider: dbh.selectConflictingRow: Expected 1 but found 0 matching rows found for cv password= sub_id=-1 bearer_bitmask=0 numeric=26803 mmsc= authtype=1 user= mnc=03 proxy= name=PT - Optimus Web port= mcc=268 apn=umts type=default,supl
09-05 02:16:00.917  4935  4935 E TelephonyProvider: dbh.selectConflictingRow: Expected 1 but found 0 matching rows found for cv password=vodafone mnc=01 sub_id=-1 bearer_bitmask=0 mmsc= proxy= numeric=27201 name=Vodafone IE-ISP port= mcc=272 apn=isp.vodafone.ie type=default,supl user=vodafone
09-05 02:16:00.921  4935  4935 E TelephonyProvider: dbh.selectConflictingRow: Expected 1 but found 0 matching rows found for cv password= sub_id=-1 bearer_bitmask=0 numeric=27201 mmsc=http://www.vodafone.ie/mms user= mnc=01 mmsport=80 proxy= mmsproxy=10.24.59.200 name=Vodafone IE-MMS port= mcc=272 apn=mms.vodafone.net type=mms
09-05 02:16:00.933  4935  4935 E TelephonyProvider: dbh.selectConflictingRow: Expected 1 but found 0 matching rows found for cv password= sub_id=-1 bearer_bitmask=0 numeric=27205 mmsc=http://mms.um.3ireland.ie:10021/mmsc user= mnc=05 mmsport=8799 proxy= mmsproxy=mms.3ireland.ie name=3 Ireland port= mcc=272 apn=3ireland.ie type=default,supl,mms
09-05 02:16:00.946  4795  4795 D PhoneStatusBar: disable: < EXPAND* icons alerts system_info BACK* HOME* RECENT* clock SEARCH* quick_settings >
09-05 02:16:00.961  4935  4935 E TelephonyProvider: dbh.selectConflictingRow: Expected 1 but found 0 matching rows found for cv password= sub_id=-1 bearer_bitmask=0 numeric=28305 mmsc=http://mms.vivacell.am/mmsc user= mnc=05 mmsport=8080 proxy= mmsproxy=83.217.226.72 name=VivaCell MMS port= mcc=283 apn=mms.vivacell.am type=mms
09-05 02:16:00.977  4784  4895 I BinaryDictionaryFileDumper: reinitializeClientRecordInDictionaryContentProvider() : Insert DictionaryInfo : Id = 'main:el' : Locale=el : Version=44
09-05 02:16:01.023  4935  4935 E TelephonyProvider: dbh.selectConflictingRow: Expected 1 but found 0 matching rows found for cv mnc=270 sub_id=-1 bearer_bitmask=0 numeric=302270 name=Eastlink Internet mcc=302 apn=wisp.mobi.eastlink.ca type=default,supl
09-05 02:16:01.026  4935  4935 E TelephonyProvider: dbh.selectConflictingRow: Expected 1 but found 0 matching rows found for cv mnc=270 mmsport=8080 sub_id=-1 bearer_bitmask=0 mmsc=http://mmss.mobi.eastlink.ca numeric=302270 mmsproxy=10.232.12.49 name=Eastlink MMS mcc=302 apn=mms.mobi.eastlink.ca type=mms
09-05 02:16:01.026  3619  3712 W WindowManager: Keyguard drawn timeout. Setting mKeyguardDrawComplete
09-05 02:16:01.030  4935  4935 E TelephonyProvider: dbh.selectConflictingRow: Expected 1 but found 0 matching rows found for cv password= sub_id=-1 bearer_bitmask=0 numeric=302320 mmsc=http://mms.mobilicity.net user= mnc=320 mmsport=8080 proxy= mmsproxy=10.100.3.4 name=Mobilicity MMS port= mcc=302 apn=mms.davewireless.com type=mms
09-05 02:16:01.039  3619  3712 W LocalDisplayAdapter: Unable to find color mode 0, ignoring request.
09-05 02:16:01.042  4935  4935 E TelephonyProvider: dbh.selectConflictingRow: Expected 1 but found 0 matching rows found for cv password= mnc=490 sub_id=-1 bearer_bitmask=0 mmsc= proxy= numeric=302490 name=Wind CA port= mcc=302 apn=internet.windmobile.ca type=default,supl user=
09-05 02:16:01.044  4935  4935 E TelephonyProvider: dbh.selectConflictingRow: Expected 1 but found 0 matching rows found for cv password= sub_id=-1 bearer_bitmask=0 numeric=302490 mmsc=http://mms.windmobile.ca user= mnc=490 mmsport=8080 proxy= mmsproxy=74.115.197.70 name=Wind CA MMS port= mcc=302 apn=mms.windmobile.ca type=mms
09-05 02:16:01.056  3619  3719 E BluetoothManagerService: MESSAGE_TIMEOUT_BIND
09-05 02:16:01.075  4784  4895 I BinaryDictionaryFileDumper: reinitializeClientRecordInDictionaryContentProvider() : Insert DictionaryInfo : Id = 'main:en' : Locale=en : Version=54
09-05 02:16:01.093  3619  3720 W LocalDisplayAdapter: Unable to find color mode 0, ignoring request.
09-05 02:16:01.097  4935  4940 I art     : Do full code cache collection, code=124KB, data=79KB
09-05 02:16:01.097  4935  4940 I art     : Starting a blocking GC JitCodeCache
09-05 02:16:01.097  4935  4940 I art     : After code cache collection, code=111KB, data=70KB
09-05 02:16:01.133  4935  4935 E TelephonyProvider: dbh.selectConflictingRow: Expected 1 but found 0 matching rows found for cv password= mnc=090 sub_id=-1 bearer_bitmask=0 mmsc= proxy= numeric=310090 name=Internet port= mcc=310 apn=isp type=default,supl user=
09-05 02:16:01.134  4935  4935 E TelephonyProvider: dbh.selectConflictingRow: Expected 1 but found 0 matching rows found for cv password= sub_id=-1 bearer_bitmask=0 numeric=310090 mmsc=http://mms.edgemobile.net/mmsc user= mnc=090 mmsport=3128 proxy= mmsproxy=12.108.12.13 name=MMS port= mcc=310 apn=mms type=mms
09-05 02:16:01.135  4935  4935 E TelephonyProvider: dbh.selectConflictingRow: Expected 1 but found 0 matching rows found for cv password= sub_id=-1 bearer_bitmask=0 numeric=310090 mmsc=http://mms.edgemobile.net/mmsc user= mnc=090 mmsport=3128 proxy= mmsproxy=12.108.12.13 name=Edge MMS Prepay port= mcc=310 apn=ppmms type=mms
09-05 02:16:01.138  4935  4935 E TelephonyProvider: dbh.selectConflictingRow: Expected 1 but found 0 matching rows found for cv password= mnc=100 sub_id=-1 bearer_bitmask=0 mmsc= proxy= numeric=310100 name=PLATWEB port= mcc=310 apn=plateauweb type=default,supl user=
09-05 02:16:01.140  4935  4935 E TelephonyProvider: dbh.selectConflictingRow: Expected 1 but found 0 matching rows found for cv protocol=IPV4V6 mnc=120 sub_id=-1 bearer_bitmask=0 roaming_protocol=IPV4V6 numeric=310120 name=Sprint EHRPD ota mcc=310 apn=otasn type=fota
09-05 02:16:01.141  4935  4935 E TelephonyProvider: dbh.selectConflictingRow: Expected 1 but found 0 matching rows found for cv protocol=IPV4V6 mnc=120 mmsport=80 sub_id=-1 bearer_bitmask=0 roaming_protocol=IPV4V6 mmsc=http://mms.sprintpcs.com numeric=310120 mmsproxy=68.28.31.7 name=Sprint EHRPD internet mcc=310 apn=n.ispsn type=default,mms,supl,hipri
09-05 02:16:01.151  4935  4935 E TelephonyProvider: dbh.selectConflictingRow: Expected 1 but found 0 matching rows found for cv mnc=260 sub_id=-1 bearer_bitmask=0 mmsc=http://wholesale.mmsmvno.com/mms/wapenc numeric=310260 name=UVA Wireless port= mcc=310 apn=wholesale type=default,mms,supl,admin
09-05 02:16:01.153  4935  4935 E TelephonyProvider: dbh.selectConflictingRow: Expected 1 but found 0 matching rows found for cv mnc=260 sub_id=-1 bearer_bitmask=0 mmsc=http://mms.wholesale.mmsmvno.com/mms/wapenc numeric=310260 name=Ready SIM port= mcc=310 apn=wholesale type=default,mms,supl
09-05 02:16:01.157  4935  4935 E TelephonyProvider: dbh.selectConflictingRow: Expected 1 but found 0 matching rows found for cv protocol=IPV6 mnc=260 sub_id=-1 bearer_bitmask=0 roaming_protocol=IPV6 numeric=310260 name=Ting Data mcc=310 apn=wholesale type=default,admin,fota,mms,supl,hipri,internet,dun
09-05 02:16:01.165  4935  4935 E TelephonyProvider: dbh.selectConflictingRow: Expected 1 but found 0 matching rows found for cv mnc=410 mmsport=80 sub_id=-1 bearer_bitmask=0 mmsc=http://mmsc.cingular.com mmsproxy=66.209.11.33 numeric=310410 proxy=66.209.11.33 name=Jolt Mobile port=80 mcc=310 apn=att.mvno type=default,mms,supl
09-05 02:16:01.188  4784  4895 I BinaryDictionaryFileDumper: reinitializeClientRecordInDictionaryContentProvider() : Insert DictionaryInfo : Id = 'main:es' : Locale=es : Version=54
09-05 02:16:01.192  4935  4935 E TelephonyProvider: dbh.selectConflictingRow: Expected 1 but found 0 matching rows found for cv mnc=610 sub_id=-1 bearer_bitmask=0 numeric=310610 name=Epic Internet mcc=310 authtype=0 apn=internet.epictouch type=default,supl
09-05 02:16:01.196  4935  4935 E TelephonyProvider: dbh.selectConflictingRow: Expected 1 but found 0 matching rows found for cv password= mnc=770 sub_id=-1 bearer_bitmask=0 mmsc= proxy= numeric=310770 name=iWireless port= mcc=310 apn=i2.iwireless.com type=default,supl user=
09-05 02:16:01.212  3619  3619 W System  : ClassLoader referenced unknown path: /system/priv-app/Telecom/lib/arm64
09-05 02:16:01.213  3619  3619 D ApplicationLoaders: ignored Vulkan layer search path /system/priv-app/Telecom/lib/arm64:/system/priv-app/Telecom/Telecom.apk!/lib/arm64-v8a:/system/lib64:/vendor/lib64 for namespace 0x7f86e51240
09-05 02:16:01.224  4935  4935 E TelephonyProvider: dbh.selectConflictingRow: Expected 1 but found 0 matching rows found for cv mnc=370 sub_id=-1 bearer_bitmask=0 numeric=311370 name=GCI Data mcc=311 apn=web.gci type=default,supl
09-05 02:16:01.225  4935  4935 E TelephonyProvider: dbh.selectConflictingRow: Expected 1 but found 0 matching rows found for cv password= mnc=370 sub_id=-1 bearer_bitmask=0 mmsc= proxy= numeric=311370 name=GCI Data port= mcc=311 apn=web.gci type=default,supl user=
09-05 02:16:01.226  4935  4935 E TelephonyProvider: dbh.selectConflictingRow: Expected 1 but found 0 matching rows found for cv password= sub_id=-1 bearer_bitmask=0 numeric=311370 mmsc=http://mmsc.gci.csky.us:6672 user= mnc=370 mmsport=9201 proxy= mmsproxy=209.4.229.92 name=GCI MMS port= mcc=311 apn=mms.gci type=mms
09-05 02:16:01.230  3619  3619 D BluetoothManagerService: Trying to bind to profile: 1, while Bluetooth was disabled
09-05 02:16:01.233  3619  3619 I Telecom : SystemStateProvider: Registering car mode receiver: android.content.IntentFilter@2379ec8: TS.init@AAA
09-05 02:16:01.248  3619  3710 D libgps  : agps_set_server: Waiting for IPC connection - timeout
09-05 02:16:01.248  3619  3710 E libgps  : LIBGPS: Cannot communicate (write) with a GPSD
09-05 02:16:01.248  3619  3710 E libgps  : IPC Communication Error, ../../../../tmp/15194007_282637/allPartners/os/android/gps_interface/gpsi_client/GpsiClient.cpp:1685 agps_set_server
09-05 02:16:01.250  3619  5030 I Telecom : Telecom: Non-call EVENT: AUDIO_ROUTE, Entering state QuiescentEarpieceRoute
