09-16 19:08:34.288  3584  4952 I Telecom : : Sending phone-account registered intent as user: TSI.rPA@AAw
09-16 19:08:34.289  3075  4667 I vold    : Trimmed 56682512384 bytes on /data in 7255ms
09-16 19:08:34.289  3075  4667 D vold    : Starting trim of /efs
09-16 19:08:34.290  3584  4033 D VoldConnector: RCV <- {662 /data 56682512384 7255029995}
09-16 19:08:34.320  3075  4667 I vold    : Trimmed 2703360 bytes on /efs in 30ms
09-16 19:08:34.321  3584  4033 D VoldConnector: RCV <- {662 /efs 2703360 30854461}
09-16 19:08:34.543  4921  4921 D MccTable: updateMccMncConfiguration mccmnc='72234' fromServiceState=false
09-16 19:08:34.545  4921  4921 D MccTable: updateMccMncConfiguration defaultMccMnc=
09-16 19:08:34.545  4921  4921 D MccTable: updateMccMncConfiguration: mcc=722, mnc=34
09-16 19:08:34.573  4921  4921 D MccTable: timezone set to America/Argentina/Buenos_Aires
09-16 19:08:34.574  4921  4921 D MccTable: updateMccMncConfiguration updateConfig config={1.0 722mcc34mnc ?localeList ?layoutDir ?swdp ?wdp ?hdp ?density ?lsize ?long ?orien ?uimode ?night ?touch ?keyb/?/? ?nav/?}
09-16 19:08:34.586  3584  3584 D ConditionProviders.SCP: onReceive android.intent.action.TIMEZONE_CHANGED
09-16 19:08:34.603  3584  3686 I ActivityManager: Start proc 5233:com.android.deskclock/u0a44 for broadcast com.android.deskclock/.AlarmInitReceiver
09-16 19:08:34.605  3584  3684 I ActivityManager: Config changes=3 {1.0 722mcc34mnc [en_US] ldltr sw411dp w411dp h773dp 560dpi nrml long port finger -keyb/h/h -nav/h s.6}
09-16 19:08:34.660  3584  3584 D ConditionProviders.SCP: notifyCondition condition://android/schedule?days=6.7&start=23.30&end=10.0&exitAtAlarm=false STATE_FALSE reason=!meetsSchedule
09-16 19:08:34.680  3584  3584 D ConditionProviders.SCP: notifyCondition condition://android/schedule?days=1.2.3.4.5&start=22.0&end=7.0&exitAtAlarm=false STATE_FALSE reason=!meetsSchedule
09-16 19:08:34.690  3584  3584 D ConditionProviders.SCP: Scheduling evaluate for Sat Sep 16 22:00:00 GMT-03:00 2017 (1505610000000), in +2h51m25s414ms, now=Sat Sep 16 19:08:34 GMT-03:00 2017 (1505599714586)
09-16 19:08:34.740  3584  4684 E ActivityThread: Failed to find provider info for com.android.calendar
09-16 19:08:34.784  3584  4684 E ActivityThread: Failed to find provider info for com.android.calendar
09-16 19:08:34.865  4921  4921 D MccTable: updateMccMncConfiguration mccmnc='72234' fromServiceState=true
09-16 19:08:34.874  4921  4921 D MccTable: updateMccMncConfiguration defaultMccMnc=
09-16 19:08:34.874  4921  4921 D MccTable: updateMccMncConfiguration: mcc=722, mnc=34
09-16 19:08:34.874  4921  4921 D MccTable: WIFI_COUNTRY_CODE set to ar
09-16 19:08:34.876  3584  4789 I WifiService: WifiService trying to set country code to ar with persist set to false
09-16 19:08:34.939  3584  3693 I WindowManager: Screen frozen for +299ms due to Window{b9625cf u0 com.android.settings/com.android.settings.FallbackHome}
09-16 19:08:35.250  3584  3684 I Telecom : PhoneAccountRegistrar: [ComponentInfo{com.android.phone/com.android.services.telephony.TelephonyConnectionService}, [e0184adedf913b076626646d3f52c3b49c39ad6d], UserHandle{0}(icon: Icon(typ=BITMAP size=67x84) -> Icon(typ=BITMAP size=67x84))]: TSI.rPA@AA0
09-16 19:08:35.261  3584  3684 I Telecom : : Sending phone-account registered intent as user: TSI.rPA@AA0
09-16 19:08:35.328  3584  3683 I Telecom : PhoneAccountRegistrar: [ComponentInfo{com.android.phone/com.android.services.telephony.TelephonyConnectionService}, [e0184adedf913b076626646d3f52c3b49c39ad6d], UserHandle{0}(icon: Icon(typ=BITMAP size=67x84) -> Icon(typ=BITMAP size=67x84))]: TSI.rPA@ABA
09-16 19:08:35.337  3584  3683 I Telecom : : Sending phone-account registered intent as user: TSI.rPA@ABA
09-16 19:08:35.440  3584  4789 I Telecom : PhoneAccountRegistrar: [ComponentInfo{com.android.phone/com.android.services.telephony.TelephonyConnectionService}, [e0184adedf913b076626646d3f52c3b49c39ad6d], UserHandle{0}(icon: Icon(typ=BITMAP size=67x84) -> Icon(typ=BITMAP size=67x84))]: TSI.rPA@ABE
09-16 19:08:35.451  3584  4789 I Telecom : : Sending phone-account registered intent as user: TSI.rPA@ABE
09-16 19:08:35.531  3584  4789 I Telecom : PhoneAccountRegistrar: [ComponentInfo{com.android.phone/com.android.services.telephony.TelephonyConnectionService}, [e0184adedf913b076626646d3f52c3b49c39ad6d], UserHandle{0}(icon: Icon(typ=BITMAP size=67x84) -> Icon(typ=BITMAP size=67x84))]: TSI.rPA@ABQ
09-16 19:08:35.540  3584  4789 I Telecom : : Sending phone-account registered intent as user: TSI.rPA@ABQ
09-16 19:08:35.628  4921  4921 D MccTable: updateMccMncConfiguration mccmnc='72234' fromServiceState=false
09-16 19:08:35.630  4921  4921 D MccTable: updateMccMncConfiguration defaultMccMnc=72234
09-16 19:08:35.631  4921  4921 D MccTable: updateMccMncConfiguration: mcc=722, mnc=34
09-16 19:08:35.631  4921  4921 D MccTable: updateMccMncConfiguration updateConfig config={1.0 722mcc34mnc ?localeList ?layoutDir ?swdp ?wdp ?hdp ?density ?lsize ?long ?orien ?uimode ?night ?touch ?keyb/?/? ?nav/?}
09-16 19:08:35.928  4921  4921 D MccTable: updateMccMncConfiguration mccmnc='72234' fromServiceState=false
09-16 19:08:35.929  4921  4921 D MccTable: updateMccMncConfiguration defaultMccMnc=72234
09-16 19:08:35.929  4921  4921 D MccTable: updateMccMncConfiguration: mcc=722, mnc=34
09-16 19:08:35.930  4921  4921 D MccTable: updateMccMncConfiguration updateConfig config={1.0 722mcc34mnc ?localeList ?layoutDir ?swdp ?wdp ?hdp ?density ?lsize ?long ?orien ?uimode ?night ?touch ?keyb/?/? ?nav/?}
09-16 19:08:36.663  3584  4952 I Telecom : PhoneAccountRegistrar: New phone account registered: [[ ] PhoneAccount: ComponentInfo{com.android.phone/com.android.services.telephony.TelephonyConnectionService}, [2628372b20c6b31a61c46f7f5a9328dbf0edaed6], UserHandle{0} Capabilities: CallProvider MultiUser PlaceEmerg SimSub  Audio Routes: BESW Schemes: tel voicemail  Extras: null GroupId: [da39a3ee5e6b4b0d3255bfef95601890afd80709]]: TSI.rPA@ABU
09-16 19:08:36.681  3584  4952 I Telecom : : Sending phone-account registered intent as user: TSI.rPA@ABU
09-16 19:08:36.729  3584  4790 I Telecom : : Sending phone-account unregistered intent as user: TSI.uPA@ABc
09-16 19:08:37.355  3584  3683 I Telecom : PhoneAccountRegistrar: [ComponentInfo{com.android.phone/com.android.services.telephony.TelephonyConnectionService}, [2628372b20c6b31a61c46f7f5a9328dbf0edaed6], UserHandle{0}(icon: Icon(typ=BITMAP size=67x84) -> Icon(typ=BITMAP size=67x84))]: TSI.rPA@ABk
09-16 19:08:37.364  3584  3683 I Telecom : : Sending phone-account registered intent as user: TSI.rPA@ABk
09-16 19:08:37.553  3584  3684 I Telecom : PhoneAccountRegistrar: [ComponentInfo{com.android.phone/com.android.services.telephony.TelephonyConnectionService}, [2628372b20c6b31a61c46f7f5a9328dbf0edaed6], UserHandle{0}(icon: Icon(typ=BITMAP size=67x84) -> Icon(typ=BITMAP size=67x84))]: TSI.rPA@ABw
09-16 19:08:37.564  3584  3684 I Telecom : : Sending phone-account registered intent as user: TSI.rPA@ABw
09-16 19:08:37.696  3584  4952 I Telecom : PhoneAccountRegistrar: [ComponentInfo{com.android.phone/com.android.services.telephony.TelephonyConnectionService}, [2628372b20c6b31a61c46f7f5a9328dbf0edaed6], UserHandle{0}(icon: Icon(typ=BITMAP size=67x84) -> Icon(typ=BITMAP size=67x84))]: TSI.rPA@AB8
09-16 19:08:37.706  3584  4952 I Telecom : : Sending phone-account registered intent as user: TSI.rPA@AB8
09-16 19:08:37.756  3584  4789 I ActivityManager: Start proc 5276:com.android.carrierconfig/u0a5 for service com.android.carrierconfig/.DefaultCarrierConfigService
09-16 19:08:37.760  3584  3693 W ActivityManager: Unable to mark boot complete for abi: arm64-v8a (Failed to execute markbootcomplete [arm64]: -1)
09-16 19:08:37.762  3584  3693 W ActivityManager: Unable to mark boot complete for abi: armeabi-v7a (Failed to execute markbootcomplete [arm]: -1)
09-16 19:08:37.778  3584  3693 I SystemServiceManager: Starting phase 1000
09-16 19:08:37.995  3584  3693 I ActivityManager: Start proc 5306:android.ext.services/u0a11 for on-hold
09-16 19:08:37.997  3584  3693 D ActivityManager: Finishing user boot 0
09-16 19:08:38.002  3584  3693 D CryptdConnector: SND -> {3 cryptfs prepare_user_storage ! 0 0 2}
09-16 19:08:38.005  3075  3145 D vold    : e4crypt_prepare_user_storage for volume null, user 0, serial 0, flags 2
09-16 19:08:38.005  3075  3145 D vold    : Preparing: /data/system_ce/0
09-16 19:08:38.006  3075  3145 D vold    : Preparing: /data/misc_ce/0
09-16 19:08:38.006  3075  3145 D vold    : Preparing: /data/media/0
09-16 19:08:38.007  3075  3145 D vold    : Preparing: /data/data
09-16 19:08:38.007  3584  4034 D CryptdConnector: RCV <- {200 3 Command succeeded}
09-16 19:08:38.011  3584  3693 V UserManagerService: Found /data/user/0 with serial number 0
09-16 19:08:38.012  3584  3693 V UserManagerService: Found /data/system_ce/0 with serial number -1
09-16 19:08:38.012  3584  3693 D UserManagerService: Serial number missing on /data/system_ce/0; assuming current is valid
09-16 19:08:38.013  3584  3693 V PackageManager: reconcileAppsData for null u0 0x2
09-16 19:08:38.204  3584  3693 V PackageManager: reconcileAppsData finished 93 packages
09-16 19:08:38.207  3584  3686 D BluetoothManagerService: User 0 unlocked
09-16 19:08:38.208  3584  3686 D MountService: onUnlockUser 0
09-16 19:08:38.208  3584  3686 D VoldConnector: SND -> {35 volume user_started 0}
09-16 19:08:38.209  3584  4678 D ConnectivityService: Got NetworkFactory Messenger for WIFI
09-16 19:08:38.210  3584  4678 D ConnectivityService: Got NetworkFactory Messenger for WIFI_UT
09-16 19:08:38.211  3584  3692 D BluetoothManagerService: MESSAGE_USER_UNLOCKED
09-16 19:08:38.212  3075  3144 D vold    : Linking /storage/emulated/0 to /mnt/user/0/primary
09-16 19:08:38.213  3584  4033 D VoldConnector: RCV <- {200 35 Command succeeded}
09-16 19:08:38.223  3584  4032 D MountService: Volume emulated broadcasting mounted to UserHandle{0}
09-16 19:08:38.274  3584  3584 I InputMethodManagerService: All the enabled IMEs are gone. Reset default enabled IMEs.
09-16 19:08:38.292  3584  3686 V BackupManagerService: No ancestral data
09-16 19:08:38.344  3584  3686 V BackupManagerService: Starting with transport com.google.android.gms/.backup.BackupTransportService
09-16 19:08:38.344  3584  3686 V BackupManagerService: Found transports: 1
09-16 19:08:38.347  3584  3686 I BackupManagerService: Backup enable apparently not migrated
09-16 19:08:38.347  3584  3686 I BackupManagerService: Migrating enable state false
09-16 19:08:38.348  3584  3686 I BackupManagerService: Backup enabled => false
09-16 19:08:38.380  3584  5324 V KeyValueBackupJob: Scheduling k/v pass in 241 minutes
09-16 19:08:38.382  3584  3686 W AppWidgetServiceImpl: Failed to read state: java.io.FileNotFoundException: /data/system/users/0/appwidgets.xml (No such file or directory)
09-16 19:08:38.382  3584  3686 V AppWidgetServiceImpl: Upgrading widget database from 0 to 1
09-16 19:08:38.384  3584  3686 W VoiceInteractionManagerService: no available voice interaction services found for user 0
09-16 19:08:38.384  3584  3686 W VoiceInteractionManagerService: no available voice recognition services found for user 0
09-16 19:08:38.385  3584  3686 I BrokerableCMSystemService: Connecting to implementation
09-16 19:08:38.385  3584  3686 W ContextImpl: Calling a method in the system process without a qualified user: android.app.ContextImpl.bindService:1421 org.cyanogenmod.platform.internal.BrokerableCMSystemService.tryConnecting:199 org.cyanogenmod.platform.internal.WeatherManagerServiceBroker.onUnlockUser:97 com.android.server.SystemServiceManager.unlockUser:179 com.android.server.am.ActivityManagerService$MainHandler.handleMessage:2067 
09-16 19:08:38.451  3584  3684 W ActivityManager: Slow operation: 62ms so far, now at startProcess: returned from zygote!
09-16 19:08:38.452  3584  3684 W ActivityManager: Slow operation: 63ms so far, now at startProcess: done updating battery stats
09-16 19:08:38.452  3584  3684 W ActivityManager: Slow operation: 63ms so far, now at startProcess: building log message
09-16 19:08:38.452  3584  3684 I ActivityManager: Start proc 5328:android.process.media/u0a9 for broadcast com.android.providers.downloads/.DownloadReceiver
09-16 19:08:38.452  3584  3684 W ActivityManager: Slow operation: 64ms so far, now at startProcess: starting to update pids map
09-16 19:08:38.452  3584  3684 W ActivityManager: Slow operation: 64ms so far, now at startProcess: done updating pids map
09-16 19:08:38.453  3584  3684 W ActivityManager: Slow operation: 68ms so far, now at startProcess: done starting proc!
09-16 19:08:38.476  3584  3686 I ActivityManager: Start proc 5341:org.cyanogenmod.weatherservice/u0a31 for service org.cyanogenmod.weatherservice/.WeatherManagerService
09-16 19:08:38.477  3584  3686 I ActivityManager: Loading recents for user 0 into memory.
09-16 19:08:38.502  3584  3685 I ActivityManager: Start proc 5356:com.android.printspooler/u0a58 for service com.android.printspooler/.model.PrintSpoolerService
09-16 19:08:38.523  3584  3686 I ActivityManager: Start proc 5368:org.cyanogenmod.audiofx/u0a3 for added application org.cyanogenmod.audiofx
09-16 19:08:38.547  3584  3686 I ActivityManager: Start proc 5383:com.android.nfc/1027 for added application com.android.nfc
09-16 19:08:38.561  3584  3684 I Telecom : PhoneAccountRegistrar: [ComponentInfo{com.android.phone/com.android.services.telephony.TelephonyConnectionService}, [2628372b20c6b31a61c46f7f5a9328dbf0edaed6], UserHandle{0}(icon: Icon(typ=BITMAP size=67x84) -> Icon(typ=BITMAP size=67x84))]: TSI.rPA@ACI
09-16 19:08:38.570  3584  3684 I Telecom : : Sending phone-account registered intent as user: TSI.rPA@ACI
09-16 19:08:38.596  3584  3686 I PreBootBroadcaster: Pre-boot of {com.android.managedprovisioning/com.android.managedprovisioning.PreBootListener} for user 0
09-16 19:08:38.695  3584  4952 I ActivityManager: START u0 {act=android.intent.action.MAIN cat=[android.intent.category.HOME] flg=0x10000100 cmp=com.cyanogenmod.setupwizard/.SetupWizardActivity} from uid 0 on display 0
09-16 19:08:38.734  3584  4952 I ActivityManager: Start proc 5404:com.cyanogenmod.setupwizard/1000 for activity com.cyanogenmod.setupwizard/.SetupWizardActivity
09-16 19:08:38.739  3584  3687 I ActivityManager: Config changes=20 {1.0 722mcc34mnc [en_US] ldltr sw411dp w411dp h773dp 560dpi nrml long port finger -keyb/v/h -nav/h s.7}
09-16 19:08:38.862  3584  5150 I ActivityManager: Start proc 5429:com.android.keychain/1000 for service com.android.keychain/.KeyChainService
09-16 19:08:38.866  3584  5326 I Telecom : PhoneAccountRegistrar: [ComponentInfo{com.android.phone/com.android.services.telephony.TelephonyConnectionService}, [2628372b20c6b31a61c46f7f5a9328dbf0edaed6], UserHandle{0}(icon: Icon(typ=BITMAP size=67x84) -> Icon(typ=BITMAP size=67x84))]: TSI.rPA@ACY
09-16 19:08:38.869  3584  5326 I Telecom : : Sending phone-account registered intent as user: TSI.rPA@ACY
09-16 19:08:38.943  3584  3683 I ActivityManager: START u0 {act=com.android.wizard.LOAD flg=0x10000001 cmp=com.cyanogenmod.setupwizard/.wizardmanager.WizardManager (has extras)} from uid 1000 on display 0
09-16 19:08:38.973  3584  3584 V BackupManagerService: Connected to transport ComponentInfo{android/com.android.internal.backup.LocalTransportService}
09-16 19:08:38.974  3584  3584 V BackupManagerService: Registering transport android/com.android.internal.backup.LocalTransportService::android/com.android.internal.backup.LocalTransport = android.app.backup.BackupTransport$TransportImpl@4d688db
09-16 19:08:38.996  3584  3584 I BrokerableCMSystemService: Implementation service connected
09-16 19:08:39.029  3584  4952 I ActivityManager: Start proc 5453:com.android.smspush/u0a59 for service com.android.smspush/.WapPushManager
09-16 19:08:39.090  3584  4790 I Telecom : PhoneAccountRegistrar: [ComponentInfo{com.android.phone/com.android.services.telephony.TelephonyConnectionService}, [2628372b20c6b31a61c46f7f5a9328dbf0edaed6], UserHandle{0}(icon: Icon(typ=BITMAP size=67x84) -> Icon(typ=BITMAP size=67x84))]: TSI.rPA@ACk
09-16 19:08:39.099  3584  4790 I Telecom : : Sending phone-account registered intent as user: TSI.rPA@ACk
09-16 19:08:39.138  3584  5391 I ActivityManager: START u0 {act=com.cyanogenmod.setupwizard.LINEAGE_WELCOME flg=0x4000000 cmp=com.cyanogenmod.setupwizard/.WelcomeActivity (has extras)} from uid 1000 on display 0
09-16 19:08:39.325  5404  5404 W ContextImpl: Calling a method in the system process without a qualified user: android.app.ContextImpl.bindService:1421 android.content.ContextWrapper.bindService:636 android.speech.tts.TextToSpeech.connectToEngine:810 android.speech.tts.TextToSpeech.initTts:780 android.speech.tts.TextToSpeech.<init>:733 
09-16 19:08:39.345  3584  3684 I ActivityManager: Start proc 5474:com.svox.pico/u0a53 for service com.svox.pico/.PicoService
09-16 19:08:39.538  3584  3584 I Telecom : PhoneAccountRegistrar: SimCallManager queried, returning: null: TSI.gSCMFU@ACo
09-16 19:08:40.240  3584  3683 I ActivityManager: Start proc 5520:com.android.managedprovisioning/u0a17 for broadcast com.android.managedprovisioning/.PreBootListener
--------- beginning of main
09-16 19:08:40.307  5520  5520 W System  : ClassLoader referenced unknown path: /system/priv-app/ManagedProvisioning/lib/arm64
09-16 19:08:40.339  5520  5520 I gedprovisioning: type=1400 audit(0.0:237): avc: denied { write } for name="com.android.managedprovisioning" dev="sda24" ino=3121216 scontext=u:r:platform_app:s0:c512,c768 tcontext=u:object_r:system_data_file:s0 tclass=dir permissive=1
09-16 19:08:40.339  5520  5520 I gedprovisioning: type=1400 audit(0.0:237): avc: denied { add_name } for name="code_cache" scontext=u:r:platform_app:s0:c512,c768 tcontext=u:object_r:system_data_file:s0 tclass=dir permissive=1
09-16 19:08:40.339  5520  5520 W gedprovisioning: type=1300 audit(0.0:237): arch=c00000b7 syscall=34 success=yes exit=0 a0=ffffff9c a1=7fa0811c80 a2=1f9 a3=7fad74f514 items=0 ppid=3179 auid=4294967295 uid=10017 gid=10017 euid=10017 suid=10017 fsuid=10017 egid=10017 sgid=10017 fsgid=10017 tty=(none) ses=4294967295 exe="/system/bin/app_process64" subj=u:r:platform_app:s0:c512,c768 key=(null)
09-16 19:08:40.339  3083  3083 W auditd  : type=1327 audit(0.0:237): proctitle="com.android.managedprovisioning"
09-16 19:08:40.339  3083  3083 W auditd  : type=1320 audit(0.0:237): 
09-16 19:08:40.396  3584  4952 I PreBootBroadcaster: Pre-boot of {com.android.providers.calendar/com.android.providers.calendar.CalendarUpgradeReceiver} for user 0
09-16 19:08:40.417  3584  4952 I ActivityManager: Start proc 5539:android.process.acore/u0a2 for broadcast com.android.providers.contacts/.PhoneAccountRegistrationReceiver
09-16 19:08:40.419  3584  3584 D ZenLog  : disable_effects: 0|android|0|PreBootBroadcaster|1000,booleanState
09-16 19:08:40.425  3188  3188 E FFMPEGSoftCodec: Failed to load FFMPEG plugin: (null)
09-16 19:08:40.425  3188  3188 E WVMExtractor: Failed to open libwvm.so: dlopen failed: library "libwvm.so" not found
09-16 19:08:40.523  5539  5539 W System  : ClassLoader referenced unknown path: /system/priv-app/ContactsProvider/lib/arm64
09-16 19:08:40.543  3187  5066 I FFmpegExtractor: android-source:0xf60ecc00
09-16 19:08:40.568  3187  5066 D FFmpegExtractor: supported codec (pcm_s16le) by official Stagefright
09-16 19:08:40.568  3187  5066 D FFmpegExtractor: ffmpeg detected media content as 'audio/x-wav' with confidence 0.08
09-16 19:08:40.818  5539  5539 I ContactsPerf: VoicemailContentProvider.onCreate start
09-16 19:08:40.831  5539  5539 I ContactsPerf: VoicemailContentProvider.onCreate finish
09-16 19:08:40.852  5539  5539 W System  : ClassLoader referenced unknown path: /system/priv-app/BlockedNumberProvider/lib/arm64
09-16 19:08:40.853  5539  5539 D ApplicationLoaders: ignored Vulkan layer search path /system/priv-app/BlockedNumberProvider/lib/arm64:/system/lib64:/vendor/lib64 for namespace 0x7fb15a10f0
09-16 19:08:40.879  5539  5539 W System  : ClassLoader referenced unknown path: /system/app/UserDictionaryProvider/lib/arm64
09-16 19:08:40.885  5539  5539 D ApplicationLoaders: ignored Vulkan layer search path /system/app/UserDictionaryProvider/lib/arm64:/system/lib64:/vendor/lib64 for namespace 0x7fb15a1160
09-16 19:08:40.933  5539  5539 D StrictMode: StrictMode policy violation; ~duration=150 ms: android.os.StrictMode$StrictModeDiskWriteViolation: policy=65565 violation=1
09-16 19:08:40.933  5539  5539 D StrictMode: 	at android.os.StrictMode$AndroidBlockGuardPolicy.onWriteToDisk(StrictMode.java:1253)
09-16 19:08:40.933  5539  5539 D StrictMode: 	at libcore.io.BlockGuardOs.mkdir(BlockGuardOs.java:173)
09-16 19:08:40.933  5539  5539 D StrictMode: 	at android.system.Os.mkdir(Os.java:282)
09-16 19:08:40.933  5539  5539 D StrictMode: 	at android.app.ContextImpl.ensurePrivateDirExists(ContextImpl.java:514)
09-16 19:08:40.933  5539  5539 D StrictMode: 	at android.app.ContextImpl.getPreferencesDir(ContextImpl.java:468)
09-16 19:08:40.933  5539  5539 D StrictMode: 	at android.app.ContextImpl.getSharedPreferencesPath(ContextImpl.java:627)
09-16 19:08:40.933  5539  5539 D StrictMode: 	at android.app.ContextImpl.getSharedPreferences(ContextImpl.java:345)
09-16 19:08:40.933  5539  5539 D StrictMode: 	at android.content.ContextWrapper.getSharedPreferences(ContextWrapper.java:164)
09-16 19:08:40.933  5539  5539 D StrictMode: 	at android.preference.PreferenceManager.getDefaultSharedPreferences(PreferenceManager.java:487)
09-16 19:08:40.933  5539  5539 D StrictMode: 	at com.android.providers.contacts.FastScrollingIndexCache.getInstance(FastScrollingIndexCache.java:95)
09-16 19:08:40.933  5539  5539 D StrictMode: 	at com.android.providers.contacts.ContactsProvider2.initialize(ContactsProvider2.java:1600)
09-16 19:08:40.933  5539  5539 D StrictMode: 	at com.android.providers.contacts.ContactsProvider2.onCreate(ContactsProvider2.java:1575)
09-16 19:08:40.933  5539  5539 D StrictMode: 	at android.content.ContentProvider.attachInfo(ContentProvider.java:1751)
09-16 19:08:40.933  5539  5539 D StrictMode: 	at android.content.ContentProvider.attachInfo(ContentProvider.java:1726)
09-16 19:08:40.933  5539  5539 D StrictMode: 	at android.app.ActivityThread.installProvider(ActivityThread.java:5920)
09-16 19:08:40.933  5539  5539 D StrictMode: 	at android.app.ActivityThread.installContentProviders(ActivityThread.java:5490)
09-16 19:08:40.933  5539  5539 D StrictMode: 	at android.app.ActivityThread.handleBindApplication(ActivityThread.java:5429)
09-16 19:08:40.933  5539  5539 D StrictMode: 	at android.app.ActivityThread.-wrap2(ActivityThread.java)
09-16 19:08:40.933  5539  5539 D StrictMode: 	at android.app.ActivityThread$H.handleMessage(ActivityThread.java:1564)
09-16 19:08:40.933  5539  5539 D StrictMode: 	at android.os.Handler.dispatchMessage(Handler.java:102)
09-16 19:08:40.933  5539  5539 D StrictMode: 	at android.os.Looper.loop(Looper.java:154)
09-16 19:08:40.933  5539  5539 D StrictMode: 	at android.app.ActivityThread.main(ActivityThread.java:6186)
09-16 19:08:40.933  5539  5539 D StrictMode: 	at java.lang.reflect.Method.invoke(Native Method)
09-16 19:08:40.933  5539  5539 D StrictMode: 	at com.android.internal.os.ZygoteInit$MethodAndArgsCaller.run(ZygoteInit.java:889)
09-16 19:08:40.933  5539  5539 D StrictMode: 	at com.android.internal.os.ZygoteInit.main(ZygoteInit.java:779)
09-16 19:08:40.933  5539  5539 D StrictMode: StrictMode policy violation; ~duration=145 ms: android.os.StrictMode$StrictModeDiskWriteViolation: policy=65565 violation=1
09-16 19:08:40.933  5539  5539 D StrictMode: 	at android.os.StrictMode$AndroidBlockGuardPolicy.onWriteToDisk(StrictMode.java:1253)
09-16 19:08:40.933  5539  5539 D StrictMode: 	at libcore.io.BlockGuardOs.chmod(BlockGuardOs.java:73)
09-16 19:08:40.933  5539  5539 D StrictMode: 	at android.system.Os.chmod(Os.java:68)
09-16 19:08:40.933  5539  5539 D StrictMode: 	at android.app.ContextImpl.ensurePrivateDirExists(ContextImpl.java:515)
09-16 19:08:40.933  5539  5539 D StrictMode: 	at android.app.ContextImpl.getPreferencesDir(ContextImpl.java:468)
09-16 19:08:40.933  5539  5539 D StrictMode: 	at android.app.ContextImpl.getSharedPreferencesPath(ContextImpl.java:627)
09-16 19:08:40.933  5539  5539 D StrictMode: 	at android.app.ContextImpl.getSharedPreferences(ContextImpl.java:345)
09-16 19:08:40.933  5539  5539 D StrictMode: 	at android.content.ContextWrapper.getSharedPreferences(ContextWrapper.java:164)
09-16 19:08:40.933  5539  5539 D StrictMode: 	at android.preference.PreferenceManager.getDefaultSharedPreferences(PreferenceManager.java:487)
09-16 19:08:40.933  5539  5539 D StrictMode: 	at com.android.providers.contacts.FastScrollingIndexCache.getInstance(FastScrollingIndexCache.java:95)
09-16 19:08:40.933  5539  5539 D StrictMode: 	at com.android.providers.contacts.ContactsProvider2.initialize(ContactsProvider2.java:1600)
09-16 19:08:40.933  5539  5539 D StrictMode: 	at com.android.providers.contacts.ContactsProvider2.onCreate(ContactsProvider2.java:1575)
09-16 19:08:40.933  5539  5539 D StrictMode: 	at android.content.ContentProvider.attachInfo(ContentProvider.java:1751)
09-16 19:08:40.933  5539  5539 D StrictMode: 	at android.content.ContentProvider.attachInfo(ContentProvider.java:1726)
09-16 19:08:40.933  5539  5539 D StrictMode: 	at android.app.ActivityThread.installProvider(ActivityThread.java:5920)
09-16 19:08:40.933  5539  5539 D StrictMode: 	at android.app.ActivityThread.installContentProviders(ActivityThread.java:5490)
09-16 19:08:40.933  5539  5539 D StrictMode: 	at android.app.ActivityThread.handleBindApplication(ActivityThread.java:5429)
09-16 19:08:40.933  5539  5539 D StrictMode: 	at android.app.ActivityThread.-wrap2(ActivityThread.java)
09-16 19:08:40.933  5539  5539 D StrictMode: 	at android.app.ActivityThread$H.handleMessage(ActivityThread.java:1564)
09-16 19:08:40.933  5539  5539 D StrictMode: 	at android.os.Handler.dispatchMessage(Handler.java:102)
09-16 19:08:40.933  5539  5539 D StrictMode: 	at android.os.Looper.loop(Looper.java:154)
09-16 19:08:40.933  5539  5539 D StrictMode: 	at android.app.ActivityThread.main(ActivityThread.java:6186)
09-16 19:08:40.933  5539  5539 D StrictMode: 	at java.lang.reflect.Method.invoke(Native Method)
09-16 19:08:40.933  5539  5539 D StrictMode: 	at com.android.internal.os.ZygoteInit$MethodAndArgsCaller.run(ZygoteInit.java:889)
09-16 19:08:40.933  5539  5539 D StrictMode: 	at com.android.internal.os.ZygoteInit.main(ZygoteInit.java:779)
09-16 19:08:40.939  5539  5556 I ContactsDatabaseHelper: Bootstrapping database version: 1111
09-16 19:08:40.991  3584  4031 I InputReader: Reconfiguring input devices.  changes=0x00000010
09-16 19:08:40.997  3584  3683 I PackageManager: Replacing preferred activity com.android.messaging/.ui.conversation.LaunchConversationActivity for user 0:
09-16 19:08:40.998  3584  3683 I PackageManager:   Action: "android.intent.action.SENDTO"
09-16 19:08:40.998  3584  3683 I PackageManager:   Category: "android.intent.category.DEFAULT"
09-16 19:08:40.998  3584  3683 I PackageManager:   Scheme: "sms"
09-16 19:08:40.998  3584  3683 I PackageManager:   AutoVerify=false
09-16 19:08:41.007  3584  4952 I PackageManager: Replacing preferred activity com.android.messaging/.ui.conversation.LaunchConversationActivity for user 0:
09-16 19:08:41.007  3584  4952 I PackageManager:   Action: "android.intent.action.SENDTO"
09-16 19:08:41.007  3584  4952 I PackageManager:   Category: "android.intent.category.DEFAULT"
09-16 19:08:41.007  3584  4952 I PackageManager:   Scheme: "smsto"
09-16 19:08:41.007  3584  4952 I PackageManager:   AutoVerify=false
09-16 19:08:41.011  3584  3684 I PackageManager: Replacing preferred activity com.android.messaging/.ui.conversation.LaunchConversationActivity for user 0:
09-16 19:08:41.011  3584  3684 I PackageManager:   Action: "android.intent.action.SENDTO"
09-16 19:08:41.011  3584  3684 I PackageManager:   Category: "android.intent.category.DEFAULT"
09-16 19:08:41.011  3584  3684 I PackageManager:   Scheme: "mms"
09-16 19:08:41.011  3584  3684 I PackageManager:   AutoVerify=false
09-16 19:08:41.012  3584  3685 W Searchables: No global search activity found
09-16 19:08:41.016  3584  3683 I PackageManager: Replacing preferred activity com.android.messaging/.ui.conversation.LaunchConversationActivity for user 0:
09-16 19:08:41.016  3584  3683 I PackageManager:   Action: "android.intent.action.SENDTO"
09-16 19:08:41.017  3584  3683 I PackageManager:   Category: "android.intent.category.DEFAULT"
09-16 19:08:41.017  3584  3683 I PackageManager:   Scheme: "mmsto"
09-16 19:08:41.017  3584  3683 I PackageManager:   AutoVerify=false
09-16 19:08:41.020  3584  4031 I InputReader: Reconfiguring input devices.  changes=0x00000010
09-16 19:08:41.025  3584  4031 I InputReader: Reconfiguring input devices.  changes=0x00000010
09-16 19:08:41.038  5184  5184 D CellBroadcastReceiver: onReceive Intent { act=android.intent.action.SIM_STATE_CHANGED flg=0x4000010 cmp=com.android.cellbroadcastreceiver/.CellBroadcastReceiver (has extras) }
09-16 19:08:41.039  5184  5184 D CellBroadcastReceiver: Default interval 0 did not change.
09-16 19:08:41.074  3584  4031 I InputReader: Reconfiguring input devices.  changes=0x00000010
09-16 19:08:41.145  4921  4921 D CarrierSvcBindHelper: No carrier app for: 0
09-16 19:08:41.154  3584  3584 I DefaultPermGrantPolicy: Granting permissions to default sms app for user:0
09-16 19:08:41.205  5383  5512 I chatty  : uid=1027(nfc) com.android.nfc expire 1 line
09-16 19:08:41.226  3584  3685 W Searchables: No global search activity found
09-16 19:08:41.261  3584  3685 W Searchables: No global search activity found
09-16 19:08:41.275  4921  4921 D CarrierSvcBindHelper: No carrier app for: 0
09-16 19:08:41.295  3584  3685 W ResourceType: No known package when getting value for resource number 0x7f020125
09-16 19:08:41.295  3584  3685 W ResourceType: No known package when getting value for resource number 0x7f0c050a
09-16 19:08:41.296  3584  3685 W ResourceType: No known package when getting value for resource number 0x7f020124
09-16 19:08:41.296  3584  3685 W ResourceType: No known package when getting value for resource number 0x7f0c0a9b
09-16 19:08:41.296  3584  3685 W ResourceType: No known package when getting value for resource number 0x7f020123
09-16 19:08:41.296  3584  3685 W ResourceType: No known package when getting value for resource number 0x7f0c0955
09-16 19:08:41.312  3584  3685 W Searchables: No global search activity found
09-16 19:08:41.387  4921  4921 D CarrierSvcBindHelper: No carrier app for: 0
09-16 19:08:41.479  4921  4921 D CarrierSvcBindHelper: No carrier app for: 0
09-16 19:08:41.496  4992  4992 D SimSelectNotification:  no of slots 1 provision = false
09-16 19:08:41.516  5184  5184 D CellBroadcastReceiver: onReceive Intent { act=android.intent.action.SERVICE_STATE flg=0x10 cmp=com.android.cellbroadcastreceiver/.CellBroadcastReceiver (has extras) }
09-16 19:08:41.516  5184  5184 D CellBroadcastReceiver: Intent: android.intent.action.SERVICE_STATE
09-16 19:08:41.532  4921  4921 D VvmSimChangeReceiver: Carrier config changed
09-16 19:08:41.548  4921  4921 D VvmSimChangeReceiver: visual voicemail not supported for carrier 72234 on subId 1
09-16 19:08:41.557  3187  3187 I FFmpegExtractor: android-source:0xf3415c00
09-16 19:08:41.563  3187  3187 D FFmpegExtractor: supported codec (pcm_s16le) by official Stagefright
09-16 19:08:41.564  3187  3187 D FFmpegExtractor: ffmpeg detected media content as 'audio/x-wav' with confidence 0.08
09-16 19:08:41.565  3188  4831 E MetadataRetrieverClient: failed to extract an album art
09-16 19:08:41.598  5328  5535 I chatty  : uid=10009(com.android.providers.media) android.process.media expire 2 lines
09-16 19:08:41.607  5539  5544 I art     : Do partial code cache collection, code=24KB, data=25KB
09-16 19:08:41.607  5539  5544 I art     : After code cache collection, code=24KB, data=25KB
09-16 19:08:41.607  5539  5544 I art     : Increasing code cache capacity to 128KB
09-16 19:08:41.622  5539  5556 I ContactsProviderV1: Bootstrapping database legacy support
09-16 19:08:41.780  5328  5333 I chatty  : uid=10009(com.android.providers.media) Jit thread pool expire 3 lines
09-16 19:08:41.821  5539  5558 W art     : Long monitor contention with owner ContactsProviderWorker (5556) at int java.lang.CaseMapper.upperIndex(int)(CaseMapper.java:-1) waiters=0 in android.database.sqlite.SQLiteDatabase android.database.sqlite.SQLiteOpenHelper.getWritableDatabase() for 756ms
09-16 19:08:41.824  5539  5558 I CallLogDatabaseHelper: Migrating from old tables...
09-16 19:08:41.825  5539  5558 I CallLogDatabaseHelper: Source tables don't exist.
09-16 19:08:41.915  5539  5558 I CallLogDatabaseHelper: Migrating from old tables...
09-16 19:08:41.917  5539  5558 I CallLogDatabaseHelper: Source tables don't exist.
09-16 19:08:41.945  5539  5544 I art     : Do partial code cache collection, code=61KB, data=47KB
09-16 19:08:41.946  5539  5544 I art     : After code cache collection, code=61KB, data=47KB
09-16 19:08:41.946  5539  5544 I art     : Increasing code cache capacity to 256KB
09-16 19:08:41.947  3584  5391 I ActivityManager: Start proc 5560:com.android.providers.calendar/u0a4 for broadcast com.android.providers.calendar/.CalendarUpgradeReceiver
09-16 19:08:41.959  5558  5558 I CallLogProvider: type=1400 audit(0.0:238): avc: denied { lock } for path="/data/user_de/0/com.android.providers.contacts/databases/calllog_shadow.db" dev="sda24" ino=3121321 scontext=u:r:priv_app:s0:c512,c768 tcontext=u:object_r:system_data_file:s0:c512,c768 tclass=file permissive=1
09-16 19:08:41.959  5558  5558 W CallLogProvider: type=1300 audit(0.0:238): arch=c00000b7 syscall=25 success=yes exit=0 a0=2c a1=6 a2=7fa5defba8 a3=10 items=0 ppid=3179 auid=4294967295 uid=10002 gid=10002 euid=10002 suid=10002 fsuid=10002 egid=10002 sgid=10002 fsgid=10002 tty=(none) ses=4294967295 exe="/system/bin/app_process64" subj=u:r:priv_app:s0:c512,c768 key=(null)
09-16 19:08:41.959  3083  3083 W auditd  : type=1327 audit(0.0:238): proctitle="android.process.acore"
09-16 19:08:41.959  3083  3083 W auditd  : type=1320 audit(0.0:238): 
09-16 19:08:41.967  5539  5556 I ContactLocale: AddressBook Labels [[en_US]]: [, A, B, C, D, E, F, G, H, I, J, K, L, M, N, O, P, Q, R, S, T, U, V, W, X, Y, Z, , , , , , , , , , , , , , , , , , , , , , , , , , , , , , , , , , , , , , , , , , , , , , , , , , , , , , , , , , , , , , , , , , , , , , , , , , , , , , , , , , , , , , , , , , , , , , , , , , , , , , , , , , , , , , , , , , , , , , , , , , , , , , , , , , , , , , , , , , , , , , , , , , , , , , , , , , , , , , , , , , , , , , , , , , , , , , , , , , , , , , , , , , , #, ]
09-16 19:08:41.975  5556  5556 I ContactsProvide: type=1400 audit(0.0:239): avc: denied { write } for name="contacts2.db-journal" dev="sda24" ino=2015535 scontext=u:r:priv_app:s0:c512,c768 tcontext=u:object_r:system_data_file:s0:c512,c768 tclass=file permissive=1
09-16 19:08:41.975  5556  5556 W ContactsProvide: type=1300 audit(0.0:239): arch=c00000b7 syscall=56 success=yes exit=42 a0=ffffff9c a1=7fa604eb04 a2=a0042 a3=1b0 items=0 ppid=3179 auid=4294967295 uid=10002 gid=10002 euid=10002 suid=10002 fsuid=10002 egid=10002 sgid=10002 fsgid=10002 tty=(none) ses=4294967295 exe="/system/bin/app_process64" subj=u:r:priv_app:s0:c512,c768 key=(null)
09-16 19:08:41.975  3083  3083 W auditd  : type=1327 audit(0.0:239): proctitle="android.process.acore"
09-16 19:08:41.975  3083  3083 W auditd  : type=1320 audit(0.0:239): 
09-16 19:08:41.988  5383  5493 D SecHAL  : data_trace:  Recv(  5) 42 00 02   00 00 
09-16 19:08:41.988  5383  5493 I SecHAL  : OSI_timer_start: enter,osi_lock
09-16 19:08:41.988  5383  5493 I SecHAL  : OSI_timer_start: before osi_unlock
09-16 19:08:41.988  5383  5493 I SecHAL  : OSI_timer_start: exit
09-16 19:08:41.988  5383  5493 I SecHAL  : nfc_data_callback: !
09-16 19:08:41.988  5383  5493 D NfcAdaptation: NfcAdaptation::HalDeviceContextDataCallback: len=5
09-16 19:08:41.988  5383  5473 I BrcmNfcNfa: NFC received rsp gid:2
09-16 19:08:41.988  5383  5473 I BrcmNfcNfa: nci_proc_ee_management_rsp opcode:0x0
09-16 19:08:41.988  5383  5473 I BrcmNfcNfa: nfa_dm_nfc_response_cback () NFC_NFCEE_DISCOVER_REVT(0x5004)
09-16 19:08:41.988  5383  5473 I BrcmNfcNfa: nfa_ee_proc_evt: event=0x5004 int_event:0x20d
09-16 19:08:41.988  5383  5473 I BrcmNfcNfa: nfa_ee_evt_hdlr (): Event NCI_DISC_RSP(0x20d), State: INIT_DONE(1)
09-16 19:08:41.988  5383  5473 I BrcmNfcNfa: nfa_ee_nci_disc_rsp() em_state:1 cur_ee:2, num_nfcee:0
09-16 19:08:41.988  5383  5473 I BrcmNfcNfa: nfa_ee_report_disc_done() em_state:1 num_ee_expecting:0 notify_enable_done:0
09-16 19:08:41.988  5383  5473 I BrcmNfcNfa: nfa_ee_nci_disc_rsp() em_state:1 cur_ee:2 num_ee_expecting:0
09-16 19:08:41.988  5383  5492 D SecHAL  : read_thread: Sent message to HAL message task, remind que: 2
09-16 19:08:41.988  5383  5493 D SecHAL  : nfc_hal_task: Got a event: HAL_EVT_READ(4)
09-16 19:08:41.988  5383  5493 D SecHAL  : nfc_hal_task: current state: SERVICE
09-16 19:08:41.988  5383  5493 D SecHAL  : data_trace:  Recv(  9) 01 00 06   81 80 00 01 02 03 
09-16 19:08:41.988  5383  5493 I SecHAL  : OSI_timer_start: enter,osi_lock
09-16 19:08:41.988  5383  5493 I SecHAL  : OSI_timer_start: before osi_unlock
09-16 19:08:41.988  5383  5493 I SecHAL  : OSI_timer_start: exit
09-16 19:08:41.988  5383  5493 I SecHAL  : nfc_data_callback: !
09-16 19:08:41.989  5383  5493 D NfcAdaptation: NfcAdaptation::HalDeviceContextDataCallback: len=9
09-16 19:08:41.989  5383  5473 I BrcmNfcNfa: NFC received data
09-16 19:08:41.989  5383  5473 I BrcmNfcNfa: nfc_ncif_proc_data 0x010006
09-16 19:08:41.989  5383  5473 I BrcmNfcNfa: nfc_ncif_proc_data len:6
09-16 19:08:41.989  5383  5473 I BrcmNfcNfa: nfa_sys_ptim_stop_timer a5ffe318
09-16 19:08:41.989  5383  5473 I BrcmNfcNfa: ptim timer stop
09-16 19:08:41.989  5383  5473 D BrcmHcpR: 818000010203
09-16 19:08:41.989  5383  5473 I BrcmNfcNfa: nfa_hci_conn_cback Recvd data pipe:1  Type: RESPONSE [0x02] Resp: ANY_OK [0x00]   chain:1  assmbl:0  len:6
09-16 19:08:41.989  5383  5473 I BrcmNfcNfa: nfa_hci_handle_admin_gate_rsp - LastCmdSent: ANY_GET_PARAMETER  App: 0x0000  Gate: 0x00  Pipe: 0x01
09-16 19:08:41.989  5383  5473 I BrcmNfcNfa: nfa_hci_startup_complete (): Status: 0
09-16 19:08:41.989  5383  5473 I BrcmNfcNfa: nfa_sys_ptim_stop_timer a5ffe318
09-16 19:08:41.989  5383  5473 I BrcmNfcNfa: ptim timer stop
09-16 19:08:41.989  5383  5473 I BrcmNfcNfa: nfa_sys_cback_notify_enable_complete () enable_cplt_flags=0x1cc, enable_cplt_mask=0x1cc
09-16 19:08:41.989  5383  5473 D BrcmNfcJni: nfaDeviceManagementCallback: enter; event=0x0
09-16 19:08:41.989  5383  5473 D BrcmNfcJni: nfaDeviceManagementCallback: NFA_DM_ENABLE_EVT; status=0x0
09-16 19:08:41.989  5383  5473 I BrcmNfcNfa: NFA got event 0x0813
09-16 19:08:41.989  5383  5473 I BrcmNfcNfa: nfa_hci_evt_hdlr state: IDLE (3) event: CHECK_QUEUE (0x0813)
09-16 19:08:41.989  5383  5473 D         : nfa_nv_co_write: bytes=288; file=/data/nfc/nfaStorage.bin1
09-16 19:08:41.990  5383  5473 D         : nfa_nv_co_write: 288 bytes written
09-16 19:08:41.990  5383  5469 E         : bool CNxpNfcConfig::readConfig(const char *, bool) Cannot open config file /etc/libnfc-nxp.conf
09-16 19:08:41.990  5383  5469 E         : bool CNxpNfcConfig::readConfig(const char *, bool) Using default value for all settings
09-16 19:08:41.990  5383  5473 I BrcmNfcNfa: NFA got event 0x0811
09-16 19:08:41.990  5383  5469 D         : phNxpLog_InitializeLogLevel: global =1, Fwdnld =1, extns =1,                 hal =1, tml =1, ncir =1,                 ncix =1
09-16 19:08:41.990  5383  5473 I BrcmNfcNfa: nfa_hci_evt_hdlr state: IDLE (3) event: NV_WRITE_EVT (0x0811)
09-16 19:08:41.990  5383  5469 D BrcmNfcJni: RoutingManager::initialize(): try ee register
09-16 19:08:41.990  5383  5469 I BrcmNfcNfa: NFA_EeRegister()
09-16 19:08:41.990  5383  5492 D SecHAL  : read_thread: Sent message to HAL message task, remind que: 2
09-16 19:08:41.990  5383  5493 D SecHAL  : nfc_hal_task: Got a event: HAL_EVT_READ(4)
09-16 19:08:41.990  5383  5493 D SecHAL  : nfc_hal_task: current state: SERVICE
09-16 19:08:41.990  5383  5473 I BrcmNfcNfa: NFA got event 0x0201
09-16 19:08:41.990  5383  5473 I BrcmNfcNfa: nfa_ee_evt_hdlr (): Event API_REGISTER(0x201), State: INIT_DONE(1)
09-16 19:08:41.990  5383  5473 D BrcmNfcJni: RoutingManager::nfaEeCallback: NFA_EE_REGISTER_EVT; status=0
09-16 19:08:41.990  5383  5473 D BrcmNfcJni: nfaEeCallback: NFA_EE_DISCOVER_REQ_EVT; status=0x0; num ee=0
09-16 19:08:41.990  5383  5469 D BrcmNfcJni: RoutingManager::initialize(): Technology Routing (NfcASe:0x02, NfcFSe:0x00)
09-16 19:08:41.990  5383  5469 D BrcmNfcJni: RoutingManager::initialize(): Number of EE is 0
09-16 19:08:41.990  5383  5469 I BrcmNfcNfa: NFA_CeSetIsoDepListenTech (): 0x1
09-16 19:08:41.990  5383  5469 I BrcmNfcNfa: NFA_CeRegisterAidOnDH ()
09-16 19:08:41.990  5383  5469 D BrcmNfcJni: nativeNfcTag_registerNdefTypeHandler
09-16 19:08:41.990  5383  5469 I BrcmNfcNfa: NFA_RegisterNDefTypeHandler (): handle whole ndef message: 1, tnf=0xff
09-16 19:08:41.990  5383  5469 D BrcmNfcJni: NfcTag::resetTechnologies
09-16 19:08:41.990  5383  5469 D NfcAdaptation: const CNfcParam *CNfcConfig::find(const char *) const found PRESENCE_CHECK_ALGORITHM=(0x5)
09-16 19:08:41.990  5383  5469 D BrcmNfcJni: PeerToPeer::initialize
09-16 19:08:41.990  5383  5469 D NfcAdaptation: const CNfcParam *CNfcConfig::find(const char *) const found P2P_LISTEN_TECH_MASK=(0xC4)
09-16 19:08:41.990  5383  5469 D BrcmNfcJni: PeerToPeer::handleNfcOnOff: enter; is on=1
09-16 19:08:41.990  5383  5469 D BrcmNfcJni: PeerToPeer::handleNfcOnOff: exit
09-16 19:08:41.990  5383  5469 D NfcAdaptation: const CNfcParam *CNfcConfig::find(const char *) const found POLLING_TECH_MASK=(0xEF)
09-16 19:08:41.990  5383  5469 D BrcmNfcJni: nfcManager_doInitialize: tag polling tech mask=0xEF
09-16 19:08:41.990  5383  5469 D NfcAdaptation: const CNfcParam *CNfcConfig::find(const char *) const found NFA_DM_DISC_DURATION_POLL=(0x1F4)
09-16 19:08:41.990  5383  5469 I BrcmNfcNfa: NFA_SetRfDiscoveryDuration ()
09-16 19:08:41.990  5383  5469 I BrcmNfcNfa: NFA_GetConfig (): num_ids: 1
09-16 19:08:41.990  5383  5493 D SecHAL  : data_trace:  Recv(  6) 60 06 03   01 01 01 
09-16 19:08:41.991  5383  5493 I SecHAL  : OSI_timer_start: enter,osi_lock
09-16 19:08:41.991  5383  5493 I SecHAL  : OSI_timer_start: before osi_unlock
09-16 19:08:41.991  5383  5493 I SecHAL  : OSI_timer_start: exit
09-16 19:08:41.991  5383  5493 I SecHAL  : nfc_data_callback: !
09-16 19:08:41.991  5383  5493 D NfcAdaptation: NfcAdaptation::HalDeviceContextDataCallback: len=6
09-16 19:08:41.991  5383  5473 I BrcmNfcNfa: NFC received ntf gid:0
09-16 19:08:41.991  5383  5473 I BrcmNfcNfa: nci_proc_core_ntf opcode:0x6
09-16 19:08:41.991  5383  5473 I BrcmNfcNfa: nfc_ncif_send_data :1, num_buff:1 qc:0
09-16 19:08:41.991  5383  5473 I BrcmNfcNfa: NFA got event 0x0703
09-16 19:08:41.991  5383  5473 I BrcmNfcNfa: nfa_ce_handle_event event: NFA_CE_API_CFG_ISODEP_TECH_EVT (0x703), flags: 00000000
09-16 19:08:41.991  5383  5473 I BrcmNfcNfa: NFA got event 0x0701
09-16 19:08:41.991  5383  5473 I BrcmNfcNfa: nfa_ce_handle_event event: NFA_CE_API_REG_LISTEN_EVT (0x701), flags: 00000000
09-16 19:08:41.991  5383  5473 I BrcmNfcNfa: Registering UICC/Felica/Type-4 tag listener. Type=1
09-16 19:08:41.991  5383  5473 I BrcmNfcNfa: NFA_CE: adding listen_info entry 1
09-16 19:08:41.991  5383  5473 I BrcmNfcNfa: CE_T4tRegisterAID (): registering callback for wildcard AID 
09-16 19:08:41.991  5383  5473 I BrcmNfcNfa: CE_T4tRegisterAID (): handle 0x04 registered (for wildcard AID)
09-16 19:08:41.991  5383  5473 I BrcmNfcNfa: nfa_dm_add_rf_discover () disc_mask=0x40000
09-16 19:08:41.991  5383  5473 I BrcmNfcNfa: nfa_ce_api_reg_listen: registered handle 0x0301
09-16 19:08:41.991  5383  5473 D BrcmNfcJni: RoutingManager::stackCallback: event=0x15
09-16 19:08:41.991  5383  5473 D BrcmNfcJni: RoutingManager::stackCallback: NFA_CE_REGISTERED_EVT; status=0x0; h=0x301
09-16 19:08:41.991  5383  5473 I BrcmNfcNfa: NFA got event 0x0115
09-16 19:08:41.991  5383  5473 I BrcmNfcNfa: nfa_dm_evt_hdlr event: NFA_DM_API_REG_NDEF_HDLR_EVT (0x15)
09-16 19:08:41.991  5383  5473 I BrcmNfcNfa: Default NDEF handler successfully registered.
09-16 19:08:41.991  5383  5473 I BrcmNfcNfa: NDEF handler successfully registered. Handle=0x00000200
09-16 19:08:41.991  5383  5473 D BrcmNfcJni: ndefHandlerCallback: event=0, eventData=0x7f92baf320
09-16 19:08:41.991  5383  5473 D BrcmNfcJni: ndefHandlerCallback: NFA_NDEF_REGISTER_EVT; status=0x0; h=0x200
09-16 19:08:41.991  5383  5473 I BrcmNfcNfa: NFA got event 0x0110
09-16 19:08:41.991  5383  5473 I BrcmNfcNfa: nfa_dm_evt_hdlr event: NFA_DM_API_SET_RF_DISC_DURATION_EVT (0x10)
09-16 19:08:41.991  5383  5473 I BrcmNfcNfa: NFA got event 0x0103
09-16 19:08:41.991  5383  5473 I BrcmNfcNfa: nfa_dm_evt_hdlr event: NFA_DM_API_GET_CONFIG_EVT (0x03)
09-16 19:08:41.991  5383  5473 D NfcAdaptation: NfcAdaptation::HalWrite
09-16 19:08:41.991  5383  5473 I SecHAL  : nfc_hal_write: enter;
09-16 19:08:41.991  5383  5473 I SecHAL  : nfc_hal_write: exit;
09-16 19:08:41.991  5383  5493 D SecHAL  : nfc_hal_task: Got a event: HAL_EVT_WRITE(3)
09-16 19:08:41.991  5383  5493 D SecHAL  : nfc_hal_task: current state: SERVICE
09-16 19:08:41.991  5383  5493 I SecHAL  : OSI_timer_start: enter,osi_lock
09-16 19:08:41.991  5383  5493 I SecHAL  : OSI_timer_start: before osi_unlock
09-16 19:08:41.991  5383  5493 I SecHAL  : OSI_timer_start: exit
09-16 19:08:41.991  5383  5493 I SecHAL  : device_write: enter
09-16 19:08:41.991  5383  5493 I SecHAL  : device_write: before system call
09-16 19:08:41.992  5383  5493 I SecHAL  : device_write: after system call
09-16 19:08:41.992  5383  5493 D SecHAL  : data_trace:  Send(  5) 20 03 02   01 52 
09-16 19:08:41.992  5383  5493 I SecHAL  : device_write: exit
09-16 19:08:41.992  5383  5492 D SecHAL  : read_thread: Sent message to HAL message task, remind que: 2
09-16 19:08:41.992  5383  5493 D SecHAL  : nfc_hal_task: Got a event: HAL_EVT_READ(4)
09-16 19:08:41.992  5383  5493 D SecHAL  : nfc_hal_task: current state: SERVICE
09-16 19:08:41.992  5383  5493 D SecHAL  : data_trace:  Recv(  8) 40 03 05   00 01 52 01 01 
09-16 19:08:41.992  5383  5493 I SecHAL  : OSI_timer_start: enter,osi_lock
09-16 19:08:41.992  5383  5493 I SecHAL  : OSI_timer_start: before osi_unlock
09-16 19:08:41.992  5383  5493 I SecHAL  : OSI_timer_start: exit
09-16 19:08:41.992  5383  5493 I SecHAL  : nfc_data_callback: !
09-16 19:08:41.992  5383  5493 D NfcAdaptation: NfcAdaptation::HalDeviceContextDataCallback: len=8
09-16 19:08:41.993  5383  5473 I BrcmNfcNfa: NFC received rsp gid:0
09-16 19:08:41.993  5383  5473 I BrcmNfcNfa: nci_proc_core_rsp opcode:0x3
09-16 19:08:41.993  5383  5473 I BrcmNfcNfa: nfa_dm_nfc_response_cback () NFC_GET_CONFIG_REVT(0x5003)
09-16 19:08:41.993  5383  5473 D BrcmNfcJni: nfaDeviceManagementCallback: enter; event=0x3
09-16 19:08:41.993  5383  5473 D BrcmNfcJni: nfaDeviceManagementCallback: NFA_DM_GET_CONFIG_EVT
09-16 19:08:41.993  5383  5469 D BrcmNfcJni: nfcManager_doInitialize: lfT3tMax=1
09-16 19:08:41.993  5383  5469 I BrcmNfcNfa: NFA_SetConfig (): param_id:0xC5
09-16 19:08:41.993  5383  5473 I BrcmNfcNfa: NFA got event 0x0102
09-16 19:08:41.993  5383  5473 I BrcmNfcNfa: nfa_dm_evt_hdlr event: NFA_DM_API_SET_CONFIG_EVT (0x02)
09-16 19:08:41.993  5383  5473 I BrcmNfcNfa: nfa_dm_check_set_config ()
09-16 19:08:41.993  5383  5473 D NfcAdaptation: NfcAdaptation::HalWrite
09-16 19:08:41.993  5383  5473 I SecHAL  : nfc_hal_write: enter;
09-16 19:08:41.993  5383  5473 I SecHAL  : nfc_hal_write: exit;
09-16 19:08:41.993  5383  5493 D SecHAL  : nfc_hal_task: Got a event: HAL_EVT_WRITE(3)
09-16 19:08:41.993  5383  5493 D SecHAL  : nfc_hal_task: current state: SERVICE
09-16 19:08:41.993  5383  5493 I SecHAL  : OSI_timer_start: enter,osi_lock
09-16 19:08:41.993  5383  5493 I SecHAL  : OSI_timer_start: before osi_unlock
09-16 19:08:41.993  5383  5493 I SecHAL  : OSI_timer_start: exit
09-16 19:08:41.993  5383  5493 I SecHAL  : device_write: enter
09-16 19:08:41.993  5383  5493 I SecHAL  : device_write: before system call
09-16 19:08:41.994  5383  5493 I SecHAL  : device_write: after system call
09-16 19:08:41.994  5383  5493 D SecHAL  : data_trace:  Send(  7) 20 02 04   01 c5 01 01 
09-16 19:08:41.994  5383  5493 I SecHAL  : device_write: exit
09-16 19:08:41.994  5383  5492 D SecHAL  : read_thread: Sent message to HAL message task, remind que: 2
09-16 19:08:41.994  5383  5493 D SecHAL  : nfc_hal_task: Got a event: HAL_EVT_READ(4)
09-16 19:08:41.994  5383  5493 D SecHAL  : nfc_hal_task: current state: SERVICE
09-16 19:08:41.994  5383  5493 D SecHAL  : data_trace:  Recv(  6) 40 02 03   09 01 c5 
09-16 19:08:41.994  5383  5493 I SecHAL  : OSI_timer_start: enter,osi_lock
09-16 19:08:41.994  5383  5493 I SecHAL  : OSI_timer_start: before osi_unlock
09-16 19:08:41.994  5383  5493 I SecHAL  : OSI_timer_start: exit
09-16 19:08:41.994  5383  5493 I SecHAL  : nfc_data_callback: !
09-16 19:08:41.994  5383  5493 D NfcAdaptation: NfcAdaptation::HalDeviceContextDataCallback: len=6
09-16 19:08:41.994  5383  5473 I BrcmNfcNfa: NFC received rsp gid:0
09-16 19:08:41.994  5383  5473 I BrcmNfcNfa: nci_proc_core_rsp opcode:0x2
09-16 19:08:41.994  5383  5473 I BrcmNfcNfa: nfa_dm_nfc_response_cback () NFC_SET_CONFIG_REVT(0x5002)
09-16 19:08:41.994  5383  5473 D BrcmNfcJni: nfaDeviceManagementCallback: enter; event=0x2
09-16 19:08:41.994  5383  5473 D BrcmNfcJni: nfaDeviceManagementCallback: NFA_DM_SET_CONFIG_EVT
09-16 19:08:41.995  5383  5469 D BrcmNfcJni: PowerSwitch::setLevel: level=PS-LOW-POWER (2)
09-16 19:08:41.995  5383  5469 D BrcmNfcJni: PowerSwitch::setLevel: actual power level=PS-FULL
09-16 19:08:41.995  5383  5469 D BrcmNfcJni: nfcManager_doInitialize: exit
09-16 19:08:42.000  5383  5469 D NdefPushServer: start, thread = null
