09-16 22:30:01.889  3587  3587 I PackageManager.DexOptimizer: Running dexopt (dex2oat) on: /system/app/RootPA/RootPA.apk pkg=com.gd.mobicore.pa isa=arm64 vmSafeMode=false debuggable=false target-filter=verify-at-runtime oatDir = null sharedLibraries=null
09-16 22:30:01.905  4037  4037 I dex2oat : /system/bin/dex2oat --compiler-filter=verify-at-runtime
09-16 22:30:01.967  4037  4037 I dex2oat : dex2oat took 62.402ms (threads: 8) arena alloc=0B (0B) java alloc=27KB (28240B) native alloc=1090KB (1117072B) free=1469KB (1504368B)
09-16 22:30:01.970  3587  3587 I PackageManager.DexOptimizer: Running dexopt (dex2oat) on: /system/priv-app/CalendarProvider/CalendarProvider.apk pkg=com.android.providers.calendar isa=arm64 vmSafeMode=false debuggable=false target-filter=verify-at-runtime oatDir = null sharedLibraries=/system/framework/android.test.runner.jar
09-16 22:30:01.986  4046  4046 I dex2oat : /system/bin/dex2oat --compiler-filter=verify-at-runtime
09-16 22:30:02.076  4046  4046 I dex2oat : dex2oat took 90.113ms (threads: 8) arena alloc=0B (0B) java alloc=35KB (36168B) native alloc=1141KB (1169264B) free=1930KB (1976464B)
09-16 22:30:02.078  3587  3587 I PackageManager.DexOptimizer: Running dexopt (dex2oat) on: /system/priv-app/MediaProvider/MediaProvider.apk pkg=com.android.providers.media isa=arm64 vmSafeMode=false debuggable=false target-filter=verify-at-runtime oatDir = null sharedLibraries=null
09-16 22:30:02.094  4055  4055 I dex2oat : /system/bin/dex2oat --compiler-filter=verify-at-runtime
09-16 22:30:02.158  4055  4055 I dex2oat : dex2oat took 63.662ms (threads: 8) arena alloc=0B (0B) java alloc=31KB (32216B) native alloc=1100KB (1126640B) free=1459KB (1494800B)
09-16 22:30:02.160  3587  3587 I PackageManager.DexOptimizer: Running dexopt (dex2oat) on: /system/priv-app/WallpaperCropper/WallpaperCropper.apk pkg=com.android.wallpapercropper isa=arm64 vmSafeMode=false debuggable=false target-filter=verify-at-runtime oatDir = null sharedLibraries=null
09-16 22:30:02.176  4064  4064 I dex2oat : /system/bin/dex2oat --compiler-filter=verify-at-runtime
09-16 22:30:02.251  4064  4064 I dex2oat : dex2oat took 75.739ms (threads: 8) arena alloc=0B (0B) java alloc=31KB (32216B) native alloc=1071KB (1096720B) free=1488KB (1524720B)
09-16 22:30:02.254  3587  3587 I PackageManager.DexOptimizer: Running dexopt (dex2oat) on: /system/priv-app/DocumentsUI/DocumentsUI.apk pkg=com.android.documentsui isa=arm64 vmSafeMode=false debuggable=false target-filter=verify-at-runtime oatDir = null sharedLibraries=null
09-16 22:30:02.270  4073  4073 I dex2oat : /system/bin/dex2oat --compiler-filter=verify-at-runtime
09-16 22:30:02.395  4073  4073 I dex2oat : dex2oat took 125.470ms (threads: 8) arena alloc=0B (0B) java alloc=27KB (28240B) native alloc=510KB (523216B) free=2MB (2622512B)
09-16 22:30:02.397  3587  3587 I PackageManager.DexOptimizer: Running dexopt (dex2oat) on: /system/priv-app/ExternalStorageProvider/ExternalStorageProvider.apk pkg=com.android.externalstorage isa=arm64 vmSafeMode=false debuggable=false target-filter=verify-at-runtime oatDir = null sharedLibraries=null
09-16 22:30:02.413  4082  4082 I dex2oat : /system/bin/dex2oat --compiler-filter=verify-at-runtime
09-16 22:30:02.478  4082  4082 I dex2oat : dex2oat took 65.189ms (threads: 8) arena alloc=0B (0B) java alloc=27KB (28240B) native alloc=1062KB (1087536B) free=1497KB (1533904B)
09-16 22:30:02.480  3587  3587 I PackageManager.DexOptimizer: Running dexopt (dex2oat) on: /system/app/HTMLViewer/HTMLViewer.apk pkg=com.android.htmlviewer isa=arm64 vmSafeMode=false debuggable=false target-filter=verify-at-runtime oatDir = null sharedLibraries=null
09-16 22:30:02.496  4091  4091 I dex2oat : /system/bin/dex2oat --compiler-filter=verify-at-runtime
09-16 22:30:02.557  4091  4091 I dex2oat : dex2oat took 61.759ms (threads: 8) arena alloc=0B (0B) java alloc=27KB (28240B) native alloc=878KB (899248B) free=1169KB (1197904B)
09-16 22:30:02.560  3587  3587 I PackageManager.DexOptimizer: Running dexopt (dex2oat) on: /system/priv-app/DownloadProvider/DownloadProvider.apk pkg=com.android.providers.downloads isa=arm64 vmSafeMode=false debuggable=false target-filter=verify-at-runtime oatDir = null sharedLibraries=null
09-16 22:30:02.575  4100  4100 I dex2oat : /system/bin/dex2oat --compiler-filter=verify-at-runtime
09-16 22:30:02.612  4100  4100 I dex2oat : dex2oat took 37.838ms (threads: 8) arena alloc=0B (0B) java alloc=31KB (32216B) native alloc=1142KB (1170256B) free=1417KB (1451184B)
09-16 22:30:02.615  3587  3587 I PackageManager.DexOptimizer: Running dexopt (dex2oat) on: /system/app/messaging/messaging.apk pkg=com.android.messaging isa=arm64 vmSafeMode=false debuggable=false target-filter=verify-at-runtime oatDir = null sharedLibraries=null
09-16 22:30:02.631  4109  4109 I dex2oat : /system/bin/dex2oat --compiler-filter=verify-at-runtime
09-16 22:30:02.646  3174  3174 D wrapperGPS: wrapperisConnected_RILD
09-16 22:30:02.646  3174  3174 D wrapperGPS: wrapperConnect_RILD
09-16 22:30:02.646  3174  3174 D gpsd    : WakeLock(Release,GPSD)
09-16 22:30:02.840  4109  4109 I dex2oat : dex2oat took 209.785ms (threads: 8) arena alloc=0B (0B) java alloc=27KB (28240B) native alloc=860KB (881336B) free=2MB (2919752B)
09-16 22:30:02.843  3587  3587 I PackageManager.DexOptimizer: Running dexopt (dex2oat) on: /system/app/Terminal/Terminal.apk pkg=com.android.terminal isa=arm64 vmSafeMode=false debuggable=false target-filter=verify-at-runtime oatDir = null sharedLibraries=null
09-16 22:30:02.859  4119  4119 I dex2oat : /system/bin/dex2oat --compiler-filter=verify-at-runtime
09-16 22:30:02.984  4119  4119 I dex2oat : dex2oat took 124.942ms (threads: 8) arena alloc=0B (0B) java alloc=27KB (28240B) native alloc=486KB (498512B) free=2MB (2647216B)
09-16 22:30:02.987  3587  3587 I PackageManager.DexOptimizer: Running dexopt (dex2oat) on: /system/priv-app/AudioFX/AudioFX.apk pkg=org.cyanogenmod.audiofx isa=arm64 vmSafeMode=false debuggable=false target-filter=verify-at-runtime oatDir = null sharedLibraries=null
09-16 22:30:03.002  4128  4128 I dex2oat : /system/bin/dex2oat --compiler-filter=verify-at-runtime
09-16 22:30:03.144  4128  4128 I dex2oat : dex2oat took 142.024ms (threads: 8) arena alloc=0B (0B) java alloc=27KB (28240B) native alloc=474KB (485560B) free=2MB (2660168B)
09-16 22:30:03.147  3587  3587 I PackageManager.DexOptimizer: Running dexopt (dex2oat) on: /system/priv-app/LineageSetupWizard/LineageSetupWizard.apk pkg=com.cyanogenmod.setupwizard isa=arm64 vmSafeMode=false debuggable=false target-filter=verify-at-runtime oatDir = null sharedLibraries=null
09-16 22:30:03.163  4137  4137 I dex2oat : /system/bin/dex2oat --compiler-filter=verify-at-runtime
09-16 22:30:03.247  4137  4137 I dex2oat : dex2oat took 84.314ms (threads: 8) arena alloc=0B (0B) java alloc=31KB (32208B) native alloc=1119KB (1146384B) free=1440KB (1475056B)
09-16 22:30:03.249  3587  3587 I PackageManager.DexOptimizer: Running dexopt (dex2oat) on: /system/app/DownloadProviderUi/DownloadProviderUi.apk pkg=com.android.providers.downloads.ui isa=arm64 vmSafeMode=false debuggable=false target-filter=verify-at-runtime oatDir = null sharedLibraries=null
09-16 22:30:03.264  4146  4146 I dex2oat : /system/bin/dex2oat --compiler-filter=verify-at-runtime
09-16 22:30:03.328  4146  4146 I dex2oat : dex2oat took 64.295ms (threads: 8) arena alloc=0B (0B) java alloc=31KB (32208B) native alloc=860KB (881392B) free=1187KB (1215760B)
09-16 22:30:03.331  3587  3587 I PackageManager.DexOptimizer: Running dexopt (dex2oat) on: /system/app/PacProcessor/PacProcessor.apk pkg=com.android.pacprocessor isa=arm64 vmSafeMode=false debuggable=false target-filter=verify-at-runtime oatDir = null sharedLibraries=null
09-16 22:30:03.346  4155  4155 I dex2oat : /system/bin/dex2oat --compiler-filter=verify-at-runtime
09-16 22:30:03.407  4155  4155 I dex2oat : dex2oat took 61.646ms (threads: 8) arena alloc=0B (0B) java alloc=27KB (28240B) native alloc=858KB (878768B) free=1189KB (1218384B)
09-16 22:30:03.410  3587  3587 I PackageManager.DexOptimizer: Running dexopt (dex2oat) on: /system/app/CertInstaller/CertInstaller.apk pkg=com.android.certinstaller isa=arm64 vmSafeMode=false debuggable=false target-filter=verify-at-runtime oatDir = null sharedLibraries=null
09-16 22:30:03.424  4164  4164 I dex2oat : /system/bin/dex2oat --compiler-filter=verify-at-runtime
09-16 22:30:03.497  4164  4164 I dex2oat : dex2oat took 72.780ms (threads: 8) arena alloc=0B (0B) java alloc=31KB (32216B) native alloc=1006KB (1030256B) free=1553KB (1591184B)
09-16 22:30:03.500  3587  3587 I PackageManager.DexOptimizer: Running dexopt (dex2oat) on: /system/priv-app/CarrierConfig/CarrierConfig.apk pkg=com.android.carrierconfig isa=arm64 vmSafeMode=false debuggable=false target-filter=verify-at-runtime oatDir = null sharedLibraries=null
09-16 22:30:03.514  4173  4173 I dex2oat : /system/bin/dex2oat --compiler-filter=verify-at-runtime
09-16 22:30:03.573  4173  4173 I dex2oat : dex2oat took 59.162ms (threads: 8) arena alloc=0B (0B) java alloc=31KB (32216B) native alloc=858KB (878832B) free=1189KB (1218320B)
09-16 22:30:03.576  3587  3587 I PackageManager.DexOptimizer: Running dexopt (dex2oat) on: /system/priv-app/Contacts/Contacts.apk pkg=com.android.contacts isa=arm64 vmSafeMode=false debuggable=false target-filter=verify-at-runtime oatDir = null sharedLibraries=null
09-16 22:30:03.591  4182  4182 I dex2oat : /system/bin/dex2oat --compiler-filter=verify-at-runtime
09-16 22:30:03.690  4182  4182 I dex2oat : dex2oat took 98.980ms (threads: 8) arena alloc=0B (0B) java alloc=27KB (28240B) native alloc=535KB (548072B) free=2MB (2597656B)
09-16 22:30:03.692  3587  3587 I PackageManager.DexOptimizer: Running dexopt (dex2oat) on: /system/app/Camera2/Camera2.apk pkg=com.android.camera2 isa=arm64 vmSafeMode=false debuggable=false target-filter=verify-at-runtime oatDir = null sharedLibraries=null
09-16 22:30:03.707  4191  4191 I dex2oat : /system/bin/dex2oat --compiler-filter=verify-at-runtime
09-16 22:30:03.815  4191  4191 I dex2oat : dex2oat took 108.036ms (threads: 8) arena alloc=0B (0B) java alloc=27KB (28240B) native alloc=422KB (432824B) free=2MB (2712904B)
09-16 22:30:03.817  3587  3587 I PackageManager.DexOptimizer: Running dexopt (dex2oat) on: /system/priv-app/Recorder/Recorder.apk pkg=org.lineageos.recorder isa=arm64 vmSafeMode=false debuggable=false target-filter=verify-at-runtime oatDir = null sharedLibraries=null
09-16 22:30:03.832  4200  4200 I dex2oat : /system/bin/dex2oat --compiler-filter=verify-at-runtime
09-16 22:30:03.904  4200  4200 I dex2oat : dex2oat took 71.470ms (threads: 8) arena alloc=0B (0B) java alloc=27KB (28240B) native alloc=498KB (510672B) free=2MB (2635056B)
09-16 22:30:03.906  3587  3587 I PackageManager.DexOptimizer: Running dexopt (dex2oat) on: /system/app/EasterEgg/EasterEgg.apk pkg=com.android.egg isa=arm64 vmSafeMode=false debuggable=false target-filter=verify-at-runtime oatDir = null sharedLibraries=null
09-16 22:30:03.921  4209  4209 I dex2oat : /system/bin/dex2oat --compiler-filter=verify-at-runtime
09-16 22:30:03.954  4209  4209 I dex2oat : dex2oat took 33.733ms (threads: 8) arena alloc=0B (0B) java alloc=27KB (28240B) native alloc=1099KB (1125840B) free=1460KB (1495600B)
09-16 22:30:03.957  3587  3587 I PackageManager.DexOptimizer: Running dexopt (dex2oat) on: /system/priv-app/MtpDocumentsProvider/MtpDocumentsProvider.apk pkg=com.android.mtp isa=arm64 vmSafeMode=false debuggable=false target-filter=verify-at-runtime oatDir = null sharedLibraries=null
09-16 22:30:03.971  4218  4218 I dex2oat : /system/bin/dex2oat --compiler-filter=verify-at-runtime
09-16 22:30:03.993  4218  4218 I dex2oat : dex2oat took 21.428ms (threads: 8) arena alloc=0B (0B) java alloc=31KB (32208B) native alloc=1022KB (1047056B) free=1537KB (1574384B)
09-16 22:30:03.995  3587  3587 I PackageManager.DexOptimizer: Running dexopt (dex2oat) on: /system/app/NfcNci/NfcNci.apk pkg=com.android.nfc isa=arm64 vmSafeMode=false debuggable=false target-filter=verify-at-runtime oatDir = null sharedLibraries=null
09-16 22:30:04.009  4227  4227 I dex2oat : /system/bin/dex2oat --compiler-filter=verify-at-runtime
09-16 22:30:04.093  4227  4227 I dex2oat : dex2oat took 84.097ms (threads: 8) arena alloc=0B (0B) java alloc=27KB (28240B) native alloc=504KB (517096B) free=2MB (2628632B)
09-16 22:30:04.096  3587  3587 I PackageManager.DexOptimizer: Running dexopt (dex2oat) on: /system/app/Stk/Stk.apk pkg=com.android.stk isa=arm64 vmSafeMode=false debuggable=false target-filter=verify-at-runtime oatDir = null sharedLibraries=null
09-16 22:30:04.110  4236  4236 I dex2oat : /system/bin/dex2oat --compiler-filter=verify-at-runtime
09-16 22:30:04.133  4236  4236 I dex2oat : dex2oat took 22.450ms (threads: 8) arena alloc=0B (0B) java alloc=27KB (28240B) native alloc=1042KB (1067760B) free=1517KB (1553680B)
09-16 22:30:04.135  3587  3587 I PackageManager.DexOptimizer: Running dexopt (dex2oat) on: /system/priv-app/BackupRestoreConfirmation/BackupRestoreConfirmation.apk pkg=com.android.backupconfirm isa=arm64 vmSafeMode=false debuggable=false target-filter=verify-at-runtime oatDir = null sharedLibraries=null
09-16 22:30:04.150  4245  4245 I dex2oat : /system/bin/dex2oat --compiler-filter=verify-at-runtime
09-16 22:30:04.169  4245  4245 I dex2oat : dex2oat took 19.834ms (threads: 8) arena alloc=0B (0B) java alloc=31KB (32240B) native alloc=858KB (878896B) free=1189KB (1218256B)
09-16 22:30:04.172  3587  3587 I PackageManager.DexOptimizer: Running dexopt (dex2oat) on: /system/app/Profiles/Profiles.apk pkg=org.cyanogenmod.profiles isa=arm64 vmSafeMode=false debuggable=false target-filter=verify-at-runtime oatDir = null sharedLibraries=null
09-16 22:30:04.186  4254  4254 I dex2oat : /system/bin/dex2oat --compiler-filter=verify-at-runtime
09-16 22:30:04.211  4254  4254 I dex2oat : dex2oat took 24.507ms (threads: 8) arena alloc=0B (0B) java alloc=27KB (28240B) native alloc=1130KB (1157296B) free=1429KB (1464144B)
09-16 22:30:04.213  3587  3587 I PackageManager.DexOptimizer: Running dexopt (dex2oat) on: /system/app/LockClock/LockClock.apk pkg=com.cyanogenmod.lockclock isa=arm64 vmSafeMode=false debuggable=false target-filter=verify-at-runtime oatDir = null sharedLibraries=null
09-16 22:30:04.228  4263  4263 I dex2oat : /system/bin/dex2oat --compiler-filter=verify-at-runtime
09-16 22:30:04.256  4263  4263 I dex2oat : dex2oat took 28.973ms (threads: 8) arena alloc=0B (0B) java alloc=27KB (28240B) native alloc=1079KB (1105296B) free=1480KB (1516144B)
09-16 22:30:04.259  3587  3587 I PackageManager.DexOptimizer: Running dexopt (dex2oat) on: /system/priv-app/StatementService/StatementService.apk pkg=com.android.statementservice isa=arm64 vmSafeMode=false debuggable=false target-filter=verify-at-runtime oatDir = null sharedLibraries=null
09-16 22:30:04.273  4272  4272 I dex2oat : /system/bin/dex2oat --compiler-filter=verify-at-runtime
09-16 22:30:04.294  4272  4272 I dex2oat : dex2oat took 21.054ms (threads: 8) arena alloc=0B (0B) java alloc=31KB (32216B) native alloc=1092KB (1118672B) free=1467KB (1502768B)
09-16 22:30:04.296  3587  3587 I PackageManager.DexOptimizer: Running dexopt (dex2oat) on: /system/app/AdvancedDisplay/AdvancedDisplay.apk pkg=com.cyanogenmod.settings.device isa=arm64 vmSafeMode=false debuggable=false target-filter=verify-at-runtime oatDir = null sharedLibraries=null
09-16 22:30:04.311  4281  4281 I dex2oat : /system/bin/dex2oat --compiler-filter=verify-at-runtime
09-16 22:30:04.381  4281  4281 I dex2oat : dex2oat took 69.760ms (threads: 8) arena alloc=0B (0B) java alloc=31KB (32216B) native alloc=497KB (509520B) free=2MB (2636208B)
09-16 22:30:04.383  3587  3587 I PackageManager.DexOptimizer: Running dexopt (dex2oat) on: /system/priv-app/CMAudioService/CMAudioService.apk pkg=org.cyanogenmod.cmaudio.service isa=arm64 vmSafeMode=false debuggable=false target-filter=verify-at-runtime oatDir = null sharedLibraries=null
09-16 22:30:04.398  4290  4290 I dex2oat : /system/bin/dex2oat --compiler-filter=verify-at-runtime
09-16 22:30:04.435  4290  4290 I dex2oat : dex2oat took 37.605ms (threads: 8) arena alloc=0B (0B) java alloc=31KB (32216B) native alloc=1141KB (1168976B) free=1418KB (1452464B)
09-16 22:30:04.438  3587  3587 I PackageManager.DexOptimizer: Running dexopt (dex2oat) on: /system/app/Calendar/Calendar.apk pkg=com.android.calendar isa=arm64 vmSafeMode=false debuggable=false target-filter=verify-at-runtime oatDir = null sharedLibraries=null
09-16 22:30:04.453  4299  4299 I dex2oat : /system/bin/dex2oat --compiler-filter=verify-at-runtime
09-16 22:30:04.510  4299  4299 I dex2oat : dex2oat took 57.501ms (threads: 8) arena alloc=0B (0B) java alloc=27KB (28240B) native alloc=566KB (579664B) free=2MB (2566064B)
09-16 22:30:04.512  3587  3587 I PackageManager.DexOptimizer: Running dexopt (dex2oat) on: /system/priv-app/SharedStorageBackup/SharedStorageBackup.apk pkg=com.android.sharedstoragebackup isa=arm64 vmSafeMode=false debuggable=false target-filter=verify-at-runtime oatDir = null sharedLibraries=null
09-16 22:30:04.527  4308  4308 I dex2oat : /system/bin/dex2oat --compiler-filter=verify-at-runtime
09-16 22:30:04.546  4308  4308 I dex2oat : dex2oat took 19.415ms (threads: 8) arena alloc=0B (0B) java alloc=31KB (32208B) native alloc=858KB (878896B) free=1189KB (1218256B)
09-16 22:30:04.548  3587  3587 I PackageManager.DexOptimizer: Running dexopt (dex2oat) on: /system/app/PrintSpooler/PrintSpooler.apk pkg=com.android.printspooler isa=arm64 vmSafeMode=false debuggable=false target-filter=verify-at-runtime oatDir = null sharedLibraries=null
09-16 22:30:04.563  4317  4317 I dex2oat : /system/bin/dex2oat --compiler-filter=verify-at-runtime
09-16 22:30:04.602  4317  4317 I dex2oat : dex2oat took 39.029ms (threads: 8) arena alloc=0B (0B) java alloc=27KB (28240B) native alloc=1138KB (1165392B) free=1421KB (1456048B)
09-16 22:30:04.604  3587  3587 I PackageManager.DexOptimizer: Running dexopt (dex2oat) on: /system/app/BasicDreams/BasicDreams.apk pkg=com.android.dreams.basic isa=arm64 vmSafeMode=false debuggable=false target-filter=verify-at-runtime oatDir = null sharedLibraries=null
09-16 22:30:04.619  4326  4326 I dex2oat : /system/bin/dex2oat --compiler-filter=verify-at-runtime
09-16 22:30:04.637  4326  4326 I dex2oat : dex2oat took 18.622ms (threads: 8) arena alloc=0B (0B) java alloc=27KB (28240B) native alloc=898KB (919728B) free=1149KB (1177424B)
09-16 22:30:04.639  3587  3587 I PackageManager.DexOptimizer: Running dexopt (dex2oat) on: /system/app/webview/webview.apk pkg=com.android.webview isa=arm vmSafeMode=false debuggable=false target-filter=verify-at-runtime oatDir = null sharedLibraries=null
09-16 22:30:04.654  4335  4335 I dex2oat : /system/bin/dex2oat --compiler-filter=verify-at-runtime
09-16 22:30:04.751  4335  4335 I dex2oat : dex2oat took 96.898ms (threads: 8) arena alloc=0B (0B) java alloc=27KB (28240B) native alloc=385KB (395192B) free=2MB (2750536B)
09-16 22:30:04.753  3587  3587 I PackageManager.DexOptimizer: Running dexopt (dex2oat) on: /system/app/webview/webview.apk pkg=com.android.webview isa=arm64 vmSafeMode=false debuggable=false target-filter=verify-at-runtime oatDir = null sharedLibraries=null
09-16 22:30:04.768  4344  4344 I dex2oat : /system/bin/dex2oat --compiler-filter=verify-at-runtime
09-16 22:30:04.867  4344  4344 I dex2oat : dex2oat took 99.563ms (threads: 8) arena alloc=0B (0B) java alloc=27KB (28240B) native alloc=517KB (530296B) free=2MB (2615432B)
09-16 22:30:04.870  3587  3587 I PackageManager.DexOptimizer: Running dexopt (dex2oat) on: /system/priv-app/CellBroadcastReceiver/CellBroadcastReceiver.apk pkg=com.android.cellbroadcastreceiver isa=arm64 vmSafeMode=false debuggable=false target-filter=verify-at-runtime oatDir = null sharedLibraries=null
09-16 22:30:04.885  4353  4353 I dex2oat : /system/bin/dex2oat --compiler-filter=verify-at-runtime
09-16 22:30:04.909  4353  4353 I dex2oat : dex2oat took 24.006ms (threads: 8) arena alloc=0B (0B) java alloc=27KB (28240B) native alloc=1105KB (1132144B) free=1454KB (1489296B)
09-16 22:30:04.911  3587  3587 I PackageManager.DexOptimizer: Running dexopt (dex2oat) on: /system/priv-app/OneTimeInitializer/OneTimeInitializer.apk pkg=com.android.onetimeinitializer isa=arm64 vmSafeMode=false debuggable=false target-filter=verify-at-runtime oatDir = null sharedLibraries=null
09-16 22:30:04.926  4362  4362 I dex2oat : /system/bin/dex2oat --compiler-filter=verify-at-runtime
09-16 22:30:04.946  4362  4362 I dex2oat : dex2oat took 21.016ms (threads: 8) arena alloc=0B (0B) java alloc=31KB (32208B) native alloc=1018KB (1043184B) free=1541KB (1578256B)
09-16 22:30:04.949  3587  3587 I PackageManager.DexOptimizer: Running dexopt (dex2oat) on: /system/priv-app/CMParts/CMParts.apk pkg=org.cyanogenmod.cmparts isa=arm64 vmSafeMode=false debuggable=false target-filter=verify-at-runtime oatDir = null sharedLibraries=null
09-16 22:30:04.963  4371  4371 I dex2oat : /system/bin/dex2oat --compiler-filter=verify-at-runtime
09-16 22:30:05.046  4371  4371 I dex2oat : dex2oat took 83.345ms (threads: 8) arena alloc=0B (0B) java alloc=27KB (28240B) native alloc=525KB (538056B) free=2MB (2607672B)
09-16 22:30:05.049  3587  3587 I PackageManager.DexOptimizer: Running dexopt (dex2oat) on: /system/app/KeyChain/KeyChain.apk pkg=com.android.keychain isa=arm64 vmSafeMode=false debuggable=false target-filter=verify-at-runtime oatDir = null sharedLibraries=null
09-16 22:30:05.064  4380  4380 I dex2oat : /system/bin/dex2oat --compiler-filter=verify-at-runtime
09-16 22:30:05.084  4380  4380 I dex2oat : dex2oat took 21.007ms (threads: 8) arena alloc=0B (0B) java alloc=27KB (28240B) native alloc=1003KB (1027504B) free=1556KB (1593936B)
09-16 22:30:05.087  3587  3587 I PackageManager.DexOptimizer: Running dexopt (dex2oat) on: /system/app/PrintRecommendationService/PrintRecommendationService.apk pkg=com.android.printservice.recommendation isa=arm64 vmSafeMode=false debuggable=false target-filter=verify-at-runtime oatDir = null sharedLibraries=null
09-16 22:30:05.101  4389  4389 I dex2oat : /system/bin/dex2oat --compiler-filter=verify-at-runtime
09-16 22:30:05.122  4389  4389 I dex2oat : dex2oat took 20.964ms (threads: 8) arena alloc=0B (0B) java alloc=31KB (32240B) native alloc=1057KB (1082672B) free=1502KB (1538768B)
09-16 22:30:05.124  3587  3587 I PackageManager.DexOptimizer: Running dexopt (dex2oat) on: /system/priv-app/Gallery2/Gallery2.apk pkg=com.android.gallery3d isa=arm vmSafeMode=false debuggable=false target-filter=verify-at-runtime oatDir = null sharedLibraries=null
09-16 22:30:05.139  4398  4398 I dex2oat : /system/bin/dex2oat --compiler-filter=verify-at-runtime
09-16 22:30:05.278  4398  4398 I dex2oat : dex2oat took 138.885ms (threads: 8) arena alloc=0B (0B) java alloc=27KB (28240B) native alloc=541KB (554520B) free=2MB (2591208B)
09-16 22:30:05.280  3587  3587 I PackageManager.DexOptimizer: Running dexopt (dex2oat) on: /system/priv-app/Trebuchet/Trebuchet.apk pkg=com.cyanogenmod.trebuchet isa=arm64 vmSafeMode=false debuggable=false target-filter=verify-at-runtime oatDir = null sharedLibraries=null
09-16 22:30:05.295  4407  4407 I dex2oat : /system/bin/dex2oat --compiler-filter=verify-at-runtime
09-16 22:30:05.363  4407  4407 I dex2oat : dex2oat took 68.348ms (threads: 8) arena alloc=0B (0B) java alloc=27KB (28240B) native alloc=558KB (571984B) free=2MB (2573744B)
09-16 22:30:05.365  3587  3587 I PackageManager.DexOptimizer: Running dexopt (dex2oat) on: /system/priv-app/CallLogBackup/CallLogBackup.apk pkg=com.android.calllogbackup isa=arm64 vmSafeMode=false debuggable=false target-filter=verify-at-runtime oatDir = null sharedLibraries=null
09-16 22:30:05.380  4416  4416 I dex2oat : /system/bin/dex2oat --compiler-filter=verify-at-runtime
09-16 22:30:05.400  4416  4416 I dex2oat : dex2oat took 19.764ms (threads: 8) arena alloc=0B (0B) java alloc=31KB (32216B) native alloc=878KB (899312B) free=1169KB (1197840B)
09-16 22:30:05.402  3587  3587 I PackageManager.DexOptimizer: Running dexopt (dex2oat) on: /system/app/PicoTts/PicoTts.apk pkg=com.svox.pico isa=arm64 vmSafeMode=false debuggable=false target-filter=verify-at-runtime oatDir = null sharedLibraries=null
09-16 22:30:05.417  4425  4425 I dex2oat : /system/bin/dex2oat --compiler-filter=verify-at-runtime
09-16 22:30:05.437  4425  4425 I dex2oat : dex2oat took 20.349ms (threads: 8) arena alloc=0B (0B) java alloc=27KB (28240B) native alloc=880KB (901808B) free=1167KB (1195344B)
09-16 22:30:05.439  3587  3587 I PackageManager.DexOptimizer: Running dexopt (dex2oat) on: /system/app/Jelly/Jelly.apk pkg=org.lineageos.jelly isa=arm64 vmSafeMode=false debuggable=false target-filter=verify-at-runtime oatDir = null sharedLibraries=null
09-16 22:30:05.454  4434  4434 I dex2oat : /system/bin/dex2oat --compiler-filter=verify-at-runtime
09-16 22:30:05.523  4434  4434 I dex2oat : dex2oat took 69.893ms (threads: 8) arena alloc=0B (0B) java alloc=27KB (28240B) native alloc=501KB (513040B) free=2MB (2632688B)
09-16 22:30:05.526  3587  3587 I PackageManager.DexOptimizer: Running dexopt (dex2oat) on: /system/priv-app/ManagedProvisioning/ManagedProvisioning.apk pkg=com.android.managedprovisioning isa=arm64 vmSafeMode=false debuggable=false target-filter=verify-at-runtime oatDir = null sharedLibraries=null
09-16 22:30:05.541  4443  4443 I dex2oat : /system/bin/dex2oat --compiler-filter=verify-at-runtime
09-16 22:30:05.566  4443  4443 I dex2oat : dex2oat took 26.105ms (threads: 8) arena alloc=0B (0B) java alloc=31KB (32208B) native alloc=1078KB (1104848B) free=1481KB (1516592B)
09-16 22:30:05.569  3587  3587 I PackageManager.DexOptimizer: Running dexopt (dex2oat) on: /system/app/PhotoTable/PhotoTable.apk pkg=com.android.dreams.phototable isa=arm64 vmSafeMode=false debuggable=false target-filter=verify-at-runtime oatDir = null sharedLibraries=null
09-16 22:30:05.584  4452  4452 I dex2oat : /system/bin/dex2oat --compiler-filter=verify-at-runtime
09-16 22:30:05.606  4452  4452 I dex2oat : dex2oat took 22.847ms (threads: 8) arena alloc=0B (0B) java alloc=27KB (28240B) native alloc=1052KB (1077424B) free=1507KB (1544016B)
09-16 22:30:05.609  3587  3587 I PackageManager.DexOptimizer: Running dexopt (dex2oat) on: /system/app/WAPPushManager/WAPPushManager.apk pkg=com.android.smspush isa=arm64 vmSafeMode=false debuggable=false target-filter=verify-at-runtime oatDir = null sharedLibraries=null
09-16 22:30:05.623  4461  4461 I dex2oat : /system/bin/dex2oat --compiler-filter=verify-at-runtime
09-16 22:30:05.644  4461  4461 I dex2oat : dex2oat took 21.457ms (threads: 8) arena alloc=0B (0B) java alloc=31KB (32216B) native alloc=1030KB (1055472B) free=1529KB (1565968B)
09-16 22:30:05.647  3587  3587 I PackageManager.DexOptimizer: Running dexopt (dex2oat) on: /system/app/LiveWallpapersPicker/LiveWallpapersPicker.apk pkg=com.android.wallpaper.livepicker isa=arm64 vmSafeMode=false debuggable=false target-filter=verify-at-runtime oatDir = null sharedLibraries=null
09-16 22:30:05.662  4470  4470 I dex2oat : /system/bin/dex2oat --compiler-filter=verify-at-runtime
09-16 22:30:05.725  4470  4470 I dex2oat : dex2oat took 63.787ms (threads: 8) arena alloc=0B (0B) java alloc=31KB (32208B) native alloc=521KB (534096B) free=2MB (2611632B)
09-16 22:30:05.728  3587  3587 I PackageManager.DexOptimizer: Running dexopt (dex2oat) on: /system/priv-app/Tag/Tag.apk pkg=com.android.apps.tag isa=arm64 vmSafeMode=false debuggable=false target-filter=verify-at-runtime oatDir = null sharedLibraries=null
09-16 22:30:05.742  4479  4479 I dex2oat : /system/bin/dex2oat --compiler-filter=verify-at-runtime
09-16 22:30:05.778  4479  4479 I dex2oat : dex2oat took 35.477ms (threads: 8) arena alloc=0B (0B) java alloc=27KB (28240B) native alloc=1141KB (1168720B) free=1418KB (1452720B)
09-16 22:30:05.780  3587  3587 I PackageManager.DexOptimizer: Running dexopt (dex2oat) on: /system/priv-app/StorageManager/StorageManager.apk pkg=com.android.storagemanager isa=arm64 vmSafeMode=false debuggable=false target-filter=verify-at-runtime oatDir = null sharedLibraries=null
09-16 22:30:05.795  4488  4488 I dex2oat : /system/bin/dex2oat --compiler-filter=verify-at-runtime
09-16 22:30:05.868  4488  4488 I dex2oat : dex2oat took 73.548ms (threads: 8) arena alloc=0B (0B) java alloc=31KB (32216B) native alloc=500KB (512848B) free=2MB (2632880B)
09-16 22:30:05.871  3587  3587 I PackageManager.DexOptimizer: Running dexopt (dex2oat) on: /system/app/BookmarkProvider/BookmarkProvider.apk pkg=com.android.bookmarkprovider isa=arm64 vmSafeMode=false debuggable=false target-filter=verify-at-runtime oatDir = null sharedLibraries=null
09-16 22:30:05.886  4498  4498 I dex2oat : /system/bin/dex2oat --compiler-filter=verify-at-runtime
09-16 22:30:05.904  4498  4498 I dex2oat : dex2oat took 18.892ms (threads: 8) arena alloc=0B (0B) java alloc=31KB (32216B) native alloc=878KB (899312B) free=1169KB (1197840B)
09-16 22:30:05.906  3587  3587 I PackageManager.DexOptimizer: Running dexopt (dex2oat) on: /system/priv-app/Eleven/Eleven.apk pkg=com.cyanogenmod.eleven isa=arm64 vmSafeMode=false debuggable=false target-filter=verify-at-runtime oatDir = null sharedLibraries=null
09-16 22:30:05.921  4507  4507 I dex2oat : /system/bin/dex2oat --compiler-filter=verify-at-runtime
09-16 22:30:06.131  4507  4507 I dex2oat : dex2oat took 210.120ms (threads: 8) arena alloc=0B (0B) java alloc=27KB (28240B) native alloc=806KB (825736B) free=2MB (2451064B)
09-16 22:30:06.134  3587  3587 I PackageManager.DexOptimizer: Running dexopt (dex2oat) on: /system/app/ExactCalculator/ExactCalculator.apk pkg=com.android.calculator2 isa=arm64 vmSafeMode=false debuggable=false target-filter=verify-at-runtime oatDir = null sharedLibraries=null
09-16 22:30:06.149  4516  4516 I dex2oat : /system/bin/dex2oat --compiler-filter=verify-at-runtime
09-16 22:30:06.226  4516  4516 I dex2oat : dex2oat took 77.817ms (threads: 8) arena alloc=0B (0B) java alloc=31KB (32216B) native alloc=1107KB (1133712B) free=1452KB (1487728B)
09-16 22:30:06.229  3587  3587 I PackageManager.DexOptimizer: Running dexopt (dex2oat) on: /system/priv-app/Updater/Updater.apk pkg=org.lineageos.updater isa=arm64 vmSafeMode=false debuggable=false target-filter=verify-at-runtime oatDir = null sharedLibraries=null
09-16 22:30:06.243  4525  4525 I dex2oat : /system/bin/dex2oat --compiler-filter=verify-at-runtime
09-16 22:30:06.374  4525  4525 I dex2oat : dex2oat took 130.936ms (threads: 8) arena alloc=0B (0B) java alloc=27KB (28240B) native alloc=534KB (546952B) free=2MB (2598776B)
09-16 22:30:06.377  3587  3587 I PackageManager.DexOptimizer: Running dexopt (dex2oat) on: /system/priv-app/VpnDialogs/VpnDialogs.apk pkg=com.android.vpndialogs isa=arm64 vmSafeMode=false debuggable=false target-filter=verify-at-runtime oatDir = null sharedLibraries=null
09-16 22:30:06.391  4534  4534 I dex2oat : /system/bin/dex2oat --compiler-filter=verify-at-runtime
09-16 22:30:06.453  4534  4534 I dex2oat : dex2oat took 62.238ms (threads: 8) arena alloc=0B (0B) java alloc=27KB (28240B) native alloc=858KB (878768B) free=1189KB (1218384B)
09-16 22:30:06.456  3587  3587 I PackageManager.DexOptimizer: Running dexopt (dex2oat) on: /system/app/Email/Email.apk pkg=com.android.email isa=arm64 vmSafeMode=false debuggable=false target-filter=verify-at-runtime oatDir = null sharedLibraries=null
09-16 22:30:06.471  4543  4543 I dex2oat : /system/bin/dex2oat --compiler-filter=verify-at-runtime
09-16 22:30:06.687  4543  4543 I dex2oat : dex2oat took 217.015ms (threads: 8) arena alloc=0B (0B) java alloc=27KB (28240B) native alloc=637KB (653240B) free=2MB (3016776B)
09-16 22:30:06.690  3587  3587 I PackageManager.DexOptimizer: Running dexopt (dex2oat) on: /system/app/WallpaperBackup/WallpaperBackup.apk pkg=com.android.wallpaperbackup isa=arm64 vmSafeMode=false debuggable=false target-filter=verify-at-runtime oatDir = null sharedLibraries=null
09-16 22:30:06.705  4552  4552 I dex2oat : /system/bin/dex2oat --compiler-filter=verify-at-runtime
09-16 22:30:06.765  4552  4552 I dex2oat : dex2oat took 60.487ms (threads: 8) arena alloc=0B (0B) java alloc=31KB (32216B) native alloc=861KB (881904B) free=1186KB (1215248B)
09-16 22:30:06.768  3587  3587 I PackageManager.DexOptimizer: Running dexopt (dex2oat) on: /system/priv-app/BlockedNumberProvider/BlockedNumberProvider.apk pkg=com.android.providers.blockednumber isa=arm64 vmSafeMode=false debuggable=false target-filter=verify-at-runtime oatDir = null sharedLibraries=null
09-16 22:30:06.783  4561  4561 I dex2oat : /system/bin/dex2oat --compiler-filter=verify-at-runtime
09-16 22:30:06.863  4561  4561 I dex2oat : dex2oat took 80.500ms (threads: 8) arena alloc=0B (0B) java alloc=27KB (28240B) native alloc=1094KB (1121104B) free=1465KB (1500336B)
09-16 22:30:06.865  3587  3587 I PackageManager.DexOptimizer: Running dexopt (dex2oat) on: /system/app/UserDictionaryProvider/UserDictionaryProvider.apk pkg=com.android.providers.userdictionary isa=arm64 vmSafeMode=false debuggable=false target-filter=verify-at-runtime oatDir = null sharedLibraries=null
09-16 22:30:06.880  4570  4570 I dex2oat : /system/bin/dex2oat --compiler-filter=verify-at-runtime
09-16 22:30:06.941  4570  4570 I dex2oat : dex2oat took 61.593ms (threads: 8) arena alloc=0B (0B) java alloc=27KB (28240B) native alloc=886KB (907568B) free=1161KB (1189584B)
09-16 22:30:06.944  3587  3587 I PackageManager.DexOptimizer: Running dexopt (dex2oat) on: /system/priv-app/EmergencyInfo/EmergencyInfo.apk pkg=com.android.emergency isa=arm64 vmSafeMode=false debuggable=false target-filter=verify-at-runtime oatDir = null sharedLibraries=null
09-16 22:30:06.959  4579  4579 I dex2oat : /system/bin/dex2oat --compiler-filter=verify-at-runtime
09-16 22:30:07.062  4579  4579 I dex2oat : dex2oat took 103.393ms (threads: 8) arena alloc=0B (0B) java alloc=31KB (32216B) native alloc=684KB (700624B) free=2MB (2445104B)
09-16 22:30:07.065  3587  3587 I PackageManager.DexOptimizer: Running dexopt (dex2oat) on: /system/app/DeskClock/DeskClock.apk pkg=com.android.deskclock isa=arm64 vmSafeMode=false debuggable=false target-filter=verify-at-runtime oatDir = null sharedLibraries=null
09-16 22:30:07.079  4588  4588 I dex2oat : /system/bin/dex2oat --compiler-filter=verify-at-runtime
09-16 22:30:07.216  4588  4588 I dex2oat : dex2oat took 136.973ms (threads: 8) arena alloc=0B (0B) java alloc=27KB (28240B) native alloc=438KB (449368B) free=2MB (2696360B)
09-16 22:30:07.219  3587  3587 I PackageManager.DexOptimizer: Running dexopt (dex2oat) on: /system/app/Exchange2/Exchange2.apk pkg=com.android.exchange isa=arm64 vmSafeMode=false debuggable=false target-filter=verify-at-runtime oatDir = null sharedLibraries=null
09-16 22:30:07.234  4597  4597 I dex2oat : /system/bin/dex2oat --compiler-filter=verify-at-runtime
09-16 22:30:07.410  4597  4597 I dex2oat : dex2oat took 176.704ms (threads: 8) arena alloc=0B (0B) java alloc=27KB (28240B) native alloc=559KB (572968B) free=2MB (2572760B)
09-16 22:30:07.413  3587  3587 I PackageManager.DexOptimizer: Running dexopt (dex2oat) on: /system/app/BluetoothMidiService/BluetoothMidiService.apk pkg=com.android.bluetoothmidiservice isa=arm64 vmSafeMode=false debuggable=false target-filter=verify-at-runtime oatDir = null sharedLibraries=null
09-16 22:30:07.428  4606  4606 I dex2oat : /system/bin/dex2oat --compiler-filter=verify-at-runtime
09-16 22:30:07.488  4606  4606 I dex2oat : dex2oat took 60.896ms (threads: 8) arena alloc=0B (0B) java alloc=31KB (32208B) native alloc=858KB (879088B) free=1189KB (1218064B)
09-16 22:30:07.491  3587  3587 I PackageManager.DexOptimizer: Running dexopt (dex2oat) on: /system/app/Bluetooth/Bluetooth.apk pkg=com.android.bluetooth isa=arm vmSafeMode=false debuggable=false target-filter=verify-at-runtime oatDir = null sharedLibraries=/system/framework/javax.obex.jar
09-16 22:30:07.506  4615  4615 I dex2oat : /system/bin/dex2oat --compiler-filter=verify-at-runtime
09-16 22:30:07.789  4615  4615 I dex2oat : dex2oat took 283.645ms (threads: 8) arena alloc=0B (0B) java alloc=31KB (32240B) native alloc=694KB (711464B) free=2MB (2958552B)
09-16 22:30:07.793  3587  3587 I PackageManager.DexOptimizer: Running dexopt (dex2oat) on: /system/app/Development/Development.apk pkg=com.android.development isa=arm64 vmSafeMode=false debuggable=false target-filter=verify-at-runtime oatDir = null sharedLibraries=/system/framework/android.test.runner.jar
09-16 22:30:07.808  4624  4624 I dex2oat : /system/bin/dex2oat --compiler-filter=verify-at-runtime
09-16 22:30:07.875  4624  4624 I dex2oat : dex2oat took 67.199ms (threads: 8) arena alloc=0B (0B) java alloc=31KB (32192B) native alloc=1072KB (1098128B) free=1487KB (1523312B)
09-16 22:30:07.877  3587  3587 I PackageManager.DexOptimizer: Running dexopt (dex2oat) on: /system/app/WallpaperPicker/WallpaperPicker.apk pkg=com.android.wallpaperpicker isa=arm64 vmSafeMode=false debuggable=false target-filter=verify-at-runtime oatDir = null sharedLibraries=null
09-16 22:30:07.892  4633  4633 I dex2oat : /system/bin/dex2oat --compiler-filter=verify-at-runtime
09-16 22:30:07.959  4633  4633 I dex2oat : dex2oat took 66.897ms (threads: 8) arena alloc=0B (0B) java alloc=31KB (32216B) native alloc=1074KB (1099792B) free=1485KB (1521648B)
09-16 22:30:07.961  3587  3587 I PackageManager.DexOptimizer: Running dexopt (dex2oat) on: /system/priv-app/ContactsProvider/ContactsProvider.apk pkg=com.android.providers.contacts isa=arm64 vmSafeMode=false debuggable=false target-filter=verify-at-runtime oatDir = null sharedLibraries=null
09-16 22:30:07.976  4642  4642 I dex2oat : /system/bin/dex2oat --compiler-filter=verify-at-runtime
09-16 22:30:08.073  4642  4642 I dex2oat : dex2oat took 97.743ms (threads: 8) arena alloc=0B (0B) java alloc=31KB (32216B) native alloc=1133KB (1160656B) free=1938KB (1985072B)
09-16 22:30:08.076  3587  3587 I PackageManager.DexOptimizer: Running dexopt (dex2oat) on: /system/app/CaptivePortalLogin/CaptivePortalLogin.apk pkg=com.android.captiveportallogin isa=arm64 vmSafeMode=false debuggable=false target-filter=verify-at-runtime oatDir = null sharedLibraries=null
09-16 22:30:08.091  4651  4651 I dex2oat : /system/bin/dex2oat --compiler-filter=verify-at-runtime
09-16 22:30:08.153  4651  4651 I dex2oat : dex2oat took 62.261ms (threads: 8) arena alloc=0B (0B) java alloc=31KB (32208B) native alloc=858KB (878832B) free=1189KB (1218320B)
09-16 22:30:08.155  3587  3587 I PackageManager.DexOptimizer: Running dexopt (dex2oat) on: /system/priv-app/WeatherProvider/WeatherProvider.apk pkg=org.cyanogenmod.weather.provider isa=arm64 vmSafeMode=false debuggable=false target-filter=verify-at-runtime oatDir = null sharedLibraries=null
09-16 22:30:08.170  4660  4660 I dex2oat : /system/bin/dex2oat --compiler-filter=verify-at-runtime
09-16 22:30:08.231  4660  4660 I dex2oat : dex2oat took 61.815ms (threads: 8) arena alloc=0B (0B) java alloc=31KB (32216B) native alloc=1070KB (1095920B) free=1489KB (1525520B)
09-16 22:30:08.235  3587  3587 W PackageManager: No disk maintenance in 1505601008235; running immediately
09-16 22:30:08.235  3587  3587 I SystemServer: StartLockSettingsService
09-16 22:30:08.235  3587  4034 I MountService: Running fstrim idle maintenance
09-16 22:30:08.235  3587  3587 I SystemServiceManager: Starting com.android.server.LockSettingsService$Lifecycle
09-16 22:30:08.235  3587  4034 D VoldConnector: SND -> {3 fstrim dotrim}
09-16 22:30:08.237  3587  4035 D VoldConnector: RCV <- {200 3 Command succeeded}
09-16 22:30:08.237  3076  4669 D vold    : Starting trim of /cache
09-16 22:30:08.249  3587  3587 I SystemServiceManager: Starting com.android.server.DeviceIdleController
09-16 22:30:08.253  3587  3587 I SystemServiceManager: Starting com.android.server.devicepolicy.DevicePolicyManagerService$Lifecycle
09-16 22:30:08.256  3587  3587 I SystemServer: StartStatusBarManagerService
09-16 22:30:08.258  3587  3587 I SystemServer: StartClipboardService
09-16 22:30:08.260  3587  3587 I SystemServer: StartNetworkManagementService
09-16 22:30:08.262  3587  4670 I NetworkManagement: onDaemonConnected()
09-16 22:30:08.264  3587  3587 I SystemServiceManager: Starting com.android.server.TextServicesManagerService$Lifecycle
09-16 22:30:08.270  3076  4669 I vold    : Trimmed 507375616 bytes on /cache in 33ms
09-16 22:30:08.270  3076  4669 D vold    : Starting trim of /data
09-16 22:30:08.270  3587  4035 D VoldConnector: RCV <- {662 /cache 507375616 33592731}
09-16 22:30:08.271  3587  3587 I SystemServer: StartNetworkScoreService
09-16 22:30:08.272  3587  3587 I SystemServer: StartNetworkStatsService
09-16 22:30:08.276  3587  3587 I SystemServer: StartNetworkPolicyManagerService
09-16 22:30:08.279  3587  3587 I SystemServer: No Wi-Fi NAN Service (NAN support Not Present)
09-16 22:30:08.280  3587  3587 I SystemServiceManager: Starting com.android.server.wifi.p2p.WifiP2pService
09-16 22:30:08.322  3587  3587 I WifiP2pService: Registering wifip2p
09-16 22:30:08.323  3587  3587 I SystemServiceManager: Starting com.android.server.wifi.WifiService
09-16 22:30:08.373  3587  3587 D WifiStateMachine: fst disabled
09-16 22:30:08.382  3587  3587 D HS20    : Passpoint is enabled, false
09-16 22:30:08.409  3186  3544 D CommandListener: Clearing all IP addresses on wlan0
09-16 22:30:08.610  3587  3587 E WifiLogger: no ring buffers found
09-16 22:30:08.610  3587  3587 E WifiLogger: Failed to start packet fate monitoring
09-16 22:30:08.611  3587  4676 D WifiApConfigStore: 2G band allowed channels are:1,6,11
09-16 22:30:08.615  3587  4676 E WifiApConfigStore: Error reading hotspot configuration java.io.FileNotFoundException: /data/misc/wifi/softap.conf (No such file or directory)
09-16 22:30:08.615  3587  4676 D WifiApConfigStore: Fallback to use default AP configuration
09-16 22:30:08.617  3587  3587 D WifiController: isAirplaneModeOn = false, isWifiEnabled = true, isScanningAvailable = false
09-16 22:30:08.623  3587  3587 E WifiService: ensureConcurrencyFile template file doesnt existjava.io.FileNotFoundException: /etc/wifi/wifi_concurrency_cfg.txt (No such file or directory)
09-16 22:30:08.623  3587  3587 I WifiService: Registering wifi
09-16 22:30:08.624  3587  3587 I SystemServiceManager: Starting com.android.server.wifi.scanner.WifiScanningService
09-16 22:30:08.624  3587  3587 I WifiScanningService: Creating wifiscanner
09-16 22:30:08.626  3587  3587 I WifiScanningService: Publishing wifiscanner
09-16 22:30:08.627  3587  3587 I SystemServiceManager: Starting com.android.server.wifi.RttService
09-16 22:30:08.627  3587  3587 I RttService: Creating rttmanager
09-16 22:30:08.628  3587  3587 I RttService: Starting rttmanager
09-16 22:30:08.629  3587  3587 I SystemServiceManager: Starting com.android.server.ethernet.EthernetService
09-16 22:30:08.629  3587  3587 I EthernetServiceImpl: Creating EthernetConfigStore
09-16 22:30:08.629  3587  3587 E IpConfigStore: Error parsing configuration: java.io.FileNotFoundException: /data/misc/ethernet/ipconfig.txt (No such file or directory)
09-16 22:30:08.629  3587  3587 W EthernetConfigStore: No Ethernet configuration found. Using default.
09-16 22:30:08.630  3587  3587 I EthernetServiceImpl: Read stored IP configuration: IP assignment: DHCP
09-16 22:30:08.630  3587  3587 I EthernetServiceImpl: Proxy settings: NONE
09-16 22:30:08.630  3587  3587 I EthernetService: Registering service ethernet
09-16 22:30:08.630  3587  3587 I SystemServer: StartConnectivityService
09-16 22:30:08.641  3587  3587 D ConnectivityService: ConnectivityService starting up
09-16 22:30:08.646  3587  3587 D ConnectivityService: wifiOnly=false
09-16 22:30:08.663  3587  3587 I SystemServer: StartNsdService
09-16 22:30:08.665  3587  3587 I SystemServer: StartUpdateLockService
09-16 22:30:08.667  3587  3587 I SystemServiceManager: Starting com.android.server.RecoverySystemService
09-16 22:30:08.668  3587  3587 I SystemServiceManager: Starting com.android.server.notification.NotificationManagerService
09-16 22:30:08.681  3587  3587 D ConditionProviders.SCP: new ScheduleConditionProvider()
09-16 22:30:08.708  3587  3587 D ZenLog  : set_zen_mode: off,init
09-16 22:30:08.721  3587  3587 I SystemServiceManager: Starting com.android.server.storage.DeviceStorageMonitorService
09-16 22:30:08.723  3587  3587 I SystemServer: StartLocationManagerService
09-16 22:30:08.725  3587  3587 I SystemServer: StartCountryDetectorService
09-16 22:30:08.726  3587  3587 I SystemServer: StartSearchManagerService
09-16 22:30:08.726  3587  3587 I SystemServiceManager: Starting com.android.server.search.SearchManagerService$Lifecycle
09-16 22:30:08.728  3587  3587 I SystemServiceManager: Starting com.android.server.DropBoxManagerService
09-16 22:30:08.730  3587  3587 I SystemServer: StartWallpaperManagerService
09-16 22:30:08.730  3587  3587 I SystemServiceManager: Starting com.android.server.wallpaper.WallpaperManagerService$Lifecycle
09-16 22:30:08.733  3587  3587 E BitmapFactory: Unable to decode stream: java.io.FileNotFoundException: /data/system/users/0/wallpaper_orig (No such file or directory)
09-16 22:30:08.733  3587  3587 E WallpaperManagerService: Invalid wallpaper data
09-16 22:30:08.733  3587  3587 E WallpaperManagerService: Unable to apply new wallpaper
09-16 22:30:08.733  3587  3587 W WallpaperManagerService: no current wallpaper -- first boot?
09-16 22:30:08.734  3587  3587 I SystemServer: StartAudioService
09-16 22:30:08.734  3587  3587 I SystemServiceManager: Starting com.android.server.audio.AudioService$Lifecycle
09-16 22:30:08.738  3178  3398 D PermissionCache: checking android.permission.MODIFY_AUDIO_SETTINGS for uid=1000 => granted (645 us)
09-16 22:30:08.738  3178  3398 I APM_AudioPolicyManager: setForceUse() usage 4, config 0, mPhoneState 0
09-16 22:30:08.738  3178  3398 W APM_AudioPolicyManager: setForceUse() usage 4, config 0 is Already setted
09-16 22:30:08.740  3587  3587 W TelecomManager: Telecom Service not found.
09-16 22:30:08.741  3178  3178 I APM_AudioPolicyManager: setForceUse() usage 3, config 8, mPhoneState 0
09-16 22:30:08.741  3178  3398 I APM_AudioPolicyManager: setForceUse() usage 6, config 0, mPhoneState 0
09-16 22:30:08.741  3178  3398 W APM_AudioPolicyManager: setForceUse() usage 6, config 0 is Already setted
09-16 22:30:08.744  3178  3388 W AudioFlinger: no wake lock to update, system not ready yet
09-16 22:30:08.744  3178  3385 W AudioFlinger: no wake lock to update, system not ready yet
09-16 22:30:08.779  3587  3587 I SystemServiceManager: Starting com.android.server.DockObserver
09-16 22:30:08.781  3587  3587 I SystemServer: StartWiredAccessoryManager
09-16 22:30:08.782  3587  3587 W WiredAccessoryManager: This kernel does not have usb audio support
09-16 22:30:08.783  3587  3587 I SystemServiceManager: Starting com.android.server.usb.UsbService$Lifecycle
09-16 22:30:08.787  3587  3587 E UsbDeviceManager: failed to write to /sys/class/android_usb/android0/f_rndis/ethaddr
