09-15 22:52:20.736  3653  3653 I chatty  : uid=1000 system_server expire 126 lines
09-15 22:52:20.752  4142  4142 I dex2oat : /system/bin/dex2oat --compiler-filter=verify-at-runtime
09-15 22:52:20.816  4142  4142 I dex2oat : dex2oat took 63.858ms (threads: 8) arena alloc=0B (0B) java alloc=27KB (28240B) native alloc=1061KB (1087184B) free=1498KB (1534256B)
09-15 22:52:20.834  4151  4151 I dex2oat : /system/bin/dex2oat --compiler-filter=verify-at-runtime
09-15 22:52:20.853  4151  4151 I dex2oat : dex2oat took 19.657ms (threads: 8) arena alloc=0B (0B) java alloc=27KB (28240B) native alloc=878KB (899472B) free=1169KB (1197680B)
09-15 22:52:20.871  4160  4160 I dex2oat : /system/bin/dex2oat --compiler-filter=verify-at-runtime
09-15 22:52:20.909  4160  4160 I dex2oat : dex2oat took 38.314ms (threads: 8) arena alloc=0B (0B) java alloc=31KB (32216B) native alloc=1142KB (1170160B) free=1417KB (1451280B)
09-15 22:52:20.927  4169  4169 I dex2oat : /system/bin/dex2oat --compiler-filter=verify-at-runtime
09-15 22:52:21.135  4169  4169 I dex2oat : dex2oat took 208.293ms (threads: 8) arena alloc=0B (0B) java alloc=27KB (28240B) native alloc=860KB (881264B) free=2MB (2919824B)
09-15 22:52:21.154  4178  4178 I dex2oat : /system/bin/dex2oat --compiler-filter=verify-at-runtime
09-15 22:52:21.272  4178  4178 I dex2oat : dex2oat took 118.191ms (threads: 8) arena alloc=0B (0B) java alloc=27KB (28240B) native alloc=487KB (498736B) free=2MB (2646992B)
09-15 22:52:21.290  4187  4187 I dex2oat : /system/bin/dex2oat --compiler-filter=verify-at-runtime
09-15 22:52:21.430  4187  4187 I dex2oat : dex2oat took 140.588ms (threads: 8) arena alloc=0B (0B) java alloc=27KB (28240B) native alloc=474KB (485504B) free=2MB (2660224B)
09-15 22:52:21.449  4196  4196 I dex2oat : /system/bin/dex2oat --compiler-filter=verify-at-runtime
09-15 22:52:21.527  4196  4196 I dex2oat : dex2oat took 78.736ms (threads: 8) arena alloc=0B (0B) java alloc=31KB (32208B) native alloc=1119KB (1146288B) free=1440KB (1475152B)
09-15 22:52:21.544  4205  4205 I dex2oat : /system/bin/dex2oat --compiler-filter=verify-at-runtime
09-15 22:52:21.605  4205  4205 I dex2oat : dex2oat took 60.871ms (threads: 8) arena alloc=0B (0B) java alloc=31KB (32208B) native alloc=860KB (881296B) free=1187KB (1215856B)
09-15 22:52:21.622  4214  4214 I dex2oat : /system/bin/dex2oat --compiler-filter=verify-at-runtime
09-15 22:52:21.683  4214  4214 I dex2oat : dex2oat took 61.519ms (threads: 8) arena alloc=0B (0B) java alloc=27KB (28240B) native alloc=858KB (878992B) free=1189KB (1218160B)
09-15 22:52:21.700  4223  4223 I dex2oat : /system/bin/dex2oat --compiler-filter=verify-at-runtime
09-15 22:52:21.771  4223  4223 I dex2oat : dex2oat took 71.348ms (threads: 8) arena alloc=0B (0B) java alloc=31KB (32216B) native alloc=1006KB (1030480B) free=1553KB (1590960B)
09-15 22:52:21.788  4232  4232 I dex2oat : /system/bin/dex2oat --compiler-filter=verify-at-runtime
09-15 22:52:21.851  4232  4232 I dex2oat : dex2oat took 63.148ms (threads: 8) arena alloc=0B (0B) java alloc=31KB (32216B) native alloc=858KB (878736B) free=1189KB (1218416B)
09-15 22:52:21.869  4241  4241 I dex2oat : /system/bin/dex2oat --compiler-filter=verify-at-runtime
09-15 22:52:21.970  4241  4241 I dex2oat : dex2oat took 100.896ms (threads: 8) arena alloc=0B (0B) java alloc=27KB (28240B) native alloc=535KB (548016B) free=2MB (2597712B)
09-15 22:52:21.988  4250  4250 I dex2oat : /system/bin/dex2oat --compiler-filter=verify-at-runtime
09-15 22:52:22.093  4250  4250 I dex2oat : dex2oat took 106.287ms (threads: 8) arena alloc=0B (0B) java alloc=27KB (28240B) native alloc=422KB (432816B) free=2MB (2712912B)
09-15 22:52:22.111  4259  4259 I dex2oat : /system/bin/dex2oat --compiler-filter=verify-at-runtime
09-15 22:52:22.182  4259  4259 I dex2oat : dex2oat took 71.459ms (threads: 8) arena alloc=0B (0B) java alloc=27KB (28240B) native alloc=498KB (510896B) free=2MB (2634832B)
09-15 22:52:22.199  4268  4268 I dex2oat : /system/bin/dex2oat --compiler-filter=verify-at-runtime
09-15 22:52:22.230  4268  4268 I dex2oat : dex2oat took 31.119ms (threads: 8) arena alloc=0B (0B) java alloc=27KB (28240B) native alloc=1099KB (1126064B) free=1460KB (1495376B)
09-15 22:52:22.247  4277  4277 I dex2oat : /system/bin/dex2oat --compiler-filter=verify-at-runtime
09-15 22:52:22.268  4277  4277 I dex2oat : dex2oat took 21.171ms (threads: 8) arena alloc=0B (0B) java alloc=31KB (32208B) native alloc=1022KB (1047280B) free=1537KB (1574160B)
09-15 22:52:22.285  4286  4286 I dex2oat : /system/bin/dex2oat --compiler-filter=verify-at-runtime
09-15 22:52:22.370  4286  4286 I dex2oat : dex2oat took 85.639ms (threads: 8) arena alloc=0B (0B) java alloc=27KB (28240B) native alloc=517KB (529744B) free=2MB (2615984B)
09-15 22:52:22.388  4295  4295 I dex2oat : /system/bin/dex2oat --compiler-filter=verify-at-runtime
09-15 22:52:22.418  4295  4295 I dex2oat : dex2oat took 30.346ms (threads: 8) arena alloc=0B (0B) java alloc=27KB (28240B) native alloc=1042KB (1067664B) free=1517KB (1553776B)
09-15 22:52:22.435  4304  4304 I dex2oat : /system/bin/dex2oat --compiler-filter=verify-at-runtime
09-15 22:52:22.455  4304  4304 I dex2oat : dex2oat took 20.341ms (threads: 8) arena alloc=0B (0B) java alloc=31KB (32240B) native alloc=858KB (878800B) free=1189KB (1218352B)
09-15 22:52:22.472  4313  4313 I dex2oat : /system/bin/dex2oat --compiler-filter=verify-at-runtime
09-15 22:52:22.498  4313  4313 I dex2oat : dex2oat took 25.891ms (threads: 8) arena alloc=0B (0B) java alloc=27KB (28240B) native alloc=1130KB (1157520B) free=1429KB (1463920B)
09-15 22:52:22.515  4322  4322 I dex2oat : /system/bin/dex2oat --compiler-filter=verify-at-runtime
09-15 22:52:22.542  4322  4322 I dex2oat : dex2oat took 27.333ms (threads: 8) arena alloc=0B (0B) java alloc=27KB (28240B) native alloc=1079KB (1105520B) free=1480KB (1515920B)
09-15 22:52:22.559  4331  4331 I dex2oat : /system/bin/dex2oat --compiler-filter=verify-at-runtime
09-15 22:52:22.581  4331  4331 I dex2oat : dex2oat took 22.511ms (threads: 8) arena alloc=0B (0B) java alloc=31KB (32216B) native alloc=1092KB (1118896B) free=1467KB (1502544B)
09-15 22:52:22.598  4340  4340 I dex2oat : /system/bin/dex2oat --compiler-filter=verify-at-runtime
09-15 22:52:22.667  4340  4340 I dex2oat : dex2oat took 68.802ms (threads: 8) arena alloc=0B (0B) java alloc=31KB (32216B) native alloc=497KB (509424B) free=2MB (2636304B)
09-15 22:52:22.684  4349  4349 I dex2oat : /system/bin/dex2oat --compiler-filter=verify-at-runtime
09-15 22:52:22.722  4349  4349 I dex2oat : dex2oat took 37.646ms (threads: 8) arena alloc=0B (0B) java alloc=31KB (32216B) native alloc=1141KB (1168880B) free=1418KB (1452560B)
09-15 22:52:22.739  4358  4358 I dex2oat : /system/bin/dex2oat --compiler-filter=verify-at-runtime
09-15 22:52:22.797  4358  4358 I dex2oat : dex2oat took 58.592ms (threads: 8) arena alloc=0B (0B) java alloc=27KB (28240B) native alloc=566KB (579888B) free=2MB (2565840B)
09-15 22:52:22.814  4367  4367 I dex2oat : /system/bin/dex2oat --compiler-filter=verify-at-runtime
09-15 22:52:22.834  4367  4367 I dex2oat : dex2oat took 19.807ms (threads: 8) arena alloc=0B (0B) java alloc=31KB (32208B) native alloc=858KB (878800B) free=1189KB (1218352B)
09-15 22:52:22.851  4376  4376 I dex2oat : /system/bin/dex2oat --compiler-filter=verify-at-runtime
09-15 22:52:22.890  4376  4376 I dex2oat : dex2oat took 39.654ms (threads: 8) arena alloc=0B (0B) java alloc=27KB (28240B) native alloc=1138KB (1165616B) free=1421KB (1455824B)
09-15 22:52:22.908  4385  4385 I dex2oat : /system/bin/dex2oat --compiler-filter=verify-at-runtime
09-15 22:52:22.926  4385  4385 I dex2oat : dex2oat took 18.541ms (threads: 8) arena alloc=0B (0B) java alloc=27KB (28240B) native alloc=898KB (919952B) free=1149KB (1177200B)
09-15 22:52:22.943  4394  4394 I dex2oat : /system/bin/dex2oat --compiler-filter=verify-at-runtime
09-15 22:52:23.038  4394  4394 I dex2oat : dex2oat took 95.735ms (threads: 8) arena alloc=0B (0B) java alloc=27KB (28240B) native alloc=386KB (395312B) free=2MB (2750416B)
09-15 22:52:23.056  4403  4403 I dex2oat : /system/bin/dex2oat --compiler-filter=verify-at-runtime
09-15 22:52:23.153  4403  4403 I dex2oat : dex2oat took 98.102ms (threads: 8) arena alloc=0B (0B) java alloc=27KB (28240B) native alloc=517KB (530416B) free=2MB (2615312B)
09-15 22:52:23.171  4412  4412 I dex2oat : /system/bin/dex2oat --compiler-filter=verify-at-runtime
09-15 22:52:23.196  4412  4412 I dex2oat : dex2oat took 25.304ms (threads: 8) arena alloc=0B (0B) java alloc=27KB (28240B) native alloc=1105KB (1132048B) free=1454KB (1489392B)
09-15 22:52:23.213  4421  4421 I dex2oat : /system/bin/dex2oat --compiler-filter=verify-at-runtime
09-15 22:52:23.233  4421  4421 I dex2oat : dex2oat took 20.277ms (threads: 8) arena alloc=0B (0B) java alloc=31KB (32208B) native alloc=1018KB (1043088B) free=1541KB (1578352B)
09-15 22:52:23.250  4430  4430 I dex2oat : /system/bin/dex2oat --compiler-filter=verify-at-runtime
09-15 22:52:23.335  4430  4430 I dex2oat : dex2oat took 85.554ms (threads: 8) arena alloc=0B (0B) java alloc=27KB (28240B) native alloc=525KB (538368B) free=2MB (2607360B)
09-15 22:52:23.353  4439  4439 I dex2oat : /system/bin/dex2oat --compiler-filter=verify-at-runtime
09-15 22:52:23.374  4439  4439 I dex2oat : dex2oat took 22.036ms (threads: 8) arena alloc=0B (0B) java alloc=27KB (28240B) native alloc=1003KB (1027472B) free=1556KB (1593968B)
09-15 22:52:23.391  4448  4448 I dex2oat : /system/bin/dex2oat --compiler-filter=verify-at-runtime
09-15 22:52:23.411  4448  4448 I dex2oat : dex2oat took 20.256ms (threads: 8) arena alloc=0B (0B) java alloc=31KB (32240B) native alloc=1057KB (1082576B) free=1502KB (1538864B)
09-15 22:52:23.428  4457  4457 I dex2oat : /system/bin/dex2oat --compiler-filter=verify-at-runtime
09-15 22:52:23.568  4457  4457 I dex2oat : dex2oat took 140.034ms (threads: 8) arena alloc=0B (0B) java alloc=27KB (28240B) native alloc=541KB (554480B) free=2MB (2591248B)
09-15 22:52:23.586  4466  4466 I dex2oat : /system/bin/dex2oat --compiler-filter=verify-at-runtime
09-15 22:52:23.654  4466  4466 I dex2oat : dex2oat took 68.755ms (threads: 8) arena alloc=0B (0B) java alloc=27KB (28240B) native alloc=558KB (572208B) free=2MB (2573520B)
09-15 22:52:23.671  4475  4475 I dex2oat : /system/bin/dex2oat --compiler-filter=verify-at-runtime
09-15 22:52:23.690  4475  4475 I dex2oat : dex2oat took 19.147ms (threads: 8) arena alloc=0B (0B) java alloc=31KB (32216B) native alloc=878KB (899216B) free=1169KB (1197936B)
09-15 22:52:23.707  4484  4484 I dex2oat : /system/bin/dex2oat --compiler-filter=verify-at-runtime
09-15 22:52:23.728  4484  4484 I dex2oat : dex2oat took 21.160ms (threads: 8) arena alloc=0B (0B) java alloc=27KB (28240B) native alloc=880KB (902032B) free=1167KB (1195120B)
09-15 22:52:23.745  4493  4493 I dex2oat : /system/bin/dex2oat --compiler-filter=verify-at-runtime
09-15 22:52:23.813  4493  4493 I dex2oat : dex2oat took 68.465ms (threads: 8) arena alloc=0B (0B) java alloc=27KB (28240B) native alloc=500KB (512944B) free=2MB (2632784B)
09-15 22:52:23.830  4502  4502 I dex2oat : /system/bin/dex2oat --compiler-filter=verify-at-runtime
09-15 22:52:23.859  4502  4502 I dex2oat : dex2oat took 28.934ms (threads: 8) arena alloc=0B (0B) java alloc=31KB (32208B) native alloc=1078KB (1104752B) free=1481KB (1516688B)
09-15 22:52:23.876  4511  4511 I dex2oat : /system/bin/dex2oat --compiler-filter=verify-at-runtime
09-15 22:52:23.898  4511  4511 I dex2oat : dex2oat took 21.630ms (threads: 8) arena alloc=0B (0B) java alloc=27KB (28240B) native alloc=1052KB (1077648B) free=1507KB (1543792B)
09-15 22:52:23.915  4520  4520 I dex2oat : /system/bin/dex2oat --compiler-filter=verify-at-runtime
09-15 22:52:23.934  4520  4520 I dex2oat : dex2oat took 20.178ms (threads: 8) arena alloc=0B (0B) java alloc=31KB (32216B) native alloc=1030KB (1055376B) free=1529KB (1566064B)
09-15 22:52:23.952  4529  4529 I dex2oat : /system/bin/dex2oat --compiler-filter=verify-at-runtime
09-15 22:52:24.016  4529  4529 I dex2oat : dex2oat took 65.033ms (threads: 8) arena alloc=0B (0B) java alloc=31KB (32208B) native alloc=521KB (534000B) free=2MB (2611728B)
09-15 22:52:24.034  4538  4538 I dex2oat : /system/bin/dex2oat --compiler-filter=verify-at-runtime
09-15 22:52:24.069  4538  4538 I dex2oat : dex2oat took 35.904ms (threads: 8) arena alloc=0B (0B) java alloc=27KB (28240B) native alloc=1141KB (1168944B) free=1418KB (1452496B)
09-15 22:52:24.087  4547  4547 I dex2oat : /system/bin/dex2oat --compiler-filter=verify-at-runtime
09-15 22:52:24.162  4547  4547 I dex2oat : dex2oat took 76.066ms (threads: 8) arena alloc=0B (0B) java alloc=31KB (32216B) native alloc=500KB (512752B) free=2MB (2632976B)
09-15 22:52:24.180  4556  4556 I dex2oat : /system/bin/dex2oat --compiler-filter=verify-at-runtime
09-15 22:52:24.199  4556  4556 I dex2oat : dex2oat took 19.557ms (threads: 8) arena alloc=0B (0B) java alloc=31KB (32216B) native alloc=878KB (899216B) free=1169KB (1197936B)
09-15 22:52:24.216  4565  4565 I dex2oat : /system/bin/dex2oat --compiler-filter=verify-at-runtime
09-15 22:52:24.426  4565  4565 I dex2oat : dex2oat took 210.438ms (threads: 8) arena alloc=0B (0B) java alloc=27KB (28240B) native alloc=806KB (825792B) free=2MB (2451008B)
09-15 22:52:24.444  4574  4574 I dex2oat : /system/bin/dex2oat --compiler-filter=verify-at-runtime
09-15 22:52:24.521  4574  4574 I dex2oat : dex2oat took 76.953ms (threads: 8) arena alloc=0B (0B) java alloc=31KB (32216B) native alloc=1107KB (1133616B) free=1452KB (1487824B)
09-15 22:52:24.538  4583  4583 I dex2oat : /system/bin/dex2oat --compiler-filter=verify-at-runtime
09-15 22:52:24.672  4583  4583 I dex2oat : dex2oat took 133.633ms (threads: 8) arena alloc=0B (0B) java alloc=27KB (28240B) native alloc=534KB (547184B) free=2MB (2598544B)
09-15 22:52:24.689  4592  4592 I dex2oat : /system/bin/dex2oat --compiler-filter=verify-at-runtime
09-15 22:52:24.750  4592  4592 I dex2oat : dex2oat took 60.612ms (threads: 8) arena alloc=0B (0B) java alloc=27KB (28240B) native alloc=858KB (878992B) free=1189KB (1218160B)
09-15 22:52:24.767  4601  4601 I dex2oat : /system/bin/dex2oat --compiler-filter=verify-at-runtime
09-15 22:52:24.988  4601  4601 I dex2oat : dex2oat took 221.137ms (threads: 8) arena alloc=0B (0B) java alloc=27KB (28240B) native alloc=637KB (653120B) free=2MB (3016896B)
09-15 22:52:25.007  4611  4611 I dex2oat : /system/bin/dex2oat --compiler-filter=verify-at-runtime
09-15 22:52:25.094  4611  4611 I dex2oat : dex2oat took 87.777ms (threads: 8) arena alloc=0B (0B) java alloc=27KB (28240B) native alloc=1136KB (1164272B) free=1423KB (1457168B)
09-15 22:52:25.111  4620  4620 I dex2oat : /system/bin/dex2oat --compiler-filter=verify-at-runtime
09-15 22:52:25.173  4620  4620 I dex2oat : dex2oat took 62.313ms (threads: 8) arena alloc=0B (0B) java alloc=31KB (32216B) native alloc=861KB (881808B) free=1186KB (1215344B)
09-15 22:52:25.190  4629  4629 I dex2oat : /system/bin/dex2oat --compiler-filter=verify-at-runtime
09-15 22:52:25.272  4629  4629 I dex2oat : dex2oat took 82.298ms (threads: 8) arena alloc=0B (0B) java alloc=27KB (28240B) native alloc=1094KB (1121008B) free=1465KB (1500432B)
09-15 22:52:25.290  4638  4638 I dex2oat : /system/bin/dex2oat --compiler-filter=verify-at-runtime
09-15 22:52:25.353  4638  4638 I dex2oat : dex2oat took 63.824ms (threads: 8) arena alloc=0B (0B) java alloc=27KB (28240B) native alloc=886KB (907472B) free=1161KB (1189680B)
09-15 22:52:25.370  4647  4647 I dex2oat : /system/bin/dex2oat --compiler-filter=verify-at-runtime
09-15 22:52:25.469  4647  4647 I dex2oat : dex2oat took 99.029ms (threads: 8) arena alloc=0B (0B) java alloc=31KB (32216B) native alloc=684KB (700528B) free=2MB (2445200B)
09-15 22:52:25.488  4656  4656 I dex2oat : /system/bin/dex2oat --compiler-filter=verify-at-runtime
09-15 22:52:25.625  4656  4656 I dex2oat : dex2oat took 137.073ms (threads: 8) arena alloc=0B (0B) java alloc=27KB (28240B) native alloc=438KB (449360B) free=2MB (2696368B)
09-15 22:52:25.642  4665  4665 I dex2oat : /system/bin/dex2oat --compiler-filter=verify-at-runtime
09-15 22:52:25.774  4665  4665 I dex2oat : dex2oat took 131.730ms (threads: 8) arena alloc=0B (0B) java alloc=27KB (28240B) native alloc=587KB (601584B) free=2MB (2544144B)
09-15 22:52:25.791  4674  4674 I dex2oat : /system/bin/dex2oat --compiler-filter=verify-at-runtime
09-15 22:52:25.811  4674  4674 I dex2oat : dex2oat took 20.622ms (threads: 8) arena alloc=0B (0B) java alloc=31KB (32208B) native alloc=858KB (878736B) free=1189KB (1218416B)
09-15 22:52:25.828  4683  4683 I dex2oat : /system/bin/dex2oat --compiler-filter=verify-at-runtime
09-15 22:52:26.111  4683  4683 I dex2oat : dex2oat took 282.806ms (threads: 8) arena alloc=0B (0B) java alloc=31KB (32240B) native alloc=694KB (711168B) free=2MB (2958848B)
09-15 22:52:26.129  4692  4692 I dex2oat : /system/bin/dex2oat --compiler-filter=verify-at-runtime
09-15 22:52:26.197  4692  4692 I dex2oat : dex2oat took 68.239ms (threads: 8) arena alloc=0B (0B) java alloc=31KB (32192B) native alloc=1072KB (1098128B) free=1487KB (1523312B)
09-15 22:52:26.214  4701  4701 I dex2oat : /system/bin/dex2oat --compiler-filter=verify-at-runtime
09-15 22:52:26.281  4701  4701 I dex2oat : dex2oat took 67.617ms (threads: 8) arena alloc=0B (0B) java alloc=31KB (32216B) native alloc=1073KB (1099696B) free=1486KB (1521744B)
09-15 22:52:26.298  4710  4710 I dex2oat : /system/bin/dex2oat --compiler-filter=verify-at-runtime
09-15 22:52:26.363  3269  3269 D gpsd    : WakeLock(Acquire,GPSD)
09-15 22:52:26.363  3269  3269 D gpsd    : WakeLock(Release,GPSD)
09-15 22:52:26.363  3269  3269 D gpsd    : WakeLock(Acquire,GPSD)
09-15 22:52:26.363  3269  3269 D gpsd    : WakeLock(Release,GPSD)
09-15 22:52:26.379  4720  4720 V lhd     : GlLhdInterface::Init(/system/etc/lhd.conf)
09-15 22:52:26.379  4720  4720 E lhd     : SetCfgValue: Critical Error. Unknown configuration parameter "FlpName"="tcp"
09-15 22:52:26.379  4720  4720 V lhd     : SetCfgValue: LHD config "LheSerialControl"="BBD:Serial=TTY"
09-15 22:52:26.379  4720  4720 E lhd     : SetCfgValue: Critical Error. Unknown configuration parameter "LheClockMHz"="100"
09-15 22:52:26.379  4720  4720 V lhd     : SetCfgValue: LHD config "LhePatch"="/dev/bbd_patch"
09-15 22:52:26.379  4720  4720 V lhd     : SetCfgValue: LHD config "LheMaxMcuResetTries"="4"
09-15 22:52:26.379  4720  4720 V lhd     : SetCfgValue: LHD config "LheBbdPacket"="/dev/ttyBCM"
09-15 22:52:26.379  4720  4720 V lhd     : SetCfgValue: LHD config "LheBbdControl"="/dev/bbd_control"
09-15 22:52:26.379  4720  4720 V lhd     : SetCfgValue: LHD config "LheBbdSensor"="/dev/bbd_sensor"
09-15 22:52:26.379  4720  4720 V lhd     : SetCfgValue: LHD config "Lhe477xDebugFlags"="RPC:FACILITY=33:STDOUT_PUTS:STDOUT_LOG"
09-15 22:52:26.379  4720  4720 E lhd     : SetCfgValue: Critical Error. Unknown configuration parameter "LheSensorIpc"="true"
09-15 22:52:26.379  4720  4720 E lhd     : SetCfgValue: Critical Error. Unknown configuration parameter "LhePinMux"="P17=M1"
09-15 22:52:26.379  4720  4720 V lhd     : SetCfgValue: LHD config "LheAutoBaudDelayMS"="10"
09-15 22:52:26.379  4720  4720 V lhd     : SetCfgValue: LHD config "LheMaxMcuResetTries"="3"
09-15 22:52:26.379  4720  4720 E lhd     : OpenFirmwareFile: Fail to open /efs/sec_efs/sensorhub_urgent_fw.patch, errno 2
09-15 22:52:26.379  4720  4720 E lhd     : getCustPatchVersion: Fail to parse patch /efs/sec_efs/sensorhub_urgent_fw.patch
09-15 22:52:26.379  4720  4720 E lhd     : getCustPatchVersion: <CustomerVersion> not found
09-15 22:52:26.394  4710  4710 I dex2oat : dex2oat took 96.064ms (threads: 8) arena alloc=0B (0B) java alloc=31KB (32216B) native alloc=1133KB (1160560B) free=1938KB (1985168B)
09-15 22:52:26.411  4721  4721 I dex2oat : /system/bin/dex2oat --compiler-filter=verify-at-runtime
09-15 22:52:26.438  4720  4720 D lhd     : OnIpcConnect
09-15 22:52:26.438  3269  3269 D gpsd    : WakeLock(Acquire,GPSD)
09-15 22:52:26.438  3269  3269 D gpsd    : WakeLock(Release,GPSD)
09-15 22:52:26.438  3269  3269 D gpsd    : WakeLock(Acquire,GPSD)
09-15 22:52:26.438  3269  3269 D gpsd    : WakeLock(Release,GPSD)
09-15 22:52:26.473  4721  4721 I dex2oat : dex2oat took 61.600ms (threads: 8) arena alloc=0B (0B) java alloc=31KB (32208B) native alloc=858KB (878736B) free=1189KB (1218416B)
09-15 22:52:26.490  4731  4731 I dex2oat : /system/bin/dex2oat --compiler-filter=verify-at-runtime
09-15 22:52:26.552  4731  4731 I dex2oat : dex2oat took 62.306ms (threads: 8) arena alloc=0B (0B) java alloc=31KB (32216B) native alloc=1070KB (1095824B) free=1489KB (1525616B)
09-15 22:52:26.555  3653  3653 W PackageManager: No disk maintenance in 1505526746555; running immediately
09-15 22:52:26.556  3653  3653 I SystemServer: StartLockSettingsService
09-15 22:52:26.556  3653  3653 I SystemServiceManager: Starting com.android.server.LockSettingsService$Lifecycle
09-15 22:52:26.556  3653  4094 I MountService: Running fstrim idle maintenance
09-15 22:52:26.556  3653  4094 D VoldConnector: SND -> {3 fstrim dotrim}
09-15 22:52:26.557  3074  4740 D vold    : Starting trim of /cache
09-15 22:52:26.557  3653  4095 D VoldConnector: RCV <- {200 3 Command succeeded}
09-15 22:52:26.569  3653  3653 I SystemServiceManager: Starting com.android.server.DeviceIdleController
09-15 22:52:26.572  3653  3653 I SystemServiceManager: Starting com.android.server.devicepolicy.DevicePolicyManagerService$Lifecycle
09-15 22:52:26.576  3653  3653 I SystemServer: StartStatusBarManagerService
09-15 22:52:26.578  3653  3653 I SystemServer: StartClipboardService
09-15 22:52:26.579  3653  3653 I SystemServer: StartNetworkManagementService
09-15 22:52:26.581  3653  4741 I NetworkManagement: onDaemonConnected()
09-15 22:52:26.583  3653  3653 I SystemServiceManager: Starting com.android.server.TextServicesManagerService$Lifecycle
09-15 22:52:26.589  3653  3653 I SystemServer: StartNetworkScoreService
09-15 22:52:26.591  3653  3653 I SystemServer: StartNetworkStatsService
09-15 22:52:26.594  3653  3653 I SystemServer: StartNetworkPolicyManagerService
09-15 22:52:26.597  3653  3653 I SystemServer: No Wi-Fi NAN Service (NAN support Not Present)
09-15 22:52:26.597  3653  3653 I SystemServiceManager: Starting com.android.server.wifi.p2p.WifiP2pService
09-15 22:52:26.611  3074  4740 I vold    : Trimmed 494194688 bytes on /cache in 54ms
09-15 22:52:26.612  3074  4740 D vold    : Starting trim of /data
09-15 22:52:26.612  3653  4095 D VoldConnector: RCV <- {662 /cache 494194688 54056461}
09-15 22:52:26.632  3653  3653 I SystemServiceManager: Starting com.android.server.wifi.WifiService
09-15 22:52:26.716  3280  3629 D CommandListener: Clearing all IP addresses on wlan0
09-15 22:52:26.918  3653  4747 I chatty  : uid=1000(system) WifiStateMachin expire 55 lines
09-15 22:52:26.930  3653  3653 I SystemServiceManager: Starting com.android.server.wifi.scanner.WifiScanningService
09-15 22:52:26.933  3653  3653 I SystemServiceManager: Starting com.android.server.wifi.RttService
09-15 22:52:26.935  3653  3653 I SystemServiceManager: Starting com.android.server.ethernet.EthernetService
09-15 22:52:26.938  3653  3653 I SystemServer: StartConnectivityService
09-15 22:52:26.949  3653  3653 D ConnectivityService: ConnectivityService starting up
09-15 22:52:26.954  3653  3653 D ConnectivityService: wifiOnly=false
09-15 22:52:26.971  3653  3653 I SystemServer: StartNsdService
09-15 22:52:26.973  3653  3653 I SystemServer: StartUpdateLockService
09-15 22:52:26.975  3653  3653 I SystemServiceManager: Starting com.android.server.RecoverySystemService
09-15 22:52:26.976  3653  3653 I SystemServiceManager: Starting com.android.server.notification.NotificationManagerService
09-15 22:52:26.988  3653  3653 D ConditionProviders.SCP: new ScheduleConditionProvider()
09-15 22:52:27.015  3653  3653 D ZenLog  : set_zen_mode: off,init
09-15 22:52:27.028  3653  3653 I SystemServiceManager: Starting com.android.server.storage.DeviceStorageMonitorService
09-15 22:52:27.030  3653  3653 I SystemServer: StartLocationManagerService
09-15 22:52:27.032  3653  3653 I SystemServer: StartCountryDetectorService
09-15 22:52:27.033  3653  3653 I SystemServer: StartSearchManagerService
09-15 22:52:27.033  3653  3653 I SystemServiceManager: Starting com.android.server.search.SearchManagerService$Lifecycle
09-15 22:52:27.036  3653  3653 I SystemServiceManager: Starting com.android.server.DropBoxManagerService
09-15 22:52:27.037  3653  3653 I SystemServer: StartWallpaperManagerService
09-15 22:52:27.037  3653  3653 I SystemServiceManager: Starting com.android.server.wallpaper.WallpaperManagerService$Lifecycle
09-15 22:52:27.040  3653  3653 E WallpaperManagerService: Invalid wallpaper data
09-15 22:52:27.040  3653  3653 E WallpaperManagerService: Unable to apply new wallpaper
09-15 22:52:27.040  3653  3653 W WallpaperManagerService: no current wallpaper -- first boot?
09-15 22:52:27.041  3653  3653 I SystemServer: StartAudioService
09-15 22:52:27.041  3653  3653 I SystemServiceManager: Starting com.android.server.audio.AudioService$Lifecycle
09-15 22:52:27.045  3272  3496 D PermissionCache: checking android.permission.MODIFY_AUDIO_SETTINGS for uid=1000 => granted (481 us)
09-15 22:52:27.051  3272  3488 W AudioFlinger: no wake lock to update, system not ready yet
09-15 22:52:27.051  3272  3491 W AudioFlinger: no wake lock to update, system not ready yet
09-15 22:52:27.085  3653  3653 I SystemServiceManager: Starting com.android.server.DockObserver
09-15 22:52:27.087  3653  3653 I SystemServer: StartWiredAccessoryManager
09-15 22:52:27.088  3653  3653 W WiredAccessoryManager: This kernel does not have usb audio support
09-15 22:52:27.089  3653  3653 I SystemServiceManager: Starting com.android.server.usb.UsbService$Lifecycle
09-15 22:52:27.092  3653  3653 E UsbDeviceManager: failed to write to /sys/class/android_usb/android0/f_rndis/ethaddr
09-15 22:52:27.109  3653  3653 I UsbDeviceManager: Setting USB config to adb
09-15 22:52:28.163  3653  3653 E UsbDeviceManager: waitForState(adb) FAILED: got none
09-15 22:52:28.163  3653  3653 E UsbDeviceManager: Failed to switch USB config to adb
09-15 22:52:28.163  3653  3653 E UsbDeviceManager: Failsafe 1: Restoring previous USB functions.
09-15 22:52:28.164  3653  3653 I UsbDeviceManager: Setting USB config to mtp,adb
09-15 22:52:28.220  3653  3653 I SystemServer: StartSerialService
09-15 22:52:28.222  3653  3653 I SystemServiceManager: Starting com.android.server.twilight.TwilightService
09-15 22:52:28.223  3653  3653 I SystemServiceManager: Starting com.android.server.job.JobSchedulerService
09-15 22:52:28.227  3653  3653 I SystemServiceManager: Starting com.android.server.soundtrigger.SoundTriggerService
09-15 22:52:28.229  3653  3653 I SystemServiceManager: Starting com.android.server.backup.BackupManagerService$Lifecycle
09-15 22:52:28.231  3653  3653 I SystemServiceManager: Starting com.android.server.appwidget.AppWidgetService
09-15 22:52:28.244  3653  3653 I SystemServiceManager: Starting com.android.server.voiceinteraction.VoiceInteractionManagerService
09-15 22:52:28.246  3653  3653 I SystemServer: Gesture Launcher Service
09-15 22:52:28.246  3653  3653 I SystemServiceManager: Starting com.android.server.GestureLauncherService
09-15 22:52:28.246  3653  3653 I SystemServiceManager: Starting com.android.server.SensorNotificationService
09-15 22:52:28.247  3653  3653 I SystemServiceManager: Starting com.android.server.ContextHubSystemService
09-15 22:52:28.248  3653  3653 I SystemServer: StartDiskStatsService
09-15 22:52:28.249  3653  3653 I SystemServer: StartSamplingProfilerService
09-15 22:52:28.286  3653  3653 I SystemServer: StartNetworkTimeUpdateService
09-15 22:52:28.287  3653  3653 I SystemServer: StartCommonTimeManagementService
09-15 22:52:28.288  3653  3653 I SystemServer: CertBlacklister
09-15 22:52:28.289  3653  3653 I SystemServiceManager: Starting com.android.server.emergency.EmergencyAffordanceService
09-15 22:52:28.289  3653  3653 I SystemServiceManager: Starting com.android.server.dreams.DreamManagerService
09-15 22:52:28.291  3653  3653 I SystemServer: StartAssetAtlasService
09-15 22:52:28.297  3653  4771 I chatty  : uid=1000 system_server expire 4 lines
09-15 22:52:28.297  3653  4773 I chatty  : uid=1000 system_server expire 1 line
09-15 22:52:28.297  3653  4772 I chatty  : uid=1000 system_server expire 1 line
09-15 22:52:28.298  3653  4774 I chatty  : uid=1000 system_server expire 1 line
09-15 22:52:28.298  3653  4775 I chatty  : uid=1000 system_server expire 1 line
09-15 22:52:28.298  3653  3653 I SystemServiceManager: Starting com.android.server.print.PrintManagerService
09-15 22:52:28.298  3653  4777 I chatty  : uid=1000 system_server expire 1 line
09-15 22:52:28.298  3653  4776 I chatty  : uid=1000 system_server expire 1 line
09-15 22:52:28.299  3653  4778 I chatty  : uid=1000 system_server expire 1 line
09-15 22:52:28.299  3653  4779 I chatty  : uid=1000 system_server expire 1 line
09-15 22:52:28.302  3653  3653 I SystemServiceManager: Starting com.android.server.restrictions.RestrictionsManagerService
09-15 22:52:28.303  3653  3653 I SystemServiceManager: Starting com.android.server.media.MediaSessionService
09-15 22:52:28.305  3653  3653 I SystemServer: StartMediaRouterService
09-15 22:52:28.306  3653  3653 I SystemServiceManager: Starting com.android.server.trust.TrustManagerService
09-15 22:52:28.307  3653  3653 I SystemServiceManager: Starting com.android.server.fingerprint.FingerprintService
09-15 22:52:28.311  3281  3281 I chatty  : uid=1000(system) /system/bin/fingerprintd expire 103 lines
09-15 22:52:28.332  3148  3175 E TeeMcDaemon: Insufficient data arrived [hardware/samsung_slsi/exynos8895/mobicore_kinibi400/Daemon/src/RegistryServer.cpp:404]
09-15 22:52:28.335  3148  3175 E TeeMcDaemon: Insufficient data arrived [hardware/samsung_slsi/exynos8895/mobicore_kinibi400/Daemon/src/RegistryServer.cpp:404]
09-15 22:52:28.335  3281  3281 E tlc_communication:   *****************************
09-15 22:52:28.335  3281  3281 E tlc_communication:   *** ERROR: Opening MobiCore device is failed : 15
09-15 22:52:28.335  3281  3281 E tlc_communication:   *** Detected in tlc_open/94()
09-15 22:52:28.335  3281  3281 E tlc_communication:   *****************************
09-15 22:52:28.335  3281  3281 E TLC_BAUTH:   *****************************
09-15 22:52:28.335  3281  3281 E TLC_BAUTH:   *** ERROR: Open Trustlet Session is failed!!!
09-15 22:52:28.335  3281  3281 E TLC_BAUTH:   *** Detected in BAuth_SessionOpen/531()
09-15 22:52:28.335  3281  3281 E TLC_BAUTH:   *****************************
09-15 22:52:28.335  3281  3281 I tlc_communication: tlc_close() called;149
09-15 22:52:28.335  3281  3281 I tlc_communication: Closing the session;153
09-15 22:52:28.335  3281  3281 E McClient:   *****************************
09-15 22:52:28.335  3281  3281 E McClient:   *** ERROR: Device has not been found
09-15 22:52:28.335  3281  3281 E McClient:   *** Detected in mcCloseSession/906()
09-15 22:52:28.335  3281  3281 E McClient:   *****************************
09-15 22:52:28.335  3281  3281 E tlc_communication:   *****************************
09-15 22:52:28.335  3281  3281 E tlc_communication:   *** ERROR: Closing the Driver session is failed : 7
09-15 22:52:28.335  3281  3281 E tlc_communication:   *** Detected in tlc_close/157()
09-15 22:52:28.335  3281  3281 E tlc_communication:   *****************************
09-15 22:52:28.335  3281  3281 E McClient:   *****************************
09-15 22:52:28.335  3281  3281 E McClient:   *** ERROR: Device has not been found
09-15 22:52:28.335  3281  3281 E McClient:   *** Detected in mcCloseSession/906()
09-15 22:52:28.335  3281  3281 E McClient:   *****************************
09-15 22:52:28.335  3281  3281 E tlc_communication:   *****************************
09-15 22:52:28.335  3281  3281 E tlc_communication:   *** ERROR: Closing the Trustlet session is failed : 7
09-15 22:52:28.335  3281  3281 E tlc_communication:   *** Detected in tlc_close/164()
09-15 22:52:28.335  3281  3281 E tlc_communication:   *****************************
09-15 22:52:28.335  3281  3281 I tlc_communication: Free WSM;171
09-15 22:52:28.335  3281  3281 E McClient:   *****************************
09-15 22:52:28.335  3281  3281 E McClient:   *** ERROR: Device has not been found
09-15 22:52:28.335  3281  3281 E McClient:   *** Detected in mcFreeWsm/1143()
09-15 22:52:28.336  3281  3281 E McClient:   *****************************
09-15 22:52:28.336  3281  3281 E tlc_communication:   *****************************
09-15 22:52:28.336  3281  3281 E tlc_communication:   *** ERROR: Free WSM for Trustlet is failed : 7
09-15 22:52:28.336  3281  3281 E tlc_communication:   *** Detected in tlc_close/175()
09-15 22:52:28.336  3281  3281 E tlc_communication:   *****************************
09-15 22:52:28.336  3281  3281 E McClient:   *****************************
09-15 22:52:28.336  3281  3281 E McClient:   *** ERROR: Device has not been found
09-15 22:52:28.336  3281  3281 E McClient:   *** Detected in mcFreeWsm/1143()
09-15 22:52:28.336  3281  3281 E McClient:   *****************************
09-15 22:52:28.336  3281  3281 E tlc_communication:   *****************************
09-15 22:52:28.336  3281  3281 E tlc_communication:   *** ERROR: Free WSM for Driver is failed : 7
09-15 22:52:28.336  3281  3281 E tlc_communication:   *** Detected in tlc_close/182()
09-15 22:52:28.336  3281  3281 E tlc_communication:   *****************************
09-15 22:52:28.336  3281  3281 I tlc_communication: Closing MobiCore device;189
09-15 22:52:28.336  3281  3281 E McClient:   *****************************
09-15 22:52:28.336  3281  3281 E McClient:   *** ERROR: Device not open
09-15 22:52:28.336  3281  3281 E McClient:   *** Detected in mcCloseDevice/292()
09-15 22:52:28.336  3281  3281 E McClient:   *****************************
09-15 22:52:28.336  3281  3281 E tlc_communication:   *****************************
09-15 22:52:28.336  3281  3281 E tlc_communication:   *** ERROR: Closing MobiCore device is failed : 33
09-15 22:52:28.336  3281  3281 E tlc_communication:   *** Detected in tlc_close/197()
09-15 22:52:28.336  3281  3281 E tlc_communication:   *****************************
09-15 22:52:28.336  3281  3281 I tlc_communication: tlc_close() successed;202
09-15 22:52:28.336  3281  3281 E bauth_FPBAuthService: BAuthSessionOpen Fail
09-15 22:52:28.336  3281  3281 D bauth_FPBAuthService: thread id : 3, preenroll_flag : 0, nd cnt : 0
09-15 22:52:28.336  3281  3281 D bauth_FPBAuthService: FPBAuthService, 7282
09-15 22:52:28.336  3281  3281 D bauth_service: BAuthService, 248
09-15 22:52:28.336  3281  3281 E fingerprintd: Wrong fp version. Expected 513, got 512
09-15 22:52:28.336  3281  3281 D bauth_service: BAuthService, 1692
09-15 22:52:28.336  3281  3281 D bauth_FPBAuthService: FPBAUTH setNotifyCallback
09-15 22:52:28.336  3281  3281 D bauth_FPBAuthService: thread id : 3, preenroll_flag : 0, nd cnt : 0
09-15 22:52:28.336  3281  3281 D bauth_service: BAuthService, 1711
09-15 22:52:28.336  3281  3281 V fingerprintd: fingerprint HAL successfully initialized
09-15 22:52:28.338  3281  3281 V fingerprintd: setActiveGroup(0, /data/system/users/0/fpdata, 27)
09-15 22:52:28.338  3281  3281 D bauth_service: BAuthService, 1718
09-15 22:52:28.339  3281  3281 E bauth_FPBAuthService: active_group path is diff : /data/system/users/0/fpdata
09-15 22:52:28.339  3281  3281 D bauth_FPBAuthService: FPBAuthService, 4229
09-15 22:52:28.339  3281  3281 D bauth_FPBAuthService: FPBAuthService, 5217
09-15 22:52:28.339  3281  3281 D bauth_FPBAuthService: FPBAuthService, 5221
09-15 22:52:28.339  3281  3281 D bauth_FPBAuthService: FPBAuthService, 5264
09-15 22:52:28.347  3281  3281 E bauth_FPBAuthServiceStorage: UserID Directory is not existed
09-15 22:52:28.347  3281  3281 E bauth_FPBAuthService: getEnrolledBioIdxList num templates is in DB is 0
09-15 22:52:28.347  3281  3281 D bauth_FPBAuthService: FPBAuthService, 5224
09-15 22:52:28.347  3281  3281 D bauth_FPBAuthService: enumerate bioidxList.length==0 or 1
09-15 22:52:28.347  3281  3281 D bauth_FPBAuthService: FPBAuthService, 5264
09-15 22:52:28.348  3281  3281 E bauth_FPBAuthServiceStorage: UserID Directory is not existed
09-15 22:52:28.348  3281  3281 E bauth_FPBAuthService: getEnrolledBioIdxList num templates is in DB is 0
09-15 22:52:28.348  3281  3281 D bauth_FPBAuthService: FPBAuthService, 5255
09-15 22:52:28.348  3281  3281 D bauth_FPBAuthService: BAuthSessionOpen Skip
09-15 22:52:28.348  3281  3281 E bauth_FPBAuthServiceStorage: FPBAuthServiceStorage::readCALIBRATIONMetaData VERSION file isn't exist
09-15 22:52:28.348  3281  3281 E bauth_FPBAuthService: Version file isn't exist
09-15 22:52:28.348  3281  3281 E bauth_FPBAuthServiceStorage:  FPBAuthServiceStorage::readSEC_AUTH_IDMetaData fileopen error : 2
09-15 22:52:28.348  3281  3281 D bauth_FPBAuthService: SEC_AUTH_ID file isn't exist
09-15 22:52:28.348  3281  3281 I TLC_BAUTH: Call FP cmd 0xc (45);1562
09-15 22:52:28.348  3281  3281 I TLC_BAUTH: status : 0, cmd : 0x0x0 rsp : 0x0x0;1599
09-15 22:52:28.348  3281  3281 E TLC_BAUTH:   *****************************
09-15 22:52:28.348  3281  3281 E TLC_BAUTH:   *** ERROR: TZ Session is not opened properly - Ignore
09-15 22:52:28.348  3281  3281 E TLC_BAUTH:   *** Detected in BAuth_Control_OP/1599()
09-15 22:52:28.348  3281  3281 E TLC_BAUTH:   *****************************
09-15 22:52:28.348  3281  3281 E bauth_FPBAuthService: set_active_group BAUTH_OP_CODE_SAVE_SECAUTH_ID fail : 29
09-15 22:52:28.348  3281  3281 D bauth_FPBAuthService: FPBAuthService, 4462
09-15 22:52:28.348  3281  3281 D bauth_FPBAuthService: thread id : 3, preenroll_flag : 0, nd cnt : 0
09-15 22:52:28.348  3281  3281 D bauth_service: BAuthService, 1739
09-15 22:52:28.349  3281  3281 D bauth_service: BAuthService, 371
09-15 22:52:28.349  3281  3281 D bauth_FPBAuthService: get_aid val : 0
09-15 22:52:28.349  3281  3281 D bauth_FPBAuthService: thread id : 3, preenroll_flag : 0, nd cnt : 0
09-15 22:52:28.349  3281  3281 D bauth_service: BAuthService, 390
09-15 22:52:28.349  3281  3281 D bauth_service: BAuthService, 371
09-15 22:52:28.349  3281  3281 D bauth_FPBAuthService: get_aid val : 0
09-15 22:52:28.349  3281  3281 D bauth_FPBAuthService: thread id : 3, preenroll_flag : 0, nd cnt : 0
09-15 22:52:28.349  3281  3281 D bauth_service: BAuthService, 390
09-15 22:52:28.350  3653  3653 V FingerprintService: Fingerprint HAL id: 548529275392
09-15 22:52:28.350  3653  3653 I SystemServer: StartBackgroundDexOptService
09-15 22:52:28.351  3653  3653 I SystemServiceManager: Starting com.android.server.pm.ShortcutService$Lifecycle
09-15 22:52:28.354  3653  3653 I SystemServiceManager: Starting com.android.server.pm.LauncherAppsService
09-15 22:52:28.356  3653  3653 I SystemServiceManager: Starting com.android.server.media.projection.MediaProjectionManagerService
09-15 22:52:28.429  3653  3653 I SyncManager: No initial accounts
09-15 22:52:28.430  3653  3653 I SyncManager: No initial status
09-15 22:52:28.436  3653  3653 I SyncManager: No initial statistics
09-15 22:52:28.487  3653  3653 I SystemServiceManager: Starting com.android.server.MmsServiceBroker
09-15 22:52:28.489  3653  3653 I CMSystemServer: Attempting to start service org.cyanogenmod.platform.internal.CMStatusBarManagerService
09-15 22:52:28.491  3653  3653 I CMSystemServer: Starting service org.cyanogenmod.platform.internal.CMStatusBarManagerService
09-15 22:52:28.491  3653  3653 I SystemServiceManager: Starting org.cyanogenmod.platform.internal.CMStatusBarManagerService
09-15 22:52:28.493  3653  3653 I CMSystemServer: Attempting to start service org.cyanogenmod.platform.internal.ProfileManagerService
09-15 22:52:28.496  3653  3653 I CMSystemServer: Starting service org.cyanogenmod.platform.internal.ProfileManagerService
09-15 22:52:28.496  3653  3653 I SystemServiceManager: Starting org.cyanogenmod.platform.internal.ProfileManagerService
09-15 22:52:28.496  3252  3252 E ServiceManager: add_service('profile',6d) uid=1000 - ALREADY REGISTERED, OVERRIDE
09-15 22:52:28.496  3252  3252 I ServiceManager: service 'profile' died
09-15 22:52:28.509  3653  3653 I CMSystemServer: Attempting to start service org.cyanogenmod.platform.internal.CMTelephonyManagerService
09-15 22:52:28.510  3653  3653 I CMSystemServer: Starting service org.cyanogenmod.platform.internal.CMTelephonyManagerService
09-15 22:52:28.510  3653  3653 I SystemServiceManager: Starting org.cyanogenmod.platform.internal.CMTelephonyManagerService
09-15 22:52:28.510  3653  3653 I CMSystemServer: Attempting to start service org.cyanogenmod.platform.internal.CMHardwareService
09-15 22:52:28.531  3653  3653 I CMSystemServer: Starting service org.cyanogenmod.platform.internal.CMHardwareService
09-15 22:52:28.531  3653  3653 I SystemServiceManager: Starting org.cyanogenmod.platform.internal.CMHardwareService
09-15 22:52:28.534  3252  3252 E ServiceManager: add_service('cmhardware',6f) uid=1000 - ALREADY REGISTERED, OVERRIDE
09-15 22:52:28.535  3252  3252 I ServiceManager: service 'cmhardware' died
09-15 22:52:28.535  3653  3653 I CMSystemServer: Attempting to start service org.cyanogenmod.platform.internal.PerformanceManagerService
09-15 22:52:28.537  3653  4784 I ServiceThread: Enabled StrictMode logging for PerformanceManager looper.
09-15 22:52:28.537  3653  3653 I CMSystemServer: Starting service org.cyanogenmod.platform.internal.PerformanceManagerService
09-15 22:52:28.537  3653  3653 I SystemServiceManager: Starting org.cyanogenmod.platform.internal.PerformanceManagerService
09-15 22:52:28.538  3653  4785 I ServiceThread: Enabled StrictMode logging for PerformanceManager looper.
09-15 22:52:28.539  3653  3653 I CMSystemServer: Attempting to start service org.cyanogenmod.platform.internal.WeatherManagerServiceBroker
09-15 22:52:28.540  3653  3653 I CMSystemServer: Starting service org.cyanogenmod.platform.internal.WeatherManagerServiceBroker
09-15 22:52:28.540  3653  3653 I SystemServiceManager: Starting org.cyanogenmod.platform.internal.WeatherManagerServiceBroker
09-15 22:52:28.540  3653  3653 I CMSystemServer: Attempting to start service org.cyanogenmod.platform.internal.display.LiveDisplayService
09-15 22:52:28.543  3653  4786 I ServiceThread: Enabled StrictMode logging for LiveDisplay looper.
09-15 22:52:28.545  3653  3653 I CMSystemServer: Starting service org.cyanogenmod.platform.internal.display.LiveDisplayService
09-15 22:52:28.545  3653  3653 I SystemServiceManager: Starting org.cyanogenmod.platform.internal.display.LiveDisplayService
09-15 22:52:28.546  3653  4787 I ServiceThread: Enabled StrictMode logging for LiveDisplay looper.
09-15 22:52:28.547  3653  3653 I CMSystemServer: Attempting to start service org.cyanogenmod.platform.internal.CMAudioServiceBroker
09-15 22:52:28.548  3653  3653 I CMSystemServer: Starting service org.cyanogenmod.platform.internal.CMAudioServiceBroker
09-15 22:52:28.548  3653  3653 I SystemServiceManager: Starting org.cyanogenmod.platform.internal.CMAudioServiceBroker
09-15 22:52:28.548  3653  3653 I SystemServiceManager: Starting com.android.server.retaildemo.RetailDemoModeService
09-15 22:52:28.549  3653  4788 I ServiceThread: Enabled StrictMode logging for RetailDemoModeService looper.
09-15 22:52:28.665  3653  3653 I LockSettingsService: Migrated lock settings to new location
09-15 22:52:28.678  3653  3653 I LockSettingsService: Migrated per-user lock settings to new location
09-15 22:52:28.694  3653  3653 I LockSettingsService: Migrated biometric weak to use the fallback instead
09-15 22:52:28.704  3653  3653 I LockSettingsService: Migrated lockscreen disabled flag
09-15 22:52:28.715  3653  3653 E LockSettingsStorage: Cannot read file java.io.FileNotFoundException: /data/system/gatekeeper.password.key: open failed: ENOENT (No such file or directory)
09-15 22:52:28.715  3653  3653 E LockSettingsStorage: Cannot read file java.io.FileNotFoundException: /data/system/password.key: open failed: ENOENT (No such file or directory)
09-15 22:52:28.716  3653  3653 E LockSettingsStorage: Cannot read file java.io.FileNotFoundException: /data/system/gatekeeper.pattern.key: open failed: ENOENT (No such file or directory)
09-15 22:52:28.716  3653  3653 E LockSettingsStorage: Cannot read file java.io.FileNotFoundException: /data/system/gatekeeper.gesture.key: open failed: ENOENT (No such file or directory)
09-15 22:52:28.716  3653  3653 E LockSettingsStorage: Cannot read file java.io.FileNotFoundException: /data/system/gesture.key: open failed: ENOENT (No such file or directory)
09-15 22:52:28.716  3653  3653 I SystemServiceManager: Starting phase 480
09-15 22:52:28.720  3653  3653 I SystemServiceManager: Starting phase 500
09-15 22:52:28.729  3653  3653 I WifiService: WifiService starting up with Wi-Fi enabled
09-15 22:52:28.731  3653  3653 D WifiService: setWifiEnabled: true pid=3653, uid=1000
09-15 22:52:28.733  3653  4746 I chatty  : uid=1000(system) WifiService expire 2 lines
09-15 22:52:28.742  3653  4751 D ConnectivityService: Got NetworkFactory Messenger for Ethernet
09-15 22:52:28.742  3653  4804 I chatty  : uid=1000(system) EthernetService expire 1 line
09-15 22:52:28.761  3653  3653 D ZenLog  : config: cleanUpZenRules,ZenModeConfig[user=0,allowCalls=true,allowRepeatCallers=false,allowMessages=false,allowCallsFrom=contacts,allowMessagesFrom=contacts,allowReminders=true,allowEvents=true,allowWhenScreenOff=true,allowWhenScreenOn=true,automaticRules={9c5784ab9a164d33ac378f3dcd16e5b1=ZenRule[enabled=false,snoozing=false,name=Weeknight,zenMode=ZEN_MODE_ALARMS,conditionId=condition://android/schedule?days=1.2.3.4.5&start=22.0&end=7.0&exitAtAlarm=false,condition=null,component=ComponentInfo{android/com.android.server.notification.ScheduleConditionProvider},id=9c5784ab9a164d33ac378f3dcd16e5b1,creationTime=1505526746984,enabler=null], 40be4c59b8cf4c39828bbb49409f7c81=ZenRule[enabled=false,snoozing=false,name=Event,zenMode=ZEN_MODE_ALARMS,conditionId=condition://android/event?userId=-10000&calendar=&reply=1,condition=null,component=ComponentInfo{android/com.android.server.notification.EventConditionProvider},id=40be4c59b8cf4c39828bbb49409f7c81,creationTime=1505526746985,enabler=null], b5bfafb1c95041f1acdbdb3d85dc8824=ZenRule[enabled=false,snoozing=false,name=Weekend,zenMode=ZEN_MODE_ALARMS,conditionId=condition://android/schedule?days=6.7&start=23.30&end=10.0&exitAtAlarm=false,condition=null,component=ComponentInfo{android/com.android.server.notification.ScheduleConditionProvider},id=b5bfafb1c95041f1acdbdb3d85dc8824,creationTime=1505526746985,enabler=null]},manualRule=null],Diff[]
09-15 22:52:28.762  3653  3653 D ZenLog  : set_zen_mode: off,onSystemReady
09-15 22:52:28.765  3272  3496 D PermissionCache: checking android.permission.CAPTURE_AUDIO_HOTWORD for uid=1000 => granted (277 us)
09-15 22:52:28.765  3653  3653 W SoundTriggerHelper: listModules status=0, # of modules=0
09-15 22:52:28.770  3653  3653 E PerformanceManager: System is not ready, dropping profile request
09-15 22:52:28.839  3143  3143 I vold    : type=1400 audit(0.0:117): avc: denied { read } for name="3071" dev="proc" ino=5735 scontext=u:r:vold:s0 tcontext=u:r:logd:s0 tclass=dir permissive=1
09-15 22:52:28.839  3143  3143 I vold    : type=1400 audit(0.0:117): avc: denied { open } for path="/proc/3071" dev="proc" ino=5735 scontext=u:r:vold:s0 tcontext=u:r:logd:s0 tclass=dir permissive=1
09-15 22:52:28.839  3143  3143 W vold    : type=1300 audit(0.0:117): arch=c00000b7 syscall=56 success=yes exit=20 a0=13 a1=7f8ce8758b a2=84000 a3=0 items=0 ppid=1 auid=4294967295 uid=0 gid=0 euid=0 suid=0 fsuid=0 egid=0 sgid=0 fsgid=0 tty=(none) ses=4294967295 exe="/system/bin/vold" subj=u:r:vold:s0 key=(null)
09-15 22:52:28.839  3082  3082 W auditd  : type=1327 audit(0.0:117): proctitle=2F73797374656D2F62696E2F766F6C64002D2D626C6B69645F636F6E746578743D753A723A626C6B69643A7330002D2D626C6B69645F756E747275737465645F636F6E746578743D753A723A626C6B69645F756E747275737465643A7330002D2D6673636B5F636F6E746578743D753A723A6673636B3A7330002D2D6673636B
09-15 22:52:28.839  3082  3082 W auditd  : type=1320 audit(0.0:117): 
09-15 22:52:28.839  3143  3143 I vold    : type=1400 audit(0.0:118): avc: denied { getattr } for path="/proc/3071" dev="proc" ino=5735 scontext=u:r:vold:s0 tcontext=u:r:logd:s0 tclass=dir permissive=1
09-15 22:52:28.839  3143  3143 W vold    : type=1300 audit(0.0:118): arch=c00000b7 syscall=80 success=yes exit=0 a0=14 a1=7f8ccff658 a2=84000 a3=0 items=0 ppid=1 auid=4294967295 uid=0 gid=0 euid=0 suid=0 fsuid=0 egid=0 sgid=0 fsgid=0 tty=(none) ses=4294967295 exe="/system/bin/vold" subj=u:r:vold:s0 key=(null)
09-15 22:52:28.839  3082  3082 W auditd  : type=1327 audit(0.0:118): proctitle=2F73797374656D2F62696E2F766F6C64002D2D626C6B69645F636F6E746578743D753A723A626C6B69643A7330002D2D626C6B69645F756E747275737465645F636F6E746578743D753A723A626C6B69645F756E747275737465643A7330002D2D6673636B5F636F6E746578743D753A723A6673636B3A7330002D2D6673636B
09-15 22:52:28.839  3082  3082 W auditd  : type=1320 audit(0.0:118): 
09-15 22:52:28.842  3653  3751 W KeyguardServiceDelegate: onScreenTurningOn(): no keyguard service!
09-15 22:52:28.843  3653  3653 D VoldConnector: SND -> {4 volume remount_uid 1001 none}
09-15 22:52:28.844  3074  3143 D vold    : Remounting 1001 as mode none
09-15 22:52:28.845  3653  3749 W LocalDisplayAdapter: Unable to find color mode 0, ignoring request.
09-15 22:52:28.847  3074  3143 D vold    : Found matching PID 3264
09-15 22:52:28.847  3074  3143 W vold    : Skipping due to root namespace
09-15 22:52:28.847  3074  3143 D vold    : Found matching PID 3266
09-15 22:52:28.847  3074  3143 W vold    : Skipping due to root namespace
09-15 22:52:28.847  3653  4095 D VoldConnector: RCV <- {200 4 Command succeeded}
09-15 22:52:28.849  3653  3653 D VoldConnector: SND -> {5 volume remount_uid 1001 none}
09-15 22:52:28.850  3074  3143 D vold    : Remounting 1001 as mode none
09-15 22:52:28.852  3074  3143 D vold    : Found matching PID 3264
