--------- beginning of main
09-15 18:26:35.373  3085  3085 W auditd  : type=1325 audit(0.0:2): table=filter family=2 entries=0
09-15 18:26:35.373  3085  3085 W auditd  : type=1325 audit(0.0:3): table=mangle family=2 entries=0
09-15 18:26:35.373  3085  3085 W auditd  : type=1325 audit(0.0:4): table=nat family=2 entries=0
09-15 18:26:35.373  3085  3085 W auditd  : type=1325 audit(0.0:5): table=raw family=2 entries=0
09-15 18:26:35.373  3085  3085 W auditd  : type=1325 audit(0.0:6): table=security family=2 entries=0
09-15 18:26:35.373  3085  3085 W auditd  : type=1325 audit(0.0:7): table=filter family=3 entries=0
09-15 18:26:35.373  3085  3085 W auditd  : type=1325 audit(0.0:8): table=filter family=10 entries=0
09-15 18:26:35.373  3085  3085 W auditd  : type=1325 audit(0.0:9): table=mangle family=10 entries=0
09-15 18:26:35.373  3085  3085 W auditd  : type=1325 audit(0.0:10): table=raw family=10 entries=0
09-15 18:26:35.373  3085  3085 W auditd  : type=1325 audit(0.0:11): table=nat family=10 entries=0
09-15 18:26:35.551  3085  3085 I auditd  : type=1403 audit(0.0:12): policy loaded auid=4294967295 ses=4294967295
09-15 18:26:35.583     1     1 I init    : type=1400 audit(0.0:13): avc: denied { relabelto } for name="config" dev="sysfs" ino=10855 scontext=u:r:init:s0 tcontext=u:object_r:configfs:s0 tclass=dir permissive=1
09-15 18:26:35.583     1     1 I init    : type=1400 audit(0.0:14): avc: denied { associate } for name="config" dev="sysfs" ino=10855 scontext=u:object_r:configfs:s0 tcontext=u:object_r:sysfs:s0 tclass=filesystem permissive=1
09-15 18:26:36.307  3085  3085 W auditd  : type=1305 audit(0.0:15): audit_pid=3074 old=0 auid=4294967295 ses=4294967295 subj=u:r:logd:s0 res=1
09-15 18:26:36.307  3085  3085 W auditd  : type=1305 audit(0.0:16): audit_rate_limit=20 old=0 auid=4294967295 ses=4294967295 subj=u:r:logd:s0 res=1
09-15 18:26:36.361  3076  3076 I         : debuggerd: starting
--------- beginning of system
09-15 18:26:36.368  3077  3077 I vold    : Vold 3.0 (the awakening) firing up
09-15 18:26:36.368  3077  3077 V vold    : Detected support for: exfat ext4 f2fs ntfs vfat
09-15 18:26:36.370  3077  3077 W Vold    : Tearing down stale mount /mnt/secure/asec
09-15 18:26:36.386  3075  3075 I         : debuggerd: starting
09-15 18:26:36.390  3077  3077 W Vold    : Tearing down stale mount /mnt/secure
09-15 18:26:36.409  3077  3088 V vold    : /system/bin/sgdisk
09-15 18:26:36.409  3077  3088 V vold    :     --android-dump
09-15 18:26:36.409  3077  3088 V vold    :     /dev/block/vold/disk:179_0
09-15 18:26:36.409  3077  3146 D vold    : e4crypt_init_user0
09-15 18:26:36.409  3077  3146 D vold    : e4crypt_prepare_user_storage for volume null, user 0, serial 0, flags 1
09-15 18:26:36.409  3077  3146 D vold    : Preparing: /data/system/users/0
09-15 18:26:36.409  3077  3146 D vold    : Preparing: /data/misc/profiles/cur/0
09-15 18:26:36.410  3077  3146 D vold    : Preparing: /data/misc/profiles/cur/0/foreign-dex
09-15 18:26:36.410  3077  3146 D vold    : Preparing: /data/system_de/0
09-15 18:26:36.410  3077  3146 D vold    : Preparing: /data/misc_de/0
09-15 18:26:36.411  3077  3146 D vold    : Preparing: /data/user_de/0
09-15 18:26:36.411  3077  3146 D vold    : e4crypt_unlock_user_key 0 serial=0 token_present=0
09-15 18:26:36.411  3077  3146 E vold    : Failed to chmod /data/system_ce/0: No such file or directory
09-15 18:26:36.412  3077  3146 E vold    : Failed to chmod /data/misc_ce/0: No such file or directory
09-15 18:26:36.412     1     1 I vdc     : 200 3084 Command succeeded
09-15 18:26:36.418  3148  3148 I /system/bin/tzdatacheck: tzdata file /data/misc/zoneinfo/current/tzdata does not exist. No action required.
09-15 18:26:36.420  3077  3088 V vold    : DISK mbr
09-15 18:26:36.420  3077  3088 V vold    : 
09-15 18:26:36.420  3077  3088 V vold    : PART 1 c
09-15 18:26:36.420  3077  3088 V vold    : 
09-15 18:26:36.431  3149  3149 D macloader: Deleting file /data/.cid.info
09-15 18:26:36.431  3150  3150 I TeeMcDaemon: Registry search paths: [hardware/samsung_slsi/exynos8895/mobicore_kinibi400/Daemon/src/MobiCoreDriverDaemon.cpp:212]
09-15 18:26:36.431  3150  3150 I TeeMcDaemon:   /data/misc/mcRegistry [hardware/samsung_slsi/exynos8895/mobicore_kinibi400/Daemon/src/MobiCoreDriverDaemon.cpp:214]
09-15 18:26:36.431  3150  3150 I TeeMcDaemon:   /efs/prov [hardware/samsung_slsi/exynos8895/mobicore_kinibi400/Daemon/src/MobiCoreDriverDaemon.cpp:214]
09-15 18:26:36.431  3150  3150 I TeeMcDaemon:   /vendor/app/mcRegistry [hardware/samsung_slsi/exynos8895/mobicore_kinibi400/Daemon/src/MobiCoreDriverDaemon.cpp:214]
09-15 18:26:36.431  3150  3150 I TeeMcDaemon:   /system/app/mcRegistry [hardware/samsung_slsi/exynos8895/mobicore_kinibi400/Daemon/src/MobiCoreDriverDaemon.cpp:214]
09-15 18:26:36.431  3150  3150 I TeeMcDaemon: partition paths rp:  /efs/TEE [hardware/samsung_slsi/exynos8895/mobicore_kinibi400/Daemon/src/MobiCoreDriverDaemon.cpp:223]
09-15 18:26:36.431  3150  3150 I TeeMcDaemon: Initialise Secure World [hardware/samsung_slsi/exynos8895/mobicore_kinibi400/Daemon/src/MobiCoreDriverDaemon.cpp:253]
09-15 18:26:36.434  3150  3150 I TeeMcDaemon: driver version: v6.3 [hardware/samsung_slsi/exynos8895/mobicore_kinibi400/Daemon/src/SecureWorld.cpp:295]
09-15 18:26:36.446  3155  3155 I sysinit : Running /system/etc/init.d/00banner 
09-15 18:26:36.451     1     1 I init    : type=1400 audit(0.0:17): avc: denied { write } for name="battery" dev="sysfs" ino=35512 scontext=u:r:init:s0 tcontext=u:object_r:sysfs:s0 tclass=dir permissive=1
09-15 18:26:36.456  3163  3163 I cm      : _ _                                        
09-15 18:26:36.463  3166  3166 I cm      : | (_)_ __   ___  __ _  __ _  ___  ___  ___  
09-15 18:26:36.468  3160  3160 I lowmemorykiller: Using in-kernel low memory killer interface
09-15 18:26:36.470  3170  3170 I cm      : | | | '_ \ / _ \/ _` |/ _` |/ _ \/ _ \/ __| 
09-15 18:26:36.480  3176  3176 D wifiloader: Trigger initcall of deferred modules
09-15 18:26:36.486  3191  3191 I cm      : | | | | | |  __/ (_| | (_| |  __/ (_) \__ \ 
09-15 18:26:36.487  3162  3162 I SurfaceFlinger: SurfaceFlinger is starting
09-15 18:26:36.490  3162  3162 I SurfaceFlinger: SurfaceFlinger's main thread ready to run. Initializing graphics H/W...
09-15 18:26:36.501  3183  3183 I         : installd firing up
09-15 18:26:36.501  3177  3177 V lhd     : GlLhdInterface::Init(/system/etc/lhd.conf)
09-15 18:26:36.502  3177  3177 E lhd     : SetCfgValue: Critical Error. Unknown configuration parameter "FlpName"="tcp"
09-15 18:26:36.502  3177  3177 V lhd     : SetCfgValue: LHD config "LheSerialControl"="BBD:Serial=TTY"
09-15 18:26:36.502  3177  3177 E lhd     : SetCfgValue: Critical Error. Unknown configuration parameter "LheClockMHz"="100"
09-15 18:26:36.502  3177  3177 V lhd     : SetCfgValue: LHD config "LhePatch"="/dev/bbd_patch"
09-15 18:26:36.502  3177  3177 V lhd     : SetCfgValue: LHD config "LheMaxMcuResetTries"="4"
09-15 18:26:36.502  3177  3177 V lhd     : SetCfgValue: LHD config "LheBbdPacket"="/dev/ttyBCM"
09-15 18:26:36.502  3177  3177 V lhd     : SetCfgValue: LHD config "LheBbdControl"="/dev/bbd_control"
09-15 18:26:36.502  3177  3177 V lhd     : SetCfgValue: LHD config "LheBbdSensor"="/dev/bbd_sensor"
09-15 18:26:36.502  3177  3177 V lhd     : SetCfgValue: LHD config "Lhe477xDebugFlags"="RPC:FACILITY=33:STDOUT_PUTS:STDOUT_LOG"
09-15 18:26:36.502  3177  3177 E lhd     : SetCfgValue: Critical Error. Unknown configuration parameter "LheSensorIpc"="true"
09-15 18:26:36.502  3177  3177 E lhd     : SetCfgValue: Critical Error. Unknown configuration parameter "LhePinMux"="P17=M1"
09-15 18:26:36.502  3177  3177 V lhd     : SetCfgValue: LHD config "LheAutoBaudDelayMS"="10"
09-15 18:26:36.502  3177  3177 V lhd     : SetCfgValue: LHD config "LheMaxMcuResetTries"="3"
09-15 18:26:36.504  3177  3177 E lhd     : OpenFirmwareFile: Fail to open /efs/sec_efs/sensorhub_urgent_fw.patch, errno 2
09-15 18:26:36.504  3177  3177 E lhd     : getCustPatchVersion: Fail to parse patch /efs/sec_efs/sensorhub_urgent_fw.patch
09-15 18:26:36.504  3177  3177 E lhd     : getCustPatchVersion: <CustomerVersion> not found
09-15 18:26:36.519  3193  3193 I perfprofd: starting Android Wide Profiling daemon
09-15 18:26:36.519  3193  3193 E perfprofd: unable to open configuration file /data/data/com.google.android.gms/files/perfprofd.conf
09-15 18:26:36.520  3193  3193 I perfprofd: random seed set to 3341933947
09-15 18:26:36.521  3184  3184 I keystore: Found keymaster0 module Keymaster OpenSSL HAL, version 2
09-15 18:26:36.521  3184  3184 I SoftKeymaster: system/keymaster/soft_keymaster_device.cpp, Line 131: Creating device
09-15 18:26:36.521  3184  3184 D SoftKeymaster: system/keymaster/soft_keymaster_device.cpp, Line 132: Device address: 0x7fae63e000
09-15 18:26:36.521  3184  3184 I keystore: Keymaster0 module is software-only.  Using SoftKeymasterDevice instead.
09-15 18:26:36.521  3184  3184 I SoftKeymaster: system/keymaster/soft_keymaster_device.cpp, Line 131: Creating device
09-15 18:26:36.521  3184  3184 D SoftKeymaster: system/keymaster/soft_keymaster_device.cpp, Line 132: Device address: 0x7fae63e400
09-15 18:26:36.523  3199  3199 I cm      : |_|_|_| |_|\___|\__,_|\__, |\___|\___/|___/ 
09-15 18:26:36.534  3190  3190 I fingerprintd: Starting fingerprintd
09-15 18:26:36.534  3150  3150 I TeeMcDaemon: TEE is ready [hardware/samsung_slsi/exynos8895/mobicore_kinibi400/Daemon/src/SecureWorld.cpp:332]
09-15 18:26:36.536  3150  3150 I TeeMcDaemon: t-base-EXYNOS64-Android-400A-V011-20170203_131128_25330_57476 [hardware/samsung_slsi/exynos8895/mobicore_kinibi400/Daemon/src/MobiCoreDriverDaemon.cpp:280]
09-15 18:26:36.537  3150  3150 I TeeMcDaemon: Specific partition path used for Store_1.tf, stored in /efs/TEE [hardware/samsung_slsi/exynos8895/mobicore_kinibi400/Daemon/src/FSD2.cpp:340]
09-15 18:26:36.537  3150  3150 I TeeMcDaemon: Start services [hardware/samsung_slsi/exynos8895/mobicore_kinibi400/Daemon/src/MobiCoreDriverDaemon.cpp:304]
09-15 18:26:36.537  3150  3150 I TeeMcDaemon: * start secure world interface [hardware/samsung_slsi/exynos8895/mobicore_kinibi400/Daemon/src/MobiCoreDriverDaemon.cpp:308]
09-15 18:26:36.537  3150  3150 I TeeMcDaemon: * start filesystem [hardware/samsung_slsi/exynos8895/mobicore_kinibi400/Daemon/src/MobiCoreDriverDaemon.cpp:308]
09-15 18:26:36.537  3150  3150 I TeeMcDaemon: driver version: v6.3 [hardware/samsung_slsi/exynos8895/mobicore_kinibi400/ClientLib/src/driver.cpp:71]
09-15 18:26:36.537  3150  3150 I TeeMcDaemon: driver open [hardware/samsung_slsi/exynos8895/mobicore_kinibi400/ClientLib/src/driver.cpp:84]
09-15 18:26:36.537  3150  3150 I TeeMcDaemon: Kinibi access granted by the driver [hardware/samsung_slsi/exynos8895/mobicore_kinibi400/ClientLib/src/common.cpp:217]
09-15 18:26:36.538  3150  3201 I TeeMcDaemon: Start listening to secure world [hardware/samsung_slsi/exynos8895/mobicore_kinibi400/Daemon/src/SecureWorld.cpp:466]
09-15 18:26:36.538  3192  3192 I gatekeeperd: Starting gatekeeperd...
09-15 18:26:36.539  3192  3192 W gatekeeperd: falling back to software GateKeeper
09-15 18:26:36.541  3200  3200 I cm      :                       |___/ 
09-15 18:26:36.543  3150  3201 W TeeMcDaemon: Cannot open trustlet /data/misc/mcRegistry/07050501000000000000000000000020.tlbin (No such file or directory) [hardware/samsung_slsi/exynos8895/mobicore_kinibi400/Daemon/src/SecureWorld.cpp:195]
09-15 18:26:36.544  3150  3150 I TeeMcDaemon: * start registry update [hardware/samsung_slsi/exynos8895/mobicore_kinibi400/Daemon/src/MobiCoreDriverDaemon.cpp:308]
09-15 18:26:36.544  3150  3150 I TeeMcDaemon: * start registry server [hardware/samsung_slsi/exynos8895/mobicore_kinibi400/Daemon/src/MobiCoreDriverDaemon.cpp:308]
09-15 18:26:36.544  3150  3150 I TeeMcDaemon: * start debug session [hardware/samsung_slsi/exynos8895/mobicore_kinibi400/Daemon/src/MobiCoreDriverDaemon.cpp:308]
09-15 18:26:36.544  3150  3201 W TeeMcDaemon: Cannot open trustlet /data/misc/mcRegistry/08050500000000000000000000000000.tlbin (No such file or directory) [hardware/samsung_slsi/exynos8895/mobicore_kinibi400/Daemon/src/SecureWorld.cpp:195]
09-15 18:26:36.545  3150  3150 I TeeMcDaemon: session opened [hardware/samsung_slsi/exynos8895/mobicore_kinibi400/Daemon/src/DebugSession.cpp:113]
09-15 18:26:36.545  3150  3150 I TeeMcDaemon: Load secure drivers [hardware/samsung_slsi/exynos8895/mobicore_kinibi400/Daemon/src/MobiCoreDriverDaemon.cpp:318]
09-15 18:26:36.545  3150  3150 I TeeMcDaemon: * loading /system/app/FFFFFFFF000000000000000000000001.drbin [hardware/samsung_slsi/exynos8895/mobicore_kinibi400/Daemon/src/MobiCoreDriverDaemon.cpp:323]
09-15 18:26:36.546  3150  3205 I TeeMcDaemon: void RegistryServer::Impl::run(): Starting server [hardware/samsung_slsi/exynos8895/mobicore_kinibi400/Daemon/src/RegistryServer.cpp:230]
09-15 18:26:36.546  3150  3204 I TeeRegistryUpdate: Starting registry update open thread [hardware/samsung_slsi/exynos8895/mobicore_kinibi400/Daemon/src/RegistryUpdate.cpp:85]
09-15 18:26:36.547  3150  3203 I TeeMcDaemon: void FileSystem::Impl::run(): Start listening for request from STH2 [hardware/samsung_slsi/exynos8895/mobicore_kinibi400/Daemon/src/FSD2.cpp:443]
09-15 18:26:36.548  3189  3189 I Netd    : Netd 1.0 starting
09-15 18:26:36.550  3189  3189 D TetherController: Setting IP forward enable = 0
09-15 18:26:36.551  3150  3204 I TeeRegistryUpdate: Exiting registry update open thread [hardware/samsung_slsi/exynos8895/mobicore_kinibi400/Daemon/src/RegistryUpdate.cpp:143]
09-15 18:26:36.554  3189  3189 I QtiConnectivityAdapter: Failed to open libconnctrl, some features may not be present.
09-15 18:26:36.554  3189  3189 E         : Failed to open libdatactrl, some features may not be present.
09-15 18:26:36.554  3189  3189 E         : Failed to open libcsm_data, some features may not be present.
09-15 18:26:36.554  3150  3150 I TeeMcDaemon: * loading /system/app/mcRegistry/ffffffffd0000000000000000000000a.tlbin [hardware/samsung_slsi/exynos8895/mobicore_kinibi400/Daemon/src/MobiCoreDriverDaemon.cpp:323]
09-15 18:26:36.568  3162  3162 D libEGL  : loaded /vendor/lib64/egl/libGLES_mali.so
09-15 18:26:36.577  3150  3150 I TeeMcDaemon: * loading /system/app/mcRegistry/ffffffffd00000000000000000000016.tlbin [hardware/samsung_slsi/exynos8895/mobicore_kinibi400/Daemon/src/MobiCoreDriverDaemon.cpp:323]
09-15 18:26:36.584  3174  3174 I cameraserver: ServiceManager: 0xf6699420
09-15 18:26:36.584  3174  3174 I CameraService: CameraService started (pid=3174)
09-15 18:26:36.584  3174  3174 I CameraService: CameraService process starting
09-15 18:26:36.585  3174  3174 W BatteryNotifier: batterystats service unavailable!
09-15 18:26:36.585  3174  3174 W BatteryNotifier: batterystats service unavailable!
09-15 18:26:36.586  3174  3174 E CameraService: Could not load camera HAL module: -2 (No such file or directory)
09-15 18:26:36.599  3209  3209 I cm      : Welcome to Android 7.1.2 / LineageOS-14.1-20170915-UNOFFICIAL-dream2lte 
09-15 18:26:36.607  3162  3162 I gralloc : using (id=)
09-15 18:26:36.607  3162  3162 I gralloc : xres         = 1440 px
09-15 18:26:36.607  3162  3162 I gralloc : yres         = 2960 px
09-15 18:26:36.607  3162  3162 I gralloc : width        = 70 mm (522.514282 dpi)
09-15 18:26:36.607  3162  3162 I gralloc : height       = 143 mm (525.762268 dpi)
09-15 18:26:36.607  3162  3162 I gralloc : refresh rate = 60.00 Hz
09-15 18:26:36.632  3224  3224 I sysinit : Running /system/etc/init.d/90userinit 
09-15 18:26:36.638  3187  3187 V MediaUtils: physMem: 3645853696
09-15 18:26:36.638  3187  3187 V MediaUtils: requested limit: 729170720
09-15 18:26:36.638  3187  3187 V MediaUtils: actual limit: 729170720
09-15 18:26:36.638  3187  3187 V MediaUtils: original limits: 4294967295/4294967295
09-15 18:26:36.638  3187  3187 V MediaUtils: new limits: 729170720/4294967295
09-15 18:26:36.638  3187  3187 W /system/bin/mediaextractor: libminijail: allowing syscall: clock_gettime
09-15 18:26:36.638  3187  3187 W /system/bin/mediaextractor: libminijail: allowing syscall: connect
09-15 18:26:36.638  3187  3187 W /system/bin/mediaextractor: libminijail: allowing syscall: fcntl64
09-15 18:26:36.639  3187  3187 W /system/bin/mediaextractor: libminijail: allowing syscall: socket
09-15 18:26:36.639  3187  3187 W /system/bin/mediaextractor: libminijail: allowing syscall: writev
09-15 18:26:36.639  3187  3187 W /system/bin/mediaextractor: libminijail: logging seccomp filter failures
09-15 18:26:36.639  3181  3181 I         : sMaxFastTracks = 8
09-15 18:26:36.640  3162  3162 W hwcomposer: invalid refresh rate, assuming 60 Hz
09-15 18:26:36.640  3162  3162 D hwcomposer: using
09-15 18:26:36.640  3162  3162 D hwcomposer: xres         = 1440 px
09-15 18:26:36.640  3162  3162 D hwcomposer: yres         = 2960 px
09-15 18:26:36.640  3162  3162 D hwcomposer: width        = 70 mm (522.514000 dpi)
09-15 18:26:36.640  3162  3162 D hwcomposer: height       = 143 mm (525.762000 dpi)
09-15 18:26:36.640  3162  3162 D hwcomposer: refresh rate = 60 Hz
09-15 18:26:36.640  3162  3162 I hwcomposer: PSR info devname = /sys/devices/platform/12860000.decon_f/psr_info
09-15 18:26:36.640  3162  3162 I hwcomposer: PSR mode is 2(0: video mode, 1: DP PSR mode, 2: MIPI-DSI command mode)
09-15 18:26:36.641  3162  3162 I SurfaceFlinger: Using composer version 1.4
09-15 18:26:36.641  3162  3162 E display : unknown display attribute 6
09-15 18:26:36.641  3162  3162 I SurfaceFlinger: EGL information:
09-15 18:26:36.641  3162  3162 I SurfaceFlinger: vendor    : Android
09-15 18:26:36.641  3162  3162 I SurfaceFlinger: version   : 1.4 Android META-EGL
09-15 18:26:36.641  3162  3162 I SurfaceFlinger: extensions: EGL_KHR_get_all_proc_addresses EGL_ANDROID_presentation_time EGL_KHR_swap_buffers_with_damage EGL_ANDROID_create_native_client_buffer EGL_ANDROID_front_buffer_auto_refresh EGL_KHR_image EGL_KHR_image_base EGL_KHR_gl_texture_2D_image EGL_KHR_gl_texture_cubemap_image EGL_KHR_gl_renderbuffer_image EGL_KHR_fence_sync EGL_KHR_create_context EGL_KHR_config_attribs EGL_KHR_surfaceless_context EGL_EXT_create_context_robustness EGL_ANDROID_image_native_buffer EGL_KHR_wait_sync EGL_ANDROID_recordable EGL_KHR_partial_update EGL_KHR_mutable_render_buffer EGL_EXT_protected_content 
09-15 18:26:36.641  3162  3162 I SurfaceFlinger: Client API: OpenGL_ES
09-15 18:26:36.641  3162  3162 I SurfaceFlinger: EGLSurface: 8-8-8-8, config=0x7fae869138
09-15 18:26:36.644  3150  3203 I TeeMcDaemon: TEEC_Result Partition::open(): Open storage file "/efs/TEE/Store_1.tf" [hardware/samsung_slsi/exynos8895/mobicore_kinibi400/Daemon/src/FSD2.cpp:157]
09-15 18:26:36.644  3181  3181 I audioserver: ServiceManager: 0xf6519420
09-15 18:26:36.645  3181  3181 W BatteryNotifier: batterystats service unavailable!
09-15 18:26:36.645  3150  3203 I TeeMcDaemon: TEEC_Result Partition::open(): storage file "/efs/TEE/Store_1.tf" successfully open (size: 23 KB / 23552 B)) [hardware/samsung_slsi/exynos8895/mobicore_kinibi400/Daemon/src/FSD2.cpp:166]
09-15 18:26:36.645  3181  3181 I AudioFlinger: Using default 3000 mSec as standby time.
09-15 18:26:36.646  3181  3181 I AudioPolicyService: AudioPolicyService CSTOR in new mode
09-15 18:26:36.646  3181  3181 W APM::ConfigParsingUtils: loadOutput() invalid supported devices
09-15 18:26:36.646  3181  3181 W APM::ConfigParsingUtils: loadInput() invalid supported devices
09-15 18:26:36.647  3181  3181 W APM::ConfigParsingUtils: loadInput() invalid supported devices
09-15 18:26:36.647  3181  3181 I APM::ConfigParsingUtils: loadAudioPolicyConfig() loaded /system/etc/audio_policy.conf
09-15 18:26:36.651  3162  3162 I SurfaceFlinger: OpenGL ES informations:
09-15 18:26:36.652  3162  3162 I SurfaceFlinger: vendor    : ARM
09-15 18:26:36.652  3162  3162 I SurfaceFlinger: renderer  : Mali-G71
09-15 18:26:36.652  3162  3162 I SurfaceFlinger: version   : OpenGL ES 3.2 v1.r3p0-00rel0.52a2c5ce14e045eb8b9074c171442f91
09-15 18:26:36.652  3162  3162 I SurfaceFlinger: extensions: GL_EXT_debug_marker GL_ARM_rgba8 GL_ARM_mali_shader_binary GL_OES_depth24 GL_OES_depth_texture GL_OES_depth_texture_cube_map GL_OES_packed_depth_stencil GL_OES_rgb8_rgba8 GL_EXT_read_format_bgra GL_OES_compressed_paletted_texture GL_OES_compressed_ETC1_RGB8_texture GL_OES_standard_derivatives GL_OES_EGL_image GL_OES_EGL_image_external GL_OES_EGL_image_external_essl3 GL_OES_EGL_sync GL_OES_texture_npot GL_OES_vertex_half_float GL_OES_required_internalformat GL_OES_vertex_array_object GL_OES_mapbuffer GL_EXT_texture_format_BGRA8888 GL_EXT_texture_rg GL_EXT_texture_type_2_10_10_10_REV GL_OES_fbo_render_mipmap GL_OES_element_index_uint GL_EXT_shadow_samplers GL_OES_texture_compression_astc GL_KHR_texture_compression_astc_ldr GL_KHR_texture_compression_astc_hdr GL_KHR_texture_compression_astc_sliced_3d GL_KHR_debug GL_EXT_occlusion_query_boolean GL_EXT_disjoint_timer_query GL_EXT_blend_minmax GL_EXT_discard_framebuffer GL_OES_get_program_binary GL_OES_texture_3D GL_EXT_texture_storage GL_EXT_multisamp
09-15 18:26:36.652  3162  3162 I SurfaceFlinger: GL_MAX_TEXTURE_SIZE = 16384
09-15 18:26:36.652  3162  3162 I SurfaceFlinger: GL_MAX_VIEWPORT_DIMS = 16384
09-15 18:26:36.653  3162  3162 D mali_winsys: EGLint new_window_surface(egl_winsys_display*, void*, EGLSurface, EGLConfig, egl_winsys_surface**, egl_color_buffer_format*, EGLBoolean) returns 0x3000,  [1440x2960]-format:1
09-15 18:26:36.659  3185  3185 I mediacodec: @@@ mediacodecservice starting
09-15 18:26:36.660  3185  3185 W /system/bin/mediacodec: libminijail: allowing syscall: clock_gettime
09-15 18:26:36.660  3185  3185 W /system/bin/mediacodec: libminijail: allowing syscall: connect
09-15 18:26:36.660  3185  3185 W /system/bin/mediacodec: libminijail: allowing syscall: fcntl64
09-15 18:26:36.660  3185  3185 W /system/bin/mediacodec: libminijail: allowing syscall: socket
09-15 18:26:36.660  3185  3185 W /system/bin/mediacodec: libminijail: allowing syscall: writev
09-15 18:26:36.662  3185  3185 W /system/bin/mediacodec: libminijail: logging seccomp filter failures
09-15 18:26:36.664  3186  3186 I mediaserver: ServiceManager: 0xf6619480
09-15 18:26:36.666  3150  3150 I TeeMcDaemon: Daemon running [hardware/samsung_slsi/exynos8895/mobicore_kinibi400/Daemon/src/MobiCoreDriverDaemon.cpp:342]
09-15 18:26:36.669  3178  3178 D gpsd    : WakeLock(Release,GPSD)
09-15 18:26:36.669  3177  3177 D lhd     : OnIpcConnect
09-15 18:26:36.672  3178  3178 D gpsd    : WakeLock(Release,SUPL)
09-15 18:26:36.672  3178  3178 I gpsd_d  : GNSS: 282637
09-15 18:26:36.673  3178  3178 I gpsd_d  : CustomerModule::Create chip info "Broadcom,BCM4774,282637" written into /data/system/gps//chip.info
09-15 18:26:36.673  3178  3178 D wrapperGPS: wrapperOpenClient_RILD
09-15 18:26:36.673  3178  3178 E wrapperGPS: wrapperOpenClient_RILD: RegisterUnsolicitedHandler() UNSOL_GPS_NOTI (11009)
09-15 18:26:36.673  3178  3178 D wrapperGPS: wrapperRegisterRequestCompleteHandler
09-15 18:26:36.673  3178  3178 D wrapperGPS: wrapperRegisterUnsolicitedHandler id(12009), handler(0x128ef8d30)
09-15 18:26:36.673  3178  3178 D wrapperGPS: wrapperRegisterErrorCallback
09-15 18:26:36.673  3178  3178 D wrapperGPS: wrapperConnect_RILD
09-15 18:26:36.679  3085  3085 W auditd  : type=1325 audit(0.0:18): table=filter family=2 entries=4
09-15 18:26:36.679  3085  3085 W auditd  : type=1320 audit(0.0:18): 
09-15 18:26:36.699  3085  3085 W auditd  : type=1325 audit(0.0:19): table=filter family=10 entries=4
09-15 18:26:36.699  3085  3085 W auditd  : type=1320 audit(0.0:19): 
09-15 18:26:36.707  3188  3188 I mediaserver: ServiceManager: 0xf6519480
09-15 18:26:36.707  3188  3188 W BatteryNotifier: batterystats service unavailable!
09-15 18:26:36.711  3085  3085 W auditd  : type=1325 audit(0.0:20): table=filter family=2 entries=6
09-15 18:26:36.711  3085  3085 W auditd  : type=1320 audit(0.0:20): 
09-15 18:26:36.719  3085  3085 W auditd  : type=1325 audit(0.0:21): table=filter family=10 entries=6
09-15 18:26:36.719  3085  3085 W auditd  : type=1320 audit(0.0:21): 
09-15 18:26:36.771  3085  3085 W auditd  : type=1325 audit(0.0:22): table=filter family=2 entries=7
09-15 18:26:36.771  3085  3085 W auditd  : type=1320 audit(0.0:22): 
09-15 18:26:36.775  3173  3173 I cbd     : type=1400 audit(0.0:23): avc: denied { read write } for name="umts_boot0" dev="tmpfs" ino=18066 scontext=u:r:cbd:s0 tcontext=u:object_r:device:s0 tclass=chr_file permissive=1
09-15 18:26:36.775  3173  3173 I cbd     : type=1400 audit(0.0:23): avc: denied { open } for path="/dev/umts_boot0" dev="tmpfs" ino=18066 scontext=u:r:cbd:s0 tcontext=u:object_r:device:s0 tclass=chr_file permissive=1
09-15 18:26:36.775  3173  3173 W cbd     : type=1300 audit(0.0:23): arch=c00000b7 syscall=56 success=yes exit=6 a0=ffffff9c a1=472d5e a2=2 a3=0 items=0 ppid=1 auid=4294967295 uid=1001 gid=1001 euid=1001 suid=1001 fsuid=1001 egid=1001 sgid=1001 fsgid=1001 tty=(none) ses=4294967295 exe="/system/bin/cbd" subj=u:r:cbd:s0 key=(null)
09-15 18:26:36.775  3085  3085 W auditd  : type=1327 audit(0.0:23): proctitle=2F73797374656D2F62696E2F636264002D64002D747373333130002D626D002D6D6D002D5000706C6174666F726D2F31313132303030302E7566732F62792D6E616D652F524144494F002D6300706C6174666F726D2F31313132303030302E7566732F62792D6E616D652F43505F4445425547
09-15 18:26:36.775  3085  3085 W auditd  : type=1320 audit(0.0:23): 
09-15 18:26:36.775  3173  3173 I cbd     : type=1400 audit(0.0:24): avc: denied { ioctl } for path="/dev/umts_boot0" dev="tmpfs" ino=18066 ioctlcmd=6f45 scontext=u:r:cbd:s0 tcontext=u:object_r:device:s0 tclass=chr_file permissive=1
09-15 18:26:36.775  3173  3173 W cbd     : type=1300 audit(0.0:24): arch=c00000b7 syscall=29 success=yes exit=0 a0=6 a1=6f45 a2=7f8201d000 a3=4 items=0 ppid=1 auid=4294967295 uid=1001 gid=1001 euid=1001 suid=1001 fsuid=1001 egid=1001 sgid=1001 fsgid=1001 tty=(none) ses=4294967295 exe="/system/bin/cbd" subj=u:r:cbd:s0 key=(null)
09-15 18:26:36.775  3085  3085 W auditd  : type=1327 audit(0.0:24): proctitle=2F73797374656D2F62696E2F636264002D64002D747373333130002D626D002D6D6D002D5000706C6174666F726D2F31313132303030302E7566732F62792D6E616D652F524144494F002D6300706C6174666F726D2F31313132303030302E7566732F62792D6E616D652F43505F4445425547
09-15 18:26:36.775  3085  3085 W auditd  : type=1320 audit(0.0:24): 
09-15 18:26:36.783  3085  3085 W auditd  : type=1325 audit(0.0:25): table=filter family=10 entries=7
09-15 18:26:36.783  3085  3085 W auditd  : type=1320 audit(0.0:25): 
09-15 18:26:36.783  3229  3229 I rild    : type=1400 audit(0.0:26): avc: denied { write } for name="com.android.providers.telephony" dev="sda24" ino=3121157 scontext=u:r:rild:s0 tcontext=u:object_r:system_data_file:s0 tclass=dir permissive=1
09-15 18:26:36.783  3229  3229 I rild    : type=1400 audit(0.0:26): avc: denied { add_name } for name="opname.db" scontext=u:r:rild:s0 tcontext=u:object_r:system_data_file:s0 tclass=dir permissive=1
09-15 18:26:36.783  3229  3229 I rild    : type=1400 audit(0.0:26): avc: denied { create } for name="opname.db" scontext=u:r:rild:s0 tcontext=u:object_r:system_data_file:s0 tclass=file permissive=1
09-15 18:26:36.783  3229  3229 I rild    : type=1400 audit(0.0:26): avc: denied { write } for path="/data/user_de/0/com.android.providers.telephony/opname.db" dev="sda24" ino=3121253 scontext=u:r:rild:s0 tcontext=u:object_r:system_data_file:s0 tclass=file permissive=1
09-15 18:26:36.783  3229  3229 W rild    : type=1300 audit(0.0:26): arch=c00000b7 syscall=56 success=yes exit=18 a0=ffffff9c a1=7f791a7640 a2=a0042 a3=180 items=0 ppid=1 auid=4294967295 uid=1001 gid=1001 euid=1001 suid=1001 fsuid=1001 egid=1001 sgid=1001 fsgid=1001 tty=(none) ses=4294967295 exe="/system/bin/rild" subj=u:r:rild:s0 key=(null)
09-15 18:26:36.783  3085  3085 W auditd  : type=1327 audit(0.0:26): proctitle="/system/bin/rild"
09-15 18:26:36.783  3085  3085 W auditd  : type=1320 audit(0.0:26): 
09-15 18:26:36.791  3229  3229 I rild    : type=1400 audit(0.0:27): avc: denied { remove_name } for name="opname.db-journal" dev="sda24" ino=3121254 scontext=u:r:rild:s0 tcontext=u:object_r:system_data_file:s0 tclass=dir permissive=1
09-15 18:26:36.791  3229  3229 I rild    : type=1400 audit(0.0:27): avc: denied { unlink } for name="opname.db-journal" dev="sda24" ino=3121254 scontext=u:r:rild:s0 tcontext=u:object_r:system_data_file:s0 tclass=file permissive=1
09-15 18:26:36.791  3229  3229 W rild    : type=1300 audit(0.0:27): arch=c00000b7 syscall=35 success=yes exit=0 a0=ffffff9c a1=7f791a767b a2=0 a3=7f791a7620 items=0 ppid=1 auid=4294967295 uid=1001 gid=1001 euid=1001 suid=1001 fsuid=1001 egid=1001 sgid=1001 fsgid=1001 tty=(none) ses=4294967295 exe="/system/bin/rild" subj=u:r:rild:s0 key=(null)
09-15 18:26:36.791  3085  3085 W auditd  : type=1327 audit(0.0:27): proctitle="/system/bin/rild"
09-15 18:26:36.791  3085  3085 W auditd  : type=1320 audit(0.0:27): 
09-15 18:26:36.791  3085  3085 W auditd  : type=1325 audit(0.0:28): table=filter family=2 entries=9
09-15 18:26:36.791  3085  3085 W auditd  : type=1320 audit(0.0:28): 
09-15 18:26:36.791  3229  3229 I rild    : type=1400 audit(0.0:29): avc: denied { read write } for name="umts_boot0" dev="tmpfs" ino=18066 scontext=u:r:rild:s0 tcontext=u:object_r:device:s0 tclass=chr_file permissive=1
09-15 18:26:36.791  3229  3229 I rild    : type=1400 audit(0.0:29): avc: denied { open } for path="/dev/umts_boot0" dev="tmpfs" ino=18066 scontext=u:r:rild:s0 tcontext=u:object_r:device:s0 tclass=chr_file permissive=1
09-15 18:26:36.791  3229  3229 W rild    : type=1300 audit(0.0:29): arch=c00000b7 syscall=56 success=yes exit=19 a0=ffffff9c a1=7f798da48a a2=2 a3=0 items=0 ppid=1 auid=4294967295 uid=1001 gid=1001 euid=1001 suid=1001 fsuid=1001 egid=1001 sgid=1001 fsgid=1001 tty=(none) ses=4294967295 exe="/system/bin/rild" subj=u:r:rild:s0 key=(null)
09-15 18:26:36.832  3176  3176 V wifiloader: /proc/deferred_initcalls=0
09-15 18:26:36.832  3176  3176 V wifiloader: 
09-15 18:26:36.984  3180  3180 D AndroidRuntime: >>>>>> START com.android.internal.os.ZygoteInit uid 0 <<<<<<
09-15 18:26:36.994  3180  3180 D AndroidRuntime: CheckJNI is ON
09-15 18:26:36.997  3180  3180 I art     : option[0]=-Xzygote
09-15 18:26:36.997  3180  3180 I art     : option[1]=-Xcheck:jni
09-15 18:26:36.997  3180  3180 I art     : option[2]=-Xstacktracefile:/data/anr/traces.txt
09-15 18:26:36.997  3180  3180 I art     : option[3]=exit
09-15 18:26:36.998  3180  3180 I art     : option[4]=vfprintf
09-15 18:26:36.998  3180  3180 I art     : option[5]=sensitiveThread
09-15 18:26:36.998  3180  3180 I art     : option[6]=-verbose:gc
09-15 18:26:36.998  3180  3180 I art     : option[7]=-Xms8m
09-15 18:26:36.998  3180  3180 I art     : option[8]=-Xmx512m
09-15 18:26:36.998  3180  3180 I art     : option[9]=-XX:HeapGrowthLimit=256m
09-15 18:26:36.998  3180  3180 I art     : option[10]=-XX:HeapMinFree=2m
09-15 18:26:36.998  3180  3180 I art     : option[11]=-XX:HeapMaxFree=8m
09-15 18:26:36.998  3180  3180 I art     : option[12]=-XX:HeapTargetUtilization=0.75
09-15 18:26:36.998  3180  3180 I art     : option[13]=-Xusejit:true
09-15 18:26:36.998  3180  3180 I art     : option[14]=-Xjitsaveprofilinginfo
09-15 18:26:36.998  3180  3180 I art     : option[15]=-agentlib:jdwp=transport=dt_android_adb,suspend=n,server=y
09-15 18:26:36.998  3180  3180 I art     : option[16]=-Xlockprofthreshold:500
09-15 18:26:36.998  3180  3180 I art     : option[17]=-Ximage-compiler-option
09-15 18:26:36.998  3180  3180 I art     : option[18]=--runtime-arg
09-15 18:26:36.998  3180  3180 I art     : option[19]=-Ximage-compiler-option
09-15 18:26:36.998  3180  3180 I art     : option[20]=-Xms64m
09-15 18:26:36.998  3180  3180 I art     : option[21]=-Ximage-compiler-option
09-15 18:26:36.998  3180  3180 I art     : option[22]=--runtime-arg
09-15 18:26:36.998  3180  3180 I art     : option[23]=-Ximage-compiler-option
09-15 18:26:36.998  3180  3180 I art     : option[24]=-Xmx64m
09-15 18:26:36.998  3180  3180 I art     : option[25]=-Ximage-compiler-option
09-15 18:26:36.998  3180  3180 I art     : option[26]=--compiler-filter=verify-at-runtime
09-15 18:26:36.998  3180  3180 I art     : option[27]=-Ximage-compiler-option
09-15 18:26:36.998  3180  3180 I art     : option[28]=--image-classes=/system/etc/preloaded-classes
09-15 18:26:36.998  3180  3180 I art     : option[29]=-Ximage-compiler-option
09-15 18:26:36.998  3180  3180 I art     : option[30]=--compiled-classes=/system/etc/compiled-classes
09-15 18:26:36.998  3180  3180 I art     : option[31]=-Xcompiler-option
09-15 18:26:36.998  3180  3180 I art     : option[32]=--runtime-arg
09-15 18:26:36.998  3180  3180 I art     : option[33]=-Xcompiler-option
09-15 18:26:36.998  3180  3180 I art     : option[34]=-Xms64m
09-15 18:26:36.998  3180  3180 I art     : option[35]=-Xcompiler-option
09-15 18:26:36.998  3180  3180 I art     : option[36]=--runtime-arg
09-15 18:26:36.998  3180  3180 I art     : option[37]=-Xcompiler-option
09-15 18:26:36.998  3180  3180 I art     : option[38]=-Xmx512m
09-15 18:26:36.998  3180  3180 I art     : option[39]=-Ximage-compiler-option
09-15 18:26:36.998  3180  3180 I art     : option[40]=--instruction-set-variant=cortex-a53.a57
09-15 18:26:36.998  3180  3180 I art     : option[41]=-Xcompiler-option
09-15 18:26:36.998  3180  3180 I art     : option[42]=--instruction-set-variant=cortex-a53.a57
09-15 18:26:36.998  3180  3180 I art     : option[43]=-Ximage-compiler-option
09-15 18:26:36.998  3180  3180 I art     : option[44]=--instruction-set-features=default
09-15 18:26:36.999  3180  3180 I art     : option[45]=-Xcompiler-option
09-15 18:26:36.999  3180  3180 I art     : option[46]=--instruction-set-features=default
09-15 18:26:36.999  3180  3180 I art     : option[47]=-Duser.locale=en-US
09-15 18:26:36.999  3180  3180 I art     : option[48]=--cpu-abilist=armeabi-v7a,armeabi
09-15 18:26:36.999  3180  3180 I art     : option[49]=-Xfingerprint:samsung/dream2ltexx/dream2lte:7.0/NRD90M/G955FXXU1AQH3:user/release-keys
09-15 18:26:37.068  3179  3179 D AndroidRuntime: >>>>>> START com.android.internal.os.ZygoteInit uid 0 <<<<<<
09-15 18:26:37.078  3179  3179 D AndroidRuntime: CheckJNI is ON
09-15 18:26:37.082  3179  3179 I art     : option[0]=-Xzygote
09-15 18:26:37.082  3179  3179 I art     : option[1]=-Xcheck:jni
09-15 18:26:37.082  3179  3179 I art     : option[2]=-Xstacktracefile:/data/anr/traces.txt
09-15 18:26:37.082  3179  3179 I art     : option[3]=exit
09-15 18:26:37.082  3179  3179 I art     : option[4]=vfprintf
09-15 18:26:37.082  3179  3179 I art     : option[5]=sensitiveThread
09-15 18:26:37.082  3179  3179 I art     : option[6]=-verbose:gc
09-15 18:26:37.082  3179  3179 I art     : option[7]=-Xms8m
09-15 18:26:37.082  3179  3179 I art     : option[8]=-Xmx512m
09-15 18:26:37.082  3179  3179 I art     : option[9]=-XX:HeapGrowthLimit=256m
09-15 18:26:37.082  3179  3179 I art     : option[10]=-XX:HeapMinFree=2m
09-15 18:26:37.082  3179  3179 I art     : option[11]=-XX:HeapMaxFree=8m
09-15 18:26:37.082  3179  3179 I art     : option[12]=-XX:HeapTargetUtilization=0.75
09-15 18:26:37.082  3179  3179 I art     : option[13]=-Xusejit:true
09-15 18:26:37.082  3179  3179 I art     : option[14]=-Xjitsaveprofilinginfo
09-15 18:26:37.082  3179  3179 I art     : option[15]=-agentlib:jdwp=transport=dt_android_adb,suspend=n,server=y
09-15 18:26:37.082  3179  3179 I art     : option[16]=-Xlockprofthreshold:500
09-15 18:26:37.082  3179  3179 I art     : option[17]=-Ximage-compiler-option
09-15 18:26:37.082  3179  3179 I art     : option[18]=--runtime-arg
09-15 18:26:37.082  3179  3179 I art     : option[19]=-Ximage-compiler-option
09-15 18:26:37.082  3179  3179 I art     : option[20]=-Xms64m
09-15 18:26:37.082  3179  3179 I art     : option[21]=-Ximage-compiler-option
09-15 18:26:37.082  3179  3179 I art     : option[22]=--runtime-arg
09-15 18:26:37.082  3179  3179 I art     : option[23]=-Ximage-compiler-option
09-15 18:26:37.082  3179  3179 I art     : option[24]=-Xmx64m
09-15 18:26:37.082  3179  3179 I art     : option[25]=-Ximage-compiler-option
09-15 18:26:37.082  3179  3179 I art     : option[26]=--compiler-filter=verify-at-runtime
09-15 18:26:37.082  3179  3179 I art     : option[27]=-Ximage-compiler-option
09-15 18:26:37.082  3179  3179 I art     : option[28]=--image-classes=/system/etc/preloaded-classes
09-15 18:26:37.082  3179  3179 I art     : option[29]=-Ximage-compiler-option
09-15 18:26:37.082  3179  3179 I art     : option[30]=--compiled-classes=/system/etc/compiled-classes
09-15 18:26:37.082  3179  3179 I art     : option[31]=-Xcompiler-option
09-15 18:26:37.082  3179  3179 I art     : option[32]=--runtime-arg
09-15 18:26:37.082  3179  3179 I art     : option[33]=-Xcompiler-option
09-15 18:26:37.082  3179  3179 I art     : option[34]=-Xms64m
09-15 18:26:37.082  3179  3179 I art     : option[35]=-Xcompiler-option
09-15 18:26:37.082  3179  3179 I art     : option[36]=--runtime-arg
09-15 18:26:37.082  3179  3179 I art     : option[37]=-Xcompiler-option
09-15 18:26:37.082  3179  3179 I art     : option[38]=-Xmx512m
09-15 18:26:37.082  3179  3179 I art     : option[39]=-Ximage-compiler-option
09-15 18:26:37.082  3179  3179 I art     : option[40]=--instruction-set-variant=generic
09-15 18:26:37.082  3179  3179 I art     : option[41]=-Xcompiler-option
09-15 18:26:37.082  3179  3179 I art     : option[42]=--instruction-set-variant=generic
09-15 18:26:37.082  3179  3179 I art     : option[43]=-Ximage-compiler-option
09-15 18:26:37.082  3179  3179 I art     : option[44]=--instruction-set-features=default
09-15 18:26:37.082  3179  3179 I art     : option[45]=-Xcompiler-option
09-15 18:26:37.082  3179  3179 I art     : option[46]=--instruction-set-features=default
09-15 18:26:37.082  3179  3179 I art     : option[47]=-Duser.locale=en-US
09-15 18:26:37.082  3179  3179 I art     : option[48]=--cpu-abilist=arm64-v8a
09-15 18:26:37.082  3179  3179 I art     : option[49]=-Xfingerprint:samsung/dream2ltexx/dream2lte:7.0/NRD90M/G955FXXU1AQH3:user/release-keys
09-15 18:26:37.110  3180  3180 D ICU     : No timezone override file found: /data/misc/zoneinfo/current/icu/icu_tzdata.dat
--------- beginning of crash
09-15 18:26:37.118  3181  3181 F libc    : Fatal signal 11 (SIGSEGV), code 1, fault addr 0x0 in tid 3181 (audioserver)
09-15 18:26:37.119  3075  3075 W         : debuggerd: handling request: pid=3181 uid=1041 gid=1005 tid=3181
09-15 18:26:37.127  3359  3359 E         : debuggerd: Unable to connect to activity manager (connect failed: No such file or directory)
09-15 18:26:37.167  3180  3180 W art     : Before Android 4.1, method double java.util.concurrent.ThreadLocalRandom.internalNextDouble(double, double) would have incorrectly overridden the package-private method in java.util.Random
09-15 18:26:37.167  3180  3180 W art     : Before Android 4.1, method int java.util.concurrent.ThreadLocalRandom.internalNextInt(int, int) would have incorrectly overridden the package-private method in java.util.Random
09-15 18:26:37.167  3180  3180 W art     : Before Android 4.1, method long java.util.concurrent.ThreadLocalRandom.internalNextLong(long, long) would have incorrectly overridden the package-private method in java.util.Random
09-15 18:26:37.177  3359  3359 F DEBUG   : *** *** *** *** *** *** *** *** *** *** *** *** *** *** *** ***
09-15 18:26:37.178  3359  3359 F DEBUG   : LineageOS Version: '14.1-20170915-UNOFFICIAL-dream2lte'
09-15 18:26:37.178  3359  3359 F DEBUG   : Build fingerprint: 'samsung/dream2ltexx/dream2lte:7.0/NRD90M/G955FXXU1AQH3:user/release-keys'
09-15 18:26:37.178  3359  3359 F DEBUG   : Revision: '0'
09-15 18:26:37.178  3359  3359 F DEBUG   : ABI: 'arm'
09-15 18:26:37.178  3359  3359 F DEBUG   : pid: 3181, tid: 3181, name: audioserver  >>> /system/bin/audioserver <<<
09-15 18:26:37.178  3359  3359 F DEBUG   : signal 11 (SIGSEGV), code 1 (SEGV_MAPERR), fault addr 0x0
09-15 18:26:37.178  3359  3359 F DEBUG   :     r0 00000000  r1 00000000  r2 00000000  r3 6e692d00
09-15 18:26:37.178  3359  3359 F DEBUG   :     r4 00000000  r5 00000000  r6 00000000  r7 f6505423
09-15 18:26:37.179  3359  3359 F DEBUG   :     r8 00000000  r9 f65746c8  sl f6552314  fp 00000000
09-15 18:26:37.179  3359  3359 F DEBUG   :     ip f7133fc4  sp ffd1bc48  lr f712f981  pc f6b816a6  cpsr 800b0030
09-15 18:26:37.183  3359  3359 F DEBUG   : 
09-15 18:26:37.183  3359  3359 F DEBUG   : backtrace:
09-15 18:26:37.183  3359  3359 F DEBUG   :     #00 pc 000466a6  /system/lib/libc.so (strtol+25)
09-15 18:26:37.183  3359  3359 F DEBUG   :     #01 pc 0000197d  /system/lib/libaudioroute.so
09-15 18:26:37.183  3359  3359 F DEBUG   :     #02 pc 000067d1  /system/lib/libexpat.so
09-15 18:26:37.183  3359  3359 F DEBUG   :     #03 pc 00005b97  /system/lib/libexpat.so
09-15 18:26:37.183  3179  3179 D ICU     : No timezone override file found: /data/misc/zoneinfo/current/icu/icu_tzdata.dat
09-15 18:26:37.183  3359  3359 F DEBUG   :     #04 pc 00003f23  /system/lib/libexpat.so (XML_ParseBuffer+82)
09-15 18:26:37.183  3359  3359 F DEBUG   :     #05 pc 000015f7  /system/lib/libaudioroute.so (audio_route_init+398)
09-15 18:26:37.183  3359  3359 F DEBUG   :     #06 pc 00004344  /system/lib/hw/audio.primary.universal8895.so
09-15 18:26:37.183  3359  3359 F DEBUG   :     #07 pc 0002488f  /system/lib/libaudioflinger.so
09-15 18:26:37.183  3359  3359 F DEBUG   :     #08 pc 0002800b  /system/lib/libaudioflinger.so
09-15 18:26:37.183  3359  3359 F DEBUG   :     #09 pc 0000baef  /system/lib/libaudiopolicyservice.so
09-15 18:26:37.183  3359  3359 F DEBUG   :     #10 pc 00024385  /system/lib/libaudiopolicymanagerdefault.so (_ZN7android18AudioPolicyManagerC1EPNS_26AudioPolicyClientInterfaceE+692)
09-15 18:26:37.183  3359  3359 F DEBUG   :     #11 pc 0000082f  /system/lib/libaudiopolicymanager.so (createAudioPolicyManager+14)
09-15 18:26:37.183  3359  3359 F DEBUG   :     #12 pc 0000603f  /system/lib/libaudiopolicyservice.so
09-15 18:26:37.183  3359  3359 F DEBUG   :     #13 pc 00001d8f  /system/bin/audioserver
09-15 18:26:37.184  3359  3359 F DEBUG   :     #14 pc 0000182b  /system/bin/audioserver
09-15 18:26:37.184  3359  3359 F DEBUG   :     #15 pc 00016c8d  /system/lib/libc.so (__libc_init+48)
09-15 18:26:37.184  3359  3359 F DEBUG   :     #16 pc 0000156c  /system/bin/audioserver
09-15 18:26:37.232  3075  3075 W         : debuggerd: resuming target 3181
09-15 18:26:37.232  3161  3161 I ServiceManager: service 'media.audio_flinger' died
09-15 18:26:37.244  3179  3179 W art     : Before Android 4.1, method double java.util.concurrent.ThreadLocalRandom.internalNextDouble(double, double) would have incorrectly overridden the package-private method in java.util.Random
09-15 18:26:37.244  3179  3179 W art     : Before Android 4.1, method int java.util.concurrent.ThreadLocalRandom.internalNextInt(int, int) would have incorrectly overridden the package-private method in java.util.Random
09-15 18:26:37.244  3179  3179 W art     : Before Android 4.1, method long java.util.concurrent.ThreadLocalRandom.internalNextLong(long, long) would have incorrectly overridden the package-private method in java.util.Random
09-15 18:26:37.349  3180  3180 I Radio-JNI: register_android_hardware_Radio DONE
09-15 18:26:37.389  3180  3180 I SamplingProfilerIntegration: Profiling disabled.
09-15 18:26:37.390  3180  3180 D Zygote  : begin preload
09-15 18:26:37.390  3180  3180 I Zygote  : Installing ICU cache reference pinning...
09-15 18:26:37.390  3180  3180 I Zygote  : Preloading ICU data...
09-15 18:26:37.421  3179  3179 I Radio-JNI: register_android_hardware_Radio DONE
09-15 18:26:37.455  3179  3179 I SamplingProfilerIntegration: Profiling disabled.
09-15 18:26:37.456  3179  3179 D Zygote  : begin preload
09-15 18:26:37.456  3179  3179 I Zygote  : Installing ICU cache reference pinning...
09-15 18:26:37.456  3179  3179 I Zygote  : Preloading ICU data...
09-15 18:26:37.554  3180  3180 I Zygote  : Preloading classes...
09-15 18:26:37.555  3189  3189 V NatController: runCmd(/system/bin/iptables -w -F natctrl_FORWARD) res=0
09-15 18:26:37.560  3189  3189 V NatController: runCmd(/system/bin/ip6tables -w -F natctrl_FORWARD) res=0
09-15 18:26:37.561  3180  3180 W Zygote  : Class not found for preloading: [Landroid.view.Display$ColorTransform;
09-15 18:26:37.564  3189  3189 V NatController: runCmd(/system/bin/iptables -w -A natctrl_FORWARD -j DROP) res=0
09-15 18:26:37.568  3189  3189 V NatController: runCmd(/system/bin/iptables -w -t nat -F natctrl_nat_POSTROUTING) res=0
09-15 18:26:37.572  3189  3189 V NatController: runCmd(/system/bin/ip6tables -w -t raw -F natctrl_raw_PREROUTING) res=0
09-15 18:26:37.576  3189  3189 V NatController: runCmd(/system/bin/iptables -w -F natctrl_tether_counters) res=1
09-15 18:26:37.581  3189  3189 V NatController: runCmd(/system/bin/ip6tables -w -F natctrl_tether_counters) res=1
09-15 18:26:37.586  3189  3189 V NatController: runCmd(/system/bin/iptables -w -X natctrl_tether_counters) res=1
09-15 18:26:37.587  3179  3179 I Zygote  : Preloading classes...
09-15 18:26:37.590  3189  3189 V NatController: runCmd(/system/bin/ip6tables -w -X natctrl_tether_counters) res=1
09-15 18:26:37.593  3179  3179 W Zygote  : Class not found for preloading: [Landroid.view.Display$ColorTransform;
09-15 18:26:37.594  3189  3189 V NatController: runCmd(/system/bin/iptables -w -N natctrl_tether_counters) res=0
09-15 18:26:37.599  3189  3189 V NatController: runCmd(/system/bin/ip6tables -w -N natctrl_tether_counters) res=0
09-15 18:26:37.603  3162  3162 D SurfaceFlinger: SF. shader cache generated - 26 shaders in 930.746643 ms
09-15 18:26:37.605  3162  3162 D SurfaceFlinger: Set power mode=2, type=0 flinger=0x7fae848000
09-15 18:26:37.606  3189  3189 V NatController: runCmd(/system/bin/iptables -w -t mangle -A natctrl_mangle_FORWARD -p tcp --tcp-flags SYN SYN -j TCPMSS --clamp-mss-to-pmtu) res=0
09-15 18:26:37.673  3178  3178 D wrapperGPS: wrapperConnect_RILD
09-15 18:26:37.680  3189  3189 E Netd    : cannot find interface dummy0
09-15 18:26:37.682  3189  3189 D MDnsDS  : MDnsSdListener::Hander starting up
09-15 18:26:37.682  3189  3524 D MDnsDS  : MDnsSdListener starting to monitor
09-15 18:26:37.682  3189  3524 D MDnsDS  : Going to poll with pollCount 1
09-15 18:26:37.822  3504  3533 D libEGL  : loaded /vendor/lib64/egl/libGLES_mali.so
09-15 18:26:37.833  3504  3533 D mali_winsys: EGLint new_window_surface(egl_winsys_display*, void*, EGLSurface, EGLConfig, egl_winsys_surface**, egl_color_buffer_format*, EGLBoolean) returns 0x3000,  [1440x2960]-format:2
09-15 18:26:37.903  3533  3533 I BootAnimation: type=1400 audit(0.0:125): avc: denied { read write } for name="fimg2d" dev="tmpfs" ino=18082 scontext=u:r:bootanim:s0 tcontext=u:object_r:video_device:s0 tclass=chr_file permissive=1
09-15 18:26:37.903  3533  3533 I BootAnimation: type=1400 audit(0.0:125): avc: denied { open } for path="/dev/fimg2d" dev="tmpfs" ino=18082 scontext=u:r:bootanim:s0 tcontext=u:object_r:video_device:s0 tclass=chr_file permissive=1
09-15 18:26:37.903  3533  3533 W BootAnimation: type=1300 audit(0.0:125): arch=c00000b7 syscall=56 success=yes exit=14 a0=ffffff9c a1=7f79e82703 a2=2 a3=0 items=0 ppid=1 auid=4294967295 uid=1003 gid=1003 euid=1003 suid=1003 fsuid=1003 egid=1003 sgid=1003 fsgid=1003 tty=(none) ses=4294967295 exe="/system/bin/bootanimation" subj=u:r:bootanim:s0 key=(null)
09-15 18:26:37.903  3085  3085 W auditd  : type=1327 audit(0.0:125): proctitle="/system/bin/bootanimation"
09-15 18:26:37.903  3085  3085 W auditd  : type=1320 audit(0.0:125): 
09-15 18:26:37.907  3533  3533 I BootAnimation: type=1400 audit(0.0:126): avc: denied { ioctl } for path="/dev/fimg2d" dev="tmpfs" ino=18082 ioctlcmd=4d04 scontext=u:r:bootanim:s0 tcontext=u:object_r:video_device:s0 tclass=chr_file permissive=1
09-15 18:26:37.907  3533  3533 W BootAnimation: type=1300 audit(0.0:126): arch=c00000b7 syscall=29 success=yes exit=0 a0=f a1=c1104d04 a2=7f75f0d2b0 a3=0 items=0 ppid=1 auid=4294967295 uid=1003 gid=1003 euid=1003 suid=1003 fsuid=1003 egid=1003 sgid=1003 fsgid=1003 tty=(none) ses=4294967295 exe="/system/bin/bootanimation" subj=u:r:bootanim:s0 key=(null)
09-15 18:26:37.907  3085  3085 W auditd  : type=1327 audit(0.0:126): proctitle="/system/bin/bootanimation"
09-15 18:26:37.907  3085  3085 W auditd  : type=1320 audit(0.0:126): 
09-15 18:26:38.040  3180  3180 E Typeface: Error mapping font file /system/fonts/DroidSansFallback.ttf
09-15 18:26:38.040  3179  3179 E Typeface: Error mapping font file /system/fonts/DroidSansFallback.ttf
09-15 18:26:38.673  3178  3178 D wrapperGPS: wrapperConnect_RILD
09-15 18:26:38.673  3178  3178 D gpsd    : WakeLock(Acquire,GPSD)
09-15 18:26:38.674  3178  3178 D gpsd    : WakeLock(Release,GPSD)
09-15 18:26:38.674  3178  3178 D gpsd    : WakeLock(Acquire,GPSD)
09-15 18:26:38.674  3178  3178 D gpsd    : WakeLock(Release,GPSD)
09-15 18:26:38.808  3179  3179 I art     : Thread[1,tid=3179,Native,Thread*=0x7fb1095a00,peer=0x12c420d0,"main"] recursive attempt to load library "/system/lib64/libmedia_jni.so"
09-15 18:26:38.808  3179  3179 D MtpDeviceJNI: register_android_mtp_MtpDevice
09-15 18:26:38.809  3179  3179 I art     : Thread[1,tid=3179,Native,Thread*=0x7fb1095a00,peer=0x12c420d0,"main"] recursive attempt to load library "/system/lib64/libmedia_jni.so"
09-15 18:26:38.809  3179  3179 I art     : Thread[1,tid=3179,Native,Thread*=0x7fb1095a00,peer=0x12c420d0,"main"] recursive attempt to load library "/system/lib64/libmedia_jni.so"
09-15 18:26:38.846  3179  3179 E FFMPEGSoftCodec: Failed to load FFMPEG plugin: (null)
09-15 18:26:38.944  3180  3180 I art     : Thread[1,tid=3180,Native,Thread*=0xf4605400,peer=0x12c04f70,"main"] recursive attempt to load library "/system/lib/libmedia_jni.so"
09-15 18:26:38.945  3180  3180 D MtpDeviceJNI: register_android_mtp_MtpDevice
09-15 18:26:38.946  3180  3180 I art     : Thread[1,tid=3180,Native,Thread*=0xf4605400,peer=0x12c04f70,"main"] recursive attempt to load library "/system/lib/libmedia_jni.so"
