09-25 23:07:15.723  4326  4326 I SharedPreferenc: type=1400 audit(0.0:162): avc: denied { read } for name="com.android.deskclock_preferences.xml" dev="sda24" ino=3129544 scontext=u:r:untrusted_app:s0:c512,c768 tcontext=u:object_r:system_data_file:s0:c512,c768 tclass=file permissive=1
09-25 23:07:15.723  4326  4326 W SharedPreferenc: type=1300 audit(0.0:162): arch=c00000b7 syscall=48 success=yes exit=0 a0=ffffff9c a1=7f8fc3c360 a2=4 a3=0 items=0 ppid=3190 auid=4294967295 uid=10047 gid=10047 euid=10047 suid=10047 fsuid=10047 egid=10047 sgid=10047 fsgid=10047 tty=(none) ses=4294967295 exe="/system/bin/app_process64" subj=u:r:untrusted_app:s0:c512,c768 key=(null)
09-25 23:07:15.723  3087  3087 W auditd  : type=1327 audit(0.0:162): proctitle="com.android.deskclock"
09-25 23:07:15.723  3087  3087 W auditd  : type=1320 audit(0.0:162): 
09-25 23:07:15.723  4326  4326 I SharedPreferenc: type=1400 audit(0.0:163): avc: denied { getattr } for path="/data/user_de/0/com.android.deskclock/shared_prefs/com.android.deskclock_preferences.xml" dev="sda24" ino=3129544 scontext=u:r:untrusted_app:s0:c512,c768 tcontext=u:object_r:system_data_file:s0:c512,c768 tclass=file permissive=1
09-25 23:07:15.723  4326  4326 W SharedPreferenc: type=1300 audit(0.0:163): arch=c00000b7 syscall=79 success=yes exit=0 a0=ffffff9c a1=7f8fc3c360 a2=7f8fbfebf8 a3=0 items=0 ppid=3190 auid=4294967295 uid=10047 gid=10047 euid=10047 suid=10047 fsuid=10047 egid=10047 sgid=10047 fsgid=10047 tty=(none) ses=4294967295 exe="/system/bin/app_process64" subj=u:r:untrusted_app:s0:c512,c768 key=(null)
09-25 23:07:15.723  3087  3087 W auditd  : type=1327 audit(0.0:163): proctitle="com.android.deskclock"
09-25 23:07:15.723  3087  3087 W auditd  : type=1320 audit(0.0:163): 
09-25 23:07:15.737  3567  3585 W VoiceInteractionManagerService: no available voice interaction services found for user 0
09-25 23:07:15.737  3567  3585 W VoiceInteractionManagerService: no available voice recognition services found for user 0
09-25 23:07:15.738  3567  3585 I BrokerableCMSystemService: Connecting to implementation
09-25 23:07:15.738  3567  3585 W ContextImpl: Calling a method in the system process without a qualified user: android.app.ContextImpl.bindService:1421 org.cyanogenmod.platform.internal.BrokerableCMSystemService.tryConnecting:199 org.cyanogenmod.platform.internal.WeatherManagerServiceBroker.onUnlockUser:97 com.android.server.SystemServiceManager.unlockUser:179 com.android.server.am.ActivityManagerService$MainHandler.handleMessage:2064 
09-25 23:07:15.744  3567  4287 I BackupManagerService: Found stale backup journal, scheduling
09-25 23:07:15.749  3567  3585 I ActivityManager: Start proc 4330:org.cyanogenmod.weatherservice/u0a31 for service org.cyanogenmod.weatherservice/.WeatherManagerService
09-25 23:07:15.749  3567  3585 I ActivityManager: Loading recents for user 0 into memory.
09-25 23:07:15.760  3567  3585 I ActivityManager: Start proc 4344:org.cyanogenmod.audiofx/u0a3 for added application org.cyanogenmod.audiofx
09-25 23:07:15.771  3567  3585 I ActivityManager: Start proc 4359:com.android.nfc/1027 for added application com.android.nfc
09-25 23:07:15.773  3567  3585 D ActivityManager: Sending BOOT_COMPLETE user #0
09-25 23:07:15.776  4288  4288 I AlarmClock: AlarmInitReceiver android.intent.action.LOCKED_BOOT_COMPLETED
09-25 23:07:15.783  3870  3870 D FallbackHome: User unlocked and real home found; let's go!
09-25 23:07:15.785  4344  4344 W System  : ClassLoader referenced unknown path: /system/priv-app/AudioFX/lib/arm64
09-25 23:07:15.789  4330  4330 W System  : ClassLoader referenced unknown path: /system/priv-app/WeatherManagerService/lib/arm64
09-25 23:07:15.791  4385  4385 I Thread-4: type=1400 audit(0.0:164): avc: denied { lock } for path="/data/user_de/0/com.android.providers.telephony/databases/mmssms.db" dev="sda24" ino=3129501 scontext=u:r:radio:s0 tcontext=u:object_r:system_data_file:s0 tclass=file permissive=1
09-25 23:07:15.791  4385  4385 W Thread-4: type=1300 audit(0.0:164): arch=c00000b7 syscall=25 success=yes exit=0 a0=52 a1=6 a2=7f794632f8 a3=7f9ab8821c items=0 ppid=3190 auid=4294967295 uid=1001 gid=1001 euid=1001 suid=1001 fsuid=1001 egid=1001 sgid=1001 fsgid=1001 tty=(none) ses=4294967295 exe="/system/bin/app_process64" subj=u:r:radio:s0 key=(null)
09-25 23:07:15.791  3087  3087 W auditd  : type=1327 audit(0.0:164): proctitle="com.android.phone"
09-25 23:07:15.791  3087  3087 W auditd  : type=1320 audit(0.0:164): 
09-25 23:07:15.791  4385  4385 I Thread-4: type=1400 audit(0.0:165): avc: denied { write } for name="mmssms.db-journal" dev="sda24" ino=3129502 scontext=u:r:radio:s0 tcontext=u:object_r:system_data_file:s0 tclass=file permissive=1
09-25 23:07:15.791  4385  4385 W Thread-4: type=1300 audit(0.0:165): arch=c00000b7 syscall=56 success=yes exit=83 a0=ffffff9c a1=7f8fd10b05 a2=a0042 a3=1b0 items=0 ppid=3190 auid=4294967295 uid=1001 gid=1001 euid=1001 suid=1001 fsuid=1001 egid=1001 sgid=1001 fsgid=1001 tty=(none) ses=4294967295 exe="/system/bin/app_process64" subj=u:r:radio:s0 key=(null)
09-25 23:07:15.791  3087  3087 W auditd  : type=1327 audit(0.0:165): proctitle="com.android.phone"
09-25 23:07:15.791  3087  3087 W auditd  : type=1320 audit(0.0:165): 
09-25 23:07:15.795  4385  4385 I Thread-4: type=1400 audit(0.0:166): avc: denied { setattr } for name="mmssms.db" dev="sda24" ino=3129501 scontext=u:r:radio:s0 tcontext=u:object_r:system_data_file:s0 tclass=file permissive=1
09-25 23:07:15.795  4385  4385 W Thread-4: type=1300 audit(0.0:166): arch=c00000b7 syscall=53 success=yes exit=0 a0=ffffff9c a1=7f8fc25f30 a2=1b0 a3=0 items=0 ppid=3190 auid=4294967295 uid=1001 gid=1001 euid=1001 suid=1001 fsuid=1001 egid=1001 sgid=1001 fsgid=1001 tty=(none) ses=4294967295 exe="/system/bin/app_process64" subj=u:r:radio:s0 key=(null)
09-25 23:07:15.795  3087  3087 W auditd  : type=1327 audit(0.0:166): proctitle="com.android.phone"
09-25 23:07:15.795  3087  3087 W auditd  : type=1320 audit(0.0:166): 
09-25 23:07:15.795  4288  4288 I droid.deskclock: type=1400 audit(0.0:167): avc: denied { write } for name="shared_prefs" dev="sda24" ino=3129488 scontext=u:r:untrusted_app:s0:c512,c768 tcontext=u:object_r:system_data_file:s0:c512,c768 tclass=dir permissive=1
09-25 23:07:15.795  4288  4288 I droid.deskclock: type=1400 audit(0.0:167): avc: denied { remove_name } for name="com.android.deskclock_preferences.xml" dev="sda24" ino=3129544 scontext=u:r:untrusted_app:s0:c512,c768 tcontext=u:object_r:system_data_file:s0:c512,c768 tclass=dir permissive=1
09-25 23:07:15.795  4288  4288 I droid.deskclock: type=1400 audit(0.0:167): avc: denied { rename } for name="com.android.deskclock_preferences.xml" dev="sda24" ino=3129544 scontext=u:r:untrusted_app:s0:c512,c768 tcontext=u:object_r:system_data_file:s0:c512,c768 tclass=file permissive=1
09-25 23:07:15.795  4288  4288 I droid.deskclock: type=1400 audit(0.0:167): avc: denied { add_name } for name="com.android.deskclock_preferences.xml.bak" scontext=u:r:untrusted_app:s0:c512,c768 tcontext=u:object_r:system_data_file:s0:c512,c768 tclass=dir permissive=1
09-25 23:07:15.795  4288  4288 W droid.deskclock: type=1300 audit(0.0:167): arch=c00000b7 syscall=38 success=yes exit=0 a0=ffffff9c a1=7f8d161640 a2=ffffff9c a3=7f8d1616a0 items=0 ppid=3190 auid=4294967295 uid=10047 gid=10047 euid=10047 suid=10047 fsuid=10047 egid=10047 sgid=10047 fsgid=10047 tty=(none) ses=4294967295 exe="/system/bin/app_process64" subj=u:r:untrusted_app:s0:c512,c768 key=(null)
09-25 23:07:15.795  3087  3087 W auditd  : type=1327 audit(0.0:167): proctitle="com.android.deskclock"
09-25 23:07:15.795  3087  3087 W auditd  : type=1320 audit(0.0:167): 
09-25 23:07:15.795  4288  4288 I droid.deskclock: type=1400 audit(0.0:168): avc: denied { create } for name="com.android.deskclock_preferences.xml" scontext=u:r:untrusted_app:s0:c512,c768 tcontext=u:object_r:system_data_file:s0:c512,c768 tclass=file permissive=1
09-25 23:07:15.795  4288  4288 I droid.deskclock: type=1400 audit(0.0:168): avc: denied { write } for path="/data/user_de/0/com.android.deskclock/shared_prefs/com.android.deskclock_preferences.xml" dev="sda24" ino=3129546 scontext=u:r:untrusted_app:s0:c512,c768 tcontext=u:object_r:system_data_file:s0:c512,c768 tclass=file permissive=1
09-25 23:07:15.795  4288  4288 W droid.deskclock: type=1300 audit(0.0:168): arch=c00000b7 syscall=56 success=yes exit=34 a0=ffffff9c a1=7f8d161640 a2=241 a3=1b6 items=0 ppid=3190 auid=4294967295 uid=10047 gid=10047 euid=10047 suid=10047 fsuid=10047 egid=10047 sgid=10047 fsgid=10047 tty=(none) ses=4294967295 exe="/system/bin/app_process64" subj=u:r:untrusted_app:s0:c512,c768 key=(null)
09-25 23:07:15.795  3087  3087 W auditd  : type=1327 audit(0.0:168): proctitle="com.android.deskclock"
09-25 23:07:15.795  3087  3087 W auditd  : type=1320 audit(0.0:168): 
09-25 23:07:15.799  4288  4288 I droid.deskclock: type=1400 audit(0.0:169): avc: denied { getattr } for path="/data/user_de/0/com.android.deskclock/shared_prefs/com.android.deskclock_preferences.xml" dev="sda24" ino=3129546 scontext=u:r:untrusted_app:s0:c512,c768 tcontext=u:object_r:system_data_file:s0:c512,c768 tclass=file permissive=1
09-25 23:07:15.799  4288  4288 W droid.deskclock: type=1300 audit(0.0:169): arch=c00000b7 syscall=80 success=yes exit=0 a0=22 a1=7fee6a15c8 a2=241 a3=1b6 items=0 ppid=3190 auid=4294967295 uid=10047 gid=10047 euid=10047 suid=10047 fsuid=10047 egid=10047 sgid=10047 fsgid=10047 tty=(none) ses=4294967295 exe="/system/bin/app_process64" subj=u:r:untrusted_app:s0:c512,c768 key=(null)
09-25 23:07:15.799  3087  3087 W auditd  : type=1327 audit(0.0:169): proctitle="com.android.deskclock"
09-25 23:07:15.799  3087  3087 W auditd  : type=1320 audit(0.0:169): 
09-25 23:07:15.802  3567  3736 I ActivityManager: Start proc 4393:com.android.smspush/u0a59 for service com.android.smspush/.WapPushManager
09-25 23:07:15.803  3854  3854 D CarrierSvcBindHelper: Received android.intent.action.USER_UNLOCKED
09-25 23:07:15.804  3854  3854 D CarrierSvcBindHelper: No carrier app for: 0
09-25 23:07:15.805  3854  3854 D CarrierSvcBindHelper: No carrier app for: 1
09-25 23:07:15.813  3567  3662 I ActivityManager: Start proc 4414:com.android.keychain/1000 for service com.android.keychain/.KeyChainService
09-25 23:07:15.815  3567  3735 I ActivityManager: START u0 {act=android.intent.action.MAIN cat=[android.intent.category.HOME] flg=0x10000100 cmp=com.cyanogenmod.trebuchet/com.android.launcher3.Launcher} from uid 0 on display 0
09-25 23:07:15.822  3721  3721 W KeyguardUpdateMonitor: invalid subId in handleSimStateChange()
09-25 23:07:15.831  3567  4399 I ActivityManager: Start proc 4430:com.cyanogenmod.trebuchet/u0a27 for activity com.cyanogenmod.trebuchet/com.android.launcher3.Launcher
09-25 23:07:15.836  3567  3585 I VrManagerService: VR mode is allowed
09-25 23:07:15.839  4359  4359 I chatty  : uid=1027(nfc) com.android.nfc expire 27 lines
09-25 23:07:15.848  4393  4393 W System  : ClassLoader referenced unknown path: /system/app/WAPPushManager/lib/arm64
09-25 23:07:15.850  4414  4414 W System  : ClassLoader referenced unknown path: /system/app/KeyChain/lib/arm64
09-25 23:07:15.851  3567  3567 I BrokerableCMSystemService: Implementation service connected
09-25 23:07:15.851  3567  3649 I chatty  : uid=1000(system) WifiStateMachin expire 1 line
09-25 23:07:15.866  4430  4430 W System  : ClassLoader referenced unknown path: /system/priv-app/Trebuchet/lib/arm64
09-25 23:07:15.870  3567  3884 I ActivityManager: Start proc 4460:android.process.media/u0a9 for broadcast com.android.providers.downloads/.DownloadReceiver
09-25 23:07:15.894  4460  4460 W System  : ClassLoader referenced unknown path: /system/priv-app/DownloadProvider/lib/arm64
09-25 23:07:15.902  4430  4430 V Launcher: LauncherAppState inited
09-25 23:07:15.913  3567  3582 I chatty  : uid=1000(system) Binder:3567_1 expire 1 line
09-25 23:07:15.920  4430  4430 D Launcher.Model: Old launcher provider: content://com.android.launcher2.settings/favorites?notify=true
09-25 23:07:15.920  4430  4430 D Launcher.Model: Old launcher provider does not exist.
09-25 23:07:15.920  4460  4460 W System  : ClassLoader referenced unknown path: /system/priv-app/MediaProvider/lib/arm64
09-25 23:07:15.921  4460  4460 D ApplicationLoaders: ignored Vulkan layer search path /system/priv-app/MediaProvider/lib/arm64:/system/priv-app/MediaProvider/MediaProvider.apk!/lib/arm64-v8a:/system/lib64:/vendor/lib64 for namespace 0x7f9b3690f0
09-25 23:07:15.922  4359  4484 I chatty  : uid=1027(nfc) AsyncTask #1 expire 55 lines
09-25 23:07:15.923  4359  4486 I chatty  : uid=1027(nfc) AsyncTask #1 expire 2 lines
09-25 23:07:15.923  4359  4487 I chatty  : uid=1027(nfc) com.android.nfc expire 2 lines
09-25 23:07:15.924  4359  4488 I chatty  : uid=1027(nfc) AsyncTask #1 expire 143 lines
09-25 23:07:15.929  3567  3567 I chatty  : uid=1000 system_server expire 1 line
09-25 23:07:15.930  3854  3854 D CarrierConfigLoader: update config for phoneId: 1 simState: ABSENT
09-25 23:07:15.930  3854  3854 D CarrierSvcBindHelper: update binding for phoneId: 1 simState: ABSENT
09-25 23:07:15.944  3721  3721 E SignalClusterView: Unexpected subscription 1
09-25 23:07:15.944  3721  3721 E SignalClusterView: Unexpected subscription 1
09-25 23:07:15.946  3854  3854 D CallNotifier: updatePhoneStateListeners: update CF notifications.
09-25 23:07:15.947  3854  3854 I NotificationMgr: updateMwi(): subId 1 update to false
09-25 23:07:15.947  3854  3854 I Telephony: PstnIncomingCallNotifier: Unregistering: Handler (com.android.internal.telephony.GsmCdmaPhone) {a51ce78}
09-25 23:07:15.948  3854  3854 W Telephony: TelecomAccountRegistry: Failed to get status , slotId: 0 Exception: java.lang.NullPointerException: Attempt to invoke interface method 'int org.codeaurora.internal.IExtTelephony.getCurrentUiccCardProvisioningStatus(int)' on a null object reference
09-25 23:07:15.959  3567  4389 I Telecom : PhoneAccountRegistrar: [ComponentInfo{com.android.phone/com.android.services.telephony.TelephonyConnectionService}, [2628372b20c6b31a61c46f7f5a9328dbf0edaed6], UserHandle{0}(icon: Icon(typ=BITMAP size=84x84) -> Icon(typ=BITMAP size=84x84))]: TSI.rPA@ADQ
09-25 23:07:15.961  3567  4389 I Telecom : : Sending phone-account registered intent as user: TSI.rPA@ADQ
09-25 23:07:15.962  3854  3854 I Telephony: AccountEntry: Registered phoneAccount: [[ ] PhoneAccount: ComponentInfo{com.android.phone/com.android.services.telephony.TelephonyConnectionService}, [2628372b20c6b31a61c46f7f5a9328dbf0edaed6], UserHandle{0} Capabilities: CallProvider MultiUser PlaceEmerg SimSub  Audio Routes: BESW Schemes: tel voicemail  Extras: null GroupId: [da39a3ee5e6b4b0d3255bfef95601890afd80709]] with handle: ComponentInfo{com.android.phone/com.android.services.telephony.TelephonyConnectionService}, [2628372b20c6b31a61c46f7f5a9328dbf0edaed6], UserHandle{0}
09-25 23:07:15.962  3854  3854 I Telephony: PstnIncomingCallNotifier: Registering: Handler (com.android.internal.telephony.GsmCdmaPhone) {a51ce78}
09-25 23:07:15.962  3854  3854 W Telephony: TelecomAccountRegistry: Failed to get status , slotId: 1 Exception: java.lang.NullPointerException: Attempt to invoke interface method 'int org.codeaurora.internal.IExtTelephony.getCurrentUiccCardProvisioningStatus(int)' on a null object reference
09-25 23:07:15.966  3854  3854 D CarrierConfigLoader: mHandler: 0 phoneId: 1
09-25 23:07:15.974  3567  3884 I Telecom : PhoneAccountRegistrar: [ComponentInfo{com.android.phone/com.android.services.telephony.TelephonyConnectionService}, [2628372b20c6b31a61c46f7f5a9328dbf0edaed6], UserHandle{0}(icon: Icon(typ=BITMAP size=84x84) -> Icon(typ=BITMAP size=84x84))]: TSI.rPA@ADc
09-25 23:07:15.976  3567  3884 I Telecom : : Sending phone-account registered intent as user: TSI.rPA@ADc
09-25 23:07:15.997  4430  4483 W Launcher: setApplicationContext called twice! old=android.app.Application@d673027 new=android.app.Application@d673027
09-25 23:07:16.010  4460  4460 D MediaScannerReceiver: action: android.intent.action.MEDIA_MOUNTED path: /storage/emulated/0
09-25 23:07:16.022  3567  4390 I ActivityManager: Start proc 4496:com.cyanogenmod.eleven/u0a15 for broadcast com.cyanogenmod.eleven/.appwidgets.AppWidgetLarge
09-25 23:07:16.023  3870  3870 I art     : Starting a blocking GC Explicit
09-25 23:07:16.040  3870  3870 I art     : Explicit concurrent mark sweep GC freed 3711(328KB) AllocSpace objects, 0(0B) LOS objects, 25% free, 6MB/9MB, paused 320us total 16.312ms
09-25 23:07:16.041  3870  3870 I art     : Starting a blocking GC Explicit
09-25 23:07:16.047  4430  4495 I OpenGLRenderer: Initialized EGL, version 1.4
09-25 23:07:16.047  4430  4495 D OpenGLRenderer: Swap behavior 1
09-25 23:07:16.051  4430  4495 D mali_winsys: EGLint new_window_surface(egl_winsys_display*, void*, EGLSurface, EGLConfig, egl_winsys_surface**, egl_color_buffer_format*, EGLBoolean) returns 0x3000,  [1440x2960]-format:1
09-25 23:07:16.056  3870  3870 I art     : Explicit concurrent mark sweep GC freed 712(36KB) AllocSpace objects, 0(0B) LOS objects, 25% free, 6MB/9MB, paused 234us total 14.857ms
09-25 23:07:16.072  3567  3592 I chatty  : uid=1000(system) android.display expire 1 line
09-25 23:07:16.090  4359  4538 I chatty  : uid=1027(nfc) AsyncTask #1 expire 17 lines
09-25 23:07:16.090  4359  4539 I chatty  : uid=1027(nfc) AsyncTask #1 expire 334 lines
09-25 23:07:16.092  3567  3884 I ActivityManager: Start proc 4526:com.cyanogenmod.lockclock/u0a53 for broadcast com.cyanogenmod.lockclock/.ClockWidgetProvider
09-25 23:07:16.106  4526  4526 W System  : ClassLoader referenced unknown path: /system/app/LockClock/lib/arm64
09-25 23:07:16.148  3567  4389 I ActivityManager: Start proc 4548:org.cyanogenmod.cmparts/1000 for broadcast org.cyanogenmod.cmparts/.BootReceiver
09-25 23:07:16.163  4548  4548 W System  : ClassLoader referenced unknown path: /system/priv-app/CMParts/lib/arm64
09-25 23:07:16.209  4460  4510 V MediaScanner: pruneDeadThumbnailFiles... android.content.ContentProviderClient$CursorWrapperInner@d673027
09-25 23:07:16.209  4460  4510 V MediaScanner: /pruneDeadThumbnailFiles... android.content.ContentProviderClient$CursorWrapperInner@d673027
09-25 23:07:16.227  3567  4573 I chatty  : uid=1000 system_server expire 1 line
09-25 23:07:16.230  3567  4573 I BootReceiver: Copying /proc/last_kmsg to DropBox (SYSTEM_LAST_KMSG)
09-25 23:07:16.236  3567  3567 I ActivityManager: Start proc 4574:com.android.dialer/u0a18 for broadcast com.android.dialer/.calllog.CallLogReceiver
09-25 23:07:16.240  3567  4573 I BootReceiver: Copying audit failures to DropBox
09-25 23:07:16.243  3567  4573 I BootReceiver: Copied 4993 worth of audits to DropBox
09-25 23:07:16.246  3567  4573 I BootReceiver: Checking for fsck errors
09-25 23:07:16.249  4574  4574 W System  : ClassLoader referenced unknown path: /system/priv-app/Dialer/lib/arm64
09-25 23:07:16.302  4574  4574 D BlockedNumbersAuto: Not attempting auto-migrate: already checked once.
09-25 23:07:16.320  3854  3854 V OtaStartupReceiver: onOtaspChanged: mOtaspMode=3
09-25 23:07:16.321  3854  3854 D CarrierConfigLoader: mHandler: 13 phoneId: 0
09-25 23:07:16.321  3854  3854 D CarrierConfigLoader: mHandler: 7 phoneId: 0
09-25 23:07:16.322  3854  3854 E CarrierConfigLoader: java.io.FileNotFoundException: /data/user_de/0/com.android.phone/files/carrierconfig-com.android.carrierconfig-89543420816751226808-72234.xml (No such file or directory)
09-25 23:07:16.322  3854  3854 D CarrierConfigLoader: Binding to com.android.carrierconfig for phone 0
09-25 23:07:16.329  4574  4593 W CountryDetector: No location permissions, not registering for location updates.
09-25 23:07:16.331  3567  4389 I ActivityManager: Start proc 4594:com.cyanogenmod.settings.device/1000 for broadcast com.cyanogenmod.settings.device/.BootCompletedReceiver
09-25 23:07:16.333  3854  3854 D CarrierConfigLoader: mHandler: 7 phoneId: 1
09-25 23:07:16.333  4207  4207 D DefaultCarrierConfigService: Service created
09-25 23:07:16.334  3854  3854 E CarrierConfigLoader: Cannot restore config with null packageName or iccid.
09-25 23:07:16.334  3854  3854 D CarrierConfigLoader: Binding to com.android.carrierconfig for phone 1
09-25 23:07:16.334  3854  3854 D CarrierConfigLoader: Connected to config app: com.android.carrierconfig/com.android.carrierconfig.DefaultCarrierConfigService
09-25 23:07:16.334  3854  3854 D CarrierConfigLoader: Connected to config app: com.android.carrierconfig/com.android.carrierconfig.DefaultCarrierConfigService
09-25 23:07:16.334  3854  3854 D CarrierConfigLoader: mHandler: 3 phoneId: 0
09-25 23:07:16.334  4207  4219 D DefaultCarrierConfigService: Config being fetched
09-25 23:07:16.335  4207  4219 D DefaultCarrierConfigService: java.io.FileNotFoundException: carrier_config_72234.xml
09-25 23:07:16.335  3854  3854 D CarrierConfigLoader: mHandler: 3 phoneId: 1
09-25 23:07:16.335  4207  4220 D DefaultCarrierConfigService: Config being fetched
09-25 23:07:16.335  4207  4220 D DefaultCarrierConfigService: java.io.FileNotFoundException: carrier_config_.xml
09-25 23:07:16.335  3854  3854 E CarrierConfigLoader: Cannot save config with null packageName or iccid.
09-25 23:07:16.336  3854  3854 D CarrierConfigLoader: mHandler: 5 phoneId: 0
09-25 23:07:16.337  3854  3854 D CarrierConfigLoader: mHandler: 5 phoneId: 1
09-25 23:07:16.344  4594  4594 W System  : ClassLoader referenced unknown path: /system/app/AdvancedDisplay/lib/arm64
09-25 23:07:16.348  3567  4392 I ActivityManager: Start proc 4609:android.process.acore/u0a1 for content provider com.android.providers.contacts/.CallLogProvider
09-25 23:07:16.351  3567  3567 I Telecom : PhoneAccountRegistrar: SimCallManager queried, returning: null: TSI.gSCMFU@ADk
09-25 23:07:16.356  3567  3567 I Telecom : PhoneAccountRegistrar: SimCallManager queried, returning: null: TSI.gSCMFU@ADo
09-25 23:07:16.362  4609  4609 W System  : ClassLoader referenced unknown path: /system/priv-app/ContactsProvider/lib/arm64
09-25 23:07:16.393  3567  4400 I ActivityManager: Start proc 4628:com.android.calendar/u0a39 for broadcast com.android.calendar/.alerts.AlertReceiver
09-25 23:07:16.410  4628  4628 W System  : ClassLoader referenced unknown path: /system/app/Calendar/lib/arm64
09-25 23:07:16.421  4609  4609 I ContactsPerf: VoicemailContentProvider.onCreate start
09-25 23:07:16.426  4609  4609 I ContactsPerf: VoicemailContentProvider.onCreate finish
09-25 23:07:16.431  4609  4609 W System  : ClassLoader referenced unknown path: /system/priv-app/BlockedNumberProvider/lib/arm64
09-25 23:07:16.432  4609  4609 D ApplicationLoaders: ignored Vulkan layer search path /system/priv-app/BlockedNumberProvider/lib/arm64:/system/lib64:/vendor/lib64 for namespace 0x7f9b3690f0
09-25 23:07:16.444  4609  4609 W System  : ClassLoader referenced unknown path: /system/app/UserDictionaryProvider/lib/arm64
09-25 23:07:16.445  4628  4628 D ExtensionsFactory: No custom extensions.
09-25 23:07:16.445  4609  4609 D ApplicationLoaders: ignored Vulkan layer search path /system/app/UserDictionaryProvider/lib/arm64:/system/lib64:/vendor/lib64 for namespace 0x7f9b369160
09-25 23:07:16.451  4628  4628 D AlertReceiver: onReceive: a=android.intent.action.BOOT_COMPLETED Intent { act=android.intent.action.BOOT_COMPLETED flg=0x9000010 cmp=com.android.calendar/.alerts.AlertReceiver (has extras) }
09-25 23:07:16.455  4288  4288 I AlarmClock: AlarmInitReceiver android.intent.action.BOOT_COMPLETED
09-25 23:07:16.470  4628  4653 D AlertService: 0 Action = android.intent.action.BOOT_COMPLETED
09-25 23:07:16.474  4628  4653 D AlertService: Scheduling next alarm with AlarmScheduler. sEventReminderReceived: null
09-25 23:07:16.488  3567  4390 I ActivityManager: Start proc 4656:com.android.email/u0a55 for broadcast com.android.email/.service.EmailBroadcastReceiver
09-25 23:07:16.499  3567  4389 I ActivityManager: Start proc 4670:com.android.providers.calendar/u0a4 for content provider com.android.providers.calendar/.CalendarProvider2
09-25 23:07:16.518  4656  4656 W System  : ClassLoader referenced unknown path: /system/app/Email/lib/arm64
09-25 23:07:16.523  4670  4670 W System  : ClassLoader referenced unknown path: /system/priv-app/CalendarProvider/lib/arm64
09-25 23:07:16.571  4670  4670 I CalendarProvider2: Created com.android.providers.calendar.CalendarAlarmManager@a52bb10(com.android.providers.calendar.CalendarProvider2@898b609)
09-25 23:07:16.579  3567  3584 I chatty  : uid=1000(system) android.bg expire 5 lines
09-25 23:07:16.593  3567  3583 I ActivityManager: Start proc 4691:com.android.exchange/u0a46 for service com.android.exchange/.service.EasService
09-25 23:07:16.597  4609  4644 I ContactLocale: AddressBook Labels [[es_ES]]: [, A, B, C, D, E, F, G, H, I, J, K, L, M, N, , O, P, Q, R, S, T, U, V, W, X, Y, Z, , , , , , , , , , , , , , , , , , , , , , , , , , , , , , , , , , , , , , , , , , , , , , , , , , , , , , , , , , , , , , , , , , , , , , , , , , , , , , , , , , , , , , , , , , , , , , , , , , , , , , , , , , , , , , , , , , , , , , , , , , , , , , , , , , , , , , , , , , , , , , , , , , , , , , , , , , , , , , , , , , , , , , , , , , , , , , , , , , , , , , , , , , , #, ]
09-25 23:07:16.600  4628  4653 D AlarmScheduler: No events found starting within 1 week.
09-25 23:07:16.603  4656  4705 D ActivityThread: Loading provider com.android.email.provider;com.android.email.notifier: com.android.email.provider.EmailProvider
09-25 23:07:16.608  4691  4691 W System  : ClassLoader referenced unknown path: /system/app/Exchange2/lib/arm64
09-25 23:07:16.643  4656  4656 D BluetoothEmailBroadcastReceiver: Received android.intent.action.BOOT_COMPLETED
09-25 23:07:16.645  3706  3706 I SystemBroadcastReceiver: Boot has been completed
09-25 23:07:16.646  3706  3706 I SystemBroadcastReceiver: toggleAppIcon() : FLAG_SYSTEM = true
09-25 23:07:16.662  3567  3736 I ActivityManager: Start proc 4716:com.android.managedprovisioning/u0a16 for broadcast com.android.managedprovisioning/.BootReminder
09-25 23:07:16.677  4716  4716 W System  : ClassLoader referenced unknown path: /system/priv-app/ManagedProvisioning/lib/arm64
09-25 23:07:16.707  3567  3884 I ActivityManager: Start proc 4732:com.android.messaging/u0a61 for broadcast com.android.messaging/.receiver.BootAndPackageReplacedReceiver
09-25 23:07:16.721  4732  4732 W System  : ClassLoader referenced unknown path: /system/app/messaging/lib/arm64
09-25 23:07:16.739  3567  3735 W ActivityManager: Unable to start service Intent { cmp=com.android.email/.service.AttachmentService } U=0: not found
09-25 23:07:16.741  4691  4691 I Exchange: EasService.onCreate
09-25 23:07:16.743  3567  3582 W ActivityManager: Unable to start service Intent { cmp=com.android.email/.service.AttachmentService } U=0: not found
09-25 23:07:16.753  4656  4748 I Email   : Observing account changes for notifications
09-25 23:07:16.755  4691  4750 I Exchange: RestartPingTask
09-25 23:07:16.775  4691  4691 I Exchange: RestartPingsTask did not start any pings.
09-25 23:07:16.776  4691  4691 I Exchange: PSS stopIfIdle
09-25 23:07:16.776  4691  4691 I Exchange: PSS has no active accounts; stopping service.
09-25 23:07:16.777  4691  4691 I Exchange: onDestroy
09-25 23:07:16.783  4691  4691 I Exchange: EasService.onCreate
09-25 23:07:16.791  4691  4753 I Exchange: RestartPingTask
09-25 23:07:16.812  4691  4691 I Exchange: RestartPingsTask did not start any pings.
09-25 23:07:16.812  4691  4691 I Exchange: PSS stopIfIdle
09-25 23:07:16.812  4691  4691 I Exchange: PSS has no active accounts; stopping service.
09-25 23:07:16.813  4691  4691 I Exchange: onDestroy
09-25 23:07:16.831  4065  4065 I Binder:3854_3: type=1400 audit(0.0:194): avc: denied { lock } for path="/data/user_de/0/com.android.providers.telephony/databases/telephony.db" dev="sda24" ino=3129470 scontext=u:r:radio:s0 tcontext=u:object_r:system_data_file:s0 tclass=file permissive=1
09-25 23:07:16.831  4065  4065 W Binder:3854_3: type=1300 audit(0.0:194): arch=c00000b7 syscall=25 success=yes exit=0 a0=24 a1=6 a2=7f79f7a9e8 a3=0 items=0 ppid=3190 auid=4294967295 uid=1001 gid=1001 euid=1001 suid=1001 fsuid=1001 egid=1001 sgid=1001 fsgid=1001 tty=(none) ses=4294967295 exe="/system/bin/app_process64" subj=u:r:radio:s0 key=(null)
09-25 23:07:16.831  3087  3087 W auditd  : type=1327 audit(0.0:194): proctitle="com.android.phone"
09-25 23:07:16.831  3087  3087 W auditd  : type=1320 audit(0.0:194): 
09-25 23:07:16.833  3567  3889 I ActivityManager: Start proc 4758:com.android.onetimeinitializer/u0a17 for broadcast com.android.onetimeinitializer/.OneTimeInitializerReceiver
09-25 23:07:16.837  4732  4732 I MessagingApp: Carrier config changed. Reloading MMS config.
09-25 23:07:16.849  4732  4756 W MessagingApp: canonicalizeMccMnc: invalid mccmnc:null ,null
09-25 23:07:16.853  3567  3884 D MmsServiceBroker: getCarrierConfigValues() by com.android.messaging
09-25 23:07:16.853  3567  3884 W MmsServiceBroker: MmsService not connected. Try connecting...
09-25 23:07:16.853  3567  3567 I MmsServiceBroker: Connecting to MmsService
09-25 23:07:16.853  4758  4758 W System  : ClassLoader referenced unknown path: /system/priv-app/OneTimeInitializer/lib/arm64
09-25 23:07:16.853  3567  3567 W ContextImpl: Calling a method in the system process without a qualified user: android.app.ContextImpl.bindService:1421 com.android.server.MmsServiceBroker.tryConnecting:241 com.android.server.MmsServiceBroker.-wrap3:-1 com.android.server.MmsServiceBroker$1.handleMessage:83 android.os.Handler.dispatchMessage:102 
09-25 23:07:16.856  3854  3854 W System  : ClassLoader referenced unknown path: /system/priv-app/MmsService/lib/arm64
09-25 23:07:16.856  3854  3854 D ApplicationLoaders: ignored Vulkan layer search path /system/priv-app/MmsService/lib/arm64:/system/lib64:/vendor/lib64 for namespace 0x7f9b3691d0
09-25 23:07:16.858  3854  3854 D MmsService: onCreate
09-25 23:07:16.858  4732  4757 I MessagingAppDataModel: Fixup: Send failed - 0 Download failed - 0
09-25 23:07:16.859  3567  3567 I MmsServiceBroker: MmsService connected
09-25 23:07:16.859  3854  3854 I MmsService: MmsConfigManager receiver action: android.intent.action.SIM_STATE_CHANGED
09-25 23:07:16.859  3854  3854 I MmsService: MmsConfigManager receiver action: android.telephony.action.CARRIER_CONFIG_CHANGED
09-25 23:07:16.860  3854  4202 D MmsService: getCarrierConfigValues
09-25 23:07:16.860  3854  4776 I MmsService: MmsConfigManager loads in background mcc/mnc: 722/34
09-25 23:07:16.860  3854  4202 I MmsService: mms config for sub 1: null
09-25 23:07:16.860  3854  4777 I MmsService: MmsConfigManager loads in background mcc/mnc: 722/34
09-25 23:07:16.860  3854  4778 I MmsService: MmsConfigManager loads in background mcc/mnc: 722/34
09-25 23:07:16.863  4732  4756 I MessagingApp: Carrier configs loaded: Bundle[{smsToMmsTextThreshold=-1, maxMessageTextSize=-1, recipientLimit=-1, maxImageHeight=480, maxMessageSize=307200, maxImageWidth=640, enabledMMS=true, enableMultipartSMS=true}] from resources+system for subId=1
09-25 23:07:16.870  4758  4758 V OneTimeInitializerRece: OneTimeInitializerReceiver.onReceive
09-25 23:07:16.875  4732  4774 W MessagingApp: canonicalizeMccMnc: invalid mccmnc:null ,null
09-25 23:07:16.878  3567  3889 D MmsServiceBroker: getCarrierConfigValues() by com.android.messaging
09-25 23:07:16.878  3854  3867 D MmsService: getCarrierConfigValues
09-25 23:07:16.878  3854  3867 I MmsService: mms config for sub 1: Bundle[{httpSocketTimeout=60000, aliasMinChars=2, smsToMmsTextThreshold=-1, enableSMSDeliveryReports=true, maxMessageTextSize=-1, supportMmsContentDisposition=true, enabledTransID=false, aliasEnabled=false, supportHttpCharsetHeader=false, allowAttachAudio=true, smsToMmsTextLengthThreshold=-1, recipientLimit=2147483647, uaProfTagName=x-wap-profile, aliasMaxChars=48, maxImageHeight=480, enableMMSDeliveryReports=false, userAgent=, mmsCloseConnection=false, config_cellBroadcastAppLinks=true, maxSubjectLength=40, httpParams=, enableGroupMms=true, emailGatewayNumber=, maxMessageSize=307200, naiSuffix=, enableMMSReadReports=false, maxImageWidth=640, uaProfUrl=, enabledMMS=true, enabledNotifyWapMMSC=false, sendMultipartSmsAsSeparateMessages=false, enableMultipartSMS=true}]
09-25 23:07:16.878  4732  4774 I MessagingApp: Carrier configs loaded: Bundle[{httpSocketTimeout=60000, aliasMinChars=2, smsToMmsTextThreshold=-1, enableSMSDeliveryReports=true, maxMessageTextSize=-1, supportMmsContentDisposition=true, enabledTransID=false, aliasEnabled=false, supportHttpCharsetHeader=false, allowAttachAudio=true, smsToMmsTextLengthThreshold=-1, recipientLimit=2147483647, uaProfTagName=x-wap-profile, aliasMaxChars=48, maxImageHeight=480, enableMMSDeliveryReports=false, userAgent=, mmsCloseConnection=false, config_cellBroadcastAppLinks=true, maxSubjectLength=40, httpParams=, enableGroupMms=true, emailGatewayNumber=, maxMessageSize=307200, naiSuffix=, enableMMSReadReports=false, maxImageWidth=640, uaProfUrl=, enabledMMS=true, enabledNotifyWapMMSC=false, sendMultipartSmsAsSeparateMessages=false, enableMultipartSMS=true}] from resources+system for subId=1
09-25 23:07:16.890  4732  4772 W MessagingApp: canonicalizeMccMnc: invalid mccmnc:null ,null
09-25 23:07:16.893  3567  3583 D MmsServiceBroker: getCarrierConfigValues() by com.android.messaging
09-25 23:07:16.893  3854  4202 D MmsService: getCarrierConfigValues
09-25 23:07:16.893  3854  4202 I MmsService: mms config for sub 1: Bundle[{httpSocketTimeout=60000, aliasMinChars=2, smsToMmsTextThreshold=-1, enableSMSDeliveryReports=true, maxMessageTextSize=-1, supportMmsContentDisposition=true, enabledTransID=false, aliasEnabled=false, supportHttpCharsetHeader=false, allowAttachAudio=true, smsToMmsTextLengthThreshold=-1, recipientLimit=2147483647, uaProfTagName=x-wap-profile, aliasMaxChars=48, maxImageHeight=480, enableMMSDeliveryReports=false, userAgent=, mmsCloseConnection=false, config_cellBroadcastAppLinks=true, maxSubjectLength=40, httpParams=, enableGroupMms=true, emailGatewayNumber=, maxMessageSize=307200, naiSuffix=, enableMMSReadReports=false, maxImageWidth=640, uaProfUrl=, enabledMMS=true, enabledNotifyWapMMSC=false, sendMultipartSmsAsSeparateMessages=false, enableMultipartSMS=true}]
09-25 23:07:16.894  4732  4772 I MessagingApp: Carrier configs loaded: Bundle[{httpSocketTimeout=60000, aliasMinChars=2, smsToMmsTextThreshold=-1, enableSMSDeliveryReports=true, maxMessageTextSize=-1, supportMmsContentDisposition=true, enabledTransID=false, aliasEnabled=false, supportHttpCharsetHeader=false, allowAttachAudio=true, smsToMmsTextLengthThreshold=-1, recipientLimit=2147483647, uaProfTagName=x-wap-profile, aliasMaxChars=48, maxImageHeight=480, enableMMSDeliveryReports=false, userAgent=, mmsCloseConnection=false, config_cellBroadcastAppLinks=true, maxSubjectLength=40, httpParams=, enableGroupMms=true, emailGatewayNumber=, maxMessageSize=307200, naiSuffix=, enableMMSReadReports=false, maxImageWidth=640, uaProfUrl=, enabledMMS=true, enabledNotifyWapMMSC=false, sendMultipartSmsAsSeparateMessages=false, enableMultipartSMS=true}] from resources+system for subId=1
09-25 23:07:16.895  3854  3854 V VvmBootCompletedRcvr: processing subId list
09-25 23:07:16.898  3854  3854 V VvmBootCompletedRcvr: processing subId 1
09-25 23:07:16.901  3854  3854 D VvmSimChangeReceiver: visual voicemail not supported for carrier 72234 on subId 1
09-25 23:07:16.912  4732  4790 I MessagingAppDataModel: SyncMessagesAction: Starting batch for messages from 1506391406785 to 1506391636809 (message update limit = 80, message scan limit = 4000)
09-25 23:07:16.943  4755  4755 I pool-2-thread-1: type=1400 audit(0.0:195): avc: denied { write } for name="shared_prefs" dev="sda24" ino=2015526 scontext=u:r:platform_app:s0:c512,c768 tcontext=u:object_r:system_data_file:s0:c512,c768 tclass=dir permissive=1
09-25 23:07:16.943  4755  4755 I pool-2-thread-1: type=1400 audit(0.0:195): avc: denied { remove_name } for name="bugle.xml" dev="sda24" ino=2015582 scontext=u:r:platform_app:s0:c512,c768 tcontext=u:object_r:system_data_file:s0:c512,c768 tclass=dir permissive=1
09-25 23:07:16.943  4755  4755 I pool-2-thread-1: type=1400 audit(0.0:195): avc: denied { rename } for name="bugle.xml" dev="sda24" ino=2015582 scontext=u:r:platform_app:s0:c512,c768 tcontext=u:object_r:system_data_file:s0:c512,c768 tclass=file permissive=1
09-25 23:07:16.943  4755  4755 I pool-2-thread-1: type=1400 audit(0.0:195): avc: denied { add_name } for name="bugle.xml.bak" scontext=u:r:platform_app:s0:c512,c768 tcontext=u:object_r:system_data_file:s0:c512,c768 tclass=dir permissive=1
09-25 23:07:16.943  4755  4755 W pool-2-thread-1: type=1300 audit(0.0:195): arch=c00000b7 syscall=38 success=yes exit=0 a0=ffffff9c a1=7f8fc63580 a2=ffffff9c a3=7f8fc635c0 items=0 ppid=3190 auid=4294967295 uid=10061 gid=10061 euid=10061 suid=10061 fsuid=10061 egid=10061 sgid=10061 fsgid=10061 tty=(none) ses=4294967295 exe="/system/bin/app_process64" subj=u:r:platform_app:s0:c512,c768 key=(null)
09-25 23:07:16.943  3087  3087 W auditd  : type=1327 audit(0.0:195): proctitle="com.android.messaging"
09-25 23:07:16.943  3087  3087 W auditd  : type=1320 audit(0.0:195): 
09-25 23:07:16.947  4755  4755 I pool-2-thread-1: type=1400 audit(0.0:196): avc: denied { create } for name="bugle.xml" scontext=u:r:platform_app:s0:c512,c768 tcontext=u:object_r:system_data_file:s0:c512,c768 tclass=file permissive=1
09-25 23:07:16.947  4755  4755 W pool-2-thread-1: type=1300 audit(0.0:196): arch=c00000b7 syscall=56 success=yes exit=34 a0=ffffff9c a1=7f8fc63580 a2=241 a3=1b6 items=0 ppid=3190 auid=4294967295 uid=10061 gid=10061 euid=10061 suid=10061 fsuid=10061 egid=10061 sgid=10061 fsgid=10061 tty=(none) ses=4294967295 exe="/system/bin/app_process64" subj=u:r:platform_app:s0:c512,c768 key=(null)
09-25 23:07:16.947  3087  3087 W auditd  : type=1327 audit(0.0:196): proctitle="com.android.messaging"
09-25 23:07:16.947  3087  3087 W auditd  : type=1320 audit(0.0:196): 
09-25 23:07:16.947  4755  4755 I pool-2-thread-1: type=1400 audit(0.0:197): avc: denied { unlink } for name="bugle.xml.bak" dev="sda24" ino=2015582 scontext=u:r:platform_app:s0:c512,c768 tcontext=u:object_r:system_data_file:s0:c512,c768 tclass=file permissive=1
09-25 23:07:16.947  4755  4755 W pool-2-thread-1: type=1300 audit(0.0:197): arch=c00000b7 syscall=35 success=yes exit=0 a0=ffffff9c a1=7f8fc635c0 a2=0 a3=100 items=0 ppid=3190 auid=4294967295 uid=10061 gid=10061 euid=10061 suid=10061 fsuid=10061 egid=10061 sgid=10061 fsgid=10061 tty=(none) ses=4294967295 exe="/system/bin/app_process64" subj=u:r:platform_app:s0:c512,c768 key=(null)
09-25 23:07:16.947  3087  3087 W auditd  : type=1327 audit(0.0:197): proctitle="com.android.messaging"
09-25 23:07:16.947  3087  3087 W auditd  : type=1320 audit(0.0:197): 
09-25 23:07:16.972  4732  4793 I MessagingAppDataModel: SyncMessagesAction: All messages now in sync
09-25 23:07:17.054  4344  4344 E AudioManager: updatePortConfig port not found for handle: 0
09-25 23:07:17.054  4344  4344 E AudioManager: updatePortConfig port not found for handle: 0
09-25 23:07:17.054  4344  4344 E AudioManager: updatePortConfig port not found for handle: -5858559
09-25 23:07:17.054  4344  4344 E AudioManager: updatePortConfig port not found for handle: -170540208
09-25 23:07:17.054  4344  4344 E AudioManager: updatePortConfig port not found for handle: 0
09-25 23:07:17.054  4344  4344 E AudioManager: updatePortConfig port not found for handle: -156615502
09-25 23:07:17.054  4344  4344 E AudioManager: updatePortConfig port not found for handle: 778530668
09-25 23:07:17.054  4344  4344 E AudioManager: updatePortConfig port not found for handle: -151975342
09-25 23:07:17.054  4344  4344 E AudioManager: updatePortConfig port not found for handle: 874538356
09-25 23:07:17.054  4344  4344 E AudioManager: updatePortConfig port not found for handle: 67529026
09-25 23:07:17.054  4344  4344 E AudioManager: updatePortConfig port not found for handle: -5858041
09-25 23:07:17.054  4344  4344 E AudioManager: updatePortConfig port not found for handle: 0
09-25 23:07:17.054  4344  4344 E AudioManager: updatePortConfig port not found for handle: 0
09-25 23:07:17.054  4344  4344 E AudioManager: updatePortConfig port not found for handle: 0
09-25 23:07:17.054  4344  4795 D AudioFx-AudioOutputChangeListener: onAudioOutputChanged id: 2 type: 2 name: SM-G955F address:  [android.media.AudioDeviceInfo@df279c2]
--------- beginning of crash
09-25 23:07:17.060  3193  3193 F libc    : Fatal signal 11 (SIGSEGV), code 1, fault addr 0x3 in tid 3193 (audioserver)
09-25 23:07:17.061  3073  3073 W         : debuggerd: handling request: pid=3193 uid=1041 gid=1005 tid=3193
09-25 23:07:17.061  4548  4548 D ReportingServiceManager: Next sync attempt in : 23 hours
09-25 23:07:17.072  3567  3736 I ActivityManager: Start proc 4800:org.lineageos.updater/u0a28 for broadcast org.lineageos.updater/.UpdatesCheckReceiver
09-25 23:07:17.085  4800  4800 W System  : ClassLoader referenced unknown path: /system/priv-app/Updater/lib/arm64
09-25 23:07:17.116  4800  4800 D UpdatesCheckReceiver: Setting daily updates check: Tue Sep 26 23:07:33 GMT-03:00 2017
09-25 23:07:17.117  4800  4800 D UpdatesCheckReceiver: Network not available, scheduling new check
09-25 23:07:17.118  4800  4800 D UpdatesCheckReceiver: Setting one-shot updates check: Tue Sep 26 01:07:17 GMT-03:00 2017
09-25 23:07:17.120  3990  3990 D CellBroadcastReceiver: onReceive Intent { act=android.intent.action.SIM_STATE_CHANGED flg=0x4000010 cmp=com.android.cellbroadcastreceiver/.CellBroadcastReceiver (has extras) }
09-25 23:07:17.120  3990  3990 D CellBroadcastReceiver: Default interval 0 did not change.
09-25 23:07:17.120  4799  4799 F DEBUG   : *** *** *** *** *** *** *** *** *** *** *** *** *** *** *** ***
09-25 23:07:17.121  4799  4799 F DEBUG   : LineageOS Version: '14.1-20170926-UNOFFICIAL-dream2lte'
09-25 23:07:17.121  4799  4799 F DEBUG   : Build fingerprint: 'samsung/dream2ltexx/dream2lte:7.0/NRD90M/G955FXXU1AQH3:user/release-keys'
09-25 23:07:17.121  4799  4799 F DEBUG   : Revision: '0'
09-25 23:07:17.121  4799  4799 F DEBUG   : ABI: 'arm'
09-25 23:07:17.121  4799  4799 F DEBUG   : pid: 3193, tid: 3193, name: audioserver  >>> /system/bin/audioserver <<<
09-25 23:07:17.121  4799  4799 F DEBUG   : signal 11 (SIGSEGV), code 1 (SEGV_MAPERR), fault addr 0x3
09-25 23:07:17.121  4799  4799 F DEBUG   :     r0 ffa68398  r1 00000003  r2 ffa6843c  r3 f6b44019
09-25 23:07:17.121  4799  4799 F DEBUG   :     r4 ffa68398  r5 f62a31c0  r6 ffa68398  r7 0000002e
09-25 23:07:17.121  4799  4799 F DEBUG   :     r8 00000000  r9 ffa6a028  sl f62a31c0  fp ffa68408
09-25 23:07:17.121  4799  4799 F DEBUG   :     ip f6b50d2c  sp ffa68388  lr f6b44033  pc f6422578  cpsr 800f0030
09-25 23:07:17.122  3870  3870 D SimSelectNotification:  no of slots 2 provision = true
09-25 23:07:17.123  3990  3990 D CellBroadcastReceiver: onReceive Intent { act=android.intent.action.SIM_STATE_CHANGED flg=0x4000010 cmp=com.android.cellbroadcastreceiver/.CellBroadcastReceiver (has extras) }
09-25 23:07:17.124  3854  3854 I VvmSimChangeReceiver: Sim removed, removing inactive accounts
09-25 23:07:17.124  4799  4799 F DEBUG   : 
09-25 23:07:17.124  4799  4799 F DEBUG   : backtrace:
09-25 23:07:17.125  4799  4799 F DEBUG   :     #00 pc 0000c578  /system/lib/libutils.so (_ZN7android7String8C1ERKS0_+3)
09-25 23:07:17.125  4799  4799 F DEBUG   :     #01 pc 0000702f  /system/lib/libaudiopolicyservice.so
09-25 23:07:17.125  4799  4799 F DEBUG   :     #02 pc 000a1a83  /system/lib/libmedia.so (_ZN7android20BnAudioPolicyService10onTransactEjRKNS_6ParcelEPS1_j+3398)
09-25 23:07:17.125  4799  4799 F DEBUG   :     #03 pc 00035933  /system/lib/libbinder.so (_ZN7android7BBinder8transactEjRKNS_6ParcelEPS1_j+70)
09-25 23:07:17.125  4799  4799 F DEBUG   :     #04 pc 0003d0ab  /system/lib/libbinder.so (_ZN7android14IPCThreadState14executeCommandEi+578)
09-25 23:07:17.125  4799  4799 F DEBUG   :     #05 pc 0003cd7b  /system/lib/libbinder.so (_ZN7android14IPCThreadState20getAndExecuteCommandEv+114)
09-25 23:07:17.125  4799  4799 F DEBUG   :     #06 pc 0003d24b  /system/lib/libbinder.so (_ZN7android14IPCThreadState14joinThreadPoolEb+38)
09-25 23:07:17.125  4799  4799 F DEBUG   :     #07 pc 0000185f  /system/bin/audioserver
09-25 23:07:17.125  4799  4799 F DEBUG   :     #08 pc 00016c8d  /system/lib/libc.so (__libc_init+48)
09-25 23:07:17.125  4799  4799 F DEBUG   :     #09 pc 0000156c  /system/bin/audioserver
09-25 23:07:17.125  3870  3870 D SimSelectNotification:  no of slots 2 provision = true
09-25 23:07:17.127  3990  3990 D CellBroadcastReceiver: onReceive Intent { act=android.intent.action.ACTION_DEFAULT_SMS_SUBSCRIPTION_CHANGED flg=0x20000010 cmp=com.android.cellbroadcastreceiver/.CellBroadcastReceiver (has extras) }
09-25 23:07:17.127  3990  3990 D CellBroadcastReceiver: Start Cell Broadcast configuration.
09-25 23:07:17.135  3854  3854 D VvmSimChangeReceiver: Carrier config changed
09-25 23:07:17.135  3990  4817 D CellBroadcastConfigService: Enable CellBroadcast on sub 1
09-25 23:07:17.136  3854  3854 D VvmSimChangeReceiver: visual voicemail not supported for carrier 72234 on subId 1
09-25 23:07:17.146  3854  3866 D IccSmsInterfaceManager: [IccSmsInterfaceManager] Calling setCdmaBroadcastConfig with 1 configurations
09-25 23:07:17.153  3854  3866 D IccSmsInterfaceManager: [IccSmsInterfaceManager] Failed to add cdma broadcast subscription for MID range 4096 to 4096 from client com.android.cellbroadcastreceiver
09-25 23:07:17.155  3854  3854 I VvmSimChangeReceiver: Received SIM change for invalid subscription id.
09-25 23:07:17.156  3854  4065 D IccSmsInterfaceManager: [IccSmsInterfaceManager] Calling setCdmaBroadcastConfig with 1 configurations
09-25 23:07:17.156  3854  4065 D IccSmsInterfaceManager: [IccSmsInterfaceManager] Failed to add cdma broadcast subscription for MID range 4097 to 4097 from client com.android.cellbroadcastreceiver
09-25 23:07:17.159  3854  3866 D IccSmsInterfaceManager: [IccSmsInterfaceManager] Calling setCdmaBroadcastConfig with 1 configurations
09-25 23:07:17.160  3854  3866 D IccSmsInterfaceManager: [IccSmsInterfaceManager] Failed to add cdma broadcast subscription for MID range 4098 to 4098 from client com.android.cellbroadcastreceiver
09-25 23:07:17.162  3854  4203 D IccSmsInterfaceManager: [IccSmsInterfaceManager] Calling setCdmaBroadcastConfig with 1 configurations
09-25 23:07:17.165  3854  4819 D SIP     : [SipPreferences] isReceivingCallsEnabled, option not set; use default value, exception: android.provider.Settings$SettingNotFoundException: sip_receive_calls
09-25 23:07:17.166  3854  4203 D IccSmsInterfaceManager: [IccSmsInterfaceManager] Failed to add cdma broadcast subscription for MID range 4099 to 4099 from client com.android.cellbroadcastreceiver
09-25 23:07:17.168  3854  3866 D IccSmsInterfaceManager: [IccSmsInterfaceManager] Failed to remove cdma broadcast subscription for MID range 4100 to 4100 from client com.android.cellbroadcastreceiver
09-25 23:07:17.170  3854  4191 D IccSmsInterfaceManager: [IccSmsInterfaceManager] Calling setGsmBroadcastConfig with 1 configurations
09-25 23:07:17.175  3854  4191 D IccSmsInterfaceManager: [IccSmsInterfaceManager] Added GSM cell broadcast subscription for MID range 4352 to 4354 from client com.android.cellbroadcastreceiver
09-25 23:07:17.175  3854  4191 D IccSmsInterfaceManager: [IccSmsInterfaceManager] Calling setCellBroadcastActivation(true)
09-25 23:07:17.177  3854  4155 D IccSmsInterfaceManager: [IccSmsInterfaceManager] Calling setGsmBroadcastConfig with 2 configurations
09-26 02:07:03.487     1     1 I init    : type=1400 audit(0.0:15): avc: denied { create } for name="mtp.0" scontext=u:r:init:s0 tcontext=u:object_r:configfs:s0 tclass=lnk_file permissive=1
09-25 23:07:17.183  3854  4155 D IccSmsInterfaceManager: [IccSmsInterfaceManager] Added GSM cell broadcast subscription for MID range 4356 to 4356 from client com.android.cellbroadcastreceiver
09-25 23:07:17.183  3854  4155 D IccSmsInterfaceManager: [IccSmsInterfaceManager] Calling setCellBroadcastActivation(true)
09-25 23:07:17.190  3854  4191 D IccSmsInterfaceManager: [IccSmsInterfaceManager] Failed to remove GSM cell broadcast subscription for MID range 4355 to 4355 from client com.android.cellbroadcastreceiver
09-25 23:07:17.194  3854  3867 D IccSmsInterfaceManager: [IccSmsInterfaceManager] Calling setGsmBroadcastConfig with 3 configurations
09-25 23:07:17.199  3854  3867 D IccSmsInterfaceManager: [IccSmsInterfaceManager] Added GSM cell broadcast subscription for MID range 4370 to 4370 from client com.android.cellbroadcastreceiver
09-25 23:07:17.199  3854  3867 D IccSmsInterfaceManager: [IccSmsInterfaceManager] Calling setCellBroadcastActivation(true)
09-25 23:07:17.203  3854  4155 D IccSmsInterfaceManager: [IccSmsInterfaceManager] Calling setGsmBroadcastConfig with 4 configurations
09-25 23:07:17.208  3854  4155 D IccSmsInterfaceManager: [IccSmsInterfaceManager] Added GSM cell broadcast subscription for MID range 4371 to 4372 from client com.android.cellbroadcastreceiver
09-25 23:07:17.208  3854  4155 D IccSmsInterfaceManager: [IccSmsInterfaceManager] Calling setCellBroadcastActivation(true)
09-25 23:07:17.212  3854  4065 D IccSmsInterfaceManager: [IccSmsInterfaceManager] Calling setGsmBroadcastConfig with 4 configurations
09-25 23:07:17.217  3854  4065 D IccSmsInterfaceManager: [IccSmsInterfaceManager] Added GSM cell broadcast subscription for MID range 4373 to 4378 from client com.android.cellbroadcastreceiver
09-25 23:07:17.217  3854  4065 D IccSmsInterfaceManager: [IccSmsInterfaceManager] Calling setCellBroadcastActivation(true)
09-25 23:07:17.220  3854  4202 D IccSmsInterfaceManager: [IccSmsInterfaceManager] Calling setGsmBroadcastConfig with 4 configurations
09-25 23:07:17.225  3854  4202 D IccSmsInterfaceManager: [IccSmsInterfaceManager] Added GSM cell broadcast subscription for MID range 4379 to 4379 from client com.android.cellbroadcastreceiver
09-25 23:07:17.225  3854  4202 D IccSmsInterfaceManager: [IccSmsInterfaceManager] Calling setCellBroadcastActivation(true)
