09-12 14:29:38.475  5732  5732 I com.android.settings: type=1400 audit(0.0:335): avc: denied { call } for comm=4173796E635461736B202332 scontext=u:r:system_app:s0 tcontext=u:r:netd:s0 tclass=binder permissive=1
09-12 14:29:38.475  5732  5732 W com.android.settings: type=1300 audit(0.0:335): arch=c00000b7 syscall=29 success=yes exit=0 a0=9 a1=c0306201 a2=7f6b92b168 a3=7c items=0 ppid=3165 auid=4294967295 uid=1000 gid=1000 euid=1000 suid=1000 fsuid=1000 egid=1000 sgid=1000 fsgid=1000 tty=(none) ses=4294967295 comm=4173796E635461736B202332 exe="/system/bin/app_process64" subj=u:r:system_app:s0 key=(null)
09-12 14:29:38.475  3075  3075 W auditd  : type=1327 audit(0.0:335): proctitle="com.android.settings"
09-12 14:29:38.475  3075  3075 W auditd  : type=1320 audit(0.0:335): 
09-12 14:29:38.476  3144  3144 E SELinux : avc:  denied  { find } for service=netd pid=4937 uid=1000 scontext=u:r:system_app:s0 tcontext=u:object_r:netd_service:s0 tclass=service_manager permissive=1
09-12 14:29:38.495  5732  5732 I com.android.settings: type=1400 audit(0.0:336): avc: denied { call } for comm=4173796E635461736B202332 scontext=u:r:system_app:s0 tcontext=u:r:fingerprintd:s0 tclass=binder permissive=1
09-12 14:29:38.495  5732  5732 W com.android.settings: type=1300 audit(0.0:336): arch=c00000b7 syscall=29 success=yes exit=0 a0=9 a1=c0306201 a2=7f6b92b168 a3=8b items=0 ppid=3165 auid=4294967295 uid=1000 gid=1000 euid=1000 suid=1000 fsuid=1000 egid=1000 sgid=1000 fsgid=1000 tty=(none) ses=4294967295 comm=4173796E635461736B202332 exe="/system/bin/app_process64" subj=u:r:system_app:s0 key=(null)
09-12 14:29:38.495  3075  3075 W auditd  : type=1327 audit(0.0:336): proctitle="com.android.settings"
09-12 14:29:38.495  3075  3075 W auditd  : type=1320 audit(0.0:336): 
09-12 14:29:38.654  3567  3674 I ActivityManager: Displayed com.android.settings/.DevelopmentSettings: +703ms
09-12 14:29:38.814  3567  3667 I ActivityManager: Waited long enough for: ServiceRecord{b9108dc u0 com.android.email/.service.LegacyImapSyncAdapterService}
09-12 14:29:39.079  5609  5609 D WeatherUpdateService: onCreate
09-12 14:29:39.113  5609  5609 D WeatherUpdateService: Service started, but shouldn't update ... stopping
09-12 14:29:39.131  5609  5609 D WeatherUpdateService: onDestroy
09-12 14:29:40.055  4763  4763 I SlideTouchEvent: vel=995.1828, MinimumFlingVelocity=175
09-12 14:29:40.056  4763  4763 I SlideTouchEvent: Sliding distanceY > distancex, 21.958252, -14.821411
09-12 14:29:40.073  3567  4015 I ActivityManager: START u0 {act=android.intent.action.MAIN cat=[android.intent.category.HOME] flg=0x10200000 cmp=com.cyanogenmod.trebuchet/com.android.launcher3.Launcher (has extras)} from uid 1000 on display 0
09-12 14:29:40.248  3567  3667 W art     : Long monitor contention with owner InputDispatcher (4015) at int com.android.server.am.ActivityStarter.startActivityMayWait(android.app.IApplicationThread, int, java.lang.String, android.content.Intent, java.lang.String, android.service.voice.IVoiceInteractionSession, com.android.internal.app.IVoiceInteractor, android.os.IBinder, java.lang.String, int, int, android.app.ProfilerInfo, android.app.IActivityManager$WaitResult, android.content.res.Configuration, android.os.Bundle, boolean, int, android.app.IActivityContainer, com.android.server.am.TaskRecord)(ActivityStarter.java:790) waiters=1 in void com.android.server.am.ActivityManagerService$MainHandler.handleMessage(android.os.Message) for 168ms
09-12 14:29:40.311  5842  5938 D mali_winsys: EGLint new_window_surface(egl_winsys_display*, void*, EGLSurface, EGLConfig, egl_winsys_surface**, egl_color_buffer_format*, EGLBoolean) returns 0x3000,  [1440x2960]-format:1
09-12 14:29:40.769  3567  5334 I ActivityManager: Setting hasTopUi=true for pid=4763
09-12 14:29:40.772  4763  4763 D PhoneStatusBar: disable: < expand ICONS* ALERTS SYSTEM_INFO* back home recent clock SEARCH quick_settings >
09-12 14:29:40.795  4763  4904 D mali_winsys: EGLint new_window_surface(egl_winsys_display*, void*, EGLSurface, EGLConfig, egl_winsys_surface**, egl_color_buffer_format*, EGLBoolean) returns 0x3000,  [1440x2960]-format:1
09-12 14:29:40.848  5842  5938 W OpenGLRenderer: Incorrectly called buildLayer on View: ShortcutAndWidgetContainer, destroying layer...
09-12 14:29:40.848  5842  5938 W OpenGLRenderer: Incorrectly called buildLayer on View: ShortcutAndWidgetContainer, destroying layer...
09-12 14:29:41.079  3567  3667 I ActivityManager: Waited long enough for: ServiceRecord{6dce604 u0 com.android.calendar/.alerts.InitAlarmsService}
09-12 14:29:41.716  3567  4891 I ActivityManager: START u0 {act=android.intent.action.MAIN cat=[android.intent.category.LAUNCHER] flg=0x10008000 cmp=com.android.settings/.deviceinfo.UsbModeChooserActivity} from uid 1000 on display 0
09-12 14:29:41.730  3567  3664 E ActivityManager: applyOptionsLocked: Unknown animationType=0
09-12 14:29:41.891  4937  4967 D mali_winsys: EGLint new_window_surface(egl_winsys_display*, void*, EGLSurface, EGLConfig, egl_winsys_surface**, egl_color_buffer_format*, EGLBoolean) returns 0x3000,  [1590x1643]-format:1
09-12 14:29:41.908  4937  4967 D mali_winsys: EGLint new_window_surface(egl_winsys_display*, void*, EGLSurface, EGLConfig, egl_winsys_surface**, egl_color_buffer_format*, EGLBoolean) returns 0x3000,  [336x336]-format:1
09-12 14:29:42.000  3567  3674 I ActivityManager: Displayed com.android.settings/.deviceinfo.UsbModeChooserActivity: +270ms
09-12 14:29:42.092  3567  5317 I ActivityManager: Setting hasTopUi=false for pid=4763
09-12 14:29:42.093  4763  4763 D PhoneStatusBar: disable: < expand icons* ALERTS system_info* back home recent clock SEARCH quick_settings >
09-12 14:29:42.138  4763  4904 D mali_winsys: EGLint new_window_surface(egl_winsys_display*, void*, EGLSurface, EGLConfig, egl_winsys_surface**, egl_color_buffer_format*, EGLBoolean) returns 0x3000,  [1440x84]-format:1
09-12 14:29:43.010  3567  4016 I InputReader: Reconfiguring input devices.  changes=0x00000010
09-12 14:29:43.013  5308  5308 D RegisteredNfcFServicesCache: Service unchanged, not updating
09-12 14:29:43.022  3567  3666 W Searchables: No global search activity found
09-12 14:29:43.052  4897  4897 D CarrierSvcBindHelper: No carrier app for: 0
09-12 14:29:43.071     1     1 I init    : type=1400 audit(0.0:337): avc: denied { write } for name="UDC" dev="configfs" ino=1510 scontext=u:r:init:s0 tcontext=u:object_r:configfs:s0 tclass=file permissive=1
09-12 14:29:43.076  3567  3672 I UsbDeviceManager: Setting USB config to mtp,adb
09-12 14:29:43.080  5325  5332 W art     : Receiving file descriptor from ADB failed (socket 3): Connection reset by peer
09-12 14:29:43.081  3567  3567 D ZenLog  : disable_effects: -1|android|17040531|null|1000,booleanState
09-12 14:29:43.102  3567  5345 W ActivityManager: Finishing task with all activities already finished
09-12 14:29:43.102  3567  5345 W ActivityManager: Duplicate finish request for ActivityRecord{2360e21 u0 com.android.settings/.deviceinfo.UsbModeChooserActivity t10 f}
09-12 14:29:43.103  3567  5359 W InputMethodManagerService: Window already focused, ignoring focus gain of: com.android.internal.view.IInputMethodClient$Stub$Proxy@d3743e1 attribute=null, token = android.os.BinderProxy@5861638
09-12 14:29:43.105  3567  5351 W InputMethodManagerService: Focus gain on non-focused client com.android.internal.view.IInputMethodClient$Stub$Proxy@83ca506 (uid=1000 pid=4937)
09-12 14:29:43.654  5339  5339 D MtpService: starting MTP server in MTP mode
09-12 14:29:43.671  5339  5339 E MtpServerJNI: could not open MTP driver, errno: 2
09-12 14:29:43.681  5339  5339 D MtpService: Adding MTP storage 0x10001 at /storage/emulated/0
09-12 14:29:43.682  5339  5339 E MtpServerJNI: server is null in add_storage
09-12 14:29:43.682  5339  6023 E MtpServerJNI: server is null in run
09-12 14:29:43.682  5339  6023 E MtpServerJNI: server is null in cleanup
09-12 14:29:43.689  5339  5339 E MtpServerJNI: server is null in send_object_removed
09-12 14:29:44.930  3164  3164 D gpsd    : WakeLock(Acquire,GPSD)
09-12 14:29:44.931  3164  3164 D gpsd    : WakeLock(Release,GPSD)
09-12 14:29:44.931  3164  3164 D gpsd    : WakeLock(Acquire,GPSD)
09-12 14:29:44.932  3164  3164 D gpsd    : WakeLock(Release,GPSD)
09-12 14:29:44.992  6025  6025 V lhd     : GlLhdInterface::Init(/system/etc/lhd.conf)
09-12 14:29:44.993  6025  6025 E lhd     : SetCfgValue: Critical Error. Unknown configuration parameter "FlpName"="tcp"
09-12 14:29:44.993  6025  6025 V lhd     : SetCfgValue: LHD config "LheSerialControl"="BBD:Serial=TTY"
09-12 14:29:44.993  6025  6025 E lhd     : SetCfgValue: Critical Error. Unknown configuration parameter "LheClockMHz"="100"
09-12 14:29:44.993  6025  6025 V lhd     : SetCfgValue: LHD config "LhePatch"="/dev/bbd_patch"
09-12 14:29:44.993  6025  6025 V lhd     : SetCfgValue: LHD config "LheMaxMcuResetTries"="4"
09-12 14:29:44.993  6025  6025 V lhd     : SetCfgValue: LHD config "LheBbdPacket"="/dev/ttyBCM"
09-12 14:29:44.993  6025  6025 V lhd     : SetCfgValue: LHD config "LheBbdControl"="/dev/bbd_control"
09-12 14:29:44.993  6025  6025 V lhd     : SetCfgValue: LHD config "LheBbdSensor"="/dev/bbd_sensor"
09-12 14:29:44.993  6025  6025 V lhd     : SetCfgValue: LHD config "Lhe477xDebugFlags"="RPC:FACILITY=33:STDOUT_PUTS:STDOUT_LOG"
09-12 14:29:44.993  6025  6025 E lhd     : SetCfgValue: Critical Error. Unknown configuration parameter "LheSensorIpc"="true"
09-12 14:29:44.993  6025  6025 E lhd     : SetCfgValue: Critical Error. Unknown configuration parameter "LhePinMux"="P17=M1"
09-12 14:29:44.993  6025  6025 V lhd     : SetCfgValue: LHD config "LheAutoBaudDelayMS"="10"
09-12 14:29:44.993  6025  6025 V lhd     : SetCfgValue: LHD config "LheMaxMcuResetTries"="3"
09-12 14:29:44.994  6025  6025 E lhd     : OpenFirmwareFile: Fail to open /efs/sec_efs/sensorhub_urgent_fw.patch, errno 2
09-12 14:29:44.994  6025  6025 E lhd     : getCustPatchVersion: Fail to parse patch /efs/sec_efs/sensorhub_urgent_fw.patch
09-12 14:29:44.994  6025  6025 E lhd     : getCustPatchVersion: <CustomerVersion> not found
09-12 14:29:45.059  3164  3164 D gpsd    : WakeLock(Acquire,GPSD)
09-12 14:29:45.059  3164  3164 D gpsd    : WakeLock(Release,GPSD)
09-12 14:29:45.059  3164  3164 D gpsd    : WakeLock(Acquire,GPSD)
09-12 14:29:45.059  6025  6025 D lhd     : OnIpcConnect
09-12 14:29:45.059  3164  3164 D gpsd    : WakeLock(Release,GPSD)
09-12 14:29:46.217  3167  3360 V audio_hw_primary_abox: fast_out-out_standby: enter
09-12 14:29:46.218  3167  3360 I audio_hw_primary_abox: fast_out-out_standby: Transit to Idle
09-12 14:29:46.225  3167  3360 I audio_hw_primary_abox: fast_out-do_close_output_stream: Closed PCM Device
09-12 14:29:46.225  3167  3360 D audio_hw_primary_abox: fast_out-set_audio_route: [PLAYBACK] current-device(speaker) new-device(speaker) in cur-mode(normal) & new-mode(normal)!
09-12 14:29:46.241  3167  3360 I audio_hw_primary_abox: USAGE_SPKAMP-do_close_spkamp_stream: Closed PCM Device is /dev/snd/pcmC0D7p
09-12 14:29:46.244  3167  3360 I audio_hw_primary_abox: USAGE_SPKAMP-do_close_spkamp_stream: Closed PCM Device is /dev/snd/pcmC0D11c
09-12 14:29:46.246  3167  3360 I audio_hw_primary_abox: USAGE_SPKAMP-do_close_spkamp_stream: Closed PCM Device is /dev/snd/pcmC0D12c
09-12 14:29:46.247  3167  3360 I audio_hw_primary_abox: USAGE_SPKAMP-do_close_spkamp_stream: Closed PCM Device is /dev/snd/pcmC0D6p
09-12 14:29:46.247  3167  3360 I audio_route: > audio_route_update_path + : "media-speaker" reverse(1)
09-12 14:29:46.250  3167  3360 I audio_route: > audio_route_update_path - : changed(3)
09-12 14:29:46.250  3167  3360 D audio_hw_primary_abox: fast_out-do_set_route: Disabled Audio Route(media-speaker)
09-12 14:29:46.250  3167  3360 I audio_route: > audio_route_update_path + : "gain-media-speaker" reverse(1)
09-12 14:29:46.250  3167  3360 I audio_route: > audio_route_update_path - : changed(0)
09-12 14:29:46.250  3167  3360 D audio_hw_primary_abox: fast_out-do_set_route: Disabled Audio Gain(gain-media-speaker)
09-12 14:29:46.250  3167  3360 I audio_hw_primary_abox: fast_out-out_standby: Transit to Standby
09-12 14:29:46.250  3167  3360 V audio_hw_primary_abox: fast_out-out_standby: exit
09-12 14:29:48.092  3567  5334 I ActivityManager: Killing 5696:com.android.carrierconfig/u0a5 (adj 906): empty #17
09-12 14:29:48.132  3567  5317 D ActivityManager: cleanUpApplicationRecord -- 5696
09-12 14:29:49.024  3567  3667 I ActivityManager: Waited long enough for: ServiceRecord{a8e376 u0 com.cyanogenmod.lockclock/.weather.WeatherSourceListenerService}
09-12 14:29:49.034  3567  3667 I ActivityManager: Waited long enough for: ServiceRecord{337c102 u0 com.cyanogenmod.lockclock/.DeviceStatusService}
09-12 14:29:56.087  5551  5888 D InitAlarmsService: Clearing and rescheduling alarms.
09-12 14:29:56.115  5523  5523 I Binder:5511_1: type=1400 audit(0.0:338): avc: denied { lock } for path="/data/data/com.android.providers.calendar/databases/calendar.db" dev="sda24" ino=2015539 scontext=u:r:priv_app:s0:c512,c768 tcontext=u:object_r:system_data_file:s0:c512,c768 tclass=file permissive=1
09-12 14:29:56.115  5523  5523 W Binder:5511_1: type=1300 audit(0.0:338): arch=c00000b7 syscall=25 success=yes exit=0 a0=22 a1=5 a2=7f8a4ef708 a3=0 items=0 ppid=3165 auid=4294967295 uid=10004 gid=10004 euid=10004 suid=10004 fsuid=10004 egid=10004 sgid=10004 fsgid=10004 tty=(none) ses=4294967295 exe="/system/bin/app_process64" subj=u:r:priv_app:s0:c512,c768 key=(null)
09-12 14:29:56.115  3075  3075 W auditd  : type=1327 audit(0.0:338): proctitle="com.android.providers.calendar"
09-12 14:29:56.115  3075  3075 W auditd  : type=1320 audit(0.0:338): 
09-12 14:30:00.076  3164  3164 D gpsd    : WakeLock(Acquire,GPSD)
09-12 14:30:00.077  3164  3164 D gpsd    : WakeLock(Release,GPSD)
09-12 14:30:00.077  3164  3164 D gpsd    : WakeLock(Acquire,GPSD)
09-12 14:30:00.077  3164  3164 D gpsd    : WakeLock(Release,GPSD)
09-12 14:30:00.142  6031  6031 V lhd     : GlLhdInterface::Init(/system/etc/lhd.conf)
09-12 14:30:00.143  6031  6031 E lhd     : SetCfgValue: Critical Error. Unknown configuration parameter "FlpName"="tcp"
09-12 14:30:00.143  6031  6031 V lhd     : SetCfgValue: LHD config "LheSerialControl"="BBD:Serial=TTY"
09-12 14:30:00.143  6031  6031 E lhd     : SetCfgValue: Critical Error. Unknown configuration parameter "LheClockMHz"="100"
09-12 14:30:00.143  6031  6031 V lhd     : SetCfgValue: LHD config "LhePatch"="/dev/bbd_patch"
09-12 14:30:00.143  6031  6031 V lhd     : SetCfgValue: LHD config "LheMaxMcuResetTries"="4"
09-12 14:30:00.143  6031  6031 V lhd     : SetCfgValue: LHD config "LheBbdPacket"="/dev/ttyBCM"
09-12 14:30:00.143  6031  6031 V lhd     : SetCfgValue: LHD config "LheBbdControl"="/dev/bbd_control"
09-12 14:30:00.143  6031  6031 V lhd     : SetCfgValue: LHD config "LheBbdSensor"="/dev/bbd_sensor"
09-12 14:30:00.143  6031  6031 V lhd     : SetCfgValue: LHD config "Lhe477xDebugFlags"="RPC:FACILITY=33:STDOUT_PUTS:STDOUT_LOG"
09-12 14:30:00.143  6031  6031 E lhd     : SetCfgValue: Critical Error. Unknown configuration parameter "LheSensorIpc"="true"
09-12 14:30:00.143  6031  6031 E lhd     : SetCfgValue: Critical Error. Unknown configuration parameter "LhePinMux"="P17=M1"
09-12 14:30:00.143  6031  6031 V lhd     : SetCfgValue: LHD config "LheAutoBaudDelayMS"="10"
09-12 14:30:00.143  6031  6031 V lhd     : SetCfgValue: LHD config "LheMaxMcuResetTries"="3"
09-12 14:30:00.144  6031  6031 E lhd     : OpenFirmwareFile: Fail to open /efs/sec_efs/sensorhub_urgent_fw.patch, errno 2
09-12 14:30:00.144  6031  6031 E lhd     : getCustPatchVersion: Fail to parse patch /efs/sec_efs/sensorhub_urgent_fw.patch
09-12 14:30:00.144  6031  6031 E lhd     : getCustPatchVersion: <CustomerVersion> not found
09-12 14:30:00.160  4763  4768 I art     : Compiler allocated 5MB to compile boolean android.app.ApplicationThreadNative.onTransact(int, android.os.Parcel, android.os.Parcel, int)
09-12 14:30:00.205  3164  3164 D gpsd    : WakeLock(Acquire,GPSD)
09-12 14:30:00.205  3164  3164 D gpsd    : WakeLock(Release,GPSD)
09-12 14:30:00.205  3164  3164 D gpsd    : WakeLock(Acquire,GPSD)
09-12 14:30:00.205  3164  3164 D gpsd    : WakeLock(Release,GPSD)
09-12 14:30:00.206  6031  6031 D lhd     : OnIpcConnect
09-12 14:30:00.234  5842  5847 I art     : Do partial code cache collection, code=246KB, data=203KB
09-12 14:30:00.234  5842  5847 I art     : After code cache collection, code=245KB, data=202KB
09-12 14:30:00.234  5842  5847 I art     : Increasing code cache capacity to 1024KB
09-12 14:30:08.907  3567  5351 I ActivityManager: Setting hasTopUi=true for pid=4763
09-12 14:30:08.909  4763  4763 D PhoneStatusBar: disable: < expand ICONS* ALERTS SYSTEM_INFO* back home recent clock SEARCH quick_settings >
09-12 14:30:08.942  4763  4904 D mali_winsys: EGLint new_window_surface(egl_winsys_display*, void*, EGLSurface, EGLConfig, egl_winsys_surface**, egl_color_buffer_format*, EGLBoolean) returns 0x3000,  [1440x2960]-format:1
09-12 14:30:12.167  3167  3360 D audio_hw_primary_abox: fast_out-set_audio_route: [PLAYBACK] current-device(none) new-device(speaker) in cur-mode(none) & new-mode(normal)!
09-12 14:30:12.167  3167  3360 I audio_hw_primary_abox: is_voice_wakeup : ret =  0  , wakeup_baby_cry_enabled = 0  ,  wakeup_mic_enabled = 0 
09-12 14:30:12.167  3167  3360 I audio_route: > audio_route_apply_path : "media-speaker"
09-12 14:30:12.169  3167  3360 I audio_route: > audio_route_update_path + : "media-speaker" reverse(0)
09-12 14:30:12.170  3167  3360 I audio_route: > audio_route_update_path - : changed(0)
09-12 14:30:12.170  3167  3360 D audio_hw_primary_abox: fast_out-do_set_route: Enabled Audio Route(media-speaker)
09-12 14:30:12.170  3167  3360 I audio_route: > audio_route_apply_path : "gain-media-speaker"
09-12 14:30:12.170  3167  3360 I audio_route: > audio_route_update_path + : "gain-media-speaker" reverse(0)
09-12 14:30:12.170  3167  3360 I audio_route: > audio_route_update_path - : changed(0)
09-12 14:30:12.170  3167  3360 D audio_hw_primary_abox: fast_out-do_set_route: Enabled Audio Gain(gain-media-speaker)
09-12 14:30:12.171  3167  3360 I audio_hw_primary_abox: [do_open_spkamp_stream] Opened PCM Device(/dev/snd/pcmC0D7p) configured Info: Channels(2)  Smapling Rate(48000), Format: Default(0)
09-12 14:30:12.175  3167  3360 I audio_hw_primary_abox: [do_open_spkamp_stream] Opened PCM Device(/dev/snd/pcmC0D11c) configured Info: Channels(2)  Smapling Rate(48000), Format: Default(0)
09-12 14:30:12.176  3167  3360 I audio_hw_primary_abox: [do_open_spkamp_stream] Opened PCM Device(/dev/snd/pcmC0D12c) configured Info: Channels(2)  Smapling Rate(48000), Format: Default(0)
09-12 14:30:12.179  3567  5359 I ActivityManager: START u0 {act=android.intent.action.MAIN cat=[android.intent.category.LAUNCHER] flg=0x10008000 cmp=com.android.settings/.deviceinfo.UsbModeChooserActivity} from uid 1000 on display 0
09-12 14:30:12.182  3167  3360 I audio_hw_primary_abox: [do_open_spkamp_stream] Opened PCM Device(/dev/snd/pcmC0D6p) configured Info: Channels(2)  Smapling Rate(48000), Format: Default(0)
09-12 14:30:12.191  3567  5323 W InputMethodManagerService: Window already focused, ignoring focus gain of: com.android.internal.view.IInputMethodClient$Stub$Proxy@c7e7cb attribute=null, token = android.os.BinderProxy@5861638
09-12 14:30:12.202  3167  3360 I audio_hw_primary_abox: fast_out-do_open_output_stream: Opened PCM Device is /dev/snd/pcmC0D2p samplingRate(48000) pcmformat(0)
09-12 14:30:12.202  3167  3360 I audio_hw_primary_abox: fast_out-out_write: Transit to Idle
09-12 14:30:12.205  3167  3360 I audio_hw_primary_abox: fast_out-out_write: Transit to Playing
09-12 14:30:12.207  3567  4893 E ActivityManager: applyOptionsLocked: Unknown animationType=0
09-12 14:30:12.276  4937  4942 I art     : Do full code cache collection, code=504KB, data=414KB
09-12 14:30:12.276  4937  4942 I art     : Starting a blocking GC JitCodeCache
09-12 14:30:12.277  4937  4942 I art     : After code cache collection, code=437KB, data=322KB
09-12 14:30:12.315  4937  4967 D mali_winsys: EGLint new_window_surface(egl_winsys_display*, void*, EGLSurface, EGLConfig, egl_winsys_surface**, egl_color_buffer_format*, EGLBoolean) returns 0x3000,  [1590x1643]-format:1
09-12 14:30:12.331  4937  4967 D mali_winsys: EGLint new_window_surface(egl_winsys_display*, void*, EGLSurface, EGLConfig, egl_winsys_surface**, egl_color_buffer_format*, EGLBoolean) returns 0x3000,  [336x336]-format:1
09-12 14:30:12.373  3567  3674 I ActivityManager: Displayed com.android.settings/.deviceinfo.UsbModeChooserActivity: +165ms
09-12 14:30:12.549  3567  3665 I ActivityManager: Setting hasTopUi=false for pid=4763
09-12 14:30:12.551  4763  4763 D PhoneStatusBar: disable: < expand icons* ALERTS system_info* back home recent clock SEARCH quick_settings >
09-12 14:30:12.590  4763  4904 D mali_winsys: EGLint new_window_surface(egl_winsys_display*, void*, EGLSurface, EGLConfig, egl_winsys_surface**, egl_color_buffer_format*, EGLBoolean) returns 0x3000,  [1440x84]-format:1
09-12 14:30:13.908  3567  5334 W InputMethodManagerService: Window already focused, ignoring focus gain of: com.android.internal.view.IInputMethodClient$Stub$Proxy@d7329f attribute=null, token = android.os.BinderProxy@5861638
09-12 14:30:13.909  3567  4891 W InputMethodManagerService: Focus gain on non-focused client com.android.internal.view.IInputMethodClient$Stub$Proxy@83ca506 (uid=1000 pid=4937)
09-12 14:30:13.910  3567  5351 W ActivityManager: Finishing task with all activities already finished
09-12 14:30:13.910  3567  5351 W ActivityManager: Duplicate finish request for ActivityRecord{8d0729a u0 com.android.settings/.deviceinfo.UsbModeChooserActivity t11 f}
09-12 14:30:15.220  3164  3164 D gpsd    : WakeLock(Acquire,GPSD)
09-12 14:30:15.221  3164  3164 D gpsd    : WakeLock(Release,GPSD)
09-12 14:30:15.221  3164  3164 D gpsd    : WakeLock(Acquire,GPSD)
09-12 14:30:15.221  3164  3164 D gpsd    : WakeLock(Release,GPSD)
09-12 14:30:15.295  6038  6038 V lhd     : GlLhdInterface::Init(/system/etc/lhd.conf)
09-12 14:30:15.296  6038  6038 E lhd     : SetCfgValue: Critical Error. Unknown configuration parameter "FlpName"="tcp"
09-12 14:30:15.296  6038  6038 V lhd     : SetCfgValue: LHD config "LheSerialControl"="BBD:Serial=TTY"
09-12 14:30:15.296  6038  6038 E lhd     : SetCfgValue: Critical Error. Unknown configuration parameter "LheClockMHz"="100"
09-12 14:30:15.296  6038  6038 V lhd     : SetCfgValue: LHD config "LhePatch"="/dev/bbd_patch"
09-12 14:30:15.296  6038  6038 V lhd     : SetCfgValue: LHD config "LheMaxMcuResetTries"="4"
09-12 14:30:15.296  6038  6038 V lhd     : SetCfgValue: LHD config "LheBbdPacket"="/dev/ttyBCM"
09-12 14:30:15.296  6038  6038 V lhd     : SetCfgValue: LHD config "LheBbdControl"="/dev/bbd_control"
09-12 14:30:15.296  6038  6038 V lhd     : SetCfgValue: LHD config "LheBbdSensor"="/dev/bbd_sensor"
09-12 14:30:15.296  6038  6038 V lhd     : SetCfgValue: LHD config "Lhe477xDebugFlags"="RPC:FACILITY=33:STDOUT_PUTS:STDOUT_LOG"
09-12 14:30:15.296  6038  6038 E lhd     : SetCfgValue: Critical Error. Unknown configuration parameter "LheSensorIpc"="true"
09-12 14:30:15.296  6038  6038 E lhd     : SetCfgValue: Critical Error. Unknown configuration parameter "LhePinMux"="P17=M1"
09-12 14:30:15.296  6038  6038 V lhd     : SetCfgValue: LHD config "LheAutoBaudDelayMS"="10"
09-12 14:30:15.296  6038  6038 V lhd     : SetCfgValue: LHD config "LheMaxMcuResetTries"="3"
09-12 14:30:15.296  6038  6038 E lhd     : OpenFirmwareFile: Fail to open /efs/sec_efs/sensorhub_urgent_fw.patch, errno 2
09-12 14:30:15.296  6038  6038 E lhd     : getCustPatchVersion: Fail to parse patch /efs/sec_efs/sensorhub_urgent_fw.patch
09-12 14:30:15.296  6038  6038 E lhd     : getCustPatchVersion: <CustomerVersion> not found
09-12 14:30:15.359  3164  3164 D gpsd    : WakeLock(Acquire,GPSD)
09-12 14:30:15.359  3164  3164 D gpsd    : WakeLock(Release,GPSD)
09-12 14:30:15.359  6038  6038 D lhd     : OnIpcConnect
09-12 14:30:15.359  3164  3164 D gpsd    : WakeLock(Acquire,GPSD)
09-12 14:30:15.359  3164  3164 D gpsd    : WakeLock(Release,GPSD)
09-12 14:30:17.019  3167  3360 V audio_hw_primary_abox: fast_out-out_standby: enter
09-12 14:30:17.019  3167  3360 I audio_hw_primary_abox: fast_out-out_standby: Transit to Idle
09-12 14:30:17.032  3167  3360 I audio_hw_primary_abox: fast_out-do_close_output_stream: Closed PCM Device
09-12 14:30:17.032  3167  3360 D audio_hw_primary_abox: fast_out-set_audio_route: [PLAYBACK] current-device(speaker) new-device(speaker) in cur-mode(normal) & new-mode(normal)!
09-12 14:30:17.050  3167  3360 I audio_hw_primary_abox: USAGE_SPKAMP-do_close_spkamp_stream: Closed PCM Device is /dev/snd/pcmC0D7p
09-12 14:30:17.053  3167  3360 I audio_hw_primary_abox: USAGE_SPKAMP-do_close_spkamp_stream: Closed PCM Device is /dev/snd/pcmC0D11c
09-12 14:30:17.056  3167  3360 I audio_hw_primary_abox: USAGE_SPKAMP-do_close_spkamp_stream: Closed PCM Device is /dev/snd/pcmC0D12c
09-12 14:30:17.057  3167  3360 I audio_hw_primary_abox: USAGE_SPKAMP-do_close_spkamp_stream: Closed PCM Device is /dev/snd/pcmC0D6p
09-12 14:30:17.057  3167  3360 I audio_route: > audio_route_update_path + : "media-speaker" reverse(1)
09-12 14:30:17.060  3167  3360 I audio_route: > audio_route_update_path - : changed(3)
09-12 14:30:17.060  3167  3360 D audio_hw_primary_abox: fast_out-do_set_route: Disabled Audio Route(media-speaker)
09-12 14:30:17.060  3167  3360 I audio_route: > audio_route_update_path + : "gain-media-speaker" reverse(1)
09-12 14:30:17.060  3167  3360 I audio_route: > audio_route_update_path - : changed(0)
09-12 14:30:17.060  3167  3360 D audio_hw_primary_abox: fast_out-do_set_route: Disabled Audio Gain(gain-media-speaker)
09-12 14:30:17.060  3167  3360 I audio_hw_primary_abox: fast_out-out_standby: Transit to Standby
09-12 14:30:17.060  3167  3360 V audio_hw_primary_abox: fast_out-out_standby: exit
09-12 14:30:19.083  3567  3567 I ActivityManager: Killing 5735:com.android.camera2/u0a43 (adj 906): empty #17
09-12 14:30:19.124  3567  4891 D ActivityManager: cleanUpApplicationRecord -- 5735
09-12 14:30:30.377  3164  3164 D gpsd    : WakeLock(Acquire,GPSD)
09-12 14:30:30.378  3164  3164 D gpsd    : WakeLock(Release,GPSD)
09-12 14:30:30.378  3164  3164 D gpsd    : WakeLock(Acquire,GPSD)
09-12 14:30:30.378  3164  3164 D gpsd    : WakeLock(Release,GPSD)
09-12 14:30:30.443  6044  6044 V lhd     : GlLhdInterface::Init(/system/etc/lhd.conf)
09-12 14:30:30.443  6044  6044 E lhd     : SetCfgValue: Critical Error. Unknown configuration parameter "FlpName"="tcp"
09-12 14:30:30.443  6044  6044 V lhd     : SetCfgValue: LHD config "LheSerialControl"="BBD:Serial=TTY"
09-12 14:30:30.443  6044  6044 E lhd     : SetCfgValue: Critical Error. Unknown configuration parameter "LheClockMHz"="100"
09-12 14:30:30.443  6044  6044 V lhd     : SetCfgValue: LHD config "LhePatch"="/dev/bbd_patch"
09-12 14:30:30.443  6044  6044 V lhd     : SetCfgValue: LHD config "LheMaxMcuResetTries"="4"
09-12 14:30:30.443  6044  6044 V lhd     : SetCfgValue: LHD config "LheBbdPacket"="/dev/ttyBCM"
09-12 14:30:30.443  6044  6044 V lhd     : SetCfgValue: LHD config "LheBbdControl"="/dev/bbd_control"
09-12 14:30:30.443  6044  6044 V lhd     : SetCfgValue: LHD config "LheBbdSensor"="/dev/bbd_sensor"
09-12 14:30:30.443  6044  6044 V lhd     : SetCfgValue: LHD config "Lhe477xDebugFlags"="RPC:FACILITY=33:STDOUT_PUTS:STDOUT_LOG"
09-12 14:30:30.443  6044  6044 E lhd     : SetCfgValue: Critical Error. Unknown configuration parameter "LheSensorIpc"="true"
09-12 14:30:30.444  6044  6044 E lhd     : SetCfgValue: Critical Error. Unknown configuration parameter "LhePinMux"="P17=M1"
09-12 14:30:30.444  6044  6044 V lhd     : SetCfgValue: LHD config "LheAutoBaudDelayMS"="10"
09-12 14:30:30.444  6044  6044 V lhd     : SetCfgValue: LHD config "LheMaxMcuResetTries"="3"
09-12 14:30:30.444  6044  6044 E lhd     : OpenFirmwareFile: Fail to open /efs/sec_efs/sensorhub_urgent_fw.patch, errno 2
09-12 14:30:30.444  6044  6044 E lhd     : getCustPatchVersion: Fail to parse patch /efs/sec_efs/sensorhub_urgent_fw.patch
09-12 14:30:30.444  6044  6044 E lhd     : getCustPatchVersion: <CustomerVersion> not found
09-12 14:30:30.509  3164  3164 D gpsd    : WakeLock(Acquire,GPSD)
09-12 14:30:30.509  6044  6044 D lhd     : OnIpcConnect
09-12 14:30:30.509  3164  3164 D gpsd    : WakeLock(Release,GPSD)
09-12 14:30:30.509  3164  3164 D gpsd    : WakeLock(Acquire,GPSD)
09-12 14:30:30.510  3164  3164 D gpsd    : WakeLock(Release,GPSD)
09-12 17:29:09.567  4986  4986 I DeferredSaveThr: type=1400 audit(0.0:209): avc: denied { write } for name="code_cache" dev="sda24" ino=3121273 scontext=u:r:system_app:s0 tcontext=u:object_r:system_data_file:s0 tclass=dir permissive=1
09-12 14:30:45.527  3164  3164 D gpsd    : WakeLock(Acquire,GPSD)
09-12 14:30:45.527  3164  3164 D gpsd    : WakeLock(Release,GPSD)
09-12 14:30:45.528  3164  3164 D gpsd    : WakeLock(Acquire,GPSD)
09-12 14:30:45.528  3164  3164 D gpsd    : WakeLock(Release,GPSD)
09-12 14:30:45.594  6051  6051 V lhd     : GlLhdInterface::Init(/system/etc/lhd.conf)
09-12 14:30:45.595  6051  6051 E lhd     : SetCfgValue: Critical Error. Unknown configuration parameter "FlpName"="tcp"
09-12 14:30:45.595  6051  6051 V lhd     : SetCfgValue: LHD config "LheSerialControl"="BBD:Serial=TTY"
09-12 14:30:45.595  6051  6051 E lhd     : SetCfgValue: Critical Error. Unknown configuration parameter "LheClockMHz"="100"
09-12 14:30:45.595  6051  6051 V lhd     : SetCfgValue: LHD config "LhePatch"="/dev/bbd_patch"
09-12 14:30:45.595  6051  6051 V lhd     : SetCfgValue: LHD config "LheMaxMcuResetTries"="4"
09-12 14:30:45.596  6051  6051 V lhd     : SetCfgValue: LHD config "LheBbdPacket"="/dev/ttyBCM"
09-12 14:30:45.596  6051  6051 V lhd     : SetCfgValue: LHD config "LheBbdControl"="/dev/bbd_control"
09-12 14:30:45.596  6051  6051 V lhd     : SetCfgValue: LHD config "LheBbdSensor"="/dev/bbd_sensor"
09-12 14:30:45.596  6051  6051 V lhd     : SetCfgValue: LHD config "Lhe477xDebugFlags"="RPC:FACILITY=33:STDOUT_PUTS:STDOUT_LOG"
09-12 14:30:45.596  6051  6051 E lhd     : SetCfgValue: Critical Error. Unknown configuration parameter "LheSensorIpc"="true"
09-12 14:30:45.596  6051  6051 E lhd     : SetCfgValue: Critical Error. Unknown configuration parameter "LhePinMux"="P17=M1"
09-12 14:30:45.596  6051  6051 V lhd     : SetCfgValue: LHD config "LheAutoBaudDelayMS"="10"
09-12 14:30:45.596  6051  6051 V lhd     : SetCfgValue: LHD config "LheMaxMcuResetTries"="3"
09-12 14:30:45.596  6051  6051 E lhd     : OpenFirmwareFile: Fail to open /efs/sec_efs/sensorhub_urgent_fw.patch, errno 2
09-12 14:30:45.596  6051  6051 E lhd     : getCustPatchVersion: Fail to parse patch /efs/sec_efs/sensorhub_urgent_fw.patch
09-12 14:30:45.596  6051  6051 E lhd     : getCustPatchVersion: <CustomerVersion> not found
09-12 14:30:45.661  3164  3164 D gpsd    : WakeLock(Acquire,GPSD)
09-12 14:30:45.662  6051  6051 D lhd     : OnIpcConnect
09-12 14:30:45.662  3164  3164 D gpsd    : WakeLock(Release,GPSD)
09-12 14:30:45.662  3164  3164 D gpsd    : WakeLock(Acquire,GPSD)
09-12 14:30:45.662  3164  3164 D gpsd    : WakeLock(Release,GPSD)
09-12 14:31:00.681  3164  3164 D gpsd    : WakeLock(Acquire,GPSD)
09-12 14:31:00.683  3164  3164 D gpsd    : WakeLock(Release,GPSD)
09-12 14:31:00.683  3164  3164 D gpsd    : WakeLock(Acquire,GPSD)
09-12 14:31:00.683  3164  3164 D gpsd    : WakeLock(Release,GPSD)
09-12 14:31:00.754  6056  6056 V lhd     : GlLhdInterface::Init(/system/etc/lhd.conf)
09-12 14:31:00.755  6056  6056 E lhd     : SetCfgValue: Critical Error. Unknown configuration parameter "FlpName"="tcp"
09-12 14:31:00.755  6056  6056 V lhd     : SetCfgValue: LHD config "LheSerialControl"="BBD:Serial=TTY"
09-12 14:31:00.755  6056  6056 E lhd     : SetCfgValue: Critical Error. Unknown configuration parameter "LheClockMHz"="100"
09-12 14:31:00.755  6056  6056 V lhd     : SetCfgValue: LHD config "LhePatch"="/dev/bbd_patch"
09-12 14:31:00.755  6056  6056 V lhd     : SetCfgValue: LHD config "LheMaxMcuResetTries"="4"
09-12 14:31:00.755  6056  6056 V lhd     : SetCfgValue: LHD config "LheBbdPacket"="/dev/ttyBCM"
09-12 14:31:00.755  6056  6056 V lhd     : SetCfgValue: LHD config "LheBbdControl"="/dev/bbd_control"
09-12 14:31:00.755  6056  6056 V lhd     : SetCfgValue: LHD config "LheBbdSensor"="/dev/bbd_sensor"
09-12 14:31:00.755  6056  6056 V lhd     : SetCfgValue: LHD config "Lhe477xDebugFlags"="RPC:FACILITY=33:STDOUT_PUTS:STDOUT_LOG"
09-12 14:31:00.755  6056  6056 E lhd     : SetCfgValue: Critical Error. Unknown configuration parameter "LheSensorIpc"="true"
09-12 14:31:00.755  6056  6056 E lhd     : SetCfgValue: Critical Error. Unknown configuration parameter "LhePinMux"="P17=M1"
09-12 14:31:00.755  6056  6056 V lhd     : SetCfgValue: LHD config "LheAutoBaudDelayMS"="10"
09-12 14:31:00.755  6056  6056 V lhd     : SetCfgValue: LHD config "LheMaxMcuResetTries"="3"
09-12 14:31:00.756  6056  6056 E lhd     : OpenFirmwareFile: Fail to open /efs/sec_efs/sensorhub_urgent_fw.patch, errno 2
09-12 14:31:00.756  6056  6056 E lhd     : getCustPatchVersion: Fail to parse patch /efs/sec_efs/sensorhub_urgent_fw.patch
09-12 14:31:00.756  6056  6056 E lhd     : getCustPatchVersion: <CustomerVersion> not found
09-12 14:31:00.820  3164  3164 D gpsd    : WakeLock(Acquire,GPSD)
09-12 14:31:00.821  3164  3164 D gpsd    : WakeLock(Release,GPSD)
09-12 14:31:00.821  6056  6056 D lhd     : OnIpcConnect
09-12 14:31:00.821  3164  3164 D gpsd    : WakeLock(Acquire,GPSD)
09-12 14:31:00.821  3164  3164 D gpsd    : WakeLock(Release,GPSD)
09-12 14:31:13.820  3567  3676 I PowerManagerService: Going to sleep due to screen timeout (uid 1000)...
09-12 14:31:13.827  3567  3676 I DreamManagerService: Entering dreamland.
09-12 14:31:13.836  3567  3676 I PowerManagerService: Dozing...
09-12 14:31:13.839  3567  3672 I DreamController: Starting dream: name=ComponentInfo{com.android.systemui/com.android.systemui.doze.DozeService}, isTest=false, canDoze=true, userId=0
09-12 14:31:13.909  3567  3667 I VrManagerService: VR mode is disallowed
09-12 14:31:13.948  3567  3676 V KeyguardServiceDelegate: onScreenTurnedOff()
09-12 14:31:13.949  3145  3145 D SurfaceFlinger: Set power mode=0, type=0 flinger=0x7f81e48000
09-12 14:31:13.950  3567  3674 I DisplayManagerService: Display device changed state: "Built-in Screen", OFF
09-12 14:31:13.957  3567  3674 W LocalDisplayAdapter: Unable to find color mode 0, ignoring request.
09-12 14:31:14.085  3567  4720 D SurfaceControl: Excessive delay in setPowerMode(): 135ms
09-12 14:31:14.105  3167  3368 D audio_hw_primary_abox: device-adev_set_parameters: enter with key(screen_state=on)
09-12 14:31:14.105  3167  3368 D audio_hw_primary_abox: device-adev_set_parameters: exit
09-12 14:31:14.156  5308  6088 D NfcService: Discovery configuration equal, not updating.
09-12 14:31:14.211  3167  3167 D audio_hw_primary_abox: device-adev_set_parameters: enter with key(screen_state=off)
09-12 14:31:14.211  3167  3167 D audio_hw_primary_abox: device-adev_set_parameters: exit
09-12 14:31:14.254  5308  6091 D BrcmNfcJni: nfcManager_disableDiscovery: enter;
09-12 14:31:14.254  5308  6091 D BrcmNfcJni: pn544InteropAbortNow
09-12 14:31:14.255  5308  6091 D BrcmNfcJni: startRfDiscovery: is start=0
09-12 14:31:14.255  5308  6091 I BrcmNfcNfa: NFA_StopRfDiscovery ()
09-12 14:31:14.255  5308  5425 I BrcmNfcNfa: NFA got event 0x010F
09-12 14:31:14.255  5308  5425 I BrcmNfcNfa: nfa_dm_evt_hdlr event: NFA_DM_API_STOP_RF_DISCOVERY_EVT (0x0f)
09-12 14:31:14.255  5308  5425 I BrcmNfcNfa: nfa_dm_act_stop_rf_discovery ()
09-12 14:31:14.255  5308  5425 I BrcmNfcNfa: nfa_dm_rf_deactivate () deactivate_type:0x0
09-12 14:31:14.255  5308  5425 I BrcmNfcNfa: nfa_dm_disc_sm_execute (): state: DISCOVERY (1), event: DEACTIVATE_CMD(6) disc_flags: 0x2
09-12 14:31:14.255  5308  5425 I BrcmNfcNfa: NFC_Deactivate 4 (IDLE) deactivate_type:0
09-12 14:31:14.255  5308  5425 D NfcAdaptation: NfcAdaptation::HalWrite
09-12 14:31:14.255  5308  5425 I SecHAL  : nfc_hal_write: enter;
09-12 14:31:14.255  5308  5425 I SecHAL  : nfc_hal_write: exit;
09-12 14:31:14.255  5308  5425 I BrcmNfcNfa: nfa_dm_disc_sm_execute (): new state: DISCOVERY (1), disc_flags: 0x22
09-12 14:31:14.255  5308  5425 I BrcmNfcNfa: nfa_sys_ptim_stop_timer 841ee010
09-12 14:31:14.255  5308  5425 I BrcmNfcNfa: ptim timer stop
09-12 14:31:14.255  5308  5425 I BrcmNfcNfa: Stopped presence check timer (if started)
09-12 14:31:14.255  5308  5429 D SecHAL  : nfc_hal_task: Got a event: HAL_EVT_WRITE(3)
09-12 14:31:14.255  5308  5429 D SecHAL  : nfc_hal_task: current state: SERVICE
09-12 14:31:14.255  5308  5429 I SecHAL  : device_wakeup: Wakeup! in 80 ms
09-12 14:31:14.289  3567  3668 I WindowManager: OverscanTimeout run
09-12 14:31:14.336  5308  5429 I SecHAL  : device_wakeup: exit
09-12 14:31:14.336  5308  5429 I SecHAL  : OSI_timer_start: enter,osi_lock
09-12 14:31:14.336  5308  5429 I SecHAL  : OSI_timer_start: before pthread_create for timer thread
09-12 14:31:14.336  5308  5429 I SecHAL  : OSI_timer_start: after pthread_create for timer thread
09-12 14:31:14.336  5308  5429 I SecHAL  : OSI_timer_start: before osi_unlock
09-12 14:31:14.336  5308  5429 I SecHAL  : OSI_timer_start: exit
09-12 14:31:14.336  5308  5429 I SecHAL  : device_write: enter
09-12 14:31:14.336  5308  5429 I SecHAL  : device_write: before system call
09-12 14:31:14.336  5308  5429 I SecHAL  : device_write: after system call
09-12 14:31:14.336  5308  5429 D SecHAL  : data_trace:  Send(  4) 21 06 01   00 
09-12 14:31:14.336  5308  5429 I SecHAL  : device_write: exit
09-12 14:31:14.340  5308  5428 D SecHAL  : read_thread: Sent message to HAL message task, remind que: 2
09-12 14:31:14.340  5308  5429 D SecHAL  : nfc_hal_task: Got a event: HAL_EVT_READ(4)
09-12 14:31:14.340  5308  5429 D SecHAL  : nfc_hal_task: current state: SERVICE
09-12 14:31:14.340  5308  5429 D SecHAL  : data_trace:  Recv(  4) 41 06 01   00 
09-12 14:31:14.340  5308  5429 I SecHAL  : OSI_timer_start: enter,osi_lock
09-12 14:31:14.341  5308  5429 I SecHAL  : OSI_timer_start: before osi_unlock
09-12 14:31:14.341  5308  5429 I SecHAL  : OSI_timer_start: exit
09-12 14:31:14.341  5308  5429 I SecHAL  : nfc_data_callback: !
09-12 14:31:14.341  5308  5429 D NfcAdaptation: NfcAdaptation::HalDeviceContextDataCallback: len=4
09-12 14:31:14.341  5308  5425 I BrcmNfcNfa: NFC received rsp gid:1
09-12 14:31:14.341  5308  5425 I BrcmNfcNfa: p2p priority is running under bail out mode ONLY.
09-12 14:31:14.341  5308  5425 I BrcmNfcNfa: nfc_set_state 4 (IDLE)->4 (IDLE)
09-12 14:31:14.341  5308  5425 I BrcmNfcNfa: nfa_dm_disc_data_cback ()
09-12 14:31:14.341  5308  5425 I BrcmNfcNfa: nfa_dm_disc_discovery_cback (): event:0x4005
09-12 14:31:14.341  5308  5425 I BrcmNfcNfa: nfa_dm_disc_sm_execute (): state: DISCOVERY (1), event: DEACTIVATE_RSP(7) disc_flags: 0x22
09-12 14:31:14.341  5308  5425 I BrcmNfcNfa: nfa_dm_disc_new_state (): old_state: DISCOVERY (1), new_state: IDLE (0) disc_flags: 0x2
09-12 14:31:14.341  5308  5425 D BrcmNfcJni: nfaConnectionCallback: event= 31
09-12 14:31:14.341  5308  5425 D BrcmNfcJni: nfaConnectionCallback: NFA_RF_DISCOVERY_STOPPED_EVT: status = 0
09-12 14:31:14.341  5308  5425 I BrcmNfcNfa: nfa_dm_start_rf_discover ()
09-12 14:31:14.341  5308  5425 I BrcmNfcNfa: nfa_dm_disc_sm_execute (): new state: IDLE (0), disc_flags: 0x0
09-12 14:31:14.341  5308  6091 D BrcmNfcJni: stopPolling_rfDiscoveryDisabled: disable polling
09-12 14:31:14.341  5308  6091 I BrcmNfcNfa: NFA_DisablePolling ()
09-12 14:31:14.341  5308  5425 I BrcmNfcNfa: NFA got event 0x0107
09-12 14:31:14.341  5308  5425 I BrcmNfcNfa: nfa_dm_evt_hdlr event: NFA_DM_API_DISABLE_POLLING_EVT (0x07)
09-12 14:31:14.341  5308  5425 I BrcmNfcNfa: nfa_dm_act_disable_polling ()
09-12 14:31:14.341  5308  5425 I BrcmNfcNfa: nfa_dm_deactivate_polling ()
09-12 14:31:14.341  5308  5425 I BrcmNfcNfa: nfa_dm_delete_rf_discover () handle=0x1
09-12 14:31:14.341  5308  5425 D BrcmNfcJni: nfaConnectionCallback: event= 1
09-12 14:31:14.341  5308  5425 D BrcmNfcJni: nfaConnectionCallback: NFA_POLL_DISABLED_EVT: status = 0
09-12 14:31:14.341  5308  6091 D BrcmNfcJni: PeerToPeer::enableP2pListening: enter isEnable: 0  mIsP2pListening: 1
09-12 14:31:14.341  5308  6091 I BrcmNfcNfa: NFA_P2pSetListenTech (): tech_mask:0x0
09-12 14:31:14.342  5308  5425 I BrcmNfcNfa: NFA got event 0x010D
09-12 14:31:14.342  5308  5425 I BrcmNfcNfa: nfa_dm_evt_hdlr event: NFA_DM_API_SET_P2P_LISTEN_TECH_EVT (0x0d)
09-12 14:31:14.342  5308  5425 I BrcmNfcNfa: nfa_dm_set_p2p_listen_tech ()  tech_mask = 0
09-12 14:31:14.342  5308  5425 I BrcmNfcNfa: nfa_p2p_update_listen_tech ()  tech_mask = 0x0
09-12 14:31:14.342  5308  5425 I BrcmNfcNfa: nfa_dm_delete_rf_discover () handle=0x2
09-12 14:31:14.342  5308  5425 I BrcmNfcNfa: nfa_p2p_enable_listening () sys_id = 3, update_wks = 0
09-12 14:31:14.342  5308  5425 D BrcmNfcJni: nfaConnectionCallback: event= 33
09-12 14:31:14.342  5308  5425 D BrcmNfcJni: nfaConnectionCallback: NFA_SET_P2P_LISTEN_TECH_EVT
09-12 14:31:14.342  5308  6091 D BrcmNfcJni: PeerToPeer::enableP2pListening: exit; mIsP2pListening: 0
09-12 14:31:14.342  5308  6091 D BrcmNfcJni: PowerSwitch::setModeOff(deactivated=0x1) : mCurrActivity=0x0
09-12 14:31:14.342  5308  6091 D BrcmNfcJni: PowerSwitch::setLevel: level=PS-LOW-POWER (2)
09-12 14:31:14.342  5308  6091 D BrcmNfcJni: PowerSwitch::setLevel: actual power level=PS-FULL
09-12 14:31:14.342  5308  6091 D BrcmNfcJni: nfcManager_disableDiscovery: exit
09-12 14:31:15.612  5308  6093 I SecHAL  : device_sleep: NFC can be going to sleep
09-12 14:31:15.839  3164  3164 D gpsd    : WakeLock(Acquire,GPSD)
09-12 14:31:15.840  3164  3164 D gpsd    : WakeLock(Release,GPSD)
09-12 14:31:15.840  3164  3164 D gpsd    : WakeLock(Acquire,GPSD)
09-12 14:31:15.840  3164  3164 D gpsd    : WakeLock(Release,GPSD)
09-12 14:31:15.906  6095  6095 V lhd     : GlLhdInterface::Init(/system/etc/lhd.conf)
09-12 14:31:15.907  6095  6095 E lhd     : SetCfgValue: Critical Error. Unknown configuration parameter "FlpName"="tcp"
09-12 14:31:15.907  6095  6095 V lhd     : SetCfgValue: LHD config "LheSerialControl"="BBD:Serial=TTY"
09-12 14:31:15.907  6095  6095 E lhd     : SetCfgValue: Critical Error. Unknown configuration parameter "LheClockMHz"="100"
09-12 14:31:15.907  6095  6095 V lhd     : SetCfgValue: LHD config "LhePatch"="/dev/bbd_patch"
09-12 14:31:15.908  6095  6095 V lhd     : SetCfgValue: LHD config "LheMaxMcuResetTries"="4"
09-12 14:31:15.908  6095  6095 V lhd     : SetCfgValue: LHD config "LheBbdPacket"="/dev/ttyBCM"
09-12 14:31:15.908  6095  6095 V lhd     : SetCfgValue: LHD config "LheBbdControl"="/dev/bbd_control"
09-12 14:31:15.908  6095  6095 V lhd     : SetCfgValue: LHD config "LheBbdSensor"="/dev/bbd_sensor"
09-12 14:31:15.908  6095  6095 V lhd     : SetCfgValue: LHD config "Lhe477xDebugFlags"="RPC:FACILITY=33:STDOUT_PUTS:STDOUT_LOG"
09-12 14:31:15.908  6095  6095 E lhd     : SetCfgValue: Critical Error. Unknown configuration parameter "LheSensorIpc"="true"
09-12 14:31:15.908  6095  6095 E lhd     : SetCfgValue: Critical Error. Unknown configuration parameter "LhePinMux"="P17=M1"
09-12 14:31:15.908  6095  6095 V lhd     : SetCfgValue: LHD config "LheAutoBaudDelayMS"="10"
09-12 14:31:15.908  6095  6095 V lhd     : SetCfgValue: LHD config "LheMaxMcuResetTries"="3"
09-12 14:31:15.908  6095  6095 E lhd     : OpenFirmwareFile: Fail to open /efs/sec_efs/sensorhub_urgent_fw.patch, errno 2
09-12 14:31:15.908  6095  6095 E lhd     : getCustPatchVersion: Fail to parse patch /efs/sec_efs/sensorhub_urgent_fw.patch
09-12 14:31:15.908  6095  6095 E lhd     : getCustPatchVersion: <CustomerVersion> not found
09-12 14:31:15.973  3164  3164 D gpsd    : WakeLock(Acquire,GPSD)
09-12 14:31:15.974  3164  3164 D gpsd    : WakeLock(Release,GPSD)
09-12 14:31:15.974  3164  3164 D gpsd    : WakeLock(Acquire,GPSD)
09-12 14:31:15.974  6095  6095 D lhd     : OnIpcConnect
09-12 14:31:15.974  3164  3164 D gpsd    : WakeLock(Release,GPSD)
09-12 14:31:18.904  3567  3664 D CryptdConnector: SND -> {5 cryptfs getpw}
09-12 14:31:18.907  3068  3134 D VoldCryptCmdListener: cryptfs getpw
09-12 14:31:18.907  3567  4019 D CryptdConnector: RCV <- {200 5 -1}
09-12 14:31:18.911  3567  3664 D CryptdConnector: SND -> {6 cryptfs clearpw}
09-12 14:31:18.914  3068  3134 D VoldCryptCmdListener: cryptfs clearpw
09-12 14:31:18.916  3567  4019 D CryptdConnector: RCV <- {200 6 0}
09-12 14:31:18.943  3567  5317 I ActivityManager: Setting hasTopUi=true for pid=4763
09-12 14:31:19.014  4763  4763 D PhoneStatusBar: disable: < expand ICONS* ALERTS SYSTEM_INFO* back home recent clock SEARCH quick_settings >
09-12 14:31:19.055  4763  4763 D PhoneStatusBar: disable: < expand ICONS ALERTS SYSTEM_INFO back home recent clock SEARCH quick_settings >
09-12 14:31:19.126  4763  4904 D mali_winsys: EGLint new_window_surface(egl_winsys_display*, void*, EGLSurface, EGLConfig, egl_winsys_surface**, egl_color_buffer_format*, EGLBoolean) returns 0x3000,  [1440x2960]-format:1
09-12 14:31:19.172  4763  4763 D PhoneStatusBar: disable: < expand ICONS ALERTS SYSTEM_INFO back HOME* RECENT* clock SEARCH quick_settings >
09-12 14:31:19.287  3567  3674 W LocalDisplayAdapter: Unable to find color mode 0, ignoring request.
09-12 14:31:19.291  3567  3674 W LocalDisplayAdapter: Unable to find color mode 0, ignoring request.
09-12 14:31:23.203  6097  6097 I DeferredSaveThr: type=1400 audit(0.0:339): avc: denied { write } for name="code_cache" dev="sda24" ino=3121258 scontext=u:r:platform_app:s0:c512,c768 tcontext=u:object_r:system_data_file:s0:c512,c768 tclass=dir permissive=1
09-12 14:31:23.203  6097  6097 I DeferredSaveThr: type=1400 audit(0.0:339): avc: denied { remove_name } for name="com.android.opengl.shaders_cache" dev="sda24" ino=3121301 scontext=u:r:platform_app:s0:c512,c768 tcontext=u:object_r:system_data_file:s0:c512,c768 tclass=dir permissive=1
09-12 14:31:23.203  6097  6097 I DeferredSaveThr: type=1400 audit(0.0:339): avc: denied { unlink } for name="com.android.opengl.shaders_cache" dev="sda24" ino=3121301 scontext=u:r:platform_app:s0:c512,c768 tcontext=u:object_r:system_data_file:s0:c512,c768 tclass=file permissive=1
09-12 14:31:23.203  6097  6097 W DeferredSaveThr: type=1300 audit(0.0:339): arch=c00000b7 syscall=35 success=yes exit=0 a0=ffffff9c a1=7f8b632e78 a2=0 a3=0 items=0 ppid=3165 auid=4294967295 uid=10033 gid=10033 euid=10033 suid=10033 fsuid=10033 egid=10033 sgid=10033 fsgid=10033 tty=(none) ses=4294967295 exe="/system/bin/app_process64" subj=u:r:platform_app:s0:c512,c768 key=(null)
09-12 14:31:23.203  3075  3075 W auditd  : type=1327 audit(0.0:339): proctitle="com.android.systemui"
09-12 14:31:23.203  3075  3075 W auditd  : type=1320 audit(0.0:339): 
09-12 14:31:23.203  6097  6097 I DeferredSaveThr: type=1400 audit(0.0:340): avc: denied { add_name } for name="com.android.opengl.shaders_cache" scontext=u:r:platform_app:s0:c512,c768 tcontext=u:object_r:system_data_file:s0:c512,c768 tclass=dir permissive=1
09-12 14:31:23.203  6097  6097 I DeferredSaveThr: type=1400 audit(0.0:340): avc: denied { create } for name="com.android.opengl.shaders_cache" scontext=u:r:platform_app:s0:c512,c768 tcontext=u:object_r:system_data_file:s0:c512,c768 tclass=file permissive=1
09-12 14:31:23.203  6097  6097 I DeferredSaveThr: type=1400 audit(0.0:340): avc: denied { write } for path="/data/user_de/0/com.android.systemui/code_cache/com.android.opengl.shaders_cache" dev="sda24" ino=3121301 scontext=u:r:platform_app:s0:c512,c768 tcontext=u:object_r:system_data_file:s0:c512,c768 tclass=file permissive=1
09-12 14:31:23.203  6097  6097 W DeferredSaveThr: type=1300 audit(0.0:340): arch=c00000b7 syscall=56 success=yes exit=77 a0=ffffff9c a1=7f8b632e78 a2=c2 a3=0 items=0 ppid=3165 auid=4294967295 uid=10033 gid=10033 euid=10033 suid=10033 fsuid=10033 egid=10033 sgid=10033 fsgid=10033 tty=(none) ses=4294967295 exe="/system/bin/app_process64" subj=u:r:platform_app:s0:c512,c768 key=(null)
09-12 14:31:23.203  3075  3075 W auditd  : type=1327 audit(0.0:340): proctitle="com.android.systemui"
09-12 14:31:23.203  3075  3075 W auditd  : type=1320 audit(0.0:340): 
09-12 14:31:23.207  6097  6097 I DeferredSaveThr: type=1400 audit(0.0:341): avc: denied { setattr } for name="com.android.opengl.shaders_cache" dev="sda24" ino=3121301 scontext=u:r:platform_app:s0:c512,c768 tcontext=u:object_r:system_data_file:s0:c512,c768 tclass=file permissive=1
09-12 14:31:23.207  6097  6097 W DeferredSaveThr: type=1300 audit(0.0:341): arch=c00000b7 syscall=52 success=yes exit=0 a0=4d a1=100 a2=28 a3=0 items=0 ppid=3165 auid=4294967295 uid=10033 gid=10033 euid=10033 suid=10033 fsuid=10033 egid=10033 sgid=10033 fsgid=10033 tty=(none) ses=4294967295 exe="/system/bin/app_process64" subj=u:r:platform_app:s0:c512,c768 key=(null)
09-12 14:31:23.207  3075  3075 W auditd  : type=1327 audit(0.0:341): proctitle="com.android.systemui"
09-12 14:31:23.207  3075  3075 W auditd  : type=1320 audit(0.0:341): 
09-12 14:31:30.990  3164  3164 D gpsd    : WakeLock(Acquire,GPSD)
09-12 14:31:30.991  3164  3164 D gpsd    : WakeLock(Release,GPSD)
09-12 14:31:30.991  3164  3164 D gpsd    : WakeLock(Acquire,GPSD)
09-12 14:31:30.992  3164  3164 D gpsd    : WakeLock(Release,GPSD)
09-12 14:31:31.081  6102  6102 V lhd     : GlLhdInterface::Init(/system/etc/lhd.conf)
09-12 14:31:31.081  6102  6102 E lhd     : SetCfgValue: Critical Error. Unknown configuration parameter "FlpName"="tcp"
09-12 14:31:31.081  6102  6102 V lhd     : SetCfgValue: LHD config "LheSerialControl"="BBD:Serial=TTY"
09-12 14:31:31.081  6102  6102 E lhd     : SetCfgValue: Critical Error. Unknown configuration parameter "LheClockMHz"="100"
09-12 14:31:31.081  6102  6102 V lhd     : SetCfgValue: LHD config "LhePatch"="/dev/bbd_patch"
09-12 14:31:31.081  6102  6102 V lhd     : SetCfgValue: LHD config "LheMaxMcuResetTries"="4"
09-12 14:31:31.081  6102  6102 V lhd     : SetCfgValue: LHD config "LheBbdPacket"="/dev/ttyBCM"
09-12 14:31:31.081  6102  6102 V lhd     : SetCfgValue: LHD config "LheBbdControl"="/dev/bbd_control"
