--------- beginning of main
09-15 09:37:44.373  3083  3083 W auditd  : type=1325 audit(0.0:2): table=filter family=2 entries=0
09-15 09:37:44.373  3083  3083 W auditd  : type=1325 audit(0.0:3): table=mangle family=2 entries=0
09-15 09:37:44.373  3083  3083 W auditd  : type=1325 audit(0.0:4): table=nat family=2 entries=0
09-15 09:37:44.373  3083  3083 W auditd  : type=1325 audit(0.0:5): table=raw family=2 entries=0
09-15 09:37:44.373  3083  3083 W auditd  : type=1325 audit(0.0:6): table=security family=2 entries=0
09-15 09:37:44.373  3083  3083 W auditd  : type=1325 audit(0.0:7): table=filter family=3 entries=0
09-15 09:37:44.373  3083  3083 W auditd  : type=1325 audit(0.0:8): table=filter family=10 entries=0
09-15 09:37:44.373  3083  3083 W auditd  : type=1325 audit(0.0:9): table=mangle family=10 entries=0
09-15 09:37:44.373  3083  3083 W auditd  : type=1325 audit(0.0:10): table=raw family=10 entries=0
09-15 09:37:44.373  3083  3083 W auditd  : type=1325 audit(0.0:11): table=nat family=10 entries=0
09-15 09:37:44.547  3083  3083 I auditd  : type=1403 audit(0.0:12): policy loaded auid=4294967295 ses=4294967295
09-15 09:37:44.579     1     1 I init    : type=1400 audit(0.0:13): avc: denied { relabelto } for name="config" dev="sysfs" ino=10855 scontext=u:r:init:s0 tcontext=u:object_r:configfs:s0 tclass=dir permissive=1
09-15 09:37:44.579     1     1 I init    : type=1400 audit(0.0:14): avc: denied { associate } for name="config" dev="sysfs" ino=10855 scontext=u:object_r:configfs:s0 tcontext=u:object_r:sysfs:s0 tclass=filesystem permissive=1
09-15 09:37:45.335  3083  3083 W auditd  : type=1305 audit(0.0:15): audit_pid=3072 old=0 auid=4294967295 ses=4294967295 subj=u:r:logd:s0 res=1
09-15 09:37:45.335  3083  3083 W auditd  : type=1305 audit(0.0:16): audit_rate_limit=20 old=0 auid=4294967295 ses=4294967295 subj=u:r:logd:s0 res=1
09-15 09:37:45.390  3074  3074 I         : debuggerd: starting
--------- beginning of system
09-15 09:37:45.394  3075  3075 I vold    : Vold 3.0 (the awakening) firing up
09-15 09:37:45.394  3075  3075 V vold    : Detected support for: exfat ext4 f2fs ntfs vfat
09-15 09:37:45.396  3075  3075 W Vold    : Tearing down stale mount /mnt/secure/asec
09-15 09:37:45.412  3073  3073 I         : debuggerd: starting
09-15 09:37:45.415  3075  3075 W Vold    : Tearing down stale mount /mnt/secure
09-15 09:37:45.433  3075  3086 V vold    : /system/bin/sgdisk
09-15 09:37:45.434  3075  3086 V vold    :     --android-dump
09-15 09:37:45.434  3075  3086 V vold    :     /dev/block/vold/disk:179_0
09-15 09:37:45.441  3075  3144 D vold    : e4crypt_init_user0
09-15 09:37:45.441  3075  3144 D vold    : e4crypt_prepare_user_storage for volume null, user 0, serial 0, flags 1
09-15 09:37:45.441  3075  3144 D vold    : Preparing: /data/system/users/0
09-15 09:37:45.441  3075  3144 D vold    : Preparing: /data/misc/profiles/cur/0
09-15 09:37:45.441  3075  3144 D vold    : Preparing: /data/misc/profiles/cur/0/foreign-dex
09-15 09:37:45.442  3075  3144 D vold    : Preparing: /data/system_de/0
09-15 09:37:45.442  3075  3144 D vold    : Preparing: /data/misc_de/0
09-15 09:37:45.442  3075  3144 D vold    : Preparing: /data/user_de/0
09-15 09:37:45.443  3075  3144 D vold    : e4crypt_unlock_user_key 0 serial=0 token_present=0
09-15 09:37:45.444     1     1 I vdc     : 200 3082 Command succeeded
09-15 09:37:45.445  3075  3086 V vold    : DISK mbr
09-15 09:37:45.445  3075  3086 V vold    : 
09-15 09:37:45.445  3075  3086 V vold    : PART 1 c
09-15 09:37:45.445  3075  3086 V vold    : 
09-15 09:37:45.488  3146  3146 I /system/bin/tzdatacheck: tzdata file /data/misc/zoneinfo/current/tzdata does not exist. No action required.
09-15 09:37:45.498  3147  3147 D macloader: Deleting file /data/.cid.info
09-15 09:37:45.499  3148  3148 I TeeMcDaemon: Registry search paths: [hardware/samsung_slsi/exynos8895/mobicore_kinibi400/Daemon/src/MobiCoreDriverDaemon.cpp:212]
09-15 09:37:45.499  3148  3148 I TeeMcDaemon:   /data/misc/mcRegistry [hardware/samsung_slsi/exynos8895/mobicore_kinibi400/Daemon/src/MobiCoreDriverDaemon.cpp:214]
09-15 09:37:45.499  3148  3148 I TeeMcDaemon:   /efs/prov [hardware/samsung_slsi/exynos8895/mobicore_kinibi400/Daemon/src/MobiCoreDriverDaemon.cpp:214]
09-15 09:37:45.499  3148  3148 I TeeMcDaemon:   /vendor/app/mcRegistry [hardware/samsung_slsi/exynos8895/mobicore_kinibi400/Daemon/src/MobiCoreDriverDaemon.cpp:214]
09-15 09:37:45.499  3148  3148 I TeeMcDaemon:   /system/app/mcRegistry [hardware/samsung_slsi/exynos8895/mobicore_kinibi400/Daemon/src/MobiCoreDriverDaemon.cpp:214]
09-15 09:37:45.499  3148  3148 I TeeMcDaemon: partition paths rp:  /efs/TEE [hardware/samsung_slsi/exynos8895/mobicore_kinibi400/Daemon/src/MobiCoreDriverDaemon.cpp:223]
09-15 09:37:45.499  3148  3148 I TeeMcDaemon: Initialise Secure World [hardware/samsung_slsi/exynos8895/mobicore_kinibi400/Daemon/src/MobiCoreDriverDaemon.cpp:253]
09-15 09:37:45.500  3148  3148 I TeeMcDaemon: driver version: v6.3 [hardware/samsung_slsi/exynos8895/mobicore_kinibi400/Daemon/src/SecureWorld.cpp:295]
09-15 09:37:45.507  3153  3153 I sysinit : Running /system/etc/init.d/00banner 
09-15 09:37:45.517  3155  3155 I cm      : _ _                                        
09-15 09:37:45.523  3156  3156 I cm      : | (_)_ __   ___  __ _  __ _  ___  ___  ___  
09-15 09:37:45.529  3163  3163 I cm      : | | | '_ \ / _ \/ _` |/ _` |/ _ \/ _ \/ __| 
09-15 09:37:45.535  3166  3166 I cm      : | | | | | |  __/ (_| | (_| |  __/ (_) \__ \ 
09-15 09:37:45.540  3160  3160 I lowmemorykiller: Using in-kernel low memory killer interface
09-15 09:37:45.548  3172  3172 D wifiloader: Trigger initcall of deferred modules
09-15 09:37:45.563  3179  3179 I         : installd firing up
09-15 09:37:45.564  3162  3162 I SurfaceFlinger: SurfaceFlinger is starting
09-15 09:37:45.564  3162  3162 I SurfaceFlinger: SurfaceFlinger's main thread ready to run. Initializing graphics H/W...
09-15 09:37:45.566  3190  3190 I perfprofd: starting Android Wide Profiling daemon
09-15 09:37:45.566  3190  3190 E perfprofd: unable to open configuration file /data/data/com.google.android.gms/files/perfprofd.conf
09-15 09:37:45.567  3190  3190 I perfprofd: random seed set to 3803416676
09-15 09:37:45.576  3173  3173 V lhd     : GlLhdInterface::Init(/system/etc/lhd.conf)
09-15 09:37:45.577  3173  3173 E lhd     : SetCfgValue: Critical Error. Unknown configuration parameter "FlpName"="tcp"
09-15 09:37:45.577  3173  3173 V lhd     : SetCfgValue: LHD config "LheSerialControl"="BBD:Serial=TTY"
09-15 09:37:45.577  3173  3173 E lhd     : SetCfgValue: Critical Error. Unknown configuration parameter "LheClockMHz"="100"
09-15 09:37:45.577  3173  3173 V lhd     : SetCfgValue: LHD config "LhePatch"="/dev/bbd_patch"
09-15 09:37:45.577  3173  3173 V lhd     : SetCfgValue: LHD config "LheMaxMcuResetTries"="4"
09-15 09:37:45.577  3173  3173 V lhd     : SetCfgValue: LHD config "LheBbdPacket"="/dev/ttyBCM"
09-15 09:37:45.577  3173  3173 V lhd     : SetCfgValue: LHD config "LheBbdControl"="/dev/bbd_control"
09-15 09:37:45.577  3173  3173 V lhd     : SetCfgValue: LHD config "LheBbdSensor"="/dev/bbd_sensor"
09-15 09:37:45.577  3173  3173 V lhd     : SetCfgValue: LHD config "Lhe477xDebugFlags"="RPC:FACILITY=33:STDOUT_PUTS:STDOUT_LOG"
09-15 09:37:45.577  3173  3173 E lhd     : SetCfgValue: Critical Error. Unknown configuration parameter "LheSensorIpc"="true"
09-15 09:37:45.577  3173  3173 E lhd     : SetCfgValue: Critical Error. Unknown configuration parameter "LhePinMux"="P17=M1"
09-15 09:37:45.577  3173  3173 V lhd     : SetCfgValue: LHD config "LheAutoBaudDelayMS"="10"
09-15 09:37:45.577  3173  3173 V lhd     : SetCfgValue: LHD config "LheMaxMcuResetTries"="3"
09-15 09:37:45.577  3187  3187 I fingerprintd: Starting fingerprintd
09-15 09:37:45.577  3173  3173 E lhd     : OpenFirmwareFile: Fail to open /efs/sec_efs/sensorhub_urgent_fw.patch, errno 2
09-15 09:37:45.577  3173  3173 E lhd     : getCustPatchVersion: Fail to parse patch /efs/sec_efs/sensorhub_urgent_fw.patch
09-15 09:37:45.577  3173  3173 E lhd     : getCustPatchVersion: <CustomerVersion> not found
09-15 09:37:45.585  3167  3167 I cm      : |_|_|_| |_|\___|\__,_|\__, |\___|\___/|___/ 
09-15 09:37:45.592  3186  3186 I Netd    : Netd 1.0 starting
09-15 09:37:45.594  3186  3186 D TetherController: Setting IP forward enable = 0
09-15 09:37:45.595  3180  3180 I keystore: Found keymaster0 module Keymaster OpenSSL HAL, version 2
09-15 09:37:45.595  3180  3180 I SoftKeymaster: system/keymaster/soft_keymaster_device.cpp, Line 131: Creating device
09-15 09:37:45.595  3180  3180 D SoftKeymaster: system/keymaster/soft_keymaster_device.cpp, Line 132: Device address: 0x7f8603e000
09-15 09:37:45.595  3180  3180 I keystore: Keymaster0 module is software-only.  Using SoftKeymasterDevice instead.
09-15 09:37:45.595  3180  3180 I SoftKeymaster: system/keymaster/soft_keymaster_device.cpp, Line 131: Creating device
09-15 09:37:45.595  3180  3180 D SoftKeymaster: system/keymaster/soft_keymaster_device.cpp, Line 132: Device address: 0x7f8603e400
09-15 09:37:45.600  3148  3148 I TeeMcDaemon: TEE is ready [hardware/samsung_slsi/exynos8895/mobicore_kinibi400/Daemon/src/SecureWorld.cpp:332]
09-15 09:37:45.602  3148  3148 I TeeMcDaemon: t-base-EXYNOS64-Android-400A-V011-20170203_131128_25330_57476 [hardware/samsung_slsi/exynos8895/mobicore_kinibi400/Daemon/src/MobiCoreDriverDaemon.cpp:280]
09-15 09:37:45.603  3148  3148 I TeeMcDaemon: Specific partition path used for Store_1.tf, stored in /efs/TEE [hardware/samsung_slsi/exynos8895/mobicore_kinibi400/Daemon/src/FSD2.cpp:340]
09-15 09:37:45.603  3148  3148 I TeeMcDaemon: Start services [hardware/samsung_slsi/exynos8895/mobicore_kinibi400/Daemon/src/MobiCoreDriverDaemon.cpp:304]
09-15 09:37:45.603  3148  3148 I TeeMcDaemon: * start secure world interface [hardware/samsung_slsi/exynos8895/mobicore_kinibi400/Daemon/src/MobiCoreDriverDaemon.cpp:308]
09-15 09:37:45.603  3148  3148 I TeeMcDaemon: * start filesystem [hardware/samsung_slsi/exynos8895/mobicore_kinibi400/Daemon/src/MobiCoreDriverDaemon.cpp:308]
09-15 09:37:45.604  3148  3148 I TeeMcDaemon: driver version: v6.3 [hardware/samsung_slsi/exynos8895/mobicore_kinibi400/ClientLib/src/driver.cpp:71]
09-15 09:37:45.604  3148  3148 I TeeMcDaemon: driver open [hardware/samsung_slsi/exynos8895/mobicore_kinibi400/ClientLib/src/driver.cpp:84]
09-15 09:37:45.604  3148  3148 I TeeMcDaemon: Kinibi access granted by the driver [hardware/samsung_slsi/exynos8895/mobicore_kinibi400/ClientLib/src/common.cpp:217]
09-15 09:37:45.604  3186  3186 I QtiConnectivityAdapter: Failed to open libconnctrl, some features may not be present.
09-15 09:37:45.610  3186  3186 E         : Failed to open libdatactrl, some features may not be present.
09-15 09:37:45.611  3186  3186 E         : Failed to open libcsm_data, some features may not be present.
09-15 09:37:45.611  3148  3198 I TeeMcDaemon: Start listening to secure world [hardware/samsung_slsi/exynos8895/mobicore_kinibi400/Daemon/src/SecureWorld.cpp:466]
09-15 09:37:45.613  3148  3198 W TeeMcDaemon: Cannot open trustlet /data/misc/mcRegistry/07050501000000000000000000000020.tlbin (No such file or directory) [hardware/samsung_slsi/exynos8895/mobicore_kinibi400/Daemon/src/SecureWorld.cpp:195]
09-15 09:37:45.614  3148  3148 I TeeMcDaemon: * start registry update [hardware/samsung_slsi/exynos8895/mobicore_kinibi400/Daemon/src/MobiCoreDriverDaemon.cpp:308]
09-15 09:37:45.614  3148  3148 I TeeMcDaemon: * start registry server [hardware/samsung_slsi/exynos8895/mobicore_kinibi400/Daemon/src/MobiCoreDriverDaemon.cpp:308]
09-15 09:37:45.614  3148  3148 I TeeMcDaemon: * start debug session [hardware/samsung_slsi/exynos8895/mobicore_kinibi400/Daemon/src/MobiCoreDriverDaemon.cpp:308]
09-15 09:37:45.614  3148  3200 I TeeMcDaemon: void FileSystem::Impl::run(): Start listening for request from STH2 [hardware/samsung_slsi/exynos8895/mobicore_kinibi400/Daemon/src/FSD2.cpp:443]
09-15 09:37:45.615  3148  3198 W TeeMcDaemon: Cannot open trustlet /data/misc/mcRegistry/08050500000000000000000000000000.tlbin (No such file or directory) [hardware/samsung_slsi/exynos8895/mobicore_kinibi400/Daemon/src/SecureWorld.cpp:195]
09-15 09:37:45.616  3148  3148 I TeeMcDaemon: session opened [hardware/samsung_slsi/exynos8895/mobicore_kinibi400/Daemon/src/DebugSession.cpp:113]
09-15 09:37:45.616  3148  3148 I TeeMcDaemon: Load secure drivers [hardware/samsung_slsi/exynos8895/mobicore_kinibi400/Daemon/src/MobiCoreDriverDaemon.cpp:318]
09-15 09:37:45.616  3148  3148 I TeeMcDaemon: * loading /system/app/FFFFFFFF000000000000000000000001.drbin [hardware/samsung_slsi/exynos8895/mobicore_kinibi400/Daemon/src/MobiCoreDriverDaemon.cpp:323]
09-15 09:37:45.619  3148  3201 I TeeRegistryUpdate: Starting registry update open thread [hardware/samsung_slsi/exynos8895/mobicore_kinibi400/Daemon/src/RegistryUpdate.cpp:85]
09-15 09:37:45.619  3148  3202 I TeeMcDaemon: void RegistryServer::Impl::run(): Starting server [hardware/samsung_slsi/exynos8895/mobicore_kinibi400/Daemon/src/RegistryServer.cpp:230]
09-15 09:37:45.619  3188  3188 I gatekeeperd: Starting gatekeeperd...
09-15 09:37:45.620  3148  3148 I TeeMcDaemon: * loading /system/app/mcRegistry/ffffffffd0000000000000000000000a.tlbin [hardware/samsung_slsi/exynos8895/mobicore_kinibi400/Daemon/src/MobiCoreDriverDaemon.cpp:323]
09-15 09:37:45.621  3188  3188 W gatekeeperd: falling back to software GateKeeper
09-15 09:37:45.630  3197  3197 I cm      :                       |___/ 
09-15 09:37:45.633  3181  3181 I mediacodec: @@@ mediacodecservice starting
09-15 09:37:45.638  3181  3181 W /system/bin/mediacodec: libminijail: allowing syscall: clock_gettime
09-15 09:37:45.639  3181  3181 W /system/bin/mediacodec: libminijail: allowing syscall: connect
09-15 09:37:45.639  3181  3181 W /system/bin/mediacodec: libminijail: allowing syscall: fcntl64
09-15 09:37:45.639  3181  3181 W /system/bin/mediacodec: libminijail: allowing syscall: socket
09-15 09:37:45.639  3181  3181 W /system/bin/mediacodec: libminijail: allowing syscall: writev
09-15 09:37:45.641  3181  3181 W /system/bin/mediacodec: libminijail: logging seccomp filter failures
09-15 09:37:45.643  3162  3162 D libEGL  : loaded /vendor/lib64/egl/libGLES_mali.so
09-15 09:37:45.647  3169  3169 I cameraserver: ServiceManager: 0xf6499420
09-15 09:37:45.648  3169  3169 I CameraService: CameraService started (pid=3169)
09-15 09:37:45.648  3169  3169 I CameraService: CameraService process starting
09-15 09:37:45.648  3169  3169 W BatteryNotifier: batterystats service unavailable!
09-15 09:37:45.648  3169  3169 W BatteryNotifier: batterystats service unavailable!
09-15 09:37:45.649  3169  3169 E CameraService: Could not load camera HAL module: -2 (No such file or directory)
09-15 09:37:45.649  3148  3148 I TeeMcDaemon: * loading /system/app/mcRegistry/ffffffffd00000000000000000000016.tlbin [hardware/samsung_slsi/exynos8895/mobicore_kinibi400/Daemon/src/MobiCoreDriverDaemon.cpp:323]
09-15 09:37:45.651  3148  3201 I TeeRegistryUpdate: Exiting registry update open thread [hardware/samsung_slsi/exynos8895/mobicore_kinibi400/Daemon/src/RegistryUpdate.cpp:143]
09-15 09:37:45.665  3174  3174 D gpsd    : WakeLock(Release,GPSD)
09-15 09:37:45.669  3174  3174 D gpsd    : WakeLock(Release,SUPL)
09-15 09:37:45.670  3174  3174 I gpsd_d  : GNSS: 282637
09-15 09:37:45.671  3174  3174 I gpsd_d  : CustomerModule::Create chip info "Broadcom,BCM4774,282637" written into /data/system/gps//chip.info
09-15 09:37:45.671  3173  3173 D lhd     : OnIpcConnect
09-15 09:37:45.671  3174  3174 D wrapperGPS: wrapperOpenClient_RILD
09-15 09:37:45.671  3174  3174 E wrapperGPS: wrapperOpenClient_RILD: RegisterUnsolicitedHandler() UNSOL_GPS_NOTI (11009)
09-15 09:37:45.671  3174  3174 D wrapperGPS: wrapperRegisterRequestCompleteHandler
09-15 09:37:45.671  3174  3174 D wrapperGPS: wrapperRegisterUnsolicitedHandler id(12009), handler(0x1311d9d30)
09-15 09:37:45.671  3174  3174 D wrapperGPS: wrapperRegisterErrorCallback
09-15 09:37:45.671  3174  3174 D wrapperGPS: wrapperConnect_RILD
09-15 09:37:45.675  3212  3212 I cm      : Welcome to Android 7.1.2 / LineageOS-14.1-20170915-UNOFFICIAL-dream2lte 
09-15 09:37:45.683  3162  3162 I gralloc : using (id=)
09-15 09:37:45.683  3162  3162 I gralloc : xres         = 1440 px
09-15 09:37:45.683  3162  3162 I gralloc : yres         = 2960 px
09-15 09:37:45.683  3162  3162 I gralloc : width        = 70 mm (522.514282 dpi)
09-15 09:37:45.683  3162  3162 I gralloc : height       = 143 mm (525.762268 dpi)
09-15 09:37:45.683  3162  3162 I gralloc : refresh rate = 60.00 Hz
09-15 09:37:45.700  3229  3229 I sysinit : Running /system/etc/init.d/90userinit 
09-15 09:37:45.702  3177  3177 I         : sMaxFastTracks = 8
09-15 09:37:45.705  3177  3177 I audioserver: ServiceManager: 0xf6999420
09-15 09:37:45.710  3148  3200 I TeeMcDaemon: TEEC_Result Partition::open(): Open storage file "/efs/TEE/Store_1.tf" [hardware/samsung_slsi/exynos8895/mobicore_kinibi400/Daemon/src/FSD2.cpp:157]
09-15 09:37:45.710  3148  3200 I TeeMcDaemon: TEEC_Result Partition::open(): storage file "/efs/TEE/Store_1.tf" successfully open (size: 23 KB / 23552 B)) [hardware/samsung_slsi/exynos8895/mobicore_kinibi400/Daemon/src/FSD2.cpp:166]
09-15 09:37:45.710  3177  3177 W BatteryNotifier: batterystats service unavailable!
09-15 09:37:45.710  3177  3177 I AudioFlinger: Using default 3000 mSec as standby time.
09-15 09:37:45.711  3162  3162 W hwcomposer: invalid refresh rate, assuming 60 Hz
09-15 09:37:45.711  3162  3162 D hwcomposer: using
09-15 09:37:45.711  3162  3162 D hwcomposer: xres         = 1440 px
09-15 09:37:45.711  3162  3162 D hwcomposer: yres         = 2960 px
09-15 09:37:45.711  3162  3162 D hwcomposer: width        = 70 mm (522.514000 dpi)
09-15 09:37:45.711  3162  3162 D hwcomposer: height       = 143 mm (525.762000 dpi)
09-15 09:37:45.711  3162  3162 D hwcomposer: refresh rate = 60 Hz
09-15 09:37:45.711  3162  3162 I hwcomposer: PSR info devname = /sys/devices/platform/12860000.decon_f/psr_info
09-15 09:37:45.711  3162  3162 I hwcomposer: PSR mode is 2(0: video mode, 1: DP PSR mode, 2: MIPI-DSI command mode)
09-15 09:37:45.711  3162  3162 I SurfaceFlinger: Using composer version 1.4
09-15 09:37:45.711  3162  3162 E display : unknown display attribute 6
09-15 09:37:45.711  3177  3177 I AudioPolicyService: AudioPolicyService CSTOR in new mode
09-15 09:37:45.711  3162  3162 I SurfaceFlinger: EGL information:
09-15 09:37:45.711  3162  3162 I SurfaceFlinger: vendor    : Android
09-15 09:37:45.711  3162  3162 I SurfaceFlinger: version   : 1.4 Android META-EGL
09-15 09:37:45.711  3162  3162 I SurfaceFlinger: extensions: EGL_KHR_get_all_proc_addresses EGL_ANDROID_presentation_time EGL_KHR_swap_buffers_with_damage EGL_ANDROID_create_native_client_buffer EGL_ANDROID_front_buffer_auto_refresh EGL_KHR_image EGL_KHR_image_base EGL_KHR_gl_texture_2D_image EGL_KHR_gl_texture_cubemap_image EGL_KHR_gl_renderbuffer_image EGL_KHR_fence_sync EGL_KHR_create_context EGL_KHR_config_attribs EGL_KHR_surfaceless_context EGL_EXT_create_context_robustness EGL_ANDROID_image_native_buffer EGL_KHR_wait_sync EGL_ANDROID_recordable EGL_KHR_partial_update EGL_KHR_mutable_render_buffer EGL_EXT_protected_content 
09-15 09:37:45.711  3162  3162 I SurfaceFlinger: Client API: OpenGL_ES
09-15 09:37:45.711  3162  3162 I SurfaceFlinger: EGLSurface: 8-8-8-8, config=0x7f7dc69138
09-15 09:37:45.712  3177  3177 W APM::ConfigParsingUtils: loadOutput() invalid supported devices
09-15 09:37:45.712  3177  3177 W APM::ConfigParsingUtils: loadInput() invalid supported devices
09-15 09:37:45.712  3177  3177 W APM::ConfigParsingUtils: loadInput() invalid supported devices
09-15 09:37:45.712  3177  3177 I APM::ConfigParsingUtils: loadAudioPolicyConfig() loaded /system/etc/audio_policy.conf
09-15 09:37:45.719  3083  3083 W auditd  : type=1320 audit(0.0:17): 
09-15 09:37:45.722  3162  3162 I SurfaceFlinger: OpenGL ES informations:
09-15 09:37:45.722  3162  3162 I SurfaceFlinger: vendor    : ARM
09-15 09:37:45.722  3162  3162 I SurfaceFlinger: renderer  : Mali-G71
09-15 09:37:45.722  3162  3162 I SurfaceFlinger: version   : OpenGL ES 3.2 v1.r3p0-00rel0.52a2c5ce14e045eb8b9074c171442f91
09-15 09:37:45.722  3162  3162 I SurfaceFlinger: extensions: GL_EXT_debug_marker GL_ARM_rgba8 GL_ARM_mali_shader_binary GL_OES_depth24 GL_OES_depth_texture GL_OES_depth_texture_cube_map GL_OES_packed_depth_stencil GL_OES_rgb8_rgba8 GL_EXT_read_format_bgra GL_OES_compressed_paletted_texture GL_OES_compressed_ETC1_RGB8_texture GL_OES_standard_derivatives GL_OES_EGL_image GL_OES_EGL_image_external GL_OES_EGL_image_external_essl3 GL_OES_EGL_sync GL_OES_texture_npot GL_OES_vertex_half_float GL_OES_required_internalformat GL_OES_vertex_array_object GL_OES_mapbuffer GL_EXT_texture_format_BGRA8888 GL_EXT_texture_rg GL_EXT_texture_type_2_10_10_10_REV GL_OES_fbo_render_mipmap GL_OES_element_index_uint GL_EXT_shadow_samplers GL_OES_texture_compression_astc GL_KHR_texture_compression_astc_ldr GL_KHR_texture_compression_astc_hdr GL_KHR_texture_compression_astc_sliced_3d GL_KHR_debug GL_EXT_occlusion_query_boolean GL_EXT_disjoint_timer_query GL_EXT_blend_minmax GL_EXT_discard_framebuffer GL_OES_get_program_binary GL_OES_texture_3D GL_EXT_texture_storage GL_EXT_multisamp
09-15 09:37:45.722  3162  3162 I SurfaceFlinger: GL_MAX_TEXTURE_SIZE = 16384
09-15 09:37:45.722  3162  3162 I SurfaceFlinger: GL_MAX_VIEWPORT_DIMS = 16384
09-15 09:37:45.723  3162  3162 D mali_winsys: EGLint new_window_surface(egl_winsys_display*, void*, EGLSurface, EGLConfig, egl_winsys_surface**, egl_color_buffer_format*, EGLBoolean) returns 0x3000,  [1440x2960]-format:1
09-15 09:37:45.731  3083  3083 W auditd  : type=1325 audit(0.0:18): table=filter family=10 entries=4
09-15 09:37:45.731  3083  3083 W auditd  : type=1320 audit(0.0:18): 
09-15 09:37:45.731  3183  3183 V MediaUtils: physMem: 3645853696
09-15 09:37:45.731  3183  3183 V MediaUtils: requested limit: 729170720
09-15 09:37:45.731  3183  3183 V MediaUtils: actual limit: 729170720
09-15 09:37:45.731  3183  3183 V MediaUtils: original limits: 4294967295/4294967295
09-15 09:37:45.731  3183  3183 V MediaUtils: new limits: 729170720/4294967295
09-15 09:37:45.731  3183  3183 W /system/bin/mediaextractor: libminijail: allowing syscall: clock_gettime
09-15 09:37:45.731  3183  3183 W /system/bin/mediaextractor: libminijail: allowing syscall: connect
09-15 09:37:45.731  3183  3183 W /system/bin/mediaextractor: libminijail: allowing syscall: fcntl64
09-15 09:37:45.731  3183  3183 W /system/bin/mediaextractor: libminijail: allowing syscall: socket
09-15 09:37:45.731  3183  3183 W /system/bin/mediaextractor: libminijail: allowing syscall: writev
09-15 09:37:45.732  3148  3148 I TeeMcDaemon: Daemon running [hardware/samsung_slsi/exynos8895/mobicore_kinibi400/Daemon/src/MobiCoreDriverDaemon.cpp:342]
09-15 09:37:45.735  3183  3183 W /system/bin/mediaextractor: libminijail: logging seccomp filter failures
09-15 09:37:45.751  3083  3083 W auditd  : type=1325 audit(0.0:19): table=filter family=2 entries=6
09-15 09:37:45.751  3083  3083 W auditd  : type=1320 audit(0.0:19): 
09-15 09:37:45.752  3184  3184 I mediaserver: ServiceManager: 0xf6119480
09-15 09:37:45.753  3184  3184 W BatteryNotifier: batterystats service unavailable!
09-15 09:37:45.759  3083  3083 W auditd  : type=1325 audit(0.0:20): table=filter family=10 entries=6
09-15 09:37:45.759  3083  3083 W auditd  : type=1320 audit(0.0:20): 
09-15 09:37:45.760  3182  3182 I mediaserver: ServiceManager: 0xf6299480
09-15 09:37:45.831  3083  3083 W auditd  : type=1325 audit(0.0:21): table=filter family=2 entries=7
09-15 09:37:45.831  3083  3083 W auditd  : type=1320 audit(0.0:21): 
09-15 09:37:45.835  3083  3083 W auditd  : type=1325 audit(0.0:22): table=filter family=10 entries=7
09-15 09:37:45.835  3083  3083 W auditd  : type=1320 audit(0.0:22): 
09-15 09:37:45.843  3083  3083 W auditd  : type=1325 audit(0.0:23): table=filter family=2 entries=9
09-15 09:37:45.843  3083  3083 W auditd  : type=1320 audit(0.0:23): 
09-15 09:37:45.851  3083  3083 W auditd  : type=1325 audit(0.0:24): table=filter family=10 entries=9
09-15 09:37:45.851  3083  3083 W auditd  : type=1320 audit(0.0:24): 
09-15 09:37:45.899  3083  3083 W auditd  : type=1325 audit(0.0:25): table=filter family=2 entries=10
09-15 09:37:45.899  3083  3083 W auditd  : type=1320 audit(0.0:25): 
09-15 09:37:45.899  3172  3172 V wifiloader: /proc/deferred_initcalls=0
09-15 09:37:45.899  3172  3172 V wifiloader: 
09-15 09:37:45.907  3083  3083 W auditd  : type=1325 audit(0.0:26): table=filter family=10 entries=10
09-15 09:37:45.907  3083  3083 W auditd  : type=1320 audit(0.0:26): 
09-15 09:37:45.915  3083  3083 W auditd  : type=1325 audit(0.0:27): table=filter family=2 entries=12
09-15 09:37:45.915  3083  3083 W auditd  : type=1320 audit(0.0:27): 
09-15 09:37:45.923  3083  3083 W auditd  : type=1325 audit(0.0:28): table=filter family=10 entries=12
09-15 09:37:45.923  3083  3083 W auditd  : type=1320 audit(0.0:28): 
09-15 09:37:45.967  3083  3083 W auditd  : type=1325 audit(0.0:29): table=filter family=2 entries=13
09-15 09:37:45.967  3083  3083 W auditd  : type=1320 audit(0.0:29): 
09-15 09:37:45.971  3083  3083 W auditd  : type=1325 audit(0.0:30): table=filter family=10 entries=13
09-15 09:37:45.971  3083  3083 W auditd  : type=1320 audit(0.0:30): 
09-15 09:37:45.975  3083  3083 W auditd  : type=1325 audit(0.0:31): table=filter family=2 entries=15
09-15 09:37:45.975  3083  3083 W auditd  : type=1320 audit(0.0:31): 
09-15 09:37:45.982  3175  3175 D AndroidRuntime: >>>>>> START com.android.internal.os.ZygoteInit uid 0 <<<<<<
09-15 09:37:45.983  3083  3083 W auditd  : type=1325 audit(0.0:32): table=filter family=10 entries=15
09-15 09:37:45.983  3083  3083 W auditd  : type=1320 audit(0.0:32): 
09-15 09:37:45.990  3175  3175 D AndroidRuntime: CheckJNI is ON
09-15 09:37:45.993  3175  3175 I art     : option[0]=-Xzygote
09-15 09:37:45.993  3175  3175 I art     : option[1]=-Xcheck:jni
09-15 09:37:45.993  3175  3175 I art     : option[2]=-Xstacktracefile:/data/anr/traces.txt
09-15 09:37:45.993  3175  3175 I art     : option[3]=exit
09-15 09:37:45.993  3175  3175 I art     : option[4]=vfprintf
09-15 09:37:45.993  3175  3175 I art     : option[5]=sensitiveThread
09-15 09:37:45.993  3175  3175 I art     : option[6]=-verbose:gc
09-15 09:37:45.993  3175  3175 I art     : option[7]=-Xms8m
09-15 09:37:45.993  3175  3175 I art     : option[8]=-Xmx512m
09-15 09:37:45.993  3175  3175 I art     : option[9]=-XX:HeapGrowthLimit=256m
09-15 09:37:45.993  3175  3175 I art     : option[10]=-XX:HeapMinFree=2m
09-15 09:37:45.993  3175  3175 I art     : option[11]=-XX:HeapMaxFree=8m
09-15 09:37:45.993  3175  3175 I art     : option[12]=-XX:HeapTargetUtilization=0.75
09-15 09:37:45.993  3175  3175 I art     : option[13]=-Xusejit:true
09-15 09:37:45.993  3175  3175 I art     : option[14]=-Xjitsaveprofilinginfo
09-15 09:37:45.993  3175  3175 I art     : option[15]=-agentlib:jdwp=transport=dt_android_adb,suspend=n,server=y
09-15 09:37:45.993  3175  3175 I art     : option[16]=-Xlockprofthreshold:500
09-15 09:37:45.993  3175  3175 I art     : option[17]=-Ximage-compiler-option
09-15 09:37:45.993  3175  3175 I art     : option[18]=--runtime-arg
09-15 09:37:45.993  3175  3175 I art     : option[19]=-Ximage-compiler-option
09-15 09:37:45.993  3175  3175 I art     : option[20]=-Xms64m
09-15 09:37:45.993  3175  3175 I art     : option[21]=-Ximage-compiler-option
09-15 09:37:45.993  3175  3175 I art     : option[22]=--runtime-arg
09-15 09:37:45.993  3175  3175 I art     : option[23]=-Ximage-compiler-option
09-15 09:37:45.993  3175  3175 I art     : option[24]=-Xmx64m
09-15 09:37:45.993  3175  3175 I art     : option[25]=-Ximage-compiler-option
09-15 09:37:45.994  3175  3175 I art     : option[26]=--compiler-filter=verify-at-runtime
09-15 09:37:45.994  3175  3175 I art     : option[27]=-Ximage-compiler-option
09-15 09:37:45.994  3175  3175 I art     : option[28]=--image-classes=/system/etc/preloaded-classes
09-15 09:37:45.994  3175  3175 I art     : option[29]=-Ximage-compiler-option
09-15 09:37:45.994  3175  3175 I art     : option[30]=--compiled-classes=/system/etc/compiled-classes
09-15 09:37:45.994  3175  3175 I art     : option[31]=-Xcompiler-option
09-15 09:37:45.994  3175  3175 I art     : option[32]=--runtime-arg
09-15 09:37:45.994  3175  3175 I art     : option[33]=-Xcompiler-option
09-15 09:37:45.994  3175  3175 I art     : option[34]=-Xms64m
09-15 09:37:45.994  3175  3175 I art     : option[35]=-Xcompiler-option
09-15 09:37:45.994  3175  3175 I art     : option[36]=--runtime-arg
09-15 09:37:45.994  3175  3175 I art     : option[37]=-Xcompiler-option
09-15 09:37:45.994  3175  3175 I art     : option[38]=-Xmx512m
09-15 09:37:45.994  3175  3175 I art     : option[39]=-Ximage-compiler-option
09-15 09:37:45.994  3175  3175 I art     : option[40]=--instruction-set-variant=generic
09-15 09:37:45.994  3175  3175 I art     : option[41]=-Xcompiler-option
09-15 09:37:45.994  3175  3175 I art     : option[42]=--instruction-set-variant=generic
09-15 09:37:45.994  3175  3175 I art     : option[43]=-Ximage-compiler-option
09-15 09:37:45.994  3175  3175 I art     : option[44]=--instruction-set-features=default
09-15 09:37:45.994  3175  3175 I art     : option[45]=-Xcompiler-option
09-15 09:37:45.994  3175  3175 I art     : option[46]=--instruction-set-features=default
09-15 09:37:45.994  3175  3175 I art     : option[47]=-Duser.locale=en-US
09-15 09:37:45.994  3175  3175 I art     : option[48]=--cpu-abilist=arm64-v8a
09-15 09:37:45.994  3175  3175 I art     : option[49]=-Xfingerprint:samsung/dream2ltexx/dream2lte:7.0/NRD90M/G955FXXU1AQH3:user/release-keys
09-15 09:37:46.006  3175  3175 I art     : Pruning dalvik-cache since we are generating an image and will need to recompile
09-15 09:37:46.006  3175  3175 I art     : Using an offset of 0x3cb000 from default art base address of 0x70000000
09-15 09:37:46.006  3175  3175 I art     : GenerateImage: /system/bin/dex2oat --image=/data/dalvik-cache/arm64/system@framework@boot.art --dex-file=/system/framework/core-oj.jar --dex-file=/system/framework/core-libart.jar --dex-file=/system/framework/conscrypt.jar --dex-file=/system/framework/okhttp.jar --dex-file=/system/framework/core-junit.jar --dex-file=/system/framework/bouncycastle.jar --dex-file=/system/framework/ext.jar --dex-file=/system/framework/framework.jar --dex-file=/system/framework/telephony-common.jar --dex-file=/system/framework/voip-common.jar --dex-file=/system/framework/ims-common.jar --dex-file=/system/framework/apache-xml.jar --dex-file=/system/framework/org.apache.http.legacy.boot.jar --dex-file=/system/framework/telephony-ext.jar --oat-file=/data/dalvik-cache/arm64/system@framework@boot.oat --instruction-set=arm64 --instruction-set-features=smp,a53 --base=0x703cb000 --runtime-arg -Xms64m --runtime-arg -Xmx64m --compiler-filter=verify-at-runtime --image-classes=/system/etc/preloaded-classes --compiled-classes=/system/etc/com
09-15 09:37:46.027  3083  3083 W auditd  : type=1325 audit(0.0:33): table=filter family=2 entries=16
09-15 09:37:46.027  3083  3083 W auditd  : type=1320 audit(0.0:33): 
09-15 09:37:46.035  3083  3083 W auditd  : type=1325 audit(0.0:34): table=filter family=10 entries=16
09-15 09:37:46.035  3083  3083 W auditd  : type=1320 audit(0.0:34): 
09-15 09:37:46.039  3083  3083 W auditd  : type=1325 audit(0.0:35): table=filter family=2 entries=18
09-15 09:37:46.039  3083  3083 W auditd  : type=1320 audit(0.0:35): 
09-15 09:37:46.043  3083  3083 W auditd  : type=1325 audit(0.0:36): table=filter family=10 entries=18
09-15 09:37:46.043  3317  3317 I dex2oat : /system/bin/dex2oat --image=/data/dalvik-cache/arm64/system@framework@boot.art --dex-file=/system/framework/core-oj.jar --dex-file=/system/framework/core-libart.jar --dex-file=/system/framework/conscrypt.jar --dex-file=/system/framework/okhttp.jar --dex-file=/system/framework/core-junit.jar --dex-file=/system/framework/bouncycastle.jar --dex-file=/system/framework/ext.jar --dex-file=/system/framework/framework.jar --dex-file=/system/framework/telephony-common.jar --dex-file=/system/framework/voip-common.jar --dex-file=/system/framework/ims-common.jar --dex-file=/system/framework/apache-xml.jar --dex-file=/system/framework/org.apache.http.legacy.boot.jar --dex-file=/system/framework/telephony-ext.jar --oat-file=/data/dalvik-cache/arm64/system@framework@boot.oat --instruction-set=arm64 --instruction-set-features=smp,a53 --base=0x703cb000 --runtime-arg -Xms64m --runtime-arg -Xmx64m --compiler-filter=verify-at-runtime --image-classes=/system/etc/preloaded-classes --compiled-classes=/system/etc/compiled-classes -
09-15 09:37:46.059  3176  3176 D AndroidRuntime: >>>>>> START com.android.internal.os.ZygoteInit uid 0 <<<<<<
09-15 09:37:46.062  3176  3176 D AndroidRuntime: CheckJNI is ON
09-15 09:37:46.063  3176  3176 I art     : option[0]=-Xzygote
09-15 09:37:46.063  3176  3176 I art     : option[1]=-Xcheck:jni
09-15 09:37:46.063  3176  3176 I art     : option[2]=-Xstacktracefile:/data/anr/traces.txt
09-15 09:37:46.063  3176  3176 I art     : option[3]=exit
09-15 09:37:46.063  3176  3176 I art     : option[4]=vfprintf
09-15 09:37:46.063  3176  3176 I art     : option[5]=sensitiveThread
09-15 09:37:46.063  3176  3176 I art     : option[6]=-verbose:gc
09-15 09:37:46.063  3176  3176 I art     : option[7]=-Xms8m
09-15 09:37:46.063  3176  3176 I art     : option[8]=-Xmx512m
09-15 09:37:46.063  3176  3176 I art     : option[9]=-XX:HeapGrowthLimit=256m
09-15 09:37:46.063  3176  3176 I art     : option[10]=-XX:HeapMinFree=2m
09-15 09:37:46.063  3176  3176 I art     : option[11]=-XX:HeapMaxFree=8m
09-15 09:37:46.064  3176  3176 I art     : option[12]=-XX:HeapTargetUtilization=0.75
09-15 09:37:46.064  3176  3176 I art     : option[13]=-Xusejit:true
09-15 09:37:46.064  3176  3176 I art     : option[14]=-Xjitsaveprofilinginfo
09-15 09:37:46.064  3176  3176 I art     : option[15]=-agentlib:jdwp=transport=dt_android_adb,suspend=n,server=y
09-15 09:37:46.064  3176  3176 I art     : option[16]=-Xlockprofthreshold:500
09-15 09:37:46.064  3176  3176 I art     : option[17]=-Ximage-compiler-option
09-15 09:37:46.064  3176  3176 I art     : option[18]=--runtime-arg
09-15 09:37:46.064  3176  3176 I art     : option[19]=-Ximage-compiler-option
09-15 09:37:46.064  3176  3176 I art     : option[20]=-Xms64m
09-15 09:37:46.064  3176  3176 I art     : option[21]=-Ximage-compiler-option
09-15 09:37:46.064  3176  3176 I art     : option[22]=--runtime-arg
09-15 09:37:46.064  3176  3176 I art     : option[23]=-Ximage-compiler-option
09-15 09:37:46.064  3176  3176 I art     : option[24]=-Xmx64m
09-15 09:37:46.064  3176  3176 I art     : option[25]=-Ximage-compiler-option
09-15 09:37:46.064  3176  3176 I art     : option[26]=--compiler-filter=verify-at-runtime
09-15 09:37:46.064  3176  3176 I art     : option[27]=-Ximage-compiler-option
09-15 09:37:46.064  3176  3176 I art     : option[28]=--image-classes=/system/etc/preloaded-classes
09-15 09:37:46.064  3176  3176 I art     : option[29]=-Ximage-compiler-option
09-15 09:37:46.064  3176  3176 I art     : option[30]=--compiled-classes=/system/etc/compiled-classes
09-15 09:37:46.064  3176  3176 I art     : option[31]=-Xcompiler-option
09-15 09:37:46.064  3176  3176 I art     : option[32]=--runtime-arg
09-15 09:37:46.064  3176  3176 I art     : option[33]=-Xcompiler-option
09-15 09:37:46.064  3176  3176 I art     : option[34]=-Xms64m
09-15 09:37:46.064  3176  3176 I art     : option[35]=-Xcompiler-option
09-15 09:37:46.064  3176  3176 I art     : option[36]=--runtime-arg
09-15 09:37:46.064  3176  3176 I art     : option[37]=-Xcompiler-option
09-15 09:37:46.064  3176  3176 I art     : option[38]=-Xmx512m
09-15 09:37:46.064  3176  3176 I art     : option[39]=-Ximage-compiler-option
09-15 09:37:46.064  3176  3176 I art     : option[40]=--instruction-set-variant=cortex-a53.a57
09-15 09:37:46.064  3176  3176 I art     : option[41]=-Xcompiler-option
09-15 09:37:46.064  3176  3176 I art     : option[42]=--instruction-set-variant=cortex-a53.a57
09-15 09:37:46.064  3176  3176 I art     : option[43]=-Ximage-compiler-option
09-15 09:37:46.064  3176  3176 I art     : option[44]=--instruction-set-features=default
09-15 09:37:46.064  3176  3176 I art     : option[45]=-Xcompiler-option
09-15 09:37:46.064  3176  3176 I art     : option[46]=--instruction-set-features=default
09-15 09:37:46.064  3176  3176 I art     : option[47]=-Duser.locale=en-US
09-15 09:37:46.064  3176  3176 I art     : option[48]=--cpu-abilist=armeabi-v7a,armeabi
09-15 09:37:46.064  3176  3176 I art     : option[49]=-Xfingerprint:samsung/dream2ltexx/dream2lte:7.0/NRD90M/G955FXXU1AQH3:user/release-keys
09-15 09:37:46.070  3317  3317 I dex2oat : setting boot class path to /system/framework/core-oj.jar:/system/framework/core-libart.jar:/system/framework/conscrypt.jar:/system/framework/okhttp.jar:/system/framework/core-junit.jar:/system/framework/bouncycastle.jar:/system/framework/ext.jar:/system/framework/framework.jar:/system/framework/telephony-common.jar:/system/framework/voip-common.jar:/system/framework/ims-common.jar:/system/framework/apache-xml.jar:/system/framework/org.apache.http.legacy.boot.jar:/system/framework/telephony-ext.jar
09-15 09:37:46.073  3176  3176 I art     : Pruning dalvik-cache since we are generating an image and will need to recompile
09-15 09:37:46.073  3176  3176 I art     : Using an offset of 0xff2ab000 from default art base address of 0x70000000
09-15 09:37:46.073  3176  3176 I art     : GenerateImage: /system/bin/dex2oat --image=/data/dalvik-cache/arm/system@framework@boot.art --dex-file=/system/framework/core-oj.jar --dex-file=/system/framework/core-libart.jar --dex-file=/system/framework/conscrypt.jar --dex-file=/system/framework/okhttp.jar --dex-file=/system/framework/core-junit.jar --dex-file=/system/framework/bouncycastle.jar --dex-file=/system/framework/ext.jar --dex-file=/system/framework/framework.jar --dex-file=/system/framework/telephony-common.jar --dex-file=/system/framework/voip-common.jar --dex-file=/system/framework/ims-common.jar --dex-file=/system/framework/apache-xml.jar --dex-file=/system/framework/org.apache.http.legacy.boot.jar --dex-file=/system/framework/telephony-ext.jar --oat-file=/data/dalvik-cache/arm/system@framework@boot.oat --instruction-set=arm --instruction-set-features=smp,div,atomic_ldrd_strd --base=0x6f2ab000 --runtime-arg -Xms64m --runtime-arg -Xmx64m --compiler-filter=verify-at-runtime --image-classes=/system/etc/preloaded-classes --compiled-classes=/sys
09-15 09:37:46.090  3333  3333 I dex2oat : /system/bin/dex2oat --image=/data/dalvik-cache/arm/system@framework@boot.art --dex-file=/system/framework/core-oj.jar --dex-file=/system/framework/core-libart.jar --dex-file=/system/framework/conscrypt.jar --dex-file=/system/framework/okhttp.jar --dex-file=/system/framework/core-junit.jar --dex-file=/system/framework/bouncycastle.jar --dex-file=/system/framework/ext.jar --dex-file=/system/framework/framework.jar --dex-file=/system/framework/telephony-common.jar --dex-file=/system/framework/voip-common.jar --dex-file=/system/framework/ims-common.jar --dex-file=/system/framework/apache-xml.jar --dex-file=/system/framework/org.apache.http.legacy.boot.jar --dex-file=/system/framework/telephony-ext.jar --oat-file=/data/dalvik-cache/arm/system@framework@boot.oat --instruction-set=arm --instruction-set-features=smp,div,atomic_ldrd_strd --base=0x6f2ab000 --runtime-arg -Xms64m --runtime-arg -Xmx64m --compiler-filter=verify-at-runtime --image-classes=/system/etc/preloaded-classes --compiled-classes=/system/etc/compile
09-15 09:37:46.114  3333  3333 I dex2oat : setting boot class path to /system/framework/core-oj.jar:/system/framework/core-libart.jar:/system/framework/conscrypt.jar:/system/framework/okhttp.jar:/system/framework/core-junit.jar:/system/framework/bouncycastle.jar:/system/framework/ext.jar:/system/framework/framework.jar:/system/framework/telephony-common.jar:/system/framework/voip-common.jar:/system/framework/ims-common.jar:/system/framework/apache-xml.jar:/system/framework/org.apache.http.legacy.boot.jar:/system/framework/telephony-ext.jar
09-15 09:37:46.129  3177  3177 E audio_route: Failed to open /system/etc/mixer_paths_0.xml
09-15 09:37:46.133  3177  3177 E audio_hw_primary: mixer_init: Failed to init audio route controls for card 0, aborting.
09-15 09:37:46.133  3177  3177 E audio_hw_primary: adev_open: Failed to init, aborting.
09-15 09:37:46.133  3177  3177 E AudioFlinger: int android::load_audio_interface(const char *, audio_hw_device_t **) couldn't open audio hw device in audio.primary (Invalid argument)
09-15 09:37:46.133  3177  3177 E AudioFlinger: loadHwModule() error -22 loading module primary
09-15 09:37:46.133  3177  3177 W APM_AudioPolicyManager: could not open HW module primary
09-15 09:37:46.144  3177  3177 I bt_a2dp_hw: adev_open:  adev_open in A2dp_hw module
09-15 09:37:46.144  3177  3177 I AudioFlinger: loadHwModule() Loaded a2dp audio interface from A2DP Audio HW HAL (audio) handle 10
09-15 09:37:46.147  3177  3177 I AudioFlinger: loadHwModule() Loaded usb audio interface from USB audio HW HAL (audio) handle 18
09-15 09:37:46.148  3177  3177 I r_submix: adev_open(name=audio_hw_if)
09-15 09:37:46.148  3177  3177 I r_submix: adev_init_check()
09-15 09:37:46.148  3177  3177 I AudioFlinger: loadHwModule() Loaded r_submix audio interface from Wifi Display audio HAL (audio) handle 26
09-15 09:37:46.148  3177  3177 D r_submix: adev_open_input_stream(addr=0)
09-15 09:37:46.148  3177  3177 D r_submix: submix_audio_device_create_pipe_l(addr=0, idx=9)
09-15 09:37:46.148  3177  3177 D r_submix:   now using address 0 for route 9
09-15 09:37:46.148  3177  3356 I AudioFlinger: AudioFlinger's thread 0xf649f100 ready to run
09-15 09:37:46.148  3177  3177 D r_submix: adev_close_input_stream()
09-15 09:37:46.148  3177  3177 D r_submix: submix_audio_device_release_pipe_l(idx=9) addr=0
09-15 09:37:46.148  3177  3177 D r_submix: submix_audio_device_destroy_pipe_l(): pipe destroyed
09-15 09:37:46.148  3177  3177 W APM_AudioPolicyManager: Output device 00000001 unreachable
09-15 09:37:46.148  3177  3177 W APM_AudioPolicyManager: Output device 00000002 unreachable
09-15 09:37:46.148  3177  3177 W APM_AudioPolicyManager: Input device 80000004 unreachable
09-15 09:37:46.148  3177  3177 W APM_AudioPolicyManager: Input device 80000080 unreachable
09-15 09:37:46.148  3177  3177 W APM_AudioPolicyManager: Input device 80000040 unreachable
09-15 09:37:46.148  3177  3177 E APM_AudioPolicyManager: Default device 00000002 is unreachable
09-15 09:37:46.148  3177  3177 E APM_AudioPolicyManager: Failed to open primary output
09-15 09:37:46.149  3177  3177 I RadioService: RadioService
09-15 09:37:46.149  3177  3177 I RadioService: onFirstRef
09-15 09:37:46.149  3177  3177 E RadioService: couldn't load radio module radio.primary (No such file or directory)
09-15 09:37:46.149  3177  3177 E SoundTriggerHwService: couldn't load sound trigger module sound_trigger.primary (No such file or directory)
09-15 09:37:46.584  3186  3186 V NatController: runCmd(/system/bin/iptables -w -F natctrl_FORWARD) res=0
09-15 09:37:46.588  3186  3186 V NatController: runCmd(/system/bin/ip6tables -w -F natctrl_FORWARD) res=0
09-15 09:37:46.592  3186  3186 V NatController: runCmd(/system/bin/iptables -w -A natctrl_FORWARD -j DROP) res=0
09-15 09:37:46.595  3186  3186 V NatController: runCmd(/system/bin/iptables -w -t nat -F natctrl_nat_POSTROUTING) res=0
09-15 09:37:46.599  3186  3186 V NatController: runCmd(/system/bin/ip6tables -w -t raw -F natctrl_raw_PREROUTING) res=0
09-15 09:37:46.603  3186  3186 V NatController: runCmd(/system/bin/iptables -w -F natctrl_tether_counters) res=1
09-15 09:37:46.608  3186  3186 V NatController: runCmd(/system/bin/ip6tables -w -F natctrl_tether_counters) res=1
09-15 09:37:46.612  3186  3186 V NatController: runCmd(/system/bin/iptables -w -X natctrl_tether_counters) res=1
09-15 09:37:46.616  3186  3186 V NatController: runCmd(/system/bin/ip6tables -w -X natctrl_tether_counters) res=1
09-15 09:37:46.621  3186  3186 V NatController: runCmd(/system/bin/iptables -w -N natctrl_tether_counters) res=0
09-15 09:37:46.625  3186  3186 V NatController: runCmd(/system/bin/ip6tables -w -N natctrl_tether_counters) res=0
09-15 09:37:46.630  3186  3186 V NatController: runCmd(/system/bin/iptables -w -t mangle -A natctrl_mangle_FORWARD -p tcp --tcp-flags SYN SYN -j TCPMSS --clamp-mss-to-pmtu) res=0
09-15 09:37:46.651  3162  3162 D SurfaceFlinger: SF. shader cache generated - 26 shaders in 908.639954 ms
09-15 09:37:46.653  3162  3162 D SurfaceFlinger: Set power mode=2, type=0 flinger=0x7f7dc48000
09-15 09:37:46.674  3174  3174 D wrapperGPS: wrapperConnect_RILD
09-15 09:37:46.687  3186  3186 E Netd    : cannot find interface dummy0
09-15 09:37:46.687  3186  3186 D MDnsDS  : MDnsSdListener::Hander starting up
09-15 09:37:46.688  3186  3511 D MDnsDS  : MDnsSdListener starting to monitor
09-15 09:37:46.688  3186  3511 D MDnsDS  : Going to poll with pollCount 1
09-15 09:37:46.879  3499  3521 D libEGL  : loaded /vendor/lib64/egl/libGLES_mali.so
09-15 09:37:46.890  3499  3521 D mali_winsys: EGLint new_window_surface(egl_winsys_display*, void*, EGLSurface, EGLConfig, egl_winsys_surface**, egl_color_buffer_format*, EGLBoolean) returns 0x3000,  [1440x2960]-format:2
09-15 09:37:46.967  3521  3521 I BootAnimation: type=1400 audit(0.0:117): avc: denied { read write } for name="fimg2d" dev="tmpfs" ino=2417 scontext=u:r:bootanim:s0 tcontext=u:object_r:fimg2d_video_device:s0 tclass=chr_file permissive=1
09-15 09:37:46.967  3521  3521 I BootAnimation: type=1400 audit(0.0:117): avc: denied { open } for path="/dev/fimg2d" dev="tmpfs" ino=2417 scontext=u:r:bootanim:s0 tcontext=u:object_r:fimg2d_video_device:s0 tclass=chr_file permissive=1
09-15 09:37:46.967  3521  3521 W BootAnimation: type=1300 audit(0.0:117): arch=c00000b7 syscall=56 success=yes exit=14 a0=ffffff9c a1=7f7fa5c703 a2=2 a3=0 items=0 ppid=1 auid=4294967295 uid=1003 gid=1003 euid=1003 suid=1003 fsuid=1003 egid=1003 sgid=1003 fsgid=1003 tty=(none) ses=4294967295 exe="/system/bin/bootanimation" subj=u:r:bootanim:s0 key=(null)
09-15 09:37:46.967  3083  3083 W auditd  : type=1327 audit(0.0:117): proctitle="/system/bin/bootanimation"
09-15 09:37:46.967  3083  3083 W auditd  : type=1320 audit(0.0:117): 
09-15 09:37:46.967  3521  3521 I BootAnimation: type=1400 audit(0.0:118): avc: denied { ioctl } for path="/dev/fimg2d" dev="tmpfs" ino=2417 ioctlcmd=4d04 scontext=u:r:bootanim:s0 tcontext=u:object_r:fimg2d_video_device:s0 tclass=chr_file permissive=1
09-15 09:37:46.967  3521  3521 W BootAnimation: type=1300 audit(0.0:118): arch=c00000b7 syscall=29 success=yes exit=0 a0=f a1=c1104d04 a2=7f7b90d2b0 a3=0 items=0 ppid=1 auid=4294967295 uid=1003 gid=1003 euid=1003 suid=1003 fsuid=1003 egid=1003 sgid=1003 fsgid=1003 tty=(none) ses=4294967295 exe="/system/bin/bootanimation" subj=u:r:bootanim:s0 key=(null)
09-15 09:37:46.967  3083  3083 W auditd  : type=1327 audit(0.0:118): proctitle="/system/bin/bootanimation"
09-15 09:37:46.967  3083  3083 W auditd  : type=1320 audit(0.0:118): 
09-15 09:37:47.485  3317  3317 I dex2oat : Explicit concurrent mark sweep GC freed 7869(2MB) AllocSpace objects, 0(0B) LOS objects, 61% free, 2MB/6MB, paused 40us total 8.824ms
09-15 09:37:47.537  3333  3333 I dex2oat : Explicit concurrent mark sweep GC freed 7869(1469KB) AllocSpace objects, 0(0B) LOS objects, 66% free, 1825KB/5MB, paused 47us total 7.514ms
09-15 09:37:47.675  3174  3174 D wrapperGPS: wrapperConnect_RILD
09-15 09:37:48.151  3333  3333 I dex2oat : dex2oat took 2.061s (threads: 8) arena alloc=0B (0B) java alloc=1829KB (1873040B) native alloc=7MB (7784680B) free=4MB (4273944B)
09-15 09:37:48.151  3317  3317 I dex2oat : dex2oat took 2.111s (threads: 8) arena alloc=0B (0B) java alloc=2MB (2608704B) native alloc=10MB (10597040B) free=5MB (5262672B)
09-15 09:37:48.177  3176  3176 D ICU     : No timezone override file found: /data/misc/zoneinfo/current/icu/icu_tzdata.dat
09-15 09:37:48.180  3175  3175 D ICU     : No timezone override file found: /data/misc/zoneinfo/current/icu/icu_tzdata.dat
09-15 09:37:48.206  3175  3175 W art     : Before Android 4.1, method double java.util.concurrent.ThreadLocalRandom.internalNextDouble(double, double) would have incorrectly overridden the package-private method in java.util.Random
09-15 09:37:48.206  3175  3175 W art     : Before Android 4.1, method int java.util.concurrent.ThreadLocalRandom.internalNextInt(int, int) would have incorrectly overridden the package-private method in java.util.Random
09-15 09:37:48.206  3175  3175 W art     : Before Android 4.1, method long java.util.concurrent.ThreadLocalRandom.internalNextLong(long, long) would have incorrectly overridden the package-private method in java.util.Random
09-15 09:37:48.206  3176  3176 W art     : Before Android 4.1, method double java.util.concurrent.ThreadLocalRandom.internalNextDouble(double, double) would have incorrectly overridden the package-private method in java.util.Random
09-15 09:37:48.206  3176  3176 W art     : Before Android 4.1, method int java.util.concurrent.ThreadLocalRandom.internalNextInt(int, int) would have incorrectly overridden the package-private method in java.util.Random
09-15 09:37:48.206  3176  3176 W art     : Before Android 4.1, method long java.util.concurrent.ThreadLocalRandom.internalNextLong(long, long) would have incorrectly overridden the package-private method in java.util.Random
09-15 09:37:48.317  3175  3175 I Radio-JNI: register_android_hardware_Radio DONE
09-15 09:37:48.327  3176  3176 I Radio-JNI: register_android_hardware_Radio DONE
09-15 09:37:48.347  3175  3175 I SamplingProfilerIntegration: Profiling disabled.
09-15 09:37:48.348  3175  3175 D Zygote  : begin preload
09-15 09:37:48.348  3175  3175 I Zygote  : Installing ICU cache reference pinning...
09-15 09:37:48.348  3175  3175 I Zygote  : Preloading ICU data...
