11-09 16:42:46.705  3181  4700 E bauth_FPBAuthService: check_opcode func_ret_val error = 29
11-09 16:42:46.705  3181  4700 I TLC_BAUTH: Call FUNC ID 0x4;696
11-09 16:42:46.705  3181  4700 I TLC_BAUTH: Trustlet Session is not opened. status : 0;822
11-09 16:42:46.705  3181  4700 I TLC_BAUTH: FUNC ID 0x4 is completed;828
11-09 16:42:46.705  3181  4700 D bauth_FPBAuthSensorControl: FPBAuthSensorControl, 304
11-09 16:42:46.705  3181  4700 D bauth_FPBAuthService: FPBAuthService, 688
11-09 16:42:46.705  3181  4700 D bauth_FPBAuthService: FPBAuthService, 7477
11-09 16:42:46.705  3181  4700 D bauth_service: BAuthService, 85
11-09 16:42:46.705  3181  4700 D bauth_FPBAuthService: FPBAuthService, 7272
11-09 16:42:46.735  3609  3675 W ActivityManager: Slow operation: 77ms so far, now at startProcess: returned from zygote!
11-09 16:42:46.735  3609  3675 W ActivityManager: Slow operation: 77ms so far, now at startProcess: done updating battery stats
11-09 16:42:46.736  3609  3675 W ActivityManager: Slow operation: 78ms so far, now at startProcess: building log message
11-09 16:42:46.736  3609  3675 I ActivityManager: Start proc 4740:com.android.bluetooth/1002 for service com.android.bluetooth/.btservice.AdapterService
11-09 16:42:46.736  3609  3675 W ActivityManager: Slow operation: 78ms so far, now at startProcess: starting to update pids map
11-09 16:42:46.736  3609  3675 W ActivityManager: Slow operation: 78ms so far, now at startProcess: done updating pids map
11-09 16:42:46.736  3609  3675 W ActivityManager: Slow operation: 78ms so far, now at startProcess: done starting proc!
11-09 16:42:46.752  3609  3609 E InputMethodManagerService: Ignoring updateSystemUiLocked due to an invalid token. uid:1000 token:null
11-09 16:42:46.783  4740  4740 I droid.bluetooth: type=1400 audit(0.0:120): avc: denied { write } for name="com.android.bluetooth" dev="sda24" ino=3121239 scontext=u:r:bluetooth:s0 tcontext=u:object_r:system_data_file:s0 tclass=dir permissive=1
11-09 16:42:46.783  4740  4740 I droid.bluetooth: type=1400 audit(0.0:120): avc: denied { add_name } for name="cache" scontext=u:r:bluetooth:s0 tcontext=u:object_r:system_data_file:s0 tclass=dir permissive=1
11-09 16:42:46.783  4740  4740 I droid.bluetooth: type=1400 audit(0.0:120): avc: denied { create } for name="cache" scontext=u:r:bluetooth:s0 tcontext=u:object_r:system_data_file:s0 tclass=dir permissive=1
11-09 16:42:46.783  4740  4740 W droid.bluetooth: type=1300 audit(0.0:120): arch=40000028 syscall=323 per=8 success=yes exit=0 a0=ffffff9c a1=ea8e12d0 a2=1f9 a3=ea8e12fb items=0 ppid=3171 auid=4294967295 uid=1002 gid=1002 euid=1002 suid=1002 fsuid=1002 egid=1002 sgid=1002 fsgid=1002 tty=(none) ses=4294967295 exe="/system/bin/app_process32" subj=u:r:bluetooth:s0 key=(null)
11-09 16:42:46.783  3077  3077 W auditd  : type=1327 audit(0.0:120): proctitle="com.android.bluetooth"
11-09 16:42:46.783  3077  3077 W auditd  : type=1320 audit(0.0:120): 
11-09 16:42:46.783  4740  4740 I droid.bluetooth: type=1400 audit(0.0:121): avc: denied { setattr } for name="cache" dev="sda24" ino=3121251 scontext=u:r:bluetooth:s0 tcontext=u:object_r:system_data_file:s0 tclass=dir permissive=1
11-09 16:42:46.783  4740  4740 W droid.bluetooth: type=1300 audit(0.0:121): arch=40000028 syscall=333 per=8 success=yes exit=0 a0=ffffff9c a1=ea8e1300 a2=1f9 a3=0 items=0 ppid=3171 auid=4294967295 uid=1002 gid=1002 euid=1002 suid=1002 fsuid=1002 egid=1002 sgid=1002 fsgid=1002 tty=(none) ses=4294967295 exe="/system/bin/app_process32" subj=u:r:bluetooth:s0 key=(null)
11-09 16:42:46.783  3077  3077 W auditd  : type=1327 audit(0.0:121): proctitle="com.android.bluetooth"
11-09 16:42:46.783  3077  3077 W auditd  : type=1320 audit(0.0:121): 
11-09 16:42:46.787  3609  3609 W InputMethodManagerService: Reset the default IME as "Resource" is ready here.
11-09 16:42:46.796  3180  3528 D SoftapController: Softap fwReload - Ok
11-09 16:42:46.800  3180  3528 D CommandListener: Setting iface cfg
11-09 16:42:46.800  3180  3528 D CommandListener: Trying to bring down wlan0
11-09 16:42:46.802  3180  3528 D CommandListener: Clearing all IP addresses on wlan0
11-09 16:42:46.802  4740  4740 E BluetoothVendorJni: register_com_android_bluetooth_btservice_vendor:
11-09 16:42:46.803  3609  3609 I InputMethodManagerService: Default found, using com.android.inputmethod.latin/.LatinIME
11-09 16:42:46.803  3609  3609 W InputMethodManagerService: Illegal subtype state: old subtype = null, new subtype = android.view.inputmethod.InputMethodSubtype@c9194f98
11-09 16:42:46.806  3609  3667 I chatty  : uid=1000(system) Binder:3609_2 expire 6 lines
11-09 16:42:46.815  3609  3609 I ActivityManager: Start proc 4756:com.android.inputmethod.latin/u0a62 for service com.android.inputmethod.latin/.LatinIME
11-09 16:42:46.815  3609  3609 V InputMethodManagerService: Adding window token: android.os.Binder@3f03011
11-09 16:42:46.815  3609  4033 D MountService: Thinking about init, mSystemReady=true, mDaemonConnected=true
11-09 16:42:46.815  3609  4033 D MountService: Setting up emulation state, initlocked=false
11-09 16:42:46.816  3609  4033 D CryptdConnector: SND -> {2 cryptfs unlock_user_key 0 0 ! !}
11-09 16:42:46.816  3067  3137 D vold    : e4crypt_unlock_user_key 0 serial=0 token_present=0
11-09 16:42:46.816  3067  3137 E vold    : Failed to chmod /data/system_ce/0: No such file or directory
11-09 16:42:46.817  3067  3137 E vold    : Failed to chmod /data/misc_ce/0: No such file or directory
11-09 16:42:46.817  3609  3609 D UsbAlsaManager: Adding ALSA device AlsaDevice: [card: 0, device: 22, type: 1]
11-09 16:42:46.817  3609  3609 D UsbAlsaManager: Adding ALSA device AlsaDevice: [card: 0, device: 22, type: 2]
11-09 16:42:46.817  3609  3609 D UsbAlsaManager: Adding ALSA device AlsaDevice: [card: 0, device: 21, type: 2]
11-09 16:42:46.817  3609  3609 D UsbAlsaManager: Adding ALSA device AlsaDevice: [card: 0, device: 20, type: 2]
11-09 16:42:46.817  3609  3609 D UsbAlsaManager: Adding ALSA device AlsaDevice: [card: 0, device: 12, type: 2]
11-09 16:42:46.817  3609  3609 D UsbAlsaManager: Adding ALSA device AlsaDevice: [card: 0, device: 11, type: 2]
11-09 16:42:46.817  3609  3609 D UsbAlsaManager: Adding ALSA device AlsaDevice: [card: 0, device: 10, type: 2]
11-09 16:42:46.817  3609  3609 D UsbAlsaManager: Adding ALSA device AlsaDevice: [card: 0, device: 9, type: 2]
11-09 16:42:46.817  3609  3609 D UsbAlsaManager: Adding ALSA device AlsaDevice: [card: 0, device: 7, type: 1]
11-09 16:42:46.817  3609  3609 D UsbAlsaManager: Adding ALSA device AlsaDevice: [card: 0, device: 8, type: 2]
11-09 16:42:46.817  3609  3609 D UsbAlsaManager: Adding ALSA device AlsaDevice: [card: 0, device: 6, type: 1]
11-09 16:42:46.817  3609  3609 D UsbAlsaManager: Adding ALSA device AlsaDevice: [card: 0, device: 4, type: 1]
11-09 16:42:46.817  3609  3609 D UsbAlsaManager: Adding ALSA device AlsaDevice: [card: 0, device: 3, type: 1]
11-09 16:42:46.817  3609  3609 D UsbAlsaManager: Adding ALSA device AlsaDevice: [card: 0, device: 2, type: 1]
11-09 16:42:46.817  3609  3609 D UsbAlsaManager: Adding ALSA device AlsaDevice: [card: 0, device: 1, type: 1]
11-09 16:42:46.817  3609  3609 D UsbAlsaManager: Adding ALSA device AlsaDevice: [card: 0, device: 0, type: 1]
11-09 16:42:46.817  3609  4035 D CryptdConnector: RCV <- {200 2 Command succeeded}
11-09 16:42:46.819  3609  4678 D BluetoothManagerService: Trying to bind to profile: 1, while Bluetooth was disabled
11-09 16:42:46.819  3609  4033 D MountService: Thinking about reset, mSystemReady=true, mDaemonConnected=true
11-09 16:42:46.820  3609  4033 D VoldConnector: SND -> {31 volume reset}
11-09 16:42:46.820  3609  4034 D VoldConnector: RCV <- {651 emulated 7}
11-09 16:42:46.820  4740  4740 D AdapterServiceConfig: addA2dpProfile: isA2dpSinkEnabled = falseisHfpClientEnabled false serviceName HeadsetService
11-09 16:42:46.820  4740  4740 D AdapterServiceConfig: Adding HeadsetService
11-09 16:42:46.820  3609  4034 D VoldConnector: RCV <- {659 emulated}
11-09 16:42:46.821  4740  4740 D AdapterServiceConfig: addA2dpProfile: isA2dpSinkEnabled = falseisHfpClientEnabled false serviceName A2dpService
11-09 16:42:46.821  4740  4740 D AdapterServiceConfig: Adding A2dpService
11-09 16:42:46.821  4740  4740 D AdapterServiceConfig: addA2dpProfile: isA2dpSinkEnabled = falseisHfpClientEnabled false serviceName HidService
11-09 16:42:46.821  4740  4740 D AdapterServiceConfig: Adding HidService
11-09 16:42:46.821  4740  4740 D AdapterServiceConfig: addA2dpProfile: isA2dpSinkEnabled = falseisHfpClientEnabled false serviceName HealthService
11-09 16:42:46.821  4740  4740 D AdapterServiceConfig: Adding HealthService
11-09 16:42:46.821  4740  4740 D AdapterServiceConfig: addA2dpProfile: isA2dpSinkEnabled = falseisHfpClientEnabled false serviceName PanService
11-09 16:42:46.821  4740  4740 D AdapterServiceConfig: Adding PanService
11-09 16:42:46.821  4740  4740 D AdapterServiceConfig: addA2dpProfile: isA2dpSinkEnabled = falseisHfpClientEnabled false serviceName GattService
11-09 16:42:46.821  4740  4740 D AdapterServiceConfig: Adding GattService
11-09 16:42:46.821  3609  4034 D VoldConnector: RCV <- {650 emulated 2 "" ""}
11-09 16:42:46.821  4740  4740 D AdapterServiceConfig: addA2dpProfile: isA2dpSinkEnabled = falseisHfpClientEnabled false serviceName BluetoothMapService
11-09 16:42:46.821  4740  4740 D AdapterServiceConfig: Adding BluetoothMapService
11-09 16:42:46.821  3609  4034 D VoldConnector: RCV <- {654 emulated emulated}
11-09 16:42:46.822  3609  4034 D VoldConnector: RCV <- {651 emulated 0}
11-09 16:42:46.822  3609  4034 D VoldConnector: RCV <- {200 31 Command succeeded}
11-09 16:42:46.822  3609  4033 D VoldConnector: SND -> {32 volume user_added 0 0}
11-09 16:42:46.823  3609  4034 D VoldConnector: RCV <- {200 32 Command succeeded}
11-09 16:42:46.840  3609  3609 I ActivityManager: Start proc 4773:com.android.systemui/u0a33 for service com.android.systemui/.keyguard.KeyguardService
11-09 16:42:46.840  3609  3609 I SystemServer: WebViewFactory preparation
11-09 16:42:46.840  3609  3669 I ActivityManager: Force stopping com.android.providers.media appid=10009 user=-1: vold reset
11-09 16:42:46.852  3172  3324 I AudioFlinger: systemReady
11-09 16:42:46.869  3609  3674 I UsbPortManager: USB port added: port=UsbPort{id=otg_default, supportedModes=dual}, status=UsbPortStatus{connected=true, currentMode=ufp, currentPowerRole=sink, currentDataRole=device, supportedRoleCombinations=[source:host, sink:device]}, canChangeMode=true, canChangePowerRole=false, canChangeDataRole=false
11-09 16:42:46.871  3609  3674 V MountService: Found primary storage at VolumeInfo{emulated}:
11-09 16:42:46.871  3609  3674 V MountService:     type=EMULATED diskId=null partGuid=null mountFlags=0 mountUserId=-1 
11-09 16:42:46.871  3609  3674 V MountService:     state=UNMOUNTED 
11-09 16:42:46.871  3609  3674 V MountService:     fsType=null fsUuid=null fsLabel=null 
11-09 16:42:46.871  3609  3674 V MountService:     path=null internalPath=null 
11-09 16:42:46.872  4740  4740 E BluetoothVendorJni: register_com_android_bluetooth_btservice_vendor:
11-09 16:42:46.872  3609  4033 D VoldConnector: SND -> {33 volume mount emulated 3 -1}
11-09 16:42:46.876  3609  4034 D VoldConnector: RCV <- {651 emulated 1}
11-09 16:42:46.877  3609  4034 D VoldConnector: RCV <- {656 emulated /data/media}
11-09 16:42:46.878  3609  4034 D VoldConnector: RCV <- {655 emulated /storage/emulated}
11-09 16:42:46.878  3067  3136 V vold    : Waiting for FUSE to spin up...
11-09 16:42:46.884  3171  4744 I art     : Starting a blocking GC HeapTrim
11-09 16:42:46.891  4756  4756 I putmethod.latin: type=1400 audit(0.0:122): avc: denied { write } for name="com.android.inputmethod.latin" dev="sda24" ino=3121213 scontext=u:r:untrusted_app:s0:c512,c768 tcontext=u:object_r:system_data_file:s0 tclass=dir permissive=1
11-09 16:42:46.891  4756  4756 I putmethod.latin: type=1400 audit(0.0:122): avc: denied { add_name } for name="cache" scontext=u:r:untrusted_app:s0:c512,c768 tcontext=u:object_r:system_data_file:s0 tclass=dir permissive=1
11-09 16:42:46.891  4756  4756 I putmethod.latin: type=1400 audit(0.0:122): avc: denied { create } for name="cache" scontext=u:r:untrusted_app:s0:c512,c768 tcontext=u:object_r:system_data_file:s0:c512,c768 tclass=dir permissive=1
11-09 16:42:46.891  4756  4756 W putmethod.latin: type=1300 audit(0.0:122): arch=c00000b7 syscall=34 success=yes exit=0 a0=ffffff9c a1=7f95be3880 a2=1f9 a3=33 items=0 ppid=3170 auid=4294967295 uid=10062 gid=10062 euid=10062 suid=10062 fsuid=10062 egid=10062 sgid=10062 fsgid=10062 tty=(none) ses=4294967295 exe="/system/bin/app_process64" subj=u:r:untrusted_app:s0:c512,c768 key=(null)
11-09 16:42:46.891  3077  3077 W auditd  : type=1327 audit(0.0:122): proctitle="com.android.inputmethod.latin"
11-09 16:42:46.891  3077  3077 W auditd  : type=1320 audit(0.0:122): 
11-09 16:42:46.891  4756  4756 I putmethod.latin: type=1400 audit(0.0:123): avc: denied { setattr } for name="cache" dev="sda24" ino=3121253 scontext=u:r:untrusted_app:s0:c512,c768 tcontext=u:object_r:system_data_file:s0:c512,c768 tclass=dir permissive=1
11-09 16:42:46.891  4756  4756 W putmethod.latin: type=1300 audit(0.0:123): arch=c00000b7 syscall=53 success=yes exit=0 a0=ffffff9c a1=7f95be38c0 a2=1f9 a3=0 items=0 ppid=3170 auid=4294967295 uid=10062 gid=10062 euid=10062 suid=10062 fsuid=10062 egid=10062 sgid=10062 fsgid=10062 tty=(none) ses=4294967295 exe="/system/bin/app_process64" subj=u:r:untrusted_app:s0:c512,c768 key=(null)
11-09 16:42:46.891  3077  3077 W auditd  : type=1327 audit(0.0:123): proctitle="com.android.inputmethod.latin"
11-09 16:42:46.891  3077  3077 W auditd  : type=1320 audit(0.0:123): 
11-09 16:42:46.902  3609  3609 I ActivityManager: Start proc 4793:WebViewLoader-armeabi-v7a/1037 [android.webkit.WebViewFactory$RelroFileCreator] for 
11-09 16:42:46.907  4773  4773 W System  : ClassLoader referenced unknown path: /system/priv-app/SystemUI/lib/arm64
11-09 16:42:46.915  4773  4773 I ndroid.systemui: type=1400 audit(0.0:124): avc: denied { write } for name="com.android.systemui" dev="sda24" ino=3121236 scontext=u:r:platform_app:s0:c512,c768 tcontext=u:object_r:system_data_file:s0 tclass=dir permissive=1
11-09 16:42:46.915  4773  4773 I ndroid.systemui: type=1400 audit(0.0:124): avc: denied { add_name } for name="cache" scontext=u:r:platform_app:s0:c512,c768 tcontext=u:object_r:system_data_file:s0 tclass=dir permissive=1
11-09 16:42:46.915  4773  4773 I ndroid.systemui: type=1400 audit(0.0:124): avc: denied { create } for name="cache" scontext=u:r:platform_app:s0:c512,c768 tcontext=u:object_r:system_data_file:s0:c512,c768 tclass=dir permissive=1
11-09 16:42:46.915  4773  4773 W ndroid.systemui: type=1300 audit(0.0:124): arch=c00000b7 syscall=34 success=yes exit=0 a0=ffffff9c a1=7f95b994a0 a2=1f9 a3=2a items=0 ppid=3170 auid=4294967295 uid=10033 gid=10033 euid=10033 suid=10033 fsuid=10033 egid=10033 sgid=10033 fsgid=10033 tty=(none) ses=4294967295 exe="/system/bin/app_process64" subj=u:r:platform_app:s0:c512,c768 key=(null)
11-09 16:42:46.915  3077  3077 W auditd  : type=1327 audit(0.0:124): proctitle="com.android.systemui"
11-09 16:42:46.915  3077  3077 W auditd  : type=1320 audit(0.0:124): 
11-09 16:42:46.915  4773  4773 I ndroid.systemui: type=1400 audit(0.0:125): avc: denied { setattr } for name="cache" dev="sda24" ino=3121255 scontext=u:r:platform_app:s0:c512,c768 tcontext=u:object_r:system_data_file:s0:c512,c768 tclass=dir permissive=1
11-09 16:42:46.915  4773  4773 W ndroid.systemui: type=1300 audit(0.0:125): arch=c00000b7 syscall=53 success=yes exit=0 a0=ffffff9c a1=7f95b994a0 a2=1f9 a3=0 items=0 ppid=3170 auid=4294967295 uid=10033 gid=10033 euid=10033 suid=10033 fsuid=10033 egid=10033 sgid=10033 fsgid=10033 tty=(none) ses=4294967295 exe="/system/bin/app_process64" subj=u:r:platform_app:s0:c512,c768 key=(null)
11-09 16:42:46.915  3077  3077 W auditd  : type=1327 audit(0.0:125): proctitle="com.android.systemui"
11-09 16:42:46.915  3077  3077 W auditd  : type=1320 audit(0.0:125): 
11-09 16:42:46.917  3609  3609 I ActivityManager: Start proc 4804:WebViewLoader-arm64-v8a/1037 [android.webkit.WebViewFactory$RelroFileCreator] for 
11-09 16:42:46.919  4773  4773 I ndroid.systemui: type=1400 audit(0.0:126): avc: denied { write } for name="com.android.systemui" dev="sda24" ino=3121236 scontext=u:r:platform_app:s0:c512,c768 tcontext=u:object_r:system_data_file:s0 tclass=dir permissive=1
11-09 16:42:46.919  4773  4773 I ndroid.systemui: type=1400 audit(0.0:126): avc: denied { add_name } for name="code_cache" scontext=u:r:platform_app:s0:c512,c768 tcontext=u:object_r:system_data_file:s0 tclass=dir permissive=1
11-09 16:42:46.919  4773  4773 W ndroid.systemui: type=1300 audit(0.0:126): arch=c00000b7 syscall=34 success=yes exit=0 a0=ffffff9c a1=7f95b994a0 a2=1f9 a3=2f items=0 ppid=3170 auid=4294967295 uid=10033 gid=10033 euid=10033 suid=10033 fsuid=10033 egid=10033 sgid=10033 fsgid=10033 tty=(none) ses=4294967295 exe="/system/bin/app_process64" subj=u:r:platform_app:s0:c512,c768 key=(null)
11-09 16:42:46.919  3077  3077 W auditd  : type=1327 audit(0.0:126): proctitle="com.android.systemui"
11-09 16:42:46.919  3077  3077 W auditd  : type=1320 audit(0.0:126): 
11-09 16:42:46.920  3609  3609 D NetworkManagement: enabling bandwidth control
11-09 16:42:46.924  4793  4793 V WebViewFactory: RelroFileCreator (64bit = false),  32-bit lib: /system/app/webview/webview.apk!/lib/armeabi-v7a/libwebviewchromium.so, 64-bit lib: /system/app/webview/webview.apk!/lib/arm64-v8a/libwebviewchromium.so
11-09 16:42:46.928  3067  3136 V vold    : Waiting for FUSE to spin up...
11-09 16:42:46.941  4740  4740 D BluetoothAdapterService: onCreate()
11-09 16:42:46.941  4740  4740 I BluetoothVendorJni: classInitNative: succeeds
11-09 16:42:46.941  4740  4740 D BluetoothAdapterState: make() - Creating AdapterState
11-09 16:42:46.943  4740  4740 I bt_btif : init
11-09 16:42:46.943  4740  4823 W bt_osi_thread: run_thread: thread id 4823, thread name stack_manager started
11-09 16:42:46.943  4740  4823 I bt_stack_manager: event_init_stack is initializing the stack
11-09 16:42:46.943  4740  4823 I bt_core_module: module_init Initializing module "osi_module"
11-09 16:42:46.944  4740  4823 I bt_core_module: module_init Initialized module "osi_module"
11-09 16:42:46.944  4740  4823 I bt_core_module: module_init Initializing module "bt_utils_module"
11-09 16:42:46.944  4740  4823 I bt_utils: init_soc_type
11-09 16:42:46.944  4740  4823 I bt_utils: qcom.bluetooth.soc set to rome
11-09 16:42:46.944  4740  4823 I bt_core_module: module_init Initialized module "bt_utils_module"
11-09 16:42:46.944  4740  4823 I bt_core_module: module_init Initializing module "btif_config_module"
11-09 16:42:46.948  4740  4820 I BluetoothAdapterState: Entering OffState
11-09 16:42:46.949  4773  4773 V SystemUIService: Starting SystemUI services for user 0.
11-09 16:42:46.951  4804  4804 V WebViewFactory: RelroFileCreator (64bit = true),  32-bit lib: /system/app/webview/webview.apk!/lib/armeabi-v7a/libwebviewchromium.so, 64-bit lib: /system/app/webview/webview.apk!/lib/arm64-v8a/libwebviewchromium.so
11-09 16:42:46.959  4793  4793 I art     : System.exit called, status: 0
11-09 16:42:46.959  4793  4793 I AndroidRuntime: VM exiting with result code 0, cleanup skipped.
11-09 16:42:46.963  4773  4773 V MediaRouter: Adding route: RouteInfo{ name=Phone, description=null, status=null, category=RouteCategory{ name=null types=ROUTE_TYPE_LIVE_AUDIO ROUTE_TYPE_LIVE_VIDEO  groupable=false }, supportedTypes=ROUTE_TYPE_LIVE_AUDIO ROUTE_TYPE_LIVE_VIDEO , presentationDisplay=null }
11-09 16:42:46.966  4773  4773 V MediaRouter: Updating audio routes: AudioRoutesInfo{ type=SPEAKER }
11-09 16:42:46.969  4773  4773 V MediaRouter: Selecting route: RouteInfo{ name=Phone, description=null, status=null, category=RouteCategory{ name=null types=ROUTE_TYPE_LIVE_AUDIO ROUTE_TYPE_LIVE_VIDEO  groupable=false }, supportedTypes=ROUTE_TYPE_LIVE_AUDIO ROUTE_TYPE_LIVE_VIDEO , presentationDisplay=null }
11-09 16:42:46.978  3067  3136 V vold    : Waiting for FUSE to spin up...
11-09 16:42:46.983  4756  4756 I LatinIME: Hardware accelerated drawing: true
11-09 16:42:46.994  4791  4791 W sdcard  : Device explicitly disabled sdcardfs
11-09 16:42:46.995  3609  4788 I chatty  : uid=1000(system) SoundPoolThread expire 1 line
11-09 16:42:47.001  4773  4832 E WVMExtractor: Failed to open libwvm.so: dlopen failed: library "libwvm.so" not found
11-09 16:42:47.004  4740  4823 E bt_osi_config: config_new unable to open file '/data/misc/bluedroid/bt_config.conf': No such file or directory
11-09 16:42:47.004  4740  4823 W %s unable to load config file: %s; using backup.: init
11-09 16:42:47.004  4740  4823 E bt_osi_config: config_new unable to open file '/data/misc/bluedroid/bt_config.bak': No such file or directory
11-09 16:42:47.004  4740  4823 W %s unable to load backup; attempting to transcode legacy file.: init
11-09 16:42:47.004  4740  4823 E %s unable to load XML file '%s': %d: config_t *btif_config_transcode(const char *)
11-09 16:42:47.004  4740  4823 E %s unable to transcode legacy file; creating empty config.: init
11-09 16:42:47.005  4740  4842 W bt_osi_thread: run_thread: thread id 4842, thread name alarm_default_ca started
11-09 16:42:47.009  4740  4843 W bt_osi_thread: run_thread: thread id 4843, thread name alarm_dispatcher started
11-09 16:42:47.009  4740  4823 I bt_core_module: module_init Initialized module "btif_config_module"
11-09 16:42:47.009  4740  4823 I bt_core_module: module_init Initializing module "interop_module"
11-09 16:42:47.009  4740  4823 I bt_core_module: module_init Initialized module "interop_module"
11-09 16:42:47.009  4740  4823 I bt_core_module: module_init Initializing module "stack_config_module"
11-09 16:42:47.009  4740  4823 I bt_stack_config: init attempt to load stack conf from /etc/bluetooth/bt_stack.conf
11-09 16:42:47.011  4740  4823 I bt_core_module: module_init Initialized module "stack_config_module"
11-09 16:42:47.014  4740  4848 W bt_osi_thread: run_thread: thread id 4848, thread name bt_jni_workqueue started
11-09 16:42:47.014  4740  4823 I bt_stack_manager: event_init_stack finished
11-09 16:42:47.015  4740  4740 I bt_btif : get_profile_interface socket
11-09 16:42:47.016  4740  4848 D BluetoothAdapterProperties: Address is:90:06:28:83:34:F4
11-09 16:42:47.017  3609  4772 I chatty  : uid=1000(system) Binder:3609_4 expire 27 lines
11-09 16:42:47.019  4740  4740 I bt_btif : get_profile_interface sdp
11-09 16:42:47.020  4740  4848 D BluetoothAdapterProperties: Name is: Samsung Galaxy S8+
11-09 16:42:47.023  4740  4740 I bt_btif : get_profile_interface vendor
11-09 16:42:47.023  4740  4740 D BluetoothAdapterService: setAdapterService() - set to: null
11-09 16:42:47.024  4740  4740 D BluetoothAdapterService: onBind()
11-09 16:42:47.029  3609  4034 D VoldConnector: RCV <- {651 emulated 2}
11-09 16:42:47.029  3609  4034 D VoldConnector: RCV <- {200 33 Command succeeded}
11-09 16:42:47.042  4773  4773 I vol.Events: writeEvent collection_started
11-09 16:42:47.051  4773  4851 I vol.Events: writeEvent external_ringer_mode_changed normal
11-09 16:42:47.051  4773  4851 I vol.Events: writeEvent internal_ringer_mode_changed normal
11-09 16:42:47.058  3179  3179 I MediaPlayerService: MediaPlayerService::getOMX
11-09 16:42:47.068  4804  4804 I art     : System.exit called, status: 0
11-09 16:42:47.068  4804  4804 I AndroidRuntime: VM exiting with result code 0, cleanup skipped.
11-09 16:42:47.077  3179  3179 I EXYNOS_COMP_REGS: Loading the library: libOMX.Exynos.AVC.Decoder.so
11-09 16:42:47.096  4773  4851 I vol.Events: writeEvent level_changed STREAM_ALARM 6
11-09 16:42:47.098  4773  4851 I vol.Events: writeEvent level_changed STREAM_BLUETOOTH_SCO 7
11-09 16:42:47.099  3179  3179 I EXYNOS_COMP_REGS: Loading the library: libOMX.Exynos.AVC.Encoder.so
11-09 16:42:47.102  4773  4851 I vol.Events: writeEvent level_changed STREAM_MUSIC 11
11-09 16:42:47.106  4773  4851 I vol.Events: writeEvent level_changed STREAM_RING 5
11-09 16:42:47.107  4773  4851 I vol.Events: writeEvent level_changed STREAM_SYSTEM 5
11-09 16:42:47.113  4773  4851 I vol.Events: writeEvent level_changed STREAM_VOICE_CALL 4
11-09 16:42:47.115  3179  3179 I EXYNOS_COMP_REGS: Loading the library: libOMX.Exynos.HEVC.Decoder.so
11-09 16:42:47.122  3179  3179 I EXYNOS_COMP_REGS: Loading the library: libOMX.Exynos.HEVC.Encoder.so
11-09 16:42:47.124  3179  3179 I EXYNOS_COMP_REGS: Loading the library: libOMX.Exynos.MPEG4.Decoder.so
11-09 16:42:47.127  3179  3179 I EXYNOS_COMP_REGS: Loading the library: libOMX.Exynos.MPEG4.Encoder.so
11-09 16:42:47.129  3179  3179 I EXYNOS_COMP_REGS: Loading the library: libOMX.Exynos.VP8.Decoder.so
11-09 16:42:47.131  3179  3179 I EXYNOS_COMP_REGS: Loading the library: libOMX.Exynos.VP8.Encoder.so
11-09 16:42:47.134  3179  3179 I EXYNOS_COMP_REGS: Loading the library: libOMX.Exynos.VP9.Decoder.so
11-09 16:42:47.136  3179  3179 I EXYNOS_COMP_REGS: Loading the library: libOMX.Exynos.VP9.Encoder.so
11-09 16:42:47.139  3179  3179 I EXYNOS_COMP_REGS: Loading the library: libOMX.Exynos.WMV.Decoder.so
11-09 16:42:47.148  3176  3176 I EXYNOS_COMP_REGS: Loading the library: libOMX.Exynos.AVC.Decoder.so
11-09 16:42:47.150  3176  3176 I EXYNOS_COMP_REGS: Loading the library: libOMX.Exynos.AVC.Encoder.so
11-09 16:42:47.151  3176  3176 I EXYNOS_COMP_REGS: Loading the library: libOMX.Exynos.HEVC.Decoder.so
11-09 16:42:47.153  3176  3176 I EXYNOS_COMP_REGS: Loading the library: libOMX.Exynos.HEVC.Encoder.so
11-09 16:42:47.155  3176  3176 I EXYNOS_COMP_REGS: Loading the library: libOMX.Exynos.MPEG4.Decoder.so
11-09 16:42:47.156  3176  3176 I EXYNOS_COMP_REGS: Loading the library: libOMX.Exynos.MPEG4.Encoder.so
11-09 16:42:47.158  3176  3176 I EXYNOS_COMP_REGS: Loading the library: libOMX.Exynos.VP8.Decoder.so
11-09 16:42:47.160  3176  3176 I EXYNOS_COMP_REGS: Loading the library: libOMX.Exynos.VP8.Encoder.so
11-09 16:42:47.162  3176  3176 I EXYNOS_COMP_REGS: Loading the library: libOMX.Exynos.VP9.Decoder.so
11-09 16:42:47.163  3176  3176 I EXYNOS_COMP_REGS: Loading the library: libOMX.Exynos.VP9.Encoder.so
11-09 16:42:47.165  3176  3176 I EXYNOS_COMP_REGS: Loading the library: libOMX.Exynos.WMV.Decoder.so
11-09 16:42:47.177  3609  3609 D NetworkPolicy: setRestrictBackgroundUL(): false
11-09 16:42:47.198  3179  3179 I OMXClient: MuxOMX ctor
11-09 16:42:47.200  3179  3179 I MediaPlayerService: MediaPlayerService::getOMX
11-09 16:42:47.201  3179  3179 I OMXClient: MuxOMX ctor
11-09 16:42:47.202  3176  3176 I OMXMaster: makeComponentInstance(OMX.Exynos.MPEG4.Decoder) in mediacodec process
11-09 16:42:47.205  3176  3176 D libexynosv4l2: try node: /dev/video6
11-09 16:42:47.205  3176  3176 I libexynosv4l2: node found for device s5p-mfc-dec: /dev/video6
11-09 16:42:47.224  4773  4773 D StorageNotification: Notifying about private volume: VolumeInfo{private}:
11-09 16:42:47.224  4773  4773 D StorageNotification:     type=PRIVATE diskId=null partGuid=null mountFlags=0 mountUserId=-1 
11-09 16:42:47.224  4773  4773 D StorageNotification:     state=MOUNTED 
11-09 16:42:47.224  4773  4773 D StorageNotification:     fsType=null fsUuid=null fsLabel=null 
11-09 16:42:47.224  4773  4773 D StorageNotification:     path=/data internalPath=null 
11-09 16:42:47.227  4756  4756 W InputAttributes: No editor info for this field. Bug?
11-09 16:42:47.238  3176  3176 I libexynosv4l2: open video device /dev/video6
11-09 16:42:47.243  4756  4878 I LatinIME:LogUtils: Dictionary info: dictionary = userunigram.en_US ; version = 1510256567 ; date = ?
11-09 16:42:47.245  4756  4878 E ActivityThread: Failed to find provider info for user_dictionary
11-09 16:42:47.246  4756  4878 I LatinIME:LogUtils: Dictionary info: dictionary = UserHistoryDictionary.en_US ; version = 1510256567 ; date = ?
11-09 16:42:47.256  3176  3176 E OMXNodeInstance: getExtensionIndex(c680001:Exynos.MPEG4.Decoder, OMX.google.android.index.configureVideoTunnelMode) ERROR: BadParameter(0x80001005)
11-09 16:42:47.260  3179  3179 I MediaPlayerService: MediaPlayerService::getOMX
11-09 16:42:47.263  3179  3179 I OMXClient: MuxOMX ctor
11-09 16:42:47.264  3176  3176 I OMXMaster: makeComponentInstance(OMX.Exynos.H263.Decoder) in mediacodec process
11-09 16:42:47.265  3176  3176 D libexynosv4l2: try node: /dev/video6
11-09 16:42:47.265  3176  3176 I libexynosv4l2: node found for device s5p-mfc-dec: /dev/video6
11-09 16:42:47.288  3609  4772 I StatusBarManagerService: registerStatusBar bar=com.android.internal.statusbar.IStatusBar$Stub$Proxy@e691706
11-09 16:42:47.294  3176  3176 I libexynosv4l2: open video device /dev/video6
11-09 16:42:47.302  3176  3176 E OMXNodeInstance: getExtensionIndex(c680002:Exynos.H263.Decoder, OMX.google.android.index.configureVideoTunnelMode) ERROR: BadParameter(0x80001005)
11-09 16:42:47.304  3179  3179 I MediaPlayerService: MediaPlayerService::getOMX
11-09 16:42:47.306  3179  3179 I OMXClient: MuxOMX ctor
11-09 16:42:47.306  3176  3176 I OMXMaster: makeComponentInstance(OMX.Exynos.AVC.Decoder) in mediacodec process
11-09 16:42:47.307  3176  3176 D libexynosv4l2: try node: /dev/video6
11-09 16:42:47.307  3176  3176 I libexynosv4l2: node found for device s5p-mfc-dec: /dev/video6
11-09 16:42:47.336  3176  3176 I libexynosv4l2: open video device /dev/video6
11-09 16:42:47.349  3179  3179 W ACodec  : [OMX.Exynos.AVC.Decoder] stopping checking profiles after 32: 2/8000
11-09 16:42:47.351  3176  3176 E OMXNodeInstance: getExtensionIndex(c680003:Exynos.AVC.Decoder, OMX.google.android.index.configureVideoTunnelMode) ERROR: BadParameter(0x80001005)
11-09 16:42:47.353  3179  3179 I MediaPlayerService: MediaPlayerService::getOMX
11-09 16:42:47.354  3179  3179 I OMXClient: MuxOMX ctor
11-09 16:42:47.354  3176  3176 I OMXMaster: makeComponentInstance(OMX.Exynos.avc.dec.secure) in mediacodec process
11-09 16:42:47.355  3176  3176 D libexynosv4l2: try node: /dev/video6
11-09 16:42:47.356  3176  3176 I libexynosv4l2: node found for device s5p-mfc-dec: /dev/video6
11-09 16:42:47.356  3609  3609 I SystemServiceManager: Starting phase 600
11-09 16:42:47.370  4756  4878 I BinaryDictionaryFileDumper: reinitializeClientRecordInDictionaryContentProvider() : MetadataFileUri = 
11-09 16:42:47.384  3609  3609 D GestureLauncherService: Gesture launcher mEmergencyNumber = 112 hits = 3
11-09 16:42:47.384  3609  3609 D SensorNotificationService: Cannot obtain dynamic meta sensor, not supported.
11-09 16:42:47.385  3176  3176 I libexynosv4l2: open video device /dev/video6
11-09 16:42:47.385  3176  3176 I EXYNOS_VIDEO_OSAL: [Exynos_OSAL_OMX2VideoFormat] color format(0x7f000012)/plane type(0x11) is not supported
11-09 16:42:47.386  3176  3176 I EXYNOS_VIDEO_OSAL: [Exynos_OSAL_OMX2VideoFormat] color format(0x7f000011)/plane type(0x11) is not supported
11-09 16:42:47.387  3609  4662 I chatty  : uid=1000(system) NetworkStats expire 2 lines
11-09 16:42:47.387  3609  3609 D BrokerableCMSystemService: Third party apps ready
11-09 16:42:47.387  3609  3609 I BrokerableCMSystemService: Connecting to implementation
11-09 16:42:47.388  3609  3609 W ContextImpl: Calling a method in the system process without a qualified user: android.app.ContextImpl.bindService:1421 org.cyanogenmod.platform.internal.BrokerableCMSystemService.tryConnecting:199 org.cyanogenmod.platform.internal.BrokerableCMSystemService.onBootPhase:127 org.cyanogenmod.platform.internal.CMAudioServiceBroker.onBootPhase:58 com.android.server.SystemServiceManager.startBootPhase:143 
11-09 16:42:47.394  3179  3179 W ACodec  : [OMX.Exynos.avc.dec.secure] stopping checking profiles after 32: 2/8000
11-09 16:42:47.395  3176  3205 W Exynos_OSAL_Android: [0xf508a000][Exynos_OSAL_GetParameter] requested on secure codec
11-09 16:42:47.396  3176  3176 W Exynos_OSAL_Android: [0xf508a000][Exynos_OSAL_GetParameter] requested on secure codec
11-09 16:42:47.396  3176  3176 E OMXNodeInstance: getExtensionIndex(c680004:Exynos.avc.dec.secure, OMX.google.android.index.configureVideoTunnelMode) ERROR: BadParameter(0x80001005)
11-09 16:42:47.397  3179  3179 I MediaPlayerService: MediaPlayerService::getOMX
11-09 16:42:47.398  3179  3179 I OMXClient: MuxOMX ctor
11-09 16:42:47.398  3176  3176 I OMXMaster: makeComponentInstance(OMX.Exynos.VP8.Decoder) in mediacodec process
11-09 16:42:47.398  3609  3609 I ActivityManager: Start proc 4894:org.cyanogenmod.cmaudio.service/u0a2 for service org.cyanogenmod.cmaudio.service/.CMAudioService
11-09 16:42:47.401  3176  3176 D libexynosv4l2: try node: /dev/video6
11-09 16:42:47.401  3176  3176 I libexynosv4l2: node found for device s5p-mfc-dec: /dev/video6
11-09 16:42:47.404  4773  4773 W System  : ClassLoader referenced unknown path: 
11-09 16:42:47.405  4773  4773 D ApplicationLoaders: ignored Vulkan layer search path /system/app/Camera2/lib/arm64:/system/app/Camera2/Camera2.apk!/lib/arm64-v8a:/system/lib64:/vendor/lib64 for namespace 0x7fa3d440f0
11-09 16:42:47.408  3609  3609 W LocationManagerService: no network location provider found
11-09 16:42:47.410  3609  3609 E LocationManagerService: no geocoder provider found
11-09 16:42:47.410  3609  3609 D LocationManagerService: FLP HAL not supported
11-09 16:42:47.411  3609  3609 D LocationManagerService: Unable to bind FLP Geofence proxy.
11-09 16:42:47.411  3609  3609 D LocationManagerService: Hardware Activity-Recognition not supported.
11-09 16:42:47.412  3609  3609 D LocationManagerService: Unable to bind ActivityRecognitionProxy.
11-09 16:42:47.417  3609  4032 I chatty  : uid=1000(system) InputReader expire 5 lines
11-09 16:42:47.424  3609  3668 I chatty  : uid=1000(system) android.bg expire 32 lines
11-09 16:42:47.424  3609  3609 I MmsServiceBroker: Delay connecting to MmsService until an API is called
11-09 16:42:47.425  3609  3609 W VoiceInteractionManagerService: no available voice interaction services found for user 0
11-09 16:42:47.425  3609  3609 W VoiceInteractionManagerService: no available voice recognition services found for user 0
11-09 16:42:47.430  3176  3176 I libexynosv4l2: open video device /dev/video6
11-09 16:42:47.436  3176  3176 E OMXNodeInstance: getExtensionIndex(c680005:Exynos.VP8.Decoder, OMX.google.android.index.configureVideoTunnelMode) ERROR: BadParameter(0x80001005)
11-09 16:42:47.440  3609  3609 I ActivityManager: Start proc 4912:com.android.phone/1001 for added application com.android.phone
11-09 16:42:47.440  3609  3609 I ActivityManager: START u0 {act=android.intent.action.MAIN cat=[android.intent.category.HOME] flg=0x10000100 cmp=com.android.settings/.CryptKeeper} from uid 0 on display 0
11-09 16:42:47.442  3179  3179 I MediaPlayerService: MediaPlayerService::getOMX
11-09 16:42:47.443  3179  3179 I OMXClient: MuxOMX ctor
11-09 16:42:47.444  3176  3176 I OMXMaster: makeComponentInstance(OMX.Exynos.HEVC.Decoder) in mediacodec process
11-09 16:42:47.444  3609  3609 I ActivityManager: Loaded persisted task ids for user 0
11-09 16:42:47.445  3176  3176 D libexynosv4l2: try node: /dev/video6
11-09 16:42:47.445  3176  3176 I libexynosv4l2: node found for device s5p-mfc-dec: /dev/video6
11-09 16:42:47.468  3609  3609 I ActivityManager: Start proc 4926:com.android.settings:CryptKeeper/1000 for activity com.android.settings/.CryptKeeper
11-09 16:42:47.469  3609  3670 W WindowManager: Keyguard drawn timeout. Setting mKeyguardDrawComplete
11-09 16:42:47.469  3609  3609 I SystemServer: Enabled StrictMode for system server main thread.
11-09 16:42:47.475  3176  3176 I libexynosv4l2: open video device /dev/video6
11-09 16:42:47.475  3609  3676 W LocalDisplayAdapter: Unable to find color mode 0, ignoring request.
11-09 16:42:47.476  3609  3609 D ConditionProviders.SCP: onConnected
11-09 16:42:47.489  3179  3179 W ACodec  : [OMX.Exynos.HEVC.Decoder] stopping checking profiles after 32: 2/400
11-09 16:42:47.492  3176  3176 E OMXNodeInstance: getExtensionIndex(c680006:Exynos.HEVC.Decoder, OMX.google.android.index.configureVideoTunnelMode) ERROR: BadParameter(0x80001005)
11-09 16:42:47.498  3179  3179 I MediaPlayerService: MediaPlayerService::getOMX
11-09 16:42:47.500  3179  3179 I OMXClient: MuxOMX ctor
11-09 16:42:47.500  3176  3176 I OMXMaster: makeComponentInstance(OMX.Exynos.VP9.Decoder) in mediacodec process
11-09 16:42:47.501  3609  3609 W ContextImpl: Calling a method in the system process without a qualified user: android.app.ContextImpl.startService:1357 com.android.server.content.SyncManager$13.run:658 android.os.Handler.handleCallback:751 android.os.Handler.dispatchMessage:95 android.os.Looper.loop:154 
11-09 16:42:47.502  3176  3176 D libexynosv4l2: try node: /dev/video6
11-09 16:42:47.502  3176  3176 I libexynosv4l2: node found for device s5p-mfc-dec: /dev/video6
11-09 16:42:47.502  3609  3609 D ZenLog  : set_zen_mode: off,cleanUpZenRules
11-09 16:42:47.508  3609  4669 I chatty  : uid=1000(system) WifiScanningSer expire 3 lines
11-09 16:42:47.514  3609  4670 I chatty  : uid=1000(system) WifiRttService expire 2 lines
11-09 16:42:47.515  3609  3609 D ConditionProviders: Subscribing to condition://android/schedule?days=6.7&start=23.30&end=10.0&exitAtAlarm=false with ComponentInfo{android/com.android.server.notification.ScheduleConditionProvider}
11-09 16:42:47.515  3609  3609 D ZenLog  : subscribe: condition://android/schedule?days=6.7&start=23.30&end=10.0&exitAtAlarm=false,ok
11-09 16:42:47.516  3609  3609 D ConditionProviders: Subscribing to condition://android/schedule?days=1.2.3.4.5&start=22.0&end=7.0&exitAtAlarm=false with ComponentInfo{android/com.android.server.notification.ScheduleConditionProvider}
11-09 16:42:47.516  3609  3609 D ZenLog  : subscribe: condition://android/schedule?days=1.2.3.4.5&start=22.0&end=7.0&exitAtAlarm=false,ok
11-09 16:42:47.516  3609  3609 D ConditionProviders: Subscribing to condition://android/event?userId=-10000&calendar=&reply=1 with ComponentInfo{android/com.android.server.notification.EventConditionProvider}
11-09 16:42:47.516  3609  3609 D ZenLog  : subscribe: condition://android/event?userId=-10000&calendar=&reply=1,ok
11-09 16:42:47.525  4912  4912 I chatty  : uid=1001(radio) com.android.phone expire 274 lines
11-09 16:42:47.531  3176  3176 I libexynosv4l2: open video device /dev/video6
11-09 16:42:47.532  4756  4878 I LatinIME:LogUtils: Dictionary info: dictionary = main:bg ; version = 1 ; date = 1457766000
11-09 16:42:47.533  3176  3176 E EXYNOS_VP9_DEC: [0xf508a000][GetIndexToProfileLevel] supported profile(1), level(1)
11-09 16:42:47.533  3176  3205 E EXYNOS_VP9_DEC: [0xf508a000][GetIndexToProfileLevel] supported profile(1), level(2)
11-09 16:42:47.533  3176  3176 E EXYNOS_VP9_DEC: [0xf508a000][GetIndexToProfileLevel] supported profile(1), level(4)
11-09 16:42:47.534  3176  3205 E EXYNOS_VP9_DEC: [0xf508a000][GetIndexToProfileLevel] supported profile(1), level(8)
11-09 16:42:47.534  3176  3176 E EXYNOS_VP9_DEC: [0xf508a000][GetIndexToProfileLevel] supported profile(1), level(10)
11-09 16:42:47.534  3176  3205 E EXYNOS_VP9_DEC: [0xf508a000][GetIndexToProfileLevel] supported profile(1), level(20)
11-09 16:42:47.534  3176  3176 E EXYNOS_VP9_DEC: [0xf508a000][GetIndexToProfileLevel] supported profile(1), level(40)
11-09 16:42:47.534  3176  3205 E EXYNOS_VP9_DEC: [0xf508a000][GetIndexToProfileLevel] supported profile(1), level(80)
11-09 16:42:47.536  3176  3176 E OMXNodeInstance: getExtensionIndex(c680007:Exynos.VP9.Decoder, OMX.google.android.index.configureVideoTunnelMode) ERROR: BadParameter(0x80001005)
11-09 16:42:47.538  3179  3179 I MediaPlayerService: MediaPlayerService::getOMX
11-09 16:42:47.538  3179  3179 I OMXClient: MuxOMX ctor
11-09 16:42:47.538  3176  3176 I OMXMaster: makeComponentInstance(OMX.Exynos.AVC.Encoder) in mediacodec process
11-09 16:42:47.539  3176  3176 D libexynosv4l2: try node: /dev/video6
11-09 16:42:47.539  3176  3176 D libexynosv4l2: try node: /dev/video7
11-09 16:42:47.539  3176  3176 I libexynosv4l2: node found for device s5p-mfc-enc: /dev/video7
11-09 16:42:47.541  3609  4865 W WallpaperManagerService: no current wallpaper -- first boot?
11-09 16:42:47.541  4756  4878 I LatinIME:LogUtils: Dictionary info: dictionary = main:cs ; version = 44 ; date = 1393228134
11-09 16:42:47.548  4756  4878 I LatinIME:LogUtils: Dictionary info: dictionary = main:da ; version = 44 ; date = 1393228134
11-09 16:42:47.560  3609  3619 I chatty  : uid=1000(system) HeapTaskDaemon expire 2 lines
11-09 16:42:47.568  3176  3176 I libexynosv4l2: open video device /dev/video7
11-09 16:42:47.569  4756  4878 I LatinIME:LogUtils: Dictionary info: dictionary = main:de ; version = 54 ; date = 1414726263
11-09 16:42:47.572  4756  4878 I LatinIME:LogUtils: Dictionary info: dictionary = main:el ; version = 44 ; date = 1393228134
11-09 16:42:47.574  4756  4878 I LatinIME:LogUtils: Dictionary info: dictionary = main:en ; version = 54 ; date = 1414726273
11-09 16:42:47.575  3609  4772 W ActivityManager: Slow operation: 55ms so far, now at attachApplicationLocked: after mServices.attachApplicationLocked
11-09 16:42:47.575  3609  3676 I SingleHandAdapter: onChange..
11-09 16:42:47.576  3609  3676 I SingleHandAdapter: updateSingleHandMode value:  cur: 
11-09 16:42:47.576  3179  3179 W ACodec  : [OMX.Exynos.AVC.Encoder] stopping checking profiles after 32: 2/8000
11-09 16:42:47.580  3609  3676 W LocalDisplayAdapter: Unable to find color mode 0, ignoring request.
11-09 16:42:47.582  3179  3179 W ACodec  : do not know color format 0x7f000011 = 2130706449
11-09 16:42:47.582  4756  4878 I LatinIME:LogUtils: Dictionary info: dictionary = main:es ; version = 54 ; date = 1414726268
11-09 16:42:47.582  3179  3179 W ACodec  : do not know color format 0x10 = 16
11-09 16:42:47.582  4773  4773 D ClockController: onTuningChanged key=cmsystem:status_bar_clock value=null
11-09 16:42:47.583  3179  3179 W ACodec  : do not know color format 0x7f00a000 = 2130747392
11-09 16:42:47.584  3179  3179 W ACodec  : do not know color format 0x7f000789 = 2130708361
11-09 16:42:47.584  3179  3179 W ACodec  : do not know color format 0x7f000012 = 2130706450
11-09 16:42:47.586  4756  4878 I LatinIME:LogUtils: Dictionary info: dictionary = main:fi ; version = 44 ; date = 1393228135
11-09 16:42:47.587  3176  3205 E OMXNodeInstance: getConfig(c680008:Exynos.AVC.Encoder, ConfigAndroidIntraRefresh(0x6f60000a)) ERROR: UnsupportedIndex(0x8000101a)
11-09 16:42:47.588  4773  4773 D ClockController: onTuningChanged key=cmsystem:status_bar_am_pm value=null
11-09 16:42:47.589  3179  3179 I MediaPlayerService: MediaPlayerService::getOMX
11-09 16:42:47.590  4773  4773 D ClockController: onTuningChanged key=clock_seconds value=null
11-09 16:42:47.590  3179  3179 I OMXClient: MuxOMX ctor
11-09 16:42:47.590  3176  3176 I OMXMaster: makeComponentInstance(OMX.Exynos.H263.Encoder) in mediacodec process
11-09 16:42:47.590  3176  3176 D libexynosv4l2: try node: /dev/video6
11-09 16:42:47.591  3176  3176 D libexynosv4l2: try node: /dev/video7
11-09 16:42:47.591  3176  3176 I libexynosv4l2: node found for device s5p-mfc-enc: /dev/video7
11-09 16:42:47.591  4926  4926 W System  : ClassLoader referenced unknown path: /system/priv-app/Settings/lib/arm64
11-09 16:42:47.604  4756  4878 I LatinIME:LogUtils: Dictionary info: dictionary = main:fr ; version = 54 ; date = 1414726264
11-09 16:42:47.619  3176  3176 I libexynosv4l2: open video device /dev/video7
11-09 16:42:47.622  3179  3179 W ACodec  : do not know color format 0x7f000011 = 2130706449
11-09 16:42:47.623  3179  3179 W ACodec  : do not know color format 0x10 = 16
11-09 16:42:47.623  3179  3179 W ACodec  : do not know color format 0x7f00a000 = 2130747392
11-09 16:42:47.623  3179  3179 W ACodec  : do not know color format 0x7f000789 = 2130708361
11-09 16:42:47.624  3179  3179 W ACodec  : do not know color format 0x7f000012 = 2130706450
11-09 16:42:47.624  3176  3205 E OMXNodeInstance: getConfig(c680009:Exynos.H263.Encoder, ConfigAndroidIntraRefresh(0x6f60000a)) ERROR: UnsupportedIndex(0x8000101a)
11-09 16:42:47.625  3179  3179 I MediaPlayerService: MediaPlayerService::getOMX
11-09 16:42:47.626  3179  3179 I OMXClient: MuxOMX ctor
11-09 16:42:47.626  3176  3176 I OMXMaster: makeComponentInstance(OMX.Exynos.MPEG4.Encoder) in mediacodec process
11-09 16:42:47.627  3176  3176 D libexynosv4l2: try node: /dev/video6
11-09 16:42:47.627  3176  3176 D libexynosv4l2: try node: /dev/video7
11-09 16:42:47.627  3176  3176 I libexynosv4l2: node found for device s5p-mfc-enc: /dev/video7
11-09 16:42:47.634  4773  4773 D LocalBluetoothProfileManager: Adding local MAP profile
11-09 16:42:47.635  4773  4773 D BluetoothMap: Create BluetoothMap proxy object
11-09 16:42:47.636  4756  4878 I LatinIME:LogUtils: Dictionary info: dictionary = main:hr ; version = 44 ; date = 1393228135
11-09 16:42:47.637  4773  4773 D LocalBluetoothProfileManager: LocalBluetoothProfileManager construction complete
11-09 16:42:47.643  4773  4773 I CameraManagerGlobal: Connecting to camera service
11-09 16:42:47.644  3165  3165 E CameraService: getCameraVendorTagDescriptor: camera hardware module doesn't exist
11-09 16:42:47.653  4926  4926 D CryptKeeper: Disabling component ComponentInfo{com.android.settings/com.android.settings.CryptKeeper}
11-09 16:42:47.656  3609  4771 I ActivityManager: START u0 {act=android.intent.action.MAIN cat=[android.intent.category.HOME] flg=0x10000100 cmp=com.android.settings/.FallbackHome} from uid 0 on display 0
11-09 16:42:47.656  3176  3176 I libexynosv4l2: open video device /dev/video7
11-09 16:42:47.662  3179  3179 W ACodec  : do not know color format 0x7f000011 = 2130706449
11-09 16:42:47.663  3179  3179 W ACodec  : do not know color format 0x10 = 16
11-09 16:42:47.663  3179  3179 W ACodec  : do not know color format 0x7f00a000 = 2130747392
11-09 16:42:47.664  3179  3179 W ACodec  : do not know color format 0x7f000789 = 2130708361
11-09 16:42:47.664  3179  3179 W ACodec  : do not know color format 0x7f000012 = 2130706450
11-09 16:42:47.664  3176  3205 E OMXNodeInstance: getConfig(c68000a:Exynos.MPEG4.Encoder, ConfigAndroidIntraRefresh(0x6f60000a)) ERROR: UnsupportedIndex(0x8000101a)
11-09 16:42:47.665  3179  3179 I MediaPlayerService: MediaPlayerService::getOMX
11-09 16:42:47.667  4756  4878 I LatinIME:LogUtils: Dictionary info: dictionary = main:hu ; version = 1 ; date = 1473269900
11-09 16:42:47.668  3179  3179 I OMXClient: MuxOMX ctor
11-09 16:42:47.668  3176  3176 I OMXMaster: makeComponentInstance(OMX.Exynos.VP8.Encoder) in mediacodec process
11-09 16:42:47.668  3609  4771 I ActivityManager: Start proc 4968:com.android.settings/1000 for activity com.android.settings/.FallbackHome
11-09 16:42:47.669  3176  3176 D libexynosv4l2: try node: /dev/video6
11-09 16:42:47.669  3176  3176 D libexynosv4l2: try node: /dev/video7
11-09 16:42:47.669  3176  3176 I libexynosv4l2: node found for device s5p-mfc-enc: /dev/video7
11-09 16:42:47.672  4756  4878 I LatinIME:LogUtils: Dictionary info: dictionary = main:it ; version = 54 ; date = 1414726258
11-09 16:42:47.684  3609  4865 I ActivityManager: Start proc 4982:org.cyanogenmod.weather.provider/u0a32 for content provider org.cyanogenmod.weather.provider/.WeatherContentProvider
11-09 16:42:47.692  3148  3184 D PermissionCache: checking android.permission.READ_FRAME_BUFFER for uid=1000 => granted (1086 us)
11-09 16:42:47.698  3176  3176 I libexynosv4l2: open video device /dev/video7
11-09 16:42:47.712  3179  3179 W ACodec  : do not know color format 0x7f000011 = 2130706449
11-09 16:42:47.713  3179  3179 W ACodec  : do not know color format 0x10 = 16
11-09 16:42:47.714  3179  3179 W ACodec  : do not know color format 0x7f00a000 = 2130747392
11-09 16:42:47.714  3179  3179 W ACodec  : do not know color format 0x7f000789 = 2130708361
11-09 16:42:47.715  3179  3179 W ACodec  : do not know color format 0x7f000012 = 2130706450
11-09 16:42:47.715  3176  3205 E OMXNodeInstance: getConfig(c68000b:Exynos.VP8.Encoder, ConfigAndroidIntraRefresh(0x6f60000a)) ERROR: UnsupportedIndex(0x8000101a)
11-09 16:42:47.717  3179  3179 I MediaPlayerService: MediaPlayerService::getOMX
11-09 16:42:47.718  3179  3179 I OMXClient: MuxOMX ctor
11-09 16:42:47.718  3176  3176 I OMXMaster: makeComponentInstance(OMX.Exynos.HEVC.Encoder) in mediacodec process
11-09 16:42:47.718  4756  4878 I LatinIME:LogUtils: Dictionary info: dictionary = main:iw ; version = 44 ; date = 1393228136
11-09 16:42:47.719  3176  3176 D libexynosv4l2: try node: /dev/video6
11-09 16:42:47.719  3176  3176 D libexynosv4l2: try node: /dev/video7
11-09 16:42:47.719  3176  3176 I libexynosv4l2: node found for device s5p-mfc-enc: /dev/video7
11-09 16:42:47.734  4968  4968 W System  : ClassLoader referenced unknown path: /system/priv-app/Settings/lib/arm64
11-09 16:42:47.734  4982  4982 W System  : ClassLoader referenced unknown path: /system/priv-app/WeatherProvider/lib/arm64
11-09 16:42:47.735  3609  5002 I chatty  : uid=1000(system) Thread-5 expire 2 lines
11-09 16:42:47.749  3176  3176 I libexynosv4l2: open video device /dev/video7
11-09 16:42:47.758  3179  3179 W ACodec  : [OMX.Exynos.HEVC.Encoder] stopping checking profiles after 32: 2/400
11-09 16:42:47.760  3179  3179 W ACodec  : do not know color format 0x7f000011 = 2130706449
11-09 16:42:47.760  3179  3179 W ACodec  : do not know color format 0x10 = 16
11-09 16:42:47.762  3179  3179 W ACodec  : do not know color format 0x7f00a000 = 2130747392
11-09 16:42:47.766  3179  3179 W ACodec  : do not know color format 0x7f000789 = 2130708361
11-09 16:42:47.767  3179  3179 W ACodec  : do not know color format 0x7f000012 = 2130706450
11-09 16:42:47.767  3176  3205 E OMXNodeInstance: getConfig(c68000c:Exynos.HEVC.Encoder, ConfigAndroidIntraRefresh(0x6f60000a)) ERROR: UnsupportedIndex(0x8000101a)
11-09 16:42:47.771  3179  3179 I MediaPlayerService: MediaPlayerService::getOMX
11-09 16:42:47.772  3179  3179 I OMXClient: MuxOMX ctor
11-09 16:42:47.772  3176  3176 I OMXMaster: makeComponentInstance(OMX.google.mpeg4.decoder) in mediacodec process
11-09 16:42:47.773  4756  4878 I LatinIME:LogUtils: Dictionary info: dictionary = main:lb ; version = 1 ; date = 1380519383
