09-16 11:59:43.065  3928  3928 I dex2oat : dex2oat took 107.804ms (threads: 8) arena alloc=1724KB (1765424B) java alloc=456KB (467848B) native alloc=1435KB (1469696B) free=4MB (4821760B)
09-16 11:59:43.068  3692  3692 E art     : DexFile_getDexOptNeeded file '/system/framework/org.apache.http.legacy.jar' does not exist
09-16 11:59:43.068  3692  3692 W PackageManager: Library not found: /system/framework/org.apache.http.legacy.jar
09-16 11:59:43.084  3937  3937 I dex2oat : /system/bin/dex2oat --compiler-filter=speed
09-16 11:59:43.112  3937  3937 I dex2oat : dex2oat took 27.668ms (threads: 8) arena alloc=564KB (578536B) java alloc=80KB (82096B) native alloc=1177KB (1205368B) free=2MB (2988936B)
09-16 11:59:43.130  3946  3946 I dex2oat : /system/bin/dex2oat --compiler-filter=speed
09-16 11:59:43.157  3946  3946 I dex2oat : dex2oat took 27.852ms (threads: 8) arena alloc=323KB (331304B) java alloc=109KB (112560B) native alloc=1116KB (1142888B) free=2MB (2527128B)
09-16 11:59:43.175  3955  3955 I dex2oat : /system/bin/dex2oat --compiler-filter=speed
09-16 11:59:43.197  3955  3955 I dex2oat : dex2oat took 21.817ms (threads: 8) arena alloc=102KB (105336B) java alloc=67KB (69312B) native alloc=1037KB (1061888B) free=1523KB (1559552B)
09-16 11:59:43.199  3692  3692 D PackageManager: No files in app dir /vendor/overlay
09-16 11:59:43.200  3692  3692 D PackageManager: start scanDirLI:/system/framework
09-16 11:59:43.200  3692  3692 D PackageManager: max thread:6
09-16 11:59:43.227  3692  3965 I PackageManager: /system/framework/org.cyanogenmod.platform-res.apk changed; collecting certs
09-16 11:59:43.240  3692  3965 W PackageManager: Permission cyanogenmod.permission.WRITE_ALARMS from package cyanogenmod.platform in an unknown group android.permission-group.SYSTEM_CLOCK
09-16 11:59:43.240  3692  3965 W PackageManager: Permission cyanogenmod.permission.MANAGE_ALARMS from package cyanogenmod.platform in an unknown group android.permission-group.SYSTEM_CLOCK
09-16 11:59:43.240  3692  3965 W PackageManager: Permission cyanogenmod.permission.READ_ALARMS from package cyanogenmod.platform in an unknown group android.permission-group.SYSTEM_CLOCK
09-16 11:59:43.290  3692  3964 I PackageManager: /system/framework/framework-res.apk changed; collecting certs
09-16 11:59:43.383  3692  3692 D PackageManager: end scanDirLI:/system/framework
09-16 11:59:43.386  3692  3692 D PackageManager: start scanDirLI:/system/priv-app
09-16 11:59:43.386  3692  3692 D PackageManager: max thread:6
09-16 11:59:43.401  3692  3968 I PackageManager: /system/priv-app/BlockedNumberProvider changed; collecting certs
09-16 11:59:43.401  3692  3964 I PackageManager: /system/priv-app/CMSettingsProvider changed; collecting certs
09-16 11:59:43.402  3692  3967 I PackageManager: /system/priv-app/BackupRestoreConfirmation changed; collecting certs
09-16 11:59:43.403  3692  3969 I PackageManager: /system/priv-app/CMAudioService changed; collecting certs
09-16 11:59:43.404  3692  3966 I PackageManager: /system/priv-app/AudioFX changed; collecting certs
09-16 11:59:43.406  3692  3968 I PackageManager: New shared user android.uid.shared: id=10000
09-16 11:59:43.416  3692  3965 I PackageManager: /system/priv-app/CMParts changed; collecting certs
09-16 11:59:43.418  3692  3968 I PackageManager: /system/priv-app/CalendarProvider changed; collecting certs
09-16 11:59:43.420  3692  3964 I PackageManager: /system/priv-app/CallLogBackup changed; collecting certs
09-16 11:59:43.422  3692  3967 I PackageManager: /system/priv-app/CarrierConfig changed; collecting certs
09-16 11:59:43.422  3692  3968 I PackageManager: New shared user android.uid.calendar: id=10004
09-16 11:59:43.435  3692  3967 I PackageManager: /system/priv-app/DefaultContainerService changed; collecting certs
09-16 11:59:43.436  3692  3969 I PackageManager: /system/priv-app/CellBroadcastReceiver changed; collecting certs
09-16 11:59:43.438  3692  3964 I PackageManager: /system/priv-app/CtsShimPrivPrebuilt changed; collecting certs
09-16 11:59:43.439  3692  3968 I PackageManager: /system/priv-app/ContactsProvider changed; collecting certs
09-16 11:59:43.455  3692  3967 I PackageManager: /system/priv-app/DocumentsUI changed; collecting certs
09-16 11:59:43.455  3692  3966 W PackageParser: No actions in intent filter at /system/priv-app/Contacts/Contacts.apk Binary XML file line #431
09-16 11:59:43.458  3692  3964 I PackageManager: /system/priv-app/DownloadProvider changed; collecting certs
09-16 11:59:43.462  3692  3966 I PackageManager: /system/priv-app/Contacts changed; collecting certs
09-16 11:59:43.468  3692  3964 I PackageManager: New shared user android.media: id=10009
09-16 11:59:43.469  3692  3968 I PackageManager: /system/priv-app/Eleven changed; collecting certs
09-16 11:59:43.471  3692  3964 W PackageManager: Permission android.permission.DOWNLOAD_WITHOUT_NOTIFICATION from package com.android.providers.downloads in an unknown group android.permission-group.NETWORK
09-16 11:59:43.474  3692  3965 W PackageParser: No actions in intent filter at /system/priv-app/Dialer/Dialer.apk Binary XML file line #207
09-16 11:59:43.475  3692  3969 I PackageManager: /system/priv-app/EmergencyInfo changed; collecting certs
09-16 11:59:43.475  3692  3964 I PackageManager: /system/priv-app/ExtServices changed; collecting certs
09-16 11:59:43.480  3692  3965 I PackageManager: /system/priv-app/Dialer changed; collecting certs
09-16 11:59:43.485  3692  3967 I PackageManager: /system/priv-app/ExternalStorageProvider changed; collecting certs
09-16 11:59:43.490  3692  3969 I PackageManager: New shared user com.android.emergency.uid: id=10013
09-16 11:59:43.492  3692  3964 I PackageManager: /system/priv-app/FusedLocation changed; collecting certs
09-16 11:59:43.509  3692  3969 I PackageManager: /system/priv-app/InputDevices changed; collecting certs
09-16 11:59:43.517  3692  3966 I PackageManager: /system/priv-app/MediaProvider changed; collecting certs
09-16 11:59:43.524  3692  3968 I PackageManager: /system/priv-app/ManagedProvisioning changed; collecting certs
09-16 11:59:43.525  3692  3964 I PackageManager: /system/priv-app/LineageSetupWizard changed; collecting certs
09-16 11:59:43.534  3692  3967 I PackageManager: /system/priv-app/Gallery2 changed; collecting certs
09-16 11:59:43.536  3692  3969 I PackageManager: /system/priv-app/MmsService changed; collecting certs
09-16 11:59:43.538  3692  3966 I PackageManager: /system/priv-app/MtpDocumentsProvider changed; collecting certs
09-16 11:59:43.542  3692  3965 I PackageManager: /system/priv-app/OneTimeInitializer changed; collecting certs
09-16 11:59:43.546  3692  3964 I PackageManager: /system/priv-app/ProxyHandler changed; collecting certs
09-16 11:59:43.559  3692  3966 I PackageManager: /system/priv-app/Recorder changed; collecting certs
09-16 11:59:43.560  3692  3964 I PackageManager: /system/priv-app/SharedStorageBackup changed; collecting certs
09-16 11:59:43.566  3692  3965 I PackageManager: /system/priv-app/SettingsProvider changed; collecting certs
09-16 11:59:43.573  3692  3968 I PackageManager: /system/priv-app/PackageInstaller changed; collecting certs
09-16 11:59:43.574  3692  3966 I PackageManager: /system/priv-app/StatementService changed; collecting certs
09-16 11:59:43.579  3692  3964 W PackageParser: Ignoring duplicate uses-permissions/uses-permissions-sdk-m: android.permission.INSTALL_GRANT_RUNTIME_PERMISSIONS in package: com.android.shell at: Binary XML file line #102
09-16 11:59:43.583  3692  3964 I PackageManager: /system/priv-app/Shell changed; collecting certs
09-16 11:59:43.590  3692  3966 I PackageManager: /system/priv-app/Tag changed; collecting certs
09-16 11:59:43.596  3692  3967 I PackageManager: /system/priv-app/StorageManager changed; collecting certs
09-16 11:59:43.610  3692  3966 I PackageManager: /system/priv-app/TelephonyProvider changed; collecting certs
09-16 11:59:43.614  3692  3965 W PackageParser: Ignoring duplicate uses-permissions/uses-permissions-sdk-m: android.permission.CONFIGURE_WIFI_DISPLAY in package: com.android.systemui at: Binary XML file line #117
09-16 11:59:43.618  3692  3968 I PackageManager: /system/priv-app/Telecom changed; collecting certs
09-16 11:59:43.627  3692  3965 I PackageManager: /system/priv-app/SystemUI changed; collecting certs
09-16 11:59:43.629  3692  3969 W PackageParser: Ignoring duplicate uses-permissions/uses-permissions-sdk-m: android.permission.USE_CREDENTIALS in package: com.android.settings at: Binary XML file line #56
09-16 11:59:43.630  3692  3969 W PackageParser: Ignoring duplicate uses-permissions/uses-permissions-sdk-m: android.permission.READ_SYNC_SETTINGS in package: com.android.settings at: Binary XML file line #61
09-16 11:59:43.630  3692  3969 W PackageParser: Ignoring duplicate uses-permissions/uses-permissions-sdk-m: android.permission.WRITE_SYNC_SETTINGS in package: com.android.settings at: Binary XML file line #62
09-16 11:59:43.637  3692  3967 I PackageManager: /system/priv-app/Updater changed; collecting certs
09-16 11:59:43.642  3692  3966 I PackageManager: /system/priv-app/Trebuchet changed; collecting certs
09-16 11:59:43.645  3692  3968 I PackageManager: /system/priv-app/VpnDialogs changed; collecting certs
09-16 11:59:43.656  3692  3966 W PackageManager: Permission com.android.launcher.permission.INSTALL_SHORTCUT from package com.cyanogenmod.trebuchet in an unknown group android.permission-group.SYSTEM_TOOLS
09-16 11:59:43.657  3692  3966 W PackageManager: Permission com.android.launcher3.permission.READ_SETTINGS from package com.cyanogenmod.trebuchet in an unknown group android.permission-group.SYSTEM_TOOLS
09-16 11:59:43.657  3692  3966 W PackageManager: Permission com.android.launcher3.permission.WRITE_SETTINGS from package com.cyanogenmod.trebuchet in an unknown group android.permission-group.SYSTEM_TOOLS
09-16 11:59:43.657  3692  3964 I PackageManager: /system/priv-app/TeleService changed; collecting certs
09-16 11:59:43.659  3692  3968 I PackageManager: /system/priv-app/WallpaperCropper changed; collecting certs
09-16 11:59:43.664  3692  3966 I PackageManager: /system/priv-app/WeatherManagerService changed; collecting certs
09-16 11:59:43.669  3692  3967 I PackageManager: /system/priv-app/WeatherProvider changed; collecting certs
09-16 11:59:43.670  3692  3965 I PackageManager: New shared user android.uid.systemui: id=10032
09-16 11:59:43.749  3692  3969 I PackageManager: /system/priv-app/Settings changed; collecting certs
09-16 11:59:43.837  3692  3692 D PackageManager: end scanDirLI:/system/priv-app
09-16 11:59:43.838  3692  3692 D PackageManager: start scanDirLI:/system/app
09-16 11:59:43.838  3692  3692 D PackageManager: max thread:6
09-16 11:59:43.845  3692  3966 I PackageManager: /system/app/BasicDreams changed; collecting certs
09-16 11:59:43.847  3692  3964 I PackageManager: /system/app/BookmarkProvider changed; collecting certs
09-16 11:59:43.848  3692  3967 I PackageManager: /system/app/BluetoothMidiService changed; collecting certs
09-16 11:59:43.860  3692  3968 I PackageManager: /system/app/AdvancedDisplay changed; collecting certs
09-16 11:59:43.863  3692  3967 I PackageManager: /system/app/CertInstaller changed; collecting certs
09-16 11:59:43.863  3692  3965 W PackageParser: No actions in intent filter at /system/app/Bluetooth/Bluetooth.apk Binary XML file line #226
09-16 11:59:43.864  3692  3966 I PackageManager: /system/app/Camera2 changed; collecting certs
09-16 11:59:43.865  3692  3964 I PackageManager: /system/app/CaptivePortalLogin changed; collecting certs
09-16 11:59:43.865  3692  3969 I PackageManager: /system/app/Calendar changed; collecting certs
09-16 11:59:43.867  3692  3965 I PackageManager: /system/app/Bluetooth changed; collecting certs
09-16 11:59:43.879  3692  3967 I PackageManager: /system/app/CtsShimPrebuilt changed; collecting certs
09-16 11:59:43.881  3692  3969 W PackageManager: Non-privileged app; cap priority to 0; package: com.android.calendar activity: com.android.calendar.GoogleCalendarUriIntentFilter origPrio: 50
09-16 11:59:43.884  3692  3967 W PackageManager: Non-privileged app; cap priority to 0; package: com.android.cts.ctsshim activity: com.android.cts.ctsshim.InstallPriority origPrio: 100
09-16 11:59:43.884  3692  3967 W PackageManager: Non-privileged app; cap priority to 0; package: com.android.cts.ctsshim activity: com.android.cts.ctsshim.InstallPriority origPrio: 100
09-16 11:59:43.884  3692  3967 W PackageManager: Non-privileged app; cap priority to 0; package: com.android.cts.ctsshim activity: com.android.cts.ctsshim.InstallPriority origPrio: 100
09-16 11:59:43.884  3692  3967 W PackageManager: Non-privileged app; cap priority to 0; package: com.android.cts.ctsshim activity: com.android.cts.ctsshim.InstallPriority origPrio: 100
09-16 11:59:43.884  3692  3967 W PackageManager: Non-privileged app; cap priority to 0; package: com.android.cts.ctsshim activity: com.android.cts.ctsshim.InstallPriority origPrio: 100
09-16 11:59:43.889  3692  3969 I PackageManager: /system/app/DownloadProviderUi changed; collecting certs
09-16 11:59:43.890  3692  3967 I PackageManager: /system/app/EasterEgg changed; collecting certs
09-16 11:59:43.897  3692  3964 W PackageParser: Ignoring duplicate uses-permissions/uses-permissions-sdk-m: android.permission.WRITE_SETTINGS in package: com.android.deskclock at: Binary XML file line #45
09-16 11:59:43.902  3692  3967 I PackageManager: /system/app/ExtShared changed; collecting certs
09-16 11:59:43.904  3692  3969 I PackageManager: /system/app/ExactCalculator changed; collecting certs
09-16 11:59:43.906  3692  3966 I PackageManager: /system/app/Exchange2 changed; collecting certs
09-16 11:59:43.908  3692  3968 I PackageManager: /system/app/Development changed; collecting certs
09-16 11:59:43.917  3692  3967 I PackageManager: /system/app/HTMLViewer changed; collecting certs
09-16 11:59:43.919  3692  3964 I PackageManager: /system/app/DeskClock changed; collecting certs
09-16 11:59:43.920  3692  3966 I PackageManager: /system/app/KeyChain changed; collecting certs
09-16 11:59:43.929  3692  3969 I PackageManager: /system/app/Jelly changed; collecting certs
09-16 11:59:43.938  3692  3967 I PackageManager: /system/app/LiveWallpapersPicker changed; collecting certs
09-16 11:59:43.941  3692  3965 I PackageManager: /system/app/Email changed; collecting certs
09-16 11:59:43.945  3692  3964 W PackageParser: Ignoring duplicate uses-permissions/uses-permissions-sdk-m: android.permission.CHANGE_WIFI_STATE in package: com.android.nfc at: Binary XML file line #47
09-16 11:59:43.945  3692  3964 W PackageParser: Ignoring duplicate uses-permissions/uses-permissions-sdk-m: android.permission.ACCESS_WIFI_STATE in package: com.android.nfc at: Binary XML file line #48
09-16 11:59:43.945  3692  3966 I PackageManager: /system/app/LockClock changed; collecting certs
09-16 11:59:43.950  3692  3964 I PackageManager: /system/app/NfcNci changed; collecting certs
09-16 11:59:43.953  3692  3969 I PackageManager: /system/app/PacProcessor changed; collecting certs
09-16 11:59:43.958  3692  3967 I PackageManager: /system/app/PhotoTable changed; collecting certs
09-16 11:59:43.966  3692  3964 I PackageManager: /system/app/PrintRecommendationService changed; collecting certs
09-16 11:59:43.967  3692  3968 I PackageManager: /system/app/LatinIME changed; collecting certs
09-16 11:59:43.970  3692  3969 I PackageManager: /system/app/PicoTts changed; collecting certs
09-16 11:59:43.982  3692  3965 W PackageManager: Permission com.android.email.permission.READ_ATTACHMENT from package com.android.email in an unknown group android.permission-group.MESSAGES
09-16 11:59:43.983  3692  3966 I PackageManager: /system/app/PrintSpooler changed; collecting certs
09-16 11:59:43.983  3692  3964 I PackageManager: /system/app/RootPA changed; collecting certs
09-16 11:59:43.984  3692  3967 I PackageManager: /system/app/Profiles changed; collecting certs
09-16 11:59:43.988  3692  3969 I PackageManager: /system/app/Stk changed; collecting certs
09-16 11:59:43.995  3692  3967 I PackageManager: /system/app/UserDictionaryProvider changed; collecting certs
09-16 11:59:43.996  3692  3965 I PackageManager: /system/app/Terminal changed; collecting certs
09-16 11:59:44.000  3692  3966 I PackageManager: /system/app/WallpaperBackup changed; collecting certs
09-16 11:59:44.000  3692  3964 I PackageManager: /system/app/WAPPushManager changed; collecting certs
09-16 11:59:44.001  3692  3967 W PackageManager: Failed to parse /system/app/mcRegistry: Missing base APK in /system/app/mcRegistry
09-16 11:59:44.009  3692  3965 I PackageManager: /system/app/telresources changed; collecting certs
09-16 11:59:44.009  3692  3969 I PackageManager: /system/app/WallpaperPicker changed; collecting certs
09-16 11:59:44.025  3692  3964 I PackageManager: /system/app/webview changed; collecting certs
09-16 11:59:44.039  3692  3967 I PackageManager: /system/app/messaging changed; collecting certs
09-16 11:59:44.350  3692  3692 D PackageManager: end scanDirLI:/system/app
09-16 11:59:44.350  3692  3692 D PackageManager: No files in app dir /system/vendor/app
09-16 11:59:44.350  3692  3692 D PackageManager: No files in app dir /oem/app
09-16 11:59:44.354  3692  3692 D PackageManager: No files in app dir /data/app
09-16 11:59:44.354  3692  3692 D PackageManager: No files in app dir /data/app-private
09-16 11:59:44.354  3692  3692 D PackageManager: No files in app dir /data/app-ephemeral
09-16 11:59:44.357  3692  3692 E PackageManager: There should probably be exactly one setup wizard; found 0: matches=[]
09-16 11:59:44.357  3692  3692 W PackageManager: Protected action; cap priority to 0; package: com.android.cts.priv.ctsshim activity: com.android.cts.priv.ctsshim.InstallPriority origPrio: 100
09-16 11:59:44.357  3692  3692 W PackageManager: Protected action; cap priority to 0; package: com.android.cts.priv.ctsshim activity: com.android.cts.priv.ctsshim.InstallPriority origPrio: 100
09-16 11:59:44.357  3692  3692 W PackageManager: Protected action; cap priority to 0; package: com.android.cts.priv.ctsshim activity: com.android.cts.priv.ctsshim.InstallPriority origPrio: 100
09-16 11:59:44.357  3692  3692 W PackageManager: Protected action; cap priority to 0; package: com.android.cts.priv.ctsshim activity: com.android.cts.priv.ctsshim.InstallPriority origPrio: 100
09-16 11:59:44.357  3692  3692 W PackageManager: Protected action; cap priority to 0; package: com.android.packageinstaller activity: com.android.packageinstaller.PackageInstallerActivity origPrio: 1
09-16 11:59:44.358  3692  3692 W PackageManager: Package com.android.gallery3d desires unavailable shared library com.google.android.media.effects; ignoring!
09-16 11:59:44.358  3692  3692 W PackageManager: Package com.android.gallery3d desires unavailable shared library com.google.android.media.effects; ignoring!
09-16 11:59:44.358  3692  3692 I PackageManager: Adjusting ABI for com.android.providers.media to arm64-v8a (requirer=com.android.mtp, scannedPackage=null)
09-16 11:59:44.359  3692  3692 I PackageManager: Adjusting ABI for com.android.providers.downloads.ui to arm64-v8a (requirer=com.android.mtp, scannedPackage=null)
09-16 11:59:44.359  3692  3692 I PackageManager: Adjusting ABI for com.android.providers.downloads to arm64-v8a (requirer=com.android.mtp, scannedPackage=null)
09-16 11:59:44.360  3692  3692 I PackageManager: Adjusting ABI for com.android.wallpaperbackup to arm64-v8a (requirer=android, scannedPackage=null)
09-16 11:59:44.360  3692  3692 I PackageManager: Adjusting ABI for org.cyanogenmod.cmparts to arm64-v8a (requirer=android, scannedPackage=null)
09-16 11:59:44.361  3692  3692 I PackageManager: Adjusting ABI for com.android.location.fused to arm64-v8a (requirer=android, scannedPackage=null)
09-16 11:59:44.361  3692  3692 I PackageManager: Adjusting ABI for org.cyanogenmod.cmsettings to arm64-v8a (requirer=android, scannedPackage=null)
09-16 11:59:44.362  3692  3692 I PackageManager: Adjusting ABI for com.android.settings to arm64-v8a (requirer=android, scannedPackage=null)
09-16 11:59:44.362  3692  3692 I PackageManager: Adjusting ABI for com.cyanogenmod.setupwizard to arm64-v8a (requirer=android, scannedPackage=null)
09-16 11:59:44.362  3692  3692 I PackageManager: Adjusting ABI for com.android.keychain to arm64-v8a (requirer=android, scannedPackage=null)
09-16 11:59:44.363  3692  3692 I PackageManager: Adjusting ABI for com.android.server.telecom to arm64-v8a (requirer=android, scannedPackage=null)
09-16 11:59:44.363  3692  3692 I PackageManager: Adjusting ABI for com.android.development to arm64-v8a (requirer=android, scannedPackage=null)
09-16 11:59:44.363  3692  3692 I PackageManager: Adjusting ABI for com.cyanogenmod.settings.device to arm64-v8a (requirer=android, scannedPackage=null)
09-16 11:59:44.364  3692  3692 I PackageManager: Adjusting ABI for com.android.inputdevices to arm64-v8a (requirer=android, scannedPackage=null)
09-16 11:59:44.364  3692  3692 I PackageManager: Adjusting ABI for cyanogenmod.platform to arm64-v8a (requirer=android, scannedPackage=null)
09-16 11:59:44.364  3263  3263 E         : invalid apk path '/system/framework/org.cyanogenmod.platform-res.apk' (bad prefix)
09-16 11:59:44.365  3692  3692 I PackageManager: Adjusting ABI for com.android.providers.settings to arm64-v8a (requirer=android, scannedPackage=null)
09-16 11:59:44.366  3692  3692 I PackageManager: Time to scan packages: 2.68 seconds
09-16 11:59:44.368  3692  3692 W PackageManager: Unknown permission com.google.android.googleapps.permission.GOOGLE_AUTH in package com.android.providers.calendar
09-16 11:59:44.368  3692  3692 W PackageManager: Unknown permission com.google.android.googleapps.permission.GOOGLE_AUTH.cl in package com.android.providers.calendar
09-16 11:59:44.374  3692  3692 W PackageManager: Unknown permission cyanogenmod.permission.LEGALESE in package com.cyanogenmod.setupwizard
09-16 11:59:44.376  3692  3692 W PackageManager: Unknown permission com.android.gallery3d.permission.STORAGE_CHANGE in package com.android.camera2
09-16 11:59:44.377  3692  3692 W PackageManager: Unknown permission android.permission.NFC_UNLOCK in package com.android.nfc
09-16 11:59:44.380  3692  3692 W PackageManager: Unknown permission com.google.android.googleapps.permission.GOOGLE_AUTH.mail in package com.android.calendar
09-16 11:59:44.381  3692  3692 W PackageManager: Unknown permission com.android.launcher.permission.READ_SETTINGS in package com.android.onetimeinitializer
09-16 11:59:44.381  3692  3692 W PackageManager: Unknown permission com.android.launcher.permission.WRITE_SETTINGS in package com.android.onetimeinitializer
09-16 11:59:44.387  3692  3692 W PackageManager: Unknown permission com.android.launcher.permission.READ_SETTINGS in package com.cyanogenmod.trebuchet
09-16 11:59:44.387  3692  3692 W PackageManager: Unknown permission com.android.launcher.permission.WRITE_SETTINGS in package com.cyanogenmod.trebuchet
09-16 11:59:44.389  3692  3692 W PackageManager: Unknown permission com.google.android.permission.INSTALL_WEARABLE_PACKAGES in package com.android.packageinstaller
09-16 11:59:44.389  3692  3692 W PackageManager: Not granting permission android.permission.DELETE_PACKAGES to package com.svox.pico (protectionLevel=18 flags=0x3808be45)
09-16 11:59:44.391  3692  3692 W PackageManager: Unknown permission com.google.android.gallery3d.permission.PICASA_STORE in package com.android.dreams.phototable
09-16 11:59:44.393  3692  3692 W PackageManager: Unknown permission com.google.android.googleapps.permission.GOOGLE_AUTH in package com.android.settings
09-16 11:59:44.394  3692  3692 W PackageManager: Unknown permission com.android.launcher.permission.READ_SETTINGS in package com.android.settings
09-16 11:59:44.394  3692  3692 W PackageManager: Unknown permission com.android.launcher.permission.WRITE_SETTINGS in package com.android.settings
09-16 11:59:44.407  3692  3692 W PackageManager: Not granting permission android.permission.MANAGE_DOCUMENTS to package com.android.deskclock (protectionLevel=2 flags=0x3c49be45)
09-16 11:59:44.407  3692  3692 W PackageManager: Unknown permission com.android.deskclock.worldclock.permissions.WRITE_DATABASE in package com.android.deskclock
09-16 11:59:44.407  3692  3692 W PackageManager: Unknown permission org.codeaurora.permission.POWER_ON_ALERT in package com.android.deskclock
09-16 11:59:44.407  3692  3692 W PackageManager: Not granting permission android.permission.WRITE_SECURE_SETTINGS to package com.android.deskclock (protectionLevel=50 flags=0x3c49be45)
09-16 11:59:44.413  3692  3692 W PackageManager: Unknown permission com.cyanogenmod.lockclock.permission.READ_WEATHER in package com.android.systemui
09-16 11:59:44.416  3692  3692 W PackageManager: Unknown permission com.google.android.gallery3d.permission.GALLERY_PROVIDER in package com.android.bluetooth
09-16 11:59:44.418  3692  3692 W PackageManager: Unknown permission com.google.android.googleapps.permission.ACCESS_GOOGLE_PASSWORD in package com.android.development
09-16 11:59:44.418  3692  3692 W PackageManager: Unknown permission com.google.android.googleapps.permission.GOOGLE_AUTH in package com.android.development
09-16 11:59:44.418  3692  3692 W PackageManager: Unknown permission com.google.android.googleapps.permission.GOOGLE_AUTH.ALL_SERVICES in package com.android.development
09-16 11:59:44.418  3692  3692 W PackageManager: Unknown permission com.google.android.googleapps.permission.GOOGLE_AUTH.YouTubeUser in package com.android.development
09-16 11:59:44.420  3692  3692 V PackageManager: reconcileAppsData for null u0 0x3
09-16 11:59:44.421  3263  3263 I SELinux : SELinux: Loaded file_contexts contexts from /file_contexts.bin.
09-16 11:59:44.421  3263  3263 D installd: Detected label change from u:object_r:system_data_file:s0 to u:object_r:app_data_file:s0:c512,c768 at /data/data/com.android.cts.priv.ctsshim; running recursive restorecon
09-16 11:59:44.423  3263  3263 D installd: Detected label change from u:object_r:system_data_file:s0 to u:object_r:app_data_file:s0:c512,c768 at /data/user_de/0/com.android.cts.priv.ctsshim; running recursive restorecon
09-16 11:59:44.425  3263  3263 D installd: Detected label change from u:object_r:system_data_file:s0 to u:object_r:app_data_file:s0:c512,c768 at /data/data/com.gd.mobicore.pa; running recursive restorecon
09-16 11:59:44.426  3263  3263 D installd: Detected label change from u:object_r:system_data_file:s0 to u:object_r:app_data_file:s0:c512,c768 at /data/user_de/0/com.gd.mobicore.pa; running recursive restorecon
09-16 11:59:44.428  3263  3263 D installd: Detected label change from u:object_r:system_data_file:s0 to u:object_r:radio_data_file:s0 at /data/data/com.android.providers.telephony; running recursive restorecon
09-16 11:59:44.428  3263  3263 D installd: Detected label change from u:object_r:system_data_file:s0 to u:object_r:radio_data_file:s0 at /data/user_de/0/com.android.providers.telephony; running recursive restorecon
09-16 11:59:44.430  3263  3263 D installd: Detected label change from u:object_r:system_data_file:s0 to u:object_r:app_data_file:s0:c512,c768 at /data/data/com.android.providers.calendar; running recursive restorecon
09-16 11:59:44.431  3263  3263 D installd: Detected label change from u:object_r:system_data_file:s0 to u:object_r:app_data_file:s0:c512,c768 at /data/user_de/0/com.android.providers.calendar; running recursive restorecon
09-16 11:59:44.433  3263  3263 D installd: Detected label change from u:object_r:system_data_file:s0 to u:object_r:app_data_file:s0:c512,c768 at /data/data/com.android.providers.media; running recursive restorecon
09-16 11:59:44.433  3263  3263 D installd: Detected label change from u:object_r:system_data_file:s0 to u:object_r:app_data_file:s0:c512,c768 at /data/user_de/0/com.android.providers.media; running recursive restorecon
09-16 11:59:44.435  3263  3263 D installd: Detected label change from u:object_r:system_data_file:s0 to u:object_r:app_data_file:s0:c512,c768 at /data/data/com.android.wallpapercropper; running recursive restorecon
09-16 11:59:44.436  3263  3263 D installd: Detected label change from u:object_r:system_data_file:s0 to u:object_r:app_data_file:s0:c512,c768 at /data/user_de/0/com.android.wallpapercropper; running recursive restorecon
09-16 11:59:44.437  3263  3263 D installd: Detected label change from u:object_r:system_data_file:s0 to u:object_r:app_data_file:s0:c512,c768 at /data/data/com.android.documentsui; running recursive restorecon
09-16 11:59:44.438  3263  3263 D installd: Detected label change from u:object_r:system_data_file:s0 to u:object_r:app_data_file:s0:c512,c768 at /data/user_de/0/com.android.documentsui; running recursive restorecon
09-16 11:59:44.440  3263  3263 D installd: Detected label change from u:object_r:system_data_file:s0 to u:object_r:app_data_file:s0:c512,c768 at /data/data/com.android.externalstorage; running recursive restorecon
09-16 11:59:44.440  3263  3263 D installd: Detected label change from u:object_r:system_data_file:s0 to u:object_r:app_data_file:s0:c512,c768 at /data/user_de/0/com.android.externalstorage; running recursive restorecon
09-16 11:59:44.442  3263  3263 D installd: Detected label change from u:object_r:system_data_file:s0 to u:object_r:app_data_file:s0:c512,c768 at /data/data/com.android.htmlviewer; running recursive restorecon
09-16 11:59:44.443  3263  3263 D installd: Detected label change from u:object_r:system_data_file:s0 to u:object_r:app_data_file:s0:c512,c768 at /data/user_de/0/com.android.htmlviewer; running recursive restorecon
09-16 11:59:44.445  3263  3263 D installd: Detected label change from u:object_r:system_data_file:s0 to u:object_r:radio_data_file:s0 at /data/data/com.android.mms.service; running recursive restorecon
09-16 11:59:44.445  3263  3263 D installd: Detected label change from u:object_r:system_data_file:s0 to u:object_r:radio_data_file:s0 at /data/user_de/0/com.android.mms.service; running recursive restorecon
09-16 11:59:44.447  3263  3263 D installd: Detected label change from u:object_r:system_data_file:s0 to u:object_r:app_data_file:s0:c512,c768 at /data/data/com.android.providers.downloads; running recursive restorecon
09-16 11:59:44.448  3263  3263 D installd: Detected label change from u:object_r:system_data_file:s0 to u:object_r:app_data_file:s0:c512,c768 at /data/user_de/0/com.android.providers.downloads; running recursive restorecon
09-16 11:59:44.449  3263  3263 D installd: Detected label change from u:object_r:system_data_file:s0 to u:object_r:app_data_file:s0:c512,c768 at /data/data/com.android.messaging; running recursive restorecon
09-16 11:59:44.450  3263  3263 D installd: Detected label change from u:object_r:system_data_file:s0 to u:object_r:app_data_file:s0:c512,c768 at /data/user_de/0/com.android.messaging; running recursive restorecon
09-16 11:59:44.452  3263  3263 D installd: Detected label change from u:object_r:system_data_file:s0 to u:object_r:app_data_file:s0:c512,c768 at /data/data/com.android.terminal; running recursive restorecon
09-16 11:59:44.452  3263  3263 D installd: Detected label change from u:object_r:system_data_file:s0 to u:object_r:app_data_file:s0:c512,c768 at /data/user_de/0/com.android.terminal; running recursive restorecon
09-16 11:59:44.454  3263  3263 D installd: Detected label change from u:object_r:system_data_file:s0 to u:object_r:app_data_file:s0:c512,c768 at /data/data/org.cyanogenmod.audiofx; running recursive restorecon
09-16 11:59:44.455  3263  3263 D installd: Detected label change from u:object_r:system_data_file:s0 to u:object_r:app_data_file:s0:c512,c768 at /data/user_de/0/org.cyanogenmod.audiofx; running recursive restorecon
09-16 11:59:44.456  3263  3263 D installd: Detected label change from u:object_r:system_data_file:s0 to u:object_r:app_data_file:s0:c512,c768 at /data/data/com.android.defcontainer; running recursive restorecon
09-16 11:59:44.457  3263  3263 D installd: Detected label change from u:object_r:system_data_file:s0 to u:object_r:app_data_file:s0:c512,c768 at /data/user_de/0/com.android.defcontainer; running recursive restorecon
09-16 11:59:44.459  3263  3263 D installd: Detected label change from u:object_r:system_data_file:s0 to u:object_r:system_app_data_file:s0 at /data/data/com.cyanogenmod.setupwizard; running recursive restorecon
09-16 11:59:44.460  3263  3263 D installd: Detected label change from u:object_r:system_data_file:s0 to u:object_r:system_app_data_file:s0 at /data/user_de/0/com.cyanogenmod.setupwizard; running recursive restorecon
09-16 11:59:44.462  3263  3263 D installd: Detected label change from u:object_r:system_data_file:s0 to u:object_r:app_data_file:s0:c512,c768 at /data/data/com.android.providers.downloads.ui; running recursive restorecon
09-16 11:59:44.462  3263  3263 D installd: Detected label change from u:object_r:system_data_file:s0 to u:object_r:app_data_file:s0:c512,c768 at /data/user_de/0/com.android.providers.downloads.ui; running recursive restorecon
09-16 11:59:44.464  3263  3263 D installd: Detected label change from u:object_r:system_data_file:s0 to u:object_r:app_data_file:s0:c512,c768 at /data/data/com.android.pacprocessor; running recursive restorecon
09-16 11:59:44.465  3263  3263 D installd: Detected label change from u:object_r:system_data_file:s0 to u:object_r:app_data_file:s0:c512,c768 at /data/user_de/0/com.android.pacprocessor; running recursive restorecon
09-16 11:59:44.467  3263  3263 D installd: Detected label change from u:object_r:system_data_file:s0 to u:object_r:app_data_file:s0:c512,c768 at /data/data/com.android.certinstaller; running recursive restorecon
09-16 11:59:44.467  3263  3263 D installd: Detected label change from u:object_r:system_data_file:s0 to u:object_r:app_data_file:s0:c512,c768 at /data/user_de/0/com.android.certinstaller; running recursive restorecon
09-16 11:59:44.469  3263  3263 D installd: Detected label change from u:object_r:system_data_file:s0 to u:object_r:app_data_file:s0:c512,c768 at /data/data/com.android.carrierconfig; running recursive restorecon
09-16 11:59:44.470  3263  3263 D installd: Detected label change from u:object_r:system_data_file:s0 to u:object_r:app_data_file:s0:c512,c768 at /data/user_de/0/com.android.carrierconfig; running recursive restorecon
09-16 11:59:44.472  3263  3263 D installd: Detected label change from u:object_r:system_data_file:s0 to u:object_r:system_app_data_file:s0 at /data/data/android; running recursive restorecon
09-16 11:59:44.472  3263  3263 D installd: Detected label change from u:object_r:system_data_file:s0 to u:object_r:system_app_data_file:s0 at /data/user_de/0/android; running recursive restorecon
09-16 11:59:44.474  3263  3263 D installd: Detected label change from u:object_r:system_data_file:s0 to u:object_r:app_data_file:s0:c512,c768 at /data/data/com.android.contacts; running recursive restorecon
09-16 11:59:44.475  3263  3263 D installd: Detected label change from u:object_r:system_data_file:s0 to u:object_r:app_data_file:s0:c512,c768 at /data/user_de/0/com.android.contacts; running recursive restorecon
09-16 11:59:44.477  3263  3263 D installd: Detected label change from u:object_r:system_data_file:s0 to u:object_r:app_data_file:s0:c512,c768 at /data/data/com.android.camera2; running recursive restorecon
09-16 11:59:44.477  3263  3263 D installd: Detected label change from u:object_r:system_data_file:s0 to u:object_r:app_data_file:s0:c512,c768 at /data/user_de/0/com.android.camera2; running recursive restorecon
09-16 11:59:44.479  3263  3263 D installd: Detected label change from u:object_r:system_data_file:s0 to u:object_r:app_data_file:s0:c512,c768 at /data/data/org.lineageos.recorder; running recursive restorecon
09-16 11:59:44.480  3263  3263 D installd: Detected label change from u:object_r:system_data_file:s0 to u:object_r:app_data_file:s0:c512,c768 at /data/user_de/0/org.lineageos.recorder; running recursive restorecon
09-16 11:59:44.482  3263  3263 D installd: Detected label change from u:object_r:system_data_file:s0 to u:object_r:system_app_data_file:s0 at /data/data/cyanogenmod.platform; running recursive restorecon
09-16 11:59:44.482  3263  3263 D installd: Detected label change from u:object_r:system_data_file:s0 to u:object_r:system_app_data_file:s0 at /data/user_de/0/cyanogenmod.platform; running recursive restorecon
09-16 11:59:44.484  3263  3263 D installd: Detected label change from u:object_r:system_data_file:s0 to u:object_r:app_data_file:s0:c512,c768 at /data/data/com.android.egg; running recursive restorecon
09-16 11:59:44.485  3263  3263 D installd: Detected label change from u:object_r:system_data_file:s0 to u:object_r:app_data_file:s0:c512,c768 at /data/user_de/0/com.android.egg; running recursive restorecon
09-16 11:59:44.487  3263  3263 D installd: Detected label change from u:object_r:system_data_file:s0 to u:object_r:app_data_file:s0:c512,c768 at /data/data/com.android.mtp; running recursive restorecon
09-16 11:59:44.487  3263  3263 D installd: Detected label change from u:object_r:system_data_file:s0 to u:object_r:app_data_file:s0:c512,c768 at /data/user_de/0/com.android.mtp; running recursive restorecon
09-16 11:59:44.489  3263  3263 D installd: Detected label change from u:object_r:system_data_file:s0 to u:object_r:nfc_data_file:s0 at /data/data/com.android.nfc; running recursive restorecon
09-16 11:59:44.490  3263  3263 D installd: Detected label change from u:object_r:system_data_file:s0 to u:object_r:nfc_data_file:s0 at /data/user_de/0/com.android.nfc; running recursive restorecon
09-16 11:59:44.492  3263  3263 D installd: Detected label change from u:object_r:system_data_file:s0 to u:object_r:radio_data_file:s0 at /data/data/com.android.stk; running recursive restorecon
09-16 11:59:44.492  3263  3263 D installd: Detected label change from u:object_r:system_data_file:s0 to u:object_r:radio_data_file:s0 at /data/user_de/0/com.android.stk; running recursive restorecon
09-16 11:59:44.494  3263  3263 D installd: Detected label change from u:object_r:system_data_file:s0 to u:object_r:app_data_file:s0:c512,c768 at /data/data/com.android.backupconfirm; running recursive restorecon
09-16 11:59:44.495  3263  3263 D installd: Detected label change from u:object_r:system_data_file:s0 to u:object_r:app_data_file:s0:c512,c768 at /data/user_de/0/com.android.backupconfirm; running recursive restorecon
09-16 11:59:44.497  3263  3263 D installd: Detected label change from u:object_r:system_data_file:s0 to u:object_r:app_data_file:s0:c512,c768 at /data/data/org.cyanogenmod.profiles; running recursive restorecon
09-16 11:59:44.498  3263  3263 D installd: Detected label change from u:object_r:system_data_file:s0 to u:object_r:app_data_file:s0:c512,c768 at /data/user_de/0/org.cyanogenmod.profiles; running recursive restorecon
09-16 11:59:44.500  3263  3263 D installd: Detected label change from u:object_r:system_data_file:s0 to u:object_r:app_data_file:s0:c512,c768 at /data/data/com.cyanogenmod.lockclock; running recursive restorecon
09-16 11:59:44.500  3263  3263 D installd: Detected label change from u:object_r:system_data_file:s0 to u:object_r:app_data_file:s0:c512,c768 at /data/user_de/0/com.cyanogenmod.lockclock; running recursive restorecon
09-16 11:59:44.502  3263  3263 D installd: Detected label change from u:object_r:system_data_file:s0 to u:object_r:app_data_file:s0:c512,c768 at /data/data/com.android.statementservice; running recursive restorecon
09-16 11:59:44.503  3263  3263 D installd: Detected label change from u:object_r:system_data_file:s0 to u:object_r:app_data_file:s0:c512,c768 at /data/user_de/0/com.android.statementservice; running recursive restorecon
09-16 11:59:44.505  3263  3263 D installd: Detected label change from u:object_r:system_data_file:s0 to u:object_r:system_app_data_file:s0 at /data/data/com.cyanogenmod.settings.device; running recursive restorecon
09-16 11:59:44.505  3263  3263 D installd: Detected label change from u:object_r:system_data_file:s0 to u:object_r:system_app_data_file:s0 at /data/user_de/0/com.cyanogenmod.settings.device; running recursive restorecon
09-16 11:59:44.507  3263  3263 D installd: Detected label change from u:object_r:system_data_file:s0 to u:object_r:app_data_file:s0:c512,c768 at /data/data/org.cyanogenmod.cmaudio.service; running recursive restorecon
09-16 11:59:44.508  3263  3263 D installd: Detected label change from u:object_r:system_data_file:s0 to u:object_r:app_data_file:s0:c512,c768 at /data/user_de/0/org.cyanogenmod.cmaudio.service; running recursive restorecon
09-16 11:59:44.510  3263  3263 D installd: Detected label change from u:object_r:system_data_file:s0 to u:object_r:app_data_file:s0:c512,c768 at /data/data/com.android.calendar; running recursive restorecon
09-16 11:59:44.511  3263  3263 D installd: Detected label change from u:object_r:system_data_file:s0 to u:object_r:app_data_file:s0:c512,c768 at /data/user_de/0/com.android.calendar; running recursive restorecon
09-16 11:59:44.513  3263  3263 D installd: Detected label change from u:object_r:system_data_file:s0 to u:object_r:system_app_data_file:s0 at /data/data/com.android.providers.settings; running recursive restorecon
09-16 11:59:44.513  3263  3263 D installd: Detected label change from u:object_r:system_data_file:s0 to u:object_r:system_app_data_file:s0 at /data/user_de/0/com.android.providers.settings; running recursive restorecon
09-16 11:59:44.515  3263  3263 D installd: Detected label change from u:object_r:system_data_file:s0 to u:object_r:app_data_file:s0:c512,c768 at /data/data/com.android.sharedstoragebackup; running recursive restorecon
09-16 11:59:44.516  3263  3263 D installd: Detected label change from u:object_r:system_data_file:s0 to u:object_r:app_data_file:s0:c512,c768 at /data/user_de/0/com.android.sharedstoragebackup; running recursive restorecon
09-16 11:59:44.518  3263  3263 D installd: Detected label change from u:object_r:system_data_file:s0 to u:object_r:app_data_file:s0:c512,c768 at /data/data/com.android.printspooler; running recursive restorecon
09-16 11:59:44.518  3263  3263 D installd: Detected label change from u:object_r:system_data_file:s0 to u:object_r:app_data_file:s0:c512,c768 at /data/user_de/0/com.android.printspooler; running recursive restorecon
09-16 11:59:44.520  3263  3263 D installd: Detected label change from u:object_r:system_data_file:s0 to u:object_r:app_data_file:s0:c512,c768 at /data/data/com.android.dreams.basic; running recursive restorecon
09-16 11:59:44.521  3263  3263 D installd: Detected label change from u:object_r:system_data_file:s0 to u:object_r:app_data_file:s0:c512,c768 at /data/user_de/0/com.android.dreams.basic; running recursive restorecon
09-16 11:59:44.523  3263  3263 D installd: Detected label change from u:object_r:system_data_file:s0 to u:object_r:app_data_file:s0:c512,c768 at /data/data/com.android.frameworks.telresources; running recursive restorecon
09-16 11:59:44.523  3263  3263 D installd: Detected label change from u:object_r:system_data_file:s0 to u:object_r:app_data_file:s0:c512,c768 at /data/user_de/0/com.android.frameworks.telresources; running recursive restorecon
09-16 11:59:44.525  3263  3263 D installd: Detected label change from u:object_r:system_data_file:s0 to u:object_r:app_data_file:s0:c512,c768 at /data/data/com.android.webview; running recursive restorecon
09-16 11:59:44.526  3263  3263 D installd: Detected label change from u:object_r:system_data_file:s0 to u:object_r:app_data_file:s0:c512,c768 at /data/user_de/0/com.android.webview; running recursive restorecon
09-16 11:59:44.528  3263  3263 D installd: Detected label change from u:object_r:system_data_file:s0 to u:object_r:system_app_data_file:s0 at /data/data/com.android.inputdevices; running recursive restorecon
09-16 11:59:44.529  3263  3263 D installd: Detected label change from u:object_r:system_data_file:s0 to u:object_r:system_app_data_file:s0 at /data/user_de/0/com.android.inputdevices; running recursive restorecon
09-16 11:59:44.531  3263  3263 D installd: Detected label change from u:object_r:system_data_file:s0 to u:object_r:app_data_file:s0:c512,c768 at /data/data/com.android.cellbroadcastreceiver; running recursive restorecon
09-16 11:59:44.531  3263  3263 D installd: Detected label change from u:object_r:system_data_file:s0 to u:object_r:app_data_file:s0:c512,c768 at /data/user_de/0/com.android.cellbroadcastreceiver; running recursive restorecon
09-16 11:59:44.533  3263  3263 D installd: Detected label change from u:object_r:system_data_file:s0 to u:object_r:app_data_file:s0:c512,c768 at /data/data/android.ext.shared; running recursive restorecon
09-16 11:59:44.534  3263  3263 D installd: Detected label change from u:object_r:system_data_file:s0 to u:object_r:app_data_file:s0:c512,c768 at /data/user_de/0/android.ext.shared; running recursive restorecon
09-16 11:59:44.536  3263  3263 D installd: Detected label change from u:object_r:system_data_file:s0 to u:object_r:app_data_file:s0:c512,c768 at /data/data/com.android.onetimeinitializer; running recursive restorecon
09-16 11:59:44.536  3263  3263 D installd: Detected label change from u:object_r:system_data_file:s0 to u:object_r:app_data_file:s0:c512,c768 at /data/user_de/0/com.android.onetimeinitializer; running recursive restorecon
09-16 11:59:44.538  3263  3263 D installd: Detected label change from u:object_r:system_data_file:s0 to u:object_r:system_app_data_file:s0 at /data/data/com.android.server.telecom; running recursive restorecon
09-16 11:59:44.538  3263  3263 D installd: Detected label change from u:object_r:system_data_file:s0 to u:object_r:system_app_data_file:s0 at /data/user_de/0/com.android.server.telecom; running recursive restorecon
09-16 11:59:44.540  3263  3263 D installd: Detected label change from u:object_r:system_data_file:s0 to u:object_r:system_app_data_file:s0 at /data/data/org.cyanogenmod.cmparts; running recursive restorecon
09-16 11:59:44.541  3263  3263 D installd: Detected label change from u:object_r:system_data_file:s0 to u:object_r:system_app_data_file:s0 at /data/user_de/0/org.cyanogenmod.cmparts; running recursive restorecon
09-16 11:59:44.543  3263  3263 D installd: Detected label change from u:object_r:system_data_file:s0 to u:object_r:system_app_data_file:s0 at /data/data/com.android.keychain; running recursive restorecon
09-16 11:59:44.543  3263  3263 D installd: Detected label change from u:object_r:system_data_file:s0 to u:object_r:system_app_data_file:s0 at /data/user_de/0/com.android.keychain; running recursive restorecon
09-16 11:59:44.545  3263  3263 D installd: Detected label change from u:object_r:system_data_file:s0 to u:object_r:app_data_file:s0:c512,c768 at /data/data/com.android.printservice.recommendation; running recursive restorecon
09-16 11:59:44.546  3263  3263 D installd: Detected label change from u:object_r:system_data_file:s0 to u:object_r:app_data_file:s0:c512,c768 at /data/user_de/0/com.android.printservice.recommendation; running recursive restorecon
09-16 11:59:44.548  3263  3263 D installd: Detected label change from u:object_r:system_data_file:s0 to u:object_r:app_data_file:s0:c512,c768 at /data/data/com.android.dialer; running recursive restorecon
09-16 11:59:44.548  3263  3263 D installd: Detected label change from u:object_r:system_data_file:s0 to u:object_r:app_data_file:s0:c512,c768 at /data/user_de/0/com.android.dialer; running recursive restorecon
09-16 11:59:44.550  3263  3263 D installd: Detected label change from u:object_r:system_data_file:s0 to u:object_r:app_data_file:s0:c512,c768 at /data/data/com.android.gallery3d; running recursive restorecon
09-16 11:59:44.551  3263  3263 D installd: Detected label change from u:object_r:system_data_file:s0 to u:object_r:app_data_file:s0:c512,c768 at /data/user_de/0/com.android.gallery3d; running recursive restorecon
09-16 11:59:44.553  3263  3263 D installd: Detected label change from u:object_r:system_data_file:s0 to u:object_r:app_data_file:s0:c512,c768 at /data/data/com.cyanogenmod.trebuchet; running recursive restorecon
09-16 11:59:44.553  3263  3263 D installd: Detected label change from u:object_r:system_data_file:s0 to u:object_r:app_data_file:s0:c512,c768 at /data/user_de/0/com.cyanogenmod.trebuchet; running recursive restorecon
09-16 11:59:44.555  3263  3263 D installd: Detected label change from u:object_r:system_data_file:s0 to u:object_r:app_data_file:s0:c512,c768 at /data/data/android.ext.services; running recursive restorecon
09-16 11:59:44.556  3263  3263 D installd: Detected label change from u:object_r:system_data_file:s0 to u:object_r:app_data_file:s0:c512,c768 at /data/user_de/0/android.ext.services; running recursive restorecon
09-16 11:59:44.558  3263  3263 D installd: Detected label change from u:object_r:system_data_file:s0 to u:object_r:system_app_data_file:s0 at /data/data/org.cyanogenmod.cmsettings; running recursive restorecon
09-16 11:59:44.558  3263  3263 D installd: Detected label change from u:object_r:system_data_file:s0 to u:object_r:system_app_data_file:s0 at /data/user_de/0/org.cyanogenmod.cmsettings; running recursive restorecon
09-16 11:59:44.560  3263  3263 D installd: Detected label change from u:object_r:system_data_file:s0 to u:object_r:app_data_file:s0:c512,c768 at /data/data/com.android.calllogbackup; running recursive restorecon
09-16 11:59:44.561  3263  3263 D installd: Detected label change from u:object_r:system_data_file:s0 to u:object_r:app_data_file:s0:c512,c768 at /data/user_de/0/com.android.calllogbackup; running recursive restorecon
09-16 11:59:44.563  3263  3263 D installd: Detected label change from u:object_r:system_data_file:s0 to u:object_r:app_data_file:s0:c512,c768 at /data/data/com.android.packageinstaller; running recursive restorecon
09-16 11:59:44.563  3263  3263 D installd: Detected label change from u:object_r:system_data_file:s0 to u:object_r:app_data_file:s0:c512,c768 at /data/user_de/0/com.android.packageinstaller; running recursive restorecon
