09-16 01:52:22.669  3653  3653 I PackageManager.DexOptimizer: Running dexopt (dex2oat) on: /system/priv-app/CMAudioService/CMAudioService.apk pkg=org.cyanogenmod.cmaudio.service isa=arm64 vmSafeMode=false debuggable=false target-filter=verify-at-runtime oatDir = null sharedLibraries=null
09-16 01:52:22.684  4349  4349 I dex2oat : /system/bin/dex2oat --compiler-filter=verify-at-runtime
09-16 01:52:22.722  4349  4349 I dex2oat : dex2oat took 37.646ms (threads: 8) arena alloc=0B (0B) java alloc=31KB (32216B) native alloc=1141KB (1168880B) free=1418KB (1452560B)
09-16 01:52:22.724  3653  3653 I PackageManager.DexOptimizer: Running dexopt (dex2oat) on: /system/app/Calendar/Calendar.apk pkg=com.android.calendar isa=arm64 vmSafeMode=false debuggable=false target-filter=verify-at-runtime oatDir = null sharedLibraries=null
09-16 01:52:22.739  4358  4358 I dex2oat : /system/bin/dex2oat --compiler-filter=verify-at-runtime
09-16 01:52:22.797  4358  4358 I dex2oat : dex2oat took 58.592ms (threads: 8) arena alloc=0B (0B) java alloc=27KB (28240B) native alloc=566KB (579888B) free=2MB (2565840B)
09-16 01:52:22.800  3653  3653 I PackageManager.DexOptimizer: Running dexopt (dex2oat) on: /system/priv-app/SharedStorageBackup/SharedStorageBackup.apk pkg=com.android.sharedstoragebackup isa=arm64 vmSafeMode=false debuggable=false target-filter=verify-at-runtime oatDir = null sharedLibraries=null
09-16 01:52:22.814  4367  4367 I dex2oat : /system/bin/dex2oat --compiler-filter=verify-at-runtime
09-16 01:52:22.834  4367  4367 I dex2oat : dex2oat took 19.807ms (threads: 8) arena alloc=0B (0B) java alloc=31KB (32208B) native alloc=858KB (878800B) free=1189KB (1218352B)
09-16 01:52:22.836  3653  3653 I PackageManager.DexOptimizer: Running dexopt (dex2oat) on: /system/app/PrintSpooler/PrintSpooler.apk pkg=com.android.printspooler isa=arm64 vmSafeMode=false debuggable=false target-filter=verify-at-runtime oatDir = null sharedLibraries=null
09-16 01:52:22.851  4376  4376 I dex2oat : /system/bin/dex2oat --compiler-filter=verify-at-runtime
09-16 01:52:22.890  4376  4376 I dex2oat : dex2oat took 39.654ms (threads: 8) arena alloc=0B (0B) java alloc=27KB (28240B) native alloc=1138KB (1165616B) free=1421KB (1455824B)
09-16 01:52:22.893  3653  3653 I PackageManager.DexOptimizer: Running dexopt (dex2oat) on: /system/app/BasicDreams/BasicDreams.apk pkg=com.android.dreams.basic isa=arm64 vmSafeMode=false debuggable=false target-filter=verify-at-runtime oatDir = null sharedLibraries=null
09-16 01:52:22.908  4385  4385 I dex2oat : /system/bin/dex2oat --compiler-filter=verify-at-runtime
09-16 01:52:22.926  4385  4385 I dex2oat : dex2oat took 18.541ms (threads: 8) arena alloc=0B (0B) java alloc=27KB (28240B) native alloc=898KB (919952B) free=1149KB (1177200B)
09-16 01:52:22.928  3653  3653 I PackageManager.DexOptimizer: Running dexopt (dex2oat) on: /system/app/webview/webview.apk pkg=com.android.webview isa=arm vmSafeMode=false debuggable=false target-filter=verify-at-runtime oatDir = null sharedLibraries=null
09-16 01:52:22.943  4394  4394 I dex2oat : /system/bin/dex2oat --compiler-filter=verify-at-runtime
09-16 01:52:23.038  4394  4394 I dex2oat : dex2oat took 95.735ms (threads: 8) arena alloc=0B (0B) java alloc=27KB (28240B) native alloc=386KB (395312B) free=2MB (2750416B)
09-16 01:52:23.041  3653  3653 I PackageManager.DexOptimizer: Running dexopt (dex2oat) on: /system/app/webview/webview.apk pkg=com.android.webview isa=arm64 vmSafeMode=false debuggable=false target-filter=verify-at-runtime oatDir = null sharedLibraries=null
09-16 01:52:23.056  4403  4403 I dex2oat : /system/bin/dex2oat --compiler-filter=verify-at-runtime
09-16 01:52:23.153  4403  4403 I dex2oat : dex2oat took 98.102ms (threads: 8) arena alloc=0B (0B) java alloc=27KB (28240B) native alloc=517KB (530416B) free=2MB (2615312B)
09-16 01:52:23.156  3653  3653 I PackageManager.DexOptimizer: Running dexopt (dex2oat) on: /system/priv-app/CellBroadcastReceiver/CellBroadcastReceiver.apk pkg=com.android.cellbroadcastreceiver isa=arm64 vmSafeMode=false debuggable=false target-filter=verify-at-runtime oatDir = null sharedLibraries=null
09-16 01:52:23.171  4412  4412 I dex2oat : /system/bin/dex2oat --compiler-filter=verify-at-runtime
09-16 01:52:23.196  4412  4412 I dex2oat : dex2oat took 25.304ms (threads: 8) arena alloc=0B (0B) java alloc=27KB (28240B) native alloc=1105KB (1132048B) free=1454KB (1489392B)
09-16 01:52:23.198  3653  3653 I PackageManager.DexOptimizer: Running dexopt (dex2oat) on: /system/priv-app/OneTimeInitializer/OneTimeInitializer.apk pkg=com.android.onetimeinitializer isa=arm64 vmSafeMode=false debuggable=false target-filter=verify-at-runtime oatDir = null sharedLibraries=null
09-16 01:52:23.213  4421  4421 I dex2oat : /system/bin/dex2oat --compiler-filter=verify-at-runtime
09-16 01:52:23.233  4421  4421 I dex2oat : dex2oat took 20.277ms (threads: 8) arena alloc=0B (0B) java alloc=31KB (32208B) native alloc=1018KB (1043088B) free=1541KB (1578352B)
09-16 01:52:23.235  3653  3653 I PackageManager.DexOptimizer: Running dexopt (dex2oat) on: /system/priv-app/CMParts/CMParts.apk pkg=org.cyanogenmod.cmparts isa=arm64 vmSafeMode=false debuggable=false target-filter=verify-at-runtime oatDir = null sharedLibraries=null
09-16 01:52:23.250  4430  4430 I dex2oat : /system/bin/dex2oat --compiler-filter=verify-at-runtime
09-16 01:52:23.335  4430  4430 I dex2oat : dex2oat took 85.554ms (threads: 8) arena alloc=0B (0B) java alloc=27KB (28240B) native alloc=525KB (538368B) free=2MB (2607360B)
09-16 01:52:23.338  3653  3653 I PackageManager.DexOptimizer: Running dexopt (dex2oat) on: /system/app/KeyChain/KeyChain.apk pkg=com.android.keychain isa=arm64 vmSafeMode=false debuggable=false target-filter=verify-at-runtime oatDir = null sharedLibraries=null
09-16 01:52:23.353  4439  4439 I dex2oat : /system/bin/dex2oat --compiler-filter=verify-at-runtime
09-16 01:52:23.374  4439  4439 I dex2oat : dex2oat took 22.036ms (threads: 8) arena alloc=0B (0B) java alloc=27KB (28240B) native alloc=1003KB (1027472B) free=1556KB (1593968B)
09-16 01:52:23.376  3653  3653 I PackageManager.DexOptimizer: Running dexopt (dex2oat) on: /system/app/PrintRecommendationService/PrintRecommendationService.apk pkg=com.android.printservice.recommendation isa=arm64 vmSafeMode=false debuggable=false target-filter=verify-at-runtime oatDir = null sharedLibraries=null
09-16 01:52:23.391  4448  4448 I dex2oat : /system/bin/dex2oat --compiler-filter=verify-at-runtime
09-16 01:52:23.411  4448  4448 I dex2oat : dex2oat took 20.256ms (threads: 8) arena alloc=0B (0B) java alloc=31KB (32240B) native alloc=1057KB (1082576B) free=1502KB (1538864B)
09-16 01:52:23.414  3653  3653 I PackageManager.DexOptimizer: Running dexopt (dex2oat) on: /system/priv-app/Gallery2/Gallery2.apk pkg=com.android.gallery3d isa=arm vmSafeMode=false debuggable=false target-filter=verify-at-runtime oatDir = null sharedLibraries=null
09-16 01:52:23.428  4457  4457 I dex2oat : /system/bin/dex2oat --compiler-filter=verify-at-runtime
09-16 01:52:23.568  4457  4457 I dex2oat : dex2oat took 140.034ms (threads: 8) arena alloc=0B (0B) java alloc=27KB (28240B) native alloc=541KB (554480B) free=2MB (2591248B)
09-16 01:52:23.571  3653  3653 I PackageManager.DexOptimizer: Running dexopt (dex2oat) on: /system/priv-app/Trebuchet/Trebuchet.apk pkg=com.cyanogenmod.trebuchet isa=arm64 vmSafeMode=false debuggable=false target-filter=verify-at-runtime oatDir = null sharedLibraries=null
09-16 01:52:23.586  4466  4466 I dex2oat : /system/bin/dex2oat --compiler-filter=verify-at-runtime
09-16 01:52:23.654  4466  4466 I dex2oat : dex2oat took 68.755ms (threads: 8) arena alloc=0B (0B) java alloc=27KB (28240B) native alloc=558KB (572208B) free=2MB (2573520B)
09-16 01:52:23.657  3653  3653 I PackageManager.DexOptimizer: Running dexopt (dex2oat) on: /system/priv-app/CallLogBackup/CallLogBackup.apk pkg=com.android.calllogbackup isa=arm64 vmSafeMode=false debuggable=false target-filter=verify-at-runtime oatDir = null sharedLibraries=null
09-16 01:52:23.671  4475  4475 I dex2oat : /system/bin/dex2oat --compiler-filter=verify-at-runtime
09-16 01:52:23.690  4475  4475 I dex2oat : dex2oat took 19.147ms (threads: 8) arena alloc=0B (0B) java alloc=31KB (32216B) native alloc=878KB (899216B) free=1169KB (1197936B)
09-16 01:52:23.692  3653  3653 I PackageManager.DexOptimizer: Running dexopt (dex2oat) on: /system/app/PicoTts/PicoTts.apk pkg=com.svox.pico isa=arm64 vmSafeMode=false debuggable=false target-filter=verify-at-runtime oatDir = null sharedLibraries=null
09-16 01:52:23.707  4484  4484 I dex2oat : /system/bin/dex2oat --compiler-filter=verify-at-runtime
09-16 01:52:23.728  4484  4484 I dex2oat : dex2oat took 21.160ms (threads: 8) arena alloc=0B (0B) java alloc=27KB (28240B) native alloc=880KB (902032B) free=1167KB (1195120B)
09-16 01:52:23.730  3653  3653 I PackageManager.DexOptimizer: Running dexopt (dex2oat) on: /system/app/Jelly/Jelly.apk pkg=org.lineageos.jelly isa=arm64 vmSafeMode=false debuggable=false target-filter=verify-at-runtime oatDir = null sharedLibraries=null
09-16 01:52:23.745  4493  4493 I dex2oat : /system/bin/dex2oat --compiler-filter=verify-at-runtime
09-16 01:52:23.813  4493  4493 I dex2oat : dex2oat took 68.465ms (threads: 8) arena alloc=0B (0B) java alloc=27KB (28240B) native alloc=500KB (512944B) free=2MB (2632784B)
09-16 01:52:23.816  3653  3653 I PackageManager.DexOptimizer: Running dexopt (dex2oat) on: /system/priv-app/ManagedProvisioning/ManagedProvisioning.apk pkg=com.android.managedprovisioning isa=arm64 vmSafeMode=false debuggable=false target-filter=verify-at-runtime oatDir = null sharedLibraries=null
09-16 01:52:23.830  4502  4502 I dex2oat : /system/bin/dex2oat --compiler-filter=verify-at-runtime
09-16 01:52:23.859  4502  4502 I dex2oat : dex2oat took 28.934ms (threads: 8) arena alloc=0B (0B) java alloc=31KB (32208B) native alloc=1078KB (1104752B) free=1481KB (1516688B)
09-16 01:52:23.861  3653  3653 I PackageManager.DexOptimizer: Running dexopt (dex2oat) on: /system/app/PhotoTable/PhotoTable.apk pkg=com.android.dreams.phototable isa=arm64 vmSafeMode=false debuggable=false target-filter=verify-at-runtime oatDir = null sharedLibraries=null
09-16 01:52:23.876  4511  4511 I dex2oat : /system/bin/dex2oat --compiler-filter=verify-at-runtime
09-16 01:52:23.898  4511  4511 I dex2oat : dex2oat took 21.630ms (threads: 8) arena alloc=0B (0B) java alloc=27KB (28240B) native alloc=1052KB (1077648B) free=1507KB (1543792B)
09-16 01:52:23.900  3653  3653 I PackageManager.DexOptimizer: Running dexopt (dex2oat) on: /system/app/WAPPushManager/WAPPushManager.apk pkg=com.android.smspush isa=arm64 vmSafeMode=false debuggable=false target-filter=verify-at-runtime oatDir = null sharedLibraries=null
09-16 01:52:23.915  4520  4520 I dex2oat : /system/bin/dex2oat --compiler-filter=verify-at-runtime
09-16 01:52:23.934  4520  4520 I dex2oat : dex2oat took 20.178ms (threads: 8) arena alloc=0B (0B) java alloc=31KB (32216B) native alloc=1030KB (1055376B) free=1529KB (1566064B)
09-16 01:52:23.937  3653  3653 I PackageManager.DexOptimizer: Running dexopt (dex2oat) on: /system/app/LiveWallpapersPicker/LiveWallpapersPicker.apk pkg=com.android.wallpaper.livepicker isa=arm64 vmSafeMode=false debuggable=false target-filter=verify-at-runtime oatDir = null sharedLibraries=null
09-16 01:52:23.952  4529  4529 I dex2oat : /system/bin/dex2oat --compiler-filter=verify-at-runtime
09-16 01:52:24.016  4529  4529 I dex2oat : dex2oat took 65.033ms (threads: 8) arena alloc=0B (0B) java alloc=31KB (32208B) native alloc=521KB (534000B) free=2MB (2611728B)
09-16 01:52:24.019  3653  3653 I PackageManager.DexOptimizer: Running dexopt (dex2oat) on: /system/priv-app/Tag/Tag.apk pkg=com.android.apps.tag isa=arm64 vmSafeMode=false debuggable=false target-filter=verify-at-runtime oatDir = null sharedLibraries=null
09-16 01:52:24.034  4538  4538 I dex2oat : /system/bin/dex2oat --compiler-filter=verify-at-runtime
09-16 01:52:24.069  4538  4538 I dex2oat : dex2oat took 35.904ms (threads: 8) arena alloc=0B (0B) java alloc=27KB (28240B) native alloc=1141KB (1168944B) free=1418KB (1452496B)
09-16 01:52:24.072  3653  3653 I PackageManager.DexOptimizer: Running dexopt (dex2oat) on: /system/priv-app/StorageManager/StorageManager.apk pkg=com.android.storagemanager isa=arm64 vmSafeMode=false debuggable=false target-filter=verify-at-runtime oatDir = null sharedLibraries=null
09-16 01:52:24.087  4547  4547 I dex2oat : /system/bin/dex2oat --compiler-filter=verify-at-runtime
09-16 01:52:24.162  4547  4547 I dex2oat : dex2oat took 76.066ms (threads: 8) arena alloc=0B (0B) java alloc=31KB (32216B) native alloc=500KB (512752B) free=2MB (2632976B)
09-16 01:52:24.165  3653  3653 I PackageManager.DexOptimizer: Running dexopt (dex2oat) on: /system/app/BookmarkProvider/BookmarkProvider.apk pkg=com.android.bookmarkprovider isa=arm64 vmSafeMode=false debuggable=false target-filter=verify-at-runtime oatDir = null sharedLibraries=null
09-16 01:52:24.180  4556  4556 I dex2oat : /system/bin/dex2oat --compiler-filter=verify-at-runtime
09-16 01:52:24.199  4556  4556 I dex2oat : dex2oat took 19.557ms (threads: 8) arena alloc=0B (0B) java alloc=31KB (32216B) native alloc=878KB (899216B) free=1169KB (1197936B)
09-16 01:52:24.201  3653  3653 I PackageManager.DexOptimizer: Running dexopt (dex2oat) on: /system/priv-app/Eleven/Eleven.apk pkg=com.cyanogenmod.eleven isa=arm64 vmSafeMode=false debuggable=false target-filter=verify-at-runtime oatDir = null sharedLibraries=null
09-16 01:52:24.216  4565  4565 I dex2oat : /system/bin/dex2oat --compiler-filter=verify-at-runtime
09-16 01:52:24.426  4565  4565 I dex2oat : dex2oat took 210.438ms (threads: 8) arena alloc=0B (0B) java alloc=27KB (28240B) native alloc=806KB (825792B) free=2MB (2451008B)
09-16 01:52:24.429  3653  3653 I PackageManager.DexOptimizer: Running dexopt (dex2oat) on: /system/app/ExactCalculator/ExactCalculator.apk pkg=com.android.calculator2 isa=arm64 vmSafeMode=false debuggable=false target-filter=verify-at-runtime oatDir = null sharedLibraries=null
09-16 01:52:24.444  4574  4574 I dex2oat : /system/bin/dex2oat --compiler-filter=verify-at-runtime
09-16 01:52:24.521  4574  4574 I dex2oat : dex2oat took 76.953ms (threads: 8) arena alloc=0B (0B) java alloc=31KB (32216B) native alloc=1107KB (1133616B) free=1452KB (1487824B)
09-16 01:52:24.524  3653  3653 I PackageManager.DexOptimizer: Running dexopt (dex2oat) on: /system/priv-app/Updater/Updater.apk pkg=org.lineageos.updater isa=arm64 vmSafeMode=false debuggable=false target-filter=verify-at-runtime oatDir = null sharedLibraries=null
09-16 01:52:24.538  4583  4583 I dex2oat : /system/bin/dex2oat --compiler-filter=verify-at-runtime
09-16 01:52:24.672  4583  4583 I dex2oat : dex2oat took 133.633ms (threads: 8) arena alloc=0B (0B) java alloc=27KB (28240B) native alloc=534KB (547184B) free=2MB (2598544B)
09-16 01:52:24.674  3653  3653 I PackageManager.DexOptimizer: Running dexopt (dex2oat) on: /system/priv-app/VpnDialogs/VpnDialogs.apk pkg=com.android.vpndialogs isa=arm64 vmSafeMode=false debuggable=false target-filter=verify-at-runtime oatDir = null sharedLibraries=null
09-16 01:52:24.689  4592  4592 I dex2oat : /system/bin/dex2oat --compiler-filter=verify-at-runtime
09-16 01:52:24.750  4592  4592 I dex2oat : dex2oat took 60.612ms (threads: 8) arena alloc=0B (0B) java alloc=27KB (28240B) native alloc=858KB (878992B) free=1189KB (1218160B)
09-16 01:52:24.752  3653  3653 I PackageManager.DexOptimizer: Running dexopt (dex2oat) on: /system/app/Email/Email.apk pkg=com.android.email isa=arm64 vmSafeMode=false debuggable=false target-filter=verify-at-runtime oatDir = null sharedLibraries=null
09-16 01:52:24.767  4601  4601 I dex2oat : /system/bin/dex2oat --compiler-filter=verify-at-runtime
09-16 01:52:24.988  4601  4601 I dex2oat : dex2oat took 221.137ms (threads: 8) arena alloc=0B (0B) java alloc=27KB (28240B) native alloc=637KB (653120B) free=2MB (3016896B)
09-16 01:52:24.992  3653  3653 I PackageManager.DexOptimizer: Running dexopt (dex2oat) on: /data/app/eu.chainfire.supersu-1/base.apk pkg=eu.chainfire.supersu isa=arm64 vmSafeMode=false debuggable=false target-filter=verify-at-runtime oatDir = /data/app/eu.chainfire.supersu-1/oat sharedLibraries=null
09-16 01:52:25.007  4611  4611 I dex2oat : /system/bin/dex2oat --compiler-filter=verify-at-runtime
09-16 01:52:25.094  4611  4611 I dex2oat : dex2oat took 87.777ms (threads: 8) arena alloc=0B (0B) java alloc=27KB (28240B) native alloc=1136KB (1164272B) free=1423KB (1457168B)
09-16 01:52:25.097  3653  3653 I PackageManager.DexOptimizer: Running dexopt (dex2oat) on: /system/app/WallpaperBackup/WallpaperBackup.apk pkg=com.android.wallpaperbackup isa=arm64 vmSafeMode=false debuggable=false target-filter=verify-at-runtime oatDir = null sharedLibraries=null
09-16 01:52:25.111  4620  4620 I dex2oat : /system/bin/dex2oat --compiler-filter=verify-at-runtime
09-16 01:52:25.173  4620  4620 I dex2oat : dex2oat took 62.313ms (threads: 8) arena alloc=0B (0B) java alloc=31KB (32216B) native alloc=861KB (881808B) free=1186KB (1215344B)
09-16 01:52:25.176  3653  3653 I PackageManager.DexOptimizer: Running dexopt (dex2oat) on: /system/priv-app/BlockedNumberProvider/BlockedNumberProvider.apk pkg=com.android.providers.blockednumber isa=arm64 vmSafeMode=false debuggable=false target-filter=verify-at-runtime oatDir = null sharedLibraries=null
09-16 01:52:25.190  4629  4629 I dex2oat : /system/bin/dex2oat --compiler-filter=verify-at-runtime
09-16 01:52:25.272  4629  4629 I dex2oat : dex2oat took 82.298ms (threads: 8) arena alloc=0B (0B) java alloc=27KB (28240B) native alloc=1094KB (1121008B) free=1465KB (1500432B)
09-16 01:52:25.275  3653  3653 I PackageManager.DexOptimizer: Running dexopt (dex2oat) on: /system/app/UserDictionaryProvider/UserDictionaryProvider.apk pkg=com.android.providers.userdictionary isa=arm64 vmSafeMode=false debuggable=false target-filter=verify-at-runtime oatDir = null sharedLibraries=null
09-16 01:52:25.290  4638  4638 I dex2oat : /system/bin/dex2oat --compiler-filter=verify-at-runtime
09-16 01:52:25.353  4638  4638 I dex2oat : dex2oat took 63.824ms (threads: 8) arena alloc=0B (0B) java alloc=27KB (28240B) native alloc=886KB (907472B) free=1161KB (1189680B)
09-16 01:52:25.356  3653  3653 I PackageManager.DexOptimizer: Running dexopt (dex2oat) on: /system/priv-app/EmergencyInfo/EmergencyInfo.apk pkg=com.android.emergency isa=arm64 vmSafeMode=false debuggable=false target-filter=verify-at-runtime oatDir = null sharedLibraries=null
09-16 01:52:25.370  4647  4647 I dex2oat : /system/bin/dex2oat --compiler-filter=verify-at-runtime
09-16 01:52:25.469  4647  4647 I dex2oat : dex2oat took 99.029ms (threads: 8) arena alloc=0B (0B) java alloc=31KB (32216B) native alloc=684KB (700528B) free=2MB (2445200B)
09-16 01:52:25.472  3653  3653 I PackageManager.DexOptimizer: Running dexopt (dex2oat) on: /system/app/DeskClock/DeskClock.apk pkg=com.android.deskclock isa=arm64 vmSafeMode=false debuggable=false target-filter=verify-at-runtime oatDir = null sharedLibraries=null
09-16 01:52:25.488  4656  4656 I dex2oat : /system/bin/dex2oat --compiler-filter=verify-at-runtime
09-16 01:52:25.625  4656  4656 I dex2oat : dex2oat took 137.073ms (threads: 8) arena alloc=0B (0B) java alloc=27KB (28240B) native alloc=438KB (449360B) free=2MB (2696368B)
09-16 01:52:25.628  3653  3653 I PackageManager.DexOptimizer: Running dexopt (dex2oat) on: /system/app/Exchange2/Exchange2.apk pkg=com.android.exchange isa=arm64 vmSafeMode=false debuggable=false target-filter=verify-at-runtime oatDir = null sharedLibraries=null
09-16 01:52:25.642  4665  4665 I dex2oat : /system/bin/dex2oat --compiler-filter=verify-at-runtime
09-16 01:52:25.774  4665  4665 I dex2oat : dex2oat took 131.730ms (threads: 8) arena alloc=0B (0B) java alloc=27KB (28240B) native alloc=587KB (601584B) free=2MB (2544144B)
09-16 01:52:25.776  3653  3653 I PackageManager.DexOptimizer: Running dexopt (dex2oat) on: /system/app/BluetoothMidiService/BluetoothMidiService.apk pkg=com.android.bluetoothmidiservice isa=arm64 vmSafeMode=false debuggable=false target-filter=verify-at-runtime oatDir = null sharedLibraries=null
09-16 01:52:25.791  4674  4674 I dex2oat : /system/bin/dex2oat --compiler-filter=verify-at-runtime
09-16 01:52:25.811  4674  4674 I dex2oat : dex2oat took 20.622ms (threads: 8) arena alloc=0B (0B) java alloc=31KB (32208B) native alloc=858KB (878736B) free=1189KB (1218416B)
09-16 01:52:25.814  3653  3653 I PackageManager.DexOptimizer: Running dexopt (dex2oat) on: /system/app/Bluetooth/Bluetooth.apk pkg=com.android.bluetooth isa=arm vmSafeMode=false debuggable=false target-filter=verify-at-runtime oatDir = null sharedLibraries=/system/framework/javax.obex.jar
09-16 01:52:25.828  4683  4683 I dex2oat : /system/bin/dex2oat --compiler-filter=verify-at-runtime
09-16 01:52:26.111  4683  4683 I dex2oat : dex2oat took 282.806ms (threads: 8) arena alloc=0B (0B) java alloc=31KB (32240B) native alloc=694KB (711168B) free=2MB (2958848B)
09-16 01:52:26.114  3653  3653 I PackageManager.DexOptimizer: Running dexopt (dex2oat) on: /system/app/Development/Development.apk pkg=com.android.development isa=arm64 vmSafeMode=false debuggable=false target-filter=verify-at-runtime oatDir = null sharedLibraries=/system/framework/android.test.runner.jar
09-16 01:52:26.129  4692  4692 I dex2oat : /system/bin/dex2oat --compiler-filter=verify-at-runtime
09-16 01:52:26.197  4692  4692 I dex2oat : dex2oat took 68.239ms (threads: 8) arena alloc=0B (0B) java alloc=31KB (32192B) native alloc=1072KB (1098128B) free=1487KB (1523312B)
09-16 01:52:26.199  3653  3653 I PackageManager.DexOptimizer: Running dexopt (dex2oat) on: /system/app/WallpaperPicker/WallpaperPicker.apk pkg=com.android.wallpaperpicker isa=arm64 vmSafeMode=false debuggable=false target-filter=verify-at-runtime oatDir = null sharedLibraries=null
09-16 01:52:26.214  4701  4701 I dex2oat : /system/bin/dex2oat --compiler-filter=verify-at-runtime
09-16 01:52:26.281  4701  4701 I dex2oat : dex2oat took 67.617ms (threads: 8) arena alloc=0B (0B) java alloc=31KB (32216B) native alloc=1073KB (1099696B) free=1486KB (1521744B)
09-16 01:52:26.284  3653  3653 I PackageManager.DexOptimizer: Running dexopt (dex2oat) on: /system/priv-app/ContactsProvider/ContactsProvider.apk pkg=com.android.providers.contacts isa=arm64 vmSafeMode=false debuggable=false target-filter=verify-at-runtime oatDir = null sharedLibraries=null
09-16 01:52:26.298  4710  4710 I dex2oat : /system/bin/dex2oat --compiler-filter=verify-at-runtime
09-16 01:52:26.363  3269  3269 D gpsd    : WakeLock(Acquire,GPSD)
09-16 01:52:26.363  3269  3269 D gpsd    : WakeLock(Release,GPSD)
09-16 01:52:26.363  3269  3269 D gpsd    : WakeLock(Acquire,GPSD)
09-16 01:52:26.363  3269  3269 D gpsd    : WakeLock(Release,GPSD)
09-16 01:52:26.379  4720  4720 V lhd     : GlLhdInterface::Init(/system/etc/lhd.conf)
09-16 01:52:26.379  4720  4720 E lhd     : SetCfgValue: Critical Error. Unknown configuration parameter "FlpName"="tcp"
09-16 01:52:26.379  4720  4720 V lhd     : SetCfgValue: LHD config "LheSerialControl"="BBD:Serial=TTY"
09-16 01:52:26.379  4720  4720 E lhd     : SetCfgValue: Critical Error. Unknown configuration parameter "LheClockMHz"="100"
09-16 01:52:26.379  4720  4720 V lhd     : SetCfgValue: LHD config "LhePatch"="/dev/bbd_patch"
09-16 01:52:26.379  4720  4720 V lhd     : SetCfgValue: LHD config "LheMaxMcuResetTries"="4"
09-16 01:52:26.379  4720  4720 V lhd     : SetCfgValue: LHD config "LheBbdPacket"="/dev/ttyBCM"
09-16 01:52:26.379  4720  4720 V lhd     : SetCfgValue: LHD config "LheBbdControl"="/dev/bbd_control"
09-16 01:52:26.379  4720  4720 V lhd     : SetCfgValue: LHD config "LheBbdSensor"="/dev/bbd_sensor"
09-16 01:52:26.379  4720  4720 V lhd     : SetCfgValue: LHD config "Lhe477xDebugFlags"="RPC:FACILITY=33:STDOUT_PUTS:STDOUT_LOG"
09-16 01:52:26.379  4720  4720 E lhd     : SetCfgValue: Critical Error. Unknown configuration parameter "LheSensorIpc"="true"
09-16 01:52:26.379  4720  4720 E lhd     : SetCfgValue: Critical Error. Unknown configuration parameter "LhePinMux"="P17=M1"
09-16 01:52:26.379  4720  4720 V lhd     : SetCfgValue: LHD config "LheAutoBaudDelayMS"="10"
09-16 01:52:26.379  4720  4720 V lhd     : SetCfgValue: LHD config "LheMaxMcuResetTries"="3"
09-16 01:52:26.379  4720  4720 E lhd     : OpenFirmwareFile: Fail to open /efs/sec_efs/sensorhub_urgent_fw.patch, errno 2
09-16 01:52:26.379  4720  4720 E lhd     : getCustPatchVersion: Fail to parse patch /efs/sec_efs/sensorhub_urgent_fw.patch
09-16 01:52:26.379  4720  4720 E lhd     : getCustPatchVersion: <CustomerVersion> not found
09-16 01:52:26.394  4710  4710 I dex2oat : dex2oat took 96.064ms (threads: 8) arena alloc=0B (0B) java alloc=31KB (32216B) native alloc=1133KB (1160560B) free=1938KB (1985168B)
09-16 01:52:26.397  3653  3653 I PackageManager.DexOptimizer: Running dexopt (dex2oat) on: /system/app/CaptivePortalLogin/CaptivePortalLogin.apk pkg=com.android.captiveportallogin isa=arm64 vmSafeMode=false debuggable=false target-filter=verify-at-runtime oatDir = null sharedLibraries=null
09-16 01:52:26.411  4721  4721 I dex2oat : /system/bin/dex2oat --compiler-filter=verify-at-runtime
09-16 01:52:26.438  4720  4720 D lhd     : OnIpcConnect
09-16 01:52:26.438  3269  3269 D gpsd    : WakeLock(Acquire,GPSD)
09-16 01:52:26.438  3269  3269 D gpsd    : WakeLock(Release,GPSD)
09-16 01:52:26.438  3269  3269 D gpsd    : WakeLock(Acquire,GPSD)
09-16 01:52:26.438  3269  3269 D gpsd    : WakeLock(Release,GPSD)
09-16 01:52:26.473  4721  4721 I dex2oat : dex2oat took 61.600ms (threads: 8) arena alloc=0B (0B) java alloc=31KB (32208B) native alloc=858KB (878736B) free=1189KB (1218416B)
09-16 01:52:26.475  3653  3653 I PackageManager.DexOptimizer: Running dexopt (dex2oat) on: /system/priv-app/WeatherProvider/WeatherProvider.apk pkg=org.cyanogenmod.weather.provider isa=arm64 vmSafeMode=false debuggable=false target-filter=verify-at-runtime oatDir = null sharedLibraries=null
09-16 01:52:26.490  4731  4731 I dex2oat : /system/bin/dex2oat --compiler-filter=verify-at-runtime
09-16 01:52:26.552  4731  4731 I dex2oat : dex2oat took 62.306ms (threads: 8) arena alloc=0B (0B) java alloc=31KB (32216B) native alloc=1070KB (1095824B) free=1489KB (1525616B)
09-16 01:52:26.555  3653  3653 W PackageManager: No disk maintenance in 1505526746555; running immediately
09-16 01:52:26.556  3653  3653 I SystemServer: StartLockSettingsService
09-16 01:52:26.556  3653  3653 I SystemServiceManager: Starting com.android.server.LockSettingsService$Lifecycle
09-16 01:52:26.556  3653  4094 I MountService: Running fstrim idle maintenance
09-16 01:52:26.556  3653  4094 D VoldConnector: SND -> {3 fstrim dotrim}
09-16 01:52:26.557  3074  4740 D vold    : Starting trim of /cache
09-16 01:52:26.557  3653  4095 D VoldConnector: RCV <- {200 3 Command succeeded}
09-16 01:52:26.569  3653  3653 I SystemServiceManager: Starting com.android.server.DeviceIdleController
09-16 01:52:26.572  3653  3653 I SystemServiceManager: Starting com.android.server.devicepolicy.DevicePolicyManagerService$Lifecycle
09-16 01:52:26.576  3653  3653 I SystemServer: StartStatusBarManagerService
09-16 01:52:26.578  3653  3653 I SystemServer: StartClipboardService
09-16 01:52:26.579  3653  3653 I SystemServer: StartNetworkManagementService
09-16 01:52:26.581  3653  4741 I NetworkManagement: onDaemonConnected()
09-16 01:52:26.583  3653  3653 I SystemServiceManager: Starting com.android.server.TextServicesManagerService$Lifecycle
09-16 01:52:26.589  3653  3653 I SystemServer: StartNetworkScoreService
09-16 01:52:26.591  3653  3653 I SystemServer: StartNetworkStatsService
09-16 01:52:26.594  3653  3653 I SystemServer: StartNetworkPolicyManagerService
09-16 01:52:26.597  3653  3653 I SystemServer: No Wi-Fi NAN Service (NAN support Not Present)
09-16 01:52:26.597  3653  3653 I SystemServiceManager: Starting com.android.server.wifi.p2p.WifiP2pService
09-16 01:52:26.611  3074  4740 I vold    : Trimmed 494194688 bytes on /cache in 54ms
09-16 01:52:26.612  3074  4740 D vold    : Starting trim of /data
09-16 01:52:26.612  3653  4095 D VoldConnector: RCV <- {662 /cache 494194688 54056461}
09-16 01:52:26.631  3653  3653 I WifiP2pService: Registering wifip2p
09-16 01:52:26.632  3653  3653 I SystemServiceManager: Starting com.android.server.wifi.WifiService
09-16 01:52:26.682  3653  3653 D WifiStateMachine: fst disabled
09-16 01:52:26.690  3653  3653 D HS20    : Passpoint is enabled, false
09-16 01:52:26.716  3280  3629 D CommandListener: Clearing all IP addresses on wlan0
09-16 01:52:26.917  3653  3653 E WifiLogger: no ring buffers found
09-16 01:52:26.917  3653  3653 E WifiLogger: Failed to start packet fate monitoring
09-16 01:52:26.918  3653  4747 D WifiApConfigStore: 2G band allowed channels are:1,6,11
09-16 01:52:26.922  3653  4747 E WifiApConfigStore: Error reading hotspot configuration java.io.FileNotFoundException: /data/misc/wifi/softap.conf (No such file or directory)
09-16 01:52:26.922  3653  4747 D WifiApConfigStore: Fallback to use default AP configuration
09-16 01:52:26.924  3653  3653 D WifiController: isAirplaneModeOn = false, isWifiEnabled = true, isScanningAvailable = false
09-16 01:52:26.929  3653  3653 E WifiService: ensureConcurrencyFile template file doesnt existjava.io.FileNotFoundException: /etc/wifi/wifi_concurrency_cfg.txt (No such file or directory)
09-16 01:52:26.929  3653  3653 I WifiService: Registering wifi
09-16 01:52:26.930  3653  3653 I SystemServiceManager: Starting com.android.server.wifi.scanner.WifiScanningService
09-16 01:52:26.930  3653  3653 I WifiScanningService: Creating wifiscanner
09-16 01:52:26.932  3653  3653 I WifiScanningService: Publishing wifiscanner
09-16 01:52:26.933  3653  3653 I SystemServiceManager: Starting com.android.server.wifi.RttService
09-16 01:52:26.933  3653  3653 I RttService: Creating rttmanager
09-16 01:52:26.934  3653  3653 I RttService: Starting rttmanager
09-16 01:52:26.935  3653  3653 I SystemServiceManager: Starting com.android.server.ethernet.EthernetService
09-16 01:52:26.935  3653  3653 I EthernetServiceImpl: Creating EthernetConfigStore
09-16 01:52:26.937  3653  3653 E IpConfigStore: Error parsing configuration: java.io.FileNotFoundException: /data/misc/ethernet/ipconfig.txt (No such file or directory)
09-16 01:52:26.937  3653  3653 W EthernetConfigStore: No Ethernet configuration found. Using default.
09-16 01:52:26.937  3653  3653 I EthernetServiceImpl: Read stored IP configuration: IP assignment: DHCP
09-16 01:52:26.937  3653  3653 I EthernetServiceImpl: Proxy settings: NONE
09-16 01:52:26.938  3653  3653 I EthernetService: Registering service ethernet
09-16 01:52:26.938  3653  3653 I SystemServer: StartConnectivityService
09-16 01:52:26.949  3653  3653 D ConnectivityService: ConnectivityService starting up
09-16 01:52:26.954  3653  3653 D ConnectivityService: wifiOnly=false
09-16 01:52:26.971  3653  3653 I SystemServer: StartNsdService
09-16 01:52:26.973  3653  3653 I SystemServer: StartUpdateLockService
09-16 01:52:26.975  3653  3653 I SystemServiceManager: Starting com.android.server.RecoverySystemService
09-16 01:52:26.976  3653  3653 I SystemServiceManager: Starting com.android.server.notification.NotificationManagerService
09-16 01:52:26.988  3653  3653 D ConditionProviders.SCP: new ScheduleConditionProvider()
09-16 01:52:27.015  3653  3653 D ZenLog  : set_zen_mode: off,init
09-16 01:52:27.028  3653  3653 I SystemServiceManager: Starting com.android.server.storage.DeviceStorageMonitorService
09-16 01:52:27.030  3653  3653 I SystemServer: StartLocationManagerService
09-16 01:52:27.032  3653  3653 I SystemServer: StartCountryDetectorService
09-16 01:52:27.033  3653  3653 I SystemServer: StartSearchManagerService
09-16 01:52:27.033  3653  3653 I SystemServiceManager: Starting com.android.server.search.SearchManagerService$Lifecycle
09-16 01:52:27.036  3653  3653 I SystemServiceManager: Starting com.android.server.DropBoxManagerService
09-16 01:52:27.037  3653  3653 I SystemServer: StartWallpaperManagerService
09-16 01:52:27.037  3653  3653 I SystemServiceManager: Starting com.android.server.wallpaper.WallpaperManagerService$Lifecycle
09-16 01:52:27.040  3653  3653 E BitmapFactory: Unable to decode stream: java.io.FileNotFoundException: /data/system/users/0/wallpaper_orig (No such file or directory)
09-16 01:52:27.040  3653  3653 E WallpaperManagerService: Invalid wallpaper data
09-16 01:52:27.040  3653  3653 E WallpaperManagerService: Unable to apply new wallpaper
09-16 01:52:27.040  3653  3653 W WallpaperManagerService: no current wallpaper -- first boot?
09-16 01:52:27.041  3653  3653 I SystemServer: StartAudioService
09-16 01:52:27.041  3653  3653 I SystemServiceManager: Starting com.android.server.audio.AudioService$Lifecycle
09-16 01:52:27.045  3272  3496 D PermissionCache: checking android.permission.MODIFY_AUDIO_SETTINGS for uid=1000 => granted (481 us)
09-16 01:52:27.046  3653  3653 W TelecomManager: Telecom Service not found.
09-16 01:52:27.051  3272  3488 W AudioFlinger: no wake lock to update, system not ready yet
09-16 01:52:27.051  3272  3491 W AudioFlinger: no wake lock to update, system not ready yet
09-16 01:52:27.085  3653  3653 I SystemServiceManager: Starting com.android.server.DockObserver
09-16 01:52:27.087  3653  3653 I SystemServer: StartWiredAccessoryManager
09-16 01:52:27.088  3653  3653 W WiredAccessoryManager: This kernel does not have usb audio support
09-16 01:52:27.089  3653  3653 I SystemServiceManager: Starting com.android.server.usb.UsbService$Lifecycle
09-16 01:52:27.092  3653  3653 E UsbDeviceManager: failed to write to /sys/class/android_usb/android0/f_rndis/ethaddr
