09-05 21:36:30.116  3173  3173 V audio_hw_primary_abox: primary_out-out_get_format: exit with audio format = 0x1
09-05 21:36:30.116  3173  3173 V audio_hw_primary_abox: primary_out-out_get_sample_rate: exit with sample rate = 48000
09-05 21:36:30.116  3173  3173 V audio_hw_primary_abox: primary_out-out_get_channels: exit with channel mask = 0x3
09-05 21:36:30.116  3173  3173 I AudioFlinger: Using module 10 has the primary audio interface
09-05 21:36:30.116  3173  3380 I AudioFlinger: AudioFlinger's thread 0xf5b83180 ready to run
09-05 21:36:30.116  3173  3173 D audio_hw_primary_abox: device-adev_set_mode: enter with mode = 0, previous mode = 0
09-05 21:36:30.116  3173  3173 D audio_hw_primary_abox: device-adev_set_mode: exit
09-05 21:36:30.117  3173  3380 W BatteryNotifier: batterystats service unavailable!
09-05 21:36:30.117  3173  3380 V audio_hw_primary_abox: primary_out-out_standby: enter
09-05 21:36:30.117  3173  3380 V audio_hw_primary_abox: primary_out-out_standby: exit
09-05 21:36:30.117  3173  3380 W BatteryNotifier: batterystats service unavailable!
09-05 21:36:30.117  3173  3380 W BatteryNotifier: batterystats service unavailable!
09-05 21:36:30.117  3173  3380 D audio_hw_primary_abox: primary_out-out_set_parameters: enter with param = routing=2
09-05 21:36:30.117  3173  3380 D audio_hw_primary_abox: primary_out-out_set_parameters: Requested to change route from 0x2 to 0x2
09-05 21:36:30.117  3173  3380 D audio_hw_primary_abox: primary_out-out_set_parameters: exit
09-05 21:36:30.117  3173  3380 W AudioFlinger: no wake lock to update, system not ready yet
09-05 21:36:30.117  3173  3242 D audio_hw_primary_abox: device-adev_set_voice_volume: enter with volume level(1.000000)
09-05 21:36:30.118  3173  3242 D audio_hw_primary_abox: device-adev_set_voice_volume: exit
09-05 21:36:30.118  3173  3173 I AudioFlinger: openOutput(), module 10 Device 2, SamplingRate 48000, Format 0x000001, Channels 3, flags 4
09-05 21:36:30.118  3173  3173 D audio_hw_primary_abox: device-adev_open_output_stream: enter: io_handle (21), sample_rate(48000) channel_mask(0x3) devices(0x2) flags(0x4)
09-05 21:36:30.118  3173  3173 D audio_hw_primary_abox: device-adev_open_output_stream: Requested open fast output
09-05 21:36:30.118  3173  3173 I audio_hw_primary_abox: Check PCM Channel Count: Default(2), Request(2)
09-05 21:36:30.118  3173  3173 I audio_hw_primary_abox: Check PCM Smapling Rate: Default(48000), Request(48000)
09-05 21:36:30.118  3173  3173 I audio_hw_primary_abox: Check PCM Format: Default(0), Request(0)
09-05 21:36:30.118  3173  3173 I audio_hw_primary_abox: fast_out-adev_open_output_stream: Transit to Standby
09-05 21:36:30.118  3173  3173 D PostProcessConvertor: PostProcessConvertorInit ++ OSR 192000, ISR 48000, CC 2, OBW 4, IBW 1 
09-05 21:36:30.118  3173  3173 D SoundAliveResampler: [SoundAliveResampler] Init+++
09-05 21:36:30.118  3173  3173 V audio_hw_primary_abox: fast_out-add_audio_usage: Added Audio Stream into Audio Usage list!
09-05 21:36:30.118  3173  3173 D audio_hw_primary_abox: device-adev_open_output_stream: Opened fast_out stream
09-05 21:36:30.118  3173  3173 V audio_hw_primary_abox: fast_out-out_get_format: exit with audio format = 0x1
09-05 21:36:30.118  3173  3173 V audio_hw_primary_abox: fast_out-out_get_channels: exit with channel mask = 0x3
09-05 21:36:30.118  3173  3173 V audio_hw_primary_abox: fast_out-out_get_sample_rate: exit with sample rate = 48000
09-05 21:36:30.118  3173  3173 V audio_hw_primary_abox: fast_out-out_get_channels: exit with channel mask = 0x3
09-05 21:36:30.118  3173  3173 V audio_hw_primary_abox: fast_out-out_get_format: exit with audio format = 0x1
09-05 21:36:30.118  3173  3173 V audio_hw_primary_abox: fast_out-out_get_format: exit with audio format = 0x1
09-05 21:36:30.118  3173  3173 V audio_hw_primary_abox: fast_out-out_get_format: exit with audio format = 0x1
09-05 21:36:30.118  3173  3173 V audio_hw_primary_abox: fast_out-out_get_channels: exit with channel mask = 0x3
09-05 21:36:30.118  3173  3173 V audio_hw_primary_abox: fast_out-out_get_buffer_size: Period Size = 192, Frame Size = 4
09-05 21:36:30.118  3173  3173 V audio_hw_primary_abox: fast_out-out_get_format: exit with audio format = 0x1
09-05 21:36:30.118  3173  3173 V audio_hw_primary_abox: fast_out-out_get_channels: exit with channel mask = 0x3
09-05 21:36:30.118  3173  3173 I AudioFlinger: HAL output buffer size 192 frames, normal sink buffer size 960 frames
09-05 21:36:30.118  3173  3173 V audio_hw_primary_abox: fast_out-out_get_format: exit with audio format = 0x1
09-05 21:36:30.118  3173  3173 V audio_hw_primary_abox: fast_out-out_get_channels: exit with channel mask = 0x3
09-05 21:36:30.118  3173  3173 V audio_hw_primary_abox: fast_out-out_get_buffer_size: Period Size = 192, Frame Size = 4
09-05 21:36:30.118  3173  3173 V audio_hw_primary_abox: fast_out-out_get_format: exit with audio format = 0x1
09-05 21:36:30.118  3173  3173 V audio_hw_primary_abox: fast_out-out_get_channels: exit with channel mask = 0x3
09-05 21:36:30.118  3173  3173 V audio_hw_primary_abox: fast_out-out_get_format: exit with audio format = 0x1
09-05 21:36:30.118  3173  3173 V audio_hw_primary_abox: fast_out-out_get_sample_rate: exit with sample rate = 48000
09-05 21:36:30.118  3173  3173 V audio_hw_primary_abox: fast_out-out_get_channels: exit with channel mask = 0x3
09-05 21:36:30.119  3173  3383 I AudioFlinger: AudioFlinger's thread 0xf5983980 ready to run
09-05 21:36:30.119  3173  3383 W BatteryNotifier: batterystats service unavailable!
09-05 21:36:30.119  3173  3383 V audio_hw_primary_abox: fast_out-out_standby: enter
09-05 21:36:30.119  3173  3383 V audio_hw_primary_abox: fast_out-out_standby: exit
09-05 21:36:30.119  3173  3383 W BatteryNotifier: batterystats service unavailable!
09-05 21:36:30.119  3173  3383 W BatteryNotifier: batterystats service unavailable!
09-05 21:36:30.119  3173  3383 D audio_hw_primary_abox: fast_out-out_set_parameters: enter with param = routing=2
09-05 21:36:30.119  3173  3383 D audio_hw_primary_abox: fast_out-out_set_parameters: Requested to change route from 0x2 to 0x2
09-05 21:36:30.119  3173  3383 D audio_hw_primary_abox: fast_out-out_set_parameters: exit
09-05 21:36:30.119  3173  3383 W AudioFlinger: no wake lock to update, system not ready yet
09-05 21:36:30.119  3173  3173 D audio_hw_primary_abox: device-adev_open_input_stream: enter: io_handle (14), sample_rate(48000) channel_mask(0xc) devices(0x80000004) flags(0) source(1)
09-05 21:36:30.119  3173  3173 I audio_hw_primary_abox: device-adev_open_input_stream: requested input samplerate decides audio path of csvt and vowifi, sample_rate = 48000
09-05 21:36:30.119  3173  3173 D audio_hw_primary_abox: device-adev_open_input_stream: Requested open Primary input
09-05 21:36:30.119  3173  3173 I audio_hw_primary_abox: is_voice_wakeup : ret =  0  , wakeup_baby_cry_enabled = 0  ,  wakeup_mic_enabled = 0 
09-05 21:36:30.119  3173  3173 I audio_hw_primary_abox: primary_in-adev_open_input_stream: Transit to Standby
09-05 21:36:30.119  3173  3173 V audio_hw_primary_abox: primary_in-add_audio_usage: Added Audio Stream into Audio Usage list!
09-05 21:36:30.119  3173  3173 D audio_hw_primary_abox: adev_open_input_stream: preprocessing_latency = 0
09-05 21:36:30.119  3173  3173 I audio_hw_primary_abox: adev_open_input_stream: input is null, set new input stream
09-05 21:36:30.119  3173  3173 D audio_hw_primary_abox: device-adev_open_input_stream: Opened primary_in stream
09-05 21:36:30.120  3173  3384 I AudioFlinger: AudioFlinger's thread 0xf5683f00 ready to run
09-05 21:36:30.120  3173  3173 D audio_hw_primary_abox: device-adev_close_input_stream: enter with Audio Usage(primary_in)
09-05 21:36:30.120  3173  3173 V audio_hw_primary_abox: stop_voice_note_recording
09-05 21:36:30.120  3173  3173 D audio_hw_primary_abox: primary_in-in_standby: enter
09-05 21:36:30.120  3173  3173 D audio_hw_primary_abox: primary_in-in_standby: exit
09-05 21:36:30.120  3173  3173 V audio_hw_primary_abox: primary_in-remove_audio_usage: Removed Audio Usage from Audio Usage list!
09-05 21:36:30.120  3173  3173 E audio_hw_primary_abox: adev_close_input_stream, set jack_in to null
09-05 21:36:30.120  3173  3173 D audio_hw_primary_abox: device-adev_close_input_stream: Closed primary_in stream
09-05 21:36:30.121  3173  3173 I bt_a2dp_hw: adev_open:  adev_open in A2dp_hw module
09-05 21:36:30.122  3173  3173 I AudioFlinger: loadHwModule() Loaded a2dp audio interface from A2DP Audio HW HAL (audio) handle 18
09-05 21:36:30.122  3173  3173 I AudioFlinger: loadHwModule() Loaded usb audio interface from USB audio HW HAL (audio) handle 26
09-05 21:36:30.123  3173  3173 I r_submix: adev_open(name=audio_hw_if)
09-05 21:36:30.123  3173  3173 I r_submix: adev_init_check()
09-05 21:36:30.123  3173  3173 I AudioFlinger: loadHwModule() Loaded r_submix audio interface from Wifi Display audio HAL (audio) handle 34
09-05 21:36:30.124  3173  3173 D r_submix: adev_open_input_stream(addr=0)
09-05 21:36:30.124  3173  3173 D r_submix: submix_audio_device_create_pipe_l(addr=0, idx=9)
09-05 21:36:30.124  3173  3173 D r_submix:   now using address 0 for route 9
09-05 21:36:30.124  3173  3386 I AudioFlinger: AudioFlinger's thread 0xf5603940 ready to run
09-05 21:36:30.124  3173  3173 D r_submix: adev_close_input_stream()
09-05 21:36:30.124  3173  3173 D r_submix: submix_audio_device_release_pipe_l(idx=9) addr=0
09-05 21:36:30.124  3173  3173 D r_submix: submix_audio_device_destroy_pipe_l(): pipe destroyed
09-05 21:36:30.124  3173  3173 I RadioService: RadioService
09-05 21:36:30.124  3173  3173 I RadioService: onFirstRef
09-05 21:36:30.125  3173  3173 E RadioService: couldn't load radio module radio.primary (No such file or directory)
09-05 21:36:30.125  3173  3173 E SoundTriggerHwService: couldn't load sound trigger module sound_trigger.primary (No such file or directory)
09-05 21:36:30.380  3137  3154 I TeeRegistryUpdate: Exiting registry update open thread [hardware/samsung_slsi/exynos8895/mobicore_kinibi400/Daemon/src/RegistryUpdate.cpp:143]
09-05 21:36:30.428  3181  3181 V NatController: runCmd(/system/bin/iptables -w -F natctrl_FORWARD) res=0
09-05 21:36:30.433  3181  3181 V NatController: runCmd(/system/bin/ip6tables -w -F natctrl_FORWARD) res=0
09-05 21:36:30.437  3181  3181 V NatController: runCmd(/system/bin/iptables -w -A natctrl_FORWARD -j DROP) res=0
09-05 21:36:30.441  3181  3181 V NatController: runCmd(/system/bin/iptables -w -t nat -F natctrl_nat_POSTROUTING) res=0
09-05 21:36:30.445  3181  3181 V NatController: runCmd(/system/bin/ip6tables -w -t raw -F natctrl_raw_PREROUTING) res=0
09-05 21:36:30.449  3181  3181 V NatController: runCmd(/system/bin/iptables -w -F natctrl_tether_counters) res=1
09-05 21:36:30.453  3181  3181 V NatController: runCmd(/system/bin/ip6tables -w -F natctrl_tether_counters) res=1
09-05 21:36:30.456  3181  3181 V NatController: runCmd(/system/bin/iptables -w -X natctrl_tether_counters) res=1
09-05 21:36:30.460  3181  3181 V NatController: runCmd(/system/bin/ip6tables -w -X natctrl_tether_counters) res=1
09-05 21:36:30.464  3181  3181 V NatController: runCmd(/system/bin/iptables -w -N natctrl_tether_counters) res=0
09-05 21:36:30.468  3181  3181 V NatController: runCmd(/system/bin/ip6tables -w -N natctrl_tether_counters) res=0
09-05 21:36:30.472  3181  3181 V NatController: runCmd(/system/bin/iptables -w -t mangle -A natctrl_mangle_FORWARD -p tcp --tcp-flags SYN SYN -j TCPMSS --clamp-mss-to-pmtu) res=0
09-05 21:36:30.518  3147  3147 D SurfaceFlinger: SF. shader cache generated - 26 shaders in 909.513428 ms
09-05 21:36:30.520  3147  3147 D SurfaceFlinger: Set power mode=2, type=0 flinger=0x7f93248000
09-05 21:36:30.530  3181  3181 E Netd    : cannot find interface dummy0
09-05 21:36:30.531  3181  3181 D MDnsDS  : MDnsSdListener::Hander starting up
09-05 21:36:30.531  3181  3505 D MDnsDS  : MDnsSdListener starting to monitor
09-05 21:36:30.531  3181  3505 D MDnsDS  : Going to poll with pollCount 1
09-05 21:36:30.559  3170  3170 D wrapperGPS: wrapperConnect_RILD
09-05 21:36:30.745  3497  3515 D libEGL  : loaded /vendor/lib64/egl/libGLES_mali.so
09-05 21:36:30.756  3497  3515 D mali_winsys: EGLint new_window_surface(egl_winsys_display*, void*, EGLSurface, EGLConfig, egl_winsys_surface**, egl_color_buffer_format*, EGLBoolean) returns 0x3000,  [1440x2960]-format:2
09-05 21:36:30.827  3515  3515 I BootAnimation: type=1400 audit(0.0:125): avc: denied { read write } for name="fimg2d" dev="tmpfs" ino=12393 scontext=u:r:bootanim:s0 tcontext=u:object_r:device:s0 tclass=chr_file permissive=1
09-05 21:36:30.827  3515  3515 I BootAnimation: type=1400 audit(0.0:125): avc: denied { open } for path="/dev/fimg2d" dev="tmpfs" ino=12393 scontext=u:r:bootanim:s0 tcontext=u:object_r:device:s0 tclass=chr_file permissive=1
09-05 21:36:30.827  3515  3515 W BootAnimation: type=1300 audit(0.0:125): arch=c00000b7 syscall=56 success=yes exit=14 a0=ffffff9c a1=7f8965a703 a2=2 a3=0 items=0 ppid=1 auid=4294967295 uid=1003 gid=1003 euid=1003 suid=1003 fsuid=1003 egid=1003 sgid=1003 fsgid=1003 tty=(none) ses=4294967295 exe="/system/bin/bootanimation" subj=u:r:bootanim:s0 key=(null)
09-05 21:36:30.827  3076  3076 W auditd  : type=1327 audit(0.0:125): proctitle="/system/bin/bootanimation"
09-05 21:36:30.827  3076  3076 W auditd  : type=1320 audit(0.0:125): 
09-05 21:36:30.827  3515  3515 I BootAnimation: type=1400 audit(0.0:126): avc: denied { ioctl } for path="/dev/fimg2d" dev="tmpfs" ino=12393 ioctlcmd=4d04 scontext=u:r:bootanim:s0 tcontext=u:object_r:device:s0 tclass=chr_file permissive=1
09-05 21:36:30.827  3515  3515 W BootAnimation: type=1300 audit(0.0:126): arch=c00000b7 syscall=29 success=yes exit=0 a0=f a1=c1104d04 a2=7f8550d2b0 a3=0 items=0 ppid=1 auid=4294967295 uid=1003 gid=1003 euid=1003 suid=1003 fsuid=1003 egid=1003 sgid=1003 fsgid=1003 tty=(none) ses=4294967295 exe="/system/bin/bootanimation" subj=u:r:bootanim:s0 key=(null)
09-05 21:36:30.827  3076  3076 W auditd  : type=1327 audit(0.0:126): proctitle="/system/bin/bootanimation"
09-05 21:36:30.827  3076  3076 W auditd  : type=1320 audit(0.0:126): 
09-05 21:36:31.415  3322  3322 I dex2oat : Explicit concurrent mark sweep GC freed 7869(1469KB) AllocSpace objects, 0(0B) LOS objects, 66% free, 1825KB/5MB, paused 41us total 7.782ms
09-05 21:36:31.422  3308  3308 I dex2oat : Explicit concurrent mark sweep GC freed 7869(2MB) AllocSpace objects, 0(0B) LOS objects, 61% free, 2MB/6MB, paused 41us total 8.526ms
09-05 21:36:31.559  3170  3170 D wrapperGPS: wrapperConnect_RILD
09-05 21:36:32.076  3322  3322 I dex2oat : dex2oat took 2.172s (threads: 8) arena alloc=0B (0B) java alloc=1829KB (1873040B) native alloc=7MB (7784736B) free=4MB (4798176B)
09-05 21:36:32.076  3308  3308 I dex2oat : dex2oat took 2.199s (threads: 8) arena alloc=0B (0B) java alloc=2MB (2608704B) native alloc=10MB (10597096B) free=5MB (5262616B)
09-05 21:36:32.102  3172  3172 D ICU     : No timezone override file found: /data/misc/zoneinfo/current/icu/icu_tzdata.dat
09-05 21:36:32.106  3171  3171 D ICU     : No timezone override file found: /data/misc/zoneinfo/current/icu/icu_tzdata.dat
09-05 21:36:32.131  3171  3171 W art     : Before Android 4.1, method double java.util.concurrent.ThreadLocalRandom.internalNextDouble(double, double) would have incorrectly overridden the package-private method in java.util.Random
09-05 21:36:32.131  3171  3171 W art     : Before Android 4.1, method int java.util.concurrent.ThreadLocalRandom.internalNextInt(int, int) would have incorrectly overridden the package-private method in java.util.Random
09-05 21:36:32.131  3171  3171 W art     : Before Android 4.1, method long java.util.concurrent.ThreadLocalRandom.internalNextLong(long, long) would have incorrectly overridden the package-private method in java.util.Random
09-05 21:36:32.132  3172  3172 W art     : Before Android 4.1, method double java.util.concurrent.ThreadLocalRandom.internalNextDouble(double, double) would have incorrectly overridden the package-private method in java.util.Random
09-05 21:36:32.132  3172  3172 W art     : Before Android 4.1, method int java.util.concurrent.ThreadLocalRandom.internalNextInt(int, int) would have incorrectly overridden the package-private method in java.util.Random
09-05 21:36:32.132  3172  3172 W art     : Before Android 4.1, method long java.util.concurrent.ThreadLocalRandom.internalNextLong(long, long) would have incorrectly overridden the package-private method in java.util.Random
09-05 21:36:32.246  3171  3171 I Radio-JNI: register_android_hardware_Radio DONE
09-05 21:36:32.253  3172  3172 I Radio-JNI: register_android_hardware_Radio DONE
09-05 21:36:32.278  3171  3171 I SamplingProfilerIntegration: Profiling disabled.
09-05 21:36:32.278  3171  3171 D Zygote  : begin preload
09-05 21:36:32.278  3171  3171 I Zygote  : Installing ICU cache reference pinning...
09-05 21:36:32.279  3171  3171 I Zygote  : Preloading ICU data...
09-05 21:36:32.289  3172  3172 I SamplingProfilerIntegration: Profiling disabled.
09-05 21:36:32.290  3172  3172 D Zygote  : begin preload
09-05 21:36:32.290  3172  3172 I Zygote  : Installing ICU cache reference pinning...
09-05 21:36:32.290  3172  3172 I Zygote  : Preloading ICU data...
09-05 21:36:32.410  3171  3171 I Zygote  : Preloading classes...
09-05 21:36:32.416  3171  3171 W Zygote  : Class not found for preloading: [Landroid.view.Display$ColorTransform;
09-05 21:36:32.441  3172  3172 I Zygote  : Preloading classes...
09-05 21:36:32.448  3172  3172 W Zygote  : Class not found for preloading: [Landroid.view.Display$ColorTransform;
09-05 21:36:32.559  3170  3170 D wrapperGPS: wrapperConnect_RILD
09-05 21:36:32.817  3171  3171 E Typeface: Error mapping font file /system/fonts/DroidSansFallback.ttf
09-05 21:36:32.821  3172  3172 E Typeface: Error mapping font file /system/fonts/DroidSansFallback.ttf
09-05 21:36:33.118  3173  3380 W BatteryNotifier: batterystats service unavailable!
09-05 21:36:33.129  3173  3383 W BatteryNotifier: batterystats service unavailable!
09-05 21:36:33.560  3170  3170 D wrapperGPS: wrapperConnect_RILD
09-05 21:36:33.628  3171  3171 I art     : Thread[1,tid=3171,Native,Thread*=0x7f8d295a00,peer=0x12c420d0,"main"] recursive attempt to load library "/system/lib64/libmedia_jni.so"
09-05 21:36:33.628  3171  3171 D MtpDeviceJNI: register_android_mtp_MtpDevice
09-05 21:36:33.630  3171  3171 I art     : Thread[1,tid=3171,Native,Thread*=0x7f8d295a00,peer=0x12c420d0,"main"] recursive attempt to load library "/system/lib64/libmedia_jni.so"
09-05 21:36:33.630  3171  3171 I art     : Thread[1,tid=3171,Native,Thread*=0x7f8d295a00,peer=0x12c420d0,"main"] recursive attempt to load library "/system/lib64/libmedia_jni.so"
09-05 21:36:33.671  3171  3171 E FFMPEGSoftCodec: Failed to load FFMPEG plugin: (null)
09-05 21:36:33.768  3172  3172 I art     : Thread[1,tid=3172,Native,Thread*=0xf4385400,peer=0x12c04f70,"main"] recursive attempt to load library "/system/lib/libmedia_jni.so"
09-05 21:36:33.768  3172  3172 D MtpDeviceJNI: register_android_mtp_MtpDevice
09-05 21:36:33.769  3172  3172 I art     : Thread[1,tid=3172,Native,Thread*=0xf4385400,peer=0x12c04f70,"main"] recursive attempt to load library "/system/lib/libmedia_jni.so"
09-05 21:36:33.769  3172  3172 I art     : Thread[1,tid=3172,Native,Thread*=0xf4385400,peer=0x12c04f70,"main"] recursive attempt to load library "/system/lib/libmedia_jni.so"
09-05 21:36:33.812  3172  3172 E FFMPEGSoftCodec: Failed to load FFMPEG plugin: (null)
09-05 21:36:34.038  3171  3171 W Zygote  : Class not found for preloading: android.view.Display$ColorTransform
09-05 21:36:34.038  3171  3171 W Zygote  : Class not found for preloading: android.view.Display$ColorTransform$1
09-05 21:36:34.207  3172  3172 W Zygote  : Class not found for preloading: android.view.Display$ColorTransform
09-05 21:36:34.207  3172  3172 W Zygote  : Class not found for preloading: android.view.Display$ColorTransform$1
09-05 21:36:34.275  3171  3171 W System  : ClassLoader referenced unknown path: /system/framework/tcmclient.jar
09-05 21:36:34.504  3172  3172 W System  : ClassLoader referenced unknown path: /system/framework/tcmclient.jar
09-05 21:36:34.530  3171  3171 I System  : Loaded time zone names for "" in 62ms (28ms in ICU)
09-05 21:36:34.560  3170  3170 D wrapperGPS: wrapperConnect_RILD
09-05 21:36:34.571  3171  3171 I System  : Loaded time zone names for "en_US" in 40ms (9ms in ICU)
09-05 21:36:34.768  3172  3172 I System  : Loaded time zone names for "" in 63ms (18ms in ICU)
09-05 21:36:34.824  3172  3172 I System  : Loaded time zone names for "en_US" in 55ms (11ms in ICU)
09-05 21:36:34.863  3171  3171 I Zygote  : ...preloaded 4158 classes in 2453ms.
09-05 21:36:34.863  3171  3171 I art     : VMRuntime.preloadDexCaches starting
09-05 21:36:34.908  3171  3171 I art     : VMRuntime.preloadDexCaches strings total=288444 before=12011 after=12011
09-05 21:36:34.908  3171  3171 I art     : VMRuntime.preloadDexCaches types total=23810 before=9280 after=11325
09-05 21:36:34.908  3171  3171 I art     : VMRuntime.preloadDexCaches fields total=113941 before=41160 after=54105
09-05 21:36:34.908  3171  3171 I art     : VMRuntime.preloadDexCaches methods total=199717 before=78591 after=96703
09-05 21:36:34.908  3171  3171 I art     : VMRuntime.preloadDexCaches finished
09-05 21:36:34.908  3171  3171 I Zygote  : Preloading resources...
09-05 21:36:34.944  3171  3171 W Resources: Preloaded drawable resource #0x108025c (android:drawable/dialog_background_material) that varies with configuration!!
09-05 21:36:34.952  3171  3171 W Resources: Preloaded color resource #0x10600ea (android:color/material_grey_800) that varies with configuration!!
09-05 21:36:34.952  3171  3171 W Resources: Preloaded drawable resource #0x10802c9 (android:drawable/floating_popup_background_dark) that varies with configuration!!
09-05 21:36:35.088  3171  3171 I Zygote  : ...preloaded 114 resources in 180ms.
09-05 21:36:35.097  3171  3171 W Resources: Preloaded color resource #0x1060114 (android:color/background_cache_hint_selector_material_dark) that varies with configuration!!
09-05 21:36:35.098  3171  3171 W Resources: Preloaded color resource #0x1060119 (android:color/btn_default_material_dark) that varies with configuration!!
09-05 21:36:35.100  3171  3171 I Zygote  : ...preloaded 41 resources in 12ms.
09-05 21:36:35.102  3171  3171 I Zygote  : ...preloaded 2 resource in 2ms.
09-05 21:36:35.112  3171  3171 D libEGL  : loaded /vendor/lib64/egl/libGLES_mali.so
09-05 21:36:35.120  3171  3171 I Zygote  : Preloading shared libraries...
09-05 21:36:35.144  3171  3171 I Zygote  : Uninstalled ICU cache reference pinning...
09-05 21:36:35.152  3171  3171 I Zygote  : Installed AndroidKeyStoreProvider in 8ms.
09-05 21:36:35.187  3172  3172 I Zygote  : ...preloaded 4158 classes in 2745ms.
09-05 21:36:35.187  3172  3172 I art     : VMRuntime.preloadDexCaches starting
09-05 21:36:35.244  3172  3172 I art     : VMRuntime.preloadDexCaches strings total=288444 before=12011 after=12011
09-05 21:36:35.244  3172  3172 I art     : VMRuntime.preloadDexCaches types total=23810 before=9280 after=11325
09-05 21:36:35.244  3172  3172 I art     : VMRuntime.preloadDexCaches fields total=113941 before=41160 after=54105
09-05 21:36:35.244  3172  3172 I art     : VMRuntime.preloadDexCaches methods total=199717 before=78591 after=96703
09-05 21:36:35.244  3172  3172 I art     : VMRuntime.preloadDexCaches finished
09-05 21:36:35.245  3172  3172 I Zygote  : Preloading resources...
09-05 21:36:35.258  3171  3171 I Zygote  : Warmed up JCA providers in 106ms.
09-05 21:36:35.258  3171  3171 D Zygote  : end preload
09-05 21:36:35.258  3171  3171 I art     : Starting a blocking GC Explicit
09-05 21:36:35.269  3171  3171 I art     : Explicit concurrent mark sweep GC freed 3470(155KB) AllocSpace objects, 0(0B) LOS objects, 39% free, 10MB/17MB, paused 48us total 10.031ms
09-05 21:36:35.269  3171  3171 I art     : Starting a blocking GC Explicit
09-05 21:36:35.278  3171  3171 I art     : Explicit concurrent mark sweep GC freed 43(1504B) AllocSpace objects, 0(0B) LOS objects, 40% free, 10MB/17MB, paused 51us total 9.413ms
09-05 21:36:35.281  3172  3172 W Resources: Preloaded drawable resource #0x108025c (android:drawable/dialog_background_material) that varies with configuration!!
09-05 21:36:35.288  3172  3172 W Resources: Preloaded color resource #0x10600ea (android:color/material_grey_800) that varies with configuration!!
09-05 21:36:35.288  3172  3172 W Resources: Preloaded drawable resource #0x10802c9 (android:drawable/floating_popup_background_dark) that varies with configuration!!
09-05 21:36:35.296  3171  3561 I art     : Starting a blocking GC HeapTrim
09-05 21:36:35.297  3171  3171 I art     : Starting a blocking GC Background
09-05 21:36:35.335  3564  3564 I main    : type=1400 audit(0.0:127): avc: denied { sys_nice } for capability=23 scontext=u:r:zygote:s0 tcontext=u:r:zygote:s0 tclass=capability permissive=1
09-05 21:36:35.335  3564  3564 W main    : type=1300 audit(0.0:127): arch=c00000b7 syscall=119 success=yes exit=0 a0=dec a1=0 a2=7fe3319bd0 a3=0 items=0 ppid=3171 auid=4294967295 uid=1000 gid=1000 euid=1000 suid=1000 fsuid=1000 egid=1000 sgid=1000 fsgid=1000 tty=(none) ses=4294967295 exe="/system/bin/app_process64" subj=u:r:zygote:s0 key=(null)
09-05 21:36:35.335  3076  3076 W auditd  : type=1327 audit(0.0:127): proctitle="zygote64"
09-05 21:36:35.335  3076  3076 W auditd  : type=1320 audit(0.0:127): 
09-05 21:36:35.340  3171  3171 I Zygote  : System server process 3564 has been created
09-05 21:36:35.340  3171  3171 I Zygote  : Accepting command socket connections
09-05 21:36:35.419  3172  3172 I Zygote  : ...preloaded 114 resources in 174ms.
09-05 21:36:35.427  3172  3172 W Resources: Preloaded color resource #0x1060114 (android:color/background_cache_hint_selector_material_dark) that varies with configuration!!
09-05 21:36:35.428  3172  3172 W Resources: Preloaded color resource #0x1060119 (android:color/btn_default_material_dark) that varies with configuration!!
09-05 21:36:35.430  3172  3172 I Zygote  : ...preloaded 41 resources in 12ms.
09-05 21:36:35.433  3172  3172 I Zygote  : ...preloaded 2 resource in 3ms.
09-05 21:36:35.467  3172  3172 D libEGL  : loaded /vendor/lib/egl/libGLES_mali.so
09-05 21:36:35.479  3172  3172 I Zygote  : Preloading shared libraries...
09-05 21:36:35.504  3172  3172 I Zygote  : Uninstalled ICU cache reference pinning...
09-05 21:36:35.513  3172  3172 I Zygote  : Installed AndroidKeyStoreProvider in 9ms.
09-05 21:36:35.560  3170  3170 D wrapperGPS: wrapperConnect_RILD
09-05 21:36:35.656  3172  3172 I Zygote  : Warmed up JCA providers in 142ms.
09-05 21:36:35.656  3172  3172 D Zygote  : end preload
09-05 21:36:35.656  3172  3172 I art     : Starting a blocking GC Explicit
09-05 21:36:35.667  3172  3172 I art     : Explicit concurrent mark sweep GC freed 3374(153KB) AllocSpace objects, 0(0B) LOS objects, 40% free, 9MB/16MB, paused 88us total 11.150ms
09-05 21:36:35.667  3172  3172 I art     : Starting a blocking GC Explicit
09-05 21:36:35.677  3172  3172 I art     : Explicit concurrent mark sweep GC freed 52(2152B) AllocSpace objects, 0(0B) LOS objects, 39% free, 9MB/16MB, paused 71us total 9.976ms
09-05 21:36:35.699  3172  3172 I Zygote  : Accepting command socket connections
09-05 21:36:35.701  3564  3564 I Zygote  : Process: zygote socket opened, supported ABIS: armeabi-v7a,armeabi
09-05 21:36:35.703  3564  3564 I InstallerConnection: connecting...
09-05 21:36:35.703  3175  3175 I         : new connection
09-05 21:36:35.720  3575  3575 I dex2oat : /system/bin/dex2oat --compiler-filter=speed
09-05 21:36:36.044  3575  3575 I dex2oat : dex2oat took 323.868ms (threads: 8) arena alloc=2MB (2632120B) java alloc=815KB (834912B) native alloc=3MB (3260336B) free=5MB (5652560B)
09-05 21:36:36.063  3586  3586 I dex2oat : /system/bin/dex2oat --compiler-filter=speed
09-05 21:36:36.149  3586  3586 I dex2oat : dex2oat took 86.085ms (threads: 8) arena alloc=662KB (678696B) java alloc=120KB (123840B) native alloc=1245KB (1275512B) free=4MB (4491656B)
09-05 21:36:36.168  3595  3595 I dex2oat : /system/bin/dex2oat --compiler-filter=speed
09-05 21:36:36.560  3170  3170 D wrapperGPS: wrapperConnect_RILD
09-05 21:36:37.561  3170  3170 D wrapperGPS: wrapperConnect_RILD
09-05 21:36:38.561  3170  3170 D wrapperGPS: wrapperConnect_RILD
09-05 21:36:39.020  3595  3599 W dex2oat : Compilation of android.content.pm.PackageParser$Package com.android.server.pm.PackageManagerService.scanPackageDirtyLI(android.content.pm.PackageParser$Package, int, int, long, android.os.UserHandle) took 105.811ms
09-05 21:36:39.246  3595  3599 W dex2oat : Compilation of void com.android.server.pm.PackageManagerService.dump(java.io.FileDescriptor, java.io.PrintWriter, java.lang.String[]) took 116.400ms
09-05 21:36:39.561  3170  3170 D wrapperGPS: wrapperConnect_RILD
09-05 21:36:39.723  3595  3595 I dex2oat : dex2oat took 3.554s (threads: 8) arena alloc=13MB (14565992B) java alloc=3MB (4119856B) native alloc=34MB (36335832B) free=18MB (19500840B)
09-05 21:36:39.747  3609  3609 I dex2oat : /system/bin/dex2oat --compiler-filter=speed
09-05 21:36:40.026  3609  3609 I dex2oat : dex2oat took 279.813ms (threads: 8) arena alloc=1048KB (1073232B) java alloc=227KB (232744B) native alloc=2MB (2347528B) free=3MB (3943928B)
09-05 21:36:40.046  3640  3640 I dex2oat : /system/bin/dex2oat --compiler-filter=speed
09-05 21:36:40.562  3170  3170 D wrapperGPS: wrapperConnect_RILD
09-05 21:36:40.768  3640  3640 I dex2oat : dex2oat took 721.763ms (threads: 8) arena alloc=11MB (11701072B) java alloc=718KB (735800B) native alloc=5MB (6004960B) free=16MB (16801568B)
09-05 21:36:40.772  3564  3564 I InstallerConnection: disconnecting...
09-05 21:36:40.772  3175  3175 E         : eof
09-05 21:36:40.772  3175  3175 E         : failed to read size
09-05 21:36:40.772  3175  3175 I         : closing connection
09-05 21:36:40.776  3564  3564 W art     : Found duplicate classes, falling back to interpreter mode for /system/framework/wifi-service.jar
09-05 21:36:40.776  3564  3564 W art     : Found duplicated class when checking oat files: 'Lcom/google/protobuf/nano/MessageNano;' in /system/framework/services.jar and /system/framework/wifi-service.jar
09-05 21:36:40.800  3564  3564 I SystemServer: Entered the Android system server!
09-05 21:36:40.822  3564  3564 I SystemServiceManager: Starting com.android.server.pm.Installer
09-05 21:36:40.822  3564  3564 I Installer: Waiting for installd to be ready.
09-05 21:36:40.822  3564  3564 I InstallerConnection: connecting...
09-05 21:36:40.822  3175  3175 I         : new connection
09-05 21:36:40.823  3564  3564 I SystemServiceManager: Starting com.android.server.am.ActivityManagerService$Lifecycle
09-05 21:36:40.831  3564  3564 I ActivityManager: Memory class: 256
09-05 21:36:40.832  3564  3653 I ServiceThread: Enabled StrictMode logging for ActivityManager looper.
09-05 21:36:40.833  3564  3654 I ServiceThread: Enabled StrictMode logging for android.ui looper.
09-05 21:36:40.869  3564  3564 D BatteryStatsImpl: Reading daily items from /data/system/batterystats-daily.xml
09-05 21:36:40.900  3564  3564 I AppOps  : No existing app ops /data/system/appops.xml; starting empty
09-05 21:36:40.988  3564  3564 I IntentFirewall: Read new rules (A:0 B:0 S:0)
09-05 21:36:40.992  3564  3660 I ServiceThread: Enabled StrictMode logging for android.display looper.
09-05 21:36:41.002  3564  3564 D AppOps  : AppOpsService published
09-05 21:36:41.002  3564  3564 I SystemServiceManager: Starting com.android.server.power.PowerManagerService
09-05 21:36:41.003  3564  3662 I ServiceThread: Enabled StrictMode logging for PowerManagerService looper.
09-05 21:36:41.006  3564  3564 I SamsungPowerHAL: Initialized settings:
09-05 21:36:41.006  3564  3564 I SamsungPowerHAL: max_freqs: cluster[0]: 1690000, cluster[1]: 2314000
09-05 21:36:41.006  3564  3564 I SamsungPowerHAL: hispeed_freqs: cluster[0]: 1690000, cluster[1]: 2496000
09-05 21:36:41.006  3564  3564 I SamsungPowerHAL: boostpulse_fd: 62
09-05 21:36:41.006  3564  3564 I SamsungPowerHAL: touchscreen_power_path: /sys/class/input/input0/enabled
09-05 21:36:41.006  3564  3564 I SamsungPowerHAL: touchkey_power_path: NULL
09-05 21:36:41.006  3564  3564 W libsuspend: Error writing 'on' to /sys/power/state: Invalid argument
09-05 21:36:41.006  3564  3564 I libsuspend: Selected wakeup count
09-05 21:36:41.008  3564  3564 I SystemServiceManager: Starting com.android.server.lights.LightsService
09-05 21:36:41.009  3564  3564 I SystemServiceManager: Starting com.android.server.display.DisplayManagerService
09-05 21:36:41.011  3564  3564 I SystemServiceManager: Starting phase 100
09-05 21:36:41.012  3564  3660 W LocalDisplayAdapter: Unable to get active color mode for display device 0
09-05 21:36:41.013  3564  3660 E LocalDisplayAdapter: Default and active color mode is no longer available! Reverting to first available mode.
09-05 21:36:41.013  3147  3190 E SurfaceFlinger: getDefaultDisplay: id=2 is not a valid default display id
09-05 21:36:41.014  3564  3660 I DisplayManagerService: Display device added: DisplayDeviceInfo{"Built-in Screen": uniqueId="local:0", 1440 x 2960, modeId 1, defaultModeId 1, supportedModes [{id=1, width=1440, height=2960, fps=60.000004}], colorMode -22, supportedColorModes [-22], HdrCapabilities android.view.Display$HdrCapabilities@a69d6308, density 560, 522.514 x 525.762 dpi, appVsyncOff 1000000, presDeadline 16666666, touch INTERNAL, rotation 0, type BUILT_IN, state UNKNOWN, FLAG_DEFAULT_DISPLAY, FLAG_ROTATES_WITH_CONTENT, FLAG_SECURE, FLAG_SUPPORTS_PROTECTED_BUFFERS}
09-05 21:36:41.015  3147  3147 D SurfaceFlinger: Set power mode=2, type=0 flinger=0x7f93248000
09-05 21:36:41.015  3147  3147 D SurfaceFlinger: Screen type=0 is already mode=2
09-05 21:36:41.024  3564  3660 I DisplayManagerService: Display device changed state: "Built-in Screen", ON
09-05 21:36:41.025  3564  3564 I SystemServer: StartPackageManagerService
09-05 21:36:41.030  3564  3564 W FileUtils: Failed to chmod(/data/system/packages.list): android.system.ErrnoException: chmod failed: ENOENT (No such file or directory)
09-05 21:36:41.159  3564  3564 D SELinuxMMAC: Using policy file /system/etc/security/mac_permissions.xml
09-05 21:36:41.166  3564  3564 I PackageManager: No settings file; creating initial state
09-05 21:36:41.188  3667  3667 I dex2oat : /system/bin/dex2oat --compiler-filter=speed
09-05 21:36:41.491  3667  3667 I dex2oat : dex2oat took 303.838ms (threads: 8) arena alloc=2MB (2121656B) java alloc=721KB (738704B) native alloc=2MB (2719256B) free=4MB (4620776B)
09-05 21:36:41.511  3676  3676 I dex2oat : /system/bin/dex2oat --compiler-filter=speed
09-05 21:36:41.562  3170  3170 D wrapperGPS: wrapperConnect_RILD
09-05 21:36:41.588  3676  3676 I dex2oat : dex2oat took 77.059ms (threads: 8) arena alloc=487KB (499480B) java alloc=320KB (327880B) native alloc=1301KB (1333016B) free=3MB (3909864B)
09-05 21:36:41.606  3685  3685 I dex2oat : /system/bin/dex2oat --compiler-filter=speed
09-05 21:36:41.684  3685  3685 I dex2oat : dex2oat took 78.733ms (threads: 8) arena alloc=252KB (258320B) java alloc=48KB (49240B) native alloc=1109KB (1136024B) free=1962KB (2009704B)
09-05 21:36:41.703  3694  3694 I dex2oat : /system/bin/dex2oat --compiler-filter=speed
09-05 21:36:41.814  3694  3694 I dex2oat : dex2oat took 111.317ms (threads: 8) arena alloc=2MB (2666816B) java alloc=154KB (158472B) native alloc=1284KB (1315408B) free=5MB (5500336B)
09-05 21:36:41.832  3703  3703 I dex2oat : /system/bin/dex2oat --compiler-filter=speed
09-05 21:36:41.900  3703  3703 I dex2oat : dex2oat took 68.701ms (threads: 8) arena alloc=672KB (688808B) java alloc=83KB (85032B) native alloc=968KB (992184B) free=3MB (3726408B)
09-05 21:36:41.920  3712  3712 I dex2oat : /system/bin/dex2oat --compiler-filter=speed
09-05 21:36:42.074  3712  3712 I dex2oat : dex2oat took 154.618ms (threads: 8) arena alloc=1775KB (1817688B) java alloc=477KB (488752B) native alloc=1732KB (1774088B) free=4MB (5041656B)
09-05 21:36:42.077  3564  3564 E art     : DexFile_getDexOptNeeded file '/system/framework/org.apache.http.legacy.jar' does not exist
09-05 21:36:42.077  3564  3564 W PackageManager: Library not found: /system/framework/org.apache.http.legacy.jar
09-05 21:36:42.093  3721  3721 I dex2oat : /system/bin/dex2oat --compiler-filter=speed
09-05 21:36:42.162  3721  3721 I dex2oat : dex2oat took 69.366ms (threads: 8) arena alloc=401KB (411392B) java alloc=110KB (113008B) native alloc=1170KB (1198920B) free=3MB (3519672B)
09-05 21:36:42.181  3730  3730 I dex2oat : /system/bin/dex2oat --compiler-filter=speed
09-05 21:36:42.250  3730  3730 I dex2oat : dex2oat took 69.329ms (threads: 8) arena alloc=270KB (276528B) java alloc=136KB (139928B) native alloc=1121KB (1148056B) free=2MB (2521960B)
09-05 21:36:42.268  3739  3739 I dex2oat : /system/bin/dex2oat --compiler-filter=speed
09-05 21:36:42.291  3739  3739 I dex2oat : dex2oat took 22.376ms (threads: 8) arena alloc=84KB (86488B) java alloc=59KB (61128B) native alloc=1041KB (1066696B) free=2MB (2603320B)
09-05 21:36:42.309  3748  3748 I dex2oat : /system/bin/dex2oat --compiler-filter=speed
09-05 21:36:42.344  3748  3748 I dex2oat : dex2oat took 35.654ms (threads: 8) arena alloc=479KB (490792B) java alloc=245KB (251792B) native alloc=1325KB (1357072B) free=3MB (3361520B)
09-05 21:36:42.363  3757  3757 I dex2oat : /system/bin/dex2oat --compiler-filter=speed
09-05 21:36:42.389  3757  3757 I dex2oat : dex2oat took 26.419ms (threads: 8) arena alloc=262KB (268856B) java alloc=37KB (38472B) native alloc=1101KB (1127528B) free=1970KB (2018200B)
09-05 21:36:42.406  3766  3766 I dex2oat : /system/bin/dex2oat --compiler-filter=speed
09-05 21:36:42.477  3766  3766 I dex2oat : dex2oat took 71.122ms (threads: 8) arena alloc=2MB (2677368B) java alloc=131KB (134184B) native alloc=1337KB (1369768B) free=5MB (5445976B)
09-05 21:36:42.496  3775  3775 I dex2oat : /system/bin/dex2oat --compiler-filter=speed
09-05 21:36:42.562  3170  3170 D wrapperGPS: wrapperConnect_RILD
09-05 21:36:42.599  3775  3775 I dex2oat : dex2oat took 103.674ms (threads: 8) arena alloc=1744KB (1786056B) java alloc=453KB (464000B) native alloc=1395KB (1428720B) free=5MB (5387024B)
09-05 21:36:42.602  3564  3564 E art     : DexFile_getDexOptNeeded file '/system/framework/org.apache.http.legacy.jar' does not exist
09-05 21:36:42.602  3564  3564 W PackageManager: Library not found: /system/framework/org.apache.http.legacy.jar
09-05 21:36:42.618  3784  3784 I dex2oat : /system/bin/dex2oat --compiler-filter=speed
09-05 21:36:42.646  3784  3784 I dex2oat : dex2oat took 27.934ms (threads: 8) arena alloc=563KB (577056B) java alloc=76KB (78096B) native alloc=1139KB (1167192B) free=2MB (3027112B)
09-05 21:36:42.664  3793  3793 I dex2oat : /system/bin/dex2oat --compiler-filter=speed
09-05 21:36:42.692  3793  3793 I dex2oat : dex2oat took 28.285ms (threads: 8) arena alloc=323KB (331304B) java alloc=109KB (112560B) native alloc=1107KB (1134432B) free=2MB (3059872B)
09-05 21:36:42.710  3802  3802 I dex2oat : /system/bin/dex2oat --compiler-filter=speed
09-05 21:36:42.732  3802  3802 I dex2oat : dex2oat took 22.752ms (threads: 8) arena alloc=102KB (105336B) java alloc=59KB (61384B) native alloc=1044KB (1069904B) free=2027KB (2075824B)
09-05 21:36:42.735  3564  3564 D PackageManager: No files in app dir /vendor/overlay
09-05 21:36:42.736  3564  3564 D PackageManager: start scanDirLI:/system/framework
09-05 21:36:42.736  3564  3564 D PackageManager: max thread:6
09-05 21:36:42.762  3564  3812 I PackageManager: /system/framework/org.cyanogenmod.platform-res.apk changed; collecting certs
09-05 21:36:42.775  3564  3812 W PackageManager: Permission cyanogenmod.permission.WRITE_ALARMS from package cyanogenmod.platform in an unknown group android.permission-group.SYSTEM_CLOCK
09-05 21:36:42.775  3564  3812 W PackageManager: Permission cyanogenmod.permission.MANAGE_ALARMS from package cyanogenmod.platform in an unknown group android.permission-group.SYSTEM_CLOCK
09-05 21:36:42.775  3564  3812 W PackageManager: Permission cyanogenmod.permission.READ_ALARMS from package cyanogenmod.platform in an unknown group android.permission-group.SYSTEM_CLOCK
09-05 21:36:42.828  3564  3811 I PackageManager: /system/framework/framework-res.apk changed; collecting certs
09-05 21:36:42.921  3564  3564 D PackageManager: end scanDirLI:/system/framework
09-05 21:36:42.923  3564  3564 D PackageManager: start scanDirLI:/system/priv-app
09-05 21:36:42.923  3564  3564 D PackageManager: max thread:6
09-05 21:36:42.939  3564  3814 I PackageManager: /system/priv-app/BackupRestoreConfirmation changed; collecting certs
09-05 21:36:42.939  3564  3815 I PackageManager: /system/priv-app/BlockedNumberProvider changed; collecting certs
09-05 21:36:42.939  3564  3811 I PackageManager: /system/priv-app/CMSettingsProvider changed; collecting certs
09-05 21:36:42.942  3564  3813 I PackageManager: /system/priv-app/AudioFX changed; collecting certs
09-05 21:36:42.943  3564  3815 I PackageManager: New shared user android.uid.shared: id=10000
09-05 21:36:42.949  3564  3816 I PackageManager: /system/priv-app/CMAudioService changed; collecting certs
09-05 21:36:42.953  3564  3811 I PackageManager: /system/priv-app/CallLogBackup changed; collecting certs
09-05 21:36:42.957  3564  3815 I PackageManager: /system/priv-app/CalendarProvider changed; collecting certs
09-05 21:36:42.957  3564  3814 I PackageManager: /system/priv-app/CarrierConfig changed; collecting certs
09-05 21:36:42.959  3564  3812 I PackageManager: /system/priv-app/CMParts changed; collecting certs
09-05 21:36:42.961  3564  3815 I PackageManager: New shared user android.uid.calendar: id=10004
09-05 21:36:42.971  3564  3813 I PackageManager: /system/priv-app/CellBroadcastReceiver changed; collecting certs
09-05 21:36:42.974  3564  3814 I PackageManager: /system/priv-app/DefaultContainerService changed; collecting certs
09-05 21:36:42.975  3564  3815 I PackageManager: /system/priv-app/CtsShimPrivPrebuilt changed; collecting certs
09-05 21:36:42.982  3564  3811 I PackageManager: /system/priv-app/ContactsProvider changed; collecting certs
09-05 21:36:42.993  3564  3816 W PackageParser: No actions in intent filter at /system/priv-app/Contacts/Contacts.apk Binary XML file line #431
09-05 21:36:42.999  3564  3813 I PackageManager: /system/priv-app/DownloadProvider changed; collecting certs
09-05 21:36:43.000  3564  3816 I PackageManager: /system/priv-app/Contacts changed; collecting certs
09-05 21:36:43.004  3564  3813 I PackageManager: New shared user android.media: id=10009
09-05 21:36:43.005  3564  3812 I PackageManager: /system/priv-app/Eleven changed; collecting certs
09-05 21:36:43.005  3564  3815 I PackageManager: /system/priv-app/DocumentsUI changed; collecting certs
09-05 21:36:43.006  3564  3813 W PackageManager: Permission android.permission.DOWNLOAD_WITHOUT_NOTIFICATION from package com.android.providers.downloads in an unknown group android.permission-group.NETWORK
09-05 21:36:43.013  3564  3813 I PackageManager: /system/priv-app/ExtServices changed; collecting certs
09-05 21:36:43.015  3564  3814 W PackageParser: No actions in intent filter at /system/priv-app/Dialer/Dialer.apk Binary XML file line #207
09-05 21:36:43.019  3564  3811 I PackageManager: /system/priv-app/EmergencyInfo changed; collecting certs
09-05 21:36:43.021  3564  3814 I PackageManager: /system/priv-app/Dialer changed; collecting certs
09-05 21:36:43.031  3564  3813 I PackageManager: /system/priv-app/FusedLocation changed; collecting certs
09-05 21:36:43.032  3564  3815 I PackageManager: /system/priv-app/ExternalStorageProvider changed; collecting certs
09-05 21:36:43.036  3564  3811 I PackageManager: New shared user com.android.emergency.uid: id=10014
09-05 21:36:43.053  3564  3812 I PackageManager: /system/priv-app/InputDevices changed; collecting certs
09-05 21:36:43.061  3564  3816 I PackageManager: /system/priv-app/Gallery2 changed; collecting certs
09-05 21:36:43.062  3564  3813 I PackageManager: /system/priv-app/LineageSetupWizard changed; collecting certs
09-05 21:36:43.062  3564  3811 I PackageManager: /system/priv-app/ManagedProvisioning changed; collecting certs
09-05 21:36:43.063  3564  3812 I PackageManager: /system/priv-app/MmsService changed; collecting certs
09-05 21:36:43.073  3564  3815 I PackageManager: /system/priv-app/MediaProvider changed; collecting certs
09-05 21:36:43.080  3564  3814 I PackageManager: /system/priv-app/MtpDocumentsProvider changed; collecting certs
09-05 21:36:43.081  3564  3812 I PackageManager: /system/priv-app/OneTimeInitializer changed; collecting certs
09-05 21:36:43.084  3564  3815 I PackageManager: /system/priv-app/ProxyHandler changed; collecting certs
09-05 21:36:43.101  3564  3815 I PackageManager: /system/priv-app/SharedStorageBackup changed; collecting certs
09-05 21:36:43.102  3564  3811 I PackageManager: /system/priv-app/PackageInstaller changed; collecting certs
09-05 21:36:43.102  3564  3813 I PackageManager: /system/priv-app/Recorder changed; collecting certs
09-05 21:36:43.103  3564  3812 I PackageManager: /system/priv-app/SettingsProvider changed; collecting certs
09-05 21:36:43.114  3564  3816 W PackageParser: Ignoring duplicate uses-permissions/uses-permissions-sdk-m: android.permission.INSTALL_GRANT_RUNTIME_PERMISSIONS in package: com.android.shell at: Binary XML file line #102
09-05 21:36:43.115  3564  3815 I PackageManager: /system/priv-app/StatementService changed; collecting certs
09-05 21:36:43.118  3564  3816 I PackageManager: /system/priv-app/Shell changed; collecting certs
09-05 21:36:43.127  3564  3813 I PackageManager: /system/priv-app/StorageManager changed; collecting certs
09-05 21:36:43.130  3564  3811 I PackageManager: /system/priv-app/Tag changed; collecting certs
09-05 21:36:43.146  3564  3811 I PackageManager: /system/priv-app/TelephonyProvider changed; collecting certs
09-05 21:36:43.147  3564  3816 I PackageManager: /system/priv-app/Telecom changed; collecting certs
09-05 21:36:43.155  3564  3812 W PackageParser: Ignoring duplicate uses-permissions/uses-permissions-sdk-m: android.permission.CONFIGURE_WIFI_DISPLAY in package: com.android.systemui at: Binary XML file line #117
09-05 21:36:43.171  3564  3811 I PackageManager: /system/priv-app/Updater changed; collecting certs
09-05 21:36:43.174  3564  3812 I PackageManager: /system/priv-app/SystemUI changed; collecting certs
09-05 21:36:43.176  3564  3813 I PackageManager: /system/priv-app/Trebuchet changed; collecting certs
09-05 21:36:43.177  3564  3816 I PackageManager: /system/priv-app/VpnDialogs changed; collecting certs
09-05 21:36:43.177  3564  3814 W PackageParser: Ignoring duplicate uses-permissions/uses-permissions-sdk-m: android.permission.USE_CREDENTIALS in package: com.android.settings at: Binary XML file line #56
09-05 21:36:43.178  3564  3814 W PackageParser: Ignoring duplicate uses-permissions/uses-permissions-sdk-m: android.permission.READ_SYNC_SETTINGS in package: com.android.settings at: Binary XML file line #61
09-05 21:36:43.178  3564  3814 W PackageParser: Ignoring duplicate uses-permissions/uses-permissions-sdk-m: android.permission.WRITE_SYNC_SETTINGS in package: com.android.settings at: Binary XML file line #62
09-05 21:36:43.186  3564  3815 I PackageManager: /system/priv-app/TeleService changed; collecting certs
09-05 21:36:43.191  3564  3811 I PackageManager: /system/priv-app/WallpaperCropper changed; collecting certs
09-05 21:36:43.193  3564  3813 W PackageManager: Permission com.android.launcher.permission.INSTALL_SHORTCUT from package com.cyanogenmod.trebuchet in an unknown group android.permission-group.SYSTEM_TOOLS
09-05 21:36:43.193  3564  3813 W PackageManager: Permission com.android.launcher3.permission.READ_SETTINGS from package com.cyanogenmod.trebuchet in an unknown group android.permission-group.SYSTEM_TOOLS
09-05 21:36:43.194  3564  3813 W PackageManager: Permission com.android.launcher3.permission.WRITE_SETTINGS from package com.cyanogenmod.trebuchet in an unknown group android.permission-group.SYSTEM_TOOLS
09-05 21:36:43.202  3564  3813 I PackageManager: /system/priv-app/WeatherProvider changed; collecting certs
09-05 21:36:43.202  3564  3816 I PackageManager: /system/priv-app/WeatherManagerService changed; collecting certs
09-05 21:36:43.214  3564  3812 I PackageManager: New shared user android.uid.systemui: id=10033
09-05 21:36:43.288  3564  3814 I PackageManager: /system/priv-app/Settings changed; collecting certs
09-05 21:36:43.377  3564  3564 D PackageManager: end scanDirLI:/system/priv-app
09-05 21:36:43.378  3564  3564 D PackageManager: start scanDirLI:/system/app
09-05 21:36:43.378  3564  3564 D PackageManager: max thread:6
09-05 21:36:43.386  3564  3812 I PackageManager: /system/app/BluetoothMidiService changed; collecting certs
09-05 21:36:43.387  3564  3815 I PackageManager: /system/app/BookmarkProvider changed; collecting certs
09-05 21:36:43.389  3564  3816 I PackageManager: /system/app/BasicDreams changed; collecting certs
09-05 21:36:43.399  3564  3816 I PackageManager: /system/app/CaptivePortalLogin changed; collecting certs
09-05 21:36:43.399  3564  3813 W PackageParser: No actions in intent filter at /system/app/Bluetooth/Bluetooth.apk Binary XML file line #226
09-05 21:36:43.402  3564  3811 I PackageManager: /system/app/AdvancedDisplay changed; collecting certs
09-05 21:36:43.402  3564  3814 I PackageManager: /system/app/Calendar changed; collecting certs
09-05 21:36:43.404  3564  3813 I PackageManager: /system/app/Bluetooth changed; collecting certs
09-05 21:36:43.409  3564  3812 I PackageManager: /system/app/CertInstaller changed; collecting certs
09-05 21:36:43.409  3564  3816 I PackageManager: /system/app/CtsShimPrebuilt changed; collecting certs
09-05 21:36:43.409  3564  3815 I PackageManager: /system/app/Camera2 changed; collecting certs
