09-13 22:38:35.838  6067  6067 V PackageManager: Disabling com.google.android.gms/com.google.android.gms.update.SystemUpdateService$Receiver
09-13 22:38:35.838  6067  6067 W PackageManager: Unable to disable com.google.android.gms/com.google.android.gms.update.SystemUpdateService$Receiver
09-13 22:38:35.838  6067  6067 V PackageManager: Disabling com.google.android.gms/com.google.android.gms.update.SystemUpdateService$ActiveReceiver
09-13 22:38:35.838  6067  6067 W PackageManager: Unable to disable com.google.android.gms/com.google.android.gms.update.SystemUpdateService$ActiveReceiver
09-13 22:38:35.838  6067  6067 V PackageManager: Disabling com.google.android.gms/com.google.android.gms.update.SystemUpdateService$SecretCodeReceiver
09-13 22:38:35.838  6067  6067 W PackageManager: Unable to disable com.google.android.gms/com.google.android.gms.update.SystemUpdateService$SecretCodeReceiver
09-13 22:38:35.839  6067  6067 V PackageManager: Disabling com.google.android.gms/com.google.android.gms.update.SystemUpdateServiceReceiver
09-13 22:38:35.839  6067  6067 W PackageManager: Unable to disable com.google.android.gms/com.google.android.gms.update.SystemUpdateServiceReceiver
09-13 22:38:35.839  6067  6067 V PackageManager: Enabling com.google.android.gsf/com.google.android.gsf.update.SystemUpdateService
09-13 22:38:35.839  6067  6067 W PackageManager: Unable to enable com.google.android.gsf/com.google.android.gsf.update.SystemUpdateService
09-13 22:38:35.839  6067  6067 V PackageManager: Enabling com.google.android.gms/com.google.android.gms.update.SystemUpdateService
09-13 22:38:35.839  6067  6067 W PackageManager: Unable to enable com.google.android.gms/com.google.android.gms.update.SystemUpdateService
09-13 22:38:36.126  6067  6067 D PackageManager: Ephemeral resolver NOT found; no matching intent filters
09-13 22:38:36.127  6067  6067 I PackageManager: Ephemeral deactivated; missing resolver and installer
09-13 22:38:36.165  6067  6067 I SystemServer: StartOtaDexOptService
09-13 22:38:36.167  6067  6067 I SystemServer: StartUserManagerService
09-13 22:38:36.167  6067  6067 I SystemServiceManager: Starting com.android.server.pm.UserManagerService$LifeCycle
09-13 22:38:36.186  3159  3159 I lowmemorykiller: ActivityManager connected
09-13 22:38:36.187  6067  6067 I SystemServiceManager: Starting com.android.server.BatteryService
09-13 22:38:36.188  6067  6104 I chatty  : uid=1000 system_server expire 2 lines
09-13 22:38:36.199  6067  6067 I SystemServiceManager: Starting com.android.server.usage.UsageStatsService
09-13 22:38:36.206  6067  6067 I SystemServiceManager: Starting com.android.server.webkit.WebViewUpdateService
09-13 22:38:36.211  6067  6067 I SystemServer: Reading configuration...
09-13 22:38:36.211  6067  6067 I SystemServer: StartSchedulingPolicyService
09-13 22:38:36.212  6067  6067 I SystemServiceManager: Starting com.android.server.telecom.TelecomLoaderService
09-13 22:38:36.212  6067  6067 I SystemServer: StartTelephonyRegistry
09-13 22:38:36.217  6067  6067 I SystemServer: StartEntropyMixer
09-13 22:38:36.274  6067  6067 I EntropyMixer: Added HW RNG output to entropy pool
09-13 22:38:36.274  6067  6067 I EntropyMixer: Writing entropy...
09-13 22:38:36.302  6067  6067 I SystemServer: Camera Service
09-13 22:38:36.302  6067  6067 I SystemServiceManager: Starting com.android.server.camera.CameraService
09-13 22:38:36.307  6067  6105 I ServiceThread: Enabled StrictMode logging for CameraService_proxy looper.
09-13 22:38:36.311  6067  6067 I SystemServer: StartAccountManagerService
09-13 22:38:36.312  6067  6067 I SystemServiceManager: Starting com.android.server.accounts.AccountManagerService$Lifecycle
09-13 22:38:36.343  6067  6067 I SystemServer: StartContentService
09-13 22:38:36.343  6067  6067 I SystemServiceManager: Starting com.android.server.content.ContentService$Lifecycle
09-13 22:38:36.348  6067  6067 I SystemServer: InstallSystemProviders
09-13 22:38:36.447  6067  6067 I SystemServer: StartVibratorService
09-13 22:38:36.451  6067  6067 I SystemServer: StartConsumerIrService
09-13 22:38:36.452  6067  6067 I SystemServer: StartAlarmManagerService
09-13 22:38:36.452  6067  6067 I SystemServiceManager: Starting com.android.server.AlarmManagerService
09-13 22:38:36.457  6067  6067 I SystemServer: InitWatchdog
09-13 22:38:36.458  6067  6067 I SystemServer: StartInputManagerService
09-13 22:38:36.458  6067  6067 I InputManager: Initializing input manager, mUseDevInputEventForAudioJack=false
09-13 22:38:36.459  6067  6067 I SystemServer: StartWindowManagerService
09-13 22:38:36.497  6067  6088 I WindowManager: No existing display settings /data/system/display_settings.xml; starting empty
09-13 22:38:36.549  6067  6082 I chatty  : uid=1000 system_server expire 3 lines
09-13 22:38:36.554  5827  5827 E CameraService: getCameraVendorTagDescriptor: camera hardware module doesn't exist
09-13 22:38:36.678  6067  6067 I SystemServer: StartVrManagerService
09-13 22:38:36.678  6067  6067 I SystemServiceManager: Starting com.android.server.vr.VrManagerService
09-13 22:38:36.697  6067  6067 I InputManager: Starting input manager
09-13 22:38:36.700  6067  6111 I chatty  : uid=1000 system_server expire 40 lines
09-13 22:38:36.731  6067  6067 I SystemServiceManager: Starting com.android.server.BluetoothService
09-13 22:38:36.737  6067  6067 D BluetoothManagerService: Loading stored name and address
09-13 22:38:36.738  6067  6067 D BluetoothManagerService: Stored bluetooth Name=null,Address=null
09-13 22:38:36.740  6067  6067 D BluetoothManagerService: Bluetooth persisted state: 0
09-13 22:38:36.740  6067  6067 I SystemServer: ConnectivityMetricsLoggerService
09-13 22:38:36.741  6067  6067 I SystemServiceManager: Starting com.android.server.connectivity.MetricsLoggerService
09-13 22:38:36.742  6067  6067 I SystemServer: IpConnectivityMetrics
09-13 22:38:36.743  6067  6067 I SystemServiceManager: Starting com.android.server.connectivity.IpConnectivityMetrics
09-13 22:38:36.745  6067  6067 I SystemServer: PinnerService
09-13 22:38:36.745  6067  6067 I SystemServiceManager: Starting com.android.server.PinnerService
09-13 22:38:36.748  6067  6067 I SystemServiceManager: Starting com.android.server.InputMethodManagerService$Lifecycle
09-13 22:38:36.891  6067  6067 W InputMethodManagerService: No IME selected. Choose the most applicable IME.
09-13 22:38:36.897  6067  6067 I InputMethodManagerService: Default found, using com.android.inputmethod.latin/.LatinIME
09-13 22:38:36.899  6067  6067 I SystemServer: StartAccessibilityManagerService
09-13 22:38:36.911  6067  6067 I ActivityManager: Config changes=1df8 {1.0 ?mcc?mnc [en_US] ldltr sw411dp w411dp h845dp 560dpi nrml long port ?uimode ?night -touch -keyb/h/h -nav/h s.2}
09-13 22:38:36.917  6067  6067 I ActivityManager: Config changes=400 {1.0 ?mcc?mnc [en_US] ldltr sw411dp w411dp h773dp 560dpi nrml long port ?uimode ?night -touch -keyb/h/h -nav/h s.3}
09-13 22:38:36.921  6067  6067 W LocalDisplayAdapter: Unable to find color mode 0, ignoring request.
09-13 22:38:36.922  6067  6067 I SystemServiceManager: Starting com.android.server.MountService$Lifecycle
09-13 22:38:36.927  6067  6088 W LocalDisplayAdapter: Unable to find color mode 0, ignoring request.
09-13 22:38:36.933  6067  6112 D MountService: Thinking about init, mSystemReady=false, mDaemonConnected=true
09-13 22:38:36.933  6067  6112 D MountService: Thinking about reset, mSystemReady=false, mDaemonConnected=true
09-13 22:38:36.933  6067  6112 D MountService: Thinking about init, mSystemReady=false, mDaemonConnected=true
09-13 22:38:36.933  6067  6112 D MountService: Thinking about reset, mSystemReady=false, mDaemonConnected=true
09-13 22:38:36.934  6067  6067 I SystemServiceManager: Starting com.android.server.UiModeManagerService
09-13 22:38:36.934  6067  6112 D CryptdConnector: SND -> {1 cryptfs getfield SystemLocale}
09-13 22:38:36.935  6067  6067 I ActivityManager: Config changes=200 {1.0 ?mcc?mnc [en_US] ldltr sw411dp w411dp h773dp 560dpi nrml long port -touch -keyb/h/h -nav/h s.4}
09-13 22:38:36.938  6067  6114 D CryptdConnector: RCV <- {200 1 -1}
09-13 22:38:36.943  6067  6067 I SystemServer: StartLockSettingsService
09-13 22:38:36.943  6067  6080 I UsageStatsService: User[0] Rollover scheduled @ 2017-09-14 22:38:36(1505428716911)
09-13 22:38:36.943  6067  6067 I SystemServiceManager: Starting com.android.server.LockSettingsService$Lifecycle
09-13 22:38:36.944  6067  6080 E AppIdleHistory: Unable to read app idle file for user 0
09-13 22:38:36.944  6067  6112 W MountService: No primary storage mounted!
09-13 22:38:36.945  6067  6112 D VoldConnector: SND -> {1 asec list}
09-13 22:38:36.948  6067  6113 D VoldConnector: RCV <- {200 1 asec operation succeeded}
09-13 22:38:36.951  6067  6112 I chatty  : uid=1000 system_server expire 3 lines
09-13 22:38:36.959  6067  6112 W PackageManager: Unknown permission com.google.android.googleapps.permission.GOOGLE_AUTH in package com.android.providers.calendar
09-13 22:38:36.959  6067  6112 W PackageManager: Unknown permission com.google.android.googleapps.permission.GOOGLE_AUTH.cl in package com.android.providers.calendar
09-13 22:38:36.960  6067  6067 I SystemServiceManager: Starting com.android.server.DeviceIdleController
09-13 22:38:36.969  6067  6112 W PackageManager: Unknown permission cyanogenmod.permission.LEGALESE in package com.cyanogenmod.setupwizard
09-13 22:38:36.976  6067  6112 W PackageManager: Unknown permission com.android.gallery3d.permission.STORAGE_CHANGE in package com.android.camera2
09-13 22:38:36.977  6067  6112 W PackageManager: Unknown permission android.permission.NFC_UNLOCK in package com.android.nfc
09-13 22:38:36.979  6067  6112 W PackageManager: Unknown permission com.google.android.googleapps.permission.GOOGLE_AUTH.mail in package com.android.calendar
09-13 22:38:36.980  6067  6112 W PackageManager: Unknown permission com.android.launcher.permission.READ_SETTINGS in package com.android.onetimeinitializer
09-13 22:38:36.980  6067  6112 W PackageManager: Unknown permission com.android.launcher.permission.WRITE_SETTINGS in package com.android.onetimeinitializer
09-13 22:38:36.983  6067  6112 W PackageManager: Unknown permission com.android.launcher.permission.READ_SETTINGS in package com.cyanogenmod.trebuchet
09-13 22:38:36.983  6067  6112 W PackageManager: Unknown permission com.android.launcher.permission.WRITE_SETTINGS in package com.cyanogenmod.trebuchet
09-13 22:38:36.984  6067  6112 W PackageManager: Unknown permission com.google.android.permission.INSTALL_WEARABLE_PACKAGES in package com.android.packageinstaller
09-13 22:38:36.984  6067  6112 W PackageManager: Not granting permission android.permission.DELETE_PACKAGES to package com.svox.pico (protectionLevel=18 flags=0x3808be45)
09-13 22:38:36.986  6067  6112 W PackageManager: Unknown permission com.google.android.gallery3d.permission.PICASA_STORE in package com.android.dreams.phototable
09-13 22:38:36.987  6067  6112 W PackageManager: Unknown permission com.google.android.googleapps.permission.GOOGLE_AUTH in package com.android.settings
09-13 22:38:36.988  6067  6112 W PackageManager: Unknown permission com.android.launcher.permission.READ_SETTINGS in package com.android.settings
09-13 22:38:36.988  6067  6112 W PackageManager: Unknown permission com.android.launcher.permission.WRITE_SETTINGS in package com.android.settings
09-13 22:38:36.995  6067  6112 W PackageManager: Not granting permission android.permission.MANAGE_DOCUMENTS to package com.android.deskclock (protectionLevel=2 flags=0x3c49be45)
09-13 22:38:36.995  6067  6112 W PackageManager: Unknown permission com.android.deskclock.worldclock.permissions.WRITE_DATABASE in package com.android.deskclock
09-13 22:38:36.995  6067  6112 W PackageManager: Unknown permission org.codeaurora.permission.POWER_ON_ALERT in package com.android.deskclock
09-13 22:38:36.995  6067  6112 W PackageManager: Not granting permission android.permission.WRITE_SECURE_SETTINGS to package com.android.deskclock (protectionLevel=50 flags=0x3c49be45)
09-13 22:38:36.997  6067  6112 W PackageManager: Unknown permission com.cyanogenmod.lockclock.permission.READ_WEATHER in package com.android.systemui
09-13 22:38:36.999  6067  6112 W PackageManager: Unknown permission com.google.android.gallery3d.permission.GALLERY_PROVIDER in package com.android.bluetooth
09-13 22:38:37.001  6067  6112 W PackageManager: Unknown permission com.google.android.googleapps.permission.ACCESS_GOOGLE_PASSWORD in package com.android.development
09-13 22:38:37.001  6067  6112 W PackageManager: Unknown permission com.google.android.googleapps.permission.GOOGLE_AUTH in package com.android.development
09-13 22:38:37.001  6067  6112 W PackageManager: Unknown permission com.google.android.googleapps.permission.GOOGLE_AUTH.ALL_SERVICES in package com.android.development
09-13 22:38:37.001  6067  6112 W PackageManager: Unknown permission com.google.android.googleapps.permission.GOOGLE_AUTH.YouTubeUser in package com.android.development
09-13 22:38:37.315  6067  6112 W MountService: No primary storage mounted!
09-13 22:38:37.315  6067  6112 D VoldConnector: SND -> {2 asec list}
09-13 22:38:37.316  6067  6067 I SystemServiceManager: Starting com.android.server.devicepolicy.DevicePolicyManagerService$Lifecycle
09-13 22:38:37.319  6067  6113 D VoldConnector: RCV <- {200 2 asec operation succeeded}
09-13 22:38:37.331  6067  6067 I SystemServer: StartStatusBarManagerService
09-13 22:38:37.335  6067  6067 I SystemServer: StartClipboardService
09-13 22:38:37.343  6067  6067 I SystemServer: StartNetworkManagementService
09-13 22:38:37.348  6067  6115 I NetworkManagement: onDaemonConnected()
09-13 22:38:37.354  6067  6067 I SystemServiceManager: Starting com.android.server.TextServicesManagerService$Lifecycle
09-13 22:38:37.367  6067  6067 I SystemServer: StartNetworkScoreService
09-13 22:38:37.370  6067  6067 I SystemServer: StartNetworkStatsService
09-13 22:38:37.379  6067  6067 I SystemServer: StartNetworkPolicyManagerService
09-13 22:38:37.384  6067  6067 I SystemServer: No Wi-Fi NAN Service (NAN support Not Present)
09-13 22:38:37.385  6067  6067 I SystemServiceManager: Starting com.android.server.wifi.p2p.WifiP2pService
09-13 22:38:37.431  6067  6067 I SystemServiceManager: Starting com.android.server.wifi.WifiService
09-13 22:38:37.547  5830  6065 D CommandListener: Clearing all IP addresses on wlan0
09-13 22:38:37.566  6067  6110 I ActivityManager: Config changes=8 {1.0 ?mcc?mnc [en_US] ldltr sw411dp w411dp h773dp 560dpi nrml long port finger -keyb/h/h -nav/h s.5}
09-13 22:38:37.719  6067  6121 I chatty  : uid=1000 system_server expire 1 line
09-13 22:38:37.744  6067  6067 I SystemServiceManager: Starting com.android.server.wifi.scanner.WifiScanningService
09-13 22:38:37.753  6067  6067 I SystemServiceManager: Starting com.android.server.wifi.RttService
09-13 22:38:37.760  6067  6067 I SystemServiceManager: Starting com.android.server.ethernet.EthernetService
09-13 22:38:37.765  6067  6067 I SystemServer: StartConnectivityService
09-13 22:38:37.791  6067  6067 D ConnectivityService: ConnectivityService starting up
09-13 22:38:37.796  6067  6067 D ConnectivityService: wifiOnly=false
09-13 22:38:37.818  6067  6067 I SystemServer: StartNsdService
09-13 22:38:37.821  6067  6067 I SystemServer: StartUpdateLockService
09-13 22:38:37.823  6067  6067 I SystemServiceManager: Starting com.android.server.RecoverySystemService
09-13 22:38:37.826  6067  6067 I SystemServiceManager: Starting com.android.server.notification.NotificationManagerService
09-13 22:38:37.838  6067  6067 D ConditionProviders.SCP: new ScheduleConditionProvider()
09-13 22:38:37.846  6067  6067 D ZenLog  : config: readXml,ZenModeConfig[user=0,allowCalls=true,allowRepeatCallers=false,allowMessages=false,allowCallsFrom=contacts,allowMessagesFrom=contacts,allowReminders=true,allowEvents=true,allowWhenScreenOff=true,allowWhenScreenOn=true,automaticRules={ebb64fb9120746fca158afc531a8cfac=ZenRule[enabled=false,snoozing=false,name=Event,zenMode=ZEN_MODE_ALARMS,conditionId=condition://android/event?userId=-10000&calendar=&reply=1,condition=null,component=ComponentInfo{android/com.android.server.notification.EventConditionProvider},id=ebb64fb9120746fca158afc531a8cfac,creationTime=1505342292834,enabler=null], 0ef610916fd44f29816c48c595d35817=ZenRule[enabled=false,snoozing=false,name=Weeknight,zenMode=ZEN_MODE_ALARMS,conditionId=condition://android/schedule?days=1.2.3.4.5&start=22.0&end=7.0&exitAtAlarm=false,condition=null,component=ComponentInfo{android/com.android.server.notification.ScheduleConditionProvider},id=0ef610916fd44f29816c48c595d35817,creationTime=1505342292833,enabler=null], ac32766f39e44b489f5a6285bbfe3648=ZenRule[enabled=false,snoozing=false,name=Weekend,zenMode=ZEN_MODE_ALARMS,conditionId=condition://android/schedule?days=6.7&start=23.30&end=10.0&exitAtAlarm=false,condition=null,component=ComponentInfo{android/com.android.server.notification.ScheduleConditionProvider},id=ac32766f39e44b489f5a6285bbfe3648,creationTime=1505342292833,enabler=null]},manualRule=null],Diff[automaticRule[b95a094670e249e1abf04c76c6d000eb]:delete,automaticRule[ebb64fb9120746fca158afc531a8cfac]:insert,automaticRule[3d42202554b1414e8c06ae6024d20d33]:delete,automaticRule[d1165d185ccb42ca803ee156237a86ec]:delete,automaticRule[0ef610916fd44f29816c48c595d35817]:insert,automaticRule[ac32766f39e44b489f5a6285bbfe3648]:insert]
09-13 22:38:37.877  6067  6067 D ZenLog  : set_zen_mode: off,init
09-13 22:38:37.891  6067  6067 I SystemServiceManager: Starting com.android.server.storage.DeviceStorageMonitorService
09-13 22:38:37.894  6067  6067 I SystemServer: StartLocationManagerService
09-13 22:38:37.896  6067  6067 I SystemServer: StartCountryDetectorService
09-13 22:38:37.897  6067  6067 I SystemServer: StartSearchManagerService
09-13 22:38:37.897  6067  6067 I SystemServiceManager: Starting com.android.server.search.SearchManagerService$Lifecycle
09-13 22:38:37.899  6067  6067 I SystemServiceManager: Starting com.android.server.DropBoxManagerService
09-13 22:38:37.901  6067  6067 I SystemServer: StartWallpaperManagerService
09-13 22:38:37.901  6067  6067 I SystemServiceManager: Starting com.android.server.wallpaper.WallpaperManagerService$Lifecycle
09-13 22:38:37.903  6067  6067 E WallpaperManagerService: Invalid wallpaper data
09-13 22:38:37.903  6067  6067 E WallpaperManagerService: Unable to apply new wallpaper
09-13 22:38:37.903  6067  6067 W WallpaperManagerService: no current wallpaper -- first boot?
09-13 22:38:37.904  6067  6067 I SystemServer: StartAudioService
09-13 22:38:37.905  6067  6067 I SystemServiceManager: Starting com.android.server.audio.AudioService$Lifecycle
09-13 22:38:37.913  5831  5913 D PermissionCache: checking android.permission.MODIFY_AUDIO_SETTINGS for uid=1000 => granted (2029 us)
09-13 22:38:37.913  5831  5831 D PermissionCache: checking android.permission.MODIFY_AUDIO_SETTINGS for uid=1000 => granted (257 us)
09-13 22:38:37.913  5831  5913 I APM_AudioPolicyManager: setForceUse() usage 4, config 0, mPhoneState 0
09-13 22:38:37.913  5831  5913 W APM_AudioPolicyManager: setForceUse() usage 4, config 0 is Already setted
09-13 22:38:37.914  5831  6134 I APM_AudioPolicyManager: setForceUse() usage 3, config 8, mPhoneState 0
09-13 22:38:37.916  5831  5831 I APM_AudioPolicyManager: setForceUse() usage 6, config 0, mPhoneState 0
09-13 22:38:37.916  5831  5831 W APM_AudioPolicyManager: setForceUse() usage 6, config 0 is Already setted
09-13 22:38:37.918  5831  5904 W AudioFlinger: no wake lock to update, system not ready yet
09-13 22:38:37.918  5831  5906 W AudioFlinger: no wake lock to update, system not ready yet
09-13 22:38:37.959  6067  6067 I SystemServiceManager: Starting com.android.server.DockObserver
09-13 22:38:37.961  6067  6067 I SystemServer: StartWiredAccessoryManager
09-13 22:38:37.962  6067  6067 W WiredAccessoryManager: This kernel does not have usb audio support
09-13 22:38:37.962  6067  6067 I SystemServiceManager: Starting com.android.server.usb.UsbService$Lifecycle
09-13 22:38:37.963     1     1 I init    : type=1400 audit(0.0:672): avc: denied { write } for name="UDC" dev="configfs" ino=36734 scontext=u:r:init:s0 tcontext=u:object_r:configfs:s0 tclass=file permissive=1
09-13 22:38:37.966  6067  6067 E UsbDeviceManager: failed to write to /sys/class/android_usb/android0/f_rndis/ethaddr
09-13 22:38:37.966  6067  6067 I UsbDeviceManager: Setting USB config to adb
09-13 22:38:39.039  6067  6067 E UsbDeviceManager: waitForState(adb) FAILED: got none
09-13 22:38:39.040  6067  6067 E UsbDeviceManager: Failed to switch USB config to adb
09-13 22:38:39.041  6067  6067 E UsbDeviceManager: Failsafe 1: Restoring previous USB functions.
09-13 22:38:39.041  6067  6067 I UsbDeviceManager: Setting USB config to mtp,adb
09-13 22:38:39.043     1     1 I init    : type=1400 audit(0.0:673): avc: denied { write } for name="UDC" dev="configfs" ino=40310 scontext=u:r:init:s0 tcontext=u:object_r:configfs:s0 tclass=file permissive=1
09-13 22:38:39.144  6067  6067 I SystemServer: StartSerialService
09-13 22:38:39.149  6067  6067 I SystemServiceManager: Starting com.android.server.twilight.TwilightService
09-13 22:38:39.152  6067  6067 I SystemServiceManager: Starting com.android.server.job.JobSchedulerService
09-13 22:38:39.170  6067  6067 I SystemServiceManager: Starting com.android.server.soundtrigger.SoundTriggerService
09-13 22:38:39.174  6067  6067 I SystemServiceManager: Starting com.android.server.backup.BackupManagerService$Lifecycle
09-13 22:38:39.179  6067  6067 I SystemServiceManager: Starting com.android.server.appwidget.AppWidgetService
09-13 22:38:39.186  6067  6067 I SystemServiceManager: Starting com.android.server.voiceinteraction.VoiceInteractionManagerService
09-13 22:38:39.191  6067  6067 I SystemServer: Gesture Launcher Service
09-13 22:38:39.191  6067  6067 I SystemServiceManager: Starting com.android.server.GestureLauncherService
09-13 22:38:39.193  6067  6067 I SystemServiceManager: Starting com.android.server.SensorNotificationService
09-13 22:38:39.194  6067  6067 I SystemServiceManager: Starting com.android.server.ContextHubSystemService
09-13 22:38:39.196  6067  6067 I SystemServer: StartDiskStatsService
09-13 22:38:39.199  6067  6067 I SystemServer: StartSamplingProfilerService
09-13 22:38:39.218  6067  6067 I SystemServer: StartNetworkTimeUpdateService
09-13 22:38:39.222  6067  6067 I SystemServer: StartCommonTimeManagementService
09-13 22:38:39.226  6067  6067 I SystemServer: CertBlacklister
09-13 22:38:39.230  6067  6067 I SystemServiceManager: Starting com.android.server.emergency.EmergencyAffordanceService
09-13 22:38:39.232  6067  6067 I SystemServiceManager: Starting com.android.server.dreams.DreamManagerService
09-13 22:38:39.235  6067  6067 I SystemServer: StartAssetAtlasService
09-13 22:38:39.255  6067  6067 I SystemServiceManager: Starting com.android.server.print.PrintManagerService
09-13 22:38:39.256  6067  6147 I chatty  : uid=1000 system_server expire 2 lines
09-13 22:38:39.261  6067  6067 I SystemServiceManager: Starting com.android.server.restrictions.RestrictionsManagerService
09-13 22:38:39.264  6067  6067 I SystemServiceManager: Starting com.android.server.media.MediaSessionService
09-13 22:38:39.270  6067  6067 I SystemServer: StartMediaRouterService
09-13 22:38:39.272  6067  6067 I SystemServiceManager: Starting com.android.server.trust.TrustManagerService
09-13 22:38:39.276  6067  6067 I SystemServiceManager: Starting com.android.server.fingerprint.FingerprintService
09-13 22:38:39.290  3151  3209 E TeeMcDaemon: Insufficient data arrived [hardware/samsung_slsi/exynos8895/mobicore_kinibi400/Daemon/src/RegistryServer.cpp:404]
09-13 22:38:39.292  3191  3191 I chatty  : uid=1000(system) /system/bin/fingerprintd expire 153 lines
09-13 22:38:39.293  3151  3209 E TeeMcDaemon: Insufficient data arrived [hardware/samsung_slsi/exynos8895/mobicore_kinibi400/Daemon/src/RegistryServer.cpp:404]
09-13 22:38:39.307  6067  6067 V FingerprintService: Fingerprint HAL id: 548176953856
09-13 22:38:39.309  6067  6067 I SystemServer: StartBackgroundDexOptService
09-13 22:38:39.315  6067  6067 I SystemServiceManager: Starting com.android.server.pm.ShortcutService$Lifecycle
09-13 22:38:39.325  6067  6067 I SystemServiceManager: Starting com.android.server.pm.LauncherAppsService
09-13 22:38:39.327  6147  6147 I Thread-2: type=1400 audit(0.0:674): avc: denied { read write } for name="fimg2d" dev="tmpfs" ino=17376 scontext=u:r:system_server:s0 tcontext=u:object_r:device:s0 tclass=chr_file permissive=1
09-13 22:38:39.327  6147  6147 I Thread-2: type=1400 audit(0.0:674): avc: denied { open } for path="/dev/fimg2d" dev="tmpfs" ino=17376 scontext=u:r:system_server:s0 tcontext=u:object_r:device:s0 tclass=chr_file permissive=1
09-13 22:38:39.327  6147  6147 W Thread-2: type=1300 audit(0.0:674): arch=c00000b7 syscall=56 success=yes exit=147 a0=ffffff9c a1=7f6fbd4703 a2=2 a3=0 items=0 ppid=5828 auid=4294967295 uid=1000 gid=1000 euid=1000 suid=1000 fsuid=1000 egid=1000 sgid=1000 fsgid=1000 tty=(none) ses=4294967295 exe="/system/bin/app_process64" subj=u:r:system_server:s0 key=(null)
09-13 22:38:39.327  3086  3086 W auditd  : type=1327 audit(0.0:674): proctitle="system_server"
09-13 22:38:39.327  3086  3086 W auditd  : type=1320 audit(0.0:674): 
09-13 22:38:39.327  6147  6147 I Thread-2: type=1400 audit(0.0:675): avc: denied { ioctl } for path="/dev/fimg2d" dev="tmpfs" ino=17376 ioctlcmd=4d04 scontext=u:r:system_server:s0 tcontext=u:object_r:device:s0 tclass=chr_file permissive=1
09-13 22:38:39.327  6147  6147 W Thread-2: type=1300 audit(0.0:675): arch=c00000b7 syscall=29 success=yes exit=0 a0=94 a1=c1104d04 a2=7f5fc39ab0 a3=0 items=0 ppid=5828 auid=4294967295 uid=1000 gid=1000 euid=1000 suid=1000 fsuid=1000 egid=1000 sgid=1000 fsgid=1000 tty=(none) ses=4294967295 exe="/system/bin/app_process64" subj=u:r:system_server:s0 key=(null)
09-13 22:38:39.327  3086  3086 W auditd  : type=1327 audit(0.0:675): proctitle="system_server"
09-13 22:38:39.327  3086  3086 W auditd  : type=1320 audit(0.0:675): 
09-13 22:38:39.329  6067  6067 I SystemServiceManager: Starting com.android.server.media.projection.MediaProjectionManagerService
09-13 22:38:39.346  6067  6067 V MediaRouter: Selecting route: RouteInfo{ name=Phone, description=null, status=null, category=RouteCategory{ name=null types=ROUTE_TYPE_LIVE_AUDIO ROUTE_TYPE_LIVE_VIDEO  groupable=false }, supportedTypes=ROUTE_TYPE_LIVE_AUDIO ROUTE_TYPE_LIVE_VIDEO , presentationDisplay=null }
09-13 22:38:39.431  6067  6067 I WindowManager: SAFE MODE not enabled
09-13 22:38:39.437  6067  6067 I SystemServiceManager: Starting com.android.server.MmsServiceBroker
09-13 22:38:39.442  6067  6067 I CMSystemServer: Attempting to start service org.cyanogenmod.platform.internal.CMStatusBarManagerService
09-13 22:38:39.447  6067  6067 I CMSystemServer: Starting service org.cyanogenmod.platform.internal.CMStatusBarManagerService
09-13 22:38:39.447  6067  6067 I SystemServiceManager: Starting org.cyanogenmod.platform.internal.CMStatusBarManagerService
09-13 22:38:39.447  6067  6067 D CMStatusBarManagerService: registerCMStatusBar cmstatusbar: org.cyanogenmod.platform.internal.CMStatusBarManagerService@121f7c
09-13 22:38:39.452  6067  6067 I CMSystemServer: Attempting to start service org.cyanogenmod.platform.internal.ProfileManagerService
09-13 22:38:39.458  6067  6067 I CMSystemServer: Starting service org.cyanogenmod.platform.internal.ProfileManagerService
09-13 22:38:39.459  6067  6067 I SystemServiceManager: Starting org.cyanogenmod.platform.internal.ProfileManagerService
09-13 22:38:39.459  3160  3160 I chatty  : uid=1000(system) /system/bin/servicemanager expire 18 lines
09-13 22:38:39.466  6067  6067 V ProfileTriggerHelper: Enabling
09-13 22:38:39.471  6067  6067 D CMProfileService: Found active: 0230226d-0d05-494a-a9bd-d222a1117655
09-13 22:38:39.494  6067  6067 D CMProfileService: Set active profile to: 0230226d-0d05-494a-a9bd-d222a1117655 - Default
09-13 22:38:39.494  6067  6067 D CMProfileService: Saving profile data...
09-13 22:38:39.497  6067  6067 D CMProfileService: Save completed.
09-13 22:38:39.498  6067  6067 I CMSystemServer: Attempting to start service org.cyanogenmod.platform.internal.CMTelephonyManagerService
09-13 22:38:39.498  6067  6067 I CMSystemServer: Starting service org.cyanogenmod.platform.internal.CMTelephonyManagerService
09-13 22:38:39.498  6067  6067 I SystemServiceManager: Starting org.cyanogenmod.platform.internal.CMTelephonyManagerService
09-13 22:38:39.499  6067  6067 I CMSystemServer: Attempting to start service org.cyanogenmod.platform.internal.CMHardwareService
09-13 22:38:39.535  6067  6067 I CMSystemServer: Starting service org.cyanogenmod.platform.internal.CMHardwareService
09-13 22:38:39.535  6067  6067 I SystemServiceManager: Starting org.cyanogenmod.platform.internal.CMHardwareService
09-13 22:38:39.544  6067  6067 I CMSystemServer: Attempting to start service org.cyanogenmod.platform.internal.PerformanceManagerService
09-13 22:38:39.550  6067  6164 I ServiceThread: Enabled StrictMode logging for PerformanceManager looper.
09-13 22:38:39.551  6067  6067 I CMSystemServer: Starting service org.cyanogenmod.platform.internal.PerformanceManagerService
09-13 22:38:39.551  6067  6067 I SystemServiceManager: Starting org.cyanogenmod.platform.internal.PerformanceManagerService
09-13 22:38:39.555  6067  6165 I ServiceThread: Enabled StrictMode logging for PerformanceManager looper.
09-13 22:38:39.558  6067  6067 I CMSystemServer: Attempting to start service org.cyanogenmod.platform.internal.WeatherManagerServiceBroker
09-13 22:38:39.561  6067  6067 I CMSystemServer: Starting service org.cyanogenmod.platform.internal.WeatherManagerServiceBroker
09-13 22:38:39.561  6067  6067 I SystemServiceManager: Starting org.cyanogenmod.platform.internal.WeatherManagerServiceBroker
09-13 22:38:39.563  6067  6067 I CMSystemServer: Attempting to start service org.cyanogenmod.platform.internal.display.LiveDisplayService
09-13 22:38:39.571  6067  6167 I ServiceThread: Enabled StrictMode logging for LiveDisplay looper.
09-13 22:38:39.586  6067  6067 I CMSystemServer: Starting service org.cyanogenmod.platform.internal.display.LiveDisplayService
09-13 22:38:39.586  6067  6067 I SystemServiceManager: Starting org.cyanogenmod.platform.internal.display.LiveDisplayService
09-13 22:38:39.592  6067  6169 I ServiceThread: Enabled StrictMode logging for LiveDisplay looper.
09-13 22:38:39.599  6067  6067 I CMSystemServer: Attempting to start service org.cyanogenmod.platform.internal.CMAudioServiceBroker
09-13 22:38:39.602  6067  6067 I CMSystemServer: Starting service org.cyanogenmod.platform.internal.CMAudioServiceBroker
09-13 22:38:39.603  6067  6067 I SystemServiceManager: Starting org.cyanogenmod.platform.internal.CMAudioServiceBroker
09-13 22:38:39.604  6067  6067 I SystemServiceManager: Starting com.android.server.retaildemo.RetailDemoModeService
09-13 22:38:39.609  6067  6170 I ServiceThread: Enabled StrictMode logging for RetailDemoModeService looper.
09-13 22:38:39.669  6067  6067 E LockSettingsStorage: Cannot read file java.io.FileNotFoundException: /data/system/gatekeeper.password.key: open failed: ENOENT (No such file or directory)
09-13 22:38:39.670  6067  6067 E LockSettingsStorage: Cannot read file java.io.FileNotFoundException: /data/system/password.key: open failed: ENOENT (No such file or directory)
09-13 22:38:39.671  6067  6067 E LockSettingsStorage: Cannot read file java.io.FileNotFoundException: /data/system/gatekeeper.pattern.key: open failed: ENOENT (No such file or directory)
09-13 22:38:39.672  6067  6067 E LockSettingsStorage: Cannot read file java.io.FileNotFoundException: /data/system/gatekeeper.gesture.key: open failed: ENOENT (No such file or directory)
09-13 22:38:39.673  6067  6067 E LockSettingsStorage: Cannot read file java.io.FileNotFoundException: /data/system/gesture.key: open failed: ENOENT (No such file or directory)
09-13 22:38:39.673  6067  6067 I SystemServiceManager: Starting phase 480
09-13 22:38:39.682  6067  6067 I SystemServiceManager: Starting phase 500
09-13 22:38:39.696  6067  6067 D ConnectivityMetricsLoggerService: onBootPhase: PHASE_SYSTEM_SERVICES_READY
09-13 22:38:39.715  6067  6067 I WifiService: WifiService starting up with Wi-Fi enabled
09-13 22:38:39.721  6067  6067 D WifiService: setWifiEnabled: true pid=6067, uid=1000
09-13 22:38:39.722  6067  6067 I WifiScanningService: Starting wifiscanner
09-13 22:38:39.739  6067  6067 I RttService: Registering rttmanager
09-13 22:38:39.743  6067  6067 I EthernetServiceImpl: Starting Ethernet service
09-13 22:38:39.746  6067  6120 D WifiController: WifiController msg { when=-7ms what=155656 target=com.android.internal.util.StateMachine$SmHandler } deferred for 500ms
09-13 22:38:39.749  6067  6067 D Ethernet: Registering NetworkFactory
09-13 22:38:39.750  6067  6125 D ConnectivityService: Got NetworkFactory Messenger for Ethernet
09-13 22:38:39.754  6067  6172 D Ethernet: got request NetworkRequest [ REQUEST id=1, [ Capabilities: INTERNET&NOT_RESTRICTED&TRUSTED&NOT_VPN] ] with score 0
09-13 22:38:39.843  6067  6067 D ZenLog  : config: cleanUpZenRules,ZenModeConfig[user=0,allowCalls=true,allowRepeatCallers=false,allowMessages=false,allowCallsFrom=contacts,allowMessagesFrom=contacts,allowReminders=true,allowEvents=true,allowWhenScreenOff=true,allowWhenScreenOn=true,automaticRules={ebb64fb9120746fca158afc531a8cfac=ZenRule[enabled=false,snoozing=false,name=Event,zenMode=ZEN_MODE_ALARMS,conditionId=condition://android/event?userId=-10000&calendar=&reply=1,condition=null,component=ComponentInfo{android/com.android.server.notification.EventConditionProvider},id=ebb64fb9120746fca158afc531a8cfac,creationTime=1505342292834,enabler=null], 0ef610916fd44f29816c48c595d35817=ZenRule[enabled=false,snoozing=false,name=Weeknight,zenMode=ZEN_MODE_ALARMS,conditionId=condition://android/schedule?days=1.2.3.4.5&start=22.0&end=7.0&exitAtAlarm=false,condition=null,component=ComponentInfo{android/com.android.server.notification.ScheduleConditionProvider},id=0ef610916fd44f29816c48c595d35817,creationTime=1505342292833,enabler=null], ac32766f39e44b489f5a6285bbfe3648=ZenRule[enabled=false,snoozing=false,name=Weekend,zenMode=ZEN_MODE_ALARMS,conditionId=condition://android/schedule?days=6.7&start=23.30&end=10.0&exitAtAlarm=false,condition=null,component=ComponentInfo{android/com.android.server.notification.ScheduleConditionProvider},id=ac32766f39e44b489f5a6285bbfe3648,creationTime=1505342292833,enabler=null]},manualRule=null],Diff[]
09-13 22:38:39.845  6067  6067 D ZenLog  : set_zen_mode: off,onSystemReady
09-13 22:38:39.852  5831  6135 D PermissionCache: checking android.permission.CAPTURE_AUDIO_HOTWORD for uid=1000 => granted (541 us)
09-13 22:38:39.853  6067  6067 W SoundTriggerHelper: listModules status=0, # of modules=0
09-13 22:38:39.853  6067  6067 D ContextHubSystemService: onBootPhase: PHASE_SYSTEM_SERVICES_READY
09-13 22:38:39.868  6067  6067 E PerformanceManager: System is not ready, dropping profile request
09-13 22:38:39.950  6067  6088 W LocalDisplayAdapter: Unable to find color mode 0, ignoring request.
09-13 22:38:39.952  6067  6067 V UserManagerService: Found /data/user_de/0 with serial number 0
09-13 22:38:39.953  6067  6067 V UserManagerService: Found /data/user/0 with serial number 0
09-13 22:38:39.953  6067  6067 V UserManagerService: Found /data/system_de/0 with serial number 0
09-13 22:38:39.955  6067  6067 I ActivityManager: System now ready
09-13 22:38:39.971  6067  6067 I SystemServer: Making services ready
09-13 22:38:39.971  6067  6067 I SystemServiceManager: Starting phase 550
09-13 22:38:39.975  6067  6067 D BluetoothManagerService: Bluetooth boot completed
09-13 22:38:39.975  6067  6067 D BluetoothManagerService: Getting adapter name and address
09-13 22:38:39.975  6067  6087 D BluetoothManagerService: MESSAGE_GET_NAME_AND_ADDRESS
09-13 22:38:39.975  6067  6087 D BluetoothManagerService: Binding to service to get name and address
09-13 22:38:39.979  6067  6090 W KeyguardServiceDelegate: onScreenTurningOn(): no keyguard service!
09-13 22:38:39.995  6067  6087 I Zygote  : Process: zygote socket opened, supported ABIS: arm64-v8a
09-13 22:38:40.007  6067  6087 I Zygote  : Process: zygote socket opened, supported ABIS: armeabi-v7a,armeabi
09-13 22:38:40.027  6067  6087 I ActivityManager: Start proc 6175:com.android.bluetooth/1002 for service com.android.bluetooth/.btservice.AdapterService
09-13 22:38:40.061  6067  6067 E InputMethodManagerService: Ignoring updateSystemUiLocked due to an invalid token. uid:1000 token:null
09-13 22:38:40.118  6175  6175 E BluetoothVendorJni: register_com_android_bluetooth_btservice_vendor:
09-13 22:38:40.126  6067  6095 W MountService: No primary storage defined yet; hacking together a stub
09-13 22:38:40.143  6175  6175 D AdapterServiceConfig: addA2dpProfile: isA2dpSinkEnabled = falseisHfpClientEnabled false serviceName HeadsetService
09-13 22:38:40.144  6175  6175 D AdapterServiceConfig: Adding HeadsetService
09-13 22:38:40.144  6175  6175 D AdapterServiceConfig: addA2dpProfile: isA2dpSinkEnabled = falseisHfpClientEnabled false serviceName A2dpService
09-13 22:38:40.144  6175  6175 D AdapterServiceConfig: Adding A2dpService
09-13 22:38:40.144  6175  6175 D AdapterServiceConfig: addA2dpProfile: isA2dpSinkEnabled = falseisHfpClientEnabled false serviceName HidService
09-13 22:38:40.144  6175  6175 D AdapterServiceConfig: Adding HidService
09-13 22:38:40.144  6175  6175 D AdapterServiceConfig: addA2dpProfile: isA2dpSinkEnabled = falseisHfpClientEnabled false serviceName HealthService
09-13 22:38:40.144  6175  6175 D AdapterServiceConfig: Adding HealthService
09-13 22:38:40.144  6175  6175 D AdapterServiceConfig: addA2dpProfile: isA2dpSinkEnabled = falseisHfpClientEnabled false serviceName PanService
09-13 22:38:40.145  6175  6175 D AdapterServiceConfig: Adding PanService
09-13 22:38:40.145  6175  6175 D AdapterServiceConfig: addA2dpProfile: isA2dpSinkEnabled = falseisHfpClientEnabled false serviceName GattService
09-13 22:38:40.145  6175  6175 D AdapterServiceConfig: Adding GattService
09-13 22:38:40.145  6175  6175 D AdapterServiceConfig: addA2dpProfile: isA2dpSinkEnabled = falseisHfpClientEnabled false serviceName BluetoothMapService
09-13 22:38:40.145  6175  6175 D AdapterServiceConfig: Adding BluetoothMapService
09-13 22:38:40.173  6067  6067 W InputMethodManagerService: Reset the default IME as "Resource" is ready here.
09-13 22:38:40.179  6175  6175 E BluetoothVendorJni: register_com_android_bluetooth_btservice_vendor:
09-13 22:38:40.194  6175  6175 D BluetoothAdapterService: onCreate()
09-13 22:38:40.196  6175  6175 I BluetoothVendorJni: classInitNative: succeeds
09-13 22:38:40.198  6175  6175 D BluetoothAdapterState: make() - Creating AdapterState
09-13 22:38:40.201  6175  6175 I bt_btif : init
09-13 22:38:40.201  6175  6193 I BluetoothAdapterState: Entering OffState
09-13 22:38:40.201  6175  6194 W bt_osi_thread: run_thread: thread id 6194, thread name stack_manager started
09-13 22:38:40.201  6175  6194 I bt_stack_manager: event_init_stack is initializing the stack
09-13 22:38:40.201  6175  6194 I bt_core_module: module_init Initializing module "osi_module"
09-13 22:38:40.201  6175  6194 I bt_core_module: module_init Initialized module "osi_module"
09-13 22:38:40.201  6175  6194 I bt_core_module: module_init Initializing module "bt_utils_module"
09-13 22:38:40.201  6175  6194 I bt_utils: init_soc_type
09-13 22:38:40.202  6175  6194 I bt_utils: qcom.bluetooth.soc set to rome
09-13 22:38:40.202  6175  6194 I bt_core_module: module_init Initialized module "bt_utils_module"
09-13 22:38:40.202  6175  6194 I bt_core_module: module_init Initializing module "btif_config_module"
09-13 22:38:40.202  6175  6194 E bt_osi_config: config_new unable to open file '/data/misc/bluedroid/bt_config.conf': No such file or directory
09-13 22:38:40.202  6175  6194 W %s unable to load config file: %s; using backup.: init
09-13 22:38:40.202  6175  6194 E bt_osi_config: config_new unable to open file '/data/misc/bluedroid/bt_config.bak': No such file or directory
09-13 22:38:40.202  6175  6194 W %s unable to load backup; attempting to transcode legacy file.: init
09-13 22:38:40.202  6175  6194 E %s unable to load XML file '%s': %d: config_t *btif_config_transcode(const char *)
09-13 22:38:40.202  6175  6194 E %s unable to transcode legacy file; creating empty config.: init
09-13 22:38:40.203  6175  6197 W bt_osi_thread: run_thread: thread id 6197, thread name alarm_default_ca started
09-13 22:38:40.203  6175  6198 W bt_osi_thread: run_thread: thread id 6198, thread name alarm_dispatcher started
09-13 22:38:40.203  6175  6194 I bt_core_module: module_init Initialized module "btif_config_module"
09-13 22:38:40.203  6175  6194 I bt_core_module: module_init Initializing module "interop_module"
09-13 22:38:40.203  6175  6194 I bt_core_module: module_init Initialized module "interop_module"
09-13 22:38:40.203  6175  6194 I bt_core_module: module_init Initializing module "stack_config_module"
09-13 22:38:40.203  6175  6194 I bt_stack_config: init attempt to load stack conf from /etc/bluetooth/bt_stack.conf
09-13 22:38:40.204  6175  6194 I bt_core_module: module_init Initialized module "stack_config_module"
09-13 22:38:40.205  6175  6199 W bt_osi_thread: run_thread: thread id 6199, thread name bt_jni_workqueue started
09-13 22:38:40.205  6175  6194 I bt_stack_manager: event_init_stack finished
09-13 22:38:40.205  6175  6175 I bt_btif : get_profile_interface socket
09-13 22:38:40.210  6175  6175 I bt_btif : get_profile_interface sdp
09-13 22:38:40.211  6175  6199 D BluetoothAdapterProperties: Address is:90:06:28:83:34:F4
09-13 22:38:40.214  6175  6199 D BluetoothAdapterProperties: Name is: Samsung Galaxy S7 Edge
09-13 22:38:40.215  6175  6175 I bt_btif : get_profile_interface vendor
09-13 22:38:40.215  6175  6175 D BluetoothAdapterService: setAdapterService() - set to: null
09-13 22:38:40.216  6175  6175 D BluetoothAdapterService: onBind()
09-13 22:38:40.249  6067  6067 I InputMethodManagerService: Default found, using com.android.inputmethod.latin/.LatinIME
09-13 22:38:40.250  6067  6067 W InputMethodManagerService: Illegal subtype state: old subtype = null, new subtype = android.view.inputmethod.InputMethodSubtype@c9194f98
09-13 22:38:40.252  6067  6120 D WifiController: DEFERRED_TOGGLE handled
09-13 22:38:40.254  6067  6121 E WifiMonitor: killSupplicant p2ptrue init.svc.wpa_supplicant=unknown init.svc.p2p_supplicant=unknown
09-13 22:38:40.269  5830  6065 D SoftapController: Softap fwReload - Ok
09-13 22:38:40.283  6067  6067 I ActivityManager: Start proc 6201:com.android.inputmethod.latin/u0a64 for service com.android.inputmethod.latin/.LatinIME
09-13 22:38:40.284  6067  6067 V InputMethodManagerService: Adding window token: android.os.Binder@2e4749f
09-13 22:38:40.284  6067  6112 D MountService: Thinking about init, mSystemReady=true, mDaemonConnected=true
09-13 22:38:40.284  6067  6112 D MountService: Setting up emulation state, initlocked=false
09-13 22:38:40.284  6067  6112 D CryptdConnector: SND -> {2 cryptfs unlock_user_key 0 0 ! !}
09-13 22:38:40.291  3078  3147 D vold    : e4crypt_unlock_user_key 0 serial=0 token_present=0
09-13 22:38:40.291  5831  5831 D audio_hw_primary_abox: device-adev_set_parameters: enter with key(A2dpSuspended=false)
09-13 22:38:40.291  5831  5831 D audio_hw_primary_abox: device-adev_set_parameters: exit
09-13 22:38:40.291  3078  3147 E vold    : Failed to chmod /data/system_ce/0: No such file or directory
09-13 22:38:40.292  3078  3147 E vold    : Failed to chmod /data/misc_ce/0: No such file or directory
09-13 22:38:40.294  6067  6067 D UsbAlsaManager: Adding ALSA device AlsaDevice: [card: 0, device: 22, type: 1]
09-13 22:38:40.294  6067  6114 D CryptdConnector: RCV <- {200 2 Command succeeded}
09-13 22:38:40.295  6067  6067 D UsbAlsaManager: Adding ALSA device AlsaDevice: [card: 0, device: 22, type: 2]
09-13 22:38:40.295  6067  6067 D UsbAlsaManager: Adding ALSA device AlsaDevice: [card: 0, device: 21, type: 2]
09-13 22:38:40.295  6067  6067 D UsbAlsaManager: Adding ALSA device AlsaDevice: [card: 0, device: 20, type: 2]
09-13 22:38:40.295  6067  6067 D UsbAlsaManager: Adding ALSA device AlsaDevice: [card: 0, device: 12, type: 2]
09-13 22:38:40.296  6067  6067 D UsbAlsaManager: Adding ALSA device AlsaDevice: [card: 0, device: 11, type: 2]
09-13 22:38:40.296  6067  6067 D UsbAlsaManager: Adding ALSA device AlsaDevice: [card: 0, device: 10, type: 2]
09-13 22:38:40.296  6067  6067 D UsbAlsaManager: Adding ALSA device AlsaDevice: [card: 0, device: 9, type: 2]
09-13 22:38:40.296  6067  6067 D UsbAlsaManager: Adding ALSA device AlsaDevice: [card: 0, device: 7, type: 1]
09-13 22:38:40.297  6067  6067 D UsbAlsaManager: Adding ALSA device AlsaDevice: [card: 0, device: 8, type: 2]
09-13 22:38:40.297  6067  6067 D UsbAlsaManager: Adding ALSA device AlsaDevice: [card: 0, device: 6, type: 1]
09-13 22:38:40.297  6067  6067 D UsbAlsaManager: Adding ALSA device AlsaDevice: [card: 0, device: 4, type: 1]
09-13 22:38:40.298  6067  6067 D UsbAlsaManager: Adding ALSA device AlsaDevice: [card: 0, device: 3, type: 1]
09-13 22:38:40.298  6067  6067 D UsbAlsaManager: Adding ALSA device AlsaDevice: [card: 0, device: 2, type: 1]
09-13 22:38:40.298  6067  6067 D UsbAlsaManager: Adding ALSA device AlsaDevice: [card: 0, device: 1, type: 1]
09-13 22:38:40.298  6067  6067 D UsbAlsaManager: Adding ALSA device AlsaDevice: [card: 0, device: 0, type: 1]
09-13 22:38:40.302  6067  6067 W MountService: No primary storage defined yet; hacking together a stub
09-13 22:38:40.306  3191  6148 I chatty  : uid=1000(system) /system/bin/fingerprintd expire 19 lines
09-13 22:38:40.312  6067  6112 D MountService: Thinking about reset, mSystemReady=true, mDaemonConnected=true
09-13 22:38:40.313  5830  6065 D CommandListener: Setting iface cfg
09-13 22:38:40.313  5830  6065 D CommandListener: Trying to bring down wlan0
09-13 22:38:40.314  6067  6112 D VoldConnector: SND -> {3 volume reset}
09-13 22:38:40.314  6067  6132 D BluetoothManagerService: Trying to bind to profile: 1, while Bluetooth was disabled
09-13 22:38:40.318  6067  6113 D VoldConnector: RCV <- {651 emulated 5}
09-13 22:38:40.321  5830  6065 D CommandListener: Clearing all IP addresses on wlan0
09-13 22:38:40.337  6067  6067 I ActivityManager: Start proc 6214:com.android.systemui/u0a33 for service com.android.systemui/.keyguard.KeyguardService
09-13 22:38:40.338  6067  6067 I SystemServer: WebViewFactory preparation
09-13 22:38:40.339  6067  6081 I ActivityManager: Force stopping com.android.providers.media appid=10009 user=-1: vold reset
09-13 22:38:40.347  6067  6067 D WebViewFactory: Setting new address space to 126533072
09-13 22:38:40.373  5831  6134 I AudioFlinger: systemReady
09-13 22:38:40.383  6067  6230 E WVMExtractor: Failed to open libwvm.so: dlopen failed: library "libwvm.so" not found
09-13 22:38:40.392  6067  6067 I ActivityManager: Start proc 6233:WebViewLoader-armeabi-v7a/1037 [android.webkit.WebViewFactory$RelroFileCreator] for 
09-13 22:38:40.405  5829  5829 I MediaPlayerService: MediaPlayerService::getOMX
09-13 22:38:40.408  5829  5829 I EXYNOS_COMP_REGS: Loading the library: libOMX.Exynos.AVC.Decoder.so
09-13 22:38:40.411  6067  6067 I ActivityManager: Start proc 6245:WebViewLoader-arm64-v8a/1037 [android.webkit.WebViewFactory$RelroFileCreator] for 
09-13 22:38:40.414  5829  5829 I EXYNOS_COMP_REGS: Loading the library: libOMX.Exynos.AVC.Encoder.so
09-13 22:38:40.417  6067  6067 D NetworkManagement: enabling bandwidth control
09-13 22:38:40.417  6233  6233 V WebViewFactory: RelroFileCreator (64bit = false),  32-bit lib: /system/app/webview/webview.apk!/lib/armeabi-v7a/libwebviewchromium.so, 64-bit lib: /system/app/webview/webview.apk!/lib/arm64-v8a/libwebviewchromium.so
09-13 22:38:40.443  5829  5829 I EXYNOS_COMP_REGS: Loading the library: libOMX.Exynos.HEVC.Decoder.so
09-13 22:38:40.445  5829  5829 I EXYNOS_COMP_REGS: Loading the library: libOMX.Exynos.HEVC.Encoder.so
09-13 22:38:40.445  6233  6233 I art     : System.exit called, status: 0
09-13 22:38:40.445  6233  6233 I AndroidRuntime: VM exiting with result code 0, cleanup skipped.
09-13 22:38:40.447  6067  6086 I UsbPortManager: USB port added: port=UsbPort{id=otg_default, supportedModes=dual}, status=UsbPortStatus{connected=true, currentMode=ufp, currentPowerRole=sink, currentDataRole=device, supportedRoleCombinations=[source:host, sink:device]}, canChangeMode=true, canChangePowerRole=false, canChangeDataRole=false
09-13 22:38:40.447  5829  5829 I EXYNOS_COMP_REGS: Loading the library: libOMX.Exynos.MPEG4.Decoder.so
09-13 22:38:40.449  5829  5829 I EXYNOS_COMP_REGS: Loading the library: libOMX.Exynos.MPEG4.Encoder.so
09-13 22:38:40.450  5829  5829 I EXYNOS_COMP_REGS: Loading the library: libOMX.Exynos.VP8.Decoder.so
09-13 22:38:40.452  5626  5633 E sdcard  : [0] someone stole our marbles!
09-13 22:38:40.452  5829  5829 I EXYNOS_COMP_REGS: Loading the library: libOMX.Exynos.VP8.Encoder.so
09-13 22:38:40.454  5829  5829 I EXYNOS_COMP_REGS: Loading the library: libOMX.Exynos.VP9.Decoder.so
09-13 22:38:40.456  5829  5829 I EXYNOS_COMP_REGS: Loading the library: libOMX.Exynos.VP9.Encoder.so
09-13 22:38:40.458  5829  5829 I EXYNOS_COMP_REGS: Loading the library: libOMX.Exynos.WMV.Decoder.so
09-13 22:38:40.459  3086  3086 W auditd  : type=1325 audit(0.0:676): table=filter family=2 entries=96
09-13 22:38:40.459  3086  3086 W auditd  : type=1320 audit(0.0:676): 
09-13 22:38:40.459  3086  3086 W auditd  : type=1325 audit(0.0:677): table=raw family=2 entries=13
09-13 22:38:40.459  3086  3086 W auditd  : type=1320 audit(0.0:677): 
09-13 22:38:40.460  6245  6245 V WebViewFactory: RelroFileCreator (64bit = true),  32-bit lib: /system/app/webview/webview.apk!/lib/armeabi-v7a/libwebviewchromium.so, 64-bit lib: /system/app/webview/webview.apk!/lib/arm64-v8a/libwebviewchromium.so
