11-21 19:19:40.781  4365  4525 I SecHAL  : OSI_timer_start: exit
11-21 19:19:40.781  4365  4525 I SecHAL  : device_write: enter
11-21 19:19:40.781  4365  4525 I SecHAL  : device_write: before system call
11-21 19:19:40.781  4365  4525 I SecHAL  : device_write: after system call
11-21 19:19:40.781  4365  4525 D SecHAL  : data_trace:  Send(  7) 20 02 04   01 c5 01 01 
11-21 19:19:40.781  4365  4525 I SecHAL  : device_write: exit
11-21 19:19:40.782  4365  4524 D SecHAL  : read_thread: Sent message to HAL message task, remind que: 2
11-21 19:19:40.782  4365  4525 D SecHAL  : nfc_hal_task: Got a event: HAL_EVT_READ(4)
11-21 19:19:40.782  4365  4525 D SecHAL  : nfc_hal_task: current state: SERVICE
11-21 19:19:40.782  4365  4525 D SecHAL  : data_trace:  Recv(  6) 40 02 03   09 01 c5 
11-21 19:19:40.782  4365  4525 I SecHAL  : OSI_timer_start: enter,osi_lock
11-21 19:19:40.782  4365  4525 I SecHAL  : OSI_timer_start: before osi_unlock
11-21 19:19:40.782  4365  4525 I SecHAL  : OSI_timer_start: exit
11-21 19:19:40.782  4365  4525 I SecHAL  : nfc_data_callback: !
11-21 19:19:40.782  4365  4525 D NfcAdaptation: NfcAdaptation::HalDeviceContextDataCallback: len=6
11-21 19:19:40.782  4365  4485 I BrcmNfcNfa: NFC received rsp gid:0
11-21 19:19:40.782  4365  4485 I BrcmNfcNfa: nci_proc_core_rsp opcode:0x2
11-21 19:19:40.782  4365  4485 I BrcmNfcNfa: nfa_dm_nfc_response_cback () NFC_SET_CONFIG_REVT(0x5002)
11-21 19:19:40.782  4365  4485 D BrcmNfcJni: nfaDeviceManagementCallback: enter; event=0x2
11-21 19:19:40.782  4365  4485 D BrcmNfcJni: nfaDeviceManagementCallback: NFA_DM_SET_CONFIG_EVT
11-21 19:19:40.782  4365  4481 D BrcmNfcJni: PowerSwitch::setLevel: level=PS-LOW-POWER (2)
11-21 19:19:40.782  4365  4481 D BrcmNfcJni: PowerSwitch::setLevel: actual power level=PS-FULL
11-21 19:19:40.782  4365  4481 D BrcmNfcJni: nfcManager_doInitialize: exit
11-21 19:19:40.783  4365  4481 D NdefPushServer: start, thread = null
11-21 19:19:40.783  4365  4481 D NdefPushServer: starting new server thread
11-21 19:19:40.783  4365  4823 D BrcmNfcJni: nfcManager_doCreateLlcpServiceSocket: enter: sap=4; name=urn:nfc:sn:snep; miu=1980; rw=2; buffLen=1024
11-21 19:19:40.783  4365  4823 D BrcmNfcJni: PeerToPeer::registerServer: enter; service name: urn:nfc:sn:snep  JNI handle: 1
11-21 19:19:40.783  4365  4823 D BrcmNfcJni: PeerToPeer::registerServer: added new p2p server  index: 0  handle: 1  name: urn:nfc:sn:snep
11-21 19:19:40.783  4365  4823 D BrcmNfcJni: P2pServer::registerWithStack: enter; service name: urn:nfc:sn:snep  JNI handle: 1
11-21 19:19:40.783  4365  4823 I BrcmNfcNfa: NFA_P2pSetLLCPConfig ():link_miu:2175, opt:0x03, wt:7, link_timeout:1000
11-21 19:19:40.783  4365  4823 I BrcmNfcNfa:                        inact_timeout(init:0, target:0), symm_delay:20, data_link_timeout:2000
11-21 19:19:40.783  4365  4823 I BrcmNfcNfa:                        delay_first_pdu_timeout:50
11-21 19:19:40.783  4365  4823 I BrcmNfcNfa: NFA_P2pRegisterServer (): server_sap:0x04, link_type:0x2, SN:<urn:nfc:sn:snep>
11-21 19:19:40.783  4365  4485 I BrcmNfcNfa: NFA got event 0x030C
11-21 19:19:40.783  4365  4823 D BrcmNfcJni: P2pServer::registerWithStack: wait for listen-completion event
11-21 19:19:40.783  4365  4485 I BrcmNfcNfa: nfa_p2p_evt_hdlr (): LLCP State [Link IDLE], Event [API_SET_LLCP_CFG_EVT]
11-21 19:19:40.783  4365  4485 I BrcmNfcNfa: LLCP_SetConfig () link_miu:2175, opt:0x03, wt:7, link_timeout:1000
11-21 19:19:40.783  4365  4485 I BrcmNfcNfa:                  inact_timeout (init:0,target:0), symm_delay:20, data_link_timeout:2000
11-21 19:19:40.783  4365  4485 I BrcmNfcNfa:                  delay_first_pdu_timeout:50
11-21 19:19:40.783  4365  4485 I BrcmNfcNfa: NFA got event 0x0300
11-21 19:19:40.783  4365  4485 I BrcmNfcNfa: nfa_p2p_evt_hdlr (): LLCP State [Link IDLE], Event [API_REG_SERVER]
11-21 19:19:40.783  4365  4485 I BrcmNfcNfa: nfa_p2p_reg_server ()
11-21 19:19:40.783  4365  4485 I BrcmNfcNfa: LLCP_RegisterServer (): SAP:0x4, link_type:0x2, ServiceName:<urn:nfc:sn:snep>
11-21 19:19:40.783  4365  4485 I BrcmNfcNfa: LLCP_RegisterServer (): Registered SAP = 0x04
11-21 19:19:40.783  4365  4485 I BrcmNfcNfa: nfa_p2p_enable_listening () sys_id = 3, update_wks = 1
11-21 19:19:40.783  4365  4485 D BrcmNfcJni: PeerToPeer::nfaServerCallback: enter; event=0x0
11-21 19:19:40.783  4365  4824 D NdefPushServer: about create LLCP service socket
11-21 19:19:40.783  4365  4485 D BrcmNfcJni: PeerToPeer::nfaServerCallback: NFA_P2P_REG_SERVER_EVT; handle: 0x0504; service sap=0x04  name: urn:nfc:sn:snep
11-21 19:19:40.783  4365  4485 D BrcmNfcJni: PeerToPeer::nfaServerCallback: exit
11-21 19:19:40.783  4365  4824 D BrcmNfcJni: nfcManager_doCreateLlcpServiceSocket: enter: sap=16; name=com.android.npp; miu=248; rw=1; buffLen=1024
11-21 19:19:40.783  4365  4823 D BrcmNfcJni: PeerToPeer::registerServer: got new p2p server h=0x504
11-21 19:19:40.783  4365  4823 D BrcmNfcJni: nfcManager_doCreateLlcpServiceSocket: socket Handle = 0x1
11-21 19:19:40.783  4365  4824 D BrcmNfcJni: PeerToPeer::registerServer: enter; service name: com.android.npp  JNI handle: 2
11-21 19:19:40.783  4365  4823 D BrcmNfcJni: nfcManager_doCreateLlcpServiceSocket: buffer length = 1024
11-21 19:19:40.783  4365  4824 D BrcmNfcJni: PeerToPeer::registerServer: added new p2p server  index: 1  handle: 2  name: com.android.npp
11-21 19:19:40.783  4365  4823 D BrcmNfcJni: nfcManager_doCreateLlcpServiceSocket: MIU = 1980
11-21 19:19:40.783  4365  4823 D BrcmNfcJni: nfcManager_doCreateLlcpServiceSocket:  RW = 2
11-21 19:19:40.783  4365  4824 D BrcmNfcJni: P2pServer::registerWithStack: enter; service name: com.android.npp  JNI handle: 2
11-21 19:19:40.783  4365  4823 D BrcmNfcJni: nfcManager_doCreateLlcpServiceSocket: exit
11-21 19:19:40.783  4365  4824 I BrcmNfcNfa: NFA_P2pSetLLCPConfig ():link_miu:2175, opt:0x03, wt:7, link_timeout:1000
11-21 19:19:40.783  4365  4824 I BrcmNfcNfa:                        inact_timeout(init:0, target:0), symm_delay:20, data_link_timeout:2000
11-21 19:19:40.783  4365  4823 D BrcmNfcJni: nativeLlcpServiceSocket_doAccept: enter
11-21 19:19:40.783  4365  4824 I BrcmNfcNfa:                        delay_first_pdu_timeout:50
11-21 19:19:40.783  4365  4823 D BrcmNfcJni: PeerToPeer::accept: enter; server jni handle: 1; conn jni handle: 3; maxInfoUnit: 1980; recvWindow: 2
11-21 19:19:40.783  4365  4824 I BrcmNfcNfa: NFA_P2pRegisterServer (): server_sap:0xff, link_type:0x2, SN:<com.android.npp>
11-21 19:19:40.783  4365  4823 D BrcmNfcJni: P2pServer::accept: serverJniHandle: 1; connJniHandle: 3; wait for incoming connection
11-21 19:19:40.783  4365  4485 I BrcmNfcNfa: NFA got event 0x030C
11-21 19:19:40.783  4365  4824 D BrcmNfcJni: P2pServer::registerWithStack: wait for listen-completion event
11-21 19:19:40.783  4365  4485 I BrcmNfcNfa: nfa_p2p_evt_hdlr (): LLCP State [Link IDLE], Event [API_SET_LLCP_CFG_EVT]
11-21 19:19:40.783  4365  4485 I BrcmNfcNfa: LLCP_SetConfig () link_miu:2175, opt:0x03, wt:7, link_timeout:1000
11-21 19:19:40.783  4365  4485 I BrcmNfcNfa:                  inact_timeout (init:0,target:0), symm_delay:20, data_link_timeout:2000
11-21 19:19:40.783  4365  4485 I BrcmNfcNfa:                  delay_first_pdu_timeout:50
11-21 19:19:40.783  4365  4485 I BrcmNfcNfa: NFA got event 0x0300
11-21 19:19:40.783  4365  4825 D BrcmNfcJni: nfcManager_doCreateLlcpServiceSocket: enter: sap=20; name=urn:nfc:sn:handover; miu=128; rw=1; buffLen=1024
11-21 19:19:40.783  4365  4485 I BrcmNfcNfa: nfa_p2p_evt_hdlr (): LLCP State [Link IDLE], Event [API_REG_SERVER]
11-21 19:19:40.783  4365  4485 I BrcmNfcNfa: nfa_p2p_reg_server ()
11-21 19:19:40.783  4365  4485 I BrcmNfcNfa: LLCP_RegisterServer (): SAP:0xff, link_type:0x2, ServiceName:<com.android.npp>
11-21 19:19:40.783  4365  4485 I BrcmNfcNfa: LLCP_RegisterServer (): Registered SAP = 0x10
11-21 19:19:40.783  4365  4825 D BrcmNfcJni: PeerToPeer::registerServer: enter; service name: urn:nfc:sn:handover  JNI handle: 4
11-21 19:19:40.783  4365  4485 D BrcmNfcJni: PeerToPeer::nfaServerCallback: enter; event=0x0
11-21 19:19:40.783  4365  4825 D BrcmNfcJni: PeerToPeer::registerServer: added new p2p server  index: 2  handle: 4  name: urn:nfc:sn:handover
11-21 19:19:40.783  4365  4485 D BrcmNfcJni: PeerToPeer::nfaServerCallback: NFA_P2P_REG_SERVER_EVT; handle: 0x0510; service sap=0x10  name: com.android.npp
11-21 19:19:40.783  4365  4825 D BrcmNfcJni: P2pServer::registerWithStack: enter; service name: urn:nfc:sn:handover  JNI handle: 4
11-21 19:19:40.783  4365  4485 D BrcmNfcJni: PeerToPeer::nfaServerCallback: exit
11-21 19:19:40.783  4365  4825 I BrcmNfcNfa: NFA_P2pSetLLCPConfig ():link_miu:2175, opt:0x03, wt:7, link_timeout:1000
11-21 19:19:40.783  4365  4825 I BrcmNfcNfa:                        inact_timeout(init:0, target:0), symm_delay:20, data_link_timeout:2000
11-21 19:19:40.783  4365  4825 I BrcmNfcNfa:                        delay_first_pdu_timeout:50
11-21 19:19:40.783  4365  4825 I BrcmNfcNfa: NFA got event 0x030C
11-21 19:19:40.783  4365  4485 I BrcmNfcNfa: NFA got event 0x030C
11-21 19:19:40.783  4365  4824 D BrcmNfcJni: PeerToPeer::registerServer: got new p2p server h=0x510
11-21 19:19:40.783  4365  4825 D BrcmNfcJni: P2pServer::registerWithStack: wait for listen-completion event
11-21 19:19:40.783  4365  4485 I BrcmNfcNfa: nfa_p2p_evt_hdlr (): LLCP State [Link IDLE], Event [API_SET_LLCP_CFG_EVT]
11-21 19:19:40.783  4365  4485 I BrcmNfcNfa: LLCP_SetConfig () link_miu:2175, opt:0x03, wt:7, link_timeout:1000
11-21 19:19:40.783  4365  4485 I BrcmNfcNfa:                  inact_timeout (init:0,target:0), symm_delay:20, data_link_timeout:2000
11-21 19:19:40.783  4365  4485 I BrcmNfcNfa:                  delay_first_pdu_timeout:50
11-21 19:19:40.783  4365  4485 I BrcmNfcNfa: NFA got event 0x0300
11-21 19:19:40.783  4365  4485 I BrcmNfcNfa: nfa_p2p_evt_hdlr (): LLCP State [Link IDLE], Event [API_REG_SERVER]
11-21 19:19:40.783  4365  4485 I BrcmNfcNfa: nfa_p2p_reg_server ()
11-21 19:19:40.783  4365  4824 D BrcmNfcJni: nfcManager_doCreateLlcpServiceSocket: socket Handle = 0x2
11-21 19:19:40.783  4365  4485 I BrcmNfcNfa: LLCP_RegisterServer (): SAP:0xff, link_type:0x2, ServiceName:<urn:nfc:sn:handover>
11-21 19:19:40.783  4365  4485 I BrcmNfcNfa: LLCP_RegisterServer (): Registered SAP = 0x11
11-21 19:19:40.783  4365  4824 D BrcmNfcJni: nfcManager_doCreateLlcpServiceSocket: buffer length = 1024
11-21 19:19:40.783  4365  4485 D BrcmNfcJni: PeerToPeer::nfaServerCallback: enter; event=0x0
11-21 19:19:40.783  4365  4485 D BrcmNfcJni: PeerToPeer::nfaServerCallback: NFA_P2P_REG_SERVER_EVT; handle: 0x0511; service sap=0x11  name: urn:nfc:sn:handover
11-21 19:19:40.783  4365  4824 D BrcmNfcJni: nfcManager_doCreateLlcpServiceSocket: MIU = 248
11-21 19:19:40.784  4365  4485 D BrcmNfcJni: PeerToPeer::nfaServerCallback: exit
11-21 19:19:40.784  4365  4825 D BrcmNfcJni: PeerToPeer::registerServer: got new p2p server h=0x511
11-21 19:19:40.784  4365  4824 D BrcmNfcJni: nfcManager_doCreateLlcpServiceSocket:  RW = 1
11-21 19:19:40.784  4365  4825 D BrcmNfcJni: nfcManager_doCreateLlcpServiceSocket: socket Handle = 0x4
11-21 19:19:40.784  4365  4824 D BrcmNfcJni: nfcManager_doCreateLlcpServiceSocket: exit
11-21 19:19:40.784  4365  4825 D BrcmNfcJni: nfcManager_doCreateLlcpServiceSocket: buffer length = 1024
11-21 19:19:40.784  4365  4825 D BrcmNfcJni: nfcManager_doCreateLlcpServiceSocket: MIU = 128
11-21 19:19:40.784  4365  4825 D BrcmNfcJni: nfcManager_doCreateLlcpServiceSocket:  RW = 1
11-21 19:19:40.784  4365  4825 D BrcmNfcJni: nfcManager_doCreateLlcpServiceSocket: exit
11-21 19:19:40.784  4365  4825 D BrcmNfcJni: nativeLlcpServiceSocket_doAccept: enter
11-21 19:19:40.784  4365  4825 D BrcmNfcJni: PeerToPeer::accept: enter; server jni handle: 4; conn jni handle: 5; maxInfoUnit: 128; recvWindow: 1
11-21 19:19:40.784  4365  4825 D BrcmNfcJni: P2pServer::accept: serverJniHandle: 4; connJniHandle: 5; wait for incoming connection
11-21 19:19:40.784  4365  4824 D NdefPushServer: created LLCP service socket
11-21 19:19:40.784  4365  4824 D NdefPushServer: about to accept
11-21 19:19:40.784  4365  4824 D BrcmNfcJni: nativeLlcpServiceSocket_doAccept: enter
11-21 19:19:40.784  4365  4824 D BrcmNfcJni: PeerToPeer::accept: enter; server jni handle: 2; conn jni handle: 6; maxInfoUnit: 248; recvWindow: 1
11-21 19:19:40.784  4365  4824 D BrcmNfcJni: P2pServer::accept: serverJniHandle: 2; connJniHandle: 6; wait for incoming connection
11-21 19:19:40.787  4365  4481 D BrcmNfcJni: nfcManager_enableDiscovery: enter; tech_mask = 01
11-21 19:19:40.787  4365  4481 D BrcmNfcJni: PowerSwitch::setLevel: level=PS-FULL (1)
11-21 19:19:40.787  4365  4481 D BrcmNfcJni: stopPolling_rfDiscoveryDisabled: disable polling
11-21 19:19:40.787  4365  4481 I BrcmNfcNfa: NFA_DisablePolling ()
11-21 19:19:40.787  4365  4827 E WVMExtractor: Failed to open libwvm.so: dlopen failed: library "libwvm.so" not found
11-21 19:19:40.787  4365  4485 I BrcmNfcNfa: NFA got event 0x0107
11-21 19:19:40.787  4365  4485 I BrcmNfcNfa: nfa_dm_evt_hdlr event: NFA_DM_API_DISABLE_POLLING_EVT (0x07)
11-21 19:19:40.787  4365  4485 I BrcmNfcNfa: nfa_dm_act_disable_polling ()
11-21 19:19:40.787  4365  4485 D BrcmNfcJni: nfaConnectionCallback: event= 1
11-21 19:19:40.787  4365  4485 D BrcmNfcJni: nfaConnectionCallback: NFA_POLL_DISABLED_EVT: status = 3
11-21 19:19:40.787  4365  4481 I BrcmNfcNfa: NFA_GetConfig (): num_ids: 1
11-21 19:19:40.787  4365  4485 I BrcmNfcNfa: NFA got event 0x0103
11-21 19:19:40.787  4365  4485 I BrcmNfcNfa: nfa_dm_evt_hdlr event: NFA_DM_API_GET_CONFIG_EVT (0x03)
11-21 19:19:40.787  4365  4485 D NfcAdaptation: NfcAdaptation::HalWrite
11-21 19:19:40.787  4365  4485 I SecHAL  : nfc_hal_write: enter;
11-21 19:19:40.787  4365  4485 I SecHAL  : nfc_hal_write: exit;
11-21 19:19:40.787  4365  4525 D SecHAL  : nfc_hal_task: Got a event: HAL_EVT_WRITE(3)
11-21 19:19:40.787  4365  4525 D SecHAL  : nfc_hal_task: current state: SERVICE
11-21 19:19:40.787  4365  4525 I SecHAL  : OSI_timer_start: enter,osi_lock
11-21 19:19:40.787  4365  4525 I SecHAL  : OSI_timer_start: before osi_unlock
11-21 19:19:40.787  4365  4525 I SecHAL  : OSI_timer_start: exit
11-21 19:19:40.787  4365  4525 I SecHAL  : device_write: enter
11-21 19:19:40.787  4365  4525 I SecHAL  : device_write: before system call
11-21 19:19:40.787  4365  4525 I SecHAL  : device_write: after system call
11-21 19:19:40.787  4365  4525 D SecHAL  : data_trace:  Send(  5) 20 03 02   01 b9 
11-21 19:19:40.787  4365  4525 I SecHAL  : device_write: exit
11-21 19:19:40.787  4365  4524 D SecHAL  : read_thread: Sent message to HAL message task, remind que: 2
11-21 19:19:40.787  4365  4525 D SecHAL  : nfc_hal_task: Got a event: HAL_EVT_READ(4)
11-21 19:19:40.787  4365  4525 D SecHAL  : nfc_hal_task: current state: SERVICE
11-21 19:19:40.787  4365  4525 D SecHAL  : data_trace:  Recv(  7) 40 03 04   09 01 b9 00 
11-21 19:19:40.788  4365  4525 I SecHAL  : OSI_timer_start: enter,osi_lock
11-21 19:19:40.788  4365  4525 I SecHAL  : OSI_timer_start: before osi_unlock
11-21 19:19:40.788  4365  4525 I SecHAL  : OSI_timer_start: exit
11-21 19:19:40.788  4365  4525 I SecHAL  : nfc_data_callback: !
11-21 19:19:40.788  4365  4525 D NfcAdaptation: NfcAdaptation::HalDeviceContextDataCallback: len=7
11-21 19:19:40.788  4365  4485 I BrcmNfcNfa: NFC received rsp gid:0
11-21 19:19:40.788  4365  4485 I BrcmNfcNfa: nci_proc_core_rsp opcode:0x3
11-21 19:19:40.788  4365  4485 I BrcmNfcNfa: nfa_dm_nfc_response_cback () NFC_GET_CONFIG_REVT(0x5003)
11-21 19:19:40.788  4365  4485 D BrcmNfcJni: nfaDeviceManagementCallback: enter; event=0x3
11-21 19:19:40.788  4365  4485 D BrcmNfcJni: nfaDeviceManagementCallback: NFA_DM_GET_CONFIG_EVT
11-21 19:19:40.788  4365  4485 E BrcmNfcJni: nfaDeviceManagementCallback: NFA_DM_GET_CONFIG failed
11-21 19:19:40.788  4365  4481 E BrcmNfcJni: enableDisableLptd: Config TLV length 0 returned is too short
11-21 19:19:40.788  4365  4481 D BrcmNfcJni: startPolling_rfDiscoveryDisabled: enable polling
11-21 19:19:40.788  4365  4481 I BrcmNfcNfa: NFA_EnablePolling () 0x1
11-21 19:19:40.788  4365  4481 D BrcmNfcJni: startPolling_rfDiscoveryDisabled: wait for enable event
11-21 19:19:40.788  4365  4485 I BrcmNfcNfa: NFA got event 0x0106
11-21 19:19:40.788  4365  4485 I BrcmNfcNfa: nfa_dm_evt_hdlr event: NFA_DM_API_ENABLE_POLLING_EVT (0x06)
11-21 19:19:40.788  4365  4485 I BrcmNfcNfa: nfa_dm_act_enable_polling ()
11-21 19:19:40.788  4365  4485 I BrcmNfcNfa: nfa_dm_start_polling ()
11-21 19:19:40.788  4365  4485 I BrcmNfcNfa: nfa_dm_add_rf_discover () disc_mask=0x200f
11-21 19:19:40.788  4365  4485 D BrcmNfcJni: nfaConnectionCallback: event= 0
11-21 19:19:40.788  4365  4485 D BrcmNfcJni: nfaConnectionCallback: NFA_POLL_ENABLED_EVT: status = 0
11-21 19:19:40.788  4365  4481 D BrcmNfcJni: nfcManager_enableDiscovery: Enable p2pListening
11-21 19:19:40.788  4365  4481 I BrcmNfcNfa: NFA_EeSetDefaultTechRouting(): handle:<0x3>technology_mask:<0x1>/<0x0>/<0x0>
11-21 19:19:40.788  4365  4481 I BrcmNfcNfa: nfa_ee_find_ecb ()
11-21 19:19:40.788  4365  4481 E BrcmNfcNfa: Bad ee_handle
11-21 19:19:40.788  4365  4481 E BrcmNfcJni: Fail to set default tech routing for Nfc-A
11-21 19:19:40.788  4365  4481 I BrcmNfcNfa: NFA_EeSetDefaultProtoRouting(): handle:<0x3>protocol_mask:<0x8>/<0x0>/<0x0>
11-21 19:19:40.788  4365  4481 I BrcmNfcNfa: nfa_ee_find_ecb ()
11-21 19:19:40.788  4365  4481 E BrcmNfcNfa: Bad ee_handle
11-21 19:19:40.788  4365  4481 E BrcmNfcJni: Fail to set default proto routing for IsoDep
11-21 19:19:40.788  4365  4481 I BrcmNfcNfa: NFA_EeSetDefaultTechRouting(): handle:<0x0>technology_mask:<0x4>/<0x0>/<0x0>
11-21 19:19:40.788  4365  4481 I BrcmNfcNfa: nfa_ee_find_ecb ()
11-21 19:19:40.788  4365  4485 I BrcmNfcNfa: NFA got event 0x0204
11-21 19:19:40.788  4365  4485 I BrcmNfcNfa: nfa_ee_evt_hdlr (): Event API_SET_TECH_CFG(0x204), State: INIT_DONE(1)
11-21 19:19:40.788  4365  4485 I BrcmNfcNfa: nfa_ee_update_route_size nfcee_id:0x0 size_mask:5
11-21 19:19:40.788  4365  4485 I BrcmNfcNfa: nfa_ee_total_lmrt_size size:5
11-21 19:19:40.788  4365  4485 I BrcmNfcNfa: nfa_dm_is_active () flags:0x5
11-21 19:19:40.788  4365  4485 I BrcmNfcNfa: nfa_sys_ptim_start_timer a7fadb80
11-21 19:19:40.788  4365  4485 I BrcmNfcNfa: ptim timer start
11-21 19:19:40.788  4365  4485 D BrcmNfcJni: RoutingManager::nfaEeCallback: NFA_EE_SET_TECH_CFG_EVT; status=0x0
11-21 19:19:40.788  4365  4481 I BrcmNfcNfa: NFA_EeSetDefaultProtoRouting(): handle:<0x0>protocol_mask:<0x4>/<0x0>/<0x0>
11-21 19:19:40.788  4365  4481 I BrcmNfcNfa: nfa_ee_find_ecb ()
11-21 19:19:40.788  4365  4485 I BrcmNfcNfa: NFA got event 0x0205
11-21 19:19:40.788  4365  4485 I BrcmNfcNfa: nfa_ee_evt_hdlr (): Event API_SET_PROTO_CFG(0x205), State: INIT_DONE(1)
11-21 19:19:40.788  4365  4485 I BrcmNfcNfa: nfa_ee_update_route_size nfcee_id:0x0 size_mask:10
11-21 19:19:40.788  4365  4485 I BrcmNfcNfa: nfa_ee_total_lmrt_size size:10
11-21 19:19:40.788  4365  4485 I BrcmNfcNfa: nfa_dm_is_active () flags:0x5
11-21 19:19:40.788  4365  4485 I BrcmNfcNfa: nfa_sys_ptim_start_timer a7fadb80
11-21 19:19:40.788  4365  4485 D BrcmNfcJni: RoutingManager::nfaEeCallback: NFA_EE_SET_PROTO_CFG_EVT; status=0x0
11-21 19:19:40.788  4365  4481 D BrcmNfcJni: RoutingManager::commitRouting
11-21 19:19:40.788  4365  4481 I BrcmNfcNfa: NFA_EeUpdateNow()
11-21 19:19:40.788  4365  4485 I BrcmNfcNfa: NFA got event 0x0209
11-21 19:19:40.788  4365  4485 I BrcmNfcNfa: nfa_ee_evt_hdlr (): Event API_UPDATE_NOW(0x209), State: INIT_DONE(1)
11-21 19:19:40.788  4365  4485 I BrcmNfcNfa: nfa_sys_ptim_stop_timer a7fadb80
11-21 19:19:40.788  4365  4485 I BrcmNfcNfa: ptim timer stop
11-21 19:19:40.788  4365  4485 I BrcmNfcNfa: nfa_ee_rout_timeout()
11-21 19:19:40.788  4365  4485 I BrcmNfcNfa: nfa_ee_need_recfg() ee_cfged: 0x90 ee_cfg_sts: 0x00
11-21 19:19:40.788  4365  4485 I BrcmNfcNfa: 0: ecb_flags  : 0x06, mask: 0x10
11-21 19:19:40.788  4365  4485 I BrcmNfcNfa: nfa_ee_update_rout ee_cfg_sts:0x00
11-21 19:19:40.788  4365  4485 I BrcmNfcNfa: nfa_ee_evt_hdlr (): Event CFG_TO_NFCC(0x217), State: INIT_DONE(1)
11-21 19:19:40.788  4365  4485 I BrcmNfcNfa: last_active: 0x1
11-21 19:19:40.788  4365  4485 I BrcmNfcNfa: nfa_ee_route_add_one_ecb max_len:1070, max_tlv:253, cur_offset:0, more:1, num_tlv:0
11-21 19:19:40.788  4365  4485 I BrcmNfcNfa: nfa_ee_total_lmrt_size size:10
11-21 19:19:40.788  4365  4485 I BrcmNfcNfa: ee_cfg_sts:0x01 lmrt_size:10
11-21 19:19:40.788  4365  4485 I BrcmNfcNfa: nfcee_id:0x1, last_active: 0x1
11-21 19:19:40.788  4365  4485 I BrcmNfcNfa: nfa_ee_route_add_one_ecb max_len:1070, max_tlv:253, cur_offset:15, more:0, num_tlv:3
11-21 19:19:40.788  4365  4485 I BrcmNfcNfa: nfa_ee_total_lmrt_size size:10
11-21 19:19:40.788  4365  4485 I BrcmNfcNfa: ee_cfg_sts:0x01 lmrt_size:10
11-21 19:19:40.788  4365  4485 I BrcmNfcNfa: nfa_ee_route_add_one_ecb: set routing num_tlv:3 tlv_size:10
11-21 19:19:40.788  4365  4485 D NfcAdaptation: NfcAdaptation::HalWrite
11-21 19:19:40.788  4365  4485 I SecHAL  : nfc_hal_write: enter;
11-21 19:19:40.788  4365  4485 I SecHAL  : nfc_hal_write: exit;
11-21 19:19:40.788  4365  4525 D SecHAL  : nfc_hal_task: Got a event: HAL_EVT_WRITE(3)
11-21 19:19:40.789  4365  4485 I BrcmNfcNfa: nfa_ee_update_rout ee_cfg_sts:0x10 ee_cfged:0x10
11-21 19:19:40.789  4365  4525 D SecHAL  : nfc_hal_task: current state: SERVICE
11-21 19:19:40.789  4365  4525 I SecHAL  : OSI_timer_start: enter,osi_lock
11-21 19:19:40.789  4365  4525 I SecHAL  : OSI_timer_start: before osi_unlock
11-21 19:19:40.789  4365  4525 I SecHAL  : OSI_timer_start: exit
11-21 19:19:40.789  4365  4525 I SecHAL  : device_write: enter
11-21 19:19:40.789  4365  4525 I SecHAL  : device_write: before system call
11-21 19:19:40.789  4365  4525 I SecHAL  : device_write: after system call
11-21 19:19:40.789  4365  4525 D SecHAL  : data_trace:  Send( 20) 21 01 11   00 03 00 03 00 01 02 01 03 00 01 03 01 03 00 01 05 
11-21 19:19:40.789  4365  4525 I SecHAL  : device_write: exit
11-21 19:19:40.791  3225  3838 I MediaPlayerService: MediaPlayerService::getOMX
11-21 19:19:40.792  4365  4829 I OMXClient: MuxOMX ctor
11-21 19:19:40.792  3219  4154 I OMXMaster: makeComponentInstance(OMX.google.vorbis.decoder) in mediacodec process
11-21 19:19:40.802  4365  4524 D SecHAL  : read_thread: Sent message to HAL message task, remind que: 2
11-21 19:19:40.802  4365  4525 D SecHAL  : nfc_hal_task: Got a event: HAL_EVT_READ(4)
11-21 19:19:40.802  4365  4525 D SecHAL  : nfc_hal_task: current state: SERVICE
11-21 19:19:40.802  4365  4525 D SecHAL  : data_trace:  Recv(  4) 41 01 01   00 
11-21 19:19:40.802  4365  4525 I SecHAL  : OSI_timer_start: enter,osi_lock
11-21 19:19:40.802  4365  4525 I SecHAL  : OSI_timer_start: before osi_unlock
11-21 19:19:40.802  4365  4525 I SecHAL  : OSI_timer_start: exit
11-21 19:19:40.802  4365  4525 I SecHAL  : nfc_data_callback: !
11-21 19:19:40.802  4365  4525 D NfcAdaptation: NfcAdaptation::HalDeviceContextDataCallback: len=4
11-21 19:19:40.802  4365  4485 I BrcmNfcNfa: NFC received rsp gid:1
11-21 19:19:40.802  4365  4485 I BrcmNfcNfa: nfa_dm_nfc_response_cback () NFC_SET_ROUTING_REVT(0x500a)
11-21 19:19:40.802  4365  4485 I BrcmNfcNfa: nfa_ee_proc_evt: event=0x500a int_event:0x214
11-21 19:19:40.802  4365  4485 I BrcmNfcNfa: nfa_ee_evt_hdlr (): Event NCI_WAIT_RSP(0x214), State: INIT_DONE(1)
11-21 19:19:40.802  4365  4485 I BrcmNfcNfa: nfa_ee_nci_wait_rsp() ee_wait_evt:0x30 wait_rsp:1
11-21 19:19:40.802  4365  4485 I BrcmNfcNfa: nfa_ee_report_update_evt ee_wait_evt:0x30 wait_rsp:0
11-21 19:19:40.803  4365  4485 D BrcmNfcJni: RoutingManager::nfaEeCallback: NFA_EE_UPDATED_EVT
11-21 19:19:40.803  4365  4481 D BrcmNfcJni: startRfDiscovery: is start=1
11-21 19:19:40.803  4365  4481 I BrcmNfcNfa: NFA_StartRfDiscovery ()
11-21 19:19:40.803  4365  4485 I BrcmNfcNfa: NFA got event 0x010E
11-21 19:19:40.803  4365  4485 I BrcmNfcNfa: nfa_dm_evt_hdlr event: NFA_DM_API_START_RF_DISCOVERY_EVT (0x0e)
11-21 19:19:40.803  4365  4485 I BrcmNfcNfa: nfa_dm_act_start_rf_discovery ()
11-21 19:19:40.803  4365  4485 I BrcmNfcNfa: nfa_dm_start_rf_discover ()
11-21 19:19:40.803  4365  4485 I BrcmNfcNfa: nfa_ee_get_tech_route(): 1
11-21 19:19:40.803  4365  4485 I BrcmNfcNfa: 0x0, 0x0, 0x0, 0x0
11-21 19:19:40.803  4365  4485 I BrcmNfcNfa: nfa_dm_cb.disc_cb.entry[0].selected_disc_mask = 0x40000
11-21 19:19:40.803  4365  4485 I BrcmNfcNfa: nfa_dm_cb.disc_cb.entry[1].selected_disc_mask = 0x200f
11-21 19:19:40.803  4365  4485 I BrcmNfcNfa: nfa_p2p_set_config ()
11-21 19:19:40.803  4365  4485 I BrcmNfcNfa: LLCP_GetDiscoveryConfig ()
11-21 19:19:40.803  4365  4485 I BrcmNfcNfa: nfa_dm_check_set_config ()
11-21 19:19:40.803  4365  4485 D NfcAdaptation: NfcAdaptation::HalWrite
11-21 19:19:40.803  4365  4485 I SecHAL  : nfc_hal_write: enter;
11-21 19:19:40.803  4365  4485 I SecHAL  : nfc_hal_write: exit;
11-21 19:19:40.803  4365  4525 D SecHAL  : nfc_hal_task: Got a event: HAL_EVT_WRITE(3)
11-21 19:19:40.803  4365  4525 D SecHAL  : nfc_hal_task: current state: SERVICE
11-21 19:19:40.803  4365  4485 I BrcmNfcNfa: dm_disc_mask = 0x4200f
11-21 19:19:40.803  4365  4525 I SecHAL  : OSI_timer_start: enter,osi_lock
11-21 19:19:40.803  4365  4485 I BrcmNfcNfa: nfa_dm_set_rf_listen_mode_config () tech_proto_mask = 0x0004200F
11-21 19:19:40.803  4365  4525 I SecHAL  : OSI_timer_start: before osi_unlock
11-21 19:19:40.803  4365  4485 I BrcmNfcNfa: nfa_dm_check_set_config ()
11-21 19:19:40.803  4365  4525 I SecHAL  : OSI_timer_start: exit
11-21 19:19:40.803  4365  4485 I BrcmNfcNfa: nfa_dm_set_total_duration ()
11-21 19:19:40.803  4365  4525 I SecHAL  : device_write: enter
11-21 19:19:40.803  4365  4485 I BrcmNfcNfa: nfa_dm_check_set_config ()
11-21 19:19:40.803  4365  4525 I SecHAL  : device_write: before system call
11-21 19:19:40.803  4365  4485 I BrcmNfcNfa: NFC_DiscoveryStart
11-21 19:19:40.803  4365  4485 I BrcmNfcNfa: NFC_DiscoveryStart status: 0xe3
11-21 19:19:40.804  4365  4525 I SecHAL  : device_write: after system call
11-21 19:19:40.804  4365  4525 D SecHAL  : data_trace:  Send( 26) 20 02 17   01 29 14 46 66 6d 01 01 12 02 02 07 ff 03 02 00 13 04 01 64 07 01 03 
11-21 19:19:40.804  4365  4525 I SecHAL  : device_write: exit
11-21 19:19:40.804  4365  4524 D SecHAL  : read_thread: Sent message to HAL message task, remind que: 2
11-21 19:19:40.804  4365  4525 D SecHAL  : nfc_hal_task: Got a event: HAL_EVT_READ(4)
11-21 19:19:40.804  4365  4525 D SecHAL  : nfc_hal_task: current state: SERVICE
11-21 19:19:40.804  4365  4525 D SecHAL  : data_trace:  Recv(  5) 40 02 02   00 00 
11-21 19:19:40.804  4365  4525 I SecHAL  : OSI_timer_start: enter,osi_lock
11-21 19:19:40.804  4365  4525 I SecHAL  : OSI_timer_start: before osi_unlock
11-21 19:19:40.804  4365  4525 I SecHAL  : OSI_timer_start: exit
11-21 19:19:40.804  4365  4525 I SecHAL  : nfc_data_callback: !
11-21 19:19:40.804  4365  4525 D NfcAdaptation: NfcAdaptation::HalDeviceContextDataCallback: len=5
11-21 19:19:40.804  4365  4485 I BrcmNfcNfa: NFC received rsp gid:0
11-21 19:19:40.804  4365  4485 I BrcmNfcNfa: nci_proc_core_rsp opcode:0x2
11-21 19:19:40.804  4365  4485 I BrcmNfcNfa: nfa_dm_nfc_response_cback () NFC_SET_CONFIG_REVT(0x5002)
11-21 19:19:40.804  4365  4485 D NfcAdaptation: NfcAdaptation::HalWrite
11-21 19:19:40.804  4365  4485 I SecHAL  : nfc_hal_write: enter;
11-21 19:19:40.804  4365  4485 I SecHAL  : nfc_hal_write: exit;
11-21 19:19:40.804  4365  4525 D SecHAL  : nfc_hal_task: Got a event: HAL_EVT_WRITE(3)
11-21 19:19:40.804  4365  4525 D SecHAL  : nfc_hal_task: current state: SERVICE
11-21 19:19:40.804  4365  4525 I SecHAL  : OSI_timer_start: enter,osi_lock
11-21 19:19:40.804  4365  4525 I SecHAL  : OSI_timer_start: before osi_unlock
11-21 19:19:40.804  4365  4525 I SecHAL  : OSI_timer_start: exit
11-21 19:19:40.804  4365  4525 I SecHAL  : device_write: enter
11-21 19:19:40.804  4365  4525 I SecHAL  : device_write: before system call
11-21 19:19:40.805  4365  4525 I SecHAL  : device_write: after system call
11-21 19:19:40.805  4365  4525 D SecHAL  : data_trace:  Send( 19) 20 02 10   05 30 01 04 31 01 00 32 01 20 38 01 00 50 01 00 
11-21 19:19:40.805  4365  4525 I SecHAL  : device_write: exit
11-21 19:19:40.805  4365  4524 D SecHAL  : read_thread: Sent message to HAL message task, remind que: 2
11-21 19:19:40.805  4365  4525 D SecHAL  : nfc_hal_task: Got a event: HAL_EVT_READ(4)
11-21 19:19:40.805  4365  4525 D SecHAL  : nfc_hal_task: current state: SERVICE
11-21 19:19:40.805  4365  4525 D SecHAL  : data_trace:  Recv(  5) 40 02 02   00 00 
11-21 19:19:40.805  4365  4525 I SecHAL  : OSI_timer_start: enter,osi_lock
11-21 19:19:40.805  4365  4525 I SecHAL  : OSI_timer_start: before osi_unlock
11-21 19:19:40.805  4365  4525 I SecHAL  : OSI_timer_start: exit
11-21 19:19:40.805  4365  4525 I SecHAL  : nfc_data_callback: !
11-21 19:19:40.805  4365  4525 D NfcAdaptation: NfcAdaptation::HalDeviceContextDataCallback: len=5
11-21 19:19:40.805  4365  4485 I BrcmNfcNfa: NFC received rsp gid:0
11-21 19:19:40.805  4365  4485 I BrcmNfcNfa: nci_proc_core_rsp opcode:0x2
11-21 19:19:40.805  4365  4485 I BrcmNfcNfa: nfa_dm_nfc_response_cback () NFC_SET_CONFIG_REVT(0x5002)
11-21 19:19:40.805  4365  4485 D NfcAdaptation: NfcAdaptation::HalWrite
11-21 19:19:40.805  4365  4485 I SecHAL  : nfc_hal_write: enter;
11-21 19:19:40.805  4365  4485 I SecHAL  : nfc_hal_write: exit;
11-21 19:19:40.806  4365  4525 D SecHAL  : nfc_hal_task: Got a event: HAL_EVT_WRITE(3)
11-21 19:19:40.806  4365  4525 D SecHAL  : nfc_hal_task: current state: SERVICE
11-21 19:19:40.806  4365  4525 I SecHAL  : OSI_timer_start: enter,osi_lock
11-21 19:19:40.806  4365  4525 I SecHAL  : OSI_timer_start: before osi_unlock
11-21 19:19:40.806  4365  4525 I SecHAL  : OSI_timer_start: exit
11-21 19:19:40.806  4365  4525 I SecHAL  : device_write: enter
11-21 19:19:40.806  4365  4525 I SecHAL  : device_write: before system call
11-21 19:19:40.806  4365  4525 I SecHAL  : device_write: after system call
11-21 19:19:40.806  4365  4525 D SecHAL  : data_trace:  Send(  8) 20 02 05   01 00 02 f4 01 
11-21 19:19:40.806  4365  4525 I SecHAL  : device_write: exit
11-21 19:19:40.806  4365  4524 D SecHAL  : read_thread: Sent message to HAL message task, remind que: 2
11-21 19:19:40.806  4365  4525 D SecHAL  : nfc_hal_task: Got a event: HAL_EVT_READ(4)
11-21 19:19:40.806  4365  4525 D SecHAL  : nfc_hal_task: current state: SERVICE
11-21 19:19:40.806  4365  4525 D SecHAL  : data_trace:  Recv(  5) 40 02 02   00 00 
11-21 19:19:40.806  4365  4525 I SecHAL  : OSI_timer_start: enter,osi_lock
11-21 19:19:40.806  4365  4525 I SecHAL  : OSI_timer_start: before osi_unlock
11-21 19:19:40.806  4365  4525 I SecHAL  : OSI_timer_start: exit
11-21 19:19:40.806  4365  4525 I SecHAL  : nfc_data_callback: !
11-21 19:19:40.806  4365  4525 D NfcAdaptation: NfcAdaptation::HalDeviceContextDataCallback: len=5
11-21 19:19:40.806  4365  4485 I BrcmNfcNfa: NFC received rsp gid:0
11-21 19:19:40.807  4365  4485 I BrcmNfcNfa: nci_proc_core_rsp opcode:0x2
11-21 19:19:40.807  4365  4485 I BrcmNfcNfa: nfa_dm_nfc_response_cback () NFC_SET_CONFIG_REVT(0x5002)
11-21 19:19:40.807  4365  4485 D NfcAdaptation: NfcAdaptation::HalPrediscover
11-21 19:19:40.807  4365  4485 I SecHAL  : nfc_hal_pre_discover: enter;
11-21 19:19:40.807  4365  4485 I SecHAL  : nfc_hal_pre_discover: exit;
11-21 19:19:40.807  4365  4525 D SecHAL  : nfc_hal_task: Got a event: Uknown event.(2)
11-21 19:19:40.807  4365  4485 D NfcAdaptation: NfcAdaptation::HalWrite
11-21 19:19:40.807  4365  4525 D SecHAL  : nfc_hal_task: current state: SERVICE
11-21 19:19:40.807  4365  4485 I SecHAL  : nfc_hal_write: enter;
11-21 19:19:40.807  4365  4485 I SecHAL  : nfc_hal_write: exit;
11-21 19:19:40.807  4365  4525 D SecHAL  : nfc_hal_task: Got a event: HAL_EVT_WRITE(3)
11-21 19:19:40.807  4365  4525 D SecHAL  : nfc_hal_task: current state: SERVICE
11-21 19:19:40.807  4365  4525 I SecHAL  : OSI_timer_start: enter,osi_lock
11-21 19:19:40.807  4365  4525 I SecHAL  : OSI_timer_start: before osi_unlock
11-21 19:19:40.807  4365  4525 I SecHAL  : OSI_timer_start: exit
11-21 19:19:40.807  4365  4525 I SecHAL  : device_write: enter
11-21 19:19:40.807  4365  4525 I SecHAL  : device_write: before system call
11-21 19:19:40.807  4365  4525 I SecHAL  : device_write: after system call
11-21 19:19:40.807  4365  4525 D SecHAL  : data_trace:  Send(  8) 21 03 05   02 00 01 80 01 
11-21 19:19:40.807  4365  4525 I SecHAL  : device_write: exit
11-21 19:19:40.815  4365  4525 D SecHAL  : nfc_hal_task: Got a event: HAL_EVT_READ(4)
11-21 19:19:40.815  4365  4524 D SecHAL  : read_thread: Sent message to HAL message task, remind que: 2
11-21 19:19:40.815  4365  4525 D SecHAL  : nfc_hal_task: current state: SERVICE
11-21 19:19:40.816  4365  4525 D SecHAL  : data_trace:  Recv(  4) 41 03 01   00 
11-21 19:19:40.816  4365  4525 I SecHAL  : OSI_timer_start: enter,osi_lock
11-21 19:19:40.816  4365  4525 I SecHAL  : OSI_timer_start: before osi_unlock
11-21 19:19:40.816  4365  4525 I SecHAL  : OSI_timer_start: exit
11-21 19:19:40.816  4365  4525 I SecHAL  : nfc_data_callback: !
11-21 19:19:40.816  4365  4525 D NfcAdaptation: NfcAdaptation::HalDeviceContextDataCallback: len=4
11-21 19:19:40.816  4365  4485 I BrcmNfcNfa: NFC received rsp gid:1
11-21 19:19:40.816  4365  4485 I BrcmNfcNfa: p2p priority is running under bail out mode ONLY.
11-21 19:19:40.816  4365  4485 I BrcmNfcNfa: nfa_dm_disc_discovery_cback (): event:0x4000
11-21 19:19:40.816  4365  4485 I BrcmNfcNfa: nfa_dm_disc_sm_execute (): state: IDLE (0), event: DISCOVER_RSP(1) disc_flags: 0x31
11-21 19:19:40.816  4365  4485 I BrcmNfcNfa: nfa_dm_disc_new_state (): old_state: IDLE (0), new_state: DISCOVERY (1) disc_flags: 0x11
11-21 19:19:40.816  4365  4485 I BrcmNfcNfa: nfa_ce_discovery_cback(): event:0x00
11-21 19:19:40.816  4365  4485 I BrcmNfcNfa: nfa_ce_handle_disc_start (status=0x0)
11-21 19:19:40.816  4365  4485 I BrcmNfcNfa: nfa_dm_poll_disc_cback (): event:0x00
11-21 19:19:40.816  4365  4485 D BrcmNfcJni: nfaConnectionCallback: event= 30
11-21 19:19:40.816  4365  4485 D BrcmNfcJni: nfaConnectionCallback: NFA_RF_DISCOVERY_STARTED_EVT: status = 0
11-21 19:19:40.816  4365  4485 I BrcmNfcNfa: nfa_dm_disc_sm_execute (): new state: DISCOVERY (1), disc_flags: 0x1
11-21 19:19:40.816  4365  4481 D BrcmNfcJni: PowerSwitch::setModeOn(activated=0x1) : mCurrActivity=0x1
11-21 19:19:40.816  4365  4481 D BrcmNfcJni: nfcManager_enableDiscovery: exit
11-21 19:19:40.819  3225  3225 I MediaPlayerService: MediaPlayerService::getOMX
11-21 19:19:40.820  4365  4833 I OMXClient: MuxOMX ctor
11-21 19:19:40.820  3219  3219 I OMXMaster: makeComponentInstance(OMX.google.vorbis.decoder) in mediacodec process
11-21 19:19:40.839  3225  3280 I MediaPlayerService: MediaPlayerService::getOMX
11-21 19:19:40.840  4365  4836 I OMXClient: MuxOMX ctor
11-21 19:19:40.840  3219  3219 I OMXMaster: makeComponentInstance(OMX.google.vorbis.decoder) in mediacodec process
11-21 19:19:41.366  4466  4471 I art     : Compiler allocated 4MB to compile android.database.Cursor com.android.providers.media.MediaProvider.query(android.net.Uri, java.lang.String[], java.lang.String, java.lang.String[], java.lang.String)
11-21 19:19:41.465  3581  3595 D libgps  : SendGpsExtensionMessage: Waiting for IPC connection - timeout
11-21 19:19:41.465  3581  3595 E libgps  : LIBGPS: Cannot communicate (write) with a GPSD
11-21 19:19:41.466  3581  3595 E libgps  : IPC Communication Error, ../../../../tmp/15194007_282637/allPartners/os/android/gps_interface/gpsi_client/GpsiClient.cpp:631 SendGpsExtensionMessage
11-21 19:19:41.470  3581  3595 W Searchables: No global search activity found
11-21 19:19:41.482  3581  3595 I ActivityManager: Start proc 4839:com.android.printspooler/u0a58 for service com.android.printspooler/.model.PrintSpoolerService
11-21 19:19:41.513  3581  3595 D libgps  : SendGpsExtensionMessage: Waiting for IPC connection...
11-21 19:19:41.882  4365  4822 I SecHAL  : device_sleep: NFC can be going to sleep
11-21 19:19:42.516  3581  3595 D libgps  : SendGpsExtensionMessage: Waiting for IPC connection - timeout
11-21 19:19:42.516  3581  3595 E libgps  : LIBGPS: Cannot communicate (write) with a GPSD
11-21 19:19:42.516  3581  3595 E libgps  : IPC Communication Error, ../../../../tmp/15194007_282637/allPartners/os/android/gps_interface/gpsi_client/GpsiClient.cpp:631 SendGpsExtensionMessage
11-21 19:19:42.516  3581  3595 D libgps  : agps_set_server: Waiting for IPC connection...
11-21 19:19:43.518  3581  3595 D libgps  : agps_set_server: Waiting for IPC connection - timeout
11-21 19:19:43.518  3581  3595 E libgps  : LIBGPS: Cannot communicate (write) with a GPSD
11-21 19:19:43.518  3581  3595 E libgps  : IPC Communication Error, ../../../../tmp/15194007_282637/allPartners/os/android/gps_interface/gpsi_client/GpsiClient.cpp:1685 agps_set_server
11-21 19:19:43.519  3581  3595 D GnssLocationProvider: GPS configuration:
11-21 19:19:43.519  3581  3595 D GnssLocationProvider:  #Tue Nov 21 19:19:43 GMT-03:00 2017
11-21 19:19:43.519  3581  3595 D GnssLocationProvider: SUPL_VER=0x20000
11-21 19:19:43.519  3581  3595 D GnssLocationProvider: SUPL_PORT=7275
11-21 19:19:43.519  3581  3595 D GnssLocationProvider: XTRA_SERVER_2=http\://gllto2.glpals.com/4day/v4/latest/lto2.dat
11-21 19:19:43.519  3581  3595 D GnssLocationProvider: XTRA_SERVER_1=http\://gllto1.glpals.com/4day/v4/latest/lto2.dat
11-21 19:19:43.519  3581  3595 D GnssLocationProvider: SUPL_HOST=supl.google.com
11-21 19:19:43.519  3581  3595 D GnssLocationProvider: SUPL_MODE=1
11-21 19:19:43.519  3581  3595 D GnssLocationProvider: NTP_SERVER=north-america.pool.ntp.org
11-21 19:19:43.519  3581  3595 D libgps  : SendGpsExtensionMessage: Waiting for IPC connection...
11-21 19:19:44.522  3581  3595 D libgps  : SendGpsExtensionMessage: Waiting for IPC connection - timeout
11-21 19:19:44.522  3581  3595 E libgps  : LIBGPS: Cannot communicate (write) with a GPSD
11-21 19:19:44.522  3581  3595 E libgps  : IPC Communication Error, ../../../../tmp/15194007_282637/allPartners/os/android/gps_interface/gpsi_client/GpsiClient.cpp:631 SendGpsExtensionMessage
11-21 19:19:44.966  4627  4814 I GlobalDismissManager: no sender configured
11-21 19:19:44.966  4627  4814 D AlertService: Beginning updateAlertNotification
11-21 19:19:44.975  4627  4814 D AlertService: No fired or scheduled alerts
11-21 19:19:44.978  4627  4814 D AlertService: Scheduling next alarm with AlarmScheduler. sEventReminderReceived: null
11-21 19:19:44.985  4627  4814 D AlarmScheduler: No events found starting within 1 week.
11-21 19:19:48.050  3581  3605 I PowerManagerService: Going to sleep due to screen timeout (uid 1000)...
11-21 19:19:48.051  3581  3605 I DreamManagerService: Entering dreamland.
11-21 19:19:48.051  3581  3605 I PowerManagerService: Dozing...
11-21 19:19:48.051  3581  3601 I DreamController: Starting dream: name=ComponentInfo{com.android.systemui/com.android.systemui.doze.DozeService}, isTest=false, canDoze=true, userId=0
11-21 19:19:48.060  3581  3605 I Sensors : Acc old sensor_state 129, new sensor_state : 128 en : 0
11-21 19:19:48.062  3581  3605 V KeyguardServiceDelegate: onScreenTurnedOff()
11-21 19:19:48.062  3581  3605 I VrManagerService: VR mode is disallowed
11-21 19:19:48.063  3581  4401 I Sensors : Proximity old sensor_state 128, new sensor_state : 0 en : 0
11-21 19:19:48.066  3581  3603 I DisplayManagerService: Display device changed state: "Pantalla integrada", OFF
11-21 19:19:48.066  3198  3198 D SurfaceFlinger: Set power mode=0, type=0 flinger=0x7fb1848000
11-21 19:19:48.067  3581  3603 W LocalDisplayAdapter: Unable to find color mode 0, ignoring request.
11-21 19:19:48.191  3581  3726 D SurfaceControl: Excessive delay in setPowerMode(): 125ms
11-21 19:19:48.196  3757  3757 D PhoneStatusBar: disable: < expand ICONS alerts SYSTEM_INFO back HOME RECENT clock SEARCH quick_settings >
11-21 19:19:48.217  4365  4892 D NfcService: Discovery configuration equal, not updating.
11-21 19:19:48.223  4365  4895 D BrcmNfcJni: nfcManager_disableDiscovery: enter;
11-21 19:19:48.223  4365  4895 D BrcmNfcJni: pn544InteropAbortNow
11-21 19:19:48.223  4365  4895 D BrcmNfcJni: startRfDiscovery: is start=0
11-21 19:19:48.223  4365  4895 I BrcmNfcNfa: NFA_StopRfDiscovery ()
11-21 19:19:48.223  4365  4485 I BrcmNfcNfa: NFA got event 0x010F
11-21 19:19:48.223  4365  4485 I BrcmNfcNfa: nfa_dm_evt_hdlr event: NFA_DM_API_STOP_RF_DISCOVERY_EVT (0x0f)
11-21 19:19:48.223  4365  4485 I BrcmNfcNfa: nfa_dm_act_stop_rf_discovery ()
11-21 19:19:48.223  4365  4485 I BrcmNfcNfa: nfa_dm_rf_deactivate () deactivate_type:0x0
11-21 19:19:48.223  4365  4485 I BrcmNfcNfa: nfa_dm_disc_sm_execute (): state: DISCOVERY (1), event: DEACTIVATE_CMD(6) disc_flags: 0x2
11-21 19:19:48.223  4365  4485 I BrcmNfcNfa: NFC_Deactivate 4 (IDLE) deactivate_type:0
11-21 19:19:48.223  4365  4485 D NfcAdaptation: NfcAdaptation::HalWrite
11-21 19:19:48.223  4365  4485 I SecHAL  : nfc_hal_write: enter;
11-21 19:19:48.223  4365  4485 I SecHAL  : nfc_hal_write: exit;
11-21 19:19:48.223  4365  4525 D SecHAL  : nfc_hal_task: Got a event: HAL_EVT_WRITE(3)
11-21 19:19:48.223  4365  4485 I BrcmNfcNfa: nfa_dm_disc_sm_execute (): new state: DISCOVERY (1), disc_flags: 0x22
11-21 19:19:48.223  4365  4525 D SecHAL  : nfc_hal_task: current state: SERVICE
11-21 19:19:48.223  4365  4485 I BrcmNfcNfa: nfa_sys_ptim_stop_timer a7faf010
11-21 19:19:48.223  4365  4485 I BrcmNfcNfa: ptim timer stop
11-21 19:19:48.223  4365  4525 I SecHAL  : device_wakeup: Wakeup! in 80 ms
11-21 19:19:48.223  4365  4485 I BrcmNfcNfa: Stopped presence check timer (if started)
11-21 19:19:48.303  4365  4525 I SecHAL  : device_wakeup: exit
11-21 19:19:48.303  4365  4525 I SecHAL  : OSI_timer_start: enter,osi_lock
11-21 19:19:48.303  4365  4525 I SecHAL  : OSI_timer_start: before pthread_create for timer thread
11-21 19:19:48.303  4365  4525 I SecHAL  : OSI_timer_start: after pthread_create for timer thread
11-21 19:19:48.303  4365  4525 I SecHAL  : OSI_timer_start: before osi_unlock
11-21 19:19:48.303  4365  4525 I SecHAL  : OSI_timer_start: exit
11-21 19:19:48.303  4365  4525 I SecHAL  : device_write: enter
11-21 19:19:48.303  4365  4525 I SecHAL  : device_write: before system call
11-21 19:19:48.303  4365  4525 I SecHAL  : device_write: after system call
11-21 19:19:48.303  4365  4525 D SecHAL  : data_trace:  Send(  4) 21 06 01   00 
11-21 19:19:48.303  4365  4525 I SecHAL  : device_write: exit
11-21 19:19:48.307  4365  4524 D SecHAL  : read_thread: Sent message to HAL message task, remind que: 2
11-21 19:19:48.307  4365  4525 D SecHAL  : nfc_hal_task: Got a event: HAL_EVT_READ(4)
11-21 19:19:48.307  4365  4525 D SecHAL  : nfc_hal_task: current state: SERVICE
11-21 19:19:48.307  4365  4525 D SecHAL  : data_trace:  Recv(  4) 41 06 01   00 
11-21 19:19:48.307  4365  4525 I SecHAL  : OSI_timer_start: enter,osi_lock
11-21 19:19:48.307  4365  4525 I SecHAL  : OSI_timer_start: before osi_unlock
11-21 19:19:48.307  4365  4525 I SecHAL  : OSI_timer_start: exit
11-21 19:19:48.307  4365  4525 I SecHAL  : nfc_data_callback: !
11-21 19:19:48.307  4365  4525 D NfcAdaptation: NfcAdaptation::HalDeviceContextDataCallback: len=4
11-21 19:19:48.307  4365  4485 I BrcmNfcNfa: NFC received rsp gid:1
11-21 19:19:48.307  4365  4485 I BrcmNfcNfa: p2p priority is running under bail out mode ONLY.
11-21 19:19:48.307  4365  4485 I BrcmNfcNfa: nfc_set_state 4 (IDLE)->4 (IDLE)
11-21 19:19:48.307  4365  4485 I BrcmNfcNfa: nfa_dm_disc_data_cback ()
11-21 19:19:48.307  4365  4485 I BrcmNfcNfa: nfa_dm_disc_discovery_cback (): event:0x4005
11-21 19:19:48.307  4365  4485 I BrcmNfcNfa: nfa_dm_disc_sm_execute (): state: DISCOVERY (1), event: DEACTIVATE_RSP(7) disc_flags: 0x22
11-21 19:19:48.307  4365  4485 I BrcmNfcNfa: nfa_dm_disc_new_state (): old_state: DISCOVERY (1), new_state: IDLE (0) disc_flags: 0x2
11-21 19:19:48.307  4365  4485 D BrcmNfcJni: nfaConnectionCallback: event= 31
11-21 19:19:48.307  4365  4485 D BrcmNfcJni: nfaConnectionCallback: NFA_RF_DISCOVERY_STOPPED_EVT: status = 0
11-21 19:19:48.308  4365  4485 I BrcmNfcNfa: nfa_dm_start_rf_discover ()
11-21 19:19:48.308  4365  4895 D BrcmNfcJni: stopPolling_rfDiscoveryDisabled: disable polling
11-21 19:19:48.308  4365  4485 I BrcmNfcNfa: nfa_dm_disc_sm_execute (): new state: IDLE (0), disc_flags: 0x0
11-21 19:19:48.308  4365  4895 I BrcmNfcNfa: NFA_DisablePolling ()
11-21 19:19:48.308  4365  4485 I BrcmNfcNfa: NFA got event 0x0107
11-21 19:19:48.308  4365  4485 I BrcmNfcNfa: nfa_dm_evt_hdlr event: NFA_DM_API_DISABLE_POLLING_EVT (0x07)
11-21 19:19:48.308  4365  4485 I BrcmNfcNfa: nfa_dm_act_disable_polling ()
11-21 19:19:48.308  4365  4485 I BrcmNfcNfa: nfa_dm_deactivate_polling ()
11-21 19:19:48.308  4365  4485 I BrcmNfcNfa: nfa_dm_delete_rf_discover () handle=0x1
11-21 19:19:48.308  4365  4485 D BrcmNfcJni: nfaConnectionCallback: event= 1
11-21 19:19:48.308  4365  4485 D BrcmNfcJni: nfaConnectionCallback: NFA_POLL_DISABLED_EVT: status = 0
11-21 19:19:48.308  4365  4895 D BrcmNfcJni: PeerToPeer::enableP2pListening: enter isEnable: 0  mIsP2pListening: 0
11-21 19:19:48.308  4365  4895 D BrcmNfcJni: PeerToPeer::enableP2pListening: exit; mIsP2pListening: 0
11-21 19:19:48.308  4365  4895 D BrcmNfcJni: PowerSwitch::setModeOff(deactivated=0x1) : mCurrActivity=0x0
11-21 19:19:48.308  4365  4895 D BrcmNfcJni: PowerSwitch::setLevel: level=PS-LOW-POWER (2)
11-21 19:19:48.308  4365  4895 D BrcmNfcJni: PowerSwitch::setLevel: actual power level=PS-FULL
11-21 19:19:48.308  4365  4895 D BrcmNfcJni: nfcManager_disableDiscovery: exit
11-21 19:19:48.392  3581  3597 I WindowManager: OverscanTimeout run
11-21 19:19:49.372  4365  4897 I SecHAL  : device_sleep: NFC can be going to sleep
11-21 19:19:53.304  3581  3596 I ActivityManager: Waited long enough for: ServiceRecord{9b71a3f u0 com.android.providers.media/.MediaScannerService}
11-21 19:19:53.414  3581  3596 I ActivityManager: Waited long enough for: ServiceRecord{44c8ff8 u0 com.cyanogenmod.lockclock/.weather.WeatherSourceListenerService}
11-21 19:19:53.415  3581  3596 I ActivityManager: Waited long enough for: ServiceRecord{a470cd1 u0 com.cyanogenmod.lockclock/.DeviceStatusService}
11-21 19:19:53.825  3581  3596 I ActivityManager: Waited long enough for: ServiceRecord{d3bf727 u0 com.android.calendar/.alerts.InitAlarmsService}
11-21 19:19:54.143  3581  3596 I ActivityManager: Waited long enough for: ServiceRecord{331657a u0 com.android.email/.service.LegacyImapSyncAdapterService}
11-21 19:20:01.115  3581  3646 I PowerManagerService: Waking up from dozing (uid 1000)...
11-21 19:20:01.115  3581  3581 V KeyguardServiceDelegate: onStartedWakingUp()
11-21 19:20:01.115  3581  3605 I DisplayPowerController: Blocking screen on until initial contents have been drawn.
11-21 19:20:01.115  3581  3605 V KeyguardServiceDelegate: onScreenTurnedOn(showListener = com.android.server.policy.PhoneWindowManager$2@d0fe0eb)
11-21 19:20:01.117  3581  3593 D Sensors : M requested delay = 20000000, modified delay = 0
11-21 19:20:01.118  3581  3593 I Sensors : Proximity old sensor_state 0, new sensor_state : 128 en : 1
11-21 19:20:01.123  3581  4405 V KeyguardServiceDelegate: **** SHOWN CALLED ****
11-21 19:20:01.165  3581  3646 D PowerManagerService-JNI: Excessive delay in setInteractive(true) while turning screen on: 49ms
11-21 19:20:01.165  3198  3198 D SurfaceFlinger: Set power mode=2, type=0 flinger=0x7fb1848000
11-21 19:20:01.166  3581  3603 I DisplayManagerService: Display device changed state: "Pantalla integrada", ON
11-21 19:20:01.166  3581  3603 W LocalDisplayAdapter: Unable to find color mode 0, ignoring request.
11-21 19:20:01.167  3581  3581 I ActivityManager: Killing 4096:org.cyanogenmod.weather.provider/u0a32 (adj 906): empty #17
11-21 19:20:01.169  3581  3597 I Sensors : Acc old sensor_state 128, new sensor_state : 129 en : 1
11-21 19:20:01.171  3581  3605 I DisplayPowerController: Unblocked screen on after 55 ms
11-21 19:20:01.171  3581  3605 V KeyguardServiceDelegate: onScreenTurnedOn()
11-21 19:20:01.171  3581  3605 I VrManagerService: VR mode is allowed
11-21 19:20:01.171  3581  3605 I DreamManagerService: Gently waking up from dream.
11-21 19:20:01.178  3581  3626 I Sensors : ProximitySensor - 8(cm)
11-21 19:20:01.178  3581  3626 I Sensors : ProximitySensor TS_H - 8, RES - 34359738368
11-21 19:20:01.178  3581  3626 I Sensors : ProximitySensor TS_L - 1438763088, RES - 35798501456
11-21 19:20:01.178  3581  3626 I Sensors : ProximitySensor Sync
11-21 19:20:01.186  3581  3900 I DreamManagerService: Leaving dreamland.
11-21 19:20:01.187  3581  3601 I DreamController: Stopping dream: name=ComponentInfo{com.android.systemui/com.android.systemui.doze.DozeService}, isTest=false, canDoze=true, userId=0
11-21 19:20:01.200  3581  3900 D ActivityManager: cleanUpApplicationRecord -- 4096
11-21 19:20:01.278  4365  4911 D BrcmNfcJni: nfcManager_enableDiscovery: enter; tech_mask = 01
11-21 19:20:01.278  4365  4911 D BrcmNfcJni: PowerSwitch::setLevel: level=PS-FULL (1)
11-21 19:20:01.278  4365  4911 D BrcmNfcJni: stopPolling_rfDiscoveryDisabled: disable polling
11-21 19:20:01.278  4365  4911 I BrcmNfcNfa: NFA_DisablePolling ()
11-21 19:20:01.279  4365  4485 I BrcmNfcNfa: NFA got event 0x0107
11-21 19:20:01.279  4365  4485 I BrcmNfcNfa: nfa_dm_evt_hdlr event: NFA_DM_API_DISABLE_POLLING_EVT (0x07)
11-21 19:20:01.279  4365  4485 I BrcmNfcNfa: nfa_dm_act_disable_polling ()
11-21 19:20:01.279  4365  4485 D BrcmNfcJni: nfaConnectionCallback: event= 1
11-21 19:20:01.279  4365  4485 D BrcmNfcJni: nfaConnectionCallback: NFA_POLL_DISABLED_EVT: status = 3
11-21 19:20:01.279  4365  4911 D BrcmNfcJni: startPolling_rfDiscoveryDisabled: enable polling
11-21 19:20:01.279  4365  4911 I BrcmNfcNfa: NFA_EnablePolling () 0x1
11-21 19:20:01.279  4365  4911 D BrcmNfcJni: startPolling_rfDiscoveryDisabled: wait for enable event
11-21 19:20:01.279  4365  4485 I BrcmNfcNfa: NFA got event 0x0106
11-21 19:20:01.279  4365  4485 I BrcmNfcNfa: nfa_dm_evt_hdlr event: NFA_DM_API_ENABLE_POLLING_EVT (0x06)
11-21 19:20:01.279  4365  4485 I BrcmNfcNfa: nfa_dm_act_enable_polling ()
