09-04 16:27:11.579  4138  4138 E audio_route: Control 'Third Mic Switch' doesn't exist - skipping
09-04 16:27:11.579  4138  4138 E audio_route: Control 'Headset Mic Switch' doesn't exist - skipping
09-04 16:27:11.579  4138  4138 E audio_route: Control 'VI SENSING Switch' doesn't exist - skipping
09-04 16:27:11.579  4138  4138 E audio_route: Control 'FM In Switch' doesn't exist - skipping
09-04 16:27:11.579  4138  4138 E audio_route: Control 'VoiceControl Mode' doesn't exist - skipping
09-04 16:27:11.579  4138  4138 E audio_route: Control 'DSP2 Rate' doesn't exist - skipping
09-04 16:27:11.579  4138  4138 E audio_route: Control 'DSP3 Rate' doesn't exist - skipping
09-04 16:27:11.579  4138  4138 E audio_route: Control 'DSP4 Rate' doesn't exist - skipping
09-04 16:27:11.579  4138  4138 E audio_route: Control 'DSP5 Rate' doesn't exist - skipping
09-04 16:27:11.579  4138  4138 E audio_route: unknown enum value string ASYNCCLK rate for ctl ASRC1 Rate 2
09-04 16:27:11.579  4138  4138 E audio_route: Control 'ASRC2 Rate 1' doesn't exist - skipping
09-04 16:27:11.579  4138  4138 E audio_route: Control 'ASRC2 Rate 2' doesn't exist - skipping
09-04 16:27:11.579  4138  4138 E audio_route: Control 'ASRC1IN2L Input' doesn't exist - skipping
09-04 16:27:11.579  4138  4138 E audio_route: Control 'ASRC1IN2R Input' doesn't exist - skipping
09-04 16:27:11.579  4138  4138 E audio_route: Control 'ISRC2DEC1 Input' doesn't exist - skipping
09-04 16:27:11.579  4138  4138 E audio_route: Control 'ISRC2DEC2 Input' doesn't exist - skipping
09-04 16:27:11.579  4138  4138 E audio_route: Control 'ISRC4 FSL' doesn't exist - skipping
09-04 16:27:11.579  4138  4138 E audio_route: Control 'ISRC4 FSH' doesn't exist - skipping
09-04 16:27:11.579  4138  4138 E audio_route: Control 'ASRC2IN1L Input' doesn't exist - skipping
09-04 16:27:11.579  4138  4138 E audio_route: Control 'ASRC2IN1R Input' doesn't exist - skipping
09-04 16:27:11.579  4138  4138 E audio_route: Control 'DSP5L Input 1' doesn't exist - skipping
09-04 16:27:11.579  4138  4138 E audio_route: Control 'DSP5L Input 2' doesn't exist - skipping
09-04 16:27:11.579  4138  4138 E audio_route: Control 'AIF4TX1 Input 1' doesn't exist - skipping
09-04 16:27:11.579  4138  4138 E audio_route: Control 'AIF4TX2 Input 1' doesn't exist - skipping
09-04 16:27:11.579  4138  4138 E audio_route: Control 'DSP5 Aux 2' doesn't exist - skipping
09-04 16:27:11.579  4138  4138 E audio_route: Control 'DSP5 Aux 3' doesn't exist - skipping
09-04 16:27:11.579  4138  4138 E audio_route: Control 'DSP5L Input 1 Volume' doesn't exist - skipping
09-04 16:27:11.580  4138  4138 E audio_route: Control 'DSP5L Input 2 Volume' doesn't exist - skipping
09-04 16:27:11.580  4138  4138 E audio_route: Control 'HPOUT1L Impedance Volume' doesn't exist - skipping
09-04 16:27:11.580  4138  4138 E audio_route: Control 'HPOUT1R Impedance Volume' doesn't exist - skipping
09-04 16:27:11.580  4138  4138 E audio_route: Control 'DSP5L Input 1 Volume' doesn't exist - skipping
09-04 16:27:11.580  4138  4138 E audio_route: Control 'DSP5L Input 2 Volume' doesn't exist - skipping
09-04 16:27:11.580  4138  4138 E audio_route: Control 'AIF4TX1 Input 1 Volume' doesn't exist - skipping
09-04 16:27:11.580  4138  4138 E audio_route: Control 'AIF4TX2 Input 1 Volume' doesn't exist - skipping
09-04 16:27:11.580  4138  4138 E audio_route: Control 'DSP5L Input 1 Volume' doesn't exist - skipping
09-04 16:27:11.580  4138  4138 E audio_route: Control 'DSP5L Input 2 Volume' doesn't exist - skipping
09-04 16:27:11.580  4138  4138 E audio_route: Control 'AIF4TX1 Input 1 Volume' doesn't exist - skipping
09-04 16:27:11.580  4138  4138 E audio_route: Control 'AIF4TX2 Input 1 Volume' doesn't exist - skipping
09-04 16:27:11.580  4138  4138 E audio_route: Control 'RCV Switch' doesn't exist - skipping
09-04 16:27:11.580  4138  4138 E audio_route: Control 'DSP5 Rate' doesn't exist - skipping
09-04 16:27:11.580  4138  4138 E audio_route: Control 'ASRC2IN1L Input' doesn't exist - skipping
09-04 16:27:11.580  4138  4138 E audio_route: Control 'ASRC2IN1R Input' doesn't exist - skipping
09-04 16:27:11.580  4138  4138 E audio_route: Control 'DSP5L Input 1' doesn't exist - skipping
09-04 16:27:11.580  4138  4138 E audio_route: Control 'DSP5L Input 2' doesn't exist - skipping
09-04 16:27:11.580  4138  4138 E audio_route: Control 'AIF4TX1 Input 1' doesn't exist - skipping
09-04 16:27:11.580  4138  4138 E audio_route: Control 'AIF4TX2 Input 1' doesn't exist - skipping
09-04 16:27:11.580  4138  4138 E audio_route: Control 'DSP5 Aux 2' doesn't exist - skipping
09-04 16:27:11.580  4138  4138 E audio_route: Control 'DSP5 Aux 3' doesn't exist - skipping
09-04 16:27:11.580  4138  4138 E audio_route: Control 'VI SENSING Switch' doesn't exist - skipping
09-04 16:27:11.580  4138  4138 E audio_route: Control 'SPK Switch' doesn't exist - skipping
09-04 16:27:11.580  4138  4138 E audio_route: Control 'HP Switch' doesn't exist - skipping
09-04 16:27:11.580  4138  4138 E audio_route: Control 'ISRC2DEC1 Input' doesn't exist - skipping
09-04 16:27:11.580  4138  4138 E audio_route: Control 'ISRC2DEC2 Input' doesn't exist - skipping
09-04 16:27:11.580  4138  4138 E audio_route: Control 'DSP4 Rate' doesn't exist - skipping
09-04 16:27:11.580  4138  4138 E audio_route: Control 'ASRC1IN2L Input' doesn't exist - skipping
09-04 16:27:11.580  4138  4138 E audio_route: Control 'DSP4 Firmware' doesn't exist - skipping
09-04 16:27:11.581  4138  4138 E audio_route: Control 'DSP4 Aux 1' doesn't exist - skipping
09-04 16:27:11.581  4138  4138 E audio_route: Control 'DSP4 Aux 2' doesn't exist - skipping
09-04 16:27:11.581  4138  4138 E audio_route: Control 'DSP4 Aux 3' doesn't exist - skipping
09-04 16:27:11.581  4138  4138 E audio_route: Control 'ISRC2INT1 Input' doesn't exist - skipping
09-04 16:27:11.581  4138  4138 E audio_route: Control 'RCV Switch' doesn't exist - skipping
09-04 16:27:11.581  4138  4138 E audio_route: Control 'DSP4 Rate' doesn't exist - skipping
09-04 16:27:11.581  4138  4138 E audio_route: Control 'DSP5 Rate' doesn't exist - skipping
09-04 16:27:11.581  4138  4138 E audio_route: Control 'ASRC1IN2L Input' doesn't exist - skipping
09-04 16:27:11.581  4138  4138 E audio_route: Control 'DSP4 Firmware' doesn't exist - skipping
09-04 16:27:11.581  4138  4138 E audio_route: Control 'DSP4 Aux 1' doesn't exist - skipping
09-04 16:27:11.581  4138  4138 E audio_route: Control 'DSP4 Aux 2' doesn't exist - skipping
09-04 16:27:11.581  4138  4138 E audio_route: Control 'DSP4 Aux 3' doesn't exist - skipping
09-04 16:27:11.581  4138  4138 E audio_route: Control 'ISRC2INT1 Input' doesn't exist - skipping
09-04 16:27:11.581  4138  4138 E audio_route: Control 'ASRC2IN1L Input' doesn't exist - skipping
09-04 16:27:11.581  4138  4138 E audio_route: Control 'ASRC2IN1R Input' doesn't exist - skipping
09-04 16:27:11.581  4138  4138 E audio_route: Control 'DSP5L Input 1' doesn't exist - skipping
09-04 16:27:11.581  4138  4138 E audio_route: Control 'DSP5L Input 2' doesn't exist - skipping
09-04 16:27:11.581  4138  4138 E audio_route: Control 'AIF4TX1 Input 1' doesn't exist - skipping
09-04 16:27:11.581  4138  4138 E audio_route: Control 'AIF4TX2 Input 1' doesn't exist - skipping
09-04 16:27:11.581  4138  4138 E audio_route: Control 'DSP5 Aux 2' doesn't exist - skipping
09-04 16:27:11.581  4138  4138 E audio_route: Control 'DSP5 Aux 3' doesn't exist - skipping
09-04 16:27:11.581  4138  4138 E audio_route: Control 'VI SENSING Switch' doesn't exist - skipping
09-04 16:27:11.581  4138  4138 E audio_route: Control 'SPK Switch' doesn't exist - skipping
09-04 16:27:11.581  4138  4138 E audio_route: Control 'DSP4 Rate' doesn't exist - skipping
09-04 16:27:11.581  4138  4138 E audio_route: Control 'ASRC1IN2L Input' doesn't exist - skipping
09-04 16:27:11.581  4138  4138 E audio_route: Control 'DSP4 Firmware' doesn't exist - skipping
09-04 16:27:11.581  4138  4138 E audio_route: Control 'DSP4 Aux 1' doesn't exist - skipping
09-04 16:27:11.581  4138  4138 E audio_route: Control 'DSP4 Aux 2' doesn't exist - skipping
09-04 16:27:11.581  4138  4138 E audio_route: Control 'ISRC2INT1 Input' doesn't exist - skipping
09-04 16:27:11.581  4138  4138 E audio_route: Control 'HP Switch' doesn't exist - skipping
09-04 16:27:11.582  4138  4138 E audio_route: Control 'ISRC2DEC1 Input' doesn't exist - skipping
09-04 16:27:11.582  4138  4138 E audio_route: Control 'ISRC2DEC2 Input' doesn't exist - skipping
09-04 16:27:11.582  4138  4138 E audio_route: Control 'ISRC2DEC3 Input' doesn't exist - skipping
09-04 16:27:11.582  4138  4138 E audio_route: Control 'ISRC2DEC4 Input' doesn't exist - skipping
09-04 16:27:11.582  4138  4138 E audio_route: Control 'ASRC1IN2L Input' doesn't exist - skipping
09-04 16:27:11.582  4138  4138 E audio_route: Control 'ASRC1IN2R Input' doesn't exist - skipping
09-04 16:27:11.582  4138  4138 E audio_route: Control 'DSP4 Rate' doesn't exist - skipping
09-04 16:27:11.582  4138  4138 E audio_route: Control 'ASRC1IN2L Input' doesn't exist - skipping
09-04 16:27:11.582  4138  4138 E audio_route: Control 'DSP4 Firmware' doesn't exist - skipping
09-04 16:27:11.582  4138  4138 E audio_route: Control 'DSP4 Aux 1' doesn't exist - skipping
09-04 16:27:11.582  4138  4138 E audio_route: Control 'DSP4 Aux 2' doesn't exist - skipping
09-04 16:27:11.582  4138  4138 E audio_route: Control 'DSP4 Aux 3' doesn't exist - skipping
09-04 16:27:11.582  4138  4138 E audio_route: Control 'ISRC2INT1 Input' doesn't exist - skipping
09-04 16:27:11.582  4138  4138 E audio_route: Control 'RCV Switch' doesn't exist - skipping
09-04 16:27:11.582  4138  4138 E audio_route: Control 'DSP4 Rate' doesn't exist - skipping
09-04 16:27:11.582  4138  4138 E audio_route: Control 'DSP5 Rate' doesn't exist - skipping
09-04 16:27:11.582  4138  4138 E audio_route: Control 'ASRC1IN2L Input' doesn't exist - skipping
09-04 16:27:11.582  4138  4138 E audio_route: Control 'DSP4 Firmware' doesn't exist - skipping
09-04 16:27:11.582  4138  4138 E audio_route: Control 'DSP4 Aux 1' doesn't exist - skipping
09-04 16:27:11.582  4138  4138 E audio_route: Control 'DSP4 Aux 2' doesn't exist - skipping
09-04 16:27:11.582  4138  4138 E audio_route: Control 'DSP4 Aux 3' doesn't exist - skipping
09-04 16:27:11.582  4138  4138 E audio_route: Control 'ISRC2INT1 Input' doesn't exist - skipping
09-04 16:27:11.582  4138  4138 E audio_route: Control 'ASRC2IN1L Input' doesn't exist - skipping
09-04 16:27:11.582  4138  4138 E audio_route: Control 'ASRC2IN1R Input' doesn't exist - skipping
09-04 16:27:11.582  4138  4138 E audio_route: Control 'DSP5L Input 1' doesn't exist - skipping
09-04 16:27:11.582  4138  4138 E audio_route: Control 'DSP5L Input 2' doesn't exist - skipping
09-04 16:27:11.582  4138  4138 E audio_route: Control 'AIF4TX1 Input 1' doesn't exist - skipping
09-04 16:27:11.582  4138  4138 E audio_route: Control 'AIF4TX2 Input 1' doesn't exist - skipping
09-04 16:27:11.582  4138  4138 E audio_route: Control 'DSP5 Aux 2' doesn't exist - skipping
09-04 16:27:11.582  4138  4138 E audio_route: Control 'DSP5 Aux 3' doesn't exist - skipping
09-04 16:27:11.582  4138  4138 E audio_route: Control 'VI SENSING Switch' doesn't exist - skipping
09-04 16:27:11.582  4138  4138 E audio_route: Control 'SPK Switch' doesn't exist - skipping
09-04 16:27:11.583  4138  4138 E audio_route: Control 'ISRC2DEC1 Input' doesn't exist - skipping
09-04 16:27:11.583  4138  4138 E audio_route: Control 'ISRC2DEC2 Input' doesn't exist - skipping
09-04 16:27:11.583  4138  4138 E audio_route: Control 'ISRC2DEC3 Input' doesn't exist - skipping
09-04 16:27:11.583  4138  4138 E audio_route: Control 'ISRC2DEC4 Input' doesn't exist - skipping
09-04 16:27:11.583  4138  4138 E audio_route: Control 'ASRC1IN2L Input' doesn't exist - skipping
09-04 16:27:11.583  4138  4138 E audio_route: Control 'ASRC1IN2R Input' doesn't exist - skipping
09-04 16:27:11.583  4138  4138 E audio_route: Control 'Main Mic Switch' doesn't exist - skipping
09-04 16:27:11.583  4138  4138 E audio_route: Control 'Sub Mic Switch' doesn't exist - skipping
09-04 16:27:11.583  4138  4138 E audio_route: Control 'ISRC2INT1 Input' doesn't exist - skipping
09-04 16:27:11.583  4138  4138 E audio_route: Control 'ISRC2INT2 Input' doesn't exist - skipping
09-04 16:27:11.583  4138  4138 E audio_route: Control 'Headset Mic Switch' doesn't exist - skipping
09-04 16:27:11.583  4138  4138 E audio_route: Control 'Main Mic Switch' doesn't exist - skipping
09-04 16:27:11.583  4138  4138 E audio_route: Control 'Sub Mic Switch' doesn't exist - skipping
09-04 16:27:11.583  4138  4138 E audio_route: Control 'ISRC3 FSL' doesn't exist - skipping
09-04 16:27:11.583  4138  4138 E audio_route: Control 'ISRC3 FSH' doesn't exist - skipping
09-04 16:27:11.583  4138  4138 E audio_route: Control 'ISRC1DEC1 Input' doesn't exist - skipping
09-04 16:27:11.583  4138  4138 E audio_route: Control 'ISRC1DEC2 Input' doesn't exist - skipping
09-04 16:27:11.583  4138  4138 E audio_route: Control 'ISRC2DEC1 Input' doesn't exist - skipping
09-04 16:27:11.583  4138  4138 E audio_route: Control 'ISRC2DEC2 Input' doesn't exist - skipping
09-04 16:27:11.583  4138  4138 E audio_route: Control 'ISRC1DEC4 Input' doesn't exist - skipping
09-04 16:27:11.583  4138  4138 E audio_route: Control 'DSP2 Firmware' doesn't exist - skipping
09-04 16:27:11.583  4138  4138 E audio_route: Control 'DSP3 Firmware' doesn't exist - skipping
09-04 16:27:11.583  4138  4138 E audio_route: Control 'DSP2 Virtual Input' doesn't exist - skipping
09-04 16:27:11.583  4138  4138 E audio_route: Control 'DSP3 Virtual Input' doesn't exist - skipping
09-04 16:27:11.583  4138  4138 E audio_route: Control 'DSP3L Input 1' doesn't exist - skipping
09-04 16:27:11.583  4138  4138 E audio_route: Control 'DSP3R Input 1' doesn't exist - skipping
09-04 16:27:11.583  4138  4138 E audio_route: Control 'DSP3 Aux 1' doesn't exist - skipping
09-04 16:27:11.583  4138  4138 E audio_route: Control 'ISRC3INT1 Input' doesn't exist - skipping
09-04 16:27:11.583  4138  4138 E audio_route: Control 'ASRC1IN1L Input' doesn't exist - skipping
09-04 16:27:11.583  4138  4138 E audio_route: Control 'ASRC1IN1R Input' doesn't exist - skipping
09-04 16:27:11.583  4138  4138 E audio_route: Control 'ISRC1INT1 Input' doesn't exist - skipping
09-04 16:27:11.583  4138  4138 E audio_route: Control 'Headset Mic Switch' doesn't exist - skipping
09-04 16:27:11.584  4138  4138 E audio_route: Control 'Main Mic Switch' doesn't exist - skipping
09-04 16:27:11.584  4138  4138 E audio_route: Control 'Sub Mic Switch' doesn't exist - skipping
09-04 16:27:11.584  4138  4138 E audio_route: Control 'ISRC3 FSL' doesn't exist - skipping
09-04 16:27:11.584  4138  4138 E audio_route: Control 'ISRC3 FSH' doesn't exist - skipping
09-04 16:27:11.584  4138  4138 E audio_route: Control 'ISRC1DEC1 Input' doesn't exist - skipping
09-04 16:27:11.584  4138  4138 E audio_route: Control 'ISRC1DEC2 Input' doesn't exist - skipping
09-04 16:27:11.584  4138  4138 E audio_route: Control 'ISRC2DEC1 Input' doesn't exist - skipping
09-04 16:27:11.584  4138  4138 E audio_route: Control 'ISRC2DEC2 Input' doesn't exist - skipping
09-04 16:27:11.584  4138  4138 E audio_route: Control 'ISRC1DEC4 Input' doesn't exist - skipping
09-04 16:27:11.584  4138  4138 E audio_route: Control 'ASRC2IN2L Input' doesn't exist - skipping
09-04 16:27:11.584  4138  4138 E audio_route: Control 'DSP2 Firmware' doesn't exist - skipping
09-04 16:27:11.584  4138  4138 E audio_route: Control 'DSP3 Firmware' doesn't exist - skipping
09-04 16:27:11.584  4138  4138 E audio_route: Control 'DSP2 Virtual Input' doesn't exist - skipping
09-04 16:27:11.584  4138  4138 E audio_route: Control 'DSP3 Virtual Input' doesn't exist - skipping
09-04 16:27:11.584  4138  4138 E audio_route: Control 'DSP3L Input 1' doesn't exist - skipping
09-04 16:27:11.584  4138  4138 E audio_route: Control 'DSP3R Input 1' doesn't exist - skipping
09-04 16:27:11.584  4138  4138 E audio_route: Control 'DSP3 Aux 1' doesn't exist - skipping
09-04 16:27:11.584  4138  4138 E audio_route: Control 'ISRC3INT1 Input' doesn't exist - skipping
09-04 16:27:11.584  4138  4138 E audio_route: Control 'ASRC1IN1L Input' doesn't exist - skipping
09-04 16:27:11.584  4138  4138 E audio_route: Control 'ASRC1IN1R Input' doesn't exist - skipping
09-04 16:27:11.584  4138  4138 E audio_route: Control 'ISRC1INT1 Input' doesn't exist - skipping
09-04 16:27:11.584  4138  4138 E audio_route: Control 'Headset Mic Switch' doesn't exist - skipping
09-04 16:27:11.584  4138  4138 E audio_route: Control 'ISRC2DEC1 Input' doesn't exist - skipping
09-04 16:27:11.584  4138  4138 E audio_route: Control 'ASRC1IN1L Input' doesn't exist - skipping
09-04 16:27:11.584  4138  4138 E audio_route: Control 'Main Mic Switch' doesn't exist - skipping
09-04 16:27:11.584  4138  4138 E audio_route: Control 'ISRC2DEC1 Input' doesn't exist - skipping
09-04 16:27:11.584  4138  4138 E audio_route: Control 'ASRC1IN1L Input' doesn't exist - skipping
09-04 16:27:11.584  4138  4138 E audio_route: Control 'ISRC2INT1 Input' doesn't exist - skipping
09-04 16:27:11.584  4138  4138 E audio_route: Control 'ISRC2INT2 Input' doesn't exist - skipping
09-04 16:27:11.584  4138  4138 E audio_route: Control 'ASRC1IN1L Input' doesn't exist - skipping
09-04 16:27:11.584  4138  4138 E audio_route: Control 'ASRC1IN1R Input' doesn't exist - skipping
09-04 16:27:11.584  4138  4138 E audio_route: Control 'Headset Mic Switch' doesn't exist - skipping
09-04 16:27:11.585  4138  4138 E audio_route: Control 'Main Mic Switch' doesn't exist - skipping
09-04 16:27:11.585  4138  4138 E audio_route: Control 'Sub Mic Switch' doesn't exist - skipping
09-04 16:27:11.585  4138  4138 E audio_route: Control 'ISRC2DEC1 Input' doesn't exist - skipping
09-04 16:27:11.585  4138  4138 E audio_route: Control 'ISRC2DEC2 Input' doesn't exist - skipping
09-04 16:27:11.585  4138  4138 E audio_route: Control 'ISRC2DEC4 Input' doesn't exist - skipping
09-04 16:27:11.585  4138  4138 E audio_route: Control 'DSP2 Firmware' doesn't exist - skipping
09-04 16:27:11.585  4138  4138 E audio_route: Control 'DSP3 Firmware' doesn't exist - skipping
09-04 16:27:11.585  4138  4138 E audio_route: Control 'DSP2 Virtual Input' doesn't exist - skipping
09-04 16:27:11.585  4138  4138 E audio_route: Control 'DSP3 Virtual Input' doesn't exist - skipping
09-04 16:27:11.585  4138  4138 E audio_route: Control 'DSP3L Input 1' doesn't exist - skipping
09-04 16:27:11.585  4138  4138 E audio_route: Control 'DSP3R Input 1' doesn't exist - skipping
09-04 16:27:11.585  4138  4138 E audio_route: Control 'DSP3 Aux 1' doesn't exist - skipping
09-04 16:27:11.585  4138  4138 E audio_route: Control 'ASRC1IN1L Input' doesn't exist - skipping
09-04 16:27:11.585  4138  4138 E audio_route: Control 'ASRC1IN1R Input' doesn't exist - skipping
09-04 16:27:11.585  4138  4138 E audio_route: Control 'ISRC2INT2 Input' doesn't exist - skipping
09-04 16:27:11.585  4138  4138 E audio_route: Control 'Headset Mic Switch' doesn't exist - skipping
09-04 16:27:11.585  4138  4138 E audio_route: Control 'Main Mic Switch' doesn't exist - skipping
09-04 16:27:11.585  4138  4138 E audio_route: Control 'Sub Mic Switch' doesn't exist - skipping
09-04 16:27:11.585  4138  4138 E audio_route: Control 'ISRC2DEC1 Input' doesn't exist - skipping
09-04 16:27:11.585  4138  4138 E audio_route: Control 'ISRC2DEC2 Input' doesn't exist - skipping
09-04 16:27:11.585  4138  4138 E audio_route: Control 'ISRC2DEC4 Input' doesn't exist - skipping
09-04 16:27:11.585  4138  4138 E audio_route: Control 'ASRC2IN2L Input' doesn't exist - skipping
09-04 16:27:11.585  4138  4138 E audio_route: Control 'DSP2 Firmware' doesn't exist - skipping
09-04 16:27:11.585  4138  4138 E audio_route: Control 'DSP3 Firmware' doesn't exist - skipping
09-04 16:27:11.585  4138  4138 E audio_route: Control 'DSP2 Virtual Input' doesn't exist - skipping
09-04 16:27:11.585  4138  4138 E audio_route: Control 'DSP3 Virtual Input' doesn't exist - skipping
09-04 16:27:11.585  4138  4138 E audio_route: Control 'DSP3L Input 1' doesn't exist - skipping
09-04 16:27:11.585  4138  4138 E audio_route: Control 'DSP3R Input 1' doesn't exist - skipping
09-04 16:27:11.585  4138  4138 E audio_route: Control 'DSP3 Aux 1' doesn't exist - skipping
09-04 16:27:11.585  4138  4138 E audio_route: Control 'ASRC1IN1L Input' doesn't exist - skipping
09-04 16:27:11.585  4138  4138 E audio_route: Control 'ASRC1IN1R Input' doesn't exist - skipping
09-04 16:27:11.585  4138  4138 E audio_route: Control 'ISRC2INT2 Input' doesn't exist - skipping
09-04 16:27:11.585  4138  4138 E audio_route: Control 'ISRC2INT1 Input' doesn't exist - skipping
09-04 16:27:11.586  4138  4138 E audio_route: Control 'ISRC2INT2 Input' doesn't exist - skipping
09-04 16:27:11.586  4138  4138 E audio_route: Control 'ASRC1IN1L Input' doesn't exist - skipping
09-04 16:27:11.586  4138  4138 E audio_route: Control 'ASRC1IN1R Input' doesn't exist - skipping
09-04 16:27:11.586  4138  4138 E audio_route: Control 'AIF4TX1 Input 1 Volume' doesn't exist - skipping
09-04 16:27:11.586  4138  4138 E audio_route: Control 'AIF4TX2 Input 1 Volume' doesn't exist - skipping
09-04 16:27:11.586  4138  4138 E audio_route: Control 'HPOUT1L Impedance Volume' doesn't exist - skipping
09-04 16:27:11.586  4138  4138 E audio_route: Control 'HPOUT1R Impedance Volume' doesn't exist - skipping
09-04 16:27:11.586  4138  4138 E audio_route: Control 'HPOUT1L Impedance Volume' doesn't exist - skipping
09-04 16:27:11.586  4138  4138 E audio_route: Control 'HPOUT1R Impedance Volume' doesn't exist - skipping
09-04 16:27:11.586  4138  4138 E audio_route: Control 'DSP4 XM f010:0' doesn't exist - skipping
09-04 16:27:11.586  4138  4138 E audio_route: Control 'DSP4 XM f010:1' doesn't exist - skipping
09-04 16:27:11.586  4138  4138 E audio_route: Control 'DSP4 XM f010:0' doesn't exist - skipping
09-04 16:27:11.586  4138  4138 E audio_route: Control 'DSP4 XM f010:1' doesn't exist - skipping
09-04 16:27:11.586  4138  4138 E audio_route: Control 'HPOUT1L Impedance Volume' doesn't exist - skipping
09-04 16:27:11.586  4138  4138 E audio_route: Control 'HPOUT1R Impedance Volume' doesn't exist - skipping
09-04 16:27:11.586  4138  4138 E audio_route: Control 'DSP4 XM f010:0' doesn't exist - skipping
09-04 16:27:11.586  4138  4138 E audio_route: Control 'DSP4 XM f010:1' doesn't exist - skipping
09-04 16:27:11.586  4138  4138 E audio_route: Control 'HPOUT1L Impedance Volume' doesn't exist - skipping
09-04 16:27:11.586  4138  4138 E audio_route: Control 'HPOUT1R Impedance Volume' doesn't exist - skipping
09-04 16:27:11.586  4138  4138 E audio_route: Control 'DSP4 XM f010:0' doesn't exist - skipping
09-04 16:27:11.586  4138  4138 E audio_route: Control 'DSP4 XM f010:1' doesn't exist - skipping
09-04 16:27:11.586  4138  4138 E audio_route: Control 'DSP4 XM f010:0' doesn't exist - skipping
09-04 16:27:11.586  4138  4138 E audio_route: Control 'DSP4 XM f010:1' doesn't exist - skipping
09-04 16:27:11.586  4138  4138 E audio_route: Control 'DSP4 XM f010:0' doesn't exist - skipping
09-04 16:27:11.586  4138  4138 E audio_route: Control 'DSP4 XM f010:1' doesn't exist - skipping
09-04 16:27:11.586  4138  4138 E audio_route: Control 'HPOUT1L Impedance Volume' doesn't exist - skipping
09-04 16:27:11.586  4138  4138 E audio_route: Control 'HPOUT1R Impedance Volume' doesn't exist - skipping
09-04 16:27:11.586  4138  4138 E audio_route: Control 'DSP4 XM f010:0' doesn't exist - skipping
09-04 16:27:11.586  4138  4138 E audio_route: Control 'DSP4 XM f010:1' doesn't exist - skipping
09-04 16:27:11.587  4138  4138 E audio_route: Control 'HPOUT1L Impedance Volume' doesn't exist - skipping
09-04 16:27:11.587  4138  4138 E audio_route: Control 'HPOUT1R Impedance Volume' doesn't exist - skipping
09-04 16:27:11.587  4138  4138 E audio_route: Control 'DSP4 XM f010:0' doesn't exist - skipping
09-04 16:27:11.587  4138  4138 E audio_route: Control 'DSP4 XM f010:1' doesn't exist - skipping
09-04 16:27:11.587  4138  4138 E audio_route: Control 'DSP3 XM f007:0' doesn't exist - skipping
09-04 16:27:11.587  4138  4138 E audio_route: Control 'DSP3 XM f007:1' doesn't exist - skipping
09-04 16:27:11.587  4138  4138 E audio_route: Control 'DSP3 XM f007:0' doesn't exist - skipping
09-04 16:27:11.587  4138  4138 E audio_route: Control 'DSP3 XM f007:1' doesn't exist - skipping
09-04 16:27:11.587  4138  4138 E audio_route: Control 'DSP3 XM f007:0' doesn't exist - skipping
09-04 16:27:11.587  4138  4138 E audio_route: Control 'DSP3 XM f007:1' doesn't exist - skipping
09-04 16:27:11.587  4138  4138 E audio_route: Control 'DSP3 XM f007:0' doesn't exist - skipping
09-04 16:27:11.587  4138  4138 E audio_route: Control 'DSP3 XM f007:1' doesn't exist - skipping
09-04 16:27:11.587  4138  4138 E audio_route: Control 'Headset Mic Switch' doesn't exist - skipping
09-04 16:27:11.588  4138  4138 E audio_route: Control 'Headset Mic Switch' doesn't exist - skipping
09-04 16:27:11.588  4138  4138 V audio_hw_voice: voice_session_init: Forcing voice config: wide
09-04 16:27:11.588  4138  4138 I AudioFlinger: loadHwModule() Loaded primary audio interface from Samsung Audio HAL (audio) handle 10
09-04 16:27:11.588  4138  4138 I AudioFlinger: openOutput(), module 10 Device 2, SamplingRate 48000, Format 0x000001, Channels 3, flags a
09-04 16:27:11.588  4138  4138 I AudioFlinger: HAL output buffer size 480 frames, normal sink buffer size 960 frames
09-04 16:27:11.589  4138  4138 W EffectsFactory: loadLibrary() failed to open /system/vendor/lib/soundfx/libswdap.so
09-04 16:27:11.589  4138  4138 W EffectsFactory: loadLibrary() failed to open /system/vendor/lib/soundfx/libhwdap.so
09-04 16:27:11.589  4138  4138 W EffectsFactory: loadEffect() could not get library proxy
09-04 16:27:11.589  4138  4138 I BufferProvider: found effect "Multichannel Downmix To Stereo" from The Android Open Source Project
09-04 16:27:11.589  4138  4138 I AudioFlinger: Using module 10 has the primary audio interface
09-04 16:27:11.593  4138  4248 I AudioFlinger: AudioFlinger's thread 0xf6183500 ready to run
09-04 16:27:11.593  4138  4248 W BatteryNotifier: batterystats service unavailable!
09-04 16:27:11.594  4138  4248 W BatteryNotifier: batterystats service unavailable!
09-04 16:27:11.594  4138  4248 W BatteryNotifier: batterystats service unavailable!
09-04 16:27:11.594  4138  4248 W AudioFlinger: no wake lock to update, system not ready yet
09-04 16:27:11.594  4138  4138 I AudioFlinger: openOutput(), module 10 Device 2, SamplingRate 48000, Format 0x000001, Channels 3, flags 4
09-04 16:27:11.594  4138  4138 I AudioFlinger: HAL output buffer size 256 frames, normal sink buffer size 768 frames
09-04 16:27:11.594  4138  4251 I AudioFlinger: AudioFlinger's thread 0xf5d83540 ready to run
09-04 16:27:11.595  4138  4251 W BatteryNotifier: batterystats service unavailable!
09-04 16:27:11.595  4138  4251 W BatteryNotifier: batterystats service unavailable!
09-04 16:27:11.595  4138  4251 W BatteryNotifier: batterystats service unavailable!
09-04 16:27:11.595  4138  4251 W AudioFlinger: no wake lock to update, system not ready yet
09-04 16:27:11.595  4138  4252 I AudioFlinger: AudioFlinger's thread 0xf5a83780 ready to run
09-04 16:27:11.596  4138  4138 I bt_a2dp_hw: adev_open:  adev_open in A2dp_hw module
09-04 16:27:11.596  4138  4138 I AudioFlinger: loadHwModule() Loaded a2dp audio interface from A2DP Audio HW HAL (audio) handle 18
09-04 16:27:11.596  3160  3160 D wrapperGPS: wrapperConnect_RILD
09-04 16:27:11.596  4138  4138 I AudioFlinger: loadHwModule() Loaded usb audio interface from USB audio HW HAL (audio) handle 26
09-04 16:27:11.597  4138  4138 I r_submix: adev_open(name=audio_hw_if)
09-04 16:27:11.597  4138  4138 I r_submix: adev_init_check()
09-04 16:27:11.597  4138  4138 I AudioFlinger: loadHwModule() Loaded r_submix audio interface from Wifi Display audio HAL (audio) handle 34
09-04 16:27:11.597  4138  4138 D r_submix: adev_open_input_stream(addr=0)
09-04 16:27:11.597  4138  4138 D r_submix: submix_audio_device_create_pipe_l(addr=0, idx=9)
09-04 16:27:11.597  4138  4138 D r_submix:   now using address 0 for route 9
09-04 16:27:11.597  4138  4253 I AudioFlinger: AudioFlinger's thread 0xf5a035c0 ready to run
09-04 16:27:11.597  4138  4138 D r_submix: adev_close_input_stream()
09-04 16:27:11.597  4138  4138 D r_submix: submix_audio_device_release_pipe_l(idx=9) addr=0
09-04 16:27:11.597  4138  4138 D r_submix: submix_audio_device_destroy_pipe_l(): pipe destroyed
09-04 16:27:11.598  4138  4138 I RadioService: RadioService
09-04 16:27:11.598  4138  4138 I RadioService: onFirstRef
09-04 16:27:11.598  4138  4138 E RadioService: couldn't load radio module radio.primary (No such file or directory)
09-04 16:27:11.598  4138  4138 E SoundTriggerHwService: couldn't load sound trigger module sound_trigger.primary (No such file or directory)
09-04 16:27:11.625  4137  4137 I Zygote  : Preloading classes...
09-04 16:27:11.631  4137  4137 W Zygote  : Class not found for preloading: [Landroid.view.Display$ColorTransform;
09-04 16:27:11.943  4140  4140 V NatController: runCmd(/system/bin/iptables -w -F natctrl_FORWARD) res=0
09-04 16:27:11.948  4140  4140 V NatController: runCmd(/system/bin/ip6tables -w -F natctrl_FORWARD) res=0
09-04 16:27:11.951  4137  4137 E Typeface: Error mapping font file /system/fonts/DroidSansFallback.ttf
09-04 16:27:11.952  4140  4140 V NatController: runCmd(/system/bin/iptables -w -A natctrl_FORWARD -j DROP) res=0
09-04 16:27:11.956  4140  4140 V NatController: runCmd(/system/bin/iptables -w -t nat -F natctrl_nat_POSTROUTING) res=0
09-04 16:27:11.960  4140  4140 V NatController: runCmd(/system/bin/ip6tables -w -t raw -F natctrl_raw_PREROUTING) res=0
09-04 16:27:11.965  4140  4140 V NatController: runCmd(/system/bin/iptables -w -F natctrl_tether_counters) res=0
09-04 16:27:11.969  4140  4140 V NatController: runCmd(/system/bin/ip6tables -w -F natctrl_tether_counters) res=0
09-04 16:27:11.974  4140  4140 V NatController: runCmd(/system/bin/iptables -w -X natctrl_tether_counters) res=0
09-04 16:27:11.978  4140  4140 V NatController: runCmd(/system/bin/ip6tables -w -X natctrl_tether_counters) res=0
09-04 16:27:11.982  4140  4140 V NatController: runCmd(/system/bin/iptables -w -N natctrl_tether_counters) res=0
09-04 16:27:11.987  4140  4140 V NatController: runCmd(/system/bin/ip6tables -w -N natctrl_tether_counters) res=0
09-04 16:27:11.991  4140  4140 V NatController: runCmd(/system/bin/iptables -w -t mangle -A natctrl_mangle_FORWARD -p tcp --tcp-flags SYN SYN -j TCPMSS --clamp-mss-to-pmtu) res=0
09-04 16:27:12.044  4140  4140 E Netd    : cannot find interface dummy0
09-04 16:27:12.045  4140  4140 D MDnsDS  : MDnsSdListener::Hander starting up
09-04 16:27:12.045  4140  4366 D MDnsDS  : MDnsSdListener starting to monitor
09-04 16:27:12.045  4140  4366 D MDnsDS  : Going to poll with pollCount 1
09-04 16:27:12.475  3815  3815 I ServiceManager: Waiting for service SurfaceFlinger...
09-04 16:27:12.525  4372  4372 V lhd     : GlLhdInterface::Init(/system/etc/lhd.conf)
09-04 16:27:12.525  4372  4372 E lhd     : SetCfgValue: Critical Error. Unknown configuration parameter "FlpName"="tcp"
09-04 16:27:12.525  4372  4372 V lhd     : SetCfgValue: LHD config "LheSerialControl"="BBD:Serial=TTY"
09-04 16:27:12.525  4372  4372 E lhd     : SetCfgValue: Critical Error. Unknown configuration parameter "LheClockMHz"="100"
09-04 16:27:12.525  4372  4372 V lhd     : SetCfgValue: LHD config "LhePatch"="/dev/bbd_patch"
09-04 16:27:12.525  4372  4372 V lhd     : SetCfgValue: LHD config "LheMaxMcuResetTries"="4"
09-04 16:27:12.525  4372  4372 V lhd     : SetCfgValue: LHD config "LheBbdPacket"="/dev/ttyBCM"
09-04 16:27:12.525  4372  4372 V lhd     : SetCfgValue: LHD config "LheBbdControl"="/dev/bbd_control"
09-04 16:27:12.525  4372  4372 V lhd     : SetCfgValue: LHD config "LheBbdSensor"="/dev/bbd_sensor"
09-04 16:27:12.525  4372  4372 V lhd     : SetCfgValue: LHD config "Lhe477xDebugFlags"="RPC:FACILITY=33:STDOUT_PUTS:STDOUT_LOG"
09-04 16:27:12.525  4372  4372 E lhd     : SetCfgValue: Critical Error. Unknown configuration parameter "LheSensorIpc"="true"
09-04 16:27:12.525  4372  4372 E lhd     : SetCfgValue: Critical Error. Unknown configuration parameter "LhePinMux"="P17=M1"
09-04 16:27:12.525  4372  4372 V lhd     : SetCfgValue: LHD config "LheAutoBaudDelayMS"="10"
09-04 16:27:12.525  4372  4372 V lhd     : SetCfgValue: LHD config "LheMaxMcuResetTries"="3"
09-04 16:27:12.525  4372  4372 E lhd     : OpenFirmwareFile: Fail to open /efs/sec_efs/sensorhub_urgent_fw.patch, errno 2
09-04 16:27:12.525  4372  4372 E lhd     : getCustPatchVersion: Fail to parse patch /efs/sec_efs/sensorhub_urgent_fw.patch
09-04 16:27:12.525  4372  4372 E lhd     : getCustPatchVersion: <CustomerVersion> not found
09-04 16:27:12.525  4373  4373 I SurfaceFlinger: SurfaceFlinger is starting
09-04 16:27:12.525  4373  4373 I SurfaceFlinger: SurfaceFlinger's main thread ready to run. Initializing graphics H/W...
09-04 16:27:12.547  4373  4373 D libEGL  : loaded /vendor/lib64/egl/libGLES_mali.so
09-04 16:27:12.572  4373  4373 I gralloc : using (id=)
09-04 16:27:12.572  4373  4373 I gralloc : xres         = 1440 px
09-04 16:27:12.572  4373  4373 I gralloc : yres         = 2960 px
09-04 16:27:12.572  4373  4373 I gralloc : width        = 70 mm (522.514282 dpi)
09-04 16:27:12.572  4373  4373 I gralloc : height       = 143 mm (525.762268 dpi)
09-04 16:27:12.572  4373  4373 I gralloc : refresh rate = 60.00 Hz
09-04 16:27:12.578  4373  4373 W hwcomposer: invalid refresh rate, assuming 60 Hz
09-04 16:27:12.578  4373  4373 D hwcomposer: using
09-04 16:27:12.578  4373  4373 D hwcomposer: xres         = 1440 px
09-04 16:27:12.578  4373  4373 D hwcomposer: yres         = 2960 px
09-04 16:27:12.578  4373  4373 D hwcomposer: width        = 70 mm (522.514000 dpi)
09-04 16:27:12.578  4373  4373 D hwcomposer: height       = 143 mm (525.762000 dpi)
09-04 16:27:12.578  4373  4373 D hwcomposer: refresh rate = 60 Hz
09-04 16:27:12.578  4373  4373 I hwcomposer: Failed to open vsync attribute at /sys/devices/platform12860000.decon_f/vsync
09-04 16:27:12.578  4373  4373 I hwcomposer: Retrying with /sys/devices/platform12860000.decon_f/vsync
09-04 16:27:12.578  4373  4373 E hwcomposer: failed to open vsync attribute
09-04 16:27:12.578  4373  4373 E SurfaceFlinger: composer device failed to initialize (Operation not permitted)
09-04 16:27:12.578  4373  4373 I SurfaceFlinger: EGL information:
09-04 16:27:12.579  4373  4373 I SurfaceFlinger: vendor    : Android
09-04 16:27:12.579  4373  4373 I SurfaceFlinger: version   : 1.4 Android META-EGL
09-04 16:27:12.579  4373  4373 I SurfaceFlinger: extensions: EGL_KHR_get_all_proc_addresses EGL_ANDROID_presentation_time EGL_KHR_swap_buffers_with_damage EGL_ANDROID_create_native_client_buffer EGL_ANDROID_front_buffer_auto_refresh EGL_KHR_image EGL_KHR_image_base EGL_KHR_gl_texture_2D_image EGL_KHR_gl_texture_cubemap_image EGL_KHR_gl_renderbuffer_image EGL_KHR_fence_sync EGL_KHR_create_context EGL_KHR_config_attribs EGL_KHR_surfaceless_context EGL_EXT_create_context_robustness EGL_ANDROID_image_native_buffer EGL_KHR_wait_sync EGL_ANDROID_recordable EGL_KHR_partial_update EGL_KHR_mutable_render_buffer EGL_EXT_protected_content 
09-04 16:27:12.579  4373  4373 I SurfaceFlinger: Client API: OpenGL_ES
09-04 16:27:12.579  4373  4373 I SurfaceFlinger: EGLSurface: 8-8-8-8, config=0x7fb506a138
09-04 16:27:12.582  4373  4373 I SurfaceFlinger: OpenGL ES informations:
09-04 16:27:12.582  4373  4373 I SurfaceFlinger: vendor    : ARM
09-04 16:27:12.582  4373  4373 I SurfaceFlinger: renderer  : Mali-G71
09-04 16:27:12.582  4373  4373 I SurfaceFlinger: version   : OpenGL ES 3.2 v1.r3p0-00rel0.52a2c5ce14e045eb8b9074c171442f91
09-04 16:27:12.582  4373  4373 I SurfaceFlinger: extensions: GL_EXT_debug_marker GL_ARM_rgba8 GL_ARM_mali_shader_binary GL_OES_depth24 GL_OES_depth_texture GL_OES_depth_texture_cube_map GL_OES_packed_depth_stencil GL_OES_rgb8_rgba8 GL_EXT_read_format_bgra GL_OES_compressed_paletted_texture GL_OES_compressed_ETC1_RGB8_texture GL_OES_standard_derivatives GL_OES_EGL_image GL_OES_EGL_image_external GL_OES_EGL_image_external_essl3 GL_OES_EGL_sync GL_OES_texture_npot GL_OES_vertex_half_float GL_OES_required_internalformat GL_OES_vertex_array_object GL_OES_mapbuffer GL_EXT_texture_format_BGRA8888 GL_EXT_texture_rg GL_EXT_texture_type_2_10_10_10_REV GL_OES_fbo_render_mipmap GL_OES_element_index_uint GL_EXT_shadow_samplers GL_OES_texture_compression_astc GL_KHR_texture_compression_astc_ldr GL_KHR_texture_compression_astc_hdr GL_KHR_texture_compression_astc_sliced_3d GL_KHR_debug GL_EXT_occlusion_query_boolean GL_EXT_disjoint_timer_query GL_EXT_blend_minmax GL_EXT_discard_framebuffer GL_OES_get_program_binary GL_OES_texture_3D GL_EXT_texture_storage GL_EXT_multisamp
09-04 16:27:12.582  4373  4373 I SurfaceFlinger: GL_MAX_TEXTURE_SIZE = 16384
09-04 16:27:12.582  4373  4373 I SurfaceFlinger: GL_MAX_VIEWPORT_DIMS = 16384
09-04 16:27:12.583  4373  4373 D mali_winsys: EGLint new_window_surface(egl_winsys_display*, void*, EGLSurface, EGLConfig, egl_winsys_surface**, egl_color_buffer_format*, EGLBoolean) returns 0x3000,  [1440x2960]-format:1
09-04 16:27:12.584  4372  4372 D lhd     : OnIpcConnect
09-04 16:27:12.596  3160  3160 D wrapperGPS: wrapperConnect_RILD
09-04 16:27:12.684  4137  4137 I art     : Thread[1,tid=4137,Native,Thread*=0x7fa2095a00,peer=0x12c420d0,"main"] recursive attempt to load library "/system/lib64/libmedia_jni.so"
09-04 16:27:12.684  4137  4137 D MtpDeviceJNI: register_android_mtp_MtpDevice
09-04 16:27:12.685  4137  4137 I art     : Thread[1,tid=4137,Native,Thread*=0x7fa2095a00,peer=0x12c420d0,"main"] recursive attempt to load library "/system/lib64/libmedia_jni.so"
09-04 16:27:12.685  4137  4137 I art     : Thread[1,tid=4137,Native,Thread*=0x7fa2095a00,peer=0x12c420d0,"main"] recursive attempt to load library "/system/lib64/libmedia_jni.so"
09-04 16:27:12.709  4137  4137 E FFMPEGSoftCodec: Failed to load FFMPEG plugin: (null)
09-04 16:27:13.009  4137  4137 W Zygote  : Class not found for preloading: android.view.Display$ColorTransform
09-04 16:27:13.009  4137  4137 W Zygote  : Class not found for preloading: android.view.Display$ColorTransform$1
09-04 16:27:13.235  4137  4137 W System  : ClassLoader referenced unknown path: /system/framework/tcmclient.jar
09-04 16:27:13.419  4373  4373 D SurfaceFlinger: SF. shader cache generated - 26 shaders in 834.580322 ms
09-04 16:27:13.421  4373  4373 D SurfaceFlinger: Set power mode=2, type=0 flinger=0x7fb5048000
09-04 16:27:13.433  4137  4137 I System  : Loaded time zone names for "" in 46ms (16ms in ICU)
09-04 16:27:13.438  4373  4373 E gralloc : invalid gralloc handle (at 0x0)
09-04 16:27:13.439  4373  4373 F libc    : Fatal signal 11 (SIGSEGV), code 1, fault addr 0x7fe357d000 in tid 4373 (surfaceflinger)
09-04 16:27:13.439  3065  3065 W         : debuggerd: handling request: pid=4373 uid=1000 gid=1003 tid=4373
09-04 16:27:13.445  4416  4416 E         : debuggerd: Unable to connect to activity manager (connect failed: No such file or directory)
09-04 16:27:13.472  4137  4137 I System  : Loaded time zone names for "en_US" in 38ms (9ms in ICU)
09-04 16:27:13.496  4416  4416 F DEBUG   : *** *** *** *** *** *** *** *** *** *** *** *** *** *** *** ***
09-04 16:27:13.496  4416  4416 F DEBUG   : LineageOS Version: '14.1-20170904-UNOFFICIAL-dream2lte'
09-04 16:27:13.496  4416  4416 F DEBUG   : Build fingerprint: 'samsung/dream2ltexx/dream2lte:7.0/NRD90M/G955FXXU1AQH3:user/release-keys'
09-04 16:27:13.496  4416  4416 F DEBUG   : Revision: '0'
09-04 16:27:13.496  4416  4416 F DEBUG   : ABI: 'arm64'
09-04 16:27:13.496  4416  4416 F DEBUG   : pid: 4373, tid: 4373, name: surfaceflinger  >>>  <<<
09-04 16:27:13.496  4416  4416 F DEBUG   : signal 11 (SIGSEGV), code 1 (SEGV_MAPERR), fault addr 0x7fe357d000
09-04 16:27:13.496  4416  4416 F DEBUG   :     x0   0000007fe357b5b0  x1   0000007fa5bbba80  x2   0000000001040d30  x3   0000007fe357cff0
09-04 16:27:13.496  4416  4416 F DEBUG   :     x4   0000007fa6bfc800  x5   0000007fe45bddb0  x6   0000000000000000  x7   0000000000000000
09-04 16:27:13.496  4416  4416 F DEBUG   :     x8   0000000000000000  x9   0000000000000000  x10  0000000000000000  x11  0000000000000000
09-04 16:27:13.496  4416  4416 F DEBUG   :     x12  0000000000000000  x13  0000000000000000  x14  0000000000000000  x15  001a221c38cec940
09-04 16:27:13.497  4416  4416 F DEBUG   :     x16  0000007fb5b67fb8  x17  0000007fb56b19a8  x18  0000000000000000  x19  0000007fb5045b20
09-04 16:27:13.497  4416  4416 F DEBUG   :     x20  0000007fb5b68010  x21  4f5d1342d46a078c  x22  0000007fb17dd010  x23  0000000000000000
09-04 16:27:13.497  4416  4416 F DEBUG   :     x24  0000007fb57b9040  x25  0000000000000000  x26  0000000000000002  x27  4f5d1342d46a078c
09-04 16:27:13.497  4416  4416 F DEBUG   :     x28  0000007fb57b934c  x29  0000007fe357b5b0  x30  0000007fb5b64694
09-04 16:27:13.497  4416  4416 F DEBUG   :     sp   0000007fe357b570  pc   0000007fb56b1ac0  pstate 0000000020000000
09-04 16:27:13.498  4416  4416 F DEBUG   : 
09-04 16:27:13.498  4416  4416 F DEBUG   : backtrace:
09-04 16:27:13.498  4416  4416 F DEBUG   :     #00 pc 000000000001aac0  /system/lib64/libc.so (memcpy+280)
09-04 16:27:13.498  4416  4416 F DEBUG   :     #01 pc 0000000000002690  /system/lib64/hw/gralloc.exynos5.so
09-04 16:27:13.596  3160  3160 D wrapperGPS: wrapperConnect_RILD
09-04 16:27:13.611  4373  4373 W surfaceflinger: type=1701 audit(0.0:743): auid=4294967295 uid=1000 gid=1003 ses=4294967295 subj=u:r:surfaceflinger:s0 exe="/system/bin/surfaceflinger" sig=11
09-04 16:27:13.614  3065  3065 W         : debuggerd: resuming target 4373
09-04 16:27:13.638  3815  3822 W SurfaceComposerClient: ComposerService remote (surfaceflinger) died [0x7fb287a500]
09-04 16:27:13.638  3815  3822 D BootAnimation: SurfaceFlinger died, exiting...
09-04 16:27:13.638  3145  3145 I ServiceManager: service 'gpu' died
09-04 16:27:13.639  3145  3145 I ServiceManager: service 'SurfaceFlinger' died
09-04 16:27:13.662  3145  3145 I ServiceManager: service 'netd' died
09-04 16:27:13.663  3145  3145 I ServiceManager: service 'media.player' died
09-04 16:27:13.663  3145  3145 I ServiceManager: service 'media.resource_manager' died
09-04 16:27:13.663  3145  3145 I ServiceManager: service 'media.camera' died
09-04 16:27:13.668  3145  3145 I ServiceManager: service 'media.sound_trigger_hw' died
09-04 16:27:13.668  3145  3145 I ServiceManager: service 'media.radio' died
09-04 16:27:13.668  3145  3145 I ServiceManager: service 'media.audio_flinger' died
09-04 16:27:13.668  3145  3145 I ServiceManager: service 'media.audio_policy' died
09-04 16:27:14.597  3160  3160 D wrapperGPS: wrapperConnect_RILD
09-04 16:27:15.598  3160  3160 D wrapperGPS: wrapperConnect_RILD
09-04 16:27:15.681  4427  4427 I Netd    : Netd 1.0 starting
09-04 16:27:15.682  4427  4427 D TetherController: Setting IP forward enable = 0
09-04 16:27:15.683  4427  4427 I QtiConnectivityAdapter: Failed to open libconnctrl, some features may not be present.
09-04 16:27:15.683  4427  4427 E         : Failed to open libdatactrl, some features may not be present.
09-04 16:27:15.683  4427  4427 E         : Failed to open libcsm_data, some features may not be present.
09-04 16:27:15.683  3074  3074 W auditd  : type=1325 audit(0.0:744): table=filter family=2 entries=76
09-04 16:27:15.683  3074  3074 W auditd  : type=1320 audit(0.0:744): 
09-04 16:27:15.695  3074  3074 W auditd  : type=1325 audit(0.0:745): table=filter family=10 entries=87
09-04 16:27:15.695  3074  3074 W auditd  : type=1320 audit(0.0:745): 
09-04 16:27:15.703  3074  3074 W auditd  : type=1325 audit(0.0:746): table=filter family=2 entries=75
09-04 16:27:15.703  3074  3074 W auditd  : type=1320 audit(0.0:746): 
09-04 16:27:15.711  3074  3074 W auditd  : type=1325 audit(0.0:747): table=filter family=10 entries=86
09-04 16:27:15.711  3074  3074 W auditd  : type=1320 audit(0.0:747): 
09-04 16:27:15.719  3074  3074 W auditd  : type=1325 audit(0.0:748): table=filter family=2 entries=73
09-04 16:27:15.723  4423  4423 I cameraserver: ServiceManager: 0xf6519440
09-04 16:27:15.723  4423  4423 I CameraService: CameraService started (pid=4423)
09-04 16:27:15.719  3074  3074 W auditd  : type=1320 audit(0.0:748): 
09-04 16:27:15.723  4423  4423 I CameraService: CameraService process starting
09-04 16:27:15.723  4423  4423 W BatteryNotifier: batterystats service unavailable!
09-04 16:27:15.723  4423  4423 W BatteryNotifier: batterystats service unavailable!
09-04 16:27:15.723  4423  4423 E CameraService: Could not load camera HAL module: -2 (No such file or directory)
09-04 16:27:15.727  3074  3074 W auditd  : type=1325 audit(0.0:749): table=filter family=10 entries=84
09-04 16:27:15.727  3074  3074 W auditd  : type=1320 audit(0.0:749): 
09-04 16:27:15.735  3074  3074 W auditd  : type=1325 audit(0.0:750): table=filter family=2 entries=71
09-04 16:27:15.735  3074  3074 W auditd  : type=1320 audit(0.0:750): 
09-04 16:27:15.737  4425  4425 I         : sMaxFastTracks = 8
09-04 16:27:15.737  4425  4425 I audioserver: ServiceManager: 0xf6599440
09-04 16:27:15.737  4425  4425 W BatteryNotifier: batterystats service unavailable!
09-04 16:27:15.737  4425  4425 I AudioFlinger: Using default 3000 mSec as standby time.
09-04 16:27:15.738  4425  4425 I AudioPolicyService: AudioPolicyService CSTOR in new mode
09-04 16:27:15.738  4425  4425 W APM::ConfigParsingUtils: loadOutput() invalid supported devices
09-04 16:27:15.738  4425  4425 W APM::ConfigParsingUtils: loadInput() invalid supported devices
09-04 16:27:15.738  4425  4425 W APM::ConfigParsingUtils: loadInput() invalid supported devices
09-04 16:27:15.738  4425  4425 I APM::ConfigParsingUtils: loadAudioPolicyConfig() loaded /system/etc/audio_policy.conf
09-04 16:27:15.743  3074  3074 W auditd  : type=1325 audit(0.0:751): table=filter family=10 entries=82
09-04 16:27:15.743  3074  3074 W auditd  : type=1320 audit(0.0:751): 
09-04 16:27:15.751  3074  3074 W auditd  : type=1325 audit(0.0:752): table=filter family=2 entries=73
09-04 16:27:15.751  3074  3074 W auditd  : type=1320 audit(0.0:752): 
09-04 16:27:15.759  3074  3074 W auditd  : type=1325 audit(0.0:753): table=filter family=10 entries=84
09-04 16:27:15.759  3074  3074 W auditd  : type=1320 audit(0.0:753): 
09-04 16:27:15.767  3074  3074 W auditd  : type=1325 audit(0.0:754): table=filter family=2 entries=74
09-04 16:27:15.767  3074  3074 W auditd  : type=1320 audit(0.0:754): 
09-04 16:27:15.775  3074  3074 W auditd  : type=1325 audit(0.0:755): table=filter family=10 entries=85
09-04 16:27:15.775  3074  3074 W auditd  : type=1320 audit(0.0:755): 
09-04 16:27:15.783  3074  3074 W auditd  : type=1325 audit(0.0:756): table=filter family=2 entries=73
09-04 16:27:15.783  3074  3074 W auditd  : type=1320 audit(0.0:756): 
09-04 16:27:15.785  4426  4426 I mediaserver: ServiceManager: 0xf5f994a0
09-04 16:27:15.785  4426  4426 W BatteryNotifier: batterystats service unavailable!
09-04 16:27:15.791  3074  3074 W auditd  : type=1325 audit(0.0:757): table=filter family=10 entries=84
09-04 16:27:15.791  3074  3074 W auditd  : type=1320 audit(0.0:757): 
09-04 16:27:15.795  3074  3074 W auditd  : type=1325 audit(0.0:758): table=filter family=2 entries=73
09-04 16:27:15.795  3074  3074 W auditd  : type=1320 audit(0.0:758): 
09-04 16:27:15.799  3074  3074 W auditd  : type=1325 audit(0.0:759): table=filter family=10 entries=84
09-04 16:27:15.799  3074  3074 W auditd  : type=1320 audit(0.0:759): 
09-04 16:27:15.803  3074  3074 W auditd  : type=1325 audit(0.0:760): table=filter family=2 entries=71
09-04 16:27:15.803  3074  3074 W auditd  : type=1320 audit(0.0:760): 
09-04 16:27:15.807  3074  3074 W auditd  : type=1325 audit(0.0:761): table=filter family=10 entries=82
09-04 16:27:15.807  3074  3074 W auditd  : type=1320 audit(0.0:761): 
09-04 16:27:15.811  3074  3074 W auditd  : type=1325 audit(0.0:762): table=filter family=2 entries=73
09-04 16:27:15.811  3074  3074 W auditd  : type=1320 audit(0.0:762): 
09-04 16:27:15.819  3074  3074 W auditd  : type=1325 audit(0.0:763): table=filter family=10 entries=84
09-04 16:27:15.886  4424  4424 D AndroidRuntime: >>>>>> START com.android.internal.os.ZygoteInit uid 0 <<<<<<
09-04 16:27:15.888  4424  4424 D AndroidRuntime: CheckJNI is ON
09-04 16:27:15.889  4424  4424 I art     : option[0]=-Xzygote
09-04 16:27:15.889  4424  4424 I art     : option[1]=-Xcheck:jni
09-04 16:27:15.889  4424  4424 I art     : option[2]=-Xstacktracefile:/data/anr/traces.txt
09-04 16:27:15.889  4424  4424 I art     : option[3]=exit
09-04 16:27:15.889  4424  4424 I art     : option[4]=vfprintf
09-04 16:27:15.889  4424  4424 I art     : option[5]=sensitiveThread
09-04 16:27:15.889  4424  4424 I art     : option[6]=-verbose:gc
09-04 16:27:15.889  4424  4424 I art     : option[7]=-Xms8m
09-04 16:27:15.889  4424  4424 I art     : option[8]=-Xmx512m
09-04 16:27:15.889  4424  4424 I art     : option[9]=-XX:HeapGrowthLimit=256m
09-04 16:27:15.889  4424  4424 I art     : option[10]=-XX:HeapMinFree=2m
09-04 16:27:15.889  4424  4424 I art     : option[11]=-XX:HeapMaxFree=8m
09-04 16:27:15.889  4424  4424 I art     : option[12]=-XX:HeapTargetUtilization=0.75
09-04 16:27:15.889  4424  4424 I art     : option[13]=-Xusejit:true
09-04 16:27:15.889  4424  4424 I art     : option[14]=-Xjitsaveprofilinginfo
09-04 16:27:15.889  4424  4424 I art     : option[15]=-agentlib:jdwp=transport=dt_android_adb,suspend=n,server=y
09-04 16:27:15.889  4424  4424 I art     : option[16]=-Xlockprofthreshold:500
09-04 16:27:15.889  4424  4424 I art     : option[17]=-Ximage-compiler-option
09-04 16:27:15.889  4424  4424 I art     : option[18]=--runtime-arg
09-04 16:27:15.889  4424  4424 I art     : option[19]=-Ximage-compiler-option
09-04 16:27:15.889  4424  4424 I art     : option[20]=-Xms64m
09-04 16:27:15.889  4424  4424 I art     : option[21]=-Ximage-compiler-option
09-04 16:27:15.889  4424  4424 I art     : option[22]=--runtime-arg
