09-05 20:15:34.349  3565  4649 I WifiHAL : Initialized Wifi HAL Successfully; vendor cmd = 103
09-05 20:15:34.350  3565  4649 D wifi    : Did set static halHandle = 0x7f5748a000
09-05 20:15:34.350  3565  4649 D wifi    : halHandle = 0x7f5748a000, mVM = 0x7f7bce7000, mCls = 0x100bda
09-05 20:15:34.350  3565  4649 D wifi    : array field set
09-05 20:15:34.350  3565  3565 D ConditionProviders: Subscribing to condition://android/schedule?days=6.7&start=23.30&end=10.0&exitAtAlarm=false with ComponentInfo{android/com.android.server.notification.ScheduleConditionProvider}
09-05 20:15:34.350  3565  3565 D ZenLog  : subscribe: condition://android/schedule?days=6.7&start=23.30&end=10.0&exitAtAlarm=false,ok
09-05 20:15:34.351  3565  3565 D ConditionProviders: Subscribing to condition://android/schedule?days=1.2.3.4.5&start=22.0&end=7.0&exitAtAlarm=false with ComponentInfo{android/com.android.server.notification.ScheduleConditionProvider}
09-05 20:15:34.351  3565  3565 D ZenLog  : subscribe: condition://android/schedule?days=1.2.3.4.5&start=22.0&end=7.0&exitAtAlarm=false,ok
09-05 20:15:34.351  3565  4935 I WifiNative-HAL: Waiting for HAL events mWifiHalHandle=546925223936
09-05 20:15:34.351  3565  4935 D wifi    : waitForHalEvents called, vm = 0x7f7bce7000, obj = 0x100bda, env = 0x7f574b3600
09-05 20:15:34.352  3182  3182 I OMXClient: MuxOMX ctor
09-05 20:15:34.352  3179  3179 I OMXMaster: makeComponentInstance(OMX.google.hevc.decoder) in mediacodec process
09-05 20:15:34.352  3565  3663 I SingleHandAdapter: onChange..
09-05 20:15:34.352  3565  3663 I SingleHandAdapter: updateSingleHandMode value:  cur: 
09-05 20:15:34.355  3565  4649 D WifiMonitor: startMonitoring(wlan0) with mConnected = false
09-05 20:15:34.356  3565  4649 E WifiHW  : Unable to open connection to supplicant on "@android:wpa_wlan0": No such file or directory
09-05 20:15:34.366  3179  3205 E OMXNodeInstance: getExtensionIndex(c6b0010:google.hevc.decoder, OMX.google.android.index.configureVideoTunnelMode) ERROR: UnsupportedIndex(0x8000101a)
09-05 20:15:34.366  3179  4929 W OMXNodeInstance: [c6b0010:google.hevc.decoder] component does not support metadata mode; using fallback
09-05 20:15:34.368  4909  4909 D CryptKeeper: Disabling component ComponentInfo{com.android.settings/com.android.settings.CryptKeeper}
09-05 20:15:34.369  3565  4644 W ConnectivityExtension: ConnectivityExt jar file not present
09-05 20:15:34.370  3565  4934 I WindowManager: Screen frozen for +117ms due to AppWindowToken{8930e0c token=Token{5157d5e ActivityRecord{4f56699 u0 com.android.settings/.CryptKeeper t1}}}
09-05 20:15:34.370  3182  3182 I MediaPlayerService: MediaPlayerService::getOMX
09-05 20:15:34.370  3182  3182 I OMXClient: MuxOMX ctor
09-05 20:15:34.370  3179  3179 I OMXMaster: makeComponentInstance(OMX.google.vp8.decoder) in mediacodec process
09-05 20:15:34.374  3179  3205 E OMXNodeInstance: getExtensionIndex(c6b0011:google.vp8.decoder, OMX.google.android.index.configureVideoTunnelMode) ERROR: UnsupportedIndex(0x8000101a)
09-05 20:15:34.374  3179  4929 W OMXNodeInstance: [c6b0011:google.vp8.decoder] component does not support metadata mode; using fallback
09-05 20:15:34.375  3182  3182 I MediaPlayerService: MediaPlayerService::getOMX
09-05 20:15:34.377  3182  3182 I OMXClient: MuxOMX ctor
09-05 20:15:34.377  3179  3179 I OMXMaster: makeComponentInstance(OMX.google.vp9.decoder) in mediacodec process
09-05 20:15:34.381  3565  3654 I ActivityManager: START u0 {act=android.intent.action.MAIN cat=[android.intent.category.HOME] flg=0x10000100 cmp=com.android.settings/.FallbackHome} from uid 0 on display 0
09-05 20:15:34.385  3179  4929 E OMXNodeInstance: getExtensionIndex(c6b0012:google.vp9.decoder, OMX.google.android.index.configureVideoTunnelMode) ERROR: UnsupportedIndex(0x8000101a)
09-05 20:15:34.386  3179  3179 W OMXNodeInstance: [c6b0012:google.vp9.decoder] component does not support metadata mode; using fallback
09-05 20:15:34.387  3182  3182 I MediaPlayerService: MediaPlayerService::getOMX
09-05 20:15:34.389  3182  3182 I OMXClient: MuxOMX ctor
09-05 20:15:34.389  3179  3205 I OMXMaster: makeComponentInstance(OMX.google.h263.encoder) in mediacodec process
09-05 20:15:34.400  3565  3654 I ActivityManager: Start proc 4944:com.android.settings/1000 for activity com.android.settings/.FallbackHome
09-05 20:15:34.404  3179  3205 I SoftMPEG4Encoder: Construct SoftMPEG4Encoder
09-05 20:15:34.407  3182  3182 W ACodec  : do not know color format 0x7f000789 = 2130708361
09-05 20:15:34.407  3179  3179 E OMXNodeInstance: getConfig(c6b0013:google.h263.encoder, ConfigAndroidIntraRefresh(0x6f60000a)) ERROR: Undefined(0x80001001)
09-05 20:15:34.408  3182  3182 I MediaPlayerService: MediaPlayerService::getOMX
09-05 20:15:34.409  3182  3182 I OMXClient: MuxOMX ctor
09-05 20:15:34.409  3179  3179 I OMXMaster: makeComponentInstance(OMX.google.h264.encoder) in mediacodec process
09-05 20:15:34.419  3182  3182 W ACodec  : do not know color format 0x7f000789 = 2130708361
09-05 20:15:34.419  3182  3182 I MediaPlayerService: MediaPlayerService::getOMX
09-05 20:15:34.420  3182  3182 I OMXClient: MuxOMX ctor
09-05 20:15:34.420  3179  3179 I OMXMaster: makeComponentInstance(OMX.google.mpeg4.encoder) in mediacodec process
09-05 20:15:34.421  3179  3179 I SoftMPEG4Encoder: Construct SoftMPEG4Encoder
09-05 20:15:34.421  3182  3182 W ACodec  : do not know color format 0x7f000789 = 2130708361
09-05 20:15:34.422  3179  4929 E OMXNodeInstance: getConfig(c6b0015:google.mpeg4.encoder, ConfigAndroidIntraRefresh(0x6f60000a)) ERROR: Undefined(0x80001001)
09-05 20:15:34.424  3182  3182 I MediaPlayerService: MediaPlayerService::getOMX
09-05 20:15:34.424  3182  3182 I OMXClient: MuxOMX ctor
09-05 20:15:34.424  3179  4929 I OMXMaster: makeComponentInstance(OMX.google.vp8.encoder) in mediacodec process
09-05 20:15:34.435  3565  4861 I StatusBarManagerService: registerStatusBar bar=com.android.internal.statusbar.IStatusBar$Stub$Proxy@1f7a2d8
09-05 20:15:34.435  4944  4944 W System  : ClassLoader referenced unknown path: /system/priv-app/Settings/lib/arm64
09-05 20:15:34.451  3182  3182 W ACodec  : do not know color format 0x7f000789 = 2130708361
09-05 20:15:34.452  3179  3205 E OMXNodeInstance: getConfig(c6b0016:google.vp8.encoder, ConfigAndroidIntraRefresh(0x6f60000a)) ERROR: Undefined(0x80001001)
09-05 20:15:34.458  3182  3182 I MediaPlayerService: MediaPlayerService::getOMX
09-05 20:15:34.459  3182  3182 I OMXClient: MuxOMX ctor
09-05 20:15:34.459  3179  3205 I OMXMaster: makeComponentInstance(OMX.google.mp3.decoder) in mediacodec process
09-05 20:15:34.468  4754  4759 I art     : Do partial code cache collection, code=124KB, data=90KB
09-05 20:15:34.469  4754  4759 I art     : After code cache collection, code=122KB, data=89KB
09-05 20:15:34.469  4754  4759 I art     : Increasing code cache capacity to 512KB
09-05 20:15:34.473  3182  3182 I MediaPlayerService: MediaPlayerService::getOMX
09-05 20:15:34.474  3182  3182 I OMXClient: MuxOMX ctor
09-05 20:15:34.474  3179  4929 I OMXMaster: makeComponentInstance(OMX.google.amrnb.decoder) in mediacodec process
09-05 20:15:34.493  3182  3182 I MediaPlayerService: MediaPlayerService::getOMX
09-05 20:15:34.494  3182  3182 I OMXClient: MuxOMX ctor
09-05 20:15:34.494  3179  3179 I OMXMaster: makeComponentInstance(OMX.google.amrwb.decoder) in mediacodec process
09-05 20:15:34.496  3182  3182 I MediaPlayerService: MediaPlayerService::getOMX
09-05 20:15:34.496  3182  3182 I OMXClient: MuxOMX ctor
09-05 20:15:34.496  3179  3205 I OMXMaster: makeComponentInstance(OMX.google.aac.decoder) in mediacodec process
09-05 20:15:34.501  4736  4863 I BinaryDictionaryFileDumper: reinitializeClientRecordInDictionaryContentProvider() : MetadataFileUri = 
09-05 20:15:34.521  3182  3182 I MediaPlayerService: MediaPlayerService::getOMX
09-05 20:15:34.521  3182  3182 I OMXClient: MuxOMX ctor
09-05 20:15:34.522  3179  4929 I OMXMaster: makeComponentInstance(OMX.google.g711.alaw.decoder) in mediacodec process
09-05 20:15:34.523  4936  4936 I wpa_supplicant: Successfully initialized wpa_supplicant
09-05 20:15:34.524  4944  4969 I OpenGLRenderer: Initialized EGL, version 1.4
09-05 20:15:34.524  4944  4969 D OpenGLRenderer: Swap behavior 1
09-05 20:15:34.529  4944  4969 D mali_winsys: EGLint new_window_surface(egl_winsys_display*, void*, EGLSurface, EGLConfig, egl_winsys_surface**, egl_color_buffer_format*, EGLBoolean) returns 0x3000,  [1440x2960]-format:1
09-05 20:15:34.533  3182  3182 I MediaPlayerService: MediaPlayerService::getOMX
09-05 20:15:34.534  4936  4936 I wpa_supplicant: rfkill: Cannot open RFKILL control device
09-05 20:15:34.535  3182  3182 I OMXClient: MuxOMX ctor
09-05 20:15:34.535  3179  3179 I OMXMaster: makeComponentInstance(OMX.google.g711.mlaw.decoder) in mediacodec process
09-05 20:15:34.544  3182  3182 I MediaPlayerService: MediaPlayerService::getOMX
09-05 20:15:34.544  3182  3182 I OMXClient: MuxOMX ctor
09-05 20:15:34.544  3179  3205 I OMXMaster: makeComponentInstance(OMX.google.vorbis.decoder) in mediacodec process
09-05 20:15:34.548  3565  3565 I AccountManagerService: Creating DE database for user 0
09-05 20:15:34.574  3182  3182 I MediaPlayerService: MediaPlayerService::getOMX
09-05 20:15:34.574  3182  3182 I OMXClient: MuxOMX ctor
09-05 20:15:34.574  3179  4929 I OMXMaster: makeComponentInstance(OMX.google.opus.decoder) in mediacodec process
09-05 20:15:34.591  3182  3182 I MediaPlayerService: MediaPlayerService::getOMX
09-05 20:15:34.592  4936  4936 I wpa_supplicant: rfkill: Cannot get wiphy information
09-05 20:15:34.592  3182  3182 I OMXClient: MuxOMX ctor
09-05 20:15:34.592  3179  3179 I OMXMaster: makeComponentInstance(OMX.google.raw.decoder) in mediacodec process
09-05 20:15:34.605  3182  3182 I MediaPlayerService: MediaPlayerService::getOMX
09-05 20:15:34.607  3182  3182 I OMXClient: MuxOMX ctor
09-05 20:15:34.607  3179  3205 I OMXMaster: makeComponentInstance(OMX.google.aac.encoder) in mediacodec process
09-05 20:15:34.608  3565  4649 D WifiConfigManager: Loading config and enabling all networks 
09-05 20:15:34.610  3565  4649 I WifiNetworkHistory: readNetworkHistory: no config file, java.io.FileNotFoundException: /data/misc/wifi/networkHistory.txt (No such file or directory)
09-05 20:15:34.610  3565  4649 D WifiConfigManager: loaded 0 passpoint configs
09-05 20:15:34.610  3565  4649 E IpConfigStore: Error parsing configuration: java.io.FileNotFoundException: /data/misc/wifi/ipconfig.txt (No such file or directory)
09-05 20:15:34.613  3565  4649 D WifiConfigManager: --- Begin /data/misc/wifi/wpa_supplicant.conf ---
09-05 20:15:34.614  3565  4649 D WifiConfigManager: update_config=1
09-05 20:15:34.614  3565  4649 D WifiConfigManager: eapol_version=1
09-05 20:15:34.614  3565  4649 D WifiConfigManager: ap_scan=1
09-05 20:15:34.614  3565  4649 D WifiConfigManager: fast_reauth=1
09-05 20:15:34.614  3565  4649 D WifiConfigManager: pmf=1
09-05 20:15:34.614  3565  4649 D WifiConfigManager: --- End /data/misc/wifi/wpa_supplicant.conf Contents ---
09-05 20:15:34.614  3565  4649 D WifiConfigManager: --- Begin /data/misc/wifi/wpa_supplicant.conf.tmp ---
09-05 20:15:34.614  3565  4649 W WifiConfigManager: Could not open /data/misc/wifi/wpa_supplicant.conf.tmp, java.io.FileNotFoundException: /data/misc/wifi/wpa_supplicant.conf.tmp (No such file or directory)
09-05 20:15:34.614  3565  4649 D WifiConfigManager: --- End /data/misc/wifi/wpa_supplicant.conf.tmp Contents ---
09-05 20:15:34.614  3565  4649 D WifiConfigManager: --- Begin /data/misc/wifi/networkHistory.txt ---
09-05 20:15:34.615  3565  4649 W WifiConfigManager: Could not open /data/misc/wifi/networkHistory.txt, java.io.FileNotFoundException: /data/misc/wifi/networkHistory.txt (No such file or directory)
09-05 20:15:34.615  3565  4649 D WifiConfigManager: --- End /data/misc/wifi/networkHistory.txt Contents ---
09-05 20:15:34.618  3565  3663 I ActivityManager: Displayed com.android.settings/.FallbackHome: +231ms (total +390ms)
09-05 20:15:34.619  3565  3656 V KeyguardServiceDelegate: *** Keyguard started
09-05 20:15:34.619  3565  3656 W KeyguardServiceDelegate: onScreenTurningOn(): no keyguard service!
09-05 20:15:34.619  3565  3657 V KeyguardServiceDelegate: *** Keyguard connected (yay!)
09-05 20:15:34.625  3565  3663 I WindowManager: Screen frozen for +219ms due to AppWindowToken{f6280f9 token=Token{f89def2 ActivityRecord{666c1fd u0 com.android.settings/.FallbackHome t2}}}
09-05 20:15:34.636  3182  3182 I MediaPlayerService: MediaPlayerService::getOMX
09-05 20:15:34.636  3565  4649 D WifiNative-HAL: Setting external_sim to 1
09-05 20:15:34.637  3182  3182 I OMXClient: MuxOMX ctor
09-05 20:15:34.637  3179  4929 I OMXMaster: makeComponentInstance(OMX.google.amrnb.encoder) in mediacodec process
09-05 20:15:34.637  3565  4649 D wifi    : setting dfs flag to true, 0x7f574c6ac0
09-05 20:15:34.638  3565  4649 D WifiStateMachine: Setting OUI to DA-A1-19
09-05 20:15:34.638  3565  4649 D wifi    : setting scan oui 0x7f574c6ac0
09-05 20:15:34.638  3565  4649 D WifiHAL : Sending mac address OUI
09-05 20:15:34.642  3565  4649 I WifiConnectivityManager: PNO settings: min5GHzRssi -82 min24GHzRssi -85 currentConnectionBonus 16 sameNetworkBonus 24 secureNetworkBonus 80 initialScoreMax 100
09-05 20:15:34.643  3565  4649 I WifiConnectivityManager: ConnectivityScanManager initialized and disabled
09-05 20:15:34.643  3565  4649 I WifiConnectivityManager: setUntrustedConnectionAllowed: allowed=false
09-05 20:15:34.643  3565  4649 D wifi    : android_net_wifi_get_firmware_version = 0x7f574c6ac0
09-05 20:15:34.643  3565  4649 E WifiHAL : Failed to register debug response; result = -95
09-05 20:15:34.643  3565  4649 E wifi    : Fail to get Firmware version
09-05 20:15:34.643  3565  4649 D wifi    : android_net_wifi_get_driver_version = 0x7f574c6ac0
09-05 20:15:34.643  3565  4649 E WifiHAL : Failed to register debug response; result = -95
09-05 20:15:34.643  3565  4649 E wifi    : Fail to get driver version
09-05 20:15:34.643  3565  4649 D wifi    : android_net_wifi_set_log_handler = 0x7f574c6ac0
09-05 20:15:34.643  3565  4649 D wifi    : android_net_wifi_get_ring_buffer_status = 0x7f574c6ac0
09-05 20:15:34.643  3565  4649 E WifiHAL : Failed to register debug response; result = -95
09-05 20:15:34.643  3565  4649 E WifiLogger: no ring buffers found
09-05 20:15:34.643  3565  4649 D WifiHAL : Start get packet fate command
09-05 20:15:34.643  3565  4649 D WifiHAL : createRequest Monitor packet fate request
09-05 20:15:34.643  3565  4649 E WifiHAL : Failed to register get pkt fate response; result = -95
09-05 20:15:34.643  3565  4649 E WifiLogger: Failed to start packet fate monitoring
09-05 20:15:34.654  3182  3182 I MediaPlayerService: MediaPlayerService::getOMX
09-05 20:15:34.655  3182  3182 I OMXClient: MuxOMX ctor
09-05 20:15:34.655  3179  3179 I OMXMaster: makeComponentInstance(OMX.google.amrwb.encoder) in mediacodec process
09-05 20:15:34.667  3182  3182 I MediaPlayerService: MediaPlayerService::getOMX
09-05 20:15:34.667  3182  3182 I OMXClient: MuxOMX ctor
09-05 20:15:34.668  3179  3205 I OMXMaster: makeComponentInstance(OMX.google.flac.encoder) in mediacodec process
09-05 20:15:34.669  3565  4649 D wifi    : android_net_wifi_setLinkLayerStats: 1
09-05 20:15:34.672  3565  4649 I WifiConnectivityManager: Set WiFi enabled
09-05 20:15:34.673  3565  4649 I WifiConnectivityManager: scheduleWatchdogTimer
09-05 20:15:34.676  4893  4898 I chatty  : uid=1001(radio) Jit thread pool expire 6 lines
09-05 20:15:34.682  3183  3503 D CommandListener: Setting iface cfg
09-05 20:15:34.688  3183  3503 D CommandListener: Trying to bring up p2p0
09-05 20:15:34.698  3182  3182 I MediaPlayerService: MediaPlayerService::getOMX
09-05 20:15:34.699  3182  3182 I OMXClient: MuxOMX ctor
09-05 20:15:34.699  3179  4929 I OMXMaster: makeComponentInstance(OMX.google.gsm.decoder) in mediacodec process
09-05 20:15:34.700  3565  4647 D WifiMonitor: startMonitoring(p2p0) with mConnected = true
09-05 20:15:34.717  3565  4647 D WifiNative-HAL: p2pGetDeviceAddress
09-05 20:15:34.722  3565  4647 D WifiNative-HAL: p2pGetDeviceAddress returning 32:07:4d:69:a5:00
09-05 20:15:34.728  3182  3182 I MediaPlayerService: MediaPlayerService::getOMX
09-05 20:15:34.729  3182  3182 I OMXClient: MuxOMX ctor
09-05 20:15:34.729  3179  3179 I OMXMaster: makeComponentInstance(OMX.ffmpeg.aac.decoder) in mediacodec process
09-05 20:15:34.729  3179  3179 V FFmpegOMXPlugin: makeComponentInstance 'OMX.ffmpeg.aac.decoder'
09-05 20:15:34.729  3179  3179 D SoftFFmpegAudio: SoftFFmpegAudio component: OMX.ffmpeg.aac.decoder mCodingType: 21
09-05 20:15:34.746  4754  4754 W System  : ClassLoader referenced unknown path: 
09-05 20:15:34.747  3179  4929 E OMXNodeInstance: getParameter(c6b0025:ffmpeg.aac.decoder, ??(0x6f400005)) ERROR: UnsupportedIndex(0x8000101a)
09-05 20:15:34.747  3182  3182 W ACodec  : component OMX.ffmpeg.aac.decoder doesn't support profile query.
09-05 20:15:34.747  4754  4754 D ApplicationLoaders: ignored Vulkan layer search path /system/app/Camera2/lib/arm64:/system/app/Camera2/Camera2.apk!/lib/arm64-v8a:/system/lib64:/vendor/lib64 for namespace 0x7f7fa6b0f0
09-05 20:15:34.748  3182  3182 I MediaPlayerService: MediaPlayerService::getOMX
09-05 20:15:34.748  3182  3182 I OMXClient: MuxOMX ctor
09-05 20:15:34.748  3179  4929 I OMXMaster: makeComponentInstance(OMX.ffmpeg.ac3.decoder) in mediacodec process
09-05 20:15:34.748  3179  4929 V FFmpegOMXPlugin: makeComponentInstance 'OMX.ffmpeg.ac3.decoder'
09-05 20:15:34.748  3179  4929 D SoftFFmpegAudio: SoftFFmpegAudio component: OMX.ffmpeg.ac3.decoder mCodingType: 2130706434
09-05 20:15:34.749  3182  3182 I MediaPlayerService: MediaPlayerService::getOMX
09-05 20:15:34.750  3182  3182 I OMXClient: MuxOMX ctor
09-05 20:15:34.750  3179  3179 I OMXMaster: makeComponentInstance(OMX.ffmpeg.alac.decoder) in mediacodec process
09-05 20:15:34.750  3179  3179 V FFmpegOMXPlugin: makeComponentInstance 'OMX.ffmpeg.alac.decoder'
09-05 20:15:34.750  3179  3179 D SoftFFmpegAudio: SoftFFmpegAudio component: OMX.ffmpeg.alac.decoder mCodingType: 2130706437
09-05 20:15:34.752  3182  3182 I MediaPlayerService: MediaPlayerService::getOMX
09-05 20:15:34.753  3182  3182 I OMXClient: MuxOMX ctor
09-05 20:15:34.753  3179  3205 I OMXMaster: makeComponentInstance(OMX.ffmpeg.ape.decoder) in mediacodec process
09-05 20:15:34.753  3179  3205 V FFmpegOMXPlugin: makeComponentInstance 'OMX.ffmpeg.ape.decoder'
09-05 20:15:34.753  3179  3205 D SoftFFmpegAudio: SoftFFmpegAudio component: OMX.ffmpeg.ape.decoder mCodingType: 2130706435
09-05 20:15:34.755  3182  3182 I MediaPlayerService: MediaPlayerService::getOMX
09-05 20:15:34.755  3182  3182 I OMXClient: MuxOMX ctor
09-05 20:15:34.755  3179  4929 I OMXMaster: makeComponentInstance(OMX.ffmpeg.atrial.decoder) in mediacodec process
09-05 20:15:34.755  3179  4929 V FFmpegOMXPlugin: makeComponentInstance 'OMX.ffmpeg.atrial.decoder'
09-05 20:15:34.755  3179  4929 D SoftFFmpegAudio: SoftFFmpegAudio component: OMX.ffmpeg.atrial.decoder mCodingType: 1
09-05 20:15:34.756  3182  3182 I MediaPlayerService: MediaPlayerService::getOMX
09-05 20:15:34.757  3182  3182 I OMXClient: MuxOMX ctor
09-05 20:15:34.757  3179  3179 I OMXMaster: makeComponentInstance(OMX.ffmpeg.dts.decoder) in mediacodec process
09-05 20:15:34.757  3179  3179 V FFmpegOMXPlugin: makeComponentInstance 'OMX.ffmpeg.dts.decoder'
09-05 20:15:34.757  3179  3179 D SoftFFmpegAudio: SoftFFmpegAudio component: OMX.ffmpeg.dts.decoder mCodingType: 2130706436
09-05 20:15:34.758  3182  3182 I MediaPlayerService: MediaPlayerService::getOMX
09-05 20:15:34.758  3182  3182 I OMXClient: MuxOMX ctor
09-05 20:15:34.758  3179  3205 I OMXMaster: makeComponentInstance(OMX.ffmpeg.flac.decoder) in mediacodec process
09-05 20:15:34.758  3179  3205 V FFmpegOMXPlugin: makeComponentInstance 'OMX.ffmpeg.flac.decoder'
09-05 20:15:34.758  3179  3205 D SoftFFmpegAudio: SoftFFmpegAudio component: OMX.ffmpeg.flac.decoder mCodingType: 28
09-05 20:15:34.760  3182  3182 I MediaPlayerService: MediaPlayerService::getOMX
09-05 20:15:34.760  3182  3182 I OMXClient: MuxOMX ctor
09-05 20:15:34.760  3179  4929 I OMXMaster: makeComponentInstance(OMX.ffmpeg.mp2.decoder) in mediacodec process
09-05 20:15:34.760  3179  4929 V FFmpegOMXPlugin: makeComponentInstance 'OMX.ffmpeg.mp2.decoder'
09-05 20:15:34.760  3179  4929 D SoftFFmpegAudio: SoftFFmpegAudio component: OMX.ffmpeg.mp2.decoder mCodingType: 2130706433
09-05 20:15:34.761  3182  3182 I MediaPlayerService: MediaPlayerService::getOMX
09-05 20:15:34.761  3182  3182 I OMXClient: MuxOMX ctor
09-05 20:15:34.761  3179  3179 I OMXMaster: makeComponentInstance(OMX.ffmpeg.ra.decoder) in mediacodec process
09-05 20:15:34.761  3179  3179 V FFmpegOMXPlugin: makeComponentInstance 'OMX.ffmpeg.ra.decoder'
09-05 20:15:34.761  3179  3179 D SoftFFmpegAudio: SoftFFmpegAudio component: OMX.ffmpeg.ra.decoder mCodingType: 26
09-05 20:15:34.762  3182  3182 I MediaPlayerService: MediaPlayerService::getOMX
09-05 20:15:34.763  3182  3182 I OMXClient: MuxOMX ctor
09-05 20:15:34.763  3179  3205 I OMXMaster: makeComponentInstance(OMX.ffmpeg.wma.decoder) in mediacodec process
09-05 20:15:34.763  3179  3205 V FFmpegOMXPlugin: makeComponentInstance 'OMX.ffmpeg.wma.decoder'
09-05 20:15:34.763  3179  3205 D SoftFFmpegAudio: SoftFFmpegAudio component: OMX.ffmpeg.wma.decoder mCodingType: 25
09-05 20:15:34.764  3182  3182 I MediaPlayerService: MediaPlayerService::getOMX
09-05 20:15:34.764  3182  3182 I OMXClient: MuxOMX ctor
09-05 20:15:34.764  3179  4929 I OMXMaster: makeComponentInstance(OMX.ffmpeg.divx.decoder) in mediacodec process
09-05 20:15:34.764  3179  4929 V FFmpegOMXPlugin: makeComponentInstance 'OMX.ffmpeg.divx.decoder'
09-05 20:15:34.764  3179  4929 D SoftFFmpegVideo: SoftFFmpegVideo component: OMX.ffmpeg.divx.decoder codingType=2130706435 appData: 0xf6bb2380
09-05 20:15:34.765  3179  3179 E OMXNodeInstance: getExtensionIndex(c6b002f:ffmpeg.divx.decoder, OMX.google.android.index.configureVideoTunnelMode) ERROR: UnsupportedIndex(0x8000101a)
09-05 20:15:34.765  3179  3205 W OMXNodeInstance: [c6b002f:ffmpeg.divx.decoder] component does not support metadata mode; using fallback
09-05 20:15:34.766  3182  3182 I MediaPlayerService: MediaPlayerService::getOMX
09-05 20:15:34.766  3182  3182 I OMXClient: MuxOMX ctor
09-05 20:15:34.766  3179  4929 I OMXMaster: makeComponentInstance(OMX.ffmpeg.flv1.decoder) in mediacodec process
09-05 20:15:34.766  3179  4929 V FFmpegOMXPlugin: makeComponentInstance 'OMX.ffmpeg.flv1.decoder'
09-05 20:15:34.766  3179  4929 D SoftFFmpegVideo: SoftFFmpegVideo component: OMX.ffmpeg.flv1.decoder codingType=2130706434 appData: 0xf6bb27e0
09-05 20:15:34.769  3179  3179 E OMXNodeInstance: getExtensionIndex(c6b0030:ffmpeg.flv1.decoder, OMX.google.android.index.configureVideoTunnelMode) ERROR: UnsupportedIndex(0x8000101a)
09-05 20:15:34.769  3179  3205 W OMXNodeInstance: [c6b0030:ffmpeg.flv1.decoder] component does not support metadata mode; using fallback
09-05 20:15:34.771  3182  3182 I MediaPlayerService: MediaPlayerService::getOMX
09-05 20:15:34.771  3182  3182 I OMXClient: MuxOMX ctor
09-05 20:15:34.771  3179  4929 I OMXMaster: makeComponentInstance(OMX.ffmpeg.mpeg2.decoder) in mediacodec process
09-05 20:15:34.771  3179  4929 V FFmpegOMXPlugin: makeComponentInstance 'OMX.ffmpeg.mpeg2.decoder'
09-05 20:15:34.771  3179  4929 D SoftFFmpegVideo: SoftFFmpegVideo component: OMX.ffmpeg.mpeg2.decoder codingType=2 appData: 0xf6bb28c0
09-05 20:15:34.772  3179  3179 E OMXNodeInstance: getExtensionIndex(c6b0031:ffmpeg.mpeg2.decoder, OMX.google.android.index.configureVideoTunnelMode) ERROR: UnsupportedIndex(0x8000101a)
09-05 20:15:34.772  3179  3205 W OMXNodeInstance: [c6b0031:ffmpeg.mpeg2.decoder] component does not support metadata mode; using fallback
09-05 20:15:34.773  3182  3182 I MediaPlayerService: MediaPlayerService::getOMX
09-05 20:15:34.773  3182  3182 I OMXClient: MuxOMX ctor
09-05 20:15:34.774  3179  4929 I OMXMaster: makeComponentInstance(OMX.ffmpeg.mpeg4.decoder) in mediacodec process
09-05 20:15:34.774  3179  4929 V FFmpegOMXPlugin: makeComponentInstance 'OMX.ffmpeg.mpeg4.decoder'
09-05 20:15:34.774  3179  4929 D SoftFFmpegVideo: SoftFFmpegVideo component: OMX.ffmpeg.mpeg4.decoder codingType=4 appData: 0xf6bb29a0
09-05 20:15:34.775  3179  4929 E OMXNodeInstance: getExtensionIndex(c6b0032:ffmpeg.mpeg4.decoder, OMX.google.android.index.configureVideoTunnelMode) ERROR: UnsupportedIndex(0x8000101a)
09-05 20:15:34.775  3179  3179 W OMXNodeInstance: [c6b0032:ffmpeg.mpeg4.decoder] component does not support metadata mode; using fallback
09-05 20:15:34.776  3182  3182 I MediaPlayerService: MediaPlayerService::getOMX
09-05 20:15:34.776  3182  3182 I OMXClient: MuxOMX ctor
09-05 20:15:34.776  3179  3205 I OMXMaster: makeComponentInstance(OMX.ffmpeg.rv.decoder) in mediacodec process
09-05 20:15:34.776  3179  3205 V FFmpegOMXPlugin: makeComponentInstance 'OMX.ffmpeg.rv.decoder'
09-05 20:15:34.777  3179  3205 D SoftFFmpegVideo: SoftFFmpegVideo component: OMX.ffmpeg.rv.decoder codingType=6 appData: 0xf6bb22a0
09-05 20:15:34.777  3179  4929 E OMXNodeInstance: getExtensionIndex(c6b0033:ffmpeg.rv.decoder, OMX.google.android.index.configureVideoTunnelMode) ERROR: UnsupportedIndex(0x8000101a)
09-05 20:15:34.778  3179  3179 W OMXNodeInstance: [c6b0033:ffmpeg.rv.decoder] component does not support metadata mode; using fallback
09-05 20:15:34.778  3182  3182 I MediaPlayerService: MediaPlayerService::getOMX
09-05 20:15:34.779  3182  3182 I OMXClient: MuxOMX ctor
09-05 20:15:34.779  3179  3205 I OMXMaster: makeComponentInstance(OMX.ffmpeg.vc1.decoder) in mediacodec process
09-05 20:15:34.779  3179  3205 V FFmpegOMXPlugin: makeComponentInstance 'OMX.ffmpeg.vc1.decoder'
09-05 20:15:34.779  3179  3205 D SoftFFmpegVideo: SoftFFmpegVideo component: OMX.ffmpeg.vc1.decoder codingType=2130706433 appData: 0xf6bb21c0
09-05 20:15:34.780  3179  4929 E OMXNodeInstance: getExtensionIndex(c6b0034:ffmpeg.vc1.decoder, OMX.google.android.index.configureVideoTunnelMode) ERROR: UnsupportedIndex(0x8000101a)
09-05 20:15:34.780  3179  3179 W OMXNodeInstance: [c6b0034:ffmpeg.vc1.decoder] component does not support metadata mode; using fallback
09-05 20:15:34.781  3182  3182 I MediaPlayerService: MediaPlayerService::getOMX
09-05 20:15:34.781  3182  3182 I OMXClient: MuxOMX ctor
09-05 20:15:34.781  3179  3205 I OMXMaster: makeComponentInstance(OMX.ffmpeg.vtrial.decoder) in mediacodec process
09-05 20:15:34.781  3179  3205 V FFmpegOMXPlugin: makeComponentInstance 'OMX.ffmpeg.vtrial.decoder'
09-05 20:15:34.781  3179  3205 D SoftFFmpegVideo: SoftFFmpegVideo component: OMX.ffmpeg.vtrial.decoder codingType=1 appData: 0xf6bb20e0
09-05 20:15:34.782  3179  4929 E OMXNodeInstance: getExtensionIndex(c6b0035:ffmpeg.vtrial.decoder, OMX.google.android.index.configureVideoTunnelMode) ERROR: UnsupportedIndex(0x8000101a)
09-05 20:15:34.782  3179  3179 W OMXNodeInstance: [c6b0035:ffmpeg.vtrial.decoder] component does not support metadata mode; using fallback
09-05 20:15:34.783  3182  3182 I MediaPlayerService: MediaPlayerService::getOMX
09-05 20:15:34.783  3182  3182 I OMXClient: MuxOMX ctor
09-05 20:15:34.783  3179  3205 I OMXMaster: makeComponentInstance(OMX.ffmpeg.wmv.decoder) in mediacodec process
09-05 20:15:34.783  3179  3205 V FFmpegOMXPlugin: makeComponentInstance 'OMX.ffmpeg.wmv.decoder'
09-05 20:15:34.784  3179  3205 D SoftFFmpegVideo: SoftFFmpegVideo component: OMX.ffmpeg.wmv.decoder codingType=5 appData: 0xf6bb2000
09-05 20:15:34.785  3179  4929 E OMXNodeInstance: getExtensionIndex(c6b0036:ffmpeg.wmv.decoder, OMX.google.android.index.configureVideoTunnelMode) ERROR: UnsupportedIndex(0x8000101a)
09-05 20:15:34.785  3179  3179 W OMXNodeInstance: [c6b0036:ffmpeg.wmv.decoder] component does not support metadata mode; using fallback
09-05 20:15:34.786  3182  3182 I MediaPlayerService: MediaPlayerService::getOMX
09-05 20:15:34.787  3182  3182 I OMXClient: MuxOMX ctor
09-05 20:15:34.787  3182  3182 W MediaCodecList: unable to open media codecs configuration xml file: /etc/media_codecs_performance.xml
09-05 20:15:34.787  3182  3182 I MediaPlayerService: MediaPlayerService::getOMX
09-05 20:15:34.788  3182  3182 I OMXClient: MuxOMX ctor
09-05 20:15:34.788  3182  3182 W MediaCodecList: unable to open media codecs configuration xml file: /data/misc/media/media_codecs_profiling_results.xml
09-05 20:15:34.789  3182  4846 I MediaPlayerService: MediaPlayerService::getOMX
09-05 20:15:34.789  3182  3182 I MediaPlayerService: MediaPlayerService::getOMX
09-05 20:15:34.790  3565  4779 I OMXClient: MuxOMX ctor
09-05 20:15:34.790  4754  4842 I OMXClient: MuxOMX ctor
09-05 20:15:34.791  3179  3205 I OMXMaster: makeComponentInstance(OMX.google.vorbis.decoder) in mediacodec process
09-05 20:15:34.792  3179  4929 I OMXMaster: makeComponentInstance(OMX.google.vorbis.decoder) in mediacodec process
09-05 20:15:34.831  3182  3182 I MediaPlayerService: MediaPlayerService::getOMX
09-05 20:15:34.831  3565  5056 I OMXClient: MuxOMX ctor
09-05 20:15:34.832  3179  4929 I OMXMaster: makeComponentInstance(OMX.google.vorbis.decoder) in mediacodec process
09-05 20:15:34.838  3182  4846 I MediaPlayerService: MediaPlayerService::getOMX
09-05 20:15:34.838  4754  5059 I OMXClient: MuxOMX ctor
09-05 20:15:34.839  3179  3179 I OMXMaster: makeComponentInstance(OMX.google.vorbis.decoder) in mediacodec process
09-05 20:15:34.840  3565  3653 W WallpaperManagerService: no current wallpaper -- first boot?
09-05 20:15:34.851  4754  4754 D ClockController: onTuningChanged key=cmsystem:status_bar_clock value=null
09-05 20:15:34.856  4754  4754 D ClockController: onTuningChanged key=cmsystem:status_bar_am_pm value=null
09-05 20:15:34.858  4754  4754 D ClockController: onTuningChanged key=clock_seconds value=null
09-05 20:15:34.870  3182  4876 I MediaPlayerService: MediaPlayerService::getOMX
09-05 20:15:34.871  3565  5064 I OMXClient: MuxOMX ctor
09-05 20:15:34.872  3179  3179 I OMXMaster: makeComponentInstance(OMX.google.vorbis.decoder) in mediacodec process
09-05 20:15:34.874  3182  4846 I MediaPlayerService: MediaPlayerService::getOMX
09-05 20:15:34.874  4754  5065 I OMXClient: MuxOMX ctor
09-05 20:15:34.876  3179  3205 I OMXMaster: makeComponentInstance(OMX.google.vorbis.decoder) in mediacodec process
09-05 20:15:34.897  4754  4754 D LocalBluetoothProfileManager: Adding local MAP profile
09-05 20:15:34.901  4754  4754 D BluetoothMap: Create BluetoothMap proxy object
09-05 20:15:34.909  4754  4754 D LocalBluetoothProfileManager: LocalBluetoothProfileManager construction complete
09-05 20:15:34.918  3182  4846 I MediaPlayerService: MediaPlayerService::getOMX
09-05 20:15:34.918  3565  5071 I OMXClient: MuxOMX ctor
09-05 20:15:34.919  3179  4929 I OMXMaster: makeComponentInstance(OMX.google.vorbis.decoder) in mediacodec process
09-05 20:15:34.925  4754  4754 I CameraManagerGlobal: Connecting to camera service
09-05 20:15:34.927  3168  3168 E CameraService: getCameraVendorTagDescriptor: camera hardware module doesn't exist
09-05 20:15:34.942  3182  3238 I MediaPlayerService: MediaPlayerService::getOMX
09-05 20:15:34.942  3565  5075 I OMXClient: MuxOMX ctor
09-05 20:15:34.943  3179  4929 I OMXMaster: makeComponentInstance(OMX.google.vorbis.decoder) in mediacodec process
09-05 20:15:34.960  3565  3653 I ActivityManager: Start proc 5079:org.cyanogenmod.weather.provider/u0a32 for content provider org.cyanogenmod.weather.provider/.WeatherContentProvider
09-05 20:15:34.967  3182  3182 I MediaPlayerService: MediaPlayerService::getOMX
09-05 20:15:34.968  3565  5093 I OMXClient: MuxOMX ctor
09-05 20:15:34.968  3179  4929 I OMXMaster: makeComponentInstance(OMX.google.vorbis.decoder) in mediacodec process
09-05 20:15:34.981  5079  5079 W System  : ClassLoader referenced unknown path: /system/priv-app/WeatherProvider/lib/arm64
09-05 20:15:34.987  5079  5079 I eather.provider: type=1400 audit(0.0:183): avc: denied { write } for name="org.cyanogenmod.weather.provider" dev="sda24" ino=3121247 scontext=u:r:platform_app:s0:c512,c768 tcontext=u:object_r:system_data_file:s0 tclass=dir permissive=1
09-05 20:15:34.987  5079  5079 I eather.provider: type=1400 audit(0.0:183): avc: denied { add_name } for name="cache" scontext=u:r:platform_app:s0:c512,c768 tcontext=u:object_r:system_data_file:s0 tclass=dir permissive=1
09-05 20:15:34.987  5079  5079 I eather.provider: type=1400 audit(0.0:183): avc: denied { create } for name="cache" scontext=u:r:platform_app:s0:c512,c768 tcontext=u:object_r:system_data_file:s0:c512,c768 tclass=dir permissive=1
09-05 20:15:34.987  5079  5079 W eather.provider: type=1300 audit(0.0:183): arch=c00000b7 syscall=34 success=yes exit=0 a0=ffffff9c a1=7f716e7600 a2=1f9 a3=7f7bb4f514 items=0 ppid=3173 auid=4294967295 uid=10032 gid=10032 euid=10032 suid=10032 fsuid=10032 egid=10032 sgid=10032 fsgid=10032 tty=(none) ses=4294967295 exe="/system/bin/app_process64" subj=u:r:platform_app:s0:c512,c768 key=(null)
09-05 20:15:34.987  3077  3077 W auditd  : type=1327 audit(0.0:183): proctitle="org.cyanogenmod.weather.provider"
09-05 20:15:34.987  3077  3077 W auditd  : type=1320 audit(0.0:183): 
09-05 20:15:34.987  5079  5079 I eather.provider: type=1400 audit(0.0:184): avc: denied { setattr } for name="cache" dev="sda24" ino=3121280 scontext=u:r:platform_app:s0:c512,c768 tcontext=u:object_r:system_data_file:s0:c512,c768 tclass=dir permissive=1
09-05 20:15:34.987  5079  5079 W eather.provider: type=1300 audit(0.0:184): arch=c00000b7 syscall=53 success=yes exit=0 a0=ffffff9c a1=7f717fa100 a2=1f9 a3=0 items=0 ppid=3173 auid=4294967295 uid=10032 gid=10032 euid=10032 suid=10032 fsuid=10032 egid=10032 sgid=10032 fsgid=10032 tty=(none) ses=4294967295 exe="/system/bin/app_process64" subj=u:r:platform_app:s0:c512,c768 key=(null)
09-05 20:15:34.987  3077  3077 W auditd  : type=1327 audit(0.0:184): proctitle="org.cyanogenmod.weather.provider"
09-05 20:15:34.987  3077  3077 W auditd  : type=1320 audit(0.0:184): 
09-05 20:15:35.011  3077  3077 W auditd  : type=1327 audit(0.0:185): proctitle="com.android.phone"
09-05 20:15:35.011  3077  3077 W auditd  : type=1320 audit(0.0:185): 
09-05 20:15:35.011  3077  3077 W auditd  : type=1327 audit(0.0:186): proctitle="com.android.phone"
09-05 20:15:35.011  3077  3077 W auditd  : type=1320 audit(0.0:186): 
09-05 20:15:35.019  4754  4759 I art     : Do full code cache collection, code=252KB, data=205KB
09-05 20:15:35.019  4754  4759 I art     : Starting a blocking GC JitCodeCache
09-05 20:15:35.019  4754  4759 I art     : After code cache collection, code=241KB, data=180KB
09-05 20:15:35.059  4863  4863 I ExecutorUtils: type=1400 audit(0.0:187): avc: denied { getattr } for path="/data/user_de/0/com.android.inputmethod.latin/databases/pendingUpdates.com.android.inputmethod.latin-journal" dev="sda24" ino=3121277 scontext=u:r:untrusted_app:s0:c512,c768 tcontext=u:object_r:system_data_file:s0:c512,c768 tclass=file permissive=1
09-05 20:15:35.059  4863  4863 W ExecutorUtils: type=1300 audit(0.0:187): arch=c00000b7 syscall=80 success=yes exit=0 a0=26 a1=7f742f5818 a2=1c a3=0 items=0 ppid=3173 auid=4294967295 uid=10064 gid=10064 euid=10064 suid=10064 fsuid=10064 egid=10064 sgid=10064 fsgid=10064 tty=(none) ses=4294967295 exe="/system/bin/app_process64" subj=u:r:untrusted_app:s0:c512,c768 key=(null)
09-05 20:15:35.063  4754  5099 E ActivityThread: Failed to find provider info for com.android.contacts
09-05 20:15:35.069  4754  4872 D OpenGLRenderer: profile bars disabled
09-05 20:15:35.069  4754  4872 D OpenGLRenderer: ambientRatio = 1.50
09-05 20:15:35.080  4754  4754 D PhoneStatusBar: disable: < EXPAND* icons alerts system_info BACK* HOME* RECENT* clock SEARCH* quick_settings >
09-05 20:15:35.147  4754  4759 I art     : Do partial code cache collection, code=250KB, data=195KB
09-05 20:15:35.147  4754  4759 I art     : After code cache collection, code=250KB, data=195KB
09-05 20:15:35.147  4754  4759 I art     : Increasing code cache capacity to 1024KB
09-05 20:15:35.167  3565  3655 D libgps  : SendGpsExtensionMessage: Waiting for IPC connection - timeout
09-05 20:15:35.167  3565  3655 E libgps  : LIBGPS: Cannot communicate (write) with a GPSD
09-05 20:15:35.167  3565  3655 E libgps  : IPC Communication Error, ../../../../tmp/15194007_282637/allPartners/os/android/gps_interface/gpsi_client/GpsiClient.cpp:631 SendGpsExtensionMessage
09-05 20:15:35.167  3565  3655 D libgps  : agps_set_server: Waiting for IPC connection...
09-05 20:15:35.221  4754  4754 D PhoneStatusBar: heads up is enabled
09-05 20:15:35.231  4754  4754 D StatusBar: user hasn't seen notification about hidden notifications
09-05 20:15:35.232  4754  4754 D StatusBar: insecure lockscreen, skipping notification
09-05 20:15:35.275  4754  4754 I Choreographer: Skipped 47 frames!  The application may be doing too much work on its main thread.
09-05 20:15:35.301  4754  4754 D ViewRootImpl[StatusBar]: changeCanvasOpacity: opaque=true
09-05 20:15:35.307  4736  4863 I LatinIME:LogUtils: Dictionary info: dictionary = main:bg ; version = 1 ; date = 1457766000
09-05 20:15:35.343  4736  4863 I LatinIME:LogUtils: Dictionary info: dictionary = main:cs ; version = 44 ; date = 1393228134
09-05 20:15:35.389  4736  4863 I LatinIME:LogUtils: Dictionary info: dictionary = main:da ; version = 44 ; date = 1393228134
09-05 20:15:35.392  4893  4893 E TelephonyProvider: dbh.selectConflictingRow: Expected 1 but found 0 matching rows found for cv password=wap mnc=15 sub_id=-1 bearer_bitmask=0 mmsc= proxy= numeric=23415 name=Vodafone Pre Pay port= mcc=234 apn=pp.vodafone.co.uk type=default,supl user=wap
09-05 20:15:35.393  4893  4893 E TelephonyProvider: dbh.selectConflictingRow: Expected 1 but found 0 matching rows found for cv password=wap sub_id=-1 bearer_bitmask=0 numeric=23415 mmsc=http://mms.vodafone.co.uk/servlets/mms user=wap mnc=15 mmsport=8799 proxy= mmsproxy=212.183.137.12 name=Vodafone Pre Pay MMS port= mcc=234 apn=pp.vodafone.co.uk type=mms
09-05 20:15:35.403  4893  4893 E TelephonyProvider: dbh.selectConflictingRow: Expected 1 but found 0 matching rows found for cv mvno_match_data=BT password= sub_id=-1 mvno_type=spn numeric=23430 mmsc= bearer_bitmask=0 user= mnc=30 proxy= name=BT One Phone Internet port= mcc=234 apn=btmobile.bt.com type=default,supl
09-05 20:15:35.415  4893  4893 E TelephonyProvider: dbh.selectConflictingRow: Expected 1 but found 0 matching rows found for cv password= sub_id=-1 bearer_bitmask=0 numeric=23455 mmsc=http://mmsc.gprs.cw.com/ user= mnc=55 mmsport=80 proxy= mmsproxy=10.0.3.101 name=Lifestyle MMS port= mcc=234 apn=mms type=mms
09-05 20:15:35.419  4893  4893 E TelephonyProvider: dbh.selectConflictingRow: Expected 1 but found 0 matching rows found for cv password=mms mnc=58 mmsport=8080 sub_id=-1 bearer_bitmask=0 mmsc=http://mms.manxpronto.net:8002 mmsproxy=195.10.99.46 numeric=23458 name=Manx Telecom Contract MMS mcc=234 apn=mms.manxpronto.net type=mms user=mms
09-05 20:15:35.419  4736  4863 I LatinIME:LogUtils: Dictionary info: dictionary = main:de ; version = 54 ; date = 1414726263
09-05 20:15:35.420  4893  4893 E TelephonyProvider: dbh.selectConflictingRow: Expected 1 but found 0 matching rows found for cv password=mmsgo mnc=58 mmsport=8080 sub_id=-1 bearer_bitmask=0 mmsc=http://mms.manxpronto.net:8002 mmsproxy=195.10.99.41 numeric=23458 name=Manx Telecom Prepay MMS mcc=234 apn=mms.prontogo.net type=mms user=mmsgo
09-05 20:15:35.421  4893  4893 E TelephonyProvider: dbh.selectConflictingRow: Expected 1 but found 0 matching rows found for cv password=gprs mnc=58 sub_id=-1 bearer_bitmask=0 numeric=23458 name=Manx Telecom Contract WEB mcc=234 apn=web.manxpronto.net type=default,supl user=gprs
09-05 20:15:35.427  4893  4893 E TelephonyProvider: dbh.selectConflictingRow: Expected 1 but found 0 matching rows found for cv password= mnc=01 sub_id=-1 bearer_bitmask=0 numeric=23801 name=Fullrate mcc=238 authtype=3 apn=internet type=default,supl user=
09-05 20:15:35.429  4893  4893 E TelephonyProvider: dbh.selectConflictingRow: Expected 1 but found 0 matching rows found for cv password= mnc=01 sub_id=-1 bearer_bitmask=0 numeric=23801 name=Telmore mcc=238 authtype=3 apn=internet type=default,supl user=
09-05 20:15:35.429  4736  4863 I LatinIME:LogUtils: Dictionary info: dictionary = main:el ; version = 44 ; date = 1393228134
09-05 20:15:35.430  4893  4893 E TelephonyProvider: dbh.selectConflictingRow: Expected 1 but found 0 matching rows found for cv password= sub_id=-1 bearer_bitmask=0 numeric=23801 mmsc=http://192.168.241.114:8002 user= mnc=01 mmsport=8080 proxy= mmsproxy=194.182.251.15 name=Telmore MMS port= mcc=238 apn=mms type=mms
09-05 20:15:35.433  4893  4893 E TelephonyProvider: dbh.selectConflictingRow: Expected 1 but found 0 matching rows found for cv password= sub_id=-1 bearer_bitmask=0 numeric=23802 mmsc=http://mms.telenor.dk user= mnc=02 mmsport=8080 proxy= mmsproxy=212.88.64.8 name=Onfone MMS port= mcc=238 apn=telenor type=mms
09-05 20:15:35.433  4736  4863 I LatinIME:LogUtils: Dictionary info: dictionary = main:en ; version = 54 ; date = 1414726273
09-05 20:15:35.434  4893  4893 E TelephonyProvider: dbh.selectConflictingRow: Expected 1 but found 0 matching rows found for cv password= mnc=02 sub_id=-1 bearer_bitmask=0 mmsc= proxy= numeric=23802 name=CBB GPRS port= mcc=238 apn=internet type=default,supl user=
09-05 20:15:35.441  4893  4893 E TelephonyProvider: dbh.selectConflictingRow: Expected 1 but found 0 matching rows found for cv password= sub_id=-1 bearer_bitmask=0 numeric=23810 mmsc=http://192.168.241.114:8002 user= mnc=10 mmsport=8080 proxy= mmsproxy=194.182.251.15 name=M1 MMS GPRS port= mcc=238 apn=mms type=mms
09-05 20:15:35.443  4893  4893 E TelephonyProvider: dbh.selectConflictingRow: Expected 1 but found 0 matching rows found for cv password= mnc=10 sub_id=-1 bearer_bitmask=0 mmsc= proxy=194.182.251.15 numeric=23810 name=M1 WAP GPRS port=8080 mcc=238 apn=wap type=default,supl user=
09-05 20:15:35.444  4736  4863 I LatinIME:LogUtils: Dictionary info: dictionary = main:es ; version = 54 ; date = 1414726268
09-05 20:15:35.446  4893  4893 E TelephonyProvider: dbh.selectConflictingRow: Expected 1 but found 0 matching rows found for cv password= mnc=20 sub_id=-1 bearer_bitmask=0 numeric=23820 name=DLG Tele mcc=238 authtype=3 apn=websp type=default,supl user=
09-05 20:15:35.447  4893  4893 E TelephonyProvider: dbh.selectConflictingRow: Expected 1 but found 0 matching rows found for cv password= mnc=20 sub_id=-1 bearer_bitmask=0 numeric=23820 name=Waoo Mobil mcc=238 apn=websp type=default,supl user=
09-05 20:15:35.449  4893  4893 E TelephonyProvider: dbh.selectConflictingRow: Expected 1 but found 0 matching rows found for cv password= sub_id=-1 bearer_bitmask=0 numeric=23820 mmsc=http://mms.telia.dk user= mnc=20 mmsport=8080 proxy= mmsproxy=193.209.134.131 name=Waoo Mobil MMS port= mcc=238 apn=mmssp type=mms
09-05 20:15:35.450  4893  4893 E TelephonyProvider: dbh.selectConflictingRow: Expected 1 but found 0 matching rows found for cv password= mnc=20 sub_id=-1 bearer_bitmask=0 mmsc= proxy= numeric=23820 name=Siminn Internet port= mcc=238 apn=websp type=default,supl user=
09-05 20:15:35.451  4893  4893 E TelephonyProvider: dbh.selectConflictingRow: Expected 1 but found 0 matching rows found for cv password= sub_id=-1 bearer_bitmask=0 numeric=23820 mmsc=http://mms.telia.dk user= mnc=20 mmsport=8080 proxy= mmsproxy=193.209.134.131 name=Siminn MMS port= mcc=238 apn=mmssp type=mms
09-05 20:15:35.454  4736  4863 I LatinIME:LogUtils: Dictionary info: dictionary = main:fi ; version = 44 ; date = 1393228135
09-05 20:15:35.456  4893  4893 E TelephonyProvider: dbh.selectConflictingRow: Expected 1 but found 0 matching rows found for cv password= sub_id=-1 bearer_bitmask=0 numeric=24001 mmsc=http://mmss user= mnc=01 mmsport=80 proxy= mmsproxy=193.209.134.132 name=Halebop MMS port= mcc=240 apn=mms.telia.se type=mms
09-05 20:15:35.471  4893  4893 E TelephonyProvider: dbh.selectConflictingRow: Expected 1 but found 0 matching rows found for cv password= sub_id=-1 bearer_bitmask=0 numeric=24008 mmsc=http://mms user= mnc=08 mmsport=8799 proxy= mmsproxy=172.30.253.241 name=Telenor MMS port= mcc=240 apn=services.telenor.se type=mms
09-05 20:15:35.473  4893  4893 E TelephonyProvider: dbh.selectConflictingRow: Expected 1 but found 0 matching rows found for cv password= sub_id=-1 bearer_bitmask=0 numeric=24008 mmsc=http://mms user= mnc=08 mmsport=8799 proxy= mmsproxy=172.30.253.241 name=Glocalnet MMS port= mcc=240 apn=services.glocalnet.se type=mms
09-05 20:15:35.476  4893  4893 E TelephonyProvider: dbh.selectConflictingRow: Expected 1 but found 0 matching rows found for cv mnc=10 sub_id=-1 bearer_bitmask=0 numeric=24010 name=Spring data mcc=240 apn=data.springmobil.se type=default,supl
09-05 20:15:35.478  4736  4863 I LatinIME:LogUtils: Dictionary info: dictionary = main:fr ; version = 54 ; date = 1414726264
09-05 20:15:35.484  4893  4893 E TelephonyProvider: dbh.selectConflictingRow: Expected 1 but found 0 matching rows found for cv password= mnc=03 sub_id=-1 bearer_bitmask=0 mmsc= proxy= numeric=24403 name=Telia ISP GPRS port= mcc=244 apn=internet type=default,supl user=
09-05 20:15:35.490  4893  4893 E TelephonyProvider: dbh.selectConflictingRow: Expected 1 but found 0 matching rows found for cv password= sub_id=-1 bearer_bitmask=0 numeric=24405 mmsc= authtype=1 user= mnc=05 proxy= name=Saunalahti Internet port= mcc=244 apn=internet type=default,supl
09-05 20:15:35.491  4893  4893 E TelephonyProvider: dbh.selectConflictingRow: Expected 1 but found 0 matching rows found for cv password= sub_id=-1 bearer_bitmask=0 numeric=24405 mmsc=http://mms.elisa.fi authtype=1 user= mnc=05 mmsport=80 proxy= mmsproxy=213.161.41.57 name=Saunalahti MMS port= mcc=244 apn=mms type=mms
09-05 20:15:35.499  4893  4893 E TelephonyProvider: dbh.selectConflictingRow: Expected 1 but found 0 matching rows found for cv password= mnc=12 sub_id=-1 bearer_bitmask=0 mmsc= proxy= numeric=24412 name=Optimi Internet port= mcc=244 apn=internet.dicame.fi type=default,supl user=
09-05 20:15:35.500  4893  4893 E TelephonyProvider: dbh.selectConflictingRow: Expected 1 but found 0 matching rows found for cv password= sub_id=-1 bearer_bitmask=0 numeric=24412 mmsc=http://mmsc.dicame.fi user= mnc=12 mmsport=8080 proxy= mmsproxy=10.1.1.15 name=Optimi MMS port= mcc=244 apn=mms.dicame.fi type=mms
09-05 20:15:35.502  4893  4893 E TelephonyProvider: dbh.selectConflictingRow: Expected 1 but found 0 matching rows found for cv password= mnc=12 sub_id=-1 bearer_bitmask=0 mmsc= proxy= numeric=24412 name=Finora Internet port= mcc=244 apn=internet.setera.fi type=default,supl user=
09-05 20:15:35.503  4893  4893 E TelephonyProvider: dbh.selectConflictingRow: Expected 1 but found 0 matching rows found for cv password= sub_id=-1 bearer_bitmask=0 numeric=24412 mmsc=http://mmsc.setera.fi user= mnc=12 mmsport=8080 proxy= mmsproxy=10.1.11.2 name=Finora MMS port= mcc=244 apn=mms.setera.fi type=mms
09-05 20:15:35.507  4893  4893 E TelephonyProvider: dbh.selectConflictingRow: Expected 1 but found 0 matching rows found for cv password= mnc=91 sub_id=-1 bearer_bitmask=0 mmsc= proxy= numeric=24491 name=Tele Finland Internet port= mcc=244 apn=internet type=default,supl user=
09-05 20:15:35.508  4893  4893 E TelephonyProvider: dbh.selectConflictingRow: Expected 1 but found 0 matching rows found for cv password= sub_id=-1 bearer_bitmask=0 numeric=24491 mmsc=http://mms.sonera.fi:8002 user= mnc=91 mmsport=80 proxy= mmsproxy=195.156.25.33 name=Tele Finland MMS port= mcc=244 apn=wap.sonera.net type=mms
09-05 20:15:35.521  4736  4863 I LatinIME:LogUtils: Dictionary info: dictionary = main:hr ; version = 44 ; date = 1393228135
09-05 20:15:35.522  4893  4893 E TelephonyProvider: dbh.selectConflictingRow: Expected 1 but found 0 matching rows found for cv password=any mnc=07 sub_id=-1 bearer_bitmask=0 mmsc= proxy= numeric=25007 name=internet port= mcc=250 apn=internet.smarts.ru type=default,supl user=any
09-05 20:15:35.534  4893  4893 E TelephonyProvider: dbh.selectConflictingRow: Expected 1 but found 0 matching rows found for cv password= mnc=01 sub_id=-1 bearer_bitmask=0 numeric=25501 name=Mobile GPRS Internet mcc=255 apn=internet type=default,supl user=
09-05 20:15:35.537  3565  4934 W LocalDisplayAdapter: Unable to find color mode 0, ignoring request.
09-05 20:15:35.539  4893  4893 E TelephonyProvider: dbh.selectConflictingRow: Expected 1 but found 0 matching rows found for cv password=mms sub_id=-1 bearer_bitmask=0 numeric=25503 mmsc=http://mms.kyivstar.net user=mms mnc=03 mmsport=8080 proxy= mmsproxy=10.10.10.10 name=Ace_Base MMS port= mcc=255 apn=mms.kyivstar.net type=mms
09-05 20:15:35.540  4893  4893 E TelephonyProvider: dbh.selectConflictingRow: Expected 1 but found 0 matching rows found for cv password= mnc=03 sub_id=-1 bearer_bitmask=0 mmsc= proxy= numeric=25503 name=Ace_Base port= mcc=255 apn=www.ab.kyivstar.net type=default,supl user=
09-05 20:15:35.544  4754  4872 I OpenGLRenderer: Initialized EGL, version 1.4
09-05 20:15:35.545  4754  4872 D OpenGLRenderer: Swap behavior 1
09-05 20:15:35.549  4754  4872 D mali_winsys: EGLint new_window_surface(egl_winsys_display*, void*, EGLSurface, EGLConfig, egl_winsys_surface**, egl_color_buffer_format*, EGLBoolean) returns 0x3000,  [1440x84]-format:1
09-05 20:15:35.550  4736  4863 I LatinIME:LogUtils: Dictionary info: dictionary = main:hu ; version = 1 ; date = 1473269900
09-05 20:15:35.555  4893  4893 E TelephonyProvider: dbh.selectConflictingRow: Expected 1 but found 0 matching rows found for cv password=eramms sub_id=-1 bearer_bitmask=0 numeric=26002 mmsc=http://mms.era.pl/servlets/mms user=eramms mnc=02 mmsport=8080 mmsproxy=213.158.194.226 name=Era MMS server=* mcc=260 apn=eramms type=mms
09-05 20:15:35.556  4893  4893 E TelephonyProvider: dbh.selectConflictingRow: Expected 1 but found 0 matching rows found for cv password=erainternet mnc=02 sub_id=-1 bearer_bitmask=0 numeric=26002 name=Era Internet mcc=260 apn=erainternet type=default,supl user=erainternet
