09-05 20:15:13.389  3565  3565 W PackageManager: Unable to disable com.google.android.gsf/com.google.android.gsf.update.SystemUpdateActivity
09-05 20:15:13.389  3565  3565 V PackageManager: Disabling com.google.android.gsf/com.google.android.gsf.update.SystemUpdateService$Receiver
09-05 20:15:13.390  3565  3565 W PackageManager: Unable to disable com.google.android.gsf/com.google.android.gsf.update.SystemUpdateService$Receiver
09-05 20:15:13.390  3565  3565 V PackageManager: Disabling com.google.android.gsf/com.google.android.gsf.update.SystemUpdateService$SecretCodeReceiver
09-05 20:15:13.390  3565  3565 W PackageManager: Unable to disable com.google.android.gsf/com.google.android.gsf.update.SystemUpdateService$SecretCodeReceiver
09-05 20:15:13.390  3565  3565 V PackageManager: Disabling com.google.android.gsf/com.google.android.gsf.update.SystemUpdateServiceReceiver
09-05 20:15:13.390  3565  3565 W PackageManager: Unable to disable com.google.android.gsf/com.google.android.gsf.update.SystemUpdateServiceReceiver
09-05 20:15:13.390  3565  3565 V PackageManager: Disabling com.google.android.gms/com.google.android.gms.update.SystemUpdateActivity
09-05 20:15:13.390  3565  3565 W PackageManager: Unable to disable com.google.android.gms/com.google.android.gms.update.SystemUpdateActivity
09-05 20:15:13.390  3565  3565 V PackageManager: Disabling com.google.android.gms/com.google.android.gms.update.SystemUpdateService$Receiver
09-05 20:15:13.391  3565  3565 W PackageManager: Unable to disable com.google.android.gms/com.google.android.gms.update.SystemUpdateService$Receiver
09-05 20:15:13.391  3565  3565 V PackageManager: Disabling com.google.android.gms/com.google.android.gms.update.SystemUpdateService$ActiveReceiver
09-05 20:15:13.391  3565  3565 W PackageManager: Unable to disable com.google.android.gms/com.google.android.gms.update.SystemUpdateService$ActiveReceiver
09-05 20:15:13.391  3565  3565 V PackageManager: Disabling com.google.android.gms/com.google.android.gms.update.SystemUpdateService$SecretCodeReceiver
09-05 20:15:13.391  3565  3565 W PackageManager: Unable to disable com.google.android.gms/com.google.android.gms.update.SystemUpdateService$SecretCodeReceiver
09-05 20:15:13.391  3565  3565 V PackageManager: Disabling com.google.android.gms/com.google.android.gms.update.SystemUpdateServiceReceiver
09-05 20:15:13.391  3565  3565 W PackageManager: Unable to disable com.google.android.gms/com.google.android.gms.update.SystemUpdateServiceReceiver
09-05 20:15:13.391  3565  3565 V PackageManager: Enabling com.google.android.gsf/com.google.android.gsf.update.SystemUpdateService
09-05 20:15:13.392  3565  3565 W PackageManager: Unable to enable com.google.android.gsf/com.google.android.gsf.update.SystemUpdateService
09-05 20:15:13.392  3565  3565 V PackageManager: Enabling com.google.android.gms/com.google.android.gms.update.SystemUpdateService
09-05 20:15:13.392  3565  3565 W PackageManager: Unable to enable com.google.android.gms/com.google.android.gms.update.SystemUpdateService
09-05 20:15:13.532  3820  3820 V lhd     : GlLhdInterface::Init(/system/etc/lhd.conf)
09-05 20:15:13.532  3820  3820 E lhd     : SetCfgValue: Critical Error. Unknown configuration parameter "FlpName"="tcp"
09-05 20:15:13.532  3820  3820 V lhd     : SetCfgValue: LHD config "LheSerialControl"="BBD:Serial=TTY"
09-05 20:15:13.532  3820  3820 E lhd     : SetCfgValue: Critical Error. Unknown configuration parameter "LheClockMHz"="100"
09-05 20:15:13.532  3820  3820 V lhd     : SetCfgValue: LHD config "LhePatch"="/dev/bbd_patch"
09-05 20:15:13.532  3820  3820 V lhd     : SetCfgValue: LHD config "LheMaxMcuResetTries"="4"
09-05 20:15:13.532  3820  3820 V lhd     : SetCfgValue: LHD config "LheBbdPacket"="/dev/ttyBCM"
09-05 20:15:13.532  3820  3820 V lhd     : SetCfgValue: LHD config "LheBbdControl"="/dev/bbd_control"
09-05 20:15:13.532  3820  3820 V lhd     : SetCfgValue: LHD config "LheBbdSensor"="/dev/bbd_sensor"
09-05 20:15:13.532  3820  3820 V lhd     : SetCfgValue: LHD config "Lhe477xDebugFlags"="RPC:FACILITY=33:STDOUT_PUTS:STDOUT_LOG"
09-05 20:15:13.532  3820  3820 E lhd     : SetCfgValue: Critical Error. Unknown configuration parameter "LheSensorIpc"="true"
09-05 20:15:13.532  3820  3820 E lhd     : SetCfgValue: Critical Error. Unknown configuration parameter "LhePinMux"="P17=M1"
09-05 20:15:13.532  3820  3820 V lhd     : SetCfgValue: LHD config "LheAutoBaudDelayMS"="10"
09-05 20:15:13.532  3820  3820 V lhd     : SetCfgValue: LHD config "LheMaxMcuResetTries"="3"
09-05 20:15:13.532  3820  3820 E lhd     : OpenFirmwareFile: Fail to open /efs/sec_efs/sensorhub_urgent_fw.patch, errno 2
09-05 20:15:13.532  3820  3820 E lhd     : getCustPatchVersion: Fail to parse patch /efs/sec_efs/sensorhub_urgent_fw.patch
09-05 20:15:13.532  3820  3820 E lhd     : getCustPatchVersion: <CustomerVersion> not found
09-05 20:15:13.566  3172  3172 D wrapperGPS: wrapperConnect_RILD
09-05 20:15:13.591  3820  3820 D lhd     : OnIpcConnect
09-05 20:15:13.741  3565  3565 I PackageManager.DexOptimizer: Running dexopt (dex2oat) on: /system/priv-app/TelephonyProvider/TelephonyProvider.apk pkg=com.android.providers.telephony isa=arm64 vmSafeMode=false debuggable=false target-filter=speed oatDir = null sharedLibraries=null
09-05 20:15:13.757  3822  3822 I dex2oat : /system/bin/dex2oat --compiler-filter=speed
09-05 20:15:13.988  3822  3822 I dex2oat : dex2oat took 231.244ms (threads: 8) arena alloc=6MB (6640272B) java alloc=392KB (401968B) native alloc=1817KB (1861016B) free=10MB (11246184B)
09-05 20:15:13.991  3565  3565 I PackageManager.DexOptimizer: Running dexopt (dex2oat) on: /system/priv-app/MmsService/MmsService.apk pkg=com.android.mms.service isa=arm64 vmSafeMode=false debuggable=false target-filter=speed oatDir = null sharedLibraries=null
09-05 20:15:14.007  3831  3831 I dex2oat : /system/bin/dex2oat --compiler-filter=speed
09-05 20:15:14.117  3831  3831 I dex2oat : dex2oat took 110.197ms (threads: 8) arena alloc=2MB (2516984B) java alloc=258KB (264752B) native alloc=1626KB (1665336B) free=4MB (5150408B)
09-05 20:15:14.121  3565  3565 I PackageManager.DexOptimizer: Running dexopt (dex2oat) on: /system/priv-app/DefaultContainerService/DefaultContainerService.apk pkg=com.android.defcontainer isa=arm64 vmSafeMode=false debuggable=false target-filter=speed oatDir = null sharedLibraries=null
09-05 20:15:14.136  3840  3840 I dex2oat : /system/bin/dex2oat --compiler-filter=speed
09-05 20:15:14.239  3840  3840 I dex2oat : dex2oat took 102.673ms (threads: 8) arena alloc=536KB (549456B) java alloc=112KB (115008B) native alloc=1161KB (1188928B) free=2MB (2481088B)
09-05 20:15:14.242  3565  3565 I PackageManager.DexOptimizer: Running dexopt (dex2oat) on: /system/priv-app/SettingsProvider/SettingsProvider.apk pkg=com.android.providers.settings isa=arm64 vmSafeMode=false debuggable=false target-filter=speed oatDir = null sharedLibraries=null
09-05 20:15:14.257  3849  3849 I dex2oat : /system/bin/dex2oat --compiler-filter=speed
09-05 20:15:14.445  3849  3849 I dex2oat : dex2oat took 187.858ms (threads: 8) arena alloc=6MB (6933832B) java alloc=293KB (300136B) native alloc=1868KB (1913072B) free=10MB (10669840B)
09-05 20:15:14.449  3565  3565 I PackageManager.DexOptimizer: Running dexopt (dex2oat) on: /system/priv-app/InputDevices/InputDevices.apk pkg=com.android.inputdevices isa=arm64 vmSafeMode=false debuggable=false target-filter=speed oatDir = null sharedLibraries=null
09-05 20:15:14.464  3858  3858 I dex2oat : /system/bin/dex2oat --compiler-filter=speed
09-05 20:15:14.527  3858  3858 I dex2oat : dex2oat took 62.994ms (threads: 8) arena alloc=15KB (15632B) java alloc=32KB (33200B) native alloc=867KB (888120B) free=1692KB (1733320B)
09-05 20:15:14.529  3565  3565 I PackageManager.DexOptimizer: Running dexopt (dex2oat) on: /system/app/ExtShared/ExtShared.apk pkg=android.ext.shared isa=arm64 vmSafeMode=false debuggable=false target-filter=speed oatDir = null sharedLibraries=null
09-05 20:15:14.545  3867  3867 I dex2oat : /system/bin/dex2oat --compiler-filter=speed
09-05 20:15:14.566  3172  3172 D wrapperGPS: wrapperConnect_RILD
09-05 20:15:14.607  3867  3867 I dex2oat : dex2oat took 62.160ms (threads: 8) arena alloc=78KB (79992B) java alloc=55KB (57056B) native alloc=890KB (911768B) free=2MB (2233960B)
09-05 20:15:14.610  3565  3565 I PackageManager.DexOptimizer: Running dexopt (dex2oat) on: /system/priv-app/Telecom/Telecom.apk pkg=com.android.server.telecom isa=arm64 vmSafeMode=false debuggable=false target-filter=speed oatDir = null sharedLibraries=null
09-05 20:15:14.625  3876  3876 I dex2oat : /system/bin/dex2oat --compiler-filter=speed
09-05 20:15:15.037  3876  3876 I dex2oat : dex2oat took 412.492ms (threads: 8) arena alloc=3MB (4145896B) java alloc=1149KB (1176896B) native alloc=4MB (4744056B) free=7MB (7838856B)
09-05 20:15:15.042  3565  3565 I PackageManager.DexOptimizer: Running dexopt (dex2oat) on: /system/priv-app/Dialer/Dialer.apk pkg=com.android.dialer isa=arm64 vmSafeMode=false debuggable=false target-filter=speed oatDir = null sharedLibraries=null
09-05 20:15:15.058  3885  3885 I dex2oat : /system/bin/dex2oat --compiler-filter=speed
09-05 20:15:15.248  3885  3885 W dex2oat : Before Android 4.1, method android.graphics.PorterDuffColorFilter android.support.graphics.drawable.VectorDrawableCompat.updateTintFilter(android.graphics.PorterDuffColorFilter, android.content.res.ColorStateList, android.graphics.PorterDuff$Mode) would have incorrectly overridden the package-private method in android.graphics.drawable.Drawable
09-05 20:15:15.261  3885  3885 W dex2oat : Before Android 4.1, method int android.support.v7.widget.ListViewCompat.lookForSelectablePosition(int, boolean) would have incorrectly overridden the package-private method in android.widget.ListView
09-05 20:15:15.567  3172  3172 D wrapperGPS: wrapperConnect_RILD
09-05 20:15:16.567  3172  3172 D wrapperGPS: wrapperConnect_RILD
09-05 20:15:16.659  3885  3885 I dex2oat : dex2oat took 1.601s (threads: 8) arena alloc=3MB (4014880B) java alloc=6MB (6330800B) native alloc=16MB (17193048B) free=7MB (7972776B)
09-05 20:15:16.665  3565  3565 I PackageManager.DexOptimizer: Running dexopt (dex2oat) on: /system/priv-app/ExtServices/ExtServices.apk pkg=android.ext.services isa=arm64 vmSafeMode=false debuggable=false target-filter=speed oatDir = null sharedLibraries=null
09-05 20:15:16.680  3894  3894 I dex2oat : /system/bin/dex2oat --compiler-filter=speed
09-05 20:15:16.756  3894  3894 I dex2oat : dex2oat took 76.004ms (threads: 8) arena alloc=337KB (345992B) java alloc=92KB (94288B) native alloc=1132KB (1160088B) free=2MB (2509928B)
09-05 20:15:16.759  3565  3565 I PackageManager.DexOptimizer: Running dexopt (dex2oat) on: /system/priv-app/CMSettingsProvider/CMSettingsProvider.apk pkg=org.cyanogenmod.cmsettings isa=arm64 vmSafeMode=false debuggable=false target-filter=speed oatDir = null sharedLibraries=null
09-05 20:15:16.775  3903  3903 I dex2oat : /system/bin/dex2oat --compiler-filter=speed
09-05 20:15:16.884  3903  3903 I dex2oat : dex2oat took 109.315ms (threads: 8) arena alloc=2029KB (2078360B) java alloc=246KB (252512B) native alloc=1702KB (1743464B) free=4MB (4547992B)
09-05 20:15:16.887  3565  3565 I PackageManager.DexOptimizer: Running dexopt (dex2oat) on: /system/priv-app/PackageInstaller/PackageInstaller.apk pkg=com.android.packageinstaller isa=arm64 vmSafeMode=false debuggable=false target-filter=speed oatDir = null sharedLibraries=null
09-05 20:15:16.903  3912  3912 I dex2oat : /system/bin/dex2oat --compiler-filter=speed
09-05 20:15:16.998  3912  3915 W dex2oat : Before Android 4.1, method android.graphics.PorterDuffColorFilter android.support.graphics.drawable.VectorDrawableCompat.updateTintFilter(android.graphics.PorterDuffColorFilter, android.content.res.ColorStateList, android.graphics.PorterDuff$Mode) would have incorrectly overridden the package-private method in android.graphics.drawable.Drawable
09-05 20:15:17.016  3912  3917 W dex2oat : Before Android 4.1, method int android.support.v7.widget.ListViewCompat.lookForSelectablePosition(int, boolean) would have incorrectly overridden the package-private method in android.widget.ListView
09-05 20:15:17.567  3172  3172 D wrapperGPS: wrapperConnect_RILD
09-05 20:15:17.662  3912  3912 I dex2oat : dex2oat took 759.112ms (threads: 8) arena alloc=4MB (4971720B) java alloc=3MB (4144336B) native alloc=7MB (7867592B) free=8MB (8909624B)
09-05 20:15:17.666  3565  3565 I PackageManager.DexOptimizer: Running dexopt (dex2oat) on: /system/priv-app/ProxyHandler/ProxyHandler.apk pkg=com.android.proxyhandler isa=arm64 vmSafeMode=false debuggable=false target-filter=speed oatDir = null sharedLibraries=null
09-05 20:15:17.682  3921  3921 I dex2oat : /system/bin/dex2oat --compiler-filter=speed
09-05 20:15:17.759  3921  3921 I dex2oat : dex2oat took 77.380ms (threads: 8) arena alloc=1271KB (1301752B) java alloc=119KB (122304B) native alloc=1146KB (1174112B) free=3MB (3544480B)
09-05 20:15:17.762  3565  3565 I PackageManager.DexOptimizer: Running dexopt (dex2oat) on: /system/app/LatinIME/LatinIME.apk pkg=com.android.inputmethod.latin isa=arm64 vmSafeMode=false debuggable=false target-filter=speed oatDir = null sharedLibraries=null
09-05 20:15:17.778  3931  3931 I dex2oat : /system/bin/dex2oat --compiler-filter=speed
09-05 20:15:18.263  3931  3931 I dex2oat : dex2oat took 484.811ms (threads: 8) arena alloc=3MB (3168360B) java alloc=1804KB (1847456B) native alloc=4MB (5090544B) free=6MB (6968080B)
09-05 20:15:18.267  3565  3565 I PackageManager.DexOptimizer: Running dexopt (dex2oat) on: /system/priv-app/Settings/Settings.apk pkg=com.android.settings isa=arm64 vmSafeMode=false debuggable=false target-filter=speed oatDir = null sharedLibraries=null
09-05 20:15:18.284  3940  3940 I dex2oat : /system/bin/dex2oat --compiler-filter=speed
09-05 20:15:18.468  3940  3940 W dex2oat : Before Android 4.1, method android.graphics.PorterDuffColorFilter android.support.graphics.drawable.VectorDrawableCompat.updateTintFilter(android.graphics.PorterDuffColorFilter, android.content.res.ColorStateList, android.graphics.PorterDuff$Mode) would have incorrectly overridden the package-private method in android.graphics.drawable.Drawable
09-05 20:15:18.479  3940  3942 W dex2oat : Before Android 4.1, method int android.support.v7.widget.ListViewCompat.lookForSelectablePosition(int, boolean) would have incorrectly overridden the package-private method in android.widget.ListView
09-05 20:15:18.568  3172  3172 D wrapperGPS: wrapperConnect_RILD
09-05 20:15:19.568  3172  3172 D wrapperGPS: wrapperConnect_RILD
09-05 20:15:19.888  3940  3940 I dex2oat : dex2oat took 1.604s (threads: 8) arena alloc=4MB (5199048B) java alloc=9MB (9989328B) native alloc=17MB (18041768B) free=8MB (8696920B)
09-05 20:15:19.895  3565  3565 I PackageManager.DexOptimizer: Running dexopt (dex2oat) on: /system/priv-app/TeleService/TeleService.apk pkg=com.android.phone isa=arm64 vmSafeMode=false debuggable=false target-filter=speed oatDir = null sharedLibraries=null
09-05 20:15:19.911  3950  3950 I dex2oat : /system/bin/dex2oat --compiler-filter=speed
09-05 20:15:20.569  3172  3172 D wrapperGPS: wrapperConnect_RILD
09-05 20:15:20.724  3950  3950 I dex2oat : dex2oat took 813.581ms (threads: 8) arena alloc=8MB (9112008B) java alloc=2MB (2721520B) native alloc=8MB (8927264B) free=12MB (13092832B)
09-05 20:15:20.729  3565  3565 I PackageManager.DexOptimizer: Running dexopt (dex2oat) on: /system/priv-app/Shell/Shell.apk pkg=com.android.shell isa=arm64 vmSafeMode=false debuggable=false target-filter=speed oatDir = null sharedLibraries=null
09-05 20:15:20.746  3959  3959 I dex2oat : /system/bin/dex2oat --compiler-filter=speed
09-05 20:15:20.903  3959  3959 I dex2oat : dex2oat took 157.661ms (threads: 8) arena alloc=2MB (2466920B) java alloc=341KB (349544B) native alloc=1672KB (1712904B) free=4MB (5102840B)
09-05 20:15:20.907  3565  3565 I PackageManager.DexOptimizer: Running dexopt (dex2oat) on: /system/priv-app/FusedLocation/FusedLocation.apk pkg=com.android.location.fused isa=arm64 vmSafeMode=false debuggable=false target-filter=speed oatDir = null sharedLibraries=/system/framework/com.android.location.provider.jar
09-05 20:15:20.923  3968  3968 I dex2oat : /system/bin/dex2oat --compiler-filter=speed
09-05 20:15:20.999  3968  3968 I dex2oat : dex2oat took 76.364ms (threads: 8) arena alloc=444KB (455384B) java alloc=143KB (146944B) native alloc=1291KB (1322088B) free=4MB (4445080B)
09-05 20:15:21.002  3565  3565 I PackageManager.DexOptimizer: Running dexopt (dex2oat) on: /system/priv-app/SystemUI/SystemUI.apk pkg=com.android.systemui isa=arm64 vmSafeMode=false debuggable=false target-filter=speed oatDir = null sharedLibraries=null
09-05 20:15:21.018  3977  3977 I dex2oat : /system/bin/dex2oat --compiler-filter=speed
09-05 20:15:21.218  3977  3980 W dex2oat : Before Android 4.1, method android.graphics.PorterDuffColorFilter android.support.graphics.drawable.VectorDrawableCompat.updateTintFilter(android.graphics.PorterDuffColorFilter, android.content.res.ColorStateList, android.graphics.PorterDuff$Mode) would have incorrectly overridden the package-private method in android.graphics.drawable.Drawable
09-05 20:15:21.238  3977  3984 W dex2oat : Before Android 4.1, method int android.support.v7.widget.ListViewCompat.lookForSelectablePosition(int, boolean) would have incorrectly overridden the package-private method in android.widget.ListView
09-05 20:15:21.569  3172  3172 D wrapperGPS: wrapperConnect_RILD
09-05 20:15:22.570  3172  3172 D wrapperGPS: wrapperConnect_RILD
09-05 20:15:22.769  3977  3977 I dex2oat : dex2oat took 1.751s (threads: 8) arena alloc=2MB (3112072B) java alloc=10MB (10598864B) native alloc=18MB (19032544B) free=6MB (6657568B)
09-05 20:15:22.776  3565  3565 I PackageManager.DexOptimizer: Running dexopt (dex2oat) on: /system/priv-app/WeatherManagerService/WeatherManagerService.apk pkg=org.cyanogenmod.weatherservice isa=arm64 vmSafeMode=false debuggable=false target-filter=speed oatDir = null sharedLibraries=null
09-05 20:15:22.792  3986  3986 I dex2oat : /system/bin/dex2oat --compiler-filter=speed
09-05 20:15:22.935  3986  3986 I dex2oat : dex2oat took 143.062ms (threads: 8) arena alloc=2MB (2209464B) java alloc=404KB (414504B) native alloc=1540KB (1577856B) free=4MB (5237888B)
09-05 20:15:22.939  3565  3565 E PackageManager: There should probably be a verifier, but, none were found
09-05 20:15:22.942  3565  3565 D PackageManager: Ephemeral resolver NOT found; no matching intent filters
09-05 20:15:22.943  3565  3565 I PackageManager: Ephemeral deactivated; missing resolver and installer
09-05 20:15:22.943  3565  3565 I art     : Starting a blocking GC Explicit
09-05 20:15:22.966  3565  3565 I art     : Explicit concurrent mark sweep GC freed 53915(3MB) AllocSpace objects, 46(2MB) LOS objects, 33% free, 9MB/13MB, paused 172us total 23.258ms
09-05 20:15:22.968  3565  3565 I SystemServer: StartOtaDexOptService
09-05 20:15:22.969  3565  3565 I SystemServer: StartUserManagerService
09-05 20:15:22.970  3565  3565 I SystemServiceManager: Starting com.android.server.pm.UserManagerService$LifeCycle
09-05 20:15:22.982  3144  3144 I lowmemorykiller: ActivityManager connected
09-05 20:15:22.983  3565  3565 I SystemServiceManager: Starting com.android.server.BatteryService
09-05 20:15:22.983  3565  3996 D SensorService: nuSensorService starting...
09-05 20:15:22.986  3565  3996 W MultiHal: No multihal config file found at /system/etc/sensors/hals.conf
09-05 20:15:22.986  3565  3996 I SensorService: Generated new HMAC key.
09-05 20:15:22.987  3565  3565 I SystemServiceManager: Starting com.android.server.usage.UsageStatsService
09-05 20:15:23.001  3565  3565 I SystemServiceManager: Starting com.android.server.webkit.WebViewUpdateService
09-05 20:15:23.004  3565  3565 I SystemServer: Reading configuration...
09-05 20:15:23.004  3565  3565 I SystemServer: StartSchedulingPolicyService
09-05 20:15:23.005  3565  3565 I SystemServiceManager: Starting com.android.server.telecom.TelecomLoaderService
09-05 20:15:23.006  3565  3565 I SystemServer: StartTelephonyRegistry
09-05 20:15:23.009  3565  3565 I SystemServer: StartEntropyMixer
09-05 20:15:23.010  3565  3565 W EntropyMixer: No existing entropy file -- first boot?
09-05 20:15:23.029  3565  3565 I EntropyMixer: Added HW RNG output to entropy pool
09-05 20:15:23.029  3565  3565 I EntropyMixer: Writing entropy...
09-05 20:15:23.052  3565  3565 I SystemServer: Camera Service
09-05 20:15:23.052  3565  3565 I SystemServiceManager: Starting com.android.server.camera.CameraService
09-05 20:15:23.053  3565  3997 I ServiceThread: Enabled StrictMode logging for CameraService_proxy looper.
09-05 20:15:23.054  3565  3565 I SystemServer: StartAccountManagerService
09-05 20:15:23.055  3565  3565 I SystemServiceManager: Starting com.android.server.accounts.AccountManagerService$Lifecycle
09-05 20:15:23.061  3565  3565 I SystemServer: StartContentService
09-05 20:15:23.062  3565  3565 I SystemServiceManager: Starting com.android.server.content.ContentService$Lifecycle
09-05 20:15:23.063  3565  3565 I SystemServer: InstallSystemProviders
09-05 20:15:23.066  3565  3565 W System  : ClassLoader referenced unknown path: /system/priv-app/CMSettingsProvider/lib/arm64
09-05 20:15:23.119  3565  3565 D ActivityThread: Loading provider settings: com.android.providers.settings.SettingsProvider
09-05 20:15:23.121  3565  3565 W System  : ClassLoader referenced unknown path: /system/priv-app/SettingsProvider/lib/arm64
09-05 20:15:23.121  3565  3565 D ApplicationLoaders: ignored Vulkan layer search path /system/priv-app/SettingsProvider/lib/arm64:/system/priv-app/SettingsProvider/SettingsProvider.apk!/lib/arm64-v8a:/system/lib64:/vendor/lib64 for namespace 0x7f7fb9c160
09-05 20:15:23.217  3565  3565 I SettingsState: No settings state /data/system/users/0/settings_system.xml
09-05 20:15:23.234  3565  3565 I SettingsState: No settings state /data/system/users/0/settings_secure.xml
09-05 20:15:23.237  3565  3565 D SettingsProvider: Generated and saved new ANDROID_ID [9639159d9d94dc49] for user 0
09-05 20:15:23.252  3565  3565 I SettingsState: No settings state /data/system/users/0/settings_global.xml
09-05 20:15:23.570  3172  3172 D wrapperGPS: wrapperCloseClient_RILD
09-05 20:15:23.570  3172  3172 D gpsd    : WakeLock(Acquire,GPSD)
09-05 20:15:23.570  3172  3172 D gpsd    : WakeLock(Release,GPSD)
09-05 20:15:23.570  3172  3172 D gpsd    : WakeLock(Acquire,GPSD)
09-05 20:15:23.570  3172  3172 D gpsd    : WakeLock(Release,GPSD)
09-05 20:15:23.629  3565  3565 I SystemServer: StartVibratorService
09-05 20:15:23.633  3565  3565 I SystemServer: StartConsumerIrService
09-05 20:15:23.633  3565  3565 E ConsumerIrService: Can't open consumer IR HW Module, error: -2
09-05 20:15:23.634  3565  3565 I SystemServer: StartAlarmManagerService
09-05 20:15:23.634  3565  3565 I SystemServiceManager: Starting com.android.server.AlarmManagerService
09-05 20:15:23.640  3565  3565 I SystemServer: InitWatchdog
09-05 20:15:23.640  3565  3565 I SystemServer: StartInputManagerService
09-05 20:15:23.641  3565  3565 I InputManager: Initializing input manager, mUseDevInputEventForAudioJack=false
09-05 20:15:23.642  3565  3565 I SystemServer: StartWindowManagerService
09-05 20:15:23.650  3565  3663 I WindowManager: No existing display settings /data/system/display_settings.xml; starting empty
09-05 20:15:23.662  3565  3657 I CameraManagerGlobal: Connecting to camera service
09-05 20:15:23.664  3168  3168 E CameraService: getCameraVendorTagDescriptor: camera hardware module doesn't exist
09-05 20:15:23.740  3565  3565 I SystemServer: StartVrManagerService
09-05 20:15:23.741  3565  3565 I SystemServiceManager: Starting com.android.server.vr.VrManagerService
09-05 20:15:23.741  3565  3565 W VrManagerService: init_native: Could not open VR hardware module, error No such file or directory (-2).
09-05 20:15:23.744  3565  3565 I InputManager: Starting input manager
09-05 20:15:23.746  3565  4004 D EventHub: No input device configuration file found for device 'certify_hall'.
09-05 20:15:23.750  3565  3565 I SystemServiceManager: Starting com.android.server.BluetoothService
09-05 20:15:23.752  3565  3565 D BluetoothManagerService: Loading stored name and address
09-05 20:15:23.752  3565  3565 D BluetoothManagerService: Stored bluetooth Name=null,Address=null
09-05 20:15:23.752  3565  3565 D BluetoothManagerService: Bluetooth persisted state: 0
09-05 20:15:23.752  3565  3565 I SystemServer: ConnectivityMetricsLoggerService
09-05 20:15:23.752  3565  3565 I SystemServiceManager: Starting com.android.server.connectivity.MetricsLoggerService
09-05 20:15:23.753  3565  3565 I SystemServer: IpConnectivityMetrics
09-05 20:15:23.753  3565  3565 I SystemServiceManager: Starting com.android.server.connectivity.IpConnectivityMetrics
09-05 20:15:23.754  3565  3565 I SystemServer: PinnerService
09-05 20:15:23.754  3565  3565 I SystemServiceManager: Starting com.android.server.PinnerService
09-05 20:15:23.755  3565  3565 I SystemServiceManager: Starting com.android.server.InputMethodManagerService$Lifecycle
09-05 20:15:23.773  3565  4004 D EventHub: No input device configuration file found for device 'Headset'.
09-05 20:15:23.775  3565  4004 W EventHub: Unable to disable kernel key repeat for /dev/input/event15: Function not implemented
09-05 20:15:23.775  3565  4004 I EventHub: New device: id=2, fd=95, path='/dev/input/event15', name='Headset', classes=0x1, configuration='', keyLayout='/system/usr/keylayout/Generic.kl', keyCharacterMap='/system/usr/keychars/Generic.kcm', builtinKeyboard=false, wakeMechanism=EPOLLWAKEUP, usingClockIoctl=true
09-05 20:15:23.775  3565  4004 D EventHub: No input device configuration file found for device 'gpio_keys'.
09-05 20:15:23.776  3565  4004 W EventHub: Unable to disable kernel key repeat for /dev/input/event16: Function not implemented
09-05 20:15:23.776  3565  4004 I EventHub: New device: id=3, fd=97, path='/dev/input/event16', name='gpio_keys', classes=0x1, configuration='', keyLayout='/system/usr/keylayout/Generic.kl', keyCharacterMap='/system/usr/keychars/Generic.kcm', builtinKeyboard=false, wakeMechanism=EPOLLWAKEUP, usingClockIoctl=true
09-05 20:15:23.776  3565  4004 E EventHub: could not get driver version for /dev/input/mouse1, Not a typewriter
09-05 20:15:23.783  3565  3565 W System  : ClassLoader referenced unknown path: 
09-05 20:15:23.784  3565  3565 D ApplicationLoaders: ignored Vulkan layer search path /system/app/LatinIME/lib/arm64:/system/fake-libs64:/system/app/LatinIME/LatinIME.apk!/lib/arm64-v8a:/system/lib64:/vendor/lib64 for namespace 0x7f7fb9c1d0
09-05 20:15:23.805  3565  4004 D EventHub: No input device configuration file found for device 'sec_touchpad'.
09-05 20:15:23.806  3565  4004 W EventHub: Unable to disable kernel key repeat for /dev/input/event1: Function not implemented
09-05 20:15:23.806  3565  4004 I EventHub: New device: id=4, fd=98, path='/dev/input/event1', name='sec_touchpad', classes=0x15, configuration='', keyLayout='/system/usr/keylayout/Generic.kl', keyCharacterMap='/system/usr/keychars/Generic.kcm', builtinKeyboard=false, wakeMechanism=EPOLLWAKEUP, usingClockIoctl=true
09-05 20:15:23.806  3565  4004 E EventHub: could not get driver version for /dev/input/mouse0, Not a typewriter
09-05 20:15:23.876  3565  4004 W EventHub: Unable to disable kernel key repeat for /dev/input/event0: Function not implemented
09-05 20:15:23.876  3565  4004 I EventHub: New device: id=5, fd=99, path='/dev/input/event0', name='sec_touchscreen', classes=0x15, configuration='/system/usr/idc/sec_touchscreen.idc', keyLayout='/system/usr/keylayout/Generic.kl', keyCharacterMap='/system/usr/keychars/Generic.kcm', builtinKeyboard=false, wakeMechanism=EPOLLWAKEUP, usingClockIoctl=true
09-05 20:15:23.877  3565  4004 D EventHub: No input device configuration file found for device 'hall'.
09-05 20:15:23.898  3565  3565 W InputMethodManagerService: No IME selected. Choose the most applicable IME.
09-05 20:15:23.904  3565  3565 I InputMethodManagerService: Default found, using com.android.inputmethod.latin/.LatinIME
09-05 20:15:23.906  3565  3565 I SystemServer: StartAccessibilityManagerService
09-05 20:15:23.915  3565  3565 I ActivityManager: Config changes=1df8 {1.0 ?mcc?mnc [en_US] ldltr sw411dp w411dp h845dp 560dpi nrml long port ?uimode ?night -touch -keyb/h/h -nav/h s.2}
09-05 20:15:23.917  3565  3655 I UsageStatsDatabase: Upgrading from version 0 to 3
09-05 20:15:23.917  3565  3655 I UsageStatsDatabase: Deleting all usage stats files
09-05 20:15:23.920  3565  3655 I UsageStatsService: User[0] Rollover scheduled @ 2017-09-06 20:15:23(1504728923915)
09-05 20:15:23.920  3565  3655 D UsageStatsService: Initializing defaults for system apps on user 0
09-05 20:15:23.925  3565  4004 D EventHub: No input device configuration file found for device 'ssp_context'.
09-05 20:15:23.939  3565  3655 E AppIdleHistory: Unable to read app idle file for user 0
09-05 20:15:23.939  3565  3663 I ActivityManager: Config changes=400 {1.0 ?mcc?mnc [en_US] ldltr sw411dp w411dp h773dp 560dpi nrml long port ?uimode ?night -touch -keyb/h/h -nav/h s.3}
09-05 20:15:23.945  3565  3663 W LocalDisplayAdapter: Unable to find color mode 0, ignoring request.
09-05 20:15:23.953  3565  4004 D EventHub: No input device configuration file found for device 'meta_event'.
09-05 20:15:23.959  3565  3565 W LocalDisplayAdapter: Unable to find color mode 0, ignoring request.
09-05 20:15:23.959  3565  3565 I SystemServiceManager: Starting com.android.server.MountService$Lifecycle
09-05 20:15:23.965  3565  4005 D MountService: Thinking about init, mSystemReady=false, mDaemonConnected=true
09-05 20:15:23.965  3565  3565 I SystemServiceManager: Starting com.android.server.UiModeManagerService
09-05 20:15:23.965  3565  4005 D MountService: Thinking about reset, mSystemReady=false, mDaemonConnected=true
09-05 20:15:23.965  3565  4005 D MountService: Thinking about init, mSystemReady=false, mDaemonConnected=true
09-05 20:15:23.965  3565  4005 D MountService: Thinking about reset, mSystemReady=false, mDaemonConnected=true
09-05 20:15:23.965  3565  4005 D CryptdConnector: SND -> {1 cryptfs getfield SystemLocale}
09-05 20:15:23.967  3565  3565 I ActivityManager: Config changes=200 {1.0 ?mcc?mnc [en_US] ldltr sw411dp w411dp h773dp 560dpi nrml long port -touch -keyb/h/h -nav/h s.4}
09-05 20:15:23.967  3565  4007 D CryptdConnector: RCV <- {200 1 -1}
09-05 20:15:23.970  3565  4005 W MountService: No primary storage mounted!
09-05 20:15:23.970  3565  4005 D VoldConnector: SND -> {1 asec list}
09-05 20:15:23.971  3565  4006 D VoldConnector: RCV <- {200 1 asec operation succeeded}
09-05 20:15:23.972  3565  4005 I PackageManager: No secure containers found
09-05 20:15:23.974  3565  4005 W PackageManager: Unknown permission com.google.android.googleapps.permission.GOOGLE_AUTH in package com.android.providers.calendar
09-05 20:15:23.974  3565  4005 W PackageManager: Unknown permission com.google.android.googleapps.permission.GOOGLE_AUTH.cl in package com.android.providers.calendar
09-05 20:15:23.978  3565  4005 W PackageManager: Unknown permission cyanogenmod.permission.LEGALESE in package com.cyanogenmod.setupwizard
09-05 20:15:23.980  3565  4005 W PackageManager: Unknown permission com.android.gallery3d.permission.STORAGE_CHANGE in package com.android.camera2
09-05 20:15:23.981  3565  4005 W PackageManager: Unknown permission android.permission.NFC_UNLOCK in package com.android.nfc
09-05 20:15:23.983  3565  4005 W PackageManager: Unknown permission com.google.android.googleapps.permission.GOOGLE_AUTH.mail in package com.android.calendar
09-05 20:15:23.984  3565  4005 W PackageManager: Unknown permission com.android.launcher.permission.READ_SETTINGS in package com.android.onetimeinitializer
09-05 20:15:23.984  3565  4005 W PackageManager: Unknown permission com.android.launcher.permission.WRITE_SETTINGS in package com.android.onetimeinitializer
09-05 20:15:23.985  3565  4004 D EventHub: No input device configuration file found for device 'interrupt_gyro_sensor'.
09-05 20:15:23.987  3565  4005 W PackageManager: Unknown permission com.android.launcher.permission.READ_SETTINGS in package com.cyanogenmod.trebuchet
09-05 20:15:23.987  3565  4005 W PackageManager: Unknown permission com.android.launcher.permission.WRITE_SETTINGS in package com.cyanogenmod.trebuchet
09-05 20:15:23.989  3565  4005 W PackageManager: Unknown permission com.google.android.permission.INSTALL_WEARABLE_PACKAGES in package com.android.packageinstaller
09-05 20:15:23.989  3565  4005 W PackageManager: Not granting permission android.permission.DELETE_PACKAGES to package com.svox.pico (protectionLevel=18 flags=0x3888be45)
09-05 20:15:23.991  3565  4005 W PackageManager: Unknown permission com.google.android.gallery3d.permission.PICASA_STORE in package com.android.dreams.phototable
09-05 20:15:23.992  3565  4005 W PackageManager: Unknown permission com.google.android.googleapps.permission.GOOGLE_AUTH in package com.android.settings
09-05 20:15:23.993  3565  4005 W PackageManager: Unknown permission com.android.launcher.permission.READ_SETTINGS in package com.android.settings
09-05 20:15:23.993  3565  4005 W PackageManager: Unknown permission com.android.launcher.permission.WRITE_SETTINGS in package com.android.settings
09-05 20:15:24.002  3565  4005 W PackageManager: Not granting permission android.permission.MANAGE_DOCUMENTS to package com.android.deskclock (protectionLevel=2 flags=0x3cc9be45)
09-05 20:15:24.002  3565  4005 W PackageManager: Unknown permission com.android.deskclock.worldclock.permissions.WRITE_DATABASE in package com.android.deskclock
09-05 20:15:24.002  3565  4005 W PackageManager: Unknown permission org.codeaurora.permission.POWER_ON_ALERT in package com.android.deskclock
09-05 20:15:24.002  3565  4005 W PackageManager: Not granting permission android.permission.WRITE_SECURE_SETTINGS to package com.android.deskclock (protectionLevel=50 flags=0x3cc9be45)
09-05 20:15:24.006  3565  4005 W PackageManager: Unknown permission com.cyanogenmod.lockclock.permission.READ_WEATHER in package com.android.systemui
09-05 20:15:24.008  3565  4005 W PackageManager: Unknown permission com.google.android.gallery3d.permission.GALLERY_PROVIDER in package com.android.bluetooth
09-05 20:15:24.009  3565  4005 W PackageManager: Unknown permission com.google.android.googleapps.permission.ACCESS_GOOGLE_PASSWORD in package com.android.development
09-05 20:15:24.009  3565  4005 W PackageManager: Unknown permission com.google.android.googleapps.permission.GOOGLE_AUTH in package com.android.development
09-05 20:15:24.009  3565  4005 W PackageManager: Unknown permission com.google.android.googleapps.permission.GOOGLE_AUTH.ALL_SERVICES in package com.android.development
09-05 20:15:24.009  3565  4005 W PackageManager: Unknown permission com.google.android.googleapps.permission.GOOGLE_AUTH.YouTubeUser in package com.android.development
09-05 20:15:24.033  3565  4004 D EventHub: No input device configuration file found for device 'step_cnt_sensor'.
09-05 20:15:24.073  3565  4004 D EventHub: No input device configuration file found for device 'sig_motion_sensor'.
09-05 20:15:24.109  3565  4004 D EventHub: No input device configuration file found for device 'gesture_sensor'.
09-05 20:15:24.157  3565  4004 D EventHub: No input device configuration file found for device 'temp_humidity_sensor'.
09-05 20:15:24.197  3565  4004 D EventHub: No input device configuration file found for device 'proximity_alert_sensor'.
09-05 20:15:24.245  3565  4004 D EventHub: No input device configuration file found for device 'proximity_sensor'.
09-05 20:15:24.289  3565  4004 D EventHub: No input device configuration file found for device 'light_ir_sensor'.
09-05 20:15:24.296  3565  3565 W art     : Long monitor contention with owner MountService (4005) at void com.android.server.pm.PackageManagerService.loadMediaPackages(android.util.ArrayMap, int[], boolean)(PackageManagerService.java:19557) waiters=0 in void com.android.server.pm.PackageManagerService.updatePackagesIfNeeded() for 323ms
09-05 20:15:24.318  3565  4005 W MountService: No primary storage defined yet; hacking together a stub
09-05 20:15:24.318  3565  4005 W MountService: No primary storage defined yet; hacking together a stub
09-05 20:15:24.319  3565  4005 W MountService: No primary storage mounted!
09-05 20:15:24.319  3565  4005 D VoldConnector: SND -> {2 asec list}
09-05 20:15:24.321  3565  4006 D VoldConnector: RCV <- {200 2 asec operation succeeded}
09-05 20:15:24.327  3565  3565 I PackageManager.DexOptimizer: Running dexopt (dex2oat) on: /system/app/RootPA/RootPA.apk pkg=com.gd.mobicore.pa isa=arm64 vmSafeMode=false debuggable=false target-filter=verify-at-runtime oatDir = null sharedLibraries=null
09-05 20:15:24.329  3565  4004 D EventHub: No input device configuration file found for device 'light_sensor'.
09-05 20:15:24.343  4008  4008 I dex2oat : /system/bin/dex2oat --compiler-filter=verify-at-runtime
09-05 20:15:24.357  3565  4004 D EventHub: No input device configuration file found for device 'hrm_sensor'.
09-05 20:15:24.389  3565  4004 D EventHub: No input device configuration file found for device 'grip_sensor'.
09-05 20:15:24.406  4008  4008 I dex2oat : dex2oat took 63.678ms (threads: 8) arena alloc=0B (0B) java alloc=27KB (28240B) native alloc=1090KB (1116912B) free=1469KB (1504528B)
09-05 20:15:24.409  3565  3565 I PackageManager.DexOptimizer: Running dexopt (dex2oat) on: /system/priv-app/CalendarProvider/CalendarProvider.apk pkg=com.android.providers.calendar isa=arm64 vmSafeMode=false debuggable=false target-filter=verify-at-runtime oatDir = null sharedLibraries=/system/framework/android.test.runner.jar
09-05 20:15:24.425  4017  4017 I dex2oat : /system/bin/dex2oat --compiler-filter=verify-at-runtime
09-05 20:15:24.425  3565  4004 E EventHub: could not get driver version for /dev/input/mice, Not a typewriter
09-05 20:15:24.490  3565  4004 I InputReader: Device added: id=-1, name='Virtual', sources=0x00000301
09-05 20:15:24.490  3565  4004 W InputReader: Invalid value for touch.size.calibration: 'normalized'
09-05 20:15:24.491  3565  4004 I InputReader:   Touch device 'sec_touchscreen' could not query the properties of its associated display.  The device will be inoperable until the display size becomes available.
09-05 20:15:24.491  3565  4004 I InputReader: Device added: id=5, name='sec_touchscreen', sources=0x00001103
09-05 20:15:24.491  3565  4004 I InputReader:   Touch device 'sec_touchpad' could not query the properties of its associated display.  The device will be inoperable until the display size becomes available.
09-05 20:15:24.491  3565  4004 I InputReader: Device added: id=4, name='sec_touchpad', sources=0x00002103
09-05 20:15:24.491  3565  4004 I InputReader: Device added: id=3, name='gpio_keys', sources=0x00000101
09-05 20:15:24.491  3565  4004 I InputReader: Device added: id=2, name='Headset', sources=0x00000101
09-05 20:15:24.491  3565  4004 I InputReader: Reconfiguring input devices.  changes=0x00000004
09-05 20:15:24.498  3565  4004 I InputReader: Device reconfigured: id=4, name='sec_touchpad', size 1440x2960, orientation 0, mode 4, display id 0
09-05 20:15:24.498  3565  4004 I InputReader: Device reconfigured: id=5, name='sec_touchscreen', size 1440x2960, orientation 0, mode 1, display id 0
09-05 20:15:24.499  3565  4003 I ActivityManager: Config changes=8 {1.0 ?mcc?mnc [en_US] ldltr sw411dp w411dp h773dp 560dpi nrml long port finger -keyb/h/h -nav/h s.5}
09-05 20:15:24.526  4017  4017 I dex2oat : dex2oat took 102.029ms (threads: 8) arena alloc=0B (0B) java alloc=35KB (36168B) native alloc=1141KB (1169168B) free=1930KB (1976560B)
09-05 20:15:24.529  3565  3565 I PackageManager.DexOptimizer: Running dexopt (dex2oat) on: /system/priv-app/MediaProvider/MediaProvider.apk pkg=com.android.providers.media isa=arm64 vmSafeMode=false debuggable=false target-filter=verify-at-runtime oatDir = null sharedLibraries=null
09-05 20:15:24.545  4026  4026 I dex2oat : /system/bin/dex2oat --compiler-filter=verify-at-runtime
09-05 20:15:24.611  4026  4026 I dex2oat : dex2oat took 66.672ms (threads: 8) arena alloc=0B (0B) java alloc=31KB (32216B) native alloc=1100KB (1126480B) free=1459KB (1494960B)
09-05 20:15:24.614  3565  3565 I PackageManager.DexOptimizer: Running dexopt (dex2oat) on: /system/priv-app/WallpaperCropper/WallpaperCropper.apk pkg=com.android.wallpapercropper isa=arm64 vmSafeMode=false debuggable=false target-filter=verify-at-runtime oatDir = null sharedLibraries=null
09-05 20:15:24.629  4035  4035 I dex2oat : /system/bin/dex2oat --compiler-filter=verify-at-runtime
09-05 20:15:24.704  4035  4035 I dex2oat : dex2oat took 75.276ms (threads: 8) arena alloc=0B (0B) java alloc=31KB (32216B) native alloc=1070KB (1096560B) free=1489KB (1524880B)
09-05 20:15:24.707  3565  3565 I PackageManager.DexOptimizer: Running dexopt (dex2oat) on: /system/priv-app/DocumentsUI/DocumentsUI.apk pkg=com.android.documentsui isa=arm64 vmSafeMode=false debuggable=false target-filter=verify-at-runtime oatDir = null sharedLibraries=null
09-05 20:15:24.723  4044  4044 I dex2oat : /system/bin/dex2oat --compiler-filter=verify-at-runtime
09-05 20:15:24.850  4044  4044 I dex2oat : dex2oat took 127.074ms (threads: 8) arena alloc=0B (0B) java alloc=27KB (28240B) native alloc=510KB (523120B) free=2MB (2622608B)
09-05 20:15:24.852  3565  3565 I PackageManager.DexOptimizer: Running dexopt (dex2oat) on: /system/priv-app/ExternalStorageProvider/ExternalStorageProvider.apk pkg=com.android.externalstorage isa=arm64 vmSafeMode=false debuggable=false target-filter=verify-at-runtime oatDir = null sharedLibraries=null
09-05 20:15:24.868  4053  4053 I dex2oat : /system/bin/dex2oat --compiler-filter=verify-at-runtime
09-05 20:15:24.932  4053  4053 I dex2oat : dex2oat took 64.088ms (threads: 8) arena alloc=0B (0B) java alloc=27KB (28240B) native alloc=1061KB (1087376B) free=1498KB (1534064B)
09-05 20:15:24.934  3565  3565 I PackageManager.DexOptimizer: Running dexopt (dex2oat) on: /system/app/HTMLViewer/HTMLViewer.apk pkg=com.android.htmlviewer isa=arm64 vmSafeMode=false debuggable=false target-filter=verify-at-runtime oatDir = null sharedLibraries=null
09-05 20:15:24.950  4062  4062 I dex2oat : /system/bin/dex2oat --compiler-filter=verify-at-runtime
09-05 20:15:24.969  4062  4062 I dex2oat : dex2oat took 20.099ms (threads: 8) arena alloc=0B (0B) java alloc=27KB (28240B) native alloc=878KB (899152B) free=1169KB (1198000B)
09-05 20:15:24.972  3565  3565 I PackageManager.DexOptimizer: Running dexopt (dex2oat) on: /system/priv-app/DownloadProvider/DownloadProvider.apk pkg=com.android.providers.downloads isa=arm64 vmSafeMode=false debuggable=false target-filter=verify-at-runtime oatDir = null sharedLibraries=null
09-05 20:15:24.987  4071  4071 I dex2oat : /system/bin/dex2oat --compiler-filter=verify-at-runtime
09-05 20:15:25.024  4071  4071 I dex2oat : dex2oat took 36.832ms (threads: 8) arena alloc=0B (0B) java alloc=31KB (32216B) native alloc=1142KB (1170096B) free=1417KB (1451344B)
09-05 20:15:25.027  3565  3565 I PackageManager.DexOptimizer: Running dexopt (dex2oat) on: /system/app/messaging/messaging.apk pkg=com.android.messaging isa=arm64 vmSafeMode=false debuggable=false target-filter=verify-at-runtime oatDir = null sharedLibraries=null
09-05 20:15:25.042  4080  4080 I dex2oat : /system/bin/dex2oat --compiler-filter=verify-at-runtime
09-05 20:15:25.257  4080  4080 I dex2oat : dex2oat took 214.891ms (threads: 8) arena alloc=0B (0B) java alloc=27KB (28240B) native alloc=860KB (881288B) free=2MB (2919800B)
09-05 20:15:25.260  3565  3565 I PackageManager.DexOptimizer: Running dexopt (dex2oat) on: /system/app/Terminal/Terminal.apk pkg=com.android.terminal isa=arm64 vmSafeMode=false debuggable=false target-filter=verify-at-runtime oatDir = null sharedLibraries=null
09-05 20:15:25.276  4089  4089 I dex2oat : /system/bin/dex2oat --compiler-filter=verify-at-runtime
09-05 20:15:25.398  4089  4089 I dex2oat : dex2oat took 122.549ms (threads: 8) arena alloc=0B (0B) java alloc=27KB (28240B) native alloc=488KB (500208B) free=2MB (2645520B)
09-05 20:15:25.400  3565  3565 I PackageManager.DexOptimizer: Running dexopt (dex2oat) on: /system/priv-app/AudioFX/AudioFX.apk pkg=org.cyanogenmod.audiofx isa=arm64 vmSafeMode=false debuggable=false target-filter=verify-at-runtime oatDir = null sharedLibraries=null
09-05 20:15:25.416  4098  4098 I dex2oat : /system/bin/dex2oat --compiler-filter=verify-at-runtime
09-05 20:15:25.561  4098  4098 I dex2oat : dex2oat took 145.422ms (threads: 8) arena alloc=0B (0B) java alloc=27KB (28240B) native alloc=474KB (485512B) free=2MB (2660216B)
09-05 20:15:25.565  3565  3565 I PackageManager.DexOptimizer: Running dexopt (dex2oat) on: /system/priv-app/LineageSetupWizard/LineageSetupWizard.apk pkg=com.cyanogenmod.setupwizard isa=arm64 vmSafeMode=false debuggable=false target-filter=verify-at-runtime oatDir = null sharedLibraries=null
09-05 20:15:25.581  4107  4107 I dex2oat : /system/bin/dex2oat --compiler-filter=verify-at-runtime
09-05 20:15:25.665  4107  4107 I dex2oat : dex2oat took 84.950ms (threads: 8) arena alloc=0B (0B) java alloc=31KB (32208B) native alloc=1119KB (1146224B) free=1440KB (1475216B)
09-05 20:15:25.668  3565  3565 I PackageManager.DexOptimizer: Running dexopt (dex2oat) on: /system/app/DownloadProviderUi/DownloadProviderUi.apk pkg=com.android.providers.downloads.ui isa=arm64 vmSafeMode=false debuggable=false target-filter=verify-at-runtime oatDir = null sharedLibraries=null
09-05 20:15:25.684  4116  4116 I dex2oat : /system/bin/dex2oat --compiler-filter=verify-at-runtime
09-05 20:15:25.746  4116  4116 I dex2oat : dex2oat took 62.915ms (threads: 8) arena alloc=0B (0B) java alloc=31KB (32208B) native alloc=860KB (881232B) free=1187KB (1215920B)
09-05 20:15:25.749  3565  3565 I PackageManager.DexOptimizer: Running dexopt (dex2oat) on: /system/app/PacProcessor/PacProcessor.apk pkg=com.android.pacprocessor isa=arm64 vmSafeMode=false debuggable=false target-filter=verify-at-runtime oatDir = null sharedLibraries=null
09-05 20:15:25.764  4125  4125 I dex2oat : /system/bin/dex2oat --compiler-filter=verify-at-runtime
09-05 20:15:25.824  4125  4125 I dex2oat : dex2oat took 59.993ms (threads: 8) arena alloc=0B (0B) java alloc=27KB (28240B) native alloc=858KB (878608B) free=1189KB (1218544B)
09-05 20:15:25.827  3565  3565 I PackageManager.DexOptimizer: Running dexopt (dex2oat) on: /system/app/CertInstaller/CertInstaller.apk pkg=com.android.certinstaller isa=arm64 vmSafeMode=false debuggable=false target-filter=verify-at-runtime oatDir = null sharedLibraries=null
09-05 20:15:25.842  4134  4134 I dex2oat : /system/bin/dex2oat --compiler-filter=verify-at-runtime
09-05 20:15:25.916  4134  4134 I dex2oat : dex2oat took 74.406ms (threads: 8) arena alloc=0B (0B) java alloc=31KB (32216B) native alloc=1005KB (1030096B) free=1554KB (1591344B)
09-05 20:15:25.919  3565  3565 I PackageManager.DexOptimizer: Running dexopt (dex2oat) on: /system/priv-app/CarrierConfig/CarrierConfig.apk pkg=com.android.carrierconfig isa=arm64 vmSafeMode=false debuggable=false target-filter=verify-at-runtime oatDir = null sharedLibraries=null
09-05 20:15:25.934  4143  4143 I dex2oat : /system/bin/dex2oat --compiler-filter=verify-at-runtime
09-05 20:15:25.997  4143  4143 I dex2oat : dex2oat took 63.309ms (threads: 8) arena alloc=0B (0B) java alloc=31KB (32216B) native alloc=858KB (878672B) free=1189KB (1218480B)
09-05 20:15:26.000  3565  3565 I PackageManager.DexOptimizer: Running dexopt (dex2oat) on: /system/priv-app/Contacts/Contacts.apk pkg=com.android.contacts isa=arm64 vmSafeMode=false debuggable=false target-filter=verify-at-runtime oatDir = null sharedLibraries=null
09-05 20:15:26.016  4152  4152 I dex2oat : /system/bin/dex2oat --compiler-filter=verify-at-runtime
09-05 20:15:26.119  4152  4152 I dex2oat : dex2oat took 103.611ms (threads: 8) arena alloc=0B (0B) java alloc=27KB (28240B) native alloc=535KB (548024B) free=2MB (2597704B)
09-05 20:15:26.122  3565  3565 I PackageManager.DexOptimizer: Running dexopt (dex2oat) on: /system/app/Camera2/Camera2.apk pkg=com.android.camera2 isa=arm64 vmSafeMode=false debuggable=false target-filter=verify-at-runtime oatDir = null sharedLibraries=null
09-05 20:15:26.138  4161  4161 I dex2oat : /system/bin/dex2oat --compiler-filter=verify-at-runtime
09-05 20:15:26.251  4161  4161 I dex2oat : dex2oat took 113.120ms (threads: 8) arena alloc=0B (0B) java alloc=27KB (28240B) native alloc=422KB (432760B) free=2MB (2712968B)
09-05 20:15:26.253  3565  3565 I PackageManager.DexOptimizer: Running dexopt (dex2oat) on: /system/priv-app/Recorder/Recorder.apk pkg=org.lineageos.recorder isa=arm64 vmSafeMode=false debuggable=false target-filter=verify-at-runtime oatDir = null sharedLibraries=null
09-05 20:15:26.269  4170  4170 I dex2oat : /system/bin/dex2oat --compiler-filter=verify-at-runtime
09-05 20:15:26.344  4170  4170 I dex2oat : dex2oat took 74.759ms (threads: 8) arena alloc=0B (0B) java alloc=27KB (28240B) native alloc=498KB (510576B) free=2MB (2635152B)
09-05 20:15:26.346  3565  3565 I PackageManager.DexOptimizer: Running dexopt (dex2oat) on: /system/app/EasterEgg/EasterEgg.apk pkg=com.android.egg isa=arm64 vmSafeMode=false debuggable=false target-filter=verify-at-runtime oatDir = null sharedLibraries=null
09-05 20:15:26.362  4179  4179 I dex2oat : /system/bin/dex2oat --compiler-filter=verify-at-runtime
09-05 20:15:26.397  4179  4179 I dex2oat : dex2oat took 35.175ms (threads: 8) arena alloc=0B (0B) java alloc=27KB (28240B) native alloc=1099KB (1125744B) free=1460KB (1495696B)
09-05 20:15:26.399  3565  3565 I PackageManager.DexOptimizer: Running dexopt (dex2oat) on: /system/priv-app/MtpDocumentsProvider/MtpDocumentsProvider.apk pkg=com.android.mtp isa=arm64 vmSafeMode=false debuggable=false target-filter=verify-at-runtime oatDir = null sharedLibraries=null
