09-12 23:47:49.300  4923  4923 E TelephonyProvider: dbh.selectConflictingRow: Expected 1 but found 0 matching rows found for cv mnc=27 sub_id=-1 bearer_bitmask=0 numeric=40527 name=TA TA DoCoMo mcc=405 apn=TATA.DOCOMO.INTERNET type=default,supl
09-12 23:47:49.303  4923  4923 E TelephonyProvider: dbh.selectConflictingRow: Expected 1 but found 0 matching rows found for cv mnc=29 sub_id=-1 bearer_bitmask=0 numeric=40529 name=TA TA DoCoMo mcc=405 apn=TATA.DOCOMO.INTERNET type=default,supl
09-12 23:47:49.307  4923  4923 E TelephonyProvider: dbh.selectConflictingRow: Expected 1 but found 0 matching rows found for cv mnc=30 sub_id=-1 bearer_bitmask=0 numeric=40530 name=TA TA DoCoMo mcc=405 apn=TATA.DOCOMO.INTERNET type=default,supl
09-12 23:47:49.307  4760  4876 W BinaryDictionaryFileDumper: Missing metadata.json resource
09-12 23:47:49.309  4923  4923 E TelephonyProvider: dbh.selectConflictingRow: Expected 1 but found 0 matching rows found for cv mnc=31 sub_id=-1 bearer_bitmask=0 numeric=40531 name=TA TA DoCoMo mcc=405 apn=TATA.DOCOMO.INTERNET type=default,supl
09-12 23:47:49.311  4923  4923 E TelephonyProvider: dbh.selectConflictingRow: Expected 1 but found 0 matching rows found for cv mnc=32 sub_id=-1 bearer_bitmask=0 numeric=40532 name=TA TA DoCoMo mcc=405 apn=TATA.DOCOMO.INTERNET type=default,supl
09-12 23:47:49.314  4923  4923 E TelephonyProvider: dbh.selectConflictingRow: Expected 1 but found 0 matching rows found for cv mnc=33 sub_id=-1 bearer_bitmask=0 numeric=40533 name=TA TA DoCoMo mcc=405 apn=TATA.DOCOMO.INTERNET type=default,supl
09-12 23:47:49.317  4923  4923 E TelephonyProvider: dbh.selectConflictingRow: Expected 1 but found 0 matching rows found for cv mnc=34 sub_id=-1 bearer_bitmask=0 numeric=40534 name=TA TA DoCoMo mcc=405 apn=TATA.DOCOMO.INTERNET type=default,supl
09-12 23:47:49.320  4923  4923 E TelephonyProvider: dbh.selectConflictingRow: Expected 1 but found 0 matching rows found for cv mnc=35 sub_id=-1 bearer_bitmask=0 numeric=40535 name=TA TA DoCoMo mcc=405 apn=TATA.DOCOMO.INTERNET type=default,supl
09-12 23:47:49.322  4923  4923 E TelephonyProvider: dbh.selectConflictingRow: Expected 1 but found 0 matching rows found for cv mnc=36 sub_id=-1 bearer_bitmask=0 numeric=40536 name=TA TA DoCoMo mcc=405 apn=TATA.DOCOMO.INTERNET type=default,supl
09-12 23:47:49.325  4923  4923 E TelephonyProvider: dbh.selectConflictingRow: Expected 1 but found 0 matching rows found for cv mnc=37 sub_id=-1 bearer_bitmask=0 numeric=40537 name=TA TA DoCoMo mcc=405 apn=TATA.DOCOMO.INTERNET type=default,supl
09-12 23:47:49.327  4923  4923 E TelephonyProvider: dbh.selectConflictingRow: Expected 1 but found 0 matching rows found for cv mnc=38 sub_id=-1 bearer_bitmask=0 numeric=40538 name=TA TA DoCoMo mcc=405 apn=TATA.DOCOMO.INTERNET type=default,supl
09-12 23:47:49.330  4923  4923 E TelephonyProvider: dbh.selectConflictingRow: Expected 1 but found 0 matching rows found for cv mnc=39 sub_id=-1 bearer_bitmask=0 numeric=40539 name=TA TA DoCoMo mcc=405 apn=TATA.DOCOMO.INTERNET type=default,supl
09-12 23:47:49.333  4923  4923 E TelephonyProvider: dbh.selectConflictingRow: Expected 1 but found 0 matching rows found for cv mnc=40 sub_id=-1 bearer_bitmask=0 numeric=40540 name=TA TA DoCoMo mcc=405 apn=TATA.DOCOMO.INTERNET type=default,supl
09-12 23:47:49.334  4760  4876 I LatinIME:LogUtils: Dictionary info: dictionary = main:en ; version = 54 ; date = 1414726273
09-12 23:47:49.336  4923  4923 E TelephonyProvider: dbh.selectConflictingRow: Expected 1 but found 0 matching rows found for cv mnc=41 sub_id=-1 bearer_bitmask=0 numeric=40541 name=TA TA DoCoMo mcc=405 apn=TATA.DOCOMO.INTERNET type=default,supl
09-12 23:47:49.338  4923  4923 E TelephonyProvider: dbh.selectConflictingRow: Expected 1 but found 0 matching rows found for cv mnc=42 sub_id=-1 bearer_bitmask=0 numeric=40542 name=TA TA DoCoMo mcc=405 apn=TATA.DOCOMO.INTERNET type=default,supl
09-12 23:47:49.341  4923  4923 E TelephonyProvider: dbh.selectConflictingRow: Expected 1 but found 0 matching rows found for cv mnc=43 sub_id=-1 bearer_bitmask=0 numeric=40543 name=TA TA DoCoMo mcc=405 apn=TATA.DOCOMO.INTERNET type=default,supl
09-12 23:47:49.343  4923  4923 E TelephonyProvider: dbh.selectConflictingRow: Expected 1 but found 0 matching rows found for cv mnc=44 sub_id=-1 bearer_bitmask=0 numeric=40544 name=TA TA DoCoMo mcc=405 apn=TATA.DOCOMO.INTERNET type=default,supl
09-12 23:47:49.345  4923  4923 E TelephonyProvider: dbh.selectConflictingRow: Expected 1 but found 0 matching rows found for cv mnc=45 sub_id=-1 bearer_bitmask=0 numeric=40545 name=TA TA DoCoMo mcc=405 apn=TATA.DOCOMO.INTERNET type=default,supl
09-12 23:47:49.349  4923  4923 E TelephonyProvider: dbh.selectConflictingRow: Expected 1 but found 0 matching rows found for cv mnc=46 sub_id=-1 bearer_bitmask=0 numeric=40546 name=TA TA DoCoMo mcc=405 apn=TATA.DOCOMO.INTERNET type=default,supl
09-12 23:47:49.354  4923  4923 E TelephonyProvider: dbh.selectConflictingRow: Expected 1 but found 0 matching rows found for cv mnc=47 sub_id=-1 bearer_bitmask=0 numeric=40547 name=TA TA DoCoMo mcc=405 apn=TATA.DOCOMO.INTERNET type=default,supl
09-12 23:47:49.358  4760  4876 I LatinIME:LogUtils: Dictionary info: dictionary = main:en ; version = 54 ; date = 1414726273
09-12 23:47:49.376  4923  4923 E TelephonyProvider: dbh.selectConflictingRow: Expected 1 but found 0 matching rows found for cv mnc=51 mmsport=8799 sub_id=-1 bearer_bitmask=0 mmsc=http://100.1.201.171:10021/mmsc numeric=40551 mmsproxy=100.1.201.172 name=Airtel MMS mcc=405 authtype=1 apn=airtelmms.com type=mms
09-12 23:47:49.379  4923  4923 E TelephonyProvider: dbh.selectConflictingRow: Expected 1 but found 0 matching rows found for cv mnc=52 mmsport=8799 sub_id=-1 bearer_bitmask=0 mmsc=http://100.1.201.171:10021/mmsc numeric=40552 mmsproxy=100.1.201.172 name=Airtel MMS mcc=405 authtype=1 apn=airtelmms.com type=mms
09-12 23:47:49.381  4923  4923 E TelephonyProvider: dbh.selectConflictingRow: Expected 1 but found 0 matching rows found for cv mnc=53 mmsport=8799 sub_id=-1 bearer_bitmask=0 mmsc=http://100.1.201.171:10021/mmsc numeric=40553 mmsproxy=100.1.201.172 name=Airtel MMS mcc=405 authtype=1 apn=airtelmms.com type=mms
09-12 23:47:49.383  4923  4923 E TelephonyProvider: dbh.selectConflictingRow: Expected 1 but found 0 matching rows found for cv mnc=54 mmsport=8799 sub_id=-1 bearer_bitmask=0 mmsc=http://100.1.201.171:10021/mmsc numeric=40554 mmsproxy=100.1.201.172 name=Airtel MMS mcc=405 authtype=1 apn=airtelmms.com type=mms
09-12 23:47:49.383  4760  4876 I LatinIME:LogUtils: Dictionary info: dictionary = main:en ; version = 54 ; date = 1414726273
09-12 23:47:49.385  4923  4923 E TelephonyProvider: dbh.selectConflictingRow: Expected 1 but found 0 matching rows found for cv mnc=55 mmsport=8799 sub_id=-1 bearer_bitmask=0 mmsc=http://100.1.201.171:10021/mmsc numeric=40555 mmsproxy=100.1.201.172 name=Airtel MMS mcc=405 authtype=1 apn=airtelmms.com type=mms
09-12 23:47:49.387  4923  4923 E TelephonyProvider: dbh.selectConflictingRow: Expected 1 but found 0 matching rows found for cv mnc=56 mmsport=8799 sub_id=-1 bearer_bitmask=0 mmsc=http://100.1.201.171:10021/mmsc numeric=40556 mmsproxy=100.1.201.172 name=Airtel MMS mcc=405 authtype=1 apn=airtelmms.com type=mms
09-12 23:47:49.390  4923  4923 E TelephonyProvider: dbh.selectConflictingRow: Expected 1 but found 0 matching rows found for cv mnc=70 sub_id=-1 bearer_bitmask=0 numeric=40570 name=IDEA mcc=405 apn=internet type=default,supl
09-12 23:47:49.398  4923  4923 E TelephonyProvider: dbh.selectConflictingRow: Expected 1 but found 0 matching rows found for cv mnc=799 sub_id=-1 bearer_bitmask=0 numeric=405799 name=IDEA mcc=405 apn=internet type=default,supl
09-12 23:47:49.400  4923  4923 E TelephonyProvider: dbh.selectConflictingRow: Expected 1 but found 0 matching rows found for cv mnc=800 sub_id=-1 bearer_bitmask=0 numeric=405800 name=Aircel mcc=405 apn=aircelgprs type=default,supl
09-12 23:47:49.403  3577  3577 W System  : ClassLoader referenced unknown path: /system/priv-app/Telecom/lib/arm64
09-12 23:47:49.404  3577  3577 D ApplicationLoaders: ignored Vulkan layer search path /system/priv-app/Telecom/lib/arm64:/system/priv-app/Telecom/Telecom.apk!/lib/arm64-v8a:/system/lib64:/vendor/lib64 for namespace 0x7fab2f6240
09-12 23:47:49.407  4923  4923 E TelephonyProvider: dbh.selectConflictingRow: Expected 1 but found 0 matching rows found for cv mnc=801 sub_id=-1 bearer_bitmask=0 numeric=405801 name=Aircel mcc=405 apn=aircelgprs type=default,supl
09-12 23:47:49.409  4760  4876 I LatinIME:LogUtils: Dictionary info: dictionary = main:en ; version = 54 ; date = 1414726273
09-12 23:47:49.409  4923  4923 E TelephonyProvider: dbh.selectConflictingRow: Expected 1 but found 0 matching rows found for cv mnc=802 sub_id=-1 bearer_bitmask=0 numeric=405802 name=Aircel mcc=405 apn=aircelgprs type=default,supl
09-12 23:47:49.412  4923  4923 E TelephonyProvider: dbh.selectConflictingRow: Expected 1 but found 0 matching rows found for cv mnc=803 sub_id=-1 bearer_bitmask=0 numeric=405803 name=Aircel mcc=405 apn=aircelgprs type=default,supl
09-12 23:47:49.413  4776  4776 D PhoneStatusBar: disable: < expand* icons alerts system_info back* home* recent* clock search* quick_settings >
09-12 23:47:49.416  4923  4923 E TelephonyProvider: dbh.selectConflictingRow: Expected 1 but found 0 matching rows found for cv mnc=804 sub_id=-1 bearer_bitmask=0 numeric=405804 name=Aircel mcc=405 apn=aircelgprs type=default,supl
09-12 23:47:49.418  4923  4923 E TelephonyProvider: dbh.selectConflictingRow: Expected 1 but found 0 matching rows found for cv mnc=805 sub_id=-1 bearer_bitmask=0 numeric=405805 name=Aircel mcc=405 apn=aircelgprs type=default,supl
09-12 23:47:49.420  4923  4923 E TelephonyProvider: dbh.selectConflictingRow: Expected 1 but found 0 matching rows found for cv mnc=806 sub_id=-1 bearer_bitmask=0 numeric=405806 name=Aircel mcc=405 apn=aircelgprs type=default,supl
09-12 23:47:49.423  4923  4923 E TelephonyProvider: dbh.selectConflictingRow: Expected 1 but found 0 matching rows found for cv mnc=807 sub_id=-1 bearer_bitmask=0 numeric=405807 name=Aircel mcc=405 apn=aircelgprs type=default,supl
09-12 23:47:49.423  3577  3577 D BluetoothManagerService: Trying to bind to profile: 1, while Bluetooth was disabled
09-12 23:47:49.425  4923  4923 E TelephonyProvider: dbh.selectConflictingRow: Expected 1 but found 0 matching rows found for cv mnc=808 sub_id=-1 bearer_bitmask=0 numeric=405808 name=Aircel mcc=405 apn=aircelgprs type=default,supl
09-12 23:47:49.427  4923  4923 E TelephonyProvider: dbh.selectConflictingRow: Expected 1 but found 0 matching rows found for cv mnc=809 sub_id=-1 bearer_bitmask=0 numeric=405809 name=Aircel mcc=405 apn=aircelgprs type=default,supl
09-12 23:47:49.428  3577  3577 I Telecom : SystemStateProvider: Registering car mode receiver: android.content.IntentFilter@d4dfbf5: TS.init@AAA
09-12 23:47:49.433  4923  4923 E TelephonyProvider: dbh.selectConflictingRow: Expected 1 but found 0 matching rows found for cv mnc=810 sub_id=-1 bearer_bitmask=0 numeric=405810 name=Aircel mcc=405 apn=aircelgprs type=default,supl
09-12 23:47:49.434  4760  4876 I LatinIME:LogUtils: Dictionary info: dictionary = main:en ; version = 54 ; date = 1414726273
09-12 23:47:49.436  4923  4923 E TelephonyProvider: dbh.selectConflictingRow: Expected 1 but found 0 matching rows found for cv mnc=811 sub_id=-1 bearer_bitmask=0 numeric=405811 name=Aircel mcc=405 apn=aircelgprs type=default,supl
09-12 23:47:49.436  3577  5155 I Telecom : Telecom: Non-call EVENT: AUDIO_ROUTE, Entering state QuiescentEarpieceRoute
09-12 23:47:49.439  3577  5157 I Telecom : CallAudioModeStateMachine: Message received: null.: TS.init->CAMSM.pM_1@AAA_0
09-12 23:47:49.440  4923  4923 E TelephonyProvider: dbh.selectConflictingRow: Expected 1 but found 0 matching rows found for cv mnc=812 sub_id=-1 bearer_bitmask=0 numeric=405812 name=Aircel mcc=405 apn=aircelgprs type=default,supl
09-12 23:47:49.450  4923  4923 E TelephonyProvider: dbh.selectConflictingRow: Expected 1 but found 0 matching rows found for cv mnc=845 sub_id=-1 bearer_bitmask=0 numeric=405845 name=IDEA mcc=405 apn=internet type=default,supl
09-12 23:47:49.453  4923  4923 E TelephonyProvider: dbh.selectConflictingRow: Expected 1 but found 0 matching rows found for cv mnc=846 sub_id=-1 bearer_bitmask=0 numeric=405846 name=IDEA mcc=405 apn=internet type=default,supl
09-12 23:47:49.455  4923  4923 E TelephonyProvider: dbh.selectConflictingRow: Expected 1 but found 0 matching rows found for cv mnc=847 sub_id=-1 bearer_bitmask=0 numeric=405847 name=IDEA mcc=405 apn=internet type=default,supl
09-12 23:47:49.457  4923  4923 E TelephonyProvider: dbh.selectConflictingRow: Expected 1 but found 0 matching rows found for cv mnc=848 sub_id=-1 bearer_bitmask=0 numeric=405848 name=IDEA mcc=405 apn=internet type=default,supl
09-12 23:47:49.458  4923  4923 E TelephonyProvider: dbh.selectConflictingRow: Expected 1 but found 0 matching rows found for cv mnc=849 sub_id=-1 bearer_bitmask=0 numeric=405849 name=IDEA mcc=405 apn=internet type=default,supl
09-12 23:47:49.460  4760  4876 I LatinIME:LogUtils: Dictionary info: dictionary = main:en ; version = 54 ; date = 1414726273
09-12 23:47:49.460  4923  4923 E TelephonyProvider: dbh.selectConflictingRow: Expected 1 but found 0 matching rows found for cv mnc=850 sub_id=-1 bearer_bitmask=0 numeric=405850 name=IDEA mcc=405 apn=internet type=default,supl
09-12 23:47:49.462  4923  4923 E TelephonyProvider: dbh.selectConflictingRow: Expected 1 but found 0 matching rows found for cv mnc=851 sub_id=-1 bearer_bitmask=0 numeric=405851 name=IDEA mcc=405 apn=internet type=default,supl
09-12 23:47:49.465  4923  4923 E TelephonyProvider: dbh.selectConflictingRow: Expected 1 but found 0 matching rows found for cv mnc=852 sub_id=-1 bearer_bitmask=0 numeric=405852 name=IDEA mcc=405 apn=internet type=default,supl
09-12 23:47:49.467  4923  4923 E TelephonyProvider: dbh.selectConflictingRow: Expected 1 but found 0 matching rows found for cv mnc=853 sub_id=-1 bearer_bitmask=0 numeric=405853 name=IDEA mcc=405 apn=internet type=default,supl
09-12 23:47:49.473  3577  3577 I Telecom : ViceNotificationImpl: ViceNotificationImpl: TS.init@AAA
09-12 23:47:49.477  3577  5159 E ActivityThread: Failed to find provider info for call_log
09-12 23:47:49.477  3577  3577 D BluetoothManagerService: Trying to bind to profile: 1, while Bluetooth was disabled
09-12 23:47:49.481  3577  3577 I Telecom : Class: TelecomSystem.INSTANCE being set
09-12 23:47:49.482  3577  3577 W ContextImpl: Calling a method in the system process without a qualified user: android.app.ContextImpl.startService:1357 android.content.ContextWrapper.startService:613 com.android.server.telecom.components.TelecomService.initializeTelecomSystem:196 com.android.server.telecom.components.TelecomService.onBind:64 android.app.ActivityThread.handleBindService:3243 
09-12 23:47:49.485  4760  4876 I LatinIME:LogUtils: Dictionary info: dictionary = main:en ; version = 54 ; date = 1414726273
09-12 23:47:49.486  4923  4923 E TelephonyProvider: dbh.selectConflictingRow: Expected 1 but found 0 matching rows found for cv password=mic1 mnc=01 sub_id=-1 bearer_bitmask=0 numeric=41501 name=Alfa mcc=415 apn=internet.mic1.com.lb type=default,supl user=mic1
09-12 23:47:49.487  4923  4923 E TelephonyProvider: dbh.selectConflictingRow: Expected 1 but found 0 matching rows found for cv password=mic1 mnc=01 sub_id=-1 bearer_bitmask=0 proxy=192.168.23.50 numeric=41501 name=Alfa WAP port=80 mcc=415 apn=wap.mic1.com.lb type=default,supl user=mic1
09-12 23:47:49.488  4923  4923 E TelephonyProvider: dbh.selectConflictingRow: Expected 1 but found 0 matching rows found for cv mnc=03 sub_id=-1 bearer_bitmask=0 numeric=41503 name=mtc touch mcc=415 apn=gprs.mtctouch.com.lb type=default,supl
09-12 23:47:49.492  3577  3577 D BluetoothManagerService: Bluetooth Adapter name changed to Samsung Galaxy S7 Edge
09-12 23:47:49.493  3577  3577 D BluetoothManagerService: Stored Bluetooth name: Samsung Galaxy S7 Edge
09-12 23:47:49.493  3577  3577 D BluetoothManagerService: BluetoothServiceConnection: com.android.bluetooth.btservice.AdapterService
09-12 23:47:49.493  4923  4923 E TelephonyProvider: dbh.selectConflictingRow: Expected 1 but found 0 matching rows found for cv mnc=02 sub_id=-1 bearer_bitmask=0 numeric=41702 name=MTN SY mcc=417 apn=internet type=default,supl
09-12 23:47:49.493  3577  3682 D BluetoothManagerService: MESSAGE_BLUETOOTH_SERVICE_CONNECTED: 1
09-12 23:47:49.494  3577  3682 D BluetoothManagerService: MESSAGE_GET_NAME_AND_ADDRESS
09-12 23:47:49.499  4923  4923 E TelephonyProvider: dbh.selectConflictingRow: Expected 1 but found 0 matching rows found for cv password=korek mnc=40 sub_id=-1 bearer_bitmask=0 numeric=41840 name=Korek GPRS mcc=418 apn=net.korek.com type=default,supl user=korek
09-12 23:47:49.499  3577  3682 D BluetoothManagerService: Stored Bluetooth name: Samsung Galaxy S7 Edge
09-12 23:47:49.500  3577  3682 D BluetoothManagerService: Stored Bluetoothaddress: 90:06:28:83:34:F4
09-12 23:47:49.500  3577  3682 D BluetoothManagerService: unbindAndFinish(): android.bluetooth.IBluetooth$Stub$Proxy@777566d mBinding = false mUnbinding = false
09-12 23:47:49.502  4923  4923 E TelephonyProvider: dbh.selectConflictingRow: Expected 1 but found 0 matching rows found for cv password=pps mnc=02 sub_id=-1 bearer_bitmask=0 numeric=41902 name=Zain KW mcc=419 apn=pps type=default,supl user=pps
09-12 23:47:49.507  4736  4736 W BluetoothAdapterService: onUnbind, calling cleanup
09-12 23:47:49.508  4736  4736 D BluetoothAdapterService: cleanup()
09-12 23:47:49.508  3577  3577 W System  : ClassLoader referenced unknown path: /system/priv-app/FusedLocation/lib/arm64
09-12 23:47:49.509  3577  3577 D ApplicationLoaders: ignored Vulkan layer search path /system/priv-app/FusedLocation/lib/arm64:/system/priv-app/FusedLocation/FusedLocation.apk!/lib/arm64-v8a:/system/lib64:/vendor/lib64 for namespace 0x7fab2f62b0
09-12 23:47:49.510  4736  4736 W BluetoothSdpJni: Cleaning up Bluetooth SDP Interface...
09-12 23:47:49.510  4736  4736 W BluetoothSdpJni: Cleaning up Bluetooth SDP object
09-12 23:47:49.510  4736  4736 D BluetoothAdapterService: cleanup() - Cleaning up adapter native
09-12 23:47:49.510  4736  4754 I bt_stack_manager: event_clean_up_stack is cleaning up the stack
09-12 23:47:49.514  4760  4876 I LatinIME:LogUtils: Dictionary info: dictionary = main:en ; version = 54 ; date = 1414726273
09-12 23:47:49.517  4923  4923 E TelephonyProvider: dbh.selectConflictingRow: Expected 1 but found 0 matching rows found for cv password=test mnc=03 sub_id=-1 bearer_bitmask=0 numeric=42203 name=Nawras mcc=422 apn=isp.nawras.com.om type=default,supl user=test
09-12 23:47:49.518  4736  4754 E BluetoothServiceJni: Callback env check fail: env: 0x0, callback: 0xed785770
09-12 23:47:49.518  4736  4754 E BluetoothServiceJni: Callback: 'callback_thread_event' is not called on the correct thread
09-12 23:47:49.518  4736  4759 W bt_osi_thread: run_thread: thread id 4759, thread name bt_jni_workqueue exited
09-12 23:47:49.519  4736  4754 I bt_core_module: module_clean_up Cleaning up module "stack_config_module"
09-12 23:47:49.519  4736  4754 I bt_core_module: module_clean_up Cleanup of module "stack_config_module" completed
09-12 23:47:49.519  4923  4923 E TelephonyProvider: dbh.selectConflictingRow: Expected 1 but found 0 matching rows found for cv mnc=02 sub_id=-1 bearer_bitmask=0 numeric=42402 name=Etisalat UAE mcc=424 authtype=1 apn=etisalat.ae type=default,supl
09-12 23:47:49.519  4736  4754 I bt_core_module: module_clean_up Cleaning up module "interop_module"
09-12 23:47:49.519  4736  4754 I bt_core_module: module_clean_up Cleanup of module "interop_module" completed
09-12 23:47:49.520  4736  4754 I bt_core_module: module_clean_up Cleaning up module "btif_config_module"
09-12 23:47:49.524  3577  3577 D GpsNetInitiatedHandler: location enabled :true
09-12 23:47:49.524  3577  3577 V WiredAccessoryManager: init()
09-12 23:47:49.527  4923  4923 E TelephonyProvider: dbh.selectConflictingRow: Expected 1 but found 0 matching rows found for cv password=pcl mnc=03 sub_id=-1 bearer_bitmask=0 mmsc= proxy= numeric=42503 name=Pelephone port= mcc=425 apn=internet.pelephone.net.il type=default,supl user=pcl@3g
09-12 23:47:49.528  4923  4923 E TelephonyProvider: dbh.selectConflictingRow: Expected 1 but found 0 matching rows found for cv password=pcl sub_id=-1 bearer_bitmask=0 mmsc=http://mmsu.pelephone.net.il numeric=42503 user=pcl@3g mnc=03 mmsport=9093 proxy= mmsproxy=10.170.9.54 name=Pelephone MMS server=pelephone port= mcc=425 apn=mms.pelephone.net.il type=mms
09-12 23:47:49.534  4923  4923 E TelephonyProvider: dbh.selectConflictingRow: Expected 1 but found 0 matching rows found for cv password=internet mnc=02 sub_id=-1 bearer_bitmask=0 numeric=42602 name=MTC Vodafone BH mcc=426 apn=internet type=default,supl user=internet
09-12 23:47:49.537  4923  4923 E TelephonyProvider: dbh.selectConflictingRow: Expected 1 but found 0 matching rows found for cv mnc=04 sub_id=-1 bearer_bitmask=0 numeric=42604 name=Viva BH mcc=426 apn=viva.bh type=default,supl
09-12 23:47:49.540  4760  4876 I LatinIME:LogUtils: Dictionary info: dictionary = main:en ; version = 54 ; date = 1414726273
09-12 23:47:49.540  4923  4923 E TelephonyProvider: dbh.selectConflictingRow: Expected 1 but found 0 matching rows found for cv mnc=02 sub_id=-1 bearer_bitmask=0 numeric=42702 name=Vodafone QA mcc=427 apn=web.vodafone.com.qa type=default,supl
09-12 23:47:49.541  4736  4754 I bt_core_module: module_clean_up Cleanup of module "btif_config_module" completed
09-12 23:47:49.541  4736  4754 I bt_core_module: module_clean_up Cleaning up module "bt_utils_module"
09-12 23:47:49.541  4736  4754 I bt_core_module: module_clean_up Cleanup of module "bt_utils_module" completed
09-12 23:47:49.541  4736  4754 I bt_core_module: module_clean_up Cleaning up module "osi_module"
09-12 23:47:49.541  4736  4758 D bt_osi_alarm: callback_dispatch Callback thread exited
09-12 23:47:49.541  4736  4758 W bt_osi_thread: run_thread: thread id 4758, thread name alarm_dispatcher exited
09-12 23:47:49.542  4736  4757 W bt_osi_thread: run_thread: thread id 4757, thread name alarm_default_ca exited
09-12 23:47:49.542  4923  4923 E TelephonyProvider: dbh.selectConflictingRow: Expected 1 but found 0 matching rows found for cv mnc=01 sub_id=-1 bearer_bitmask=0 numeric=42901 name=Nepal Telecom Internet mcc=429 apn=ntnet type=default,supl
09-12 23:47:49.542  4736  4754 I bt_core_module: module_clean_up Cleanup of module "osi_module" completed
09-12 23:47:49.542  4736  4754 I bt_stack_manager: event_clean_up_stack finished
09-12 23:47:49.542  4736  4736 I BluetoothServiceJni: cleanupNative: return from cleanup
09-12 23:47:49.542  4736  4736 W BluetoothVendorJni: Cleaning up Bluetooth Vendor Interface...
09-12 23:47:49.542  4736  4736 I bt_btif_vendor: cleanup
09-12 23:47:49.543  4736  4736 W BluetoothVendorJni: Cleaning up Bluetooth Vendor callback object
09-12 23:47:49.543  4923  4923 E TelephonyProvider: dbh.selectConflictingRow: Expected 1 but found 0 matching rows found for cv mnc=01 mmsport=8000 sub_id=-1 bearer_bitmask=0 mmsc=http://192.80.11.180 numeric=42901 mmsproxy=192.80.7.133 name=Nepal Telecom MMS mcc=429 apn=ntmms type=mms
09-12 23:47:49.545  4923  4923 E TelephonyProvider: dbh.selectConflictingRow: Expected 1 but found 0 matching rows found for cv mnc=02 mmsport=8080 sub_id=-1 bearer_bitmask=0 mmsc=http://192.168.19.15 numeric=42902 mmsproxy=192.168.19.15 name=Ncell MMS mcc=429 apn=mms type=mms
09-12 23:47:49.545  4736  4736 I art     : System.exit called, status: 0
09-12 23:47:49.545  4736  4736 I AndroidRuntime: VM exiting with result code 0, cleanup skipped.
09-12 23:47:49.546  4923  4923 E TelephonyProvider: dbh.selectConflictingRow: Expected 1 but found 0 matching rows found for cv mnc=02 sub_id=-1 bearer_bitmask=0 numeric=42902 proxy=192.168.19.15 name=Ncell WAP port=8080 mcc=429 apn=web type=default,supl
09-12 23:47:49.551  4923  4923 E TelephonyProvider: dbh.selectConflictingRow: Expected 1 but found 0 matching rows found for cv password=0000 mnc=10 sub_id=-1 bearer_bitmask=0 numeric=44010 name=AsahiNet 3G 128K mcc=440 authtype=3 apn=3g.mobac.net type=default,supl user=d@x3.asahinet.jp
09-12 23:47:49.553  4923  4923 E TelephonyProvider: dbh.selectConflictingRow: Expected 1 but found 0 matching rows found for cv password=0000 mnc=10 sub_id=-1 bearer_bitmask=0 numeric=44010 name=AsahiNet LTE 128K mcc=440 authtype=3 apn=lte.mobac.net type=default,supl user=d@x.asahinet.jp
09-12 23:47:49.555  4923  4923 E TelephonyProvider: dbh.selectConflictingRow: Expected 1 but found 0 matching rows found for cv password=dmm mnc=10 sub_id=-1 bearer_bitmask=0 numeric=44010 name=DMM mobile mcc=440 authtype=3 apn=vmobile.jp type=default,supl user=dmm@dmm.com
09-12 23:47:49.559  4923  4923 E TelephonyProvider: dbh.selectConflictingRow: Expected 1 but found 0 matching rows found for cv password=p123456w mnc=10 sub_id=-1 bearer_bitmask=0 numeric=44010 name=Wonderlink F mcc=440 authtype=1 apn=lte.fenics.jp type=default,supl user=wl@s.lte.fenics.jp
09-12 23:47:49.560  4923  4923 E TelephonyProvider: dbh.selectConflictingRow: Expected 1 but found 0 matching rows found for cv password=p123456w mnc=10 sub_id=-1 bearer_bitmask=0 numeric=44010 name=Wonderlink I mcc=440 authtype=2 apn=vmobile.jp type=default,supl user=wl@wlte.net
09-12 23:47:49.561  4923  4923 E TelephonyProvider: dbh.selectConflictingRow: Expected 1 but found 0 matching rows found for cv password=bmobile mnc=10 sub_id=-1 bearer_bitmask=0 numeric=44010 name=b-mobile aeon mcc=440 authtype=3 apn=bmobile.ne.jp type=default,supl user=bmobile@aeon
09-12 23:47:49.562  4923  4923 E TelephonyProvider: dbh.selectConflictingRow: Expected 1 but found 0 matching rows found for cv password=bmobile mnc=10 sub_id=-1 bearer_bitmask=0 numeric=44010 name=b-mobile am mcc=440 authtype=3 apn=bmobile.ne.jp type=default,supl user=bmobile@am
09-12 23:47:49.563  4923  4923 E TelephonyProvider: dbh.selectConflictingRow: Expected 1 but found 0 matching rows found for cv password=bmobile mnc=10 sub_id=-1 bearer_bitmask=0 numeric=44010 name=b-mobile fr mcc=440 authtype=3 apn=bmobile.ne.jp type=default,supl user=bmobile@fr
09-12 23:47:49.564  4923  4923 E TelephonyProvider: dbh.selectConflictingRow: Expected 1 but found 0 matching rows found for cv password=bmobile mnc=10 sub_id=-1 bearer_bitmask=0 numeric=44010 name=b-mobile spd mcc=440 authtype=3 apn=bmobile.ne.jp type=default,supl user=bmobile@spd
09-12 23:47:49.565  4923  4923 E TelephonyProvider: dbh.selectConflictingRow: Expected 1 but found 0 matching rows found for cv password=bmobile mnc=10 sub_id=-1 bearer_bitmask=0 numeric=44010 name=b-mobile u300 mcc=440 authtype=3 apn=bmobile.ne.jp type=default,supl user=bmobile@u300
09-12 23:47:49.566  4923  4923 E TelephonyProvider: dbh.selectConflictingRow: Expected 1 but found 0 matching rows found for cv password=bmobile mnc=10 sub_id=-1 bearer_bitmask=0 numeric=44010 name=b-mobile xsim mcc=440 authtype=3 apn=bmobile.ne.jp type=default,supl user=bmobile@xsim
09-12 23:47:49.567  4923  4923 E TelephonyProvider: dbh.selectConflictingRow: Expected 1 but found 0 matching rows found for cv password=bmobile mnc=10 sub_id=-1 bearer_bitmask=0 numeric=44010 name=b-mobile zsim mcc=440 authtype=3 apn=bmobile.ne.jp type=default,supl user=bmobile@zsim
09-12 23:47:49.568  4760  4876 I LatinIME:LogUtils: Dictionary info: dictionary = main:en ; version = 54 ; date = 1414726273
09-12 23:47:49.568  4923  4923 E TelephonyProvider: dbh.selectConflictingRow: Expected 1 but found 0 matching rows found for cv password=hi-ho mnc=10 sub_id=-1 bearer_bitmask=0 numeric=44010 name=hi-ho mcc=440 authtype=3 apn=vmobile.jp type=default,supl user=lte@hi-ho
09-12 23:47:49.571  4923  4923 E TelephonyProvider: dbh.selectConflictingRow: Expected 1 but found 0 matching rows found for cv password=vrkt mnc=10 sub_id=-1 bearer_bitmask=0 numeric=44010 name= mcc=440 authtype=3 apn=vdm.jp type=default,supl user=rakuten@vdm
09-12 23:47:49.578  3577  4683 D NotificationSQLiteLog: Pruned event entries: 0
09-12 23:47:49.583  3577  4791 I ActivityManager: Process com.android.bluetooth (pid 4736) has died
09-12 23:47:49.583  3577  4791 D ActivityManager: cleanUpApplicationRecord -- 4736
09-12 23:47:49.588  4923  4923 E TelephonyProvider: dbh.selectConflictingRow: Expected 1 but found 0 matching rows found for cv mnc=00 mmsport=8080 sub_id=-1 bearer_bitmask=0 mmsc=http://192.168.58.171:8002 numeric=45400 mmsproxy=192.168.59.51 name=1O1O mcc=454 authtype=3 apn=mobile type=default,mms,hipri
09-12 23:47:49.590  4923  4923 E TelephonyProvider: dbh.selectConflictingRow: Expected 1 but found 0 matching rows found for cv mnc=00 mmsport=8080 sub_id=-1 bearer_bitmask=0 mmsc=http://192.168.58.171:8002 numeric=45400 mmsproxy=192.168.59.51 name=1O1O mcc=454 authtype=3 apn=mobile type=default,mms,hipri
09-12 23:47:49.591  4923  4923 E TelephonyProvider: dbh.selectConflictingRow: Expected 1 but found 0 matching rows found for cv mnc=00 sub_id=-1 bearer_bitmask=0 numeric=45400 name=1O1O Tethering mcc=454 apn=lte.internet type=dun
09-12 23:47:49.592  4923  4923 E TelephonyProvider: dbh.selectConflictingRow: Expected 1 but found 0 matching rows found for cv mvno_match_data=01010000 sub_id=-1 mvno_type=gid numeric=45400 mmsc=http://192.168.58.171:8002 bearer_bitmask=0 authtype=3 mnc=00 mmsport=8080 mmsproxy=192.168.59.51 name=1O1O mcc=454 apn=mobile type=default,mms,hipri
09-12 23:47:49.593  4923  4923 E TelephonyProvider: dbh.selectConflictingRow: Expected 1 but found 0 matching rows found for cv mvno_match_data=01010000 mnc=00 sub_id=-1 mvno_type=gid bearer_bitmask=0 numeric=45400 name=1O1O Tethering mcc=454 apn=lte.internet type=dun
09-12 23:47:49.593  4760  4876 I LatinIME:LogUtils: Dictionary info: dictionary = main:en ; version = 54 ; date = 1414726273
09-12 23:47:49.594  4923  4923 E TelephonyProvider: dbh.selectConflictingRow: Expected 1 but found 0 matching rows found for cv mnc=00 mmsport=8080 sub_id=-1 bearer_bitmask=0 mmsc=http://192.168.58.171:8002 numeric=45400 mmsproxy=192.168.59.61 name=SUN Mobile mcc=454 authtype=3 apn=SUNMobile type=default,mms
09-12 23:47:49.595  4923  4923 E TelephonyProvider: dbh.selectConflictingRow: Expected 1 but found 0 matching rows found for cv mvno_match_data=01030000 sub_id=-1 mvno_type=gid numeric=45400 mmsc=http://192.168.58.171:8002 bearer_bitmask=0 authtype=3 mnc=00 mmsport=8080 mmsproxy=192.168.59.61 name=SUN Mobile mcc=454 apn=SUNMobile type=default,mms
09-12 23:47:49.599  4923  4923 E TelephonyProvider: dbh.selectConflictingRow: Expected 1 but found 0 matching rows found for cv mnc=02 mmsport=8080 sub_id=-1 bearer_bitmask=0 mmsc=http://192.168.58.171:8002 numeric=45402 mmsproxy=192.168.59.51 name=1O1O mcc=454 authtype=3 apn=mobile type=default,mms,hipri
09-12 23:47:49.601  4923  4923 E TelephonyProvider: dbh.selectConflictingRow: Expected 1 but found 0 matching rows found for cv mnc=02 sub_id=-1 bearer_bitmask=0 numeric=45402 name=1O1O Tethering mcc=454 apn=lte.internet type=dun
09-12 23:47:49.604  4760  4765 I art     : Do partial code cache collection, code=29KB, data=22KB
09-12 23:47:49.604  4760  4765 I art     : After code cache collection, code=26KB, data=21KB
09-12 23:47:49.604  4760  4765 I art     : Increasing code cache capacity to 128KB
09-12 23:47:49.610  4923  4923 E TelephonyProvider: dbh.selectConflictingRow: Expected 1 but found 0 matching rows found for cv mnc=18 mmsport=8080 sub_id=-1 bearer_bitmask=0 mmsc=http://192.168.58.171:8002 numeric=45418 mmsproxy=192.168.59.51 name=1O1O mcc=454 authtype=3 apn=mobile type=default,mms,hipri
09-12 23:47:49.610  4923  4923 E TelephonyProvider: dbh.selectConflictingRow: Expected 1 but found 0 matching rows found for cv mnc=18 sub_id=-1 bearer_bitmask=0 numeric=45418 name=1O1O Tethering mcc=454 apn=lte.internet type=dun
09-12 23:47:49.616  4923  4923 E TelephonyProvider: dbh.selectConflictingRow: Expected 1 but found 0 matching rows found for cv mnc=01 mmsport=8080 sub_id=-1 bearer_bitmask=0 mmsc=http://mms.wap.ctm.net:8002 numeric=45501 mmsproxy=192.168.99.3 name=CTM MMS mcc=455 apn=ctmmms type=mms
09-12 23:47:49.619  4760  4876 I LatinIME:LogUtils: Dictionary info: dictionary = main:en ; version = 54 ; date = 1414726273
09-12 23:47:49.621  4923  4923 E TelephonyProvider: dbh.selectConflictingRow: Expected 1 but found 0 matching rows found for cv mnc=08 sub_id=-1 bearer_bitmask=0 numeric=45608 name=Metfone mcc=456 apn=Metfone type=default,supl
09-12 23:47:49.624  4923  4923 E TelephonyProvider: dbh.selectConflictingRow: Expected 1 but found 0 matching rows found for cv mnc=00 sub_id=-1 bearer_bitmask=0 numeric=46000 name= GPRS (China Mobile) mcc=460 apn=cmnet type=default,supl
09-12 23:47:49.625  4923  4923 E TelephonyProvider: dbh.selectConflictingRow: Expected 1 but found 0 matching rows found for cv mnc=00 sub_id=-1 bearer_bitmask=0 numeric=46000 name=China Mobile mcc=460 apn=cmnet type=default,supl
09-12 23:47:49.626  4923  4923 E TelephonyProvider: dbh.selectConflictingRow: Expected 1 but found 0 matching rows found for cv mnc=00 mmsport=80 sub_id=-1 bearer_bitmask=0 mmsc=http://mmsc.monternet.com mmsproxy=10.0.0.172 numeric=46000 proxy=10.0.0.172 name=China Mobile MMS port=80 mcc=460 apn=cmwap type=mms
09-12 23:47:49.628  4923  4923 E TelephonyProvider: dbh.selectConflictingRow: Expected 1 but found 0 matching rows found for cv password= sub_id=-1 bearer_bitmask=0 numeric=46001 mmsc= authtype=3 user= mnc=01 proxy= name=3g port= mcc=460 apn=3gnet type=default,supl
09-12 23:47:49.630  4923  4923 E TelephonyProvider: dbh.selectConflictingRow: Expected 1 but found 0 matching rows found for cv password= sub_id=-1 bearer_bitmask=0 numeric=46001 mmsc=http://mmsc.myuni.com.cn authtype=3 user= mnc=01 mmsport=80 proxy= mmsproxy=10.0.0.172 name=3g port= mcc=460 apn=3gwap type=mms
09-12 23:47:49.632  4923  4923 E TelephonyProvider: dbh.selectConflictingRow: Expected 1 but found 0 matching rows found for cv mnc=01 mmsport=80 sub_id=-1 bearer_bitmask=0 mmsc=http://mmsc.myuni.com.cn numeric=46001 mmsproxy=10.0.0.172 name=China Unicom MMS mcc=460 apn=uniwap type=mms
09-12 23:47:49.633  4923  4923 E TelephonyProvider: dbh.selectConflictingRow: Expected 1 but found 0 matching rows found for cv mnc=02 sub_id=-1 bearer_bitmask=0 numeric=46002 name= GPRS (China Mobile) mcc=460 apn=cmnet type=default,supl
09-12 23:47:49.635  4923  4923 E TelephonyProvider: dbh.selectConflictingRow: Expected 1 but found 0 matching rows found for cv mnc=02 sub_id=-1 bearer_bitmask=0 numeric=46002 name=China Mobile mcc=460 apn=cmnet type=default,supl
09-12 23:47:49.635  4923  4923 E TelephonyProvider: dbh.selectConflictingRow: Expected 1 but found 0 matching rows found for cv mnc=02 mmsport=80 sub_id=-1 bearer_bitmask=0 mmsc=http://mmsc.monternet.com mmsproxy=10.0.0.172 numeric=46002 proxy=10.0.0.172 name=China Mobile MMS port=80 mcc=460 apn=cmwap type=mms
09-12 23:47:49.636  4923  4923 E TelephonyProvider: dbh.selectConflictingRow: Expected 1 but found 0 matching rows found for cv password= mnc=02 sub_id=-1 bearer_bitmask=0 mmsc= proxy= numeric=46002 name=China Mobile port= mcc=460 apn=cmnet type=default,supl user=
09-12 23:47:49.637  4923  4923 E TelephonyProvider: dbh.selectConflictingRow: Expected 1 but found 0 matching rows found for cv password= sub_id=-1 bearer_bitmask=0 numeric=46002 mmsc=http://mmsc.monternet.com user= mnc=02 mmsport=80 proxy=10.0.0.172 mmsproxy=10.0.0.172 name=China Mobile MMS port=80 mcc=460 apn=cmwap type=mms
09-12 23:47:49.639  4923  4923 E TelephonyProvider: dbh.selectConflictingRow: Expected 1 but found 0 matching rows found for cv password= mnc=07 sub_id=-1 bearer_bitmask=0 numeric=46007 name=China-Mobile mcc=460 authtype=3 apn=cmnet type=default,supl user=
09-12 23:47:49.640  4923  4923 E TelephonyProvider: dbh.selectConflictingRow: Expected 1 but found 0 matching rows found for cv mnc=07 sub_id=-1 bearer_bitmask=0 numeric=46007 name= (China Mobile) GPRS mcc=460 apn=cmnet type=default,supl
09-12 23:47:49.641  4760  4876 I LatinIME:LogUtils: Dictionary info: dictionary = main:en ; version = 54 ; date = 1414726273
09-12 23:47:49.649  4923  4923 E TelephonyProvider: dbh.selectConflictingRow: Expected 1 but found 0 matching rows found for cv mnc=01 sub_id=-1 bearer_bitmask=0 numeric=46601 name=FarEasTone mcc=466 apn=internet type=default,supl
09-12 23:47:49.650  4923  4923 E TelephonyProvider: dbh.selectConflictingRow: Expected 1 but found 0 matching rows found for cv mnc=01 mmsport=9201 sub_id=-1 bearer_bitmask=0 mmsc=http://mms numeric=46601 mmsproxy=210.241.199.199 name=FarEasTone MMS mcc=466 apn=fetnet01 type=mms
09-12 23:47:49.653  4923  4923 E TelephonyProvider: dbh.selectConflictingRow: Expected 1 but found 0 matching rows found for cv mnc=89 sub_id=-1 bearer_bitmask=0 numeric=46689 name=Vibo mcc=466 apn=internet type=default,supl
09-12 23:47:49.654  4923  4923 E TelephonyProvider: dbh.selectConflictingRow: Expected 1 but found 0 matching rows found for cv mnc=89 mmsport=8080 sub_id=-1 bearer_bitmask=0 mmsc=http://mms numeric=46689 mmsproxy=172.24.128.36 name=Vibo mcc=466 apn=vibo type=mms
09-12 23:47:49.656  4923  4923 E TelephonyProvider: dbh.selectConflictingRow: Expected 1 but found 0 matching rows found for cv mnc=92 mmsport=8080 sub_id=-1 bearer_bitmask=0 mmsc=http://mms.emome.net:8002 numeric=46692 mmsproxy=10.1.1.1 name=CHT MMS mcc=466 apn=emome type=mms
09-12 23:47:49.657  4923  4923 E TelephonyProvider: dbh.selectConflictingRow: Expected 1 but found 0 matching rows found for cv mnc=92 sub_id=-1 bearer_bitmask=0 numeric=46692 name=CHT mcc=466 apn=internet type=default,supl
09-12 23:47:49.659  4923  4923 E TelephonyProvider: dbh.selectConflictingRow: Expected 1 but found 0 matching rows found for cv mnc=97 sub_id=-1 bearer_bitmask=0 numeric=46697 name=Taiwan Mobile Internet mcc=466 apn=internet type=default,supl
09-12 23:47:49.660  4923  4923 E TelephonyProvider: dbh.selectConflictingRow: Expected 1 but found 0 matching rows found for cv mnc=97 sub_id=-1 bearer_bitmask=0 numeric=46697 name=Taiwan Mobile mcc=466 apn=twm type=default,supl
09-12 23:47:49.663  4923  4923 E TelephonyProvider: dbh.selectConflictingRow: Expected 1 but found 0 matching rows found for cv mnc=01 sub_id=-1 bearer_bitmask=0 numeric=47001 name=Grameenphone mcc=470 apn=gpinternet type=default,supl
09-12 23:47:49.664  4760  4876 I LatinIME:LogUtils: Dictionary info: dictionary = main:en ; version = 54 ; date = 1414726273
09-12 23:47:49.664  4923  4923 E TelephonyProvider: dbh.selectConflictingRow: Expected 1 but found 0 matching rows found for cv mnc=01 mmsport=8080 sub_id=-1 bearer_bitmask=0 mmsc=http://mms.gpsurf.net/servlets/mms numeric=47001 mmsproxy=10.128.1.2 name=Grameenphone MMS mcc=470 apn=gpmms type=mms
09-12 23:47:49.668  4923  4923 E TelephonyProvider: dbh.selectConflictingRow: Expected 1 but found 0 matching rows found for cv mnc=07 sub_id=-1 bearer_bitmask=0 numeric=47007 name=Warid BD mcc=470 apn=internet type=default,supl
09-12 23:47:49.671  4923  4923 E TelephonyProvider: dbh.selectConflictingRow: Expected 1 but found 0 matching rows found for cv password=wap mnc=12 sub_id=-1 bearer_bitmask=0 numeric=50212 name=Maxis 3G Internet mcc=502 apn=unet type=default,supl user=maxis
09-12 23:47:49.672  4923  4923 E TelephonyProvider: dbh.selectConflictingRow: Expected 1 but found 0 matching rows found for cv password=wap sub_id=-1 bearer_bitmask=0 numeric=50212 mmsc=http://172.16.74.100:10021/mmsc user=maxis mnc=12 mmsport=80 mmsproxy=202.75.133.49 name=Maxis 3G MMS server=202.75.133.49 mcc=502 apn=unet type=mms
09-12 23:47:49.672  3577  3577 E CMHardwareService: Vibrator is not supported
09-12 23:47:49.674  4923  4923 E TelephonyProvider: dbh.selectConflictingRow: Expected 1 but found 0 matching rows found for cv password=mms mnc=16 mmsport=80 sub_id=-1 bearer_bitmask=0 mmsc=http://mms.digi.com.my/servlets/mms mmsproxy=203.92.128.160 numeric=50216 name=Digi MMS mcc=502 apn=digimms type=mms user=mms
09-12 23:47:49.675  3577  3577 E CMHardwareService: Vibrator is not supported
09-12 23:47:49.676  4923  4923 E TelephonyProvider: dbh.selectConflictingRow: Expected 1 but found 0 matching rows found for cv mnc=18 sub_id=-1 bearer_bitmask=0 numeric=50218 name=U Mobile Internet mcc=502 apn=my3g type=default,supl
09-12 23:47:49.677  4923  4923 E TelephonyProvider: dbh.selectConflictingRow: Expected 1 but found 0 matching rows found for cv mnc=18 mmsport=8080 sub_id=-1 bearer_bitmask=0 mmsc=http://10.30.3.11/servlets/mms numeric=50218 mmsproxy=10.30.5.11 name=U Mobile MMS mcc=502 apn=my3g type=mms
09-12 23:47:49.678  4923  4923 E TelephonyProvider: dbh.selectConflictingRow: Expected 1 but found 0 matching rows found for cv mnc=19 sub_id=-1 bearer_bitmask=0 numeric=50219 name=Celcom 3G Internet mcc=502 apn=celcom3g type=default,supl
09-12 23:47:49.684  4923  4923 E TelephonyProvider: dbh.selectConflictingRow: Expected 1 but found 0 matching rows found for cv password=* mnc=02 sub_id=-1 bearer_bitmask=0 numeric=50502 server=* name=Optus Internet mcc=505 apn=yesinternet type=default,supl user=*
09-12 23:47:49.686  4923  4923 E TelephonyProvider: dbh.selectConflictingRow: Expected 1 but found 0 matching rows found for cv password= sub_id=-1 bearer_bitmask=0 numeric=50502 mmsc= authtype=3 user= mnc=02 proxy= name=Boost Mobile port= mcc=505 apn=yesinternet type=default,supl
09-12 23:47:49.688  4760  4876 I LatinIME:LogUtils: Dictionary info: dictionary = main:en ; version = 54 ; date = 1414726273
09-12 23:47:49.691  4923  4923 E TelephonyProvider: dbh.selectConflictingRow: Expected 1 but found 0 matching rows found for cv password= mnc=72 sub_id=-1 bearer_bitmask=0 mmsc= proxy= numeric=50572 name=Telstra Internet port= mcc=505 apn=Telstra.wap type=default,supl user=
09-12 23:47:49.693  3577  3577 D ConditionProviders.SCP: onSubscribe condition://android/schedule?days=6.7&start=23.30&end=10.0&exitAtAlarm=false
09-12 23:47:49.694  3577  3675 D libgps  : agps_set_server: Waiting for IPC connection - timeout
09-12 23:47:49.694  3577  3577 D ConditionProviders.SCP: setRegistered true
09-12 23:47:49.694  3577  3675 E libgps  : LIBGPS: Cannot communicate (write) with a GPSD
09-12 23:47:49.695  3577  3675 E libgps  : IPC Communication Error, ../../../../tmp/15194007_282637/allPartners/os/android/gps_interface/gpsi_client/GpsiClient.cpp:1685 agps_set_server
09-12 23:47:49.696  3577  3577 D ConditionProviders.SCP: notifyCondition condition://android/schedule?days=6.7&start=23.30&end=10.0&exitAtAlarm=false STATE_FALSE reason=!meetsSchedule
09-12 23:47:49.698  3577  4684 E ActivityThread: Failed to find provider info for com.android.calendar
09-12 23:47:49.698  4923  4923 E TelephonyProvider: dbh.selectConflictingRow: Expected 1 but found 0 matching rows found for cv password=indosat mnc=01 sub_id=-1 bearer_bitmask=0 numeric=51001 name=Indosat GPRS mcc=510 apn=indosatgprs type=default,supl user=indosat
09-12 23:47:49.698  3577  4684 E ActivityThread: Failed to find provider info for com.android.calendar
09-12 23:47:49.699  4923  4923 E TelephonyProvider: dbh.selectConflictingRow: Expected 1 but found 0 matching rows found for cv password=indosat mnc=01 mmsport=8080 sub_id=-1 bearer_bitmask=0 mmsc=http://mmsc.indosat.com mmsproxy=10.19.19.19 numeric=51001 name=Indosat MMS mcc=510 apn=indosatmms type=mms user=indosat
09-12 23:47:49.699  3577  3577 D ConditionProviders.SCP: Scheduling evaluate for Wed Sep 13 10:00:00 GMT+00:00 2017 (1505296800000), in +10h12m10s306ms, now=Tue Sep 12 23:47:49 GMT+00:00 2017 (1505260069694)
09-12 23:47:49.699  3577  3577 I BrokerableCMSystemService: Implementation service connected
09-12 23:47:49.699  3577  3577 D ConditionProviders.SCP: onSubscribe condition://android/schedule?days=1.2.3.4.5&start=22.0&end=7.0&exitAtAlarm=false
09-12 23:47:49.700  3577  3675 D GnssLocationProvider: GPS configuration:
09-12 23:47:49.700  3577  3675 D GnssLocationProvider:  #Tue Sep 12 23:47:49 GMT+00:00 2017
09-12 23:47:49.700  3577  3675 D GnssLocationProvider: SUPL_VER=0x20000
09-12 23:47:49.700  3577  3675 D GnssLocationProvider: SUPL_PORT=7275
09-12 23:47:49.700  3577  3675 D GnssLocationProvider: XTRA_SERVER_2=http\://gllto2.glpals.com/4day/v4/latest/lto2.dat
09-12 23:47:49.700  3577  3675 D GnssLocationProvider: XTRA_SERVER_1=http\://gllto1.glpals.com/4day/v4/latest/lto2.dat
09-12 23:47:49.700  3577  3675 D GnssLocationProvider: SUPL_HOST=supl.google.com
09-12 23:47:49.700  3577  3675 D GnssLocationProvider: SUPL_MODE=1
09-12 23:47:49.700  3577  3675 D GnssLocationProvider: NTP_SERVER=north-america.pool.ntp.org
09-12 23:47:49.700  3577  3675 D libgps  : SendGpsExtensionMessage: Waiting for IPC connection...
09-12 23:47:49.701  3577  3577 D ConditionProviders.SCP: notifyCondition condition://android/schedule?days=6.7&start=23.30&end=10.0&exitAtAlarm=false STATE_FALSE reason=!meetsSchedule
09-12 23:47:49.702  4923  4923 E TelephonyProvider: dbh.selectConflictingRow: Expected 1 but found 0 matching rows found for cv password=123456 mnc=08 sub_id=-1 bearer_bitmask=0 mmsc= proxy= numeric=51008 name=AXIS port= mcc=510 apn=AXIS type=default,supl user=axis
09-12 23:47:49.702  3577  3577 D ConditionProviders.SCP: notifyCondition condition://android/schedule?days=1.2.3.4.5&start=22.0&end=7.0&exitAtAlarm=false STATE_TRUE reason=meetsSchedule
09-12 23:47:49.703  4923  4923 E TelephonyProvider: dbh.selectConflictingRow: Expected 1 but found 0 matching rows found for cv password=123456 sub_id=-1 bearer_bitmask=0 numeric=51008 mmsc=http://mmsc.AXIS user=axis mnc=08 mmsport=8080 proxy= mmsproxy=10.8.3.8 name=AXIS MMS port= mcc=510 apn=AXISmms type=mms
09-12 23:47:49.704  3577  3577 D ConditionProviders.SCP: Scheduling evaluate for Wed Sep 13 07:00:00 GMT+00:00 2017 (1505286000000), in +7h12m10s299ms, now=Tue Sep 12 23:47:49 GMT+00:00 2017 (1505260069701)
09-12 23:47:49.705  4923  4923 E TelephonyProvider: dbh.selectConflictingRow: Expected 1 but found 0 matching rows found for cv mnc=10 sub_id=-1 bearer_bitmask=0 numeric=51010 name=Telkomsel mcc=510 apn=internet type=default,supl
09-12 23:47:49.707  4923  4923 E TelephonyProvider: dbh.selectConflictingRow: Expected 1 but found 0 matching rows found for cv password=proxl mnc=11 mmsport=8080 sub_id=-1 bearer_bitmask=0 mmsc=http://mmc.xl.net.id/servlets/mms mmsproxy=202.152.240.50 numeric=51011 name=XL-MMS mcc=510 apn=www.xlmms.net type=mms user=xlgprs
09-12 23:47:49.710  4923  4923 E TelephonyProvider: dbh.selectConflictingRow: Expected 1 but found 0 matching rows found for cv password=3gprs mnc=89 sub_id=-1 bearer_bitmask=0 numeric=51089 name=3 ID mcc=510 apn=3gprs type=default,supl user=3gprs
09-12 23:47:49.711  4923  4923 E TelephonyProvider: dbh.selectConflictingRow: Expected 1 but found 0 matching rows found for cv password=3data mnc=89 sub_id=-1 bearer_bitmask=0 numeric=51089 name=3 ID INTERNET mcc=510 apn=3data type=default,supl user=3data
09-12 23:47:49.712  4760  4876 I LatinIME:LogUtils: Dictionary info: dictionary = main:en ; version = 54 ; date = 1414726273
09-12 23:47:49.715  4923  4923 E TelephonyProvider: dbh.selectConflictingRow: Expected 1 but found 0 matching rows found for cv mnc=03 sub_id=-1 bearer_bitmask=0 numeric=51503 name=SMART(3G) Internet prepaid mcc=515 apn=internet type=default,supl
09-12 23:47:49.716  4923  4923 E TelephonyProvider: dbh.selectConflictingRow: Expected 1 but found 0 matching rows found for cv password=smartwap sub_id=-1 bearer_bitmask=0 numeric=51503 mmsc=http://10.102.61.238:8002 authtype=1 user=smartwap mnc=03 mmsport=8080 mmsproxy=10.102.61.46 name=SMART(3G) MMS prepaid mcc=515 apn=mms type=mms
09-12 23:47:49.717  4923  4923 E TelephonyProvider: dbh.selectConflictingRow: Expected 1 but found 0 matching rows found for cv mnc=03 sub_id=-1 bearer_bitmask=0 numeric=51503 proxy=10.102.61.46 name=SMART(3G) HTTP postpaid port=9201 mcc=515 authtype=1 apn=smart1 type=default
09-12 23:47:49.719  4923  4923 E TelephonyProvider: dbh.selectConflictingRow: Expected 1 but found 0 matching rows found for cv mnc=05 sub_id=-1 bearer_bitmask=0 numeric=51505 name=Sun Streaming mcc=515 apn=minternet type=default,supl
09-12 23:47:49.725  3577  3577 D RttService: SCAN_AVAILABLE : 3
09-12 23:47:49.725  3577  4676 D wifi    : failed to get capabilities : -95
09-12 23:47:49.725  3577  4677 D RttService: DefaultState got{ when=0 what=160512 target=com.android.internal.util.StateMachine$SmHandler }
09-12 23:47:49.729  3577  3577 I Telecom : WiredHeadsetManager: ACTION_HEADSET_PLUG event, plugged in: false, : WHC.oADA@AAE
09-12 23:47:49.729  3577  4676 I WifiScanningService: wifi driver loaded with scan capabilities: max buckets=16
09-12 23:47:49.734  4923  4923 E TelephonyProvider: dbh.selectConflictingRow: Expected 1 but found 0 matching rows found for cv password=user123 sub_id=-1 bearer_bitmask=0 numeric=52503 mmsc=http://mmsgw:8002 authtype=1 user=65 mnc=03 mmsport=8080 mmsproxy=172.16.14.10 name=M1 MMS mcc=525 apn=miworld type=mms
09-12 23:47:49.734  3577  3577 I ActivityManager: user 0 is still locked. Cannot load recents
09-12 23:47:49.735  4923  4923 E TelephonyProvider: dbh.selectConflictingRow: Expected 1 but found 0 matching rows found for cv mnc=03 sub_id=-1 bearer_bitmask=0 numeric=52503 name=M1 mcc=525 apn=sunsurf type=default,supl
09-12 23:47:49.736  4923  4923 E TelephonyProvider: dbh.selectConflictingRow: Expected 1 but found 0 matching rows found for cv mnc=03 sub_id=-1 bearer_bitmask=0 numeric=52503 name=Sunsurf Internet mcc=525 apn=sunsurf type=default,supl
09-12 23:47:49.737  4760  4876 I LatinIME:LogUtils: Dictionary info: dictionary = main:en ; version = 54 ; date = 1414726273
09-12 23:47:49.741  4923  4923 E TelephonyProvider: dbh.selectConflictingRow: Expected 1 but found 0 matching rows found for cv mnc=01 sub_id=-1 bearer_bitmask=0 numeric=53001 name=Vodafone NZ mcc=530 apn=www.vodafone.net.nz type=default,supl
