09-17 21:02:53.696  3743  3743 F DEBUG   :     #06 pc 00009c43  /system/bin/linker (__dl__ZL29__linker_init_post_relocationR19KernelArgumentBlockj+3146)
09-17 21:02:53.696  3743  3743 F DEBUG   :     #07 pc 00008f63  /system/bin/linker (__dl___linker_init+358)
09-17 21:02:53.696  3743  3743 F DEBUG   :     #08 pc 000027c0  /system/bin/linker (_start+4)
09-17 21:02:53.705  3689  3689 D ICU     : No timezone override file found: /data/misc/zoneinfo/current/icu/icu_tzdata.dat
09-17 21:02:53.729  3689  3689 W art     : Before Android 4.1, method double java.util.concurrent.ThreadLocalRandom.internalNextDouble(double, double) would have incorrectly overridden the package-private method in java.util.Random
09-17 21:02:53.729  3689  3689 W art     : Before Android 4.1, method int java.util.concurrent.ThreadLocalRandom.internalNextInt(int, int) would have incorrectly overridden the package-private method in java.util.Random
09-17 21:02:53.729  3689  3689 W art     : Before Android 4.1, method long java.util.concurrent.ThreadLocalRandom.internalNextLong(long, long) would have incorrectly overridden the package-private method in java.util.Random
09-17 21:02:53.729  3076  3076 W         : debuggerd: resuming target 3690
09-17 21:02:53.735  3160  3160 I ServiceManager: service 'media.audio_flinger' died
09-17 21:02:59.025  3772  3772 F libc    : CANNOT LINK EXECUTABLE "/system/bin/cameraserver": cannot locate symbol "_ZNK7android8hardware7camera26params19OutputConfiguration14getSurfaceTypeEv" referenced by "/system/lib/libcameraservice.so"...
09-17 21:02:59.025  3772  3772 F libc    : Fatal signal 6 (SIGABRT), code -6 in tid 3772 (cameraserver)
09-17 21:02:59.026  3076  3076 W         : debuggerd: handling request: pid=3772 uid=1047 gid=1023 tid=3772
09-17 21:02:59.034  3778  3778 E         : debuggerd: Unable to connect to activity manager (connect failed: No such file or directory)
09-17 21:02:59.037  3777  3777 I Netd    : Netd 1.0 starting
09-17 21:02:59.037  3777  3777 D TetherController: Setting IP forward enable = 0
09-17 21:02:59.039  3777  3777 I QtiConnectivityAdapter: Failed to open libconnctrl, some features may not be present.
09-17 21:02:59.039  3777  3777 E         : Failed to open libdatactrl, some features may not be present.
09-17 21:02:59.039  3777  3777 E         : Failed to open libcsm_data, some features may not be present.
09-17 21:02:59.040  3774  3774 F libc    : CANNOT LINK EXECUTABLE "/system/bin/app_process32": cannot locate symbol "_ZN7android14CameraMetadata14getTagFromNameEPKcPKNS_19VendorTagDescriptorEPj" referenced by "/system/lib/libandroid_runtime.so"...
09-17 21:02:59.040  3774  3774 F libc    : Fatal signal 6 (SIGABRT), code -6 in tid 3774 (app_process32)
09-17 21:02:59.039  3087  3087 W auditd  : type=1325 audit(0.0:220): table=filter family=2 entries=19
09-17 21:02:59.039  3087  3087 W auditd  : type=1320 audit(0.0:220): 
09-17 21:02:59.045  3776  3776 F libc    : CANNOT LINK EXECUTABLE "/system/bin/mediaserver": cannot locate symbol "_ZNK7android8hardware7camera26params19OutputConfiguration14getSurfaceTypeEv" referenced by "/system/lib/libcameraservice.so"...
09-17 21:02:59.045  3776  3776 F libc    : Fatal signal 6 (SIGABRT), code -6 in tid 3776 (mediaserver)
09-17 21:02:59.047  3087  3087 W auditd  : type=1325 audit(0.0:221): table=filter family=10 entries=19
09-17 21:02:59.047  3087  3087 W auditd  : type=1320 audit(0.0:221): 
09-17 21:02:59.051  3087  3087 W auditd  : type=1325 audit(0.0:222): table=filter family=2 entries=18
09-17 21:02:59.051  3087  3087 W auditd  : type=1320 audit(0.0:222): 
09-17 21:02:59.055  3087  3087 W auditd  : type=1325 audit(0.0:223): table=filter family=10 entries=18
09-17 21:02:59.055  3087  3087 W auditd  : type=1320 audit(0.0:223): 
09-17 21:02:59.059  3087  3087 W auditd  : type=1325 audit(0.0:224): table=filter family=2 entries=18
09-17 21:02:59.059  3087  3087 W auditd  : type=1320 audit(0.0:224): 
09-17 21:02:59.063  3087  3087 W auditd  : type=1325 audit(0.0:225): table=filter family=10 entries=18
09-17 21:02:59.063  3087  3087 W auditd  : type=1320 audit(0.0:225): 
09-17 21:02:59.071  3087  3087 W auditd  : type=1325 audit(0.0:226): table=filter family=2 entries=16
09-17 21:02:59.071  3087  3087 W auditd  : type=1320 audit(0.0:226): 
09-17 21:02:59.075  3087  3087 W auditd  : type=1325 audit(0.0:227): table=filter family=10 entries=16
09-17 21:02:59.075  3087  3087 W auditd  : type=1320 audit(0.0:227): 
09-17 21:02:59.079  3087  3087 W auditd  : type=1325 audit(0.0:228): table=filter family=2 entries=18
09-17 21:02:59.079  3087  3087 W auditd  : type=1320 audit(0.0:228): 
09-17 21:02:59.084  3778  3778 F DEBUG   : *** *** *** *** *** *** *** *** *** *** *** *** *** *** *** ***
09-17 21:02:59.084  3778  3778 F DEBUG   : LineageOS Version: '14.1-20170917-UNOFFICIAL-dream2lte'
09-17 21:02:59.084  3778  3778 F DEBUG   : Build fingerprint: 'samsung/dream2ltexx/dream2lte:7.0/NRD90M/G955FXXU1AQH3:user/release-keys'
09-17 21:02:59.084  3778  3778 F DEBUG   : Revision: '0'
09-17 21:02:59.085  3778  3778 F DEBUG   : ABI: 'arm'
09-17 21:02:59.085  3778  3778 F DEBUG   : pid: 3772, tid: 3772, name: cameraserver  >>> /system/bin/cameraserver <<<
09-17 21:02:59.085  3778  3778 F DEBUG   : signal 6 (SIGABRT), code -6 (SI_TKILL), fault addr --------
09-17 21:02:59.085  3778  3778 F DEBUG   :     r0 00000000  r1 00000ebc  r2 00000006  r3 00000008
09-17 21:02:59.085  3778  3778 F DEBUG   :     r4 f721e58c  r5 00000006  r6 f721e534  r7 0000010c
09-17 21:02:59.085  3778  3778 F DEBUG   :     r8 ff8f05b8  r9 00000001  sl ff8f05e0  fp f71ab010
09-17 21:02:59.085  3778  3778 F DEBUG   :     ip 00000000  sp ff8f0550  lr f71fdf8f  pc f71fe9a8  cpsr 200f0010
09-17 21:02:59.089  3778  3778 F DEBUG   : 
09-17 21:02:59.089  3778  3778 F DEBUG   : backtrace:
09-17 21:02:59.089  3778  3778 F DEBUG   :     #00 pc 000469a8  /system/bin/linker (__dl_tgkill+12)
09-17 21:02:59.089  3778  3778 F DEBUG   :     #01 pc 00045f8b  /system/bin/linker (__dl_pthread_kill+34)
09-17 21:02:59.089  3778  3778 F DEBUG   :     #02 pc 0003e32f  /system/bin/linker (__dl_raise+10)
09-17 21:02:59.089  3778  3778 F DEBUG   :     #03 pc 0003cdeb  /system/bin/linker (__dl___libc_android_abort+34)
09-17 21:02:59.089  3778  3778 F DEBUG   :     #04 pc 0003bbbc  /system/bin/linker (__dl_abort+4)
09-17 21:02:59.089  3778  3778 F DEBUG   :     #05 pc 0003de2b  /system/bin/linker (__dl___libc_fatal+22)
09-17 21:02:59.089  3778  3778 F DEBUG   :     #06 pc 00009c43  /system/bin/linker (__dl__ZL29__linker_init_post_relocationR19KernelArgumentBlockj+3146)
09-17 21:02:59.089  3778  3778 F DEBUG   :     #07 pc 00008f63  /system/bin/linker (__dl___linker_init+358)
09-17 21:02:59.089  3778  3778 F DEBUG   :     #08 pc 000027c0  /system/bin/linker (_start+4)
09-17 21:02:59.087  3087  3087 W auditd  : type=1325 audit(0.0:229): table=filter family=10 entries=18
09-17 21:02:59.087  3087  3087 W auditd  : type=1320 audit(0.0:229): 
09-17 21:02:59.095  3775  3775 I         : sMaxFastTracks = 8
09-17 21:02:59.096  3775  3775 I audioserver: ServiceManager: 0xf6419440
09-17 21:02:59.096  3775  3775 W BatteryNotifier: batterystats service unavailable!
09-17 21:02:59.096  3775  3775 I AudioFlinger: Using default 3000 mSec as standby time.
09-17 21:02:59.096  3775  3775 I AudioPolicyService: AudioPolicyService CSTOR in new mode
09-17 21:02:59.096  3775  3775 D AudioInfo: MPS_CODE : SIN, get MPS_CODE
09-17 21:02:59.096  3775  3775 W APM_AudioPolicyManager: mkdir failed for AUDIO_TUNING_PATH
09-17 21:02:59.096  3775  3775 D APM::SoundKitchen: SoundKitchen created
09-17 21:02:59.097  3775  3775 I APM::ConfigParsingUtils: loadAudioPolicyConfig() loaded /vendor/etc/audio_policy.conf
09-17 21:02:59.111  3076  3076 W         : debuggerd: resuming target 3772
09-17 21:02:59.112  3076  3076 W         : debuggerd: handling request: pid=3774 uid=0 gid=0 tid=3774
09-17 21:02:59.121  3804  3804 E         : debuggerd: Unable to connect to activity manager (connect failed: No such file or directory)
09-17 21:02:59.128  3775  3775 V audio_hw_primary_abox: device-adev_open: enter
09-17 21:02:59.128  3775  3775 V DiamondVoice: + diamondvoice_open
09-17 21:02:59.128  3775  3775 D AudioInfo: can not find AudioDataPath for fileName:/DiamondVoice/
09-17 21:02:59.128  3775  3775 V DiamondVoice: There is no DiamondVoice tuning data in CSC 
09-17 21:02:59.128  3775  3775 V DiamondVoice: - diamondvoice_open
09-17 21:02:59.128  3775  3775 I AudioRil: ### mMultiSim : 1
09-17 21:02:59.128  3775  3775 D audio_hw_primary_abox: device-adev_open: Successed to init Voice Manager!
09-17 21:02:59.171  3804  3804 F DEBUG   : *** *** *** *** *** *** *** *** *** *** *** *** *** *** *** ***
09-17 21:02:59.171  3804  3804 F DEBUG   : LineageOS Version: '14.1-20170917-UNOFFICIAL-dream2lte'
09-17 21:02:59.171  3804  3804 F DEBUG   : Build fingerprint: 'samsung/dream2ltexx/dream2lte:7.0/NRD90M/G955FXXU1AQH3:user/release-keys'
09-17 21:02:59.171  3804  3804 F DEBUG   : Revision: '0'
09-17 21:02:59.171  3804  3804 F DEBUG   : ABI: 'arm'
09-17 21:02:59.171  3804  3804 F DEBUG   : pid: 3774, tid: 3774, name: app_process32  >>> /system/bin/app_process32 <<<
09-17 21:02:59.171  3804  3804 F DEBUG   : signal 6 (SIGABRT), code -6 (SI_TKILL), fault addr --------
09-17 21:02:59.172  3804  3804 F DEBUG   :     r0 00000000  r1 00000ebe  r2 00000006  r3 00000008
09-17 21:02:59.172  3804  3804 F DEBUG   :     r4 f714e58c  r5 00000006  r6 f714e534  r7 0000010c
09-17 21:02:59.172  3804  3804 F DEBUG   :     r8 ff9f9be0  r9 00000001  sl ff9f9c10  fp f70db010
09-17 21:02:59.172  3804  3804 F DEBUG   :     ip 00000000  sp ff9f9b78  lr f712df8f  pc f712e9a8  cpsr 200f0010
09-17 21:02:59.175  3804  3804 F DEBUG   : 
09-17 21:02:59.175  3804  3804 F DEBUG   : backtrace:
09-17 21:02:59.175  3804  3804 F DEBUG   :     #00 pc 000469a8  /system/bin/linker (__dl_tgkill+12)
09-17 21:02:59.175  3804  3804 F DEBUG   :     #01 pc 00045f8b  /system/bin/linker (__dl_pthread_kill+34)
09-17 21:02:59.175  3804  3804 F DEBUG   :     #02 pc 0003e32f  /system/bin/linker (__dl_raise+10)
09-17 21:02:59.175  3804  3804 F DEBUG   :     #03 pc 0003cdeb  /system/bin/linker (__dl___libc_android_abort+34)
09-17 21:02:59.176  3804  3804 F DEBUG   :     #04 pc 0003bbbc  /system/bin/linker (__dl_abort+4)
09-17 21:02:59.176  3804  3804 F DEBUG   :     #05 pc 0003de2b  /system/bin/linker (__dl___libc_fatal+22)
09-17 21:02:59.176  3804  3804 F DEBUG   :     #06 pc 00009c43  /system/bin/linker (__dl__ZL29__linker_init_post_relocationR19KernelArgumentBlockj+3146)
09-17 21:02:59.176  3804  3804 F DEBUG   :     #07 pc 00008f63  /system/bin/linker (__dl___linker_init+358)
09-17 21:02:59.176  3804  3804 F DEBUG   :     #08 pc 000027c0  /system/bin/linker (_start+4)
09-17 21:02:59.208  3076  3076 W         : debuggerd: resuming target 3774
09-17 21:02:59.208  3076  3076 W         : debuggerd: handling request: pid=3776 uid=1013 gid=1005 tid=3776
09-17 21:02:59.211  3834  3834 E         : debuggerd: Unable to connect to activity manager (connect failed: No such file or directory)
09-17 21:02:59.212  3834  3834 E         : debuggerd: failed to respond to client: Broken pipe
09-17 21:02:59.212  3834  3834 E         : debuggerd: ptrace detach from 3776 failed: No such process
09-17 21:02:59.212  3076  3076 W         : debuggerd: resuming target 3776
09-17 21:02:59.214  3160  3160 I ServiceManager: service 'media.audio_flinger' died
09-17 21:03:01.630  3182  3182 D wrapperGPS: wrapperisConnected_RILD
09-17 21:03:01.630  3182  3182 D wrapperGPS: wrapperConnect_RILD
09-17 21:03:01.630  3182  3182 D gpsd    : WakeLock(Release,GPSD)
09-17 21:03:04.064  3836  3836 F libc    : CANNOT LINK EXECUTABLE "/system/bin/cameraserver": cannot locate symbol "_ZNK7android8hardware7camera26params19OutputConfiguration14getSurfaceTypeEv" referenced by "/system/lib/libcameraservice.so"...
09-17 21:03:04.064  3836  3836 F libc    : Fatal signal 6 (SIGABRT), code -6 in tid 3836 (cameraserver)
09-17 21:03:04.064  3076  3076 W         : debuggerd: handling request: pid=3836 uid=1047 gid=1023 tid=3836
09-17 21:03:04.071  3842  3842 E         : debuggerd: Unable to connect to activity manager (connect failed: No such file or directory)
09-17 21:03:04.072  3840  3840 F libc    : CANNOT LINK EXECUTABLE "/system/bin/mediaserver": cannot locate symbol "_ZNK7android8hardware7camera26params19OutputConfiguration14getSurfaceTypeEv" referenced by "/system/lib/libcameraservice.so"...
09-17 21:03:04.072  3840  3840 F libc    : Fatal signal 6 (SIGABRT), code -6 in tid 3840 (mediaserver)
09-17 21:03:04.078  3841  3841 I Netd    : Netd 1.0 starting
09-17 21:03:04.078  3841  3841 D TetherController: Setting IP forward enable = 0
09-17 21:03:04.080  3841  3841 I QtiConnectivityAdapter: Failed to open libconnctrl, some features may not be present.
09-17 21:03:04.080  3841  3841 E         : Failed to open libdatactrl, some features may not be present.
09-17 21:03:04.080  3838  3838 F libc    : CANNOT LINK EXECUTABLE "/system/bin/app_process32": cannot locate symbol "_ZN7android14CameraMetadata14getTagFromNameEPKcPKNS_19VendorTagDescriptorEPj" referenced by "/system/lib/libandroid_runtime.so"...
09-17 21:03:04.080  3841  3841 E         : Failed to open libcsm_data, some features may not be present.
09-17 21:03:04.080  3838  3838 F libc    : Fatal signal 6 (SIGABRT), code -6 in tid 3838 (app_process32)
09-17 21:03:04.079  3087  3087 W auditd  : type=1325 audit(0.0:260): table=filter family=2 entries=18
09-17 21:03:04.079  3087  3087 W auditd  : type=1320 audit(0.0:260): 
09-17 21:03:04.083  3087  3087 W auditd  : type=1325 audit(0.0:261): table=filter family=10 entries=18
09-17 21:03:04.083  3087  3087 W auditd  : type=1320 audit(0.0:261): 
09-17 21:03:04.087  3087  3087 W auditd  : type=1325 audit(0.0:262): table=filter family=2 entries=17
09-17 21:03:04.087  3087  3087 W auditd  : type=1320 audit(0.0:262): 
09-17 21:03:04.091  3087  3087 W auditd  : type=1325 audit(0.0:263): table=filter family=10 entries=17
09-17 21:03:04.091  3087  3087 W auditd  : type=1320 audit(0.0:263): 
09-17 21:03:04.095  3087  3087 W auditd  : type=1325 audit(0.0:264): table=filter family=2 entries=17
09-17 21:03:04.095  3087  3087 W auditd  : type=1320 audit(0.0:264): 
09-17 21:03:04.099  3087  3087 W auditd  : type=1325 audit(0.0:265): table=filter family=10 entries=17
09-17 21:03:04.099  3087  3087 W auditd  : type=1320 audit(0.0:265): 
09-17 21:03:04.107  3087  3087 W auditd  : type=1325 audit(0.0:266): table=filter family=2 entries=15
09-17 21:03:04.107  3087  3087 W auditd  : type=1320 audit(0.0:266): 
09-17 21:03:04.111  3087  3087 W auditd  : type=1325 audit(0.0:267): table=filter family=10 entries=15
09-17 21:03:04.111  3087  3087 W auditd  : type=1320 audit(0.0:267): 
09-17 21:03:04.115  3087  3087 W auditd  : type=1325 audit(0.0:268): table=filter family=2 entries=17
09-17 21:03:04.115  3087  3087 W auditd  : type=1320 audit(0.0:268): 
09-17 21:03:04.121  3842  3842 F DEBUG   : *** *** *** *** *** *** *** *** *** *** *** *** *** *** *** ***
09-17 21:03:04.121  3842  3842 F DEBUG   : LineageOS Version: '14.1-20170917-UNOFFICIAL-dream2lte'
09-17 21:03:04.121  3842  3842 F DEBUG   : Build fingerprint: 'samsung/dream2ltexx/dream2lte:7.0/NRD90M/G955FXXU1AQH3:user/release-keys'
09-17 21:03:04.121  3842  3842 F DEBUG   : Revision: '0'
09-17 21:03:04.121  3842  3842 F DEBUG   : ABI: 'arm'
09-17 21:03:04.122  3842  3842 F DEBUG   : pid: 3836, tid: 3836, name: cameraserver  >>> /system/bin/cameraserver <<<
09-17 21:03:04.122  3842  3842 F DEBUG   : signal 6 (SIGABRT), code -6 (SI_TKILL), fault addr --------
09-17 21:03:04.122  3842  3842 F DEBUG   :     r0 00000000  r1 00000efc  r2 00000006  r3 00000008
09-17 21:03:04.122  3842  3842 F DEBUG   :     r4 f701b58c  r5 00000006  r6 f701b534  r7 0000010c
09-17 21:03:04.122  3842  3842 F DEBUG   :     r8 fffba268  r9 00000001  sl fffba290  fp f6fa8010
09-17 21:03:04.122  3842  3842 F DEBUG   :     ip 00000000  sp fffba200  lr f6ffaf8f  pc f6ffb9a8  cpsr 200f0010
09-17 21:03:04.125  3842  3842 F DEBUG   : 
09-17 21:03:04.125  3842  3842 F DEBUG   : backtrace:
09-17 21:03:04.126  3842  3842 F DEBUG   :     #00 pc 000469a8  /system/bin/linker (__dl_tgkill+12)
09-17 21:03:04.126  3842  3842 F DEBUG   :     #01 pc 00045f8b  /system/bin/linker (__dl_pthread_kill+34)
09-17 21:03:04.126  3842  3842 F DEBUG   :     #02 pc 0003e32f  /system/bin/linker (__dl_raise+10)
09-17 21:03:04.119  3087  3087 W auditd  : type=1325 audit(0.0:269): table=filter family=10 entries=17
09-17 21:03:04.126  3842  3842 F DEBUG   :     #03 pc 0003cdeb  /system/bin/linker (__dl___libc_android_abort+34)
09-17 21:03:04.126  3842  3842 F DEBUG   :     #04 pc 0003bbbc  /system/bin/linker (__dl_abort+4)
09-17 21:03:04.126  3842  3842 F DEBUG   :     #05 pc 0003de2b  /system/bin/linker (__dl___libc_fatal+22)
09-17 21:03:04.126  3842  3842 F DEBUG   :     #06 pc 00009c43  /system/bin/linker (__dl__ZL29__linker_init_post_relocationR19KernelArgumentBlockj+3146)
09-17 21:03:04.126  3842  3842 F DEBUG   :     #07 pc 00008f63  /system/bin/linker (__dl___linker_init+358)
09-17 21:03:04.126  3842  3842 F DEBUG   :     #08 pc 000027c0  /system/bin/linker (_start+4)
09-17 21:03:04.119  3087  3087 W auditd  : type=1320 audit(0.0:269): 
09-17 21:03:04.141  3839  3839 I         : sMaxFastTracks = 8
09-17 21:03:04.141  3839  3839 I audioserver: ServiceManager: 0xf6799440
09-17 21:03:04.142  3839  3839 W BatteryNotifier: batterystats service unavailable!
09-17 21:03:04.142  3839  3839 I AudioFlinger: Using default 3000 mSec as standby time.
09-17 21:03:04.142  3839  3839 I AudioPolicyService: AudioPolicyService CSTOR in new mode
09-17 21:03:04.142  3839  3839 D AudioInfo: MPS_CODE : SIN, get MPS_CODE
09-17 21:03:04.142  3839  3839 W APM_AudioPolicyManager: mkdir failed for AUDIO_TUNING_PATH
09-17 21:03:04.142  3839  3839 D APM::SoundKitchen: SoundKitchen created
09-17 21:03:04.142  3839  3839 I APM::ConfigParsingUtils: loadAudioPolicyConfig() loaded /vendor/etc/audio_policy.conf
09-17 21:03:04.147  3076  3076 W         : debuggerd: resuming target 3836
09-17 21:03:04.147  3076  3076 W         : debuggerd: handling request: pid=3840 uid=1013 gid=1005 tid=3840
09-17 21:03:04.153  3865  3865 E         : debuggerd: Unable to connect to activity manager (connect failed: No such file or directory)
09-17 21:03:04.172  3839  3839 V audio_hw_primary_abox: device-adev_open: enter
09-17 21:03:04.172  3839  3839 V DiamondVoice: + diamondvoice_open
09-17 21:03:04.173  3839  3839 D AudioInfo: can not find AudioDataPath for fileName:/DiamondVoice/
09-17 21:03:04.173  3839  3839 V DiamondVoice: There is no DiamondVoice tuning data in CSC 
09-17 21:03:04.173  3839  3839 V DiamondVoice: - diamondvoice_open
09-17 21:03:04.173  3839  3839 I AudioRil: ### mMultiSim : 1
09-17 21:03:04.173  3839  3839 D audio_hw_primary_abox: device-adev_open: Successed to init Voice Manager!
09-17 21:03:04.203  3865  3865 F DEBUG   : *** *** *** *** *** *** *** *** *** *** *** *** *** *** *** ***
09-17 21:03:04.203  3865  3865 F DEBUG   : LineageOS Version: '14.1-20170917-UNOFFICIAL-dream2lte'
09-17 21:03:04.203  3865  3865 F DEBUG   : Build fingerprint: 'samsung/dream2ltexx/dream2lte:7.0/NRD90M/G955FXXU1AQH3:user/release-keys'
09-17 21:03:04.203  3865  3865 F DEBUG   : Revision: '0'
09-17 21:03:04.204  3865  3865 F DEBUG   : ABI: 'arm'
09-17 21:03:04.204  3865  3865 F DEBUG   : pid: 3840, tid: 3840, name: mediaserver  >>> /system/bin/mediaserver <<<
09-17 21:03:04.204  3865  3865 F DEBUG   : signal 6 (SIGABRT), code -6 (SI_TKILL), fault addr --------
09-17 21:03:04.204  3865  3865 F DEBUG   :     r0 00000000  r1 00000f00  r2 00000006  r3 00000008
09-17 21:03:04.204  3865  3865 F DEBUG   :     r4 f711958c  r5 00000006  r6 f7119534  r7 0000010c
09-17 21:03:04.204  3865  3865 F DEBUG   :     r8 ffcbb7d0  r9 00000001  sl ffcbb810  fp f70a6010
09-17 21:03:04.204  3865  3865 F DEBUG   :     ip 00000000  sp ffcbb768  lr f70f8f8f  pc f70f99a8  cpsr 200f0010
09-17 21:03:04.208  3865  3865 F DEBUG   : 
09-17 21:03:04.208  3865  3865 F DEBUG   : backtrace:
09-17 21:03:04.208  3865  3865 F DEBUG   :     #00 pc 000469a8  /system/bin/linker (__dl_tgkill+12)
09-17 21:03:04.208  3865  3865 F DEBUG   :     #01 pc 00045f8b  /system/bin/linker (__dl_pthread_kill+34)
09-17 21:03:04.208  3865  3865 F DEBUG   :     #02 pc 0003e32f  /system/bin/linker (__dl_raise+10)
09-17 21:03:04.208  3865  3865 F DEBUG   :     #03 pc 0003cdeb  /system/bin/linker (__dl___libc_android_abort+34)
09-17 21:03:04.208  3865  3865 F DEBUG   :     #04 pc 0003bbbc  /system/bin/linker (__dl_abort+4)
09-17 21:03:04.208  3865  3865 F DEBUG   :     #05 pc 0003de2b  /system/bin/linker (__dl___libc_fatal+22)
09-17 21:03:04.208  3865  3865 F DEBUG   :     #06 pc 00009c43  /system/bin/linker (__dl__ZL29__linker_init_post_relocationR19KernelArgumentBlockj+3146)
09-17 21:03:04.208  3865  3865 F DEBUG   :     #07 pc 00008f63  /system/bin/linker (__dl___linker_init+358)
09-17 21:03:04.208  3865  3865 F DEBUG   :     #08 pc 000027c0  /system/bin/linker (_start+4)
09-17 21:03:04.231  3076  3076 W         : debuggerd: resuming target 3840
09-17 21:03:04.232  3076  3076 W         : debuggerd: handling request: pid=3838 uid=0 gid=0 tid=3838
09-17 21:03:04.239  3891  3891 E         : debuggerd: Unable to connect to activity manager (connect failed: No such file or directory)
09-17 21:03:04.278  3837  3837 D AndroidRuntime: >>>>>> START com.android.internal.os.ZygoteInit uid 0 <<<<<<
09-17 21:03:04.280  3837  3837 D AndroidRuntime: CheckJNI is ON
09-17 21:03:04.280  3837  3837 I art     : option[0]=-Xzygote
09-17 21:03:04.280  3837  3837 I art     : option[1]=-Xcheck:jni
09-17 21:03:04.280  3837  3837 I art     : option[2]=-Xstacktracefile:/data/anr/traces.txt
09-17 21:03:04.280  3837  3837 I art     : option[3]=exit
09-17 21:03:04.280  3837  3837 I art     : option[4]=vfprintf
09-17 21:03:04.280  3837  3837 I art     : option[5]=sensitiveThread
09-17 21:03:04.280  3837  3837 I art     : option[6]=-verbose:gc
09-17 21:03:04.280  3837  3837 I art     : option[7]=-Xms8m
09-17 21:03:04.280  3837  3837 I art     : option[8]=-Xmx512m
09-17 21:03:04.280  3837  3837 I art     : option[9]=-XX:HeapGrowthLimit=256m
09-17 21:03:04.280  3837  3837 I art     : option[10]=-XX:HeapMinFree=2m
09-17 21:03:04.280  3837  3837 I art     : option[11]=-XX:HeapMaxFree=8m
09-17 21:03:04.280  3837  3837 I art     : option[12]=-XX:HeapTargetUtilization=0.75
09-17 21:03:04.280  3837  3837 I art     : option[13]=-Xusejit:true
09-17 21:03:04.280  3837  3837 I art     : option[14]=-Xjitsaveprofilinginfo
09-17 21:03:04.280  3837  3837 I art     : option[15]=-agentlib:jdwp=transport=dt_android_adb,suspend=n,server=y
09-17 21:03:04.280  3837  3837 I art     : option[16]=-Xlockprofthreshold:500
09-17 21:03:04.280  3837  3837 I art     : option[17]=-Ximage-compiler-option
09-17 21:03:04.280  3837  3837 I art     : option[18]=--runtime-arg
09-17 21:03:04.280  3837  3837 I art     : option[19]=-Ximage-compiler-option
09-17 21:03:04.280  3837  3837 I art     : option[20]=-Xms64m
09-17 21:03:04.280  3837  3837 I art     : option[21]=-Ximage-compiler-option
09-17 21:03:04.280  3837  3837 I art     : option[22]=--runtime-arg
09-17 21:03:04.280  3837  3837 I art     : option[23]=-Ximage-compiler-option
09-17 21:03:04.280  3837  3837 I art     : option[24]=-Xmx64m
09-17 21:03:04.280  3837  3837 I art     : option[25]=-Ximage-compiler-option
09-17 21:03:04.280  3837  3837 I art     : option[26]=--compiler-filter=verify-at-runtime
09-17 21:03:04.280  3837  3837 I art     : option[27]=-Ximage-compiler-option
09-17 21:03:04.280  3837  3837 I art     : option[28]=--image-classes=/system/etc/preloaded-classes
09-17 21:03:04.280  3837  3837 I art     : option[29]=-Ximage-compiler-option
09-17 21:03:04.280  3837  3837 I art     : option[30]=--compiled-classes=/system/etc/compiled-classes
09-17 21:03:04.281  3837  3837 I art     : option[31]=-Xcompiler-option
09-17 21:03:04.281  3837  3837 I art     : option[32]=--runtime-arg
09-17 21:03:04.281  3837  3837 I art     : option[33]=-Xcompiler-option
09-17 21:03:04.281  3837  3837 I art     : option[34]=-Xms64m
09-17 21:03:04.281  3837  3837 I art     : option[35]=-Xcompiler-option
09-17 21:03:04.281  3837  3837 I art     : option[36]=--runtime-arg
09-17 21:03:04.281  3837  3837 I art     : option[37]=-Xcompiler-option
09-17 21:03:04.281  3837  3837 I art     : option[38]=-Xmx512m
09-17 21:03:04.281  3837  3837 I art     : option[39]=-Ximage-compiler-option
09-17 21:03:04.281  3837  3837 I art     : option[40]=--instruction-set-variant=generic
09-17 21:03:04.281  3837  3837 I art     : option[41]=-Xcompiler-option
09-17 21:03:04.281  3837  3837 I art     : option[42]=--instruction-set-variant=generic
09-17 21:03:04.281  3837  3837 I art     : option[43]=-Ximage-compiler-option
09-17 21:03:04.281  3837  3837 I art     : option[44]=--instruction-set-features=default
09-17 21:03:04.281  3837  3837 I art     : option[45]=-Xcompiler-option
09-17 21:03:04.281  3837  3837 I art     : option[46]=--instruction-set-features=default
09-17 21:03:04.281  3837  3837 I art     : option[47]=-Duser.locale=en-US
09-17 21:03:04.281  3837  3837 I art     : option[48]=--cpu-abilist=arm64-v8a
09-17 21:03:04.281  3837  3837 I art     : option[49]=-Xfingerprint:samsung/dream2ltexx/dream2lte:7.0/NRD90M/G955FXXU1AQH3:user/release-keys
09-17 21:03:04.289  3891  3891 F DEBUG   : *** *** *** *** *** *** *** *** *** *** *** *** *** *** *** ***
09-17 21:03:04.289  3891  3891 F DEBUG   : LineageOS Version: '14.1-20170917-UNOFFICIAL-dream2lte'
09-17 21:03:04.290  3891  3891 F DEBUG   : Build fingerprint: 'samsung/dream2ltexx/dream2lte:7.0/NRD90M/G955FXXU1AQH3:user/release-keys'
09-17 21:03:04.290  3891  3891 F DEBUG   : Revision: '0'
09-17 21:03:04.290  3891  3891 F DEBUG   : ABI: 'arm'
09-17 21:03:04.290  3891  3891 F DEBUG   : pid: 3838, tid: 3838, name: app_process32  >>> /system/bin/app_process32 <<<
09-17 21:03:04.290  3891  3891 F DEBUG   : signal 6 (SIGABRT), code -6 (SI_TKILL), fault addr --------
09-17 21:03:04.290  3891  3891 F DEBUG   :     r0 00000000  r1 00000efe  r2 00000006  r3 00000008
09-17 21:03:04.290  3891  3891 F DEBUG   :     r4 f74ac58c  r5 00000006  r6 f74ac534  r7 0000010c
09-17 21:03:04.290  3891  3891 F DEBUG   :     r8 fff0dc10  r9 00000001  sl fff0dc40  fp f7439010
09-17 21:03:04.290  3891  3891 F DEBUG   :     ip 00000000  sp fff0dba8  lr f748bf8f  pc f748c9a8  cpsr 200f0010
09-17 21:03:04.294  3891  3891 F DEBUG   : 
09-17 21:03:04.294  3891  3891 F DEBUG   : backtrace:
09-17 21:03:04.294  3891  3891 F DEBUG   :     #00 pc 000469a8  /system/bin/linker (__dl_tgkill+12)
09-17 21:03:04.294  3891  3891 F DEBUG   :     #01 pc 00045f8b  /system/bin/linker (__dl_pthread_kill+34)
09-17 21:03:04.294  3891  3891 F DEBUG   :     #02 pc 0003e32f  /system/bin/linker (__dl_raise+10)
09-17 21:03:04.294  3891  3891 F DEBUG   :     #03 pc 0003cdeb  /system/bin/linker (__dl___libc_android_abort+34)
09-17 21:03:04.294  3891  3891 F DEBUG   :     #04 pc 0003bbbc  /system/bin/linker (__dl_abort+4)
09-17 21:03:04.294  3891  3891 F DEBUG   :     #05 pc 0003de2b  /system/bin/linker (__dl___libc_fatal+22)
09-17 21:03:04.295  3891  3891 F DEBUG   :     #06 pc 00009c43  /system/bin/linker (__dl__ZL29__linker_init_post_relocationR19KernelArgumentBlockj+3146)
09-17 21:03:04.295  3891  3891 F DEBUG   :     #07 pc 00008f63  /system/bin/linker (__dl___linker_init+358)
09-17 21:03:04.295  3891  3891 F DEBUG   :     #08 pc 000027c0  /system/bin/linker (_start+4)
09-17 21:03:04.296  3837  3837 D ICU     : No timezone override file found: /data/misc/zoneinfo/current/icu/icu_tzdata.dat
09-17 21:03:04.320  3837  3837 W art     : Before Android 4.1, method double java.util.concurrent.ThreadLocalRandom.internalNextDouble(double, double) would have incorrectly overridden the package-private method in java.util.Random
09-17 21:03:04.320  3837  3837 W art     : Before Android 4.1, method int java.util.concurrent.ThreadLocalRandom.internalNextInt(int, int) would have incorrectly overridden the package-private method in java.util.Random
09-17 21:03:04.320  3837  3837 W art     : Before Android 4.1, method long java.util.concurrent.ThreadLocalRandom.internalNextLong(long, long) would have incorrectly overridden the package-private method in java.util.Random
09-17 21:03:04.328  3076  3076 W         : debuggerd: resuming target 3838
09-17 21:03:04.333  3160  3160 I ServiceManager: service 'media.audio_flinger' died
09-17 21:03:09.349  3920  3920 F libc    : CANNOT LINK EXECUTABLE "/system/bin/cameraserver": cannot locate symbol "_ZNK7android8hardware7camera26params19OutputConfiguration14getSurfaceTypeEv" referenced by "/system/lib/libcameraservice.so"...
09-17 21:03:09.349  3920  3920 F libc    : Fatal signal 6 (SIGABRT), code -6 in tid 3920 (cameraserver)
09-17 21:03:09.349  3076  3076 W         : debuggerd: handling request: pid=3920 uid=1047 gid=1023 tid=3920
09-17 21:03:09.357  3926  3926 E         : debuggerd: Unable to connect to activity manager (connect failed: No such file or directory)
09-17 21:03:09.357  3926  3926 F DEBUG   : *** *** *** *** *** *** *** *** *** *** *** *** *** *** *** ***
09-17 21:03:09.357  3926  3926 F DEBUG   : LineageOS Version: '14.1-20170917-UNOFFICIAL-dream2lte'
09-17 21:03:09.357  3926  3926 F DEBUG   : Build fingerprint: 'samsung/dream2ltexx/dream2lte:7.0/NRD90M/G955FXXU1AQH3:user/release-keys'
09-17 21:03:09.357  3926  3926 F DEBUG   : Revision: '0'
09-17 21:03:09.358  3926  3926 F DEBUG   : ABI: 'arm'
09-17 21:03:09.358  3926  3926 F DEBUG   : pid: 3920, tid: 3920, name: cameraserver  >>> /system/bin/cameraserver <<<
09-17 21:03:09.358  3926  3926 F DEBUG   : signal 6 (SIGABRT), code -6 (SI_TKILL), fault addr --------
09-17 21:03:09.358  3926  3926 F DEBUG   :     r0 00000000  r1 00000f50  r2 00000006  r3 00000008
09-17 21:03:09.358  3926  3926 F DEBUG   :     r4 f74da58c  r5 00000006  r6 f74da534  r7 0000010c
09-17 21:03:09.358  3926  3926 F DEBUG   :     r8 ff864cf8  r9 00000001  sl ff864d20  fp f7467010
09-17 21:03:09.358  3926  3926 F DEBUG   :     ip 00000000  sp ff864c90  lr f74b9f8f  pc f74ba9a8  cpsr 200f0010
09-17 21:03:09.360  3924  3924 F libc    : CANNOT LINK EXECUTABLE "/system/bin/mediaserver": cannot locate symbol "_ZNK7android8hardware7camera26params19OutputConfiguration14getSurfaceTypeEv" referenced by "/system/lib/libcameraservice.so"...
09-17 21:03:09.360  3925  3925 I Netd    : Netd 1.0 starting
09-17 21:03:09.360  3924  3924 F libc    : Fatal signal 6 (SIGABRT), code -6 in tid 3924 (mediaserver)
09-17 21:03:09.361  3925  3925 D TetherController: Setting IP forward enable = 0
09-17 21:03:09.361  3926  3926 F DEBUG   : 
09-17 21:03:09.361  3926  3926 F DEBUG   : backtrace:
09-17 21:03:09.362  3926  3926 F DEBUG   :     #00 pc 000469a8  /system/bin/linker (__dl_tgkill+12)
09-17 21:03:09.362  3926  3926 F DEBUG   :     #01 pc 00045f8b  /system/bin/linker (__dl_pthread_kill+34)
09-17 21:03:09.362  3926  3926 F DEBUG   :     #02 pc 0003e32f  /system/bin/linker (__dl_raise+10)
09-17 21:03:09.362  3926  3926 F DEBUG   :     #03 pc 0003cdeb  /system/bin/linker (__dl___libc_android_abort+34)
09-17 21:03:09.362  3926  3926 F DEBUG   :     #04 pc 0003bbbc  /system/bin/linker (__dl_abort+4)
09-17 21:03:09.362  3926  3926 F DEBUG   :     #05 pc 0003de2b  /system/bin/linker (__dl___libc_fatal+22)
09-17 21:03:09.362  3926  3926 F DEBUG   :     #06 pc 00009c43  /system/bin/linker (__dl__ZL29__linker_init_post_relocationR19KernelArgumentBlockj+3146)
09-17 21:03:09.362  3926  3926 F DEBUG   :     #07 pc 00008f63  /system/bin/linker (__dl___linker_init+358)
09-17 21:03:09.362  3926  3926 F DEBUG   :     #08 pc 000027c0  /system/bin/linker (_start+4)
09-17 21:03:09.362  3925  3925 I QtiConnectivityAdapter: Failed to open libconnctrl, some features may not be present.
09-17 21:03:09.362  3925  3925 E         : Failed to open libdatactrl, some features may not be present.
09-17 21:03:09.362  3925  3925 E         : Failed to open libcsm_data, some features may not be present.
09-17 21:03:09.366  3922  3922 F libc    : CANNOT LINK EXECUTABLE "/system/bin/app_process32": cannot locate symbol "_ZN7android14CameraMetadata14getTagFromNameEPKcPKNS_19VendorTagDescriptorEPj" referenced by "/system/lib/libandroid_runtime.so"...
09-17 21:03:09.366  3922  3922 F libc    : Fatal signal 6 (SIGABRT), code -6 in tid 3922 (app_process32)
09-17 21:03:09.363  3087  3087 W auditd  : type=1325 audit(0.0:311): table=filter family=2 entries=19
09-17 21:03:09.363  3087  3087 W auditd  : type=1320 audit(0.0:311): 
09-17 21:03:09.367  3087  3087 W auditd  : type=1325 audit(0.0:312): table=filter family=10 entries=19
09-17 21:03:09.367  3087  3087 W auditd  : type=1320 audit(0.0:312): 
09-17 21:03:09.371  3087  3087 W auditd  : type=1325 audit(0.0:313): table=filter family=2 entries=18
09-17 21:03:09.371  3087  3087 W auditd  : type=1320 audit(0.0:313): 
09-17 21:03:09.375  3087  3087 W auditd  : type=1325 audit(0.0:314): table=filter family=10 entries=18
09-17 21:03:09.375  3087  3087 W auditd  : type=1320 audit(0.0:314): 
09-17 21:03:09.379  3920  3920 W cameraserver: type=1701 audit(0.0:315): auid=4294967295 uid=1047 gid=1023 ses=4294967295 subj=u:r:cameraserver:s0 exe="/system/bin/cameraserver" sig=6
09-17 21:03:09.384  3076  3076 W         : debuggerd: resuming target 3920
09-17 21:03:09.384  3076  3076 W         : debuggerd: handling request: pid=3924 uid=1013 gid=1005 tid=3924
09-17 21:03:09.379  3087  3087 W auditd  : type=1325 audit(0.0:316): table=filter family=2 entries=18
09-17 21:03:09.379  3087  3087 W auditd  : type=1320 audit(0.0:316): 
09-17 21:03:09.383  3087  3087 W auditd  : type=1325 audit(0.0:317): table=filter family=10 entries=18
09-17 21:03:09.383  3087  3087 W auditd  : type=1320 audit(0.0:317): 
09-17 21:03:09.391  3936  3936 E         : debuggerd: Unable to connect to activity manager (connect failed: No such file or directory)
09-17 21:03:09.387  3087  3087 W auditd  : type=1325 audit(0.0:318): table=filter family=2 entries=16
09-17 21:03:09.387  3087  3087 W auditd  : type=1320 audit(0.0:318): 
09-17 21:03:09.391  3087  3087 W auditd  : type=1325 audit(0.0:319): table=filter family=10 entries=16
09-17 21:03:09.391  3087  3087 W auditd  : type=1320 audit(0.0:319): 
09-17 21:03:09.399  3087  3087 W auditd  : type=1325 audit(0.0:320): table=filter family=2 entries=18
09-17 21:03:09.399  3087  3087 W auditd  : type=1320 audit(0.0:320): 
09-17 21:03:09.403  3087  3087 W auditd  : type=1325 audit(0.0:321): table=filter family=10 entries=18
09-17 21:03:09.426  3923  3923 I         : sMaxFastTracks = 8
09-17 21:03:09.427  3923  3923 I audioserver: ServiceManager: 0xf6519440
09-17 21:03:09.427  3923  3923 W BatteryNotifier: batterystats service unavailable!
09-17 21:03:09.427  3923  3923 I AudioFlinger: Using default 3000 mSec as standby time.
09-17 21:03:09.427  3923  3923 I AudioPolicyService: AudioPolicyService CSTOR in new mode
09-17 21:03:09.427  3923  3923 D AudioInfo: MPS_CODE : SIN, get MPS_CODE
09-17 21:03:09.427  3923  3923 W APM_AudioPolicyManager: mkdir failed for AUDIO_TUNING_PATH
09-17 21:03:09.427  3923  3923 D APM::SoundKitchen: SoundKitchen created
09-17 21:03:09.428  3923  3923 I APM::ConfigParsingUtils: loadAudioPolicyConfig() loaded /vendor/etc/audio_policy.conf
09-17 21:03:09.442  3936  3936 F DEBUG   : *** *** *** *** *** *** *** *** *** *** *** *** *** *** *** ***
09-17 21:03:09.442  3936  3936 F DEBUG   : LineageOS Version: '14.1-20170917-UNOFFICIAL-dream2lte'
09-17 21:03:09.442  3936  3936 F DEBUG   : Build fingerprint: 'samsung/dream2ltexx/dream2lte:7.0/NRD90M/G955FXXU1AQH3:user/release-keys'
09-17 21:03:09.442  3936  3936 F DEBUG   : Revision: '0'
09-17 21:03:09.442  3936  3936 F DEBUG   : ABI: 'arm'
09-17 21:03:09.442  3936  3936 F DEBUG   : pid: 3924, tid: 3924, name: mediaserver  >>> /system/bin/mediaserver <<<
09-17 21:03:09.443  3936  3936 F DEBUG   : signal 6 (SIGABRT), code -6 (SI_TKILL), fault addr --------
09-17 21:03:09.443  3936  3936 F DEBUG   :     r0 00000000  r1 00000f54  r2 00000006  r3 00000008
09-17 21:03:09.443  3936  3936 F DEBUG   :     r4 f726058c  r5 00000006  r6 f7260534  r7 0000010c
09-17 21:03:09.443  3936  3936 F DEBUG   :     r8 ffcc6dd0  r9 00000001  sl ffcc6e10  fp f71ed010
09-17 21:03:09.443  3936  3936 F DEBUG   :     ip 00000000  sp ffcc6d68  lr f723ff8f  pc f72409a8  cpsr 200f0010
09-17 21:03:09.446  3936  3936 F DEBUG   : 
09-17 21:03:09.446  3936  3936 F DEBUG   : backtrace:
09-17 21:03:09.447  3936  3936 F DEBUG   :     #00 pc 000469a8  /system/bin/linker (__dl_tgkill+12)
09-17 21:03:09.447  3936  3936 F DEBUG   :     #01 pc 00045f8b  /system/bin/linker (__dl_pthread_kill+34)
09-17 21:03:09.447  3936  3936 F DEBUG   :     #02 pc 0003e32f  /system/bin/linker (__dl_raise+10)
09-17 21:03:09.447  3936  3936 F DEBUG   :     #03 pc 0003cdeb  /system/bin/linker (__dl___libc_android_abort+34)
09-17 21:03:09.447  3936  3936 F DEBUG   :     #04 pc 0003bbbc  /system/bin/linker (__dl_abort+4)
09-17 21:03:09.447  3936  3936 F DEBUG   :     #05 pc 0003de2b  /system/bin/linker (__dl___libc_fatal+22)
09-17 21:03:09.447  3936  3936 F DEBUG   :     #06 pc 00009c43  /system/bin/linker (__dl__ZL29__linker_init_post_relocationR19KernelArgumentBlockj+3146)
09-17 21:03:09.447  3936  3936 F DEBUG   :     #07 pc 00008f63  /system/bin/linker (__dl___linker_init+358)
09-17 21:03:09.447  3936  3936 F DEBUG   :     #08 pc 000027c0  /system/bin/linker (_start+4)
09-17 21:03:09.458  3923  3923 V audio_hw_primary_abox: device-adev_open: enter
09-17 21:03:09.458  3923  3923 V DiamondVoice: + diamondvoice_open
09-17 21:03:09.458  3923  3923 D AudioInfo: can not find AudioDataPath for fileName:/DiamondVoice/
09-17 21:03:09.458  3923  3923 V DiamondVoice: There is no DiamondVoice tuning data in CSC 
09-17 21:03:09.458  3923  3923 V DiamondVoice: - diamondvoice_open
09-17 21:03:09.458  3923  3923 I AudioRil: ### mMultiSim : 1
09-17 21:03:09.459  3923  3923 D audio_hw_primary_abox: device-adev_open: Successed to init Voice Manager!
09-17 21:03:09.472  3076  3076 W         : debuggerd: resuming target 3924
09-17 21:03:09.472  3076  3076 E         : debuggerd: failed to send signal 18 to target: No such process
09-17 21:03:09.472  3076  3076 W         : debuggerd: handling request: pid=3922 uid=0 gid=0 tid=3922
09-17 21:03:09.479  3966  3966 E         : debuggerd: Unable to connect to activity manager (connect failed: No such file or directory)
09-17 21:03:09.529  3966  3966 F DEBUG   : *** *** *** *** *** *** *** *** *** *** *** *** *** *** *** ***
09-17 21:03:09.530  3966  3966 F DEBUG   : LineageOS Version: '14.1-20170917-UNOFFICIAL-dream2lte'
09-17 21:03:09.530  3966  3966 F DEBUG   : Build fingerprint: 'samsung/dream2ltexx/dream2lte:7.0/NRD90M/G955FXXU1AQH3:user/release-keys'
09-17 21:03:09.530  3966  3966 F DEBUG   : Revision: '0'
09-17 21:03:09.530  3966  3966 F DEBUG   : ABI: 'arm'
09-17 21:03:09.530  3966  3966 F DEBUG   : pid: 3922, tid: 3922, name: app_process32  >>> /system/bin/app_process32 <<<
09-17 21:03:09.530  3966  3966 F DEBUG   : signal 6 (SIGABRT), code -6 (SI_TKILL), fault addr --------
09-17 21:03:09.530  3966  3966 F DEBUG   :     r0 00000000  r1 00000f52  r2 00000006  r3 00000008
09-17 21:03:09.530  3966  3966 F DEBUG   :     r4 f70c758c  r5 00000006  r6 f70c7534  r7 0000010c
09-17 21:03:09.530  3966  3966 F DEBUG   :     r8 ff81c3c0  r9 00000001  sl ff81c3f0  fp f7054010
09-17 21:03:09.530  3966  3966 F DEBUG   :     ip 00000000  sp ff81c358  lr f70a6f8f  pc f70a79a8  cpsr 200f0010
09-17 21:03:09.534  3966  3966 F DEBUG   : 
09-17 21:03:09.534  3966  3966 F DEBUG   : backtrace:
09-17 21:03:09.534  3966  3966 F DEBUG   :     #00 pc 000469a8  /system/bin/linker (__dl_tgkill+12)
09-17 21:03:09.534  3966  3966 F DEBUG   :     #01 pc 00045f8b  /system/bin/linker (__dl_pthread_kill+34)
09-17 21:03:09.534  3966  3966 F DEBUG   :     #02 pc 0003e32f  /system/bin/linker (__dl_raise+10)
09-17 21:03:09.534  3966  3966 F DEBUG   :     #03 pc 0003cdeb  /system/bin/linker (__dl___libc_android_abort+34)
09-17 21:03:09.534  3966  3966 F DEBUG   :     #04 pc 0003bbbc  /system/bin/linker (__dl_abort+4)
09-17 21:03:09.534  3966  3966 F DEBUG   :     #05 pc 0003de2b  /system/bin/linker (__dl___libc_fatal+22)
09-17 21:03:09.534  3966  3966 F DEBUG   :     #06 pc 00009c43  /system/bin/linker (__dl__ZL29__linker_init_post_relocationR19KernelArgumentBlockj+3146)
09-17 21:03:09.534  3966  3966 F DEBUG   :     #07 pc 00008f63  /system/bin/linker (__dl___linker_init+358)
09-17 21:03:09.534  3966  3966 F DEBUG   :     #08 pc 000027c0  /system/bin/linker (_start+4)
09-17 21:03:09.569  3076  3076 W         : debuggerd: resuming target 3922
09-17 21:03:09.575  3160  3160 I ServiceManager: service 'media.audio_flinger' died
09-17 21:03:13.603  3994  3994 F libc    : CANNOT LINK EXECUTABLE "/system/bin/cameraserver": cannot locate symbol "_ZNK7android8hardware7camera26params19OutputConfiguration14getSurfaceTypeEv" referenced by "/system/lib/libcameraservice.so"...
09-17 21:03:13.603  3994  3994 F libc    : Fatal signal 6 (SIGABRT), code -6 in tid 3994 (cameraserver)
09-17 21:03:13.603  3076  3076 W         : debuggerd: handling request: pid=3994 uid=1047 gid=1023 tid=3994
09-17 21:03:13.610  4000  4000 E         : debuggerd: Unable to connect to activity manager (connect failed: No such file or directory)
09-17 21:03:13.610  4000  4000 F DEBUG   : *** *** *** *** *** *** *** *** *** *** *** *** *** *** *** ***
09-17 21:03:13.610  4000  4000 F DEBUG   : LineageOS Version: '14.1-20170917-UNOFFICIAL-dream2lte'
09-17 21:03:13.610  4000  4000 F DEBUG   : Build fingerprint: 'samsung/dream2ltexx/dream2lte:7.0/NRD90M/G955FXXU1AQH3:user/release-keys'
09-17 21:03:13.610  4000  4000 F DEBUG   : Revision: '0'
09-17 21:03:13.611  4000  4000 F DEBUG   : ABI: 'arm'
09-17 21:03:13.611  4000  4000 F DEBUG   : pid: 3994, tid: 3994, name: cameraserver  >>> /system/bin/cameraserver <<<
09-17 21:03:13.611  4000  4000 F DEBUG   : signal 6 (SIGABRT), code -6 (SI_TKILL), fault addr --------
09-17 21:03:13.611  4000  4000 F DEBUG   :     r0 00000000  r1 00000f9a  r2 00000006  r3 00000008
09-17 21:03:13.611  4000  4000 F DEBUG   :     r4 f702358c  r5 00000006  r6 f7023534  r7 0000010c
09-17 21:03:13.611  4000  4000 F DEBUG   :     r8 ffaaed08  r9 00000001  sl ffaaed30  fp f6fb0010
09-17 21:03:13.611  4000  4000 F DEBUG   :     ip 00000000  sp ffaaeca0  lr f7002f8f  pc f70039a8  cpsr 200f0010
09-17 21:03:13.614  4000  4000 F DEBUG   : 
09-17 21:03:13.614  4000  4000 F DEBUG   : backtrace:
09-17 21:03:13.615  4000  4000 F DEBUG   :     #00 pc 000469a8  /system/bin/linker (__dl_tgkill+12)
09-17 21:03:13.615  4000  4000 F DEBUG   :     #01 pc 00045f8b  /system/bin/linker (__dl_pthread_kill+34)
09-17 21:03:13.615  4000  4000 F DEBUG   :     #02 pc 0003e32f  /system/bin/linker (__dl_raise+10)
09-17 21:03:13.615  4000  4000 F DEBUG   :     #03 pc 0003cdeb  /system/bin/linker (__dl___libc_android_abort+34)
09-17 21:03:13.615  4000  4000 F DEBUG   :     #04 pc 0003bbbc  /system/bin/linker (__dl_abort+4)
09-17 21:03:13.615  4000  4000 F DEBUG   :     #05 pc 0003de2b  /system/bin/linker (__dl___libc_fatal+22)
09-17 21:03:13.615  4000  4000 F DEBUG   :     #06 pc 00009c43  /system/bin/linker (__dl__ZL29__linker_init_post_relocationR19KernelArgumentBlockj+3146)
09-17 21:03:13.615  4000  4000 F DEBUG   :     #07 pc 00008f63  /system/bin/linker (__dl___linker_init+358)
09-17 21:03:13.615  4000  4000 F DEBUG   :     #08 pc 000027c0  /system/bin/linker (_start+4)
09-17 21:03:13.620  3999  3999 I Netd    : Netd 1.0 starting
09-17 21:03:13.620  3999  3999 D TetherController: Setting IP forward enable = 0
09-17 21:03:13.623  3999  3999 I QtiConnectivityAdapter: Failed to open libconnctrl, some features may not be present.
09-17 21:03:13.623  3999  3999 E         : Failed to open libdatactrl, some features may not be present.
09-17 21:03:13.623  3999  3999 E         : Failed to open libcsm_data, some features may not be present.
09-17 21:03:13.627  3998  3998 F libc    : CANNOT LINK EXECUTABLE "/system/bin/mediaserver": cannot locate symbol "_ZNK7android8hardware7camera26params19OutputConfiguration14getSurfaceTypeEv" referenced by "/system/lib/libcameraservice.so"...
09-17 21:03:13.627  3998  3998 F libc    : Fatal signal 6 (SIGABRT), code -6 in tid 3998 (mediaserver)
09-17 21:03:13.623  3087  3087 W auditd  : type=1325 audit(0.0:361): table=filter family=2 entries=18
09-17 21:03:13.623  3087  3087 W auditd  : type=1320 audit(0.0:361): 
09-17 21:03:13.627  3087  3087 W auditd  : type=1325 audit(0.0:362): table=filter family=10 entries=16
09-17 21:03:13.627  3087  3087 W auditd  : type=1320 audit(0.0:362): 
09-17 21:03:13.639  3996  3996 F libc    : CANNOT LINK EXECUTABLE "/system/bin/app_process32": cannot locate symbol "_ZN7android14CameraMetadata14getTagFromNameEPKcPKNS_19VendorTagDescriptorEPj" referenced by "/system/lib/libandroid_runtime.so"...
09-17 21:03:13.639  3996  3996 F libc    : Fatal signal 6 (SIGABRT), code -6 in tid 3996 (app_process32)
09-17 21:03:13.635  3994  3994 W cameraserver: type=1701 audit(0.0:363): auid=4294967295 uid=1047 gid=1023 ses=4294967295 subj=u:r:cameraserver:s0 exe="/system/bin/cameraserver" sig=6
09-17 21:03:13.641  3076  3076 W         : debuggerd: resuming target 3994
09-17 21:03:13.641  3076  3076 W         : debuggerd: handling request: pid=3998 uid=1013 gid=1005 tid=3998
09-17 21:03:13.639  3087  3087 W auditd  : type=1325 audit(0.0:364): table=filter family=2 entries=17
09-17 21:03:13.639  3087  3087 W auditd  : type=1320 audit(0.0:364): 
09-17 21:03:13.646  4008  4008 E         : debuggerd: Unable to connect to activity manager (connect failed: No such file or directory)
09-17 21:03:13.647  3087  3087 W auditd  : type=1325 audit(0.0:365): table=filter family=10 entries=15
09-17 21:03:13.647  3087  3087 W auditd  : type=1320 audit(0.0:365): 
09-17 21:03:13.647  4008  4008 F DEBUG   : *** *** *** *** *** *** *** *** *** *** *** *** *** *** *** ***
09-17 21:03:13.647  4008  4008 F DEBUG   : LineageOS Version: '14.1-20170917-UNOFFICIAL-dream2lte'
09-17 21:03:13.647  4008  4008 F DEBUG   : Build fingerprint: 'samsung/dream2ltexx/dream2lte:7.0/NRD90M/G955FXXU1AQH3:user/release-keys'
09-17 21:03:13.647  4008  4008 F DEBUG   : Revision: '0'
09-17 21:03:13.647  4008  4008 F DEBUG   : ABI: 'arm'
09-17 21:03:13.647  4008  4008 F DEBUG   : pid: 3998, tid: 3998, name: mediaserver  >>> /system/bin/mediaserver <<<
09-17 21:03:13.647  4008  4008 F DEBUG   : signal 6 (SIGABRT), code -6 (SI_TKILL), fault addr --------
09-17 21:03:13.647  4008  4008 F DEBUG   :     r0 00000000  r1 00000f9e  r2 00000006  r3 00000008
09-17 21:03:13.647  4008  4008 F DEBUG   :     r4 f725f58c  r5 00000006  r6 f725f534  r7 0000010c
09-17 21:03:13.647  4008  4008 F DEBUG   :     r8 ffbad350  r9 00000001  sl ffbad390  fp f71ec010
09-17 21:03:13.647  4008  4008 F DEBUG   :     ip 00000000  sp ffbad2e8  lr f723ef8f  pc f723f9a8  cpsr 200f0010
09-17 21:03:13.651  4008  4008 F DEBUG   : 
09-17 21:03:13.651  4008  4008 F DEBUG   : backtrace:
09-17 21:03:13.651  4008  4008 F DEBUG   :     #00 pc 000469a8  /system/bin/linker (__dl_tgkill+12)
09-17 21:03:13.651  4008  4008 F DEBUG   :     #01 pc 00045f8b  /system/bin/linker (__dl_pthread_kill+34)
09-17 21:03:13.651  4008  4008 F DEBUG   :     #02 pc 0003e32f  /system/bin/linker (__dl_raise+10)
09-17 21:03:13.651  4008  4008 F DEBUG   :     #03 pc 0003cdeb  /system/bin/linker (__dl___libc_android_abort+34)
09-17 21:03:13.651  4008  4008 F DEBUG   :     #04 pc 0003bbbc  /system/bin/linker (__dl_abort+4)
09-17 21:03:13.651  4008  4008 F DEBUG   :     #05 pc 0003de2b  /system/bin/linker (__dl___libc_fatal+22)
09-17 21:03:13.651  4008  4008 F DEBUG   :     #06 pc 00009c43  /system/bin/linker (__dl__ZL29__linker_init_post_relocationR19KernelArgumentBlockj+3146)
09-17 21:03:13.651  4008  4008 F DEBUG   :     #07 pc 00008f63  /system/bin/linker (__dl___linker_init+358)
09-17 21:03:13.651  4008  4008 F DEBUG   :     #08 pc 000027c0  /system/bin/linker (_start+4)
09-17 21:03:13.659  3087  3087 W auditd  : type=1325 audit(0.0:366): table=filter family=2 entries=17
09-17 21:03:13.659  3087  3087 W auditd  : type=1320 audit(0.0:366): 
09-17 21:03:13.667  3087  3087 W auditd  : type=1325 audit(0.0:367): table=filter family=10 entries=15
09-17 21:03:13.667  3087  3087 W auditd  : type=1320 audit(0.0:367): 
09-17 21:03:13.667  3998  3998 W mediaserver: type=1701 audit(0.0:368): auid=4294967295 uid=1013 gid=1005 ses=4294967295 subj=u:r:mediaserver:s0 exe="/system/bin/mediaserver" sig=6
09-17 21:03:13.675  3076  3076 W         : debuggerd: resuming target 3998
09-17 21:03:13.675  3076  3076 E         : debuggerd: failed to send signal 18 to target: No such process
09-17 21:03:13.675  3076  3076 W         : debuggerd: handling request: pid=3996 uid=0 gid=0 tid=3996
09-17 21:03:13.682  4017  4017 E         : debuggerd: Unable to connect to activity manager (connect failed: No such file or directory)
09-17 21:03:13.679  3087  3087 W auditd  : type=1325 audit(0.0:369): table=filter family=2 entries=15
09-17 21:03:13.679  3087  3087 W auditd  : type=1320 audit(0.0:369): 
09-17 21:03:13.689  3997  3997 I         : sMaxFastTracks = 8
09-17 21:03:13.690  3997  3997 I audioserver: ServiceManager: 0xf6199440
09-17 21:03:13.690  3997  3997 W BatteryNotifier: batterystats service unavailable!
09-17 21:03:13.690  3997  3997 I AudioFlinger: Using default 3000 mSec as standby time.
09-17 21:03:13.690  3997  3997 I AudioPolicyService: AudioPolicyService CSTOR in new mode
09-17 21:03:13.691  3997  3997 D AudioInfo: MPS_CODE : SIN, get MPS_CODE
09-17 21:03:13.691  3997  3997 W APM_AudioPolicyManager: mkdir failed for AUDIO_TUNING_PATH
09-17 21:03:13.691  3997  3997 D APM::SoundKitchen: SoundKitchen created
09-17 21:03:13.691  3997  3997 I APM::ConfigParsingUtils: loadAudioPolicyConfig() loaded /vendor/etc/audio_policy.conf
