09-15 19:40:30.846  3575  3575 W PackageManager: Unable to disable com.google.android.gms/com.google.android.gms.update.SystemUpdateService$Receiver
09-15 19:40:30.846  3575  3575 V PackageManager: Disabling com.google.android.gms/com.google.android.gms.update.SystemUpdateService$ActiveReceiver
09-15 19:40:30.846  3575  3575 W PackageManager: Unable to disable com.google.android.gms/com.google.android.gms.update.SystemUpdateService$ActiveReceiver
09-15 19:40:30.846  3575  3575 V PackageManager: Disabling com.google.android.gms/com.google.android.gms.update.SystemUpdateService$SecretCodeReceiver
09-15 19:40:30.846  3575  3575 W PackageManager: Unable to disable com.google.android.gms/com.google.android.gms.update.SystemUpdateService$SecretCodeReceiver
09-15 19:40:30.847  3575  3575 V PackageManager: Disabling com.google.android.gms/com.google.android.gms.update.SystemUpdateServiceReceiver
09-15 19:40:30.847  3575  3575 W PackageManager: Unable to disable com.google.android.gms/com.google.android.gms.update.SystemUpdateServiceReceiver
09-15 19:40:30.847  3575  3575 V PackageManager: Enabling com.google.android.gsf/com.google.android.gsf.update.SystemUpdateService
09-15 19:40:30.847  3575  3575 W PackageManager: Unable to enable com.google.android.gsf/com.google.android.gsf.update.SystemUpdateService
09-15 19:40:30.847  3575  3575 V PackageManager: Enabling com.google.android.gms/com.google.android.gms.update.SystemUpdateService
09-15 19:40:30.847  3575  3575 W PackageManager: Unable to enable com.google.android.gms/com.google.android.gms.update.SystemUpdateService
09-15 19:40:31.161  3575  3575 I PackageManager.DexOptimizer: Running dexopt (dex2oat) on: /system/priv-app/TelephonyProvider/TelephonyProvider.apk pkg=com.android.providers.telephony isa=arm64 vmSafeMode=false debuggable=false target-filter=speed oatDir = null sharedLibraries=null
09-15 19:40:31.176  3829  3829 I dex2oat : /system/bin/dex2oat --compiler-filter=speed
09-15 19:40:31.394  3829  3829 I dex2oat : dex2oat took 218.487ms (threads: 8) arena alloc=4MB (5170680B) java alloc=384KB (393984B) native alloc=2MB (2471560B) free=9MB (9587064B)
09-15 19:40:31.398  3575  3575 I PackageManager.DexOptimizer: Running dexopt (dex2oat) on: /system/priv-app/MmsService/MmsService.apk pkg=com.android.mms.service isa=arm64 vmSafeMode=false debuggable=false target-filter=speed oatDir = null sharedLibraries=null
09-15 19:40:31.412  3838  3838 I dex2oat : /system/bin/dex2oat --compiler-filter=speed
09-15 19:40:31.518  3838  3838 I dex2oat : dex2oat took 106.332ms (threads: 8) arena alloc=2MB (2476864B) java alloc=262KB (268768B) native alloc=1599KB (1637584B) free=4MB (5178160B)
09-15 19:40:31.520  3847  3847 V lhd     : GlLhdInterface::Init(/system/etc/lhd.conf)
09-15 19:40:31.520  3847  3847 E lhd     : SetCfgValue: Critical Error. Unknown configuration parameter "FlpName"="tcp"
09-15 19:40:31.520  3847  3847 V lhd     : SetCfgValue: LHD config "LheSerialControl"="BBD:Serial=TTY"
09-15 19:40:31.520  3847  3847 E lhd     : SetCfgValue: Critical Error. Unknown configuration parameter "LheClockMHz"="100"
09-15 19:40:31.520  3847  3847 V lhd     : SetCfgValue: LHD config "LhePatch"="/dev/bbd_patch"
09-15 19:40:31.520  3847  3847 V lhd     : SetCfgValue: LHD config "LheMaxMcuResetTries"="4"
09-15 19:40:31.520  3847  3847 V lhd     : SetCfgValue: LHD config "LheBbdPacket"="/dev/ttyBCM"
09-15 19:40:31.520  3847  3847 V lhd     : SetCfgValue: LHD config "LheBbdControl"="/dev/bbd_control"
09-15 19:40:31.520  3847  3847 V lhd     : SetCfgValue: LHD config "LheBbdSensor"="/dev/bbd_sensor"
09-15 19:40:31.520  3847  3847 V lhd     : SetCfgValue: LHD config "Lhe477xDebugFlags"="RPC:FACILITY=33:STDOUT_PUTS:STDOUT_LOG"
09-15 19:40:31.520  3847  3847 E lhd     : SetCfgValue: Critical Error. Unknown configuration parameter "LheSensorIpc"="true"
09-15 19:40:31.520  3847  3847 E lhd     : SetCfgValue: Critical Error. Unknown configuration parameter "LhePinMux"="P17=M1"
09-15 19:40:31.520  3847  3847 V lhd     : SetCfgValue: LHD config "LheAutoBaudDelayMS"="10"
09-15 19:40:31.520  3847  3847 V lhd     : SetCfgValue: LHD config "LheMaxMcuResetTries"="3"
09-15 19:40:31.520  3847  3847 E lhd     : OpenFirmwareFile: Fail to open /efs/sec_efs/sensorhub_urgent_fw.patch, errno 2
09-15 19:40:31.520  3847  3847 E lhd     : getCustPatchVersion: Fail to parse patch /efs/sec_efs/sensorhub_urgent_fw.patch
09-15 19:40:31.520  3847  3847 E lhd     : getCustPatchVersion: <CustomerVersion> not found
09-15 19:40:31.521  3575  3575 I PackageManager.DexOptimizer: Running dexopt (dex2oat) on: /system/priv-app/DefaultContainerService/DefaultContainerService.apk pkg=com.android.defcontainer isa=arm64 vmSafeMode=false debuggable=false target-filter=speed oatDir = null sharedLibraries=null
09-15 19:40:31.536  3848  3848 I dex2oat : /system/bin/dex2oat --compiler-filter=speed
09-15 19:40:31.579  3847  3847 D lhd     : OnIpcConnect
09-15 19:40:31.598  3181  3181 D wrapperGPS: wrapperConnect_RILD
09-15 19:40:31.609  3848  3848 I dex2oat : dex2oat took 73.233ms (threads: 8) arena alloc=536KB (549456B) java alloc=108KB (110976B) native alloc=1168KB (1197000B) free=2MB (2473016B)
09-15 19:40:31.612  3575  3575 I PackageManager.DexOptimizer: Running dexopt (dex2oat) on: /system/priv-app/SettingsProvider/SettingsProvider.apk pkg=com.android.providers.settings isa=arm64 vmSafeMode=false debuggable=false target-filter=speed oatDir = null sharedLibraries=null
09-15 19:40:31.627  3858  3858 I dex2oat : /system/bin/dex2oat --compiler-filter=speed
09-15 19:40:31.826  3858  3858 I dex2oat : dex2oat took 199.291ms (threads: 8) arena alloc=6MB (7064888B) java alloc=304KB (311976B) native alloc=1868KB (1913680B) free=10MB (10669232B)
09-15 19:40:31.829  3575  3575 I PackageManager.DexOptimizer: Running dexopt (dex2oat) on: /system/priv-app/InputDevices/InputDevices.apk pkg=com.android.inputdevices isa=arm64 vmSafeMode=false debuggable=false target-filter=speed oatDir = null sharedLibraries=null
09-15 19:40:31.844  3867  3867 I dex2oat : /system/bin/dex2oat --compiler-filter=speed
09-15 19:40:31.906  3867  3867 I dex2oat : dex2oat took 61.963ms (threads: 8) arena alloc=15KB (15632B) java alloc=32KB (33200B) native alloc=863KB (883888B) free=1696KB (1737552B)
09-15 19:40:31.909  3575  3575 I PackageManager.DexOptimizer: Running dexopt (dex2oat) on: /system/app/ExtShared/ExtShared.apk pkg=android.ext.shared isa=arm64 vmSafeMode=false debuggable=false target-filter=speed oatDir = null sharedLibraries=null
09-15 19:40:31.923  3876  3876 I dex2oat : /system/bin/dex2oat --compiler-filter=speed
09-15 19:40:31.985  3876  3876 I dex2oat : dex2oat took 61.732ms (threads: 8) arena alloc=78KB (79992B) java alloc=55KB (57056B) native alloc=890KB (911632B) free=2MB (2234096B)
09-15 19:40:31.987  3575  3575 I PackageManager.DexOptimizer: Running dexopt (dex2oat) on: /system/priv-app/Telecom/Telecom.apk pkg=com.android.server.telecom isa=arm64 vmSafeMode=false debuggable=false target-filter=speed oatDir = null sharedLibraries=null
09-15 19:40:32.002  3885  3885 I dex2oat : /system/bin/dex2oat --compiler-filter=speed
09-15 19:40:32.410  3885  3885 I dex2oat : dex2oat took 408.770ms (threads: 8) arena alloc=3MB (3417112B) java alloc=1164KB (1192936B) native alloc=4MB (4744184B) free=6MB (7314440B)
09-15 19:40:32.415  3575  3575 I PackageManager.DexOptimizer: Running dexopt (dex2oat) on: /system/priv-app/Dialer/Dialer.apk pkg=com.android.dialer isa=arm64 vmSafeMode=false debuggable=false target-filter=speed oatDir = null sharedLibraries=null
09-15 19:40:32.430  3894  3894 I dex2oat : /system/bin/dex2oat --compiler-filter=speed
09-15 19:40:32.598  3181  3181 D wrapperGPS: wrapperConnect_RILD
09-15 19:40:32.612  3894  3900 W dex2oat : Before Android 4.1, method android.graphics.PorterDuffColorFilter android.support.graphics.drawable.VectorDrawableCompat.updateTintFilter(android.graphics.PorterDuffColorFilter, android.content.res.ColorStateList, android.graphics.PorterDuff$Mode) would have incorrectly overridden the package-private method in android.graphics.drawable.Drawable
09-15 19:40:32.626  3894  3902 W dex2oat : Before Android 4.1, method int android.support.v7.widget.ListViewCompat.lookForSelectablePosition(int, boolean) would have incorrectly overridden the package-private method in android.widget.ListView
09-15 19:40:33.599  3181  3181 D wrapperGPS: wrapperConnect_RILD
09-15 19:40:33.970  3894  3894 I dex2oat : dex2oat took 1.540s (threads: 8) arena alloc=5MB (5686712B) java alloc=6MB (6335704B) native alloc=16MB (17193840B) free=8MB (9020560B)
09-15 19:40:33.976  3575  3575 I PackageManager.DexOptimizer: Running dexopt (dex2oat) on: /system/priv-app/ExtServices/ExtServices.apk pkg=android.ext.services isa=arm64 vmSafeMode=false debuggable=false target-filter=speed oatDir = null sharedLibraries=null
09-15 19:40:33.992  3904  3904 I dex2oat : /system/bin/dex2oat --compiler-filter=speed
09-15 19:40:34.069  3904  3904 I dex2oat : dex2oat took 76.557ms (threads: 8) arena alloc=336KB (344352B) java alloc=111KB (114192B) native alloc=1117KB (1144016B) free=2MB (3050288B)
09-15 19:40:34.071  3575  3575 I PackageManager.DexOptimizer: Running dexopt (dex2oat) on: /system/priv-app/CMSettingsProvider/CMSettingsProvider.apk pkg=org.cyanogenmod.cmsettings isa=arm64 vmSafeMode=false debuggable=false target-filter=speed oatDir = null sharedLibraries=null
09-15 19:40:34.086  3913  3913 I dex2oat : /system/bin/dex2oat --compiler-filter=speed
09-15 19:40:34.199  3913  3913 I dex2oat : dex2oat took 113.485ms (threads: 8) arena alloc=1965KB (2012824B) java alloc=234KB (240632B) native alloc=1702KB (1743032B) free=4MB (4548424B)
09-15 19:40:34.203  3575  3575 I PackageManager.DexOptimizer: Running dexopt (dex2oat) on: /system/priv-app/PackageInstaller/PackageInstaller.apk pkg=com.android.packageinstaller isa=arm64 vmSafeMode=false debuggable=false target-filter=speed oatDir = null sharedLibraries=null
09-15 19:40:34.218  3922  3922 I dex2oat : /system/bin/dex2oat --compiler-filter=speed
09-15 19:40:34.312  3922  3928 W dex2oat : Before Android 4.1, method android.graphics.PorterDuffColorFilter android.support.graphics.drawable.VectorDrawableCompat.updateTintFilter(android.graphics.PorterDuffColorFilter, android.content.res.ColorStateList, android.graphics.PorterDuff$Mode) would have incorrectly overridden the package-private method in android.graphics.drawable.Drawable
09-15 19:40:34.328  3922  3927 W dex2oat : Before Android 4.1, method int android.support.v7.widget.ListViewCompat.lookForSelectablePosition(int, boolean) would have incorrectly overridden the package-private method in android.widget.ListView
09-15 19:40:34.599  3181  3181 D wrapperGPS: wrapperConnect_RILD
09-15 19:40:34.954  3922  3922 I dex2oat : dex2oat took 735.981ms (threads: 8) arena alloc=4MB (4777632B) java alloc=3MB (4131920B) native alloc=7MB (7840120B) free=8MB (8412808B)
09-15 19:40:34.951  3235  3235 I rild    : type=1400 audit(0.0:122): avc: denied { read write } for name="umts_boot0" dev="tmpfs" ino=19046 scontext=u:r:rild:s0 tcontext=u:object_r:device:s0 tclass=chr_file permissive=1
09-15 19:40:34.951  3235  3235 I rild    : type=1400 audit(0.0:122): avc: denied { open } for path="/dev/umts_boot0" dev="tmpfs" ino=19046 scontext=u:r:rild:s0 tcontext=u:object_r:device:s0 tclass=chr_file permissive=1
09-15 19:40:34.951  3235  3235 W rild    : type=1300 audit(0.0:122): arch=c00000b7 syscall=56 success=yes exit=20 a0=ffffff9c a1=7f8228448a a2=2 a3=0 items=0 ppid=1 auid=4294967295 uid=1001 gid=1001 euid=1001 suid=1001 fsuid=1001 egid=1001 sgid=1001 fsgid=1001 tty=(none) ses=4294967295 exe="/system/bin/rild" subj=u:r:rild:s0 key=(null)
09-15 19:40:34.951  3089  3089 W auditd  : type=1327 audit(0.0:122): proctitle="/system/bin/rild"
09-15 19:40:34.951  3089  3089 W auditd  : type=1320 audit(0.0:122): 
09-15 19:40:34.959  3575  3575 I PackageManager.DexOptimizer: Running dexopt (dex2oat) on: /system/priv-app/ProxyHandler/ProxyHandler.apk pkg=com.android.proxyhandler isa=arm64 vmSafeMode=false debuggable=false target-filter=speed oatDir = null sharedLibraries=null
09-15 19:40:34.975  3931  3931 I dex2oat : /system/bin/dex2oat --compiler-filter=speed
09-15 19:40:35.051  3931  3931 I dex2oat : dex2oat took 76.698ms (threads: 8) arena alloc=1271KB (1301752B) java alloc=96KB (98416B) native alloc=1130KB (1157472B) free=3MB (3561120B)
09-15 19:40:35.054  3575  3575 I PackageManager.DexOptimizer: Running dexopt (dex2oat) on: /system/app/LatinIME/LatinIME.apk pkg=com.android.inputmethod.latin isa=arm64 vmSafeMode=false debuggable=false target-filter=speed oatDir = null sharedLibraries=null
09-15 19:40:35.070  3940  3940 I dex2oat : /system/bin/dex2oat --compiler-filter=speed
09-15 19:40:35.555  3940  3940 I dex2oat : dex2oat took 485.720ms (threads: 8) arena alloc=3MB (3727768B) java alloc=1803KB (1847248B) native alloc=4MB (5089832B) free=6MB (6968792B)
09-15 19:40:35.560  3575  3575 I PackageManager.DexOptimizer: Running dexopt (dex2oat) on: /system/priv-app/Settings/Settings.apk pkg=com.android.settings isa=arm64 vmSafeMode=false debuggable=false target-filter=speed oatDir = null sharedLibraries=null
09-15 19:40:35.576  3949  3949 I dex2oat : /system/bin/dex2oat --compiler-filter=speed
09-15 19:40:35.599  3181  3181 D wrapperGPS: wrapperConnect_RILD
09-15 19:40:35.757  3949  3952 W dex2oat : Before Android 4.1, method android.graphics.PorterDuffColorFilter android.support.graphics.drawable.VectorDrawableCompat.updateTintFilter(android.graphics.PorterDuffColorFilter, android.content.res.ColorStateList, android.graphics.PorterDuff$Mode) would have incorrectly overridden the package-private method in android.graphics.drawable.Drawable
09-15 19:40:35.767  3949  3949 W dex2oat : Before Android 4.1, method int android.support.v7.widget.ListViewCompat.lookForSelectablePosition(int, boolean) would have incorrectly overridden the package-private method in android.widget.ListView
09-15 19:40:36.600  3181  3181 D wrapperGPS: wrapperConnect_RILD
09-15 19:40:37.128  3949  3949 I dex2oat : dex2oat took 1.552s (threads: 8) arena alloc=6MB (6736576B) java alloc=9MB (9993152B) native alloc=17MB (18039464B) free=9MB (10272088B)
09-15 19:40:37.135  3575  3575 I PackageManager.DexOptimizer: Running dexopt (dex2oat) on: /system/priv-app/TeleService/TeleService.apk pkg=com.android.phone isa=arm64 vmSafeMode=false debuggable=false target-filter=speed oatDir = null sharedLibraries=null
09-15 19:40:37.151  3959  3959 I dex2oat : /system/bin/dex2oat --compiler-filter=speed
09-15 19:40:37.577  3959  3962 W dex2oat : Compilation of void com.android.phone.PhoneInterfaceManager$MainThreadHandler.handleMessage(android.os.Message) took 111.457ms
09-15 19:40:37.600  3181  3181 D wrapperGPS: wrapperConnect_RILD
09-15 19:40:37.936  3959  3959 I dex2oat : dex2oat took 785.557ms (threads: 8) arena alloc=10MB (11094552B) java alloc=2MB (2731480B) native alloc=8MB (8912840B) free=14MB (15204408B)
09-15 19:40:37.941  3575  3575 I PackageManager.DexOptimizer: Running dexopt (dex2oat) on: /system/priv-app/Shell/Shell.apk pkg=com.android.shell isa=arm64 vmSafeMode=false debuggable=false target-filter=speed oatDir = null sharedLibraries=null
09-15 19:40:37.957  3968  3968 I dex2oat : /system/bin/dex2oat --compiler-filter=speed
09-15 19:40:38.122  3968  3968 I dex2oat : dex2oat took 165.509ms (threads: 8) arena alloc=1810KB (1853864B) java alloc=330KB (338008B) native alloc=1840KB (1884792B) free=4MB (4406664B)
09-15 19:40:38.126  3575  3575 I PackageManager.DexOptimizer: Running dexopt (dex2oat) on: /system/priv-app/FusedLocation/FusedLocation.apk pkg=com.android.location.fused isa=arm64 vmSafeMode=false debuggable=false target-filter=speed oatDir = null sharedLibraries=/system/framework/com.android.location.provider.jar
09-15 19:40:38.141  3977  3977 I dex2oat : /system/bin/dex2oat --compiler-filter=speed
09-15 19:40:38.216  3977  3977 I dex2oat : dex2oat took 75.288ms (threads: 8) arena alloc=454KB (464920B) java alloc=151KB (154928B) native alloc=1291KB (1322008B) free=3MB (3396584B)
09-15 19:40:38.220  3575  3575 I PackageManager.DexOptimizer: Running dexopt (dex2oat) on: /system/priv-app/SystemUI/SystemUI.apk pkg=com.android.systemui isa=arm64 vmSafeMode=false debuggable=false target-filter=speed oatDir = null sharedLibraries=null
09-15 19:40:38.236  3986  3986 I dex2oat : /system/bin/dex2oat --compiler-filter=speed
09-15 19:40:38.434  3986  3992 W dex2oat : Before Android 4.1, method android.graphics.PorterDuffColorFilter android.support.graphics.drawable.VectorDrawableCompat.updateTintFilter(android.graphics.PorterDuffColorFilter, android.content.res.ColorStateList, android.graphics.PorterDuff$Mode) would have incorrectly overridden the package-private method in android.graphics.drawable.Drawable
09-15 19:40:38.451  3986  3990 W dex2oat : Before Android 4.1, method int android.support.v7.widget.ListViewCompat.lookForSelectablePosition(int, boolean) would have incorrectly overridden the package-private method in android.widget.ListView
09-15 19:40:38.601  3181  3181 D wrapperGPS: wrapperConnect_RILD
09-15 19:40:39.601  3181  3181 D wrapperGPS: wrapperConnect_RILD
09-15 19:40:39.928  3986  3986 I dex2oat : dex2oat took 1.692s (threads: 8) arena alloc=3MB (3546704B) java alloc=10MB (10621648B) native alloc=18MB (19030920B) free=7MB (7707768B)
09-15 19:40:39.934  3575  3575 I PackageManager.DexOptimizer: Running dexopt (dex2oat) on: /system/priv-app/WeatherManagerService/WeatherManagerService.apk pkg=org.cyanogenmod.weatherservice isa=arm64 vmSafeMode=false debuggable=false target-filter=speed oatDir = null sharedLibraries=null
09-15 19:40:39.950  3995  3995 I dex2oat : /system/bin/dex2oat --compiler-filter=speed
09-15 19:40:40.089  3995  3995 I dex2oat : dex2oat took 139.134ms (threads: 8) arena alloc=2MB (2342088B) java alloc=366KB (375168B) native alloc=1546KB (1584088B) free=5MB (5755944B)
09-15 19:40:40.093  3575  3575 E PackageManager: There should probably be a verifier, but, none were found
09-15 19:40:40.096  3575  3575 D PackageManager: Ephemeral resolver NOT found; no matching intent filters
09-15 19:40:40.096  3575  3575 I PackageManager: Ephemeral deactivated; missing resolver and installer
09-15 19:40:40.097  3575  3575 I art     : Starting a blocking GC Explicit
09-15 19:40:40.118  3575  3575 I art     : Explicit concurrent mark sweep GC freed 53460(3MB) AllocSpace objects, 43(2MB) LOS objects, 33% free, 9MB/13MB, paused 151us total 21.533ms
09-15 19:40:40.120  3575  3575 I SystemServer: StartOtaDexOptService
09-15 19:40:40.122  3575  3575 I SystemServer: StartUserManagerService
09-15 19:40:40.122  3575  3575 I SystemServiceManager: Starting com.android.server.pm.UserManagerService$LifeCycle
09-15 19:40:40.135  3162  3162 I lowmemorykiller: ActivityManager connected
09-15 19:40:40.136  3575  3575 I SystemServiceManager: Starting com.android.server.BatteryService
09-15 19:40:40.136  3575  4005 D SensorService: nuSensorService starting...
09-15 19:40:40.139  3575  4005 W MultiHal: No multihal config file found at /system/etc/sensors/hals.conf
09-15 19:40:40.139  3575  4005 I SensorService: Generated new HMAC key.
09-15 19:40:40.141  3575  3575 I SystemServiceManager: Starting com.android.server.usage.UsageStatsService
09-15 19:40:40.148  3575  3575 I SystemServiceManager: Starting com.android.server.webkit.WebViewUpdateService
09-15 19:40:40.151  3575  3575 I SystemServer: Reading configuration...
09-15 19:40:40.151  3575  3575 I SystemServer: StartSchedulingPolicyService
09-15 19:40:40.152  3575  3575 I SystemServiceManager: Starting com.android.server.telecom.TelecomLoaderService
09-15 19:40:40.152  3575  3575 I SystemServer: StartTelephonyRegistry
09-15 19:40:40.156  3575  3575 I SystemServer: StartEntropyMixer
09-15 19:40:40.157  3575  3575 W EntropyMixer: No existing entropy file -- first boot?
09-15 19:40:40.176  3575  3575 I EntropyMixer: Added HW RNG output to entropy pool
09-15 19:40:40.176  3575  3575 I EntropyMixer: Writing entropy...
09-15 19:40:40.182  3575  3575 I SystemServer: Camera Service
09-15 19:40:40.182  3575  3575 I SystemServiceManager: Starting com.android.server.camera.CameraService
09-15 19:40:40.183  3575  4006 I ServiceThread: Enabled StrictMode logging for CameraService_proxy looper.
09-15 19:40:40.184  3575  3575 I SystemServer: StartAccountManagerService
09-15 19:40:40.185  3575  3575 I SystemServiceManager: Starting com.android.server.accounts.AccountManagerService$Lifecycle
09-15 19:40:40.191  3575  3575 I SystemServer: StartContentService
09-15 19:40:40.192  3575  3575 I SystemServiceManager: Starting com.android.server.content.ContentService$Lifecycle
09-15 19:40:40.193  3575  3575 I SystemServer: InstallSystemProviders
09-15 19:40:40.196  3575  3575 W System  : ClassLoader referenced unknown path: /system/priv-app/CMSettingsProvider/lib/arm64
09-15 19:40:40.225  3575  3575 D ActivityThread: Loading provider settings: com.android.providers.settings.SettingsProvider
09-15 19:40:40.227  3575  3575 W System  : ClassLoader referenced unknown path: /system/priv-app/SettingsProvider/lib/arm64
09-15 19:40:40.227  3575  3575 D ApplicationLoaders: ignored Vulkan layer search path /system/priv-app/SettingsProvider/lib/arm64:/system/priv-app/SettingsProvider/SettingsProvider.apk!/lib/arm64-v8a:/system/lib64:/vendor/lib64 for namespace 0x7fa21a3160
09-15 19:40:40.282  3575  3575 I SettingsState: No settings state /data/system/users/0/settings_system.xml
09-15 19:40:40.290  3575  3575 I SettingsState: No settings state /data/system/users/0/settings_secure.xml
09-15 19:40:40.293  3575  3575 D SettingsProvider: Generated and saved new ANDROID_ID [1b3dbea666744a1c] for user 0
09-15 19:40:40.300  3575  3575 I SettingsState: No settings state /data/system/users/0/settings_global.xml
09-15 19:40:40.331  3575  3575 I SystemServer: StartVibratorService
09-15 19:40:40.335  3575  3575 I SystemServer: StartConsumerIrService
09-15 19:40:40.335  3575  3575 E ConsumerIrService: Can't open consumer IR HW Module, error: -2
09-15 19:40:40.336  3575  3575 I SystemServer: StartAlarmManagerService
09-15 19:40:40.336  3575  3575 I SystemServiceManager: Starting com.android.server.AlarmManagerService
09-15 19:40:40.342  3575  3575 I SystemServer: InitWatchdog
09-15 19:40:40.343  3575  3575 I SystemServer: StartInputManagerService
09-15 19:40:40.343  3575  3575 I InputManager: Initializing input manager, mUseDevInputEventForAudioJack=false
09-15 19:40:40.344  3575  3575 I SystemServer: StartWindowManagerService
09-15 19:40:40.352  3575  3672 I WindowManager: No existing display settings /data/system/display_settings.xml; starting empty
09-15 19:40:40.364  3575  3666 I CameraManagerGlobal: Connecting to camera service
09-15 19:40:40.366  3177  3177 E CameraService: getCameraVendorTagDescriptor: camera hardware module doesn't exist
09-15 19:40:40.442  3575  3575 I SystemServer: StartVrManagerService
09-15 19:40:40.442  3575  3575 I SystemServiceManager: Starting com.android.server.vr.VrManagerService
09-15 19:40:40.443  3575  3575 W VrManagerService: init_native: Could not open VR hardware module, error No such file or directory (-2).
09-15 19:40:40.445  3575  3575 I InputManager: Starting input manager
09-15 19:40:40.447  3575  4013 D EventHub: No input device configuration file found for device 'certify_hall'.
09-15 19:40:40.451  3575  3575 I SystemServiceManager: Starting com.android.server.BluetoothService
09-15 19:40:40.453  3575  3575 D BluetoothManagerService: Loading stored name and address
09-15 19:40:40.453  3575  3575 D BluetoothManagerService: Stored bluetooth Name=null,Address=null
09-15 19:40:40.453  3575  3575 D BluetoothManagerService: Bluetooth persisted state: 0
09-15 19:40:40.453  3575  3575 I SystemServer: ConnectivityMetricsLoggerService
09-15 19:40:40.453  3575  3575 I SystemServiceManager: Starting com.android.server.connectivity.MetricsLoggerService
09-15 19:40:40.454  3575  3575 I SystemServer: IpConnectivityMetrics
09-15 19:40:40.454  3575  3575 I SystemServiceManager: Starting com.android.server.connectivity.IpConnectivityMetrics
09-15 19:40:40.455  3575  3575 I SystemServer: PinnerService
09-15 19:40:40.455  3575  3575 I SystemServiceManager: Starting com.android.server.PinnerService
09-15 19:40:40.456  3575  3575 I SystemServiceManager: Starting com.android.server.InputMethodManagerService$Lifecycle
09-15 19:40:40.476  3575  3575 W System  : ClassLoader referenced unknown path: 
09-15 19:40:40.477  3575  3575 D ApplicationLoaders: ignored Vulkan layer search path /system/app/LatinIME/lib/arm64:/system/fake-libs64:/system/app/LatinIME/LatinIME.apk!/lib/arm64-v8a:/system/lib64:/vendor/lib64 for namespace 0x7fa21a31d0
09-15 19:40:40.479  3575  4013 D EventHub: No input device configuration file found for device 'Headset'.
09-15 19:40:40.481  3575  4013 W EventHub: Unable to disable kernel key repeat for /dev/input/event15: Function not implemented
09-15 19:40:40.481  3575  4013 I EventHub: New device: id=2, fd=96, path='/dev/input/event15', name='Headset', classes=0x1, configuration='', keyLayout='/system/usr/keylayout/Generic.kl', keyCharacterMap='/system/usr/keychars/Generic.kcm', builtinKeyboard=false, wakeMechanism=EPOLLWAKEUP, usingClockIoctl=true
09-15 19:40:40.481  3575  4013 D EventHub: No input device configuration file found for device 'gpio_keys'.
09-15 19:40:40.482  3575  4013 W EventHub: Unable to disable kernel key repeat for /dev/input/event16: Function not implemented
09-15 19:40:40.482  3575  4013 I EventHub: New device: id=3, fd=97, path='/dev/input/event16', name='gpio_keys', classes=0x1, configuration='', keyLayout='/system/usr/keylayout/Generic.kl', keyCharacterMap='/system/usr/keychars/Generic.kcm', builtinKeyboard=false, wakeMechanism=EPOLLWAKEUP, usingClockIoctl=true
09-15 19:40:40.482  3575  4013 E EventHub: could not get driver version for /dev/input/mouse1, Not a typewriter
09-15 19:40:40.515  3575  4013 D EventHub: No input device configuration file found for device 'sec_touchpad'.
09-15 19:40:40.516  3575  4013 W EventHub: Unable to disable kernel key repeat for /dev/input/event1: Function not implemented
09-15 19:40:40.516  3575  4013 I EventHub: New device: id=4, fd=99, path='/dev/input/event1', name='sec_touchpad', classes=0x15, configuration='', keyLayout='/system/usr/keylayout/Generic.kl', keyCharacterMap='/system/usr/keychars/Generic.kcm', builtinKeyboard=false, wakeMechanism=EPOLLWAKEUP, usingClockIoctl=true
09-15 19:40:40.517  3575  4013 E EventHub: could not get driver version for /dev/input/mouse0, Not a typewriter
09-15 19:40:40.578  3575  4013 W EventHub: Unable to disable kernel key repeat for /dev/input/event0: Function not implemented
09-15 19:40:40.578  3575  4013 I EventHub: New device: id=5, fd=100, path='/dev/input/event0', name='sec_touchscreen', classes=0x15, configuration='/system/usr/idc/sec_touchscreen.idc', keyLayout='/system/usr/keylayout/Generic.kl', keyCharacterMap='/system/usr/keychars/Generic.kcm', builtinKeyboard=false, wakeMechanism=EPOLLWAKEUP, usingClockIoctl=true
09-15 19:40:40.578  3575  4013 D EventHub: No input device configuration file found for device 'hall'.
09-15 19:40:40.599  3575  3575 W InputMethodManagerService: No IME selected. Choose the most applicable IME.
09-15 19:40:40.602  3181  3181 D wrapperGPS: wrapperConnect_RILD
09-15 19:40:40.605  3575  3575 I InputMethodManagerService: Default found, using com.android.inputmethod.latin/.LatinIME
09-15 19:40:40.607  3575  3575 I SystemServer: StartAccessibilityManagerService
09-15 19:40:40.607  3575  4013 D EventHub: No input device configuration file found for device 'ssp_context'.
09-15 19:40:40.616  3575  3575 I ActivityManager: Config changes=1df8 {1.0 ?mcc?mnc [en_US] ldltr sw411dp w411dp h845dp 560dpi nrml long port ?uimode ?night -touch -keyb/h/h -nav/h s.2}
09-15 19:40:40.618  3575  3664 I UsageStatsDatabase: Upgrading from version 0 to 3
09-15 19:40:40.618  3575  3664 I UsageStatsDatabase: Deleting all usage stats files
09-15 19:40:40.621  3575  3664 I UsageStatsService: User[0] Rollover scheduled @ 2017-09-16 19:40:40(1505590840616)
09-15 19:40:40.621  3575  3664 D UsageStatsService: Initializing defaults for system apps on user 0
09-15 19:40:40.639  3575  4013 D EventHub: No input device configuration file found for device 'meta_event'.
09-15 19:40:40.640  3575  3664 E AppIdleHistory: Unable to read app idle file for user 0
09-15 19:40:40.640  3575  3672 I ActivityManager: Config changes=400 {1.0 ?mcc?mnc [en_US] ldltr sw411dp w411dp h773dp 560dpi nrml long port ?uimode ?night -touch -keyb/h/h -nav/h s.3}
09-15 19:40:40.646  3575  3672 W LocalDisplayAdapter: Unable to find color mode 0, ignoring request.
09-15 19:40:40.653  3575  3575 W LocalDisplayAdapter: Unable to find color mode 0, ignoring request.
09-15 19:40:40.654  3575  3575 I SystemServiceManager: Starting com.android.server.MountService$Lifecycle
09-15 19:40:40.663  3575  3575 I SystemServiceManager: Starting com.android.server.UiModeManagerService
09-15 19:40:40.663  3575  4014 D MountService: Thinking about init, mSystemReady=false, mDaemonConnected=true
09-15 19:40:40.663  3575  4014 D MountService: Thinking about reset, mSystemReady=false, mDaemonConnected=true
09-15 19:40:40.663  3575  4014 D MountService: Thinking about init, mSystemReady=false, mDaemonConnected=true
09-15 19:40:40.663  3575  4014 D MountService: Thinking about reset, mSystemReady=false, mDaemonConnected=true
09-15 19:40:40.663  3575  4014 D CryptdConnector: SND -> {1 cryptfs getfield SystemLocale}
09-15 19:40:40.664  3575  3575 I ActivityManager: Config changes=200 {1.0 ?mcc?mnc [en_US] ldltr sw411dp w411dp h773dp 560dpi nrml long port -touch -keyb/h/h -nav/h s.4}
09-15 19:40:40.664  3575  4016 D CryptdConnector: RCV <- {200 1 -1}
09-15 19:40:40.667  3575  4014 W MountService: No primary storage mounted!
09-15 19:40:40.667  3575  4014 D VoldConnector: SND -> {1 asec list}
09-15 19:40:40.668  3575  4015 D VoldConnector: RCV <- {200 1 asec operation succeeded}
09-15 19:40:40.669  3575  4014 I PackageManager: No secure containers found
09-15 19:40:40.672  3575  4014 W PackageManager: Unknown permission com.google.android.googleapps.permission.GOOGLE_AUTH in package com.android.providers.calendar
09-15 19:40:40.672  3575  4014 W PackageManager: Unknown permission com.google.android.googleapps.permission.GOOGLE_AUTH.cl in package com.android.providers.calendar
09-15 19:40:40.675  3575  4013 D EventHub: No input device configuration file found for device 'interrupt_gyro_sensor'.
09-15 19:40:40.675  3575  4014 W PackageManager: Unknown permission cyanogenmod.permission.LEGALESE in package com.cyanogenmod.setupwizard
09-15 19:40:40.677  3575  4014 W PackageManager: Unknown permission com.android.gallery3d.permission.STORAGE_CHANGE in package com.android.camera2
09-15 19:40:40.678  3575  4014 W PackageManager: Unknown permission android.permission.NFC_UNLOCK in package com.android.nfc
09-15 19:40:40.680  3575  4014 W PackageManager: Unknown permission com.google.android.googleapps.permission.GOOGLE_AUTH.mail in package com.android.calendar
09-15 19:40:40.681  3575  4014 W PackageManager: Unknown permission com.android.launcher.permission.READ_SETTINGS in package com.android.onetimeinitializer
09-15 19:40:40.681  3575  4014 W PackageManager: Unknown permission com.android.launcher.permission.WRITE_SETTINGS in package com.android.onetimeinitializer
09-15 19:40:40.684  3575  4014 W PackageManager: Unknown permission com.android.launcher.permission.READ_SETTINGS in package com.cyanogenmod.trebuchet
09-15 19:40:40.684  3575  4014 W PackageManager: Unknown permission com.android.launcher.permission.WRITE_SETTINGS in package com.cyanogenmod.trebuchet
09-15 19:40:40.685  3575  4014 W PackageManager: Unknown permission com.google.android.permission.INSTALL_WEARABLE_PACKAGES in package com.android.packageinstaller
09-15 19:40:40.685  3575  4014 W PackageManager: Not granting permission android.permission.DELETE_PACKAGES to package com.svox.pico (protectionLevel=18 flags=0x3888be45)
09-15 19:40:40.687  3575  4014 W PackageManager: Unknown permission com.google.android.gallery3d.permission.PICASA_STORE in package com.android.dreams.phototable
09-15 19:40:40.688  3575  4014 W PackageManager: Unknown permission com.google.android.googleapps.permission.GOOGLE_AUTH in package com.android.settings
09-15 19:40:40.689  3575  4014 W PackageManager: Unknown permission com.android.launcher.permission.READ_SETTINGS in package com.android.settings
09-15 19:40:40.689  3575  4014 W PackageManager: Unknown permission com.android.launcher.permission.WRITE_SETTINGS in package com.android.settings
09-15 19:40:40.700  3575  4014 W PackageManager: Not granting permission android.permission.MANAGE_DOCUMENTS to package com.android.deskclock (protectionLevel=2 flags=0x3cc9be45)
09-15 19:40:40.700  3575  4014 W PackageManager: Unknown permission com.android.deskclock.worldclock.permissions.WRITE_DATABASE in package com.android.deskclock
09-15 19:40:40.700  3575  4014 W PackageManager: Unknown permission org.codeaurora.permission.POWER_ON_ALERT in package com.android.deskclock
09-15 19:40:40.700  3575  4014 W PackageManager: Not granting permission android.permission.WRITE_SECURE_SETTINGS to package com.android.deskclock (protectionLevel=50 flags=0x3cc9be45)
09-15 19:40:40.705  3575  4014 W PackageManager: Unknown permission com.cyanogenmod.lockclock.permission.READ_WEATHER in package com.android.systemui
09-15 19:40:40.707  3575  4014 W PackageManager: Unknown permission com.google.android.gallery3d.permission.GALLERY_PROVIDER in package com.android.bluetooth
09-15 19:40:40.708  3575  4014 W PackageManager: Unknown permission com.google.android.googleapps.permission.ACCESS_GOOGLE_PASSWORD in package com.android.development
09-15 19:40:40.709  3575  4014 W PackageManager: Unknown permission com.google.android.googleapps.permission.GOOGLE_AUTH in package com.android.development
09-15 19:40:40.709  3575  4014 W PackageManager: Unknown permission com.google.android.googleapps.permission.GOOGLE_AUTH.ALL_SERVICES in package com.android.development
09-15 19:40:40.709  3575  4014 W PackageManager: Unknown permission com.google.android.googleapps.permission.GOOGLE_AUTH.YouTubeUser in package com.android.development
09-15 19:40:40.715  3575  4013 D EventHub: No input device configuration file found for device 'step_cnt_sensor'.
09-15 19:40:40.779  3575  4013 D EventHub: No input device configuration file found for device 'sig_motion_sensor'.
09-15 19:40:40.811  3575  4013 D EventHub: No input device configuration file found for device 'gesture_sensor'.
09-15 19:40:40.851  3575  4013 D EventHub: No input device configuration file found for device 'temp_humidity_sensor'.
09-15 19:40:40.883  3575  4013 D EventHub: No input device configuration file found for device 'proximity_alert_sensor'.
09-15 19:40:40.931  3575  4013 D EventHub: No input device configuration file found for device 'proximity_sensor'.
09-15 19:40:40.979  3575  4013 D EventHub: No input device configuration file found for device 'light_ir_sensor'.
09-15 19:40:41.011  3575  4013 D EventHub: No input device configuration file found for device 'light_sensor'.
09-15 19:40:41.039  3575  4013 D EventHub: No input device configuration file found for device 'hrm_sensor'.
09-15 19:40:41.079  3575  4013 D EventHub: No input device configuration file found for device 'grip_sensor'.
09-15 19:40:41.115  3575  4013 E EventHub: could not get driver version for /dev/input/mice, Not a typewriter
09-15 19:40:41.181  3575  4013 I InputReader: Device added: id=-1, name='Virtual', sources=0x00000301
09-15 19:40:41.182  3575  4013 W InputReader: Invalid value for touch.size.calibration: 'normalized'
09-15 19:40:41.182  3575  4013 I InputReader:   Touch device 'sec_touchscreen' could not query the properties of its associated display.  The device will be inoperable until the display size becomes available.
09-15 19:40:41.182  3575  4013 I InputReader: Device added: id=5, name='sec_touchscreen', sources=0x00001103
09-15 19:40:41.182  3575  4013 I InputReader:   Touch device 'sec_touchpad' could not query the properties of its associated display.  The device will be inoperable until the display size becomes available.
09-15 19:40:41.182  3575  4013 I InputReader: Device added: id=4, name='sec_touchpad', sources=0x00002103
09-15 19:40:41.182  3575  4013 I InputReader: Device added: id=3, name='gpio_keys', sources=0x00000101
09-15 19:40:41.182  3575  4013 I InputReader: Device added: id=2, name='Headset', sources=0x00000101
09-15 19:40:41.183  3575  4013 I InputReader: Reconfiguring input devices.  changes=0x00000004
09-15 19:40:41.189  3575  4013 I InputReader: Device reconfigured: id=4, name='sec_touchpad', size 1440x2960, orientation 0, mode 4, display id 0
09-15 19:40:41.189  3575  4013 I InputReader: Device reconfigured: id=5, name='sec_touchscreen', size 1440x2960, orientation 0, mode 1, display id 0
09-15 19:40:41.189  3575  4012 I ActivityManager: Config changes=8 {1.0 ?mcc?mnc [en_US] ldltr sw411dp w411dp h773dp 560dpi nrml long port finger -keyb/h/h -nav/h s.5}
09-15 19:40:41.316  3575  3575 W art     : Long monitor contention with owner PackageManager (3678) at void com.android.server.pm.PackageManagerService$PackageHandler.doHandleMessage(android.os.Message)(PackageManagerService.java:1508) waiters=1 in int com.android.server.pm.PackageManagerService.performDexOptInternal(java.lang.String, boolean, java.lang.String, boolean) for 299ms
09-15 19:40:41.316  3575  4014 W MountService: No primary storage defined yet; hacking together a stub
09-15 19:40:41.318  3575  4014 W MountService: No primary storage defined yet; hacking together a stub
09-15 19:40:41.319  3575  4014 W MountService: No primary storage mounted!
09-15 19:40:41.319  3575  4014 D VoldConnector: SND -> {2 asec list}
09-15 19:40:41.320  3575  4015 D VoldConnector: RCV <- {200 2 asec operation succeeded}
09-15 19:40:41.327  3575  3575 I PackageManager.DexOptimizer: Running dexopt (dex2oat) on: /system/app/RootPA/RootPA.apk pkg=com.gd.mobicore.pa isa=arm64 vmSafeMode=false debuggable=false target-filter=verify-at-runtime oatDir = null sharedLibraries=null
09-15 19:40:41.343  4017  4017 I dex2oat : /system/bin/dex2oat --compiler-filter=verify-at-runtime
09-15 19:40:41.405  4017  4017 I dex2oat : dex2oat took 62.794ms (threads: 8) arena alloc=0B (0B) java alloc=27KB (28240B) native alloc=1090KB (1116784B) free=1469KB (1504656B)
09-15 19:40:41.408  3575  3575 I PackageManager.DexOptimizer: Running dexopt (dex2oat) on: /system/priv-app/CalendarProvider/CalendarProvider.apk pkg=com.android.providers.calendar isa=arm64 vmSafeMode=false debuggable=false target-filter=verify-at-runtime oatDir = null sharedLibraries=/system/framework/android.test.runner.jar
09-15 19:40:41.423  4026  4026 I dex2oat : /system/bin/dex2oat --compiler-filter=verify-at-runtime
09-15 19:40:41.513  4026  4026 I dex2oat : dex2oat took 89.995ms (threads: 8) arena alloc=0B (0B) java alloc=35KB (36168B) native alloc=1141KB (1169104B) free=1930KB (1976624B)
09-15 19:40:41.515  3575  3575 I PackageManager.DexOptimizer: Running dexopt (dex2oat) on: /system/priv-app/MediaProvider/MediaProvider.apk pkg=com.android.providers.media isa=arm64 vmSafeMode=false debuggable=false target-filter=verify-at-runtime oatDir = null sharedLibraries=null
09-15 19:40:41.530  4035  4035 I dex2oat : /system/bin/dex2oat --compiler-filter=verify-at-runtime
09-15 19:40:41.592  4035  4035 I dex2oat : dex2oat took 62.730ms (threads: 8) arena alloc=0B (0B) java alloc=31KB (32216B) native alloc=1100KB (1126480B) free=1459KB (1494960B)
09-15 19:40:41.595  3575  3575 I PackageManager.DexOptimizer: Running dexopt (dex2oat) on: /system/priv-app/WallpaperCropper/WallpaperCropper.apk pkg=com.android.wallpapercropper isa=arm64 vmSafeMode=false debuggable=false target-filter=verify-at-runtime oatDir = null sharedLibraries=null
09-15 19:40:41.602  3181  3181 D wrapperGPS: wrapperCloseClient_RILD
09-15 19:40:41.602  3181  3181 D gpsd    : WakeLock(Acquire,GPSD)
09-15 19:40:41.602  3181  3181 D gpsd    : WakeLock(Release,GPSD)
09-15 19:40:41.602  3181  3181 D gpsd    : WakeLock(Acquire,GPSD)
09-15 19:40:41.602  3181  3181 D gpsd    : WakeLock(Release,GPSD)
09-15 19:40:41.609  4044  4044 I dex2oat : /system/bin/dex2oat --compiler-filter=verify-at-runtime
09-15 19:40:41.683  4044  4044 I dex2oat : dex2oat took 74.273ms (threads: 8) arena alloc=0B (0B) java alloc=31KB (32216B) native alloc=1070KB (1096560B) free=1489KB (1524880B)
09-15 19:40:41.686  3575  3575 I PackageManager.DexOptimizer: Running dexopt (dex2oat) on: /system/priv-app/DocumentsUI/DocumentsUI.apk pkg=com.android.documentsui isa=arm64 vmSafeMode=false debuggable=false target-filter=verify-at-runtime oatDir = null sharedLibraries=null
09-15 19:40:41.701  4053  4053 I dex2oat : /system/bin/dex2oat --compiler-filter=verify-at-runtime
09-15 19:40:41.820  4053  4053 I dex2oat : dex2oat took 119.950ms (threads: 8) arena alloc=0B (0B) java alloc=27KB (28240B) native alloc=510KB (523056B) free=2MB (2622672B)
09-15 19:40:41.823  3575  3575 I PackageManager.DexOptimizer: Running dexopt (dex2oat) on: /system/priv-app/ExternalStorageProvider/ExternalStorageProvider.apk pkg=com.android.externalstorage isa=arm64 vmSafeMode=false debuggable=false target-filter=verify-at-runtime oatDir = null sharedLibraries=null
09-15 19:40:41.838  4062  4062 I dex2oat : /system/bin/dex2oat --compiler-filter=verify-at-runtime
09-15 19:40:41.901  4062  4062 I dex2oat : dex2oat took 63.279ms (threads: 8) arena alloc=0B (0B) java alloc=27KB (28240B) native alloc=1061KB (1087376B) free=1498KB (1534064B)
09-15 19:40:41.903  3575  3575 I PackageManager.DexOptimizer: Running dexopt (dex2oat) on: /system/app/HTMLViewer/HTMLViewer.apk pkg=com.android.htmlviewer isa=arm64 vmSafeMode=false debuggable=false target-filter=verify-at-runtime oatDir = null sharedLibraries=null
09-15 19:40:41.918  4071  4071 I dex2oat : /system/bin/dex2oat --compiler-filter=verify-at-runtime
09-15 19:40:41.978  4071  4071 I dex2oat : dex2oat took 60.479ms (threads: 8) arena alloc=0B (0B) java alloc=27KB (28240B) native alloc=878KB (899088B) free=1169KB (1198064B)
09-15 19:40:41.980  3575  3575 I PackageManager.DexOptimizer: Running dexopt (dex2oat) on: /system/priv-app/DownloadProvider/DownloadProvider.apk pkg=com.android.providers.downloads isa=arm64 vmSafeMode=false debuggable=false target-filter=verify-at-runtime oatDir = null sharedLibraries=null
09-15 19:40:41.995  4080  4080 I dex2oat : /system/bin/dex2oat --compiler-filter=verify-at-runtime
09-15 19:40:42.032  4080  4080 I dex2oat : dex2oat took 37.271ms (threads: 8) arena alloc=0B (0B) java alloc=31KB (32216B) native alloc=1142KB (1170096B) free=1417KB (1451344B)
09-15 19:40:42.035  3575  3575 I PackageManager.DexOptimizer: Running dexopt (dex2oat) on: /system/app/messaging/messaging.apk pkg=com.android.messaging isa=arm64 vmSafeMode=false debuggable=false target-filter=verify-at-runtime oatDir = null sharedLibraries=null
09-15 19:40:42.049  4089  4089 I dex2oat : /system/bin/dex2oat --compiler-filter=verify-at-runtime
09-15 19:40:42.251  4089  4089 I dex2oat : dex2oat took 201.739ms (threads: 8) arena alloc=0B (0B) java alloc=27KB (28240B) native alloc=860KB (881144B) free=2MB (2919944B)
09-15 19:40:42.254  3575  3575 I PackageManager.DexOptimizer: Running dexopt (dex2oat) on: /system/app/Terminal/Terminal.apk pkg=com.android.terminal isa=arm64 vmSafeMode=false debuggable=false target-filter=verify-at-runtime oatDir = null sharedLibraries=null
09-15 19:40:42.268  4098  4098 I dex2oat : /system/bin/dex2oat --compiler-filter=verify-at-runtime
09-15 19:40:42.386  4098  4098 I dex2oat : dex2oat took 117.625ms (threads: 8) arena alloc=0B (0B) java alloc=27KB (28240B) native alloc=488KB (500144B) free=2MB (2645584B)
09-15 19:40:42.388  3575  3575 I PackageManager.DexOptimizer: Running dexopt (dex2oat) on: /system/priv-app/AudioFX/AudioFX.apk pkg=org.cyanogenmod.audiofx isa=arm64 vmSafeMode=false debuggable=false target-filter=verify-at-runtime oatDir = null sharedLibraries=null
09-15 19:40:42.403  4107  4107 I dex2oat : /system/bin/dex2oat --compiler-filter=verify-at-runtime
09-15 19:40:42.542  4107  4107 I dex2oat : dex2oat took 139.438ms (threads: 8) arena alloc=0B (0B) java alloc=27KB (28240B) native alloc=474KB (485400B) free=2MB (2660328B)
09-15 19:40:42.545  3575  3575 I PackageManager.DexOptimizer: Running dexopt (dex2oat) on: /system/priv-app/LineageSetupWizard/LineageSetupWizard.apk pkg=com.cyanogenmod.setupwizard isa=arm64 vmSafeMode=false debuggable=false target-filter=verify-at-runtime oatDir = null sharedLibraries=null
09-15 19:40:42.560  4116  4116 I dex2oat : /system/bin/dex2oat --compiler-filter=verify-at-runtime
09-15 19:40:42.640  4116  4116 I dex2oat : dex2oat took 80.687ms (threads: 8) arena alloc=0B (0B) java alloc=31KB (32208B) native alloc=1119KB (1146224B) free=1440KB (1475216B)
09-15 19:40:42.643  3575  3575 I PackageManager.DexOptimizer: Running dexopt (dex2oat) on: /system/app/DownloadProviderUi/DownloadProviderUi.apk pkg=com.android.providers.downloads.ui isa=arm64 vmSafeMode=false debuggable=false target-filter=verify-at-runtime oatDir = null sharedLibraries=null
09-15 19:40:42.658  4125  4125 I dex2oat : /system/bin/dex2oat --compiler-filter=verify-at-runtime
09-15 19:40:42.718  4125  4125 I dex2oat : dex2oat took 60.831ms (threads: 8) arena alloc=0B (0B) java alloc=31KB (32208B) native alloc=860KB (881232B) free=1187KB (1215920B)
09-15 19:40:42.721  3575  3575 I PackageManager.DexOptimizer: Running dexopt (dex2oat) on: /system/app/PacProcessor/PacProcessor.apk pkg=com.android.pacprocessor isa=arm64 vmSafeMode=false debuggable=false target-filter=verify-at-runtime oatDir = null sharedLibraries=null
09-15 19:40:42.735  4134  4134 I dex2oat : /system/bin/dex2oat --compiler-filter=verify-at-runtime
09-15 19:40:42.796  4134  4134 I dex2oat : dex2oat took 61.042ms (threads: 8) arena alloc=0B (0B) java alloc=27KB (28240B) native alloc=858KB (878608B) free=1189KB (1218544B)
09-15 19:40:42.798  3575  3575 I PackageManager.DexOptimizer: Running dexopt (dex2oat) on: /system/app/CertInstaller/CertInstaller.apk pkg=com.android.certinstaller isa=arm64 vmSafeMode=false debuggable=false target-filter=verify-at-runtime oatDir = null sharedLibraries=null
09-15 19:40:42.813  4143  4143 I dex2oat : /system/bin/dex2oat --compiler-filter=verify-at-runtime
09-15 19:40:42.885  4143  4143 I dex2oat : dex2oat took 71.859ms (threads: 8) arena alloc=0B (0B) java alloc=31KB (32216B) native alloc=1005KB (1030096B) free=1554KB (1591344B)
09-15 19:40:42.887  3575  3575 I PackageManager.DexOptimizer: Running dexopt (dex2oat) on: /system/priv-app/CarrierConfig/CarrierConfig.apk pkg=com.android.carrierconfig isa=arm64 vmSafeMode=false debuggable=false target-filter=verify-at-runtime oatDir = null sharedLibraries=null
09-15 19:40:42.902  4152  4152 I dex2oat : /system/bin/dex2oat --compiler-filter=verify-at-runtime
09-15 19:40:42.962  4152  4152 I dex2oat : dex2oat took 60.601ms (threads: 8) arena alloc=0B (0B) java alloc=31KB (32216B) native alloc=858KB (878672B) free=1189KB (1218480B)
09-15 19:40:42.965  3575  3575 I PackageManager.DexOptimizer: Running dexopt (dex2oat) on: /system/priv-app/Contacts/Contacts.apk pkg=com.android.contacts isa=arm64 vmSafeMode=false debuggable=false target-filter=verify-at-runtime oatDir = null sharedLibraries=null
09-15 19:40:42.979  4161  4161 I dex2oat : /system/bin/dex2oat --compiler-filter=verify-at-runtime
09-15 19:40:43.083  4161  4161 I dex2oat : dex2oat took 103.942ms (threads: 8) arena alloc=0B (0B) java alloc=27KB (28240B) native alloc=535KB (547912B) free=2MB (2597816B)
09-15 19:40:43.086  3575  3575 I PackageManager.DexOptimizer: Running dexopt (dex2oat) on: /system/app/Camera2/Camera2.apk pkg=com.android.camera2 isa=arm64 vmSafeMode=false debuggable=false target-filter=verify-at-runtime oatDir = null sharedLibraries=null
09-15 19:40:43.101  4170  4170 I dex2oat : /system/bin/dex2oat --compiler-filter=verify-at-runtime
09-15 19:40:43.211  4170  4170 I dex2oat : dex2oat took 110.842ms (threads: 8) arena alloc=0B (0B) java alloc=27KB (28240B) native alloc=422KB (432680B) free=2MB (2713048B)
09-15 19:40:43.214  3575  3575 I PackageManager.DexOptimizer: Running dexopt (dex2oat) on: /system/priv-app/Recorder/Recorder.apk pkg=org.lineageos.recorder isa=arm64 vmSafeMode=false debuggable=false target-filter=verify-at-runtime oatDir = null sharedLibraries=null
09-15 19:40:43.228  4179  4179 I dex2oat : /system/bin/dex2oat --compiler-filter=verify-at-runtime
09-15 19:40:43.297  4179  4179 I dex2oat : dex2oat took 68.665ms (threads: 8) arena alloc=0B (0B) java alloc=27KB (28240B) native alloc=498KB (510512B) free=2MB (2635216B)
09-15 19:40:43.299  3575  3575 I PackageManager.DexOptimizer: Running dexopt (dex2oat) on: /system/app/EasterEgg/EasterEgg.apk pkg=com.android.egg isa=arm64 vmSafeMode=false debuggable=false target-filter=verify-at-runtime oatDir = null sharedLibraries=null
09-15 19:40:43.314  4188  4188 I dex2oat : /system/bin/dex2oat --compiler-filter=verify-at-runtime
09-15 19:40:43.348  4188  4188 I dex2oat : dex2oat took 34.564ms (threads: 8) arena alloc=0B (0B) java alloc=27KB (28240B) native alloc=1099KB (1125680B) free=1460KB (1495760B)
09-15 19:40:43.350  3575  3575 I PackageManager.DexOptimizer: Running dexopt (dex2oat) on: /system/priv-app/MtpDocumentsProvider/MtpDocumentsProvider.apk pkg=com.android.mtp isa=arm64 vmSafeMode=false debuggable=false target-filter=verify-at-runtime oatDir = null sharedLibraries=null
09-15 19:40:43.365  4197  4197 I dex2oat : /system/bin/dex2oat --compiler-filter=verify-at-runtime
09-15 19:40:43.386  4197  4197 I dex2oat : dex2oat took 21.039ms (threads: 8) arena alloc=0B (0B) java alloc=31KB (32208B) native alloc=1022KB (1046896B) free=1537KB (1574544B)
