--------- beginning of system
09-07 02:38:55.308  3066  3066 I vold    : Vold 3.0 (the awakening) firing up
09-07 02:38:55.308  3066  3066 V vold    : Detected support for: exfat ext4 f2fs ntfs vfat
09-07 02:38:55.310  3066  3066 W Vold    : Tearing down stale mount /mnt/secure/asec
09-07 02:38:55.330  3066  3066 W Vold    : Tearing down stale mount /mnt/secure
09-07 02:38:55.350  3066  3133 D vold    : e4crypt_init_user0
09-07 02:38:55.350  3066  3133 D vold    : e4crypt_prepare_user_storage for volume null, user 0, serial 0, flags 1
09-07 02:38:55.350  3066  3133 D vold    : Preparing: /data/system/users/0
09-07 02:38:55.350  3066  3133 D vold    : Preparing: /data/misc/profiles/cur/0
09-07 02:38:55.350  3066  3133 D vold    : Preparing: /data/misc/profiles/cur/0/foreign-dex
09-07 02:38:55.350  3066  3133 D vold    : Preparing: /data/system_de/0
09-07 02:38:55.350  3066  3133 D vold    : Preparing: /data/misc_de/0
09-07 02:38:55.350  3066  3133 D vold    : Preparing: /data/user_de/0
09-07 02:38:55.350  3066  3133 D vold    : e4crypt_unlock_user_key 0 serial=0 token_present=0
09-07 02:38:55.350  3066  3133 E vold    : Failed to chmod /data/system_ce/0: No such file or directory
09-07 02:38:55.350  3066  3133 E vold    : Failed to chmod /data/misc_ce/0: No such file or directory
09-07 02:39:01.978  3576  3576 I InstallerConnection: connecting...
09-07 02:39:07.040  3576  3576 I InstallerConnection: disconnecting...
09-07 02:39:07.069  3576  3576 I SystemServer: Entered the Android system server!
09-07 02:39:07.090  3576  3576 I SystemServiceManager: Starting com.android.server.pm.Installer
09-07 02:39:07.091  3576  3576 I Installer: Waiting for installd to be ready.
09-07 02:39:07.091  3576  3576 I InstallerConnection: connecting...
09-07 02:39:07.091  3576  3576 I SystemServiceManager: Starting com.android.server.am.ActivityManagerService$Lifecycle
09-07 02:39:07.100  3576  3576 I ActivityManager: Memory class: 256
09-07 02:39:07.101  3576  3665 I ServiceThread: Enabled StrictMode logging for ActivityManager looper.
09-07 02:39:07.101  3576  3666 I ServiceThread: Enabled StrictMode logging for android.ui looper.
09-07 02:39:07.137  3576  3576 D BatteryStatsImpl: Reading daily items from /data/system/batterystats-daily.xml
09-07 02:39:07.169  3576  3576 I AppOps  : No existing app ops /data/system/appops.xml; starting empty
09-07 02:39:07.255  3576  3576 I IntentFirewall: Read new rules (A:0 B:0 S:0)
09-07 02:39:07.259  3576  3672 I ServiceThread: Enabled StrictMode logging for android.display looper.
09-07 02:39:07.268  3576  3576 D AppOps  : AppOpsService published
09-07 02:39:07.269  3576  3576 I SystemServiceManager: Starting com.android.server.power.PowerManagerService
09-07 02:39:07.270  3576  3674 I ServiceThread: Enabled StrictMode logging for PowerManagerService looper.
09-07 02:39:07.275  3576  3576 I SystemServiceManager: Starting com.android.server.lights.LightsService
09-07 02:39:07.276  3576  3576 I SystemServiceManager: Starting com.android.server.display.DisplayManagerService
09-07 02:39:07.278  3576  3576 I SystemServiceManager: Starting phase 100
09-07 02:39:07.279  3576  3672 W LocalDisplayAdapter: Unable to get active color mode for display device 0
09-07 02:39:07.280  3576  3672 E LocalDisplayAdapter: Default and active color mode is no longer available! Reverting to first available mode.
09-07 02:39:07.281  3576  3672 I DisplayManagerService: Display device added: DisplayDeviceInfo{"Built-in Screen": uniqueId="local:0", 1440 x 2960, modeId 1, defaultModeId 1, supportedModes [{id=1, width=1440, height=2960, fps=60.000004}], colorMode -22, supportedColorModes [-22], HdrCapabilities android.view.Display$HdrCapabilities@a69d6308, density 560, 522.514 x 525.762 dpi, appVsyncOff 1000000, presDeadline 16666666, touch INTERNAL, rotation 0, type BUILT_IN, state UNKNOWN, FLAG_DEFAULT_DISPLAY, FLAG_ROTATES_WITH_CONTENT, FLAG_SECURE, FLAG_SUPPORTS_PROTECTED_BUFFERS}
09-07 02:39:07.283  3576  3672 I DisplayManagerService: Display device changed state: "Built-in Screen", ON
09-07 02:39:07.284  3576  3576 I SystemServer: StartPackageManagerService
09-07 02:39:07.289  3576  3576 W FileUtils: Failed to chmod(/data/system/packages.list): android.system.ErrnoException: chmod failed: ENOENT (No such file or directory)
09-07 02:39:07.418  3576  3576 D SELinuxMMAC: Using policy file /system/etc/security/mac_permissions.xml
09-07 02:39:07.425  3576  3576 I PackageManager: No settings file; creating initial state
09-07 02:39:08.310  3576  3576 W PackageManager: Library not found: /system/framework/org.apache.http.legacy.jar
09-07 02:39:08.829  3576  3576 W PackageManager: Library not found: /system/framework/org.apache.http.legacy.jar
09-07 02:39:08.986  3576  3824 I PackageManager: /system/framework/org.cyanogenmod.platform-res.apk changed; collecting certs
09-07 02:39:08.999  3576  3824 W PackageManager: Permission cyanogenmod.permission.WRITE_ALARMS from package cyanogenmod.platform in an unknown group android.permission-group.SYSTEM_CLOCK
09-07 02:39:08.999  3576  3824 W PackageManager: Permission cyanogenmod.permission.MANAGE_ALARMS from package cyanogenmod.platform in an unknown group android.permission-group.SYSTEM_CLOCK
09-07 02:39:08.999  3576  3824 W PackageManager: Permission cyanogenmod.permission.READ_ALARMS from package cyanogenmod.platform in an unknown group android.permission-group.SYSTEM_CLOCK
09-07 02:39:09.054  3576  3823 I PackageManager: /system/framework/framework-res.apk changed; collecting certs
09-07 02:39:09.163  3576  3823 I PackageManager: /system/priv-app/CMSettingsProvider changed; collecting certs
09-07 02:39:09.165  3576  3827 I PackageManager: /system/priv-app/BlockedNumberProvider changed; collecting certs
09-07 02:39:09.168  3576  3828 I PackageManager: /system/priv-app/CMAudioService changed; collecting certs
09-07 02:39:09.168  3576  3826 I PackageManager: /system/priv-app/BackupRestoreConfirmation changed; collecting certs
09-07 02:39:09.169  3576  3825 I PackageManager: /system/priv-app/AudioFX changed; collecting certs
09-07 02:39:09.178  3576  3824 I PackageManager: /system/priv-app/CMParts changed; collecting certs
09-07 02:39:09.179  3576  3827 I PackageManager: /system/priv-app/CallLogBackup changed; collecting certs
09-07 02:39:09.182  3576  3823 I PackageManager: /system/priv-app/CalendarProvider changed; collecting certs
09-07 02:39:09.184  3576  3828 I PackageManager: /system/priv-app/CarrierConfig changed; collecting certs
09-07 02:39:09.199  3576  3826 I PackageManager: /system/priv-app/CellBroadcastReceiver changed; collecting certs
09-07 02:39:09.202  3576  3825 I PackageManager: /system/priv-app/ContactsProvider changed; collecting certs
09-07 02:39:09.202  3576  3823 I PackageManager: /system/priv-app/DefaultContainerService changed; collecting certs
09-07 02:39:09.211  3576  3828 I PackageManager: /system/priv-app/CtsShimPrivPrebuilt changed; collecting certs
09-07 02:39:09.223  3576  3825 I PackageManager: /system/priv-app/DownloadProvider changed; collecting certs
09-07 02:39:09.225  3576  3823 I PackageManager: /system/priv-app/DocumentsUI changed; collecting certs
09-07 02:39:09.229  3576  3826 I PackageManager: /system/priv-app/Eleven changed; collecting certs
09-07 02:39:09.229  3576  3827 W PackageParser: No actions in intent filter at /system/priv-app/Contacts/Contacts.apk Binary XML file line #431
09-07 02:39:09.234  3576  3825 W PackageManager: Permission android.permission.DOWNLOAD_WITHOUT_NOTIFICATION from package com.android.providers.downloads in an unknown group android.permission-group.NETWORK
09-07 02:39:09.236  3576  3827 I PackageManager: /system/priv-app/Contacts changed; collecting certs
09-07 02:39:09.239  3576  3825 I PackageManager: /system/priv-app/ExtServices changed; collecting certs
09-07 02:39:09.241  3576  3824 W PackageParser: No actions in intent filter at /system/priv-app/Dialer/Dialer.apk Binary XML file line #207
09-07 02:39:09.244  3576  3828 I PackageManager: /system/priv-app/EmergencyInfo changed; collecting certs
09-07 02:39:09.244  3576  3823 I PackageManager: /system/priv-app/ExternalStorageProvider changed; collecting certs
09-07 02:39:09.248  3576  3824 I PackageManager: /system/priv-app/Dialer changed; collecting certs
09-07 02:39:09.255  3576  3825 I PackageManager: /system/priv-app/FusedLocation changed; collecting certs
09-07 02:39:09.276  3576  3825 I PackageManager: /system/priv-app/InputDevices changed; collecting certs
09-07 02:39:09.283  3576  3827 I PackageManager: /system/priv-app/MediaProvider changed; collecting certs
09-07 02:39:09.283  3576  3828 I PackageManager: /system/priv-app/LineageSetupWizard changed; collecting certs
09-07 02:39:09.286  3576  3825 I PackageManager: /system/priv-app/MmsService changed; collecting certs
09-07 02:39:09.290  3576  3826 I PackageManager: /system/priv-app/ManagedProvisioning changed; collecting certs
09-07 02:39:09.292  3576  3823 I PackageManager: /system/priv-app/Gallery2 changed; collecting certs
09-07 02:39:09.303  3576  3825 I PackageManager: /system/priv-app/OneTimeInitializer changed; collecting certs
09-07 02:39:09.306  3576  3827 I PackageManager: /system/priv-app/MtpDocumentsProvider changed; collecting certs
09-07 02:39:09.314  3576  3828 I PackageManager: /system/priv-app/ProxyHandler changed; collecting certs
09-07 02:39:09.321  3576  3827 I PackageManager: /system/priv-app/SettingsProvider changed; collecting certs
09-07 02:39:09.327  3576  3825 I PackageManager: /system/priv-app/Recorder changed; collecting certs
09-07 02:39:09.329  3576  3826 I PackageManager: /system/priv-app/PackageInstaller changed; collecting certs
09-07 02:39:09.332  3576  3828 I PackageManager: /system/priv-app/SharedStorageBackup changed; collecting certs
09-07 02:39:09.338  3576  3823 I PackageManager: /system/priv-app/StatementService changed; collecting certs
09-07 02:39:09.341  3576  3827 W PackageParser: Ignoring duplicate uses-permissions/uses-permissions-sdk-m: android.permission.INSTALL_GRANT_RUNTIME_PERMISSIONS in package: com.android.shell at: Binary XML file line #102
09-07 02:39:09.346  3576  3827 I PackageManager: /system/priv-app/Shell changed; collecting certs
09-07 02:39:09.352  3576  3823 I PackageManager: /system/priv-app/Tag changed; collecting certs
09-07 02:39:09.353  3576  3825 I PackageManager: /system/priv-app/StorageManager changed; collecting certs
09-07 02:39:09.371  3576  3823 I PackageManager: /system/priv-app/TelephonyProvider changed; collecting certs
09-07 02:39:09.377  3576  3827 I PackageManager: /system/priv-app/Telecom changed; collecting certs
09-07 02:39:09.380  3576  3828 W PackageParser: Ignoring duplicate uses-permissions/uses-permissions-sdk-m: android.permission.CONFIGURE_WIFI_DISPLAY in package: com.android.systemui at: Binary XML file line #117
09-07 02:39:09.392  3576  3824 W PackageParser: Ignoring duplicate uses-permissions/uses-permissions-sdk-m: android.permission.USE_CREDENTIALS in package: com.android.settings at: Binary XML file line #56
09-07 02:39:09.393  3576  3824 W PackageParser: Ignoring duplicate uses-permissions/uses-permissions-sdk-m: android.permission.READ_SYNC_SETTINGS in package: com.android.settings at: Binary XML file line #61
09-07 02:39:09.393  3576  3824 W PackageParser: Ignoring duplicate uses-permissions/uses-permissions-sdk-m: android.permission.WRITE_SYNC_SETTINGS in package: com.android.settings at: Binary XML file line #62
09-07 02:39:09.394  3576  3828 I PackageManager: /system/priv-app/SystemUI changed; collecting certs
09-07 02:39:09.397  3576  3827 I PackageManager: /system/priv-app/VpnDialogs changed; collecting certs
09-07 02:39:09.402  3576  3825 I PackageManager: /system/priv-app/Updater changed; collecting certs
09-07 02:39:09.402  3576  3823 I PackageManager: /system/priv-app/Trebuchet changed; collecting certs
09-07 02:39:09.413  3576  3823 W PackageManager: Permission com.android.launcher.permission.INSTALL_SHORTCUT from package com.cyanogenmod.trebuchet in an unknown group android.permission-group.SYSTEM_TOOLS
09-07 02:39:09.414  3576  3823 W PackageManager: Permission com.android.launcher3.permission.READ_SETTINGS from package com.cyanogenmod.trebuchet in an unknown group android.permission-group.SYSTEM_TOOLS
09-07 02:39:09.414  3576  3823 W PackageManager: Permission com.android.launcher3.permission.WRITE_SETTINGS from package com.cyanogenmod.trebuchet in an unknown group android.permission-group.SYSTEM_TOOLS
09-07 02:39:09.415  3576  3827 I PackageManager: /system/priv-app/WallpaperCropper changed; collecting certs
09-07 02:39:09.420  3576  3826 I PackageManager: /system/priv-app/TeleService changed; collecting certs
09-07 02:39:09.426  3576  3825 I PackageManager: /system/priv-app/WeatherProvider changed; collecting certs
09-07 02:39:09.426  3576  3823 I PackageManager: /system/priv-app/WeatherManagerService changed; collecting certs
09-07 02:39:09.508  3576  3824 I PackageManager: /system/priv-app/Settings changed; collecting certs
09-07 02:39:09.605  3576  3823 I PackageManager: /system/app/BasicDreams changed; collecting certs
09-07 02:39:09.607  3576  3826 I PackageManager: /system/app/BookmarkProvider changed; collecting certs
09-07 02:39:09.608  3576  3828 I PackageManager: /system/app/BluetoothMidiService changed; collecting certs
09-07 02:39:09.614  3576  3827 I PackageManager: /system/app/AdvancedDisplay changed; collecting certs
09-07 02:39:09.618  3576  3825 W PackageParser: No actions in intent filter at /system/app/Bluetooth/Bluetooth.apk Binary XML file line #226
09-07 02:39:09.619  3576  3828 I PackageManager: /system/app/CaptivePortalLogin changed; collecting certs
09-07 02:39:09.622  3576  3825 I PackageManager: /system/app/Bluetooth changed; collecting certs
09-07 02:39:09.625  3576  3824 I PackageManager: /system/app/Calendar changed; collecting certs
09-07 02:39:09.628  3576  3826 I PackageManager: /system/app/CertInstaller changed; collecting certs
09-07 02:39:09.629  3576  3828 I PackageManager: /system/app/CtsShimPrebuilt changed; collecting certs
09-07 02:39:09.634  3576  3828 W PackageManager: Non-privileged app; cap priority to 0; package: com.android.cts.ctsshim activity: com.android.cts.ctsshim.InstallPriority origPrio: 100
09-07 02:39:09.634  3576  3828 W PackageManager: Non-privileged app; cap priority to 0; package: com.android.cts.ctsshim activity: com.android.cts.ctsshim.InstallPriority origPrio: 100
09-07 02:39:09.634  3576  3828 W PackageManager: Non-privileged app; cap priority to 0; package: com.android.cts.ctsshim activity: com.android.cts.ctsshim.InstallPriority origPrio: 100
09-07 02:39:09.634  3576  3828 W PackageManager: Non-privileged app; cap priority to 0; package: com.android.cts.ctsshim activity: com.android.cts.ctsshim.InstallPriority origPrio: 100
09-07 02:39:09.634  3576  3828 W PackageManager: Non-privileged app; cap priority to 0; package: com.android.cts.ctsshim activity: com.android.cts.ctsshim.InstallPriority origPrio: 100
09-07 02:39:09.638  3576  3824 W PackageManager: Non-privileged app; cap priority to 0; package: com.android.calendar activity: com.android.calendar.GoogleCalendarUriIntentFilter origPrio: 50
09-07 02:39:09.641  3576  3823 I PackageManager: /system/app/Camera2 changed; collecting certs
09-07 02:39:09.642  3576  3826 I PackageManager: /system/app/DownloadProviderUi changed; collecting certs
09-07 02:39:09.646  3576  3824 I PackageManager: /system/app/EasterEgg changed; collecting certs
09-07 02:39:09.651  3576  3828 I PackageManager: /system/app/Development changed; collecting certs
09-07 02:39:09.653  3576  3827 W PackageParser: Ignoring duplicate uses-permissions/uses-permissions-sdk-m: android.permission.WRITE_SETTINGS in package: com.android.deskclock at: Binary XML file line #45
09-07 02:39:09.659  3576  3826 I PackageManager: /system/app/ExactCalculator changed; collecting certs
09-07 02:39:09.665  3576  3827 I PackageManager: /system/app/DeskClock changed; collecting certs
09-07 02:39:09.667  3576  3824 I PackageManager: /system/app/ExtShared changed; collecting certs
09-07 02:39:09.675  3576  3828 I PackageManager: /system/app/Exchange2 changed; collecting certs
09-07 02:39:09.679  3576  3823 I PackageManager: /system/app/HTMLViewer changed; collecting certs
09-07 02:39:09.684  3576  3826 I PackageManager: /system/app/Jelly changed; collecting certs
09-07 02:39:09.687  3576  3824 I PackageManager: /system/app/KeyChain changed; collecting certs
09-07 02:39:09.701  3576  3826 I PackageManager: /system/app/PacProcessor changed; collecting certs
09-07 02:39:09.701  3576  3828 I PackageManager: /system/app/LiveWallpapersPicker changed; collecting certs
09-07 02:39:09.706  3576  3824 I PackageManager: /system/app/LockClock changed; collecting certs
09-07 02:39:09.707  3576  3827 W PackageParser: Ignoring duplicate uses-permissions/uses-permissions-sdk-m: android.permission.CHANGE_WIFI_STATE in package: com.android.nfc at: Binary XML file line #47
09-07 02:39:09.707  3576  3827 W PackageParser: Ignoring duplicate uses-permissions/uses-permissions-sdk-m: android.permission.ACCESS_WIFI_STATE in package: com.android.nfc at: Binary XML file line #48
09-07 02:39:09.712  3576  3827 I PackageManager: /system/app/NfcNci changed; collecting certs
09-07 02:39:09.713  3576  3825 I PackageManager: /system/app/Email changed; collecting certs
09-07 02:39:09.724  3576  3826 I PackageManager: /system/app/PhotoTable changed; collecting certs
09-07 02:39:09.724  3576  3828 I PackageManager: /system/app/PicoTts changed; collecting certs
09-07 02:39:09.733  3576  3823 I PackageManager: /system/app/LatinIME changed; collecting certs
09-07 02:39:09.735  3576  3827 I PackageManager: /system/app/PrintRecommendationService changed; collecting certs
09-07 02:39:09.739  3576  3828 I PackageManager: /system/app/Profiles changed; collecting certs
09-07 02:39:09.743  3576  3824 I PackageManager: /system/app/PrintSpooler changed; collecting certs
09-07 02:39:09.743  3576  3826 I PackageManager: /system/app/RootPA changed; collecting certs
09-07 02:39:09.756  3576  3825 W PackageManager: Permission com.android.email.permission.READ_ATTACHMENT from package com.android.email in an unknown group android.permission-group.MESSAGES
09-07 02:39:09.756  3576  3828 I PackageManager: /system/app/Terminal changed; collecting certs
09-07 02:39:09.758  3576  3824 I PackageManager: /system/app/WAPPushManager changed; collecting certs
09-07 02:39:09.758  3576  3827 I PackageManager: /system/app/Stk changed; collecting certs
09-07 02:39:09.759  3576  3826 I PackageManager: /system/app/UserDictionaryProvider changed; collecting certs
09-07 02:39:09.765  3576  3825 I PackageManager: /system/app/WallpaperBackup changed; collecting certs
09-07 02:39:09.766  3576  3828 W PackageManager: Failed to parse /system/app/mcRegistry: Missing base APK in /system/app/mcRegistry
09-07 02:39:09.771  3576  3824 I PackageManager: /system/app/WallpaperPicker changed; collecting certs
09-07 02:39:09.777  3576  3828 I PackageManager: /system/app/telresources changed; collecting certs
09-07 02:39:09.793  3576  3825 I PackageManager: /system/app/webview changed; collecting certs
09-07 02:39:09.807  3576  3826 I PackageManager: /system/app/messaging changed; collecting certs
09-07 02:39:10.122  3576  3576 E PackageManager: There should probably be exactly one setup wizard; found 0: matches=[]
09-07 02:39:10.122  3576  3576 W PackageManager: Protected action; cap priority to 0; package: com.android.cts.priv.ctsshim activity: com.android.cts.priv.ctsshim.InstallPriority origPrio: 100
09-07 02:39:10.123  3576  3576 W PackageManager: Protected action; cap priority to 0; package: com.android.cts.priv.ctsshim activity: com.android.cts.priv.ctsshim.InstallPriority origPrio: 100
09-07 02:39:10.123  3576  3576 W PackageManager: Protected action; cap priority to 0; package: com.android.cts.priv.ctsshim activity: com.android.cts.priv.ctsshim.InstallPriority origPrio: 100
09-07 02:39:10.123  3576  3576 W PackageManager: Protected action; cap priority to 0; package: com.android.cts.priv.ctsshim activity: com.android.cts.priv.ctsshim.InstallPriority origPrio: 100
09-07 02:39:10.123  3576  3576 W PackageManager: Protected action; cap priority to 0; package: com.android.packageinstaller activity: com.android.packageinstaller.PackageInstallerActivity origPrio: 1
09-07 02:39:10.123  3576  3576 W PackageManager: Package com.android.gallery3d desires unavailable shared library com.google.android.media.effects; ignoring!
09-07 02:39:10.123  3576  3576 W PackageManager: Package com.android.gallery3d desires unavailable shared library com.google.android.media.effects; ignoring!
09-07 02:39:10.124  3576  3576 I PackageManager: Adjusting ABI for com.android.providers.downloads to arm64-v8a (requirer=com.android.mtp, scannedPackage=null)
09-07 02:39:10.125  3576  3576 I PackageManager: Adjusting ABI for com.android.providers.media to arm64-v8a (requirer=com.android.mtp, scannedPackage=null)
09-07 02:39:10.125  3576  3576 I PackageManager: Adjusting ABI for com.android.providers.downloads.ui to arm64-v8a (requirer=com.android.mtp, scannedPackage=null)
09-07 02:39:10.126  3576  3576 I PackageManager: Adjusting ABI for com.android.server.telecom to arm64-v8a (requirer=android, scannedPackage=null)
09-07 02:39:10.126  3576  3576 I PackageManager: Adjusting ABI for cyanogenmod.platform to arm64-v8a (requirer=android, scannedPackage=null)
09-07 02:39:10.127  3576  3576 I PackageManager: Adjusting ABI for org.cyanogenmod.cmsettings to arm64-v8a (requirer=android, scannedPackage=null)
09-07 02:39:10.127  3576  3576 I PackageManager: Adjusting ABI for com.android.settings to arm64-v8a (requirer=android, scannedPackage=null)
09-07 02:39:10.127  3576  3576 I PackageManager: Adjusting ABI for com.android.keychain to arm64-v8a (requirer=android, scannedPackage=null)
09-07 02:39:10.128  3576  3576 I PackageManager: Adjusting ABI for com.cyanogenmod.settings.device to arm64-v8a (requirer=android, scannedPackage=null)
09-07 02:39:10.128  3576  3576 I PackageManager: Adjusting ABI for com.android.development to arm64-v8a (requirer=android, scannedPackage=null)
09-07 02:39:10.129  3576  3576 I PackageManager: Adjusting ABI for com.android.inputdevices to arm64-v8a (requirer=android, scannedPackage=null)
09-07 02:39:10.129  3576  3576 I PackageManager: Adjusting ABI for com.android.wallpaperbackup to arm64-v8a (requirer=android, scannedPackage=null)
09-07 02:39:10.129  3576  3576 I PackageManager: Adjusting ABI for com.cyanogenmod.setupwizard to arm64-v8a (requirer=android, scannedPackage=null)
09-07 02:39:10.130  3576  3576 I PackageManager: Adjusting ABI for com.android.location.fused to arm64-v8a (requirer=android, scannedPackage=null)
09-07 02:39:10.130  3576  3576 I PackageManager: Adjusting ABI for com.android.providers.settings to arm64-v8a (requirer=android, scannedPackage=null)
09-07 02:39:10.130  3576  3576 I PackageManager: Adjusting ABI for org.cyanogenmod.cmparts to arm64-v8a (requirer=android, scannedPackage=null)
09-07 02:39:10.132  3576  3576 I PackageManager: Time to scan packages: 2.701 seconds
09-07 02:39:10.134  3576  3576 W PackageManager: Unknown permission com.google.android.googleapps.permission.GOOGLE_AUTH in package com.android.providers.calendar
09-07 02:39:10.134  3576  3576 W PackageManager: Unknown permission com.google.android.googleapps.permission.GOOGLE_AUTH.cl in package com.android.providers.calendar
09-07 02:39:10.140  3576  3576 W PackageManager: Unknown permission cyanogenmod.permission.LEGALESE in package com.cyanogenmod.setupwizard
09-07 02:39:10.142  3576  3576 W PackageManager: Unknown permission com.android.gallery3d.permission.STORAGE_CHANGE in package com.android.camera2
09-07 02:39:10.143  3576  3576 W PackageManager: Unknown permission android.permission.NFC_UNLOCK in package com.android.nfc
09-07 02:39:10.147  3576  3576 W PackageManager: Unknown permission com.google.android.googleapps.permission.GOOGLE_AUTH.mail in package com.android.calendar
09-07 02:39:10.148  3576  3576 W PackageManager: Unknown permission com.android.launcher.permission.READ_SETTINGS in package com.android.onetimeinitializer
09-07 02:39:10.148  3576  3576 W PackageManager: Unknown permission com.android.launcher.permission.WRITE_SETTINGS in package com.android.onetimeinitializer
09-07 02:39:10.153  3576  3576 W PackageManager: Unknown permission com.android.launcher.permission.READ_SETTINGS in package com.cyanogenmod.trebuchet
09-07 02:39:10.154  3576  3576 W PackageManager: Unknown permission com.android.launcher.permission.WRITE_SETTINGS in package com.cyanogenmod.trebuchet
09-07 02:39:10.155  3576  3576 W PackageManager: Unknown permission com.google.android.permission.INSTALL_WEARABLE_PACKAGES in package com.android.packageinstaller
09-07 02:39:10.155  3576  3576 W PackageManager: Not granting permission android.permission.DELETE_PACKAGES to package com.svox.pico (protectionLevel=18 flags=0x3808be45)
09-07 02:39:10.158  3576  3576 W PackageManager: Unknown permission com.google.android.gallery3d.permission.PICASA_STORE in package com.android.dreams.phototable
09-07 02:39:10.159  3576  3576 W PackageManager: Unknown permission com.google.android.googleapps.permission.GOOGLE_AUTH in package com.android.settings
09-07 02:39:10.160  3576  3576 W PackageManager: Unknown permission com.android.launcher.permission.READ_SETTINGS in package com.android.settings
09-07 02:39:10.160  3576  3576 W PackageManager: Unknown permission com.android.launcher.permission.WRITE_SETTINGS in package com.android.settings
09-07 02:39:10.174  3576  3576 W PackageManager: Not granting permission android.permission.MANAGE_DOCUMENTS to package com.android.deskclock (protectionLevel=2 flags=0x3c49be45)
09-07 02:39:10.174  3576  3576 W PackageManager: Unknown permission com.android.deskclock.worldclock.permissions.WRITE_DATABASE in package com.android.deskclock
09-07 02:39:10.174  3576  3576 W PackageManager: Unknown permission org.codeaurora.permission.POWER_ON_ALERT in package com.android.deskclock
09-07 02:39:10.175  3576  3576 W PackageManager: Not granting permission android.permission.WRITE_SECURE_SETTINGS to package com.android.deskclock (protectionLevel=50 flags=0x3c49be45)
09-07 02:39:10.180  3576  3576 W PackageManager: Unknown permission com.cyanogenmod.lockclock.permission.READ_WEATHER in package com.android.systemui
09-07 02:39:10.184  3576  3576 W PackageManager: Unknown permission com.google.android.gallery3d.permission.GALLERY_PROVIDER in package com.android.bluetooth
09-07 02:39:10.185  3576  3576 W PackageManager: Unknown permission com.google.android.googleapps.permission.ACCESS_GOOGLE_PASSWORD in package com.android.development
09-07 02:39:10.185  3576  3576 W PackageManager: Unknown permission com.google.android.googleapps.permission.GOOGLE_AUTH in package com.android.development
09-07 02:39:10.185  3576  3576 W PackageManager: Unknown permission com.google.android.googleapps.permission.GOOGLE_AUTH.ALL_SERVICES in package com.android.development
09-07 02:39:10.185  3576  3576 W PackageManager: Unknown permission com.google.android.googleapps.permission.GOOGLE_AUTH.YouTubeUser in package com.android.development
09-07 02:39:10.187  3576  3576 V PackageManager: reconcileAppsData for null u0 0x3
09-07 02:39:10.331  3576  3576 V PackageManager: reconcileAppsData finished 93 packages
09-07 02:39:10.332  3576  3576 V PackageManager: Disabling com.google.android.gsf/com.google.android.gsf.update.SystemUpdateActivity
09-07 02:39:10.332  3576  3576 W PackageManager: Unable to disable com.google.android.gsf/com.google.android.gsf.update.SystemUpdateActivity
09-07 02:39:10.332  3576  3576 V PackageManager: Disabling com.google.android.gsf/com.google.android.gsf.update.SystemUpdateService$Receiver
09-07 02:39:10.332  3576  3576 W PackageManager: Unable to disable com.google.android.gsf/com.google.android.gsf.update.SystemUpdateService$Receiver
09-07 02:39:10.332  3576  3576 V PackageManager: Disabling com.google.android.gsf/com.google.android.gsf.update.SystemUpdateService$SecretCodeReceiver
09-07 02:39:10.332  3576  3576 W PackageManager: Unable to disable com.google.android.gsf/com.google.android.gsf.update.SystemUpdateService$SecretCodeReceiver
09-07 02:39:10.332  3576  3576 V PackageManager: Disabling com.google.android.gsf/com.google.android.gsf.update.SystemUpdateServiceReceiver
09-07 02:39:10.332  3576  3576 W PackageManager: Unable to disable com.google.android.gsf/com.google.android.gsf.update.SystemUpdateServiceReceiver
09-07 02:39:10.333  3576  3576 V PackageManager: Disabling com.google.android.gms/com.google.android.gms.update.SystemUpdateActivity
09-07 02:39:10.333  3576  3576 W PackageManager: Unable to disable com.google.android.gms/com.google.android.gms.update.SystemUpdateActivity
09-07 02:39:10.333  3576  3576 V PackageManager: Disabling com.google.android.gms/com.google.android.gms.update.SystemUpdateService$Receiver
09-07 02:39:10.333  3576  3576 W PackageManager: Unable to disable com.google.android.gms/com.google.android.gms.update.SystemUpdateService$Receiver
09-07 02:39:10.333  3576  3576 V PackageManager: Disabling com.google.android.gms/com.google.android.gms.update.SystemUpdateService$ActiveReceiver
09-07 02:39:10.333  3576  3576 W PackageManager: Unable to disable com.google.android.gms/com.google.android.gms.update.SystemUpdateService$ActiveReceiver
09-07 02:39:10.333  3576  3576 V PackageManager: Disabling com.google.android.gms/com.google.android.gms.update.SystemUpdateService$SecretCodeReceiver
09-07 02:39:10.333  3576  3576 W PackageManager: Unable to disable com.google.android.gms/com.google.android.gms.update.SystemUpdateService$SecretCodeReceiver
09-07 02:39:10.333  3576  3576 V PackageManager: Disabling com.google.android.gms/com.google.android.gms.update.SystemUpdateServiceReceiver
09-07 02:39:10.334  3576  3576 W PackageManager: Unable to disable com.google.android.gms/com.google.android.gms.update.SystemUpdateServiceReceiver
09-07 02:39:10.334  3576  3576 V PackageManager: Enabling com.google.android.gsf/com.google.android.gsf.update.SystemUpdateService
09-07 02:39:10.334  3576  3576 W PackageManager: Unable to enable com.google.android.gsf/com.google.android.gsf.update.SystemUpdateService
09-07 02:39:10.334  3576  3576 V PackageManager: Enabling com.google.android.gms/com.google.android.gms.update.SystemUpdateService
09-07 02:39:10.334  3576  3576 W PackageManager: Unable to enable com.google.android.gms/com.google.android.gms.update.SystemUpdateService
09-07 02:39:19.833  3576  3576 D PackageManager: Ephemeral resolver NOT found; no matching intent filters
09-07 02:39:19.833  3576  3576 I PackageManager: Ephemeral deactivated; missing resolver and installer
09-07 02:39:19.857  3576  3576 I SystemServer: StartOtaDexOptService
09-07 02:39:19.859  3576  3576 I SystemServer: StartUserManagerService
09-07 02:39:19.859  3576  3576 I SystemServiceManager: Starting com.android.server.pm.UserManagerService$LifeCycle
09-07 02:39:19.873  3576  3576 I SystemServiceManager: Starting com.android.server.BatteryService
09-07 02:39:19.877  3576  3576 I SystemServiceManager: Starting com.android.server.usage.UsageStatsService
09-07 02:39:19.892  3576  3576 I SystemServiceManager: Starting com.android.server.webkit.WebViewUpdateService
09-07 02:39:19.895  3576  3576 I SystemServer: Reading configuration...
09-07 02:39:19.895  3576  3576 I SystemServer: StartSchedulingPolicyService
09-07 02:39:19.896  3576  3576 I SystemServiceManager: Starting com.android.server.telecom.TelecomLoaderService
09-07 02:39:19.896  3576  3576 I SystemServer: StartTelephonyRegistry
09-07 02:39:19.900  3576  3576 I SystemServer: StartEntropyMixer
09-07 02:39:19.900  3576  3576 W EntropyMixer: No existing entropy file -- first boot?
09-07 02:39:19.919  3576  3576 I EntropyMixer: Added HW RNG output to entropy pool
09-07 02:39:19.919  3576  3576 I EntropyMixer: Writing entropy...
09-07 02:39:19.942  3576  3576 I SystemServer: Camera Service
09-07 02:39:19.942  3576  3576 I SystemServiceManager: Starting com.android.server.camera.CameraService
09-07 02:39:19.943  3576  4008 I ServiceThread: Enabled StrictMode logging for CameraService_proxy looper.
09-07 02:39:19.944  3576  3576 I SystemServer: StartAccountManagerService
09-07 02:39:19.945  3576  3576 I SystemServiceManager: Starting com.android.server.accounts.AccountManagerService$Lifecycle
09-07 02:39:19.951  3576  3576 I SystemServer: StartContentService
09-07 02:39:19.952  3576  3576 I SystemServiceManager: Starting com.android.server.content.ContentService$Lifecycle
09-07 02:39:19.953  3576  3576 I SystemServer: InstallSystemProviders
09-07 02:39:20.008  3576  3576 D ActivityThread: Loading provider settings: com.android.providers.settings.SettingsProvider
09-07 02:39:20.109  3576  3576 I SettingsState: No settings state /data/system/users/0/settings_system.xml
09-07 02:39:20.126  3576  3576 I SettingsState: No settings state /data/system/users/0/settings_secure.xml
09-07 02:39:20.129  3576  3576 D SettingsProvider: Generated and saved new ANDROID_ID [a92cba680baa4a1c] for user 0
09-07 02:39:20.144  3576  3576 I SettingsState: No settings state /data/system/users/0/settings_global.xml
09-07 02:39:20.199  3576  3576 I SystemServer: StartVibratorService
09-07 02:39:20.203  3576  3576 I SystemServer: StartConsumerIrService
09-07 02:39:20.204  3576  3576 I SystemServer: StartAlarmManagerService
09-07 02:39:20.204  3576  3576 I SystemServiceManager: Starting com.android.server.AlarmManagerService
09-07 02:39:20.210  3576  3576 I SystemServer: InitWatchdog
09-07 02:39:20.210  3576  3576 I SystemServer: StartInputManagerService
09-07 02:39:20.210  3576  3576 I InputManager: Initializing input manager, mUseDevInputEventForAudioJack=false
09-07 02:39:20.211  3576  3576 I SystemServer: StartWindowManagerService
09-07 02:39:20.220  3576  3672 I WindowManager: No existing display settings /data/system/display_settings.xml; starting empty
09-07 02:39:20.630  3576  3576 I SystemServer: StartVrManagerService
09-07 02:39:20.630  3576  3576 I SystemServiceManager: Starting com.android.server.vr.VrManagerService
09-07 02:39:20.633  3576  3576 I InputManager: Starting input manager
09-07 02:39:20.638  3576  3576 I SystemServiceManager: Starting com.android.server.BluetoothService
09-07 02:39:20.640  3576  3576 D BluetoothManagerService: Loading stored name and address
09-07 02:39:20.641  3576  3576 D BluetoothManagerService: Stored bluetooth Name=null,Address=null
09-07 02:39:20.641  3576  3576 D BluetoothManagerService: Bluetooth persisted state: 0
09-07 02:39:20.641  3576  3576 I SystemServer: ConnectivityMetricsLoggerService
09-07 02:39:20.641  3576  3576 I SystemServiceManager: Starting com.android.server.connectivity.MetricsLoggerService
09-07 02:39:20.641  3576  3576 I SystemServer: IpConnectivityMetrics
09-07 02:39:20.642  3576  3576 I SystemServiceManager: Starting com.android.server.connectivity.IpConnectivityMetrics
09-07 02:39:20.642  3576  3576 I SystemServer: PinnerService
09-07 02:39:20.643  3576  3576 I SystemServiceManager: Starting com.android.server.PinnerService
09-07 02:39:20.643  3576  3576 I SystemServiceManager: Starting com.android.server.InputMethodManagerService$Lifecycle
09-07 02:39:20.784  3576  3576 W InputMethodManagerService: No IME selected. Choose the most applicable IME.
09-07 02:39:20.790  3576  3576 I InputMethodManagerService: Default found, using com.android.inputmethod.latin/.LatinIME
09-07 02:39:20.792  3576  3576 I SystemServer: StartAccessibilityManagerService
09-07 02:39:20.800  3576  3576 I ActivityManager: Config changes=1df8 {1.0 ?mcc?mnc [en_US] ldltr sw411dp w411dp h845dp 560dpi nrml long port ?uimode ?night -touch -keyb/h/h -nav/h s.2}
09-07 02:39:20.802  3576  3664 I UsageStatsDatabase: Upgrading from version 0 to 3
09-07 02:39:20.802  3576  3664 I UsageStatsDatabase: Deleting all usage stats files
09-07 02:39:20.806  3576  3664 I UsageStatsService: User[0] Rollover scheduled @ 2017-09-08 02:39:20(1504838360800)
09-07 02:39:20.806  3576  3664 D UsageStatsService: Initializing defaults for system apps on user 0
09-07 02:39:20.824  3576  3664 E AppIdleHistory: Unable to read app idle file for user 0
09-07 02:39:20.824  3576  3672 I ActivityManager: Config changes=400 {1.0 ?mcc?mnc [en_US] ldltr sw411dp w411dp h773dp 560dpi nrml long port ?uimode ?night -touch -keyb/h/h -nav/h s.3}
09-07 02:39:20.830  3576  3672 W LocalDisplayAdapter: Unable to find color mode 0, ignoring request.
09-07 02:39:20.847  3576  3576 W LocalDisplayAdapter: Unable to find color mode 0, ignoring request.
09-07 02:39:20.848  3576  3576 I SystemServiceManager: Starting com.android.server.MountService$Lifecycle
09-07 02:39:20.854  3576  3576 I SystemServiceManager: Starting com.android.server.UiModeManagerService
09-07 02:39:20.854  3576  4016 D MountService: Thinking about init, mSystemReady=false, mDaemonConnected=true
09-07 02:39:20.854  3576  4016 D MountService: Thinking about reset, mSystemReady=false, mDaemonConnected=true
09-07 02:39:20.854  3576  4016 D MountService: Thinking about init, mSystemReady=false, mDaemonConnected=true
09-07 02:39:20.854  3576  4016 D MountService: Thinking about reset, mSystemReady=false, mDaemonConnected=true
09-07 02:39:20.854  3576  4016 D CryptdConnector: SND -> {1 cryptfs getfield SystemLocale}
09-07 02:39:20.855  3576  3576 I ActivityManager: Config changes=200 {1.0 ?mcc?mnc [en_US] ldltr sw411dp w411dp h773dp 560dpi nrml long port -touch -keyb/h/h -nav/h s.4}
09-07 02:39:20.856  3576  4018 D CryptdConnector: RCV <- {200 1 -1}
09-07 02:39:20.858  3576  4016 W MountService: No primary storage mounted!
09-07 02:39:20.858  3576  4016 D VoldConnector: SND -> {1 asec list}
09-07 02:39:20.860  3576  4017 D VoldConnector: RCV <- {200 1 asec operation succeeded}
09-07 02:39:20.863  3576  4016 W PackageManager: Unknown permission com.google.android.googleapps.permission.GOOGLE_AUTH in package com.android.providers.calendar
09-07 02:39:20.863  3576  4016 W PackageManager: Unknown permission com.google.android.googleapps.permission.GOOGLE_AUTH.cl in package com.android.providers.calendar
09-07 02:39:20.867  3576  4016 W PackageManager: Unknown permission cyanogenmod.permission.LEGALESE in package com.cyanogenmod.setupwizard
09-07 02:39:20.868  3576  4016 W PackageManager: Unknown permission com.android.gallery3d.permission.STORAGE_CHANGE in package com.android.camera2
09-07 02:39:20.869  3576  4016 W PackageManager: Unknown permission android.permission.NFC_UNLOCK in package com.android.nfc
09-07 02:39:20.872  3576  4016 W PackageManager: Unknown permission com.google.android.googleapps.permission.GOOGLE_AUTH.mail in package com.android.calendar
09-07 02:39:20.873  3576  4016 W PackageManager: Unknown permission com.android.launcher.permission.READ_SETTINGS in package com.android.onetimeinitializer
09-07 02:39:20.873  3576  4016 W PackageManager: Unknown permission com.android.launcher.permission.WRITE_SETTINGS in package com.android.onetimeinitializer
09-07 02:39:20.876  3576  4016 W PackageManager: Unknown permission com.android.launcher.permission.READ_SETTINGS in package com.cyanogenmod.trebuchet
09-07 02:39:20.876  3576  4016 W PackageManager: Unknown permission com.android.launcher.permission.WRITE_SETTINGS in package com.cyanogenmod.trebuchet
09-07 02:39:20.877  3576  4016 W PackageManager: Unknown permission com.google.android.permission.INSTALL_WEARABLE_PACKAGES in package com.android.packageinstaller
09-07 02:39:20.877  3576  4016 W PackageManager: Not granting permission android.permission.DELETE_PACKAGES to package com.svox.pico (protectionLevel=18 flags=0x3888be45)
09-07 02:39:20.879  3576  4016 W PackageManager: Unknown permission com.google.android.gallery3d.permission.PICASA_STORE in package com.android.dreams.phototable
09-07 02:39:20.880  3576  4016 W PackageManager: Unknown permission com.google.android.googleapps.permission.GOOGLE_AUTH in package com.android.settings
09-07 02:39:20.881  3576  4016 W PackageManager: Unknown permission com.android.launcher.permission.READ_SETTINGS in package com.android.settings
09-07 02:39:20.881  3576  4016 W PackageManager: Unknown permission com.android.launcher.permission.WRITE_SETTINGS in package com.android.settings
09-07 02:39:20.889  3576  4016 W PackageManager: Not granting permission android.permission.MANAGE_DOCUMENTS to package com.android.deskclock (protectionLevel=2 flags=0x3cc9be45)
09-07 02:39:20.890  3576  4016 W PackageManager: Unknown permission com.android.deskclock.worldclock.permissions.WRITE_DATABASE in package com.android.deskclock
09-07 02:39:20.890  3576  4016 W PackageManager: Unknown permission org.codeaurora.permission.POWER_ON_ALERT in package com.android.deskclock
09-07 02:39:20.890  3576  4016 W PackageManager: Not granting permission android.permission.WRITE_SECURE_SETTINGS to package com.android.deskclock (protectionLevel=50 flags=0x3cc9be45)
09-07 02:39:20.893  3576  4016 W PackageManager: Unknown permission com.cyanogenmod.lockclock.permission.READ_WEATHER in package com.android.systemui
09-07 02:39:20.895  3576  4016 W PackageManager: Unknown permission com.google.android.gallery3d.permission.GALLERY_PROVIDER in package com.android.bluetooth
09-07 02:39:20.897  3576  4016 W PackageManager: Unknown permission com.google.android.googleapps.permission.ACCESS_GOOGLE_PASSWORD in package com.android.development
09-07 02:39:20.897  3576  4016 W PackageManager: Unknown permission com.google.android.googleapps.permission.GOOGLE_AUTH in package com.android.development
09-07 02:39:20.897  3576  4016 W PackageManager: Unknown permission com.google.android.googleapps.permission.GOOGLE_AUTH.ALL_SERVICES in package com.android.development
09-07 02:39:20.897  3576  4016 W PackageManager: Unknown permission com.google.android.googleapps.permission.GOOGLE_AUTH.YouTubeUser in package com.android.development
09-07 02:39:21.212  3576  4016 W MountService: No primary storage mounted!
09-07 02:39:21.212  3576  4016 D VoldConnector: SND -> {2 asec list}
09-07 02:39:21.214  3576  4017 D VoldConnector: RCV <- {200 2 asec operation succeeded}
09-07 02:39:21.424  3576  4014 I ActivityManager: Config changes=8 {1.0 ?mcc?mnc [en_US] ldltr sw411dp w411dp h773dp 560dpi nrml long port finger -keyb/h/h -nav/h s.5}
--------- beginning of main
09-07 02:39:25.579  4496  4496 V lhd     : SetCfgValue: LHD config "LhePatch"="/dev/bbd_patch"
09-07 02:39:25.579  4496  4496 V lhd     : SetCfgValue: LHD config "LheMaxMcuResetTries"="4"
09-07 02:39:25.579  4496  4496 V lhd     : SetCfgValue: LHD config "LheBbdPacket"="/dev/ttyBCM"
09-07 02:39:25.579  4496  4496 V lhd     : SetCfgValue: LHD config "LheBbdControl"="/dev/bbd_control"
09-07 02:39:25.579  4496  4496 V lhd     : SetCfgValue: LHD config "LheBbdSensor"="/dev/bbd_sensor"
09-07 02:39:25.579  4496  4496 V lhd     : SetCfgValue: LHD config "Lhe477xDebugFlags"="RPC:FACILITY=33:STDOUT_PUTS:STDOUT_LOG"
09-07 02:39:25.579  4496  4496 E lhd     : SetCfgValue: Critical Error. Unknown configuration parameter "LheSensorIpc"="true"
09-07 02:39:25.579  4496  4496 E lhd     : SetCfgValue: Critical Error. Unknown configuration parameter "LhePinMux"="P17=M1"
09-07 02:39:25.579  4496  4496 V lhd     : SetCfgValue: LHD config "LheAutoBaudDelayMS"="10"
09-07 02:39:25.579  4496  4496 V lhd     : SetCfgValue: LHD config "LheMaxMcuResetTries"="3"
09-07 02:39:25.579  4496  4496 E lhd     : OpenFirmwareFile: Fail to open /efs/sec_efs/sensorhub_urgent_fw.patch, errno 2
09-07 02:39:25.579  4496  4496 E lhd     : getCustPatchVersion: Fail to parse patch /efs/sec_efs/sensorhub_urgent_fw.patch
09-07 02:39:25.579  4496  4496 E lhd     : getCustPatchVersion: <CustomerVersion> not found
09-07 02:39:25.583  4488  4488 I dex2oat : dex2oat took 220.837ms (threads: 8) arena alloc=0B (0B) java alloc=27KB (28240B) native alloc=805KB (825288B) free=2MB (2451512B)
09-07 02:39:25.602  4499  4499 I dex2oat : /system/bin/dex2oat --compiler-filter=verify-at-runtime
09-07 02:39:25.638  4496  4496 D lhd     : OnIpcConnect
09-07 02:39:25.638  3163  3163 D gpsd    : WakeLock(Acquire,GPSD)
09-07 02:39:25.638  3163  3163 D gpsd    : WakeLock(Release,GPSD)
09-07 02:39:25.638  3163  3163 D gpsd    : WakeLock(Acquire,GPSD)
09-07 02:39:25.638  3163  3163 D gpsd    : WakeLock(Release,GPSD)
09-07 02:39:25.680  4499  4499 I dex2oat : dex2oat took 78.555ms (threads: 8) arena alloc=0B (0B) java alloc=31KB (32216B) native alloc=1106KB (1133456B) free=1453KB (1487984B)
09-07 02:39:25.698  4509  4509 I dex2oat : /system/bin/dex2oat --compiler-filter=verify-at-runtime
09-07 02:39:25.836  4509  4509 I dex2oat : dex2oat took 138.329ms (threads: 8) arena alloc=0B (0B) java alloc=27KB (28240B) native alloc=532KB (545464B) free=2MB (2600264B)
09-07 02:39:25.855  4518  4518 I dex2oat : /system/bin/dex2oat --compiler-filter=verify-at-runtime
09-07 02:39:25.916  4518  4518 I dex2oat : dex2oat took 61.703ms (threads: 8) arena alloc=0B (0B) java alloc=27KB (28240B) native alloc=857KB (878512B) free=1190KB (1218640B)
09-07 02:39:25.935  4527  4527 I dex2oat : /system/bin/dex2oat --compiler-filter=verify-at-runtime
09-07 02:39:26.167  4527  4527 I dex2oat : dex2oat took 232.324ms (threads: 8) arena alloc=0B (0B) java alloc=27KB (28240B) native alloc=637KB (653128B) free=2MB (3016888B)
09-07 02:39:26.185  4536  4536 I dex2oat : /system/bin/dex2oat --compiler-filter=verify-at-runtime
09-07 02:39:26.256  4536  4536 I dex2oat : dex2oat took 71.063ms (threads: 8) arena alloc=0B (0B) java alloc=31KB (32216B) native alloc=860KB (881648B) free=1187KB (1215504B)
09-07 02:39:26.274  4545  4545 I dex2oat : /system/bin/dex2oat --compiler-filter=verify-at-runtime
09-07 02:39:26.358  4545  4545 I dex2oat : dex2oat took 83.846ms (threads: 8) arena alloc=0B (0B) java alloc=27KB (28240B) native alloc=1094KB (1120848B) free=1465KB (1500592B)
09-07 02:39:26.376  4554  4554 I dex2oat : /system/bin/dex2oat --compiler-filter=verify-at-runtime
09-07 02:39:26.437  4554  4554 I dex2oat : dex2oat took 61.979ms (threads: 8) arena alloc=0B (0B) java alloc=27KB (28240B) native alloc=886KB (907312B) free=1161KB (1189840B)
09-07 02:39:26.456  4563  4563 I dex2oat : /system/bin/dex2oat --compiler-filter=verify-at-runtime
09-07 02:39:26.561  4563  4563 I dex2oat : dex2oat took 105.680ms (threads: 8) arena alloc=0B (0B) java alloc=31KB (32216B) native alloc=683KB (700368B) free=2MB (2445360B)
09-07 02:39:26.580  4572  4572 I dex2oat : /system/bin/dex2oat --compiler-filter=verify-at-runtime
09-07 02:39:26.720  4572  4572 I dex2oat : dex2oat took 140.720ms (threads: 8) arena alloc=0B (0B) java alloc=27KB (28240B) native alloc=438KB (449160B) free=2MB (2696568B)
09-07 02:39:26.738  4581  4581 I dex2oat : /system/bin/dex2oat --compiler-filter=verify-at-runtime
09-07 02:39:26.924  4581  4581 I dex2oat : dex2oat took 185.520ms (threads: 8) arena alloc=0B (0B) java alloc=27KB (28240B) native alloc=587KB (601288B) free=2MB (2544440B)
09-07 02:39:26.942  4590  4590 I dex2oat : /system/bin/dex2oat --compiler-filter=verify-at-runtime
09-07 02:39:27.004  4590  4590 I dex2oat : dex2oat took 62.832ms (threads: 8) arena alloc=0B (0B) java alloc=31KB (32208B) native alloc=858KB (878832B) free=1189KB (1218320B)
09-07 02:39:27.023  4599  4599 I dex2oat : /system/bin/dex2oat --compiler-filter=verify-at-runtime
09-07 02:39:27.364  4599  4599 I dex2oat : dex2oat took 341.467ms (threads: 8) arena alloc=0B (0B) java alloc=31KB (32240B) native alloc=694KB (711256B) free=2MB (2958760B)
09-07 02:39:27.383  4608  4608 I dex2oat : /system/bin/dex2oat --compiler-filter=verify-at-runtime
09-07 02:39:27.453  4608  4608 I dex2oat : dex2oat took 69.934ms (threads: 8) arena alloc=0B (0B) java alloc=31KB (32192B) native alloc=1072KB (1097872B) free=1487KB (1523568B)
09-07 02:39:27.471  4617  4617 I dex2oat : /system/bin/dex2oat --compiler-filter=verify-at-runtime
09-07 02:39:27.537  4617  4617 I dex2oat : dex2oat took 66.682ms (threads: 8) arena alloc=0B (0B) java alloc=31KB (32216B) native alloc=1073KB (1099536B) free=1486KB (1521904B)
09-07 02:39:27.556  4626  4626 I dex2oat : /system/bin/dex2oat --compiler-filter=verify-at-runtime
09-07 02:39:27.656  4626  4626 I dex2oat : dex2oat took 100.841ms (threads: 8) arena alloc=0B (0B) java alloc=31KB (32216B) native alloc=1133KB (1160400B) free=1938KB (1985328B)
09-07 02:39:27.675  4635  4635 I dex2oat : /system/bin/dex2oat --compiler-filter=verify-at-runtime
09-07 02:39:27.737  4635  4635 I dex2oat : dex2oat took 62.848ms (threads: 8) arena alloc=0B (0B) java alloc=31KB (32208B) native alloc=857KB (878576B) free=1190KB (1218576B)
09-07 02:39:27.755  4644  4644 I dex2oat : /system/bin/dex2oat --compiler-filter=verify-at-runtime
09-07 02:39:27.821  4644  4644 I dex2oat : dex2oat took 65.940ms (threads: 8) arena alloc=0B (0B) java alloc=31KB (32216B) native alloc=1069KB (1095664B) free=1490KB (1525776B)
09-07 02:39:27.824  3576  3576 W PackageManager: No disk maintenance in 1504751967824; running immediately
09-07 02:39:27.824  3576  3576 I SystemServer: StartLockSettingsService
09-07 02:39:27.825  3576  4016 I MountService: Running fstrim idle maintenance
09-07 02:39:27.825  3576  3576 I SystemServiceManager: Starting com.android.server.LockSettingsService$Lifecycle
09-07 02:39:27.825  3576  4016 D VoldConnector: SND -> {3 fstrim dotrim}
09-07 02:39:27.826  3576  4017 D VoldConnector: RCV <- {200 3 Command succeeded}
09-07 02:39:27.826  3066  4653 D vold    : Starting trim of /cache
09-07 02:39:27.839  3576  3576 I SystemServiceManager: Starting com.android.server.DeviceIdleController
09-07 02:39:27.842  3576  3576 I SystemServiceManager: Starting com.android.server.devicepolicy.DevicePolicyManagerService$Lifecycle
09-07 02:39:27.846  3576  3576 I SystemServer: StartStatusBarManagerService
09-07 02:39:27.848  3576  3576 I SystemServer: StartClipboardService
09-07 02:39:27.849  3576  3576 I SystemServer: StartNetworkManagementService
