11-20 20:02:25.521  3217  3217 I art     : Explicit concurrent mark sweep GC freed 7320(409KB) AllocSpace objects, 0(0B) LOS objects, 39% free, 8MB/13MB, paused 56us total 6.294ms
11-20 20:02:25.522  3217  3217 I art     : Starting a blocking GC Explicit
11-20 20:02:25.527  3217  3217 I art     : Explicit concurrent mark sweep GC freed 1581(56KB) AllocSpace objects, 0(0B) LOS objects, 40% free, 7MB/13MB, paused 51us total 5.226ms
11-20 20:02:25.542  3217  3650 I art     : Starting a blocking GC HeapTrim
11-20 20:02:25.544  3217  3217 I art     : Starting a blocking GC Background
11-20 20:02:25.565  3217  3217 I Zygote  : System server process 3652 has been created
11-20 20:02:25.565  3217  3217 I Zygote  : Accepting command socket connections
11-20 20:02:25.559  3652  3652 I main    : type=1400 audit(0.0:118): avc: denied { sys_nice } for capability=23 scontext=u:r:zygote:s0 tcontext=u:r:zygote:s0 tclass=capability permissive=1
11-20 20:02:25.559  3652  3652 W main    : type=1300 audit(0.0:118): arch=c00000b7 syscall=119 success=yes exit=0 a0=e44 a1=0 a2=7fc4e24f30 a3=0 items=0 ppid=3217 auid=4294967295 uid=1000 gid=1000 euid=1000 suid=1000 fsuid=1000 egid=1000 sgid=1000 fsgid=1000 tty=(none) ses=4294967295 exe="/system/bin/app_process64" subj=u:r:zygote:s0 key=(null)
11-20 20:02:25.559  3122  3122 W auditd  : type=1327 audit(0.0:118): proctitle="zygote64"
11-20 20:02:25.559  3122  3122 W auditd  : type=1320 audit(0.0:118): 
11-20 20:02:25.570  3652  3652 I Zygote  : Process: zygote socket opened, supported ABIS: armeabi-v7a,armeabi
11-20 20:02:25.570  3652  3652 I InstallerConnection: connecting...
11-20 20:02:25.570  3221  3221 I         : new connection
11-20 20:02:25.588  3663  3663 I dex2oat : /system/bin/dex2oat --compiler-filter=speed
11-20 20:02:25.864  3663  3663 I dex2oat : dex2oat took 276.251ms (threads: 8) arena alloc=2MB (2370608B) java alloc=765KB (783488B) native alloc=2MB (3091688B) free=5MB (5296920B)
11-20 20:02:25.883  3673  3673 I dex2oat : /system/bin/dex2oat --compiler-filter=speed
11-20 20:02:25.930  3673  3673 I dex2oat : dex2oat took 46.766ms (threads: 8) arena alloc=670KB (686312B) java alloc=124KB (127808B) native alloc=1248KB (1278640B) free=3MB (3439952B)
11-20 20:02:25.949  3682  3682 I dex2oat : /system/bin/dex2oat --compiler-filter=speed
11-20 20:02:27.071  3682  3684 W dex2oat : Compilation of void com.android.server.SystemServer.startOtherServices() took 258.659ms
11-20 20:02:27.595  3682  3688 W dex2oat : Compilation of int com.android.server.am.ActivityManagerService.broadcastIntentLocked(com.android.server.am.ProcessRecord, java.lang.String, android.content.Intent, java.lang.String, android.content.IIntentReceiver, int, java.lang.String, android.os.Bundle, java.lang.String[], int, android.os.Bundle, boolean, boolean, int, int, int) took 109.330ms
11-20 20:02:27.896  3682  3688 W dex2oat : Compilation of void com.android.server.am.ActivityManagerService.dumpApplicationMemoryUsage(java.io.FileDescriptor, java.io.PrintWriter, java.lang.String, java.lang.String[], boolean, java.io.PrintWriter) took 173.257ms
11-20 20:02:28.576  3682  3686 W dex2oat : Compilation of android.content.pm.PackageParser$Package com.android.server.pm.PackageManagerService.scanPackageDirtyLI(android.content.pm.PackageParser$Package, int, int, long, android.os.UserHandle) took 109.330ms
11-20 20:02:28.792  3682  3686 W dex2oat : Compilation of void com.android.server.pm.PackageManagerService.dump(java.io.FileDescriptor, java.io.PrintWriter, java.lang.String[]) took 107.222ms
11-20 20:02:29.337  3682  3682 I dex2oat : dex2oat took 3.388s (threads: 8) arena alloc=21MB (22088800B) java alloc=3MB (3852880B) native alloc=32MB (34091952B) free=25MB (26987600B)
11-20 20:02:29.363  3691  3691 I dex2oat : /system/bin/dex2oat --compiler-filter=speed
11-20 20:02:29.602  3691  3691 I dex2oat : dex2oat took 239.105ms (threads: 8) arena alloc=1187KB (1215696B) java alloc=197KB (202120B) native alloc=2MB (3099712B) free=4MB (4502464B)
11-20 20:02:29.621  3701  3701 I dex2oat : /system/bin/dex2oat --compiler-filter=speed
11-20 20:02:30.281  3701  3701 I dex2oat : dex2oat took 660.080ms (threads: 8) arena alloc=10MB (10891400B) java alloc=719KB (737000B) native alloc=5MB (5731552B) free=15MB (16550688B)
11-20 20:02:30.286  3652  3652 I InstallerConnection: disconnecting...
11-20 20:02:30.286  3221  3221 E         : eof
11-20 20:02:30.286  3221  3221 E         : failed to read size
11-20 20:02:30.286  3221  3221 I         : closing connection
11-20 20:02:30.289  3652  3652 W art     : Found duplicate classes, falling back to interpreter mode for /system/framework/wifi-service.jar
11-20 20:02:30.290  3652  3652 W art     : Found duplicated class when checking oat files: 'Lcom/google/protobuf/nano/MessageNano;' in /system/framework/services.jar and /system/framework/wifi-service.jar
11-20 20:02:30.314  3652  3652 I SystemServer: Entered the Android system server!
11-20 20:02:30.335  3652  3652 I SystemServiceManager: Starting com.android.server.pm.Installer
11-20 20:02:30.335  3652  3652 I Installer: Waiting for installd to be ready.
11-20 20:02:30.335  3652  3652 I InstallerConnection: connecting...
11-20 20:02:30.335  3221  3221 I         : new connection
11-20 20:02:30.335  3652  3652 I SystemServiceManager: Starting com.android.server.am.ActivityManagerService$Lifecycle
11-20 20:02:30.341  3652  3652 I ActivityManager: Memory class: 256
11-20 20:02:30.342  3652  3713 I ServiceThread: Enabled StrictMode logging for ActivityManager looper.
11-20 20:02:30.342  3652  3714 I ServiceThread: Enabled StrictMode logging for android.ui looper.
11-20 20:02:30.347  3652  3652 D BatteryStatsImpl: Reading daily items from /data/system/batterystats-daily.xml
11-20 20:02:30.371  3652  3652 I AppOps  : No existing app ops /data/system/appops.xml; starting empty
11-20 20:02:30.404  3652  3652 I IntentFirewall: Read new rules (A:0 B:0 S:0)
11-20 20:02:30.406  3652  3720 I ServiceThread: Enabled StrictMode logging for android.display looper.
11-20 20:02:30.409  3652  3652 D AppOps  : AppOpsService published
11-20 20:02:30.409  3652  3652 I SystemServiceManager: Starting com.android.server.power.PowerManagerService
11-20 20:02:30.410  3652  3722 I ServiceThread: Enabled StrictMode logging for PowerManagerService looper.
11-20 20:02:30.413  3652  3652 I SamsungPowerHAL: Initialized settings:
11-20 20:02:30.413  3652  3652 I SamsungPowerHAL: max_freqs: cluster[0]: 1690000, cluster[1]: 2314000
11-20 20:02:30.413  3652  3652 I SamsungPowerHAL: hispeed_freqs: cluster[0]: 1690000, cluster[1]: 2314000
11-20 20:02:30.413  3652  3652 I SamsungPowerHAL: boostpulse_fd: 62
11-20 20:02:30.413  3652  3652 I SamsungPowerHAL: touchscreen_power_path: /sys/class/input/input0/enabled
11-20 20:02:30.413  3652  3652 I SamsungPowerHAL: touchkey_power_path: NULL
11-20 20:02:30.413  3652  3652 W libsuspend: Error writing 'on' to /sys/power/state: Invalid argument
11-20 20:02:30.413  3652  3652 I libsuspend: Selected wakeup count
11-20 20:02:30.415  3652  3652 I SystemServiceManager: Starting com.android.server.lights.LightsService
11-20 20:02:30.416  3652  3652 I SystemServiceManager: Starting com.android.server.display.DisplayManagerService
11-20 20:02:30.417  3652  3652 I SystemServiceManager: Starting phase 100
11-20 20:02:30.418  3652  3720 W LocalDisplayAdapter: Unable to get active color mode for display device 0
11-20 20:02:30.418  3652  3720 E LocalDisplayAdapter: Default and active color mode is no longer available! Reverting to first available mode.
11-20 20:02:30.419  3193  3234 E SurfaceFlinger: getDefaultDisplay: id=2 is not a valid default display id
11-20 20:02:30.419  3652  3720 I DisplayManagerService: Display device added: DisplayDeviceInfo{"Built-in Screen": uniqueId="local:0", 1440 x 2960, modeId 1, defaultModeId 1, supportedModes [{id=1, width=1440, height=2960, fps=60.000004}], colorMode -22, supportedColorModes [-22], HdrCapabilities android.view.Display$HdrCapabilities@a69d6308, density 560, 522.514 x 525.762 dpi, appVsyncOff 1000000, presDeadline 16666666, touch INTERNAL, rotation 0, type BUILT_IN, state UNKNOWN, FLAG_DEFAULT_DISPLAY, FLAG_ROTATES_WITH_CONTENT, FLAG_SECURE, FLAG_SUPPORTS_PROTECTED_BUFFERS}
11-20 20:02:30.419  3193  3193 D SurfaceFlinger: Set power mode=2, type=0 flinger=0x7fb3a48000
11-20 20:02:30.419  3193  3193 D SurfaceFlinger: Screen type=0 is already mode=2
11-20 20:02:30.423  3652  3720 I DisplayManagerService: Display device changed state: "Built-in Screen", ON
11-20 20:02:30.423  3652  3652 I SystemServer: StartPackageManagerService
11-20 20:02:30.428  3652  3652 W FileUtils: Failed to chmod(/data/system/packages.list): android.system.ErrnoException: chmod failed: ENOENT (No such file or directory)
11-20 20:02:30.459  3652  3652 D SELinuxMMAC: Using policy file /system/etc/security/mac_permissions.xml
11-20 20:02:30.460  3652  3652 I PackageManager: No settings file; creating initial state
11-20 20:02:30.478  3727  3727 I dex2oat : /system/bin/dex2oat --compiler-filter=speed
11-20 20:02:30.728  3727  3727 I dex2oat : dex2oat took 251.119ms (threads: 8) arena alloc=2MB (2579160B) java alloc=690KB (707040B) native alloc=2MB (2582080B) free=5MB (5282240B)
11-20 20:02:30.749  3736  3736 I dex2oat : /system/bin/dex2oat --compiler-filter=speed
11-20 20:02:30.783  3736  3736 I dex2oat : dex2oat took 34.077ms (threads: 8) arena alloc=452KB (463544B) java alloc=270KB (276752B) native alloc=1280KB (1311688B) free=2MB (2882616B)
11-20 20:02:30.801  3745  3745 I dex2oat : /system/bin/dex2oat --compiler-filter=speed
11-20 20:02:30.827  3745  3745 I dex2oat : dex2oat took 26.526ms (threads: 8) arena alloc=247KB (253104B) java alloc=51KB (53128B) native alloc=1101KB (1127816B) free=1458KB (1493624B)
11-20 20:02:30.845  3754  3754 I dex2oat : /system/bin/dex2oat --compiler-filter=speed
11-20 20:02:30.913  3754  3754 I dex2oat : dex2oat took 68.233ms (threads: 8) arena alloc=2MB (2792896B) java alloc=154KB (158456B) native alloc=1260KB (1291024B) free=4MB (5000432B)
11-20 20:02:30.931  3763  3763 I dex2oat : /system/bin/dex2oat --compiler-filter=speed
11-20 20:02:30.965  3763  3763 I dex2oat : dex2oat took 34.487ms (threads: 8) arena alloc=650KB (666544B) java alloc=83KB (85040B) native alloc=963KB (987080B) free=4MB (4780088B)
11-20 20:02:30.984  3772  3772 I dex2oat : /system/bin/dex2oat --compiler-filter=speed
11-20 20:02:31.069  3772  3772 I dex2oat : dex2oat took 85.932ms (threads: 8) arena alloc=1788KB (1831640B) java alloc=387KB (397264B) native alloc=1197KB (1225920B) free=4MB (5065536B)
11-20 20:02:31.072  3652  3652 E art     : DexFile_getDexOptNeeded file '/system/framework/org.apache.http.legacy.jar' does not exist
11-20 20:02:31.072  3652  3652 W PackageManager: Library not found: /system/framework/org.apache.http.legacy.jar
11-20 20:02:31.088  3781  3781 I dex2oat : /system/bin/dex2oat --compiler-filter=speed
11-20 20:02:31.119  3781  3781 I dex2oat : dex2oat took 30.852ms (threads: 8) arena alloc=458KB (469048B) java alloc=97KB (99640B) native alloc=1171KB (1199288B) free=2MB (2995016B)
11-20 20:02:31.136  3790  3790 I dex2oat : /system/bin/dex2oat --compiler-filter=speed
11-20 20:02:31.162  3790  3790 I dex2oat : dex2oat took 25.905ms (threads: 8) arena alloc=300KB (308168B) java alloc=76KB (78768B) native alloc=1098KB (1125112B) free=1973KB (2020616B)
11-20 20:02:31.180  3799  3799 I dex2oat : /system/bin/dex2oat --compiler-filter=speed
11-20 20:02:31.203  3799  3799 I dex2oat : dex2oat took 22.836ms (threads: 8) arena alloc=84KB (86488B) java alloc=59KB (61128B) native alloc=1041KB (1066696B) free=1518KB (1554744B)
11-20 20:02:31.220  3808  3808 I dex2oat : /system/bin/dex2oat --compiler-filter=speed
11-20 20:02:31.256  3808  3808 I dex2oat : dex2oat took 35.929ms (threads: 8) arena alloc=640KB (655968B) java alloc=235KB (240648B) native alloc=1298KB (1329872B) free=2MB (2864432B)
11-20 20:02:31.274  3817  3817 I dex2oat : /system/bin/dex2oat --compiler-filter=speed
11-20 20:02:31.299  3817  3817 I dex2oat : dex2oat took 25.899ms (threads: 8) arena alloc=253KB (259560B) java alloc=37KB (38472B) native alloc=1112KB (1139264B) free=1447KB (1482176B)
11-20 20:02:31.317  3826  3826 I dex2oat : /system/bin/dex2oat --compiler-filter=speed
11-20 20:02:31.391  3826  3826 I dex2oat : dex2oat took 74.041ms (threads: 8) arena alloc=3MB (3432704B) java alloc=119KB (122168B) native alloc=1342KB (1374392B) free=6MB (6489928B)
11-20 20:02:31.410  3835  3835 I dex2oat : /system/bin/dex2oat --compiler-filter=speed
11-20 20:02:31.513  3835  3835 I dex2oat : dex2oat took 103.187ms (threads: 8) arena alloc=1721KB (1762312B) java alloc=367KB (376800B) native alloc=1301KB (1332920B) free=4MB (4958536B)
11-20 20:02:31.516  3652  3652 E art     : DexFile_getDexOptNeeded file '/system/framework/org.apache.http.legacy.jar' does not exist
11-20 20:02:31.516  3652  3652 W PackageManager: Library not found: /system/framework/org.apache.http.legacy.jar
11-20 20:02:31.532  3844  3844 I dex2oat : /system/bin/dex2oat --compiler-filter=speed
11-20 20:02:31.560  3844  3844 I dex2oat : dex2oat took 28.280ms (threads: 8) arena alloc=567KB (580936B) java alloc=77KB (79408B) native alloc=1157KB (1185664B) free=2MB (3008640B)
11-20 20:02:31.578  3853  3853 I dex2oat : /system/bin/dex2oat --compiler-filter=speed
11-20 20:02:31.605  3853  3853 I dex2oat : dex2oat took 27.855ms (threads: 8) arena alloc=322KB (330160B) java alloc=79KB (81640B) native alloc=1082KB (1108360B) free=1989KB (2037368B)
11-20 20:02:31.623  3862  3862 I dex2oat : /system/bin/dex2oat --compiler-filter=speed
11-20 20:02:31.647  3862  3862 I dex2oat : dex2oat took 23.970ms (threads: 8) arena alloc=102KB (105336B) java alloc=59KB (61384B) native alloc=1048KB (1073952B) free=2MB (2596064B)
11-20 20:02:31.649  3652  3652 D PackageManager: No files in app dir /vendor/overlay
11-20 20:02:31.649  3652  3652 D PackageManager: start scanDirLI:/system/framework
11-20 20:02:31.649  3652  3652 D PackageManager: max thread:6
11-20 20:02:31.656  3652  3872 I PackageManager: /system/framework/org.cyanogenmod.platform-res.apk changed; collecting certs
11-20 20:02:31.662  3652  3872 W PackageManager: Permission cyanogenmod.permission.WRITE_ALARMS from package cyanogenmod.platform in an unknown group android.permission-group.SYSTEM_CLOCK
11-20 20:02:31.662  3652  3872 W PackageManager: Permission cyanogenmod.permission.MANAGE_ALARMS from package cyanogenmod.platform in an unknown group android.permission-group.SYSTEM_CLOCK
11-20 20:02:31.662  3652  3872 W PackageManager: Permission cyanogenmod.permission.READ_ALARMS from package cyanogenmod.platform in an unknown group android.permission-group.SYSTEM_CLOCK
11-20 20:02:31.662  3652  3871 I PackageManager: /system/framework/framework-res.apk changed; collecting certs
11-20 20:02:31.716  3652  3652 D PackageManager: end scanDirLI:/system/framework
11-20 20:02:31.718  3652  3652 D PackageManager: start scanDirLI:/system/priv-app
11-20 20:02:31.718  3652  3652 D PackageManager: max thread:6
11-20 20:02:31.724  3652  3871 I PackageManager: /system/priv-app/CMSettingsProvider changed; collecting certs
11-20 20:02:31.724  3652  3876 I PackageManager: /system/priv-app/CMAudioService changed; collecting certs
11-20 20:02:31.724  3652  3874 I PackageManager: /system/priv-app/BackupRestoreConfirmation changed; collecting certs
11-20 20:02:31.725  3652  3875 I PackageManager: /system/priv-app/BlockedNumberProvider changed; collecting certs
11-20 20:02:31.728  3652  3873 I PackageManager: /system/priv-app/AudioFX changed; collecting certs
11-20 20:02:31.728  3652  3875 I PackageManager: New shared user android.uid.shared: id=10002
11-20 20:02:31.731  3652  3874 I PackageManager: /system/priv-app/CallLogBackup changed; collecting certs
11-20 20:02:31.734  3652  3871 I PackageManager: /system/priv-app/CalendarProvider changed; collecting certs
11-20 20:02:31.734  3652  3876 I PackageManager: /system/priv-app/CarrierConfig changed; collecting certs
11-20 20:02:31.737  3652  3872 I PackageManager: /system/priv-app/CMParts changed; collecting certs
11-20 20:02:31.738  3652  3871 I PackageManager: New shared user android.uid.calendar: id=10005
11-20 20:02:31.738  3652  3875 I PackageManager: /system/priv-app/CellBroadcastReceiver changed; collecting certs
11-20 20:02:31.742  3652  3871 I PackageManager: /system/priv-app/DefaultContainerService changed; collecting certs
11-20 20:02:31.742  3652  3876 I PackageManager: /system/priv-app/CtsShimPrivPrebuilt changed; collecting certs
11-20 20:02:31.744  3652  3874 I PackageManager: /system/priv-app/ContactsProvider changed; collecting certs
11-20 20:02:31.752  3652  3873 W PackageParser: No actions in intent filter at /system/priv-app/Contacts/Contacts.apk Binary XML file line #431
11-20 20:02:31.753  3652  3873 I PackageManager: /system/priv-app/Contacts changed; collecting certs
11-20 20:02:31.757  3652  3874 I PackageManager: /system/priv-app/DownloadProvider changed; collecting certs
11-20 20:02:31.758  3652  3871 I PackageManager: /system/priv-app/DocumentsUI changed; collecting certs
11-20 20:02:31.763  3652  3874 I PackageManager: New shared user android.media: id=10009
11-20 20:02:31.766  3652  3874 W PackageManager: Permission android.permission.DOWNLOAD_WITHOUT_NOTIFICATION from package com.android.providers.downloads in an unknown group android.permission-group.NETWORK
11-20 20:02:31.767  3652  3875 I PackageManager: /system/priv-app/Eleven changed; collecting certs
11-20 20:02:31.771  3652  3874 I PackageManager: /system/priv-app/ExtServices changed; collecting certs
11-20 20:02:31.774  3652  3872 I PackageManager: /system/priv-app/EmergencyInfo changed; collecting certs
11-20 20:02:31.776  3652  3871 I PackageManager: /system/priv-app/ExternalStorageProvider changed; collecting certs
11-20 20:02:31.777  3652  3876 W PackageParser: No actions in intent filter at /system/priv-app/Dialer/Dialer.apk Binary XML file line #207
11-20 20:02:31.777  3652  3874 I PackageManager: /system/priv-app/FusedLocation changed; collecting certs
11-20 20:02:31.782  3652  3876 I PackageManager: /system/priv-app/Dialer changed; collecting certs
11-20 20:02:31.787  3652  3872 I PackageManager: New shared user com.android.emergency.uid: id=10014
11-20 20:02:31.793  3652  3874 I PackageManager: /system/priv-app/InputDevices changed; collecting certs
11-20 20:02:31.797  3652  3872 I PackageManager: /system/priv-app/ManagedProvisioning changed; collecting certs
11-20 20:02:31.800  3652  3874 I PackageManager: /system/priv-app/MmsService changed; collecting certs
11-20 20:02:31.801  3652  3873 I PackageManager: /system/priv-app/LineageSetupWizard changed; collecting certs
11-20 20:02:31.801  3652  3875 I PackageManager: /system/priv-app/MediaProvider changed; collecting certs
11-20 20:02:31.801  3652  3871 I PackageManager: /system/priv-app/Gallery2 changed; collecting certs
11-20 20:02:31.809  3652  3875 I PackageManager: /system/priv-app/OneTimeInitializer changed; collecting certs
11-20 20:02:31.811  3652  3874 I PackageManager: /system/priv-app/MtpDocumentsProvider changed; collecting certs
11-20 20:02:31.818  3652  3875 I PackageManager: /system/priv-app/ProxyHandler changed; collecting certs
11-20 20:02:31.823  3652  3872 I PackageManager: /system/priv-app/PackageInstaller changed; collecting certs
11-20 20:02:31.824  3652  3876 I PackageManager: /system/priv-app/SharedStorageBackup changed; collecting certs
11-20 20:02:31.824  3652  3873 I PackageManager: /system/priv-app/Recorder changed; collecting certs
11-20 20:02:31.825  3652  3875 I PackageManager: /system/priv-app/SettingsProvider changed; collecting certs
11-20 20:02:31.832  3652  3876 W PackageParser: Ignoring duplicate uses-permissions/uses-permissions-sdk-m: android.permission.INSTALL_GRANT_RUNTIME_PERMISSIONS in package: com.android.shell at: Binary XML file line #102
11-20 20:02:31.832  3652  3875 I PackageManager: /system/priv-app/StatementService changed; collecting certs
11-20 20:02:31.833  3652  3876 I PackageManager: /system/priv-app/Shell changed; collecting certs
11-20 20:02:31.842  3652  3876 I PackageManager: /system/priv-app/Tag changed; collecting certs
11-20 20:02:31.845  3652  3873 I PackageManager: /system/priv-app/StorageManager changed; collecting certs
11-20 20:02:31.850  3652  3876 I PackageManager: /system/priv-app/TelephonyProvider changed; collecting certs
11-20 20:02:31.851  3652  3872 I PackageManager: /system/priv-app/Telecom changed; collecting certs
11-20 20:02:31.865  3652  3875 W PackageParser: Ignoring duplicate uses-permissions/uses-permissions-sdk-m: android.permission.CONFIGURE_WIFI_DISPLAY in package: com.android.systemui at: Binary XML file line #117
11-20 20:02:31.866  3652  3876 I PackageManager: /system/priv-app/Trebuchet changed; collecting certs
11-20 20:02:31.867  3652  3873 I PackageManager: /system/priv-app/Updater changed; collecting certs
11-20 20:02:31.868  3652  3875 I PackageManager: /system/priv-app/SystemUI changed; collecting certs
11-20 20:02:31.869  3652  3871 I PackageManager: /system/priv-app/TeleService changed; collecting certs
11-20 20:02:31.869  3652  3872 I PackageManager: /system/priv-app/VpnDialogs changed; collecting certs
11-20 20:02:31.875  3652  3876 W PackageManager: Permission com.android.launcher.permission.INSTALL_SHORTCUT from package com.cyanogenmod.trebuchet in an unknown group android.permission-group.SYSTEM_TOOLS
11-20 20:02:31.875  3652  3876 W PackageManager: Permission com.android.launcher3.permission.READ_SETTINGS from package com.cyanogenmod.trebuchet in an unknown group android.permission-group.SYSTEM_TOOLS
11-20 20:02:31.875  3652  3876 W PackageManager: Permission com.android.launcher3.permission.WRITE_SETTINGS from package com.cyanogenmod.trebuchet in an unknown group android.permission-group.SYSTEM_TOOLS
11-20 20:02:31.876  3652  3872 I PackageManager: /system/priv-app/WallpaperCropper changed; collecting certs
11-20 20:02:31.879  3652  3873 I PackageManager: /system/priv-app/WeatherManagerService changed; collecting certs
11-20 20:02:31.881  3652  3876 I PackageManager: /system/priv-app/WeatherProvider changed; collecting certs
11-20 20:02:31.894  3652  3874 W PackageParser: Ignoring duplicate uses-permissions/uses-permissions-sdk-m: android.permission.USE_CREDENTIALS in package: com.android.settings at: Binary XML file line #56
11-20 20:02:31.894  3652  3874 W PackageParser: Ignoring duplicate uses-permissions/uses-permissions-sdk-m: android.permission.READ_SYNC_SETTINGS in package: com.android.settings at: Binary XML file line #61
11-20 20:02:31.894  3652  3874 W PackageParser: Ignoring duplicate uses-permissions/uses-permissions-sdk-m: android.permission.WRITE_SYNC_SETTINGS in package: com.android.settings at: Binary XML file line #62
11-20 20:02:31.900  3652  3875 I PackageManager: New shared user android.uid.systemui: id=10033
11-20 20:02:31.906  3652  3874 I PackageManager: /system/priv-app/Settings changed; collecting certs
11-20 20:02:31.976  3652  3652 D PackageManager: end scanDirLI:/system/priv-app
11-20 20:02:31.976  3652  3652 D PackageManager: start scanDirLI:/system/app
11-20 20:02:31.976  3652  3652 D PackageManager: max thread:6
11-20 20:02:31.981  3652  3873 I PackageManager: /system/app/BasicDreams changed; collecting certs
11-20 20:02:31.981  3652  3871 I PackageManager: /system/app/BluetoothMidiService changed; collecting certs
11-20 20:02:31.983  3652  3876 W PackageParser: No actions in intent filter at /system/app/Bluetooth/Bluetooth.apk Binary XML file line #226
11-20 20:02:31.984  3652  3875 I PackageManager: /system/app/BookmarkProvider changed; collecting certs
11-20 20:02:31.984  3652  3876 I PackageManager: /system/app/Bluetooth changed; collecting certs
11-20 20:02:31.988  3652  3874 I PackageManager: /system/app/Calendar changed; collecting certs
11-20 20:02:31.990  3652  3872 I PackageManager: /system/app/AdvancedDisplay changed; collecting certs
11-20 20:02:31.992  3652  3873 I PackageManager: /system/app/CaptivePortalLogin changed; collecting certs
11-20 20:02:31.999  3652  3874 W PackageManager: Non-privileged app; cap priority to 0; package: com.android.calendar activity: com.android.calendar.GoogleCalendarUriIntentFilter origPrio: 50
11-20 20:02:32.000  3652  3875 I PackageManager: /system/app/CertInstaller changed; collecting certs
11-20 20:02:32.000  3652  3873 I PackageManager: /system/app/CtsShimPrebuilt changed; collecting certs
11-20 20:02:32.000  3652  3871 I PackageManager: /system/app/Camera2 changed; collecting certs
11-20 20:02:32.002  3652  3873 W PackageManager: Non-privileged app; cap priority to 0; package: com.android.cts.ctsshim activity: com.android.cts.ctsshim.InstallPriority origPrio: 100
11-20 20:02:32.002  3652  3873 W PackageManager: Non-privileged app; cap priority to 0; package: com.android.cts.ctsshim activity: com.android.cts.ctsshim.InstallPriority origPrio: 100
11-20 20:02:32.002  3652  3873 W PackageManager: Non-privileged app; cap priority to 0; package: com.android.cts.ctsshim activity: com.android.cts.ctsshim.InstallPriority origPrio: 100
11-20 20:02:32.002  3652  3873 W PackageManager: Non-privileged app; cap priority to 0; package: com.android.cts.ctsshim activity: com.android.cts.ctsshim.InstallPriority origPrio: 100
11-20 20:02:32.002  3652  3873 W PackageManager: Non-privileged app; cap priority to 0; package: com.android.cts.ctsshim activity: com.android.cts.ctsshim.InstallPriority origPrio: 100
11-20 20:02:32.006  3652  3876 I PackageManager: /system/app/Development changed; collecting certs
11-20 20:02:32.013  3652  3872 I PackageManager: /system/app/DownloadProviderUi changed; collecting certs
11-20 20:02:32.013  3652  3873 I PackageManager: /system/app/EasterEgg changed; collecting certs
11-20 20:02:32.013  3652  3874 W PackageParser: Ignoring duplicate uses-permissions/uses-permissions-sdk-m: android.permission.WRITE_SETTINGS in package: com.android.deskclock at: Binary XML file line #45
11-20 20:02:32.019  3652  3876 I PackageManager: /system/app/ExactCalculator changed; collecting certs
11-20 20:02:32.019  3652  3874 I PackageManager: /system/app/DeskClock changed; collecting certs
11-20 20:02:32.023  3652  3873 I PackageManager: /system/app/ExtShared changed; collecting certs
11-20 20:02:32.025  3652  3871 I PackageManager: /system/app/HTMLViewer changed; collecting certs
11-20 20:02:32.025  3652  3872 I PackageManager: /system/app/Exchange2 changed; collecting certs
11-20 20:02:32.029  3652  3875 I PackageManager: /system/app/Email changed; collecting certs
11-20 20:02:32.030  3652  3873 I PackageManager: /system/app/KeyChain changed; collecting certs
11-20 20:02:32.034  3652  3876 I PackageManager: /system/app/Jelly changed; collecting certs
11-20 20:02:32.039  3652  3874 I PackageManager: /system/app/LiveWallpapersPicker changed; collecting certs
11-20 20:02:32.043  3652  3873 I PackageManager: /system/app/LockClock changed; collecting certs
11-20 20:02:32.043  3652  3872 W PackageParser: Ignoring duplicate uses-permissions/uses-permissions-sdk-m: android.permission.CHANGE_WIFI_STATE in package: com.android.nfc at: Binary XML file line #47
11-20 20:02:32.043  3652  3872 W PackageParser: Ignoring duplicate uses-permissions/uses-permissions-sdk-m: android.permission.ACCESS_WIFI_STATE in package: com.android.nfc at: Binary XML file line #48
11-20 20:02:32.045  3652  3872 I PackageManager: /system/app/NfcNci changed; collecting certs
11-20 20:02:32.046  3652  3876 I PackageManager: /system/app/PacProcessor changed; collecting certs
11-20 20:02:32.053  3652  3874 I PackageManager: /system/app/PhotoTable changed; collecting certs
11-20 20:02:32.054  3652  3876 I PackageManager: /system/app/PicoTts changed; collecting certs
11-20 20:02:32.058  3652  3872 I PackageManager: /system/app/PrintRecommendationService changed; collecting certs
11-20 20:02:32.059  3652  3871 I PackageManager: /system/app/LatinIME changed; collecting certs
11-20 20:02:32.062  3652  3875 W PackageManager: Permission com.android.email.permission.READ_ATTACHMENT from package com.android.email in an unknown group android.permission-group.MESSAGES
11-20 20:02:32.064  3652  3876 I PackageManager: /system/app/Profiles changed; collecting certs
11-20 20:02:32.064  3652  3874 I PackageManager: /system/app/Stk changed; collecting certs
11-20 20:02:32.067  3652  3875 I PackageManager: /system/app/UserDictionaryProvider changed; collecting certs
11-20 20:02:32.068  3652  3873 I PackageManager: /system/app/PrintSpooler changed; collecting certs
11-20 20:02:32.068  3652  3876 I PackageManager: /system/app/WAPPushManager changed; collecting certs
11-20 20:02:32.070  3652  3872 I PackageManager: /system/app/Terminal changed; collecting certs
11-20 20:02:32.072  3652  3876 W PackageManager: Failed to parse /system/app/mcRegistry: Missing base APK in /system/app/mcRegistry
11-20 20:02:32.075  3652  3874 I PackageManager: /system/app/WallpaperBackup changed; collecting certs
11-20 20:02:32.077  3652  3875 I PackageManager: /system/app/WallpaperPicker changed; collecting certs
11-20 20:02:32.084  3652  3872 I PackageManager: /system/app/webview changed; collecting certs
11-20 20:02:32.095  3652  3876 I PackageManager: /system/app/messaging changed; collecting certs
11-20 20:02:32.375  3652  3652 D PackageManager: end scanDirLI:/system/app
11-20 20:02:32.375  3652  3652 D PackageManager: No files in app dir /system/vendor/app
11-20 20:02:32.375  3652  3652 D PackageManager: No files in app dir /oem/app
11-20 20:02:32.376  3652  3652 D PackageManager: No files in app dir /data/app
11-20 20:02:32.376  3652  3652 D PackageManager: No files in app dir /data/app-private
11-20 20:02:32.376  3652  3652 D PackageManager: No files in app dir /data/app-ephemeral
11-20 20:02:32.377  3652  3652 E PackageManager: There should probably be exactly one setup wizard; found 0: matches=[]
11-20 20:02:32.377  3652  3652 W PackageManager: Protected action; cap priority to 0; package: com.android.cts.priv.ctsshim activity: com.android.cts.priv.ctsshim.InstallPriority origPrio: 100
11-20 20:02:32.377  3652  3652 W PackageManager: Protected action; cap priority to 0; package: com.android.cts.priv.ctsshim activity: com.android.cts.priv.ctsshim.InstallPriority origPrio: 100
11-20 20:02:32.377  3652  3652 W PackageManager: Protected action; cap priority to 0; package: com.android.cts.priv.ctsshim activity: com.android.cts.priv.ctsshim.InstallPriority origPrio: 100
11-20 20:02:32.377  3652  3652 W PackageManager: Protected action; cap priority to 0; package: com.android.cts.priv.ctsshim activity: com.android.cts.priv.ctsshim.InstallPriority origPrio: 100
11-20 20:02:32.377  3652  3652 W PackageManager: Protected action; cap priority to 0; package: com.android.packageinstaller activity: com.android.packageinstaller.PackageInstallerActivity origPrio: 1
11-20 20:02:32.377  3652  3652 W PackageManager: Package com.android.gallery3d desires unavailable shared library com.google.android.media.effects; ignoring!
11-20 20:02:32.377  3652  3652 W PackageManager: Package com.android.gallery3d desires unavailable shared library com.google.android.media.effects; ignoring!
11-20 20:02:32.377  3652  3652 I PackageManager: Adjusting ABI for com.android.providers.downloads to arm64-v8a (requirer=com.android.mtp, scannedPackage=null)
11-20 20:02:32.377  3652  3652 I PackageManager: Adjusting ABI for com.android.providers.media to arm64-v8a (requirer=com.android.mtp, scannedPackage=null)
11-20 20:02:32.377  3652  3652 I PackageManager: Adjusting ABI for com.android.providers.downloads.ui to arm64-v8a (requirer=com.android.mtp, scannedPackage=null)
11-20 20:02:32.378  3652  3652 I PackageManager: Adjusting ABI for org.cyanogenmod.cmparts to arm64-v8a (requirer=android, scannedPackage=null)
11-20 20:02:32.378  3652  3652 I PackageManager: Adjusting ABI for org.cyanogenmod.cmsettings to arm64-v8a (requirer=android, scannedPackage=null)
11-20 20:02:32.378  3652  3652 I PackageManager: Adjusting ABI for com.android.providers.settings to arm64-v8a (requirer=android, scannedPackage=null)
11-20 20:02:32.378  3652  3652 I PackageManager: Adjusting ABI for com.android.wallpaperbackup to arm64-v8a (requirer=android, scannedPackage=null)
11-20 20:02:32.378  3652  3652 I PackageManager: Adjusting ABI for cyanogenmod.platform to arm64-v8a (requirer=android, scannedPackage=null)
11-20 20:02:32.378  3221  3221 E         : invalid apk path '/system/framework/org.cyanogenmod.platform-res.apk' (bad prefix)
11-20 20:02:32.378  3652  3652 I PackageManager: Adjusting ABI for com.android.keychain to arm64-v8a (requirer=android, scannedPackage=null)
11-20 20:02:32.379  3652  3652 I PackageManager: Adjusting ABI for com.cyanogenmod.settings.device to arm64-v8a (requirer=android, scannedPackage=null)
11-20 20:02:32.379  3652  3652 I PackageManager: Adjusting ABI for com.cyanogenmod.setupwizard to arm64-v8a (requirer=android, scannedPackage=null)
11-20 20:02:32.379  3652  3652 I PackageManager: Adjusting ABI for com.android.location.fused to arm64-v8a (requirer=android, scannedPackage=null)
11-20 20:02:32.379  3652  3652 I PackageManager: Adjusting ABI for com.android.server.telecom to arm64-v8a (requirer=android, scannedPackage=null)
11-20 20:02:32.379  3652  3652 I PackageManager: Adjusting ABI for com.android.inputdevices to arm64-v8a (requirer=android, scannedPackage=null)
11-20 20:02:32.379  3652  3652 I PackageManager: Adjusting ABI for com.android.settings to arm64-v8a (requirer=android, scannedPackage=null)
11-20 20:02:32.379  3652  3652 I PackageManager: Adjusting ABI for com.android.development to arm64-v8a (requirer=android, scannedPackage=null)
11-20 20:02:32.380  3652  3652 I PackageManager: Time to scan packages: 1.918 seconds
11-20 20:02:32.380  3652  3652 W PackageManager: Unknown permission com.google.android.googleapps.permission.GOOGLE_AUTH in package com.android.providers.calendar
11-20 20:02:32.380  3652  3652 W PackageManager: Unknown permission com.google.android.googleapps.permission.GOOGLE_AUTH.cl in package com.android.providers.calendar
11-20 20:02:32.381  3652  3652 W PackageManager: Unknown permission cyanogenmod.permission.LEGALESE in package com.cyanogenmod.setupwizard
11-20 20:02:32.381  3652  3652 W PackageManager: Unknown permission com.android.gallery3d.permission.STORAGE_CHANGE in package com.android.camera2
11-20 20:02:32.381  3652  3652 W PackageManager: Unknown permission android.permission.NFC_UNLOCK in package com.android.nfc
11-20 20:02:32.381  3652  3652 W PackageManager: Unknown permission com.google.android.googleapps.permission.GOOGLE_AUTH.mail in package com.android.calendar
11-20 20:02:32.381  3652  3652 W PackageManager: Unknown permission com.android.launcher.permission.READ_SETTINGS in package com.android.onetimeinitializer
11-20 20:02:32.381  3652  3652 W PackageManager: Unknown permission com.android.launcher.permission.WRITE_SETTINGS in package com.android.onetimeinitializer
11-20 20:02:32.381  3652  3652 W PackageManager: Unknown permission com.android.launcher.permission.READ_SETTINGS in package com.cyanogenmod.trebuchet
11-20 20:02:32.382  3652  3652 W PackageManager: Unknown permission com.android.launcher.permission.WRITE_SETTINGS in package com.cyanogenmod.trebuchet
11-20 20:02:32.382  3652  3652 W PackageManager: Unknown permission com.google.android.permission.INSTALL_WEARABLE_PACKAGES in package com.android.packageinstaller
11-20 20:02:32.382  3652  3652 W PackageManager: Not granting permission android.permission.DELETE_PACKAGES to package com.svox.pico (protectionLevel=18 flags=0x3808be45)
11-20 20:02:32.382  3652  3652 W PackageManager: Unknown permission com.google.android.gallery3d.permission.PICASA_STORE in package com.android.dreams.phototable
11-20 20:02:32.382  3652  3652 W PackageManager: Unknown permission com.google.android.googleapps.permission.GOOGLE_AUTH in package com.android.settings
11-20 20:02:32.382  3652  3652 W PackageManager: Unknown permission com.android.launcher.permission.READ_SETTINGS in package com.android.settings
11-20 20:02:32.382  3652  3652 W PackageManager: Unknown permission com.android.launcher.permission.WRITE_SETTINGS in package com.android.settings
11-20 20:02:32.383  3652  3652 W PackageManager: Not granting permission android.permission.MANAGE_DOCUMENTS to package com.android.deskclock (protectionLevel=2 flags=0x3c49be45)
11-20 20:02:32.383  3652  3652 W PackageManager: Unknown permission com.android.deskclock.worldclock.permissions.WRITE_DATABASE in package com.android.deskclock
11-20 20:02:32.383  3652  3652 W PackageManager: Unknown permission org.codeaurora.permission.POWER_ON_ALERT in package com.android.deskclock
11-20 20:02:32.383  3652  3652 W PackageManager: Not granting permission android.permission.WRITE_SECURE_SETTINGS to package com.android.deskclock (protectionLevel=50 flags=0x3c49be45)
11-20 20:02:32.383  3652  3652 W PackageManager: Unknown permission com.cyanogenmod.lockclock.permission.READ_WEATHER in package com.android.systemui
11-20 20:02:32.384  3652  3652 W PackageManager: Unknown permission com.google.android.gallery3d.permission.GALLERY_PROVIDER in package com.android.bluetooth
11-20 20:02:32.384  3652  3652 W PackageManager: Unknown permission com.google.android.googleapps.permission.ACCESS_GOOGLE_PASSWORD in package com.android.development
11-20 20:02:32.384  3652  3652 W PackageManager: Unknown permission com.google.android.googleapps.permission.GOOGLE_AUTH in package com.android.development
11-20 20:02:32.384  3652  3652 W PackageManager: Unknown permission com.google.android.googleapps.permission.GOOGLE_AUTH.ALL_SERVICES in package com.android.development
11-20 20:02:32.384  3652  3652 W PackageManager: Unknown permission com.google.android.googleapps.permission.GOOGLE_AUTH.YouTubeUser in package com.android.development
11-20 20:02:32.384  3652  3652 V PackageManager: reconcileAppsData for null u0 0x3
11-20 20:02:32.385  3221  3221 E SELinux : selinux_android_file_context_handle: Error getting file context handle (No such file or directory)
11-20 20:02:32.447  3652  3652 V PackageManager: reconcileAppsData finished 91 packages
11-20 20:02:32.447  3652  3652 V PackageManager: Disabling com.google.android.gsf/com.google.android.gsf.update.SystemUpdateActivity
11-20 20:02:32.447  3652  3652 W PackageManager: Unable to disable com.google.android.gsf/com.google.android.gsf.update.SystemUpdateActivity
11-20 20:02:32.447  3652  3652 V PackageManager: Disabling com.google.android.gsf/com.google.android.gsf.update.SystemUpdateService$Receiver
11-20 20:02:32.447  3652  3652 W PackageManager: Unable to disable com.google.android.gsf/com.google.android.gsf.update.SystemUpdateService$Receiver
11-20 20:02:32.447  3652  3652 V PackageManager: Disabling com.google.android.gsf/com.google.android.gsf.update.SystemUpdateService$SecretCodeReceiver
11-20 20:02:32.447  3652  3652 W PackageManager: Unable to disable com.google.android.gsf/com.google.android.gsf.update.SystemUpdateService$SecretCodeReceiver
11-20 20:02:32.447  3652  3652 V PackageManager: Disabling com.google.android.gsf/com.google.android.gsf.update.SystemUpdateServiceReceiver
11-20 20:02:32.447  3652  3652 W PackageManager: Unable to disable com.google.android.gsf/com.google.android.gsf.update.SystemUpdateServiceReceiver
11-20 20:02:32.447  3652  3652 V PackageManager: Disabling com.google.android.gms/com.google.android.gms.update.SystemUpdateActivity
11-20 20:02:32.447  3652  3652 W PackageManager: Unable to disable com.google.android.gms/com.google.android.gms.update.SystemUpdateActivity
11-20 20:02:32.447  3652  3652 V PackageManager: Disabling com.google.android.gms/com.google.android.gms.update.SystemUpdateService$Receiver
11-20 20:02:32.447  3652  3652 W PackageManager: Unable to disable com.google.android.gms/com.google.android.gms.update.SystemUpdateService$Receiver
11-20 20:02:32.447  3652  3652 V PackageManager: Disabling com.google.android.gms/com.google.android.gms.update.SystemUpdateService$ActiveReceiver
11-20 20:02:32.448  3652  3652 W PackageManager: Unable to disable com.google.android.gms/com.google.android.gms.update.SystemUpdateService$ActiveReceiver
11-20 20:02:32.448  3652  3652 V PackageManager: Disabling com.google.android.gms/com.google.android.gms.update.SystemUpdateService$SecretCodeReceiver
11-20 20:02:32.448  3652  3652 W PackageManager: Unable to disable com.google.android.gms/com.google.android.gms.update.SystemUpdateService$SecretCodeReceiver
11-20 20:02:32.448  3652  3652 V PackageManager: Disabling com.google.android.gms/com.google.android.gms.update.SystemUpdateServiceReceiver
11-20 20:02:32.448  3652  3652 W PackageManager: Unable to disable com.google.android.gms/com.google.android.gms.update.SystemUpdateServiceReceiver
11-20 20:02:32.448  3652  3652 V PackageManager: Enabling com.google.android.gsf/com.google.android.gsf.update.SystemUpdateService
11-20 20:02:32.448  3652  3652 W PackageManager: Unable to enable com.google.android.gsf/com.google.android.gsf.update.SystemUpdateService
11-20 20:02:32.448  3652  3652 V PackageManager: Enabling com.google.android.gms/com.google.android.gms.update.SystemUpdateService
11-20 20:02:32.448  3652  3652 W PackageManager: Unable to enable com.google.android.gms/com.google.android.gms.update.SystemUpdateService
11-20 20:02:32.486  3652  3652 I PackageManager.DexOptimizer: Running dexopt (dex2oat) on: /system/priv-app/TelephonyProvider/TelephonyProvider.apk pkg=com.android.providers.telephony isa=arm64 vmSafeMode=false debuggable=false target-filter=speed oatDir = null sharedLibraries=null
11-20 20:02:32.502  3877  3877 I dex2oat : /system/bin/dex2oat --compiler-filter=speed
11-20 20:02:32.636  3877  3877 I dex2oat : dex2oat took 134.618ms (threads: 8) arena alloc=6MB (6855600B) java alloc=262KB (268936B) native alloc=1809KB (1852496B) free=10MB (11254704B)
11-20 20:02:32.639  3652  3652 I PackageManager.DexOptimizer: Running dexopt (dex2oat) on: /system/priv-app/MmsService/MmsService.apk pkg=com.android.mms.service isa=arm64 vmSafeMode=false debuggable=false target-filter=speed oatDir = null sharedLibraries=null
11-20 20:02:32.655  3886  3886 I dex2oat : /system/bin/dex2oat --compiler-filter=speed
11-20 20:02:32.723  3886  3886 I dex2oat : dex2oat took 68.078ms (threads: 8) arena alloc=2MB (2175584B) java alloc=241KB (247152B) native alloc=1571KB (1609456B) free=4MB (5206288B)
11-20 20:02:32.726  3652  3652 I PackageManager.DexOptimizer: Running dexopt (dex2oat) on: /system/priv-app/DefaultContainerService/DefaultContainerService.apk pkg=com.android.defcontainer isa=arm64 vmSafeMode=false debuggable=false target-filter=speed oatDir = null sharedLibraries=null
11-20 20:02:32.741  3895  3895 I dex2oat : /system/bin/dex2oat --compiler-filter=speed
11-20 20:02:32.776  3895  3895 I dex2oat : dex2oat took 34.749ms (threads: 8) arena alloc=528KB (540752B) java alloc=101KB (104128B) native alloc=1148KB (1176096B) free=2MB (2493920B)
11-20 20:02:32.779  3652  3652 I PackageManager.DexOptimizer: Running dexopt (dex2oat) on: /system/priv-app/SettingsProvider/SettingsProvider.apk pkg=com.android.providers.settings isa=arm64 vmSafeMode=false debuggable=false target-filter=speed oatDir = null sharedLibraries=null
11-20 20:02:32.794  3904  3904 I dex2oat : /system/bin/dex2oat --compiler-filter=speed
11-20 20:02:32.936  3904  3904 I dex2oat : dex2oat took 141.892ms (threads: 8) arena alloc=6MB (6535256B) java alloc=271KB (278296B) native alloc=1610KB (1648760B) free=9MB (10409864B)
11-20 20:02:32.939  3652  3652 I PackageManager.DexOptimizer: Running dexopt (dex2oat) on: /system/priv-app/InputDevices/InputDevices.apk pkg=com.android.inputdevices isa=arm64 vmSafeMode=false debuggable=false target-filter=speed oatDir = null sharedLibraries=null
11-20 20:02:32.955  3913  3913 I dex2oat : /system/bin/dex2oat --compiler-filter=speed
11-20 20:02:32.978  3913  3913 I dex2oat : dex2oat took 23.256ms (threads: 8) arena alloc=15KB (15632B) java alloc=32KB (33200B) native alloc=865KB (886136B) free=1182KB (1211016B)
11-20 20:02:32.980  3652  3652 I PackageManager.DexOptimizer: Running dexopt (dex2oat) on: /system/app/ExtShared/ExtShared.apk pkg=android.ext.shared isa=arm64 vmSafeMode=false debuggable=false target-filter=speed oatDir = null sharedLibraries=null
11-20 20:02:32.996  3922  3922 I dex2oat : /system/bin/dex2oat --compiler-filter=speed
11-20 20:02:33.019  3922  3922 I dex2oat : dex2oat took 23.926ms (threads: 8) arena alloc=78KB (79992B) java alloc=55KB (57056B) native alloc=874KB (895512B) free=2MB (2250216B)
11-20 20:02:33.022  3652  3652 I PackageManager.DexOptimizer: Running dexopt (dex2oat) on: /system/priv-app/Telecom/Telecom.apk pkg=com.android.server.telecom isa=arm64 vmSafeMode=false debuggable=false target-filter=speed oatDir = null sharedLibraries=null
11-20 20:02:33.037  3931  3931 I dex2oat : /system/bin/dex2oat --compiler-filter=speed
11-20 20:02:33.049  3216  3216 D wrapperGPS: wrapperisConnected_RILD
11-20 20:02:33.050  3216  3216 D wrapperGPS: wrapperConnect_RILD
11-20 20:02:33.050  3216  3216 D gpsd    : WakeLock(Release,GPSD)
11-20 20:02:33.389  3931  3931 I dex2oat : dex2oat took 351.980ms (threads: 8) arena alloc=3MB (3496800B) java alloc=1017KB (1041736B) native alloc=4MB (4217584B) free=6MB (6792464B)
11-20 20:02:33.393  3652  3652 I PackageManager.DexOptimizer: Running dexopt (dex2oat) on: /system/priv-app/Dialer/Dialer.apk pkg=com.android.dialer isa=arm64 vmSafeMode=false debuggable=false target-filter=speed oatDir = null sharedLibraries=null
11-20 20:02:33.409  3941  3941 I dex2oat : /system/bin/dex2oat --compiler-filter=speed
11-20 20:02:33.581  3941  3949 W dex2oat : Before Android 4.1, method android.graphics.PorterDuffColorFilter android.support.graphics.drawable.VectorDrawableCompat.updateTintFilter(android.graphics.PorterDuffColorFilter, android.content.res.ColorStateList, android.graphics.PorterDuff$Mode) would have incorrectly overridden the package-private method in android.graphics.drawable.Drawable
11-20 20:02:33.593  3941  3944 W dex2oat : Before Android 4.1, method int android.support.v7.widget.ListViewCompat.lookForSelectablePosition(int, boolean) would have incorrectly overridden the package-private method in android.widget.ListView
11-20 20:02:34.871  3941  3941 I dex2oat : dex2oat took 1.462s (threads: 8) arena alloc=4MB (4327792B) java alloc=5MB (6090000B) native alloc=15MB (16185672B) free=7MB (7931576B)
11-20 20:02:34.877  3652  3652 I PackageManager.DexOptimizer: Running dexopt (dex2oat) on: /system/priv-app/ExtServices/ExtServices.apk pkg=android.ext.services isa=arm64 vmSafeMode=false debuggable=false target-filter=speed oatDir = null sharedLibraries=null
11-20 20:02:34.892  3950  3950 I dex2oat : /system/bin/dex2oat --compiler-filter=speed
11-20 20:02:34.926  3950  3950 I dex2oat : dex2oat took 33.923ms (threads: 8) arena alloc=337KB (345520B) java alloc=80KB (81984B) native alloc=1115KB (1142256B) free=2MB (3052048B)
11-20 20:02:34.929  3652  3652 I PackageManager.DexOptimizer: Running dexopt (dex2oat) on: /system/priv-app/CMSettingsProvider/CMSettingsProvider.apk pkg=org.cyanogenmod.cmsettings isa=arm64 vmSafeMode=false debuggable=false target-filter=speed oatDir = null sharedLibraries=null
11-20 20:02:34.944  3959  3959 I dex2oat : /system/bin/dex2oat --compiler-filter=speed
11-20 20:02:35.014  3959  3959 I dex2oat : dex2oat took 69.834ms (threads: 8) arena alloc=2014KB (2062488B) java alloc=248KB (254048B) native alloc=1691KB (1732160B) free=4MB (4559296B)
11-20 20:02:35.017  3652  3652 I PackageManager.DexOptimizer: Running dexopt (dex2oat) on: /system/priv-app/PackageInstaller/PackageInstaller.apk pkg=com.android.packageinstaller isa=arm64 vmSafeMode=false debuggable=false target-filter=speed oatDir = null sharedLibraries=null
11-20 20:02:35.032  3968  3968 I dex2oat : /system/bin/dex2oat --compiler-filter=speed
11-20 20:02:35.107  3968  3974 W dex2oat : Before Android 4.1, method android.graphics.PorterDuffColorFilter android.support.graphics.drawable.VectorDrawableCompat.updateTintFilter(android.graphics.PorterDuffColorFilter, android.content.res.ColorStateList, android.graphics.PorterDuff$Mode) would have incorrectly overridden the package-private method in android.graphics.drawable.Drawable
11-20 20:02:35.124  3968  3968 W dex2oat : Before Android 4.1, method int android.support.v7.widget.ListViewCompat.lookForSelectablePosition(int, boolean) would have incorrectly overridden the package-private method in android.widget.ListView
11-20 20:02:35.693  3968  3968 I dex2oat : dex2oat took 660.879ms (threads: 8) arena alloc=4MB (5126088B) java alloc=3MB (3974000B) native alloc=6MB (7090752B) free=8MB (8637888B)
11-20 20:02:35.698  3652  3652 I PackageManager.DexOptimizer: Running dexopt (dex2oat) on: /system/priv-app/ProxyHandler/ProxyHandler.apk pkg=com.android.proxyhandler isa=arm64 vmSafeMode=false debuggable=false target-filter=speed oatDir = null sharedLibraries=null
11-20 20:02:35.714  3977  3977 I dex2oat : /system/bin/dex2oat --compiler-filter=speed
11-20 20:02:35.755  3977  3977 I dex2oat : dex2oat took 40.546ms (threads: 8) arena alloc=1264KB (1294936B) java alloc=98KB (100640B) native alloc=1181KB (1210232B) free=3MB (3508360B)
11-20 20:02:35.758  3652  3652 I PackageManager.DexOptimizer: Running dexopt (dex2oat) on: /system/app/LatinIME/LatinIME.apk pkg=com.android.inputmethod.latin isa=arm64 vmSafeMode=false debuggable=false target-filter=speed oatDir = null sharedLibraries=null
11-20 20:02:35.774  3986  3986 I dex2oat : /system/bin/dex2oat --compiler-filter=speed
11-20 20:02:36.179  3986  3986 I dex2oat : dex2oat took 405.107ms (threads: 8) arena alloc=3MB (3391096B) java alloc=1650KB (1689776B) native alloc=4MB (4527392B) free=6MB (7006944B)
