09-11 05:42:35.338  3643  3643 W PackageManager: Unable to disable com.google.android.gsf/com.google.android.gsf.update.SystemUpdateService$Receiver
09-11 05:42:35.338  3643  3643 V PackageManager: Disabling com.google.android.gsf/com.google.android.gsf.update.SystemUpdateService$SecretCodeReceiver
09-11 05:42:35.338  3643  3643 W PackageManager: Unable to disable com.google.android.gsf/com.google.android.gsf.update.SystemUpdateService$SecretCodeReceiver
09-11 05:42:35.338  3643  3643 V PackageManager: Disabling com.google.android.gsf/com.google.android.gsf.update.SystemUpdateServiceReceiver
09-11 05:42:35.338  3643  3643 W PackageManager: Unable to disable com.google.android.gsf/com.google.android.gsf.update.SystemUpdateServiceReceiver
09-11 05:42:35.338  3643  3643 V PackageManager: Disabling com.google.android.gms/com.google.android.gms.update.SystemUpdateActivity
09-11 05:42:35.338  3643  3643 W PackageManager: Unable to disable com.google.android.gms/com.google.android.gms.update.SystemUpdateActivity
09-11 05:42:35.338  3643  3643 V PackageManager: Disabling com.google.android.gms/com.google.android.gms.update.SystemUpdateService$Receiver
09-11 05:42:35.338  3643  3643 W PackageManager: Unable to disable com.google.android.gms/com.google.android.gms.update.SystemUpdateService$Receiver
09-11 05:42:35.338  3643  3643 V PackageManager: Disabling com.google.android.gms/com.google.android.gms.update.SystemUpdateService$ActiveReceiver
09-11 05:42:35.338  3643  3643 W PackageManager: Unable to disable com.google.android.gms/com.google.android.gms.update.SystemUpdateService$ActiveReceiver
09-11 05:42:35.338  3643  3643 V PackageManager: Disabling com.google.android.gms/com.google.android.gms.update.SystemUpdateService$SecretCodeReceiver
09-11 05:42:35.339  3643  3643 W PackageManager: Unable to disable com.google.android.gms/com.google.android.gms.update.SystemUpdateService$SecretCodeReceiver
09-11 05:42:35.339  3643  3643 V PackageManager: Disabling com.google.android.gms/com.google.android.gms.update.SystemUpdateServiceReceiver
09-11 05:42:35.339  3643  3643 W PackageManager: Unable to disable com.google.android.gms/com.google.android.gms.update.SystemUpdateServiceReceiver
09-11 05:42:35.339  3643  3643 V PackageManager: Enabling com.google.android.gsf/com.google.android.gsf.update.SystemUpdateService
09-11 05:42:35.339  3643  3643 W PackageManager: Unable to enable com.google.android.gsf/com.google.android.gsf.update.SystemUpdateService
09-11 05:42:35.339  3643  3643 V PackageManager: Enabling com.google.android.gms/com.google.android.gms.update.SystemUpdateService
09-11 05:42:35.339  3643  3643 W PackageManager: Unable to enable com.google.android.gms/com.google.android.gms.update.SystemUpdateService
09-11 05:42:35.453  3868  3868 I dex2oat : /system/bin/dex2oat --compiler-filter=speed
09-11 05:42:35.657  3868  3868 I dex2oat : dex2oat took 204.382ms (threads: 8) arena alloc=5MB (5590968B) java alloc=285KB (292720B) native alloc=1791KB (1833984B) free=9MB (9700352B)
09-11 05:42:35.676  3877  3877 I dex2oat : /system/bin/dex2oat --compiler-filter=speed
09-11 05:42:35.784  3877  3877 I dex2oat : dex2oat took 108.434ms (threads: 8) arena alloc=2MB (2175592B) java alloc=249KB (255080B) native alloc=1591KB (1629360B) free=4MB (4662096B)
09-11 05:42:35.803  3886  3886 I dex2oat : /system/bin/dex2oat --compiler-filter=speed
09-11 05:42:35.879  3886  3886 I dex2oat : dex2oat took 76.394ms (threads: 8) arena alloc=528KB (540752B) java alloc=93KB (96208B) native alloc=1144KB (1171952B) free=2MB (2498064B)
09-11 05:42:35.897  3895  3895 I dex2oat : /system/bin/dex2oat --compiler-filter=speed
09-11 05:42:36.077  3895  3895 I dex2oat : dex2oat took 180.243ms (threads: 8) arena alloc=6MB (6535256B) java alloc=279KB (286304B) native alloc=1610KB (1648912B) free=9MB (9885424B)
09-11 05:42:36.096  3904  3904 I dex2oat : /system/bin/dex2oat --compiler-filter=speed
09-11 05:42:36.160  3904  3904 I dex2oat : dex2oat took 64.659ms (threads: 8) arena alloc=15KB (15632B) java alloc=32KB (33200B) native alloc=877KB (898312B) free=1682KB (1723128B)
09-11 05:42:36.178  3913  3913 I dex2oat : /system/bin/dex2oat --compiler-filter=speed
09-11 05:42:36.245  3913  3913 I dex2oat : dex2oat took 67.259ms (threads: 8) arena alloc=78KB (79992B) java alloc=55KB (57056B) native alloc=894KB (915864B) free=1665KB (1705576B)
09-11 05:42:36.263  3922  3922 I dex2oat : /system/bin/dex2oat --compiler-filter=speed
09-11 05:42:36.645  3922  3922 I dex2oat : dex2oat took 381.897ms (threads: 8) arena alloc=2MB (2859664B) java alloc=1028KB (1053632B) native alloc=3MB (4082936B) free=6MB (6402824B)
09-11 05:42:36.665  3931  3931 I dex2oat : /system/bin/dex2oat --compiler-filter=speed
09-11 05:42:36.862  3931  3938 W dex2oat : Before Android 4.1, method android.graphics.PorterDuffColorFilter android.support.graphics.drawable.VectorDrawableCompat.updateTintFilter(android.graphics.PorterDuffColorFilter, android.content.res.ColorStateList, android.graphics.PorterDuff$Mode) would have incorrectly overridden the package-private method in android.graphics.drawable.Drawable
09-11 05:42:36.875  3931  3933 W dex2oat : Before Android 4.1, method int android.support.v7.widget.ListViewCompat.lookForSelectablePosition(int, boolean) would have incorrectly overridden the package-private method in android.widget.ListView
09-11 05:42:38.166  3931  3931 I dex2oat : dex2oat took 1.501s (threads: 8) arena alloc=5MB (5384776B) java alloc=5MB (6099864B) native alloc=15MB (16100832B) free=8MB (8540704B)
09-11 05:42:38.172  3643  3643 I chatty  : uid=1000 system_server expire 59 lines
09-11 05:42:38.188  3941  3941 I dex2oat : /system/bin/dex2oat --compiler-filter=speed
09-11 05:42:38.260  3941  3941 I dex2oat : dex2oat took 72.325ms (threads: 8) arena alloc=339KB (347160B) java alloc=87KB (89968B) native alloc=1107KB (1134000B) free=2MB (2536016B)
09-11 05:42:38.278  3950  3950 I dex2oat : /system/bin/dex2oat --compiler-filter=speed
09-11 05:42:38.387  3950  3950 I dex2oat : dex2oat took 109.582ms (threads: 8) arena alloc=1846KB (1891264B) java alloc=255KB (261968B) native alloc=1666KB (1706280B) free=4MB (4585176B)
09-11 05:42:38.406  3959  3959 I dex2oat : /system/bin/dex2oat --compiler-filter=speed
09-11 05:42:38.500  3959  3966 W dex2oat : Before Android 4.1, method android.graphics.PorterDuffColorFilter android.support.graphics.drawable.VectorDrawableCompat.updateTintFilter(android.graphics.PorterDuffColorFilter, android.content.res.ColorStateList, android.graphics.PorterDuff$Mode) would have incorrectly overridden the package-private method in android.graphics.drawable.Drawable
09-11 05:42:38.517  3959  3959 W dex2oat : Before Android 4.1, method int android.support.v7.widget.ListViewCompat.lookForSelectablePosition(int, boolean) would have incorrectly overridden the package-private method in android.widget.ListView
09-11 05:42:38.622  3162  3162 D gpsd    : WakeLock(Acquire,GPSD)
09-11 05:42:38.622  3162  3162 D gpsd    : WakeLock(Release,GPSD)
09-11 05:42:38.622  3162  3162 D gpsd    : WakeLock(Acquire,GPSD)
09-11 05:42:38.622  3162  3162 D gpsd    : WakeLock(Release,GPSD)
09-11 05:42:38.670  3969  3969 V lhd     : GlLhdInterface::Init(/system/etc/lhd.conf)
09-11 05:42:38.670  3969  3969 E lhd     : SetCfgValue: Critical Error. Unknown configuration parameter "FlpName"="tcp"
09-11 05:42:38.670  3969  3969 V lhd     : SetCfgValue: LHD config "LheSerialControl"="BBD:Serial=TTY"
09-11 05:42:38.670  3969  3969 E lhd     : SetCfgValue: Critical Error. Unknown configuration parameter "LheClockMHz"="100"
09-11 05:42:38.670  3969  3969 V lhd     : SetCfgValue: LHD config "LhePatch"="/dev/bbd_patch"
09-11 05:42:38.670  3969  3969 V lhd     : SetCfgValue: LHD config "LheMaxMcuResetTries"="4"
09-11 05:42:38.671  3969  3969 V lhd     : SetCfgValue: LHD config "LheBbdPacket"="/dev/ttyBCM"
09-11 05:42:38.671  3969  3969 V lhd     : SetCfgValue: LHD config "LheBbdControl"="/dev/bbd_control"
09-11 05:42:38.671  3969  3969 V lhd     : SetCfgValue: LHD config "LheBbdSensor"="/dev/bbd_sensor"
09-11 05:42:38.671  3969  3969 V lhd     : SetCfgValue: LHD config "Lhe477xDebugFlags"="RPC:FACILITY=33:STDOUT_PUTS:STDOUT_LOG"
09-11 05:42:38.671  3969  3969 E lhd     : SetCfgValue: Critical Error. Unknown configuration parameter "LheSensorIpc"="true"
09-11 05:42:38.671  3969  3969 E lhd     : SetCfgValue: Critical Error. Unknown configuration parameter "LhePinMux"="P17=M1"
09-11 05:42:38.671  3969  3969 V lhd     : SetCfgValue: LHD config "LheAutoBaudDelayMS"="10"
09-11 05:42:38.671  3969  3969 V lhd     : SetCfgValue: LHD config "LheMaxMcuResetTries"="3"
09-11 05:42:38.671  3969  3969 E lhd     : OpenFirmwareFile: Fail to open /efs/sec_efs/sensorhub_urgent_fw.patch, errno 2
09-11 05:42:38.671  3969  3969 E lhd     : getCustPatchVersion: Fail to parse patch /efs/sec_efs/sensorhub_urgent_fw.patch
09-11 05:42:38.671  3969  3969 E lhd     : getCustPatchVersion: <CustomerVersion> not found
09-11 05:42:38.732  3969  3969 D lhd     : OnIpcConnect
09-11 05:42:38.732  3162  3162 D gpsd    : WakeLock(Acquire,GPSD)
09-11 05:42:38.732  3162  3162 D gpsd    : WakeLock(Release,GPSD)
09-11 05:42:38.732  3162  3162 D gpsd    : WakeLock(Acquire,GPSD)
09-11 05:42:38.732  3162  3162 D gpsd    : WakeLock(Release,GPSD)
09-11 05:42:39.104  3959  3959 I dex2oat : dex2oat took 698.787ms (threads: 8) arena alloc=4MB (4735376B) java alloc=3MB (3973400B) native alloc=6MB (7089800B) free=8MB (8638840B)
09-11 05:42:39.124  3971  3971 I dex2oat : /system/bin/dex2oat --compiler-filter=speed
09-11 05:42:39.219  3971  3971 I dex2oat : dex2oat took 94.929ms (threads: 8) arena alloc=1264KB (1294936B) java alloc=106KB (108576B) native alloc=1177KB (1206088B) free=3MB (3512504B)
09-11 05:42:39.238  3980  3980 I dex2oat : /system/bin/dex2oat --compiler-filter=speed
09-11 05:42:39.688  3980  3980 I dex2oat : dex2oat took 451.010ms (threads: 8) arena alloc=2MB (2941760B) java alloc=1654KB (1694088B) native alloc=4MB (4519616B) free=6MB (6490432B)
09-11 05:42:39.708  3989  3989 I dex2oat : /system/bin/dex2oat --compiler-filter=speed
09-11 05:42:39.891  3989  3989 W dex2oat : Before Android 4.1, method android.graphics.PorterDuffColorFilter android.support.graphics.drawable.VectorDrawableCompat.updateTintFilter(android.graphics.PorterDuffColorFilter, android.content.res.ColorStateList, android.graphics.PorterDuff$Mode) would have incorrectly overridden the package-private method in android.graphics.drawable.Drawable
09-11 05:42:39.903  3989  3997 W dex2oat : Before Android 4.1, method int android.support.v7.widget.ListViewCompat.lookForSelectablePosition(int, boolean) would have incorrectly overridden the package-private method in android.widget.ListView
09-11 05:42:41.241  3989  3989 I dex2oat : dex2oat took 1.533s (threads: 8) arena alloc=6MB (6388800B) java alloc=9MB (9747384B) native alloc=16MB (16830064B) free=9MB (9908624B)
09-11 05:42:41.263  3998  3998 I dex2oat : /system/bin/dex2oat --compiler-filter=speed
09-11 05:42:42.017  3998  3998 I dex2oat : dex2oat took 754.864ms (threads: 8) arena alloc=8MB (8572192B) java alloc=2MB (2543744B) native alloc=7MB (8014736B) free=11MB (12432496B)
09-11 05:42:42.038  4007  4007 I dex2oat : /system/bin/dex2oat --compiler-filter=speed
09-11 05:42:42.194  4007  4007 I dex2oat : dex2oat took 156.312ms (threads: 8) arena alloc=1906KB (1952008B) java alloc=325KB (333568B) native alloc=1416KB (1450664B) free=4MB (4840792B)
09-11 05:42:42.213  4016  4016 I dex2oat : /system/bin/dex2oat --compiler-filter=speed
09-11 05:42:42.288  4016  4016 I dex2oat : dex2oat took 75.276ms (threads: 8) arena alloc=439KB (450360B) java alloc=155KB (158800B) native alloc=1270KB (1300840B) free=3MB (3417752B)
09-11 05:42:42.306  4025  4025 I dex2oat : /system/bin/dex2oat --compiler-filter=speed
09-11 05:42:42.509  4025  4027 W dex2oat : Before Android 4.1, method android.graphics.PorterDuffColorFilter android.support.graphics.drawable.VectorDrawableCompat.updateTintFilter(android.graphics.PorterDuffColorFilter, android.content.res.ColorStateList, android.graphics.PorterDuff$Mode) would have incorrectly overridden the package-private method in android.graphics.drawable.Drawable
09-11 05:42:42.525  4025  4027 W dex2oat : Before Android 4.1, method int android.support.v7.widget.ListViewCompat.lookForSelectablePosition(int, boolean) would have incorrectly overridden the package-private method in android.widget.ListView
09-11 05:42:43.980  4025  4025 I dex2oat : dex2oat took 1.674s (threads: 8) arena alloc=2MB (2849808B) java alloc=9MB (10304688B) native alloc=17MB (17880976B) free=5MB (6236272B)
09-11 05:42:44.003  4034  4034 I dex2oat : /system/bin/dex2oat --compiler-filter=speed
09-11 05:42:44.140  4034  4034 I dex2oat : dex2oat took 137.363ms (threads: 8) arena alloc=2MB (2280504B) java alloc=403KB (413064B) native alloc=1489KB (1524736B) free=5MB (5815296B)
09-11 05:42:44.144  3643  3643 D PackageManager: Ephemeral resolver NOT found; no matching intent filters
09-11 05:42:44.144  3643  3643 I PackageManager: Ephemeral deactivated; missing resolver and installer
09-11 05:42:44.157  3643  3643 I SystemServer: StartOtaDexOptService
09-11 05:42:44.158  3643  3643 I SystemServer: StartUserManagerService
09-11 05:42:44.158  3643  3643 I SystemServiceManager: Starting com.android.server.pm.UserManagerService$LifeCycle
09-11 05:42:44.163  3140  3140 I lowmemorykiller: ActivityManager connected
09-11 05:42:44.163  3643  3643 I SystemServiceManager: Starting com.android.server.BatteryService
09-11 05:42:44.163  3643  4044 I chatty  : uid=1000 system_server expire 3 lines
09-11 05:42:44.165  3643  3706 I chatty  : uid=1000(system) batterystats-sy expire 2 lines
09-11 05:42:44.166  3643  3643 I SystemServiceManager: Starting com.android.server.usage.UsageStatsService
09-11 05:42:44.181  3643  3643 I SystemServiceManager: Starting com.android.server.webkit.WebViewUpdateService
09-11 05:42:44.183  3643  3643 I SystemServer: Reading configuration...
09-11 05:42:44.183  3643  3643 I SystemServer: StartSchedulingPolicyService
09-11 05:42:44.183  3643  3643 I SystemServiceManager: Starting com.android.server.telecom.TelecomLoaderService
09-11 05:42:44.184  3643  3643 I SystemServer: StartTelephonyRegistry
09-11 05:42:44.185  3643  3643 I SystemServer: StartEntropyMixer
09-11 05:42:44.186  3643  3643 W EntropyMixer: No existing entropy file -- first boot?
09-11 05:42:44.204  3643  3643 I EntropyMixer: Added HW RNG output to entropy pool
09-11 05:42:44.204  3643  3643 I EntropyMixer: Writing entropy...
09-11 05:42:44.226  3643  3643 I SystemServer: Camera Service
09-11 05:42:44.226  3643  3643 I SystemServiceManager: Starting com.android.server.camera.CameraService
09-11 05:42:44.227  3643  4049 I ServiceThread: Enabled StrictMode logging for CameraService_proxy looper.
09-11 05:42:44.227  3643  3643 I SystemServer: StartAccountManagerService
09-11 05:42:44.228  3643  3643 I SystemServiceManager: Starting com.android.server.accounts.AccountManagerService$Lifecycle
09-11 05:42:44.230  3643  3643 I SystemServer: StartContentService
09-11 05:42:44.230  3643  3643 I SystemServiceManager: Starting com.android.server.content.ContentService$Lifecycle
09-11 05:42:44.231  3643  3643 I SystemServer: InstallSystemProviders
09-11 05:42:44.275  3643  3643 D ActivityThread: Loading provider settings: com.android.providers.settings.SettingsProvider
09-11 05:42:44.341  3643  3643 I SettingsState: No settings state /data/system/users/0/settings_system.xml
09-11 05:42:44.352  3643  3643 I SettingsState: No settings state /data/system/users/0/settings_secure.xml
09-11 05:42:44.353  3643  3643 D SettingsProvider: Generated and saved new ANDROID_ID [1260f24e8f1a48dc] for user 0
09-11 05:42:44.363  3643  3643 I SettingsState: No settings state /data/system/users/0/settings_global.xml
09-11 05:42:44.401  3643  3643 I SystemServer: StartVibratorService
09-11 05:42:44.404  3643  3643 I SystemServer: StartConsumerIrService
09-11 05:42:44.405  3643  3643 I SystemServer: StartAlarmManagerService
09-11 05:42:44.405  3643  3643 I SystemServiceManager: Starting com.android.server.AlarmManagerService
09-11 05:42:44.408  3643  3643 I SystemServer: InitWatchdog
09-11 05:42:44.408  3643  3643 I SystemServer: StartInputManagerService
09-11 05:42:44.408  3643  3643 I InputManager: Initializing input manager, mUseDevInputEventForAudioJack=false
09-11 05:42:44.409  3643  3643 I SystemServer: StartWindowManagerService
09-11 05:42:44.414  3643  3710 I WindowManager: No existing display settings /data/system/display_settings.xml; starting empty
09-11 05:42:44.419  3643  3704 I chatty  : uid=1000(system) android.ui expire 1 line
09-11 05:42:44.421  3158  3158 E CameraService: getCameraVendorTagDescriptor: camera hardware module doesn't exist
09-11 05:42:44.479  3643  3643 I SystemServer: StartVrManagerService
09-11 05:42:44.479  3643  3643 I SystemServiceManager: Starting com.android.server.vr.VrManagerService
09-11 05:42:44.482  3643  3643 I InputManager: Starting input manager
09-11 05:42:44.483  3643  4068 I chatty  : uid=1000(system) InputReader expire 40 lines
09-11 05:42:44.484  3643  3643 I SystemServiceManager: Starting com.android.server.BluetoothService
09-11 05:42:44.485  3643  3643 D BluetoothManagerService: Loading stored name and address
09-11 05:42:44.485  3643  3643 D BluetoothManagerService: Stored bluetooth Name=null,Address=null
09-11 05:42:44.485  3643  3643 D BluetoothManagerService: Bluetooth persisted state: 0
09-11 05:42:44.485  3643  3643 I SystemServer: ConnectivityMetricsLoggerService
09-11 05:42:44.485  3643  3643 I SystemServiceManager: Starting com.android.server.connectivity.MetricsLoggerService
09-11 05:42:44.485  3643  3643 I SystemServer: IpConnectivityMetrics
09-11 05:42:44.485  3643  3643 I SystemServiceManager: Starting com.android.server.connectivity.IpConnectivityMetrics
09-11 05:42:44.486  3643  3643 I SystemServer: PinnerService
09-11 05:42:44.486  3643  3643 I SystemServiceManager: Starting com.android.server.PinnerService
09-11 05:42:44.487  3643  3643 I SystemServiceManager: Starting com.android.server.InputMethodManagerService$Lifecycle
09-11 05:42:44.515  3643  3643 W InputMethodManagerService: No IME selected. Choose the most applicable IME.
09-11 05:42:44.516  3643  3643 I InputMethodManagerService: Default found, using com.android.inputmethod.latin/.LatinIME
09-11 05:42:44.517  3643  3643 I SystemServer: StartAccessibilityManagerService
09-11 05:42:44.520  3643  3643 I ActivityManager: Config changes=1df8 {1.0 ?mcc?mnc [en_US] ldltr sw411dp w411dp h845dp 560dpi nrml long port ?uimode ?night -touch -keyb/h/h -nav/h s.2}
09-11 05:42:44.521  3643  3702 I UsageStatsDatabase: Upgrading from version 0 to 3
09-11 05:42:44.521  3643  3702 I UsageStatsDatabase: Deleting all usage stats files
09-11 05:42:44.522  3643  3702 I UsageStatsService: User[0] Rollover scheduled @ 2017-09-12 08:42:44(1505205764520)
09-11 05:42:44.522  3643  3702 D UsageStatsService: Initializing defaults for system apps on user 0
09-11 05:42:44.523  3643  3710 I ActivityManager: Config changes=400 {1.0 ?mcc?mnc [en_US] ldltr sw411dp w411dp h773dp 560dpi nrml long port ?uimode ?night -touch -keyb/h/h -nav/h s.3}
09-11 05:42:44.523  3643  3702 E AppIdleHistory: Unable to read app idle file for user 0
09-11 05:42:44.525  3643  3710 W LocalDisplayAdapter: Unable to find color mode 0, ignoring request.
09-11 05:42:44.536  3643  3643 W LocalDisplayAdapter: Unable to find color mode 0, ignoring request.
09-11 05:42:44.536  3643  3643 I SystemServiceManager: Starting com.android.server.MountService$Lifecycle
09-11 05:42:44.540  3643  3643 I SystemServiceManager: Starting com.android.server.UiModeManagerService
09-11 05:42:44.540  3643  4069 D MountService: Thinking about init, mSystemReady=false, mDaemonConnected=true
09-11 05:42:44.540  3643  4069 D MountService: Thinking about reset, mSystemReady=false, mDaemonConnected=true
09-11 05:42:44.540  3643  4069 D MountService: Thinking about init, mSystemReady=false, mDaemonConnected=true
09-11 05:42:44.540  3643  4069 D MountService: Thinking about reset, mSystemReady=false, mDaemonConnected=true
09-11 05:42:44.541  3643  3643 I ActivityManager: Config changes=200 {1.0 ?mcc?mnc [en_US] ldltr sw411dp w411dp h773dp 560dpi nrml long port -touch -keyb/h/h -nav/h s.4}
09-11 05:42:44.541  3643  4069 D CryptdConnector: SND -> {1 cryptfs getfield SystemLocale}
09-11 05:42:44.542  3643  4071 D CryptdConnector: RCV <- {200 1 -1}
09-11 05:42:44.543  3643  4069 W MountService: No primary storage mounted!
09-11 05:42:44.543  3643  4069 D VoldConnector: SND -> {1 asec list}
09-11 05:42:44.543  3643  4070 D VoldConnector: RCV <- {200 1 asec operation succeeded}
09-11 05:42:44.544  3643  4069 I chatty  : uid=1000(system) MountService expire 3 lines
09-11 05:42:44.544  3643  4069 W PackageManager: Unknown permission com.google.android.googleapps.permission.GOOGLE_AUTH in package com.android.providers.calendar
09-11 05:42:44.544  3643  4069 W PackageManager: Unknown permission com.google.android.googleapps.permission.GOOGLE_AUTH.cl in package com.android.providers.calendar
09-11 05:42:44.544  3643  4069 W PackageManager: Unknown permission cyanogenmod.permission.LEGALESE in package com.cyanogenmod.setupwizard
09-11 05:42:44.544  3643  4069 W PackageManager: Unknown permission com.android.gallery3d.permission.STORAGE_CHANGE in package com.android.camera2
09-11 05:42:44.544  3643  4069 W PackageManager: Unknown permission android.permission.NFC_UNLOCK in package com.android.nfc
09-11 05:42:44.544  3643  4069 W PackageManager: Unknown permission com.google.android.googleapps.permission.GOOGLE_AUTH.mail in package com.android.calendar
09-11 05:42:44.544  3643  4069 W PackageManager: Unknown permission com.android.launcher.permission.READ_SETTINGS in package com.android.onetimeinitializer
09-11 05:42:44.544  3643  4069 W PackageManager: Unknown permission com.android.launcher.permission.WRITE_SETTINGS in package com.android.onetimeinitializer
09-11 05:42:44.545  3643  4069 W PackageManager: Unknown permission com.android.launcher.permission.READ_SETTINGS in package com.cyanogenmod.trebuchet
09-11 05:42:44.545  3643  4069 W PackageManager: Unknown permission com.android.launcher.permission.WRITE_SETTINGS in package com.cyanogenmod.trebuchet
09-11 05:42:44.545  3643  4069 W PackageManager: Unknown permission com.google.android.permission.INSTALL_WEARABLE_PACKAGES in package com.android.packageinstaller
09-11 05:42:44.545  3643  4069 W PackageManager: Not granting permission android.permission.DELETE_PACKAGES to package com.svox.pico (protectionLevel=18 flags=0x3888be45)
09-11 05:42:44.545  3643  4069 W PackageManager: Unknown permission com.google.android.gallery3d.permission.PICASA_STORE in package com.android.dreams.phototable
09-11 05:42:44.545  3643  4069 W PackageManager: Unknown permission com.google.android.googleapps.permission.GOOGLE_AUTH in package com.android.settings
09-11 05:42:44.545  3643  4069 W PackageManager: Unknown permission com.android.launcher.permission.READ_SETTINGS in package com.android.settings
09-11 05:42:44.545  3643  4069 W PackageManager: Unknown permission com.android.launcher.permission.WRITE_SETTINGS in package com.android.settings
09-11 05:42:44.546  3643  4069 W PackageManager: Not granting permission android.permission.MANAGE_DOCUMENTS to package com.android.deskclock (protectionLevel=2 flags=0x3cc9be45)
09-11 05:42:44.546  3643  4069 W PackageManager: Unknown permission com.android.deskclock.worldclock.permissions.WRITE_DATABASE in package com.android.deskclock
09-11 05:42:44.546  3643  4069 W PackageManager: Unknown permission org.codeaurora.permission.POWER_ON_ALERT in package com.android.deskclock
09-11 05:42:44.546  3643  4069 W PackageManager: Not granting permission android.permission.WRITE_SECURE_SETTINGS to package com.android.deskclock (protectionLevel=50 flags=0x3cc9be45)
09-11 05:42:44.546  3643  4069 W PackageManager: Unknown permission com.cyanogenmod.lockclock.permission.READ_WEATHER in package com.android.systemui
09-11 05:42:44.546  3643  4069 W PackageManager: Unknown permission com.google.android.gallery3d.permission.GALLERY_PROVIDER in package com.android.bluetooth
09-11 05:42:44.546  3643  4069 W PackageManager: Unknown permission com.google.android.googleapps.permission.ACCESS_GOOGLE_PASSWORD in package com.android.development
09-11 05:42:44.546  3643  4069 W PackageManager: Unknown permission com.google.android.googleapps.permission.GOOGLE_AUTH in package com.android.development
09-11 05:42:44.546  3643  4069 W PackageManager: Unknown permission com.google.android.googleapps.permission.GOOGLE_AUTH.ALL_SERVICES in package com.android.development
09-11 05:42:44.546  3643  4069 W PackageManager: Unknown permission com.google.android.googleapps.permission.GOOGLE_AUTH.YouTubeUser in package com.android.development
09-11 05:42:44.611  3643  4069 W MountService: No primary storage mounted!
09-11 05:42:44.611  3643  4069 D VoldConnector: SND -> {2 asec list}
09-11 05:42:44.611  3643  4070 D VoldConnector: RCV <- {200 2 asec operation succeeded}
09-11 05:42:44.633  4072  4072 I dex2oat : /system/bin/dex2oat --compiler-filter=verify-at-runtime
09-11 05:42:44.724  4072  4072 I dex2oat : dex2oat took 90.933ms (threads: 8) arena alloc=0B (0B) java alloc=35KB (36168B) native alloc=1141KB (1169168B) free=1930KB (1976560B)
09-11 05:42:44.742  4081  4081 I dex2oat : /system/bin/dex2oat --compiler-filter=verify-at-runtime
09-11 05:42:44.811  4081  4081 I dex2oat : dex2oat took 69.201ms (threads: 8) arena alloc=0B (0B) java alloc=31KB (32216B) native alloc=1100KB (1126480B) free=1459KB (1494960B)
09-11 05:42:44.833  4090  4090 I dex2oat : /system/bin/dex2oat --compiler-filter=verify-at-runtime
09-11 05:42:44.913  4090  4090 I dex2oat : dex2oat took 80.288ms (threads: 8) arena alloc=0B (0B) java alloc=31KB (32216B) native alloc=1070KB (1096560B) free=1489KB (1524880B)
09-11 05:42:44.931  4099  4099 I dex2oat : /system/bin/dex2oat --compiler-filter=verify-at-runtime
09-11 05:42:45.057  4099  4099 I dex2oat : dex2oat took 126.617ms (threads: 8) arena alloc=0B (0B) java alloc=27KB (28240B) native alloc=510KB (523120B) free=2MB (2622608B)
09-11 05:42:45.076  4108  4108 I dex2oat : /system/bin/dex2oat --compiler-filter=verify-at-runtime
09-11 05:42:45.099  4108  4108 I dex2oat : dex2oat took 23.483ms (threads: 8) arena alloc=0B (0B) java alloc=27KB (28240B) native alloc=1061KB (1087376B) free=1498KB (1534064B)
09-11 05:42:45.116  4117  4117 I dex2oat : /system/bin/dex2oat --compiler-filter=verify-at-runtime
09-11 05:42:45.138  4117  4117 I dex2oat : dex2oat took 22.029ms (threads: 8) arena alloc=0B (0B) java alloc=27KB (28240B) native alloc=878KB (899152B) free=1169KB (1198000B)
09-11 05:42:45.153  3643  4067 I ActivityManager: Config changes=8 {1.0 ?mcc?mnc [en_US] ldltr sw411dp w411dp h773dp 560dpi nrml long port finger -keyb/h/h -nav/h s.5}
09-11 05:42:45.156  4126  4126 I dex2oat : /system/bin/dex2oat --compiler-filter=verify-at-runtime
09-11 05:42:45.195  4126  4126 I dex2oat : dex2oat took 38.819ms (threads: 8) arena alloc=0B (0B) java alloc=31KB (32216B) native alloc=1142KB (1170096B) free=1417KB (1451344B)
09-11 05:42:45.213  4135  4135 I dex2oat : /system/bin/dex2oat --compiler-filter=verify-at-runtime
09-11 05:42:45.399  4135  4135 I dex2oat : dex2oat took 186.969ms (threads: 8) arena alloc=0B (0B) java alloc=27KB (28240B) native alloc=844KB (864904B) free=2MB (2936184B)
09-11 05:42:45.418  4144  4144 I dex2oat : /system/bin/dex2oat --compiler-filter=verify-at-runtime
09-11 05:42:45.493  4144  4144 I dex2oat : dex2oat took 75.994ms (threads: 8) arena alloc=0B (0B) java alloc=27KB (28240B) native alloc=488KB (500208B) free=2MB (2645520B)
09-11 05:42:45.511  4153  4153 I dex2oat : /system/bin/dex2oat --compiler-filter=verify-at-runtime
09-11 05:42:45.622  4153  4153 I dex2oat : dex2oat took 110.810ms (threads: 8) arena alloc=0B (0B) java alloc=27KB (28240B) native alloc=474KB (485512B) free=2MB (2660216B)
09-11 05:42:45.640  4162  4162 I dex2oat : /system/bin/dex2oat --compiler-filter=verify-at-runtime
09-11 05:42:45.680  4162  4162 I dex2oat : dex2oat took 40.321ms (threads: 8) arena alloc=0B (0B) java alloc=31KB (32208B) native alloc=1119KB (1146224B) free=1440KB (1475216B)
09-11 05:42:45.698  4171  4171 I dex2oat : /system/bin/dex2oat --compiler-filter=verify-at-runtime
09-11 05:42:45.720  4171  4171 I dex2oat : dex2oat took 22.973ms (threads: 8) arena alloc=0B (0B) java alloc=31KB (32208B) native alloc=860KB (881232B) free=1187KB (1215920B)
09-11 05:42:45.738  4180  4180 I dex2oat : /system/bin/dex2oat --compiler-filter=verify-at-runtime
09-11 05:42:45.759  4180  4180 I dex2oat : dex2oat took 21.733ms (threads: 8) arena alloc=0B (0B) java alloc=27KB (28240B) native alloc=858KB (878608B) free=1189KB (1218544B)
09-11 05:42:45.777  4189  4189 I dex2oat : /system/bin/dex2oat --compiler-filter=verify-at-runtime
09-11 05:42:45.801  4189  4189 I dex2oat : dex2oat took 24.841ms (threads: 8) arena alloc=0B (0B) java alloc=31KB (32216B) native alloc=1005KB (1030096B) free=1554KB (1591344B)
09-11 05:42:45.819  4198  4198 I dex2oat : /system/bin/dex2oat --compiler-filter=verify-at-runtime
09-11 05:42:45.842  4198  4198 I dex2oat : dex2oat took 23.088ms (threads: 8) arena alloc=0B (0B) java alloc=31KB (32216B) native alloc=858KB (878672B) free=1189KB (1218480B)
09-11 05:42:45.860  4207  4207 I dex2oat : /system/bin/dex2oat --compiler-filter=verify-at-runtime
09-11 05:42:45.963  4207  4207 I dex2oat : dex2oat took 103.796ms (threads: 8) arena alloc=0B (0B) java alloc=27KB (28240B) native alloc=535KB (548024B) free=2MB (2597704B)
09-11 05:42:45.981  4216  4216 I dex2oat : /system/bin/dex2oat --compiler-filter=verify-at-runtime
09-11 05:42:46.096  4216  4216 I dex2oat : dex2oat took 115.084ms (threads: 8) arena alloc=0B (0B) java alloc=27KB (28240B) native alloc=422KB (432760B) free=2MB (2712968B)
09-11 05:42:46.114  4225  4225 I dex2oat : /system/bin/dex2oat --compiler-filter=verify-at-runtime
09-11 05:42:46.191  4225  4225 I dex2oat : dex2oat took 77.997ms (threads: 8) arena alloc=0B (0B) java alloc=27KB (28240B) native alloc=498KB (510576B) free=2MB (2635152B)
09-11 05:42:46.209  4234  4234 I dex2oat : /system/bin/dex2oat --compiler-filter=verify-at-runtime
09-11 05:42:46.246  4234  4234 I dex2oat : dex2oat took 37.893ms (threads: 8) arena alloc=0B (0B) java alloc=27KB (28240B) native alloc=1099KB (1125744B) free=1460KB (1495696B)
09-11 05:42:46.264  4243  4243 I dex2oat : /system/bin/dex2oat --compiler-filter=verify-at-runtime
09-11 05:42:46.288  4243  4243 I dex2oat : dex2oat took 24.500ms (threads: 8) arena alloc=0B (0B) java alloc=31KB (32208B) native alloc=1022KB (1046896B) free=1537KB (1574544B)
09-11 05:42:46.306  4252  4252 I dex2oat : /system/bin/dex2oat --compiler-filter=verify-at-runtime
09-11 05:42:46.394  4252  4252 I dex2oat : dex2oat took 88.772ms (threads: 8) arena alloc=0B (0B) java alloc=27KB (28240B) native alloc=516KB (529272B) free=2MB (2616456B)
09-11 05:42:46.412  4261  4261 I dex2oat : /system/bin/dex2oat --compiler-filter=verify-at-runtime
09-11 05:42:46.437  4261  4261 I dex2oat : dex2oat took 25.198ms (threads: 8) arena alloc=0B (0B) java alloc=27KB (28240B) native alloc=1042KB (1067600B) free=1517KB (1553840B)
09-11 05:42:46.454  4270  4270 I dex2oat : /system/bin/dex2oat --compiler-filter=verify-at-runtime
09-11 05:42:46.477  4270  4270 I dex2oat : dex2oat took 23.149ms (threads: 8) arena alloc=0B (0B) java alloc=31KB (32240B) native alloc=858KB (878736B) free=1189KB (1218416B)
09-11 05:42:46.495  4279  4279 I dex2oat : /system/bin/dex2oat --compiler-filter=verify-at-runtime
09-11 05:42:46.521  4279  4279 I dex2oat : dex2oat took 27.043ms (threads: 8) arena alloc=0B (0B) java alloc=27KB (28240B) native alloc=1130KB (1157200B) free=1429KB (1464240B)
09-11 05:42:46.539  4288  4288 I dex2oat : /system/bin/dex2oat --compiler-filter=verify-at-runtime
09-11 05:42:46.574  4288  4288 I dex2oat : dex2oat took 35.505ms (threads: 8) arena alloc=0B (0B) java alloc=27KB (28240B) native alloc=1079KB (1105200B) free=1480KB (1516240B)
09-11 05:42:46.610  4297  4297 I dex2oat : /system/bin/dex2oat --compiler-filter=verify-at-runtime
09-11 05:42:46.640  4297  4297 I dex2oat : dex2oat took 30.458ms (threads: 8) arena alloc=0B (0B) java alloc=31KB (32216B) native alloc=1092KB (1118512B) free=1467KB (1502928B)
09-11 05:42:46.676  4306  4306 I dex2oat : /system/bin/dex2oat --compiler-filter=verify-at-runtime
09-11 05:42:46.755  4306  4306 I dex2oat : dex2oat took 79.358ms (threads: 8) arena alloc=0B (0B) java alloc=31KB (32216B) native alloc=497KB (509360B) free=2MB (2636368B)
09-11 05:42:46.791  4315  4315 I dex2oat : /system/bin/dex2oat --compiler-filter=verify-at-runtime
09-11 05:42:46.839  4315  4315 I dex2oat : dex2oat took 48.326ms (threads: 8) arena alloc=0B (0B) java alloc=31KB (32216B) native alloc=1141KB (1168816B) free=1418KB (1452624B)
09-11 05:42:46.880  4324  4324 I dex2oat : /system/bin/dex2oat --compiler-filter=verify-at-runtime
09-11 05:42:46.946  4324  4324 I dex2oat : dex2oat took 66.783ms (threads: 8) arena alloc=0B (0B) java alloc=27KB (28240B) native alloc=565KB (579568B) free=2MB (2566160B)
09-11 05:42:46.982  4333  4333 I dex2oat : /system/bin/dex2oat --compiler-filter=verify-at-runtime
09-11 05:42:47.009  4333  4333 I dex2oat : dex2oat took 27.863ms (threads: 8) arena alloc=0B (0B) java alloc=31KB (32208B) native alloc=858KB (878736B) free=1189KB (1218416B)
09-11 05:42:47.045  4342  4342 I dex2oat : /system/bin/dex2oat --compiler-filter=verify-at-runtime
09-11 05:42:47.093  4342  4342 I dex2oat : dex2oat took 49.186ms (threads: 8) arena alloc=0B (0B) java alloc=27KB (28240B) native alloc=1137KB (1165232B) free=1422KB (1456208B)
09-11 05:42:47.129  4351  4351 I dex2oat : /system/bin/dex2oat --compiler-filter=verify-at-runtime
09-11 05:42:47.157  4351  4351 I dex2oat : dex2oat took 28.745ms (threads: 8) arena alloc=0B (0B) java alloc=27KB (28240B) native alloc=898KB (919632B) free=1149KB (1177520B)
09-11 05:42:47.194  4360  4360 I dex2oat : /system/bin/dex2oat --compiler-filter=verify-at-runtime
09-11 05:42:47.298  4360  4360 I dex2oat : dex2oat took 105.233ms (threads: 8) arena alloc=0B (0B) java alloc=27KB (28240B) native alloc=385KB (395144B) free=2MB (2750584B)
09-11 05:42:47.343  4369  4369 I dex2oat : /system/bin/dex2oat --compiler-filter=verify-at-runtime
09-11 05:42:47.489  4369  4369 I dex2oat : dex2oat took 146.742ms (threads: 8) arena alloc=0B (0B) java alloc=27KB (28240B) native alloc=517KB (530248B) free=2MB (2615480B)
09-11 05:42:47.565  4379  4379 I dex2oat : /system/bin/dex2oat --compiler-filter=verify-at-runtime
09-11 05:42:47.667  4379  4379 I dex2oat : dex2oat took 106.034ms (threads: 8) arena alloc=0B (0B) java alloc=27KB (28240B) native alloc=1105KB (1131984B) free=1454KB (1489456B)
09-11 05:42:47.733  4388  4388 I dex2oat : /system/bin/dex2oat --compiler-filter=verify-at-runtime
09-11 05:42:47.822  4388  4388 I dex2oat : dex2oat took 89.538ms (threads: 8) arena alloc=0B (0B) java alloc=31KB (32208B) native alloc=1018KB (1043024B) free=1541KB (1578416B)
09-11 05:42:47.876  4397  4397 I dex2oat : /system/bin/dex2oat --compiler-filter=verify-at-runtime
09-11 05:42:48.060  4397  4397 I dex2oat : dex2oat took 184.384ms (threads: 8) arena alloc=0B (0B) java alloc=27KB (28240B) native alloc=525KB (538008B) free=2MB (2607720B)
09-11 05:42:48.135  4407  4407 I dex2oat : /system/bin/dex2oat --compiler-filter=verify-at-runtime
09-11 05:42:48.240  4407  4407 I dex2oat : dex2oat took 105.584ms (threads: 8) arena alloc=0B (0B) java alloc=27KB (28240B) native alloc=1003KB (1027408B) free=1556KB (1594032B)
09-11 05:42:48.247  3643  3643 I chatty  : uid=1000 system_server expire 74 lines
09-11 05:42:48.293  4416  4416 I dex2oat : /system/bin/dex2oat --compiler-filter=verify-at-runtime
09-11 05:42:48.384  4416  4416 I dex2oat : dex2oat took 92.030ms (threads: 8) arena alloc=0B (0B) java alloc=31KB (32240B) native alloc=1057KB (1082512B) free=1502KB (1538928B)
09-11 05:42:48.443  4425  4425 I dex2oat : /system/bin/dex2oat --compiler-filter=verify-at-runtime
09-11 05:42:48.677  4425  4425 I dex2oat : dex2oat took 234.422ms (threads: 8) arena alloc=0B (0B) java alloc=27KB (28240B) native alloc=541KB (554488B) free=2MB (2591240B)
09-11 05:42:48.748  4434  4434 I dex2oat : /system/bin/dex2oat --compiler-filter=verify-at-runtime
09-11 05:42:48.905  4434  4434 I dex2oat : dex2oat took 158.716ms (threads: 8) arena alloc=0B (0B) java alloc=27KB (28240B) native alloc=558KB (571888B) free=2MB (2573840B)
09-11 05:42:48.973  4443  4443 I dex2oat : /system/bin/dex2oat --compiler-filter=verify-at-runtime
09-11 05:42:49.065  4443  4443 I dex2oat : dex2oat took 93.516ms (threads: 8) arena alloc=0B (0B) java alloc=31KB (32216B) native alloc=878KB (899152B) free=1169KB (1198000B)
09-11 05:42:49.132  4452  4452 I dex2oat : /system/bin/dex2oat --compiler-filter=verify-at-runtime
09-11 05:42:49.229  4452  4452 I dex2oat : dex2oat took 98.216ms (threads: 8) arena alloc=0B (0B) java alloc=27KB (28240B) native alloc=880KB (901712B) free=1167KB (1195440B)
09-11 05:42:49.277  4461  4461 I dex2oat : /system/bin/dex2oat --compiler-filter=verify-at-runtime
09-11 05:42:49.438  4461  4461 I dex2oat : dex2oat took 161.162ms (threads: 8) arena alloc=0B (0B) java alloc=27KB (28240B) native alloc=500KB (512880B) free=2MB (2632848B)
09-11 05:42:49.489  4470  4470 I dex2oat : /system/bin/dex2oat --compiler-filter=verify-at-runtime
09-11 05:42:49.610  4470  4470 I dex2oat : dex2oat took 122.314ms (threads: 8) arena alloc=0B (0B) java alloc=31KB (32208B) native alloc=1078KB (1104688B) free=1481KB (1516752B)
09-11 05:42:49.666  4479  4479 I dex2oat : /system/bin/dex2oat --compiler-filter=verify-at-runtime
09-11 05:42:49.762  4479  4479 I dex2oat : dex2oat took 96.435ms (threads: 8) arena alloc=0B (0B) java alloc=27KB (28240B) native alloc=1052KB (1077328B) free=1507KB (1544112B)
09-11 05:42:49.812  4488  4488 I dex2oat : /system/bin/dex2oat --compiler-filter=verify-at-runtime
09-11 05:42:49.900  4488  4488 I dex2oat : dex2oat took 88.915ms (threads: 8) arena alloc=0B (0B) java alloc=31KB (32216B) native alloc=1030KB (1055312B) free=1529KB (1566128B)
09-11 05:42:49.944  4497  4497 I dex2oat : /system/bin/dex2oat --compiler-filter=verify-at-runtime
09-11 05:42:50.114  4497  4497 I dex2oat : dex2oat took 170.190ms (threads: 8) arena alloc=0B (0B) java alloc=31KB (32208B) native alloc=521KB (533936B) free=2MB (2611792B)
09-11 05:42:50.167  4506  4506 I dex2oat : /system/bin/dex2oat --compiler-filter=verify-at-runtime
09-11 05:42:50.294  4506  4506 I dex2oat : dex2oat took 127.731ms (threads: 8) arena alloc=0B (0B) java alloc=27KB (28240B) native alloc=1141KB (1168560B) free=1418KB (1452880B)
09-11 05:42:50.354  4515  4515 I dex2oat : /system/bin/dex2oat --compiler-filter=verify-at-runtime
09-11 05:42:50.549  4515  4515 I dex2oat : dex2oat took 195.396ms (threads: 8) arena alloc=0B (0B) java alloc=31KB (32216B) native alloc=500KB (512688B) free=2MB (2633040B)
09-11 05:42:50.599  4524  4524 I dex2oat : /system/bin/dex2oat --compiler-filter=verify-at-runtime
09-11 05:42:50.685  4524  4524 I dex2oat : dex2oat took 87.256ms (threads: 8) arena alloc=0B (0B) java alloc=31KB (32216B) native alloc=878KB (899152B) free=1169KB (1198000B)
09-11 05:42:50.738  4533  4533 I dex2oat : /system/bin/dex2oat --compiler-filter=verify-at-runtime
09-11 05:42:51.046  4533  4533 I dex2oat : dex2oat took 308.909ms (threads: 8) arena alloc=0B (0B) java alloc=27KB (28240B) native alloc=806KB (825448B) free=2MB (2451352B)
09-11 05:42:51.106  4542  4542 I dex2oat : /system/bin/dex2oat --compiler-filter=verify-at-runtime
09-11 05:42:51.229  4542  4542 I dex2oat : dex2oat took 124.017ms (threads: 8) arena alloc=0B (0B) java alloc=31KB (32216B) native alloc=1106KB (1133552B) free=1453KB (1487888B)
09-11 05:42:51.272  4551  4551 I dex2oat : /system/bin/dex2oat --compiler-filter=verify-at-runtime
09-11 05:42:51.445  4551  4551 I dex2oat : dex2oat took 173.077ms (threads: 8) arena alloc=0B (0B) java alloc=27KB (28240B) native alloc=532KB (545624B) free=2MB (2600104B)
09-11 05:42:51.497  4560  4560 I dex2oat : /system/bin/dex2oat --compiler-filter=verify-at-runtime
09-11 05:42:51.594  4560  4560 I dex2oat : dex2oat took 97.636ms (threads: 8) arena alloc=0B (0B) java alloc=27KB (28240B) native alloc=858KB (878672B) free=1189KB (1218480B)
09-11 05:42:51.636  4569  4569 I dex2oat : /system/bin/dex2oat --compiler-filter=verify-at-runtime
09-11 05:42:51.913  4569  4569 I dex2oat : dex2oat took 278.160ms (threads: 8) arena alloc=0B (0B) java alloc=27KB (28240B) native alloc=637KB (652712B) free=2MB (3017304B)
09-11 05:42:51.983  4578  4578 I dex2oat : /system/bin/dex2oat --compiler-filter=verify-at-runtime
09-11 05:42:52.072  4578  4578 I dex2oat : dex2oat took 89.875ms (threads: 8) arena alloc=0B (0B) java alloc=31KB (32216B) native alloc=861KB (881744B) free=1186KB (1215408B)
09-11 05:42:52.124  4587  4587 I dex2oat : /system/bin/dex2oat --compiler-filter=verify-at-runtime
09-11 05:42:52.267  4587  4587 I dex2oat : dex2oat took 144.350ms (threads: 8) arena alloc=0B (0B) java alloc=27KB (28240B) native alloc=1094KB (1120944B) free=1465KB (1500496B)
09-11 05:42:52.324  4596  4596 I dex2oat : /system/bin/dex2oat --compiler-filter=verify-at-runtime
09-11 05:42:52.411  4596  4596 I dex2oat : dex2oat took 87.265ms (threads: 8) arena alloc=0B (0B) java alloc=27KB (28240B) native alloc=886KB (907408B) free=1161KB (1189744B)
09-11 05:42:52.468  4605  4605 I dex2oat : /system/bin/dex2oat --compiler-filter=verify-at-runtime
09-11 05:42:52.617  4605  4605 I dex2oat : dex2oat took 150.120ms (threads: 8) arena alloc=0B (0B) java alloc=31KB (32216B) native alloc=684KB (700464B) free=2MB (2445264B)
09-11 05:42:52.672  4614  4614 I dex2oat : /system/bin/dex2oat --compiler-filter=verify-at-runtime
09-11 05:42:52.861  4614  4614 I dex2oat : dex2oat took 190.301ms (threads: 8) arena alloc=0B (0B) java alloc=27KB (28240B) native alloc=438KB (449320B) free=2MB (2696408B)
09-11 05:42:52.944  4623  4623 I dex2oat : /system/bin/dex2oat --compiler-filter=verify-at-runtime
09-11 05:42:53.184  4623  4623 I dex2oat : dex2oat took 240.469ms (threads: 8) arena alloc=0B (0B) java alloc=27KB (28240B) native alloc=587KB (601592B) free=2MB (2544136B)
09-11 05:42:53.277  4632  4632 I dex2oat : /system/bin/dex2oat --compiler-filter=verify-at-runtime
09-11 05:42:53.368  4632  4632 I dex2oat : dex2oat took 92.152ms (threads: 8) arena alloc=0B (0B) java alloc=31KB (32208B) native alloc=858KB (878928B) free=1189KB (1218224B)
09-11 05:42:53.420  4641  4641 I dex2oat : /system/bin/dex2oat --compiler-filter=verify-at-runtime
09-11 05:42:53.731  3162  3162 D gpsd    : WakeLock(Acquire,GPSD)
09-11 05:42:53.731  3162  3162 D gpsd    : WakeLock(Release,GPSD)
09-11 05:42:53.731  3162  3162 D gpsd    : WakeLock(Acquire,GPSD)
09-11 05:42:53.732  3162  3162 D gpsd    : WakeLock(Release,GPSD)
09-11 05:42:53.804  4641  4641 I dex2oat : dex2oat took 385.327ms (threads: 8) arena alloc=0B (0B) java alloc=31KB (32240B) native alloc=694KB (711368B) free=2MB (2958648B)
09-11 05:42:53.812  4644  4644 V lhd     : GlLhdInterface::Init(/system/etc/lhd.conf)
09-11 05:42:53.812  4644  4644 E lhd     : SetCfgValue: Critical Error. Unknown configuration parameter "FlpName"="tcp"
09-11 05:42:53.812  4644  4644 V lhd     : SetCfgValue: LHD config "LheSerialControl"="BBD:Serial=TTY"
09-11 05:42:53.812  4644  4644 E lhd     : SetCfgValue: Critical Error. Unknown configuration parameter "LheClockMHz"="100"
09-11 05:42:53.812  4644  4644 V lhd     : SetCfgValue: LHD config "LhePatch"="/dev/bbd_patch"
09-11 05:42:53.812  4644  4644 V lhd     : SetCfgValue: LHD config "LheMaxMcuResetTries"="4"
09-11 05:42:53.812  4644  4644 V lhd     : SetCfgValue: LHD config "LheBbdPacket"="/dev/ttyBCM"
09-11 05:42:53.812  4644  4644 V lhd     : SetCfgValue: LHD config "LheBbdControl"="/dev/bbd_control"
09-11 05:42:53.812  4644  4644 V lhd     : SetCfgValue: LHD config "LheBbdSensor"="/dev/bbd_sensor"
09-11 05:42:53.812  4644  4644 V lhd     : SetCfgValue: LHD config "Lhe477xDebugFlags"="RPC:FACILITY=33:STDOUT_PUTS:STDOUT_LOG"
09-11 05:42:53.812  4644  4644 E lhd     : SetCfgValue: Critical Error. Unknown configuration parameter "LheSensorIpc"="true"
09-11 05:42:53.812  4644  4644 E lhd     : SetCfgValue: Critical Error. Unknown configuration parameter "LhePinMux"="P17=M1"
09-11 05:42:53.812  4644  4644 V lhd     : SetCfgValue: LHD config "LheAutoBaudDelayMS"="10"
09-11 05:42:53.812  4644  4644 V lhd     : SetCfgValue: LHD config "LheMaxMcuResetTries"="3"
09-11 05:42:53.813  4644  4644 E lhd     : OpenFirmwareFile: Fail to open /efs/sec_efs/sensorhub_urgent_fw.patch, errno 2
09-11 05:42:53.813  4644  4644 E lhd     : getCustPatchVersion: Fail to parse patch /efs/sec_efs/sensorhub_urgent_fw.patch
09-11 05:42:53.813  4644  4644 E lhd     : getCustPatchVersion: <CustomerVersion> not found
09-11 05:42:53.850  4652  4652 I dex2oat : /system/bin/dex2oat --compiler-filter=verify-at-runtime
09-11 05:42:53.874  3162  3162 D gpsd    : WakeLock(Acquire,GPSD)
09-11 05:42:53.874  4644  4644 D lhd     : OnIpcConnect
09-11 05:42:53.875  3162  3162 D gpsd    : WakeLock(Release,GPSD)
09-11 05:42:53.875  3162  3162 D gpsd    : WakeLock(Acquire,GPSD)
09-11 05:42:53.875  3162  3162 D gpsd    : WakeLock(Release,GPSD)
09-11 05:42:53.949  4652  4652 I dex2oat : dex2oat took 99.995ms (threads: 8) arena alloc=0B (0B) java alloc=31KB (32192B) native alloc=1072KB (1098032B) free=1487KB (1523408B)
09-11 05:42:54.008  4662  4662 I dex2oat : /system/bin/dex2oat --compiler-filter=verify-at-runtime
09-11 05:42:54.111  4662  4662 I dex2oat : dex2oat took 103.422ms (threads: 8) arena alloc=0B (0B) java alloc=31KB (32216B) native alloc=1073KB (1099632B) free=1486KB (1521808B)
09-11 05:42:54.162  4671  4671 I dex2oat : /system/bin/dex2oat --compiler-filter=verify-at-runtime
09-11 05:42:54.315  4671  4671 I dex2oat : dex2oat took 154.259ms (threads: 8) arena alloc=0B (0B) java alloc=31KB (32216B) native alloc=1133KB (1160496B) free=1938KB (1985232B)
09-11 05:42:54.368  4681  4681 I dex2oat : /system/bin/dex2oat --compiler-filter=verify-at-runtime
09-11 05:42:54.463  4681  4681 I dex2oat : dex2oat took 95.251ms (threads: 8) arena alloc=0B (0B) java alloc=31KB (32208B) native alloc=858KB (878672B) free=1189KB (1218480B)
09-11 05:42:54.517  4690  4690 I dex2oat : /system/bin/dex2oat --compiler-filter=verify-at-runtime
09-11 05:42:54.611  4690  4690 I dex2oat : dex2oat took 94.351ms (threads: 8) arena alloc=0B (0B) java alloc=31KB (32216B) native alloc=1070KB (1095760B) free=1489KB (1525680B)
09-11 05:42:54.616  3643  3643 W PackageManager: No disk maintenance in 1505119374616; running immediately
09-11 05:42:54.616  3643  3643 I SystemServer: StartLockSettingsService
09-11 05:42:54.617  3643  4069 I MountService: Running fstrim idle maintenance
09-11 05:42:54.617  3643  3643 I SystemServiceManager: Starting com.android.server.LockSettingsService$Lifecycle
09-11 05:42:54.617  3643  4069 D VoldConnector: SND -> {3 fstrim dotrim}
09-11 05:42:54.619  3643  4070 D VoldConnector: RCV <- {200 3 Command succeeded}
09-11 05:42:54.620  3065  4699 D vold    : Starting trim of /cache
09-11 05:42:54.630  3643  3643 I SystemServiceManager: Starting com.android.server.DeviceIdleController
09-11 05:42:54.635  3643  3643 I SystemServiceManager: Starting com.android.server.devicepolicy.DevicePolicyManagerService$Lifecycle
09-11 05:42:54.647  3643  3643 I SystemServer: StartStatusBarManagerService
09-11 05:42:54.650  3643  3643 I SystemServer: StartClipboardService
09-11 05:42:54.654  3643  3643 I SystemServer: StartNetworkManagementService
09-11 05:42:54.655  3065  4699 I vold    : Trimmed 507375616 bytes on /cache in 34ms
09-11 05:42:54.655  3065  4699 D vold    : Starting trim of /data
09-11 05:42:54.655  3643  4070 D VoldConnector: RCV <- {662 /cache 507375616 34904500}
09-11 05:42:54.662  3643  4700 I NetworkManagement: onDaemonConnected()
09-11 05:42:54.669  3643  3643 I SystemServiceManager: Starting com.android.server.TextServicesManagerService$Lifecycle
09-11 05:42:54.677  3643  3643 I SystemServer: StartNetworkScoreService
09-11 05:42:54.680  3643  3643 I SystemServer: StartNetworkStatsService
09-11 05:42:54.687  3643  3643 I SystemServer: StartNetworkPolicyManagerService
09-11 05:42:54.692  3643  3643 I SystemServer: No Wi-Fi NAN Service (NAN support Not Present)
09-11 05:42:54.694  3643  3643 I SystemServiceManager: Starting com.android.server.wifi.p2p.WifiP2pService
09-11 05:42:54.739  3643  3643 I SystemServiceManager: Starting com.android.server.wifi.WifiService
09-11 05:42:54.798  3174  3520 D CommandListener: Clearing all IP addresses on wlan0
09-11 05:42:55.000  3643  4706 I chatty  : uid=1000(system) WifiStateMachin expire 4 lines
09-11 05:42:55.020  3643  3643 I SystemServiceManager: Starting com.android.server.wifi.scanner.WifiScanningService
09-11 05:42:55.031  3643  3643 I SystemServiceManager: Starting com.android.server.wifi.RttService
09-11 05:42:55.035  3643  3643 I SystemServiceManager: Starting com.android.server.ethernet.EthernetService
09-11 05:42:55.040  3643  3643 I SystemServer: StartConnectivityService
09-11 05:42:55.048  3643  3643 D ConnectivityService: ConnectivityService starting up
09-11 05:42:55.056  3643  3643 D ConnectivityService: wifiOnly=false
09-11 05:42:55.067  3643  3643 I SystemServer: StartNsdService
09-11 05:42:55.070  3643  3643 I SystemServer: StartUpdateLockService
09-11 05:42:55.072  3643  3643 I SystemServiceManager: Starting com.android.server.RecoverySystemService
09-11 05:42:55.074  3643  3643 I SystemServiceManager: Starting com.android.server.notification.NotificationManagerService
09-11 05:42:55.086  3643  3643 D ConditionProviders.SCP: new ScheduleConditionProvider()
09-11 05:42:55.097  3643  3643 D ZenLog  : set_zen_mode: off,init
