09-15 21:14:09.209  5375  5468 I SecHAL  : device_write: before system call
09-15 21:14:09.210  5375  5468 I SecHAL  : device_write: after system call
09-15 21:14:09.210  5375  5468 D SecHAL  : data_trace:  Send( 19) 20 02 10   05 30 01 04 31 01 00 32 01 20 38 01 00 50 01 02 
09-15 21:14:09.210  5375  5468 I SecHAL  : device_write: exit
09-15 21:14:09.210  5375  5468 D SecHAL  : nfc_hal_task: Got a event: HAL_EVT_READ(4)
09-15 21:14:09.210  5375  5467 D SecHAL  : read_thread: Sent message to HAL message task, remind que: 2
09-15 21:14:09.210  5375  5468 D SecHAL  : nfc_hal_task: current state: SERVICE
09-15 21:14:09.210  5375  5468 D SecHAL  : data_trace:  Recv(  5) 40 02 02   00 00 
09-15 21:14:09.210  5375  5468 I SecHAL  : OSI_timer_start: enter,osi_lock
09-15 21:14:09.210  5375  5468 I SecHAL  : OSI_timer_start: before osi_unlock
09-15 21:14:09.210  5375  5468 I SecHAL  : OSI_timer_start: exit
09-15 21:14:09.210  5375  5468 I SecHAL  : nfc_data_callback: !
09-15 21:14:09.211  5375  5468 D NfcAdaptation: NfcAdaptation::HalDeviceContextDataCallback: len=5
09-15 21:14:09.211  5375  5458 I BrcmNfcNfa: NFC received rsp gid:0
09-15 21:14:09.211  5375  5458 I BrcmNfcNfa: nci_proc_core_rsp opcode:0x2
09-15 21:14:09.211  5375  5458 I BrcmNfcNfa: nfa_dm_nfc_response_cback () NFC_SET_CONFIG_REVT(0x5002)
09-15 21:14:09.211  5375  5458 D NfcAdaptation: NfcAdaptation::HalWrite
09-15 21:14:09.211  5375  5458 I SecHAL  : nfc_hal_write: enter;
09-15 21:14:09.211  5375  5458 I SecHAL  : nfc_hal_write: exit;
09-15 21:14:09.211  5375  5468 D SecHAL  : nfc_hal_task: Got a event: HAL_EVT_WRITE(3)
09-15 21:14:09.211  5375  5468 D SecHAL  : nfc_hal_task: current state: SERVICE
09-15 21:14:09.212  5375  5468 I SecHAL  : OSI_timer_start: enter,osi_lock
09-15 21:14:09.212  5375  5468 I SecHAL  : OSI_timer_start: before osi_unlock
09-15 21:14:09.212  5375  5468 I SecHAL  : OSI_timer_start: exit
09-15 21:14:09.212  5375  5468 I SecHAL  : device_write: enter
09-15 21:14:09.212  5375  5468 I SecHAL  : device_write: before system call
09-15 21:14:09.212  5375  5468 I SecHAL  : device_write: after system call
09-15 21:14:09.212  5375  5468 D SecHAL  : data_trace:  Send(  8) 20 02 05   01 00 02 f4 01 
09-15 21:14:09.212  5375  5468 I SecHAL  : device_write: exit
09-15 21:14:09.212  5375  5467 D SecHAL  : read_thread: Sent message to HAL message task, remind que: 2
09-15 21:14:09.213  5375  5468 D SecHAL  : nfc_hal_task: Got a event: HAL_EVT_READ(4)
09-15 21:14:09.214  5375  5468 D SecHAL  : nfc_hal_task: current state: SERVICE
09-15 21:14:09.214  5375  5468 D SecHAL  : data_trace:  Recv(  5) 40 02 02   00 00 
09-15 21:14:09.214  5375  5468 I SecHAL  : OSI_timer_start: enter,osi_lock
09-15 21:14:09.214  5375  5468 I SecHAL  : OSI_timer_start: before osi_unlock
09-15 21:14:09.214  5375  5468 I SecHAL  : OSI_timer_start: exit
09-15 21:14:09.214  5375  5468 I SecHAL  : nfc_data_callback: !
09-15 21:14:09.214  5375  5468 D NfcAdaptation: NfcAdaptation::HalDeviceContextDataCallback: len=5
09-15 21:14:09.214  5375  5458 I BrcmNfcNfa: NFC received rsp gid:0
09-15 21:14:09.214  5375  5458 I BrcmNfcNfa: nci_proc_core_rsp opcode:0x2
09-15 21:14:09.214  5375  5458 I BrcmNfcNfa: nfa_dm_nfc_response_cback () NFC_SET_CONFIG_REVT(0x5002)
09-15 21:14:09.214  5375  5458 D NfcAdaptation: NfcAdaptation::HalPrediscover
09-15 21:14:09.214  5375  5458 I SecHAL  : nfc_hal_pre_discover: enter;
09-15 21:14:09.214  5375  5458 I SecHAL  : nfc_hal_pre_discover: exit;
09-15 21:14:09.214  5375  5468 D SecHAL  : nfc_hal_task: Got a event: Uknown event.(2)
09-15 21:14:09.214  5375  5458 D NfcAdaptation: NfcAdaptation::HalWrite
09-15 21:14:09.214  5375  5468 D SecHAL  : nfc_hal_task: current state: SERVICE
09-15 21:14:09.214  5375  5458 I SecHAL  : nfc_hal_write: enter;
09-15 21:14:09.214  5375  5458 I SecHAL  : nfc_hal_write: exit;
09-15 21:14:09.214  5375  5468 D SecHAL  : nfc_hal_task: Got a event: HAL_EVT_WRITE(3)
09-15 21:14:09.214  5375  5468 D SecHAL  : nfc_hal_task: current state: SERVICE
09-15 21:14:09.214  5375  5468 I SecHAL  : OSI_timer_start: enter,osi_lock
09-15 21:14:09.214  5375  5468 I SecHAL  : OSI_timer_start: before osi_unlock
09-15 21:14:09.214  5375  5468 I SecHAL  : OSI_timer_start: exit
09-15 21:14:09.214  5375  5468 I SecHAL  : device_write: enter
09-15 21:14:09.214  5375  5468 I SecHAL  : device_write: before system call
09-15 21:14:09.215  5375  5468 I SecHAL  : device_write: after system call
09-15 21:14:09.215  5375  5468 D SecHAL  : data_trace:  Send( 26) 21 03 17   0b 00 01 01 01 02 01 03 01 05 01 80 01 82 01 83 01 85 01 06 01 77 01 
09-15 21:14:09.215  5375  5468 I SecHAL  : device_write: exit
09-15 21:14:09.224  5375  5467 D SecHAL  : read_thread: Sent message to HAL message task, remind que: 2
09-15 21:14:09.224  5375  5468 D SecHAL  : nfc_hal_task: Got a event: HAL_EVT_READ(4)
09-15 21:14:09.224  5375  5468 D SecHAL  : nfc_hal_task: current state: SERVICE
09-15 21:14:09.225  5375  5468 D SecHAL  : data_trace:  Recv(  4) 41 03 01   00 
09-15 21:14:09.225  5375  5468 I SecHAL  : OSI_timer_start: enter,osi_lock
09-15 21:14:09.225  5375  5468 I SecHAL  : OSI_timer_start: before osi_unlock
09-15 21:14:09.225  5375  5468 I SecHAL  : OSI_timer_start: exit
09-15 21:14:09.225  5375  5468 I SecHAL  : nfc_data_callback: !
09-15 21:14:09.225  5375  5468 D NfcAdaptation: NfcAdaptation::HalDeviceContextDataCallback: len=4
09-15 21:14:09.226  5375  5458 I BrcmNfcNfa: NFC received rsp gid:1
09-15 21:14:09.226  5375  5458 I BrcmNfcNfa: p2p priority is running under bail out mode ONLY.
09-15 21:14:09.226  5375  5458 I BrcmNfcNfa: nfa_dm_disc_discovery_cback (): event:0x4000
09-15 21:14:09.226  5375  5458 I BrcmNfcNfa: nfa_dm_disc_sm_execute (): state: IDLE (0), event: DISCOVER_RSP(1) disc_flags: 0x31
09-15 21:14:09.226  5375  5458 I BrcmNfcNfa: nfa_dm_disc_new_state (): old_state: IDLE (0), new_state: DISCOVERY (1) disc_flags: 0x11
09-15 21:14:09.226  5375  5458 I BrcmNfcNfa: nfa_ce_discovery_cback(): event:0x00
09-15 21:14:09.226  5375  5458 I BrcmNfcNfa: nfa_ce_handle_disc_start (status=0x0)
09-15 21:14:09.226  5375  5458 I BrcmNfcNfa: nfa_dm_poll_disc_cback (): event:0x00
09-15 21:14:09.226  5375  5458 I BrcmNfcNfa: nfa_p2p_discovery_cback (): event:0x00
09-15 21:14:09.226  5375  5458 D BrcmNfcJni: nfaConnectionCallback: event= 30
09-15 21:14:09.226  5375  5458 D BrcmNfcJni: nfaConnectionCallback: NFA_RF_DISCOVERY_STARTED_EVT: status = 0
09-15 21:14:09.226  5375  5458 I BrcmNfcNfa: nfa_dm_disc_sm_execute (): new state: DISCOVERY (1), disc_flags: 0x1
09-15 21:14:09.226  5375  5453 D BrcmNfcJni: PowerSwitch::setModeOn(activated=0x1) : mCurrActivity=0x1
09-15 21:14:09.226  5375  5453 D BrcmNfcJni: nfcManager_enableDiscovery: exit
09-15 21:14:09.226  5375  5453 I NfcService: First Boot
09-15 21:14:09.227  5577  5577 I pool-1-thread-1: type=1400 audit(0.0:252): avc: denied { create } for name="NfcServicePrefs.xml" scontext=u:r:nfc:s0 tcontext=u:object_r:system_data_file:s0 tclass=file permissive=1
09-15 21:14:09.227  5577  5577 I pool-1-thread-1: type=1400 audit(0.0:252): avc: denied { write } for path="/data/data/com.android.nfc/shared_prefs/NfcServicePrefs.xml" dev="sda24" ino=2015540 scontext=u:r:nfc:s0 tcontext=u:object_r:system_data_file:s0 tclass=file permissive=1
09-15 21:14:09.227  5577  5577 W pool-1-thread-1: type=1300 audit(0.0:252): arch=c00000b7 syscall=56 success=yes exit=47 a0=ffffff9c a1=7f92e52900 a2=241 a3=1b6 items=0 ppid=3180 auid=4294967295 uid=1027 gid=1027 euid=1027 suid=1027 fsuid=1027 egid=1027 sgid=1027 fsgid=1027 tty=(none) ses=4294967295 exe="/system/bin/app_process64" subj=u:r:nfc:s0 key=(null)
09-15 21:14:09.227  3088  3088 W auditd  : type=1327 audit(0.0:252): proctitle="com.android.nfc"
09-15 21:14:09.227  3088  3088 W auditd  : type=1320 audit(0.0:252): 
09-15 21:14:09.247  5577  5577 I pool-1-thread-1: type=1400 audit(0.0:253): avc: denied { setattr } for name="NfcServicePrefs.xml" dev="sda24" ino=2015540 scontext=u:r:nfc:s0 tcontext=u:object_r:system_data_file:s0 tclass=file permissive=1
09-15 21:14:09.247  5577  5577 W pool-1-thread-1: type=1300 audit(0.0:253): arch=c00000b7 syscall=53 success=yes exit=0 a0=ffffff9c a1=7f92e52b00 a2=1b0 a3=0 items=0 ppid=3180 auid=4294967295 uid=1027 gid=1027 euid=1027 suid=1027 fsuid=1027 egid=1027 sgid=1027 fsgid=1027 tty=(none) ses=4294967295 exe="/system/bin/app_process64" subj=u:r:nfc:s0 key=(null)
09-15 21:14:09.247  3088  3088 W auditd  : type=1327 audit(0.0:253): proctitle="com.android.nfc"
09-15 21:14:09.247  3088  3088 W auditd  : type=1320 audit(0.0:253): 
09-15 21:14:09.265  4926  4926 D CarrierSvcBindHelper: No carrier app for: 0
09-15 21:14:09.293  4979  4979 D SimSelectNotification:  no of slots 1 provision = false
09-15 21:14:09.315  3582  4958 I ActivityManager: Start proc 5578:com.android.providers.calendar/u0a4 for broadcast com.android.providers.calendar/.CalendarUpgradeReceiver
09-15 21:14:09.382  3190  3255 I MediaPlayerService: MediaPlayerService::getOMX
09-15 21:14:09.383  5375  5593 I OMXClient: MuxOMX ctor
09-15 21:14:09.385  3187  3231 I OMXMaster: makeComponentInstance(OMX.google.vorbis.decoder) in mediacodec process
09-15 21:14:09.411  5578  5578 W System  : ClassLoader referenced unknown path: /system/priv-app/CalendarProvider/lib/arm64
09-15 21:14:09.476  3190  4865 I MediaPlayerService: MediaPlayerService::getOMX
09-15 21:14:09.476  5375  5597 I OMXClient: MuxOMX ctor
09-15 21:14:09.477  3187  3187 I OMXMaster: makeComponentInstance(OMX.google.vorbis.decoder) in mediacodec process
09-15 21:14:09.578  5545  5562 D ContactDirectoryManager: Found com.android.exchange.directory.provider
09-15 21:14:09.602  5578  5578 I CalendarDatabaseHelper: Bootstrapping database
09-15 21:14:09.607  3582  3681 I ActivityManager: Start proc 5601:com.android.exchange/u0a46 for content provider com.android.exchange/.provider.ExchangeDirectoryProvider
09-15 21:14:09.677  5601  5601 W System  : ClassLoader referenced unknown path: /system/app/Exchange2/lib/arm64
09-15 21:14:09.703  5601  5601 I ndroid.exchange: type=1400 audit(0.0:254): avc: denied { create } for name="code_cache" scontext=u:r:untrusted_app:s0:c512,c768 tcontext=u:object_r:system_data_file:s0:c512,c768 tclass=dir permissive=1
09-15 21:14:09.703  5601  5601 W ndroid.exchange: type=1300 audit(0.0:254): arch=c00000b7 syscall=34 success=yes exit=0 a0=ffffff9c a1=7f92e130c0 a2=1f9 a3=7f9a54f514 items=0 ppid=3180 auid=4294967295 uid=10046 gid=10046 euid=10046 suid=10046 fsuid=10046 egid=10046 sgid=10046 fsgid=10046 tty=(none) ses=4294967295 exe="/system/bin/app_process64" subj=u:r:untrusted_app:s0:c512,c768 key=(null)
09-15 21:14:09.703  3088  3088 W auditd  : type=1327 audit(0.0:254): proctitle="com.android.exchange"
09-15 21:14:09.703  3088  3088 W auditd  : type=1320 audit(0.0:254): 
09-15 21:14:09.707  5601  5601 I ndroid.exchange: type=1400 audit(0.0:255): avc: denied { setattr } for name="code_cache" dev="sda24" ino=3121324 scontext=u:r:untrusted_app:s0:c512,c768 tcontext=u:object_r:system_data_file:s0:c512,c768 tclass=dir permissive=1
09-15 21:14:09.707  5601  5601 W ndroid.exchange: type=1300 audit(0.0:255): arch=c00000b7 syscall=53 success=yes exit=0 a0=ffffff9c a1=7f92e130c0 a2=1f9 a3=0 items=0 ppid=3180 auid=4294967295 uid=10046 gid=10046 euid=10046 suid=10046 fsuid=10046 egid=10046 sgid=10046 fsgid=10046 tty=(none) ses=4294967295 exe="/system/bin/app_process64" subj=u:r:untrusted_app:s0:c512,c768 key=(null)
09-15 21:14:09.707  3088  3088 W auditd  : type=1327 audit(0.0:255): proctitle="com.android.exchange"
09-15 21:14:09.707  3088  3088 W auditd  : type=1320 audit(0.0:255): 
09-15 21:14:09.732  5578  5578 I CalendarProvider2: Created com.android.providers.calendar.CalendarAlarmManager@e41afb1(com.android.providers.calendar.CalendarProvider2@965ec96)
09-15 21:14:09.814  3582  4942 I ActivityManager: Start proc 5619:com.android.email/u0a58 for content provider com.android.email/.provider.EmailProvider
09-15 21:14:09.825  5545  5562 I ContactDirectoryManager: deleted 0 stale rows which don't have any relevant directory
09-15 21:14:09.847  5545  5562 I ContactDirectoryManager: Discovered 0 contact directories in 492ms
09-15 21:14:09.868  5545  5562 I ContactsProvider: Locale has changed from null to [en_US]
09-15 21:14:09.874  5578  5578 I CalendarUpgradeReceiver: Creating or opening calendar database
09-15 21:14:09.876  3582  4958 I PreBootBroadcaster: Pre-boot of {com.android.providers.contacts/com.android.providers.contacts.ContactsUpgradeReceiver} for user 0
09-15 21:14:09.877  5545  5562 I ContactsDatabaseHelper: Switching to locale [en_US] (ICU v56.1)
09-15 21:14:09.905  3582  3582 D ZenLog  : disable_effects: 0|android|0|PreBootBroadcaster|1000,booleanState
09-15 21:14:09.907  5619  5619 W System  : ClassLoader referenced unknown path: /system/app/Email/lib/arm64
09-15 21:14:09.944  5545  5545 I ContactsUpgradeReceiver: Creating or opening contacts database
09-15 21:14:09.975  5619  5619 I m.android.email: type=1400 audit(0.0:256): avc: denied { write } for name="com.android.email" dev="sda24" ino=3121229 scontext=u:r:untrusted_app:s0:c512,c768 tcontext=u:object_r:system_data_file:s0 tclass=dir permissive=1
09-15 21:14:09.975  5619  5619 I m.android.email: type=1400 audit(0.0:256): avc: denied { add_name } for name="code_cache" scontext=u:r:untrusted_app:s0:c512,c768 tcontext=u:object_r:system_data_file:s0 tclass=dir permissive=1
09-15 21:14:09.975  5619  5619 W m.android.email: type=1300 audit(0.0:256): arch=c00000b7 syscall=34 success=yes exit=0 a0=ffffff9c a1=7f8e821900 a2=1f9 a3=7f9a54f514 items=0 ppid=3180 auid=4294967295 uid=10058 gid=10058 euid=10058 suid=10058 fsuid=10058 egid=10058 sgid=10058 fsgid=10058 tty=(none) ses=4294967295 exe="/system/bin/app_process64" subj=u:r:untrusted_app:s0:c512,c768 key=(null)
09-15 21:14:10.167  5545  5550 I art     : Do full code cache collection, code=124KB, data=102KB
09-15 21:14:10.176  5545  5550 I art     : Starting a blocking GC JitCodeCache
09-15 21:14:10.176  5545  5550 I art     : After code cache collection, code=106KB, data=78KB
09-15 21:14:10.252  5619  5637 D ActivityThread: Loading provider com.android.email.provider;com.android.email.notifier: com.android.email.provider.EmailProvider
09-15 21:14:10.270  5619  5619 D ActivityThread: Loading provider com.android.email.provider;com.android.email.notifier: com.android.email.provider.EmailProvider
09-15 21:14:10.280  5619  5638 D ActivityThread: Loading provider com.android.email.provider;com.android.email.notifier: com.android.email.provider.EmailProvider
09-15 21:14:10.285  5619  5640 D ActivityThread: Loading provider com.android.email.provider;com.android.email.notifier: com.android.email.provider.EmailProvider
09-15 21:14:10.291  5619  5619 I m.android.email: type=1400 audit(0.0:259): avc: denied { read } for path="/data/data/com.android.email/databases/EmailProvider.db" dev="sda24" ino=2015557 scontext=u:r:untrusted_app:s0:c512,c768 tcontext=u:object_r:system_data_file:s0:c512,c768 tclass=file permissive=1
09-15 21:14:10.291  5619  5619 W m.android.email: type=1300 audit(0.0:259): arch=c00000b7 syscall=56 success=yes exit=34 a0=ffffff9c a1=7f900a3e40 a2=a0042 a3=180 items=0 ppid=3180 auid=4294967295 uid=10058 gid=10058 euid=10058 suid=10058 fsuid=10058 egid=10058 sgid=10058 fsgid=10058 tty=(none) ses=4294967295 exe="/system/bin/app_process64" subj=u:r:untrusted_app:s0:c512,c768 key=(null)
09-15 21:14:10.291  3088  3088 W auditd  : type=1327 audit(0.0:259): proctitle="com.android.email"
09-15 21:14:10.291  3088  3088 W auditd  : type=1320 audit(0.0:259): 
09-15 21:14:10.303  5619  5619 I m.android.email: type=1400 audit(0.0:260): avc: denied { lock } for path="/data/data/com.android.email/databases/EmailProvider.db" dev="sda24" ino=2015557 scontext=u:r:untrusted_app:s0:c512,c768 tcontext=u:object_r:system_data_file:s0:c512,c768 tclass=file permissive=1
09-15 21:14:10.303  5619  5619 W m.android.email: type=1300 audit(0.0:260): arch=c00000b7 syscall=25 success=yes exit=0 a0=22 a1=6 a2=7fe6884c58 a3=d items=0 ppid=3180 auid=4294967295 uid=10058 gid=10058 euid=10058 suid=10058 fsuid=10058 egid=10058 sgid=10058 fsgid=10058 tty=(none) ses=4294967295 exe="/system/bin/app_process64" subj=u:r:untrusted_app:s0:c512,c768 key=(null)
09-15 21:14:10.303  3088  3088 W auditd  : type=1327 audit(0.0:260): proctitle="com.android.email"
09-15 21:14:10.303  3088  3088 W auditd  : type=1320 audit(0.0:260): 
09-15 21:14:10.303  5562  5562 I ContactsProvide: type=1400 audit(0.0:261): avc: denied { remove_name } for name="contacts2.db-mjE75DD09C4" dev="sda24" ino=2015555 scontext=u:r:priv_app:s0:c512,c768 tcontext=u:object_r:system_data_file:s0:c512,c768 tclass=dir permissive=1
09-15 21:14:10.303  5562  5562 I ContactsProvide: type=1400 audit(0.0:261): avc: denied { unlink } for name="contacts2.db-mjE75DD09C4" dev="sda24" ino=2015555 scontext=u:r:priv_app:s0:c512,c768 tcontext=u:object_r:system_data_file:s0:c512,c768 tclass=file permissive=1
09-15 21:14:10.303  5562  5562 W ContactsProvide: type=1300 audit(0.0:261): arch=c00000b7 syscall=35 success=yes exit=0 a0=ffffff9c a1=7f92e36580 a2=0 a3=7 items=0 ppid=3180 auid=4294967295 uid=10000 gid=10000 euid=10000 suid=10000 fsuid=10000 egid=10000 sgid=10000 fsgid=10000 tty=(none) ses=4294967295 exe="/system/bin/app_process64" subj=u:r:priv_app:s0:c512,c768 key=(null)
09-15 21:14:10.303  3088  3088 W auditd  : type=1327 audit(0.0:261): proctitle="android.process.acore"
09-15 21:14:10.303  3088  3088 W auditd  : type=1320 audit(0.0:261): 
09-15 21:14:10.334  5545  5562 I ContactsDatabaseHelper: Locale change completed in 456ms
09-15 21:14:10.336  5545  5562 I ContactsDatabaseHelper: Switching to locale [en_US] (ICU v56.1)
09-15 21:14:10.370  5545  5545 I ContactsProvider: Locale has changed from null to [en_US]
09-15 21:14:10.375  5619  5619 I m.android.email: type=1400 audit(0.0:262): avc: denied { setattr } for name="EmailProvider.db" dev="sda24" ino=2015557 scontext=u:r:untrusted_app:s0:c512,c768 tcontext=u:object_r:system_data_file:s0:c512,c768 tclass=file permissive=1
09-15 21:14:10.375  5619  5619 W m.android.email: type=1300 audit(0.0:262): arch=c00000b7 syscall=53 success=yes exit=0 a0=ffffff9c a1=7f8e814700 a2=1b0 a3=0 items=0 ppid=3180 auid=4294967295 uid=10058 gid=10058 euid=10058 suid=10058 fsuid=10058 egid=10058 sgid=10058 fsgid=10058 tty=(none) ses=4294967295 exe="/system/bin/app_process64" subj=u:r:untrusted_app:s0:c512,c768 key=(null)
09-15 21:14:10.375  3088  3088 W auditd  : type=1327 audit(0.0:262): proctitle="com.android.email"
09-15 21:14:10.375  3088  3088 W auditd  : type=1320 audit(0.0:262): 
09-15 21:14:10.506  5375  5567 I SecHAL  : device_sleep: NFC can be going to sleep
09-15 21:14:10.659  5545  5562 I ContactsDatabaseHelper: Locale change completed in 322ms
09-15 21:14:10.785  5578  5578 I CalendarProvider2: Sending notification intent: Intent { act=android.intent.action.PROVIDER_CHANGED dat=content://com.android.calendar flg=0x20000000 }
09-15 21:14:10.786  5578  5578 W ContentResolver: Failed to get type for: content://com.android.calendar (Unknown URL content://com.android.calendar)
09-15 21:14:10.819  5545  5562 I ContactsFTS: Rebuild contact search index in 32ms, 0 contacts
09-15 21:14:10.825  3582  3681 W ActivityManager: Unable to start service Intent { act=com.android.mail.action.BACKUP_DATA_CHANGED pkg=com.android.email } U=0: not found
09-15 21:14:10.832  3582  4957 W ActivityManager: Unable to start service Intent { act=com.android.mail.action.BACKUP_DATA_CHANGED pkg=com.android.email } U=0: not found
09-15 21:14:10.835  5642  5642 I pool-2-thread-1: type=1400 audit(0.0:263): avc: denied { remove_name } for name="UnifiedEmail.xml" dev="sda24" ino=2015563 scontext=u:r:untrusted_app:s0:c512,c768 tcontext=u:object_r:system_data_file:s0:c512,c768 tclass=dir permissive=1
09-15 21:14:10.835  5642  5642 I pool-2-thread-1: type=1400 audit(0.0:263): avc: denied { rename } for name="UnifiedEmail.xml" dev="sda24" ino=2015563 scontext=u:r:untrusted_app:s0:c512,c768 tcontext=u:object_r:system_data_file:s0:c512,c768 tclass=file permissive=1
09-15 21:14:10.835  5642  5642 W pool-2-thread-1: type=1300 audit(0.0:263): arch=c00000b7 syscall=38 success=yes exit=0 a0=ffffff9c a1=7f92e741c0 a2=ffffff9c a3=7f92e1f780 items=0 ppid=3180 auid=4294967295 uid=10058 gid=10058 euid=10058 suid=10058 fsuid=10058 egid=10058 sgid=10058 fsgid=10058 tty=(none) ses=4294967295 exe="/system/bin/app_process64" subj=u:r:untrusted_app:s0:c512,c768 key=(null)
09-15 21:14:10.839  3582  4795 W ActivityManager: Unable to start service Intent { act=com.android.mail.action.BACKUP_DATA_CHANGED pkg=com.android.email } U=0: not found
09-15 21:14:10.847  3582  5390 W ActivityManager: Unable to start service Intent { act=com.android.mail.action.BACKUP_DATA_CHANGED pkg=com.android.email } U=0: not found
09-15 21:14:10.854  3582  3681 W ActivityManager: Unable to start service Intent { act=com.android.mail.action.BACKUP_DATA_CHANGED pkg=com.android.email } U=0: not found
09-15 21:14:10.861  3582  4957 W ActivityManager: Unable to start service Intent { act=com.android.mail.action.BACKUP_DATA_CHANGED pkg=com.android.email } U=0: not found
09-15 21:14:10.868  3582  4795 W ActivityManager: Unable to start service Intent { act=com.android.mail.action.BACKUP_DATA_CHANGED pkg=com.android.email } U=0: not found
09-15 21:14:10.910  5619  5637 W art     : Long monitor contention with owner main (5619) at boolean android.os.BinderProxy.transactNative(int, android.os.Parcel, android.os.Parcel, int)(Binder.java:-2) waiters=0 in com.android.mail.preferences.MailPrefs com.android.mail.preferences.MailPrefs.get(android.content.Context) for 638ms
09-15 21:14:10.911  5619  5638 W art     : Long monitor contention with owner main (5619) at boolean android.os.BinderProxy.transactNative(int, android.os.Parcel, android.os.Parcel, int)(Binder.java:-2) waiters=1 in com.android.mail.preferences.MailPrefs com.android.mail.preferences.MailPrefs.get(android.content.Context) for 620ms
09-15 21:14:10.914  5619  5640 W art     : Long monitor contention with owner main (5619) at boolean android.os.BinderProxy.transactNative(int, android.os.Parcel, android.os.Parcel, int)(Binder.java:-2) waiters=2 in com.android.mail.preferences.MailPrefs com.android.mail.preferences.MailPrefs.get(android.content.Context) for 613ms
09-15 21:14:10.926  5545  5562 I ContactsProvider: Upgrading aggregation algorithm
09-15 21:14:10.927  3582  4796 I PreBootBroadcaster: Pre-boot of {com.android.providers.media/com.android.providers.media.MediaUpgradeReceiver} for user 0
09-15 21:14:10.945  3582  3582 D ZenLog  : disable_effects: 0|android|0|PreBootBroadcaster|1000,booleanState
09-15 21:14:10.949  5545  5562 I ContactAggregator: Marked all visible contacts for aggregation: 0 raw contacts, 4 ms
09-15 21:14:10.955  3582  4958 W ActivityManager: Unable to start service Intent { cmp=com.android.email/.service.AttachmentService } U=0: not found
09-15 21:14:10.961  3582  4796 W ActivityManager: Unable to start service Intent { cmp=com.android.email/.service.AttachmentService } U=0: not found
09-15 21:14:10.981  5619  5641 W art     : Long monitor contention with owner AsyncTask #2 (5638) at boolean android.os.BinderProxy.transactNative(int, android.os.Parcel, android.os.Parcel, int)(Binder.java:-2) waiters=0 in void com.android.email.provider.AccountReconciler.reconcileAccounts(android.content.Context) for 710ms
09-15 21:14:11.026  5545  5562 I ContactsProvider: Aggregation algorithm upgraded for 0 raw contacts in 100ms
09-15 21:14:11.051  5619  5644 I Email   : Observing account changes for notifications
09-15 21:14:11.052  5601  5601 I Exchange: EasService.onCreate
09-15 21:14:11.061  3582  4942 W ActivityManager: Unable to start service Intent { cmp=com.android.email/.service.AttachmentService } U=0: not found
09-15 21:14:11.081  3582  5391 W ActivityManager: Unable to start service Intent { cmp=com.android.email/.service.AttachmentService } U=0: not found
09-15 21:14:11.101  5601  5646 I Exchange: RestartPingTask
09-15 21:14:11.140  3582  4942 I ActivityManager: Start proc 5648:com.android.calendar/u0a38 for broadcast com.android.calendar/.alerts.AlertReceiver
09-15 21:14:11.142  5545  5562 I ContactsFTS: Rebuild contact search index in 69ms, 0 contacts
09-15 21:14:11.150  3582  3681 W ActivityManager: Unable to start service Intent { cmp=com.android.email/.service.AttachmentService } U=0: not found
09-15 21:14:11.202  5648  5648 W System  : ClassLoader referenced unknown path: /system/app/Calendar/lib/arm64
09-15 21:14:11.208  5601  5601 I Exchange: RestartPingsTask did not start any pings.
09-15 21:14:11.208  5601  5601 I Exchange: PSS stopIfIdle
09-15 21:14:11.208  5601  5601 I Exchange: PSS has no active accounts; stopping service.
09-15 21:14:11.263  5601  5601 I Exchange: onDestroy
09-15 21:14:11.291  5601  5601 I Exchange: EasService.onCreate
09-15 21:14:11.315  5601  5668 I Exchange: RestartPingTask
09-15 21:14:11.330  5648  5648 D ExtensionsFactory: No custom extensions.
09-15 21:14:11.343  5522  5522 I DeferredSaveThr: type=1400 audit(0.0:268): avc: denied { write } for name="code_cache" dev="sda24" ino=3121258 scontext=u:r:platform_app:s0:c512,c768 tcontext=u:object_r:system_data_file:s0:c512,c768 tclass=dir permissive=1
09-15 21:14:11.343  5522  5522 I DeferredSaveThr: type=1400 audit(0.0:268): avc: denied { remove_name } for name="com.android.opengl.shaders_cache" dev="sda24" ino=3121302 scontext=u:r:platform_app:s0:c512,c768 tcontext=u:object_r:system_data_file:s0:c512,c768 tclass=dir permissive=1
09-15 21:14:11.343  5522  5522 I DeferredSaveThr: type=1400 audit(0.0:268): avc: denied { unlink } for name="com.android.opengl.shaders_cache" dev="sda24" ino=3121302 scontext=u:r:platform_app:s0:c512,c768 tcontext=u:object_r:system_data_file:s0:c512,c768 tclass=file permissive=1
09-15 21:14:11.343  5522  5522 W DeferredSaveThr: type=1300 audit(0.0:268): arch=c00000b7 syscall=35 success=yes exit=0 a0=ffffff9c a1=7f9a633e78 a2=0 a3=0 items=0 ppid=3180 auid=4294967295 uid=10033 gid=10033 euid=10033 suid=10033 fsuid=10033 egid=10033 sgid=10033 fsgid=10033 tty=(none) ses=4294967295 exe="/system/bin/app_process64" subj=u:r:platform_app:s0:c512,c768 key=(null)
09-15 21:14:11.343  3088  3088 W auditd  : type=1327 audit(0.0:268): proctitle="com.android.systemui"
09-15 21:14:11.343  3088  3088 W auditd  : type=1320 audit(0.0:268): 
09-15 21:14:11.347  5522  5522 I DeferredSaveThr: type=1400 audit(0.0:269): avc: denied { add_name } for name="com.android.opengl.shaders_cache" scontext=u:r:platform_app:s0:c512,c768 tcontext=u:object_r:system_data_file:s0:c512,c768 tclass=dir permissive=1
09-15 21:14:11.347  5522  5522 I DeferredSaveThr: type=1400 audit(0.0:269): avc: denied { create } for name="com.android.opengl.shaders_cache" scontext=u:r:platform_app:s0:c512,c768 tcontext=u:object_r:system_data_file:s0:c512,c768 tclass=file permissive=1
09-15 21:14:11.347  5522  5522 I DeferredSaveThr: type=1400 audit(0.0:269): avc: denied { write } for path="/data/user_de/0/com.android.systemui/code_cache/com.android.opengl.shaders_cache" dev="sda24" ino=3121302 scontext=u:r:platform_app:s0:c512,c768 tcontext=u:object_r:system_data_file:s0:c512,c768 tclass=file permissive=1
09-15 21:14:11.347  5522  5522 W DeferredSaveThr: type=1300 audit(0.0:269): arch=c00000b7 syscall=56 success=yes exit=56 a0=ffffff9c a1=7f9a633e78 a2=c2 a3=0 items=0 ppid=3180 auid=4294967295 uid=10033 gid=10033 euid=10033 suid=10033 fsuid=10033 egid=10033 sgid=10033 fsgid=10033 tty=(none) ses=4294967295 exe="/system/bin/app_process64" subj=u:r:platform_app:s0:c512,c768 key=(null)
09-15 21:14:11.347  3088  3088 W auditd  : type=1327 audit(0.0:269): proctitle="com.android.systemui"
09-15 21:14:11.347  3088  3088 W auditd  : type=1320 audit(0.0:269): 
09-15 21:14:11.347  5522  5522 I DeferredSaveThr: type=1400 audit(0.0:270): avc: denied { setattr } for name="com.android.opengl.shaders_cache" dev="sda24" ino=3121302 scontext=u:r:platform_app:s0:c512,c768 tcontext=u:object_r:system_data_file:s0:c512,c768 tclass=file permissive=1
09-15 21:14:11.347  5522  5522 W DeferredSaveThr: type=1300 audit(0.0:270): arch=c00000b7 syscall=52 success=yes exit=0 a0=38 a1=100 a2=7f7b000000 a3=23 items=0 ppid=3180 auid=4294967295 uid=10033 gid=10033 euid=10033 suid=10033 fsuid=10033 egid=10033 sgid=10033 fsgid=10033 tty=(none) ses=4294967295 exe="/system/bin/app_process64" subj=u:r:platform_app:s0:c512,c768 key=(null)
09-15 21:14:11.347  3088  3088 W auditd  : type=1327 audit(0.0:270): proctitle="com.android.systemui"
09-15 21:14:11.347  3088  3088 W auditd  : type=1320 audit(0.0:270): 
09-15 21:14:11.358  3582  4942 D AlarmManagerService: Kernel timezone updated to 180 minutes west of GMT
09-15 21:14:11.362  5601  5601 I Exchange: RestartPingsTask did not start any pings.
09-15 21:14:11.362  5601  5601 I Exchange: PSS stopIfIdle
09-15 21:14:11.362  5601  5601 I Exchange: PSS has no active accounts; stopping service.
09-15 21:14:11.366  5601  5601 I Exchange: onDestroy
09-15 21:14:11.370  5648  5648 D AlertReceiver: onReceive: a=android.intent.action.PROVIDER_CHANGED Intent { act=android.intent.action.PROVIDER_CHANGED dat=content://com.android.calendar flg=0x20000010 cmp=com.android.calendar/.alerts.AlertReceiver }
09-15 21:14:11.410  5648  5648 D AlertUtils: Flushing old alerts from shared prefs table
09-15 21:14:11.429  5648  5671 D AlertService: 0 Action = android.intent.action.PROVIDER_CHANGED
09-15 21:14:11.458  3582  3680 I ActivityManager: Start proc 5676:com.cyanogenmod.lockclock/u0a54 for broadcast com.cyanogenmod.lockclock/.ClockWidgetProvider
09-15 21:14:11.503  5676  5676 W System  : ClassLoader referenced unknown path: /system/app/LockClock/lib/arm64
09-15 21:14:11.628  5332  5332 I MediaUpgradeReceiver: ---> Start upgrade of media database external.db
09-15 21:14:11.662  5332  5332 I MediaUpgradeReceiver: <--- Finished upgrade of media database external.db in 34ms
09-15 21:14:11.663  3582  4958 I PreBootBroadcaster: Pre-boot of {com.android.settings/com.android.settings.SettingsInitialize} for user 0
09-15 21:14:11.674  5186  5186 D CellBroadcastReceiver: onReceive Intent { act=android.intent.action.SERVICE_STATE flg=0x10 cmp=com.android.cellbroadcastreceiver/.CellBroadcastReceiver (has extras) }
09-15 21:14:11.675  5186  5186 D CellBroadcastReceiver: Intent: android.intent.action.SERVICE_STATE
09-15 21:14:11.677  3582  3582 D ZenLog  : disable_effects: 0|android|0|PreBootBroadcaster|1000,booleanState
09-15 21:14:11.729  3582  4957 I PreBootBroadcaster: Pre-boot of {org.cyanogenmod.cmsettings/org.cyanogenmod.cmsettings.PreBootReceiver} for user 0
09-15 21:14:11.745  3582  3582 D ZenLog  : disable_effects: 0|android|0|PreBootBroadcaster|1000,booleanState
09-15 21:14:11.823  3582  3582 D ActivityManager: Sending BOOT_COMPLETE user #0
09-15 21:14:11.839  3582  3582 I ActivityManager: Start proc 5699:org.cyanogenmod.cmparts/1000 for broadcast org.cyanogenmod.cmparts/.BootReceiver
09-15 21:14:11.891  5699  5699 W System  : ClassLoader referenced unknown path: /system/priv-app/CMParts/lib/arm64
09-15 21:14:11.907  5699  5699 I ogenmod.cmparts: type=1400 audit(0.0:271): avc: denied { create } for name="cache" scontext=u:r:system_app:s0 tcontext=u:object_r:system_data_file:s0 tclass=dir permissive=1
09-15 21:14:11.907  5699  5699 W ogenmod.cmparts: type=1300 audit(0.0:271): arch=c00000b7 syscall=34 success=yes exit=0 a0=ffffff9c a1=7f8e821a50 a2=1f9 a3=7f9a54f514 items=0 ppid=3180 auid=4294967295 uid=1000 gid=1000 euid=1000 suid=1000 fsuid=1000 egid=1000 sgid=1000 fsgid=1000 tty=(none) ses=4294967295 exe="/system/bin/app_process64" subj=u:r:system_app:s0 key=(null)
09-15 21:14:11.907  3088  3088 W auditd  : type=1327 audit(0.0:271): proctitle="org.cyanogenmod.cmparts"
09-15 21:14:11.907  3088  3088 W auditd  : type=1320 audit(0.0:271): 
09-15 21:14:12.142  4926  4926 D TelephonyProvider: subIdString = 1 subId = 1
09-15 21:14:12.143  4926  4926 D TelephonyProvider: deletePreferredApn: for subId 1
09-15 21:14:12.152  4926  4926 D TelephonyProvider: subIdString = 1 subId = 1
09-15 21:14:12.177  3582  5719 E BootReceiver: Error reading /data/system/last-header.txt
09-15 21:14:12.177  3582  5719 E BootReceiver: java.io.FileNotFoundException: /data/system/last-header.txt (No such file or directory)
09-15 21:14:12.177  3582  5719 E BootReceiver: 	at java.io.FileInputStream.open(Native Method)
09-15 21:14:12.177  3582  5719 E BootReceiver: 	at java.io.FileInputStream.<init>(FileInputStream.java:146)
09-15 21:14:12.177  3582  5719 E BootReceiver: 	at android.os.FileUtils.readTextFile(FileUtils.java:263)
09-15 21:14:12.177  3582  5719 E BootReceiver: 	at com.android.server.BootReceiver.getPreviousBootHeaders(BootReceiver.java:121)
09-15 21:14:12.177  3582  5719 E BootReceiver: 	at com.android.server.BootReceiver.getBootHeadersToLogAndUpdate(BootReceiver.java:143)
09-15 21:14:12.177  3582  5719 E BootReceiver: 	at com.android.server.BootReceiver.logBootEvents(BootReceiver.java:163)
09-15 21:14:12.177  3582  5719 E BootReceiver: 	at com.android.server.BootReceiver.-wrap2(BootReceiver.java)
09-15 21:14:12.177  3582  5719 E BootReceiver: 	at com.android.server.BootReceiver$1.run(BootReceiver.java:93)
09-15 21:14:12.178  4926  4937 I art     : Background sticky concurrent mark sweep GC freed 38003(4MB) AllocSpace objects, 32(852KB) LOS objects, 34% free, 9MB/14MB, paused 5.993ms total 45.166ms
09-15 21:14:12.186  3582  5390 D ConnectivityService: registerNetworkAgent NetworkAgentInfo{ ni{[type: MOBILE[HSPA+], state: CONNECTED/CONNECTED, reason: connected, extra: gprs.personal.com, failover: false, available: true, roaming: false, metered: true]}  network{100}  nethandle{429513165534}  lp{{InterfaceName: rmnet1 LinkAddresses: [181.4.126.16/32,]  Routes: [0.0.0.0/0 -> 181.4.126.1 rmnet1,] DnsAddresses: [181.88.86.156,181.88.86.164,] Domains: null MTU: 1500 TcpBufferSizes: 40778,244668,734003,16777,100663,301990}}  nc{[ Transports: CELLULAR Capabilities: SUPL&INTERNET&NOT_RESTRICTED&TRUSTED&NOT_VPN LinkUpBandwidth>=5898Kbps LinkDnBandwidth>=14336Kbps Specifier: <1>]}  Score{10}  everValidated{false}  lastValidated{false}  created{false} lingering{false} explicitlySelected{false} acceptUnvalidated{false} everCaptivePortalDetected{false} lastCaptivePortalDetected{false} }
09-15 21:14:12.186  3582  5719 E RecoverySystem: Failed to read lines in last_install
09-15 21:14:12.186  3582  5719 E RecoverySystem: java.io.FileNotFoundException: /cache/recovery/last_install (No such file or directory)
09-15 21:14:12.186  3582  5719 E RecoverySystem: 	at java.io.FileInputStream.open(Native Method)
09-15 21:14:12.186  3582  5719 E RecoverySystem: 	at java.io.FileInputStream.<init>(FileInputStream.java:146)
09-15 21:14:12.186  3582  5719 E RecoverySystem: 	at java.io.FileReader.<init>(FileReader.java:72)
09-15 21:14:12.186  3582  5719 E RecoverySystem: 	at android.os.RecoverySystem.parseLastInstallLog(RecoverySystem.java:725)
09-15 21:14:12.186  3582  5719 E RecoverySystem: 	at android.os.RecoverySystem.handleAftermath(RecoverySystem.java:818)
09-15 21:14:12.186  3582  5719 E RecoverySystem: 	at com.android.server.BootReceiver.logBootEvents(BootReceiver.java:166)
09-15 21:14:12.186  3582  5719 E RecoverySystem: 	at com.android.server.BootReceiver.-wrap2(BootReceiver.java)
09-15 21:14:12.186  3582  5719 E RecoverySystem: 	at com.android.server.BootReceiver$1.run(BootReceiver.java:93)
09-15 21:14:12.186  3582  4681 D ConnectivityService: NetworkAgentInfo [MOBILE (HSPA+) - 100] EVENT_NETWORK_INFO_CHANGED, going from null to CONNECTED
09-15 21:14:12.190  3582  5719 I RecoverySystem: Deleted: /cache/recovery/.version
09-15 21:14:12.190  3582  5719 I RecoverySystem: Deleted: /cache/recovery/recovery.fstab
09-15 21:14:12.191  3582  5719 I RecoverySystem: Deleted: /cache/recovery/storage.fstab
09-15 21:14:12.191  3582  5719 I RecoverySystem: Deleted: /cache/recovery/log
09-15 21:14:12.192  3582  5719 I RecoverySystem: Deleted: /cache/recovery/intent
09-15 21:14:12.200  3582  4681 D ConnectivityService: Adding iface rmnet1 to network 100
09-15 21:14:12.202  3582  3582 I ActivityManager: Start proc 5721:com.android.dialer/u0a16 for broadcast com.android.dialer/.calllog.CallLogReceiver
09-15 21:14:12.211  3582  5719 I BootReceiver: No existing last log timestamp file /data/system/log-files.xml; starting empty
09-15 21:14:12.228  3582  5719 I BootReceiver: Copying /proc/last_kmsg to DropBox (SYSTEM_LAST_KMSG)
09-15 21:14:12.255  3582  4681 D ConnectivityService: Setting DNS servers for network 100 to [/181.88.86.156, /181.88.86.164]
09-15 21:14:12.288  3582  5719 I BootReceiver: Copying audit failures to DropBox
09-15 21:14:12.298  5721  5721 W System  : ClassLoader referenced unknown path: /system/priv-app/Dialer/lib/arm64
09-15 21:14:12.302  3582  4681 W ConnectivityExtension: ConnectivityExt jar file not present
09-15 21:14:12.313  3582  4681 W ConnectivityExtension: ConnectivityExt jar file not present
09-15 21:14:12.316  3582  4681 D ConnectivityService: Switching to new default network: NetworkAgentInfo{ ni{[type: MOBILE[HSPA+], state: CONNECTED/CONNECTED, reason: connected, extra: gprs.personal.com, failover: false, available: true, roaming: false, metered: true]}  network{100}  nethandle{429513165534}  lp{{InterfaceName: rmnet1 LinkAddresses: [181.4.126.16/32,]  Routes: [0.0.0.0/0 -> 181.4.126.1 rmnet1,] DnsAddresses: [181.88.86.156,181.88.86.164,] Domains: null MTU: 1500 TcpBufferSizes: 40778,244668,734003,16777,100663,301990}}  nc{[ Transports: CELLULAR Capabilities: SUPL&INTERNET&NOT_RESTRICTED&TRUSTED&NOT_VPN&FOREGROUND LinkUpBandwidth>=5898Kbps LinkDnBandwidth>=14336Kbps Specifier: <1>]}  Score{10}  everValidated{false}  lastValidated{false}  created{true} lingering{false} explicitlySelected{false} acceptUnvalidated{false} everCaptivePortalDetected{false} lastCaptivePortalDetected{false} }
09-15 21:14:12.343  3193  3522 V IdletimerController: runCmd(/system/bin/ip6tables -w -t raw -A idletimer_raw_PREROUTING -i rmnet1 -j IDLETIMER --timeout 10 --label 0 --send_nl_msg 1) res_ipv4=0, res_ipv6=0
09-15 21:14:12.347  3088  3088 W auditd  : type=1325 audit(0.0:282): table=mangle family=2 entries=18
09-15 21:14:12.347  3088  3088 W auditd  : type=1320 audit(0.0:282): 
09-15 21:14:12.355  3088  3088 W auditd  : type=1325 audit(0.0:283): table=mangle family=10 entries=17
09-15 21:14:12.355  3088  3088 W auditd  : type=1320 audit(0.0:283): 
09-15 21:14:12.364  3193  3522 V IdletimerController: runCmd(/system/bin/ip6tables -w -t mangle -A idletimer_mangle_POSTROUTING -o rmnet1 -j IDLETIMER --timeout 10 --label 0 --send_nl_msg 1) res_ipv4=0, res_ipv6=0
09-15 21:14:12.376  5721  5721 I BlockedNumbersAuto: Updating state as already checked for auto-migrate.
09-15 21:14:12.378  5721  5721 I BlockedNumbersAuto: Attempting to auto-migrate.
09-15 21:14:12.385  3582  4733 I GnssLocationProvider: WakeLock acquired by sendMessage(5, 0, null)
09-15 21:14:12.385  3582  4733 I GnssLocationProvider: WakeLock acquired by sendMessage(6, 0, null)
09-15 21:14:12.386  3582  4681 D ConnectivityService: Sending CONNECTED broadcast for type 0 NetworkAgentInfo [MOBILE (HSPA+) - 100] isDefaultNetwork=true
09-15 21:14:12.387  3582  3682 I GnssLocationProvider: WakeLock acquired by handleInjectNtpTime()
09-15 21:14:12.387  3582  3682 I GnssLocationProvider: WakeLock released by handleMessage(5, 0, null)
09-15 21:14:12.404  3582  3682 I GnssLocationProvider: WakeLock acquired by handleDownloadXtraData()
09-15 21:14:12.404  3582  3682 I GnssLocationProvider: WakeLock released by handleMessage(6, 0, null)
09-15 21:14:12.409  3582  5719 I BootReceiver: Copied 0 worth of audits to DropBox
09-15 21:14:12.413  3582  5719 I BootReceiver: Checking for fsck errors
09-15 21:14:12.414  3582  5156 W System  : ClassLoader referenced unknown path: /system/framework/tcmclient.jar
09-15 21:14:12.422  3582  4681 W ConnectivityExtension: ConnectivityExt jar file not present
09-15 21:14:12.462  4926  4926 V OtaStartupReceiver: onOtaspChanged: mOtaspMode=3
09-15 21:14:12.473  5721  5753 W CountryDetector: No location permissions, not registering for location updates.
09-15 21:14:12.483  4926  4926 D CarrierConfigLoader: mHandler: 13 phoneId: 0
09-15 21:14:12.484  4926  4926 D CarrierConfigLoader: mHandler: 7 phoneId: 0
09-15 21:14:12.504  4926  4926 E CarrierConfigLoader: java.io.FileNotFoundException: /data/user_de/0/com.android.phone/files/carrierconfig-com.android.carrierconfig-89543420816751226808-72234.xml (No such file or directory)
09-15 21:14:12.504  4926  4926 D CarrierConfigLoader: Binding to com.android.carrierconfig for phone 0
09-15 21:14:12.517  5281  5281 D DefaultCarrierConfigService: Service created
09-15 21:14:12.539  3582  4942 I ActivityManager: Start proc 5755:com.cyanogenmod.settings.device/1000 for broadcast com.cyanogenmod.settings.device/.BootCompletedReceiver
09-15 21:14:12.550  4926  4926 D CarrierConfigLoader: Connected to config app: com.android.carrierconfig/com.android.carrierconfig.DefaultCarrierConfigService
09-15 21:14:12.550  4926  4926 D CarrierConfigLoader: mHandler: 3 phoneId: 0
09-15 21:14:12.551  5281  5293 D DefaultCarrierConfigService: Config being fetched
09-15 21:14:12.552  5281  5293 D DefaultCarrierConfigService: java.io.FileNotFoundException: carrier_config_72234.xml
09-15 21:14:12.555  5721  5721 I BlockedNumbersAuto: Auto-migrating: no blocked numbers.
09-15 21:14:12.561  4926  4926 D CarrierConfigLoader: mHandler: 5 phoneId: 0
09-15 21:14:12.625  5755  5755 W System  : ClassLoader referenced unknown path: /system/app/AdvancedDisplay/lib/arm64
09-15 21:14:12.636  3582  3582 I Telecom : PhoneAccountRegistrar: SimCallManager queried, returning: null: TSI.gSCMFU@ADU
09-15 21:14:12.663  4926  4926 I m.android.phone: type=1400 audit(0.0:284): avc: denied { lock } for path="/data/user_de/0/com.android.providers.telephony/databases/telephony.db" dev="sda24" ino=3121278 scontext=u:r:radio:s0 tcontext=u:object_r:system_data_file:s0 tclass=file permissive=1
09-15 21:14:12.663  4926  4926 W m.android.phone: type=1300 audit(0.0:284): arch=c00000b7 syscall=25 success=yes exit=0 a0=24 a1=6 a2=7fe688a538 a3=0 items=0 ppid=3180 auid=4294967295 uid=1001 gid=1001 euid=1001 suid=1001 fsuid=1001 egid=1001 sgid=1001 fsgid=1001 tty=(none) ses=4294967295 exe="/system/bin/app_process64" subj=u:r:radio:s0 key=(null)
09-15 21:14:12.663  3088  3088 W auditd  : type=1327 audit(0.0:284): proctitle="com.android.phone"
09-15 21:14:12.663  3088  3088 W auditd  : type=1320 audit(0.0:284): 
09-15 21:14:12.699  5755  5755 I settings.device: type=1400 audit(0.0:285): avc: denied { write } for name="scenario" dev="sysfs" ino=33552 scontext=u:r:system_app:s0 tcontext=u:object_r:sysfs:s0 tclass=file permissive=1
09-15 21:14:12.699  5755  5755 W settings.device: type=1300 audit(0.0:285): arch=c00000b7 syscall=48 success=yes exit=0 a0=ffffff9c a1=7f901cc300 a2=2 a3=0 items=0 ppid=3180 auid=4294967295 uid=1000 gid=1000 euid=1000 suid=1000 fsuid=1000 egid=1000 sgid=1000 fsgid=1000 tty=(none) ses=4294967295 exe="/system/bin/app_process64" subj=u:r:system_app:s0 key=(null)
09-15 21:14:12.699  3088  3088 W auditd  : type=1327 audit(0.0:285): proctitle="com.cyanogenmod.settings.device"
09-15 21:14:12.699  3088  3088 W auditd  : type=1320 audit(0.0:285): 
09-15 21:14:12.755  5648  5648 D AlertReceiver: onReceive: a=android.intent.action.BOOT_COMPLETED Intent { act=android.intent.action.BOOT_COMPLETED flg=0x9000010 cmp=com.android.calendar/.alerts.AlertReceiver (has extras) }
09-15 21:14:12.783  3582  3680 I ActivityManager: Start proc 5772:com.android.camera2/u0a43 for broadcast com.android.camera2/com.android.camera.DisableCameraReceiver
09-15 21:14:12.855  5772  5772 I android.camera2: type=1400 audit(0.0:286): avc: denied { write } for name="com.android.camera2" dev="sda24" ino=3121177 scontext=u:r:platform_app:s0:c512,c768 tcontext=u:object_r:system_data_file:s0 tclass=dir permissive=1
09-15 21:14:12.855  5772  5772 I android.camera2: type=1400 audit(0.0:286): avc: denied { add_name } for name="code_cache" scontext=u:r:platform_app:s0:c512,c768 tcontext=u:object_r:system_data_file:s0 tclass=dir permissive=1
09-15 21:14:12.855  5772  5772 I android.camera2: type=1400 audit(0.0:286): avc: denied { create } for name="code_cache" scontext=u:r:platform_app:s0:c512,c768 tcontext=u:object_r:system_data_file:s0:c512,c768 tclass=dir permissive=1
09-15 21:14:12.855  5772  5772 W android.camera2: type=1300 audit(0.0:286): arch=c00000b7 syscall=34 success=yes exit=0 a0=ffffff9c a1=7f8e821990 a2=1f9 a3=7f9a54f514 items=0 ppid=3180 auid=4294967295 uid=10043 gid=10043 euid=10043 suid=10043 fsuid=10043 egid=10043 sgid=10043 fsgid=10043 tty=(none) ses=4294967295 exe="/system/bin/app_process64" subj=u:r:platform_app:s0:c512,c768 key=(null)
09-15 21:14:12.855  3088  3088 W auditd  : type=1327 audit(0.0:286): proctitle="com.android.camera2"
09-15 21:14:12.855  3088  3088 W auditd  : type=1320 audit(0.0:286): 
09-15 21:14:12.859  5772  5772 I android.camera2: type=1400 audit(0.0:287): avc: denied { setattr } for name="code_cache" dev="sda24" ino=3121339 scontext=u:r:platform_app:s0:c512,c768 tcontext=u:object_r:system_data_file:s0:c512,c768 tclass=dir permissive=1
09-15 21:14:12.859  5772  5772 W android.camera2: type=1300 audit(0.0:287): arch=c00000b7 syscall=53 success=yes exit=0 a0=ffffff9c a1=7f8e821990 a2=1f9 a3=0 items=0 ppid=3180 auid=4294967295 uid=10043 gid=10043 euid=10043 suid=10043 fsuid=10043 egid=10043 sgid=10043 fsgid=10043 tty=(none) ses=4294967295 exe="/system/bin/app_process64" subj=u:r:platform_app:s0:c512,c768 key=(null)
09-15 21:14:12.900  5772  5772 I CAM_Profiler: [ 16.609ms][ui] GUARD: FirstRunDetector getTimeOfFirstRun - STOP
09-15 21:14:12.902  5772  5772 I CAM_Profiler: [ 23.757ms][ui] GUARD: CameraApp onCreate() - [23.757ms] initializeTimeOfFirstRun
09-15 21:14:12.913  5772  5772 I CAM_Profiler: [ 32.939ms][ui] GUARD: CameraApp onCreate() - STOP
09-15 21:14:12.935  5772  5772 I CAM_DisableCamRcver: number of camera: 0
09-15 21:14:12.935  5772  5772 I CAM_DisableCamRcver: disable all camera activities
09-15 21:14:12.947  5234  5234 I AlarmClock: AlarmInitReceiver android.intent.action.BOOT_COMPLETED
09-15 21:14:13.051  5619  5619 D BluetoothEmailBroadcastReceiver: Received android.intent.action.BOOT_COMPLETED
09-15 21:14:13.072  3582  4957 I ActivityManager: Start proc 5792:com.android.gallery3d/u0a23 for broadcast com.android.gallery3d/com.android.camera.DisableCameraReceiver
09-15 21:14:13.075  5619  5791 I Email   : Onetime initialization: 1
09-15 21:14:13.079  5619  5791 I Email   : Onetime initialization: 2
09-15 21:14:13.091  5619  5791 I Email   : Onetime initialization: completed.
09-15 21:14:13.136  5601  5601 I Exchange: EasService.onCreate
09-15 21:14:13.150  5601  5808 I Exchange: RestartPingTask
09-15 21:14:13.216  5601  5601 I Exchange: RestartPingsTask did not start any pings.
09-15 21:14:13.216  5601  5601 I Exchange: PSS stopIfIdle
09-15 21:14:13.216  5601  5601 I Exchange: PSS has no active accounts; stopping service.
09-15 21:14:13.239  5619  5619 E ActivityThread: Service com.android.email.service.EmailBroadcastProcessorService has leaked ServiceConnection com.android.emailcommon.service.ServiceProxy$ProxyConnection@9174ac9 that was originally bound here
09-15 21:14:13.239  5619  5619 E ActivityThread: android.app.ServiceConnectionLeaked: Service com.android.email.service.EmailBroadcastProcessorService has leaked ServiceConnection com.android.emailcommon.service.ServiceProxy$ProxyConnection@9174ac9 that was originally bound here
09-15 21:14:13.239  5619  5619 E ActivityThread: 	at android.app.LoadedApk$ServiceDispatcher.<init>(LoadedApk.java:1336)
09-15 21:14:13.239  5619  5619 E ActivityThread: 	at android.app.LoadedApk.getServiceDispatcher(LoadedApk.java:1231)
09-15 21:14:13.239  5619  5619 E ActivityThread: 	at android.app.ContextImpl.bindServiceCommon(ContextImpl.java:1450)
09-15 21:14:13.239  5619  5619 E ActivityThread: 	at android.app.ContextImpl.bindService(ContextImpl.java:1422)
09-15 21:14:13.239  5619  5619 E ActivityThread: 	at android.content.ContextWrapper.bindService(ContextWrapper.java:636)
09-15 21:14:13.239  5619  5619 E ActivityThread: 	at com.android.emailcommon.service.ServiceProxy.setTask(ServiceProxy.java:238)
09-15 21:14:13.239  5619  5619 E ActivityThread: 	at com.android.emailcommon.service.ServiceProxy.test(ServiceProxy.java:283)
09-15 21:14:13.239  5619  5619 E ActivityThread: 	at com.android.email.service.EmailServiceUtils.isServiceAvailable(EmailServiceUtils.java:160)
09-15 21:14:13.239  5619  5619 E ActivityThread: 	at com.android.email.provider.AccountReconciler.reconcileAccountsInternal(AccountReconciler.java:171)
09-15 21:14:13.239  5619  5619 E ActivityThread: 	at com.android.email.provider.AccountReconciler.reconcileAccounts(AccountReconciler.java:115)
09-15 21:14:13.239  5619  5619 E ActivityThread: 	at com.android.email.service.EmailBroadcastProcessorService.reconcileAndStartServices(EmailBroadcastProcessorService.java:309)
09-15 21:14:13.239  5619  5619 E ActivityThread: 	at com.android.email.service.EmailBroadcastProcessorService.onBootCompleted(EmailBroadcastProcessorService.java:295)
09-15 21:14:13.239  5619  5619 E ActivityThread: 	at com.android.email.service.EmailBroadcastProcessorService.onHandleIntent(EmailBroadcastProcessorService.java:130)
09-15 21:14:13.239  5619  5619 E ActivityThread: 	at android.app.IntentService$ServiceHandler.handleMessage(IntentService.java:68)
09-15 21:14:13.239  5619  5619 E ActivityThread: 	at android.os.Handler.dispatchMessage(Handler.java:102)
09-15 21:14:13.239  5619  5619 E ActivityThread: 	at android.os.Looper.loop(Looper.java:154)
09-15 21:14:13.239  5619  5619 E ActivityThread: 	at android.os.HandlerThread.run(HandlerThread.java:61)
09-15 21:14:13.242  5601  5601 I Exchange: onDestroy
09-15 21:14:13.249  5619  5641 E EmailServiceProxy: RuntimeException when trying to unbind from service
