09-25 20:54:36.420  6134  6143 I audio_hw_primary_abox: support reciever @audio_hw
09-25 20:54:36.420  6134  6143 D audio_hw_primary_abox: device-adev_set_parameters: exit
09-25 20:54:36.421  6134  6143 D audio_hw_primary_abox: device-adev_set_parameters: enter with key(support_input_device=-2145386044)
09-25 20:54:36.421  6134  6143 I audio_hw_primary_abox: support input @audio_hw -2145386044
09-25 20:54:36.421  6134  6143 I audio_hw_primary_abox: support backmic @audio_hw
09-25 20:54:36.421  6134  6143 I audio_hw_primary_abox: support thirdmic @audio_hw
09-25 20:54:36.421  6134  6143 D audio_hw_primary_abox: device-adev_set_parameters: exit
09-25 20:54:36.421  6134  6134 W VolumeCustomizer: createVolumeTable device=0
09-25 20:54:36.421  6134  6134 D AudioInfo: can not find AudioDataPath for fileName:/Volume.data
09-25 20:54:36.421  6134  6134 D VolumeCustomizer: volume tuning file does NOT exist!!! use default VolumeTable
09-25 20:54:36.421  6134  6134 W VolumeCustomizer: createVolumeTable device=1
09-25 20:54:36.421  6134  6134 D VolumeCustomizer: volume tuning file does NOT exist!!! use default VolumeTable
09-25 20:54:36.421  6134  6134 W VolumeCustomizer: createVolumeTable device=2
09-25 20:54:36.421  6134  6134 D VolumeCustomizer: volume tuning file does NOT exist!!! use default VolumeTable
09-25 20:54:36.421  6134  6134 W VolumeCustomizer: createVolumeTable device=3
09-25 20:54:36.421  6134  6134 D VolumeCustomizer: volume tuning file does NOT exist!!! use default VolumeTable
09-25 20:54:36.421  6134  6134 W VolumeCustomizer: createVolumeTable device=4
09-25 20:54:36.421  6134  6134 D VolumeCustomizer: volume tuning file does NOT exist!!! use default VolumeTable
09-25 20:54:36.421  6134  6134 W VolumeCustomizer: createVolumeTable device=5
09-25 20:54:36.421  6134  6134 D VolumeCustomizer: volume tuning file does NOT exist!!! use default VolumeTable
09-25 20:54:36.421  6134  6134 W VolumeCustomizer: createVolumeTable device=6
09-25 20:54:36.421  6134  6134 D VolumeCustomizer: volume tuning file does NOT exist!!! use default VolumeTable
09-25 20:54:36.421  6134  6143 D audio_hw_primary_abox: device-adev_set_parameters: enter with key(FixedRingVol=0.0354813375;FixedRingVolBt=0.0999999940)
09-25 20:54:36.421  6134  6143 D audio_hw_primary_abox: device-adev_set_parameters: exit
09-25 20:54:36.421  6134  6134 I APM_AudioPolicyManager: ENFORCED_AUDIBLE cannot be muted
09-25 20:54:36.422  6134  6143 D audio_hw_primary_abox: device-adev_set_parameters: enter with key(mCameraForced)
09-25 20:54:36.422  6134  6143 D audio_hw_primary_abox: device-adev_set_parameters: exit
09-25 20:54:36.422  6134  6134 I APM_AudioPolicyManager: Set the flinger 'ro.camera.sound.forced
09-25 20:54:36.422  6134  6134 I RadioService: RadioService
09-25 20:54:36.422  6134  6134 I RadioService: onFirstRef
09-25 20:54:36.422  6134  6134 E RadioService: couldn't load radio module radio.primary (No such file or directory)
09-25 20:54:36.423  6134  6134 E SoundTriggerHwService: couldn't load sound trigger module sound_trigger.primary (No such file or directory)
09-25 20:54:36.425  6134  6134 D PermissionCache: checking android.permission.MODIFY_AUDIO_SETTINGS for uid=1000 => granted (452 us)
09-25 20:54:36.425  6134  6134 D audio_hw_primary_abox: device-adev_set_parameters: enter with key(restarting=true)
09-25 20:54:36.425  6134  6134 D audio_hw_primary_abox: device-adev_set_parameters: exit
09-25 20:54:36.426  5494  6046 I MediaScanner: forcing rescan of /system/media/audio/notifications/Castor.ogg since build fingerprint changed
09-25 20:54:36.439  5494  6046 I MediaScanner: forcing rescan of /system/media/audio/notifications/Ceres.ogg since build fingerprint changed
09-25 20:54:36.453  5494  6046 I MediaScanner: forcing rescan of /system/media/audio/notifications/CetiAlpha.ogg since build fingerprint changed
09-25 20:54:36.466  5494  6046 I MediaScanner: forcing rescan of /system/media/audio/notifications/Cobalt.ogg since build fingerprint changed
09-25 20:54:36.478  5494  6046 I MediaScanner: forcing rescan of /system/media/audio/notifications/Cricket.ogg since build fingerprint changed
09-25 20:54:36.488  5494  6046 I MediaScanner: forcing rescan of /system/media/audio/notifications/CyanDoink.ogg since build fingerprint changed
09-25 20:54:36.505  5494  6046 I MediaScanner: forcing rescan of /system/media/audio/notifications/CyanMail.ogg since build fingerprint changed
09-25 20:54:36.565  5494  6046 I MediaScanner: forcing rescan of /system/media/audio/notifications/CyanMessage.ogg since build fingerprint changed
09-25 20:54:36.601  5494  6046 I MediaScanner: forcing rescan of /system/media/audio/notifications/DearDeer.ogg since build fingerprint changed
09-25 20:54:36.626  5494  6046 I MediaScanner: forcing rescan of /system/media/audio/notifications/Deneb.ogg since build fingerprint changed
09-25 20:54:36.650  5494  6046 I MediaScanner: forcing rescan of /system/media/audio/notifications/Doink.ogg since build fingerprint changed
09-25 20:54:36.672  5494  6046 I MediaScanner: forcing rescan of /system/media/audio/notifications/DontPanic.ogg since build fingerprint changed
09-25 20:54:36.672  6134  6156 D audio_hw_primary_abox: device-adev_set_mode: enter with mode = 0, previous mode = 0
09-25 20:54:36.672  6134  6156 D audio_hw_primary_abox: device-adev_set_mode: exit
09-25 20:54:36.672  6134  6156 I APM_AudioPolicyManager: setPhoneState() state 0
09-25 20:54:36.672  6134  6156 W APM::AudioPolicyEngine: setPhoneState() setting same state 0
09-25 20:54:36.672  6134  6156 W APM_AudioPolicyManager: setPhoneState() invalid or same state 0
09-25 20:54:36.672  6134  6155 I APM_AudioPolicyManager: setForceUse() usage 0, config 0, mPhoneState 0
09-25 20:54:36.673  6134  6155 W APM_AudioPolicyManager: setForceUse() usage 0, config 0 is Already setted
09-25 20:54:36.673  6134  6154 I APM_AudioPolicyManager: setForceUse() usage 2, config 0, mPhoneState 0
09-25 20:54:36.673  6134  6154 W APM_AudioPolicyManager: setForceUse() usage 2, config 0 is Already setted
09-25 20:54:36.674  6134  6155 I APM_AudioPolicyManager: setForceUse() usage 4, config 0, mPhoneState 0
09-25 20:54:36.674  6134  6155 W APM_AudioPolicyManager: setForceUse() usage 4, config 0 is Already setted
09-25 20:54:36.676  3653  3653 E AudioManager: updatePortConfig port not found for handle: 0
09-25 20:54:36.676  3653  3653 E AudioManager: updatePortConfig port not found for handle: 0
09-25 20:54:36.676  3653  3653 E AudioManager: updatePortConfig port not found for handle: -8355631
09-25 20:54:36.676  3653  3653 E AudioManager: updatePortConfig port not found for handle: 0
09-25 20:54:36.677  3653  3653 E AudioManager: updatePortConfig port not found for handle: 20480
09-25 20:54:36.677  3653  3653 E AudioManager: updatePortConfig port not found for handle: -149165136
09-25 20:54:36.677  3653  3653 E AudioManager: updatePortConfig port not found for handle: 778530668
09-25 20:54:36.677  3653  3653 E AudioManager: updatePortConfig port not found for handle: -145491374
09-25 20:54:36.677  3653  3653 E AudioManager: updatePortConfig port not found for handle: 874538356
09-25 20:54:36.677  3653  3653 E AudioManager: updatePortConfig port not found for handle: -825384892
09-25 20:54:36.677  3653  3653 E AudioManager: updatePortConfig port not found for handle: -8355113
09-25 20:54:36.677  3653  3653 E AudioManager: updatePortConfig port not found for handle: -825384892
09-25 20:54:36.677  3653  3653 E AudioManager: updatePortConfig port not found for handle: 0
09-25 20:54:36.677  3653  3653 E AudioManager: updatePortConfig port not found for handle: 0
09-25 20:54:36.677  3653  3653 E AudioManager: updatePortConfig port not found for handle: 0
09-25 20:54:36.679  6134  6155 I APM_AudioPolicyManager: setForceUse() usage 1, config 10, mPhoneState 0
09-25 20:54:36.680  6134  6156 I APM_AudioPolicyManager: setForceUse() usage 3, config 8, mPhoneState 0
09-25 20:54:36.680  6134  6134 I AudioFlinger: systemReady
09-25 20:54:36.681  6134  6154 D audio_hw_primary_abox: device-adev_set_parameters: enter with key(restarting=false)
09-25 20:54:36.681  6134  6154 D audio_hw_primary_abox: device-adev_set_parameters: exit
09-25 20:54:36.682  6134  6155 I APM_AudioPolicyManager: setForceUse() usage 6, config 0, mPhoneState 0
09-25 20:54:36.682  6134  6155 W APM_AudioPolicyManager: setForceUse() usage 6, config 0 is Already setted
09-25 20:54:36.702  5373  5373 I AlarmClock: Detected change to system default alarm ringtone; clearing caches
09-25 20:54:36.710  5522  5522 E AudioManager: updatePortConfig port not found for handle: 0
09-25 20:54:36.710  5522  5522 E AudioManager: updatePortConfig port not found for handle: 0
09-25 20:54:36.710  5522  5522 E AudioManager: updatePortConfig port not found for handle: -8355631
09-25 20:54:36.710  5522  5522 E AudioManager: updatePortConfig port not found for handle: 0
09-25 20:54:36.710  5522  5522 E AudioManager: updatePortConfig port not found for handle: 20480
09-25 20:54:36.710  5522  5522 E AudioManager: updatePortConfig port not found for handle: -149165136
09-25 20:54:36.710  5522  5522 E AudioManager: updatePortConfig port not found for handle: 778530668
09-25 20:54:36.711  5522  5522 E AudioManager: updatePortConfig port not found for handle: -145491374
09-25 20:54:36.711  5522  5522 E AudioManager: updatePortConfig port not found for handle: 874538356
09-25 20:54:36.711  5522  5522 E AudioManager: updatePortConfig port not found for handle: -825384892
09-25 20:54:36.711  5522  5522 E AudioManager: updatePortConfig port not found for handle: -8355113
09-25 20:54:36.711  5522  5522 E AudioManager: updatePortConfig port not found for handle: -825384892
09-25 20:54:36.711  5522  5522 E AudioManager: updatePortConfig port not found for handle: -431141555
09-25 20:54:36.711  5522  5522 E AudioManager: updatePortConfig port not found for handle: -431141555
09-25 20:54:36.711  5522  5522 E AudioManager: updatePortConfig port not found for handle: -431141555
09-25 20:54:36.720  5494  6046 I MediaScanner: forcing rescan of /system/media/audio/notifications/Drip.ogg since build fingerprint changed
09-25 20:54:36.739  5494  6046 I MediaScanner: forcing rescan of /system/media/audio/notifications/Elara.ogg since build fingerprint changed
09-25 20:54:36.763  5494  6046 I MediaScanner: forcing rescan of /system/media/audio/notifications/Electra.ogg since build fingerprint changed
09-25 20:54:36.774  5494  6046 I MediaScanner: forcing rescan of /system/media/audio/notifications/Europa.ogg since build fingerprint changed
09-25 20:54:36.786  5494  6046 I MediaScanner: forcing rescan of /system/media/audio/notifications/F1_New_SMS.ogg since build fingerprint changed
09-25 20:54:36.797  5494  6046 I MediaScanner: forcing rescan of /system/media/audio/notifications/Fluorine.ogg since build fingerprint changed
09-25 20:54:36.802  5494  5500 I art     : Compiler allocated 4MB to compile android.database.Cursor com.android.providers.media.MediaProvider.query(android.net.Uri, java.lang.String[], java.lang.String, java.lang.String[], java.lang.String)
09-25 20:54:36.810  5494  6046 I MediaScanner: forcing rescan of /system/media/audio/notifications/Fomalhaut.ogg since build fingerprint changed
09-25 20:54:36.822  5494  6046 I MediaScanner: forcing rescan of /system/media/audio/notifications/Gallium.ogg since build fingerprint changed
09-25 20:54:36.835  5494  6046 I MediaScanner: forcing rescan of /system/media/audio/notifications/Heaven.ogg since build fingerprint changed
09-25 20:54:36.848  5494  6046 I MediaScanner: forcing rescan of /system/media/audio/notifications/Helium.ogg since build fingerprint changed
09-25 20:54:36.857  5494  6046 I MediaScanner: forcing rescan of /system/media/audio/notifications/Highwire.ogg since build fingerprint changed
09-25 20:54:36.870  5494  6046 I MediaScanner: forcing rescan of /system/media/audio/notifications/Hojus.ogg since build fingerprint changed
09-25 20:54:36.882  5494  6046 I MediaScanner: forcing rescan of /system/media/audio/notifications/Iapetus.ogg since build fingerprint changed
09-25 20:54:36.899  5494  6046 I MediaScanner: forcing rescan of /system/media/audio/notifications/Io.ogg since build fingerprint changed
09-25 20:54:36.915  5494  6046 I MediaScanner: forcing rescan of /system/media/audio/notifications/Iridium.ogg since build fingerprint changed
09-25 20:54:36.934  5494  6046 I MediaScanner: forcing rescan of /system/media/audio/notifications/Krypton.ogg since build fingerprint changed
09-25 20:54:36.947  5494  6046 I MediaScanner: forcing rescan of /system/media/audio/notifications/KzurbSonar.ogg since build fingerprint changed
09-25 20:54:36.959  5494  6046 I MediaScanner: forcing rescan of /system/media/audio/notifications/Laser.ogg since build fingerprint changed
09-25 20:54:36.971  5494  6046 I MediaScanner: forcing rescan of /system/media/audio/notifications/Merope.ogg since build fingerprint changed
09-25 20:54:36.986  5494  6046 I MediaScanner: forcing rescan of /system/media/audio/notifications/Mira.ogg since build fingerprint changed
09-25 20:54:36.996  5494  6046 I MediaScanner: forcing rescan of /system/media/audio/notifications/Naughty.ogg since build fingerprint changed
09-25 20:54:37.008  5494  6046 I MediaScanner: forcing rescan of /system/media/audio/notifications/OnTheHunt.ogg since build fingerprint changed
09-25 20:54:37.018  5494  6046 I MediaScanner: forcing rescan of /system/media/audio/notifications/Palladium.ogg since build fingerprint changed
09-25 20:54:37.030  5494  6046 I MediaScanner: forcing rescan of /system/media/audio/notifications/Plastic_Pipe.ogg since build fingerprint changed
09-25 20:54:37.044  5494  6046 I MediaScanner: forcing rescan of /system/media/audio/notifications/Polaris.ogg since build fingerprint changed
09-25 20:54:37.060  5494  6046 I MediaScanner: forcing rescan of /system/media/audio/notifications/Pollux.ogg since build fingerprint changed
09-25 20:54:37.076  5494  6046 I MediaScanner: forcing rescan of /system/media/audio/notifications/Pong.ogg since build fingerprint changed
09-25 20:54:37.094  5494  6046 I MediaScanner: forcing rescan of /system/media/audio/notifications/Procyon.ogg since build fingerprint changed
09-25 20:54:37.110  5494  6046 I MediaScanner: forcing rescan of /system/media/audio/notifications/Proxima.ogg since build fingerprint changed
09-25 20:54:37.126  5494  6046 I MediaScanner: forcing rescan of /system/media/audio/notifications/Radon.ogg since build fingerprint changed
09-25 20:54:37.142  3653  5596 D AlarmManagerService: Kernel timezone updated to 180 minutes west of GMT
09-25 20:54:37.159  5494  6046 I MediaScanner: forcing rescan of /system/media/audio/notifications/Rang.ogg since build fingerprint changed
09-25 20:54:37.165  3653  3715 I ActivityManager: Start proc 6164:com.android.cellbroadcastreceiver/u0a8 for broadcast com.android.cellbroadcastreceiver/.CellBroadcastReceiver
09-25 20:54:37.213  6164  6164 W System  : ClassLoader referenced unknown path: /system/priv-app/CellBroadcastReceiver/lib/arm64
09-25 20:54:37.235  5494  6046 I MediaScanner: forcing rescan of /system/media/audio/notifications/Rhea.ogg since build fingerprint changed
09-25 20:54:37.242  6164  6164 D CellBroadcastReceiver: onReceive Intent { act=android.intent.action.SERVICE_STATE flg=0x10 cmp=com.android.cellbroadcastreceiver/.CellBroadcastReceiver (has extras) }
09-25 20:54:37.243  6164  6164 D CellBroadcastReceiver: Intent: android.intent.action.SERVICE_STATE
09-25 20:54:37.244  6164  6164 D CellBroadcastReceiver: Service state changed! 0 Full: 0 0 voice home data home PERSONAL AR TP 72234 PERSONAL AR TP 72234  UMTS HSPAP CSS not supported -1 -1 RoamInd=-1 DefRoamInd=-1 EmergOnly=false IsDataRoamingFromRegistration=false IsUsingCarrierAggregation=false Current state=-1
09-25 20:54:37.245  6164  6164 D CellBroadcastReceiver: Start Cell Broadcast configuration.
09-25 20:54:37.252  6164  6181 D CellBroadcastConfigService: Enable CellBroadcast on sub 1
09-25 20:54:37.259  5494  6046 I MediaScanner: forcing rescan of /system/media/audio/notifications/Rubidium.ogg since build fingerprint changed
09-25 20:54:37.279  4959  5401 D IccSmsInterfaceManager: [IccSmsInterfaceManager] Calling setCdmaBroadcastConfig with 1 configurations
09-25 20:54:37.280  5494  6046 I MediaScanner: forcing rescan of /system/media/audio/notifications/Salacia.ogg since build fingerprint changed
09-25 20:54:37.282  4959  5401 D IccSmsInterfaceManager: [IccSmsInterfaceManager] Failed to add cdma broadcast subscription for MID range 4096 to 4096 from client com.android.cellbroadcastreceiver
09-25 20:54:37.288  4959  5340 D IccSmsInterfaceManager: [IccSmsInterfaceManager] Calling setCdmaBroadcastConfig with 1 configurations
09-25 20:54:37.291  4959  5340 D IccSmsInterfaceManager: [IccSmsInterfaceManager] Failed to add cdma broadcast subscription for MID range 4097 to 4097 from client com.android.cellbroadcastreceiver
09-25 20:54:37.297  4959  4979 D IccSmsInterfaceManager: [IccSmsInterfaceManager] Calling setCdmaBroadcastConfig with 1 configurations
09-25 20:54:37.300  4959  4979 D IccSmsInterfaceManager: [IccSmsInterfaceManager] Failed to add cdma broadcast subscription for MID range 4098 to 4098 from client com.android.cellbroadcastreceiver
09-25 20:54:37.306  4959  4976 D IccSmsInterfaceManager: [IccSmsInterfaceManager] Calling setCdmaBroadcastConfig with 1 configurations
09-25 20:54:37.308  4959  4976 D IccSmsInterfaceManager: [IccSmsInterfaceManager] Failed to add cdma broadcast subscription for MID range 4099 to 4099 from client com.android.cellbroadcastreceiver
09-25 20:54:37.312  5494  6046 I MediaScanner: forcing rescan of /system/media/audio/notifications/Selenium.ogg since build fingerprint changed
09-25 20:54:37.315  4959  5334 D IccSmsInterfaceManager: [IccSmsInterfaceManager] Failed to remove cdma broadcast subscription for MID range 4100 to 4100 from client com.android.cellbroadcastreceiver
09-25 20:54:37.321  4959  5412 D IccSmsInterfaceManager: [IccSmsInterfaceManager] Calling setGsmBroadcastConfig with 1 configurations
09-25 20:54:37.328  4959  5412 D IccSmsInterfaceManager: [IccSmsInterfaceManager] Added GSM cell broadcast subscription for MID range 4352 to 4354 from client com.android.cellbroadcastreceiver
09-25 20:54:37.328  4959  5412 D IccSmsInterfaceManager: [IccSmsInterfaceManager] Calling setCellBroadcastActivation(true)
09-25 20:54:37.332  5494  6046 I MediaScanner: forcing rescan of /system/media/audio/notifications/Shaula.ogg since build fingerprint changed
09-25 20:54:37.337  4959  5335 D IccSmsInterfaceManager: [IccSmsInterfaceManager] Calling setGsmBroadcastConfig with 2 configurations
09-25 20:54:37.345  4959  5335 D IccSmsInterfaceManager: [IccSmsInterfaceManager] Added GSM cell broadcast subscription for MID range 4356 to 4356 from client com.android.cellbroadcastreceiver
09-25 20:54:37.345  4959  5335 D IccSmsInterfaceManager: [IccSmsInterfaceManager] Calling setCellBroadcastActivation(true)
09-25 20:54:37.354  4959  5401 D IccSmsInterfaceManager: [IccSmsInterfaceManager] Failed to remove GSM cell broadcast subscription for MID range 4355 to 4355 from client com.android.cellbroadcastreceiver
09-25 20:54:37.359  5494  6046 I MediaScanner: forcing rescan of /system/media/audio/notifications/Sirrah.ogg since build fingerprint changed
09-25 20:54:37.360  4959  5340 D IccSmsInterfaceManager: [IccSmsInterfaceManager] Calling setGsmBroadcastConfig with 3 configurations
09-25 20:54:37.369  4959  5340 D IccSmsInterfaceManager: [IccSmsInterfaceManager] Added GSM cell broadcast subscription for MID range 4370 to 4370 from client com.android.cellbroadcastreceiver
09-25 20:54:37.369  4959  5340 D IccSmsInterfaceManager: [IccSmsInterfaceManager] Calling setCellBroadcastActivation(true)
09-25 20:54:37.378  4959  4979 D IccSmsInterfaceManager: [IccSmsInterfaceManager] Calling setGsmBroadcastConfig with 4 configurations
09-25 20:54:37.382  5494  6046 I MediaScanner: forcing rescan of /system/media/audio/notifications/Spica.ogg since build fingerprint changed
09-25 20:54:37.385  4959  4979 D IccSmsInterfaceManager: [IccSmsInterfaceManager] Added GSM cell broadcast subscription for MID range 4371 to 4372 from client com.android.cellbroadcastreceiver
09-25 20:54:37.386  4959  4979 D IccSmsInterfaceManager: [IccSmsInterfaceManager] Calling setCellBroadcastActivation(true)
09-25 20:54:37.394  4959  4976 D IccSmsInterfaceManager: [IccSmsInterfaceManager] Calling setGsmBroadcastConfig with 4 configurations
09-25 20:54:37.401  5494  6046 I MediaScanner: forcing rescan of /system/media/audio/notifications/Stone.ogg since build fingerprint changed
09-25 20:54:37.402  4959  4976 D IccSmsInterfaceManager: [IccSmsInterfaceManager] Added GSM cell broadcast subscription for MID range 4373 to 4378 from client com.android.cellbroadcastreceiver
09-25 20:54:37.403  4959  4976 D IccSmsInterfaceManager: [IccSmsInterfaceManager] Calling setCellBroadcastActivation(true)
09-25 20:54:37.412  4959  5334 D IccSmsInterfaceManager: [IccSmsInterfaceManager] Calling setGsmBroadcastConfig with 4 configurations
09-25 20:54:37.423  4959  5334 D IccSmsInterfaceManager: [IccSmsInterfaceManager] Added GSM cell broadcast subscription for MID range 4379 to 4379 from client com.android.cellbroadcastreceiver
09-25 20:54:37.423  4959  5334 D IccSmsInterfaceManager: [IccSmsInterfaceManager] Calling setCellBroadcastActivation(true)
09-25 20:54:37.432  4959  5412 D IccSmsInterfaceManager: [IccSmsInterfaceManager] Failed to remove GSM cell broadcast subscription for MID range 4380 to 4382 from client com.android.cellbroadcastreceiver
09-25 20:54:37.435  5494  6046 I MediaScanner: forcing rescan of /system/media/audio/notifications/Strontium.ogg since build fingerprint changed
09-25 20:54:37.440  4959  5335 D IccSmsInterfaceManager: [IccSmsInterfaceManager] Calling setGsmBroadcastConfig with 4 configurations
09-25 20:54:37.449  4959  5335 D IccSmsInterfaceManager: [IccSmsInterfaceManager] Added GSM cell broadcast subscription for MID range 4383 to 4383 from client com.android.cellbroadcastreceiver
09-25 20:54:37.449  4959  5335 D IccSmsInterfaceManager: [IccSmsInterfaceManager] Calling setCellBroadcastActivation(true)
09-25 20:54:37.460  4959  5401 D IccSmsInterfaceManager: [IccSmsInterfaceManager] Calling setGsmBroadcastConfig with 5 configurations
09-25 20:54:37.465  5494  6046 I MediaScanner: forcing rescan of /system/media/audio/notifications/Syrma.ogg since build fingerprint changed
09-25 20:54:37.472  4959  5401 D IccSmsInterfaceManager: [IccSmsInterfaceManager] Added GSM cell broadcast subscription for MID range 4384 to 4385 from client com.android.cellbroadcastreceiver
09-25 20:54:37.473  4959  5401 D IccSmsInterfaceManager: [IccSmsInterfaceManager] Calling setCellBroadcastActivation(true)
09-25 20:54:37.483  4959  5340 D IccSmsInterfaceManager: [IccSmsInterfaceManager] Calling setGsmBroadcastConfig with 5 configurations
09-25 20:54:37.487  5494  6046 I MediaScanner: forcing rescan of /system/media/audio/notifications/TaDa.ogg since build fingerprint changed
09-25 20:54:37.493  4959  5340 D IccSmsInterfaceManager: [IccSmsInterfaceManager] Added GSM cell broadcast subscription for MID range 4386 to 4391 from client com.android.cellbroadcastreceiver
09-25 20:54:37.493  4959  5340 D IccSmsInterfaceManager: [IccSmsInterfaceManager] Calling setCellBroadcastActivation(true)
09-25 20:54:37.502  4959  4979 D IccSmsInterfaceManager: [IccSmsInterfaceManager] Calling setGsmBroadcastConfig with 5 configurations
09-25 20:54:37.513  4959  4979 D IccSmsInterfaceManager: [IccSmsInterfaceManager] Added GSM cell broadcast subscription for MID range 4392 to 4392 from client com.android.cellbroadcastreceiver
09-25 20:54:37.513  4959  4979 D IccSmsInterfaceManager: [IccSmsInterfaceManager] Calling setCellBroadcastActivation(true)
09-25 20:54:37.517  5494  6046 I MediaScanner: forcing rescan of /system/media/audio/notifications/Talitha.ogg since build fingerprint changed
09-25 20:54:37.523  4959  4976 D IccSmsInterfaceManager: [IccSmsInterfaceManager] Failed to remove GSM cell broadcast subscription for MID range 4393 to 4395 from client com.android.cellbroadcastreceiver
09-25 20:54:37.531  4959  5334 D IccSmsInterfaceManager: [IccSmsInterfaceManager] Calling setGsmBroadcastConfig with 5 configurations
09-25 20:54:37.542  4959  5334 D IccSmsInterfaceManager: [IccSmsInterfaceManager] Added GSM cell broadcast subscription for MID range 50 to 50 from client com.android.cellbroadcastreceiver
09-25 20:54:37.543  4959  5334 D IccSmsInterfaceManager: [IccSmsInterfaceManager] Calling setCellBroadcastActivation(true)
09-25 20:54:37.544  5494  6046 I MediaScanner: forcing rescan of /system/media/audio/notifications/Tethys.ogg since build fingerprint changed
09-25 20:54:37.553  4959  5412 D IccSmsInterfaceManager: [IccSmsInterfaceManager] Calling setGsmBroadcastConfig with 6 configurations
09-25 20:54:37.565  4959  5412 D IccSmsInterfaceManager: [IccSmsInterfaceManager] Added GSM cell broadcast subscription for MID range 60 to 60 from client com.android.cellbroadcastreceiver
09-25 20:54:37.565  4959  5412 D IccSmsInterfaceManager: [IccSmsInterfaceManager] Calling setCellBroadcastActivation(true)
09-25 20:54:37.572  6164  6181 D CellBroadcastOtherChannelsManager: No additional channels configured. subId = 1
09-25 20:54:37.578  3653  5596 I ActivityManager: Killing 5010:com.android.settings/1000 (adj 906): empty #17
09-25 20:54:37.602  5494  6046 I MediaScanner: forcing rescan of /system/media/audio/notifications/Thallium.ogg since build fingerprint changed
09-25 20:54:37.614  5494  6046 I MediaScanner: forcing rescan of /system/media/audio/notifications/Titan.ogg since build fingerprint changed
09-25 20:54:37.626  5494  6046 I MediaScanner: forcing rescan of /system/media/audio/notifications/Upsilon.ogg since build fingerprint changed
09-25 20:54:37.638  5494  6046 I MediaScanner: forcing rescan of /system/media/audio/notifications/Vega.ogg since build fingerprint changed
09-25 20:54:37.650  5494  6046 I MediaScanner: forcing rescan of /system/media/audio/notifications/Voila.ogg since build fingerprint changed
09-25 20:54:37.655  3653  5002 D GraphicsStats: Buffer count: 2
09-25 20:54:37.655  3653  4835 D ActivityManager: cleanUpApplicationRecord -- 5010
09-25 20:54:37.662  5494  6046 I MediaScanner: forcing rescan of /system/media/audio/notifications/Xenon.ogg since build fingerprint changed
09-25 20:54:37.676  5494  6046 I MediaScanner: forcing rescan of /system/media/audio/notifications/Zirconium.ogg since build fingerprint changed
09-25 20:54:37.687  5494  6046 I MediaScanner: forcing rescan of /system/media/audio/notifications/moonbeam.ogg since build fingerprint changed
09-25 20:54:37.700  5494  6046 I MediaScanner: forcing rescan of /system/media/audio/notifications/pixiedust.ogg since build fingerprint changed
09-25 20:54:37.713  5494  6046 I MediaScanner: forcing rescan of /system/media/audio/notifications/pizzicato.ogg since build fingerprint changed
09-25 20:54:37.725  5494  6046 I MediaScanner: forcing rescan of /system/media/audio/notifications/regulus.ogg since build fingerprint changed
09-25 20:54:37.739  5494  6046 I MediaScanner: forcing rescan of /system/media/audio/notifications/sirius.ogg since build fingerprint changed
09-25 20:54:37.754  5494  6046 I MediaScanner: forcing rescan of /system/media/audio/notifications/tweeters.ogg since build fingerprint changed
09-25 20:54:37.768  5494  6046 I MediaScanner: forcing rescan of /system/media/audio/ringtones/Andromeda.ogg since build fingerprint changed
09-25 20:54:37.789  5494  6046 I MediaScanner: forcing rescan of /system/media/audio/ringtones/Aquila.ogg since build fingerprint changed
09-25 20:54:37.811  5494  6046 I MediaScanner: forcing rescan of /system/media/audio/ringtones/ArgoNavis.ogg since build fingerprint changed
09-25 20:54:37.899  5290  5290 I pool-1-thread-1: type=1400 audit(0.0:298): avc: denied { create } for name="preferred-apn.xml" scontext=u:r:radio:s0 tcontext=u:object_r:system_data_file:s0 tclass=file permissive=1
09-25 20:54:37.899  5290  5290 I pool-1-thread-1: type=1400 audit(0.0:298): avc: denied { write } for path="/data/user_de/0/com.android.providers.telephony/shared_prefs/preferred-apn.xml" dev="sda24" ino=3121344 scontext=u:r:radio:s0 tcontext=u:object_r:system_data_file:s0 tclass=file permissive=1
09-25 20:54:37.899  5290  5290 W pool-1-thread-1: type=1300 audit(0.0:298): arch=c00000b7 syscall=56 success=yes exit=89 a0=ffffff9c a1=7f6b625330 a2=241 a3=1b6 items=0 ppid=3180 auid=4294967295 uid=1001 gid=1001 euid=1001 suid=1001 fsuid=1001 egid=1001 sgid=1001 fsgid=1001 tty=(none) ses=4294967295 exe="/system/bin/app_process64" subj=u:r:radio:s0 key=(null)
09-25 20:54:37.899  3085  3085 W auditd  : type=1327 audit(0.0:298): proctitle="com.android.phone"
09-25 20:54:37.899  3085  3085 W auditd  : type=1320 audit(0.0:298): 
09-25 20:54:37.900  5494  6046 I MediaScanner: forcing rescan of /system/media/audio/ringtones/BOOTES.ogg since build fingerprint changed
09-25 20:54:37.903  4959  4959 D TelephonyProvider: subIdString = 1 subId = 1
09-25 20:54:37.904  4959  4959 D TelephonyProvider: deletePreferredApn: for subId 1
09-25 20:54:37.907  4959  4959 D TelephonyProvider: subIdString = 1 subId = 1
09-25 20:54:37.911  5290  5290 I pool-1-thread-1: type=1400 audit(0.0:299): avc: denied { setattr } for name="preferred-apn.xml" dev="sda24" ino=3121344 scontext=u:r:radio:s0 tcontext=u:object_r:system_data_file:s0 tclass=file permissive=1
09-25 20:54:37.911  5290  5290 W pool-1-thread-1: type=1300 audit(0.0:299): arch=c00000b7 syscall=53 success=yes exit=0 a0=ffffff9c a1=7f6b625330 a2=1b0 a3=0 items=0 ppid=3180 auid=4294967295 uid=1001 gid=1001 euid=1001 suid=1001 fsuid=1001 egid=1001 sgid=1001 fsgid=1001 tty=(none) ses=4294967295 exe="/system/bin/app_process64" subj=u:r:radio:s0 key=(null)
09-25 20:54:37.911  3085  3085 W auditd  : type=1327 audit(0.0:299): proctitle="com.android.phone"
09-25 20:54:37.911  3085  3085 W auditd  : type=1320 audit(0.0:299): 
09-25 20:54:37.915  5290  5290 I pool-1-thread-1: type=1400 audit(0.0:300): avc: denied { remove_name } for name="preferred-apn.xml" dev="sda24" ino=3121344 scontext=u:r:radio:s0 tcontext=u:object_r:system_data_file:s0 tclass=dir permissive=1
09-25 20:54:37.915  5290  5290 I pool-1-thread-1: type=1400 audit(0.0:300): avc: denied { rename } for name="preferred-apn.xml" dev="sda24" ino=3121344 scontext=u:r:radio:s0 tcontext=u:object_r:system_data_file:s0 tclass=file permissive=1
09-25 20:54:37.915  5290  5290 W pool-1-thread-1: type=1300 audit(0.0:300): arch=c00000b7 syscall=38 success=yes exit=0 a0=ffffff9c a1=7f6b625330 a2=ffffff9c a3=7f6b65d760 items=0 ppid=3180 auid=4294967295 uid=1001 gid=1001 euid=1001 suid=1001 fsuid=1001 egid=1001 sgid=1001 fsgid=1001 tty=(none) ses=4294967295 exe="/system/bin/app_process64" subj=u:r:radio:s0 key=(null)
09-25 20:54:37.915  3085  3085 W auditd  : type=1327 audit(0.0:300): proctitle="com.android.phone"
09-25 20:54:37.915  3085  3085 W auditd  : type=1320 audit(0.0:300): 
09-25 20:54:37.926  3653  4835 D ConnectivityService: registerNetworkAgent NetworkAgentInfo{ ni{[type: MOBILE[HSPA+], state: CONNECTED/CONNECTED, reason: connected, extra: gprs.personal.com, failover: false, available: true, roaming: false, metered: true]}  network{100}  nethandle{429513165534}  lp{{InterfaceName: rmnet1 LinkAddresses: [186.126.202.135/32,]  Routes: [0.0.0.0/0 -> 186.126.202.1 rmnet1,] DnsAddresses: [181.88.86.164,181.88.86.156,] Domains: null MTU: 1500 TcpBufferSizes: 40778,244668,734003,16777,100663,301990}}  nc{[ Transports: CELLULAR Capabilities: SUPL&INTERNET&NOT_RESTRICTED&TRUSTED&NOT_VPN LinkUpBandwidth>=5898Kbps LinkDnBandwidth>=14336Kbps Specifier: <1>]}  Score{10}  everValidated{false}  lastValidated{false}  created{false} lingering{false} explicitlySelected{false} acceptUnvalidated{false} everCaptivePortalDetected{false} lastCaptivePortalDetected{false} }
09-25 20:54:37.926  3653  4712 D ConnectivityService: NetworkAgentInfo [MOBILE (HSPA+) - 100] EVENT_NETWORK_INFO_CHANGED, going from null to CONNECTED
09-25 20:54:37.927  5290  5290 I pool-1-thread-1: type=1400 audit(0.0:301): avc: denied { unlink } for name="preferred-apn.xml.bak" dev="sda24" ino=3121344 scontext=u:r:radio:s0 tcontext=u:object_r:system_data_file:s0 tclass=file permissive=1
09-25 20:54:37.927  5290  5290 W pool-1-thread-1: type=1300 audit(0.0:301): arch=c00000b7 syscall=35 success=yes exit=0 a0=ffffff9c a1=7f6b65d760 a2=0 a3=100 items=0 ppid=3180 auid=4294967295 uid=1001 gid=1001 euid=1001 suid=1001 fsuid=1001 egid=1001 sgid=1001 fsgid=1001 tty=(none) ses=4294967295 exe="/system/bin/app_process64" subj=u:r:radio:s0 key=(null)
09-25 20:54:37.927  3085  3085 W auditd  : type=1327 audit(0.0:301): proctitle="com.android.phone"
09-25 20:54:37.927  3085  3085 W auditd  : type=1320 audit(0.0:301): 
09-25 20:54:37.930  3653  4712 D ConnectivityService: Adding iface rmnet1 to network 100
09-25 20:54:37.955  3085  3085 W auditd  : type=1325 audit(0.0:302): table=mangle family=2 entries=17
09-25 20:54:37.955  3085  3085 W auditd  : type=1320 audit(0.0:302): 
09-25 20:54:37.990  3653  4712 D ConnectivityService: Setting DNS servers for network 100 to [/181.88.86.164, /181.88.86.156]
09-25 20:54:38.000  3653  4712 W ConnectivityExtension: ConnectivityExt jar file not present
09-25 20:54:38.001  5494  6046 I MediaScanner: forcing rescan of /system/media/audio/ringtones/Backroad.ogg since build fingerprint changed
09-25 20:54:38.007  3653  4712 W ConnectivityExtension: ConnectivityExt jar file not present
09-25 20:54:38.012  3653  4712 D ConnectivityService: Switching to new default network: NetworkAgentInfo{ ni{[type: MOBILE[HSPA+], state: CONNECTED/CONNECTED, reason: connected, extra: gprs.personal.com, failover: false, available: true, roaming: false, metered: true]}  network{100}  nethandle{429513165534}  lp{{InterfaceName: rmnet1 LinkAddresses: [186.126.202.135/32,]  Routes: [0.0.0.0/0 -> 186.126.202.1 rmnet1,] DnsAddresses: [181.88.86.164,181.88.86.156,] Domains: null MTU: 1500 TcpBufferSizes: 40778,244668,734003,16777,100663,301990}}  nc{[ Transports: CELLULAR Capabilities: SUPL&INTERNET&NOT_RESTRICTED&TRUSTED&NOT_VPN&FOREGROUND LinkUpBandwidth>=5898Kbps LinkDnBandwidth>=14336Kbps Specifier: <1>]}  Score{10}  everValidated{false}  lastValidated{false}  created{true} lingering{false} explicitlySelected{false} acceptUnvalidated{false} everCaptivePortalDetected{false} lastCaptivePortalDetected{false} }
09-25 20:54:38.031  5494  6046 I MediaScanner: forcing rescan of /system/media/audio/ringtones/BeatPlucker.ogg since build fingerprint changed
09-25 20:54:38.051  3191  3558 V IdletimerController: runCmd(/system/bin/ip6tables -w -t raw -A idletimer_raw_PREROUTING -i rmnet1 -j IDLETIMER --timeout 10 --label 0 --send_nl_msg 1) res_ipv4=0, res_ipv6=0
09-25 20:54:38.054  5494  6046 I MediaScanner: forcing rescan of /system/media/audio/ringtones/BentleyDubs.ogg since build fingerprint changed
09-25 20:54:38.075  5494  6046 I MediaScanner: forcing rescan of /system/media/audio/ringtones/Big_Easy.ogg since build fingerprint changed
09-25 20:54:38.082  3191  3558 V IdletimerController: runCmd(/system/bin/ip6tables -w -t mangle -A idletimer_mangle_POSTROUTING -o rmnet1 -j IDLETIMER --timeout 10 --label 0 --send_nl_msg 1) res_ipv4=0, res_ipv6=0
09-25 20:54:38.093  3653  4766 I GnssLocationProvider: WakeLock acquired by sendMessage(5, 0, null)
09-25 20:54:38.093  3653  4766 I GnssLocationProvider: WakeLock acquired by sendMessage(6, 0, null)
09-25 20:54:38.094  3653  4712 D ConnectivityService: Sending CONNECTED broadcast for type 0 NetworkAgentInfo [MOBILE (HSPA+) - 100] isDefaultNetwork=true
09-25 20:54:38.094  3653  3714 I GnssLocationProvider: WakeLock acquired by handleInjectNtpTime()
09-25 20:54:38.096  3653  3714 I GnssLocationProvider: WakeLock released by handleMessage(5, 0, null)
09-25 20:54:38.107  3653  3714 I GnssLocationProvider: WakeLock acquired by handleDownloadXtraData()
09-25 20:54:38.107  3653  3714 I GnssLocationProvider: WakeLock released by handleMessage(6, 0, null)
09-25 20:54:38.109  3653  5216 W System  : ClassLoader referenced unknown path: /system/framework/tcmclient.jar
09-25 20:54:38.118  3653  4712 W ConnectivityExtension: ConnectivityExt jar file not present
09-25 20:54:38.126  5841  6196 D NetworkSecurityConfig: No Network Security Config specified, using platform default
09-25 20:54:38.127  5841  6196 W System  : ClassLoader referenced unknown path: /system/framework/tcmclient.jar
09-25 20:54:38.129  5494  6046 I MediaScanner: forcing rescan of /system/media/audio/ringtones/BirdLoop.ogg since build fingerprint changed
09-25 20:54:38.150  5494  6046 I MediaScanner: forcing rescan of /system/media/audio/ringtones/Bollywood.ogg since build fingerprint changed
09-25 20:54:38.168  5494  6046 I MediaScanner: forcing rescan of /system/media/audio/ringtones/Boxbeat.ogg since build fingerprint changed
09-25 20:54:38.214  5494  6046 I MediaScanner: forcing rescan of /system/media/audio/ringtones/BussaMove.ogg since build fingerprint changed
09-25 20:54:38.241  5494  6046 I MediaScanner: forcing rescan of /system/media/audio/ringtones/CASSIOPEIA.ogg since build fingerprint changed
09-25 20:54:38.261  5494  6046 I MediaScanner: forcing rescan of /system/media/audio/ringtones/Cairo.ogg since build fingerprint changed
09-25 20:54:38.280  5494  6046 I MediaScanner: forcing rescan of /system/media/audio/ringtones/Callisto.ogg since build fingerprint changed
09-25 20:54:38.316  5494  6046 I MediaScanner: forcing rescan of /system/media/audio/ringtones/Calypso_Steel.ogg since build fingerprint changed
09-25 20:54:38.329  5494  6046 I MediaScanner: forcing rescan of /system/media/audio/ringtones/CanisMajor.ogg since build fingerprint changed
09-25 20:54:38.334  3653  6186 D NetworkMonitor/NetworkAgentInfo [MOBILE (HSPA+) - 100]: PROBE_DNS OK 319ms, www.google.com=64.233.190.99,64.233.190.147,64.233.190.104,64.233.190.105,64.233.190.106,64.233.190.103
09-25 20:54:38.335  3653  6186 W System  : ClassLoader referenced unknown path: /system/framework/tcmclient.jar
09-25 20:54:38.345  5494  6046 I MediaScanner: forcing rescan of /system/media/audio/ringtones/CaribbeanIce.ogg since build fingerprint changed
09-25 20:54:38.363  5494  6046 I MediaScanner: forcing rescan of /system/media/audio/ringtones/Carina.ogg since build fingerprint changed
09-25 20:54:38.379  5494  6046 I MediaScanner: forcing rescan of /system/media/audio/ringtones/Centaurus.ogg since build fingerprint changed
09-25 20:54:38.396  5494  6046 I MediaScanner: forcing rescan of /system/media/audio/ringtones/Champagne_Edition.ogg since build fingerprint changed
09-25 20:54:38.428  5494  6046 I MediaScanner: forcing rescan of /system/media/audio/ringtones/Club_Cubano.ogg since build fingerprint changed
09-25 20:54:38.460  5494  6046 I MediaScanner: forcing rescan of /system/media/audio/ringtones/CrayonRock.ogg since build fingerprint changed
09-25 20:54:38.491  5494  6046 I MediaScanner: forcing rescan of /system/media/audio/ringtones/CrazyDream.ogg since build fingerprint changed
09-25 20:54:38.562  5494  6046 I MediaScanner: forcing rescan of /system/media/audio/ringtones/CurveBall.ogg since build fingerprint changed
09-25 20:54:38.601  5494  6046 I MediaScanner: forcing rescan of /system/media/audio/ringtones/CyanTone.ogg since build fingerprint changed
09-25 20:54:38.713  5494  6046 I MediaScanner: forcing rescan of /system/media/audio/ringtones/Cygnus.ogg since build fingerprint changed
09-25 20:54:38.725  5494  6046 I MediaScanner: forcing rescan of /system/media/audio/ringtones/DancinFool.ogg since build fingerprint changed
09-25 20:54:38.740  5494  6046 I MediaScanner: forcing rescan of /system/media/audio/ringtones/Dione.ogg since build fingerprint changed
09-25 20:54:38.765  5494  6046 I MediaScanner: forcing rescan of /system/media/audio/ringtones/DonMessWivIt.ogg since build fingerprint changed
09-25 20:54:38.783  5494  6046 I MediaScanner: forcing rescan of /system/media/audio/ringtones/Draco.ogg since build fingerprint changed
09-25 20:54:38.798  5494  6046 I MediaScanner: forcing rescan of /system/media/audio/ringtones/DreamTheme.ogg since build fingerprint changed
09-25 20:54:38.827  5494  6046 I MediaScanner: forcing rescan of /system/media/audio/ringtones/Eastern_Sky.ogg since build fingerprint changed
09-25 20:54:38.843  5494  6046 I MediaScanner: forcing rescan of /system/media/audio/ringtones/Enter_the_Nexus.ogg since build fingerprint changed
09-25 20:54:38.858  5494  6046 I MediaScanner: forcing rescan of /system/media/audio/ringtones/Eridani.ogg since build fingerprint changed
09-25 20:54:38.870  5494  6046 I MediaScanner: forcing rescan of /system/media/audio/ringtones/EtherShake.ogg since build fingerprint changed
09-25 20:54:38.882  5494  6046 I MediaScanner: forcing rescan of /system/media/audio/ringtones/FreeFlight.ogg since build fingerprint changed
09-25 20:54:38.918  5494  6046 I MediaScanner: forcing rescan of /system/media/audio/ringtones/FriendlyGhost.ogg since build fingerprint changed
09-25 20:54:38.941  5494  6046 I MediaScanner: forcing rescan of /system/media/audio/ringtones/Funk_Yall.ogg since build fingerprint changed
09-25 20:54:38.962  5494  6046 I MediaScanner: forcing rescan of /system/media/audio/ringtones/GameOverGuitar.ogg since build fingerprint changed
09-25 20:54:38.983  5494  6046 I MediaScanner: forcing rescan of /system/media/audio/ringtones/Ganymede.ogg since build fingerprint changed
09-25 20:54:39.033  5494  6046 I MediaScanner: forcing rescan of /system/media/audio/ringtones/Gimme_Mo_Town.ogg since build fingerprint changed
09-25 20:54:39.071  5494  6046 I MediaScanner: forcing rescan of /system/media/audio/ringtones/Girtab.ogg since build fingerprint changed
09-25 20:54:39.109  5494  6046 I MediaScanner: forcing rescan of /system/media/audio/ringtones/Glacial_Groove.ogg since build fingerprint changed
09-25 20:54:39.167  5494  6046 I MediaScanner: forcing rescan of /system/media/audio/ringtones/Growl.ogg since build fingerprint changed
09-25 20:54:39.180  5494  6046 I MediaScanner: forcing rescan of /system/media/audio/ringtones/HalfwayHome.ogg since build fingerprint changed
09-25 20:54:39.201  5494  6046 I MediaScanner: forcing rescan of /system/media/audio/ringtones/Highscore.ogg since build fingerprint changed
09-25 20:54:39.228  5494  6046 I MediaScanner: forcing rescan of /system/media/audio/ringtones/Hydra.ogg since build fingerprint changed
09-25 20:54:39.240  5494  6046 I MediaScanner: forcing rescan of /system/media/audio/ringtones/InsertCoin.ogg since build fingerprint changed
09-25 20:54:39.250  5494  6046 I MediaScanner: forcing rescan of /system/media/audio/ringtones/Kuma.ogg since build fingerprint changed
09-25 20:54:39.273  5494  6046 I MediaScanner: forcing rescan of /system/media/audio/ringtones/LoopyLounge.ogg since build fingerprint changed
09-25 20:54:39.285  5494  6046 I MediaScanner: forcing rescan of /system/media/audio/ringtones/LoveFlute.ogg since build fingerprint changed
09-25 20:54:39.298  5494  6046 I MediaScanner: forcing rescan of /system/media/audio/ringtones/Luna.ogg since build fingerprint changed
09-25 20:54:39.325  5494  6046 I MediaScanner: forcing rescan of /system/media/audio/ringtones/Lyon.ogg since build fingerprint changed
09-25 20:54:39.358  5494  6046 I MediaScanner: forcing rescan of /system/media/audio/ringtones/Lyra.ogg since build fingerprint changed
09-25 20:54:39.372  5494  6046 I MediaScanner: forcing rescan of /system/media/audio/ringtones/Machina.ogg since build fingerprint changed
09-25 20:54:39.384  5494  6046 I MediaScanner: forcing rescan of /system/media/audio/ringtones/MidEvilJaunt.ogg since build fingerprint changed
09-25 20:54:39.396  5494  6046 I MediaScanner: forcing rescan of /system/media/audio/ringtones/Nairobi.ogg since build fingerprint changed
09-25 20:54:39.408  5494  6046 I MediaScanner: forcing rescan of /system/media/audio/ringtones/Nassau.ogg since build fingerprint changed
09-25 20:54:39.423  5494  6046 I MediaScanner: forcing rescan of /system/media/audio/ringtones/NewPlayer.ogg since build fingerprint changed
09-25 20:54:39.434  5494  6046 I MediaScanner: forcing rescan of /system/media/audio/ringtones/No_Limits.ogg since build fingerprint changed
09-25 20:54:39.447  5494  6046 I MediaScanner: forcing rescan of /system/media/audio/ringtones/Noises2.ogg since build fingerprint changed
09-25 20:54:39.461  5494  6046 I MediaScanner: forcing rescan of /system/media/audio/ringtones/Noises3.ogg since build fingerprint changed
09-25 20:54:39.479  5494  6046 I MediaScanner: forcing rescan of /system/media/audio/ringtones/Oberon.ogg since build fingerprint changed
09-25 20:54:39.531  5494  6046 I MediaScanner: forcing rescan of /system/media/audio/ringtones/OrganDub.ogg since build fingerprint changed
09-25 20:54:39.553  5494  6046 W MediaScanner: forcing rescan of /system/media/audio/ringtones/Orion.oggsince ringtone setting didn't finish
09-25 20:54:39.580  5494  6046 W MediaProvider: Missing volume for /system/media/audio/ringtones; assuming invalid
09-25 20:54:39.591  5494  6046 W MediaProvider: Missing volume for /system/media/audio/notifications/Ariel.ogg; assuming invalid
09-25 20:54:39.596  5494  6046 W MediaProvider: Missing volume for /system/media/audio/notifications/Beat_Box_Android.ogg; assuming invalid
09-25 20:54:39.601  5494  6046 W MediaProvider: Missing volume for /system/media/audio/notifications/Bellatrix.ogg; assuming invalid
09-25 20:54:39.607  5494  6046 W MediaProvider: Missing volume for /system/media/audio/notifications/Beryllium.ogg; assuming invalid
09-25 20:54:39.610  5494  6046 W MediaProvider: Missing volume for /system/media/audio/notifications/Betelgeuse.ogg; assuming invalid
09-25 20:54:39.617  5494  6046 W MediaProvider: Missing volume for /system/media/audio/notifications/CaffeineSnake.ogg; assuming invalid
09-25 20:54:39.622  5494  6046 W MediaProvider: Missing volume for /system/media/audio/notifications/Canopus.ogg; assuming invalid
09-25 20:54:39.627  5494  6046 W MediaProvider: Missing volume for /system/media/audio/notifications/Capella.ogg; assuming invalid
09-25 20:54:39.632  5494  6046 W MediaProvider: Missing volume for /system/media/audio/notifications/Carme.ogg; assuming invalid
09-25 20:54:39.636  5494  6046 W MediaProvider: Missing volume for /system/media/audio/notifications/Castor.ogg; assuming invalid
09-25 20:54:39.641  5494  6046 W MediaProvider: Missing volume for /system/media/audio/notifications/Ceres.ogg; assuming invalid
09-25 20:54:39.646  5494  6046 W MediaProvider: Missing volume for /system/media/audio/notifications/CetiAlpha.ogg; assuming invalid
09-25 20:54:39.651  5494  6046 W MediaProvider: Missing volume for /system/media/audio/notifications/Cobalt.ogg; assuming invalid
09-25 20:54:39.658  5494  6046 W MediaProvider: Missing volume for /system/media/audio/notifications/Cricket.ogg; assuming invalid
09-25 20:54:39.665  5494  6046 W MediaProvider: Missing volume for /system/media/audio/notifications/CyanDoink.ogg; assuming invalid
09-25 20:54:39.665  3653  5216 I GnssLocationProvider: WakeLock acquired by sendMessage(11, 0, null)
09-25 20:54:39.665  3179  3179 D gpsd    : WakeLock(Acquire,GPSD)
09-25 20:54:39.665  3653  5216 I GnssLocationProvider: WakeLock released by handleDownloadXtraData()
09-25 20:54:39.666  3179  3179 D gpsd    : WakeLock(Release,GPSD)
09-25 20:54:39.666  3653  3714 I GnssLocationProvider: WakeLock released by handleMessage(11, 0, null)
09-25 20:54:39.667  3179  3179 D gpsd    : WakeLock(Acquire,GPSD)
09-25 20:54:39.667  3179  3179 D gpsd    : WakeLock(Release,GPSD)
09-25 20:54:39.670  5494  6046 W MediaProvider: Missing volume for /system/media/audio/notifications/CyanMail.ogg; assuming invalid
09-25 20:54:39.675  5494  6046 W MediaProvider: Missing volume for /system/media/audio/notifications/CyanMessage.ogg; assuming invalid
09-25 20:54:39.679  5494  6046 W MediaProvider: Missing volume for /system/media/audio/notifications/DearDeer.ogg; assuming invalid
09-25 20:54:39.682  5494  6046 W MediaProvider: Missing volume for /system/media/audio/notifications/Deneb.ogg; assuming invalid
09-25 20:54:39.686  5494  6046 W MediaProvider: Missing volume for /system/media/audio/notifications/Doink.ogg; assuming invalid
09-25 20:54:39.689  5494  6046 W MediaProvider: Missing volume for /system/media/audio/notifications/DontPanic.ogg; assuming invalid
09-25 20:54:39.693  5494  6046 W MediaProvider: Missing volume for /system/media/audio/notifications/Drip.ogg; assuming invalid
09-25 20:54:39.699  5494  6046 W MediaProvider: Missing volume for /system/media/audio/notifications/Elara.ogg; assuming invalid
09-25 20:54:39.703  5494  6046 W MediaProvider: Missing volume for /system/media/audio/notifications/Electra.ogg; assuming invalid
09-25 20:54:39.708  5494  6046 W MediaProvider: Missing volume for /system/media/audio/notifications/Europa.ogg; assuming invalid
09-25 20:54:39.714  5494  6046 W MediaProvider: Missing volume for /system/media/audio/notifications/F1_New_SMS.ogg; assuming invalid
09-25 20:54:39.720  5494  6046 W MediaProvider: Missing volume for /system/media/audio/notifications/Fluorine.ogg; assuming invalid
09-25 20:54:39.723  5494  6046 W MediaProvider: Missing volume for /system/media/audio/notifications/Fomalhaut.ogg; assuming invalid
09-25 20:54:39.729  5494  6046 W MediaProvider: Missing volume for /system/media/audio/notifications/Gallium.ogg; assuming invalid
09-25 20:54:39.736  5494  6046 W MediaProvider: Missing volume for /system/media/audio/notifications/Heaven.ogg; assuming invalid
09-25 20:54:39.742  5494  6046 W MediaProvider: Missing volume for /system/media/audio/notifications/Helium.ogg; assuming invalid
09-25 20:54:39.746  5494  6046 W MediaProvider: Missing volume for /system/media/audio/notifications/Highwire.ogg; assuming invalid
