09-20 00:39:15.554  3754  3754 V PackageManager: Enabling com.google.android.gms/com.google.android.gms.update.SystemUpdateService
09-20 00:39:15.616  3754  3754 I PackageManager.DexOptimizer: Running dexopt (dex2oat) on: /system/priv-app/GoogleExtServices/GoogleExtServices.apk pkg=com.google.android.ext.services isa=arm64 vmSafeMode=false debuggable=false target-filter=speed oatDir = null sharedLibraries=null
09-20 00:39:15.632  4050  4050 I dex2oat : /system/bin/dex2oat --compiler-filter=speed
09-20 00:39:15.706  4050  4050 I dex2oat : dex2oat took 74.199ms (threads: 8) arena alloc=339KB (347160B) java alloc=91KB (93936B) native alloc=1091KB (1117776B) free=2MB (3076528B)
09-20 00:39:15.709  3754  3754 I PackageManager.DexOptimizer: Running dexopt (dex2oat) on: /system/priv-app/TelephonyProvider/TelephonyProvider.apk pkg=com.android.providers.telephony isa=arm64 vmSafeMode=false debuggable=false target-filter=speed oatDir = null sharedLibraries=null
09-20 00:39:15.724  4059  4059 I dex2oat : /system/bin/dex2oat --compiler-filter=speed
09-20 00:39:15.924  4059  4059 I dex2oat : dex2oat took 200.256ms (threads: 8) arena alloc=6MB (7030712B) java alloc=266KB (272816B) native alloc=1559KB (1596672B) free=11MB (12034816B)
09-20 00:39:15.928  3754  3754 I PackageManager.DexOptimizer: Running dexopt (dex2oat) on: /system/app/GoogleExtShared/GoogleExtShared.apk pkg=com.google.android.ext.shared isa=arm64 vmSafeMode=false debuggable=false target-filter=speed oatDir = null sharedLibraries=null
09-20 00:39:15.943  4068  4068 I dex2oat : /system/bin/dex2oat --compiler-filter=speed
09-20 00:39:16.037  4068  4068 I dex2oat : dex2oat took 93.991ms (threads: 8) arena alloc=78KB (79992B) java alloc=59KB (61032B) native alloc=895KB (917496B) free=2MB (2752520B)
09-20 00:39:16.040  3754  3754 I PackageManager.DexOptimizer: Running dexopt (dex2oat) on: /system/priv-app/MmsService/MmsService.apk pkg=com.android.mms.service isa=arm64 vmSafeMode=false debuggable=false target-filter=speed oatDir = null sharedLibraries=null
09-20 00:39:16.056  4077  4077 I dex2oat : /system/bin/dex2oat --compiler-filter=speed
09-20 00:39:16.171  4077  4077 I dex2oat : dex2oat took 115.761ms (threads: 8) arena alloc=1850KB (1895080B) java alloc=241KB (247040B) native alloc=1543KB (1580968B) free=3MB (4186200B)
09-20 00:39:16.175  3754  3754 I PackageManager.DexOptimizer: Running dexopt (dex2oat) on: /system/priv-app/DefaultContainerService/DefaultContainerService.apk pkg=com.android.defcontainer isa=arm64 vmSafeMode=false debuggable=false target-filter=speed oatDir = null sharedLibraries=null
09-20 00:39:16.190  4086  4086 I dex2oat : /system/bin/dex2oat --compiler-filter=speed
09-20 00:39:16.266  4086  4086 I dex2oat : dex2oat took 76.565ms (threads: 8) arena alloc=528KB (540752B) java alloc=105KB (108160B) native alloc=1152KB (1180304B) free=1919KB (1965424B)
09-20 00:39:16.269  3754  3754 I PackageManager.DexOptimizer: Running dexopt (dex2oat) on: /system/priv-app/SettingsProvider/SettingsProvider.apk pkg=com.android.providers.settings isa=arm64 vmSafeMode=false debuggable=false target-filter=speed oatDir = null sharedLibraries=null
09-20 00:39:16.285  4095  4095 I dex2oat : /system/bin/dex2oat --compiler-filter=speed
09-20 00:39:16.482  4095  4095 I dex2oat : dex2oat took 196.916ms (threads: 8) arena alloc=6MB (6659560B) java alloc=275KB (282512B) native alloc=1609KB (1648456B) free=9MB (9885880B)
09-20 00:39:16.485  3754  3754 I PackageManager.DexOptimizer: Running dexopt (dex2oat) on: /system/priv-app/InputDevices/InputDevices.apk pkg=com.android.inputdevices isa=arm64 vmSafeMode=false debuggable=false target-filter=speed oatDir = null sharedLibraries=null
09-20 00:39:16.501  4104  4104 I dex2oat : /system/bin/dex2oat --compiler-filter=speed
09-20 00:39:16.564  4104  4104 I dex2oat : dex2oat took 63.686ms (threads: 8) arena alloc=15KB (15632B) java alloc=32KB (33200B) native alloc=861KB (881680B) free=1698KB (1739760B)
09-20 00:39:16.567  3754  3754 I PackageManager.DexOptimizer: Running dexopt (dex2oat) on: /system/app/ExtShared/ExtShared.apk pkg=android.ext.shared isa=arm64 vmSafeMode=false debuggable=false target-filter=speed oatDir = null sharedLibraries=null
09-20 00:39:16.582  4113  4113 I dex2oat : /system/bin/dex2oat --compiler-filter=speed
09-20 00:39:16.647  4113  4113 I dex2oat : dex2oat took 65.259ms (threads: 8) arena alloc=78KB (79992B) java alloc=55KB (57056B) native alloc=894KB (916280B) free=2MB (2229448B)
09-20 00:39:16.650  3754  3754 I PackageManager.DexOptimizer: Running dexopt (dex2oat) on: /system/priv-app/Telecom/Telecom.apk pkg=com.android.server.telecom isa=arm64 vmSafeMode=false debuggable=false target-filter=speed oatDir = null sharedLibraries=null
09-20 00:39:16.665  4122  4122 I dex2oat : /system/bin/dex2oat --compiler-filter=speed
09-20 00:39:17.063  4122  4122 I dex2oat : dex2oat took 398.118ms (threads: 8) arena alloc=3MB (3202616B) java alloc=1025KB (1049904B) native alloc=4MB (4215336B) free=5MB (6270424B)
09-20 00:39:17.067  3754  3754 I PackageManager.DexOptimizer: Running dexopt (dex2oat) on: /system/priv-app/Dialer/Dialer.apk pkg=com.android.dialer isa=arm64 vmSafeMode=false debuggable=false target-filter=speed oatDir = null sharedLibraries=null
09-20 00:39:17.083  4131  4131 I dex2oat : /system/bin/dex2oat --compiler-filter=speed
09-20 00:39:17.277  4131  4139 W dex2oat : Before Android 4.1, method android.graphics.PorterDuffColorFilter android.support.graphics.drawable.VectorDrawableCompat.updateTintFilter(android.graphics.PorterDuffColorFilter, android.content.res.ColorStateList, android.graphics.PorterDuff$Mode) would have incorrectly overridden the package-private method in android.graphics.drawable.Drawable
09-20 00:39:17.291  4131  4131 W dex2oat : Before Android 4.1, method int android.support.v7.widget.ListViewCompat.lookForSelectablePosition(int, boolean) would have incorrectly overridden the package-private method in android.widget.ListView
09-20 00:39:18.601  4131  4131 I dex2oat : dex2oat took 1.518s (threads: 8) arena alloc=5MB (5263984B) java alloc=5MB (6112472B) native alloc=15MB (16092384B) free=8MB (8549152B)
09-20 00:39:18.607  3754  3754 I PackageManager.DexOptimizer: Running dexopt (dex2oat) on: /system/priv-app/CMSettingsProvider/CMSettingsProvider.apk pkg=org.cyanogenmod.cmsettings isa=arm64 vmSafeMode=false debuggable=false target-filter=speed oatDir = null sharedLibraries=null
09-20 00:39:18.624  4140  4140 I dex2oat : /system/bin/dex2oat --compiler-filter=speed
09-20 00:39:18.735  4140  4140 I dex2oat : dex2oat took 111.163ms (threads: 8) arena alloc=1812KB (1856176B) java alloc=244KB (250120B) native alloc=1666KB (1706784B) free=3MB (4060384B)
09-20 00:39:18.738  3754  3754 I PackageManager.DexOptimizer: Running dexopt (dex2oat) on: /system/priv-app/PackageInstaller/PackageInstaller.apk pkg=com.android.packageinstaller isa=arm64 vmSafeMode=false debuggable=false target-filter=speed oatDir = null sharedLibraries=null
09-20 00:39:18.753  4149  4149 I dex2oat : /system/bin/dex2oat --compiler-filter=speed
09-20 00:39:18.851  4149  4154 W dex2oat : Before Android 4.1, method android.graphics.PorterDuffColorFilter android.support.graphics.drawable.VectorDrawableCompat.updateTintFilter(android.graphics.PorterDuffColorFilter, android.content.res.ColorStateList, android.graphics.PorterDuff$Mode) would have incorrectly overridden the package-private method in android.graphics.drawable.Drawable
09-20 00:39:18.869  4149  4156 W dex2oat : Before Android 4.1, method int android.support.v7.widget.ListViewCompat.lookForSelectablePosition(int, boolean) would have incorrectly overridden the package-private method in android.widget.ListView
09-20 00:39:19.476  4149  4149 I dex2oat : dex2oat took 722.818ms (threads: 8) arena alloc=3MB (3371072B) java alloc=3MB (3965568B) native alloc=6MB (7095912B) free=6MB (6535576B)
09-20 00:39:19.481  3754  3754 I PackageManager.DexOptimizer: Running dexopt (dex2oat) on: /system/priv-app/ProxyHandler/ProxyHandler.apk pkg=com.android.proxyhandler isa=arm64 vmSafeMode=false debuggable=false target-filter=speed oatDir = null sharedLibraries=null
09-20 00:39:19.497  4158  4158 I dex2oat : /system/bin/dex2oat --compiler-filter=speed
09-20 00:39:19.574  4158  4158 I dex2oat : dex2oat took 77.294ms (threads: 8) arena alloc=1264KB (1294936B) java alloc=109KB (112560B) native alloc=1181KB (1210088B) free=3MB (4032792B)
09-20 00:39:19.578  3754  3754 I PackageManager.DexOptimizer: Running dexopt (dex2oat) on: /system/app/LatinIME/LatinIME.apk pkg=com.android.inputmethod.latin isa=arm64 vmSafeMode=false debuggable=false target-filter=speed oatDir = null sharedLibraries=null
09-20 00:39:19.594  4167  4167 I dex2oat : /system/bin/dex2oat --compiler-filter=speed
09-20 00:39:20.067  4167  4167 I dex2oat : dex2oat took 473.480ms (threads: 8) arena alloc=2MB (3113528B) java alloc=1658KB (1698144B) native alloc=4MB (4526320B) free=6MB (6483728B)
09-20 00:39:20.072  3754  3754 I PackageManager.DexOptimizer: Running dexopt (dex2oat) on: /system/priv-app/Settings/Settings.apk pkg=com.android.settings isa=arm64 vmSafeMode=false debuggable=false target-filter=speed oatDir = null sharedLibraries=null
09-20 00:39:20.089  4176  4176 I dex2oat : /system/bin/dex2oat --compiler-filter=speed
09-20 00:39:20.282  4176  4178 W dex2oat : Before Android 4.1, method android.graphics.PorterDuffColorFilter android.support.graphics.drawable.VectorDrawableCompat.updateTintFilter(android.graphics.PorterDuffColorFilter, android.content.res.ColorStateList, android.graphics.PorterDuff$Mode) would have incorrectly overridden the package-private method in android.graphics.drawable.Drawable
09-20 00:39:20.293  4176  4184 W dex2oat : Before Android 4.1, method int android.support.v7.widget.ListViewCompat.lookForSelectablePosition(int, boolean) would have incorrectly overridden the package-private method in android.widget.ListView
09-20 00:39:21.635  4176  4176 I dex2oat : dex2oat took 1.546s (threads: 8) arena alloc=4MB (4652408B) java alloc=9MB (9751568B) native alloc=16MB (16827816B) free=7MB (7813720B)
09-20 00:39:21.642  3754  3754 I PackageManager.DexOptimizer: Running dexopt (dex2oat) on: /system/priv-app/TeleService/TeleService.apk pkg=com.android.phone isa=arm64 vmSafeMode=false debuggable=false target-filter=speed oatDir = null sharedLibraries=null
09-20 00:39:21.659  4185  4185 I dex2oat : /system/bin/dex2oat --compiler-filter=speed
09-20 00:39:22.427  4185  4185 I dex2oat : dex2oat took 768.350ms (threads: 8) arena alloc=9MB (10179776B) java alloc=2MB (2550280B) native alloc=7MB (8138512B) free=12MB (13357296B)
09-20 00:39:22.433  3754  3754 I PackageManager.DexOptimizer: Running dexopt (dex2oat) on: /system/priv-app/Shell/Shell.apk pkg=com.android.shell isa=arm64 vmSafeMode=false debuggable=false target-filter=speed oatDir = null sharedLibraries=null
09-20 00:39:22.449  4194  4194 I dex2oat : /system/bin/dex2oat --compiler-filter=speed
09-20 00:39:22.608  4194  4194 I dex2oat : dex2oat took 158.829ms (threads: 8) arena alloc=2MB (2318336B) java alloc=321KB (329600B) native alloc=1574KB (1612360B) free=4MB (4679096B)
09-20 00:39:22.612  3754  3754 I PackageManager.DexOptimizer: Running dexopt (dex2oat) on: /system/priv-app/FusedLocation/FusedLocation.apk pkg=com.android.location.fused isa=arm64 vmSafeMode=false debuggable=false target-filter=speed oatDir = null sharedLibraries=/system/framework/com.android.location.provider.jar
09-20 00:39:22.628  4203  4203 I dex2oat : /system/bin/dex2oat --compiler-filter=speed
09-20 00:39:22.702  4203  4203 I dex2oat : dex2oat took 74.265ms (threads: 8) arena alloc=423KB (433576B) java alloc=135KB (138864B) native alloc=1282KB (1313504B) free=3MB (3929376B)
09-20 00:39:22.706  3754  3754 I PackageManager.DexOptimizer: Running dexopt (dex2oat) on: /system/priv-app/SystemUI/SystemUI.apk pkg=com.android.systemui isa=arm64 vmSafeMode=false debuggable=false target-filter=speed oatDir = null sharedLibraries=null
09-20 00:39:22.722  4212  4212 I dex2oat : /system/bin/dex2oat --compiler-filter=speed
09-20 00:39:22.925  4212  4216 W dex2oat : Before Android 4.1, method android.graphics.PorterDuffColorFilter android.support.graphics.drawable.VectorDrawableCompat.updateTintFilter(android.graphics.PorterDuffColorFilter, android.content.res.ColorStateList, android.graphics.PorterDuff$Mode) would have incorrectly overridden the package-private method in android.graphics.drawable.Drawable
09-20 00:39:22.941  4212  4214 W dex2oat : Before Android 4.1, method int android.support.v7.widget.ListViewCompat.lookForSelectablePosition(int, boolean) would have incorrectly overridden the package-private method in android.widget.ListView
09-20 00:39:24.397  4212  4212 I dex2oat : dex2oat took 1.675s (threads: 8) arena alloc=2MB (2947136B) java alloc=9MB (10293936B) native alloc=17MB (17891496B) free=5MB (6225752B)
09-20 00:39:24.405  3754  3754 I PackageManager.DexOptimizer: Running dexopt (dex2oat) on: /system/priv-app/WeatherManagerService/WeatherManagerService.apk pkg=org.cyanogenmod.weatherservice isa=arm64 vmSafeMode=false debuggable=false target-filter=speed oatDir = null sharedLibraries=null
09-20 00:39:24.467  4221  4221 I dex2oat : /system/bin/dex2oat --compiler-filter=speed
09-20 00:39:24.724  4221  4221 I dex2oat : dex2oat took 257.664ms (threads: 8) arena alloc=1971KB (2018968B) java alloc=372KB (381496B) native alloc=1460KB (1495328B) free=5MB (5320416B)
09-20 00:39:24.732  3754  3754 V PackageManager: Ephemeral resolver found; pkg: com.google.android.gms, info:ResolveInfo{289029e com.google.android.gms/.chimera.PersistentBoundBrokerService m=0x108000}
09-20 00:39:24.733  3754  3754 I PackageManager: Ephemeral deactivated; missing installer
09-20 00:39:24.733  3754  3754 I art     : Starting a blocking GC Explicit
09-20 00:39:24.773  3754  3754 I art     : Explicit concurrent mark sweep GC freed 59676(3MB) AllocSpace objects, 12(404KB) LOS objects, 33% free, 10MB/15MB, paused 296us total 39.991ms
09-20 00:39:24.778  3754  3754 I SystemServer: StartOtaDexOptService
09-20 00:39:24.780  3754  3754 I SystemServer: StartUserManagerService
09-20 00:39:24.780  3754  3754 I SystemServiceManager: Starting com.android.server.pm.UserManagerService$LifeCycle
09-20 00:39:24.790  3279  3279 I lowmemorykiller: ActivityManager connected
09-20 00:39:24.791  3754  3754 I SystemServiceManager: Starting com.android.server.BatteryService
09-20 00:39:24.791  3754  4231 D SensorService: nuSensorService starting...
09-20 00:39:24.796  3754  3816 E BatteryStatsService: power: Missing API
09-20 00:39:24.797  3754  3754 I SystemServiceManager: Starting com.android.server.usage.UsageStatsService
09-20 00:39:24.798  3754  4231 W MultiHal: No multihal config file found at /system/etc/sensors/hals.conf
09-20 00:39:24.798  3754  4231 I SensorService: Generated new HMAC key.
09-20 00:39:24.812  3754  3754 I SystemServiceManager: Starting com.android.server.webkit.WebViewUpdateService
09-20 00:39:24.814  3754  3754 I SystemServer: Reading configuration...
09-20 00:39:24.814  3754  3754 I SystemServer: StartSchedulingPolicyService
09-20 00:39:24.814  3754  3754 I SystemServiceManager: Starting com.android.server.telecom.TelecomLoaderService
09-20 00:39:24.815  3754  3754 I SystemServer: StartTelephonyRegistry
09-20 00:39:24.816  3754  3754 I SystemServer: StartEntropyMixer
09-20 00:39:24.817  3754  3754 W EntropyMixer: No existing entropy file -- first boot?
09-20 00:39:24.853  3754  3754 I EntropyMixer: Added HW RNG output to entropy pool
09-20 00:39:24.853  3754  3754 I EntropyMixer: Writing entropy...
09-20 00:39:24.878  3754  3754 I SystemServer: Camera Service
09-20 00:39:24.878  3754  3754 I SystemServiceManager: Starting com.android.server.camera.CameraService
09-20 00:39:24.881  3754  4237 I ServiceThread: Enabled StrictMode logging for CameraService_proxy looper.
09-20 00:39:24.883  3754  3754 I SystemServer: StartAccountManagerService
09-20 00:39:24.883  3754  3754 I SystemServiceManager: Starting com.android.server.accounts.AccountManagerService$Lifecycle
09-20 00:39:24.892  3754  3816 E BatteryStatsService: power: Missing API
09-20 00:39:24.898  3754  3754 I SystemServer: StartContentService
09-20 00:39:24.899  3754  3816 E BluetoothAdapter: Bluetooth binder is null
09-20 00:39:24.899  3754  3754 I SystemServiceManager: Starting com.android.server.content.ContentService$Lifecycle
09-20 00:39:24.902  3754  3754 I SystemServer: InstallSystemProviders
09-20 00:39:24.903  3754  3816 E BatteryStatsService: no controller energy info supplied
09-20 00:39:24.906  3754  3754 W System  : ClassLoader referenced unknown path: /system/priv-app/CMSettingsProvider/lib/arm64
09-20 00:39:24.971  3754  3754 D ActivityThread: Loading provider settings: com.android.providers.settings.SettingsProvider
09-20 00:39:24.973  3754  3754 W System  : ClassLoader referenced unknown path: /system/priv-app/SettingsProvider/lib/arm64
09-20 00:39:24.973  3754  3754 D ApplicationLoaders: ignored Vulkan layer search path /system/priv-app/SettingsProvider/lib/arm64:/system/priv-app/SettingsProvider/SettingsProvider.apk!/lib/arm64-v8a:/system/lib64:/vendor/lib64 for namespace 0x7f809e7160
09-20 00:39:25.089  3754  3754 I SettingsState: No settings state /data/system/users/0/settings_system.xml
09-20 00:39:25.103  3754  3754 I SettingsState: No settings state /data/system/users/0/settings_secure.xml
09-20 00:39:25.105  3754  3754 D SettingsProvider: Generated and saved new ANDROID_ID [42f7997b67f75a01] for user 0
09-20 00:39:25.118  3754  3754 I SettingsState: No settings state /data/system/users/0/settings_global.xml
09-20 00:39:25.176  3754  3754 I SystemServer: StartVibratorService
09-20 00:39:25.186  3754  3754 I SystemServer: StartConsumerIrService
09-20 00:39:25.187  3754  3754 E ConsumerIrService: Can't open consumer IR HW Module, error: -2
09-20 00:39:25.188  3754  3754 I SystemServer: StartAlarmManagerService
09-20 00:39:25.188  3754  3754 I SystemServiceManager: Starting com.android.server.AlarmManagerService
09-20 00:39:25.204  3754  3754 I SystemServer: InitWatchdog
09-20 00:39:25.205  3754  3754 I SystemServer: StartInputManagerService
09-20 00:39:25.206  3754  3754 I InputManager: Initializing input manager, mUseDevInputEventForAudioJack=false
09-20 00:39:25.212  3754  3754 I SystemServer: StartWindowManagerService
09-20 00:39:25.233  3754  3820 I WindowManager: No existing display settings /data/system/display_settings.xml; starting empty
09-20 00:39:25.254  3754  3814 I CameraManagerGlobal: Connecting to camera service
09-20 00:39:25.257  3293  3293 E CameraService: getCameraVendorTagDescriptor: camera hardware module doesn't exist
09-20 00:39:25.364  3754  3754 I SystemServer: StartVrManagerService
09-20 00:39:25.364  3754  3754 I SystemServiceManager: Starting com.android.server.vr.VrManagerService
09-20 00:39:25.366  3754  3754 W VrManagerService: init_native: Could not open VR hardware module, error No such file or directory (-2).
09-20 00:39:25.370  3754  3754 I InputManager: Starting input manager
09-20 00:39:25.372  3754  4257 D EventHub: No input device configuration file found for device 'certify_hall'.
09-20 00:39:25.377  3754  3754 I SystemServiceManager: Starting com.android.server.BluetoothService
09-20 00:39:25.380  3754  3754 D BluetoothManagerService: Loading stored name and address
09-20 00:39:25.380  3754  3754 D BluetoothManagerService: Stored bluetooth Name=null,Address=null
09-20 00:39:25.381  3754  3754 D BluetoothManagerService: Bluetooth persisted state: 0
09-20 00:39:25.381  3754  3754 I SystemServer: ConnectivityMetricsLoggerService
09-20 00:39:25.381  3754  3754 I SystemServiceManager: Starting com.android.server.connectivity.MetricsLoggerService
09-20 00:39:25.382  3754  3754 I SystemServer: IpConnectivityMetrics
09-20 00:39:25.382  3754  3754 I SystemServiceManager: Starting com.android.server.connectivity.IpConnectivityMetrics
09-20 00:39:25.384  3754  3754 I SystemServer: PinnerService
09-20 00:39:25.384  3754  3754 I SystemServiceManager: Starting com.android.server.PinnerService
09-20 00:39:25.386  3754  3754 I SystemServiceManager: Starting com.android.server.InputMethodManagerService$Lifecycle
09-20 00:39:25.415  3754  4257 D EventHub: No input device configuration file found for device 'Headset'.
09-20 00:39:25.420  3754  4257 W EventHub: Unable to disable kernel key repeat for /dev/input/event15: Function not implemented
09-20 00:39:25.421  3754  4257 I EventHub: New device: id=2, fd=95, path='/dev/input/event15', name='Headset', classes=0x1, configuration='', keyLayout='/system/usr/keylayout/Generic.kl', keyCharacterMap='/system/usr/keychars/Generic.kcm', builtinKeyboard=false, wakeMechanism=EPOLLWAKEUP, usingClockIoctl=true
09-20 00:39:25.421  3754  4257 D EventHub: No input device configuration file found for device 'gpio_keys'.
09-20 00:39:25.425  3754  4257 W EventHub: Unable to disable kernel key repeat for /dev/input/event16: Function not implemented
09-20 00:39:25.425  3754  4257 I EventHub: New device: id=3, fd=97, path='/dev/input/event16', name='gpio_keys', classes=0x1, configuration='', keyLayout='/system/usr/keylayout/Generic.kl', keyCharacterMap='/system/usr/keychars/Generic.kcm', builtinKeyboard=false, wakeMechanism=EPOLLWAKEUP, usingClockIoctl=true
09-20 00:39:25.425  3754  4257 E EventHub: could not get driver version for /dev/input/mouse1, Not a typewriter
09-20 00:39:25.459  3754  4257 D EventHub: No input device configuration file found for device 'sec_touchpad'.
09-20 00:39:25.462  3754  4257 W EventHub: Unable to disable kernel key repeat for /dev/input/event1: Function not implemented
09-20 00:39:25.463  3754  4257 I EventHub: New device: id=4, fd=98, path='/dev/input/event1', name='sec_touchpad', classes=0x15, configuration='', keyLayout='/system/usr/keylayout/Generic.kl', keyCharacterMap='/system/usr/keychars/Generic.kcm', builtinKeyboard=false, wakeMechanism=EPOLLWAKEUP, usingClockIoctl=true
09-20 00:39:25.463  3754  4257 E EventHub: could not get driver version for /dev/input/mouse0, Not a typewriter
09-20 00:39:25.518  3754  3754 W System  : ClassLoader referenced unknown path: 
09-20 00:39:25.521  3754  3754 D ApplicationLoaders: ignored Vulkan layer search path /system/app/LatinIME/lib/arm64:/system/fake-libs64:/system/app/LatinIME/LatinIME.apk!/lib/arm64-v8a:/system/lib64:/vendor/lib64 for namespace 0x7f809e71d0
09-20 00:39:25.564  3754  3754 W InputMethodManagerService: No IME selected. Choose the most applicable IME.
09-20 00:39:25.565  3754  3754 I InputMethodManagerService: Default found, using com.android.inputmethod.latin/.LatinIME
09-20 00:39:25.567  3754  3754 I SystemServer: StartAccessibilityManagerService
09-20 00:39:25.574  3754  4257 W EventHub: Unable to disable kernel key repeat for /dev/input/event0: Function not implemented
09-20 00:39:25.574  3754  4257 I EventHub: New device: id=5, fd=99, path='/dev/input/event0', name='sec_touchscreen', classes=0x15, configuration='/system/usr/idc/sec_touchscreen.idc', keyLayout='/system/usr/keylayout/Generic.kl', keyCharacterMap='/system/usr/keychars/Generic.kcm', builtinKeyboard=false, wakeMechanism=EPOLLWAKEUP, usingClockIoctl=true
09-20 00:39:25.574  3754  4257 D EventHub: No input device configuration file found for device 'hall'.
09-20 00:39:25.577  3754  3754 I ActivityManager: Config changes=1df8 {1.0 ?mcc?mnc [en_US] ldltr sw411dp w411dp h845dp 560dpi nrml long port ?uimode ?night -touch -keyb/h/h -nav/h s.2}
09-20 00:39:25.581  3754  3812 I UsageStatsDatabase: Upgrading from version 0 to 3
09-20 00:39:25.581  3754  3812 I UsageStatsDatabase: Deleting all usage stats files
09-20 00:39:25.583  3754  3820 I ActivityManager: Config changes=400 {1.0 ?mcc?mnc [en_US] ldltr sw411dp w411dp h773dp 560dpi nrml long port ?uimode ?night -touch -keyb/h/h -nav/h s.3}
09-20 00:39:25.585  3754  3812 I UsageStatsService: User[0] Rollover scheduled @ 2017-09-21 00:39:25(1505954365577)
09-20 00:39:25.585  3754  3812 D UsageStatsService: Initializing defaults for system apps on user 0
09-20 00:39:25.591  3754  3812 E AppIdleHistory: Unable to read app idle file for user 0
09-20 00:39:25.599  3754  3820 W LocalDisplayAdapter: Unable to find color mode 0, ignoring request.
09-20 00:39:25.612  3754  3754 W LocalDisplayAdapter: Unable to find color mode 0, ignoring request.
09-20 00:39:25.613  3754  3754 I SystemServiceManager: Starting com.android.server.MountService$Lifecycle
09-20 00:39:25.615  3754  4257 D EventHub: No input device configuration file found for device 'ssp_context'.
09-20 00:39:25.627  3754  3754 I SystemServiceManager: Starting com.android.server.UiModeManagerService
09-20 00:39:25.629  3754  4258 D MountService: Thinking about init, mSystemReady=false, mDaemonConnected=true
09-20 00:39:25.629  3754  4258 D MountService: Thinking about reset, mSystemReady=false, mDaemonConnected=true
09-20 00:39:25.629  3754  4258 D MountService: Thinking about init, mSystemReady=false, mDaemonConnected=true
09-20 00:39:25.629  3754  4258 D MountService: Thinking about reset, mSystemReady=false, mDaemonConnected=true
09-20 00:39:25.630  3754  4258 D CryptdConnector: SND -> {1 cryptfs getfield SystemLocale}
09-20 00:39:25.631  3754  4257 D EventHub: No input device configuration file found for device 'meta_event'.
09-20 00:39:25.631  3754  3754 I ActivityManager: Config changes=200 {1.0 ?mcc?mnc [en_US] ldltr sw411dp w411dp h773dp 560dpi nrml long port -touch -keyb/h/h -nav/h s.4}
09-20 00:39:25.632  3754  4260 D CryptdConnector: RCV <- {200 1 -1}
09-20 00:39:25.634  3754  4258 W MountService: No primary storage mounted!
09-20 00:39:25.634  3754  4258 D VoldConnector: SND -> {1 asec list}
09-20 00:39:25.637  3754  4259 D VoldConnector: RCV <- {200 1 asec operation succeeded}
09-20 00:39:25.638  3754  4258 I PackageManager: No secure containers found
09-20 00:39:25.638  3754  4258 W PackageManager: Not granting permission android.permission.MANAGE_DOCUMENTS to package com.google.android.youtube (protectionLevel=2 flags=0x38dbbe45)
09-20 00:39:25.638  3754  4258 W PackageManager: Unknown permission com.sec.android.provider.badge.permission.READ in package com.google.android.youtube
09-20 00:39:25.639  3754  4258 W PackageManager: Unknown permission com.sec.android.provider.badge.permission.WRITE in package com.google.android.youtube
09-20 00:39:25.639  3754  4258 W PackageManager: Unknown permission com.htc.launcher.permission.READ_SETTINGS in package com.google.android.youtube
09-20 00:39:25.639  3754  4258 W PackageManager: Unknown permission com.htc.launcher.permission.UPDATE_SHORTCUT in package com.google.android.youtube
09-20 00:39:25.639  3754  4258 W PackageManager: Unknown permission com.sonyericsson.home.permission.BROADCAST_BADGE in package com.google.android.youtube
09-20 00:39:25.639  3754  4258 W PackageManager: Unknown permission com.sonymobile.home.permission.PROVIDER_INSERT_BADGE in package com.google.android.youtube
09-20 00:39:25.639  3754  4258 W PackageManager: Unknown permission com.google.android.voicesearch.SHORTCUTS_ACCESS in package com.google.android.googlequicksearchbox
09-20 00:39:25.639  3754  4258 W PackageManager: Unknown permission com.google.android.voicesearch.ACCESS_SETTINGS in package com.google.android.googlequicksearchbox
09-20 00:39:25.639  3754  4258 W PackageManager: Unknown permission com.android.browser.permission.PRELOAD in package com.google.android.googlequicksearchbox
09-20 00:39:25.639  3754  4258 W PackageManager: Unknown permission com.google.android.ears.permission.WRITE in package com.google.android.googlequicksearchbox
09-20 00:39:25.639  3754  4258 W PackageManager: Unknown permission com.google.googlenav.friend.permission.OPT_IN in package com.google.android.googlequicksearchbox
09-20 00:39:25.639  3754  4258 W PackageManager: Unknown permission com.google.android.apps.googlevoice.permission.AUTO_SEND in package com.google.android.googlequicksearchbox
09-20 00:39:25.639  3754  4258 W PackageManager: Unknown permission com.google.android.hangouts.START_HANGOUT in package com.google.android.googlequicksearchbox
09-20 00:39:25.639  3754  4258 W PackageManager: Unknown permission com.android.chrome.PRERENDER_URL in package com.google.android.googlequicksearchbox
09-20 00:39:25.640  3754  4258 W PackageManager: Not granting permission com.google.android.googleapps.permission.GOOGLE_AUTH to package com.android.providers.calendar (protectionLevel=2 flags=0x30883e45)
09-20 00:39:25.640  3754  4258 W PackageManager: Not granting permission com.google.android.googleapps.permission.GOOGLE_AUTH.cl to package com.android.providers.calendar (protectionLevel=2 flags=0x30883e45)
09-20 00:39:25.640  3754  4258 W PackageManager: Unknown permission com.google.android.ims.providers.ACCESS_DATA in package com.google.android.apps.messaging
09-20 00:39:25.640  3754  4258 W PackageManager: Unknown permission com.google.android.ims.LOG_ACCESS in package com.google.android.apps.messaging
09-20 00:39:25.640  3754  4258 W PackageManager: Unknown permission com.google.android.setupwizard.READ_DEVICE_ORIGIN in package com.google.android.apps.messaging
09-20 00:39:25.640  3754  4258 W PackageManager: Unknown permission com.google.android.setupwizard.READ_DEVICE_ORIGIN_FIRST_PARTY in package com.google.android.apps.messaging
09-20 00:39:25.640  3754  4258 W PackageManager: Unknown permission com.sec.android.provider.badge.permission.READ in package com.google.android.apps.messaging
09-20 00:39:25.640  3754  4258 W PackageManager: Unknown permission com.sec.android.provider.badge.permission.WRITE in package com.google.android.apps.messaging
09-20 00:39:25.640  3754  4258 W PackageManager: Unknown permission com.htc.launcher.permission.READ_SETTINGS in package com.google.android.apps.messaging
09-20 00:39:25.640  3754  4258 W PackageManager: Unknown permission com.htc.launcher.permission.UPDATE_SHORTCUT in package com.google.android.apps.messaging
09-20 00:39:25.640  3754  4258 W PackageManager: Unknown permission com.sonyericsson.home.permission.BROADCAST_BADGE in package com.google.android.apps.messaging
09-20 00:39:25.641  3754  4258 W PackageManager: Unknown permission com.sonymobile.home.permission.PROVIDER_INSERT_BADGE in package com.google.android.apps.messaging
09-20 00:39:25.641  3754  4258 W PackageManager: Unknown permission com.anddoes.launcher.permission.UPDATE_COUNT in package com.google.android.apps.messaging
09-20 00:39:25.641  3754  4258 W PackageManager: Unknown permission com.majeur.launcher.permission.UPDATE_BADGE in package com.google.android.apps.messaging
09-20 00:39:25.641  3754  4258 W PackageManager: Unknown permission com.huawei.android.launcher.permission.CHANGE_BADGE in package com.google.android.apps.messaging
09-20 00:39:25.641  3754  4258 W PackageManager: Unknown permission com.huawei.android.launcher.permission.READ_SETTINGS in package com.google.android.apps.messaging
09-20 00:39:25.641  3754  4258 W PackageManager: Unknown permission com.huawei.android.launcher.permission.WRITE_SETTINGS in package com.google.android.apps.messaging
09-20 00:39:25.641  3754  4258 W PackageManager: Unknown permission android.permission.READ_APP_BADGE in package com.google.android.apps.messaging
09-20 00:39:25.641  3754  4258 W PackageManager: Unknown permission com.oppo.launcher.permission.READ_SETTINGS in package com.google.android.apps.messaging
09-20 00:39:25.641  3754  4258 W PackageManager: Unknown permission com.oppo.launcher.permission.WRITE_SETTINGS in package com.google.android.apps.messaging
09-20 00:39:25.641  3754  4258 W PackageManager: Unknown permission cyanogenmod.permission.LEGALESE in package com.cyanogenmod.setupwizard
09-20 00:39:25.642  3754  4258 W PackageManager: Not granting permission android.permission.SEND_DOWNLOAD_COMPLETED_INTENTS to package com.android.vending (protectionLevel=2 flags=0x38cabe45)
09-20 00:39:25.642  3754  4258 W PackageManager: Not granting permission android.permission.SET_PREFERRED_APPLICATIONS to package com.android.vending (protectionLevel=2 flags=0x38cabe45)
09-20 00:39:25.643  3754  4258 W PackageManager: Unknown permission android.permission.ACCESS_INSTANT_APPS in package com.android.vending
09-20 00:39:25.643  3754  4258 W PackageManager: Unknown permission android.permission.ALLOCATE_AGGRESSIVE in package com.android.vending
09-20 00:39:25.643  3754  4258 W PackageManager: Unknown permission com.sec.android.provider.badge.permission.READ in package com.android.vending
09-20 00:39:25.644  3754  4258 W PackageManager: Unknown permission com.sec.android.provider.badge.permission.WRITE in package com.android.vending
09-20 00:39:25.644  3754  4258 W PackageManager: Unknown permission com.htc.launcher.permission.READ_SETTINGS in package com.android.vending
09-20 00:39:25.644  3754  4258 W PackageManager: Unknown permission com.htc.launcher.permission.UPDATE_SHORTCUT in package com.android.vending
09-20 00:39:25.644  3754  4258 W PackageManager: Unknown permission com.sonyericsson.home.permission.BROADCAST_BADGE in package com.android.vending
09-20 00:39:25.644  3754  4258 W PackageManager: Unknown permission com.sonymobile.home.permission.PROVIDER_INSERT_BADGE in package com.android.vending
09-20 00:39:25.644  3754  4258 W PackageManager: Unknown permission com.anddoes.launcher.permission.UPDATE_COUNT in package com.android.vending
09-20 00:39:25.644  3754  4258 W PackageManager: Unknown permission com.majeur.launcher.permission.UPDATE_BADGE in package com.android.vending
09-20 00:39:25.644  3754  4258 W PackageManager: Unknown permission com.huawei.android.launcher.permission.CHANGE_BADGE in package com.android.vending
09-20 00:39:25.644  3754  4258 W PackageManager: Unknown permission com.huawei.android.launcher.permission.READ_SETTINGS in package com.android.vending
09-20 00:39:25.644  3754  4258 W PackageManager: Unknown permission com.huawei.android.launcher.permission.WRITE_SETTINGS in package com.android.vending
09-20 00:39:25.644  3754  4258 W PackageManager: Unknown permission android.permission.READ_APP_BADGE in package com.android.vending
09-20 00:39:25.644  3754  4258 W PackageManager: Unknown permission com.oppo.launcher.permission.READ_SETTINGS in package com.android.vending
09-20 00:39:25.644  3754  4258 W PackageManager: Unknown permission com.oppo.launcher.permission.WRITE_SETTINGS in package com.android.vending
09-20 00:39:25.645  3754  4258 W PackageManager: Unknown permission com.android.gallery3d.permission.STORAGE_CHANGE in package com.android.camera2
09-20 00:39:25.645  3754  4258 W PackageManager: Unknown permission android.permission.NFC_UNLOCK in package com.android.nfc
09-20 00:39:25.645  3754  4258 W PackageManager: Unknown permission com.android.launcher.permission.READ_SETTINGS in package com.google.android.launcher
09-20 00:39:25.645  3754  4258 W PackageManager: Unknown permission com.android.launcher.permission.WRITE_SETTINGS in package com.google.android.launcher
09-20 00:39:25.646  3754  4258 W PackageManager: Unknown permission com.google.android.email.permission.ACCESS_PROVIDER in package com.google.android.gm
09-20 00:39:25.646  3754  4258 W PackageManager: Unknown permission com.google.android.gm.exchange.BIND in package com.google.android.gm
09-20 00:39:25.646  3754  4258 W PackageManager: Unknown permission com.android.email.partnerprovider.PARTNER_PROVIDER in package com.google.android.gm
09-20 00:39:25.647  3754  4258 W PackageManager: Not granting permission android.permission.INTERACT_ACROSS_USERS to package com.google.android.syncadapters.contacts (protectionLevel=50 flags=0x38883e45)
09-20 00:39:25.647  3754  4258 W PackageManager: Unknown permission com.google.android.syncadapters.contacts.permission.GAL_SEARCH in package com.google.android.syncadapters.contacts
09-20 00:39:25.647  3754  4258 W PackageManager: Unknown permission com.android.launcher.permission.READ_SETTINGS in package com.cyanogenmod.trebuchet
09-20 00:39:25.647  3754  4258 W PackageManager: Unknown permission com.android.launcher.permission.WRITE_SETTINGS in package com.cyanogenmod.trebuchet
09-20 00:39:25.648  3754  4258 W PackageManager: Unknown permission com.google.android.apps.enterprise.dmagent.permission.AutoSyncPermission in package com.google.android.gms
09-20 00:39:25.648  3754  4258 W PackageManager: Unknown permission com.google.android.hangouts.START_HANGOUT in package com.google.android.gms
09-20 00:39:25.648  3754  4258 W PackageManager: Unknown permission com.google.android.permission.ACCESSIBILITY_SCAN_SERVICE in package com.google.android.gms
09-20 00:39:25.648  3754  4258 W PackageManager: Unknown permission android.permission.ACTIVITY_EMBEDDING in package com.google.android.gms
09-20 00:39:25.648  3754  4258 W PackageManager: Unknown permission android.permission.PROVIDE_RESOLVER_RANKER_SERVICE in package com.google.android.gms
09-20 00:39:25.648  3754  4258 W PackageManager: Unknown permission com.google.android.wearable.READ_SETTINGS in package com.google.android.gms
09-20 00:39:25.648  3754  4258 W PackageManager: Unknown permission android.permission.MANAGE_SUBSCRIPTION_PLANS in package com.google.android.gms
09-20 00:39:25.649  3754  4258 W PackageManager: Unknown permission com.android.launcher.permission.PRELOAD_WORKSPACE in package com.google.android.partnersetup
09-20 00:39:25.649  3754  4258 W PackageManager: Unknown permission com.google.android.permission.INSTALL_WEARABLE_PACKAGES in package com.android.packageinstaller
09-20 00:39:25.649  3754  4258 W PackageManager: Not granting permission android.permission.DELETE_PACKAGES to package com.svox.pico (protectionLevel=18 flags=0x3888be45)
09-20 00:39:25.649  3754  4258 W PackageManager: Not granting permission android.permission.WRITE_MEDIA_STORAGE to package com.google.android.apps.photos (protectionLevel=18 flags=0x38d9be45)
09-20 00:39:25.649  3754  4258 W PackageManager: Unknown permission com.google.android.gm.exchange.BIND in package com.google.android.calendar
09-20 00:39:25.650  3754  4258 W PackageManager: Unknown permission com.google.android.gallery3d.permission.PICASA_STORE in package com.android.dreams.phototable
09-20 00:39:25.650  3754  4258 W PackageManager: Not granting permission android.permission.CONTROL_KEYGUARD to package com.google.android.gsf.login (protectionLevel=2 flags=0x30c8be45)
09-20 00:39:25.650  3754  4258 W PackageManager: Unknown permission com.android.vending.billing.IBillingAccountService.BIND2 in package com.google.android.gsf.login
09-20 00:39:25.650  3754  4258 W PackageManager: Unknown permission com.android.chrome.TOS_ACKED in package com.google.android.gsf.login
09-20 00:39:25.651  3754  4258 W PackageManager: Unknown permission com.android.launcher.permission.READ_SETTINGS in package com.android.settings
09-20 00:39:25.651  3754  4258 W PackageManager: Unknown permission com.android.launcher.permission.WRITE_SETTINGS in package com.android.settings
09-20 00:39:25.651  3754  4258 W PackageManager: Not granting permission android.permission.REBOOT to package eu.chainfire.supersu (protectionLevel=18 flags=0x38083e04)
09-20 00:39:25.654  3754  4258 W PackageManager: Unknown permission com.cyanogenmod.lockclock.permission.READ_WEATHER in package com.android.systemui
09-20 00:39:25.654  3754  4258 W PackageManager: Unknown permission com.google.android.gallery3d.permission.GALLERY_PROVIDER in package com.android.bluetooth
09-20 00:39:25.679  3754  4257 D EventHub: No input device configuration file found for device 'interrupt_gyro_sensor'.
09-20 00:39:25.719  3754  4257 D EventHub: No input device configuration file found for device 'step_cnt_sensor'.
09-20 00:39:25.748  3754  4258 W MountService: No primary storage defined yet; hacking together a stub
09-20 00:39:25.749  3754  4258 W MountService: No primary storage defined yet; hacking together a stub
09-20 00:39:25.751  3754  4257 D EventHub: No input device configuration file found for device 'sig_motion_sensor'.
09-20 00:39:25.751  3754  4258 W MountService: No primary storage mounted!
09-20 00:39:25.751  3754  4258 D VoldConnector: SND -> {2 asec list}
09-20 00:39:25.752  3754  4259 D VoldConnector: RCV <- {200 2 asec operation succeeded}
09-20 00:39:25.791  3754  4257 D EventHub: No input device configuration file found for device 'gesture_sensor'.
09-20 00:39:25.796  3754  3754 I PackageManager.DexOptimizer: Running dexopt (dex2oat) on: /system/app/YouTube/YouTube.apk pkg=com.google.android.youtube isa=arm64 vmSafeMode=false debuggable=false target-filter=interpret-only oatDir = null sharedLibraries=null
09-20 00:39:25.828  3754  4257 D EventHub: No input device configuration file found for device 'temp_humidity_sensor'.
09-20 00:39:25.836  4261  4261 I dex2oat : /system/bin/dex2oat --compiler-filter=interpret-only
09-20 00:39:25.877  3754  4257 D EventHub: No input device configuration file found for device 'proximity_alert_sensor'.
09-20 00:39:25.915  3754  4257 D EventHub: No input device configuration file found for device 'proximity_sensor'.
09-20 00:39:25.956  3754  4257 D EventHub: No input device configuration file found for device 'light_ir_sensor'.
09-20 00:39:25.979  3754  4257 D EventHub: No input device configuration file found for device 'light_sensor'.
09-20 00:39:26.011  3754  4257 D EventHub: No input device configuration file found for device 'hrm_sensor'.
09-20 00:39:26.047  3754  4257 D EventHub: No input device configuration file found for device 'grip_sensor'.
09-20 00:39:26.087  3754  4257 E EventHub: could not get driver version for /dev/input/mice, Not a typewriter
09-20 00:39:26.150  3754  4257 I InputReader: Device added: id=-1, name='Virtual', sources=0x00000301
09-20 00:39:26.150  3754  4257 W InputReader: Invalid value for touch.size.calibration: 'normalized'
09-20 00:39:26.151  3754  4257 I InputReader:   Touch device 'sec_touchscreen' could not query the properties of its associated display.  The device will be inoperable until the display size becomes available.
09-20 00:39:26.151  3754  4257 I InputReader: Device added: id=5, name='sec_touchscreen', sources=0x00001103
09-20 00:39:26.152  3754  4257 I InputReader:   Touch device 'sec_touchpad' could not query the properties of its associated display.  The device will be inoperable until the display size becomes available.
09-20 00:39:26.152  3754  4257 I InputReader: Device added: id=4, name='sec_touchpad', sources=0x00002103
09-20 00:39:26.152  3754  4257 I InputReader: Device added: id=3, name='gpio_keys', sources=0x00000101
09-20 00:39:26.152  3754  4257 I InputReader: Device added: id=2, name='Headset', sources=0x00000101
09-20 00:39:26.153  3754  4257 I InputReader: Reconfiguring input devices.  changes=0x00000004
09-20 00:39:26.175  3754  4257 I InputReader: Device reconfigured: id=4, name='sec_touchpad', size 1440x2960, orientation 0, mode 4, display id 0
09-20 00:39:26.176  3754  4257 I InputReader: Device reconfigured: id=5, name='sec_touchscreen', size 1440x2960, orientation 0, mode 1, display id 0
09-20 00:39:26.176  3754  4256 I ActivityManager: Config changes=8 {1.0 ?mcc?mnc [en_US] ldltr sw411dp w411dp h773dp 560dpi nrml long port finger -keyb/h/h -nav/h s.5}
09-20 00:39:27.423  4261  4268 W dex2oat : Before Android 4.1, method double java.util.concurrent.ThreadLocalRandom.internalNextDouble(double, double) would have incorrectly overridden the package-private method in java.util.Random
09-20 00:39:27.423  4261  4268 W dex2oat : Before Android 4.1, method int java.util.concurrent.ThreadLocalRandom.internalNextInt(int, int) would have incorrectly overridden the package-private method in java.util.Random
09-20 00:39:27.423  4261  4268 W dex2oat : Before Android 4.1, method long java.util.concurrent.ThreadLocalRandom.internalNextLong(long, long) would have incorrectly overridden the package-private method in java.util.Random
09-20 00:39:28.972  4261  4261 I dex2oat : dex2oat took 3.137s (threads: 8) arena alloc=1749KB (1791904B) java alloc=24MB (25610296B) native alloc=38MB (40753416B) free=4MB (4859640B)
09-20 00:39:28.984  3754  3754 I PackageManager.DexOptimizer: Running dexopt (dex2oat) on: /system/priv-app/Velvet/Velvet.apk pkg=com.google.android.googlequicksearchbox isa=arm64 vmSafeMode=false debuggable=false target-filter=interpret-only oatDir = null sharedLibraries=null
09-20 00:39:29.051  4270  4270 I dex2oat : /system/bin/dex2oat --compiler-filter=interpret-only
09-20 00:39:30.591  4270  4270 I dex2oat : Large app, accepted running with swap.
09-20 00:39:32.209  4270  4270 W dex2oat : Before Android 4.1, method double java.util.concurrent.ThreadLocalRandom.internalNextDouble(double, double) would have incorrectly overridden the package-private method in java.util.Random
09-20 00:39:32.209  4270  4270 W dex2oat : Before Android 4.1, method int java.util.concurrent.ThreadLocalRandom.internalNextInt(int, int) would have incorrectly overridden the package-private method in java.util.Random
09-20 00:39:32.209  4270  4270 W dex2oat : Before Android 4.1, method long java.util.concurrent.ThreadLocalRandom.internalNextLong(long, long) would have incorrectly overridden the package-private method in java.util.Random
09-20 00:39:34.217  4270  4270 I dex2oat : dex2oat took 5.167s (threads: 8) arena alloc=1869KB (1914032B) java alloc=43MB (45401576B) native alloc=48MB (50598696B) free=11MB (11791576B) swap=16MB (16777216B)
09-20 00:39:34.253  3754  3754 I PackageManager.DexOptimizer: Running dexopt (dex2oat) on: /system/priv-app/CalendarProvider/CalendarProvider.apk pkg=com.android.providers.calendar isa=arm64 vmSafeMode=false debuggable=false target-filter=interpret-only oatDir = null sharedLibraries=/system/framework/android.test.runner.jar
09-20 00:39:34.311  4279  4279 I dex2oat : /system/bin/dex2oat --compiler-filter=interpret-only
09-20 00:39:34.593  4279  4279 I dex2oat : dex2oat took 284.136ms (threads: 8) arena alloc=11KB (11672B) java alloc=814KB (833560B) native alloc=1188KB (1217320B) free=3MB (4025560B)
09-20 00:39:34.600  3754  3754 I PackageManager.DexOptimizer: Running dexopt (dex2oat) on: /system/priv-app/MediaProvider/MediaProvider.apk pkg=com.android.providers.media isa=arm64 vmSafeMode=false debuggable=false target-filter=interpret-only oatDir = null sharedLibraries=null
09-20 00:39:34.641  4288  4288 I dex2oat : /system/bin/dex2oat --compiler-filter=interpret-only
09-20 00:39:34.790  4288  4288 I dex2oat : dex2oat took 149.061ms (threads: 8) arena alloc=114KB (117208B) java alloc=289KB (296920B) native alloc=1325KB (1357120B) free=2MB (2312896B)
09-20 00:39:34.796  3754  3754 I PackageManager.DexOptimizer: Running dexopt (dex2oat) on: /system/priv-app/GoogleOneTimeInitializer/GoogleOneTimeInitializer.apk pkg=com.google.android.onetimeinitializer isa=arm64 vmSafeMode=false debuggable=false target-filter=interpret-only oatDir = null sharedLibraries=null
09-20 00:39:34.840  4297  4297 I dex2oat : /system/bin/dex2oat --compiler-filter=interpret-only
09-20 00:39:34.974  4297  4297 I dex2oat : dex2oat took 134.775ms (threads: 8) arena alloc=15KB (16064B) java alloc=297KB (304192B) native alloc=1330KB (1362144B) free=2MB (2832160B)
09-20 00:39:34.981  3754  3754 I PackageManager.DexOptimizer: Running dexopt (dex2oat) on: /system/priv-app/WallpaperCropper/WallpaperCropper.apk pkg=com.android.wallpapercropper isa=arm64 vmSafeMode=false debuggable=false target-filter=interpret-only oatDir = null sharedLibraries=null
09-20 00:39:35.026  4307  4307 I dex2oat : /system/bin/dex2oat --compiler-filter=interpret-only
09-20 00:39:35.184  4307  4307 I dex2oat : dex2oat took 159.325ms (threads: 8) arena alloc=9KB (10032B) java alloc=390KB (399456B) native alloc=1380KB (1413208B) free=3MB (3305384B)
09-20 00:39:35.191  3754  3754 I PackageManager.DexOptimizer: Running dexopt (dex2oat) on: /system/priv-app/DocumentsUI/DocumentsUI.apk pkg=com.android.documentsui isa=arm64 vmSafeMode=false debuggable=false target-filter=interpret-only oatDir = null sharedLibraries=null
09-20 00:39:35.229  4316  4316 I dex2oat : /system/bin/dex2oat --compiler-filter=interpret-only
09-20 00:39:35.399  4316  4316 W dex2oat : Before Android 4.1, method android.graphics.PorterDuffColorFilter android.support.graphics.drawable.VectorDrawableCompat.updateTintFilter(android.graphics.PorterDuffColorFilter, android.content.res.ColorStateList, android.graphics.PorterDuff$Mode) would have incorrectly overridden the package-private method in android.graphics.drawable.Drawable
09-20 00:39:35.419  4316  4316 W dex2oat : Before Android 4.1, method int android.support.v7.widget.ListViewCompat.lookForSelectablePosition(int, boolean) would have incorrectly overridden the package-private method in android.widget.ListView
09-20 00:39:35.649  4316  4316 I dex2oat : dex2oat took 420.298ms (threads: 8) arena alloc=9KB (9888B) java alloc=2MB (2718728B) native alloc=2MB (2959088B) free=2MB (2808080B)
09-20 00:39:35.653  3754  3754 I PackageManager.DexOptimizer: Running dexopt (dex2oat) on: /system/priv-app/ExternalStorageProvider/ExternalStorageProvider.apk pkg=com.android.externalstorage isa=arm64 vmSafeMode=false debuggable=false target-filter=interpret-only oatDir = null sharedLibraries=null
09-20 00:39:35.688  4325  4325 I dex2oat : /system/bin/dex2oat --compiler-filter=interpret-only
09-20 00:39:35.799  4325  4325 I dex2oat : dex2oat took 111.006ms (threads: 8) arena alloc=17KB (17488B) java alloc=167KB (171192B) native alloc=1240KB (1269792B) free=2MB (2924512B)
09-20 00:39:35.805  3754  3754 I PackageManager.DexOptimizer: Running dexopt (dex2oat) on: /system/app/HTMLViewer/HTMLViewer.apk pkg=com.android.htmlviewer isa=arm64 vmSafeMode=false debuggable=false target-filter=interpret-only oatDir = null sharedLibraries=null
09-20 00:39:35.842  4334  4334 I dex2oat : /system/bin/dex2oat --compiler-filter=interpret-only
09-20 00:39:35.934  4334  4334 I dex2oat : dex2oat took 93.327ms (threads: 8) arena alloc=9KB (10104B) java alloc=75KB (77208B) native alloc=1029KB (1054592B) free=1530KB (1566848B)
