09-12 15:18:11.844  4865  4865 V lhd     : SetCfgValue: LHD config "Lhe477xDebugFlags"="RPC:FACILITY=33:STDOUT_PUTS:STDOUT_LOG"
09-12 15:18:11.844  4865  4865 E lhd     : SetCfgValue: Critical Error. Unknown configuration parameter "LheSensorIpc"="true"
09-12 15:18:11.844  4865  4865 E lhd     : SetCfgValue: Critical Error. Unknown configuration parameter "LhePinMux"="P17=M1"
09-12 15:18:11.844  4865  4865 V lhd     : SetCfgValue: LHD config "LheAutoBaudDelayMS"="10"
09-12 15:18:11.844  4865  4865 V lhd     : SetCfgValue: LHD config "LheMaxMcuResetTries"="3"
09-12 15:18:11.844  4865  4865 E lhd     : OpenFirmwareFile: Fail to open /efs/sec_efs/sensorhub_urgent_fw.patch, errno 2
09-12 15:18:11.844  4865  4865 E lhd     : getCustPatchVersion: Fail to parse patch /efs/sec_efs/sensorhub_urgent_fw.patch
09-12 15:18:11.844  4865  4865 E lhd     : getCustPatchVersion: <CustomerVersion> not found
09-12 15:18:11.908  3165  3165 D gpsd    : WakeLock(Acquire,GPSD)
09-12 15:18:11.908  3165  3165 D gpsd    : WakeLock(Release,GPSD)
09-12 15:18:11.908  4865  4865 D lhd     : OnIpcConnect
09-12 15:18:11.908  3165  3165 D gpsd    : WakeLock(Acquire,GPSD)
09-12 15:18:11.908  3165  3165 D gpsd    : WakeLock(Release,GPSD)
09-12 15:18:12.709  3168  3379 V audio_hw_primary_abox: fast_out-out_standby: enter
09-12 15:18:12.709  3168  3379 I audio_hw_primary_abox: fast_out-out_standby: Transit to Idle
09-12 15:18:12.719  3168  3379 I audio_hw_primary_abox: fast_out-do_close_output_stream: Closed PCM Device
09-12 15:18:12.720  3168  3379 D audio_hw_primary_abox: fast_out-set_audio_route: [PLAYBACK] current-device(speaker) new-device(speaker) in cur-mode(normal) & new-mode(normal)!
09-12 15:18:12.740  3168  3379 I audio_hw_primary_abox: USAGE_SPKAMP-do_close_spkamp_stream: Closed PCM Device is /dev/snd/pcmC0D7p
09-12 15:18:12.746  3168  3379 I audio_hw_primary_abox: USAGE_SPKAMP-do_close_spkamp_stream: Closed PCM Device is /dev/snd/pcmC0D11c
09-12 15:18:12.753  3168  3379 I audio_hw_primary_abox: USAGE_SPKAMP-do_close_spkamp_stream: Closed PCM Device is /dev/snd/pcmC0D12c
09-12 15:18:12.755  3168  3379 I audio_hw_primary_abox: USAGE_SPKAMP-do_close_spkamp_stream: Closed PCM Device is /dev/snd/pcmC0D6p
09-12 15:18:12.755  3168  3379 I audio_route: > audio_route_update_path + : "media-speaker" reverse(1)
09-12 15:18:12.760  3168  3379 I audio_route: > audio_route_update_path - : changed(3)
09-12 15:18:12.760  3168  3379 D audio_hw_primary_abox: fast_out-do_set_route: Disabled Audio Route(media-speaker)
09-12 15:18:12.760  3168  3379 I audio_route: > audio_route_update_path + : "gain-media-speaker" reverse(1)
09-12 15:18:12.760  3168  3379 I audio_route: > audio_route_update_path - : changed(0)
09-12 15:18:12.760  3168  3379 D audio_hw_primary_abox: fast_out-do_set_route: Disabled Audio Gain(gain-media-speaker)
09-12 15:18:12.760  3168  3379 I audio_hw_primary_abox: fast_out-out_standby: Transit to Standby
09-12 15:18:12.761  3168  3379 V audio_hw_primary_abox: fast_out-out_standby: exit
09-12 15:18:14.143  4248  4248 I d.process.media: type=1400 audit(0.0:235): avc: denied { lock } for path="/data/data/com.android.providers.media/databases/external.db-shm" dev="sda24" ino=2015529 scontext=u:r:priv_app:s0:c512,c768 tcontext=u:object_r:system_data_file:s0:c512,c768 tclass=file permissive=1
09-12 15:18:14.143  4248  4248 W d.process.media: type=1300 audit(0.0:235): arch=c00000b7 syscall=25 success=yes exit=0 a0=26 a1=6 a2=7ffbe14398 a3=6 items=0 ppid=3166 auid=4294967295 uid=10009 gid=10009 euid=10009 suid=10009 fsuid=10009 egid=10009 sgid=10009 fsgid=10009 tty=(none) ses=4294967295 exe="/system/bin/app_process64" subj=u:r:priv_app:s0:c512,c768 key=(null)
09-12 15:18:14.143  3075  3075 W auditd  : type=1327 audit(0.0:235): proctitle="android.process.media"
09-12 15:18:14.143  3075  3075 W auditd  : type=1320 audit(0.0:235): 
09-12 15:18:14.214  4248  4248 D MtpService: starting MTP server in MTP mode
09-12 15:18:14.254  4248  4248 E MtpServerJNI: could not open MTP driver, errno: 2
09-12 15:18:14.265  4248  4248 D MtpService: Adding MTP storage 0x10001 at /storage/emulated/0
09-12 15:18:14.265  4248  4248 E MtpServerJNI: server is null in add_storage
09-12 15:18:14.266  4248  4878 E MtpServerJNI: server is null in run
09-12 15:18:14.266  4248  4878 E MtpServerJNI: server is null in cleanup
09-12 15:18:14.275  4248  4248 E MtpServerJNI: server is null in send_object_removed
09-12 15:18:14.484  4248  4248 D MtpService: starting MTP server in MTP mode
09-12 15:18:14.500  4248  4248 E MtpServerJNI: could not open MTP driver, errno: 2
09-12 15:18:14.512  4248  4248 D MtpService: Adding MTP storage 0x10001 at /storage/emulated/0
09-12 15:18:14.513  4248  4248 E MtpServerJNI: server is null in add_storage
09-12 15:18:14.513  4248  4886 E MtpServerJNI: server is null in run
09-12 15:18:14.513  4248  4886 E MtpServerJNI: server is null in cleanup
09-12 15:18:14.524  4248  4248 E MtpServerJNI: server is null in send_object_removed
09-12 15:18:17.266  4248  4248 D MtpService: starting MTP server in MTP mode
09-12 15:18:17.279  4248  4248 E MtpServerJNI: could not open MTP driver, errno: 2
09-12 15:18:17.289  4248  4248 D MtpService: Adding MTP storage 0x10001 at /storage/emulated/0
09-12 15:18:17.289  4248  4248 E MtpServerJNI: server is null in add_storage
09-12 15:18:17.290  4248  4898 E MtpServerJNI: server is null in run
09-12 15:18:17.290  4248  4898 E MtpServerJNI: server is null in cleanup
09-12 15:18:17.299  4248  4248 E MtpServerJNI: server is null in send_object_removed
09-12 15:18:23.109  3549  3568 I UsbPortManager: USB port changed: port=UsbPort{id=otg_default, supportedModes=dual}, status=UsbPortStatus{connected=false, currentMode=none, currentPowerRole=no-power, currentDataRole=no-data, supportedRoleCombinations=[no-power:no-data]}, canChangeMode=true, canChangePowerRole=false, canChangeDataRole=false
09-12 15:18:23.166  3549  3566 E BatteryStatsService: no controller energy info supplied
09-12 15:18:24.005  3549  3568 I UsbPortManager: USB port changed: port=UsbPort{id=otg_default, supportedModes=dual}, status=UsbPortStatus{connected=true, currentMode=ufp, currentPowerRole=sink, currentDataRole=device, supportedRoleCombinations=[source:host, sink:device]}, canChangeMode=true, canChangePowerRole=false, canChangeDataRole=false
09-12 15:18:24.108  3549  3568 I UsbDeviceManager: Setting USB config to mtp
09-12 15:18:24.360  3549  3549 I EntropyMixer: Writing entropy...
09-12 15:18:24.404  3549  3566 E BatteryStatsService: no controller energy info supplied
09-12 15:18:24.670  4248  4248 D MtpService: starting MTP server in MTP mode
09-12 15:18:24.683  4248  4248 E MtpServerJNI: could not open MTP driver, errno: 2
09-12 15:18:24.694  4248  4912 E MtpServerJNI: server is null in run
09-12 15:18:24.694  4248  4912 E MtpServerJNI: server is null in cleanup
09-12 15:18:24.700  4248  4248 E MtpServerJNI: server is null in send_object_removed
09-12 15:18:26.927  3165  3165 D gpsd    : WakeLock(Acquire,GPSD)
09-12 15:18:26.928  3165  3165 D gpsd    : WakeLock(Release,GPSD)
09-12 15:18:26.929  3165  3165 D gpsd    : WakeLock(Acquire,GPSD)
09-12 15:18:26.929  3165  3165 D gpsd    : WakeLock(Release,GPSD)
09-12 15:18:26.994  4914  4914 V lhd     : GlLhdInterface::Init(/system/etc/lhd.conf)
09-12 15:18:26.995  4914  4914 E lhd     : SetCfgValue: Critical Error. Unknown configuration parameter "FlpName"="tcp"
09-12 15:18:26.995  4914  4914 V lhd     : SetCfgValue: LHD config "LheSerialControl"="BBD:Serial=TTY"
09-12 15:18:26.996  4914  4914 E lhd     : SetCfgValue: Critical Error. Unknown configuration parameter "LheClockMHz"="100"
09-12 15:18:26.996  4914  4914 V lhd     : SetCfgValue: LHD config "LhePatch"="/dev/bbd_patch"
09-12 15:18:26.996  4914  4914 V lhd     : SetCfgValue: LHD config "LheMaxMcuResetTries"="4"
09-12 15:18:26.996  4914  4914 V lhd     : SetCfgValue: LHD config "LheBbdPacket"="/dev/ttyBCM"
09-12 15:18:26.996  4914  4914 V lhd     : SetCfgValue: LHD config "LheBbdControl"="/dev/bbd_control"
09-12 15:18:26.996  4914  4914 V lhd     : SetCfgValue: LHD config "LheBbdSensor"="/dev/bbd_sensor"
09-12 15:18:26.996  4914  4914 V lhd     : SetCfgValue: LHD config "Lhe477xDebugFlags"="RPC:FACILITY=33:STDOUT_PUTS:STDOUT_LOG"
09-12 15:18:26.996  4914  4914 E lhd     : SetCfgValue: Critical Error. Unknown configuration parameter "LheSensorIpc"="true"
09-12 15:18:26.996  4914  4914 E lhd     : SetCfgValue: Critical Error. Unknown configuration parameter "LhePinMux"="P17=M1"
09-12 15:18:26.996  4914  4914 V lhd     : SetCfgValue: LHD config "LheAutoBaudDelayMS"="10"
09-12 15:18:26.996  4914  4914 V lhd     : SetCfgValue: LHD config "LheMaxMcuResetTries"="3"
09-12 15:18:26.996  4914  4914 E lhd     : OpenFirmwareFile: Fail to open /efs/sec_efs/sensorhub_urgent_fw.patch, errno 2
09-12 15:18:26.996  4914  4914 E lhd     : getCustPatchVersion: Fail to parse patch /efs/sec_efs/sensorhub_urgent_fw.patch
09-12 15:18:26.996  4914  4914 E lhd     : getCustPatchVersion: <CustomerVersion> not found
09-12 15:18:27.062  3165  3165 D gpsd    : WakeLock(Acquire,GPSD)
09-12 15:18:27.062  4914  4914 D lhd     : OnIpcConnect
09-12 15:18:27.062  3165  3165 D gpsd    : WakeLock(Release,GPSD)
09-12 15:18:27.062  3165  3165 D gpsd    : WakeLock(Acquire,GPSD)
09-12 15:18:27.062  3165  3165 D gpsd    : WakeLock(Release,GPSD)
09-12 15:18:28.013  4248  4248 D MtpService: starting MTP server in MTP mode
09-12 15:18:28.026  4248  4248 E MtpServerJNI: could not open MTP driver, errno: 2
09-12 15:18:28.037  4248  4924 E MtpServerJNI: server is null in run
09-12 15:18:28.037  4248  4924 E MtpServerJNI: server is null in cleanup
09-12 15:18:28.045  4248  4248 E MtpServerJNI: server is null in send_object_removed
09-12 15:18:28.405  4248  4248 D MtpService: starting MTP server in MTP mode
09-12 15:18:28.425  4248  4248 E MtpServerJNI: could not open MTP driver, errno: 2
09-12 15:18:28.445  4248  4935 E MtpServerJNI: server is null in run
09-12 15:18:28.445  4248  4935 E MtpServerJNI: server is null in cleanup
09-12 15:18:28.464  4248  4248 E MtpServerJNI: server is null in send_object_removed
09-12 15:18:33.196  3549  4207 I ActivityManager: Setting hasTopUi=true for pid=3684
09-12 15:18:33.199  3684  3684 D PhoneStatusBar: disable: < expand ICONS* alerts SYSTEM_INFO* back home recent clock search quick_settings >
09-12 15:18:33.229  3684  3973 D mali_winsys: EGLint new_window_surface(egl_winsys_display*, void*, EGLSurface, EGLConfig, egl_winsys_surface**, egl_color_buffer_format*, EGLBoolean) returns 0x3000,  [1440x2960]-format:1
09-12 15:18:33.257  3684  3689 I art     : Compiler allocated 6MB to compile void android.view.ViewRootImpl.performTraversals()
09-12 15:18:34.607  3168  3379 D audio_hw_primary_abox: fast_out-set_audio_route: [PLAYBACK] current-device(none) new-device(speaker) in cur-mode(none) & new-mode(normal)!
09-12 15:18:34.607  3168  3379 I audio_hw_primary_abox: is_voice_wakeup : ret =  0  , wakeup_baby_cry_enabled = 0  ,  wakeup_mic_enabled = 0 
09-12 15:18:34.607  3168  3379 I audio_route: > audio_route_apply_path : "media-speaker"
09-12 15:18:34.609  3168  3379 I audio_route: > audio_route_update_path + : "media-speaker" reverse(0)
09-12 15:18:34.609  3168  3379 I audio_route: > audio_route_update_path - : changed(0)
09-12 15:18:34.609  3168  3379 D audio_hw_primary_abox: fast_out-do_set_route: Enabled Audio Route(media-speaker)
09-12 15:18:34.609  3168  3379 I audio_route: > audio_route_apply_path : "gain-media-speaker"
09-12 15:18:34.609  3168  3379 I audio_route: > audio_route_update_path + : "gain-media-speaker" reverse(0)
09-12 15:18:34.610  3168  3379 I audio_route: > audio_route_update_path - : changed(0)
09-12 15:18:34.610  3168  3379 D audio_hw_primary_abox: fast_out-do_set_route: Enabled Audio Gain(gain-media-speaker)
09-12 15:18:34.611  3168  3379 I audio_hw_primary_abox: [do_open_spkamp_stream] Opened PCM Device(/dev/snd/pcmC0D7p) configured Info: Channels(2)  Smapling Rate(48000), Format: Default(0)
09-12 15:18:34.614  3168  3379 I audio_hw_primary_abox: [do_open_spkamp_stream] Opened PCM Device(/dev/snd/pcmC0D11c) configured Info: Channels(2)  Smapling Rate(48000), Format: Default(0)
09-12 15:18:34.616  3549  4208 I ActivityManager: START u0 {act=android.intent.action.MAIN cat=[android.intent.category.LAUNCHER] flg=0x10008000 cmp=com.android.settings/.deviceinfo.UsbModeChooserActivity} from uid 1000 on display 0
09-12 15:18:34.617  3168  3379 I audio_hw_primary_abox: [do_open_spkamp_stream] Opened PCM Device(/dev/snd/pcmC0D12c) configured Info: Channels(2)  Smapling Rate(48000), Format: Default(0)
09-12 15:18:34.622  3947  3947 I chatty  : uid=1000(system) com.android.settings expire 2 lines
09-12 15:18:34.625  3168  3379 I audio_hw_primary_abox: [do_open_spkamp_stream] Opened PCM Device(/dev/snd/pcmC0D6p) configured Info: Channels(2)  Smapling Rate(48000), Format: Default(0)
09-12 15:18:34.633  3549  3560 W InputMethodManagerService: Window already focused, ignoring focus gain of: com.android.internal.view.IInputMethodClient$Stub$Proxy@72be12a attribute=null, token = android.os.BinderProxy@1774274
09-12 15:18:34.645  3168  3379 I audio_hw_primary_abox: fast_out-do_open_output_stream: Opened PCM Device is /dev/snd/pcmC0D2p samplingRate(48000) pcmformat(0)
09-12 15:18:34.645  3168  3379 I audio_hw_primary_abox: fast_out-out_write: Transit to Idle
09-12 15:18:34.647  3549  4244 E ActivityManager: applyOptionsLocked: Unknown animationType=0
09-12 15:18:34.649  3168  3379 I audio_hw_primary_abox: fast_out-out_write: Transit to Playing
09-12 15:18:34.798  3549  3570 I ActivityManager: Displayed com.android.settings/.deviceinfo.UsbModeChooserActivity: +151ms
09-12 15:18:34.941  3549  4234 I ActivityManager: Setting hasTopUi=false for pid=3684
09-12 15:18:34.943  3684  3684 D PhoneStatusBar: disable: < expand icons* alerts system_info* back home recent clock search quick_settings >
09-12 15:18:34.986  3684  3973 D mali_winsys: EGLint new_window_surface(egl_winsys_display*, void*, EGLSurface, EGLConfig, egl_winsys_surface**, egl_color_buffer_format*, EGLBoolean) returns 0x3000,  [1440x84]-format:1
09-12 15:18:35.990  3549  3568 I UsbDeviceManager: Setting USB config to mtp
09-12 15:18:36.014  3549  3560 W ActivityManager: Finishing task with all activities already finished
09-12 15:18:36.014  3549  3560 W ActivityManager: Duplicate finish request for ActivityRecord{441b159 u0 com.android.settings/.deviceinfo.UsbModeChooserActivity t5 f}
09-12 15:18:36.164  3947  4943 I chatty  : uid=1000(system) AsyncTask #5 expire 1 line
09-12 15:18:36.168  3947  4943 W TileUtils: Found com.android.systemui.tuner.TunerActivity for intent Intent { act=com.android.settings.action.EXTRA_SETTINGS } missing metadata 
09-12 15:18:36.583  4248  4248 D MtpService: starting MTP server in MTP mode
09-12 15:18:36.603  4248  4248 E MtpServerJNI: could not open MTP driver, errno: 2
09-12 15:18:36.621  4248  4248 D MtpService: Adding MTP storage 0x10001 at /storage/emulated/0
09-12 15:18:36.621  4248  4248 E MtpServerJNI: server is null in add_storage
09-12 15:18:36.622  4248  4947 E MtpServerJNI: server is null in run
09-12 15:18:36.622  4248  4947 E MtpServerJNI: server is null in cleanup
09-12 15:18:36.633  4248  4248 E MtpServerJNI: server is null in send_object_removed
09-12 15:18:38.925  4248  4248 D MtpService: starting MTP server in MTP mode
09-12 15:18:38.941  4248  4248 E MtpServerJNI: could not open MTP driver, errno: 2
09-12 15:18:38.950  4248  4248 D MtpService: Adding MTP storage 0x10001 at /storage/emulated/0
09-12 15:18:38.950  4248  4248 E MtpServerJNI: server is null in add_storage
09-12 15:18:38.951  4248  4956 E MtpServerJNI: server is null in run
09-12 15:18:38.951  4248  4956 E MtpServerJNI: server is null in cleanup
09-12 15:18:38.962  4248  4248 E MtpServerJNI: server is null in send_object_removed
09-12 15:18:39.125  3168  3379 V audio_hw_primary_abox: fast_out-out_standby: enter
09-12 15:18:39.126  3168  3379 I audio_hw_primary_abox: fast_out-out_standby: Transit to Idle
09-12 15:18:39.133  3168  3379 I audio_hw_primary_abox: fast_out-do_close_output_stream: Closed PCM Device
09-12 15:18:39.133  3168  3379 D audio_hw_primary_abox: fast_out-set_audio_route: [PLAYBACK] current-device(speaker) new-device(speaker) in cur-mode(normal) & new-mode(normal)!
09-12 15:18:39.150  3168  3379 I audio_hw_primary_abox: USAGE_SPKAMP-do_close_spkamp_stream: Closed PCM Device is /dev/snd/pcmC0D7p
09-12 15:18:39.152  3168  3379 I audio_hw_primary_abox: USAGE_SPKAMP-do_close_spkamp_stream: Closed PCM Device is /dev/snd/pcmC0D11c
09-12 15:18:39.154  3168  3379 I audio_hw_primary_abox: USAGE_SPKAMP-do_close_spkamp_stream: Closed PCM Device is /dev/snd/pcmC0D12c
09-12 15:18:39.155  3168  3379 I audio_hw_primary_abox: USAGE_SPKAMP-do_close_spkamp_stream: Closed PCM Device is /dev/snd/pcmC0D6p
09-12 15:18:39.155  3168  3379 I audio_route: > audio_route_update_path + : "media-speaker" reverse(1)
09-12 15:18:39.158  3168  3379 I audio_route: > audio_route_update_path - : changed(3)
09-12 15:18:39.158  3168  3379 D audio_hw_primary_abox: fast_out-do_set_route: Disabled Audio Route(media-speaker)
09-12 15:18:39.158  3168  3379 I audio_route: > audio_route_update_path + : "gain-media-speaker" reverse(1)
09-12 15:18:39.158  3168  3379 I audio_route: > audio_route_update_path - : changed(0)
09-12 15:18:39.158  3168  3379 D audio_hw_primary_abox: fast_out-do_set_route: Disabled Audio Gain(gain-media-speaker)
09-12 15:18:39.158  3168  3379 I audio_hw_primary_abox: fast_out-out_standby: Transit to Standby
09-12 15:18:39.158  3168  3379 V audio_hw_primary_abox: fast_out-out_standby: exit
09-12 15:18:39.257  4248  4248 D MtpService: starting MTP server in MTP mode
09-12 15:18:39.271  4248  4248 E MtpServerJNI: could not open MTP driver, errno: 2
09-12 15:18:39.285  4248  4248 D MtpService: Adding MTP storage 0x10001 at /storage/emulated/0
09-12 15:18:39.285  4248  4248 E MtpServerJNI: server is null in add_storage
09-12 15:18:39.287  4248  4967 E MtpServerJNI: server is null in run
09-12 15:18:39.287  4248  4967 E MtpServerJNI: server is null in cleanup
09-12 15:18:39.301  4248  4248 E MtpServerJNI: server is null in send_object_removed
09-12 15:18:42.079  3165  3165 D gpsd    : WakeLock(Acquire,GPSD)
09-12 15:18:42.080  3165  3165 D gpsd    : WakeLock(Release,GPSD)
09-12 15:18:42.080  3165  3165 D gpsd    : WakeLock(Acquire,GPSD)
09-12 15:18:42.080  3165  3165 D gpsd    : WakeLock(Release,GPSD)
09-12 15:18:42.152  4971  4971 V lhd     : GlLhdInterface::Init(/system/etc/lhd.conf)
09-12 15:18:42.152  4971  4971 E lhd     : SetCfgValue: Critical Error. Unknown configuration parameter "FlpName"="tcp"
09-12 15:18:42.152  4971  4971 V lhd     : SetCfgValue: LHD config "LheSerialControl"="BBD:Serial=TTY"
09-12 15:18:42.152  4971  4971 E lhd     : SetCfgValue: Critical Error. Unknown configuration parameter "LheClockMHz"="100"
09-12 15:18:42.152  4971  4971 V lhd     : SetCfgValue: LHD config "LhePatch"="/dev/bbd_patch"
09-12 15:18:42.152  4971  4971 V lhd     : SetCfgValue: LHD config "LheMaxMcuResetTries"="4"
09-12 15:18:42.152  4971  4971 V lhd     : SetCfgValue: LHD config "LheBbdPacket"="/dev/ttyBCM"
09-12 15:18:42.152  4971  4971 V lhd     : SetCfgValue: LHD config "LheBbdControl"="/dev/bbd_control"
09-12 15:18:42.152  4971  4971 V lhd     : SetCfgValue: LHD config "LheBbdSensor"="/dev/bbd_sensor"
09-12 15:18:42.152  4971  4971 V lhd     : SetCfgValue: LHD config "Lhe477xDebugFlags"="RPC:FACILITY=33:STDOUT_PUTS:STDOUT_LOG"
09-12 15:18:42.153  4971  4971 E lhd     : SetCfgValue: Critical Error. Unknown configuration parameter "LheSensorIpc"="true"
09-12 15:18:42.153  4971  4971 E lhd     : SetCfgValue: Critical Error. Unknown configuration parameter "LhePinMux"="P17=M1"
09-12 15:18:42.153  4971  4971 V lhd     : SetCfgValue: LHD config "LheAutoBaudDelayMS"="10"
09-12 15:18:42.153  4971  4971 V lhd     : SetCfgValue: LHD config "LheMaxMcuResetTries"="3"
09-12 15:18:42.153  4971  4971 E lhd     : OpenFirmwareFile: Fail to open /efs/sec_efs/sensorhub_urgent_fw.patch, errno 2
09-12 15:18:42.153  4971  4971 E lhd     : getCustPatchVersion: Fail to parse patch /efs/sec_efs/sensorhub_urgent_fw.patch
09-12 15:18:42.153  4971  4971 E lhd     : getCustPatchVersion: <CustomerVersion> not found
09-12 15:18:42.218  3165  3165 D gpsd    : WakeLock(Acquire,GPSD)
09-12 15:18:42.218  4971  4971 D lhd     : OnIpcConnect
09-12 15:18:42.218  3165  3165 D gpsd    : WakeLock(Release,GPSD)
09-12 15:18:42.219  3165  3165 D gpsd    : WakeLock(Acquire,GPSD)
09-12 15:18:42.219  3165  3165 D gpsd    : WakeLock(Release,GPSD)
09-12 15:18:48.363  3168  3379 D audio_hw_primary_abox: fast_out-set_audio_route: [PLAYBACK] current-device(none) new-device(speaker) in cur-mode(none) & new-mode(normal)!
09-12 15:18:48.363  3168  3379 I audio_hw_primary_abox: is_voice_wakeup : ret =  0  , wakeup_baby_cry_enabled = 0  ,  wakeup_mic_enabled = 0 
09-12 15:18:48.363  3168  3379 I audio_route: > audio_route_apply_path : "media-speaker"
09-12 15:18:48.364  3549  4208 I ActivityManager: START u0 {flg=0x8000 cmp=com.android.settings/.Settings$DeviceInfoSettingsActivity (has extras)} from uid 1000 on display 0
09-12 15:18:48.365  3168  3379 I audio_route: > audio_route_update_path + : "media-speaker" reverse(0)
09-12 15:18:48.365  3168  3379 I audio_route: > audio_route_update_path - : changed(0)
09-12 15:18:48.365  3168  3379 D audio_hw_primary_abox: fast_out-do_set_route: Enabled Audio Route(media-speaker)
09-12 15:18:48.365  3168  3379 I audio_route: > audio_route_apply_path : "gain-media-speaker"
09-12 15:18:48.365  3168  3379 I audio_route: > audio_route_update_path + : "gain-media-speaker" reverse(0)
09-12 15:18:48.365  3168  3379 I audio_route: > audio_route_update_path - : changed(0)
09-12 15:18:48.365  3168  3379 D audio_hw_primary_abox: fast_out-do_set_route: Enabled Audio Gain(gain-media-speaker)
09-12 15:18:48.366  3168  3379 I audio_hw_primary_abox: [do_open_spkamp_stream] Opened PCM Device(/dev/snd/pcmC0D7p) configured Info: Channels(2)  Smapling Rate(48000), Format: Default(0)
09-12 15:18:48.369  3168  3379 I audio_hw_primary_abox: [do_open_spkamp_stream] Opened PCM Device(/dev/snd/pcmC0D11c) configured Info: Channels(2)  Smapling Rate(48000), Format: Default(0)
09-12 15:18:48.372  3168  3379 I audio_hw_primary_abox: [do_open_spkamp_stream] Opened PCM Device(/dev/snd/pcmC0D12c) configured Info: Channels(2)  Smapling Rate(48000), Format: Default(0)
09-12 15:18:48.377  3168  3379 I audio_hw_primary_abox: [do_open_spkamp_stream] Opened PCM Device(/dev/snd/pcmC0D6p) configured Info: Channels(2)  Smapling Rate(48000), Format: Default(0)
09-12 15:18:48.397  3168  3379 I audio_hw_primary_abox: fast_out-do_open_output_stream: Opened PCM Device is /dev/snd/pcmC0D2p samplingRate(48000) pcmformat(0)
09-12 15:18:48.397  3168  3379 I audio_hw_primary_abox: fast_out-out_write: Transit to Idle
09-12 15:18:48.399  3168  3379 I audio_hw_primary_abox: fast_out-out_write: Transit to Playing
09-12 15:18:48.596  3947  3947 D ConstraintsHelper: construct key=cm_updates available=true
09-12 15:18:48.596  3947  3947 D ConstraintsHelper: construct key=contributors available=true
09-12 15:18:48.604  3947  3947 D DeviceInfoSettings: Property 'ro.url.safetylegal' missing and no 'safetylegal' preference
09-12 15:18:48.623  3947  3947 D RemotePreference: ResolveInfo ResolveInfo{ee761e4 org.cyanogenmod.cmparts/.PartsActivity m=0x0}
09-12 15:18:48.627  4975  4975 I com.android.settings: type=1400 audit(0.0:236): avc: denied { lock } for comm=4173796E635461736B202337 path="/data/user_de/0/com.android.settings/databases/search_index.db" dev="sda24" ino=3121348 scontext=u:r:system_app:s0 tcontext=u:object_r:system_data_file:s0 tclass=file permissive=1
09-12 15:18:48.627  4975  4975 W com.android.settings: type=1300 audit(0.0:236): arch=c00000b7 syscall=25 success=yes exit=0 a0=45 a1=6 a2=7f7b86a848 a3=7f5248adc0 items=0 ppid=3166 auid=4294967295 uid=1000 gid=1000 euid=1000 suid=1000 fsuid=1000 egid=1000 sgid=1000 fsgid=1000 tty=(none) ses=4294967295 comm=4173796E635461736B202337 exe="/system/bin/app_process64" subj=u:r:system_app:s0 key=(null)
09-12 15:18:48.627  3075  3075 W auditd  : type=1327 audit(0.0:236): proctitle="com.android.settings"
09-12 15:18:48.627  3075  3075 W auditd  : type=1320 audit(0.0:236): 
09-12 15:18:48.631  4975  4975 I com.android.settings: type=1400 audit(0.0:237): avc: denied { write } for comm=4173796E635461736B202337 name="search_index.db-journal" dev="sda24" ino=3121349 scontext=u:r:system_app:s0 tcontext=u:object_r:system_data_file:s0 tclass=file permissive=1
09-12 15:18:48.631  4975  4975 W com.android.settings: type=1300 audit(0.0:237): arch=c00000b7 syscall=56 success=yes exit=65 a0=ffffff9c a1=7f96565300 a2=a0042 a3=1b0 items=0 ppid=3166 auid=4294967295 uid=1000 gid=1000 euid=1000 suid=1000 fsuid=1000 egid=1000 sgid=1000 fsgid=1000 tty=(none) ses=4294967295 comm=4173796E635461736B202337 exe="/system/bin/app_process64" subj=u:r:system_app:s0 key=(null)
09-12 15:18:48.631  3075  3075 W auditd  : type=1327 audit(0.0:237): proctitle="com.android.settings"
09-12 15:18:48.631  3075  3075 W auditd  : type=1320 audit(0.0:237): 
09-12 15:18:48.638  3947  4975 D Index   : Indexing locale 'en_US' took 4 millis
09-12 15:18:48.662  3947  4975 D Index   : Indexing locale 'en_US' took 4 millis
09-12 15:18:48.679  3947  3984 D mali_winsys: EGLint new_window_surface(egl_winsys_display*, void*, EGLSurface, EGLConfig, egl_winsys_surface**, egl_color_buffer_format*, EGLBoolean) returns 0x3000,  [1440x2960]-format:1
09-12 15:18:48.722  3947  4975 W TileUtils: Found com.android.settings.Settings$PaymentSettingsActivity for intent Intent { act=com.android.settings.action.SETTINGS pkg=com.android.settings } missing metadata com.android.settings.category
09-12 15:18:48.728  3947  4975 W TileUtils: Found com.android.systemui.tuner.TunerActivity for intent Intent { act=com.android.settings.action.EXTRA_SETTINGS } missing metadata 
09-12 15:18:48.740  3549  3570 I ActivityManager: Displayed com.android.settings/.Settings$DeviceInfoSettingsActivity: +358ms
09-12 15:18:48.778  3947  3984 D OpenGLRenderer: endAllActiveAnimators on 0x7f7e067400 (RippleDrawable) with handle 0x7f51a268c0
09-12 15:18:51.768  3947  3984 D mali_winsys: EGLint new_window_surface(egl_winsys_display*, void*, EGLSurface, EGLConfig, egl_winsys_surface**, egl_color_buffer_format*, EGLBoolean) returns 0x3000,  [1120x220]-format:1
09-12 15:18:51.890  3549  4234 I NotificationService: cancelToast pkg=com.android.settings callback=android.app.ITransientNotification$Stub$Proxy@84accc0
09-12 15:18:51.894  3549  4234 W WindowManager: Attempted to remove non-existing token: android.os.Binder@21090a8
09-12 15:18:51.930  3947  3984 D mali_winsys: EGLint new_window_surface(egl_winsys_display*, void*, EGLSurface, EGLConfig, egl_winsys_surface**, egl_color_buffer_format*, EGLBoolean) returns 0x3000,  [1120x220]-format:1
09-12 15:18:52.032  3549  3699 I NotificationService: cancelToast pkg=com.android.settings callback=android.app.ITransientNotification$Stub$Proxy@b6ff4ec
09-12 15:18:52.033  3549  3699 W WindowManager: Attempted to remove non-existing token: android.os.Binder@5f44efd
09-12 15:18:52.061  3947  3984 D mali_winsys: EGLint new_window_surface(egl_winsys_display*, void*, EGLSurface, EGLConfig, egl_winsys_surface**, egl_color_buffer_format*, EGLBoolean) returns 0x3000,  [1120x220]-format:1
09-12 15:18:52.190  3549  4245 I NotificationService: cancelToast pkg=com.android.settings callback=android.app.ITransientNotification$Stub$Proxy@8dd73d8
09-12 15:18:52.194  3549  4245 W WindowManager: Attempted to remove non-existing token: android.os.Binder@c03eb9f
09-12 15:18:52.234  3947  3984 D mali_winsys: EGLint new_window_surface(egl_winsys_display*, void*, EGLSurface, EGLConfig, egl_winsys_surface**, egl_color_buffer_format*, EGLBoolean) returns 0x3000,  [1120x220]-format:1
09-12 15:18:52.343  4838  4838 I pool-1-thread-1: type=1400 audit(0.0:238): avc: denied { write } for name="shared_prefs" dev="sda24" ino=3121346 scontext=u:r:system_app:s0 tcontext=u:object_r:system_data_file:s0 tclass=dir permissive=1
09-12 15:18:52.343  4838  4838 I pool-1-thread-1: type=1400 audit(0.0:238): avc: denied { remove_name } for name="development.xml" dev="sda24" ino=3121356 scontext=u:r:system_app:s0 tcontext=u:object_r:system_data_file:s0 tclass=dir permissive=1
09-12 15:18:52.343  4838  4838 I pool-1-thread-1: type=1400 audit(0.0:238): avc: denied { rename } for name="development.xml" dev="sda24" ino=3121356 scontext=u:r:system_app:s0 tcontext=u:object_r:system_data_file:s0 tclass=file permissive=1
09-12 15:18:52.343  4838  4838 I pool-1-thread-1: type=1400 audit(0.0:238): avc: denied { add_name } for name="development.xml.bak" scontext=u:r:system_app:s0 tcontext=u:object_r:system_data_file:s0 tclass=dir permissive=1
09-12 15:18:52.343  4838  4838 W pool-1-thread-1: type=1300 audit(0.0:238): arch=c00000b7 syscall=38 success=yes exit=0 a0=ffffff9c a1=7f51f1f730 a2=ffffff9c a3=7f51f1f820 items=0 ppid=3166 auid=4294967295 uid=1000 gid=1000 euid=1000 suid=1000 fsuid=1000 egid=1000 sgid=1000 fsgid=1000 tty=(none) ses=4294967295 exe="/system/bin/app_process64" subj=u:r:system_app:s0 key=(null)
09-12 15:18:52.343  3075  3075 W auditd  : type=1327 audit(0.0:238): proctitle="com.android.settings"
09-12 15:18:52.343  3075  3075 W auditd  : type=1320 audit(0.0:238): 
09-12 15:18:52.343  4838  4838 I pool-1-thread-1: type=1400 audit(0.0:239): avc: denied { create } for name="development.xml" scontext=u:r:system_app:s0 tcontext=u:object_r:system_data_file:s0 tclass=file permissive=1
09-12 15:18:52.343  4838  4838 W pool-1-thread-1: type=1300 audit(0.0:239): arch=c00000b7 syscall=56 success=yes exit=86 a0=ffffff9c a1=7f51f1f730 a2=241 a3=1b6 items=0 ppid=3166 auid=4294967295 uid=1000 gid=1000 euid=1000 suid=1000 fsuid=1000 egid=1000 sgid=1000 fsgid=1000 tty=(none) ses=4294967295 exe="/system/bin/app_process64" subj=u:r:system_app:s0 key=(null)
09-12 15:18:52.343  3075  3075 W auditd  : type=1327 audit(0.0:239): proctitle="com.android.settings"
09-12 15:18:52.343  3075  3075 W auditd  : type=1320 audit(0.0:239): 
09-12 15:18:52.355  4838  4838 I pool-1-thread-1: type=1400 audit(0.0:240): avc: denied { setattr } for name="development.xml" dev="sda24" ino=3121357 scontext=u:r:system_app:s0 tcontext=u:object_r:system_data_file:s0 tclass=file permissive=1
09-12 15:18:52.355  4838  4838 W pool-1-thread-1: type=1300 audit(0.0:240): arch=c00000b7 syscall=53 success=yes exit=0 a0=ffffff9c a1=7f51f1f730 a2=1b0 a3=0 items=0 ppid=3166 auid=4294967295 uid=1000 gid=1000 euid=1000 suid=1000 fsuid=1000 egid=1000 sgid=1000 fsgid=1000 tty=(none) ses=4294967295 exe="/system/bin/app_process64" subj=u:r:system_app:s0 key=(null)
09-12 15:18:52.355  3075  3075 W auditd  : type=1327 audit(0.0:240): proctitle="com.android.settings"
09-12 15:18:52.355  3075  3075 W auditd  : type=1320 audit(0.0:240): 
09-12 15:18:52.355  4838  4838 I pool-1-thread-1: type=1400 audit(0.0:241): avc: denied { unlink } for name="development.xml.bak" dev="sda24" ino=3121356 scontext=u:r:system_app:s0 tcontext=u:object_r:system_data_file:s0 tclass=file permissive=1
09-12 15:18:52.355  4838  4838 W pool-1-thread-1: type=1300 audit(0.0:241): arch=c00000b7 syscall=35 success=yes exit=0 a0=ffffff9c a1=7f51f1f730 a2=0 a3=100 items=0 ppid=3166 auid=4294967295 uid=1000 gid=1000 euid=1000 suid=1000 fsuid=1000 egid=1000 sgid=1000 fsgid=1000 tty=(none) ses=4294967295 exe="/system/bin/app_process64" subj=u:r:system_app:s0 key=(null)
09-12 15:18:52.355  3075  3075 W auditd  : type=1327 audit(0.0:241): proctitle="com.android.settings"
09-12 15:18:52.355  3075  3075 W auditd  : type=1320 audit(0.0:241): 
09-12 15:18:52.359  3549  4208 I NotificationService: cancelToast pkg=com.android.settings callback=android.app.ITransientNotification$Stub$Proxy@a1f584
09-12 15:18:52.365  3549  4208 W WindowManager: Attempted to remove non-existing token: android.os.Binder@c45a2bb
09-12 15:18:52.401  3947  3984 D mali_winsys: EGLint new_window_surface(egl_winsys_display*, void*, EGLSurface, EGLConfig, egl_winsys_surface**, egl_color_buffer_format*, EGLBoolean) returns 0x3000,  [1068x154]-format:1
09-12 15:18:52.476  3947  4813 W TileUtils: Found com.android.settings.Settings$PaymentSettingsActivity for intent Intent { act=com.android.settings.action.SETTINGS pkg=com.android.settings } missing metadata com.android.settings.category
09-12 15:18:52.482  3947  4813 W TileUtils: Found com.android.systemui.tuner.TunerActivity for intent Intent { act=com.android.settings.action.EXTRA_SETTINGS } missing metadata 
09-12 15:18:52.502  3947  4813 D Index   : Deleting data for locale 'en_US' took 13 millis
09-12 15:18:52.570  3947  4813 D Index   : Indexing locale 'en_US' took 68 millis
09-12 15:18:53.624  3684  3684 I SlideTouchEvent: vel=18.698132, MinimumFlingVelocity=175
09-12 15:18:53.670  3947  4974 D Index   : Indexing locale 'en_US' took 8 millis
09-12 15:18:53.676  3947  4808 I StorageManager: readLong(): Path doesn't exist: /sys/block/mmcblk0/size: java.io.FileNotFoundException: /sys/block/mmcblk0/size (No such file or directory)
09-12 15:18:53.703  3947  3984 D mali_winsys: EGLint new_window_surface(egl_winsys_display*, void*, EGLSurface, EGLConfig, egl_winsys_surface**, egl_color_buffer_format*, EGLBoolean) returns 0x3000,  [1440x2960]-format:1
09-12 15:18:53.730  3947  3947 D DashboardSummary: onConditionsChanged
09-12 15:18:53.755  3947  4808 W ProcStatsManager: No process com.android.providers.calendar/10004 for service com.android.providers.calendar.EmptyService
09-12 15:18:53.755  3947  4808 W ProcStatsManager: No process com.android.providers.calendar/10004 for service com.android.providers.calendar.CalendarProviderIntentService
09-12 15:18:53.756  3947  4808 W ProcStatsManager: No process android.process.media/10009 for service com.android.providers.media.MtpService
09-12 15:18:53.756  3947  4808 W ProcStatsManager: No process android.process.media/10009 for service com.android.providers.media.MediaScannerService
09-12 15:18:53.756  3947  4808 W ProcStatsManager: No process com.android.messaging/10063 for service com.android.messaging.datamodel.action.BackgroundWorkerService
09-12 15:18:53.756  3947  4808 W ProcStatsManager: No process com.android.messaging/10063 for service com.android.messaging.datamodel.action.ActionServiceImpl
09-12 15:18:53.756  3947  4808 W ProcStatsManager: No process com.android.carrierconfig/10005 for service com.android.carrierconfig.DefaultCarrierConfigService
09-12 15:18:53.756  3947  4808 W ProcStatsManager: No process com.android.calendar/10039 for service com.android.calendar.alerts.InitAlarmsService
09-12 15:18:53.756  3947  4808 W ProcStatsManager: No process com.android.calendar/10039 for service com.android.calendar.alerts.AlertService
09-12 15:18:53.756  3947  4808 W ProcStatsManager: No process com.android.printspooler/10058 for service com.android.printspooler.model.PrintSpoolerService
09-12 15:18:53.756  3947  4808 W ProcStatsManager: No process com.android.onetimeinitializer/10017 for service com.android.onetimeinitializer.OneTimeInitializerService
09-12 15:18:53.756  3947  4808 W ProcStatsManager: No process com.android.keychain/1000 for service com.android.keychain.KeyChainService
09-12 15:18:53.756  3947  4808 W ProcStatsManager: No process com.android.dialer/10016 for service com.android.dialer.calllog.CallLogNotificationsService
09-12 15:18:53.756  3947  4808 W ProcStatsManager: No process com.android.exchange/10047 for service com.android.exchange.service.EasService
09-12 15:18:53.760  3947  3984 D OpenGLRenderer: endAllActiveAnimators on 0x7f51b7a400 (RippleDrawable) with handle 0x7f7782b600
09-12 15:18:53.767  3549  4208 E BatteryStatsService: no controller energy info supplied
09-12 15:18:53.771  3947  4808 W DataUsageController: Failed to get data usage, no subscriber id
09-12 15:18:53.830  3947  4974 W TileUtils: Found com.android.settings.Settings$PaymentSettingsActivity for intent Intent { act=com.android.settings.action.SETTINGS pkg=com.android.settings } missing metadata com.android.settings.category
09-12 15:18:53.833  3947  4974 W TileUtils: Found com.android.systemui.tuner.TunerActivity for intent Intent { act=com.android.settings.action.EXTRA_SETTINGS } missing metadata 
09-12 15:18:54.748  3549  3958 I ActivityManager: START u0 {flg=0x8000 cmp=com.android.settings/.Settings$DevelopmentSettingsActivity (has extras)} from uid 1000 on display 0
09-12 15:18:54.824  3947  3947 D ConstraintsHelper: construct key=advanced_reboot available=true
09-12 15:18:54.833  3549  3560 E UserRestrictionsUtils: Unknown restriction: null
09-12 15:18:54.834  3549  4200 E UserRestrictionsUtils: Unknown restriction: null
09-12 15:18:54.837  3947  3947 D ConstraintsHelper: construct key=adb_notify available=true
09-12 15:18:54.856  3947  3947 D ConstraintsHelper: construct key=kill_app_longpress_back available=true
09-12 15:18:54.868  3549  4244 D CryptdConnector: SND -> {7 cryptfs isConvertibleToFBE}
09-12 15:18:54.870  3068  3135 D VoldCryptCmdListener: cryptfs isConvertibleToFBE
09-12 15:18:54.871  3549  3594 D CryptdConnector: RCV <- {200 7 0}
09-12 15:18:54.936  3947  4813 D Index   : Indexing locale 'en_US' took 9 millis
09-12 15:18:54.944  3947  3947 W Settings: Setting bugreport_in_power_menu has moved from android.provider.Settings.Secure to android.provider.Settings.Global.
09-12 15:18:54.962  3947  4813 D Index   : Indexing locale 'en_US' took 8 millis
09-12 15:18:55.017  3947  3984 D mali_winsys: EGLint new_window_surface(egl_winsys_display*, void*, EGLSurface, EGLConfig, egl_winsys_surface**, egl_color_buffer_format*, EGLBoolean) returns 0x3000,  [1440x2960]-format:1
09-12 15:18:55.030  3947  4813 W TileUtils: Found com.android.settings.Settings$PaymentSettingsActivity for intent Intent { act=com.android.settings.action.SETTINGS pkg=com.android.settings } missing metadata com.android.settings.category
09-12 15:18:55.038  3947  4813 W TileUtils: Found com.android.systemui.tuner.TunerActivity for intent Intent { act=com.android.settings.action.EXTRA_SETTINGS } missing metadata 
09-12 15:18:55.093  3549  3570 I ActivityManager: Displayed com.android.settings/.Settings$DevelopmentSettingsActivity: +328ms
09-12 15:18:55.131  3947  3984 D OpenGLRenderer: endAllActiveAnimators on 0x7f7e067400 (RippleDrawable) with handle 0x7f51a3fc00
09-12 15:18:55.151  4813  4813 I com.android.settings: type=1400 audit(0.0:242): avc: denied { call } for comm=4173796E635461736B202333 scontext=u:r:system_app:s0 tcontext=u:r:fingerprintd:s0 tclass=binder permissive=1
09-12 15:18:55.151  4813  4813 W com.android.settings: type=1300 audit(0.0:242): arch=c00000b7 syscall=29 success=yes exit=0 a0=9 a1=c0306201 a2=7f7cb5e168 a3=9a items=0 ppid=3166 auid=4294967295 uid=1000 gid=1000 euid=1000 suid=1000 fsuid=1000 egid=1000 sgid=1000 fsgid=1000 tty=(none) ses=4294967295 comm=4173796E635461736B202333 exe="/system/bin/app_process64" subj=u:r:system_app:s0 key=(null)
09-12 15:18:55.151  3075  3075 W auditd  : type=1327 audit(0.0:242): proctitle="com.android.settings"
09-12 15:18:55.151  3075  3075 W auditd  : type=1320 audit(0.0:242): 
09-12 15:18:55.876  3549  3549 W WindowManager: Attempted to remove non-existing token: android.os.Binder@d21af97
09-12 15:18:57.214  3165  3165 D gpsd    : WakeLock(Acquire,GPSD)
09-12 15:18:57.214  3165  3165 D gpsd    : WakeLock(Release,GPSD)
09-12 15:18:57.214  3165  3165 D gpsd    : WakeLock(Acquire,GPSD)
09-12 15:18:57.214  3165  3165 D gpsd    : WakeLock(Release,GPSD)
09-12 15:18:57.251  4992  4992 V lhd     : GlLhdInterface::Init(/system/etc/lhd.conf)
09-12 15:18:57.251  4992  4992 E lhd     : SetCfgValue: Critical Error. Unknown configuration parameter "FlpName"="tcp"
09-12 15:18:57.251  4992  4992 V lhd     : SetCfgValue: LHD config "LheSerialControl"="BBD:Serial=TTY"
09-12 15:18:57.251  4992  4992 E lhd     : SetCfgValue: Critical Error. Unknown configuration parameter "LheClockMHz"="100"
09-12 15:18:57.251  4992  4992 V lhd     : SetCfgValue: LHD config "LhePatch"="/dev/bbd_patch"
09-12 15:18:57.251  4992  4992 V lhd     : SetCfgValue: LHD config "LheMaxMcuResetTries"="4"
09-12 15:18:57.251  4992  4992 V lhd     : SetCfgValue: LHD config "LheBbdPacket"="/dev/ttyBCM"
09-12 15:18:57.251  4992  4992 V lhd     : SetCfgValue: LHD config "LheBbdControl"="/dev/bbd_control"
09-12 15:18:57.251  4992  4992 V lhd     : SetCfgValue: LHD config "LheBbdSensor"="/dev/bbd_sensor"
09-12 15:18:57.251  4992  4992 V lhd     : SetCfgValue: LHD config "Lhe477xDebugFlags"="RPC:FACILITY=33:STDOUT_PUTS:STDOUT_LOG"
09-12 15:18:57.251  4992  4992 E lhd     : SetCfgValue: Critical Error. Unknown configuration parameter "LheSensorIpc"="true"
09-12 15:18:57.251  4992  4992 E lhd     : SetCfgValue: Critical Error. Unknown configuration parameter "LhePinMux"="P17=M1"
09-12 15:18:57.251  4992  4992 V lhd     : SetCfgValue: LHD config "LheAutoBaudDelayMS"="10"
09-12 15:18:57.251  4992  4992 V lhd     : SetCfgValue: LHD config "LheMaxMcuResetTries"="3"
09-12 15:18:57.251  4992  4992 E lhd     : OpenFirmwareFile: Fail to open /efs/sec_efs/sensorhub_urgent_fw.patch, errno 2
09-12 15:18:57.251  4992  4992 E lhd     : getCustPatchVersion: Fail to parse patch /efs/sec_efs/sensorhub_urgent_fw.patch
09-12 15:18:57.252  4992  4992 E lhd     : getCustPatchVersion: <CustomerVersion> not found
09-12 15:18:57.312  3165  3165 D gpsd    : WakeLock(Acquire,GPSD)
09-12 15:18:57.312  4992  4992 D lhd     : OnIpcConnect
09-12 15:18:57.312  3165  3165 D gpsd    : WakeLock(Release,GPSD)
09-12 15:18:57.312  3165  3165 D gpsd    : WakeLock(Acquire,GPSD)
09-12 15:18:57.312  3165  3165 D gpsd    : WakeLock(Release,GPSD)
09-12 15:18:57.876  3168  3379 V audio_hw_primary_abox: fast_out-out_standby: enter
09-12 15:18:57.876  3168  3379 I audio_hw_primary_abox: fast_out-out_standby: Transit to Idle
09-12 15:18:57.888  3168  3379 I audio_hw_primary_abox: fast_out-do_close_output_stream: Closed PCM Device
09-12 15:18:57.888  3168  3379 D audio_hw_primary_abox: fast_out-set_audio_route: [PLAYBACK] current-device(speaker) new-device(speaker) in cur-mode(normal) & new-mode(normal)!
09-12 15:18:57.903  3168  3379 I audio_hw_primary_abox: USAGE_SPKAMP-do_close_spkamp_stream: Closed PCM Device is /dev/snd/pcmC0D7p
09-12 15:18:57.906  3168  3379 I audio_hw_primary_abox: USAGE_SPKAMP-do_close_spkamp_stream: Closed PCM Device is /dev/snd/pcmC0D11c
09-12 15:18:57.910  3168  3379 I audio_hw_primary_abox: USAGE_SPKAMP-do_close_spkamp_stream: Closed PCM Device is /dev/snd/pcmC0D12c
09-12 15:18:57.911  3168  3379 I audio_hw_primary_abox: USAGE_SPKAMP-do_close_spkamp_stream: Closed PCM Device is /dev/snd/pcmC0D6p
09-12 15:18:57.911  3168  3379 I audio_route: > audio_route_update_path + : "media-speaker" reverse(1)
09-12 15:18:57.912  3168  3379 I audio_route: > audio_route_update_path - : changed(3)
09-12 15:18:57.912  3168  3379 D audio_hw_primary_abox: fast_out-do_set_route: Disabled Audio Route(media-speaker)
09-12 15:18:57.912  3168  3379 I audio_route: > audio_route_update_path + : "gain-media-speaker" reverse(1)
09-12 15:18:57.912  3168  3379 I audio_route: > audio_route_update_path - : changed(0)
09-12 15:18:57.912  3168  3379 D audio_hw_primary_abox: fast_out-do_set_route: Disabled Audio Gain(gain-media-speaker)
09-12 15:18:57.912  3168  3379 I audio_hw_primary_abox: fast_out-out_standby: Transit to Standby
09-12 15:18:57.913  3168  3379 V audio_hw_primary_abox: fast_out-out_standby: exit
09-12 15:18:57.916  3168  3379 D audio_hw_primary_abox: fast_out-set_audio_route: [PLAYBACK] current-device(none) new-device(speaker) in cur-mode(none) & new-mode(normal)!
09-12 15:18:57.916  3168  3379 I audio_hw_primary_abox: is_voice_wakeup : ret =  0  , wakeup_baby_cry_enabled = 0  ,  wakeup_mic_enabled = 0 
09-12 15:18:57.916  3168  3379 I audio_route: > audio_route_apply_path : "media-speaker"
09-12 15:18:57.918  3168  3379 I audio_route: > audio_route_update_path + : "media-speaker" reverse(0)
09-12 15:18:57.918  3168  3379 I audio_route: > audio_route_update_path - : changed(0)
09-12 15:18:57.918  3168  3379 D audio_hw_primary_abox: fast_out-do_set_route: Enabled Audio Route(media-speaker)
09-12 15:18:57.918  3168  3379 I audio_route: > audio_route_apply_path : "gain-media-speaker"
09-12 15:18:57.918  3168  3379 I audio_route: > audio_route_update_path + : "gain-media-speaker" reverse(0)
09-12 15:18:57.918  3168  3379 I audio_route: > audio_route_update_path - : changed(0)
09-12 15:18:57.918  3168  3379 D audio_hw_primary_abox: fast_out-do_set_route: Enabled Audio Gain(gain-media-speaker)
09-12 15:18:57.920  3168  3379 I audio_hw_primary_abox: [do_open_spkamp_stream] Opened PCM Device(/dev/snd/pcmC0D7p) configured Info: Channels(2)  Smapling Rate(48000), Format: Default(0)
09-12 15:18:57.922  3168  3379 I audio_hw_primary_abox: [do_open_spkamp_stream] Opened PCM Device(/dev/snd/pcmC0D11c) configured Info: Channels(2)  Smapling Rate(48000), Format: Default(0)
09-12 15:18:57.924  3168  3379 I audio_hw_primary_abox: [do_open_spkamp_stream] Opened PCM Device(/dev/snd/pcmC0D12c) configured Info: Channels(2)  Smapling Rate(48000), Format: Default(0)
09-12 15:18:57.930  3168  3379 I audio_hw_primary_abox: [do_open_spkamp_stream] Opened PCM Device(/dev/snd/pcmC0D6p) configured Info: Channels(2)  Smapling Rate(48000), Format: Default(0)
09-12 15:18:57.948  3168  3379 I audio_hw_primary_abox: fast_out-do_open_output_stream: Opened PCM Device is /dev/snd/pcmC0D2p samplingRate(48000) pcmformat(0)
09-12 15:18:57.948  3168  3379 I audio_hw_primary_abox: fast_out-out_write: Transit to Idle
09-12 15:18:57.950  3168  3379 I audio_hw_primary_abox: fast_out-out_write: Transit to Playing
09-12 15:18:57.978  3947  3984 D mali_winsys: EGLint new_window_surface(egl_winsys_display*, void*, EGLSurface, EGLConfig, egl_winsys_surface**, egl_color_buffer_format*, EGLBoolean) returns 0x3000,  [1590x1077]-format:1
09-12 15:18:58.007  3996  3996 I mali-utility-wo: type=1400 audit(0.0:243): avc: denied { read write } for name="fimg2d" dev="tmpfs" ino=17329 scontext=u:r:system_app:s0 tcontext=u:object_r:device:s0 tclass=chr_file permissive=1
09-12 15:18:58.007  3996  3996 I mali-utility-wo: type=1400 audit(0.0:243): avc: denied { open } for path="/dev/fimg2d" dev="tmpfs" ino=17329 scontext=u:r:system_app:s0 tcontext=u:object_r:device:s0 tclass=chr_file permissive=1
09-12 15:18:58.007  3996  3996 W mali-utility-wo: type=1300 audit(0.0:243): arch=c00000b7 syscall=56 success=yes exit=64 a0=ffffff9c a1=7f92393703 a2=2 a3=0 items=0 ppid=3166 auid=4294967295 uid=1000 gid=1000 euid=1000 suid=1000 fsuid=1000 egid=1000 sgid=1000 fsgid=1000 tty=(none) ses=4294967295 exe="/system/bin/app_process64" subj=u:r:system_app:s0 key=(null)
09-12 15:18:58.007  3075  3075 W auditd  : type=1327 audit(0.0:243): proctitle="com.android.settings"
09-12 15:18:58.007  3075  3075 W auditd  : type=1320 audit(0.0:243): 
09-12 15:18:58.007  3996  3996 I mali-utility-wo: type=1400 audit(0.0:244): avc: denied { ioctl } for path="/dev/fimg2d" dev="tmpfs" ino=17329 ioctlcmd=4d04 scontext=u:r:system_app:s0 tcontext=u:object_r:device:s0 tclass=chr_file permissive=1
09-12 15:18:58.007  3996  3996 W mali-utility-wo: type=1300 audit(0.0:244): arch=c00000b7 syscall=29 success=yes exit=0 a0=48 a1=c1104d04 a2=7f51ad92b0 a3=0 items=0 ppid=3166 auid=4294967295 uid=1000 gid=1000 euid=1000 suid=1000 fsuid=1000 egid=1000 sgid=1000 fsgid=1000 tty=(none) ses=4294967295 exe="/system/bin/app_process64" subj=u:r:system_app:s0 key=(null)
09-12 15:18:58.007  3075  3075 W auditd  : type=1327 audit(0.0:244): proctitle="com.android.settings"
09-12 15:18:58.007  3075  3075 W auditd  : type=1320 audit(0.0:244): 
09-12 15:18:58.891  3549  3568 I UsbDeviceManager: Setting USB config to mtp,adb
09-12 15:18:58.906  3549  4244 W InputMethodManagerService: Window already focused, ignoring focus gain of: com.android.internal.view.IInputMethodClient$Stub$Proxy@56cbae5 attribute=null, token = android.os.BinderProxy@73a027b
09-12 15:18:59.528  4248  4248 D MtpService: starting MTP server in MTP mode
09-12 15:18:59.541  4248  4248 E MtpServerJNI: could not open MTP driver, errno: 2
09-12 15:18:59.553  4248  4248 D MtpService: Adding MTP storage 0x10001 at /storage/emulated/0
09-12 15:18:59.554  4248  4248 E MtpServerJNI: server is null in add_storage
09-12 15:18:59.555  4248  5006 E MtpServerJNI: server is null in run
09-12 15:18:59.555  4248  5006 E MtpServerJNI: server is null in cleanup
09-12 15:18:59.562  4248  4248 E MtpServerJNI: server is null in send_object_removed
09-12 15:19:00.737  3549  4199 I ActivityManager: Setting hasTopUi=true for pid=3684
09-12 15:19:00.739  3684  3684 D PhoneStatusBar: disable: < expand ICONS* alerts SYSTEM_INFO* back home recent clock search quick_settings >
09-12 15:19:00.770  3684  3973 D mali_winsys: EGLint new_window_surface(egl_winsys_display*, void*, EGLSurface, EGLConfig, egl_winsys_surface**, egl_color_buffer_format*, EGLBoolean) returns 0x3000,  [1440x2960]-format:1
09-12 15:19:02.006  3168  3379 V audio_hw_primary_abox: fast_out-out_standby: enter
09-12 15:19:02.006  3168  3379 I audio_hw_primary_abox: fast_out-out_standby: Transit to Idle
09-12 15:19:02.020  3168  3379 I audio_hw_primary_abox: fast_out-do_close_output_stream: Closed PCM Device
09-12 15:19:02.020  3168  3379 D audio_hw_primary_abox: fast_out-set_audio_route: [PLAYBACK] current-device(speaker) new-device(speaker) in cur-mode(normal) & new-mode(normal)!
09-12 15:19:02.041  3168  3379 I audio_hw_primary_abox: USAGE_SPKAMP-do_close_spkamp_stream: Closed PCM Device is /dev/snd/pcmC0D7p
09-12 15:19:02.048  3168  3379 I audio_hw_primary_abox: USAGE_SPKAMP-do_close_spkamp_stream: Closed PCM Device is /dev/snd/pcmC0D11c
09-12 15:19:02.054  3168  3379 I audio_hw_primary_abox: USAGE_SPKAMP-do_close_spkamp_stream: Closed PCM Device is /dev/snd/pcmC0D12c
