09-13 22:57:56.751  3354  3354 F DEBUG   : *** *** *** *** *** *** *** *** *** *** *** *** *** *** *** ***
09-13 22:57:56.751  3354  3354 F DEBUG   : LineageOS Version: '14.1-20170913-UNOFFICIAL-dream2lte'
09-13 22:57:56.751  3354  3354 F DEBUG   : Build fingerprint: 'samsung/dream2ltexx/dream2lte:7.0/NRD90M/G955FXXU1AQH3:user/release-keys'
09-13 22:57:56.751  3354  3354 F DEBUG   : Revision: '0'
09-13 22:57:56.751  3354  3354 F DEBUG   : ABI: 'arm'
09-13 22:57:56.751  3354  3354 F DEBUG   : pid: 3350, tid: 3350, name: app_process32  >>> /system/bin/app_process32 <<<
09-13 22:57:56.751  3354  3354 F DEBUG   : signal 6 (SIGABRT), code -6 (SI_TKILL), fault addr --------
09-13 22:57:56.751  3354  3354 F DEBUG   :     r0 00000000  r1 00000d16  r2 00000006  r3 00000008
09-13 22:57:56.751  3354  3354 F DEBUG   :     r4 f765458c  r5 00000006  r6 f7654534  r7 0000010c
09-13 22:57:56.752  3354  3354 F DEBUG   :     r8 ff9c6d00  r9 00000001  sl ff9c6d30  fp f75e1010
09-13 22:57:56.752  3354  3354 F DEBUG   :     ip 00000002  sp ff9c6c98  lr f7633f8f  pc f76349a8  cpsr 200f0010
09-13 22:57:56.753  3355  3355 F DEBUG   : *** *** *** *** *** *** *** *** *** *** *** *** *** *** *** ***
09-13 22:57:56.753  3355  3355 F DEBUG   : LineageOS Version: '14.1-20170913-UNOFFICIAL-dream2lte'
09-13 22:57:56.753  3355  3355 F DEBUG   : Build fingerprint: 'samsung/dream2ltexx/dream2lte:7.0/NRD90M/G955FXXU1AQH3:user/release-keys'
09-13 22:57:56.753  3355  3355 F DEBUG   : Revision: '0'
09-13 22:57:56.753  3355  3355 F DEBUG   : ABI: 'arm64'
09-13 22:57:56.753  3355  3355 F DEBUG   : pid: 3349, tid: 3349, name: app_process64  >>> /system/bin/app_process64 <<<
09-13 22:57:56.753  3355  3355 F DEBUG   : signal 6 (SIGABRT), code -6 (SI_TKILL), fault addr --------
09-13 22:57:56.753  3355  3355 F DEBUG   :     x0   0000000000000000  x1   0000000000000d15  x2   0000000000000006  x3   0000000000000008
09-13 22:57:56.753  3355  3355 F DEBUG   :     x4   0000000000000018  x5   0000000000000060  x6   ff03fefeff636d74  x7   7f7f7f7f7f7f7f7f
09-13 22:57:56.753  3355  3355 F DEBUG   :     x8   0000000000000083  x9   ffffffffffffffdf  x10  0000000000000000  x11  0000000000000001
09-13 22:57:56.753  3355  3355 F DEBUG   :     x12  ffffffffffffffff  x13  0000000000000000  x14  0000000000000000  x15  0029ba1ad07f1c4e
09-13 22:57:56.753  3355  3355 F DEBUG   :     x16  0000007fcdb17b30  x17  0000007fcdb179ff  x18  00000000ffffffff  x19  0000007fb3ab4b40
09-13 22:57:56.753  3355  3355 F DEBUG   :     x20  0000000000000006  x21  0000007fb3ab4a98  x22  0000000000000002  x23  0000007fb39eb010
09-13 22:57:56.753  3355  3355 F DEBUG   :     x24  000000000000000c  x25  0000007fcdb18790  x26  0000007fcdb187f0  x27  0000007fb39ec1b8
09-13 22:57:56.753  3355  3355 F DEBUG   :     x28  0000007fb39ec010  x29  0000007fcdb18600  x30  0000007fb3a74334
09-13 22:57:56.753  3355  3355 F DEBUG   :     sp   0000007fcdb185e0  pc   0000007fb3a74e64  pstate 0000000060000000
09-13 22:57:56.755  3084  3084 W auditd  : type=1325 audit(0.0:32): table=filter family=2 entries=4
09-13 22:57:56.755  3084  3084 W auditd  : type=1320 audit(0.0:32): 
09-13 22:57:56.755  3354  3354 F DEBUG   : 
09-13 22:57:56.755  3354  3354 F DEBUG   : backtrace:
09-13 22:57:56.755  3354  3354 F DEBUG   :     #00 pc 000469a8  /system/bin/linker (__dl_tgkill+12)
09-13 22:57:56.755  3354  3354 F DEBUG   :     #01 pc 00045f8b  /system/bin/linker (__dl_pthread_kill+34)
09-13 22:57:56.755  3354  3354 F DEBUG   :     #02 pc 0003e32f  /system/bin/linker (__dl_raise+10)
09-13 22:57:56.755  3354  3354 F DEBUG   :     #03 pc 0003cdeb  /system/bin/linker (__dl___libc_android_abort+34)
09-13 22:57:56.755  3354  3354 F DEBUG   :     #04 pc 0003bbbc  /system/bin/linker (__dl_abort+4)
09-13 22:57:56.755  3354  3354 F DEBUG   :     #05 pc 0003de2b  /system/bin/linker (__dl___libc_fatal+22)
09-13 22:57:56.755  3354  3354 F DEBUG   :     #06 pc 00009c43  /system/bin/linker (__dl__ZL29__linker_init_post_relocationR19KernelArgumentBlockj+3146)
09-13 22:57:56.755  3354  3354 F DEBUG   :     #07 pc 00008f63  /system/bin/linker (__dl___linker_init+358)
09-13 22:57:56.756  3354  3354 F DEBUG   :     #08 pc 000027c0  /system/bin/linker (_start+4)
09-13 22:57:56.756  3355  3355 F DEBUG   : 
09-13 22:57:56.756  3355  3355 F DEBUG   : backtrace:
09-13 22:57:56.756  3355  3355 F DEBUG   :     #00 pc 0000000000075e64  /system/bin/linker64 (__dl_tgkill+8)
09-13 22:57:56.756  3355  3355 F DEBUG   :     #01 pc 0000000000075330  /system/bin/linker64 (__dl_pthread_kill+64)
09-13 22:57:56.756  3355  3355 F DEBUG   :     #02 pc 0000000000068e24  /system/bin/linker64 (__dl_raise+24)
09-13 22:57:56.756  3355  3355 F DEBUG   :     #03 pc 00000000000667f8  /system/bin/linker64 (__dl_abort+52)
09-13 22:57:56.756  3355  3355 F DEBUG   :     #04 pc 00000000000689ac  /system/bin/linker64 (__dl___libc_fatal+104)
09-13 22:57:56.756  3355  3355 F DEBUG   :     #05 pc 0000000000010e3c  /system/bin/linker64 (__dl__ZL29__linker_init_post_relocationR19KernelArgumentBlocky+6216)
09-13 22:57:56.756  3355  3355 F DEBUG   :     #06 pc 000000000000f554  /system/bin/linker64 (__dl___linker_init+528)
09-13 22:57:56.756  3355  3355 F DEBUG   :     #07 pc 0000000000006cd0  /system/bin/linker64 (_start+4)
09-13 22:57:56.759  3084  3084 W auditd  : type=1325 audit(0.0:33): table=filter family=10 entries=4
09-13 22:57:56.759  3084  3084 W auditd  : type=1320 audit(0.0:33): 
09-13 22:57:56.759  3350  3350 W app_process32: type=1701 audit(0.0:34): auid=4294967295 uid=0 gid=0 ses=4294967295 subj=u:r:zygote:s0 exe="/system/bin/app_process32" sig=6
09-13 22:57:56.759  3349  3349 W app_process64: type=1701 audit(0.0:35): auid=4294967295 uid=0 gid=0 ses=4294967295 subj=u:r:zygote:s0 exe="/system/bin/app_process64" sig=6
09-13 22:57:56.768  3075  3075 W         : debuggerd: resuming target 3350
09-13 22:57:56.768  3076  3076 W         : debuggerd: resuming target 3349
09-13 22:57:56.768  3076  3076 E         : debuggerd: failed to send signal 18 to target: No such process
09-13 22:57:56.768  3075  3075 E         : debuggerd: failed to send signal 18 to target: No such process
09-13 22:57:56.769  3157  3157 I ServiceManager: service 'media.camera' died
09-13 22:57:57.639  3181  3181 D wrapperGPS: wrapperConnect_RILD
09-13 22:57:58.639  3181  3181 D wrapperGPS: wrapperConnect_RILD
09-13 22:57:59.640  3181  3181 D wrapperGPS: wrapperConnect_RILD
09-13 22:58:00.641  3181  3181 D wrapperGPS: wrapperConnect_RILD
09-13 22:58:01.641  3181  3181 D wrapperGPS: wrapperConnect_RILD
09-13 22:58:01.790  3411  3411 I Netd    : Netd 1.0 starting
09-13 22:58:01.790  3411  3411 D TetherController: Setting IP forward enable = 0
09-13 22:58:01.791  3406  3406 F libc    : CANNOT LINK EXECUTABLE "/system/bin/app_process64": library "libSecurityManagerNative.so" not found
09-13 22:58:01.791  3406  3406 F libc    : Fatal signal 6 (SIGABRT), code -6 in tid 3406 (app_process64)
09-13 22:58:01.792  3076  3076 W         : debuggerd: handling request: pid=3406 uid=0 gid=0 tid=3406
09-13 22:58:01.792  3411  3411 I QtiConnectivityAdapter: Failed to open libconnctrl, some features may not be present.
09-13 22:58:01.792  3411  3411 E         : Failed to open libdatactrl, some features may not be present.
09-13 22:58:01.792  3411  3411 E         : Failed to open libcsm_data, some features may not be present.
09-13 22:58:01.793  3408  3408 F libc    : CANNOT LINK EXECUTABLE "/system/bin/app_process32": library "libSecurityManagerNative.so" not found
09-13 22:58:01.793  3408  3408 F libc    : Fatal signal 6 (SIGABRT), code -6 in tid 3408 (app_process32)
09-13 22:58:01.793  3075  3075 W         : debuggerd: handling request: pid=3408 uid=0 gid=0 tid=3408
09-13 22:58:01.796  3412  3412 E         : debuggerd: Unable to connect to activity manager (connect failed: No such file or directory)
09-13 22:58:01.796  3415  3415 E         : debuggerd: Unable to connect to activity manager (connect failed: No such file or directory)
09-13 22:58:01.811  3084  3084 W auditd  : type=1325 audit(0.0:36): table=filter family=2 entries=6
09-13 22:58:01.811  3084  3084 W auditd  : type=1320 audit(0.0:36): 
09-13 22:58:01.819  3084  3084 W auditd  : type=1325 audit(0.0:37): table=filter family=10 entries=6
09-13 22:58:01.819  3084  3084 W auditd  : type=1320 audit(0.0:37): 
09-13 22:58:01.823  3084  3084 W auditd  : type=1325 audit(0.0:38): table=filter family=2 entries=6
09-13 22:58:01.823  3084  3084 W auditd  : type=1320 audit(0.0:38): 
09-13 22:58:01.835  3084  3084 W auditd  : type=1325 audit(0.0:39): table=filter family=10 entries=6
09-13 22:58:01.835  3084  3084 W auditd  : type=1320 audit(0.0:39): 
09-13 22:58:01.840  3404  3404 I cameraserver: ServiceManager: 0xf6599420
09-13 22:58:01.840  3404  3404 I CameraService: CameraService started (pid=3404)
09-13 22:58:01.840  3404  3404 I CameraService: CameraService process starting
09-13 22:58:01.840  3404  3404 W BatteryNotifier: batterystats service unavailable!
09-13 22:58:01.841  3404  3404 W BatteryNotifier: batterystats service unavailable!
09-13 22:58:01.841  3404  3404 E CameraService: Could not load camera HAL module: -2 (No such file or directory)
09-13 22:58:01.847  3415  3415 F DEBUG   : *** *** *** *** *** *** *** *** *** *** *** *** *** *** *** ***
09-13 22:58:01.847  3412  3412 F DEBUG   : *** *** *** *** *** *** *** *** *** *** *** *** *** *** *** ***
09-13 22:58:01.847  3412  3412 F DEBUG   : LineageOS Version: '14.1-20170913-UNOFFICIAL-dream2lte'
09-13 22:58:01.847  3415  3415 F DEBUG   : LineageOS Version: '14.1-20170913-UNOFFICIAL-dream2lte'
09-13 22:58:01.847  3415  3415 F DEBUG   : Build fingerprint: 'samsung/dream2ltexx/dream2lte:7.0/NRD90M/G955FXXU1AQH3:user/release-keys'
09-13 22:58:01.847  3412  3412 F DEBUG   : Build fingerprint: 'samsung/dream2ltexx/dream2lte:7.0/NRD90M/G955FXXU1AQH3:user/release-keys'
09-13 22:58:01.847  3412  3412 F DEBUG   : Revision: '0'
09-13 22:58:01.847  3415  3415 F DEBUG   : Revision: '0'
09-13 22:58:01.847  3412  3412 F DEBUG   : ABI: 'arm64'
09-13 22:58:01.847  3415  3415 F DEBUG   : ABI: 'arm'
09-13 22:58:01.847  3412  3412 F DEBUG   : pid: 3406, tid: 3406, name: app_process64  >>> /system/bin/app_process64 <<<
09-13 22:58:01.847  3415  3415 F DEBUG   : pid: 3408, tid: 3408, name: app_process32  >>> /system/bin/app_process32 <<<
09-13 22:58:01.847  3412  3412 F DEBUG   : signal 6 (SIGABRT), code -6 (SI_TKILL), fault addr --------
09-13 22:58:01.839  3084  3084 W auditd  : type=1325 audit(0.0:40): table=filter family=2 entries=4
09-13 22:58:01.839  3084  3084 W auditd  : type=1320 audit(0.0:40): 
09-13 22:58:01.847  3412  3412 F DEBUG   :     x0   0000000000000000  x1   0000000000000d4e  x2   0000000000000006  x3   0000000000000008
09-13 22:58:01.847  3415  3415 F DEBUG   : signal 6 (SIGABRT), code -6 (SI_TKILL), fault addr --------
09-13 22:58:01.847  3412  3412 F DEBUG   :     x4   0000000000000018  x5   0000000000000060  x6   ff03fefeff636d74  x7   7f7f7f7f7f7f7f7f
09-13 22:58:01.847  3412  3412 F DEBUG   :     x8   0000000000000083  x9   ffffffffffffffdf  x10  0000000000000000  x11  0000000000000001
09-13 22:58:01.847  3415  3415 F DEBUG   :     r0 00000000  r1 00000d50  r2 00000006  r3 00000008
09-13 22:58:01.847  3412  3412 F DEBUG   :     x12  ffffffffffffffff  x13  0000000000000000  x14  0000000000000000  x15  002f31aa35c718a0
09-13 22:58:01.847  3415  3415 F DEBUG   :     r4 f757258c  r5 00000006  r6 f7572534  r7 0000010c
09-13 22:58:01.847  3412  3412 F DEBUG   :     x16  0000007fc7a8adb0  x17  0000007fc7a8ac7f  x18  00000000ffffffff  x19  0000007fac296b40
09-13 22:58:01.847  3415  3415 F DEBUG   :     r8 ff9ddfa0  r9 00000001  sl ff9ddfd0  fp f74ff010
09-13 22:58:01.847  3412  3412 F DEBUG   :     x20  0000000000000006  x21  0000007fac296a98  x22  0000000000000002  x23  0000007fac1cd010
09-13 22:58:01.847  3415  3415 F DEBUG   :     ip 00000002  sp ff9ddf38  lr f7551f8f  pc f75529a8  cpsr 200f0010
09-13 22:58:01.847  3412  3412 F DEBUG   :     x24  000000000000000c  x25  0000007fc7a8ba10  x26  0000007fc7a8ba70  x27  0000007fac1ce1b8
09-13 22:58:01.847  3412  3412 F DEBUG   :     x28  0000007fac1ce010  x29  0000007fc7a8b880  x30  0000007fac256334
09-13 22:58:01.847  3412  3412 F DEBUG   :     sp   0000007fc7a8b860  pc   0000007fac256e64  pstate 0000000060000000
09-13 22:58:01.850  3412  3412 F DEBUG   : 
09-13 22:58:01.850  3412  3412 F DEBUG   : backtrace:
09-13 22:58:01.850  3412  3412 F DEBUG   :     #00 pc 0000000000075e64  /system/bin/linker64 (__dl_tgkill+8)
09-13 22:58:01.850  3412  3412 F DEBUG   :     #01 pc 0000000000075330  /system/bin/linker64 (__dl_pthread_kill+64)
09-13 22:58:01.850  3412  3412 F DEBUG   :     #02 pc 0000000000068e24  /system/bin/linker64 (__dl_raise+24)
09-13 22:58:01.850  3412  3412 F DEBUG   :     #03 pc 00000000000667f8  /system/bin/linker64 (__dl_abort+52)
09-13 22:58:01.850  3412  3412 F DEBUG   :     #04 pc 00000000000689ac  /system/bin/linker64 (__dl___libc_fatal+104)
09-13 22:58:01.850  3412  3412 F DEBUG   :     #05 pc 0000000000010e3c  /system/bin/linker64 (__dl__ZL29__linker_init_post_relocationR19KernelArgumentBlocky+6216)
09-13 22:58:01.850  3412  3412 F DEBUG   :     #06 pc 000000000000f554  /system/bin/linker64 (__dl___linker_init+528)
09-13 22:58:01.850  3412  3412 F DEBUG   :     #07 pc 0000000000006cd0  /system/bin/linker64 (_start+4)
09-13 22:58:01.851  3415  3415 F DEBUG   : 
09-13 22:58:01.851  3415  3415 F DEBUG   : backtrace:
09-13 22:58:01.847  3084  3084 W auditd  : type=1325 audit(0.0:41): table=filter family=10 entries=4
09-13 22:58:01.847  3084  3084 W auditd  : type=1320 audit(0.0:41): 
09-13 22:58:01.851  3415  3415 F DEBUG   :     #00 pc 000469a8  /system/bin/linker (__dl_tgkill+12)
09-13 22:58:01.851  3415  3415 F DEBUG   :     #01 pc 00045f8b  /system/bin/linker (__dl_pthread_kill+34)
09-13 22:58:01.851  3415  3415 F DEBUG   :     #02 pc 0003e32f  /system/bin/linker (__dl_raise+10)
09-13 22:58:01.851  3415  3415 F DEBUG   :     #03 pc 0003cdeb  /system/bin/linker (__dl___libc_android_abort+34)
09-13 22:58:01.851  3415  3415 F DEBUG   :     #04 pc 0003bbbc  /system/bin/linker (__dl_abort+4)
09-13 22:58:01.851  3415  3415 F DEBUG   :     #05 pc 0003de2b  /system/bin/linker (__dl___libc_fatal+22)
09-13 22:58:01.851  3415  3415 F DEBUG   :     #06 pc 00009c43  /system/bin/linker (__dl__ZL29__linker_init_post_relocationR19KernelArgumentBlockj+3146)
09-13 22:58:01.852  3415  3415 F DEBUG   :     #07 pc 00008f63  /system/bin/linker (__dl___linker_init+358)
09-13 22:58:01.852  3415  3415 F DEBUG   :     #08 pc 000027c0  /system/bin/linker (_start+4)
09-13 22:58:01.851  3084  3084 W auditd  : type=1325 audit(0.0:42): table=filter family=2 entries=6
09-13 22:58:01.851  3084  3084 W auditd  : type=1320 audit(0.0:42): 
09-13 22:58:01.855  3406  3406 W app_process64: type=1701 audit(0.0:43): auid=4294967295 uid=0 gid=0 ses=4294967295 subj=u:r:zygote:s0 exe="/system/bin/app_process64" sig=6
09-13 22:58:01.855  3084  3084 W auditd  : type=1325 audit(0.0:44): table=filter family=10 entries=6
09-13 22:58:01.855  3084  3084 W auditd  : type=1320 audit(0.0:44): 
09-13 22:58:01.862  3076  3076 W         : debuggerd: resuming target 3406
09-13 22:58:01.862  3076  3076 E         : debuggerd: failed to send signal 18 to target: No such process
09-13 22:58:01.863  3157  3157 I ServiceManager: service 'media.camera' died
09-13 22:58:01.859  3408  3408 W app_process32: type=1701 audit(0.0:45): auid=4294967295 uid=0 gid=0 ses=4294967295 subj=u:r:zygote:s0 exe="/system/bin/app_process32" sig=6
09-13 22:58:01.864  3075  3075 W         : debuggerd: resuming target 3408
09-13 22:58:01.864  3075  3075 E         : debuggerd: failed to send signal 18 to target: No such process
09-13 22:58:02.642  3181  3181 D wrapperGPS: wrapperConnect_RILD
09-13 22:58:03.594  3436  3436 V lhd     : GlLhdInterface::Init(/system/etc/lhd.conf)
09-13 22:58:03.594  3436  3436 E lhd     : SetCfgValue: Critical Error. Unknown configuration parameter "FlpName"="tcp"
09-13 22:58:03.594  3436  3436 V lhd     : SetCfgValue: LHD config "LheSerialControl"="BBD:Serial=TTY"
09-13 22:58:03.594  3436  3436 E lhd     : SetCfgValue: Critical Error. Unknown configuration parameter "LheClockMHz"="100"
09-13 22:58:03.594  3436  3436 V lhd     : SetCfgValue: LHD config "LhePatch"="/dev/bbd_patch"
09-13 22:58:03.594  3436  3436 V lhd     : SetCfgValue: LHD config "LheMaxMcuResetTries"="4"
09-13 22:58:03.594  3436  3436 V lhd     : SetCfgValue: LHD config "LheBbdPacket"="/dev/ttyBCM"
09-13 22:58:03.594  3436  3436 V lhd     : SetCfgValue: LHD config "LheBbdControl"="/dev/bbd_control"
09-13 22:58:03.594  3436  3436 V lhd     : SetCfgValue: LHD config "LheBbdSensor"="/dev/bbd_sensor"
09-13 22:58:03.594  3436  3436 V lhd     : SetCfgValue: LHD config "Lhe477xDebugFlags"="RPC:FACILITY=33:STDOUT_PUTS:STDOUT_LOG"
09-13 22:58:03.594  3436  3436 E lhd     : SetCfgValue: Critical Error. Unknown configuration parameter "LheSensorIpc"="true"
09-13 22:58:03.594  3436  3436 E lhd     : SetCfgValue: Critical Error. Unknown configuration parameter "LhePinMux"="P17=M1"
09-13 22:58:03.594  3436  3436 V lhd     : SetCfgValue: LHD config "LheAutoBaudDelayMS"="10"
09-13 22:58:03.594  3436  3436 V lhd     : SetCfgValue: LHD config "LheMaxMcuResetTries"="3"
09-13 22:58:03.594  3436  3436 E lhd     : OpenFirmwareFile: Fail to open /efs/sec_efs/sensorhub_urgent_fw.patch, errno 2
09-13 22:58:03.594  3436  3436 E lhd     : getCustPatchVersion: Fail to parse patch /efs/sec_efs/sensorhub_urgent_fw.patch
09-13 22:58:03.594  3436  3436 E lhd     : getCustPatchVersion: <CustomerVersion> not found
09-13 22:58:03.642  3181  3181 D wrapperGPS: wrapperConnect_RILD
09-13 22:58:03.655  3436  3436 D lhd     : OnIpcConnect
09-13 22:58:04.643  3181  3181 D wrapperGPS: wrapperConnect_RILD
09-13 22:58:05.644  3181  3181 D wrapperGPS: wrapperConnect_RILD
09-13 22:58:06.589  3440  3440 F libc    : CANNOT LINK EXECUTABLE "/system/bin/app_process64": library "libSecurityManagerNative.so" not found
09-13 22:58:06.589  3440  3440 F libc    : Fatal signal 6 (SIGABRT), code -6 in tid 3440 (app_process64)
09-13 22:58:06.589  3076  3076 W         : debuggerd: handling request: pid=3440 uid=0 gid=0 tid=3440
09-13 22:58:06.592  3446  3446 E         : debuggerd: Unable to connect to activity manager (connect failed: No such file or directory)
09-13 22:58:06.596  3442  3442 F libc    : CANNOT LINK EXECUTABLE "/system/bin/app_process32": library "libSecurityManagerNative.so" not found
09-13 22:58:06.596  3442  3442 F libc    : Fatal signal 6 (SIGABRT), code -6 in tid 3442 (app_process32)
09-13 22:58:06.596  3075  3075 W         : debuggerd: handling request: pid=3442 uid=0 gid=0 tid=3442
09-13 22:58:06.598  3447  3447 E         : debuggerd: Unable to connect to activity manager (connect failed: No such file or directory)
09-13 22:58:06.601  3445  3445 I Netd    : Netd 1.0 starting
09-13 22:58:06.601  3445  3445 D TetherController: Setting IP forward enable = 0
09-13 22:58:06.602  3445  3445 I QtiConnectivityAdapter: Failed to open libconnctrl, some features may not be present.
09-13 22:58:06.602  3445  3445 E         : Failed to open libdatactrl, some features may not be present.
09-13 22:58:06.602  3445  3445 E         : Failed to open libcsm_data, some features may not be present.
09-13 22:58:06.599  3084  3084 W auditd  : type=1325 audit(0.0:46): table=filter family=2 entries=7
09-13 22:58:06.599  3084  3084 W auditd  : type=1320 audit(0.0:46): 
09-13 22:58:06.603  3084  3084 W auditd  : type=1325 audit(0.0:47): table=filter family=10 entries=7
09-13 22:58:06.603  3084  3084 W auditd  : type=1320 audit(0.0:47): 
09-13 22:58:06.607  3084  3084 W auditd  : type=1325 audit(0.0:48): table=filter family=2 entries=6
09-13 22:58:06.607  3084  3084 W auditd  : type=1320 audit(0.0:48): 
09-13 22:58:06.619  3084  3084 W auditd  : type=1325 audit(0.0:49): table=filter family=10 entries=6
09-13 22:58:06.619  3084  3084 W auditd  : type=1320 audit(0.0:49): 
09-13 22:58:06.627  3084  3084 W auditd  : type=1325 audit(0.0:50): table=filter family=2 entries=6
09-13 22:58:06.627  3084  3084 W auditd  : type=1320 audit(0.0:50): 
09-13 22:58:06.636  3438  3438 I cameraserver: ServiceManager: 0xf6819420
09-13 22:58:06.636  3438  3438 I CameraService: CameraService started (pid=3438)
09-13 22:58:06.636  3438  3438 I CameraService: CameraService process starting
09-13 22:58:06.636  3438  3438 W BatteryNotifier: batterystats service unavailable!
09-13 22:58:06.636  3438  3438 W BatteryNotifier: batterystats service unavailable!
09-13 22:58:06.636  3438  3438 E CameraService: Could not load camera HAL module: -2 (No such file or directory)
09-13 22:58:06.635  3084  3084 W auditd  : type=1325 audit(0.0:51): table=filter family=10 entries=6
09-13 22:58:06.635  3084  3084 W auditd  : type=1320 audit(0.0:51): 
09-13 22:58:06.642  3446  3446 F DEBUG   : *** *** *** *** *** *** *** *** *** *** *** *** *** *** *** ***
09-13 22:58:06.642  3446  3446 F DEBUG   : LineageOS Version: '14.1-20170913-UNOFFICIAL-dream2lte'
09-13 22:58:06.642  3446  3446 F DEBUG   : Build fingerprint: 'samsung/dream2ltexx/dream2lte:7.0/NRD90M/G955FXXU1AQH3:user/release-keys'
09-13 22:58:06.642  3446  3446 F DEBUG   : Revision: '0'
09-13 22:58:06.642  3446  3446 F DEBUG   : ABI: 'arm64'
09-13 22:58:06.642  3446  3446 F DEBUG   : pid: 3440, tid: 3440, name: app_process64  >>> /system/bin/app_process64 <<<
09-13 22:58:06.643  3446  3446 F DEBUG   : signal 6 (SIGABRT), code -6 (SI_TKILL), fault addr --------
09-13 22:58:06.643  3446  3446 F DEBUG   :     x0   0000000000000000  x1   0000000000000d70  x2   0000000000000006  x3   0000000000000008
09-13 22:58:06.643  3446  3446 F DEBUG   :     x4   0000000000000018  x5   0000000000000060  x6   ff03fefeff636d74  x7   7f7f7f7f7f7f7f7f
09-13 22:58:06.643  3446  3446 F DEBUG   :     x8   0000000000000083  x9   ffffffffffffffdf  x10  0000000000000000  x11  0000000000000001
09-13 22:58:06.643  3446  3446 F DEBUG   :     x12  ffffffffffffffff  x13  0000000000000000  x14  0000000000000000  x15  00231e5e80800c8c
09-13 22:58:06.643  3446  3446 F DEBUG   :     x16  0000007ffa25cd50  x17  0000007ffa25cc1f  x18  00000000ffffffff  x19  0000007f80d76b40
09-13 22:58:06.643  3446  3446 F DEBUG   :     x20  0000000000000006  x21  0000007f80d76a98  x22  0000000000000002  x23  0000007f80cad010
09-13 22:58:06.643  3446  3446 F DEBUG   :     x24  000000000000000c  x25  0000007ffa25d9b0  x26  0000007ffa25da10  x27  0000007f80cae1b8
09-13 22:58:06.643  3446  3446 F DEBUG   :     x28  0000007f80cae010  x29  0000007ffa25d820  x30  0000007f80d36334
09-13 22:58:06.643  3446  3446 F DEBUG   :     sp   0000007ffa25d800  pc   0000007f80d36e64  pstate 0000000060000000
09-13 22:58:06.639  3084  3084 W auditd  : type=1325 audit(0.0:52): table=filter family=2 entries=4
09-13 22:58:06.639  3084  3084 W auditd  : type=1320 audit(0.0:52): 
09-13 22:58:06.644  3181  3181 D wrapperGPS: wrapperConnect_RILD
09-13 22:58:06.646  3446  3446 F DEBUG   : 
09-13 22:58:06.646  3446  3446 F DEBUG   : backtrace:
09-13 22:58:06.646  3446  3446 F DEBUG   :     #00 pc 0000000000075e64  /system/bin/linker64 (__dl_tgkill+8)
09-13 22:58:06.646  3446  3446 F DEBUG   :     #01 pc 0000000000075330  /system/bin/linker64 (__dl_pthread_kill+64)
09-13 22:58:06.646  3446  3446 F DEBUG   :     #02 pc 0000000000068e24  /system/bin/linker64 (__dl_raise+24)
09-13 22:58:06.646  3446  3446 F DEBUG   :     #03 pc 00000000000667f8  /system/bin/linker64 (__dl_abort+52)
09-13 22:58:06.646  3446  3446 F DEBUG   :     #04 pc 00000000000689ac  /system/bin/linker64 (__dl___libc_fatal+104)
09-13 22:58:06.646  3446  3446 F DEBUG   :     #05 pc 0000000000010e3c  /system/bin/linker64 (__dl__ZL29__linker_init_post_relocationR19KernelArgumentBlocky+6216)
09-13 22:58:06.646  3446  3446 F DEBUG   :     #06 pc 000000000000f554  /system/bin/linker64 (__dl___linker_init+528)
09-13 22:58:06.646  3446  3446 F DEBUG   :     #07 pc 0000000000006cd0  /system/bin/linker64 (_start+4)
09-13 22:58:06.649  3447  3447 F DEBUG   : *** *** *** *** *** *** *** *** *** *** *** *** *** *** *** ***
09-13 22:58:06.649  3447  3447 F DEBUG   : LineageOS Version: '14.1-20170913-UNOFFICIAL-dream2lte'
09-13 22:58:06.649  3447  3447 F DEBUG   : Build fingerprint: 'samsung/dream2ltexx/dream2lte:7.0/NRD90M/G955FXXU1AQH3:user/release-keys'
09-13 22:58:06.643  3084  3084 W auditd  : type=1325 audit(0.0:53): table=filter family=10 entries=4
09-13 22:58:06.643  3084  3084 W auditd  : type=1320 audit(0.0:53): 
09-13 22:58:06.649  3447  3447 F DEBUG   : Revision: '0'
09-13 22:58:06.649  3447  3447 F DEBUG   : ABI: 'arm'
09-13 22:58:06.649  3447  3447 F DEBUG   : pid: 3442, tid: 3442, name: app_process32  >>> /system/bin/app_process32 <<<
09-13 22:58:06.649  3447  3447 F DEBUG   : signal 6 (SIGABRT), code -6 (SI_TKILL), fault addr --------
09-13 22:58:06.649  3447  3447 F DEBUG   :     r0 00000000  r1 00000d72  r2 00000006  r3 00000008
09-13 22:58:06.649  3447  3447 F DEBUG   :     r4 f71ea58c  r5 00000006  r6 f71ea534  r7 0000010c
09-13 22:58:06.649  3447  3447 F DEBUG   :     r8 ffb2f5b0  r9 00000001  sl ffb2f5e0  fp f7177010
09-13 22:58:06.649  3447  3447 F DEBUG   :     ip 00000002  sp ffb2f548  lr f71c9f8f  pc f71ca9a8  cpsr 200f0010
09-13 22:58:06.653  3447  3447 F DEBUG   : 
09-13 22:58:06.653  3447  3447 F DEBUG   : backtrace:
09-13 22:58:06.653  3447  3447 F DEBUG   :     #00 pc 000469a8  /system/bin/linker (__dl_tgkill+12)
09-13 22:58:06.653  3447  3447 F DEBUG   :     #01 pc 00045f8b  /system/bin/linker (__dl_pthread_kill+34)
09-13 22:58:06.653  3447  3447 F DEBUG   :     #02 pc 0003e32f  /system/bin/linker (__dl_raise+10)
09-13 22:58:06.653  3447  3447 F DEBUG   :     #03 pc 0003cdeb  /system/bin/linker (__dl___libc_android_abort+34)
09-13 22:58:06.653  3447  3447 F DEBUG   :     #04 pc 0003bbbc  /system/bin/linker (__dl_abort+4)
09-13 22:58:06.653  3447  3447 F DEBUG   :     #05 pc 0003de2b  /system/bin/linker (__dl___libc_fatal+22)
09-13 22:58:06.653  3447  3447 F DEBUG   :     #06 pc 00009c43  /system/bin/linker (__dl__ZL29__linker_init_post_relocationR19KernelArgumentBlockj+3146)
09-13 22:58:06.653  3447  3447 F DEBUG   :     #07 pc 00008f63  /system/bin/linker (__dl___linker_init+358)
09-13 22:58:06.653  3447  3447 F DEBUG   :     #08 pc 000027c0  /system/bin/linker (_start+4)
09-13 22:58:06.647  3084  3084 W auditd  : type=1325 audit(0.0:54): table=filter family=2 entries=6
09-13 22:58:06.647  3084  3084 W auditd  : type=1320 audit(0.0:54): 
09-13 22:58:06.651  3440  3440 W app_process64: type=1701 audit(0.0:55): auid=4294967295 uid=0 gid=0 ses=4294967295 subj=u:r:zygote:s0 exe="/system/bin/app_process64" sig=6
09-13 22:58:06.658  3076  3076 W         : debuggerd: resuming target 3440
09-13 22:58:06.658  3076  3076 E         : debuggerd: failed to send signal 18 to target: No such process
09-13 22:58:06.659  3157  3157 I ServiceManager: service 'media.camera' died
09-13 22:58:06.655  3442  3442 W app_process32: type=1701 audit(0.0:56): auid=4294967295 uid=0 gid=0 ses=4294967295 subj=u:r:zygote:s0 exe="/system/bin/app_process32" sig=6
09-13 22:58:06.663  3075  3075 W         : debuggerd: resuming target 3442
09-13 22:58:06.663  3075  3075 E         : debuggerd: failed to send signal 18 to target: No such process
09-13 22:58:07.644  3181  3181 D wrapperGPS: wrapperConnect_RILD
09-13 22:58:08.645  3181  3181 D wrapperGPS: wrapperConnect_RILD
09-13 22:58:09.645  3181  3181 D wrapperGPS: wrapperConnect_RILD
09-13 22:58:10.646  3181  3181 D wrapperGPS: wrapperConnect_RILD
09-13 22:58:11.646  3181  3181 D wrapperGPS: wrapperConnect_RILD
09-13 22:58:11.675  3472  3472 F libc    : CANNOT LINK EXECUTABLE "/system/bin/app_process32": library "libSecurityManagerNative.so" not found
09-13 22:58:11.675  3472  3472 F libc    : Fatal signal 6 (SIGABRT), code -6 in tid 3472 (app_process32)
09-13 22:58:11.675  3075  3075 W         : debuggerd: handling request: pid=3472 uid=0 gid=0 tid=3472
09-13 22:58:11.678  3476  3476 E         : debuggerd: Unable to connect to activity manager (connect failed: No such file or directory)
09-13 22:58:11.680  3471  3471 F libc    : CANNOT LINK EXECUTABLE "/system/bin/app_process64": library "libSecurityManagerNative.so" not found
09-13 22:58:11.680  3471  3471 F libc    : Fatal signal 6 (SIGABRT), code -6 in tid 3471 (app_process64)
09-13 22:58:11.680  3076  3076 W         : debuggerd: handling request: pid=3471 uid=0 gid=0 tid=3471
09-13 22:58:11.682  3477  3477 E         : debuggerd: Unable to connect to activity manager (connect failed: No such file or directory)
09-13 22:58:11.683  3477  3477 F DEBUG   : *** *** *** *** *** *** *** *** *** *** *** *** *** *** *** ***
09-13 22:58:11.683  3477  3477 F DEBUG   : LineageOS Version: '14.1-20170913-UNOFFICIAL-dream2lte'
09-13 22:58:11.683  3477  3477 F DEBUG   : Build fingerprint: 'samsung/dream2ltexx/dream2lte:7.0/NRD90M/G955FXXU1AQH3:user/release-keys'
09-13 22:58:11.683  3477  3477 F DEBUG   : Revision: '0'
09-13 22:58:11.683  3477  3477 F DEBUG   : ABI: 'arm64'
09-13 22:58:11.683  3477  3477 F DEBUG   : pid: 3471, tid: 3471, name: app_process64  >>> /system/bin/app_process64 <<<
09-13 22:58:11.683  3477  3477 F DEBUG   : signal 6 (SIGABRT), code -6 (SI_TKILL), fault addr --------
09-13 22:58:11.683  3477  3477 F DEBUG   :     x0   0000000000000000  x1   0000000000000d8f  x2   0000000000000006  x3   0000000000000008
09-13 22:58:11.683  3477  3477 F DEBUG   :     x4   0000000000000018  x5   0000000000000060  x6   ff03fefeff636d74  x7   7f7f7f7f7f7f7f7f
09-13 22:58:11.683  3477  3477 F DEBUG   :     x8   0000000000000083  x9   ffffffffffffffdf  x10  0000000000000000  x11  0000000000000001
09-13 22:58:11.683  3477  3477 F DEBUG   :     x12  ffffffffffffffff  x13  0000000000000000  x14  0000000000000000  x15  0028892e135208a6
09-13 22:58:11.684  3477  3477 F DEBUG   :     x16  0000007ffa78c890  x17  0000007ffa78c75f  x18  00000000ffffffff  x19  0000007fa4051b40
09-13 22:58:11.684  3477  3477 F DEBUG   :     x20  0000000000000006  x21  0000007fa4051a98  x22  0000000000000002  x23  0000007fa3f88010
09-13 22:58:11.684  3477  3477 F DEBUG   :     x24  000000000000000c  x25  0000007ffa78d4f0  x26  0000007ffa78d550  x27  0000007fa3f891b8
09-13 22:58:11.684  3477  3477 F DEBUG   :     x28  0000007fa3f89010  x29  0000007ffa78d360  x30  0000007fa4011334
09-13 22:58:11.684  3477  3477 F DEBUG   :     sp   0000007ffa78d340  pc   0000007fa4011e64  pstate 0000000060000000
09-13 22:58:11.686  3477  3477 F DEBUG   : 
09-13 22:58:11.686  3477  3477 F DEBUG   : backtrace:
09-13 22:58:11.686  3477  3477 F DEBUG   :     #00 pc 0000000000075e64  /system/bin/linker64 (__dl_tgkill+8)
09-13 22:58:11.686  3477  3477 F DEBUG   :     #01 pc 0000000000075330  /system/bin/linker64 (__dl_pthread_kill+64)
09-13 22:58:11.686  3477  3477 F DEBUG   :     #02 pc 0000000000068e24  /system/bin/linker64 (__dl_raise+24)
09-13 22:58:11.686  3477  3477 F DEBUG   :     #03 pc 00000000000667f8  /system/bin/linker64 (__dl_abort+52)
09-13 22:58:11.686  3477  3477 F DEBUG   :     #04 pc 00000000000689ac  /system/bin/linker64 (__dl___libc_fatal+104)
09-13 22:58:11.686  3477  3477 F DEBUG   :     #05 pc 0000000000010e3c  /system/bin/linker64 (__dl__ZL29__linker_init_post_relocationR19KernelArgumentBlocky+6216)
09-13 22:58:11.686  3477  3477 F DEBUG   :     #06 pc 000000000000f554  /system/bin/linker64 (__dl___linker_init+528)
09-13 22:58:11.686  3477  3477 F DEBUG   :     #07 pc 0000000000006cd0  /system/bin/linker64 (_start+4)
09-13 22:58:11.688  3475  3475 I Netd    : Netd 1.0 starting
09-13 22:58:11.689  3475  3475 D TetherController: Setting IP forward enable = 0
09-13 22:58:11.690  3475  3475 I QtiConnectivityAdapter: Failed to open libconnctrl, some features may not be present.
09-13 22:58:11.690  3475  3475 E         : Failed to open libdatactrl, some features may not be present.
09-13 22:58:11.690  3475  3475 E         : Failed to open libcsm_data, some features may not be present.
09-13 22:58:11.687  3084  3084 W auditd  : type=1325 audit(0.0:57): table=filter family=2 entries=7
09-13 22:58:11.687  3084  3084 W auditd  : type=1320 audit(0.0:57): 
09-13 22:58:11.691  3471  3471 W app_process64: type=1701 audit(0.0:58): auid=4294967295 uid=0 gid=0 ses=4294967295 subj=u:r:zygote:s0 exe="/system/bin/app_process64" sig=6
09-13 22:58:11.698  3076  3076 W         : debuggerd: resuming target 3471
09-13 22:58:11.698  3076  3076 E         : debuggerd: failed to send signal 18 to target: No such process
09-13 22:58:11.728  3476  3476 F DEBUG   : *** *** *** *** *** *** *** *** *** *** *** *** *** *** *** ***
09-13 22:58:11.728  3476  3476 F DEBUG   : LineageOS Version: '14.1-20170913-UNOFFICIAL-dream2lte'
09-13 22:58:11.728  3476  3476 F DEBUG   : Build fingerprint: 'samsung/dream2ltexx/dream2lte:7.0/NRD90M/G955FXXU1AQH3:user/release-keys'
09-13 22:58:11.728  3476  3476 F DEBUG   : Revision: '0'
09-13 22:58:11.728  3476  3476 F DEBUG   : ABI: 'arm'
09-13 22:58:11.729  3476  3476 F DEBUG   : pid: 3472, tid: 3472, name: app_process32  >>> /system/bin/app_process32 <<<
09-13 22:58:11.729  3476  3476 F DEBUG   : signal 6 (SIGABRT), code -6 (SI_TKILL), fault addr --------
09-13 22:58:11.729  3476  3476 F DEBUG   :     r0 00000000  r1 00000d90  r2 00000006  r3 00000008
09-13 22:58:11.729  3476  3476 F DEBUG   :     r4 f76f258c  r5 00000006  r6 f76f2534  r7 0000010c
09-13 22:58:11.729  3476  3476 F DEBUG   :     r8 ffc51640  r9 00000001  sl ffc51670  fp f767f010
09-13 22:58:11.729  3476  3476 F DEBUG   :     ip 00000002  sp ffc515d8  lr f76d1f8f  pc f76d29a8  cpsr 200f0010
09-13 22:58:11.732  3476  3476 F DEBUG   : 
09-13 22:58:11.732  3476  3476 F DEBUG   : backtrace:
09-13 22:58:11.732  3476  3476 F DEBUG   :     #00 pc 000469a8  /system/bin/linker (__dl_tgkill+12)
09-13 22:58:11.732  3476  3476 F DEBUG   :     #01 pc 00045f8b  /system/bin/linker (__dl_pthread_kill+34)
09-13 22:58:11.732  3476  3476 F DEBUG   :     #02 pc 0003e32f  /system/bin/linker (__dl_raise+10)
09-13 22:58:11.732  3476  3476 F DEBUG   :     #03 pc 0003cdeb  /system/bin/linker (__dl___libc_android_abort+34)
09-13 22:58:11.732  3476  3476 F DEBUG   :     #04 pc 0003bbbc  /system/bin/linker (__dl_abort+4)
09-13 22:58:11.732  3476  3476 F DEBUG   :     #05 pc 0003de2b  /system/bin/linker (__dl___libc_fatal+22)
09-13 22:58:11.733  3476  3476 F DEBUG   :     #06 pc 00009c43  /system/bin/linker (__dl__ZL29__linker_init_post_relocationR19KernelArgumentBlockj+3146)
09-13 22:58:11.733  3476  3476 F DEBUG   :     #07 pc 00008f63  /system/bin/linker (__dl___linker_init+358)
09-13 22:58:11.733  3476  3476 F DEBUG   :     #08 pc 000027c0  /system/bin/linker (_start+4)
09-13 22:58:11.735  3472  3472 W app_process32: type=1701 audit(0.0:59): auid=4294967295 uid=0 gid=0 ses=4294967295 subj=u:r:zygote:s0 exe="/system/bin/app_process32" sig=6
09-13 22:58:11.743  3075  3075 W         : debuggerd: resuming target 3472
09-13 22:58:12.647  3181  3181 D wrapperGPS: wrapperConnect_RILD
09-13 22:58:13.647  3181  3181 D wrapperGPS: wrapperCloseClient_RILD
09-13 22:58:13.648  3181  3181 D gpsd    : WakeLock(Acquire,GPSD)
09-13 22:58:13.648  3181  3181 D gpsd    : WakeLock(Release,GPSD)
09-13 22:58:13.648  3181  3181 D gpsd    : WakeLock(Acquire,GPSD)
09-13 22:58:13.648  3181  3181 D gpsd    : WakeLock(Release,GPSD)
09-13 22:58:16.755  3490  3490 F libc    : CANNOT LINK EXECUTABLE "/system/bin/app_process64": library "libSecurityManagerNative.so" not found
09-13 22:58:16.755  3490  3490 F libc    : Fatal signal 6 (SIGABRT), code -6 in tid 3490 (app_process64)
09-13 22:58:16.755  3076  3076 W         : debuggerd: handling request: pid=3490 uid=0 gid=0 tid=3490
09-13 22:58:16.758  3495  3495 E         : debuggerd: Unable to connect to activity manager (connect failed: No such file or directory)
09-13 22:58:16.760  3491  3491 F libc    : CANNOT LINK EXECUTABLE "/system/bin/app_process32": library "libSecurityManagerNative.so" not found
09-13 22:58:16.760  3491  3491 F libc    : Fatal signal 6 (SIGABRT), code -6 in tid 3491 (app_process32)
09-13 22:58:16.760  3075  3075 W         : debuggerd: handling request: pid=3491 uid=0 gid=0 tid=3491
09-13 22:58:16.763  3496  3496 E         : debuggerd: Unable to connect to activity manager (connect failed: No such file or directory)
09-13 22:58:16.771  3494  3494 I Netd    : Netd 1.0 starting
09-13 22:58:16.771  3494  3494 D TetherController: Setting IP forward enable = 0
09-13 22:58:16.772  3494  3494 I QtiConnectivityAdapter: Failed to open libconnctrl, some features may not be present.
09-13 22:58:16.773  3494  3494 E         : Failed to open libdatactrl, some features may not be present.
09-13 22:58:16.773  3494  3494 E         : Failed to open libcsm_data, some features may not be present.
09-13 22:58:16.791  3084  3084 W auditd  : type=1325 audit(0.0:60): table=filter family=2 entries=6
09-13 22:58:16.791  3084  3084 W auditd  : type=1320 audit(0.0:60): 
09-13 22:58:16.803  3488  3488 I cameraserver: ServiceManager: 0xf6899420
09-13 22:58:16.799  3084  3084 W auditd  : type=1325 audit(0.0:61): table=filter family=10 entries=6
09-13 22:58:16.803  3488  3488 I CameraService: CameraService started (pid=3488)
09-13 22:58:16.803  3488  3488 I CameraService: CameraService process starting
09-13 22:58:16.799  3084  3084 W auditd  : type=1320 audit(0.0:61): 
09-13 22:58:16.804  3488  3488 W BatteryNotifier: batterystats service unavailable!
09-13 22:58:16.804  3488  3488 W BatteryNotifier: batterystats service unavailable!
09-13 22:58:16.804  3488  3488 E CameraService: Could not load camera HAL module: -2 (No such file or directory)
09-13 22:58:16.803  3084  3084 W auditd  : type=1325 audit(0.0:62): table=filter family=2 entries=6
09-13 22:58:16.803  3084  3084 W auditd  : type=1320 audit(0.0:62): 
09-13 22:58:16.808  3495  3495 F DEBUG   : *** *** *** *** *** *** *** *** *** *** *** *** *** *** *** ***
09-13 22:58:16.808  3495  3495 F DEBUG   : LineageOS Version: '14.1-20170913-UNOFFICIAL-dream2lte'
09-13 22:58:16.808  3495  3495 F DEBUG   : Build fingerprint: 'samsung/dream2ltexx/dream2lte:7.0/NRD90M/G955FXXU1AQH3:user/release-keys'
09-13 22:58:16.808  3495  3495 F DEBUG   : Revision: '0'
09-13 22:58:16.808  3495  3495 F DEBUG   : ABI: 'arm64'
09-13 22:58:16.809  3495  3495 F DEBUG   : pid: 3490, tid: 3490, name: app_process64  >>> /system/bin/app_process64 <<<
09-13 22:58:16.809  3495  3495 F DEBUG   : signal 6 (SIGABRT), code -6 (SI_TKILL), fault addr --------
09-13 22:58:16.809  3495  3495 F DEBUG   :     x0   0000000000000000  x1   0000000000000da2  x2   0000000000000006  x3   0000000000000008
09-13 22:58:16.809  3495  3495 F DEBUG   :     x4   0000000000000018  x5   0000000000000060  x6   ff03fefeff636d74  x7   7f7f7f7f7f7f7f7f
09-13 22:58:16.809  3495  3495 F DEBUG   :     x8   0000000000000083  x9   ffffffffffffffdf  x10  0000000000000000  x11  0000000000000001
09-13 22:58:16.809  3495  3495 F DEBUG   :     x12  ffffffffffffffff  x13  0000000000000000  x14  0000000000000000  x15  002d02f384ebd588
09-13 22:58:16.809  3495  3495 F DEBUG   :     x16  0000007fff427150  x17  0000007fff42701f  x18  00000000ffffffff  x19  0000007f991c5b40
09-13 22:58:16.809  3495  3495 F DEBUG   :     x20  0000000000000006  x21  0000007f991c5a98  x22  0000000000000002  x23  0000007f990fc010
09-13 22:58:16.809  3495  3495 F DEBUG   :     x24  000000000000000c  x25  0000007fff427db0  x26  0000007fff427e10  x27  0000007f990fd1b8
09-13 22:58:16.809  3495  3495 F DEBUG   :     x28  0000007f990fd010  x29  0000007fff427c20  x30  0000007f99185334
09-13 22:58:16.809  3495  3495 F DEBUG   :     sp   0000007fff427c00  pc   0000007f99185e64  pstate 0000000060000000
09-13 22:58:16.811  3495  3495 F DEBUG   : 
09-13 22:58:16.811  3495  3495 F DEBUG   : backtrace:
09-13 22:58:16.811  3495  3495 F DEBUG   :     #00 pc 0000000000075e64  /system/bin/linker64 (__dl_tgkill+8)
09-13 22:58:16.811  3495  3495 F DEBUG   :     #01 pc 0000000000075330  /system/bin/linker64 (__dl_pthread_kill+64)
09-13 22:58:16.811  3495  3495 F DEBUG   :     #02 pc 0000000000068e24  /system/bin/linker64 (__dl_raise+24)
09-13 22:58:16.812  3495  3495 F DEBUG   :     #03 pc 00000000000667f8  /system/bin/linker64 (__dl_abort+52)
09-13 22:58:16.812  3495  3495 F DEBUG   :     #04 pc 00000000000689ac  /system/bin/linker64 (__dl___libc_fatal+104)
09-13 22:58:16.812  3495  3495 F DEBUG   :     #05 pc 0000000000010e3c  /system/bin/linker64 (__dl__ZL29__linker_init_post_relocationR19KernelArgumentBlocky+6216)
09-13 22:58:16.812  3495  3495 F DEBUG   :     #06 pc 000000000000f554  /system/bin/linker64 (__dl___linker_init+528)
09-13 22:58:16.812  3495  3495 F DEBUG   :     #07 pc 0000000000006cd0  /system/bin/linker64 (_start+4)
09-13 22:58:16.807  3084  3084 W auditd  : type=1325 audit(0.0:63): table=filter family=10 entries=6
09-13 22:58:16.807  3084  3084 W auditd  : type=1320 audit(0.0:63): 
09-13 22:58:16.813  3496  3496 F DEBUG   : *** *** *** *** *** *** *** *** *** *** *** *** *** *** *** ***
09-13 22:58:16.814  3496  3496 F DEBUG   : LineageOS Version: '14.1-20170913-UNOFFICIAL-dream2lte'
09-13 22:58:16.814  3496  3496 F DEBUG   : Build fingerprint: 'samsung/dream2ltexx/dream2lte:7.0/NRD90M/G955FXXU1AQH3:user/release-keys'
09-13 22:58:16.814  3496  3496 F DEBUG   : Revision: '0'
09-13 22:58:16.814  3496  3496 F DEBUG   : ABI: 'arm'
09-13 22:58:16.814  3496  3496 F DEBUG   : pid: 3491, tid: 3491, name: app_process32  >>> /system/bin/app_process32 <<<
09-13 22:58:16.814  3496  3496 F DEBUG   : signal 6 (SIGABRT), code -6 (SI_TKILL), fault addr --------
09-13 22:58:16.814  3496  3496 F DEBUG   :     r0 00000000  r1 00000da3  r2 00000006  r3 00000008
09-13 22:58:16.814  3496  3496 F DEBUG   :     r4 f757358c  r5 00000006  r6 f7573534  r7 0000010c
09-13 22:58:16.814  3496  3496 F DEBUG   :     r8 ffe1be90  r9 00000001  sl ffe1bec0  fp f7500010
09-13 22:58:16.814  3496  3496 F DEBUG   :     ip 00000002  sp ffe1be28  lr f7552f8f  pc f75539a8  cpsr 200f0010
09-13 22:58:16.811  3084  3084 W auditd  : type=1325 audit(0.0:64): table=filter family=2 entries=4
09-13 22:58:16.811  3084  3084 W auditd  : type=1320 audit(0.0:64): 
09-13 22:58:16.818  3496  3496 F DEBUG   : 
09-13 22:58:16.818  3496  3496 F DEBUG   : backtrace:
09-13 22:58:16.818  3496  3496 F DEBUG   :     #00 pc 000469a8  /system/bin/linker (__dl_tgkill+12)
09-13 22:58:16.818  3496  3496 F DEBUG   :     #01 pc 00045f8b  /system/bin/linker (__dl_pthread_kill+34)
09-13 22:58:16.818  3496  3496 F DEBUG   :     #02 pc 0003e32f  /system/bin/linker (__dl_raise+10)
09-13 22:58:16.818  3496  3496 F DEBUG   :     #03 pc 0003cdeb  /system/bin/linker (__dl___libc_android_abort+34)
09-13 22:58:16.818  3496  3496 F DEBUG   :     #04 pc 0003bbbc  /system/bin/linker (__dl_abort+4)
09-13 22:58:16.818  3496  3496 F DEBUG   :     #05 pc 0003de2b  /system/bin/linker (__dl___libc_fatal+22)
09-13 22:58:16.818  3496  3496 F DEBUG   :     #06 pc 00009c43  /system/bin/linker (__dl__ZL29__linker_init_post_relocationR19KernelArgumentBlockj+3146)
09-13 22:58:16.818  3496  3496 F DEBUG   :     #07 pc 00008f63  /system/bin/linker (__dl___linker_init+358)
09-13 22:58:16.818  3496  3496 F DEBUG   :     #08 pc 000027c0  /system/bin/linker (_start+4)
09-13 22:58:16.815  3084  3084 W auditd  : type=1325 audit(0.0:65): table=filter family=10 entries=4
09-13 22:58:16.815  3084  3084 W auditd  : type=1320 audit(0.0:65): 
09-13 22:58:16.815  3490  3490 W app_process64: type=1701 audit(0.0:66): auid=4294967295 uid=0 gid=0 ses=4294967295 subj=u:r:zygote:s0 exe="/system/bin/app_process64" sig=6
09-13 22:58:16.823  3076  3076 W         : debuggerd: resuming target 3490
09-13 22:58:16.823  3076  3076 E         : debuggerd: failed to send signal 18 to target: No such process
09-13 22:58:16.824  3157  3157 I ServiceManager: service 'media.camera' died
09-13 22:58:16.823  3491  3491 W app_process32: type=1701 audit(0.0:67): auid=4294967295 uid=0 gid=0 ses=4294967295 subj=u:r:zygote:s0 exe="/system/bin/app_process32" sig=6
09-13 22:58:16.830  3075  3075 W         : debuggerd: resuming target 3491
09-13 22:58:16.830  3075  3075 E         : debuggerd: failed to send signal 18 to target: No such process
09-13 22:58:18.659  3181  3181 D gpsd    : WakeLock(Acquire,GPSD)
09-13 22:58:18.659  3181  3181 D gpsd    : WakeLock(Release,GPSD)
09-13 22:58:18.659  3181  3181 D gpsd    : WakeLock(Acquire,GPSD)
09-13 22:58:18.659  3181  3181 D gpsd    : WakeLock(Release,GPSD)
09-13 22:58:18.674  3517  3517 V lhd     : GlLhdInterface::Init(/system/etc/lhd.conf)
09-13 22:58:18.674  3517  3517 E lhd     : SetCfgValue: Critical Error. Unknown configuration parameter "FlpName"="tcp"
09-13 22:58:18.674  3517  3517 V lhd     : SetCfgValue: LHD config "LheSerialControl"="BBD:Serial=TTY"
09-13 22:58:18.675  3517  3517 E lhd     : SetCfgValue: Critical Error. Unknown configuration parameter "LheClockMHz"="100"
09-13 22:58:18.675  3517  3517 V lhd     : SetCfgValue: LHD config "LhePatch"="/dev/bbd_patch"
09-13 22:58:18.675  3517  3517 V lhd     : SetCfgValue: LHD config "LheMaxMcuResetTries"="4"
09-13 22:58:18.675  3517  3517 V lhd     : SetCfgValue: LHD config "LheBbdPacket"="/dev/ttyBCM"
09-13 22:58:18.675  3517  3517 V lhd     : SetCfgValue: LHD config "LheBbdControl"="/dev/bbd_control"
09-13 22:58:18.675  3517  3517 V lhd     : SetCfgValue: LHD config "LheBbdSensor"="/dev/bbd_sensor"
09-13 22:58:18.675  3517  3517 V lhd     : SetCfgValue: LHD config "Lhe477xDebugFlags"="RPC:FACILITY=33:STDOUT_PUTS:STDOUT_LOG"
09-13 22:58:18.675  3517  3517 E lhd     : SetCfgValue: Critical Error. Unknown configuration parameter "LheSensorIpc"="true"
09-13 22:58:18.675  3517  3517 E lhd     : SetCfgValue: Critical Error. Unknown configuration parameter "LhePinMux"="P17=M1"
09-13 22:58:18.675  3517  3517 V lhd     : SetCfgValue: LHD config "LheAutoBaudDelayMS"="10"
09-13 22:58:18.675  3517  3517 V lhd     : SetCfgValue: LHD config "LheMaxMcuResetTries"="3"
09-13 22:58:18.675  3517  3517 E lhd     : OpenFirmwareFile: Fail to open /efs/sec_efs/sensorhub_urgent_fw.patch, errno 2
09-13 22:58:18.675  3517  3517 E lhd     : getCustPatchVersion: Fail to parse patch /efs/sec_efs/sensorhub_urgent_fw.patch
09-13 22:58:18.675  3517  3517 E lhd     : getCustPatchVersion: <CustomerVersion> not found
09-13 22:58:18.736  3181  3181 D gpsd    : WakeLock(Acquire,GPSD)
09-13 22:58:18.736  3181  3181 D gpsd    : WakeLock(Release,GPSD)
09-13 22:58:18.736  3181  3181 D gpsd    : WakeLock(Acquire,GPSD)
09-13 22:58:18.736  3181  3181 D gpsd    : WakeLock(Release,GPSD)
09-13 22:58:18.736  3517  3517 D lhd     : OnIpcConnect
09-13 22:58:21.670  3523  3523 F libc    : CANNOT LINK EXECUTABLE "/system/bin/app_process32": library "libSecurityManagerNative.so" not found
09-13 22:58:21.670  3523  3523 F libc    : Fatal signal 6 (SIGABRT), code -6 in tid 3523 (app_process32)
09-13 22:58:21.671  3075  3075 W         : debuggerd: handling request: pid=3523 uid=0 gid=0 tid=3523
09-13 22:58:21.672  3521  3521 F libc    : CANNOT LINK EXECUTABLE "/system/bin/app_process64": library "libSecurityManagerNative.so" not found
09-13 22:58:21.672  3521  3521 F libc    : Fatal signal 6 (SIGABRT), code -6 in tid 3521 (app_process64)
09-13 22:58:21.672  3076  3076 W         : debuggerd: handling request: pid=3521 uid=0 gid=0 tid=3521
09-13 22:58:21.673  3527  3527 E         : debuggerd: Unable to connect to activity manager (connect failed: No such file or directory)
09-13 22:58:21.674  3528  3528 E         : debuggerd: Unable to connect to activity manager (connect failed: No such file or directory)
09-13 22:58:21.681  3526  3526 I Netd    : Netd 1.0 starting
09-13 22:58:21.681  3526  3526 D TetherController: Setting IP forward enable = 0
09-13 22:58:21.683  3526  3526 I QtiConnectivityAdapter: Failed to open libconnctrl, some features may not be present.
09-13 22:58:21.683  3526  3526 E         : Failed to open libdatactrl, some features may not be present.
09-13 22:58:21.683  3526  3526 E         : Failed to open libcsm_data, some features may not be present.
09-13 22:58:21.695  3084  3084 W auditd  : type=1325 audit(0.0:68): table=filter family=2 entries=6
09-13 22:58:21.695  3084  3084 W auditd  : type=1320 audit(0.0:68): 
09-13 22:58:21.707  3084  3084 W auditd  : type=1325 audit(0.0:69): table=filter family=10 entries=6
09-13 22:58:21.707  3084  3084 W auditd  : type=1320 audit(0.0:69): 
09-13 22:58:21.717  3519  3519 I cameraserver: ServiceManager: 0xf6919420
09-13 22:58:21.717  3519  3519 I CameraService: CameraService started (pid=3519)
09-13 22:58:21.717  3519  3519 I CameraService: CameraService process starting
09-13 22:58:21.717  3519  3519 W BatteryNotifier: batterystats service unavailable!
09-13 22:58:21.717  3519  3519 W BatteryNotifier: batterystats service unavailable!
09-13 22:58:21.717  3519  3519 E CameraService: Could not load camera HAL module: -2 (No such file or directory)
09-13 22:58:21.715  3084  3084 W auditd  : type=1325 audit(0.0:70): table=filter family=2 entries=6
09-13 22:58:21.715  3084  3084 W auditd  : type=1320 audit(0.0:70): 
09-13 22:58:21.719  3084  3084 W auditd  : type=1325 audit(0.0:71): table=filter family=10 entries=6
09-13 22:58:21.719  3084  3084 W auditd  : type=1320 audit(0.0:71): 
09-13 22:58:21.724  3527  3527 F DEBUG   : *** *** *** *** *** *** *** *** *** *** *** *** *** *** *** ***
09-13 22:58:21.724  3527  3527 F DEBUG   : LineageOS Version: '14.1-20170913-UNOFFICIAL-dream2lte'
09-13 22:58:21.724  3527  3527 F DEBUG   : Build fingerprint: 'samsung/dream2ltexx/dream2lte:7.0/NRD90M/G955FXXU1AQH3:user/release-keys'
09-13 22:58:21.724  3527  3527 F DEBUG   : Revision: '0'
09-13 22:58:21.724  3527  3527 F DEBUG   : ABI: 'arm'
09-13 22:58:21.724  3527  3527 F DEBUG   : pid: 3523, tid: 3523, name: app_process32  >>> /system/bin/app_process32 <<<
09-13 22:58:21.725  3527  3527 F DEBUG   : signal 6 (SIGABRT), code -6 (SI_TKILL), fault addr --------
09-13 22:58:21.725  3527  3527 F DEBUG   :     r0 00000000  r1 00000dc3  r2 00000006  r3 00000008
