09-16 01:08:25.141  3178  3243 D audio_hw_primary_abox: device-adev_set_voice_volume: enter with volume level(1.000000)
09-16 01:08:25.141  3178  3243 D audio_hw_primary_abox: device-adev_set_voice_volume: exit
09-16 01:08:25.141  3178  3386 W BatteryNotifier: batterystats service unavailable!
09-16 01:08:25.141  3178  3386 W AudioFlinger: no wake lock to update, system not ready yet
09-16 01:08:25.142  3178  3178 I AudioFlinger: openOutput(), module 10 Device 2, SamplingRate 48000, Format 0x000001, Channels 3, flags 4
09-16 01:08:25.142  3178  3178 D audio_hw_primary_abox: device-adev_open_output_stream: enter: io_handle (21), sample_rate(48000) channel_mask(0x3) devices(0x2) flags(0x4)
09-16 01:08:25.142  3178  3178 D audio_hw_primary_abox: device-adev_open_output_stream: Requested open fast output
09-16 01:08:25.142  3178  3178 I audio_hw_primary_abox: Check PCM Channel Count: Default(2), Request(2)
09-16 01:08:25.142  3178  3178 I audio_hw_primary_abox: Check PCM Smapling Rate: Default(48000), Request(48000)
09-16 01:08:25.142  3178  3178 I audio_hw_primary_abox: Check PCM Format: Default(0), Request(0)
09-16 01:08:25.142  3178  3178 I audio_hw_primary_abox: fast_out-adev_open_output_stream: Transit to Standby
09-16 01:08:25.142  3178  3178 D PostProcessConvertor: PostProcessConvertorInit ++ OSR 192000, ISR 48000, CC 2, OBW 4, IBW 1 
09-16 01:08:25.142  3178  3178 D SoundAliveResampler: [SoundAliveResampler] Init+++
09-16 01:08:25.142  3178  3178 V audio_hw_primary_abox: fast_out-add_audio_usage: Added Audio Stream into Audio Usage list!
09-16 01:08:25.142  3178  3178 D audio_hw_primary_abox: device-adev_open_output_stream: Opened fast_out stream
09-16 01:08:25.142  3178  3178 V audio_hw_primary_abox: fast_out-out_get_format: exit with audio format = 0x1
09-16 01:08:25.142  3178  3178 V audio_hw_primary_abox: fast_out-out_get_channels: exit with channel mask = 0x3
09-16 01:08:25.142  3178  3178 V audio_hw_primary_abox: fast_out-out_get_sample_rate: exit with sample rate = 48000
09-16 01:08:25.142  3178  3178 V audio_hw_primary_abox: fast_out-out_get_channels: exit with channel mask = 0x3
09-16 01:08:25.142  3178  3178 V audio_hw_primary_abox: fast_out-out_get_format: exit with audio format = 0x1
09-16 01:08:25.142  3178  3178 V audio_hw_primary_abox: fast_out-out_get_format: exit with audio format = 0x1
09-16 01:08:25.142  3178  3178 V audio_hw_primary_abox: fast_out-out_get_format: exit with audio format = 0x1
09-16 01:08:25.142  3178  3178 V audio_hw_primary_abox: fast_out-out_get_channels: exit with channel mask = 0x3
09-16 01:08:25.142  3178  3178 V audio_hw_primary_abox: fast_out-out_get_buffer_size: Period Size = 192, Frame Size = 4
09-16 01:08:25.142  3178  3178 V audio_hw_primary_abox: fast_out-out_get_format: exit with audio format = 0x1
09-16 01:08:25.142  3178  3178 V audio_hw_primary_abox: fast_out-out_get_channels: exit with channel mask = 0x3
09-16 01:08:25.142  3178  3178 I AudioFlinger: HAL output buffer size 192 frames, normal sink buffer size 960 frames
09-16 01:08:25.142  3178  3178 V audio_hw_primary_abox: fast_out-out_get_format: exit with audio format = 0x1
09-16 01:08:25.142  3178  3178 V audio_hw_primary_abox: fast_out-out_get_channels: exit with channel mask = 0x3
09-16 01:08:25.142  3178  3178 V audio_hw_primary_abox: fast_out-out_get_buffer_size: Period Size = 192, Frame Size = 4
09-16 01:08:25.142  3178  3178 V audio_hw_primary_abox: fast_out-out_get_format: exit with audio format = 0x1
09-16 01:08:25.142  3178  3178 V audio_hw_primary_abox: fast_out-out_get_channels: exit with channel mask = 0x3
09-16 01:08:25.142  3178  3178 V audio_hw_primary_abox: fast_out-out_get_format: exit with audio format = 0x1
09-16 01:08:25.142  3178  3178 V audio_hw_primary_abox: fast_out-out_get_sample_rate: exit with sample rate = 48000
09-16 01:08:25.142  3178  3178 V audio_hw_primary_abox: fast_out-out_get_channels: exit with channel mask = 0x3
09-16 01:08:25.142  3178  3390 I AudioFlinger: AudioFlinger's thread 0xf5a03f40 ready to run
09-16 01:08:25.143  3178  3390 W BatteryNotifier: batterystats service unavailable!
09-16 01:08:25.143  3178  3390 V audio_hw_primary_abox: fast_out-out_standby: enter
09-16 01:08:25.143  3178  3390 V audio_hw_primary_abox: fast_out-out_standby: exit
09-16 01:08:25.143  3178  3390 W BatteryNotifier: batterystats service unavailable!
09-16 01:08:25.143  3178  3390 W BatteryNotifier: batterystats service unavailable!
09-16 01:08:25.143  3178  3390 D audio_hw_primary_abox: fast_out-out_set_parameters: enter with param = routing=2
09-16 01:08:25.143  3178  3390 D audio_hw_primary_abox: fast_out-out_set_parameters: Requested to change route from 0x2 to 0x2
09-16 01:08:25.143  3178  3390 D audio_hw_primary_abox: fast_out-out_set_parameters: exit
09-16 01:08:25.143  3178  3390 W AudioFlinger: no wake lock to update, system not ready yet
09-16 01:08:25.143  3178  3178 D audio_hw_primary_abox: device-adev_open_input_stream: enter: io_handle (14), sample_rate(48000) channel_mask(0xc) devices(0x80000004) flags(0) source(1)
09-16 01:08:25.143  3178  3178 I audio_hw_primary_abox: device-adev_open_input_stream: requested input samplerate decides audio path of csvt and vowifi, sample_rate = 48000
09-16 01:08:25.143  3178  3178 D audio_hw_primary_abox: device-adev_open_input_stream: Requested open Primary input
09-16 01:08:25.143  3178  3178 I audio_hw_primary_abox: is_voice_wakeup : ret =  0  , wakeup_baby_cry_enabled = 0  ,  wakeup_mic_enabled = 0 
09-16 01:08:25.143  3178  3178 I audio_hw_primary_abox: primary_in-adev_open_input_stream: Transit to Standby
09-16 01:08:25.143  3178  3178 V audio_hw_primary_abox: primary_in-add_audio_usage: Added Audio Stream into Audio Usage list!
09-16 01:08:25.143  3178  3178 D audio_hw_primary_abox: adev_open_input_stream: preprocessing_latency = 0
09-16 01:08:25.143  3178  3178 I audio_hw_primary_abox: adev_open_input_stream: input is null, set new input stream
09-16 01:08:25.143  3178  3178 D audio_hw_primary_abox: device-adev_open_input_stream: Opened primary_in stream
09-16 01:08:25.144  3178  3391 I AudioFlinger: AudioFlinger's thread 0xf5703880 ready to run
09-16 01:08:25.144  3178  3178 D audio_hw_primary_abox: device-adev_close_input_stream: enter with Audio Usage(primary_in)
09-16 01:08:25.144  3178  3178 V audio_hw_primary_abox: stop_voice_note_recording
09-16 01:08:25.144  3178  3178 D audio_hw_primary_abox: primary_in-in_standby: enter
09-16 01:08:25.144  3178  3178 D audio_hw_primary_abox: primary_in-in_standby: exit
09-16 01:08:25.144  3178  3178 V audio_hw_primary_abox: primary_in-remove_audio_usage: Removed Audio Usage from Audio Usage list!
09-16 01:08:25.144  3178  3178 E audio_hw_primary_abox: adev_close_input_stream, set jack_in to null
09-16 01:08:25.144  3178  3178 D audio_hw_primary_abox: device-adev_close_input_stream: Closed primary_in stream
09-16 01:08:25.149  3178  3178 I bt_a2dp_hw: adev_open:  adev_open in A2dp_hw module
09-16 01:08:25.149  3178  3178 I AudioFlinger: loadHwModule() Loaded a2dp audio interface from A2DP Audio HW HAL (audio) handle 18
09-16 01:08:25.157  3178  3178 I AudioFlinger: loadHwModule() Loaded usb audio interface from USB audio HW HAL (audio) handle 26
09-16 01:08:25.161  3178  3178 I r_submix: adev_open(name=audio_hw_if)
09-16 01:08:25.161  3178  3178 I r_submix: adev_init_check()
09-16 01:08:25.161  3178  3178 I AudioFlinger: loadHwModule() Loaded r_submix audio interface from Wifi Display audio HAL (audio) handle 34
09-16 01:08:25.161  3178  3178 D r_submix: adev_open_input_stream(addr=0)
09-16 01:08:25.161  3178  3178 D r_submix: submix_audio_device_create_pipe_l(addr=0, idx=9)
09-16 01:08:25.161  3178  3178 D r_submix:   now using address 0 for route 9
09-16 01:08:25.162  3178  3396 I AudioFlinger: AudioFlinger's thread 0xf5683e00 ready to run
09-16 01:08:25.162  3178  3178 D r_submix: adev_close_input_stream()
09-16 01:08:25.162  3178  3178 D r_submix: submix_audio_device_release_pipe_l(idx=9) addr=0
09-16 01:08:25.162  3178  3178 D r_submix: submix_audio_device_destroy_pipe_l(): pipe destroyed
09-16 01:08:25.163  3178  3178 I RadioService: RadioService
09-16 01:08:25.163  3178  3178 I RadioService: onFirstRef
09-16 01:08:25.163  3178  3178 E RadioService: couldn't load radio module radio.primary (No such file or directory)
09-16 01:08:25.163  3178  3178 E SoundTriggerHwService: couldn't load sound trigger module sound_trigger.primary (No such file or directory)
09-16 01:08:25.468  3187  3187 V NatController: runCmd(/system/bin/iptables -w -F natctrl_FORWARD) res=0
09-16 01:08:25.472  3187  3187 V NatController: runCmd(/system/bin/ip6tables -w -F natctrl_FORWARD) res=0
09-16 01:08:25.476  3187  3187 V NatController: runCmd(/system/bin/iptables -w -A natctrl_FORWARD -j DROP) res=0
09-16 01:08:25.480  3187  3187 V NatController: runCmd(/system/bin/iptables -w -t nat -F natctrl_nat_POSTROUTING) res=0
09-16 01:08:25.484  3187  3187 V NatController: runCmd(/system/bin/ip6tables -w -t raw -F natctrl_raw_PREROUTING) res=0
09-16 01:08:25.487  3187  3187 V NatController: runCmd(/system/bin/iptables -w -F natctrl_tether_counters) res=1
09-16 01:08:25.491  3187  3187 V NatController: runCmd(/system/bin/ip6tables -w -F natctrl_tether_counters) res=1
09-16 01:08:25.495  3187  3187 V NatController: runCmd(/system/bin/iptables -w -X natctrl_tether_counters) res=1
09-16 01:08:25.499  3187  3187 V NatController: runCmd(/system/bin/ip6tables -w -X natctrl_tether_counters) res=1
09-16 01:08:25.504  3187  3187 V NatController: runCmd(/system/bin/iptables -w -N natctrl_tether_counters) res=0
09-16 01:08:25.508  3187  3187 V NatController: runCmd(/system/bin/ip6tables -w -N natctrl_tether_counters) res=0
09-16 01:08:25.512  3187  3187 V NatController: runCmd(/system/bin/iptables -w -t mangle -A natctrl_mangle_FORWARD -p tcp --tcp-flags SYN SYN -j TCPMSS --clamp-mss-to-pmtu) res=0
09-16 01:08:25.537  3158  3158 D SurfaceFlinger: SF. shader cache generated - 26 shaders in 913.235596 ms
09-16 01:08:25.539  3158  3158 D SurfaceFlinger: Set power mode=2, type=0 flinger=0x7f99c48000
09-16 01:08:25.580  3175  3175 D wrapperGPS: wrapperConnect_RILD
09-16 01:08:25.598  3187  3187 E Netd    : cannot find interface dummy0
09-16 01:08:25.601  3187  3187 D MDnsDS  : MDnsSdListener::Hander starting up
09-16 01:08:25.601  3187  3515 D MDnsDS  : MDnsSdListener starting to monitor
09-16 01:08:25.601  3187  3515 D MDnsDS  : Going to poll with pollCount 1
09-16 01:08:25.749  3503  3524 D libEGL  : loaded /vendor/lib64/egl/libGLES_mali.so
09-16 01:08:25.760  3503  3524 D mali_winsys: EGLint new_window_surface(egl_winsys_display*, void*, EGLSurface, EGLConfig, egl_winsys_surface**, egl_color_buffer_format*, EGLBoolean) returns 0x3000,  [1440x2960]-format:2
09-16 01:08:26.580  3175  3175 D wrapperGPS: wrapperConnect_RILD
09-16 01:08:26.610  3358  3358 I dex2oat : Explicit concurrent mark sweep GC freed 7869(2MB) AllocSpace objects, 0(0B) LOS objects, 61% free, 2MB/6MB, paused 45us total 9.398ms
09-16 01:08:26.610  3368  3368 I dex2oat : Explicit concurrent mark sweep GC freed 7869(1469KB) AllocSpace objects, 0(0B) LOS objects, 66% free, 1825KB/5MB, paused 39us total 8.261ms
09-16 01:08:27.282  3368  3368 I dex2oat : dex2oat took 2.198s (threads: 8) arena alloc=0B (0B) java alloc=1829KB (1873040B) native alloc=7MB (7784776B) free=4MB (4273848B)
09-16 01:08:27.283  3358  3358 I dex2oat : dex2oat took 2.219s (threads: 8) arena alloc=0B (0B) java alloc=2MB (2608704B) native alloc=10MB (10597136B) free=6MB (6311152B)
09-16 01:08:27.308  3177  3177 D ICU     : No timezone override file found: /data/misc/zoneinfo/current/icu/icu_tzdata.dat
09-16 01:08:27.312  3176  3176 D ICU     : No timezone override file found: /data/misc/zoneinfo/current/icu/icu_tzdata.dat
09-16 01:08:27.337  3176  3176 W art     : Before Android 4.1, method double java.util.concurrent.ThreadLocalRandom.internalNextDouble(double, double) would have incorrectly overridden the package-private method in java.util.Random
09-16 01:08:27.337  3176  3176 W art     : Before Android 4.1, method int java.util.concurrent.ThreadLocalRandom.internalNextInt(int, int) would have incorrectly overridden the package-private method in java.util.Random
09-16 01:08:27.337  3176  3176 W art     : Before Android 4.1, method long java.util.concurrent.ThreadLocalRandom.internalNextLong(long, long) would have incorrectly overridden the package-private method in java.util.Random
09-16 01:08:27.337  3177  3177 W art     : Before Android 4.1, method double java.util.concurrent.ThreadLocalRandom.internalNextDouble(double, double) would have incorrectly overridden the package-private method in java.util.Random
09-16 01:08:27.337  3177  3177 W art     : Before Android 4.1, method int java.util.concurrent.ThreadLocalRandom.internalNextInt(int, int) would have incorrectly overridden the package-private method in java.util.Random
09-16 01:08:27.337  3177  3177 W art     : Before Android 4.1, method long java.util.concurrent.ThreadLocalRandom.internalNextLong(long, long) would have incorrectly overridden the package-private method in java.util.Random
09-16 01:08:27.449  3176  3176 I Radio-JNI: register_android_hardware_Radio DONE
09-16 01:08:27.458  3177  3177 I Radio-JNI: register_android_hardware_Radio DONE
09-16 01:08:27.479  3176  3176 I SamplingProfilerIntegration: Profiling disabled.
09-16 01:08:27.480  3176  3176 D Zygote  : begin preload
09-16 01:08:27.480  3176  3176 I Zygote  : Installing ICU cache reference pinning...
09-16 01:08:27.480  3176  3176 I Zygote  : Preloading ICU data...
09-16 01:08:27.494  3177  3177 I SamplingProfilerIntegration: Profiling disabled.
09-16 01:08:27.495  3177  3177 D Zygote  : begin preload
09-16 01:08:27.495  3177  3177 I Zygote  : Installing ICU cache reference pinning...
09-16 01:08:27.495  3177  3177 I Zygote  : Preloading ICU data...
09-16 01:08:27.580  3175  3175 D wrapperGPS: wrapperConnect_RILD
09-16 01:08:27.581  3175  3175 D gpsd    : WakeLock(Acquire,GPSD)
09-16 01:08:27.581  3175  3175 D gpsd    : WakeLock(Release,GPSD)
09-16 01:08:27.581  3175  3175 D gpsd    : WakeLock(Acquire,GPSD)
09-16 01:08:27.581  3175  3175 D gpsd    : WakeLock(Release,GPSD)
09-16 01:08:27.608  3176  3176 I Zygote  : Preloading classes...
09-16 01:08:27.614  3176  3176 W Zygote  : Class not found for preloading: [Landroid.view.Display$ColorTransform;
09-16 01:08:27.646  3177  3177 I Zygote  : Preloading classes...
09-16 01:08:27.652  3177  3177 W Zygote  : Class not found for preloading: [Landroid.view.Display$ColorTransform;
09-16 01:08:28.016  3176  3176 E Typeface: Error mapping font file /system/fonts/DroidSansFallback.ttf
09-16 01:08:28.028  3177  3177 E Typeface: Error mapping font file /system/fonts/DroidSansFallback.ttf
09-16 01:08:28.141  3178  3386 W BatteryNotifier: batterystats service unavailable!
09-16 01:08:28.152  3178  3390 W BatteryNotifier: batterystats service unavailable!
09-16 01:08:28.826  3176  3176 I art     : Thread[1,tid=3176,Native,Thread*=0x7f87895a00,peer=0x12c420d0,"main"] recursive attempt to load library "/system/lib64/libmedia_jni.so"
09-16 01:08:28.827  3176  3176 D MtpDeviceJNI: register_android_mtp_MtpDevice
09-16 01:08:28.828  3176  3176 I art     : Thread[1,tid=3176,Native,Thread*=0x7f87895a00,peer=0x12c420d0,"main"] recursive attempt to load library "/system/lib64/libmedia_jni.so"
09-16 01:08:28.828  3176  3176 I art     : Thread[1,tid=3176,Native,Thread*=0x7f87895a00,peer=0x12c420d0,"main"] recursive attempt to load library "/system/lib64/libmedia_jni.so"
09-16 01:08:28.866  3176  3176 E FFMPEGSoftCodec: Failed to load FFMPEG plugin: (null)
09-16 01:08:29.006  3177  3177 I art     : Thread[1,tid=3177,Native,Thread*=0xf4a85400,peer=0x12c04f70,"main"] recursive attempt to load library "/system/lib/libmedia_jni.so"
09-16 01:08:29.006  3177  3177 D MtpDeviceJNI: register_android_mtp_MtpDevice
09-16 01:08:29.007  3177  3177 I art     : Thread[1,tid=3177,Native,Thread*=0xf4a85400,peer=0x12c04f70,"main"] recursive attempt to load library "/system/lib/libmedia_jni.so"
09-16 01:08:29.007  3177  3177 I art     : Thread[1,tid=3177,Native,Thread*=0xf4a85400,peer=0x12c04f70,"main"] recursive attempt to load library "/system/lib/libmedia_jni.so"
09-16 01:08:29.049  3177  3177 E FFMPEGSoftCodec: Failed to load FFMPEG plugin: (null)
09-16 01:08:29.233  3176  3176 W Zygote  : Class not found for preloading: android.view.Display$ColorTransform
09-16 01:08:29.233  3176  3176 W Zygote  : Class not found for preloading: android.view.Display$ColorTransform$1
09-16 01:08:29.430  3177  3177 W Zygote  : Class not found for preloading: android.view.Display$ColorTransform
09-16 01:08:29.430  3177  3177 W Zygote  : Class not found for preloading: android.view.Display$ColorTransform$1
09-16 01:08:29.457  3176  3176 W System  : ClassLoader referenced unknown path: /system/framework/tcmclient.jar
09-16 01:08:29.712  3176  3176 I System  : Loaded time zone names for "" in 72ms (40ms in ICU)
09-16 01:08:29.714  3177  3177 W System  : ClassLoader referenced unknown path: /system/framework/tcmclient.jar
09-16 01:08:29.756  3176  3176 I System  : Loaded time zone names for "en_US" in 44ms (10ms in ICU)
09-16 01:08:29.992  3177  3177 I System  : Loaded time zone names for "" in 66ms (19ms in ICU)
09-16 01:08:30.052  3177  3177 I System  : Loaded time zone names for "en_US" in 59ms (11ms in ICU)
09-16 01:08:30.065  3176  3176 I Zygote  : ...preloaded 4158 classes in 2457ms.
09-16 01:08:30.065  3176  3176 I art     : VMRuntime.preloadDexCaches starting
09-16 01:08:30.108  3176  3176 I art     : VMRuntime.preloadDexCaches strings total=288446 before=12011 after=12011
09-16 01:08:30.108  3176  3176 I art     : VMRuntime.preloadDexCaches types total=23810 before=9280 after=11325
09-16 01:08:30.108  3176  3176 I art     : VMRuntime.preloadDexCaches fields total=113941 before=41160 after=54105
09-16 01:08:30.108  3176  3176 I art     : VMRuntime.preloadDexCaches methods total=199717 before=78591 after=96703
09-16 01:08:30.108  3176  3176 I art     : VMRuntime.preloadDexCaches finished
09-16 01:08:30.109  3176  3176 I Zygote  : Preloading resources...
09-16 01:08:30.144  3176  3176 W Resources: Preloaded drawable resource #0x108025c (android:drawable/dialog_background_material) that varies with configuration!!
09-16 01:08:30.152  3176  3176 W Resources: Preloaded color resource #0x10600ea (android:color/material_grey_800) that varies with configuration!!
09-16 01:08:30.152  3176  3176 W Resources: Preloaded drawable resource #0x10802c9 (android:drawable/floating_popup_background_dark) that varies with configuration!!
09-16 01:08:30.271  3176  3176 I Zygote  : ...preloaded 114 resources in 162ms.
09-16 01:08:30.279  3176  3176 W Resources: Preloaded color resource #0x1060114 (android:color/background_cache_hint_selector_material_dark) that varies with configuration!!
09-16 01:08:30.279  3176  3176 W Resources: Preloaded color resource #0x1060119 (android:color/btn_default_material_dark) that varies with configuration!!
09-16 01:08:30.281  3176  3176 I Zygote  : ...preloaded 41 resources in 10ms.
09-16 01:08:30.283  3176  3176 I Zygote  : ...preloaded 2 resource in 2ms.
09-16 01:08:30.292  3176  3176 D libEGL  : loaded /vendor/lib64/egl/libGLES_mali.so
09-16 01:08:30.300  3176  3176 I Zygote  : Preloading shared libraries...
09-16 01:08:30.323  3176  3176 I Zygote  : Uninstalled ICU cache reference pinning...
09-16 01:08:30.331  3176  3176 I Zygote  : Installed AndroidKeyStoreProvider in 8ms.
09-16 01:08:30.410  3177  3177 I Zygote  : ...preloaded 4158 classes in 2764ms.
09-16 01:08:30.410  3177  3177 I art     : VMRuntime.preloadDexCaches starting
09-16 01:08:30.449  3176  3176 I Zygote  : Warmed up JCA providers in 117ms.
09-16 01:08:30.449  3176  3176 D Zygote  : end preload
09-16 01:08:30.449  3176  3176 I art     : Starting a blocking GC Explicit
09-16 01:08:30.459  3176  3176 I art     : Explicit concurrent mark sweep GC freed 3347(146KB) AllocSpace objects, 0(0B) LOS objects, 39% free, 10MB/17MB, paused 48us total 10.602ms
09-16 01:08:30.460  3176  3176 I art     : Starting a blocking GC Explicit
09-16 01:08:30.469  3176  3176 I art     : Explicit concurrent mark sweep GC freed 53(1992B) AllocSpace objects, 0(0B) LOS objects, 40% free, 10MB/17MB, paused 46us total 9.619ms
09-16 01:08:30.472  3177  3177 I art     : VMRuntime.preloadDexCaches strings total=288446 before=12011 after=12011
09-16 01:08:30.472  3177  3177 I art     : VMRuntime.preloadDexCaches types total=23810 before=9280 after=11325
09-16 01:08:30.472  3177  3177 I art     : VMRuntime.preloadDexCaches fields total=113941 before=41160 after=54105
09-16 01:08:30.472  3177  3177 I art     : VMRuntime.preloadDexCaches methods total=199717 before=78591 after=96703
09-16 01:08:30.472  3177  3177 I art     : VMRuntime.preloadDexCaches finished
09-16 01:08:30.473  3177  3177 I Zygote  : Preloading resources...
09-16 01:08:30.487  3176  3570 I art     : Starting a blocking GC HeapTrim
09-16 01:08:30.488  3176  3176 I art     : Starting a blocking GC Background
09-16 01:08:30.511  3177  3177 W Resources: Preloaded drawable resource #0x108025c (android:drawable/dialog_background_material) that varies with configuration!!
09-16 01:08:30.520  3177  3177 W Resources: Preloaded color resource #0x10600ea (android:color/material_grey_800) that varies with configuration!!
09-16 01:08:30.520  3177  3177 W Resources: Preloaded drawable resource #0x10802c9 (android:drawable/floating_popup_background_dark) that varies with configuration!!
09-16 01:08:30.531  3176  3176 I Zygote  : System server process 3580 has been created
09-16 01:08:30.532  3176  3176 I Zygote  : Accepting command socket connections
09-16 01:08:30.572  3175  3571 D wrapperGPS: onError: error 4
09-16 01:08:30.572  3175  3175 D gpsd    : WakeLock(Acquire,GPSD)
09-16 01:08:30.658  3177  3177 I Zygote  : ...preloaded 114 resources in 185ms.
09-16 01:08:30.668  3177  3177 W Resources: Preloaded color resource #0x1060114 (android:color/background_cache_hint_selector_material_dark) that varies with configuration!!
09-16 01:08:30.668  3177  3177 W Resources: Preloaded color resource #0x1060119 (android:color/btn_default_material_dark) that varies with configuration!!
09-16 01:08:30.671  3177  3177 I Zygote  : ...preloaded 41 resources in 13ms.
09-16 01:08:30.674  3177  3177 I Zygote  : ...preloaded 2 resource in 2ms.
09-16 01:08:30.863  3177  3177 D libEGL  : loaded /vendor/lib/egl/libGLES_mali.so
09-16 01:08:30.876  3177  3177 I Zygote  : Preloading shared libraries...
09-16 01:08:30.900  3177  3177 I Zygote  : Uninstalled ICU cache reference pinning...
09-16 01:08:30.909  3177  3177 I Zygote  : Installed AndroidKeyStoreProvider in 9ms.
09-16 01:08:31.050  3177  3177 I Zygote  : Warmed up JCA providers in 141ms.
09-16 01:08:31.050  3177  3177 D Zygote  : end preload
09-16 01:08:31.050  3177  3177 I art     : Starting a blocking GC Explicit
09-16 01:08:31.062  3177  3177 I art     : Explicit concurrent mark sweep GC freed 8200(447KB) AllocSpace objects, 0(0B) LOS objects, 40% free, 9MB/16MB, paused 67us total 11.854ms
09-16 01:08:31.067  3177  3177 I art     : Starting a blocking GC Explicit
09-16 01:08:31.077  3177  3177 I art     : Explicit concurrent mark sweep GC freed 1979(76KB) AllocSpace objects, 0(0B) LOS objects, 40% free, 9MB/16MB, paused 65us total 10.563ms
09-16 01:08:31.090  3177  3177 I Zygote  : Accepting command socket connections
09-16 01:08:31.095  3580  3580 I Zygote  : Process: zygote socket opened, supported ABIS: armeabi-v7a,armeabi
09-16 01:08:31.096  3580  3580 I InstallerConnection: connecting...
09-16 01:08:31.096  3180  3180 I         : new connection
09-16 01:08:31.114  3599  3599 I dex2oat : /system/bin/dex2oat --compiler-filter=speed
09-16 01:08:31.440  3599  3599 I dex2oat : dex2oat took 326.493ms (threads: 8) arena alloc=3MB (3469056B) java alloc=807KB (827056B) native alloc=3MB (3278248B) free=5MB (6158936B)
09-16 01:08:31.459  3608  3608 I dex2oat : /system/bin/dex2oat --compiler-filter=speed
09-16 01:08:31.546  3608  3608 I dex2oat : dex2oat took 87.687ms (threads: 8) arena alloc=501KB (513160B) java alloc=132KB (135744B) native alloc=1349KB (1381712B) free=3MB (3861168B)
09-16 01:08:31.564  3617  3617 I dex2oat : /system/bin/dex2oat --compiler-filter=speed
09-16 01:08:32.529  3617  3617 W dex2oat : Compilation of void com.android.server.SystemServer.startOtherServices() took 110.476ms
09-16 01:08:32.720  3617  3622 W dex2oat : Compilation of void com.android.server.am.ActivityManagerService$MainHandler.handleMessage(android.os.Message) took 144.124ms
09-16 01:08:33.924  3617  3619 W dex2oat : Compilation of void com.android.server.pm.PackageManagerService.<init>(android.content.Context, com.android.server.pm.Installer, boolean, boolean) took 126.455ms
09-16 01:08:34.394  3617  3619 W dex2oat : Compilation of android.content.pm.PackageParser$Package com.android.server.pm.PackageManagerService.scanPackageDirtyLI(android.content.pm.PackageParser$Package, int, int, long, android.os.UserHandle) took 107.116ms
09-16 01:08:34.618  3617  3619 W dex2oat : Compilation of void com.android.server.pm.PackageManagerService.dump(java.io.FileDescriptor, java.io.PrintWriter, java.lang.String[]) took 119.170ms
09-16 01:08:35.074  3617  3617 I dex2oat : dex2oat took 3.510s (threads: 8) arena alloc=14MB (15354144B) java alloc=3MB (4111792B) native alloc=34MB (36346792B) free=19MB (20538456B)
09-16 01:08:35.097  3656  3656 I dex2oat : /system/bin/dex2oat --compiler-filter=speed
09-16 01:08:35.374  3656  3656 I dex2oat : dex2oat took 276.568ms (threads: 8) arena alloc=1099KB (1126032B) java alloc=239KB (244792B) native alloc=2MB (2335440B) free=4MB (4480304B)
09-16 01:08:35.393  3665  3665 I dex2oat : /system/bin/dex2oat --compiler-filter=speed
09-16 01:08:36.096  3665  3665 I dex2oat : dex2oat took 702.514ms (threads: 8) arena alloc=15MB (15808448B) java alloc=721KB (739152B) native alloc=5MB (6016648B) free=20MB (20984184B)
09-16 01:08:36.100  3580  3580 I InstallerConnection: disconnecting...
09-16 01:08:36.100  3180  3180 E         : eof
09-16 01:08:36.100  3180  3180 E         : failed to read size
09-16 01:08:36.100  3180  3180 I         : closing connection
09-16 01:08:36.105  3580  3580 W art     : Found duplicate classes, falling back to interpreter mode for /system/framework/wifi-service.jar
09-16 01:08:36.105  3580  3580 W art     : Found duplicated class when checking oat files: 'Lcom/google/protobuf/nano/MessageNano;' in /system/framework/services.jar and /system/framework/wifi-service.jar
09-16 01:08:36.128  3580  3580 I SystemServer: Entered the Android system server!
09-16 01:08:36.151  3580  3580 I SystemServiceManager: Starting com.android.server.pm.Installer
09-16 01:08:36.151  3580  3580 I Installer: Waiting for installd to be ready.
09-16 01:08:36.151  3580  3580 I InstallerConnection: connecting...
09-16 01:08:36.151  3180  3180 I         : new connection
09-16 01:08:36.151  3580  3580 I SystemServiceManager: Starting com.android.server.am.ActivityManagerService$Lifecycle
09-16 01:08:36.160  3580  3580 I ActivityManager: Memory class: 256
09-16 01:08:36.161  3580  3680 I ServiceThread: Enabled StrictMode logging for ActivityManager looper.
09-16 01:08:36.162  3580  3681 I ServiceThread: Enabled StrictMode logging for android.ui looper.
09-16 01:08:36.195  3580  3580 D BatteryStatsImpl: Reading daily items from /data/system/batterystats-daily.xml
09-16 01:08:36.226  3580  3580 I AppOps  : No existing app ops /data/system/appops.xml; starting empty
09-16 01:08:36.312  3580  3580 I IntentFirewall: Read new rules (A:0 B:0 S:0)
09-16 01:08:36.316  3580  3687 I ServiceThread: Enabled StrictMode logging for android.display looper.
09-16 01:08:36.325  3580  3580 D AppOps  : AppOpsService published
09-16 01:08:36.326  3580  3580 I SystemServiceManager: Starting com.android.server.power.PowerManagerService
09-16 01:08:36.327  3580  3689 I ServiceThread: Enabled StrictMode logging for PowerManagerService looper.
09-16 01:08:36.329  3580  3580 I SamsungPowerHAL: Initialized settings:
09-16 01:08:36.329  3580  3580 I SamsungPowerHAL: max_freqs: cluster[0]: 1690000, cluster[1]: 2314000
09-16 01:08:36.329  3580  3580 I SamsungPowerHAL: hispeed_freqs: cluster[0]: 1690000, cluster[1]: 2496000
09-16 01:08:36.329  3580  3580 I SamsungPowerHAL: boostpulse_fd: 62
09-16 01:08:36.329  3580  3580 I SamsungPowerHAL: touchscreen_power_path: /sys/class/input/input0/enabled
09-16 01:08:36.329  3580  3580 I SamsungPowerHAL: touchkey_power_path: NULL
09-16 01:08:36.329  3580  3580 W libsuspend: Error writing 'on' to /sys/power/state: Invalid argument
09-16 01:08:36.329  3580  3580 I libsuspend: Selected wakeup count
09-16 01:08:36.331  3580  3580 I SystemServiceManager: Starting com.android.server.lights.LightsService
09-16 01:08:36.333  3580  3580 I SystemServiceManager: Starting com.android.server.display.DisplayManagerService
09-16 01:08:36.335  3580  3580 I SystemServiceManager: Starting phase 100
09-16 01:08:36.335  3580  3687 W LocalDisplayAdapter: Unable to get active color mode for display device 0
09-16 01:08:36.336  3580  3687 E LocalDisplayAdapter: Default and active color mode is no longer available! Reverting to first available mode.
09-16 01:08:36.336  3158  3578 E SurfaceFlinger: getDefaultDisplay: id=2 is not a valid default display id
09-16 01:08:36.337  3580  3687 I DisplayManagerService: Display device added: DisplayDeviceInfo{"Built-in Screen": uniqueId="local:0", 1440 x 2960, modeId 1, defaultModeId 1, supportedModes [{id=1, width=1440, height=2960, fps=60.000004}], colorMode -22, supportedColorModes [-22], HdrCapabilities android.view.Display$HdrCapabilities@a69d6308, density 560, 522.514 x 525.762 dpi, appVsyncOff 1000000, presDeadline 16666666, touch INTERNAL, rotation 0, type BUILT_IN, state UNKNOWN, FLAG_DEFAULT_DISPLAY, FLAG_ROTATES_WITH_CONTENT, FLAG_SECURE, FLAG_SUPPORTS_PROTECTED_BUFFERS}
09-16 01:08:36.339  3158  3158 D SurfaceFlinger: Set power mode=2, type=0 flinger=0x7f99c48000
09-16 01:08:36.339  3158  3158 D SurfaceFlinger: Screen type=0 is already mode=2
09-16 01:08:36.351  3580  3687 I DisplayManagerService: Display device changed state: "Built-in Screen", ON
09-16 01:08:36.351  3580  3580 I SystemServer: StartPackageManagerService
09-16 01:08:36.356  3580  3580 W FileUtils: Failed to chmod(/data/system/packages.list): android.system.ErrnoException: chmod failed: ENOENT (No such file or directory)
09-16 01:08:36.480  3580  3580 D SELinuxMMAC: Using policy file /system/etc/security/mac_permissions.xml
09-16 01:08:36.486  3580  3580 I PackageManager: No settings file; creating initial state
09-16 01:08:36.507  3694  3694 I dex2oat : /system/bin/dex2oat --compiler-filter=speed
09-16 01:08:36.802  3694  3694 I dex2oat : dex2oat took 295.393ms (threads: 8) arena alloc=2MB (2320768B) java alloc=724KB (742320B) native alloc=2MB (2724544B) free=4MB (5139776B)
09-16 01:08:36.822  3703  3703 I dex2oat : /system/bin/dex2oat --compiler-filter=speed
09-16 01:08:36.896  3703  3703 I dex2oat : dex2oat took 74.532ms (threads: 8) arena alloc=464KB (475464B) java alloc=324KB (331936B) native alloc=1308KB (1339936B) free=3MB (3378656B)
09-16 01:08:36.915  3712  3712 I dex2oat : /system/bin/dex2oat --compiler-filter=speed
09-16 01:08:36.979  3712  3712 I dex2oat : dex2oat took 64.220ms (threads: 8) arena alloc=252KB (258320B) java alloc=51KB (53128B) native alloc=1109KB (1136048B) free=1962KB (2009680B)
09-16 01:08:36.996  3721  3721 I dex2oat : /system/bin/dex2oat --compiler-filter=speed
09-16 01:08:37.100  3721  3721 I dex2oat : dex2oat took 104.084ms (threads: 8) arena alloc=3MB (3190672B) java alloc=146KB (150400B) native alloc=1263KB (1294096B) free=6MB (6570224B)
09-16 01:08:37.117  3730  3730 I dex2oat : /system/bin/dex2oat --compiler-filter=speed
09-16 01:08:37.185  3730  3730 I dex2oat : dex2oat took 68.159ms (threads: 8) arena alloc=681KB (698152B) java alloc=79KB (81064B) native alloc=984KB (1007880B) free=3MB (3710712B)
09-16 01:08:37.204  3739  3739 I dex2oat : /system/bin/dex2oat --compiler-filter=speed
09-16 01:08:37.345  3739  3739 I dex2oat : dex2oat took 141.821ms (threads: 8) arena alloc=1665KB (1705192B) java alloc=446KB (456888B) native alloc=1308KB (1339688B) free=4MB (4951768B)
09-16 01:08:37.348  3580  3580 E art     : DexFile_getDexOptNeeded file '/system/framework/org.apache.http.legacy.jar' does not exist
09-16 01:08:37.348  3580  3580 W PackageManager: Library not found: /system/framework/org.apache.http.legacy.jar
09-16 01:08:37.364  3748  3748 I dex2oat : /system/bin/dex2oat --compiler-filter=speed
09-16 01:08:37.432  3748  3748 I dex2oat : dex2oat took 68.007ms (threads: 8) arena alloc=464KB (475176B) java alloc=114KB (116864B) native alloc=1161KB (1188904B) free=2MB (3005400B)
09-16 01:08:37.449  3757  3757 I dex2oat : /system/bin/dex2oat --compiler-filter=speed
09-16 01:08:37.516  3757  3757 I dex2oat : dex2oat took 67.137ms (threads: 8) arena alloc=294KB (301720B) java alloc=124KB (127928B) native alloc=1133KB (1160336B) free=2MB (2509680B)
09-16 01:08:37.533  3766  3766 I dex2oat : /system/bin/dex2oat --compiler-filter=speed
09-16 01:08:37.555  3766  3766 I dex2oat : dex2oat took 21.714ms (threads: 8) arena alloc=84KB (86488B) java alloc=59KB (61128B) native alloc=1033KB (1058488B) free=2038KB (2087240B)
09-16 01:08:37.572  3775  3775 I dex2oat : /system/bin/dex2oat --compiler-filter=speed
09-16 01:08:37.606  3775  3775 I dex2oat : dex2oat took 34.224ms (threads: 8) arena alloc=708KB (725608B) java alloc=253KB (259896B) native alloc=1319KB (1351408B) free=3MB (3367184B)
09-16 01:08:37.623  3784  3784 I dex2oat : /system/bin/dex2oat --compiler-filter=speed
09-16 01:08:37.647  3784  3784 I dex2oat : dex2oat took 24.462ms (threads: 8) arena alloc=262KB (268856B) java alloc=37KB (38472B) native alloc=1109KB (1135816B) free=1962KB (2009912B)
09-16 01:08:37.664  3793  3793 I dex2oat : /system/bin/dex2oat --compiler-filter=speed
09-16 01:08:37.731  3793  3793 I dex2oat : dex2oat took 66.900ms (threads: 8) arena alloc=3MB (3463496B) java alloc=111KB (114224B) native alloc=1349KB (1382080B) free=6MB (6482240B)
09-16 01:08:37.748  3802  3802 I dex2oat : /system/bin/dex2oat --compiler-filter=speed
09-16 01:08:37.850  3802  3802 I dex2oat : dex2oat took 102.536ms (threads: 8) arena alloc=2MB (2528984B) java alloc=456KB (467912B) native alloc=1420KB (1454544B) free=5MB (5361200B)
09-16 01:08:37.853  3580  3580 E art     : DexFile_getDexOptNeeded file '/system/framework/org.apache.http.legacy.jar' does not exist
09-16 01:08:37.853  3580  3580 W PackageManager: Library not found: /system/framework/org.apache.http.legacy.jar
09-16 01:08:37.869  3811  3811 I dex2oat : /system/bin/dex2oat --compiler-filter=speed
09-16 01:08:37.897  3811  3811 I dex2oat : dex2oat took 27.719ms (threads: 8) arena alloc=548KB (562144B) java alloc=80KB (82096B) native alloc=1147KB (1174584B) free=3MB (3544008B)
09-16 01:08:37.914  3820  3820 I dex2oat : /system/bin/dex2oat --compiler-filter=speed
09-16 01:08:37.939  3820  3820 I dex2oat : dex2oat took 25.101ms (threads: 8) arena alloc=323KB (331304B) java alloc=113KB (116528B) native alloc=1111KB (1138624B) free=2MB (2531392B)
09-16 01:08:37.956  3829  3829 I dex2oat : /system/bin/dex2oat --compiler-filter=speed
09-16 01:08:37.977  3829  3829 I dex2oat : dex2oat took 21.848ms (threads: 8) arena alloc=102KB (105336B) java alloc=59KB (61384B) native alloc=1044KB (1069904B) free=2MB (2600112B)
09-16 01:08:37.980  3580  3580 D PackageManager: No files in app dir /vendor/overlay
09-16 01:08:37.980  3580  3580 D PackageManager: start scanDirLI:/system/framework
09-16 01:08:37.981  3580  3580 D PackageManager: max thread:6
09-16 01:08:38.006  3580  3839 I PackageManager: /system/framework/org.cyanogenmod.platform-res.apk changed; collecting certs
09-16 01:08:38.019  3580  3839 W PackageManager: Permission cyanogenmod.permission.WRITE_ALARMS from package cyanogenmod.platform in an unknown group android.permission-group.SYSTEM_CLOCK
09-16 01:08:38.019  3580  3839 W PackageManager: Permission cyanogenmod.permission.MANAGE_ALARMS from package cyanogenmod.platform in an unknown group android.permission-group.SYSTEM_CLOCK
09-16 01:08:38.019  3580  3839 W PackageManager: Permission cyanogenmod.permission.READ_ALARMS from package cyanogenmod.platform in an unknown group android.permission-group.SYSTEM_CLOCK
09-16 01:08:38.067  3580  3838 I PackageManager: /system/framework/framework-res.apk changed; collecting certs
09-16 01:08:38.154  3580  3580 D PackageManager: end scanDirLI:/system/framework
09-16 01:08:38.157  3580  3580 D PackageManager: start scanDirLI:/system/priv-app
09-16 01:08:38.157  3580  3580 D PackageManager: max thread:6
09-16 01:08:38.172  3580  3838 I PackageManager: /system/priv-app/CMSettingsProvider changed; collecting certs
09-16 01:08:38.172  3580  3842 I PackageManager: /system/priv-app/BlockedNumberProvider changed; collecting certs
09-16 01:08:38.174  3580  3843 I PackageManager: /system/priv-app/CMAudioService changed; collecting certs
09-16 01:08:38.175  3580  3840 I PackageManager: /system/priv-app/AudioFX changed; collecting certs
09-16 01:08:38.178  3580  3841 I PackageManager: /system/priv-app/BackupRestoreConfirmation changed; collecting certs
09-16 01:08:38.180  3580  3842 I PackageManager: New shared user android.uid.shared: id=10001
09-16 01:08:38.186  3580  3842 I PackageManager: /system/priv-app/CarrierConfig changed; collecting certs
09-16 01:08:38.188  3580  3838 I PackageManager: /system/priv-app/CalendarProvider changed; collecting certs
09-16 01:08:38.191  3580  3843 I PackageManager: /system/priv-app/CallLogBackup changed; collecting certs
09-16 01:08:38.192  3580  3838 I PackageManager: New shared user android.uid.calendar: id=10005
09-16 01:08:38.196  3580  3840 I PackageManager: /system/priv-app/CellBroadcastReceiver changed; collecting certs
09-16 01:08:38.196  3580  3839 I PackageManager: /system/priv-app/CMParts changed; collecting certs
09-16 01:08:38.202  3580  3843 I PackageManager: /system/priv-app/DefaultContainerService changed; collecting certs
09-16 01:08:38.204  3580  3838 I PackageManager: /system/priv-app/CtsShimPrivPrebuilt changed; collecting certs
09-16 01:08:38.215  3580  3842 I PackageManager: /system/priv-app/ContactsProvider changed; collecting certs
09-16 01:08:38.216  3580  3841 W PackageParser: No actions in intent filter at /system/priv-app/Contacts/Contacts.apk Binary XML file line #431
09-16 01:08:38.222  3580  3841 I PackageManager: /system/priv-app/Contacts changed; collecting certs
09-16 01:08:38.223  3580  3838 I PackageManager: /system/priv-app/DocumentsUI changed; collecting certs
09-16 01:08:38.224  3580  3840 I PackageManager: /system/priv-app/DownloadProvider changed; collecting certs
09-16 01:08:38.231  3580  3840 I PackageManager: New shared user android.media: id=10009
09-16 01:08:38.234  3580  3840 W PackageManager: Permission android.permission.DOWNLOAD_WITHOUT_NOTIFICATION from package com.android.providers.downloads in an unknown group android.permission-group.NETWORK
09-16 01:08:38.237  3580  3842 I PackageManager: /system/priv-app/Eleven changed; collecting certs
09-16 01:08:38.239  3580  3840 I PackageManager: /system/priv-app/ExtServices changed; collecting certs
09-16 01:08:38.241  3580  3839 I PackageManager: /system/priv-app/EmergencyInfo changed; collecting certs
09-16 01:08:38.247  3580  3838 I PackageManager: /system/priv-app/ExternalStorageProvider changed; collecting certs
09-16 01:08:38.249  3580  3843 W PackageParser: No actions in intent filter at /system/priv-app/Dialer/Dialer.apk Binary XML file line #207
09-16 01:08:38.254  3580  3840 I PackageManager: /system/priv-app/FusedLocation changed; collecting certs
09-16 01:08:38.257  3580  3839 I PackageManager: New shared user com.android.emergency.uid: id=10014
09-16 01:08:38.264  3580  3843 I PackageManager: /system/priv-app/Dialer changed; collecting certs
09-16 01:08:38.272  3580  3841 I PackageManager: /system/priv-app/InputDevices changed; collecting certs
09-16 01:08:38.280  3580  3840 I PackageManager: /system/priv-app/ManagedProvisioning changed; collecting certs
09-16 01:08:38.280  3580  3839 I PackageManager: /system/priv-app/LineageSetupWizard changed; collecting certs
09-16 01:08:38.283  3580  3838 I PackageManager: /system/priv-app/Gallery2 changed; collecting certs
09-16 01:08:38.287  3580  3842 I PackageManager: /system/priv-app/MediaProvider changed; collecting certs
09-16 01:08:38.288  3580  3841 I PackageManager: /system/priv-app/MmsService changed; collecting certs
09-16 01:08:38.302  3580  3840 I PackageManager: /system/priv-app/OneTimeInitializer changed; collecting certs
09-16 01:08:38.302  3580  3842 I PackageManager: /system/priv-app/MtpDocumentsProvider changed; collecting certs
09-16 01:08:38.314  3580  3839 I PackageManager: /system/priv-app/ProxyHandler changed; collecting certs
09-16 01:08:38.317  3580  3842 I PackageManager: /system/priv-app/SettingsProvider changed; collecting certs
09-16 01:08:38.322  3580  3843 I PackageManager: /system/priv-app/Recorder changed; collecting certs
09-16 01:08:38.322  3580  3841 I PackageManager: /system/priv-app/PackageInstaller changed; collecting certs
09-16 01:08:38.324  3580  3839 I PackageManager: /system/priv-app/SharedStorageBackup changed; collecting certs
09-16 01:08:38.338  3580  3842 W PackageParser: Ignoring duplicate uses-permissions/uses-permissions-sdk-m: android.permission.INSTALL_GRANT_RUNTIME_PERMISSIONS in package: com.android.shell at: Binary XML file line #102
09-16 01:08:38.339  3580  3838 I PackageManager: /system/priv-app/StatementService changed; collecting certs
09-16 01:08:38.343  3580  3842 I PackageManager: /system/priv-app/Shell changed; collecting certs
09-16 01:08:38.350  3580  3841 I PackageManager: /system/priv-app/Tag changed; collecting certs
09-16 01:08:38.351  3580  3839 I PackageManager: /system/priv-app/StorageManager changed; collecting certs
09-16 01:08:38.369  3580  3842 I PackageManager: /system/priv-app/Telecom changed; collecting certs
09-16 01:08:38.370  3580  3841 I PackageManager: /system/priv-app/TelephonyProvider changed; collecting certs
09-16 01:08:38.377  3580  3843 W PackageParser: Ignoring duplicate uses-permissions/uses-permissions-sdk-m: android.permission.CONFIGURE_WIFI_DISPLAY in package: com.android.systemui at: Binary XML file line #117
09-16 01:08:38.388  3580  3842 I PackageManager: /system/priv-app/VpnDialogs changed; collecting certs
09-16 01:08:38.389  3580  3839 I PackageManager: /system/priv-app/Trebuchet changed; collecting certs
09-16 01:08:38.389  3580  3843 I PackageManager: /system/priv-app/SystemUI changed; collecting certs
09-16 01:08:38.395  3580  3841 I PackageManager: /system/priv-app/Updater changed; collecting certs
09-16 01:08:38.400  3580  3839 W PackageManager: Permission com.android.launcher.permission.INSTALL_SHORTCUT from package com.cyanogenmod.trebuchet in an unknown group android.permission-group.SYSTEM_TOOLS
09-16 01:08:38.400  3580  3839 W PackageManager: Permission com.android.launcher3.permission.READ_SETTINGS from package com.cyanogenmod.trebuchet in an unknown group android.permission-group.SYSTEM_TOOLS
09-16 01:08:38.400  3580  3839 W PackageManager: Permission com.android.launcher3.permission.WRITE_SETTINGS from package com.cyanogenmod.trebuchet in an unknown group android.permission-group.SYSTEM_TOOLS
09-16 01:08:38.402  3580  3842 I PackageManager: /system/priv-app/WallpaperCropper changed; collecting certs
09-16 01:08:38.407  3580  3840 W PackageParser: Ignoring duplicate uses-permissions/uses-permissions-sdk-m: android.permission.USE_CREDENTIALS in package: com.android.settings at: Binary XML file line #56
09-16 01:08:38.408  3580  3840 W PackageParser: Ignoring duplicate uses-permissions/uses-permissions-sdk-m: android.permission.READ_SYNC_SETTINGS in package: com.android.settings at: Binary XML file line #61
09-16 01:08:38.408  3580  3840 W PackageParser: Ignoring duplicate uses-permissions/uses-permissions-sdk-m: android.permission.WRITE_SYNC_SETTINGS in package: com.android.settings at: Binary XML file line #62
09-16 01:08:38.410  3580  3839 I PackageManager: /system/priv-app/WeatherManagerService changed; collecting certs
09-16 01:08:38.416  3580  3841 I PackageManager: /system/priv-app/WeatherProvider changed; collecting certs
09-16 01:08:38.426  3580  3838 I PackageManager: /system/priv-app/TeleService changed; collecting certs
09-16 01:08:38.429  3580  3843 I PackageManager: New shared user android.uid.systemui: id=10033
09-16 01:08:38.515  3580  3840 I PackageManager: /system/priv-app/Settings changed; collecting certs
09-16 01:08:38.600  3580  3580 D PackageManager: end scanDirLI:/system/priv-app
09-16 01:08:38.601  3580  3580 D PackageManager: start scanDirLI:/system/app
09-16 01:08:38.601  3580  3580 D PackageManager: max thread:6
09-16 01:08:38.609  3580  3839 I PackageManager: /system/app/BasicDreams changed; collecting certs
09-16 01:08:38.610  3580  3843 I PackageManager: /system/app/BluetoothMidiService changed; collecting certs
09-16 01:08:38.617  3580  3838 I PackageManager: /system/app/BookmarkProvider changed; collecting certs
09-16 01:08:38.619  3580  3842 I PackageManager: /system/app/AdvancedDisplay changed; collecting certs
09-16 01:08:38.621  3580  3841 W PackageParser: No actions in intent filter at /system/app/Bluetooth/Bluetooth.apk Binary XML file line #226
09-16 01:08:38.626  3580  3841 I PackageManager: /system/app/Bluetooth changed; collecting certs
09-16 01:08:38.628  3580  3840 I PackageManager: /system/app/Calendar changed; collecting certs
09-16 01:08:38.630  3580  3843 I PackageManager: /system/app/CaptivePortalLogin changed; collecting certs
09-16 01:08:38.631  3580  3838 I PackageManager: /system/app/CertInstaller changed; collecting certs
09-16 01:08:38.635  3580  3839 I PackageManager: /system/app/Camera2 changed; collecting certs
09-16 01:08:38.644  3580  3840 W PackageManager: Non-privileged app; cap priority to 0; package: com.android.calendar activity: com.android.calendar.GoogleCalendarUriIntentFilter origPrio: 50
09-16 01:08:38.648  3580  3838 I PackageManager: /system/app/CtsShimPrebuilt changed; collecting certs
09-16 01:08:38.653  3580  3838 W PackageManager: Non-privileged app; cap priority to 0; package: com.android.cts.ctsshim activity: com.android.cts.ctsshim.InstallPriority origPrio: 100
09-16 01:08:38.653  3580  3838 W PackageManager: Non-privileged app; cap priority to 0; package: com.android.cts.ctsshim activity: com.android.cts.ctsshim.InstallPriority origPrio: 100
09-16 01:08:38.653  3580  3838 W PackageManager: Non-privileged app; cap priority to 0; package: com.android.cts.ctsshim activity: com.android.cts.ctsshim.InstallPriority origPrio: 100
09-16 01:08:38.654  3580  3838 W PackageManager: Non-privileged app; cap priority to 0; package: com.android.cts.ctsshim activity: com.android.cts.ctsshim.InstallPriority origPrio: 100
09-16 01:08:38.654  3580  3838 W PackageManager: Non-privileged app; cap priority to 0; package: com.android.cts.ctsshim activity: com.android.cts.ctsshim.InstallPriority origPrio: 100
09-16 01:08:38.654  3580  3843 W PackageParser: Ignoring duplicate uses-permissions/uses-permissions-sdk-m: android.permission.WRITE_SETTINGS in package: com.android.deskclock at: Binary XML file line #45
09-16 01:08:38.660  3580  3841 I PackageManager: /system/app/EasterEgg changed; collecting certs
09-16 01:08:38.660  3580  3842 I PackageManager: /system/app/Development changed; collecting certs
09-16 01:08:38.664  3580  3843 I PackageManager: /system/app/DeskClock changed; collecting certs
09-16 01:08:38.665  3580  3840 I PackageManager: /system/app/DownloadProviderUi changed; collecting certs
09-16 01:08:38.673  3580  3842 I PackageManager: /system/app/ExtShared changed; collecting certs
09-16 01:08:38.676  3580  3839 I PackageManager: /system/app/ExactCalculator changed; collecting certs
09-16 01:08:38.680  3580  3841 I PackageManager: /system/app/Exchange2 changed; collecting certs
09-16 01:08:38.682  3580  3840 I PackageManager: /system/app/HTMLViewer changed; collecting certs
09-16 01:08:38.689  3580  3839 I PackageManager: /system/app/KeyChain changed; collecting certs
09-16 01:08:38.696  3580  3842 I PackageManager: /system/app/Jelly changed; collecting certs
09-16 01:08:38.704  3580  3839 W PackageParser: Ignoring duplicate uses-permissions/uses-permissions-sdk-m: android.permission.CHANGE_WIFI_STATE in package: com.android.nfc at: Binary XML file line #47
09-16 01:08:38.704  3580  3839 W PackageParser: Ignoring duplicate uses-permissions/uses-permissions-sdk-m: android.permission.ACCESS_WIFI_STATE in package: com.android.nfc at: Binary XML file line #48
09-16 01:08:38.707  3580  3843 I PackageManager: /system/app/LiveWallpapersPicker changed; collecting certs
09-16 01:08:38.709  3580  3839 I PackageManager: /system/app/NfcNci changed; collecting certs
09-16 01:08:38.709  3580  3841 I PackageManager: /system/app/LockClock changed; collecting certs
09-16 01:08:38.710  3580  3838 I PackageManager: /system/app/Email changed; collecting certs
09-16 01:08:38.711  3580  3842 I PackageManager: /system/app/PacProcessor changed; collecting certs
09-16 01:08:38.725  3580  3840 I PackageManager: /system/app/LatinIME changed; collecting certs
09-16 01:08:38.731  3580  3843 I PackageManager: /system/app/PicoTts changed; collecting certs
09-16 01:08:38.733  3580  3839 I PackageManager: /system/app/PrintRecommendationService changed; collecting certs
09-16 01:08:38.737  3580  3842 I PackageManager: /system/app/PhotoTable changed; collecting certs
09-16 01:08:38.748  3580  3838 W PackageManager: Permission com.android.email.permission.READ_ATTACHMENT from package com.android.email in an unknown group android.permission-group.MESSAGES
09-16 01:08:38.748  3580  3839 I PackageManager: /system/app/RootPA changed; collecting certs
