09-26 16:30:40.568  3658  3658 D ConnectivityService: ConnectivityService starting up
09-26 16:30:40.580  3658  3658 D ConnectivityService: wifiOnly=false
09-26 16:30:40.591  3658  3658 I SystemServer: StartNsdService
09-26 16:30:40.595  3658  3658 I SystemServer: StartUpdateLockService
09-26 16:30:40.596  3658  3658 I SystemServiceManager: Starting com.android.server.RecoverySystemService
09-26 16:30:40.598  3658  3658 I SystemServiceManager: Starting com.android.server.notification.NotificationManagerService
09-26 16:30:40.611  3658  3658 D ConditionProviders.SCP: new ScheduleConditionProvider()
09-26 16:30:40.621  3658  3658 D ZenLog  : set_zen_mode: off,init
09-26 16:30:40.631  3658  3658 I SystemServiceManager: Starting com.android.server.storage.DeviceStorageMonitorService
09-26 16:30:40.634  3658  3658 I SystemServer: StartLocationManagerService
09-26 16:30:40.638  3658  3658 I SystemServer: StartCountryDetectorService
09-26 16:30:40.641  3658  3658 I SystemServer: StartSearchManagerService
09-26 16:30:40.641  3658  3658 I SystemServiceManager: Starting com.android.server.search.SearchManagerService$Lifecycle
09-26 16:30:40.644  3658  3658 I SystemServiceManager: Starting com.android.server.DropBoxManagerService
09-26 16:30:40.646  3658  3658 I SystemServer: StartWallpaperManagerService
09-26 16:30:40.646  3658  3658 I SystemServiceManager: Starting com.android.server.wallpaper.WallpaperManagerService$Lifecycle
09-26 16:30:40.648  3658  3658 E WallpaperManagerService: Invalid wallpaper data
09-26 16:30:40.648  3658  3658 E WallpaperManagerService: Unable to apply new wallpaper
09-26 16:30:40.649  3658  3658 W WallpaperManagerService: no current wallpaper -- first boot?
09-26 16:30:40.650  3658  3658 I SystemServer: StartAudioService
09-26 16:30:40.650  3658  3658 I SystemServiceManager: Starting com.android.server.audio.AudioService$Lifecycle
09-26 16:30:40.690  3658  3658 I SystemServiceManager: Starting com.android.server.DockObserver
09-26 16:30:40.693  3658  3658 I SystemServer: StartWiredAccessoryManager
09-26 16:30:40.694  3658  3658 W WiredAccessoryManager: This kernel does not have usb audio support
09-26 16:30:40.695  3658  3658 I SystemServiceManager: Starting com.android.server.usb.UsbService$Lifecycle
09-26 16:30:40.697  3658  3658 E UsbDeviceManager: failed to write to /sys/class/android_usb/android0/f_rndis/ethaddr
09-26 16:30:40.724  3658  3658 I UsbDeviceManager: Setting USB config to adb
09-26 16:30:41.781  3658  3658 E UsbDeviceManager: waitForState(adb) FAILED: got none
09-26 16:30:41.781  3658  3658 E UsbDeviceManager: Failed to switch USB config to adb
09-26 16:30:41.781  3658  3658 E UsbDeviceManager: Failsafe 1: Restoring previous USB functions.
09-26 16:30:41.781  3658  3658 I UsbDeviceManager: Setting USB config to mtp,adb
09-26 16:30:41.842  3658  3658 I SystemServer: StartSerialService
09-26 16:30:41.846  3658  3658 I SystemServiceManager: Starting com.android.server.twilight.TwilightService
09-26 16:30:41.847  3658  3658 I SystemServiceManager: Starting com.android.server.job.JobSchedulerService
09-26 16:30:41.862  3658  3658 I SystemServiceManager: Starting com.android.server.soundtrigger.SoundTriggerService
09-26 16:30:41.864  3658  3658 I SystemServiceManager: Starting com.android.server.backup.BackupManagerService$Lifecycle
09-26 16:30:41.867  3658  3658 I SystemServiceManager: Starting com.android.server.appwidget.AppWidgetService
09-26 16:30:41.878  3658  3658 I SystemServiceManager: Starting com.android.server.voiceinteraction.VoiceInteractionManagerService
09-26 16:30:41.883  3658  3658 I SystemServer: Gesture Launcher Service
09-26 16:30:41.883  3658  3658 I SystemServiceManager: Starting com.android.server.GestureLauncherService
09-26 16:30:41.884  3658  3658 I SystemServiceManager: Starting com.android.server.SensorNotificationService
09-26 16:30:41.885  3658  3658 I SystemServiceManager: Starting com.android.server.ContextHubSystemService
09-26 16:30:41.887  3658  3658 I SystemServer: StartDiskStatsService
09-26 16:30:41.889  3658  3658 I SystemServer: StartSamplingProfilerService
09-26 16:30:41.915  3658  3658 I SystemServer: StartNetworkTimeUpdateService
09-26 16:30:41.917  3658  3658 I SystemServer: StartCommonTimeManagementService
09-26 16:30:41.919  3658  3658 I SystemServer: CertBlacklister
09-26 16:30:41.920  3658  3658 I SystemServiceManager: Starting com.android.server.emergency.EmergencyAffordanceService
09-26 16:30:41.920  3658  3658 I SystemServiceManager: Starting com.android.server.dreams.DreamManagerService
09-26 16:30:41.923  3658  3658 I SystemServer: StartAssetAtlasService
09-26 16:30:41.928  3658  3658 I SystemServiceManager: Starting com.android.server.print.PrintManagerService
09-26 16:30:41.933  3658  3658 I SystemServiceManager: Starting com.android.server.restrictions.RestrictionsManagerService
09-26 16:30:41.936  3658  3658 I SystemServiceManager: Starting com.android.server.media.MediaSessionService
09-26 16:30:41.944  3658  3658 I SystemServer: StartMediaRouterService
09-26 16:30:41.947  3658  3658 I SystemServiceManager: Starting com.android.server.trust.TrustManagerService
09-26 16:30:41.950  3658  3658 I SystemServiceManager: Starting com.android.server.fingerprint.FingerprintService
09-26 16:30:41.995  3658  3658 V FingerprintService: Fingerprint HAL id: 547950461440
09-26 16:30:41.996  3658  3658 I SystemServer: StartBackgroundDexOptService
09-26 16:30:41.997  3658  3658 I SystemServiceManager: Starting com.android.server.pm.ShortcutService$Lifecycle
09-26 16:30:42.002  3658  3658 I SystemServiceManager: Starting com.android.server.pm.LauncherAppsService
09-26 16:30:42.004  3658  3658 I SystemServiceManager: Starting com.android.server.media.projection.MediaProjectionManagerService
09-26 16:30:42.035  3658  3658 I SyncManager: No initial accounts
09-26 16:30:42.036  3658  3658 I SyncManager: No initial status
09-26 16:30:42.036  3658  3658 I SyncManager: No initial statistics
09-26 16:30:42.093  3658  3658 I SystemServiceManager: Starting com.android.server.MmsServiceBroker
09-26 16:30:42.096  3658  3658 I CMSystemServer: Attempting to start service org.cyanogenmod.platform.internal.CMStatusBarManagerService
09-26 16:30:42.101  3658  3658 I CMSystemServer: Starting service org.cyanogenmod.platform.internal.CMStatusBarManagerService
09-26 16:30:42.101  3658  3658 I SystemServiceManager: Starting org.cyanogenmod.platform.internal.CMStatusBarManagerService
09-26 16:30:42.104  3658  3658 I CMSystemServer: Attempting to start service org.cyanogenmod.platform.internal.ProfileManagerService
09-26 16:30:42.113  3658  3658 I CMSystemServer: Starting service org.cyanogenmod.platform.internal.ProfileManagerService
09-26 16:30:42.113  3658  3658 I SystemServiceManager: Starting org.cyanogenmod.platform.internal.ProfileManagerService
09-26 16:30:42.127  3658  3658 I CMSystemServer: Attempting to start service org.cyanogenmod.platform.internal.CMTelephonyManagerService
09-26 16:30:42.129  3658  3658 I CMSystemServer: Starting service org.cyanogenmod.platform.internal.CMTelephonyManagerService
09-26 16:30:42.129  3658  3658 I SystemServiceManager: Starting org.cyanogenmod.platform.internal.CMTelephonyManagerService
09-26 16:30:42.130  3658  3658 I CMSystemServer: Attempting to start service org.cyanogenmod.platform.internal.CMHardwareService
09-26 16:30:42.139  3658  3658 I CMSystemServer: Starting service org.cyanogenmod.platform.internal.CMHardwareService
09-26 16:30:42.139  3658  3658 I SystemServiceManager: Starting org.cyanogenmod.platform.internal.CMHardwareService
09-26 16:30:42.142  3658  3658 I CMSystemServer: Attempting to start service org.cyanogenmod.platform.internal.PerformanceManagerService
09-26 16:30:42.147  3658  4775 I ServiceThread: Enabled StrictMode logging for PerformanceManager looper.
09-26 16:30:42.147  3658  3658 I CMSystemServer: Starting service org.cyanogenmod.platform.internal.PerformanceManagerService
09-26 16:30:42.147  3658  3658 I SystemServiceManager: Starting org.cyanogenmod.platform.internal.PerformanceManagerService
09-26 16:30:42.148  3658  4776 I ServiceThread: Enabled StrictMode logging for PerformanceManager looper.
09-26 16:30:42.149  3658  3658 I CMSystemServer: Attempting to start service org.cyanogenmod.platform.internal.WeatherManagerServiceBroker
09-26 16:30:42.152  3658  3658 I CMSystemServer: Starting service org.cyanogenmod.platform.internal.WeatherManagerServiceBroker
09-26 16:30:42.152  3658  3658 I SystemServiceManager: Starting org.cyanogenmod.platform.internal.WeatherManagerServiceBroker
09-26 16:30:42.153  3658  3658 I CMSystemServer: Attempting to start service org.cyanogenmod.platform.internal.display.LiveDisplayService
09-26 16:30:42.159  3658  4777 I ServiceThread: Enabled StrictMode logging for LiveDisplay looper.
09-26 16:30:42.162  3658  3658 I CMSystemServer: Starting service org.cyanogenmod.platform.internal.display.LiveDisplayService
09-26 16:30:42.162  3658  3658 I SystemServiceManager: Starting org.cyanogenmod.platform.internal.display.LiveDisplayService
09-26 16:30:42.163  3658  4778 I ServiceThread: Enabled StrictMode logging for LiveDisplay looper.
09-26 16:30:42.165  3658  3658 I CMSystemServer: Attempting to start service org.cyanogenmod.platform.internal.CMAudioServiceBroker
09-26 16:30:42.166  3658  3658 I CMSystemServer: Starting service org.cyanogenmod.platform.internal.CMAudioServiceBroker
09-26 16:30:42.166  3658  3658 I SystemServiceManager: Starting org.cyanogenmod.platform.internal.CMAudioServiceBroker
09-26 16:30:42.166  3658  3658 I SystemServiceManager: Starting com.android.server.retaildemo.RetailDemoModeService
09-26 16:30:42.168  3658  4779 I ServiceThread: Enabled StrictMode logging for RetailDemoModeService looper.
09-26 16:30:42.338  3658  3658 I LockSettingsService: Migrated lock settings to new location
09-26 16:30:42.361  3658  3658 I LockSettingsService: Migrated per-user lock settings to new location
09-26 16:30:42.396  3658  3658 I LockSettingsService: Migrated biometric weak to use the fallback instead
09-26 16:30:42.413  3658  3658 I LockSettingsService: Migrated lockscreen disabled flag
09-26 16:30:42.422  3658  3658 E LockSettingsStorage: Cannot read file java.io.FileNotFoundException: /data/system/gatekeeper.password.key: open failed: ENOENT (No such file or directory)
09-26 16:30:42.423  3658  3658 E LockSettingsStorage: Cannot read file java.io.FileNotFoundException: /data/system/password.key: open failed: ENOENT (No such file or directory)
09-26 16:30:42.424  3658  3658 E LockSettingsStorage: Cannot read file java.io.FileNotFoundException: /data/system/gatekeeper.pattern.key: open failed: ENOENT (No such file or directory)
09-26 16:30:42.425  3658  3658 E LockSettingsStorage: Cannot read file java.io.FileNotFoundException: /data/system/gatekeeper.gesture.key: open failed: ENOENT (No such file or directory)
09-26 16:30:42.426  3658  3658 E LockSettingsStorage: Cannot read file java.io.FileNotFoundException: /data/system/gesture.key: open failed: ENOENT (No such file or directory)
09-26 16:30:42.426  3658  3658 I SystemServiceManager: Starting phase 480
09-26 16:30:42.431  3658  3658 I SystemServiceManager: Starting phase 500
09-26 16:30:42.447  3658  3658 I WifiService: WifiService starting up with Wi-Fi enabled
09-26 16:30:42.451  3658  3658 D WifiService: setWifiEnabled: true pid=3658, uid=1000
09-26 16:30:42.476  3658  4730 D ConnectivityService: Got NetworkFactory Messenger for Ethernet
09-26 16:30:42.486  3658  3658 D ZenLog  : config: cleanUpZenRules,ZenModeConfig[user=0,allowCalls=true,allowRepeatCallers=false,allowMessages=false,allowCallsFrom=contacts,allowMessagesFrom=contacts,allowReminders=true,allowEvents=true,allowWhenScreenOff=true,allowWhenScreenOn=true,automaticRules={f75921d3bb854fadb9f7b5664090b3db=ZenRule[enabled=false,snoozing=false,name=Weekend,zenMode=ZEN_MODE_ALARMS,conditionId=condition://android/schedule?days=6.7&start=23.30&end=10.0&exitAtAlarm=false,condition=null,component=ComponentInfo{android/com.android.server.notification.ScheduleConditionProvider},id=f75921d3bb854fadb9f7b5664090b3db,creationTime=1506454240608,enabler=null], ecfce1a2672242b0b7caa27657d55aa8=ZenRule[enabled=false,snoozing=false,name=Event,zenMode=ZEN_MODE_ALARMS,conditionId=condition://android/event?userId=-10000&calendar=&reply=1,condition=null,component=ComponentInfo{android/com.android.server.notification.EventConditionProvider},id=ecfce1a2672242b0b7caa27657d55aa8,creationTime=1506454240609,enabler=null], 2fb3e86e156840faad02a7e248cff07c=ZenRule[enabled=false,snoozing=false,name=Weeknight,zenMode=ZEN_MODE_ALARMS,conditionId=condition://android/schedule?days=1.2.3.4.5&start=22.0&end=7.0&exitAtAlarm=false,condition=null,component=ComponentInfo{android/com.android.server.notification.ScheduleConditionProvider},id=2fb3e86e156840faad02a7e248cff07c,creationTime=1506454240608,enabler=null]},manualRule=null],Diff[]
09-26 16:30:42.486  3658  3658 D ZenLog  : set_zen_mode: off,onSystemReady
09-26 16:30:42.489  3658  3658 W SoundTriggerHelper: listModules status=0, # of modules=0
09-26 16:30:42.495  3658  3658 E PerformanceManager: System is not ready, dropping profile request
09-26 16:30:42.534  3658  3658 D VoldConnector: SND -> {4 volume remount_uid 1001 none}
09-26 16:30:42.535  3078  3149 D vold    : Remounting 1001 as mode none
09-26 16:30:42.537  3658  3729 W KeyguardServiceDelegate: onScreenTurningOn(): no keyguard service!
09-26 16:30:42.541  3078  3149 D vold    : Found matching PID 3595
09-26 16:30:42.541  3078  3149 W vold    : Skipping due to root namespace
09-26 16:30:42.541  3078  3149 D vold    : Found matching PID 3596
09-26 16:30:42.541  3078  3149 W vold    : Skipping due to root namespace
09-26 16:30:42.542  3078  3149 D vold    : Found matching PID 3603
09-26 16:30:42.542  3078  3149 W vold    : Skipping due to root namespace
09-26 16:30:42.542  3658  4087 D VoldConnector: RCV <- {200 4 Command succeeded}
09-26 16:30:42.543  3658  3658 D VoldConnector: SND -> {5 volume remount_uid 1001 none}
09-26 16:30:42.543  3078  3149 D vold    : Remounting 1001 as mode none
09-26 16:30:42.549  3078  3149 D vold    : Found matching PID 3595
09-26 16:30:42.549  3078  3149 W vold    : Skipping due to root namespace
09-26 16:30:42.549  3078  3149 D vold    : Found matching PID 3596
09-26 16:30:42.549  3078  3149 W vold    : Skipping due to root namespace
09-26 16:30:42.549  3078  3149 D vold    : Found matching PID 3603
09-26 16:30:42.549  3078  3149 W vold    : Skipping due to root namespace
09-26 16:30:42.549  3658  4087 D VoldConnector: RCV <- {200 5 Command succeeded}
09-26 16:30:42.551  3658  3658 D VoldConnector: SND -> {6 volume remount_uid 1027 none}
09-26 16:30:42.551  3078  3149 D vold    : Remounting 1027 as mode none
09-26 16:30:42.556  3658  4087 D VoldConnector: RCV <- {200 6 Command succeeded}
09-26 16:30:42.560  3658  3727 W LocalDisplayAdapter: Unable to find color mode 0, ignoring request.
09-26 16:30:42.562  3658  3658 D VoldConnector: SND -> {7 volume remount_uid 1027 none}
09-26 16:30:42.562  3078  3149 D vold    : Remounting 1027 as mode none
09-26 16:30:42.567  3658  4087 D VoldConnector: RCV <- {200 7 Command succeeded}
09-26 16:30:42.568  3658  3658 D VoldConnector: SND -> {8 volume remount_uid 1000 none}
09-26 16:30:42.568  3078  3149 D vold    : Remounting 1000 as mode none
09-26 16:30:42.573  3078  3149 D vold    : Found matching PID 3077
09-26 16:30:42.573  3078  3149 W vold    : Skipping due to root namespace
09-26 16:30:42.573  3078  3149 D vold    : Found matching PID 3164
09-26 16:30:42.573  3078  3149 W vold    : Skipping due to root namespace
09-26 16:30:42.574  3078  3149 D vold    : Found matching PID 3165
09-26 16:30:42.574  3078  3149 W vold    : Skipping due to root namespace
09-26 16:30:42.574  3078  3149 D vold    : Found matching PID 3180
09-26 16:30:42.574  3078  3149 W vold    : Skipping due to root namespace
09-26 16:30:42.574  3078  3149 D vold    : Found matching PID 3196
09-26 16:30:42.574  3078  3149 W vold    : Skipping due to root namespace
09-26 16:30:42.574  3078  3149 D vold    : Found matching PID 3197
09-26 16:30:42.575  3078  3149 W vold    : Skipping due to root namespace
09-26 16:30:42.575  3078  3149 D vold    : Found matching PID 3658
09-26 16:30:42.618  3658  4087 D VoldConnector: RCV <- {200 8 Command succeeded}
09-26 16:30:42.619  3658  3658 D VoldConnector: SND -> {9 volume remount_uid 1000 none}
09-26 16:30:42.619  3078  3149 D vold    : Remounting 1000 as mode none
09-26 16:30:42.624  3078  3149 D vold    : Found matching PID 3077
09-26 16:30:42.624  3078  3149 W vold    : Skipping due to root namespace
09-26 16:30:42.624  3078  3149 D vold    : Found matching PID 3164
09-26 16:30:42.624  3078  3149 W vold    : Skipping due to root namespace
09-26 16:30:42.624  3078  3149 D vold    : Found matching PID 3165
09-26 16:30:42.624  3078  3149 W vold    : Skipping due to root namespace
09-26 16:30:42.625  3078  3149 D vold    : Found matching PID 3180
09-26 16:30:42.625  3078  3149 W vold    : Skipping due to root namespace
09-26 16:30:42.625  3078  3149 D vold    : Found matching PID 3196
09-26 16:30:42.625  3078  3149 W vold    : Skipping due to root namespace
09-26 16:30:42.625  3078  3149 D vold    : Found matching PID 3197
09-26 16:30:42.625  3078  3149 W vold    : Skipping due to root namespace
09-26 16:30:42.626  3078  3149 D vold    : Found matching PID 3658
09-26 16:30:42.628  3658  4087 D VoldConnector: RCV <- {200 9 Command succeeded}
09-26 16:30:42.631  3658  3658 D VoldConnector: SND -> {10 volume remount_uid 2000 none}
09-26 16:30:42.631  3078  3149 D vold    : Remounting 2000 as mode none
09-26 16:30:42.636  3078  3149 D vold    : Found matching PID 4747
09-26 16:30:42.636  3078  3149 W vold    : Skipping due to root namespace
09-26 16:30:42.636  3658  4087 D VoldConnector: RCV <- {200 10 Command succeeded}
09-26 16:30:42.637  3658  3658 D VoldConnector: SND -> {11 volume remount_uid 2000 none}
09-26 16:30:42.640  3078  3149 D vold    : Remounting 2000 as mode none
09-26 16:30:42.646  3078  3149 D vold    : Found matching PID 4747
09-26 16:30:42.646  3078  3149 W vold    : Skipping due to root namespace
09-26 16:30:42.646  3658  4087 D VoldConnector: RCV <- {200 11 Command succeeded}
09-26 16:30:42.648  3658  3658 D VoldConnector: SND -> {12 volume remount_uid 10033 none}
09-26 16:30:42.648  3078  3149 D vold    : Remounting 10033 as mode none
09-26 16:30:42.654  3658  4087 D VoldConnector: RCV <- {200 12 Command succeeded}
09-26 16:30:42.655  3658  3658 D VoldConnector: SND -> {13 volume remount_uid 10033 none}
09-26 16:30:42.656  3078  3149 D vold    : Remounting 10033 as mode none
09-26 16:30:42.663  3658  4087 D VoldConnector: RCV <- {200 13 Command succeeded}
09-26 16:30:42.664  3658  3658 D VoldConnector: SND -> {14 volume remount_uid 1002 none}
09-26 16:30:42.665  3078  3149 D vold    : Remounting 1002 as mode none
09-26 16:30:42.673  3658  4087 D VoldConnector: RCV <- {200 14 Command succeeded}
09-26 16:30:42.674  3658  3658 D VoldConnector: SND -> {15 volume remount_uid 1002 none}
09-26 16:30:42.676  3078  3149 D vold    : Remounting 1002 as mode none
09-26 16:30:42.683  3658  4087 D VoldConnector: RCV <- {200 15 Command succeeded}
09-26 16:30:42.685  3658  3658 W VoiceInteractionManagerService: no available voice interaction services found for user 0
09-26 16:30:42.686  3658  3658 W VoiceInteractionManagerService: no available voice recognition services found for user 0
09-26 16:30:42.722  3658  3658 D VoldConnector: SND -> {16 volume remount_uid 10023 none}
09-26 16:30:42.722  3078  3149 D vold    : Remounting 10023 as mode none
09-26 16:30:42.730  3658  4087 D VoldConnector: RCV <- {200 16 Command succeeded}
09-26 16:30:42.732  3658  3658 D VoldConnector: SND -> {17 volume remount_uid 10042 none}
09-26 16:30:42.733  3078  3149 D vold    : Remounting 10042 as mode none
09-26 16:30:42.739  3658  4087 D VoldConnector: RCV <- {200 17 Command succeeded}
09-26 16:30:42.740  3658  3658 D VoldConnector: SND -> {18 volume remount_uid 10042 none}
09-26 16:30:42.741  3078  3149 D vold    : Remounting 10042 as mode none
09-26 16:30:42.749  3658  4087 D VoldConnector: RCV <- {200 18 Command succeeded}
09-26 16:30:42.750  3658  3658 D VoldConnector: SND -> {19 volume remount_uid 10009 none}
09-26 16:30:42.751  3078  3149 D vold    : Remounting 10009 as mode none
09-26 16:30:42.759  3658  4087 D VoldConnector: RCV <- {200 19 Command succeeded}
09-26 16:30:42.760  3658  3658 D VoldConnector: SND -> {20 volume remount_uid 10009 none}
09-26 16:30:42.761  3078  3149 D vold    : Remounting 10009 as mode none
09-26 16:30:42.768  3658  4087 D VoldConnector: RCV <- {200 20 Command succeeded}
09-26 16:30:42.769  3658  3658 D VoldConnector: SND -> {21 volume remount_uid 10012 none}
09-26 16:30:42.771  3078  3149 D vold    : Remounting 10012 as mode none
09-26 16:30:42.779  3658  4087 D VoldConnector: RCV <- {200 21 Command succeeded}
09-26 16:30:42.780  3658  3658 D VoldConnector: SND -> {22 volume remount_uid 10012 none}
09-26 16:30:42.780  3078  3149 D vold    : Remounting 10012 as mode none
09-26 16:30:42.787  3658  4087 D VoldConnector: RCV <- {200 22 Command succeeded}
09-26 16:30:42.792  3658  3658 D VoldConnector: SND -> {23 volume remount_uid 10004 none}
09-26 16:30:42.793  3078  3149 D vold    : Remounting 10004 as mode none
09-26 16:30:42.801  3658  4087 D VoldConnector: RCV <- {200 23 Command succeeded}
09-26 16:30:42.802  3658  3658 D VoldConnector: SND -> {24 volume remount_uid 10004 none}
09-26 16:30:42.803  3078  3149 D vold    : Remounting 10004 as mode none
09-26 16:30:42.809  3658  4087 D VoldConnector: RCV <- {200 24 Command succeeded}
09-26 16:30:42.814  3658  3658 D VoldConnector: SND -> {25 volume remount_uid 10025 none}
09-26 16:30:42.815  3078  3149 D vold    : Remounting 10025 as mode none
09-26 16:30:42.821  3658  4087 D VoldConnector: RCV <- {200 25 Command succeeded}
09-26 16:30:42.822  3658  3658 D VoldConnector: SND -> {26 volume remount_uid 10025 none}
09-26 16:30:42.822  3078  3149 D vold    : Remounting 10025 as mode none
09-26 16:30:42.830  3658  4087 D VoldConnector: RCV <- {200 26 Command succeeded}
09-26 16:30:42.832  3658  3658 D VoldConnector: SND -> {27 volume remount_uid 10015 none}
09-26 16:30:42.833  3078  3149 D vold    : Remounting 10015 as mode none
09-26 16:30:42.839  3658  4087 D VoldConnector: RCV <- {200 27 Command succeeded}
09-26 16:30:42.840  3658  3658 D VoldConnector: SND -> {28 volume remount_uid 10015 none}
09-26 16:30:42.841  3078  3149 D vold    : Remounting 10015 as mode none
09-26 16:30:42.848  3658  4087 D VoldConnector: RCV <- {200 28 Command succeeded}
09-26 16:30:42.850  3658  3658 D VoldConnector: SND -> {29 volume remount_uid 10026 none}
09-26 16:30:42.851  3078  3149 D vold    : Remounting 10026 as mode none
09-26 16:30:42.859  3658  4087 D VoldConnector: RCV <- {200 29 Command succeeded}
09-26 16:30:42.860  3658  3658 D VoldConnector: SND -> {30 volume remount_uid 10026 none}
09-26 16:30:42.861  3078  3149 D vold    : Remounting 10026 as mode none
09-26 16:30:42.868  3658  4087 D VoldConnector: RCV <- {200 30 Command succeeded}
09-26 16:30:42.870  3658  3658 V UserManagerService: Found /data/user_de/0 with serial number -1
09-26 16:30:42.871  3658  3658 D UserManagerService: Serial number missing on /data/user_de/0; assuming current is valid
09-26 16:30:42.871  3658  3658 V UserManagerService: Found /data/user/0 with serial number -1
09-26 16:30:42.871  3658  3658 D UserManagerService: Serial number missing on /data/user/0; assuming current is valid
09-26 16:30:42.872  3658  3658 V UserManagerService: Found /data/system_de/0 with serial number -1
09-26 16:30:42.872  3658  3658 D UserManagerService: Serial number missing on /data/system_de/0; assuming current is valid
09-26 16:30:42.880  3658  3658 I ActivityManager: System now ready
09-26 16:30:42.885  3658  3658 I SystemServer: Making services ready
09-26 16:30:42.885  3658  3658 I SystemServiceManager: Starting phase 550
09-26 16:30:42.890  3658  3658 D BluetoothManagerService: Bluetooth boot completed
09-26 16:30:42.890  3658  3658 D BluetoothManagerService: Getting adapter name and address
09-26 16:30:42.890  3658  3726 D BluetoothManagerService: MESSAGE_GET_NAME_AND_ADDRESS
09-26 16:30:42.890  3658  3726 D BluetoothManagerService: Binding to service to get name and address
09-26 16:30:42.971  3658  3726 W ActivityManager: Slow operation: 77ms so far, now at startProcess: returned from zygote!
09-26 16:30:42.972  3658  3726 W ActivityManager: Slow operation: 77ms so far, now at startProcess: done updating battery stats
09-26 16:30:42.972  3658  3726 W ActivityManager: Slow operation: 78ms so far, now at startProcess: building log message
09-26 16:30:42.972  3658  3726 I ActivityManager: Start proc 4799:com.android.bluetooth/1002 for service com.android.bluetooth/.btservice.AdapterService
09-26 16:30:42.972  3658  3726 W ActivityManager: Slow operation: 78ms so far, now at startProcess: starting to update pids map
09-26 16:30:42.972  3658  3726 W ActivityManager: Slow operation: 78ms so far, now at startProcess: done updating pids map
09-26 16:30:42.973  3658  3726 W ActivityManager: Slow operation: 78ms so far, now at startProcess: done starting proc!
09-26 16:30:42.984  3658  3658 E InputMethodManagerService: Ignoring updateSystemUiLocked due to an invalid token. uid:1000 token:null
09-26 16:30:43.019  3658  3658 W InputMethodManagerService: Reset the default IME as "Resource" is ready here.
09-26 16:30:43.034  3658  3658 I InputMethodManagerService: Default found, using com.android.inputmethod.latin/.LatinIME
09-26 16:30:43.034  3658  3658 W InputMethodManagerService: Illegal subtype state: old subtype = null, new subtype = android.view.inputmethod.InputMethodSubtype@c9194f98
09-26 16:30:43.046  3658  3658 I ActivityManager: Start proc 4814:com.android.inputmethod.latin/u0a62 for service com.android.inputmethod.latin/.LatinIME
09-26 16:30:43.046  3658  3658 V InputMethodManagerService: Adding window token: android.os.Binder@7f53bf0
09-26 16:30:43.046  3658  4086 D MountService: Thinking about init, mSystemReady=true, mDaemonConnected=true
09-26 16:30:43.047  3658  4086 D MountService: Setting up emulation state, initlocked=false
09-26 16:30:43.047  3658  4086 D CryptdConnector: SND -> {2 cryptfs unlock_user_key 0 0 ! !}
09-26 16:30:43.048  3078  3150 D vold    : e4crypt_unlock_user_key 0 serial=0 token_present=0
09-26 16:30:43.048  3078  3150 E vold    : Failed to chmod /data/system_ce/0: No such file or directory
09-26 16:30:43.048  3078  3150 E vold    : Failed to chmod /data/misc_ce/0: No such file or directory
09-26 16:30:43.048  3658  4088 D CryptdConnector: RCV <- {200 2 Command succeeded}
09-26 16:30:43.049  3658  3658 D UsbAlsaManager: Adding ALSA device AlsaDevice: [card: 1, device: 19, type: 2]
09-26 16:30:43.049  3658  3658 D UsbAlsaManager: Adding ALSA device AlsaDevice: [card: 1, device: 18, type: 2]
09-26 16:30:43.049  3658  3658 D UsbAlsaManager: Adding ALSA device AlsaDevice: [card: 1, device: 17, type: 2]
09-26 16:30:43.049  3658  3658 D UsbAlsaManager: Adding ALSA device AlsaDevice: [card: 1, device: 16, type: 2]
09-26 16:30:43.049  3658  3658 D UsbAlsaManager: Adding ALSA device AlsaDevice: [card: 1, device: 15, type: 2]
09-26 16:30:43.049  3658  3658 D UsbAlsaManager: Adding ALSA device AlsaDevice: [card: 1, device: 14, type: 2]
09-26 16:30:43.049  3658  3658 D UsbAlsaManager: Adding ALSA device AlsaDevice: [card: 1, device: 13, type: 2]
09-26 16:30:43.049  3658  3658 D UsbAlsaManager: Adding ALSA device AlsaDevice: [card: 1, device: 12, type: 2]
09-26 16:30:43.049  3658  3658 D UsbAlsaManager: Adding ALSA device AlsaDevice: [card: 1, device: 11, type: 2]
09-26 16:30:43.049  3658  3658 D UsbAlsaManager: Adding ALSA device AlsaDevice: [card: 1, device: 10, type: 2]
09-26 16:30:43.049  3658  3658 D UsbAlsaManager: Adding ALSA device AlsaDevice: [card: 1, device: 9, type: 2]
09-26 16:30:43.049  3658  3658 D UsbAlsaManager: Adding ALSA device AlsaDevice: [card: 1, device: 8, type: 2]
09-26 16:30:43.049  3658  3658 D UsbAlsaManager: Adding ALSA device AlsaDevice: [card: 1, device: 7, type: 2]
09-26 16:30:43.049  3658  3658 D UsbAlsaManager: Adding ALSA device AlsaDevice: [card: 1, device: 6, type: 2]
09-26 16:30:43.049  3658  3658 D UsbAlsaManager: Adding ALSA device AlsaDevice: [card: 1, device: 5, type: 2]
09-26 16:30:43.049  3658  3658 D UsbAlsaManager: Adding ALSA device AlsaDevice: [card: 1, device: 4, type: 2]
09-26 16:30:43.049  3658  3658 D UsbAlsaManager: Adding ALSA device AlsaDevice: [card: 1, device: 3, type: 2]
09-26 16:30:43.049  3658  3658 D UsbAlsaManager: Adding ALSA device AlsaDevice: [card: 1, device: 2, type: 2]
09-26 16:30:43.049  3658  3658 D UsbAlsaManager: Adding ALSA device AlsaDevice: [card: 1, device: 1, type: 2]
09-26 16:30:43.049  3658  3658 D UsbAlsaManager: Adding ALSA device AlsaDevice: [card: 1, device: 0, type: 2]
09-26 16:30:43.049  3658  3658 D UsbAlsaManager: Adding ALSA device AlsaDevice: [card: 0, device: 22, type: 1]
09-26 16:30:43.049  3658  3658 D UsbAlsaManager: Adding ALSA device AlsaDevice: [card: 0, device: 22, type: 2]
09-26 16:30:43.049  3658  3658 D UsbAlsaManager: Adding ALSA device AlsaDevice: [card: 0, device: 21, type: 2]
09-26 16:30:43.049  3658  3658 D UsbAlsaManager: Adding ALSA device AlsaDevice: [card: 0, device: 20, type: 2]
09-26 16:30:43.049  3658  3658 D UsbAlsaManager: Adding ALSA device AlsaDevice: [card: 0, device: 12, type: 2]
09-26 16:30:43.049  3658  3658 D UsbAlsaManager: Adding ALSA device AlsaDevice: [card: 0, device: 11, type: 2]
09-26 16:30:43.049  3658  3658 D UsbAlsaManager: Adding ALSA device AlsaDevice: [card: 0, device: 10, type: 2]
09-26 16:30:43.049  3658  4086 D MountService: Thinking about reset, mSystemReady=true, mDaemonConnected=true
09-26 16:30:43.049  3658  3658 D UsbAlsaManager: Adding ALSA device AlsaDevice: [card: 0, device: 9, type: 2]
09-26 16:30:43.049  3658  3658 D UsbAlsaManager: Adding ALSA device AlsaDevice: [card: 0, device: 7, type: 1]
09-26 16:30:43.049  3658  3658 D UsbAlsaManager: Adding ALSA device AlsaDevice: [card: 0, device: 8, type: 2]
09-26 16:30:43.049  3658  3658 D UsbAlsaManager: Adding ALSA device AlsaDevice: [card: 0, device: 6, type: 1]
09-26 16:30:43.049  3658  3658 D UsbAlsaManager: Adding ALSA device AlsaDevice: [card: 0, device: 4, type: 1]
09-26 16:30:43.049  3658  3658 D UsbAlsaManager: Adding ALSA device AlsaDevice: [card: 0, device: 3, type: 1]
09-26 16:30:43.050  3658  3658 D UsbAlsaManager: Adding ALSA device AlsaDevice: [card: 0, device: 2, type: 1]
09-26 16:30:43.050  3658  3658 D UsbAlsaManager: Adding ALSA device AlsaDevice: [card: 0, device: 1, type: 1]
09-26 16:30:43.050  3658  3658 D UsbAlsaManager: Adding ALSA device AlsaDevice: [card: 0, device: 0, type: 1]
09-26 16:30:43.050  3658  4086 D VoldConnector: SND -> {31 volume reset}
09-26 16:30:43.050  3658  3720 I ActivityManager: Force stopping com.android.providers.media appid=10009 user=-1: vold reset
09-26 16:30:43.051  3078  3149 V vold    : /system/bin/sgdisk
09-26 16:30:43.051  3078  3149 V vold    :     --android-dump
09-26 16:30:43.051  3078  3149 V vold    :     /dev/block/vold/disk:179_0
09-26 16:30:43.051  3658  4087 D VoldConnector: RCV <- {651 emulated 7}
09-26 16:30:43.051  3658  4087 D VoldConnector: RCV <- {659 emulated}
09-26 16:30:43.052  3658  4087 D VoldConnector: RCV <- {650 emulated 2 "" ""}
09-26 16:30:43.052  3658  4087 D VoldConnector: RCV <- {654 emulated emulated}
09-26 16:30:43.053  3658  4087 D VoldConnector: RCV <- {651 emulated 0}
09-26 16:30:43.054  3658  4087 D VoldConnector: RCV <- {651 public:179_1 7}
09-26 16:30:43.055  3658  4737 D BluetoothManagerService: Trying to bind to profile: 1, while Bluetooth was disabled
09-26 16:30:43.055  3658  4087 D VoldConnector: RCV <- {659 public:179_1}
09-26 16:30:43.055  3658  4087 D VoldConnector: RCV <- {649 disk:179_0}
09-26 16:30:43.057  3658  4087 D VoldConnector: RCV <- {640 disk:179_0 4}
09-26 16:30:43.057  3658  4087 D VoldConnector: RCV <- {641 disk:179_0 7746879488}
09-26 16:30:43.058  3658  4087 D VoldConnector: RCV <- {642 disk:179_0 SanDisk}
09-26 16:30:43.059  3658  4087 D VoldConnector: RCV <- {644 disk:179_0 /sys//devices/platform/11500000.dwmmc2/mmc_host/mmc0/mmc0:0007/block/mmcblk0}
09-26 16:30:43.064  3658  3658 I ActivityManager: Start proc 4823:com.android.systemui/u0a33 for service com.android.systemui/.keyguard.KeyguardService
09-26 16:30:43.064  3658  3658 I SystemServer: WebViewFactory preparation
09-26 16:30:43.067  3658  3725 V MountService: Found primary storage at VolumeInfo{emulated}:
09-26 16:30:43.067  3658  3725 V MountService:     type=EMULATED diskId=null partGuid=null mountFlags=0 mountUserId=-1 
09-26 16:30:43.067  3658  3725 V MountService:     state=UNMOUNTED 
09-26 16:30:43.067  3658  3725 V MountService:     fsType=null fsUuid=null fsLabel=null 
09-26 16:30:43.067  3658  3725 V MountService:     path=null internalPath=null 
09-26 16:30:43.070  3658  3725 I UsbPortManager: USB port added: port=UsbPort{id=otg_default, supportedModes=dual}, status=UsbPortStatus{connected=true, currentMode=ufp, currentPowerRole=sink, currentDataRole=device, supportedRoleCombinations=[source:host, sink:device]}, canChangeMode=true, canChangePowerRole=false, canChangeDataRole=false
09-26 16:30:43.092  3078  3149 V vold    : DISK mbr
09-26 16:30:43.092  3078  3149 V vold    : 
09-26 16:30:43.092  3078  3149 V vold    : PART 1 c
09-26 16:30:43.092  3078  3149 V vold    : 
09-26 16:30:43.094  3658  4087 D VoldConnector: RCV <- {650 public:179_1 0 "disk:179_0" ""}
09-26 16:30:43.094  3658  4087 D VoldConnector: RCV <- {654 public:179_1 sdcard}
09-26 16:30:43.094  3658  4087 D VoldConnector: RCV <- {651 public:179_1 0}
09-26 16:30:43.095  3658  4087 D VoldConnector: RCV <- {643 disk:179_0}
09-26 16:30:43.095  3658  4087 D VoldConnector: RCV <- {200 31 Command succeeded}
09-26 16:30:43.098  3658  4086 D VoldConnector: SND -> {32 volume user_added 0 0}
09-26 16:30:43.099  3658  4087 D VoldConnector: RCV <- {200 32 Command succeeded}
09-26 16:30:43.102  3658  4086 D VoldConnector: SND -> {33 volume mount emulated 3 -1}
09-26 16:30:43.103  3078  3149 V vold    : Waiting for FUSE to spin up...
09-26 16:30:43.104  3658  4087 D VoldConnector: RCV <- {651 emulated 1}
09-26 16:30:43.105  3658  4087 D VoldConnector: RCV <- {656 emulated /data/media}
09-26 16:30:43.105  3658  4087 D VoldConnector: RCV <- {655 emulated /storage/emulated}
09-26 16:30:43.130  3658  3658 I ActivityManager: Start proc 4854:WebViewLoader-armeabi-v7a/1037 [android.webkit.WebViewFactory$RelroFileCreator] for 
09-26 16:30:43.142  3658  3658 I ActivityManager: Start proc 4868:WebViewLoader-arm64-v8a/1037 [android.webkit.WebViewFactory$RelroFileCreator] for 
09-26 16:30:43.147  3658  3658 D NetworkManagement: enabling bandwidth control
09-26 16:30:43.154  3658  4087 D VoldConnector: RCV <- {651 emulated 2}
09-26 16:30:43.154  3658  4087 D VoldConnector: RCV <- {200 33 Command succeeded}
09-26 16:30:43.156  3658  4086 D VoldConnector: SND -> {34 volume mount public:179_1 0 0}
09-26 16:30:43.157  3078  3149 V vold    : /system/bin/blkid
09-26 16:30:43.157  3078  3149 V vold    :     -c
09-26 16:30:43.157  3078  3149 V vold    :     /dev/null
09-26 16:30:43.157  3078  3149 V vold    :     -s
09-26 16:30:43.158  3078  3149 V vold    :     TYPE
09-26 16:30:43.158  3078  3149 V vold    :     -s
09-26 16:30:43.158  3078  3149 V vold    :     UUID
09-26 16:30:43.158  3078  3149 V vold    :     -s
09-26 16:30:43.158  3078  3149 V vold    :     LABEL
09-26 16:30:43.158  3078  3149 V vold    :     /dev/block/vold/public:179_1
09-26 16:30:43.158  3658  4087 D VoldConnector: RCV <- {651 public:179_1 1}
09-26 16:30:43.336  4814  4918 E ActivityThread: Failed to find provider info for user_dictionary
09-26 16:30:43.442  3658  3716 I StatusBarManagerService: registerStatusBar bar=com.android.internal.statusbar.IStatusBar$Stub$Proxy@541389c
09-26 16:30:43.468  3658  3658 D NetworkPolicy: setRestrictBackgroundUL(): false
09-26 16:30:43.502  3078  3149 V vold    : /dev/block/vold/public:179_1: UUID="4753-1B02" TYPE="vfat" 
09-26 16:30:43.502  3078  3149 V vold    : 
09-26 16:30:43.504  3658  4087 D VoldConnector: RCV <- {652 public:179_1 vfat}
09-26 16:30:43.504  3658  4087 D VoldConnector: RCV <- {653 public:179_1 4753-1B02}
09-26 16:30:43.504  3078  3149 V vold    : /system/bin/fsck_msdos
09-26 16:30:43.504  3078  3149 V vold    :     -p
09-26 16:30:43.504  3078  3149 V vold    :     -f
09-26 16:30:43.504  3078  3149 V vold    :     /dev/block/vold/public:179_1
09-26 16:30:43.504  3658  4087 D VoldConnector: RCV <- {654 public:179_1 sdcard}
09-26 16:30:43.505  3658  4087 D VoldConnector: RCV <- {656 public:179_1 /mnt/media_rw/4753-1B02}
09-26 16:30:43.508  3658  4087 D VoldConnector: RCV <- {655 public:179_1 /mnt/media_rw/4753-1B02}
09-26 16:30:43.530  4940  4940 D fsck_msdos: sectors Per cluster :64 
09-26 16:30:43.530  4940  4940 D fsck_msdos: boot->ClusterOffset :3648 
09-26 16:30:43.530  4940  4940 I fsck_msdos: FAT32 Filesystem
09-26 16:30:43.530  4940  4940 D fsck_msdos: Using cluster_chain_descriptor
09-26 16:30:43.530  4940  4940 I fsck_msdos: Total clusters 236327 
09-26 16:30:43.537  3658  3721 W WindowManager: Keyguard drawn timeout. Setting mKeyguardDrawComplete
09-26 16:30:43.538  3658  3727 W LocalDisplayAdapter: Unable to find color mode 0, ignoring request.
09-26 16:30:43.544  3658  3727 W LocalDisplayAdapter: Unable to find color mode 0, ignoring request.
09-26 16:30:43.612  3658  4844 W WallpaperManagerService: no current wallpaper -- first boot?
09-26 16:30:43.629  3658  3658 I SystemServiceManager: Starting phase 600
09-26 16:30:43.630  4940  4940 I fsck_msdos: Begin to compare FAT
09-26 16:30:43.634  4940  4940 I fsck_msdos: ** Phase 2 - Check Cluster Chains 
09-26 16:30:43.634  4940  4940 I fsck_msdos: Begin to handle the cluster chain
09-26 16:30:43.649  3658  3658 D GestureLauncherService: Gesture launcher mEmergencyNumber = 112 hits = 3
09-26 16:30:43.650  3658  3658 D SensorNotificationService: Cannot obtain dynamic meta sensor, not supported.
09-26 16:30:43.652  4940  4940 D fsck_msdos: rootDir->head :2
09-26 16:30:43.652  3658  3658 D BrokerableCMSystemService: Third party apps ready
09-26 16:30:43.652  3658  3658 I BrokerableCMSystemService: Connecting to implementation
09-26 16:30:43.652  3658  3658 W ContextImpl: Calling a method in the system process without a qualified user: android.app.ContextImpl.bindService:1421 org.cyanogenmod.platform.internal.BrokerableCMSystemService.tryConnecting:199 org.cyanogenmod.platform.internal.BrokerableCMSystemService.onBootPhase:127 org.cyanogenmod.platform.internal.CMAudioServiceBroker.onBootPhase:58 com.android.server.SystemServiceManager.startBootPhase:143 
09-26 16:30:43.658  4940  4940 D fsck_msdos: Verify Filesystem information
09-26 16:30:43.658  4940  4940 W fsck_msdos: 17 files, 1968160 free (192577 clusters)
09-26 16:30:43.658  4940  4940 I fsck_msdos: free_rb_tree 
09-26 16:30:43.658  4940  4940 I fsck_msdos: free_fragment_tree
09-26 16:30:43.658  4940  4940 I fsck_msdos: free_fragment_tree
09-26 16:30:43.658  4940  4940 I fsck_msdos: free_fragment_tree: rb_tree is empty 
09-26 16:30:43.664  3658  3658 I ActivityManager: Start proc 4957:org.cyanogenmod.cmaudio.service/u0a2 for service org.cyanogenmod.cmaudio.service/.CMAudioService
09-26 16:30:43.671  3078  3149 I Vold    : Filesystem check completed OK
09-26 16:30:43.678  3658  3658 W LocationManagerService: no network location provider found
09-26 16:30:43.680  3658  3658 E LocationManagerService: no geocoder provider found
09-26 16:30:43.680  3658  3658 D LocationManagerService: FLP HAL not supported
09-26 16:30:43.682  3658  3658 D LocationManagerService: Unable to bind FLP Geofence proxy.
09-26 16:30:43.682  3658  3658 D LocationManagerService: Hardware Activity-Recognition not supported.
09-26 16:30:43.684  3658  3658 D LocationManagerService: Unable to bind ActivityRecognitionProxy.
09-26 16:30:43.684  3658  4087 D VoldConnector: RCV <- {651 public:179_1 2}
09-26 16:30:43.684  3658  4087 D VoldConnector: RCV <- {200 34 Command succeeded}
09-26 16:30:43.687  3658  4086 E VoldConnector: NDC Command {34 volume mount public:179_1 0 0} took too long (530ms)
09-26 16:30:43.687  3658  3658 I MmsServiceBroker: Delay connecting to MmsService until an API is called
09-26 16:30:43.689  3658  3658 W VoiceInteractionManagerService: no available voice interaction services found for user 0
09-26 16:30:43.689  3658  3658 W VoiceInteractionManagerService: no available voice recognition services found for user 0
09-26 16:30:43.730  3658  3658 I ActivityManager: Start proc 4975:com.android.phone/1001 for added application com.android.phone
09-26 16:30:43.730  3658  3658 I ActivityManager: START u0 {act=android.intent.action.MAIN cat=[android.intent.category.HOME] flg=0x10000100 cmp=com.android.settings/.CryptKeeper} from uid 0 on display 0
09-26 16:30:43.734  3658  3658 I ActivityManager: Loaded persisted task ids for user 0
09-26 16:30:43.757  3658  3658 I ActivityManager: Start proc 4991:com.android.settings:CryptKeeper/1000 for activity com.android.settings/.CryptKeeper
09-26 16:30:43.766  3658  3658 I SystemServer: Enabled StrictMode for system server main thread.
09-26 16:30:43.803  3658  3658 D ConditionProviders.SCP: onConnected
09-26 16:30:43.867  3658  4844 W ActivityManager: Slow operation: 62ms so far, now at attachApplicationLocked: after mServices.attachApplicationLocked
09-26 16:30:43.869  3658  3658 W ContextImpl: Calling a method in the system process without a qualified user: android.app.ContextImpl.startService:1357 com.android.server.content.SyncManager$13.run:658 android.os.Handler.handleCallback:751 android.os.Handler.dispatchMessage:95 android.os.Looper.loop:154 
09-26 16:30:43.872  3658  3658 D ZenLog  : set_zen_mode: off,cleanUpZenRules
09-26 16:30:43.875  3658  3658 D ConditionProviders: Subscribing to condition://android/schedule?days=6.7&start=23.30&end=10.0&exitAtAlarm=false with ComponentInfo{android/com.android.server.notification.ScheduleConditionProvider}
09-26 16:30:43.875  3658  3658 D ZenLog  : subscribe: condition://android/schedule?days=6.7&start=23.30&end=10.0&exitAtAlarm=false,ok
09-26 16:30:43.875  3658  3658 D ConditionProviders: Subscribing to condition://android/event?userId=-10000&calendar=&reply=1 with ComponentInfo{android/com.android.server.notification.EventConditionProvider}
09-26 16:30:43.875  3658  3658 D ZenLog  : subscribe: condition://android/event?userId=-10000&calendar=&reply=1,ok
09-26 16:30:43.876  3658  3658 D ConditionProviders: Subscribing to condition://android/schedule?days=1.2.3.4.5&start=22.0&end=7.0&exitAtAlarm=false with ComponentInfo{android/com.android.server.notification.ScheduleConditionProvider}
09-26 16:30:43.876  3658  3658 D ZenLog  : subscribe: condition://android/schedule?days=1.2.3.4.5&start=22.0&end=7.0&exitAtAlarm=false,ok
09-26 16:30:43.877  3658  3727 I SingleHandAdapter: onChange..
09-26 16:30:43.877  3658  3727 I SingleHandAdapter: updateSingleHandMode value:  cur: 
09-26 16:30:43.934  3658  4850 I ActivityManager: Start proc 5029:org.cyanogenmod.weather.provider/u0a32 for content provider org.cyanogenmod.weather.provider/.WeatherContentProvider
09-26 16:30:43.939  3658  3716 I WindowManager: Screen frozen for +130ms due to AppWindowToken{fcb9ee3 token=Token{f09669d ActivityRecord{9d44174 u0 com.android.settings/.CryptKeeper t1}}}
09-26 16:30:43.948  3658  5021 I ActivityManager: START u0 {act=android.intent.action.MAIN cat=[android.intent.category.HOME] flg=0x10000100 cmp=com.android.settings/.FallbackHome} from uid 0 on display 0
09-26 16:30:43.967  3658  5021 I ActivityManager: Start proc 5045:com.android.settings/1000 for activity com.android.settings/.FallbackHome
09-26 16:30:44.071  4823  5069 E ActivityThread: Failed to find provider info for com.android.contacts
09-26 16:30:44.160  3658  3721 W LocalDisplayAdapter: Unable to find color mode 0, ignoring request.
09-26 16:30:44.198  3658  3727 W LocalDisplayAdapter: Unable to find color mode 0, ignoring request.
09-26 16:30:44.245  3658  3727 I WindowManager: Screen frozen for +257ms due to AppWindowToken{575c0c6 token=Token{1c5dcab ActivityRecord{2abaefa u0 com.android.settings/.FallbackHome t2}}}
--------- beginning of main
09-26 16:30:44.535  3194  3194 I OMXClient: MuxOMX ctor
09-26 16:30:44.535  3191  3191 I OMXMaster: makeComponentInstance(OMX.ffmpeg.vc1.decoder) in mediacodec process
09-26 16:30:44.535  3191  3191 V FFmpegOMXPlugin: makeComponentInstance 'OMX.ffmpeg.vc1.decoder'
09-26 16:30:44.536  3191  3191 D SoftFFmpegVideo: SoftFFmpegVideo component: OMX.ffmpeg.vc1.decoder codingType=2130706433 appData: 0xf69b28c0
09-26 16:30:44.537  3191  4952 E OMXNodeInstance: getExtensionIndex(c770034:ffmpeg.vc1.decoder, OMX.google.android.index.configureVideoTunnelMode) ERROR: UnsupportedIndex(0x8000101a)
09-26 16:30:44.537  3191  3235 W OMXNodeInstance: [c770034:ffmpeg.vc1.decoder] component does not support metadata mode; using fallback
09-26 16:30:44.538  3194  3194 I MediaPlayerService: MediaPlayerService::getOMX
09-26 16:30:44.538  3194  3194 I OMXClient: MuxOMX ctor
09-26 16:30:44.538  3191  3191 I OMXMaster: makeComponentInstance(OMX.ffmpeg.vtrial.decoder) in mediacodec process
09-26 16:30:44.538  3191  3191 V FFmpegOMXPlugin: makeComponentInstance 'OMX.ffmpeg.vtrial.decoder'
09-26 16:30:44.539  3191  3191 D SoftFFmpegVideo: SoftFFmpegVideo component: OMX.ffmpeg.vtrial.decoder codingType=1 appData: 0xf69b29a0
09-26 16:30:44.540  3191  4952 E OMXNodeInstance: getExtensionIndex(c770035:ffmpeg.vtrial.decoder, OMX.google.android.index.configureVideoTunnelMode) ERROR: UnsupportedIndex(0x8000101a)
09-26 16:30:44.540  3191  3235 W OMXNodeInstance: [c770035:ffmpeg.vtrial.decoder] component does not support metadata mode; using fallback
09-26 16:30:44.541  3194  3194 I MediaPlayerService: MediaPlayerService::getOMX
09-26 16:30:44.543  3194  3194 I OMXClient: MuxOMX ctor
09-26 16:30:44.543  3191  3191 I OMXMaster: makeComponentInstance(OMX.ffmpeg.wmv.decoder) in mediacodec process
09-26 16:30:44.544  3191  3191 V FFmpegOMXPlugin: makeComponentInstance 'OMX.ffmpeg.wmv.decoder'
09-26 16:30:44.544  3191  3191 D SoftFFmpegVideo: SoftFFmpegVideo component: OMX.ffmpeg.wmv.decoder codingType=5 appData: 0xf69b2a80
09-26 16:30:44.545  3191  4952 E OMXNodeInstance: getExtensionIndex(c770036:ffmpeg.wmv.decoder, OMX.google.android.index.configureVideoTunnelMode) ERROR: UnsupportedIndex(0x8000101a)
09-26 16:30:44.545  3191  3235 W OMXNodeInstance: [c770036:ffmpeg.wmv.decoder] component does not support metadata mode; using fallback
09-26 16:30:44.547  3194  3194 I MediaPlayerService: MediaPlayerService::getOMX
09-26 16:30:44.547  3194  3194 I OMXClient: MuxOMX ctor
09-26 16:30:44.547  3194  3194 W MediaCodecList: unable to open media codecs configuration xml file: /etc/media_codecs_performance.xml
09-26 16:30:44.548  3194  3194 I MediaPlayerService: MediaPlayerService::getOMX
09-26 16:30:44.548  3194  3194 I OMXClient: MuxOMX ctor
09-26 16:30:44.548  3194  3194 W MediaCodecList: unable to open media codecs configuration xml file: /data/misc/media/media_codecs_profiling_results.xml
09-26 16:30:44.550  3194  3264 I MediaPlayerService: MediaPlayerService::getOMX
09-26 16:30:44.550  3194  4911 I MediaPlayerService: MediaPlayerService::getOMX
09-26 16:30:44.551  4918  4918 I ExecutorUtils: type=1400 audit(0.0:191): avc: denied { getattr } for path="/data/user_de/0/com.android.inputmethod.latin/databases/pendingUpdates.com.android.inputmethod.latin-journal" dev="sda24" ino=3129457 scontext=u:r:untrusted_app:s0:c512,c768 tcontext=u:object_r:system_data_file:s0:c512,c768 tclass=file permissive=1
09-26 16:30:44.551  4918  4918 W ExecutorUtils: type=1300 audit(0.0:191): arch=c00000b7 syscall=80 success=yes exit=0 a0=26 a1=7f7e1d1aa8 a2=1c a3=0 items=0 ppid=3184 auid=4294967295 uid=10062 gid=10062 euid=10062 suid=10062 fsuid=10062 egid=10062 sgid=10062 fsgid=10062 tty=(none) ses=4294967295 exe="/system/bin/app_process64" subj=u:r:untrusted_app:s0:c512,c768 key=(null)
09-26 16:30:44.551  3089  3089 W auditd  : type=1327 audit(0.0:191): proctitle="com.android.inputmethod.latin"
09-26 16:30:44.551  3089  3089 W auditd  : type=1320 audit(0.0:191): 
09-26 16:30:44.551  4918  4918 I ExecutorUtils: type=1400 audit(0.0:192): avc: denied { write } for name="pendingUpdates.com.android.inputmethod.latin" dev="sda24" ino=3129455 scontext=u:r:untrusted_app:s0:c512,c768 tcontext=u:object_r:system_data_file:s0:c512,c768 tclass=file permissive=1
09-26 16:30:44.551  4918  4918 W ExecutorUtils: type=1300 audit(0.0:192): arch=c00000b7 syscall=46 success=yes exit=0 a0=25 a1=3000 a2=7f7de00000 a3=1d items=0 ppid=3184 auid=4294967295 uid=10062 gid=10062 euid=10062 suid=10062 fsuid=10062 egid=10062 sgid=10062 fsgid=10062 tty=(none) ses=4294967295 exe="/system/bin/app_process64" subj=u:r:untrusted_app:s0:c512,c768 key=(null)
09-26 16:30:44.551  3089  3089 W auditd  : type=1327 audit(0.0:192): proctitle="com.android.inputmethod.latin"
09-26 16:30:44.551  3089  3089 W auditd  : type=1320 audit(0.0:192): 
09-26 16:30:44.551  4918  4918 I ExecutorUtils: type=1400 audit(0.0:193): avc: denied { lock } for path="/data/user_de/0/com.android.inputmethod.latin/databases/pendingUpdates.com.android.inputmethod.latin" dev="sda24" ino=3129455 scontext=u:r:untrusted_app:s0:c512,c768 tcontext=u:object_r:system_data_file:s0:c512,c768 tclass=file permissive=1
09-26 16:30:44.551  4918  4918 W ExecutorUtils: type=1300 audit(0.0:193): arch=c00000b7 syscall=25 success=yes exit=0 a0=25 a1=6 a2=7f7e1d1ab8 a3=1d items=0 ppid=3184 auid=4294967295 uid=10062 gid=10062 euid=10062 suid=10062 fsuid=10062 egid=10062 sgid=10062 fsgid=10062 tty=(none) ses=4294967295 exe="/system/bin/app_process64" subj=u:r:untrusted_app:s0:c512,c768 key=(null)
