09-12 19:45:01.695  3562  3562 I ActivityManager: Start proc 4158:com.android.deskclock/u0a45 for broadcast com.android.deskclock/.AlarmInitReceiver
09-12 19:45:01.697  3562  3614 D WIFI_UT : got request NetworkRequest [ REQUEST id=1, [ Capabilities: INTERNET&NOT_RESTRICTED&TRUSTED&NOT_VPN] ] with score 0
09-12 19:45:01.698  4133  4133 W System  : ClassLoader referenced unknown path: /system/priv-app/ExtServices/lib/arm64
09-12 19:45:01.703  3167  3197 D PermissionCache: checking android.permission.HARDWARE_TEST for uid=1000 => granted (275 us)
09-12 19:45:01.730  3562  3576 E SELinux : selinux_android_file_context_handle: Error getting file context handle (No such file or directory)
09-12 19:45:01.745  3562  3576 V BackupManagerService: No ancestral data
09-12 19:45:01.767  4158  4158 W System  : ClassLoader referenced unknown path: /system/app/DeskClock/lib/arm64
09-12 19:45:01.805  3562  3576 V BackupManagerService: Starting with transport com.google.android.gms/.backup.BackupTransportService
09-12 19:45:01.805  3562  3576 V BackupManagerService: Found transports: 1
09-12 19:45:01.808  3562  3576 I BackupManagerService: Backup enabled => false
09-12 19:45:01.814  3682  3682 W InputAttributes: No editor info for this field. Bug?
09-12 19:45:01.824  3562  3562 V BackupManagerService: Connected to transport ComponentInfo{android/com.android.internal.backup.LocalTransportService}
09-12 19:45:01.824  3562  3562 V BackupManagerService: Registering transport android/com.android.internal.backup.LocalTransportService::android/com.android.internal.backup.LocalTransport = android.app.backup.BackupTransport$TransportImpl@facc892
09-12 19:45:01.881  3562  4172 V KeyValueBackupJob: Scheduling k/v pass in 244 minutes
09-12 19:45:01.914  3562  3576 W VoiceInteractionManagerService: no available voice interaction services found for user 0
09-12 19:45:01.914  3562  3576 W VoiceInteractionManagerService: no available voice recognition services found for user 0
09-12 19:45:01.915  3562  3576 I BrokerableCMSystemService: Connecting to implementation
09-12 19:45:01.915  3562  3576 W ContextImpl: Calling a method in the system process without a qualified user: android.app.ContextImpl.bindService:1421 org.cyanogenmod.platform.internal.BrokerableCMSystemService.tryConnecting:199 org.cyanogenmod.platform.internal.WeatherManagerServiceBroker.onUnlockUser:97 com.android.server.SystemServiceManager.unlockUser:179 com.android.server.am.ActivityManagerService$MainHandler.handleMessage:2067 
09-12 19:45:01.923  4184  4184 I SharedPreferenc: type=1400 audit(0.0:182): avc: denied { read } for name="com.android.deskclock_preferences.xml" dev="sda24" ino=3121364 scontext=u:r:untrusted_app:s0:c512,c768 tcontext=u:object_r:system_data_file:s0:c512,c768 tclass=file permissive=1
09-12 19:45:01.923  4184  4184 W SharedPreferenc: type=1300 audit(0.0:182): arch=c00000b7 syscall=48 success=yes exit=0 a0=ffffff9c a1=7f6ca34180 a2=4 a3=0 items=0 ppid=3182 auid=4294967295 uid=10045 gid=10045 euid=10045 suid=10045 fsuid=10045 egid=10045 sgid=10045 fsgid=10045 tty=(none) ses=4294967295 exe="/system/bin/app_process64" subj=u:r:untrusted_app:s0:c512,c768 key=(null)
09-12 19:45:01.923  3083  3083 W auditd  : type=1327 audit(0.0:182): proctitle="com.android.deskclock"
09-12 19:45:01.923  3083  3083 W auditd  : type=1320 audit(0.0:182): 
09-12 19:45:01.923  4184  4184 I SharedPreferenc: type=1400 audit(0.0:183): avc: denied { getattr } for path="/data/user_de/0/com.android.deskclock/shared_prefs/com.android.deskclock_preferences.xml" dev="sda24" ino=3121364 scontext=u:r:untrusted_app:s0:c512,c768 tcontext=u:object_r:system_data_file:s0:c512,c768 tclass=file permissive=1
09-12 19:45:01.923  4184  4184 W SharedPreferenc: type=1300 audit(0.0:183): arch=c00000b7 syscall=79 success=yes exit=0 a0=ffffff9c a1=7f6ca34180 a2=7f6ce478c8 a3=0 items=0 ppid=3182 auid=4294967295 uid=10045 gid=10045 euid=10045 suid=10045 fsuid=10045 egid=10045 sgid=10045 fsgid=10045 tty=(none) ses=4294967295 exe="/system/bin/app_process64" subj=u:r:untrusted_app:s0:c512,c768 key=(null)
09-12 19:45:01.923  3083  3083 W auditd  : type=1327 audit(0.0:183): proctitle="com.android.deskclock"
09-12 19:45:01.923  3083  3083 W auditd  : type=1320 audit(0.0:183): 
09-12 19:45:01.923  3562  4172 V KeyValueBackupJob: Scheduling k/v pass in 245 minutes
09-12 19:45:01.927  3562  3576 I ActivityManager: Start proc 4181:org.cyanogenmod.weatherservice/u0a32 for service org.cyanogenmod.weatherservice/.WeatherManagerService
09-12 19:45:01.928  3562  3576 I ActivityManager: Loading recents for user 0 into memory.
09-12 19:45:01.972  4181  4181 W System  : ClassLoader referenced unknown path: /system/priv-app/WeatherManagerService/lib/arm64
09-12 19:45:01.973  3562  3576 I ActivityManager: Start proc 4196:org.cyanogenmod.audiofx/u0a3 for added application org.cyanogenmod.audiofx
09-12 19:45:01.985  3562  4172 I BackupManagerService: Found stale backup journal, scheduling
09-12 19:45:01.986  3562  3576 I ActivityManager: Start proc 4211:com.android.nfc/1027 for added application com.android.nfc
09-12 19:45:02.000  3562  3576 D ActivityManager: Sending BOOT_COMPLETE user #0
09-12 19:45:02.011  4227  4227 I Thread-4: type=1400 audit(0.0:184): avc: denied { write } for name="mmssms.db" dev="sda24" ino=3121312 scontext=u:r:radio:s0 tcontext=u:object_r:system_data_file:s0 tclass=file permissive=1
09-12 19:45:02.011  4227  4227 W Thread-4: type=1300 audit(0.0:184): arch=c00000b7 syscall=56 success=yes exit=37 a0=ffffff9c a1=7f55c2aac0 a2=a0042 a3=180 items=0 ppid=3182 auid=4294967295 uid=1001 gid=1001 euid=1001 suid=1001 fsuid=1001 egid=1001 sgid=1001 fsgid=1001 tty=(none) ses=4294967295 exe="/system/bin/app_process64" subj=u:r:radio:s0 key=(null)
09-12 19:45:02.011  3083  3083 W auditd  : type=1327 audit(0.0:184): proctitle="com.android.phone"
09-12 19:45:02.011  3083  3083 W auditd  : type=1320 audit(0.0:184): 
09-12 19:45:02.012  4196  4196 W System  : ClassLoader referenced unknown path: /system/priv-app/AudioFX/lib/arm64
09-12 19:45:02.015  3842  3842 D CarrierSvcBindHelper: Received android.intent.action.USER_UNLOCKED
09-12 19:45:02.018  3857  3857 D FallbackHome: User unlocked and real home found; let's go!
09-12 19:45:02.019  4227  4227 I Thread-4: type=1400 audit(0.0:185): avc: denied { lock } for path="/data/user_de/0/com.android.providers.telephony/databases/mmssms.db" dev="sda24" ino=3121312 scontext=u:r:radio:s0 tcontext=u:object_r:system_data_file:s0 tclass=file permissive=1
09-12 19:45:02.019  4227  4227 W Thread-4: type=1300 audit(0.0:185): arch=c00000b7 syscall=25 success=yes exit=0 a0=25 a1=6 a2=7f559f8f08 a3=d items=0 ppid=3182 auid=4294967295 uid=1001 gid=1001 euid=1001 suid=1001 fsuid=1001 egid=1001 sgid=1001 fsgid=1001 tty=(none) ses=4294967295 exe="/system/bin/app_process64" subj=u:r:radio:s0 key=(null)
09-12 19:45:02.019  3083  3083 W auditd  : type=1327 audit(0.0:185): proctitle="com.android.phone"
09-12 19:45:02.019  3083  3083 W auditd  : type=1320 audit(0.0:185): 
09-12 19:45:02.020  3842  3842 D CarrierSvcBindHelper: No carrier app for: 0
09-12 19:45:02.028  3562  3878 I ActivityManager: START u0 {act=android.intent.action.MAIN cat=[android.intent.category.HOME] flg=0x10000100 cmp=com.cyanogenmod.trebuchet/com.android.launcher3.Launcher} from uid 0 on display 0
09-12 19:45:02.043  4227  4227 I Thread-4: type=1400 audit(0.0:186): avc: denied { setattr } for name="mmssms.db" dev="sda24" ino=3121312 scontext=u:r:radio:s0 tcontext=u:object_r:system_data_file:s0 tclass=file permissive=1
09-12 19:45:02.043  4227  4227 W Thread-4: type=1300 audit(0.0:186): arch=c00000b7 syscall=53 success=yes exit=0 a0=ffffff9c a1=7f55d0ddc0 a2=1b0 a3=0 items=0 ppid=3182 auid=4294967295 uid=1001 gid=1001 euid=1001 suid=1001 fsuid=1001 egid=1001 sgid=1001 fsgid=1001 tty=(none) ses=4294967295 exe="/system/bin/app_process64" subj=u:r:radio:s0 key=(null)
09-12 19:45:02.043  3083  3083 W auditd  : type=1327 audit(0.0:186): proctitle="com.android.phone"
09-12 19:45:02.043  3083  3083 W auditd  : type=1320 audit(0.0:186): 
09-12 19:45:02.050  3562  3562 I AccountManagerService: User 0 is unlocked - opening CE database
09-12 19:45:02.051  3562  3627 I ActivityManager: Start proc 4234:com.android.keychain/1000 for service com.android.keychain/.KeyChainService
09-12 19:45:02.064  3562  3729 I ActivityManager: Start proc 4249:com.android.smspush/u0a59 for service com.android.smspush/.WapPushManager
09-12 19:45:02.068  3562  3576 I VrManagerService: VR mode is allowed
09-12 19:45:02.087  3562  3878 I ActivityManager: Start proc 4265:com.cyanogenmod.trebuchet/u0a27 for activity com.cyanogenmod.trebuchet/com.android.launcher3.Launcher
09-12 19:45:02.104  4234  4234 W System  : ClassLoader referenced unknown path: /system/app/KeyChain/lib/arm64
09-12 19:45:02.132  4211  4211 I NfcService: Starting NFC service
09-12 19:45:02.136  4249  4249 W System  : ClassLoader referenced unknown path: /system/app/WAPPushManager/lib/arm64
09-12 19:45:02.138  4158  4158 I AlarmClock: AlarmInitReceiver android.intent.action.LOCKED_BOOT_COMPLETED
09-12 19:45:02.149  4265  4265 W System  : ClassLoader referenced unknown path: /system/priv-app/Trebuchet/lib/arm64
09-12 19:45:02.151  4211  4211 D BrcmNfcJni: JNI_OnLoad: enter
09-12 19:45:02.151  4211  4211 I BrcmNfcJni: NFC Service: loading nci JNI
09-12 19:45:02.151  4211  4211 D BrcmNfcJni: register_com_android_nfc_NativeNfcManager: enter
09-12 19:45:02.151  4211  4211 D BrcmNfcJni: PowerSwitch::initialize: level=PS-UNKNOWN (0)
09-12 19:45:02.151  4211  4211 D NfcAdaptation: bool CNfcConfig::readConfig(const char *, bool) Opened base config /etc/libnfc-brcm.conf
09-12 19:45:02.158  4211  4211 D NfcAdaptation: const CNfcParam *CNfcConfig::find(const char *) const found SCREEN_OFF_POWER_STATE=(0x3)
09-12 19:45:02.158  4211  4211 D BrcmNfcJni: PowerSwitch::initialize: desired screen-off state=3
09-12 19:45:02.158  4211  4211 D BrcmNfcJni: register_com_android_nfc_NativeNfcManager: exit
09-12 19:45:02.158  4211  4211 D BrcmNfcJni: register_com_android_nfc_NativeNfcTag
09-12 19:45:02.158  4211  4211 D NfcAdaptation: const CNfcParam *CNfcConfig::find(const char *) const found ACTIVE_SE=(0x2)
09-12 19:45:02.158  4211  4211 D BrcmNfcJni: RoutingManager::RoutingManager(): Active SE for Nfc-F is 0x00
09-12 19:45:02.158  4211  4211 D NfcAdaptation: const CNfcParam *CNfcConfig::find(const char *) const found DEFAULT_ISODEP_ROUTE=(0x3)
09-12 19:45:02.158  4211  4211 D BrcmNfcJni: RoutingManager::RoutingManager(): default route is 0x03
09-12 19:45:02.158  4211  4211 D BrcmNfcJni: RoutingManager::RoutingManager(): default route for Nfc-F is 0x00
09-12 19:45:02.158  4211  4211 D NfcAdaptation: const CNfcParam *CNfcConfig::find(const char *) const found AID_MATCHING_MODE=(0x1)
09-12 19:45:02.158  4211  4211 D BrcmNfcJni: RoutingManager::RoutingManager(): mOffHostEe=0xF4
09-12 19:45:02.158  4211  4211 D BrcmNfcJni: RoutingManager::registerJniFunctions
09-12 19:45:02.158  4211  4211 D BrcmNfcJni: JNI_OnLoad: exit
09-12 19:45:02.158  4211  4211 D BrcmNfcJni: nfcManager_initNativeStruc: enter
09-12 19:45:02.159  4211  4211 D BrcmNfcJni: nfcManager_initNativeStruc: exit
09-12 19:45:02.163  4211  4211 W Settings: Setting device_provisioned has moved from android.provider.Settings.Secure to android.provider.Settings.Global.
09-12 19:45:02.183  3562  3562 D WifiService: resetting networks because SIM was loaded
09-12 19:45:02.183  3562  3614 D WifiStateMachine: resetting EAP-SIM/AKA/AKA' networks since SIM was changed
09-12 19:45:02.184  3562  3562 I BrokerableCMSystemService: Implementation service connected
09-12 19:45:02.186  3562  3575 D libgps  : SendGpsExtensionMessage: Waiting for IPC connection - timeout
09-12 19:45:02.186  3562  3575 E libgps  : LIBGPS: Cannot communicate (write) with a GPSD
09-12 19:45:02.186  3562  3575 E libgps  : IPC Communication Error, ../../../../tmp/15194007_282637/allPartners/os/android/gps_interface/gpsi_client/GpsiClient.cpp:631 SendGpsExtensionMessage
09-12 19:45:02.186  3562  3575 D libgps  : agps_set_server: Waiting for IPC connection...
09-12 19:45:02.225  4211  4211 I NfceeAccess: read 5 signature(s) for NFCEE access
09-12 19:45:02.255  4265  4265 V Launcher: LauncherAppState inited
09-12 19:45:02.275  4211  4211 D RegisteredT3tIdentifiersCache: RegisteredT3tIdentifiersCache
09-12 19:45:02.292  3562  3878 W Searchables: No global search activity found
09-12 19:45:02.293  4211  4211 D RegisteredServicesCache: Dynamic AIDs file does not exist.
09-12 19:45:02.295  4211  4211 D RegisteredNfcFServicesCache: Dynamic System Code, NFCID2 file does not exist.
09-12 19:45:02.296  4211  4211 D RegisteredNfcFServicesCache: Service unchanged, not updating
09-12 19:45:02.299  4211  4291 D NfcService: checking on firmware download
09-12 19:45:02.299  4211  4291 D NfcService: NFC is off.  Checking firmware version
09-12 19:45:02.299  4211  4291 D BrcmNfcJni: nfcManager_doDownload: enter
09-12 19:45:02.299  4211  4291 D NfcAdaptation: NfcAdaptation::Initialize: enter
09-12 19:45:02.299  4211  4291 E NfcAdaptation: NfcAdaptation::Initialize: ver=NFCDROID-AOSP_N_00.01 nfa=NFA_PI_1.03.66+
09-12 19:45:02.299  4211  4291 D NfcAdaptation: const CNfcParam *CNfcConfig::find(const char *) const found NFA_STORAGE=/data/nfc
09-12 19:45:02.299  4211  4291 D NfcAdaptation: const CNfcParam *CNfcConfig::find(const char *) const found PROTOCOL_TRACE_LEVEL=(0xFFFFFFFF)
09-12 19:45:02.299  4211  4291 D NfcAdaptation: const CNfcParam *CNfcConfig::find(const char *) const found APPL_TRACE_LEVEL=(0xFF)
09-12 19:45:02.299  4211  4291 D BrcmNfcJni: initializeGlobalAppLogLevel: level=5
09-12 19:45:02.299  4211  4291 D         : verify_stack_non_volatile_store
09-12 19:45:02.299  4211  4291 D NfcNciHal: crcChecksumVerifyIntegrity: filename=/data/nfc/nfaStorage.bin1
09-12 19:45:02.299  4211  4291 D NfcNciHal: crcChecksumVerifyIntegrity: data size=288
09-12 19:45:02.299  4211  4291 D NfcNciHal: crcChecksumVerifyIntegrity: filename=/data/nfc/nfaStorage.bin2
09-12 19:45:02.299  4211  4291 D NfcNciHal: crcChecksumVerifyIntegrity: filename=/data/nfc/nfaStorage.bin3
09-12 19:45:02.299  4211  4291 D NfcNciHal: crcChecksumVerifyIntegrity: filename=/data/nfc/nfaStorage.bin4
09-12 19:45:02.299  4211  4291 D NfcNciHal: crcChecksumVerifyIntegrity: filename=/data/nfc/nfaStorage.bin5
09-12 19:45:02.300  4211  4291 D NfcAdaptation: const CNfcParam *CNfcConfig::find(const char *) const found PRESERVE_STORAGE=(0x1)
09-12 19:45:02.300  4211  4291 D NfcAdaptation: Initialize: preserve stack NV store
09-12 19:45:02.300  4211  4292 D NfcAdaptation: NfcAdaptation::NFCA_TASK: enter
09-12 19:45:02.300  4211  4292 I BrcmNfcNfa: GKI_run(): Start/Stop GKI_timer_update_registered!
09-12 19:45:02.300  4211  4293 D NfcAdaptation: NfcAdaptation::Thread: enter
09-12 19:45:02.300  4211  4294 I BrcmNfcNfa: NFC_TASK started.
09-12 19:45:02.300  4211  4291 D NfcAdaptation: NfcAdaptation::InitializeHalDeviceContext: enter
09-12 19:45:02.300  4211  4293 D NfcAdaptation: NfcAdaptation::Thread: exit
09-12 19:45:02.300  4211  4291 D NfcAdaptation: const CNfcParam *CNfcConfig::find(const char *) const found NCI_HAL_MODULE=nfc_nci
09-12 19:45:02.302  4211  4291 D NfcNciHal: nfc_open: enter; name=nci
09-12 19:45:02.302  4211  4291 I SecHAL  : nfc_hal_init: enter;
09-12 19:45:02.303  4211  4291 D SecHAL  : __get_config_int: Get config TRACE_LEVEL: 2(0x2)
09-12 19:45:02.303  4211  4291 D SecHAL  : __get_config_int: Get config DATA_TRACE: 2(0x2)
09-12 19:45:02.303  4211  4291 D SecHAL  : __get_config_int: Get config SLEEP_TIMEOUT: 1000(0x3e8)
09-12 19:45:02.303  4211  4291 D SecHAL  : setSleepTimeout: Sleep timeout is 1000 ms
09-12 19:45:02.303  4211  4291 I SecHAL  : device_npt_control: device_npt_control: NFC Wake up for NPT.
09-12 19:45:02.303  4211  4291 I SecHAL  : nfc_hal_init: succeed;
09-12 19:45:02.303  4211  4291 D NfcNciHal: nfc_open: exit 0
09-12 19:45:02.303  4211  4291 D NfcAdaptation: NfcAdaptation::InitializeHalDeviceContext: exit
09-12 19:45:02.303  4211  4291 D NfcAdaptation: NfcAdaptation::Initialize: exit
09-12 19:45:02.303  4211  4291 D NfcAdaptation: NfcAdaptation::DownloadFirmware: enter
09-12 19:45:02.303  4211  4291 D NfcAdaptation: NfcAdaptation::HalInitialize
09-12 19:45:02.303  4211  4291 D NfcAdaptation: NfcAdaptation::DownloadFirmware: try open HAL
09-12 19:45:02.303  4211  4291 D NfcAdaptation: NfcAdaptation::HalOpen
09-12 19:45:02.303  4211  4291 I SecHAL  : nfc_hal_open: enter;
09-12 19:45:02.303  4211  4291 D SecHAL  : get_config_string: Get config POWER_DRIVER: /dev/sec-nfc
09-12 19:45:02.303  4211  4291 D SecHAL  : get_config_string: Get config TRANS_DRIVER: /dev/sec-nfc
09-12 19:45:02.303  4211  4291 E SecHAL  : device_open: pw_driver: 37, tr_driver: 37
09-12 19:45:02.303  4211  4291 I SecHAL  : device_set_mode: device mode chage: 0 -> 2
09-12 19:45:02.313  3562  3996 I ActivityManager: Start proc 4296:android.process.media/u0a9 for broadcast com.android.providers.downloads/.DownloadReceiver
09-12 19:45:02.320  4265  4265 D Launcher.Model: Old launcher provider: content://com.android.launcher2.settings/favorites?notify=true
09-12 19:45:02.320  4265  4265 D Launcher.Model: Old launcher provider does not exist.
09-12 19:45:02.351  4296  4296 W System  : ClassLoader referenced unknown path: /system/priv-app/DownloadProvider/lib/arm64
09-12 19:45:02.400  4296  4296 W System  : ClassLoader referenced unknown path: /system/priv-app/MediaProvider/lib/arm64
09-12 19:45:02.402  4296  4296 D ApplicationLoaders: ignored Vulkan layer search path /system/priv-app/MediaProvider/lib/arm64:/system/priv-app/MediaProvider/MediaProvider.apk!/lib/arm64-v8a:/system/lib64:/vendor/lib64 for namespace 0x7f780760f0
09-12 19:45:02.455  4265  4270 I art     : Do partial code cache collection, code=29KB, data=27KB
09-12 19:45:02.455  4265  4270 I art     : After code cache collection, code=28KB, data=27KB
09-12 19:45:02.455  4265  4270 I art     : Increasing code cache capacity to 128KB
09-12 19:45:02.462  4211  4315 I SecHAL  : read_thread: enter
09-12 19:45:02.462  4211  4291 D SecHAL  : __get_config_int: Get config WAKEUP_DELAY: 80(0x50)
09-12 19:45:02.462  4211  4291 I SecHAL  : nfc_hal_open: exit;
09-12 19:45:02.462  4211  4316 I SecHAL  : nfc_hal_task: enter!
09-12 19:45:02.462  4211  4316 D SecHAL  : nfc_hal_task: Got a event: HAL_EVT_OPEN(0)
09-12 19:45:02.462  4211  4316 D SecHAL  : nfc_hal_task: current state: OPEN
09-12 19:45:02.462  4211  4316 I SecHAL  : device_set_mode: device mode chage: 2 -> 2
09-12 19:45:02.462  4211  4316 D SecHAL  : nfc_hal_open_sm: Get Bootloader information.
09-12 19:45:02.462  4211  4316 I SecHAL  : device_write: enter
09-12 19:45:02.462  4211  4316 I SecHAL  : device_write: before system call
09-12 19:45:02.462  4211  4316 I SecHAL  : device_write: after system call
09-12 19:45:02.462  4211  4316 D SecHAL  : data_trace:  Send(  4) 00 01 00 00   
09-12 19:45:02.462  4211  4316 I SecHAL  : device_write: exit
09-12 19:45:02.462  4211  4315 D SecHAL  : read_thread: Sent message to HAL message task, remind que: 2
09-12 19:45:02.462  4211  4316 D SecHAL  : nfc_hal_task: Got a event: HAL_EVT_READ(4)
09-12 19:45:02.462  4211  4316 D SecHAL  : nfc_hal_task: current state: OPEN
09-12 19:45:02.463  4211  4316 D SecHAL  : data_trace:  Recv( 18) 81 00 0e 00   82 00 01 00 00 10 00 02 06 01 00 02 00 20 
09-12 19:45:02.463  4211  4316 D SecHAL  : nfc_hal_open_sm: Bootloader: Version 82.00.01.00(N0), Sector size: 4096, Page Size: 512
09-12 19:45:02.463  4211  4316 D SecHAL  : nfc_hal_open_sm: bl->product 0x082!!: S3FWRN8
09-12 19:45:02.463  4211  4316 D SecHAL  : __get_config_int: Get config FW_UPDATE_MODE: 0(0x0)
09-12 19:45:02.463  4211  4316 D SecHAL  : nfc_hal_open_sm: F/W Update mode is 0
09-12 19:45:02.463  4211  4316 D SecHAL  : check_force_fw_update_mode: force_update_mode : 0
09-12 19:45:02.463  4211  4316 I SecHAL  : device_set_mode: device mode chage: 2 -> 1
09-12 19:45:02.544  4265  4270 I art     : Do partial code cache collection, code=34KB, data=39KB
09-12 19:45:02.544  4265  4270 I art     : After code cache collection, code=34KB, data=39KB
09-12 19:45:02.545  4265  4270 I art     : Increasing code cache capacity to 256KB
09-12 19:45:02.546  4265  4270 I art     : Compiler allocated 6MB to compile void android.widget.TextView.<init>(android.content.Context, android.util.AttributeSet, int, int)
09-12 19:45:02.560  4265  4295 W Launcher: setApplicationContext called twice! old=android.app.Application@aa526ee new=android.app.Application@aa526ee
09-12 19:45:02.575  4265  4270 I art     : Compiler allocated 4MB to compile void android.view.View.<init>(android.content.Context, android.util.AttributeSet, int, int)
09-12 19:45:02.603  3857  3857 I art     : Starting a blocking GC Explicit
09-12 19:45:02.622  4211  4316 D SecHAL  : get_hw_rev: get_hw_rev enter;
09-12 19:45:02.622  4211  4316 E SecHAL  : __get_config_int: Cannot find the field name [Revision]
09-12 19:45:02.622  4211  4316 D SecHAL  : get_hw_rev: get_hw_rev exit; rev = -1
09-12 19:45:02.622  4211  4316 D SecHAL  : __get_config_int: Get config FW_CFG_CLK_SPEED: 18(0x12)
09-12 19:45:02.622  4211  4316 I SecHAL  : device_wakeup: Wakeup! in 80 ms
09-12 19:45:02.635  3857  3857 I art     : Explicit concurrent mark sweep GC freed 3663(325KB) AllocSpace objects, 0(0B) LOS objects, 24% free, 6MB/9MB, paused 148us total 31.012ms
09-12 19:45:02.638  4296  4296 D MediaScannerReceiver: action: android.intent.action.MEDIA_MOUNTED path: /storage/emulated/0
09-12 19:45:02.639  3857  3857 I art     : Starting a blocking GC Explicit
09-12 19:45:02.649  4265  4318 I OpenGLRenderer: Initialized EGL, version 1.4
09-12 19:45:02.649  4265  4318 D OpenGLRenderer: Swap behavior 1
09-12 19:45:02.655  3562  4230 I ActivityManager: Start proc 4333:com.cyanogenmod.eleven/u0a14 for broadcast com.cyanogenmod.eleven/.appwidgets.AppWidgetLarge
09-12 19:45:02.656  4265  4318 D mali_winsys: EGLint new_window_surface(egl_winsys_display*, void*, EGLSurface, EGLConfig, egl_winsys_surface**, egl_color_buffer_format*, EGLBoolean) returns 0x3000,  [1440x2960]-format:1
09-12 19:45:02.674  3857  3857 I art     : Explicit concurrent mark sweep GC freed 713(37KB) AllocSpace objects, 0(0B) LOS objects, 25% free, 6MB/9MB, paused 187us total 35.298ms
09-12 19:45:02.702  4211  4316 I SecHAL  : device_wakeup: exit
09-12 19:45:02.702  4211  4316 I SecHAL  : OSI_timer_start: enter,osi_lock
09-12 19:45:02.702  4211  4316 I SecHAL  : OSI_timer_start: before pthread_create for timer thread
09-12 19:45:02.702  4211  4316 I SecHAL  : OSI_timer_start: after pthread_create for timer thread
09-12 19:45:02.702  4211  4316 I SecHAL  : OSI_timer_start: before osi_unlock
09-12 19:45:02.702  4211  4316 I SecHAL  : OSI_timer_start: exit
09-12 19:45:02.702  4211  4316 I SecHAL  : device_write: enter
09-12 19:45:02.702  4211  4316 I SecHAL  : device_write: before system call
09-12 19:45:02.703  3562  3583 I ActivityManager: Displayed com.cyanogenmod.trebuchet/com.android.launcher3.Launcher: +572ms (total +628ms)
09-12 19:45:02.703  4211  4316 I SecHAL  : device_write: after system call
09-12 19:45:02.703  4211  4316 D SecHAL  : data_trace:  Send(  4) 2f 28 01   12 
09-12 19:45:02.703  4211  4316 I SecHAL  : device_write: exit
09-12 19:45:02.703  4211  4316 I SecHAL  : OSI_timer_start: enter,osi_lock
09-12 19:45:02.703  4211  4316 I SecHAL  : OSI_timer_start: before osi_unlock
09-12 19:45:02.703  4211  4316 I SecHAL  : OSI_timer_start: exit
09-12 19:45:02.703  4211  4316 D SecHAL  : nfc_hal_task: hal state is changed: OPEN -> FW_UPDATE
09-12 19:45:02.703  4211  4316 D SecHAL  : nfc_hal_task: Got a event: HAL_EVT_READ(4)
09-12 19:45:02.703  4211  4315 D SecHAL  : read_thread: Sent message to HAL message task, remind que: 2
09-12 19:45:02.703  4211  4316 D SecHAL  : nfc_hal_task: current state: FW_UPDATE
09-12 19:45:02.704  4211  4316 D SecHAL  : data_trace:  Recv(  5) 4f 28 02   00 12 
09-12 19:45:02.704  4211  4316 D SecHAL  : nfc_hal_fw_sm: RF clock setup success!!
09-12 19:45:02.704  4211  4316 D SecHAL  : nfc_hal_task: hal state is changed: FW_UPDATE -> OPEN
09-12 19:45:02.704  4211  4316 D SecHAL  : nfc_hal_task: Got a event: NFC_HAL_COMPLETE(240)
09-12 19:45:02.704  4211  4316 D SecHAL  : nfc_hal_task: current state: OPEN
09-12 19:45:02.704  4211  4316 I SecHAL  : device_set_mode: device mode chage: 1 -> 1
09-12 19:45:02.704  4211  4316 I SecHAL  : nfc_stack_cback: !
09-12 19:45:02.704  4211  4316 D NfcAdaptation: NfcAdaptation::HalDeviceContextCallback: event=0
09-12 19:45:02.704  4211  4316 D NfcAdaptation: NfcAdaptation::HalDownloadFirmwareCallback: event=0x0
09-12 19:45:02.704  4211  4316 D NfcAdaptation: NfcAdaptation::HalDownloadFirmwareCallback: HAL_NFC_OPEN_CPLT_EVT
09-12 19:45:02.704  4211  4316 D SecHAL  : nfc_hal_task: hal state is changed: OPEN -> POST_INIT
09-12 19:45:02.704  4211  4291 D NfcAdaptation: NfcAdaptation::DownloadFirmware: try close HAL
09-12 19:45:02.704  4211  4291 D NfcAdaptation: NfcAdaptation::HalClose
09-12 19:45:02.704  4211  4291 I SecHAL  : nfc_hal_close: enter;
09-12 19:45:02.704  4211  4291 I SecHAL  : nfc_hal_close: enter;
09-12 19:45:02.704  4211  4316 D SecHAL  : nfc_hal_task: Got a event: NFC_HAL_TERMINATE(6)
09-12 19:45:02.704  4211  4316 I SecHAL  : nfc_hal_task: exit!
09-12 19:45:02.704  4211  4316 I SecHAL  : osi_task_entry: osi_task_entry : exit task
09-12 19:45:02.704  4211  4291 I SecHAL  : nfc_hal_close: enter;
09-12 19:45:02.704  4211  4315 I SecHAL  : read_thread: end;
09-12 19:45:02.704  4211  4315 I SecHAL  : osi_task_entry: osi_task_entry : exit task
09-12 19:45:02.704  4211  4291 I SecHAL  : nfc_stack_cback: !
09-12 19:45:02.704  4211  4291 D NfcAdaptation: NfcAdaptation::HalDeviceContextCallback: event=1
09-12 19:45:02.704  4211  4291 D NfcAdaptation: NfcAdaptation::HalDownloadFirmwareCallback: event=0x1
09-12 19:45:02.704  4211  4291 D NfcAdaptation: NfcAdaptation::HalDownloadFirmwareCallback: HAL_NFC_CLOSE_CPLT_EVT
09-12 19:45:02.807  3562  4230 I ActivityManager: Start proc 4356:com.cyanogenmod.lockclock/u0a51 for broadcast com.cyanogenmod.lockclock/.ClockWidgetProvider
09-12 19:45:02.838  4356  4356 W System  : ClassLoader referenced unknown path: /system/app/LockClock/lib/arm64
09-12 19:45:02.879  4265  4270 I art     : Do full code cache collection, code=123KB, data=105KB
09-12 19:45:02.880  4265  4270 I art     : Starting a blocking GC JitCodeCache
09-12 19:45:02.880  4265  4270 I art     : After code cache collection, code=119KB, data=85KB
09-12 19:45:02.923  4296  4348 V MediaScanner: pruneDeadThumbnailFiles... android.content.ContentProviderClient$CursorWrapperInner@aa526ee
09-12 19:45:02.925  4296  4348 V MediaScanner: /pruneDeadThumbnailFiles... android.content.ContentProviderClient$CursorWrapperInner@aa526ee
09-12 19:45:02.960  3562  3573 I ActivityManager: Start proc 4374:org.cyanogenmod.cmparts/1000 for broadcast org.cyanogenmod.cmparts/.BootReceiver
09-12 19:45:02.990  4374  4374 W System  : ClassLoader referenced unknown path: /system/priv-app/CMParts/lib/arm64
09-12 19:45:03.131  4374  4374 I ogenmod.cmparts: type=1400 audit(0.0:200): avc: denied { write } for name="contributors.db" dev="sda24" ino=3121336 scontext=u:r:system_app:s0 tcontext=u:object_r:system_data_file:s0 tclass=file permissive=1
09-12 19:45:03.131  4374  4374 W ogenmod.cmparts: type=1300 audit(0.0:200): arch=c00000b7 syscall=56 success=yes exit=38 a0=ffffff9c a1=7f69d13100 a2=241 a3=1b6 items=0 ppid=3182 auid=4294967295 uid=1000 gid=1000 euid=1000 suid=1000 fsuid=1000 egid=1000 sgid=1000 fsgid=1000 tty=(none) ses=4294967295 exe="/system/bin/app_process64" subj=u:r:system_app:s0 key=(null)
09-12 19:45:03.131  3083  3083 W auditd  : type=1327 audit(0.0:200): proctitle="org.cyanogenmod.cmparts"
09-12 19:45:03.131  3083  3083 W auditd  : type=1320 audit(0.0:200): 
09-12 19:45:03.188  3562  3575 D libgps  : agps_set_server: Waiting for IPC connection - timeout
09-12 19:45:03.188  3562  3575 E libgps  : LIBGPS: Cannot communicate (write) with a GPSD
09-12 19:45:03.188  3562  3575 E libgps  : IPC Communication Error, ../../../../tmp/15194007_282637/allPartners/os/android/gps_interface/gpsi_client/GpsiClient.cpp:1685 agps_set_server
09-12 19:45:03.190  3562  3575 D GnssLocationProvider: GPS configuration:
09-12 19:45:03.190  3562  3575 D GnssLocationProvider:  #Tue Sep 12 19:45:03 GMT-03:00 2017
09-12 19:45:03.190  3562  3575 D GnssLocationProvider: SUPL_VER=0x20000
09-12 19:45:03.190  3562  3575 D GnssLocationProvider: SUPL_PORT=7275
09-12 19:45:03.190  3562  3575 D GnssLocationProvider: XTRA_SERVER_2=http\://gllto2.glpals.com/4day/v4/latest/lto2.dat
09-12 19:45:03.190  3562  3575 D GnssLocationProvider: XTRA_SERVER_1=http\://gllto1.glpals.com/4day/v4/latest/lto2.dat
09-12 19:45:03.190  3562  3575 D GnssLocationProvider: SUPL_HOST=supl.google.com
09-12 19:45:03.190  3562  3575 D GnssLocationProvider: SUPL_MODE=1
09-12 19:45:03.190  3562  3575 D GnssLocationProvider: NTP_SERVER=north-america.pool.ntp.org
09-12 19:45:03.190  3562  3575 D libgps  : SendGpsExtensionMessage: Waiting for IPC connection...
09-12 19:45:03.226  3562  4391 I RecoverySystem: No recovery log file
09-12 19:45:03.231  3562  4391 I BootReceiver: Copying /proc/last_kmsg to DropBox (SYSTEM_LAST_KMSG)
09-12 19:45:03.235  3562  3562 I ActivityManager: Start proc 4392:com.android.dialer/u0a16 for broadcast com.android.dialer/.calllog.CallLogReceiver
09-12 19:45:03.248  3562  4391 I BootReceiver: Copying audit failures to DropBox
09-12 19:45:03.267  4392  4392 W System  : ClassLoader referenced unknown path: /system/priv-app/Dialer/lib/arm64
09-12 19:45:03.360  4392  4392 D BlockedNumbersAuto: Not attempting auto-migrate: already checked once.
09-12 19:45:03.361  3562  4391 I BootReceiver: Copied 0 worth of audits to DropBox
09-12 19:45:03.364  3562  4391 I BootReceiver: Checking for fsck errors
09-12 19:45:03.375  3083  3083 W auditd  : type=1325 audit(0.0:201): table=filter family=2 entries=100
09-12 19:45:03.375  3083  3083 W auditd  : type=1320 audit(0.0:201): 
09-12 19:45:03.379  3083  3083 W auditd  : type=1325 audit(0.0:202): table=filter family=10 entries=111
09-12 19:45:03.379  3083  3083 W auditd  : type=1320 audit(0.0:202): 
09-12 19:45:03.391  3842  3842 V OtaStartupReceiver: onOtaspChanged: mOtaspMode=3
09-12 19:45:03.392  3842  3842 D CarrierConfigLoader: mHandler: 13 phoneId: 0
09-12 19:45:03.392  3842  3842 D CarrierConfigLoader: mHandler: 7 phoneId: 0
09-12 19:45:03.394  3842  3842 E CarrierConfigLoader: java.io.FileNotFoundException: /data/user_de/0/com.android.phone/files/carrierconfig-com.android.carrierconfig-89543420816751226808-72234.xml (No such file or directory)
09-12 19:45:03.394  3842  3842 D CarrierConfigLoader: Binding to com.android.carrierconfig for phone 0
09-12 19:45:03.404  4392  4413 W CountryDetector: No location permissions, not registering for location updates.
09-12 19:45:03.405  3562  3728 I ActivityManager: Start proc 4414:com.cyanogenmod.settings.device/1000 for broadcast com.cyanogenmod.settings.device/.BootCompletedReceiver
09-12 19:45:03.409  4108  4108 D DefaultCarrierConfigService: Service created
09-12 19:45:03.412  3842  3842 D CarrierConfigLoader: Connected to config app: com.android.carrierconfig/com.android.carrierconfig.DefaultCarrierConfigService
09-12 19:45:03.412  3842  3842 D CarrierConfigLoader: mHandler: 3 phoneId: 0
09-12 19:45:03.412  4108  4121 D DefaultCarrierConfigService: Config being fetched
09-12 19:45:03.412  4108  4121 D DefaultCarrierConfigService: java.io.FileNotFoundException: carrier_config_72234.xml
09-12 19:45:03.414  3842  3842 D CarrierConfigLoader: mHandler: 5 phoneId: 0
09-12 19:45:03.435  3842  3842 I m.android.phone: type=1400 audit(0.0:203): avc: denied { lock } for path="/data/user_de/0/com.android.providers.telephony/databases/telephony.db" dev="sda24" ino=3121278 scontext=u:r:radio:s0 tcontext=u:object_r:system_data_file:s0 tclass=file permissive=1
09-12 19:45:03.435  3842  3842 W m.android.phone: type=1300 audit(0.0:203): arch=c00000b7 syscall=25 success=yes exit=0 a0=24 a1=6 a2=7fcf18bdb8 a3=0 items=0 ppid=3182 auid=4294967295 uid=1001 gid=1001 euid=1001 suid=1001 fsuid=1001 egid=1001 sgid=1001 fsgid=1001 tty=(none) ses=4294967295 exe="/system/bin/app_process64" subj=u:r:radio:s0 key=(null)
09-12 19:45:03.435  3083  3083 W auditd  : type=1327 audit(0.0:203): proctitle="com.android.phone"
09-12 19:45:03.435  3083  3083 W auditd  : type=1320 audit(0.0:203): 
09-12 19:45:03.435  3562  3996 I ActivityManager: Start proc 4428:android.process.acore/u0a0 for content provider com.android.providers.contacts/.CallLogProvider
09-12 19:45:03.436  4414  4414 W System  : ClassLoader referenced unknown path: /system/app/AdvancedDisplay/lib/arm64
09-12 19:45:03.444  3562  3562 I Telecom : PhoneAccountRegistrar: SimCallManager queried, returning: null: TSI.gSCMFU@ACo
09-12 19:45:03.467  4428  4428 W System  : ClassLoader referenced unknown path: /system/priv-app/ContactsProvider/lib/arm64
09-12 19:45:03.503  4414  4414 I settings.device: type=1400 audit(0.0:204): avc: denied { write } for name="scenario" dev="sysfs" ino=33552 scontext=u:r:system_app:s0 tcontext=u:object_r:sysfs:s0 tclass=file permissive=1
09-12 19:45:03.503  4414  4414 W settings.device: type=1300 audit(0.0:204): arch=c00000b7 syscall=48 success=yes exit=0 a0=ffffff9c a1=7f69d9bf40 a2=2 a3=0 items=0 ppid=3182 auid=4294967295 uid=1000 gid=1000 euid=1000 suid=1000 fsuid=1000 egid=1000 sgid=1000 fsgid=1000 tty=(none) ses=4294967295 exe="/system/bin/app_process64" subj=u:r:system_app:s0 key=(null)
09-12 19:45:03.503  3083  3083 W auditd  : type=1327 audit(0.0:204): proctitle="com.cyanogenmod.settings.device"
09-12 19:45:03.503  3083  3083 W auditd  : type=1320 audit(0.0:204): 
09-12 19:45:03.558  3562  3878 I ActivityManager: Start proc 4447:com.android.calendar/u0a38 for broadcast com.android.calendar/.alerts.AlertReceiver
09-12 19:45:03.594  4447  4447 W System  : ClassLoader referenced unknown path: /system/app/Calendar/lib/arm64
09-12 19:45:03.671  4463  4463 I SharedPreferenc: type=1400 audit(0.0:205): avc: denied { read } for name="_has_set_default_values.xml" dev="sda24" ino=2015554 scontext=u:r:untrusted_app:s0:c512,c768 tcontext=u:object_r:system_data_file:s0:c512,c768 tclass=file permissive=1
09-12 19:45:03.671  4463  4463 W SharedPreferenc: type=1300 audit(0.0:205): arch=c00000b7 syscall=48 success=yes exit=0 a0=ffffff9c a1=7f6ca1f3c0 a2=4 a3=0 items=0 ppid=3182 auid=4294967295 uid=10038 gid=10038 euid=10038 suid=10038 fsuid=10038 egid=10038 sgid=10038 fsgid=10038 tty=(none) ses=4294967295 exe="/system/bin/app_process64" subj=u:r:untrusted_app:s0:c512,c768 key=(null)
09-12 19:45:03.671  3083  3083 W auditd  : type=1327 audit(0.0:205): proctitle="com.android.calendar"
09-12 19:45:03.671  3083  3083 W auditd  : type=1320 audit(0.0:205): 
09-12 19:45:03.699  4447  4447 D ExtensionsFactory: No custom extensions.
09-12 19:45:03.719  4428  4428 I ContactsPerf: VoicemailContentProvider.onCreate start
09-12 19:45:03.724  4447  4447 D AlertReceiver: onReceive: a=android.intent.action.BOOT_COMPLETED Intent { act=android.intent.action.BOOT_COMPLETED flg=0x9000010 cmp=com.android.calendar/.alerts.AlertReceiver (has extras) }
09-12 19:45:03.733  4428  4428 I ContactsPerf: VoicemailContentProvider.onCreate finish
09-12 19:45:03.740  4158  4158 I AlarmClock: AlarmInitReceiver android.intent.action.BOOT_COMPLETED
09-12 19:45:03.746  4428  4428 W System  : ClassLoader referenced unknown path: /system/priv-app/BlockedNumberProvider/lib/arm64
09-12 19:45:03.754  4428  4428 D ApplicationLoaders: ignored Vulkan layer search path /system/priv-app/BlockedNumberProvider/lib/arm64:/system/lib64:/vendor/lib64 for namespace 0x7f780760f0
09-12 19:45:03.769  4447  4471 D AlertService: 0 Action = android.intent.action.BOOT_COMPLETED
09-12 19:45:03.772  4447  4471 D AlertService: Scheduling next alarm with AlarmScheduler. sEventReminderReceived: null
09-12 19:45:03.800  4428  4428 W System  : ClassLoader referenced unknown path: /system/app/UserDictionaryProvider/lib/arm64
09-12 19:45:03.817  3562  4230 I ActivityManager: Start proc 4474:com.android.providers.calendar/u0a4 for content provider com.android.providers.calendar/.CalendarProvider2
09-12 19:45:03.826  3682  3682 I LatinIME: Timeout waiting for dictionary load
09-12 19:45:03.836  4428  4428 D ApplicationLoaders: ignored Vulkan layer search path /system/app/UserDictionaryProvider/lib/arm64:/system/lib64:/vendor/lib64 for namespace 0x7f78076160
09-12 19:45:03.842  3562  4232 I ActivityManager: Start proc 4488:com.android.email/u0a58 for broadcast com.android.email/.service.EmailBroadcastReceiver
09-12 19:45:03.870  4474  4474 W System  : ClassLoader referenced unknown path: /system/priv-app/CalendarProvider/lib/arm64
09-12 19:45:03.900  4488  4488 W System  : ClassLoader referenced unknown path: /system/app/Email/lib/arm64
09-12 19:45:03.938  4356  4356 D WeatherUpdateService: onCreate
09-12 19:45:03.942  4356  4356 D WeatherUpdateService: Service started, but shouldn't update ... stopping
09-12 19:45:03.943  4356  4356 D WeatherUpdateService: onDestroy
09-12 19:45:03.949  3562  3614 D WifiStateMachine: CMD_AUTO_CONNECT sup state DisconnectedState my state DisconnectedState nid=0 roam=false
09-12 19:45:03.949  3562  3614 D WifiStateMachine: CMD_AUTO_CONNECT will save config -> "FevaX" nid=0
09-12 19:45:03.971  3562  4508 D WifiNetworkHistory: saving network history: "FevaX"WPA_PSK gw: null Network Selection-status: NETWORK_SELECTION_ENABLED ephemeral=false choice:null link:0 status:1 nid:0 hasEverConnected: true
09-12 19:45:03.971  3562  4508 V WifiNetworkHistory: writeKnownNetworkHistory write config "FevaX"WPA_PSK
09-12 19:45:03.976  3562  3614 D WifiStateMachine: CMD_AUTO_CONNECT did save config ->  nid=0
09-12 19:45:03.979  4021  4021 I wpa_supplicant: wlan0: Trying to associate with 18:a6:f7:7f:a9:bc (SSID='FevaX' freq=2462 MHz)
09-12 19:45:03.979  3562  4509 D WifiNetworkHistory: saving network history: "FevaX"WPA_PSK gw: null Network Selection-status: NETWORK_SELECTION_ENABLED ephemeral=false choice:null link:0 status:1 nid:0 hasEverConnected: true
09-12 19:45:03.979  3562  4509 V WifiNetworkHistory: writeKnownNetworkHistory write config "FevaX"WPA_PSK
09-12 19:45:03.998  4474  4474 I CalendarProvider2: Created com.android.providers.calendar.CalendarAlarmManager@b997fbb(com.android.providers.calendar.CalendarProvider2@ae88cd8)
09-12 19:45:04.091  4447  4471 D AlarmScheduler: No events found starting within 1 week.
09-12 19:45:04.137  4021  4021 I wpa_supplicant: wlan0: Associated with 18:a6:f7:7f:a9:bc
09-12 19:45:04.137  4021  4021 I wpa_supplicant: wlan0: CTRL-EVENT-SUBNET-STATUS-UPDATE status=0
09-12 19:45:04.159  4021  4021 I wpa_supplicant: wlan0: WPA: Key negotiation completed with 18:a6:f7:7f:a9:bc [PTK=CCMP GTK=CCMP]
09-12 19:45:04.159  4021  4021 I wpa_supplicant: wlan0: CTRL-EVENT-CONNECTED - Connection to 18:a6:f7:7f:a9:bc completed [id=0 id_str=%7B%22creatorUid%22%3A%221000%22%2C%22configKey%22%3A%22%5C%22FevaX%5C%22WPA_PSK%22%7D]
09-12 19:45:04.171  3562  3614 D ConnectivityService: registerNetworkAgent NetworkAgentInfo{ ni{[type: WIFI[], state: CONNECTING/CONNECTING, reason: (unspecified), extra: "FevaX", failover: false, available: true, roaming: false, metered: false]}  network{100}  nethandle{429513165534}  lp{{LinkAddresses: []  Routes: [] DnsAddresses: [] Domains: null MTU: 0}}  nc{[ Transports: WIFI Capabilities: NOT_METERED&INTERNET&NOT_RESTRICTED&TRUSTED&NOT_VPN LinkUpBandwidth>=1048576Kbps LinkDnBandwidth>=1048576Kbps]}  Score{20}  everValidated{false}  lastValidated{false}  created{false} lingering{false} explicitlySelected{false} acceptUnvalidated{false} everCaptivePortalDetected{false} lastCaptivePortalDetected{false} }
09-12 19:45:04.171  3562  3619 D ConnectivityService: NetworkAgentInfo [WIFI () - 100] EVENT_NETWORK_INFO_CHANGED, going from null to CONNECTING
09-12 19:45:04.177  3562  3614 D WifiHAL : Getting APF capabilities, halHandle = 0x7f74336820
09-12 19:45:04.177  3562  3614 I WifiHAL : 
09-12 19:45:04.177  3562  3614 I WifiHAL : createRequest: APF get capabilities request
09-12 19:45:04.178  3562  3614 D WifiHAL : In SetAPFCommand::handleResponse
09-12 19:45:04.178  3562  3614 D WifiHAL : Id = 0, subcmd = 0, len = 16
09-12 19:45:04.178  3562  3614 D WifiHAL : Response recieved for get packet filter capabilities command
09-12 19:45:04.178  3562  3614 I WifiHAL : APF version is 2
09-12 19:45:04.178  3562  3614 I WifiHAL : APF max len is 2048
09-12 19:45:04.178  3562  3614 I WifiHAL : Done!
09-12 19:45:04.179  3562  3614 D WifiHAL : Getting APF capability, version = 2, max_len = 2048
09-12 19:45:04.179  3562  3614 D wifi    : APF version supported: 2
09-12 19:45:04.179  3562  3614 D wifi    : Maximum APF program size: 2048
09-12 19:45:04.180  3562  3614 D WifiStateMachine: Start Dhcp Watchdog 1
09-12 19:45:04.189  3562  4232 I ActivityManager: Start proc 4514:com.android.exchange/u0a47 for service com.android.exchange/.service.EasService
09-12 19:45:04.191  3562  3575 D libgps  : SendGpsExtensionMessage: Waiting for IPC connection - timeout
09-12 19:45:04.191  3562  3575 E libgps  : LIBGPS: Cannot communicate (write) with a GPSD
09-12 19:45:04.191  3562  3575 E libgps  : IPC Communication Error, ../../../../tmp/15194007_282637/allPartners/os/android/gps_interface/gpsi_client/GpsiClient.cpp:631 SendGpsExtensionMessage
09-12 19:45:04.192  3562  3614 D WifiStateMachine: updateCapabilities for config:FevaXfalse,false
09-12 19:45:04.195  3083  3083 W auditd  : type=1325 audit(0.0:215): table=filter family=2 entries=101
09-12 19:45:04.195  3083  3083 W auditd  : type=1320 audit(0.0:215): 
09-12 19:45:04.199  3083  3083 W auditd  : type=1325 audit(0.0:216): table=filter family=10 entries=112
09-12 19:45:04.199  3083  3083 W auditd  : type=1320 audit(0.0:216): 
09-12 19:45:04.201  3562  3614 D WifiNative-wlan0: configureNeighborDiscoveryOffload(true)
09-12 19:45:04.201  3562  3614 D WifiNative-wlan0: configureNeighborDiscoveryOffload(true) returned: -95
09-12 19:45:04.203  3083  3083 W auditd  : type=1325 audit(0.0:217): table=filter family=2 entries=100
09-12 19:45:04.203  3083  3083 W auditd  : type=1320 audit(0.0:217): 
09-12 19:45:04.203  3562  3614 D WifiHAL : Setting APF program, halHandle = 0x7f74336820
09-12 19:45:04.203  3562  3614 I WifiHAL : 
09-12 19:45:04.203  3562  3614 I WifiHAL : createRequest: APF set program request
09-12 19:45:04.204  3562  3614 I WifiHAL : Done!
09-12 19:45:04.207  3083  3083 W auditd  : type=1325 audit(0.0:218): table=filter family=10 entries=111
09-12 19:45:04.207  3083  3083 W auditd  : type=1320 audit(0.0:218): 
09-12 19:45:04.214  3562  4532 D ApfFilter: (wlan0): begin monitoring
09-12 19:45:04.223  3562  3575 W Searchables: No global search activity found
09-12 19:45:04.233  4514  4514 W System  : ClassLoader referenced unknown path: /system/app/Exchange2/lib/arm64
09-12 19:45:04.239  3562  3575 I ActivityManager: Start proc 4539:com.android.printspooler/u0a56 for service com.android.printspooler/.model.PrintSpoolerService
09-12 19:45:04.249  4488  4534 D ActivityThread: Loading provider com.android.email.provider;com.android.email.notifier: com.android.email.provider.EmailProvider
09-12 19:45:04.255  3562  4556 D DhcpClient: Receive thread started
09-12 19:45:04.312  3562  3575 D libgps  : SendGpsExtensionMessage: Waiting for IPC connection...
09-12 19:45:04.360  3562  4536 D DhcpClient: Broadcasting DHCPDISCOVER
09-12 19:45:04.364  4488  4488 D BluetoothEmailBroadcastReceiver: Received android.intent.action.BOOT_COMPLETED
09-12 19:45:04.368  3562  4556 D DhcpClient: Received packet: 30:07:4d:a2:d6:98 OFFER, ip /192.168.1.9, mask /255.255.255.0, DNS servers: /192.168.1.1 /192.168.1.1 , gateways [/192.168.1.1] lease time 85972, domain Home
09-12 19:45:04.369  3562  4536 D DhcpClient: Got pending lease: IP address 192.168.1.9/24 Gateway 192.168.1.1  DNS servers: [ 192.168.1.1 192.168.1.1 ] Domains Home DHCP server /192.168.1.1 Vendor info null lease 85972 seconds
09-12 19:45:04.370  3682  3682 I SystemBroadcastReceiver: Boot has been completed
09-12 19:45:04.371  3682  3682 I SystemBroadcastReceiver: toggleAppIcon() : FLAG_SYSTEM = true
09-12 19:45:04.371  3562  4536 D DhcpClient: Broadcasting DHCPREQUEST ciaddr=0.0.0.0 request=192.168.1.9 serverid=192.168.1.1
09-12 19:45:04.375  3562  4556 D DhcpClient: Received packet: 30:07:4d:a2:d6:98 ACK: your new IP /192.168.1.9, netmask /255.255.255.0, gateways [/192.168.1.1] DNS servers: /192.168.1.1 /192.168.1.1 , lease time 86400
09-12 19:45:04.376  3562  4536 D DhcpClient: Confirmed lease: IP address 192.168.1.9/24 Gateway 192.168.1.1  DNS servers: [ 192.168.1.1 192.168.1.1 ] Domains Home DHCP server /192.168.1.1 Vendor info null lease 86400 seconds
09-12 19:45:04.382  3562  3614 D WifiStateMachine: updateCapabilities for config:FevaXfalse,false
09-12 19:45:04.384  3193  3528 D CommandListener: Setting iface cfg
09-12 19:45:04.391  3562  3614 D WifiHAL : Setting APF program, halHandle = 0x7f74336820
09-12 19:45:04.391  3562  3614 I WifiHAL : 
09-12 19:45:04.391  3562  3614 I WifiHAL : createRequest: APF set program request
09-12 19:45:04.393  3562  3614 I WifiHAL : Done!
09-12 19:45:04.398  3562  3574 I ActivityManager: Start proc 4566:com.android.managedprovisioning/u0a17 for broadcast com.android.managedprovisioning/.BootReminder
09-12 19:45:04.403  3562  4536 D DhcpClient: Scheduling renewal in 43199s
09-12 19:45:04.403  3562  4536 D DhcpClient: Scheduling rebind in 75599s
09-12 19:45:04.403  3562  4536 D DhcpClient: Scheduling expiry in 86399s
09-12 19:45:04.404  3562  3614 D WifiStateMachine: updateCapabilities for config:FevaXfalse,false
09-12 19:45:04.406  3562  3614 E WifiNative-HAL: setBssidBlacklist cmd 0 size 0
09-12 19:45:04.406  3562  3614 D wifi    : configure BSSID black list request [2] = 0x7f74336820
09-12 19:45:04.406  3562  3614 D wifi    : Added 0 bssids
09-12 19:45:04.406  3562  3614 E WifiHAL : Failed to execute bssid blacklist request, result = -95
09-12 19:45:04.406  3562  3619 D ConnectivityService: NetworkAgentInfo [WIFI () - 100] EVENT_NETWORK_INFO_CHANGED, going from CONNECTING to CONNECTED
09-12 19:45:04.409  3562  3619 D ConnectivityService: Adding iface wlan0 to network 100
09-12 19:45:04.411  3083  3083 W auditd  : type=1325 audit(0.0:219): table=mangle family=2 entries=17
09-12 19:45:04.411  3083  3083 W auditd  : type=1320 audit(0.0:219): 
09-12 19:45:04.411  3562  3614 D WifiStateMachine: updateCapabilities for config:FevaXfalse,false
09-12 19:45:04.415  3083  3083 W auditd  : type=1325 audit(0.0:220): table=mangle family=10 entries=16
09-12 19:45:04.415  3083  3083 W auditd  : type=1320 audit(0.0:220): 
09-12 19:45:04.419  3562  3614 E WifiStateMachine: Did not find remoteAddress {192.168.1.1} in /proc/net/arp
09-12 19:45:04.430  3562  3619 D ConnectivityService: Setting DNS servers for network 100 to [/192.168.1.1]
09-12 19:45:04.436  3562  3619 W ConnectivityExtension: ConnectivityExt jar file not present
09-12 19:45:04.442  3562  3619 W ConnectivityExtension: ConnectivityExt jar file not present
09-12 19:45:04.443  4566  4566 W System  : ClassLoader referenced unknown path: /system/priv-app/ManagedProvisioning/lib/arm64
09-12 19:45:04.444  3562  3614 D WifiNetworkAgent: NetworkAgent: Received signal strength thresholds: []
09-12 19:45:04.445  3562  3614 D WifiNative-HAL: stopRssiMonitoring, cmdId 0
09-12 19:45:04.446  3562  3619 D ConnectivityService: Switching to new default network: NetworkAgentInfo{ ni{[type: WIFI[], state: CONNECTED/CONNECTED, reason: (unspecified), extra: "FevaX", failover: false, available: true, roaming: false, metered: false]}  network{100}  nethandle{429513165534}  lp{{InterfaceName: wlan0 LinkAddresses: [fe80::3207:4dff:fea2:d698/64,192.168.1.9/24,]  Routes: [fe80::/64 -> :: wlan0,192.168.1.0/24 -> 0.0.0.0 wlan0,0.0.0.0/0 -> 192.168.1.1 wlan0,] DnsAddresses: [192.168.1.1,] Domains: Home MTU: 0 TcpBufferSizes: 524288,1048576,2097152,262144,524288,1048576}}  nc{[ Transports: WIFI Capabilities: NOT_METERED&INTERNET&NOT_RESTRICTED&TRUSTED&NOT_VPN&FOREGROUND LinkUpBandwidth>=1048576Kbps LinkDnBandwidth>=1048576Kbps SignalStrength: -34]}  Score{20}  everValidated{false}  lastValidated{false}  created{true} lingering{false} explicitlySelected{false} acceptUnvalidated{false} everCaptivePortalDetected{false} lastCaptivePortalDetected{false} }
09-12 19:45:04.447  3083  3083 W auditd  : type=1325 audit(0.0:221): table=raw family=2 entries=13
09-12 19:45:04.447  3083  3083 W auditd  : type=1320 audit(0.0:221): 
09-12 19:45:04.451  3083  3083 W auditd  : type=1325 audit(0.0:222): table=raw family=10 entries=13
09-12 19:45:04.451  3083  3083 W auditd  : type=1320 audit(0.0:222): 
09-12 19:45:04.455  3083  3083 W auditd  : type=1325 audit(0.0:223): table=mangle family=2 entries=18
09-12 19:45:04.455  3083  3083 W auditd  : type=1320 audit(0.0:223): 
09-12 19:45:04.457  3193  3528 V IdletimerController: runCmd(/system/bin/ip6tables -w -t raw -A idletimer_raw_PREROUTING -i wlan0 -j IDLETIMER --timeout 15 --label 1 --send_nl_msg 1) res_ipv4=0, res_ipv6=0
09-12 19:45:04.463  3083  3083 W auditd  : type=1325 audit(0.0:224): table=mangle family=10 entries=17
09-12 19:45:04.463  3083  3083 W auditd  : type=1320 audit(0.0:224): 
09-12 19:45:04.468  3193  3528 V IdletimerController: runCmd(/system/bin/ip6tables -w -t mangle -A idletimer_mangle_POSTROUTING -o wlan0 -j IDLETIMER --timeout 15 --label 1 --send_nl_msg 1) res_ipv4=0, res_ipv6=0
09-12 19:45:04.476  3562  3619 D ConnectivityService: Sending CONNECTED broadcast for type 1 NetworkAgentInfo [WIFI () - 100] isDefaultNetwork=true
09-12 19:45:04.476  3562  3678 I GnssLocationProvider: WakeLock acquired by sendMessage(5, 0, null)
09-12 19:45:04.477  3562  3678 I GnssLocationProvider: WakeLock acquired by sendMessage(6, 0, null)
09-12 19:45:04.487  4356  4356 D WeatherUpdateService: onCreate
