11-14 03:05:54.293  3170  3170 D Zygote  : end preload
11-14 03:05:54.293  3170  3170 I art     : Starting a blocking GC Explicit
11-14 03:05:54.299  3170  3170 I art     : Explicit concurrent mark sweep GC freed 7329(409KB) AllocSpace objects, 0(0B) LOS objects, 39% free, 8MB/13MB, paused 59us total 6.432ms
11-14 03:05:54.300  3170  3170 I art     : Starting a blocking GC Explicit
11-14 03:05:54.306  3170  3170 I art     : Explicit concurrent mark sweep GC freed 1581(56KB) AllocSpace objects, 0(0B) LOS objects, 40% free, 7MB/13MB, paused 57us total 5.729ms
11-14 03:05:54.322  3170  3604 I art     : Starting a blocking GC HeapTrim
11-14 03:05:54.323  3170  3170 I art     : Starting a blocking GC Background
11-14 03:05:54.328  3171  3171 D libEGL  : loaded /vendor/lib/egl/libGLES_mali.so
11-14 03:05:54.342  3171  3171 I Zygote  : Preloading shared libraries...
11-14 03:05:54.344  3170  3170 I Zygote  : System server process 3611 has been created
11-14 03:05:54.344  3170  3170 I Zygote  : Accepting command socket connections
11-14 03:05:54.339  3611  3611 I main    : type=1400 audit(0.0:118): avc: denied { sys_nice } for capability=23 scontext=u:r:zygote:s0 tcontext=u:r:zygote:s0 tclass=capability permissive=1
11-14 03:05:54.339  3611  3611 W main    : type=1300 audit(0.0:118): arch=c00000b7 syscall=119 success=yes exit=0 a0=e1b a1=0 a2=7fe24d7cb0 a3=0 items=0 ppid=3170 auid=4294967295 uid=1000 gid=1000 euid=1000 suid=1000 fsuid=1000 egid=1000 sgid=1000 fsgid=1000 tty=(none) ses=4294967295 exe="/system/bin/app_process64" subj=u:r:zygote:s0 key=(null)
11-14 03:05:54.339  3075  3075 W auditd  : type=1327 audit(0.0:118): proctitle="zygote64"
11-14 03:05:54.339  3075  3075 W auditd  : type=1320 audit(0.0:118): 
11-14 03:05:54.348  3171  3171 I Zygote  : Uninstalled ICU cache reference pinning...
11-14 03:05:54.349  3171  3171 I Zygote  : Installed AndroidKeyStoreProvider in 1ms.
11-14 03:05:54.355  3171  3171 I Zygote  : Warmed up JCA providers in 6ms.
11-14 03:05:54.355  3171  3171 D Zygote  : end preload
11-14 03:05:54.355  3171  3171 I art     : Starting a blocking GC Explicit
11-14 03:05:54.362  3171  3171 I art     : Explicit concurrent mark sweep GC freed 7466(415KB) AllocSpace objects, 0(0B) LOS objects, 40% free, 8MB/13MB, paused 90us total 7.097ms
11-14 03:05:54.363  3171  3171 I art     : Starting a blocking GC Explicit
11-14 03:05:54.369  3171  3171 I art     : Explicit concurrent mark sweep GC freed 1549(55KB) AllocSpace objects, 0(0B) LOS objects, 40% free, 7MB/13MB, paused 81us total 6.175ms
11-14 03:05:54.382  3171  3171 I Zygote  : Accepting command socket connections
11-14 03:05:54.390  3611  3611 I Zygote  : Process: zygote socket opened, supported ABIS: armeabi-v7a,armeabi
11-14 03:05:54.391  3611  3611 I InstallerConnection: connecting...
11-14 03:05:54.391  3174  3174 I         : new connection
11-14 03:05:54.409  3622  3622 I dex2oat : /system/bin/dex2oat --compiler-filter=speed
11-14 03:05:54.708  3622  3622 I dex2oat : dex2oat took 300.061ms (threads: 8) arena alloc=2MB (2133616B) java alloc=745KB (763760B) native alloc=2MB (3089224B) free=4MB (4775096B)
11-14 03:05:54.728  3631  3631 I dex2oat : /system/bin/dex2oat --compiler-filter=speed
11-14 03:05:54.818  3631  3631 I dex2oat : dex2oat took 90.181ms (threads: 8) arena alloc=780KB (799552B) java alloc=113KB (115904B) native alloc=1247KB (1277560B) free=2MB (2916744B)
11-14 03:05:54.837  3640  3640 I dex2oat : /system/bin/dex2oat --compiler-filter=speed
11-14 03:05:56.079  3640  3646 W dex2oat : Compilation of void com.android.server.SystemServer.startOtherServices() took 355.722ms
11-14 03:05:57.228  3640  3640 W dex2oat : Compilation of void com.android.server.pm.PackageManagerService.<init>(android.content.Context, com.android.server.pm.Installer, boolean, boolean) took 139.067ms
11-14 03:05:57.926  3640  3640 W dex2oat : Compilation of android.content.pm.PackageParser$Package com.android.server.pm.PackageManagerService.scanPackageDirtyLI(android.content.pm.PackageParser$Package, int, int, long, android.os.UserHandle) took 102.221ms
11-14 03:05:58.563  3640  3640 I dex2oat : dex2oat took 3.726s (threads: 8) arena alloc=18MB (19659392B) java alloc=3MB (3863296B) native alloc=32MB (34098488B) free=23MB (24359624B)
11-14 03:05:58.587  3650  3650 I dex2oat : /system/bin/dex2oat --compiler-filter=speed
11-14 03:05:58.867  3650  3650 I dex2oat : dex2oat took 280.364ms (threads: 8) arena alloc=1097KB (1124016B) java alloc=189KB (194168B) native alloc=2MB (2317200B) free=4MB (4498544B)
11-14 03:05:58.887  3659  3659 I dex2oat : /system/bin/dex2oat --compiler-filter=speed
11-14 03:05:59.648  3659  3659 I dex2oat : dex2oat took 761.504ms (threads: 8) arena alloc=13MB (14469480B) java alloc=727KB (744632B) native alloc=6MB (7296136B) free=17MB (18656120B)
11-14 03:05:59.653  3611  3611 I InstallerConnection: disconnecting...
11-14 03:05:59.653  3174  3174 E         : eof
11-14 03:05:59.653  3174  3174 E         : failed to read size
11-14 03:05:59.653  3174  3174 I         : closing connection
11-14 03:05:59.657  3611  3611 W art     : Found duplicate classes, falling back to interpreter mode for /system/framework/wifi-service.jar
11-14 03:05:59.657  3611  3611 W art     : Found duplicated class when checking oat files: 'Lcom/google/protobuf/nano/MessageNano;' in /system/framework/services.jar and /system/framework/wifi-service.jar
11-14 03:05:59.680  3611  3611 I SystemServer: Entered the Android system server!
11-14 03:05:59.699  3611  3611 I SystemServiceManager: Starting com.android.server.pm.Installer
11-14 03:05:59.700  3611  3611 I Installer: Waiting for installd to be ready.
11-14 03:05:59.700  3611  3611 I InstallerConnection: connecting...
11-14 03:05:59.700  3174  3174 I         : new connection
11-14 03:05:59.700  3611  3611 I SystemServiceManager: Starting com.android.server.am.ActivityManagerService$Lifecycle
11-14 03:05:59.706  3611  3611 I ActivityManager: Memory class: 256
11-14 03:05:59.706  3611  3671 I ServiceThread: Enabled StrictMode logging for ActivityManager looper.
11-14 03:05:59.707  3611  3672 I ServiceThread: Enabled StrictMode logging for android.ui looper.
11-14 03:05:59.712  3611  3611 D BatteryStatsImpl: Reading daily items from /data/system/batterystats-daily.xml
11-14 03:05:59.733  3611  3611 I AppOps  : No existing app ops /data/system/appops.xml; starting empty
11-14 03:05:59.766  3611  3611 I IntentFirewall: Read new rules (A:0 B:0 S:0)
11-14 03:05:59.768  3611  3678 I ServiceThread: Enabled StrictMode logging for android.display looper.
11-14 03:05:59.772  3611  3611 D AppOps  : AppOpsService published
11-14 03:05:59.772  3611  3611 I SystemServiceManager: Starting com.android.server.power.PowerManagerService
11-14 03:05:59.773  3611  3680 I ServiceThread: Enabled StrictMode logging for PowerManagerService looper.
11-14 03:05:59.775  3611  3611 I SamsungPowerHAL: Initialized settings:
11-14 03:05:59.775  3611  3611 I SamsungPowerHAL: max_freqs: cluster[0]: 1690000, cluster[1]: 2314000
11-14 03:05:59.775  3611  3611 I SamsungPowerHAL: hispeed_freqs: cluster[0]: 1690000, cluster[1]: 2496000
11-14 03:05:59.775  3611  3611 I SamsungPowerHAL: boostpulse_fd: 62
11-14 03:05:59.775  3611  3611 I SamsungPowerHAL: touchscreen_power_path: /sys/class/input/input0/enabled
11-14 03:05:59.775  3611  3611 I SamsungPowerHAL: touchkey_power_path: NULL
11-14 03:05:59.775  3611  3611 W libsuspend: Error writing 'on' to /sys/power/state: Invalid argument
11-14 03:05:59.775  3611  3611 I libsuspend: Selected wakeup count
11-14 03:05:59.777  3611  3611 I SystemServiceManager: Starting com.android.server.lights.LightsService
11-14 03:05:59.778  3611  3611 I SystemServiceManager: Starting com.android.server.display.DisplayManagerService
11-14 03:05:59.780  3611  3611 I SystemServiceManager: Starting phase 100
11-14 03:05:59.781  3611  3678 W LocalDisplayAdapter: Unable to get active color mode for display device 0
11-14 03:05:59.781  3611  3678 E LocalDisplayAdapter: Default and active color mode is no longer available! Reverting to first available mode.
11-14 03:05:59.781  3147  3599 E SurfaceFlinger: getDefaultDisplay: id=2 is not a valid default display id
11-14 03:05:59.782  3611  3678 I DisplayManagerService: Display device added: DisplayDeviceInfo{"Built-in Screen": uniqueId="local:0", 1440 x 2960, modeId 1, defaultModeId 1, supportedModes [{id=1, width=1440, height=2960, fps=60.000004}], colorMode -22, supportedColorModes [-22], HdrCapabilities android.view.Display$HdrCapabilities@a69d6308, density 560, 522.514 x 525.762 dpi, appVsyncOff 1000000, presDeadline 16666666, touch INTERNAL, rotation 0, type BUILT_IN, state UNKNOWN, FLAG_DEFAULT_DISPLAY, FLAG_ROTATES_WITH_CONTENT, FLAG_SECURE, FLAG_SUPPORTS_PROTECTED_BUFFERS}
11-14 03:05:59.783  3147  3147 D SurfaceFlinger: Set power mode=2, type=0 flinger=0x7f7ba48000
11-14 03:05:59.784  3147  3147 D SurfaceFlinger: Screen type=0 is already mode=2
11-14 03:05:59.796  3611  3678 I DisplayManagerService: Display device changed state: "Built-in Screen", ON
11-14 03:05:59.796  3611  3611 I SystemServer: StartPackageManagerService
11-14 03:05:59.800  3611  3611 W FileUtils: Failed to chmod(/data/system/packages.list): android.system.ErrnoException: chmod failed: ENOENT (No such file or directory)
11-14 03:05:59.849  3611  3611 D SELinuxMMAC: Using policy file /system/etc/security/mac_permissions.xml
11-14 03:05:59.851  3611  3611 I PackageManager: No settings file; creating initial state
11-14 03:05:59.868  3685  3685 I dex2oat : /system/bin/dex2oat --compiler-filter=speed
11-14 03:06:00.155  3685  3685 I dex2oat : dex2oat took 286.789ms (threads: 8) arena alloc=2MB (2487872B) java alloc=674KB (690632B) native alloc=2MB (2590920B) free=4MB (4749112B)
11-14 03:06:00.174  3694  3694 I dex2oat : /system/bin/dex2oat --compiler-filter=speed
11-14 03:06:00.252  3694  3694 I dex2oat : dex2oat took 78.078ms (threads: 8) arena alloc=479KB (490512B) java alloc=270KB (276776B) native alloc=1290KB (1321680B) free=3MB (3396912B)
11-14 03:06:00.270  3703  3703 I dex2oat : /system/bin/dex2oat --compiler-filter=speed
11-14 03:06:00.336  3703  3703 I dex2oat : dex2oat took 66.901ms (threads: 8) arena alloc=247KB (253104B) java alloc=48KB (49240B) native alloc=1101KB (1127864B) free=1970KB (2017864B)
11-14 03:06:00.354  3712  3712 I dex2oat : /system/bin/dex2oat --compiler-filter=speed
11-14 03:06:00.459  3712  3712 I dex2oat : dex2oat took 105.115ms (threads: 8) arena alloc=3MB (3264016B) java alloc=158KB (162320B) native alloc=1248KB (1278712B) free=5MB (6061320B)
11-14 03:06:00.477  3721  3721 I dex2oat : /system/bin/dex2oat --compiler-filter=speed
11-14 03:06:00.551  3721  3721 I dex2oat : dex2oat took 73.802ms (threads: 8) arena alloc=731KB (749328B) java alloc=86KB (89008B) native alloc=979KB (1003440B) free=3MB (3190864B)
11-14 03:06:00.569  3730  3730 I dex2oat : /system/bin/dex2oat --compiler-filter=speed
11-14 03:06:00.711  3730  3730 I dex2oat : dex2oat took 141.703ms (threads: 8) arena alloc=1996KB (2044016B) java alloc=372KB (381360B) native alloc=1399KB (1433384B) free=4MB (4858072B)
11-14 03:06:00.714  3611  3611 E art     : DexFile_getDexOptNeeded file '/system/framework/org.apache.http.legacy.jar' does not exist
11-14 03:06:00.714  3611  3611 W PackageManager: Library not found: /system/framework/org.apache.http.legacy.jar
11-14 03:06:00.730  3739  3739 I dex2oat : /system/bin/dex2oat --compiler-filter=speed
11-14 03:06:00.802  3739  3739 I dex2oat : dex2oat took 73.065ms (threads: 8) arena alloc=457KB (468720B) java alloc=105KB (107592B) native alloc=1163KB (1190920B) free=2MB (3003384B)
11-14 03:06:00.820  3748  3748 I dex2oat : /system/bin/dex2oat --compiler-filter=speed
11-14 03:06:00.888  3748  3748 I dex2oat : dex2oat took 68.044ms (threads: 8) arena alloc=300KB (308168B) java alloc=88KB (90768B) native alloc=1115KB (1142192B) free=2MB (2527824B)
11-14 03:06:00.906  3757  3757 I dex2oat : /system/bin/dex2oat --compiler-filter=speed
11-14 03:06:00.930  3757  3757 I dex2oat : dex2oat took 24.116ms (threads: 8) arena alloc=84KB (86488B) java alloc=59KB (61128B) native alloc=1029KB (1054528B) free=2042KB (2091200B)
11-14 03:06:00.948  3766  3766 I dex2oat : /system/bin/dex2oat --compiler-filter=speed
11-14 03:06:00.984  3766  3766 I dex2oat : dex2oat took 36.909ms (threads: 8) arena alloc=614KB (628752B) java alloc=211KB (216672B) native alloc=1309KB (1341320B) free=3MB (3901560B)
11-14 03:06:01.002  3775  3775 I dex2oat : /system/bin/dex2oat --compiler-filter=speed
11-14 03:06:01.029  3775  3775 I dex2oat : dex2oat took 26.711ms (threads: 8) arena alloc=253KB (259560B) java alloc=45KB (46456B) native alloc=1096KB (1123040B) free=1463KB (1498400B)
11-14 03:06:01.046  3784  3784 I dex2oat : /system/bin/dex2oat --compiler-filter=speed
11-14 03:06:01.050  3169  3169 D wrapperGPS: wrapperisConnected_RILD
11-14 03:06:01.050  3169  3169 D wrapperGPS: wrapperConnect_RILD
11-14 03:06:01.050  3169  3169 D gpsd    : WakeLock(Release,GPSD)
11-14 03:06:01.116  3784  3784 I dex2oat : dex2oat took 70.408ms (threads: 8) arena alloc=3MB (3191520B) java alloc=127KB (130152B) native alloc=1334KB (1366520B) free=6MB (6497800B)
11-14 03:06:01.135  3794  3794 I dex2oat : /system/bin/dex2oat --compiler-filter=speed
11-14 03:06:01.231  3794  3794 I dex2oat : dex2oat took 97.040ms (threads: 8) arena alloc=1830KB (1873928B) java alloc=364KB (373064B) native alloc=1278KB (1309192B) free=4MB (4982264B)
11-14 03:06:01.234  3611  3611 E art     : DexFile_getDexOptNeeded file '/system/framework/org.apache.http.legacy.jar' does not exist
11-14 03:06:01.234  3611  3611 W PackageManager: Library not found: /system/framework/org.apache.http.legacy.jar
11-14 03:06:01.250  3803  3803 I dex2oat : /system/bin/dex2oat --compiler-filter=speed
11-14 03:06:01.279  3803  3803 I dex2oat : dex2oat took 29.087ms (threads: 8) arena alloc=569KB (583536B) java alloc=77KB (79424B) native alloc=1153KB (1181192B) free=3MB (3537400B)
11-14 03:06:01.297  3812  3812 I dex2oat : /system/bin/dex2oat --compiler-filter=speed
11-14 03:06:01.324  3812  3812 I dex2oat : dex2oat took 27.149ms (threads: 8) arena alloc=279KB (286056B) java alloc=71KB (73656B) native alloc=1103KB (1129472B) free=2MB (2540544B)
11-14 03:06:01.342  3821  3821 I dex2oat : /system/bin/dex2oat --compiler-filter=speed
11-14 03:06:01.368  3821  3821 I dex2oat : dex2oat took 26.906ms (threads: 8) arena alloc=102KB (105336B) java alloc=67KB (69312B) native alloc=1040KB (1065832B) free=2031KB (2079896B)
11-14 03:06:01.370  3611  3611 D PackageManager: No files in app dir /vendor/overlay
11-14 03:06:01.370  3611  3611 D PackageManager: start scanDirLI:/system/framework
11-14 03:06:01.371  3611  3611 D PackageManager: max thread:6
11-14 03:06:01.376  3611  3831 I PackageManager: /system/framework/org.cyanogenmod.platform-res.apk changed; collecting certs
11-14 03:06:01.381  3611  3831 W PackageManager: Permission cyanogenmod.permission.WRITE_ALARMS from package cyanogenmod.platform in an unknown group android.permission-group.SYSTEM_CLOCK
11-14 03:06:01.381  3611  3831 W PackageManager: Permission cyanogenmod.permission.MANAGE_ALARMS from package cyanogenmod.platform in an unknown group android.permission-group.SYSTEM_CLOCK
11-14 03:06:01.381  3611  3831 W PackageManager: Permission cyanogenmod.permission.READ_ALARMS from package cyanogenmod.platform in an unknown group android.permission-group.SYSTEM_CLOCK
11-14 03:06:01.383  3611  3830 I PackageManager: /system/framework/framework-res.apk changed; collecting certs
11-14 03:06:01.440  3611  3611 D PackageManager: end scanDirLI:/system/framework
11-14 03:06:01.440  3611  3611 D PackageManager: start scanDirLI:/system/priv-app
11-14 03:06:01.440  3611  3611 D PackageManager: max thread:6
11-14 03:06:01.454  3611  3833 I PackageManager: /system/priv-app/BackupRestoreConfirmation changed; collecting certs
11-14 03:06:01.455  3611  3830 I PackageManager: /system/priv-app/CMSettingsProvider changed; collecting certs
11-14 03:06:01.455  3611  3834 I PackageManager: /system/priv-app/BlockedNumberProvider changed; collecting certs
11-14 03:06:01.456  3611  3835 I PackageManager: /system/priv-app/CMAudioService changed; collecting certs
11-14 03:06:01.456  3611  3832 I PackageManager: /system/priv-app/AudioFX changed; collecting certs
11-14 03:06:01.459  3611  3834 I PackageManager: New shared user android.uid.shared: id=10002
11-14 03:06:01.466  3611  3831 I PackageManager: /system/priv-app/CMParts changed; collecting certs
11-14 03:06:01.468  3611  3833 I PackageManager: /system/priv-app/CallLogBackup changed; collecting certs
11-14 03:06:01.468  3611  3830 I PackageManager: /system/priv-app/CalendarProvider changed; collecting certs
11-14 03:06:01.469  3611  3835 I PackageManager: /system/priv-app/CarrierConfig changed; collecting certs
11-14 03:06:01.470  3611  3834 I PackageManager: /system/priv-app/CellBroadcastReceiver changed; collecting certs
11-14 03:06:01.473  3611  3830 I PackageManager: New shared user android.uid.calendar: id=10005
11-14 03:06:01.479  3611  3835 I PackageManager: /system/priv-app/CtsShimPrivPrebuilt changed; collecting certs
11-14 03:06:01.481  3611  3830 I PackageManager: /system/priv-app/DefaultContainerService changed; collecting certs
11-14 03:06:01.482  3611  3833 I PackageManager: /system/priv-app/ContactsProvider changed; collecting certs
11-14 03:06:01.484  3611  3832 W PackageParser: No actions in intent filter at /system/priv-app/Contacts/Contacts.apk Binary XML file line #431
11-14 03:06:01.485  3611  3832 I PackageManager: /system/priv-app/Contacts changed; collecting certs
11-14 03:06:01.495  3611  3830 I PackageManager: /system/priv-app/Eleven changed; collecting certs
11-14 03:06:01.499  3611  3835 I PackageManager: /system/priv-app/DownloadProvider changed; collecting certs
11-14 03:06:01.503  3611  3835 I PackageManager: New shared user android.media: id=10009
11-14 03:06:01.506  3611  3835 W PackageManager: Permission android.permission.DOWNLOAD_WITHOUT_NOTIFICATION from package com.android.providers.downloads in an unknown group android.permission-group.NETWORK
11-14 03:06:01.506  3611  3831 I PackageManager: /system/priv-app/DocumentsUI changed; collecting certs
11-14 03:06:01.506  3611  3833 I PackageManager: /system/priv-app/EmergencyInfo changed; collecting certs
11-14 03:06:01.513  3611  3835 I PackageManager: /system/priv-app/ExtServices changed; collecting certs
11-14 03:06:01.520  3611  3833 I PackageManager: New shared user com.android.emergency.uid: id=10014
11-14 03:06:01.522  3611  3832 I PackageManager: /system/priv-app/ExternalStorageProvider changed; collecting certs
11-14 03:06:01.524  3611  3834 W PackageParser: No actions in intent filter at /system/priv-app/Dialer/Dialer.apk Binary XML file line #207
11-14 03:06:01.525  3611  3834 I PackageManager: /system/priv-app/Dialer changed; collecting certs
11-14 03:06:01.529  3611  3835 I PackageManager: /system/priv-app/FusedLocation changed; collecting certs
11-14 03:06:01.533  3611  3830 I PackageManager: /system/priv-app/InputDevices changed; collecting certs
11-14 03:06:01.533  3611  3831 I PackageManager: /system/priv-app/Gallery2 changed; collecting certs
11-14 03:06:01.535  3611  3833 I PackageManager: /system/priv-app/LineageSetupWizard changed; collecting certs
11-14 03:06:01.536  3611  3835 I PackageManager: /system/priv-app/MediaProvider changed; collecting certs
11-14 03:06:01.537  3611  3832 I PackageManager: /system/priv-app/ManagedProvisioning changed; collecting certs
11-14 03:06:01.543  3611  3830 I PackageManager: /system/priv-app/MmsService changed; collecting certs
11-14 03:06:01.546  3611  3832 I PackageManager: /system/priv-app/OneTimeInitializer changed; collecting certs
11-14 03:06:01.549  3611  3835 I PackageManager: /system/priv-app/MtpDocumentsProvider changed; collecting certs
11-14 03:06:01.553  3611  3832 I PackageManager: /system/priv-app/ProxyHandler changed; collecting certs
11-14 03:06:01.564  3611  3833 I PackageManager: /system/priv-app/Recorder changed; collecting certs
11-14 03:06:01.565  3611  3834 I PackageManager: /system/priv-app/SharedStorageBackup changed; collecting certs
11-14 03:06:01.567  3611  3832 I PackageManager: /system/priv-app/SettingsProvider changed; collecting certs
11-14 03:06:01.570  3611  3830 I PackageManager: /system/priv-app/PackageInstaller changed; collecting certs
11-14 03:06:01.577  3611  3834 I PackageManager: /system/priv-app/StatementService changed; collecting certs
11-14 03:06:01.579  3611  3831 W PackageParser: Ignoring duplicate uses-permissions/uses-permissions-sdk-m: android.permission.INSTALL_GRANT_RUNTIME_PERMISSIONS in package: com.android.shell at: Binary XML file line #102
11-14 03:06:01.580  3611  3831 I PackageManager: /system/priv-app/Shell changed; collecting certs
11-14 03:06:01.581  3611  3832 I PackageManager: /system/priv-app/StorageManager changed; collecting certs
11-14 03:06:01.587  3611  3834 I PackageManager: /system/priv-app/Tag changed; collecting certs
11-14 03:06:01.598  3611  3834 I PackageManager: /system/priv-app/TelephonyProvider changed; collecting certs
11-14 03:06:01.603  3611  3830 I PackageManager: /system/priv-app/Telecom changed; collecting certs
11-14 03:06:01.604  3611  3833 W PackageParser: Ignoring duplicate uses-permissions/uses-permissions-sdk-m: android.permission.CONFIGURE_WIFI_DISPLAY in package: com.android.systemui at: Binary XML file line #117
11-14 03:06:01.608  3611  3832 I PackageManager: /system/priv-app/Trebuchet changed; collecting certs
11-14 03:06:01.608  3611  3833 I PackageManager: /system/priv-app/SystemUI changed; collecting certs
11-14 03:06:01.614  3611  3834 I PackageManager: /system/priv-app/Updater changed; collecting certs
11-14 03:06:01.617  3611  3832 W PackageManager: Permission com.android.launcher.permission.INSTALL_SHORTCUT from package com.cyanogenmod.trebuchet in an unknown group android.permission-group.SYSTEM_TOOLS
11-14 03:06:01.618  3611  3832 W PackageManager: Permission com.android.launcher3.permission.READ_SETTINGS from package com.cyanogenmod.trebuchet in an unknown group android.permission-group.SYSTEM_TOOLS
11-14 03:06:01.618  3611  3832 W PackageManager: Permission com.android.launcher3.permission.WRITE_SETTINGS from package com.cyanogenmod.trebuchet in an unknown group android.permission-group.SYSTEM_TOOLS
11-14 03:06:01.622  3611  3830 I PackageManager: /system/priv-app/VpnDialogs changed; collecting certs
11-14 03:06:01.625  3611  3831 I PackageManager: /system/priv-app/TeleService changed; collecting certs
11-14 03:06:01.627  3611  3834 I PackageManager: /system/priv-app/WeatherManagerService changed; collecting certs
11-14 03:06:01.628  3611  3832 I PackageManager: /system/priv-app/WallpaperCropper changed; collecting certs
11-14 03:06:01.630  3611  3830 I PackageManager: /system/priv-app/WeatherProvider changed; collecting certs
11-14 03:06:01.649  3611  3833 I PackageManager: New shared user android.uid.systemui: id=10033
11-14 03:06:01.651  3611  3835 W PackageParser: Ignoring duplicate uses-permissions/uses-permissions-sdk-m: android.permission.USE_CREDENTIALS in package: com.android.settings at: Binary XML file line #56
11-14 03:06:01.651  3611  3835 W PackageParser: Ignoring duplicate uses-permissions/uses-permissions-sdk-m: android.permission.READ_SYNC_SETTINGS in package: com.android.settings at: Binary XML file line #61
11-14 03:06:01.651  3611  3835 W PackageParser: Ignoring duplicate uses-permissions/uses-permissions-sdk-m: android.permission.WRITE_SYNC_SETTINGS in package: com.android.settings at: Binary XML file line #62
11-14 03:06:01.663  3611  3835 I PackageManager: /system/priv-app/Settings changed; collecting certs
11-14 03:06:01.730  3611  3611 D PackageManager: end scanDirLI:/system/priv-app
11-14 03:06:01.730  3611  3611 D PackageManager: start scanDirLI:/system/app
11-14 03:06:01.730  3611  3611 D PackageManager: max thread:6
11-14 03:06:01.737  3611  3832 I PackageManager: /system/app/BasicDreams changed; collecting certs
11-14 03:06:01.737  3611  3833 I PackageManager: /system/app/BookmarkProvider changed; collecting certs
11-14 03:06:01.738  3611  3831 I PackageManager: /system/app/BluetoothMidiService changed; collecting certs
11-14 03:06:01.739  3611  3830 W PackageParser: No actions in intent filter at /system/app/Bluetooth/Bluetooth.apk Binary XML file line #226
11-14 03:06:01.740  3611  3830 I PackageManager: /system/app/Bluetooth changed; collecting certs
11-14 03:06:01.743  3611  3834 I PackageManager: /system/app/AdvancedDisplay changed; collecting certs
11-14 03:06:01.744  3611  3833 I PackageManager: /system/app/CaptivePortalLogin changed; collecting certs
11-14 03:06:01.745  3611  3835 I PackageManager: /system/app/Calendar changed; collecting certs
11-14 03:06:01.751  3611  3831 I PackageManager: /system/app/CertInstaller changed; collecting certs
11-14 03:06:01.756  3611  3833 I PackageManager: /system/app/CtsShimPrebuilt changed; collecting certs
11-14 03:06:01.758  3611  3835 W PackageManager: Non-privileged app; cap priority to 0; package: com.android.calendar activity: com.android.calendar.GoogleCalendarUriIntentFilter origPrio: 50
11-14 03:06:01.760  3611  3833 W PackageManager: Non-privileged app; cap priority to 0; package: com.android.cts.ctsshim activity: com.android.cts.ctsshim.InstallPriority origPrio: 100
11-14 03:06:01.761  3611  3833 W PackageManager: Non-privileged app; cap priority to 0; package: com.android.cts.ctsshim activity: com.android.cts.ctsshim.InstallPriority origPrio: 100
11-14 03:06:01.761  3611  3833 W PackageManager: Non-privileged app; cap priority to 0; package: com.android.cts.ctsshim activity: com.android.cts.ctsshim.InstallPriority origPrio: 100
11-14 03:06:01.761  3611  3833 W PackageManager: Non-privileged app; cap priority to 0; package: com.android.cts.ctsshim activity: com.android.cts.ctsshim.InstallPriority origPrio: 100
11-14 03:06:01.761  3611  3833 W PackageManager: Non-privileged app; cap priority to 0; package: com.android.cts.ctsshim activity: com.android.cts.ctsshim.InstallPriority origPrio: 100
11-14 03:06:01.763  3611  3832 I PackageManager: /system/app/Camera2 changed; collecting certs
11-14 03:06:01.763  3611  3830 I PackageManager: /system/app/Development changed; collecting certs
11-14 03:06:01.768  3611  3834 I PackageManager: /system/app/EasterEgg changed; collecting certs
11-14 03:06:01.768  3611  3831 W PackageParser: Ignoring duplicate uses-permissions/uses-permissions-sdk-m: android.permission.WRITE_SETTINGS in package: com.android.deskclock at: Binary XML file line #45
11-14 03:06:01.769  3611  3835 I PackageManager: /system/app/DownloadProviderUi changed; collecting certs
11-14 03:06:01.772  3611  3831 I PackageManager: /system/app/DeskClock changed; collecting certs
11-14 03:06:01.778  3611  3835 I PackageManager: /system/app/ExtShared changed; collecting certs
11-14 03:06:01.779  3611  3830 I PackageManager: /system/app/ExactCalculator changed; collecting certs
11-14 03:06:01.783  3611  3834 I PackageManager: /system/app/Exchange2 changed; collecting certs
11-14 03:06:01.786  3611  3833 I PackageManager: /system/app/Email changed; collecting certs
11-14 03:06:01.788  3611  3835 I PackageManager: /system/app/HTMLViewer changed; collecting certs
11-14 03:06:01.797  3611  3830 I PackageManager: /system/app/Jelly changed; collecting certs
11-14 03:06:01.797  3611  3832 I PackageManager: /system/app/KeyChain changed; collecting certs
11-14 03:06:01.802  3611  3831 I PackageManager: /system/app/LiveWallpapersPicker changed; collecting certs
11-14 03:06:01.803  3611  3834 I PackageManager: /system/app/LockClock changed; collecting certs
11-14 03:06:01.809  3611  3830 I PackageManager: /system/app/PacProcessor changed; collecting certs
11-14 03:06:01.810  3611  3832 W PackageParser: Ignoring duplicate uses-permissions/uses-permissions-sdk-m: android.permission.CHANGE_WIFI_STATE in package: com.android.nfc at: Binary XML file line #47
11-14 03:06:01.810  3611  3832 W PackageParser: Ignoring duplicate uses-permissions/uses-permissions-sdk-m: android.permission.ACCESS_WIFI_STATE in package: com.android.nfc at: Binary XML file line #48
11-14 03:06:01.811  3611  3833 W PackageManager: Permission com.android.email.permission.READ_ATTACHMENT from package com.android.email in an unknown group android.permission-group.MESSAGES
11-14 03:06:01.812  3611  3832 I PackageManager: /system/app/NfcNci changed; collecting certs
11-14 03:06:01.816  3611  3830 I PackageManager: /system/app/PicoTts changed; collecting certs
11-14 03:06:01.818  3611  3833 I PackageManager: /system/app/PrintRecommendationService changed; collecting certs
11-14 03:06:01.820  3611  3831 I PackageManager: /system/app/PhotoTable changed; collecting certs
11-14 03:06:01.826  3611  3834 I PackageManager: /system/app/Profiles changed; collecting certs
11-14 03:06:01.827  3611  3831 I PackageManager: /system/app/UserDictionaryProvider changed; collecting certs
11-14 03:06:01.828  3611  3832 I PackageManager: /system/app/Stk changed; collecting certs
11-14 03:06:01.828  3611  3835 I PackageManager: /system/app/LatinIME changed; collecting certs
11-14 03:06:01.829  3611  3830 I PackageManager: /system/app/PrintSpooler changed; collecting certs
11-14 03:06:01.830  3611  3833 I PackageManager: /system/app/Terminal changed; collecting certs
11-14 03:06:01.833  3611  3830 W PackageManager: Failed to parse /system/app/mcRegistry: Missing base APK in /system/app/mcRegistry
11-14 03:06:01.834  3611  3831 I PackageManager: /system/app/WallpaperBackup changed; collecting certs
11-14 03:06:01.835  3611  3834 I PackageManager: /system/app/WAPPushManager changed; collecting certs
11-14 03:06:01.844  3611  3832 I PackageManager: /system/app/WallpaperPicker changed; collecting certs
11-14 03:06:01.848  3611  3830 I PackageManager: /system/app/webview changed; collecting certs
11-14 03:06:01.864  3611  3833 I PackageManager: /system/app/messaging changed; collecting certs
11-14 03:06:02.197  3611  3611 D PackageManager: end scanDirLI:/system/app
11-14 03:06:02.197  3611  3611 D PackageManager: No files in app dir /system/vendor/app
11-14 03:06:02.197  3611  3611 D PackageManager: No files in app dir /oem/app
11-14 03:06:02.198  3611  3611 D PackageManager: No files in app dir /data/app
11-14 03:06:02.198  3611  3611 D PackageManager: No files in app dir /data/app-private
11-14 03:06:02.198  3611  3611 D PackageManager: No files in app dir /data/app-ephemeral
11-14 03:06:02.199  3611  3611 E PackageManager: There should probably be exactly one setup wizard; found 0: matches=[]
11-14 03:06:02.199  3611  3611 W PackageManager: Protected action; cap priority to 0; package: com.android.cts.priv.ctsshim activity: com.android.cts.priv.ctsshim.InstallPriority origPrio: 100
11-14 03:06:02.199  3611  3611 W PackageManager: Protected action; cap priority to 0; package: com.android.cts.priv.ctsshim activity: com.android.cts.priv.ctsshim.InstallPriority origPrio: 100
11-14 03:06:02.199  3611  3611 W PackageManager: Protected action; cap priority to 0; package: com.android.cts.priv.ctsshim activity: com.android.cts.priv.ctsshim.InstallPriority origPrio: 100
11-14 03:06:02.199  3611  3611 W PackageManager: Protected action; cap priority to 0; package: com.android.cts.priv.ctsshim activity: com.android.cts.priv.ctsshim.InstallPriority origPrio: 100
11-14 03:06:02.199  3611  3611 W PackageManager: Protected action; cap priority to 0; package: com.android.packageinstaller activity: com.android.packageinstaller.PackageInstallerActivity origPrio: 1
11-14 03:06:02.199  3611  3611 W PackageManager: Package com.android.gallery3d desires unavailable shared library com.google.android.media.effects; ignoring!
11-14 03:06:02.199  3611  3611 W PackageManager: Package com.android.gallery3d desires unavailable shared library com.google.android.media.effects; ignoring!
11-14 03:06:02.199  3611  3611 I PackageManager: Adjusting ABI for com.android.providers.downloads to arm64-v8a (requirer=com.android.mtp, scannedPackage=null)
11-14 03:06:02.199  3611  3611 I PackageManager: Adjusting ABI for com.android.providers.media to arm64-v8a (requirer=com.android.mtp, scannedPackage=null)
11-14 03:06:02.199  3611  3611 I PackageManager: Adjusting ABI for com.android.providers.downloads.ui to arm64-v8a (requirer=com.android.mtp, scannedPackage=null)
11-14 03:06:02.199  3611  3611 I PackageManager: Adjusting ABI for com.android.development to arm64-v8a (requirer=android, scannedPackage=null)
11-14 03:06:02.200  3611  3611 I PackageManager: Adjusting ABI for cyanogenmod.platform to arm64-v8a (requirer=android, scannedPackage=null)
11-14 03:06:02.200  3174  3174 E         : invalid apk path '/system/framework/org.cyanogenmod.platform-res.apk' (bad prefix)
11-14 03:06:02.200  3611  3611 I PackageManager: Adjusting ABI for com.cyanogenmod.settings.device to arm64-v8a (requirer=android, scannedPackage=null)
11-14 03:06:02.200  3611  3611 I PackageManager: Adjusting ABI for com.android.server.telecom to arm64-v8a (requirer=android, scannedPackage=null)
11-14 03:06:02.200  3611  3611 I PackageManager: Adjusting ABI for org.cyanogenmod.cmparts to arm64-v8a (requirer=android, scannedPackage=null)
11-14 03:06:02.200  3611  3611 I PackageManager: Adjusting ABI for com.cyanogenmod.setupwizard to arm64-v8a (requirer=android, scannedPackage=null)
11-14 03:06:02.200  3611  3611 I PackageManager: Adjusting ABI for com.android.providers.settings to arm64-v8a (requirer=android, scannedPackage=null)
11-14 03:06:02.200  3611  3611 I PackageManager: Adjusting ABI for com.android.inputdevices to arm64-v8a (requirer=android, scannedPackage=null)
11-14 03:06:02.201  3611  3611 I PackageManager: Adjusting ABI for com.android.settings to arm64-v8a (requirer=android, scannedPackage=null)
11-14 03:06:02.201  3611  3611 I PackageManager: Adjusting ABI for com.android.location.fused to arm64-v8a (requirer=android, scannedPackage=null)
11-14 03:06:02.201  3611  3611 I PackageManager: Adjusting ABI for org.cyanogenmod.cmsettings to arm64-v8a (requirer=android, scannedPackage=null)
11-14 03:06:02.201  3611  3611 I PackageManager: Adjusting ABI for com.android.keychain to arm64-v8a (requirer=android, scannedPackage=null)
11-14 03:06:02.201  3611  3611 I PackageManager: Adjusting ABI for com.android.wallpaperbackup to arm64-v8a (requirer=android, scannedPackage=null)
11-14 03:06:02.202  3611  3611 I PackageManager: Time to scan packages: 2.35 seconds
11-14 03:06:02.202  3611  3611 W PackageManager: Unknown permission com.google.android.googleapps.permission.GOOGLE_AUTH in package com.android.providers.calendar
11-14 03:06:02.202  3611  3611 W PackageManager: Unknown permission com.google.android.googleapps.permission.GOOGLE_AUTH.cl in package com.android.providers.calendar
11-14 03:06:02.202  3611  3611 W PackageManager: Unknown permission cyanogenmod.permission.LEGALESE in package com.cyanogenmod.setupwizard
11-14 03:06:02.203  3611  3611 W PackageManager: Unknown permission com.android.gallery3d.permission.STORAGE_CHANGE in package com.android.camera2
11-14 03:06:02.203  3611  3611 W PackageManager: Unknown permission android.permission.NFC_UNLOCK in package com.android.nfc
11-14 03:06:02.203  3611  3611 W PackageManager: Unknown permission com.google.android.googleapps.permission.GOOGLE_AUTH.mail in package com.android.calendar
11-14 03:06:02.203  3611  3611 W PackageManager: Unknown permission com.android.launcher.permission.READ_SETTINGS in package com.android.onetimeinitializer
11-14 03:06:02.203  3611  3611 W PackageManager: Unknown permission com.android.launcher.permission.WRITE_SETTINGS in package com.android.onetimeinitializer
11-14 03:06:02.203  3611  3611 W PackageManager: Unknown permission com.android.launcher.permission.READ_SETTINGS in package com.cyanogenmod.trebuchet
11-14 03:06:02.203  3611  3611 W PackageManager: Unknown permission com.android.launcher.permission.WRITE_SETTINGS in package com.cyanogenmod.trebuchet
11-14 03:06:02.203  3611  3611 W PackageManager: Unknown permission com.google.android.permission.INSTALL_WEARABLE_PACKAGES in package com.android.packageinstaller
11-14 03:06:02.203  3611  3611 W PackageManager: Not granting permission android.permission.DELETE_PACKAGES to package com.svox.pico (protectionLevel=18 flags=0x3808be45)
11-14 03:06:02.204  3611  3611 W PackageManager: Unknown permission com.google.android.gallery3d.permission.PICASA_STORE in package com.android.dreams.phototable
11-14 03:06:02.204  3611  3611 W PackageManager: Unknown permission com.google.android.googleapps.permission.GOOGLE_AUTH in package com.android.settings
11-14 03:06:02.204  3611  3611 W PackageManager: Unknown permission com.android.launcher.permission.READ_SETTINGS in package com.android.settings
11-14 03:06:02.204  3611  3611 W PackageManager: Unknown permission com.android.launcher.permission.WRITE_SETTINGS in package com.android.settings
11-14 03:06:02.205  3611  3611 W PackageManager: Not granting permission android.permission.MANAGE_DOCUMENTS to package com.android.deskclock (protectionLevel=2 flags=0x3c49be45)
11-14 03:06:02.205  3611  3611 W PackageManager: Unknown permission com.android.deskclock.worldclock.permissions.WRITE_DATABASE in package com.android.deskclock
11-14 03:06:02.205  3611  3611 W PackageManager: Unknown permission org.codeaurora.permission.POWER_ON_ALERT in package com.android.deskclock
11-14 03:06:02.205  3611  3611 W PackageManager: Not granting permission android.permission.WRITE_SECURE_SETTINGS to package com.android.deskclock (protectionLevel=50 flags=0x3c49be45)
11-14 03:06:02.205  3611  3611 W PackageManager: Unknown permission com.cyanogenmod.lockclock.permission.READ_WEATHER in package com.android.systemui
11-14 03:06:02.205  3611  3611 W PackageManager: Unknown permission com.google.android.gallery3d.permission.GALLERY_PROVIDER in package com.android.bluetooth
11-14 03:06:02.206  3611  3611 W PackageManager: Unknown permission com.google.android.googleapps.permission.ACCESS_GOOGLE_PASSWORD in package com.android.development
11-14 03:06:02.206  3611  3611 W PackageManager: Unknown permission com.google.android.googleapps.permission.GOOGLE_AUTH in package com.android.development
11-14 03:06:02.206  3611  3611 W PackageManager: Unknown permission com.google.android.googleapps.permission.GOOGLE_AUTH.ALL_SERVICES in package com.android.development
11-14 03:06:02.206  3611  3611 W PackageManager: Unknown permission com.google.android.googleapps.permission.GOOGLE_AUTH.YouTubeUser in package com.android.development
11-14 03:06:02.206  3611  3611 V PackageManager: reconcileAppsData for null u0 0x3
11-14 03:06:02.207  3174  3174 E SELinux : selinux_android_file_context_handle: Error getting file context handle (No such file or directory)
11-14 03:06:02.269  3611  3611 V PackageManager: reconcileAppsData finished 91 packages
11-14 03:06:02.269  3611  3611 V PackageManager: Disabling com.google.android.gsf/com.google.android.gsf.update.SystemUpdateActivity
11-14 03:06:02.270  3611  3611 W PackageManager: Unable to disable com.google.android.gsf/com.google.android.gsf.update.SystemUpdateActivity
11-14 03:06:02.270  3611  3611 V PackageManager: Disabling com.google.android.gsf/com.google.android.gsf.update.SystemUpdateService$Receiver
11-14 03:06:02.270  3611  3611 W PackageManager: Unable to disable com.google.android.gsf/com.google.android.gsf.update.SystemUpdateService$Receiver
11-14 03:06:02.270  3611  3611 V PackageManager: Disabling com.google.android.gsf/com.google.android.gsf.update.SystemUpdateService$SecretCodeReceiver
11-14 03:06:02.270  3611  3611 W PackageManager: Unable to disable com.google.android.gsf/com.google.android.gsf.update.SystemUpdateService$SecretCodeReceiver
11-14 03:06:02.270  3611  3611 V PackageManager: Disabling com.google.android.gsf/com.google.android.gsf.update.SystemUpdateServiceReceiver
11-14 03:06:02.270  3611  3611 W PackageManager: Unable to disable com.google.android.gsf/com.google.android.gsf.update.SystemUpdateServiceReceiver
11-14 03:06:02.270  3611  3611 V PackageManager: Disabling com.google.android.gms/com.google.android.gms.update.SystemUpdateActivity
11-14 03:06:02.270  3611  3611 W PackageManager: Unable to disable com.google.android.gms/com.google.android.gms.update.SystemUpdateActivity
11-14 03:06:02.270  3611  3611 V PackageManager: Disabling com.google.android.gms/com.google.android.gms.update.SystemUpdateService$Receiver
11-14 03:06:02.270  3611  3611 W PackageManager: Unable to disable com.google.android.gms/com.google.android.gms.update.SystemUpdateService$Receiver
11-14 03:06:02.270  3611  3611 V PackageManager: Disabling com.google.android.gms/com.google.android.gms.update.SystemUpdateService$ActiveReceiver
11-14 03:06:02.270  3611  3611 W PackageManager: Unable to disable com.google.android.gms/com.google.android.gms.update.SystemUpdateService$ActiveReceiver
11-14 03:06:02.270  3611  3611 V PackageManager: Disabling com.google.android.gms/com.google.android.gms.update.SystemUpdateService$SecretCodeReceiver
11-14 03:06:02.270  3611  3611 W PackageManager: Unable to disable com.google.android.gms/com.google.android.gms.update.SystemUpdateService$SecretCodeReceiver
11-14 03:06:02.270  3611  3611 V PackageManager: Disabling com.google.android.gms/com.google.android.gms.update.SystemUpdateServiceReceiver
11-14 03:06:02.270  3611  3611 W PackageManager: Unable to disable com.google.android.gms/com.google.android.gms.update.SystemUpdateServiceReceiver
11-14 03:06:02.270  3611  3611 V PackageManager: Enabling com.google.android.gsf/com.google.android.gsf.update.SystemUpdateService
11-14 03:06:02.270  3611  3611 W PackageManager: Unable to enable com.google.android.gsf/com.google.android.gsf.update.SystemUpdateService
11-14 03:06:02.270  3611  3611 V PackageManager: Enabling com.google.android.gms/com.google.android.gms.update.SystemUpdateService
11-14 03:06:02.270  3611  3611 W PackageManager: Unable to enable com.google.android.gms/com.google.android.gms.update.SystemUpdateService
11-14 03:06:02.345  3611  3611 I PackageManager.DexOptimizer: Running dexopt (dex2oat) on: /system/priv-app/TelephonyProvider/TelephonyProvider.apk pkg=com.android.providers.telephony isa=arm64 vmSafeMode=false debuggable=false target-filter=speed oatDir = null sharedLibraries=null
11-14 03:06:02.361  3836  3836 I dex2oat : /system/bin/dex2oat --compiler-filter=speed
11-14 03:06:02.571  3836  3836 I dex2oat : dex2oat took 211.116ms (threads: 8) arena alloc=6MB (6770312B) java alloc=274KB (280928B) native alloc=1808KB (1852184B) free=10MB (10730728B)
11-14 03:06:02.575  3611  3611 I PackageManager.DexOptimizer: Running dexopt (dex2oat) on: /system/priv-app/MmsService/MmsService.apk pkg=com.android.mms.service isa=arm64 vmSafeMode=false debuggable=false target-filter=speed oatDir = null sharedLibraries=null
11-14 03:06:02.590  3845  3845 I dex2oat : /system/bin/dex2oat --compiler-filter=speed
11-14 03:06:02.702  3845  3845 I dex2oat : dex2oat took 112.126ms (threads: 8) arena alloc=2MB (2418640B) java alloc=241KB (247024B) native alloc=1574KB (1612240B) free=4MB (4679216B)
11-14 03:06:02.705  3611  3611 I PackageManager.DexOptimizer: Running dexopt (dex2oat) on: /system/priv-app/DefaultContainerService/DefaultContainerService.apk pkg=com.android.defcontainer isa=arm64 vmSafeMode=false debuggable=false target-filter=speed oatDir = null sharedLibraries=null
11-14 03:06:02.721  3854  3854 I dex2oat : /system/bin/dex2oat --compiler-filter=speed
11-14 03:06:02.795  3854  3854 I dex2oat : dex2oat took 75.011ms (threads: 8) arena alloc=528KB (540752B) java alloc=101KB (104128B) native alloc=1144KB (1172200B) free=2MB (2497816B)
11-14 03:06:02.799  3611  3611 I PackageManager.DexOptimizer: Running dexopt (dex2oat) on: /system/priv-app/SettingsProvider/SettingsProvider.apk pkg=com.android.providers.settings isa=arm64 vmSafeMode=false debuggable=false target-filter=speed oatDir = null sharedLibraries=null
11-14 03:06:02.814  3863  3863 I dex2oat : /system/bin/dex2oat --compiler-filter=speed
11-14 03:06:03.010  3863  3863 I dex2oat : dex2oat took 196.741ms (threads: 8) arena alloc=6MB (6535256B) java alloc=295KB (302176B) native alloc=1610KB (1649104B) free=9MB (10409520B)
11-14 03:06:03.014  3611  3611 I PackageManager.DexOptimizer: Running dexopt (dex2oat) on: /system/priv-app/InputDevices/InputDevices.apk pkg=com.android.inputdevices isa=arm64 vmSafeMode=false debuggable=false target-filter=speed oatDir = null sharedLibraries=null
11-14 03:06:03.029  3872  3872 I dex2oat : /system/bin/dex2oat --compiler-filter=speed
11-14 03:06:03.092  3872  3872 I dex2oat : dex2oat took 62.644ms (threads: 8) arena alloc=15KB (15632B) java alloc=32KB (33200B) native alloc=865KB (886120B) free=1182KB (1211032B)
11-14 03:06:03.094  3611  3611 I PackageManager.DexOptimizer: Running dexopt (dex2oat) on: /system/app/ExtShared/ExtShared.apk pkg=android.ext.shared isa=arm64 vmSafeMode=false debuggable=false target-filter=speed oatDir = null sharedLibraries=null
11-14 03:06:03.109  3881  3881 I dex2oat : /system/bin/dex2oat --compiler-filter=speed
11-14 03:06:03.173  3881  3881 I dex2oat : dex2oat took 64.163ms (threads: 8) arena alloc=78KB (79992B) java alloc=55KB (57056B) native alloc=890KB (911928B) free=2MB (2233800B)
11-14 03:06:03.175  3611  3611 I PackageManager.DexOptimizer: Running dexopt (dex2oat) on: /system/priv-app/Telecom/Telecom.apk pkg=com.android.server.telecom isa=arm64 vmSafeMode=false debuggable=false target-filter=speed oatDir = null sharedLibraries=null
11-14 03:06:03.191  3890  3890 I dex2oat : /system/bin/dex2oat --compiler-filter=speed
11-14 03:06:03.572  3890  3890 I dex2oat : dex2oat took 380.961ms (threads: 8) arena alloc=4MB (4379376B) java alloc=1028KB (1053600B) native alloc=4MB (4213192B) free=7MB (7845432B)
11-14 03:06:03.576  3611  3611 I PackageManager.DexOptimizer: Running dexopt (dex2oat) on: /system/priv-app/Dialer/Dialer.apk pkg=com.android.dialer isa=arm64 vmSafeMode=false debuggable=false target-filter=speed oatDir = null sharedLibraries=null
11-14 03:06:03.591  3899  3899 I dex2oat : /system/bin/dex2oat --compiler-filter=speed
11-14 03:06:03.789  3899  3907 W dex2oat : Before Android 4.1, method android.graphics.PorterDuffColorFilter android.support.graphics.drawable.VectorDrawableCompat.updateTintFilter(android.graphics.PorterDuffColorFilter, android.content.res.ColorStateList, android.graphics.PorterDuff$Mode) would have incorrectly overridden the package-private method in android.graphics.drawable.Drawable
11-14 03:06:03.802  3899  3904 W dex2oat : Before Android 4.1, method int android.support.v7.widget.ListViewCompat.lookForSelectablePosition(int, boolean) would have incorrectly overridden the package-private method in android.widget.ListView
11-14 03:06:05.096  3899  3899 I dex2oat : dex2oat took 1.504s (threads: 8) arena alloc=4MB (4315048B) java alloc=5MB (6098984B) native alloc=15MB (16178920B) free=7MB (7938328B)
11-14 03:06:05.101  3611  3611 I PackageManager.DexOptimizer: Running dexopt (dex2oat) on: /system/priv-app/ExtServices/ExtServices.apk pkg=android.ext.services isa=arm64 vmSafeMode=false debuggable=false target-filter=speed oatDir = null sharedLibraries=null
11-14 03:06:05.117  3909  3909 I dex2oat : /system/bin/dex2oat --compiler-filter=speed
11-14 03:06:05.191  3909  3909 I dex2oat : dex2oat took 74.439ms (threads: 8) arena alloc=339KB (347160B) java alloc=80KB (81984B) native alloc=1099KB (1125936B) free=3MB (3592656B)
11-14 03:06:05.193  3611  3611 I PackageManager.DexOptimizer: Running dexopt (dex2oat) on: /system/priv-app/CMSettingsProvider/CMSettingsProvider.apk pkg=org.cyanogenmod.cmsettings isa=arm64 vmSafeMode=false debuggable=false target-filter=speed oatDir = null sharedLibraries=null
11-14 03:06:05.209  3918  3918 I dex2oat : /system/bin/dex2oat --compiler-filter=speed
11-14 03:06:05.316  3918  3918 I dex2oat : dex2oat took 107.412ms (threads: 8) arena alloc=1903KB (1949440B) java alloc=240KB (246240B) native alloc=1729KB (1771488B) free=4MB (4519968B)
11-14 03:06:05.319  3611  3611 I PackageManager.DexOptimizer: Running dexopt (dex2oat) on: /system/priv-app/PackageInstaller/PackageInstaller.apk pkg=com.android.packageinstaller isa=arm64 vmSafeMode=false debuggable=false target-filter=speed oatDir = null sharedLibraries=null
11-14 03:06:05.335  3927  3927 I dex2oat : /system/bin/dex2oat --compiler-filter=speed
11-14 03:06:05.432  3927  3931 W dex2oat : Before Android 4.1, method android.graphics.PorterDuffColorFilter android.support.graphics.drawable.VectorDrawableCompat.updateTintFilter(android.graphics.PorterDuffColorFilter, android.content.res.ColorStateList, android.graphics.PorterDuff$Mode) would have incorrectly overridden the package-private method in android.graphics.drawable.Drawable
11-14 03:06:05.449  3927  3927 W dex2oat : Before Android 4.1, method int android.support.v7.widget.ListViewCompat.lookForSelectablePosition(int, boolean) would have incorrectly overridden the package-private method in android.widget.ListView
11-14 03:06:06.037  3927  3927 I dex2oat : dex2oat took 702.676ms (threads: 8) arena alloc=3MB (3764304B) java alloc=3MB (3969616B) native alloc=6MB (7090624B) free=6MB (7065152B)
11-14 03:06:06.041  3611  3611 I PackageManager.DexOptimizer: Running dexopt (dex2oat) on: /system/priv-app/ProxyHandler/ProxyHandler.apk pkg=com.android.proxyhandler isa=arm64 vmSafeMode=false debuggable=false target-filter=speed oatDir = null sharedLibraries=null
11-14 03:06:06.057  3936  3936 I dex2oat : /system/bin/dex2oat --compiler-filter=speed
11-14 03:06:06.136  3936  3936 I dex2oat : dex2oat took 79.000ms (threads: 8) arena alloc=1264KB (1294936B) java alloc=109KB (112576B) native alloc=1181KB (1210296B) free=3MB (3508296B)
