--------- beginning of system
09-15 22:17:04.308  3076  3076 I vold    : Vold 3.0 (the awakening) firing up
09-15 22:17:04.308  3076  3076 V vold    : Detected support for: exfat ext4 f2fs ntfs vfat
09-15 22:17:04.310  3076  3076 W Vold    : Tearing down stale mount /mnt/secure/asec
09-15 22:17:04.324  3076  3076 W Vold    : Tearing down stale mount /mnt/secure
09-15 22:17:04.348  3076  3088 V vold    : /system/bin/sgdisk
09-15 22:17:04.348  3076  3088 V vold    :     --android-dump
09-15 22:17:04.348  3076  3088 V vold    :     /dev/block/vold/disk:179_0
09-15 22:17:04.356  3076  3146 D vold    : e4crypt_init_user0
09-15 22:17:04.357  3076  3146 D vold    : e4crypt_prepare_user_storage for volume null, user 0, serial 0, flags 1
09-15 22:17:04.357  3076  3146 D vold    : Preparing: /data/system/users/0
09-15 22:17:04.357  3076  3146 D vold    : Preparing: /data/misc/profiles/cur/0
09-15 22:17:04.357  3076  3146 D vold    : Preparing: /data/misc/profiles/cur/0/foreign-dex
09-15 22:17:04.357  3076  3146 D vold    : Preparing: /data/system_de/0
09-15 22:17:04.357  3076  3146 D vold    : Preparing: /data/misc_de/0
09-15 22:17:04.357  3076  3146 D vold    : Preparing: /data/user_de/0
09-15 22:17:04.357  3076  3146 D vold    : e4crypt_unlock_user_key 0 serial=0 token_present=0
09-15 22:17:04.357  3076  3146 E vold    : Failed to chmod /data/system_ce/0: No such file or directory
09-15 22:17:04.357  3076  3146 E vold    : Failed to chmod /data/misc_ce/0: No such file or directory
09-15 22:17:04.359  3076  3088 V vold    : DISK mbr
09-15 22:17:04.359  3076  3088 V vold    : 
09-15 22:17:04.359  3076  3088 V vold    : PART 1 c
09-15 22:17:04.359  3076  3088 V vold    : 
09-15 22:17:10.951  3580  3580 I InstallerConnection: connecting...
09-15 22:17:15.880  3580  3580 I InstallerConnection: disconnecting...
09-15 22:17:15.909  3580  3580 I SystemServer: Entered the Android system server!
09-15 22:17:15.930  3580  3580 I SystemServiceManager: Starting com.android.server.pm.Installer
09-15 22:17:15.930  3580  3580 I Installer: Waiting for installd to be ready.
09-15 22:17:15.930  3580  3580 I InstallerConnection: connecting...
09-15 22:17:15.931  3580  3580 I SystemServiceManager: Starting com.android.server.am.ActivityManagerService$Lifecycle
09-15 22:17:15.939  3580  3580 I ActivityManager: Memory class: 256
09-15 22:17:15.940  3580  3682 I ServiceThread: Enabled StrictMode logging for ActivityManager looper.
09-15 22:17:15.941  3580  3683 I ServiceThread: Enabled StrictMode logging for android.ui looper.
09-15 22:17:15.977  3580  3580 D BatteryStatsImpl: Reading daily items from /data/system/batterystats-daily.xml
09-15 22:17:16.009  3580  3580 I AppOps  : No existing app ops /data/system/appops.xml; starting empty
09-15 22:17:16.096  3580  3580 I IntentFirewall: Read new rules (A:0 B:0 S:0)
09-15 22:17:16.100  3580  3689 I ServiceThread: Enabled StrictMode logging for android.display looper.
09-15 22:17:16.110  3580  3580 D AppOps  : AppOpsService published
09-15 22:17:16.110  3580  3580 I SystemServiceManager: Starting com.android.server.power.PowerManagerService
09-15 22:17:16.112  3580  3691 I ServiceThread: Enabled StrictMode logging for PowerManagerService looper.
09-15 22:17:16.116  3580  3580 I SystemServiceManager: Starting com.android.server.lights.LightsService
09-15 22:17:16.117  3580  3580 I SystemServiceManager: Starting com.android.server.display.DisplayManagerService
09-15 22:17:16.120  3580  3580 I SystemServiceManager: Starting phase 100
09-15 22:17:16.120  3580  3689 W LocalDisplayAdapter: Unable to get active color mode for display device 0
09-15 22:17:16.121  3580  3689 E LocalDisplayAdapter: Default and active color mode is no longer available! Reverting to first available mode.
09-15 22:17:16.122  3580  3689 I DisplayManagerService: Display device added: DisplayDeviceInfo{"Built-in Screen": uniqueId="local:0", 1440 x 2960, modeId 1, defaultModeId 1, supportedModes [{id=1, width=1440, height=2960, fps=60.000004}], colorMode -22, supportedColorModes [-22], HdrCapabilities android.view.Display$HdrCapabilities@a69d6308, density 560, 522.514 x 525.762 dpi, appVsyncOff 1000000, presDeadline 16666666, touch INTERNAL, rotation 0, type BUILT_IN, state UNKNOWN, FLAG_DEFAULT_DISPLAY, FLAG_ROTATES_WITH_CONTENT, FLAG_SECURE, FLAG_SUPPORTS_PROTECTED_BUFFERS}
09-15 22:17:16.136  3580  3689 I DisplayManagerService: Display device changed state: "Built-in Screen", ON
09-15 22:17:16.137  3580  3580 I SystemServer: StartPackageManagerService
09-15 22:17:16.141  3580  3580 W FileUtils: Failed to chmod(/data/system/packages.list): android.system.ErrnoException: chmod failed: ENOENT (No such file or directory)
09-15 22:17:16.270  3580  3580 D SELinuxMMAC: Using policy file /system/etc/security/mac_permissions.xml
09-15 22:17:16.277  3580  3580 I PackageManager: No settings file; creating initial state
09-15 22:17:17.152  3580  3580 W PackageManager: Library not found: /system/framework/org.apache.http.legacy.jar
09-15 22:17:17.662  3580  3580 W PackageManager: Library not found: /system/framework/org.apache.http.legacy.jar
09-15 22:17:17.818  3580  3841 I PackageManager: /system/framework/org.cyanogenmod.platform-res.apk changed; collecting certs
09-15 22:17:17.831  3580  3841 W PackageManager: Permission cyanogenmod.permission.WRITE_ALARMS from package cyanogenmod.platform in an unknown group android.permission-group.SYSTEM_CLOCK
09-15 22:17:17.831  3580  3841 W PackageManager: Permission cyanogenmod.permission.MANAGE_ALARMS from package cyanogenmod.platform in an unknown group android.permission-group.SYSTEM_CLOCK
09-15 22:17:17.831  3580  3841 W PackageManager: Permission cyanogenmod.permission.READ_ALARMS from package cyanogenmod.platform in an unknown group android.permission-group.SYSTEM_CLOCK
09-15 22:17:17.882  3580  3840 I PackageManager: /system/framework/framework-res.apk changed; collecting certs
09-15 22:17:17.988  3580  3844 I PackageManager: /system/priv-app/BlockedNumberProvider changed; collecting certs
09-15 22:17:17.989  3580  3840 I PackageManager: /system/priv-app/CMSettingsProvider changed; collecting certs
09-15 22:17:17.989  3580  3843 I PackageManager: /system/priv-app/BackupRestoreConfirmation changed; collecting certs
09-15 22:17:17.990  3580  3842 I PackageManager: /system/priv-app/AudioFX changed; collecting certs
09-15 22:17:17.998  3580  3845 I PackageManager: /system/priv-app/CMAudioService changed; collecting certs
09-15 22:17:18.001  3580  3843 I PackageManager: /system/priv-app/CarrierConfig changed; collecting certs
09-15 22:17:18.004  3580  3844 I PackageManager: /system/priv-app/CalendarProvider changed; collecting certs
09-15 22:17:18.008  3580  3840 I PackageManager: /system/priv-app/CallLogBackup changed; collecting certs
09-15 22:17:18.013  3580  3842 I PackageManager: /system/priv-app/CellBroadcastReceiver changed; collecting certs
09-15 22:17:18.014  3580  3841 I PackageManager: /system/priv-app/CMParts changed; collecting certs
09-15 22:17:18.019  3580  3840 I PackageManager: /system/priv-app/DefaultContainerService changed; collecting certs
09-15 22:17:18.023  3580  3843 I PackageManager: /system/priv-app/ContactsProvider changed; collecting certs
09-15 22:17:18.030  3580  3844 I PackageManager: /system/priv-app/CtsShimPrivPrebuilt changed; collecting certs
09-15 22:17:18.037  3580  3845 W PackageParser: No actions in intent filter at /system/priv-app/Contacts/Contacts.apk Binary XML file line #431
09-15 22:17:18.043  3580  3845 I PackageManager: /system/priv-app/Contacts changed; collecting certs
09-15 22:17:18.045  3580  3842 I PackageManager: /system/priv-app/DownloadProvider changed; collecting certs
09-15 22:17:18.047  3580  3843 I PackageManager: /system/priv-app/DocumentsUI changed; collecting certs
09-15 22:17:18.054  3580  3842 W PackageManager: Permission android.permission.DOWNLOAD_WITHOUT_NOTIFICATION from package com.android.providers.downloads in an unknown group android.permission-group.NETWORK
09-15 22:17:18.056  3580  3841 I PackageManager: /system/priv-app/Eleven changed; collecting certs
09-15 22:17:18.066  3580  3842 I PackageManager: /system/priv-app/ExtServices changed; collecting certs
09-15 22:17:18.068  3580  3844 I PackageManager: /system/priv-app/EmergencyInfo changed; collecting certs
09-15 22:17:18.068  3580  3840 W PackageParser: No actions in intent filter at /system/priv-app/Dialer/Dialer.apk Binary XML file line #207
09-15 22:17:18.077  3580  3843 I PackageManager: /system/priv-app/ExternalStorageProvider changed; collecting certs
09-15 22:17:18.077  3580  3840 I PackageManager: /system/priv-app/Dialer changed; collecting certs
09-15 22:17:18.085  3580  3842 I PackageManager: /system/priv-app/FusedLocation changed; collecting certs
09-15 22:17:18.096  3580  3843 I PackageManager: /system/priv-app/InputDevices changed; collecting certs
09-15 22:17:18.101  3580  3842 I PackageManager: /system/priv-app/MediaProvider changed; collecting certs
09-15 22:17:18.106  3580  3841 I PackageManager: /system/priv-app/ManagedProvisioning changed; collecting certs
09-15 22:17:18.112  3580  3844 I PackageManager: /system/priv-app/LineageSetupWizard changed; collecting certs
09-15 22:17:18.115  3580  3843 I PackageManager: /system/priv-app/MmsService changed; collecting certs
09-15 22:17:18.121  3580  3841 I PackageManager: /system/priv-app/OneTimeInitializer changed; collecting certs
09-15 22:17:18.122  3580  3842 I PackageManager: /system/priv-app/MtpDocumentsProvider changed; collecting certs
09-15 22:17:18.124  3580  3845 I PackageManager: /system/priv-app/Gallery2 changed; collecting certs
09-15 22:17:18.133  3580  3843 I PackageManager: /system/priv-app/ProxyHandler changed; collecting certs
09-15 22:17:18.142  3580  3842 I PackageManager: /system/priv-app/SettingsProvider changed; collecting certs
09-15 22:17:18.143  3580  3841 I PackageManager: /system/priv-app/Recorder changed; collecting certs
09-15 22:17:18.146  3580  3843 I PackageManager: /system/priv-app/SharedStorageBackup changed; collecting certs
09-15 22:17:18.153  3580  3840 I PackageManager: /system/priv-app/PackageInstaller changed; collecting certs
09-15 22:17:18.157  3580  3843 I PackageManager: /system/priv-app/StatementService changed; collecting certs
09-15 22:17:18.163  3580  3842 W PackageParser: Ignoring duplicate uses-permissions/uses-permissions-sdk-m: android.permission.INSTALL_GRANT_RUNTIME_PERMISSIONS in package: com.android.shell at: Binary XML file line #102
09-15 22:17:18.167  3580  3842 I PackageManager: /system/priv-app/Shell changed; collecting certs
09-15 22:17:18.170  3580  3841 I PackageManager: /system/priv-app/StorageManager changed; collecting certs
09-15 22:17:18.174  3580  3845 I PackageManager: /system/priv-app/Tag changed; collecting certs
09-15 22:17:18.192  3580  3845 I PackageManager: /system/priv-app/TelephonyProvider changed; collecting certs
09-15 22:17:18.199  3580  3840 I PackageManager: /system/priv-app/Telecom changed; collecting certs
09-15 22:17:18.203  3580  3843 W PackageParser: Ignoring duplicate uses-permissions/uses-permissions-sdk-m: android.permission.CONFIGURE_WIFI_DISPLAY in package: com.android.systemui at: Binary XML file line #117
09-15 22:17:18.212  3580  3841 I PackageManager: /system/priv-app/Trebuchet changed; collecting certs
09-15 22:17:18.221  3580  3845 I PackageManager: /system/priv-app/Updater changed; collecting certs
09-15 22:17:18.224  3580  3843 I PackageManager: /system/priv-app/SystemUI changed; collecting certs
09-15 22:17:18.227  3580  3844 W PackageParser: Ignoring duplicate uses-permissions/uses-permissions-sdk-m: android.permission.USE_CREDENTIALS in package: com.android.settings at: Binary XML file line #56
09-15 22:17:18.228  3580  3844 W PackageParser: Ignoring duplicate uses-permissions/uses-permissions-sdk-m: android.permission.READ_SYNC_SETTINGS in package: com.android.settings at: Binary XML file line #61
09-15 22:17:18.228  3580  3844 W PackageParser: Ignoring duplicate uses-permissions/uses-permissions-sdk-m: android.permission.WRITE_SYNC_SETTINGS in package: com.android.settings at: Binary XML file line #62
09-15 22:17:18.228  3580  3841 W PackageManager: Permission com.android.launcher.permission.INSTALL_SHORTCUT from package com.cyanogenmod.trebuchet in an unknown group android.permission-group.SYSTEM_TOOLS
09-15 22:17:18.229  3580  3841 W PackageManager: Permission com.android.launcher3.permission.READ_SETTINGS from package com.cyanogenmod.trebuchet in an unknown group android.permission-group.SYSTEM_TOOLS
09-15 22:17:18.229  3580  3841 W PackageManager: Permission com.android.launcher3.permission.WRITE_SETTINGS from package com.cyanogenmod.trebuchet in an unknown group android.permission-group.SYSTEM_TOOLS
09-15 22:17:18.236  3580  3840 I PackageManager: /system/priv-app/VpnDialogs changed; collecting certs
09-15 22:17:18.239  3580  3841 I PackageManager: /system/priv-app/WallpaperCropper changed; collecting certs
09-15 22:17:18.243  3580  3842 I PackageManager: /system/priv-app/TeleService changed; collecting certs
09-15 22:17:18.249  3580  3845 I PackageManager: /system/priv-app/WeatherManagerService changed; collecting certs
09-15 22:17:18.250  3580  3840 I PackageManager: /system/priv-app/WeatherProvider changed; collecting certs
09-15 22:17:18.347  3580  3844 I PackageManager: /system/priv-app/Settings changed; collecting certs
09-15 22:17:18.444  3580  3842 I PackageManager: /system/app/BookmarkProvider changed; collecting certs
09-15 22:17:18.444  3580  3845 I PackageManager: /system/app/BasicDreams changed; collecting certs
09-15 22:17:18.447  3580  3843 I PackageManager: /system/app/BluetoothMidiService changed; collecting certs
09-15 22:17:18.448  3580  3841 I PackageManager: /system/app/AdvancedDisplay changed; collecting certs
09-15 22:17:18.458  3580  3843 I PackageManager: /system/app/CaptivePortalLogin changed; collecting certs
09-15 22:17:18.461  3580  3845 I PackageManager: /system/app/CertInstaller changed; collecting certs
09-15 22:17:18.462  3580  3840 W PackageParser: No actions in intent filter at /system/app/Bluetooth/Bluetooth.apk Binary XML file line #226
09-15 22:17:18.466  3580  3844 I PackageManager: /system/app/Calendar changed; collecting certs
09-15 22:17:18.468  3580  3840 I PackageManager: /system/app/Bluetooth changed; collecting certs
09-15 22:17:18.472  3580  3842 I PackageManager: /system/app/Camera2 changed; collecting certs
09-15 22:17:18.472  3580  3843 I PackageManager: /system/app/CtsShimPrebuilt changed; collecting certs
09-15 22:17:18.477  3580  3843 W PackageManager: Non-privileged app; cap priority to 0; package: com.android.cts.ctsshim activity: com.android.cts.ctsshim.InstallPriority origPrio: 100
09-15 22:17:18.477  3580  3843 W PackageManager: Non-privileged app; cap priority to 0; package: com.android.cts.ctsshim activity: com.android.cts.ctsshim.InstallPriority origPrio: 100
09-15 22:17:18.478  3580  3843 W PackageManager: Non-privileged app; cap priority to 0; package: com.android.cts.ctsshim activity: com.android.cts.ctsshim.InstallPriority origPrio: 100
09-15 22:17:18.478  3580  3843 W PackageManager: Non-privileged app; cap priority to 0; package: com.android.cts.ctsshim activity: com.android.cts.ctsshim.InstallPriority origPrio: 100
09-15 22:17:18.478  3580  3843 W PackageManager: Non-privileged app; cap priority to 0; package: com.android.cts.ctsshim activity: com.android.cts.ctsshim.InstallPriority origPrio: 100
09-15 22:17:18.481  3580  3844 W PackageManager: Non-privileged app; cap priority to 0; package: com.android.calendar activity: com.android.calendar.GoogleCalendarUriIntentFilter origPrio: 50
09-15 22:17:18.484  3580  3841 I PackageManager: /system/app/Development changed; collecting certs
09-15 22:17:18.488  3580  3845 W PackageParser: Ignoring duplicate uses-permissions/uses-permissions-sdk-m: android.permission.WRITE_SETTINGS in package: com.android.deskclock at: Binary XML file line #45
09-15 22:17:18.490  3580  3843 I PackageManager: /system/app/DownloadProviderUi changed; collecting certs
09-15 22:17:18.498  3580  3844 I PackageManager: /system/app/EasterEgg changed; collecting certs
09-15 22:17:18.504  3580  3845 I PackageManager: /system/app/DeskClock changed; collecting certs
09-15 22:17:18.508  3580  3841 I PackageManager: /system/app/ExactCalculator changed; collecting certs
09-15 22:17:18.508  3580  3842 I PackageManager: /system/app/ExtShared changed; collecting certs
09-15 22:17:18.515  3580  3843 I PackageManager: /system/app/Exchange2 changed; collecting certs
09-15 22:17:18.517  3580  3844 I PackageManager: /system/app/HTMLViewer changed; collecting certs
09-15 22:17:18.531  3580  3841 I PackageManager: /system/app/KeyChain changed; collecting certs
09-15 22:17:18.533  3580  3842 I PackageManager: /system/app/Jelly changed; collecting certs
09-15 22:17:18.539  3580  3845 I PackageManager: /system/app/LiveWallpapersPicker changed; collecting certs
09-15 22:17:18.543  3580  3843 I PackageManager: /system/app/LockClock changed; collecting certs
09-15 22:17:18.548  3580  3842 I PackageManager: /system/app/PacProcessor changed; collecting certs
09-15 22:17:18.554  3580  3841 W PackageParser: Ignoring duplicate uses-permissions/uses-permissions-sdk-m: android.permission.CHANGE_WIFI_STATE in package: com.android.nfc at: Binary XML file line #47
09-15 22:17:18.554  3580  3841 W PackageParser: Ignoring duplicate uses-permissions/uses-permissions-sdk-m: android.permission.ACCESS_WIFI_STATE in package: com.android.nfc at: Binary XML file line #48
09-15 22:17:18.556  3580  3844 I PackageManager: /system/app/LatinIME changed; collecting certs
09-15 22:17:18.561  3580  3842 I PackageManager: /system/app/PicoTts changed; collecting certs
09-15 22:17:18.563  3580  3840 I PackageManager: /system/app/Email changed; collecting certs
09-15 22:17:18.563  3580  3845 I PackageManager: /system/app/PhotoTable changed; collecting certs
09-15 22:17:18.566  3580  3841 I PackageManager: /system/app/NfcNci changed; collecting certs
09-15 22:17:18.571  3580  3843 I PackageManager: /system/app/PrintRecommendationService changed; collecting certs
09-15 22:17:18.583  3580  3842 I PackageManager: /system/app/PrintSpooler changed; collecting certs
09-15 22:17:18.586  3580  3843 I PackageManager: /system/app/RootPA changed; collecting certs
09-15 22:17:18.591  3580  3845 I PackageManager: /system/app/Stk changed; collecting certs
09-15 22:17:18.591  3580  3841 I PackageManager: /system/app/Profiles changed; collecting certs
09-15 22:17:18.604  3580  3840 W PackageManager: Permission com.android.email.permission.READ_ATTACHMENT from package com.android.email in an unknown group android.permission-group.MESSAGES
09-15 22:17:18.605  3580  3842 I PackageManager: /system/app/Terminal changed; collecting certs
09-15 22:17:18.605  3580  3841 I PackageManager: /system/app/WAPPushManager changed; collecting certs
09-15 22:17:18.606  3580  3845 I PackageManager: /system/app/WallpaperBackup changed; collecting certs
09-15 22:17:18.608  3580  3843 I PackageManager: /system/app/UserDictionaryProvider changed; collecting certs
09-15 22:17:18.613  3580  3845 W PackageManager: Failed to parse /system/app/mcRegistry: Missing base APK in /system/app/mcRegistry
09-15 22:17:18.615  3580  3840 I PackageManager: /system/app/WallpaperPicker changed; collecting certs
09-15 22:17:18.623  3580  3842 I PackageManager: /system/app/telresources changed; collecting certs
09-15 22:17:18.635  3580  3843 I PackageManager: /system/app/webview changed; collecting certs
09-15 22:17:18.656  3580  3845 I PackageManager: /system/app/messaging changed; collecting certs
09-15 22:17:18.985  3580  3580 E PackageManager: There should probably be exactly one setup wizard; found 0: matches=[]
09-15 22:17:18.985  3580  3580 W PackageManager: Protected action; cap priority to 0; package: com.android.cts.priv.ctsshim activity: com.android.cts.priv.ctsshim.InstallPriority origPrio: 100
09-15 22:17:18.985  3580  3580 W PackageManager: Protected action; cap priority to 0; package: com.android.cts.priv.ctsshim activity: com.android.cts.priv.ctsshim.InstallPriority origPrio: 100
09-15 22:17:18.986  3580  3580 W PackageManager: Protected action; cap priority to 0; package: com.android.cts.priv.ctsshim activity: com.android.cts.priv.ctsshim.InstallPriority origPrio: 100
09-15 22:17:18.986  3580  3580 W PackageManager: Protected action; cap priority to 0; package: com.android.cts.priv.ctsshim activity: com.android.cts.priv.ctsshim.InstallPriority origPrio: 100
09-15 22:17:18.986  3580  3580 W PackageManager: Protected action; cap priority to 0; package: com.android.packageinstaller activity: com.android.packageinstaller.PackageInstallerActivity origPrio: 1
09-15 22:17:18.986  3580  3580 W PackageManager: Package com.android.gallery3d desires unavailable shared library com.google.android.media.effects; ignoring!
09-15 22:17:18.986  3580  3580 W PackageManager: Package com.android.gallery3d desires unavailable shared library com.google.android.media.effects; ignoring!
09-15 22:17:18.987  3580  3580 I PackageManager: Adjusting ABI for com.android.providers.media to arm64-v8a (requirer=com.android.mtp, scannedPackage=null)
09-15 22:17:18.987  3580  3580 I PackageManager: Adjusting ABI for com.android.providers.downloads to arm64-v8a (requirer=com.android.mtp, scannedPackage=null)
09-15 22:17:18.988  3580  3580 I PackageManager: Adjusting ABI for com.android.providers.downloads.ui to arm64-v8a (requirer=com.android.mtp, scannedPackage=null)
09-15 22:17:18.988  3580  3580 I PackageManager: Adjusting ABI for com.android.inputdevices to arm64-v8a (requirer=android, scannedPackage=null)
09-15 22:17:18.989  3580  3580 I PackageManager: Adjusting ABI for org.cyanogenmod.cmparts to arm64-v8a (requirer=android, scannedPackage=null)
09-15 22:17:18.989  3580  3580 I PackageManager: Adjusting ABI for com.android.settings to arm64-v8a (requirer=android, scannedPackage=null)
09-15 22:17:18.989  3580  3580 I PackageManager: Adjusting ABI for org.cyanogenmod.cmsettings to arm64-v8a (requirer=android, scannedPackage=null)
09-15 22:17:18.990  3580  3580 I PackageManager: Adjusting ABI for com.android.development to arm64-v8a (requirer=android, scannedPackage=null)
09-15 22:17:18.990  3580  3580 I PackageManager: Adjusting ABI for com.cyanogenmod.settings.device to arm64-v8a (requirer=android, scannedPackage=null)
09-15 22:17:18.991  3580  3580 I PackageManager: Adjusting ABI for com.android.location.fused to arm64-v8a (requirer=android, scannedPackage=null)
09-15 22:17:18.991  3580  3580 I PackageManager: Adjusting ABI for cyanogenmod.platform to arm64-v8a (requirer=android, scannedPackage=null)
09-15 22:17:18.991  3580  3580 I PackageManager: Adjusting ABI for com.cyanogenmod.setupwizard to arm64-v8a (requirer=android, scannedPackage=null)
09-15 22:17:18.992  3580  3580 I PackageManager: Adjusting ABI for com.android.wallpaperbackup to arm64-v8a (requirer=android, scannedPackage=null)
09-15 22:17:18.992  3580  3580 I PackageManager: Adjusting ABI for com.android.server.telecom to arm64-v8a (requirer=android, scannedPackage=null)
09-15 22:17:18.993  3580  3580 I PackageManager: Adjusting ABI for com.android.keychain to arm64-v8a (requirer=android, scannedPackage=null)
09-15 22:17:18.993  3580  3580 I PackageManager: Adjusting ABI for com.android.providers.settings to arm64-v8a (requirer=android, scannedPackage=null)
09-15 22:17:18.994  3580  3580 I PackageManager: Time to scan packages: 2.712 seconds
09-15 22:17:18.997  3580  3580 W PackageManager: Unknown permission com.google.android.googleapps.permission.GOOGLE_AUTH in package com.android.providers.calendar
09-15 22:17:18.997  3580  3580 W PackageManager: Unknown permission com.google.android.googleapps.permission.GOOGLE_AUTH.cl in package com.android.providers.calendar
09-15 22:17:19.002  3580  3580 W PackageManager: Unknown permission cyanogenmod.permission.LEGALESE in package com.cyanogenmod.setupwizard
09-15 22:17:19.005  3580  3580 W PackageManager: Unknown permission com.android.gallery3d.permission.STORAGE_CHANGE in package com.android.camera2
09-15 22:17:19.006  3580  3580 W PackageManager: Unknown permission android.permission.NFC_UNLOCK in package com.android.nfc
09-15 22:17:19.010  3580  3580 W PackageManager: Unknown permission com.google.android.googleapps.permission.GOOGLE_AUTH.mail in package com.android.calendar
09-15 22:17:19.011  3580  3580 W PackageManager: Unknown permission com.android.launcher.permission.READ_SETTINGS in package com.android.onetimeinitializer
09-15 22:17:19.011  3580  3580 W PackageManager: Unknown permission com.android.launcher.permission.WRITE_SETTINGS in package com.android.onetimeinitializer
09-15 22:17:19.017  3580  3580 W PackageManager: Unknown permission com.android.launcher.permission.READ_SETTINGS in package com.cyanogenmod.trebuchet
09-15 22:17:19.017  3580  3580 W PackageManager: Unknown permission com.android.launcher.permission.WRITE_SETTINGS in package com.cyanogenmod.trebuchet
09-15 22:17:19.018  3580  3580 W PackageManager: Unknown permission com.google.android.permission.INSTALL_WEARABLE_PACKAGES in package com.android.packageinstaller
09-15 22:17:19.018  3580  3580 W PackageManager: Not granting permission android.permission.DELETE_PACKAGES to package com.svox.pico (protectionLevel=18 flags=0x3808be45)
09-15 22:17:19.021  3580  3580 W PackageManager: Unknown permission com.google.android.gallery3d.permission.PICASA_STORE in package com.android.dreams.phototable
09-15 22:17:19.022  3580  3580 W PackageManager: Unknown permission com.google.android.googleapps.permission.GOOGLE_AUTH in package com.android.settings
09-15 22:17:19.023  3580  3580 W PackageManager: Unknown permission com.android.launcher.permission.READ_SETTINGS in package com.android.settings
09-15 22:17:19.023  3580  3580 W PackageManager: Unknown permission com.android.launcher.permission.WRITE_SETTINGS in package com.android.settings
09-15 22:17:19.036  3580  3580 W PackageManager: Not granting permission android.permission.MANAGE_DOCUMENTS to package com.android.deskclock (protectionLevel=2 flags=0x3c49be45)
09-15 22:17:19.036  3580  3580 W PackageManager: Unknown permission com.android.deskclock.worldclock.permissions.WRITE_DATABASE in package com.android.deskclock
09-15 22:17:19.036  3580  3580 W PackageManager: Unknown permission org.codeaurora.permission.POWER_ON_ALERT in package com.android.deskclock
09-15 22:17:19.036  3580  3580 W PackageManager: Not granting permission android.permission.WRITE_SECURE_SETTINGS to package com.android.deskclock (protectionLevel=50 flags=0x3c49be45)
09-15 22:17:19.042  3580  3580 W PackageManager: Unknown permission com.cyanogenmod.lockclock.permission.READ_WEATHER in package com.android.systemui
09-15 22:17:19.046  3580  3580 W PackageManager: Unknown permission com.google.android.gallery3d.permission.GALLERY_PROVIDER in package com.android.bluetooth
09-15 22:17:19.048  3580  3580 W PackageManager: Unknown permission com.google.android.googleapps.permission.ACCESS_GOOGLE_PASSWORD in package com.android.development
09-15 22:17:19.048  3580  3580 W PackageManager: Unknown permission com.google.android.googleapps.permission.GOOGLE_AUTH in package com.android.development
09-15 22:17:19.048  3580  3580 W PackageManager: Unknown permission com.google.android.googleapps.permission.GOOGLE_AUTH.ALL_SERVICES in package com.android.development
09-15 22:17:19.048  3580  3580 W PackageManager: Unknown permission com.google.android.googleapps.permission.GOOGLE_AUTH.YouTubeUser in package com.android.development
09-15 22:17:19.049  3580  3580 V PackageManager: reconcileAppsData for null u0 0x3
09-15 22:17:19.184  3580  3580 V PackageManager: reconcileAppsData finished 93 packages
09-15 22:17:19.185  3580  3580 V PackageManager: Disabling com.google.android.gsf/com.google.android.gsf.update.SystemUpdateActivity
09-15 22:17:19.185  3580  3580 W PackageManager: Unable to disable com.google.android.gsf/com.google.android.gsf.update.SystemUpdateActivity
09-15 22:17:19.185  3580  3580 V PackageManager: Disabling com.google.android.gsf/com.google.android.gsf.update.SystemUpdateService$Receiver
09-15 22:17:19.185  3580  3580 W PackageManager: Unable to disable com.google.android.gsf/com.google.android.gsf.update.SystemUpdateService$Receiver
09-15 22:17:19.185  3580  3580 V PackageManager: Disabling com.google.android.gsf/com.google.android.gsf.update.SystemUpdateService$SecretCodeReceiver
09-15 22:17:19.185  3580  3580 W PackageManager: Unable to disable com.google.android.gsf/com.google.android.gsf.update.SystemUpdateService$SecretCodeReceiver
09-15 22:17:19.185  3580  3580 V PackageManager: Disabling com.google.android.gsf/com.google.android.gsf.update.SystemUpdateServiceReceiver
09-15 22:17:19.185  3580  3580 W PackageManager: Unable to disable com.google.android.gsf/com.google.android.gsf.update.SystemUpdateServiceReceiver
09-15 22:17:19.186  3580  3580 V PackageManager: Disabling com.google.android.gms/com.google.android.gms.update.SystemUpdateActivity
09-15 22:17:19.186  3580  3580 W PackageManager: Unable to disable com.google.android.gms/com.google.android.gms.update.SystemUpdateActivity
09-15 22:17:19.186  3580  3580 V PackageManager: Disabling com.google.android.gms/com.google.android.gms.update.SystemUpdateService$Receiver
09-15 22:17:19.186  3580  3580 W PackageManager: Unable to disable com.google.android.gms/com.google.android.gms.update.SystemUpdateService$Receiver
09-15 22:17:19.186  3580  3580 V PackageManager: Disabling com.google.android.gms/com.google.android.gms.update.SystemUpdateService$ActiveReceiver
09-15 22:17:19.186  3580  3580 W PackageManager: Unable to disable com.google.android.gms/com.google.android.gms.update.SystemUpdateService$ActiveReceiver
09-15 22:17:19.186  3580  3580 V PackageManager: Disabling com.google.android.gms/com.google.android.gms.update.SystemUpdateService$SecretCodeReceiver
09-15 22:17:19.186  3580  3580 W PackageManager: Unable to disable com.google.android.gms/com.google.android.gms.update.SystemUpdateService$SecretCodeReceiver
09-15 22:17:19.186  3580  3580 V PackageManager: Disabling com.google.android.gms/com.google.android.gms.update.SystemUpdateServiceReceiver
09-15 22:17:19.187  3580  3580 W PackageManager: Unable to disable com.google.android.gms/com.google.android.gms.update.SystemUpdateServiceReceiver
09-15 22:17:19.187  3580  3580 V PackageManager: Enabling com.google.android.gsf/com.google.android.gsf.update.SystemUpdateService
09-15 22:17:19.187  3580  3580 W PackageManager: Unable to enable com.google.android.gsf/com.google.android.gsf.update.SystemUpdateService
09-15 22:17:19.187  3580  3580 V PackageManager: Enabling com.google.android.gms/com.google.android.gms.update.SystemUpdateService
09-15 22:17:19.187  3580  3580 W PackageManager: Unable to enable com.google.android.gms/com.google.android.gms.update.SystemUpdateService
09-15 22:17:28.565  3580  3580 D PackageManager: Ephemeral resolver NOT found; no matching intent filters
09-15 22:17:28.565  3580  3580 I PackageManager: Ephemeral deactivated; missing resolver and installer
09-15 22:17:28.589  3580  3580 I SystemServer: StartOtaDexOptService
09-15 22:17:28.591  3580  3580 I SystemServer: StartUserManagerService
09-15 22:17:28.591  3580  3580 I SystemServiceManager: Starting com.android.server.pm.UserManagerService$LifeCycle
09-15 22:17:28.604  3580  3580 I SystemServiceManager: Starting com.android.server.BatteryService
09-15 22:17:28.609  3580  3580 I SystemServiceManager: Starting com.android.server.usage.UsageStatsService
09-15 22:17:28.624  3580  3580 I SystemServiceManager: Starting com.android.server.webkit.WebViewUpdateService
09-15 22:17:28.628  3580  3580 I SystemServer: Reading configuration...
09-15 22:17:28.628  3580  3580 I SystemServer: StartSchedulingPolicyService
09-15 22:17:28.629  3580  3580 I SystemServiceManager: Starting com.android.server.telecom.TelecomLoaderService
09-15 22:17:28.629  3580  3580 I SystemServer: StartTelephonyRegistry
09-15 22:17:28.632  3580  3580 I SystemServer: StartEntropyMixer
09-15 22:17:28.633  3580  3580 W EntropyMixer: No existing entropy file -- first boot?
09-15 22:17:28.652  3580  3580 I EntropyMixer: Added HW RNG output to entropy pool
09-15 22:17:28.652  3580  3580 I EntropyMixer: Writing entropy...
09-15 22:17:28.675  3580  3580 I SystemServer: Camera Service
09-15 22:17:28.676  3580  3580 I SystemServiceManager: Starting com.android.server.camera.CameraService
09-15 22:17:28.677  3580  4025 I ServiceThread: Enabled StrictMode logging for CameraService_proxy looper.
09-15 22:17:28.678  3580  3580 I SystemServer: StartAccountManagerService
09-15 22:17:28.678  3580  3580 I SystemServiceManager: Starting com.android.server.accounts.AccountManagerService$Lifecycle
09-15 22:17:28.685  3580  3580 I SystemServer: StartContentService
09-15 22:17:28.685  3580  3580 I SystemServiceManager: Starting com.android.server.content.ContentService$Lifecycle
09-15 22:17:28.687  3580  3580 I SystemServer: InstallSystemProviders
09-15 22:17:28.743  3580  3580 D ActivityThread: Loading provider settings: com.android.providers.settings.SettingsProvider
09-15 22:17:28.842  3580  3580 I SettingsState: No settings state /data/system/users/0/settings_system.xml
09-15 22:17:28.858  3580  3580 I SettingsState: No settings state /data/system/users/0/settings_secure.xml
09-15 22:17:28.861  3580  3580 D SettingsProvider: Generated and saved new ANDROID_ID [4d9f27ef92985711] for user 0
09-15 22:17:28.876  3580  3580 I SettingsState: No settings state /data/system/users/0/settings_global.xml
09-15 22:17:28.930  3580  3580 I SystemServer: StartVibratorService
09-15 22:17:28.934  3580  3580 I SystemServer: StartConsumerIrService
09-15 22:17:28.937  3580  3580 I SystemServer: StartAlarmManagerService
09-15 22:17:28.937  3580  3580 I SystemServiceManager: Starting com.android.server.AlarmManagerService
09-15 22:17:28.942  3580  3580 I SystemServer: InitWatchdog
09-15 22:17:28.943  3580  3580 I SystemServer: StartInputManagerService
09-15 22:17:28.943  3580  3580 I InputManager: Initializing input manager, mUseDevInputEventForAudioJack=false
09-15 22:17:28.944  3580  3580 I SystemServer: StartWindowManagerService
09-15 22:17:28.953  3580  3689 I WindowManager: No existing display settings /data/system/display_settings.xml; starting empty
09-15 22:17:29.043  3580  3580 I SystemServer: StartVrManagerService
09-15 22:17:29.043  3580  3580 I SystemServiceManager: Starting com.android.server.vr.VrManagerService
09-15 22:17:29.046  3580  3580 I InputManager: Starting input manager
09-15 22:17:29.052  3580  3580 I SystemServiceManager: Starting com.android.server.BluetoothService
09-15 22:17:29.054  3580  3580 D BluetoothManagerService: Loading stored name and address
09-15 22:17:29.054  3580  3580 D BluetoothManagerService: Stored bluetooth Name=null,Address=null
09-15 22:17:29.054  3580  3580 D BluetoothManagerService: Bluetooth persisted state: 0
09-15 22:17:29.054  3580  3580 I SystemServer: ConnectivityMetricsLoggerService
09-15 22:17:29.054  3580  3580 I SystemServiceManager: Starting com.android.server.connectivity.MetricsLoggerService
09-15 22:17:29.055  3580  3580 I SystemServer: IpConnectivityMetrics
09-15 22:17:29.055  3580  3580 I SystemServiceManager: Starting com.android.server.connectivity.IpConnectivityMetrics
09-15 22:17:29.056  3580  3580 I SystemServer: PinnerService
09-15 22:17:29.056  3580  3580 I SystemServiceManager: Starting com.android.server.PinnerService
09-15 22:17:29.057  3580  3580 I SystemServiceManager: Starting com.android.server.InputMethodManagerService$Lifecycle
09-15 22:17:29.206  3580  3580 W InputMethodManagerService: No IME selected. Choose the most applicable IME.
09-15 22:17:29.212  3580  3580 I InputMethodManagerService: Default found, using com.android.inputmethod.latin/.LatinIME
09-15 22:17:29.213  3580  3580 I SystemServer: StartAccessibilityManagerService
09-15 22:17:29.438  3580  3580 I ActivityManager: Config changes=1df8 {1.0 ?mcc?mnc [en_US] ldltr sw411dp w411dp h845dp 560dpi nrml long port ?uimode ?night -touch -keyb/h/h -nav/h s.2}
09-15 22:17:29.440  3580  3681 I UsageStatsDatabase: Upgrading from version 0 to 3
09-15 22:17:29.440  3580  3681 I UsageStatsDatabase: Deleting all usage stats files
09-15 22:17:29.443  3580  3681 I UsageStatsService: User[0] Rollover scheduled @ 2017-09-17 01:17:29(1505611049438)
09-15 22:17:29.443  3580  3681 D UsageStatsService: Initializing defaults for system apps on user 0
09-15 22:17:29.462  3580  3681 E AppIdleHistory: Unable to read app idle file for user 0
09-15 22:17:29.462  3580  3689 I ActivityManager: Config changes=400 {1.0 ?mcc?mnc [en_US] ldltr sw411dp w411dp h773dp 560dpi nrml long port ?uimode ?night -touch -keyb/h/h -nav/h s.3}
09-15 22:17:29.468  3580  3689 W LocalDisplayAdapter: Unable to find color mode 0, ignoring request.
09-15 22:17:29.469  3580  3580 W LocalDisplayAdapter: Unable to find color mode 0, ignoring request.
09-15 22:17:29.470  3580  3580 I SystemServiceManager: Starting com.android.server.MountService$Lifecycle
09-15 22:17:29.478  3580  4033 D MountService: Thinking about init, mSystemReady=false, mDaemonConnected=true
09-15 22:17:29.478  3580  3580 I SystemServiceManager: Starting com.android.server.UiModeManagerService
09-15 22:17:29.478  3580  4033 D MountService: Thinking about reset, mSystemReady=false, mDaemonConnected=true
09-15 22:17:29.478  3580  4033 D MountService: Thinking about init, mSystemReady=false, mDaemonConnected=true
09-15 22:17:29.478  3580  4033 D MountService: Thinking about reset, mSystemReady=false, mDaemonConnected=true
09-15 22:17:29.479  3580  4033 D CryptdConnector: SND -> {1 cryptfs getfield SystemLocale}
09-15 22:17:29.480  3580  3580 I ActivityManager: Config changes=200 {1.0 ?mcc?mnc [en_US] ldltr sw411dp w411dp h773dp 560dpi nrml long port -touch -keyb/h/h -nav/h s.4}
09-15 22:17:29.481  3580  4035 D CryptdConnector: RCV <- {200 1 -1}
09-15 22:17:29.484  3580  4033 W MountService: No primary storage mounted!
09-15 22:17:29.484  3580  4033 D VoldConnector: SND -> {1 asec list}
09-15 22:17:29.485  3580  4034 D VoldConnector: RCV <- {200 1 asec operation succeeded}
09-15 22:17:29.488  3580  4033 W PackageManager: Unknown permission com.google.android.googleapps.permission.GOOGLE_AUTH in package com.android.providers.calendar
09-15 22:17:29.488  3580  4033 W PackageManager: Unknown permission com.google.android.googleapps.permission.GOOGLE_AUTH.cl in package com.android.providers.calendar
09-15 22:17:29.492  3580  4033 W PackageManager: Unknown permission cyanogenmod.permission.LEGALESE in package com.cyanogenmod.setupwizard
09-15 22:17:29.494  3580  4033 W PackageManager: Unknown permission com.android.gallery3d.permission.STORAGE_CHANGE in package com.android.camera2
09-15 22:17:29.494  3580  4033 W PackageManager: Unknown permission android.permission.NFC_UNLOCK in package com.android.nfc
09-15 22:17:29.497  3580  4033 W PackageManager: Unknown permission com.google.android.googleapps.permission.GOOGLE_AUTH.mail in package com.android.calendar
09-15 22:17:29.498  3580  4033 W PackageManager: Unknown permission com.android.launcher.permission.READ_SETTINGS in package com.android.onetimeinitializer
09-15 22:17:29.498  3580  4033 W PackageManager: Unknown permission com.android.launcher.permission.WRITE_SETTINGS in package com.android.onetimeinitializer
09-15 22:17:29.500  3580  4033 W PackageManager: Unknown permission com.android.launcher.permission.READ_SETTINGS in package com.cyanogenmod.trebuchet
09-15 22:17:29.500  3580  4033 W PackageManager: Unknown permission com.android.launcher.permission.WRITE_SETTINGS in package com.cyanogenmod.trebuchet
09-15 22:17:29.502  3580  4033 W PackageManager: Unknown permission com.google.android.permission.INSTALL_WEARABLE_PACKAGES in package com.android.packageinstaller
09-15 22:17:29.502  3580  4033 W PackageManager: Not granting permission android.permission.DELETE_PACKAGES to package com.svox.pico (protectionLevel=18 flags=0x3888be45)
09-15 22:17:29.504  3580  4033 W PackageManager: Unknown permission com.google.android.gallery3d.permission.PICASA_STORE in package com.android.dreams.phototable
09-15 22:17:29.505  3580  4033 W PackageManager: Unknown permission com.google.android.googleapps.permission.GOOGLE_AUTH in package com.android.settings
09-15 22:17:29.506  3580  4033 W PackageManager: Unknown permission com.android.launcher.permission.READ_SETTINGS in package com.android.settings
09-15 22:17:29.506  3580  4033 W PackageManager: Unknown permission com.android.launcher.permission.WRITE_SETTINGS in package com.android.settings
09-15 22:17:29.517  3580  4033 W PackageManager: Not granting permission android.permission.MANAGE_DOCUMENTS to package com.android.deskclock (protectionLevel=2 flags=0x3cc9be45)
09-15 22:17:29.517  3580  4033 W PackageManager: Unknown permission com.android.deskclock.worldclock.permissions.WRITE_DATABASE in package com.android.deskclock
09-15 22:17:29.517  3580  4033 W PackageManager: Unknown permission org.codeaurora.permission.POWER_ON_ALERT in package com.android.deskclock
09-15 22:17:29.517  3580  4033 W PackageManager: Not granting permission android.permission.WRITE_SECURE_SETTINGS to package com.android.deskclock (protectionLevel=50 flags=0x3cc9be45)
09-15 22:17:29.521  3580  4033 W PackageManager: Unknown permission com.cyanogenmod.lockclock.permission.READ_WEATHER in package com.android.systemui
09-15 22:17:29.523  3580  4033 W PackageManager: Unknown permission com.google.android.gallery3d.permission.GALLERY_PROVIDER in package com.android.bluetooth
09-15 22:17:29.524  3580  4033 W PackageManager: Unknown permission com.google.android.googleapps.permission.ACCESS_GOOGLE_PASSWORD in package com.android.development
09-15 22:17:29.524  3580  4033 W PackageManager: Unknown permission com.google.android.googleapps.permission.GOOGLE_AUTH in package com.android.development
09-15 22:17:29.524  3580  4033 W PackageManager: Unknown permission com.google.android.googleapps.permission.GOOGLE_AUTH.ALL_SERVICES in package com.android.development
09-15 22:17:29.524  3580  4033 W PackageManager: Unknown permission com.google.android.googleapps.permission.GOOGLE_AUTH.YouTubeUser in package com.android.development
09-15 22:17:29.781  3580  4031 I ActivityManager: Config changes=8 {1.0 ?mcc?mnc [en_US] ldltr sw411dp w411dp h773dp 560dpi nrml long port finger -keyb/h/h -nav/h s.5}
09-15 22:17:29.841  3580  4033 W MountService: No primary storage mounted!
09-15 22:17:29.842  3580  4033 D VoldConnector: SND -> {2 asec list}
09-15 22:17:29.843  3580  4034 D VoldConnector: RCV <- {200 2 asec operation succeeded}
09-15 22:17:36.160  3580  3580 W PackageManager: No disk maintenance in 1505524656160; running immediately
09-15 22:17:36.160  3580  3580 I SystemServer: StartLockSettingsService
09-15 22:17:36.160  3580  4033 I MountService: Running fstrim idle maintenance
09-15 22:17:36.160  3580  3580 I SystemServiceManager: Starting com.android.server.LockSettingsService$Lifecycle
09-15 22:17:36.160  3580  4033 D VoldConnector: SND -> {3 fstrim dotrim}
09-15 22:17:36.162  3580  4034 D VoldConnector: RCV <- {200 3 Command succeeded}
09-15 22:17:36.162  3076  4671 D vold    : Starting trim of /cache
09-15 22:17:36.174  3580  3580 I SystemServiceManager: Starting com.android.server.DeviceIdleController
09-15 22:17:36.177  3580  3580 I SystemServiceManager: Starting com.android.server.devicepolicy.DevicePolicyManagerService$Lifecycle
09-15 22:17:36.181  3580  3580 I SystemServer: StartStatusBarManagerService
09-15 22:17:36.183  3580  3580 I SystemServer: StartClipboardService
09-15 22:17:36.185  3580  3580 I SystemServer: StartNetworkManagementService
09-15 22:17:36.187  3580  4672 I NetworkManagement: onDaemonConnected()
09-15 22:17:36.190  3580  3580 I SystemServiceManager: Starting com.android.server.TextServicesManagerService$Lifecycle
09-15 22:17:36.196  3580  3580 I SystemServer: StartNetworkScoreService
09-15 22:17:36.197  3076  4671 I vold    : Trimmed 507375616 bytes on /cache in 35ms
09-15 22:17:36.197  3076  4671 D vold    : Starting trim of /data
09-15 22:17:36.197  3580  4034 D VoldConnector: RCV <- {662 /cache 507375616 35004962}
09-15 22:17:36.198  3580  3580 I SystemServer: StartNetworkStatsService
09-15 22:17:36.202  3580  3580 I SystemServer: StartNetworkPolicyManagerService
09-15 22:17:36.205  3580  3580 I SystemServer: No Wi-Fi NAN Service (NAN support Not Present)
09-15 22:17:36.205  3580  3580 I SystemServiceManager: Starting com.android.server.wifi.p2p.WifiP2pService
09-15 22:17:36.239  3580  3580 I SystemServiceManager: Starting com.android.server.wifi.WifiService
09-15 22:17:36.537  3580  3580 I SystemServiceManager: Starting com.android.server.wifi.scanner.WifiScanningService
09-15 22:17:36.540  3580  3580 I SystemServiceManager: Starting com.android.server.wifi.RttService
09-15 22:17:36.542  3580  3580 I SystemServiceManager: Starting com.android.server.ethernet.EthernetService
09-15 22:17:36.543  3580  3580 I SystemServer: StartConnectivityService
09-15 22:17:36.554  3580  3580 D ConnectivityService: ConnectivityService starting up
09-15 22:17:36.559  3580  3580 D ConnectivityService: wifiOnly=false
09-15 22:17:36.576  3580  3580 I SystemServer: StartNsdService
09-15 22:17:36.579  3580  3580 I SystemServer: StartUpdateLockService
09-15 22:17:36.580  3580  3580 I SystemServiceManager: Starting com.android.server.RecoverySystemService
09-15 22:17:36.582  3580  3580 I SystemServiceManager: Starting com.android.server.notification.NotificationManagerService
09-15 22:17:36.594  3580  3580 D ConditionProviders.SCP: new ScheduleConditionProvider()
09-15 22:17:36.621  3580  3580 D ZenLog  : set_zen_mode: off,init
09-15 22:17:36.635  3580  3580 I SystemServiceManager: Starting com.android.server.storage.DeviceStorageMonitorService
09-15 22:17:36.638  3580  3580 I SystemServer: StartLocationManagerService
09-15 22:17:36.640  3580  3580 I SystemServer: StartCountryDetectorService
09-15 22:17:36.641  3580  3580 I SystemServer: StartSearchManagerService
09-15 22:17:36.641  3580  3580 I SystemServiceManager: Starting com.android.server.search.SearchManagerService$Lifecycle
09-15 22:17:36.644  3580  3580 I SystemServiceManager: Starting com.android.server.DropBoxManagerService
09-15 22:17:36.645  3580  3580 I SystemServer: StartWallpaperManagerService
09-15 22:17:36.645  3580  3580 I SystemServiceManager: Starting com.android.server.wallpaper.WallpaperManagerService$Lifecycle
09-15 22:17:36.648  3580  3580 E WallpaperManagerService: Invalid wallpaper data
09-15 22:17:36.648  3580  3580 E WallpaperManagerService: Unable to apply new wallpaper
09-15 22:17:36.648  3580  3580 W WallpaperManagerService: no current wallpaper -- first boot?
09-15 22:17:36.649  3580  3580 I SystemServer: StartAudioService
09-15 22:17:36.649  3580  3580 I SystemServiceManager: Starting com.android.server.audio.AudioService$Lifecycle
09-15 22:17:36.694  3580  3580 I SystemServiceManager: Starting com.android.server.DockObserver
09-15 22:17:36.696  3580  3580 I SystemServer: StartWiredAccessoryManager
09-15 22:17:36.697  3580  3580 W WiredAccessoryManager: This kernel does not have usb audio support
09-15 22:17:36.698  3580  3580 I SystemServiceManager: Starting com.android.server.usb.UsbService$Lifecycle
09-15 22:17:36.701  3580  3580 E UsbDeviceManager: failed to write to /sys/class/android_usb/android0/f_rndis/ethaddr
09-15 22:17:36.718  3580  3580 I UsbDeviceManager: Setting USB config to adb
09-15 22:17:37.773  3580  3580 E UsbDeviceManager: waitForState(adb) FAILED: got none
09-15 22:17:37.773  3580  3580 E UsbDeviceManager: Failed to switch USB config to adb
09-15 22:17:37.773  3580  3580 E UsbDeviceManager: Failsafe 1: Restoring previous USB functions.
09-15 22:17:37.773  3580  3580 I UsbDeviceManager: Setting USB config to mtp,adb
09-15 22:17:37.830  3580  3580 I SystemServer: StartSerialService
09-15 22:17:37.831  3580  3580 I SystemServiceManager: Starting com.android.server.twilight.TwilightService
09-15 22:17:37.832  3580  3580 I SystemServiceManager: Starting com.android.server.job.JobSchedulerService
09-15 22:17:37.838  3580  3580 I SystemServiceManager: Starting com.android.server.soundtrigger.SoundTriggerService
09-15 22:17:37.839  3580  3580 I SystemServiceManager: Starting com.android.server.backup.BackupManagerService$Lifecycle
09-15 22:17:37.841  3580  3580 I SystemServiceManager: Starting com.android.server.appwidget.AppWidgetService
09-15 22:17:37.845  3580  3580 I SystemServiceManager: Starting com.android.server.voiceinteraction.VoiceInteractionManagerService
09-15 22:17:37.847  3580  3580 I SystemServer: Gesture Launcher Service
09-15 22:17:37.847  3580  3580 I SystemServiceManager: Starting com.android.server.GestureLauncherService
09-15 22:17:37.847  3580  3580 I SystemServiceManager: Starting com.android.server.SensorNotificationService
09-15 22:17:37.848  3580  3580 I SystemServiceManager: Starting com.android.server.ContextHubSystemService
09-15 22:17:37.849  3580  3580 I SystemServer: StartDiskStatsService
09-15 22:17:37.850  3580  3580 I SystemServer: StartSamplingProfilerService
09-15 22:17:37.878  3580  3580 I SystemServer: StartNetworkTimeUpdateService
09-15 22:17:37.879  3580  3580 I SystemServer: StartCommonTimeManagementService
09-15 22:17:37.880  3580  3580 I SystemServer: CertBlacklister
09-15 22:17:37.881  3580  3580 I SystemServiceManager: Starting com.android.server.emergency.EmergencyAffordanceService
09-15 22:17:37.882  3580  3580 I SystemServiceManager: Starting com.android.server.dreams.DreamManagerService
09-15 22:17:37.884  3580  3580 I SystemServer: StartAssetAtlasService
09-15 22:17:37.891  3580  3580 I SystemServiceManager: Starting com.android.server.print.PrintManagerService
