09-09 14:52:10.129  3589  3704 I ActivityManager: Config changes=400 {1.0 ?mcc?mnc [en_US] ldltr sw411dp w411dp h773dp 560dpi nrml long port ?uimode ?night -touch -keyb/h/h -nav/h s.3}
09-09 14:52:10.135  3589  3704 W LocalDisplayAdapter: Unable to find color mode 0, ignoring request.
09-09 14:52:10.150  3589  3589 W LocalDisplayAdapter: Unable to find color mode 0, ignoring request.
09-09 14:52:10.150  3589  3589 I SystemServiceManager: Starting com.android.server.MountService$Lifecycle
09-09 14:52:10.156  3589  3589 I SystemServiceManager: Starting com.android.server.UiModeManagerService
09-09 14:52:10.156  3589  4048 D MountService: Thinking about init, mSystemReady=false, mDaemonConnected=true
09-09 14:52:10.156  3589  4048 D MountService: Thinking about reset, mSystemReady=false, mDaemonConnected=true
09-09 14:52:10.156  3589  4048 D MountService: Thinking about init, mSystemReady=false, mDaemonConnected=true
09-09 14:52:10.156  3589  4048 D MountService: Thinking about reset, mSystemReady=false, mDaemonConnected=true
09-09 14:52:10.156  3589  4048 D CryptdConnector: SND -> {1 cryptfs getfield SystemLocale}
09-09 14:52:10.158  3589  3589 I ActivityManager: Config changes=200 {1.0 ?mcc?mnc [en_US] ldltr sw411dp w411dp h773dp 560dpi nrml long port -touch -keyb/h/h -nav/h s.4}
09-09 14:52:10.158  3589  4050 D CryptdConnector: RCV <- {200 1 -1}
09-09 14:52:10.160  3589  4047 D EventHub: No input device configuration file found for device 'ssp_context'.
09-09 14:52:10.161  3589  4048 W MountService: No primary storage mounted!
09-09 14:52:10.161  3589  4048 D VoldConnector: SND -> {1 asec list}
09-09 14:52:10.162  3589  4049 D VoldConnector: RCV <- {200 1 asec operation succeeded}
09-09 14:52:10.163  3589  4048 I PackageManager: No secure containers found
09-09 14:52:10.165  3589  4048 W PackageManager: Unknown permission com.google.android.googleapps.permission.GOOGLE_AUTH in package com.android.providers.calendar
09-09 14:52:10.165  3589  4048 W PackageManager: Unknown permission com.google.android.googleapps.permission.GOOGLE_AUTH.cl in package com.android.providers.calendar
09-09 14:52:10.169  3589  4048 W PackageManager: Unknown permission cyanogenmod.permission.LEGALESE in package com.cyanogenmod.setupwizard
09-09 14:52:10.171  3589  4048 W PackageManager: Unknown permission com.android.gallery3d.permission.STORAGE_CHANGE in package com.android.camera2
09-09 14:52:10.171  3589  4048 W PackageManager: Unknown permission android.permission.NFC_UNLOCK in package com.android.nfc
09-09 14:52:10.174  3589  4048 W PackageManager: Unknown permission com.google.android.googleapps.permission.GOOGLE_AUTH.mail in package com.android.calendar
09-09 14:52:10.175  3589  4048 W PackageManager: Unknown permission com.android.launcher.permission.READ_SETTINGS in package com.android.onetimeinitializer
09-09 14:52:10.175  3589  4048 W PackageManager: Unknown permission com.android.launcher.permission.WRITE_SETTINGS in package com.android.onetimeinitializer
09-09 14:52:10.178  3589  4048 W PackageManager: Unknown permission com.android.launcher.permission.READ_SETTINGS in package com.cyanogenmod.trebuchet
09-09 14:52:10.178  3589  4048 W PackageManager: Unknown permission com.android.launcher.permission.WRITE_SETTINGS in package com.cyanogenmod.trebuchet
09-09 14:52:10.179  3589  4048 W PackageManager: Unknown permission com.google.android.permission.INSTALL_WEARABLE_PACKAGES in package com.android.packageinstaller
09-09 14:52:10.180  3589  4048 W PackageManager: Not granting permission android.permission.DELETE_PACKAGES to package com.svox.pico (protectionLevel=18 flags=0x3888be45)
09-09 14:52:10.181  3589  4048 W PackageManager: Unknown permission com.google.android.gallery3d.permission.PICASA_STORE in package com.android.dreams.phototable
09-09 14:52:10.183  3589  4048 W PackageManager: Unknown permission com.google.android.googleapps.permission.GOOGLE_AUTH in package com.android.settings
09-09 14:52:10.184  3589  4048 W PackageManager: Unknown permission com.android.launcher.permission.READ_SETTINGS in package com.android.settings
09-09 14:52:10.184  3589  4048 W PackageManager: Unknown permission com.android.launcher.permission.WRITE_SETTINGS in package com.android.settings
09-09 14:52:10.194  3589  4048 W PackageManager: Not granting permission android.permission.MANAGE_DOCUMENTS to package com.android.deskclock (protectionLevel=2 flags=0x3cc9be45)
09-09 14:52:10.195  3589  4048 W PackageManager: Unknown permission com.android.deskclock.worldclock.permissions.WRITE_DATABASE in package com.android.deskclock
09-09 14:52:10.195  3589  4048 W PackageManager: Unknown permission org.codeaurora.permission.POWER_ON_ALERT in package com.android.deskclock
09-09 14:52:10.195  3589  4048 W PackageManager: Not granting permission android.permission.WRITE_SECURE_SETTINGS to package com.android.deskclock (protectionLevel=50 flags=0x3cc9be45)
09-09 14:52:10.199  3589  4048 W PackageManager: Unknown permission com.cyanogenmod.lockclock.permission.READ_WEATHER in package com.android.systemui
09-09 14:52:10.201  3589  4048 W PackageManager: Unknown permission com.google.android.gallery3d.permission.GALLERY_PROVIDER in package com.android.bluetooth
09-09 14:52:10.202  3589  4048 W PackageManager: Unknown permission com.google.android.googleapps.permission.ACCESS_GOOGLE_PASSWORD in package com.android.development
09-09 14:52:10.203  3589  4048 W PackageManager: Unknown permission com.google.android.googleapps.permission.GOOGLE_AUTH in package com.android.development
09-09 14:52:10.203  3589  4048 W PackageManager: Unknown permission com.google.android.googleapps.permission.GOOGLE_AUTH.ALL_SERVICES in package com.android.development
09-09 14:52:10.203  3589  4048 W PackageManager: Unknown permission com.google.android.googleapps.permission.GOOGLE_AUTH.YouTubeUser in package com.android.development
09-09 14:52:10.208  3589  4047 D EventHub: No input device configuration file found for device 'meta_event'.
09-09 14:52:10.256  3589  4047 D EventHub: No input device configuration file found for device 'interrupt_gyro_sensor'.
09-09 14:52:10.292  3589  4047 D EventHub: No input device configuration file found for device 'step_cnt_sensor'.
09-09 14:52:10.332  3589  4047 D EventHub: No input device configuration file found for device 'sig_motion_sensor'.
09-09 14:52:10.368  3589  4047 D EventHub: No input device configuration file found for device 'gesture_sensor'.
09-09 14:52:10.405  3589  4047 D EventHub: No input device configuration file found for device 'temp_humidity_sensor'.
09-09 14:52:10.452  3589  4047 D EventHub: No input device configuration file found for device 'proximity_alert_sensor'.
09-09 14:52:10.484  3589  4047 D EventHub: No input device configuration file found for device 'proximity_sensor'.
09-09 14:52:10.493  3589  3589 W art     : Long monitor contention with owner MountService (4048) at void com.android.server.pm.PackageManagerService.loadMediaPackages(android.util.ArrayMap, int[], boolean)(PackageManagerService.java:19557) waiters=0 in void com.android.server.pm.PackageManagerService.updatePackagesIfNeeded() for 329ms
09-09 14:52:10.515  3589  4048 W MountService: No primary storage defined yet; hacking together a stub
09-09 14:52:10.515  3589  4048 W MountService: No primary storage defined yet; hacking together a stub
09-09 14:52:10.516  3589  4048 W MountService: No primary storage mounted!
09-09 14:52:10.516  3589  4048 D VoldConnector: SND -> {2 asec list}
09-09 14:52:10.516  3589  4047 D EventHub: No input device configuration file found for device 'light_ir_sensor'.
09-09 14:52:10.517  3589  4049 D VoldConnector: RCV <- {200 2 asec operation succeeded}
09-09 14:52:10.524  3589  3589 I PackageManager.DexOptimizer: Running dexopt (dex2oat) on: /system/app/RootPA/RootPA.apk pkg=com.gd.mobicore.pa isa=arm64 vmSafeMode=false debuggable=false target-filter=verify-at-runtime oatDir = null sharedLibraries=null
09-09 14:52:10.540  4051  4051 I dex2oat : /system/bin/dex2oat --compiler-filter=verify-at-runtime
09-09 14:52:10.552  3589  4047 D EventHub: No input device configuration file found for device 'light_sensor'.
09-09 14:52:10.580  3168  3168 D wrapperGPS: wrapperisConnected_RILD
09-09 14:52:10.580  3168  3168 D wrapperGPS: wrapperConnect_RILD
09-09 14:52:10.581  3168  3168 D gpsd    : WakeLock(Release,GPSD)
09-09 14:52:10.588  3589  4047 D EventHub: No input device configuration file found for device 'hrm_sensor'.
09-09 14:52:10.603  4051  4051 I dex2oat : dex2oat took 63.750ms (threads: 8) arena alloc=0B (0B) java alloc=27KB (28240B) native alloc=1090KB (1116912B) free=1469KB (1504528B)
09-09 14:52:10.606  3589  3589 I PackageManager.DexOptimizer: Running dexopt (dex2oat) on: /system/priv-app/CalendarProvider/CalendarProvider.apk pkg=com.android.providers.calendar isa=arm64 vmSafeMode=false debuggable=false target-filter=verify-at-runtime oatDir = null sharedLibraries=/system/framework/android.test.runner.jar
09-09 14:52:10.621  4061  4061 I dex2oat : /system/bin/dex2oat --compiler-filter=verify-at-runtime
09-09 14:52:10.624  3589  4047 D EventHub: No input device configuration file found for device 'grip_sensor'.
09-09 14:52:10.652  3589  4047 E EventHub: could not get driver version for /dev/input/mice, Not a typewriter
09-09 14:52:10.707  3589  4047 I InputReader: Device added: id=-1, name='Virtual', sources=0x00000301
09-09 14:52:10.707  3589  4047 W InputReader: Invalid value for touch.size.calibration: 'normalized'
09-09 14:52:10.707  3589  4047 I InputReader:   Touch device 'sec_touchscreen' could not query the properties of its associated display.  The device will be inoperable until the display size becomes available.
09-09 14:52:10.707  3589  4047 I InputReader: Device added: id=5, name='sec_touchscreen', sources=0x00001103
09-09 14:52:10.707  3589  4047 I InputReader:   Touch device 'sec_touchpad' could not query the properties of its associated display.  The device will be inoperable until the display size becomes available.
09-09 14:52:10.707  3589  4047 I InputReader: Device added: id=4, name='sec_touchpad', sources=0x00002103
09-09 14:52:10.707  3589  4047 I InputReader: Device added: id=3, name='gpio_keys', sources=0x00000101
09-09 14:52:10.707  3589  4047 I InputReader: Device added: id=2, name='Headset', sources=0x00000101
09-09 14:52:10.708  3589  4047 I InputReader: Reconfiguring input devices.  changes=0x00000004
09-09 14:52:10.714  3589  4047 I InputReader: Device reconfigured: id=4, name='sec_touchpad', size 1440x2960, orientation 0, mode 4, display id 0
09-09 14:52:10.714  3589  4047 I InputReader: Device reconfigured: id=5, name='sec_touchscreen', size 1440x2960, orientation 0, mode 1, display id 0
09-09 14:52:10.715  3589  4046 I ActivityManager: Config changes=8 {1.0 ?mcc?mnc [en_US] ldltr sw411dp w411dp h773dp 560dpi nrml long port finger -keyb/h/h -nav/h s.5}
09-09 14:52:10.725  4061  4061 I dex2oat : dex2oat took 103.439ms (threads: 8) arena alloc=0B (0B) java alloc=35KB (36168B) native alloc=1141KB (1169168B) free=1930KB (1976560B)
09-09 14:52:10.727  3589  3589 I PackageManager.DexOptimizer: Running dexopt (dex2oat) on: /system/priv-app/MediaProvider/MediaProvider.apk pkg=com.android.providers.media isa=arm64 vmSafeMode=false debuggable=false target-filter=verify-at-runtime oatDir = null sharedLibraries=null
09-09 14:52:10.743  4070  4070 I dex2oat : /system/bin/dex2oat --compiler-filter=verify-at-runtime
09-09 14:52:10.808  4070  4070 I dex2oat : dex2oat took 65.361ms (threads: 8) arena alloc=0B (0B) java alloc=31KB (32216B) native alloc=1100KB (1126480B) free=1459KB (1494960B)
09-09 14:52:10.810  3589  3589 I PackageManager.DexOptimizer: Running dexopt (dex2oat) on: /system/priv-app/WallpaperCropper/WallpaperCropper.apk pkg=com.android.wallpapercropper isa=arm64 vmSafeMode=false debuggable=false target-filter=verify-at-runtime oatDir = null sharedLibraries=null
09-09 14:52:10.826  4079  4079 I dex2oat : /system/bin/dex2oat --compiler-filter=verify-at-runtime
09-09 14:52:10.901  4079  4079 I dex2oat : dex2oat took 75.832ms (threads: 8) arena alloc=0B (0B) java alloc=31KB (32216B) native alloc=1070KB (1096560B) free=1489KB (1524880B)
09-09 14:52:10.904  3589  3589 I PackageManager.DexOptimizer: Running dexopt (dex2oat) on: /system/priv-app/DocumentsUI/DocumentsUI.apk pkg=com.android.documentsui isa=arm64 vmSafeMode=false debuggable=false target-filter=verify-at-runtime oatDir = null sharedLibraries=null
09-09 14:52:10.920  4088  4088 I dex2oat : /system/bin/dex2oat --compiler-filter=verify-at-runtime
09-09 14:52:11.046  4088  4088 I dex2oat : dex2oat took 126.385ms (threads: 8) arena alloc=0B (0B) java alloc=27KB (28240B) native alloc=510KB (523120B) free=2MB (2622608B)
09-09 14:52:11.048  3589  3589 I PackageManager.DexOptimizer: Running dexopt (dex2oat) on: /system/priv-app/ExternalStorageProvider/ExternalStorageProvider.apk pkg=com.android.externalstorage isa=arm64 vmSafeMode=false debuggable=false target-filter=verify-at-runtime oatDir = null sharedLibraries=null
09-09 14:52:11.064  4097  4097 I dex2oat : /system/bin/dex2oat --compiler-filter=verify-at-runtime
09-09 14:52:11.127  4097  4097 I dex2oat : dex2oat took 63.465ms (threads: 8) arena alloc=0B (0B) java alloc=27KB (28240B) native alloc=1061KB (1087376B) free=1498KB (1534064B)
09-09 14:52:11.130  3589  3589 I PackageManager.DexOptimizer: Running dexopt (dex2oat) on: /system/app/HTMLViewer/HTMLViewer.apk pkg=com.android.htmlviewer isa=arm64 vmSafeMode=false debuggable=false target-filter=verify-at-runtime oatDir = null sharedLibraries=null
09-09 14:52:11.145  4106  4106 I dex2oat : /system/bin/dex2oat --compiler-filter=verify-at-runtime
09-09 14:52:11.167  4106  4106 I dex2oat : dex2oat took 21.567ms (threads: 8) arena alloc=0B (0B) java alloc=27KB (28240B) native alloc=878KB (899152B) free=1169KB (1198000B)
09-09 14:52:11.169  3589  3589 I PackageManager.DexOptimizer: Running dexopt (dex2oat) on: /system/priv-app/DownloadProvider/DownloadProvider.apk pkg=com.android.providers.downloads isa=arm64 vmSafeMode=false debuggable=false target-filter=verify-at-runtime oatDir = null sharedLibraries=null
09-09 14:52:11.185  4115  4115 I dex2oat : /system/bin/dex2oat --compiler-filter=verify-at-runtime
09-09 14:52:11.222  4115  4115 I dex2oat : dex2oat took 36.976ms (threads: 8) arena alloc=0B (0B) java alloc=31KB (32216B) native alloc=1142KB (1170096B) free=1417KB (1451344B)
09-09 14:52:11.224  3589  3589 I PackageManager.DexOptimizer: Running dexopt (dex2oat) on: /system/app/messaging/messaging.apk pkg=com.android.messaging isa=arm64 vmSafeMode=false debuggable=false target-filter=verify-at-runtime oatDir = null sharedLibraries=null
09-09 14:52:11.240  4124  4124 I dex2oat : /system/bin/dex2oat --compiler-filter=verify-at-runtime
09-09 14:52:11.455  4124  4124 I dex2oat : dex2oat took 215.037ms (threads: 8) arena alloc=0B (0B) java alloc=27KB (28240B) native alloc=860KB (881288B) free=2MB (2919800B)
09-09 14:52:11.458  3589  3589 I PackageManager.DexOptimizer: Running dexopt (dex2oat) on: /system/app/Terminal/Terminal.apk pkg=com.android.terminal isa=arm64 vmSafeMode=false debuggable=false target-filter=verify-at-runtime oatDir = null sharedLibraries=null
09-09 14:52:11.473  4133  4133 I dex2oat : /system/bin/dex2oat --compiler-filter=verify-at-runtime
09-09 14:52:11.594  4133  4133 I dex2oat : dex2oat took 120.846ms (threads: 8) arena alloc=0B (0B) java alloc=27KB (28240B) native alloc=488KB (500208B) free=2MB (2645520B)
09-09 14:52:11.597  3589  3589 I PackageManager.DexOptimizer: Running dexopt (dex2oat) on: /system/priv-app/AudioFX/AudioFX.apk pkg=org.cyanogenmod.audiofx isa=arm64 vmSafeMode=false debuggable=false target-filter=verify-at-runtime oatDir = null sharedLibraries=null
09-09 14:52:11.612  4142  4142 I dex2oat : /system/bin/dex2oat --compiler-filter=verify-at-runtime
09-09 14:52:11.757  4142  4142 I dex2oat : dex2oat took 145.359ms (threads: 8) arena alloc=0B (0B) java alloc=27KB (28240B) native alloc=474KB (485512B) free=2MB (2660216B)
09-09 14:52:11.761  3589  3589 I PackageManager.DexOptimizer: Running dexopt (dex2oat) on: /system/priv-app/LineageSetupWizard/LineageSetupWizard.apk pkg=com.cyanogenmod.setupwizard isa=arm64 vmSafeMode=false debuggable=false target-filter=verify-at-runtime oatDir = null sharedLibraries=null
09-09 14:52:11.776  4151  4151 I dex2oat : /system/bin/dex2oat --compiler-filter=verify-at-runtime
09-09 14:52:11.857  4151  4151 I dex2oat : dex2oat took 80.892ms (threads: 8) arena alloc=0B (0B) java alloc=31KB (32208B) native alloc=1119KB (1146224B) free=1440KB (1475216B)
09-09 14:52:11.859  3589  3589 I PackageManager.DexOptimizer: Running dexopt (dex2oat) on: /system/app/DownloadProviderUi/DownloadProviderUi.apk pkg=com.android.providers.downloads.ui isa=arm64 vmSafeMode=false debuggable=false target-filter=verify-at-runtime oatDir = null sharedLibraries=null
09-09 14:52:11.875  4160  4160 I dex2oat : /system/bin/dex2oat --compiler-filter=verify-at-runtime
09-09 14:52:11.936  4160  4160 I dex2oat : dex2oat took 61.228ms (threads: 8) arena alloc=0B (0B) java alloc=31KB (32208B) native alloc=860KB (881232B) free=1187KB (1215920B)
09-09 14:52:11.939  3589  3589 I PackageManager.DexOptimizer: Running dexopt (dex2oat) on: /system/app/PacProcessor/PacProcessor.apk pkg=com.android.pacprocessor isa=arm64 vmSafeMode=false debuggable=false target-filter=verify-at-runtime oatDir = null sharedLibraries=null
09-09 14:52:11.954  4169  4169 I dex2oat : /system/bin/dex2oat --compiler-filter=verify-at-runtime
09-09 14:52:12.016  4169  4169 I dex2oat : dex2oat took 61.595ms (threads: 8) arena alloc=0B (0B) java alloc=27KB (28240B) native alloc=858KB (878608B) free=1189KB (1218544B)
09-09 14:52:12.018  3589  3589 I PackageManager.DexOptimizer: Running dexopt (dex2oat) on: /system/app/CertInstaller/CertInstaller.apk pkg=com.android.certinstaller isa=arm64 vmSafeMode=false debuggable=false target-filter=verify-at-runtime oatDir = null sharedLibraries=null
09-09 14:52:12.034  4178  4178 I dex2oat : /system/bin/dex2oat --compiler-filter=verify-at-runtime
09-09 14:52:12.107  4178  4178 I dex2oat : dex2oat took 72.914ms (threads: 8) arena alloc=0B (0B) java alloc=31KB (32216B) native alloc=1005KB (1030096B) free=1554KB (1591344B)
09-09 14:52:12.109  3589  3589 I PackageManager.DexOptimizer: Running dexopt (dex2oat) on: /system/priv-app/CarrierConfig/CarrierConfig.apk pkg=com.android.carrierconfig isa=arm64 vmSafeMode=false debuggable=false target-filter=verify-at-runtime oatDir = null sharedLibraries=null
09-09 14:52:12.125  4187  4187 I dex2oat : /system/bin/dex2oat --compiler-filter=verify-at-runtime
09-09 14:52:12.186  4187  4187 I dex2oat : dex2oat took 61.598ms (threads: 8) arena alloc=0B (0B) java alloc=31KB (32216B) native alloc=858KB (878672B) free=1189KB (1218480B)
09-09 14:52:12.189  3589  3589 I PackageManager.DexOptimizer: Running dexopt (dex2oat) on: /system/priv-app/Contacts/Contacts.apk pkg=com.android.contacts isa=arm64 vmSafeMode=false debuggable=false target-filter=verify-at-runtime oatDir = null sharedLibraries=null
09-09 14:52:12.204  4196  4196 I dex2oat : /system/bin/dex2oat --compiler-filter=verify-at-runtime
09-09 14:52:12.307  4196  4196 I dex2oat : dex2oat took 102.715ms (threads: 8) arena alloc=0B (0B) java alloc=27KB (28240B) native alloc=535KB (548024B) free=2MB (2597704B)
09-09 14:52:12.309  3589  3589 I PackageManager.DexOptimizer: Running dexopt (dex2oat) on: /system/app/Camera2/Camera2.apk pkg=com.android.camera2 isa=arm64 vmSafeMode=false debuggable=false target-filter=verify-at-runtime oatDir = null sharedLibraries=null
09-09 14:52:12.325  4205  4205 I dex2oat : /system/bin/dex2oat --compiler-filter=verify-at-runtime
09-09 14:52:12.438  4205  4205 I dex2oat : dex2oat took 113.055ms (threads: 8) arena alloc=0B (0B) java alloc=27KB (28240B) native alloc=422KB (432760B) free=2MB (2712968B)
09-09 14:52:12.441  3589  3589 I PackageManager.DexOptimizer: Running dexopt (dex2oat) on: /system/priv-app/Recorder/Recorder.apk pkg=org.lineageos.recorder isa=arm64 vmSafeMode=false debuggable=false target-filter=verify-at-runtime oatDir = null sharedLibraries=null
09-09 14:52:12.456  4214  4214 I dex2oat : /system/bin/dex2oat --compiler-filter=verify-at-runtime
09-09 14:52:12.530  4214  4214 I dex2oat : dex2oat took 73.839ms (threads: 8) arena alloc=0B (0B) java alloc=27KB (28240B) native alloc=498KB (510576B) free=2MB (2635152B)
09-09 14:52:12.532  3589  3589 I PackageManager.DexOptimizer: Running dexopt (dex2oat) on: /system/app/EasterEgg/EasterEgg.apk pkg=com.android.egg isa=arm64 vmSafeMode=false debuggable=false target-filter=verify-at-runtime oatDir = null sharedLibraries=null
09-09 14:52:12.548  4223  4223 I dex2oat : /system/bin/dex2oat --compiler-filter=verify-at-runtime
09-09 14:52:12.581  4223  4223 I dex2oat : dex2oat took 33.474ms (threads: 8) arena alloc=0B (0B) java alloc=27KB (28240B) native alloc=1099KB (1125744B) free=1460KB (1495696B)
09-09 14:52:12.583  3589  3589 I PackageManager.DexOptimizer: Running dexopt (dex2oat) on: /system/priv-app/MtpDocumentsProvider/MtpDocumentsProvider.apk pkg=com.android.mtp isa=arm64 vmSafeMode=false debuggable=false target-filter=verify-at-runtime oatDir = null sharedLibraries=null
09-09 14:52:12.599  4232  4232 I dex2oat : /system/bin/dex2oat --compiler-filter=verify-at-runtime
09-09 14:52:12.623  4232  4232 I dex2oat : dex2oat took 23.960ms (threads: 8) arena alloc=0B (0B) java alloc=31KB (32208B) native alloc=1022KB (1046896B) free=1537KB (1574544B)
09-09 14:52:12.625  3589  3589 I PackageManager.DexOptimizer: Running dexopt (dex2oat) on: /system/app/NfcNci/NfcNci.apk pkg=com.android.nfc isa=arm64 vmSafeMode=false debuggable=false target-filter=verify-at-runtime oatDir = null sharedLibraries=null
09-09 14:52:12.641  4241  4241 I dex2oat : /system/bin/dex2oat --compiler-filter=verify-at-runtime
09-09 14:52:12.729  4241  4241 I dex2oat : dex2oat took 88.062ms (threads: 8) arena alloc=0B (0B) java alloc=27KB (28240B) native alloc=516KB (529272B) free=2MB (2616456B)
09-09 14:52:12.731  3589  3589 I PackageManager.DexOptimizer: Running dexopt (dex2oat) on: /system/app/Stk/Stk.apk pkg=com.android.stk isa=arm64 vmSafeMode=false debuggable=false target-filter=verify-at-runtime oatDir = null sharedLibraries=null
09-09 14:52:12.747  4250  4250 I dex2oat : /system/bin/dex2oat --compiler-filter=verify-at-runtime
09-09 14:52:12.772  4250  4250 I dex2oat : dex2oat took 26.019ms (threads: 8) arena alloc=0B (0B) java alloc=27KB (28240B) native alloc=1042KB (1067600B) free=1517KB (1553840B)
09-09 14:52:12.775  3589  3589 I PackageManager.DexOptimizer: Running dexopt (dex2oat) on: /system/priv-app/BackupRestoreConfirmation/BackupRestoreConfirmation.apk pkg=com.android.backupconfirm isa=arm64 vmSafeMode=false debuggable=false target-filter=verify-at-runtime oatDir = null sharedLibraries=null
09-09 14:52:12.791  4259  4259 I dex2oat : /system/bin/dex2oat --compiler-filter=verify-at-runtime
09-09 14:52:12.811  4259  4259 I dex2oat : dex2oat took 20.223ms (threads: 8) arena alloc=0B (0B) java alloc=31KB (32240B) native alloc=858KB (878736B) free=1189KB (1218416B)
09-09 14:52:12.813  3589  3589 I PackageManager.DexOptimizer: Running dexopt (dex2oat) on: /system/app/Profiles/Profiles.apk pkg=org.cyanogenmod.profiles isa=arm64 vmSafeMode=false debuggable=false target-filter=verify-at-runtime oatDir = null sharedLibraries=null
09-09 14:52:12.829  4268  4268 I dex2oat : /system/bin/dex2oat --compiler-filter=verify-at-runtime
09-09 14:52:12.853  4268  4268 I dex2oat : dex2oat took 25.013ms (threads: 8) arena alloc=0B (0B) java alloc=27KB (28240B) native alloc=1130KB (1157200B) free=1429KB (1464240B)
09-09 14:52:12.856  3589  3589 I PackageManager.DexOptimizer: Running dexopt (dex2oat) on: /system/app/LockClock/LockClock.apk pkg=com.cyanogenmod.lockclock isa=arm64 vmSafeMode=false debuggable=false target-filter=verify-at-runtime oatDir = null sharedLibraries=null
09-09 14:52:12.872  4277  4277 I dex2oat : /system/bin/dex2oat --compiler-filter=verify-at-runtime
09-09 14:52:12.902  4277  4277 I dex2oat : dex2oat took 30.889ms (threads: 8) arena alloc=0B (0B) java alloc=27KB (28240B) native alloc=1079KB (1105200B) free=1480KB (1516240B)
09-09 14:52:12.905  3589  3589 I PackageManager.DexOptimizer: Running dexopt (dex2oat) on: /system/priv-app/StatementService/StatementService.apk pkg=com.android.statementservice isa=arm64 vmSafeMode=false debuggable=false target-filter=verify-at-runtime oatDir = null sharedLibraries=null
09-09 14:52:12.920  4286  4286 I dex2oat : /system/bin/dex2oat --compiler-filter=verify-at-runtime
09-09 14:52:12.943  4286  4286 I dex2oat : dex2oat took 22.972ms (threads: 8) arena alloc=0B (0B) java alloc=31KB (32216B) native alloc=1092KB (1118512B) free=1467KB (1502928B)
09-09 14:52:12.945  3589  3589 I PackageManager.DexOptimizer: Running dexopt (dex2oat) on: /system/app/AdvancedDisplay/AdvancedDisplay.apk pkg=com.cyanogenmod.settings.device isa=arm64 vmSafeMode=false debuggable=false target-filter=verify-at-runtime oatDir = null sharedLibraries=null
09-09 14:52:12.961  4295  4295 I dex2oat : /system/bin/dex2oat --compiler-filter=verify-at-runtime
09-09 14:52:13.032  4295  4295 I dex2oat : dex2oat took 71.556ms (threads: 8) arena alloc=0B (0B) java alloc=31KB (32216B) native alloc=497KB (509360B) free=2MB (2636368B)
09-09 14:52:13.035  3589  3589 I PackageManager.DexOptimizer: Running dexopt (dex2oat) on: /system/priv-app/CMAudioService/CMAudioService.apk pkg=org.cyanogenmod.cmaudio.service isa=arm64 vmSafeMode=false debuggable=false target-filter=verify-at-runtime oatDir = null sharedLibraries=null
09-09 14:52:13.051  4304  4304 I dex2oat : /system/bin/dex2oat --compiler-filter=verify-at-runtime
09-09 14:52:13.091  4304  4304 I dex2oat : dex2oat took 41.065ms (threads: 8) arena alloc=0B (0B) java alloc=31KB (32216B) native alloc=1141KB (1168816B) free=1418KB (1452624B)
09-09 14:52:13.094  3589  3589 I PackageManager.DexOptimizer: Running dexopt (dex2oat) on: /system/app/Calendar/Calendar.apk pkg=com.android.calendar isa=arm64 vmSafeMode=false debuggable=false target-filter=verify-at-runtime oatDir = null sharedLibraries=null
09-09 14:52:13.110  4313  4313 I dex2oat : /system/bin/dex2oat --compiler-filter=verify-at-runtime
09-09 14:52:13.171  4313  4313 I dex2oat : dex2oat took 60.974ms (threads: 8) arena alloc=0B (0B) java alloc=27KB (28240B) native alloc=565KB (579568B) free=2MB (2566160B)
09-09 14:52:13.173  3589  3589 I PackageManager.DexOptimizer: Running dexopt (dex2oat) on: /system/priv-app/SharedStorageBackup/SharedStorageBackup.apk pkg=com.android.sharedstoragebackup isa=arm64 vmSafeMode=false debuggable=false target-filter=verify-at-runtime oatDir = null sharedLibraries=null
09-09 14:52:13.189  4322  4322 I dex2oat : /system/bin/dex2oat --compiler-filter=verify-at-runtime
09-09 14:52:13.208  4322  4322 I dex2oat : dex2oat took 19.134ms (threads: 8) arena alloc=0B (0B) java alloc=31KB (32208B) native alloc=858KB (878736B) free=1189KB (1218416B)
09-09 14:52:13.210  3589  3589 I PackageManager.DexOptimizer: Running dexopt (dex2oat) on: /system/app/PrintSpooler/PrintSpooler.apk pkg=com.android.printspooler isa=arm64 vmSafeMode=false debuggable=false target-filter=verify-at-runtime oatDir = null sharedLibraries=null
09-09 14:52:13.226  4331  4331 I dex2oat : /system/bin/dex2oat --compiler-filter=verify-at-runtime
09-09 14:52:13.270  4331  4331 I dex2oat : dex2oat took 44.529ms (threads: 8) arena alloc=0B (0B) java alloc=27KB (28240B) native alloc=1137KB (1165232B) free=1422KB (1456208B)
09-09 14:52:13.273  3589  3589 I PackageManager.DexOptimizer: Running dexopt (dex2oat) on: /system/app/BasicDreams/BasicDreams.apk pkg=com.android.dreams.basic isa=arm64 vmSafeMode=false debuggable=false target-filter=verify-at-runtime oatDir = null sharedLibraries=null
09-09 14:52:13.289  4340  4340 I dex2oat : /system/bin/dex2oat --compiler-filter=verify-at-runtime
09-09 14:52:13.309  4340  4340 I dex2oat : dex2oat took 20.162ms (threads: 8) arena alloc=0B (0B) java alloc=27KB (28240B) native alloc=898KB (919632B) free=1149KB (1177520B)
09-09 14:52:13.311  3589  3589 I PackageManager.DexOptimizer: Running dexopt (dex2oat) on: /system/app/webview/webview.apk pkg=com.android.webview isa=arm vmSafeMode=false debuggable=false target-filter=verify-at-runtime oatDir = null sharedLibraries=null
09-09 14:52:13.327  4349  4349 I dex2oat : /system/bin/dex2oat --compiler-filter=verify-at-runtime
09-09 14:52:13.427  4349  4349 I dex2oat : dex2oat took 100.567ms (threads: 8) arena alloc=0B (0B) java alloc=27KB (28240B) native alloc=385KB (395144B) free=2MB (2750584B)
09-09 14:52:13.430  3589  3589 I PackageManager.DexOptimizer: Running dexopt (dex2oat) on: /system/app/webview/webview.apk pkg=com.android.webview isa=arm64 vmSafeMode=false debuggable=false target-filter=verify-at-runtime oatDir = null sharedLibraries=null
09-09 14:52:13.446  4358  4358 I dex2oat : /system/bin/dex2oat --compiler-filter=verify-at-runtime
09-09 14:52:13.549  4358  4358 I dex2oat : dex2oat took 103.294ms (threads: 8) arena alloc=0B (0B) java alloc=27KB (28240B) native alloc=517KB (530248B) free=2MB (2615480B)
09-09 14:52:13.551  3589  3589 I PackageManager.DexOptimizer: Running dexopt (dex2oat) on: /system/priv-app/CellBroadcastReceiver/CellBroadcastReceiver.apk pkg=com.android.cellbroadcastreceiver isa=arm64 vmSafeMode=false debuggable=false target-filter=verify-at-runtime oatDir = null sharedLibraries=null
09-09 14:52:13.567  4367  4367 I dex2oat : /system/bin/dex2oat --compiler-filter=verify-at-runtime
09-09 14:52:13.593  4367  4367 I dex2oat : dex2oat took 25.644ms (threads: 8) arena alloc=0B (0B) java alloc=27KB (28240B) native alloc=1105KB (1131984B) free=1454KB (1489456B)
09-09 14:52:13.595  3589  3589 I PackageManager.DexOptimizer: Running dexopt (dex2oat) on: /system/priv-app/OneTimeInitializer/OneTimeInitializer.apk pkg=com.android.onetimeinitializer isa=arm64 vmSafeMode=false debuggable=false target-filter=verify-at-runtime oatDir = null sharedLibraries=null
09-09 14:52:13.611  4376  4376 I dex2oat : /system/bin/dex2oat --compiler-filter=verify-at-runtime
09-09 14:52:13.632  4376  4376 I dex2oat : dex2oat took 22.120ms (threads: 8) arena alloc=0B (0B) java alloc=31KB (32208B) native alloc=1018KB (1043024B) free=1541KB (1578416B)
09-09 14:52:13.635  3589  3589 I PackageManager.DexOptimizer: Running dexopt (dex2oat) on: /system/priv-app/CMParts/CMParts.apk pkg=org.cyanogenmod.cmparts isa=arm64 vmSafeMode=false debuggable=false target-filter=verify-at-runtime oatDir = null sharedLibraries=null
09-09 14:52:13.651  4385  4385 I dex2oat : /system/bin/dex2oat --compiler-filter=verify-at-runtime
09-09 14:52:13.739  4385  4385 I dex2oat : dex2oat took 88.629ms (threads: 8) arena alloc=0B (0B) java alloc=27KB (28240B) native alloc=525KB (538008B) free=2MB (2607720B)
09-09 14:52:13.742  3589  3589 I PackageManager.DexOptimizer: Running dexopt (dex2oat) on: /system/app/KeyChain/KeyChain.apk pkg=com.android.keychain isa=arm64 vmSafeMode=false debuggable=false target-filter=verify-at-runtime oatDir = null sharedLibraries=null
09-09 14:52:13.757  4394  4394 I dex2oat : /system/bin/dex2oat --compiler-filter=verify-at-runtime
09-09 14:52:13.778  4394  4394 I dex2oat : dex2oat took 21.397ms (threads: 8) arena alloc=0B (0B) java alloc=27KB (28240B) native alloc=1003KB (1027408B) free=1556KB (1594032B)
09-09 14:52:13.781  3589  3589 I PackageManager.DexOptimizer: Running dexopt (dex2oat) on: /system/app/PrintRecommendationService/PrintRecommendationService.apk pkg=com.android.printservice.recommendation isa=arm64 vmSafeMode=false debuggable=false target-filter=verify-at-runtime oatDir = null sharedLibraries=null
09-09 14:52:13.797  4403  4403 I dex2oat : /system/bin/dex2oat --compiler-filter=verify-at-runtime
09-09 14:52:13.818  4403  4403 I dex2oat : dex2oat took 21.475ms (threads: 8) arena alloc=0B (0B) java alloc=31KB (32240B) native alloc=1057KB (1082512B) free=1502KB (1538928B)
09-09 14:52:13.821  3589  3589 I PackageManager.DexOptimizer: Running dexopt (dex2oat) on: /system/priv-app/Gallery2/Gallery2.apk pkg=com.android.gallery3d isa=arm vmSafeMode=false debuggable=false target-filter=verify-at-runtime oatDir = null sharedLibraries=null
09-09 14:52:13.838  4412  4412 I dex2oat : /system/bin/dex2oat --compiler-filter=verify-at-runtime
09-09 14:52:13.984  4412  4412 I dex2oat : dex2oat took 146.492ms (threads: 8) arena alloc=0B (0B) java alloc=27KB (28240B) native alloc=541KB (554488B) free=2MB (2591240B)
09-09 14:52:13.987  3589  3589 I PackageManager.DexOptimizer: Running dexopt (dex2oat) on: /system/priv-app/Trebuchet/Trebuchet.apk pkg=com.cyanogenmod.trebuchet isa=arm64 vmSafeMode=false debuggable=false target-filter=verify-at-runtime oatDir = null sharedLibraries=null
09-09 14:52:14.003  4422  4422 I dex2oat : /system/bin/dex2oat --compiler-filter=verify-at-runtime
09-09 14:52:14.074  4422  4422 I dex2oat : dex2oat took 71.413ms (threads: 8) arena alloc=0B (0B) java alloc=27KB (28240B) native alloc=558KB (571888B) free=2MB (2573840B)
09-09 14:52:14.077  3589  3589 I PackageManager.DexOptimizer: Running dexopt (dex2oat) on: /system/priv-app/CallLogBackup/CallLogBackup.apk pkg=com.android.calllogbackup isa=arm64 vmSafeMode=false debuggable=false target-filter=verify-at-runtime oatDir = null sharedLibraries=null
09-09 14:52:14.092  4431  4431 I dex2oat : /system/bin/dex2oat --compiler-filter=verify-at-runtime
09-09 14:52:14.112  4431  4431 I dex2oat : dex2oat took 20.132ms (threads: 8) arena alloc=0B (0B) java alloc=31KB (32216B) native alloc=878KB (899152B) free=1169KB (1198000B)
09-09 14:52:14.115  3589  3589 I PackageManager.DexOptimizer: Running dexopt (dex2oat) on: /system/app/PicoTts/PicoTts.apk pkg=com.svox.pico isa=arm64 vmSafeMode=false debuggable=false target-filter=verify-at-runtime oatDir = null sharedLibraries=null
09-09 14:52:14.130  4440  4440 I dex2oat : /system/bin/dex2oat --compiler-filter=verify-at-runtime
09-09 14:52:14.150  4440  4440 I dex2oat : dex2oat took 19.962ms (threads: 8) arena alloc=0B (0B) java alloc=27KB (28240B) native alloc=880KB (901712B) free=1167KB (1195440B)
09-09 14:52:14.152  3589  3589 I PackageManager.DexOptimizer: Running dexopt (dex2oat) on: /system/app/Jelly/Jelly.apk pkg=org.lineageos.jelly isa=arm64 vmSafeMode=false debuggable=false target-filter=verify-at-runtime oatDir = null sharedLibraries=null
09-09 14:52:14.168  4449  4449 I dex2oat : /system/bin/dex2oat --compiler-filter=verify-at-runtime
09-09 14:52:14.241  4449  4449 I dex2oat : dex2oat took 73.229ms (threads: 8) arena alloc=0B (0B) java alloc=27KB (28240B) native alloc=500KB (512880B) free=2MB (2632848B)
09-09 14:52:14.243  3589  3589 I PackageManager.DexOptimizer: Running dexopt (dex2oat) on: /system/priv-app/ManagedProvisioning/ManagedProvisioning.apk pkg=com.android.managedprovisioning isa=arm64 vmSafeMode=false debuggable=false target-filter=verify-at-runtime oatDir = null sharedLibraries=null
09-09 14:52:14.259  4458  4458 I dex2oat : /system/bin/dex2oat --compiler-filter=verify-at-runtime
09-09 14:52:14.287  4458  4458 I dex2oat : dex2oat took 28.280ms (threads: 8) arena alloc=0B (0B) java alloc=31KB (32208B) native alloc=1078KB (1104688B) free=1481KB (1516752B)
09-09 14:52:14.290  3589  3589 I PackageManager.DexOptimizer: Running dexopt (dex2oat) on: /system/app/PhotoTable/PhotoTable.apk pkg=com.android.dreams.phototable isa=arm64 vmSafeMode=false debuggable=false target-filter=verify-at-runtime oatDir = null sharedLibraries=null
09-09 14:52:14.305  4467  4467 I dex2oat : /system/bin/dex2oat --compiler-filter=verify-at-runtime
09-09 14:52:14.328  4467  4467 I dex2oat : dex2oat took 23.013ms (threads: 8) arena alloc=0B (0B) java alloc=27KB (28240B) native alloc=1052KB (1077328B) free=1507KB (1544112B)
09-09 14:52:14.330  3589  3589 I PackageManager.DexOptimizer: Running dexopt (dex2oat) on: /system/app/WAPPushManager/WAPPushManager.apk pkg=com.android.smspush isa=arm64 vmSafeMode=false debuggable=false target-filter=verify-at-runtime oatDir = null sharedLibraries=null
09-09 14:52:14.346  4476  4476 I dex2oat : /system/bin/dex2oat --compiler-filter=verify-at-runtime
09-09 14:52:14.369  4476  4476 I dex2oat : dex2oat took 23.055ms (threads: 8) arena alloc=0B (0B) java alloc=31KB (32216B) native alloc=1030KB (1055312B) free=1529KB (1566128B)
09-09 14:52:14.371  3589  3589 I PackageManager.DexOptimizer: Running dexopt (dex2oat) on: /system/app/LiveWallpapersPicker/LiveWallpapersPicker.apk pkg=com.android.wallpaper.livepicker isa=arm64 vmSafeMode=false debuggable=false target-filter=verify-at-runtime oatDir = null sharedLibraries=null
09-09 14:52:14.387  4485  4485 I dex2oat : /system/bin/dex2oat --compiler-filter=verify-at-runtime
09-09 14:52:14.452  4485  4485 I dex2oat : dex2oat took 64.921ms (threads: 8) arena alloc=0B (0B) java alloc=31KB (32208B) native alloc=521KB (533936B) free=2MB (2611792B)
09-09 14:52:14.454  3589  3589 I PackageManager.DexOptimizer: Running dexopt (dex2oat) on: /system/priv-app/Tag/Tag.apk pkg=com.android.apps.tag isa=arm64 vmSafeMode=false debuggable=false target-filter=verify-at-runtime oatDir = null sharedLibraries=null
09-09 14:52:14.470  4494  4494 I dex2oat : /system/bin/dex2oat --compiler-filter=verify-at-runtime
09-09 14:52:14.507  4494  4494 I dex2oat : dex2oat took 36.797ms (threads: 8) arena alloc=0B (0B) java alloc=27KB (28240B) native alloc=1141KB (1168560B) free=1418KB (1452880B)
09-09 14:52:14.509  3589  3589 I PackageManager.DexOptimizer: Running dexopt (dex2oat) on: /system/priv-app/StorageManager/StorageManager.apk pkg=com.android.storagemanager isa=arm64 vmSafeMode=false debuggable=false target-filter=verify-at-runtime oatDir = null sharedLibraries=null
09-09 14:52:14.525  4503  4503 I dex2oat : /system/bin/dex2oat --compiler-filter=verify-at-runtime
09-09 14:52:14.585  3168  3168 D gpsd    : WakeLock(Acquire,GPSD)
09-09 14:52:14.585  3168  3168 D gpsd    : WakeLock(Release,GPSD)
09-09 14:52:14.585  3168  3168 D gpsd    : WakeLock(Acquire,GPSD)
09-09 14:52:14.586  3168  3168 D gpsd    : WakeLock(Release,GPSD)
09-09 14:52:14.603  4506  4506 V lhd     : GlLhdInterface::Init(/system/etc/lhd.conf)
09-09 14:52:14.603  4506  4506 E lhd     : SetCfgValue: Critical Error. Unknown configuration parameter "FlpName"="tcp"
09-09 14:52:14.603  4506  4506 V lhd     : SetCfgValue: LHD config "LheSerialControl"="BBD:Serial=TTY"
09-09 14:52:14.603  4506  4506 E lhd     : SetCfgValue: Critical Error. Unknown configuration parameter "LheClockMHz"="100"
09-09 14:52:14.603  4506  4506 V lhd     : SetCfgValue: LHD config "LhePatch"="/dev/bbd_patch"
09-09 14:52:14.603  4506  4506 V lhd     : SetCfgValue: LHD config "LheMaxMcuResetTries"="4"
09-09 14:52:14.603  4506  4506 V lhd     : SetCfgValue: LHD config "LheBbdPacket"="/dev/ttyBCM"
09-09 14:52:14.603  4506  4506 V lhd     : SetCfgValue: LHD config "LheBbdControl"="/dev/bbd_control"
09-09 14:52:14.603  4506  4506 V lhd     : SetCfgValue: LHD config "LheBbdSensor"="/dev/bbd_sensor"
09-09 14:52:14.603  4506  4506 V lhd     : SetCfgValue: LHD config "Lhe477xDebugFlags"="RPC:FACILITY=33:STDOUT_PUTS:STDOUT_LOG"
09-09 14:52:14.603  4506  4506 E lhd     : SetCfgValue: Critical Error. Unknown configuration parameter "LheSensorIpc"="true"
09-09 14:52:14.603  4506  4506 E lhd     : SetCfgValue: Critical Error. Unknown configuration parameter "LhePinMux"="P17=M1"
09-09 14:52:14.603  4506  4506 V lhd     : SetCfgValue: LHD config "LheAutoBaudDelayMS"="10"
09-09 14:52:14.603  4506  4506 V lhd     : SetCfgValue: LHD config "LheMaxMcuResetTries"="3"
09-09 14:52:14.603  4506  4506 E lhd     : OpenFirmwareFile: Fail to open /efs/sec_efs/sensorhub_urgent_fw.patch, errno 2
09-09 14:52:14.603  4506  4506 E lhd     : getCustPatchVersion: Fail to parse patch /efs/sec_efs/sensorhub_urgent_fw.patch
09-09 14:52:14.603  4506  4506 E lhd     : getCustPatchVersion: <CustomerVersion> not found
09-09 14:52:14.604  4503  4503 I dex2oat : dex2oat took 79.787ms (threads: 8) arena alloc=0B (0B) java alloc=31KB (32216B) native alloc=500KB (512688B) free=2MB (2633040B)
09-09 14:52:14.607  3589  3589 I PackageManager.DexOptimizer: Running dexopt (dex2oat) on: /system/app/BookmarkProvider/BookmarkProvider.apk pkg=com.android.bookmarkprovider isa=arm64 vmSafeMode=false debuggable=false target-filter=verify-at-runtime oatDir = null sharedLibraries=null
09-09 14:52:14.623  4514  4514 I dex2oat : /system/bin/dex2oat --compiler-filter=verify-at-runtime
09-09 14:52:14.642  4514  4514 I dex2oat : dex2oat took 19.849ms (threads: 8) arena alloc=0B (0B) java alloc=31KB (32216B) native alloc=878KB (899152B) free=1169KB (1198000B)
09-09 14:52:14.645  3589  3589 I PackageManager.DexOptimizer: Running dexopt (dex2oat) on: /system/priv-app/Eleven/Eleven.apk pkg=com.cyanogenmod.eleven isa=arm64 vmSafeMode=false debuggable=false target-filter=verify-at-runtime oatDir = null sharedLibraries=null
09-09 14:52:14.660  4523  4523 I dex2oat : /system/bin/dex2oat --compiler-filter=verify-at-runtime
09-09 14:52:14.663  3168  3168 D gpsd    : WakeLock(Acquire,GPSD)
09-09 14:52:14.663  3168  3168 D gpsd    : WakeLock(Release,GPSD)
09-09 14:52:14.663  3168  3168 D gpsd    : WakeLock(Acquire,GPSD)
09-09 14:52:14.663  3168  3168 D gpsd    : WakeLock(Release,GPSD)
09-09 14:52:14.663  4506  4506 D lhd     : OnIpcConnect
09-09 14:52:14.883  4523  4523 I dex2oat : dex2oat took 223.156ms (threads: 8) arena alloc=0B (0B) java alloc=27KB (28240B) native alloc=806KB (825448B) free=2MB (2451352B)
09-09 14:52:14.886  3589  3589 I PackageManager.DexOptimizer: Running dexopt (dex2oat) on: /system/app/ExactCalculator/ExactCalculator.apk pkg=com.android.calculator2 isa=arm64 vmSafeMode=false debuggable=false target-filter=verify-at-runtime oatDir = null sharedLibraries=null
09-09 14:52:14.902  4533  4533 I dex2oat : /system/bin/dex2oat --compiler-filter=verify-at-runtime
09-09 14:52:14.990  4533  4533 I dex2oat : dex2oat took 87.930ms (threads: 8) arena alloc=0B (0B) java alloc=31KB (32216B) native alloc=1106KB (1133552B) free=1453KB (1487888B)
09-09 14:52:14.992  3589  3589 I PackageManager.DexOptimizer: Running dexopt (dex2oat) on: /system/priv-app/Updater/Updater.apk pkg=org.lineageos.updater isa=arm64 vmSafeMode=false debuggable=false target-filter=verify-at-runtime oatDir = null sharedLibraries=null
09-09 14:52:15.008  4542  4542 I dex2oat : /system/bin/dex2oat --compiler-filter=verify-at-runtime
09-09 14:52:15.144  4542  4542 I dex2oat : dex2oat took 136.525ms (threads: 8) arena alloc=0B (0B) java alloc=27KB (28240B) native alloc=532KB (545624B) free=2MB (2600104B)
09-09 14:52:15.147  3589  3589 I PackageManager.DexOptimizer: Running dexopt (dex2oat) on: /system/priv-app/VpnDialogs/VpnDialogs.apk pkg=com.android.vpndialogs isa=arm64 vmSafeMode=false debuggable=false target-filter=verify-at-runtime oatDir = null sharedLibraries=null
09-09 14:52:15.162  4551  4551 I dex2oat : /system/bin/dex2oat --compiler-filter=verify-at-runtime
09-09 14:52:15.223  4551  4551 I dex2oat : dex2oat took 61.409ms (threads: 8) arena alloc=0B (0B) java alloc=27KB (28240B) native alloc=858KB (878672B) free=1189KB (1218480B)
09-09 14:52:15.226  3589  3589 I PackageManager.DexOptimizer: Running dexopt (dex2oat) on: /system/app/Email/Email.apk pkg=com.android.email isa=arm64 vmSafeMode=false debuggable=false target-filter=verify-at-runtime oatDir = null sharedLibraries=null
09-09 14:52:15.242  4560  4560 I dex2oat : /system/bin/dex2oat --compiler-filter=verify-at-runtime
09-09 14:52:15.471  4560  4560 I dex2oat : dex2oat took 229.866ms (threads: 8) arena alloc=0B (0B) java alloc=27KB (28240B) native alloc=637KB (653128B) free=2MB (3016888B)
09-09 14:52:15.474  3589  3589 I PackageManager.DexOptimizer: Running dexopt (dex2oat) on: /system/app/WallpaperBackup/WallpaperBackup.apk pkg=com.android.wallpaperbackup isa=arm64 vmSafeMode=false debuggable=false target-filter=verify-at-runtime oatDir = null sharedLibraries=null
09-09 14:52:15.490  4569  4569 I dex2oat : /system/bin/dex2oat --compiler-filter=verify-at-runtime
09-09 14:52:15.551  4569  4569 I dex2oat : dex2oat took 61.269ms (threads: 8) arena alloc=0B (0B) java alloc=31KB (32216B) native alloc=861KB (881744B) free=1186KB (1215408B)
09-09 14:52:15.554  3589  3589 I PackageManager.DexOptimizer: Running dexopt (dex2oat) on: /system/priv-app/BlockedNumberProvider/BlockedNumberProvider.apk pkg=com.android.providers.blockednumber isa=arm64 vmSafeMode=false debuggable=false target-filter=verify-at-runtime oatDir = null sharedLibraries=null
09-09 14:52:15.569  4578  4578 I dex2oat : /system/bin/dex2oat --compiler-filter=verify-at-runtime
09-09 14:52:15.652  4578  4578 I dex2oat : dex2oat took 82.753ms (threads: 8) arena alloc=0B (0B) java alloc=27KB (28240B) native alloc=1094KB (1120944B) free=1465KB (1500496B)
09-09 14:52:15.654  3589  3589 I PackageManager.DexOptimizer: Running dexopt (dex2oat) on: /system/app/UserDictionaryProvider/UserDictionaryProvider.apk pkg=com.android.providers.userdictionary isa=arm64 vmSafeMode=false debuggable=false target-filter=verify-at-runtime oatDir = null sharedLibraries=null
09-09 14:52:15.671  4587  4587 I dex2oat : /system/bin/dex2oat --compiler-filter=verify-at-runtime
09-09 14:52:15.732  4587  4587 I dex2oat : dex2oat took 61.614ms (threads: 8) arena alloc=0B (0B) java alloc=27KB (28240B) native alloc=886KB (907408B) free=1161KB (1189744B)
09-09 14:52:15.735  3589  3589 I PackageManager.DexOptimizer: Running dexopt (dex2oat) on: /system/priv-app/EmergencyInfo/EmergencyInfo.apk pkg=com.android.emergency isa=arm64 vmSafeMode=false debuggable=false target-filter=verify-at-runtime oatDir = null sharedLibraries=null
09-09 14:52:15.751  4596  4596 I dex2oat : /system/bin/dex2oat --compiler-filter=verify-at-runtime
09-09 14:52:15.853  4596  4596 I dex2oat : dex2oat took 103.183ms (threads: 8) arena alloc=0B (0B) java alloc=31KB (32216B) native alloc=684KB (700464B) free=2MB (2445264B)
09-09 14:52:15.856  3589  3589 I PackageManager.DexOptimizer: Running dexopt (dex2oat) on: /system/app/DeskClock/DeskClock.apk pkg=com.android.deskclock isa=arm64 vmSafeMode=false debuggable=false target-filter=verify-at-runtime oatDir = null sharedLibraries=null
09-09 14:52:15.872  4605  4605 I dex2oat : /system/bin/dex2oat --compiler-filter=verify-at-runtime
09-09 14:52:16.013  4605  4605 I dex2oat : dex2oat took 141.446ms (threads: 8) arena alloc=0B (0B) java alloc=27KB (28240B) native alloc=438KB (449320B) free=2MB (2696408B)
09-09 14:52:16.016  3589  3589 I PackageManager.DexOptimizer: Running dexopt (dex2oat) on: /system/app/Exchange2/Exchange2.apk pkg=com.android.exchange isa=arm64 vmSafeMode=false debuggable=false target-filter=verify-at-runtime oatDir = null sharedLibraries=null
09-09 14:52:16.032  4614  4614 I dex2oat : /system/bin/dex2oat --compiler-filter=verify-at-runtime
09-09 14:52:16.217  4614  4614 I dex2oat : dex2oat took 185.478ms (threads: 8) arena alloc=0B (0B) java alloc=27KB (28240B) native alloc=587KB (601592B) free=2MB (2544136B)
09-09 14:52:16.220  3589  3589 I PackageManager.DexOptimizer: Running dexopt (dex2oat) on: /system/app/BluetoothMidiService/BluetoothMidiService.apk pkg=com.android.bluetoothmidiservice isa=arm64 vmSafeMode=false debuggable=false target-filter=verify-at-runtime oatDir = null sharedLibraries=null
09-09 14:52:16.236  4623  4623 I dex2oat : /system/bin/dex2oat --compiler-filter=verify-at-runtime
09-09 14:52:16.297  4623  4623 I dex2oat : dex2oat took 62.089ms (threads: 8) arena alloc=0B (0B) java alloc=31KB (32208B) native alloc=858KB (878928B) free=1189KB (1218224B)
09-09 14:52:16.300  3589  3589 I PackageManager.DexOptimizer: Running dexopt (dex2oat) on: /system/app/Bluetooth/Bluetooth.apk pkg=com.android.bluetooth isa=arm vmSafeMode=false debuggable=false target-filter=verify-at-runtime oatDir = null sharedLibraries=/system/framework/javax.obex.jar
09-09 14:52:16.316  4632  4632 I dex2oat : /system/bin/dex2oat --compiler-filter=verify-at-runtime
09-09 14:52:16.618  4632  4632 I dex2oat : dex2oat took 302.275ms (threads: 8) arena alloc=0B (0B) java alloc=31KB (32240B) native alloc=694KB (711368B) free=2MB (2958648B)
09-09 14:52:16.621  3589  3589 I PackageManager.DexOptimizer: Running dexopt (dex2oat) on: /system/app/Development/Development.apk pkg=com.android.development isa=arm64 vmSafeMode=false debuggable=false target-filter=verify-at-runtime oatDir = null sharedLibraries=/system/framework/android.test.runner.jar
09-09 14:52:16.637  4641  4641 I dex2oat : /system/bin/dex2oat --compiler-filter=verify-at-runtime
09-09 14:52:16.707  4641  4641 I dex2oat : dex2oat took 70.663ms (threads: 8) arena alloc=0B (0B) java alloc=31KB (32192B) native alloc=1072KB (1098032B) free=1487KB (1523408B)
09-09 14:52:16.710  3589  3589 I PackageManager.DexOptimizer: Running dexopt (dex2oat) on: /system/app/WallpaperPicker/WallpaperPicker.apk pkg=com.android.wallpaperpicker isa=arm64 vmSafeMode=false debuggable=false target-filter=verify-at-runtime oatDir = null sharedLibraries=null
09-09 14:52:16.725  4650  4650 I dex2oat : /system/bin/dex2oat --compiler-filter=verify-at-runtime
09-09 14:52:16.792  4650  4650 I dex2oat : dex2oat took 66.497ms (threads: 8) arena alloc=0B (0B) java alloc=31KB (32216B) native alloc=1073KB (1099632B) free=1486KB (1521808B)
09-09 14:52:16.794  3589  3589 I PackageManager.DexOptimizer: Running dexopt (dex2oat) on: /system/priv-app/ContactsProvider/ContactsProvider.apk pkg=com.android.providers.contacts isa=arm64 vmSafeMode=false debuggable=false target-filter=verify-at-runtime oatDir = null sharedLibraries=null
09-09 14:52:16.810  4659  4659 I dex2oat : /system/bin/dex2oat --compiler-filter=verify-at-runtime
09-09 14:52:16.910  4659  4659 I dex2oat : dex2oat took 100.793ms (threads: 8) arena alloc=0B (0B) java alloc=31KB (32216B) native alloc=1133KB (1160496B) free=1938KB (1985232B)
