--------- beginning of system
09-15 21:13:22.327  3079  3079 I vold    : Vold 3.0 (the awakening) firing up
09-15 21:13:22.328  3079  3079 V vold    : Detected support for: exfat ext4 f2fs ntfs vfat
09-15 21:13:22.330  3079  3079 W Vold    : Tearing down stale mount /mnt/secure/asec
09-15 21:13:22.344  3079  3079 W Vold    : Tearing down stale mount /mnt/secure
09-15 21:13:22.363  3079  3090 V vold    : /system/bin/sgdisk
09-15 21:13:22.363  3079  3090 V vold    :     --android-dump
09-15 21:13:22.363  3079  3090 V vold    :     /dev/block/vold/disk:179_0
09-15 21:13:22.365  3079  3148 D vold    : e4crypt_init_user0
09-15 21:13:22.366  3079  3148 D vold    : e4crypt_prepare_user_storage for volume null, user 0, serial 0, flags 1
09-15 21:13:22.366  3079  3148 D vold    : Preparing: /data/system/users/0
09-15 21:13:22.366  3079  3148 D vold    : Preparing: /data/misc/profiles/cur/0
09-15 21:13:22.366  3079  3148 D vold    : Preparing: /data/misc/profiles/cur/0/foreign-dex
09-15 21:13:22.366  3079  3148 D vold    : Preparing: /data/system_de/0
09-15 21:13:22.366  3079  3148 D vold    : Preparing: /data/misc_de/0
09-15 21:13:22.366  3079  3148 D vold    : Preparing: /data/user_de/0
09-15 21:13:22.366  3079  3148 D vold    : e4crypt_unlock_user_key 0 serial=0 token_present=0
09-15 21:13:22.366  3079  3148 E vold    : Failed to chmod /data/system_ce/0: No such file or directory
09-15 21:13:22.366  3079  3148 E vold    : Failed to chmod /data/misc_ce/0: No such file or directory
09-15 21:13:22.374  3079  3090 V vold    : DISK mbr
09-15 21:13:22.374  3079  3090 V vold    : 
09-15 21:13:22.374  3079  3090 V vold    : PART 1 c
09-15 21:13:22.374  3079  3090 V vold    : 
09-15 21:13:28.671  3582  3582 I InstallerConnection: connecting...
09-15 21:13:33.817  3582  3582 I InstallerConnection: disconnecting...
09-15 21:13:33.845  3582  3582 I SystemServer: Entered the Android system server!
09-15 21:13:33.866  3582  3582 I SystemServiceManager: Starting com.android.server.pm.Installer
09-15 21:13:33.866  3582  3582 I Installer: Waiting for installd to be ready.
09-15 21:13:33.866  3582  3582 I InstallerConnection: connecting...
09-15 21:13:33.867  3582  3582 I SystemServiceManager: Starting com.android.server.am.ActivityManagerService$Lifecycle
09-15 21:13:33.875  3582  3582 I ActivityManager: Memory class: 256
09-15 21:13:33.876  3582  3683 I ServiceThread: Enabled StrictMode logging for ActivityManager looper.
09-15 21:13:33.877  3582  3684 I ServiceThread: Enabled StrictMode logging for android.ui looper.
09-15 21:13:33.908  3582  3582 D BatteryStatsImpl: Reading daily items from /data/system/batterystats-daily.xml
09-15 21:13:33.937  3582  3582 I AppOps  : No existing app ops /data/system/appops.xml; starting empty
09-15 21:13:34.022  3582  3582 I IntentFirewall: Read new rules (A:0 B:0 S:0)
09-15 21:13:34.026  3582  3690 I ServiceThread: Enabled StrictMode logging for android.display looper.
09-15 21:13:34.035  3582  3582 D AppOps  : AppOpsService published
09-15 21:13:34.035  3582  3582 I SystemServiceManager: Starting com.android.server.power.PowerManagerService
09-15 21:13:34.037  3582  3692 I ServiceThread: Enabled StrictMode logging for PowerManagerService looper.
09-15 21:13:34.041  3582  3582 I SystemServiceManager: Starting com.android.server.lights.LightsService
09-15 21:13:34.042  3582  3582 I SystemServiceManager: Starting com.android.server.display.DisplayManagerService
09-15 21:13:34.045  3582  3582 I SystemServiceManager: Starting phase 100
09-15 21:13:34.046  3582  3690 W LocalDisplayAdapter: Unable to get active color mode for display device 0
09-15 21:13:34.046  3582  3690 E LocalDisplayAdapter: Default and active color mode is no longer available! Reverting to first available mode.
09-15 21:13:34.048  3582  3690 I DisplayManagerService: Display device added: DisplayDeviceInfo{"Built-in Screen": uniqueId="local:0", 1440 x 2960, modeId 1, defaultModeId 1, supportedModes [{id=1, width=1440, height=2960, fps=60.000004}], colorMode -22, supportedColorModes [-22], HdrCapabilities android.view.Display$HdrCapabilities@a69d6308, density 560, 522.514 x 525.762 dpi, appVsyncOff 1000000, presDeadline 16666666, touch INTERNAL, rotation 0, type BUILT_IN, state UNKNOWN, FLAG_DEFAULT_DISPLAY, FLAG_ROTATES_WITH_CONTENT, FLAG_SECURE, FLAG_SUPPORTS_PROTECTED_BUFFERS}
09-15 21:13:34.056  3582  3690 I DisplayManagerService: Display device changed state: "Built-in Screen", ON
09-15 21:13:34.057  3582  3582 I SystemServer: StartPackageManagerService
09-15 21:13:34.061  3582  3582 W FileUtils: Failed to chmod(/data/system/packages.list): android.system.ErrnoException: chmod failed: ENOENT (No such file or directory)
09-15 21:13:34.186  3582  3582 D SELinuxMMAC: Using policy file /system/etc/security/mac_permissions.xml
09-15 21:13:34.193  3582  3582 I PackageManager: No settings file; creating initial state
09-15 21:13:35.067  3582  3582 W PackageManager: Library not found: /system/framework/org.apache.http.legacy.jar
09-15 21:13:35.572  3582  3582 W PackageManager: Library not found: /system/framework/org.apache.http.legacy.jar
09-15 21:13:35.722  3582  3842 I PackageManager: /system/framework/org.cyanogenmod.platform-res.apk changed; collecting certs
09-15 21:13:35.734  3582  3842 W PackageManager: Permission cyanogenmod.permission.WRITE_ALARMS from package cyanogenmod.platform in an unknown group android.permission-group.SYSTEM_CLOCK
09-15 21:13:35.734  3582  3842 W PackageManager: Permission cyanogenmod.permission.MANAGE_ALARMS from package cyanogenmod.platform in an unknown group android.permission-group.SYSTEM_CLOCK
09-15 21:13:35.735  3582  3842 W PackageManager: Permission cyanogenmod.permission.READ_ALARMS from package cyanogenmod.platform in an unknown group android.permission-group.SYSTEM_CLOCK
09-15 21:13:35.785  3582  3841 I PackageManager: /system/framework/framework-res.apk changed; collecting certs
09-15 21:13:35.889  3582  3844 I PackageManager: /system/priv-app/BackupRestoreConfirmation changed; collecting certs
09-15 21:13:35.889  3582  3845 I PackageManager: /system/priv-app/BlockedNumberProvider changed; collecting certs
09-15 21:13:35.889  3582  3841 I PackageManager: /system/priv-app/CMSettingsProvider changed; collecting certs
09-15 21:13:35.894  3582  3843 I PackageManager: /system/priv-app/AudioFX changed; collecting certs
09-15 21:13:35.895  3582  3846 I PackageManager: /system/priv-app/CMAudioService changed; collecting certs
09-15 21:13:35.905  3582  3841 I PackageManager: /system/priv-app/CalendarProvider changed; collecting certs
09-15 21:13:35.906  3582  3844 I PackageManager: /system/priv-app/CallLogBackup changed; collecting certs
09-15 21:13:35.909  3582  3842 I PackageManager: /system/priv-app/CMParts changed; collecting certs
09-15 21:13:35.914  3582  3846 I PackageManager: /system/priv-app/CarrierConfig changed; collecting certs
09-15 21:13:35.918  3582  3845 I PackageManager: /system/priv-app/CellBroadcastReceiver changed; collecting certs
09-15 21:13:35.925  3582  3844 I PackageManager: /system/priv-app/CtsShimPrivPrebuilt changed; collecting certs
09-15 21:13:35.928  3582  3841 I PackageManager: /system/priv-app/ContactsProvider changed; collecting certs
09-15 21:13:35.932  3582  3846 I PackageManager: /system/priv-app/DefaultContainerService changed; collecting certs
09-15 21:13:35.948  3582  3842 I PackageManager: /system/priv-app/DocumentsUI changed; collecting certs
09-15 21:13:35.948  3582  3843 W PackageParser: No actions in intent filter at /system/priv-app/Contacts/Contacts.apk Binary XML file line #431
09-15 21:13:35.953  3582  3841 I PackageManager: /system/priv-app/DownloadProvider changed; collecting certs
09-15 21:13:35.955  3582  3843 I PackageManager: /system/priv-app/Contacts changed; collecting certs
09-15 21:13:35.955  3582  3846 I PackageManager: /system/priv-app/EmergencyInfo changed; collecting certs
09-15 21:13:35.960  3582  3841 W PackageManager: Permission android.permission.DOWNLOAD_WITHOUT_NOTIFICATION from package com.android.providers.downloads in an unknown group android.permission-group.NETWORK
09-15 21:13:35.961  3582  3845 I PackageManager: /system/priv-app/Eleven changed; collecting certs
09-15 21:13:35.962  3582  3844 W PackageParser: No actions in intent filter at /system/priv-app/Dialer/Dialer.apk Binary XML file line #207
09-15 21:13:35.969  3582  3844 I PackageManager: /system/priv-app/Dialer changed; collecting certs
09-15 21:13:35.970  3582  3841 I PackageManager: /system/priv-app/ExtServices changed; collecting certs
09-15 21:13:35.971  3582  3842 I PackageManager: /system/priv-app/ExternalStorageProvider changed; collecting certs
09-15 21:13:35.988  3582  3841 I PackageManager: /system/priv-app/FusedLocation changed; collecting certs
09-15 21:13:35.989  3582  3842 I PackageManager: /system/priv-app/InputDevices changed; collecting certs
09-15 21:13:36.001  3582  3842 I PackageManager: /system/priv-app/MmsService changed; collecting certs
09-15 21:13:36.008  3582  3843 I PackageManager: /system/priv-app/LineageSetupWizard changed; collecting certs
09-15 21:13:36.010  3582  3845 I PackageManager: /system/priv-app/MediaProvider changed; collecting certs
09-15 21:13:36.012  3582  3844 I PackageManager: /system/priv-app/MtpDocumentsProvider changed; collecting certs
09-15 21:13:36.012  3582  3842 I PackageManager: /system/priv-app/OneTimeInitializer changed; collecting certs
09-15 21:13:36.018  3582  3841 I PackageManager: /system/priv-app/ManagedProvisioning changed; collecting certs
09-15 21:13:36.023  3582  3846 I PackageManager: /system/priv-app/Gallery2 changed; collecting certs
09-15 21:13:36.025  3582  3844 I PackageManager: /system/priv-app/ProxyHandler changed; collecting certs
09-15 21:13:36.037  3582  3844 I PackageManager: /system/priv-app/SharedStorageBackup changed; collecting certs
09-15 21:13:36.040  3582  3841 I PackageManager: /system/priv-app/SettingsProvider changed; collecting certs
09-15 21:13:36.043  3582  3845 I PackageManager: /system/priv-app/PackageInstaller changed; collecting certs
09-15 21:13:36.044  3582  3842 I PackageManager: /system/priv-app/Recorder changed; collecting certs
09-15 21:13:36.052  3582  3841 I PackageManager: /system/priv-app/StatementService changed; collecting certs
09-15 21:13:36.057  3582  3844 W PackageParser: Ignoring duplicate uses-permissions/uses-permissions-sdk-m: android.permission.INSTALL_GRANT_RUNTIME_PERMISSIONS in package: com.android.shell at: Binary XML file line #102
09-15 21:13:36.061  3582  3844 I PackageManager: /system/priv-app/Shell changed; collecting certs
09-15 21:13:36.068  3582  3846 I PackageManager: /system/priv-app/Tag changed; collecting certs
09-15 21:13:36.069  3582  3842 I PackageManager: /system/priv-app/StorageManager changed; collecting certs
09-15 21:13:36.086  3582  3846 I PackageManager: /system/priv-app/TelephonyProvider changed; collecting certs
09-15 21:13:36.087  3582  3844 I PackageManager: /system/priv-app/Telecom changed; collecting certs
09-15 21:13:36.099  3582  3841 W PackageParser: Ignoring duplicate uses-permissions/uses-permissions-sdk-m: android.permission.CONFIGURE_WIFI_DISPLAY in package: com.android.systemui at: Binary XML file line #117
09-15 21:13:36.103  3582  3842 I PackageManager: /system/priv-app/Trebuchet changed; collecting certs
09-15 21:13:36.112  3582  3841 I PackageManager: /system/priv-app/SystemUI changed; collecting certs
09-15 21:13:36.118  3582  3846 I PackageManager: /system/priv-app/Updater changed; collecting certs
09-15 21:13:36.120  3582  3844 I PackageManager: /system/priv-app/VpnDialogs changed; collecting certs
09-15 21:13:36.121  3582  3842 W PackageManager: Permission com.android.launcher.permission.INSTALL_SHORTCUT from package com.cyanogenmod.trebuchet in an unknown group android.permission-group.SYSTEM_TOOLS
09-15 21:13:36.121  3582  3842 W PackageManager: Permission com.android.launcher3.permission.READ_SETTINGS from package com.cyanogenmod.trebuchet in an unknown group android.permission-group.SYSTEM_TOOLS
09-15 21:13:36.122  3582  3842 W PackageManager: Permission com.android.launcher3.permission.WRITE_SETTINGS from package com.cyanogenmod.trebuchet in an unknown group android.permission-group.SYSTEM_TOOLS
09-15 21:13:36.124  3582  3843 W PackageParser: Ignoring duplicate uses-permissions/uses-permissions-sdk-m: android.permission.USE_CREDENTIALS in package: com.android.settings at: Binary XML file line #56
09-15 21:13:36.124  3582  3843 W PackageParser: Ignoring duplicate uses-permissions/uses-permissions-sdk-m: android.permission.READ_SYNC_SETTINGS in package: com.android.settings at: Binary XML file line #61
09-15 21:13:36.125  3582  3843 W PackageParser: Ignoring duplicate uses-permissions/uses-permissions-sdk-m: android.permission.WRITE_SYNC_SETTINGS in package: com.android.settings at: Binary XML file line #62
09-15 21:13:36.131  3582  3845 I PackageManager: /system/priv-app/TeleService changed; collecting certs
09-15 21:13:36.132  3582  3844 I PackageManager: /system/priv-app/WeatherManagerService changed; collecting certs
09-15 21:13:36.133  3582  3842 I PackageManager: /system/priv-app/WallpaperCropper changed; collecting certs
09-15 21:13:36.142  3582  3846 I PackageManager: /system/priv-app/WeatherProvider changed; collecting certs
09-15 21:13:36.227  3582  3843 I PackageManager: /system/priv-app/Settings changed; collecting certs
09-15 21:13:36.322  3582  3844 I PackageManager: /system/app/BasicDreams changed; collecting certs
09-15 21:13:36.322  3582  3841 I PackageManager: /system/app/BookmarkProvider changed; collecting certs
09-15 21:13:36.323  3582  3845 I PackageManager: /system/app/BluetoothMidiService changed; collecting certs
09-15 21:13:36.326  3582  3842 I PackageManager: /system/app/AdvancedDisplay changed; collecting certs
09-15 21:13:36.336  3582  3845 I PackageManager: /system/app/CaptivePortalLogin changed; collecting certs
09-15 21:13:36.340  3582  3843 I PackageManager: /system/app/Calendar changed; collecting certs
09-15 21:13:36.340  3582  3846 W PackageParser: No actions in intent filter at /system/app/Bluetooth/Bluetooth.apk Binary XML file line #226
09-15 21:13:36.345  3582  3846 I PackageManager: /system/app/Bluetooth changed; collecting certs
09-15 21:13:36.349  3582  3842 I PackageManager: /system/app/CtsShimPrebuilt changed; collecting certs
09-15 21:13:36.350  3582  3844 I PackageManager: /system/app/Camera2 changed; collecting certs
09-15 21:13:36.353  3582  3841 I PackageManager: /system/app/CertInstaller changed; collecting certs
09-15 21:13:36.353  3582  3845 W PackageParser: Ignoring duplicate uses-permissions/uses-permissions-sdk-m: android.permission.WRITE_SETTINGS in package: com.android.deskclock at: Binary XML file line #45
09-15 21:13:36.355  3582  3843 W PackageManager: Non-privileged app; cap priority to 0; package: com.android.calendar activity: com.android.calendar.GoogleCalendarUriIntentFilter origPrio: 50
09-15 21:13:36.357  3582  3842 W PackageManager: Non-privileged app; cap priority to 0; package: com.android.cts.ctsshim activity: com.android.cts.ctsshim.InstallPriority origPrio: 100
09-15 21:13:36.358  3582  3842 W PackageManager: Non-privileged app; cap priority to 0; package: com.android.cts.ctsshim activity: com.android.cts.ctsshim.InstallPriority origPrio: 100
09-15 21:13:36.358  3582  3842 W PackageManager: Non-privileged app; cap priority to 0; package: com.android.cts.ctsshim activity: com.android.cts.ctsshim.InstallPriority origPrio: 100
09-15 21:13:36.358  3582  3842 W PackageManager: Non-privileged app; cap priority to 0; package: com.android.cts.ctsshim activity: com.android.cts.ctsshim.InstallPriority origPrio: 100
09-15 21:13:36.358  3582  3842 W PackageManager: Non-privileged app; cap priority to 0; package: com.android.cts.ctsshim activity: com.android.cts.ctsshim.InstallPriority origPrio: 100
09-15 21:13:36.364  3582  3845 I PackageManager: /system/app/DeskClock changed; collecting certs
09-15 21:13:36.369  3582  3841 I PackageManager: /system/app/EasterEgg changed; collecting certs
09-15 21:13:36.371  3582  3842 I PackageManager: /system/app/DownloadProviderUi changed; collecting certs
09-15 21:13:36.371  3582  3843 I PackageManager: /system/app/Development changed; collecting certs
09-15 21:13:36.389  3582  3845 I PackageManager: /system/app/HTMLViewer changed; collecting certs
09-15 21:13:36.389  3582  3842 I PackageManager: /system/app/Exchange2 changed; collecting certs
09-15 21:13:36.390  3582  3841 I PackageManager: /system/app/ExactCalculator changed; collecting certs
09-15 21:13:36.392  3582  3843 I PackageManager: /system/app/ExtShared changed; collecting certs
09-15 21:13:36.396  3582  3844 I PackageManager: /system/app/Jelly changed; collecting certs
09-15 21:13:36.402  3582  3845 I PackageManager: /system/app/KeyChain changed; collecting certs
09-15 21:13:36.408  3582  3842 I PackageManager: /system/app/LiveWallpapersPicker changed; collecting certs
09-15 21:13:36.413  3582  3845 I PackageManager: /system/app/PacProcessor changed; collecting certs
09-15 21:13:36.414  3582  3844 W PackageParser: Ignoring duplicate uses-permissions/uses-permissions-sdk-m: android.permission.CHANGE_WIFI_STATE in package: com.android.nfc at: Binary XML file line #47
09-15 21:13:36.414  3582  3844 W PackageParser: Ignoring duplicate uses-permissions/uses-permissions-sdk-m: android.permission.ACCESS_WIFI_STATE in package: com.android.nfc at: Binary XML file line #48
09-15 21:13:36.419  3582  3844 I PackageManager: /system/app/NfcNci changed; collecting certs
09-15 21:13:36.422  3582  3841 I PackageManager: /system/app/LockClock changed; collecting certs
09-15 21:13:36.429  3582  3846 I PackageManager: /system/app/Email changed; collecting certs
09-15 21:13:36.430  3582  3842 I PackageManager: /system/app/PhotoTable changed; collecting certs
09-15 21:13:36.432  3582  3843 I PackageManager: /system/app/LatinIME changed; collecting certs
09-15 21:13:36.436  3582  3845 I PackageManager: /system/app/PicoTts changed; collecting certs
09-15 21:13:36.437  3582  3844 I PackageManager: /system/app/PrintRecommendationService changed; collecting certs
09-15 21:13:36.452  3582  3845 I PackageManager: /system/app/RootPA changed; collecting certs
09-15 21:13:36.452  3582  3844 I PackageManager: /system/app/Profiles changed; collecting certs
09-15 21:13:36.454  3582  3842 I PackageManager: /system/app/PrintSpooler changed; collecting certs
09-15 21:13:36.459  3582  3841 I PackageManager: /system/app/Stk changed; collecting certs
09-15 21:13:36.466  3582  3845 I PackageManager: /system/app/UserDictionaryProvider changed; collecting certs
09-15 21:13:36.469  3582  3844 I PackageManager: /system/app/Terminal changed; collecting certs
09-15 21:13:36.469  3582  3841 I PackageManager: /system/app/WallpaperBackup changed; collecting certs
09-15 21:13:36.470  3582  3842 I PackageManager: /system/app/WAPPushManager changed; collecting certs
09-15 21:13:36.479  3582  3846 W PackageManager: Permission com.android.email.permission.READ_ATTACHMENT from package com.android.email in an unknown group android.permission-group.MESSAGES
09-15 21:13:36.480  3582  3845 I PackageManager: /system/app/WallpaperPicker changed; collecting certs
09-15 21:13:36.481  3582  3846 W PackageManager: Failed to parse /system/app/mcRegistry: Missing base APK in /system/app/mcRegistry
09-15 21:13:36.489  3582  3842 I PackageManager: /system/app/telresources changed; collecting certs
09-15 21:13:36.502  3582  3846 I PackageManager: /system/app/webview changed; collecting certs
09-15 21:13:36.521  3582  3841 I PackageManager: /system/app/messaging changed; collecting certs
09-15 21:13:36.842  3582  3582 E PackageManager: There should probably be exactly one setup wizard; found 0: matches=[]
09-15 21:13:36.842  3582  3582 W PackageManager: Protected action; cap priority to 0; package: com.android.cts.priv.ctsshim activity: com.android.cts.priv.ctsshim.InstallPriority origPrio: 100
09-15 21:13:36.842  3582  3582 W PackageManager: Protected action; cap priority to 0; package: com.android.cts.priv.ctsshim activity: com.android.cts.priv.ctsshim.InstallPriority origPrio: 100
09-15 21:13:36.842  3582  3582 W PackageManager: Protected action; cap priority to 0; package: com.android.cts.priv.ctsshim activity: com.android.cts.priv.ctsshim.InstallPriority origPrio: 100
09-15 21:13:36.843  3582  3582 W PackageManager: Protected action; cap priority to 0; package: com.android.cts.priv.ctsshim activity: com.android.cts.priv.ctsshim.InstallPriority origPrio: 100
09-15 21:13:36.843  3582  3582 W PackageManager: Protected action; cap priority to 0; package: com.android.packageinstaller activity: com.android.packageinstaller.PackageInstallerActivity origPrio: 1
09-15 21:13:36.843  3582  3582 W PackageManager: Package com.android.gallery3d desires unavailable shared library com.google.android.media.effects; ignoring!
09-15 21:13:36.843  3582  3582 W PackageManager: Package com.android.gallery3d desires unavailable shared library com.google.android.media.effects; ignoring!
09-15 21:13:36.843  3582  3582 I PackageManager: Adjusting ABI for com.android.providers.media to arm64-v8a (requirer=com.android.mtp, scannedPackage=null)
09-15 21:13:36.844  3582  3582 I PackageManager: Adjusting ABI for com.android.providers.downloads to arm64-v8a (requirer=com.android.mtp, scannedPackage=null)
09-15 21:13:36.844  3582  3582 I PackageManager: Adjusting ABI for com.android.providers.downloads.ui to arm64-v8a (requirer=com.android.mtp, scannedPackage=null)
09-15 21:13:36.845  3582  3582 I PackageManager: Adjusting ABI for com.android.server.telecom to arm64-v8a (requirer=android, scannedPackage=null)
09-15 21:13:36.845  3582  3582 I PackageManager: Adjusting ABI for com.android.development to arm64-v8a (requirer=android, scannedPackage=null)
09-15 21:13:36.846  3582  3582 I PackageManager: Adjusting ABI for com.android.settings to arm64-v8a (requirer=android, scannedPackage=null)
09-15 21:13:36.846  3582  3582 I PackageManager: Adjusting ABI for com.android.providers.settings to arm64-v8a (requirer=android, scannedPackage=null)
09-15 21:13:36.846  3582  3582 I PackageManager: Adjusting ABI for com.android.wallpaperbackup to arm64-v8a (requirer=android, scannedPackage=null)
09-15 21:13:36.847  3582  3582 I PackageManager: Adjusting ABI for cyanogenmod.platform to arm64-v8a (requirer=android, scannedPackage=null)
09-15 21:13:36.847  3582  3582 I PackageManager: Adjusting ABI for com.cyanogenmod.setupwizard to arm64-v8a (requirer=android, scannedPackage=null)
09-15 21:13:36.848  3582  3582 I PackageManager: Adjusting ABI for org.cyanogenmod.cmsettings to arm64-v8a (requirer=android, scannedPackage=null)
09-15 21:13:36.848  3582  3582 I PackageManager: Adjusting ABI for com.android.location.fused to arm64-v8a (requirer=android, scannedPackage=null)
09-15 21:13:36.848  3582  3582 I PackageManager: Adjusting ABI for com.android.keychain to arm64-v8a (requirer=android, scannedPackage=null)
09-15 21:13:36.849  3582  3582 I PackageManager: Adjusting ABI for org.cyanogenmod.cmparts to arm64-v8a (requirer=android, scannedPackage=null)
09-15 21:13:36.849  3582  3582 I PackageManager: Adjusting ABI for com.android.inputdevices to arm64-v8a (requirer=android, scannedPackage=null)
09-15 21:13:36.849  3582  3582 I PackageManager: Adjusting ABI for com.cyanogenmod.settings.device to arm64-v8a (requirer=android, scannedPackage=null)
09-15 21:13:36.850  3582  3582 I PackageManager: Time to scan packages: 2.653 seconds
09-15 21:13:36.852  3582  3582 W PackageManager: Unknown permission com.google.android.googleapps.permission.GOOGLE_AUTH in package com.android.providers.calendar
09-15 21:13:36.853  3582  3582 W PackageManager: Unknown permission com.google.android.googleapps.permission.GOOGLE_AUTH.cl in package com.android.providers.calendar
09-15 21:13:36.858  3582  3582 W PackageManager: Unknown permission cyanogenmod.permission.LEGALESE in package com.cyanogenmod.setupwizard
09-15 21:13:36.860  3582  3582 W PackageManager: Unknown permission com.android.gallery3d.permission.STORAGE_CHANGE in package com.android.camera2
09-15 21:13:36.861  3582  3582 W PackageManager: Unknown permission android.permission.NFC_UNLOCK in package com.android.nfc
09-15 21:13:36.864  3582  3582 W PackageManager: Unknown permission com.google.android.googleapps.permission.GOOGLE_AUTH.mail in package com.android.calendar
09-15 21:13:36.864  3582  3582 W PackageManager: Unknown permission com.android.launcher.permission.READ_SETTINGS in package com.android.onetimeinitializer
09-15 21:13:36.865  3582  3582 W PackageManager: Unknown permission com.android.launcher.permission.WRITE_SETTINGS in package com.android.onetimeinitializer
09-15 21:13:36.870  3582  3582 W PackageManager: Unknown permission com.android.launcher.permission.READ_SETTINGS in package com.cyanogenmod.trebuchet
09-15 21:13:36.870  3582  3582 W PackageManager: Unknown permission com.android.launcher.permission.WRITE_SETTINGS in package com.cyanogenmod.trebuchet
09-15 21:13:36.871  3582  3582 W PackageManager: Unknown permission com.google.android.permission.INSTALL_WEARABLE_PACKAGES in package com.android.packageinstaller
09-15 21:13:36.872  3582  3582 W PackageManager: Not granting permission android.permission.DELETE_PACKAGES to package com.svox.pico (protectionLevel=18 flags=0x3808be45)
09-15 21:13:36.874  3582  3582 W PackageManager: Unknown permission com.google.android.gallery3d.permission.PICASA_STORE in package com.android.dreams.phototable
09-15 21:13:36.875  3582  3582 W PackageManager: Unknown permission com.google.android.googleapps.permission.GOOGLE_AUTH in package com.android.settings
09-15 21:13:36.876  3582  3582 W PackageManager: Unknown permission com.android.launcher.permission.READ_SETTINGS in package com.android.settings
09-15 21:13:36.876  3582  3582 W PackageManager: Unknown permission com.android.launcher.permission.WRITE_SETTINGS in package com.android.settings
09-15 21:13:36.888  3582  3582 W PackageManager: Not granting permission android.permission.MANAGE_DOCUMENTS to package com.android.deskclock (protectionLevel=2 flags=0x3c49be45)
09-15 21:13:36.889  3582  3582 W PackageManager: Unknown permission com.android.deskclock.worldclock.permissions.WRITE_DATABASE in package com.android.deskclock
09-15 21:13:36.889  3582  3582 W PackageManager: Unknown permission org.codeaurora.permission.POWER_ON_ALERT in package com.android.deskclock
09-15 21:13:36.889  3582  3582 W PackageManager: Not granting permission android.permission.WRITE_SECURE_SETTINGS to package com.android.deskclock (protectionLevel=50 flags=0x3c49be45)
09-15 21:13:36.895  3582  3582 W PackageManager: Unknown permission com.cyanogenmod.lockclock.permission.READ_WEATHER in package com.android.systemui
09-15 21:13:36.898  3582  3582 W PackageManager: Unknown permission com.google.android.gallery3d.permission.GALLERY_PROVIDER in package com.android.bluetooth
09-15 21:13:36.900  3582  3582 W PackageManager: Unknown permission com.google.android.googleapps.permission.ACCESS_GOOGLE_PASSWORD in package com.android.development
09-15 21:13:36.900  3582  3582 W PackageManager: Unknown permission com.google.android.googleapps.permission.GOOGLE_AUTH in package com.android.development
09-15 21:13:36.900  3582  3582 W PackageManager: Unknown permission com.google.android.googleapps.permission.GOOGLE_AUTH.ALL_SERVICES in package com.android.development
09-15 21:13:36.900  3582  3582 W PackageManager: Unknown permission com.google.android.googleapps.permission.GOOGLE_AUTH.YouTubeUser in package com.android.development
09-15 21:13:36.901  3582  3582 V PackageManager: reconcileAppsData for null u0 0x3
09-15 21:13:37.033  3582  3582 V PackageManager: reconcileAppsData finished 93 packages
09-15 21:13:37.033  3582  3582 V PackageManager: Disabling com.google.android.gsf/com.google.android.gsf.update.SystemUpdateActivity
09-15 21:13:37.033  3582  3582 W PackageManager: Unable to disable com.google.android.gsf/com.google.android.gsf.update.SystemUpdateActivity
09-15 21:13:37.033  3582  3582 V PackageManager: Disabling com.google.android.gsf/com.google.android.gsf.update.SystemUpdateService$Receiver
09-15 21:13:37.033  3582  3582 W PackageManager: Unable to disable com.google.android.gsf/com.google.android.gsf.update.SystemUpdateService$Receiver
09-15 21:13:37.033  3582  3582 V PackageManager: Disabling com.google.android.gsf/com.google.android.gsf.update.SystemUpdateService$SecretCodeReceiver
09-15 21:13:37.033  3582  3582 W PackageManager: Unable to disable com.google.android.gsf/com.google.android.gsf.update.SystemUpdateService$SecretCodeReceiver
09-15 21:13:37.034  3582  3582 V PackageManager: Disabling com.google.android.gsf/com.google.android.gsf.update.SystemUpdateServiceReceiver
09-15 21:13:37.034  3582  3582 W PackageManager: Unable to disable com.google.android.gsf/com.google.android.gsf.update.SystemUpdateServiceReceiver
09-15 21:13:37.034  3582  3582 V PackageManager: Disabling com.google.android.gms/com.google.android.gms.update.SystemUpdateActivity
09-15 21:13:37.034  3582  3582 W PackageManager: Unable to disable com.google.android.gms/com.google.android.gms.update.SystemUpdateActivity
09-15 21:13:37.034  3582  3582 V PackageManager: Disabling com.google.android.gms/com.google.android.gms.update.SystemUpdateService$Receiver
09-15 21:13:37.034  3582  3582 W PackageManager: Unable to disable com.google.android.gms/com.google.android.gms.update.SystemUpdateService$Receiver
09-15 21:13:37.034  3582  3582 V PackageManager: Disabling com.google.android.gms/com.google.android.gms.update.SystemUpdateService$ActiveReceiver
09-15 21:13:37.034  3582  3582 W PackageManager: Unable to disable com.google.android.gms/com.google.android.gms.update.SystemUpdateService$ActiveReceiver
09-15 21:13:37.034  3582  3582 V PackageManager: Disabling com.google.android.gms/com.google.android.gms.update.SystemUpdateService$SecretCodeReceiver
09-15 21:13:37.035  3582  3582 W PackageManager: Unable to disable com.google.android.gms/com.google.android.gms.update.SystemUpdateService$SecretCodeReceiver
09-15 21:13:37.035  3582  3582 V PackageManager: Disabling com.google.android.gms/com.google.android.gms.update.SystemUpdateServiceReceiver
09-15 21:13:37.035  3582  3582 W PackageManager: Unable to disable com.google.android.gms/com.google.android.gms.update.SystemUpdateServiceReceiver
09-15 21:13:37.035  3582  3582 V PackageManager: Enabling com.google.android.gsf/com.google.android.gsf.update.SystemUpdateService
09-15 21:13:37.035  3582  3582 W PackageManager: Unable to enable com.google.android.gsf/com.google.android.gsf.update.SystemUpdateService
09-15 21:13:37.035  3582  3582 V PackageManager: Enabling com.google.android.gms/com.google.android.gms.update.SystemUpdateService
09-15 21:13:37.035  3582  3582 W PackageManager: Unable to enable com.google.android.gms/com.google.android.gms.update.SystemUpdateService
09-15 21:13:46.215  3582  3582 D PackageManager: Ephemeral resolver NOT found; no matching intent filters
09-15 21:13:46.216  3582  3582 I PackageManager: Ephemeral deactivated; missing resolver and installer
09-15 21:13:46.239  3582  3582 I SystemServer: StartOtaDexOptService
09-15 21:13:46.241  3582  3582 I SystemServer: StartUserManagerService
09-15 21:13:46.241  3582  3582 I SystemServiceManager: Starting com.android.server.pm.UserManagerService$LifeCycle
09-15 21:13:46.255  3582  3582 I SystemServiceManager: Starting com.android.server.BatteryService
09-15 21:13:46.260  3582  3582 I SystemServiceManager: Starting com.android.server.usage.UsageStatsService
09-15 21:13:46.274  3582  3582 I SystemServiceManager: Starting com.android.server.webkit.WebViewUpdateService
09-15 21:13:46.277  3582  3582 I SystemServer: Reading configuration...
09-15 21:13:46.277  3582  3582 I SystemServer: StartSchedulingPolicyService
09-15 21:13:46.278  3582  3582 I SystemServiceManager: Starting com.android.server.telecom.TelecomLoaderService
09-15 21:13:46.279  3582  3582 I SystemServer: StartTelephonyRegistry
09-15 21:13:46.282  3582  3582 I SystemServer: StartEntropyMixer
09-15 21:13:46.283  3582  3582 W EntropyMixer: No existing entropy file -- first boot?
09-15 21:13:46.302  3582  3582 I EntropyMixer: Added HW RNG output to entropy pool
09-15 21:13:46.302  3582  3582 I EntropyMixer: Writing entropy...
09-15 21:13:46.325  3582  3582 I SystemServer: Camera Service
09-15 21:13:46.325  3582  3582 I SystemServiceManager: Starting com.android.server.camera.CameraService
09-15 21:13:46.326  3582  4024 I ServiceThread: Enabled StrictMode logging for CameraService_proxy looper.
09-15 21:13:46.327  3582  3582 I SystemServer: StartAccountManagerService
09-15 21:13:46.327  3582  3582 I SystemServiceManager: Starting com.android.server.accounts.AccountManagerService$Lifecycle
09-15 21:13:46.334  3582  3582 I SystemServer: StartContentService
09-15 21:13:46.334  3582  3582 I SystemServiceManager: Starting com.android.server.content.ContentService$Lifecycle
09-15 21:13:46.336  3582  3582 I SystemServer: InstallSystemProviders
09-15 21:13:46.390  3582  3582 D ActivityThread: Loading provider settings: com.android.providers.settings.SettingsProvider
09-15 21:13:46.487  3582  3582 I SettingsState: No settings state /data/system/users/0/settings_system.xml
09-15 21:13:46.503  3582  3582 I SettingsState: No settings state /data/system/users/0/settings_secure.xml
09-15 21:13:46.507  3582  3582 D SettingsProvider: Generated and saved new ANDROID_ID [8c1570c6815d300e] for user 0
09-15 21:13:46.521  3582  3582 I SettingsState: No settings state /data/system/users/0/settings_global.xml
09-15 21:13:46.575  3582  3582 I SystemServer: StartVibratorService
09-15 21:13:46.579  3582  3582 I SystemServer: StartConsumerIrService
09-15 21:13:46.580  3582  3582 I SystemServer: StartAlarmManagerService
09-15 21:13:46.581  3582  3582 I SystemServiceManager: Starting com.android.server.AlarmManagerService
09-15 21:13:46.586  3582  3582 I SystemServer: InitWatchdog
09-15 21:13:46.586  3582  3582 I SystemServer: StartInputManagerService
09-15 21:13:46.587  3582  3582 I InputManager: Initializing input manager, mUseDevInputEventForAudioJack=false
09-15 21:13:46.588  3582  3582 I SystemServer: StartWindowManagerService
09-15 21:13:46.596  3582  3690 I WindowManager: No existing display settings /data/system/display_settings.xml; starting empty
09-15 21:13:46.680  3582  3582 I SystemServer: StartVrManagerService
09-15 21:13:46.680  3582  3582 I SystemServiceManager: Starting com.android.server.vr.VrManagerService
09-15 21:13:46.683  3582  3582 I InputManager: Starting input manager
09-15 21:13:46.689  3582  3582 I SystemServiceManager: Starting com.android.server.BluetoothService
09-15 21:13:46.691  3582  3582 D BluetoothManagerService: Loading stored name and address
09-15 21:13:46.691  3582  3582 D BluetoothManagerService: Stored bluetooth Name=null,Address=null
09-15 21:13:46.691  3582  3582 D BluetoothManagerService: Bluetooth persisted state: 0
09-15 21:13:46.691  3582  3582 I SystemServer: ConnectivityMetricsLoggerService
09-15 21:13:46.691  3582  3582 I SystemServiceManager: Starting com.android.server.connectivity.MetricsLoggerService
09-15 21:13:46.692  3582  3582 I SystemServer: IpConnectivityMetrics
09-15 21:13:46.692  3582  3582 I SystemServiceManager: Starting com.android.server.connectivity.IpConnectivityMetrics
09-15 21:13:46.693  3582  3582 I SystemServer: PinnerService
09-15 21:13:46.693  3582  3582 I SystemServiceManager: Starting com.android.server.PinnerService
09-15 21:13:46.694  3582  3582 I SystemServiceManager: Starting com.android.server.InputMethodManagerService$Lifecycle
09-15 21:13:46.836  3582  3582 W InputMethodManagerService: No IME selected. Choose the most applicable IME.
09-15 21:13:46.841  3582  3582 I InputMethodManagerService: Default found, using com.android.inputmethod.latin/.LatinIME
09-15 21:13:46.843  3582  3582 I SystemServer: StartAccessibilityManagerService
09-15 21:13:46.851  3582  3582 I ActivityManager: Config changes=1df8 {1.0 ?mcc?mnc [en_US] ldltr sw411dp w411dp h845dp 560dpi nrml long port ?uimode ?night -touch -keyb/h/h -nav/h s.2}
09-15 21:13:46.853  3582  3682 I UsageStatsDatabase: Upgrading from version 0 to 3
09-15 21:13:46.853  3582  3682 I UsageStatsDatabase: Deleting all usage stats files
09-15 21:13:46.856  3582  3682 I UsageStatsService: User[0] Rollover scheduled @ 2017-09-17 00:13:46(1505607226851)
09-15 21:13:46.856  3582  3682 D UsageStatsService: Initializing defaults for system apps on user 0
09-15 21:13:46.873  3582  3682 E AppIdleHistory: Unable to read app idle file for user 0
09-15 21:13:46.874  3582  3690 I ActivityManager: Config changes=400 {1.0 ?mcc?mnc [en_US] ldltr sw411dp w411dp h773dp 560dpi nrml long port ?uimode ?night -touch -keyb/h/h -nav/h s.3}
09-15 21:13:46.879  3582  3690 W LocalDisplayAdapter: Unable to find color mode 0, ignoring request.
09-15 21:13:46.891  3582  3582 W LocalDisplayAdapter: Unable to find color mode 0, ignoring request.
09-15 21:13:46.891  3582  3582 I SystemServiceManager: Starting com.android.server.MountService$Lifecycle
09-15 21:13:46.900  3582  4032 D MountService: Thinking about init, mSystemReady=false, mDaemonConnected=true
09-15 21:13:46.900  3582  3582 I SystemServiceManager: Starting com.android.server.UiModeManagerService
09-15 21:13:46.900  3582  4032 D MountService: Thinking about reset, mSystemReady=false, mDaemonConnected=true
09-15 21:13:46.900  3582  4032 D MountService: Thinking about init, mSystemReady=false, mDaemonConnected=true
09-15 21:13:46.900  3582  4032 D MountService: Thinking about reset, mSystemReady=false, mDaemonConnected=true
09-15 21:13:46.900  3582  4032 D CryptdConnector: SND -> {1 cryptfs getfield SystemLocale}
09-15 21:13:46.901  3582  3582 I ActivityManager: Config changes=200 {1.0 ?mcc?mnc [en_US] ldltr sw411dp w411dp h773dp 560dpi nrml long port -touch -keyb/h/h -nav/h s.4}
09-15 21:13:46.901  3582  4034 D CryptdConnector: RCV <- {200 1 -1}
09-15 21:13:46.904  3582  4032 W MountService: No primary storage mounted!
09-15 21:13:46.904  3582  4032 D VoldConnector: SND -> {1 asec list}
09-15 21:13:46.905  3582  4033 D VoldConnector: RCV <- {200 1 asec operation succeeded}
09-15 21:13:46.908  3582  4032 W PackageManager: Unknown permission com.google.android.googleapps.permission.GOOGLE_AUTH in package com.android.providers.calendar
09-15 21:13:46.908  3582  4032 W PackageManager: Unknown permission com.google.android.googleapps.permission.GOOGLE_AUTH.cl in package com.android.providers.calendar
09-15 21:13:46.912  3582  4032 W PackageManager: Unknown permission cyanogenmod.permission.LEGALESE in package com.cyanogenmod.setupwizard
09-15 21:13:46.914  3582  4032 W PackageManager: Unknown permission com.android.gallery3d.permission.STORAGE_CHANGE in package com.android.camera2
09-15 21:13:46.914  3582  4032 W PackageManager: Unknown permission android.permission.NFC_UNLOCK in package com.android.nfc
09-15 21:13:46.917  3582  4032 W PackageManager: Unknown permission com.google.android.googleapps.permission.GOOGLE_AUTH.mail in package com.android.calendar
09-15 21:13:46.918  3582  4032 W PackageManager: Unknown permission com.android.launcher.permission.READ_SETTINGS in package com.android.onetimeinitializer
09-15 21:13:46.918  3582  4032 W PackageManager: Unknown permission com.android.launcher.permission.WRITE_SETTINGS in package com.android.onetimeinitializer
09-15 21:13:46.921  3582  4032 W PackageManager: Unknown permission com.android.launcher.permission.READ_SETTINGS in package com.cyanogenmod.trebuchet
09-15 21:13:46.921  3582  4032 W PackageManager: Unknown permission com.android.launcher.permission.WRITE_SETTINGS in package com.cyanogenmod.trebuchet
09-15 21:13:46.922  3582  4032 W PackageManager: Unknown permission com.google.android.permission.INSTALL_WEARABLE_PACKAGES in package com.android.packageinstaller
09-15 21:13:46.922  3582  4032 W PackageManager: Not granting permission android.permission.DELETE_PACKAGES to package com.svox.pico (protectionLevel=18 flags=0x3888be45)
09-15 21:13:46.924  3582  4032 W PackageManager: Unknown permission com.google.android.gallery3d.permission.PICASA_STORE in package com.android.dreams.phototable
09-15 21:13:46.925  3582  4032 W PackageManager: Unknown permission com.google.android.googleapps.permission.GOOGLE_AUTH in package com.android.settings
09-15 21:13:46.926  3582  4032 W PackageManager: Unknown permission com.android.launcher.permission.READ_SETTINGS in package com.android.settings
09-15 21:13:46.926  3582  4032 W PackageManager: Unknown permission com.android.launcher.permission.WRITE_SETTINGS in package com.android.settings
09-15 21:13:46.937  3582  4032 W PackageManager: Not granting permission android.permission.MANAGE_DOCUMENTS to package com.android.deskclock (protectionLevel=2 flags=0x3cc9be45)
09-15 21:13:46.937  3582  4032 W PackageManager: Unknown permission com.android.deskclock.worldclock.permissions.WRITE_DATABASE in package com.android.deskclock
09-15 21:13:46.937  3582  4032 W PackageManager: Unknown permission org.codeaurora.permission.POWER_ON_ALERT in package com.android.deskclock
09-15 21:13:46.937  3582  4032 W PackageManager: Not granting permission android.permission.WRITE_SECURE_SETTINGS to package com.android.deskclock (protectionLevel=50 flags=0x3cc9be45)
09-15 21:13:46.941  3582  4032 W PackageManager: Unknown permission com.cyanogenmod.lockclock.permission.READ_WEATHER in package com.android.systemui
09-15 21:13:46.943  3582  4032 W PackageManager: Unknown permission com.google.android.gallery3d.permission.GALLERY_PROVIDER in package com.android.bluetooth
09-15 21:13:46.945  3582  4032 W PackageManager: Unknown permission com.google.android.googleapps.permission.ACCESS_GOOGLE_PASSWORD in package com.android.development
09-15 21:13:46.945  3582  4032 W PackageManager: Unknown permission com.google.android.googleapps.permission.GOOGLE_AUTH in package com.android.development
09-15 21:13:46.945  3582  4032 W PackageManager: Unknown permission com.google.android.googleapps.permission.GOOGLE_AUTH.ALL_SERVICES in package com.android.development
09-15 21:13:46.945  3582  4032 W PackageManager: Unknown permission com.google.android.googleapps.permission.GOOGLE_AUTH.YouTubeUser in package com.android.development
09-15 21:13:47.417  3582  4030 I ActivityManager: Config changes=8 {1.0 ?mcc?mnc [en_US] ldltr sw411dp w411dp h773dp 560dpi nrml long port finger -keyb/h/h -nav/h s.5}
09-15 21:13:47.529  3582  4032 W MountService: No primary storage mounted!
09-15 21:13:47.529  3582  4032 D VoldConnector: SND -> {2 asec list}
09-15 21:13:47.530  3582  4033 D VoldConnector: RCV <- {200 2 asec operation succeeded}
09-15 21:13:53.870  3582  3582 W PackageManager: No disk maintenance in 1505520833870; running immediately
09-15 21:13:53.870  3582  3582 I SystemServer: StartLockSettingsService
09-15 21:13:53.870  3582  4032 I MountService: Running fstrim idle maintenance
09-15 21:13:53.870  3582  3582 I SystemServiceManager: Starting com.android.server.LockSettingsService$Lifecycle
09-15 21:13:53.870  3582  4032 D VoldConnector: SND -> {3 fstrim dotrim}
09-15 21:13:53.872  3079  4670 D vold    : Starting trim of /cache
09-15 21:13:53.872  3582  4033 D VoldConnector: RCV <- {200 3 Command succeeded}
09-15 21:13:53.883  3582  3582 I SystemServiceManager: Starting com.android.server.DeviceIdleController
09-15 21:13:53.886  3582  3582 I SystemServiceManager: Starting com.android.server.devicepolicy.DevicePolicyManagerService$Lifecycle
09-15 21:13:53.890  3582  3582 I SystemServer: StartStatusBarManagerService
09-15 21:13:53.892  3582  3582 I SystemServer: StartClipboardService
09-15 21:13:53.894  3582  3582 I SystemServer: StartNetworkManagementService
09-15 21:13:53.895  3582  4671 I NetworkManagement: onDaemonConnected()
09-15 21:13:53.898  3582  3582 I SystemServiceManager: Starting com.android.server.TextServicesManagerService$Lifecycle
09-15 21:13:53.904  3582  3582 I SystemServer: StartNetworkScoreService
09-15 21:13:53.904  3079  4670 I vold    : Trimmed 507375616 bytes on /cache in 32ms
09-15 21:13:53.904  3079  4670 D vold    : Starting trim of /data
09-15 21:13:53.905  3582  4033 D VoldConnector: RCV <- {662 /cache 507375616 32539576}
09-15 21:13:53.906  3582  3582 I SystemServer: StartNetworkStatsService
09-15 21:13:53.910  3582  3582 I SystemServer: StartNetworkPolicyManagerService
09-15 21:13:53.913  3582  3582 I SystemServer: No Wi-Fi NAN Service (NAN support Not Present)
09-15 21:13:53.913  3582  3582 I SystemServiceManager: Starting com.android.server.wifi.p2p.WifiP2pService
09-15 21:13:53.945  3582  3582 I SystemServiceManager: Starting com.android.server.wifi.WifiService
09-15 21:13:54.238  3582  3582 I SystemServiceManager: Starting com.android.server.wifi.scanner.WifiScanningService
09-15 21:13:54.242  3582  3582 I SystemServiceManager: Starting com.android.server.wifi.RttService
09-15 21:13:54.243  3582  3582 I SystemServiceManager: Starting com.android.server.ethernet.EthernetService
09-15 21:13:54.245  3582  3582 I SystemServer: StartConnectivityService
09-15 21:13:54.256  3582  3582 D ConnectivityService: ConnectivityService starting up
09-15 21:13:54.261  3582  3582 D ConnectivityService: wifiOnly=false
09-15 21:13:54.278  3582  3582 I SystemServer: StartNsdService
09-15 21:13:54.280  3582  3582 I SystemServer: StartUpdateLockService
09-15 21:13:54.282  3582  3582 I SystemServiceManager: Starting com.android.server.RecoverySystemService
09-15 21:13:54.283  3582  3582 I SystemServiceManager: Starting com.android.server.notification.NotificationManagerService
09-15 21:13:54.296  3582  3582 D ConditionProviders.SCP: new ScheduleConditionProvider()
09-15 21:13:54.322  3582  3582 D ZenLog  : set_zen_mode: off,init
09-15 21:13:54.336  3582  3582 I SystemServiceManager: Starting com.android.server.storage.DeviceStorageMonitorService
09-15 21:13:54.339  3582  3582 I SystemServer: StartLocationManagerService
09-15 21:13:54.340  3582  3582 I SystemServer: StartCountryDetectorService
09-15 21:13:54.342  3582  3582 I SystemServer: StartSearchManagerService
09-15 21:13:54.342  3582  3582 I SystemServiceManager: Starting com.android.server.search.SearchManagerService$Lifecycle
09-15 21:13:54.344  3582  3582 I SystemServiceManager: Starting com.android.server.DropBoxManagerService
09-15 21:13:54.346  3582  3582 I SystemServer: StartWallpaperManagerService
09-15 21:13:54.346  3582  3582 I SystemServiceManager: Starting com.android.server.wallpaper.WallpaperManagerService$Lifecycle
09-15 21:13:54.348  3582  3582 E WallpaperManagerService: Invalid wallpaper data
09-15 21:13:54.348  3582  3582 E WallpaperManagerService: Unable to apply new wallpaper
09-15 21:13:54.349  3582  3582 W WallpaperManagerService: no current wallpaper -- first boot?
09-15 21:13:54.349  3582  3582 I SystemServer: StartAudioService
09-15 21:13:54.349  3582  3582 I SystemServiceManager: Starting com.android.server.audio.AudioService$Lifecycle
09-15 21:13:54.394  3582  3582 I SystemServiceManager: Starting com.android.server.DockObserver
09-15 21:13:54.396  3582  3582 I SystemServer: StartWiredAccessoryManager
09-15 21:13:54.397  3582  3582 W WiredAccessoryManager: This kernel does not have usb audio support
09-15 21:13:54.398  3582  3582 I SystemServiceManager: Starting com.android.server.usb.UsbService$Lifecycle
09-15 21:13:54.401  3582  3582 E UsbDeviceManager: failed to write to /sys/class/android_usb/android0/f_rndis/ethaddr
09-15 21:13:54.418  3582  3582 I UsbDeviceManager: Setting USB config to adb
09-15 21:13:55.474  3582  3582 E UsbDeviceManager: waitForState(adb) FAILED: got none
09-15 21:13:55.474  3582  3582 E UsbDeviceManager: Failed to switch USB config to adb
09-15 21:13:55.474  3582  3582 E UsbDeviceManager: Failsafe 1: Restoring previous USB functions.
09-15 21:13:55.474  3582  3582 I UsbDeviceManager: Setting USB config to mtp,adb
09-15 21:13:55.531  3582  3582 I SystemServer: StartSerialService
09-15 21:13:55.532  3582  3582 I SystemServiceManager: Starting com.android.server.twilight.TwilightService
09-15 21:13:55.533  3582  3582 I SystemServiceManager: Starting com.android.server.job.JobSchedulerService
09-15 21:13:55.538  3582  3582 I SystemServiceManager: Starting com.android.server.soundtrigger.SoundTriggerService
09-15 21:13:55.540  3582  3582 I SystemServiceManager: Starting com.android.server.backup.BackupManagerService$Lifecycle
09-15 21:13:55.541  3582  3582 I SystemServiceManager: Starting com.android.server.appwidget.AppWidgetService
09-15 21:13:55.546  3582  3582 I SystemServiceManager: Starting com.android.server.voiceinteraction.VoiceInteractionManagerService
09-15 21:13:55.548  3582  3582 I SystemServer: Gesture Launcher Service
09-15 21:13:55.548  3582  3582 I SystemServiceManager: Starting com.android.server.GestureLauncherService
09-15 21:13:55.548  3582  3582 I SystemServiceManager: Starting com.android.server.SensorNotificationService
09-15 21:13:55.548  3582  3582 I SystemServiceManager: Starting com.android.server.ContextHubSystemService
09-15 21:13:55.549  3582  3582 I SystemServer: StartDiskStatsService
09-15 21:13:55.551  3582  3582 I SystemServer: StartSamplingProfilerService
09-15 21:13:55.576  3582  3582 I SystemServer: StartNetworkTimeUpdateService
09-15 21:13:55.577  3582  3582 I SystemServer: StartCommonTimeManagementService
09-15 21:13:55.578  3582  3582 I SystemServer: CertBlacklister
09-15 21:13:55.579  3582  3582 I SystemServiceManager: Starting com.android.server.emergency.EmergencyAffordanceService
09-15 21:13:55.580  3582  3582 I SystemServiceManager: Starting com.android.server.dreams.DreamManagerService
09-15 21:13:55.581  3582  3582 I SystemServer: StartAssetAtlasService
09-15 21:13:55.589  3582  3582 I SystemServiceManager: Starting com.android.server.print.PrintManagerService
