09-26 01:25:30.756  3854  3854 W Telephony: TelecomAccountRegistry: Failed to get status , slotId: 1 Exception: java.lang.NullPointerException: Attempt to invoke interface method 'int org.codeaurora.internal.IExtTelephony.getCurrentUiccCardProvisioningStatus(int)' on a null object reference
09-26 01:25:30.758  3854  3854 D CarrierConfigLoader: mHandler: 7 phoneId: 0
09-26 01:25:30.760  3854  3854 E CarrierConfigLoader: java.io.FileNotFoundException: /data/user_de/0/com.android.phone/files/carrierconfig-com.android.carrierconfig-89543420816751226808-72234.xml (No such file or directory)
09-26 01:25:30.760  3854  3854 D CarrierConfigLoader: Binding to com.android.carrierconfig for phone 0
09-26 01:25:30.771  3567  3740 I ActivityManager: Start proc 4209:com.android.carrierconfig/u0a4 for service com.android.carrierconfig/.DefaultCarrierConfigService
09-26 01:25:30.773  3854  3854 D CarrierSvcBindHelper: mHandler: 0
09-26 01:25:30.773  3854  3854 D CarrierSvcBindHelper: Rebinding if necessary for phoneId: 0
09-26 01:25:30.774  3854  3854 D CarrierSvcBindHelper: No carrier app for: 0
09-26 01:25:30.775  3872  3872 D SimSelectNotification:  no of slots 2 provision = true
09-26 01:25:30.777  4209  4209 W System  : ClassLoader referenced unknown path: /system/priv-app/CarrierConfig/lib/arm64
09-26 01:25:30.785  4209  4209 D DefaultCarrierConfigService: Service created
09-26 01:25:30.786  3854  3854 I Telephony: PstnIncomingCallNotifier: Unregistering: Handler (com.android.internal.telephony.GsmCdmaPhone) {608e6e4}
09-26 01:25:30.786  3854  3854 W Telephony: TelecomAccountRegistry: Failed to get status , slotId: 0 Exception: java.lang.NullPointerException: Attempt to invoke interface method 'int org.codeaurora.internal.IExtTelephony.getCurrentUiccCardProvisioningStatus(int)' on a null object reference
09-26 01:25:30.795  3567  4060 I Telecom : PhoneAccountRegistrar: [ComponentInfo{com.android.phone/com.android.services.telephony.TelephonyConnectionService}, [2628372b20c6b31a61c46f7f5a9328dbf0edaed6], UserHandle{0}(icon: Icon(typ=BITMAP size=84x84) -> Icon(typ=BITMAP size=84x84))]: TSI.rPA@ACs
09-26 01:25:30.797  3567  4060 I Telecom : : Sending phone-account registered intent as user: TSI.rPA@ACs
09-26 01:25:30.797  3854  3854 I Telephony: AccountEntry: Registered phoneAccount: [[ ] PhoneAccount: ComponentInfo{com.android.phone/com.android.services.telephony.TelephonyConnectionService}, [2628372b20c6b31a61c46f7f5a9328dbf0edaed6], UserHandle{0} Capabilities: CallProvider MultiUser PlaceEmerg SimSub  Audio Routes: BESW Schemes: tel voicemail  Extras: null GroupId: [da39a3ee5e6b4b0d3255bfef95601890afd80709]] with handle: ComponentInfo{com.android.phone/com.android.services.telephony.TelephonyConnectionService}, [2628372b20c6b31a61c46f7f5a9328dbf0edaed6], UserHandle{0}
09-26 01:25:30.797  3854  3854 I Telephony: PstnIncomingCallNotifier: Registering: Handler (com.android.internal.telephony.GsmCdmaPhone) {608e6e4}
09-26 01:25:30.797  3854  3854 W Telephony: TelecomAccountRegistry: Failed to get status , slotId: 1 Exception: java.lang.NullPointerException: Attempt to invoke interface method 'int org.codeaurora.internal.IExtTelephony.getCurrentUiccCardProvisioningStatus(int)' on a null object reference
09-26 01:25:30.802  3854  3854 D CallNotifier: updatePhoneStateListeners: update CF notifications.
09-26 01:25:30.809  3854  3854 D CallNotifier: updatePhoneStateListeners: update CF notifications.
09-26 01:25:30.809  3854  3854 I Telephony: PstnIncomingCallNotifier: Unregistering: Handler (com.android.internal.telephony.GsmCdmaPhone) {608e6e4}
09-26 01:25:30.810  3854  3854 W Telephony: TelecomAccountRegistry: Failed to get status , slotId: 0 Exception: java.lang.NullPointerException: Attempt to invoke interface method 'int org.codeaurora.internal.IExtTelephony.getCurrentUiccCardProvisioningStatus(int)' on a null object reference
09-26 01:25:30.817  3567  3579 I Telecom : PhoneAccountRegistrar: [ComponentInfo{com.android.phone/com.android.services.telephony.TelephonyConnectionService}, [2628372b20c6b31a61c46f7f5a9328dbf0edaed6], UserHandle{0}(icon: Icon(typ=BITMAP size=84x84) -> Icon(typ=BITMAP size=84x84))]: TSI.rPA@AC4
09-26 01:25:30.818  3567  3579 I Telecom : : Sending phone-account registered intent as user: TSI.rPA@AC4
09-26 01:25:30.818  3854  3854 I Telephony: AccountEntry: Registered phoneAccount: [[ ] PhoneAccount: ComponentInfo{com.android.phone/com.android.services.telephony.TelephonyConnectionService}, [2628372b20c6b31a61c46f7f5a9328dbf0edaed6], UserHandle{0} Capabilities: CallProvider MultiUser PlaceEmerg SimSub  Audio Routes: BESW Schemes: tel voicemail  Extras: null GroupId: [da39a3ee5e6b4b0d3255bfef95601890afd80709]] with handle: ComponentInfo{com.android.phone/com.android.services.telephony.TelephonyConnectionService}, [2628372b20c6b31a61c46f7f5a9328dbf0edaed6], UserHandle{0}
09-26 01:25:30.818  3854  3854 I Telephony: PstnIncomingCallNotifier: Registering: Handler (com.android.internal.telephony.GsmCdmaPhone) {608e6e4}
09-26 01:25:30.819  3854  3854 W Telephony: TelecomAccountRegistry: Failed to get status , slotId: 1 Exception: java.lang.NullPointerException: Attempt to invoke interface method 'int org.codeaurora.internal.IExtTelephony.getCurrentUiccCardProvisioningStatus(int)' on a null object reference
09-26 01:25:30.825  3854  3854 I NotificationMgr: updateMwi(): subId 1 update to false
09-26 01:25:30.825  3854  3854 D CarrierConfigLoader: Connected to config app: com.android.carrierconfig/com.android.carrierconfig.DefaultCarrierConfigService
09-26 01:25:30.832  3567  3579 I Telecom : PhoneAccountRegistrar: [ComponentInfo{com.android.phone/com.android.services.telephony.TelephonyConnectionService}, [2628372b20c6b31a61c46f7f5a9328dbf0edaed6], UserHandle{0}(icon: Icon(typ=BITMAP size=84x84) -> Icon(typ=BITMAP size=84x84))]: TSI.rPA@ADE
09-26 01:25:30.833  3567  3579 I Telecom : : Sending phone-account registered intent as user: TSI.rPA@ADE
09-26 01:25:30.844  3854  3854 D CarrierConfigLoader: mHandler: 3 phoneId: 0
09-26 01:25:30.845  4209  4222 D DefaultCarrierConfigService: Config being fetched
09-26 01:25:30.846  4209  4222 D DefaultCarrierConfigService: java.io.FileNotFoundException: carrier_config_72234.xml
09-26 01:25:30.850  3854  3854 D CarrierConfigLoader: mHandler: 5 phoneId: 0
09-26 01:25:30.855  3567  3567 I Telecom : PhoneAccountRegistrar: SimCallManager queried, returning: null: TSI.gSCMFU@ADI
09-26 01:25:30.862  3854  3854 D VvmSimChangeReceiver: Carrier config changed
09-26 01:25:30.862  3854  3854 D VvmSimChangeReceiver: User locked, activation request delayed until unlock
09-26 01:25:31.103  3192  3192 D audio_hw_primary_abox: device-adev_set_parameters: enter with key(A2dpSuspended=false)
09-26 01:25:31.103  3192  3192 D audio_hw_primary_abox: device-adev_set_parameters: exit
09-26 01:25:31.103  3192  3410 I APM_AudioPolicyManager: setForceUse() usage 0, config 0, mPhoneState 0
09-26 01:25:31.103  3192  3410 W APM_AudioPolicyManager: setForceUse() usage 0, config 0 is Already setted
09-26 01:25:31.103  3192  3974 I APM_AudioPolicyManager: setForceUse() usage 2, config 0, mPhoneState 0
09-26 01:25:31.103  3192  3974 W APM_AudioPolicyManager: setForceUse() usage 2, config 0 is Already setted
09-26 01:25:31.403  3567  3584 D libgps  : SendGpsExtensionMessage: Waiting for IPC connection - timeout
09-26 01:25:31.403  3567  3584 E libgps  : LIBGPS: Cannot communicate (write) with a GPSD
09-26 01:25:31.403  3567  3584 E libgps  : IPC Communication Error, ../../../../tmp/15194007_282637/allPartners/os/android/gps_interface/gpsi_client/GpsiClient.cpp:631 SendGpsExtensionMessage
09-26 01:25:31.403  3567  3567 I GnssLocationProvider: WakeLock acquired by sendMessage(12, 0, null)
09-26 01:25:31.404  3567  3584 I GnssLocationProvider: WakeLock released by handleMessage(13, 0, null)
09-26 01:25:31.404  3567  3584 D libgps  : Init: created thread tid(0x8b9db450)
09-26 01:25:31.404  3567  3584 D libgps  : SendGpsExtensionMessage: Waiting for IPC connection...
09-26 01:25:31.405  3567  4225 D libgps  : ipc_thread_proc: IPC thread started by Java framework
09-26 01:25:31.405  3187  3187 D gpsd    : WakeLock(Acquire,GPSD)
09-26 01:25:31.405  3567  4225 D libgps  : OnIpcConnectionEstablished:
09-26 01:25:31.405  3567  4225 D libgps  : Restore last known AGPS server state
09-26 01:25:31.405  3187  3187 D gpsd    : WakeLock(Release,GPSD)
09-26 01:25:31.405  3567  4225 D libgps  : GeofenceControllerStateWaitForConnection: EXIT
09-26 01:25:31.405  3567  4225 D libgps  : GeofenceControllerStateConnected: ENTRY
09-26 01:25:31.405  3187  3187 D gpsd    : WakeLock(Acquire,GPSD)
09-26 01:25:31.405  3187  3187 D gpsd    : WakeLock(Release,GPSD)
09-26 01:25:31.405  3187  3187 D gpsd    : WakeLock(Acquire,GPSD)
09-26 01:25:31.405  3187  3187 D gpsd    : WakeLock(Release,GPSD)
09-26 01:25:31.405  3187  3187 D gpsd    : WakeLock(Acquire,GPSD)
09-26 01:25:31.405  3187  3187 D gpsd    : WakeLock(Release,GPSD)
09-26 01:25:31.405  3187  3187 D gpsd    : WakeLock(Acquire,GPSD)
09-26 01:25:31.405  3187  3187 D gpsd    : WakeLock(Release,GPSD)
09-26 01:25:31.405  3187  3187 D gpsd    : WakeLock(Acquire,GPSD)
09-26 01:25:31.405  3187  3187 D gpsd    : WakeLock(Release,GPSD)
09-26 01:25:31.405  3187  3187 D gpsd    : WakeLock(Acquire,GPSD)
09-26 01:25:31.405  3567  4225 D GnssLocationProvider: set_capabilities_callback: 38u
09-26 01:25:31.405  3187  3187 D gpsd    : WakeLock(Release,GPSD)
09-26 01:25:31.406  3567  4225 D GnssLocationProvider: set_system_info_callback: year_of_hw=0
09-26 01:25:31.455  3567  3584 I GnssLocationProvider: WakeLock released by handleMessage(2, 1, null)
09-26 01:25:31.455  3187  3187 D gpsd    : WakeLock(Acquire,GPSD)
09-26 01:25:31.455  3187  3187 D gpsd    : WakeLock(Release,GPSD)
09-26 01:25:31.455  3187  3187 D gpsd    : WakeLock(Acquire,GPSD)
09-26 01:25:31.455  3187  3187 D gpsd    : WakeLock(Release,GPSD)
09-26 01:25:31.455  3187  3187 D gpsd    : WakeLock(Acquire,GPSD)
09-26 01:25:31.455  3187  3187 D gpsd    : WakeLock(Release,GPSD)
09-26 01:25:31.461  3567  3584 I SyncManager: Got SyncJobService instance.
09-26 01:25:31.461  3567  3567 I FusedLocation: engine started (com.android.location.fused)
09-26 01:25:31.469  3187  3187 D gpsd    : WakeLock(Acquire,GPSD)
09-26 01:25:31.469  3187  3187 D gpsd    : WakeLock(Release,GPSD)
09-26 01:25:31.469  3187  3187 D gpsd    : WakeLock(Acquire,GPSD)
09-26 01:25:31.469  3187  3187 D gpsd    : WakeLock(Release,GPSD)
09-26 01:25:31.469  3567  3584 D GnssLocationProvider: GPS configuration:
09-26 01:25:31.469  3567  3584 D GnssLocationProvider:  #Tue Sep 26 01:25:31 GMT-03:00 2017
09-26 01:25:31.469  3567  3584 D GnssLocationProvider: SUPL_VER=0x20000
09-26 01:25:31.469  3567  3584 D GnssLocationProvider: SUPL_PORT=7275
09-26 01:25:31.469  3567  3584 D GnssLocationProvider: XTRA_SERVER_2=http\://gllto2.glpals.com/4day/v4/latest/lto2.dat
09-26 01:25:31.469  3567  3584 D GnssLocationProvider: XTRA_SERVER_1=http\://gllto1.glpals.com/4day/v4/latest/lto2.dat
09-26 01:25:31.469  3567  3584 D GnssLocationProvider: SUPL_HOST=supl.google.com
09-26 01:25:31.469  3567  3584 D GnssLocationProvider: SUPL_MODE=1
09-26 01:25:31.469  3567  3584 D GnssLocationProvider: NTP_SERVER=north-america.pool.ntp.org
09-26 01:25:31.469  3187  3187 D gpsd    : WakeLock(Acquire,GPSD)
09-26 01:25:31.469  3187  3187 D gpsd    : WakeLock(Release,GPSD)
09-26 01:25:31.469  3567  3584 I GnssLocationProvider: WakeLock released by handleMessage(12, 0, null)
09-26 01:25:31.473  3187  3187 D gpsd    : WakeLock(Acquire,GPSD)
09-26 01:25:31.473  3187  3187 D gpsd    : WakeLock(Release,GPSD)
09-26 01:25:31.473  3187  3187 D gpsd    : WakeLock(Acquire,GPSD)
09-26 01:25:31.473  3567  3584 D GnssLocationProvider: GPS configuration:
09-26 01:25:31.473  3567  3584 D GnssLocationProvider:  #Tue Sep 26 01:25:31 GMT-03:00 2017
09-26 01:25:31.473  3567  3584 D GnssLocationProvider: SUPL_VER=0x20000
09-26 01:25:31.473  3567  3584 D GnssLocationProvider: SUPL_PORT=7275
09-26 01:25:31.473  3567  3584 D GnssLocationProvider: XTRA_SERVER_2=http\://gllto2.glpals.com/4day/v4/latest/lto2.dat
09-26 01:25:31.473  3567  3584 D GnssLocationProvider: XTRA_SERVER_1=http\://gllto1.glpals.com/4day/v4/latest/lto2.dat
09-26 01:25:31.473  3567  3584 D GnssLocationProvider: SUPL_HOST=supl.google.com
09-26 01:25:31.473  3567  3584 D GnssLocationProvider: SUPL_MODE=1
09-26 01:25:31.473  3567  3584 D GnssLocationProvider: NTP_SERVER=north-america.pool.ntp.org
09-26 01:25:31.473  3187  3187 D gpsd    : WakeLock(Release,GPSD)
09-26 01:25:31.473  3187  3187 D gpsd    : WakeLock(Acquire,GPSD)
09-26 01:25:31.473  3187  3187 D gpsd    : WakeLock(Release,GPSD)
09-26 01:25:32.347  3567  3594 I art     : Starting a blocking GC Explicit
09-26 01:25:32.368  3567  3594 I art     : Explicit concurrent mark sweep GC freed 11201(698KB) AllocSpace objects, 10(6MB) LOS objects, 33% free, 12MB/18MB, paused 390us total 20.802ms
09-26 01:25:33.738  3567  3591 D UsbAlsaManager: Adding ALSA device AlsaDevice: [card: 1, device: 0, type: 2]
09-26 01:25:33.738  3567  3591 D UsbAlsaManager: Adding ALSA device AlsaDevice: [card: 1, device: 1, type: 2]
09-26 01:25:33.738  3567  3591 D UsbAlsaManager: Adding ALSA device AlsaDevice: [card: 1, device: 2, type: 2]
09-26 01:25:33.739  3567  3591 D UsbAlsaManager: Adding ALSA device AlsaDevice: [card: 1, device: 3, type: 2]
09-26 01:25:33.739  3567  3591 D UsbAlsaManager: Adding ALSA device AlsaDevice: [card: 1, device: 4, type: 2]
09-26 01:25:33.739  3567  3591 D UsbAlsaManager: Adding ALSA device AlsaDevice: [card: 1, device: 5, type: 2]
09-26 01:25:33.739  3567  3591 D UsbAlsaManager: Adding ALSA device AlsaDevice: [card: 1, device: 6, type: 2]
09-26 01:25:33.739  3567  3591 D UsbAlsaManager: Adding ALSA device AlsaDevice: [card: 1, device: 7, type: 2]
09-26 01:25:33.739  3567  3591 D UsbAlsaManager: Adding ALSA device AlsaDevice: [card: 1, device: 8, type: 2]
09-26 01:25:33.740  3567  3591 D UsbAlsaManager: Adding ALSA device AlsaDevice: [card: 1, device: 9, type: 2]
09-26 01:25:33.740  3567  3591 D UsbAlsaManager: Adding ALSA device AlsaDevice: [card: 1, device: 10, type: 2]
09-26 01:25:33.740  3567  3591 D UsbAlsaManager: Adding ALSA device AlsaDevice: [card: 1, device: 11, type: 2]
09-26 01:25:33.740  3567  3591 D UsbAlsaManager: Adding ALSA device AlsaDevice: [card: 1, device: 12, type: 2]
09-26 01:25:33.740  3567  3591 D UsbAlsaManager: Adding ALSA device AlsaDevice: [card: 1, device: 13, type: 2]
09-26 01:25:33.741  3567  3591 D UsbAlsaManager: Adding ALSA device AlsaDevice: [card: 1, device: 14, type: 2]
09-26 01:25:33.741  3567  3591 D UsbAlsaManager: Adding ALSA device AlsaDevice: [card: 1, device: 15, type: 2]
09-26 01:25:33.741  3567  3591 D UsbAlsaManager: Adding ALSA device AlsaDevice: [card: 1, device: 16, type: 2]
09-26 01:25:33.741  3567  3591 D UsbAlsaManager: Adding ALSA device AlsaDevice: [card: 1, device: 17, type: 2]
09-26 01:25:33.742  3567  3591 D UsbAlsaManager: Adding ALSA device AlsaDevice: [card: 1, device: 18, type: 2]
09-26 01:25:33.742  3567  3591 D UsbAlsaManager: Adding ALSA device AlsaDevice: [card: 1, device: 19, type: 2]
09-26 01:25:34.211  3567  3621 I Sensors : ProximitySensor - 0(cm)
09-26 01:25:34.212  3567  3621 I Sensors : ProximitySensor TS_H - 2, RES - 8589934592
09-26 01:25:34.212  3567  3621 I Sensors : ProximitySensor TS_L - -61786087, RES - 12823115801
09-26 01:25:34.212  3567  3621 I Sensors : ProximitySensor Sync
09-26 01:25:35.081  3482  3482 W         : eglTerminate 2662: PID Exeption @unknown
09-26 01:25:35.387  3567  3594 I SystemServiceManager: Starting phase 1000
09-26 01:25:35.395  3093  3093 W auditd  : type=1325 audit(0.0:147): table=filter family=2 entries=100
09-26 01:25:35.395  3093  3093 W auditd  : type=1320 audit(0.0:147): 
09-26 01:25:35.403  3093  3093 W auditd  : type=1325 audit(0.0:148): table=filter family=10 entries=111
09-26 01:25:35.403  3093  3093 W auditd  : type=1320 audit(0.0:148): 
09-26 01:25:35.407  3093  3093 W auditd  : type=1325 audit(0.0:149): table=filter family=2 entries=99
09-26 01:25:35.407  3093  3093 W auditd  : type=1320 audit(0.0:149): 
09-26 01:25:35.411  3093  3093 W auditd  : type=1325 audit(0.0:150): table=filter family=10 entries=110
09-26 01:25:35.411  3093  3093 W auditd  : type=1320 audit(0.0:150): 
09-26 01:25:35.418  3567  3695 E LiveDisplay: Color temperature out of range: 0
09-26 01:25:35.425  3178  3599 D PermissionCache: checking android.permission.HARDWARE_TEST for uid=1000 => granted (65 us)
09-26 01:25:35.429  3567  3594 I ActivityManager: Start proc 4262:android.ext.services/u0a11 for on-hold
09-26 01:25:35.430  3567  3594 D ActivityManager: Finishing user boot 0
09-26 01:25:35.430  3567  3594 D CryptdConnector: SND -> {5 cryptfs prepare_user_storage ! 0 0 2}
09-26 01:25:35.431  3082  3154 D vold    : e4crypt_prepare_user_storage for volume null, user 0, serial 0, flags 2
09-26 01:25:35.431  3082  3154 D vold    : Preparing: /data/system_ce/0
09-26 01:25:35.431  3082  3154 D vold    : Preparing: /data/misc_ce/0
09-26 01:25:35.431  3082  3154 D vold    : Preparing: /data/media/0
09-26 01:25:35.431  3082  3154 D vold    : Preparing: /data/data
09-26 01:25:35.431  3567  3645 D CryptdConnector: RCV <- {200 5 Command succeeded}
09-26 01:25:35.431  3567  3594 V UserManagerService: Found /data/user/0 with serial number 0
09-26 01:25:35.431  3567  3594 V UserManagerService: Found /data/system_ce/0 with serial number 0
09-26 01:25:35.432  3567  3594 V PackageManager: reconcileAppsData for null u0 0x2
09-26 01:25:35.435  4283  4283 I bootstat: Service started: /system/bin/bootstat --record_boot_complete 
09-26 01:25:35.435  4283  4283 I bootstat: Logging histogram: bootstat_mtime_matches_content 1
09-26 01:25:35.436  4283  4283 I bootstat: Logging histogram: bootstat_mtime_matches_content 1
09-26 01:25:35.436  4283  4283 E bootstat: Failed to read /data/misc/bootstat/post_decrypt_time_elapsed: No such file or directory
09-26 01:25:35.436  4283  4283 E bootstat: Failed to parse boot time record: /data/misc/bootstat/post_decrypt_time_elapsed
09-26 01:25:35.441  4287  4287 I bootstat: Service started: /system/bin/bootstat --record_boot_reason 
09-26 01:25:35.441  4287  4287 I bootstat: Unknown boot reason: 
09-26 01:25:35.445  4288  4288 I bootstat: Service started: /system/bin/bootstat --record_time_since_factory_reset 
09-26 01:25:35.445  4288  4288 I bootstat: Logging histogram: factory_reset_current_time 1506399935
09-26 01:25:35.446  4288  4288 I bootstat: Logging histogram: bootstat_mtime_matches_content 1
09-26 01:25:35.446  4288  4288 I bootstat: Logging histogram: factory_reset_record_value 1506398483
09-26 01:25:35.451  4289  4289 I bootstat: Service started: /system/bin/bootstat -l 
09-26 01:25:35.451  4289  4289 I bootstat: Logging histogram: bootstat_mtime_matches_content 1
09-26 01:25:35.451  4289  4289 I bootstat: Logging histogram: bootstat_mtime_matches_content 1
09-26 01:25:35.451  4289  4289 I bootstat: Logging histogram: bootstat_mtime_matches_content 1
09-26 01:25:35.452  4289  4289 I bootstat: Logging histogram: bootstat_mtime_matches_content 1
09-26 01:25:35.452  4289  4289 I bootstat: Logging histogram: bootstat_mtime_matches_content 1
09-26 01:25:35.452  4289  4289 I bootstat: Logging histogram: bootstat_mtime_matches_content 1
09-26 01:25:35.452  4289  4289 I bootstat: Logging histogram: bootstat_mtime_matches_content 1
09-26 01:25:35.452  4289  4289 I bootstat: Logging histogram: bootstat_mtime_matches_content 1
09-26 01:25:35.452  4289  4289 I bootstat: Logging histogram: bootstat_mtime_matches_content 1
09-26 01:25:35.452  4289  4289 I bootstat: Logging histogram: bootstat_mtime_matches_content 1
09-26 01:25:35.452  4289  4289 I bootstat: Logging histogram: bootstat_mtime_matches_content 1
09-26 01:25:35.452  4289  4289 I bootstat: Logging histogram: bootstat_mtime_matches_content 1
09-26 01:25:35.452  4289  4289 I bootstat: Logging histogram: last_boot_time_utc 1506399935
09-26 01:25:35.452  4289  4289 I bootstat: Logging histogram: build_date 1506386547
09-26 01:25:35.452  4289  4289 I bootstat: Logging histogram: ota_boot_complete_no_encryption 67
09-26 01:25:35.452  4289  4289 I bootstat: Logging histogram: ota_boot_complete 67
09-26 01:25:35.452  4289  4289 I bootstat: Logging histogram: boot_reason 1
09-26 01:25:35.452  4289  4289 I bootstat: Logging histogram: factory_reset_current_time 1506399935
09-26 01:25:35.452  4289  4289 I bootstat: Logging histogram: factory_reset 1506398483
09-26 01:25:35.452  4289  4289 I bootstat: Logging histogram: time_since_last_boot 1452
09-26 01:25:35.452  4289  4289 I bootstat: Logging histogram: boot_complete_no_encryption 14
09-26 01:25:35.452  4289  4289 I bootstat: Logging histogram: boot_complete 14
09-26 01:25:35.452  4289  4289 I bootstat: Logging histogram: factory_reset_record_value 1506398483
09-26 01:25:35.452  4289  4289 I bootstat: Logging histogram: time_since_factory_reset 1452
09-26 01:25:35.468  3567  3594 V PackageManager: reconcileAppsData finished 91 packages
09-26 01:25:35.468  3567  3594 D WindowManager: Sending cover change broadcast, mLidState=-1
09-26 01:25:35.469  3567  3585 D BluetoothManagerService: User 0 unlocked
09-26 01:25:35.469  3567  3585 D MountService: onUnlockUser 0
09-26 01:25:35.469  3567  3585 D VoldConnector: SND -> {7 volume user_started 0}
09-26 01:25:35.469  3567  3593 D BluetoothManagerService: MESSAGE_USER_UNLOCKED
09-26 01:25:35.469  3567  3652 D WIFI    : Registering NetworkFactory
09-26 01:25:35.470  3082  3153 D vold    : Linking /storage/emulated/0 to /mnt/user/0/primary
09-26 01:25:35.470  3567  3657 D ConnectivityService: Got NetworkFactory Messenger for WIFI
09-26 01:25:35.470  3567  3644 D VoldConnector: RCV <- {200 7 Command succeeded}
09-26 01:25:35.470  3567  3652 D WIFI_UT : Registering NetworkFactory
09-26 01:25:35.470  3567  3657 D ConnectivityService: Got NetworkFactory Messenger for WIFI_UT
09-26 01:25:35.471  3567  3652 D WIFI    : got request NetworkRequest [ REQUEST id=1, [ Capabilities: INTERNET&NOT_RESTRICTED&TRUSTED&NOT_VPN] ] with score 0
09-26 01:25:35.471  3567  3652 I WifiConnectivityManager: Set WiFiConnectivityManager enabled
09-26 01:25:35.471  3567  3643 D MountService: Volume emulated broadcasting mounted to UserHandle{0}
09-26 01:25:35.476  4262  4262 W System  : ClassLoader referenced unknown path: /system/priv-app/ExtServices/lib/arm64
09-26 01:25:35.479  3567  3567 I ActivityManager: Start proc 4291:com.android.deskclock/u0a46 for broadcast com.android.deskclock/.AlarmInitReceiver
09-26 01:25:35.480  3567  3652 D WIFI_UT : got request NetworkRequest [ REQUEST id=1, [ Capabilities: INTERNET&NOT_RESTRICTED&TRUSTED&NOT_VPN] ] with score 0
09-26 01:25:35.490  3567  3585 E SELinux : selinux_android_file_context_handle: Error getting file context handle (No such file or directory)
09-26 01:25:35.491  3710  3710 W InputAttributes: No editor info for this field. Bug?
09-26 01:25:35.491  3567  3584 W Searchables: No global search activity found
09-26 01:25:35.492  3567  3585 V BackupManagerService: No ancestral data
09-26 01:25:35.495  3567  3585 V BackupManagerService: Starting with transport com.google.android.gms/.backup.BackupTransportService
09-26 01:25:35.496  3567  3585 V BackupManagerService: Found transports: 1
09-26 01:25:35.498  4291  4291 W System  : ClassLoader referenced unknown path: /system/app/DeskClock/lib/arm64
09-26 01:25:35.505  3567  3585 I BackupManagerService: Backup enabled => false
09-26 01:25:35.539  3567  3567 V BackupManagerService: Connected to transport ComponentInfo{android/com.android.internal.backup.LocalTransportService}
09-26 01:25:35.539  3567  3567 V BackupManagerService: Registering transport android/com.android.internal.backup.LocalTransportService::android/com.android.internal.backup.LocalTransport = android.app.backup.BackupTransport$TransportImpl@c0ff0da
09-26 01:25:35.540  3567  4306 V KeyValueBackupJob: Scheduling k/v pass in 247 minutes
09-26 01:25:35.548  4291  4291 I AlarmClock: AlarmInitReceiver android.intent.action.LOCKED_BOOT_COMPLETED
09-26 01:25:35.551  3567  3585 W VoiceInteractionManagerService: no available voice interaction services found for user 0
09-26 01:25:35.551  3567  3585 W VoiceInteractionManagerService: no available voice recognition services found for user 0
09-26 01:25:35.551  3567  3585 I BrokerableCMSystemService: Connecting to implementation
09-26 01:25:35.552  3567  3585 W ContextImpl: Calling a method in the system process without a qualified user: android.app.ContextImpl.bindService:1421 org.cyanogenmod.platform.internal.BrokerableCMSystemService.tryConnecting:199 org.cyanogenmod.platform.internal.WeatherManagerServiceBroker.onUnlockUser:97 com.android.server.SystemServiceManager.unlockUser:179 com.android.server.am.ActivityManagerService$MainHandler.handleMessage:2064 
09-26 01:25:35.559  3567  4306 I BackupManagerService: Found stale backup journal, scheduling
09-26 01:25:35.562  3567  3585 I ActivityManager: Start proc 4335:org.cyanogenmod.weatherservice/u0a31 for service org.cyanogenmod.weatherservice/.WeatherManagerService
09-26 01:25:35.568  3567  3621 I Sensors : ProximitySensor - 8(cm)
09-26 01:25:35.568  3567  3621 I Sensors : ProximitySensor TS_H - 3, RES - 12884901888
09-26 01:25:35.568  3567  3621 I Sensors : ProximitySensor TS_L - 1294494913, RES - 14179396801
09-26 01:25:35.568  3567  3621 I Sensors : ProximitySensor Sync
09-26 01:25:35.573  3567  3584 I ActivityManager: Start proc 4350:com.android.printspooler/u0a57 for service com.android.printspooler/.model.PrintSpoolerService
09-26 01:25:35.573  3567  3585 I ActivityManager: Loading recents for user 0 into memory.
09-26 01:25:35.581  4335  4335 W System  : ClassLoader referenced unknown path: /system/priv-app/WeatherManagerService/lib/arm64
09-26 01:25:35.586  3567  3585 I ActivityManager: Start proc 4366:org.cyanogenmod.audiofx/u0a3 for added application org.cyanogenmod.audiofx
09-26 01:25:35.598  3567  3585 I ActivityManager: Start proc 4383:com.android.nfc/1027 for added application com.android.nfc
09-26 01:25:35.598  3567  3585 D ActivityManager: Sending BOOT_COMPLETE user #0
09-26 01:25:35.607  3872  3872 D FallbackHome: User unlocked and real home found; let's go!
09-26 01:25:35.616  4366  4366 W System  : ClassLoader referenced unknown path: /system/priv-app/AudioFX/lib/arm64
09-26 01:25:35.620  3567  3665 I ActivityManager: Start proc 4415:com.android.keychain/1000 for service com.android.keychain/.KeyChainService
09-26 01:25:35.624  3567  4205 I ActivityManager: START u0 {act=android.intent.action.MAIN cat=[android.intent.category.HOME] flg=0x10000100 cmp=com.cyanogenmod.trebuchet/com.android.launcher3.Launcher} from uid 0 on display 0
09-26 01:25:35.638  3567  3567 I AccountManagerService: User 0 is unlocked - opening CE database
09-26 01:25:35.639  3567  4410 I ActivityManager: Start proc 4439:com.android.smspush/u0a58 for service com.android.smspush/.WapPushManager
09-26 01:25:35.652  3567  4205 I ActivityManager: Start proc 4455:com.cyanogenmod.trebuchet/u0a28 for activity com.cyanogenmod.trebuchet/com.android.launcher3.Launcher
09-26 01:25:35.653  3567  3585 I VrManagerService: VR mode is allowed
09-26 01:25:35.654  3854  3854 D CarrierSvcBindHelper: Received android.intent.action.USER_UNLOCKED
09-26 01:25:35.658  3725  3725 W KeyguardUpdateMonitor: invalid subId in handleSimStateChange()
09-26 01:25:35.660  3854  3854 D CarrierSvcBindHelper: No carrier app for: 0
09-26 01:25:35.660  3854  3854 D CarrierSvcBindHelper: No carrier app for: 1
09-26 01:25:35.665  4415  4415 W System  : ClassLoader referenced unknown path: /system/app/KeyChain/lib/arm64
09-26 01:25:35.666  4439  4439 W System  : ClassLoader referenced unknown path: /system/app/WAPPushManager/lib/arm64
09-26 01:25:35.668  3567  4444 I ActivityManager: Start proc 4469:android.process.media/u0a9 for broadcast com.android.providers.downloads/.DownloadReceiver
09-26 01:25:35.674  3567  3567 I BrokerableCMSystemService: Implementation service connected
09-26 01:25:35.674  3567  3567 D WifiService: resetting networks because SIM was loaded
09-26 01:25:35.674  3567  3567 D WifiService: resetting networks because SIM was removed
09-26 01:25:35.674  3567  3567 D WifiService: resetting country code because SIM is removed
09-26 01:25:35.674  3567  3652 D WifiStateMachine: resetting EAP-SIM/AKA/AKA' networks since SIM was changed
09-26 01:25:35.674  3567  3652 D WifiStateMachine: resetting EAP-SIM/AKA/AKA' networks since SIM was changed
09-26 01:25:35.681  4383  4383 I chatty  : uid=1027(nfc) com.android.nfc expire 27 lines
09-26 01:25:35.685  4455  4455 W System  : ClassLoader referenced unknown path: /system/priv-app/Trebuchet/lib/arm64
09-26 01:25:35.696  4469  4469 W System  : ClassLoader referenced unknown path: /system/priv-app/DownloadProvider/lib/arm64
09-26 01:25:35.716  4469  4469 W System  : ClassLoader referenced unknown path: /system/priv-app/MediaProvider/lib/arm64
09-26 01:25:35.719  4469  4469 D ApplicationLoaders: ignored Vulkan layer search path /system/priv-app/MediaProvider/lib/arm64:/system/priv-app/MediaProvider/MediaProvider.apk!/lib/arm64-v8a:/system/lib64:/vendor/lib64 for namespace 0x7fb0c3a0f0
09-26 01:25:35.722  4455  4455 V Launcher: LauncherAppState inited
09-26 01:25:35.738  4455  4455 D Launcher.Model: Old launcher provider: content://com.android.launcher2.settings/favorites?notify=true
09-26 01:25:35.739  4455  4455 D Launcher.Model: Old launcher provider does not exist.
09-26 01:25:35.747  4383  4507 I chatty  : uid=1027(nfc) AsyncTask #1 expire 53 lines
09-26 01:25:35.750  3567  3567 I GnssLocationProvider: WakeLock acquired by sendMessage(12, 0, null)
09-26 01:25:35.752  4383  4509 I chatty  : uid=1027(nfc) AsyncTask #1 expire 2 lines
09-26 01:25:35.752  4383  4510 I chatty  : uid=1027(nfc) com.android.nfc expire 2 lines
09-26 01:25:35.752  4383  4511 I chatty  : uid=1027(nfc) AsyncTask #1 expire 47 lines
09-26 01:25:35.754  3854  3854 D CarrierConfigLoader: update config for phoneId: 1 simState: ABSENT
09-26 01:25:35.754  3854  3854 D CarrierSvcBindHelper: update binding for phoneId: 1 simState: ABSENT
09-26 01:25:35.756  4383  4507 I chatty  : uid=1027(nfc) AsyncTask #1 expire 2 lines
09-26 01:25:35.767  3725  3725 E SignalClusterView: Unexpected subscription 1
09-26 01:25:35.767  3725  3725 E SignalClusterView: Unexpected subscription 1
09-26 01:25:35.779  3854  3854 D CallNotifier: updatePhoneStateListeners: update CF notifications.
09-26 01:25:35.779  3854  3854 I NotificationMgr: updateMwi(): subId 1 update to false
09-26 01:25:35.780  3854  3854 I Telephony: PstnIncomingCallNotifier: Unregistering: Handler (com.android.internal.telephony.GsmCdmaPhone) {608e6e4}
09-26 01:25:35.780  3854  3854 W Telephony: TelecomAccountRegistry: Failed to get status , slotId: 0 Exception: java.lang.NullPointerException: Attempt to invoke interface method 'int org.codeaurora.internal.IExtTelephony.getCurrentUiccCardProvisioningStatus(int)' on a null object reference
09-26 01:25:35.791  3567  3740 I Telecom : PhoneAccountRegistrar: [ComponentInfo{com.android.phone/com.android.services.telephony.TelephonyConnectionService}, [2628372b20c6b31a61c46f7f5a9328dbf0edaed6], UserHandle{0}(icon: Icon(typ=BITMAP size=84x84) -> Icon(typ=BITMAP size=84x84))]: TSI.rPA@ADQ
09-26 01:25:35.792  3187  3187 D gpsd    : WakeLock(Acquire,GPSD)
09-26 01:25:35.792  3567  3584 D GnssLocationProvider: GPS configuration:
09-26 01:25:35.792  3567  3584 D GnssLocationProvider:  #Tue Sep 26 01:25:35 GMT-03:00 2017
09-26 01:25:35.792  3567  3584 D GnssLocationProvider: SUPL_VER=0x20000
09-26 01:25:35.792  3567  3584 D GnssLocationProvider: SUPL_PORT=7275
09-26 01:25:35.792  3567  3584 D GnssLocationProvider: XTRA_SERVER_2=http\://gllto2.glpals.com/4day/v4/latest/lto2.dat
09-26 01:25:35.792  3567  3584 D GnssLocationProvider: XTRA_SERVER_1=http\://gllto1.glpals.com/4day/v4/latest/lto2.dat
09-26 01:25:35.792  3567  3584 D GnssLocationProvider: SUPL_HOST=supl.google.com
09-26 01:25:35.792  3567  3584 D GnssLocationProvider: SUPL_MODE=1
09-26 01:25:35.792  3567  3584 D GnssLocationProvider: NTP_SERVER=north-america.pool.ntp.org
09-26 01:25:35.792  3567  3584 I GnssLocationProvider: WakeLock released by handleMessage(12, 0, null)
09-26 01:25:35.792  3187  3187 D gpsd    : WakeLock(Release,GPSD)
09-26 01:25:35.792  3187  3187 D gpsd    : WakeLock(Acquire,GPSD)
09-26 01:25:35.792  3187  3187 D gpsd    : WakeLock(Release,GPSD)
09-26 01:25:35.792  3187  3187 D gpsd    : WakeLock(Acquire,GPSD)
09-26 01:25:35.792  3187  3187 D gpsd    : WakeLock(Release,GPSD)
09-26 01:25:35.793  3567  3740 I Telecom : : Sending phone-account registered intent as user: TSI.rPA@ADQ
09-26 01:25:35.793  3854  3854 I Telephony: AccountEntry: Registered phoneAccount: [[ ] PhoneAccount: ComponentInfo{com.android.phone/com.android.services.telephony.TelephonyConnectionService}, [2628372b20c6b31a61c46f7f5a9328dbf0edaed6], UserHandle{0} Capabilities: CallProvider MultiUser PlaceEmerg SimSub  Audio Routes: BESW Schemes: tel voicemail  Extras: null GroupId: [da39a3ee5e6b4b0d3255bfef95601890afd80709]] with handle: ComponentInfo{com.android.phone/com.android.services.telephony.TelephonyConnectionService}, [2628372b20c6b31a61c46f7f5a9328dbf0edaed6], UserHandle{0}
09-26 01:25:35.793  3854  3854 I Telephony: PstnIncomingCallNotifier: Registering: Handler (com.android.internal.telephony.GsmCdmaPhone) {608e6e4}
09-26 01:25:35.794  3854  3854 W Telephony: TelecomAccountRegistry: Failed to get status , slotId: 1 Exception: java.lang.NullPointerException: Attempt to invoke interface method 'int org.codeaurora.internal.IExtTelephony.getCurrentUiccCardProvisioningStatus(int)' on a null object reference
09-26 01:25:35.798  3854  3854 D CarrierConfigLoader: mHandler: 0 phoneId: 1
09-26 01:25:35.808  3567  4444 I Telecom : PhoneAccountRegistrar: [ComponentInfo{com.android.phone/com.android.services.telephony.TelephonyConnectionService}, [2628372b20c6b31a61c46f7f5a9328dbf0edaed6], UserHandle{0}(icon: Icon(typ=BITMAP size=84x84) -> Icon(typ=BITMAP size=84x84))]: TSI.rPA@ADc
09-26 01:25:35.810  3567  4444 I Telecom : : Sending phone-account registered intent as user: TSI.rPA@ADc
09-26 01:25:35.820  4455  4505 W Launcher: setApplicationContext called twice! old=android.app.Application@7451b83 new=android.app.Application@7451b83
09-26 01:25:35.835  4469  4469 D MediaScannerReceiver: action: android.intent.action.MEDIA_MOUNTED path: /storage/emulated/0
09-26 01:25:35.835  3872  3872 I art     : Starting a blocking GC Explicit
09-26 01:25:35.847  3567  4423 I ActivityManager: Start proc 4520:com.cyanogenmod.eleven/u0a14 for broadcast com.cyanogenmod.eleven/.appwidgets.AppWidgetLarge
09-26 01:25:35.853  3872  3872 I art     : Explicit concurrent mark sweep GC freed 3757(330KB) AllocSpace objects, 0(0B) LOS objects, 25% free, 6MB/9MB, paused 1.382ms total 17.315ms
09-26 01:25:35.858  3872  3872 I art     : Starting a blocking GC Explicit
09-26 01:25:35.870  4455  4517 I OpenGLRenderer: Initialized EGL, version 1.4
09-26 01:25:35.870  4455  4517 D OpenGLRenderer: Swap behavior 1
09-26 01:25:35.873  4455  4517 D mali_winsys: EGLint new_window_surface(egl_winsys_display*, void*, EGLSurface, EGLConfig, egl_winsys_surface**, egl_color_buffer_format*, EGLBoolean) returns 0x3000,  [1440x2960]-format:1
09-26 01:25:35.875  3872  3872 I art     : Explicit concurrent mark sweep GC freed 712(36KB) AllocSpace objects, 0(0B) LOS objects, 24% free, 6MB/9MB, paused 251us total 16.384ms
09-26 01:25:35.896  3567  3594 I ActivityManager: Displayed com.cyanogenmod.trebuchet/com.android.launcher3.Launcher: +224ms (total +255ms)
09-26 01:25:35.919  4383  4564 I chatty  : uid=1027(nfc) AsyncTask #1 expire 201 lines
09-26 01:25:35.919  4383  4563 I chatty  : uid=1027(nfc) AsyncTask #1 expire 17 lines
09-26 01:25:35.920  3567  4205 I ActivityManager: Start proc 4549:com.cyanogenmod.lockclock/u0a52 for broadcast com.cyanogenmod.lockclock/.ClockWidgetProvider
09-26 01:25:35.934  4549  4549 W System  : ClassLoader referenced unknown path: /system/app/LockClock/lib/arm64
09-26 01:25:35.976  3567  3579 I ActivityManager: Start proc 4571:org.cyanogenmod.cmparts/1000 for broadcast org.cyanogenmod.cmparts/.BootReceiver
09-26 01:25:35.988  4571  4571 W System  : ClassLoader referenced unknown path: /system/priv-app/CMParts/lib/arm64
09-26 01:25:36.048  3567  4595 I RecoverySystem: No recovery log file
09-26 01:25:36.051  3567  4595 I BootReceiver: Copying /proc/last_kmsg to DropBox (SYSTEM_LAST_KMSG)
09-26 01:25:36.057  3567  3567 I ActivityManager: Start proc 4596:com.android.dialer/u0a18 for broadcast com.android.dialer/.calllog.CallLogReceiver
09-26 01:25:36.064  3567  4595 I BootReceiver: Copying audit failures to DropBox
09-26 01:25:36.067  3567  4595 I BootReceiver: Copied 3300 worth of audits to DropBox
09-26 01:25:36.069  3567  4595 I BootReceiver: Checking for fsck errors
09-26 01:25:36.072  4596  4596 W System  : ClassLoader referenced unknown path: /system/priv-app/Dialer/lib/arm64
09-26 01:25:36.124  4596  4596 D BlockedNumbersAuto: Not attempting auto-migrate: already checked once.
09-26 01:25:36.143  3854  3854 V OtaStartupReceiver: onOtaspChanged: mOtaspMode=3
09-26 01:25:36.143  3854  3854 D CarrierConfigLoader: mHandler: 13 phoneId: 0
09-26 01:25:36.143  3854  3854 D CarrierConfigLoader: mHandler: 7 phoneId: 0
09-26 01:25:36.144  3854  3854 E CarrierConfigLoader: java.io.FileNotFoundException: /data/user_de/0/com.android.phone/files/carrierconfig-com.android.carrierconfig-89543420816751226808-72234.xml (No such file or directory)
09-26 01:25:36.144  3854  3854 D CarrierConfigLoader: Binding to com.android.carrierconfig for phone 0
09-26 01:25:36.151  4596  4615 W CountryDetector: No location permissions, not registering for location updates.
09-26 01:25:36.154  3567  3580 I ActivityManager: Start proc 4616:com.cyanogenmod.settings.device/1000 for broadcast com.cyanogenmod.settings.device/.BootCompletedReceiver
09-26 01:25:36.155  3854  3854 D CarrierConfigLoader: mHandler: 7 phoneId: 1
09-26 01:25:36.155  4209  4209 D DefaultCarrierConfigService: Service created
09-26 01:25:36.156  3854  3854 E CarrierConfigLoader: Cannot restore config with null packageName or iccid.
09-26 01:25:36.156  3854  3854 D CarrierConfigLoader: Binding to com.android.carrierconfig for phone 1
09-26 01:25:36.156  3854  3854 D CarrierConfigLoader: Connected to config app: com.android.carrierconfig/com.android.carrierconfig.DefaultCarrierConfigService
09-26 01:25:36.156  3854  3854 D CarrierConfigLoader: Connected to config app: com.android.carrierconfig/com.android.carrierconfig.DefaultCarrierConfigService
09-26 01:25:36.156  3854  3854 D CarrierConfigLoader: mHandler: 3 phoneId: 0
09-26 01:25:36.156  4209  4222 D DefaultCarrierConfigService: Config being fetched
09-26 01:25:36.157  4209  4222 D DefaultCarrierConfigService: java.io.FileNotFoundException: carrier_config_72234.xml
09-26 01:25:36.157  3854  3854 D CarrierConfigLoader: mHandler: 3 phoneId: 1
09-26 01:25:36.157  4209  4221 D DefaultCarrierConfigService: Config being fetched
09-26 01:25:36.157  4209  4221 D DefaultCarrierConfigService: java.io.FileNotFoundException: carrier_config_.xml
09-26 01:25:36.157  3854  3854 E CarrierConfigLoader: Cannot save config with null packageName or iccid.
09-26 01:25:36.167  4616  4616 W System  : ClassLoader referenced unknown path: /system/app/AdvancedDisplay/lib/arm64
09-26 01:25:36.168  3567  4060 I ActivityManager: Start proc 4631:android.process.acore/u0a0 for content provider com.android.providers.contacts/.CallLogProvider
09-26 01:25:36.168  3854  3854 D CarrierConfigLoader: mHandler: 5 phoneId: 0
09-26 01:25:36.170  3854  3854 D CarrierConfigLoader: mHandler: 5 phoneId: 1
09-26 01:25:36.175  3567  3567 I Telecom : PhoneAccountRegistrar: SimCallManager queried, returning: null: TSI.gSCMFU@ADk
09-26 01:25:36.178  3567  3567 I Telecom : PhoneAccountRegistrar: SimCallManager queried, returning: null: TSI.gSCMFU@ADo
09-26 01:25:36.181  4631  4631 W System  : ClassLoader referenced unknown path: /system/priv-app/ContactsProvider/lib/arm64
09-26 01:25:36.231  3567  4411 I ActivityManager: Start proc 4652:com.android.calendar/u0a40 for broadcast com.android.calendar/.alerts.AlertReceiver
09-26 01:25:36.236  4631  4631 I ContactsPerf: VoicemailContentProvider.onCreate start
09-26 01:25:36.239  4631  4631 I ContactsPerf: VoicemailContentProvider.onCreate finish
09-26 01:25:36.247  4652  4652 W System  : ClassLoader referenced unknown path: /system/app/Calendar/lib/arm64
09-26 01:25:36.248  4631  4631 W System  : ClassLoader referenced unknown path: /system/priv-app/BlockedNumberProvider/lib/arm64
09-26 01:25:36.248  4631  4631 D ApplicationLoaders: ignored Vulkan layer search path /system/priv-app/BlockedNumberProvider/lib/arm64:/system/lib64:/vendor/lib64 for namespace 0x7fb0c3a0f0
09-26 01:25:36.260  4631  4631 W System  : ClassLoader referenced unknown path: /system/app/UserDictionaryProvider/lib/arm64
09-26 01:25:36.261  4631  4631 D ApplicationLoaders: ignored Vulkan layer search path /system/app/UserDictionaryProvider/lib/arm64:/system/lib64:/vendor/lib64 for namespace 0x7fb0c3a160
09-26 01:25:36.268  4383  4511 I chatty  : uid=1027(nfc) AsyncTask #1 expire 96 lines
09-26 01:25:36.268  4383  4564 I chatty  : uid=1027(nfc) AsyncTask #1 expire 133 lines
09-26 01:25:36.282  4652  4652 D ExtensionsFactory: No custom extensions.
09-26 01:25:36.285  4652  4652 D AlertReceiver: onReceive: a=android.intent.action.BOOT_COMPLETED Intent { act=android.intent.action.BOOT_COMPLETED flg=0x9000010 cmp=com.android.calendar/.alerts.AlertReceiver (has extras) }
09-26 01:25:36.290  4291  4291 I AlarmClock: AlarmInitReceiver android.intent.action.BOOT_COMPLETED
09-26 01:25:36.305  4652  4674 D AlertService: 0 Action = android.intent.action.BOOT_COMPLETED
09-26 01:25:36.306  4652  4674 D AlertService: Scheduling next alarm with AlarmScheduler. sEventReminderReceived: null
09-26 01:25:36.321  3567  4205 I ActivityManager: Start proc 4677:com.android.providers.calendar/u0a5 for content provider com.android.providers.calendar/.CalendarProvider2
09-26 01:25:36.340  3567  3740 I ActivityManager: Start proc 4691:com.android.email/u0a53 for broadcast com.android.email/.service.EmailBroadcastReceiver
09-26 01:25:36.343  4677  4677 W System  : ClassLoader referenced unknown path: /system/priv-app/CalendarProvider/lib/arm64
09-26 01:25:36.362  4691  4691 W System  : ClassLoader referenced unknown path: /system/app/Email/lib/arm64
09-26 01:25:36.375  4631  4651 I ContactLocale: AddressBook Labels [[es_ES]]: [, A, B, C, D, E, F, G, H, I, J, K, L, M, N, , O, P, Q, R, S, T, U, V, W, X, Y, Z, , , , , , , , , , , , , , , , , , , , , , , , , , , , , , , , , , , , , , , , , , , , , , , , , , , , , , , , , , , , , , , , , , , , , , , , , , , , , , , , , , , , , , , , , , , , , , , , , , , , , , , , , , , , , , , , , , , , , , , , , , , , , , , , , , , , , , , , , , , , , , , , , , , , , , , , , , , , , , , , , , , , , , , , , , , , , , , , , , , , , , , , , , , #, ]
09-26 01:25:36.404  4677  4677 I CalendarProvider2: Created com.android.providers.calendar.CalendarAlarmManager@2ef5cfc(com.android.providers.calendar.CalendarProvider2@5278f85)
09-26 01:25:36.445  3567  4413 I ActivityManager: Start proc 4713:com.android.exchange/u0a47 for service com.android.exchange/.service.EasService
09-26 01:25:36.455  4691  4727 D ActivityThread: Loading provider com.android.email.provider;com.android.email.notifier: com.android.email.provider.EmailProvider
09-26 01:25:36.457  4652  4674 D AlarmScheduler: No events found starting within 1 week.
09-26 01:25:36.462  4691  4728 D ActivityThread: Loading provider com.android.email.provider;com.android.email.notifier: com.android.email.provider.EmailProvider
09-26 01:25:36.465  4713  4713 W System  : ClassLoader referenced unknown path: /system/app/Exchange2/lib/arm64
09-26 01:25:36.506  4691  4691 D BluetoothEmailBroadcastReceiver: Received android.intent.action.BOOT_COMPLETED
09-26 01:25:36.509  3710  3710 I SystemBroadcastReceiver: Boot has been completed
09-26 01:25:36.509  3710  3710 I SystemBroadcastReceiver: toggleAppIcon() : FLAG_SYSTEM = true
09-26 01:25:36.528  3567  4444 I ActivityManager: Start proc 4737:com.android.managedprovisioning/u0a16 for broadcast com.android.managedprovisioning/.BootReminder
09-26 01:25:36.542  4737  4737 W System  : ClassLoader referenced unknown path: /system/priv-app/ManagedProvisioning/lib/arm64
09-26 01:25:36.565  3567  4204 W ActivityManager: Unable to start service Intent { cmp=com.android.email/.service.AttachmentService } U=0: not found
09-26 01:25:36.566  4713  4713 I Exchange: EasService.onCreate
09-26 01:25:36.579  3567  4060 I ActivityManager: Start proc 4755:com.android.messaging/u0a61 for broadcast com.android.messaging/.receiver.BootAndPackageReplacedReceiver
09-26 01:25:36.580  3567  4423 W ActivityManager: Unable to start service Intent { cmp=com.android.email/.service.AttachmentService } U=0: not found
09-26 01:25:36.583  3567  4426 W ActivityManager: Unable to start service Intent { cmp=com.android.email/.service.AttachmentService } U=0: not found
09-26 01:25:36.584  4713  4770 I Exchange: RestartPingTask
09-26 01:25:36.588  4691  4753 I Email   : Observing account changes for notifications
09-26 01:25:36.602  4755  4755 W System  : ClassLoader referenced unknown path: /system/app/messaging/lib/arm64
09-26 01:25:36.604  4713  4713 I Exchange: RestartPingsTask did not start any pings.
09-26 01:25:36.605  4713  4713 I Exchange: PSS stopIfIdle
09-26 01:25:36.605  4713  4713 I Exchange: PSS has no active accounts; stopping service.
09-26 01:25:36.606  4713  4713 I Exchange: onDestroy
09-26 01:25:36.613  4713  4713 I Exchange: EasService.onCreate
09-26 01:25:36.624  4713  4775 I Exchange: RestartPingTask
09-26 01:25:36.636  4713  4713 I Exchange: RestartPingsTask did not start any pings.
09-26 01:25:36.636  4713  4713 I Exchange: PSS stopIfIdle
09-26 01:25:36.637  4713  4713 I Exchange: PSS has no active accounts; stopping service.
09-26 01:25:36.638  4713  4713 I Exchange: onDestroy
09-26 01:25:36.641  4713  4713 I Exchange: EasService.onCreate
09-26 01:25:36.648  4713  4778 I Exchange: RestartPingTask
09-26 01:25:36.658  4713  4713 I Exchange: RestartPingsTask did not start any pings.
09-26 01:25:36.658  4713  4713 I Exchange: PSS stopIfIdle
09-26 01:25:36.658  4713  4713 I Exchange: PSS has no active accounts; stopping service.
09-26 01:25:36.659  4713  4713 I Exchange: onDestroy
09-26 01:25:36.697  3567  3579 I ActivityManager: Start proc 4783:com.android.onetimeinitializer/u0a17 for broadcast com.android.onetimeinitializer/.OneTimeInitializerReceiver
09-26 01:25:36.705  4755  4755 I MessagingApp: Carrier config changed. Reloading MMS config.
09-26 01:25:36.712  4783  4783 W System  : ClassLoader referenced unknown path: /system/priv-app/OneTimeInitializer/lib/arm64
09-26 01:25:36.725  4755  4782 I MessagingAppDataModel: Fixup: Send failed - 0 Download failed - 0
09-26 01:25:36.728  4755  4781 W MessagingApp: canonicalizeMccMnc: invalid mccmnc:null ,null
09-26 01:25:36.731  4783  4783 V OneTimeInitializerRece: OneTimeInitializerReceiver.onReceive
09-26 01:25:36.737  3567  4426 D MmsServiceBroker: getCarrierConfigValues() by com.android.messaging
09-26 01:25:36.737  3567  4426 W MmsServiceBroker: MmsService not connected. Try connecting...
09-26 01:25:36.737  3567  3567 I MmsServiceBroker: Connecting to MmsService
09-26 01:25:36.737  3567  3567 W ContextImpl: Calling a method in the system process without a qualified user: android.app.ContextImpl.bindService:1421 com.android.server.MmsServiceBroker.tryConnecting:241 com.android.server.MmsServiceBroker.-wrap3:-1 com.android.server.MmsServiceBroker$1.handleMessage:83 android.os.Handler.dispatchMessage:102 
09-26 01:25:36.746  3854  3854 W System  : ClassLoader referenced unknown path: /system/priv-app/MmsService/lib/arm64
09-26 01:25:36.746  3854  3854 D ApplicationLoaders: ignored Vulkan layer search path /system/priv-app/MmsService/lib/arm64:/system/lib64:/vendor/lib64 for namespace 0x7fb0c3a1d0
09-26 01:25:36.748  3854  3854 D MmsService: onCreate
09-26 01:25:36.750  3567  3567 I MmsServiceBroker: MmsService connected
09-26 01:25:36.750  3854  3868 D MmsService: getCarrierConfigValues
09-26 01:25:36.750  3854  3868 I MmsService: mms config for sub 1: null
09-26 01:25:36.750  3854  3854 V VvmBootCompletedRcvr: processing subId list
09-26 01:25:36.750  4755  4781 I MessagingApp: Carrier configs loaded: Bundle[{smsToMmsTextThreshold=-1, maxMessageTextSize=-1, recipientLimit=-1, maxImageHeight=480, maxMessageSize=307200, maxImageWidth=640, enabledMMS=true, enableMultipartSMS=true}] from resources+system for subId=1
09-26 01:25:36.753  3854  3854 V VvmBootCompletedRcvr: processing subId 1
09-26 01:25:36.756  3854  3854 D VvmSimChangeReceiver: visual voicemail not supported for carrier 72234 on subId 1
09-26 01:25:36.762  4755  4797 W MessagingApp: canonicalizeMccMnc: invalid mccmnc:null ,null
09-26 01:25:36.764  3567  4411 D MmsServiceBroker: getCarrierConfigValues() by com.android.messaging
09-26 01:25:36.764  3854  3868 D MmsService: getCarrierConfigValues
09-26 01:25:36.764  3854  3868 I MmsService: mms config for sub 1: null
09-26 01:25:36.765  4755  4797 I MessagingApp: Carrier configs loaded: Bundle[{smsToMmsTextThreshold=-1, maxMessageTextSize=-1, recipientLimit=-1, maxImageHeight=480, maxMessageSize=307200, maxImageWidth=640, enabledMMS=true, enableMultipartSMS=true}] from resources+system for subId=1
09-26 01:25:36.771  3854  3854 I MmsService: MmsConfigManager receiver action: android.intent.action.SIM_STATE_CHANGED
09-26 01:25:36.771  3854  3854 I MmsService: MmsConfigManager receiver action: android.telephony.action.CARRIER_CONFIG_CHANGED
09-26 01:25:36.772  3854  4806 I MmsService: MmsConfigManager loads in background mcc/mnc: 722/34
