09-26 04:43:59.380  3659  3659 I PackageManager.DexOptimizer: Running dexopt (dex2oat) on: /system/app/CaptivePortalLogin/CaptivePortalLogin.apk pkg=com.android.captiveportallogin isa=arm64 vmSafeMode=false debuggable=false target-filter=interpret-only oatDir = null sharedLibraries=null
09-26 04:43:59.416  4700  4700 I dex2oat : /system/bin/dex2oat --compiler-filter=interpret-only
09-26 04:43:59.493  4700  4700 I dex2oat : dex2oat took 77.373ms (threads: 8) arena alloc=12KB (12896B) java alloc=106KB (109384B) native alloc=1006KB (1030544B) free=2MB (2115184B)
09-26 04:43:59.497  3659  3659 I PackageManager.DexOptimizer: Running dexopt (dex2oat) on: /system/priv-app/WeatherProvider/WeatherProvider.apk pkg=org.cyanogenmod.weather.provider isa=arm64 vmSafeMode=false debuggable=false target-filter=interpret-only oatDir = null sharedLibraries=null
09-26 04:43:59.532  4709  4709 I dex2oat : /system/bin/dex2oat --compiler-filter=interpret-only
09-26 04:43:59.622  4709  4709 I dex2oat : dex2oat took 90.322ms (threads: 8) arena alloc=28KB (29304B) java alloc=205KB (210568B) native alloc=1287KB (1318320B) free=2MB (2351696B)
09-26 04:43:59.627  3659  3659 W PackageManager: No disk maintenance in 1506401039627; running immediately
09-26 04:43:59.627  3659  3659 I SystemServer: StartLockSettingsService
09-26 04:43:59.627  3659  4088 I MountService: Running fstrim idle maintenance
09-26 04:43:59.628  3659  3659 I SystemServiceManager: Starting com.android.server.LockSettingsService$Lifecycle
09-26 04:43:59.628  3659  4088 D VoldConnector: SND -> {3 fstrim dotrim}
09-26 04:43:59.629  3659  4089 D VoldConnector: RCV <- {200 3 Command succeeded}
09-26 04:43:59.629  3077  4718 D vold    : Starting trim of /cache
09-26 04:43:59.637  3659  3659 I SystemServiceManager: Starting com.android.server.DeviceIdleController
09-26 04:43:59.641  3659  3659 I SystemServiceManager: Starting com.android.server.devicepolicy.DevicePolicyManagerService$Lifecycle
09-26 04:43:59.654  3659  3659 I SystemServer: StartStatusBarManagerService
09-26 04:43:59.657  3659  3659 I SystemServer: StartClipboardService
09-26 04:43:59.661  3659  3659 I SystemServer: StartNetworkManagementService
09-26 04:43:59.663  3077  4718 I vold    : Trimmed 507375616 bytes on /cache in 33ms
09-26 04:43:59.663  3659  4089 D VoldConnector: RCV <- {662 /cache 507375616 33173038}
09-26 04:43:59.664  3077  4718 D vold    : Starting trim of /data
09-26 04:43:59.669  3659  4719 I NetworkManagement: onDaemonConnected()
09-26 04:43:59.673  3659  3659 I SystemServiceManager: Starting com.android.server.TextServicesManagerService$Lifecycle
09-26 04:43:59.680  3659  3659 I SystemServer: StartNetworkScoreService
09-26 04:43:59.682  3659  3659 I SystemServer: StartNetworkStatsService
09-26 04:43:59.688  3659  3659 I SystemServer: StartNetworkPolicyManagerService
09-26 04:43:59.693  3659  3659 I SystemServer: No Wi-Fi NAN Service (NAN support Not Present)
09-26 04:43:59.694  3659  3659 I SystemServiceManager: Starting com.android.server.wifi.p2p.WifiP2pService
09-26 04:43:59.745  3659  3659 I WifiP2pService: Registering wifip2p
09-26 04:43:59.746  3659  3659 I SystemServiceManager: Starting com.android.server.wifi.WifiService
09-26 04:43:59.774  3659  3659 D WifiStateMachine: fst disabled
09-26 04:43:59.781  3659  3659 D HS20    : Passpoint is enabled, false
09-26 04:43:59.802  3195  3541 D CommandListener: Clearing all IP addresses on wlan0
09-26 04:44:00.003  3659  3659 E WifiLogger: no ring buffers found
09-26 04:44:00.003  3659  3659 E WifiLogger: Failed to start packet fate monitoring
09-26 04:44:00.005  3659  4725 D WifiApConfigStore: 2G band allowed channels are:1,6,11
09-26 04:44:00.007  3659  4725 E WifiApConfigStore: Error reading hotspot configuration java.io.FileNotFoundException: /data/misc/wifi/softap.conf (No such file or directory)
09-26 04:44:00.007  3659  4725 D WifiApConfigStore: Fallback to use default AP configuration
09-26 04:44:00.017  3659  3659 D WifiController: isAirplaneModeOn = false, isWifiEnabled = true, isScanningAvailable = false
09-26 04:44:00.022  3659  3659 E WifiService: ensureConcurrencyFile template file doesnt existjava.io.FileNotFoundException: /etc/wifi/wifi_concurrency_cfg.txt (No such file or directory)
09-26 04:44:00.022  3659  3659 I WifiService: Registering wifi
09-26 04:44:00.024  3659  3659 I SystemServiceManager: Starting com.android.server.wifi.scanner.WifiScanningService
09-26 04:44:00.025  3659  3659 I WifiScanningService: Creating wifiscanner
09-26 04:44:00.032  3659  3659 I WifiScanningService: Publishing wifiscanner
09-26 04:44:00.034  3659  3659 I SystemServiceManager: Starting com.android.server.wifi.RttService
09-26 04:44:00.035  3659  3659 I RttService: Creating rttmanager
09-26 04:44:00.037  3659  3659 I RttService: Starting rttmanager
09-26 04:44:00.039  3659  3659 I SystemServiceManager: Starting com.android.server.ethernet.EthernetService
09-26 04:44:00.040  3659  3659 I EthernetServiceImpl: Creating EthernetConfigStore
09-26 04:44:00.041  3659  3659 E IpConfigStore: Error parsing configuration: java.io.FileNotFoundException: /data/misc/ethernet/ipconfig.txt (No such file or directory)
09-26 04:44:00.041  3659  3659 W EthernetConfigStore: No Ethernet configuration found. Using default.
09-26 04:44:00.041  3659  3659 I EthernetServiceImpl: Read stored IP configuration: IP assignment: DHCP
09-26 04:44:00.041  3659  3659 I EthernetServiceImpl: Proxy settings: NONE
09-26 04:44:00.042  3659  3659 I EthernetService: Registering service ethernet
09-26 04:44:00.043  3659  3659 I SystemServer: StartConnectivityService
09-26 04:44:00.051  3659  3659 D ConnectivityService: ConnectivityService starting up
09-26 04:44:00.059  3659  3659 D ConnectivityService: wifiOnly=false
09-26 04:44:00.068  3659  3659 I SystemServer: StartNsdService
09-26 04:44:00.072  3659  3659 I SystemServer: StartUpdateLockService
09-26 04:44:00.073  3659  3659 I SystemServiceManager: Starting com.android.server.RecoverySystemService
09-26 04:44:00.075  3659  3659 I SystemServiceManager: Starting com.android.server.notification.NotificationManagerService
09-26 04:44:00.086  3659  3659 D ConditionProviders.SCP: new ScheduleConditionProvider()
09-26 04:44:00.095  3659  3659 D ZenLog  : set_zen_mode: off,init
09-26 04:44:00.105  3659  3659 I SystemServiceManager: Starting com.android.server.storage.DeviceStorageMonitorService
09-26 04:44:00.108  3659  3659 I SystemServer: StartLocationManagerService
09-26 04:44:00.111  3659  3659 I SystemServer: StartCountryDetectorService
09-26 04:44:00.112  3659  3659 I SystemServer: StartSearchManagerService
09-26 04:44:00.112  3659  3659 I SystemServiceManager: Starting com.android.server.search.SearchManagerService$Lifecycle
09-26 04:44:00.114  3659  3659 I SystemServiceManager: Starting com.android.server.DropBoxManagerService
09-26 04:44:00.116  3659  3659 I SystemServer: StartWallpaperManagerService
09-26 04:44:00.117  3659  3659 I SystemServiceManager: Starting com.android.server.wallpaper.WallpaperManagerService$Lifecycle
09-26 04:44:00.119  3659  3659 E BitmapFactory: Unable to decode stream: java.io.FileNotFoundException: /data/system/users/0/wallpaper_orig (No such file or directory)
09-26 04:44:00.119  3659  3659 E WallpaperManagerService: Invalid wallpaper data
09-26 04:44:00.119  3659  3659 E WallpaperManagerService: Unable to apply new wallpaper
09-26 04:44:00.119  3659  3659 W WallpaperManagerService: no current wallpaper -- first boot?
09-26 04:44:00.120  3659  3659 I SystemServer: StartAudioService
09-26 04:44:00.120  3659  3659 I SystemServiceManager: Starting com.android.server.audio.AudioService$Lifecycle
09-26 04:44:00.127  3659  3659 W TelecomManager: Telecom Service not found.
09-26 04:44:00.128  3186  3415 D PermissionCache: checking android.permission.MODIFY_AUDIO_SETTINGS for uid=1000 => granted (1127 us)
09-26 04:44:00.128  3186  3415 I APM_AudioPolicyManager: setForceUse() usage 4, config 0, mPhoneState 0
09-26 04:44:00.128  3186  3415 W APM_AudioPolicyManager: setForceUse() usage 4, config 0 is Already setted
09-26 04:44:00.128  3186  3186 I APM_AudioPolicyManager: setForceUse() usage 3, config 8, mPhoneState 0
09-26 04:44:00.129  3186  3415 I APM_AudioPolicyManager: setForceUse() usage 6, config 0, mPhoneState 0
09-26 04:44:00.129  3186  3415 W APM_AudioPolicyManager: setForceUse() usage 6, config 0 is Already setted
09-26 04:44:00.132  3186  3403 W AudioFlinger: no wake lock to update, system not ready yet
09-26 04:44:00.132  3186  3406 W AudioFlinger: no wake lock to update, system not ready yet
09-26 04:44:00.155  3659  3659 I SystemServiceManager: Starting com.android.server.DockObserver
09-26 04:44:00.157  3659  3659 I SystemServer: StartWiredAccessoryManager
09-26 04:44:00.157  3659  3659 W WiredAccessoryManager: This kernel does not have usb audio support
09-26 04:44:00.158  3659  3659 I SystemServiceManager: Starting com.android.server.usb.UsbService$Lifecycle
09-26 04:44:00.161  3659  3659 E UsbDeviceManager: failed to write to /sys/class/android_usb/android0/f_rndis/ethaddr
09-26 04:44:00.178  3659  3659 I UsbDeviceManager: Setting USB config to adb
