09-09 19:25:22.394  5553  5658 D SecHAL  : nfc_hal_postinit_sm: Respond CORE_RESET_RSP
09-09 19:25:22.394  5553  5658 I SecHAL  : nfc_data_callback: !
09-09 19:25:22.395  5553  5658 D NfcAdaptation: NfcAdaptation::HalDeviceContextDataCallback: len=6
09-09 19:25:22.395  5553  5656 I BrcmNfcNfa: NFC received rsp gid:0
09-09 19:25:22.395  5553  5656 I BrcmNfcNfa: nci_proc_core_rsp opcode:0x0
09-09 19:25:22.395  5553  5656 D NfcAdaptation: NfcAdaptation::HalWrite
09-09 19:25:22.395  5553  5656 I SecHAL  : nfc_hal_write: enter;
09-09 19:25:22.395  5553  5656 I SecHAL  : nfc_hal_write: exit;
09-09 19:25:22.395  5553  5658 D SecHAL  : nfc_hal_task: Got a event: HAL_EVT_WRITE(3)
09-09 19:25:22.395  5553  5658 D SecHAL  : nfc_hal_task: current state: POST_INIT
09-09 19:25:22.395  5553  5658 I SecHAL  : OSI_timer_start: enter,osi_lock
09-09 19:25:22.395  5553  5658 I SecHAL  : OSI_timer_start: before osi_unlock
09-09 19:25:22.395  5553  5658 I SecHAL  : OSI_timer_start: exit
09-09 19:25:22.395  5553  5658 D SecHAL  : nfc_hal_postinit_sm: set flag to 0x000102
09-09 19:25:22.395  5553  5658 I SecHAL  : device_write: enter
09-09 19:25:22.395  5553  5658 I SecHAL  : device_write: before system call
09-09 19:25:22.395  5553  5658 I SecHAL  : device_write: after system call
09-09 19:25:22.395  5553  5658 D SecHAL  : data_trace:  Send(  3) 20 01 00   
09-09 19:25:22.395  5553  5658 I SecHAL  : device_write: exit
09-09 19:25:22.395  5553  5658 D SecHAL  : nfc_hal_task: Got a event: HAL_EVT_READ(4)
09-09 19:25:22.395  5553  5657 D SecHAL  : read_thread: Sent message to HAL message task, remind que: 2
09-09 19:25:22.396  5553  5658 D SecHAL  : nfc_hal_task: current state: POST_INIT
09-09 19:25:22.396  5553  5658 D SecHAL  : data_trace:  Recv( 23) 40 01 14   00 02 0e 02 00 03 01 02 03 02 2e 04 ff 10 00 0e 45 00 02 02 
09-09 19:25:22.396  5553  5658 D SecHAL  : nfc_hal_postinit_sm: Respond CORE_INIT_RSP
09-09 19:25:22.396  5553  5658 I SecHAL  : nfc_data_callback: !
09-09 19:25:22.396  5553  5658 D NfcAdaptation: NfcAdaptation::HalDeviceContextDataCallback: len=23
09-09 19:25:22.397  5553  5656 I BrcmNfcNfa: NFC received rsp gid:0
09-09 19:25:22.397  5553  5656 I BrcmNfcNfa: nci_proc_core_rsp opcode:0x1
09-09 19:25:22.397  5553  5656 I BrcmNfcNfa: nfc_set_state 2 (CORE_INIT)->3 (W4_POST_INIT_CPLT)
09-09 19:25:22.397  5553  5656 D NfcAdaptation: NfcAdaptation::HalCoreInitialized
09-09 19:25:22.397  5553  5656 I SecHAL  : nfc_hal_core_initialized: enter;
09-09 19:25:22.397  5553  5656 I SecHAL  : nfc_hal_core_initialized: exit;
09-09 19:25:22.397  5005  5005 D SimSelectNotification:  no of slots 2 provision = false
09-09 19:25:22.399  5553  5658 D SecHAL  : nfc_hal_task: Got a event: HAL_EVT_CORE_INIT(1)
09-09 19:25:22.399  5553  5658 D SecHAL  : nfc_hal_task: current state: POST_INIT
09-09 19:25:22.399  5553  5658 I SecHAL  : OSI_timer_start: enter,osi_lock
09-09 19:25:22.399  5553  5658 I SecHAL  : OSI_timer_start: before osi_unlock
09-09 19:25:22.399  5553  5658 I SecHAL  : OSI_timer_start: exit
09-09 19:25:22.399  5553  5658 I SecHAL  : device_write: enter
09-09 19:25:22.399  5553  5658 I SecHAL  : device_write: before system call
09-09 19:25:22.399  5553  5658 I SecHAL  : device_write: after system call
09-09 19:25:22.400  5553  5658 D SecHAL  : data_trace:  Send(  3) 2f 29 00   
09-09 19:25:22.400  5553  5658 I SecHAL  : device_write: exit
09-09 19:25:22.400  5553  5657 D SecHAL  : read_thread: Sent message to HAL message task, remind que: 2
09-09 19:25:22.400  5553  5658 D SecHAL  : nfc_hal_task: Got a event: HAL_EVT_READ(4)
09-09 19:25:22.400  5553  5658 D SecHAL  : nfc_hal_task: current state: POST_INIT
09-09 19:25:22.400  5553  5658 D SecHAL  : data_trace:  Recv( 18) 4f 29 0f   45 02 33 00 03 36 16 15 36 28 01 03 44 45 46 
09-09 19:25:22.400  5553  5658 D SecHAL  : select_image_set_chip_code: Chip code is DEF
09-09 19:25:22.400  5553  5658 D SecHAL  : nfc_hal_get_update_image: Enter
09-09 19:25:22.400  5553  5658 D SecHAL  : nfc_hal_get_update_image: Inform, chip code: DEF
09-09 19:25:22.401  5553  5658 D SecHAL  : nfc_hal_get_update_image: mPOS: 0, type: 1
09-09 19:25:22.401  5553  5658 D SecHAL  : nfc_hal_get_update_image: Sales code: DEF
09-09 19:25:22.401  5553  5658 D SecHAL  : get_storage: Selecting FW image
09-09 19:25:22.401  5553  5658 D SecHAL  : get_config_string: Cannot find the field name [UFU_DIR_PATH]
09-09 19:25:22.401  5553  5658 D SecHAL  : get_config_string: Get config FW_DIR_PATH: /system/vendor/firmware/nfc/
09-09 19:25:22.401  5553  5658 D SecHAL  : get_storage: Selecting FW image
09-09 19:25:22.401  5553  5658 D SecHAL  : get_config_string: Get config FW_DIR_PATH: /system/vendor/firmware/nfc/
09-09 19:25:22.401  5553  5658 D SecHAL  : nfc_hal_get_update_image: Target code: DEF
09-09 19:25:22.401  5553  5658 D SecHAL  : nfc_hal_get_update_image: Try to load ufu image from /system/vendor/firmware/nfc/
09-09 19:25:22.402  5553  5658 D SecHAL  : get_image_file: File is not exist: /system/vendor/firmware/nfc//NFC_FW.bin
09-09 19:25:22.402  5553  5658 D SecHAL  : get_image_file: Try to open old verson field name [USER_FW_IMAGE]
09-09 19:25:22.402  5553  5658 D SecHAL  : get_config_string: Cannot find the field name [USER_FW_IMAGE]
09-09 19:25:22.402  5553  5658 E SecHAL  : get_image: Failed to find image file (0x7f831ca720)
09-09 19:25:22.402  5553  5658 D SecHAL  : nfc_hal_get_update_image: Try to load sys image from /system/vendor/firmware/nfc/
09-09 19:25:22.402  5553  5658 D SecHAL  : get_config_string: Get config FW_FILE_NAME: sec_s3nrn82_firmware.bin
09-09 19:25:22.402  5553  5658 D SecHAL  : load_fw_binary: Open: /system/vendor/firmware/nfc//sec_s3nrn82_firmware.bin(DEF)
09-09 19:25:22.403  5310  5310 D CellBroadcastReceiver: onReceive Intent { act=android.intent.action.SIM_STATE_CHANGED flg=0x4000010 cmp=com.android.cellbroadcastreceiver/.CellBroadcastReceiver (has extras) }
09-09 19:25:22.404  5553  5658 D SecHAL  : get_image: Success get image: 0x7f831ca720
09-09 19:25:22.404  5553  5658 D SecHAL  : nfc_hal_get_update_image: SYS image is selected
09-09 19:25:22.404  5553  5658 D SecHAL  : get_image_version: FW version (0x7f831ca720): 45.0.2
09-09 19:25:22.404  5553  5658 D SecHAL  : print_version: Chip version : 0x45.0x00.0x02.
09-09 19:25:22.404  5553  5658 D SecHAL  : print_version: Image version: 0x45.0x00.0x02.
09-09 19:25:22.404  5553  5658 D SecHAL  : check_update: selectd code: DEF
09-09 19:25:22.404  5553  5658 D SecHAL  : __get_config_int: Get config FW_UPDATE_MODE: 0(0x0)
09-09 19:25:22.404  5553  5658 D SecHAL  : check_update: Update mode is 0
09-09 19:25:22.404  5553  5658 D SecHAL  : nfc_hal_task: hal state is changed: POST_INIT -> VENDOR_SPECIFIC
09-09 19:25:22.404  5553  5658 D SecHAL  : nfc_hal_task: Got a event: HAL_EVT_READ(4)
09-09 19:25:22.404  5553  5658 D SecHAL  : nfc_hal_task: current state: VENDOR_SPECIFIC
09-09 19:25:22.404  5553  5658 D SecHAL  : hal_vs_check_rfreg_update: RF Version (F/W): 17/6/22/21.54.40
09-09 19:25:22.404  5553  5658 D SecHAL  : check_force_fw_update_mode: force_update_mode : 0
09-09 19:25:22.404  5553  5658 D SecHAL  : nfc_hal_get_update_image: Enter
09-09 19:25:22.404  5553  5658 D SecHAL  : check_old_hw_exception: HWREV : 0
09-09 19:25:22.404  5553  5658 E SecHAL  : __get_config_int: Cannot find the field name [RO_REVISION_FOR_OLD_HW]
09-09 19:25:22.404  5553  5658 D SecHAL  : nfc_hal_get_update_image: Inform, chip code: DEF
09-09 19:25:22.404  5553  5658 D SecHAL  : nfc_hal_get_update_image: mPOS: 0, type: 2
09-09 19:25:22.405  5553  5658 D SecHAL  : nfc_hal_get_update_image: Sales code: DEF
09-09 19:25:22.405  5553  5658 D SecHAL  : get_storage: Selecting RF image
09-09 19:25:22.405  5553  5658 D SecHAL  : get_config_string: Cannot find the field name [UFU_DIR_PATH]
09-09 19:25:22.405  5553  5658 D SecHAL  : get_config_string: Get config RF_DIR_PATH: /system/etc/nfc/
09-09 19:25:22.405  5553  5658 D SecHAL  : get_storage: Selecting RF image
09-09 19:25:22.405  5553  5658 D SecHAL  : get_config_string: Get config RF_DIR_PATH: /system/etc/nfc/
09-09 19:25:22.405  5553  5658 D SecHAL  : nfc_hal_get_update_image: Target code: DEF
09-09 19:25:22.405  5553  5658 D SecHAL  : nfc_hal_get_update_image: Try to load ufu image from /system/etc/nfc/
09-09 19:25:22.407  5553  5658 D SecHAL  : get_image_file: File is not exist: /system/etc/nfc//NFC_REG.bin
09-09 19:25:22.407  5553  5658 D SecHAL  : get_image_file: Try to open old verson field name [USER_REG_IMAGE]
09-09 19:25:22.407  5553  5658 D SecHAL  : get_config_string: Cannot find the field name [USER_REG_IMAGE]
09-09 19:25:22.407  5553  5658 E SecHAL  : get_image: Failed to find image file (0x7f831ca720)
09-09 19:25:22.407  5553  5658 D SecHAL  : nfc_hal_get_update_image: Try to load sys image from /system/etc/nfc/
09-09 19:25:22.408  5553  5658 D SecHAL  : get_config_string: Get config RF_FILE_NAME: sec_s3nrn82_rfreg.bin
09-09 19:25:22.408  5553  5658 D SecHAL  : nfc_hal_rf_set_reg_id_tmp: ID: DEF
09-09 19:25:22.408  5553  5658 D SecHAL  : nfc_hal_rf_set_file_tmp: file name: /system/etc/nfc//sec_s3nrn82_rfreg.bin
09-09 19:25:22.408  5553  5658 D SecHAL  : nfc_hal_rf_set_file_tmp: file option: 0
09-09 19:25:22.408  5553  5658 D SecHAL  : nfc_hal_rf_get_file_name_tmp: file name: /system/etc/nfc//sec_s3nrn82_rfreg.bin
09-09 19:25:22.408  5553  5658 D SecHAL  : nfc_hal_rf_get_reg: file size: 3056
09-09 19:25:22.408  5553  5658 D SecHAL  : nfc_hal_rf_get_reg: This is normal rf register file
09-09 19:25:22.409  5553  5658 D SecHAL  : nfc_hal_rf_get_reg: Write ID to meta data
09-09 19:25:22.409  5553  5658 D SecHAL  : nfc_hal_rf_get_reg_id_tmp: ID: DEF
09-09 19:25:22.409  5553  5658 D SecHAL  : get_image: Success get image: 0x7f831ca720
09-09 19:25:22.409  5553  5658 D SecHAL  : nfc_hal_get_update_image: SYS image is selected
09-09 19:25:22.409  5553  5658 D SecHAL  : get_image_version: RF version: (0x7f831ca720)17/6/22/21.54.40
09-09 19:25:22.409  5553  5658 D SecHAL  : print_version: Chip version : 0x36.0x16.0x15.0x36.0x28.
09-09 19:25:22.409  5553  5658 D SecHAL  : print_version: Image version: 0x36.0x16.0x15.0x36.0x28.
09-09 19:25:22.409  5553  5658 D SecHAL  : check_update: selectd code: DEF
09-09 19:25:22.409  5553  5658 D SecHAL  : __get_config_int: Get config FW_UPDATE_MODE: 0(0x0)
09-09 19:25:22.409  5553  5658 D SecHAL  : check_update: Update mode is 0
09-09 19:25:22.409  5553  5658 E SecHAL  : hal_vs_check_rfreg_update: hal_vs_check_rfreg_update return false
09-09 19:25:22.409  5553  5658 D SecHAL  : hal_vs_check_rfreg_update: RF Register Display Version : 3
09-09 19:25:22.410  4951  4951 I VvmSimChangeReceiver: Sim removed, removing inactive accounts
09-09 19:25:22.410  5553  5658 D SecHAL  : hal_vs_check_rfreg_update: nfc.fw.rfreg_ver is 17/6/22/21.54.40
09-09 19:25:22.411  5553  5658 D SecHAL  : nfc_hal_vs_sm: Do not need to update RF registers.
09-09 19:25:22.411  5553  5658 I SecHAL  : OSI_timer_start: enter,osi_lock
09-09 19:25:22.411  5553  5658 I SecHAL  : OSI_timer_start: before osi_unlock
09-09 19:25:22.411  5553  5658 I SecHAL  : OSI_timer_start: exit
09-09 19:25:22.411  5553  5658 I SecHAL  : device_write: enter
09-09 19:25:22.411  5553  5658 I SecHAL  : device_write: before system call
09-09 19:25:22.411  5553  5658 I SecHAL  : device_write: after system call
09-09 19:25:22.411  5553  5658 D SecHAL  : data_trace:  Send(  5) 21 01 02   00 00 
09-09 19:25:22.412  5553  5658 I SecHAL  : device_write: exit
09-09 19:25:22.415  5005  5005 D SimSelectNotification:  no of slots 2 provision = false
09-09 19:25:22.422  5553  5657 D SecHAL  : read_thread: Sent message to HAL message task, remind que: 2
09-09 19:25:22.422  5553  5658 D SecHAL  : nfc_hal_task: Got a event: HAL_EVT_READ(4)
09-09 19:25:22.422  5553  5658 D SecHAL  : nfc_hal_task: current state: VENDOR_SPECIFIC
09-09 19:25:22.422  5553  5658 D SecHAL  : data_trace:  Recv(  4) 41 01 01   00 
09-09 19:25:22.422  5553  5658 D SecHAL  : nfc_hal_vs_sm: Vendor Specific is complete.
09-09 19:25:22.422  5553  5658 D SecHAL  : nfc_hal_task: hal state is changed: VENDOR_SPECIFIC -> POST_INIT
09-09 19:25:22.422  5553  5658 D SecHAL  : nfc_hal_task: Got a event: NFC_HAL_COMPLETE(240)
09-09 19:25:22.422  5553  5658 D SecHAL  : nfc_hal_task: current state: POST_INIT
09-09 19:25:22.422  5553  5658 D SecHAL  : nfc_hal_postinit_sm: Complete: CSC: DEF
09-09 19:25:22.422  5553  5658 D SecHAL  : nfc_hal_postinit_sm: Complete: NFC FW Version: 45.00.02
09-09 19:25:22.422  5553  5658 D SecHAL  : nfc_hal_postinit_sm: Complete: NFC RF Version: 17/6/22/21.54.40
09-09 19:25:22.422  5553  5658 D SecHAL  : nfc_hal_postinit_sm: Complete: NFC RF Number Version: 4.5.2(3)
09-09 19:25:22.422  5553  5658 I SecHAL  : nfc_stack_cback: !
09-09 19:25:22.422  5553  5658 D NfcAdaptation: NfcAdaptation::HalDeviceContextCallback: event=2
09-09 19:25:22.422  5553  5658 I BrcmNfcNfa: nfc_main_hal_cback event: HAL_NFC_POST_INIT_CPLT_EVT(0x2), status=0
09-09 19:25:22.422  5553  5658 D SecHAL  : nfc_hal_task: hal state is changed: POST_INIT -> SERVICE
09-09 19:25:22.423  5310  5310 D CellBroadcastReceiver: onReceive Intent { act=android.intent.action.ACTION_DEFAULT_SMS_SUBSCRIPTION_CHANGED flg=0x20000010 cmp=com.android.cellbroadcastreceiver/.CellBroadcastReceiver (has extras) }
09-09 19:25:22.423  5553  5656 I BrcmNfcNfa: nfc_main_handle_hal_evt(): HAL event=0x2
09-09 19:25:22.423  5553  5656 I BrcmNfcNfa: nfc_set_state 3 (W4_POST_INIT_CPLT)->4 (IDLE)
09-09 19:25:22.423  5553  5656 I BrcmNfcNfa: nfc_set_conn_id conn_id:0, handle:1
09-09 19:25:22.423  5553  5656 I BrcmNfcNfa: nci_interfaces supported by NFCC: 0xe
09-09 19:25:22.423  5553  5656 I BrcmNfcNfa: [0]: intf_type:2 intf_mask: 0x4 is_supported:1
09-09 19:25:22.423  5310  5310 D CellBroadcastReceiver: Start Cell Broadcast configuration.
09-09 19:25:22.423  5553  5656 I BrcmNfcNfa: [1]: intf_type:3 intf_mask: 0x8 is_supported:1
09-09 19:25:22.423  5553  5656 D NfcAdaptation: NfcAdaptation::HalWrite
09-09 19:25:22.423  5553  5656 I SecHAL  : nfc_hal_write: enter;
09-09 19:25:22.423  5553  5656 I SecHAL  : nfc_hal_write: exit;
09-09 19:25:22.423  5553  5656 I BrcmNfcNfa: nfa_dm_nfc_response_cback () NFC_ENABLE_REVT(0x5000)
09-09 19:25:22.423  5553  5656 D NfcAdaptation: NfcAdaptation::HalPowerCycle
09-09 19:25:22.423  5553  5656 I BrcmNfcNfa: nfa_sys: enabling subsystems
09-09 19:25:22.423  5553  5656 I BrcmNfcNfa: nfa_dm_check_set_config ()
09-09 19:25:22.423  5553  5656 I BrcmNfcNfa: nfa_sys_ptim_start_timer 86147bb0
09-09 19:25:22.423  5553  5656 I BrcmNfcNfa: ptim timer start
09-09 19:25:22.423  5553  5656 I BrcmNfcNfa: nfa_sys_cback_notify_enable_complete () enable_cplt_flags=0x8, enable_cplt_mask=0x1cc
09-09 19:25:22.423  5553  5656 I BrcmNfcNfa: nfa_sys_cback_notify_enable_complete () enable_cplt_flags=0x48, enable_cplt_mask=0x1cc
09-09 19:25:22.423  5553  5656 I BrcmNfcNfa: nfa_sys_cback_notify_enable_complete () enable_cplt_flags=0xc8, enable_cplt_mask=0x1cc
09-09 19:25:22.423  5553  5656 I BrcmNfcNfa: nfa_hci_sys_enable ()
09-09 19:25:22.423  5553  5656 D         : nfa_nv_co_read: buffer len=288; file=/data/nfc/nfaStorage.bin1
09-09 19:25:22.423  5553  5656 D         : nfa_nv_co_read: fail to open
09-09 19:25:22.423  5553  5656 I BrcmNfcNfa: nfa_sys_ptim_start_timer 86148318
09-09 19:25:22.423  5553  5656 I BrcmNfcNfa: NFA got event 0x0810
09-09 19:25:22.423  5553  5656 I BrcmNfcNfa: nfa_hci_evt_hdlr state: STARTUP (1) event: NV_READ_EVT (0x0810)
09-09 19:25:22.423  5553  5656 I BrcmNfcNfa: nfa_sys_ptim_stop_timer 86148318
09-09 19:25:22.423  5553  5658 D SecHAL  : nfc_hal_task: Got a event: HAL_EVT_WRITE(3)
09-09 19:25:22.423  5553  5658 D SecHAL  : nfc_hal_task: current state: SERVICE
09-09 19:25:22.423  5553  5658 I SecHAL  : OSI_timer_start: enter,osi_lock
09-09 19:25:22.423  5553  5658 I SecHAL  : OSI_timer_start: before osi_unlock
09-09 19:25:22.423  5553  5658 I SecHAL  : OSI_timer_start: exit
09-09 19:25:22.423  5553  5658 I SecHAL  : device_write: enter
09-09 19:25:22.423  5553  5658 I SecHAL  : device_write: before system call
09-09 19:25:22.424  5553  5658 I SecHAL  : device_write: after system call
09-09 19:25:22.424  5553  5658 D SecHAL  : data_trace:  Send( 10) 21 00 07   02 04 03 02 05 03 03 
09-09 19:25:22.424  5553  5658 I SecHAL  : device_write: exit
09-09 19:25:22.424  5553  5657 D SecHAL  : read_thread: Sent message to HAL message task, remind que: 2
09-09 19:25:22.424  5553  5658 D SecHAL  : nfc_hal_task: Got a event: HAL_EVT_READ(4)
09-09 19:25:22.424  5553  5658 D SecHAL  : nfc_hal_task: current state: SERVICE
09-09 19:25:22.424  5553  5658 D SecHAL  : data_trace:  Recv(  4) 41 00 01   00 
09-09 19:25:22.424  5553  5658 I SecHAL  : OSI_timer_start: enter,osi_lock
09-09 19:25:22.424  5553  5658 I SecHAL  : OSI_timer_start: before osi_unlock
09-09 19:25:22.424  5553  5658 I SecHAL  : OSI_timer_start: exit
09-09 19:25:22.424  5553  5658 I SecHAL  : nfc_data_callback: !
09-09 19:25:22.424  5553  5658 D NfcAdaptation: NfcAdaptation::HalDeviceContextDataCallback: len=4
09-09 19:25:22.424  5553  5656 I BrcmNfcNfa: NFC received rsp gid:1
09-09 19:25:22.425  5553  5656 D NfcAdaptation: NfcAdaptation::HalWrite
09-09 19:25:22.425  5553  5656 I SecHAL  : nfc_hal_write: enter;
09-09 19:25:22.425  5553  5656 I SecHAL  : nfc_hal_write: exit;
09-09 19:25:22.425  5553  5658 D SecHAL  : nfc_hal_task: Got a event: HAL_EVT_WRITE(3)
09-09 19:25:22.425  5553  5658 D SecHAL  : nfc_hal_task: current state: SERVICE
09-09 19:25:22.425  5553  5658 I SecHAL  : OSI_timer_start: enter,osi_lock
09-09 19:25:22.425  5553  5658 I SecHAL  : OSI_timer_start: before osi_unlock
09-09 19:25:22.425  5553  5658 I SecHAL  : OSI_timer_start: exit
09-09 19:25:22.425  5553  5658 I SecHAL  : device_write: enter
09-09 19:25:22.425  5553  5658 I SecHAL  : device_write: before system call
09-09 19:25:22.425  5553  5658 I SecHAL  : device_write: after system call
09-09 19:25:22.425  5553  5658 D SecHAL  : data_trace:  Send( 17) 20 02 0e   02 51 08 01 fe ff ff ff ff ff ff 58 01 07 
09-09 19:25:22.425  5553  5658 I SecHAL  : device_write: exit
09-09 19:25:22.426  5553  5657 D SecHAL  : read_thread: Sent message to HAL message task, remind que: 2
09-09 19:25:22.426  5553  5658 D SecHAL  : nfc_hal_task: Got a event: HAL_EVT_READ(4)
09-09 19:25:22.426  5553  5658 D SecHAL  : nfc_hal_task: current state: SERVICE
09-09 19:25:22.426  5553  5658 D SecHAL  : data_trace:  Recv(  5) 40 02 02   00 00 
09-09 19:25:22.426  5553  5658 I SecHAL  : OSI_timer_start: enter,osi_lock
09-09 19:25:22.426  5553  5658 I SecHAL  : OSI_timer_start: before osi_unlock
09-09 19:25:22.426  5553  5658 I SecHAL  : OSI_timer_start: exit
09-09 19:25:22.426  5553  5658 I SecHAL  : nfc_data_callback: !
09-09 19:25:22.426  5553  5658 D NfcAdaptation: NfcAdaptation::HalDeviceContextDataCallback: len=5
09-09 19:25:22.426  5553  5656 I BrcmNfcNfa: NFC received rsp gid:0
09-09 19:25:22.426  5553  5656 I BrcmNfcNfa: nci_proc_core_rsp opcode:0x2
09-09 19:25:22.426  5553  5656 I BrcmNfcNfa: nfa_dm_nfc_response_cback () NFC_SET_CONFIG_REVT(0x5002)
09-09 19:25:22.426  5553  5656 D NfcAdaptation: NfcAdaptation::HalWrite
09-09 19:25:22.426  5553  5656 I SecHAL  : nfc_hal_write: enter;
09-09 19:25:22.426  5553  5656 I SecHAL  : nfc_hal_write: exit;
09-09 19:25:22.428  5553  5658 D SecHAL  : nfc_hal_task: Got a event: HAL_EVT_WRITE(3)
09-09 19:25:22.428  5553  5658 D SecHAL  : nfc_hal_task: current state: SERVICE
09-09 19:25:22.428  5553  5658 I SecHAL  : OSI_timer_start: enter,osi_lock
09-09 19:25:22.428  5553  5658 I SecHAL  : OSI_timer_start: before osi_unlock
09-09 19:25:22.428  5553  5658 I SecHAL  : OSI_timer_start: exit
09-09 19:25:22.428  5553  5658 I SecHAL  : device_write: enter
09-09 19:25:22.428  5553  5658 I SecHAL  : device_write: before system call
09-09 19:25:22.428  5553  5658 I SecHAL  : device_write: after system call
09-09 19:25:22.428  5553  5658 D SecHAL  : data_trace:  Send(  4) 22 00 01   01 
09-09 19:25:22.428  5553  5658 I SecHAL  : device_write: exit
09-09 19:25:22.429  5553  5657 D SecHAL  : read_thread: Sent message to HAL message task, remind que: 2
09-09 19:25:22.429  5553  5658 D SecHAL  : nfc_hal_task: Got a event: HAL_EVT_READ(4)
09-09 19:25:22.429  5553  5658 D SecHAL  : nfc_hal_task: current state: SERVICE
09-09 19:25:22.429  5553  5658 D SecHAL  : data_trace:  Recv(  5) 42 00 02   00 01 
09-09 19:25:22.430  5553  5658 I SecHAL  : OSI_timer_start: enter,osi_lock
09-09 19:25:22.430  5553  5658 I SecHAL  : OSI_timer_start: before osi_unlock
09-09 19:25:22.430  5553  5658 I SecHAL  : OSI_timer_start: exit
09-09 19:25:22.430  5553  5658 I SecHAL  : nfc_data_callback: !
09-09 19:25:22.430  5553  5658 D NfcAdaptation: NfcAdaptation::HalDeviceContextDataCallback: len=5
09-09 19:25:22.430  5553  5656 I BrcmNfcNfa: NFC received rsp gid:2
09-09 19:25:22.430  5553  5657 D SecHAL  : read_thread: Sent message to HAL message task, remind que: 2
09-09 19:25:22.430  5553  5656 I BrcmNfcNfa: nci_proc_ee_management_rsp opcode:0x0
09-09 19:25:22.430  5553  5658 D SecHAL  : nfc_hal_task: Got a event: HAL_EVT_READ(4)
09-09 19:25:22.430  5553  5656 I BrcmNfcNfa: nfa_dm_nfc_response_cback () NFC_NFCEE_DISCOVER_REVT(0x5004)
09-09 19:25:22.430  5553  5658 D SecHAL  : nfc_hal_task: current state: SERVICE
09-09 19:25:22.430  5553  5656 I BrcmNfcNfa: nfa_ee_proc_evt: event=0x5004 int_event:0x20d
09-09 19:25:22.430  5553  5656 I BrcmNfcNfa: nfa_ee_evt_hdlr (): Event NCI_DISC_RSP(0x20d), State: INIT(0)
09-09 19:25:22.430  5553  5656 I BrcmNfcNfa: nfa_ee_nci_disc_rsp() em_state:0 cur_ee:0, num_nfcee:1
09-09 19:25:22.430  5553  5656 I BrcmNfcNfa: nfa_ee_report_disc_done() em_state:0 num_ee_expecting:1 notify_enable_done:0
09-09 19:25:22.430  5553  5656 I BrcmNfcNfa: nfa_ee_nci_disc_rsp() em_state:0 cur_ee:0 num_ee_expecting:1
09-09 19:25:22.430  5553  5658 D SecHAL  : data_trace:  Recv(  8) 62 00 05   01 00 01 01 00 
09-09 19:25:22.430  5553  5658 I SecHAL  : OSI_timer_start: enter,osi_lock
09-09 19:25:22.430  5553  5658 I SecHAL  : OSI_timer_start: before osi_unlock
09-09 19:25:22.430  5553  5658 I SecHAL  : OSI_timer_start: exit
09-09 19:25:22.430  5553  5658 I SecHAL  : nfc_data_callback: !
09-09 19:25:22.430  5553  5658 D NfcAdaptation: NfcAdaptation::HalDeviceContextDataCallback: len=8
09-09 19:25:22.431  5553  5656 I BrcmNfcNfa: NFC received ntf gid:2
09-09 19:25:22.431  5553  5656 I BrcmNfcNfa: nci_proc_ee_management_ntf opcode:0x0
09-09 19:25:22.431  5553  5656 I BrcmNfcNfa: nfcee_id: 0x1 num_interface:0x1/0x1, num_tlvs:0x0
09-09 19:25:22.431  5553  5656 I BrcmNfcNfa: nfa_dm_nfc_response_cback () NFC_NFCEE_INFO_REVT(0x5005)
09-09 19:25:22.431  5553  5656 I BrcmNfcNfa: nfa_ee_proc_evt: event=0x5005 int_event:0x20e
09-09 19:25:22.431  5553  5656 I BrcmNfcNfa: nfa_ee_evt_hdlr (): Event NCI_DISC_NTF(0x20e), State: INIT(0)
09-09 19:25:22.431  5553  5656 I BrcmNfcNfa: nfa_ee_nci_disc_ntf() em_state:0 ee_flags:0x0 cur_ee:0 num_ee_expecting:1
09-09 19:25:22.431  5553  5656 I BrcmNfcNfa: nfa_ee_nci_disc_ntf cur_ee:1
09-09 19:25:22.431  5553  5656 I BrcmNfcNfa: nfa_ee_report_disc_done() em_state:1 num_ee_expecting:0 notify_enable_done:1
09-09 19:25:22.431  5553  5656 I BrcmNfcNfa: nfa_sys_cback_notify_enable_complete () enable_cplt_flags=0xcc, enable_cplt_mask=0x1cc
09-09 19:25:22.431  5553  5656 I BrcmNfcNfa: nfa_hci_ee_info_cback (): 0
09-09 19:25:22.431  5553  5656 I BrcmNfcNfa: NFA_EeGetInfo em_state:1 cur_ee:1
09-09 19:25:22.431  5553  5656 I BrcmNfcNfa: xx:0 max_ret:2, num_ret:0 ee_status:0x0
09-09 19:25:22.431  5553  5656 I BrcmNfcNfa: num_ret:1
09-09 19:25:22.431  5553  5656 D NfcAdaptation: NfcAdaptation::HalWrite
09-09 19:25:22.431  5553  5656 I SecHAL  : nfc_hal_write: enter;
09-09 19:25:22.431  5553  5656 I SecHAL  : nfc_hal_write: exit;
09-09 19:25:22.432  5553  5658 D SecHAL  : nfc_hal_task: Got a event: HAL_EVT_WRITE(3)
09-09 19:25:22.432  5553  5656 I BrcmNfcNfa: nfa_sys_ptim_start_timer 86148318
09-09 19:25:22.432  5553  5658 D SecHAL  : nfc_hal_task: current state: SERVICE
09-09 19:25:22.432  5553  5658 I SecHAL  : OSI_timer_start: enter,osi_lock
09-09 19:25:22.432  5553  5658 I SecHAL  : OSI_timer_start: before osi_unlock
09-09 19:25:22.432  5553  5658 I SecHAL  : OSI_timer_start: exit
09-09 19:25:22.432  5553  5658 I SecHAL  : device_write: enter
09-09 19:25:22.432  5553  5658 I SecHAL  : device_write: before system call
09-09 19:25:22.432  5553  5658 I SecHAL  : device_write: after system call
09-09 19:25:22.432  5553  5658 D SecHAL  : data_trace:  Send(  9) 20 04 06   03 01 01 02 01 01 
09-09 19:25:22.432  5553  5657 D SecHAL  : read_thread: Sent message to HAL message task, remind que: 2
09-09 19:25:22.432  5553  5658 I SecHAL  : device_write: exit
09-09 19:25:22.432  5553  5658 D SecHAL  : nfc_hal_task: Got a event: HAL_EVT_READ(4)
09-09 19:25:22.432  5553  5658 D SecHAL  : nfc_hal_task: current state: SERVICE
09-09 19:25:22.433  5553  5658 D SecHAL  : data_trace:  Recv(  7) 40 04 04   00 ff 01 01 
09-09 19:25:22.433  5553  5658 I SecHAL  : OSI_timer_start: enter,osi_lock
09-09 19:25:22.433  5553  5658 I SecHAL  : OSI_timer_start: before osi_unlock
09-09 19:25:22.433  5553  5658 I SecHAL  : OSI_timer_start: exit
09-09 19:25:22.433  5553  5658 I SecHAL  : nfc_data_callback: !
09-09 19:25:22.433  5553  5658 D NfcAdaptation: NfcAdaptation::HalDeviceContextDataCallback: len=7
09-09 19:25:22.433  5310  5682 D CellBroadcastConfigService: Enable CellBroadcast on sub 1
09-09 19:25:22.437  5553  5656 I BrcmNfcNfa: NFC received rsp gid:0
09-09 19:25:22.438  5553  5656 I BrcmNfcNfa: nci_proc_core_rsp opcode:0x4
09-09 19:25:22.438  5553  5656 I BrcmNfcNfa: nfc_set_conn_id conn_id:1, handle:2
09-09 19:25:22.438  5553  5656 I BrcmNfcNfa: nfa_hciu_alloc_gate id:65  app_handle: 0x0000
09-09 19:25:22.438  5553  5656 I BrcmNfcNfa: nfa_hciu_send_msg pipe_id:1   Type: COMMAND [0x00] Inst: ANY_OPEN_PIPE [0x03]   len:0
09-09 19:25:22.438  5553  5656 D BrcmHcpX: 8103
09-09 19:25:22.438  5553  5656 I BrcmNfcNfa: nfc_ncif_send_data :1, num_buff:1 qc:0
09-09 19:25:22.438  5553  5656 D NfcAdaptation: NfcAdaptation::HalWrite
09-09 19:25:22.438  5553  5656 I SecHAL  : nfc_hal_write: enter;
09-09 19:25:22.438  5553  5656 I SecHAL  : nfc_hal_write: exit;
09-09 19:25:22.438  5553  5658 D SecHAL  : nfc_hal_task: Got a event: HAL_EVT_WRITE(3)
09-09 19:25:22.438  5553  5656 I BrcmNfcNfa: nfa_sys_ptim_start_timer 86148318
09-09 19:25:22.438  5553  5658 D SecHAL  : nfc_hal_task: current state: SERVICE
09-09 19:25:22.438  5553  5658 I SecHAL  : OSI_timer_start: enter,osi_lock
09-09 19:25:22.438  5553  5658 I SecHAL  : OSI_timer_start: before osi_unlock
09-09 19:25:22.438  5553  5658 I SecHAL  : OSI_timer_start: exit
09-09 19:25:22.438  5553  5658 I SecHAL  : device_write: enter
09-09 19:25:22.438  5553  5658 I SecHAL  : device_write: before system call
09-09 19:25:22.438  5553  5658 I SecHAL  : device_write: after system call
09-09 19:25:22.438  5553  5658 D SecHAL  : data_trace:  Send(  5) 01 00 02   81 03 
09-09 19:25:22.438  5553  5658 I SecHAL  : device_write: exit
09-09 19:25:22.439  5553  5657 D SecHAL  : read_thread: Sent message to HAL message task, remind que: 2
09-09 19:25:22.440  5553  5658 D SecHAL  : nfc_hal_task: Got a event: HAL_EVT_READ(4)
09-09 19:25:22.440  5553  5658 D SecHAL  : nfc_hal_task: current state: SERVICE
09-09 19:25:22.440  5553  5658 D SecHAL  : data_trace:  Recv(  5) 01 00 02   81 80 
09-09 19:25:22.440  5553  5658 I SecHAL  : OSI_timer_start: enter,osi_lock
09-09 19:25:22.440  5553  5658 I SecHAL  : OSI_timer_start: before osi_unlock
09-09 19:25:22.440  5553  5658 I SecHAL  : OSI_timer_start: exit
09-09 19:25:22.440  5553  5658 I SecHAL  : nfc_data_callback: !
09-09 19:25:22.440  5553  5658 D NfcAdaptation: NfcAdaptation::HalDeviceContextDataCallback: len=5
09-09 19:25:22.440  5553  5656 I BrcmNfcNfa: NFC received data
09-09 19:25:22.440  5553  5656 I BrcmNfcNfa: nfc_ncif_proc_data 0x010002
09-09 19:25:22.440  5553  5656 I BrcmNfcNfa: nfc_ncif_proc_data len:2
09-09 19:25:22.440  5553  5656 D BrcmHcpR: 8180
09-09 19:25:22.440  5553  5657 D SecHAL  : read_thread: Sent message to HAL message task, remind que: 2
09-09 19:25:22.440  5553  5658 D SecHAL  : nfc_hal_task: Got a event: HAL_EVT_READ(4)
09-09 19:25:22.440  5553  5656 I BrcmNfcNfa: nfa_hci_conn_cback Recvd data pipe:1  Type: RESPONSE [0x02] Resp: ANY_OK [0x00]   chain:1  assmbl:0  len:2
09-09 19:25:22.440  5553  5658 D SecHAL  : nfc_hal_task: current state: SERVICE
09-09 19:25:22.440  5553  5656 I BrcmNfcNfa: nfa_hci_handle_admin_gate_rsp - LastCmdSent: ANY_OPEN_PIPE  App: 0x0000  Gate: 0x00  Pipe: 0x01
09-09 19:25:22.440  5553  5656 I BrcmNfcNfa: nfa_hciu_send_msg pipe_id:1   Type: COMMAND [0x00] Inst: ANY_SET_PARAMETER [0x01]   len:9
09-09 19:25:22.440  5553  5656 D BrcmHcpX: 810101bb0d6666ba0d6666
09-09 19:25:22.440  5553  5656 I BrcmNfcNfa: nfc_ncif_send_data :1, num_buff:0 qc:0
09-09 19:25:22.441  5553  5656 I BrcmNfcNfa: nfa_sys_ptim_start_timer 86148318
09-09 19:25:22.441  5553  5656 I BrcmNfcNfa: NFA got event 0x0813
09-09 19:25:22.441  5553  5658 D SecHAL  : data_trace:  Recv(  6) 60 06 03   01 01 01 
09-09 19:25:22.441  5553  5656 I BrcmNfcNfa: nfa_hci_evt_hdlr state: STARTUP (1) event: CHECK_QUEUE (0x0813)
09-09 19:25:22.441  5553  5658 I SecHAL  : OSI_timer_start: enter,osi_lock
09-09 19:25:22.441  5553  5658 I SecHAL  : OSI_timer_start: before osi_unlock
09-09 19:25:22.441  5553  5658 I SecHAL  : OSI_timer_start: exit
09-09 19:25:22.441  5553  5658 I SecHAL  : nfc_data_callback: !
09-09 19:25:22.441  5553  5658 D NfcAdaptation: NfcAdaptation::HalDeviceContextDataCallback: len=6
09-09 19:25:22.441  5553  5656 I BrcmNfcNfa: NFC received ntf gid:0
09-09 19:25:22.441  5553  5656 I BrcmNfcNfa: nci_proc_core_ntf opcode:0x6
09-09 19:25:22.441  5553  5656 I BrcmNfcNfa: nfc_ncif_send_data :1, num_buff:1 qc:1
09-09 19:25:22.441  5553  5656 D NfcAdaptation: NfcAdaptation::HalWrite
09-09 19:25:22.441  5553  5656 I SecHAL  : nfc_hal_write: enter;
09-09 19:25:22.441  5553  5656 I SecHAL  : nfc_hal_write: exit;
09-09 19:25:22.441  5553  5658 D SecHAL  : nfc_hal_task: Got a event: HAL_EVT_WRITE(3)
09-09 19:25:22.441  5553  5658 D SecHAL  : nfc_hal_task: current state: SERVICE
09-09 19:25:22.441  5553  5658 I SecHAL  : OSI_timer_start: enter,osi_lock
09-09 19:25:22.441  5553  5658 I SecHAL  : OSI_timer_start: before osi_unlock
09-09 19:25:22.441  5553  5658 I SecHAL  : OSI_timer_start: exit
09-09 19:25:22.441  5553  5658 I SecHAL  : device_write: enter
09-09 19:25:22.441  5553  5658 I SecHAL  : device_write: before system call
09-09 19:25:22.441  5553  5658 I SecHAL  : device_write: after system call
09-09 19:25:22.442  5553  5658 D SecHAL  : data_trace:  Send( 14) 01 00 0b   81 01 01 bb 0d 66 66 ba 0d 66 66 
09-09 19:25:22.442  5553  5658 I SecHAL  : device_write: exit
09-09 19:25:22.444  3642  5598 I ActivityManager: Start proc 5683:com.android.messaging/u0a61 for broadcast com.android.messaging/.receiver.DefaultSmsSubscriptionChangeReceiver
09-09 19:25:22.448  5553  5657 D SecHAL  : read_thread: Sent message to HAL message task, remind que: 2
09-09 19:25:22.448  5553  5658 D SecHAL  : nfc_hal_task: Got a event: HAL_EVT_READ(4)
09-09 19:25:22.448  5553  5658 D SecHAL  : nfc_hal_task: current state: SERVICE
09-09 19:25:22.448  5553  5658 D SecHAL  : data_trace:  Recv(  5) 01 00 02   81 80 
09-09 19:25:22.449  5553  5658 I SecHAL  : OSI_timer_start: enter,osi_lock
09-09 19:25:22.449  5553  5658 I SecHAL  : OSI_timer_start: before osi_unlock
09-09 19:25:22.449  5553  5658 I SecHAL  : OSI_timer_start: exit
09-09 19:25:22.449  5553  5657 D SecHAL  : read_thread: Sent message to HAL message task, remind que: 2
09-09 19:25:22.449  5553  5658 I SecHAL  : nfc_data_callback: !
09-09 19:25:22.449  5553  5658 D NfcAdaptation: NfcAdaptation::HalDeviceContextDataCallback: len=5
09-09 19:25:22.449  5553  5658 D SecHAL  : nfc_hal_task: Got a event: HAL_EVT_READ(4)
09-09 19:25:22.449  5553  5658 D SecHAL  : nfc_hal_task: current state: SERVICE
09-09 19:25:22.449  5553  5656 I BrcmNfcNfa: NFC received data
09-09 19:25:22.449  5553  5656 I BrcmNfcNfa: nfc_ncif_proc_data 0x010002
09-09 19:25:22.449  5553  5656 I BrcmNfcNfa: nfc_ncif_proc_data len:2
09-09 19:25:22.449  5553  5656 D BrcmHcpR: 8180
09-09 19:25:22.449  5553  5656 I BrcmNfcNfa: nfa_hci_conn_cback Recvd data pipe:1  Type: RESPONSE [0x02] Resp: ANY_OK [0x00]   chain:1  assmbl:0  len:2
09-09 19:25:22.449  5553  5656 I BrcmNfcNfa: nfa_hci_handle_admin_gate_rsp - LastCmdSent: ANY_SET_PARAMETER  App: 0x0000  Gate: 0x00  Pipe: 0x01
09-09 19:25:22.449  5553  5656 I BrcmNfcNfa: nfa_hciu_send_msg pipe_id:1   Type: COMMAND [0x00] Inst: ANY_SET_PARAMETER [0x01]   len:4
09-09 19:25:22.449  5553  5656 D BrcmHcpX: 810103020304
09-09 19:25:22.449  5553  5656 I BrcmNfcNfa: nfc_ncif_send_data :1, num_buff:0 qc:0
09-09 19:25:22.449  5553  5656 I BrcmNfcNfa: nfa_sys_ptim_start_timer 86148318
09-09 19:25:22.449  5553  5656 I BrcmNfcNfa: NFA got event 0x0813
09-09 19:25:22.449  5553  5656 I BrcmNfcNfa: nfa_hci_evt_hdlr state: STARTUP (1) event: CHECK_QUEUE (0x0813)
09-09 19:25:22.449  5553  5658 D SecHAL  : data_trace:  Recv(  6) 60 06 03   01 01 01 
09-09 19:25:22.449  5553  5658 I SecHAL  : OSI_timer_start: enter,osi_lock
09-09 19:25:22.449  5553  5658 I SecHAL  : OSI_timer_start: before osi_unlock
09-09 19:25:22.449  5553  5658 I SecHAL  : OSI_timer_start: exit
09-09 19:25:22.449  5553  5658 I SecHAL  : nfc_data_callback: !
09-09 19:25:22.449  5553  5658 D NfcAdaptation: NfcAdaptation::HalDeviceContextDataCallback: len=6
09-09 19:25:22.449  5553  5656 I BrcmNfcNfa: NFC received ntf gid:0
09-09 19:25:22.450  5553  5656 I BrcmNfcNfa: nci_proc_core_ntf opcode:0x6
09-09 19:25:22.450  5553  5656 I BrcmNfcNfa: nfc_ncif_send_data :1, num_buff:1 qc:1
09-09 19:25:22.450  5553  5656 D NfcAdaptation: NfcAdaptation::HalWrite
09-09 19:25:22.450  5553  5656 I SecHAL  : nfc_hal_write: enter;
09-09 19:25:22.450  5553  5656 I SecHAL  : nfc_hal_write: exit;
09-09 19:25:22.450  5553  5658 D SecHAL  : nfc_hal_task: Got a event: HAL_EVT_WRITE(3)
09-09 19:25:22.450  5553  5658 D SecHAL  : nfc_hal_task: current state: SERVICE
09-09 19:25:22.450  5553  5658 I SecHAL  : OSI_timer_start: enter,osi_lock
09-09 19:25:22.450  5553  5658 I SecHAL  : OSI_timer_start: before osi_unlock
09-09 19:25:22.450  5553  5658 I SecHAL  : OSI_timer_start: exit
09-09 19:25:22.450  5553  5658 I SecHAL  : device_write: enter
09-09 19:25:22.450  5553  5658 I SecHAL  : device_write: before system call
09-09 19:25:22.450  5553  5658 I SecHAL  : device_write: after system call
09-09 19:25:22.450  5553  5658 D SecHAL  : data_trace:  Send(  9) 01 00 06   81 01 03 02 03 04 
09-09 19:25:22.450  5553  5658 I SecHAL  : device_write: exit
09-09 19:25:22.451  5553  5657 D SecHAL  : read_thread: Sent message to HAL message task, remind que: 2
09-09 19:25:22.451  5553  5658 D SecHAL  : nfc_hal_task: Got a event: HAL_EVT_READ(4)
09-09 19:25:22.451  5553  5658 D SecHAL  : nfc_hal_task: current state: SERVICE
09-09 19:25:22.452  5553  5658 D SecHAL  : data_trace:  Recv(  5) 01 00 02   81 80 
09-09 19:25:22.452  5553  5658 I SecHAL  : OSI_timer_start: enter,osi_lock
09-09 19:25:22.452  5553  5658 I SecHAL  : OSI_timer_start: before osi_unlock
09-09 19:25:22.452  5553  5658 I SecHAL  : OSI_timer_start: exit
09-09 19:25:22.452  5553  5658 I SecHAL  : nfc_data_callback: !
09-09 19:25:22.452  5553  5658 D NfcAdaptation: NfcAdaptation::HalDeviceContextDataCallback: len=5
09-09 19:25:22.452  5553  5656 I BrcmNfcNfa: NFC received data
09-09 19:25:22.452  5553  5656 I BrcmNfcNfa: nfc_ncif_proc_data 0x010002
09-09 19:25:22.452  5553  5656 I BrcmNfcNfa: nfc_ncif_proc_data len:2
09-09 19:25:22.452  5553  5656 D BrcmHcpR: 8180
09-09 19:25:22.452  5553  5656 I BrcmNfcNfa: nfa_hci_conn_cback Recvd data pipe:1  Type: RESPONSE [0x02] Resp: ANY_OK [0x00]   chain:1  assmbl:0  len:2
09-09 19:25:22.452  5553  5656 I BrcmNfcNfa: nfa_hci_handle_admin_gate_rsp - LastCmdSent: ANY_SET_PARAMETER  App: 0x0000  Gate: 0x00  Pipe: 0x01
09-09 19:25:22.452  5553  5656 I BrcmNfcNfa: nfa_sys_ptim_start_timer 86148318
09-09 19:25:22.452  5553  5656 I BrcmNfcNfa: NFA got event 0x0813
09-09 19:25:22.452  5553  5656 I BrcmNfcNfa: nfa_hci_evt_hdlr state: WAIT_NETWK_ENABLE (2) event: CHECK_QUEUE (0x0813)
09-09 19:25:22.453  5553  5657 D SecHAL  : read_thread: Sent message to HAL message task, remind que: 2
09-09 19:25:22.453  5553  5658 D SecHAL  : nfc_hal_task: Got a event: HAL_EVT_READ(4)
09-09 19:25:22.453  5553  5658 D SecHAL  : nfc_hal_task: current state: SERVICE
09-09 19:25:22.453  5553  5658 D SecHAL  : data_trace:  Recv(  6) 60 06 03   01 01 01 
09-09 19:25:22.454  5553  5658 I SecHAL  : OSI_timer_start: enter,osi_lock
09-09 19:25:22.454  5553  5658 I SecHAL  : OSI_timer_start: before osi_unlock
09-09 19:25:22.454  5553  5658 I SecHAL  : OSI_timer_start: exit
09-09 19:25:22.454  5553  5658 I SecHAL  : nfc_data_callback: !
09-09 19:25:22.454  5553  5658 D NfcAdaptation: NfcAdaptation::HalDeviceContextDataCallback: len=6
09-09 19:25:22.454  5553  5656 I BrcmNfcNfa: NFC received ntf gid:0
09-09 19:25:22.454  5553  5656 I BrcmNfcNfa: nci_proc_core_ntf opcode:0x6
09-09 19:25:22.454  5553  5656 I BrcmNfcNfa: nfc_ncif_send_data :1, num_buff:1 qc:0
09-09 19:25:22.459  4951  5356 D IccSmsInterfaceManager: [IccSmsInterfaceManager] Calling setCdmaBroadcastConfig with 1 configurations
09-09 19:25:22.463  4951  5356 D IccSmsInterfaceManager: [IccSmsInterfaceManager] Failed to add cdma broadcast subscription for MID range 4096 to 4096 from client com.android.cellbroadcastreceiver
09-09 19:25:22.471  4951  4973 D IccSmsInterfaceManager: [IccSmsInterfaceManager] Calling setCdmaBroadcastConfig with 1 configurations
09-09 19:25:22.474  4951  4973 D IccSmsInterfaceManager: [IccSmsInterfaceManager] Failed to add cdma broadcast subscription for MID range 4097 to 4097 from client com.android.cellbroadcastreceiver
09-09 19:25:22.483  5553  5657 D SecHAL  : read_thread: Sent message to HAL message task, remind que: 2
09-09 19:25:22.483  5553  5658 D SecHAL  : nfc_hal_task: Got a event: HAL_EVT_READ(4)
09-09 19:25:22.484  5553  5658 D SecHAL  : nfc_hal_task: current state: SERVICE
09-09 19:25:22.484  4951  5359 D IccSmsInterfaceManager: [IccSmsInterfaceManager] Calling setCdmaBroadcastConfig with 1 configurations
09-09 19:25:22.484  5553  5658 D SecHAL  : data_trace:  Recv( 11) 62 00 08   02 01 01 80 01 a0 01 03 
09-09 19:25:22.484  5553  5658 I SecHAL  : OSI_timer_start: enter,osi_lock
09-09 19:25:22.484  5553  5658 I SecHAL  : OSI_timer_start: before osi_unlock
09-09 19:25:22.484  5553  5658 I SecHAL  : OSI_timer_start: exit
09-09 19:25:22.484  5553  5658 I SecHAL  : nfc_data_callback: !
09-09 19:25:22.484  5553  5658 D NfcAdaptation: NfcAdaptation::HalDeviceContextDataCallback: len=11
09-09 19:25:22.484  5553  5656 I BrcmNfcNfa: NFC received ntf gid:2
09-09 19:25:22.484  5553  5656 I BrcmNfcNfa: nci_proc_ee_management_ntf opcode:0x0
09-09 19:25:22.484  5553  5656 I BrcmNfcNfa: nfcee_id: 0x2 num_interface:0x1/0x1, num_tlvs:0x1
09-09 19:25:22.484  5553  5656 I BrcmNfcNfa: tag:0xa0, len:0x1
09-09 19:25:22.484  5553  5656 I BrcmNfcNfa: nfa_dm_nfc_response_cback () NFC_NFCEE_INFO_REVT(0x5005)
09-09 19:25:22.484  5553  5656 I BrcmNfcNfa: nfa_ee_proc_evt: event=0x5005 int_event:0x20e
09-09 19:25:22.484  5553  5656 I BrcmNfcNfa: nfa_ee_evt_hdlr (): Event NCI_DISC_NTF(0x20e), State: INIT_DONE(1)
09-09 19:25:22.484  5553  5656 I BrcmNfcNfa: nfa_ee_nci_disc_ntf() em_state:1 ee_flags:0x0 cur_ee:1 num_ee_expecting:0
09-09 19:25:22.484  5553  5656 I BrcmNfcNfa: nfa_ee_find_ecb ()
09-09 19:25:22.484  5553  5656 I BrcmNfcNfa: nfa_ee_find_ecb ()
09-09 19:25:22.484  5553  5656 I BrcmNfcNfa: nfa_ee_nci_disc_ntf cur_ee:2
09-09 19:25:22.484  5553  5656 I BrcmNfcNfa: nfa_dm_is_active () flags:0x21
09-09 19:25:22.487  4951  5359 D IccSmsInterfaceManager: [IccSmsInterfaceManager] Failed to add cdma broadcast subscription for MID range 4098 to 4098 from client com.android.cellbroadcastreceiver
09-09 19:25:22.496  5683  5683 W System  : ClassLoader referenced unknown path: /system/app/messaging/lib/arm64
09-09 19:25:22.497  4951  5356 D IccSmsInterfaceManager: [IccSmsInterfaceManager] Calling setCdmaBroadcastConfig with 1 configurations
09-09 19:25:22.500  4951  5356 D IccSmsInterfaceManager: [IccSmsInterfaceManager] Failed to add cdma broadcast subscription for MID range 4099 to 4099 from client com.android.cellbroadcastreceiver
09-09 19:25:22.507  4951  4973 D IccSmsInterfaceManager: [IccSmsInterfaceManager] Failed to remove cdma broadcast subscription for MID range 4100 to 4100 from client com.android.cellbroadcastreceiver
09-09 19:25:22.513  4951  5359 D IccSmsInterfaceManager: [IccSmsInterfaceManager] Calling setGsmBroadcastConfig with 1 configurations
09-09 19:25:22.524  4951  5359 D IccSmsInterfaceManager: [IccSmsInterfaceManager] Added GSM cell broadcast subscription for MID range 4352 to 4354 from client com.android.cellbroadcastreceiver
09-09 19:25:22.524  4951  5359 D IccSmsInterfaceManager: [IccSmsInterfaceManager] Calling setCellBroadcastActivation(true)
09-09 19:25:22.538  4951  5356 D IccSmsInterfaceManager: [IccSmsInterfaceManager] Calling setGsmBroadcastConfig with 2 configurations
09-09 19:25:22.548  4951  5356 D IccSmsInterfaceManager: [IccSmsInterfaceManager] Added GSM cell broadcast subscription for MID range 4356 to 4356 from client com.android.cellbroadcastreceiver
09-09 19:25:22.548  4951  5356 D IccSmsInterfaceManager: [IccSmsInterfaceManager] Calling setCellBroadcastActivation(true)
09-09 19:25:22.560  4951  4973 D IccSmsInterfaceManager: [IccSmsInterfaceManager] Failed to remove GSM cell broadcast subscription for MID range 4355 to 4355 from client com.android.cellbroadcastreceiver
09-09 19:25:22.563  5700  5700 I pool-2-thread-1: type=1400 audit(0.0:261): avc: denied { write } for name="shared_prefs" dev="sda24" ino=2015526 scontext=u:r:platform_app:s0:c512,c768 tcontext=u:object_r:system_data_file:s0:c512,c768 tclass=dir permissive=1
09-09 19:25:22.563  5700  5700 I pool-2-thread-1: type=1400 audit(0.0:261): avc: denied { add_name } for name="bugle.xml" scontext=u:r:platform_app:s0:c512,c768 tcontext=u:object_r:system_data_file:s0:c512,c768 tclass=dir permissive=1
09-09 19:25:22.563  5700  5700 I pool-2-thread-1: type=1400 audit(0.0:261): avc: denied { create } for name="bugle.xml" scontext=u:r:platform_app:s0:c512,c768 tcontext=u:object_r:system_data_file:s0:c512,c768 tclass=file permissive=1
09-09 19:25:22.563  5700  5700 I pool-2-thread-1: type=1400 audit(0.0:261): avc: denied { write } for path="/data/data/com.android.messaging/shared_prefs/bugle.xml" dev="sda24" ino=2015527 scontext=u:r:platform_app:s0:c512,c768 tcontext=u:object_r:system_data_file:s0:c512,c768 tclass=file permissive=1
09-09 19:25:22.563  5700  5700 W pool-2-thread-1: type=1300 audit(0.0:261): arch=c00000b7 syscall=56 success=yes exit=34 a0=ffffff9c a1=7f85a63400 a2=241 a3=1b6 items=0 ppid=3168 auid=4294967295 uid=10061 gid=10061 euid=10061 suid=10061 fsuid=10061 egid=10061 sgid=10061 fsgid=10061 tty=(none) ses=4294967295 exe="/system/bin/app_process64" subj=u:r:platform_app:s0:c512,c768 key=(null)
09-09 19:25:22.563  3075  3075 W auditd  : type=1327 audit(0.0:261): proctitle="com.android.messaging"
09-09 19:25:22.563  3075  3075 W auditd  : type=1320 audit(0.0:261): 
09-09 19:25:22.569  4951  5359 D IccSmsInterfaceManager: [IccSmsInterfaceManager] Calling setGsmBroadcastConfig with 3 configurations
09-09 19:25:22.579  5700  5700 I pool-2-thread-1: type=1400 audit(0.0:262): avc: denied { setattr } for name="bugle.xml" dev="sda24" ino=2015527 scontext=u:r:platform_app:s0:c512,c768 tcontext=u:object_r:system_data_file:s0:c512,c768 tclass=file permissive=1
09-09 19:25:22.579  5700  5700 W pool-2-thread-1: type=1300 audit(0.0:262): arch=c00000b7 syscall=53 success=yes exit=0 a0=ffffff9c a1=7f85a63440 a2=1b0 a3=0 items=0 ppid=3168 auid=4294967295 uid=10061 gid=10061 euid=10061 suid=10061 fsuid=10061 egid=10061 sgid=10061 fsgid=10061 tty=(none) ses=4294967295 exe="/system/bin/app_process64" subj=u:r:platform_app:s0:c512,c768 key=(null)
09-09 19:25:22.579  3075  3075 W auditd  : type=1327 audit(0.0:262): proctitle="com.android.messaging"
09-09 19:25:22.579  3075  3075 W auditd  : type=1320 audit(0.0:262): 
09-09 19:25:22.579  4951  5359 D IccSmsInterfaceManager: [IccSmsInterfaceManager] Added GSM cell broadcast subscription for MID range 4370 to 4370 from client com.android.cellbroadcastreceiver
09-09 19:25:22.579  4951  5359 D IccSmsInterfaceManager: [IccSmsInterfaceManager] Calling setCellBroadcastActivation(true)
09-09 19:25:22.586  5683  5701 I MessagingApp: Upgrading shared prefs from -1 to 1
09-09 19:25:22.591  5702  5702 I com.android.messaging: type=1400 audit(0.0:263): avc: denied { lock } for comm=4173796E635461736B202331 path="/data/data/com.android.messaging/databases/bugle_db" dev="sda24" ino=2015529 scontext=u:r:platform_app:s0:c512,c768 tcontext=u:object_r:system_data_file:s0:c512,c768 tclass=file permissive=1
09-09 19:25:22.591  5702  5702 W com.android.messaging: type=1300 audit(0.0:263): arch=c00000b7 syscall=25 success=yes exit=0 a0=22 a1=6 a2=7f85f35898 a3=d items=0 ppid=3168 auid=4294967295 uid=10061 gid=10061 euid=10061 suid=10061 fsuid=10061 egid=10061 sgid=10061 fsgid=10061 tty=(none) ses=4294967295 comm=4173796E635461736B202331 exe="/system/bin/app_process64" subj=u:r:platform_app:s0:c512,c768 key=(null)
09-09 19:25:22.591  3075  3075 W auditd  : type=1327 audit(0.0:263): proctitle="com.android.messaging"
09-09 19:25:22.591  3075  3075 W auditd  : type=1320 audit(0.0:263): 
09-09 19:25:22.591  4951  5359 D IccSmsInterfaceManager: [IccSmsInterfaceManager] Calling setGsmBroadcastConfig with 4 configurations
09-09 19:25:22.602  4951  5359 D IccSmsInterfaceManager: [IccSmsInterfaceManager] Added GSM cell broadcast subscription for MID range 4371 to 4372 from client com.android.cellbroadcastreceiver
09-09 19:25:22.602  4951  5359 D IccSmsInterfaceManager: [IccSmsInterfaceManager] Calling setCellBroadcastActivation(true)
09-09 19:25:22.609  3642  3698 I ActivityManager: Start proc 5704:android.process.acore/u0a3 for broadcast com.android.providers.contacts/.PhoneAccountRegistrationReceiver
09-09 19:25:22.619  5683  5683 I MessagingApp: Carrier config changed. Reloading MMS config.
09-09 19:25:22.622  4951  5356 D IccSmsInterfaceManager: [IccSmsInterfaceManager] Calling setGsmBroadcastConfig with 4 configurations
09-09 19:25:22.632  4951  5356 D IccSmsInterfaceManager: [IccSmsInterfaceManager] Added GSM cell broadcast subscription for MID range 4373 to 4378 from client com.android.cellbroadcastreceiver
09-09 19:25:22.632  4951  5356 D IccSmsInterfaceManager: [IccSmsInterfaceManager] Calling setCellBroadcastActivation(true)
09-09 19:25:22.651  4951  5407 D IccSmsInterfaceManager: [IccSmsInterfaceManager] Calling setGsmBroadcastConfig with 4 configurations
09-09 19:25:22.664  5683  5710 W MessagingApp: canonicalizeMccMnc: invalid mccmnc:null ,null
09-09 19:25:22.665  4951  5407 D IccSmsInterfaceManager: [IccSmsInterfaceManager] Added GSM cell broadcast subscription for MID range 4379 to 4379 from client com.android.cellbroadcastreceiver
09-09 19:25:22.665  4951  5407 D IccSmsInterfaceManager: [IccSmsInterfaceManager] Calling setCellBroadcastActivation(true)
09-09 19:25:22.671  5700  5700 I pool-2-thread-1: type=1400 audit(0.0:264): avc: denied { remove_name } for name="bugle.xml" dev="sda24" ino=2015527 scontext=u:r:platform_app:s0:c512,c768 tcontext=u:object_r:system_data_file:s0:c512,c768 tclass=dir permissive=1
09-09 19:25:22.671  5700  5700 I pool-2-thread-1: type=1400 audit(0.0:264): avc: denied { rename } for name="bugle.xml" dev="sda24" ino=2015527 scontext=u:r:platform_app:s0:c512,c768 tcontext=u:object_r:system_data_file:s0:c512,c768 tclass=file permissive=1
09-09 19:25:22.671  5700  5700 W pool-2-thread-1: type=1300 audit(0.0:264): arch=c00000b7 syscall=38 success=yes exit=0 a0=ffffff9c a1=7f85a63440 a2=ffffff9c a3=7f85a63480 items=0 ppid=3168 auid=4294967295 uid=10061 gid=10061 euid=10061 suid=10061 fsuid=10061 egid=10061 sgid=10061 fsgid=10061 tty=(none) ses=4294967295 exe="/system/bin/app_process64" subj=u:r:platform_app:s0:c512,c768 key=(null)
09-09 19:25:22.671  3075  3075 W auditd  : type=1327 audit(0.0:264): proctitle="com.android.messaging"
09-09 19:25:22.671  3075  3075 W auditd  : type=1320 audit(0.0:264): 
09-09 19:25:22.674  5704  5704 W System  : ClassLoader referenced unknown path: /system/priv-app/ContactsProvider/lib/arm64
09-09 19:25:22.684  5683  5702 W MessagingApp: Rebuilt databases: reseting related state
09-09 19:25:22.686  3642  4817 D MmsServiceBroker: getCarrierConfigValues() by com.android.messaging
09-09 19:25:22.686  3642  4817 W MmsServiceBroker: MmsService not connected. Try connecting...
09-09 19:25:22.686  3642  3642 I MmsServiceBroker: Connecting to MmsService
09-09 19:25:22.687  3642  3642 W ContextImpl: Calling a method in the system process without a qualified user: android.app.ContextImpl.bindService:1421 com.android.server.MmsServiceBroker.tryConnecting:241 com.android.server.MmsServiceBroker.-wrap3:-1 com.android.server.MmsServiceBroker$1.handleMessage:83 android.os.Handler.dispatchMessage:102 
09-09 19:25:22.689  4951  5356 D IccSmsInterfaceManager: [IccSmsInterfaceManager] Failed to remove GSM cell broadcast subscription for MID range 4380 to 4382 from client com.android.cellbroadcastreceiver
09-09 19:25:22.698  4951  4951 W System  : ClassLoader referenced unknown path: /system/priv-app/MmsService/lib/arm64
09-09 19:25:22.699  4951  4951 D ApplicationLoaders: ignored Vulkan layer search path /system/priv-app/MmsService/lib/arm64:/system/lib64:/vendor/lib64 for namespace 0x7f913101d0
09-09 19:25:22.706  4951  5357 D IccSmsInterfaceManager: [IccSmsInterfaceManager] Calling setGsmBroadcastConfig with 4 configurations
09-09 19:25:22.713  4951  4951 D MmsService: onCreate
09-09 19:25:22.717  3642  3642 I MmsServiceBroker: MmsService connected
