09-08 01:08:09.467  3073  3073 W auditd  : type=1325 audit(0.0:84): table=filter family=10 entries=7
09-08 01:08:09.467  3073  3073 W auditd  : type=1320 audit(0.0:84): 
09-08 01:08:09.471  3073  3073 W auditd  : type=1325 audit(0.0:85): table=filter family=2 entries=9
09-08 01:08:09.471  3073  3073 W auditd  : type=1320 audit(0.0:85): 
09-08 01:08:09.475  3073  3073 W auditd  : type=1325 audit(0.0:86): table=filter family=10 entries=9
09-08 01:08:09.475  3073  3073 W auditd  : type=1320 audit(0.0:86): 
09-08 01:08:09.497  3467  3467 I         : sMaxFastTracks = 8
09-08 01:08:09.497  3467  3467 I audioserver: ServiceManager: 0xf6419440
09-08 01:08:09.497  3467  3467 W BatteryNotifier: batterystats service unavailable!
09-08 01:08:09.497  3467  3467 I AudioFlinger: Using default 3000 mSec as standby time.
09-08 01:08:09.498  3467  3467 I AudioPolicyService: AudioPolicyService CSTOR in new mode
09-08 01:08:09.498  3467  3467 W APM::ConfigParsingUtils: loadOutput() invalid supported devices
09-08 01:08:09.498  3467  3467 W APM::ConfigParsingUtils: loadInput() invalid supported devices
09-08 01:08:09.498  3467  3467 W APM::ConfigParsingUtils: loadInput() invalid supported devices
09-08 01:08:09.498  3467  3467 I APM::ConfigParsingUtils: loadAudioPolicyConfig() loaded /system/etc/audio_policy.conf
09-08 01:08:09.505  3472  3472 F DEBUG   : *** *** *** *** *** *** *** *** *** *** *** *** *** *** *** ***
09-08 01:08:09.506  3472  3472 F DEBUG   : LineageOS Version: '14.1-20170907-UNOFFICIAL-dream2lte'
09-08 01:08:09.506  3472  3472 F DEBUG   : Build fingerprint: 'samsung/dream2ltexx/dream2lte:7.0/NRD90M/G955FXXU1AQH3:user/release-keys'
09-08 01:08:09.506  3472  3472 F DEBUG   : Revision: '0'
09-08 01:08:09.506  3472  3472 F DEBUG   : ABI: 'arm'
09-08 01:08:09.507  3472  3472 F DEBUG   : pid: 3466, tid: 3466, name: app_process32  >>> /system/bin/app_process32 <<<
09-08 01:08:09.507  3472  3472 F DEBUG   : signal 6 (SIGABRT), code -6 (SI_TKILL), fault addr --------
09-08 01:08:09.507  3472  3472 F DEBUG   :     r0 00000000  r1 00000d8a  r2 00000006  r3 00000008
09-08 01:08:09.507  3472  3472 F DEBUG   :     r4 f740c58c  r5 00000006  r6 f740c534  r7 0000010c
09-08 01:08:09.507  3472  3472 F DEBUG   :     r8 fff7d250  r9 00000001  sl fff7d280  fp f7399010
09-08 01:08:09.507  3472  3472 F DEBUG   :     ip 00000000  sp fff7d1e8  lr f73ebf8f  pc f73ec9a8  cpsr 200f0010
09-08 01:08:09.511  3472  3472 F DEBUG   : 
09-08 01:08:09.511  3472  3472 F DEBUG   : backtrace:
09-08 01:08:09.511  3472  3472 F DEBUG   :     #00 pc 000469a8  /system/bin/linker (__dl_tgkill+12)
09-08 01:08:09.511  3472  3472 F DEBUG   :     #01 pc 00045f8b  /system/bin/linker (__dl_pthread_kill+34)
09-08 01:08:09.511  3472  3472 F DEBUG   :     #02 pc 0003e32f  /system/bin/linker (__dl_raise+10)
09-08 01:08:09.511  3472  3472 F DEBUG   :     #03 pc 0003cdeb  /system/bin/linker (__dl___libc_android_abort+34)
09-08 01:08:09.511  3472  3472 F DEBUG   :     #04 pc 0003bbbc  /system/bin/linker (__dl_abort+4)
09-08 01:08:09.511  3472  3472 F DEBUG   :     #05 pc 0003de2b  /system/bin/linker (__dl___libc_fatal+22)
09-08 01:08:09.511  3472  3472 F DEBUG   :     #06 pc 00009c43  /system/bin/linker (__dl__ZL29__linker_init_post_relocationR19KernelArgumentBlockj+3146)
09-08 01:08:09.511  3472  3472 F DEBUG   :     #07 pc 00008f63  /system/bin/linker (__dl___linker_init+358)
09-08 01:08:09.511  3472  3472 F DEBUG   :     #08 pc 000027c0  /system/bin/linker (_start+4)
09-08 01:08:09.545  3063  3063 W         : debuggerd: resuming target 3466
09-08 01:08:09.549  3146  3146 I ServiceManager: service 'media.audio_flinger' died
09-08 01:08:11.531  3159  3159 D gpsd    : WakeLock(Acquire,GPSD)
09-08 01:08:11.532  3159  3159 D gpsd    : WakeLock(Release,GPSD)
09-08 01:08:11.532  3159  3159 D gpsd    : WakeLock(Acquire,GPSD)
09-08 01:08:11.532  3159  3159 D gpsd    : WakeLock(Release,GPSD)
09-08 01:08:11.547  3505  3505 V lhd     : GlLhdInterface::Init(/system/etc/lhd.conf)
09-08 01:08:11.547  3505  3505 E lhd     : SetCfgValue: Critical Error. Unknown configuration parameter "FlpName"="tcp"
09-08 01:08:11.547  3505  3505 V lhd     : SetCfgValue: LHD config "LheSerialControl"="BBD:Serial=TTY"
09-08 01:08:11.547  3505  3505 E lhd     : SetCfgValue: Critical Error. Unknown configuration parameter "LheClockMHz"="100"
09-08 01:08:11.547  3505  3505 V lhd     : SetCfgValue: LHD config "LhePatch"="/dev/bbd_patch"
09-08 01:08:11.547  3505  3505 V lhd     : SetCfgValue: LHD config "LheMaxMcuResetTries"="4"
09-08 01:08:11.547  3505  3505 V lhd     : SetCfgValue: LHD config "LheBbdPacket"="/dev/ttyBCM"
09-08 01:08:11.547  3505  3505 V lhd     : SetCfgValue: LHD config "LheBbdControl"="/dev/bbd_control"
09-08 01:08:11.547  3505  3505 V lhd     : SetCfgValue: LHD config "LheBbdSensor"="/dev/bbd_sensor"
09-08 01:08:11.547  3505  3505 V lhd     : SetCfgValue: LHD config "Lhe477xDebugFlags"="RPC:FACILITY=33:STDOUT_PUTS:STDOUT_LOG"
09-08 01:08:11.547  3505  3505 E lhd     : SetCfgValue: Critical Error. Unknown configuration parameter "LheSensorIpc"="true"
09-08 01:08:11.547  3505  3505 E lhd     : SetCfgValue: Critical Error. Unknown configuration parameter "LhePinMux"="P17=M1"
09-08 01:08:11.547  3505  3505 V lhd     : SetCfgValue: LHD config "LheAutoBaudDelayMS"="10"
09-08 01:08:11.547  3505  3505 V lhd     : SetCfgValue: LHD config "LheMaxMcuResetTries"="3"
09-08 01:08:11.547  3505  3505 E lhd     : OpenFirmwareFile: Fail to open /efs/sec_efs/sensorhub_urgent_fw.patch, errno 2
09-08 01:08:11.547  3505  3505 E lhd     : getCustPatchVersion: Fail to parse patch /efs/sec_efs/sensorhub_urgent_fw.patch
09-08 01:08:11.547  3505  3505 E lhd     : getCustPatchVersion: <CustomerVersion> not found
09-08 01:08:11.607  3505  3505 D lhd     : OnIpcConnect
09-08 01:08:11.607  3159  3159 D gpsd    : WakeLock(Acquire,GPSD)
09-08 01:08:11.607  3159  3159 D gpsd    : WakeLock(Release,GPSD)
09-08 01:08:11.607  3159  3159 D gpsd    : WakeLock(Acquire,GPSD)
09-08 01:08:11.607  3159  3159 D gpsd    : WakeLock(Release,GPSD)
09-08 01:08:14.552  3510  3510 I Netd    : Netd 1.0 starting
09-08 01:08:14.552  3510  3510 D TetherController: Setting IP forward enable = 0
09-08 01:08:14.554  3510  3510 I QtiConnectivityAdapter: Failed to open libconnctrl, some features may not be present.
09-08 01:08:14.554  3510  3510 E         : Failed to open libdatactrl, some features may not be present.
09-08 01:08:14.554  3510  3510 E         : Failed to open libcsm_data, some features may not be present.
09-08 01:08:14.555  3073  3073 W auditd  : type=1325 audit(0.0:98): table=filter family=2 entries=10
09-08 01:08:14.555  3073  3073 W auditd  : type=1320 audit(0.0:98): 
09-08 01:08:14.561  3508  3508 F libc    : CANNOT LINK EXECUTABLE "/system/bin/app_process32": cannot locate symbol "_ZN7android14CameraMetadata14getTagFromNameEPKcPKNS_19VendorTagDescriptorEPj" referenced by "/system/lib/libandroid_runtime.so"...
09-08 01:08:14.561  3508  3508 F libc    : Fatal signal 6 (SIGABRT), code -6 in tid 3508 (app_process32)
09-08 01:08:14.561  3063  3063 W         : debuggerd: handling request: pid=3508 uid=0 gid=0 tid=3508
09-08 01:08:14.563  3073  3073 W auditd  : type=1325 audit(0.0:99): table=filter family=10 entries=10
09-08 01:08:14.563  3073  3073 W auditd  : type=1320 audit(0.0:99): 
09-08 01:08:14.567  3073  3073 W auditd  : type=1325 audit(0.0:100): table=filter family=2 entries=9
09-08 01:08:14.567  3073  3073 W auditd  : type=1320 audit(0.0:100): 
09-08 01:08:14.573  3512  3512 E         : debuggerd: Unable to connect to activity manager (connect failed: No such file or directory)
09-08 01:08:14.571  3073  3073 W auditd  : type=1325 audit(0.0:101): table=filter family=10 entries=9
09-08 01:08:14.571  3073  3073 W auditd  : type=1320 audit(0.0:101): 
09-08 01:08:14.575  3073  3073 W auditd  : type=1325 audit(0.0:102): table=filter family=2 entries=9
09-08 01:08:14.575  3073  3073 W auditd  : type=1320 audit(0.0:102): 
09-08 01:08:14.579  3073  3073 W auditd  : type=1325 audit(0.0:103): table=filter family=10 entries=9
09-08 01:08:14.579  3073  3073 W auditd  : type=1320 audit(0.0:103): 
09-08 01:08:14.583  3073  3073 W auditd  : type=1325 audit(0.0:104): table=filter family=2 entries=7
09-08 01:08:14.583  3073  3073 W auditd  : type=1320 audit(0.0:104): 
09-08 01:08:14.587  3073  3073 W auditd  : type=1325 audit(0.0:105): table=filter family=10 entries=7
09-08 01:08:14.587  3073  3073 W auditd  : type=1320 audit(0.0:105): 
09-08 01:08:14.591  3073  3073 W auditd  : type=1325 audit(0.0:106): table=filter family=2 entries=9
09-08 01:08:14.591  3073  3073 W auditd  : type=1320 audit(0.0:106): 
09-08 01:08:14.595  3073  3073 W auditd  : type=1325 audit(0.0:107): table=filter family=10 entries=9
09-08 01:08:14.595  3073  3073 W auditd  : type=1320 audit(0.0:107): 
09-08 01:08:14.609  3509  3509 I         : sMaxFastTracks = 8
09-08 01:08:14.610  3509  3509 I audioserver: ServiceManager: 0xf6319440
09-08 01:08:14.610  3509  3509 W BatteryNotifier: batterystats service unavailable!
09-08 01:08:14.610  3509  3509 I AudioFlinger: Using default 3000 mSec as standby time.
09-08 01:08:14.611  3509  3509 I AudioPolicyService: AudioPolicyService CSTOR in new mode
09-08 01:08:14.611  3509  3509 W APM::ConfigParsingUtils: loadOutput() invalid supported devices
09-08 01:08:14.611  3509  3509 W APM::ConfigParsingUtils: loadInput() invalid supported devices
09-08 01:08:14.611  3509  3509 W APM::ConfigParsingUtils: loadInput() invalid supported devices
09-08 01:08:14.611  3509  3509 I APM::ConfigParsingUtils: loadAudioPolicyConfig() loaded /system/etc/audio_policy.conf
09-08 01:08:14.623  3512  3512 F DEBUG   : *** *** *** *** *** *** *** *** *** *** *** *** *** *** *** ***
09-08 01:08:14.624  3512  3512 F DEBUG   : LineageOS Version: '14.1-20170907-UNOFFICIAL-dream2lte'
09-08 01:08:14.624  3512  3512 F DEBUG   : Build fingerprint: 'samsung/dream2ltexx/dream2lte:7.0/NRD90M/G955FXXU1AQH3:user/release-keys'
09-08 01:08:14.624  3512  3512 F DEBUG   : Revision: '0'
09-08 01:08:14.624  3512  3512 F DEBUG   : ABI: 'arm'
09-08 01:08:14.624  3512  3512 F DEBUG   : pid: 3508, tid: 3508, name: app_process32  >>> /system/bin/app_process32 <<<
09-08 01:08:14.624  3512  3512 F DEBUG   : signal 6 (SIGABRT), code -6 (SI_TKILL), fault addr --------
09-08 01:08:14.624  3512  3512 F DEBUG   :     r0 00000000  r1 00000db4  r2 00000006  r3 00000008
09-08 01:08:14.624  3512  3512 F DEBUG   :     r4 f765858c  r5 00000006  r6 f7658534  r7 0000010c
09-08 01:08:14.624  3512  3512 F DEBUG   :     r8 fffc5800  r9 00000001  sl fffc5830  fp f75e5010
09-08 01:08:14.624  3512  3512 F DEBUG   :     ip 00000000  sp fffc5798  lr f7637f8f  pc f76389a8  cpsr 200f0010
09-08 01:08:14.629  3512  3512 F DEBUG   : 
09-08 01:08:14.629  3512  3512 F DEBUG   : backtrace:
09-08 01:08:14.630  3512  3512 F DEBUG   :     #00 pc 000469a8  /system/bin/linker (__dl_tgkill+12)
09-08 01:08:14.630  3512  3512 F DEBUG   :     #01 pc 00045f8b  /system/bin/linker (__dl_pthread_kill+34)
09-08 01:08:14.630  3512  3512 F DEBUG   :     #02 pc 0003e32f  /system/bin/linker (__dl_raise+10)
09-08 01:08:14.630  3512  3512 F DEBUG   :     #03 pc 0003cdeb  /system/bin/linker (__dl___libc_android_abort+34)
09-08 01:08:14.630  3512  3512 F DEBUG   :     #04 pc 0003bbbc  /system/bin/linker (__dl_abort+4)
09-08 01:08:14.630  3512  3512 F DEBUG   :     #05 pc 0003de2b  /system/bin/linker (__dl___libc_fatal+22)
09-08 01:08:14.630  3512  3512 F DEBUG   :     #06 pc 00009c43  /system/bin/linker (__dl__ZL29__linker_init_post_relocationR19KernelArgumentBlockj+3146)
09-08 01:08:14.630  3512  3512 F DEBUG   :     #07 pc 00008f63  /system/bin/linker (__dl___linker_init+358)
09-08 01:08:14.630  3512  3512 F DEBUG   :     #08 pc 000027c0  /system/bin/linker (_start+4)
09-08 01:08:14.663  3063  3063 W         : debuggerd: resuming target 3508
09-08 01:08:14.668  3146  3146 I ServiceManager: service 'media.audio_flinger' died
09-08 01:08:19.210  3552  3552 I Netd    : Netd 1.0 starting
09-08 01:08:19.210  3552  3552 D TetherController: Setting IP forward enable = 0
09-08 01:08:19.212  3552  3552 I QtiConnectivityAdapter: Failed to open libconnctrl, some features may not be present.
09-08 01:08:19.212  3552  3552 E         : Failed to open libdatactrl, some features may not be present.
09-08 01:08:19.212  3552  3552 E         : Failed to open libcsm_data, some features may not be present.
09-08 01:08:19.211  3073  3073 W auditd  : type=1325 audit(0.0:119): table=filter family=2 entries=10
09-08 01:08:19.211  3073  3073 W auditd  : type=1320 audit(0.0:119): 
09-08 01:08:19.218  3550  3550 F libc    : CANNOT LINK EXECUTABLE "/system/bin/app_process32": cannot locate symbol "_ZN7android14CameraMetadata14getTagFromNameEPKcPKNS_19VendorTagDescriptorEPj" referenced by "/system/lib/libandroid_runtime.so"...
09-08 01:08:19.218  3550  3550 F libc    : Fatal signal 6 (SIGABRT), code -6 in tid 3550 (app_process32)
09-08 01:08:19.218  3063  3063 W         : debuggerd: handling request: pid=3550 uid=0 gid=0 tid=3550
09-08 01:08:19.215  3073  3073 W auditd  : type=1325 audit(0.0:120): table=filter family=10 entries=10
09-08 01:08:19.215  3073  3073 W auditd  : type=1320 audit(0.0:120): 
09-08 01:08:19.224  3555  3555 E         : debuggerd: Unable to connect to activity manager (connect failed: No such file or directory)
09-08 01:08:19.219  3073  3073 W auditd  : type=1325 audit(0.0:121): table=filter family=2 entries=9
09-08 01:08:19.219  3073  3073 W auditd  : type=1320 audit(0.0:121): 
09-08 01:08:19.227  3073  3073 W auditd  : type=1325 audit(0.0:122): table=filter family=10 entries=9
09-08 01:08:19.227  3073  3073 W auditd  : type=1320 audit(0.0:122): 
09-08 01:08:19.231  3073  3073 W auditd  : type=1325 audit(0.0:123): table=filter family=2 entries=9
09-08 01:08:19.231  3073  3073 W auditd  : type=1320 audit(0.0:123): 
09-08 01:08:19.235  3073  3073 W auditd  : type=1325 audit(0.0:124): table=filter family=10 entries=9
09-08 01:08:19.235  3073  3073 W auditd  : type=1320 audit(0.0:124): 
09-08 01:08:19.239  3073  3073 W auditd  : type=1325 audit(0.0:125): table=filter family=2 entries=7
09-08 01:08:19.239  3073  3073 W auditd  : type=1320 audit(0.0:125): 
09-08 01:08:19.243  3073  3073 W auditd  : type=1325 audit(0.0:126): table=filter family=10 entries=7
09-08 01:08:19.243  3073  3073 W auditd  : type=1320 audit(0.0:126): 
09-08 01:08:19.247  3073  3073 W auditd  : type=1325 audit(0.0:127): table=filter family=2 entries=9
09-08 01:08:19.247  3073  3073 W auditd  : type=1320 audit(0.0:127): 
09-08 01:08:19.251  3073  3073 W auditd  : type=1325 audit(0.0:128): table=filter family=10 entries=9
09-08 01:08:19.251  3073  3073 W auditd  : type=1320 audit(0.0:128): 
09-08 01:08:19.266  3551  3551 I         : sMaxFastTracks = 8
09-08 01:08:19.267  3551  3551 I audioserver: ServiceManager: 0xf6319440
09-08 01:08:19.267  3551  3551 W BatteryNotifier: batterystats service unavailable!
09-08 01:08:19.267  3551  3551 I AudioFlinger: Using default 3000 mSec as standby time.
09-08 01:08:19.267  3551  3551 I AudioPolicyService: AudioPolicyService CSTOR in new mode
09-08 01:08:19.268  3551  3551 W APM::ConfigParsingUtils: loadOutput() invalid supported devices
09-08 01:08:19.268  3551  3551 W APM::ConfigParsingUtils: loadInput() invalid supported devices
09-08 01:08:19.268  3551  3551 W APM::ConfigParsingUtils: loadInput() invalid supported devices
09-08 01:08:19.268  3551  3551 I APM::ConfigParsingUtils: loadAudioPolicyConfig() loaded /system/etc/audio_policy.conf
09-08 01:08:19.275  3555  3555 F DEBUG   : *** *** *** *** *** *** *** *** *** *** *** *** *** *** *** ***
09-08 01:08:19.275  3555  3555 F DEBUG   : LineageOS Version: '14.1-20170907-UNOFFICIAL-dream2lte'
09-08 01:08:19.275  3555  3555 F DEBUG   : Build fingerprint: 'samsung/dream2ltexx/dream2lte:7.0/NRD90M/G955FXXU1AQH3:user/release-keys'
09-08 01:08:19.275  3555  3555 F DEBUG   : Revision: '0'
09-08 01:08:19.275  3555  3555 F DEBUG   : ABI: 'arm'
09-08 01:08:19.275  3555  3555 F DEBUG   : pid: 3550, tid: 3550, name: app_process32  >>> /system/bin/app_process32 <<<
09-08 01:08:19.275  3555  3555 F DEBUG   : signal 6 (SIGABRT), code -6 (SI_TKILL), fault addr --------
09-08 01:08:19.276  3555  3555 F DEBUG   :     r0 00000000  r1 00000dde  r2 00000006  r3 00000008
09-08 01:08:19.276  3555  3555 F DEBUG   :     r4 f778b58c  r5 00000006  r6 f778b534  r7 0000010c
09-08 01:08:19.276  3555  3555 F DEBUG   :     r8 ffb00750  r9 00000001  sl ffb00780  fp f7718010
09-08 01:08:19.276  3555  3555 F DEBUG   :     ip 00000000  sp ffb006e8  lr f776af8f  pc f776b9a8  cpsr 200f0010
09-08 01:08:19.280  3555  3555 F DEBUG   : 
09-08 01:08:19.280  3555  3555 F DEBUG   : backtrace:
09-08 01:08:19.281  3555  3555 F DEBUG   :     #00 pc 000469a8  /system/bin/linker (__dl_tgkill+12)
09-08 01:08:19.281  3555  3555 F DEBUG   :     #01 pc 00045f8b  /system/bin/linker (__dl_pthread_kill+34)
09-08 01:08:19.281  3555  3555 F DEBUG   :     #02 pc 0003e32f  /system/bin/linker (__dl_raise+10)
09-08 01:08:19.281  3555  3555 F DEBUG   :     #03 pc 0003cdeb  /system/bin/linker (__dl___libc_android_abort+34)
09-08 01:08:19.281  3555  3555 F DEBUG   :     #04 pc 0003bbbc  /system/bin/linker (__dl_abort+4)
09-08 01:08:19.281  3555  3555 F DEBUG   :     #05 pc 0003de2b  /system/bin/linker (__dl___libc_fatal+22)
09-08 01:08:19.281  3555  3555 F DEBUG   :     #06 pc 00009c43  /system/bin/linker (__dl__ZL29__linker_init_post_relocationR19KernelArgumentBlockj+3146)
09-08 01:08:19.281  3555  3555 F DEBUG   :     #07 pc 00008f63  /system/bin/linker (__dl___linker_init+358)
09-08 01:08:19.281  3555  3555 F DEBUG   :     #08 pc 000027c0  /system/bin/linker (_start+4)
09-08 01:08:19.314  3063  3063 W         : debuggerd: resuming target 3550
09-08 01:08:19.318  3146  3146 I ServiceManager: service 'media.audio_flinger' died
09-08 01:08:24.337  3589  3589 I Netd    : Netd 1.0 starting
09-08 01:08:24.337  3589  3589 D TetherController: Setting IP forward enable = 0
09-08 01:08:24.338  3589  3589 I QtiConnectivityAdapter: Failed to open libconnctrl, some features may not be present.
09-08 01:08:24.338  3589  3589 E         : Failed to open libdatactrl, some features may not be present.
09-08 01:08:24.338  3589  3589 E         : Failed to open libcsm_data, some features may not be present.
09-08 01:08:24.339  3073  3073 W auditd  : type=1325 audit(0.0:140): table=filter family=2 entries=10
09-08 01:08:24.339  3073  3073 W auditd  : type=1320 audit(0.0:140): 
09-08 01:08:24.347  3587  3587 F libc    : CANNOT LINK EXECUTABLE "/system/bin/app_process32": cannot locate symbol "_ZN7android14CameraMetadata14getTagFromNameEPKcPKNS_19VendorTagDescriptorEPj" referenced by "/system/lib/libandroid_runtime.so"...
09-08 01:08:24.347  3587  3587 F libc    : Fatal signal 6 (SIGABRT), code -6 in tid 3587 (app_process32)
09-08 01:08:24.347  3063  3063 W         : debuggerd: handling request: pid=3587 uid=0 gid=0 tid=3587
09-08 01:08:24.343  3073  3073 W auditd  : type=1325 audit(0.0:141): table=filter family=10 entries=10
09-08 01:08:24.343  3073  3073 W auditd  : type=1320 audit(0.0:141): 
09-08 01:08:24.351  3073  3073 W auditd  : type=1325 audit(0.0:142): table=filter family=2 entries=9
09-08 01:08:24.351  3073  3073 W auditd  : type=1320 audit(0.0:142): 
09-08 01:08:24.355  3592  3592 E         : debuggerd: Unable to connect to activity manager (connect failed: No such file or directory)
09-08 01:08:24.355  3073  3073 W auditd  : type=1325 audit(0.0:143): table=filter family=10 entries=9
09-08 01:08:24.355  3073  3073 W auditd  : type=1320 audit(0.0:143): 
09-08 01:08:24.359  3073  3073 W auditd  : type=1325 audit(0.0:144): table=filter family=2 entries=9
09-08 01:08:24.359  3073  3073 W auditd  : type=1320 audit(0.0:144): 
09-08 01:08:24.363  3073  3073 W auditd  : type=1325 audit(0.0:145): table=filter family=10 entries=9
09-08 01:08:24.363  3073  3073 W auditd  : type=1320 audit(0.0:145): 
09-08 01:08:24.371  3073  3073 W auditd  : type=1325 audit(0.0:146): table=filter family=2 entries=7
09-08 01:08:24.371  3073  3073 W auditd  : type=1320 audit(0.0:146): 
09-08 01:08:24.375  3073  3073 W auditd  : type=1325 audit(0.0:147): table=filter family=10 entries=7
09-08 01:08:24.375  3073  3073 W auditd  : type=1320 audit(0.0:147): 
09-08 01:08:24.379  3073  3073 W auditd  : type=1325 audit(0.0:148): table=filter family=2 entries=9
09-08 01:08:24.379  3073  3073 W auditd  : type=1320 audit(0.0:148): 
09-08 01:08:24.383  3073  3073 W auditd  : type=1325 audit(0.0:149): table=filter family=10 entries=9
09-08 01:08:24.383  3073  3073 W auditd  : type=1320 audit(0.0:149): 
09-08 01:08:24.398  3588  3588 I         : sMaxFastTracks = 8
09-08 01:08:24.398  3588  3588 I audioserver: ServiceManager: 0xf6619440
09-08 01:08:24.398  3588  3588 W BatteryNotifier: batterystats service unavailable!
09-08 01:08:24.398  3588  3588 I AudioFlinger: Using default 3000 mSec as standby time.
09-08 01:08:24.398  3588  3588 I AudioPolicyService: AudioPolicyService CSTOR in new mode
09-08 01:08:24.399  3588  3588 W APM::ConfigParsingUtils: loadOutput() invalid supported devices
09-08 01:08:24.399  3588  3588 W APM::ConfigParsingUtils: loadInput() invalid supported devices
09-08 01:08:24.399  3588  3588 W APM::ConfigParsingUtils: loadInput() invalid supported devices
09-08 01:08:24.399  3588  3588 I APM::ConfigParsingUtils: loadAudioPolicyConfig() loaded /system/etc/audio_policy.conf
09-08 01:08:24.406  3592  3592 F DEBUG   : *** *** *** *** *** *** *** *** *** *** *** *** *** *** *** ***
09-08 01:08:24.406  3592  3592 F DEBUG   : LineageOS Version: '14.1-20170907-UNOFFICIAL-dream2lte'
09-08 01:08:24.406  3592  3592 F DEBUG   : Build fingerprint: 'samsung/dream2ltexx/dream2lte:7.0/NRD90M/G955FXXU1AQH3:user/release-keys'
09-08 01:08:24.406  3592  3592 F DEBUG   : Revision: '0'
09-08 01:08:24.406  3592  3592 F DEBUG   : ABI: 'arm'
09-08 01:08:24.407  3592  3592 F DEBUG   : pid: 3587, tid: 3587, name: app_process32  >>> /system/bin/app_process32 <<<
09-08 01:08:24.407  3592  3592 F DEBUG   : signal 6 (SIGABRT), code -6 (SI_TKILL), fault addr --------
09-08 01:08:24.407  3592  3592 F DEBUG   :     r0 00000000  r1 00000e03  r2 00000006  r3 00000008
09-08 01:08:24.407  3592  3592 F DEBUG   :     r4 f771e58c  r5 00000006  r6 f771e534  r7 0000010c
09-08 01:08:24.407  3592  3592 F DEBUG   :     r8 ffdbae00  r9 00000001  sl ffdbae30  fp f76ab010
09-08 01:08:24.407  3592  3592 F DEBUG   :     ip 00000000  sp ffdbad98  lr f76fdf8f  pc f76fe9a8  cpsr 200f0010
09-08 01:08:24.410  3592  3592 F DEBUG   : 
09-08 01:08:24.410  3592  3592 F DEBUG   : backtrace:
09-08 01:08:24.410  3592  3592 F DEBUG   :     #00 pc 000469a8  /system/bin/linker (__dl_tgkill+12)
09-08 01:08:24.410  3592  3592 F DEBUG   :     #01 pc 00045f8b  /system/bin/linker (__dl_pthread_kill+34)
09-08 01:08:24.410  3592  3592 F DEBUG   :     #02 pc 0003e32f  /system/bin/linker (__dl_raise+10)
09-08 01:08:24.410  3592  3592 F DEBUG   :     #03 pc 0003cdeb  /system/bin/linker (__dl___libc_android_abort+34)
09-08 01:08:24.410  3592  3592 F DEBUG   :     #04 pc 0003bbbc  /system/bin/linker (__dl_abort+4)
09-08 01:08:24.411  3592  3592 F DEBUG   :     #05 pc 0003de2b  /system/bin/linker (__dl___libc_fatal+22)
09-08 01:08:24.411  3592  3592 F DEBUG   :     #06 pc 00009c43  /system/bin/linker (__dl__ZL29__linker_init_post_relocationR19KernelArgumentBlockj+3146)
09-08 01:08:24.411  3592  3592 F DEBUG   :     #07 pc 00008f63  /system/bin/linker (__dl___linker_init+358)
09-08 01:08:24.411  3592  3592 F DEBUG   :     #08 pc 000027c0  /system/bin/linker (_start+4)
09-08 01:08:24.445  3063  3063 W         : debuggerd: resuming target 3587
09-08 01:08:24.448  3146  3146 I ServiceManager: service 'media.audio_flinger' died
09-08 01:08:26.594  3159  3159 D gpsd    : WakeLock(Acquire,GPSD)
09-08 01:08:26.594  3159  3159 D gpsd    : WakeLock(Release,GPSD)
09-08 01:08:26.594  3159  3159 D gpsd    : WakeLock(Acquire,GPSD)
09-08 01:08:26.594  3159  3159 D gpsd    : WakeLock(Release,GPSD)
09-08 01:08:26.609  3624  3624 V lhd     : GlLhdInterface::Init(/system/etc/lhd.conf)
09-08 01:08:26.609  3624  3624 E lhd     : SetCfgValue: Critical Error. Unknown configuration parameter "FlpName"="tcp"
09-08 01:08:26.609  3624  3624 V lhd     : SetCfgValue: LHD config "LheSerialControl"="BBD:Serial=TTY"
09-08 01:08:26.609  3624  3624 E lhd     : SetCfgValue: Critical Error. Unknown configuration parameter "LheClockMHz"="100"
09-08 01:08:26.609  3624  3624 V lhd     : SetCfgValue: LHD config "LhePatch"="/dev/bbd_patch"
09-08 01:08:26.609  3624  3624 V lhd     : SetCfgValue: LHD config "LheMaxMcuResetTries"="4"
09-08 01:08:26.609  3624  3624 V lhd     : SetCfgValue: LHD config "LheBbdPacket"="/dev/ttyBCM"
09-08 01:08:26.609  3624  3624 V lhd     : SetCfgValue: LHD config "LheBbdControl"="/dev/bbd_control"
09-08 01:08:26.609  3624  3624 V lhd     : SetCfgValue: LHD config "LheBbdSensor"="/dev/bbd_sensor"
09-08 01:08:26.609  3624  3624 V lhd     : SetCfgValue: LHD config "Lhe477xDebugFlags"="RPC:FACILITY=33:STDOUT_PUTS:STDOUT_LOG"
09-08 01:08:26.609  3624  3624 E lhd     : SetCfgValue: Critical Error. Unknown configuration parameter "LheSensorIpc"="true"
09-08 01:08:26.609  3624  3624 E lhd     : SetCfgValue: Critical Error. Unknown configuration parameter "LhePinMux"="P17=M1"
09-08 01:08:26.609  3624  3624 V lhd     : SetCfgValue: LHD config "LheAutoBaudDelayMS"="10"
09-08 01:08:26.609  3624  3624 V lhd     : SetCfgValue: LHD config "LheMaxMcuResetTries"="3"
09-08 01:08:26.609  3624  3624 E lhd     : OpenFirmwareFile: Fail to open /efs/sec_efs/sensorhub_urgent_fw.patch, errno 2
09-08 01:08:26.609  3624  3624 E lhd     : getCustPatchVersion: Fail to parse patch /efs/sec_efs/sensorhub_urgent_fw.patch
09-08 01:08:26.609  3624  3624 E lhd     : getCustPatchVersion: <CustomerVersion> not found
09-08 01:08:26.668  3159  3159 D gpsd    : WakeLock(Acquire,GPSD)
09-08 01:08:26.668  3159  3159 D gpsd    : WakeLock(Release,GPSD)
09-08 01:08:26.668  3159  3159 D gpsd    : WakeLock(Acquire,GPSD)
09-08 01:08:26.668  3159  3159 D gpsd    : WakeLock(Release,GPSD)
09-08 01:08:26.668  3624  3624 D lhd     : OnIpcConnect
09-08 01:08:29.615  3629  3629 I Netd    : Netd 1.0 starting
09-08 01:08:29.615  3629  3629 D TetherController: Setting IP forward enable = 0
09-08 01:08:29.617  3629  3629 I QtiConnectivityAdapter: Failed to open libconnctrl, some features may not be present.
09-08 01:08:29.617  3629  3629 E         : Failed to open libdatactrl, some features may not be present.
09-08 01:08:29.617  3629  3629 E         : Failed to open libcsm_data, some features may not be present.
09-08 01:08:29.615  3073  3073 W auditd  : type=1325 audit(0.0:161): table=filter family=2 entries=10
09-08 01:08:29.615  3073  3073 W auditd  : type=1320 audit(0.0:161): 
09-08 01:08:29.622  3627  3627 F libc    : CANNOT LINK EXECUTABLE "/system/bin/app_process32": cannot locate symbol "_ZN7android14CameraMetadata14getTagFromNameEPKcPKNS_19VendorTagDescriptorEPj" referenced by "/system/lib/libandroid_runtime.so"...
09-08 01:08:29.622  3627  3627 F libc    : Fatal signal 6 (SIGABRT), code -6 in tid 3627 (app_process32)
09-08 01:08:29.623  3063  3063 W         : debuggerd: handling request: pid=3627 uid=0 gid=0 tid=3627
09-08 01:08:29.619  3073  3073 W auditd  : type=1325 audit(0.0:162): table=filter family=10 entries=10
09-08 01:08:29.619  3073  3073 W auditd  : type=1320 audit(0.0:162): 
09-08 01:08:29.629  3632  3632 E         : debuggerd: Unable to connect to activity manager (connect failed: No such file or directory)
09-08 01:08:29.623  3073  3073 W auditd  : type=1325 audit(0.0:163): table=filter family=2 entries=9
09-08 01:08:29.623  3073  3073 W auditd  : type=1320 audit(0.0:163): 
09-08 01:08:29.627  3073  3073 W auditd  : type=1325 audit(0.0:164): table=filter family=10 entries=9
09-08 01:08:29.627  3073  3073 W auditd  : type=1320 audit(0.0:164): 
09-08 01:08:29.635  3073  3073 W auditd  : type=1325 audit(0.0:165): table=filter family=2 entries=9
09-08 01:08:29.635  3073  3073 W auditd  : type=1320 audit(0.0:165): 
09-08 01:08:29.639  3073  3073 W auditd  : type=1325 audit(0.0:166): table=filter family=10 entries=9
09-08 01:08:29.639  3073  3073 W auditd  : type=1320 audit(0.0:166): 
09-08 01:08:29.643  3073  3073 W auditd  : type=1325 audit(0.0:167): table=filter family=2 entries=7
09-08 01:08:29.643  3073  3073 W auditd  : type=1320 audit(0.0:167): 
09-08 01:08:29.647  3073  3073 W auditd  : type=1325 audit(0.0:168): table=filter family=10 entries=7
09-08 01:08:29.647  3073  3073 W auditd  : type=1320 audit(0.0:168): 
09-08 01:08:29.651  3073  3073 W auditd  : type=1325 audit(0.0:169): table=filter family=2 entries=9
09-08 01:08:29.651  3073  3073 W auditd  : type=1320 audit(0.0:169): 
09-08 01:08:29.655  3073  3073 W auditd  : type=1325 audit(0.0:170): table=filter family=10 entries=9
09-08 01:08:29.655  3073  3073 W auditd  : type=1320 audit(0.0:170): 
09-08 01:08:29.672  3628  3628 I         : sMaxFastTracks = 8
09-08 01:08:29.672  3628  3628 I audioserver: ServiceManager: 0xf6519440
09-08 01:08:29.672  3628  3628 W BatteryNotifier: batterystats service unavailable!
09-08 01:08:29.672  3628  3628 I AudioFlinger: Using default 3000 mSec as standby time.
09-08 01:08:29.673  3628  3628 I AudioPolicyService: AudioPolicyService CSTOR in new mode
09-08 01:08:29.673  3628  3628 W APM::ConfigParsingUtils: loadOutput() invalid supported devices
09-08 01:08:29.673  3628  3628 W APM::ConfigParsingUtils: loadInput() invalid supported devices
09-08 01:08:29.673  3628  3628 W APM::ConfigParsingUtils: loadInput() invalid supported devices
09-08 01:08:29.673  3628  3628 I APM::ConfigParsingUtils: loadAudioPolicyConfig() loaded /system/etc/audio_policy.conf
09-08 01:08:29.680  3632  3632 F DEBUG   : *** *** *** *** *** *** *** *** *** *** *** *** *** *** *** ***
09-08 01:08:29.680  3632  3632 F DEBUG   : LineageOS Version: '14.1-20170907-UNOFFICIAL-dream2lte'
09-08 01:08:29.680  3632  3632 F DEBUG   : Build fingerprint: 'samsung/dream2ltexx/dream2lte:7.0/NRD90M/G955FXXU1AQH3:user/release-keys'
09-08 01:08:29.680  3632  3632 F DEBUG   : Revision: '0'
09-08 01:08:29.680  3632  3632 F DEBUG   : ABI: 'arm'
09-08 01:08:29.680  3632  3632 F DEBUG   : pid: 3627, tid: 3627, name: app_process32  >>> /system/bin/app_process32 <<<
09-08 01:08:29.681  3632  3632 F DEBUG   : signal 6 (SIGABRT), code -6 (SI_TKILL), fault addr --------
09-08 01:08:29.681  3632  3632 F DEBUG   :     r0 00000000  r1 00000e2b  r2 00000006  r3 00000008
09-08 01:08:29.681  3632  3632 F DEBUG   :     r4 f72ee58c  r5 00000006  r6 f72ee534  r7 0000010c
09-08 01:08:29.681  3632  3632 F DEBUG   :     r8 ff99b850  r9 00000001  sl ff99b880  fp f727b010
09-08 01:08:29.681  3632  3632 F DEBUG   :     ip 00000000  sp ff99b7e8  lr f72cdf8f  pc f72ce9a8  cpsr 200f0010
09-08 01:08:29.684  3632  3632 F DEBUG   : 
09-08 01:08:29.684  3632  3632 F DEBUG   : backtrace:
09-08 01:08:29.684  3632  3632 F DEBUG   :     #00 pc 000469a8  /system/bin/linker (__dl_tgkill+12)
09-08 01:08:29.684  3632  3632 F DEBUG   :     #01 pc 00045f8b  /system/bin/linker (__dl_pthread_kill+34)
09-08 01:08:29.684  3632  3632 F DEBUG   :     #02 pc 0003e32f  /system/bin/linker (__dl_raise+10)
09-08 01:08:29.685  3632  3632 F DEBUG   :     #03 pc 0003cdeb  /system/bin/linker (__dl___libc_android_abort+34)
09-08 01:08:29.685  3632  3632 F DEBUG   :     #04 pc 0003bbbc  /system/bin/linker (__dl_abort+4)
09-08 01:08:29.685  3632  3632 F DEBUG   :     #05 pc 0003de2b  /system/bin/linker (__dl___libc_fatal+22)
09-08 01:08:29.685  3632  3632 F DEBUG   :     #06 pc 00009c43  /system/bin/linker (__dl__ZL29__linker_init_post_relocationR19KernelArgumentBlockj+3146)
09-08 01:08:29.685  3632  3632 F DEBUG   :     #07 pc 00008f63  /system/bin/linker (__dl___linker_init+358)
09-08 01:08:29.685  3632  3632 F DEBUG   :     #08 pc 000027c0  /system/bin/linker (_start+4)
09-08 01:08:29.720  3063  3063 W         : debuggerd: resuming target 3627
09-08 01:08:29.724  3146  3146 I ServiceManager: service 'media.audio_flinger' died
09-08 01:08:34.767  3666  3666 I Netd    : Netd 1.0 starting
09-08 01:08:34.767  3666  3666 D TetherController: Setting IP forward enable = 0
09-08 01:08:34.775  3666  3666 I QtiConnectivityAdapter: Failed to open libconnctrl, some features may not be present.
09-08 01:08:34.775  3666  3666 E         : Failed to open libdatactrl, some features may not be present.
09-08 01:08:34.775  3666  3666 E         : Failed to open libcsm_data, some features may not be present.
09-08 01:08:34.779  3073  3073 W auditd  : type=1325 audit(0.0:182): table=filter family=2 entries=10
09-08 01:08:34.779  3073  3073 W auditd  : type=1320 audit(0.0:182): 
09-08 01:08:34.787  3073  3073 W auditd  : type=1325 audit(0.0:183): table=filter family=10 entries=10
09-08 01:08:34.787  3073  3073 W auditd  : type=1320 audit(0.0:183): 
09-08 01:08:34.796  3664  3664 F libc    : CANNOT LINK EXECUTABLE "/system/bin/app_process32": cannot locate symbol "_ZN7android14CameraMetadata14getTagFromNameEPKcPKNS_19VendorTagDescriptorEPj" referenced by "/system/lib/libandroid_runtime.so"...
09-08 01:08:34.796  3664  3664 F libc    : Fatal signal 6 (SIGABRT), code -6 in tid 3664 (app_process32)
09-08 01:08:34.796  3063  3063 W         : debuggerd: handling request: pid=3664 uid=0 gid=0 tid=3664
09-08 01:08:34.791  3073  3073 W auditd  : type=1325 audit(0.0:184): table=filter family=2 entries=9
09-08 01:08:34.791  3073  3073 W auditd  : type=1320 audit(0.0:184): 
09-08 01:08:34.795  3073  3073 W auditd  : type=1325 audit(0.0:185): table=filter family=10 entries=9
09-08 01:08:34.795  3073  3073 W auditd  : type=1320 audit(0.0:185): 
09-08 01:08:34.806  3670  3670 E         : debuggerd: Unable to connect to activity manager (connect failed: No such file or directory)
09-08 01:08:34.807  3073  3073 W auditd  : type=1325 audit(0.0:186): table=filter family=2 entries=9
09-08 01:08:34.807  3073  3073 W auditd  : type=1320 audit(0.0:186): 
09-08 01:08:34.815  3073  3073 W auditd  : type=1325 audit(0.0:187): table=filter family=10 entries=9
09-08 01:08:34.815  3073  3073 W auditd  : type=1320 audit(0.0:187): 
09-08 01:08:34.823  3073  3073 W auditd  : type=1325 audit(0.0:188): table=filter family=2 entries=7
09-08 01:08:34.823  3073  3073 W auditd  : type=1320 audit(0.0:188): 
09-08 01:08:34.835  3073  3073 W auditd  : type=1325 audit(0.0:189): table=filter family=10 entries=7
09-08 01:08:34.835  3073  3073 W auditd  : type=1320 audit(0.0:189): 
09-08 01:08:34.840  3665  3665 I         : sMaxFastTracks = 8
09-08 01:08:34.841  3665  3665 I audioserver: ServiceManager: 0xf6619440
09-08 01:08:34.841  3665  3665 W BatteryNotifier: batterystats service unavailable!
09-08 01:08:34.841  3665  3665 I AudioFlinger: Using default 3000 mSec as standby time.
09-08 01:08:34.841  3665  3665 I AudioPolicyService: AudioPolicyService CSTOR in new mode
09-08 01:08:34.842  3665  3665 W APM::ConfigParsingUtils: loadOutput() invalid supported devices
09-08 01:08:34.842  3665  3665 W APM::ConfigParsingUtils: loadInput() invalid supported devices
09-08 01:08:34.842  3665  3665 W APM::ConfigParsingUtils: loadInput() invalid supported devices
09-08 01:08:34.842  3665  3665 I APM::ConfigParsingUtils: loadAudioPolicyConfig() loaded /system/etc/audio_policy.conf
09-08 01:08:34.843  3073  3073 W auditd  : type=1325 audit(0.0:190): table=filter family=2 entries=9
09-08 01:08:34.843  3073  3073 W auditd  : type=1320 audit(0.0:190): 
09-08 01:08:34.855  3073  3073 W auditd  : type=1325 audit(0.0:191): table=filter family=10 entries=9
09-08 01:08:34.855  3073  3073 W auditd  : type=1320 audit(0.0:191): 
09-08 01:08:34.857  3670  3670 F DEBUG   : *** *** *** *** *** *** *** *** *** *** *** *** *** *** *** ***
09-08 01:08:34.857  3670  3670 F DEBUG   : LineageOS Version: '14.1-20170907-UNOFFICIAL-dream2lte'
09-08 01:08:34.857  3670  3670 F DEBUG   : Build fingerprint: 'samsung/dream2ltexx/dream2lte:7.0/NRD90M/G955FXXU1AQH3:user/release-keys'
09-08 01:08:34.857  3670  3670 F DEBUG   : Revision: '0'
09-08 01:08:34.857  3670  3670 F DEBUG   : ABI: 'arm'
09-08 01:08:34.857  3670  3670 F DEBUG   : pid: 3664, tid: 3664, name: app_process32  >>> /system/bin/app_process32 <<<
09-08 01:08:34.857  3670  3670 F DEBUG   : signal 6 (SIGABRT), code -6 (SI_TKILL), fault addr --------
09-08 01:08:34.857  3670  3670 F DEBUG   :     r0 00000000  r1 00000e50  r2 00000006  r3 00000008
09-08 01:08:34.857  3670  3670 F DEBUG   :     r4 f735a58c  r5 00000006  r6 f735a534  r7 0000010c
09-08 01:08:34.857  3670  3670 F DEBUG   :     r8 fff14110  r9 00000001  sl fff14140  fp f72e7010
09-08 01:08:34.857  3670  3670 F DEBUG   :     ip 00000000  sp fff140a8  lr f7339f8f  pc f733a9a8  cpsr 200f0010
09-08 01:08:34.861  3670  3670 F DEBUG   : 
09-08 01:08:34.861  3670  3670 F DEBUG   : backtrace:
09-08 01:08:34.861  3670  3670 F DEBUG   :     #00 pc 000469a8  /system/bin/linker (__dl_tgkill+12)
09-08 01:08:34.861  3670  3670 F DEBUG   :     #01 pc 00045f8b  /system/bin/linker (__dl_pthread_kill+34)
09-08 01:08:34.861  3670  3670 F DEBUG   :     #02 pc 0003e32f  /system/bin/linker (__dl_raise+10)
09-08 01:08:34.861  3670  3670 F DEBUG   :     #03 pc 0003cdeb  /system/bin/linker (__dl___libc_android_abort+34)
09-08 01:08:34.861  3670  3670 F DEBUG   :     #04 pc 0003bbbc  /system/bin/linker (__dl_abort+4)
09-08 01:08:34.861  3670  3670 F DEBUG   :     #05 pc 0003de2b  /system/bin/linker (__dl___libc_fatal+22)
09-08 01:08:34.861  3670  3670 F DEBUG   :     #06 pc 00009c43  /system/bin/linker (__dl__ZL29__linker_init_post_relocationR19KernelArgumentBlockj+3146)
09-08 01:08:34.861  3670  3670 F DEBUG   :     #07 pc 00008f63  /system/bin/linker (__dl___linker_init+358)
09-08 01:08:34.861  3670  3670 F DEBUG   :     #08 pc 000027c0  /system/bin/linker (_start+4)
09-08 01:08:34.893  3063  3063 W         : debuggerd: resuming target 3664
09-08 01:08:34.898  3146  3146 I ServiceManager: service 'media.audio_flinger' died
09-08 01:08:39.966  3694  3694 I Netd    : Netd 1.0 starting
09-08 01:08:39.966  3694  3694 D TetherController: Setting IP forward enable = 0
09-08 01:08:39.971  3694  3694 I QtiConnectivityAdapter: Failed to open libconnctrl, some features may not be present.
09-08 01:08:39.972  3694  3694 E         : Failed to open libdatactrl, some features may not be present.
09-08 01:08:39.972  3694  3694 E         : Failed to open libcsm_data, some features may not be present.
09-08 01:08:39.979  3073  3073 W auditd  : type=1325 audit(0.0:196): table=filter family=2 entries=9
09-08 01:08:39.979  3073  3073 W auditd  : type=1320 audit(0.0:196): 
09-08 01:08:39.983  3073  3073 W auditd  : type=1325 audit(0.0:197): table=filter family=10 entries=9
09-08 01:08:39.983  3073  3073 W auditd  : type=1320 audit(0.0:197): 
09-08 01:08:39.988  3692  3692 F libc    : CANNOT LINK EXECUTABLE "/system/bin/app_process32": cannot locate symbol "_ZN7android14CameraMetadata14getTagFromNameEPKcPKNS_19VendorTagDescriptorEPj" referenced by "/system/lib/libandroid_runtime.so"...
09-08 01:08:39.988  3692  3692 F libc    : Fatal signal 6 (SIGABRT), code -6 in tid 3692 (app_process32)
09-08 01:08:39.988  3063  3063 W         : debuggerd: handling request: pid=3692 uid=0 gid=0 tid=3692
09-08 01:08:39.996  3697  3697 E         : debuggerd: Unable to connect to activity manager (connect failed: No such file or directory)
09-08 01:08:39.995  3073  3073 W auditd  : type=1325 audit(0.0:198): table=filter family=2 entries=8
09-08 01:08:39.995  3073  3073 W auditd  : type=1320 audit(0.0:198): 
09-08 01:08:40.003  3073  3073 W auditd  : type=1325 audit(0.0:199): table=filter family=10 entries=8
09-08 01:08:40.003  3073  3073 W auditd  : type=1320 audit(0.0:199): 
09-08 01:08:40.015  3073  3073 W auditd  : type=1325 audit(0.0:200): table=filter family=2 entries=8
09-08 01:08:40.015  3073  3073 W auditd  : type=1320 audit(0.0:200): 
09-08 01:08:40.023  3073  3073 W auditd  : type=1325 audit(0.0:201): table=filter family=10 entries=8
09-08 01:08:40.023  3073  3073 W auditd  : type=1320 audit(0.0:201): 
09-08 01:08:40.035  3693  3693 I         : sMaxFastTracks = 8
09-08 01:08:40.035  3693  3693 I audioserver: ServiceManager: 0xf6399440
09-08 01:08:40.035  3693  3693 W BatteryNotifier: batterystats service unavailable!
09-08 01:08:40.035  3693  3693 I AudioFlinger: Using default 3000 mSec as standby time.
09-08 01:08:40.035  3693  3693 I AudioPolicyService: AudioPolicyService CSTOR in new mode
09-08 01:08:40.036  3693  3693 W APM::ConfigParsingUtils: loadOutput() invalid supported devices
09-08 01:08:40.036  3693  3693 W APM::ConfigParsingUtils: loadInput() invalid supported devices
09-08 01:08:40.036  3693  3693 W APM::ConfigParsingUtils: loadInput() invalid supported devices
09-08 01:08:40.036  3693  3693 I APM::ConfigParsingUtils: loadAudioPolicyConfig() loaded /system/etc/audio_policy.conf
09-08 01:08:40.031  3073  3073 W auditd  : type=1325 audit(0.0:202): table=filter family=2 entries=6
09-08 01:08:40.031  3073  3073 W auditd  : type=1320 audit(0.0:202): 
09-08 01:08:40.047  3697  3697 F DEBUG   : *** *** *** *** *** *** *** *** *** *** *** *** *** *** *** ***
09-08 01:08:40.047  3697  3697 F DEBUG   : LineageOS Version: '14.1-20170907-UNOFFICIAL-dream2lte'
09-08 01:08:40.047  3697  3697 F DEBUG   : Build fingerprint: 'samsung/dream2ltexx/dream2lte:7.0/NRD90M/G955FXXU1AQH3:user/release-keys'
09-08 01:08:40.047  3697  3697 F DEBUG   : Revision: '0'
09-08 01:08:40.047  3697  3697 F DEBUG   : ABI: 'arm'
09-08 01:08:40.047  3697  3697 F DEBUG   : pid: 3692, tid: 3692, name: app_process32  >>> /system/bin/app_process32 <<<
09-08 01:08:40.047  3697  3697 F DEBUG   : signal 6 (SIGABRT), code -6 (SI_TKILL), fault addr --------
09-08 01:08:40.043  3073  3073 W auditd  : type=1325 audit(0.0:203): table=filter family=10 entries=6
09-08 01:08:40.043  3073  3073 W auditd  : type=1320 audit(0.0:203): 
09-08 01:08:40.048  3697  3697 F DEBUG   :     r4 f704658c  r5 00000006  r6 f7046534  r7 0000010c
09-08 01:08:40.048  3697  3697 F DEBUG   :     r8 ffc59c60  r9 00000001  sl ffc59c90  fp f6fd3010
09-08 01:08:40.048  3697  3697 F DEBUG   :     ip 00000000  sp ffc59bf8  lr f7025f8f  pc f70269a8  cpsr 200f0010
09-08 01:08:40.052  3697  3697 F DEBUG   : 
09-08 01:08:40.052  3697  3697 F DEBUG   : backtrace:
09-08 01:08:40.052  3697  3697 F DEBUG   :     #00 pc 000469a8  /system/bin/linker (__dl_tgkill+12)
09-08 01:08:40.052  3697  3697 F DEBUG   :     #01 pc 00045f8b  /system/bin/linker (__dl_pthread_kill+34)
09-08 01:08:40.052  3697  3697 F DEBUG   :     #02 pc 0003e32f  /system/bin/linker (__dl_raise+10)
09-08 01:08:40.052  3697  3697 F DEBUG   :     #03 pc 0003cdeb  /system/bin/linker (__dl___libc_android_abort+34)
09-08 01:08:40.052  3697  3697 F DEBUG   :     #04 pc 0003bbbc  /system/bin/linker (__dl_abort+4)
09-08 01:08:40.053  3697  3697 F DEBUG   :     #05 pc 0003de2b  /system/bin/linker (__dl___libc_fatal+22)
09-08 01:08:40.053  3697  3697 F DEBUG   :     #06 pc 00009c43  /system/bin/linker (__dl__ZL29__linker_init_post_relocationR19KernelArgumentBlockj+3146)
09-08 01:08:40.053  3697  3697 F DEBUG   :     #07 pc 00008f63  /system/bin/linker (__dl___linker_init+358)
09-08 01:08:40.053  3697  3697 F DEBUG   :     #08 pc 000027c0  /system/bin/linker (_start+4)
09-08 01:08:40.055  3073  3073 W auditd  : type=1325 audit(0.0:204): table=filter family=2 entries=8
09-08 01:08:40.055  3073  3073 W auditd  : type=1320 audit(0.0:204): 
09-08 01:08:40.067  3073  3073 W auditd  : type=1325 audit(0.0:205): table=filter family=10 entries=8
09-08 01:08:40.067  3073  3073 W auditd  : type=1320 audit(0.0:205): 
09-08 01:08:40.085  3063  3063 W         : debuggerd: resuming target 3692
09-08 01:08:40.090  3146  3146 I ServiceManager: service 'media.audio_flinger' died
09-08 01:08:41.689  3159  3159 D gpsd    : WakeLock(Acquire,GPSD)
09-08 01:08:41.690  3159  3159 D gpsd    : WakeLock(Release,GPSD)
09-08 01:08:41.690  3159  3159 D gpsd    : WakeLock(Acquire,GPSD)
09-08 01:08:41.690  3159  3159 D gpsd    : WakeLock(Release,GPSD)
09-08 01:08:41.761  3716  3716 V lhd     : GlLhdInterface::Init(/system/etc/lhd.conf)
09-08 01:08:41.761  3716  3716 E lhd     : SetCfgValue: Critical Error. Unknown configuration parameter "FlpName"="tcp"
09-08 01:08:41.761  3716  3716 V lhd     : SetCfgValue: LHD config "LheSerialControl"="BBD:Serial=TTY"
09-08 01:08:41.761  3716  3716 E lhd     : SetCfgValue: Critical Error. Unknown configuration parameter "LheClockMHz"="100"
09-08 01:08:41.761  3716  3716 V lhd     : SetCfgValue: LHD config "LhePatch"="/dev/bbd_patch"
09-08 01:08:41.761  3716  3716 V lhd     : SetCfgValue: LHD config "LheMaxMcuResetTries"="4"
09-08 01:08:41.761  3716  3716 V lhd     : SetCfgValue: LHD config "LheBbdPacket"="/dev/ttyBCM"
09-08 01:08:41.761  3716  3716 V lhd     : SetCfgValue: LHD config "LheBbdControl"="/dev/bbd_control"
09-08 01:08:41.761  3716  3716 V lhd     : SetCfgValue: LHD config "LheBbdSensor"="/dev/bbd_sensor"
09-08 01:08:41.761  3716  3716 V lhd     : SetCfgValue: LHD config "Lhe477xDebugFlags"="RPC:FACILITY=33:STDOUT_PUTS:STDOUT_LOG"
09-08 01:08:41.761  3716  3716 E lhd     : SetCfgValue: Critical Error. Unknown configuration parameter "LheSensorIpc"="true"
09-08 01:08:41.761  3716  3716 E lhd     : SetCfgValue: Critical Error. Unknown configuration parameter "LhePinMux"="P17=M1"
09-08 01:08:41.761  3716  3716 V lhd     : SetCfgValue: LHD config "LheAutoBaudDelayMS"="10"
09-08 01:08:41.761  3716  3716 V lhd     : SetCfgValue: LHD config "LheMaxMcuResetTries"="3"
09-08 01:08:41.761  3716  3716 E lhd     : OpenFirmwareFile: Fail to open /efs/sec_efs/sensorhub_urgent_fw.patch, errno 2
09-08 01:08:41.762  3716  3716 E lhd     : getCustPatchVersion: Fail to parse patch /efs/sec_efs/sensorhub_urgent_fw.patch
09-08 01:08:41.762  3716  3716 E lhd     : getCustPatchVersion: <CustomerVersion> not found
09-08 01:08:41.827  3159  3159 D gpsd    : WakeLock(Acquire,GPSD)
09-08 01:08:41.827  3159  3159 D gpsd    : WakeLock(Release,GPSD)
09-08 01:08:41.827  3716  3716 D lhd     : OnIpcConnect
09-08 01:08:41.827  3159  3159 D gpsd    : WakeLock(Acquire,GPSD)
09-08 01:08:41.827  3159  3159 D gpsd    : WakeLock(Release,GPSD)
09-08 01:08:44.785  3721  3721 I Netd    : Netd 1.0 starting
09-08 01:08:44.785  3721  3721 D TetherController: Setting IP forward enable = 0
09-08 01:08:44.789  3721  3721 I QtiConnectivityAdapter: Failed to open libconnctrl, some features may not be present.
09-08 01:08:44.789  3721  3721 E         : Failed to open libdatactrl, some features may not be present.
09-08 01:08:44.789  3721  3721 E         : Failed to open libcsm_data, some features may not be present.
09-08 01:08:44.799  3073  3073 W auditd  : type=1325 audit(0.0:207): table=filter family=2 entries=9
09-08 01:08:44.799  3073  3073 W auditd  : type=1320 audit(0.0:207): 
09-08 01:08:44.811  3073  3073 W auditd  : type=1325 audit(0.0:208): table=filter family=10 entries=9
09-08 01:08:44.811  3073  3073 W auditd  : type=1320 audit(0.0:208): 
09-08 01:08:44.821  3719  3719 F libc    : CANNOT LINK EXECUTABLE "/system/bin/app_process32": cannot locate symbol "_ZN7android14CameraMetadata14getTagFromNameEPKcPKNS_19VendorTagDescriptorEPj" referenced by "/system/lib/libandroid_runtime.so"...
09-08 01:08:44.821  3719  3719 F libc    : Fatal signal 6 (SIGABRT), code -6 in tid 3719 (app_process32)
09-08 01:08:44.822  3063  3063 W         : debuggerd: handling request: pid=3719 uid=0 gid=0 tid=3719
09-08 01:08:44.815  3073  3073 W auditd  : type=1325 audit(0.0:209): table=filter family=2 entries=8
09-08 01:08:44.815  3073  3073 W auditd  : type=1320 audit(0.0:209): 
09-08 01:08:44.829  3726  3726 E         : debuggerd: Unable to connect to activity manager (connect failed: No such file or directory)
09-08 01:08:44.827  3073  3073 W auditd  : type=1325 audit(0.0:210): table=filter family=10 entries=8
09-08 01:08:44.827  3073  3073 W auditd  : type=1320 audit(0.0:210): 
09-08 01:08:44.835  3073  3073 W auditd  : type=1325 audit(0.0:211): table=filter family=2 entries=8
09-08 01:08:44.835  3073  3073 W auditd  : type=1320 audit(0.0:211): 
09-08 01:08:44.847  3073  3073 W auditd  : type=1325 audit(0.0:212): table=filter family=10 entries=8
09-08 01:08:44.847  3073  3073 W auditd  : type=1320 audit(0.0:212): 
09-08 01:08:44.859  3073  3073 W auditd  : type=1325 audit(0.0:213): table=filter family=2 entries=6
09-08 01:08:44.859  3073  3073 W auditd  : type=1320 audit(0.0:213): 
09-08 01:08:44.867  3720  3720 I         : sMaxFastTracks = 8
09-08 01:08:44.867  3720  3720 I audioserver: ServiceManager: 0xf6419440
09-08 01:08:44.867  3720  3720 W BatteryNotifier: batterystats service unavailable!
09-08 01:08:44.867  3720  3720 I AudioFlinger: Using default 3000 mSec as standby time.
09-08 01:08:44.868  3720  3720 I AudioPolicyService: AudioPolicyService CSTOR in new mode
09-08 01:08:44.868  3720  3720 W APM::ConfigParsingUtils: loadOutput() invalid supported devices
09-08 01:08:44.868  3720  3720 W APM::ConfigParsingUtils: loadInput() invalid supported devices
09-08 01:08:44.868  3720  3720 W APM::ConfigParsingUtils: loadInput() invalid supported devices
09-08 01:08:44.868  3720  3720 I APM::ConfigParsingUtils: loadAudioPolicyConfig() loaded /system/etc/audio_policy.conf
09-08 01:08:44.871  3073  3073 W auditd  : type=1325 audit(0.0:214): table=filter family=10 entries=6
09-08 01:08:44.871  3073  3073 W auditd  : type=1320 audit(0.0:214): 
09-08 01:08:44.880  3726  3726 F DEBUG   : *** *** *** *** *** *** *** *** *** *** *** *** *** *** *** ***
09-08 01:08:44.880  3726  3726 F DEBUG   : LineageOS Version: '14.1-20170907-UNOFFICIAL-dream2lte'
09-08 01:08:44.880  3726  3726 F DEBUG   : Build fingerprint: 'samsung/dream2ltexx/dream2lte:7.0/NRD90M/G955FXXU1AQH3:user/release-keys'
09-08 01:08:44.880  3726  3726 F DEBUG   : Revision: '0'
09-08 01:08:44.880  3726  3726 F DEBUG   : ABI: 'arm'
09-08 01:08:44.881  3726  3726 F DEBUG   : pid: 3719, tid: 3719, name: app_process32  >>> /system/bin/app_process32 <<<
