09-09 12:15:38.672  3567  3613 D VoldConnector: SND -> {3 volume reset}
09-09 12:15:38.673  3567  3581 I ActivityManager: Force stopping com.android.providers.media appid=10009 user=-1: vold reset
09-09 12:15:38.673  3567  3614 D VoldConnector: RCV <- {651 emulated 7}
09-09 12:15:38.674  3567  3614 D VoldConnector: RCV <- {659 emulated}
09-09 12:15:38.675  3567  3614 D VoldConnector: RCV <- {650 emulated 2 "" ""}
09-09 12:15:38.676  3567  3614 D VoldConnector: RCV <- {654 emulated emulated}
09-09 12:15:38.677  3567  3614 D VoldConnector: RCV <- {651 emulated 0}
09-09 12:15:38.678  3567  3614 D VoldConnector: RCV <- {200 3 Command succeeded}
09-09 12:15:38.679  3567  3613 D VoldConnector: SND -> {4 volume user_added 0 0}
09-09 12:15:38.680  3567  3586 V MountService: Found primary storage at VolumeInfo{emulated}:
09-09 12:15:38.680  3567  3586 V MountService:     type=EMULATED diskId=null partGuid=null mountFlags=0 mountUserId=-1 
09-09 12:15:38.680  3567  3586 V MountService:     state=UNMOUNTED 
09-09 12:15:38.680  3567  3586 V MountService:     fsType=null fsUuid=null fsLabel=null 
09-09 12:15:38.680  3567  3586 V MountService:     path=null internalPath=null 
09-09 12:15:38.681  3567  3614 D VoldConnector: RCV <- {200 4 Command succeeded}
09-09 12:15:38.686  3567  3567 I ActivityManager: Start proc 3704:com.android.systemui/u0a32 for service com.android.systemui/.ImageWallpaper
09-09 12:15:38.691  3567  3613 D VoldConnector: SND -> {5 volume mount emulated 3 -1}
09-09 12:15:38.692  3567  3614 D VoldConnector: RCV <- {651 emulated 1}
09-09 12:15:38.693  3567  3614 D VoldConnector: RCV <- {656 emulated /data/media}
09-09 12:15:38.693  3070  3136 V vold    : Waiting for FUSE to spin up...
09-09 12:15:38.694  3567  3614 D VoldConnector: RCV <- {655 emulated /storage/emulated}
09-09 12:15:38.695  3567  3567 D UsbAlsaManager: Adding ALSA device AlsaDevice: [card: 0, device: 22, type: 1]
09-09 12:15:38.695  3567  3567 D UsbAlsaManager: Adding ALSA device AlsaDevice: [card: 0, device: 22, type: 2]
09-09 12:15:38.696  3567  3567 D UsbAlsaManager: Adding ALSA device AlsaDevice: [card: 0, device: 21, type: 2]
09-09 12:15:38.696  3567  3567 D UsbAlsaManager: Adding ALSA device AlsaDevice: [card: 0, device: 20, type: 2]
09-09 12:15:38.696  3567  3567 D UsbAlsaManager: Adding ALSA device AlsaDevice: [card: 0, device: 12, type: 2]
09-09 12:15:38.696  3567  3567 D UsbAlsaManager: Adding ALSA device AlsaDevice: [card: 0, device: 11, type: 2]
09-09 12:15:38.696  3567  3567 D UsbAlsaManager: Adding ALSA device AlsaDevice: [card: 0, device: 10, type: 2]
09-09 12:15:38.696  3567  3567 D UsbAlsaManager: Adding ALSA device AlsaDevice: [card: 0, device: 9, type: 2]
09-09 12:15:38.696  3567  3567 D UsbAlsaManager: Adding ALSA device AlsaDevice: [card: 0, device: 7, type: 1]
09-09 12:15:38.696  3567  3567 D UsbAlsaManager: Adding ALSA device AlsaDevice: [card: 0, device: 8, type: 2]
09-09 12:15:38.696  3567  3567 D UsbAlsaManager: Adding ALSA device AlsaDevice: [card: 0, device: 6, type: 1]
09-09 12:15:38.697  3567  3567 D UsbAlsaManager: Adding ALSA device AlsaDevice: [card: 0, device: 4, type: 1]
09-09 12:15:38.697  3567  3567 D UsbAlsaManager: Adding ALSA device AlsaDevice: [card: 0, device: 3, type: 1]
09-09 12:15:38.697  3567  3567 D UsbAlsaManager: Adding ALSA device AlsaDevice: [card: 0, device: 2, type: 1]
09-09 12:15:38.697  3567  3567 D UsbAlsaManager: Adding ALSA device AlsaDevice: [card: 0, device: 1, type: 1]
09-09 12:15:38.697  3567  3567 D UsbAlsaManager: Adding ALSA device AlsaDevice: [card: 0, device: 0, type: 1]
09-09 12:15:38.697  3567  3634 D BluetoothManagerService: Trying to bind to profile: 1, while Bluetooth was disabled
09-09 12:15:38.700  3567  3567 I SystemServer: WebViewFactory preparation
09-09 12:15:38.705  3567  3586 I UsbPortManager: USB port added: port=UsbPort{id=otg_default, supportedModes=dual}, status=UsbPortStatus{connected=true, currentMode=ufp, currentPowerRole=sink, currentDataRole=device, supportedRoleCombinations=[source:host, sink:device]}, canChangeMode=true, canChangePowerRole=false, canChangeDataRole=false
09-09 12:15:38.744  3567  3614 D VoldConnector: RCV <- {651 emulated 2}
09-09 12:15:38.745  3567  3614 D VoldConnector: RCV <- {200 5 Command succeeded}
09-09 12:15:38.898  3567  3567 W ActivityManager: Slow operation: 62ms so far, now at startProcess: returned from zygote!
09-09 12:15:38.898  3567  3567 W ActivityManager: Slow operation: 62ms so far, now at startProcess: done updating battery stats
09-09 12:15:38.898  3567  3567 W ActivityManager: Slow operation: 63ms so far, now at startProcess: building log message
09-09 12:15:38.898  3567  3567 I ActivityManager: Start proc 3736:WebViewLoader-armeabi-v7a/1037 [android.webkit.WebViewFactory$RelroFileCreator] for 
09-09 12:15:38.899  3567  3567 W ActivityManager: Slow operation: 63ms so far, now at startProcess: starting to update pids map
09-09 12:15:38.899  3567  3567 W ActivityManager: Slow operation: 63ms so far, now at startProcess: done updating pids map
09-09 12:15:38.899  3567  3567 W ActivityManager: Slow operation: 63ms so far, now at startProcess: done starting proc!
09-09 12:15:38.911  3567  3567 I ActivityManager: Start proc 3748:WebViewLoader-arm64-v8a/1037 [android.webkit.WebViewFactory$RelroFileCreator] for 
09-09 12:15:38.917  3567  3567 D NetworkManagement: enabling bandwidth control
09-09 12:15:39.084  3567  3567 D NetworkPolicy: setRestrictBackgroundUL(): false
09-09 12:15:39.192  3690  3816 E ActivityThread: Failed to find provider info for user_dictionary
09-09 12:15:39.212  3567  3567 I SystemServiceManager: Starting phase 600
09-09 12:15:39.241  3567  3567 D GestureLauncherService: Gesture launcher mEmergencyNumber = 112 hits = 3
09-09 12:15:39.242  3567  3567 D SensorNotificationService: Cannot obtain dynamic meta sensor, not supported.
09-09 12:15:39.249  3567  3567 D BrokerableCMSystemService: Third party apps ready
09-09 12:15:39.249  3567  3567 I BrokerableCMSystemService: Connecting to implementation
09-09 12:15:39.250  3567  3567 W ContextImpl: Calling a method in the system process without a qualified user: android.app.ContextImpl.bindService:1421 org.cyanogenmod.platform.internal.BrokerableCMSystemService.tryConnecting:199 org.cyanogenmod.platform.internal.BrokerableCMSystemService.onBootPhase:127 org.cyanogenmod.platform.internal.CMAudioServiceBroker.onBootPhase:58 com.android.server.SystemServiceManager.startBootPhase:143 
09-09 12:15:39.263  3567  3567 I ActivityManager: Start proc 3825:org.cyanogenmod.cmaudio.service/u0a3 for service org.cyanogenmod.cmaudio.service/.CMAudioService
09-09 12:15:39.283  3567  3567 W LocationManagerService: no network location provider found
09-09 12:15:39.291  3567  3567 E LocationManagerService: no geocoder provider found
09-09 12:15:39.291  3567  3567 D LocationManagerService: FLP HAL not supported
09-09 12:15:39.294  3567  3567 D LocationManagerService: Unable to bind FLP Geofence proxy.
09-09 12:15:39.296  3567  3567 D LocationManagerService: Hardware Activity-Recognition not supported.
09-09 12:15:39.298  3567  3567 D LocationManagerService: Unable to bind ActivityRecognitionProxy.
09-09 12:15:39.308  3567  3567 I MmsServiceBroker: Delay connecting to MmsService until an API is called
09-09 12:15:39.337  3567  3567 W VoiceInteractionManagerService: no available voice interaction services found for user 0
09-09 12:15:39.337  3567  3567 W VoiceInteractionManagerService: no available voice recognition services found for user 0
09-09 12:15:39.353  3567  3567 I ActivityManager: Start proc 3848:com.android.phone/1001 for added application com.android.phone
09-09 12:15:39.356  3567  3567 I ActivityManager: START u0 {act=android.intent.action.MAIN cat=[android.intent.category.HOME] flg=0x10000100 cmp=com.android.settings/.FallbackHome} from uid 0 on display 0
09-09 12:15:39.370  3567  3567 I ActivityManager: Loaded persisted task ids for user 0
09-09 12:15:39.386  3567  3567 I ActivityManager: Start proc 3868:com.android.settings/1000 for activity com.android.settings/.FallbackHome
09-09 12:15:39.389  3567  3567 I SystemServer: Enabled StrictMode for system server main thread.
09-09 12:15:39.458  3567  3567 D ConditionProviders.SCP: onConnected
09-09 12:15:39.461  3567  3567 D ZenLog  : set_zen_mode: off,readXml
09-09 12:15:39.470  3567  3567 D ConditionProviders: Subscribing to condition://android/event?userId=-10000&calendar=&reply=1 with ComponentInfo{android/com.android.server.notification.EventConditionProvider}
09-09 12:15:39.470  3567  3567 D ZenLog  : subscribe: condition://android/event?userId=-10000&calendar=&reply=1,ok
09-09 12:15:39.471  3567  3567 D ConditionProviders: Subscribing to condition://android/schedule?days=1.2.3.4.5&start=22.0&end=7.0&exitAtAlarm=false with ComponentInfo{android/com.android.server.notification.ScheduleConditionProvider}
09-09 12:15:39.471  3567  3567 D ZenLog  : subscribe: condition://android/schedule?days=1.2.3.4.5&start=22.0&end=7.0&exitAtAlarm=false,ok
09-09 12:15:39.472  3567  3567 D ConditionProviders: Subscribing to condition://android/schedule?days=6.7&start=23.30&end=10.0&exitAtAlarm=false with ComponentInfo{android/com.android.server.notification.ScheduleConditionProvider}
09-09 12:15:39.472  3567  3567 D ZenLog  : subscribe: condition://android/schedule?days=6.7&start=23.30&end=10.0&exitAtAlarm=false,ok
09-09 12:15:39.506  3567  3567 W ContextImpl: Calling a method in the system process without a qualified user: android.app.ContextImpl.startService:1357 com.android.server.content.SyncManager$13.run:658 android.os.Handler.handleCallback:751 android.os.Handler.dispatchMessage:95 android.os.Looper.loop:154 
09-09 12:15:39.509  3567  3567 D ZenLog  : set_zen_mode: off,cleanUpZenRules
09-09 12:15:39.533  3567  3582 W WindowManager: Keyguard drawn timeout. Setting mKeyguardDrawComplete
09-09 12:15:39.534  3567  3588 W LocalDisplayAdapter: Unable to find color mode 0, ignoring request.
09-09 12:15:39.543  3567  3588 W LocalDisplayAdapter: Unable to find color mode 0, ignoring request.
09-09 12:15:39.559  3567  3567 D BluetoothManagerService: Trying to bind to profile: 1, while Bluetooth was disabled
09-09 12:15:39.563  3567  3567 I Telecom : SystemStateProvider: Registering car mode receiver: android.content.IntentFilter@cbfd7e3: TS.init@AAA
09-09 12:15:39.579  3567  3911 I Telecom : Telecom: Non-call EVENT: AUDIO_ROUTE, Entering state QuiescentEarpieceRoute
09-09 12:15:39.583  3567  3913 I Telecom : CallAudioModeStateMachine: Message received: null.: TS.init->CAMSM.pM_1@AAA_0
09-09 12:15:39.621  3567  3567 I Telecom : ViceNotificationImpl: ViceNotificationImpl: TS.init@AAA
09-09 12:15:39.624  3567  3923 E ActivityThread: Failed to find provider info for call_log
09-09 12:15:39.625  3567  3567 D BluetoothManagerService: Trying to bind to profile: 1, while Bluetooth was disabled
09-09 12:15:39.626  3567  3567 I Telecom : BluetoothPhoneService: Ignoring IBluetoothDsdaService class not found exception : TS.init@AAA
09-09 12:15:39.630  3567  3567 I Telecom : Class: TelecomSystem.INSTANCE being set
09-09 12:15:39.630  3567  3567 W ContextImpl: Calling a method in the system process without a qualified user: android.app.ContextImpl.startService:1357 android.content.ContextWrapper.startService:613 com.android.server.telecom.components.TelecomService.initializeTelecomSystem:196 com.android.server.telecom.components.TelecomService.onBind:64 android.app.ActivityThread.handleBindService:3243 
09-09 12:15:39.691  3567  3567 V WiredAccessoryManager: init()
09-09 12:15:39.744  3567  3719 I StatusBarManagerService: registerStatusBar bar=com.android.internal.statusbar.IStatusBar$Stub$Proxy@8e740ea
09-09 12:15:39.832  3567  3581 W KeyguardServiceDelegate: onScreenTurningOn(): no keyguard service!
09-09 12:15:39.861  3567  3718 D CryptdConnector: SND -> {3 cryptfs getpw}
09-09 12:15:39.863  3070  3137 D VoldCryptCmdListener: cryptfs getpw
09-09 12:15:39.863  3567  3615 D CryptdConnector: RCV <- {200 3 -1}
09-09 12:15:39.865  3567  3718 D CryptdConnector: SND -> {4 cryptfs clearpw}
09-09 12:15:39.867  3070  3137 D VoldCryptCmdListener: cryptfs clearpw
09-09 12:15:39.867  3567  3615 D CryptdConnector: RCV <- {200 4 0}
09-09 12:15:39.882  3567  3567 I BrokerableCMSystemService: Implementation service connected
09-09 12:15:39.883  3567  3567 D ConditionProviders.SCP: onSubscribe condition://android/schedule?days=1.2.3.4.5&start=22.0&end=7.0&exitAtAlarm=false
09-09 12:15:39.884  3567  3567 D ConditionProviders.SCP: setRegistered true
09-09 12:15:39.885  3567  3567 D ConditionProviders.SCP: notifyCondition condition://android/schedule?days=1.2.3.4.5&start=22.0&end=7.0&exitAtAlarm=false STATE_FALSE reason=!meetsSchedule
09-09 12:15:39.888  3567  3567 D ConditionProviders.SCP: Scheduling evaluate for Sat Sep 09 22:00:00 GMT-03:00 2017 (1505005200000), in +9h44m20s116ms, now=Sat Sep 09 12:15:39 GMT-03:00 2017 (1504970139884)
09-09 12:15:39.888  3567  3567 D ConditionProviders.SCP: onSubscribe condition://android/schedule?days=6.7&start=23.30&end=10.0&exitAtAlarm=false
09-09 12:15:39.889  3567  3633 E ActivityThread: Failed to find provider info for com.android.calendar
09-09 12:15:39.890  3567  3633 E ActivityThread: Failed to find provider info for com.android.calendar
09-09 12:15:39.890  3567  3567 D ConditionProviders.SCP: notifyCondition condition://android/schedule?days=6.7&start=23.30&end=10.0&exitAtAlarm=false STATE_FALSE reason=!meetsSchedule
09-09 12:15:39.891  3567  3567 D ConditionProviders.SCP: notifyCondition condition://android/schedule?days=1.2.3.4.5&start=22.0&end=7.0&exitAtAlarm=false STATE_FALSE reason=!meetsSchedule
09-09 12:15:39.893  3567  3567 D ConditionProviders.SCP: Scheduling evaluate for Sat Sep 09 22:00:00 GMT-03:00 2017 (1505005200000), in +9h44m20s111ms, now=Sat Sep 09 12:15:39 GMT-03:00 2017 (1504970139889)
09-09 12:15:39.896  3567  3567 I Telecom : WiredHeadsetManager: ACTION_HEADSET_PLUG event, plugged in: false, : WHC.oADA@AAE
09-09 12:15:39.900  3567  3567 I ActivityManager: user 0 is still locked. Cannot load recents
09-09 12:15:39.992  3567  3581 I ActivityManager: Start proc 4029:com.android.cellbroadcastreceiver/u0a8 for broadcast com.android.cellbroadcastreceiver/.CellBroadcastReceiver
09-09 12:15:40.312  3567  3627 D ConnectivityService: Got NetworkFactory Messenger for PhoneSwitcherNetworkRequstListener
09-09 12:15:40.322  3567  3627 D ConnectivityService: Got NetworkFactory Messenger for TelephonyNetworkFactory[0]
09-09 12:15:40.323  3567  3627 D ConnectivityService: Got NetworkFactory Messenger for TelephonyNetworkFactory[1]
09-09 12:15:40.348  3848  4065 E ActivityThread: Failed to find provider info for com.android.contacts
09-09 12:15:40.353  3567  3867 D BluetoothManagerService: Trying to bind to profile: 1, while Bluetooth was disabled
09-09 12:15:40.401  3567  3579 I ActivityManager: Start proc 4070:org.cyanogenmod.weather.provider/u0a33 for content provider org.cyanogenmod.weather.provider/.WeatherContentProvider
09-09 12:15:40.518  3704  4090 E ActivityThread: Failed to find provider info for com.android.contacts
09-09 12:15:40.768  3567  3866 I Telecom : PhoneAccountRegistrar: New phone account registered: [[ ] PhoneAccount: ComponentInfo{com.android.phone/com.android.services.telephony.TelephonyConnectionService}, [e0184adedf913b076626646d3f52c3b49c39ad6d], UserHandle{0} Capabilities: CallProvider MultiUser PlaceEmerg SimSub  Audio Routes: BESW Schemes: tel voicemail  Extras: null GroupId: [da39a3ee5e6b4b0d3255bfef95601890afd80709]]: TSI.rPA@AAY
09-09 12:15:40.775  3567  3866 I Telecom : : Sending phone-account registered intent as user: TSI.rPA@AAY
09-09 12:15:40.778  3567  3718 W LocalDisplayAdapter: Unable to find color mode 0, ignoring request.
09-09 12:15:40.796  3567  3582 W LocalDisplayAdapter: Unable to find color mode 0, ignoring request.
09-09 12:15:40.807  3567  3867 I Telecom : : Sending phone-account unregistered intent as user: TSI.uPA@AAg
09-09 12:15:40.843  3567  3582 W WindowManager: Keyguard drawn timeout. Setting mKeyguardDrawComplete
09-09 12:15:40.916  3567  4091 I Telecom : PhoneAccountRegistrar: [ComponentInfo{com.android.phone/com.android.services.telephony.TelephonyConnectionService}, [e0184adedf913b076626646d3f52c3b49c39ad6d], UserHandle{0}(icon: Icon(typ=BITMAP size=67x84) -> Icon(typ=BITMAP size=67x84))]: TSI.rPA@AAo
09-09 12:15:40.920  3567  4091 I Telecom : : Sending phone-account registered intent as user: TSI.rPA@AAo
09-09 12:15:40.974  3567  4091 I Telecom : PhoneAccountRegistrar: [ComponentInfo{com.android.phone/com.android.services.telephony.TelephonyConnectionService}, [e0184adedf913b076626646d3f52c3b49c39ad6d], UserHandle{0}(icon: Icon(typ=BITMAP size=67x84) -> Icon(typ=BITMAP size=67x84))]: TSI.rPA@AA0
09-09 12:15:40.978  3567  4091 I Telecom : : Sending phone-account registered intent as user: TSI.rPA@AA0
09-09 12:15:40.994  3567  3579 I Telecom : PhoneAccountRegistrar: [ComponentInfo{com.android.phone/com.android.services.telephony.TelephonyConnectionService}, [e0184adedf913b076626646d3f52c3b49c39ad6d], UserHandle{0}(icon: Icon(typ=BITMAP size=67x84) -> Icon(typ=BITMAP size=67x84))]: TSI.rPA@AA4
09-09 12:15:40.998  3567  3579 I Telecom : : Sending phone-account registered intent as user: TSI.rPA@AA4
09-09 12:15:41.048  3567  3867 W LocalDisplayAdapter: Unable to find color mode 0, ignoring request.
09-09 12:15:41.064  3567  3866 I Telecom : PhoneAccountRegistrar: [ComponentInfo{com.android.phone/com.android.services.telephony.TelephonyConnectionService}, [e0184adedf913b076626646d3f52c3b49c39ad6d], UserHandle{0}(icon: Icon(typ=BITMAP size=67x84) -> Icon(typ=BITMAP size=67x84))]: TSI.rPA@ABE
09-09 12:15:41.068  3567  3866 I Telecom : : Sending phone-account registered intent as user: TSI.rPA@ABE
09-09 12:15:41.070  3567  3588 W LocalDisplayAdapter: Unable to find color mode 0, ignoring request.
09-09 12:15:41.088  3567  3867 I Telecom : PhoneAccountRegistrar: [ComponentInfo{com.android.phone/com.android.services.telephony.TelephonyConnectionService}, [e0184adedf913b076626646d3f52c3b49c39ad6d], UserHandle{0}(icon: Icon(typ=BITMAP size=67x84) -> Icon(typ=BITMAP size=67x84))]: TSI.rPA@ABI
09-09 12:15:41.092  3567  3867 I Telecom : : Sending phone-account registered intent as user: TSI.rPA@ABI
09-09 12:15:41.116  3567  3867 I Telecom : PhoneAccountRegistrar: [ComponentInfo{com.android.phone/com.android.services.telephony.TelephonyConnectionService}, [e0184adedf913b076626646d3f52c3b49c39ad6d], UserHandle{0}(icon: Icon(typ=BITMAP size=67x84) -> Icon(typ=BITMAP size=67x84))]: TSI.rPA@ABU
09-09 12:15:41.119  3567  3867 I Telecom : : Sending phone-account registered intent as user: TSI.rPA@ABU
09-09 12:15:41.140  3567  3578 I ActivityManager: Setting hasTopUi=true for pid=3704
09-09 12:15:41.202  3567  3581 I VrManagerService: VR mode is disallowed
09-09 12:15:41.246  3567  3588 W LocalDisplayAdapter: Unable to find color mode 0, ignoring request.
09-09 12:15:41.255  3567  3621 D WifiService: New client listening to asynchronous messages
09-09 12:15:41.285  3567  3867 W LocalDisplayAdapter: Unable to find color mode 0, ignoring request.
09-09 12:15:41.316  3848  3848 D MccTable: updateMccMncConfiguration mccmnc='72234' fromServiceState=false
09-09 12:15:41.317  3848  3848 D MccTable: updateMccMncConfiguration defaultMccMnc=
09-09 12:15:41.317  3848  3848 D MccTable: updateMccMncConfiguration: mcc=722, mnc=34
09-09 12:15:41.317  3848  3848 D MccTable: updateMccMncConfiguration updateConfig config={1.0 722mcc34mnc ?localeList ?layoutDir ?swdp ?wdp ?hdp ?density ?lsize ?long ?orien ?uimode ?night ?touch ?keyb/?/? ?nav/?}
09-09 12:15:41.318  3567  3866 I ActivityManager: Config changes=3 {1.0 722mcc34mnc [es_ES] ldltr sw411dp w411dp h773dp 560dpi nrml long port finger -keyb/v/h -nav/h s.7}
09-09 12:15:41.461  3567  3588 I WindowManager: Screen frozen for +128ms due to Window{c6fbcf1 u0 com.android.systemui.ImageWallpaper}
09-09 12:15:41.519  3567  3866 I ActivityManager: user 0 is still locked. Cannot load recents
09-09 12:15:41.605  3567  3719 I Telecom : PhoneAccountRegistrar: [ComponentInfo{com.android.phone/com.android.services.telephony.TelephonyConnectionService}, [e0184adedf913b076626646d3f52c3b49c39ad6d], UserHandle{0}(icon: Icon(typ=BITMAP size=67x84) -> Icon(typ=BITMAP size=67x84))]: TSI.rPA@ABY
09-09 12:15:41.609  3567  3719 I Telecom : : Sending phone-account registered intent as user: TSI.rPA@ABY
09-09 12:15:41.639  3567  3867 I Telecom : PhoneAccountRegistrar: [ComponentInfo{com.android.phone/com.android.services.telephony.TelephonyConnectionService}, [e0184adedf913b076626646d3f52c3b49c39ad6d], UserHandle{0}(icon: Icon(typ=BITMAP size=67x84) -> Icon(typ=BITMAP size=67x84))]: TSI.rPA@ABk
09-09 12:15:41.643  3567  3867 I Telecom : : Sending phone-account registered intent as user: TSI.rPA@ABk
09-09 12:15:41.656  3567  3867 I Telecom : PhoneAccountRegistrar: [ComponentInfo{com.android.phone/com.android.services.telephony.TelephonyConnectionService}, [e0184adedf913b076626646d3f52c3b49c39ad6d], UserHandle{0}(icon: Icon(typ=BITMAP size=67x84) -> Icon(typ=BITMAP size=67x84))]: TSI.rPA@ABo
09-09 12:15:41.659  3567  3867 I Telecom : : Sending phone-account registered intent as user: TSI.rPA@ABo
09-09 12:15:41.776  3848  3848 D MccTable: updateMccMncConfiguration mccmnc='72234' fromServiceState=false
09-09 12:15:41.776  3848  3848 D MccTable: updateMccMncConfiguration defaultMccMnc=72234
09-09 12:15:41.776  3848  3848 D MccTable: updateMccMncConfiguration: mcc=722, mnc=34
09-09 12:15:41.777  3848  3848 D MccTable: updateMccMncConfiguration updateConfig config={1.0 722mcc34mnc ?localeList ?layoutDir ?swdp ?wdp ?hdp ?density ?lsize ?long ?orien ?uimode ?night ?touch ?keyb/?/? ?nav/?}
09-09 12:15:41.903  3567  4091 I Telecom : PhoneAccountRegistrar: [ComponentInfo{com.android.phone/com.android.services.telephony.TelephonyConnectionService}, [e0184adedf913b076626646d3f52c3b49c39ad6d], UserHandle{0}(icon: Icon(typ=BITMAP size=67x84) -> Icon(typ=BITMAP size=67x84))]: TSI.rPA@AB0
09-09 12:15:41.906  3567  4091 I Telecom : : Sending phone-account registered intent as user: TSI.rPA@AB0
09-09 12:15:42.105  3567  3866 I Telecom : PhoneAccountRegistrar: New phone account registered: [[ ] PhoneAccount: ComponentInfo{com.android.phone/com.android.services.telephony.TelephonyConnectionService}, [2628372b20c6b31a61c46f7f5a9328dbf0edaed6], UserHandle{0} Capabilities: CallProvider MultiUser PlaceEmerg SimSub  Audio Routes: BESW Schemes: tel voicemail  Extras: null GroupId: [da39a3ee5e6b4b0d3255bfef95601890afd80709]]: TSI.rPA@AB4
09-09 12:15:42.111  3567  3866 I Telecom : : Sending phone-account registered intent as user: TSI.rPA@AB4
09-09 12:15:42.126  3567  4091 I Telecom : : Sending phone-account unregistered intent as user: TSI.uPA@ACA
09-09 12:15:42.229  3567  3718 I Telecom : PhoneAccountRegistrar: [ComponentInfo{com.android.phone/com.android.services.telephony.TelephonyConnectionService}, [2628372b20c6b31a61c46f7f5a9328dbf0edaed6], UserHandle{0}(icon: Icon(typ=BITMAP size=84x84) -> Icon(typ=BITMAP size=84x84))]: TSI.rPA@ACI
09-09 12:15:42.233  3567  3718 I Telecom : : Sending phone-account registered intent as user: TSI.rPA@ACI
09-09 12:15:42.280  3567  3867 I Telecom : PhoneAccountRegistrar: [ComponentInfo{com.android.phone/com.android.services.telephony.TelephonyConnectionService}, [2628372b20c6b31a61c46f7f5a9328dbf0edaed6], UserHandle{0}(icon: Icon(typ=BITMAP size=84x84) -> Icon(typ=BITMAP size=84x84))]: TSI.rPA@ACU
09-09 12:15:42.284  3567  3867 I Telecom : : Sending phone-account registered intent as user: TSI.rPA@ACU
09-09 12:15:42.308  3567  4091 I ActivityManager: Start proc 4129:com.android.carrierconfig/u0a5 for service com.android.carrierconfig/.DefaultCarrierConfigService
09-09 12:15:42.332  3567  3580 I SyncManager: Got SyncJobService instance.
09-09 12:15:42.381  3567  3719 I Telecom : PhoneAccountRegistrar: [ComponentInfo{com.android.phone/com.android.services.telephony.TelephonyConnectionService}, [2628372b20c6b31a61c46f7f5a9328dbf0edaed6], UserHandle{0}(icon: Icon(typ=BITMAP size=84x84) -> Icon(typ=BITMAP size=84x84))]: TSI.rPA@ACg
09-09 12:15:42.385  3567  3719 I Telecom : : Sending phone-account registered intent as user: TSI.rPA@ACg
09-09 12:15:42.430  3567  3718 I Telecom : PhoneAccountRegistrar: [ComponentInfo{com.android.phone/com.android.services.telephony.TelephonyConnectionService}, [2628372b20c6b31a61c46f7f5a9328dbf0edaed6], UserHandle{0}(icon: Icon(typ=BITMAP size=84x84) -> Icon(typ=BITMAP size=84x84))]: TSI.rPA@ACs
09-09 12:15:42.435  3567  3718 I Telecom : : Sending phone-account registered intent as user: TSI.rPA@ACs
09-09 12:15:42.481  3567  3866 I Telecom : PhoneAccountRegistrar: [ComponentInfo{com.android.phone/com.android.services.telephony.TelephonyConnectionService}, [2628372b20c6b31a61c46f7f5a9328dbf0edaed6], UserHandle{0}(icon: Icon(typ=BITMAP size=84x84) -> Icon(typ=BITMAP size=84x84))]: TSI.rPA@AC4
09-09 12:15:42.485  3567  3866 I Telecom : : Sending phone-account registered intent as user: TSI.rPA@AC4
09-09 12:15:42.670  3567  3567 I Telecom : PhoneAccountRegistrar: SimCallManager queried, returning: null: TSI.gSCMFU@AC8
09-09 12:15:42.698  3567  3719 I Telecom : PhoneAccountRegistrar: [ComponentInfo{com.android.phone/com.android.services.telephony.TelephonyConnectionService}, [2628372b20c6b31a61c46f7f5a9328dbf0edaed6], UserHandle{0}(icon: Icon(typ=BITMAP size=84x84) -> Icon(typ=BITMAP size=84x84))]: TSI.rPA@ADA
09-09 12:15:42.702  3567  3719 I Telecom : : Sending phone-account registered intent as user: TSI.rPA@ADA
09-09 12:15:42.791  3567  3719 I Telecom : PhoneAccountRegistrar: [ComponentInfo{com.android.phone/com.android.services.telephony.TelephonyConnectionService}, [2628372b20c6b31a61c46f7f5a9328dbf0edaed6], UserHandle{0}(icon: Icon(typ=BITMAP size=84x84) -> Icon(typ=BITMAP size=84x84))]: TSI.rPA@ADM
09-09 12:15:42.794  3567  3719 I Telecom : : Sending phone-account registered intent as user: TSI.rPA@ADM
09-09 12:15:42.950  3567  4091 I Telecom : PhoneAccountRegistrar: [ComponentInfo{com.android.phone/com.android.services.telephony.TelephonyConnectionService}, [2628372b20c6b31a61c46f7f5a9328dbf0edaed6], UserHandle{0}(icon: Icon(typ=BITMAP size=84x84) -> Icon(typ=BITMAP size=84x84))]: TSI.rPA@ADQ
09-09 12:15:42.955  3567  4091 I Telecom : : Sending phone-account registered intent as user: TSI.rPA@ADQ
09-09 12:15:43.007  3567  3578 I Telecom : PhoneAccountRegistrar: [ComponentInfo{com.android.phone/com.android.services.telephony.TelephonyConnectionService}, [2628372b20c6b31a61c46f7f5a9328dbf0edaed6], UserHandle{0}(icon: Icon(typ=BITMAP size=84x84) -> Icon(typ=BITMAP size=84x84))]: TSI.rPA@ADc
09-09 12:15:43.011  3567  3578 I Telecom : : Sending phone-account registered intent as user: TSI.rPA@ADc
09-09 12:15:44.117  3848  3848 D MccTable: updateMccMncConfiguration mccmnc='72234' fromServiceState=true
09-09 12:15:44.117  3848  3848 D MccTable: updateMccMncConfiguration defaultMccMnc=72234
09-09 12:15:44.117  3848  3848 D MccTable: updateMccMncConfiguration: mcc=722, mnc=34
09-09 12:15:44.117  3848  3848 D MccTable: WIFI_COUNTRY_CODE set to ar
09-09 12:15:44.120  3567  3579 I WifiService: WifiService trying to set country code to ar with persist set to false
09-09 12:15:44.384  3567  3579 I Telecom : PhoneAccountRegistrar: [ComponentInfo{com.android.phone/com.android.services.telephony.TelephonyConnectionService}, [2628372b20c6b31a61c46f7f5a9328dbf0edaed6], UserHandle{0}(icon: Icon(typ=BITMAP size=84x84) -> Icon(typ=BITMAP size=84x84))]: TSI.rPA@ADg
09-09 12:15:44.387  3567  3579 I Telecom : : Sending phone-account registered intent as user: TSI.rPA@ADg
09-09 12:15:44.411  3567  3579 I Telecom : PhoneAccountRegistrar: [ComponentInfo{com.android.phone/com.android.services.telephony.TelephonyConnectionService}, [2628372b20c6b31a61c46f7f5a9328dbf0edaed6], UserHandle{0}(icon: Icon(typ=BITMAP size=84x84) -> Icon(typ=BITMAP size=84x84))]: TSI.rPA@ADs
09-09 12:15:44.415  3567  3579 I Telecom : : Sending phone-account registered intent as user: TSI.rPA@ADs
09-09 12:15:45.390  3567  3588 I SystemServiceManager: Starting phase 1000
09-09 12:15:45.434  3567  3685 E LiveDisplay: Color temperature out of range: 0
09-09 12:15:45.451  3567  3588 I ActivityManager: Start proc 4153:android.ext.services/u0a11 for on-hold
09-09 12:15:45.452  3567  3588 D ActivityManager: Finishing user boot 0
09-09 12:15:45.453  3567  3588 D CryptdConnector: SND -> {5 cryptfs prepare_user_storage ! 0 0 2}
09-09 12:15:45.455  3070  3137 D vold    : e4crypt_prepare_user_storage for volume null, user 0, serial 0, flags 2
09-09 12:15:45.455  3070  3137 D vold    : Preparing: /data/system_ce/0
09-09 12:15:45.455  3070  3137 D vold    : Preparing: /data/misc_ce/0
09-09 12:15:45.455  3070  3137 D vold    : Preparing: /data/media/0
09-09 12:15:45.455  3070  3137 D vold    : Preparing: /data/data
09-09 12:15:45.455  3567  3615 D CryptdConnector: RCV <- {200 5 Command succeeded}
09-09 12:15:45.457  3567  3588 V UserManagerService: Found /data/user/0 with serial number 0
09-09 12:15:45.457  3567  3588 V UserManagerService: Found /data/system_ce/0 with serial number 0
09-09 12:15:45.457  3567  3588 V PackageManager: reconcileAppsData for null u0 0x2
09-09 12:15:45.583  3567  3588 V PackageManager: reconcileAppsData finished 93 packages
09-09 12:15:45.584  3567  3627 D ConnectivityService: Got NetworkFactory Messenger for WIFI
09-09 12:15:45.584  3567  3627 D ConnectivityService: Got NetworkFactory Messenger for WIFI_UT
09-09 12:15:45.586  3567  3581 D BluetoothManagerService: User 0 unlocked
09-09 12:15:45.587  3567  3581 D MountService: onUnlockUser 0
09-09 12:15:45.587  3567  3587 D BluetoothManagerService: MESSAGE_USER_UNLOCKED
09-09 12:15:45.587  3567  3581 D VoldConnector: SND -> {6 volume user_started 0}
09-09 12:15:45.589  3070  3136 D vold    : Linking /storage/emulated/0 to /mnt/user/0/primary
09-09 12:15:45.589  3567  3614 D VoldConnector: RCV <- {200 6 Command succeeded}
09-09 12:15:45.593  3567  3613 D MountService: Volume emulated broadcasting mounted to UserHandle{0}
09-09 12:15:45.600  3567  3567 I ActivityManager: Start proc 4179:com.android.deskclock/u0a47 for broadcast com.android.deskclock/.AlarmInitReceiver
09-09 12:15:45.623  3567  3581 V BackupManagerService: No ancestral data
09-09 12:15:45.683  3567  3581 V BackupManagerService: Starting with transport com.google.android.gms/.backup.BackupTransportService
09-09 12:15:45.684  3567  3581 V BackupManagerService: Found transports: 1
09-09 12:15:45.687  3567  3581 I BackupManagerService: Backup enabled => false
09-09 12:15:45.715  3567  3567 V BackupManagerService: Connected to transport ComponentInfo{android/com.android.internal.backup.LocalTransportService}
09-09 12:15:45.716  3567  3567 V BackupManagerService: Registering transport android/com.android.internal.backup.LocalTransportService::android/com.android.internal.backup.LocalTransport = android.app.backup.BackupTransport$TransportImpl@335978c
09-09 12:15:45.763  3567  4193 V KeyValueBackupJob: Scheduling k/v pass in 248 minutes
09-09 12:15:45.789  3567  3581 W VoiceInteractionManagerService: no available voice interaction services found for user 0
09-09 12:15:45.789  3567  3581 W VoiceInteractionManagerService: no available voice recognition services found for user 0
09-09 12:15:45.790  3567  3581 I BrokerableCMSystemService: Connecting to implementation
09-09 12:15:45.790  3567  3581 W ContextImpl: Calling a method in the system process without a qualified user: android.app.ContextImpl.bindService:1421 org.cyanogenmod.platform.internal.BrokerableCMSystemService.tryConnecting:199 org.cyanogenmod.platform.internal.WeatherManagerServiceBroker.onUnlockUser:97 com.android.server.SystemServiceManager.unlockUser:179 com.android.server.am.ActivityManagerService$MainHandler.handleMessage:2067 
09-09 12:15:45.803  3567  3581 I ActivityManager: Start proc 4201:org.cyanogenmod.weatherservice/u0a30 for service org.cyanogenmod.weatherservice/.WeatherManagerService
09-09 12:15:45.803  3567  3581 I ActivityManager: Loading recents for user 0 into memory.
09-09 12:15:45.817  3567  3581 I ActivityManager: Start proc 4216:org.cyanogenmod.audiofx/u0a2 for added application org.cyanogenmod.audiofx
09-09 12:15:45.821  3567  4193 I BackupManagerService: Found stale backup journal, scheduling
09-09 12:15:45.846  3567  3581 I ActivityManager: Start proc 4230:com.android.nfc/1027 for added application com.android.nfc
09-09 12:15:45.861  3567  3581 D ActivityManager: Sending BOOT_COMPLETE user #0
09-09 12:15:45.900  3567  3718 I ActivityManager: Start proc 4256:com.android.smspush/u0a60 for service com.android.smspush/.WapPushManager
09-09 12:15:45.930  3567  3908 I ActivityManager: Start proc 4273:com.android.keychain/1000 for service com.android.keychain/.KeyChainService
09-09 12:15:45.938  3567  3578 I ActivityManager: START u0 {act=android.intent.action.MAIN cat=[android.intent.category.HOME] flg=0x10000100 cmp=com.cyanogenmod.trebuchet/com.android.launcher3.Launcher} from uid 0 on display 0
09-09 12:15:45.960  3567  4255 I ActivityManager: Start proc 4287:com.cyanogenmod.trebuchet/u0a28 for activity com.cyanogenmod.trebuchet/com.android.launcher3.Launcher
09-09 12:15:45.971  3567  3581 I VrManagerService: VR mode is allowed
09-09 12:15:46.084  3567  3567 I BrokerableCMSystemService: Implementation service connected
09-09 12:15:46.191  3567  4091 I ActivityManager: Start proc 4314:android.process.media/u0a9 for broadcast com.android.providers.downloads/.DownloadReceiver
09-09 12:15:46.288  3567  3578 I Telecom : PhoneAccountRegistrar: [ComponentInfo{com.android.phone/com.android.services.telephony.TelephonyConnectionService}, [2628372b20c6b31a61c46f7f5a9328dbf0edaed6], UserHandle{0}(icon: Icon(typ=BITMAP size=84x84) -> Icon(typ=BITMAP size=84x84))]: TSI.rPA@AD0
09-09 12:15:46.292  3567  3578 I Telecom : : Sending phone-account registered intent as user: TSI.rPA@AD0
09-09 12:15:46.337  3567  3866 I Telecom : PhoneAccountRegistrar: [ComponentInfo{com.android.phone/com.android.services.telephony.TelephonyConnectionService}, [2628372b20c6b31a61c46f7f5a9328dbf0edaed6], UserHandle{0}(icon: Icon(typ=BITMAP size=84x84) -> Icon(typ=BITMAP size=84x84))]: TSI.rPA@AEA
09-09 12:15:46.341  3567  3866 I Telecom : : Sending phone-account registered intent as user: TSI.rPA@AEA
09-09 12:15:46.547  3567  4252 I ActivityManager: Start proc 4348:com.cyanogenmod.eleven/u0a12 for broadcast com.cyanogenmod.eleven/.appwidgets.AppWidgetLarge
09-09 12:15:46.683  3567  4253 I ActivityManager: Start proc 4381:com.cyanogenmod.lockclock/u0a53 for broadcast com.cyanogenmod.lockclock/.ClockWidgetProvider
09-09 12:15:46.870  3567  4091 I ActivityManager: Start proc 4402:org.cyanogenmod.cmparts/1000 for broadcast org.cyanogenmod.cmparts/.BootReceiver
09-09 12:15:47.152  3567  3567 I ActivityManager: Start proc 4421:com.android.dialer/u0a17 for broadcast com.android.dialer/.calllog.CallLogReceiver
09-09 12:15:47.157  3567  4420 I BootReceiver: Copying /proc/last_kmsg to DropBox (SYSTEM_LAST_KMSG)
09-09 12:15:47.175  3567  4420 I BootReceiver: Copying audit failures to DropBox
09-09 12:15:47.295  3567  4420 I BootReceiver: Copied 0 worth of audits to DropBox
09-09 12:15:47.298  3567  4420 I BootReceiver: Checking for fsck errors
09-09 12:15:47.322  3567  3579 I ActivityManager: Start proc 4441:com.cyanogenmod.settings.device/1000 for broadcast com.cyanogenmod.settings.device/.BootCompletedReceiver
09-09 12:15:47.347  3567  4254 I ActivityManager: Start proc 4455:android.process.acore/u0a0 for content provider com.android.providers.contacts/.CallLogProvider
09-09 12:15:47.373  3567  3567 I Telecom : PhoneAccountRegistrar: SimCallManager queried, returning: null: TSI.gSCMFU@AEI
09-09 12:15:47.388  3567  3567 I Telecom : PhoneAccountRegistrar: SimCallManager queried, returning: null: TSI.gSCMFU@AEM
09-09 12:15:47.483  3567  3719 I ActivityManager: Start proc 4474:com.android.calendar/u0a38 for broadcast com.android.calendar/.alerts.AlertReceiver
09-09 12:15:47.784  3567  3718 I ActivityManager: Start proc 4502:com.android.email/u0a58 for broadcast com.android.email/.service.EmailBroadcastReceiver
09-09 12:15:47.805  3567  3866 I ActivityManager: Start proc 4516:com.android.providers.calendar/u0a4 for content provider com.android.providers.calendar/.CalendarProvider2
09-09 12:15:48.018  3567  3622 D ConnectivityService: registerNetworkAgent NetworkAgentInfo{ ni{[type: WIFI[], state: CONNECTING/CONNECTING, reason: (unspecified), extra: "FevaX", failover: false, available: true, roaming: false, metered: false]}  network{100}  nethandle{429513165534}  lp{{LinkAddresses: []  Routes: [] DnsAddresses: [] Domains: null MTU: 0}}  nc{[ Transports: WIFI Capabilities: NOT_METERED&INTERNET&NOT_RESTRICTED&TRUSTED&NOT_VPN LinkUpBandwidth>=1048576Kbps LinkDnBandwidth>=1048576Kbps]}  Score{20}  everValidated{false}  lastValidated{false}  created{false} lingering{false} explicitlySelected{false} acceptUnvalidated{false} everCaptivePortalDetected{false} lastCaptivePortalDetected{false} }
09-09 12:15:48.018  3567  3627 D ConnectivityService: NetworkAgentInfo [WIFI () - 100] EVENT_NETWORK_INFO_CHANGED, going from null to CONNECTING
09-09 12:15:48.149  3567  4255 I ActivityManager: Start proc 4547:com.android.exchange/u0a46 for service com.android.exchange/.service.EasService
09-09 12:15:48.182  4502  4561 D ActivityThread: Loading provider com.android.email.provider;com.android.email.notifier: com.android.email.provider.EmailProvider
09-09 12:15:48.198  4502  4562 D ActivityThread: Loading provider com.android.email.provider;com.android.email.notifier: com.android.email.provider.EmailProvider
09-09 12:15:48.246  3567  3627 D ConnectivityService: NetworkAgentInfo [WIFI () - 100] EVENT_NETWORK_INFO_CHANGED, going from CONNECTING to CONNECTED
09-09 12:15:48.248  3567  3627 D ConnectivityService: Adding iface wlan0 to network 100
09-09 12:15:48.272  3567  3627 D ConnectivityService: Setting DNS servers for network 100 to [/192.168.1.1]
09-09 12:15:48.294  3567  3627 D ConnectivityService: Switching to new default network: NetworkAgentInfo{ ni{[type: WIFI[], state: CONNECTED/CONNECTED, reason: (unspecified), extra: "FevaX", failover: false, available: true, roaming: false, metered: false]}  network{100}  nethandle{429513165534}  lp{{InterfaceName: wlan0 LinkAddresses: [fe80::3207:4dff:fe69:a500/64,192.168.1.8/24,]  Routes: [fe80::/64 -> :: wlan0,192.168.1.0/24 -> 0.0.0.0 wlan0,0.0.0.0/0 -> 192.168.1.1 wlan0,] DnsAddresses: [192.168.1.1,] Domains: Home MTU: 0 TcpBufferSizes: 524288,1048576,2097152,262144,524288,1048576}}  nc{[ Transports: WIFI Capabilities: NOT_METERED&INTERNET&NOT_RESTRICTED&TRUSTED&NOT_VPN&FOREGROUND LinkUpBandwidth>=1048576Kbps LinkDnBandwidth>=1048576Kbps SignalStrength: -39]}  Score{20}  everValidated{false}  lastValidated{false}  created{true} lingering{false} explicitlySelected{false} acceptUnvalidated{false} everCaptivePortalDetected{false} lastCaptivePortalDetected{false} }
09-09 12:15:48.324  3567  3627 D ConnectivityService: Sending CONNECTED broadcast for type 1 NetworkAgentInfo [WIFI () - 100] isDefaultNetwork=true
09-09 12:15:48.382  3567  3578 I ActivityManager: Start proc 4583:com.android.managedprovisioning/u0a16 for broadcast com.android.managedprovisioning/.BootReminder
09-09 12:15:48.511  3567  3719 I ActivityManager: Start proc 4601:com.android.messaging/u0a63 for broadcast com.android.messaging/.receiver.BootAndPackageReplacedReceiver
09-09 12:15:48.540  3567  4091 W ActivityManager: Unable to start service Intent { cmp=com.android.email/.service.AttachmentService } U=0: not found
09-09 12:15:48.541  3567  3719 W ActivityManager: Unable to start service Intent { cmp=com.android.email/.service.AttachmentService } U=0: not found
09-09 12:15:48.621  3567  4255 W ActivityManager: Unable to start service Intent { cmp=com.android.email/.service.AttachmentService } U=0: not found
09-09 12:15:48.625  3567  3627 D ConnectivityService: NetworkAgentInfo [WIFI () - 100] validation passed
09-09 12:15:48.837  3567  3866 I ActivityManager: Start proc 4628:com.android.onetimeinitializer/u0a18 for broadcast com.android.onetimeinitializer/.OneTimeInitializerReceiver
09-09 12:15:48.956  3567  4255 D MmsServiceBroker: getCarrierConfigValues() by com.android.messaging
09-09 12:15:48.956  3567  4255 W MmsServiceBroker: MmsService not connected. Try connecting...
09-09 12:15:48.956  3567  3567 I MmsServiceBroker: Connecting to MmsService
09-09 12:15:48.956  3567  3567 W ContextImpl: Calling a method in the system process without a qualified user: android.app.ContextImpl.bindService:1421 com.android.server.MmsServiceBroker.tryConnecting:241 com.android.server.MmsServiceBroker.-wrap3:-1 com.android.server.MmsServiceBroker$1.handleMessage:83 android.os.Handler.dispatchMessage:102 
09-09 12:15:48.974  3567  3567 I MmsServiceBroker: MmsService connected
09-09 12:15:49.032  3567  4252 D MmsServiceBroker: getCarrierConfigValues() by com.android.messaging
09-09 12:15:49.079  3567  3579 D MmsServiceBroker: getCarrierConfigValues() by com.android.messaging
09-09 12:15:49.575  3567  3567 D ConditionProviders.SCP: onReceive android.intent.action.TIME_SET
09-09 12:15:49.575  3567  3567 D ConditionProviders.SCP: notifyCondition condition://android/schedule?days=6.7&start=23.30&end=10.0&exitAtAlarm=false STATE_FALSE reason=!meetsSchedule
09-09 12:15:49.576  3567  3567 D ConditionProviders.SCP: notifyCondition condition://android/schedule?days=1.2.3.4.5&start=22.0&end=7.0&exitAtAlarm=false STATE_FALSE reason=!meetsSchedule
09-09 12:15:49.578  3567  3567 D ConditionProviders.SCP: Scheduling evaluate for Sat Sep 09 22:00:00 GMT-03:00 2017 (1505005200000), in +9h44m10s425ms, now=Sat Sep 09 12:15:49 GMT-03:00 2017 (1504970149575)
09-09 12:15:49.601  3567  4091 I ActivityManager: Start proc 4683:org.lineageos.updater/u0a27 for broadcast org.lineageos.updater/.UpdatesCheckReceiver
09-09 12:15:49.988  3567  3578 I BroadcastQueue: Delay finish: com.cyanogenmod.lockclock/.ClockWidgetProvider
09-09 12:15:50.027  3567  3867 I BroadcastQueue: Resuming delayed broadcast
09-09 12:15:50.145  3567  3866 I BroadcastQueue: Delay finish: com.android.calendar/.widget.CalendarAppWidgetProvider
09-09 12:15:50.161  3567  4252 I BroadcastQueue: Resuming delayed broadcast
09-09 12:15:52.985  3567  3718 I ActivityManager: Setting hasTopUi=false for pid=3704
09-09 12:15:53.619  3567  3586 I UsbPortManager: USB port changed: port=UsbPort{id=otg_default, supportedModes=dual}, status=UsbPortStatus{connected=false, currentMode=none, currentPowerRole=no-power, currentDataRole=no-data, supportedRoleCombinations=[no-power:no-data]}, canChangeMode=true, canChangePowerRole=false, canChangeDataRole=false
09-09 12:15:53.644  3567  3584 E BatteryStatsService: no controller energy info supplied
09-09 12:15:53.664  3567  3584 I BatteryStatsImpl: Resetting battery stats: level=99 status=2 dischargeLevel=99 lowAmount=0 highAmount=0
09-09 12:15:55.457  3567  4255 D ConnectivityService: registerNetworkAgent NetworkAgentInfo{ ni{[type: MOBILE[HSPA+], state: CONNECTED/CONNECTED, reason: connected, extra: gprs.personal.com, failover: false, available: true, roaming: false, metered: true]}  network{101}  nethandle{433808132830}  lp{{InterfaceName: rmnet1 LinkAddresses: [186.127.241.165/32,]  Routes: [0.0.0.0/0 -> 186.127.241.1 rmnet1,] DnsAddresses: [181.88.86.164,181.88.86.156,] Domains: null MTU: 1500 TcpBufferSizes: 40778,244668,734003,16777,100663,301990}}  nc{[ Transports: CELLULAR Capabilities: SUPL&INTERNET&NOT_RESTRICTED&TRUSTED&NOT_VPN LinkUpBandwidth>=5898Kbps LinkDnBandwidth>=14336Kbps Specifier: <1>]}  Score{10}  everValidated{false}  lastValidated{false}  created{false} lingering{false} explicitlySelected{false} acceptUnvalidated{false} everCaptivePortalDetected{false} lastCaptivePortalDetected{false} }
09-09 12:15:55.457  3567  3627 D ConnectivityService: NetworkAgentInfo [MOBILE (HSPA+) - 101] EVENT_NETWORK_INFO_CHANGED, going from null to CONNECTED
09-09 12:15:55.459  3567  3627 D ConnectivityService: Adding iface rmnet1 to network 101
09-09 12:15:55.481  3567  3627 D ConnectivityService: Setting DNS servers for network 101 to [/181.88.86.164, /181.88.86.156]
09-09 12:15:55.501  3567  3627 D ConnectivityService: Reaping NetworkAgentInfo [MOBILE (HSPA+) - 101]
09-09 12:15:55.502  3567  3627 D ConnectivityService: NetworkAgentInfo [MOBILE (HSPA+) - 101] got DISCONNECTED, was satisfying 3
09-09 12:15:57.756  3567  3580 I ActivityManager: Start proc 4753:com.android.printspooler/u0a57 for service com.android.printspooler/.model.PrintSpoolerService
09-09 12:16:00.947  3567  3866 D MmsServiceBroker: getCarrierConfigValues() by com.android.messaging
09-09 12:16:00.961  3567  3867 I Telecom : PhoneAccountRegistrar: [ComponentInfo{com.android.phone/com.android.services.telephony.TelephonyConnectionService}, [2628372b20c6b31a61c46f7f5a9328dbf0edaed6], UserHandle{0}(icon: Icon(typ=BITMAP size=84x84) -> Icon(typ=BITMAP size=84x84))]: TSI.rPA@AE0
09-09 12:16:00.964  3567  3867 I Telecom : : Sending phone-account registered intent as user: TSI.rPA@AE0
09-09 12:16:01.018  3567  4091 I Telecom : PhoneAccountRegistrar: [ComponentInfo{com.android.phone/com.android.services.telephony.TelephonyConnectionService}, [2628372b20c6b31a61c46f7f5a9328dbf0edaed6], UserHandle{0}(icon: Icon(typ=BITMAP size=84x84) -> Icon(typ=BITMAP size=84x84))]: TSI.rPA@AFE
09-09 12:16:01.022  3567  4091 I Telecom : : Sending phone-account registered intent as user: TSI.rPA@AFE
09-09 12:16:02.046  3567  3581 I ActivityManager: Waited long enough for: ServiceRecord{99a04e7 u0 com.cyanogenmod.lockclock/.weather.WeatherSourceListenerService}
09-09 12:16:02.048  3567  3581 I ActivityManager: Waited long enough for: ServiceRecord{5bca894 u0 com.cyanogenmod.lockclock/.DeviceStatusService}
09-09 12:16:02.964  3567  3581 I ActivityManager: Waited long enough for: ServiceRecord{1fba330 u0 com.android.calendar/.alerts.InitAlarmsService}
09-09 12:16:03.940  3567  3581 I ActivityManager: Waited long enough for: ServiceRecord{8900805 u0 com.android.email/.service.LegacyImapSyncAdapterService}
09-09 12:16:07.187  3567  3718 I ActivityManager: START u0 {act=android.intent.action.MAIN cat=[android.intent.category.LAUNCHER] flg=0x10200000 cmp=com.android.documentsui/.LauncherActivity (has extras)} from uid 10028 on display 0
09-09 12:16:07.235  3567  4255 I ActivityManager: Start proc 4787:com.android.documentsui/u0a10 for activity com.android.documentsui/.LauncherActivity
09-09 12:16:07.318  3567  4253 I ActivityManager: Start proc 4805:com.android.externalstorage/u0a15 for content provider com.android.externalstorage/.ExternalStorageProvider
09-09 12:16:07.334  3567  4255 I ActivityManager: START u0 {dat=//com.android.documentsui.launchControl flg=0x10200000 cmp=com.android.documentsui/.FilesActivity} from uid 10010 on display 0
09-09 12:16:07.429  3567  4253 I ActivityManager: Start proc 4821:com.android.mtp/u0a9 for content provider com.android.mtp/.MtpDocumentsProvider
09-09 12:16:07.570  3567  3579 D VoldConnector: SND -> {7 appfuse mount 10009 4821 MtpDocumentsProvider}
09-09 12:16:07.573  3567  3614 D VoldConnector: RCV <- {200 7 AppFuse command succeeded}
09-09 12:16:10.910  3567  3581 I ActivityManager: Killing 4070:org.cyanogenmod.weather.provider/u0a33 (adj 906): empty #17
09-09 12:16:10.931  3567  3719 D ActivityManager: cleanUpApplicationRecord -- 4070
09-09 12:16:16.790  3567  3867 I ActivityManager: START u0 {act=android.intent.action.VIEW dat=content://com.android.externalstorage.documents/document/primary:Download/org.telegram.messenger_4.3.1.apk typ=application/vnd.android.package-archive flg=0x3 cmp=com.android.packageinstaller/.PackageInstallerActivity} from uid 10010 on display 0
09-09 12:16:16.827  3567  4254 I ActivityManager: Start proc 4880:com.android.packageinstaller/u0a24 for activity com.android.packageinstaller/.PackageInstallerActivity
09-09 12:16:16.848  3567  3581 I ActivityManager: Killing 4273:com.android.keychain/1000 (adj 906): empty #17
09-09 12:16:16.895  3567  3718 D ActivityManager: cleanUpApplicationRecord -- 4273
09-09 12:16:17.115  4880  4880 W PackageParser: Unknown element under <manifest>: meta-data at /data/user_de/0/com.android.packageinstaller/cache/package89557201.apk Binary XML file line #115
09-09 12:16:18.346  3567  3718 I ActivityManager: START u0 {act=android.settings.SECURITY_SETTINGS cmp=com.android.settings/.Settings$SecuritySettingsActivity} from uid 10024 on display 0
09-09 12:16:18.664  3567  3718 E UserRestrictionsUtils: Unknown restriction: null
09-09 12:16:18.683  3567  4253 E UserRestrictionsUtils: Unknown restriction: null
09-09 12:16:18.684  3567  4252 E UserRestrictionsUtils: Unknown restriction: null
09-09 12:16:18.685  3567  3719 E UserRestrictionsUtils: Unknown restriction: null
09-09 12:16:18.685  3567  4255 E UserRestrictionsUtils: Unknown restriction: null
09-09 12:16:18.686  3567  3866 E UserRestrictionsUtils: Unknown restriction: null
09-09 12:16:22.821  3567  3867 W InputMethodManagerService: Window already focused, ignoring focus gain of: com.android.internal.view.IInputMethodClient$Stub$Proxy@3dfadb6 attribute=null, token = android.os.BinderProxy@f77b71d
09-09 12:16:24.245  3567  3581 I ActivityManager: Killing 4348:com.cyanogenmod.eleven/u0a12 (adj 906): empty #17
09-09 12:16:24.281  3567  3718 D ActivityManager: cleanUpApplicationRecord -- 4348
09-09 12:16:25.539  3567  3578 I ActivityManager: START u0 {act=android.intent.action.VIEW dat=content://com.android.externalstorage.documents/document/primary:Download/org.telegram.messenger_4.3.1.apk typ=application/vnd.android.package-archive flg=0x3 cmp=com.android.packageinstaller/.PackageInstallerActivity} from uid 10010 on display 0
09-09 12:16:25.752  4880  4880 W PackageParser: Unknown element under <manifest>: meta-data at /data/user_de/0/com.android.packageinstaller/cache/package607153280.apk Binary XML file line #115
