11-11 13:41:59.525  3614  5178 I Telecom : CallAudioRouteStateMachine: Message received: SWITCH_BASELINE_ROUTE=1005, arg1=0: WHC.oADR->CARSM.pM_DISCONNECT_WIRED_HEADSET->CARSM.pM_SWITCH_BASELINE_ROUTE@AG0_0_0
11-11 13:41:59.526  3614  5178 I Telecom : CallAudioRouteStateMachine: Message received: SWITCH_EARPIECE=1001, arg1=0: WHC.oADR->CARSM.pM_DISCONNECT_WIRED_HEADSET->CARSM.pM_SWITCH_BASELINE_ROUTE->CARSM.pM_SWITCH_EARPIECE@AG0_0_0_0
11-11 13:41:59.526  3614  5178 I Telecom : Telecom: Non-call EVENT: AUDIO_ROUTE, Leaving state QuiescentHeadsetRoute: WHC.oADR->CARSM.pM_DISCONNECT_WIRED_HEADSET->CARSM.pM_SWITCH_BASELINE_ROUTE->CARSM.pM_SWITCH_EARPIECE@AG0_0_0_0
11-11 13:41:59.526  3614  5178 I Telecom : Telecom: Non-call EVENT: AUDIO_ROUTE, Entering state QuiescentEarpieceRoute: WHC.oADR->CARSM.pM_DISCONNECT_WIRED_HEADSET->CARSM.pM_SWITCH_BASELINE_ROUTE->CARSM.pM_SWITCH_EARPIECE@AG0_0_0_0
11-11 13:42:01.278  3614  4813 I ActivityManager: Setting hasTopUi=true for pid=4774
11-11 13:42:04.687  3614  5551 D BluetoothManagerService: enable(com.android.systemui):  mBluetooth =null mBinding = false mState = OFF
11-11 13:42:04.687  3614  3680 D BluetoothManagerService: MESSAGE_ENABLE(0): mBluetooth = null
11-11 13:42:04.687  3614  5551 D BluetoothManagerService: enable returning
11-11 13:42:04.700  3614  3680 I ActivityManager: Start proc 6491:com.android.bluetooth/1002 for service com.android.bluetooth/.btservice.AdapterService
11-11 13:42:04.767  3614  3614 D BluetoothManagerService: BluetoothServiceConnection: com.android.bluetooth.btservice.AdapterService
11-11 13:42:04.768  3614  3680 D BluetoothManagerService: MESSAGE_BLUETOOTH_SERVICE_CONNECTED: 1
11-11 13:42:04.769  3614  3680 D BluetoothManagerService: Broadcasting onBluetoothServiceUp() to 5 receivers.
11-11 13:42:04.771  3614  3680 D BluetoothManagerService: MESSAGE_BLUETOOTH_STATE_CHANGE: OFF > BLE_TURNING_ON
11-11 13:42:04.771  3614  3680 D BluetoothManagerService: Sending BLE State Change: OFF > BLE_TURNING_ON
11-11 13:42:04.771  3614  3614 D BluetoothManagerService: Bluetooth Adapter name changed to Samsung Galaxy S8+
11-11 13:42:04.771  3614  3614 D BluetoothManagerService: Stored Bluetooth name: Samsung Galaxy S8+
11-11 13:42:05.086  3614  3614 D BluetoothManagerService: Bluetooth Adapter name changed to Samsung Galaxy S8+
11-11 13:42:05.086  3614  3614 D BluetoothManagerService: Stored Bluetooth name: Samsung Galaxy S8+
11-11 13:42:05.096  3614  3680 D BluetoothManagerService: MESSAGE_BLUETOOTH_STATE_CHANGE: BLE_TURNING_ON > BLE_ON
11-11 13:42:05.096  3614  3680 D BluetoothManagerService: Bluetooth is in LE only mode
11-11 13:42:05.096  3614  3680 D BluetoothManagerService: Binding Bluetooth GATT service
11-11 13:42:05.096  3614  3680 D BluetoothManagerService: Sending BLE State Change: BLE_TURNING_ON > BLE_ON
11-11 13:42:05.097  3614  3614 D BluetoothManagerService: BluetoothServiceConnection: com.android.bluetooth.gatt.GattService
11-11 13:42:05.098  3614  3680 D BluetoothManagerService: MESSAGE_BLUETOOTH_SERVICE_CONNECTED: 2
11-11 13:42:05.098  3614  3680 D BluetoothManagerService: BluetoothGatt Service is Up
11-11 13:42:05.099  3614  3680 D BluetoothManagerService: isBleAppPresent() count: 0
11-11 13:42:05.099  3614  3680 D BluetoothManagerService: Persisting Bluetooth Setting: 1
11-11 13:42:05.100  3614  3680 D BluetoothManagerService: MESSAGE_BLUETOOTH_STATE_CHANGE: BLE_ON > TURNING_ON
11-11 13:42:05.100  3614  3680 D BluetoothManagerService: Sending BLE State Change: BLE_ON > TURNING_ON
11-11 13:42:05.143  3614  3680 D BluetoothManagerService: MESSAGE_BLUETOOTH_STATE_CHANGE: TURNING_ON > ON
11-11 13:42:05.143  3614  3680 D BluetoothManagerService: Broadcasting onBluetoothStateChange(true) to 9 receivers.
11-11 13:42:05.144  3614  3680 D BluetoothManagerService: Creating new ProfileServiceConnections object for profile: 1
11-11 13:42:05.149  3614  3680 D BluetoothManagerService: Sending BLE State Change: TURNING_ON > ON
11-11 13:42:05.151  3614  3614 I Telecom : BluetoothPhoneService: queryPhoneState: BPSI.qPS@AG4
11-11 13:42:05.158  6324  6324 W ContextImpl: Calling a method in the system process without a qualified user: android.app.ContextImpl.startService:1357 android.content.ContextWrapper.startService:613 android.content.ContextWrapper.startService:613 com.android.settings.bluetooth.DockEventReceiver.beginStartingService:134 com.android.settings.bluetooth.DockEventReceiver.onReceive:115 
11-11 13:42:06.264  3614  5511 I ActivityManager: START u0 {act=android.settings.BLUETOOTH_SETTINGS flg=0x14000000 cmp=com.android.settings/.Settings$BluetoothSettingsActivity} from uid 10033 on display 0
11-11 13:42:06.272  3614  4832 E ActivityManager: applyOptionsLocked: Unknown animationType=0
11-11 13:42:06.902  3614  4783 I ActivityManager: Setting hasTopUi=false for pid=4774
11-11 13:42:28.377  3614  3672 W InputMethodManagerService: Window already focused, ignoring focus gain of: com.android.internal.view.IInputMethodClient$Stub$Proxy@b5f392c attribute=null, token = android.os.BinderProxy@d5e620b
11-11 13:42:42.145  3614  3672 I Telecom : BluetoothPhoneService: queryPhoneState: BPSI.qPS@AHA
11-11 13:42:42.145  3614  3672 I Telecom : BluetoothPhoneService: updateHeadsetWithCallState numActive 0, numHeld 0, callState 6, ringing number [da39a3ee5e6b4b0d3255bfef95601890afd80709], ringing type 128: BPSI.qPS@AHA
11-11 13:42:42.153  3614  3614 I Telecom : : mReceiver: HEADSET_STATE_CHANGED_ACTION: BM.oR@AHE
11-11 13:42:42.153  3614  3614 I Telecom : : ==> new state: 1 : BM.oR@AHE
11-11 13:42:42.687  3614  3614 I Telecom : : mReceiver: HEADSET_STATE_CHANGED_ACTION: BM.oR@AHI
11-11 13:42:42.687  3614  3614 I Telecom : : ==> new state: 2 : BM.oR@AHI
11-11 13:42:42.721  3614  5178 I Telecom : CallAudioRouteStateMachine: Message received: CONNECT_BLUETOOTH=3, arg1=0: BM.oR->CARSM.pM_CONNECT_BLUETOOTH@AHI_0
11-11 13:42:42.723  3614  5178 I Telecom : Telecom: Non-call EVENT: AUDIO_ROUTE, Bluetooth connected: BM.oR->CARSM.pM_CONNECT_BLUETOOTH@AHI_0
11-11 13:42:42.723  3614  5178 I Telecom : CallAudioRouteStateMachine: Message received: SWITCH_BLUETOOTH=1002, arg1=0: BM.oR->CARSM.pM_CONNECT_BLUETOOTH->CARSM.pM_SWITCH_BLUETOOTH@AHI_0_0
11-11 13:42:42.724  3614  5178 I Telecom : Telecom: Non-call EVENT: AUDIO_ROUTE, Leaving state QuiescentEarpieceRoute: BM.oR->CARSM.pM_CONNECT_BLUETOOTH->CARSM.pM_SWITCH_BLUETOOTH@AHI_0_0
11-11 13:42:42.724  3614  5178 I Telecom : Telecom: Non-call EVENT: AUDIO_ROUTE, Entering state QuiescentBluetoothRoute: BM.oR->CARSM.pM_CONNECT_BLUETOOTH->CARSM.pM_SWITCH_BLUETOOTH@AHI_0_0
11-11 13:42:42.729  3614  3614 I Telecom : WiredHeadsetManager: ACTION_HEADSET_PLUG event, plugged in: false, : WHC.oADA@AHM
11-11 13:42:43.657  3614  5544 I Telecom : BluetoothPhoneService: queryPhoneState: BPSI.qPS@AHQ
11-11 13:42:43.658  3614  5544 I Telecom : BluetoothPhoneService: updateHeadsetWithCallState numActive 0, numHeld 0, callState 6, ringing number [da39a3ee5e6b4b0d3255bfef95601890afd80709], ringing type 128: BPSI.qPS@AHQ
--------- beginning of main
11-11 13:43:05.826  3177  4846 D FFmpegExtractor: supported codec (h264) by official Stagefright
11-11 13:43:05.826  3177  4846 D FFmpegExtractor: supported codec (aac) by official Stagefright
11-11 13:43:05.826  3177  4846 D FFmpegExtractor: ffmpeg detected media content as 'video/mp4' with confidence 0.08
11-11 13:43:05.882  3177  3245 I FFmpegExtractor: android-source:0xf343ca00
11-11 13:43:05.899  3177  3245 D FFmpegExtractor: supported codec (h264) by official Stagefright
11-11 13:43:05.899  3177  3245 D FFmpegExtractor: supported codec (aac) by official Stagefright
11-11 13:43:05.899  3177  3245 D FFmpegExtractor: ffmpeg detected media content as 'video/mp4' with confidence 0.08
11-11 13:43:05.941  3177  4846 I FFmpegExtractor: android-source:0xf636b800
11-11 13:43:05.960  3177  4846 D FFmpegExtractor: supported codec (h264) by official Stagefright
11-11 13:43:05.960  3177  4846 D FFmpegExtractor: supported codec (aac) by official Stagefright
11-11 13:43:05.960  3177  4846 D FFmpegExtractor: ffmpeg detected media content as 'video/mp4' with confidence 0.08
11-11 13:43:06.009  3177  3245 I FFmpegExtractor: android-source:0xf4b17800
11-11 13:43:06.021  3177  3245 D FFmpegExtractor: supported codec (h264) by official Stagefright
11-11 13:43:06.021  3177  3245 D FFmpegExtractor: supported codec (aac) by official Stagefright
11-11 13:43:06.021  3177  3245 D FFmpegExtractor: ffmpeg detected media content as 'video/mp4' with confidence 0.08
11-11 13:43:06.074  3177  4846 I FFmpegExtractor: android-source:0xf6369a00
11-11 13:43:06.098  3177  4846 D FFmpegExtractor: supported codec (h264) by official Stagefright
11-11 13:43:06.098  3177  4846 D FFmpegExtractor: supported codec (aac) by official Stagefright
11-11 13:43:06.098  3177  4846 D FFmpegExtractor: ffmpeg detected media content as 'video/mp4' with confidence 0.08
11-11 13:43:06.156  3177  3245 I FFmpegExtractor: android-source:0xf3547800
11-11 13:43:06.173  3177  3245 D FFmpegExtractor: supported codec (h264) by official Stagefright
11-11 13:43:06.173  3177  3245 D FFmpegExtractor: supported codec (aac) by official Stagefright
11-11 13:43:06.173  3177  3245 D FFmpegExtractor: ffmpeg detected media content as 'video/mp4' with confidence 0.08
11-11 13:43:06.223  3177  4846 I FFmpegExtractor: android-source:0xf2ef1400
11-11 13:43:06.243  3177  4846 D FFmpegExtractor: supported codec (h264) by official Stagefright
11-11 13:43:06.243  3177  4846 D FFmpegExtractor: supported codec (aac) by official Stagefright
11-11 13:43:06.244  3177  4846 D FFmpegExtractor: ffmpeg detected media content as 'video/mp4' with confidence 0.08
11-11 13:43:06.305  3177  3245 I FFmpegExtractor: android-source:0xf343e800
11-11 13:43:06.323  3177  3245 D FFmpegExtractor: supported codec (h264) by official Stagefright
11-11 13:43:06.324  3177  3245 D FFmpegExtractor: supported codec (aac) by official Stagefright
11-11 13:43:06.324  3177  3245 D FFmpegExtractor: ffmpeg detected media content as 'video/mp4' with confidence 0.08
11-11 13:43:06.393  3177  4846 I FFmpegExtractor: android-source:0xf6369000
11-11 13:43:06.430  3177  4846 D FFmpegExtractor: supported codec (h264) by official Stagefright
11-11 13:43:06.430  3177  4846 D FFmpegExtractor: supported codec (aac) by official Stagefright
11-11 13:43:06.431  3177  4846 D FFmpegExtractor: ffmpeg detected media content as 'video/mp4' with confidence 0.08
11-11 13:43:06.495  3177  3245 I FFmpegExtractor: android-source:0xf343d400
11-11 13:43:06.522  3177  3245 D FFmpegExtractor: supported codec (h264) by official Stagefright
11-11 13:43:06.522  3177  3245 D FFmpegExtractor: supported codec (aac) by official Stagefright
11-11 13:43:06.522  3177  3245 D FFmpegExtractor: ffmpeg detected media content as 'video/mp4' with confidence 0.08
11-11 13:43:06.550  3177  4846 I FFmpegExtractor: android-source:0xf2ef1e00
11-11 13:43:06.557  3177  4846 D FFmpegExtractor: supported codec (h264) by official Stagefright
11-11 13:43:06.557  3177  4846 D FFmpegExtractor: supported codec (aac) by official Stagefright
11-11 13:43:06.557  3177  4846 D FFmpegExtractor: ffmpeg detected media content as 'video/mp4' with confidence 0.08
11-11 13:43:06.586  3177  3245 I FFmpegExtractor: android-source:0xf3540000
11-11 13:43:06.599  3177  3245 D FFmpegExtractor: supported codec (h264) by official Stagefright
11-11 13:43:06.599  3177  3245 D FFmpegExtractor: supported codec (aac) by official Stagefright
11-11 13:43:06.599  3177  3245 D FFmpegExtractor: ffmpeg detected media content as 'video/mp4' with confidence 0.08
11-11 13:43:06.601  3177  3177 I SampleTable: There are reordered frames present.
11-11 13:43:06.632  3177  4846 I FFmpegExtractor: android-source:0xf3866400
11-11 13:43:06.647  3177  4846 D FFmpegExtractor: supported codec (h264) by official Stagefright
11-11 13:43:06.647  3177  4846 D FFmpegExtractor: supported codec (aac) by official Stagefright
11-11 13:43:06.648  3177  4846 D FFmpegExtractor: ffmpeg detected media content as 'video/mp4' with confidence 0.08
11-11 13:43:06.681  3177  3245 I FFmpegExtractor: android-source:0xf3545a00
11-11 13:43:06.688  3177  3245 D FFmpegExtractor: supported codec (h264) by official Stagefright
11-11 13:43:06.688  3177  3245 D FFmpegExtractor: supported codec (aac) by official Stagefright
11-11 13:43:06.689  3177  3245 D FFmpegExtractor: ffmpeg detected media content as 'video/mp4' with confidence 0.08
11-11 13:43:06.726  3177  4846 I FFmpegExtractor: android-source:0xf3868200
11-11 13:43:06.738  3177  4846 D FFmpegExtractor: supported codec (h264) by official Stagefright
11-11 13:43:06.738  3177  4846 D FFmpegExtractor: supported codec (aac) by official Stagefright
11-11 13:43:06.738  3177  4846 D FFmpegExtractor: ffmpeg detected media content as 'video/mp4' with confidence 0.08
11-11 13:43:06.740  3177  4847 I SampleTable: There are reordered frames present.
11-11 13:43:06.777  3177  3245 I FFmpegExtractor: android-source:0xf343ca00
11-11 13:43:06.789  3177  3245 D FFmpegExtractor: supported codec (h264) by official Stagefright
11-11 13:43:06.789  3177  3245 D FFmpegExtractor: supported codec (aac) by official Stagefright
11-11 13:43:06.789  3177  3245 D FFmpegExtractor: ffmpeg detected media content as 'video/mp4' with confidence 0.08
11-11 13:43:06.830  3177  4846 I FFmpegExtractor: android-source:0xf2ef4600
11-11 13:43:06.843  3177  4846 D FFmpegExtractor: supported codec (h264) by official Stagefright
11-11 13:43:06.844  3177  4846 D FFmpegExtractor: supported codec (aac) by official Stagefright
11-11 13:43:06.844  3177  4846 D FFmpegExtractor: ffmpeg detected media content as 'video/mp4' with confidence 0.08
11-11 13:43:06.893  3177  3245 I FFmpegExtractor: android-source:0xf3541400
11-11 13:43:06.908  3177  3245 D FFmpegExtractor: supported codec (h264) by official Stagefright
11-11 13:43:06.908  3177  3245 D FFmpegExtractor: supported codec (aac) by official Stagefright
11-11 13:43:06.908  3177  3245 D FFmpegExtractor: ffmpeg detected media content as 'video/mp4' with confidence 0.08
11-11 13:43:06.965  3177  4846 I FFmpegExtractor: android-source:0xf3821400
11-11 13:43:06.986  3177  4846 D FFmpegExtractor: supported codec (h264) by official Stagefright
11-11 13:43:06.986  3177  4846 D FFmpegExtractor: supported codec (aac) by official Stagefright
11-11 13:43:06.986  3177  4846 D FFmpegExtractor: ffmpeg detected media content as 'video/mp4' with confidence 0.08
11-11 13:43:07.015  3171  3305 I chatty  : uid=1041(audioserver) FastMixer expire 1572 lines
11-11 13:43:07.022  3177  3245 I FFmpegExtractor: android-source:0xf3543200
11-11 13:43:07.028  3177  3245 D FFmpegExtractor: supported codec (h264) by official Stagefright
11-11 13:43:07.028  3177  3245 D FFmpegExtractor: supported codec (aac) by official Stagefright
11-11 13:43:07.028  3177  3245 D FFmpegExtractor: ffmpeg detected media content as 'video/mp4' with confidence 0.08
11-11 13:43:07.051  4774  4774 I SlideTouchEvent: vel=715.27234, MinimumFlingVelocity=175
11-11 13:43:07.052  4774  4774 I SlideTouchEvent: Sliding distance is too short, can not trigger the single hand mode
11-11 13:43:07.052  3177  4846 I FFmpegExtractor: android-source:0xf3823200
11-11 13:43:07.055  3614  4036 I ActivityManager: START u0 {act=android.intent.action.MAIN cat=[android.intent.category.HOME] flg=0x10200000 cmp=com.cyanogenmod.trebuchet/com.android.launcher3.Launcher (has extras)} from uid 1000 on display 0
11-11 13:43:07.063  3177  4846 D FFmpegExtractor: supported codec (h264) by official Stagefright
11-11 13:43:07.064  3177  4846 D FFmpegExtractor: supported codec (aac) by official Stagefright
11-11 13:43:07.064  3177  4846 D FFmpegExtractor: ffmpeg detected media content as 'video/mp4' with confidence 0.08
11-11 13:43:07.094  3177  3245 I FFmpegExtractor: android-source:0xf3548200
11-11 13:43:07.104  3177  3245 D FFmpegExtractor: supported codec (h264) by official Stagefright
11-11 13:43:07.104  3177  3245 D FFmpegExtractor: supported codec (aac) by official Stagefright
11-11 13:43:07.104  3177  3245 D FFmpegExtractor: ffmpeg detected media content as 'video/mp4' with confidence 0.08
11-11 13:43:07.159  3177  4846 I FFmpegExtractor: android-source:0xf636cc00
11-11 13:43:07.171  3177  4846 D FFmpegExtractor: supported codec (h264) by official Stagefright
11-11 13:43:07.171  3177  4846 D FFmpegExtractor: supported codec (aac) by official Stagefright
11-11 13:43:07.171  3177  4846 D FFmpegExtractor: ffmpeg detected media content as 'video/mp4' with confidence 0.08
11-11 13:43:07.201  3177  3245 I FFmpegExtractor: android-source:0xf343e800
11-11 13:43:07.216  6324  6324 D LocalBluetoothManager: setting foreground activity to null
11-11 13:43:07.217  3177  3245 D FFmpegExtractor: supported codec (h264) by official Stagefright
11-11 13:43:07.217  3177  3245 D FFmpegExtractor: supported codec (aac) by official Stagefright
11-11 13:43:07.217  3177  3245 D FFmpegExtractor: ffmpeg detected media content as 'video/mp4' with confidence 0.08
11-11 13:43:07.224  6491  6596 D A2dpService: getA2DPService(): returning com.android.bluetooth.a2dp.A2dpService@731ed30
11-11 13:43:07.225  6491  6596 I A2dpService: audio isMusicActive is false
11-11 13:43:07.225  6491  6596 I BluetoothAdapterService: setScanMode: prev mode: 23 new mode: 21
11-11 13:43:07.226  6491  6514 D BluetoothAdapterProperties: Discoverable Timeout:120
11-11 13:43:07.227  6491  6514 D BluetoothAdapterProperties: Scan Mode:21
11-11 13:43:07.246  3177  4846 I FFmpegExtractor: android-source:0xf2ef2800
11-11 13:43:07.248  3177  4846 D FFmpegExtractor: supported codec (h264) by official Stagefright
11-11 13:43:07.248  3177  4846 D FFmpegExtractor: supported codec (aac) by official Stagefright
11-11 13:43:07.249  3177  4846 D FFmpegExtractor: ffmpeg detected media content as 'video/mp4' with confidence 0.08
11-11 13:43:07.267  5999  6406 D mali_winsys: EGLint new_window_surface(egl_winsys_display*, void*, EGLSurface, EGLConfig, egl_winsys_surface**, egl_color_buffer_format*, EGLBoolean) returns 0x3000,  [1440x2960]-format:1
11-11 13:43:07.269  3177  3245 I FFmpegExtractor: android-source:0xf3547800
11-11 13:43:07.276  3177  3245 D FFmpegExtractor: supported codec (h264) by official Stagefright
11-11 13:43:07.277  3177  3245 D FFmpegExtractor: supported codec (aac) by official Stagefright
11-11 13:43:07.277  3177  3245 D FFmpegExtractor: ffmpeg detected media content as 'video/mp4' with confidence 0.08
11-11 13:43:07.296  3177  4846 I FFmpegExtractor: android-source:0xf6369a00
11-11 13:43:07.301  3177  4846 D FFmpegExtractor: supported codec (h264) by official Stagefright
11-11 13:43:07.301  3177  4846 D FFmpegExtractor: supported codec (aac) by official Stagefright
11-11 13:43:07.301  3177  4846 D FFmpegExtractor: ffmpeg detected media content as 'video/mp4' with confidence 0.08
11-11 13:43:07.314  3177  3245 I FFmpegExtractor: android-source:0xf4b17800
11-11 13:43:07.317  3177  3245 D FFmpegExtractor: supported codec (h264) by official Stagefright
11-11 13:43:07.317  3177  3245 D FFmpegExtractor: supported codec (aac) by official Stagefright
11-11 13:43:07.317  3177  3245 D FFmpegExtractor: ffmpeg detected media content as 'video/mp4' with confidence 0.08
11-11 13:43:07.329  3177  4846 I FFmpegExtractor: android-source:0xf636b800
11-11 13:43:07.332  3177  4846 D FFmpegExtractor: supported codec (h264) by official Stagefright
11-11 13:43:07.332  3177  4846 D FFmpegExtractor: supported codec (aac) by official Stagefright
11-11 13:43:07.332  3177  4846 D FFmpegExtractor: ffmpeg detected media content as 'video/mp4' with confidence 0.08
11-11 13:43:07.345  3177  3245 I FFmpegExtractor: android-source:0xf343d400
11-11 13:43:07.349  3177  3245 D FFmpegExtractor: supported codec (h264) by official Stagefright
11-11 13:43:07.349  3177  3245 D FFmpegExtractor: supported codec (aac) by official Stagefright
11-11 13:43:07.349  3177  3245 D FFmpegExtractor: ffmpeg detected media content as 'video/mp4' with confidence 0.08
11-11 13:43:07.362  3177  4846 I FFmpegExtractor: android-source:0xf2ef1e00
11-11 13:43:07.366  3177  4846 D FFmpegExtractor: supported codec (h264) by official Stagefright
11-11 13:43:07.366  3177  4846 D FFmpegExtractor: supported codec (aac) by official Stagefright
11-11 13:43:07.366  3177  4846 D FFmpegExtractor: ffmpeg detected media content as 'video/mp4' with confidence 0.08
11-11 13:43:07.367  3177  4847 I SampleTable: There are reordered frames present.
11-11 13:43:07.386  3177  3245 I FFmpegExtractor: android-source:0xf3540000
11-11 13:43:07.390  3177  3245 D FFmpegExtractor: supported codec (h264) by official Stagefright
11-11 13:43:07.390  3177  3245 D FFmpegExtractor: supported codec (aac) by official Stagefright
11-11 13:43:07.390  3177  3245 D FFmpegExtractor: ffmpeg detected media content as 'video/mp4' with confidence 0.08
11-11 13:43:07.414  3177  4846 I FFmpegExtractor: android-source:0xf3866400
11-11 13:43:07.424  3177  4846 D FFmpegExtractor: supported codec (h264) by official Stagefright
11-11 13:43:07.424  3177  4846 D FFmpegExtractor: supported codec (aac) by official Stagefright
11-11 13:43:07.424  3177  4846 D FFmpegExtractor: ffmpeg detected media content as 'video/mp4' with confidence 0.08
11-11 13:43:07.425  3177  4847 I SampleTable: There are reordered frames present.
11-11 13:43:07.453  3177  3245 I FFmpegExtractor: android-source:0xf3545a00
11-11 13:43:07.461  3177  3245 D FFmpegExtractor: supported codec (h264) by official Stagefright
11-11 13:43:07.461  3177  3245 D FFmpegExtractor: supported codec (aac) by official Stagefright
11-11 13:43:07.461  3177  3245 D FFmpegExtractor: ffmpeg detected media content as 'video/mp4' with confidence 0.08
11-11 13:43:07.491  3177  4846 I FFmpegExtractor: android-source:0xf3868c00
11-11 13:43:07.503  3177  4846 D FFmpegExtractor: supported codec (h264) by official Stagefright
11-11 13:43:07.503  3177  4846 D FFmpegExtractor: supported codec (aac) by official Stagefright
11-11 13:43:07.503  3177  4846 D FFmpegExtractor: ffmpeg detected media content as 'video/mp4' with confidence 0.08
11-11 13:43:07.535  3177  3245 I FFmpegExtractor: android-source:0xf343c000
11-11 13:43:07.543  3177  3245 D FFmpegExtractor: supported codec (h264) by official Stagefright
11-11 13:43:07.543  3177  3245 D FFmpegExtractor: supported codec (aac) by official Stagefright
11-11 13:43:07.543  3177  3245 D FFmpegExtractor: ffmpeg detected media content as 'video/mp4' with confidence 0.08
11-11 13:43:07.576  3177  4846 I FFmpegExtractor: android-source:0xf2ef4600
11-11 13:43:07.583  3177  4846 D FFmpegExtractor: supported codec (h264) by official Stagefright
11-11 13:43:07.583  3177  4846 D FFmpegExtractor: supported codec (aac) by official Stagefright
11-11 13:43:07.583  3177  4846 D FFmpegExtractor: ffmpeg detected media content as 'video/mp4' with confidence 0.08
11-11 13:43:07.610  3177  3245 I FFmpegExtractor: android-source:0xf3541400
11-11 13:43:07.618  3177  3245 D FFmpegExtractor: supported codec (h264) by official Stagefright
11-11 13:43:07.618  3177  3245 D FFmpegExtractor: supported codec (aac) by official Stagefright
11-11 13:43:07.618  3177  3245 D FFmpegExtractor: ffmpeg detected media content as 'video/mp4' with confidence 0.08
11-11 13:43:07.645  3177  4846 I FFmpegExtractor: android-source:0xf3821400
11-11 13:43:07.658  3177  4846 D FFmpegExtractor: supported codec (h264) by official Stagefright
11-11 13:43:07.658  3177  4846 D FFmpegExtractor: supported codec (aac) by official Stagefright
11-11 13:43:07.658  3177  4846 D FFmpegExtractor: ffmpeg detected media content as 'video/mp4' with confidence 0.08
11-11 13:43:07.691  3177  3245 I FFmpegExtractor: android-source:0xf3543200
11-11 13:43:07.699  3177  3245 D FFmpegExtractor: supported codec (mpeg4) by official Stagefright
11-11 13:43:07.699  3177  3245 D FFmpegExtractor: supported codec (aac) by official Stagefright
11-11 13:43:07.699  3177  3245 D FFmpegExtractor: ffmpeg detected media content as 'video/mp4' with confidence 0.08
11-11 13:43:07.727  3177  4846 I FFmpegExtractor: android-source:0xf3823200
11-11 13:43:07.735  3177  4846 D FFmpegExtractor: supported codec (h264) by official Stagefright
11-11 13:43:07.735  3177  4846 D FFmpegExtractor: supported codec (aac) by official Stagefright
11-11 13:43:07.735  3177  4846 D FFmpegExtractor: ffmpeg detected media content as 'video/mp4' with confidence 0.08
11-11 13:43:07.765  3177  3245 I FFmpegExtractor: android-source:0xf3548200
11-11 13:43:07.784  3177  3245 D FFmpegExtractor: supported codec (h264) by official Stagefright
11-11 13:43:07.784  3177  3245 D FFmpegExtractor: supported codec (aac) by official Stagefright
11-11 13:43:07.784  3177  3245 D FFmpegExtractor: ffmpeg detected media content as 'video/mp4' with confidence 0.08
11-11 13:43:07.813  5999  6406 W OpenGLRenderer: Incorrectly called buildLayer on View: ShortcutAndWidgetContainer, destroying layer...
11-11 13:43:07.814  5999  6406 W OpenGLRenderer: Incorrectly called buildLayer on View: ShortcutAndWidgetContainer, destroying layer...
11-11 13:43:07.824  3177  4846 I FFmpegExtractor: android-source:0xf3868200
11-11 13:43:07.832  3177  4846 D FFmpegExtractor: supported codec (h264) by official Stagefright
11-11 13:43:07.832  3177  4846 D FFmpegExtractor: supported codec (aac) by official Stagefright
11-11 13:43:07.832  3177  4846 D FFmpegExtractor: ffmpeg detected media content as 'video/mp4' with confidence 0.08
11-11 13:43:07.862  3177  3245 I FFmpegExtractor: android-source:0xf343f200
11-11 13:43:07.872  3177  3245 D FFmpegExtractor: supported codec (h264) by official Stagefright
11-11 13:43:07.872  3177  3245 D FFmpegExtractor: supported codec (aac) by official Stagefright
11-11 13:43:07.872  3177  3245 D FFmpegExtractor: ffmpeg detected media content as 'video/mp4' with confidence 0.08
11-11 13:43:07.900  3177  4846 I FFmpegExtractor: android-source:0xf2ef2800
11-11 13:43:07.914  3177  4846 D FFmpegExtractor: supported codec (h264) by official Stagefright
11-11 13:43:07.914  3177  4846 D FFmpegExtractor: supported codec (aac) by official Stagefright
11-11 13:43:07.914  3177  4846 D FFmpegExtractor: ffmpeg detected media content as 'video/mp4' with confidence 0.08
11-11 13:43:07.942  3177  3245 I FFmpegExtractor: android-source:0xf3547800
11-11 13:43:07.948  3177  3245 D FFmpegExtractor: supported codec (h264) by official Stagefright
11-11 13:43:07.948  3177  3245 D FFmpegExtractor: supported codec (aac) by official Stagefright
11-11 13:43:07.948  3177  3245 D FFmpegExtractor: ffmpeg detected media content as 'video/mp4' with confidence 0.08
11-11 13:43:07.971  3177  4846 I FFmpegExtractor: android-source:0xf6369a00
11-11 13:43:07.978  3177  4846 D FFmpegExtractor: supported codec (h264) by official Stagefright
11-11 13:43:07.978  3177  4846 D FFmpegExtractor: supported codec (aac) by official Stagefright
11-11 13:43:07.978  3177  4846 D FFmpegExtractor: ffmpeg detected media content as 'video/mp4' with confidence 0.08
11-11 13:43:07.979  3177  4847 I SampleTable: There are reordered frames present.
11-11 13:43:08.003  3177  3245 I FFmpegExtractor: android-source:0xf4b17800
11-11 13:43:08.012  3177  3245 D FFmpegExtractor: supported codec (h264) by official Stagefright
11-11 13:43:08.012  3177  3245 D FFmpegExtractor: supported codec (aac) by official Stagefright
11-11 13:43:08.012  3177  3245 D FFmpegExtractor: ffmpeg detected media content as 'video/mp4' with confidence 0.08
11-11 13:43:08.037  3177  4846 I FFmpegExtractor: android-source:0xf636c200
11-11 13:43:08.044  3177  4846 D FFmpegExtractor: supported codec (h264) by official Stagefright
11-11 13:43:08.044  3177  4846 D FFmpegExtractor: supported codec (aac) by official Stagefright
11-11 13:43:08.044  3177  4846 D FFmpegExtractor: ffmpeg detected media content as 'video/mp4' with confidence 0.08
11-11 13:43:08.068  3177  3245 I FFmpegExtractor: android-source:0xf343d400
11-11 13:43:08.075  3177  3245 D FFmpegExtractor: supported codec (h264) by official Stagefright
11-11 13:43:08.075  3177  3245 D FFmpegExtractor: supported codec (aac) by official Stagefright
11-11 13:43:08.075  3177  3245 D FFmpegExtractor: ffmpeg detected media content as 'video/mp4' with confidence 0.08
11-11 13:43:08.101  3177  4846 I FFmpegExtractor: android-source:0xf2ef1e00
11-11 13:43:08.109  3177  4846 D FFmpegExtractor: supported codec (h264) by official Stagefright
11-11 13:43:08.109  3177  4846 D FFmpegExtractor: supported codec (aac) by official Stagefright
11-11 13:43:08.109  3177  4846 D FFmpegExtractor: ffmpeg detected media content as 'video/mp4' with confidence 0.08
11-11 13:43:08.135  3177  3245 I FFmpegExtractor: android-source:0xf3540000
11-11 13:43:08.141  3177  3245 D FFmpegExtractor: supported codec (h264) by official Stagefright
11-11 13:43:08.141  3177  3245 D FFmpegExtractor: supported codec (aac) by official Stagefright
11-11 13:43:08.141  3177  3245 D FFmpegExtractor: ffmpeg detected media content as 'video/mp4' with confidence 0.08
11-11 13:43:08.165  3177  4846 I FFmpegExtractor: android-source:0xf3866400
11-11 13:43:08.174  3177  4846 D FFmpegExtractor: supported codec (h264) by official Stagefright
11-11 13:43:08.174  3177  4846 D FFmpegExtractor: supported codec (aac) by official Stagefright
11-11 13:43:08.175  3177  4846 D FFmpegExtractor: ffmpeg detected media content as 'video/mp4' with confidence 0.08
11-11 13:43:08.199  3177  3245 I FFmpegExtractor: android-source:0xf3545a00
11-11 13:43:08.204  3177  3245 D FFmpegExtractor: supported codec (h264) by official Stagefright
11-11 13:43:08.204  3177  3245 D FFmpegExtractor: supported codec (aac) by official Stagefright
11-11 13:43:08.205  3177  3245 D FFmpegExtractor: ffmpeg detected media content as 'video/mp4' with confidence 0.08
11-11 13:43:08.228  3177  4846 I FFmpegExtractor: android-source:0xf3869600
11-11 13:43:08.234  3177  4846 D FFmpegExtractor: supported codec (h264) by official Stagefright
11-11 13:43:08.234  3177  4846 D FFmpegExtractor: supported codec (aac) by official Stagefright
11-11 13:43:08.234  3177  4846 D FFmpegExtractor: ffmpeg detected media content as 'video/mp4' with confidence 0.08
11-11 13:43:08.258  3177  3245 I FFmpegExtractor: android-source:0xf343ca00
11-11 13:43:08.266  3177  3245 D FFmpegExtractor: supported codec (h264) by official Stagefright
11-11 13:43:08.266  3177  3245 D FFmpegExtractor: supported codec (aac) by official Stagefright
11-11 13:43:08.266  3177  3245 D FFmpegExtractor: ffmpeg detected media content as 'video/mp4' with confidence 0.08
11-11 13:43:08.291  3177  4846 I FFmpegExtractor: android-source:0xf2ef4600
11-11 13:43:08.301  3177  4846 D FFmpegExtractor: supported codec (h264) by official Stagefright
11-11 13:43:08.301  3177  4846 D FFmpegExtractor: supported codec (aac) by official Stagefright
11-11 13:43:08.301  3177  4846 D FFmpegExtractor: ffmpeg detected media content as 'video/mp4' with confidence 0.08
11-11 13:43:08.334  3177  3245 I FFmpegExtractor: android-source:0xf3541400
11-11 13:43:08.341  3177  3245 D FFmpegExtractor: supported codec (h264) by official Stagefright
11-11 13:43:08.341  3177  3245 D FFmpegExtractor: supported codec (aac) by official Stagefright
11-11 13:43:08.341  3177  3245 D FFmpegExtractor: ffmpeg detected media content as 'video/mp4' with confidence 0.08
11-11 13:43:08.376  3177  4846 I FFmpegExtractor: android-source:0xf3821400
11-11 13:43:08.379  3177  4846 D FFmpegExtractor: supported codec (h264) by official Stagefright
11-11 13:43:08.379  3177  4846 D FFmpegExtractor: supported codec (aac) by official Stagefright
11-11 13:43:08.379  3177  4846 D FFmpegExtractor: ffmpeg detected media content as 'video/mp4' with confidence 0.08
11-11 13:43:08.392  3177  3245 I FFmpegExtractor: android-source:0xf3543200
11-11 13:43:08.395  3177  3245 D FFmpegExtractor: supported codec (h264) by official Stagefright
11-11 13:43:08.395  3177  3245 D FFmpegExtractor: supported codec (aac) by official Stagefright
11-11 13:43:08.396  3177  3245 D FFmpegExtractor: ffmpeg detected media content as 'video/mp4' with confidence 0.08
11-11 13:43:08.409  3177  4846 I FFmpegExtractor: android-source:0xf3823200
11-11 13:43:08.412  3177  4846 D FFmpegExtractor: supported codec (h264) by official Stagefright
11-11 13:43:08.412  3177  4846 D FFmpegExtractor: supported codec (aac) by official Stagefright
11-11 13:43:08.412  3177  4846 D FFmpegExtractor: ffmpeg detected media content as 'video/mp4' with confidence 0.08
11-11 13:43:08.412  3177  4847 I SampleTable: There are reordered frames present.
11-11 13:43:08.427  3177  3245 I FFmpegExtractor: android-source:0xf3548200
11-11 13:43:08.430  3177  3245 D FFmpegExtractor: supported codec (h264) by official Stagefright
11-11 13:43:08.430  3177  3245 D FFmpegExtractor: supported codec (aac) by official Stagefright
11-11 13:43:08.430  3177  3245 D FFmpegExtractor: ffmpeg detected media content as 'video/mp4' with confidence 0.08
11-11 13:43:08.443  3177  4846 I FFmpegExtractor: android-source:0xf3868c00
11-11 13:43:08.446  3177  4846 D FFmpegExtractor: supported codec (h264) by official Stagefright
11-11 13:43:08.446  3177  4846 D FFmpegExtractor: supported codec (aac) by official Stagefright
11-11 13:43:08.446  3177  4846 D FFmpegExtractor: ffmpeg detected media content as 'video/mp4' with confidence 0.08
11-11 13:43:08.447  3177  4847 I SampleTable: There are reordered frames present.
11-11 13:43:08.448  3614  5511 I ActivityManager: START u0 {act=android.intent.action.MAIN cat=[android.intent.category.LAUNCHER] flg=0x10200000 pkg=com.android.dialer cmp=com.android.dialer/.DialtactsActivity bnds=[62,2532][333,2812] (has extras)} from uid 10027 on display 0
11-11 13:43:08.451  3171  3307 I chatty  : uid=1041(audioserver) AudioOut_15 expire 34 lines
11-11 13:43:08.465  3177  3245 I FFmpegExtractor: android-source:0xf343f200
11-11 13:43:08.468  3177  3245 D FFmpegExtractor: supported codec (h264) by official Stagefright
11-11 13:43:08.468  3177  3245 D FFmpegExtractor: supported codec (aac) by official Stagefright
11-11 13:43:08.468  3177  3245 D FFmpegExtractor: ffmpeg detected media content as 'video/mp4' with confidence 0.08
11-11 13:43:08.491  3614  4813 I ActivityManager: Start proc 6611:com.android.dialer/u0a18 for activity com.android.dialer/.DialtactsActivity
11-11 13:43:08.496  5439  5674 I chatty  : uid=10009(com.android.providers.media) MediaScannerSer expire 873 lines
11-11 13:43:08.500  6611  6611 W System  : ClassLoader referenced unknown path: /system/priv-app/Dialer/lib/arm64
11-11 13:43:08.515  6611  6611 D BlockedNumbersAuto: Not attempting auto-migrate: already checked once.
11-11 13:43:08.523  6611  6611 W art     : Before Android 4.1, method android.graphics.PorterDuffColorFilter android.support.graphics.drawable.VectorDrawableCompat.updateTintFilter(android.graphics.PorterDuffColorFilter, android.content.res.ColorStateList, android.graphics.PorterDuff$Mode) would have incorrectly overridden the package-private method in android.graphics.drawable.Drawable
11-11 13:43:08.557  6611  6611 W CountryDetector: No location permissions, not registering for location updates.
11-11 13:43:08.583  6629  6629 I pool-1-thread-1: type=1400 audit(0.0:379): avc: denied { write } for name="shared_prefs" dev="sda24" ino=2015567 scontext=u:r:priv_app:s0:c512,c768 tcontext=u:object_r:system_data_file:s0:c512,c768 tclass=dir permissive=1
11-11 13:43:08.583  6629  6629 I pool-1-thread-1: type=1400 audit(0.0:379): avc: denied { remove_name } for name="com.android.dialer_preferences.xml" dev="sda24" ino=2015575 scontext=u:r:priv_app:s0:c512,c768 tcontext=u:object_r:system_data_file:s0:c512,c768 tclass=dir permissive=1
11-11 13:43:08.583  6629  6629 I pool-1-thread-1: type=1400 audit(0.0:379): avc: denied { rename } for name="com.android.dialer_preferences.xml" dev="sda24" ino=2015575 scontext=u:r:priv_app:s0:c512,c768 tcontext=u:object_r:system_data_file:s0:c512,c768 tclass=file permissive=1
11-11 13:43:08.583  6629  6629 I pool-1-thread-1: type=1400 audit(0.0:379): avc: denied { add_name } for name="com.android.dialer_preferences.xml.bak" scontext=u:r:priv_app:s0:c512,c768 tcontext=u:object_r:system_data_file:s0:c512,c768 tclass=dir permissive=1
11-11 13:43:08.583  6629  6629 W pool-1-thread-1: type=1300 audit(0.0:379): arch=c00000b7 syscall=38 success=yes exit=0 a0=ffffff9c a1=7f8d0e7cf0 a2=ffffff9c a3=7f7c2dad40 items=0 ppid=3169 auid=4294967295 uid=10018 gid=10018 euid=10018 suid=10018 fsuid=10018 egid=10018 sgid=10018 fsgid=10018 tty=(none) ses=4294967295 exe="/system/bin/app_process64" subj=u:r:priv_app:s0:c512,c768 key=(null)
11-11 13:43:08.583  3076  3076 W auditd  : type=1327 audit(0.0:379): proctitle="com.android.dialer"
11-11 13:43:08.583  3076  3076 W auditd  : type=1320 audit(0.0:379): 
11-11 13:43:08.583  6629  6629 I pool-1-thread-1: type=1400 audit(0.0:380): avc: denied { create } for name="com.android.dialer_preferences.xml" scontext=u:r:priv_app:s0:c512,c768 tcontext=u:object_r:system_data_file:s0:c512,c768 tclass=file permissive=1
11-11 13:43:08.583  6629  6629 W pool-1-thread-1: type=1300 audit(0.0:380): arch=c00000b7 syscall=56 success=yes exit=37 a0=ffffff9c a1=7f8d0e7cf0 a2=241 a3=1b6 items=0 ppid=3169 auid=4294967295 uid=10018 gid=10018 euid=10018 suid=10018 fsuid=10018 egid=10018 sgid=10018 fsgid=10018 tty=(none) ses=4294967295 exe="/system/bin/app_process64" subj=u:r:priv_app:s0:c512,c768 key=(null)
11-11 13:43:08.583  3076  3076 W auditd  : type=1327 audit(0.0:380): proctitle="com.android.dialer"
11-11 13:43:08.583  3076  3076 W auditd  : type=1320 audit(0.0:380): 
11-11 13:43:08.594  6611  6611 D AudioTrack: Client defaulted notificationFrames to 480 for frameCount 960
11-11 13:43:08.603  6629  6629 I pool-1-thread-1: type=1400 audit(0.0:381): avc: denied { setattr } for name="com.android.dialer_preferences.xml" dev="sda24" ino=2015612 scontext=u:r:priv_app:s0:c512,c768 tcontext=u:object_r:system_data_file:s0:c512,c768 tclass=file permissive=1
11-11 13:43:08.603  6629  6629 W pool-1-thread-1: type=1300 audit(0.0:381): arch=c00000b7 syscall=53 success=yes exit=0 a0=ffffff9c a1=7f8d0e7cf0 a2=1b0 a3=0 items=0 ppid=3169 auid=4294967295 uid=10018 gid=10018 euid=10018 suid=10018 fsuid=10018 egid=10018 sgid=10018 fsgid=10018 tty=(none) ses=4294967295 exe="/system/bin/app_process64" subj=u:r:priv_app:s0:c512,c768 key=(null)
11-11 13:43:08.603  3076  3076 W auditd  : type=1327 audit(0.0:381): proctitle="com.android.dialer"
11-11 13:43:08.603  3076  3076 W auditd  : type=1320 audit(0.0:381): 
11-11 13:43:08.603  6629  6629 I pool-1-thread-1: type=1400 audit(0.0:382): avc: denied { unlink } for name="com.android.dialer_preferences.xml.bak" dev="sda24" ino=2015575 scontext=u:r:priv_app:s0:c512,c768 tcontext=u:object_r:system_data_file:s0:c512,c768 tclass=file permissive=1
11-11 13:43:08.603  6629  6629 W pool-1-thread-1: type=1300 audit(0.0:382): arch=c00000b7 syscall=35 success=yes exit=0 a0=ffffff9c a1=7f7c2dad40 a2=0 a3=100 items=0 ppid=3169 auid=4294967295 uid=10018 gid=10018 euid=10018 suid=10018 fsuid=10018 egid=10018 sgid=10018 fsgid=10018 tty=(none) ses=4294967295 exe="/system/bin/app_process64" subj=u:r:priv_app:s0:c512,c768 key=(null)
11-11 13:43:08.603  3076  3076 W auditd  : type=1327 audit(0.0:382): proctitle="com.android.dialer"
11-11 13:43:08.603  3076  3076 W auditd  : type=1320 audit(0.0:382): 
11-11 13:43:08.607  6611  6611 D DialpadFragment: Displaying normal Dialer UI.
11-11 13:43:08.610  6611  6611 D DialpadFragment: Displaying normal Dialer UI.
11-11 13:43:08.670  6611  6630 D DialerDatabaseHelper: Shared Preference Created with name:  upgradeSmartSearchTable
11-11 13:43:08.715  6611  6611 I ContactPhotoManager: Cache adj: 1.0
11-11 13:43:08.782  6611  6633 I OpenGLRenderer: Initialized EGL, version 1.4
11-11 13:43:08.782  6611  6633 D OpenGLRenderer: Swap behavior 1
11-11 13:43:08.786  6611  6633 D mali_winsys: EGLint new_window_surface(egl_winsys_display*, void*, EGLSurface, EGLConfig, egl_winsys_surface**, egl_color_buffer_format*, EGLBoolean) returns 0x3000,  [1440x2960]-format:1
11-11 13:43:09.027  3614  3681 I ActivityManager: Displayed com.android.dialer/.DialtactsActivity: +546ms
11-11 13:43:10.100  6611  6611 D DialpadFragment: showDialConference false
11-11 13:43:10.536  6611  6633 W OpenGLRenderer: Incorrectly called buildLayer on View: LinearLayout, destroying layer...
11-11 13:43:10.536  6611  6633 W OpenGLRenderer: Incorrectly called buildLayer on View: AppCompatImageButton, destroying layer...
11-11 13:43:10.587  6611  6611 W IInputConnectionWrapper: finishComposingText on inactive InputConnection
11-11 13:43:11.436  6491  6532 D bt_btif : BTHF: device_status_notification
11-11 13:43:11.436  6491  6525 D bt_btif : AG evt (hdl 0x0001): State 2, Event 0x0506
11-11 13:43:11.436  6491  6525 D bt_btif : bta_ag_hfp_result : res = 5
11-11 13:43:11.436  6491  6525 D bt_btif : AG evt (hdl 0x0001): State 2, Event 0x0506
11-11 13:43:11.436  6491  6525 D bt_btif : bta_ag_hfp_result : res = 5
11-11 13:43:11.437  6491  6525 D bt_btif : AG evt (hdl 0x0001): State 2, Event 0x0506
11-11 13:43:11.437  6491  6525 D bt_btif : bta_ag_hfp_result : res = 5
11-11 13:43:11.437  6491  6525 D bt_btif : AG evt (hdl 0x0001): State 2, Event 0x0506
11-11 13:43:11.437  6491  6525 D bt_btif : bta_ag_hfp_result : res = 5
11-11 13:43:15.288  6491  6532 D bt_btif : BTHF: device_status_notification
11-11 13:43:15.288  6491  6525 D bt_btif : AG evt (hdl 0x0001): State 2, Event 0x0506
11-11 13:43:15.289  6491  6525 D bt_btif : bta_ag_hfp_result : res = 5
11-11 13:43:15.289  6491  6525 D bt_btif : AG evt (hdl 0x0001): State 2, Event 0x0506
11-11 13:43:15.289  6491  6525 D bt_btif : bta_ag_hfp_result : res = 5
11-11 13:43:15.289  6491  6525 D bt_btif : AG evt (hdl 0x0001): State 2, Event 0x0506
11-11 13:43:15.289  6491  6525 D bt_btif : bta_ag_hfp_result : res = 5
11-11 13:43:15.289  6491  6525 D bt_btif : AG evt (hdl 0x0001): State 2, Event 0x0506
11-11 13:43:15.290  6491  6525 D bt_btif : bta_ag_hfp_result : res = 5
11-11 13:43:21.507  4774  4863 I vol.Events: writeEvent active_stream_changed STREAM_RING
11-11 13:43:21.508  4774  4863 I vol.Events: writeEvent key STREAM_RING 5
11-11 13:43:21.512  4774  4774 I vol.Events: writeEvent show_dialog volume_changed keyguard=false
11-11 13:43:21.542  4774  4872 D mali_winsys: EGLint new_window_surface(egl_winsys_display*, void*, EGLSurface, EGLConfig, egl_winsys_surface**, egl_color_buffer_format*, EGLBoolean) returns 0x3000,  [1664x467]-format:1
11-11 13:43:21.563  3614  3681 W ResourceType: Invalid package identifier when getting bag for resource number 0xffffffff
11-11 13:43:22.406  4774  4863 I vol.Events: writeEvent level_changed STREAM_SYSTEM 6
11-11 13:43:22.412  4774  4863 I vol.Events: writeEvent level_changed STREAM_RING 6
11-11 13:43:22.412  4774  4863 I vol.Events: writeEvent key STREAM_RING 6
11-11 13:43:22.610  4774  4863 I vol.Events: writeEvent level_changed STREAM_SYSTEM 7
11-11 13:43:22.613  4774  4863 I vol.Events: writeEvent level_changed STREAM_RING 7
11-11 13:43:22.613  4774  4863 I vol.Events: writeEvent key STREAM_RING 7
11-11 13:43:23.138  4774  4863 D AudioTrack: Client defaulted notificationFrames to 480 for frameCount 960
11-11 13:43:23.149  3171  3307 I chatty  : uid=1041(audioserver) AudioOut_15 expire 36 lines
11-11 13:43:23.391  4774  4774 I vol.Events: writeEvent expand true
11-11 13:43:23.429  4774  4872 D mali_winsys: EGLint new_window_surface(egl_winsys_display*, void*, EGLSurface, EGLConfig, egl_winsys_surface**, egl_color_buffer_format*, EGLBoolean) returns 0x3000,  [1664x3016]-format:1
11-11 13:43:24.037  5439  5674 I chatty  : uid=10009(com.android.providers.media) MediaScannerSer expire 485 lines
11-11 13:43:24.068  4774  4872 D mali_winsys: EGLint new_window_surface(egl_winsys_display*, void*, EGLSurface, EGLConfig, egl_winsys_surface**, egl_color_buffer_format*, EGLBoolean) returns 0x3000,  [1664x1089]-format:1
11-11 13:43:24.289  3171  3305 I chatty  : uid=1041(audioserver) FastMixer expire 930 lines
11-11 13:43:25.058  4774  4774 I vol.Events: writeEvent expand false
11-11 13:43:25.081  4774  4872 D mali_winsys: EGLint new_window_surface(egl_winsys_display*, void*, EGLSurface, EGLConfig, egl_winsys_surface**, egl_color_buffer_format*, EGLBoolean) returns 0x3000,  [1664x3016]-format:1
11-11 13:43:25.741  4774  4872 D mali_winsys: EGLint new_window_surface(egl_winsys_display*, void*, EGLSurface, EGLConfig, egl_winsys_surface**, egl_color_buffer_format*, EGLBoolean) returns 0x3000,  [1664x467]-format:1
11-11 13:43:27.116  6450  6476 E ELEVEN  : calling refresh!
11-11 13:43:27.144  4774  4774 I vol.Events: writeEvent dismiss_dialog touch_outside
11-11 13:43:27.145  4774  4863 I vol.Events: writeEvent active_stream_changed UNKNOWN_STREAM_-1
11-11 13:43:27.266  3614  3614 I Telecom : CallIntentProcessor: onReceive - isUnknownCall: false: PCR.oR@AMo
11-11 13:43:27.266  3614  3614 I Telecom : Class:  processOutgoingCallIntent isCallPull = false: PCR.oR@AMo
11-11 13:43:27.266  3614  3614 I Telecom : Class:  processOutgoingCallIntent handle = tel:*125785554555,scheme = tel, uriString = *125785554555, isSkipSchemaParsing = false, isAddParticipant = false: PCR.oR@AMo
11-11 13:43:27.271  3614  3614 I Telecom : Event: Call TC@1: CREATED, null: PCR.oR@AMo
11-11 13:43:27.272  3614  3614 I Telecom : Event: Call TC@1: SET_CONNECTING, ComponentInfo{com.android.phone/com.android.services.telephony.TelephonyConnectionService}, [2628372b20c6b31a61c46f7f5a9328dbf0edaed6], UserHandle{0}: PCR.oR@AMo
11-11 13:43:27.273  3614  3614 I Telecom : InCallController: defaultDialer: null: PCR.oR@AMo
11-11 13:43:27.273  3614  3614 I Telecom : InCallController: defaultDialer: null: PCR.oR@AMo
11-11 13:43:27.274  3614  3614 I Telecom : CarSwappingInCallServiceConnection: carmodechange: false => false: PCR.oR@AMo
11-11 13:43:27.274  3614  3614 I Telecom : EmergencyInCallServiceConnection: Attempting to bind to InCall [ComponentInfo{com.android.dialer/com.android.incallui.InCallServiceImpl} supportsExternal? true], with Intent { act=android.telecom.InCallService cmp=com.android.dialer/com.android.incallui.InCallServiceImpl (has extras) }: PCR.oR@AMo
11-11 13:43:27.277  3614  5178 I Telecom : CallAudioRouteStateMachine: Message received: UPDATE_SYSTEM_AUDIO_ROUTE=1201, arg1=0: PCR.oR->CARSM.pM_UPDATE_SYSTEM_AUDIO_ROUTE@AMo_2
11-11 13:43:27.277  3614  3614 I Telecom : TelecomWakeLock: WakeLock already released with id: 26: PCR.oR@AMo
11-11 13:43:27.277  3614  5180 I Telecom : CallAudioModeStateMachine: Message received: NEW_ACTIVE_OR_DIALING_CALL.: PCR.oR->CAMSM.pM_2001@AMo_3
11-11 13:43:27.277  3614  3614 I Telecom : InCallWakeLockController: Releasing full wake lock: PCR.oR@AMo
11-11 13:43:27.277  3614  5180 I Telecom : CallAudioModeStateMachine: Audio focus entering SIM CALL state: PCR.oR->CAMSM.pM_2001@AMo_3
11-11 13:43:27.277  3614  5180 I MediaFocusControl:  AudioFocus  requestAudioFocus() from uid/pid 1000/3614 clientId=AudioFocus_For_Phone_Ring_And_Calls req=2 flags=0x4
11-11 13:43:27.277  3614  3614 I Telecom : BluetoothPhoneService: updateHeadsetWithCallState numActive 0, numHeld 0, callState 2, ringing number [da39a3ee5e6b4b0d3255bfef95601890afd80709], ringing type 128: PCR.oR@AMo
11-11 13:43:27.278  3171  3313 I chatty  : uid=1041(audioserver) Binder:3171_1 expire 18 lines
11-11 13:43:27.280  6491  6532 E HeadsetStateMachine: terminateScoUsingVirtualVoiceCall:No present call to terminate
11-11 13:43:27.280  6491  6532 D bt_btif : phone_state_change: idx = 0
11-11 13:43:27.280  6491  6532 D bt_btif : phone_state_change: num_active=0 [prev: 0]  num_held=0[prev: 0] call_setup=BTHF_CALL_STATE_DIALING [prev: BTHF_CALL_STATE_IDLE]
11-11 13:43:27.280  6491  6532 D bt_btif : phone_state_change: Call setup states changed. old: BTHF_CALL_STATE_IDLE new: BTHF_CALL_STATE_DIALING
11-11 13:43:27.280  6491  6532 D bt_btif : phone_state_change: Call setup state changed. res=14, audio_handle=1
11-11 13:43:27.280  6491  6525 D bt_btif : AG evt (hdl 0x0001): State 2, Event 0x0506
11-11 13:43:27.280  6491  6525 D bt_btif : bta_ag_hfp_result : res = 14
11-11 13:43:27.280  6491  6525 D bt_btif : BTA ag sco evt (hdl 0x0000): State 1, Event 1
11-11 13:43:27.280  6491  6525 D bt_btif : ag remove sco: inx 0x0000, status:0x0
11-11 13:43:27.280  6491  6525 I bt_hci_audio: set_audio_state handle:1 codec:0x1 state:3
11-11 13:43:27.280  6491  6525 D bt_btif : ag create sco: orig 1, inx 0x0000, status 0x1, pkt types 0x038f
11-11 13:43:27.280  6491  6525 D bt_btif : BTA AG SCO State Change: [1] -> [2] after Event [1]
11-11 13:43:27.281  3614  3614 I Telecom : BluetoothPhoneService: updateHeadsetWithCallState numActive 0, numHeld 0, callState 3, ringing number [da39a3ee5e6b4b0d3255bfef95601890afd80709], ringing type 128: PCR.oR@AMo
11-11 13:43:27.284  6491  6532 E HeadsetStateMachine: terminateScoUsingVirtualVoiceCall:No present call to terminate
11-11 13:43:27.284  6491  6532 D bt_btif : phone_state_change: idx = 0
11-11 13:43:27.284  6491  6532 D bt_btif : phone_state_change: num_active=0 [prev: 0]  num_held=0[prev: 0] call_setup=BTHF_CALL_STATE_ALERTING [prev: BTHF_CALL_STATE_DIALING]
11-11 13:43:27.284  6491  6532 D bt_btif : phone_state_change: Call setup states changed. old: BTHF_CALL_STATE_DIALING new: BTHF_CALL_STATE_ALERTING
11-11 13:43:27.284  6491  6532 D bt_btif : phone_state_change: Call setup state changed. res=15, audio_handle=0
11-11 13:43:27.284  6491  6525 D bt_btif : AG evt (hdl 0x0001): State 2, Event 0x0506
11-11 13:43:27.284  6491  6519 I bt_hwcfg: SCO I2S interface change the sample rate to 8K
11-11 13:43:27.284  6491  6519 I bt_vendor: sco_audiostate_cb(status: 1)
11-11 13:43:27.284  6491  6525 D bt_btif : bta_ag_hfp_result : res = 15
11-11 13:43:27.293  3614  3614 I Telecom : NewOutgoingCallIntentBroadcaster: Sending NewOutgoingCallBroadcast for [TC@1, CONNECTING, null, tel:*************, A, childs(0), has_parent(false), [Capabilities:], [Properties:]] to UserHandle{0}: PCR.oR@AMo
