09-16 08:56:54.615  3279  3326 D SoftFFmpegVideo: SoftFFmpegVideo component: OMX.ffmpeg.wmv.decoder codingType=5 appData: 0xf69b2540
09-16 08:56:54.616  3279  3279 E OMXNodeInstance: getExtensionIndex(ccf0036:ffmpeg.wmv.decoder, OMX.google.android.index.configureVideoTunnelMode) ERROR: UnsupportedIndex(0x8000101a)
09-16 08:56:54.616  3279  5024 W OMXNodeInstance: [ccf0036:ffmpeg.wmv.decoder] component does not support metadata mode; using fallback
09-16 08:56:54.616  3283  3283 I MediaPlayerService: MediaPlayerService::getOMX
09-16 08:56:54.617  3283  3283 I OMXClient: MuxOMX ctor
09-16 08:56:54.617  3283  3283 W MediaCodecList: unable to open media codecs configuration xml file: /etc/media_codecs_performance.xml
09-16 08:56:54.617  3283  3283 I MediaPlayerService: MediaPlayerService::getOMX
09-16 08:56:54.617  3283  3283 I OMXClient: MuxOMX ctor
09-16 08:56:54.617  3283  3283 W MediaCodecList: unable to open media codecs configuration xml file: /data/misc/media/media_codecs_profiling_results.xml
09-16 08:56:54.618  3283  3283 I MediaPlayerService: MediaPlayerService::getOMX
09-16 08:56:54.618  3283  3352 I MediaPlayerService: MediaPlayerService::getOMX
09-16 08:56:54.618  4917  4996 I OMXClient: MuxOMX ctor
09-16 08:56:54.619  3699  4974 I chatty  : uid=1000 system_server expire 1 line
09-16 08:56:54.619  3279  3326 I OMXMaster: makeComponentInstance(OMX.google.vorbis.decoder) in mediacodec process
09-16 08:56:54.620  3279  3279 I OMXMaster: makeComponentInstance(OMX.google.vorbis.decoder) in mediacodec process
09-16 08:56:54.634  4917  4917 D LocalBluetoothProfileManager: Adding local MAP profile
09-16 08:56:54.638  4917  4917 D BluetoothMap: Create BluetoothMap proxy object
09-16 08:56:54.646  4917  4917 D LocalBluetoothProfileManager: LocalBluetoothProfileManager construction complete
09-16 08:56:54.656  3283  4997 I MediaPlayerService: MediaPlayerService::getOMX
09-16 08:56:54.658  3699  5227 I chatty  : uid=1000 system_server expire 1 line
09-16 08:56:54.658  3279  3326 I OMXMaster: makeComponentInstance(OMX.google.vorbis.decoder) in mediacodec process
09-16 08:56:54.659  3283  5009 I MediaPlayerService: MediaPlayerService::getOMX
09-16 08:56:54.661  4917  5228 I OMXClient: MuxOMX ctor
09-16 08:56:54.663  3279  5024 I OMXMaster: makeComponentInstance(OMX.google.vorbis.decoder) in mediacodec process
09-16 08:56:54.678  4917  4917 I CameraManagerGlobal: Connecting to camera service
09-16 08:56:54.685  3265  3265 E CameraService: getCameraVendorTagDescriptor: camera hardware module doesn't exist
09-16 08:56:54.695  3283  4998 I MediaPlayerService: MediaPlayerService::getOMX
09-16 08:56:54.695  3283  5009 I MediaPlayerService: MediaPlayerService::getOMX
09-16 08:56:54.695  3699  5234 I chatty  : uid=1000 system_server expire 1 line
09-16 08:56:54.695  4917  5233 I OMXClient: MuxOMX ctor
09-16 08:56:54.696  3279  3279 I OMXMaster: makeComponentInstance(OMX.google.vorbis.decoder) in mediacodec process
09-16 08:56:54.696  3279  3326 I OMXMaster: makeComponentInstance(OMX.google.vorbis.decoder) in mediacodec process
09-16 08:56:54.721  3283  4998 I MediaPlayerService: MediaPlayerService::getOMX
09-16 08:56:54.722  3699  5241 I chatty  : uid=1000 system_server expire 1 line
09-16 08:56:54.722  3279  3279 I OMXMaster: makeComponentInstance(OMX.google.vorbis.decoder) in mediacodec process
09-16 08:56:54.724  3699  4930 I ActivityManager: Start proc 5240:org.cyanogenmod.weather.provider/u0a32 for content provider org.cyanogenmod.weather.provider/.WeatherContentProvider
09-16 08:56:54.743  3283  3283 I MediaPlayerService: MediaPlayerService::getOMX
09-16 08:56:54.744  3699  5258 I chatty  : uid=1000 system_server expire 1 line
09-16 08:56:54.744  3279  3279 I OMXMaster: makeComponentInstance(OMX.google.vorbis.decoder) in mediacodec process
09-16 08:56:54.746  5240  5240 W System  : ClassLoader referenced unknown path: /system/priv-app/WeatherProvider/lib/arm64
09-16 08:56:54.774  3283  4997 I MediaPlayerService: MediaPlayerService::getOMX
09-16 08:56:54.774  3699  5264 I chatty  : uid=1000 system_server expire 1 line
09-16 08:56:54.775  3279  3279 I OMXMaster: makeComponentInstance(OMX.google.vorbis.decoder) in mediacodec process
09-16 08:56:54.802  4917  4921 I art     : Do full code cache collection, code=251KB, data=207KB
09-16 08:56:54.802  4917  4921 I art     : Starting a blocking GC JitCodeCache
09-16 08:56:54.802  4917  4921 I art     : After code cache collection, code=243KB, data=180KB
09-16 08:56:54.804  4901  5048 I LatinIME:LogUtils: Dictionary info: dictionary = main:bg ; version = 1 ; date = 1457766000
09-16 08:56:54.829  4917  5267 E ActivityThread: Failed to find provider info for com.android.contacts
09-16 08:56:54.833  4901  5048 I LatinIME:LogUtils: Dictionary info: dictionary = main:cs ; version = 44 ; date = 1393228134
09-16 08:56:54.839  4901  5048 I LatinIME:LogUtils: Dictionary info: dictionary = main:da ; version = 44 ; date = 1393228134
09-16 08:56:54.839  4917  5052 D OpenGLRenderer: profile bars disabled
09-16 08:56:54.839  4917  5052 D OpenGLRenderer: ambientRatio = 1.50
09-16 08:56:54.853  4917  4917 D PhoneStatusBar: disable: < EXPAND* icons alerts system_info BACK* HOME* RECENT* clock SEARCH* quick_settings >
09-16 08:56:54.863  4901  5048 I LatinIME:LogUtils: Dictionary info: dictionary = main:de ; version = 54 ; date = 1414726263
09-16 08:56:54.873  4901  5048 I LatinIME:LogUtils: Dictionary info: dictionary = main:el ; version = 44 ; date = 1393228134
09-16 08:56:54.878  4901  5048 I LatinIME:LogUtils: Dictionary info: dictionary = main:en ; version = 54 ; date = 1414726273
09-16 08:56:54.887  4901  5048 I LatinIME:LogUtils: Dictionary info: dictionary = main:es ; version = 54 ; date = 1414726268
09-16 08:56:54.896  4901  5048 I LatinIME:LogUtils: Dictionary info: dictionary = main:fi ; version = 44 ; date = 1393228135
09-16 08:56:54.919  4901  5048 I LatinIME:LogUtils: Dictionary info: dictionary = main:fr ; version = 54 ; date = 1414726264
09-16 08:56:54.935  4917  4921 I art     : Do partial code cache collection, code=247KB, data=191KB
09-16 08:56:54.935  4917  4921 I art     : After code cache collection, code=247KB, data=191KB
09-16 08:56:54.935  4917  4921 I art     : Increasing code cache capacity to 1024KB
09-16 08:56:54.953  4901  5048 I LatinIME:LogUtils: Dictionary info: dictionary = main:hr ; version = 44 ; date = 1393228135
09-16 08:56:54.976  4901  5048 I LatinIME:LogUtils: Dictionary info: dictionary = main:hu ; version = 1 ; date = 1473269900
09-16 08:56:54.990  4901  5048 I LatinIME:LogUtils: Dictionary info: dictionary = main:it ; version = 54 ; date = 1414726258
09-16 08:56:55.007  4917  4917 D PhoneStatusBar: heads up is enabled
09-16 08:56:55.010  4901  5048 I LatinIME:LogUtils: Dictionary info: dictionary = main:iw ; version = 44 ; date = 1393228136
09-16 08:56:55.014  4917  4917 D StatusBar: user hasn't seen notification about hidden notifications
09-16 08:56:55.015  4917  4917 D StatusBar: insecure lockscreen, skipping notification
09-16 08:56:55.033  4901  5048 I LatinIME:LogUtils: Dictionary info: dictionary = main:lb ; version = 1 ; date = 1380519383
09-16 08:56:55.050  4901  5048 I LatinIME:LogUtils: Dictionary info: dictionary = main:nb ; version = 44 ; date = 1393228136
09-16 08:56:55.053  4917  4917 I Choreographer: Skipped 47 frames!  The application may be doing too much work on its main thread.
09-16 08:56:55.067  4901  5048 I LatinIME:LogUtils: Dictionary info: dictionary = main:nl ; version = 44 ; date = 1393228136
09-16 08:56:55.079  4917  4917 D ViewRootImpl[StatusBar]: changeCanvasOpacity: opaque=true
09-16 08:56:55.082  4901  5048 I LatinIME:LogUtils: Dictionary info: dictionary = main:ru ; version = 54 ; date = 1414726277
09-16 08:56:55.095  4901  5048 I LatinIME:LogUtils: Dictionary info: dictionary = main:sv ; version = 44 ; date = 1393228154
09-16 08:56:55.116  4901  5048 I LatinIME:LogUtils: Dictionary info: dictionary = main:uk ; version = 1 ; date = 1376495808
09-16 08:56:55.136  4901  5048 I BinaryDictionaryFileDumper: reinitializeClientRecordInDictionaryContentProvider() : Insert DictionaryInfo : Id = 'main:bg' : Locale=bg : Version=1
09-16 08:56:55.165  4901  5048 I BinaryDictionaryFileDumper: reinitializeClientRecordInDictionaryContentProvider() : Insert DictionaryInfo : Id = 'main:cs' : Locale=cs : Version=44
09-16 08:56:55.216  4901  5048 I BinaryDictionaryFileDumper: reinitializeClientRecordInDictionaryContentProvider() : Insert DictionaryInfo : Id = 'main:da' : Locale=da : Version=44
09-16 08:56:55.281  4901  5048 I BinaryDictionaryFileDumper: reinitializeClientRecordInDictionaryContentProvider() : Insert DictionaryInfo : Id = 'main:de' : Locale=de : Version=54
09-16 08:56:55.291  3699  3799 W LocalDisplayAdapter: Unable to find color mode 0, ignoring request.
09-16 08:56:55.298  4917  5052 I OpenGLRenderer: Initialized EGL, version 1.4
09-16 08:56:55.298  4917  5052 D OpenGLRenderer: Swap behavior 1
09-16 08:56:55.303  4917  5052 D mali_winsys: EGLint new_window_surface(egl_winsys_display*, void*, EGLSurface, EGLConfig, egl_winsys_surface**, egl_color_buffer_format*, EGLBoolean) returns 0x3000,  [1440x84]-format:1
09-16 08:56:55.324  4901  5048 I BinaryDictionaryFileDumper: reinitializeClientRecordInDictionaryContentProvider() : Insert DictionaryInfo : Id = 'main:el' : Locale=el : Version=44
09-16 08:56:55.339  3699  3808 W LocalDisplayAdapter: Unable to find color mode 0, ignoring request.
09-16 08:56:55.363  4917  5052 D mali_winsys: EGLint new_window_surface(egl_winsys_display*, void*, EGLSurface, EGLConfig, egl_winsys_surface**, egl_color_buffer_format*, EGLBoolean) returns 0x3000,  [1440x168]-format:1
09-16 08:56:55.384  4901  5048 I BinaryDictionaryFileDumper: reinitializeClientRecordInDictionaryContentProvider() : Insert DictionaryInfo : Id = 'main:en' : Locale=en : Version=54
09-16 08:56:55.388  3699  3799 I ActivityManager: user 0 is still locked. Cannot load recents
09-16 08:56:55.400  3699  4930 I chatty  : uid=1000(system) Binder:3699_3 expire 4 lines
09-16 08:56:55.426  3699  5038 W LocalDisplayAdapter: Unable to find color mode 0, ignoring request.
09-16 08:56:55.426  3699  4810 D WifiService: New client listening to asynchronous messages
09-16 08:56:55.428  4901  5048 I BinaryDictionaryFileDumper: reinitializeClientRecordInDictionaryContentProvider() : Insert DictionaryInfo : Id = 'main:es' : Locale=es : Version=54
09-16 08:56:55.436  3699  3808 W LocalDisplayAdapter: Unable to find color mode 0, ignoring request.
09-16 08:56:55.494  4901  5048 I BinaryDictionaryFileDumper: reinitializeClientRecordInDictionaryContentProvider() : Insert DictionaryInfo : Id = 'main:fi' : Locale=fi : Version=44
09-16 08:56:55.536  4901  5048 I BinaryDictionaryFileDumper: reinitializeClientRecordInDictionaryContentProvider() : Insert DictionaryInfo : Id = 'main:fr' : Locale=fr : Version=54
09-16 08:56:55.579  4901  5048 I BinaryDictionaryFileDumper: reinitializeClientRecordInDictionaryContentProvider() : Insert DictionaryInfo : Id = 'main:hr' : Locale=hr : Version=44
09-16 08:56:55.593  3077  4802 I vold    : Trimmed 56229138432 bytes on /data in 5007ms
09-16 08:56:55.594  3077  4802 D vold    : Starting trim of /efs
09-16 08:56:55.595  3699  4162 D VoldConnector: RCV <- {662 /data 56229138432 5007943343}
09-16 08:56:55.613  3077  4802 I vold    : Trimmed 5251072 bytes on /efs in 19ms
09-16 08:56:55.614  3699  4162 D VoldConnector: RCV <- {662 /efs 5251072 19430846}
09-16 08:56:55.616  4901  5048 I BinaryDictionaryFileDumper: reinitializeClientRecordInDictionaryContentProvider() : Insert DictionaryInfo : Id = 'main:hu' : Locale=hu : Version=1
09-16 08:56:55.653  4901  5048 I BinaryDictionaryFileDumper: reinitializeClientRecordInDictionaryContentProvider() : Insert DictionaryInfo : Id = 'main:it' : Locale=it : Version=54
09-16 08:56:55.679  4917  4917 D PhoneStatusBar: disable: < expand* icons alerts system_info back* home* recent* clock search* quick_settings >
09-16 08:56:55.680  4901  5048 I BinaryDictionaryFileDumper: reinitializeClientRecordInDictionaryContentProvider() : Insert DictionaryInfo : Id = 'main:iw' : Locale=iw : Version=44
09-16 08:56:55.701  4901  5048 I BinaryDictionaryFileDumper: reinitializeClientRecordInDictionaryContentProvider() : Insert DictionaryInfo : Id = 'main:lb' : Locale=lb : Version=1
09-16 08:56:55.720  4901  5048 I BinaryDictionaryFileDumper: reinitializeClientRecordInDictionaryContentProvider() : Insert DictionaryInfo : Id = 'main:nb' : Locale=nb : Version=44
09-16 08:56:55.745  4901  5048 I BinaryDictionaryFileDumper: reinitializeClientRecordInDictionaryContentProvider() : Insert DictionaryInfo : Id = 'main:nl' : Locale=nl : Version=44
09-16 08:56:55.761  4901  5048 I BinaryDictionaryFileDumper: reinitializeClientRecordInDictionaryContentProvider() : Insert DictionaryInfo : Id = 'main:ru' : Locale=ru : Version=54
09-16 08:56:55.777  4901  5048 I BinaryDictionaryFileDumper: reinitializeClientRecordInDictionaryContentProvider() : Insert DictionaryInfo : Id = 'main:sv' : Locale=sv : Version=44
09-16 08:56:55.795  4901  5048 I BinaryDictionaryFileDumper: reinitializeClientRecordInDictionaryContentProvider() : Insert DictionaryInfo : Id = 'main:uk' : Locale=uk : Version=1
09-16 08:56:55.810  4901  5048 I BinaryDictionaryFileDumper: reinitializeClientRecordInDictionaryContentProvider() : Insert DictionaryInfo : Id = 'main:en_us' : Locale=en_US : Version=-1
09-16 08:56:55.828  4901  5048 W BinaryDictionaryFileDumper: Missing metadata.json resource
09-16 08:56:55.862  4901  5048 I LatinIME:LogUtils: Dictionary info: dictionary = main:en ; version = 54 ; date = 1414726273
09-16 08:56:55.870  3699  3699 D BluetoothManagerService: Trying to bind to profile: 1, while Bluetooth was disabled
09-16 08:56:55.875  3699  3699 I Telecom : SystemStateProvider: Registering car mode receiver: android.content.IntentFilter@538de5b: TS.init@AAA
09-16 08:56:55.882  3699  5289 I Telecom : Telecom: Non-call EVENT: AUDIO_ROUTE, Entering state QuiescentEarpieceRoute
09-16 08:56:55.885  3699  5291 I Telecom : CallAudioModeStateMachine: Message received: null.: TS.init->CAMSM.pM_1@AAA_0
09-16 08:56:55.893  4901  5048 I LatinIME:LogUtils: Dictionary info: dictionary = main:en ; version = 54 ; date = 1414726273
09-16 08:56:55.918  3699  3699 I Telecom : ViceNotificationImpl: ViceNotificationImpl: TS.init@AAA
09-16 08:56:55.923  3699  3699 D BluetoothManagerService: Trying to bind to profile: 1, while Bluetooth was disabled
09-16 08:56:55.924  3699  5294 E ActivityThread: Failed to find provider info for call_log
09-16 08:56:55.927  3699  3699 I Telecom : Class: TelecomSystem.INSTANCE being set
09-16 08:56:55.928  3699  3699 W ContextImpl: Calling a method in the system process without a qualified user: android.app.ContextImpl.startService:1357 android.content.ContextWrapper.startService:613 com.android.server.telecom.components.TelecomService.initializeTelecomSystem:196 com.android.server.telecom.components.TelecomService.onBind:64 android.app.ActivityThread.handleBindService:3243 
09-16 08:56:55.928  4901  5048 I LatinIME:LogUtils: Dictionary info: dictionary = main:en ; version = 54 ; date = 1414726273
09-16 08:56:55.937  3699  3699 D BluetoothManagerService: Bluetooth Adapter name changed to Samsung Galaxy S7 Edge
09-16 08:56:55.938  3699  3699 D BluetoothManagerService: Stored Bluetooth name: Samsung Galaxy S7 Edge
09-16 08:56:55.938  3699  3699 D BluetoothManagerService: BluetoothServiceConnection: com.android.bluetooth.btservice.AdapterService
09-16 08:56:55.939  3699  3807 D BluetoothManagerService: MESSAGE_BLUETOOTH_SERVICE_CONNECTED: 1
09-16 08:56:55.942  3699  3807 D BluetoothManagerService: MESSAGE_GET_NAME_AND_ADDRESS
09-16 08:56:55.956  3699  3807 D BluetoothManagerService: Stored Bluetooth name: Samsung Galaxy S7 Edge
09-16 08:56:55.960  3699  3807 D BluetoothManagerService: Stored Bluetoothaddress: 90:06:28:83:34:F4
09-16 08:56:55.962  3699  3807 D BluetoothManagerService: unbindAndFinish(): android.bluetooth.IBluetooth$Stub$Proxy@68ed7da mBinding = false mUnbinding = false
09-16 08:56:55.966  4901  5048 I LatinIME:LogUtils: Dictionary info: dictionary = main:en ; version = 54 ; date = 1414726273
09-16 08:56:55.968  3699  3699 V WiredAccessoryManager: init()
09-16 08:56:55.969  4877  4877 W BluetoothAdapterService: onUnbind, calling cleanup
09-16 08:56:55.970  4877  4877 D BluetoothAdapterService: cleanup()
09-16 08:56:55.971  4877  4877 W BluetoothSdpJni: Cleaning up Bluetooth SDP Interface...
09-16 08:56:55.971  4877  4877 W BluetoothSdpJni: Cleaning up Bluetooth SDP object
09-16 08:56:55.971  4877  4877 D BluetoothAdapterService: cleanup() - Cleaning up adapter native
09-16 08:56:55.973  4877  4895 I bt_stack_manager: event_clean_up_stack is cleaning up the stack
09-16 08:56:55.981  4877  4895 E BluetoothServiceJni: Callback env check fail: env: 0x0, callback: 0xed385770
09-16 08:56:55.981  4877  4895 E BluetoothServiceJni: Callback: 'callback_thread_event' is not called on the correct thread
09-16 08:56:55.981  4877  4900 W bt_osi_thread: run_thread: thread id 4900, thread name bt_jni_workqueue exited
09-16 08:56:55.982  4877  4895 I bt_core_module: module_clean_up Cleaning up module "stack_config_module"
09-16 08:56:55.982  4877  4895 I bt_core_module: module_clean_up Cleanup of module "stack_config_module" completed
09-16 08:56:55.982  4877  4895 I bt_core_module: module_clean_up Cleaning up module "interop_module"
09-16 08:56:55.982  4877  4895 I bt_core_module: module_clean_up Cleanup of module "interop_module" completed
09-16 08:56:55.982  4877  4895 I bt_core_module: module_clean_up Cleaning up module "btif_config_module"
09-16 08:56:55.990  3699  3699 I BrokerableCMSystemService: Implementation service connected
09-16 08:56:55.998  4901  5048 I LatinIME:LogUtils: Dictionary info: dictionary = main:en ; version = 54 ; date = 1414726273
09-16 08:56:56.005  4877  4895 I bt_core_module: module_clean_up Cleanup of module "btif_config_module" completed
09-16 08:56:56.005  4877  4895 I bt_core_module: module_clean_up Cleaning up module "bt_utils_module"
09-16 08:56:56.005  4877  4895 I bt_core_module: module_clean_up Cleanup of module "bt_utils_module" completed
09-16 08:56:56.005  4877  4895 I bt_core_module: module_clean_up Cleaning up module "osi_module"
09-16 08:56:56.005  4877  4899 D bt_osi_alarm: callback_dispatch Callback thread exited
09-16 08:56:56.005  4877  4899 W bt_osi_thread: run_thread: thread id 4899, thread name alarm_dispatcher exited
09-16 08:56:56.006  4877  4898 W bt_osi_thread: run_thread: thread id 4898, thread name alarm_default_ca exited
09-16 08:56:56.006  4877  4895 I bt_core_module: module_clean_up Cleanup of module "osi_module" completed
09-16 08:56:56.006  4877  4895 I bt_stack_manager: event_clean_up_stack finished
09-16 08:56:56.006  4877  4877 I BluetoothServiceJni: cleanupNative: return from cleanup
09-16 08:56:56.007  4877  4877 W BluetoothVendorJni: Cleaning up Bluetooth Vendor Interface...
09-16 08:56:56.007  4877  4877 I bt_btif_vendor: cleanup
09-16 08:56:56.007  4877  4877 W BluetoothVendorJni: Cleaning up Bluetooth Vendor callback object
09-16 08:56:56.009  5058  5058 E TelephonyProvider: dbh.selectConflictingRow: Expected 1 but found 0 matching rows found for cv mnc=18 mmsport=8080 sub_id=-1 bearer_bitmask=0 mmsc=http://10.30.3.11/servlets/mms numeric=50218 mmsproxy=10.30.5.11 name=U Mobile MMS mcc=502 apn=my3g type=mms
09-16 08:56:56.010  5058  5058 E TelephonyProvider: dbh.selectConflictingRow: Expected 1 but found 0 matching rows found for cv mnc=19 sub_id=-1 bearer_bitmask=0 numeric=50219 name=Celcom 3G Internet mcc=502 apn=celcom3g type=default,supl
09-16 08:56:56.014  4877  4877 I art     : System.exit called, status: 0
09-16 08:56:56.014  4877  4877 I AndroidRuntime: VM exiting with result code 0, cleanup skipped.
09-16 08:56:56.017  5058  5058 E TelephonyProvider: dbh.selectConflictingRow: Expected 1 but found 0 matching rows found for cv password=* mnc=02 sub_id=-1 bearer_bitmask=0 numeric=50502 server=* name=Optus Internet mcc=505 apn=yesinternet type=default,supl user=*
09-16 08:56:56.019  5058  5058 E TelephonyProvider: dbh.selectConflictingRow: Expected 1 but found 0 matching rows found for cv password= sub_id=-1 bearer_bitmask=0 numeric=50502 mmsc= authtype=3 user= mnc=02 proxy= name=Boost Mobile port= mcc=505 apn=yesinternet type=default,supl
09-16 08:56:56.023  5058  5058 E TelephonyProvider: dbh.selectConflictingRow: Expected 1 but found 0 matching rows found for cv password= mnc=72 sub_id=-1 bearer_bitmask=0 mmsc= proxy= numeric=50572 name=Telstra Internet port= mcc=505 apn=Telstra.wap type=default,supl user=
09-16 08:56:56.026  5058  5058 E TelephonyProvider: dbh.selectConflictingRow: Expected 1 but found 0 matching rows found for cv password=indosat mnc=01 sub_id=-1 bearer_bitmask=0 numeric=51001 name=Indosat GPRS mcc=510 apn=indosatgprs type=default,supl user=indosat
09-16 08:56:56.027  5058  5058 E TelephonyProvider: dbh.selectConflictingRow: Expected 1 but found 0 matching rows found for cv password=indosat mnc=01 mmsport=8080 sub_id=-1 bearer_bitmask=0 mmsc=http://mmsc.indosat.com mmsproxy=10.19.19.19 numeric=51001 name=Indosat MMS mcc=510 apn=indosatmms type=mms user=indosat
09-16 08:56:56.028  4901  5048 I LatinIME:LogUtils: Dictionary info: dictionary = main:en ; version = 54 ; date = 1414726273
09-16 08:56:56.030  5058  5058 E TelephonyProvider: dbh.selectConflictingRow: Expected 1 but found 0 matching rows found for cv password=123456 mnc=08 sub_id=-1 bearer_bitmask=0 mmsc= proxy= numeric=51008 name=AXIS port= mcc=510 apn=AXIS type=default,supl user=axis
09-16 08:56:56.031  5058  5058 E TelephonyProvider: dbh.selectConflictingRow: Expected 1 but found 0 matching rows found for cv password=123456 sub_id=-1 bearer_bitmask=0 numeric=51008 mmsc=http://mmsc.AXIS user=axis mnc=08 mmsport=8080 proxy= mmsproxy=10.8.3.8 name=AXIS MMS port= mcc=510 apn=AXISmms type=mms
09-16 08:56:56.032  5058  5058 E TelephonyProvider: dbh.selectConflictingRow: Expected 1 but found 0 matching rows found for cv mnc=10 sub_id=-1 bearer_bitmask=0 numeric=51010 name=Telkomsel mcc=510 apn=internet type=default,supl
09-16 08:56:56.034  5058  5058 E TelephonyProvider: dbh.selectConflictingRow: Expected 1 but found 0 matching rows found for cv password=proxl mnc=11 mmsport=8080 sub_id=-1 bearer_bitmask=0 mmsc=http://mmc.xl.net.id/servlets/mms mmsproxy=202.152.240.50 numeric=51011 name=XL-MMS mcc=510 apn=www.xlmms.net type=mms user=xlgprs
09-16 08:56:56.037  5058  5058 E TelephonyProvider: dbh.selectConflictingRow: Expected 1 but found 0 matching rows found for cv password=3gprs mnc=89 sub_id=-1 bearer_bitmask=0 numeric=51089 name=3 ID mcc=510 apn=3gprs type=default,supl user=3gprs
09-16 08:56:56.038  5058  5058 E TelephonyProvider: dbh.selectConflictingRow: Expected 1 but found 0 matching rows found for cv password=3data mnc=89 sub_id=-1 bearer_bitmask=0 numeric=51089 name=3 ID INTERNET mcc=510 apn=3data type=default,supl user=3data
09-16 08:56:56.043  5058  5058 E TelephonyProvider: dbh.selectConflictingRow: Expected 1 but found 0 matching rows found for cv mnc=03 sub_id=-1 bearer_bitmask=0 numeric=51503 name=SMART(3G) Internet prepaid mcc=515 apn=internet type=default,supl
09-16 08:56:56.044  5058  5058 E TelephonyProvider: dbh.selectConflictingRow: Expected 1 but found 0 matching rows found for cv password=smartwap sub_id=-1 bearer_bitmask=0 numeric=51503 mmsc=http://10.102.61.238:8002 authtype=1 user=smartwap mnc=03 mmsport=8080 mmsproxy=10.102.61.46 name=SMART(3G) MMS prepaid mcc=515 apn=mms type=mms
09-16 08:56:56.045  5058  5058 E TelephonyProvider: dbh.selectConflictingRow: Expected 1 but found 0 matching rows found for cv mnc=03 sub_id=-1 bearer_bitmask=0 numeric=51503 proxy=10.102.61.46 name=SMART(3G) HTTP postpaid port=9201 mcc=515 authtype=1 apn=smart1 type=default
09-16 08:56:56.046  3699  3798 I ActivityManager: Process com.android.bluetooth (pid 4877) has died
09-16 08:56:56.047  3699  3798 D ActivityManager: cleanUpApplicationRecord -- 4877
09-16 08:56:56.049  5058  5058 E TelephonyProvider: dbh.selectConflictingRow: Expected 1 but found 0 matching rows found for cv mnc=05 sub_id=-1 bearer_bitmask=0 numeric=51505 name=Sun Streaming mcc=515 apn=minternet type=default,supl
09-16 08:56:56.057  5058  5058 E TelephonyProvider: dbh.selectConflictingRow: Expected 1 but found 0 matching rows found for cv password=user123 sub_id=-1 bearer_bitmask=0 numeric=52503 mmsc=http://mmsgw:8002 authtype=1 user=65 mnc=03 mmsport=8080 mmsproxy=172.16.14.10 name=M1 MMS mcc=525 apn=miworld type=mms
09-16 08:56:56.057  5058  5058 E TelephonyProvider: dbh.selectConflictingRow: Expected 1 but found 0 matching rows found for cv mnc=03 sub_id=-1 bearer_bitmask=0 numeric=52503 name=M1 mcc=525 apn=sunsurf type=default,supl
09-16 08:56:56.058  4901  5048 I LatinIME:LogUtils: Dictionary info: dictionary = main:en ; version = 54 ; date = 1414726273
09-16 08:56:56.058  5058  5058 E TelephonyProvider: dbh.selectConflictingRow: Expected 1 but found 0 matching rows found for cv mnc=03 sub_id=-1 bearer_bitmask=0 numeric=52503 name=Sunsurf Internet mcc=525 apn=sunsurf type=default,supl
09-16 08:56:56.060  3699  4824 I chatty  : uid=1000(system) notification-sq expire 1 line
09-16 08:56:56.062  5058  5058 E TelephonyProvider: dbh.selectConflictingRow: Expected 1 but found 0 matching rows found for cv mnc=01 sub_id=-1 bearer_bitmask=0 numeric=53001 name=Vodafone NZ mcc=530 apn=www.vodafone.net.nz type=default,supl
09-16 08:56:56.066  5058  5058 E TelephonyProvider: dbh.selectConflictingRow: Expected 1 but found 0 matching rows found for cv mnc=05 mmsport=8080 sub_id=-1 bearer_bitmask=0 mmsc=http://lsmmsc.xtra.co.nz numeric=53005 mmsproxy=210.55.11.73 name=XT Mobile MMS mcc=530 apn=wap.telecom.co.nz type=mms
09-16 08:56:56.070  5058  5058 E TelephonyProvider: dbh.selectConflictingRow: Expected 1 but found 0 matching rows found for cv mnc=02 mmsport=8080 sub_id=-1 bearer_bitmask=0 mmsc=http://mms.digicelpacific.com:8990 numeric=54202 mmsproxy=10.150.122.12 name=Digicel FJ MMS mcc=542 apn=wap.digicelpacific.com type=mms
09-16 08:56:56.071  5058  5058 E TelephonyProvider: dbh.selectConflictingRow: Expected 1 but found 0 matching rows found for cv mnc=02 sub_id=-1 bearer_bitmask=0 numeric=54202 name=Digicel FJ mcc=542 apn=web.digicelpacific.com type=default,supl
09-16 08:56:56.074  5058  5058 E TelephonyProvider: dbh.selectConflictingRow: Expected 1 but found 0 matching rows found for cv password=internet mnc=02 sub_id=-1 bearer_bitmask=0 numeric=60202 name=Vodafone EG mcc=602 apn=internet.vodafone.net type=default,supl user=internet
09-16 08:56:56.080  5058  5058 E TelephonyProvider: dbh.selectConflictingRow: Expected 1 but found 0 matching rows found for cv mnc=01 sub_id=-1 bearer_bitmask=0 numeric=60401 name=IAM mcc=604 apn=www.iamgprs1.ma type=default,supl
09-16 08:56:56.081  4901  5048 I LatinIME:LogUtils: Dictionary info: dictionary = main:en ; version = 54 ; date = 1414726273
09-16 08:56:56.091  5058  5058 E TelephonyProvider: dbh.selectConflictingRow: Expected 1 but found 0 matching rows found for cv password=mms mnc=01 mmsport=8080 sub_id=-1 bearer_bitmask=0 mmsc=http://mmsalize/servlets/mms mmsproxy=172.16.30.9 numeric=60801 name=Orange MMS SN mcc=608 apn=mms type=mms user=mms
09-16 08:56:56.092  5058  5058 E TelephonyProvider: dbh.selectConflictingRow: Expected 1 but found 0 matching rows found for cv password=wap mnc=01 sub_id=-1 bearer_bitmask=0 proxy=172.16.30.9 numeric=60801 name=Orange Wap SN port=8080 mcc=608 apn=wap type=default,supl user=wap
09-16 08:56:56.093  5058  5058 E TelephonyProvider: dbh.selectConflictingRow: Expected 1 but found 0 matching rows found for cv password=internet mnc=01 sub_id=-1 bearer_bitmask=0 numeric=60801 name=Orange Web SN mcc=608 apn=internet type=default,supl user=internet
09-16 08:56:56.095  5058  5058 E TelephonyProvider: dbh.selectConflictingRow: Expected 1 but found 0 matching rows found for cv password=mms mnc=02 mmsport=8080 sub_id=-1 bearer_bitmask=0 mmsc=http://10.109.6.2/servlets/mms mmsproxy=10.109.4.35 numeric=61002 name=Orange ML MMS mcc=610 apn=mms type=mms user=mms
09-16 08:56:56.096  5058  5058 E TelephonyProvider: dbh.selectConflictingRow: Expected 1 but found 0 matching rows found for cv password=wap mnc=02 sub_id=-1 bearer_bitmask=0 proxy=10.109.4.35 numeric=61002 name=Orange Wap ML port=8080 mcc=610 apn=wap type=default,supl user=wap
09-16 08:56:56.097  5058  5058 E TelephonyProvider: dbh.selectConflictingRow: Expected 1 but found 0 matching rows found for cv password=mms mnc=03 mmsport=8080 sub_id=-1 bearer_bitmask=0 mmsc=http://172.20.6.1/servlets/mms mmsproxy=172.20.4.33 numeric=61203 name=Omms CI mcc=612 apn=orangecimms type=mms user=mms
09-16 08:56:56.098  5058  5058 E TelephonyProvider: dbh.selectConflictingRow: Expected 1 but found 0 matching rows found for cv password=wap mnc=03 sub_id=-1 bearer_bitmask=0 proxy=172.20.4.33 numeric=61203 name=OWORLD CI port=8080 mcc=612 apn=orangeciwap type=default,supl user=wap
09-16 08:56:56.106  4901  5048 I LatinIME:LogUtils: Dictionary info: dictionary = main:en ; version = 54 ; date = 1414726273
09-16 08:56:56.107  5058  5058 E TelephonyProvider: dbh.selectConflictingRow: Expected 1 but found 0 matching rows found for cv password= mnc=01 sub_id=-1 bearer_bitmask=0 mmsc= proxy= numeric=63001 name=Vodacom CD port= mcc=630 apn=vodanet type=default,supl user=vodalive
09-16 08:56:56.114  5058  5058 E TelephonyProvider: dbh.selectConflictingRow: Expected 1 but found 0 matching rows found for cv password=orange mnc=07 sub_id=-1 bearer_bitmask=0 numeric=63907 name=Orange KE mcc=639 apn=bew.orange.co.ke type=default,supl user=orange
09-16 08:56:56.120  5058  5058 E TelephonyProvider: dbh.selectConflictingRow: Expected 1 but found 0 matching rows found for cv password= mnc=14 sub_id=-1 bearer_bitmask=0 mmsc= proxy= numeric=64114 name=Orange UG port= mcc=641 apn=orange.ug type=default,supl user=
09-16 08:56:56.123  5058  5058 E TelephonyProvider: dbh.selectConflictingRow: Expected 1 but found 0 matching rows found for cv password=orange mnc=02 sub_id=-1 bearer_bitmask=0 proxy=10.150.0.115 numeric=64602 name=Orange World MG port=8080 mcc=646 apn=orangeworld type=default,supl user=world
09-16 08:56:56.126  5058  5058 E TelephonyProvider: dbh.selectConflictingRow: Expected 1 but found 0 matching rows found for cv mnc=02 sub_id=-1 bearer_bitmask=0 numeric=64602 name=Orange MG mcc=646 apn=orangenet type=default,supl
09-16 08:56:56.129  5058  5058 E TelephonyProvider: dbh.selectConflictingRow: Expected 1 but found 0 matching rows found for cv password=orange mnc=00 mmsport=8080 sub_id=-1 bearer_bitmask=0 mmsc=http://mms.orange.re/ mmsproxy=192.168.010.200 numeric=64700 name=Orange RE MMS mcc=647 apn=orangerun.acte type=mms user=orange
09-16 08:56:56.129  4901  5048 I LatinIME:LogUtils: Dictionary info: dictionary = main:en ; version = 54 ; date = 1414726273
09-16 08:56:56.130  5058  5058 E TelephonyProvider: dbh.selectConflictingRow: Expected 1 but found 0 matching rows found for cv password=orange mnc=00 sub_id=-1 bearer_bitmask=0 numeric=64700 name=Orange RE mcc=647 apn=orangerun type=default,supl user=orange
09-16 08:56:56.130  5058  5058 E TelephonyProvider: dbh.selectConflictingRow: Expected 1 but found 0 matching rows found for cv password=orange mnc=00 mmsport=8080 sub_id=-1 bearer_bitmask=0 mmsc=http://mms.orange.re mmsproxy=192.168.10.200 numeric=64700 name=Orange MMS Runion mcc=647 apn=orangerun.acte type=mms user=orange
09-16 08:56:56.133  5058  5058 E TelephonyProvider: dbh.selectConflictingRow: Expected 1 but found 0 matching rows found for cv mnc=10 mmsport=8080 sub_id=-1 bearer_bitmask=0 mmsc=http://mms numeric=64710 mmsproxy=10.0.224.145 name=SFR MMS mcc=647 apn=mmssfr type=mms
09-16 08:56:56.149  3699  3699 D ConditionProviders.SCP: onSubscribe condition://android/schedule?days=1.2.3.4.5&start=22.0&end=7.0&exitAtAlarm=false
09-16 08:56:56.151  3699  3699 D ConditionProviders.SCP: setRegistered true
09-16 08:56:56.152  3699  3699 D ConditionProviders.SCP: notifyCondition condition://android/schedule?days=1.2.3.4.5&start=22.0&end=7.0&exitAtAlarm=false STATE_FALSE reason=!meetsSchedule
09-16 08:56:56.158  3699  3699 D ConditionProviders.SCP: Scheduling evaluate for Sat Sep 16 22:00:00 GMT+00:00 2017 (1505599200000), in +10h3m3s849ms, now=Sat Sep 16 11:56:56 GMT+00:00 2017 (1505563016151)
09-16 08:56:56.158  3699  3699 D ConditionProviders.SCP: onSubscribe condition://android/schedule?days=6.7&start=23.30&end=10.0&exitAtAlarm=false
09-16 08:56:56.160  3699  3699 D ConditionProviders.SCP: notifyCondition condition://android/schedule?days=6.7&start=23.30&end=10.0&exitAtAlarm=false STATE_FALSE reason=!meetsSchedule
09-16 08:56:56.161  3699  3699 D ConditionProviders.SCP: notifyCondition condition://android/schedule?days=1.2.3.4.5&start=22.0&end=7.0&exitAtAlarm=false STATE_FALSE reason=!meetsSchedule
09-16 08:56:56.162  3699  3699 D ConditionProviders.SCP: Scheduling evaluate for Sat Sep 16 22:00:00 GMT+00:00 2017 (1505599200000), in +10h3m3s841ms, now=Sat Sep 16 11:56:56 GMT+00:00 2017 (1505563016159)
09-16 08:56:56.169  5058  5058 E TelephonyProvider: dbh.selectConflictingRow: Expected 1 but found 0 matching rows found for cv password=movistarsv sub_id=-1 bearer_bitmask=0 numeric=70604 mmsc=http://mms.movistar.sv user=movistarsv mnc=04 mmsport=80 proxy= mmsproxy=10.12.20.1 name=Movistar SV MMS port= mcc=706 apn=mms.movistar.sv type=mms
09-16 08:56:56.170  4901  5048 I LatinIME:LogUtils: Dictionary info: dictionary = main:en ; version = 54 ; date = 1414726273
09-16 08:56:56.179  3699  3699 I Telecom : WiredHeadsetManager: ACTION_HEADSET_PLUG event, plugged in: false, : WHC.oADA@AAE
09-16 08:56:56.186  3699  3699 I ActivityManager: user 0 is still locked. Cannot load recents
09-16 08:56:56.187  3699  4825 E ActivityThread: Failed to find provider info for com.android.calendar
09-16 08:56:56.187  3699  4825 E ActivityThread: Failed to find provider info for com.android.calendar
09-16 08:56:56.200  5058  5058 E TelephonyProvider: dbh.selectConflictingRow: Expected 1 but found 0 matching rows found for cv password=movistarpa mnc=02 sub_id=-1 bearer_bitmask=0 numeric=71402 name=Movistar PA mcc=714 apn=internet.movistar.pa type=default,supl user=movistarpa
09-16 08:56:56.212  3227  3235 I SurfaceFlinger: Boot is finished (37592 ms)
09-16 08:56:56.218  5312  5312 F libc    : CANNOT LINK EXECUTABLE "/system/bin/sensorhubservice": library "libsensorhubservice.so" not found
09-16 08:56:56.218  5312  5312 F libc    : Fatal signal 6 (SIGABRT), code -6 in tid 5312 (sensorhubservic)
09-16 08:56:56.219  4901  5048 I LatinIME:LogUtils: Dictionary info: dictionary = main:en ; version = 54 ; date = 1414726273
09-16 08:56:56.219  3076  3076 W         : debuggerd: handling request: pid=5312 uid=1000 gid=1004 tid=5312
09-16 08:56:56.229  3699  3699 I Telecom : PhoneAccountRegistrar: SimCallManager queried, returning: null: TSI.gSCM@AAM
09-16 08:56:56.237  4901  4906 I art     : Do partial code cache collection, code=29KB, data=22KB
09-16 08:56:56.237  5058  5058 E TelephonyProvider: dbh.selectConflictingRow: Expected 1 but found 0 matching rows found for cv password= mnc=34 sub_id=-1 bearer_bitmask=0 mmsc= proxy= numeric=72234 name=Personal port= mcc=722 apn=gprs.personal.com type=default,supl user=gprs
09-16 08:56:56.237  4901  4906 I art     : After code cache collection, code=26KB, data=21KB
09-16 08:56:56.237  4901  4906 I art     : Increasing code cache capacity to 128KB
09-16 08:56:56.245  5058  5058 E TelephonyProvider: dbh.selectConflictingRow: Expected 1 but found 0 matching rows found for cv password=guest mnc=310 sub_id=-1 bearer_bitmask=0 mmsc= proxy= numeric=722310 name=CTI port= mcc=722 apn=internet.ctimovil.com.ar type=default,supl user=guest
09-16 08:56:56.248  5058  5058 E TelephonyProvider: dbh.selectConflictingRow: Expected 1 but found 0 matching rows found for cv password=ctigpr999 sub_id=-1 bearer_bitmask=0 numeric=722310 mmsc= authtype=1 user=ctigprs mnc=310 proxy= name=Claro AR port= mcc=722 apn=igprs.claro.com.ar type=default,supl
09-16 08:56:56.256  3699  3699 D ZenLog  : config: conditionChanged,ZenModeConfig[user=0,allowCalls=true,allowRepeatCallers=false,allowMessages=false,allowCallsFrom=contacts,allowMessagesFrom=contacts,allowReminders=true,allowEvents=true,allowWhenScreenOff=true,allowWhenScreenOn=true,automaticRules={4b5a5c634add4e09a45c7e054bc679fd=ZenRule[enabled=false,snoozing=false,name=Event,zenMode=ZEN_MODE_ALARMS,conditionId=condition://android/event?userId=-10000&calendar=&reply=1,condition=null,component=ComponentInfo{android/com.android.server.notification.EventConditionProvider},id=4b5a5c634add4e09a45c7e054bc679fd,creationTime=1505563010974,enabler=null], ca1e62f211404186afb7574bc2f8422c=ZenRule[enabled=false,snoozing=false,name=Weeknight,zenMode=ZEN_MODE_ALARMS,conditionId=condition://android/schedule?days=1.2.3.4.5&start=22.0&end=7.0&exitAtAlarm=false,condition=Condition[id=condition://android/schedule?days=1.2.3.4.5&start=22.0&end=7.0&exitAtAlarm=false,summary=...,line1=...,line2=...,icon=0,state=STATE_FALSE,flags=2],component=ComponentInfo{android/com.android.server.notification.ScheduleConditionProvider},id=ca1e62f211404186afb7574bc2f8422c,creationTime=1505563010973,enabler=null], c8731cda56e84327aa806468686ff955=ZenRule[enabled=false,snoozing=false,name=Weekend,zenMode=ZEN_MODE_ALARMS,conditionId=condition://android/schedule?days=6.7&start=23.30&end=10.0&exitAtAlarm=false,condition=null,component=ComponentInfo{android/com.android.server.notification.ScheduleConditionProvider},id=c8731cda56e84327aa806468686ff955,creationTime=1505563010974,enabler=null]},manualRule=null],Diff[automaticRule[ca1e62f211404186afb7574bc2f8422c].condition:null->Condition[id=condition://android/schedule?days=1.2.3.4.5&start=22.0&end=7.0&exitAtAlarm=false,summary=...,line1=...,line2=...,icon=0,state=STATE_FALSE,flags=2]]
09-16 08:56:56.258  4901  5048 I LatinIME:LogUtils: Dictionary info: dictionary = main:en ; version = 54 ; date = 1414726273
09-16 08:56:56.262  3699  3699 D ZenLog  : config: conditionChanged,ZenModeConfig[user=0,allowCalls=true,allowRepeatCallers=false,allowMessages=false,allowCallsFrom=contacts,allowMessagesFrom=contacts,allowReminders=true,allowEvents=true,allowWhenScreenOff=true,allowWhenScreenOn=true,automaticRules={4b5a5c634add4e09a45c7e054bc679fd=ZenRule[enabled=false,snoozing=false,name=Event,zenMode=ZEN_MODE_ALARMS,conditionId=condition://android/event?userId=-10000&calendar=&reply=1,condition=null,component=ComponentInfo{android/com.android.server.notification.EventConditionProvider},id=4b5a5c634add4e09a45c7e054bc679fd,creationTime=1505563010974,enabler=null], ca1e62f211404186afb7574bc2f8422c=ZenRule[enabled=false,snoozing=false,name=Weeknight,zenMode=ZEN_MODE_ALARMS,conditionId=condition://android/schedule?days=1.2.3.4.5&start=22.0&end=7.0&exitAtAlarm=false,condition=Condition[id=condition://android/schedule?days=1.2.3.4.5&start=22.0&end=7.0&exitAtAlarm=false,summary=...,line1=...,line2=...,icon=0,state=STATE_FALSE,flags=2],component=ComponentInfo{android/com.android.server.notification.ScheduleConditionProvider},id=ca1e62f211404186afb7574bc2f8422c,creationTime=1505563010973,enabler=null], c8731cda56e84327aa806468686ff955=ZenRule[enabled=false,snoozing=false,name=Weekend,zenMode=ZEN_MODE_ALARMS,conditionId=condition://android/schedule?days=6.7&start=23.30&end=10.0&exitAtAlarm=false,condition=Condition[id=condition://android/schedule?days=6.7&start=23.30&end=10.0&exitAtAlarm=false,summary=...,line1=...,line2=...,icon=0,state=STATE_FALSE,flags=2],component=ComponentInfo{android/com.android.server.notification.ScheduleConditionProvider},id=c8731cda56e84327aa806468686ff955,creationTime=1505563010974,enabler=null]},manualRule=null],Diff[automaticRule[c8731cda56e84327aa806468686ff955].condition:null->Condition[id=condition://android/schedule?days=6.7&start=23.30&end=10.0&exitAtAlarm=false,summary=...,line1=...,line2=...,icon=0,state=STATE_FALSE,flags=2]]
09-16 08:56:56.269  3699  3699 D ZenLog  : config: conditionChanged,ZenModeConfig[user=0,allowCalls=true,allowRepeatCallers=false,allowMessages=false,allowCallsFrom=contacts,allowMessagesFrom=contacts,allowReminders=true,allowEvents=true,allowWhenScreenOff=true,allowWhenScreenOn=true,automaticRules={4b5a5c634add4e09a45c7e054bc679fd=ZenRule[enabled=false,snoozing=false,name=Event,zenMode=ZEN_MODE_ALARMS,conditionId=condition://android/event?userId=-10000&calendar=&reply=1,condition=Condition[id=condition://android/event?userId=-10000&calendar=&reply=1,summary=...,line1=...,line2=...,icon=0,state=STATE_FALSE,flags=2],component=ComponentInfo{android/com.android.server.notification.EventConditionProvider},id=4b5a5c634add4e09a45c7e054bc679fd,creationTime=1505563010974,enabler=null], ca1e62f211404186afb7574bc2f8422c=ZenRule[enabled=false,snoozing=false,name=Weeknight,zenMode=ZEN_MODE_ALARMS,conditionId=condition://android/schedule?days=1.2.3.4.5&start=22.0&end=7.0&exitAtAlarm=false,condition=Condition[id=condition://android/schedule?days=1.2.3.4.5&start=22.0&end=7.0&exitAtAlarm=false,summary=...,line1=...,line2=...,icon=0,state=STATE_FALSE,flags=2],component=ComponentInfo{android/com.android.server.notification.ScheduleConditionProvider},id=ca1e62f211404186afb7574bc2f8422c,creationTime=1505563010973,enabler=null], c8731cda56e84327aa806468686ff955=ZenRule[enabled=false,snoozing=false,name=Weekend,zenMode=ZEN_MODE_ALARMS,conditionId=condition://android/schedule?days=6.7&start=23.30&end=10.0&exitAtAlarm=false,condition=Condition[id=condition://android/schedule?days=6.7&start=23.30&end=10.0&exitAtAlarm=false,summary=...,line1=...,line2=...,icon=0,state=STATE_FALSE,flags=2],component=ComponentInfo{android/com.android.server.notification.ScheduleConditionProvider},id=c8731cda56e84327aa806468686ff955,creationTime=1505563010974,enabler=null]},manualRule=null],Diff[automaticRule[4b5a5c634add4e09a45c7e054bc679fd].condition:null->Condition[id=condition://android/event?userId=-10000&calendar=&reply=1,summary=...,line1=...,line2=...,icon=0,state=STATE_FALSE,flags=2]]
09-16 08:56:56.270  5058  5058 E TelephonyProvider: dbh.selectConflictingRow: Expected 1 but found 0 matching rows found for cv password=celular mnc=23 sub_id=-1 bearer_bitmask=0 mmsc=null proxy= numeric=72423 name=Telemig GPRS port= mcc=724 apn=gprs.telemigcelular.com.br type=default,supl user=celular
09-16 08:56:56.271  3699  3699 D ZenLog  : set_zen_mode: off,conditionChanged
09-16 08:56:56.271  5058  5058 E TelephonyProvider: dbh.selectConflictingRow: Expected 1 but found 0 matching rows found for cv password=celular sub_id=-1 bearer_bitmask=0 numeric=72423 mmsc=http://mms.telemigcelular.com.br user=celular mnc=23 mmsport=8080 proxy= mmsproxy=200.192.230.142 name=Telemig MMS port= mcc=724 apn=mmsgprs.telemigcelular.com.br type=mms
09-16 08:56:56.274  5313  5313 F DEBUG   : *** *** *** *** *** *** *** *** *** *** *** *** *** *** *** ***
09-16 08:56:56.274  5313  5313 F DEBUG   : LineageOS Version: '14.1-20170916-UNOFFICIAL-dream2lte'
09-16 08:56:56.274  5313  5313 F DEBUG   : Build fingerprint: 'samsung/dream2ltexx/dream2lte:7.0/NRD90M/G955FXXU1AQH3:user/release-keys'
09-16 08:56:56.274  5313  5313 F DEBUG   : Revision: '0'
09-16 08:56:56.274  5313  5313 F DEBUG   : ABI: 'arm64'
09-16 08:56:56.274  5313  5313 F DEBUG   : pid: 5312, tid: 5312, name: sensorhubservic  >>> /system/bin/sensorhubservice <<<
09-16 08:56:56.274  5313  5313 F DEBUG   : signal 6 (SIGABRT), code -6 (SI_TKILL), fault addr --------
09-16 08:56:56.275  5313  5313 F DEBUG   :     x0   0000000000000000  x1   00000000000014c0  x2   0000000000000006  x3   0000000000000008
09-16 08:56:56.275  5313  5313 F DEBUG   :     x4   0000000000000008  x5   0000000000000060  x6   3f0f03003f0eff63  x7   7f7f7f7f7f7f7f7f
09-16 08:56:56.275  5313  5313 F DEBUG   :     x8   0000000000000083  x9   ffffffffffffffdf  x10  0000000000000000  x11  0000000000000001
09-16 08:56:56.275  5313  5313 F DEBUG   :     x12  ffffffffffffffff  x13  0000000000000000  x14  0000000000000000  x15  000d0a7ec96fe32e
09-16 08:56:56.275  5313  5313 F DEBUG   :     x16  0000007fd8fc2bf0  x17  0000007fd8fc2abf  x18  00000000ffffffff  x19  0000007f96466b40
09-16 08:56:56.275  5313  5313 F DEBUG   :     x20  0000000000000006  x21  0000007f96466a98  x22  0000000000000002  x23  0000007f9639e010
09-16 08:56:56.275  5313  5313 F DEBUG   :     x24  0000000000000009  x25  0000007fd8fc3850  x26  0000007fd8fc38a0  x27  0000007f963a31b8
09-16 08:56:56.275  5313  5313 F DEBUG   :     x28  0000007f963a3010  x29  0000007fd8fc36c0  x30  0000007f96426334
09-16 08:56:56.275  5313  5313 F DEBUG   :     sp   0000007fd8fc36a0  pc   0000007f96426e64  pstate 0000000060000000
09-16 08:56:56.276  3699  3699 D ZenLog  : set_zen_mode: off,conditionChanged
09-16 08:56:56.279  5313  5313 F DEBUG   : 
09-16 08:56:56.279  5313  5313 F DEBUG   : backtrace:
09-16 08:56:56.279  5313  5313 F DEBUG   :     #00 pc 0000000000075e64  /system/bin/linker64 (__dl_tgkill+8)
09-16 08:56:56.279  5313  5313 F DEBUG   :     #01 pc 0000000000075330  /system/bin/linker64 (__dl_pthread_kill+64)
09-16 08:56:56.279  5313  5313 F DEBUG   :     #02 pc 0000000000068e24  /system/bin/linker64 (__dl_raise+24)
09-16 08:56:56.280  5313  5313 F DEBUG   :     #03 pc 00000000000667f8  /system/bin/linker64 (__dl_abort+52)
09-16 08:56:56.280  5313  5313 F DEBUG   :     #04 pc 00000000000689ac  /system/bin/linker64 (__dl___libc_fatal+104)
09-16 08:56:56.280  5313  5313 F DEBUG   :     #05 pc 0000000000010e3c  /system/bin/linker64 (__dl__ZL29__linker_init_post_relocationR19KernelArgumentBlocky+6216)
09-16 08:56:56.280  5313  5313 F DEBUG   :     #06 pc 000000000000f554  /system/bin/linker64 (__dl___linker_init+528)
09-16 08:56:56.280  5313  5313 F DEBUG   :     #07 pc 0000000000006cd0  /system/bin/linker64 (_start+4)
09-16 08:56:56.281  4901  5048 I LatinIME:LogUtils: Dictionary info: dictionary = main:en ; version = 54 ; date = 1414726273
09-16 08:56:56.287  5058  5058 E TelephonyProvider: dbh.selectConflictingRow: Expected 1 but found 0 matching rows found for cv password=clarochile mnc=03 mmsport=8080 sub_id=-1 bearer_bitmask=0 mmsc=http://mms.clarochile.cl mmsproxy=172.23.200.200 numeric=73003 name=MMS CLARO mcc=730 apn=mms.clarochile.cl type=mms user=clarochile
09-16 08:56:56.290  5058  5058 E TelephonyProvider: dbh.selectConflictingRow: Expected 1 but found 0 matching rows found for cv password=entelpcs mnc=10 sub_id=-1 bearer_bitmask=0 numeric=73010 name=WEB EPCS mcc=730 apn=imovil.entelpcs.cl type=default,supl user=entelpcs
09-16 08:56:56.291  5058  5058 E TelephonyProvider: dbh.selectConflictingRow: Expected 1 but found 0 matching rows found for cv password=entelpcs mnc=10 mmsport=8080 sub_id=-1 bearer_bitmask=0 mmsc=http://mmsc.entelpcs.cl mmsproxy=10.99.0.10 numeric=73010 name=MMS EPCS mcc=730 apn=mms.entelpcs.cl type=mms user=entelmms
09-16 08:56:56.298  3699  3699 D ZenLog  : set_zen_mode: off,conditionChanged
09-16 08:56:56.302  5058  5064 I art     : Do partial code cache collection, code=123KB, data=78KB
09-16 08:56:56.302  5058  5064 I art     : After code cache collection, code=123KB, data=78KB
09-16 08:56:56.302  5058  5064 I art     : Increasing code cache capacity to 512KB
09-16 08:56:56.304  5058  5058 E TelephonyProvider: dbh.selectConflictingRow: Expected 1 but found 0 matching rows found for cv password=movistar mnc=102 sub_id=-1 bearer_bitmask=0 mmsc= proxy= numeric=732102 name=Movistar CO port= mcc=732 apn=internet.movistar.com.co type=default,supl user=movistar
09-16 08:56:56.310  4917  4917 D mali_winsys: EGLint new_window_surface(egl_winsys_display*, void*, EGLSurface, EGLConfig, egl_winsys_surface**, egl_color_buffer_format*, EGLBoolean) returns 0x3000,  [1440x2960]-format:2
09-16 08:56:56.313  4901  5048 I LatinIME:LogUtils: Dictionary info: dictionary = main:en ; version = 54 ; date = 1414726273
09-16 08:56:56.331  4917  4917 I ndroid.systemui: type=1400 audit(0.0:152): avc: denied { write } for name="fimg2d" dev="tmpfs" ino=20660 scontext=u:r:platform_app:s0:c512,c768 tcontext=u:object_r:fimg2d_video_device:s0 tclass=chr_file permissive=1
09-16 08:56:56.331  4917  4917 W ndroid.systemui: type=1300 audit(0.0:152): arch=c00000b7 syscall=56 success=yes exit=88 a0=ffffff9c a1=7f8a472703 a2=2 a3=0 items=0 ppid=3272 auid=4294967295 uid=10033 gid=10033 euid=10033 suid=10033 fsuid=10033 egid=10033 sgid=10033 fsgid=10033 tty=(none) ses=4294967295 exe="/system/bin/app_process64" subj=u:r:platform_app:s0:c512,c768 key=(null)
09-16 08:56:56.331  3086  3086 W auditd  : type=1327 audit(0.0:152): proctitle="com.android.systemui"
09-16 08:56:56.331  3086  3086 W auditd  : type=1320 audit(0.0:152): 
09-16 08:56:56.333  5058  5058 E TelephonyProvider: dbh.selectConflictingRow: Expected 1 but found 0 matching rows found for cv mnc=01 mmsport=3128 sub_id=-1 bearer_bitmask=0 mmsc=http://mmsc.mms.ancelutil.com.uy numeric=74801 mmsproxy=200.40.246.2 name=Ancel MMS mcc=748 apn=mms type=mms
09-16 08:56:56.335  5312  5312 W sensorhubservic: type=1701 audit(0.0:153): auid=4294967295 uid=1000 gid=1004 ses=4294967295 subj=u:r:sensorhubservice:s0 exe="/system/bin/sensorhubservice" sig=6
09-16 08:56:56.335  5058  5058 E TelephonyProvider: dbh.selectConflictingRow: Expected 1 but found 0 matching rows found for cv password= mnc=01 sub_id=-1 bearer_bitmask=0 mmsc= proxy= numeric=74801 name=Ancel port= mcc=748 apn=ancel type=default,supl user=
09-16 08:56:56.338  3699  4928 W NativeCrashListener: Couldn't find ProcessRecord for pid 5312
09-16 08:56:56.339  4901  5048 I LatinIME:LogUtils: Dictionary info: dictionary = main:en ; version = 54 ; date = 1414726273
09-16 08:56:56.341  3076  3076 W         : debuggerd: resuming target 5312
09-16 08:56:56.341  3076  3076 E         : debuggerd: failed to send signal 18 to target: No such process
