09-09 13:58:21.483  4315  4315 I art     : option[35]=-Xcompiler-option
09-09 13:58:21.483  4315  4315 I art     : option[36]=--runtime-arg
09-09 13:58:21.483  4315  4315 I art     : option[37]=-Xcompiler-option
09-09 13:58:21.483  4315  4315 I art     : option[38]=-Xmx512m
09-09 13:58:21.483  4315  4315 I art     : option[39]=-Ximage-compiler-option
09-09 13:58:21.483  4315  4315 I art     : option[40]=--instruction-set-variant=generic
09-09 13:58:21.483  4315  4315 I art     : option[41]=-Xcompiler-option
09-09 13:58:21.483  4315  4315 I art     : option[42]=--instruction-set-variant=generic
09-09 13:58:21.483  4315  4315 I art     : option[43]=-Ximage-compiler-option
09-09 13:58:21.483  4315  4315 I art     : option[44]=--instruction-set-features=default
09-09 13:58:21.483  4315  4315 I art     : option[45]=-Xcompiler-option
09-09 13:58:21.483  4315  4315 I art     : option[46]=--instruction-set-features=default
09-09 13:58:21.483  4315  4315 I art     : option[47]=-Duser.locale=en-US
09-09 13:58:21.483  4315  4315 I art     : option[48]=--cpu-abilist=arm64-v8a
09-09 13:58:21.483  4315  4315 I art     : option[49]=-Xfingerprint:samsung/dream2ltexx/dream2lte:7.0/NRD90M/G955FXXU1AQH3:user/release-keys
09-09 13:58:21.499  4315  4315 D ICU     : No timezone override file found: /data/misc/zoneinfo/current/icu/icu_tzdata.dat
09-09 13:58:21.522  4315  4315 W art     : Before Android 4.1, method double java.util.concurrent.ThreadLocalRandom.internalNextDouble(double, double) would have incorrectly overridden the package-private method in java.util.Random
09-09 13:58:21.522  4315  4315 W art     : Before Android 4.1, method int java.util.concurrent.ThreadLocalRandom.internalNextInt(int, int) would have incorrectly overridden the package-private method in java.util.Random
09-09 13:58:21.522  4315  4315 W art     : Before Android 4.1, method long java.util.concurrent.ThreadLocalRandom.internalNextLong(long, long) would have incorrectly overridden the package-private method in java.util.Random
09-09 13:58:21.632  4315  4315 I Radio-JNI: register_android_hardware_Radio DONE
09-09 13:58:21.665  4315  4315 I SamplingProfilerIntegration: Profiling disabled.
09-09 13:58:21.666  4315  4315 D Zygote  : begin preload
09-09 13:58:21.666  4315  4315 I Zygote  : Installing ICU cache reference pinning...
09-09 13:58:21.666  4315  4315 I Zygote  : Preloading ICU data...
09-09 13:58:21.803  4315  4315 I Zygote  : Preloading classes...
09-09 13:58:21.809  4315  4315 W Zygote  : Class not found for preloading: [Landroid.view.Display$ColorTransform;
09-09 13:58:22.112  4319  4319 V NatController: runCmd(/system/bin/iptables -w -F natctrl_FORWARD) res=0
09-09 13:58:22.118  4319  4319 V NatController: runCmd(/system/bin/ip6tables -w -F natctrl_FORWARD) res=0
09-09 13:58:22.122  4319  4319 V NatController: runCmd(/system/bin/iptables -w -A natctrl_FORWARD -j DROP) res=0
09-09 13:58:22.127  4319  4319 V NatController: runCmd(/system/bin/iptables -w -t nat -F natctrl_nat_POSTROUTING) res=0
09-09 13:58:22.131  4319  4319 V NatController: runCmd(/system/bin/ip6tables -w -t raw -F natctrl_raw_PREROUTING) res=0
09-09 13:58:22.136  4319  4319 V NatController: runCmd(/system/bin/iptables -w -F natctrl_tether_counters) res=0
09-09 13:58:22.140  4319  4319 V NatController: runCmd(/system/bin/ip6tables -w -F natctrl_tether_counters) res=0
09-09 13:58:22.145  4319  4319 V NatController: runCmd(/system/bin/iptables -w -X natctrl_tether_counters) res=0
09-09 13:58:22.152  4319  4319 V NatController: runCmd(/system/bin/ip6tables -w -X natctrl_tether_counters) res=0
09-09 13:58:22.157  4319  4319 V NatController: runCmd(/system/bin/iptables -w -N natctrl_tether_counters) res=0
09-09 13:58:22.162  4319  4319 V NatController: runCmd(/system/bin/ip6tables -w -N natctrl_tether_counters) res=0
09-09 13:58:22.162  4315  4315 E Typeface: Error mapping font file /system/fonts/DroidSansFallback.ttf
09-09 13:58:22.166  4319  4319 V NatController: runCmd(/system/bin/iptables -w -t mangle -A natctrl_mangle_FORWARD -p tcp --tcp-flags SYN SYN -j TCPMSS --clamp-mss-to-pmtu) res=0
09-09 13:58:22.221  4319  4319 E Netd    : cannot find interface dummy0
09-09 13:58:22.222  4319  4319 D MDnsDS  : MDnsSdListener::Hander starting up
09-09 13:58:22.222  4319  4540 D MDnsDS  : MDnsSdListener starting to monitor
09-09 13:58:22.222  4319  4540 D MDnsDS  : Going to poll with pollCount 1
09-09 13:58:22.976  4315  4315 I art     : Thread[1,tid=4315,Native,Thread*=0x7f9da95a00,peer=0x12c420d0,"main"] recursive attempt to load library "/system/lib64/libmedia_jni.so"
09-09 13:58:22.976  4315  4315 D MtpDeviceJNI: register_android_mtp_MtpDevice
09-09 13:58:22.977  4315  4315 I art     : Thread[1,tid=4315,Native,Thread*=0x7f9da95a00,peer=0x12c420d0,"main"] recursive attempt to load library "/system/lib64/libmedia_jni.so"
09-09 13:58:22.977  4315  4315 I art     : Thread[1,tid=4315,Native,Thread*=0x7f9da95a00,peer=0x12c420d0,"main"] recursive attempt to load library "/system/lib64/libmedia_jni.so"
09-09 13:58:23.004  4315  4315 E FFMPEGSoftCodec: Failed to load FFMPEG plugin: (null)
09-09 13:58:23.314  4315  4315 W Zygote  : Class not found for preloading: android.view.Display$ColorTransform
09-09 13:58:23.314  4315  4315 W Zygote  : Class not found for preloading: android.view.Display$ColorTransform$1
09-09 13:58:23.540  4315  4315 W System  : ClassLoader referenced unknown path: /system/framework/tcmclient.jar
09-09 13:58:23.758  4315  4315 I System  : Loaded time zone names for "" in 51ms (17ms in ICU)
09-09 13:58:23.801  4315  4315 I System  : Loaded time zone names for "en_US" in 42ms (10ms in ICU)
09-09 13:58:24.110  4315  4315 I Zygote  : ...preloaded 4158 classes in 2307ms.
09-09 13:58:24.110  4315  4315 I art     : VMRuntime.preloadDexCaches starting
09-09 13:58:24.156  4315  4315 I art     : VMRuntime.preloadDexCaches strings total=288446 before=12011 after=12011
09-09 13:58:24.156  4315  4315 I art     : VMRuntime.preloadDexCaches types total=23810 before=9280 after=11325
09-09 13:58:24.156  4315  4315 I art     : VMRuntime.preloadDexCaches fields total=113941 before=41160 after=54105
09-09 13:58:24.156  4315  4315 I art     : VMRuntime.preloadDexCaches methods total=199717 before=78591 after=96703
09-09 13:58:24.156  4315  4315 I art     : VMRuntime.preloadDexCaches finished
09-09 13:58:24.157  4315  4315 I Zygote  : Preloading resources...
09-09 13:58:24.185  4315  4315 W Resources: Preloaded drawable resource #0x108025c (android:drawable/dialog_background_material) that varies with configuration!!
09-09 13:58:24.191  4315  4315 W Resources: Preloaded color resource #0x10600ea (android:color/material_grey_800) that varies with configuration!!
09-09 13:58:24.192  4315  4315 W Resources: Preloaded drawable resource #0x10802c9 (android:drawable/floating_popup_background_dark) that varies with configuration!!
09-09 13:58:24.305  4315  4315 I Zygote  : ...preloaded 114 resources in 148ms.
09-09 13:58:24.313  4315  4315 W Resources: Preloaded color resource #0x1060114 (android:color/background_cache_hint_selector_material_dark) that varies with configuration!!
09-09 13:58:24.314  4315  4315 W Resources: Preloaded color resource #0x1060119 (android:color/btn_default_material_dark) that varies with configuration!!
09-09 13:58:24.316  4315  4315 I Zygote  : ...preloaded 41 resources in 11ms.
09-09 13:58:24.318  4315  4315 I Zygote  : ...preloaded 2 resource in 2ms.
09-09 13:58:24.328  4315  4315 D libEGL  : loaded /vendor/lib64/egl/libGLES_mali.so
09-09 13:58:24.336  4315  4315 I Zygote  : Preloading shared libraries...
09-09 13:58:24.357  4315  4315 I Zygote  : Uninstalled ICU cache reference pinning...
09-09 13:58:24.365  4315  4315 I Zygote  : Installed AndroidKeyStoreProvider in 8ms.
09-09 13:58:24.477  4315  4315 I Zygote  : Warmed up JCA providers in 112ms.
09-09 13:58:24.477  4315  4315 D Zygote  : end preload
09-09 13:58:24.477  4315  4315 I art     : Starting a blocking GC Explicit
09-09 13:58:24.488  4315  4315 I art     : Explicit concurrent mark sweep GC freed 3395(148KB) AllocSpace objects, 0(0B) LOS objects, 40% free, 10MB/17MB, paused 54us total 10.282ms
09-09 13:58:24.488  4315  4315 I art     : Starting a blocking GC Explicit
09-09 13:58:24.498  4315  4315 I art     : Explicit concurrent mark sweep GC freed 43(1504B) AllocSpace objects, 0(0B) LOS objects, 39% free, 10MB/17MB, paused 47us total 9.634ms
09-09 13:58:24.509  4315  4383 I art     : Starting a blocking GC HeapTrim
09-09 13:58:24.510  4315  4315 I art     : Starting a blocking GC Background
09-09 13:58:24.552  4315  4315 I Zygote  : System server process 4547 has been created
09-09 13:58:24.553  4315  4315 I Zygote  : Accepting command socket connections
09-09 13:58:24.568  4547  4547 I Zygote  : Process: zygote socket opened, supported ABIS: armeabi-v7a,armeabi
09-09 13:58:24.569  4547  4547 I InstallerConnection: connecting...
09-09 13:58:24.570  3175  3175 I         : new connection
09-09 13:58:24.572  4547  4547 I InstallerConnection: disconnecting...
09-09 13:58:24.572  3175  3175 E         : eof
09-09 13:58:24.572  3175  3175 E         : failed to read size
09-09 13:58:24.572  3175  3175 I         : closing connection
09-09 13:58:24.575  4547  4547 W art     : Found duplicate classes, falling back to interpreter mode for /system/framework/wifi-service.jar
09-09 13:58:24.576  4547  4547 W art     : Found duplicated class when checking oat files: 'Lcom/google/protobuf/nano/MessageNano;' in /system/framework/services.jar and /system/framework/wifi-service.jar
09-09 13:58:24.599  4547  4547 I SystemServer: Entered the Android system server!
09-09 13:58:24.626  4547  4547 I SystemServiceManager: Starting com.android.server.pm.Installer
09-09 13:58:24.626  4547  4547 I Installer: Waiting for installd to be ready.
09-09 13:58:24.626  4547  4547 I InstallerConnection: connecting...
09-09 13:58:24.626  3175  3175 I         : new connection
09-09 13:58:24.627  4547  4547 I SystemServiceManager: Starting com.android.server.am.ActivityManagerService$Lifecycle
09-09 13:58:24.635  4547  4547 I ActivityManager: Memory class: 256
09-09 13:58:24.636  4547  4561 I ServiceThread: Enabled StrictMode logging for ActivityManager looper.
09-09 13:58:24.637  4547  4562 I ServiceThread: Enabled StrictMode logging for android.ui looper.
09-09 13:58:24.673  4547  4547 D BatteryStatsImpl: Reading daily items from /data/system/batterystats-daily.xml
09-09 13:58:24.708  4547  4547 I AppOps  : No existing app ops /data/system/appops.xml; starting empty
09-09 13:58:24.793  4547  4547 I IntentFirewall: Read new rules (A:0 B:0 S:0)
09-09 13:58:24.797  4547  4568 I ServiceThread: Enabled StrictMode logging for android.display looper.
09-09 13:58:24.806  4547  4547 D AppOps  : AppOpsService published
09-09 13:58:24.806  4547  4547 I SystemServiceManager: Starting com.android.server.power.PowerManagerService
09-09 13:58:24.807  4547  4570 I ServiceThread: Enabled StrictMode logging for PowerManagerService looper.
09-09 13:58:24.809  4547  4547 I SamsungPowerHAL: Initialized settings:
09-09 13:58:24.809  4547  4547 I SamsungPowerHAL: max_freqs: cluster[0]: 1690000, cluster[1]: 2314000
09-09 13:58:24.809  4547  4547 I SamsungPowerHAL: hispeed_freqs: cluster[0]: 1690000, cluster[1]: 2496000
09-09 13:58:24.809  4547  4547 I SamsungPowerHAL: boostpulse_fd: 62
09-09 13:58:24.809  4547  4547 I SamsungPowerHAL: touchscreen_power_path: /sys/class/input/input0/enabled
09-09 13:58:24.809  4547  4547 I SamsungPowerHAL: touchkey_power_path: NULL
09-09 13:58:24.809  4547  4547 W libsuspend: Error writing 'on' to /sys/power/state: Invalid argument
09-09 13:58:24.809  4547  4547 I libsuspend: Selected wakeup count
09-09 13:58:24.811  4547  4547 I SystemServiceManager: Starting com.android.server.lights.LightsService
09-09 13:58:24.812  4547  4547 I SystemServiceManager: Starting com.android.server.display.DisplayManagerService
09-09 13:58:24.814  4547  4547 I SystemServiceManager: Starting phase 100
09-09 13:58:24.815  4547  4568 W LocalDisplayAdapter: Unable to get active color mode for display device 0
09-09 13:58:24.815  4547  4568 E LocalDisplayAdapter: Default and active color mode is no longer available! Reverting to first available mode.
09-09 13:58:24.816  3147  3686 E SurfaceFlinger: getDefaultDisplay: id=2 is not a valid default display id
09-09 13:58:24.817  4547  4568 I DisplayManagerService: Display device added: DisplayDeviceInfo{"Built-in Screen": uniqueId="local:0", 1440 x 2960, modeId 1, defaultModeId 1, supportedModes [{id=1, width=1440, height=2960, fps=60.000004}], colorMode -22, supportedColorModes [-22], HdrCapabilities android.view.Display$HdrCapabilities@a69d6308, density 560, 522.514 x 525.762 dpi, appVsyncOff 1000000, presDeadline 16666666, touch INTERNAL, rotation 0, type BUILT_IN, state UNKNOWN, FLAG_DEFAULT_DISPLAY, FLAG_ROTATES_WITH_CONTENT, FLAG_SECURE, FLAG_SUPPORTS_PROTECTED_BUFFERS}
09-09 13:58:24.818  3147  3147 D SurfaceFlinger: Set power mode=2, type=0 flinger=0x7f9ce48000
09-09 13:58:24.818  3147  3147 D SurfaceFlinger: Screen type=0 is already mode=2
09-09 13:58:24.827  4547  4568 I DisplayManagerService: Display device changed state: "Built-in Screen", ON
09-09 13:58:24.828  4547  4547 I SystemServer: StartPackageManagerService
09-09 13:58:24.927  4547  4547 D SELinuxMMAC: Using policy file /system/etc/security/mac_permissions.xml
09-09 13:58:25.986  4547  4547 E art     : DexFile_getDexOptNeeded file '/system/framework/org.apache.http.legacy.jar' does not exist
09-09 13:58:25.986  4547  4547 W PackageManager: Library not found: /system/framework/org.apache.http.legacy.jar
09-09 13:58:25.988  4547  4547 E art     : DexFile_getDexOptNeeded file '/system/framework/org.apache.http.legacy.jar' does not exist
09-09 13:58:25.989  4547  4547 W PackageManager: Library not found: /system/framework/org.apache.http.legacy.jar
09-09 13:58:25.990  4547  4547 D PackageManager: No files in app dir /vendor/overlay
09-09 13:58:25.991  4547  4547 D PackageManager: start scanDirLI:/system/framework
09-09 13:58:25.991  4547  4547 D PackageManager: max thread:6
09-09 13:58:26.007  4547  4576 W PackageManager: Permission cyanogenmod.permission.WRITE_ALARMS from package cyanogenmod.platform in an unknown group android.permission-group.SYSTEM_CLOCK
09-09 13:58:26.007  4547  4576 W PackageManager: Permission cyanogenmod.permission.MANAGE_ALARMS from package cyanogenmod.platform in an unknown group android.permission-group.SYSTEM_CLOCK
09-09 13:58:26.007  4547  4576 W PackageManager: Permission cyanogenmod.permission.READ_ALARMS from package cyanogenmod.platform in an unknown group android.permission-group.SYSTEM_CLOCK
09-09 13:58:26.108  4547  4547 D PackageManager: end scanDirLI:/system/framework
09-09 13:58:26.109  4547  4547 D PackageManager: start scanDirLI:/system/priv-app
09-09 13:58:26.109  4547  4547 D PackageManager: max thread:6
09-09 13:58:26.148  4547  4576 W PackageManager: Permission android.permission.DOWNLOAD_WITHOUT_NOTIFICATION from package com.android.providers.downloads in an unknown group android.permission-group.NETWORK
09-09 13:58:26.150  4547  4577 W PackageParser: No actions in intent filter at /system/priv-app/Dialer/Dialer.apk Binary XML file line #207
09-09 13:58:26.152  4547  4580 W PackageParser: No actions in intent filter at /system/priv-app/Contacts/Contacts.apk Binary XML file line #431
09-09 13:58:26.217  4547  4577 W PackageParser: Ignoring duplicate uses-permissions/uses-permissions-sdk-m: android.permission.USE_CREDENTIALS in package: com.android.settings at: Binary XML file line #56
09-09 13:58:26.217  4547  4579 W PackageParser: Ignoring duplicate uses-permissions/uses-permissions-sdk-m: android.permission.INSTALL_GRANT_RUNTIME_PERMISSIONS in package: com.android.shell at: Binary XML file line #102
09-09 13:58:26.220  4547  4577 W PackageParser: Ignoring duplicate uses-permissions/uses-permissions-sdk-m: android.permission.READ_SYNC_SETTINGS in package: com.android.settings at: Binary XML file line #61
09-09 13:58:26.221  4547  4577 W PackageParser: Ignoring duplicate uses-permissions/uses-permissions-sdk-m: android.permission.WRITE_SYNC_SETTINGS in package: com.android.settings at: Binary XML file line #62
09-09 13:58:26.226  4547  4580 W PackageParser: Ignoring duplicate uses-permissions/uses-permissions-sdk-m: android.permission.CONFIGURE_WIFI_DISPLAY in package: com.android.systemui at: Binary XML file line #117
09-09 13:58:26.242  4547  4579 W PackageManager: Permission com.android.launcher.permission.INSTALL_SHORTCUT from package com.cyanogenmod.trebuchet in an unknown group android.permission-group.SYSTEM_TOOLS
09-09 13:58:26.242  4547  4579 W PackageManager: Permission com.android.launcher3.permission.READ_SETTINGS from package com.cyanogenmod.trebuchet in an unknown group android.permission-group.SYSTEM_TOOLS
09-09 13:58:26.242  4547  4579 W PackageManager: Permission com.android.launcher3.permission.WRITE_SETTINGS from package com.cyanogenmod.trebuchet in an unknown group android.permission-group.SYSTEM_TOOLS
09-09 13:58:26.354  4547  4547 D PackageManager: end scanDirLI:/system/priv-app
09-09 13:58:26.355  4547  4547 D PackageManager: start scanDirLI:/system/app
09-09 13:58:26.355  4547  4547 D PackageManager: max thread:6
09-09 13:58:26.373  4547  4577 W PackageManager: Non-privileged app; cap priority to 0; package: com.android.calendar activity: com.android.calendar.GoogleCalendarUriIntentFilter origPrio: 50
09-09 13:58:26.376  4547  4578 W PackageParser: Ignoring duplicate uses-permissions/uses-permissions-sdk-m: android.permission.WRITE_SETTINGS in package: com.android.deskclock at: Binary XML file line #45
09-09 13:58:26.377  4547  4579 W PackageParser: No actions in intent filter at /system/app/Bluetooth/Bluetooth.apk Binary XML file line #226
09-09 13:58:26.393  4547  4575 W PackageManager: Non-privileged app; cap priority to 0; package: com.android.cts.ctsshim activity: com.android.cts.ctsshim.InstallPriority origPrio: 100
09-09 13:58:26.393  4547  4575 W PackageManager: Non-privileged app; cap priority to 0; package: com.android.cts.ctsshim activity: com.android.cts.ctsshim.InstallPriority origPrio: 100
09-09 13:58:26.393  4547  4575 W PackageManager: Non-privileged app; cap priority to 0; package: com.android.cts.ctsshim activity: com.android.cts.ctsshim.InstallPriority origPrio: 100
09-09 13:58:26.393  4547  4575 W PackageManager: Non-privileged app; cap priority to 0; package: com.android.cts.ctsshim activity: com.android.cts.ctsshim.InstallPriority origPrio: 100
09-09 13:58:26.393  4547  4575 W PackageManager: Non-privileged app; cap priority to 0; package: com.android.cts.ctsshim activity: com.android.cts.ctsshim.InstallPriority origPrio: 100
09-09 13:58:26.431  4547  4578 W PackageParser: Ignoring duplicate uses-permissions/uses-permissions-sdk-m: android.permission.CHANGE_WIFI_STATE in package: com.android.nfc at: Binary XML file line #47
09-09 13:58:26.431  4547  4578 W PackageParser: Ignoring duplicate uses-permissions/uses-permissions-sdk-m: android.permission.ACCESS_WIFI_STATE in package: com.android.nfc at: Binary XML file line #48
09-09 13:58:26.443  4547  4579 W PackageManager: Permission com.android.email.permission.READ_ATTACHMENT from package com.android.email in an unknown group android.permission-group.MESSAGES
09-09 13:58:26.451  4547  4579 W PackageManager: Failed to parse /system/app/mcRegistry: Missing base APK in /system/app/mcRegistry
09-09 13:58:26.475  4547  4547 D PackageManager: end scanDirLI:/system/app
09-09 13:58:26.475  4547  4547 D PackageManager: No files in app dir /system/vendor/app
09-09 13:58:26.475  4547  4547 D PackageManager: No files in app dir /oem/app
09-09 13:58:26.479  4547  4547 D PackageManager: No files in app dir /data/app
09-09 13:58:26.479  4547  4547 D PackageManager: No files in app dir /data/app-private
09-09 13:58:26.480  4547  4547 D PackageManager: No files in app dir /data/app-ephemeral
09-09 13:58:26.482  4547  4547 E PackageManager: There should probably be exactly one setup wizard; found 0: matches=[]
09-09 13:58:26.483  4547  4547 W PackageManager: Protected action; cap priority to 0; package: com.android.cts.priv.ctsshim activity: com.android.cts.priv.ctsshim.InstallPriority origPrio: 100
09-09 13:58:26.483  4547  4547 W PackageManager: Protected action; cap priority to 0; package: com.android.cts.priv.ctsshim activity: com.android.cts.priv.ctsshim.InstallPriority origPrio: 100
09-09 13:58:26.483  4547  4547 W PackageManager: Protected action; cap priority to 0; package: com.android.cts.priv.ctsshim activity: com.android.cts.priv.ctsshim.InstallPriority origPrio: 100
09-09 13:58:26.483  4547  4547 W PackageManager: Protected action; cap priority to 0; package: com.android.cts.priv.ctsshim activity: com.android.cts.priv.ctsshim.InstallPriority origPrio: 100
09-09 13:58:26.483  4547  4547 W PackageManager: Protected action; cap priority to 0; package: com.android.packageinstaller activity: com.android.packageinstaller.PackageInstallerActivity origPrio: 1
09-09 13:58:26.484  4547  4547 W PackageManager: Package com.android.gallery3d desires unavailable shared library com.google.android.media.effects; ignoring!
09-09 13:58:26.484  4547  4547 W PackageManager: Package com.android.gallery3d desires unavailable shared library com.google.android.media.effects; ignoring!
09-09 13:58:26.484  4547  4547 I PackageManager: Adjusting ABI for com.android.providers.downloads.ui to arm64-v8a (requirer=com.android.mtp, scannedPackage=null)
09-09 13:58:26.485  4547  4547 I PackageManager: Adjusting ABI for com.android.providers.media to arm64-v8a (requirer=com.android.mtp, scannedPackage=null)
09-09 13:58:26.485  4547  4547 I PackageManager: Adjusting ABI for com.android.providers.downloads to arm64-v8a (requirer=com.android.mtp, scannedPackage=null)
09-09 13:58:26.486  4547  4547 I PackageManager: Adjusting ABI for com.android.keychain to arm64-v8a (requirer=android, scannedPackage=null)
09-09 13:58:26.486  4547  4547 I PackageManager: Adjusting ABI for org.cyanogenmod.cmparts to arm64-v8a (requirer=android, scannedPackage=null)
09-09 13:58:26.487  4547  4547 I PackageManager: Adjusting ABI for com.android.development to arm64-v8a (requirer=android, scannedPackage=null)
09-09 13:58:26.487  4547  4547 I PackageManager: Adjusting ABI for com.android.providers.settings to arm64-v8a (requirer=android, scannedPackage=null)
09-09 13:58:26.487  4547  4547 I PackageManager: Adjusting ABI for com.android.server.telecom to arm64-v8a (requirer=android, scannedPackage=null)
09-09 13:58:26.488  4547  4547 I PackageManager: Adjusting ABI for com.cyanogenmod.settings.device to arm64-v8a (requirer=android, scannedPackage=null)
09-09 13:58:26.488  4547  4547 I PackageManager: Adjusting ABI for com.android.wallpaperbackup to arm64-v8a (requirer=android, scannedPackage=null)
09-09 13:58:26.488  4547  4547 I PackageManager: Adjusting ABI for com.android.location.fused to arm64-v8a (requirer=android, scannedPackage=null)
09-09 13:58:26.489  4547  4547 I PackageManager: Adjusting ABI for com.cyanogenmod.setupwizard to arm64-v8a (requirer=android, scannedPackage=null)
09-09 13:58:26.489  4547  4547 I PackageManager: Adjusting ABI for cyanogenmod.platform to arm64-v8a (requirer=android, scannedPackage=null)
09-09 13:58:26.489  3175  3175 E         : invalid apk path '/system/framework/org.cyanogenmod.platform-res.apk' (bad prefix)
09-09 13:58:26.490  4547  4547 I PackageManager: Adjusting ABI for com.android.settings to arm64-v8a (requirer=android, scannedPackage=null)
09-09 13:58:26.490  4547  4547 I PackageManager: Adjusting ABI for org.cyanogenmod.cmsettings to arm64-v8a (requirer=android, scannedPackage=null)
09-09 13:58:26.490  4547  4547 I PackageManager: Adjusting ABI for com.android.inputdevices to arm64-v8a (requirer=android, scannedPackage=null)
09-09 13:58:26.492  4547  4547 I PackageManager: Time to scan packages: 0.509 seconds
09-09 13:58:26.494  4547  4547 W PackageManager: Unknown permission com.google.android.googleapps.permission.GOOGLE_AUTH in package com.android.providers.calendar
09-09 13:58:26.494  4547  4547 W PackageManager: Unknown permission com.google.android.googleapps.permission.GOOGLE_AUTH.cl in package com.android.providers.calendar
09-09 13:58:26.496  4547  4547 W PackageManager: Unknown permission cyanogenmod.permission.LEGALESE in package com.cyanogenmod.setupwizard
09-09 13:58:26.498  4547  4547 W PackageManager: Unknown permission com.android.gallery3d.permission.STORAGE_CHANGE in package com.android.camera2
09-09 13:58:26.498  4547  4547 W PackageManager: Unknown permission android.permission.NFC_UNLOCK in package com.android.nfc
09-09 13:58:26.500  4547  4547 W PackageManager: Unknown permission com.google.android.googleapps.permission.GOOGLE_AUTH.mail in package com.android.calendar
09-09 13:58:26.500  4547  4547 W PackageManager: Unknown permission com.android.launcher.permission.READ_SETTINGS in package com.android.onetimeinitializer
09-09 13:58:26.500  4547  4547 W PackageManager: Unknown permission com.android.launcher.permission.WRITE_SETTINGS in package com.android.onetimeinitializer
09-09 13:58:26.503  4547  4547 W PackageManager: Unknown permission com.android.launcher.permission.READ_SETTINGS in package com.cyanogenmod.trebuchet
09-09 13:58:26.503  4547  4547 W PackageManager: Unknown permission com.android.launcher.permission.WRITE_SETTINGS in package com.cyanogenmod.trebuchet
09-09 13:58:26.503  4547  4547 W PackageManager: Unknown permission com.google.android.permission.INSTALL_WEARABLE_PACKAGES in package com.android.packageinstaller
09-09 13:58:26.503  4547  4547 W PackageManager: Not granting permission android.permission.DELETE_PACKAGES to package com.svox.pico (protectionLevel=18 flags=0x3808be45)
09-09 13:58:26.504  4547  4547 W PackageManager: Unknown permission com.google.android.gallery3d.permission.PICASA_STORE in package com.android.dreams.phototable
09-09 13:58:26.505  4547  4547 W PackageManager: Unknown permission com.google.android.googleapps.permission.GOOGLE_AUTH in package com.android.settings
09-09 13:58:26.506  4547  4547 W PackageManager: Unknown permission com.android.launcher.permission.READ_SETTINGS in package com.android.settings
09-09 13:58:26.506  4547  4547 W PackageManager: Unknown permission com.android.launcher.permission.WRITE_SETTINGS in package com.android.settings
09-09 13:58:26.511  4547  4547 W PackageManager: Not granting permission android.permission.MANAGE_DOCUMENTS to package com.android.deskclock (protectionLevel=2 flags=0x3c49be45)
09-09 13:58:26.511  4547  4547 W PackageManager: Unknown permission com.android.deskclock.worldclock.permissions.WRITE_DATABASE in package com.android.deskclock
09-09 13:58:26.511  4547  4547 W PackageManager: Unknown permission org.codeaurora.permission.POWER_ON_ALERT in package com.android.deskclock
09-09 13:58:26.511  4547  4547 W PackageManager: Not granting permission android.permission.WRITE_SECURE_SETTINGS to package com.android.deskclock (protectionLevel=50 flags=0x3c49be45)
09-09 13:58:26.513  4547  4547 W PackageManager: Unknown permission com.cyanogenmod.lockclock.permission.READ_WEATHER in package com.android.systemui
09-09 13:58:26.514  4547  4547 W PackageManager: Unknown permission com.google.android.gallery3d.permission.GALLERY_PROVIDER in package com.android.bluetooth
09-09 13:58:26.515  4547  4547 W PackageManager: Unknown permission com.google.android.googleapps.permission.ACCESS_GOOGLE_PASSWORD in package com.android.development
09-09 13:58:26.515  4547  4547 W PackageManager: Unknown permission com.google.android.googleapps.permission.GOOGLE_AUTH in package com.android.development
09-09 13:58:26.515  4547  4547 W PackageManager: Unknown permission com.google.android.googleapps.permission.GOOGLE_AUTH.ALL_SERVICES in package com.android.development
09-09 13:58:26.515  4547  4547 W PackageManager: Unknown permission com.google.android.googleapps.permission.GOOGLE_AUTH.YouTubeUser in package com.android.development
09-09 13:58:26.516  4547  4547 V PackageManager: reconcileAppsData for null u0 0x3
09-09 13:58:26.643  4547  4547 V PackageManager: reconcileAppsData finished 93 packages
09-09 13:58:26.643  4547  4547 V PackageManager: Disabling com.google.android.gsf/com.google.android.gsf.update.SystemUpdateActivity
09-09 13:58:26.643  4547  4547 W PackageManager: Unable to disable com.google.android.gsf/com.google.android.gsf.update.SystemUpdateActivity
09-09 13:58:26.643  4547  4547 V PackageManager: Disabling com.google.android.gsf/com.google.android.gsf.update.SystemUpdateService$Receiver
09-09 13:58:26.643  4547  4547 W PackageManager: Unable to disable com.google.android.gsf/com.google.android.gsf.update.SystemUpdateService$Receiver
09-09 13:58:26.643  4547  4547 V PackageManager: Disabling com.google.android.gsf/com.google.android.gsf.update.SystemUpdateService$SecretCodeReceiver
09-09 13:58:26.644  4547  4547 W PackageManager: Unable to disable com.google.android.gsf/com.google.android.gsf.update.SystemUpdateService$SecretCodeReceiver
09-09 13:58:26.644  4547  4547 V PackageManager: Disabling com.google.android.gsf/com.google.android.gsf.update.SystemUpdateServiceReceiver
09-09 13:58:26.644  4547  4547 W PackageManager: Unable to disable com.google.android.gsf/com.google.android.gsf.update.SystemUpdateServiceReceiver
09-09 13:58:26.644  4547  4547 V PackageManager: Disabling com.google.android.gms/com.google.android.gms.update.SystemUpdateActivity
09-09 13:58:26.644  4547  4547 W PackageManager: Unable to disable com.google.android.gms/com.google.android.gms.update.SystemUpdateActivity
09-09 13:58:26.644  4547  4547 V PackageManager: Disabling com.google.android.gms/com.google.android.gms.update.SystemUpdateService$Receiver
09-09 13:58:26.644  4547  4547 W PackageManager: Unable to disable com.google.android.gms/com.google.android.gms.update.SystemUpdateService$Receiver
09-09 13:58:26.644  4547  4547 V PackageManager: Disabling com.google.android.gms/com.google.android.gms.update.SystemUpdateService$ActiveReceiver
09-09 13:58:26.645  4547  4547 W PackageManager: Unable to disable com.google.android.gms/com.google.android.gms.update.SystemUpdateService$ActiveReceiver
09-09 13:58:26.645  4547  4547 V PackageManager: Disabling com.google.android.gms/com.google.android.gms.update.SystemUpdateService$SecretCodeReceiver
09-09 13:58:26.645  4547  4547 W PackageManager: Unable to disable com.google.android.gms/com.google.android.gms.update.SystemUpdateService$SecretCodeReceiver
09-09 13:58:26.645  4547  4547 V PackageManager: Disabling com.google.android.gms/com.google.android.gms.update.SystemUpdateServiceReceiver
09-09 13:58:26.645  4547  4547 W PackageManager: Unable to disable com.google.android.gms/com.google.android.gms.update.SystemUpdateServiceReceiver
09-09 13:58:26.645  4547  4547 V PackageManager: Enabling com.google.android.gsf/com.google.android.gsf.update.SystemUpdateService
09-09 13:58:26.645  4547  4547 W PackageManager: Unable to enable com.google.android.gsf/com.google.android.gsf.update.SystemUpdateService
09-09 13:58:26.646  4547  4547 V PackageManager: Enabling com.google.android.gms/com.google.android.gms.update.SystemUpdateService
09-09 13:58:26.646  4547  4547 W PackageManager: Unable to enable com.google.android.gms/com.google.android.gms.update.SystemUpdateService
09-09 13:58:26.931  4547  4547 E PackageManager: There should probably be a verifier, but, none were found
09-09 13:58:26.934  4547  4547 D PackageManager: Ephemeral resolver NOT found; no matching intent filters
09-09 13:58:26.935  4547  4547 I PackageManager: Ephemeral deactivated; missing resolver and installer
09-09 13:58:26.935  4547  4547 I art     : Starting a blocking GC Explicit
09-09 13:58:26.955  4547  4547 I art     : Explicit concurrent mark sweep GC freed 30484(1671KB) AllocSpace objects, 3(60KB) LOS objects, 33% free, 9MB/13MB, paused 122us total 19.776ms
09-09 13:58:26.956  4547  4547 I SystemServer: StartOtaDexOptService
09-09 13:58:26.958  4547  4547 I SystemServer: StartUserManagerService
09-09 13:58:26.958  4547  4547 I SystemServiceManager: Starting com.android.server.pm.UserManagerService$LifeCycle
09-09 13:58:26.968  3144  3144 I lowmemorykiller: ActivityManager connected
09-09 13:58:26.969  4547  4547 I SystemServiceManager: Starting com.android.server.BatteryService
09-09 13:58:26.969  4547  4582 D SensorService: nuSensorService starting...
09-09 13:58:26.970  4547  4582 W MultiHal: No multihal config file found at /system/etc/sensors/hals.conf
09-09 13:58:26.973  4547  4547 I SystemServiceManager: Starting com.android.server.usage.UsageStatsService
09-09 13:58:26.977  4547  4547 I SystemServiceManager: Starting com.android.server.webkit.WebViewUpdateService
09-09 13:58:26.980  4547  4547 I SystemServer: Reading configuration...
09-09 13:58:26.980  4547  4547 I SystemServer: StartSchedulingPolicyService
09-09 13:58:26.981  4547  4547 I SystemServiceManager: Starting com.android.server.telecom.TelecomLoaderService
09-09 13:58:26.981  4547  4547 I SystemServer: StartTelephonyRegistry
09-09 13:58:26.984  4547  4547 I SystemServer: StartEntropyMixer
09-09 13:58:27.004  4547  4547 I EntropyMixer: Added HW RNG output to entropy pool
09-09 13:58:27.004  4547  4547 I EntropyMixer: Writing entropy...
09-09 13:58:27.025  4547  4547 I SystemServer: Camera Service
09-09 13:58:27.025  4547  4547 I SystemServiceManager: Starting com.android.server.camera.CameraService
09-09 13:58:27.026  4547  4583 I ServiceThread: Enabled StrictMode logging for CameraService_proxy looper.
09-09 13:58:27.027  4547  4547 I SystemServer: StartAccountManagerService
09-09 13:58:27.028  4547  4547 I SystemServiceManager: Starting com.android.server.accounts.AccountManagerService$Lifecycle
09-09 13:58:27.034  4547  4547 I SystemServer: StartContentService
09-09 13:58:27.034  4547  4547 I SystemServiceManager: Starting com.android.server.content.ContentService$Lifecycle
09-09 13:58:27.036  4547  4547 I SystemServer: InstallSystemProviders
09-09 13:58:27.038  4547  4547 W System  : ClassLoader referenced unknown path: /system/priv-app/CMSettingsProvider/lib/arm64
09-09 13:58:27.044  4547  4547 E SQLiteLog: (11) database corruption at line 58156 of [bda77dda96]
09-09 13:58:27.044  4547  4547 E DefaultDatabaseErrorHandler: Corruption reported by sqlite on database: /data/user_de/0/org.cyanogenmod.cmsettings/databases/cmsettings.db
09-09 13:58:27.044  4547  4547 E DefaultDatabaseErrorHandler: deleting the database file: /data/user_de/0/org.cyanogenmod.cmsettings/databases/cmsettings.db
09-09 13:58:27.045  4547  4547 E SQLiteLog: (11) database corruption at line 58156 of [bda77dda96]
09-09 13:58:27.048  4547  4547 E SQLiteDatabase: Failed to open database '/data/user_de/0/org.cyanogenmod.cmsettings/databases/cmsettings.db'.
09-09 13:58:27.048  4547  4547 E SQLiteDatabase: android.database.sqlite.SQLiteDatabaseCorruptException: database disk image is malformed (code 11)
09-09 13:58:27.048  4547  4547 E SQLiteDatabase: 	at android.database.sqlite.SQLiteConnection.nativeExecute(Native Method)
09-09 13:58:27.048  4547  4547 E SQLiteDatabase: 	at android.database.sqlite.SQLiteConnection.execute(SQLiteConnection.java:555)
09-09 13:58:27.048  4547  4547 E SQLiteDatabase: 	at android.database.sqlite.SQLiteConnection.setPageSize(SQLiteConnection.java:253)
09-09 13:58:27.048  4547  4547 E SQLiteDatabase: 	at android.database.sqlite.SQLiteConnection.open(SQLiteConnection.java:213)
09-09 13:58:27.048  4547  4547 E SQLiteDatabase: 	at android.database.sqlite.SQLiteConnection.open(SQLiteConnection.java:193)
09-09 13:58:27.048  4547  4547 E SQLiteDatabase: 	at android.database.sqlite.SQLiteConnectionPool.openConnectionLocked(SQLiteConnectionPool.java:463)
09-09 13:58:27.048  4547  4547 E SQLiteDatabase: 	at android.database.sqlite.SQLiteConnectionPool.open(SQLiteConnectionPool.java:185)
09-09 13:58:27.048  4547  4547 E SQLiteDatabase: 	at android.database.sqlite.SQLiteConnectionPool.open(SQLiteConnectionPool.java:177)
09-09 13:58:27.048  4547  4547 E SQLiteDatabase: 	at android.database.sqlite.SQLiteDatabase.openInner(SQLiteDatabase.java:808)
09-09 13:58:27.048  4547  4547 E SQLiteDatabase: 	at android.database.sqlite.SQLiteDatabase.open(SQLiteDatabase.java:796)
09-09 13:58:27.048  4547  4547 E SQLiteDatabase: 	at android.database.sqlite.SQLiteDatabase.openDatabase(SQLiteDatabase.java:696)
09-09 13:58:27.048  4547  4547 E SQLiteDatabase: 	at android.app.ContextImpl.openOrCreateDatabase(ContextImpl.java:652)
09-09 13:58:27.048  4547  4547 E SQLiteDatabase: 	at android.database.sqlite.SQLiteOpenHelper.getDatabaseLocked(SQLiteOpenHelper.java:223)
09-09 13:58:27.048  4547  4547 E SQLiteDatabase: 	at android.database.sqlite.SQLiteOpenHelper.getWritableDatabase(SQLiteOpenHelper.java:163)
09-09 13:58:27.048  4547  4547 E SQLiteDatabase: 	at org.cyanogenmod.cmsettings.CMSettingsProvider.establishDbTracking(CMSettingsProvider.java:731)
09-09 13:58:27.048  4547  4547 E SQLiteDatabase: 	at org.cyanogenmod.cmsettings.CMSettingsProvider.onCreate(CMSettingsProvider.java:112)
09-09 13:58:27.048  4547  4547 E SQLiteDatabase: 	at android.content.ContentProvider.attachInfo(ContentProvider.java:1751)
09-09 13:58:27.048  4547  4547 E SQLiteDatabase: 	at android.content.ContentProvider.attachInfo(ContentProvider.java:1726)
09-09 13:58:27.048  4547  4547 E SQLiteDatabase: 	at android.app.ActivityThread.installProvider(ActivityThread.java:5920)
09-09 13:58:27.048  4547  4547 E SQLiteDatabase: 	at android.app.ActivityThread.installContentProviders(ActivityThread.java:5490)
09-09 13:58:27.048  4547  4547 E SQLiteDatabase: 	at android.app.ActivityThread.installSystemProviders(ActivityThread.java:6105)
09-09 13:58:27.048  4547  4547 E SQLiteDatabase: 	at com.android.server.am.ActivityManagerService.installSystemProviders(ActivityManagerService.java:11580)
09-09 13:58:27.048  4547  4547 E SQLiteDatabase: 	at com.android.server.SystemServer.startOtherServices(SystemServer.java:654)
09-09 13:58:27.048  4547  4547 E SQLiteDatabase: 	at com.android.server.SystemServer.run(SystemServer.java:368)
09-09 13:58:27.048  4547  4547 E SQLiteDatabase: 	at com.android.server.SystemServer.main(SystemServer.java:237)
09-09 13:58:27.048  4547  4547 E SQLiteDatabase: 	at java.lang.reflect.Method.invoke(Native Method)
09-09 13:58:27.048  4547  4547 E SQLiteDatabase: 	at com.android.internal.os.ZygoteInit$MethodAndArgsCaller.run(ZygoteInit.java:889)
09-09 13:58:27.048  4547  4547 E SQLiteDatabase: 	at com.android.internal.os.ZygoteInit.main(ZygoteInit.java:779)
09-09 13:58:27.049  4547  4547 E System  : ******************************************
09-09 13:58:27.051  4547  4547 E System  : ************ Failure starting core service
09-09 13:58:27.051  4547  4547 E System  : java.lang.RuntimeException: Unable to get provider org.cyanogenmod.cmsettings.CMSettingsProvider: android.database.sqlite.SQLiteDatabaseCorruptException: database disk image is malformed (code 11)
09-09 13:58:27.051  4547  4547 E System  : 	at android.app.ActivityThread.installProvider(ActivityThread.java:5923)
09-09 13:58:27.051  4547  4547 E System  : 	at android.app.ActivityThread.installContentProviders(ActivityThread.java:5490)
09-09 13:58:27.051  4547  4547 E System  : 	at android.app.ActivityThread.installSystemProviders(ActivityThread.java:6105)
09-09 13:58:27.051  4547  4547 E System  : 	at com.android.server.am.ActivityManagerService.installSystemProviders(ActivityManagerService.java:11580)
09-09 13:58:27.051  4547  4547 E System  : 	at com.android.server.SystemServer.startOtherServices(SystemServer.java:654)
09-09 13:58:27.051  4547  4547 E System  : 	at com.android.server.SystemServer.run(SystemServer.java:368)
09-09 13:58:27.051  4547  4547 E System  : 	at com.android.server.SystemServer.main(SystemServer.java:237)
09-09 13:58:27.051  4547  4547 E System  : 	at java.lang.reflect.Method.invoke(Native Method)
09-09 13:58:27.051  4547  4547 E System  : 	at com.android.internal.os.ZygoteInit$MethodAndArgsCaller.run(ZygoteInit.java:889)
09-09 13:58:27.051  4547  4547 E System  : 	at com.android.internal.os.ZygoteInit.main(ZygoteInit.java:779)
09-09 13:58:27.051  4547  4547 E System  : Caused by: android.database.sqlite.SQLiteDatabaseCorruptException: database disk image is malformed (code 11)
09-09 13:58:27.051  4547  4547 E System  : 	at android.database.sqlite.SQLiteConnection.nativeExecute(Native Method)
09-09 13:58:27.051  4547  4547 E System  : 	at android.database.sqlite.SQLiteConnection.execute(SQLiteConnection.java:555)
09-09 13:58:27.051  4547  4547 E System  : 	at android.database.sqlite.SQLiteConnection.setPageSize(SQLiteConnection.java:253)
09-09 13:58:27.051  4547  4547 E System  : 	at android.database.sqlite.SQLiteConnection.open(SQLiteConnection.java:213)
09-09 13:58:27.051  4547  4547 E System  : 	at android.database.sqlite.SQLiteConnection.open(SQLiteConnection.java:193)
09-09 13:58:27.051  4547  4547 E System  : 	at android.database.sqlite.SQLiteConnectionPool.openConnectionLocked(SQLiteConnectionPool.java:463)
09-09 13:58:27.051  4547  4547 E System  : 	at android.database.sqlite.SQLiteConnectionPool.open(SQLiteConnectionPool.java:185)
09-09 13:58:27.051  4547  4547 E System  : 	at android.database.sqlite.SQLiteConnectionPool.open(SQLiteConnectionPool.java:177)
09-09 13:58:27.051  4547  4547 E System  : 	at android.database.sqlite.SQLiteDatabase.openInner(SQLiteDatabase.java:808)
09-09 13:58:27.051  4547  4547 E System  : 	at android.database.sqlite.SQLiteDatabase.open(SQLiteDatabase.java:796)
09-09 13:58:27.051  4547  4547 E System  : 	at android.database.sqlite.SQLiteDatabase.openDatabase(SQLiteDatabase.java:696)
09-09 13:58:27.051  4547  4547 E System  : 	at android.app.ContextImpl.openOrCreateDatabase(ContextImpl.java:652)
09-09 13:58:27.051  4547  4547 E System  : 	at android.database.sqlite.SQLiteOpenHelper.getDatabaseLocked(SQLiteOpenHelper.java:223)
09-09 13:58:27.051  4547  4547 E System  : 	at android.database.sqlite.SQLiteOpenHelper.getWritableDatabase(SQLiteOpenHelper.java:163)
09-09 13:58:27.051  4547  4547 E System  : 	at org.cyanogenmod.cmsettings.CMSettingsProvider.establishDbTracking(CMSettingsProvider.java:731)
09-09 13:58:27.051  4547  4547 E System  : 	at org.cyanogenmod.cmsettings.CMSettingsProvider.onCreate(CMSettingsProvider.java:112)
09-09 13:58:27.051  4547  4547 E System  : 	at android.content.ContentProvider.attachInfo(ContentProvider.java:1751)
09-09 13:58:27.051  4547  4547 E System  : 	at android.content.ContentProvider.attachInfo(ContentProvider.java:1726)
09-09 13:58:27.051  4547  4547 E System  : 	at android.app.ActivityThread.installProvider(ActivityThread.java:5920)
09-09 13:58:27.051  4547  4547 E System  : 	... 9 more
09-09 13:58:27.051  4547  4547 I SystemServiceManager: Starting com.android.server.InputMethodManagerService$Lifecycle
09-09 13:58:27.058  4547  4547 D ActivityThread: Loading provider settings: com.android.providers.settings.SettingsProvider
09-09 13:58:27.060  4547  4547 W System  : ClassLoader referenced unknown path: /system/priv-app/SettingsProvider/lib/arm64
09-09 13:58:27.061  4547  4547 D ApplicationLoaders: ignored Vulkan layer search path /system/priv-app/SettingsProvider/lib/arm64:/system/priv-app/SettingsProvider/SettingsProvider.apk!/lib/arm64-v8a:/system/lib64:/vendor/lib64 for namespace 0x7fa18c9160
09-09 13:58:27.067  4547  4547 E SQLiteLog: (11) database corruption at line 58156 of [bda77dda96]
09-09 13:58:27.067  4547  4547 E DefaultDatabaseErrorHandler: Corruption reported by sqlite on database: /data/user_de/0/com.android.providers.settings/databases/settings.db
09-09 13:58:27.067  4547  4547 E DefaultDatabaseErrorHandler: deleting the database file: /data/user_de/0/com.android.providers.settings/databases/settings.db
09-09 13:58:27.068  4547  4547 E SQLiteLog: (11) database corruption at line 58156 of [bda77dda96]
09-09 13:58:27.073  4547  4547 E SQLiteDatabase: Failed to open database '/data/user_de/0/com.android.providers.settings/databases/settings.db'.
09-09 13:58:27.073  4547  4547 E SQLiteDatabase: android.database.sqlite.SQLiteDatabaseCorruptException: database disk image is malformed (code 11)
09-09 13:58:27.073  4547  4547 E SQLiteDatabase: 	at android.database.sqlite.SQLiteConnection.nativeExecute(Native Method)
09-09 13:58:27.073  4547  4547 E SQLiteDatabase: 	at android.database.sqlite.SQLiteConnection.execute(SQLiteConnection.java:555)
09-09 13:58:27.073  4547  4547 E SQLiteDatabase: 	at android.database.sqlite.SQLiteConnection.setPageSize(SQLiteConnection.java:253)
09-09 13:58:27.073  4547  4547 E SQLiteDatabase: 	at android.database.sqlite.SQLiteConnection.open(SQLiteConnection.java:213)
09-09 13:58:27.073  4547  4547 E SQLiteDatabase: 	at android.database.sqlite.SQLiteConnection.open(SQLiteConnection.java:193)
09-09 13:58:27.073  4547  4547 E SQLiteDatabase: 	at android.database.sqlite.SQLiteConnectionPool.openConnectionLocked(SQLiteConnectionPool.java:463)
09-09 13:58:27.073  4547  4547 E SQLiteDatabase: 	at android.database.sqlite.SQLiteConnectionPool.open(SQLiteConnectionPool.java:185)
09-09 13:58:27.073  4547  4547 E SQLiteDatabase: 	at android.database.sqlite.SQLiteConnectionPool.open(SQLiteConnectionPool.java:177)
09-09 13:58:27.073  4547  4547 E SQLiteDatabase: 	at android.database.sqlite.SQLiteDatabase.openInner(SQLiteDatabase.java:808)
09-09 13:58:27.073  4547  4547 E SQLiteDatabase: 	at android.database.sqlite.SQLiteDatabase.open(SQLiteDatabase.java:796)
09-09 13:58:27.073  4547  4547 E SQLiteDatabase: 	at android.database.sqlite.SQLiteDatabase.openDatabase(SQLiteDatabase.java:696)
09-09 13:58:27.073  4547  4547 E SQLiteDatabase: 	at android.app.ContextImpl.openOrCreateDatabase(ContextImpl.java:652)
09-09 13:58:27.073  4547  4547 E SQLiteDatabase: 	at android.database.sqlite.SQLiteOpenHelper.getDatabaseLocked(SQLiteOpenHelper.java:223)
09-09 13:58:27.073  4547  4547 E SQLiteDatabase: 	at android.database.sqlite.SQLiteOpenHelper.getWritableDatabase(SQLiteOpenHelper.java:163)
09-09 13:58:27.073  4547  4547 E SQLiteDatabase: 	at com.android.providers.settings.SettingsProvider$SettingsRegistry.migrateAllLegacySettingsIfNeeded(SettingsProvider.java:1844)
09-09 13:58:27.073  4547  4547 E SQLiteDatabase: 	at com.android.providers.settings.SettingsProvider$SettingsRegistry.<init>(SettingsProvider.java:1667)
09-09 13:58:27.073  4547  4547 E SQLiteDatabase: 	at com.android.providers.settings.SettingsProvider.onCreate(SettingsProvider.java:259)
09-09 13:58:27.073  4547  4547 E SQLiteDatabase: 	at android.content.ContentProvider.attachInfo(ContentProvider.java:1751)
09-09 13:58:27.073  4547  4547 E SQLiteDatabase: 	at android.content.ContentProvider.attachInfo(ContentProvider.java:1726)
09-09 13:58:27.073  4547  4547 E SQLiteDatabase: 	at android.app.ActivityThread.installProvider(ActivityThread.java:5920)
09-09 13:58:27.073  4547  4547 E SQLiteDatabase: 	at android.app.ActivityThread.acquireProvider(ActivityThread.java:5551)
09-09 13:58:27.073  4547  4547 E SQLiteDatabase: 	at android.app.ContextImpl$ApplicationContentResolver.acquireProvider(ContextImpl.java:2220)
09-09 13:58:27.073  4547  4547 E SQLiteDatabase: 	at android.content.ContentResolver.acquireProvider(ContentResolver.java:1504)
09-09 13:58:27.073  4547  4547 E SQLiteDatabase: 	at android.provider.Settings$NameValueCache.lazyGetProvider(Settings.java:1598)
09-09 13:58:27.073  4547  4547 E SQLiteDatabase: 	at android.provider.Settings$NameValueCache.getStringForUser(Settings.java:1641)
09-09 13:58:27.073  4547  4547 E SQLiteDatabase: 	at android.provider.Settings$Secure.getStringForUser(Settings.java:4463)
09-09 13:58:27.073  4547  4547 E SQLiteDatabase: 	at com.android.internal.inputmethod.InputMethodUtils$InputMethodSettings.getString(InputMethodUtils.java:997)
09-09 13:58:27.073  4547  4547 E SQLiteDatabase: 	at com.android.internal.inputmethod.InputMethodUtils$InputMethodSettings.getEnabledInputMethodsStr(InputMethodUtils.java:1178)
09-09 13:58:27.073  4547  4547 E SQLiteDatabase: 	at com.android.internal.inputmethod.InputMethodUtils$InputMethodSettings.getEnabledInputMethodsAndSubtypeListLocked(InputMethodUtils.java:1100)
09-09 13:58:27.073  4547  4547 E SQLiteDatabase: 	at com.android.internal.inputmethod.InputMethodUtils$InputMethodSettings.getEnabledInputMethodListLocked(InputMethodUtils.java:1044)
09-09 13:58:27.073  4547  4547 E SQLiteDatabase: 	at com.android.internal.inputmethod.InputMethodUtils$InputMethodSettings.getExplicitlyOrImplicitlyEnabledInputMethodsAndSubtypeListLocked(InputMethodUtils.java:1438)
09-09 13:58:27.073  4547  4547 E SQLiteDatabase: 	at com.android.internal.inputmethod.InputMethodSubtypeSwitchingController$InputMethodAndSubtypeList.getSortedInputMethodAndSubtypeList(InputMethodSubtypeSwitchingController.java:200)
09-09 13:58:27.073  4547  4547 E SQLiteDatabase: 	at com.android.internal.inputmethod.InputMethodSubtypeSwitchingController.resetCircularListLocked(InputMethodSubtypeSwitchingController.java:575)
09-09 13:58:27.073  4547  4547 E SQLiteDatabase: 	at com.android.internal.inputmethod.InputMethodSubtypeSwitchingController.<init>(InputMethodSubtypeSwitchingController.java:554)
09-09 13:58:27.073  4547  4547 E SQLiteDatabase: 	at com.android.internal.inputmethod.InputMethodSubtypeSwitchingController.createInstanceLocked(InputMethodSubtypeSwitchingController.java:559)
09-09 13:58:27.073  4547  4547 E SQLiteDatabase: 	at com.android.server.InputMethodManagerService.<init>(InputMethodManagerService.java:944)
09-09 13:58:27.073  4547  4547 E SQLiteDatabase: 	at com.android.server.InputMethodManagerService$Lifecycle.<init>(InputMethodManagerService.java:823)
09-09 13:58:27.073  4547  4547 E SQLiteDatabase: 	at java.lang.reflect.Constructor.newInstance0(Native Method)
09-09 13:58:27.073  4547  4547 E SQLiteDatabase: 	at java.lang.reflect.Constructor.newInstance(Constructor.java:430)
