09-12 15:14:21.048  3172  3201 D SoftFFmpegVideo: SoftFFmpegVideo component: OMX.ffmpeg.mpeg2.decoder codingType=2 appData: 0xf69430e0
09-12 15:14:21.048  3172  3832 E OMXNodeInstance: getExtensionIndex(c640031:ffmpeg.mpeg2.decoder, OMX.google.android.index.configureVideoTunnelMode) ERROR: UnsupportedIndex(0x8000101a)
09-12 15:14:21.049  3172  3172 W OMXNodeInstance: [c640031:ffmpeg.mpeg2.decoder] component does not support metadata mode; using fallback
09-12 15:14:21.051  3175  3175 I MediaPlayerService: MediaPlayerService::getOMX
09-12 15:14:21.051  3175  3175 I OMXClient: MuxOMX ctor
09-12 15:14:21.051  3172  3201 I OMXMaster: makeComponentInstance(OMX.ffmpeg.mpeg4.decoder) in mediacodec process
09-12 15:14:21.051  3172  3201 V FFmpegOMXPlugin: makeComponentInstance 'OMX.ffmpeg.mpeg4.decoder'
09-12 15:14:21.051  3172  3201 D SoftFFmpegVideo: SoftFFmpegVideo component: OMX.ffmpeg.mpeg4.decoder codingType=4 appData: 0xf69431c0
09-12 15:14:21.052  3172  3201 E OMXNodeInstance: getExtensionIndex(c640032:ffmpeg.mpeg4.decoder, OMX.google.android.index.configureVideoTunnelMode) ERROR: UnsupportedIndex(0x8000101a)
09-12 15:14:21.052  3172  3832 W OMXNodeInstance: [c640032:ffmpeg.mpeg4.decoder] component does not support metadata mode; using fallback
09-12 15:14:21.052  3175  3175 I MediaPlayerService: MediaPlayerService::getOMX
09-12 15:14:21.053  3175  3175 I OMXClient: MuxOMX ctor
09-12 15:14:21.053  3172  3172 I OMXMaster: makeComponentInstance(OMX.ffmpeg.rv.decoder) in mediacodec process
09-12 15:14:21.053  3172  3172 V FFmpegOMXPlugin: makeComponentInstance 'OMX.ffmpeg.rv.decoder'
09-12 15:14:21.053  3172  3172 D SoftFFmpegVideo: SoftFFmpegVideo component: OMX.ffmpeg.rv.decoder codingType=6 appData: 0xf6943000
09-12 15:14:21.053  3172  3201 E OMXNodeInstance: getExtensionIndex(c640033:ffmpeg.rv.decoder, OMX.google.android.index.configureVideoTunnelMode) ERROR: UnsupportedIndex(0x8000101a)
09-12 15:14:21.053  3172  3832 W OMXNodeInstance: [c640033:ffmpeg.rv.decoder] component does not support metadata mode; using fallback
09-12 15:14:21.054  3175  3175 I MediaPlayerService: MediaPlayerService::getOMX
09-12 15:14:21.054  3175  3175 I OMXClient: MuxOMX ctor
09-12 15:14:21.054  3172  3172 I OMXMaster: makeComponentInstance(OMX.ffmpeg.vc1.decoder) in mediacodec process
09-12 15:14:21.054  3172  3172 V FFmpegOMXPlugin: makeComponentInstance 'OMX.ffmpeg.vc1.decoder'
09-12 15:14:21.054  3172  3172 D SoftFFmpegVideo: SoftFFmpegVideo component: OMX.ffmpeg.vc1.decoder codingType=2130706433 appData: 0xf6bb21c0
09-12 15:14:21.055  3172  3172 E OMXNodeInstance: getExtensionIndex(c640034:ffmpeg.vc1.decoder, OMX.google.android.index.configureVideoTunnelMode) ERROR: UnsupportedIndex(0x8000101a)
09-12 15:14:21.055  3172  3832 W OMXNodeInstance: [c640034:ffmpeg.vc1.decoder] component does not support metadata mode; using fallback
09-12 15:14:21.056  3175  3175 I MediaPlayerService: MediaPlayerService::getOMX
09-12 15:14:21.056  3175  3175 I OMXClient: MuxOMX ctor
09-12 15:14:21.056  3172  3201 I OMXMaster: makeComponentInstance(OMX.ffmpeg.vtrial.decoder) in mediacodec process
09-12 15:14:21.056  3172  3201 V FFmpegOMXPlugin: makeComponentInstance 'OMX.ffmpeg.vtrial.decoder'
09-12 15:14:21.056  3172  3201 D SoftFFmpegVideo: SoftFFmpegVideo component: OMX.ffmpeg.vtrial.decoder codingType=1 appData: 0xf6943000
09-12 15:14:21.057  3172  3172 E OMXNodeInstance: getExtensionIndex(c640035:ffmpeg.vtrial.decoder, OMX.google.android.index.configureVideoTunnelMode) ERROR: UnsupportedIndex(0x8000101a)
09-12 15:14:21.057  3172  3832 W OMXNodeInstance: [c640035:ffmpeg.vtrial.decoder] component does not support metadata mode; using fallback
09-12 15:14:21.058  3175  3175 I MediaPlayerService: MediaPlayerService::getOMX
09-12 15:14:21.058  3175  3175 I OMXClient: MuxOMX ctor
09-12 15:14:21.059  3172  3201 I OMXMaster: makeComponentInstance(OMX.ffmpeg.wmv.decoder) in mediacodec process
09-12 15:14:21.059  3172  3201 V FFmpegOMXPlugin: makeComponentInstance 'OMX.ffmpeg.wmv.decoder'
09-12 15:14:21.059  3172  3201 D SoftFFmpegVideo: SoftFFmpegVideo component: OMX.ffmpeg.wmv.decoder codingType=5 appData: 0xf69431c0
09-12 15:14:21.060  3172  3172 E OMXNodeInstance: getExtensionIndex(c640036:ffmpeg.wmv.decoder, OMX.google.android.index.configureVideoTunnelMode) ERROR: UnsupportedIndex(0x8000101a)
09-12 15:14:21.060  3172  3832 W OMXNodeInstance: [c640036:ffmpeg.wmv.decoder] component does not support metadata mode; using fallback
09-12 15:14:21.062  3736  3736 I art     : System.exit called, status: 0
09-12 15:14:21.062  3736  3736 I AndroidRuntime: VM exiting with result code 0, cleanup skipped.
09-12 15:14:21.063  3175  3175 I MediaPlayerService: MediaPlayerService::getOMX
09-12 15:14:21.063  3175  3175 I OMXClient: MuxOMX ctor
09-12 15:14:21.063  3175  3175 W MediaCodecList: unable to open media codecs configuration xml file: /etc/media_codecs_performance.xml
09-12 15:14:21.063  3175  3175 I MediaPlayerService: MediaPlayerService::getOMX
09-12 15:14:21.063  3175  3175 I OMXClient: MuxOMX ctor
09-12 15:14:21.064  3175  3175 W MediaCodecList: unable to open media codecs configuration xml file: /data/misc/media/media_codecs_profiling_results.xml
09-12 15:14:21.065  3175  3879 I MediaPlayerService: MediaPlayerService::getOMX
09-12 15:14:21.065  3175  3175 I MediaPlayerService: MediaPlayerService::getOMX
09-12 15:14:21.066  3684  3789 I OMXClient: MuxOMX ctor
09-12 15:14:21.066  3549  3713 I chatty  : uid=1000 system_server expire 1 line
09-12 15:14:21.067  3172  3201 I OMXMaster: makeComponentInstance(OMX.google.vorbis.decoder) in mediacodec process
09-12 15:14:21.068  3172  3172 I OMXMaster: makeComponentInstance(OMX.google.vorbis.decoder) in mediacodec process
09-12 15:14:21.086  3549  3549 I SystemServiceManager: Starting phase 600
09-12 15:14:21.102  3684  3689 I art     : Do partial code cache collection, code=45KB, data=48KB
09-12 15:14:21.103  3684  3689 I art     : After code cache collection, code=44KB, data=47KB
09-12 15:14:21.103  3684  3689 I art     : Increasing code cache capacity to 256KB
09-12 15:14:21.104  3684  3689 I art     : Compiler allocated 7MB to compile void android.widget.TextView.<init>(android.content.Context, android.util.AttributeSet, int, int)
09-12 15:14:21.109  3175  3720 I MediaPlayerService: MediaPlayerService::getOMX
09-12 15:14:21.111  3549  3902 I chatty  : uid=1000 system_server expire 1 line
09-12 15:14:21.111  3549  3549 D GestureLauncherService: Gesture launcher mEmergencyNumber = 112 hits = 3
09-12 15:14:21.112  3172  3201 I OMXMaster: makeComponentInstance(OMX.google.vorbis.decoder) in mediacodec process
09-12 15:14:21.113  3549  3549 D SensorNotificationService: Cannot obtain dynamic meta sensor, not supported.
09-12 15:14:21.116  3549  3549 D BrokerableCMSystemService: Third party apps ready
09-12 15:14:21.116  3549  3549 I BrokerableCMSystemService: Connecting to implementation
09-12 15:14:21.117  3549  3549 W ContextImpl: Calling a method in the system process without a qualified user: android.app.ContextImpl.bindService:1421 org.cyanogenmod.platform.internal.BrokerableCMSystemService.tryConnecting:199 org.cyanogenmod.platform.internal.BrokerableCMSystemService.onBootPhase:127 org.cyanogenmod.platform.internal.CMAudioServiceBroker.onBootPhase:58 com.android.server.SystemServiceManager.startBootPhase:143 
09-12 15:14:21.118  3175  3879 I MediaPlayerService: MediaPlayerService::getOMX
09-12 15:14:21.119  3684  3906 I OMXClient: MuxOMX ctor
09-12 15:14:21.120  3172  3201 I OMXMaster: makeComponentInstance(OMX.google.vorbis.decoder) in mediacodec process
09-12 15:14:21.134  3549  3549 I ActivityManager: Start proc 3909:org.cyanogenmod.cmaudio.service/u0a1 for service org.cyanogenmod.cmaudio.service/.CMAudioService
09-12 15:14:21.156  3549  3549 W LocationManagerService: no network location provider found
09-12 15:14:21.164  3175  3879 I MediaPlayerService: MediaPlayerService::getOMX
09-12 15:14:21.164  3549  3549 E LocationManagerService: no geocoder provider found
09-12 15:14:21.165  3549  3549 D LocationManagerService: FLP HAL not supported
09-12 15:14:21.165  3549  3923 I chatty  : uid=1000 system_server expire 1 line
09-12 15:14:21.166  3172  3201 I OMXMaster: makeComponentInstance(OMX.google.vorbis.decoder) in mediacodec process
09-12 15:14:21.168  3549  3549 D LocationManagerService: Unable to bind FLP Geofence proxy.
09-12 15:14:21.169  3684  3689 I art     : Do full code cache collection, code=125KB, data=100KB
09-12 15:14:21.169  3684  3689 I art     : Starting a blocking GC JitCodeCache
09-12 15:14:21.169  3684  3689 I art     : After code cache collection, code=105KB, data=72KB
09-12 15:14:21.169  3549  3549 D LocationManagerService: Hardware Activity-Recognition not supported.
09-12 15:14:21.173  3549  3549 D LocationManagerService: Unable to bind ActivityRecognitionProxy.
09-12 15:14:21.182  3549  3549 I MmsServiceBroker: Delay connecting to MmsService until an API is called
09-12 15:14:21.185  3549  3549 W VoiceInteractionManagerService: no available voice interaction services found for user 0
09-12 15:14:21.185  3549  3549 W VoiceInteractionManagerService: no available voice recognition services found for user 0
09-12 15:14:21.191  3549  3562 I chatty  : uid=1000(system) android.bg expire 13 lines
09-12 15:14:21.198  3549  3549 I ActivityManager: Start proc 3927:com.android.phone/1001 for added application com.android.phone
09-12 15:14:21.201  3549  3549 I ActivityManager: START u0 {act=android.intent.action.MAIN cat=[android.intent.category.HOME] flg=0x10000100 cmp=com.android.settings/.FallbackHome} from uid 0 on display 0
09-12 15:14:21.204  3684  3835 I vol.Events: writeEvent level_changed STREAM_ALARM 6
09-12 15:14:21.204  3684  3835 I vol.Events: writeEvent level_changed STREAM_BLUETOOTH_SCO 7
09-12 15:14:21.206  3684  3835 I vol.Events: writeEvent level_changed STREAM_MUSIC 11
09-12 15:14:21.209  3549  3549 I ActivityManager: Loaded persisted task ids for user 0
09-12 15:14:21.210  3684  3835 I vol.Events: writeEvent level_changed STREAM_RING 5
09-12 15:14:21.213  3175  3244 I MediaPlayerService: MediaPlayerService::getOMX
09-12 15:14:21.214  3684  3835 I vol.Events: writeEvent level_changed STREAM_SYSTEM 5
09-12 15:14:21.215  3684  3941 I OMXClient: MuxOMX ctor
09-12 15:14:21.216  3172  3832 I OMXMaster: makeComponentInstance(OMX.google.vorbis.decoder) in mediacodec process
09-12 15:14:21.218  3175  3879 I MediaPlayerService: MediaPlayerService::getOMX
09-12 15:14:21.218  3549  3944 I chatty  : uid=1000 system_server expire 1 line
09-12 15:14:21.219  3684  3835 I vol.Events: writeEvent level_changed STREAM_VOICE_CALL 4
09-12 15:14:21.223  3172  3201 I OMXMaster: makeComponentInstance(OMX.google.vorbis.decoder) in mediacodec process
09-12 15:14:21.225  3549  3549 I ActivityManager: Start proc 3947:com.android.settings/1000 for activity com.android.settings/.FallbackHome
09-12 15:14:21.229  3549  3549 I SystemServer: Enabled StrictMode for system server main thread.
09-12 15:14:21.256  3154  3185 D PermissionCache: checking android.permission.READ_FRAME_BUFFER for uid=1000 => granted (606 us)
09-12 15:14:21.264  3927  3927 W System  : ClassLoader referenced unknown path: /system/priv-app/TeleService/lib/arm64
09-12 15:14:21.266  3175  3792 I MediaPlayerService: MediaPlayerService::getOMX
09-12 15:14:21.267  3549  3966 I chatty  : uid=1000 system_server expire 1 line
09-12 15:14:21.268  3172  3899 I OMXMaster: makeComponentInstance(OMX.google.vorbis.decoder) in mediacodec process
09-12 15:14:21.292  3549  3549 D ConditionProviders.SCP: onConnected
09-12 15:14:21.295  3549  3549 D ZenLog  : set_zen_mode: off,readXml
09-12 15:14:21.297  3927  3927 W System  : ClassLoader referenced unknown path: /system/priv-app/TelephonyProvider/lib/arm64
09-12 15:14:21.298  3927  3927 D ApplicationLoaders: ignored Vulkan layer search path /system/priv-app/TelephonyProvider/lib/arm64:/system/lib64:/vendor/lib64 for namespace 0x7fa19e10f0
09-12 15:14:21.300  3549  3549 D ConditionProviders: Subscribing to condition://android/schedule?days=1.2.3.4.5&start=22.0&end=7.0&exitAtAlarm=false with ComponentInfo{android/com.android.server.notification.ScheduleConditionProvider}
09-12 15:14:21.300  3549  3549 D ZenLog  : subscribe: condition://android/schedule?days=1.2.3.4.5&start=22.0&end=7.0&exitAtAlarm=false,ok
09-12 15:14:21.301  3549  3549 D ConditionProviders: Subscribing to condition://android/event?userId=-10000&calendar=&reply=1 with ComponentInfo{android/com.android.server.notification.EventConditionProvider}
09-12 15:14:21.301  3549  3549 D ZenLog  : subscribe: condition://android/event?userId=-10000&calendar=&reply=1,ok
09-12 15:14:21.301  3549  3549 D ConditionProviders: Subscribing to condition://android/schedule?days=6.7&start=23.30&end=10.0&exitAtAlarm=false with ComponentInfo{android/com.android.server.notification.ScheduleConditionProvider}
09-12 15:14:21.301  3549  3549 D ZenLog  : subscribe: condition://android/schedule?days=6.7&start=23.30&end=10.0&exitAtAlarm=false,ok
09-12 15:14:21.307  3947  3947 I chatty  : uid=1000(system) com.android.settings expire 14 lines
09-12 15:14:21.310  3175  3175 I MediaPlayerService: MediaPlayerService::getOMX
09-12 15:14:21.312  3549  3970 I chatty  : uid=1000 system_server expire 1 line
09-12 15:14:21.313  3172  3201 I OMXMaster: makeComponentInstance(OMX.google.vorbis.decoder) in mediacodec process
09-12 15:14:21.327  3927  3927 I m.android.phone: type=1400 audit(0.0:164): avc: denied { write } for name="HbpcdLookup.db" dev="sda24" ino=3121274 scontext=u:r:radio:s0 tcontext=u:object_r:system_data_file:s0 tclass=file permissive=1
09-12 15:14:21.327  3927  3927 W m.android.phone: type=1300 audit(0.0:164): arch=c00000b7 syscall=56 success=yes exit=35 a0=ffffff9c a1=7f9379dec0 a2=a0042 a3=180 items=0 ppid=3166 auid=4294967295 uid=1001 gid=1001 euid=1001 suid=1001 fsuid=1001 egid=1001 sgid=1001 fsgid=1001 tty=(none) ses=4294967295 exe="/system/bin/app_process64" subj=u:r:radio:s0 key=(null)
09-12 15:14:21.327  3075  3075 W auditd  : type=1327 audit(0.0:164): proctitle="com.android.phone"
09-12 15:14:21.327  3075  3075 W auditd  : type=1320 audit(0.0:164): 
09-12 15:14:21.327  3927  3927 I m.android.phone: type=1400 audit(0.0:165): avc: denied { lock } for path="/data/user_de/0/com.android.providers.telephony/databases/HbpcdLookup.db" dev="sda24" ino=3121274 scontext=u:r:radio:s0 tcontext=u:object_r:system_data_file:s0 tclass=file permissive=1
09-12 15:14:21.327  3927  3927 W m.android.phone: type=1300 audit(0.0:165): arch=c00000b7 syscall=25 success=yes exit=0 a0=23 a1=6 a2=7ffbe127b8 a3=d items=0 ppid=3166 auid=4294967295 uid=1001 gid=1001 euid=1001 suid=1001 fsuid=1001 egid=1001 sgid=1001 fsgid=1001 tty=(none) ses=4294967295 exe="/system/bin/app_process64" subj=u:r:radio:s0 key=(null)
09-12 15:14:21.327  3075  3075 W auditd  : type=1327 audit(0.0:165): proctitle="com.android.phone"
09-12 15:14:21.327  3075  3075 W auditd  : type=1320 audit(0.0:165): 
09-12 15:14:21.341  3549  3549 W ContextImpl: Calling a method in the system process without a qualified user: android.app.ContextImpl.startService:1357 com.android.server.content.SyncManager$13.run:658 android.os.Handler.handleCallback:751 android.os.Handler.dispatchMessage:95 android.os.Looper.loop:154 
09-12 15:14:21.344  3927  3927 D TelephonyProvider: dbh.onOpen: ok, queried table=siminfo
09-12 15:14:21.344  3549  3603 I chatty  : uid=1000(system) WifiScanningSer expire 3 lines
09-12 15:14:21.345  3927  3927 D TelephonyProvider: dbh.onOpen: ok, queried table=carriers
09-12 15:14:21.345  3549  3549 D ZenLog  : set_zen_mode: off,cleanUpZenRules
09-12 15:14:21.345  3549  3604 I chatty  : uid=1000(system) WifiRttService expire 2 lines
09-12 15:14:21.355  3684  3684 D StorageNotification: Notifying about private volume: VolumeInfo{private}:
09-12 15:14:21.355  3684  3684 D StorageNotification:     type=PRIVATE diskId=null partGuid=null mountFlags=0 mountUserId=-1 
09-12 15:14:21.355  3684  3684 D StorageNotification:     state=MOUNTED 
09-12 15:14:21.355  3684  3684 D StorageNotification:     fsType=null fsUuid=null fsLabel=null 
09-12 15:14:21.355  3684  3684 D StorageNotification:     path=/data internalPath=null 
09-12 15:14:21.399  3549  3549 D BluetoothManagerService: Trying to bind to profile: 1, while Bluetooth was disabled
09-12 15:14:21.403  3549  3549 I Telecom : SystemStateProvider: Registering car mode receiver: android.content.IntentFilter@4ae1564: TS.init@AAA
09-12 15:14:21.409  3549  3979 I Telecom : Telecom: Non-call EVENT: AUDIO_ROUTE, Entering state QuiescentEarpieceRoute
09-12 15:14:21.413  3549  3981 I Telecom : CallAudioModeStateMachine: Message received: null.: TS.init->CAMSM.pM_1@AAA_0
09-12 15:14:21.434  3927  3927 W System  : ClassLoader referenced unknown path: /system/framework/qti-telephony-common.jar
09-12 15:14:21.435  3927  3927 W System.err: java.lang.ClassNotFoundException: com.qualcomm.qti.internal.telephony.QtiTelephonyComponentFactory
09-12 15:14:21.435  3927  3927 W System.err: 	at java.lang.Class.classForName(Native Method)
09-12 15:14:21.435  3927  3927 W System.err: 	at java.lang.Class.forName(Class.java:400)
09-12 15:14:21.435  3927  3927 W System.err: 	at com.android.internal.telephony.TelephonyComponentFactory.getInstance(TelephonyComponentFactory.java:71)
09-12 15:14:21.435  3927  3927 W System.err: 	at com.android.internal.telephony.PhoneFactory.makeDefaultPhone(PhoneFactory.java:133)
09-12 15:14:21.435  3927  3927 W System.err: 	at com.android.internal.telephony.PhoneFactory.makeDefaultPhones(PhoneFactory.java:91)
09-12 15:14:21.435  3927  3927 W System.err: 	at com.android.phone.PhoneGlobals.onCreate(PhoneGlobals.java:282)
09-12 15:14:21.435  3927  3927 W System.err: 	at com.android.phone.PhoneApp.onCreate(PhoneApp.java:41)
09-12 15:14:21.435  3927  3927 W System.err: 	at android.app.Instrumentation.callApplicationOnCreate(Instrumentation.java:1025)
09-12 15:14:21.435  3927  3927 W System.err: 	at android.app.ActivityThread.handleBindApplication(ActivityThread.java:5448)
09-12 15:14:21.435  3927  3927 W System.err: 	at android.app.ActivityThread.-wrap2(ActivityThread.java)
09-12 15:14:21.435  3927  3927 W System.err: 	at android.app.ActivityThread$H.handleMessage(ActivityThread.java:1564)
09-12 15:14:21.435  3927  3927 W System.err: 	at android.os.Handler.dispatchMessage(Handler.java:102)
09-12 15:14:21.436  3927  3927 W System.err: 	at android.os.Looper.loop(Looper.java:154)
09-12 15:14:21.436  3927  3927 W System.err: 	at android.app.ActivityThread.main(ActivityThread.java:6186)
09-12 15:14:21.436  3927  3927 W System.err: 	at java.lang.reflect.Method.invoke(Native Method)
09-12 15:14:21.436  3927  3927 W System.err: 	at com.android.internal.os.ZygoteInit$MethodAndArgsCaller.run(ZygoteInit.java:889)
09-12 15:14:21.436  3927  3927 W System.err: 	at com.android.internal.os.ZygoteInit.main(ZygoteInit.java:779)
09-12 15:14:21.436  3927  3927 W System.err: Caused by: java.lang.ClassNotFoundException: Didn't find class "com.qualcomm.qti.internal.telephony.QtiTelephonyComponentFactory" on path: DexPathList[[],nativeLibraryDirectories=[/system/lib64, /vendor/lib64]]
09-12 15:14:21.436  3927  3927 W System.err: 	at dalvik.system.BaseDexClassLoader.findClass(BaseDexClassLoader.java:56)
09-12 15:14:21.436  3927  3927 W System.err: 	at java.lang.ClassLoader.loadClass(ClassLoader.java:380)
09-12 15:14:21.436  3927  3927 W System.err: 	at java.lang.ClassLoader.loadClass(ClassLoader.java:312)
09-12 15:14:21.436  3927  3927 W System.err: 	... 17 more
09-12 15:14:21.445  3549  3549 I Telecom : ViceNotificationImpl: ViceNotificationImpl: TS.init@AAA
09-12 15:14:21.449  3549  3560 I StatusBarManagerService: registerStatusBar bar=com.android.internal.statusbar.IStatusBar$Stub$Proxy@ca9c624
09-12 15:14:21.449  3549  3549 D BluetoothManagerService: Trying to bind to profile: 1, while Bluetooth was disabled
09-12 15:14:21.452  3549  3983 E ActivityThread: Failed to find provider info for call_log
09-12 15:14:21.453  3549  3549 I Telecom : Class: TelecomSystem.INSTANCE being set
09-12 15:14:21.453  3549  3549 W ContextImpl: Calling a method in the system process without a qualified user: android.app.ContextImpl.startService:1357 android.content.ContextWrapper.startService:613 com.android.server.telecom.components.TelecomService.initializeTelecomSystem:196 com.android.server.telecom.components.TelecomService.onBind:64 android.app.ActivityThread.handleBindService:3243 
09-12 15:14:21.496  3549  3986 I chatty  : uid=1000(system) Thread-5 expire 2 lines
09-12 15:14:21.500  3947  3984 I chatty  : uid=1000(system) RenderThread expire 11 lines
09-12 15:14:21.506  3549  3596 I chatty  : uid=1000(system) NetworkStats expire 2 lines
09-12 15:14:21.508  3684  3689 I art     : Do partial code cache collection, code=124KB, data=99KB
09-12 15:14:21.508  3684  3689 I art     : After code cache collection, code=123KB, data=99KB
09-12 15:14:21.508  3684  3689 I art     : Increasing code cache capacity to 512KB
09-12 15:14:21.535  3549  3549 V WiredAccessoryManager: init()
09-12 15:14:21.554  3549  3570 I chatty  : uid=1000(system) android.display expire 3 lines
09-12 15:14:21.556  3549  3563 I chatty  : uid=1000(system) ActivityManager expire 1 line
09-12 15:14:21.556  3549  3563 W KeyguardServiceDelegate: onScreenTurningOn(): no keyguard service!
09-12 15:14:21.567  3549  3570 I WindowManager: Screen frozen for +315ms due to AppWindowToken{adb9108 token=Token{b1930fa ActivityRecord{e077725 u0 com.android.settings/.FallbackHome t1}}}
09-12 15:14:21.580  3549  3958 D CryptdConnector: SND -> {3 cryptfs getpw}
09-12 15:14:21.581  3999  3999 I wpa_supplicant: Successfully initialized wpa_supplicant
09-12 15:14:21.582  3068  3135 D VoldCryptCmdListener: cryptfs getpw
09-12 15:14:21.583  3549  3594 D CryptdConnector: RCV <- {200 3 -1}
09-12 15:14:21.586  3999  3999 I wpa_supplicant: rfkill: Cannot open RFKILL control device
09-12 15:14:21.586  3549  3958 D CryptdConnector: SND -> {4 cryptfs clearpw}
09-12 15:14:21.587  3068  3135 D VoldCryptCmdListener: cryptfs clearpw
09-12 15:14:21.588  3549  3594 D CryptdConnector: RCV <- {200 4 0}
09-12 15:14:21.700  3176  3516 D CommandListener: Setting iface cfg
09-12 15:14:21.712  3176  3516 D CommandListener: Trying to bring up p2p0
09-12 15:14:21.718  3549  3549 D ConditionProviders.SCP: onSubscribe condition://android/schedule?days=1.2.3.4.5&start=22.0&end=7.0&exitAtAlarm=false
09-12 15:14:21.720  3549  3549 D ConditionProviders.SCP: setRegistered true
09-12 15:14:21.721  3549  3549 D ConditionProviders.SCP: notifyCondition condition://android/schedule?days=1.2.3.4.5&start=22.0&end=7.0&exitAtAlarm=false STATE_FALSE reason=!meetsSchedule
09-12 15:14:21.723  3549  3549 D ConditionProviders.SCP: Scheduling evaluate for Tue Sep 12 22:00:00 GMT-03:00 2017 (1505264400000), in +6h45m38s280ms, now=Tue Sep 12 15:14:21 GMT-03:00 2017 (1505240061720)
09-12 15:14:21.724  3549  3549 D ConditionProviders.SCP: onSubscribe condition://android/schedule?days=6.7&start=23.30&end=10.0&exitAtAlarm=false
09-12 15:14:21.724  3549  3599 I chatty  : uid=1000(system) WifiP2pService expire 6 lines
09-12 15:14:21.726  3549  3549 D ConditionProviders.SCP: notifyCondition condition://android/schedule?days=6.7&start=23.30&end=10.0&exitAtAlarm=false STATE_FALSE reason=!meetsSchedule
09-12 15:14:21.728  3549  3549 D ConditionProviders.SCP: notifyCondition condition://android/schedule?days=1.2.3.4.5&start=22.0&end=7.0&exitAtAlarm=false STATE_FALSE reason=!meetsSchedule
09-12 15:14:21.735  3549  3549 D ConditionProviders.SCP: Scheduling evaluate for Tue Sep 12 22:00:00 GMT-03:00 2017 (1505264400000), in +6h45m38s275ms, now=Tue Sep 12 15:14:21 GMT-03:00 2017 (1505240061725)
09-12 15:14:21.744  3549  3611 E ActivityThread: Failed to find provider info for com.android.calendar
09-12 15:14:21.746  3549  3611 E ActivityThread: Failed to find provider info for com.android.calendar
09-12 15:14:21.751  3549  3549 I BrokerableCMSystemService: Implementation service connected
09-12 15:14:21.753  3549  3549 I Telecom : WiredHeadsetManager: ACTION_HEADSET_PLUG event, plugged in: false, : WHC.oADA@AAE
09-12 15:14:21.758  3549  3549 I ActivityManager: user 0 is still locked. Cannot load recents
09-12 15:14:21.786  3549  3563 I ActivityManager: Start proc 4016:com.android.cellbroadcastreceiver/u0a7 for broadcast com.android.cellbroadcastreceiver/.CellBroadcastReceiver
09-12 15:14:21.805  3684  3684 W System  : ClassLoader referenced unknown path: 
09-12 15:14:21.807  3684  3684 D ApplicationLoaders: ignored Vulkan layer search path /system/app/Camera2/lib/arm64:/system/app/Camera2/Camera2.apk!/lib/arm64-v8a:/system/lib64:/vendor/lib64 for namespace 0x7fa19e10f0
09-12 15:14:21.824  4016  4016 W System  : ClassLoader referenced unknown path: /system/priv-app/CellBroadcastReceiver/lib/arm64
09-12 15:14:21.901  3684  3684 D ClockController: onTuningChanged key=cmsystem:status_bar_clock value=null
09-12 15:14:21.902  4016  4016 D CellBroadcastReceiver: onReceive Intent { act=android.intent.action.SIM_STATE_CHANGED flg=0x4000010 cmp=com.android.cellbroadcastreceiver/.CellBroadcastReceiver (has extras) }
09-12 15:14:21.908  3684  3684 D ClockController: onTuningChanged key=cmsystem:status_bar_am_pm value=null
09-12 15:14:21.910  3927  3932 I art     : Do partial code cache collection, code=30KB, data=22KB
09-12 15:14:21.910  3927  3932 I art     : After code cache collection, code=30KB, data=22KB
09-12 15:14:21.910  3927  3932 I art     : Increasing code cache capacity to 128KB
09-12 15:14:21.912  3684  3684 D ClockController: onTuningChanged key=clock_seconds value=null
09-12 15:14:21.947  3684  3684 D LocalBluetoothProfileManager: Adding local MAP profile
09-12 15:14:21.951  3684  3684 D BluetoothMap: Create BluetoothMap proxy object
09-12 15:14:21.955  3684  3689 I art     : Do full code cache collection, code=250KB, data=207KB
09-12 15:14:21.955  3684  3689 I art     : Starting a blocking GC JitCodeCache
09-12 15:14:21.956  3684  3689 I art     : After code cache collection, code=237KB, data=173KB
09-12 15:14:21.959  3684  3684 D LocalBluetoothProfileManager: LocalBluetoothProfileManager construction complete
09-12 15:14:21.965  3927  3932 I art     : Compiler allocated 8MB to compile void com.android.server.SystemConfig.readPermissionsFromXml(java.io.File, int)
09-12 15:14:21.970  3927  3927 D PhoneSwitcherNetworkRequstListener: Registering NetworkFactory
09-12 15:14:21.971  3549  3605 D ConnectivityService: Got NetworkFactory Messenger for PhoneSwitcherNetworkRequstListener
09-12 15:14:21.976  3927  3932 I art     : Do partial code cache collection, code=59KB, data=60KB
09-12 15:14:21.976  3927  3932 I art     : After code cache collection, code=59KB, data=60KB
09-12 15:14:21.976  3927  3932 I art     : Increasing code cache capacity to 256KB
09-12 15:14:21.979  3684  3684 I CameraManagerGlobal: Connecting to camera service
09-12 15:14:21.981  3549  3605 D ConnectivityService: Got NetworkFactory Messenger for TelephonyNetworkFactory[0]
09-12 15:14:21.981  3160  3224 E CameraService: getCameraVendorTagDescriptor: camera hardware module doesn't exist
09-12 15:14:21.997  3927  4037 E ActivityThread: Failed to find provider info for com.android.contacts
09-12 15:14:21.997  3927  4037 W CallerInfoCache: cursor is null
09-12 15:14:21.999  3927  3927 D CarrierConfigLoader: CarrierConfigLoader has started
09-12 15:14:22.004  3549  3561 D BluetoothManagerService: Trying to bind to profile: 1, while Bluetooth was disabled
09-12 15:14:22.022  3549  3699 I ActivityManager: Start proc 4041:org.cyanogenmod.weather.provider/u0a32 for content provider org.cyanogenmod.weather.provider/.WeatherContentProvider
09-12 15:14:22.035  3927  3927 I Telephony: TtyManager: updateUiTtyMode -1 -> 0
09-12 15:14:22.038  4041  4041 W System  : ClassLoader referenced unknown path: /system/priv-app/WeatherProvider/lib/arm64
09-12 15:14:22.116  3684  4059 E ActivityThread: Failed to find provider info for com.android.contacts
09-12 15:14:22.128  3684  3973 D OpenGLRenderer: profile bars disabled
09-12 15:14:22.129  3684  3973 D OpenGLRenderer: ambientRatio = 1.50
09-12 15:14:22.145  3684  3684 D PhoneStatusBar: disable: < EXPAND* icons alerts system_info BACK* HOME* RECENT* clock SEARCH* quick_settings >
09-12 15:14:22.211  3927  3927 D PhoneSwitcherNetworkRequstListener: got request NetworkRequest [ REQUEST id=1, [ Capabilities: INTERNET&NOT_RESTRICTED&TRUSTED&NOT_VPN] ] with score 0
09-12 15:14:22.212  3927  3927 D TelephonyDebugService: TelephonyDebugService()
09-12 15:14:22.213  3927  3927 D CarrierConfigLoader: mHandler: 12 phoneId: 0
09-12 15:14:22.220  4016  4016 D CellBroadcastReceiver: onReceive Intent { act=android.intent.action.SERVICE_STATE flg=0x10 cmp=com.android.cellbroadcastreceiver/.CellBroadcastReceiver (has extras) }
09-12 15:14:22.220  4016  4016 D CellBroadcastReceiver: Intent: android.intent.action.SERVICE_STATE
09-12 15:14:22.224  4016  4016 D CellBroadcastReceiver: Service state changed! 3 Full: 3 3 voice home data home null null null null null null  Unknown Unknown CSS not supported -1 -1 RoamInd=-1 DefRoamInd=-1 EmergOnly=false IsDataRoamingFromRegistration=false IsUsingCarrierAggregation=false Current state=-1
09-12 15:14:22.226  3927  3927 E PhoneInterfaceManager: [PhoneIntfMgr] getIccId: No UICC
09-12 15:14:22.238  3549  3561 I Telecom : PhoneAccountRegistrar: [ComponentInfo{com.android.phone/com.android.services.telephony.TelephonyConnectionService}, [e0184adedf913b076626646d3f52c3b49c39ad6d], UserHandle{0}(icon: Icon(typ=BITMAP size=67x84) -> Icon(typ=BITMAP size=67x84))]: TSI.rPA@AAU
09-12 15:14:22.242  3549  3561 I Telecom : : Sending phone-account registered intent as user: TSI.rPA@AAU
09-12 15:14:22.243  3927  3927 I Telephony: AccountEntry: Registered phoneAccount: [[ ] PhoneAccount: ComponentInfo{com.android.phone/com.android.services.telephony.TelephonyConnectionService}, [e0184adedf913b076626646d3f52c3b49c39ad6d], UserHandle{0} Capabilities: CallProvider MultiUser PlaceEmerg SimSub  Audio Routes: BESW Schemes: tel voicemail  Extras: null GroupId: [da39a3ee5e6b4b0d3255bfef95601890afd80709]] with handle: ComponentInfo{com.android.phone/com.android.services.telephony.TelephonyConnectionService}, [e0184adedf913b076626646d3f52c3b49c39ad6d], UserHandle{0}
09-12 15:14:22.252  3927  3927 I Telephony: PstnIncomingCallNotifier: Registering: Handler (com.android.internal.telephony.GsmCdmaPhone) {69dd572}
09-12 15:14:22.289  3927  3932 I art     : Do full code cache collection, code=125KB, data=113KB
09-12 15:14:22.289  3927  3932 I art     : Starting a blocking GC JitCodeCache
09-12 15:14:22.289  3927  3932 I art     : After code cache collection, code=96KB, data=64KB
09-12 15:14:22.291  3927  3927 E PhoneInterfaceManager: [PhoneIntfMgr] getIccId: No UICC
09-12 15:14:22.294  4016  4016 D CellBroadcastReceiver: onReceive Intent { act=android.intent.action.SIM_STATE_CHANGED flg=0x4000010 cmp=com.android.cellbroadcastreceiver/.CellBroadcastReceiver (has extras) }
09-12 15:14:22.302  3549  3699 I Telecom : PhoneAccountRegistrar: [ComponentInfo{com.android.phone/com.android.services.telephony.TelephonyConnectionService}, [e0184adedf913b076626646d3f52c3b49c39ad6d], UserHandle{0}(icon: Icon(typ=BITMAP size=67x84) -> Icon(typ=BITMAP size=67x84))]: TSI.rPA@AAg
09-12 15:14:22.305  3549  3699 I Telecom : : Sending phone-account registered intent as user: TSI.rPA@AAg
09-12 15:14:22.306  3684  3684 D PhoneStatusBar: heads up is enabled
09-12 15:14:22.321  3927  3927 I VvmSimChangeReceiver: Sim removed, removing inactive accounts
09-12 15:14:22.325  3927  3927 I Telephony: PstnIncomingCallNotifier: Unregistering: Handler (com.android.internal.telephony.GsmCdmaPhone) {69dd572}
09-12 15:14:22.326  3927  3927 E PhoneInterfaceManager: [PhoneIntfMgr] getIccId: No UICC
09-12 15:14:22.328  4016  4016 D CellBroadcastReceiver: onReceive Intent { act=android.intent.action.SERVICE_STATE flg=0x10 cmp=com.android.cellbroadcastreceiver/.CellBroadcastReceiver (has extras) }
09-12 15:14:22.328  4016  4016 D CellBroadcastReceiver: Intent: android.intent.action.SERVICE_STATE
09-12 15:14:22.329  4016  4016 D CellBroadcastReceiver: Service state changed! 1 Full: 1 1 voice home data home null null null null null null  UMTS Unknown CSS not supported -1 -1 RoamInd=-1 DefRoamInd=-1 EmergOnly=false IsDataRoamingFromRegistration=false IsUsingCarrierAggregation=false Current state=3
09-12 15:14:22.333  3549  3700 I Telecom : PhoneAccountRegistrar: [ComponentInfo{com.android.phone/com.android.services.telephony.TelephonyConnectionService}, [e0184adedf913b076626646d3f52c3b49c39ad6d], UserHandle{0}(icon: Icon(typ=BITMAP size=67x84) -> Icon(typ=BITMAP size=67x84))]: TSI.rPA@AAk
09-12 15:14:22.336  3549  3700 I Telecom : : Sending phone-account registered intent as user: TSI.rPA@AAk
09-12 15:14:22.338  3927  3927 I Telephony: AccountEntry: Registered phoneAccount: [[ ] PhoneAccount: ComponentInfo{com.android.phone/com.android.services.telephony.TelephonyConnectionService}, [e0184adedf913b076626646d3f52c3b49c39ad6d], UserHandle{0} Capabilities: CallProvider MultiUser PlaceEmerg SimSub  Audio Routes: BESW Schemes: tel voicemail  Extras: null GroupId: [da39a3ee5e6b4b0d3255bfef95601890afd80709]] with handle: ComponentInfo{com.android.phone/com.android.services.telephony.TelephonyConnectionService}, [e0184adedf913b076626646d3f52c3b49c39ad6d], UserHandle{0}
09-12 15:14:22.338  3927  3927 I Telephony: PstnIncomingCallNotifier: Registering: Handler (com.android.internal.telephony.GsmCdmaPhone) {69dd572}
09-12 15:14:22.370  3927  3927 D CarrierConfigLoader: update config for phoneId: 0 simState: ABSENT
09-12 15:14:22.370  3927  3927 D CarrierSvcBindHelper: update binding for phoneId: 0 simState: ABSENT
09-12 15:14:22.378  3927  3927 E PhoneInterfaceManager: [PhoneIntfMgr] getIccId: No UICC
09-12 15:14:22.379  3549  3700 W LocalDisplayAdapter: Unable to find color mode 0, ignoring request.
09-12 15:14:22.383  3684  3684 I Choreographer: Skipped 52 frames!  The application may be doing too much work on its main thread.
09-12 15:14:22.387  3684  3689 I art     : Do partial code cache collection, code=251KB, data=201KB
09-12 15:14:22.387  3684  3689 I art     : After code cache collection, code=251KB, data=201KB
09-12 15:14:22.387  3684  3689 I art     : Increasing code cache capacity to 1024KB
09-12 15:14:22.390  3549  3560 I Telecom : PhoneAccountRegistrar: [ComponentInfo{com.android.phone/com.android.services.telephony.TelephonyConnectionService}, [e0184adedf913b076626646d3f52c3b49c39ad6d], UserHandle{0}(icon: Icon(typ=BITMAP size=67x84) -> Icon(typ=BITMAP size=67x84))]: TSI.rPA@AAw
09-12 15:14:22.394  3549  3560 I Telecom : : Sending phone-account registered intent as user: TSI.rPA@AAw
09-12 15:14:22.394  3549  3570 W LocalDisplayAdapter: Unable to find color mode 0, ignoring request.
09-12 15:14:22.397  3927  3927 I Telephony: PstnIncomingCallNotifier: Unregistering: Handler (com.android.internal.telephony.GsmCdmaPhone) {69dd572}
09-12 15:14:22.399  3927  3927 E PhoneInterfaceManager: [PhoneIntfMgr] getIccId: No UICC
09-12 15:14:22.408  3549  3700 I Telecom : PhoneAccountRegistrar: [ComponentInfo{com.android.phone/com.android.services.telephony.TelephonyConnectionService}, [e0184adedf913b076626646d3f52c3b49c39ad6d], UserHandle{0}(icon: Icon(typ=BITMAP size=67x84) -> Icon(typ=BITMAP size=67x84))]: TSI.rPA@AA0
09-12 15:14:22.411  3549  3700 I Telecom : : Sending phone-account registered intent as user: TSI.rPA@AA0
09-12 15:14:22.413  3927  3927 I Telephony: AccountEntry: Registered phoneAccount: [[ ] PhoneAccount: ComponentInfo{com.android.phone/com.android.services.telephony.TelephonyConnectionService}, [e0184adedf913b076626646d3f52c3b49c39ad6d], UserHandle{0} Capabilities: CallProvider MultiUser PlaceEmerg SimSub  Audio Routes: BESW Schemes: tel voicemail  Extras: null GroupId: [da39a3ee5e6b4b0d3255bfef95601890afd80709]] with handle: ComponentInfo{com.android.phone/com.android.services.telephony.TelephonyConnectionService}, [e0184adedf913b076626646d3f52c3b49c39ad6d], UserHandle{0}
09-12 15:14:22.413  3927  3927 I Telephony: PstnIncomingCallNotifier: Registering: Handler (com.android.internal.telephony.GsmCdmaPhone) {69dd572}
09-12 15:14:22.416  3684  3684 D ViewRootImpl[StatusBar]: changeCanvasOpacity: opaque=true
09-12 15:14:22.424  3927  3927 D CarrierConfigLoader: mHandler: 0 phoneId: 0
09-12 15:14:22.424  3927  3927 D CarrierSvcBindHelper: mHandler: 0
09-12 15:14:22.424  3927  3927 D CarrierSvcBindHelper: Rebinding if necessary for phoneId: 0
09-12 15:14:22.424  3927  3927 D CarrierSvcBindHelper: No carrier app for: 0
09-12 15:14:22.425  3927  3927 E PhoneInterfaceManager: [PhoneIntfMgr] getIccId: No UICC
09-12 15:14:22.427  3154  3183 I SurfaceFlinger: Boot is finished (12907 ms)
09-12 15:14:22.434  3549  3700 I Telecom : PhoneAccountRegistrar: [ComponentInfo{com.android.phone/com.android.services.telephony.TelephonyConnectionService}, [e0184adedf913b076626646d3f52c3b49c39ad6d], UserHandle{0}(icon: Icon(typ=BITMAP size=67x84) -> Icon(typ=BITMAP size=67x84))]: TSI.rPA@ABA
09-12 15:14:22.438  3549  3700 I Telecom : : Sending phone-account registered intent as user: TSI.rPA@ABA
09-12 15:14:22.556  3549  3564 W WindowManager: Keyguard drawn timeout. Setting mKeyguardDrawComplete
09-12 15:14:22.610  3549  3560 W LocalDisplayAdapter: Unable to find color mode 0, ignoring request.
09-12 15:14:22.616  3684  3973 I OpenGLRenderer: Initialized EGL, version 1.4
09-12 15:14:22.616  3684  3973 D OpenGLRenderer: Swap behavior 1
09-12 15:14:22.620  3684  3973 D mali_winsys: EGLint new_window_surface(egl_winsys_display*, void*, EGLSurface, EGLConfig, egl_winsys_surface**, egl_color_buffer_format*, EGLBoolean) returns 0x3000,  [1440x84]-format:1
09-12 15:14:22.632  3549  3570 W LocalDisplayAdapter: Unable to find color mode 0, ignoring request.
09-12 15:14:22.666  3684  3973 D mali_winsys: EGLint new_window_surface(egl_winsys_display*, void*, EGLSurface, EGLConfig, egl_winsys_surface**, egl_color_buffer_format*, EGLBoolean) returns 0x3000,  [1440x168]-format:1
09-12 15:14:22.689  3549  3561 I ActivityManager: Setting hasTopUi=true for pid=3684
09-12 15:14:22.712  3684  3684 D PhoneStatusBar: disable: < EXPAND ICONS* alerts SYSTEM_INFO* BACK HOME RECENT clock SEARCH quick_settings >
09-12 15:14:22.727  3684  3684 D PhoneStatusBar: disable: < EXPAND ICONS alerts SYSTEM_INFO BACK HOME RECENT clock SEARCH quick_settings >
09-12 15:14:22.736  3549  3563 I VrManagerService: VR mode is disallowed
09-12 15:14:22.764  3549  3943 I chatty  : uid=1000(system) Binder:3549_5 expire 1 line
09-12 15:14:22.789  3549  3600 D WifiService: New client listening to asynchronous messages
09-12 15:14:22.792  3549  3570 W LocalDisplayAdapter: Unable to find color mode 0, ignoring request.
09-12 15:14:22.817  3549  3560 W LocalDisplayAdapter: Unable to find color mode 0, ignoring request.
09-12 15:14:22.845  3684  3973 D mali_winsys: EGLint new_window_surface(egl_winsys_display*, void*, EGLSurface, EGLConfig, egl_winsys_surface**, egl_color_buffer_format*, EGLBoolean) returns 0x3000,  [1440x2960]-format:1
09-12 15:14:22.896  3684  3684 D mali_winsys: EGLint new_window_surface(egl_winsys_display*, void*, EGLSurface, EGLConfig, egl_winsys_surface**, egl_color_buffer_format*, EGLBoolean) returns 0x3000,  [1440x2960]-format:2
09-12 15:14:22.903  3684  3684 I ndroid.systemui: type=1400 audit(0.0:170): avc: denied { read write } for name="fimg2d" dev="tmpfs" ino=17329 scontext=u:r:platform_app:s0:c512,c768 tcontext=u:object_r:device:s0 tclass=chr_file permissive=1
09-12 15:14:22.903  3684  3684 I ndroid.systemui: type=1400 audit(0.0:170): avc: denied { open } for path="/dev/fimg2d" dev="tmpfs" ino=17329 scontext=u:r:platform_app:s0:c512,c768 tcontext=u:object_r:device:s0 tclass=chr_file permissive=1
09-12 15:14:22.903  3684  3684 W ndroid.systemui: type=1300 audit(0.0:170): arch=c00000b7 syscall=56 success=yes exit=83 a0=ffffff9c a1=7f92393703 a2=2 a3=0 items=0 ppid=3166 auid=4294967295 uid=10033 gid=10033 euid=10033 suid=10033 fsuid=10033 egid=10033 sgid=10033 fsgid=10033 tty=(none) ses=4294967295 exe="/system/bin/app_process64" subj=u:r:platform_app:s0:c512,c768 key=(null)
09-12 15:14:22.903  3075  3075 W auditd  : type=1327 audit(0.0:170): proctitle="com.android.systemui"
09-12 15:14:22.903  3075  3075 W auditd  : type=1320 audit(0.0:170): 
09-12 15:14:22.903  3684  3684 I ndroid.systemui: type=1400 audit(0.0:171): avc: denied { ioctl } for path="/dev/fimg2d" dev="tmpfs" ino=17329 ioctlcmd=4d04 scontext=u:r:platform_app:s0:c512,c768 tcontext=u:object_r:device:s0 tclass=chr_file permissive=1
09-12 15:14:22.903  3684  3684 W ndroid.systemui: type=1300 audit(0.0:171): arch=c00000b7 syscall=29 success=yes exit=0 a0=54 a1=c1104d04 a2=7f7d5fb8b0 a3=0 items=0 ppid=3166 auid=4294967295 uid=10033 gid=10033 euid=10033 suid=10033 fsuid=10033 egid=10033 sgid=10033 fsgid=10033 tty=(none) ses=4294967295 exe="/system/bin/app_process64" subj=u:r:platform_app:s0:c512,c768 key=(null)
09-12 15:14:22.903  3075  3075 W auditd  : type=1327 audit(0.0:171): proctitle="com.android.systemui"
09-12 15:14:22.903  3075  3075 W auditd  : type=1320 audit(0.0:171): 
09-12 15:14:22.945  3684  3684 D mali_winsys: EGLint new_window_surface(egl_winsys_display*, void*, EGLSurface, EGLConfig, egl_winsys_surface**, egl_color_buffer_format*, EGLBoolean) returns 0x3000,  [2160x2960]-format:2
09-12 15:14:22.969  3684  3684 W KeyguardUpdateMonitor: invalid subId in handleSimStateChange()
09-12 15:14:22.969  3684  3684 D PhoneStatusBar: disable: < expand* ICONS alerts SYSTEM_INFO back* HOME RECENT clock SEARCH quick_settings >
09-12 15:14:22.973  3684  3684 W KeyguardUpdateMonitor: invalid subId in handleServiceStateChange()
09-12 15:14:22.974  3684  3684 W KeyguardUpdateMonitor: invalid subId in handleSimStateChange()
09-12 15:14:22.977  3684  3684 W KeyguardUpdateMonitor: invalid subId in handleServiceStateChange()
09-12 15:14:23.022  3549  3560 I ActivityManager: user 0 is still locked. Cannot load recents
09-12 15:14:23.075  3522  3522 I BootAnimation: type=1400 audit(0.0:172): avc: denied { read write } for name="fimg2d" dev="tmpfs" ino=17329 scontext=u:r:bootanim:s0 tcontext=u:object_r:device:s0 tclass=chr_file permissive=1
09-12 15:14:23.075  3522  3522 I BootAnimation: type=1400 audit(0.0:172): avc: denied { open } for path="/dev/fimg2d" dev="tmpfs" ino=17329 scontext=u:r:bootanim:s0 tcontext=u:object_r:device:s0 tclass=chr_file permissive=1
09-12 15:14:23.075  3522  3522 W BootAnimation: type=1300 audit(0.0:172): arch=c00000b7 syscall=56 success=yes exit=14 a0=ffffff9c a1=7f95f71703 a2=2 a3=0 items=0 ppid=1 auid=4294967295 uid=1003 gid=1003 euid=1003 suid=1003 fsuid=1003 egid=1003 sgid=1003 fsgid=1003 tty=(none) ses=4294967295 exe="/system/bin/bootanimation" subj=u:r:bootanim:s0 key=(null)
09-12 15:14:23.075  3075  3075 W auditd  : type=1327 audit(0.0:172): proctitle="/system/bin/bootanimation"
09-12 15:14:23.075  3075  3075 W auditd  : type=1320 audit(0.0:172): 
09-12 15:14:23.075  3522  3522 I BootAnimation: type=1400 audit(0.0:173): avc: denied { ioctl } for path="/dev/fimg2d" dev="tmpfs" ino=17329 ioctlcmd=4d04 scontext=u:r:bootanim:s0 tcontext=u:object_r:device:s0 tclass=chr_file permissive=1
09-12 15:14:23.075  3522  3522 W BootAnimation: type=1300 audit(0.0:173): arch=c00000b7 syscall=29 success=yes exit=0 a0=13 a1=c1104d04 a2=7f91f0d4b0 a3=0 items=0 ppid=1 auid=4294967295 uid=1003 gid=1003 euid=1003 suid=1003 fsuid=1003 egid=1003 sgid=1003 fsgid=1003 tty=(none) ses=4294967295 exe="/system/bin/bootanimation" subj=u:r:bootanim:s0 key=(null)
09-12 15:14:23.075  3075  3075 W auditd  : type=1327 audit(0.0:173): proctitle="/system/bin/bootanimation"
09-12 15:14:23.075  3075  3075 W auditd  : type=1320 audit(0.0:173): 
09-12 15:14:23.153  3168  3384 D audio_hw_primary_abox: device-adev_set_parameters: enter with key(A2dpSuspended=false)
09-12 15:14:23.153  3168  3384 D audio_hw_primary_abox: device-adev_set_parameters: exit
09-12 15:14:23.170  3927  3927 D MccTable: updateMccMncConfiguration mccmnc='722310' fromServiceState=true
09-12 15:14:23.172  3927  3927 D MccTable: updateMccMncConfiguration defaultMccMnc=
09-12 15:14:23.172  3927  3927 D MccTable: updateMccMncConfiguration: mcc=722, mnc=310
09-12 15:14:23.172  3927  3927 D MccTable: WIFI_COUNTRY_CODE set to ar
09-12 15:14:23.173  3549  3699 I WifiService: WifiService trying to set country code to ar with persist set to false
09-12 15:14:23.243  3999  3999 I wpa_supplicant: wlan0: CTRL-EVENT-REGDOM-CHANGE init=USER type=COUNTRY alpha2=AR
09-12 15:14:23.245  3549  3699 I chatty  : uid=1000(system) Binder:3549_3 expire 1 line
09-12 15:14:23.254  3549  3700 I chatty  : uid=1000(system) Binder:3549_4 expire 1 line
09-12 15:14:23.261  3684  3684 W KeyguardUpdateMonitor: invalid subId in handleServiceStateChange()
09-12 15:14:23.264  3927  3927 I Telephony: PstnIncomingCallNotifier: Unregistering: Handler (com.android.internal.telephony.GsmCdmaPhone) {69dd572}
09-12 15:14:23.264  4016  4016 D CellBroadcastReceiver: onReceive Intent { act=android.intent.action.SERVICE_STATE flg=0x10 cmp=com.android.cellbroadcastreceiver/.CellBroadcastReceiver (has extras) }
09-12 15:14:23.264  4016  4016 D CellBroadcastReceiver: Intent: android.intent.action.SERVICE_STATE
09-12 15:14:23.265  3927  3927 E PhoneInterfaceManager: [PhoneIntfMgr] getIccId: No UICC
09-12 15:14:23.271  3549  3560 I Telecom : PhoneAccountRegistrar: [ComponentInfo{com.android.phone/com.android.services.telephony.TelephonyConnectionService}, [e0184adedf913b076626646d3f52c3b49c39ad6d], UserHandle{0}(icon: Icon(typ=BITMAP size=67x84) -> Icon(typ=BITMAP size=67x84))]: TSI.rPA@ABE
09-12 15:14:23.274  3549  3560 I Telecom : : Sending phone-account registered intent as user: TSI.rPA@ABE
09-12 15:14:23.275  3927  3927 I Telephony: AccountEntry: Registered phoneAccount: [[ ] PhoneAccount: ComponentInfo{com.android.phone/com.android.services.telephony.TelephonyConnectionService}, [e0184adedf913b076626646d3f52c3b49c39ad6d], UserHandle{0} Capabilities: CallProvider MultiUser PlaceEmerg SimSub  Audio Routes: BESW Schemes: tel voicemail  Extras: null GroupId: [da39a3ee5e6b4b0d3255bfef95601890afd80709]] with handle: ComponentInfo{com.android.phone/com.android.services.telephony.TelephonyConnectionService}, [e0184adedf913b076626646d3f52c3b49c39ad6d], UserHandle{0}
09-12 15:14:23.275  3927  3927 I Telephony: PstnIncomingCallNotifier: Registering: Handler (com.android.internal.telephony.GsmCdmaPhone) {69dd572}
09-12 15:14:23.285  3927  3927 E PhoneInterfaceManager: [PhoneIntfMgr] getIccId: No UICC
09-12 15:14:23.292  3549  3943 I Telecom : PhoneAccountRegistrar: [ComponentInfo{com.android.phone/com.android.services.telephony.TelephonyConnectionService}, [e0184adedf913b076626646d3f52c3b49c39ad6d], UserHandle{0}(icon: Icon(typ=BITMAP size=67x84) -> Icon(typ=BITMAP size=67x84))]: TSI.rPA@ABQ
09-12 15:14:23.295  3549  3943 I Telecom : : Sending phone-account registered intent as user: TSI.rPA@ABQ
09-12 15:14:24.205  3549  3562 I GnssLocationProvider: WakeLock released by handleMessage(13, 0, null)
09-12 15:14:24.205  3549  3562 D libgps  : Init: created thread tid(0x7d9e1450)
09-12 15:14:24.205  3549  3562 D libgps  : SendGpsExtensionMessage: Waiting for IPC connection...
09-12 15:14:24.205  3165  3165 D gpsd    : WakeLock(Acquire,GPSD)
09-12 15:14:24.205  3165  3165 D gpsd    : WakeLock(Release,GPSD)
09-12 15:14:24.205  3549  4079 D libgps  : ipc_thread_proc: IPC thread started by Java framework
09-12 15:14:24.205  3549  4079 D libgps  : OnIpcConnectionEstablished:
09-12 15:14:24.205  3549  4079 D libgps  : Restore last known AGPS server state
09-12 15:14:24.205  3549  4079 D libgps  : GeofenceControllerStateWaitForConnection: EXIT
09-12 15:14:24.205  3549  4079 D libgps  : GeofenceControllerStateConnected: ENTRY
09-12 15:14:24.206  3165  3165 D gpsd    : WakeLock(Acquire,GPSD)
09-12 15:14:24.206  3165  3165 D gpsd    : WakeLock(Release,GPSD)
09-12 15:14:24.206  3165  3165 D gpsd    : WakeLock(Acquire,GPSD)
09-12 15:14:24.206  3165  3165 D gpsd    : WakeLock(Release,GPSD)
09-12 15:14:24.206  3165  3165 D gpsd    : WakeLock(Acquire,GPSD)
09-12 15:14:24.206  3165  3165 D gpsd    : WakeLock(Release,GPSD)
09-12 15:14:24.206  3165  3165 D gpsd    : WakeLock(Acquire,GPSD)
09-12 15:14:24.206  3165  3165 D gpsd    : WakeLock(Release,GPSD)
09-12 15:14:24.206  3165  3165 D gpsd    : WakeLock(Acquire,GPSD)
09-12 15:14:24.206  3165  3165 D gpsd    : WakeLock(Release,GPSD)
09-12 15:14:24.206  3165  3165 D gpsd    : WakeLock(Acquire,GPSD)
09-12 15:14:24.206  3549  4079 D GnssLocationProvider: set_capabilities_callback: 38u
09-12 15:14:24.206  3165  3165 D gpsd    : WakeLock(Release,GPSD)
09-12 15:14:24.206  3549  4079 D GnssLocationProvider: set_system_info_callback: year_of_hw=0
09-12 15:14:24.255  3165  3165 D gpsd    : WakeLock(Acquire,GPSD)
09-12 15:14:24.255  3165  3165 D gpsd    : WakeLock(Release,GPSD)
09-12 15:14:24.255  3165  3165 D gpsd    : WakeLock(Acquire,GPSD)
09-12 15:14:24.255  3549  3562 I GnssLocationProvider: WakeLock released by handleMessage(2, 1, null)
09-12 15:14:24.255  3165  3165 D gpsd    : WakeLock(Release,GPSD)
09-12 15:14:24.255  3165  3165 D gpsd    : WakeLock(Acquire,GPSD)
09-12 15:14:24.255  3165  3165 D gpsd    : WakeLock(Release,GPSD)
09-12 15:14:24.270  3549  3562 I SyncManager: Got SyncJobService instance.
09-12 15:14:24.270  3549  3549 I FusedLocation: engine started (com.android.location.fused)
09-12 15:14:24.275  3549  3562 I GnssLocationProvider: WakeLock released by handleMessage(12, 0, null)
09-12 15:14:24.607  3165  3165 D gpsd    : WakeLock(Acquire,GPSD)
09-12 15:14:24.608  3165  3165 D gpsd    : WakeLock(Release,GPSD)
09-12 15:14:24.608  3165  3165 D gpsd    : WakeLock(Acquire,GPSD)
09-12 15:14:24.608  3165  3165 D gpsd    : WakeLock(Release,GPSD)
09-12 15:14:24.624  4082  4082 V lhd     : GlLhdInterface::Init(/system/etc/lhd.conf)
