09-15 21:13:55.598  3582  3582 I SystemServiceManager: Starting com.android.server.restrictions.RestrictionsManagerService
09-15 21:13:55.603  3582  3582 I SystemServiceManager: Starting com.android.server.media.MediaSessionService
09-15 21:13:55.613  3582  3582 I SystemServer: StartMediaRouterService
09-15 21:13:55.628  3582  3582 I SystemServiceManager: Starting com.android.server.trust.TrustManagerService
09-15 21:13:55.636  3582  3582 I SystemServiceManager: Starting com.android.server.fingerprint.FingerprintService
09-15 21:13:55.672  3582  3582 V FingerprintService: Fingerprint HAL id: 547755426304
09-15 21:13:55.672  3582  3582 I SystemServer: StartBackgroundDexOptService
09-15 21:13:55.673  3582  3582 I SystemServiceManager: Starting com.android.server.pm.ShortcutService$Lifecycle
09-15 21:13:55.676  3582  3582 I SystemServiceManager: Starting com.android.server.pm.LauncherAppsService
09-15 21:13:55.678  3582  3582 I SystemServiceManager: Starting com.android.server.media.projection.MediaProjectionManagerService
09-15 21:13:55.733  3582  3582 I SyncManager: No initial accounts
09-15 21:13:55.734  3582  3582 I SyncManager: No initial status
09-15 21:13:55.735  3582  3582 I SyncManager: No initial statistics
09-15 21:13:55.812  3582  3582 I SystemServiceManager: Starting com.android.server.MmsServiceBroker
09-15 21:13:55.814  3582  3582 I CMSystemServer: Attempting to start service org.cyanogenmod.platform.internal.CMStatusBarManagerService
09-15 21:13:55.816  3582  3582 I CMSystemServer: Starting service org.cyanogenmod.platform.internal.CMStatusBarManagerService
09-15 21:13:55.816  3582  3582 I SystemServiceManager: Starting org.cyanogenmod.platform.internal.CMStatusBarManagerService
09-15 21:13:55.818  3582  3582 I CMSystemServer: Attempting to start service org.cyanogenmod.platform.internal.ProfileManagerService
09-15 21:13:55.820  3582  3582 I CMSystemServer: Starting service org.cyanogenmod.platform.internal.ProfileManagerService
09-15 21:13:55.820  3582  3582 I SystemServiceManager: Starting org.cyanogenmod.platform.internal.ProfileManagerService
09-15 21:13:55.834  3582  3582 I CMSystemServer: Attempting to start service org.cyanogenmod.platform.internal.CMTelephonyManagerService
09-15 21:13:55.835  3582  3582 I CMSystemServer: Starting service org.cyanogenmod.platform.internal.CMTelephonyManagerService
09-15 21:13:55.835  3582  3582 I SystemServiceManager: Starting org.cyanogenmod.platform.internal.CMTelephonyManagerService
09-15 21:13:55.835  3582  3582 I CMSystemServer: Attempting to start service org.cyanogenmod.platform.internal.CMHardwareService
09-15 21:13:55.857  3582  3582 I CMSystemServer: Starting service org.cyanogenmod.platform.internal.CMHardwareService
09-15 21:13:55.857  3582  3582 I SystemServiceManager: Starting org.cyanogenmod.platform.internal.CMHardwareService
09-15 21:13:55.861  3582  3582 I CMSystemServer: Attempting to start service org.cyanogenmod.platform.internal.PerformanceManagerService
09-15 21:13:55.864  3582  4714 I ServiceThread: Enabled StrictMode logging for PerformanceManager looper.
09-15 21:13:55.864  3582  3582 I CMSystemServer: Starting service org.cyanogenmod.platform.internal.PerformanceManagerService
09-15 21:13:55.865  3582  3582 I SystemServiceManager: Starting org.cyanogenmod.platform.internal.PerformanceManagerService
09-15 21:13:55.866  3582  4715 I ServiceThread: Enabled StrictMode logging for PerformanceManager looper.
09-15 21:13:55.867  3582  3582 I CMSystemServer: Attempting to start service org.cyanogenmod.platform.internal.WeatherManagerServiceBroker
09-15 21:13:55.868  3582  3582 I CMSystemServer: Starting service org.cyanogenmod.platform.internal.WeatherManagerServiceBroker
09-15 21:13:55.868  3582  3582 I SystemServiceManager: Starting org.cyanogenmod.platform.internal.WeatherManagerServiceBroker
09-15 21:13:55.869  3582  3582 I CMSystemServer: Attempting to start service org.cyanogenmod.platform.internal.display.LiveDisplayService
09-15 21:13:55.873  3582  4717 I ServiceThread: Enabled StrictMode logging for LiveDisplay looper.
09-15 21:13:55.875  3582  3582 I CMSystemServer: Starting service org.cyanogenmod.platform.internal.display.LiveDisplayService
09-15 21:13:55.875  3582  3582 I SystemServiceManager: Starting org.cyanogenmod.platform.internal.display.LiveDisplayService
09-15 21:13:55.876  3582  4729 I ServiceThread: Enabled StrictMode logging for LiveDisplay looper.
09-15 21:13:55.878  3582  3582 I CMSystemServer: Attempting to start service org.cyanogenmod.platform.internal.CMAudioServiceBroker
09-15 21:13:55.878  3582  3582 I CMSystemServer: Starting service org.cyanogenmod.platform.internal.CMAudioServiceBroker
09-15 21:13:55.878  3582  3582 I SystemServiceManager: Starting org.cyanogenmod.platform.internal.CMAudioServiceBroker
09-15 21:13:55.879  3582  3582 I SystemServiceManager: Starting com.android.server.retaildemo.RetailDemoModeService
09-15 21:13:55.880  3582  4730 I ServiceThread: Enabled StrictMode logging for RetailDemoModeService looper.
09-15 21:13:56.056  3582  3582 I LockSettingsService: Migrated lock settings to new location
09-15 21:13:56.078  3582  3582 I LockSettingsService: Migrated per-user lock settings to new location
09-15 21:13:56.122  3582  3582 I LockSettingsService: Migrated biometric weak to use the fallback instead
09-15 21:13:56.144  3582  3582 I LockSettingsService: Migrated lockscreen disabled flag
09-15 21:13:56.150  3582  3582 E LockSettingsStorage: Cannot read file java.io.FileNotFoundException: /data/system/gatekeeper.password.key: open failed: ENOENT (No such file or directory)
09-15 21:13:56.150  3582  3582 E LockSettingsStorage: Cannot read file java.io.FileNotFoundException: /data/system/password.key: open failed: ENOENT (No such file or directory)
09-15 21:13:56.151  3582  3582 E LockSettingsStorage: Cannot read file java.io.FileNotFoundException: /data/system/gatekeeper.pattern.key: open failed: ENOENT (No such file or directory)
09-15 21:13:56.151  3582  3582 E LockSettingsStorage: Cannot read file java.io.FileNotFoundException: /data/system/gatekeeper.gesture.key: open failed: ENOENT (No such file or directory)
09-15 21:13:56.151  3582  3582 E LockSettingsStorage: Cannot read file java.io.FileNotFoundException: /data/system/gesture.key: open failed: ENOENT (No such file or directory)
09-15 21:13:56.151  3582  3582 I SystemServiceManager: Starting phase 480
09-15 21:13:56.155  3582  3582 I SystemServiceManager: Starting phase 500
09-15 21:13:56.165  3582  3582 I WifiService: WifiService starting up with Wi-Fi enabled
09-15 21:13:56.167  3582  3582 D WifiService: setWifiEnabled: true pid=3582, uid=1000
09-15 21:13:56.177  3582  4681 D ConnectivityService: Got NetworkFactory Messenger for Ethernet
09-15 21:13:56.196  3582  3582 D ZenLog  : config: cleanUpZenRules,ZenModeConfig[user=0,allowCalls=true,allowRepeatCallers=false,allowMessages=false,allowCallsFrom=contacts,allowMessagesFrom=contacts,allowReminders=true,allowEvents=true,allowWhenScreenOff=true,allowWhenScreenOn=true,automaticRules={b6c2e2cd579f40368646556a544552a7=ZenRule[enabled=false,snoozing=false,name=Weekend,zenMode=ZEN_MODE_ALARMS,conditionId=condition://android/schedule?days=6.7&start=23.30&end=10.0&exitAtAlarm=false,condition=null,component=ComponentInfo{android/com.android.server.notification.ScheduleConditionProvider},id=b6c2e2cd579f40368646556a544552a7,creationTime=1505520834292,enabler=null], e67ddcccf84d4636a1c0379030ab327c=ZenRule[enabled=false,snoozing=false,name=Event,zenMode=ZEN_MODE_ALARMS,conditionId=condition://android/event?userId=-10000&calendar=&reply=1,condition=null,component=ComponentInfo{android/com.android.server.notification.EventConditionProvider},id=e67ddcccf84d4636a1c0379030ab327c,creationTime=1505520834293,enabler=null], 4411aab44893424d8cd19b7869eff014=ZenRule[enabled=false,snoozing=false,name=Weeknight,zenMode=ZEN_MODE_ALARMS,conditionId=condition://android/schedule?days=1.2.3.4.5&start=22.0&end=7.0&exitAtAlarm=false,condition=null,component=ComponentInfo{android/com.android.server.notification.ScheduleConditionProvider},id=4411aab44893424d8cd19b7869eff014,creationTime=1505520834292,enabler=null]},manualRule=null],Diff[]
09-15 21:13:56.197  3582  3582 D ZenLog  : set_zen_mode: off,onSystemReady
09-15 21:13:56.200  3582  3582 W SoundTriggerHelper: listModules status=0, # of modules=0
09-15 21:13:56.205  3582  3582 E PerformanceManager: System is not ready, dropping profile request
09-15 21:13:56.266  3582  3692 W KeyguardServiceDelegate: onScreenTurningOn(): no keyguard service!
09-15 21:13:56.267  3582  3582 D VoldConnector: SND -> {4 volume remount_uid 1001 none}
09-15 21:13:56.267  3582  3690 W LocalDisplayAdapter: Unable to find color mode 0, ignoring request.
09-15 21:13:56.268  3079  3147 D vold    : Remounting 1001 as mode none
09-15 21:13:56.271  3079  3147 D vold    : Found matching PID 3593
09-15 21:13:56.271  3079  3147 W vold    : Skipping due to root namespace
09-15 21:13:56.271  3079  3147 D vold    : Found matching PID 3594
09-15 21:13:56.271  3079  3147 W vold    : Skipping due to root namespace
09-15 21:13:56.271  3582  4033 D VoldConnector: RCV <- {200 4 Command succeeded}
09-15 21:13:56.273  3582  3582 D VoldConnector: SND -> {5 volume remount_uid 1001 none}
09-15 21:13:56.274  3079  3147 D vold    : Remounting 1001 as mode none
09-15 21:13:56.277  3079  3147 D vold    : Found matching PID 3593
09-15 21:13:56.277  3079  3147 W vold    : Skipping due to root namespace
09-15 21:13:56.277  3079  3147 D vold    : Found matching PID 3594
09-15 21:13:56.277  3079  3147 W vold    : Skipping due to root namespace
09-15 21:13:56.277  3582  4033 D VoldConnector: RCV <- {200 5 Command succeeded}
09-15 21:13:56.280  3582  3582 D VoldConnector: SND -> {6 volume remount_uid 1027 none}
09-15 21:13:56.281  3079  3147 D vold    : Remounting 1027 as mode none
09-15 21:13:56.283  3582  4033 D VoldConnector: RCV <- {200 6 Command succeeded}
09-15 21:13:56.285  3582  3582 D VoldConnector: SND -> {7 volume remount_uid 1027 none}
09-15 21:13:56.286  3079  3147 D vold    : Remounting 1027 as mode none
09-15 21:13:56.288  3582  4033 D VoldConnector: RCV <- {200 7 Command succeeded}
09-15 21:13:56.290  3582  3582 D VoldConnector: SND -> {8 volume remount_uid 1000 none}
09-15 21:13:56.291  3079  3147 D vold    : Remounting 1000 as mode none
09-15 21:13:56.294  3079  3147 D vold    : Found matching PID 3152
09-15 21:13:56.294  3079  3147 W vold    : Skipping due to root namespace
09-15 21:13:56.294  3079  3147 D vold    : Found matching PID 3161
09-15 21:13:56.294  3079  3147 W vold    : Skipping due to root namespace
09-15 21:13:56.294  3079  3147 D vold    : Found matching PID 3162
09-15 21:13:56.294  3079  3147 W vold    : Skipping due to root namespace
09-15 21:13:56.294  3079  3147 D vold    : Found matching PID 3195
09-15 21:13:56.294  3079  3147 W vold    : Skipping due to root namespace
09-15 21:13:56.294  3079  3147 D vold    : Found matching PID 3196
09-15 21:13:56.294  3079  3147 W vold    : Skipping due to root namespace
09-15 21:13:56.294  3079  3147 D vold    : Found matching PID 3582
09-15 21:13:56.332  3582  4033 D VoldConnector: RCV <- {200 8 Command succeeded}
09-15 21:13:56.334  3582  3582 D VoldConnector: SND -> {9 volume remount_uid 1000 none}
09-15 21:13:56.334  3079  3147 D vold    : Remounting 1000 as mode none
09-15 21:13:56.337  3079  3147 D vold    : Found matching PID 3152
09-15 21:13:56.337  3079  3147 W vold    : Skipping due to root namespace
09-15 21:13:56.337  3079  3147 D vold    : Found matching PID 3161
09-15 21:13:56.337  3079  3147 W vold    : Skipping due to root namespace
09-15 21:13:56.337  3079  3147 D vold    : Found matching PID 3162
09-15 21:13:56.337  3079  3147 W vold    : Skipping due to root namespace
09-15 21:13:56.337  3079  3147 D vold    : Found matching PID 3195
09-15 21:13:56.337  3079  3147 W vold    : Skipping due to root namespace
09-15 21:13:56.337  3079  3147 D vold    : Found matching PID 3196
09-15 21:13:56.337  3079  3147 W vold    : Skipping due to root namespace
09-15 21:13:56.337  3079  3147 D vold    : Found matching PID 3582
09-15 21:13:56.339  3582  4033 D VoldConnector: RCV <- {200 9 Command succeeded}
09-15 21:13:56.347  3582  3582 D VoldConnector: SND -> {10 volume remount_uid 2000 none}
09-15 21:13:56.348  3079  3147 D vold    : Remounting 2000 as mode none
09-15 21:13:56.351  3582  4033 D VoldConnector: RCV <- {200 10 Command succeeded}
09-15 21:13:56.352  3582  3582 D VoldConnector: SND -> {11 volume remount_uid 2000 none}
09-15 21:13:56.353  3079  3147 D vold    : Remounting 2000 as mode none
09-15 21:13:56.356  3582  4033 D VoldConnector: RCV <- {200 11 Command succeeded}
09-15 21:13:56.358  3582  3582 D VoldConnector: SND -> {12 volume remount_uid 10033 none}
09-15 21:13:56.359  3079  3147 D vold    : Remounting 10033 as mode none
09-15 21:13:56.362  3582  4033 D VoldConnector: RCV <- {200 12 Command succeeded}
09-15 21:13:56.364  3582  3582 D VoldConnector: SND -> {13 volume remount_uid 10033 none}
09-15 21:13:56.364  3079  3147 D vold    : Remounting 10033 as mode none
09-15 21:13:56.367  3582  4033 D VoldConnector: RCV <- {200 13 Command succeeded}
09-15 21:13:56.370  3582  3582 D VoldConnector: SND -> {14 volume remount_uid 1002 none}
09-15 21:13:56.371  3079  3147 D vold    : Remounting 1002 as mode none
09-15 21:13:56.374  3582  4033 D VoldConnector: RCV <- {200 14 Command succeeded}
09-15 21:13:56.376  3582  3582 D VoldConnector: SND -> {15 volume remount_uid 1002 none}
09-15 21:13:56.376  3079  3147 D vold    : Remounting 1002 as mode none
09-15 21:13:56.379  3582  4033 D VoldConnector: RCV <- {200 15 Command succeeded}
09-15 21:13:56.383  3582  3582 W VoiceInteractionManagerService: no available voice interaction services found for user 0
09-15 21:13:56.383  3582  3582 W VoiceInteractionManagerService: no available voice recognition services found for user 0
09-15 21:13:56.417  3582  3582 D VoldConnector: SND -> {16 volume remount_uid 10024 none}
09-15 21:13:56.418  3079  3147 D vold    : Remounting 10024 as mode none
09-15 21:13:56.421  3582  4033 D VoldConnector: RCV <- {200 16 Command succeeded}
09-15 21:13:56.423  3582  3582 D VoldConnector: SND -> {17 volume remount_uid 10043 none}
09-15 21:13:56.424  3079  3147 D vold    : Remounting 10043 as mode none
09-15 21:13:56.427  3582  4033 D VoldConnector: RCV <- {200 17 Command succeeded}
09-15 21:13:56.428  3582  3582 D VoldConnector: SND -> {18 volume remount_uid 10043 none}
09-15 21:13:56.429  3079  3147 D vold    : Remounting 10043 as mode none
09-15 21:13:56.432  3582  4033 D VoldConnector: RCV <- {200 18 Command succeeded}
09-15 21:13:56.433  3582  3582 D VoldConnector: SND -> {19 volume remount_uid 10009 none}
09-15 21:13:56.434  3079  3147 D vold    : Remounting 10009 as mode none
09-15 21:13:56.437  3582  4033 D VoldConnector: RCV <- {200 19 Command succeeded}
09-15 21:13:56.439  3582  3582 D VoldConnector: SND -> {20 volume remount_uid 10009 none}
09-15 21:13:56.440  3079  3147 D vold    : Remounting 10009 as mode none
09-15 21:13:56.442  3582  4033 D VoldConnector: RCV <- {200 20 Command succeeded}
09-15 21:13:56.444  3582  3582 D VoldConnector: SND -> {21 volume remount_uid 10013 none}
09-15 21:13:56.445  3079  3147 D vold    : Remounting 10013 as mode none
09-15 21:13:56.448  3582  4033 D VoldConnector: RCV <- {200 21 Command succeeded}
09-15 21:13:56.449  3582  3582 D VoldConnector: SND -> {22 volume remount_uid 10013 none}
09-15 21:13:56.450  3079  3147 D vold    : Remounting 10013 as mode none
09-15 21:13:56.453  3582  4033 D VoldConnector: RCV <- {200 22 Command succeeded}
09-15 21:13:56.464  3582  3582 D VoldConnector: SND -> {23 volume remount_uid 10004 none}
09-15 21:13:56.465  3079  3147 D vold    : Remounting 10004 as mode none
09-15 21:13:56.468  3582  4033 D VoldConnector: RCV <- {200 23 Command succeeded}
09-15 21:13:56.469  3582  3582 D VoldConnector: SND -> {24 volume remount_uid 10004 none}
09-15 21:13:56.470  3079  3147 D vold    : Remounting 10004 as mode none
09-15 21:13:56.473  3582  4033 D VoldConnector: RCV <- {200 24 Command succeeded}
09-15 21:13:56.483  3582  3582 D VoldConnector: SND -> {25 volume remount_uid 10023 none}
09-15 21:13:56.484  3079  3147 D vold    : Remounting 10023 as mode none
09-15 21:13:56.487  3582  4033 D VoldConnector: RCV <- {200 25 Command succeeded}
09-15 21:13:56.488  3582  3582 D VoldConnector: SND -> {26 volume remount_uid 10023 none}
09-15 21:13:56.489  3079  3147 D vold    : Remounting 10023 as mode none
09-15 21:13:56.492  3582  4033 D VoldConnector: RCV <- {200 26 Command succeeded}
09-15 21:13:56.498  3582  3582 D VoldConnector: SND -> {27 volume remount_uid 10015 none}
09-15 21:13:56.499  3079  3147 D vold    : Remounting 10015 as mode none
09-15 21:13:56.502  3582  4033 D VoldConnector: RCV <- {200 27 Command succeeded}
09-15 21:13:56.503  3582  3582 D VoldConnector: SND -> {28 volume remount_uid 10015 none}
09-15 21:13:56.504  3079  3147 D vold    : Remounting 10015 as mode none
09-15 21:13:56.507  3582  4033 D VoldConnector: RCV <- {200 28 Command succeeded}
09-15 21:13:56.510  3582  3582 D VoldConnector: SND -> {29 volume remount_uid 10026 none}
09-15 21:13:56.511  3079  3147 D vold    : Remounting 10026 as mode none
09-15 21:13:56.514  3582  4033 D VoldConnector: RCV <- {200 29 Command succeeded}
09-15 21:13:56.515  3582  3582 D VoldConnector: SND -> {30 volume remount_uid 10026 none}
09-15 21:13:56.516  3079  3147 D vold    : Remounting 10026 as mode none
09-15 21:13:56.518  3582  4033 D VoldConnector: RCV <- {200 30 Command succeeded}
09-15 21:13:56.521  3582  3582 V UserManagerService: Found /data/user_de/0 with serial number -1
09-15 21:13:56.521  3582  3582 D UserManagerService: Serial number missing on /data/user_de/0; assuming current is valid
09-15 21:13:56.521  3582  3582 V UserManagerService: Found /data/user/0 with serial number -1
09-15 21:13:56.521  3582  3582 D UserManagerService: Serial number missing on /data/user/0; assuming current is valid
09-15 21:13:56.522  3582  3582 V UserManagerService: Found /data/system_de/0 with serial number -1
09-15 21:13:56.522  3582  3582 D UserManagerService: Serial number missing on /data/system_de/0; assuming current is valid
09-15 21:13:56.523  3582  3582 I ActivityManager: System now ready
09-15 21:13:56.541  3582  3582 I SystemServer: Making services ready
09-15 21:13:56.541  3582  3582 I SystemServiceManager: Starting phase 550
09-15 21:13:56.545  3582  3582 D BluetoothManagerService: Bluetooth boot completed
09-15 21:13:56.545  3582  3582 D BluetoothManagerService: Getting adapter name and address
09-15 21:13:56.545  3582  3689 D BluetoothManagerService: MESSAGE_GET_NAME_AND_ADDRESS
09-15 21:13:56.545  3582  3689 D BluetoothManagerService: Binding to service to get name and address
09-15 21:13:56.615  3582  3689 W ActivityManager: Slow operation: 69ms so far, now at startProcess: returned from zygote!
09-15 21:13:56.615  3582  3689 W ActivityManager: Slow operation: 70ms so far, now at startProcess: done updating battery stats
09-15 21:13:56.616  3582  3689 W ActivityManager: Slow operation: 70ms so far, now at startProcess: building log message
09-15 21:13:56.616  3582  3689 I ActivityManager: Start proc 4739:com.android.bluetooth/1002 for service com.android.bluetooth/.btservice.AdapterService
09-15 21:13:56.616  3582  3689 W ActivityManager: Slow operation: 70ms so far, now at startProcess: starting to update pids map
09-15 21:13:56.616  3582  3689 W ActivityManager: Slow operation: 70ms so far, now at startProcess: done updating pids map
09-15 21:13:56.616  3582  3689 W ActivityManager: Slow operation: 70ms so far, now at startProcess: done starting proc!
09-15 21:13:56.627  3582  3582 E InputMethodManagerService: Ignoring updateSystemUiLocked due to an invalid token. uid:1000 token:null
09-15 21:13:56.723  3582  3582 W InputMethodManagerService: Reset the default IME as "Resource" is ready here.
09-15 21:13:56.799  3582  3582 I InputMethodManagerService: Default found, using com.android.inputmethod.latin/.LatinIME
09-15 21:13:56.800  3582  3582 W InputMethodManagerService: Illegal subtype state: old subtype = null, new subtype = android.view.inputmethod.InputMethodSubtype@c9194f98
09-15 21:13:56.816  3582  3582 I ActivityManager: Start proc 4764:com.android.inputmethod.latin/u0a64 for service com.android.inputmethod.latin/.LatinIME
09-15 21:13:56.816  3582  3582 V InputMethodManagerService: Adding window token: android.os.Binder@638755
09-15 21:13:56.816  3582  4032 D MountService: Thinking about init, mSystemReady=true, mDaemonConnected=true
09-15 21:13:56.816  3582  4032 D MountService: Setting up emulation state, initlocked=false
09-15 21:13:56.817  3582  4032 D CryptdConnector: SND -> {2 cryptfs unlock_user_key 0 0 ! !}
09-15 21:13:56.818  3079  3148 D vold    : e4crypt_unlock_user_key 0 serial=0 token_present=0
09-15 21:13:56.818  3079  3148 E vold    : Failed to chmod /data/system_ce/0: No such file or directory
09-15 21:13:56.818  3079  3148 E vold    : Failed to chmod /data/misc_ce/0: No such file or directory
09-15 21:13:56.819  3582  4034 D CryptdConnector: RCV <- {200 2 Command succeeded}
09-15 21:13:56.820  3582  3582 D UsbAlsaManager: Adding ALSA device AlsaDevice: [card: 0, device: 22, type: 1]
09-15 21:13:56.820  3582  3582 D UsbAlsaManager: Adding ALSA device AlsaDevice: [card: 0, device: 22, type: 2]
09-15 21:13:56.821  3582  3582 D UsbAlsaManager: Adding ALSA device AlsaDevice: [card: 0, device: 21, type: 2]
09-15 21:13:56.821  3582  3582 D UsbAlsaManager: Adding ALSA device AlsaDevice: [card: 0, device: 20, type: 2]
09-15 21:13:56.821  3582  3582 D UsbAlsaManager: Adding ALSA device AlsaDevice: [card: 0, device: 12, type: 2]
09-15 21:13:56.821  3582  4032 D MountService: Thinking about reset, mSystemReady=true, mDaemonConnected=true
09-15 21:13:56.821  3582  3582 D UsbAlsaManager: Adding ALSA device AlsaDevice: [card: 0, device: 11, type: 2]
09-15 21:13:56.821  3582  3582 D UsbAlsaManager: Adding ALSA device AlsaDevice: [card: 0, device: 10, type: 2]
09-15 21:13:56.821  3582  3582 D UsbAlsaManager: Adding ALSA device AlsaDevice: [card: 0, device: 9, type: 2]
09-15 21:13:56.821  3582  3582 D UsbAlsaManager: Adding ALSA device AlsaDevice: [card: 0, device: 7, type: 1]
09-15 21:13:56.821  3582  3582 D UsbAlsaManager: Adding ALSA device AlsaDevice: [card: 0, device: 8, type: 2]
09-15 21:13:56.821  3582  4032 D VoldConnector: SND -> {31 volume reset}
09-15 21:13:56.821  3582  3582 D UsbAlsaManager: Adding ALSA device AlsaDevice: [card: 0, device: 6, type: 1]
09-15 21:13:56.822  3582  3582 D UsbAlsaManager: Adding ALSA device AlsaDevice: [card: 0, device: 4, type: 1]
09-15 21:13:56.822  3582  3582 D UsbAlsaManager: Adding ALSA device AlsaDevice: [card: 0, device: 3, type: 1]
09-15 21:13:56.822  3582  3582 D UsbAlsaManager: Adding ALSA device AlsaDevice: [card: 0, device: 2, type: 1]
09-15 21:13:56.822  3582  4688 D BluetoothManagerService: Trying to bind to profile: 1, while Bluetooth was disabled
09-15 21:13:56.822  3582  3582 D UsbAlsaManager: Adding ALSA device AlsaDevice: [card: 0, device: 1, type: 1]
09-15 21:13:56.822  3582  3582 D UsbAlsaManager: Adding ALSA device AlsaDevice: [card: 0, device: 0, type: 1]
09-15 21:13:56.822  3582  4033 D VoldConnector: RCV <- {651 emulated 7}
09-15 21:13:56.822  3079  3147 V vold    : /system/bin/sgdisk
09-15 21:13:56.823  3079  3147 V vold    :     --android-dump
09-15 21:13:56.823  3079  3147 V vold    :     /dev/block/vold/disk:179_0
09-15 21:13:56.823  3582  4033 D VoldConnector: RCV <- {659 emulated}
09-15 21:13:56.824  3582  3683 I ActivityManager: Force stopping com.android.providers.media appid=10009 user=-1: vold reset
09-15 21:13:56.824  3582  4033 D VoldConnector: RCV <- {650 emulated 2 "" ""}
09-15 21:13:56.825  3582  4033 D VoldConnector: RCV <- {654 emulated emulated}
09-15 21:13:56.826  3582  4033 D VoldConnector: RCV <- {651 emulated 0}
09-15 21:13:56.827  3582  4033 D VoldConnector: RCV <- {651 public:179_1 7}
09-15 21:13:56.828  3582  4033 D VoldConnector: RCV <- {659 public:179_1}
09-15 21:13:56.829  3582  4033 D VoldConnector: RCV <- {649 disk:179_0}
09-15 21:13:56.829  3582  4033 D VoldConnector: RCV <- {640 disk:179_0 4}
09-15 21:13:56.830  3582  4033 D VoldConnector: RCV <- {641 disk:179_0 7746879488}
09-15 21:13:56.831  3582  4033 D VoldConnector: RCV <- {642 disk:179_0 SanDisk}
09-15 21:13:56.832  3582  4033 D VoldConnector: RCV <- {644 disk:179_0 /sys//devices/platform/11500000.dwmmc2/mmc_host/mmc0/mmc0:0007/block/mmcblk0}
09-15 21:13:56.837  3079  3147 V vold    : DISK mbr
09-15 21:13:56.837  3079  3147 V vold    : 
09-15 21:13:56.837  3079  3147 V vold    : PART 1 c
09-15 21:13:56.837  3079  3147 V vold    : 
09-15 21:13:56.838  3582  4033 D VoldConnector: RCV <- {650 public:179_1 0 "disk:179_0" ""}
09-15 21:13:56.839  3582  4033 D VoldConnector: RCV <- {654 public:179_1 sdcard}
09-15 21:13:56.840  3582  4033 D VoldConnector: RCV <- {651 public:179_1 0}
09-15 21:13:56.841  3582  3582 I ActivityManager: Start proc 4780:com.android.systemui/u0a33 for service com.android.systemui/.keyguard.KeyguardService
09-15 21:13:56.841  3582  4033 D VoldConnector: RCV <- {643 disk:179_0}
09-15 21:13:56.841  3582  3582 I SystemServer: WebViewFactory preparation
09-15 21:13:56.842  3582  4033 D VoldConnector: RCV <- {200 31 Command succeeded}
09-15 21:13:56.843  3582  4032 D VoldConnector: SND -> {32 volume user_added 0 0}
09-15 21:13:56.844  3582  4033 D VoldConnector: RCV <- {200 32 Command succeeded}
09-15 21:13:56.856  3582  3688 I UsbPortManager: USB port added: port=UsbPort{id=otg_default, supportedModes=dual}, status=UsbPortStatus{connected=true, currentMode=ufp, currentPowerRole=sink, currentDataRole=device, supportedRoleCombinations=[source:host, sink:device]}, canChangeMode=true, canChangePowerRole=false, canChangeDataRole=false
09-15 21:13:56.859  3582  3688 V MountService: Found primary storage at VolumeInfo{emulated}:
09-15 21:13:56.859  3582  3688 V MountService:     type=EMULATED diskId=null partGuid=null mountFlags=0 mountUserId=-1 
09-15 21:13:56.859  3582  3688 V MountService:     state=UNMOUNTED 
09-15 21:13:56.859  3582  3688 V MountService:     fsType=null fsUuid=null fsLabel=null 
09-15 21:13:56.859  3582  3688 V MountService:     path=null internalPath=null 
09-15 21:13:56.860  3582  4032 D VoldConnector: SND -> {33 volume mount emulated 3 -1}
09-15 21:13:56.863  3079  3147 V vold    : Waiting for FUSE to spin up...
09-15 21:13:56.864  3582  4033 D VoldConnector: RCV <- {651 emulated 1}
09-15 21:13:56.866  3582  4033 D VoldConnector: RCV <- {656 emulated /data/media}
09-15 21:13:56.868  3582  4033 D VoldConnector: RCV <- {655 emulated /storage/emulated}
09-15 21:13:56.915  3582  4033 D VoldConnector: RCV <- {651 emulated 2}
09-15 21:13:56.916  3582  4033 D VoldConnector: RCV <- {200 33 Command succeeded}
09-15 21:13:56.918  3582  4032 D VoldConnector: SND -> {34 volume mount public:179_1 0 0}
09-15 21:13:56.919  3079  3147 V vold    : /system/bin/blkid
09-15 21:13:56.919  3079  3147 V vold    :     -c
09-15 21:13:56.919  3079  3147 V vold    :     /dev/null
09-15 21:13:56.919  3079  3147 V vold    :     -s
09-15 21:13:56.919  3079  3147 V vold    :     TYPE
09-15 21:13:56.919  3079  3147 V vold    :     -s
09-15 21:13:56.919  3079  3147 V vold    :     UUID
09-15 21:13:56.919  3079  3147 V vold    :     -s
09-15 21:13:56.919  3079  3147 V vold    :     LABEL
09-15 21:13:56.919  3079  3147 V vold    :     /dev/block/vold/public:179_1
09-15 21:13:56.919  3582  4033 D VoldConnector: RCV <- {651 public:179_1 1}
09-15 21:13:56.985  3582  3582 I ActivityManager: Start proc 4816:WebViewLoader-armeabi-v7a/1037 [android.webkit.WebViewFactory$RelroFileCreator] for 
09-15 21:13:56.997  3582  3582 I ActivityManager: Start proc 4832:WebViewLoader-arm64-v8a/1037 [android.webkit.WebViewFactory$RelroFileCreator] for 
09-15 21:13:57.001  3582  3582 D NetworkManagement: enabling bandwidth control
09-15 21:13:57.010  3079  3147 V vold    : /dev/block/vold/public:179_1: UUID="4753-1B02" TYPE="vfat" 
09-15 21:13:57.010  3079  3147 V vold    : 
09-15 21:13:57.011  3079  3147 V vold    : /system/bin/fsck_msdos
09-15 21:13:57.011  3079  3147 V vold    :     -p
09-15 21:13:57.011  3079  3147 V vold    :     -f
09-15 21:13:57.011  3079  3147 V vold    :     /dev/block/vold/public:179_1
09-15 21:13:57.012  3582  4033 D VoldConnector: RCV <- {652 public:179_1 vfat}
09-15 21:13:57.015  3582  4033 D VoldConnector: RCV <- {653 public:179_1 4753-1B02}
09-15 21:13:57.021  3582  4033 D VoldConnector: RCV <- {654 public:179_1 sdcard}
09-15 21:13:57.023  3582  4033 D VoldConnector: RCV <- {656 public:179_1 /mnt/media_rw/4753-1B02}
09-15 21:13:57.034  3582  4033 D VoldConnector: RCV <- {655 public:179_1 /mnt/media_rw/4753-1B02}
09-15 21:13:57.093  4848  4848 D fsck_msdos: sectors Per cluster :64 
09-15 21:13:57.093  4848  4848 D fsck_msdos: boot->ClusterOffset :3648 
09-15 21:13:57.093  4848  4848 I fsck_msdos: FAT32 Filesystem
09-15 21:13:57.093  4848  4848 D fsck_msdos: Using cluster_chain_descriptor
09-15 21:13:57.093  4848  4848 I fsck_msdos: Total clusters 236327 
09-15 21:13:57.190  4848  4848 I fsck_msdos: Begin to compare FAT
09-15 21:13:57.193  4848  4848 I fsck_msdos: ** Phase 2 - Check Cluster Chains 
09-15 21:13:57.193  4848  4848 I fsck_msdos: Begin to handle the cluster chain
09-15 21:13:57.197  4848  4848 D fsck_msdos: rootDir->head :2
09-15 21:13:57.197  4848  4848 D fsck_msdos: Verify Filesystem information
09-15 21:13:57.197  4848  4848 W fsck_msdos: 2 files, 3368032 free (236323 clusters)
09-15 21:13:57.197  4848  4848 I fsck_msdos: free_rb_tree 
09-15 21:13:57.197  4848  4848 I fsck_msdos: free_fragment_tree
09-15 21:13:57.197  4848  4848 I fsck_msdos: free_fragment_tree
09-15 21:13:57.197  4848  4848 I fsck_msdos: free_fragment_tree: rb_tree is empty 
09-15 21:13:57.203  3079  3147 I Vold    : Filesystem check completed OK
09-15 21:13:57.246  3582  3582 D NetworkPolicy: setRestrictBackgroundUL(): false
09-15 21:13:57.246  3582  4033 D VoldConnector: RCV <- {651 public:179_1 2}
09-15 21:13:57.248  3582  4033 D VoldConnector: RCV <- {200 34 Command succeeded}
09-15 21:13:57.262  4764  4881 E ActivityThread: Failed to find provider info for user_dictionary
09-15 21:13:57.266  3582  3684 W WindowManager: Keyguard drawn timeout. Setting mKeyguardDrawComplete
09-15 21:13:57.268  3582  3690 W LocalDisplayAdapter: Unable to find color mode 0, ignoring request.
09-15 21:13:57.280  3582  3690 W LocalDisplayAdapter: Unable to find color mode 0, ignoring request.
09-15 21:13:57.398  3582  3582 I SystemServiceManager: Starting phase 600
09-15 21:13:57.422  3582  3582 D GestureLauncherService: Gesture launcher mEmergencyNumber = 112 hits = 3
09-15 21:13:57.424  3582  3582 D SensorNotificationService: Cannot obtain dynamic meta sensor, not supported.
09-15 21:13:57.430  3582  3582 D BrokerableCMSystemService: Third party apps ready
09-15 21:13:57.430  3582  3582 I BrokerableCMSystemService: Connecting to implementation
09-15 21:13:57.431  3582  3582 W ContextImpl: Calling a method in the system process without a qualified user: android.app.ContextImpl.bindService:1421 org.cyanogenmod.platform.internal.BrokerableCMSystemService.tryConnecting:199 org.cyanogenmod.platform.internal.BrokerableCMSystemService.onBootPhase:127 org.cyanogenmod.platform.internal.CMAudioServiceBroker.onBootPhase:58 com.android.server.SystemServiceManager.startBootPhase:143 
09-15 21:13:57.443  3582  3582 I ActivityManager: Start proc 4903:org.cyanogenmod.cmaudio.service/u0a2 for service org.cyanogenmod.cmaudio.service/.CMAudioService
09-15 21:13:57.473  3582  3582 W LocationManagerService: no network location provider found
09-15 21:13:57.482  3582  3582 E LocationManagerService: no geocoder provider found
09-15 21:13:57.482  3582  3582 D LocationManagerService: FLP HAL not supported
09-15 21:13:57.486  3582  3582 D LocationManagerService: Unable to bind FLP Geofence proxy.
09-15 21:13:57.487  3582  3582 D LocationManagerService: Hardware Activity-Recognition not supported.
09-15 21:13:57.488  3582  3582 D LocationManagerService: Unable to bind ActivityRecognitionProxy.
09-15 21:13:57.502  3582  3582 I MmsServiceBroker: Delay connecting to MmsService until an API is called
09-15 21:13:57.504  3582  3582 W VoiceInteractionManagerService: no available voice interaction services found for user 0
09-15 21:13:57.504  3582  3582 W VoiceInteractionManagerService: no available voice recognition services found for user 0
09-15 21:13:57.518  3582  3582 I ActivityManager: Start proc 4926:com.android.phone/1001 for added application com.android.phone
09-15 21:13:57.521  3582  3582 I ActivityManager: START u0 {act=android.intent.action.MAIN cat=[android.intent.category.HOME] flg=0x10000100 cmp=com.android.settings/.CryptKeeper} from uid 0 on display 0
09-15 21:13:57.529  3582  3582 I ActivityManager: Loaded persisted task ids for user 0
09-15 21:13:57.545  3582  3582 I ActivityManager: Start proc 4943:com.android.settings:CryptKeeper/1000 for activity com.android.settings/.CryptKeeper
09-15 21:13:57.547  3582  3582 I SystemServer: Enabled StrictMode for system server main thread.
09-15 21:13:57.588  3582  3582 D ConditionProviders.SCP: onConnected
09-15 21:13:57.599  3582  3681 I StatusBarManagerService: registerStatusBar bar=com.android.internal.statusbar.IStatusBar$Stub$Proxy@576b815
09-15 21:13:57.620  3582  3582 W ContextImpl: Calling a method in the system process without a qualified user: android.app.ContextImpl.startService:1357 com.android.server.content.SyncManager$13.run:658 android.os.Handler.handleCallback:751 android.os.Handler.dispatchMessage:95 android.os.Looper.loop:154 
09-15 21:13:57.624  3582  3582 D ZenLog  : set_zen_mode: off,cleanUpZenRules
09-15 21:13:57.630  3582  3582 D ConditionProviders: Subscribing to condition://android/schedule?days=6.7&start=23.30&end=10.0&exitAtAlarm=false with ComponentInfo{android/com.android.server.notification.ScheduleConditionProvider}
09-15 21:13:57.632  3582  3582 D ZenLog  : subscribe: condition://android/schedule?days=6.7&start=23.30&end=10.0&exitAtAlarm=false,ok
09-15 21:13:57.633  3582  3582 D ConditionProviders: Subscribing to condition://android/event?userId=-10000&calendar=&reply=1 with ComponentInfo{android/com.android.server.notification.EventConditionProvider}
09-15 21:13:57.633  3582  3582 D ZenLog  : subscribe: condition://android/event?userId=-10000&calendar=&reply=1,ok
09-15 21:13:57.633  3582  3582 D ConditionProviders: Subscribing to condition://android/schedule?days=1.2.3.4.5&start=22.0&end=7.0&exitAtAlarm=false with ComponentInfo{android/com.android.server.notification.ScheduleConditionProvider}
09-15 21:13:57.634  3582  3582 D ZenLog  : subscribe: condition://android/schedule?days=1.2.3.4.5&start=22.0&end=7.0&exitAtAlarm=false,ok
09-15 21:13:57.654  3582  3690 I SingleHandAdapter: onChange..
09-15 21:13:57.654  3582  3690 I SingleHandAdapter: updateSingleHandMode value:  cur: 
09-15 21:13:57.677  3582  4795 I WindowManager: Screen frozen for +123ms due to AppWindowToken{3b1e96c token=Token{46c51be ActivityRecord{8b5079 u0 com.android.settings/.CryptKeeper t1}}}
09-15 21:13:57.687  3582  3680 I ActivityManager: START u0 {act=android.intent.action.MAIN cat=[android.intent.category.HOME] flg=0x10000100 cmp=com.android.settings/.FallbackHome} from uid 0 on display 0
09-15 21:13:57.704  3582  3680 I ActivityManager: Start proc 4979:com.android.settings/1000 for activity com.android.settings/.FallbackHome
09-15 21:13:57.948  3582  3683 W KeyguardServiceDelegate: onScreenTurningOn(): no keyguard service!
09-15 21:13:57.969  3582  3690 I WindowManager: Screen frozen for +240ms due to AppWindowToken{34b9d52 token=Token{72adb4 ActivityRecord{e3e6a87 u0 com.android.settings/.FallbackHome t2}}}
09-15 21:13:58.011  3582  3681 W WallpaperManagerService: no current wallpaper -- first boot?
09-15 21:13:58.172  3582  4957 I ActivityManager: Start proc 5108:org.cyanogenmod.weather.provider/u0a32 for content provider org.cyanogenmod.weather.provider/.WeatherContentProvider
09-15 21:13:58.255  4780  5131 E ActivityThread: Failed to find provider info for com.android.contacts
09-15 21:13:58.708  3582  4796 W LocalDisplayAdapter: Unable to find color mode 0, ignoring request.
09-15 21:13:58.756  3582  3690 W LocalDisplayAdapter: Unable to find color mode 0, ignoring request.
09-15 21:13:58.801  3582  4795 I ActivityManager: user 0 is still locked. Cannot load recents
09-15 21:13:58.837  3582  4676 D WifiService: New client listening to asynchronous messages
09-15 21:13:58.840  3582  3690 W LocalDisplayAdapter: Unable to find color mode 0, ignoring request.
09-15 21:13:58.851  3582  3690 W LocalDisplayAdapter: Unable to find color mode 0, ignoring request.
09-15 21:13:59.255  3582  3582 D BluetoothManagerService: Trying to bind to profile: 1, while Bluetooth was disabled
09-15 21:13:59.260  3582  3582 I Telecom : SystemStateProvider: Registering car mode receiver: android.content.IntentFilter@3c14dab: TS.init@AAA
09-15 21:13:59.265  3582  5152 I Telecom : Telecom: Non-call EVENT: AUDIO_ROUTE, Entering state QuiescentEarpieceRoute
09-15 21:13:59.269  3582  5154 I Telecom : CallAudioModeStateMachine: Message received: null.: TS.init->CAMSM.pM_1@AAA_0
09-15 21:13:59.300  3582  3582 I Telecom : ViceNotificationImpl: ViceNotificationImpl: TS.init@AAA
09-15 21:13:59.304  3582  5155 E ActivityThread: Failed to find provider info for call_log
09-15 21:13:59.305  3582  3582 D BluetoothManagerService: Trying to bind to profile: 1, while Bluetooth was disabled
09-15 21:13:59.308  3582  3582 I Telecom : Class: TelecomSystem.INSTANCE being set
09-15 21:13:59.309  3582  3582 W ContextImpl: Calling a method in the system process without a qualified user: android.app.ContextImpl.startService:1357 android.content.ContextWrapper.startService:613 com.android.server.telecom.components.TelecomService.initializeTelecomSystem:196 com.android.server.telecom.components.TelecomService.onBind:64 android.app.ActivityThread.handleBindService:3243 
09-15 21:13:59.318  3582  3582 D BluetoothManagerService: Bluetooth Adapter name changed to Samsung Galaxy S7 Edge
09-15 21:13:59.318  3582  3582 D BluetoothManagerService: Stored Bluetooth name: Samsung Galaxy S7 Edge
09-15 21:13:59.318  3582  3582 D BluetoothManagerService: BluetoothServiceConnection: com.android.bluetooth.btservice.AdapterService
09-15 21:13:59.319  3582  3689 D BluetoothManagerService: MESSAGE_BLUETOOTH_SERVICE_CONNECTED: 1
09-15 21:13:59.320  3582  3689 D BluetoothManagerService: MESSAGE_GET_NAME_AND_ADDRESS
09-15 21:13:59.325  3582  3689 D BluetoothManagerService: Stored Bluetooth name: Samsung Galaxy S7 Edge
09-15 21:13:59.325  3582  3689 D BluetoothManagerService: Stored Bluetoothaddress: 90:06:28:83:34:F4
09-15 21:13:59.326  3582  3689 D BluetoothManagerService: unbindAndFinish(): android.bluetooth.IBluetooth$Stub$Proxy@132cee3 mBinding = false mUnbinding = false
--------- beginning of main
09-15 21:13:59.331  4764  4881 I BinaryDictionaryFileDumper: reinitializeClientRecordInDictionaryContentProvider() : Insert DictionaryInfo : Id = 'main:es' : Locale=es : Version=54
09-15 21:13:59.332  4739  4739 W BluetoothSdpJni: Cleaning up Bluetooth SDP Interface...
09-15 21:13:59.332  4739  4739 W BluetoothSdpJni: Cleaning up Bluetooth SDP object
09-15 21:13:59.332  4739  4739 D BluetoothAdapterService: cleanup() - Cleaning up adapter native
09-15 21:13:59.333  4739  4758 I bt_stack_manager: event_clean_up_stack is cleaning up the stack
09-15 21:13:59.337  4739  4758 E BluetoothServiceJni: Callback env check fail: env: 0x0, callback: 0xed105770
09-15 21:13:59.337  4739  4758 E BluetoothServiceJni: Callback: 'callback_thread_event' is not called on the correct thread
09-15 21:13:59.337  4739  4763 W bt_osi_thread: run_thread: thread id 4763, thread name bt_jni_workqueue exited
09-15 21:13:59.338  4739  4758 I bt_core_module: module_clean_up Cleaning up module "stack_config_module"
09-15 21:13:59.338  4739  4758 I bt_core_module: module_clean_up Cleanup of module "stack_config_module" completed
09-15 21:13:59.338  4739  4758 I bt_core_module: module_clean_up Cleaning up module "interop_module"
09-15 21:13:59.339  4739  4758 I bt_core_module: module_clean_up Cleanup of module "interop_module" completed
09-15 21:13:59.339  4739  4758 I bt_core_module: module_clean_up Cleaning up module "btif_config_module"
09-15 21:13:59.350  3582  3582 V WiredAccessoryManager: init()
09-15 21:13:59.392  4739  4758 I bt_core_module: module_clean_up Cleanup of module "btif_config_module" completed
09-15 21:13:59.393  4739  4758 I bt_core_module: module_clean_up Cleaning up module "bt_utils_module"
09-15 21:13:59.393  4739  4758 I bt_core_module: module_clean_up Cleanup of module "bt_utils_module" completed
09-15 21:13:59.393  4739  4758 I bt_core_module: module_clean_up Cleaning up module "osi_module"
09-15 21:13:59.393  4739  4762 D bt_osi_alarm: callback_dispatch Callback thread exited
09-15 21:13:59.393  4739  4762 W bt_osi_thread: run_thread: thread id 4762, thread name alarm_dispatcher exited
09-15 21:13:59.393  4739  4761 W bt_osi_thread: run_thread: thread id 4761, thread name alarm_default_ca exited
09-15 21:13:59.394  4739  4758 I bt_core_module: module_clean_up Cleanup of module "osi_module" completed
09-15 21:13:59.394  4739  4758 I bt_stack_manager: event_clean_up_stack finished
09-15 21:13:59.394  4739  4739 I BluetoothServiceJni: cleanupNative: return from cleanup
09-15 21:13:59.394  4739  4739 W BluetoothVendorJni: Cleaning up Bluetooth Vendor Interface...
09-15 21:13:59.394  4739  4739 I bt_btif_vendor: cleanup
09-15 21:13:59.394  4739  4739 W BluetoothVendorJni: Cleaning up Bluetooth Vendor callback object
09-15 21:13:59.396  4739  4739 I art     : System.exit called, status: 0
09-15 21:13:59.396  4739  4739 I AndroidRuntime: VM exiting with result code 0, cleanup skipped.
09-15 21:13:59.428  3582  3681 I ActivityManager: Process com.android.bluetooth (pid 4739) has died
09-15 21:13:59.428  3582  3681 D ActivityManager: cleanUpApplicationRecord -- 4739
09-15 21:13:59.444  4764  4881 I BinaryDictionaryFileDumper: reinitializeClientRecordInDictionaryContentProvider() : Insert DictionaryInfo : Id = 'main:fi' : Locale=fi : Version=44
09-15 21:13:59.492  4926  4926 E TelephonyProvider: dbh.selectConflictingRow: Expected 1 but found 0 matching rows found for cv password=mms mnc=01 mmsport=8080 sub_id=-1 bearer_bitmask=0 mmsc=http://mmsalize/servlets/mms mmsproxy=172.16.30.9 numeric=60801 name=Orange MMS SN mcc=608 apn=mms type=mms user=mms
09-15 21:13:59.493  4926  4926 E TelephonyProvider: dbh.selectConflictingRow: Expected 1 but found 0 matching rows found for cv password=wap mnc=01 sub_id=-1 bearer_bitmask=0 proxy=172.16.30.9 numeric=60801 name=Orange Wap SN port=8080 mcc=608 apn=wap type=default,supl user=wap
09-15 21:13:59.494  4926  4926 E TelephonyProvider: dbh.selectConflictingRow: Expected 1 but found 0 matching rows found for cv password=internet mnc=01 sub_id=-1 bearer_bitmask=0 numeric=60801 name=Orange Web SN mcc=608 apn=internet type=default,supl user=internet
09-15 21:13:59.495  4926  4926 E TelephonyProvider: dbh.selectConflictingRow: Expected 1 but found 0 matching rows found for cv password=mms mnc=02 mmsport=8080 sub_id=-1 bearer_bitmask=0 mmsc=http://10.109.6.2/servlets/mms mmsproxy=10.109.4.35 numeric=61002 name=Orange ML MMS mcc=610 apn=mms type=mms user=mms
09-15 21:13:59.496  4926  4926 E TelephonyProvider: dbh.selectConflictingRow: Expected 1 but found 0 matching rows found for cv password=wap mnc=02 sub_id=-1 bearer_bitmask=0 proxy=10.109.4.35 numeric=61002 name=Orange Wap ML port=8080 mcc=610 apn=wap type=default,supl user=wap
09-15 21:13:59.497  4926  4926 E TelephonyProvider: dbh.selectConflictingRow: Expected 1 but found 0 matching rows found for cv password=mms mnc=03 mmsport=8080 sub_id=-1 bearer_bitmask=0 mmsc=http://172.20.6.1/servlets/mms mmsproxy=172.20.4.33 numeric=61203 name=Omms CI mcc=612 apn=orangecimms type=mms user=mms
09-15 21:13:59.498  4926  4926 E TelephonyProvider: dbh.selectConflictingRow: Expected 1 but found 0 matching rows found for cv password=wap mnc=03 sub_id=-1 bearer_bitmask=0 proxy=172.20.4.33 numeric=61203 name=OWORLD CI port=8080 mcc=612 apn=orangeciwap type=default,supl user=wap
09-15 21:13:59.499  3582  3582 I BrokerableCMSystemService: Implementation service connected
09-15 21:13:59.505  3582  3582 D ConditionProviders.SCP: onSubscribe condition://android/schedule?days=6.7&start=23.30&end=10.0&exitAtAlarm=false
09-15 21:13:59.506  4926  4926 E TelephonyProvider: dbh.selectConflictingRow: Expected 1 but found 0 matching rows found for cv password= mnc=01 sub_id=-1 bearer_bitmask=0 mmsc= proxy= numeric=63001 name=Vodacom CD port= mcc=630 apn=vodanet type=default,supl user=vodalive
09-15 21:13:59.507  3582  3582 D ConditionProviders.SCP: setRegistered true
09-15 21:13:59.508  3582  3582 D ConditionProviders.SCP: notifyCondition condition://android/schedule?days=6.7&start=23.30&end=10.0&exitAtAlarm=false STATE_TRUE reason=meetsSchedule
09-15 21:13:59.510  3582  3582 D ConditionProviders.SCP: Scheduling evaluate for Sat Sep 16 10:00:00 GMT+00:00 2017 (1505556000000), in +9h46m0s493ms, now=Sat Sep 16 00:13:59 GMT+00:00 2017 (1505520839507)
09-15 21:13:59.510  3582  3582 D ConditionProviders.SCP: onSubscribe condition://android/schedule?days=1.2.3.4.5&start=22.0&end=7.0&exitAtAlarm=false
09-15 21:13:59.512  3582  3582 D ConditionProviders.SCP: notifyCondition condition://android/schedule?days=6.7&start=23.30&end=10.0&exitAtAlarm=false STATE_TRUE reason=meetsSchedule
09-15 21:13:59.512  3582  3582 D ConditionProviders.SCP: notifyCondition condition://android/schedule?days=1.2.3.4.5&start=22.0&end=7.0&exitAtAlarm=false STATE_FALSE reason=!meetsSchedule
09-15 21:13:59.514  3582  3582 D ConditionProviders.SCP: Scheduling evaluate for Sat Sep 16 07:00:00 GMT+00:00 2017 (1505545200000), in +6h46m0s489ms, now=Sat Sep 16 00:13:59 GMT+00:00 2017 (1505520839511)
09-15 21:13:59.514  4926  4926 E TelephonyProvider: dbh.selectConflictingRow: Expected 1 but found 0 matching rows found for cv password=orange mnc=07 sub_id=-1 bearer_bitmask=0 numeric=63907 name=Orange KE mcc=639 apn=bew.orange.co.ke type=default,supl user=orange
09-15 21:13:59.515  3582  4687 E ActivityThread: Failed to find provider info for com.android.calendar
09-15 21:13:59.516  3582  4687 E ActivityThread: Failed to find provider info for com.android.calendar
09-15 21:13:59.525  4926  4926 E TelephonyProvider: dbh.selectConflictingRow: Expected 1 but found 0 matching rows found for cv password= mnc=14 sub_id=-1 bearer_bitmask=0 mmsc= proxy= numeric=64114 name=Orange UG port= mcc=641 apn=orange.ug type=default,supl user=
09-15 21:13:59.529  3582  4686 I chatty  : uid=1000(system) notification-sq expire 1 line
09-15 21:13:59.530  4926  4926 E TelephonyProvider: dbh.selectConflictingRow: Expected 1 but found 0 matching rows found for cv password=orange mnc=02 sub_id=-1 bearer_bitmask=0 proxy=10.150.0.115 numeric=64602 name=Orange World MG port=8080 mcc=646 apn=orangeworld type=default,supl user=world
09-15 21:13:59.531  4926  4926 E TelephonyProvider: dbh.selectConflictingRow: Expected 1 but found 0 matching rows found for cv mnc=02 sub_id=-1 bearer_bitmask=0 numeric=64602 name=Orange MG mcc=646 apn=orangenet type=default,supl
09-15 21:13:59.533  4926  4926 E TelephonyProvider: dbh.selectConflictingRow: Expected 1 but found 0 matching rows found for cv password=orange mnc=00 mmsport=8080 sub_id=-1 bearer_bitmask=0 mmsc=http://mms.orange.re/ mmsproxy=192.168.010.200 numeric=64700 name=Orange RE MMS mcc=647 apn=orangerun.acte type=mms user=orange
09-15 21:13:59.534  4926  4926 E TelephonyProvider: dbh.selectConflictingRow: Expected 1 but found 0 matching rows found for cv password=orange mnc=00 sub_id=-1 bearer_bitmask=0 numeric=64700 name=Orange RE mcc=647 apn=orangerun type=default,supl user=orange
09-15 21:13:59.535  4926  4926 E TelephonyProvider: dbh.selectConflictingRow: Expected 1 but found 0 matching rows found for cv password=orange mnc=00 mmsport=8080 sub_id=-1 bearer_bitmask=0 mmsc=http://mms.orange.re mmsproxy=192.168.10.200 numeric=64700 name=Orange MMS Runion mcc=647 apn=orangerun.acte type=mms user=orange
09-15 21:13:59.536  4926  4926 E TelephonyProvider: dbh.selectConflictingRow: Expected 1 but found 0 matching rows found for cv mnc=10 mmsport=8080 sub_id=-1 bearer_bitmask=0 mmsc=http://mms numeric=64710 mmsproxy=10.0.224.145 name=SFR MMS mcc=647 apn=mmssfr type=mms
09-15 21:13:59.547  4926  4926 E TelephonyProvider: dbh.selectConflictingRow: Expected 1 but found 0 matching rows found for cv password=movistarsv sub_id=-1 bearer_bitmask=0 numeric=70604 mmsc=http://mms.movistar.sv user=movistarsv mnc=04 mmsport=80 proxy= mmsproxy=10.12.20.1 name=Movistar SV MMS port= mcc=706 apn=mms.movistar.sv type=mms
09-15 21:13:59.552  3582  3582 I Telecom : WiredHeadsetManager: ACTION_HEADSET_PLUG event, plugged in: false, : WHC.oADA@AAE
09-15 21:13:59.557  3582  3582 I ActivityManager: user 0 is still locked. Cannot load recents
09-15 21:13:59.561  4926  4926 E TelephonyProvider: dbh.selectConflictingRow: Expected 1 but found 0 matching rows found for cv password=movistarpa mnc=02 sub_id=-1 bearer_bitmask=0 numeric=71402 name=Movistar PA mcc=714 apn=internet.movistar.pa type=default,supl user=movistarpa
09-15 21:13:59.565  4764  4881 I BinaryDictionaryFileDumper: reinitializeClientRecordInDictionaryContentProvider() : Insert DictionaryInfo : Id = 'main:fr' : Locale=fr : Version=54
09-15 21:13:59.579  3162  3581 I SurfaceFlinger: Boot is finished (37138 ms)
09-15 21:13:59.580  4926  4926 E TelephonyProvider: dbh.selectConflictingRow: Expected 1 but found 0 matching rows found for cv password= mnc=34 sub_id=-1 bearer_bitmask=0 mmsc= proxy= numeric=72234 name=Personal port= mcc=722 apn=gprs.personal.com type=default,supl user=gprs
