09-08 08:30:12.919  3526  3526 I BootAnimation: type=1400 audit(0.0:124): avc: denied { ioctl } for path="/dev/fimg2d" dev="tmpfs" ino=3415 ioctlcmd=4d04 scontext=u:r:bootanim:s0 tcontext=u:object_r:device:s0 tclass=chr_file permissive=1
09-08 08:30:12.919  3526  3526 W BootAnimation: type=1300 audit(0.0:124): arch=c00000b7 syscall=29 success=yes exit=0 a0=f a1=c1104d04 a2=7f75b0d2b0 a3=0 items=0 ppid=1 auid=4294967295 uid=1003 gid=1003 euid=1003 suid=1003 fsuid=1003 egid=1003 sgid=1003 fsgid=1003 tty=(none) ses=4294967295 exe="/system/bin/bootanimation" subj=u:r:bootanim:s0 key=(null)
09-08 08:30:12.919  3073  3073 W auditd  : type=1327 audit(0.0:124): proctitle="/system/bin/bootanimation"
09-08 08:30:12.919  3073  3073 W auditd  : type=1320 audit(0.0:124): 
09-08 08:30:13.569  3162  3162 D wrapperGPS: wrapperConnect_RILD
09-08 08:30:13.580  3323  3323 I dex2oat : Explicit concurrent mark sweep GC freed 7869(1469KB) AllocSpace objects, 0(0B) LOS objects, 66% free, 1825KB/5MB, paused 43us total 8.257ms
09-08 08:30:13.581  3304  3304 I dex2oat : Explicit concurrent mark sweep GC freed 7869(2MB) AllocSpace objects, 0(0B) LOS objects, 61% free, 2MB/6MB, paused 54us total 10.755ms
09-08 08:30:14.313  3323  3323 I dex2oat : dex2oat took 2.323s (threads: 8) arena alloc=0B (0B) java alloc=1829KB (1873040B) native alloc=7MB (7784736B) free=5MB (5322464B)
09-08 08:30:14.314  3304  3304 I dex2oat : dex2oat took 2.389s (threads: 8) arena alloc=0B (0B) java alloc=2MB (2608704B) native alloc=10MB (10597096B) free=5MB (5786904B)
09-08 08:30:14.341  3164  3164 D ICU     : No timezone override file found: /data/misc/zoneinfo/current/icu/icu_tzdata.dat
09-08 08:30:14.344  3163  3163 D ICU     : No timezone override file found: /data/misc/zoneinfo/current/icu/icu_tzdata.dat
09-08 08:30:14.373  3163  3163 W art     : Before Android 4.1, method double java.util.concurrent.ThreadLocalRandom.internalNextDouble(double, double) would have incorrectly overridden the package-private method in java.util.Random
09-08 08:30:14.373  3163  3163 W art     : Before Android 4.1, method int java.util.concurrent.ThreadLocalRandom.internalNextInt(int, int) would have incorrectly overridden the package-private method in java.util.Random
09-08 08:30:14.373  3163  3163 W art     : Before Android 4.1, method long java.util.concurrent.ThreadLocalRandom.internalNextLong(long, long) would have incorrectly overridden the package-private method in java.util.Random
09-08 08:30:14.373  3164  3164 W art     : Before Android 4.1, method double java.util.concurrent.ThreadLocalRandom.internalNextDouble(double, double) would have incorrectly overridden the package-private method in java.util.Random
09-08 08:30:14.373  3164  3164 W art     : Before Android 4.1, method int java.util.concurrent.ThreadLocalRandom.internalNextInt(int, int) would have incorrectly overridden the package-private method in java.util.Random
09-08 08:30:14.373  3164  3164 W art     : Before Android 4.1, method long java.util.concurrent.ThreadLocalRandom.internalNextLong(long, long) would have incorrectly overridden the package-private method in java.util.Random
09-08 08:30:14.496  3163  3163 I Radio-JNI: register_android_hardware_Radio DONE
09-08 08:30:14.509  3164  3164 I Radio-JNI: register_android_hardware_Radio DONE
09-08 08:30:14.530  3163  3163 I SamplingProfilerIntegration: Profiling disabled.
09-08 08:30:14.531  3163  3163 D Zygote  : begin preload
09-08 08:30:14.531  3163  3163 I Zygote  : Installing ICU cache reference pinning...
09-08 08:30:14.531  3163  3163 I Zygote  : Preloading ICU data...
09-08 08:30:14.550  3164  3164 I SamplingProfilerIntegration: Profiling disabled.
09-08 08:30:14.551  3164  3164 D Zygote  : begin preload
09-08 08:30:14.551  3164  3164 I Zygote  : Installing ICU cache reference pinning...
09-08 08:30:14.551  3164  3164 I Zygote  : Preloading ICU data...
09-08 08:30:14.570  3162  3162 D wrapperGPS: wrapperConnect_RILD
09-08 08:30:14.570  3162  3162 D gpsd    : WakeLock(Acquire,GPSD)
09-08 08:30:14.570  3162  3162 D gpsd    : WakeLock(Release,GPSD)
09-08 08:30:14.570  3162  3162 D gpsd    : WakeLock(Acquire,GPSD)
09-08 08:30:14.570  3162  3162 D gpsd    : WakeLock(Release,GPSD)
09-08 08:30:14.676  3163  3163 I Zygote  : Preloading classes...
09-08 08:30:14.682  3163  3163 W Zygote  : Class not found for preloading: [Landroid.view.Display$ColorTransform;
09-08 08:30:14.724  3164  3164 I Zygote  : Preloading classes...
09-08 08:30:14.731  3164  3164 W Zygote  : Class not found for preloading: [Landroid.view.Display$ColorTransform;
09-08 08:30:15.126  3163  3163 E Typeface: Error mapping font file /system/fonts/DroidSansFallback.ttf
09-08 08:30:15.156  3164  3164 E Typeface: Error mapping font file /system/fonts/DroidSansFallback.ttf
09-08 08:30:15.193  3165  3377 W BatteryNotifier: batterystats service unavailable!
09-08 08:30:15.200  3165  3380 W BatteryNotifier: batterystats service unavailable!
09-08 08:30:15.940  3163  3163 I art     : Thread[1,tid=3163,Native,Thread*=0x7fa6095a00,peer=0x12c420d0,"main"] recursive attempt to load library "/system/lib64/libmedia_jni.so"
09-08 08:30:15.940  3163  3163 D MtpDeviceJNI: register_android_mtp_MtpDevice
09-08 08:30:15.941  3163  3163 I art     : Thread[1,tid=3163,Native,Thread*=0x7fa6095a00,peer=0x12c420d0,"main"] recursive attempt to load library "/system/lib64/libmedia_jni.so"
09-08 08:30:15.941  3163  3163 I art     : Thread[1,tid=3163,Native,Thread*=0x7fa6095a00,peer=0x12c420d0,"main"] recursive attempt to load library "/system/lib64/libmedia_jni.so"
09-08 08:30:15.982  3163  3163 E FFMPEGSoftCodec: Failed to load FFMPEG plugin: (null)
09-08 08:30:16.143  3164  3164 I art     : Thread[1,tid=3164,Native,Thread*=0xf4385400,peer=0x12c04f70,"main"] recursive attempt to load library "/system/lib/libmedia_jni.so"
09-08 08:30:16.143  3164  3164 D MtpDeviceJNI: register_android_mtp_MtpDevice
09-08 08:30:16.144  3164  3164 I art     : Thread[1,tid=3164,Native,Thread*=0xf4385400,peer=0x12c04f70,"main"] recursive attempt to load library "/system/lib/libmedia_jni.so"
09-08 08:30:16.145  3164  3164 I art     : Thread[1,tid=3164,Native,Thread*=0xf4385400,peer=0x12c04f70,"main"] recursive attempt to load library "/system/lib/libmedia_jni.so"
09-08 08:30:16.189  3164  3164 E FFMPEGSoftCodec: Failed to load FFMPEG plugin: (null)
09-08 08:30:16.348  3163  3163 W Zygote  : Class not found for preloading: android.view.Display$ColorTransform
09-08 08:30:16.348  3163  3163 W Zygote  : Class not found for preloading: android.view.Display$ColorTransform$1
09-08 08:30:16.559  3270  3270 I rild    : type=1400 audit(0.0:125): avc: denied { getattr } for path="/efs/nv.log" dev="sda3" ino=83 scontext=u:r:rild:s0 tcontext=u:object_r:nv_log_efs_file:s0 tclass=file permissive=1
09-08 08:30:16.559  3270  3270 W rild    : type=1300 audit(0.0:125): arch=c00000b7 syscall=80 success=yes exit=0 a0=1e a1=7f9ccfb2c8 a2=7f9ccfbca0 a3=11 items=0 ppid=1 auid=4294967295 uid=1001 gid=1001 euid=1001 suid=1001 fsuid=1001 egid=1001 sgid=1001 fsgid=1001 tty=(none) ses=4294967295 exe="/system/bin/rild" subj=u:r:rild:s0 key=(null)
09-08 08:30:16.559  3073  3073 W auditd  : type=1327 audit(0.0:125): proctitle="/system/bin/rild"
09-08 08:30:16.559  3073  3073 W auditd  : type=1320 audit(0.0:125): 
09-08 08:30:16.579  3163  3163 W System  : ClassLoader referenced unknown path: /system/framework/tcmclient.jar
09-08 08:30:16.584  3164  3164 W Zygote  : Class not found for preloading: android.view.Display$ColorTransform
09-08 08:30:16.584  3164  3164 W Zygote  : Class not found for preloading: android.view.Display$ColorTransform$1
09-08 08:30:16.834  3163  3163 I System  : Loaded time zone names for "" in 59ms (28ms in ICU)
09-08 08:30:16.864  3164  3164 W System  : ClassLoader referenced unknown path: /system/framework/tcmclient.jar
09-08 08:30:16.879  3163  3163 I System  : Loaded time zone names for "en_US" in 44ms (11ms in ICU)
09-08 08:30:17.143  3164  3164 I System  : Loaded time zone names for "" in 66ms (19ms in ICU)
09-08 08:30:17.189  3163  3163 I Zygote  : ...preloaded 4158 classes in 2514ms.
09-08 08:30:17.189  3163  3163 I art     : VMRuntime.preloadDexCaches starting
09-08 08:30:17.202  3164  3164 I System  : Loaded time zone names for "en_US" in 58ms (11ms in ICU)
09-08 08:30:17.236  3163  3163 I art     : VMRuntime.preloadDexCaches strings total=288446 before=12011 after=12011
09-08 08:30:17.236  3163  3163 I art     : VMRuntime.preloadDexCaches types total=23810 before=9280 after=11325
09-08 08:30:17.236  3163  3163 I art     : VMRuntime.preloadDexCaches fields total=113941 before=41160 after=54105
09-08 08:30:17.236  3163  3163 I art     : VMRuntime.preloadDexCaches methods total=199717 before=78591 after=96703
09-08 08:30:17.236  3163  3163 I art     : VMRuntime.preloadDexCaches finished
09-08 08:30:17.237  3163  3163 I Zygote  : Preloading resources...
09-08 08:30:17.274  3163  3163 W Resources: Preloaded drawable resource #0x108025c (android:drawable/dialog_background_material) that varies with configuration!!
09-08 08:30:17.282  3163  3163 W Resources: Preloaded color resource #0x10600ea (android:color/material_grey_800) that varies with configuration!!
09-08 08:30:17.282  3163  3163 W Resources: Preloaded drawable resource #0x10802c9 (android:drawable/floating_popup_background_dark) that varies with configuration!!
09-08 08:30:17.409  3163  3163 I Zygote  : ...preloaded 114 resources in 172ms.
09-08 08:30:17.417  3163  3163 W Resources: Preloaded color resource #0x1060114 (android:color/background_cache_hint_selector_material_dark) that varies with configuration!!
09-08 08:30:17.418  3163  3163 W Resources: Preloaded color resource #0x1060119 (android:color/btn_default_material_dark) that varies with configuration!!
09-08 08:30:17.420  3163  3163 I Zygote  : ...preloaded 41 resources in 11ms.
09-08 08:30:17.422  3163  3163 I Zygote  : ...preloaded 2 resource in 3ms.
09-08 08:30:17.431  3163  3163 D libEGL  : loaded /vendor/lib64/egl/libGLES_mali.so
09-08 08:30:17.440  3163  3163 I Zygote  : Preloading shared libraries...
09-08 08:30:17.466  3163  3163 I Zygote  : Uninstalled ICU cache reference pinning...
09-08 08:30:17.473  3163  3163 I Zygote  : Installed AndroidKeyStoreProvider in 8ms.
09-08 08:30:17.551  3585  3585 I init    : type=1400 audit(0.0:126): avc: denied { create } for name="sap_uim_socket1" scontext=u:r:init:s0 tcontext=u:object_r:socket_device:s0 tclass=sock_file permissive=1
09-08 08:30:17.551  3585  3585 W init    : type=1300 audit(0.0:126): arch=c00000b7 syscall=200 success=yes exit=0 a0=d a1=7fc76b8c88 a2=6e a3=17 items=0 ppid=1 auid=4294967295 uid=0 gid=0 euid=0 suid=0 fsuid=0 egid=0 sgid=0 fsgid=0 tty=(none) ses=4294967295 exe="/init" subj=u:r:init:s0 key=(null)
09-08 08:30:17.551  3073  3073 W auditd  : type=1327 audit(0.0:126): proctitle=2F696E6974002D2D7365636F6E642D7374616765
09-08 08:30:17.551  3073  3073 W auditd  : type=1320 audit(0.0:126): 
09-08 08:30:17.551  3585  3585 I init    : type=1400 audit(0.0:127): avc: denied { setattr } for name="sap_uim_socket1" dev="tmpfs" ino=22746 scontext=u:r:init:s0 tcontext=u:object_r:socket_device:s0 tclass=sock_file permissive=1
09-08 08:30:17.551  3585  3585 W init    : type=1300 audit(0.0:127): arch=c00000b7 syscall=54 success=yes exit=0 a0=ffffff9c a1=7fc76b8c8a a2=3ea a3=3ea items=0 ppid=1 auid=4294967295 uid=0 gid=0 euid=0 suid=0 fsuid=0 egid=0 sgid=0 fsgid=0 tty=(none) ses=4294967295 exe="/init" subj=u:r:init:s0 key=(null)
09-08 08:30:17.551  3073  3073 W auditd  : type=1327 audit(0.0:127): proctitle=2F696E6974002D2D7365636F6E642D7374616765
09-08 08:30:17.551  3073  3073 W auditd  : type=1320 audit(0.0:127): 
09-08 08:30:17.551  3586  3586 I init    : type=1400 audit(0.0:128): avc: denied { entrypoint } for path="/system/bin/cbd" dev="sda17" ino=192 scontext=u:r:cbd:s0 tcontext=u:object_r:cpboot-daemon_exec:s0 tclass=file permissive=1
09-08 08:30:17.551  3586  3586 W cbd     : type=1300 audit(0.0:128): arch=c00000b7 syscall=221 success=yes exit=0 a0=7f8b9181c1 a1=7f8b824680 a2=544098 a3=4 items=0 ppid=1 auid=4294967295 uid=0 gid=1001 euid=0 suid=0 fsuid=0 egid=1001 sgid=1001 fsgid=1001 tty=(none) ses=4294967295 exe="/system/bin/cbd" subj=u:r:cbd:s0 key=(null)
09-08 08:30:17.551  3073  3073 W auditd  : type=1327 audit(0.0:128): proctitle=2F73797374656D2F62696E2F636264002D64002D747373333130002D626D002D6D6D002D5000706C6174666F726D2F31313132303030302E7566732F62792D6E616D652F524144494F002D6300706C6174666F726D2F31313132303030302E7566732F62792D6E616D652F43505F4445425547
09-08 08:30:17.551  3073  3073 W auditd  : type=1320 audit(0.0:128): 
09-08 08:30:17.551  3586  3586 I cbd     : type=1400 audit(0.0:129): avc: denied { read } for path="/system/bin/cbd" dev="sda17" ino=192 scontext=u:r:cbd:s0 tcontext=u:object_r:cpboot-daemon_exec:s0 tclass=file permissive=1
09-08 08:30:17.551  3586  3586 W cbd     : type=1300 audit(0.0:129): arch=c00000b7 syscall=226 success=yes exit=0 a0=493000 a1=3000 a2=1 a3=1 items=0 ppid=1 auid=4294967295 uid=0 gid=1001 euid=0 suid=0 fsuid=0 egid=1001 sgid=1001 fsgid=1001 tty=(none) ses=4294967295 exe="/system/bin/cbd" subj=u:r:cbd:s0 key=(null)
09-08 08:30:17.551  3073  3073 W auditd  : type=1327 audit(0.0:129): proctitle=2F73797374656D2F62696E2F636264002D64002D747373333130002D626D002D6D6D002D5000706C6174666F726D2F31313132303030302E7566732F62792D6E616D652F524144494F002D6300706C6174666F726D2F31313132303030302E7566732F62792D6E616D652F43505F4445425547
09-08 08:30:17.551  3073  3073 W auditd  : type=1320 audit(0.0:129): 
09-08 08:30:17.551  3162  3579 D wrapperGPS: onError: error 4
09-08 08:30:17.552  3162  3162 D gpsd    : WakeLock(Acquire,GPSD)
09-08 08:30:17.575  3164  3164 I Zygote  : ...preloaded 4158 classes in 2851ms.
09-08 08:30:17.575  3164  3164 I art     : VMRuntime.preloadDexCaches starting
09-08 08:30:17.587  3163  3163 I Zygote  : Warmed up JCA providers in 113ms.
09-08 08:30:17.587  3163  3163 D Zygote  : end preload
09-08 08:30:17.587  3163  3163 I art     : Starting a blocking GC Explicit
09-08 08:30:17.598  3163  3163 I art     : Explicit concurrent mark sweep GC freed 3465(155KB) AllocSpace objects, 0(0B) LOS objects, 40% free, 10MB/17MB, paused 55us total 11.211ms
09-08 08:30:17.599  3163  3163 I art     : Starting a blocking GC Explicit
09-08 08:30:17.609  3163  3163 I art     : Explicit concurrent mark sweep GC freed 43(1504B) AllocSpace objects, 0(0B) LOS objects, 40% free, 10MB/17MB, paused 49us total 10.476ms
09-08 08:30:17.638  3163  3578 I art     : Starting a blocking GC HeapTrim
09-08 08:30:17.639  3163  3163 I art     : Starting a blocking GC Background
09-08 08:30:17.642  3164  3164 I art     : VMRuntime.preloadDexCaches strings total=288446 before=12011 after=12011
09-08 08:30:17.642  3164  3164 I art     : VMRuntime.preloadDexCaches types total=23810 before=9280 after=11325
09-08 08:30:17.642  3164  3164 I art     : VMRuntime.preloadDexCaches fields total=113941 before=41160 after=54105
09-08 08:30:17.642  3164  3164 I art     : VMRuntime.preloadDexCaches methods total=199717 before=78591 after=96703
09-08 08:30:17.642  3164  3164 I art     : VMRuntime.preloadDexCaches finished
09-08 08:30:17.643  3164  3164 I Zygote  : Preloading resources...
09-08 08:30:17.686  3163  3163 I Zygote  : System server process 3588 has been created
09-08 08:30:17.687  3163  3163 I Zygote  : Accepting command socket connections
09-08 08:30:17.715  3587  3587 I rild    : type=1400 audit(0.0:130): avc: denied { dac_read_search } for capability=2 scontext=u:r:rild:s0 tcontext=u:r:rild:s0 tclass=capability permissive=1
09-08 08:30:17.715  3587  3587 W rild    : type=1300 audit(0.0:130): arch=c00000b7 syscall=79 success=no exit=-2 a0=ffffff9c a1=7f8b626180 a2=7f8a9a8348 a3=0 items=0 ppid=1 auid=4294967295 uid=1001 gid=1001 euid=1001 suid=1001 fsuid=1001 egid=1001 sgid=1001 fsgid=1001 tty=(none) ses=4294967295 exe="/system/bin/rild" subj=u:r:rild:s0 key=(null)
09-08 08:30:17.715  3073  3073 W auditd  : type=1327 audit(0.0:130): proctitle="/system/bin/rild"
09-08 08:30:17.715  3073  3073 W auditd  : type=1320 audit(0.0:130): 
09-08 08:30:17.849  3164  3164 W Resources: Preloaded drawable resource #0x108025c (android:drawable/dialog_background_material) that varies with configuration!!
09-08 08:30:17.857  3164  3164 W Resources: Preloaded color resource #0x10600ea (android:color/material_grey_800) that varies with configuration!!
09-08 08:30:17.857  3164  3164 W Resources: Preloaded drawable resource #0x10802c9 (android:drawable/floating_popup_background_dark) that varies with configuration!!
09-08 08:30:17.990  3164  3164 I Zygote  : ...preloaded 114 resources in 346ms.
09-08 08:30:17.999  3164  3164 W Resources: Preloaded color resource #0x1060114 (android:color/background_cache_hint_selector_material_dark) that varies with configuration!!
09-08 08:30:18.000  3164  3164 W Resources: Preloaded color resource #0x1060119 (android:color/btn_default_material_dark) that varies with configuration!!
09-08 08:30:18.002  3164  3164 I Zygote  : ...preloaded 41 resources in 13ms.
09-08 08:30:18.005  3164  3164 I Zygote  : ...preloaded 2 resource in 2ms.
09-08 08:30:18.041  3164  3164 D libEGL  : loaded /vendor/lib/egl/libGLES_mali.so
09-08 08:30:18.054  3164  3164 I Zygote  : Preloading shared libraries...
09-08 08:30:18.080  3164  3164 I Zygote  : Uninstalled ICU cache reference pinning...
09-08 08:30:18.090  3164  3164 I Zygote  : Installed AndroidKeyStoreProvider in 9ms.
09-08 08:30:18.243  3164  3164 I Zygote  : Warmed up JCA providers in 153ms.
09-08 08:30:18.243  3164  3164 D Zygote  : end preload
09-08 08:30:18.243  3164  3164 I art     : Starting a blocking GC Explicit
09-08 08:30:18.255  3164  3164 I art     : Explicit concurrent mark sweep GC freed 3195(141KB) AllocSpace objects, 0(0B) LOS objects, 40% free, 9MB/16MB, paused 81us total 11.562ms
09-08 08:30:18.255  3164  3164 I art     : Starting a blocking GC Explicit
09-08 08:30:18.266  3164  3164 I art     : Explicit concurrent mark sweep GC freed 62(2672B) AllocSpace objects, 0(0B) LOS objects, 40% free, 9MB/16MB, paused 77us total 10.414ms
09-08 08:30:18.277  3164  3164 I Zygote  : Accepting command socket connections
09-08 08:30:18.282  3588  3588 I Zygote  : Process: zygote socket opened, supported ABIS: armeabi-v7a,armeabi
09-08 08:30:18.283  3588  3588 I InstallerConnection: connecting...
09-08 08:30:18.283  3167  3167 I         : new connection
09-08 08:30:18.302  3604  3604 I dex2oat : /system/bin/dex2oat --compiler-filter=speed
09-08 08:30:18.599  3613  3613 I init    : type=1400 audit(0.0:131): avc: denied { create } for name="rild-debug2" scontext=u:r:init:s0 tcontext=u:object_r:socket_device:s0 tclass=sock_file permissive=1
09-08 08:30:18.599  3613  3613 W init    : type=1300 audit(0.0:131): arch=c00000b7 syscall=200 success=yes exit=0 a0=d a1=7fc76b8aa8 a2=6e a3=13 items=0 ppid=1 auid=4294967295 uid=0 gid=0 euid=0 suid=0 fsuid=0 egid=0 sgid=0 fsgid=0 tty=(none) ses=4294967295 exe="/init" subj=u:r:init:s0 key=(null)
09-08 08:30:18.599  3073  3073 W auditd  : type=1327 audit(0.0:131): proctitle=2F696E6974002D2D7365636F6E642D7374616765
09-08 08:30:18.599  3073  3073 W auditd  : type=1320 audit(0.0:131): 
09-08 08:30:18.599  3613  3613 I init    : type=1400 audit(0.0:132): avc: denied { setattr } for name="rild-debug2" dev="tmpfs" ino=24153 scontext=u:r:init:s0 tcontext=u:object_r:socket_device:s0 tclass=sock_file permissive=1
09-08 08:30:18.599  3613  3613 W init    : type=1300 audit(0.0:132): arch=c00000b7 syscall=54 success=yes exit=0 a0=ffffff9c a1=7fc76b8aaa a2=3e9 a3=3e8 items=0 ppid=1 auid=4294967295 uid=0 gid=0 euid=0 suid=0 fsuid=0 egid=0 sgid=0 fsgid=0 tty=(none) ses=4294967295 exe="/init" subj=u:r:init:s0 key=(null)
09-08 08:30:18.599  3073  3073 W auditd  : type=1327 audit(0.0:132): proctitle=2F696E6974002D2D7365636F6E642D7374616765
09-08 08:30:18.599  3073  3073 W auditd  : type=1320 audit(0.0:132): 
09-08 08:30:18.616  3604  3604 I dex2oat : dex2oat took 314.964ms (threads: 8) arena alloc=2MB (2633656B) java alloc=815KB (835048B) native alloc=3MB (3265600B) free=4MB (5123008B)
09-08 08:30:18.637  3614  3614 I dex2oat : /system/bin/dex2oat --compiler-filter=speed
09-08 08:30:18.724  3614  3614 I dex2oat : dex2oat took 87.498ms (threads: 8) arena alloc=631KB (646320B) java alloc=117KB (119808B) native alloc=1245KB (1274992B) free=3MB (3967888B)
09-08 08:30:18.743  3624  3624 I dex2oat : /system/bin/dex2oat --compiler-filter=speed
09-08 08:30:19.931  3624  3637 W dex2oat : Compilation of void com.android.server.SystemServer.startOtherServices() took 282.638ms
09-08 08:30:20.421  3624  3633 W dex2oat : Compilation of void com.android.server.am.ActivityManagerService.dumpApplicationMemoryUsage(java.io.FileDescriptor, java.io.PrintWriter, java.lang.String, java.lang.String[], boolean, java.io.PrintWriter) took 143.442ms
09-08 08:30:21.779  3624  3631 W dex2oat : Compilation of android.content.pm.PackageParser$Package com.android.server.pm.PackageManagerService.scanPackageDirtyLI(android.content.pm.PackageParser$Package, int, int, long, android.os.UserHandle) took 110.625ms
09-08 08:30:22.009  3624  3631 W dex2oat : Compilation of void com.android.server.pm.PackageManagerService.dump(java.io.FileDescriptor, java.io.PrintWriter, java.lang.String[]) took 121.182ms
09-08 08:30:22.459  3624  3624 I dex2oat : dex2oat took 3.716s (threads: 8) arena alloc=17MB (18406336B) java alloc=3MB (4123224B) native alloc=34MB (36339096B) free=22MB (23167592B)
09-08 08:30:22.484  3674  3674 I dex2oat : /system/bin/dex2oat --compiler-filter=speed
09-08 08:30:22.763  3674  3674 I dex2oat : dex2oat took 279.775ms (threads: 8) arena alloc=986KB (1009752B) java alloc=243KB (248856B) native alloc=2MB (2339424B) free=4MB (4476320B)
09-08 08:30:22.783  3683  3683 I dex2oat : /system/bin/dex2oat --compiler-filter=speed
09-08 08:30:23.292  3683  3689 W dex2oat : Compilation of boolean com.android.server.wifi.WifiStateMachine$ConnectModeState.processMessage(android.os.Message) took 102.785ms
09-08 08:30:23.552  3683  3683 I dex2oat : dex2oat took 769.020ms (threads: 8) arena alloc=10MB (10816920B) java alloc=714KB (731176B) native alloc=5MB (6014040B) free=15MB (15743912B)
09-08 08:30:23.556  3588  3588 I InstallerConnection: disconnecting...
09-08 08:30:23.556  3167  3167 E         : eof
09-08 08:30:23.556  3167  3167 E         : failed to read size
09-08 08:30:23.556  3167  3167 I         : closing connection
09-08 08:30:23.560  3588  3588 W art     : Found duplicate classes, falling back to interpreter mode for /system/framework/wifi-service.jar
09-08 08:30:23.561  3588  3588 W art     : Found duplicated class when checking oat files: 'Lcom/google/protobuf/nano/MessageNano;' in /system/framework/services.jar and /system/framework/wifi-service.jar
09-08 08:30:23.584  3588  3588 I SystemServer: Entered the Android system server!
09-08 08:30:23.606  3588  3588 I SystemServiceManager: Starting com.android.server.pm.Installer
09-08 08:30:23.606  3588  3588 I Installer: Waiting for installd to be ready.
09-08 08:30:23.606  3588  3588 I InstallerConnection: connecting...
09-08 08:30:23.606  3167  3167 I         : new connection
09-08 08:30:23.606  3588  3588 I SystemServiceManager: Starting com.android.server.am.ActivityManagerService$Lifecycle
09-08 08:30:23.615  3588  3588 I ActivityManager: Memory class: 256
09-08 08:30:23.616  3588  3697 I ServiceThread: Enabled StrictMode logging for ActivityManager looper.
09-08 08:30:23.616  3588  3698 I ServiceThread: Enabled StrictMode logging for android.ui looper.
09-08 08:30:23.650  3588  3588 D BatteryStatsImpl: Reading daily items from /data/system/batterystats-daily.xml
09-08 08:30:23.681  3588  3588 I AppOps  : No existing app ops /data/system/appops.xml; starting empty
09-08 08:30:23.769  3588  3588 I IntentFirewall: Read new rules (A:0 B:0 S:0)
09-08 08:30:23.773  3588  3704 I ServiceThread: Enabled StrictMode logging for android.display looper.
09-08 08:30:23.783  3588  3588 D AppOps  : AppOpsService published
09-08 08:30:23.783  3588  3588 I SystemServiceManager: Starting com.android.server.power.PowerManagerService
09-08 08:30:23.784  3588  3706 I ServiceThread: Enabled StrictMode logging for PowerManagerService looper.
09-08 08:30:23.787  3588  3588 I SamsungPowerHAL: Initialized settings:
09-08 08:30:23.787  3588  3588 I SamsungPowerHAL: max_freqs: cluster[0]: 1690000, cluster[1]: 2314000
09-08 08:30:23.787  3588  3588 I SamsungPowerHAL: hispeed_freqs: cluster[0]: 1690000, cluster[1]: 2496000
09-08 08:30:23.787  3588  3588 I SamsungPowerHAL: boostpulse_fd: 62
09-08 08:30:23.787  3588  3588 I SamsungPowerHAL: touchscreen_power_path: /sys/class/input/input0/enabled
09-08 08:30:23.787  3588  3588 I SamsungPowerHAL: touchkey_power_path: NULL
09-08 08:30:23.787  3588  3588 W libsuspend: Error writing 'on' to /sys/power/state: Invalid argument
09-08 08:30:23.787  3588  3588 I libsuspend: Selected wakeup count
09-08 08:30:23.789  3588  3588 I SystemServiceManager: Starting com.android.server.lights.LightsService
09-08 08:30:23.790  3588  3588 I SystemServiceManager: Starting com.android.server.display.DisplayManagerService
09-08 08:30:23.792  3588  3588 I SystemServiceManager: Starting phase 100
09-08 08:30:23.793  3588  3704 W LocalDisplayAdapter: Unable to get active color mode for display device 0
09-08 08:30:23.794  3588  3704 E LocalDisplayAdapter: Default and active color mode is no longer available! Reverting to first available mode.
09-08 08:30:23.794  3144  3583 E SurfaceFlinger: getDefaultDisplay: id=2 is not a valid default display id
09-08 08:30:23.795  3588  3704 I DisplayManagerService: Display device added: DisplayDeviceInfo{"Built-in Screen": uniqueId="local:0", 1440 x 2960, modeId 1, defaultModeId 1, supportedModes [{id=1, width=1440, height=2960, fps=60.000004}], colorMode -22, supportedColorModes [-22], HdrCapabilities android.view.Display$HdrCapabilities@a69d6308, density 560, 522.514 x 525.762 dpi, appVsyncOff 1000000, presDeadline 16666666, touch INTERNAL, rotation 0, type BUILT_IN, state UNKNOWN, FLAG_DEFAULT_DISPLAY, FLAG_ROTATES_WITH_CONTENT, FLAG_SECURE, FLAG_SUPPORTS_PROTECTED_BUFFERS}
09-08 08:30:23.796  3144  3144 D SurfaceFlinger: Set power mode=2, type=0 flinger=0x7fa1448000
09-08 08:30:23.796  3144  3144 D SurfaceFlinger: Screen type=0 is already mode=2
09-08 08:30:23.803  3588  3704 I DisplayManagerService: Display device changed state: "Built-in Screen", ON
09-08 08:30:23.803  3588  3588 I SystemServer: StartPackageManagerService
09-08 08:30:23.808  3588  3588 W FileUtils: Failed to chmod(/data/system/packages.list): android.system.ErrnoException: chmod failed: ENOENT (No such file or directory)
09-08 08:30:23.938  3588  3588 D SELinuxMMAC: Using policy file /system/etc/security/mac_permissions.xml
09-08 08:30:23.945  3588  3588 I PackageManager: No settings file; creating initial state
09-08 08:30:23.967  3711  3711 I dex2oat : /system/bin/dex2oat --compiler-filter=speed
09-08 08:30:24.274  3711  3711 I dex2oat : dex2oat took 307.501ms (threads: 8) arena alloc=2MB (2699848B) java alloc=709KB (726480B) native alloc=2MB (2722176B) free=4MB (5142144B)
09-08 08:30:24.294  3720  3720 I dex2oat : /system/bin/dex2oat --compiler-filter=speed
09-08 08:30:24.367  3720  3720 I dex2oat : dex2oat took 73.681ms (threads: 8) arena alloc=557KB (570888B) java alloc=312KB (320008B) native alloc=1300KB (1332152B) free=3MB (3910728B)
09-08 08:30:24.385  3729  3729 I dex2oat : /system/bin/dex2oat --compiler-filter=speed
09-08 08:30:24.450  3729  3729 I dex2oat : dex2oat took 65.485ms (threads: 8) arena alloc=252KB (258320B) java alloc=51KB (53128B) native alloc=1109KB (1136072B) free=1450KB (1485368B)
09-08 08:30:24.469  3738  3738 I dex2oat : /system/bin/dex2oat --compiler-filter=speed
09-08 08:30:24.578  3738  3738 I dex2oat : dex2oat took 109.787ms (threads: 8) arena alloc=2MB (2666816B) java alloc=150KB (154496B) native alloc=1280KB (1311432B) free=5MB (5504312B)
09-08 08:30:24.596  3747  3747 I dex2oat : /system/bin/dex2oat --compiler-filter=speed
09-08 08:30:24.668  3747  3747 I dex2oat : dex2oat took 72.326ms (threads: 8) arena alloc=764KB (782864B) java alloc=79KB (81064B) native alloc=971KB (994984B) free=4MB (4247896B)
09-08 08:30:24.687  3756  3756 I dex2oat : /system/bin/dex2oat --compiler-filter=speed
09-08 08:30:24.837  3756  3756 I dex2oat : dex2oat took 149.659ms (threads: 8) arena alloc=2043KB (2092256B) java alloc=465KB (476968B) native alloc=1789KB (1832616B) free=4MB (4983128B)
09-08 08:30:24.840  3588  3588 E art     : DexFile_getDexOptNeeded file '/system/framework/org.apache.http.legacy.jar' does not exist
09-08 08:30:24.840  3588  3588 W PackageManager: Library not found: /system/framework/org.apache.http.legacy.jar
09-08 08:30:24.856  3765  3765 I dex2oat : /system/bin/dex2oat --compiler-filter=speed
09-08 08:30:24.926  3765  3765 I dex2oat : dex2oat took 70.420ms (threads: 8) arena alloc=432KB (442464B) java alloc=106KB (108944B) native alloc=1173KB (1201256B) free=2MB (2468760B)
09-08 08:30:24.945  3774  3774 I dex2oat : /system/bin/dex2oat --compiler-filter=speed
09-08 08:30:25.011  3774  3774 I dex2oat : dex2oat took 66.504ms (threads: 8) arena alloc=294KB (301720B) java alloc=128KB (131992B) native alloc=1129KB (1156112B) free=2MB (2513904B)
09-08 08:30:25.030  3783  3783 I dex2oat : /system/bin/dex2oat --compiler-filter=speed
09-08 08:30:25.049  3783  3783 I dex2oat : dex2oat took 20.033ms (threads: 8) arena alloc=84KB (86488B) java alloc=59KB (61128B) native alloc=1037KB (1062576B) free=2034KB (2083152B)
09-08 08:30:25.067  3792  3792 I dex2oat : /system/bin/dex2oat --compiler-filter=speed
09-08 08:30:25.107  3792  3792 I dex2oat : dex2oat took 39.893ms (threads: 8) arena alloc=644KB (659672B) java alloc=261KB (267448B) native alloc=1320KB (1352232B) free=3MB (3366360B)
09-08 08:30:25.125  3801  3801 I dex2oat : /system/bin/dex2oat --compiler-filter=speed
09-08 08:30:25.150  3801  3801 I dex2oat : dex2oat took 24.816ms (threads: 8) arena alloc=262KB (268856B) java alloc=37KB (38472B) native alloc=1101KB (1127552B) free=1970KB (2018176B)
09-08 08:30:25.167  3810  3810 I dex2oat : /system/bin/dex2oat --compiler-filter=speed
09-08 08:30:25.237  3810  3810 I dex2oat : dex2oat took 69.452ms (threads: 8) arena alloc=3MB (3246568B) java alloc=130KB (134136B) native alloc=1338KB (1370224B) free=5MB (5969808B)
09-08 08:30:25.255  3819  3819 I dex2oat : /system/bin/dex2oat --compiler-filter=speed
09-08 08:30:25.363  3819  3819 I dex2oat : dex2oat took 107.762ms (threads: 8) arena alloc=2MB (2103832B) java alloc=464KB (475832B) native alloc=1429KB (1463424B) free=5MB (5352320B)
09-08 08:30:25.365  3588  3588 E art     : DexFile_getDexOptNeeded file '/system/framework/org.apache.http.legacy.jar' does not exist
09-08 08:30:25.366  3588  3588 W PackageManager: Library not found: /system/framework/org.apache.http.legacy.jar
09-08 08:30:25.381  3828  3828 I dex2oat : /system/bin/dex2oat --compiler-filter=speed
09-08 08:30:25.411  3828  3828 I dex2oat : dex2oat took 30.386ms (threads: 8) arena alloc=598KB (612944B) java alloc=87KB (90048B) native alloc=1143KB (1170648B) free=2MB (3023656B)
09-08 08:30:25.429  3837  3837 I dex2oat : /system/bin/dex2oat --compiler-filter=speed
09-08 08:30:25.454  3837  3837 I dex2oat : dex2oat took 25.482ms (threads: 8) arena alloc=254KB (260448B) java alloc=109KB (112560B) native alloc=1119KB (1146720B) free=1952KB (1999008B)
09-08 08:30:25.473  3846  3846 I dex2oat : /system/bin/dex2oat --compiler-filter=speed
09-08 08:30:25.494  3846  3846 I dex2oat : dex2oat took 22.022ms (threads: 8) arena alloc=102KB (105336B) java alloc=59KB (61384B) native alloc=1044KB (1069904B) free=2027KB (2075824B)
09-08 08:30:25.497  3588  3588 D PackageManager: No files in app dir /vendor/overlay
09-08 08:30:25.498  3588  3588 D PackageManager: start scanDirLI:/system/framework
09-08 08:30:25.498  3588  3588 D PackageManager: max thread:6
09-08 08:30:25.528  3588  3856 I PackageManager: /system/framework/org.cyanogenmod.platform-res.apk changed; collecting certs
09-08 08:30:25.541  3588  3856 W PackageManager: Permission cyanogenmod.permission.WRITE_ALARMS from package cyanogenmod.platform in an unknown group android.permission-group.SYSTEM_CLOCK
09-08 08:30:25.541  3588  3856 W PackageManager: Permission cyanogenmod.permission.MANAGE_ALARMS from package cyanogenmod.platform in an unknown group android.permission-group.SYSTEM_CLOCK
09-08 08:30:25.541  3588  3856 W PackageManager: Permission cyanogenmod.permission.READ_ALARMS from package cyanogenmod.platform in an unknown group android.permission-group.SYSTEM_CLOCK
09-08 08:30:25.590  3588  3855 I PackageManager: /system/framework/framework-res.apk changed; collecting certs
09-08 08:30:25.683  3588  3588 D PackageManager: end scanDirLI:/system/framework
09-08 08:30:25.685  3588  3588 D PackageManager: start scanDirLI:/system/priv-app
09-08 08:30:25.685  3588  3588 D PackageManager: max thread:6
09-08 08:30:25.700  3588  3859 I PackageManager: /system/priv-app/BlockedNumberProvider changed; collecting certs
09-08 08:30:25.700  3588  3855 I PackageManager: /system/priv-app/CMSettingsProvider changed; collecting certs
09-08 08:30:25.701  3588  3860 I PackageManager: /system/priv-app/CMAudioService changed; collecting certs
09-08 08:30:25.703  3588  3858 I PackageManager: /system/priv-app/BackupRestoreConfirmation changed; collecting certs
09-08 08:30:25.707  3588  3857 I PackageManager: /system/priv-app/AudioFX changed; collecting certs
09-08 08:30:25.707  3588  3859 I PackageManager: New shared user android.uid.shared: id=10001
09-08 08:30:25.713  3588  3860 I PackageManager: /system/priv-app/CallLogBackup changed; collecting certs
09-08 08:30:25.715  3588  3859 I PackageManager: /system/priv-app/CarrierConfig changed; collecting certs
09-08 08:30:25.717  3588  3856 I PackageManager: /system/priv-app/CMParts changed; collecting certs
09-08 08:30:25.721  3588  3855 I PackageManager: /system/priv-app/CalendarProvider changed; collecting certs
09-08 08:30:25.726  3588  3855 I PackageManager: New shared user android.uid.calendar: id=10005
09-08 08:30:25.735  3588  3858 I PackageManager: /system/priv-app/CellBroadcastReceiver changed; collecting certs
09-08 08:30:25.735  3588  3855 I PackageManager: /system/priv-app/DefaultContainerService changed; collecting certs
09-08 08:30:25.737  3588  3859 I PackageManager: /system/priv-app/CtsShimPrivPrebuilt changed; collecting certs
09-08 08:30:25.746  3588  3860 I PackageManager: /system/priv-app/ContactsProvider changed; collecting certs
09-08 08:30:25.756  3588  3857 W PackageParser: No actions in intent filter at /system/priv-app/Contacts/Contacts.apk Binary XML file line #431
09-08 08:30:25.759  3588  3859 I PackageManager: /system/priv-app/DocumentsUI changed; collecting certs
09-08 08:30:25.763  3588  3857 I PackageManager: /system/priv-app/Contacts changed; collecting certs
09-08 08:30:25.767  3588  3855 I PackageManager: /system/priv-app/DownloadProvider changed; collecting certs
09-08 08:30:25.772  3588  3855 I PackageManager: New shared user android.media: id=10010
09-08 08:30:25.775  3588  3855 W PackageManager: Permission android.permission.DOWNLOAD_WITHOUT_NOTIFICATION from package com.android.providers.downloads in an unknown group android.permission-group.NETWORK
09-08 08:30:25.775  3588  3860 I PackageManager: /system/priv-app/EmergencyInfo changed; collecting certs
09-08 08:30:25.778  3588  3859 I PackageManager: /system/priv-app/ExtServices changed; collecting certs
09-08 08:30:25.779  3588  3856 W PackageParser: No actions in intent filter at /system/priv-app/Dialer/Dialer.apk Binary XML file line #207
09-08 08:30:25.780  3588  3858 I PackageManager: /system/priv-app/Eleven changed; collecting certs
09-08 08:30:25.785  3588  3856 I PackageManager: /system/priv-app/Dialer changed; collecting certs
09-08 08:30:25.786  3588  3855 I PackageManager: /system/priv-app/ExternalStorageProvider changed; collecting certs
09-08 08:30:25.790  3588  3859 I PackageManager: /system/priv-app/FusedLocation changed; collecting certs
09-08 08:30:25.795  3588  3860 I PackageManager: New shared user com.android.emergency.uid: id=10013
09-08 08:30:25.808  3588  3860 I PackageManager: /system/priv-app/InputDevices changed; collecting certs
09-08 08:30:25.820  3588  3859 I PackageManager: /system/priv-app/ManagedProvisioning changed; collecting certs
09-08 08:30:25.820  3588  3860 I PackageManager: /system/priv-app/MmsService changed; collecting certs
09-08 08:30:25.822  3588  3855 I PackageManager: /system/priv-app/LineageSetupWizard changed; collecting certs
09-08 08:30:25.825  3588  3858 I PackageManager: /system/priv-app/MediaProvider changed; collecting certs
09-08 08:30:25.834  3588  3859 I PackageManager: /system/priv-app/OneTimeInitializer changed; collecting certs
09-08 08:30:25.839  3588  3860 I PackageManager: /system/priv-app/MtpDocumentsProvider changed; collecting certs
09-08 08:30:25.845  3588  3857 I PackageManager: /system/priv-app/Gallery2 changed; collecting certs
09-08 08:30:25.846  3588  3858 I PackageManager: /system/priv-app/ProxyHandler changed; collecting certs
09-08 08:30:25.852  3588  3855 I PackageManager: /system/priv-app/Recorder changed; collecting certs
09-08 08:30:25.853  3588  3860 I PackageManager: /system/priv-app/SettingsProvider changed; collecting certs
09-08 08:30:25.856  3588  3858 I PackageManager: /system/priv-app/SharedStorageBackup changed; collecting certs
09-08 08:30:25.856  3588  3856 I PackageManager: /system/priv-app/PackageInstaller changed; collecting certs
09-08 08:30:25.870  3588  3858 I PackageManager: /system/priv-app/StatementService changed; collecting certs
09-08 08:30:25.877  3588  3860 W PackageParser: Ignoring duplicate uses-permissions/uses-permissions-sdk-m: android.permission.INSTALL_GRANT_RUNTIME_PERMISSIONS in package: com.android.shell at: Binary XML file line #102
09-08 08:30:25.882  3588  3860 I PackageManager: /system/priv-app/Shell changed; collecting certs
09-08 08:30:25.888  3588  3855 I PackageManager: /system/priv-app/StorageManager changed; collecting certs
09-08 08:30:25.889  3588  3856 I PackageManager: /system/priv-app/Tag changed; collecting certs
09-08 08:30:25.906  3588  3856 I PackageManager: /system/priv-app/TelephonyProvider changed; collecting certs
09-08 08:30:25.917  3588  3858 W PackageParser: Ignoring duplicate uses-permissions/uses-permissions-sdk-m: android.permission.CONFIGURE_WIFI_DISPLAY in package: com.android.systemui at: Binary XML file line #117
09-08 08:30:25.918  3588  3857 I PackageManager: /system/priv-app/Telecom changed; collecting certs
09-08 08:30:25.923  3588  3856 I PackageManager: /system/priv-app/Updater changed; collecting certs
09-08 08:30:25.927  3588  3855 I PackageManager: /system/priv-app/Trebuchet changed; collecting certs
09-08 08:30:25.932  3588  3858 I PackageManager: /system/priv-app/SystemUI changed; collecting certs
09-08 08:30:25.935  3588  3859 W PackageParser: Ignoring duplicate uses-permissions/uses-permissions-sdk-m: android.permission.USE_CREDENTIALS in package: com.android.settings at: Binary XML file line #56
09-08 08:30:25.936  3588  3859 W PackageParser: Ignoring duplicate uses-permissions/uses-permissions-sdk-m: android.permission.READ_SYNC_SETTINGS in package: com.android.settings at: Binary XML file line #61
09-08 08:30:25.936  3588  3859 W PackageParser: Ignoring duplicate uses-permissions/uses-permissions-sdk-m: android.permission.WRITE_SYNC_SETTINGS in package: com.android.settings at: Binary XML file line #62
09-08 08:30:25.940  3588  3855 W PackageManager: Permission com.android.launcher.permission.INSTALL_SHORTCUT from package com.cyanogenmod.trebuchet in an unknown group android.permission-group.SYSTEM_TOOLS
09-08 08:30:25.940  3588  3855 W PackageManager: Permission com.android.launcher3.permission.READ_SETTINGS from package com.cyanogenmod.trebuchet in an unknown group android.permission-group.SYSTEM_TOOLS
09-08 08:30:25.940  3588  3855 W PackageManager: Permission com.android.launcher3.permission.WRITE_SETTINGS from package com.cyanogenmod.trebuchet in an unknown group android.permission-group.SYSTEM_TOOLS
09-08 08:30:25.943  3588  3857 I PackageManager: /system/priv-app/VpnDialogs changed; collecting certs
09-08 08:30:25.945  3588  3856 I PackageManager: /system/priv-app/WallpaperCropper changed; collecting certs
09-08 08:30:25.946  3588  3855 I PackageManager: /system/priv-app/WeatherManagerService changed; collecting certs
09-08 08:30:25.954  3588  3857 I PackageManager: /system/priv-app/WeatherProvider changed; collecting certs
09-08 08:30:25.972  3588  3860 I PackageManager: /system/priv-app/TeleService changed; collecting certs
09-08 08:30:25.978  3588  3858 I PackageManager: New shared user android.uid.systemui: id=10033
09-08 08:30:26.045  3588  3859 I PackageManager: /system/priv-app/Settings changed; collecting certs
09-08 08:30:26.132  3588  3588 D PackageManager: end scanDirLI:/system/priv-app
09-08 08:30:26.132  3588  3588 D PackageManager: start scanDirLI:/system/app
09-08 08:30:26.132  3588  3588 D PackageManager: max thread:6
09-08 08:30:26.142  3588  3860 I PackageManager: /system/app/BookmarkProvider changed; collecting certs
09-08 08:30:26.142  3588  3855 I PackageManager: /system/app/BasicDreams changed; collecting certs
09-08 08:30:26.145  3588  3858 I PackageManager: /system/app/BluetoothMidiService changed; collecting certs
09-08 08:30:26.145  3588  3856 I PackageManager: /system/app/AdvancedDisplay changed; collecting certs
09-08 08:30:26.153  3588  3857 W PackageParser: No actions in intent filter at /system/app/Bluetooth/Bluetooth.apk Binary XML file line #226
09-08 08:30:26.156  3588  3860 I PackageManager: /system/app/CaptivePortalLogin changed; collecting certs
09-08 08:30:26.158  3588  3857 I PackageManager: /system/app/Bluetooth changed; collecting certs
09-08 08:30:26.160  3588  3859 I PackageManager: /system/app/Calendar changed; collecting certs
09-08 08:30:26.165  3588  3858 I PackageManager: /system/app/CertInstaller changed; collecting certs
09-08 08:30:26.167  3588  3860 I PackageManager: /system/app/CtsShimPrebuilt changed; collecting certs
09-08 08:30:26.172  3588  3855 I PackageManager: /system/app/Camera2 changed; collecting certs
09-08 08:30:26.172  3588  3860 W PackageManager: Non-privileged app; cap priority to 0; package: com.android.cts.ctsshim activity: com.android.cts.ctsshim.InstallPriority origPrio: 100
09-08 08:30:26.172  3588  3860 W PackageManager: Non-privileged app; cap priority to 0; package: com.android.cts.ctsshim activity: com.android.cts.ctsshim.InstallPriority origPrio: 100
09-08 08:30:26.172  3588  3860 W PackageManager: Non-privileged app; cap priority to 0; package: com.android.cts.ctsshim activity: com.android.cts.ctsshim.InstallPriority origPrio: 100
09-08 08:30:26.172  3588  3860 W PackageManager: Non-privileged app; cap priority to 0; package: com.android.cts.ctsshim activity: com.android.cts.ctsshim.InstallPriority origPrio: 100
09-08 08:30:26.173  3588  3860 W PackageManager: Non-privileged app; cap priority to 0; package: com.android.cts.ctsshim activity: com.android.cts.ctsshim.InstallPriority origPrio: 100
09-08 08:30:26.177  3588  3856 W PackageParser: Ignoring duplicate uses-permissions/uses-permissions-sdk-m: android.permission.WRITE_SETTINGS in package: com.android.deskclock at: Binary XML file line #45
09-08 08:30:26.182  3588  3859 W PackageManager: Non-privileged app; cap priority to 0; package: com.android.calendar activity: com.android.calendar.GoogleCalendarUriIntentFilter origPrio: 50
09-08 08:30:26.185  3588  3858 I PackageManager: /system/app/Development changed; collecting certs
09-08 08:30:26.188  3588  3860 I PackageManager: /system/app/DownloadProviderUi changed; collecting certs
09-08 08:30:26.189  3588  3859 I PackageManager: /system/app/EasterEgg changed; collecting certs
09-08 08:30:26.193  3588  3856 I PackageManager: /system/app/DeskClock changed; collecting certs
09-08 08:30:26.201  3588  3858 I PackageManager: /system/app/ExactCalculator changed; collecting certs
09-08 08:30:26.204  3588  3860 I PackageManager: /system/app/ExtShared changed; collecting certs
09-08 08:30:26.214  3588  3859 I PackageManager: /system/app/HTMLViewer changed; collecting certs
09-08 08:30:26.217  3588  3855 I PackageManager: /system/app/Exchange2 changed; collecting certs
09-08 08:30:26.223  3588  3858 I PackageManager: /system/app/KeyChain changed; collecting certs
09-08 08:30:26.230  3588  3860 I PackageManager: /system/app/Jelly changed; collecting certs
09-08 08:30:26.236  3588  3856 I PackageManager: /system/app/LiveWallpapersPicker changed; collecting certs
09-08 08:30:26.240  3588  3855 I PackageManager: /system/app/LockClock changed; collecting certs
09-08 08:30:26.244  3588  3860 I PackageManager: /system/app/PacProcessor changed; collecting certs
09-08 08:30:26.250  3588  3858 W PackageParser: Ignoring duplicate uses-permissions/uses-permissions-sdk-m: android.permission.CHANGE_WIFI_STATE in package: com.android.nfc at: Binary XML file line #47
09-08 08:30:26.250  3588  3858 W PackageParser: Ignoring duplicate uses-permissions/uses-permissions-sdk-m: android.permission.ACCESS_WIFI_STATE in package: com.android.nfc at: Binary XML file line #48
09-08 08:30:26.254  3588  3858 I PackageManager: /system/app/NfcNci changed; collecting certs
09-08 08:30:26.254  3588  3856 I PackageManager: /system/app/PhotoTable changed; collecting certs
09-08 08:30:26.255  3588  3857 I PackageManager: /system/app/Email changed; collecting certs
09-08 08:30:26.258  3588  3860 I PackageManager: /system/app/PicoTts changed; collecting certs
09-08 08:30:26.261  3588  3859 I PackageManager: /system/app/LatinIME changed; collecting certs
09-08 08:30:26.270  3588  3860 I PackageManager: /system/app/PrintRecommendationService changed; collecting certs
09-08 08:30:26.278  3588  3858 I PackageManager: /system/app/RootPA changed; collecting certs
09-08 08:30:26.278  3588  3855 I PackageManager: /system/app/PrintSpooler changed; collecting certs
09-08 08:30:26.287  3588  3857 W PackageManager: Permission com.android.email.permission.READ_ATTACHMENT from package com.android.email in an unknown group android.permission-group.MESSAGES
09-08 08:30:26.288  3588  3860 I PackageManager: /system/app/Stk changed; collecting certs
09-08 08:30:26.288  3588  3856 I PackageManager: /system/app/Profiles changed; collecting certs
09-08 08:30:26.297  3588  3858 I PackageManager: /system/app/UserDictionaryProvider changed; collecting certs
09-08 08:30:26.300  3588  3855 I PackageManager: /system/app/WAPPushManager changed; collecting certs
09-08 08:30:26.303  3588  3857 I PackageManager: /system/app/Terminal changed; collecting certs
09-08 08:30:26.304  3588  3858 W PackageManager: Failed to parse /system/app/mcRegistry: Missing base APK in /system/app/mcRegistry
09-08 08:30:26.307  3588  3860 I PackageManager: /system/app/WallpaperPicker changed; collecting certs
09-08 08:30:26.308  3588  3856 I PackageManager: /system/app/WallpaperBackup changed; collecting certs
09-08 08:30:26.313  3588  3855 I PackageManager: /system/app/telresources changed; collecting certs
09-08 08:30:26.330  3588  3857 I PackageManager: /system/app/webview changed; collecting certs
09-08 08:30:26.342  3588  3858 I PackageManager: /system/app/messaging changed; collecting certs
09-08 08:30:26.538  3862  3862 V lhd     : GlLhdInterface::Init(/system/etc/lhd.conf)
09-08 08:30:26.538  3862  3862 V lhd     : SetCfgValue: LHD config "LheSerialControl"="BBD:Serial=TTY"
09-08 08:30:26.538  3862  3862 V lhd     : SetCfgValue: LHD config "LhePatch"="/dev/bbd_patch"
09-08 08:30:26.538  3862  3862 V lhd     : SetCfgValue: LHD config "LheMaxMcuResetTries"="4"
09-08 08:30:26.538  3862  3862 V lhd     : SetCfgValue: LHD config "LheBbdPacket"="/dev/ttyBCM"
09-08 08:30:26.538  3862  3862 V lhd     : SetCfgValue: LHD config "LheBbdControl"="/dev/bbd_control"
09-08 08:30:26.538  3862  3862 V lhd     : SetCfgValue: LHD config "LheBbdSensor"="/dev/bbd_sensor"
09-08 08:30:26.538  3862  3862 V lhd     : SetCfgValue: LHD config "Lhe477xDebugFlags"="RPC:FACILITY=33:STDOUT_PUTS:STDOUT_LOG"
09-08 08:30:26.538  3862  3862 V lhd     : SetCfgValue: LHD config "LheAutoBaudDelayMS"="10"
09-08 08:30:26.538  3862  3862 V lhd     : SetCfgValue: LHD config "LheMaxMcuResetTries"="3"
09-08 08:30:26.538  3862  3862 E lhd     : OpenFirmwareFile: Fail to open /efs/sec_efs/sensorhub_urgent_fw.patch, errno 2
09-08 08:30:26.538  3862  3862 E lhd     : getCustPatchVersion: Fail to parse patch /efs/sec_efs/sensorhub_urgent_fw.patch
09-08 08:30:26.538  3862  3862 E lhd     : getCustPatchVersion: <CustomerVersion> not found
09-08 08:30:26.598  3862  3862 D lhd     : OnIpcConnect
09-08 08:30:26.671  3588  3588 D PackageManager: end scanDirLI:/system/app
09-08 08:30:26.671  3588  3588 D PackageManager: No files in app dir /system/vendor/app
09-08 08:30:26.671  3588  3588 D PackageManager: No files in app dir /oem/app
09-08 08:30:26.675  3588  3588 D PackageManager: No files in app dir /data/app
09-08 08:30:26.675  3588  3588 D PackageManager: No files in app dir /data/app-private
09-08 08:30:26.675  3588  3588 D PackageManager: No files in app dir /data/app-ephemeral
09-08 08:30:26.678  3588  3588 E PackageManager: There should probably be exactly one setup wizard; found 0: matches=[]
09-08 08:30:26.679  3588  3588 W PackageManager: Protected action; cap priority to 0; package: com.android.cts.priv.ctsshim activity: com.android.cts.priv.ctsshim.InstallPriority origPrio: 100
09-08 08:30:26.679  3588  3588 W PackageManager: Protected action; cap priority to 0; package: com.android.cts.priv.ctsshim activity: com.android.cts.priv.ctsshim.InstallPriority origPrio: 100
09-08 08:30:26.679  3588  3588 W PackageManager: Protected action; cap priority to 0; package: com.android.cts.priv.ctsshim activity: com.android.cts.priv.ctsshim.InstallPriority origPrio: 100
