--------- beginning of system
09-07 01:56:58.341  3064  3064 I vold    : Vold 3.0 (the awakening) firing up
09-07 01:56:58.342  3064  3064 V vold    : Detected support for: exfat ext4 f2fs ntfs vfat
09-07 01:56:58.343  3064  3064 W Vold    : Tearing down stale mount /mnt/secure/asec
09-07 01:56:58.364  3064  3064 W Vold    : Tearing down stale mount /mnt/secure
09-07 01:56:58.387  3064  3133 D vold    : e4crypt_init_user0
09-07 01:56:58.387  3064  3133 D vold    : e4crypt_prepare_user_storage for volume null, user 0, serial 0, flags 1
09-07 01:56:58.387  3064  3133 D vold    : Preparing: /data/system/users/0
09-07 01:56:58.387  3064  3133 D vold    : Preparing: /data/misc/profiles/cur/0
09-07 01:56:58.387  3064  3133 D vold    : Preparing: /data/misc/profiles/cur/0/foreign-dex
09-07 01:56:58.387  3064  3133 D vold    : Preparing: /data/system_de/0
09-07 01:56:58.388  3064  3133 D vold    : Preparing: /data/misc_de/0
09-07 01:56:58.388  3064  3133 D vold    : Preparing: /data/user_de/0
09-07 01:56:58.388  3064  3133 D vold    : e4crypt_unlock_user_key 0 serial=0 token_present=0
09-07 01:56:58.388  3064  3133 E vold    : Failed to chmod /data/system_ce/0: No such file or directory
09-07 01:56:58.388  3064  3133 E vold    : Failed to chmod /data/misc_ce/0: No such file or directory
09-07 01:57:04.927  3578  3578 I InstallerConnection: connecting...
09-07 01:57:10.187  3578  3578 I InstallerConnection: disconnecting...
09-07 01:57:10.215  3578  3578 I SystemServer: Entered the Android system server!
09-07 01:57:10.237  3578  3578 I SystemServiceManager: Starting com.android.server.pm.Installer
09-07 01:57:10.238  3578  3578 I Installer: Waiting for installd to be ready.
09-07 01:57:10.238  3578  3578 I InstallerConnection: connecting...
09-07 01:57:10.238  3578  3578 I SystemServiceManager: Starting com.android.server.am.ActivityManagerService$Lifecycle
09-07 01:57:10.247  3578  3578 I ActivityManager: Memory class: 256
09-07 01:57:10.248  3578  3667 I ServiceThread: Enabled StrictMode logging for ActivityManager looper.
09-07 01:57:10.248  3578  3668 I ServiceThread: Enabled StrictMode logging for android.ui looper.
09-07 01:57:10.282  3578  3578 D BatteryStatsImpl: Reading daily items from /data/system/batterystats-daily.xml
09-07 01:57:10.313  3578  3578 I AppOps  : No existing app ops /data/system/appops.xml; starting empty
09-07 01:57:10.401  3578  3578 I IntentFirewall: Read new rules (A:0 B:0 S:0)
09-07 01:57:10.405  3578  3674 I ServiceThread: Enabled StrictMode logging for android.display looper.
09-07 01:57:10.414  3578  3578 D AppOps  : AppOpsService published
09-07 01:57:10.415  3578  3578 I SystemServiceManager: Starting com.android.server.power.PowerManagerService
09-07 01:57:10.416  3578  3676 I ServiceThread: Enabled StrictMode logging for PowerManagerService looper.
09-07 01:57:10.421  3578  3578 I SystemServiceManager: Starting com.android.server.lights.LightsService
09-07 01:57:10.422  3578  3578 I SystemServiceManager: Starting com.android.server.display.DisplayManagerService
09-07 01:57:10.424  3578  3578 I SystemServiceManager: Starting phase 100
09-07 01:57:10.425  3578  3674 W LocalDisplayAdapter: Unable to get active color mode for display device 0
09-07 01:57:10.425  3578  3674 E LocalDisplayAdapter: Default and active color mode is no longer available! Reverting to first available mode.
09-07 01:57:10.427  3578  3674 I DisplayManagerService: Display device added: DisplayDeviceInfo{"Built-in Screen": uniqueId="local:0", 1440 x 2960, modeId 1, defaultModeId 1, supportedModes [{id=1, width=1440, height=2960, fps=60.000004}], colorMode -22, supportedColorModes [-22], HdrCapabilities android.view.Display$HdrCapabilities@a69d6308, density 560, 522.514 x 525.762 dpi, appVsyncOff 1000000, presDeadline 16666666, touch INTERNAL, rotation 0, type BUILT_IN, state UNKNOWN, FLAG_DEFAULT_DISPLAY, FLAG_ROTATES_WITH_CONTENT, FLAG_SECURE, FLAG_SUPPORTS_PROTECTED_BUFFERS}
09-07 01:57:10.435  3578  3674 I DisplayManagerService: Display device changed state: "Built-in Screen", ON
09-07 01:57:10.436  3578  3578 I SystemServer: StartPackageManagerService
09-07 01:57:10.441  3578  3578 W FileUtils: Failed to chmod(/data/system/packages.list): android.system.ErrnoException: chmod failed: ENOENT (No such file or directory)
09-07 01:57:10.569  3578  3578 D SELinuxMMAC: Using policy file /system/etc/security/mac_permissions.xml
09-07 01:57:10.575  3578  3578 I PackageManager: No settings file; creating initial state
09-07 01:57:11.455  3578  3578 W PackageManager: Library not found: /system/framework/org.apache.http.legacy.jar
09-07 01:57:11.981  3578  3578 W PackageManager: Library not found: /system/framework/org.apache.http.legacy.jar
09-07 01:57:12.140  3578  3827 I PackageManager: /system/framework/org.cyanogenmod.platform-res.apk changed; collecting certs
09-07 01:57:12.153  3578  3827 W PackageManager: Permission cyanogenmod.permission.WRITE_ALARMS from package cyanogenmod.platform in an unknown group android.permission-group.SYSTEM_CLOCK
09-07 01:57:12.153  3578  3827 W PackageManager: Permission cyanogenmod.permission.MANAGE_ALARMS from package cyanogenmod.platform in an unknown group android.permission-group.SYSTEM_CLOCK
09-07 01:57:12.153  3578  3827 W PackageManager: Permission cyanogenmod.permission.READ_ALARMS from package cyanogenmod.platform in an unknown group android.permission-group.SYSTEM_CLOCK
09-07 01:57:12.208  3578  3826 I PackageManager: /system/framework/framework-res.apk changed; collecting certs
09-07 01:57:12.319  3578  3829 I PackageManager: /system/priv-app/BackupRestoreConfirmation changed; collecting certs
09-07 01:57:12.320  3578  3826 I PackageManager: /system/priv-app/CMSettingsProvider changed; collecting certs
09-07 01:57:12.321  3578  3831 I PackageManager: /system/priv-app/CMAudioService changed; collecting certs
09-07 01:57:12.326  3578  3830 I PackageManager: /system/priv-app/BlockedNumberProvider changed; collecting certs
09-07 01:57:12.327  3578  3828 I PackageManager: /system/priv-app/AudioFX changed; collecting certs
09-07 01:57:12.332  3578  3829 I PackageManager: /system/priv-app/CallLogBackup changed; collecting certs
09-07 01:57:12.336  3578  3826 I PackageManager: /system/priv-app/CalendarProvider changed; collecting certs
09-07 01:57:12.337  3578  3831 I PackageManager: /system/priv-app/CarrierConfig changed; collecting certs
09-07 01:57:12.343  3578  3827 I PackageManager: /system/priv-app/CMParts changed; collecting certs
09-07 01:57:12.346  3578  3830 I PackageManager: /system/priv-app/CellBroadcastReceiver changed; collecting certs
09-07 01:57:12.352  3578  3831 I PackageManager: /system/priv-app/DefaultContainerService changed; collecting certs
09-07 01:57:12.352  3578  3829 I PackageManager: /system/priv-app/ContactsProvider changed; collecting certs
09-07 01:57:12.355  3578  3826 I PackageManager: /system/priv-app/CtsShimPrivPrebuilt changed; collecting certs
09-07 01:57:12.376  3578  3826 I PackageManager: /system/priv-app/DownloadProvider changed; collecting certs
09-07 01:57:12.377  3578  3829 I PackageManager: /system/priv-app/DocumentsUI changed; collecting certs
09-07 01:57:12.379  3578  3828 W PackageParser: No actions in intent filter at /system/priv-app/Contacts/Contacts.apk Binary XML file line #431
09-07 01:57:12.385  3578  3830 I PackageManager: /system/priv-app/Eleven changed; collecting certs
09-07 01:57:12.387  3578  3826 W PackageManager: Permission android.permission.DOWNLOAD_WITHOUT_NOTIFICATION from package com.android.providers.downloads in an unknown group android.permission-group.NETWORK
09-07 01:57:12.387  3578  3827 I PackageManager: /system/priv-app/EmergencyInfo changed; collecting certs
09-07 01:57:12.389  3578  3828 I PackageManager: /system/priv-app/Contacts changed; collecting certs
09-07 01:57:12.394  3578  3826 I PackageManager: /system/priv-app/ExtServices changed; collecting certs
09-07 01:57:12.401  3578  3829 I PackageManager: /system/priv-app/ExternalStorageProvider changed; collecting certs
09-07 01:57:12.409  3578  3826 I PackageManager: /system/priv-app/FusedLocation changed; collecting certs
09-07 01:57:12.411  3578  3831 W PackageParser: No actions in intent filter at /system/priv-app/Dialer/Dialer.apk Binary XML file line #207
09-07 01:57:12.417  3578  3831 I PackageManager: /system/priv-app/Dialer changed; collecting certs
09-07 01:57:12.421  3578  3829 I PackageManager: /system/priv-app/InputDevices changed; collecting certs
09-07 01:57:12.432  3578  3829 I PackageManager: /system/priv-app/MmsService changed; collecting certs
09-07 01:57:12.433  3578  3826 I PackageManager: /system/priv-app/ManagedProvisioning changed; collecting certs
09-07 01:57:12.434  3578  3828 I PackageManager: /system/priv-app/MediaProvider changed; collecting certs
09-07 01:57:12.437  3578  3827 I PackageManager: /system/priv-app/Gallery2 changed; collecting certs
09-07 01:57:12.444  3578  3830 I PackageManager: /system/priv-app/LineageSetupWizard changed; collecting certs
09-07 01:57:12.450  3578  3828 I PackageManager: /system/priv-app/MtpDocumentsProvider changed; collecting certs
09-07 01:57:12.451  3578  3829 I PackageManager: /system/priv-app/OneTimeInitializer changed; collecting certs
09-07 01:57:12.463  3578  3829 I PackageManager: /system/priv-app/ProxyHandler changed; collecting certs
09-07 01:57:12.474  3578  3828 I PackageManager: /system/priv-app/Recorder changed; collecting certs
09-07 01:57:12.480  3578  3826 I PackageManager: /system/priv-app/PackageInstaller changed; collecting certs
09-07 01:57:12.480  3578  3829 I PackageManager: /system/priv-app/SharedStorageBackup changed; collecting certs
09-07 01:57:12.483  3578  3830 I PackageManager: /system/priv-app/SettingsProvider changed; collecting certs
09-07 01:57:12.489  3578  3828 I PackageManager: /system/priv-app/StatementService changed; collecting certs
09-07 01:57:12.494  3578  3827 W PackageParser: Ignoring duplicate uses-permissions/uses-permissions-sdk-m: android.permission.INSTALL_GRANT_RUNTIME_PERMISSIONS in package: com.android.shell at: Binary XML file line #102
09-07 01:57:12.498  3578  3827 I PackageManager: /system/priv-app/Shell changed; collecting certs
09-07 01:57:12.504  3578  3828 I PackageManager: /system/priv-app/Tag changed; collecting certs
09-07 01:57:12.508  3578  3829 I PackageManager: /system/priv-app/StorageManager changed; collecting certs
09-07 01:57:12.522  3578  3828 I PackageManager: /system/priv-app/TelephonyProvider changed; collecting certs
09-07 01:57:12.524  3578  3830 W PackageParser: Ignoring duplicate uses-permissions/uses-permissions-sdk-m: android.permission.CONFIGURE_WIFI_DISPLAY in package: com.android.systemui at: Binary XML file line #117
09-07 01:57:12.526  3578  3827 I PackageManager: /system/priv-app/Telecom changed; collecting certs
09-07 01:57:12.539  3578  3830 I PackageManager: /system/priv-app/SystemUI changed; collecting certs
09-07 01:57:12.544  3578  3828 I PackageManager: /system/priv-app/Trebuchet changed; collecting certs
09-07 01:57:12.550  3578  3827 I PackageManager: /system/priv-app/VpnDialogs changed; collecting certs
09-07 01:57:12.551  3578  3829 I PackageManager: /system/priv-app/Updater changed; collecting certs
09-07 01:57:12.553  3578  3831 W PackageParser: Ignoring duplicate uses-permissions/uses-permissions-sdk-m: android.permission.USE_CREDENTIALS in package: com.android.settings at: Binary XML file line #56
09-07 01:57:12.554  3578  3831 W PackageParser: Ignoring duplicate uses-permissions/uses-permissions-sdk-m: android.permission.READ_SYNC_SETTINGS in package: com.android.settings at: Binary XML file line #61
09-07 01:57:12.554  3578  3831 W PackageParser: Ignoring duplicate uses-permissions/uses-permissions-sdk-m: android.permission.WRITE_SYNC_SETTINGS in package: com.android.settings at: Binary XML file line #62
09-07 01:57:12.561  3578  3828 W PackageManager: Permission com.android.launcher.permission.INSTALL_SHORTCUT from package com.cyanogenmod.trebuchet in an unknown group android.permission-group.SYSTEM_TOOLS
09-07 01:57:12.561  3578  3828 W PackageManager: Permission com.android.launcher3.permission.READ_SETTINGS from package com.cyanogenmod.trebuchet in an unknown group android.permission-group.SYSTEM_TOOLS
09-07 01:57:12.561  3578  3828 W PackageManager: Permission com.android.launcher3.permission.WRITE_SETTINGS from package com.cyanogenmod.trebuchet in an unknown group android.permission-group.SYSTEM_TOOLS
09-07 01:57:12.565  3578  3827 I PackageManager: /system/priv-app/WallpaperCropper changed; collecting certs
09-07 01:57:12.572  3578  3828 I PackageManager: /system/priv-app/WeatherManagerService changed; collecting certs
09-07 01:57:12.572  3578  3826 I PackageManager: /system/priv-app/TeleService changed; collecting certs
09-07 01:57:12.575  3578  3829 I PackageManager: /system/priv-app/WeatherProvider changed; collecting certs
09-07 01:57:12.663  3578  3831 I PackageManager: /system/priv-app/Settings changed; collecting certs
09-07 01:57:12.762  3578  3829 I PackageManager: /system/app/BasicDreams changed; collecting certs
09-07 01:57:12.762  3578  3826 I PackageManager: /system/app/BookmarkProvider changed; collecting certs
09-07 01:57:12.763  3578  3830 I PackageManager: /system/app/BluetoothMidiService changed; collecting certs
09-07 01:57:12.769  3578  3827 I PackageManager: /system/app/AdvancedDisplay changed; collecting certs
09-07 01:57:12.773  3578  3830 I PackageManager: /system/app/CaptivePortalLogin changed; collecting certs
09-07 01:57:12.779  3578  3831 I PackageManager: /system/app/Calendar changed; collecting certs
09-07 01:57:12.785  3578  3828 W PackageParser: No actions in intent filter at /system/app/Bluetooth/Bluetooth.apk Binary XML file line #226
09-07 01:57:12.789  3578  3829 I PackageManager: /system/app/CertInstaller changed; collecting certs
09-07 01:57:12.793  3578  3830 I PackageManager: /system/app/CtsShimPrebuilt changed; collecting certs
09-07 01:57:12.795  3578  3826 I PackageManager: /system/app/Camera2 changed; collecting certs
09-07 01:57:12.799  3578  3828 I PackageManager: /system/app/Bluetooth changed; collecting certs
09-07 01:57:12.801  3578  3831 W PackageManager: Non-privileged app; cap priority to 0; package: com.android.calendar activity: com.android.calendar.GoogleCalendarUriIntentFilter origPrio: 50
09-07 01:57:12.803  3578  3830 W PackageManager: Non-privileged app; cap priority to 0; package: com.android.cts.ctsshim activity: com.android.cts.ctsshim.InstallPriority origPrio: 100
09-07 01:57:12.803  3578  3830 W PackageManager: Non-privileged app; cap priority to 0; package: com.android.cts.ctsshim activity: com.android.cts.ctsshim.InstallPriority origPrio: 100
09-07 01:57:12.803  3578  3830 W PackageManager: Non-privileged app; cap priority to 0; package: com.android.cts.ctsshim activity: com.android.cts.ctsshim.InstallPriority origPrio: 100
09-07 01:57:12.803  3578  3830 W PackageManager: Non-privileged app; cap priority to 0; package: com.android.cts.ctsshim activity: com.android.cts.ctsshim.InstallPriority origPrio: 100
09-07 01:57:12.803  3578  3830 W PackageManager: Non-privileged app; cap priority to 0; package: com.android.cts.ctsshim activity: com.android.cts.ctsshim.InstallPriority origPrio: 100
09-07 01:57:12.805  3578  3827 W PackageParser: Ignoring duplicate uses-permissions/uses-permissions-sdk-m: android.permission.WRITE_SETTINGS in package: com.android.deskclock at: Binary XML file line #45
09-07 01:57:12.816  3578  3830 I PackageManager: /system/app/EasterEgg changed; collecting certs
09-07 01:57:12.817  3578  3827 I PackageManager: /system/app/DeskClock changed; collecting certs
09-07 01:57:12.817  3578  3829 I PackageManager: /system/app/Development changed; collecting certs
09-07 01:57:12.825  3578  3831 I PackageManager: /system/app/DownloadProviderUi changed; collecting certs
09-07 01:57:12.835  3578  3826 I PackageManager: /system/app/ExtShared changed; collecting certs
09-07 01:57:12.840  3578  3831 I PackageManager: /system/app/HTMLViewer changed; collecting certs
09-07 01:57:12.840  3578  3829 I PackageManager: /system/app/ExactCalculator changed; collecting certs
09-07 01:57:12.845  3578  3828 I PackageManager: /system/app/Exchange2 changed; collecting certs
09-07 01:57:12.846  3578  3826 I PackageManager: /system/app/KeyChain changed; collecting certs
09-07 01:57:12.847  3578  3827 I PackageManager: /system/app/Jelly changed; collecting certs
09-07 01:57:12.861  3578  3827 I PackageManager: /system/app/PacProcessor changed; collecting certs
09-07 01:57:12.863  3578  3829 I PackageManager: /system/app/LiveWallpapersPicker changed; collecting certs
09-07 01:57:12.867  3578  3828 I PackageManager: /system/app/LockClock changed; collecting certs
09-07 01:57:12.873  3578  3826 W PackageParser: Ignoring duplicate uses-permissions/uses-permissions-sdk-m: android.permission.CHANGE_WIFI_STATE in package: com.android.nfc at: Binary XML file line #47
09-07 01:57:12.873  3578  3826 W PackageParser: Ignoring duplicate uses-permissions/uses-permissions-sdk-m: android.permission.ACCESS_WIFI_STATE in package: com.android.nfc at: Binary XML file line #48
09-07 01:57:12.873  3578  3827 I PackageManager: /system/app/PhotoTable changed; collecting certs
09-07 01:57:12.878  3578  3826 I PackageManager: /system/app/NfcNci changed; collecting certs
09-07 01:57:12.884  3578  3829 I PackageManager: /system/app/PicoTts changed; collecting certs
09-07 01:57:12.891  3578  3830 I PackageManager: /system/app/Email changed; collecting certs
09-07 01:57:12.896  3578  3826 I PackageManager: /system/app/PrintRecommendationService changed; collecting certs
09-07 01:57:12.897  3578  3831 I PackageManager: /system/app/LatinIME changed; collecting certs
09-07 01:57:12.898  3578  3827 I PackageManager: /system/app/PrintSpooler changed; collecting certs
09-07 01:57:12.899  3578  3828 I PackageManager: /system/app/RootPA changed; collecting certs
09-07 01:57:12.901  3578  3829 I PackageManager: /system/app/Profiles changed; collecting certs
09-07 01:57:12.914  3578  3826 I PackageManager: /system/app/Stk changed; collecting certs
09-07 01:57:12.915  3578  3829 I PackageManager: /system/app/WAPPushManager changed; collecting certs
09-07 01:57:12.918  3578  3827 I PackageManager: /system/app/UserDictionaryProvider changed; collecting certs
09-07 01:57:12.925  3578  3830 W PackageManager: Permission com.android.email.permission.READ_ATTACHMENT from package com.android.email in an unknown group android.permission-group.MESSAGES
09-07 01:57:12.927  3578  3828 I PackageManager: /system/app/Terminal changed; collecting certs
09-07 01:57:12.929  3578  3829 W PackageManager: Failed to parse /system/app/mcRegistry: Missing base APK in /system/app/mcRegistry
09-07 01:57:12.930  3578  3830 I PackageManager: /system/app/WallpaperBackup changed; collecting certs
09-07 01:57:12.936  3578  3826 I PackageManager: /system/app/WallpaperPicker changed; collecting certs
09-07 01:57:12.942  3578  3827 I PackageManager: /system/app/telresources changed; collecting certs
09-07 01:57:12.956  3578  3830 I PackageManager: /system/app/webview changed; collecting certs
09-07 01:57:12.971  3578  3829 I PackageManager: /system/app/messaging changed; collecting certs
09-07 01:57:13.288  3578  3578 E PackageManager: There should probably be exactly one setup wizard; found 0: matches=[]
09-07 01:57:13.288  3578  3578 W PackageManager: Protected action; cap priority to 0; package: com.android.cts.priv.ctsshim activity: com.android.cts.priv.ctsshim.InstallPriority origPrio: 100
09-07 01:57:13.288  3578  3578 W PackageManager: Protected action; cap priority to 0; package: com.android.cts.priv.ctsshim activity: com.android.cts.priv.ctsshim.InstallPriority origPrio: 100
09-07 01:57:13.288  3578  3578 W PackageManager: Protected action; cap priority to 0; package: com.android.cts.priv.ctsshim activity: com.android.cts.priv.ctsshim.InstallPriority origPrio: 100
09-07 01:57:13.288  3578  3578 W PackageManager: Protected action; cap priority to 0; package: com.android.cts.priv.ctsshim activity: com.android.cts.priv.ctsshim.InstallPriority origPrio: 100
09-07 01:57:13.288  3578  3578 W PackageManager: Protected action; cap priority to 0; package: com.android.packageinstaller activity: com.android.packageinstaller.PackageInstallerActivity origPrio: 1
09-07 01:57:13.289  3578  3578 W PackageManager: Package com.android.gallery3d desires unavailable shared library com.google.android.media.effects; ignoring!
09-07 01:57:13.289  3578  3578 W PackageManager: Package com.android.gallery3d desires unavailable shared library com.google.android.media.effects; ignoring!
09-07 01:57:13.289  3578  3578 I PackageManager: Adjusting ABI for com.android.providers.downloads to arm64-v8a (requirer=com.android.mtp, scannedPackage=null)
09-07 01:57:13.290  3578  3578 I PackageManager: Adjusting ABI for com.android.providers.downloads.ui to arm64-v8a (requirer=com.android.mtp, scannedPackage=null)
09-07 01:57:13.290  3578  3578 I PackageManager: Adjusting ABI for com.android.providers.media to arm64-v8a (requirer=com.android.mtp, scannedPackage=null)
09-07 01:57:13.291  3578  3578 I PackageManager: Adjusting ABI for com.cyanogenmod.settings.device to arm64-v8a (requirer=android, scannedPackage=null)
09-07 01:57:13.291  3578  3578 I PackageManager: Adjusting ABI for org.cyanogenmod.cmparts to arm64-v8a (requirer=android, scannedPackage=null)
09-07 01:57:13.292  3578  3578 I PackageManager: Adjusting ABI for com.cyanogenmod.setupwizard to arm64-v8a (requirer=android, scannedPackage=null)
09-07 01:57:13.292  3578  3578 I PackageManager: Adjusting ABI for com.android.wallpaperbackup to arm64-v8a (requirer=android, scannedPackage=null)
09-07 01:57:13.292  3578  3578 I PackageManager: Adjusting ABI for com.android.server.telecom to arm64-v8a (requirer=android, scannedPackage=null)
09-07 01:57:13.293  3578  3578 I PackageManager: Adjusting ABI for cyanogenmod.platform to arm64-v8a (requirer=android, scannedPackage=null)
09-07 01:57:13.293  3578  3578 I PackageManager: Adjusting ABI for com.android.keychain to arm64-v8a (requirer=android, scannedPackage=null)
09-07 01:57:13.294  3578  3578 I PackageManager: Adjusting ABI for org.cyanogenmod.cmsettings to arm64-v8a (requirer=android, scannedPackage=null)
09-07 01:57:13.294  3578  3578 I PackageManager: Adjusting ABI for com.android.settings to arm64-v8a (requirer=android, scannedPackage=null)
09-07 01:57:13.294  3578  3578 I PackageManager: Adjusting ABI for com.android.development to arm64-v8a (requirer=android, scannedPackage=null)
09-07 01:57:13.295  3578  3578 I PackageManager: Adjusting ABI for com.android.providers.settings to arm64-v8a (requirer=android, scannedPackage=null)
09-07 01:57:13.295  3578  3578 I PackageManager: Adjusting ABI for com.android.inputdevices to arm64-v8a (requirer=android, scannedPackage=null)
09-07 01:57:13.296  3578  3578 I PackageManager: Adjusting ABI for com.android.location.fused to arm64-v8a (requirer=android, scannedPackage=null)
09-07 01:57:13.297  3578  3578 I PackageManager: Time to scan packages: 2.716 seconds
09-07 01:57:13.299  3578  3578 W PackageManager: Unknown permission com.google.android.googleapps.permission.GOOGLE_AUTH in package com.android.providers.calendar
09-07 01:57:13.299  3578  3578 W PackageManager: Unknown permission com.google.android.googleapps.permission.GOOGLE_AUTH.cl in package com.android.providers.calendar
09-07 01:57:13.305  3578  3578 W PackageManager: Unknown permission cyanogenmod.permission.LEGALESE in package com.cyanogenmod.setupwizard
09-07 01:57:13.307  3578  3578 W PackageManager: Unknown permission com.android.gallery3d.permission.STORAGE_CHANGE in package com.android.camera2
09-07 01:57:13.308  3578  3578 W PackageManager: Unknown permission android.permission.NFC_UNLOCK in package com.android.nfc
09-07 01:57:13.312  3578  3578 W PackageManager: Unknown permission com.google.android.googleapps.permission.GOOGLE_AUTH.mail in package com.android.calendar
09-07 01:57:13.313  3578  3578 W PackageManager: Unknown permission com.android.launcher.permission.READ_SETTINGS in package com.android.onetimeinitializer
09-07 01:57:13.313  3578  3578 W PackageManager: Unknown permission com.android.launcher.permission.WRITE_SETTINGS in package com.android.onetimeinitializer
09-07 01:57:13.319  3578  3578 W PackageManager: Unknown permission com.android.launcher.permission.READ_SETTINGS in package com.cyanogenmod.trebuchet
09-07 01:57:13.319  3578  3578 W PackageManager: Unknown permission com.android.launcher.permission.WRITE_SETTINGS in package com.cyanogenmod.trebuchet
09-07 01:57:13.320  3578  3578 W PackageManager: Unknown permission com.google.android.permission.INSTALL_WEARABLE_PACKAGES in package com.android.packageinstaller
09-07 01:57:13.320  3578  3578 W PackageManager: Not granting permission android.permission.DELETE_PACKAGES to package com.svox.pico (protectionLevel=18 flags=0x3808be45)
09-07 01:57:13.323  3578  3578 W PackageManager: Unknown permission com.google.android.gallery3d.permission.PICASA_STORE in package com.android.dreams.phototable
09-07 01:57:13.324  3578  3578 W PackageManager: Unknown permission com.google.android.googleapps.permission.GOOGLE_AUTH in package com.android.settings
09-07 01:57:13.325  3578  3578 W PackageManager: Unknown permission com.android.launcher.permission.READ_SETTINGS in package com.android.settings
09-07 01:57:13.325  3578  3578 W PackageManager: Unknown permission com.android.launcher.permission.WRITE_SETTINGS in package com.android.settings
09-07 01:57:13.339  3578  3578 W PackageManager: Not granting permission android.permission.MANAGE_DOCUMENTS to package com.android.deskclock (protectionLevel=2 flags=0x3c49be45)
09-07 01:57:13.339  3578  3578 W PackageManager: Unknown permission com.android.deskclock.worldclock.permissions.WRITE_DATABASE in package com.android.deskclock
09-07 01:57:13.339  3578  3578 W PackageManager: Unknown permission org.codeaurora.permission.POWER_ON_ALERT in package com.android.deskclock
09-07 01:57:13.339  3578  3578 W PackageManager: Not granting permission android.permission.WRITE_SECURE_SETTINGS to package com.android.deskclock (protectionLevel=50 flags=0x3c49be45)
09-07 01:57:13.345  3578  3578 W PackageManager: Unknown permission com.cyanogenmod.lockclock.permission.READ_WEATHER in package com.android.systemui
09-07 01:57:13.348  3578  3578 W PackageManager: Unknown permission com.google.android.gallery3d.permission.GALLERY_PROVIDER in package com.android.bluetooth
09-07 01:57:13.350  3578  3578 W PackageManager: Unknown permission com.google.android.googleapps.permission.ACCESS_GOOGLE_PASSWORD in package com.android.development
09-07 01:57:13.350  3578  3578 W PackageManager: Unknown permission com.google.android.googleapps.permission.GOOGLE_AUTH in package com.android.development
09-07 01:57:13.350  3578  3578 W PackageManager: Unknown permission com.google.android.googleapps.permission.GOOGLE_AUTH.ALL_SERVICES in package com.android.development
09-07 01:57:13.350  3578  3578 W PackageManager: Unknown permission com.google.android.googleapps.permission.GOOGLE_AUTH.YouTubeUser in package com.android.development
09-07 01:57:13.351  3578  3578 V PackageManager: reconcileAppsData for null u0 0x3
09-07 01:57:13.493  3578  3578 V PackageManager: reconcileAppsData finished 93 packages
09-07 01:57:13.493  3578  3578 V PackageManager: Disabling com.google.android.gsf/com.google.android.gsf.update.SystemUpdateActivity
09-07 01:57:13.494  3578  3578 W PackageManager: Unable to disable com.google.android.gsf/com.google.android.gsf.update.SystemUpdateActivity
09-07 01:57:13.494  3578  3578 V PackageManager: Disabling com.google.android.gsf/com.google.android.gsf.update.SystemUpdateService$Receiver
09-07 01:57:13.494  3578  3578 W PackageManager: Unable to disable com.google.android.gsf/com.google.android.gsf.update.SystemUpdateService$Receiver
09-07 01:57:13.494  3578  3578 V PackageManager: Disabling com.google.android.gsf/com.google.android.gsf.update.SystemUpdateService$SecretCodeReceiver
09-07 01:57:13.494  3578  3578 W PackageManager: Unable to disable com.google.android.gsf/com.google.android.gsf.update.SystemUpdateService$SecretCodeReceiver
09-07 01:57:13.494  3578  3578 V PackageManager: Disabling com.google.android.gsf/com.google.android.gsf.update.SystemUpdateServiceReceiver
09-07 01:57:13.494  3578  3578 W PackageManager: Unable to disable com.google.android.gsf/com.google.android.gsf.update.SystemUpdateServiceReceiver
09-07 01:57:13.494  3578  3578 V PackageManager: Disabling com.google.android.gms/com.google.android.gms.update.SystemUpdateActivity
09-07 01:57:13.495  3578  3578 W PackageManager: Unable to disable com.google.android.gms/com.google.android.gms.update.SystemUpdateActivity
09-07 01:57:13.495  3578  3578 V PackageManager: Disabling com.google.android.gms/com.google.android.gms.update.SystemUpdateService$Receiver
09-07 01:57:13.495  3578  3578 W PackageManager: Unable to disable com.google.android.gms/com.google.android.gms.update.SystemUpdateService$Receiver
09-07 01:57:13.495  3578  3578 V PackageManager: Disabling com.google.android.gms/com.google.android.gms.update.SystemUpdateService$ActiveReceiver
09-07 01:57:13.495  3578  3578 W PackageManager: Unable to disable com.google.android.gms/com.google.android.gms.update.SystemUpdateService$ActiveReceiver
09-07 01:57:13.495  3578  3578 V PackageManager: Disabling com.google.android.gms/com.google.android.gms.update.SystemUpdateService$SecretCodeReceiver
09-07 01:57:13.495  3578  3578 W PackageManager: Unable to disable com.google.android.gms/com.google.android.gms.update.SystemUpdateService$SecretCodeReceiver
09-07 01:57:13.495  3578  3578 V PackageManager: Disabling com.google.android.gms/com.google.android.gms.update.SystemUpdateServiceReceiver
09-07 01:57:13.496  3578  3578 W PackageManager: Unable to disable com.google.android.gms/com.google.android.gms.update.SystemUpdateServiceReceiver
09-07 01:57:13.496  3578  3578 V PackageManager: Enabling com.google.android.gsf/com.google.android.gsf.update.SystemUpdateService
09-07 01:57:13.496  3578  3578 W PackageManager: Unable to enable com.google.android.gsf/com.google.android.gsf.update.SystemUpdateService
09-07 01:57:13.496  3578  3578 V PackageManager: Enabling com.google.android.gms/com.google.android.gms.update.SystemUpdateService
09-07 01:57:13.496  3578  3578 W PackageManager: Unable to enable com.google.android.gms/com.google.android.gms.update.SystemUpdateService
09-07 01:57:23.106  3578  3578 D PackageManager: Ephemeral resolver NOT found; no matching intent filters
09-07 01:57:23.107  3578  3578 I PackageManager: Ephemeral deactivated; missing resolver and installer
09-07 01:57:23.131  3578  3578 I SystemServer: StartOtaDexOptService
09-07 01:57:23.133  3578  3578 I SystemServer: StartUserManagerService
09-07 01:57:23.133  3578  3578 I SystemServiceManager: Starting com.android.server.pm.UserManagerService$LifeCycle
09-07 01:57:23.148  3578  3578 I SystemServiceManager: Starting com.android.server.BatteryService
09-07 01:57:23.152  3578  3578 I SystemServiceManager: Starting com.android.server.usage.UsageStatsService
09-07 01:57:23.167  3578  3578 I SystemServiceManager: Starting com.android.server.webkit.WebViewUpdateService
09-07 01:57:23.170  3578  3578 I SystemServer: Reading configuration...
09-07 01:57:23.170  3578  3578 I SystemServer: StartSchedulingPolicyService
09-07 01:57:23.171  3578  3578 I SystemServiceManager: Starting com.android.server.telecom.TelecomLoaderService
09-07 01:57:23.172  3578  3578 I SystemServer: StartTelephonyRegistry
09-07 01:57:23.176  3578  3578 I SystemServer: StartEntropyMixer
09-07 01:57:23.176  3578  3578 W EntropyMixer: No existing entropy file -- first boot?
09-07 01:57:23.196  3578  3578 I EntropyMixer: Added HW RNG output to entropy pool
09-07 01:57:23.196  3578  3578 I EntropyMixer: Writing entropy...
09-07 01:57:23.218  3578  3578 I SystemServer: Camera Service
09-07 01:57:23.219  3578  3578 I SystemServiceManager: Starting com.android.server.camera.CameraService
09-07 01:57:23.220  3578  4009 I ServiceThread: Enabled StrictMode logging for CameraService_proxy looper.
09-07 01:57:23.221  3578  3578 I SystemServer: StartAccountManagerService
09-07 01:57:23.221  3578  3578 I SystemServiceManager: Starting com.android.server.accounts.AccountManagerService$Lifecycle
09-07 01:57:23.228  3578  3578 I SystemServer: StartContentService
09-07 01:57:23.228  3578  3578 I SystemServiceManager: Starting com.android.server.content.ContentService$Lifecycle
09-07 01:57:23.229  3578  3578 I SystemServer: InstallSystemProviders
09-07 01:57:23.285  3578  3578 D ActivityThread: Loading provider settings: com.android.providers.settings.SettingsProvider
09-07 01:57:23.383  3578  3578 I SettingsState: No settings state /data/system/users/0/settings_system.xml
09-07 01:57:23.400  3578  3578 I SettingsState: No settings state /data/system/users/0/settings_secure.xml
09-07 01:57:23.404  3578  3578 D SettingsProvider: Generated and saved new ANDROID_ID [137defb44959445f] for user 0
09-07 01:57:23.426  3578  3578 I SettingsState: No settings state /data/system/users/0/settings_global.xml
09-07 01:57:23.742  3578  3578 I SystemServer: StartVibratorService
09-07 01:57:23.746  3578  3578 I SystemServer: StartConsumerIrService
09-07 01:57:23.748  3578  3578 I SystemServer: StartAlarmManagerService
09-07 01:57:23.748  3578  3578 I SystemServiceManager: Starting com.android.server.AlarmManagerService
09-07 01:57:23.753  3578  3578 I SystemServer: InitWatchdog
09-07 01:57:23.754  3578  3578 I SystemServer: StartInputManagerService
09-07 01:57:23.754  3578  3578 I InputManager: Initializing input manager, mUseDevInputEventForAudioJack=false
09-07 01:57:23.755  3578  3578 I SystemServer: StartWindowManagerService
09-07 01:57:23.764  3578  3674 I WindowManager: No existing display settings /data/system/display_settings.xml; starting empty
09-07 01:57:23.854  3578  3578 I SystemServer: StartVrManagerService
09-07 01:57:23.854  3578  3578 I SystemServiceManager: Starting com.android.server.vr.VrManagerService
09-07 01:57:23.857  3578  3578 I InputManager: Starting input manager
09-07 01:57:23.863  3578  3578 I SystemServiceManager: Starting com.android.server.BluetoothService
09-07 01:57:23.865  3578  3578 D BluetoothManagerService: Loading stored name and address
09-07 01:57:23.865  3578  3578 D BluetoothManagerService: Stored bluetooth Name=null,Address=null
09-07 01:57:23.865  3578  3578 D BluetoothManagerService: Bluetooth persisted state: 0
09-07 01:57:23.865  3578  3578 I SystemServer: ConnectivityMetricsLoggerService
09-07 01:57:23.865  3578  3578 I SystemServiceManager: Starting com.android.server.connectivity.MetricsLoggerService
09-07 01:57:23.866  3578  3578 I SystemServer: IpConnectivityMetrics
09-07 01:57:23.866  3578  3578 I SystemServiceManager: Starting com.android.server.connectivity.IpConnectivityMetrics
09-07 01:57:23.867  3578  3578 I SystemServer: PinnerService
09-07 01:57:23.867  3578  3578 I SystemServiceManager: Starting com.android.server.PinnerService
09-07 01:57:23.868  3578  3578 I SystemServiceManager: Starting com.android.server.InputMethodManagerService$Lifecycle
09-07 01:57:24.010  3578  3578 W InputMethodManagerService: No IME selected. Choose the most applicable IME.
09-07 01:57:24.016  3578  3578 I InputMethodManagerService: Default found, using com.android.inputmethod.latin/.LatinIME
09-07 01:57:24.018  3578  3578 I SystemServer: StartAccessibilityManagerService
09-07 01:57:24.027  3578  3578 I ActivityManager: Config changes=1df8 {1.0 ?mcc?mnc [en_US] ldltr sw411dp w411dp h845dp 560dpi nrml long port ?uimode ?night -touch -keyb/h/h -nav/h s.2}
09-07 01:57:24.029  3578  3666 I UsageStatsDatabase: Upgrading from version 0 to 3
09-07 01:57:24.029  3578  3666 I UsageStatsDatabase: Deleting all usage stats files
09-07 01:57:24.032  3578  3666 I UsageStatsService: User[0] Rollover scheduled @ 2017-09-08 01:57:24(1504835844027)
09-07 01:57:24.032  3578  3666 D UsageStatsService: Initializing defaults for system apps on user 0
09-07 01:57:24.051  3578  3666 E AppIdleHistory: Unable to read app idle file for user 0
09-07 01:57:24.051  3578  3674 I ActivityManager: Config changes=400 {1.0 ?mcc?mnc [en_US] ldltr sw411dp w411dp h773dp 560dpi nrml long port ?uimode ?night -touch -keyb/h/h -nav/h s.3}
09-07 01:57:24.057  3578  3674 W LocalDisplayAdapter: Unable to find color mode 0, ignoring request.
09-07 01:57:24.066  3578  3578 W LocalDisplayAdapter: Unable to find color mode 0, ignoring request.
09-07 01:57:24.066  3578  3578 I SystemServiceManager: Starting com.android.server.MountService$Lifecycle
09-07 01:57:24.072  3578  4017 D MountService: Thinking about init, mSystemReady=false, mDaemonConnected=true
09-07 01:57:24.072  3578  3578 I SystemServiceManager: Starting com.android.server.UiModeManagerService
09-07 01:57:24.072  3578  4017 D MountService: Thinking about reset, mSystemReady=false, mDaemonConnected=true
09-07 01:57:24.072  3578  4017 D MountService: Thinking about init, mSystemReady=false, mDaemonConnected=true
09-07 01:57:24.072  3578  4017 D MountService: Thinking about reset, mSystemReady=false, mDaemonConnected=true
09-07 01:57:24.073  3578  4017 D CryptdConnector: SND -> {1 cryptfs getfield SystemLocale}
09-07 01:57:24.074  3578  3578 I ActivityManager: Config changes=200 {1.0 ?mcc?mnc [en_US] ldltr sw411dp w411dp h773dp 560dpi nrml long port -touch -keyb/h/h -nav/h s.4}
09-07 01:57:24.074  3578  4019 D CryptdConnector: RCV <- {200 1 -1}
09-07 01:57:24.079  3578  4017 W MountService: No primary storage mounted!
09-07 01:57:24.079  3578  4017 D VoldConnector: SND -> {1 asec list}
09-07 01:57:24.080  3578  4018 D VoldConnector: RCV <- {200 1 asec operation succeeded}
09-07 01:57:24.104  3578  4017 W PackageManager: Unknown permission com.google.android.googleapps.permission.GOOGLE_AUTH in package com.android.providers.calendar
09-07 01:57:24.104  3578  4017 W PackageManager: Unknown permission com.google.android.googleapps.permission.GOOGLE_AUTH.cl in package com.android.providers.calendar
09-07 01:57:24.108  3578  4017 W PackageManager: Unknown permission cyanogenmod.permission.LEGALESE in package com.cyanogenmod.setupwizard
09-07 01:57:24.109  3578  4017 W PackageManager: Unknown permission com.android.gallery3d.permission.STORAGE_CHANGE in package com.android.camera2
09-07 01:57:24.110  3578  4017 W PackageManager: Unknown permission android.permission.NFC_UNLOCK in package com.android.nfc
09-07 01:57:24.113  3578  4017 W PackageManager: Unknown permission com.google.android.googleapps.permission.GOOGLE_AUTH.mail in package com.android.calendar
09-07 01:57:24.114  3578  4017 W PackageManager: Unknown permission com.android.launcher.permission.READ_SETTINGS in package com.android.onetimeinitializer
09-07 01:57:24.114  3578  4017 W PackageManager: Unknown permission com.android.launcher.permission.WRITE_SETTINGS in package com.android.onetimeinitializer
09-07 01:57:24.117  3578  4017 W PackageManager: Unknown permission com.android.launcher.permission.READ_SETTINGS in package com.cyanogenmod.trebuchet
09-07 01:57:24.117  3578  4017 W PackageManager: Unknown permission com.android.launcher.permission.WRITE_SETTINGS in package com.cyanogenmod.trebuchet
09-07 01:57:24.118  3578  4017 W PackageManager: Unknown permission com.google.android.permission.INSTALL_WEARABLE_PACKAGES in package com.android.packageinstaller
09-07 01:57:24.118  3578  4017 W PackageManager: Not granting permission android.permission.DELETE_PACKAGES to package com.svox.pico (protectionLevel=18 flags=0x3888be45)
09-07 01:57:24.120  3578  4017 W PackageManager: Unknown permission com.google.android.gallery3d.permission.PICASA_STORE in package com.android.dreams.phototable
09-07 01:57:24.121  3578  4017 W PackageManager: Unknown permission com.google.android.googleapps.permission.GOOGLE_AUTH in package com.android.settings
09-07 01:57:24.122  3578  4017 W PackageManager: Unknown permission com.android.launcher.permission.READ_SETTINGS in package com.android.settings
09-07 01:57:24.122  3578  4017 W PackageManager: Unknown permission com.android.launcher.permission.WRITE_SETTINGS in package com.android.settings
09-07 01:57:24.133  3578  4017 W PackageManager: Not granting permission android.permission.MANAGE_DOCUMENTS to package com.android.deskclock (protectionLevel=2 flags=0x3cc9be45)
09-07 01:57:24.133  3578  4017 W PackageManager: Unknown permission com.android.deskclock.worldclock.permissions.WRITE_DATABASE in package com.android.deskclock
09-07 01:57:24.133  3578  4017 W PackageManager: Unknown permission org.codeaurora.permission.POWER_ON_ALERT in package com.android.deskclock
09-07 01:57:24.133  3578  4017 W PackageManager: Not granting permission android.permission.WRITE_SECURE_SETTINGS to package com.android.deskclock (protectionLevel=50 flags=0x3cc9be45)
09-07 01:57:24.138  3578  4017 W PackageManager: Unknown permission com.cyanogenmod.lockclock.permission.READ_WEATHER in package com.android.systemui
09-07 01:57:24.140  3578  4017 W PackageManager: Unknown permission com.google.android.gallery3d.permission.GALLERY_PROVIDER in package com.android.bluetooth
09-07 01:57:24.141  3578  4017 W PackageManager: Unknown permission com.google.android.googleapps.permission.ACCESS_GOOGLE_PASSWORD in package com.android.development
09-07 01:57:24.141  3578  4017 W PackageManager: Unknown permission com.google.android.googleapps.permission.GOOGLE_AUTH in package com.android.development
09-07 01:57:24.141  3578  4017 W PackageManager: Unknown permission com.google.android.googleapps.permission.GOOGLE_AUTH.ALL_SERVICES in package com.android.development
09-07 01:57:24.141  3578  4017 W PackageManager: Unknown permission com.google.android.googleapps.permission.GOOGLE_AUTH.YouTubeUser in package com.android.development
09-07 01:57:24.435  3578  4017 W MountService: No primary storage mounted!
09-07 01:57:24.435  3578  4017 D VoldConnector: SND -> {2 asec list}
09-07 01:57:24.436  3578  4018 D VoldConnector: RCV <- {200 2 asec operation succeeded}
09-07 01:57:24.557  3578  4015 I ActivityManager: Config changes=8 {1.0 ?mcc?mnc [en_US] ldltr sw411dp w411dp h773dp 560dpi nrml long port finger -keyb/h/h -nav/h s.5}
--------- beginning of main
09-07 01:57:28.164  4417  4417 I dex2oat : dex2oat took 72.676ms (threads: 8) arena alloc=0B (0B) java alloc=27KB (28240B) native alloc=500KB (512656B) free=2MB (2633072B)
09-07 01:57:28.182  4426  4426 I dex2oat : /system/bin/dex2oat --compiler-filter=verify-at-runtime
09-07 01:57:28.213  4426  4426 I dex2oat : dex2oat took 30.982ms (threads: 8) arena alloc=0B (0B) java alloc=31KB (32208B) native alloc=1078KB (1104592B) free=1481KB (1516848B)
09-07 01:57:28.231  4435  4435 I dex2oat : /system/bin/dex2oat --compiler-filter=verify-at-runtime
09-07 01:57:28.255  4435  4435 I dex2oat : dex2oat took 23.940ms (threads: 8) arena alloc=0B (0B) java alloc=27KB (28240B) native alloc=1051KB (1077168B) free=1508KB (1544272B)
09-07 01:57:28.273  4444  4444 I dex2oat : /system/bin/dex2oat --compiler-filter=verify-at-runtime
09-07 01:57:28.293  4444  4444 I dex2oat : dex2oat took 20.703ms (threads: 8) arena alloc=0B (0B) java alloc=31KB (32216B) native alloc=1030KB (1055216B) free=1529KB (1566224B)
09-07 01:57:28.311  4453  4453 I dex2oat : /system/bin/dex2oat --compiler-filter=verify-at-runtime
09-07 01:57:28.375  4453  4453 I dex2oat : dex2oat took 64.061ms (threads: 8) arena alloc=0B (0B) java alloc=31KB (32208B) native alloc=521KB (533840B) free=2MB (2611888B)
09-07 01:57:28.393  4462  4462 I dex2oat : /system/bin/dex2oat --compiler-filter=verify-at-runtime
09-07 01:57:28.431  4462  4462 I dex2oat : dex2oat took 38.226ms (threads: 8) arena alloc=0B (0B) java alloc=27KB (28240B) native alloc=1140KB (1168336B) free=1419KB (1453104B)
09-07 01:57:28.450  4471  4471 I dex2oat : /system/bin/dex2oat --compiler-filter=verify-at-runtime
09-07 01:57:28.528  4471  4471 I dex2oat : dex2oat took 78.446ms (threads: 8) arena alloc=0B (0B) java alloc=31KB (32216B) native alloc=500KB (512592B) free=2MB (2633136B)
09-07 01:57:28.546  4480  4480 I dex2oat : /system/bin/dex2oat --compiler-filter=verify-at-runtime
09-07 01:57:28.565  4480  4480 I dex2oat : dex2oat took 19.591ms (threads: 8) arena alloc=0B (0B) java alloc=31KB (32216B) native alloc=877KB (899056B) free=1170KB (1198096B)
09-07 01:57:28.584  4489  4489 I dex2oat : /system/bin/dex2oat --compiler-filter=verify-at-runtime
09-07 01:57:28.601  3163  3163 D gpsd    : WakeLock(Acquire,GPSD)
09-07 01:57:28.601  3163  3163 D gpsd    : WakeLock(Release,GPSD)
09-07 01:57:28.601  3163  3163 D gpsd    : WakeLock(Acquire,GPSD)
09-07 01:57:28.601  3163  3163 D gpsd    : WakeLock(Release,GPSD)
09-07 01:57:28.617  4492  4492 V lhd     : GlLhdInterface::Init(/system/etc/lhd.conf)
09-07 01:57:28.618  4492  4492 E lhd     : SetCfgValue: Critical Error. Unknown configuration parameter "FlpName"="tcp"
09-07 01:57:28.618  4492  4492 V lhd     : SetCfgValue: LHD config "LheSerialControl"="BBD:Serial=TTY"
09-07 01:57:28.618  4492  4492 E lhd     : SetCfgValue: Critical Error. Unknown configuration parameter "LheClockMHz"="100"
09-07 01:57:28.618  4492  4492 V lhd     : SetCfgValue: LHD config "LhePatch"="/dev/bbd_patch"
09-07 01:57:28.618  4492  4492 V lhd     : SetCfgValue: LHD config "LheMaxMcuResetTries"="4"
09-07 01:57:28.618  4492  4492 V lhd     : SetCfgValue: LHD config "LheBbdPacket"="/dev/ttyBCM"
09-07 01:57:28.618  4492  4492 V lhd     : SetCfgValue: LHD config "LheBbdControl"="/dev/bbd_control"
09-07 01:57:28.618  4492  4492 V lhd     : SetCfgValue: LHD config "LheBbdSensor"="/dev/bbd_sensor"
09-07 01:57:28.618  4492  4492 V lhd     : SetCfgValue: LHD config "Lhe477xDebugFlags"="RPC:FACILITY=33:STDOUT_PUTS:STDOUT_LOG"
09-07 01:57:28.618  4492  4492 E lhd     : SetCfgValue: Critical Error. Unknown configuration parameter "LheSensorIpc"="true"
09-07 01:57:28.618  4492  4492 E lhd     : SetCfgValue: Critical Error. Unknown configuration parameter "LhePinMux"="P17=M1"
09-07 01:57:28.618  4492  4492 V lhd     : SetCfgValue: LHD config "LheAutoBaudDelayMS"="10"
09-07 01:57:28.618  4492  4492 V lhd     : SetCfgValue: LHD config "LheMaxMcuResetTries"="3"
09-07 01:57:28.618  4492  4492 E lhd     : OpenFirmwareFile: Fail to open /efs/sec_efs/sensorhub_urgent_fw.patch, errno 2
09-07 01:57:28.618  4492  4492 E lhd     : getCustPatchVersion: Fail to parse patch /efs/sec_efs/sensorhub_urgent_fw.patch
09-07 01:57:28.618  4492  4492 E lhd     : getCustPatchVersion: <CustomerVersion> not found
09-07 01:57:28.677  3163  3163 D gpsd    : WakeLock(Acquire,GPSD)
09-07 01:57:28.677  4492  4492 D lhd     : OnIpcConnect
09-07 01:57:28.677  3163  3163 D gpsd    : WakeLock(Release,GPSD)
09-07 01:57:28.677  3163  3163 D gpsd    : WakeLock(Acquire,GPSD)
09-07 01:57:28.677  3163  3163 D gpsd    : WakeLock(Release,GPSD)
09-07 01:57:28.805  4489  4489 I dex2oat : dex2oat took 222.225ms (threads: 8) arena alloc=0B (0B) java alloc=27KB (28240B) native alloc=805KB (825288B) free=2MB (2451512B)
09-07 01:57:28.824  4501  4501 I dex2oat : /system/bin/dex2oat --compiler-filter=verify-at-runtime
09-07 01:57:28.903  4501  4501 I dex2oat : dex2oat took 78.954ms (threads: 8) arena alloc=0B (0B) java alloc=31KB (32216B) native alloc=1106KB (1133456B) free=1453KB (1487984B)
09-07 01:57:28.921  4510  4510 I dex2oat : /system/bin/dex2oat --compiler-filter=verify-at-runtime
09-07 01:57:29.057  4510  4510 I dex2oat : dex2oat took 136.362ms (threads: 8) arena alloc=0B (0B) java alloc=27KB (28240B) native alloc=532KB (545464B) free=2MB (2600264B)
09-07 01:57:29.076  4519  4519 I dex2oat : /system/bin/dex2oat --compiler-filter=verify-at-runtime
09-07 01:57:29.137  4519  4519 I dex2oat : dex2oat took 61.167ms (threads: 8) arena alloc=0B (0B) java alloc=27KB (28240B) native alloc=857KB (878512B) free=1190KB (1218640B)
09-07 01:57:29.155  4528  4528 I dex2oat : /system/bin/dex2oat --compiler-filter=verify-at-runtime
09-07 01:57:29.400  4528  4528 I dex2oat : dex2oat took 245.040ms (threads: 8) arena alloc=0B (0B) java alloc=27KB (28240B) native alloc=637KB (653128B) free=2MB (3016888B)
09-07 01:57:29.419  4537  4537 I dex2oat : /system/bin/dex2oat --compiler-filter=verify-at-runtime
09-07 01:57:29.479  4537  4537 I dex2oat : dex2oat took 60.815ms (threads: 8) arena alloc=0B (0B) java alloc=31KB (32216B) native alloc=860KB (881648B) free=1187KB (1215504B)
09-07 01:57:29.497  4546  4546 I dex2oat : /system/bin/dex2oat --compiler-filter=verify-at-runtime
09-07 01:57:29.579  4546  4546 I dex2oat : dex2oat took 81.874ms (threads: 8) arena alloc=0B (0B) java alloc=27KB (28240B) native alloc=1094KB (1120848B) free=1465KB (1500592B)
09-07 01:57:29.597  4555  4555 I dex2oat : /system/bin/dex2oat --compiler-filter=verify-at-runtime
09-07 01:57:29.659  4555  4555 I dex2oat : dex2oat took 61.699ms (threads: 8) arena alloc=0B (0B) java alloc=27KB (28240B) native alloc=886KB (907312B) free=1161KB (1189840B)
09-07 01:57:29.677  4564  4564 I dex2oat : /system/bin/dex2oat --compiler-filter=verify-at-runtime
09-07 01:57:29.778  4564  4564 I dex2oat : dex2oat took 101.416ms (threads: 8) arena alloc=0B (0B) java alloc=31KB (32216B) native alloc=683KB (700368B) free=2MB (2445360B)
09-07 01:57:29.796  4573  4573 I dex2oat : /system/bin/dex2oat --compiler-filter=verify-at-runtime
09-07 01:57:29.936  4573  4573 I dex2oat : dex2oat took 140.400ms (threads: 8) arena alloc=0B (0B) java alloc=27KB (28240B) native alloc=438KB (449160B) free=2MB (2696568B)
09-07 01:57:29.955  4582  4582 I dex2oat : /system/bin/dex2oat --compiler-filter=verify-at-runtime
09-07 01:57:30.140  4582  4582 I dex2oat : dex2oat took 185.407ms (threads: 8) arena alloc=0B (0B) java alloc=27KB (28240B) native alloc=587KB (601288B) free=2MB (2544440B)
09-07 01:57:30.158  4591  4591 I dex2oat : /system/bin/dex2oat --compiler-filter=verify-at-runtime
