11-10 13:06:44.074  3646  4071 E ActivityManager: 	at android.app.ApplicationPackageManager.getPermissionInfo(ApplicationPackageManager.java:271)
11-10 13:06:44.074  3646  4071 E ActivityManager: 	at com.android.server.am.ActivityManagerService$PermissionController.isRuntimePermission(ActivityManagerService.java:7911)
11-10 13:06:44.074  3646  4071 E ActivityManager: 	at android.os.IPermissionController$Stub.onTransact(IPermissionController.java:75)
11-10 13:06:44.074  3646  4071 E ActivityManager: 	at android.os.Binder.execTransact(Binder.java:565)
11-10 13:06:44.075  3646  4071 D SensorService: OrientationSensor2 Registered!!!!
11-10 13:06:44.075  3646  4071 D SensorService: GravitySensor2 Registered!!!!
11-10 13:06:44.075  3646  4071 D SensorService: GravitySensor2 Registered!!!!
11-10 13:06:44.075  3646  4071 D SensorService: LinearAccelerationSensor2 Registered!!!!
11-10 13:06:44.075  3646  4076 D SensorService: new thread SensorEventAckReceiver
11-10 13:06:44.075  3646  4077 D SensorService: nuSensorService thread starting...
11-10 13:06:44.103  3646  3646 D ActivityThread: Loading provider settings: com.android.providers.settings.SettingsProvider
11-10 13:06:44.104  3646  3646 W System  : ClassLoader referenced unknown path: /system/priv-app/SettingsProvider/lib/arm64
11-10 13:06:44.104  3646  3646 D ApplicationLoaders: ignored Vulkan layer search path /system/priv-app/SettingsProvider/lib/arm64:/system/priv-app/SettingsProvider/SettingsProvider.apk!/lib/arm64-v8a:/system/lib64:/vendor/lib64 for namespace 0x7faebf6160
11-10 13:06:44.171  3646  3646 I SettingsState: No settings state /data/system/users/0/settings_system.xml
11-10 13:06:44.181  3646  3646 I SettingsState: No settings state /data/system/users/0/settings_secure.xml
11-10 13:06:44.182  3646  3646 D SettingsProvider: Generated and saved new ANDROID_ID [342bbddc96448cf4] for user 0
11-10 13:06:44.192  3646  3646 I SettingsState: No settings state /data/system/users/0/settings_global.xml
11-10 13:06:44.230  3646  3646 I SystemServer: StartVibratorService
11-10 13:06:44.233  3646  3646 I SystemServer: StartConsumerIrService
11-10 13:06:44.233  3646  3646 E ConsumerIrService: Can't open consumer IR HW Module, error: -2
11-10 13:06:44.233  3646  3646 I SystemServer: StartAlarmManagerService
11-10 13:06:44.233  3646  3646 I SystemServiceManager: Starting com.android.server.AlarmManagerService
11-10 13:06:44.236  3646  3646 I SystemServer: InitWatchdog
11-10 13:06:44.236  3646  3646 I SystemServer: StartInputManagerService
11-10 13:06:44.236  3646  3646 I InputManager: Initializing input manager, mUseDevInputEventForAudioJack=false
11-10 13:06:44.237  3646  3646 I SystemServer: StartWindowManagerService
11-10 13:06:44.242  3646  3717 I WindowManager: No existing display settings /data/system/display_settings.xml; starting empty
11-10 13:06:44.248  3646  3711 I CameraManagerGlobal: Connecting to camera service
11-10 13:06:44.249  3162  3162 E CameraService: getCameraVendorTagDescriptor: camera hardware module doesn't exist
11-10 13:06:44.250  3646  3711 E SensorService: getSensorList a sensor (Rear Ambient Light) without enabled required app op: 1849765690
11-10 13:06:44.250  3646  3711 I SensorService: Skipped sensor Rear Ambient Light because it requires permission com.samsung.permission.HRM_EXT and app op 1849765690
11-10 13:06:44.252  3646  3711 E SensorService: getSensorList a sensor (Proximity Alert Sensor) without enabled required app op: 2048
11-10 13:06:44.252  3646  3711 I SensorService: Skipped sensor Proximity Alert Sensor because it requires permission com.samsung.permission.SSENSOR and app op 2048
11-10 13:06:44.252  3646  3711 E SensorService: getSensorList a sensor (HRM Sensor) without enabled required app op: 127
11-10 13:06:44.252  3646  3711 I SensorService: Skipped sensor HRM Sensor because it requires permission com.samsung.permission.SSENSOR and app op 127
11-10 13:06:44.307  3646  3646 I SystemServer: StartVrManagerService
11-10 13:06:44.307  3646  3646 I SystemServiceManager: Starting com.android.server.vr.VrManagerService
11-10 13:06:44.307  3646  3646 W VrManagerService: init_native: Could not open VR hardware module, error No such file or directory (-2).
11-10 13:06:44.309  3646  3646 I InputManager: Starting input manager
11-10 13:06:44.310  3646  4096 D EventHub: No input device configuration file found for device 'certify_hall'.
11-10 13:06:44.311  3646  3646 I SystemServiceManager: Starting com.android.server.BluetoothService
11-10 13:06:44.312  3646  3646 D BluetoothManagerService: Loading stored name and address
11-10 13:06:44.312  3646  3646 D BluetoothManagerService: Stored bluetooth Name=null,Address=null
11-10 13:06:44.312  3646  3646 D BluetoothManagerService: Bluetooth persisted state: 0
11-10 13:06:44.312  3646  3646 I SystemServer: ConnectivityMetricsLoggerService
11-10 13:06:44.312  3646  3646 I SystemServiceManager: Starting com.android.server.connectivity.MetricsLoggerService
11-10 13:06:44.313  3646  3646 I SystemServer: IpConnectivityMetrics
11-10 13:06:44.313  3646  3646 I SystemServiceManager: Starting com.android.server.connectivity.IpConnectivityMetrics
11-10 13:06:44.313  3646  3646 I SystemServer: PinnerService
11-10 13:06:44.313  3646  3646 I SystemServiceManager: Starting com.android.server.PinnerService
11-10 13:06:44.314  3646  3646 I SystemServiceManager: Starting com.android.server.InputMethodManagerService$Lifecycle
11-10 13:06:44.330  3646  3646 W System  : ClassLoader referenced unknown path: 
11-10 13:06:44.330  3646  3646 D ApplicationLoaders: ignored Vulkan layer search path /system/app/LatinIME/lib/arm64:/system/fake-libs64:/system/app/LatinIME/LatinIME.apk!/lib/arm64-v8a:/system/lib64:/vendor/lib64 for namespace 0x7faebf61d0
11-10 13:06:44.342  3646  4096 D EventHub: No input device configuration file found for device 'Headset'.
11-10 13:06:44.343  3646  3646 W InputMethodManagerService: No IME selected. Choose the most applicable IME.
11-10 13:06:44.343  3646  3646 I InputMethodManagerService: Default found, using com.android.inputmethod.latin/.LatinIME
11-10 13:06:44.344  3646  3646 I SystemServer: StartAccessibilityManagerService
11-10 13:06:44.347  3646  3646 I ActivityManager: Config changes=1df8 {1.0 ?mcc?mnc [en_US] ldltr sw411dp w411dp h845dp 560dpi nrml long port ?uimode ?night -touch -keyb/h/h -nav/h s.2}
11-10 13:06:44.348  3646  3709 I UsageStatsDatabase: Upgrading from version 0 to 3
11-10 13:06:44.349  3646  3709 I UsageStatsDatabase: Deleting all usage stats files
11-10 13:06:44.349  3646  3709 I UsageStatsService: User[0] Rollover scheduled @ 2017-11-11 13:06:44(1510405604347)
11-10 13:06:44.349  3646  3709 D UsageStatsService: Initializing defaults for system apps on user 0
11-10 13:06:44.351  3646  3717 I ActivityManager: Config changes=400 {1.0 ?mcc?mnc [en_US] ldltr sw411dp w411dp h773dp 560dpi nrml long port ?uimode ?night -touch -keyb/h/h -nav/h s.3}
11-10 13:06:44.351  3646  3709 E AppIdleHistory: Unable to read app idle file for user 0
11-10 13:06:44.353  3646  4096 W EventHub: Unable to disable kernel key repeat for /dev/input/event15: Function not implemented
11-10 13:06:44.353  3646  4096 I EventHub: New device: id=2, fd=125, path='/dev/input/event15', name='Headset', classes=0x1, configuration='', keyLayout='/system/usr/keylayout/Generic.kl', keyCharacterMap='/system/usr/keychars/Generic.kcm', builtinKeyboard=false, wakeMechanism=EPOLLWAKEUP, usingClockIoctl=true
11-10 13:06:44.353  3646  4096 D EventHub: No input device configuration file found for device 'gpio_keys'.
11-10 13:06:44.353  3646  3717 W LocalDisplayAdapter: Unable to find color mode 0, ignoring request.
11-10 13:06:44.354  3646  4096 W EventHub: Unable to disable kernel key repeat for /dev/input/event16: Function not implemented
11-10 13:06:44.354  3646  4096 I EventHub: New device: id=3, fd=126, path='/dev/input/event16', name='gpio_keys', classes=0x1, configuration='', keyLayout='/system/usr/keylayout/Generic.kl', keyCharacterMap='/system/usr/keychars/Generic.kcm', builtinKeyboard=false, wakeMechanism=EPOLLWAKEUP, usingClockIoctl=true
11-10 13:06:44.354  3646  4096 E EventHub: could not get driver version for /dev/input/mouse1, Not a typewriter
11-10 13:06:44.363  3646  3646 W LocalDisplayAdapter: Unable to find color mode 0, ignoring request.
11-10 13:06:44.363  3646  3646 I SystemServiceManager: Starting com.android.server.MountService$Lifecycle
11-10 13:06:44.367  3646  4097 D MountService: Thinking about init, mSystemReady=false, mDaemonConnected=true
11-10 13:06:44.367  3646  4097 D MountService: Thinking about reset, mSystemReady=false, mDaemonConnected=true
11-10 13:06:44.367  3646  4097 D MountService: Thinking about init, mSystemReady=false, mDaemonConnected=true
11-10 13:06:44.367  3646  4097 D MountService: Thinking about reset, mSystemReady=false, mDaemonConnected=true
11-10 13:06:44.367  3646  3646 I SystemServiceManager: Starting com.android.server.UiModeManagerService
11-10 13:06:44.367  3646  4097 D CryptdConnector: SND -> {1 cryptfs getfield SystemLocale}
11-10 13:06:44.368  3646  3646 I ActivityManager: Config changes=200 {1.0 ?mcc?mnc [en_US] ldltr sw411dp w411dp h773dp 560dpi nrml long port -touch -keyb/h/h -nav/h s.4}
11-10 13:06:44.368  3646  4099 D CryptdConnector: RCV <- {200 1 -1}
11-10 13:06:44.369  3646  4097 W MountService: No primary storage mounted!
11-10 13:06:44.369  3646  4097 D VoldConnector: SND -> {1 asec list}
11-10 13:06:44.370  3646  4098 D VoldConnector: RCV <- {200 1 asec operation succeeded}
11-10 13:06:44.370  3646  4097 I PackageManager: No secure containers found
11-10 13:06:44.370  3646  4097 W PackageManager: Unknown permission com.google.android.googleapps.permission.GOOGLE_AUTH in package com.android.providers.calendar
11-10 13:06:44.370  3646  4097 W PackageManager: Unknown permission com.google.android.googleapps.permission.GOOGLE_AUTH.cl in package com.android.providers.calendar
11-10 13:06:44.370  3646  4097 W PackageManager: Unknown permission cyanogenmod.permission.LEGALESE in package com.cyanogenmod.setupwizard
11-10 13:06:44.370  3646  4097 W PackageManager: Unknown permission com.android.gallery3d.permission.STORAGE_CHANGE in package com.android.camera2
11-10 13:06:44.370  3646  4097 W PackageManager: Unknown permission android.permission.NFC_UNLOCK in package com.android.nfc
11-10 13:06:44.370  3646  4097 W PackageManager: Unknown permission com.google.android.googleapps.permission.GOOGLE_AUTH.mail in package com.android.calendar
11-10 13:06:44.371  3646  4097 W PackageManager: Unknown permission com.android.launcher.permission.READ_SETTINGS in package com.android.onetimeinitializer
11-10 13:06:44.371  3646  4097 W PackageManager: Unknown permission com.android.launcher.permission.WRITE_SETTINGS in package com.android.onetimeinitializer
11-10 13:06:44.371  3646  4097 W PackageManager: Unknown permission com.android.launcher.permission.READ_SETTINGS in package com.cyanogenmod.trebuchet
11-10 13:06:44.371  3646  4097 W PackageManager: Unknown permission com.android.launcher.permission.WRITE_SETTINGS in package com.cyanogenmod.trebuchet
11-10 13:06:44.371  3646  4097 W PackageManager: Unknown permission com.google.android.permission.INSTALL_WEARABLE_PACKAGES in package com.android.packageinstaller
11-10 13:06:44.371  3646  4097 W PackageManager: Not granting permission android.permission.DELETE_PACKAGES to package com.svox.pico (protectionLevel=18 flags=0x3888be45)
11-10 13:06:44.371  3646  4097 W PackageManager: Unknown permission com.google.android.gallery3d.permission.PICASA_STORE in package com.android.dreams.phototable
11-10 13:06:44.371  3646  4097 W PackageManager: Unknown permission com.google.android.googleapps.permission.GOOGLE_AUTH in package com.android.settings
11-10 13:06:44.371  3646  4097 W PackageManager: Unknown permission com.android.launcher.permission.READ_SETTINGS in package com.android.settings
11-10 13:06:44.371  3646  4097 W PackageManager: Unknown permission com.android.launcher.permission.WRITE_SETTINGS in package com.android.settings
11-10 13:06:44.372  3646  4097 W PackageManager: Not granting permission android.permission.MANAGE_DOCUMENTS to package com.android.deskclock (protectionLevel=2 flags=0x3cc9be45)
11-10 13:06:44.372  3646  4097 W PackageManager: Unknown permission com.android.deskclock.worldclock.permissions.WRITE_DATABASE in package com.android.deskclock
11-10 13:06:44.372  3646  4097 W PackageManager: Unknown permission org.codeaurora.permission.POWER_ON_ALERT in package com.android.deskclock
11-10 13:06:44.372  3646  4097 W PackageManager: Not granting permission android.permission.WRITE_SECURE_SETTINGS to package com.android.deskclock (protectionLevel=50 flags=0x3cc9be45)
11-10 13:06:44.372  3646  4097 W PackageManager: Unknown permission com.cyanogenmod.lockclock.permission.READ_WEATHER in package com.android.systemui
11-10 13:06:44.372  3646  4097 W PackageManager: Unknown permission com.google.android.gallery3d.permission.GALLERY_PROVIDER in package com.android.bluetooth
11-10 13:06:44.372  3646  4097 W PackageManager: Unknown permission com.google.android.googleapps.permission.ACCESS_GOOGLE_PASSWORD in package com.android.development
11-10 13:06:44.372  3646  4097 W PackageManager: Unknown permission com.google.android.googleapps.permission.GOOGLE_AUTH in package com.android.development
11-10 13:06:44.372  3646  4097 W PackageManager: Unknown permission com.google.android.googleapps.permission.GOOGLE_AUTH.ALL_SERVICES in package com.android.development
11-10 13:06:44.372  3646  4097 W PackageManager: Unknown permission com.google.android.googleapps.permission.GOOGLE_AUTH.YouTubeUser in package com.android.development
11-10 13:06:44.382  3646  4096 D EventHub: No input device configuration file found for device 'sec_touchpad'.
11-10 13:06:44.383  3646  4096 W EventHub: Unable to disable kernel key repeat for /dev/input/event1: Function not implemented
11-10 13:06:44.383  3646  4096 I EventHub: New device: id=4, fd=132, path='/dev/input/event1', name='sec_touchpad', classes=0x15, configuration='', keyLayout='/system/usr/keylayout/Generic.kl', keyCharacterMap='/system/usr/keychars/Generic.kcm', builtinKeyboard=false, wakeMechanism=EPOLLWAKEUP, usingClockIoctl=true
11-10 13:06:44.383  3646  4096 E EventHub: could not get driver version for /dev/input/mouse0, Not a typewriter
11-10 13:06:44.433  3646  4097 W MountService: No primary storage defined yet; hacking together a stub
11-10 13:06:44.434  3646  4097 W MountService: No primary storage defined yet; hacking together a stub
11-10 13:06:44.434  3646  4097 W MountService: No primary storage mounted!
11-10 13:06:44.434  3646  4097 D VoldConnector: SND -> {2 asec list}
11-10 13:06:44.435  3646  4098 D VoldConnector: RCV <- {200 2 asec operation succeeded}
11-10 13:06:44.444  3646  3646 I PackageManager.DexOptimizer: Running dexopt (dex2oat) on: /system/priv-app/CalendarProvider/CalendarProvider.apk pkg=com.android.providers.calendar isa=arm64 vmSafeMode=false debuggable=false target-filter=interpret-only oatDir = null sharedLibraries=/system/framework/android.test.runner.jar
11-10 13:06:44.448  3646  4096 W EventHub: Unable to disable kernel key repeat for /dev/input/event0: Function not implemented
11-10 13:06:44.448  3646  4096 I EventHub: New device: id=5, fd=134, path='/dev/input/event0', name='sec_touchscreen', classes=0x15, configuration='/system/usr/idc/sec_touchscreen.idc', keyLayout='/system/usr/keylayout/Generic.kl', keyCharacterMap='/system/usr/keychars/Generic.kcm', builtinKeyboard=false, wakeMechanism=EPOLLWAKEUP, usingClockIoctl=true
11-10 13:06:44.448  3646  4096 D EventHub: No input device configuration file found for device 'hall'.
11-10 13:06:44.460  4100  4100 I dex2oat : /system/bin/dex2oat --compiler-filter=interpret-only
11-10 13:06:44.482  3646  4096 D EventHub: No input device configuration file found for device 'ssp_context'.
11-10 13:06:44.494  3646  4096 D EventHub: No input device configuration file found for device 'meta_event'.
11-10 13:06:44.510  3646  4096 D EventHub: No input device configuration file found for device 'interrupt_gyro_sensor'.
11-10 13:06:44.522  3646  4096 D EventHub: No input device configuration file found for device 'step_cnt_sensor'.
11-10 13:06:44.542  3646  4096 D EventHub: No input device configuration file found for device 'sig_motion_sensor'.
11-10 13:06:44.558  3646  4096 D EventHub: No input device configuration file found for device 'gesture_sensor'.
11-10 13:06:44.594  3646  4096 D EventHub: No input device configuration file found for device 'temp_humidity_sensor'.
11-10 13:06:44.595  4100  4100 I dex2oat : dex2oat took 135.563ms (threads: 8) arena alloc=8KB (8400B) java alloc=819KB (838832B) native alloc=1186KB (1214864B) free=3MB (3503728B)
11-10 13:06:44.598  3646  3646 I PackageManager.DexOptimizer: Running dexopt (dex2oat) on: /system/priv-app/MediaProvider/MediaProvider.apk pkg=com.android.providers.media isa=arm64 vmSafeMode=false debuggable=false target-filter=interpret-only oatDir = null sharedLibraries=null
11-10 13:06:44.614  4110  4110 I dex2oat : /system/bin/dex2oat --compiler-filter=interpret-only
11-10 13:06:44.642  3646  4096 D EventHub: No input device configuration file found for device 'proximity_alert_sensor'.
11-10 13:06:44.658  3646  4096 D EventHub: No input device configuration file found for device 'proximity_sensor'.
11-10 13:06:44.678  3646  4096 D EventHub: No input device configuration file found for device 'light_ir_sensor'.
11-10 13:06:44.698  3646  4096 D EventHub: No input device configuration file found for device 'light_sensor'.
11-10 13:06:44.710  4110  4110 I dex2oat : dex2oat took 96.704ms (threads: 8) arena alloc=121KB (124656B) java alloc=274KB (280928B) native alloc=1338KB (1370408B) free=4MB (4396760B)
11-10 13:06:44.713  3646  3646 I PackageManager.DexOptimizer: Running dexopt (dex2oat) on: /system/priv-app/WallpaperCropper/WallpaperCropper.apk pkg=com.android.wallpapercropper isa=arm64 vmSafeMode=false debuggable=false target-filter=interpret-only oatDir = null sharedLibraries=null
11-10 13:06:44.718  3646  4096 D EventHub: No input device configuration file found for device 'hrm_sensor'.
11-10 13:06:44.728  4119  4119 I dex2oat : /system/bin/dex2oat --compiler-filter=interpret-only
11-10 13:06:44.734  3646  4096 D EventHub: No input device configuration file found for device 'grip_sensor'.
11-10 13:06:44.750  3646  4096 E EventHub: could not get driver version for /dev/input/mice, Not a typewriter
11-10 13:06:44.807  3646  4096 I InputReader: Device added: id=-1, name='Virtual', sources=0x00000301
11-10 13:06:44.807  3646  4096 W InputReader: Invalid value for touch.size.calibration: 'normalized'
11-10 13:06:44.808  3646  4096 I InputReader:   Touch device 'sec_touchscreen' could not query the properties of its associated display.  The device will be inoperable until the display size becomes available.
11-10 13:06:44.808  3646  4096 I InputReader: Device added: id=5, name='sec_touchscreen', sources=0x00001103
11-10 13:06:44.808  3646  4096 I InputReader:   Touch device 'sec_touchpad' could not query the properties of its associated display.  The device will be inoperable until the display size becomes available.
11-10 13:06:44.808  3646  4096 I InputReader: Device added: id=4, name='sec_touchpad', sources=0x00002103
11-10 13:06:44.808  3646  4096 I InputReader: Device added: id=3, name='gpio_keys', sources=0x00000101
11-10 13:06:44.808  3646  4096 I InputReader: Device added: id=2, name='Headset', sources=0x00000101
11-10 13:06:44.808  3646  4096 I InputReader: Reconfiguring input devices.  changes=0x00000004
11-10 13:06:44.812  3646  4096 I InputReader: Device reconfigured: id=4, name='sec_touchpad', size 1440x2960, orientation 0, mode 4, display id 0
11-10 13:06:44.812  3646  4096 I InputReader: Device reconfigured: id=5, name='sec_touchscreen', size 1440x2960, orientation 0, mode 1, display id 0
11-10 13:06:44.812  3646  4095 I ActivityManager: Config changes=8 {1.0 ?mcc?mnc [en_US] ldltr sw411dp w411dp h773dp 560dpi nrml long port finger -keyb/h/h -nav/h s.5}
11-10 13:06:44.826  4119  4119 I dex2oat : dex2oat took 97.686ms (threads: 8) arena alloc=11KB (11856B) java alloc=413KB (423208B) native alloc=1400KB (1434448B) free=2MB (2235568B)
11-10 13:06:44.829  3646  3646 I PackageManager.DexOptimizer: Running dexopt (dex2oat) on: /system/priv-app/DocumentsUI/DocumentsUI.apk pkg=com.android.documentsui isa=arm64 vmSafeMode=false debuggable=false target-filter=interpret-only oatDir = null sharedLibraries=null
11-10 13:06:44.844  4128  4128 I dex2oat : /system/bin/dex2oat --compiler-filter=interpret-only
11-10 13:06:44.937  4128  4133 W dex2oat : Before Android 4.1, method android.graphics.PorterDuffColorFilter android.support.graphics.drawable.VectorDrawableCompat.updateTintFilter(android.graphics.PorterDuffColorFilter, android.content.res.ColorStateList, android.graphics.PorterDuff$Mode) would have incorrectly overridden the package-private method in android.graphics.drawable.Drawable
11-10 13:06:44.944  4128  4131 W dex2oat : Before Android 4.1, method int android.support.v7.widget.ListViewCompat.lookForSelectablePosition(int, boolean) would have incorrectly overridden the package-private method in android.widget.ListView
11-10 13:06:45.101  4128  4128 I dex2oat : dex2oat took 256.876ms (threads: 8) arena alloc=12KB (12536B) java alloc=2MB (2698768B) native alloc=2MB (2959312B) free=2MB (2283568B)
11-10 13:06:45.105  3646  3646 I PackageManager.DexOptimizer: Running dexopt (dex2oat) on: /system/priv-app/ExternalStorageProvider/ExternalStorageProvider.apk pkg=com.android.externalstorage isa=arm64 vmSafeMode=false debuggable=false target-filter=interpret-only oatDir = null sharedLibraries=null
11-10 13:06:45.120  4137  4137 I dex2oat : /system/bin/dex2oat --compiler-filter=interpret-only
11-10 13:06:45.190  4137  4137 I dex2oat : dex2oat took 69.777ms (threads: 8) arena alloc=11KB (11568B) java alloc=182KB (186984B) native alloc=1244KB (1274248B) free=1827KB (1871480B)
11-10 13:06:45.199  3646  3646 I PackageManager.DexOptimizer: Running dexopt (dex2oat) on: /system/app/HTMLViewer/HTMLViewer.apk pkg=com.android.htmlviewer isa=arm64 vmSafeMode=false debuggable=false target-filter=interpret-only oatDir = null sharedLibraries=null
11-10 13:06:45.217  4146  4146 I dex2oat : /system/bin/dex2oat --compiler-filter=interpret-only
11-10 13:06:45.295  4146  4146 I dex2oat : dex2oat took 80.382ms (threads: 8) arena alloc=9KB (10104B) java alloc=59KB (61240B) native alloc=1029KB (1054152B) free=2042KB (2091576B)
11-10 13:06:45.297  3646  3646 I PackageManager.DexOptimizer: Running dexopt (dex2oat) on: /system/priv-app/DownloadProvider/DownloadProvider.apk pkg=com.android.providers.downloads isa=arm64 vmSafeMode=false debuggable=false target-filter=interpret-only oatDir = null sharedLibraries=null
11-10 13:06:45.313  4155  4155 I dex2oat : /system/bin/dex2oat --compiler-filter=interpret-only
11-10 13:06:45.436  4155  4155 I dex2oat : dex2oat took 123.652ms (threads: 8) arena alloc=9KB (9864B) java alloc=763KB (782248B) native alloc=1230KB (1260312B) free=3MB (3982568B)
11-10 13:06:45.440  3646  3646 I PackageManager.DexOptimizer: Running dexopt (dex2oat) on: /system/app/messaging/messaging.apk pkg=com.android.messaging isa=arm64 vmSafeMode=false debuggable=false target-filter=interpret-only oatDir = null sharedLibraries=null
11-10 13:06:45.456  4164  4164 I dex2oat : /system/bin/dex2oat --compiler-filter=interpret-only
11-10 13:06:45.658  4164  4167 W dex2oat : Before Android 4.1, method int android.support.v7.widget.ListViewCompat.lookForSelectablePosition(int, boolean) would have incorrectly overridden the package-private method in android.widget.ListView
11-10 13:06:46.028  4164  4164 I dex2oat : dex2oat took 572.881ms (threads: 8) arena alloc=140KB (143576B) java alloc=6MB (7010400B) native alloc=7MB (8055400B) free=2MB (2561432B)
11-10 13:06:46.033  3646  3646 I PackageManager.DexOptimizer: Running dexopt (dex2oat) on: /system/app/Terminal/Terminal.apk pkg=com.android.terminal isa=arm64 vmSafeMode=false debuggable=false target-filter=interpret-only oatDir = null sharedLibraries=null
11-10 13:06:46.048  4173  4173 I dex2oat : /system/bin/dex2oat --compiler-filter=interpret-only
11-10 13:06:46.278  4173  4173 I dex2oat : dex2oat took 231.284ms (threads: 8) arena alloc=27KB (28656B) java alloc=1880KB (1925520B) native alloc=2MB (2831920B) free=2MB (2935248B)
11-10 13:06:46.282  3646  3646 I PackageManager.DexOptimizer: Running dexopt (dex2oat) on: /system/priv-app/AudioFX/AudioFX.apk pkg=org.cyanogenmod.audiofx isa=arm64 vmSafeMode=false debuggable=false target-filter=interpret-only oatDir = null sharedLibraries=null
11-10 13:06:46.297  4182  4182 I dex2oat : /system/bin/dex2oat --compiler-filter=interpret-only
11-10 13:06:46.592  4182  4182 I dex2oat : dex2oat took 294.696ms (threads: 8) arena alloc=31KB (32104B) java alloc=2MB (2471592B) native alloc=3MB (3751736B) free=2MB (2539720B)
11-10 13:06:46.597  3646  3646 I PackageManager.DexOptimizer: Running dexopt (dex2oat) on: /system/priv-app/LineageSetupWizard/LineageSetupWizard.apk pkg=com.cyanogenmod.setupwizard isa=arm64 vmSafeMode=false debuggable=false target-filter=interpret-only oatDir = null sharedLibraries=null
11-10 13:06:46.631  4191  4191 I dex2oat : /system/bin/dex2oat --compiler-filter=interpret-only
11-10 13:06:46.782  4191  4191 I dex2oat : dex2oat took 151.414ms (threads: 8) arena alloc=15KB (15880B) java alloc=1140KB (1167808B) native alloc=1146KB (1174056B) free=3MB (3544536B)
11-10 13:06:46.785  3646  3646 I PackageManager.DexOptimizer: Running dexopt (dex2oat) on: /system/app/DownloadProviderUi/DownloadProviderUi.apk pkg=com.android.providers.downloads.ui isa=arm64 vmSafeMode=false debuggable=false target-filter=interpret-only oatDir = null sharedLibraries=null
11-10 13:06:46.819  4200  4200 I dex2oat : /system/bin/dex2oat --compiler-filter=interpret-only
11-10 13:06:46.893  4200  4200 I dex2oat : dex2oat took 74.722ms (threads: 8) arena alloc=18KB (18800B) java alloc=150KB (153784B) native alloc=1026KB (1051272B) free=2MB (2618744B)
11-10 13:06:46.897  3646  3646 I PackageManager.DexOptimizer: Running dexopt (dex2oat) on: /system/app/PacProcessor/PacProcessor.apk pkg=com.android.pacprocessor isa=arm64 vmSafeMode=false debuggable=false target-filter=interpret-only oatDir = null sharedLibraries=null
11-10 13:06:46.930  4209  4209 I dex2oat : /system/bin/dex2oat --compiler-filter=interpret-only
11-10 13:06:47.003  4209  4209 I dex2oat : dex2oat took 72.999ms (threads: 8) arena alloc=5KB (5312B) java alloc=59KB (60512B) native alloc=990KB (1014048B) free=2MB (2131680B)
11-10 13:06:47.007  3646  3646 I PackageManager.DexOptimizer: Running dexopt (dex2oat) on: /system/app/CertInstaller/CertInstaller.apk pkg=com.android.certinstaller isa=arm64 vmSafeMode=false debuggable=false target-filter=interpret-only oatDir = null sharedLibraries=null
11-10 13:06:47.041  4218  4218 I dex2oat : /system/bin/dex2oat --compiler-filter=interpret-only
11-10 13:06:47.131  4218  4218 I dex2oat : dex2oat took 90.311ms (threads: 8) arena alloc=22KB (23072B) java alloc=242KB (248152B) native alloc=1178KB (1206648B) free=2MB (2463368B)
11-10 13:06:47.136  3646  3646 I PackageManager.DexOptimizer: Running dexopt (dex2oat) on: /system/priv-app/CarrierConfig/CarrierConfig.apk pkg=com.android.carrierconfig isa=arm64 vmSafeMode=false debuggable=false target-filter=interpret-only oatDir = null sharedLibraries=null
11-10 13:06:47.169  4227  4227 I dex2oat : /system/bin/dex2oat --compiler-filter=interpret-only
11-10 13:06:47.240  4227  4227 I dex2oat : dex2oat took 70.975ms (threads: 8) arena alloc=5KB (6088B) java alloc=46KB (48024B) native alloc=987KB (1011040B) free=1572KB (1610400B)
11-10 13:06:47.245  3646  3646 I PackageManager.DexOptimizer: Running dexopt (dex2oat) on: /system/priv-app/Contacts/Contacts.apk pkg=com.android.contacts isa=arm64 vmSafeMode=false debuggable=false target-filter=interpret-only oatDir = null sharedLibraries=null
11-10 13:06:47.278  4236  4236 I dex2oat : /system/bin/dex2oat --compiler-filter=interpret-only
11-10 13:06:47.447  4238  4238 I         : sMaxFastTracks = 8
11-10 13:06:47.447  4238  4238 I audioserver: ServiceManager: 0xf6399440
11-10 13:06:47.448  4238  4238 I AudioFlinger: Using default 3000 mSec as standby time.
11-10 13:06:47.448  4238  4238 I AudioPolicyService: AudioPolicyService CSTOR in new mode
11-10 13:06:47.449  4238  4238 I APM::ConfigParsingUtils: loadAudioPolicyConfig() loaded /vendor/etc/audio_policy.conf
11-10 13:06:47.450  4238  4238 E audio_hw_primary: voice_init: Failed to access SMI RIL Client Interface(/system/lib/libsmiril-audio.so)!
11-10 13:06:47.451  4238  4238 E audio_hw_primary: device-adev_open: Failed to init Voice Manager!
11-10 13:06:47.672  4236  4236 I dex2oat : dex2oat took 394.930ms (threads: 8) arena alloc=31KB (32336B) java alloc=3MB (4049112B) native alloc=4MB (4267296B) free=2MB (2548448B)
11-10 13:06:47.677  3646  3646 I PackageManager.DexOptimizer: Running dexopt (dex2oat) on: /system/app/Camera2/Camera2.apk pkg=com.android.camera2 isa=arm64 vmSafeMode=false debuggable=false target-filter=interpret-only oatDir = null sharedLibraries=null
11-10 13:06:47.684  4238  4238 F libc    : Fatal signal 11 (SIGSEGV), code 1, fault addr 0x0 in tid 4238 (audioserver)
11-10 13:06:47.684  3064  3064 W         : debuggerd: handling request: pid=4238 uid=1041 gid=1005 tid=4238
11-10 13:06:47.690  4250  4250 E         : debuggerd: Unable to connect to activity manager (connect failed: No such file or directory)
11-10 13:06:47.712  4249  4249 I dex2oat : /system/bin/dex2oat --compiler-filter=interpret-only
11-10 13:06:47.741  4250  4250 F DEBUG   : *** *** *** *** *** *** *** *** *** *** *** *** *** *** *** ***
11-10 13:06:47.741  4250  4250 F DEBUG   : LineageOS Version: '14.1-20171110_043127-UNOFFICIAL-dream2lte'
11-10 13:06:47.741  4250  4250 F DEBUG   : Build fingerprint: 'samsung/dream2ltexx/dream2lte:7.0/NRD90M/G955FXXU1AQH3:user/release-keys'
11-10 13:06:47.741  4250  4250 F DEBUG   : Revision: '0'
11-10 13:06:47.741  4250  4250 F DEBUG   : ABI: 'arm'
11-10 13:06:47.741  4250  4250 F DEBUG   : pid: 4238, tid: 4238, name: audioserver  >>> /system/bin/audioserver <<<
11-10 13:06:47.741  4250  4250 F DEBUG   : signal 11 (SIGSEGV), code 1 (SEGV_MAPERR), fault addr 0x0
11-10 13:06:47.741  4250  4250 F DEBUG   :     r0 00000000  r1 00000000  r2 00000000  r3 65736400
11-10 13:06:47.742  4250  4250 F DEBUG   :     r4 00000000  r5 00000000  r6 00000000  r7 f6385423
11-10 13:06:47.742  4250  4250 F DEBUG   :     r8 00000000  r9 f6394ac8  sl f63d2214  fp 00000000
11-10 13:06:47.742  4250  4250 F DEBUG   :     ip f6f93fc4  sp ffb97718  lr f6f8f981  pc f67aa6a6  cpsr 800b0030
11-10 13:06:47.746  4250  4250 F DEBUG   : 
11-10 13:06:47.746  4250  4250 F DEBUG   : backtrace:
11-10 13:06:47.746  4250  4250 F DEBUG   :     #00 pc 000466a6  /system/lib/libc.so (strtol+25)
11-10 13:06:47.747  4250  4250 F DEBUG   :     #01 pc 0000197d  /system/lib/libaudioroute.so
11-10 13:06:47.747  4250  4250 F DEBUG   :     #02 pc 000067d1  /system/lib/libexpat.so
11-10 13:06:47.747  4250  4250 F DEBUG   :     #03 pc 00005b97  /system/lib/libexpat.so
11-10 13:06:47.747  4250  4250 F DEBUG   :     #04 pc 00003f23  /system/lib/libexpat.so (XML_ParseBuffer+82)
11-10 13:06:47.748  4250  4250 F DEBUG   :     #05 pc 000015f7  /system/lib/libaudioroute.so (audio_route_init+398)
11-10 13:06:47.748  4250  4250 F DEBUG   :     #06 pc 00002c75  /system/lib/hw/audio.primary.universal8895.so
11-10 13:06:47.748  4250  4250 F DEBUG   :     #07 pc 000248cf  /system/lib/libaudioflinger.so
11-10 13:06:47.748  4250  4250 F DEBUG   :     #08 pc 0002804b  /system/lib/libaudioflinger.so
11-10 13:06:47.748  4250  4250 F DEBUG   :     #09 pc 0000baef  /system/lib/libaudiopolicyservice.so
11-10 13:06:47.748  4250  4250 F DEBUG   :     #10 pc 00024385  /system/lib/libaudiopolicymanagerdefault.so (_ZN7android18AudioPolicyManagerC1EPNS_26AudioPolicyClientInterfaceE+692)
11-10 13:06:47.748  4250  4250 F DEBUG   :     #11 pc 0000082f  /system/lib/libaudiopolicymanager.so (createAudioPolicyManager+14)
11-10 13:06:47.748  4250  4250 F DEBUG   :     #12 pc 0000603f  /system/lib/libaudiopolicyservice.so
11-10 13:06:47.748  4250  4250 F DEBUG   :     #13 pc 00001d8f  /system/bin/audioserver
11-10 13:06:47.748  4250  4250 F DEBUG   :     #14 pc 0000182b  /system/bin/audioserver
11-10 13:06:47.748  4250  4250 F DEBUG   :     #15 pc 00016c8d  /system/lib/libc.so (__libc_init+48)
11-10 13:06:47.748  4250  4250 F DEBUG   :     #16 pc 0000156c  /system/bin/audioserver
11-10 13:06:47.807  4238  4238 W audioserver: type=1701 audit(0.0:127): auid=4294967295 uid=1041 gid=1005 ses=4294967295 subj=u:r:audioserver:s0 exe="/system/bin/audioserver" sig=11
11-10 13:06:47.813  3064  3064 W         : debuggerd: resuming target 4238
11-10 13:06:47.818  3145  3145 I ServiceManager: service 'media.audio_flinger' died
11-10 13:06:48.097  4249  4249 I dex2oat : dex2oat took 386.018ms (threads: 8) arena alloc=9KB (10136B) java alloc=2MB (2782744B) native alloc=4MB (4355144B) free=2MB (2460600B)
11-10 13:06:48.102  3646  3646 I PackageManager.DexOptimizer: Running dexopt (dex2oat) on: /system/priv-app/Recorder/Recorder.apk pkg=org.lineageos.recorder isa=arm64 vmSafeMode=false debuggable=false target-filter=interpret-only oatDir = null sharedLibraries=null
11-10 13:06:48.157  4264  4264 I dex2oat : /system/bin/dex2oat --compiler-filter=interpret-only
11-10 13:06:48.274  4264  4264 W dex2oat : Before Android 4.1, method android.graphics.PorterDuffColorFilter android.support.graphics.drawable.VectorDrawableCompat.updateTintFilter(android.graphics.PorterDuffColorFilter, android.content.res.ColorStateList, android.graphics.PorterDuff$Mode) would have incorrectly overridden the package-private method in android.graphics.drawable.Drawable
11-10 13:06:48.298  4264  4267 W dex2oat : Before Android 4.1, method int android.support.v7.widget.ListViewCompat.lookForSelectablePosition(int, boolean) would have incorrectly overridden the package-private method in android.widget.ListView
11-10 13:06:48.481  4264  4264 I dex2oat : dex2oat took 324.726ms (threads: 8) arena alloc=15KB (15760B) java alloc=2MB (2810192B) native alloc=2MB (2503576B) free=3MB (3263592B)
11-10 13:06:48.485  3646  3646 I PackageManager.DexOptimizer: Running dexopt (dex2oat) on: /system/app/EasterEgg/EasterEgg.apk pkg=com.android.egg isa=arm64 vmSafeMode=false debuggable=false target-filter=interpret-only oatDir = null sharedLibraries=null
11-10 13:06:48.525  4273  4273 I dex2oat : /system/bin/dex2oat --compiler-filter=interpret-only
11-10 13:06:48.663  4273  4280 W dex2oat : Before Android 4.1, method double java.util.concurrent.ThreadLocalRandom.internalNextDouble(double, double) would have incorrectly overridden the package-private method in java.util.Random
11-10 13:06:48.663  4273  4280 W dex2oat : Before Android 4.1, method int java.util.concurrent.ThreadLocalRandom.internalNextInt(int, int) would have incorrectly overridden the package-private method in java.util.Random
11-10 13:06:48.663  4273  4280 W dex2oat : Before Android 4.1, method long java.util.concurrent.ThreadLocalRandom.internalNextLong(long, long) would have incorrectly overridden the package-private method in java.util.Random
11-10 13:06:48.766  4273  4273 I dex2oat : dex2oat took 241.584ms (threads: 8) arena alloc=10KB (10888B) java alloc=575KB (588808B) native alloc=1247KB (1277184B) free=2MB (2917120B)
11-10 13:06:48.773  3646  3646 I PackageManager.DexOptimizer: Running dexopt (dex2oat) on: /system/priv-app/MtpDocumentsProvider/MtpDocumentsProvider.apk pkg=com.android.mtp isa=arm64 vmSafeMode=false debuggable=false target-filter=interpret-only oatDir = null sharedLibraries=null
11-10 13:06:48.811  4282  4282 I dex2oat : /system/bin/dex2oat --compiler-filter=interpret-only
11-10 13:06:48.920  4282  4282 I dex2oat : dex2oat took 110.789ms (threads: 8) arena alloc=14KB (15128B) java alloc=207KB (211968B) native alloc=1239KB (1269360B) free=2MB (2400656B)
11-10 13:06:48.927  3646  3646 I PackageManager.DexOptimizer: Running dexopt (dex2oat) on: /system/app/NfcNci/NfcNci.apk pkg=com.android.nfc isa=arm64 vmSafeMode=false debuggable=false target-filter=interpret-only oatDir = null sharedLibraries=null
11-10 13:06:48.974  4291  4291 I dex2oat : /system/bin/dex2oat --compiler-filter=interpret-only
11-10 13:06:49.394  4291  4291 I dex2oat : dex2oat took 420.782ms (threads: 8) arena alloc=23KB (24552B) java alloc=2MB (2114040B) native alloc=3MB (3210816B) free=4MB (4653504B)
11-10 13:06:49.399  3646  3646 I PackageManager.DexOptimizer: Running dexopt (dex2oat) on: /system/app/Stk/Stk.apk pkg=com.android.stk isa=arm64 vmSafeMode=false debuggable=false target-filter=interpret-only oatDir = null sharedLibraries=null
11-10 13:06:49.436  4300  4300 I dex2oat : /system/bin/dex2oat --compiler-filter=interpret-only
11-10 13:06:49.539  4300  4300 I dex2oat : dex2oat took 104.259ms (threads: 8) arena alloc=19KB (20368B) java alloc=284KB (291624B) native alloc=1232KB (1262320B) free=3MB (3456272B)
11-10 13:06:49.545  3646  3646 I PackageManager.DexOptimizer: Running dexopt (dex2oat) on: /system/priv-app/BackupRestoreConfirmation/BackupRestoreConfirmation.apk pkg=com.android.backupconfirm isa=arm64 vmSafeMode=false debuggable=false target-filter=interpret-only oatDir = null sharedLibraries=null
11-10 13:06:49.587  4309  4309 I dex2oat : /system/bin/dex2oat --compiler-filter=interpret-only
11-10 13:06:49.690  4309  4309 I dex2oat : dex2oat took 104.243ms (threads: 8) arena alloc=14KB (14544B) java alloc=118KB (121576B) native alloc=1026KB (1051608B) free=2MB (2618408B)
11-10 13:06:49.696  3646  3646 I PackageManager.DexOptimizer: Running dexopt (dex2oat) on: /system/app/Profiles/Profiles.apk pkg=org.cyanogenmod.profiles isa=arm64 vmSafeMode=false debuggable=false target-filter=interpret-only oatDir = null sharedLibraries=null
11-10 13:06:49.738  4318  4318 I dex2oat : /system/bin/dex2oat --compiler-filter=interpret-only
11-10 13:06:49.860  4318  4318 I dex2oat : dex2oat took 122.387ms (threads: 8) arena alloc=12KB (13064B) java alloc=286KB (293336B) native alloc=1369KB (1402496B) free=2MB (2267520B)
11-10 13:06:49.866  3646  3646 I PackageManager.DexOptimizer: Running dexopt (dex2oat) on: /system/app/LockClock/LockClock.apk pkg=com.cyanogenmod.lockclock isa=arm64 vmSafeMode=false debuggable=false target-filter=interpret-only oatDir = null sharedLibraries=null
11-10 13:06:49.915  4327  4327 I dex2oat : /system/bin/dex2oat --compiler-filter=interpret-only
11-10 13:06:50.118  4327  4327 I dex2oat : dex2oat took 204.168ms (threads: 8) arena alloc=25KB (26232B) java alloc=651KB (666808B) native alloc=1140KB (1167528B) free=3MB (4075352B)
11-10 13:06:50.125  3646  3646 I PackageManager.DexOptimizer: Running dexopt (dex2oat) on: /system/priv-app/StatementService/StatementService.apk pkg=com.android.statementservice isa=arm64 vmSafeMode=false debuggable=false target-filter=interpret-only oatDir = null sharedLibraries=null
11-10 13:06:50.164  4336  4336 I dex2oat : /system/bin/dex2oat --compiler-filter=interpret-only
11-10 13:06:50.266  4336  4336 I dex2oat : dex2oat took 102.781ms (threads: 8) arena alloc=8KB (8328B) java alloc=176KB (181128B) native alloc=1289KB (1320616B) free=2MB (2873688B)
11-10 13:06:50.273  3646  3646 I PackageManager.DexOptimizer: Running dexopt (dex2oat) on: /system/app/AdvancedDisplay/AdvancedDisplay.apk pkg=com.cyanogenmod.settings.device isa=arm64 vmSafeMode=false debuggable=false target-filter=interpret-only oatDir = null sharedLibraries=null
11-10 13:06:50.311  4345  4345 I dex2oat : /system/bin/dex2oat --compiler-filter=interpret-only
11-10 13:06:50.434  4345  4345 W dex2oat : Before Android 4.1, method android.graphics.PorterDuffColorFilter android.support.graphics.drawable.VectorDrawableCompat.updateTintFilter(android.graphics.PorterDuffColorFilter, android.content.res.ColorStateList, android.graphics.PorterDuff$Mode) would have incorrectly overridden the package-private method in android.graphics.drawable.Drawable
11-10 13:06:50.508  4345  4345 W dex2oat : Before Android 4.1, method int android.support.v7.widget.ListViewCompat.lookForSelectablePosition(int, boolean) would have incorrectly overridden the package-private method in android.widget.ListView
11-10 13:06:50.724  4345  4345 I dex2oat : dex2oat took 414.490ms (threads: 8) arena alloc=22KB (23320B) java alloc=2MB (2790040B) native alloc=2MB (2602216B) free=3MB (3164952B)
11-10 13:06:50.729  3646  3646 I PackageManager.DexOptimizer: Running dexopt (dex2oat) on: /system/priv-app/CMAudioService/CMAudioService.apk pkg=org.cyanogenmod.cmaudio.service isa=arm64 vmSafeMode=false debuggable=false target-filter=interpret-only oatDir = null sharedLibraries=null
11-10 13:06:50.782  4354  4354 I dex2oat : /system/bin/dex2oat --compiler-filter=interpret-only
11-10 13:06:50.955  4354  4354 I dex2oat : dex2oat took 173.811ms (threads: 8) arena alloc=12KB (13288B) java alloc=635KB (650288B) native alloc=1167KB (1195800B) free=3MB (3522792B)
11-10 13:06:50.963  3646  3646 I PackageManager.DexOptimizer: Running dexopt (dex2oat) on: /system/app/Calendar/Calendar.apk pkg=com.android.calendar isa=arm64 vmSafeMode=false debuggable=false target-filter=interpret-only oatDir = null sharedLibraries=null
11-10 13:06:51.005  4363  4363 I dex2oat : /system/bin/dex2oat --compiler-filter=interpret-only
11-10 13:06:51.359  4363  4363 I dex2oat : dex2oat took 354.602ms (threads: 8) arena alloc=24KB (24688B) java alloc=2MB (2642976B) native alloc=2MB (2287096B) free=3MB (3480072B)
11-10 13:06:51.364  3646  3646 I PackageManager.DexOptimizer: Running dexopt (dex2oat) on: /system/priv-app/SharedStorageBackup/SharedStorageBackup.apk pkg=com.android.sharedstoragebackup isa=arm64 vmSafeMode=false debuggable=false target-filter=interpret-only oatDir = null sharedLibraries=null
11-10 13:06:51.404  4372  4372 I dex2oat : /system/bin/dex2oat --compiler-filter=interpret-only
11-10 13:06:51.489  4372  4372 I dex2oat : dex2oat took 85.979ms (threads: 8) arena alloc=16KB (16624B) java alloc=76KB (78464B) native alloc=999KB (1023848B) free=1560KB (1597592B)
11-10 13:06:51.496  3646  3646 I PackageManager.DexOptimizer: Running dexopt (dex2oat) on: /system/app/PrintSpooler/PrintSpooler.apk pkg=com.android.printspooler isa=arm64 vmSafeMode=false debuggable=false target-filter=interpret-only oatDir = null sharedLibraries=null
11-10 13:06:51.540  4381  4381 I dex2oat : /system/bin/dex2oat --compiler-filter=interpret-only
11-10 13:06:51.753  4381  4381 I dex2oat : dex2oat took 213.683ms (threads: 8) arena alloc=86KB (88768B) java alloc=872KB (892960B) native alloc=1285KB (1316312B) free=4MB (4975144B)
11-10 13:06:51.756  3646  3646 I PackageManager.DexOptimizer: Running dexopt (dex2oat) on: /system/app/BasicDreams/BasicDreams.apk pkg=com.android.dreams.basic isa=arm64 vmSafeMode=false debuggable=false target-filter=interpret-only oatDir = null sharedLibraries=null
11-10 13:06:51.793  4390  4390 I dex2oat : /system/bin/dex2oat --compiler-filter=interpret-only
11-10 13:06:51.891  4390  4390 I dex2oat : dex2oat took 98.959ms (threads: 8) arena alloc=7KB (7256B) java alloc=110KB (112704B) native alloc=1053KB (1078704B) free=2018KB (2067024B)
11-10 13:06:51.896  3646  3646 I PackageManager.DexOptimizer: Running dexopt (dex2oat) on: /system/app/webview/webview.apk pkg=com.android.webview isa=arm vmSafeMode=false debuggable=false target-filter=interpret-only oatDir = null sharedLibraries=null
11-10 13:06:51.929  4400  4400 I dex2oat : /system/bin/dex2oat --compiler-filter=interpret-only
11-10 13:06:51.932  4392  4392 I         : sMaxFastTracks = 8
11-10 13:06:51.933  4392  4392 I audioserver: ServiceManager: 0xf6619440
11-10 13:06:51.933  4392  4392 I AudioFlinger: Using default 3000 mSec as standby time.
11-10 13:06:51.933  4392  4392 I AudioPolicyService: AudioPolicyService CSTOR in new mode
11-10 13:06:51.934  4392  4392 I APM::ConfigParsingUtils: loadAudioPolicyConfig() loaded /vendor/etc/audio_policy.conf
11-10 13:06:51.935  4392  4392 E audio_hw_primary: voice_init: Failed to access SMI RIL Client Interface(/system/lib/libsmiril-audio.so)!
11-10 13:06:51.935  4392  4392 E audio_hw_primary: device-adev_open: Failed to init Voice Manager!
11-10 13:06:52.153  4392  4392 F libc    : Fatal signal 11 (SIGSEGV), code 1, fault addr 0x0 in tid 4392 (audioserver)
11-10 13:06:52.153  3064  3064 W         : debuggerd: handling request: pid=4392 uid=1041 gid=1005 tid=4392
11-10 13:06:52.166  4412  4412 E         : debuggerd: Unable to connect to activity manager (connect failed: No such file or directory)
11-10 13:06:52.216  4412  4412 F DEBUG   : *** *** *** *** *** *** *** *** *** *** *** *** *** *** *** ***
11-10 13:06:52.217  4412  4412 F DEBUG   : LineageOS Version: '14.1-20171110_043127-UNOFFICIAL-dream2lte'
11-10 13:06:52.217  4412  4412 F DEBUG   : Build fingerprint: 'samsung/dream2ltexx/dream2lte:7.0/NRD90M/G955FXXU1AQH3:user/release-keys'
11-10 13:06:52.217  4412  4412 F DEBUG   : Revision: '0'
11-10 13:06:52.217  4412  4412 F DEBUG   : ABI: 'arm'
11-10 13:06:52.217  4412  4412 F DEBUG   : pid: 4392, tid: 4392, name: audioserver  >>> /system/bin/audioserver <<<
11-10 13:06:52.217  4412  4412 F DEBUG   : signal 11 (SIGSEGV), code 1 (SEGV_MAPERR), fault addr 0x0
11-10 13:06:52.217  4412  4412 F DEBUG   :     r0 00000000  r1 00000000  r2 00000000  r3 65736400
11-10 13:06:52.217  4412  4412 F DEBUG   :     r4 00000000  r5 00000000  r6 00000000  r7 f6605423
11-10 13:06:52.217  4412  4412 F DEBUG   :     r8 00000000  r9 f6614ac8  sl f6652214  fp 00000000
11-10 13:06:52.217  4412  4412 F DEBUG   :     ip f7229fc4  sp fff79d98  lr f7225981  pc f6ad76a6  cpsr 800b0030
11-10 13:06:52.224  4412  4412 F DEBUG   : 
11-10 13:06:52.224  4412  4412 F DEBUG   : backtrace:
11-10 13:06:52.224  4412  4412 F DEBUG   :     #00 pc 000466a6  /system/lib/libc.so (strtol+25)
11-10 13:06:52.224  4412  4412 F DEBUG   :     #01 pc 0000197d  /system/lib/libaudioroute.so
11-10 13:06:52.224  4412  4412 F DEBUG   :     #02 pc 000067d1  /system/lib/libexpat.so
11-10 13:06:52.224  4412  4412 F DEBUG   :     #03 pc 00005b97  /system/lib/libexpat.so
11-10 13:06:52.224  4412  4412 F DEBUG   :     #04 pc 00003f23  /system/lib/libexpat.so (XML_ParseBuffer+82)
11-10 13:06:52.224  4412  4412 F DEBUG   :     #05 pc 000015f7  /system/lib/libaudioroute.so (audio_route_init+398)
11-10 13:06:52.225  4412  4412 F DEBUG   :     #06 pc 00002c75  /system/lib/hw/audio.primary.universal8895.so
11-10 13:06:52.225  4412  4412 F DEBUG   :     #07 pc 000248cf  /system/lib/libaudioflinger.so
11-10 13:06:52.225  4412  4412 F DEBUG   :     #08 pc 0002804b  /system/lib/libaudioflinger.so
11-10 13:06:52.225  4412  4412 F DEBUG   :     #09 pc 0000baef  /system/lib/libaudiopolicyservice.so
11-10 13:06:52.225  4412  4412 F DEBUG   :     #10 pc 00024385  /system/lib/libaudiopolicymanagerdefault.so (_ZN7android18AudioPolicyManagerC1EPNS_26AudioPolicyClientInterfaceE+692)
11-10 13:06:52.225  4412  4412 F DEBUG   :     #11 pc 0000082f  /system/lib/libaudiopolicymanager.so (createAudioPolicyManager+14)
11-10 13:06:52.225  4412  4412 F DEBUG   :     #12 pc 0000603f  /system/lib/libaudiopolicyservice.so
11-10 13:06:52.225  4412  4412 F DEBUG   :     #13 pc 00001d8f  /system/bin/audioserver
11-10 13:06:52.225  4412  4412 F DEBUG   :     #14 pc 0000182b  /system/bin/audioserver
11-10 13:06:52.225  4412  4412 F DEBUG   :     #15 pc 00016c8d  /system/lib/libc.so (__libc_init+48)
11-10 13:06:52.225  4412  4412 F DEBUG   :     #16 pc 0000156c  /system/bin/audioserver
11-10 13:06:52.275  4392  4392 W audioserver: type=1701 audit(0.0:128): auid=4294967295 uid=1041 gid=1005 ses=4294967295 subj=u:r:audioserver:s0 exe="/system/bin/audioserver" sig=11
11-10 13:06:52.283  3064  3064 W         : debuggerd: resuming target 4392
11-10 13:06:52.284  3145  3145 I ServiceManager: service 'media.audio_flinger' died
11-10 13:06:52.384  4400  4400 I dex2oat : dex2oat took 454.789ms (threads: 8) arena alloc=22KB (23096B) java alloc=2MB (2376264B) native alloc=3MB (3659264B) free=5MB (5253632B)
11-10 13:06:52.388  3646  3646 I PackageManager.DexOptimizer: Running dexopt (dex2oat) on: /system/app/webview/webview.apk pkg=com.android.webview isa=arm64 vmSafeMode=false debuggable=false target-filter=interpret-only oatDir = null sharedLibraries=null
11-10 13:06:52.421  4417  4417 I dex2oat : /system/bin/dex2oat --compiler-filter=interpret-only
11-10 13:06:52.808  4417  4417 I dex2oat : dex2oat took 387.167ms (threads: 8) arena alloc=12KB (13184B) java alloc=3MB (3544600B) native alloc=4MB (4462000B) free=6MB (6548048B)
11-10 13:06:52.813  3646  3646 I PackageManager.DexOptimizer: Running dexopt (dex2oat) on: /system/priv-app/CellBroadcastReceiver/CellBroadcastReceiver.apk pkg=com.android.cellbroadcastreceiver isa=arm64 vmSafeMode=false debuggable=false target-filter=interpret-only oatDir = null sharedLibraries=null
11-10 13:06:52.874  4426  4426 I dex2oat : /system/bin/dex2oat --compiler-filter=interpret-only
11-10 13:06:53.004  4426  4426 I dex2oat : dex2oat took 130.490ms (threads: 8) arena alloc=58KB (59936B) java alloc=494KB (506088B) native alloc=1331KB (1363208B) free=3MB (3355384B)
11-10 13:06:53.011  3646  3646 I PackageManager.DexOptimizer: Running dexopt (dex2oat) on: /system/priv-app/OneTimeInitializer/OneTimeInitializer.apk pkg=com.android.onetimeinitializer isa=arm64 vmSafeMode=false debuggable=false target-filter=interpret-only oatDir = null sharedLibraries=null
11-10 13:06:53.060  4435  4435 I dex2oat : /system/bin/dex2oat --compiler-filter=interpret-only
11-10 13:06:53.171  4435  4435 I dex2oat : dex2oat took 111.996ms (threads: 8) arena alloc=28KB (29416B) java alloc=148KB (151896B) native alloc=1198KB (1227376B) free=3MB (3491216B)
