09-26 16:30:59.733  5504  6053 W MediaProvider: Missing volume for /system/media/audio/ringtones/CASSIOPEIA.ogg; assuming invalid
09-26 16:30:59.735  5504  6053 W MediaProvider: Missing volume for /system/media/audio/ringtones/Cairo.ogg; assuming invalid
09-26 16:30:59.739  5504  6053 W MediaProvider: Missing volume for /system/media/audio/ringtones/Callisto.ogg; assuming invalid
09-26 16:30:59.741  5504  6053 W MediaProvider: Missing volume for /system/media/audio/ringtones/Calypso_Steel.ogg; assuming invalid
09-26 16:30:59.745  5504  6053 W MediaProvider: Missing volume for /system/media/audio/ringtones/CanisMajor.ogg; assuming invalid
09-26 16:30:59.747  5504  6053 W MediaProvider: Missing volume for /system/media/audio/ringtones/CaribbeanIce.ogg; assuming invalid
09-26 16:30:59.751  5504  6053 W MediaProvider: Missing volume for /system/media/audio/ringtones/Carina.ogg; assuming invalid
09-26 16:30:59.754  5504  6053 W MediaProvider: Missing volume for /system/media/audio/ringtones/Centaurus.ogg; assuming invalid
09-26 16:30:59.757  5504  6053 W MediaProvider: Missing volume for /system/media/audio/ringtones/Champagne_Edition.ogg; assuming invalid
09-26 16:30:59.759  5504  6053 W MediaProvider: Missing volume for /system/media/audio/ringtones/Club_Cubano.ogg; assuming invalid
09-26 16:30:59.762  5504  6053 W MediaProvider: Missing volume for /system/media/audio/ringtones/CrayonRock.ogg; assuming invalid
09-26 16:30:59.764  5504  6053 W MediaProvider: Missing volume for /system/media/audio/ringtones/CrazyDream.ogg; assuming invalid
09-26 16:30:59.767  5504  6053 W MediaProvider: Missing volume for /system/media/audio/ringtones/CurveBall.ogg; assuming invalid
09-26 16:30:59.770  5504  6053 W MediaProvider: Missing volume for /system/media/audio/ringtones/CyanTone.ogg; assuming invalid
09-26 16:30:59.774  5504  6053 W MediaProvider: Missing volume for /system/media/audio/ringtones/Cygnus.ogg; assuming invalid
09-26 16:30:59.776  5504  6053 W MediaProvider: Missing volume for /system/media/audio/ringtones/DancinFool.ogg; assuming invalid
09-26 16:30:59.780  5504  6053 W MediaProvider: Missing volume for /system/media/audio/ringtones/Dione.ogg; assuming invalid
09-26 16:30:59.782  5504  6053 W MediaProvider: Missing volume for /system/media/audio/ringtones/DonMessWivIt.ogg; assuming invalid
09-26 16:30:59.786  5504  6053 W MediaProvider: Missing volume for /system/media/audio/ringtones/Draco.ogg; assuming invalid
09-26 16:30:59.788  5504  6053 W MediaProvider: Missing volume for /system/media/audio/ringtones/DreamTheme.ogg; assuming invalid
09-26 16:30:59.791  5504  6053 W MediaProvider: Missing volume for /system/media/audio/ringtones/Eastern_Sky.ogg; assuming invalid
09-26 16:30:59.793  5504  6053 W MediaProvider: Missing volume for /system/media/audio/ringtones/Enter_the_Nexus.ogg; assuming invalid
09-26 16:30:59.796  5504  6053 W MediaProvider: Missing volume for /system/media/audio/ringtones/Eridani.ogg; assuming invalid
09-26 16:30:59.799  5504  6053 W MediaProvider: Missing volume for /system/media/audio/ringtones/EtherShake.ogg; assuming invalid
09-26 16:30:59.801  5504  6053 W MediaProvider: Missing volume for /system/media/audio/ringtones/FreeFlight.ogg; assuming invalid
09-26 16:30:59.803  5504  6053 W MediaProvider: Missing volume for /system/media/audio/ringtones/FriendlyGhost.ogg; assuming invalid
09-26 16:30:59.806  5504  6053 W MediaProvider: Missing volume for /system/media/audio/ringtones/Funk_Yall.ogg; assuming invalid
09-26 16:30:59.808  5504  6053 W MediaProvider: Missing volume for /system/media/audio/ringtones/GameOverGuitar.ogg; assuming invalid
09-26 16:30:59.812  5504  6053 W MediaProvider: Missing volume for /system/media/audio/ringtones/Ganymede.ogg; assuming invalid
09-26 16:30:59.815  5504  6053 W MediaProvider: Missing volume for /system/media/audio/ringtones/Gimme_Mo_Town.ogg; assuming invalid
09-26 16:30:59.818  5504  6053 W MediaProvider: Missing volume for /system/media/audio/ringtones/Girtab.ogg; assuming invalid
09-26 16:30:59.821  5504  6053 W MediaProvider: Missing volume for /system/media/audio/ringtones/Glacial_Groove.ogg; assuming invalid
09-26 16:30:59.823  5504  6053 W MediaProvider: Missing volume for /system/media/audio/ringtones/Growl.ogg; assuming invalid
09-26 16:30:59.825  5504  6053 W MediaProvider: Missing volume for /system/media/audio/ringtones/HalfwayHome.ogg; assuming invalid
09-26 16:30:59.829  5504  6053 W MediaProvider: Missing volume for /system/media/audio/ringtones/Highscore.ogg; assuming invalid
09-26 16:30:59.832  5504  6053 W MediaProvider: Missing volume for /system/media/audio/ringtones/Hydra.ogg; assuming invalid
09-26 16:30:59.835  5504  6053 W MediaProvider: Missing volume for /system/media/audio/ringtones/InsertCoin.ogg; assuming invalid
09-26 16:30:59.838  5504  6053 W MediaProvider: Missing volume for /system/media/audio/ringtones/Kuma.ogg; assuming invalid
09-26 16:30:59.840  5504  6053 W MediaProvider: Missing volume for /system/media/audio/ringtones/LoopyLounge.ogg; assuming invalid
09-26 16:30:59.843  5504  6053 W MediaProvider: Missing volume for /system/media/audio/ringtones/LoveFlute.ogg; assuming invalid
09-26 16:30:59.846  5504  6053 W MediaProvider: Missing volume for /system/media/audio/ringtones/Luna.ogg; assuming invalid
09-26 16:30:59.849  5504  6053 W MediaProvider: Missing volume for /system/media/audio/ringtones/Lyon.ogg; assuming invalid
09-26 16:30:59.852  5504  6053 W MediaProvider: Missing volume for /system/media/audio/ringtones/Lyra.ogg; assuming invalid
09-26 16:30:59.855  5504  6053 W MediaProvider: Missing volume for /system/media/audio/ringtones/Machina.ogg; assuming invalid
09-26 16:30:59.858  5504  6053 W MediaProvider: Missing volume for /system/media/audio/ringtones/MidEvilJaunt.ogg; assuming invalid
09-26 16:30:59.860  5504  6053 W MediaProvider: Missing volume for /system/media/audio/ringtones/Nairobi.ogg; assuming invalid
09-26 16:30:59.862  5504  6053 W MediaProvider: Missing volume for /system/media/audio/ringtones/Nassau.ogg; assuming invalid
09-26 16:30:59.865  5504  6053 W MediaProvider: Missing volume for /system/media/audio/ringtones/NewPlayer.ogg; assuming invalid
09-26 16:30:59.867  5504  6053 W MediaProvider: Missing volume for /system/media/audio/ringtones/No_Limits.ogg; assuming invalid
09-26 16:30:59.869  5504  6053 W MediaProvider: Missing volume for /system/media/audio/ringtones/Noises2.ogg; assuming invalid
09-26 16:30:59.872  5504  6053 W MediaProvider: Missing volume for /system/media/audio/ringtones/Noises3.ogg; assuming invalid
09-26 16:30:59.875  5504  6053 W MediaProvider: Missing volume for /system/media/audio/ringtones/Oberon.ogg; assuming invalid
09-26 16:30:59.878  5504  6053 W MediaProvider: Missing volume for /system/media/audio/ringtones/OrganDub.ogg; assuming invalid
09-26 16:30:59.887  5504  6053 W MediaProvider: Missing volume for /system/media/audio/ringtones/Orion.ogg; assuming invalid
09-26 16:30:59.914  5504  6053 I MediaScanner: forcing rescan of /system/media/audio/ringtones/Paradise_Island.ogg since build fingerprint changed
09-26 16:30:59.946  5504  6053 I MediaScanner: forcing rescan of /system/media/audio/ringtones/Pegasus.ogg since build fingerprint changed
09-26 16:30:59.990  5504  6053 I MediaScanner: forcing rescan of /system/media/audio/ringtones/Perseus.ogg since build fingerprint changed
09-26 16:31:00.049  5504  6053 I MediaScanner: forcing rescan of /system/media/audio/ringtones/Phobos.ogg since build fingerprint changed
09-26 16:31:00.089  5504  6053 I MediaScanner: forcing rescan of /system/media/audio/ringtones/Playa.ogg since build fingerprint changed
09-26 16:31:00.118  5504  6053 I MediaScanner: forcing rescan of /system/media/audio/ringtones/PyxisMaterial.ogg since build fingerprint changed
09-26 16:31:00.178  5504  6053 I MediaScanner: forcing rescan of /system/media/audio/ringtones/Rasalas.ogg since build fingerprint changed
09-26 16:31:00.222  5504  6053 I MediaScanner: forcing rescan of /system/media/audio/ringtones/Revelation.ogg since build fingerprint changed
09-26 16:31:00.250  5504  6053 I MediaScanner: forcing rescan of /system/media/audio/ringtones/Rigel.ogg since build fingerprint changed
09-26 16:31:00.279  5504  6053 I MediaScanner: forcing rescan of /system/media/audio/ringtones/Ring_Classic_02.ogg since build fingerprint changed
09-26 16:31:00.305  5504  6053 I MediaScanner: forcing rescan of /system/media/audio/ringtones/Ring_Digital_02.ogg since build fingerprint changed
09-26 16:31:00.322  5504  6053 I MediaScanner: forcing rescan of /system/media/audio/ringtones/Ring_Synth_02.ogg since build fingerprint changed
09-26 16:31:00.346  5504  6053 I MediaScanner: forcing rescan of /system/media/audio/ringtones/Ring_Synth_04.ogg since build fingerprint changed
09-26 16:31:00.369  5504  6053 I MediaScanner: forcing rescan of /system/media/audio/ringtones/Road_Trip.ogg since build fingerprint changed
09-26 16:31:00.394  5504  6053 I MediaScanner: forcing rescan of /system/media/audio/ringtones/Rockin.ogg since build fingerprint changed
09-26 16:31:00.440  5504  6053 I MediaScanner: forcing rescan of /system/media/audio/ringtones/RomancingTheTone.ogg since build fingerprint changed
09-26 16:31:00.463  5504  6053 I MediaScanner: forcing rescan of /system/media/audio/ringtones/Safari.ogg since build fingerprint changed
09-26 16:31:00.489  5504  6053 I MediaScanner: forcing rescan of /system/media/audio/ringtones/Savannah.ogg since build fingerprint changed
09-26 16:31:00.514  5504  6053 I MediaScanner: forcing rescan of /system/media/audio/ringtones/Scarabaeus.ogg since build fingerprint changed
09-26 16:31:00.552  5504  6053 I MediaScanner: forcing rescan of /system/media/audio/ringtones/Sceptrum.ogg since build fingerprint changed
09-26 16:31:00.594  5504  6053 I MediaScanner: forcing rescan of /system/media/audio/ringtones/Sedna.ogg since build fingerprint changed
09-26 16:31:00.637  5504  6053 I MediaScanner: forcing rescan of /system/media/audio/ringtones/Seville.ogg since build fingerprint changed
09-26 16:31:00.659  5504  6053 I MediaScanner: forcing rescan of /system/media/audio/ringtones/Sheep.mp3 since build fingerprint changed
09-26 16:31:00.663  3193  4901 I FFmpegExtractor: android-source:0xf3b7ae00
09-26 16:31:00.683  3193  4901 I FFMPEG  : [mp3 @ 0xf6862e00] Skipping 0 bytes of junk at 431.
09-26 16:31:00.684  3193  4901 D FFmpegExtractor: supported codec (mp3) by official Stagefright
09-26 16:31:00.684  3193  4901 D FFmpegExtractor: ffmpeg detected media content as 'audio/mpeg' with confidence 0.08
09-26 16:31:00.691  5504  6053 I MediaScanner: forcing rescan of /system/media/audio/ringtones/Shes_All_That.ogg since build fingerprint changed
09-26 16:31:00.712  5504  6053 I MediaScanner: forcing rescan of /system/media/audio/ringtones/SilkyWay.ogg since build fingerprint changed
09-26 16:31:00.738  5504  6053 I MediaScanner: forcing rescan of /system/media/audio/ringtones/SitarVsSitar.ogg since build fingerprint changed
09-26 16:31:00.751  5504  6053 I MediaScanner: forcing rescan of /system/media/audio/ringtones/Solarium.ogg since build fingerprint changed
09-26 16:31:00.771  5504  6053 I MediaScanner: forcing rescan of /system/media/audio/ringtones/SpringyJalopy.ogg since build fingerprint changed
09-26 16:31:00.780  5918  6147 I GlobalDismissManager: no sender configured
09-26 16:31:00.781  5918  6147 D AlertService: Beginning updateAlertNotification
09-26 16:31:00.784  5504  6053 I MediaScanner: forcing rescan of /system/media/audio/ringtones/Steppin_Out.ogg since build fingerprint changed
09-26 16:31:00.793  5918  6147 D AlertService: No fired or scheduled alerts
09-26 16:31:00.800  5918  6147 D AlertService: Scheduling next alarm with AlarmScheduler. sEventReminderReceived: null
09-26 16:31:00.808  5504  6053 I MediaScanner: forcing rescan of /system/media/audio/ringtones/Terminated.ogg since build fingerprint changed
09-26 16:31:00.809  5918  6147 D AlarmScheduler: No events found starting within 1 week.
09-26 16:31:00.824  5504  6053 I MediaScanner: forcing rescan of /system/media/audio/ringtones/Testudo.ogg since build fingerprint changed
09-26 16:31:00.841  5504  6053 I MediaScanner: forcing rescan of /system/media/audio/ringtones/Themos.ogg since build fingerprint changed
09-26 16:31:00.854  3658  5231 I GnssLocationProvider: WakeLock acquired by sendMessage(11, 0, null)
09-26 16:31:00.854  3182  3182 D gpsd    : WakeLock(Acquire,GPSD)
09-26 16:31:00.854  3658  5231 I GnssLocationProvider: WakeLock released by handleDownloadXtraData()
09-26 16:31:00.854  3658  3719 I GnssLocationProvider: WakeLock released by handleMessage(11, 0, null)
09-26 16:31:00.854  3182  3182 D gpsd    : WakeLock(Release,GPSD)
09-26 16:31:00.855  3182  3182 D gpsd    : WakeLock(Acquire,GPSD)
09-26 16:31:00.855  3182  3182 D gpsd    : WakeLock(Release,GPSD)
09-26 16:31:00.869  5504  6053 I MediaScanner: forcing rescan of /system/media/audio/ringtones/Third_Eye.ogg since build fingerprint changed
09-26 16:31:00.883  5504  6053 I MediaScanner: forcing rescan of /system/media/audio/ringtones/Thunderfoot.ogg since build fingerprint changed
09-26 16:31:00.897  5504  6053 I MediaScanner: forcing rescan of /system/media/audio/ringtones/Titania.ogg since build fingerprint changed
09-26 16:31:00.927  5504  6053 I MediaScanner: forcing rescan of /system/media/audio/ringtones/Triton.ogg since build fingerprint changed
09-26 16:31:00.956  5504  6053 I MediaScanner: forcing rescan of /system/media/audio/ringtones/TwirlAway.ogg since build fingerprint changed
09-26 16:31:00.969  5504  6053 I MediaScanner: forcing rescan of /system/media/audio/ringtones/Umbriel.ogg since build fingerprint changed
09-26 16:31:00.993  5504  6053 I MediaScanner: forcing rescan of /system/media/audio/ringtones/UrsaMinor.ogg since build fingerprint changed
09-26 16:31:01.016  5504  6053 I MediaScanner: forcing rescan of /system/media/audio/ringtones/VeryAlarmed.ogg since build fingerprint changed
09-26 16:31:01.029  5504  6053 I MediaScanner: forcing rescan of /system/media/audio/ringtones/Vespa.ogg since build fingerprint changed
09-26 16:31:01.042  5504  6053 I MediaScanner: forcing rescan of /system/media/audio/ringtones/World.ogg since build fingerprint changed
09-26 16:31:01.058  5504  6053 I MediaScanner: forcing rescan of /system/media/audio/ringtones/Yukaay.ogg since build fingerprint changed
09-26 16:31:01.091  5504  6053 I MediaScanner: forcing rescan of /system/media/audio/ringtones/Zeta.ogg since build fingerprint changed
09-26 16:31:01.499  5504  6053 W MediaScanner: Error opening directory '/oem/media/', skipping: No such file or directory.
09-26 16:31:01.502  5504  6053 W MediaProvider: Missing volume for /system/media/audio/ui; assuming invalid
09-26 16:31:01.514  5504  6053 W MediaProvider: Missing volume for /system/media/bootanimation.zip; assuming invalid
09-26 16:31:01.523  5504  6053 W MediaProvider: Missing volume for /system/media/audio/ringtones/Paradise_Island.ogg; assuming invalid
09-26 16:31:01.530  5504  6053 W MediaProvider: Missing volume for /system/media/audio/ringtones/Pegasus.ogg; assuming invalid
09-26 16:31:01.537  5504  6053 W MediaProvider: Missing volume for /system/media/audio/ringtones/Perseus.ogg; assuming invalid
09-26 16:31:01.545  5504  6053 W MediaProvider: Missing volume for /system/media/audio/ringtones/Phobos.ogg; assuming invalid
09-26 16:31:01.550  5504  6053 W MediaProvider: Missing volume for /system/media/audio/ringtones/Playa.ogg; assuming invalid
09-26 16:31:01.557  5504  6053 W MediaProvider: Missing volume for /system/media/audio/ringtones/PyxisMaterial.ogg; assuming invalid
09-26 16:31:01.565  5504  6053 W MediaProvider: Missing volume for /system/media/audio/ringtones/Rasalas.ogg; assuming invalid
09-26 16:31:01.570  5504  6053 W MediaProvider: Missing volume for /system/media/audio/ringtones/Revelation.ogg; assuming invalid
09-26 16:31:01.577  5504  6053 W MediaProvider: Missing volume for /system/media/audio/ringtones/Rigel.ogg; assuming invalid
09-26 16:31:01.584  5504  6053 W MediaProvider: Missing volume for /system/media/audio/ringtones/Ring_Classic_02.ogg; assuming invalid
09-26 16:31:01.591  5504  6053 W MediaProvider: Missing volume for /system/media/audio/ringtones/Ring_Digital_02.ogg; assuming invalid
09-26 16:31:01.598  5504  6053 W MediaProvider: Missing volume for /system/media/audio/ringtones/Ring_Synth_02.ogg; assuming invalid
09-26 16:31:01.606  5504  6053 W MediaProvider: Missing volume for /system/media/audio/ringtones/Ring_Synth_04.ogg; assuming invalid
09-26 16:31:01.611  5504  6053 W MediaProvider: Missing volume for /system/media/audio/ringtones/Road_Trip.ogg; assuming invalid
09-26 16:31:01.618  5504  6053 W MediaProvider: Missing volume for /system/media/audio/ringtones/Rockin.ogg; assuming invalid
09-26 16:31:01.624  5504  6053 W MediaProvider: Missing volume for /system/media/audio/ringtones/RomancingTheTone.ogg; assuming invalid
09-26 16:31:01.629  5504  6053 W MediaProvider: Missing volume for /system/media/audio/ringtones/Safari.ogg; assuming invalid
09-26 16:31:01.634  5504  6053 W MediaProvider: Missing volume for /system/media/audio/ringtones/Savannah.ogg; assuming invalid
09-26 16:31:01.641  5504  6053 W MediaProvider: Missing volume for /system/media/audio/ringtones/Scarabaeus.ogg; assuming invalid
09-26 16:31:01.648  5504  6053 W MediaProvider: Missing volume for /system/media/audio/ringtones/Sceptrum.ogg; assuming invalid
09-26 16:31:01.655  5504  6053 W MediaProvider: Missing volume for /system/media/audio/ringtones/Sedna.ogg; assuming invalid
09-26 16:31:01.660  5504  6053 W MediaProvider: Missing volume for /system/media/audio/ringtones/Seville.ogg; assuming invalid
09-26 16:31:01.668  5504  6053 W MediaProvider: Missing volume for /system/media/audio/ringtones/Sheep.mp3; assuming invalid
09-26 16:31:01.674  5504  6053 W MediaProvider: Missing volume for /system/media/audio/ringtones/Shes_All_That.ogg; assuming invalid
09-26 16:31:01.679  5504  6053 W MediaProvider: Missing volume for /system/media/audio/ringtones/SilkyWay.ogg; assuming invalid
09-26 16:31:01.684  5504  6053 W MediaProvider: Missing volume for /system/media/audio/ringtones/SitarVsSitar.ogg; assuming invalid
09-26 16:31:01.691  5504  6053 W MediaProvider: Missing volume for /system/media/audio/ringtones/Solarium.ogg; assuming invalid
09-26 16:31:01.696  5504  6053 W MediaProvider: Missing volume for /system/media/audio/ringtones/SpringyJalopy.ogg; assuming invalid
09-26 16:31:01.701  5504  6053 W MediaProvider: Missing volume for /system/media/audio/ringtones/Steppin_Out.ogg; assuming invalid
09-26 16:31:01.706  5504  6053 W MediaProvider: Missing volume for /system/media/audio/ringtones/Terminated.ogg; assuming invalid
09-26 16:31:01.716  5504  6053 W MediaProvider: Missing volume for /system/media/audio/ringtones/Testudo.ogg; assuming invalid
09-26 16:31:01.724  5504  6053 W MediaProvider: Missing volume for /system/media/audio/ringtones/Themos.ogg; assuming invalid
09-26 16:31:01.729  5504  6053 W MediaProvider: Missing volume for /system/media/audio/ringtones/Third_Eye.ogg; assuming invalid
09-26 16:31:01.734  5504  6053 W MediaProvider: Missing volume for /system/media/audio/ringtones/Thunderfoot.ogg; assuming invalid
09-26 16:31:01.741  5504  6053 W MediaProvider: Missing volume for /system/media/audio/ringtones/Titania.ogg; assuming invalid
09-26 16:31:01.749  5504  6053 W MediaProvider: Missing volume for /system/media/audio/ringtones/Triton.ogg; assuming invalid
09-26 16:31:01.754  5504  6053 W MediaProvider: Missing volume for /system/media/audio/ringtones/TwirlAway.ogg; assuming invalid
09-26 16:31:01.761  5504  6053 W MediaProvider: Missing volume for /system/media/audio/ringtones/Umbriel.ogg; assuming invalid
09-26 16:31:01.768  5504  6053 W MediaProvider: Missing volume for /system/media/audio/ringtones/UrsaMinor.ogg; assuming invalid
09-26 16:31:01.773  5504  6053 W MediaProvider: Missing volume for /system/media/audio/ringtones/VeryAlarmed.ogg; assuming invalid
09-26 16:31:01.778  5504  6053 W MediaProvider: Missing volume for /system/media/audio/ringtones/Vespa.ogg; assuming invalid
09-26 16:31:01.783  5504  6053 W MediaProvider: Missing volume for /system/media/audio/ringtones/World.ogg; assuming invalid
09-26 16:31:01.790  5504  6053 W MediaProvider: Missing volume for /system/media/audio/ringtones/Yukaay.ogg; assuming invalid
09-26 16:31:01.798  5504  6053 W MediaProvider: Missing volume for /system/media/audio/ringtones/Zeta.ogg; assuming invalid
09-26 16:31:01.810  5504  6053 W MediaProvider: Missing volume for /system/media/audio/ui/Dock.ogg; assuming invalid
09-26 16:31:01.817  5504  6053 W MediaProvider: Missing volume for /system/media/audio/ui/Effect_Tick.ogg; assuming invalid
09-26 16:31:01.824  5504  6053 W MediaProvider: Missing volume for /system/media/audio/ui/KeypressDelete.ogg; assuming invalid
09-26 16:31:01.826  3194  3194 E MetadataRetrieverClient: failed to extract an album art
09-26 16:31:01.834  5504  6053 W MediaProvider: Missing volume for /system/media/audio/ui/KeypressInvalid.ogg; assuming invalid
09-26 16:31:01.841  5504  6053 W MediaProvider: Missing volume for /system/media/audio/ui/KeypressReturn.ogg; assuming invalid
09-26 16:31:01.848  5504  6053 W MediaProvider: Missing volume for /system/media/audio/ui/KeypressSpacebar.ogg; assuming invalid
09-26 16:31:01.856  5504  6053 W MediaProvider: Missing volume for /system/media/audio/ui/KeypressStandard.ogg; assuming invalid
09-26 16:31:01.863  5504  6053 W MediaProvider: Missing volume for /system/media/audio/ui/Lock.ogg; assuming invalid
09-26 16:31:01.870  5504  6053 W MediaProvider: Missing volume for /system/media/audio/ui/LowBattery.ogg; assuming invalid
09-26 16:31:01.877  5504  6053 W MediaProvider: Missing volume for /system/media/audio/ui/Trusted.ogg; assuming invalid
09-26 16:31:01.884  5504  6053 W MediaProvider: Missing volume for /system/media/audio/ui/Undock.ogg; assuming invalid
09-26 16:31:01.892  5504  6053 W MediaProvider: Missing volume for /system/media/audio/ui/Unlock.ogg; assuming invalid
09-26 16:31:01.902  5504  6053 W MediaProvider: Missing volume for /system/media/audio/ui/VideoRecord.ogg; assuming invalid
09-26 16:31:01.907  5504  6053 W MediaProvider: Missing volume for /system/media/audio/ui/VideoStop.ogg; assuming invalid
09-26 16:31:01.915  5504  6053 W MediaProvider: Missing volume for /system/media/audio/ui/WirelessChargingStarted.ogg; assuming invalid
09-26 16:31:01.920  5504  6053 W MediaProvider: Missing volume for /system/media/audio/ui/camera_click.ogg; assuming invalid
09-26 16:31:01.928  5504  6053 W MediaProvider: Missing volume for /system/media/audio/ui/camera_focus.ogg; assuming invalid
09-26 16:31:03.075  3658  6197 D NetworkMonitor/NetworkAgentInfo [MOBILE (HSPA+) - 100]: PROBE_DNS OK 5137ms, www.google.com=64.233.186.103,64.233.186.106,64.233.186.104,64.233.186.147,64.233.186.105,64.233.186.99
09-26 16:31:03.145  3658  4722 D SntpClient: request time failed: java.net.SocketTimeoutException: Receive timed out
09-26 16:31:03.151  3658  4722 I NetworkPolicy: No policy for subscriber 722341...; generating default policy
09-26 16:31:03.162  3658  5248 D SntpClient: request time failed: java.net.SocketTimeoutException: Receive timed out
09-26 16:31:03.162  3658  5248 E GnssLocationProvider: requestTime failed
09-26 16:31:03.162  3658  5248 I GnssLocationProvider: WakeLock acquired by sendMessage(10, 0, null)
09-26 16:31:03.162  3658  5248 I GnssLocationProvider: WakeLock released by handleInjectNtpTime()
09-26 16:31:03.163  3658  3719 I GnssLocationProvider: WakeLock released by handleMessage(10, 0, null)
09-26 16:31:03.310  3658  6194 D NetworkMonitor/NetworkAgentInfo [MOBILE (HSPA+) - 100]: PROBE_FALLBACK http://www.google.com/gen_204 time=2373ms ret=302 request={User-Agent=[Mozilla/5.0 (X11; Linux x86_64) AppleWebKit/537.36 (KHTML, like Gecko) Chrome/52.0.2743.82 Safari/537.36]} headers={null=[HTTP/1.1 302 Found], Cache-Control=[no-cache], Connection=[Close], Content-Length=[165], Content-Type=[text/html; charset=UTF-8], Location=[http://masinternet.personal.com.ar/], X-Android-Received-Millis=[1506454263309], X-Android-Response-Source=[NETWORK 302], X-Android-Selected-Protocol=[http/1.1], X-Android-Sent-Millis=[1506454263219]}
09-26 16:31:03.312  3658  4730 D ConnectivityService: NetworkAgentInfo [MOBILE (HSPA+) - 100] validation failed with redirect to http://masinternet.personal.com.ar/
09-26 16:31:03.313  4975  5334 D DcNetworkAgent: NetworkAgent: validation status: 2 with redirection URL: http://masinternet.personal.com.ar/
09-26 16:31:03.317  3658  4730 D NetworkNotificationManager: showNotification tag=ConnectivityNotification:100 event=SIGN_IN transport=cellular data extraInfo=gprs.personal.com highPrioriy=false
09-26 16:31:03.323  3658  3658 D ZenLog  : disable_effects: -1|android|740|ConnectivityNotification:100|1000,booleanState
09-26 16:31:04.038  3658  4966 D SntpClient: request time failed: java.net.SocketTimeoutException: Receive timed out
09-26 16:31:04.182  3658  4085 I InputReader: Reconfiguring input devices.  changes=0x00000010
09-26 16:31:04.187  3658  4085 I InputReader: Reconfiguring input devices.  changes=0x00000010
09-26 16:31:04.196  3658  4085 I InputReader: Reconfiguring input devices.  changes=0x00000010
09-26 16:31:04.199  3658  4085 I InputReader: Reconfiguring input devices.  changes=0x00000010
09-26 16:31:04.201  3658  4085 I InputReader: Reconfiguring input devices.  changes=0x00000010
09-26 16:31:04.209  3658  4085 I InputReader: Reconfiguring input devices.  changes=0x00000010
09-26 16:31:04.212  5558  5558 D RegisteredNfcFServicesCache: Service unchanged, not updating
09-26 16:31:04.220  5558  5558 D RegisteredNfcFServicesCache: Service unchanged, not updating
09-26 16:31:04.221  4975  4975 D CarrierSvcBindHelper: No carrier app for: 0
09-26 16:31:04.222  4975  4975 D CarrierSvcBindHelper: No carrier app for: 1
09-26 16:31:04.224  3658  3719 W Searchables: No global search activity found
09-26 16:31:04.226  5558  5558 D RegisteredNfcFServicesCache: Service unchanged, not updating
09-26 16:31:04.238  5558  5558 D RegisteredNfcFServicesCache: Service unchanged, not updating
09-26 16:31:04.244  5558  5558 D RegisteredNfcFServicesCache: Service unchanged, not updating
09-26 16:31:04.246  4975  4975 D CarrierSvcBindHelper: No carrier app for: 0
09-26 16:31:04.246  4975  4975 D CarrierSvcBindHelper: No carrier app for: 1
09-26 16:31:04.252  5558  5558 D RegisteredNfcFServicesCache: Service unchanged, not updating
09-26 16:31:04.270  4975  4975 D CarrierSvcBindHelper: No carrier app for: 0
09-26 16:31:04.271  4975  4975 D CarrierSvcBindHelper: No carrier app for: 1
09-26 16:31:04.287  4975  4975 D CarrierSvcBindHelper: No carrier app for: 0
09-26 16:31:04.287  4975  4975 D CarrierSvcBindHelper: No carrier app for: 1
09-26 16:31:04.300  3658  3719 W Searchables: No global search activity found
09-26 16:31:04.304  3658  3719 W Searchables: No global search activity found
09-26 16:31:04.308  4975  4975 D CarrierSvcBindHelper: No carrier app for: 0
09-26 16:31:04.308  4975  4975 D CarrierSvcBindHelper: No carrier app for: 1
09-26 16:31:04.308  3658  3719 W Searchables: No global search activity found
09-26 16:31:04.313  3658  3719 W Searchables: No global search activity found
09-26 16:31:04.317  3658  3719 W Searchables: No global search activity found
09-26 16:31:04.326  4975  4975 D CarrierSvcBindHelper: No carrier app for: 0
09-26 16:31:04.327  4975  4975 D CarrierSvcBindHelper: No carrier app for: 1
09-26 16:31:07.303  3658  6197 D NetworkMonitor/NetworkAgentInfo [MOBILE (HSPA+) - 100]: Probably not a portal: exception javax.net.ssl.SSLHandshakeException: SSL handshake aborted: ssl=0x7f910e42c0: I/O error during system call, Connection reset by peer
09-26 16:31:08.162  3658  4722 D SntpClient: request time failed: java.net.SocketTimeoutException: Receive timed out
09-26 16:31:09.311  3658  5021 I ActivityManager: Killing 5029:org.cyanogenmod.weather.provider/u0a32 (adj 906): empty #17
09-26 16:31:09.342  3658  5618 D ActivityManager: cleanUpApplicationRecord -- 5029
09-26 16:31:09.432  3658  3720 I ActivityManager: Waited long enough for: ServiceRecord{ae4f185 u0 com.android.calendar/.alerts.InitAlarmsService}
09-26 16:31:09.677  3658  3720 I ActivityManager: Waited long enough for: ServiceRecord{9ae272c u0 com.android.email/.service.LegacyImapSyncAdapterService}
09-26 16:31:13.214  3658  4722 D SntpClient: request time failed: java.net.SocketTimeoutException: Receive timed out
09-26 16:31:13.283  3089  3089 W auditd  : type=1325 audit(0.0:317): table=filter family=2 entries=99
09-26 16:31:13.283  3089  3089 W auditd  : type=1320 audit(0.0:317): 
09-26 16:31:13.295  3089  3089 W auditd  : type=1325 audit(0.0:318): table=filter family=10 entries=110
09-26 16:31:13.295  3089  3089 W auditd  : type=1320 audit(0.0:318): 
09-26 16:31:13.311  3089  3089 W auditd  : type=1325 audit(0.0:319): table=filter family=2 entries=101
09-26 16:31:13.311  3089  3089 W auditd  : type=1320 audit(0.0:319): 
09-26 16:31:13.323  3089  3089 W auditd  : type=1325 audit(0.0:320): table=filter family=10 entries=112
09-26 16:31:13.323  3089  3089 W auditd  : type=1320 audit(0.0:320): 
09-26 16:31:13.359  3089  3089 W auditd  : type=1325 audit(0.0:321): table=filter family=2 entries=102
09-26 16:31:13.359  3089  3089 W auditd  : type=1320 audit(0.0:321): 
09-26 16:31:13.371  3089  3089 W auditd  : type=1325 audit(0.0:322): table=filter family=10 entries=113
09-26 16:31:13.371  3089  3089 W auditd  : type=1320 audit(0.0:322): 
09-26 16:31:13.407  3089  3089 W auditd  : type=1325 audit(0.0:323): table=filter family=2 entries=103
09-26 16:31:13.407  3089  3089 W auditd  : type=1320 audit(0.0:323): 
09-26 16:31:13.423  3089  3089 W auditd  : type=1325 audit(0.0:324): table=filter family=10 entries=114
09-26 16:31:13.423  3089  3089 W auditd  : type=1320 audit(0.0:324): 
09-26 16:31:13.459  3089  3089 W auditd  : type=1325 audit(0.0:325): table=filter family=2 entries=104
09-26 16:31:13.459  3089  3089 W auditd  : type=1320 audit(0.0:325): 
09-26 16:31:13.475  3089  3089 W auditd  : type=1325 audit(0.0:326): table=filter family=10 entries=115
09-26 16:31:13.475  3089  3089 W auditd  : type=1320 audit(0.0:326): 
09-26 16:31:13.507  3658  4722 W ConnectivityExtension: ConnectivityExt jar file not present
09-26 16:31:13.883  3658  4722 W ConnectivityExtension: ConnectivityExt jar file not present
09-26 16:31:15.646  3658  4844 D AlarmManagerService: Kernel timezone updated to 180 minutes west of GMT
09-26 16:31:15.678  6175  6175 D CellBroadcastReceiver: onReceive Intent { act=android.intent.action.SERVICE_STATE flg=0x10 cmp=com.android.cellbroadcastreceiver/.CellBroadcastReceiver (has extras) }
09-26 16:31:15.679  6175  6175 D CellBroadcastReceiver: Intent: android.intent.action.SERVICE_STATE
09-26 16:31:15.719  3658  4730 W ConnectivityExtension: ConnectivityExt jar file not present
09-26 16:31:20.741  3658  4722 D SntpClient: request time failed: java.net.SocketTimeoutException: Receive timed out
09-26 16:31:24.433  5918  5990 D InitAlarmsService: Clearing and rescheduling alarms.
09-26 16:31:24.467  3658  5021 I ActivityManager: Killing 5431:com.android.carrierconfig/u0a5 (adj 906): empty #17
09-26 16:31:24.485  3658  4850 I ActivityManager: Killing 5951:com.cyanogenmod.settings.device/1000 (adj 906): empty #17
09-26 16:31:24.518  3658  3716 D ActivityManager: cleanUpApplicationRecord -- 5951
09-26 16:31:24.520  3658  5618 D ActivityManager: cleanUpApplicationRecord -- 5431
09-26 16:31:50.827  6334  6334 I pool-1-thread-1: type=1400 audit(0.0:351): avc: denied { lock } for path="/data/data/com.android.email/databases/EmailProvider.db" dev="sda24" ino=2015555 scontext=u:r:untrusted_app:s0:c512,c768 tcontext=u:object_r:system_data_file:s0:c512,c768 tclass=file permissive=1
09-26 16:31:50.827  6334  6334 W pool-1-thread-1: type=1300 audit(0.0:351): arch=c00000b7 syscall=25 success=yes exit=0 a0=22 a1=6 a2=7f9769e948 a3=0 items=0 ppid=3184 auid=4294967295 uid=10054 gid=10054 euid=10054 suid=10054 fsuid=10054 egid=10054 sgid=10054 fsgid=10054 tty=(none) ses=4294967295 exe="/system/bin/app_process64" subj=u:r:untrusted_app:s0:c512,c768 key=(null)
09-26 16:31:50.827  3089  3089 W auditd  : type=1327 audit(0.0:351): proctitle="com.android.email"
09-26 16:31:50.827  3089  3089 W auditd  : type=1320 audit(0.0:351): 
09-26 16:31:50.827  6334  6334 I pool-1-thread-1: type=1400 audit(0.0:352): avc: denied { getattr } for path="/data/data/com.android.email/databases/EmailProvider.db-journal" dev="sda24" ino=2015556 scontext=u:r:untrusted_app:s0:c512,c768 tcontext=u:object_r:system_data_file:s0:c512,c768 tclass=file permissive=1
09-26 16:31:50.827  6334  6334 W pool-1-thread-1: type=1300 audit(0.0:352): arch=c00000b7 syscall=79 success=yes exit=0 a0=ffffff9c a1=7f8e74897b a2=7f9769e928 a3=0 items=0 ppid=3184 auid=4294967295 uid=10054 gid=10054 euid=10054 suid=10054 fsuid=10054 egid=10054 sgid=10054 fsgid=10054 tty=(none) ses=4294967295 exe="/system/bin/app_process64" subj=u:r:untrusted_app:s0:c512,c768 key=(null)
09-26 16:31:50.827  3089  3089 W auditd  : type=1327 audit(0.0:352): proctitle="com.android.email"
09-26 16:31:50.827  3089  3089 W auditd  : type=1320 audit(0.0:352): 
09-26 16:31:50.827  6334  6334 I pool-1-thread-1: type=1400 audit(0.0:353): avc: denied { read } for name="EmailProvider.db-journal" dev="sda24" ino=2015556 scontext=u:r:untrusted_app:s0:c512,c768 tcontext=u:object_r:system_data_file:s0:c512,c768 tclass=file permissive=1
09-26 16:31:50.827  6334  6334 W pool-1-thread-1: type=1300 audit(0.0:353): arch=c00000b7 syscall=56 success=yes exit=41 a0=ffffff9c a1=7f8e74897b a2=a0000 a3=0 items=0 ppid=3184 auid=4294967295 uid=10054 gid=10054 euid=10054 suid=10054 fsuid=10054 egid=10054 sgid=10054 fsgid=10054 tty=(none) ses=4294967295 exe="/system/bin/app_process64" subj=u:r:untrusted_app:s0:c512,c768 key=(null)
09-26 16:31:50.827  3089  3089 W auditd  : type=1327 audit(0.0:353): proctitle="com.android.email"
09-26 16:31:50.827  3089  3089 W auditd  : type=1320 audit(0.0:353): 
09-26 16:31:51.064  3658  3729 I PowerManagerService: Going to sleep due to screen timeout (uid 1000)...
09-26 16:31:51.065  3658  3729 I DreamManagerService: Entering dreamland.
09-26 16:31:51.066  3658  3729 I PowerManagerService: Dozing...
09-26 16:31:51.066  3658  3725 I DreamController: Starting dream: name=ComponentInfo{com.android.systemui/com.android.systemui.doze.DozeService}, isTest=false, canDoze=true, userId=0
09-26 16:31:51.113  3658  3720 I VrManagerService: VR mode is disallowed
09-26 16:31:51.137  3658  3729 I Sensors : Acc old sensor_state 1, new sensor_state : 0 en : 0
09-26 16:31:51.140  3658  3729 V KeyguardServiceDelegate: onScreenTurnedOff()
09-26 16:31:51.141  3658  3727 I DisplayManagerService: Display device changed state: "Built-in Screen", OFF
09-26 16:31:51.144  3658  3727 W LocalDisplayAdapter: Unable to find color mode 0, ignoring request.
09-26 16:31:51.144  3165  3165 D SurfaceFlinger: Set power mode=0, type=0 flinger=0x7f90448000
09-26 16:31:51.271  3658  4785 D SurfaceControl: Excessive delay in setPowerMode(): 130ms
09-26 16:31:51.282  6143  6143 D audio_hw_primary_abox: device-adev_set_parameters: enter with key(screen_state=on)
09-26 16:31:51.283  6143  6143 D audio_hw_primary_abox: device-adev_set_parameters: exit
09-26 16:31:51.339  5558  6341 W Settings: Setting device_provisioned has moved from android.provider.Settings.Secure to android.provider.Settings.Global.
09-26 16:31:51.340  5558  6341 D NfcService: Discovery configuration equal, not updating.
09-26 16:31:51.348  6143  6167 D audio_hw_primary_abox: device-adev_set_parameters: enter with key(screen_state=off)
09-26 16:31:51.348  6143  6167 D audio_hw_primary_abox: device-adev_set_parameters: exit
09-26 16:31:51.408  5558  6343 W Settings: Setting device_provisioned has moved from android.provider.Settings.Secure to android.provider.Settings.Global.
09-26 16:31:51.410  5558  6343 D BrcmNfcJni: nfcManager_disableDiscovery: enter;
09-26 16:31:51.410  5558  6343 D BrcmNfcJni: pn544InteropAbortNow
09-26 16:31:51.410  5558  6343 D BrcmNfcJni: startRfDiscovery: is start=0
09-26 16:31:51.410  5558  6343 I BrcmNfcNfa: NFA_StopRfDiscovery ()
09-26 16:31:51.411  5558  5683 I BrcmNfcNfa: NFA got event 0x010F
09-26 16:31:51.411  5558  5683 I BrcmNfcNfa: nfa_dm_evt_hdlr event: NFA_DM_API_STOP_RF_DISCOVERY_EVT (0x0f)
09-26 16:31:51.411  5558  5683 I BrcmNfcNfa: nfa_dm_act_stop_rf_discovery ()
09-26 16:31:51.411  5558  5683 I BrcmNfcNfa: nfa_dm_rf_deactivate () deactivate_type:0x0
09-26 16:31:51.411  5558  5683 I BrcmNfcNfa: nfa_dm_disc_sm_execute (): state: DISCOVERY (1), event: DEACTIVATE_CMD(6) disc_flags: 0x2
09-26 16:31:51.411  5558  5683 I BrcmNfcNfa: NFC_Deactivate 4 (IDLE) deactivate_type:0
09-26 16:31:51.411  5558  5683 D NfcAdaptation: NfcAdaptation::HalWrite
09-26 16:31:51.411  5558  5683 I SecHAL  : nfc_hal_write: enter;
09-26 16:31:51.411  5558  5683 I SecHAL  : nfc_hal_write: exit;
09-26 16:31:51.411  5558  5683 I BrcmNfcNfa: nfa_dm_disc_sm_execute (): new state: DISCOVERY (1), disc_flags: 0x22
09-26 16:31:51.411  5558  5683 I BrcmNfcNfa: nfa_sys_ptim_stop_timer 916ee010
09-26 16:31:51.412  5558  5708 D SecHAL  : nfc_hal_task: Got a event: HAL_EVT_WRITE(3)
09-26 16:31:51.412  5558  5683 I BrcmNfcNfa: ptim timer stop
09-26 16:31:51.412  5558  5708 D SecHAL  : nfc_hal_task: current state: SERVICE
09-26 16:31:51.412  5558  5683 I BrcmNfcNfa: Stopped presence check timer (if started)
09-26 16:31:51.412  5558  5708 I SecHAL  : device_wakeup: Wakeup! in 80 ms
09-26 16:31:51.473  3658  3721 I WindowManager: OverscanTimeout run
09-26 16:31:51.492  5558  5708 I SecHAL  : device_wakeup: exit
09-26 16:31:51.492  5558  5708 I SecHAL  : OSI_timer_start: enter,osi_lock
09-26 16:31:51.493  5558  5708 I SecHAL  : OSI_timer_start: before pthread_create for timer thread
09-26 16:31:51.493  5558  5708 I SecHAL  : OSI_timer_start: after pthread_create for timer thread
09-26 16:31:51.493  5558  5708 I SecHAL  : OSI_timer_start: before osi_unlock
09-26 16:31:51.493  5558  5708 I SecHAL  : OSI_timer_start: exit
09-26 16:31:51.493  5558  5708 I SecHAL  : device_write: enter
09-26 16:31:51.493  5558  5708 I SecHAL  : device_write: before system call
09-26 16:31:51.494  5558  5708 I SecHAL  : device_write: after system call
09-26 16:31:51.494  5558  5708 D SecHAL  : data_trace:  Send(  4) 21 06 01   00 
09-26 16:31:51.494  5558  5708 I SecHAL  : device_write: exit
09-26 16:31:51.498  5558  5707 D SecHAL  : read_thread: Sent message to HAL message task, remind que: 2
09-26 16:31:51.498  5558  5708 D SecHAL  : nfc_hal_task: Got a event: HAL_EVT_READ(4)
09-26 16:31:51.498  5558  5708 D SecHAL  : nfc_hal_task: current state: SERVICE
09-26 16:31:51.498  5558  5708 D SecHAL  : data_trace:  Recv(  4) 41 06 01   00 
09-26 16:31:51.499  5558  5708 I SecHAL  : OSI_timer_start: enter,osi_lock
09-26 16:31:51.499  5558  5708 I SecHAL  : OSI_timer_start: before osi_unlock
09-26 16:31:51.499  5558  5708 I SecHAL  : OSI_timer_start: exit
09-26 16:31:51.499  5558  5708 I SecHAL  : nfc_data_callback: !
09-26 16:31:51.499  5558  5708 D NfcAdaptation: NfcAdaptation::HalDeviceContextDataCallback: len=4
09-26 16:31:51.499  5558  5683 I BrcmNfcNfa: NFC received rsp gid:1
09-26 16:31:51.500  5558  5683 I BrcmNfcNfa: p2p priority is running under bail out mode ONLY.
09-26 16:31:51.500  5558  5683 I BrcmNfcNfa: nfc_set_state 4 (IDLE)->4 (IDLE)
09-26 16:31:51.500  5558  5683 I BrcmNfcNfa: nfa_dm_disc_data_cback ()
09-26 16:31:51.500  5558  5683 I BrcmNfcNfa: nfa_dm_disc_discovery_cback (): event:0x4005
09-26 16:31:51.500  5558  5683 I BrcmNfcNfa: nfa_dm_disc_sm_execute (): state: DISCOVERY (1), event: DEACTIVATE_RSP(7) disc_flags: 0x22
09-26 16:31:51.500  5558  5683 I BrcmNfcNfa: nfa_dm_disc_new_state (): old_state: DISCOVERY (1), new_state: IDLE (0) disc_flags: 0x2
09-26 16:31:51.500  5558  5683 D BrcmNfcJni: nfaConnectionCallback: event= 31
09-26 16:31:51.500  5558  5683 D BrcmNfcJni: nfaConnectionCallback: NFA_RF_DISCOVERY_STOPPED_EVT: status = 0
09-26 16:31:51.500  5558  5683 I BrcmNfcNfa: nfa_dm_start_rf_discover ()
09-26 16:31:51.500  5558  6343 D BrcmNfcJni: stopPolling_rfDiscoveryDisabled: disable polling
09-26 16:31:51.500  5558  5683 I BrcmNfcNfa: nfa_dm_disc_sm_execute (): new state: IDLE (0), disc_flags: 0x0
09-26 16:31:51.500  5558  6343 I BrcmNfcNfa: NFA_DisablePolling ()
09-26 16:31:51.501  5558  5683 I BrcmNfcNfa: NFA got event 0x0107
09-26 16:31:51.501  5558  5683 I BrcmNfcNfa: nfa_dm_evt_hdlr event: NFA_DM_API_DISABLE_POLLING_EVT (0x07)
09-26 16:31:51.501  5558  5683 I BrcmNfcNfa: nfa_dm_act_disable_polling ()
09-26 16:31:51.501  5558  5683 I BrcmNfcNfa: nfa_dm_deactivate_polling ()
09-26 16:31:51.501  5558  5683 I BrcmNfcNfa: nfa_dm_delete_rf_discover () handle=0x1
09-26 16:31:51.501  5558  5683 D BrcmNfcJni: nfaConnectionCallback: event= 1
09-26 16:31:51.501  5558  5683 D BrcmNfcJni: nfaConnectionCallback: NFA_POLL_DISABLED_EVT: status = 0
09-26 16:31:51.501  5558  6343 D BrcmNfcJni: PeerToPeer::enableP2pListening: enter isEnable: 0  mIsP2pListening: 1
09-26 16:31:51.502  5558  6343 I BrcmNfcNfa: NFA_P2pSetListenTech (): tech_mask:0x0
09-26 16:31:51.502  5558  5683 I BrcmNfcNfa: NFA got event 0x010D
09-26 16:31:51.502  5558  5683 I BrcmNfcNfa: nfa_dm_evt_hdlr event: NFA_DM_API_SET_P2P_LISTEN_TECH_EVT (0x0d)
09-26 16:31:51.502  5558  5683 I BrcmNfcNfa: nfa_dm_set_p2p_listen_tech ()  tech_mask = 0
09-26 16:31:51.502  5558  5683 I BrcmNfcNfa: nfa_p2p_update_listen_tech ()  tech_mask = 0x0
09-26 16:31:51.502  5558  5683 I BrcmNfcNfa: nfa_dm_delete_rf_discover () handle=0x2
09-26 16:31:51.502  5558  5683 I BrcmNfcNfa: nfa_p2p_enable_listening () sys_id = 3, update_wks = 0
09-26 16:31:51.502  5558  5683 D BrcmNfcJni: nfaConnectionCallback: event= 33
09-26 16:31:51.502  5558  5683 D BrcmNfcJni: nfaConnectionCallback: NFA_SET_P2P_LISTEN_TECH_EVT
09-26 16:31:51.503  5558  6343 D BrcmNfcJni: PeerToPeer::enableP2pListening: exit; mIsP2pListening: 0
09-26 16:31:51.503  5558  6343 D BrcmNfcJni: PowerSwitch::setModeOff(deactivated=0x1) : mCurrActivity=0x0
09-26 16:31:51.503  5558  6343 D BrcmNfcJni: PowerSwitch::setLevel: level=PS-LOW-POWER (2)
09-26 16:31:51.503  5558  6343 D BrcmNfcJni: PowerSwitch::setLevel: actual power level=PS-FULL
09-26 16:31:51.503  5558  6343 D BrcmNfcJni: nfcManager_disableDiscovery: exit
09-26 16:31:52.780  5558  6345 I SecHAL  : device_sleep: NFC can be going to sleep
09-26 16:31:55.941  3658  3723 E BatteryStatsService: no controller energy info supplied
09-26 16:31:59.887  3658  5021 D AlarmManagerService: Kernel timezone updated to 180 minutes west of GMT
09-26 16:31:59.921  6175  6175 D CellBroadcastReceiver: onReceive Intent { act=android.intent.action.SERVICE_STATE flg=0x10 cmp=com.android.cellbroadcastreceiver/.CellBroadcastReceiver (has extras) }
09-26 16:31:59.921  6175  6175 D CellBroadcastReceiver: Intent: android.intent.action.SERVICE_STATE
09-26 16:31:59.950  3658  4730 W ConnectivityExtension: ConnectivityExt jar file not present
09-26 16:32:03.167  3658  5600 D AlarmManagerService: Kernel timezone updated to 180 minutes west of GMT
09-26 16:32:03.190  6175  6175 D CellBroadcastReceiver: onReceive Intent { act=android.intent.action.SERVICE_STATE flg=0x10 cmp=com.android.cellbroadcastreceiver/.CellBroadcastReceiver (has extras) }
09-26 16:32:03.190  6175  6175 D CellBroadcastReceiver: Intent: android.intent.action.SERVICE_STATE
09-26 16:32:03.203  3658  4730 W ConnectivityExtension: ConnectivityExt jar file not present
09-26 16:32:04.645  5866  6335 E StatsUploadJobService: Could not upload stats checkin to community server
09-26 16:32:04.645  5866  6335 E StatsUploadJobService: javax.net.ssl.SSLHandshakeException: SSL handshake aborted: ssl=0x7f8e78c1c0: I/O error during system call, Connection reset by peer
09-26 16:32:04.645  5866  6335 E StatsUploadJobService: 	at com.android.org.conscrypt.NativeCrypto.SSL_do_handshake(Native Method)
09-26 16:32:04.645  5866  6335 E StatsUploadJobService: 	at com.android.org.conscrypt.OpenSSLSocketImpl.startHandshake(OpenSSLSocketImpl.java:357)
09-26 16:32:04.645  5866  6335 E StatsUploadJobService: 	at com.android.okhttp.Connection.connectTls(Connection.java:235)
09-26 16:32:04.645  5866  6335 E StatsUploadJobService: 	at com.android.okhttp.Connection.connectSocket(Connection.java:199)
09-26 16:32:04.645  5866  6335 E StatsUploadJobService: 	at com.android.okhttp.Connection.connect(Connection.java:172)
09-26 16:32:04.645  5866  6335 E StatsUploadJobService: 	at com.android.okhttp.Connection.connectAndSetOwner(Connection.java:367)
09-26 16:32:04.645  5866  6335 E StatsUploadJobService: 	at com.android.okhttp.OkHttpClient$1.connectAndSetOwner(OkHttpClient.java:130)
09-26 16:32:04.645  5866  6335 E StatsUploadJobService: 	at com.android.okhttp.internal.http.HttpEngine.connect(HttpEngine.java:330)
09-26 16:32:04.645  5866  6335 E StatsUploadJobService: 	at com.android.okhttp.internal.http.HttpEngine.sendRequest(HttpEngine.java:247)
09-26 16:32:04.645  5866  6335 E StatsUploadJobService: 	at com.android.okhttp.internal.huc.HttpURLConnectionImpl.execute(HttpURLConnectionImpl.java:457)
09-26 16:32:04.645  5866  6335 E StatsUploadJobService: 	at com.android.okhttp.internal.huc.HttpURLConnectionImpl.connect(HttpURLConnectionImpl.java:126)
09-26 16:32:04.645  5866  6335 E StatsUploadJobService: 	at com.android.okhttp.internal.huc.HttpURLConnectionImpl.getOutputStream(HttpURLConnectionImpl.java:257)
09-26 16:32:04.645  5866  6335 E StatsUploadJobService: 	at com.android.okhttp.internal.huc.DelegatingHttpsURLConnection.getOutputStream(DelegatingHttpsURLConnection.java:218)
09-26 16:32:04.645  5866  6335 E StatsUploadJobService: 	at com.android.okhttp.internal.huc.HttpsURLConnectionImpl.getOutputStream(HttpsURLConnectionImpl.java)
09-26 16:32:04.645  5866  6335 E StatsUploadJobService: 	at org.cyanogenmod.cmparts.cmstats.StatsUploadJobService.uploadToCM(StatsUploadJobService.java:166)
09-26 16:32:04.645  5866  6335 E StatsUploadJobService: 	at org.cyanogenmod.cmparts.cmstats.StatsUploadJobService.-wrap0(StatsUploadJobService.java)
09-26 16:32:04.645  5866  6335 E StatsUploadJobService: 	at org.cyanogenmod.cmparts.cmstats.StatsUploadJobService$StatsUploadTask.doInBackground(StatsUploadJobService.java:122)
09-26 16:32:04.645  5866  6335 E StatsUploadJobService: 	at org.cyanogenmod.cmparts.cmstats.StatsUploadJobService$StatsUploadTask.doInBackground(StatsUploadJobService.java:102)
09-26 16:32:04.645  5866  6335 E StatsUploadJobService: 	at android.os.AsyncTask$2.call(AsyncTask.java:305)
09-26 16:32:04.645  5866  6335 E StatsUploadJobService: 	at java.util.concurrent.FutureTask.run(FutureTask.java:237)
09-26 16:32:04.645  5866  6335 E StatsUploadJobService: 	at android.os.AsyncTask$SerialExecutor$1.run(AsyncTask.java:243)
09-26 16:32:04.645  5866  6335 E StatsUploadJobService: 	at java.util.concurrent.ThreadPoolExecutor.runWorker(ThreadPoolExecutor.java:1133)
09-26 16:32:04.645  5866  6335 E StatsUploadJobService: 	at java.util.concurrent.ThreadPoolExecutor$Worker.run(ThreadPoolExecutor.java:607)
09-26 16:32:04.645  5866  6335 E StatsUploadJobService: 	at java.lang.Thread.run(Thread.java:761)
09-26 16:32:04.645  5866  6335 E StatsUploadJobService: 	Suppressed: javax.net.ssl.SSLHandshakeException: SSL handshake aborted: ssl=0x7f8e78c1c0: I/O error during system call, Connection reset by peer
09-26 16:32:04.645  5866  6335 E StatsUploadJobService: 		... 24 more
09-26 16:32:04.645  5866  6335 E StatsUploadJobService: 		Suppressed: javax.net.ssl.SSLHandshakeException: SSL handshake aborted: ssl=0x7f8e78c1c0: I/O error during system call, Connection reset by peer
09-26 16:32:04.645  5866  6335 E StatsUploadJobService: 			... 24 more
09-26 16:32:04.655  3658  3717 I ActivityManager: Killing 5983:com.android.camera2/u0a42 (adj 906): empty #17
09-26 16:32:04.686  3658  4844 D ActivityManager: cleanUpApplicationRecord -- 5983
09-26 16:32:04.967  3658  4722 D SntpClient: request time failed: java.net.SocketTimeoutException: Receive timed out
09-26 16:32:09.989  3658  4722 D SntpClient: request time failed: java.net.SocketTimeoutException: Receive timed out
09-26 16:33:08.475  5866  6372 E StatsUploadJobService: Could not upload stats checkin to community server
09-26 16:33:08.475  5866  6372 E StatsUploadJobService: javax.net.ssl.SSLHandshakeException: SSL handshake aborted: ssl=0x7f8e78c1c0: I/O error during system call, Connection reset by peer
09-26 16:33:08.475  5866  6372 E StatsUploadJobService: 	at com.android.org.conscrypt.NativeCrypto.SSL_do_handshake(Native Method)
09-26 16:33:08.475  5866  6372 E StatsUploadJobService: 	at com.android.org.conscrypt.OpenSSLSocketImpl.startHandshake(OpenSSLSocketImpl.java:357)
09-26 16:33:08.475  5866  6372 E StatsUploadJobService: 	at com.android.okhttp.Connection.connectTls(Connection.java:235)
09-26 16:33:08.475  5866  6372 E StatsUploadJobService: 	at com.android.okhttp.Connection.connectSocket(Connection.java:199)
09-26 16:33:08.475  5866  6372 E StatsUploadJobService: 	at com.android.okhttp.Connection.connect(Connection.java:172)
09-26 16:33:08.475  5866  6372 E StatsUploadJobService: 	at com.android.okhttp.Connection.connectAndSetOwner(Connection.java:367)
09-26 16:33:08.475  5866  6372 E StatsUploadJobService: 	at com.android.okhttp.OkHttpClient$1.connectAndSetOwner(OkHttpClient.java:130)
09-26 16:33:08.475  5866  6372 E StatsUploadJobService: 	at com.android.okhttp.internal.http.HttpEngine.connect(HttpEngine.java:330)
09-26 16:33:08.475  5866  6372 E StatsUploadJobService: 	at com.android.okhttp.internal.http.HttpEngine.sendRequest(HttpEngine.java:247)
09-26 16:33:08.475  5866  6372 E StatsUploadJobService: 	at com.android.okhttp.internal.huc.HttpURLConnectionImpl.execute(HttpURLConnectionImpl.java:457)
