11-21 19:20:01.279  4365  4485 I BrcmNfcNfa: nfa_dm_start_polling ()
11-21 19:20:01.279  4365  4485 I BrcmNfcNfa: nfa_dm_add_rf_discover () disc_mask=0x200f
11-21 19:20:01.279  4365  4485 D BrcmNfcJni: nfaConnectionCallback: event= 0
11-21 19:20:01.279  4365  4485 D BrcmNfcJni: nfaConnectionCallback: NFA_POLL_ENABLED_EVT: status = 0
11-21 19:20:01.279  4365  4911 D BrcmNfcJni: nfcManager_enableDiscovery: Enable p2pListening
11-21 19:20:01.279  4365  4911 I BrcmNfcNfa: NFA_EeSetDefaultTechRouting(): handle:<0x3>technology_mask:<0x1>/<0x0>/<0x0>
11-21 19:20:01.279  4365  4911 I BrcmNfcNfa: nfa_ee_find_ecb ()
11-21 19:20:01.279  4365  4911 E BrcmNfcNfa: Bad ee_handle
11-21 19:20:01.279  4365  4911 E BrcmNfcJni: Fail to set default tech routing for Nfc-A
11-21 19:20:01.279  4365  4911 I BrcmNfcNfa: NFA_EeSetDefaultProtoRouting(): handle:<0x3>protocol_mask:<0x8>/<0x0>/<0x0>
11-21 19:20:01.279  4365  4911 I BrcmNfcNfa: nfa_ee_find_ecb ()
11-21 19:20:01.279  4365  4911 E BrcmNfcNfa: Bad ee_handle
11-21 19:20:01.279  4365  4911 E BrcmNfcJni: Fail to set default proto routing for IsoDep
11-21 19:20:01.279  4365  4911 I BrcmNfcNfa: NFA_EeSetDefaultTechRouting(): handle:<0x0>technology_mask:<0x4>/<0x0>/<0x0>
11-21 19:20:01.279  4365  4911 I BrcmNfcNfa: nfa_ee_find_ecb ()
11-21 19:20:01.279  4365  4485 I BrcmNfcNfa: NFA got event 0x0204
11-21 19:20:01.279  4365  4485 I BrcmNfcNfa: nfa_ee_evt_hdlr (): Event API_SET_TECH_CFG(0x204), State: INIT_DONE(1)
11-21 19:20:01.279  4365  4485 D BrcmNfcJni: RoutingManager::nfaEeCallback: NFA_EE_SET_TECH_CFG_EVT; status=0x0
11-21 19:20:01.280  4365  4911 I BrcmNfcNfa: NFA_EeSetDefaultProtoRouting(): handle:<0x0>protocol_mask:<0x4>/<0x0>/<0x0>
11-21 19:20:01.280  4365  4911 I BrcmNfcNfa: nfa_ee_find_ecb ()
11-21 19:20:01.280  4365  4485 I BrcmNfcNfa: NFA got event 0x0205
11-21 19:20:01.280  4365  4485 I BrcmNfcNfa: nfa_ee_evt_hdlr (): Event API_SET_PROTO_CFG(0x205), State: INIT_DONE(1)
11-21 19:20:01.280  4365  4485 D BrcmNfcJni: RoutingManager::nfaEeCallback: NFA_EE_SET_PROTO_CFG_EVT; status=0x0
11-21 19:20:01.280  4365  4911 D BrcmNfcJni: RoutingManager::commitRouting
11-21 19:20:01.280  4365  4911 I BrcmNfcNfa: NFA_EeUpdateNow()
11-21 19:20:01.280  4365  4485 I BrcmNfcNfa: NFA got event 0x0209
11-21 19:20:01.280  4365  4485 I BrcmNfcNfa: nfa_ee_evt_hdlr (): Event API_UPDATE_NOW(0x209), State: INIT_DONE(1)
11-21 19:20:01.280  4365  4485 I BrcmNfcNfa: nfa_sys_ptim_stop_timer a7fadb80
11-21 19:20:01.280  4365  4485 I BrcmNfcNfa: ptim timer stop
11-21 19:20:01.280  4365  4485 I BrcmNfcNfa: nfa_ee_rout_timeout()
11-21 19:20:01.280  4365  4485 I BrcmNfcNfa: nfa_ee_need_recfg() ee_cfged: 0x90 ee_cfg_sts: 0x10
11-21 19:20:01.280  4365  4485 I BrcmNfcNfa: 0: ecb_flags  : 0x00, mask: 0x10
11-21 19:20:01.280  4365  4485 I BrcmNfcNfa: 1: ecb_flags  : 0x00, mask: 0x01
11-21 19:20:01.280  4365  4485 I BrcmNfcNfa: 2: ecb_flags  : 0x00, mask: 0x02
11-21 19:20:01.280  4365  4485 I BrcmNfcNfa: nfa_ee_report_update_evt ee_wait_evt:0x10 wait_rsp:0
11-21 19:20:01.280  4365  4485 D BrcmNfcJni: RoutingManager::nfaEeCallback: NFA_EE_UPDATED_EVT
11-21 19:20:01.280  4365  4911 D BrcmNfcJni: startRfDiscovery: is start=1
11-21 19:20:01.280  4365  4911 I BrcmNfcNfa: NFA_StartRfDiscovery ()
11-21 19:20:01.280  4365  4485 I BrcmNfcNfa: NFA got event 0x010E
11-21 19:20:01.280  4365  4485 I BrcmNfcNfa: nfa_dm_evt_hdlr event: NFA_DM_API_START_RF_DISCOVERY_EVT (0x0e)
11-21 19:20:01.280  4365  4485 I BrcmNfcNfa: nfa_dm_act_start_rf_discovery ()
11-21 19:20:01.280  4365  4485 I BrcmNfcNfa: nfa_dm_start_rf_discover ()
11-21 19:20:01.280  4365  4485 I BrcmNfcNfa: nfa_ee_get_tech_route(): 1
11-21 19:20:01.280  4365  4485 I BrcmNfcNfa: 0x0, 0x0, 0x0, 0x0
11-21 19:20:01.280  4365  4485 I BrcmNfcNfa: nfa_dm_cb.disc_cb.entry[0].selected_disc_mask = 0x40000
11-21 19:20:01.280  4365  4485 I BrcmNfcNfa: nfa_dm_cb.disc_cb.entry[1].selected_disc_mask = 0x200f
11-21 19:20:01.280  4365  4485 I BrcmNfcNfa: nfa_p2p_set_config ()
11-21 19:20:01.280  4365  4485 I BrcmNfcNfa: LLCP_GetDiscoveryConfig ()
11-21 19:20:01.280  4365  4485 I BrcmNfcNfa: nfa_dm_check_set_config ()
11-21 19:20:01.280  4365  4485 I BrcmNfcNfa: dm_disc_mask = 0x4200f
11-21 19:20:01.280  4365  4485 I BrcmNfcNfa: nfa_dm_set_rf_listen_mode_config () tech_proto_mask = 0x0004200F
11-21 19:20:01.280  4365  4485 I BrcmNfcNfa: nfa_dm_check_set_config ()
11-21 19:20:01.280  4365  4485 I BrcmNfcNfa: nfa_dm_set_total_duration ()
11-21 19:20:01.280  4365  4485 I BrcmNfcNfa: nfa_dm_check_set_config ()
11-21 19:20:01.280  4365  4485 I BrcmNfcNfa: NFC_DiscoveryStart
11-21 19:20:01.280  4365  4485 D NfcAdaptation: NfcAdaptation::HalPrediscover
11-21 19:20:01.280  4365  4485 I SecHAL  : nfc_hal_pre_discover: enter;
11-21 19:20:01.280  4365  4485 I SecHAL  : nfc_hal_pre_discover: exit;
11-21 19:20:01.280  4365  4525 D SecHAL  : nfc_hal_task: Got a event: Uknown event.(2)
11-21 19:20:01.280  4365  4485 D NfcAdaptation: NfcAdaptation::HalWrite
11-21 19:20:01.280  4365  4485 I SecHAL  : nfc_hal_write: enter;
11-21 19:20:01.280  4365  4525 D SecHAL  : nfc_hal_task: current state: SERVICE
11-21 19:20:01.280  4365  4485 I SecHAL  : nfc_hal_write: exit;
11-21 19:20:01.280  4365  4525 D SecHAL  : nfc_hal_task: Got a event: HAL_EVT_WRITE(3)
11-21 19:20:01.280  4365  4525 D SecHAL  : nfc_hal_task: current state: SERVICE
11-21 19:20:01.280  4365  4485 I BrcmNfcNfa: NFC_DiscoveryStart status: 0xe3
11-21 19:20:01.280  4365  4525 I SecHAL  : device_wakeup: Wakeup! in 80 ms
11-21 19:20:01.361  4365  4525 I SecHAL  : device_wakeup: exit
11-21 19:20:01.361  4365  4525 I SecHAL  : OSI_timer_start: enter,osi_lock
11-21 19:20:01.361  4365  4525 I SecHAL  : OSI_timer_start: before pthread_create for timer thread
11-21 19:20:01.361  4365  4525 I SecHAL  : OSI_timer_start: after pthread_create for timer thread
11-21 19:20:01.361  4365  4525 I SecHAL  : OSI_timer_start: before osi_unlock
11-21 19:20:01.361  4365  4525 I SecHAL  : OSI_timer_start: exit
11-21 19:20:01.361  4365  4525 I SecHAL  : device_write: enter
11-21 19:20:01.361  4365  4525 I SecHAL  : device_write: before system call
11-21 19:20:01.361  4365  4525 I SecHAL  : device_write: after system call
11-21 19:20:01.361  4365  4525 D SecHAL  : data_trace:  Send(  8) 21 03 05   02 00 01 80 01 
11-21 19:20:01.361  4365  4525 I SecHAL  : device_write: exit
11-21 19:20:01.369  4365  4525 D SecHAL  : nfc_hal_task: Got a event: HAL_EVT_READ(4)
11-21 19:20:01.369  4365  4524 D SecHAL  : read_thread: Sent message to HAL message task, remind que: 2
11-21 19:20:01.369  4365  4525 D SecHAL  : nfc_hal_task: current state: SERVICE
11-21 19:20:01.370  4365  4525 D SecHAL  : data_trace:  Recv(  4) 41 03 01   00 
11-21 19:20:01.370  4365  4525 I SecHAL  : OSI_timer_start: enter,osi_lock
11-21 19:20:01.370  4365  4525 I SecHAL  : OSI_timer_start: before osi_unlock
11-21 19:20:01.370  4365  4525 I SecHAL  : OSI_timer_start: exit
11-21 19:20:01.370  4365  4525 I SecHAL  : nfc_data_callback: !
11-21 19:20:01.370  4365  4525 D NfcAdaptation: NfcAdaptation::HalDeviceContextDataCallback: len=4
11-21 19:20:01.370  4365  4485 I BrcmNfcNfa: NFC received rsp gid:1
11-21 19:20:01.370  4365  4485 I BrcmNfcNfa: p2p priority is running under bail out mode ONLY.
11-21 19:20:01.370  4365  4485 I BrcmNfcNfa: nfa_dm_disc_discovery_cback (): event:0x4000
11-21 19:20:01.370  4365  4485 I BrcmNfcNfa: nfa_dm_disc_sm_execute (): state: IDLE (0), event: DISCOVER_RSP(1) disc_flags: 0x31
11-21 19:20:01.370  4365  4485 I BrcmNfcNfa: nfa_dm_disc_new_state (): old_state: IDLE (0), new_state: DISCOVERY (1) disc_flags: 0x11
11-21 19:20:01.370  4365  4485 I BrcmNfcNfa: nfa_dm_poll_disc_cback (): event:0x00
11-21 19:20:01.370  4365  4485 D BrcmNfcJni: nfaConnectionCallback: event= 30
11-21 19:20:01.370  4365  4485 D BrcmNfcJni: nfaConnectionCallback: NFA_RF_DISCOVERY_STARTED_EVT: status = 0
11-21 19:20:01.370  4365  4485 I BrcmNfcNfa: nfa_dm_disc_sm_execute (): new state: DISCOVERY (1), disc_flags: 0x1
11-21 19:20:01.370  4365  4911 D BrcmNfcJni: PowerSwitch::setModeOn(activated=0x1) : mCurrActivity=0x1
11-21 19:20:01.370  4365  4911 D BrcmNfcJni: nfcManager_enableDiscovery: exit
11-21 19:20:02.114  3757  3757 D PhoneStatusBar: disable: < expand ICONS alerts SYSTEM_INFO back HOME RECENT clock SEARCH quick_settings >
11-21 19:20:02.128  3215  3379 W APM_AudioPolicyManager: getOutput() could not find output for stream 1, samplingRate 0,format 0, channels 3, flags 0
11-21 19:20:02.128  3215  3215 W APM_AudioPolicyManager: getOutput() could not find output for stream 1, samplingRate 0,format 0, channels 3, flags 0
11-21 19:20:02.129  3215  3379 W APM_AudioPolicyManager: getOutput() could not find output for stream 1, samplingRate 44100,format 1, channels 3, flags 4
11-21 19:20:02.129  3757  3757 E AudioTrack: Could not get audio output for session 9, stream type -1, usage 13, sample rate 44100, format 0x1, channel mask 0x3, flags 0x4
11-21 19:20:02.129  3757  3757 E SoundPool: Error creating AudioTrack
11-21 19:20:02.129  3757  3757 D PhoneStatusBar: disable: < expand icons* alerts system_info* back HOME RECENT clock SEARCH quick_settings >
11-21 19:20:02.130  3581  4401 I Sensors : Proximity old sensor_state 129, new sensor_state : 1 en : 0
11-21 19:20:02.139  4430  4430 W System  : ClassLoader referenced unknown path: 
11-21 19:20:02.139  4430  4430 W System  : ClassLoader referenced unknown path: /system/app/LockClock/lib/arm64
11-21 19:20:02.139  4430  4430 D ApplicationLoaders: ignored Vulkan layer search path /system/app/LockClock/lib/arm64:/system/lib64:/vendor/lib64 for namespace 0x7fb314d0f0
11-21 19:20:02.141  4365  4481 D BrcmNfcJni: nfcManager_enableDiscovery: enter; tech_mask = ef
11-21 19:20:02.141  4365  4481 D BrcmNfcJni: PowerSwitch::setLevel: level=PS-FULL (1)
11-21 19:20:02.141  4365  4481 D BrcmNfcJni: startRfDiscovery: is start=0
11-21 19:20:02.141  4365  4481 I BrcmNfcNfa: NFA_StopRfDiscovery ()
11-21 19:20:02.141  4365  4485 I BrcmNfcNfa: NFA got event 0x010F
11-21 19:20:02.141  4365  4485 I BrcmNfcNfa: nfa_dm_evt_hdlr event: NFA_DM_API_STOP_RF_DISCOVERY_EVT (0x0f)
11-21 19:20:02.141  4365  4485 I BrcmNfcNfa: nfa_dm_act_stop_rf_discovery ()
11-21 19:20:02.141  4365  4485 I BrcmNfcNfa: nfa_dm_rf_deactivate () deactivate_type:0x0
11-21 19:20:02.141  4365  4485 I BrcmNfcNfa: nfa_dm_disc_sm_execute (): state: DISCOVERY (1), event: DEACTIVATE_CMD(6) disc_flags: 0x2
11-21 19:20:02.141  4365  4485 I BrcmNfcNfa: NFC_Deactivate 4 (IDLE) deactivate_type:0
11-21 19:20:02.141  4365  4485 D NfcAdaptation: NfcAdaptation::HalWrite
11-21 19:20:02.141  4365  4485 I SecHAL  : nfc_hal_write: enter;
11-21 19:20:02.141  4365  4485 I SecHAL  : nfc_hal_write: exit;
11-21 19:20:02.141  4365  4525 D SecHAL  : nfc_hal_task: Got a event: HAL_EVT_WRITE(3)
11-21 19:20:02.141  4365  4485 I BrcmNfcNfa: nfa_dm_disc_sm_execute (): new state: DISCOVERY (1), disc_flags: 0x22
11-21 19:20:02.141  4365  4525 D SecHAL  : nfc_hal_task: current state: SERVICE
11-21 19:20:02.141  4365  4485 I BrcmNfcNfa: nfa_sys_ptim_stop_timer a7faf010
11-21 19:20:02.141  4365  4525 I SecHAL  : OSI_timer_start: enter,osi_lock
11-21 19:20:02.141  4365  4485 I BrcmNfcNfa: ptim timer stop
11-21 19:20:02.141  4365  4525 I SecHAL  : OSI_timer_start: before osi_unlock
11-21 19:20:02.141  4365  4485 I BrcmNfcNfa: Stopped presence check timer (if started)
11-21 19:20:02.141  4365  4525 I SecHAL  : OSI_timer_start: exit
11-21 19:20:02.141  4365  4525 I SecHAL  : device_write: enter
11-21 19:20:02.141  4365  4525 I SecHAL  : device_write: before system call
11-21 19:20:02.141  4365  4525 I SecHAL  : device_write: after system call
11-21 19:20:02.141  4365  4525 D SecHAL  : data_trace:  Send(  4) 21 06 01   00 
11-21 19:20:02.141  4365  4525 I SecHAL  : device_write: exit
11-21 19:20:02.144  4365  4525 D SecHAL  : nfc_hal_task: Got a event: HAL_EVT_READ(4)
11-21 19:20:02.144  4365  4524 D SecHAL  : read_thread: Sent message to HAL message task, remind que: 2
11-21 19:20:02.144  4365  4525 D SecHAL  : nfc_hal_task: current state: SERVICE
11-21 19:20:02.144  4365  4525 D SecHAL  : data_trace:  Recv(  4) 41 06 01   00 
11-21 19:20:02.144  4365  4525 I SecHAL  : OSI_timer_start: enter,osi_lock
11-21 19:20:02.144  4365  4525 I SecHAL  : OSI_timer_start: before osi_unlock
11-21 19:20:02.144  4365  4525 I SecHAL  : OSI_timer_start: exit
11-21 19:20:02.144  4365  4525 I SecHAL  : nfc_data_callback: !
11-21 19:20:02.144  4365  4525 D NfcAdaptation: NfcAdaptation::HalDeviceContextDataCallback: len=4
11-21 19:20:02.144  4365  4485 I BrcmNfcNfa: NFC received rsp gid:1
11-21 19:20:02.144  4365  4485 I BrcmNfcNfa: p2p priority is running under bail out mode ONLY.
11-21 19:20:02.144  4365  4485 I BrcmNfcNfa: nfc_set_state 4 (IDLE)->4 (IDLE)
11-21 19:20:02.144  4365  4485 I BrcmNfcNfa: nfa_dm_disc_data_cback ()
11-21 19:20:02.144  4365  4485 I BrcmNfcNfa: nfa_dm_disc_discovery_cback (): event:0x4005
11-21 19:20:02.144  4365  4485 I BrcmNfcNfa: nfa_dm_disc_sm_execute (): state: DISCOVERY (1), event: DEACTIVATE_RSP(7) disc_flags: 0x22
11-21 19:20:02.144  4365  4485 I BrcmNfcNfa: nfa_dm_disc_new_state (): old_state: DISCOVERY (1), new_state: IDLE (0) disc_flags: 0x2
11-21 19:20:02.144  4365  4485 D BrcmNfcJni: nfaConnectionCallback: event= 31
11-21 19:20:02.145  4365  4485 D BrcmNfcJni: nfaConnectionCallback: NFA_RF_DISCOVERY_STOPPED_EVT: status = 0
11-21 19:20:02.145  4365  4485 I BrcmNfcNfa: nfa_dm_start_rf_discover ()
11-21 19:20:02.145  4365  4481 D BrcmNfcJni: stopPolling_rfDiscoveryDisabled: disable polling
11-21 19:20:02.145  4365  4485 I BrcmNfcNfa: nfa_dm_disc_sm_execute (): new state: IDLE (0), disc_flags: 0x0
11-21 19:20:02.145  4365  4481 I BrcmNfcNfa: NFA_DisablePolling ()
11-21 19:20:02.145  4365  4485 I BrcmNfcNfa: NFA got event 0x0107
11-21 19:20:02.145  4365  4485 I BrcmNfcNfa: nfa_dm_evt_hdlr event: NFA_DM_API_DISABLE_POLLING_EVT (0x07)
11-21 19:20:02.145  4365  4485 I BrcmNfcNfa: nfa_dm_act_disable_polling ()
11-21 19:20:02.145  4365  4485 I BrcmNfcNfa: nfa_dm_deactivate_polling ()
11-21 19:20:02.145  4365  4485 I BrcmNfcNfa: nfa_dm_delete_rf_discover () handle=0x1
11-21 19:20:02.145  4365  4485 D BrcmNfcJni: nfaConnectionCallback: event= 1
11-21 19:20:02.145  4365  4485 D BrcmNfcJni: nfaConnectionCallback: NFA_POLL_DISABLED_EVT: status = 0
11-21 19:20:02.145  4365  4481 D BrcmNfcJni: startPolling_rfDiscoveryDisabled: enable polling
11-21 19:20:02.145  4365  4481 I BrcmNfcNfa: NFA_EnablePolling () 0xEF
11-21 19:20:02.145  4365  4481 D BrcmNfcJni: startPolling_rfDiscoveryDisabled: wait for enable event
11-21 19:20:02.145  4365  4485 I BrcmNfcNfa: NFA got event 0x0106
11-21 19:20:02.145  4365  4485 I BrcmNfcNfa: nfa_dm_evt_hdlr event: NFA_DM_API_ENABLE_POLLING_EVT (0x06)
11-21 19:20:02.145  4365  4485 I BrcmNfcNfa: nfa_dm_act_enable_polling ()
11-21 19:20:02.145  4365  4485 I BrcmNfcNfa: nfa_dm_start_polling ()
11-21 19:20:02.145  4365  4485 I BrcmNfcNfa: nfa_dm_add_rf_discover () disc_mask=0x3d7f
11-21 19:20:02.145  4365  4485 D BrcmNfcJni: nfaConnectionCallback: event= 0
11-21 19:20:02.145  4365  4485 D BrcmNfcJni: nfaConnectionCallback: NFA_POLL_ENABLED_EVT: status = 0
11-21 19:20:02.145  4365  4481 D BrcmNfcJni: nfcManager_enableDiscovery: Enable p2pListening
11-21 19:20:02.145  4365  4481 D BrcmNfcJni: PeerToPeer::enableP2pListening: enter isEnable: 1  mIsP2pListening: 0
11-21 19:20:02.145  4365  4481 I BrcmNfcNfa: NFA_P2pSetListenTech (): tech_mask:0xC4
11-21 19:20:02.145  4365  4485 I BrcmNfcNfa: NFA got event 0x010D
11-21 19:20:02.145  4365  4485 I BrcmNfcNfa: nfa_dm_evt_hdlr event: NFA_DM_API_SET_P2P_LISTEN_TECH_EVT (0x0d)
11-21 19:20:02.145  4365  4485 I BrcmNfcNfa: nfa_dm_set_p2p_listen_tech ()  tech_mask = 196
11-21 19:20:02.145  4365  4485 I BrcmNfcNfa: nfa_p2p_update_listen_tech ()  tech_mask = 0xc4
11-21 19:20:02.145  4365  4485 I BrcmNfcNfa: nfa_p2p_enable_listening () sys_id = 3, update_wks = 0
11-21 19:20:02.145  4365  4485 I BrcmNfcNfa: nfa_dm_add_rf_discover () disc_mask=0xc400000
11-21 19:20:02.145  4365  4485 D BrcmNfcJni: nfaConnectionCallback: event= 33
11-21 19:20:02.145  4365  4485 D BrcmNfcJni: nfaConnectionCallback: NFA_SET_P2P_LISTEN_TECH_EVT
11-21 19:20:02.145  4365  4481 D BrcmNfcJni: PeerToPeer::enableP2pListening: exit; mIsP2pListening: 1
11-21 19:20:02.145  4365  4481 I BrcmNfcNfa: NFA_ResumeP2p ()
11-21 19:20:02.145  4365  4481 I BrcmNfcNfa: NFA_EeSetDefaultTechRouting(): handle:<0x3>technology_mask:<0x1>/<0x0>/<0x0>
11-21 19:20:02.145  4365  4485 I BrcmNfcNfa: nfa_ee_find_ecb ()
11-21 19:20:02.145  4365  4481 I BrcmNfcNfa: nfa_ee_find_ecb ()
11-21 19:20:02.145  4365  4485 I BrcmNfcNfa: nfa_dm_evt_hdlr event: NFA_DM_API_RESUME_P2P_EVT (0x0b)
11-21 19:20:02.145  4365  4481 E BrcmNfcNfa: Bad ee_handle
11-21 19:20:02.145  4365  4485 I BrcmNfcNfa: nfa_dm_act_resume_p2p ()
11-21 19:20:02.145  4365  4481 E BrcmNfcJni: Fail to set default tech routing for Nfc-A
11-21 19:20:02.145  4365  4485 D BrcmNfcJni: nfaConnectionCallback: event= 39
11-21 19:20:02.145  4365  4481 I BrcmNfcNfa: NFA_EeSetDefaultProtoRouting(): handle:<0x3>protocol_mask:<0x8>/<0x0>/<0x0>
11-21 19:20:02.145  4365  4485 E BrcmNfcJni: nfaConnectionCallback: unknown event ????
11-21 19:20:02.145  4365  4481 I BrcmNfcNfa: nfa_ee_find_ecb ()
11-21 19:20:02.145  4365  4481 E BrcmNfcNfa: Bad ee_handle
11-21 19:20:02.145  4365  4481 E BrcmNfcJni: Fail to set default proto routing for IsoDep
11-21 19:20:02.145  4365  4481 I BrcmNfcNfa: NFA_EeSetDefaultTechRouting(): handle:<0x0>technology_mask:<0x4>/<0x0>/<0x0>
11-21 19:20:02.145  4365  4481 I BrcmNfcNfa: nfa_ee_find_ecb ()
11-21 19:20:02.145  4365  4485 I BrcmNfcNfa: NFA got event 0x0204
11-21 19:20:02.145  4365  4485 I BrcmNfcNfa: nfa_ee_evt_hdlr (): Event API_SET_TECH_CFG(0x204), State: INIT_DONE(1)
11-21 19:20:02.145  4365  4485 D BrcmNfcJni: RoutingManager::nfaEeCallback: NFA_EE_SET_TECH_CFG_EVT; status=0x0
11-21 19:20:02.145  4365  4481 I BrcmNfcNfa: NFA_EeSetDefaultProtoRouting(): handle:<0x0>protocol_mask:<0x4>/<0x0>/<0x0>
11-21 19:20:02.145  4365  4481 I BrcmNfcNfa: nfa_ee_find_ecb ()
11-21 19:20:02.145  4365  4485 I BrcmNfcNfa: NFA got event 0x0205
11-21 19:20:02.145  4365  4485 I BrcmNfcNfa: nfa_ee_evt_hdlr (): Event API_SET_PROTO_CFG(0x205), State: INIT_DONE(1)
11-21 19:20:02.145  4365  4485 D BrcmNfcJni: RoutingManager::nfaEeCallback: NFA_EE_SET_PROTO_CFG_EVT; status=0x0
11-21 19:20:02.145  4365  4481 D BrcmNfcJni: RoutingManager::commitRouting
11-21 19:20:02.145  4365  4481 I BrcmNfcNfa: NFA_EeUpdateNow()
11-21 19:20:02.145  4365  4485 I BrcmNfcNfa: NFA got event 0x0209
11-21 19:20:02.145  4365  4485 I BrcmNfcNfa: nfa_ee_evt_hdlr (): Event API_UPDATE_NOW(0x209), State: INIT_DONE(1)
11-21 19:20:02.145  4365  4485 I BrcmNfcNfa: nfa_sys_ptim_stop_timer a7fadb80
11-21 19:20:02.145  4365  4485 I BrcmNfcNfa: ptim timer stop
11-21 19:20:02.145  4365  4485 I BrcmNfcNfa: nfa_ee_rout_timeout()
11-21 19:20:02.145  4365  4485 I BrcmNfcNfa: nfa_ee_need_recfg() ee_cfged: 0x90 ee_cfg_sts: 0x10
11-21 19:20:02.145  4365  4485 I BrcmNfcNfa: 0: ecb_flags  : 0x00, mask: 0x10
11-21 19:20:02.145  4365  4485 I BrcmNfcNfa: 1: ecb_flags  : 0x00, mask: 0x01
11-21 19:20:02.145  4365  4485 I BrcmNfcNfa: 2: ecb_flags  : 0x00, mask: 0x02
11-21 19:20:02.145  4365  4485 I BrcmNfcNfa: nfa_ee_report_update_evt ee_wait_evt:0x10 wait_rsp:0
11-21 19:20:02.145  4365  4485 D BrcmNfcJni: RoutingManager::nfaEeCallback: NFA_EE_UPDATED_EVT
11-21 19:20:02.145  4365  4481 D BrcmNfcJni: startRfDiscovery: is start=1
11-21 19:20:02.145  4365  4481 I BrcmNfcNfa: NFA_StartRfDiscovery ()
11-21 19:20:02.145  4365  4485 I BrcmNfcNfa: NFA got event 0x010E
11-21 19:20:02.145  4365  4485 I BrcmNfcNfa: nfa_dm_evt_hdlr event: NFA_DM_API_START_RF_DISCOVERY_EVT (0x0e)
11-21 19:20:02.145  4365  4485 I BrcmNfcNfa: nfa_dm_act_start_rf_discovery ()
11-21 19:20:02.145  4365  4485 I BrcmNfcNfa: nfa_dm_start_rf_discover ()
11-21 19:20:02.145  4365  4485 I BrcmNfcNfa: nfa_ee_get_tech_route(): 1
11-21 19:20:02.145  4365  4485 I BrcmNfcNfa: 0x0, 0x0, 0x0, 0x0
11-21 19:20:02.145  4365  4485 I BrcmNfcNfa: nfa_dm_cb.disc_cb.entry[0].selected_disc_mask = 0x40000
11-21 19:20:02.145  4365  4485 I BrcmNfcNfa: nfa_dm_cb.disc_cb.entry[1].selected_disc_mask = 0x3d7f
11-21 19:20:02.145  4365  4485 I BrcmNfcNfa: nfa_dm_cb.disc_cb.entry[2].selected_disc_mask = 0xc400000
11-21 19:20:02.145  4365  4485 I BrcmNfcNfa: nfa_p2p_set_config ()
11-21 19:20:02.145  4365  4485 I BrcmNfcNfa: LLCP_GetDiscoveryConfig ()
11-21 19:20:02.145  4365  4485 I BrcmNfcNfa: nfa_dm_check_set_config ()
11-21 19:20:02.146  4365  4485 I BrcmNfcNfa: nfa_dm_check_set_config ()
11-21 19:20:02.146  4365  4485 D NfcAdaptation: NfcAdaptation::HalWrite
11-21 19:20:02.146  4365  4485 I SecHAL  : nfc_hal_write: enter;
11-21 19:20:02.146  4365  4485 I SecHAL  : nfc_hal_write: exit;
11-21 19:20:02.146  4365  4525 D SecHAL  : nfc_hal_task: Got a event: HAL_EVT_WRITE(3)
11-21 19:20:02.146  4365  4485 I BrcmNfcNfa: nfa_dm_check_set_config ()
11-21 19:20:02.146  4365  4485 I BrcmNfcNfa: dm_disc_mask = 0xc443d7f
11-21 19:20:02.146  4365  4525 D SecHAL  : nfc_hal_task: current state: SERVICE
11-21 19:20:02.146  4365  4485 I BrcmNfcNfa: nfa_dm_set_rf_listen_mode_config () tech_proto_mask = 0x0C443D7F
11-21 19:20:02.146  4365  4525 I SecHAL  : OSI_timer_start: enter,osi_lock
11-21 19:20:02.146  4365  4485 I BrcmNfcNfa: nfa_dm_check_set_config ()
11-21 19:20:02.146  4365  4525 I SecHAL  : OSI_timer_start: before osi_unlock
11-21 19:20:02.146  4365  4485 I BrcmNfcNfa: nfa_dm_set_total_duration ()
11-21 19:20:02.146  4365  4525 I SecHAL  : OSI_timer_start: exit
11-21 19:20:02.146  4365  4485 I BrcmNfcNfa: nfa_dm_check_set_config ()
11-21 19:20:02.146  4365  4525 I SecHAL  : device_write: enter
11-21 19:20:02.146  4365  4485 I BrcmNfcNfa: NFC_DiscoveryStart
11-21 19:20:02.146  4365  4525 I SecHAL  : device_write: before system call
11-21 19:20:02.146  4365  4485 I BrcmNfcNfa: NFC_DiscoveryStart status: 0xe3
11-21 19:20:02.146  4365  4525 I SecHAL  : device_write: after system call
11-21 19:20:02.146  4365  4525 D SecHAL  : data_trace:  Send( 29) 20 02 1a   02 61 14 46 66 6d 01 01 12 02 02 07 ff 03 02 00 13 04 01 64 07 01 03 60 01 07 
11-21 19:20:02.146  4365  4525 I SecHAL  : device_write: exit
11-21 19:20:02.147  4365  4524 D SecHAL  : read_thread: Sent message to HAL message task, remind que: 2
11-21 19:20:02.147  4365  4525 D SecHAL  : nfc_hal_task: Got a event: HAL_EVT_READ(4)
11-21 19:20:02.147  4365  4525 D SecHAL  : nfc_hal_task: current state: SERVICE
11-21 19:20:02.147  4365  4525 D SecHAL  : data_trace:  Recv(  5) 40 02 02   00 00 
11-21 19:20:02.147  4365  4525 I SecHAL  : OSI_timer_start: enter,osi_lock
11-21 19:20:02.147  4365  4525 I SecHAL  : OSI_timer_start: before osi_unlock
11-21 19:20:02.147  4365  4525 I SecHAL  : OSI_timer_start: exit
11-21 19:20:02.147  4365  4525 I SecHAL  : nfc_data_callback: !
11-21 19:20:02.147  4365  4525 D NfcAdaptation: NfcAdaptation::HalDeviceContextDataCallback: len=5
11-21 19:20:02.147  4365  4485 I BrcmNfcNfa: NFC received rsp gid:0
11-21 19:20:02.147  4365  4485 I BrcmNfcNfa: nci_proc_core_rsp opcode:0x2
11-21 19:20:02.147  4365  4485 I BrcmNfcNfa: nfa_dm_nfc_response_cback () NFC_SET_CONFIG_REVT(0x5002)
11-21 19:20:02.147  4365  4485 D NfcAdaptation: NfcAdaptation::HalWrite
11-21 19:20:02.147  4365  4485 I SecHAL  : nfc_hal_write: enter;
11-21 19:20:02.147  4365  4485 I SecHAL  : nfc_hal_write: exit;
11-21 19:20:02.147  4365  4525 D SecHAL  : nfc_hal_task: Got a event: HAL_EVT_WRITE(3)
11-21 19:20:02.147  4365  4525 D SecHAL  : nfc_hal_task: current state: SERVICE
11-21 19:20:02.147  4365  4525 I SecHAL  : OSI_timer_start: enter,osi_lock
11-21 19:20:02.147  4365  4525 I SecHAL  : OSI_timer_start: before osi_unlock
11-21 19:20:02.147  4365  4525 I SecHAL  : OSI_timer_start: exit
11-21 19:20:02.147  4365  4525 I SecHAL  : device_write: enter
11-21 19:20:02.147  4365  4525 I SecHAL  : device_write: before system call
11-21 19:20:02.147  4365  4525 I SecHAL  : device_write: after system call
11-21 19:20:02.147  4365  4525 D SecHAL  : data_trace:  Send(  7) 20 02 04   01 50 01 02 
11-21 19:20:02.147  4365  4525 I SecHAL  : device_write: exit
11-21 19:20:02.148  4365  4524 D SecHAL  : read_thread: Sent message to HAL message task, remind que: 2
11-21 19:20:02.148  4365  4525 D SecHAL  : nfc_hal_task: Got a event: HAL_EVT_READ(4)
11-21 19:20:02.150  3757  3757 D PhoneStatusBar: disable: < expand icons alerts system_info back home* recent* clock search* quick_settings >
11-21 19:20:02.152  4365  4525 D SecHAL  : nfc_hal_task: current state: SERVICE
11-21 19:20:02.152  4365  4525 D SecHAL  : data_trace:  Recv(  5) 40 02 02   00 00 
11-21 19:20:02.152  4365  4525 I SecHAL  : OSI_timer_start: enter,osi_lock
11-21 19:20:02.152  4365  4525 I SecHAL  : OSI_timer_start: before osi_unlock
11-21 19:20:02.152  4365  4525 I SecHAL  : OSI_timer_start: exit
11-21 19:20:02.152  4365  4525 I SecHAL  : nfc_data_callback: !
11-21 19:20:02.152  4365  4525 D NfcAdaptation: NfcAdaptation::HalDeviceContextDataCallback: len=5
11-21 19:20:02.152  4365  4485 I BrcmNfcNfa: NFC received rsp gid:0
11-21 19:20:02.152  4365  4485 I BrcmNfcNfa: nci_proc_core_rsp opcode:0x2
11-21 19:20:02.152  4365  4485 I BrcmNfcNfa: nfa_dm_nfc_response_cback () NFC_SET_CONFIG_REVT(0x5002)
11-21 19:20:02.152  4365  4485 D NfcAdaptation: NfcAdaptation::HalPrediscover
11-21 19:20:02.152  4365  4485 I SecHAL  : nfc_hal_pre_discover: enter;
11-21 19:20:02.152  4365  4485 I SecHAL  : nfc_hal_pre_discover: exit;
11-21 19:20:02.152  4365  4485 D NfcAdaptation: NfcAdaptation::HalWrite
11-21 19:20:02.152  4365  4525 D SecHAL  : nfc_hal_task: Got a event: Uknown event.(2)
11-21 19:20:02.152  4365  4485 I SecHAL  : nfc_hal_write: enter;
11-21 19:20:02.153  4365  4525 D SecHAL  : nfc_hal_task: current state: SERVICE
11-21 19:20:02.153  4365  4485 I SecHAL  : nfc_hal_write: exit;
11-21 19:20:02.153  4365  4525 D SecHAL  : nfc_hal_task: Got a event: HAL_EVT_WRITE(3)
11-21 19:20:02.153  4365  4525 D SecHAL  : nfc_hal_task: current state: SERVICE
11-21 19:20:02.153  4365  4525 I SecHAL  : OSI_timer_start: enter,osi_lock
11-21 19:20:02.153  4365  4525 I SecHAL  : OSI_timer_start: before osi_unlock
11-21 19:20:02.153  4365  4525 I SecHAL  : OSI_timer_start: exit
11-21 19:20:02.153  4365  4525 I SecHAL  : device_write: enter
11-21 19:20:02.153  4365  4525 I SecHAL  : device_write: before system call
11-21 19:20:02.153  4365  4525 I SecHAL  : device_write: after system call
11-21 19:20:02.153  4365  4525 D SecHAL  : data_trace:  Send( 26) 21 03 17   0b 00 01 01 01 02 01 03 01 05 01 80 01 82 01 83 01 85 01 06 01 77 01 
11-21 19:20:02.153  4365  4525 I SecHAL  : device_write: exit
11-21 19:20:02.161  4365  4524 D SecHAL  : read_thread: Sent message to HAL message task, remind que: 2
11-21 19:20:02.161  4365  4525 D SecHAL  : nfc_hal_task: Got a event: HAL_EVT_READ(4)
11-21 19:20:02.161  4365  4525 D SecHAL  : nfc_hal_task: current state: SERVICE
11-21 19:20:02.161  4365  4525 D SecHAL  : data_trace:  Recv(  4) 41 03 01   00 
11-21 19:20:02.161  4365  4525 I SecHAL  : OSI_timer_start: enter,osi_lock
11-21 19:20:02.161  4365  4525 I SecHAL  : OSI_timer_start: before osi_unlock
11-21 19:20:02.161  4365  4525 I SecHAL  : OSI_timer_start: exit
11-21 19:20:02.161  4365  4525 I SecHAL  : nfc_data_callback: !
11-21 19:20:02.161  4365  4525 D NfcAdaptation: NfcAdaptation::HalDeviceContextDataCallback: len=4
11-21 19:20:02.161  4365  4485 I BrcmNfcNfa: NFC received rsp gid:1
11-21 19:20:02.161  4365  4485 I BrcmNfcNfa: p2p priority is running under bail out mode ONLY.
11-21 19:20:02.161  4365  4485 I BrcmNfcNfa: nfa_dm_disc_discovery_cback (): event:0x4000
11-21 19:20:02.161  4365  4485 I BrcmNfcNfa: nfa_dm_disc_sm_execute (): state: IDLE (0), event: DISCOVER_RSP(1) disc_flags: 0x31
11-21 19:20:02.161  4365  4485 I BrcmNfcNfa: nfa_dm_disc_new_state (): old_state: IDLE (0), new_state: DISCOVERY (1) disc_flags: 0x11
11-21 19:20:02.161  4365  4485 I BrcmNfcNfa: nfa_dm_poll_disc_cback (): event:0x00
11-21 19:20:02.161  4365  4485 I BrcmNfcNfa: nfa_p2p_discovery_cback (): event:0x00
11-21 19:20:02.161  4365  4485 D BrcmNfcJni: nfaConnectionCallback: event= 30
11-21 19:20:02.161  4365  4485 D BrcmNfcJni: nfaConnectionCallback: NFA_RF_DISCOVERY_STARTED_EVT: status = 0
11-21 19:20:02.161  4365  4485 I BrcmNfcNfa: nfa_dm_disc_sm_execute (): new state: DISCOVERY (1), disc_flags: 0x1
11-21 19:20:02.161  4365  4481 D BrcmNfcJni: PowerSwitch::setModeOn(activated=0x1) : mCurrActivity=0x1
11-21 19:20:02.161  4365  4481 D BrcmNfcJni: nfcManager_enableDiscovery: exit
11-21 19:20:02.199  4430  4430 D android.widget.GridLayout: vertical constraints: y2-y0>=462, y2-y0<=448, y2-y1<=182 are inconsistent; permanently removing: y2-y0<=448. 
11-21 19:20:02.199  3757  3929 D mali_winsys: EGLint new_window_surface(egl_winsys_display*, void*, EGLSurface, EGLConfig, egl_winsys_surface**, egl_color_buffer_format*, EGLBoolean) returns 0x3000,  [1440x168]-format:1
11-21 19:20:02.610  3581  3901 I ActivityManager: Setting hasTopUi=false for pid=3757
11-21 19:20:02.633  3757  3929 D mali_winsys: EGLint new_window_surface(egl_winsys_display*, void*, EGLSurface, EGLConfig, egl_winsys_surface**, egl_color_buffer_format*, EGLBoolean) returns 0x3000,  [1440x84]-format:1
11-21 19:20:02.950  3581  3901 I ActivityManager: Setting hasTopUi=true for pid=3757
11-21 19:20:02.950  3757  3757 D PhoneStatusBar: disable: < expand ICONS* alerts SYSTEM_INFO* back home recent clock search quick_settings >
11-21 19:20:02.979  3757  3929 D mali_winsys: EGLint new_window_surface(egl_winsys_display*, void*, EGLSurface, EGLConfig, egl_winsys_surface**, egl_color_buffer_format*, EGLBoolean) returns 0x3000,  [1440x2960]-format:1
11-21 19:20:03.230  4365  4918 I SecHAL  : device_sleep: NFC can be going to sleep
11-21 19:20:03.843  3215  3215 W APM_AudioPolicyManager: getOutput() could not find output for stream 1, samplingRate 0,format 0, channels 3, flags 0
11-21 19:20:03.843  3215  3379 W APM_AudioPolicyManager: getOutput() could not find output for stream 1, samplingRate 0,format 0, channels 3, flags 0
11-21 19:20:03.843  3215  3379 W APM_AudioPolicyManager: getOutput() could not find output for stream 1, samplingRate 48000,format 1, channels 3, flags 4
11-21 19:20:03.843  3581  3692 E AudioTrack: Could not get audio output for session 17, stream type -1, usage 13, sample rate 48000, format 0x1, channel mask 0x3, flags 0x4
11-21 19:20:03.843  3581  3692 E SoundPool: Error creating AudioTrack
11-21 19:20:03.844  3581  3900 I ActivityManager: START u0 {act=android.settings.SETTINGS flg=0x14000000 cmp=com.android.settings/.Settings} from uid 10033 on display 0
11-21 19:20:03.849  3581  3593 E ActivityManager: applyOptionsLocked: Unknown animationType=0
11-21 19:20:03.901  3903  3903 W TileUtils: Found com.android.settings.Settings$PaymentSettingsActivity for intent Intent { act=com.android.settings.action.SETTINGS pkg=com.android.settings } missing metadata com.android.settings.category
11-21 19:20:03.905  3903  3903 W TileUtils: Found com.android.systemui.tuner.TunerActivity for intent Intent { act=com.android.settings.action.EXTRA_SETTINGS } missing metadata 
11-21 19:20:03.916  3903  4950 W System  : ClassLoader referenced unknown path: 
11-21 19:20:03.917  3903  4950 W System  : ClassLoader referenced unknown path: /system/priv-app/CellBroadcastReceiver/lib/arm64
11-21 19:20:03.917  3903  4950 D ApplicationLoaders: ignored Vulkan layer search path /system/priv-app/CellBroadcastReceiver/lib/arm64:/system/lib64:/vendor/lib64 for namespace 0x7fb314d0f0
11-21 19:20:03.947  4560  4560 I Binder:4548_1: type=1400 audit(0.0:187): avc: denied { lock } for path="/data/user_de/0/org.cyanogenmod.cmparts/databases/contributors.db" dev="sda24" ino=3121332 scontext=u:r:system_app:s0 tcontext=u:object_r:system_data_file:s0 tclass=file permissive=1
11-21 19:20:03.947  4560  4560 W Binder:4548_1: type=1300 audit(0.0:187): arch=c00000b7 syscall=25 success=yes exit=0 a0=25 a1=6 a2=7fae2d69c8 a3=d items=0 ppid=3213 auid=4294967295 uid=1000 gid=1000 euid=1000 suid=1000 fsuid=1000 egid=1000 sgid=1000 fsgid=1000 tty=(none) ses=4294967295 exe="/system/bin/app_process64" subj=u:r:system_app:s0 key=(null)
11-21 19:20:03.947  3121  3121 W auditd  : type=1327 audit(0.0:187): proctitle="org.cyanogenmod.cmparts"
11-21 19:20:03.947  3121  3121 W auditd  : type=1320 audit(0.0:187): 
11-21 19:20:03.958  3903  4951 D LocalBluetoothProfileManager: Adding local MAP profile
11-21 19:20:03.959  3903  4951 D BluetoothMap: Create BluetoothMap proxy object
11-21 19:20:03.962  3903  3942 D mali_winsys: EGLint new_window_surface(egl_winsys_display*, void*, EGLSurface, EGLConfig, egl_winsys_surface**, egl_color_buffer_format*, EGLBoolean) returns 0x3000,  [1440x2960]-format:1
11-21 19:20:03.963  3903  4951 D LocalBluetoothProfileManager: LocalBluetoothProfileManager construction complete
11-21 19:20:03.971  3903  4957 W TileUtils: Found com.android.settings.Settings$PaymentSettingsActivity for intent Intent { act=com.android.settings.action.SETTINGS pkg=com.android.settings } missing metadata com.android.settings.category
11-21 19:20:03.973  3903  4957 W TileUtils: Found com.android.systemui.tuner.TunerActivity for intent Intent { act=com.android.settings.action.EXTRA_SETTINGS } missing metadata 
11-21 19:20:03.983  3903  3903 D DashboardSummary: onConditionsChanged
11-21 19:20:03.986  3581  3603 I ActivityManager: Displayed com.android.settings/.Settings: +137ms
11-21 19:20:03.989  3581  3772 I ProcessStatsService: Added stats: 2017-11-21-18-48-29, over +3m7s394ms
11-21 19:20:03.992  3581  3772 I ProcessStatsService: Added stats: 2017-11-21-18-51-50, over +27m25s280ms
11-21 19:20:03.995  4957  4957 I com.android.settings: type=1400 audit(0.0:188): avc: denied { write } for comm=4173796E635461736B202334 name="search_index.db" dev="sda24" ino=3121348 scontext=u:r:system_app:s0 tcontext=u:object_r:system_data_file:s0 tclass=file permissive=1
11-21 19:20:03.995  4957  4957 W com.android.settings: type=1300 audit(0.0:188): arch=c00000b7 syscall=56 success=yes exit=61 a0=ffffff9c a1=7f902f7ac0 a2=a0042 a3=180 items=0 ppid=3213 auid=4294967295 uid=1000 gid=1000 euid=1000 suid=1000 fsuid=1000 egid=1000 sgid=1000 fsgid=1000 tty=(none) ses=4294967295 comm=4173796E635461736B202334 exe="/system/bin/app_process64" subj=u:r:system_app:s0 key=(null)
11-21 19:20:03.995  3121  3121 W auditd  : type=1327 audit(0.0:188): proctitle="com.android.settings"
11-21 19:20:03.995  3121  3121 W auditd  : type=1320 audit(0.0:188): 
11-21 19:20:03.995  4957  4957 I com.android.settings: type=1400 audit(0.0:189): avc: denied { setattr } for comm=4173796E635461736B202334 name="search_index.db" dev="sda24" ino=3121348 scontext=u:r:system_app:s0 tcontext=u:object_r:system_data_file:s0 tclass=file permissive=1
11-21 19:20:03.995  4957  4957 W com.android.settings: type=1300 audit(0.0:189): arch=c00000b7 syscall=53 success=yes exit=0 a0=ffffff9c a1=7f9024a880 a2=1b0 a3=0 items=0 ppid=3213 auid=4294967295 uid=1000 gid=1000 euid=1000 suid=1000 fsuid=1000 egid=1000 sgid=1000 fsgid=1000 tty=(none) ses=4294967295 comm=4173796E635461736B202334 exe="/system/bin/app_process64" subj=u:r:system_app:s0 key=(null)
11-21 19:20:03.995  3121  3121 W auditd  : type=1327 audit(0.0:189): proctitle="com.android.settings"
11-21 19:20:03.995  3121  3121 W auditd  : type=1320 audit(0.0:189): 
11-21 19:20:04.000  3903  4957 I IndexDatabaseHelper: Using schema version: 115
11-21 19:20:04.001  3903  4957 I IndexDatabaseHelper: Index is fine
11-21 19:20:04.002  3903  4957 D Index   : Locale 'es_ES' is already indexed
11-21 19:20:04.006  3903  4951 W ProcStatsManager: No process com.android.providers.calendar/10005 for service com.android.providers.calendar.EmptyService
11-21 19:20:04.006  3903  4951 W ProcStatsManager: No process com.android.providers.calendar/10005 for service com.android.providers.calendar.CalendarProviderIntentService
11-21 19:20:04.007  3903  4951 W ProcStatsManager: No process com.android.carrierconfig/10004 for service com.android.carrierconfig.DefaultCarrierConfigService
11-21 19:20:04.007  3903  4951 W ProcStatsManager: No process com.android.printspooler/10058 for service com.android.printspooler.model.PrintSpoolerService
11-21 19:20:04.007  3903  4951 W ProcStatsManager: No process com.android.cellbroadcastreceiver/10008 for service com.android.cellbroadcastreceiver.CellBroadcastConfigService
11-21 19:20:04.007  3903  4951 W ProcStatsManager: No process com.android.onetimeinitializer/10016 for service com.android.onetimeinitializer.OneTimeInitializerService
11-21 19:20:04.007  3903  4951 W ProcStatsManager: No process com.android.keychain/1000 for service com.android.keychain.KeyChainService
11-21 19:20:04.007  3903  4951 W ProcStatsManager: No process com.android.exchange/10045 for service com.android.exchange.service.EasService
11-21 19:20:04.007  3903  4951 W ProcStatsManager: No process com.android.bluetooth/1002 for service com.android.bluetooth.btservice.AdapterService
11-21 19:20:04.014  3903  4957 D Index   : Indexing locale 'es_ES' took 11 millis
11-21 19:20:04.024  3903  4957 D Index   : Indexing locale 'es_ES' took 5 millis
11-21 19:20:04.028  3903  4951 I StorageManager: readLong(): Path doesn't exist: /sys/block/mmcblk0/size: java.io.FileNotFoundException: /sys/block/mmcblk0/size (No such file or directory)
11-21 19:20:04.090  3581  3593 E BatteryStatsService: no controller energy info supplied
11-21 19:20:04.210  3581  3594 I ActivityManager: Setting hasTopUi=false for pid=3757
11-21 19:20:04.211  3757  3757 D PhoneStatusBar: disable: < expand icons* alerts system_info* back home recent clock search quick_settings >
11-21 19:20:04.248  3757  3929 D mali_winsys: EGLint new_window_surface(egl_winsys_display*, void*, EGLSurface, EGLConfig, egl_winsys_surface**, egl_color_buffer_format*, EGLBoolean) returns 0x3000,  [1440x84]-format:1
11-21 19:20:05.793  3215  3215 W APM_AudioPolicyManager: getOutput() could not find output for stream 1, samplingRate 0,format 0, channels 3, flags 0
11-21 19:20:05.793  3215  3379 W APM_AudioPolicyManager: getOutput() could not find output for stream 1, samplingRate 0,format 0, channels 3, flags 0
11-21 19:20:05.793  3215  3379 W APM_AudioPolicyManager: getOutput() could not find output for stream 1, samplingRate 48000,format 1, channels 3, flags 4
11-21 19:20:05.793  3581  3692 E AudioTrack: Could not get audio output for session 25, stream type -1, usage 13, sample rate 48000, format 0x1, channel mask 0x3, flags 0x4
11-21 19:20:05.793  3581  3692 E SoundPool: Error creating AudioTrack
11-21 19:20:05.793  3581  4405 I ActivityManager: START u0 {flg=0x8000 cmp=com.android.settings/.Settings$DevelopmentSettingsActivity (has extras)} from uid 1000 on display 0
11-21 19:20:05.827  3903  3903 D ConstraintsHelper: construct key=advanced_reboot available=true
11-21 19:20:05.831  3581  3771 E UserRestrictionsUtils: Unknown restriction: null
11-21 19:20:05.831  3581  4401 E UserRestrictionsUtils: Unknown restriction: null
11-21 19:20:05.833  3903  3903 D ConstraintsHelper: construct key=adb_notify available=true
11-21 19:20:05.838  3903  3903 D ConstraintsHelper: construct key=kill_app_longpress_back available=true
11-21 19:20:05.841  3581  3594 D CryptdConnector: SND -> {6 cryptfs isConvertibleToFBE}
11-21 19:20:05.841  3113  3179 D VoldCryptCmdListener: cryptfs isConvertibleToFBE
11-21 19:20:05.841  3581  3650 D CryptdConnector: RCV <- {200 6 0}
11-21 19:20:05.870  3903  4955 D Index   : Indexing locale 'es_ES' took 3 millis
11-21 19:20:05.871  3903  3903 W Settings: Setting bugreport_in_power_menu has moved from android.provider.Settings.Secure to android.provider.Settings.Global.
11-21 19:20:05.880  3903  4955 D Index   : Indexing locale 'es_ES' took 4 millis
11-21 19:20:05.893  3903  3942 D mali_winsys: EGLint new_window_surface(egl_winsys_display*, void*, EGLSurface, EGLConfig, egl_winsys_surface**, egl_color_buffer_format*, EGLBoolean) returns 0x3000,  [1440x2960]-format:1
11-21 19:20:05.894  3903  4955 W TileUtils: Found com.android.settings.Settings$PaymentSettingsActivity for intent Intent { act=com.android.settings.action.SETTINGS pkg=com.android.settings } missing metadata com.android.settings.category
11-21 19:20:05.895  3903  4955 W TileUtils: Found com.android.systemui.tuner.TunerActivity for intent Intent { act=com.android.settings.action.EXTRA_SETTINGS } missing metadata 
11-21 19:20:05.959  3581  3603 I ActivityManager: Displayed com.android.settings/.Settings$DevelopmentSettingsActivity: +162ms
11-21 19:20:05.968  3903  3942 D OpenGLRenderer: endAllActiveAnimators on 0x7f89f7b000 (RippleDrawable) with handle 0x7f902db700
11-21 19:20:05.991  4955  4955 I com.android.settings: type=1400 audit(0.0:190): avc: denied { call } for comm=4173796E635461736B202332 scontext=u:r:system_app:s0 tcontext=u:r:netd:s0 tclass=binder permissive=1
11-21 19:20:05.991  4955  4955 W com.android.settings: type=1300 audit(0.0:190): arch=c00000b7 syscall=29 success=yes exit=0 a0=9 a1=c0306201 a2=7f8e4627e8 a3=83 items=0 ppid=3213 auid=4294967295 uid=1000 gid=1000 euid=1000 suid=1000 fsuid=1000 egid=1000 sgid=1000 fsgid=1000 tty=(none) ses=4294967295 comm=4173796E635461736B202332 exe="/system/bin/app_process64" subj=u:r:system_app:s0 key=(null)
11-21 19:20:05.991  3121  3121 W auditd  : type=1327 audit(0.0:190): proctitle="com.android.settings"
11-21 19:20:05.991  3121  3121 W auditd  : type=1320 audit(0.0:190): 
11-21 19:20:05.994  3197  3197 E SELinux : avc:  denied  { find } for service=netd pid=3903 uid=1000 scontext=u:r:system_app:s0 tcontext=u:object_r:netd_service:s0 tclass=service_manager permissive=1
11-21 19:20:05.999  4955  4955 I com.android.settings: type=1400 audit(0.0:191): avc: denied { call } for comm=4173796E635461736B202332 scontext=u:r:system_app:s0 tcontext=u:r:fingerprintd:s0 tclass=binder permissive=1
11-21 19:20:05.999  4955  4955 W com.android.settings: type=1300 audit(0.0:191): arch=c00000b7 syscall=29 success=yes exit=0 a0=9 a1=c0306201 a2=7f8e4627e8 a3=92 items=0 ppid=3213 auid=4294967295 uid=1000 gid=1000 euid=1000 suid=1000 fsuid=1000 egid=1000 sgid=1000 fsgid=1000 tty=(none) ses=4294967295 comm=4173796E635461736B202332 exe="/system/bin/app_process64" subj=u:r:system_app:s0 key=(null)
11-21 19:20:05.999  3121  3121 W auditd  : type=1327 audit(0.0:191): proctitle="com.android.settings"
11-21 19:20:05.999  3121  3121 W auditd  : type=1320 audit(0.0:191): 
11-21 19:20:05.999  4955  4955 I com.android.settings: type=1400 audit(0.0:192): avc: denied { call } for comm=4173796E635461736B202332 scontext=u:r:system_app:s0 tcontext=u:r:sensorhubservice:s0 tclass=binder permissive=1
11-21 19:20:05.999  4955  4955 W com.android.settings: type=1300 audit(0.0:192): arch=c00000b7 syscall=29 success=yes exit=0 a0=9 a1=c0306201 a2=7f8e4627e8 a3=94 items=0 ppid=3213 auid=4294967295 uid=1000 gid=1000 euid=1000 suid=1000 fsuid=1000 egid=1000 sgid=1000 fsgid=1000 tty=(none) ses=4294967295 comm=4173796E635461736B202332 exe="/system/bin/app_process64" subj=u:r:system_app:s0 key=(null)
11-21 19:20:05.999  3121  3121 W auditd  : type=1327 audit(0.0:192): proctitle="com.android.settings"
11-21 19:20:05.999  3121  3121 W auditd  : type=1320 audit(0.0:192): 
11-21 19:20:08.830  4627  4655 D InitAlarmsService: Clearing and rescheduling alarms.
11-21 19:20:09.610  3215  3215 W APM_AudioPolicyManager: getOutput() could not find output for stream 1, samplingRate 0,format 0, channels 3, flags 0
11-21 19:20:09.610  3215  3379 W APM_AudioPolicyManager: getOutput() could not find output for stream 1, samplingRate 0,format 0, channels 3, flags 0
11-21 19:20:09.610  3215  3379 W APM_AudioPolicyManager: getOutput() could not find output for stream 1, samplingRate 48000,format 1, channels 3, flags 4
11-21 19:20:09.610  3581  3692 E AudioTrack: Could not get audio output for session 33, stream type -1, usage 13, sample rate 48000, format 0x1, channel mask 0x3, flags 0x4
11-21 19:20:09.611  3581  3692 E SoundPool: Error creating AudioTrack
11-21 19:20:09.615     1     1 I init    : type=1400 audit(0.0:193): avc: denied { write } for name="UDC" dev="configfs" ino=27416 scontext=u:r:init:s0 tcontext=u:object_r:configfs:s0 tclass=file permissive=1
11-21 19:20:09.616  3581  3601 I UsbDeviceManager: Setting USB config to mtp
11-21 19:20:09.618  4548  4555 W art     : Receiving file descriptor from ADB failed (socket 30): Connection reset by peer
11-21 19:20:09.618  4416  4423 W art     : Receiving file descriptor from ADB failed (socket 3): Connection reset by peer
11-21 19:20:09.618  4254  4261 W art     : Receiving file descriptor from ADB failed (socket 3): Connection reset by peer
11-21 19:20:09.618  3903  3910 W art     : Receiving file descriptor from ADB failed (socket 30): Connection reset by peer
11-21 19:20:09.619  4839  4846 W art     : Receiving file descriptor from ADB failed (socket 3): Connection reset by peer
11-21 19:20:10.195  4523  4523 I MediaScannerSer: type=1400 audit(0.0:194): avc: denied { write } for name="external.db" dev="sda24" ino=2015521 scontext=u:r:priv_app:s0:c512,c768 tcontext=u:object_r:system_data_file:s0:c512,c768 tclass=file permissive=1
11-21 19:20:10.195  4523  4523 W MediaScannerSer: type=1300 audit(0.0:194): arch=c00000b7 syscall=56 success=yes exit=53 a0=ffffff9c a1=7fa7a7f2c0 a2=a0042 a3=180 items=0 ppid=3213 auid=4294967295 uid=10009 gid=10009 euid=10009 suid=10009 fsuid=10009 egid=10009 sgid=10009 fsgid=10009 tty=(none) ses=4294967295 exe="/system/bin/app_process64" subj=u:r:priv_app:s0:c512,c768 key=(null)
11-21 19:20:10.195  3121  3121 W auditd  : type=1327 audit(0.0:194): proctitle="android.process.media"
11-21 19:20:10.195  3121  3121 W auditd  : type=1320 audit(0.0:194): 
11-21 19:20:10.280  4466  4466 D MtpService: starting MTP server in MTP mode
11-21 19:20:11.211  3215  3215 W APM_AudioPolicyManager: getOutput() could not find output for stream 1, samplingRate 0,format 0, channels 3, flags 0
11-21 19:20:11.211  3215  3379 W APM_AudioPolicyManager: getOutput() could not find output for stream 1, samplingRate 0,format 0, channels 3, flags 0
11-21 19:20:11.212  3215  3379 W APM_AudioPolicyManager: getOutput() could not find output for stream 1, samplingRate 48000,format 1, channels 3, flags 4
11-21 19:20:11.212  3581  3692 E AudioTrack: Could not get audio output for session 41, stream type -1, usage 13, sample rate 48000, format 0x1, channel mask 0x3, flags 0x4
11-21 19:20:11.212  3581  3692 E SoundPool: Error creating AudioTrack
11-21 19:20:11.259  3903  3942 D mali_winsys: EGLint new_window_surface(egl_winsys_display*, void*, EGLSurface, EGLConfig, egl_winsys_surface**, egl_color_buffer_format*, EGLBoolean) returns 0x3000,  [1590x1135]-format:1
11-21 19:20:13.774  3215  3215 W APM_AudioPolicyManager: getOutput() could not find output for stream 1, samplingRate 0,format 0, channels 3, flags 0
11-21 19:20:13.774  3215  3379 W APM_AudioPolicyManager: getOutput() could not find output for stream 1, samplingRate 0,format 0, channels 3, flags 0
11-21 19:20:13.774  3215  3379 W APM_AudioPolicyManager: getOutput() could not find output for stream 1, samplingRate 48000,format 1, channels 3, flags 4
11-21 19:20:13.775  3581  3692 E AudioTrack: Could not get audio output for session 49, stream type -1, usage 13, sample rate 48000, format 0x1, channel mask 0x3, flags 0x4
11-21 19:20:13.775  3581  3692 E SoundPool: Error creating AudioTrack
11-21 19:20:13.779  3581  3601 I UsbDeviceManager: Setting USB config to adb
11-21 19:20:13.795  3581  3594 W InputMethodManagerService: Window already focused, ignoring focus gain of: com.android.internal.view.IInputMethodClient$Stub$Proxy@740c07a attribute=null, token = android.os.BinderProxy@a3880e6
11-21 19:20:14.835  3581  3601 E UsbDeviceManager: waitForState(adb) FAILED: got none
11-21 19:20:14.836  3581  3601 E UsbDeviceManager: Failed to switch USB config to adb
11-21 19:20:14.836  3581  3601 E UsbDeviceManager: Failsafe 1: Restoring previous USB functions.
11-21 19:20:14.836  3581  3601 I UsbDeviceManager: Setting USB config to mtp,adb
11-21 19:20:14.888  3581  3601 I UsbDeviceManager: Setting USB config to adb
11-21 19:20:15.898  3581  3601 E UsbDeviceManager: waitForState(adb) FAILED: got none
11-21 19:20:15.899  3581  3601 E UsbDeviceManager: Failed to switch USB config to adb
11-21 19:20:15.899  3581  3601 E UsbDeviceManager: Failsafe 1: Restoring previous USB functions.
11-21 19:20:15.899  3581  3601 I UsbDeviceManager: Setting USB config to mtp,adb
11-21 19:20:15.902  3581  3587 E art     : adb connection max retries exceeded
11-21 19:20:15.903  3903  3910 W art     : Receiving file descriptor from ADB failed (socket 30): Connection reset by peer
11-21 19:20:15.905  4466  4473 W art     : Receiving file descriptor from ADB failed (socket 52): Connection reset by peer
11-21 19:20:15.906  4530  4537 W art     : Receiving file descriptor from ADB failed (socket 3): Connection reset by peer
11-21 19:20:16.397  4466  4466 D MtpService: starting MTP server in MTP mode
11-21 19:20:16.499  4523  4523 I MediaScannerSer: type=1400 audit(0.0:195): avc: denied { setattr } for name="internal.db" dev="sda24" ino=2015608 scontext=u:r:priv_app:s0:c512,c768 tcontext=u:object_r:system_data_file:s0:c512,c768 tclass=file permissive=1
11-21 19:20:16.499  4523  4523 W MediaScannerSer: type=1300 audit(0.0:195): arch=c00000b7 syscall=53 success=yes exit=0 a0=ffffff9c a1=7f92ed8900 a2=1b0 a3=0 items=0 ppid=3213 auid=4294967295 uid=10009 gid=10009 euid=10009 suid=10009 fsuid=10009 egid=10009 sgid=10009 fsgid=10009 tty=(none) ses=4294967295 exe="/system/bin/app_process64" subj=u:r:priv_app:s0:c512,c768 key=(null)
11-21 19:20:16.499  3121  3121 W auditd  : type=1327 audit(0.0:195): proctitle="android.process.media"
11-21 19:20:16.499  3121  3121 W auditd  : type=1320 audit(0.0:195): 
