09-26 00:54:33.474  3565  3582 E libgps  : IPC Communication Error, ../../../../tmp/15194007_282637/allPartners/os/android/gps_interface/gpsi_client/GpsiClient.cpp:631 SendGpsExtensionMessage
09-26 00:54:33.474  3565  3582 D libgps  : agps_set_server: Waiting for IPC connection...
09-26 00:54:33.494  3197  3197 I MediaPlayerService: MediaPlayerService::getOMX
09-26 00:54:33.494  4358  4956 I OMXClient: MuxOMX ctor
09-26 00:54:33.495  3194  4137 I OMXMaster: makeComponentInstance(OMX.google.vorbis.decoder) in mediacodec process
09-26 00:54:33.527  3565  4396 I chatty  : uid=1000(system) Binder:3565_D expire 11 lines
09-26 00:54:33.549  3565  4074 I chatty  : uid=1000(system) Binder:3565_6 expire 9 lines
09-26 00:54:33.575  3565  4395 I chatty  : uid=1000(system) Binder:3565_C expire 9 lines
09-26 00:54:33.579  3565  4191 I chatty  : uid=1000(system) Binder:3565_7 expire 17 lines
09-26 00:54:33.651  3565  4390 I chatty  : uid=1000(system) Binder:3565_9 expire 22 lines
09-26 00:54:34.258  3565  4392 I chatty  : uid=1000(system) Binder:3565_A expire 20 lines
09-26 00:54:34.275  3565  3732 I chatty  : uid=1000(system) Binder:3565_4 expire 9 lines
09-26 00:54:34.278  3565  4396 I chatty  : uid=1000(system) Binder:3565_D expire 15 lines
09-26 00:54:34.301  3565  4389 I chatty  : uid=1000(system) Binder:3565_8 expire 15 lines
09-26 00:54:34.305  3565  3731 I chatty  : uid=1000(system) Binder:3565_3 expire 19 lines
09-26 00:54:34.306  3565  4395 I chatty  : uid=1000(system) Binder:3565_C expire 27 lines
09-26 00:54:34.357  3565  3576 I chatty  : uid=1000(system) Binder:3565_1 expire 3 lines
09-26 00:54:34.359  3565  3577 I chatty  : uid=1000(system) Binder:3565_2 expire 14 lines
09-26 00:54:34.381  3565  4397 I chatty  : uid=1000(system) Binder:3565_E expire 8 lines
09-26 00:54:34.384  3565  4191 I chatty  : uid=1000(system) Binder:3565_7 expire 13 lines
09-26 00:54:34.386  3565  4394 I chatty  : uid=1000(system) Binder:3565_B expire 20 lines
09-26 00:54:34.412  3565  4074 I chatty  : uid=1000(system) Binder:3565_6 expire 17 lines
09-26 00:54:34.475  3565  3582 D libgps  : agps_set_server: Waiting for IPC connection - timeout
09-26 00:54:34.475  3565  3582 E libgps  : LIBGPS: Cannot communicate (write) with a GPSD
09-26 00:54:34.475  3565  3582 E libgps  : IPC Communication Error, ../../../../tmp/15194007_282637/allPartners/os/android/gps_interface/gpsi_client/GpsiClient.cpp:1685 agps_set_server
09-26 00:54:34.476  3565  3582 D GnssLocationProvider: GPS configuration:
09-26 00:54:34.476  3565  3582 D GnssLocationProvider:  #Tue Sep 26 00:54:34 GMT-03:00 2017
09-26 00:54:34.476  3565  3582 D GnssLocationProvider: SUPL_VER=0x20000
09-26 00:54:34.476  3565  3582 D GnssLocationProvider: SUPL_PORT=7275
09-26 00:54:34.476  3565  3582 D GnssLocationProvider: XTRA_SERVER_2=http\://gllto2.glpals.com/4day/v4/latest/lto2.dat
09-26 00:54:34.476  3565  3582 D GnssLocationProvider: XTRA_SERVER_1=http\://gllto1.glpals.com/4day/v4/latest/lto2.dat
09-26 00:54:34.476  3565  3582 D GnssLocationProvider: SUPL_HOST=supl.google.com
09-26 00:54:34.476  3565  3582 D GnssLocationProvider: SUPL_MODE=1
09-26 00:54:34.476  3565  3582 D GnssLocationProvider: NTP_SERVER=north-america.pool.ntp.org
09-26 00:54:34.476  3565  3582 D libgps  : SendGpsExtensionMessage: Waiting for IPC connection...
09-26 00:54:34.514  3565  3591 I chatty  : uid=1000(system) android.display expire 1 line
09-26 00:54:34.516  3717  3717 W AudioTrack: AUDIO_OUTPUT_FLAG_FAST denied by client; transfer 4, track 44100 Hz, output 48000 Hz
09-26 00:54:34.517  3565  3876 I chatty  : uid=1000(system) Binder:3565_5 expire 5 lines
09-26 00:54:34.517  4884  4920 W AudioPolicyIntefaceImpl: Skipped to add effects on session 9
09-26 00:54:34.517  4884  4920 I APM_AudioPolicyManager: startOutput() output 21, stream 1, session 9
09-26 00:54:34.518  4884  4916 E AudioFlinger: no wake lock to update, but system ready!
09-26 00:54:34.518  4884  4916 D audio_hw_primary_abox: fast_out-set_audio_route: [PLAYBACK] current-device(none) new-device(speaker) in cur-mode(normal) & new-mode(normal)!
09-26 00:54:34.518  4884  4916 I audio_hw_primary_abox: is_voice_wakeup : ret =  0  , wakeup_baby_cry_enabled = 0  ,  wakeup_mic_enabled = 0 
09-26 00:54:34.518  4884  4916 I audio_route: > audio_route_apply_path : "media-speaker"
09-26 00:54:34.518  4358  4939 I SecHAL  : device_sleep: NFC can be going to sleep
09-26 00:54:34.519  4884  4916 I audio_route: > audio_route_update_path + : "media-speaker" reverse(0)
09-26 00:54:34.519  4884  4916 I audio_route: > audio_route_update_path - : changed(0)
09-26 00:54:34.519  4884  4916 D audio_hw_primary_abox: fast_out-do_set_route: Enabled Audio Route(media-speaker)
09-26 00:54:34.519  4884  4916 I audio_route: > audio_route_apply_path : "gain-media-speaker"
09-26 00:54:34.519  4884  4916 I audio_route: > audio_route_update_path + : "gain-media-speaker" reverse(0)
09-26 00:54:34.519  4884  4916 I audio_route: > audio_route_update_path - : changed(0)
09-26 00:54:34.519  4884  4916 D audio_hw_primary_abox: fast_out-do_set_route: Enabled Audio Gain(gain-media-speaker)
09-26 00:54:34.519  3717  3717 D PhoneStatusBar: disable: < expand icons* ALERTS system_info* back HOME RECENT clock SEARCH quick_settings >
09-26 00:54:34.519  4884  4916 I audio_hw_primary_abox: [do_open_spkamp_stream] Opened PCM Device(/dev/snd/pcmC0D7p) configured Info: Channels(2)  Smapling Rate(48000), Format: Default(0)
09-26 00:54:34.520  3565  3576 I Sensors : Proximity old sensor_state 129, new sensor_state : 1 en : 0
09-26 00:54:34.522  4884  4916 I audio_hw_primary_abox: [do_open_spkamp_stream] Opened PCM Device(/dev/snd/pcmC0D11c) configured Info: Channels(2)  Smapling Rate(48000), Format: Default(0)
09-26 00:54:34.525  4884  4916 I audio_hw_primary_abox: [do_open_spkamp_stream] Opened PCM Device(/dev/snd/pcmC0D12c) configured Info: Channels(2)  Smapling Rate(48000), Format: Default(0)
09-26 00:54:34.530  4884  4916 I audio_hw_primary_abox: [do_open_spkamp_stream] Opened PCM Device(/dev/snd/pcmC0D6p) configured Info: Channels(2)  Smapling Rate(48000), Format: Default(0)
09-26 00:54:34.534  4358  4961 D BrcmNfcJni: nfcManager_enableDiscovery: enter; tech_mask = ef
09-26 00:54:34.534  4358  4961 D BrcmNfcJni: PowerSwitch::setLevel: level=PS-FULL (1)
09-26 00:54:34.534  4358  4961 D BrcmNfcJni: startRfDiscovery: is start=0
09-26 00:54:34.534  4358  4961 I BrcmNfcNfa: NFA_StopRfDiscovery ()
09-26 00:54:34.534  4358  4481 I BrcmNfcNfa: NFA got event 0x010F
09-26 00:54:34.534  4358  4481 I BrcmNfcNfa: nfa_dm_evt_hdlr event: NFA_DM_API_STOP_RF_DISCOVERY_EVT (0x0f)
09-26 00:54:34.534  4358  4481 I BrcmNfcNfa: nfa_dm_act_stop_rf_discovery ()
09-26 00:54:34.534  4358  4481 I BrcmNfcNfa: nfa_dm_rf_deactivate () deactivate_type:0x0
09-26 00:54:34.534  4358  4481 I BrcmNfcNfa: nfa_dm_disc_sm_execute (): state: DISCOVERY (1), event: DEACTIVATE_CMD(6) disc_flags: 0x2
09-26 00:54:34.534  4358  4481 I BrcmNfcNfa: NFC_Deactivate 4 (IDLE) deactivate_type:0
09-26 00:54:34.534  4358  4481 D NfcAdaptation: NfcAdaptation::HalWrite
09-26 00:54:34.534  4358  4481 I SecHAL  : nfc_hal_write: enter;
09-26 00:54:34.534  4358  4481 I SecHAL  : nfc_hal_write: exit;
09-26 00:54:34.534  4358  4536 D SecHAL  : nfc_hal_task: Got a event: HAL_EVT_WRITE(3)
09-26 00:54:34.534  4358  4481 I BrcmNfcNfa: nfa_dm_disc_sm_execute (): new state: DISCOVERY (1), disc_flags: 0x22
09-26 00:54:34.534  4358  4536 D SecHAL  : nfc_hal_task: current state: SERVICE
09-26 00:54:34.534  4358  4481 I BrcmNfcNfa: nfa_sys_ptim_stop_timer 831d3010
09-26 00:54:34.534  4358  4481 I BrcmNfcNfa: ptim timer stop
09-26 00:54:34.534  4358  4536 I SecHAL  : device_wakeup: Wakeup! in 80 ms
09-26 00:54:34.534  4358  4481 I BrcmNfcNfa: Stopped presence check timer (if started)
09-26 00:54:34.549  4884  4916 I audio_hw_primary_abox: fast_out-do_open_output_stream: Opened PCM Device is /dev/snd/pcmC0D2p samplingRate(48000) pcmformat(0)
09-26 00:54:34.549  4884  4916 I audio_hw_primary_abox: fast_out-out_write: Transit to Idle
09-26 00:54:34.551  4884  4916 I audio_hw_primary_abox: fast_out-out_write: Transit to Playing
09-26 00:54:34.554  3717  3895 D mali_winsys: EGLint new_window_surface(egl_winsys_display*, void*, EGLSurface, EGLConfig, egl_winsys_surface**, egl_color_buffer_format*, EGLBoolean) returns 0x3000,  [1440x84]-format:1
09-26 00:54:34.566  3717  3895 D mali_winsys: EGLint new_window_surface(egl_winsys_display*, void*, EGLSurface, EGLConfig, egl_winsys_surface**, egl_color_buffer_format*, EGLBoolean) returns 0x3000,  [1440x168]-format:1
09-26 00:54:34.570  3717  3717 D PhoneStatusBar: disable: < expand icons ALERTS system_info back home* recent* clock SEARCH quick_settings >
09-26 00:54:34.614  4358  4536 I SecHAL  : device_wakeup: exit
09-26 00:54:34.614  4358  4536 I SecHAL  : OSI_timer_start: enter,osi_lock
09-26 00:54:34.614  4358  4536 I SecHAL  : OSI_timer_start: before pthread_create for timer thread
09-26 00:54:34.614  4358  4536 I SecHAL  : OSI_timer_start: after pthread_create for timer thread
09-26 00:54:34.614  4358  4536 I SecHAL  : OSI_timer_start: before osi_unlock
09-26 00:54:34.614  4358  4536 I SecHAL  : OSI_timer_start: exit
09-26 00:54:34.614  4358  4536 I SecHAL  : device_write: enter
09-26 00:54:34.614  4358  4536 I SecHAL  : device_write: before system call
09-26 00:54:34.614  4358  4536 I SecHAL  : device_write: after system call
09-26 00:54:34.614  4358  4536 D SecHAL  : data_trace:  Send(  4) 21 06 01   00 
09-26 00:54:34.614  4358  4536 I SecHAL  : device_write: exit
09-26 00:54:34.617  4358  4535 D SecHAL  : read_thread: Sent message to HAL message task, remind que: 2
09-26 00:54:34.617  4358  4536 D SecHAL  : nfc_hal_task: Got a event: HAL_EVT_READ(4)
09-26 00:54:34.617  4358  4536 D SecHAL  : nfc_hal_task: current state: SERVICE
09-26 00:54:34.617  4358  4536 D SecHAL  : data_trace:  Recv(  4) 41 06 01   00 
09-26 00:54:34.617  4358  4536 I SecHAL  : OSI_timer_start: enter,osi_lock
09-26 00:54:34.617  4358  4536 I SecHAL  : OSI_timer_start: before osi_unlock
09-26 00:54:34.617  4358  4536 I SecHAL  : OSI_timer_start: exit
09-26 00:54:34.617  4358  4536 I SecHAL  : nfc_data_callback: !
09-26 00:54:34.617  4358  4536 D NfcAdaptation: NfcAdaptation::HalDeviceContextDataCallback: len=4
09-26 00:54:34.617  4358  4481 I BrcmNfcNfa: NFC received rsp gid:1
09-26 00:54:34.617  4358  4481 I BrcmNfcNfa: p2p priority is running under bail out mode ONLY.
09-26 00:54:34.617  4358  4481 I BrcmNfcNfa: nfc_set_state 4 (IDLE)->4 (IDLE)
09-26 00:54:34.617  4358  4481 I BrcmNfcNfa: nfa_dm_disc_data_cback ()
09-26 00:54:34.617  4358  4481 I BrcmNfcNfa: nfa_dm_disc_discovery_cback (): event:0x4005
09-26 00:54:34.617  4358  4481 I BrcmNfcNfa: nfa_dm_disc_sm_execute (): state: DISCOVERY (1), event: DEACTIVATE_RSP(7) disc_flags: 0x22
09-26 00:54:34.617  4358  4481 I BrcmNfcNfa: nfa_dm_disc_new_state (): old_state: DISCOVERY (1), new_state: IDLE (0) disc_flags: 0x2
09-26 00:54:34.617  4358  4481 D BrcmNfcJni: nfaConnectionCallback: event= 31
09-26 00:54:34.617  4358  4481 D BrcmNfcJni: nfaConnectionCallback: NFA_RF_DISCOVERY_STOPPED_EVT: status = 0
09-26 00:54:34.617  4358  4481 I BrcmNfcNfa: nfa_dm_start_rf_discover ()
09-26 00:54:34.617  4358  4961 D BrcmNfcJni: stopPolling_rfDiscoveryDisabled: disable polling
09-26 00:54:34.617  4358  4481 I BrcmNfcNfa: nfa_dm_disc_sm_execute (): new state: IDLE (0), disc_flags: 0x0
09-26 00:54:34.617  4358  4961 I BrcmNfcNfa: NFA_DisablePolling ()
09-26 00:54:34.617  4358  4481 I BrcmNfcNfa: NFA got event 0x0107
09-26 00:54:34.617  4358  4481 I BrcmNfcNfa: nfa_dm_evt_hdlr event: NFA_DM_API_DISABLE_POLLING_EVT (0x07)
09-26 00:54:34.617  4358  4481 I BrcmNfcNfa: nfa_dm_act_disable_polling ()
09-26 00:54:34.617  4358  4481 I BrcmNfcNfa: nfa_dm_deactivate_polling ()
09-26 00:54:34.617  4358  4481 I BrcmNfcNfa: nfa_dm_delete_rf_discover () handle=0x1
09-26 00:54:34.617  4358  4481 D BrcmNfcJni: nfaConnectionCallback: event= 1
09-26 00:54:34.617  4358  4481 D BrcmNfcJni: nfaConnectionCallback: NFA_POLL_DISABLED_EVT: status = 0
09-26 00:54:34.617  4358  4961 D BrcmNfcJni: startPolling_rfDiscoveryDisabled: enable polling
09-26 00:54:34.617  4358  4961 I BrcmNfcNfa: NFA_EnablePolling () 0xEF
09-26 00:54:34.617  4358  4961 D BrcmNfcJni: startPolling_rfDiscoveryDisabled: wait for enable event
09-26 00:54:34.617  4358  4481 I BrcmNfcNfa: NFA got event 0x0106
09-26 00:54:34.618  4358  4481 I BrcmNfcNfa: nfa_dm_evt_hdlr event: NFA_DM_API_ENABLE_POLLING_EVT (0x06)
09-26 00:54:34.618  4358  4481 I BrcmNfcNfa: nfa_dm_act_enable_polling ()
09-26 00:54:34.618  4358  4481 I BrcmNfcNfa: nfa_dm_start_polling ()
09-26 00:54:34.618  4358  4481 I BrcmNfcNfa: nfa_dm_add_rf_discover () disc_mask=0x3d7f
09-26 00:54:34.618  4358  4481 D BrcmNfcJni: nfaConnectionCallback: event= 0
09-26 00:54:34.618  4358  4481 D BrcmNfcJni: nfaConnectionCallback: NFA_POLL_ENABLED_EVT: status = 0
09-26 00:54:34.618  4358  4961 D BrcmNfcJni: nfcManager_enableDiscovery: Enable p2pListening
09-26 00:54:34.618  4358  4961 D BrcmNfcJni: PeerToPeer::enableP2pListening: enter isEnable: 1  mIsP2pListening: 0
09-26 00:54:34.618  4358  4961 I BrcmNfcNfa: NFA_P2pSetListenTech (): tech_mask:0xC4
09-26 00:54:34.618  4358  4481 I BrcmNfcNfa: NFA got event 0x010D
09-26 00:54:34.618  4358  4481 I BrcmNfcNfa: nfa_dm_evt_hdlr event: NFA_DM_API_SET_P2P_LISTEN_TECH_EVT (0x0d)
09-26 00:54:34.618  4358  4481 I BrcmNfcNfa: nfa_dm_set_p2p_listen_tech ()  tech_mask = 196
09-26 00:54:34.618  4358  4481 I BrcmNfcNfa: nfa_p2p_update_listen_tech ()  tech_mask = 0xc4
09-26 00:54:34.618  4358  4481 I BrcmNfcNfa: nfa_p2p_enable_listening () sys_id = 3, update_wks = 0
09-26 00:54:34.618  4358  4481 I BrcmNfcNfa: nfa_dm_add_rf_discover () disc_mask=0xc400000
09-26 00:54:34.618  4358  4481 D BrcmNfcJni: nfaConnectionCallback: event= 33
09-26 00:54:34.618  4358  4481 D BrcmNfcJni: nfaConnectionCallback: NFA_SET_P2P_LISTEN_TECH_EVT
09-26 00:54:34.618  4358  4961 D BrcmNfcJni: PeerToPeer::enableP2pListening: exit; mIsP2pListening: 1
09-26 00:54:34.618  4358  4961 I BrcmNfcNfa: NFA_ResumeP2p ()
09-26 00:54:34.618  4358  4961 I BrcmNfcNfa: NFA got event 0x010B
09-26 00:54:34.618  4358  4481 I BrcmNfcNfa: NFA got event 0x010B
09-26 00:54:34.618  4358  4961 I BrcmNfcNfa: nfa_dm_evt_hdlr ev
09-26 00:54:34.618  4358  4481 I BrcmNfcNfa: nfa_dm_evt_hdlr event: NFA_DM_API_RESUME_P2P_EVT (0x0b)
09-26 00:54:34.618  4358  4961 E BrcmNfcNfa: Bad ee_handle
09-26 00:54:34.618  4358  4481 I BrcmNfcNfa: nfa_dm_act_resume_p2p ()
09-26 00:54:34.618  4358  4961 E BrcmNfcJni: Fail to set default tech routing for Nfc-A
09-26 00:54:34.618  4358  4481 D BrcmNfcJni: nfaConnectionCallback: event= 39
09-26 00:54:34.618  4358  4961 I BrcmNfcNfa: NFA_EeSetDefaultProtoRouting(): handle:<0x3>protocol_mask:<0x8>/<0x0>/<0x0>
09-26 00:54:34.618  4358  4481 E BrcmNfcJni: nfaConnectionCallback: unknown event ????
09-26 00:54:34.618  4358  4961 I BrcmNfcNfa: nfa_ee_find_ecb ()
09-26 00:54:34.618  4358  4961 E BrcmNfcNfa: Bad ee_handle
09-26 00:54:34.618  4358  4961 E BrcmNfcJni: Fail to set default proto routing for IsoDep
09-26 00:54:34.618  4358  4961 I BrcmNfcNfa: NFA_EeSetDefaultTechRouting(): handle:<0x0>technology_mask:<0x4>/<0x0>/<0x0>
09-26 00:54:34.618  4358  4961 I BrcmNfcNfa: nfa_ee_find_ecb ()
09-26 00:54:34.618  4358  4481 I BrcmNfcNfa: NFA got event 0x0204
09-26 00:54:34.618  4358  4481 I BrcmNfcNfa: nfa_ee_evt_hdlr (): Event API_SET_TECH_CFG(0x204), State: INIT_DONE(1)
09-26 00:54:34.618  4358  4481 D BrcmNfcJni: RoutingManager::nfaEeCallback: NFA_EE_SET_TECH_CFG_EVT; status=0x0
09-26 00:54:34.618  4358  4961 I BrcmNfcNfa: NFA_EeSetDefaultProtoRouting(): handle:<0x0>protocol_mask:<0x4>/<0x0>/<0x0>
09-26 00:54:34.618  4358  4961 I BrcmNfcNfa: nfa_ee_find_ecb ()
09-26 00:54:34.618  4358  4481 I BrcmNfcNfa: NFA got event 0x0205
09-26 00:54:34.618  4358  4481 I BrcmNfcNfa: nfa_ee_evt_hdlr (): Event API_SET_PROTO_CFG(0x205), State: INIT_DONE(1)
09-26 00:54:34.618  4358  4481 D BrcmNfcJni: RoutingManager::nfaEeCallback: NFA_EE_SET_PROTO_CFG_EVT; status=0x0
09-26 00:54:34.618  4358  4961 D BrcmNfcJni: RoutingManager::commitRouting
09-26 00:54:34.618  4358  4961 I BrcmNfcNfa: NFA_EeUpdateNow()
09-26 00:54:34.618  4358  4481 I BrcmNfcNfa: NFA got event 0x0209
09-26 00:54:34.618  4358  4481 I BrcmNfcNfa: nfa_ee_evt_hdlr (): Event API_UPDATE_NOW(0x209), State: INIT_DONE(1)
09-26 00:54:34.618  4358  4481 I BrcmNfcNfa: nfa_sys_ptim_stop_timer 831d1b80
09-26 00:54:34.618  4358  4481 I BrcmNfcNfa: ptim timer stop
09-26 00:54:34.618  4358  4481 I BrcmNfcNfa: nfa_ee_rout_timeout()
09-26 00:54:34.618  4358  4481 I BrcmNfcNfa: nfa_ee_need_recfg() ee_cfged: 0x90 ee_cfg_sts: 0x10
09-26 00:54:34.618  4358  4481 I BrcmNfcNfa: 0: ecb_flags  : 0x00, mask: 0x10
09-26 00:54:34.618  4358  4481 I BrcmNfcNfa: 1: ecb_flags  : 0x00, mask: 0x01
09-26 00:54:34.618  4358  4481 I BrcmNfcNfa: 2: ecb_flags  : 0x00, mask: 0x02
09-26 00:54:34.618  4358  4481 I BrcmNfcNfa: nfa_ee_report_update_evt ee_wait_evt:0x10 wait_rsp:0
09-26 00:54:34.618  4358  4481 D BrcmNfcJni: RoutingManager::nfaEeCallback: NFA_EE_UPDATED_EVT
09-26 00:54:34.618  4358  4961 D BrcmNfcJni: startRfDiscovery: is start=1
09-26 00:54:34.618  4358  4961 I BrcmNfcNfa: NFA_StartRfDiscovery ()
09-26 00:54:34.618  4358  4481 I BrcmNfcNfa: NFA got event 0x010E
09-26 00:54:34.618  4358  4481 I BrcmNfcNfa: nfa_dm_evt_hdlr event: NFA_DM_API_START_RF_DISCOVERY_EVT (0x0e)
09-26 00:54:34.618  4358  4481 I BrcmNfcNfa: nfa_dm_act_start_rf_discovery ()
09-26 00:54:34.618  4358  4481 I BrcmNfcNfa: nfa_dm_start_rf_discover ()
09-26 00:54:34.618  4358  4481 I BrcmNfcNfa: nfa_ee_get_tech_route(): 1
09-26 00:54:34.618  4358  4481 I BrcmNfcNfa: 0x0, 0x0, 0x0, 0x0
09-26 00:54:34.618  4358  4481 I BrcmNfcNfa: nfa_dm_cb.disc_cb.entry[0].selected_disc_mask = 0x40000
09-26 00:54:34.618  4358  4481 I BrcmNfcNfa: nfa_dm_cb.disc_cb.entry[1].selected_disc_mask = 0x3d7f
09-26 00:54:34.618  4358  4481 I BrcmNfcNfa: nfa_dm_cb.disc_cb.entry[2].selected_disc_mask = 0xc400000
09-26 00:54:34.618  4358  4481 I BrcmNfcNfa: nfa_p2p_set_config ()
09-26 00:54:34.618  4358  4481 I BrcmNfcNfa: LLCP_GetDiscoveryConfig ()
09-26 00:54:34.618  4358  4481 I BrcmNfcNfa: nfa_dm_check_set_config ()
09-26 00:54:34.618  4358  4481 I BrcmNfcNfa: nfa_dm_check_set_config ()
09-26 00:54:34.618  4358  4481 D NfcAdaptation: NfcAdaptation::HalWrite
09-26 00:54:34.618  4358  4481 I SecHAL  : nfc_hal_write: enter;
09-26 00:54:34.618  4358  4481 I SecHAL  : nfc_hal_write: exit;
09-26 00:54:34.618  4358  4536 D SecHAL  : nfc_hal_task: Got a event: HAL_EVT_WRITE(3)
09-26 00:54:34.618  4358  4481 I BrcmNfcNfa: nfa_dm_check_set_config ()
09-26 00:54:34.618  4358  4536 D SecHAL  : nfc_hal_task: current state: SERVICE
09-26 00:54:34.618  4358  4481 I BrcmNfcNfa: dm_disc_mask = 0xc443d7f
09-26 00:54:34.618  4358  4481 I BrcmNfcNfa: nfa_dm_set_rf_listen_mode_config () tech_proto_mask = 0x0C443D7F
09-26 00:54:34.618  4358  4536 I SecHAL  : OSI_timer_start: enter,osi_lock
09-26 00:54:34.618  4358  4481 I BrcmNfcNfa: nfa_dm_check_set_config ()
09-26 00:54:34.618  4358  4536 I SecHAL  : OSI_timer_start: before osi_unlock
09-26 00:54:34.619  4358  4481 I BrcmNfcNfa: nfa_dm_set_total_duration ()
09-26 00:54:34.619  4358  4536 I SecHAL  : OSI_timer_start: exit
09-26 00:54:34.619  4358  4481 I BrcmNfcNfa: nfa_dm_check_set_config ()
09-26 00:54:34.619  4358  4536 I SecHAL  : device_write: enter
09-26 00:54:34.619  4358  4481 I BrcmNfcNfa: NFC_DiscoveryStart
09-26 00:54:34.619  4358  4536 I SecHAL  : device_write: before system call
09-26 00:54:34.619  4358  4481 I BrcmNfcNfa: NFC_DiscoveryStart status: 0xe3
09-26 00:54:34.619  4358  4536 I SecHAL  : device_write: after system call
09-26 00:54:34.619  4358  4536 D SecHAL  : data_trace:  Send( 29) 20 02 1a   02 61 14 46 66 6d 01 01 12 02 02 07 ff 03 02 00 13 04 01 64 07 01 03 60 01 07 
09-26 00:54:34.619  4358  4536 I SecHAL  : device_write: exit
09-26 00:54:34.620  4358  4535 D SecHAL  : read_thread: Sent message to HAL message task, remind que: 2
09-26 00:54:34.620  4358  4536 D SecHAL  : nfc_hal_task: Got a event: HAL_EVT_READ(4)
09-26 00:54:34.620  4358  4536 D SecHAL  : nfc_hal_task: current state: SERVICE
09-26 00:54:34.620  4358  4536 D SecHAL  : data_trace:  Recv(  5) 40 02 02   00 00 
09-26 00:54:34.620  4358  4536 I SecHAL  : OSI_timer_start: enter,osi_lock
09-26 00:54:34.620  4358  4536 I SecHAL  : OSI_timer_start: before osi_unlock
09-26 00:54:34.620  4358  4536 I SecHAL  : OSI_timer_start: exit
09-26 00:54:34.620  4358  4536 I SecHAL  : nfc_data_callback: !
09-26 00:54:34.620  4358  4536 D NfcAdaptation: NfcAdaptation::HalDeviceContextDataCallback: len=5
09-26 00:54:34.620  4358  4481 I BrcmNfcNfa: NFC received rsp gid:0
09-26 00:54:34.621  4358  4481 I BrcmNfcNfa: nci_proc_core_rsp opcode:0x2
09-26 00:54:34.621  4358  4481 I BrcmNfcNfa: nfa_dm_nfc_response_cback () NFC_SET_CONFIG_REVT(0x5002)
09-26 00:54:34.621  4358  4481 D NfcAdaptation: NfcAdaptation::HalWrite
09-26 00:54:34.621  4358  4481 I SecHAL  : nfc_hal_write: enter;
09-26 00:54:34.621  4358  4481 I SecHAL  : nfc_hal_write: exit;
09-26 00:54:34.621  4358  4536 D SecHAL  : nfc_hal_task: Got a event: HAL_EVT_WRITE(3)
09-26 00:54:34.621  4358  4536 D SecHAL  : nfc_hal_task: current state: SERVICE
09-26 00:54:34.621  4358  4536 I SecHAL  : OSI_timer_start: enter,osi_lock
09-26 00:54:34.621  4358  4536 I SecHAL  : OSI_timer_start: before osi_unlock
09-26 00:54:34.621  4358  4536 I SecHAL  : OSI_timer_start: exit
09-26 00:54:34.621  4358  4536 I SecHAL  : device_write: enter
09-26 00:54:34.621  4358  4536 I SecHAL  : device_write: before system call
09-26 00:54:34.621  4358  4536 I SecHAL  : device_write: after system call
09-26 00:54:34.621  4358  4536 D SecHAL  : data_trace:  Send(  7) 20 02 04   01 50 01 02 
09-26 00:54:34.621  4358  4536 I SecHAL  : device_write: exit
09-26 00:54:34.621  4358  4535 D SecHAL  : read_thread: Sent message to HAL message task, remind que: 2
09-26 00:54:34.621  4358  4536 D SecHAL  : nfc_hal_task: Got a event: HAL_EVT_READ(4)
09-26 00:54:34.621  4358  4536 D SecHAL  : nfc_hal_task: current state: SERVICE
09-26 00:54:34.621  4358  4536 D SecHAL  : data_trace:  Recv(  5) 40 02 02   00 00 
09-26 00:54:34.621  4358  4536 I SecHAL  : OSI_timer_start: enter,osi_lock
09-26 00:54:34.621  4358  4536 I SecHAL  : OSI_timer_start: before osi_unlock
09-26 00:54:34.621  4358  4536 I SecHAL  : OSI_timer_start: exit
09-26 00:54:34.621  4358  4536 I SecHAL  : nfc_data_callback: !
09-26 00:54:34.621  4358  4536 D NfcAdaptation: NfcAdaptation::HalDeviceContextDataCallback: len=5
09-26 00:54:34.621  4358  4481 I BrcmNfcNfa: NFC received rsp gid:0
09-26 00:54:34.621  4358  4481 I BrcmNfcNfa: nci_proc_core_rsp opcode:0x2
09-26 00:54:34.621  4358  4481 I BrcmNfcNfa: nfa_dm_nfc_response_cback () NFC_SET_CONFIG_REVT(0x5002)
09-26 00:54:34.621  4358  4481 D NfcAdaptation: NfcAdaptation::HalPrediscover
09-26 00:54:34.621  4358  4481 I SecHAL  : nfc_hal_pre_discover: enter;
09-26 00:54:34.622  4358  4481 I SecHAL  : nfc_hal_pre_discover: exit;
09-26 00:54:34.622  4358  4536 D SecHAL  : nfc_hal_task: Got a event: Uknown event.(2)
09-26 00:54:34.622  4358  4481 D NfcAdaptation: NfcAdaptation::HalWrite
09-26 00:54:34.622  4358  4536 D SecHAL  : nfc_hal_task: current state: SERVICE
09-26 00:54:34.622  4358  4481 I SecHAL  : nfc_hal_write: enter;
09-26 00:54:34.622  4358  4481 I SecHAL  : nfc_hal_write: exit;
09-26 00:54:34.622  4358  4536 D SecHAL  : nfc_hal_task: Got a event: HAL_EVT_WRITE(3)
09-26 00:54:34.622  4358  4536 D SecHAL  : nfc_hal_task: current state: SERVICE
09-26 00:54:34.622  4358  4536 I SecHAL  : OSI_timer_start: enter,osi_lock
09-26 00:54:34.622  4358  4536 I SecHAL  : OSI_timer_start: before osi_unlock
09-26 00:54:34.622  4358  4536 I SecHAL  : OSI_timer_start: exit
09-26 00:54:34.622  4358  4536 I SecHAL  : device_write: enter
09-26 00:54:34.622  4358  4536 I SecHAL  : device_write: before system call
09-26 00:54:34.622  4358  4536 I SecHAL  : device_write: after system call
09-26 00:54:34.622  4358  4536 D SecHAL  : data_trace:  Send( 26) 21 03 17   0b 00 01 01 01 02 01 03 01 05 01 80 01 82 01 83 01 85 01 06 01 77 01 
09-26 00:54:34.622  4358  4536 I SecHAL  : device_write: exit
09-26 00:54:34.630  4358  4535 D SecHAL  : read_thread: Sent message to HAL message task, remind que: 2
09-26 00:54:34.630  4358  4536 D SecHAL  : nfc_hal_task: Got a event: HAL_EVT_READ(4)
09-26 00:54:34.630  4358  4536 D SecHAL  : nfc_hal_task: current state: SERVICE
09-26 00:54:34.630  4358  4536 D SecHAL  : data_trace:  Recv(  4) 41 03 01   00 
09-26 00:54:34.630  4358  4536 I SecHAL  : OSI_timer_start: enter,osi_lock
09-26 00:54:34.630  4358  4536 I SecHAL  : OSI_timer_start: before osi_unlock
09-26 00:54:34.630  4358  4536 I SecHAL  : OSI_timer_start: exit
09-26 00:54:34.630  4358  4536 I SecHAL  : nfc_data_callback: !
09-26 00:54:34.630  4358  4536 D NfcAdaptation: NfcAdaptation::HalDeviceContextDataCallback: len=4
09-26 00:54:34.630  4358  4481 I BrcmNfcNfa: NFC received rsp gid:1
09-26 00:54:34.630  4358  4481 I BrcmNfcNfa: p2p priority is running under bail out mode ONLY.
09-26 00:54:34.630  4358  4481 I BrcmNfcNfa: nfa_dm_disc_discovery_cback (): event:0x4000
09-26 00:54:34.630  4358  4481 I BrcmNfcNfa: nfa_dm_disc_sm_execute (): state: IDLE (0), event: DISCOVER_RSP(1) disc_flags: 0x31
09-26 00:54:34.630  4358  4481 I BrcmNfcNfa: nfa_dm_disc_new_state (): old_state: IDLE (0), new_state: DISCOVERY (1) disc_flags: 0x11
09-26 00:54:34.630  4358  4481 I BrcmNfcNfa: nfa_dm_poll_disc_cback (): event:0x00
09-26 00:54:34.630  4358  4481 I BrcmNfcNfa: nfa_p2p_discovery_cback (): event:0x00
09-26 00:54:34.630  4358  4481 D BrcmNfcJni: nfaConnectionCallback: event= 30
09-26 00:54:34.630  4358  4481 D BrcmNfcJni: nfaConnectionCallback: NFA_RF_DISCOVERY_STARTED_EVT: status = 0
09-26 00:54:34.630  4358  4481 I BrcmNfcNfa: nfa_dm_disc_sm_execute (): new state: DISCOVERY (1), disc_flags: 0x1
09-26 00:54:34.630  4358  4961 D BrcmNfcJni: PowerSwitch::setModeOn(activated=0x1) : mCurrActivity=0x1
09-26 00:54:34.630  4358  4961 D BrcmNfcJni: nfcManager_enableDiscovery: exit
09-26 00:54:34.796  4884  4916 E AudioFlinger: no wake lock to update, but system ready!
09-26 00:54:34.806  4884  4890 I APM_AudioPolicyManager: stopOutput() output 21, stream 1, session 9
09-26 00:54:35.192  3565  3732 W ActivityManager: Finishing task with all activities already finished
09-26 00:54:35.192  3565  3732 W ActivityManager: Duplicate finish request for ActivityRecord{142079c u0 com.cyanogenmod.setupwizard/.WelcomeActivity t177 f}
09-26 00:54:35.197  3565  3732 I ActivityManager: START u0 {act=com.android.wizard.LOAD flg=0x10000001 cmp=com.cyanogenmod.setupwizard/.wizardmanager.WizardManager (has extras)} from uid 1000 on display 0
09-26 00:54:35.207  3565  3732 I ActivityManager: START u0 {act=com.cyanogenmod.setupwizard.LINEAGE_WELCOME flg=0x4000000 cmp=com.cyanogenmod.setupwizard/.WelcomeActivity (has extras)} from uid 1000 on display 0
09-26 00:54:35.220  3565  4396 I ActivityManager: START u0 {cmp=com.cyanogenmod.setupwizard/.SetupWizardExitActivity (has extras)} from uid 1000 on display 0
09-26 00:54:35.223  3565  4394 I ActivityManager: START u0 {act=android.intent.action.MAIN cat=[android.intent.category.HOME] flg=0x10000100 cmp=com.cyanogenmod.setupwizard/.SetupWizardActivity} from uid 0 on display 0
09-26 00:54:35.225  3565  3731 W ActivityManager: Finishing task with all activities already finished
09-26 00:54:35.225  3565  3731 W ActivityManager: Duplicate finish request for ActivityRecord{31391e u0 com.cyanogenmod.setupwizard/.WelcomeActivity t179 f}
09-26 00:54:35.230  3565  3731 I ActivityManager: START u0 {act=com.android.wizard.LOAD flg=0x10000001 cmp=com.cyanogenmod.setupwizard/.wizardmanager.WizardManager (has extras)} from uid 1000 on display 0
09-26 00:54:35.237  3565  3731 I ActivityManager: START u0 {act=com.cyanogenmod.setupwizard.LINEAGE_WELCOME flg=0x4000000 cmp=com.cyanogenmod.setupwizard/.WelcomeActivity (has extras)} from uid 1000 on display 0
09-26 00:54:35.248  3565  4390 I ActivityManager: START u0 {cmp=com.cyanogenmod.setupwizard/.SetupWizardExitActivity (has extras)} from uid 1000 on display 0
09-26 00:54:35.251  3565  4395 I ActivityManager: START u0 {act=android.intent.action.MAIN cat=[android.intent.category.HOME] flg=0x10000100 cmp=com.cyanogenmod.setupwizard/.SetupWizardActivity} from uid 0 on display 0
09-26 00:54:35.253  3565  4397 W ActivityManager: Finishing task with all activities already finished
09-26 00:54:35.253  3565  4397 W ActivityManager: Duplicate finish request for ActivityRecord{2868ad0 u0 com.cyanogenmod.setupwizard/.WelcomeActivity t181 f}
09-26 00:54:35.258  3565  4397 I ActivityManager: START u0 {act=com.android.wizard.LOAD flg=0x10000001 cmp=com.cyanogenmod.setupwizard/.wizardmanager.WizardManager (has extras)} from uid 1000 on display 0
09-26 00:54:35.266  3565  4397 I ActivityManager: START u0 {act=com.cyanogenmod.setupwizard.LINEAGE_WELCOME flg=0x4000000 cmp=com.cyanogenmod.setupwizard/.WelcomeActivity (has extras)} from uid 1000 on display 0
09-26 00:54:35.276  3565  3732 I ActivityManager: START u0 {cmp=com.cyanogenmod.setupwizard/.SetupWizardExitActivity (has extras)} from uid 1000 on display 0
09-26 00:54:35.279  3565  4396 I ActivityManager: START u0 {act=android.intent.action.MAIN cat=[android.intent.category.HOME] flg=0x10000100 cmp=com.cyanogenmod.setupwizard/.SetupWizardActivity} from uid 0 on display 0
09-26 00:54:35.281  3565  4394 W ActivityManager: Finishing task with all activities already finished
09-26 00:54:35.281  3565  4394 W ActivityManager: Duplicate finish request for ActivityRecord{540a132 u0 com.cyanogenmod.setupwizard/.WelcomeActivity t183 f}
09-26 00:54:35.286  3565  4394 I ActivityManager: START u0 {act=com.android.wizard.LOAD flg=0x10000001 cmp=com.cyanogenmod.setupwizard/.wizardmanager.WizardManager (has extras)} from uid 1000 on display 0
09-26 00:54:35.294  3565  4394 I ActivityManager: START u0 {act=com.cyanogenmod.setupwizard.LINEAGE_WELCOME flg=0x4000000 cmp=com.cyanogenmod.setupwizard/.WelcomeActivity (has extras)} from uid 1000 on display 0
09-26 00:54:35.304  3565  3731 I ActivityManager: START u0 {cmp=com.cyanogenmod.setupwizard/.SetupWizardExitActivity (has extras)} from uid 1000 on display 0
09-26 00:54:35.307  3565  4390 I ActivityManager: START u0 {act=android.intent.action.MAIN cat=[android.intent.category.HOME] flg=0x10000100 cmp=com.cyanogenmod.setupwizard/.SetupWizardActivity} from uid 0 on display 0
09-26 00:54:35.309  3565  4395 W ActivityManager: Finishing task with all activities already finished
09-26 00:54:35.309  3565  4395 W ActivityManager: Duplicate finish request for ActivityRecord{148cc4 u0 com.cyanogenmod.setupwizard/.WelcomeActivity t185 f}
09-26 00:54:35.313  3565  4395 I ActivityManager: START u0 {act=com.android.wizard.LOAD flg=0x10000001 cmp=com.cyanogenmod.setupwizard/.wizardmanager.WizardManager (has extras)} from uid 1000 on display 0
09-26 00:54:35.321  3565  4395 I ActivityManager: START u0 {act=com.cyanogenmod.setupwizard.LINEAGE_WELCOME flg=0x4000000 cmp=com.cyanogenmod.setupwizard/.WelcomeActivity (has extras)} from uid 1000 on display 0
09-26 00:54:35.331  3565  4397 I ActivityManager: START u0 {cmp=com.cyanogenmod.setupwizard/.SetupWizardExitActivity (has extras)} from uid 1000 on display 0
09-26 00:54:35.334  3565  3732 I ActivityManager: START u0 {act=android.intent.action.MAIN cat=[android.intent.category.HOME] flg=0x10000100 cmp=com.cyanogenmod.setupwizard/.SetupWizardActivity} from uid 0 on display 0
09-26 00:54:35.336  3565  4396 W ActivityManager: Finishing task with all activities already finished
09-26 00:54:35.336  3565  4396 W ActivityManager: Duplicate finish request for ActivityRecord{cafea06 u0 com.cyanogenmod.setupwizard/.WelcomeActivity t187 f}
09-26 00:54:35.341  3565  4396 I ActivityManager: START u0 {act=com.android.wizard.LOAD flg=0x10000001 cmp=com.cyanogenmod.setupwizard/.wizardmanager.WizardManager (has extras)} from uid 1000 on display 0
09-26 00:54:35.348  3565  4396 I ActivityManager: START u0 {act=com.cyanogenmod.setupwizard.LINEAGE_WELCOME flg=0x4000000 cmp=com.cyanogenmod.setupwizard/.WelcomeActivity (has extras)} from uid 1000 on display 0
09-26 00:54:35.358  3565  4394 I ActivityManager: START u0 {cmp=com.cyanogenmod.setupwizard/.SetupWizardExitActivity (has extras)} from uid 1000 on display 0
09-26 00:54:35.361  3565  3731 I ActivityManager: START u0 {act=android.intent.action.MAIN cat=[android.intent.category.HOME] flg=0x10000100 cmp=com.cyanogenmod.setupwizard/.SetupWizardActivity} from uid 0 on display 0
09-26 00:54:35.363  3565  4390 W ActivityManager: Finishing task with all activities already finished
09-26 00:54:35.363  3565  4390 W ActivityManager: Duplicate finish request for ActivityRecord{fee0178 u0 com.cyanogenmod.setupwizard/.WelcomeActivity t189 f}
09-26 00:54:35.368  3565  4390 I ActivityManager: START u0 {act=com.android.wizard.LOAD flg=0x10000001 cmp=com.cyanogenmod.setupwizard/.wizardmanager.WizardManager (has extras)} from uid 1000 on display 0
09-26 00:54:35.376  3565  4390 I ActivityManager: START u0 {act=com.cyanogenmod.setupwizard.LINEAGE_WELCOME flg=0x4000000 cmp=com.cyanogenmod.setupwizard/.WelcomeActivity (has extras)} from uid 1000 on display 0
09-26 00:54:35.386  3565  4395 I ActivityManager: START u0 {cmp=com.cyanogenmod.setupwizard/.SetupWizardExitActivity (has extras)} from uid 1000 on display 0
09-26 00:54:35.389  3565  4397 I ActivityManager: START u0 {act=android.intent.action.MAIN cat=[android.intent.category.HOME] flg=0x10000100 cmp=com.cyanogenmod.setupwizard/.SetupWizardActivity} from uid 0 on display 0
09-26 00:54:35.391  3565  3732 W ActivityManager: Finishing task with all activities already finished
09-26 00:54:35.391  3565  3732 W ActivityManager: Duplicate finish request for ActivityRecord{dc7e79a u0 com.cyanogenmod.setupwizard/.WelcomeActivity t191 f}
09-26 00:54:35.395  3565  3732 I ActivityManager: START u0 {act=com.android.wizard.LOAD flg=0x10000001 cmp=com.cyanogenmod.setupwizard/.wizardmanager.WizardManager (has extras)} from uid 1000 on display 0
09-26 00:54:35.403  3565  3732 I ActivityManager: START u0 {act=com.cyanogenmod.setupwizard.LINEAGE_WELCOME flg=0x4000000 cmp=com.cyanogenmod.setupwizard/.WelcomeActivity (has extras)} from uid 1000 on display 0
09-26 00:54:35.414  3565  4396 I ActivityManager: START u0 {cmp=com.cyanogenmod.setupwizard/.SetupWizardExitActivity (has extras)} from uid 1000 on display 0
09-26 00:54:35.417  3565  4394 I ActivityManager: START u0 {act=android.intent.action.MAIN cat=[android.intent.category.HOME] flg=0x10000100 cmp=com.cyanogenmod.setupwizard/.SetupWizardActivity} from uid 0 on display 0
09-26 00:54:35.418  3565  3731 W ActivityManager: Finishing task with all activities already finished
09-26 00:54:35.418  3565  3731 W ActivityManager: Duplicate finish request for ActivityRecord{3879cec u0 com.cyanogenmod.setupwizard/.WelcomeActivity t193 f}
09-26 00:54:35.423  3565  3731 I ActivityManager: START u0 {act=com.android.wizard.LOAD flg=0x10000001 cmp=com.cyanogenmod.setupwizard/.wizardmanager.WizardManager (has extras)} from uid 1000 on display 0
09-26 00:54:35.431  3565  3731 I ActivityManager: START u0 {act=com.cyanogenmod.setupwizard.LINEAGE_WELCOME flg=0x4000000 cmp=com.cyanogenmod.setupwizard/.WelcomeActivity (has extras)} from uid 1000 on display 0
09-26 00:54:35.441  3565  4390 I ActivityManager: START u0 {cmp=com.cyanogenmod.setupwizard/.SetupWizardExitActivity (has extras)} from uid 1000 on display 0
09-26 00:54:35.444  3565  4395 I ActivityManager: START u0 {act=android.intent.action.MAIN cat=[android.intent.category.HOME] flg=0x10000100 cmp=com.cyanogenmod.setupwizard/.SetupWizardActivity} from uid 0 on display 0
09-26 00:54:35.446  3565  4397 W ActivityManager: Finishing task with all activities already finished
09-26 00:54:35.446  3565  4397 W ActivityManager: Duplicate finish request for ActivityRecord{8862dee u0 com.cyanogenmod.setupwizard/.WelcomeActivity t195 f}
09-26 00:54:35.451  3565  4397 I ActivityManager: START u0 {act=com.android.wizard.LOAD flg=0x10000001 cmp=com.cyanogenmod.setupwizard/.wizardmanager.WizardManager (has extras)} from uid 1000 on display 0
09-26 00:54:35.459  3565  4397 I ActivityManager: START u0 {act=com.cyanogenmod.setupwizard.LINEAGE_WELCOME flg=0x4000000 cmp=com.cyanogenmod.setupwizard/.WelcomeActivity (has extras)} from uid 1000 on display 0
09-26 00:54:35.471  3565  3732 I ActivityManager: START u0 {cmp=com.cyanogenmod.setupwizard/.SetupWizardExitActivity (has extras)} from uid 1000 on display 0
09-26 00:54:35.474  3565  4396 I ActivityManager: START u0 {act=android.intent.action.MAIN cat=[android.intent.category.HOME] flg=0x10000100 cmp=com.cyanogenmod.setupwizard/.SetupWizardActivity} from uid 0 on display 0
09-26 00:54:35.476  3565  4394 W ActivityManager: Finishing task with all activities already finished
09-26 00:54:35.476  3565  4394 W ActivityManager: Duplicate finish request for ActivityRecord{c7cd320 u0 com.cyanogenmod.setupwizard/.WelcomeActivity t197 f}
09-26 00:54:35.477  3565  3582 D libgps  : SendGpsExtensionMessage: Waiting for IPC connection - timeout
09-26 00:54:35.477  3565  3582 E libgps  : LIBGPS: Cannot communicate (write) with a GPSD
09-26 00:54:35.477  3565  3582 E libgps  : IPC Communication Error, ../../../../tmp/15194007_282637/allPartners/os/android/gps_interface/gpsi_client/GpsiClient.cpp:631 SendGpsExtensionMessage
09-26 00:54:35.477  3565  3582 I GnssLocationProvider: WakeLock released by handleMessage(12, 0, null)
09-26 00:54:35.479  3088  3088 W auditd  : type=1325 audit(0.0:150): table=filter family=2 entries=101
09-26 00:54:35.479  3088  3088 W auditd  : type=1320 audit(0.0:150): 
09-26 00:54:35.481  3565  4394 I ActivityManager: START u0 {act=com.android.wizard.LOAD flg=0x10000001 cmp=com.cyanogenmod.setupwizard/.wizardmanager.WizardManager (has extras)} from uid 1000 on display 0
09-26 00:54:35.487  3088  3088 W auditd  : type=1325 audit(0.0:151): table=filter family=10 entries=112
09-26 00:54:35.487  3088  3088 W auditd  : type=1320 audit(0.0:151): 
09-26 00:54:35.490  3565  4394 I ActivityManager: START u0 {act=com.cyanogenmod.setupwizard.LINEAGE_WELCOME flg=0x4000000 cmp=com.cyanogenmod.setupwizard/.WelcomeActivity (has extras)} from uid 1000 on display 0
09-26 00:54:35.491  3088  3088 W auditd  : type=1325 audit(0.0:152): table=filter family=2 entries=100
09-26 00:54:35.491  3088  3088 W auditd  : type=1320 audit(0.0:152): 
09-26 00:54:35.495  3088  3088 W auditd  : type=1325 audit(0.0:153): table=filter family=10 entries=111
09-26 00:54:35.495  3088  3088 W auditd  : type=1320 audit(0.0:153): 
09-26 00:54:35.502  3565  3731 I ActivityManager: START u0 {cmp=com.cyanogenmod.setupwizard/.SetupWizardExitActivity (has extras)} from uid 1000 on display 0
09-26 00:54:35.506  3565  4390 I ActivityManager: START u0 {act=android.intent.action.MAIN cat=[android.intent.category.HOME] flg=0x10000100 cmp=com.cyanogenmod.setupwizard/.SetupWizardActivity} from uid 0 on display 0
09-26 00:54:35.507  3565  3582 W Searchables: No global search activity found
09-26 00:54:35.519  3565  3582 I ActivityManager: Start proc 4968:com.android.printspooler/u0a57 for service com.android.printspooler/.model.PrintSpoolerService
09-26 00:54:35.519  3565  4395 W ActivityManager: Finishing task with all activities already finished
09-26 00:54:35.519  3565  4395 W ActivityManager: Duplicate finish request for ActivityRecord{3311102 u0 com.cyanogenmod.setupwizard/.WelcomeActivity t199 f}
09-26 00:54:35.527  3565  3732 I ActivityManager: START u0 {act=com.android.wizard.LOAD flg=0x10000001 cmp=com.cyanogenmod.setupwizard/.wizardmanager.WizardManager (has extras)} from uid 1000 on display 0
09-26 00:54:35.536  3565  3876 I ActivityManager: START u0 {act=com.cyanogenmod.setupwizard.LINEAGE_WELCOME flg=0x4000000 cmp=com.cyanogenmod.setupwizard/.WelcomeActivity (has extras)} from uid 1000 on display 0
09-26 00:54:35.549  3565  4397 I ActivityManager: START u0 {cmp=com.cyanogenmod.setupwizard/.SetupWizardExitActivity (has extras)} from uid 1000 on display 0
09-26 00:54:35.553  3565  4389 I ActivityManager: START u0 {act=android.intent.action.MAIN cat=[android.intent.category.HOME] flg=0x10000100 cmp=com.cyanogenmod.setupwizard/.SetupWizardActivity} from uid 0 on display 0
09-26 00:54:35.554  3565  4394 W ActivityManager: Finishing task with all activities already finished
09-26 00:54:35.554  3565  4394 W ActivityManager: Duplicate finish request for ActivityRecord{df3175f u0 com.cyanogenmod.setupwizard/.WelcomeActivity t201 f}
09-26 00:54:35.555  3565  3582 D libgps  : SendGpsExtensionMessage: Waiting for IPC connection...
09-26 00:54:35.560  3565  4394 I ActivityManager: START u0 {act=com.android.wizard.LOAD flg=0x10000001 cmp=com.cyanogenmod.setupwizard/.wizardmanager.WizardManager (has extras)} from uid 1000 on display 0
09-26 00:54:35.568  3565  4394 I ActivityManager: START u0 {act=com.cyanogenmod.setupwizard.LINEAGE_WELCOME flg=0x4000000 cmp=com.cyanogenmod.setupwizard/.WelcomeActivity (has extras)} from uid 1000 on display 0
09-26 00:54:35.578  3565  4191 I ActivityManager: START u0 {cmp=com.cyanogenmod.setupwizard/.SetupWizardExitActivity (has extras)} from uid 1000 on display 0
09-26 00:54:35.581  3565  4074 I ActivityManager: START u0 {act=android.intent.action.MAIN cat=[android.intent.category.HOME] flg=0x10000100 cmp=com.cyanogenmod.setupwizard/.SetupWizardActivity} from uid 0 on display 0
09-26 00:54:35.583  3565  3577 W ActivityManager: Finishing task with all activities already finished
09-26 00:54:35.583  3565  3577 W ActivityManager: Duplicate finish request for ActivityRecord{e9278ae u0 com.cyanogenmod.setupwizard/.WelcomeActivity t203 f}
09-26 00:54:35.588  3565  3577 I ActivityManager: START u0 {act=com.android.wizard.LOAD flg=0x10000001 cmp=com.cyanogenmod.setupwizard/.wizardmanager.WizardManager (has extras)} from uid 1000 on display 0
09-26 00:54:35.595  3565  3577 I ActivityManager: START u0 {act=com.cyanogenmod.setupwizard.LINEAGE_WELCOME flg=0x4000000 cmp=com.cyanogenmod.setupwizard/.WelcomeActivity (has extras)} from uid 1000 on display 0
09-26 00:54:35.606  3565  4395 I ActivityManager: START u0 {cmp=com.cyanogenmod.setupwizard/.SetupWizardExitActivity (has extras)} from uid 1000 on display 0
09-26 00:54:35.609  3565  4397 I ActivityManager: START u0 {act=android.intent.action.MAIN cat=[android.intent.category.HOME] flg=0x10000100 cmp=com.cyanogenmod.setupwizard/.SetupWizardActivity} from uid 0 on display 0
09-26 00:54:35.611  3565  4389 W ActivityManager: Finishing task with all activities already finished
09-26 00:54:35.611  3565  4389 W ActivityManager: Duplicate finish request for ActivityRecord{84a9fe0 u0 com.cyanogenmod.setupwizard/.WelcomeActivity t205 f}
09-26 00:54:35.616  3565  4389 I ActivityManager: START u0 {act=com.android.wizard.LOAD flg=0x10000001 cmp=com.cyanogenmod.setupwizard/.wizardmanager.WizardManager (has extras)} from uid 1000 on display 0
09-26 00:54:35.625  3565  4389 I ActivityManager: START u0 {act=com.cyanogenmod.setupwizard.LINEAGE_WELCOME flg=0x4000000 cmp=com.cyanogenmod.setupwizard/.WelcomeActivity (has extras)} from uid 1000 on display 0
09-26 00:54:35.639  3565  4394 I ActivityManager: START u0 {cmp=com.cyanogenmod.setupwizard/.SetupWizardExitActivity (has extras)} from uid 1000 on display 0
09-26 00:54:35.642  3565  4074 I ActivityManager: START u0 {act=android.intent.action.MAIN cat=[android.intent.category.HOME] flg=0x10000100 cmp=com.cyanogenmod.setupwizard/.SetupWizardActivity} from uid 0 on display 0
09-26 00:54:35.644  3565  3577 W ActivityManager: Finishing task with all activities already finished
09-26 00:54:35.644  3565  3577 W ActivityManager: Duplicate finish request for ActivityRecord{8608fc2 u0 com.cyanogenmod.setupwizard/.WelcomeActivity t207 f}
09-26 00:54:35.649  3565  3577 I ActivityManager: START u0 {act=com.android.wizard.LOAD flg=0x10000001 cmp=com.cyanogenmod.setupwizard/.wizardmanager.WizardManager (has extras)} from uid 1000 on display 0
09-26 00:54:35.657  3565  3577 I ActivityManager: START u0 {act=com.cyanogenmod.setupwizard.LINEAGE_WELCOME flg=0x4000000 cmp=com.cyanogenmod.setupwizard/.WelcomeActivity (has extras)} from uid 1000 on display 0
09-26 00:54:35.669  3565  4395 I ActivityManager: START u0 {cmp=com.cyanogenmod.setupwizard/.SetupWizardExitActivity (has extras)} from uid 1000 on display 0
09-26 00:54:35.672  3565  4397 I ActivityManager: START u0 {act=android.intent.action.MAIN cat=[android.intent.category.HOME] flg=0x10000100 cmp=com.cyanogenmod.setupwizard/.SetupWizardActivity} from uid 0 on display 0
09-26 00:54:35.674  3565  4389 W ActivityManager: Finishing task with all activities already finished
09-26 00:54:35.674  3565  4389 W ActivityManager: Duplicate finish request for ActivityRecord{cd9b8d4 u0 com.cyanogenmod.setupwizard/.WelcomeActivity t209 f}
09-26 00:54:35.679  3565  4389 I ActivityManager: START u0 {act=com.android.wizard.LOAD flg=0x10000001 cmp=com.cyanogenmod.setupwizard/.wizardmanager.WizardManager (has extras)} from uid 1000 on display 0
09-26 00:54:35.687  3565  4389 I ActivityManager: START u0 {act=com.cyanogenmod.setupwizard.LINEAGE_WELCOME flg=0x4000000 cmp=com.cyanogenmod.setupwizard/.WelcomeActivity (has extras)} from uid 1000 on display 0
09-26 00:54:35.697  3565  4191 I ActivityManager: START u0 {cmp=com.cyanogenmod.setupwizard/.SetupWizardExitActivity (has extras)} from uid 1000 on display 0
09-26 00:54:35.701  3565  4392 I ActivityManager: START u0 {act=android.intent.action.MAIN cat=[android.intent.category.HOME] flg=0x10000100 cmp=com.cyanogenmod.setupwizard/.SetupWizardActivity} from uid 0 on display 0
09-26 00:54:35.702  3565  4074 W ActivityManager: Finishing task with all activities already finished
09-26 00:54:35.702  3565  4074 W ActivityManager: Duplicate finish request for ActivityRecord{47d1796 u0 com.cyanogenmod.setupwizard/.WelcomeActivity t211 f}
09-26 00:54:35.703  4358  4963 I SecHAL  : device_sleep: NFC can be going to sleep
09-26 00:54:35.707  3565  4074 I ActivityManager: START u0 {act=com.android.wizard.LOAD flg=0x10000001 cmp=com.cyanogenmod.setupwizard/.wizardmanager.WizardManager (has extras)} from uid 1000 on display 0
09-26 00:54:35.715  3565  4074 I ActivityManager: START u0 {act=com.cyanogenmod.setupwizard.LINEAGE_WELCOME flg=0x4000000 cmp=com.cyanogenmod.setupwizard/.WelcomeActivity (has extras)} from uid 1000 on display 0
09-26 00:54:35.726  3565  3577 I ActivityManager: START u0 {cmp=com.cyanogenmod.setupwizard/.SetupWizardExitActivity (has extras)} from uid 1000 on display 0
09-26 00:54:35.729  3565  4395 I ActivityManager: START u0 {act=android.intent.action.MAIN cat=[android.intent.category.HOME] flg=0x10000100 cmp=com.cyanogenmod.setupwizard/.SetupWizardActivity} from uid 0 on display 0
09-26 00:54:35.731  3565  4397 W ActivityManager: Finishing task with all activities already finished
09-26 00:54:35.731  3565  4397 W ActivityManager: Duplicate finish request for ActivityRecord{8e05488 u0 com.cyanogenmod.setupwizard/.WelcomeActivity t213 f}
09-26 00:54:35.736  3565  4397 I ActivityManager: START u0 {act=com.android.wizard.LOAD flg=0x10000001 cmp=com.cyanogenmod.setupwizard/.wizardmanager.WizardManager (has extras)} from uid 1000 on display 0
09-26 00:54:35.744  3565  4397 I ActivityManager: START u0 {act=com.cyanogenmod.setupwizard.LINEAGE_WELCOME flg=0x4000000 cmp=com.cyanogenmod.setupwizard/.WelcomeActivity (has extras)} from uid 1000 on display 0
09-26 00:54:35.754  3565  4396 I ActivityManager: START u0 {cmp=com.cyanogenmod.setupwizard/.SetupWizardExitActivity (has extras)} from uid 1000 on display 0
09-26 00:54:35.758  3565  4394 I ActivityManager: START u0 {act=android.intent.action.MAIN cat=[android.intent.category.HOME] flg=0x10000100 cmp=com.cyanogenmod.setupwizard/.SetupWizardActivity} from uid 0 on display 0
09-26 00:54:35.759  3565  3732 W ActivityManager: Finishing task with all activities already finished
09-26 00:54:35.759  3565  3732 W ActivityManager: Duplicate finish request for ActivityRecord{76fe42a u0 com.cyanogenmod.setupwizard/.WelcomeActivity t215 f}
09-26 00:54:35.764  3565  3732 I ActivityManager: START u0 {act=com.android.wizard.LOAD flg=0x10000001 cmp=com.cyanogenmod.setupwizard/.wizardmanager.WizardManager (has extras)} from uid 1000 on display 0
09-26 00:54:35.772  3565  3732 I ActivityManager: START u0 {act=com.cyanogenmod.setupwizard.LINEAGE_WELCOME flg=0x4000000 cmp=com.cyanogenmod.setupwizard/.WelcomeActivity (has extras)} from uid 1000 on display 0
09-26 00:54:35.782  3565  3577 I ActivityManager: START u0 {cmp=com.cyanogenmod.setupwizard/.SetupWizardExitActivity (has extras)} from uid 1000 on display 0
09-26 00:54:35.786  3565  4395 I ActivityManager: START u0 {act=android.intent.action.MAIN cat=[android.intent.category.HOME] flg=0x10000100 cmp=com.cyanogenmod.setupwizard/.SetupWizardActivity} from uid 0 on display 0
09-26 00:54:35.787  3565  3576 W ActivityManager: Finishing task with all activities already finished
09-26 00:54:35.787  3565  3576 W ActivityManager: Duplicate finish request for ActivityRecord{afa26fc u0 com.cyanogenmod.setupwizard/.WelcomeActivity t217 f}
09-26 00:54:35.792  3565  3576 I ActivityManager: START u0 {act=com.android.wizard.LOAD flg=0x10000001 cmp=com.cyanogenmod.setupwizard/.wizardmanager.WizardManager (has extras)} from uid 1000 on display 0
09-26 00:54:35.800  3565  3576 I ActivityManager: START u0 {act=com.cyanogenmod.setupwizard.LINEAGE_WELCOME flg=0x4000000 cmp=com.cyanogenmod.setupwizard/.WelcomeActivity (has extras)} from uid 1000 on display 0
09-26 00:54:35.811  3565  4389 I ActivityManager: START u0 {cmp=com.cyanogenmod.setupwizard/.SetupWizardExitActivity (has extras)} from uid 1000 on display 0
