11-20 18:17:16.761  3652  3652 D ZenLog  : set_zen_mode: off,init
11-20 18:17:16.771  3652  3652 I SystemServiceManager: Starting com.android.server.storage.DeviceStorageMonitorService
11-20 18:17:16.774  3652  3652 I SystemServer: StartLocationManagerService
11-20 18:17:16.778  3652  3652 I SystemServer: StartCountryDetectorService
11-20 18:17:16.779  3652  3652 I SystemServer: StartSearchManagerService
11-20 18:17:16.779  3652  3652 I SystemServiceManager: Starting com.android.server.search.SearchManagerService$Lifecycle
11-20 18:17:16.782  3652  3652 I SystemServiceManager: Starting com.android.server.DropBoxManagerService
11-20 18:17:16.783  3652  3652 I SystemServer: StartWallpaperManagerService
11-20 18:17:16.784  3652  3652 I SystemServiceManager: Starting com.android.server.wallpaper.WallpaperManagerService$Lifecycle
11-20 18:17:16.786  3652  3652 E WallpaperManagerService: Invalid wallpaper data
11-20 18:17:16.786  3652  3652 E WallpaperManagerService: Unable to apply new wallpaper
11-20 18:17:16.786  3652  3652 W WallpaperManagerService: no current wallpaper -- first boot?
11-20 18:17:16.788  3652  3652 I SystemServer: StartAudioService
11-20 18:17:16.788  3652  3652 I SystemServiceManager: Starting com.android.server.audio.AudioService$Lifecycle
11-20 18:17:16.823  3652  3652 I SystemServiceManager: Starting com.android.server.DockObserver
11-20 18:17:16.825  3652  3652 I SystemServer: StartWiredAccessoryManager
11-20 18:17:16.826  3652  3652 W WiredAccessoryManager: This kernel does not have usb audio support
11-20 18:17:16.827  3652  3652 I SystemServiceManager: Starting com.android.server.usb.UsbService$Lifecycle
11-20 18:17:16.830  3652  3652 E UsbDeviceManager: failed to write to /sys/class/android_usb/android0/f_rndis/ethaddr
11-20 18:17:16.841  3652  3652 I UsbDeviceManager: Setting USB config to adb
11-20 18:17:16.953  3652  3652 I SystemServer: StartSerialService
11-20 18:17:16.957  3652  3652 I SystemServiceManager: Starting com.android.server.twilight.TwilightService
11-20 18:17:16.959  3652  3652 I SystemServiceManager: Starting com.android.server.job.JobSchedulerService
11-20 18:17:16.970  3652  3652 I SystemServiceManager: Starting com.android.server.soundtrigger.SoundTriggerService
11-20 18:17:16.972  3652  3652 I SystemServiceManager: Starting com.android.server.backup.BackupManagerService$Lifecycle
11-20 18:17:16.976  3652  3652 I SystemServiceManager: Starting com.android.server.appwidget.AppWidgetService
11-20 18:17:16.986  3652  3652 I SystemServiceManager: Starting com.android.server.voiceinteraction.VoiceInteractionManagerService
11-20 18:17:16.991  3652  3652 I SystemServer: Gesture Launcher Service
11-20 18:17:16.991  3652  3652 I SystemServiceManager: Starting com.android.server.GestureLauncherService
11-20 18:17:16.992  3652  3652 I SystemServiceManager: Starting com.android.server.SensorNotificationService
11-20 18:17:16.992  3652  3652 I SystemServiceManager: Starting com.android.server.ContextHubSystemService
11-20 18:17:16.995  3652  3652 I SystemServer: StartDiskStatsService
11-20 18:17:16.997  3652  3652 I SystemServer: StartSamplingProfilerService
11-20 18:17:17.012  3652  3652 I SystemServer: StartNetworkTimeUpdateService
11-20 18:17:17.014  3652  3652 I SystemServer: StartCommonTimeManagementService
11-20 18:17:17.016  3652  3652 I SystemServer: CertBlacklister
11-20 18:17:17.017  3652  3652 I SystemServiceManager: Starting com.android.server.emergency.EmergencyAffordanceService
11-20 18:17:17.018  3652  3652 I SystemServiceManager: Starting com.android.server.dreams.DreamManagerService
11-20 18:17:17.020  3652  3652 I SystemServer: StartAssetAtlasService
11-20 18:17:17.025  3652  3652 I SystemServiceManager: Starting com.android.server.print.PrintManagerService
11-20 18:17:17.031  3652  3652 I SystemServiceManager: Starting com.android.server.restrictions.RestrictionsManagerService
11-20 18:17:17.035  3652  3652 I SystemServiceManager: Starting com.android.server.media.MediaSessionService
11-20 18:17:17.041  3652  3652 I SystemServer: StartMediaRouterService
11-20 18:17:17.044  3652  3652 I SystemServiceManager: Starting com.android.server.trust.TrustManagerService
11-20 18:17:17.048  3652  3652 I SystemServiceManager: Starting com.android.server.fingerprint.FingerprintService
11-20 18:17:17.096  3652  3652 V FingerprintService: Fingerprint HAL id: 547860283904
11-20 18:17:17.096  3652  3652 I SystemServer: StartBackgroundDexOptService
11-20 18:17:17.097  3652  3652 I SystemServiceManager: Starting com.android.server.pm.ShortcutService$Lifecycle
11-20 18:17:17.103  3652  3652 I SystemServiceManager: Starting com.android.server.pm.LauncherAppsService
11-20 18:17:17.106  3652  3652 I SystemServiceManager: Starting com.android.server.media.projection.MediaProjectionManagerService
11-20 18:17:17.137  3652  3652 I SyncManager: No initial accounts
11-20 18:17:17.138  3652  3652 I SyncManager: No initial status
11-20 18:17:17.139  3652  3652 I SyncManager: No initial statistics
11-20 18:17:17.168  3652  3652 I SystemServiceManager: Starting com.android.server.MmsServiceBroker
11-20 18:17:17.170  3652  3652 I CMSystemServer: Attempting to start service org.cyanogenmod.platform.internal.CMStatusBarManagerService
11-20 18:17:17.172  3652  3652 I CMSystemServer: Starting service org.cyanogenmod.platform.internal.CMStatusBarManagerService
11-20 18:17:17.172  3652  3652 I SystemServiceManager: Starting org.cyanogenmod.platform.internal.CMStatusBarManagerService
11-20 18:17:17.173  3652  3652 I CMSystemServer: Attempting to start service org.cyanogenmod.platform.internal.ProfileManagerService
11-20 18:17:17.178  3652  3652 I CMSystemServer: Starting service org.cyanogenmod.platform.internal.ProfileManagerService
11-20 18:17:17.178  3652  3652 I SystemServiceManager: Starting org.cyanogenmod.platform.internal.ProfileManagerService
11-20 18:17:17.190  3652  3652 I CMSystemServer: Attempting to start service org.cyanogenmod.platform.internal.CMTelephonyManagerService
11-20 18:17:17.192  3652  3652 I CMSystemServer: Starting service org.cyanogenmod.platform.internal.CMTelephonyManagerService
11-20 18:17:17.192  3652  3652 I SystemServiceManager: Starting org.cyanogenmod.platform.internal.CMTelephonyManagerService
11-20 18:17:17.193  3652  3652 I CMSystemServer: Attempting to start service org.cyanogenmod.platform.internal.CMHardwareService
11-20 18:17:17.204  3652  3652 I CMSystemServer: Starting service org.cyanogenmod.platform.internal.CMHardwareService
11-20 18:17:17.204  3652  3652 I SystemServiceManager: Starting org.cyanogenmod.platform.internal.CMHardwareService
11-20 18:17:17.207  3652  3652 I CMSystemServer: Attempting to start service org.cyanogenmod.platform.internal.PerformanceManagerService
11-20 18:17:17.212  3652  4760 I ServiceThread: Enabled StrictMode logging for PerformanceManager looper.
11-20 18:17:17.212  3652  3652 I CMSystemServer: Starting service org.cyanogenmod.platform.internal.PerformanceManagerService
11-20 18:17:17.212  3652  3652 I SystemServiceManager: Starting org.cyanogenmod.platform.internal.PerformanceManagerService
11-20 18:17:17.214  3652  4761 I ServiceThread: Enabled StrictMode logging for PerformanceManager looper.
11-20 18:17:17.215  3652  3652 I CMSystemServer: Attempting to start service org.cyanogenmod.platform.internal.WeatherManagerServiceBroker
11-20 18:17:17.217  3652  3652 I CMSystemServer: Starting service org.cyanogenmod.platform.internal.WeatherManagerServiceBroker
11-20 18:17:17.217  3652  3652 I SystemServiceManager: Starting org.cyanogenmod.platform.internal.WeatherManagerServiceBroker
11-20 18:17:17.218  3652  3652 I CMSystemServer: Attempting to start service org.cyanogenmod.platform.internal.display.LiveDisplayService
11-20 18:17:17.225  3652  4763 I ServiceThread: Enabled StrictMode logging for LiveDisplay looper.
11-20 18:17:17.227  3652  3652 I CMSystemServer: Starting service org.cyanogenmod.platform.internal.display.LiveDisplayService
11-20 18:17:17.227  3652  3652 I SystemServiceManager: Starting org.cyanogenmod.platform.internal.display.LiveDisplayService
11-20 18:17:17.229  3652  4764 I ServiceThread: Enabled StrictMode logging for LiveDisplay looper.
11-20 18:17:17.230  3652  3652 I CMSystemServer: Attempting to start service org.cyanogenmod.platform.internal.CMAudioServiceBroker
11-20 18:17:17.231  3652  3652 I CMSystemServer: Starting service org.cyanogenmod.platform.internal.CMAudioServiceBroker
11-20 18:17:17.231  3652  3652 I SystemServiceManager: Starting org.cyanogenmod.platform.internal.CMAudioServiceBroker
11-20 18:17:17.232  3652  3652 I SystemServiceManager: Starting com.android.server.retaildemo.RetailDemoModeService
11-20 18:17:17.233  3652  4765 I ServiceThread: Enabled StrictMode logging for RetailDemoModeService looper.
11-20 18:17:17.326  3652  3652 I LockSettingsService: Migrated lock settings to new location
11-20 18:17:17.341  3652  3652 I LockSettingsService: Migrated per-user lock settings to new location
11-20 18:17:17.361  3652  3652 I LockSettingsService: Migrated biometric weak to use the fallback instead
11-20 18:17:17.368  3652  3652 I LockSettingsService: Migrated lockscreen disabled flag
11-20 18:17:17.379  3652  3652 E LockSettingsStorage: Cannot read file java.io.FileNotFoundException: /data/system/gatekeeper.password.key: open failed: ENOENT (No such file or directory)
11-20 18:17:17.380  3652  3652 E LockSettingsStorage: Cannot read file java.io.FileNotFoundException: /data/system/password.key: open failed: ENOENT (No such file or directory)
11-20 18:17:17.381  3652  3652 E LockSettingsStorage: Cannot read file java.io.FileNotFoundException: /data/system/gatekeeper.pattern.key: open failed: ENOENT (No such file or directory)
11-20 18:17:17.382  3652  3652 E LockSettingsStorage: Cannot read file java.io.FileNotFoundException: /data/system/gatekeeper.gesture.key: open failed: ENOENT (No such file or directory)
11-20 18:17:17.382  3652  3652 E LockSettingsStorage: Cannot read file java.io.FileNotFoundException: /data/system/gesture.key: open failed: ENOENT (No such file or directory)
11-20 18:17:17.383  3652  3652 I SystemServiceManager: Starting phase 480
11-20 18:17:17.388  3652  3652 I SystemServiceManager: Starting phase 500
11-20 18:17:17.406  3652  3652 I WifiService: WifiService starting up with Wi-Fi enabled
11-20 18:17:17.409  3652  3652 D WifiService: setWifiEnabled: true pid=3652, uid=1000
11-20 18:17:17.431  3652  4720 D ConnectivityService: Got NetworkFactory Messenger for Ethernet
11-20 18:17:17.441  3652  3652 D ZenLog  : config: cleanUpZenRules,ZenModeConfig[user=0,allowCalls=true,allowRepeatCallers=false,allowMessages=false,allowCallsFrom=contacts,allowMessagesFrom=contacts,allowReminders=true,allowEvents=true,allowWhenScreenOff=true,allowWhenScreenOn=true,automaticRules={fdb443622d5f4719bf7c7d5f3e62800e=ZenRule[enabled=false,snoozing=false,name=Weeknight,zenMode=ZEN_MODE_ALARMS,conditionId=condition://android/schedule?days=1.2.3.4.5&start=22.0&end=7.0&exitAtAlarm=false,condition=null,component=ComponentInfo{android/com.android.server.notification.ScheduleConditionProvider},id=fdb443622d5f4719bf7c7d5f3e62800e,creationTime=1511212636748,enabler=null], 7a248b03ab874e00bd622f914756ee31=ZenRule[enabled=false,snoozing=false,name=Weekend,zenMode=ZEN_MODE_ALARMS,conditionId=condition://android/schedule?days=6.7&start=23.30&end=10.0&exitAtAlarm=false,condition=null,component=ComponentInfo{android/com.android.server.notification.ScheduleConditionProvider},id=7a248b03ab874e00bd622f914756ee31,creationTime=1511212636748,enabler=null], 0c830d8e9c45450dbd281b97d16d5d9f=ZenRule[enabled=false,snoozing=false,name=Event,zenMode=ZEN_MODE_ALARMS,conditionId=condition://android/event?userId=-10000&calendar=&reply=1,condition=null,component=ComponentInfo{android/com.android.server.notification.EventConditionProvider},id=0c830d8e9c45450dbd281b97d16d5d9f,creationTime=1511212636749,enabler=null]},manualRule=null],Diff[]
11-20 18:17:17.441  3652  3652 D ZenLog  : set_zen_mode: off,onSystemReady
11-20 18:17:17.444  3652  3652 W SoundTriggerHelper: listModules status=0, # of modules=0
11-20 18:17:17.449  3652  3652 E PerformanceManager: System is not ready, dropping profile request
11-20 18:17:17.512  3652  3652 D VoldConnector: SND -> {4 volume remount_uid 1001 none}
11-20 18:17:17.512  3111  3176 D vold    : Remounting 1001 as mode none
11-20 18:17:17.514  3652  3722 W KeyguardServiceDelegate: onScreenTurningOn(): no keyguard service!
11-20 18:17:17.521  3111  3176 D vold    : Found matching PID 3623
11-20 18:17:17.521  3111  3176 W vold    : Skipping due to root namespace
11-20 18:17:17.521  3111  3176 D vold    : Found matching PID 3624
11-20 18:17:17.521  3111  3176 W vold    : Skipping due to root namespace
11-20 18:17:17.522  3652  4084 D VoldConnector: RCV <- {200 4 Command succeeded}
11-20 18:17:17.522  3652  3652 D VoldConnector: SND -> {5 volume remount_uid 1001 none}
11-20 18:17:17.524  3111  3176 D vold    : Remounting 1001 as mode none
11-20 18:17:17.531  3111  3176 D vold    : Found matching PID 3623
11-20 18:17:17.531  3111  3176 W vold    : Skipping due to root namespace
11-20 18:17:17.531  3111  3176 D vold    : Found matching PID 3624
11-20 18:17:17.531  3111  3176 W vold    : Skipping due to root namespace
11-20 18:17:17.532  3652  4084 D VoldConnector: RCV <- {200 5 Command succeeded}
11-20 18:17:17.534  3652  3652 D VoldConnector: SND -> {6 volume remount_uid 1027 none}
11-20 18:17:17.534  3111  3176 D vold    : Remounting 1027 as mode none
11-20 18:17:17.542  3652  3720 W LocalDisplayAdapter: Unable to find color mode 0, ignoring request.
11-20 18:17:17.543  3652  4084 D VoldConnector: RCV <- {200 6 Command succeeded}
11-20 18:17:17.544  3652  3652 D VoldConnector: SND -> {7 volume remount_uid 1027 none}
11-20 18:17:17.545  3111  3176 D vold    : Remounting 1027 as mode none
11-20 18:17:17.551  3652  4084 D VoldConnector: RCV <- {200 7 Command succeeded}
11-20 18:17:17.552  3652  3652 D VoldConnector: SND -> {8 volume remount_uid 1000 none}
11-20 18:17:17.553  3111  3176 D vold    : Remounting 1000 as mode none
11-20 18:17:17.560  3111  3176 D vold    : Found matching PID 3181
11-20 18:17:17.560  3111  3176 W vold    : Skipping due to root namespace
11-20 18:17:17.560  3111  3176 D vold    : Found matching PID 3189
11-20 18:17:17.560  3111  3176 W vold    : Skipping due to root namespace
11-20 18:17:17.560  3111  3176 D vold    : Found matching PID 3190
11-20 18:17:17.560  3111  3176 W vold    : Skipping due to root namespace
11-20 18:17:17.560  3111  3176 D vold    : Found matching PID 3205
11-20 18:17:17.560  3111  3176 W vold    : Skipping due to root namespace
11-20 18:17:17.561  3111  3176 D vold    : Found matching PID 3222
11-20 18:17:17.561  3111  3176 W vold    : Skipping due to root namespace
11-20 18:17:17.561  3111  3176 D vold    : Found matching PID 3223
11-20 18:17:17.561  3111  3176 W vold    : Skipping due to root namespace
11-20 18:17:17.561  3111  3176 D vold    : Found matching PID 3652
11-20 18:17:17.595  3652  4084 D VoldConnector: RCV <- {200 8 Command succeeded}
11-20 18:17:17.596  3652  3652 D VoldConnector: SND -> {9 volume remount_uid 1000 none}
11-20 18:17:17.597  3111  3176 D vold    : Remounting 1000 as mode none
11-20 18:17:17.603  3111  3176 D vold    : Found matching PID 3181
11-20 18:17:17.604  3111  3176 W vold    : Skipping due to root namespace
11-20 18:17:17.604  3111  3176 D vold    : Found matching PID 3189
11-20 18:17:17.604  3111  3176 W vold    : Skipping due to root namespace
11-20 18:17:17.604  3111  3176 D vold    : Found matching PID 3190
11-20 18:17:17.604  3111  3176 W vold    : Skipping due to root namespace
11-20 18:17:17.604  3111  3176 D vold    : Found matching PID 3205
11-20 18:17:17.604  3111  3176 W vold    : Skipping due to root namespace
11-20 18:17:17.604  3111  3176 D vold    : Found matching PID 3222
11-20 18:17:17.604  3111  3176 W vold    : Skipping due to root namespace
11-20 18:17:17.604  3111  3176 D vold    : Found matching PID 3223
11-20 18:17:17.604  3111  3176 W vold    : Skipping due to root namespace
11-20 18:17:17.605  3111  3176 D vold    : Found matching PID 3652
11-20 18:17:17.608  3652  4084 D VoldConnector: RCV <- {200 9 Command succeeded}
11-20 18:17:17.611  3652  3652 D VoldConnector: SND -> {10 volume remount_uid 2000 none}
11-20 18:17:17.612  3111  3176 D vold    : Remounting 2000 as mode none
11-20 18:17:17.620  3111  3176 D vold    : Found matching PID 4732
11-20 18:17:17.620  3111  3176 W vold    : Skipping due to root namespace
11-20 18:17:17.621  3652  4084 D VoldConnector: RCV <- {200 10 Command succeeded}
11-20 18:17:17.622  3652  3652 D VoldConnector: SND -> {11 volume remount_uid 2000 none}
11-20 18:17:17.623  3111  3176 D vold    : Remounting 2000 as mode none
11-20 18:17:17.631  3111  3176 D vold    : Found matching PID 4732
11-20 18:17:17.631  3111  3176 W vold    : Skipping due to root namespace
11-20 18:17:17.632  3652  4084 D VoldConnector: RCV <- {200 11 Command succeeded}
11-20 18:17:17.633  3652  3652 D VoldConnector: SND -> {12 volume remount_uid 10033 none}
11-20 18:17:17.634  3111  3176 D vold    : Remounting 10033 as mode none
11-20 18:17:17.641  3652  4084 D VoldConnector: RCV <- {200 12 Command succeeded}
11-20 18:17:17.642  3652  3652 D VoldConnector: SND -> {13 volume remount_uid 10033 none}
11-20 18:17:17.643  3111  3176 D vold    : Remounting 10033 as mode none
11-20 18:17:17.651  3652  4084 D VoldConnector: RCV <- {200 13 Command succeeded}
11-20 18:17:17.652  3652  3652 D VoldConnector: SND -> {14 volume remount_uid 1002 none}
11-20 18:17:17.653  3111  3176 D vold    : Remounting 1002 as mode none
11-20 18:17:17.660  3652  4084 D VoldConnector: RCV <- {200 14 Command succeeded}
11-20 18:17:17.661  3652  3652 D VoldConnector: SND -> {15 volume remount_uid 1002 none}
11-20 18:17:17.663  3111  3176 D vold    : Remounting 1002 as mode none
11-20 18:17:17.671  3652  4084 D VoldConnector: RCV <- {200 15 Command succeeded}
11-20 18:17:17.673  3652  3652 W VoiceInteractionManagerService: no available voice interaction services found for user 0
11-20 18:17:17.674  3652  3652 W VoiceInteractionManagerService: no available voice recognition services found for user 0
11-20 18:17:17.696  3652  3652 D VoldConnector: SND -> {16 volume remount_uid 10024 none}
11-20 18:17:17.697  3111  3176 D vold    : Remounting 10024 as mode none
11-20 18:17:17.705  3652  4084 D VoldConnector: RCV <- {200 16 Command succeeded}
11-20 18:17:17.707  3652  3652 D VoldConnector: SND -> {17 volume remount_uid 10043 none}
11-20 18:17:17.708  3111  3176 D vold    : Remounting 10043 as mode none
11-20 18:17:17.714  3652  4084 D VoldConnector: RCV <- {200 17 Command succeeded}
11-20 18:17:17.716  3652  3652 D VoldConnector: SND -> {18 volume remount_uid 10043 none}
11-20 18:17:17.716  3111  3176 D vold    : Remounting 10043 as mode none
11-20 18:17:17.725  3652  4084 D VoldConnector: RCV <- {200 18 Command succeeded}
11-20 18:17:17.726  3652  3652 D VoldConnector: SND -> {19 volume remount_uid 10009 none}
11-20 18:17:17.727  3111  3176 D vold    : Remounting 10009 as mode none
11-20 18:17:17.733  3652  4084 D VoldConnector: RCV <- {200 19 Command succeeded}
11-20 18:17:17.734  3652  3652 D VoldConnector: SND -> {20 volume remount_uid 10009 none}
11-20 18:17:17.734  3111  3176 D vold    : Remounting 10009 as mode none
11-20 18:17:17.743  3652  4084 D VoldConnector: RCV <- {200 20 Command succeeded}
11-20 18:17:17.744  3652  3652 D VoldConnector: SND -> {21 volume remount_uid 10012 none}
11-20 18:17:17.745  3111  3176 D vold    : Remounting 10012 as mode none
11-20 18:17:17.753  3652  4084 D VoldConnector: RCV <- {200 21 Command succeeded}
11-20 18:17:17.755  3652  3652 D VoldConnector: SND -> {22 volume remount_uid 10012 none}
11-20 18:17:17.756  3111  3176 D vold    : Remounting 10012 as mode none
11-20 18:17:17.764  3652  4084 D VoldConnector: RCV <- {200 22 Command succeeded}
11-20 18:17:17.769  3652  3652 D VoldConnector: SND -> {23 volume remount_uid 10004 none}
11-20 18:17:17.770  3111  3176 D vold    : Remounting 10004 as mode none
11-20 18:17:17.778  3652  4084 D VoldConnector: RCV <- {200 23 Command succeeded}
11-20 18:17:17.779  3652  3652 D VoldConnector: SND -> {24 volume remount_uid 10004 none}
11-20 18:17:17.780  3111  3176 D vold    : Remounting 10004 as mode none
11-20 18:17:17.788  3652  4084 D VoldConnector: RCV <- {200 24 Command succeeded}
11-20 18:17:17.794  3652  3652 D VoldConnector: SND -> {25 volume remount_uid 10022 none}
11-20 18:17:17.795  3111  3176 D vold    : Remounting 10022 as mode none
11-20 18:17:17.803  3652  4084 D VoldConnector: RCV <- {200 25 Command succeeded}
11-20 18:17:17.804  3652  3652 D VoldConnector: SND -> {26 volume remount_uid 10022 none}
11-20 18:17:17.805  3111  3176 D vold    : Remounting 10022 as mode none
11-20 18:17:17.812  3652  4084 D VoldConnector: RCV <- {200 26 Command succeeded}
11-20 18:17:17.815  3652  3652 D VoldConnector: SND -> {27 volume remount_uid 10015 none}
11-20 18:17:17.816  3111  3176 D vold    : Remounting 10015 as mode none
11-20 18:17:17.824  3652  4084 D VoldConnector: RCV <- {200 27 Command succeeded}
11-20 18:17:17.825  3652  3652 D VoldConnector: SND -> {28 volume remount_uid 10015 none}
11-20 18:17:17.827  3111  3176 D vold    : Remounting 10015 as mode none
11-20 18:17:17.834  3652  4084 D VoldConnector: RCV <- {200 28 Command succeeded}
11-20 18:17:17.836  3652  3652 D VoldConnector: SND -> {29 volume remount_uid 10026 none}
11-20 18:17:17.837  3111  3176 D vold    : Remounting 10026 as mode none
11-20 18:17:17.844  3652  4084 D VoldConnector: RCV <- {200 29 Command succeeded}
11-20 18:17:17.845  3652  3652 D VoldConnector: SND -> {30 volume remount_uid 10026 none}
11-20 18:17:17.847  3111  3176 D vold    : Remounting 10026 as mode none
11-20 18:17:17.856  3652  4084 D VoldConnector: RCV <- {200 30 Command succeeded}
11-20 18:17:17.859  3652  3652 V UserManagerService: Found /data/user_de/0 with serial number -1
11-20 18:17:17.860  3652  3652 D UserManagerService: Serial number missing on /data/user_de/0; assuming current is valid
11-20 18:17:17.861  3652  3652 V UserManagerService: Found /data/user/0 with serial number -1
11-20 18:17:17.861  3652  3652 D UserManagerService: Serial number missing on /data/user/0; assuming current is valid
11-20 18:17:17.862  3652  3652 V UserManagerService: Found /data/system_de/0 with serial number -1
11-20 18:17:17.862  3652  3652 D UserManagerService: Serial number missing on /data/system_de/0; assuming current is valid
11-20 18:17:17.864  3652  3652 I ActivityManager: System now ready
11-20 18:17:17.871  3652  3652 I SystemServer: Making services ready
11-20 18:17:17.871  3652  3652 I SystemServiceManager: Starting phase 550
11-20 18:17:17.877  3652  3652 D BluetoothManagerService: Bluetooth boot completed
11-20 18:17:17.878  3652  3652 D BluetoothManagerService: Getting adapter name and address
11-20 18:17:17.878  3652  3719 D BluetoothManagerService: MESSAGE_GET_NAME_AND_ADDRESS
11-20 18:17:17.878  3652  3719 D BluetoothManagerService: Binding to service to get name and address
11-20 18:17:17.961  3652  3719 W ActivityManager: Slow operation: 82ms so far, now at startProcess: returned from zygote!
11-20 18:17:17.961  3652  3719 W ActivityManager: Slow operation: 82ms so far, now at startProcess: done updating battery stats
11-20 18:17:17.961  3652  3719 W ActivityManager: Slow operation: 83ms so far, now at startProcess: building log message
11-20 18:17:17.962  3652  3719 I ActivityManager: Start proc 4784:com.android.bluetooth/1002 for service com.android.bluetooth/.btservice.AdapterService
11-20 18:17:17.962  3652  3719 W ActivityManager: Slow operation: 83ms so far, now at startProcess: starting to update pids map
11-20 18:17:17.962  3652  3719 W ActivityManager: Slow operation: 83ms so far, now at startProcess: done updating pids map
11-20 18:17:17.962  3652  3719 W ActivityManager: Slow operation: 83ms so far, now at startProcess: done starting proc!
11-20 18:17:17.975  3652  3652 E InputMethodManagerService: Ignoring updateSystemUiLocked due to an invalid token. uid:1000 token:null
11-20 18:17:18.012  3652  3652 W InputMethodManagerService: Reset the default IME as "Resource" is ready here.
11-20 18:17:18.027  3652  3652 I InputMethodManagerService: Default found, using com.android.inputmethod.latin/.LatinIME
11-20 18:17:18.027  3652  3652 W InputMethodManagerService: Illegal subtype state: old subtype = null, new subtype = android.view.inputmethod.InputMethodSubtype@c9194f98
11-20 18:17:18.039  3652  3652 I ActivityManager: Start proc 4800:com.android.inputmethod.latin/u0a62 for service com.android.inputmethod.latin/.LatinIME
11-20 18:17:18.039  3652  3652 V InputMethodManagerService: Adding window token: android.os.Binder@1ec5250
11-20 18:17:18.039  3652  4083 D MountService: Thinking about init, mSystemReady=true, mDaemonConnected=true
11-20 18:17:18.039  3652  4083 D MountService: Setting up emulation state, initlocked=false
11-20 18:17:18.040  3652  4083 D CryptdConnector: SND -> {2 cryptfs unlock_user_key 0 0 ! !}
11-20 18:17:18.041  3111  3177 D vold    : e4crypt_unlock_user_key 0 serial=0 token_present=0
11-20 18:17:18.041  3111  3177 E vold    : Failed to chmod /data/system_ce/0: No such file or directory
11-20 18:17:18.041  3111  3177 E vold    : Failed to chmod /data/misc_ce/0: No such file or directory
11-20 18:17:18.042  3652  4085 D CryptdConnector: RCV <- {200 2 Command succeeded}
11-20 18:17:18.042  3652  3652 D UsbAlsaManager: Adding ALSA device AlsaDevice: [card: 0, device: 22, type: 1]
11-20 18:17:18.042  3652  3652 D UsbAlsaManager: Adding ALSA device AlsaDevice: [card: 0, device: 22, type: 2]
11-20 18:17:18.042  3652  3652 D UsbAlsaManager: Adding ALSA device AlsaDevice: [card: 0, device: 21, type: 2]
11-20 18:17:18.042  3652  3652 D UsbAlsaManager: Adding ALSA device AlsaDevice: [card: 0, device: 20, type: 2]
11-20 18:17:18.042  3652  3652 D UsbAlsaManager: Adding ALSA device AlsaDevice: [card: 0, device: 12, type: 2]
11-20 18:17:18.042  3652  3652 D UsbAlsaManager: Adding ALSA device AlsaDevice: [card: 0, device: 11, type: 2]
11-20 18:17:18.042  3652  3652 D UsbAlsaManager: Adding ALSA device AlsaDevice: [card: 0, device: 10, type: 2]
11-20 18:17:18.042  3652  3652 D UsbAlsaManager: Adding ALSA device AlsaDevice: [card: 0, device: 9, type: 2]
11-20 18:17:18.042  3652  3652 D UsbAlsaManager: Adding ALSA device AlsaDevice: [card: 0, device: 7, type: 1]
11-20 18:17:18.042  3652  3652 D UsbAlsaManager: Adding ALSA device AlsaDevice: [card: 0, device: 8, type: 2]
11-20 18:17:18.042  3652  3652 D UsbAlsaManager: Adding ALSA device AlsaDevice: [card: 0, device: 6, type: 1]
11-20 18:17:18.042  3652  3652 D UsbAlsaManager: Adding ALSA device AlsaDevice: [card: 0, device: 4, type: 1]
11-20 18:17:18.042  3652  3652 D UsbAlsaManager: Adding ALSA device AlsaDevice: [card: 0, device: 3, type: 1]
11-20 18:17:18.042  3652  3652 D UsbAlsaManager: Adding ALSA device AlsaDevice: [card: 0, device: 2, type: 1]
11-20 18:17:18.042  3652  3652 D UsbAlsaManager: Adding ALSA device AlsaDevice: [card: 0, device: 1, type: 1]
11-20 18:17:18.042  3652  3652 D UsbAlsaManager: Adding ALSA device AlsaDevice: [card: 0, device: 0, type: 1]
11-20 18:17:18.043  3652  4083 D MountService: Thinking about reset, mSystemReady=true, mDaemonConnected=true
11-20 18:17:18.044  3652  4083 D VoldConnector: SND -> {31 volume reset}
11-20 18:17:18.044  3652  3713 I ActivityManager: Force stopping com.android.providers.media appid=10009 user=-1: vold reset
11-20 18:17:18.045  3652  4084 D VoldConnector: RCV <- {651 emulated 7}
11-20 18:17:18.045  3652  4084 D VoldConnector: RCV <- {659 emulated}
11-20 18:17:18.045  3652  4084 D VoldConnector: RCV <- {650 emulated 2 "" ""}
11-20 18:17:18.047  3652  4084 D VoldConnector: RCV <- {654 emulated emulated}
11-20 18:17:18.047  3652  4084 D VoldConnector: RCV <- {651 emulated 0}
11-20 18:17:18.047  3652  4084 D VoldConnector: RCV <- {200 31 Command succeeded}
11-20 18:17:18.051  3652  4083 D VoldConnector: SND -> {32 volume user_added 0 0}
11-20 18:17:18.052  3652  4727 D BluetoothManagerService: Trying to bind to profile: 1, while Bluetooth was disabled
11-20 18:17:18.052  3652  4084 D VoldConnector: RCV <- {200 32 Command succeeded}
11-20 18:17:18.063  3652  3652 I ActivityManager: Start proc 4808:com.android.systemui/u0a33 for service com.android.systemui/.keyguard.KeyguardService
11-20 18:17:18.063  3652  3652 I SystemServer: WebViewFactory preparation
11-20 18:17:18.072  3652  3718 I UsbPortManager: USB port added: port=UsbPort{id=otg_default, supportedModes=dual}, status=UsbPortStatus{connected=true, currentMode=ufp, currentPowerRole=sink, currentDataRole=device, supportedRoleCombinations=[source:host, sink:device]}, canChangeMode=true, canChangePowerRole=false, canChangeDataRole=false
11-20 18:17:18.079  3652  3718 V MountService: Found primary storage at VolumeInfo{emulated}:
11-20 18:17:18.079  3652  3718 V MountService:     type=EMULATED diskId=null partGuid=null mountFlags=0 mountUserId=-1 
11-20 18:17:18.079  3652  3718 V MountService:     state=UNMOUNTED 
11-20 18:17:18.079  3652  3718 V MountService:     fsType=null fsUuid=null fsLabel=null 
11-20 18:17:18.079  3652  3718 V MountService:     path=null internalPath=null 
11-20 18:17:18.079  3652  4083 D VoldConnector: SND -> {33 volume mount emulated 3 -1}
11-20 18:17:18.103  3111  3176 V vold    : Waiting for FUSE to spin up...
11-20 18:17:18.104  3652  4084 D VoldConnector: RCV <- {651 emulated 1}
11-20 18:17:18.104  3652  4084 D VoldConnector: RCV <- {656 emulated /data/media}
11-20 18:17:18.105  3652  4084 D VoldConnector: RCV <- {655 emulated /storage/emulated}
11-20 18:17:18.106  3652  3652 I ActivityManager: Start proc 4835:WebViewLoader-armeabi-v7a/1037 [android.webkit.WebViewFactory$RelroFileCreator] for 
11-20 18:17:18.140  3652  3652 I ActivityManager: Start proc 4841:WebViewLoader-arm64-v8a/1037 [android.webkit.WebViewFactory$RelroFileCreator] for 
11-20 18:17:18.144  3652  3652 D NetworkManagement: enabling bandwidth control
11-20 18:17:18.161  3652  4084 D VoldConnector: RCV <- {651 emulated 2}
11-20 18:17:18.162  3652  4084 D VoldConnector: RCV <- {200 33 Command succeeded}
11-20 18:17:18.305  4800  4902 E ActivityThread: Failed to find provider info for user_dictionary
11-20 18:17:18.411  3652  3652 D NetworkPolicy: setRestrictBackgroundUL(): false
11-20 18:17:18.464  3652  3711 I StatusBarManagerService: registerStatusBar bar=com.android.internal.statusbar.IStatusBar$Stub$Proxy@a9c9419
11-20 18:17:18.514  3652  3714 W WindowManager: Keyguard drawn timeout. Setting mKeyguardDrawComplete
11-20 18:17:18.515  3652  3720 W LocalDisplayAdapter: Unable to find color mode 0, ignoring request.
11-20 18:17:18.527  3652  3720 W LocalDisplayAdapter: Unable to find color mode 0, ignoring request.
11-20 18:17:18.535  3652  3652 I SystemServiceManager: Starting phase 600
11-20 18:17:18.557  3652  3652 D GestureLauncherService: Gesture launcher mEmergencyNumber = 112 hits = 3
11-20 18:17:18.558  3652  3652 D SensorNotificationService: Cannot obtain dynamic meta sensor, not supported.
11-20 18:17:18.560  3652  3652 D BrokerableCMSystemService: Third party apps ready
11-20 18:17:18.560  3652  3652 I BrokerableCMSystemService: Connecting to implementation
11-20 18:17:18.560  3652  3652 W ContextImpl: Calling a method in the system process without a qualified user: android.app.ContextImpl.bindService:1421 org.cyanogenmod.platform.internal.BrokerableCMSystemService.tryConnecting:199 org.cyanogenmod.platform.internal.BrokerableCMSystemService.onBootPhase:127 org.cyanogenmod.platform.internal.CMAudioServiceBroker.onBootPhase:58 com.android.server.SystemServiceManager.startBootPhase:143 
11-20 18:17:18.571  3652  3652 I ActivityManager: Start proc 4938:org.cyanogenmod.cmaudio.service/u0a0 for service org.cyanogenmod.cmaudio.service/.CMAudioService
11-20 18:17:18.587  3652  3652 W LocationManagerService: no network location provider found
11-20 18:17:18.589  3652  3652 E LocationManagerService: no geocoder provider found
11-20 18:17:18.589  3652  3652 D LocationManagerService: FLP HAL not supported
11-20 18:17:18.593  3652  3652 D LocationManagerService: Unable to bind FLP Geofence proxy.
11-20 18:17:18.593  3652  3652 D LocationManagerService: Hardware Activity-Recognition not supported.
11-20 18:17:18.593  3652  3652 D LocationManagerService: Unable to bind ActivityRecognitionProxy.
11-20 18:17:18.598  3652  3652 I MmsServiceBroker: Delay connecting to MmsService until an API is called
11-20 18:17:18.603  3652  3652 W VoiceInteractionManagerService: no available voice interaction services found for user 0
11-20 18:17:18.603  3652  3652 W VoiceInteractionManagerService: no available voice recognition services found for user 0
11-20 18:17:18.619  3652  3652 I ActivityManager: Start proc 4955:com.android.phone/1001 for added application com.android.phone
11-20 18:17:18.620  3652  3652 I ActivityManager: START u0 {act=android.intent.action.MAIN cat=[android.intent.category.HOME] flg=0x10000100 cmp=com.android.settings/.CryptKeeper} from uid 0 on display 0
11-20 18:17:18.624  3652  3652 I ActivityManager: Loaded persisted task ids for user 0
11-20 18:17:18.651  3652  3652 I ActivityManager: Start proc 4967:com.android.settings:CryptKeeper/1000 for activity com.android.settings/.CryptKeeper
11-20 18:17:18.656  3652  3652 I SystemServer: Enabled StrictMode for system server main thread.
11-20 18:17:18.661  3652  3652 D ConditionProviders.SCP: onConnected
11-20 18:17:18.704  3652  3652 W ContextImpl: Calling a method in the system process without a qualified user: android.app.ContextImpl.startService:1357 com.android.server.content.SyncManager$13.run:658 android.os.Handler.handleCallback:751 android.os.Handler.dispatchMessage:95 android.os.Looper.loop:154 
11-20 18:17:18.717  3652  3652 D ZenLog  : set_zen_mode: off,cleanUpZenRules
11-20 18:17:18.720  3652  3652 D ConditionProviders: Subscribing to condition://android/schedule?days=1.2.3.4.5&start=22.0&end=7.0&exitAtAlarm=false with ComponentInfo{android/com.android.server.notification.ScheduleConditionProvider}
11-20 18:17:18.722  3652  3652 D ZenLog  : subscribe: condition://android/schedule?days=1.2.3.4.5&start=22.0&end=7.0&exitAtAlarm=false,ok
11-20 18:17:18.722  3652  3652 D ConditionProviders: Subscribing to condition://android/schedule?days=6.7&start=23.30&end=10.0&exitAtAlarm=false with ComponentInfo{android/com.android.server.notification.ScheduleConditionProvider}
11-20 18:17:18.722  3652  3652 D ZenLog  : subscribe: condition://android/schedule?days=6.7&start=23.30&end=10.0&exitAtAlarm=false,ok
11-20 18:17:18.723  3652  3652 D ConditionProviders: Subscribing to condition://android/event?userId=-10000&calendar=&reply=1 with ComponentInfo{android/com.android.server.notification.EventConditionProvider}
11-20 18:17:18.723  3652  3652 D ZenLog  : subscribe: condition://android/event?userId=-10000&calendar=&reply=1,ok
11-20 18:17:18.724  3652  4823 W WallpaperManagerService: no current wallpaper -- first boot?
11-20 18:17:18.780  3652  3710 W ActivityManager: Slow operation: 70ms so far, now at attachApplicationLocked: after mServices.attachApplicationLocked
11-20 18:17:18.783  3652  3720 I SingleHandAdapter: onChange..
11-20 18:17:18.783  3652  3720 I SingleHandAdapter: updateSingleHandMode value:  cur: 
--------- beginning of main
11-20 18:17:18.801  3220  3220 W ACodec  : do not know color format 0x7f000789 = 2130708361
11-20 18:17:18.802  4808  4808 D ClockController: onTuningChanged key=cmsystem:status_bar_am_pm value=null
11-20 18:17:18.803  3220  3220 W ACodec  : do not know color format 0x7f000012 = 2130706450
11-20 18:17:18.804  4808  4808 D ClockController: onTuningChanged key=clock_seconds value=null
11-20 18:17:18.804  3217  3266 E OMXNodeInstance: getConfig(c910008:Exynos.AVC.Encoder, ConfigAndroidIntraRefresh(0x6f60000a)) ERROR: UnsupportedIndex(0x8000101a)
11-20 18:17:18.806  3220  3220 I MediaPlayerService: MediaPlayerService::getOMX
11-20 18:17:18.808  3220  3220 I OMXClient: MuxOMX ctor
11-20 18:17:18.808  3217  3266 I OMXMaster: makeComponentInstance(OMX.Exynos.H263.Encoder) in mediacodec process
11-20 18:17:18.811  3217  3266 D libexynosv4l2: try node: /dev/video6
11-20 18:17:18.811  3217  3266 D libexynosv4l2: try node: /dev/video7
11-20 18:17:18.813  3217  3266 I libexynosv4l2: node found for device s5p-mfc-enc: /dev/video7
11-20 18:17:18.837  4800  4902 I BinaryDictionaryFileDumper: reinitializeClientRecordInDictionaryContentProvider() : Insert DictionaryInfo : Id = 'main:bg' : Locale=bg : Version=1
11-20 18:17:18.849  4808  4808 D LocalBluetoothProfileManager: Adding local MAP profile
11-20 18:17:18.851  4808  4808 D BluetoothMap: Create BluetoothMap proxy object
11-20 18:17:18.852  4967  4967 D CryptKeeper: Disabling component ComponentInfo{com.android.settings/com.android.settings.CryptKeeper}
11-20 18:17:18.854  3652  4823 I WindowManager: Screen frozen for +134ms due to AppWindowToken{50b4d6b token=Token{8cb52dc ActivityRecord{2bb4b4f u0 com.android.settings/.CryptKeeper t1}}}
11-20 18:17:18.856  3217  3266 I libexynosv4l2: open video device /dev/video7
11-20 18:17:18.864  3220  3220 W ACodec  : do not know color format 0x7f000011 = 2130706449
11-20 18:17:18.865  3220  3220 W ACodec  : do not know color format 0x10 = 16
11-20 18:17:18.866  3220  3220 W ACodec  : do not know color format 0x7f00a000 = 2130747392
11-20 18:17:18.867  3220  3220 W ACodec  : do not know color format 0x7f000789 = 2130708361
11-20 18:17:18.868  3652  3711 I ActivityManager: START u0 {act=android.intent.action.MAIN cat=[android.intent.category.HOME] flg=0x10000100 cmp=com.android.settings/.FallbackHome} from uid 0 on display 0
11-20 18:17:18.868  3220  3220 W ACodec  : do not know color format 0x7f000012 = 2130706450
11-20 18:17:18.869  3217  3266 E OMXNodeInstance: getConfig(c910009:Exynos.H263.Encoder, ConfigAndroidIntraRefresh(0x6f60000a)) ERROR: UnsupportedIndex(0x8000101a)
11-20 18:17:18.872  3220  3220 I MediaPlayerService: MediaPlayerService::getOMX
11-20 18:17:18.873  3220  3220 I OMXClient: MuxOMX ctor
11-20 18:17:18.874  3217  3266 I OMXMaster: makeComponentInstance(OMX.Exynos.MPEG4.Encoder) in mediacodec process
11-20 18:17:18.875  3217  3266 D libexynosv4l2: try node: /dev/video6
11-20 18:17:18.876  3217  3266 D libexynosv4l2: try node: /dev/video7
11-20 18:17:18.876  3217  3266 I libexynosv4l2: node found for device s5p-mfc-enc: /dev/video7
11-20 18:17:18.888  3652  3711 I ActivityManager: Start proc 5008:com.android.settings/1000 for activity com.android.settings/.FallbackHome
11-20 18:17:18.890  4808  4808 D LocalBluetoothProfileManager: LocalBluetoothProfileManager construction complete
11-20 18:17:18.899  4800  4902 I BinaryDictionaryFileDumper: reinitializeClientRecordInDictionaryContentProvider() : Insert DictionaryInfo : Id = 'main:cs' : Locale=cs : Version=44
11-20 18:17:18.909  4808  4808 I CameraManagerGlobal: Connecting to camera service
11-20 18:17:18.911  3206  3206 E CameraService: getCameraVendorTagDescriptor: camera hardware module doesn't exist
11-20 18:17:18.926  3217  3266 I libexynosv4l2: open video device /dev/video7
11-20 18:17:18.935  3220  3220 W ACodec  : do not know color format 0x7f000011 = 2130706449
11-20 18:17:18.936  3220  3220 W ACodec  : do not know color format 0x10 = 16
11-20 18:17:18.936  3220  3220 W ACodec  : do not know color format 0x7f00a000 = 2130747392
11-20 18:17:18.937  3220  3220 W ACodec  : do not know color format 0x7f000789 = 2130708361
11-20 18:17:18.938  3220  3220 W ACodec  : do not know color format 0x7f000012 = 2130706450
11-20 18:17:18.939  3217  4965 E OMXNodeInstance: getConfig(c91000a:Exynos.MPEG4.Encoder, ConfigAndroidIntraRefresh(0x6f60000a)) ERROR: UnsupportedIndex(0x8000101a)
11-20 18:17:18.950  3220  3220 I MediaPlayerService: MediaPlayerService::getOMX
11-20 18:17:18.952  3220  3220 I OMXClient: MuxOMX ctor
11-20 18:17:18.952  3217  4965 I OMXMaster: makeComponentInstance(OMX.Exynos.VP8.Encoder) in mediacodec process
11-20 18:17:18.956  3217  4965 D libexynosv4l2: try node: /dev/video6
11-20 18:17:18.957  3217  4965 D libexynosv4l2: try node: /dev/video7
11-20 18:17:18.957  3217  4965 I libexynosv4l2: node found for device s5p-mfc-enc: /dev/video7
11-20 18:17:18.960  4800  4902 I BinaryDictionaryFileDumper: reinitializeClientRecordInDictionaryContentProvider() : Insert DictionaryInfo : Id = 'main:da' : Locale=da : Version=44
11-20 18:17:18.970  5008  5008 W System  : ClassLoader referenced unknown path: /system/priv-app/Settings/lib/arm64
11-20 18:17:18.985  3217  4965 I libexynosv4l2: open video device /dev/video7
11-20 18:17:18.986  3652  4998 I ActivityManager: Start proc 5027:org.cyanogenmod.weather.provider/u0a32 for content provider org.cyanogenmod.weather.provider/.WeatherContentProvider
11-20 18:17:18.988  3220  3220 W ACodec  : do not know color format 0x7f000011 = 2130706449
11-20 18:17:18.988  3220  3220 W ACodec  : do not know color format 0x10 = 16
11-20 18:17:18.988  3220  3220 W ACodec  : do not know color format 0x7f00a000 = 2130747392
11-20 18:17:18.989  3652  5034 I chatty  : uid=1000(system) Thread-5 expire 2 lines
11-20 18:17:18.989  3220  3220 W ACodec  : do not know color format 0x7f000789 = 2130708361
11-20 18:17:18.989  3220  3220 W ACodec  : do not know color format 0x7f000012 = 2130706450
11-20 18:17:18.989  3217  4965 E OMXNodeInstance: getConfig(c91000b:Exynos.VP8.Encoder, ConfigAndroidIntraRefresh(0x6f60000a)) ERROR: UnsupportedIndex(0x8000101a)
11-20 18:17:18.992  3220  3220 I MediaPlayerService: MediaPlayerService::getOMX
11-20 18:17:18.993  3220  3220 I OMXClient: MuxOMX ctor
11-20 18:17:18.993  3217  3217 I OMXMaster: makeComponentInstance(OMX.Exynos.HEVC.Encoder) in mediacodec process
11-20 18:17:18.995  3217  3217 D libexynosv4l2: try node: /dev/video6
11-20 18:17:18.995  3217  3217 D libexynosv4l2: try node: /dev/video7
11-20 18:17:18.996  3217  3217 I libexynosv4l2: node found for device s5p-mfc-enc: /dev/video7
11-20 18:17:18.997  4800  4902 I BinaryDictionaryFileDumper: reinitializeClientRecordInDictionaryContentProvider() : Insert DictionaryInfo : Id = 'main:de' : Locale=de : Version=54
11-20 18:17:18.998  3652  4711 I chatty  : uid=1000(system) NetworkStats expire 2 lines
11-20 18:17:19.019  3119  3119 W auditd  : type=1327 audit(0.0:174): proctitle="com.android.phone"
11-20 18:17:19.019  3119  3119 W auditd  : type=1320 audit(0.0:174): 
11-20 18:17:19.022  3217  3217 I libexynosv4l2: open video device /dev/video7
11-20 18:17:19.029  3220  3220 W ACodec  : [OMX.Exynos.HEVC.Encoder] stopping checking profiles after 32: 2/400
11-20 18:17:19.030  4800  4902 I BinaryDictionaryFileDumper: reinitializeClientRecordInDictionaryContentProvider() : Insert DictionaryInfo : Id = 'main:el' : Locale=el : Version=44
11-20 18:17:19.031  5027  5027 I eather.provider: type=1400 audit(0.0:175): avc: denied { write } for name="org.cyanogenmod.weather.provider" dev="sda24" ino=3121245 scontext=u:r:platform_app:s0:c512,c768 tcontext=u:object_r:system_data_file:s0 tclass=dir permissive=1
11-20 18:17:19.031  5027  5027 I eather.provider: type=1400 audit(0.0:175): avc: denied { add_name } for name="cache" scontext=u:r:platform_app:s0:c512,c768 tcontext=u:object_r:system_data_file:s0 tclass=dir permissive=1
11-20 18:17:19.031  5027  5027 I eather.provider: type=1400 audit(0.0:175): avc: denied { create } for name="cache" scontext=u:r:platform_app:s0:c512,c768 tcontext=u:object_r:system_data_file:s0:c512,c768 tclass=dir permissive=1
11-20 18:17:19.031  5027  5027 W eather.provider: type=1300 audit(0.0:175): arch=c00000b7 syscall=34 success=yes exit=0 a0=ffffff9c a1=7fa6d6eec0 a2=1f9 a3=36 items=0 ppid=3211 auid=4294967295 uid=10032 gid=10032 euid=10032 suid=10032 fsuid=10032 egid=10032 sgid=10032 fsgid=10032 tty=(none) ses=4294967295 exe="/system/bin/app_process64" subj=u:r:platform_app:s0:c512,c768 key=(null)
11-20 18:17:19.031  3119  3119 W auditd  : type=1327 audit(0.0:175): proctitle="org.cyanogenmod.weather.provider"
11-20 18:17:19.031  3119  3119 W auditd  : type=1320 audit(0.0:175): 
11-20 18:17:19.031  3220  3220 W ACodec  : do not know color format 0x7f000011 = 2130706449
11-20 18:17:19.031  3220  3220 W ACodec  : do not know color format 0x10 = 16
11-20 18:17:19.032  3220  3220 W ACodec  : do not know color format 0x7f00a000 = 2130747392
11-20 18:17:19.032  3220  3220 W ACodec  : do not know color format 0x7f000789 = 2130708361
11-20 18:17:19.032  3220  3220 W ACodec  : do not know color format 0x7f000012 = 2130706450
11-20 18:17:19.033  5027  5027 W System  : ClassLoader referenced unknown path: /system/priv-app/WeatherProvider/lib/arm64
11-20 18:17:19.033  3217  3266 E OMXNodeInstance: getConfig(c91000c:Exynos.HEVC.Encoder, ConfigAndroidIntraRefresh(0x6f60000a)) ERROR: UnsupportedIndex(0x8000101a)
11-20 18:17:19.034  3220  3220 I MediaPlayerService: MediaPlayerService::getOMX
11-20 18:17:19.035  5027  5027 I eather.provider: type=1400 audit(0.0:176): avc: denied { setattr } for name="cache" dev="sda24" ino=3121278 scontext=u:r:platform_app:s0:c512,c768 tcontext=u:object_r:system_data_file:s0:c512,c768 tclass=dir permissive=1
11-20 18:17:19.035  5027  5027 W eather.provider: type=1300 audit(0.0:176): arch=c00000b7 syscall=53 success=yes exit=0 a0=ffffff9c a1=7fa6d6ef00 a2=1f9 a3=0 items=0 ppid=3211 auid=4294967295 uid=10032 gid=10032 euid=10032 suid=10032 fsuid=10032 egid=10032 sgid=10032 fsgid=10032 tty=(none) ses=4294967295 exe="/system/bin/app_process64" subj=u:r:platform_app:s0:c512,c768 key=(null)
11-20 18:17:19.035  3119  3119 W auditd  : type=1327 audit(0.0:176): proctitle="org.cyanogenmod.weather.provider"
11-20 18:17:19.035  3119  3119 W auditd  : type=1320 audit(0.0:176): 
11-20 18:17:19.035  3220  3220 I OMXClient: MuxOMX ctor
11-20 18:17:19.035  3217  3266 I OMXMaster: makeComponentInstance(OMX.google.mpeg4.decoder) in mediacodec process
11-20 18:17:19.044  3217  3217 E OMXNodeInstance: getExtensionIndex(c91000d:google.mpeg4.decoder, OMX.google.android.index.configureVideoTunnelMode) ERROR: UnsupportedIndex(0x8000101a)
11-20 18:17:19.044  3217  3266 W OMXNodeInstance: [c91000d:google.mpeg4.decoder] component does not support metadata mode; using fallback
11-20 18:17:19.046  3220  3220 I MediaPlayerService: MediaPlayerService::getOMX
11-20 18:17:19.047  5035  5035 I wpa_supplicant: Successfully initialized wpa_supplicant
11-20 18:17:19.047  3220  3220 I OMXClient: MuxOMX ctor
11-20 18:17:19.047  3217  3217 I OMXMaster: makeComponentInstance(OMX.google.h263.decoder) in mediacodec process
11-20 18:17:19.050  3217  3217 E OMXNodeInstance: getExtensionIndex(c91000e:google.h263.decoder, OMX.google.android.index.configureVideoTunnelMode) ERROR: UnsupportedIndex(0x8000101a)
11-20 18:17:19.050  3217  4965 W OMXNodeInstance: [c91000e:google.h263.decoder] component does not support metadata mode; using fallback
11-20 18:17:19.052  3220  3220 I MediaPlayerService: MediaPlayerService::getOMX
11-20 18:17:19.052  3220  3220 I OMXClient: MuxOMX ctor
11-20 18:17:19.053  3217  4965 I OMXMaster: makeComponentInstance(OMX.google.h264.decoder) in mediacodec process
11-20 18:17:19.055  5035  5035 I wpa_supplicant: rfkill: Cannot open RFKILL control device
11-20 18:17:19.069  3220  3220 W ACodec  : [OMX.google.h264.decoder] stopping checking profiles after 32: 2/8000
11-20 18:17:19.071  3217  4965 E OMXNodeInstance: getExtensionIndex(c91000f:google.h264.decoder, OMX.google.android.index.configureVideoTunnelMode) ERROR: UnsupportedIndex(0x8000101a)
11-20 18:17:19.071  3217  3217 W OMXNodeInstance: [c91000f:google.h264.decoder] component does not support metadata mode; using fallback
11-20 18:17:19.072  3220  3220 I MediaPlayerService: MediaPlayerService::getOMX
11-20 18:17:19.075  4800  4902 I BinaryDictionaryFileDumper: reinitializeClientRecordInDictionaryContentProvider() : Insert DictionaryInfo : Id = 'main:en' : Locale=en : Version=54
11-20 18:17:19.077  3220  3220 I OMXClient: MuxOMX ctor
11-20 18:17:19.079  3217  3266 I OMXMaster: makeComponentInstance(OMX.google.hevc.decoder) in mediacodec process
11-20 18:17:19.087  4716  4716 I WifiStateMachin: type=1400 audit(0.0:177): avc: denied { write } for name="wpa_wlan0" dev="tmpfs" ino=2046 scontext=u:r:system_server:s0 tcontext=u:object_r:socket_device:s0 tclass=sock_file permissive=1
11-20 18:17:19.087  4716  4716 W WifiStateMachin: type=1300 audit(0.0:177): arch=c00000b7 syscall=203 success=yes exit=0 a0=eb a1=7f8b2f6868 a2=18 a3=7fa9c461f0 items=0 ppid=3211 auid=4294967295 uid=1000 gid=1000 euid=1000 suid=1000 fsuid=1000 egid=1000 sgid=1000 fsgid=1000 tty=(none) ses=4294967295 exe="/system/bin/app_process64" subj=u:r:system_server:s0 key=(null)
11-20 18:17:19.087  3119  3119 W auditd  : type=1327 audit(0.0:177): proctitle="system_server"
11-20 18:17:19.087  5008  5049 I OpenGLRenderer: Initialized EGL, version 1.4
11-20 18:17:19.087  5008  5049 D OpenGLRenderer: Swap behavior 1
11-20 18:17:19.097  5035  5035 I wpa_supplicant: rfkill: Cannot get wiphy information
11-20 18:17:19.099  5008  5049 D mali_winsys: EGLint new_window_surface(egl_winsys_display*, void*, EGLSurface, EGLConfig, egl_winsys_surface**, egl_color_buffer_format*, EGLBoolean) returns 0x3000,  [1440x2960]-format:1
11-20 18:17:19.100  3217  4965 E OMXNodeInstance: getExtensionIndex(c910010:google.hevc.decoder, OMX.google.android.index.configureVideoTunnelMode) ERROR: UnsupportedIndex(0x8000101a)
11-20 18:17:19.101  3217  3217 W OMXNodeInstance: [c910010:google.hevc.decoder] component does not support metadata mode; using fallback
11-20 18:17:19.115  4800  4902 I BinaryDictionaryFileDumper: reinitializeClientRecordInDictionaryContentProvider() : Insert DictionaryInfo : Id = 'main:es' : Locale=es : Version=54
11-20 18:17:19.116  3220  3220 I MediaPlayerService: MediaPlayerService::getOMX
11-20 18:17:19.118  3220  3220 I OMXClient: MuxOMX ctor
