09-16 18:19:47.642  5392  5868 W MediaProvider: Missing volume for /system/media/audio/ringtones/BOOTES.ogg; assuming invalid
09-16 18:19:47.650  5392  5868 W MediaProvider: Missing volume for /system/media/audio/ringtones/Backroad.ogg; assuming invalid
09-16 18:19:47.657  5392  5868 W MediaProvider: Missing volume for /system/media/audio/ringtones/BeatPlucker.ogg; assuming invalid
09-16 18:19:47.664  5392  5868 W MediaProvider: Missing volume for /system/media/audio/ringtones/BentleyDubs.ogg; assuming invalid
09-16 18:19:47.670  5392  5868 W MediaProvider: Missing volume for /system/media/audio/ringtones/Big_Easy.ogg; assuming invalid
09-16 18:19:47.676  5392  5868 W MediaProvider: Missing volume for /system/media/audio/ringtones/BirdLoop.ogg; assuming invalid
09-16 18:19:47.682  5392  5868 W MediaProvider: Missing volume for /system/media/audio/ringtones/Bollywood.ogg; assuming invalid
09-16 18:19:47.689  5392  5868 W MediaProvider: Missing volume for /system/media/audio/ringtones/Boxbeat.ogg; assuming invalid
09-16 18:19:47.696  5392  5868 W MediaProvider: Missing volume for /system/media/audio/ringtones/BussaMove.ogg; assuming invalid
09-16 18:19:47.702  5392  5868 W MediaProvider: Missing volume for /system/media/audio/ringtones/CASSIOPEIA.ogg; assuming invalid
09-16 18:19:47.708  5392  5868 W MediaProvider: Missing volume for /system/media/audio/ringtones/Cairo.ogg; assuming invalid
09-16 18:19:47.716  5392  5868 W MediaProvider: Missing volume for /system/media/audio/ringtones/Callisto.ogg; assuming invalid
09-16 18:19:47.723  5392  5868 W MediaProvider: Missing volume for /system/media/audio/ringtones/Calypso_Steel.ogg; assuming invalid
09-16 18:19:47.732  5392  5868 W MediaProvider: Missing volume for /system/media/audio/ringtones/CanisMajor.ogg; assuming invalid
09-16 18:19:47.739  5392  5868 W MediaProvider: Missing volume for /system/media/audio/ringtones/CaribbeanIce.ogg; assuming invalid
09-16 18:19:47.748  5392  5868 W MediaProvider: Missing volume for /system/media/audio/ringtones/Carina.ogg; assuming invalid
09-16 18:19:47.757  5392  5868 W MediaProvider: Missing volume for /system/media/audio/ringtones/Centaurus.ogg; assuming invalid
09-16 18:19:47.765  5392  5868 W MediaProvider: Missing volume for /system/media/audio/ringtones/Champagne_Edition.ogg; assuming invalid
09-16 18:19:47.774  5392  5868 W MediaProvider: Missing volume for /system/media/audio/ringtones/Club_Cubano.ogg; assuming invalid
09-16 18:19:47.784  5392  5868 W MediaProvider: Missing volume for /system/media/audio/ringtones/CrayonRock.ogg; assuming invalid
09-16 18:19:47.793  5392  5868 W MediaProvider: Missing volume for /system/media/audio/ringtones/CrazyDream.ogg; assuming invalid
09-16 18:19:47.802  5392  5868 W MediaProvider: Missing volume for /system/media/audio/ringtones/CurveBall.ogg; assuming invalid
09-16 18:19:47.812  5392  5868 W MediaProvider: Missing volume for /system/media/audio/ringtones/CyanTone.ogg; assuming invalid
09-16 18:19:47.819  5392  5868 W MediaProvider: Missing volume for /system/media/audio/ringtones/Cygnus.ogg; assuming invalid
09-16 18:19:47.825  5392  5868 W MediaProvider: Missing volume for /system/media/audio/ringtones/DancinFool.ogg; assuming invalid
09-16 18:19:47.833  5392  5868 W MediaProvider: Missing volume for /system/media/audio/ringtones/Dione.ogg; assuming invalid
09-16 18:19:47.840  5918  5927 E StrictMode: A resource was acquired at attached stack trace but never released. See java.io.Closeable for information on avoiding resource leaks.
09-16 18:19:47.840  5918  5927 E StrictMode: java.lang.Throwable: Explicit termination method 'close' not called
09-16 18:19:47.840  5918  5927 E StrictMode: 	at dalvik.system.CloseGuard.open(CloseGuard.java:180)
09-16 18:19:47.840  5918  5927 E StrictMode: 	at android.database.sqlite.SQLiteDatabase.openInner(SQLiteDatabase.java:809)
09-16 18:19:47.840  5918  5927 E StrictMode: 	at android.database.sqlite.SQLiteDatabase.open(SQLiteDatabase.java:793)
09-16 18:19:47.840  5918  5927 E StrictMode: 	at android.database.sqlite.SQLiteDatabase.openDatabase(SQLiteDatabase.java:696)
09-16 18:19:47.840  5918  5927 E StrictMode: 	at android.app.ContextImpl.openOrCreateDatabase(ContextImpl.java:652)
09-16 18:19:47.840  5918  5927 E StrictMode: 	at android.content.ContextWrapper.openOrCreateDatabase(ContextWrapper.java:289)
09-16 18:19:47.840  5918  5927 E StrictMode: 	at android.content.ContextWrapper.openOrCreateDatabase(ContextWrapper.java:289)
09-16 18:19:47.840  5918  5927 E StrictMode: 	at android.database.sqlite.SQLiteOpenHelper.getDatabaseLocked(SQLiteOpenHelper.java:223)
09-16 18:19:47.840  5918  5927 E StrictMode: 	at android.database.sqlite.SQLiteOpenHelper.getReadableDatabase(SQLiteOpenHelper.java:187)
09-16 18:19:47.840  5918  5927 E StrictMode: 	at org.lineageos.updater.UpdatesDbHelper.getUpdates(UpdatesDbHelper.java:157)
09-16 18:19:47.840  5918  5927 E StrictMode: 	at org.lineageos.updater.UpdatesDbHelper.getUpdates(UpdatesDbHelper.java:153)
09-16 18:19:47.840  5918  5927 E StrictMode: 	at org.lineageos.updater.misc.Utils.cleanupDownloadsDir(Utils.java:281)
09-16 18:19:47.840  5918  5927 E StrictMode: 	at org.lineageos.updater.UpdatesCheckReceiver.onReceive(UpdatesCheckReceiver.java:52)
09-16 18:19:47.840  5918  5927 E StrictMode: 	at android.app.ActivityThread.handleReceiver(ActivityThread.java:3065)
09-16 18:19:47.840  5918  5927 E StrictMode: 	at android.app.ActivityThread.-wrap18(ActivityThread.java)
09-16 18:19:47.840  5918  5927 E StrictMode: 	at android.app.ActivityThread$H.handleMessage(ActivityThread.java:1580)
09-16 18:19:47.840  5918  5927 E StrictMode: 	at android.os.Handler.dispatchMessage(Handler.java:102)
09-16 18:19:47.840  5918  5927 E StrictMode: 	at android.os.Looper.loop(Looper.java:154)
09-16 18:19:47.840  5918  5927 E StrictMode: 	at android.app.ActivityThread.main(ActivityThread.java:6186)
09-16 18:19:47.840  5918  5927 E StrictMode: 	at java.lang.reflect.Method.invoke(Native Method)
09-16 18:19:47.840  5918  5927 E StrictMode: 	at com.android.internal.os.ZygoteInit$MethodAndArgsCaller.run(ZygoteInit.java:889)
09-16 18:19:47.840  5918  5927 E StrictMode: 	at com.android.internal.os.ZygoteInit.main(ZygoteInit.java:779)
09-16 18:19:47.840  5392  5868 W MediaProvider: Missing volume for /system/media/audio/ringtones/DonMessWivIt.ogg; assuming invalid
09-16 18:19:47.848  5392  5868 W MediaProvider: Missing volume for /system/media/audio/ringtones/Draco.ogg; assuming invalid
09-16 18:19:47.855  5392  5868 W MediaProvider: Missing volume for /system/media/audio/ringtones/DreamTheme.ogg; assuming invalid
09-16 18:19:47.861  5392  5868 W MediaProvider: Missing volume for /system/media/audio/ringtones/Eastern_Sky.ogg; assuming invalid
09-16 18:19:47.868  5392  5868 W MediaProvider: Missing volume for /system/media/audio/ringtones/Enter_the_Nexus.ogg; assuming invalid
09-16 18:19:47.874  5392  5868 W MediaProvider: Missing volume for /system/media/audio/ringtones/Eridani.ogg; assuming invalid
09-16 18:19:47.881  5392  5868 W MediaProvider: Missing volume for /system/media/audio/ringtones/EtherShake.ogg; assuming invalid
09-16 18:19:47.888  5392  5868 W MediaProvider: Missing volume for /system/media/audio/ringtones/FreeFlight.ogg; assuming invalid
09-16 18:19:47.895  5392  5868 W MediaProvider: Missing volume for /system/media/audio/ringtones/FriendlyGhost.ogg; assuming invalid
09-16 18:19:47.902  5392  5868 W MediaProvider: Missing volume for /system/media/audio/ringtones/Funk_Yall.ogg; assuming invalid
09-16 18:19:47.909  5392  5868 W MediaProvider: Missing volume for /system/media/audio/ringtones/GameOverGuitar.ogg; assuming invalid
09-16 18:19:47.917  5392  5868 W MediaProvider: Missing volume for /system/media/audio/ringtones/Ganymede.ogg; assuming invalid
09-16 18:19:47.924  5392  5868 W MediaProvider: Missing volume for /system/media/audio/ringtones/Gimme_Mo_Town.ogg; assuming invalid
09-16 18:19:47.932  5392  5868 W MediaProvider: Missing volume for /system/media/audio/ringtones/Girtab.ogg; assuming invalid
09-16 18:19:47.939  5392  5868 W MediaProvider: Missing volume for /system/media/audio/ringtones/Glacial_Groove.ogg; assuming invalid
09-16 18:19:47.945  5392  5868 W MediaProvider: Missing volume for /system/media/audio/ringtones/Growl.ogg; assuming invalid
09-16 18:19:47.953  5392  5868 W MediaProvider: Missing volume for /system/media/audio/ringtones/HalfwayHome.ogg; assuming invalid
09-16 18:19:47.965  5392  5868 W MediaProvider: Missing volume for /system/media/audio/ringtones/Highscore.ogg; assuming invalid
09-16 18:19:47.975  5392  5868 W MediaProvider: Missing volume for /system/media/audio/ringtones/Hydra.ogg; assuming invalid
09-16 18:19:47.982  5392  5868 W MediaProvider: Missing volume for /system/media/audio/ringtones/InsertCoin.ogg; assuming invalid
09-16 18:19:47.991  5392  5868 W MediaProvider: Missing volume for /system/media/audio/ringtones/Kuma.ogg; assuming invalid
09-16 18:19:48.000  5392  5868 W MediaProvider: Missing volume for /system/media/audio/ringtones/LoopyLounge.ogg; assuming invalid
09-16 18:19:48.009  5392  5868 W MediaProvider: Missing volume for /system/media/audio/ringtones/LoveFlute.ogg; assuming invalid
09-16 18:19:48.020  5392  5868 W MediaProvider: Missing volume for /system/media/audio/ringtones/Luna.ogg; assuming invalid
09-16 18:19:48.030  5392  5868 W MediaProvider: Missing volume for /system/media/audio/ringtones/Lyon.ogg; assuming invalid
09-16 18:19:48.039  5392  5868 W MediaProvider: Missing volume for /system/media/audio/ringtones/Lyra.ogg; assuming invalid
09-16 18:19:48.050  5392  5868 W MediaProvider: Missing volume for /system/media/audio/ringtones/Machina.ogg; assuming invalid
09-16 18:19:48.060  5392  5868 W MediaProvider: Missing volume for /system/media/audio/ringtones/MidEvilJaunt.ogg; assuming invalid
09-16 18:19:48.070  5392  5868 W MediaProvider: Missing volume for /system/media/audio/ringtones/Nairobi.ogg; assuming invalid
09-16 18:19:48.081  5392  5868 W MediaProvider: Missing volume for /system/media/audio/ringtones/Nassau.ogg; assuming invalid
09-16 18:19:48.092  5392  5868 W MediaProvider: Missing volume for /system/media/audio/ringtones/NewPlayer.ogg; assuming invalid
09-16 18:19:48.103  5392  5868 W MediaProvider: Missing volume for /system/media/audio/ringtones/No_Limits.ogg; assuming invalid
09-16 18:19:48.116  5392  5868 W MediaProvider: Missing volume for /system/media/audio/ringtones/Noises2.ogg; assuming invalid
09-16 18:19:48.132  5392  5868 W MediaProvider: Missing volume for /system/media/audio/ringtones/Noises3.ogg; assuming invalid
09-16 18:19:48.151  5392  5868 W MediaProvider: Missing volume for /system/media/audio/ringtones/Oberon.ogg; assuming invalid
09-16 18:19:48.167  5392  5868 W MediaProvider: Missing volume for /system/media/audio/ringtones/OrganDub.ogg; assuming invalid
09-16 18:19:48.196  5392  5868 W MediaProvider: Missing volume for /system/media/audio/ringtones/Orion.ogg; assuming invalid
09-16 18:19:48.237  3587  5697 D NetworkMonitor/NetworkAgentInfo [MOBILE (HSPA+) - 100]: PROBE_DNS OK 9355ms, connectivitycheck.gstatic.com=172.217.28.227
09-16 18:19:48.249  5392  5868 I MediaScanner: forcing rescan of /system/media/audio/ringtones/Paradise_Island.ogg since build fingerprint changed
09-16 18:19:48.269  5392  5868 I MediaScanner: forcing rescan of /system/media/audio/ringtones/Pegasus.ogg since build fingerprint changed
09-16 18:19:48.292  5392  5868 I MediaScanner: forcing rescan of /system/media/audio/ringtones/Perseus.ogg since build fingerprint changed
09-16 18:19:48.346  5392  5868 I MediaScanner: forcing rescan of /system/media/audio/ringtones/Phobos.ogg since build fingerprint changed
09-16 18:19:48.396  5392  5868 I MediaScanner: forcing rescan of /system/media/audio/ringtones/Playa.ogg since build fingerprint changed
09-16 18:19:48.432  5392  5868 I MediaScanner: forcing rescan of /system/media/audio/ringtones/PyxisMaterial.ogg since build fingerprint changed
09-16 18:19:48.501  3587  4031 I InputReader: Reconfiguring input devices.  changes=0x00000010
09-16 18:19:48.521  3587  4031 I InputReader: Reconfiguring input devices.  changes=0x00000010
09-16 18:19:48.529  3587  3684 W Searchables: No global search activity found
09-16 18:19:48.537  3587  4031 I InputReader: Reconfiguring input devices.  changes=0x00000010
09-16 18:19:48.550  5392  5868 I MediaScanner: forcing rescan of /system/media/audio/ringtones/Rasalas.ogg since build fingerprint changed
09-16 18:19:48.560  3587  4031 I InputReader: Reconfiguring input devices.  changes=0x00000010
09-16 18:19:48.564  4916  4916 D CarrierSvcBindHelper: No carrier app for: 0
09-16 18:19:48.579  3587  4031 I InputReader: Reconfiguring input devices.  changes=0x00000010
09-16 18:19:48.586  5372  5372 D RegisteredNfcFServicesCache: Service unchanged, not updating
09-16 18:19:48.605  3587  4031 I InputReader: Reconfiguring input devices.  changes=0x00000010
09-16 18:19:48.606  5392  5868 I MediaScanner: forcing rescan of /system/media/audio/ringtones/Revelation.ogg since build fingerprint changed
09-16 18:19:48.655  4916  4916 D CarrierSvcBindHelper: No carrier app for: 0
09-16 18:19:48.665  3587  4031 I InputReader: Reconfiguring input devices.  changes=0x00000010
09-16 18:19:48.671  5392  5868 I MediaScanner: forcing rescan of /system/media/audio/ringtones/Rigel.ogg since build fingerprint changed
09-16 18:19:48.672  3587  4031 I InputReader: Reconfiguring input devices.  changes=0x00000010
09-16 18:19:48.674  5372  5372 D RegisteredNfcFServicesCache: Service unchanged, not updating
09-16 18:19:48.676  3587  4031 I InputReader: Reconfiguring input devices.  changes=0x00000010
09-16 18:19:48.692  5372  5372 D RegisteredNfcFServicesCache: Service unchanged, not updating
09-16 18:19:48.719  5372  5372 D RegisteredNfcFServicesCache: Service unchanged, not updating
09-16 18:19:48.726  5392  5868 I MediaScanner: forcing rescan of /system/media/audio/ringtones/Ring_Classic_02.ogg since build fingerprint changed
09-16 18:19:48.739  5372  5372 D RegisteredNfcFServicesCache: Service unchanged, not updating
09-16 18:19:48.744  4916  4916 D CarrierSvcBindHelper: No carrier app for: 0
09-16 18:19:48.755  5372  5372 D RegisteredNfcFServicesCache: Service unchanged, not updating
09-16 18:19:48.764  5392  5868 I MediaScanner: forcing rescan of /system/media/audio/ringtones/Ring_Digital_02.ogg since build fingerprint changed
09-16 18:19:48.781  5392  5868 I MediaScanner: forcing rescan of /system/media/audio/ringtones/Ring_Synth_02.ogg since build fingerprint changed
09-16 18:19:48.789  5372  5372 D RegisteredNfcFServicesCache: Service unchanged, not updating
09-16 18:19:48.804  5392  5868 I MediaScanner: forcing rescan of /system/media/audio/ringtones/Ring_Synth_04.ogg since build fingerprint changed
09-16 18:19:48.822  3587  3684 W Searchables: No global search activity found
09-16 18:19:48.823  5372  5372 D RegisteredNfcFServicesCache: Service unchanged, not updating
09-16 18:19:48.840  4916  4916 D CarrierSvcBindHelper: No carrier app for: 0
09-16 18:19:48.844  3587  3684 W Searchables: No global search activity found
09-16 18:19:48.846  5392  5868 I MediaScanner: forcing rescan of /system/media/audio/ringtones/Road_Trip.ogg since build fingerprint changed
09-16 18:19:48.852  5372  5372 D RegisteredNfcFServicesCache: Service unchanged, not updating
09-16 18:19:48.857  3587  3684 W Searchables: No global search activity found
09-16 18:19:48.868  5392  5868 I MediaScanner: forcing rescan of /system/media/audio/ringtones/Rockin.ogg since build fingerprint changed
09-16 18:19:48.894  3587  3684 W Searchables: No global search activity found
09-16 18:19:48.898  5392  5868 I MediaScanner: forcing rescan of /system/media/audio/ringtones/RomancingTheTone.ogg since build fingerprint changed
09-16 18:19:48.903  3587  3684 W Searchables: No global search activity found
09-16 18:19:48.913  3587  3684 W Searchables: No global search activity found
09-16 18:19:48.914  5392  5868 I MediaScanner: forcing rescan of /system/media/audio/ringtones/Safari.ogg since build fingerprint changed
09-16 18:19:48.924  3587  3684 W ResourceType: No known package when getting value for resource number 0x7f020125
09-16 18:19:48.924  3587  3684 W ResourceType: No known package when getting value for resource number 0x7f0c050a
09-16 18:19:48.924  3587  3684 W ResourceType: No known package when getting value for resource number 0x7f020124
09-16 18:19:48.924  3587  3684 W ResourceType: No known package when getting value for resource number 0x7f0c0a9b
09-16 18:19:48.924  3587  3684 W ResourceType: No known package when getting value for resource number 0x7f020123
09-16 18:19:48.924  3587  3684 W ResourceType: No known package when getting value for resource number 0x7f0c0955
09-16 18:19:48.931  5392  5868 I MediaScanner: forcing rescan of /system/media/audio/ringtones/Savannah.ogg since build fingerprint changed
09-16 18:19:48.945  4916  4916 D CarrierSvcBindHelper: No carrier app for: 0
09-16 18:19:48.945  5392  5868 I MediaScanner: forcing rescan of /system/media/audio/ringtones/Scarabaeus.ogg since build fingerprint changed
09-16 18:19:48.947  3587  3684 W Searchables: No global search activity found
09-16 18:19:48.963  3587  3684 W Searchables: No global search activity found
09-16 18:19:48.975  5392  5868 I MediaScanner: forcing rescan of /system/media/audio/ringtones/Sceptrum.ogg since build fingerprint changed
09-16 18:19:49.020  4916  4916 D CarrierSvcBindHelper: No carrier app for: 0
09-16 18:19:49.021  5392  5868 I MediaScanner: forcing rescan of /system/media/audio/ringtones/Sedna.ogg since build fingerprint changed
09-16 18:19:49.057  5392  5868 I MediaScanner: forcing rescan of /system/media/audio/ringtones/Seville.ogg since build fingerprint changed
09-16 18:19:49.078  5392  5868 I MediaScanner: forcing rescan of /system/media/audio/ringtones/Sheep.mp3 since build fingerprint changed
09-16 18:19:49.082  3188  5084 I FFmpegExtractor: android-source:0xf331a000
09-16 18:19:49.085  3188  5084 I FFMPEG  : [mp3 @ 0xf615ec00] Skipping 0 bytes of junk at 431.
09-16 18:19:49.085  3188  5084 D FFmpegExtractor: supported codec (mp3) by official Stagefright
09-16 18:19:49.085  3188  5084 D FFmpegExtractor: ffmpeg detected media content as 'audio/mpeg' with confidence 0.08
09-16 18:19:49.090  4916  4916 D CarrierSvcBindHelper: No carrier app for: 0
09-16 18:19:49.091  5392  5868 I MediaScanner: forcing rescan of /system/media/audio/ringtones/Shes_All_That.ogg since build fingerprint changed
09-16 18:19:49.137  5392  5868 I MediaScanner: forcing rescan of /system/media/audio/ringtones/SilkyWay.ogg since build fingerprint changed
09-16 18:19:49.159  5392  5868 I MediaScanner: forcing rescan of /system/media/audio/ringtones/SitarVsSitar.ogg since build fingerprint changed
09-16 18:19:49.161  4916  4916 D CarrierSvcBindHelper: No carrier app for: 0
09-16 18:19:49.176  5392  5868 I MediaScanner: forcing rescan of /system/media/audio/ringtones/Solarium.ogg since build fingerprint changed
09-16 18:19:49.201  5392  5868 I MediaScanner: forcing rescan of /system/media/audio/ringtones/SpringyJalopy.ogg since build fingerprint changed
09-16 18:19:49.216  5392  5868 I MediaScanner: forcing rescan of /system/media/audio/ringtones/Steppin_Out.ogg since build fingerprint changed
09-16 18:19:49.229  4916  4916 D CarrierSvcBindHelper: No carrier app for: 0
09-16 18:19:49.234  5392  5868 I MediaScanner: forcing rescan of /system/media/audio/ringtones/Terminated.ogg since build fingerprint changed
09-16 18:19:49.248  5392  5868 I MediaScanner: forcing rescan of /system/media/audio/ringtones/Testudo.ogg since build fingerprint changed
09-16 18:19:49.265  5392  5868 I MediaScanner: forcing rescan of /system/media/audio/ringtones/Themos.ogg since build fingerprint changed
09-16 18:19:49.296  5392  5868 I MediaScanner: forcing rescan of /system/media/audio/ringtones/Third_Eye.ogg since build fingerprint changed
09-16 18:19:49.314  5392  5868 I MediaScanner: forcing rescan of /system/media/audio/ringtones/Thunderfoot.ogg since build fingerprint changed
09-16 18:19:49.332  5392  5868 I MediaScanner: forcing rescan of /system/media/audio/ringtones/Titania.ogg since build fingerprint changed
09-16 18:19:49.374  5392  5868 I MediaScanner: forcing rescan of /system/media/audio/ringtones/Triton.ogg since build fingerprint changed
09-16 18:19:49.418  5392  5868 I MediaScanner: forcing rescan of /system/media/audio/ringtones/TwirlAway.ogg since build fingerprint changed
09-16 18:19:49.447  5392  5868 I MediaScanner: forcing rescan of /system/media/audio/ringtones/Umbriel.ogg since build fingerprint changed
09-16 18:19:49.502  5392  5868 I MediaScanner: forcing rescan of /system/media/audio/ringtones/UrsaMinor.ogg since build fingerprint changed
09-16 18:19:49.554  5392  5868 I MediaScanner: forcing rescan of /system/media/audio/ringtones/VeryAlarmed.ogg since build fingerprint changed
09-16 18:19:49.581  5392  5868 I MediaScanner: forcing rescan of /system/media/audio/ringtones/Vespa.ogg since build fingerprint changed
09-16 18:19:49.613  5392  5868 I MediaScanner: forcing rescan of /system/media/audio/ringtones/World.ogg since build fingerprint changed
09-16 18:19:49.658  5392  5868 I MediaScanner: forcing rescan of /system/media/audio/ringtones/Yukaay.ogg since build fingerprint changed
09-16 18:19:49.750  5392  5868 I MediaScanner: forcing rescan of /system/media/audio/ringtones/Zeta.ogg since build fingerprint changed
09-16 18:19:50.377  5392  5868 W MediaScanner: Error opening directory '/oem/media/', skipping: No such file or directory.
09-16 18:19:50.390  5392  5868 W MediaProvider: Missing volume for /system/media/audio/ui; assuming invalid
09-16 18:19:50.417  5392  5868 W MediaProvider: Missing volume for /system/media/bootanimation.zip; assuming invalid
09-16 18:19:50.444  5392  5868 W MediaProvider: Missing volume for /system/media/audio/ringtones/Paradise_Island.ogg; assuming invalid
09-16 18:19:50.462  5392  5868 W MediaProvider: Missing volume for /system/media/audio/ringtones/Pegasus.ogg; assuming invalid
09-16 18:19:50.481  5392  5868 W MediaProvider: Missing volume for /system/media/audio/ringtones/Perseus.ogg; assuming invalid
09-16 18:19:50.500  5392  5868 W MediaProvider: Missing volume for /system/media/audio/ringtones/Phobos.ogg; assuming invalid
09-16 18:19:50.515  5392  5868 W MediaProvider: Missing volume for /system/media/audio/ringtones/Playa.ogg; assuming invalid
09-16 18:19:50.534  5392  5868 W MediaProvider: Missing volume for /system/media/audio/ringtones/PyxisMaterial.ogg; assuming invalid
09-16 18:19:50.553  5392  5868 W MediaProvider: Missing volume for /system/media/audio/ringtones/Rasalas.ogg; assuming invalid
09-16 18:19:50.570  5392  5868 W MediaProvider: Missing volume for /system/media/audio/ringtones/Revelation.ogg; assuming invalid
09-16 18:19:50.579  5392  5868 W MediaProvider: Missing volume for /system/media/audio/ringtones/Rigel.ogg; assuming invalid
09-16 18:19:50.587  5392  5398 I art     : Do partial code cache collection, code=107KB, data=103KB
09-16 18:19:50.587  5392  5398 I art     : After code cache collection, code=107KB, data=103KB
09-16 18:19:50.587  5392  5398 I art     : Increasing code cache capacity to 512KB
09-16 18:19:50.587  5392  5868 W MediaProvider: Missing volume for /system/media/audio/ringtones/Ring_Classic_02.ogg; assuming invalid
09-16 18:19:50.596  5392  5868 W MediaProvider: Missing volume for /system/media/audio/ringtones/Ring_Digital_02.ogg; assuming invalid
09-16 18:19:50.603  5392  5868 W MediaProvider: Missing volume for /system/media/audio/ringtones/Ring_Synth_02.ogg; assuming invalid
09-16 18:19:50.611  5392  5868 W MediaProvider: Missing volume for /system/media/audio/ringtones/Ring_Synth_04.ogg; assuming invalid
09-16 18:19:50.617  5392  5868 W MediaProvider: Missing volume for /system/media/audio/ringtones/Road_Trip.ogg; assuming invalid
09-16 18:19:50.624  5392  5868 W MediaProvider: Missing volume for /system/media/audio/ringtones/Rockin.ogg; assuming invalid
09-16 18:19:50.631  5392  5868 W MediaProvider: Missing volume for /system/media/audio/ringtones/RomancingTheTone.ogg; assuming invalid
09-16 18:19:50.638  5392  5868 W MediaProvider: Missing volume for /system/media/audio/ringtones/Safari.ogg; assuming invalid
09-16 18:19:50.646  5392  5868 W MediaProvider: Missing volume for /system/media/audio/ringtones/Savannah.ogg; assuming invalid
09-16 18:19:50.655  5392  5868 W MediaProvider: Missing volume for /system/media/audio/ringtones/Scarabaeus.ogg; assuming invalid
09-16 18:19:50.664  5392  5868 W MediaProvider: Missing volume for /system/media/audio/ringtones/Sceptrum.ogg; assuming invalid
09-16 18:19:50.673  5392  5868 W MediaProvider: Missing volume for /system/media/audio/ringtones/Sedna.ogg; assuming invalid
09-16 18:19:50.680  5392  5868 W MediaProvider: Missing volume for /system/media/audio/ringtones/Seville.ogg; assuming invalid
09-16 18:19:50.689  5392  5868 W MediaProvider: Missing volume for /system/media/audio/ringtones/Sheep.mp3; assuming invalid
09-16 18:19:50.699  5392  5868 W MediaProvider: Missing volume for /system/media/audio/ringtones/Shes_All_That.ogg; assuming invalid
09-16 18:19:50.709  5392  5868 W MediaProvider: Missing volume for /system/media/audio/ringtones/SilkyWay.ogg; assuming invalid
09-16 18:19:50.718  5392  5868 W MediaProvider: Missing volume for /system/media/audio/ringtones/SitarVsSitar.ogg; assuming invalid
09-16 18:19:50.730  5392  5868 W MediaProvider: Missing volume for /system/media/audio/ringtones/Solarium.ogg; assuming invalid
09-16 18:19:50.742  5392  5868 W MediaProvider: Missing volume for /system/media/audio/ringtones/SpringyJalopy.ogg; assuming invalid
09-16 18:19:50.755  5392  5868 W MediaProvider: Missing volume for /system/media/audio/ringtones/Steppin_Out.ogg; assuming invalid
09-16 18:19:50.767  5392  5868 W MediaProvider: Missing volume for /system/media/audio/ringtones/Terminated.ogg; assuming invalid
09-16 18:19:50.796  5392  5868 W MediaProvider: Missing volume for /system/media/audio/ringtones/Testudo.ogg; assuming invalid
09-16 18:19:50.810  5392  5868 W MediaProvider: Missing volume for /system/media/audio/ringtones/Themos.ogg; assuming invalid
09-16 18:19:50.818  5392  5868 W MediaProvider: Missing volume for /system/media/audio/ringtones/Third_Eye.ogg; assuming invalid
09-16 18:19:50.825  5392  5868 W MediaProvider: Missing volume for /system/media/audio/ringtones/Thunderfoot.ogg; assuming invalid
09-16 18:19:50.832  5392  5868 W MediaProvider: Missing volume for /system/media/audio/ringtones/Titania.ogg; assuming invalid
09-16 18:19:50.841  5392  5868 W MediaProvider: Missing volume for /system/media/audio/ringtones/Triton.ogg; assuming invalid
09-16 18:19:50.848  5392  5868 W MediaProvider: Missing volume for /system/media/audio/ringtones/TwirlAway.ogg; assuming invalid
09-16 18:19:50.855  5392  5868 W MediaProvider: Missing volume for /system/media/audio/ringtones/Umbriel.ogg; assuming invalid
09-16 18:19:50.864  5392  5868 W MediaProvider: Missing volume for /system/media/audio/ringtones/UrsaMinor.ogg; assuming invalid
09-16 18:19:50.872  5392  5868 W MediaProvider: Missing volume for /system/media/audio/ringtones/VeryAlarmed.ogg; assuming invalid
09-16 18:19:50.879  5392  5868 W MediaProvider: Missing volume for /system/media/audio/ringtones/Vespa.ogg; assuming invalid
09-16 18:19:50.886  5392  5868 W MediaProvider: Missing volume for /system/media/audio/ringtones/World.ogg; assuming invalid
09-16 18:19:50.893  5392  5868 W MediaProvider: Missing volume for /system/media/audio/ringtones/Yukaay.ogg; assuming invalid
09-16 18:19:50.901  5392  5868 W MediaProvider: Missing volume for /system/media/audio/ringtones/Zeta.ogg; assuming invalid
09-16 18:19:50.918  3189  4833 E MetadataRetrieverClient: failed to extract an album art
09-16 18:19:50.918  5392  5868 W MediaProvider: Missing volume for /system/media/audio/ui/Dock.ogg; assuming invalid
09-16 18:19:50.926  5392  5868 W MediaProvider: Missing volume for /system/media/audio/ui/Effect_Tick.ogg; assuming invalid
09-16 18:19:50.933  5392  5868 W MediaProvider: Missing volume for /system/media/audio/ui/KeypressDelete.ogg; assuming invalid
09-16 18:19:50.946  5392  5868 W MediaProvider: Missing volume for /system/media/audio/ui/KeypressInvalid.ogg; assuming invalid
09-16 18:19:50.954  5392  5868 W MediaProvider: Missing volume for /system/media/audio/ui/KeypressReturn.ogg; assuming invalid
09-16 18:19:50.963  5392  5868 W MediaProvider: Missing volume for /system/media/audio/ui/KeypressSpacebar.ogg; assuming invalid
09-16 18:19:50.972  5392  5868 W MediaProvider: Missing volume for /system/media/audio/ui/KeypressStandard.ogg; assuming invalid
09-16 18:19:50.981  5392  5868 W MediaProvider: Missing volume for /system/media/audio/ui/Lock.ogg; assuming invalid
09-16 18:19:50.992  5392  5868 W MediaProvider: Missing volume for /system/media/audio/ui/LowBattery.ogg; assuming invalid
09-16 18:19:51.002  5392  5868 W MediaProvider: Missing volume for /system/media/audio/ui/Trusted.ogg; assuming invalid
09-16 18:19:51.013  5392  5868 W MediaProvider: Missing volume for /system/media/audio/ui/Undock.ogg; assuming invalid
09-16 18:19:51.025  5392  5868 W MediaProvider: Missing volume for /system/media/audio/ui/Unlock.ogg; assuming invalid
09-16 18:19:51.058  5392  5868 W MediaProvider: Missing volume for /system/media/audio/ui/VideoRecord.ogg; assuming invalid
09-16 18:19:51.064  5392  5868 W MediaProvider: Missing volume for /system/media/audio/ui/VideoStop.ogg; assuming invalid
09-16 18:19:51.072  5392  5868 W MediaProvider: Missing volume for /system/media/audio/ui/WirelessChargingStarted.ogg; assuming invalid
09-16 18:19:51.078  5392  5868 W MediaProvider: Missing volume for /system/media/audio/ui/camera_click.ogg; assuming invalid
09-16 18:19:51.086  5392  5868 W MediaProvider: Missing volume for /system/media/audio/ui/camera_focus.ogg; assuming invalid
09-16 18:19:51.305  5392  5868 V MediaScanner: pruneDeadThumbnailFiles... android.content.ContentProviderClient$CursorWrapperInner@7424de8
09-16 18:19:51.306  5392  5868 V MediaScanner: /pruneDeadThumbnailFiles... android.content.ContentProviderClient$CursorWrapperInner@7424de8
09-16 18:19:52.064  3587  5691 D NetworkMonitor/NetworkAgentInfo [MOBILE (HSPA+) - 100]: PROBE_FALLBACK http://www.google.com/gen_204 time=10176ms ret=302 request={User-Agent=[Mozilla/5.0 (X11; Linux x86_64) AppleWebKit/537.36 (KHTML, like Gecko) Chrome/52.0.2743.82 Safari/537.36]} headers={null=[HTTP/1.1 302 Found], Cache-Control=[no-cache], Connection=[Close], Content-Length=[165], Content-Type=[text/html; charset=UTF-8], Location=[http://masinternet.personal.com.ar/], X-Android-Received-Millis=[1505596792043], X-Android-Response-Source=[NETWORK 302], X-Android-Selected-Protocol=[http/1.1], X-Android-Sent-Millis=[1505596784091]}
09-16 18:19:52.068  3587  4679 D ConnectivityService: NetworkAgentInfo [MOBILE (HSPA+) - 100] validation failed with redirect to http://masinternet.personal.com.ar/
09-16 18:19:52.069  4916  5197 D DcNetworkAgent: NetworkAgent: validation status: 2 with redirection URL: http://masinternet.personal.com.ar/
09-16 18:19:52.075  3587  4679 D NetworkNotificationManager: showNotification tag=ConnectivityNotification:100 event=SIGN_IN transport=cellular data extraInfo=gprs.personal.com highPrioriy=false
09-16 18:19:52.091  3587  3587 D ZenLog  : disable_effects: -1|android|740|ConnectivityNotification:100|1000,booleanState
09-16 18:19:55.451  3587  3685 I ActivityManager: Waited long enough for: ServiceRecord{53a7ef8 u0 com.android.email/.service.LegacyImapSyncAdapterService}
09-16 18:19:58.263  3587  5697 D NetworkMonitor/NetworkAgentInfo [MOBILE (HSPA+) - 100]: Probably not a portal: exception java.net.SocketTimeoutException: connect timed out
09-16 18:19:58.335  3587  3685 I ActivityManager: Waited long enough for: ServiceRecord{7ef1f5d u0 com.android.calendar/.alerts.InitAlarmsService}
09-16 18:19:58.995  3587  4672 D SntpClient: request time failed: java.net.SocketTimeoutException: Receive timed out
09-16 18:19:58.995  3587  4914 D SntpClient: request time failed: java.net.SocketTimeoutException: Receive timed out
09-16 18:19:59.002  3587  4672 I NetworkPolicy: No policy for subscriber 722341275122680; generating default policy
09-16 18:19:59.011  3587  5152 D SntpClient: request time failed: java.net.SocketTimeoutException: Receive timed out
09-16 18:19:59.012  3587  5152 E GnssLocationProvider: requestTime failed
09-16 18:19:59.012  3587  5152 I GnssLocationProvider: WakeLock acquired by sendMessage(10, 0, null)
09-16 18:19:59.013  3587  5152 I GnssLocationProvider: WakeLock released by handleInjectNtpTime()
09-16 18:19:59.013  3587  3684 I GnssLocationProvider: WakeLock released by handleMessage(10, 0, null)
09-16 18:20:02.876  5918  5937 D DownloadClient: Download failed
09-16 18:20:02.876  5918  5937 D DownloadClient: java.net.SocketTimeoutException: connect timed out
09-16 18:20:02.876  5918  5937 D DownloadClient: 	at java.net.PlainSocketImpl.socketConnect(Native Method)
09-16 18:20:02.876  5918  5937 D DownloadClient: 	at java.net.AbstractPlainSocketImpl.doConnect(AbstractPlainSocketImpl.java:334)
09-16 18:20:02.876  5918  5937 D DownloadClient: 	at java.net.AbstractPlainSocketImpl.connectToAddress(AbstractPlainSocketImpl.java:196)
09-16 18:20:02.876  5918  5937 D DownloadClient: 	at java.net.AbstractPlainSocketImpl.connect(AbstractPlainSocketImpl.java:178)
09-16 18:20:02.876  5918  5937 D DownloadClient: 	at java.net.SocksSocketImpl.connect(SocksSocketImpl.java:356)
09-16 18:20:02.876  5918  5937 D DownloadClient: 	at java.net.Socket.connect(Socket.java:605)
09-16 18:20:02.876  5918  5937 D DownloadClient: 	at com.android.okhttp.internal.Platform.connectSocket(Platform.java:113)
09-16 18:20:02.876  5918  5937 D DownloadClient: 	at com.android.okhttp.Connection.connectSocket(Connection.java:196)
09-16 18:20:02.876  5918  5937 D DownloadClient: 	at com.android.okhttp.Connection.connect(Connection.java:172)
09-16 18:20:02.876  5918  5937 D DownloadClient: 	at com.android.okhttp.Connection.connectAndSetOwner(Connection.java:367)
09-16 18:20:02.876  5918  5937 D DownloadClient: 	at com.android.okhttp.OkHttpClient$1.connectAndSetOwner(OkHttpClient.java:130)
09-16 18:20:02.876  5918  5937 D DownloadClient: 	at com.android.okhttp.internal.http.HttpEngine.connect(HttpEngine.java:330)
09-16 18:20:02.876  5918  5937 D DownloadClient: 	at com.android.okhttp.internal.http.HttpEngine.sendRequest(HttpEngine.java:247)
09-16 18:20:02.876  5918  5937 D DownloadClient: 	at com.android.okhttp.Call.getResponse(Call.java:267)
09-16 18:20:02.876  5918  5937 D DownloadClient: 	at com.android.okhttp.Call$ApplicationInterceptorChain.proceed(Call.java:224)
09-16 18:20:02.876  5918  5937 D DownloadClient: 	at com.android.okhttp.Call.getResponseWithInterceptorChain(Call.java:195)
09-16 18:20:02.876  5918  5937 D DownloadClient: 	at com.android.okhttp.Call.-wrap0(Call.java)
09-16 18:20:02.876  5918  5937 D DownloadClient: 	at com.android.okhttp.Call$AsyncCall.execute(Call.java:162)
09-16 18:20:02.876  5918  5937 D DownloadClient: 	at com.android.okhttp.internal.NamedRunnable.run(NamedRunnable.java:33)
09-16 18:20:02.876  5918  5937 D DownloadClient: 	at java.util.concurrent.ThreadPoolExecutor.runWorker(ThreadPoolExecutor.java:1133)
09-16 18:20:02.876  5918  5937 D DownloadClient: 	at java.util.concurrent.ThreadPoolExecutor$Worker.run(ThreadPoolExecutor.java:607)
09-16 18:20:02.876  5918  5937 D DownloadClient: 	at java.lang.Thread.run(Thread.java:761)
09-16 18:20:02.876  5918  5937 E UpdatesCheckReceiver: Could not download updates list, scheduling new check
09-16 18:20:02.887  5918  5937 D UpdatesCheckReceiver: Setting one-shot updates check: Sat Sep 16 20:20:02 GMT-03:00 2017
09-16 18:20:04.018  3587  4672 D SntpClient: request time failed: java.net.SocketTimeoutException: Receive timed out
09-16 18:20:09.121  3587  4672 D SntpClient: request time failed: java.net.SocketTimeoutException: Receive timed out
09-16 18:20:09.199  3084  3084 W auditd  : type=1325 audit(0.0:299): table=filter family=2 entries=99
09-16 18:20:09.199  3084  3084 W auditd  : type=1320 audit(0.0:299): 
09-16 18:20:09.211  3084  3084 W auditd  : type=1325 audit(0.0:300): table=filter family=10 entries=110
09-16 18:20:09.211  3084  3084 W auditd  : type=1320 audit(0.0:300): 
09-16 18:20:09.219  3084  3084 W auditd  : type=1325 audit(0.0:301): table=filter family=2 entries=101
09-16 18:20:09.219  3084  3084 W auditd  : type=1320 audit(0.0:301): 
09-16 18:20:09.231  3084  3084 W auditd  : type=1325 audit(0.0:302): table=filter family=10 entries=112
09-16 18:20:09.231  3084  3084 W auditd  : type=1320 audit(0.0:302): 
09-16 18:20:09.263  3084  3084 W auditd  : type=1325 audit(0.0:303): table=filter family=2 entries=102
09-16 18:20:09.263  3084  3084 W auditd  : type=1320 audit(0.0:303): 
09-16 18:20:09.271  3084  3084 W auditd  : type=1325 audit(0.0:304): table=filter family=10 entries=113
09-16 18:20:09.271  3084  3084 W auditd  : type=1320 audit(0.0:304): 
09-16 18:20:09.307  3084  3084 W auditd  : type=1325 audit(0.0:305): table=filter family=2 entries=103
09-16 18:20:09.307  3084  3084 W auditd  : type=1320 audit(0.0:305): 
09-16 18:20:09.319  3084  3084 W auditd  : type=1325 audit(0.0:306): table=filter family=10 entries=114
09-16 18:20:09.319  3084  3084 W auditd  : type=1320 audit(0.0:306): 
09-16 18:20:09.335  4777  4782 I art     : Compiler allocated 5MB to compile boolean android.app.ApplicationThreadNative.onTransact(int, android.os.Parcel, android.os.Parcel, int)
09-16 18:20:09.351  3084  3084 W auditd  : type=1325 audit(0.0:307): table=filter family=2 entries=104
09-16 18:20:09.351  3084  3084 W auditd  : type=1320 audit(0.0:307): 
09-16 18:20:09.359  3084  3084 W auditd  : type=1325 audit(0.0:308): table=filter family=10 entries=115
09-16 18:20:09.359  3084  3084 W auditd  : type=1320 audit(0.0:308): 
09-16 18:20:09.393  3587  4672 W ConnectivityExtension: ConnectivityExt jar file not present
09-16 18:20:09.744  3587  4672 W ConnectivityExtension: ConnectivityExt jar file not present
09-16 21:19:29.071  4916  4916 I m.android.phone: type=1400 audit(0.0:187): avc: denied { lock } for path="/data/user_de/0/com.android.providers.telephony/databases/telephony.db" dev="sda24" ino=3121265 scontext=u:r:radio:s0 tcontext=u:object_r:system_data_file:s0 tclass=file permissive=1
09-16 18:20:13.340  5607  5960 D InitAlarmsService: Clearing and rescheduling alarms.
09-16 18:20:13.434  3587  3683 I ActivityManager: Killing 5308:com.android.carrierconfig/u0a4 (adj 906): empty #17
09-16 18:20:13.459  3587  5356 D ActivityManager: cleanUpApplicationRecord -- 5308
09-16 18:20:14.777  3587  3682 I ActivityManager: START u0 {act=com.android.wizard.NEXT cmp=com.cyanogenmod.setupwizard/.wizardmanager.WizardManager (has extras)} from uid 1000 on display 0
09-16 18:20:14.806  3587  5390 I ActivityManager: START u0 {act=com.cyanogenmod.setupwizard.LINEAGE_LOCALE flg=0x4000000 cmp=com.cyanogenmod.setupwizard/.LocaleActivity (has extras)} from uid 1000 on display 0
09-16 18:20:14.865  5424  5429 I art     : Do partial code cache collection, code=61KB, data=55KB
09-16 18:20:14.866  5424  5429 I art     : After code cache collection, code=55KB, data=53KB
09-16 18:20:14.866  5424  5429 I art     : Increasing code cache capacity to 256KB
09-16 18:20:14.947  4930  4930 I Binder:4916_2: type=1400 audit(0.0:333): avc: denied { lock } for path="/data/user_de/0/com.android.providers.telephony/databases/telephony.db" dev="sda24" ino=3121265 scontext=u:r:radio:s0 tcontext=u:object_r:system_data_file:s0 tclass=file permissive=1
09-16 18:20:14.947  4930  4930 W Binder:4916_2: type=1300 audit(0.0:333): arch=c00000b7 syscall=25 success=yes exit=0 a0=24 a1=6 a2=7fb03ec418 a3=0 items=0 ppid=3180 auid=4294967295 uid=1001 gid=1001 euid=1001 suid=1001 fsuid=1001 egid=1001 sgid=1001 fsgid=1001 tty=(none) ses=4294967295 exe="/system/bin/app_process64" subj=u:r:radio:s0 key=(null)
09-16 18:20:14.947  3084  3084 W auditd  : type=1327 audit(0.0:333): proctitle="com.android.phone"
09-16 18:20:14.947  3084  3084 W auditd  : type=1320 audit(0.0:333): 
09-16 18:20:14.959  5424  6034 D MccTable: defaultLanguageForMcc(722): country ar uses es
09-16 18:20:14.959  5424  6034 D MccTable: getLocaleFromMcc(es, ar, 722
09-16 18:20:14.965  5424  6034 D MccTable: getLocaleForLanguageCountry: got a language-only match: es-ES
09-16 18:20:14.974  5424  6035 D MccTable: defaultLanguageForMcc(722): country ar uses es
09-16 18:20:14.974  5424  6035 D MccTable: getLocaleFromMcc(es, ar, 722
09-16 18:20:14.977  5424  5495 D mali_winsys: EGLint new_window_surface(egl_winsys_display*, void*, EGLSurface, EGLConfig, egl_winsys_surface**, egl_color_buffer_format*, EGLBoolean) returns 0x3000,  [1440x2960]-format:1
09-16 18:20:14.978  3182  3387 D audio_hw_primary_abox: fast_out-set_audio_route: [PLAYBACK] current-device(none) new-device(speaker) in cur-mode(normal) & new-mode(normal)!
09-16 18:20:14.978  3182  3387 I audio_hw_primary_abox: is_voice_wakeup : ret =  0  , wakeup_baby_cry_enabled = 0  ,  wakeup_mic_enabled = 0 
09-16 18:20:14.978  3182  3387 I audio_route: > audio_route_apply_path : "media-speaker"
09-16 18:20:14.979  5424  6035 D MccTable: getLocaleForLanguageCountry: got a language-only match: es-ES
09-16 18:20:14.980  3182  3387 I audio_route: > audio_route_update_path + : "media-speaker" reverse(0)
09-16 18:20:14.980  3182  3387 I audio_route: > audio_route_update_path - : changed(0)
09-16 18:20:14.980  3182  3387 D audio_hw_primary_abox: fast_out-do_set_route: Enabled Audio Route(media-speaker)
09-16 18:20:14.980  3182  3387 I audio_route: > audio_route_apply_path : "gain-media-speaker"
09-16 18:20:14.980  3182  3387 I audio_route: > audio_route_update_path + : "gain-media-speaker" reverse(0)
09-16 18:20:14.980  3182  3387 I audio_route: > audio_route_update_path - : changed(0)
09-16 18:20:14.980  3182  3387 D audio_hw_primary_abox: fast_out-do_set_route: Enabled Audio Gain(gain-media-speaker)
09-16 18:20:14.982  3182  3387 I audio_hw_primary_abox: [do_open_spkamp_stream] Opened PCM Device(/dev/snd/pcmC0D7p) configured Info: Channels(2)  Smapling Rate(48000), Format: Default(0)
09-16 18:20:14.984  3182  3387 I audio_hw_primary_abox: [do_open_spkamp_stream] Opened PCM Device(/dev/snd/pcmC0D11c) configured Info: Channels(2)  Smapling Rate(48000), Format: Default(0)
09-16 18:20:14.985  3182  3387 I audio_hw_primary_abox: [do_open_spkamp_stream] Opened PCM Device(/dev/snd/pcmC0D12c) configured Info: Channels(2)  Smapling Rate(48000), Format: Default(0)
09-16 18:20:14.991  3182  3387 I audio_hw_primary_abox: [do_open_spkamp_stream] Opened PCM Device(/dev/snd/pcmC0D6p) configured Info: Channels(2)  Smapling Rate(48000), Format: Default(0)
09-16 18:20:15.009  3182  3387 I audio_hw_primary_abox: fast_out-do_open_output_stream: Opened PCM Device is /dev/snd/pcmC0D2p samplingRate(48000) pcmformat(0)
09-16 18:20:15.009  3182  3387 I audio_hw_primary_abox: fast_out-out_write: Transit to Idle
09-16 18:20:15.011  3182  3387 I audio_hw_primary_abox: fast_out-out_write: Transit to Playing
09-16 18:20:15.070  3587  3692 I ActivityManager: Displayed com.cyanogenmod.setupwizard/.LocaleActivity: +253ms (total +278ms)
09-16 18:20:15.099  5424  5495 D mali_winsys: EGLint new_window_surface(egl_winsys_display*, void*, EGLSurface, EGLConfig, egl_winsys_surface**, egl_color_buffer_format*, EGLBoolean) returns 0x3000,  [831x154]-format:1
09-16 18:20:15.425  5424  5424 I art     : Starting a blocking GC Explicit
09-16 18:20:15.491  5424  5424 I art     : Explicit concurrent mark sweep GC freed 11262(479KB) AllocSpace objects, 2(56KB) LOS objects, 39% free, 7MB/12MB, paused 194us total 65.935ms
09-16 18:20:15.495  5424  5436 E System  : Uncaught exception thrown by finalizer
09-16 18:20:15.496  5424  5436 E System  : java.lang.IllegalStateException: Binder has been finalized!
09-16 18:20:15.496  5424  5436 E System  : 	at android.os.BinderProxy.transactNative(Native Method)
09-16 18:20:15.496  5424  5436 E System  : 	at android.os.BinderProxy.transact(Binder.java:615)
09-16 18:20:15.496  5424  5436 E System  : 	at com.android.internal.app.IAppOpsService$Stub$Proxy.stopWatchingMode(IAppOpsService.java:479)
09-16 18:20:15.496  5424  5436 E System  : 	at android.media.PlayerBase.baseRelease(PlayerBase.java:136)
09-16 18:20:15.496  5424  5436 E System  : 	at android.media.MediaPlayer.finalize(MediaPlayer.java:2810)
09-16 18:20:15.496  5424  5436 E System  : 	at java.lang.Daemons$FinalizerDaemon.doFinalize(Daemons.java:222)
09-16 18:20:15.496  5424  5436 E System  : 	at java.lang.Daemons$FinalizerDaemon.run(Daemons.java:209)
09-16 18:20:15.496  5424  5436 E System  : 	at java.lang.Thread.run(Thread.java:761)
09-16 18:20:15.498  5424  5424 I art     : Starting a blocking GC Explicit
09-16 18:20:15.528  5424  5424 I art     : Explicit concurrent mark sweep GC freed 875(73KB) AllocSpace objects, 0(0B) LOS objects, 39% free, 7MB/12MB, paused 164us total 29.828ms
09-16 18:20:16.045  3587  5358 I ActivityManager: Config changes=2004 {1.0 722mcc34mnc [es_ES] ldltr sw411dp w411dp h773dp 560dpi nrml long port finger -keyb/v/h -nav/h s.8}
09-16 18:20:16.046  3587  3685 D ActivityManager: Storing locale es-ES for decryption UI
09-16 18:20:16.048  3587  3685 D CryptdConnector: SND -> {4 cryptfs setfield SystemLocale es-ES}
09-16 18:20:16.154  3587  4034 D CryptdConnector: RCV <- {200 4 0}
09-16 18:20:16.213  5607  5607 D AlertReceiver: onReceive: a=android.intent.action.LOCALE_CHANGED Intent { act=android.intent.action.LOCALE_CHANGED flg=0x10000010 cmp=com.android.calendar/.alerts.AlertReceiver }
09-16 18:20:16.235  5607  6047 D AlertService: 0 Action = android.intent.action.LOCALE_CHANGED
09-16 18:20:16.236  5607  6047 I GlobalDismissManager: no sender configured
09-16 18:20:16.237  5607  6047 D AlertService: Beginning updateAlertNotification
09-16 18:20:16.285  5237  5237 I AlarmClock: AlarmInitReceiver android.intent.action.LOCALE_CHANGED
09-16 18:20:16.307  5237  5237 I droid.deskclock: type=1400 audit(0.0:334): avc: denied { write } for name="shared_prefs" dev="sda24" ino=3121299 scontext=u:r:untrusted_app:s0:c512,c768 tcontext=u:object_r:system_data_file:s0:c512,c768 tclass=dir permissive=1
09-16 18:20:16.307  5237  5237 I droid.deskclock: type=1400 audit(0.0:334): avc: denied { remove_name } for name="com.android.deskclock_preferences.xml" dev="sda24" ino=3121340 scontext=u:r:untrusted_app:s0:c512,c768 tcontext=u:object_r:system_data_file:s0:c512,c768 tclass=dir permissive=1
09-16 18:20:16.307  5237  5237 I droid.deskclock: type=1400 audit(0.0:334): avc: denied { rename } for name="com.android.deskclock_preferences.xml" dev="sda24" ino=3121340 scontext=u:r:untrusted_app:s0:c512,c768 tcontext=u:object_r:system_data_file:s0:c512,c768 tclass=file permissive=1
09-16 18:20:16.307  5237  5237 I droid.deskclock: type=1400 audit(0.0:334): avc: denied { add_name } for name="com.android.deskclock_preferences.xml.bak" scontext=u:r:untrusted_app:s0:c512,c768 tcontext=u:object_r:system_data_file:s0:c512,c768 tclass=dir permissive=1
09-16 18:20:16.307  5237  5237 W droid.deskclock: type=1300 audit(0.0:334): arch=c00000b7 syscall=38 success=yes exit=0 a0=ffffff9c a1=7fa581cb20 a2=ffffff9c a3=7fa581cd60 items=0 ppid=3180 auid=4294967295 uid=10047 gid=10047 euid=10047 suid=10047 fsuid=10047 egid=10047 sgid=10047 fsgid=10047 tty=(none) ses=4294967295 exe="/system/bin/app_process64" subj=u:r:untrusted_app:s0:c512,c768 key=(null)
09-16 18:20:16.307  3084  3084 W auditd  : type=1327 audit(0.0:334): proctitle="com.android.deskclock"
09-16 18:20:16.307  3084  3084 W auditd  : type=1320 audit(0.0:334): 
09-16 18:20:16.307  5237  5237 I droid.deskclock: type=1400 audit(0.0:335): avc: denied { create } for name="com.android.deskclock_preferences.xml" scontext=u:r:untrusted_app:s0:c512,c768 tcontext=u:object_r:system_data_file:s0:c512,c768 tclass=file permissive=1
09-16 18:20:16.307  5237  5237 I droid.deskclock: type=1400 audit(0.0:335): avc: denied { write } for path="/data/user_de/0/com.android.deskclock/shared_prefs/com.android.deskclock_preferences.xml" dev="sda24" ino=3121347 scontext=u:r:untrusted_app:s0:c512,c768 tcontext=u:object_r:system_data_file:s0:c512,c768 tclass=file permissive=1
09-16 18:20:16.307  5237  5237 W droid.deskclock: type=1300 audit(0.0:335): arch=c00000b7 syscall=56 success=yes exit=37 a0=ffffff9c a1=7fa581cb20 a2=241 a3=1b6 items=0 ppid=3180 auid=4294967295 uid=10047 gid=10047 euid=10047 suid=10047 fsuid=10047 egid=10047 sgid=10047 fsgid=10047 tty=(none) ses=4294967295 exe="/system/bin/app_process64" subj=u:r:untrusted_app:s0:c512,c768 key=(null)
09-16 18:20:16.307  3084  3084 W auditd  : type=1327 audit(0.0:335): proctitle="com.android.deskclock"
09-16 18:20:16.307  3084  3084 W auditd  : type=1320 audit(0.0:335): 
09-16 18:20:16.307  5237  5237 I droid.deskclock: type=1400 audit(0.0:336): avc: denied { getattr } for path="/data/user_de/0/com.android.deskclock/shared_prefs/com.android.deskclock_preferences.xml" dev="sda24" ino=3121347 scontext=u:r:untrusted_app:s0:c512,c768 tcontext=u:object_r:system_data_file:s0:c512,c768 tclass=file permissive=1
09-16 18:20:16.307  5237  5237 W droid.deskclock: type=1300 audit(0.0:336): arch=c00000b7 syscall=80 success=yes exit=0 a0=25 a1=7fd467b7c8 a2=241 a3=1b6 items=0 ppid=3180 auid=4294967295 uid=10047 gid=10047 euid=10047 suid=10047 fsuid=10047 egid=10047 sgid=10047 fsgid=10047 tty=(none) ses=4294967295 exe="/system/bin/app_process64" subj=u:r:untrusted_app:s0:c512,c768 key=(null)
09-16 18:20:16.307  3084  3084 W auditd  : type=1327 audit(0.0:336): proctitle="com.android.deskclock"
09-16 18:20:16.307  3084  3084 W auditd  : type=1320 audit(0.0:336): 
