09-05 00:23:46.812  3851  3851 E TelephonyProvider: dbh.selectConflictingRow: Expected 1 but found 0 matching rows found for cv password= mnc=05 mmsport=8080 sub_id=-1 bearer_bitmask=0 mmsc=http://mms.digicelgroup.com mmsproxy=172.16.7.12 numeric=33805 name=Digicel Antigua MMS mcc=338 apn=wap type=mms user=
09-05 00:23:46.813  3851  3851 E TelephonyProvider: dbh.selectConflictingRow: Expected 1 but found 0 matching rows found for cv password= mnc=050 sub_id=-1 bearer_bitmask=0 numeric=338050 name=Digicel Haiti Web mcc=338 apn=web type=default,supl user=
09-05 00:23:46.814  3851  3851 E TelephonyProvider: dbh.selectConflictingRow: Expected 1 but found 0 matching rows found for cv password= mnc=050 sub_id=-1 bearer_bitmask=0 numeric=338050 name=Digicel BVI Web mcc=338 apn=web type=default,supl user=
09-05 00:23:46.816  3851  3851 E TelephonyProvider: dbh.selectConflictingRow: Expected 1 but found 0 matching rows found for cv password= mnc=050 mmsport=8080 sub_id=-1 bearer_bitmask=0 mmsc=http://mms.digicelgroup.com mmsproxy=172.16.7.12 numeric=338050 name=Digicel Cayman MMS mcc=338 apn=wap type=mms user=
09-05 00:23:46.817  3851  3851 E TelephonyProvider: dbh.selectConflictingRow: Expected 1 but found 0 matching rows found for cv password= mnc=050 sub_id=-1 bearer_bitmask=0 numeric=338050 name=Digicel LTE ANTIGUA mcc=338 apn=internet type=default,supl user=
09-05 00:23:46.818  3851  3851 E TelephonyProvider: dbh.selectConflictingRow: Expected 1 but found 0 matching rows found for cv password= mnc=050 mmsport=8080 sub_id=-1 bearer_bitmask=0 mmsc=http://mms.digicelgroup.com mmsproxy=172.16.7.12 numeric=338050 name=Digicel ANTIGUA MMS mcc=338 apn=wap type=mms user=
09-05 00:23:46.821  3851  3851 E TelephonyProvider: dbh.selectConflictingRow: Expected 1 but found 0 matching rows found for cv password=orange mnc=01 sub_id=-1 bearer_bitmask=0 numeric=34001 name=Orange web mcc=340 apn=orangeweb type=default,supl user=orange
09-05 00:23:46.823  3851  3851 E TelephonyProvider: dbh.selectConflictingRow: Expected 1 but found 0 matching rows found for cv password=orange mnc=01 sub_id=-1 bearer_bitmask=0 numeric=34001 name=Orangeweb mcc=340 apn=orangeweb type=default,supl user=orange
09-05 00:23:46.830  3726  3726 D PhoneStatusBar: heads up is enabled
09-05 00:23:46.832  3711  3814 I LatinIME:LogUtils: Dictionary info: dictionary = main:en ; version = 54 ; date = 1414726273
09-05 00:23:46.836  3726  3726 D StatusBar: user hasn't seen notification about hidden notifications
09-05 00:23:46.837  3726  3726 D StatusBar: insecure lockscreen, skipping notification
09-05 00:23:46.838  3851  3851 E TelephonyProvider: dbh.selectConflictingRow: Expected 1 but found 0 matching rows found for cv password=wap03oecs mnc=070 sub_id=-1 bearer_bitmask=0 mmsc= proxy= numeric=360070 name=Digicel VC port= mcc=360 apn=wap.digiceloecs.com type=default,supl user=wapoecs
09-05 00:23:46.849  3851  3851 E TelephonyProvider: dbh.selectConflictingRow: Expected 1 but found 0 matching rows found for cv mnc=12 mmsport=8080 sub_id=-1 bearer_bitmask=0 mmsc=http://192.168.210.104/mmrelay.app numeric=37412 mmsproxy=192.168.210.104 name=BMobile MMS mcc=374 apn=mms type=mms
09-05 00:23:46.852  3711  3814 I LatinIME:LogUtils: Dictionary info: dictionary = main:en ; version = 54 ; date = 1414726273
09-05 00:23:46.875  3711  3814 I LatinIME:LogUtils: Dictionary info: dictionary = main:en ; version = 54 ; date = 1414726273
09-05 00:23:46.884  3548  3559 V KeyguardServiceDelegate: **** SHOWN CALLED ****
09-05 00:23:46.885  3851  3851 E TelephonyProvider: dbh.selectConflictingRow: Expected 1 but found 0 matching rows found for cv mnc=09 sub_id=-1 bearer_bitmask=0 numeric=40409 proxy=10.239.221.5 name=Reliance WAP port=8080 mcc=404 apn=rcomwap type=default,supl
09-05 00:23:46.885  3726  3726 I Choreographer: Skipped 54 frames!  The application may be doing too much work on its main thread.
09-05 00:23:46.896  3711  3814 I LatinIME:LogUtils: Dictionary info: dictionary = main:en ; version = 54 ; date = 1414726273
09-05 00:23:46.908  3851  3851 E TelephonyProvider: dbh.selectConflictingRow: Expected 1 but found 0 matching rows found for cv password=bplmmsc mnc=21 mmsport=8080 sub_id=-1 bearer_bitmask=0 mmsc=http://mms.bplmobile.com:8080 mmsproxy=10.0.0.10 numeric=40421 name=BPL MMS mcc=404 apn=mizone type=mms user=MSISDN
09-05 00:23:46.909  3851  3851 E TelephonyProvider: dbh.selectConflictingRow: Expected 1 but found 0 matching rows found for cv password=bplmmsc mnc=21 sub_id=-1 bearer_bitmask=0 numeric=40421 name=BPL mcc=404 apn=www type=default,supl user=MSISDN
09-05 00:23:46.920  3851  3851 E TelephonyProvider: dbh.selectConflictingRow: Expected 1 but found 0 matching rows found for cv password=MSISDN mnc=34 sub_id=-1 bearer_bitmask=0 numeric=40434 name=BSNL mcc=404 apn=bsnlnet type=default,supl user=MSISDN
09-05 00:23:46.924  3726  3726 D ViewRootImpl[StatusBar]: changeCanvasOpacity: opaque=true
09-05 00:23:46.925  3851  3851 E TelephonyProvider: dbh.selectConflictingRow: Expected 1 but found 0 matching rows found for cv password=MSISDN mnc=38 sub_id=-1 bearer_bitmask=0 numeric=40438 name=BSNL mcc=404 apn=bsnlnet type=default,supl user=MSISDN
09-05 00:23:46.941  3851  3851 E TelephonyProvider: dbh.selectConflictingRow: Expected 1 but found 0 matching rows found for cv password=MSISDN mnc=51 sub_id=-1 bearer_bitmask=0 numeric=40451 name=BSNL mcc=404 apn=bsnlnet type=default,supl user=MSISDN
09-05 00:23:46.947  3851  3851 E TelephonyProvider: dbh.selectConflictingRow: Expected 1 but found 0 matching rows found for cv password=MSISDN mnc=53 sub_id=-1 bearer_bitmask=0 numeric=40453 name=BSNL mcc=404 apn=bsnlnet type=default,supl user=MSISDN
09-05 00:23:46.949  3851  3851 E TelephonyProvider: dbh.selectConflictingRow: Expected 1 but found 0 matching rows found for cv password=MSISDN mnc=54 sub_id=-1 bearer_bitmask=0 numeric=40454 name=BSNL mcc=404 apn=bsnlnet type=default,supl user=MSISDN
09-05 00:23:46.951  3851  3851 E TelephonyProvider: dbh.selectConflictingRow: Expected 1 but found 0 matching rows found for cv password=MSISDN mnc=55 sub_id=-1 bearer_bitmask=0 numeric=40455 name=BSNL mcc=404 apn=bsnlnet type=default,supl user=MSISDN
09-05 00:23:46.954  3851  3851 E TelephonyProvider: dbh.selectConflictingRow: Expected 1 but found 0 matching rows found for cv password=MSISDN mnc=57 sub_id=-1 bearer_bitmask=0 numeric=40457 name=BSNL mcc=404 apn=bsnlnet type=default,supl user=MSISDN
09-05 00:23:46.957  3851  3851 E TelephonyProvider: dbh.selectConflictingRow: Expected 1 but found 0 matching rows found for cv password=MSISDN mnc=58 sub_id=-1 bearer_bitmask=0 numeric=40458 name=BSNL mcc=404 apn=bsnlnet type=default,supl user=MSISDN
09-05 00:23:46.959  3851  3851 E TelephonyProvider: dbh.selectConflictingRow: Expected 1 but found 0 matching rows found for cv password=MSISDN mnc=59 sub_id=-1 bearer_bitmask=0 numeric=40459 name=BSNL mcc=404 apn=bsnlnet type=default,supl user=MSISDN
09-05 00:23:46.963  3851  3851 E TelephonyProvider: dbh.selectConflictingRow: Expected 1 but found 0 matching rows found for cv password=MSISDN mnc=62 sub_id=-1 bearer_bitmask=0 numeric=40462 name=BSNL mcc=404 apn=bsnlnet type=default,supl user=MSISDN
09-05 00:23:46.965  3851  3851 E TelephonyProvider: dbh.selectConflictingRow: Expected 1 but found 0 matching rows found for cv password=MSISDN mnc=64 sub_id=-1 bearer_bitmask=0 numeric=40464 name=BSNL mcc=404 apn=bsnlnet type=default,supl user=MSISDN
09-05 00:23:46.967  3851  3851 E TelephonyProvider: dbh.selectConflictingRow: Expected 1 but found 0 matching rows found for cv password=MSISDN mnc=66 sub_id=-1 bearer_bitmask=0 numeric=40466 name=BSNL mcc=404 apn=bsnlnet type=default,supl user=MSISDN
09-05 00:23:46.974  3851  3851 E TelephonyProvider: dbh.selectConflictingRow: Expected 1 but found 0 matching rows found for cv password=MSISDN mnc=71 sub_id=-1 bearer_bitmask=0 numeric=40471 name=BSNL mcc=404 apn=bsnlnet type=default,supl user=MSISDN
09-05 00:23:46.977  3851  3851 E TelephonyProvider: dbh.selectConflictingRow: Expected 1 but found 0 matching rows found for cv password=MSISDN mnc=72 sub_id=-1 bearer_bitmask=0 numeric=40472 name=BSNL mcc=404 apn=bsnlnet type=default,supl user=MSISDN
09-05 00:23:46.979  3851  3851 E TelephonyProvider: dbh.selectConflictingRow: Expected 1 but found 0 matching rows found for cv password=MSISDN mnc=73 sub_id=-1 bearer_bitmask=0 numeric=40473 name=BSNL mcc=404 apn=bsnlnet type=default,supl user=MSISDN
09-05 00:23:46.981  3851  3851 E TelephonyProvider: dbh.selectConflictingRow: Expected 1 but found 0 matching rows found for cv password=MSISDN mnc=74 sub_id=-1 bearer_bitmask=0 numeric=40474 name=BSNL mcc=404 apn=bsnlnet type=default,supl user=MSISDN
09-05 00:23:46.983  3851  3851 E TelephonyProvider: dbh.selectConflictingRow: Expected 1 but found 0 matching rows found for cv password=MSISDN mnc=75 sub_id=-1 bearer_bitmask=0 numeric=40475 name=BSNL mcc=404 apn=bsnlnet type=default,supl user=MSISDN
09-05 00:23:46.985  3851  3851 E TelephonyProvider: dbh.selectConflictingRow: Expected 1 but found 0 matching rows found for cv password=MSISDN mnc=76 sub_id=-1 bearer_bitmask=0 numeric=40476 name=BSNL mcc=404 apn=bsnlnet type=default,supl user=MSISDN
09-05 00:23:46.987  3851  3851 E TelephonyProvider: dbh.selectConflictingRow: Expected 1 but found 0 matching rows found for cv password=MSISDN mnc=77 sub_id=-1 bearer_bitmask=0 numeric=40477 name=BSNL mcc=404 apn=bsnlnet type=default,supl user=MSISDN
09-05 00:23:46.990  3851  3851 E TelephonyProvider: dbh.selectConflictingRow: Expected 1 but found 0 matching rows found for cv password=MSISDN mnc=80 sub_id=-1 bearer_bitmask=0 numeric=40480 name=BSNL mcc=404 apn=bsnlnet type=default,supl user=MSISDN
09-05 00:23:46.993  3851  3851 E TelephonyProvider: dbh.selectConflictingRow: Expected 1 but found 0 matching rows found for cv password=MSISDN mnc=81 sub_id=-1 bearer_bitmask=0 numeric=40481 name=BSNL mcc=404 apn=bsnlnet type=default,supl user=MSISDN
09-05 00:23:47.003  3851  3851 E TelephonyProvider: dbh.selectConflictingRow: Expected 1 but found 0 matching rows found for cv mnc=91 sub_id=-1 bearer_bitmask=0 numeric=40491 name=Aircel mcc=404 apn=aircelgprs type=default,supl
09-05 00:23:47.011  3851  3851 E TelephonyProvider: dbh.selectConflictingRow: Expected 1 but found 0 matching rows found for cv mnc=25 sub_id=-1 bearer_bitmask=0 numeric=40525 name=TA TA DoCoMo mcc=405 apn=TATA.DOCOMO.INTERNET type=default,supl
09-05 00:23:47.014  3851  3851 E TelephonyProvider: dbh.selectConflictingRow: Expected 1 but found 0 matching rows found for cv mnc=26 sub_id=-1 bearer_bitmask=0 numeric=40526 name=TA TA DoCoMo mcc=405 apn=TATA.DOCOMO.INTERNET type=default,supl
09-05 00:23:47.017  3851  3851 E TelephonyProvider: dbh.selectConflictingRow: Expected 1 but found 0 matching rows found for cv mnc=27 sub_id=-1 bearer_bitmask=0 numeric=40527 name=TA TA DoCoMo mcc=405 apn=TATA.DOCOMO.INTERNET type=default,supl
09-05 00:23:47.020  3851  3851 E TelephonyProvider: dbh.selectConflictingRow: Expected 1 but found 0 matching rows found for cv mnc=29 sub_id=-1 bearer_bitmask=0 numeric=40529 name=TA TA DoCoMo mcc=405 apn=TATA.DOCOMO.INTERNET type=default,supl
09-05 00:23:47.024  3851  3851 E TelephonyProvider: dbh.selectConflictingRow: Expected 1 but found 0 matching rows found for cv mnc=30 sub_id=-1 bearer_bitmask=0 numeric=40530 name=TA TA DoCoMo mcc=405 apn=TATA.DOCOMO.INTERNET type=default,supl
09-05 00:23:47.027  3851  3851 E TelephonyProvider: dbh.selectConflictingRow: Expected 1 but found 0 matching rows found for cv mnc=31 sub_id=-1 bearer_bitmask=0 numeric=40531 name=TA TA DoCoMo mcc=405 apn=TATA.DOCOMO.INTERNET type=default,supl
09-05 00:23:47.029  3851  3851 E TelephonyProvider: dbh.selectConflictingRow: Expected 1 but found 0 matching rows found for cv mnc=32 sub_id=-1 bearer_bitmask=0 numeric=40532 name=TA TA DoCoMo mcc=405 apn=TATA.DOCOMO.INTERNET type=default,supl
09-05 00:23:47.032  3851  3851 E TelephonyProvider: dbh.selectConflictingRow: Expected 1 but found 0 matching rows found for cv mnc=33 sub_id=-1 bearer_bitmask=0 numeric=40533 name=TA TA DoCoMo mcc=405 apn=TATA.DOCOMO.INTERNET type=default,supl
09-05 00:23:47.034  3851  3851 E TelephonyProvider: dbh.selectConflictingRow: Expected 1 but found 0 matching rows found for cv mnc=34 sub_id=-1 bearer_bitmask=0 numeric=40534 name=TA TA DoCoMo mcc=405 apn=TATA.DOCOMO.INTERNET type=default,supl
09-05 00:23:47.036  3851  3851 E TelephonyProvider: dbh.selectConflictingRow: Expected 1 but found 0 matching rows found for cv mnc=35 sub_id=-1 bearer_bitmask=0 numeric=40535 name=TA TA DoCoMo mcc=405 apn=TATA.DOCOMO.INTERNET type=default,supl
09-05 00:23:47.038  3851  3851 E TelephonyProvider: dbh.selectConflictingRow: Expected 1 but found 0 matching rows found for cv mnc=36 sub_id=-1 bearer_bitmask=0 numeric=40536 name=TA TA DoCoMo mcc=405 apn=TATA.DOCOMO.INTERNET type=default,supl
09-05 00:23:47.041  3851  3851 E TelephonyProvider: dbh.selectConflictingRow: Expected 1 but found 0 matching rows found for cv mnc=37 sub_id=-1 bearer_bitmask=0 numeric=40537 name=TA TA DoCoMo mcc=405 apn=TATA.DOCOMO.INTERNET type=default,supl
09-05 00:23:47.043  3851  3851 E TelephonyProvider: dbh.selectConflictingRow: Expected 1 but found 0 matching rows found for cv mnc=38 sub_id=-1 bearer_bitmask=0 numeric=40538 name=TA TA DoCoMo mcc=405 apn=TATA.DOCOMO.INTERNET type=default,supl
09-05 00:23:47.045  3851  3851 E TelephonyProvider: dbh.selectConflictingRow: Expected 1 but found 0 matching rows found for cv mnc=39 sub_id=-1 bearer_bitmask=0 numeric=40539 name=TA TA DoCoMo mcc=405 apn=TATA.DOCOMO.INTERNET type=default,supl
09-05 00:23:47.049  3851  3851 E TelephonyProvider: dbh.selectConflictingRow: Expected 1 but found 0 matching rows found for cv mnc=40 sub_id=-1 bearer_bitmask=0 numeric=40540 name=TA TA DoCoMo mcc=405 apn=TATA.DOCOMO.INTERNET type=default,supl
09-05 00:23:47.052  3851  3851 E TelephonyProvider: dbh.selectConflictingRow: Expected 1 but found 0 matching rows found for cv mnc=41 sub_id=-1 bearer_bitmask=0 numeric=40541 name=TA TA DoCoMo mcc=405 apn=TATA.DOCOMO.INTERNET type=default,supl
09-05 00:23:47.054  3851  3851 E TelephonyProvider: dbh.selectConflictingRow: Expected 1 but found 0 matching rows found for cv mnc=42 sub_id=-1 bearer_bitmask=0 numeric=40542 name=TA TA DoCoMo mcc=405 apn=TATA.DOCOMO.INTERNET type=default,supl
09-05 00:23:47.056  3851  3851 E TelephonyProvider: dbh.selectConflictingRow: Expected 1 but found 0 matching rows found for cv mnc=43 sub_id=-1 bearer_bitmask=0 numeric=40543 name=TA TA DoCoMo mcc=405 apn=TATA.DOCOMO.INTERNET type=default,supl
09-05 00:23:47.059  3851  3851 E TelephonyProvider: dbh.selectConflictingRow: Expected 1 but found 0 matching rows found for cv mnc=44 sub_id=-1 bearer_bitmask=0 numeric=40544 name=TA TA DoCoMo mcc=405 apn=TATA.DOCOMO.INTERNET type=default,supl
09-05 00:23:47.061  3851  3851 E TelephonyProvider: dbh.selectConflictingRow: Expected 1 but found 0 matching rows found for cv mnc=45 sub_id=-1 bearer_bitmask=0 numeric=40545 name=TA TA DoCoMo mcc=405 apn=TATA.DOCOMO.INTERNET type=default,supl
09-05 00:23:47.064  3851  3851 E TelephonyProvider: dbh.selectConflictingRow: Expected 1 but found 0 matching rows found for cv mnc=46 sub_id=-1 bearer_bitmask=0 numeric=40546 name=TA TA DoCoMo mcc=405 apn=TATA.DOCOMO.INTERNET type=default,supl
09-05 00:23:47.066  3851  3851 E TelephonyProvider: dbh.selectConflictingRow: Expected 1 but found 0 matching rows found for cv mnc=47 sub_id=-1 bearer_bitmask=0 numeric=40547 name=TA TA DoCoMo mcc=405 apn=TATA.DOCOMO.INTERNET type=default,supl
09-05 00:23:47.087  3851  3851 E TelephonyProvider: dbh.selectConflictingRow: Expected 1 but found 0 matching rows found for cv mnc=51 mmsport=8799 sub_id=-1 bearer_bitmask=0 mmsc=http://100.1.201.171:10021/mmsc numeric=40551 mmsproxy=100.1.201.172 name=Airtel MMS mcc=405 authtype=1 apn=airtelmms.com type=mms
09-05 00:23:47.089  3851  3851 E TelephonyProvider: dbh.selectConflictingRow: Expected 1 but found 0 matching rows found for cv mnc=52 mmsport=8799 sub_id=-1 bearer_bitmask=0 mmsc=http://100.1.201.171:10021/mmsc numeric=40552 mmsproxy=100.1.201.172 name=Airtel MMS mcc=405 authtype=1 apn=airtelmms.com type=mms
09-05 00:23:47.091  3851  3851 E TelephonyProvider: dbh.selectConflictingRow: Expected 1 but found 0 matching rows found for cv mnc=53 mmsport=8799 sub_id=-1 bearer_bitmask=0 mmsc=http://100.1.201.171:10021/mmsc numeric=40553 mmsproxy=100.1.201.172 name=Airtel MMS mcc=405 authtype=1 apn=airtelmms.com type=mms
09-05 00:23:47.093  3851  3851 E TelephonyProvider: dbh.selectConflictingRow: Expected 1 but found 0 matching rows found for cv mnc=54 mmsport=8799 sub_id=-1 bearer_bitmask=0 mmsc=http://100.1.201.171:10021/mmsc numeric=40554 mmsproxy=100.1.201.172 name=Airtel MMS mcc=405 authtype=1 apn=airtelmms.com type=mms
09-05 00:23:47.095  3851  3851 E TelephonyProvider: dbh.selectConflictingRow: Expected 1 but found 0 matching rows found for cv mnc=55 mmsport=8799 sub_id=-1 bearer_bitmask=0 mmsc=http://100.1.201.171:10021/mmsc numeric=40555 mmsproxy=100.1.201.172 name=Airtel MMS mcc=405 authtype=1 apn=airtelmms.com type=mms
09-05 00:23:47.097  3851  3851 E TelephonyProvider: dbh.selectConflictingRow: Expected 1 but found 0 matching rows found for cv mnc=56 mmsport=8799 sub_id=-1 bearer_bitmask=0 mmsc=http://100.1.201.171:10021/mmsc numeric=40556 mmsproxy=100.1.201.172 name=Airtel MMS mcc=405 authtype=1 apn=airtelmms.com type=mms
09-05 00:23:47.101  3851  3851 E TelephonyProvider: dbh.selectConflictingRow: Expected 1 but found 0 matching rows found for cv mnc=70 sub_id=-1 bearer_bitmask=0 numeric=40570 name=IDEA mcc=405 apn=internet type=default,supl
09-05 00:23:47.110  3851  3851 E TelephonyProvider: dbh.selectConflictingRow: Expected 1 but found 0 matching rows found for cv mnc=799 sub_id=-1 bearer_bitmask=0 numeric=405799 name=IDEA mcc=405 apn=internet type=default,supl
09-05 00:23:47.112  3851  3851 E TelephonyProvider: dbh.selectConflictingRow: Expected 1 but found 0 matching rows found for cv mnc=800 sub_id=-1 bearer_bitmask=0 numeric=405800 name=Aircel mcc=405 apn=aircelgprs type=default,supl
09-05 00:23:47.115  3851  3851 E TelephonyProvider: dbh.selectConflictingRow: Expected 1 but found 0 matching rows found for cv mnc=801 sub_id=-1 bearer_bitmask=0 numeric=405801 name=Aircel mcc=405 apn=aircelgprs type=default,supl
09-05 00:23:47.117  3851  3851 E TelephonyProvider: dbh.selectConflictingRow: Expected 1 but found 0 matching rows found for cv mnc=802 sub_id=-1 bearer_bitmask=0 numeric=405802 name=Aircel mcc=405 apn=aircelgprs type=default,supl
09-05 00:23:47.119  3851  3851 E TelephonyProvider: dbh.selectConflictingRow: Expected 1 but found 0 matching rows found for cv mnc=803 sub_id=-1 bearer_bitmask=0 numeric=405803 name=Aircel mcc=405 apn=aircelgprs type=default,supl
09-05 00:23:47.121  3851  3851 E TelephonyProvider: dbh.selectConflictingRow: Expected 1 but found 0 matching rows found for cv mnc=804 sub_id=-1 bearer_bitmask=0 numeric=405804 name=Aircel mcc=405 apn=aircelgprs type=default,supl
09-05 00:23:47.123  3851  3851 E TelephonyProvider: dbh.selectConflictingRow: Expected 1 but found 0 matching rows found for cv mnc=805 sub_id=-1 bearer_bitmask=0 numeric=405805 name=Aircel mcc=405 apn=aircelgprs type=default,supl
09-05 00:23:47.129  3851  3851 E TelephonyProvider: dbh.selectConflictingRow: Expected 1 but found 0 matching rows found for cv mnc=806 sub_id=-1 bearer_bitmask=0 numeric=405806 name=Aircel mcc=405 apn=aircelgprs type=default,supl
09-05 00:23:47.131  3851  3851 E TelephonyProvider: dbh.selectConflictingRow: Expected 1 but found 0 matching rows found for cv mnc=807 sub_id=-1 bearer_bitmask=0 numeric=405807 name=Aircel mcc=405 apn=aircelgprs type=default,supl
09-05 00:23:47.133  3851  3851 E TelephonyProvider: dbh.selectConflictingRow: Expected 1 but found 0 matching rows found for cv mnc=808 sub_id=-1 bearer_bitmask=0 numeric=405808 name=Aircel mcc=405 apn=aircelgprs type=default,supl
09-05 00:23:47.136  3851  3851 E TelephonyProvider: dbh.selectConflictingRow: Expected 1 but found 0 matching rows found for cv mnc=809 sub_id=-1 bearer_bitmask=0 numeric=405809 name=Aircel mcc=405 apn=aircelgprs type=default,supl
09-05 00:23:47.138  3851  3851 E TelephonyProvider: dbh.selectConflictingRow: Expected 1 but found 0 matching rows found for cv mnc=810 sub_id=-1 bearer_bitmask=0 numeric=405810 name=Aircel mcc=405 apn=aircelgprs type=default,supl
09-05 00:23:47.140  3851  3851 E TelephonyProvider: dbh.selectConflictingRow: Expected 1 but found 0 matching rows found for cv mnc=811 sub_id=-1 bearer_bitmask=0 numeric=405811 name=Aircel mcc=405 apn=aircelgprs type=default,supl
09-05 00:23:47.142  3851  3851 E TelephonyProvider: dbh.selectConflictingRow: Expected 1 but found 0 matching rows found for cv mnc=812 sub_id=-1 bearer_bitmask=0 numeric=405812 name=Aircel mcc=405 apn=aircelgprs type=default,supl
09-05 00:23:47.150  3851  3851 E TelephonyProvider: dbh.selectConflictingRow: Expected 1 but found 0 matching rows found for cv mnc=845 sub_id=-1 bearer_bitmask=0 numeric=405845 name=IDEA mcc=405 apn=internet type=default,supl
09-05 00:23:47.150  3548  3561 D libgps  : agps_set_server: Waiting for IPC connection - timeout
09-05 00:23:47.150  3548  3561 E libgps  : LIBGPS: Cannot communicate (write) with a GPSD
09-05 00:23:47.150  3548  3561 E libgps  : IPC Communication Error, ../../../../tmp/15194007_282637/allPartners/os/android/gps_interface/gpsi_client/GpsiClient.cpp:1685 agps_set_server
09-05 00:23:47.151  3548  3561 D GnssLocationProvider: GPS configuration:
09-05 00:23:47.151  3548  3561 D GnssLocationProvider:  #Tue Sep 05 00:23:47 GMT+00:00 2017
09-05 00:23:47.151  3548  3561 D GnssLocationProvider: SUPL_VER=0x20000
09-05 00:23:47.151  3548  3561 D GnssLocationProvider: SUPL_PORT=7275
09-05 00:23:47.151  3548  3561 D GnssLocationProvider: XTRA_SERVER_2=http\://gllto2.glpals.com/4day/v4/latest/lto2.dat
09-05 00:23:47.151  3548  3561 D GnssLocationProvider: XTRA_SERVER_1=http\://gllto1.glpals.com/4day/v4/latest/lto2.dat
09-05 00:23:47.151  3548  3561 D GnssLocationProvider: SUPL_HOST=supl.google.com
09-05 00:23:47.151  3548  3561 D GnssLocationProvider: SUPL_MODE=1
09-05 00:23:47.151  3548  3561 D GnssLocationProvider: NTP_SERVER=north-america.pool.ntp.org
09-05 00:23:47.151  3548  3561 D libgps  : SendGpsExtensionMessage: Waiting for IPC connection...
09-05 00:23:47.152  3851  3851 E TelephonyProvider: dbh.selectConflictingRow: Expected 1 but found 0 matching rows found for cv mnc=846 sub_id=-1 bearer_bitmask=0 numeric=405846 name=IDEA mcc=405 apn=internet type=default,supl
09-05 00:23:47.154  3851  3851 E TelephonyProvider: dbh.selectConflictingRow: Expected 1 but found 0 matching rows found for cv mnc=847 sub_id=-1 bearer_bitmask=0 numeric=405847 name=IDEA mcc=405 apn=internet type=default,supl
09-05 00:23:47.157  3851  3851 E TelephonyProvider: dbh.selectConflictingRow: Expected 1 but found 0 matching rows found for cv mnc=848 sub_id=-1 bearer_bitmask=0 numeric=405848 name=IDEA mcc=405 apn=internet type=default,supl
09-05 00:23:47.161  3851  3851 E TelephonyProvider: dbh.selectConflictingRow: Expected 1 but found 0 matching rows found for cv mnc=849 sub_id=-1 bearer_bitmask=0 numeric=405849 name=IDEA mcc=405 apn=internet type=default,supl
09-05 00:23:47.163  3851  3851 E TelephonyProvider: dbh.selectConflictingRow: Expected 1 but found 0 matching rows found for cv mnc=850 sub_id=-1 bearer_bitmask=0 numeric=405850 name=IDEA mcc=405 apn=internet type=default,supl
09-05 00:23:47.165  3726  3967 I OpenGLRenderer: Initialized EGL, version 1.4
09-05 00:23:47.165  3726  3967 D OpenGLRenderer: Swap behavior 1
09-05 00:23:47.166  3851  3851 E TelephonyProvider: dbh.selectConflictingRow: Expected 1 but found 0 matching rows found for cv mnc=851 sub_id=-1 bearer_bitmask=0 numeric=405851 name=IDEA mcc=405 apn=internet type=default,supl
09-05 00:23:47.169  3851  3851 E TelephonyProvider: dbh.selectConflictingRow: Expected 1 but found 0 matching rows found for cv mnc=852 sub_id=-1 bearer_bitmask=0 numeric=405852 name=IDEA mcc=405 apn=internet type=default,supl
09-05 00:23:47.169  3726  3967 D mali_winsys: EGLint new_window_surface(egl_winsys_display*, void*, EGLSurface, EGLConfig, egl_winsys_surface**, egl_color_buffer_format*, EGLBoolean) returns 0x3000,  [1440x84]-format:1
09-05 00:23:47.172  3851  3851 E TelephonyProvider: dbh.selectConflictingRow: Expected 1 but found 0 matching rows found for cv mnc=853 sub_id=-1 bearer_bitmask=0 numeric=405853 name=IDEA mcc=405 apn=internet type=default,supl
09-05 00:23:47.194  3851  3851 E TelephonyProvider: dbh.selectConflictingRow: Expected 1 but found 0 matching rows found for cv password=mic1 mnc=01 sub_id=-1 bearer_bitmask=0 numeric=41501 name=Alfa mcc=415 apn=internet.mic1.com.lb type=default,supl user=mic1
09-05 00:23:47.195  3851  3851 E TelephonyProvider: dbh.selectConflictingRow: Expected 1 but found 0 matching rows found for cv password=mic1 mnc=01 sub_id=-1 bearer_bitmask=0 proxy=192.168.23.50 numeric=41501 name=Alfa WAP port=80 mcc=415 apn=wap.mic1.com.lb type=default,supl user=mic1
09-05 00:23:47.197  3851  3851 E TelephonyProvider: dbh.selectConflictingRow: Expected 1 but found 0 matching rows found for cv mnc=03 sub_id=-1 bearer_bitmask=0 numeric=41503 name=mtc touch mcc=415 apn=gprs.mtctouch.com.lb type=default,supl
09-05 00:23:47.202  3851  3851 E TelephonyProvider: dbh.selectConflictingRow: Expected 1 but found 0 matching rows found for cv mnc=02 sub_id=-1 bearer_bitmask=0 numeric=41702 name=MTN SY mcc=417 apn=internet type=default,supl
09-05 00:23:47.206  3851  3851 E TelephonyProvider: dbh.selectConflictingRow: Expected 1 but found 0 matching rows found for cv password=korek mnc=40 sub_id=-1 bearer_bitmask=0 numeric=41840 name=Korek GPRS mcc=418 apn=net.korek.com type=default,supl user=korek
09-05 00:23:47.210  3851  3851 E TelephonyProvider: dbh.selectConflictingRow: Expected 1 but found 0 matching rows found for cv password=pps mnc=02 sub_id=-1 bearer_bitmask=0 numeric=41902 name=Zain KW mcc=419 apn=pps type=default,supl user=pps
09-05 00:23:47.217  3851  3851 E TelephonyProvider: dbh.selectConflictingRow: Expected 1 but found 0 matching rows found for cv password=test mnc=03 sub_id=-1 bearer_bitmask=0 numeric=42203 name=Nawras mcc=422 apn=isp.nawras.com.om type=default,supl user=test
09-05 00:23:47.220  3851  3851 E TelephonyProvider: dbh.selectConflictingRow: Expected 1 but found 0 matching rows found for cv mnc=02 sub_id=-1 bearer_bitmask=0 numeric=42402 name=Etisalat UAE mcc=424 authtype=1 apn=etisalat.ae type=default,supl
09-05 00:23:47.226  3548  3599 D WifiService: New client listening to asynchronous messages
09-05 00:23:47.227  3851  3851 E TelephonyProvider: dbh.selectConflictingRow: Expected 1 but found 0 matching rows found for cv password=pcl mnc=03 sub_id=-1 bearer_bitmask=0 mmsc= proxy= numeric=42503 name=Pelephone port= mcc=425 apn=internet.pelephone.net.il type=default,supl user=pcl@3g
09-05 00:23:47.228  3851  3851 E TelephonyProvider: dbh.selectConflictingRow: Expected 1 but found 0 matching rows found for cv password=pcl sub_id=-1 bearer_bitmask=0 mmsc=http://mmsu.pelephone.net.il numeric=42503 user=pcl@3g mnc=03 mmsport=9093 proxy= mmsproxy=10.170.9.54 name=Pelephone MMS server=pelephone port= mcc=425 apn=mms.pelephone.net.il type=mms
09-05 00:23:47.232  3851  3851 E TelephonyProvider: dbh.selectConflictingRow: Expected 1 but found 0 matching rows found for cv password=internet mnc=02 sub_id=-1 bearer_bitmask=0 numeric=42602 name=MTC Vodafone BH mcc=426 apn=internet type=default,supl user=internet
09-05 00:23:47.234  3851  3851 E TelephonyProvider: dbh.selectConflictingRow: Expected 1 but found 0 matching rows found for cv mnc=04 sub_id=-1 bearer_bitmask=0 numeric=42604 name=Viva BH mcc=426 apn=viva.bh type=default,supl
09-05 00:23:47.239  3851  3851 E TelephonyProvider: dbh.selectConflictingRow: Expected 1 but found 0 matching rows found for cv mnc=02 sub_id=-1 bearer_bitmask=0 numeric=42702 name=Vodafone QA mcc=427 apn=web.vodafone.com.qa type=default,supl
09-05 00:23:47.244  3851  3851 E TelephonyProvider: dbh.selectConflictingRow: Expected 1 but found 0 matching rows found for cv mnc=01 sub_id=-1 bearer_bitmask=0 numeric=42901 name=Nepal Telecom Internet mcc=429 apn=ntnet type=default,supl
09-05 00:23:47.246  3851  3851 E TelephonyProvider: dbh.selectConflictingRow: Expected 1 but found 0 matching rows found for cv mnc=01 mmsport=8000 sub_id=-1 bearer_bitmask=0 mmsc=http://192.80.11.180 numeric=42901 mmsproxy=192.80.7.133 name=Nepal Telecom MMS mcc=429 apn=ntmms type=mms
09-05 00:23:47.248  3851  3851 E TelephonyProvider: dbh.selectConflictingRow: Expected 1 but found 0 matching rows found for cv mnc=02 mmsport=8080 sub_id=-1 bearer_bitmask=0 mmsc=http://192.168.19.15 numeric=42902 mmsproxy=192.168.19.15 name=Ncell MMS mcc=429 apn=mms type=mms
09-05 00:23:47.249  3851  3851 E TelephonyProvider: dbh.selectConflictingRow: Expected 1 but found 0 matching rows found for cv mnc=02 sub_id=-1 bearer_bitmask=0 numeric=42902 proxy=192.168.19.15 name=Ncell WAP port=8080 mcc=429 apn=web type=default,supl
09-05 00:23:47.254  3851  3851 E TelephonyProvider: dbh.selectConflictingRow: Expected 1 but found 0 matching rows found for cv password=0000 mnc=10 sub_id=-1 bearer_bitmask=0 numeric=44010 name=AsahiNet 3G 128K mcc=440 authtype=3 apn=3g.mobac.net type=default,supl user=d@x3.asahinet.jp
09-05 00:23:47.255  3851  3851 E TelephonyProvider: dbh.selectConflictingRow: Expected 1 but found 0 matching rows found for cv password=0000 mnc=10 sub_id=-1 bearer_bitmask=0 numeric=44010 name=AsahiNet LTE 128K mcc=440 authtype=3 apn=lte.mobac.net type=default,supl user=d@x.asahinet.jp
09-05 00:23:47.258  3851  3851 E TelephonyProvider: dbh.selectConflictingRow: Expected 1 but found 0 matching rows found for cv password=dmm mnc=10 sub_id=-1 bearer_bitmask=0 numeric=44010 name=DMM mobile mcc=440 authtype=3 apn=vmobile.jp type=default,supl user=dmm@dmm.com
09-05 00:23:47.264  3851  3851 E TelephonyProvider: dbh.selectConflictingRow: Expected 1 but found 0 matching rows found for cv password=p123456w mnc=10 sub_id=-1 bearer_bitmask=0 numeric=44010 name=Wonderlink F mcc=440 authtype=1 apn=lte.fenics.jp type=default,supl user=wl@s.lte.fenics.jp
09-05 00:23:47.265  3851  3851 E TelephonyProvider: dbh.selectConflictingRow: Expected 1 but found 0 matching rows found for cv password=p123456w mnc=10 sub_id=-1 bearer_bitmask=0 numeric=44010 name=Wonderlink I mcc=440 authtype=2 apn=vmobile.jp type=default,supl user=wl@wlte.net
09-05 00:23:47.266  3147  3180 I SurfaceFlinger: Boot is finished (13777 ms)
09-05 00:23:47.267  3851  3851 E TelephonyProvider: dbh.selectConflictingRow: Expected 1 but found 0 matching rows found for cv password=bmobile mnc=10 sub_id=-1 bearer_bitmask=0 numeric=44010 name=b-mobile aeon mcc=440 authtype=3 apn=bmobile.ne.jp type=default,supl user=bmobile@aeon
09-05 00:23:47.268  3851  3851 E TelephonyProvider: dbh.selectConflictingRow: Expected 1 but found 0 matching rows found for cv password=bmobile mnc=10 sub_id=-1 bearer_bitmask=0 numeric=44010 name=b-mobile am mcc=440 authtype=3 apn=bmobile.ne.jp type=default,supl user=bmobile@am
09-05 00:23:47.269  3851  3851 E TelephonyProvider: dbh.selectConflictingRow: Expected 1 but found 0 matching rows found for cv password=bmobile mnc=10 sub_id=-1 bearer_bitmask=0 numeric=44010 name=b-mobile fr mcc=440 authtype=3 apn=bmobile.ne.jp type=default,supl user=bmobile@fr
09-05 00:23:47.270  3851  3851 E TelephonyProvider: dbh.selectConflictingRow: Expected 1 but found 0 matching rows found for cv password=bmobile mnc=10 sub_id=-1 bearer_bitmask=0 numeric=44010 name=b-mobile spd mcc=440 authtype=3 apn=bmobile.ne.jp type=default,supl user=bmobile@spd
09-05 00:23:47.271  3851  3851 E TelephonyProvider: dbh.selectConflictingRow: Expected 1 but found 0 matching rows found for cv password=bmobile mnc=10 sub_id=-1 bearer_bitmask=0 numeric=44010 name=b-mobile u300 mcc=440 authtype=3 apn=bmobile.ne.jp type=default,supl user=bmobile@u300
09-05 00:23:47.272  3851  3851 E TelephonyProvider: dbh.selectConflictingRow: Expected 1 but found 0 matching rows found for cv password=bmobile mnc=10 sub_id=-1 bearer_bitmask=0 numeric=44010 name=b-mobile xsim mcc=440 authtype=3 apn=bmobile.ne.jp type=default,supl user=bmobile@xsim
09-05 00:23:47.273  3851  3851 E TelephonyProvider: dbh.selectConflictingRow: Expected 1 but found 0 matching rows found for cv password=bmobile mnc=10 sub_id=-1 bearer_bitmask=0 numeric=44010 name=b-mobile zsim mcc=440 authtype=3 apn=bmobile.ne.jp type=default,supl user=bmobile@zsim
09-05 00:23:47.275  3851  3851 E TelephonyProvider: dbh.selectConflictingRow: Expected 1 but found 0 matching rows found for cv password=hi-ho mnc=10 sub_id=-1 bearer_bitmask=0 numeric=44010 name=hi-ho mcc=440 authtype=3 apn=vmobile.jp type=default,supl user=lte@hi-ho
09-05 00:23:47.279  3851  3851 E TelephonyProvider: dbh.selectConflictingRow: Expected 1 but found 0 matching rows found for cv password=vrkt mnc=10 sub_id=-1 bearer_bitmask=0 numeric=44010 name= mcc=440 authtype=3 apn=vdm.jp type=default,supl user=rakuten@vdm
09-05 00:23:47.293  3851  3851 E TelephonyProvider: dbh.selectConflictingRow: Expected 1 but found 0 matching rows found for cv mnc=00 mmsport=8080 sub_id=-1 bearer_bitmask=0 mmsc=http://192.168.58.171:8002 numeric=45400 mmsproxy=192.168.59.51 name=1O1O mcc=454 authtype=3 apn=mobile type=default,mms,hipri
09-05 00:23:47.295  3851  3851 E TelephonyProvider: dbh.selectConflictingRow: Expected 1 but found 0 matching rows found for cv mnc=00 mmsport=8080 sub_id=-1 bearer_bitmask=0 mmsc=http://192.168.58.171:8002 numeric=45400 mmsproxy=192.168.59.51 name=1O1O mcc=454 authtype=3 apn=mobile type=default,mms,hipri
09-05 00:23:47.296  3851  3851 E TelephonyProvider: dbh.selectConflictingRow: Expected 1 but found 0 matching rows found for cv mnc=00 sub_id=-1 bearer_bitmask=0 numeric=45400 name=1O1O Tethering mcc=454 apn=lte.internet type=dun
09-05 00:23:47.297  3851  3851 E TelephonyProvider: dbh.selectConflictingRow: Expected 1 but found 0 matching rows found for cv mvno_match_data=01010000 sub_id=-1 mvno_type=gid numeric=45400 mmsc=http://192.168.58.171:8002 bearer_bitmask=0 authtype=3 mnc=00 mmsport=8080 mmsproxy=192.168.59.51 name=1O1O mcc=454 apn=mobile type=default,mms,hipri
09-05 00:23:47.299  3851  3851 E TelephonyProvider: dbh.selectConflictingRow: Expected 1 but found 0 matching rows found for cv mvno_match_data=01010000 mnc=00 sub_id=-1 mvno_type=gid bearer_bitmask=0 numeric=45400 name=1O1O Tethering mcc=454 apn=lte.internet type=dun
09-05 00:23:47.300  3851  3851 E TelephonyProvider: dbh.selectConflictingRow: Expected 1 but found 0 matching rows found for cv mnc=00 mmsport=8080 sub_id=-1 bearer_bitmask=0 mmsc=http://192.168.58.171:8002 numeric=45400 mmsproxy=192.168.59.61 name=SUN Mobile mcc=454 authtype=3 apn=SUNMobile type=default,mms
09-05 00:23:47.301  3851  3851 E TelephonyProvider: dbh.selectConflictingRow: Expected 1 but found 0 matching rows found for cv mvno_match_data=01030000 sub_id=-1 mvno_type=gid numeric=45400 mmsc=http://192.168.58.171:8002 bearer_bitmask=0 authtype=3 mnc=00 mmsport=8080 mmsproxy=192.168.59.61 name=SUN Mobile mcc=454 apn=SUNMobile type=default,mms
09-05 00:23:47.305  3851  3851 E TelephonyProvider: dbh.selectConflictingRow: Expected 1 but found 0 matching rows found for cv mnc=02 mmsport=8080 sub_id=-1 bearer_bitmask=0 mmsc=http://192.168.58.171:8002 numeric=45402 mmsproxy=192.168.59.51 name=1O1O mcc=454 authtype=3 apn=mobile type=default,mms,hipri
09-05 00:23:47.307  3851  3851 E TelephonyProvider: dbh.selectConflictingRow: Expected 1 but found 0 matching rows found for cv mnc=02 sub_id=-1 bearer_bitmask=0 numeric=45402 name=1O1O Tethering mcc=454 apn=lte.internet type=dun
09-05 00:23:47.317  3851  3851 E TelephonyProvider: dbh.selectConflictingRow: Expected 1 but found 0 matching rows found for cv mnc=18 mmsport=8080 sub_id=-1 bearer_bitmask=0 mmsc=http://192.168.58.171:8002 numeric=45418 mmsproxy=192.168.59.51 name=1O1O mcc=454 authtype=3 apn=mobile type=default,mms,hipri
09-05 00:23:47.318  3851  3851 E TelephonyProvider: dbh.selectConflictingRow: Expected 1 but found 0 matching rows found for cv mnc=18 sub_id=-1 bearer_bitmask=0 numeric=45418 name=1O1O Tethering mcc=454 apn=lte.internet type=dun
09-05 00:23:47.322  3851  3851 E TelephonyProvider: dbh.selectConflictingRow: Expected 1 but found 0 matching rows found for cv mnc=01 mmsport=8080 sub_id=-1 bearer_bitmask=0 mmsc=http://mms.wap.ctm.net:8002 numeric=45501 mmsproxy=192.168.99.3 name=CTM MMS mcc=455 apn=ctmmms type=mms
09-05 00:23:47.329  3851  3851 E TelephonyProvider: dbh.selectConflictingRow: Expected 1 but found 0 matching rows found for cv mnc=08 sub_id=-1 bearer_bitmask=0 numeric=45608 name=Metfone mcc=456 apn=Metfone type=default,supl
09-05 00:23:47.332  3851  3851 E TelephonyProvider: dbh.selectConflictingRow: Expected 1 but found 0 matching rows found for cv mnc=00 sub_id=-1 bearer_bitmask=0 numeric=46000 name= GPRS (China Mobile) mcc=460 apn=cmnet type=default,supl
09-05 00:23:47.334  3851  3851 E TelephonyProvider: dbh.selectConflictingRow: Expected 1 but found 0 matching rows found for cv mnc=00 sub_id=-1 bearer_bitmask=0 numeric=46000 name=China Mobile mcc=460 apn=cmnet type=default,supl
09-05 00:23:47.335  3851  3851 E TelephonyProvider: dbh.selectConflictingRow: Expected 1 but found 0 matching rows found for cv mnc=00 mmsport=80 sub_id=-1 bearer_bitmask=0 mmsc=http://mmsc.monternet.com mmsproxy=10.0.0.172 numeric=46000 proxy=10.0.0.172 name=China Mobile MMS port=80 mcc=460 apn=cmwap type=mms
09-05 00:23:47.337  3851  3851 E TelephonyProvider: dbh.selectConflictingRow: Expected 1 but found 0 matching rows found for cv password= sub_id=-1 bearer_bitmask=0 numeric=46001 mmsc= authtype=3 user= mnc=01 proxy= name=3g port= mcc=460 apn=3gnet type=default,supl
09-05 00:23:47.339  3851  3851 E TelephonyProvider: dbh.selectConflictingRow: Expected 1 but found 0 matching rows found for cv password= sub_id=-1 bearer_bitmask=0 numeric=46001 mmsc=http://mmsc.myuni.com.cn authtype=3 user= mnc=01 mmsport=80 proxy= mmsproxy=10.0.0.172 name=3g port= mcc=460 apn=3gwap type=mms
09-05 00:23:47.340  3851  3851 E TelephonyProvider: dbh.selectConflictingRow: Expected 1 but found 0 matching rows found for cv mnc=01 mmsport=80 sub_id=-1 bearer_bitmask=0 mmsc=http://mmsc.myuni.com.cn numeric=46001 mmsproxy=10.0.0.172 name=China Unicom MMS mcc=460 apn=uniwap type=mms
09-05 00:23:47.342  3851  3851 E TelephonyProvider: dbh.selectConflictingRow: Expected 1 but found 0 matching rows found for cv mnc=02 sub_id=-1 bearer_bitmask=0 numeric=46002 name= GPRS (China Mobile) mcc=460 apn=cmnet type=default,supl
09-05 00:23:47.344  3851  3851 E TelephonyProvider: dbh.selectConflictingRow: Expected 1 but found 0 matching rows found for cv mnc=02 sub_id=-1 bearer_bitmask=0 numeric=46002 name=China Mobile mcc=460 apn=cmnet type=default,supl
09-05 00:23:47.345  3851  3851 E TelephonyProvider: dbh.selectConflictingRow: Expected 1 but found 0 matching rows found for cv mnc=02 mmsport=80 sub_id=-1 bearer_bitmask=0 mmsc=http://mmsc.monternet.com mmsproxy=10.0.0.172 numeric=46002 proxy=10.0.0.172 name=China Mobile MMS port=80 mcc=460 apn=cmwap type=mms
09-05 00:23:47.346  3851  3851 E TelephonyProvider: dbh.selectConflictingRow: Expected 1 but found 0 matching rows found for cv password= mnc=02 sub_id=-1 bearer_bitmask=0 mmsc= proxy= numeric=46002 name=China Mobile port= mcc=460 apn=cmnet type=default,supl user=
09-05 00:23:47.347  3851  3851 E TelephonyProvider: dbh.selectConflictingRow: Expected 1 but found 0 matching rows found for cv password= sub_id=-1 bearer_bitmask=0 numeric=46002 mmsc=http://mmsc.monternet.com user= mnc=02 mmsport=80 proxy=10.0.0.172 mmsproxy=10.0.0.172 name=China Mobile MMS port=80 mcc=460 apn=cmwap type=mms
09-05 00:23:47.349  3851  3851 E TelephonyProvider: dbh.selectConflictingRow: Expected 1 but found 0 matching rows found for cv password= mnc=07 sub_id=-1 bearer_bitmask=0 numeric=46007 name=China-Mobile mcc=460 authtype=3 apn=cmnet type=default,supl user=
09-05 00:23:47.350  3851  3851 E TelephonyProvider: dbh.selectConflictingRow: Expected 1 but found 0 matching rows found for cv mnc=07 sub_id=-1 bearer_bitmask=0 numeric=46007 name= (China Mobile) GPRS mcc=460 apn=cmnet type=default,supl
09-05 00:23:47.356  3851  3851 E TelephonyProvider: dbh.selectConflictingRow: Expected 1 but found 0 matching rows found for cv mnc=01 sub_id=-1 bearer_bitmask=0 numeric=46601 name=FarEasTone mcc=466 apn=internet type=default,supl
09-05 00:23:47.358  3851  3851 E TelephonyProvider: dbh.selectConflictingRow: Expected 1 but found 0 matching rows found for cv mnc=01 mmsport=9201 sub_id=-1 bearer_bitmask=0 mmsc=http://mms numeric=46601 mmsproxy=210.241.199.199 name=FarEasTone MMS mcc=466 apn=fetnet01 type=mms
09-05 00:23:47.361  3851  3851 E TelephonyProvider: dbh.selectConflictingRow: Expected 1 but found 0 matching rows found for cv mnc=89 sub_id=-1 bearer_bitmask=0 numeric=46689 name=Vibo mcc=466 apn=internet type=default,supl
09-05 00:23:47.363  3851  3851 E TelephonyProvider: dbh.selectConflictingRow: Expected 1 but found 0 matching rows found for cv mnc=89 mmsport=8080 sub_id=-1 bearer_bitmask=0 mmsc=http://mms numeric=46689 mmsproxy=172.24.128.36 name=Vibo mcc=466 apn=vibo type=mms
09-05 00:23:47.365  3851  3851 E TelephonyProvider: dbh.selectConflictingRow: Expected 1 but found 0 matching rows found for cv mnc=92 mmsport=8080 sub_id=-1 bearer_bitmask=0 mmsc=http://mms.emome.net:8002 numeric=46692 mmsproxy=10.1.1.1 name=CHT MMS mcc=466 apn=emome type=mms
09-05 00:23:47.365  3851  3851 E TelephonyProvider: dbh.selectConflictingRow: Expected 1 but found 0 matching rows found for cv mnc=92 sub_id=-1 bearer_bitmask=0 numeric=46692 name=CHT mcc=466 apn=internet type=default,supl
09-05 00:23:47.368  3851  3851 E TelephonyProvider: dbh.selectConflictingRow: Expected 1 but found 0 matching rows found for cv mnc=97 sub_id=-1 bearer_bitmask=0 numeric=46697 name=Taiwan Mobile Internet mcc=466 apn=internet type=default,supl
09-05 00:23:47.369  3851  3851 E TelephonyProvider: dbh.selectConflictingRow: Expected 1 but found 0 matching rows found for cv mnc=97 sub_id=-1 bearer_bitmask=0 numeric=46697 name=Taiwan Mobile mcc=466 apn=twm type=default,supl
09-05 00:23:47.373  3851  3851 E TelephonyProvider: dbh.selectConflictingRow: Expected 1 but found 0 matching rows found for cv mnc=01 sub_id=-1 bearer_bitmask=0 numeric=47001 name=Grameenphone mcc=470 apn=gpinternet type=default,supl
09-05 00:23:47.374  3851  3851 E TelephonyProvider: dbh.selectConflictingRow: Expected 1 but found 0 matching rows found for cv mnc=01 mmsport=8080 sub_id=-1 bearer_bitmask=0 mmsc=http://mms.gpsurf.net/servlets/mms numeric=47001 mmsproxy=10.128.1.2 name=Grameenphone MMS mcc=470 apn=gpmms type=mms
09-05 00:23:47.379  3851  3851 E TelephonyProvider: dbh.selectConflictingRow: Expected 1 but found 0 matching rows found for cv mnc=07 sub_id=-1 bearer_bitmask=0 numeric=47007 name=Warid BD mcc=470 apn=internet type=default,supl
09-05 00:23:47.382  3851  3851 E TelephonyProvider: dbh.selectConflictingRow: Expected 1 but found 0 matching rows found for cv password=wap mnc=12 sub_id=-1 bearer_bitmask=0 numeric=50212 name=Maxis 3G Internet mcc=502 apn=unet type=default,supl user=maxis
09-05 00:23:47.383  3851  3851 E TelephonyProvider: dbh.selectConflictingRow: Expected 1 but found 0 matching rows found for cv password=wap sub_id=-1 bearer_bitmask=0 numeric=50212 mmsc=http://172.16.74.100:10021/mmsc user=maxis mnc=12 mmsport=80 mmsproxy=202.75.133.49 name=Maxis 3G MMS server=202.75.133.49 mcc=502 apn=unet type=mms
09-05 00:23:47.385  3851  3851 E TelephonyProvider: dbh.selectConflictingRow: Expected 1 but found 0 matching rows found for cv password=mms mnc=16 mmsport=80 sub_id=-1 bearer_bitmask=0 mmsc=http://mms.digi.com.my/servlets/mms mmsproxy=203.92.128.160 numeric=50216 name=Digi MMS mcc=502 apn=digimms type=mms user=mms
09-05 00:23:47.387  3851  3851 E TelephonyProvider: dbh.selectConflictingRow: Expected 1 but found 0 matching rows found for cv mnc=18 sub_id=-1 bearer_bitmask=0 numeric=50218 name=U Mobile Internet mcc=502 apn=my3g type=default,supl
09-05 00:23:47.388  3851  3851 E TelephonyProvider: dbh.selectConflictingRow: Expected 1 but found 0 matching rows found for cv mnc=18 mmsport=8080 sub_id=-1 bearer_bitmask=0 mmsc=http://10.30.3.11/servlets/mms numeric=50218 mmsproxy=10.30.5.11 name=U Mobile MMS mcc=502 apn=my3g type=mms
09-05 00:23:47.389  3851  3851 E TelephonyProvider: dbh.selectConflictingRow: Expected 1 but found 0 matching rows found for cv mnc=19 sub_id=-1 bearer_bitmask=0 numeric=50219 name=Celcom 3G Internet mcc=502 apn=celcom3g type=default,supl
09-05 00:23:47.397  3851  3851 E TelephonyProvider: dbh.selectConflictingRow: Expected 1 but found 0 matching rows found for cv password=* mnc=02 sub_id=-1 bearer_bitmask=0 numeric=50502 server=* name=Optus Internet mcc=505 apn=yesinternet type=default,supl user=*
09-05 00:23:47.399  3851  3851 E TelephonyProvider: dbh.selectConflictingRow: Expected 1 but found 0 matching rows found for cv password= sub_id=-1 bearer_bitmask=0 numeric=50502 mmsc= authtype=3 user= mnc=02 proxy= name=Boost Mobile port= mcc=505 apn=yesinternet type=default,supl
09-05 00:23:47.403  3851  3851 E TelephonyProvider: dbh.selectConflictingRow: Expected 1 but found 0 matching rows found for cv password= mnc=72 sub_id=-1 bearer_bitmask=0 mmsc= proxy= numeric=50572 name=Telstra Internet port= mcc=505 apn=Telstra.wap type=default,supl user=
09-05 00:23:47.406  3851  3851 E TelephonyProvider: dbh.selectConflictingRow: Expected 1 but found 0 matching rows found for cv password=indosat mnc=01 sub_id=-1 bearer_bitmask=0 numeric=51001 name=Indosat GPRS mcc=510 apn=indosatgprs type=default,supl user=indosat
09-05 00:23:47.407  3851  3851 E TelephonyProvider: dbh.selectConflictingRow: Expected 1 but found 0 matching rows found for cv password=indosat mnc=01 mmsport=8080 sub_id=-1 bearer_bitmask=0 mmsc=http://mmsc.indosat.com mmsproxy=10.19.19.19 numeric=51001 name=Indosat MMS mcc=510 apn=indosatmms type=mms user=indosat
09-05 00:23:47.411  3851  3851 E TelephonyProvider: dbh.selectConflictingRow: Expected 1 but found 0 matching rows found for cv password=123456 mnc=08 sub_id=-1 bearer_bitmask=0 mmsc= proxy= numeric=51008 name=AXIS port= mcc=510 apn=AXIS type=default,supl user=axis
09-05 00:23:47.412  3851  3851 E TelephonyProvider: dbh.selectConflictingRow: Expected 1 but found 0 matching rows found for cv password=123456 sub_id=-1 bearer_bitmask=0 numeric=51008 mmsc=http://mmsc.AXIS user=axis mnc=08 mmsport=8080 proxy= mmsproxy=10.8.3.8 name=AXIS MMS port= mcc=510 apn=AXISmms type=mms
09-05 00:23:47.414  3851  3851 E TelephonyProvider: dbh.selectConflictingRow: Expected 1 but found 0 matching rows found for cv mnc=10 sub_id=-1 bearer_bitmask=0 numeric=51010 name=Telkomsel mcc=510 apn=internet type=default,supl
09-05 00:23:47.417  3851  3851 E TelephonyProvider: dbh.selectConflictingRow: Expected 1 but found 0 matching rows found for cv password=proxl mnc=11 mmsport=8080 sub_id=-1 bearer_bitmask=0 mmsc=http://mmc.xl.net.id/servlets/mms mmsproxy=202.152.240.50 numeric=51011 name=XL-MMS mcc=510 apn=www.xlmms.net type=mms user=xlgprs
09-05 00:23:47.419  3851  3851 E TelephonyProvider: dbh.selectConflictingRow: Expected 1 but found 0 matching rows found for cv password=3gprs mnc=89 sub_id=-1 bearer_bitmask=0 numeric=51089 name=3 ID mcc=510 apn=3gprs type=default,supl user=3gprs
09-05 00:23:47.420  3851  3851 E TelephonyProvider: dbh.selectConflictingRow: Expected 1 but found 0 matching rows found for cv password=3data mnc=89 sub_id=-1 bearer_bitmask=0 numeric=51089 name=3 ID INTERNET mcc=510 apn=3data type=default,supl user=3data
09-05 00:23:47.424  3851  3851 E TelephonyProvider: dbh.selectConflictingRow: Expected 1 but found 0 matching rows found for cv mnc=03 sub_id=-1 bearer_bitmask=0 numeric=51503 name=SMART(3G) Internet prepaid mcc=515 apn=internet type=default,supl
09-05 00:23:47.425  3851  3851 E TelephonyProvider: dbh.selectConflictingRow: Expected 1 but found 0 matching rows found for cv password=smartwap sub_id=-1 bearer_bitmask=0 numeric=51503 mmsc=http://10.102.61.238:8002 authtype=1 user=smartwap mnc=03 mmsport=8080 mmsproxy=10.102.61.46 name=SMART(3G) MMS prepaid mcc=515 apn=mms type=mms
09-05 00:23:47.426  3851  3851 E TelephonyProvider: dbh.selectConflictingRow: Expected 1 but found 0 matching rows found for cv mnc=03 sub_id=-1 bearer_bitmask=0 numeric=51503 proxy=10.102.61.46 name=SMART(3G) HTTP postpaid port=9201 mcc=515 authtype=1 apn=smart1 type=default
09-05 00:23:47.427  3851  3851 E TelephonyProvider: dbh.selectConflictingRow: Expected 1 but found 0 matching rows found for cv mnc=05 sub_id=-1 bearer_bitmask=0 numeric=51505 name=Sun Streaming mcc=515 apn=minternet type=default,supl
09-05 00:23:47.435  3851  3851 E TelephonyProvider: dbh.selectConflictingRow: Expected 1 but found 0 matching rows found for cv password=user123 sub_id=-1 bearer_bitmask=0 numeric=52503 mmsc=http://mmsgw:8002 authtype=1 user=65 mnc=03 mmsport=8080 mmsproxy=172.16.14.10 name=M1 MMS mcc=525 apn=miworld type=mms
09-05 00:23:47.436  3851  3851 E TelephonyProvider: dbh.selectConflictingRow: Expected 1 but found 0 matching rows found for cv mnc=03 sub_id=-1 bearer_bitmask=0 numeric=52503 name=M1 mcc=525 apn=sunsurf type=default,supl
09-05 00:23:47.437  3851  3851 E TelephonyProvider: dbh.selectConflictingRow: Expected 1 but found 0 matching rows found for cv mnc=03 sub_id=-1 bearer_bitmask=0 numeric=52503 name=Sunsurf Internet mcc=525 apn=sunsurf type=default,supl
09-05 00:23:47.440  3851  3851 E TelephonyProvider: dbh.selectConflictingRow: Expected 1 but found 0 matching rows found for cv mnc=01 sub_id=-1 bearer_bitmask=0 numeric=53001 name=Vodafone NZ mcc=530 apn=www.vodafone.net.nz type=default,supl
