09-15 21:15:18.040  5375  6053 D BrcmNfcJni: PeerToPeer::enableP2pListening: enter isEnable: 1  mIsP2pListening: 0
09-15 21:15:18.040  5375  6053 I BrcmNfcNfa: NFA_P2pSetListenTech (): tech_mask:0xC4
09-15 21:15:18.040  5375  5458 I BrcmNfcNfa: NFA got event 0x010D
09-15 21:15:18.041  5375  5458 I BrcmNfcNfa: nfa_dm_evt_hdlr event: NFA_DM_API_SET_P2P_LISTEN_TECH_EVT (0x0d)
09-15 21:15:18.041  5375  5458 I BrcmNfcNfa: nfa_dm_set_p2p_listen_tech ()  tech_mask = 196
09-15 21:15:18.041  5375  5458 I BrcmNfcNfa: nfa_p2p_update_listen_tech ()  tech_mask = 0xc4
09-15 21:15:18.041  5375  5458 I BrcmNfcNfa: nfa_p2p_enable_listening () sys_id = 3, update_wks = 0
09-15 21:15:18.041  5375  5458 I BrcmNfcNfa: nfa_dm_add_rf_discover () disc_mask=0xc400000
09-15 21:15:18.041  5375  5458 D BrcmNfcJni: nfaConnectionCallback: event= 33
09-15 21:15:18.041  5375  5458 D BrcmNfcJni: nfaConnectionCallback: NFA_SET_P2P_LISTEN_TECH_EVT
09-15 21:15:18.041  5375  6053 D BrcmNfcJni: PeerToPeer::enableP2pListening: exit; mIsP2pListening: 1
09-15 21:15:18.041  5375  6053 I BrcmNfcNfa: NFA_ResumeP2p ()
09-15 21:15:18.041  5375  6053 I BrcmNfcNfa: NFA_EeSetDefaultTechRouting(): handle:<0x3>technology_mask:<0x1>/<0x0>/<0x0>
09-15 21:15:18.041  5375  5458 I BrcmNfcNfa: NFA got event 0x010B
09-15 21:15:18.041  5375  6053 I BrcmNfcNfa: nfa_ee_find_ecb ()
09-15 21:15:18.041  5375  5458 I BrcmNfcNfa: Bad ee_handle
09-15 21:15:18.041  5375  6053 E BrcmNfcNfa: Bad ee_handle
09-15 21:15:18.041  5375  5458 I BrcmNfcNfa: nfa_dm_act_resume_p2p ()
09-15 21:15:18.041  5375  6053 E BrcmNfcJni: Fail to set default tech routing for Nfc-A
09-15 21:15:18.041  5375  5458 D BrcmNfcJni: nfaConnectionCallback: event= 39
09-15 21:15:18.041  5375  6053 I BrcmNfcNfa: NFA_EeSetDefaultProtoRouting(): handle:<0x3>protocol_mask:<0x8>/<0x0>/<0x0>
09-15 21:15:18.041  5375  5458 E BrcmNfcJni: nfaConnectionCallback: unknown event ????
09-15 21:15:18.041  5375  6053 I BrcmNfcNfa: nfa_ee_find_ecb ()
09-15 21:15:18.041  5375  6053 E BrcmNfcNfa: Bad ee_handle
09-15 21:15:18.041  5375  6053 E BrcmNfcJni: Fail to set default proto routing for IsoDep
09-15 21:15:18.041  5375  6053 I BrcmNfcNfa: NFA_EeSetDefaultTechRouting(): handle:<0x0>technology_mask:<0x4>/<0x0>/<0x0>
09-15 21:15:18.041  5375  6053 I BrcmNfcNfa: nfa_ee_find_ecb ()
09-15 21:15:18.041  5375  5458 I BrcmNfcNfa: NFA got event 0x0204
09-15 21:15:18.041  5375  5458 I BrcmNfcNfa: nfa_ee_evt_hdlr (): Event API_SET_TECH_CFG(0x204), State: INIT_DONE(1)
09-15 21:15:18.041  5375  5458 D BrcmNfcJni: RoutingManager::nfaEeCallback: NFA_EE_SET_TECH_CFG_EVT; status=0x0
09-15 21:15:18.041  5375  6053 I BrcmNfcNfa: NFA_EeSetDefaultProtoRouting(): handle:<0x0>protocol_mask:<0x4>/<0x0>/<0x0>
09-15 21:15:18.041  5375  6053 I BrcmNfcNfa: nfa_ee_find_ecb ()
09-15 21:15:18.041  5375  5458 I BrcmNfcNfa: NFA got event 0x0205
09-15 21:15:18.041  5375  5458 I BrcmNfcNfa: nfa_ee_evt_hdlr (): Event API_SET_PROTO_CFG(0x205), State: INIT_DONE(1)
09-15 21:15:18.041  5375  5458 D BrcmNfcJni: RoutingManager::nfaEeCallback: NFA_EE_SET_PROTO_CFG_EVT; status=0x0
09-15 21:15:18.041  5375  6053 D BrcmNfcJni: RoutingManager::commitRouting
09-15 21:15:18.041  5375  6053 I BrcmNfcNfa: NFA_EeUpdateNow()
09-15 21:15:18.041  5375  5458 I BrcmNfcNfa: NFA got event 0x0209
09-15 21:15:18.041  5375  5458 I BrcmNfcNfa: nfa_ee_evt_hdlr (): Event API_UPDATE_NOW(0x209), State: INIT_DONE(1)
09-15 21:15:18.041  5375  5458 I BrcmNfcNfa: nfa_sys_ptim_stop_timer 931adb80
09-15 21:15:18.041  5375  5458 I BrcmNfcNfa: ptim timer stop
09-15 21:15:18.041  5375  5458 I BrcmNfcNfa: nfa_ee_rout_timeout()
09-15 21:15:18.041  5375  5458 I BrcmNfcNfa: nfa_ee_need_recfg() ee_cfged: 0x90 ee_cfg_sts: 0x10
09-15 21:15:18.041  5375  5458 I BrcmNfcNfa: 0: ecb_flags  : 0x00, mask: 0x10
09-15 21:15:18.041  5375  5458 I BrcmNfcNfa: 1: ecb_flags  : 0x00, mask: 0x01
09-15 21:15:18.041  5375  5458 I BrcmNfcNfa: 2: ecb_flags  : 0x00, mask: 0x02
09-15 21:15:18.041  5375  5458 I BrcmNfcNfa: nfa_ee_report_update_evt ee_wait_evt:0x10 wait_rsp:0
09-15 21:15:18.041  5375  5458 D BrcmNfcJni: RoutingManager::nfaEeCallback: NFA_EE_UPDATED_EVT
09-15 21:15:18.041  5375  6053 D BrcmNfcJni: startRfDiscovery: is start=1
09-15 21:15:18.041  5375  6053 I BrcmNfcNfa: NFA_StartRfDiscovery ()
09-15 21:15:18.041  5375  5458 I BrcmNfcNfa: NFA got event 0x010E
09-15 21:15:18.041  5375  5458 I BrcmNfcNfa: nfa_dm_evt_hdlr event: NFA_DM_API_START_RF_DISCOVERY_EVT (0x0e)
09-15 21:15:18.041  5375  5458 I BrcmNfcNfa: nfa_dm_act_start_rf_discovery ()
09-15 21:15:18.041  5375  5458 I BrcmNfcNfa: nfa_dm_start_rf_discover ()
09-15 21:15:18.041  5375  5458 I BrcmNfcNfa: nfa_ee_get_tech_route(): 1
09-15 21:15:18.041  5375  5458 I BrcmNfcNfa: 0x0, 0x0, 0x0, 0x0
09-15 21:15:18.041  5375  5458 I BrcmNfcNfa: nfa_dm_cb.disc_cb.entry[0].selected_disc_mask = 0x40000
09-15 21:15:18.041  5375  5458 I BrcmNfcNfa: nfa_dm_cb.disc_cb.entry[1].selected_disc_mask = 0x3d7f
09-15 21:15:18.041  5375  5458 I BrcmNfcNfa: nfa_dm_cb.disc_cb.entry[2].selected_disc_mask = 0xc400000
09-15 21:15:18.041  5375  5458 I BrcmNfcNfa: nfa_p2p_set_config ()
09-15 21:15:18.041  5375  5458 I BrcmNfcNfa: LLCP_GetDiscoveryConfig ()
09-15 21:15:18.041  5375  5458 I BrcmNfcNfa: nfa_dm_check_set_config ()
09-15 21:15:18.041  5375  5458 I BrcmNfcNfa: nfa_dm_check_set_config ()
09-15 21:15:18.041  5375  5458 I BrcmNfcNfa: nfa_dm_check_set_config ()
09-15 21:15:18.041  5375  5458 I BrcmNfcNfa: dm_disc_mask = 0xc443d7f
09-15 21:15:18.041  5375  5458 I BrcmNfcNfa: nfa_dm_set_rf_listen_mode_config () tech_proto_mask = 0x0C443D7F
09-15 21:15:18.041  5375  5458 I BrcmNfcNfa: nfa_dm_check_set_config ()
09-15 21:15:18.041  5375  5458 I BrcmNfcNfa: nfa_dm_set_total_duration ()
09-15 21:15:18.041  5375  5458 I BrcmNfcNfa: nfa_dm_check_set_config ()
09-15 21:15:18.042  5375  5458 I BrcmNfcNfa: NFC_DiscoveryStart
09-15 21:15:18.042  5375  5458 D NfcAdaptation: NfcAdaptation::HalPrediscover
09-15 21:15:18.042  5375  5458 I SecHAL  : nfc_hal_pre_discover: enter;
09-15 21:15:18.042  5375  5458 I SecHAL  : nfc_hal_pre_discover: exit;
09-15 21:15:18.042  5375  5468 D SecHAL  : nfc_hal_task: Got a event: Uknown event.(2)
09-15 21:15:18.042  5375  5458 D NfcAdaptation: NfcAdaptation::HalWrite
09-15 21:15:18.042  5375  5458 I SecHAL  : nfc_hal_write: enter;
09-15 21:15:18.042  5375  5468 D SecHAL  : nfc_hal_task: current state: SERVICE
09-15 21:15:18.042  5375  5458 I SecHAL  : nfc_hal_write: exit;
09-15 21:15:18.042  5375  5468 D SecHAL  : nfc_hal_task: Got a event: HAL_EVT_WRITE(3)
09-15 21:15:18.042  5375  5468 D SecHAL  : nfc_hal_task: current state: SERVICE
09-15 21:15:18.042  5375  5458 I BrcmNfcNfa: NFC_DiscoveryStart status: 0xe3
09-15 21:15:18.042  5375  5468 I SecHAL  : device_wakeup: Wakeup! in 80 ms
09-15 21:15:18.122  5375  5468 I SecHAL  : device_wakeup: exit
09-15 21:15:18.122  5375  5468 I SecHAL  : OSI_timer_start: enter,osi_lock
09-15 21:15:18.122  5375  5468 I SecHAL  : OSI_timer_start: before pthread_create for timer thread
09-15 21:15:18.122  5375  5468 I SecHAL  : OSI_timer_start: after pthread_create for timer thread
09-15 21:15:18.122  5375  5468 I SecHAL  : OSI_timer_start: before osi_unlock
09-15 21:15:18.122  5375  5468 I SecHAL  : OSI_timer_start: exit
09-15 21:15:18.122  5375  5468 I SecHAL  : device_write: enter
09-15 21:15:18.122  5375  5468 I SecHAL  : device_write: before system call
09-15 21:15:18.123  5375  5468 I SecHAL  : device_write: after system call
09-15 21:15:18.123  5375  5468 D SecHAL  : data_trace:  Send( 26) 21 03 17   0b 00 01 01 01 02 01 03 01 05 01 80 01 82 01 83 01 85 01 06 01 77 01 
09-15 21:15:18.123  5375  5468 I SecHAL  : device_write: exit
09-15 21:15:18.131  5375  5467 D SecHAL  : read_thread: Sent message to HAL message task, remind que: 2
09-15 21:15:18.131  5375  5468 D SecHAL  : nfc_hal_task: Got a event: HAL_EVT_READ(4)
09-15 21:15:18.131  5375  5468 D SecHAL  : nfc_hal_task: current state: SERVICE
09-15 21:15:18.131  5375  5468 D SecHAL  : data_trace:  Recv(  4) 41 03 01   00 
09-15 21:15:18.132  5375  5468 I SecHAL  : OSI_timer_start: enter,osi_lock
09-15 21:15:18.132  5375  5468 I SecHAL  : OSI_timer_start: before osi_unlock
09-15 21:15:18.132  5375  5468 I SecHAL  : OSI_timer_start: exit
09-15 21:15:18.132  5375  5468 I SecHAL  : nfc_data_callback: !
09-15 21:15:18.132  5375  5468 D NfcAdaptation: NfcAdaptation::HalDeviceContextDataCallback: len=4
09-15 21:15:18.132  5375  5458 I BrcmNfcNfa: NFC received rsp gid:1
09-15 21:15:18.132  5375  5458 I BrcmNfcNfa: p2p priority is running under bail out mode ONLY.
09-15 21:15:18.132  5375  5458 I BrcmNfcNfa: nfa_dm_disc_discovery_cback (): event:0x4000
09-15 21:15:18.132  5375  5458 I BrcmNfcNfa: nfa_dm_disc_sm_execute (): state: IDLE (0), event: DISCOVER_RSP(1) disc_flags: 0x31
09-15 21:15:18.132  5375  5458 I BrcmNfcNfa: nfa_dm_disc_new_state (): old_state: IDLE (0), new_state: DISCOVERY (1) disc_flags: 0x11
09-15 21:15:18.132  5375  5458 I BrcmNfcNfa: nfa_dm_poll_disc_cback (): event:0x00
09-15 21:15:18.132  5375  5458 I BrcmNfcNfa: nfa_p2p_discovery_cback (): event:0x00
09-15 21:15:18.132  5375  5458 D BrcmNfcJni: nfaConnectionCallback: event= 30
09-15 21:15:18.132  5375  5458 D BrcmNfcJni: nfaConnectionCallback: NFA_RF_DISCOVERY_STARTED_EVT: status = 0
09-15 21:15:18.132  5375  5458 I BrcmNfcNfa: nfa_dm_disc_sm_execute (): new state: DISCOVERY (1), disc_flags: 0x1
09-15 21:15:18.132  5375  6053 D BrcmNfcJni: PowerSwitch::setModeOn(activated=0x1) : mCurrActivity=0x1
09-15 21:15:18.132  5375  6053 D BrcmNfcJni: nfcManager_enableDiscovery: exit
09-15 21:15:18.803  4780  4867 I vol.Events: writeEvent active_stream_changed STREAM_RING
09-15 21:15:18.805  4780  4867 I vol.Events: writeEvent key STREAM_RING 5
09-15 21:15:18.814  4780  4780 I vol.Events: writeEvent show_dialog volume_changed keyguard=false
09-15 21:15:18.877  4780  4895 D mali_winsys: EGLint new_window_surface(egl_winsys_display*, void*, EGLSurface, EGLConfig, egl_winsys_surface**, egl_color_buffer_format*, EGLBoolean) returns 0x3000,  [1664x467]-format:1
09-15 21:15:18.950  3582  3690 W ResourceType: Invalid package identifier when getting bag for resource number 0xffffffff
09-15 21:15:19.240  5375  6060 I SecHAL  : device_sleep: NFC can be going to sleep
09-15 21:15:19.910  4780  4867 I vol.Events: writeEvent level_changed STREAM_SYSTEM 6
09-15 21:15:19.914  4780  4867 I vol.Events: writeEvent level_changed STREAM_RING 6
09-15 21:15:19.915  4780  4867 I vol.Events: writeEvent key STREAM_RING 6
09-15 21:15:20.145  4780  4867 I vol.Events: writeEvent level_changed STREAM_SYSTEM 7
09-15 21:15:20.147  4780  4867 I vol.Events: writeEvent level_changed STREAM_RING 7
09-15 21:15:20.148  4780  4867 I vol.Events: writeEvent key STREAM_RING 7
09-15 21:15:20.550  4780  4867 D AudioTrack: Client defaulted notificationFrames to 192 for frameCount 960
09-15 21:15:20.551  3183  3234 W AudioFlinger: createEffect() error -2 from EffectGetDescriptor
09-15 21:15:20.551  3183  3234 E AudioEffect: set(): AudioFlinger could not create effect, status: -2
09-15 21:15:20.551  3183  3234 E AudioPolicyEffects: addOutputSessionEffects(): failed to create Fx  sa3d on session 25
09-15 21:15:20.752  3183  3359 D audio_hw_primary_abox: fast_out-set_audio_route: [PLAYBACK] current-device(none) new-device(speaker) in cur-mode(normal) & new-mode(normal)!
09-15 21:15:20.753  3183  3359 I audio_hw_primary_abox: is_voice_wakeup : ret =  0  , wakeup_baby_cry_enabled = 0  ,  wakeup_mic_enabled = 0 
09-15 21:15:20.753  3183  3359 I audio_route: > audio_route_apply_path : "media-speaker"
09-15 21:15:20.756  3183  3359 I audio_route: > audio_route_update_path + : "media-speaker" reverse(0)
09-15 21:15:20.756  3183  3359 I audio_route: > audio_route_update_path - : changed(0)
09-15 21:15:20.757  3183  3359 D audio_hw_primary_abox: fast_out-do_set_route: Enabled Audio Route(media-speaker)
09-15 21:15:20.757  3183  3359 I audio_route: > audio_route_apply_path : "gain-media-speaker"
09-15 21:15:20.757  3183  3359 I audio_route: > audio_route_update_path + : "gain-media-speaker" reverse(0)
09-15 21:15:20.757  3183  3359 I audio_route: > audio_route_update_path - : changed(0)
09-15 21:15:20.757  3183  3359 D audio_hw_primary_abox: fast_out-do_set_route: Enabled Audio Gain(gain-media-speaker)
09-15 21:15:20.760  3183  3359 I audio_hw_primary_abox: [do_open_spkamp_stream] Opened PCM Device(/dev/snd/pcmC0D7p) configured Info: Channels(2)  Smapling Rate(48000), Format: Default(0)
09-15 21:15:20.763  3359  3359 I AudioOut_15: type=1400 audit(0.0:353): avc: denied { read } for name="rdc_cal" dev="sda3" ino=87 scontext=u:r:audioserver:s0 tcontext=u:object_r:sensor_efs_file:s0 tclass=file permissive=1
09-15 21:15:20.763  3359  3359 I AudioOut_15: type=1400 audit(0.0:353): avc: denied { open } for path="/efs/maxim/rdc_cal" dev="sda3" ino=87 scontext=u:r:audioserver:s0 tcontext=u:object_r:sensor_efs_file:s0 tclass=file permissive=1
09-15 21:15:20.763  3359  3359 W AudioOut_15: type=1300 audit(0.0:353): arch=40000028 syscall=54 per=8 success=yes exit=0 a0=d a1=4140 a2=382a403 a3=3 items=0 ppid=1 auid=4294967295 uid=1041 gid=1005 euid=1041 suid=1041 fsuid=1041 egid=1005 sgid=1005 fsgid=1005 tty=(none) ses=4294967295 exe="/system/bin/audioserver" subj=u:r:audioserver:s0 key=(null)
09-15 21:15:20.763  3088  3088 W auditd  : type=1327 audit(0.0:353): proctitle="/system/bin/audioserver"
09-15 21:15:20.763  3088  3088 W auditd  : type=1320 audit(0.0:353): 
09-15 21:15:20.766  3183  3359 I audio_hw_primary_abox: [do_open_spkamp_stream] Opened PCM Device(/dev/snd/pcmC0D11c) configured Info: Channels(2)  Smapling Rate(48000), Format: Default(0)
09-15 21:15:20.770  3183  3359 I audio_hw_primary_abox: [do_open_spkamp_stream] Opened PCM Device(/dev/snd/pcmC0D12c) configured Info: Channels(2)  Smapling Rate(48000), Format: Default(0)
09-15 21:15:20.777  3183  3359 I audio_hw_primary_abox: [do_open_spkamp_stream] Opened PCM Device(/dev/snd/pcmC0D6p) configured Info: Channels(2)  Smapling Rate(48000), Format: Default(0)
09-15 21:15:20.800  3183  3359 I audio_hw_primary_abox: fast_out-do_open_output_stream: Opened PCM Device is /dev/snd/pcmC0D2p samplingRate(48000) pcmformat(0)
09-15 21:15:20.800  3183  3359 I audio_hw_primary_abox: fast_out-out_write: Transit to Idle
09-15 21:15:20.806  3183  3359 I audio_hw_primary_abox: fast_out-out_write: Transit to Playing
09-15 21:15:20.969  4780  4867 I vol.Events: writeEvent level_changed STREAM_SYSTEM 6
09-15 21:15:20.973  4780  4867 I vol.Events: writeEvent level_changed STREAM_RING 6
09-15 21:15:20.974  4780  4867 I vol.Events: writeEvent key STREAM_RING 6
09-15 21:15:21.220  4780  4867 I vol.Events: writeEvent level_changed STREAM_SYSTEM 5
09-15 21:15:21.224  4780  4867 I vol.Events: writeEvent level_changed STREAM_RING 5
09-15 21:15:21.225  4780  4867 I vol.Events: writeEvent key STREAM_RING 5
09-15 21:15:21.527  3183  3234 W AudioFlinger: createEffect() error -2 from EffectGetDescriptor
09-15 21:15:21.527  3183  3234 E AudioEffect: set(): AudioFlinger could not create effect, status: -2
09-15 21:15:21.527  3183  3234 E AudioPolicyEffects: addOutputSessionEffects(): failed to create Fx  sa3d on session 25
09-15 21:15:21.834  4780  4867 I vol.Events: writeEvent level_changed STREAM_SYSTEM 6
09-15 21:15:21.839  4780  4867 I vol.Events: writeEvent level_changed STREAM_RING 6
09-15 21:15:21.840  4780  4867 I vol.Events: writeEvent key STREAM_RING 6
09-15 21:15:22.229  3183  3234 W AudioFlinger: createEffect() error -2 from EffectGetDescriptor
09-15 21:15:22.229  3183  3234 E AudioEffect: set(): AudioFlinger could not create effect, status: -2
09-15 21:15:22.229  3183  3234 E AudioPolicyEffects: addOutputSessionEffects(): failed to create Fx  sa3d on session 25
09-15 21:15:22.887  6084  6084 I DeferredSaveThr: type=1400 audit(0.0:354): avc: denied { write } for name="code_cache" dev="sda24" ino=3121258 scontext=u:r:platform_app:s0:c512,c768 tcontext=u:object_r:system_data_file:s0:c512,c768 tclass=dir permissive=1
09-15 21:15:22.887  6084  6084 I DeferredSaveThr: type=1400 audit(0.0:354): avc: denied { remove_name } for name="com.android.opengl.shaders_cache" dev="sda24" ino=3121302 scontext=u:r:platform_app:s0:c512,c768 tcontext=u:object_r:system_data_file:s0:c512,c768 tclass=dir permissive=1
09-15 21:15:22.887  6084  6084 I DeferredSaveThr: type=1400 audit(0.0:354): avc: denied { unlink } for name="com.android.opengl.shaders_cache" dev="sda24" ino=3121302 scontext=u:r:platform_app:s0:c512,c768 tcontext=u:object_r:system_data_file:s0:c512,c768 tclass=file permissive=1
09-15 21:15:22.887  6084  6084 W DeferredSaveThr: type=1300 audit(0.0:354): arch=c00000b7 syscall=35 success=yes exit=0 a0=ffffff9c a1=7f9a633e78 a2=0 a3=0 items=0 ppid=3180 auid=4294967295 uid=10033 gid=10033 euid=10033 suid=10033 fsuid=10033 egid=10033 sgid=10033 fsgid=10033 tty=(none) ses=4294967295 exe="/system/bin/app_process64" subj=u:r:platform_app:s0:c512,c768 key=(null)
09-15 21:15:22.887  3088  3088 W auditd  : type=1327 audit(0.0:354): proctitle="com.android.systemui"
09-15 21:15:22.887  3088  3088 W auditd  : type=1320 audit(0.0:354): 
09-15 21:15:22.887  6084  6084 I DeferredSaveThr: type=1400 audit(0.0:355): avc: denied { add_name } for name="com.android.opengl.shaders_cache" scontext=u:r:platform_app:s0:c512,c768 tcontext=u:object_r:system_data_file:s0:c512,c768 tclass=dir permissive=1
09-15 21:15:22.887  6084  6084 I DeferredSaveThr: type=1400 audit(0.0:355): avc: denied { create } for name="com.android.opengl.shaders_cache" scontext=u:r:platform_app:s0:c512,c768 tcontext=u:object_r:system_data_file:s0:c512,c768 tclass=file permissive=1
09-15 21:15:22.887  6084  6084 I DeferredSaveThr: type=1400 audit(0.0:355): avc: denied { write } for path="/data/user_de/0/com.android.systemui/code_cache/com.android.opengl.shaders_cache" dev="sda24" ino=3121302 scontext=u:r:platform_app:s0:c512,c768 tcontext=u:object_r:system_data_file:s0:c512,c768 tclass=file permissive=1
09-15 21:15:22.887  6084  6084 W DeferredSaveThr: type=1300 audit(0.0:355): arch=c00000b7 syscall=56 success=yes exit=93 a0=ffffff9c a1=7f9a633e78 a2=c2 a3=0 items=0 ppid=3180 auid=4294967295 uid=10033 gid=10033 euid=10033 suid=10033 fsuid=10033 egid=10033 sgid=10033 fsgid=10033 tty=(none) ses=4294967295 exe="/system/bin/app_process64" subj=u:r:platform_app:s0:c512,c768 key=(null)
09-15 21:15:22.887  3088  3088 W auditd  : type=1327 audit(0.0:355): proctitle="com.android.systemui"
09-15 21:15:22.887  3088  3088 W auditd  : type=1320 audit(0.0:355): 
09-15 21:15:22.887  6084  6084 I DeferredSaveThr: type=1400 audit(0.0:356): avc: denied { setattr } for name="com.android.opengl.shaders_cache" dev="sda24" ino=3121302 scontext=u:r:platform_app:s0:c512,c768 tcontext=u:object_r:system_data_file:s0:c512,c768 tclass=file permissive=1
09-15 21:15:22.887  6084  6084 W DeferredSaveThr: type=1300 audit(0.0:356): arch=c00000b7 syscall=52 success=yes exit=0 a0=5d a1=100 a2=26 a3=0 items=0 ppid=3180 auid=4294967295 uid=10033 gid=10033 euid=10033 suid=10033 fsuid=10033 egid=10033 sgid=10033 fsgid=10033 tty=(none) ses=4294967295 exe="/system/bin/app_process64" subj=u:r:platform_app:s0:c512,c768 key=(null)
09-15 21:15:22.887  3088  3088 W auditd  : type=1327 audit(0.0:356): proctitle="com.android.systemui"
09-15 21:15:22.887  3088  3088 W auditd  : type=1320 audit(0.0:356): 
09-15 21:15:23.017  4780  4867 I vol.Events: writeEvent level_changed STREAM_SYSTEM 5
09-15 21:15:23.020  4780  4867 I vol.Events: writeEvent level_changed STREAM_RING 5
09-15 21:15:23.021  4780  4867 I vol.Events: writeEvent key STREAM_RING 5
09-15 21:15:23.303  6091  6091 I chatty  : uid=1021(gps) /system/bin/lhd expire 18 lines
09-15 21:15:23.323  3183  3234 W AudioFlinger: createEffect() error -2 from EffectGetDescriptor
09-15 21:15:23.323  3183  3234 E AudioEffect: set(): AudioFlinger could not create effect, status: -2
09-15 21:15:23.323  3183  3234 E AudioPolicyEffects: addOutputSessionEffects(): failed to create Fx  sa3d on session 25
09-15 21:15:23.327  4780  4867 I vol.Events: writeEvent level_changed STREAM_SYSTEM 6
09-15 21:15:23.331  4780  4867 I vol.Events: writeEvent level_changed STREAM_RING 6
09-15 21:15:23.332  4780  4867 I vol.Events: writeEvent key STREAM_RING 6
09-15 21:15:23.741  3183  3234 W AudioFlinger: createEffect() error -2 from EffectGetDescriptor
09-15 21:15:23.741  3183  3234 E AudioEffect: set(): AudioFlinger could not create effect, status: -2
09-15 21:15:23.741  3183  3234 E AudioPolicyEffects: addOutputSessionEffects(): failed to create Fx  sa3d on session 25
09-15 21:15:25.220  3582  5720 D NetworkMonitor/NetworkAgentInfo [MOBILE (HSPA+) - 100]: Probably not a portal: exception java.net.SocketTimeoutException: connect timed out
09-15 21:15:25.244  3582  5738 D NetworkMonitor/NetworkAgentInfo [MOBILE (HSPA+) - 100]: Probably not a portal: exception java.net.SocketTimeoutException: connect timed out
09-15 21:15:25.255  3582  4681 D ConnectivityService: NetworkAgentInfo [MOBILE (HSPA+) - 100] validation failed
09-15 21:15:26.274  3582  6093 D NetworkMonitor/NetworkAgentInfo [MOBILE (HSPA+) - 100]: PROBE_DNS OK 9ms, www.google.com=64.233.186.103,64.233.186.99,64.233.186.106,64.233.186.147,64.233.186.104,64.233.186.105
09-15 21:15:26.338  4780  4780 I vol.Events: writeEvent dismiss_dialog timeout
09-15 21:15:26.342  4780  4867 I vol.Events: writeEvent active_stream_changed UNKNOWN_STREAM_-1
09-15 21:15:26.839  3183  3359 V audio_hw_primary_abox: fast_out-out_standby: enter
09-15 21:15:26.840  3183  3359 I audio_hw_primary_abox: fast_out-out_standby: Transit to Idle
09-15 21:15:26.850  3183  3359 I audio_hw_primary_abox: fast_out-do_close_output_stream: Closed PCM Device
09-15 21:15:26.851  3183  3359 D audio_hw_primary_abox: fast_out-set_audio_route: [PLAYBACK] current-device(speaker) new-device(speaker) in cur-mode(normal) & new-mode(normal)!
09-15 21:15:26.868  3183  3359 I audio_hw_primary_abox: USAGE_SPKAMP-do_close_spkamp_stream: Closed PCM Device is /dev/snd/pcmC0D7p
09-15 21:15:26.872  3183  3359 I audio_hw_primary_abox: USAGE_SPKAMP-do_close_spkamp_stream: Closed PCM Device is /dev/snd/pcmC0D11c
09-15 21:15:26.876  3183  3359 I audio_hw_primary_abox: USAGE_SPKAMP-do_close_spkamp_stream: Closed PCM Device is /dev/snd/pcmC0D12c
09-15 21:15:26.877  3183  3359 I audio_hw_primary_abox: USAGE_SPKAMP-do_close_spkamp_stream: Closed PCM Device is /dev/snd/pcmC0D6p
09-15 21:15:26.877  3183  3359 I audio_route: > audio_route_update_path + : "media-speaker" reverse(1)
09-15 21:15:26.880  3183  3359 I audio_route: > audio_route_update_path - : changed(3)
09-15 21:15:26.880  3183  3359 D audio_hw_primary_abox: fast_out-do_set_route: Disabled Audio Route(media-speaker)
09-15 21:15:26.880  3183  3359 I audio_route: > audio_route_update_path + : "gain-media-speaker" reverse(1)
09-15 21:15:26.880  3183  3359 I audio_route: > audio_route_update_path - : changed(0)
09-15 21:15:26.880  3183  3359 D audio_hw_primary_abox: fast_out-do_set_route: Disabled Audio Gain(gain-media-speaker)
09-15 21:15:26.880  3183  3359 I audio_hw_primary_abox: fast_out-out_standby: Transit to Standby
09-15 21:15:26.880  3183  3359 V audio_hw_primary_abox: fast_out-out_standby: exit
09-15 21:15:27.537  3582  5156 I GnssLocationProvider: WakeLock acquired by sendMessage(11, 0, null)
09-15 21:15:27.538  3582  5156 I GnssLocationProvider: WakeLock released by handleDownloadXtraData()
09-15 21:15:27.540  3582  3682 I GnssLocationProvider: WakeLock released by handleMessage(11, 0, null)
09-15 21:15:38.370  3179  3179 I chatty  : uid=1021(gps) /system/bin/gpsd expire 16 lines
09-15 21:15:38.433  6100  6100 I chatty  : uid=1021(gps) /system/bin/lhd expire 18 lines
09-15 21:15:51.434  3582  4924 D SntpClient: request time failed: java.net.SocketTimeoutException: Receive timed out
09-15 21:15:53.560  6108  6108 I chatty  : uid=1021(gps) /system/bin/lhd expire 18 lines
09-15 21:16:06.312  3582  6094 D NetworkMonitor/NetworkAgentInfo [MOBILE (HSPA+) - 100]: PROBE_DNS FAIL 40045ms, connectivitycheck.gstatic.com
09-15 21:16:06.336  3582  6094 D NetworkMonitor/NetworkAgentInfo [MOBILE (HSPA+) - 100]: Probably not a portal: exception java.net.UnknownHostException: Unable to resolve host "connectivitycheck.gstatic.com": No address associated with hostname
09-15 21:16:08.627  3179  3179 I chatty  : uid=1021(gps) /system/bin/gpsd expire 16 lines
09-15 21:16:08.689  6112  6112 I chatty  : uid=1021(gps) /system/bin/lhd expire 18 lines
09-15 21:16:23.812  6145  6145 I chatty  : uid=1021(gps) /system/bin/lhd expire 18 lines
09-15 21:16:26.389  3582  6093 D NetworkMonitor/NetworkAgentInfo [MOBILE (HSPA+) - 100]: Probably not a portal: exception java.net.SocketTimeoutException: connect timed out
09-15 21:16:26.499  5699  6104 E StatsUploadJobService: Could not upload stats checkin to community server
09-15 21:16:26.690  3582  3692 I PowerManagerService: Going to sleep due to screen timeout (uid 1000)...
09-15 21:16:26.694  3582  3692 I DreamManagerService: Entering dreamland.
09-15 21:16:26.700  3582  3692 I PowerManagerService: Dozing...
09-15 21:16:26.701  3582  3688 I DreamController: Starting dream: name=ComponentInfo{com.android.systemui/com.android.systemui.doze.DozeService}, isTest=false, canDoze=true, userId=0
09-15 21:16:26.776  3582  3683 I VrManagerService: VR mode is disallowed
09-15 21:16:26.819  3582  3692 V KeyguardServiceDelegate: onScreenTurnedOff()
09-15 21:16:26.821  3582  3690 I DisplayManagerService: Display device changed state: "Built-in Screen", OFF
09-15 21:16:26.821  3162  3162 D SurfaceFlinger: Set power mode=0, type=0 flinger=0x7f8c448000
09-15 21:16:26.828  3582  3690 W LocalDisplayAdapter: Unable to find color mode 0, ignoring request.
09-15 21:16:26.952  3582  4735 D SurfaceControl: Excessive delay in setPowerMode(): 131ms
09-15 21:16:27.006  3183  3183 D audio_hw_primary_abox: device-adev_set_parameters: enter with key(screen_state=off)
09-15 21:16:27.006  3183  3183 D audio_hw_primary_abox: device-adev_set_parameters: exit
09-15 21:16:27.071  5375  6148 W Settings: Setting device_provisioned has moved from android.provider.Settings.Secure to android.provider.Settings.Global.
09-15 21:16:27.071  5375  6148 D BrcmNfcJni: nfcManager_disableDiscovery: enter;
09-15 21:16:27.071  5375  6148 D BrcmNfcJni: pn544InteropAbortNow
09-15 21:16:27.071  5375  6148 D BrcmNfcJni: startRfDiscovery: is start=0
09-15 21:16:27.071  5375  6148 I BrcmNfcNfa: NFA_StopRfDiscovery ()
09-15 21:16:27.072  5375  5458 I BrcmNfcNfa: NFA got event 0x010F
09-15 21:16:27.072  5375  5458 I BrcmNfcNfa: nfa_dm_evt_hdlr event: NFA_DM_API_STOP_RF_DISCOVERY_EVT (0x0f)
09-15 21:16:27.072  5375  5458 I BrcmNfcNfa: nfa_dm_act_stop_rf_discovery ()
09-15 21:16:27.072  5375  5458 I BrcmNfcNfa: nfa_dm_rf_deactivate () deactivate_type:0x0
09-15 21:16:27.072  5375  5458 I BrcmNfcNfa: nfa_dm_disc_sm_execute (): state: DISCOVERY (1), event: DEACTIVATE_CMD(6) disc_flags: 0x2
09-15 21:16:27.072  5375  5458 I BrcmNfcNfa: NFC_Deactivate 4 (IDLE) deactivate_type:0
09-15 21:16:27.072  5375  5458 D NfcAdaptation: NfcAdaptation::HalWrite
09-15 21:16:27.072  5375  5458 I SecHAL  : nfc_hal_write: enter;
09-15 21:16:27.072  5375  5458 I SecHAL  : nfc_hal_write: exit;
09-15 21:16:27.072  5375  5458 I BrcmNfcNfa: nfa_dm_disc_sm_execute (): new state: DISCOVERY (1), disc_flags: 0x22
09-15 21:16:27.072  5375  5458 I BrcmNfcNfa: nfa_sys_ptim_stop_timer 931af010
09-15 21:16:27.072  5375  5458 I BrcmNfcNfa: ptim timer stop
09-15 21:16:27.072  5375  5458 I BrcmNfcNfa: Stopped presence check timer (if started)
09-15 21:16:27.072  5375  5468 D SecHAL  : nfc_hal_task: Got a event: HAL_EVT_WRITE(3)
09-15 21:16:27.072  5375  5468 D SecHAL  : nfc_hal_task: current state: SERVICE
09-15 21:16:27.072  5375  5468 I SecHAL  : device_wakeup: Wakeup! in 80 ms
09-15 21:16:27.152  5375  5468 I SecHAL  : device_wakeup: exit
09-15 21:16:27.152  5375  5468 I SecHAL  : OSI_timer_start: enter,osi_lock
09-15 21:16:27.152  5375  5468 I SecHAL  : OSI_timer_start: before pthread_create for timer thread
09-15 21:16:27.153  5375  5468 I SecHAL  : OSI_timer_start: after pthread_create for timer thread
09-15 21:16:27.153  5375  5468 I SecHAL  : OSI_timer_start: before osi_unlock
09-15 21:16:27.153  5375  5468 I SecHAL  : OSI_timer_start: exit
09-15 21:16:27.153  5375  5468 I SecHAL  : device_write: enter
09-15 21:16:27.153  5375  5468 I SecHAL  : device_write: before system call
09-15 21:16:27.153  5375  5468 I SecHAL  : device_write: after system call
09-15 21:16:27.153  5375  5468 D SecHAL  : data_trace:  Send(  4) 21 06 01   00 
09-15 21:16:27.153  5375  5468 I SecHAL  : device_write: exit
09-15 21:16:27.155  3582  3684 I WindowManager: OverscanTimeout run
09-15 21:16:27.157  5375  5467 D SecHAL  : read_thread: Sent message to HAL message task, remind que: 2
09-15 21:16:27.157  5375  5468 D SecHAL  : nfc_hal_task: Got a event: HAL_EVT_READ(4)
09-15 21:16:27.157  5375  5468 D SecHAL  : nfc_hal_task: current state: SERVICE
09-15 21:16:27.157  5375  5468 D SecHAL  : data_trace:  Recv(  4) 41 06 01   00 
09-15 21:16:27.157  5375  5468 I SecHAL  : OSI_timer_start: enter,osi_lock
09-15 21:16:27.157  5375  5468 I SecHAL  : OSI_timer_start: before osi_unlock
09-15 21:16:27.157  5375  5468 I SecHAL  : OSI_timer_start: exit
09-15 21:16:27.157  5375  5468 I SecHAL  : nfc_data_callback: !
09-15 21:16:27.157  5375  5468 D NfcAdaptation: NfcAdaptation::HalDeviceContextDataCallback: len=4
09-15 21:16:27.158  5375  5458 I BrcmNfcNfa: NFC received rsp gid:1
09-15 21:16:27.158  5375  5458 I BrcmNfcNfa: p2p priority is running under bail out mode ONLY.
09-15 21:16:27.158  5375  5458 I BrcmNfcNfa: nfc_set_state 4 (IDLE)->4 (IDLE)
09-15 21:16:27.158  5375  5458 I BrcmNfcNfa: nfa_dm_disc_data_cback ()
09-15 21:16:27.158  5375  5458 I BrcmNfcNfa: nfa_dm_disc_discovery_cback (): event:0x4005
09-15 21:16:27.158  5375  5458 I BrcmNfcNfa: nfa_dm_disc_sm_execute (): state: DISCOVERY (1), event: DEACTIVATE_RSP(7) disc_flags: 0x22
09-15 21:16:27.158  5375  5458 I BrcmNfcNfa: nfa_dm_disc_new_state (): old_state: DISCOVERY (1), new_state: IDLE (0) disc_flags: 0x2
09-15 21:16:27.158  5375  5458 D BrcmNfcJni: nfaConnectionCallback: event= 31
09-15 21:16:27.158  5375  5458 D BrcmNfcJni: nfaConnectionCallback: NFA_RF_DISCOVERY_STOPPED_EVT: status = 0
09-15 21:16:27.158  5375  5458 I BrcmNfcNfa: nfa_dm_start_rf_discover ()
09-15 21:16:27.158  5375  6148 D BrcmNfcJni: stopPolling_rfDiscoveryDisabled: disable polling
09-15 21:16:27.158  5375  6148 I BrcmNfcNfa: NFA_DisablePolling ()
09-15 21:16:27.158  5375  5458 I BrcmNfcNfa: NFA_DisablePolling ()
09-15 21:16:27.158  5375  5458 I BrcmNfcNfa: NFA got event 0x0107
09-15 21:16:27.158  5375  5458 I BrcmNfcNfa: nfa_dm_evt_hdlr event: NFA_DM_API_DISABLE_POLLING_EVT (0x07)
09-15 21:16:27.158  5375  5458 I BrcmNfcNfa: nfa_dm_act_disable_polling ()
09-15 21:16:27.158  5375  5458 I BrcmNfcNfa: nfa_dm_deactivate_polling ()
09-15 21:16:27.158  5375  5458 I BrcmNfcNfa: nfa_dm_delete_rf_discover () handle=0x1
09-15 21:16:27.158  5375  5458 D BrcmNfcJni: nfaConnectionCallback: event= 1
09-15 21:16:27.158  5375  5458 D BrcmNfcJni: nfaConnectionCallback: NFA_POLL_DISABLED_EVT: status = 0
09-15 21:16:27.158  5375  6148 D BrcmNfcJni: PeerToPeer::enableP2pListening: enter isEnable: 0  mIsP2pListening: 1
09-15 21:16:27.158  5375  6148 I BrcmNfcNfa: NFA_P2pSetListenTech (): tech_mask:0x0
09-15 21:16:27.159  5375  5458 I BrcmNfcNfa: NFA got event 0x010D
09-15 21:16:27.159  5375  5458 I BrcmNfcNfa: nfa_dm_evt_hdlr event: NFA_DM_API_SET_P2P_LISTEN_TECH_EVT (0x0d)
09-15 21:16:27.159  5375  5458 I BrcmNfcNfa: nfa_dm_set_p2p_listen_tech ()  tech_mask = 0
09-15 21:16:27.159  5375  5458 I BrcmNfcNfa: nfa_p2p_update_listen_tech ()  tech_mask = 0x0
09-15 21:16:27.159  5375  5458 I BrcmNfcNfa: nfa_dm_delete_rf_discover () handle=0x2
09-15 21:16:27.159  5375  5458 I BrcmNfcNfa: nfa_p2p_enable_listening () sys_id = 3, update_wks = 0
09-15 21:16:27.159  5375  5458 D BrcmNfcJni: nfaConnectionCallback: event= 33
09-15 21:16:27.159  5375  5458 D BrcmNfcJni: nfaConnectionCallback: NFA_SET_P2P_LISTEN_TECH_EVT
09-15 21:16:27.159  5375  6148 D BrcmNfcJni: PeerToPeer::enableP2pListening: exit; mIsP2pListening: 0
09-15 21:16:27.159  5375  6148 D BrcmNfcJni: PowerSwitch::setModeOff(deactivated=0x1) : mCurrActivity=0x0
09-15 21:16:27.159  5375  6148 D BrcmNfcJni: PowerSwitch::setLevel: level=PS-LOW-POWER (2)
09-15 21:16:27.159  5375  6148 D BrcmNfcJni: PowerSwitch::setLevel: actual power level=PS-FULL
09-15 21:16:27.159  5375  6148 D BrcmNfcJni: nfcManager_disableDiscovery: exit
09-15 21:16:28.361  5375  6150 I SecHAL  : device_sleep: NFC can be going to sleep
09-15 21:16:29.387  3582  5720 D NetworkMonitor/NetworkAgentInfo [MOBILE (HSPA+) - 100]: Probably not a portal: exception java.net.SocketTimeoutException: connect timed out
09-15 21:16:29.397  3582  4681 D ConnectivityService: NetworkAgentInfo [MOBILE (HSPA+) - 100] validation failed
09-15 21:16:31.415  3582  6151 D NetworkMonitor/NetworkAgentInfo [MOBILE (HSPA+) - 100]: PROBE_DNS OK 7ms, www.google.com=64.233.186.103,64.233.186.99,64.233.186.106,64.233.186.147,64.233.186.104,64.233.186.105
09-15 21:16:38.884  3179  3179 I chatty  : uid=1021(gps) /system/bin/gpsd expire 24 lines
09-15 21:16:38.952  6158  6158 I chatty  : uid=1021(gps) /system/bin/lhd expire 18 lines
09-15 21:16:54.076  6163  6163 I chatty  : uid=1021(gps) /system/bin/lhd expire 18 lines
09-15 21:17:09.208  6167  6167 I chatty  : uid=1021(gps) /system/bin/lhd expire 18 lines
09-15 21:17:11.459  3582  6152 D NetworkMonitor/NetworkAgentInfo [MOBILE (HSPA+) - 100]: PROBE_DNS FAIL 40049ms, connectivitycheck.gstatic.com
09-15 21:17:11.484  3582  6152 D NetworkMonitor/NetworkAgentInfo [MOBILE (HSPA+) - 100]: Probably not a portal: exception java.net.UnknownHostException: Unable to resolve host "connectivitycheck.gstatic.com": No address associated with hostname
09-15 21:17:24.276  3179  3179 I chatty  : uid=1021(gps) /system/bin/gpsd expire 12 lines
09-15 21:17:24.337  6172  6172 I chatty  : uid=1021(gps) /system/bin/lhd expire 18 lines
09-15 21:17:31.541  3582  6151 D NetworkMonitor/NetworkAgentInfo [MOBILE (HSPA+) - 100]: Probably not a portal: exception java.net.SocketTimeoutException: connect timed out
09-15 21:17:34.520  3582  5720 D NetworkMonitor/NetworkAgentInfo [MOBILE (HSPA+) - 100]: Probably not a portal: exception java.net.SocketTimeoutException: connect timed out
09-15 21:17:34.530  3582  4681 D ConnectivityService: NetworkAgentInfo [MOBILE (HSPA+) - 100] validation failed
09-15 21:17:38.550  3582  6178 D NetworkMonitor/NetworkAgentInfo [MOBILE (HSPA+) - 100]: PROBE_DNS OK 6ms, www.google.com=64.233.186.103,64.233.186.99,64.233.186.106,64.233.186.147,64.233.186.104,64.233.186.105
09-15 21:17:39.473  6183  6183 I chatty  : uid=1021(gps) /system/bin/lhd expire 3 lines
09-15 21:17:39.473  6183  6183 E lhd     : SetCfgValue: Critical Error. Unknown configuration parameter "LheClockMHz"="100"
09-15 21:17:39.473  6183  6183 V lhd     : SetCfgValue: LHD config "LhePatch"="/dev/bbd_patch"
09-15 21:17:39.473  6183  6183 V lhd     : SetCfgValue: LHD config "LheMaxMcuResetTries"="4"
09-15 21:17:39.473  6183  6183 V lhd     : SetCfgValue: LHD config "LheBbdPacket"="/dev/ttyBCM"
09-15 21:17:39.473  6183  6183 V lhd     : SetCfgValue: LHD config "LheBbdControl"="/dev/bbd_control"
09-15 21:17:39.473  6183  6183 V lhd     : SetCfgValue: LHD config "LheBbdSensor"="/dev/bbd_sensor"
09-15 21:17:39.473  6183  6183 V lhd     : SetCfgValue: LHD config "Lhe477xDebugFlags"="RPC:FACILITY=33:STDOUT_PUTS:STDOUT_LOG"
09-15 21:17:39.473  6183  6183 E lhd     : SetCfgValue: Critical Error. Unknown configuration parameter "LheSensorIpc"="true"
09-15 21:17:39.473  6183  6183 E lhd     : SetCfgValue: Critical Error. Unknown configuration parameter "LhePinMux"="P17=M1"
09-15 21:17:39.473  6183  6183 V lhd     : SetCfgValue: LHD config "LheAutoBaudDelayMS"="10"
09-15 21:17:39.473  6183  6183 V lhd     : SetCfgValue: LHD config "LheMaxMcuResetTries"="3"
09-15 21:17:39.474  6183  6183 E lhd     : OpenFirmwareFile: Fail to open /efs/sec_efs/sensorhub_urgent_fw.patch, errno 2
09-15 21:17:39.474  6183  6183 E lhd     : getCustPatchVersion: Fail to parse patch /efs/sec_efs/sensorhub_urgent_fw.patch
09-15 21:17:39.474  6183  6183 E lhd     : getCustPatchVersion: <CustomerVersion> not found
09-15 21:17:39.534  3179  3179 D gpsd    : WakeLock(Acquire,GPSD)
09-15 21:17:39.534  6183  6183 D lhd     : OnIpcConnect
09-15 21:17:39.534  3179  3179 D gpsd    : WakeLock(Release,GPSD)
09-15 21:17:39.534  3179  3179 D gpsd    : WakeLock(Acquire,GPSD)
09-15 21:17:39.534  3179  3179 D gpsd    : WakeLock(Release,GPSD)
09-15 21:17:54.267  3582  3686 E BatteryStatsService: no controller energy info supplied
09-15 21:17:54.536  3179  3179 D gpsd    : WakeLock(Acquire,GPSD)
09-15 21:17:54.537  3179  3179 D gpsd    : WakeLock(Release,GPSD)
09-15 21:17:54.537  3179  3179 D gpsd    : WakeLock(Acquire,GPSD)
09-15 21:17:54.537  3179  3179 D gpsd    : WakeLock(Release,GPSD)
09-15 21:17:54.592  6189  6189 V lhd     : GlLhdInterface::Init(/system/etc/lhd.conf)
09-15 21:17:54.592  6189  6189 E lhd     : SetCfgValue: Critical Error. Unknown configuration parameter "FlpName"="tcp"
09-15 21:17:54.592  6189  6189 V lhd     : SetCfgValue: LHD config "LheSerialControl"="BBD:Serial=TTY"
09-15 21:17:54.592  6189  6189 E lhd     : SetCfgValue: Critical Error. Unknown configuration parameter "LheClockMHz"="100"
09-15 21:17:54.592  6189  6189 V lhd     : SetCfgValue: LHD config "LhePatch"="/dev/bbd_patch"
09-15 21:17:54.592  6189  6189 V lhd     : SetCfgValue: LHD config "LheMaxMcuResetTries"="4"
09-15 21:17:54.592  6189  6189 V lhd     : SetCfgValue: LHD config "LheBbdPacket"="/dev/ttyBCM"
09-15 21:17:54.592  6189  6189 V lhd     : SetCfgValue: LHD config "LheBbdControl"="/dev/bbd_control"
09-15 21:17:54.592  6189  6189 V lhd     : SetCfgValue: LHD config "LheBbdSensor"="/dev/bbd_sensor"
09-15 21:17:54.592  6189  6189 V lhd     : SetCfgValue: LHD config "Lhe477xDebugFlags"="RPC:FACILITY=33:STDOUT_PUTS:STDOUT_LOG"
09-15 21:17:54.592  6189  6189 E lhd     : SetCfgValue: Critical Error. Unknown configuration parameter "LheSensorIpc"="true"
09-15 21:17:54.592  6189  6189 E lhd     : SetCfgValue: Critical Error. Unknown configuration parameter "LhePinMux"="P17=M1"
09-15 21:17:54.592  6189  6189 V lhd     : SetCfgValue: LHD config "LheAutoBaudDelayMS"="10"
09-15 21:17:54.592  6189  6189 V lhd     : SetCfgValue: LHD config "LheMaxMcuResetTries"="3"
09-15 21:17:54.592  6189  6189 E lhd     : OpenFirmwareFile: Fail to open /efs/sec_efs/sensorhub_urgent_fw.patch, errno 2
09-15 21:17:54.593  6189  6189 E lhd     : getCustPatchVersion: Fail to parse patch /efs/sec_efs/sensorhub_urgent_fw.patch
09-15 21:17:54.593  6189  6189 E lhd     : getCustPatchVersion: <CustomerVersion> not found
09-15 21:17:54.654  3179  3179 D gpsd    : WakeLock(Acquire,GPSD)
09-15 21:17:54.654  6189  6189 D lhd     : OnIpcConnect
09-15 21:17:54.655  3179  3179 D gpsd    : WakeLock(Release,GPSD)
09-15 21:17:54.655  3179  3179 D gpsd    : WakeLock(Acquire,GPSD)
09-15 21:17:54.655  3179  3179 D gpsd    : WakeLock(Release,GPSD)
09-15 21:18:06.568  3582  4924 D SntpClient: request time failed: java.net.UnknownHostException: Unable to resolve host "2.android.pool.ntp.org": No address associated with hostname
09-15 21:18:06.665  5699  6175 E StatsUploadJobService: Could not upload stats checkin to community server
09-15 21:18:09.658  3179  3179 D gpsd    : WakeLock(Acquire,GPSD)
09-15 21:18:09.659  3179  3179 D gpsd    : WakeLock(Release,GPSD)
09-15 21:18:09.659  3179  3179 D gpsd    : WakeLock(Acquire,GPSD)
09-15 21:18:09.659  3179  3179 D gpsd    : WakeLock(Release,GPSD)
09-15 21:18:09.724  6193  6193 V lhd     : GlLhdInterface::Init(/system/etc/lhd.conf)
09-15 21:18:09.725  6193  6193 E lhd     : SetCfgValue: Critical Error. Unknown configuration parameter "FlpName"="tcp"
09-15 21:18:09.725  6193  6193 V lhd     : SetCfgValue: LHD config "LheSerialControl"="BBD:Serial=TTY"
09-15 21:18:09.725  6193  6193 E lhd     : SetCfgValue: Critical Error. Unknown configuration parameter "LheClockMHz"="100"
09-15 21:18:09.725  6193  6193 V lhd     : SetCfgValue: LHD config "LhePatch"="/dev/bbd_patch"
09-15 21:18:09.725  6193  6193 V lhd     : SetCfgValue: LHD config "LheMaxMcuResetTries"="4"
09-15 21:18:09.725  6193  6193 V lhd     : SetCfgValue: LHD config "LheBbdPacket"="/dev/ttyBCM"
09-15 21:18:09.725  6193  6193 V lhd     : SetCfgValue: LHD config "LheBbdControl"="/dev/bbd_control"
09-15 21:18:09.725  6193  6193 V lhd     : SetCfgValue: LHD config "LheBbdSensor"="/dev/bbd_sensor"
09-15 21:18:09.725  6193  6193 V lhd     : SetCfgValue: LHD config "Lhe477xDebugFlags"="RPC:FACILITY=33:STDOUT_PUTS:STDOUT_LOG"
09-15 21:18:09.725  6193  6193 E lhd     : SetCfgValue: Critical Error. Unknown configuration parameter "LheSensorIpc"="true"
09-15 21:18:09.725  6193  6193 E lhd     : SetCfgValue: Critical Error. Unknown configuration parameter "LhePinMux"="P17=M1"
09-15 21:18:09.725  6193  6193 V lhd     : SetCfgValue: LHD config "LheAutoBaudDelayMS"="10"
09-15 21:18:09.725  6193  6193 V lhd     : SetCfgValue: LHD config "LheMaxMcuResetTries"="3"
09-15 21:18:09.725  6193  6193 E lhd     : OpenFirmwareFile: Fail to open /efs/sec_efs/sensorhub_urgent_fw.patch, errno 2
09-15 21:18:09.725  6193  6193 E lhd     : getCustPatchVersion: Fail to parse patch /efs/sec_efs/sensorhub_urgent_fw.patch
09-15 21:18:09.725  6193  6193 E lhd     : getCustPatchVersion: <CustomerVersion> not found
09-15 21:18:09.786  3179  3179 D gpsd    : WakeLock(Acquire,GPSD)
09-15 21:18:09.786  3179  3179 D gpsd    : WakeLock(Release,GPSD)
09-15 21:18:09.786  6193  6193 D lhd     : OnIpcConnect
09-15 21:18:09.786  3179  3179 D gpsd    : WakeLock(Acquire,GPSD)
09-15 21:18:09.786  3179  3179 D gpsd    : WakeLock(Release,GPSD)
09-15 21:18:18.593  3582  6179 D NetworkMonitor/NetworkAgentInfo [MOBILE (HSPA+) - 100]: PROBE_DNS FAIL 40049ms, connectivitycheck.gstatic.com
09-15 21:18:18.618  3582  6179 D NetworkMonitor/NetworkAgentInfo [MOBILE (HSPA+) - 100]: Probably not a portal: exception java.net.UnknownHostException: Unable to resolve host "connectivitycheck.gstatic.com": No address associated with hostname
09-15 21:18:24.793  3179  3179 D gpsd    : WakeLock(Acquire,GPSD)
09-15 21:18:24.793  3179  3179 D gpsd    : WakeLock(Release,GPSD)
09-15 21:18:24.793  3179  3179 D gpsd    : WakeLock(Acquire,GPSD)
09-15 21:18:24.794  3179  3179 D gpsd    : WakeLock(Release,GPSD)
09-15 21:18:24.860  6198  6198 V lhd     : GlLhdInterface::Init(/system/etc/lhd.conf)
09-15 21:18:24.860  6198  6198 E lhd     : SetCfgValue: Critical Error. Unknown configuration parameter "FlpName"="tcp"
09-15 21:18:24.860  6198  6198 V lhd     : SetCfgValue: LHD config "LheSerialControl"="BBD:Serial=TTY"
09-15 21:18:24.860  6198  6198 E lhd     : SetCfgValue: Critical Error. Unknown configuration parameter "LheClockMHz"="100"
09-15 21:18:24.860  6198  6198 V lhd     : SetCfgValue: LHD config "LhePatch"="/dev/bbd_patch"
09-15 21:18:24.860  6198  6198 V lhd     : SetCfgValue: LHD config "LheMaxMcuResetTries"="4"
09-15 21:18:24.860  6198  6198 V lhd     : SetCfgValue: LHD config "LheBbdPacket"="/dev/ttyBCM"
09-15 21:18:24.860  6198  6198 V lhd     : SetCfgValue: LHD config "LheBbdControl"="/dev/bbd_control"
09-15 21:18:24.860  6198  6198 V lhd     : SetCfgValue: LHD config "LheBbdSensor"="/dev/bbd_sensor"
09-15 21:18:24.860  6198  6198 V lhd     : SetCfgValue: LHD config "Lhe477xDebugFlags"="RPC:FACILITY=33:STDOUT_PUTS:STDOUT_LOG"
09-15 21:18:24.860  6198  6198 E lhd     : SetCfgValue: Critical Error. Unknown configuration parameter "LheSensorIpc"="true"
09-15 21:18:24.860  6198  6198 E lhd     : SetCfgValue: Critical Error. Unknown configuration parameter "LhePinMux"="P17=M1"
09-15 21:18:24.860  6198  6198 V lhd     : SetCfgValue: LHD config "LheAutoBaudDelayMS"="10"
09-15 21:18:24.861  6198  6198 V lhd     : SetCfgValue: LHD config "LheMaxMcuResetTries"="3"
09-15 21:18:24.861  6198  6198 E lhd     : OpenFirmwareFile: Fail to open /efs/sec_efs/sensorhub_urgent_fw.patch, errno 2
09-15 21:18:24.861  6198  6198 E lhd     : getCustPatchVersion: Fail to parse patch /efs/sec_efs/sensorhub_urgent_fw.patch
09-15 21:18:24.861  6198  6198 E lhd     : getCustPatchVersion: <CustomerVersion> not found
09-15 21:18:24.921  3179  3179 D gpsd    : WakeLock(Acquire,GPSD)
09-15 21:18:24.921  3179  3179 D gpsd    : WakeLock(Release,GPSD)
09-15 21:18:24.921  6198  6198 D lhd     : OnIpcConnect
09-15 21:18:24.921  3179  3179 D gpsd    : WakeLock(Acquire,GPSD)
09-15 21:18:24.921  3179  3179 D gpsd    : WakeLock(Release,GPSD)
09-15 21:18:38.663  3582  6178 D NetworkMonitor/NetworkAgentInfo [MOBILE (HSPA+) - 100]: Probably not a portal: exception java.net.SocketTimeoutException: connect timed out
09-15 21:18:39.925  3179  3179 D gpsd    : WakeLock(Acquire,GPSD)
09-15 21:18:39.926  3179  3179 D gpsd    : WakeLock(Release,GPSD)
09-15 21:18:39.926  3179  3179 D gpsd    : WakeLock(Acquire,GPSD)
09-15 21:18:39.926  3179  3179 D gpsd    : WakeLock(Release,GPSD)
09-15 21:18:39.992  6202  6202 V lhd     : GlLhdInterface::Init(/system/etc/lhd.conf)
09-15 21:18:39.993  6202  6202 E lhd     : SetCfgValue: Critical Error. Unknown configuration parameter "FlpName"="tcp"
09-15 21:18:39.993  6202  6202 V lhd     : SetCfgValue: LHD config "LheSerialControl"="BBD:Serial=TTY"
09-15 21:18:39.993  6202  6202 E lhd     : SetCfgValue: Critical Error. Unknown configuration parameter "LheClockMHz"="100"
09-15 21:18:39.993  6202  6202 V lhd     : SetCfgValue: LHD config "LhePatch"="/dev/bbd_patch"
09-15 21:18:39.993  6202  6202 V lhd     : SetCfgValue: LHD config "LheMaxMcuResetTries"="4"
09-15 21:18:39.993  6202  6202 V lhd     : SetCfgValue: LHD config "LheBbdPacket"="/dev/ttyBCM"
09-15 21:18:39.993  6202  6202 V lhd     : SetCfgValue: LHD config "LheBbdControl"="/dev/bbd_control"
09-15 21:18:39.993  6202  6202 V lhd     : SetCfgValue: LHD config "LheBbdSensor"="/dev/bbd_sensor"
09-15 21:18:39.993  6202  6202 V lhd     : SetCfgValue: LHD config "Lhe477xDebugFlags"="RPC:FACILITY=33:STDOUT_PUTS:STDOUT_LOG"
09-15 21:18:39.993  6202  6202 E lhd     : SetCfgValue: Critical Error. Unknown configuration parameter "LheSensorIpc"="true"
09-15 21:18:39.993  6202  6202 E lhd     : SetCfgValue: Critical Error. Unknown configuration parameter "LhePinMux"="P17=M1"
09-15 21:18:39.993  6202  6202 V lhd     : SetCfgValue: LHD config "LheAutoBaudDelayMS"="10"
09-15 21:18:39.993  6202  6202 V lhd     : SetCfgValue: LHD config "LheMaxMcuResetTries"="3"
09-15 21:18:39.993  6202  6202 E lhd     : OpenFirmwareFile: Fail to open /efs/sec_efs/sensorhub_urgent_fw.patch, errno 2
09-15 21:18:39.993  6202  6202 E lhd     : getCustPatchVersion: Fail to parse patch /efs/sec_efs/sensorhub_urgent_fw.patch
09-15 21:18:39.993  6202  6202 E lhd     : getCustPatchVersion: <CustomerVersion> not found
09-15 21:18:40.053  3179  3179 D gpsd    : WakeLock(Acquire,GPSD)
09-15 21:18:40.054  6202  6202 D lhd     : OnIpcConnect
09-15 21:18:40.054  3179  3179 D gpsd    : WakeLock(Release,GPSD)
09-15 21:18:40.054  3179  3179 D gpsd    : WakeLock(Acquire,GPSD)
09-15 21:18:40.054  3179  3179 D gpsd    : WakeLock(Release,GPSD)
09-15 21:18:41.665  3582  5720 D NetworkMonitor/NetworkAgentInfo [MOBILE (HSPA+) - 100]: Probably not a portal: exception java.net.SocketTimeoutException: connect timed out
09-15 21:18:41.675  3582  4681 D ConnectivityService: NetworkAgentInfo [MOBILE (HSPA+) - 100] validation failed
09-15 21:18:49.699  3582  6205 D NetworkMonitor/NetworkAgentInfo [MOBILE (HSPA+) - 100]: PROBE_DNS OK 6ms, www.google.com=64.233.186.103,64.233.186.99,64.233.186.106,64.233.186.147,64.233.186.104,64.233.186.105
09-15 21:18:55.060  3179  3179 D gpsd    : WakeLock(Acquire,GPSD)
09-15 21:18:55.061  3179  3179 D gpsd    : WakeLock(Release,GPSD)
09-15 21:18:55.061  3179  3179 D gpsd    : WakeLock(Acquire,GPSD)
09-15 21:18:55.061  3179  3179 D gpsd    : WakeLock(Release,GPSD)
09-15 21:18:55.128  6212  6212 V lhd     : GlLhdInterface::Init(/system/etc/lhd.conf)
09-15 21:18:55.128  6212  6212 E lhd     : SetCfgValue: Critical Error. Unknown configuration parameter "FlpName"="tcp"
09-15 21:18:55.128  6212  6212 V lhd     : SetCfgValue: LHD config "LheSerialControl"="BBD:Serial=TTY"
09-15 21:18:55.128  6212  6212 E lhd     : SetCfgValue: Critical Error. Unknown configuration parameter "LheClockMHz"="100"
09-15 21:18:55.128  6212  6212 V lhd     : SetCfgValue: LHD config "LhePatch"="/dev/bbd_patch"
09-15 21:18:55.128  6212  6212 V lhd     : SetCfgValue: LHD config "LheMaxMcuResetTries"="4"
09-15 21:18:55.128  6212  6212 V lhd     : SetCfgValue: LHD config "LheBbdPacket"="/dev/ttyBCM"
09-15 21:18:55.128  6212  6212 V lhd     : SetCfgValue: LHD config "LheBbdControl"="/dev/bbd_control"
09-15 21:18:55.128  6212  6212 V lhd     : SetCfgValue: LHD config "LheBbdSensor"="/dev/bbd_sensor"
09-15 21:18:55.128  6212  6212 V lhd     : SetCfgValue: LHD config "Lhe477xDebugFlags"="RPC:FACILITY=33:STDOUT_PUTS:STDOUT_LOG"
09-15 21:18:55.128  6212  6212 E lhd     : SetCfgValue: Critical Error. Unknown configuration parameter "LheSensorIpc"="true"
09-15 21:18:55.128  6212  6212 E lhd     : SetCfgValue: Critical Error. Unknown configuration parameter "LhePinMux"="P17=M1"
09-15 21:18:55.128  6212  6212 V lhd     : SetCfgValue: LHD config "LheAutoBaudDelayMS"="10"
09-15 21:18:55.129  6212  6212 V lhd     : SetCfgValue: LHD config "LheMaxMcuResetTries"="3"
09-15 21:18:55.129  6212  6212 E lhd     : OpenFirmwareFile: Fail to open /efs/sec_efs/sensorhub_urgent_fw.patch, errno 2
09-15 21:18:55.129  6212  6212 E lhd     : getCustPatchVersion: Fail to parse patch /efs/sec_efs/sensorhub_urgent_fw.patch
09-15 21:18:55.129  6212  6212 E lhd     : getCustPatchVersion: <CustomerVersion> not found
09-15 21:18:55.189  3179  3179 D gpsd    : WakeLock(Acquire,GPSD)
09-15 21:18:55.189  6212  6212 D lhd     : OnIpcConnect
09-15 21:18:55.189  3179  3179 D gpsd    : WakeLock(Release,GPSD)
