11-20 23:52:59.570  3211  3650 I art     : Starting a blocking GC HeapTrim
11-20 23:52:59.571  3211  3211 I art     : Starting a blocking GC Background
11-20 23:52:59.591  3211  3211 I Zygote  : System server process 3652 has been created
11-20 23:52:59.592  3211  3211 I Zygote  : Accepting command socket connections
11-20 23:52:59.587  3652  3652 I main    : type=1400 audit(0.0:118): avc: denied { sys_nice } for capability=23 scontext=u:r:zygote:s0 tcontext=u:r:zygote:s0 tclass=capability permissive=1
11-20 23:52:59.587  3652  3652 W main    : type=1300 audit(0.0:118): arch=c00000b7 syscall=119 success=yes exit=0 a0=e44 a1=0 a2=7fd11ed780 a3=0 items=0 ppid=3211 auid=4294967295 uid=1000 gid=1000 euid=1000 suid=1000 fsuid=1000 egid=1000 sgid=1000 fsgid=1000 tty=(none) ses=4294967295 exe="/system/bin/app_process64" subj=u:r:zygote:s0 key=(null)
11-20 23:52:59.587  3119  3119 W auditd  : type=1327 audit(0.0:118): proctitle="zygote64"
11-20 23:52:59.587  3119  3119 W auditd  : type=1320 audit(0.0:118): 
11-20 23:52:59.596  3652  3652 I Zygote  : Process: zygote socket opened, supported ABIS: armeabi-v7a,armeabi
11-20 23:52:59.597  3652  3652 I InstallerConnection: connecting...
11-20 23:52:59.597  3215  3215 I         : new connection
11-20 23:52:59.614  3663  3663 I dex2oat : /system/bin/dex2oat --compiler-filter=speed
11-20 23:52:59.866  3663  3663 I dex2oat : dex2oat took 251.525ms (threads: 8) arena alloc=2MB (2776536B) java alloc=757KB (775560B) native alloc=2MB (3095600B) free=5MB (5293008B)
11-20 23:52:59.886  3673  3673 I dex2oat : /system/bin/dex2oat --compiler-filter=speed
11-20 23:52:59.933  3673  3673 I dex2oat : dex2oat took 47.198ms (threads: 8) arena alloc=891KB (912984B) java alloc=109KB (111888B) native alloc=1252KB (1282984B) free=4MB (4484184B)
11-20 23:52:59.952  3682  3682 I dex2oat : /system/bin/dex2oat --compiler-filter=speed
11-20 23:53:01.030  3682  3688 W dex2oat : Compilation of void com.android.server.am.ActivityManagerService$MainHandler.handleMessage(android.os.Message) took 117.092ms
11-20 23:53:01.111  3682  3689 W dex2oat : Compilation of void com.android.server.SystemServer.startOtherServices() took 303.924ms
11-20 23:53:01.336  3682  3688 W dex2oat : Compilation of void com.android.server.am.BroadcastQueue.processNextBroadcast(boolean) took 146.889ms
11-20 23:53:02.852  3682  3685 W dex2oat : Compilation of android.content.pm.PackageParser$Package com.android.server.pm.PackageManagerService.scanPackageDirtyLI(android.content.pm.PackageParser$Package, int, int, long, android.os.UserHandle) took 215.018ms
11-20 23:53:03.465  3682  3682 I dex2oat : dex2oat took 3.513s (threads: 8) arena alloc=20MB (21277848B) java alloc=3MB (3851856B) native alloc=32MB (34097168B) free=24MB (25933808B)
11-20 23:53:03.490  3692  3692 I dex2oat : /system/bin/dex2oat --compiler-filter=speed
11-20 23:53:03.727  3692  3692 I dex2oat : dex2oat took 237.275ms (threads: 8) arena alloc=1093KB (1119832B) java alloc=174KB (178440B) native alloc=1494KB (1530552B) free=4MB (4498760B)
11-20 23:53:03.747  3701  3701 I dex2oat : /system/bin/dex2oat --compiler-filter=speed
11-20 23:53:04.395  3701  3701 I dex2oat : dex2oat took 648.891ms (threads: 8) arena alloc=9MB (10379392B) java alloc=704KB (721672B) native alloc=5MB (5726136B) free=14MB (15507528B)
11-20 23:53:04.400  3652  3652 I InstallerConnection: disconnecting...
11-20 23:53:04.401  3215  3215 E         : eof
11-20 23:53:04.401  3215  3215 E         : failed to read size
11-20 23:53:04.401  3215  3215 I         : closing connection
11-20 23:53:04.404  3652  3652 W art     : Found duplicate classes, falling back to interpreter mode for /system/framework/wifi-service.jar
11-20 23:53:04.404  3652  3652 W art     : Found duplicated class when checking oat files: 'Lcom/google/protobuf/nano/MessageNano;' in /system/framework/services.jar and /system/framework/wifi-service.jar
11-20 23:53:04.428  3652  3652 I SystemServer: Entered the Android system server!
11-20 23:53:04.447  3652  3652 I SystemServiceManager: Starting com.android.server.pm.Installer
11-20 23:53:04.448  3652  3652 I Installer: Waiting for installd to be ready.
11-20 23:53:04.448  3652  3652 I InstallerConnection: connecting...
11-20 23:53:04.448  3215  3215 I         : new connection
11-20 23:53:04.448  3652  3652 I SystemServiceManager: Starting com.android.server.am.ActivityManagerService$Lifecycle
11-20 23:53:04.454  3652  3652 I ActivityManager: Memory class: 256
11-20 23:53:04.454  3652  3713 I ServiceThread: Enabled StrictMode logging for ActivityManager looper.
11-20 23:53:04.455  3652  3714 I ServiceThread: Enabled StrictMode logging for android.ui looper.
11-20 23:53:04.460  3652  3652 D BatteryStatsImpl: Reading daily items from /data/system/batterystats-daily.xml
11-20 23:53:04.484  3652  3652 I AppOps  : No existing app ops /data/system/appops.xml; starting empty
11-20 23:53:04.516  3652  3652 I IntentFirewall: Read new rules (A:0 B:0 S:0)
11-20 23:53:04.519  3652  3720 I ServiceThread: Enabled StrictMode logging for android.display looper.
11-20 23:53:04.521  3652  3652 D AppOps  : AppOpsService published
11-20 23:53:04.521  3652  3652 I SystemServiceManager: Starting com.android.server.power.PowerManagerService
11-20 23:53:04.522  3652  3722 I ServiceThread: Enabled StrictMode logging for PowerManagerService looper.
11-20 23:53:04.525  3652  3652 I SamsungPowerHAL: Initialized settings:
11-20 23:53:04.525  3652  3652 I SamsungPowerHAL: max_freqs: cluster[0]: 1690000, cluster[1]: 2314000
11-20 23:53:04.525  3652  3652 I SamsungPowerHAL: hispeed_freqs: cluster[0]: 1690000, cluster[1]: 2314000
11-20 23:53:04.525  3652  3652 I SamsungPowerHAL: boostpulse_fd: 62
11-20 23:53:04.525  3652  3652 I SamsungPowerHAL: touchscreen_power_path: /sys/class/input/input0/enabled
11-20 23:53:04.525  3652  3652 I SamsungPowerHAL: touchkey_power_path: NULL
11-20 23:53:04.525  3652  3652 W libsuspend: Error writing 'on' to /sys/power/state: Invalid argument
11-20 23:53:04.525  3652  3652 I libsuspend: Selected wakeup count
11-20 23:53:04.527  3652  3652 I SystemServiceManager: Starting com.android.server.lights.LightsService
11-20 23:53:04.529  3652  3652 I SystemServiceManager: Starting com.android.server.display.DisplayManagerService
11-20 23:53:04.530  3652  3652 I SystemServiceManager: Starting phase 100
11-20 23:53:04.531  3652  3720 W LocalDisplayAdapter: Unable to get active color mode for display device 0
11-20 23:53:04.531  3652  3720 E LocalDisplayAdapter: Default and active color mode is no longer available! Reverting to first available mode.
11-20 23:53:04.531  3187  3223 E SurfaceFlinger: getDefaultDisplay: id=2 is not a valid default display id
11-20 23:53:04.532  3652  3720 I DisplayManagerService: Display device added: DisplayDeviceInfo{"Built-in Screen": uniqueId="local:0", 1440 x 2960, modeId 1, defaultModeId 1, supportedModes [{id=1, width=1440, height=2960, fps=60.000004}], colorMode -22, supportedColorModes [-22], HdrCapabilities android.view.Display$HdrCapabilities@a69d6308, density 560, 522.514 x 525.762 dpi, appVsyncOff 1000000, presDeadline 16666666, touch INTERNAL, rotation 0, type BUILT_IN, state UNKNOWN, FLAG_DEFAULT_DISPLAY, FLAG_ROTATES_WITH_CONTENT, FLAG_SECURE, FLAG_SUPPORTS_PROTECTED_BUFFERS}
11-20 23:53:04.532  3187  3187 D SurfaceFlinger: Set power mode=2, type=0 flinger=0x7f7da48000
11-20 23:53:04.532  3187  3187 D SurfaceFlinger: Screen type=0 is already mode=2
11-20 23:53:04.547  3652  3720 I DisplayManagerService: Display device changed state: "Built-in Screen", ON
11-20 23:53:04.547  3652  3652 I SystemServer: StartPackageManagerService
11-20 23:53:04.551  3652  3652 W FileUtils: Failed to chmod(/data/system/packages.list): android.system.ErrnoException: chmod failed: ENOENT (No such file or directory)
11-20 23:53:04.583  3652  3652 D SELinuxMMAC: Using policy file /system/etc/security/mac_permissions.xml
11-20 23:53:04.584  3652  3652 I PackageManager: No settings file; creating initial state
11-20 23:53:04.602  3727  3727 I dex2oat : /system/bin/dex2oat --compiler-filter=speed
11-20 23:53:04.841  3727  3727 I dex2oat : dex2oat took 239.508ms (threads: 8) arena alloc=2MB (2308584B) java alloc=674KB (690608B) native alloc=2MB (2588760B) free=4MB (4751272B)
11-20 23:53:04.860  3736  3736 I dex2oat : /system/bin/dex2oat --compiler-filter=speed
11-20 23:53:04.898  3736  3736 I dex2oat : dex2oat took 38.029ms (threads: 8) arena alloc=490KB (502088B) java alloc=250KB (256632B) native alloc=1280KB (1311720B) free=3MB (3406872B)
11-20 23:53:04.916  3745  3745 I dex2oat : /system/bin/dex2oat --compiler-filter=speed
11-20 23:53:04.949  3745  3745 I dex2oat : dex2oat took 32.781ms (threads: 8) arena alloc=247KB (253104B) java alloc=51KB (53128B) native alloc=1105KB (1132048B) free=1966KB (2013680B)
11-20 23:53:04.967  3754  3754 I dex2oat : /system/bin/dex2oat --compiler-filter=speed
11-20 23:53:05.029  3754  3754 I dex2oat : dex2oat took 62.827ms (threads: 8) arena alloc=3MB (3571256B) java alloc=162KB (166280B) native alloc=1276KB (1307288B) free=5MB (6032744B)
11-20 23:53:05.048  3763  3763 I dex2oat : /system/bin/dex2oat --compiler-filter=speed
11-20 23:53:05.078  3763  3763 I dex2oat : dex2oat took 31.026ms (threads: 8) arena alloc=544KB (557872B) java alloc=71KB (73128B) native alloc=987KB (1011608B) free=4MB (4755560B)
11-20 23:53:05.097  3772  3772 I dex2oat : /system/bin/dex2oat --compiler-filter=speed
11-20 23:53:05.191  3772  3772 I dex2oat : dex2oat took 94.748ms (threads: 8) arena alloc=1614KB (1652880B) java alloc=387KB (396928B) native alloc=1703KB (1744680B) free=3MB (4022488B)
11-20 23:53:05.194  3652  3652 E art     : DexFile_getDexOptNeeded file '/system/framework/org.apache.http.legacy.jar' does not exist
11-20 23:53:05.194  3652  3652 W PackageManager: Library not found: /system/framework/org.apache.http.legacy.jar
11-20 23:53:05.210  3781  3781 I dex2oat : /system/bin/dex2oat --compiler-filter=speed
11-20 23:53:05.238  3781  3781 I dex2oat : dex2oat took 28.525ms (threads: 8) arena alloc=457KB (468720B) java alloc=101KB (103592B) native alloc=1159KB (1186816B) free=2MB (3007488B)
11-20 23:53:05.256  3790  3790 I dex2oat : /system/bin/dex2oat --compiler-filter=speed
11-20 23:53:05.286  3790  3790 I dex2oat : dex2oat took 30.715ms (threads: 8) arena alloc=300KB (308168B) java alloc=88KB (90768B) native alloc=1099KB (1125704B) free=2MB (2544312B)
11-20 23:53:05.304  3799  3799 I dex2oat : /system/bin/dex2oat --compiler-filter=speed
11-20 23:53:05.328  3799  3799 I dex2oat : dex2oat took 23.484ms (threads: 8) arena alloc=84KB (86488B) java alloc=67KB (69064B) native alloc=1041KB (1066648B) free=2030KB (2079080B)
11-20 23:53:05.346  3808  3808 I dex2oat : /system/bin/dex2oat --compiler-filter=speed
11-20 23:53:05.380  3808  3808 I dex2oat : dex2oat took 34.471ms (threads: 8) arena alloc=639KB (654344B) java alloc=238KB (244512B) native alloc=1302KB (1334016B) free=2MB (2860288B)
11-20 23:53:05.398  3817  3817 I dex2oat : /system/bin/dex2oat --compiler-filter=speed
11-20 23:53:05.425  3817  3817 I dex2oat : dex2oat took 27.432ms (threads: 8) arena alloc=253KB (259560B) java alloc=37KB (38472B) native alloc=1128KB (1155552B) free=1943KB (1990176B)
11-20 23:53:05.443  3826  3826 I dex2oat : /system/bin/dex2oat --compiler-filter=speed
11-20 23:53:05.511  3826  3826 I dex2oat : dex2oat took 68.401ms (threads: 8) arena alloc=3MB (3584712B) java alloc=119KB (122160B) native alloc=1399KB (1433384B) free=6MB (6430936B)
11-20 23:53:05.530  3835  3835 I dex2oat : /system/bin/dex2oat --compiler-filter=speed
11-20 23:53:05.623  3835  3835 I dex2oat : dex2oat took 94.260ms (threads: 8) arena alloc=1721KB (1762576B) java alloc=337KB (345328B) native alloc=1290KB (1321432B) free=5MB (5494312B)
11-20 23:53:05.627  3652  3652 E art     : DexFile_getDexOptNeeded file '/system/framework/org.apache.http.legacy.jar' does not exist
11-20 23:53:05.627  3652  3652 W PackageManager: Library not found: /system/framework/org.apache.http.legacy.jar
11-20 23:53:05.642  3844  3844 I dex2oat : /system/bin/dex2oat --compiler-filter=speed
11-20 23:53:05.671  3844  3844 I dex2oat : dex2oat took 28.707ms (threads: 8) arena alloc=472KB (483872B) java alloc=73KB (75440B) native alloc=1165KB (1193800B) free=2MB (2476216B)
11-20 23:53:05.689  3853  3853 I dex2oat : /system/bin/dex2oat --compiler-filter=speed
11-20 23:53:05.717  3853  3853 I dex2oat : dex2oat took 28.551ms (threads: 8) arena alloc=322KB (330160B) java alloc=79KB (81640B) native alloc=1082KB (1108360B) free=2MB (3085944B)
11-20 23:53:05.735  3862  3862 I dex2oat : /system/bin/dex2oat --compiler-filter=speed
11-20 23:53:05.759  3862  3862 I dex2oat : dex2oat took 24.079ms (threads: 8) arena alloc=102KB (105336B) java alloc=67KB (69312B) native alloc=1040KB (1065832B) free=2MB (2604184B)
11-20 23:53:05.761  3652  3652 D PackageManager: No files in app dir /vendor/overlay
11-20 23:53:05.761  3652  3652 D PackageManager: start scanDirLI:/system/framework
11-20 23:53:05.761  3652  3652 D PackageManager: max thread:6
11-20 23:53:05.768  3652  3872 I PackageManager: /system/framework/org.cyanogenmod.platform-res.apk changed; collecting certs
11-20 23:53:05.774  3652  3872 W PackageManager: Permission cyanogenmod.permission.WRITE_ALARMS from package cyanogenmod.platform in an unknown group android.permission-group.SYSTEM_CLOCK
11-20 23:53:05.774  3652  3872 W PackageManager: Permission cyanogenmod.permission.MANAGE_ALARMS from package cyanogenmod.platform in an unknown group android.permission-group.SYSTEM_CLOCK
11-20 23:53:05.774  3652  3872 W PackageManager: Permission cyanogenmod.permission.READ_ALARMS from package cyanogenmod.platform in an unknown group android.permission-group.SYSTEM_CLOCK
11-20 23:53:05.774  3652  3871 I PackageManager: /system/framework/framework-res.apk changed; collecting certs
11-20 23:53:05.829  3652  3652 D PackageManager: end scanDirLI:/system/framework
11-20 23:53:05.830  3652  3652 D PackageManager: start scanDirLI:/system/priv-app
11-20 23:53:05.830  3652  3652 D PackageManager: max thread:6
11-20 23:53:05.836  3652  3871 I PackageManager: /system/priv-app/CMSettingsProvider changed; collecting certs
11-20 23:53:05.837  3652  3874 I PackageManager: /system/priv-app/BackupRestoreConfirmation changed; collecting certs
11-20 23:53:05.837  3652  3875 I PackageManager: /system/priv-app/BlockedNumberProvider changed; collecting certs
11-20 23:53:05.839  3652  3873 I PackageManager: /system/priv-app/AudioFX changed; collecting certs
11-20 23:53:05.840  3652  3876 I PackageManager: /system/priv-app/CMAudioService changed; collecting certs
11-20 23:53:05.841  3652  3875 I PackageManager: New shared user android.uid.shared: id=10001
11-20 23:53:05.844  3652  3874 I PackageManager: /system/priv-app/CallLogBackup changed; collecting certs
11-20 23:53:05.845  3652  3871 I PackageManager: /system/priv-app/CalendarProvider changed; collecting certs
11-20 23:53:05.847  3652  3875 I PackageManager: /system/priv-app/CarrierConfig changed; collecting certs
11-20 23:53:05.847  3652  3872 I PackageManager: /system/priv-app/CMParts changed; collecting certs
11-20 23:53:05.848  3652  3871 I PackageManager: New shared user android.uid.calendar: id=10004
11-20 23:53:05.855  3652  3875 I PackageManager: /system/priv-app/DefaultContainerService changed; collecting certs
11-20 23:53:05.855  3652  3871 I PackageManager: /system/priv-app/CtsShimPrivPrebuilt changed; collecting certs
11-20 23:53:05.857  3652  3873 I PackageManager: /system/priv-app/CellBroadcastReceiver changed; collecting certs
11-20 23:53:05.859  3652  3874 I PackageManager: /system/priv-app/ContactsProvider changed; collecting certs
11-20 23:53:05.868  3652  3876 W PackageParser: No actions in intent filter at /system/priv-app/Contacts/Contacts.apk Binary XML file line #431
11-20 23:53:05.869  3652  3876 I PackageManager: /system/priv-app/Contacts changed; collecting certs
11-20 23:53:05.870  3652  3871 I PackageManager: /system/priv-app/DocumentsUI changed; collecting certs
11-20 23:53:05.870  3652  3872 I PackageManager: /system/priv-app/DownloadProvider changed; collecting certs
11-20 23:53:05.875  3652  3872 I PackageManager: New shared user android.media: id=10009
11-20 23:53:05.876  3652  3874 I PackageManager: /system/priv-app/Eleven changed; collecting certs
11-20 23:53:05.878  3652  3872 W PackageManager: Permission android.permission.DOWNLOAD_WITHOUT_NOTIFICATION from package com.android.providers.downloads in an unknown group android.permission-group.NETWORK
11-20 23:53:05.882  3652  3872 I PackageManager: /system/priv-app/ExtServices changed; collecting certs
11-20 23:53:05.885  3652  3871 I PackageManager: /system/priv-app/ExternalStorageProvider changed; collecting certs
11-20 23:53:05.891  3652  3873 I PackageManager: /system/priv-app/EmergencyInfo changed; collecting certs
11-20 23:53:05.891  3652  3875 W PackageParser: No actions in intent filter at /system/priv-app/Dialer/Dialer.apk Binary XML file line #207
11-20 23:53:05.892  3652  3875 I PackageManager: /system/priv-app/Dialer changed; collecting certs
11-20 23:53:05.894  3652  3872 I PackageManager: /system/priv-app/FusedLocation changed; collecting certs
11-20 23:53:05.904  3652  3873 I PackageManager: New shared user com.android.emergency.uid: id=10015
11-20 23:53:05.908  3652  3871 I PackageManager: /system/priv-app/Gallery2 changed; collecting certs
11-20 23:53:05.910  3652  3872 I PackageManager: /system/priv-app/InputDevices changed; collecting certs
11-20 23:53:05.910  3652  3876 I PackageManager: /system/priv-app/ManagedProvisioning changed; collecting certs
11-20 23:53:05.910  3652  3874 I PackageManager: /system/priv-app/LineageSetupWizard changed; collecting certs
11-20 23:53:05.914  3652  3873 I PackageManager: /system/priv-app/MediaProvider changed; collecting certs
11-20 23:53:05.918  3652  3872 I PackageManager: /system/priv-app/MmsService changed; collecting certs
11-20 23:53:05.919  3652  3873 I PackageManager: /system/priv-app/OneTimeInitializer changed; collecting certs
11-20 23:53:05.921  3652  3876 I PackageManager: /system/priv-app/MtpDocumentsProvider changed; collecting certs
11-20 23:53:05.926  3652  3873 I PackageManager: /system/priv-app/ProxyHandler changed; collecting certs
11-20 23:53:05.931  3652  3875 I PackageManager: /system/priv-app/SharedStorageBackup changed; collecting certs
11-20 23:53:05.934  3652  3873 I PackageManager: /system/priv-app/SettingsProvider changed; collecting certs
11-20 23:53:05.935  3652  3874 I PackageManager: /system/priv-app/Recorder changed; collecting certs
11-20 23:53:05.938  3652  3872 I PackageManager: /system/priv-app/PackageInstaller changed; collecting certs
11-20 23:53:05.938  3652  3875 W PackageParser: Ignoring duplicate uses-permissions/uses-permissions-sdk-m: android.permission.INSTALL_GRANT_RUNTIME_PERMISSIONS in package: com.android.shell at: Binary XML file line #102
11-20 23:53:05.939  3652  3875 I PackageManager: /system/priv-app/Shell changed; collecting certs
11-20 23:53:05.940  3652  3873 I PackageManager: /system/priv-app/StatementService changed; collecting certs
11-20 23:53:05.950  3652  3873 I PackageManager: /system/priv-app/Tag changed; collecting certs
11-20 23:53:05.953  3652  3874 I PackageManager: /system/priv-app/StorageManager changed; collecting certs
11-20 23:53:05.960  3652  3872 I PackageManager: /system/priv-app/TelephonyProvider changed; collecting certs
11-20 23:53:05.967  3652  3873 I PackageManager: /system/priv-app/Telecom changed; collecting certs
11-20 23:53:05.969  3652  3875 W PackageParser: Ignoring duplicate uses-permissions/uses-permissions-sdk-m: android.permission.CONFIGURE_WIFI_DISPLAY in package: com.android.systemui at: Binary XML file line #117
11-20 23:53:05.970  3652  3872 I PackageManager: /system/priv-app/Trebuchet changed; collecting certs
11-20 23:53:05.974  3652  3875 I PackageManager: /system/priv-app/SystemUI changed; collecting certs
11-20 23:53:05.975  3652  3874 I PackageManager: /system/priv-app/Updater changed; collecting certs
11-20 23:53:05.978  3652  3872 W PackageManager: Permission com.android.launcher.permission.INSTALL_SHORTCUT from package com.cyanogenmod.trebuchet in an unknown group android.permission-group.SYSTEM_TOOLS
11-20 23:53:05.978  3652  3872 W PackageManager: Permission com.android.launcher3.permission.READ_SETTINGS from package com.cyanogenmod.trebuchet in an unknown group android.permission-group.SYSTEM_TOOLS
11-20 23:53:05.978  3652  3872 W PackageManager: Permission com.android.launcher3.permission.WRITE_SETTINGS from package com.cyanogenmod.trebuchet in an unknown group android.permission-group.SYSTEM_TOOLS
11-20 23:53:05.978  3652  3871 I PackageManager: /system/priv-app/TeleService changed; collecting certs
11-20 23:53:05.983  3652  3873 I PackageManager: /system/priv-app/VpnDialogs changed; collecting certs
11-20 23:53:05.984  3652  3872 I PackageManager: /system/priv-app/WallpaperCropper changed; collecting certs
11-20 23:53:05.987  3652  3874 I PackageManager: /system/priv-app/WeatherManagerService changed; collecting certs
11-20 23:53:05.991  3652  3873 I PackageManager: /system/priv-app/WeatherProvider changed; collecting certs
11-20 23:53:06.002  3652  3876 W PackageParser: Ignoring duplicate uses-permissions/uses-permissions-sdk-m: android.permission.USE_CREDENTIALS in package: com.android.settings at: Binary XML file line #56
11-20 23:53:06.002  3652  3876 W PackageParser: Ignoring duplicate uses-permissions/uses-permissions-sdk-m: android.permission.READ_SYNC_SETTINGS in package: com.android.settings at: Binary XML file line #61
11-20 23:53:06.003  3652  3876 W PackageParser: Ignoring duplicate uses-permissions/uses-permissions-sdk-m: android.permission.WRITE_SYNC_SETTINGS in package: com.android.settings at: Binary XML file line #62
11-20 23:53:06.007  3652  3875 I PackageManager: New shared user android.uid.systemui: id=10033
11-20 23:53:06.015  3652  3876 I PackageManager: /system/priv-app/Settings changed; collecting certs
11-20 23:53:06.085  3652  3652 D PackageManager: end scanDirLI:/system/priv-app
11-20 23:53:06.085  3652  3652 D PackageManager: start scanDirLI:/system/app
11-20 23:53:06.085  3652  3652 D PackageManager: max thread:6
11-20 23:53:06.089  3652  3871 I PackageManager: /system/app/BluetoothMidiService changed; collecting certs
11-20 23:53:06.090  3652  3874 I PackageManager: /system/app/BasicDreams changed; collecting certs
11-20 23:53:06.090  3652  3875 I PackageManager: /system/app/BookmarkProvider changed; collecting certs
11-20 23:53:06.096  3652  3876 I PackageManager: /system/app/Calendar changed; collecting certs
11-20 23:53:06.096  3652  3871 I PackageManager: /system/app/CaptivePortalLogin changed; collecting certs
11-20 23:53:06.097  3652  3872 I PackageManager: /system/app/AdvancedDisplay changed; collecting certs
11-20 23:53:06.100  3652  3875 I PackageManager: /system/app/CertInstaller changed; collecting certs
11-20 23:53:06.102  3652  3873 W PackageParser: No actions in intent filter at /system/app/Bluetooth/Bluetooth.apk Binary XML file line #226
11-20 23:53:06.103  3652  3871 I PackageManager: /system/app/CtsShimPrebuilt changed; collecting certs
11-20 23:53:06.104  3652  3873 I PackageManager: /system/app/Bluetooth changed; collecting certs
11-20 23:53:06.108  3652  3874 I PackageManager: /system/app/Camera2 changed; collecting certs
11-20 23:53:06.109  3652  3876 W PackageManager: Non-privileged app; cap priority to 0; package: com.android.calendar activity: com.android.calendar.GoogleCalendarUriIntentFilter origPrio: 50
11-20 23:53:06.110  3652  3871 W PackageManager: Non-privileged app; cap priority to 0; package: com.android.cts.ctsshim activity: com.android.cts.ctsshim.InstallPriority origPrio: 100
11-20 23:53:06.110  3652  3871 W PackageManager: Non-privileged app; cap priority to 0; package: com.android.cts.ctsshim activity: com.android.cts.ctsshim.InstallPriority origPrio: 100
11-20 23:53:06.110  3652  3871 W PackageManager: Non-privileged app; cap priority to 0; package: com.android.cts.ctsshim activity: com.android.cts.ctsshim.InstallPriority origPrio: 100
11-20 23:53:06.110  3652  3871 W PackageManager: Non-privileged app; cap priority to 0; package: com.android.cts.ctsshim activity: com.android.cts.ctsshim.InstallPriority origPrio: 100
11-20 23:53:06.110  3652  3871 W PackageManager: Non-privileged app; cap priority to 0; package: com.android.cts.ctsshim activity: com.android.cts.ctsshim.InstallPriority origPrio: 100
11-20 23:53:06.117  3652  3875 W PackageParser: Ignoring duplicate uses-permissions/uses-permissions-sdk-m: android.permission.WRITE_SETTINGS in package: com.android.deskclock at: Binary XML file line #45
11-20 23:53:06.119  3652  3872 I PackageManager: /system/app/EasterEgg changed; collecting certs
11-20 23:53:06.120  3652  3876 I PackageManager: /system/app/Development changed; collecting certs
11-20 23:53:06.120  3652  3871 I PackageManager: /system/app/DownloadProviderUi changed; collecting certs
11-20 23:53:06.122  3652  3875 I PackageManager: /system/app/DeskClock changed; collecting certs
11-20 23:53:06.131  3652  3873 I PackageManager: /system/app/ExtShared changed; collecting certs
11-20 23:53:06.135  3652  3874 I PackageManager: /system/app/HTMLViewer changed; collecting certs
11-20 23:53:06.135  3652  3872 I PackageManager: /system/app/ExactCalculator changed; collecting certs
11-20 23:53:06.136  3652  3876 I PackageManager: /system/app/Exchange2 changed; collecting certs
11-20 23:53:06.142  3652  3873 I PackageManager: /system/app/Jelly changed; collecting certs
11-20 23:53:06.144  3652  3874 I PackageManager: /system/app/KeyChain changed; collecting certs
11-20 23:53:06.148  3652  3871 I PackageManager: /system/app/Email changed; collecting certs
11-20 23:53:06.149  3652  3876 I PackageManager: /system/app/LockClock changed; collecting certs
11-20 23:53:06.150  3652  3872 I PackageManager: /system/app/LiveWallpapersPicker changed; collecting certs
11-20 23:53:06.153  3652  3873 I PackageManager: /system/app/PacProcessor changed; collecting certs
11-20 23:53:06.158  3652  3874 W PackageParser: Ignoring duplicate uses-permissions/uses-permissions-sdk-m: android.permission.CHANGE_WIFI_STATE in package: com.android.nfc at: Binary XML file line #47
11-20 23:53:06.158  3652  3874 W PackageParser: Ignoring duplicate uses-permissions/uses-permissions-sdk-m: android.permission.ACCESS_WIFI_STATE in package: com.android.nfc at: Binary XML file line #48
11-20 23:53:06.159  3652  3872 I PackageManager: /system/app/PicoTts changed; collecting certs
11-20 23:53:06.160  3652  3874 I PackageManager: /system/app/NfcNci changed; collecting certs
11-20 23:53:06.161  3652  3873 I PackageManager: /system/app/PhotoTable changed; collecting certs
11-20 23:53:06.167  3652  3872 I PackageManager: /system/app/PrintRecommendationService changed; collecting certs
11-20 23:53:06.168  3652  3875 I PackageManager: /system/app/LatinIME changed; collecting certs
11-20 23:53:06.171  3652  3874 I PackageManager: /system/app/Profiles changed; collecting certs
11-20 23:53:06.174  3652  3871 W PackageManager: Permission com.android.email.permission.READ_ATTACHMENT from package com.android.email in an unknown group android.permission-group.MESSAGES
11-20 23:53:06.174  3652  3876 I PackageManager: /system/app/PrintSpooler changed; collecting certs
11-20 23:53:06.175  3652  3874 I PackageManager: /system/app/UserDictionaryProvider changed; collecting certs
11-20 23:53:06.177  3652  3871 I PackageManager: /system/app/WAPPushManager changed; collecting certs
11-20 23:53:06.179  3652  3873 I PackageManager: /system/app/Stk changed; collecting certs
11-20 23:53:06.180  3652  3872 I PackageManager: /system/app/Terminal changed; collecting certs
11-20 23:53:06.183  3652  3874 W PackageManager: Failed to parse /system/app/mcRegistry: Missing base APK in /system/app/mcRegistry
11-20 23:53:06.184  3652  3876 I PackageManager: /system/app/WallpaperBackup changed; collecting certs
11-20 23:53:06.191  3652  3871 I PackageManager: /system/app/WallpaperPicker changed; collecting certs
11-20 23:53:06.198  3652  3873 I PackageManager: /system/app/webview changed; collecting certs
11-20 23:53:06.208  3652  3874 I PackageManager: /system/app/messaging changed; collecting certs
11-20 23:53:06.498  3652  3652 D PackageManager: end scanDirLI:/system/app
11-20 23:53:06.498  3652  3652 D PackageManager: No files in app dir /system/vendor/app
11-20 23:53:06.498  3652  3652 D PackageManager: No files in app dir /oem/app
11-20 23:53:06.498  3652  3652 D PackageManager: No files in app dir /data/app
11-20 23:53:06.499  3652  3652 D PackageManager: No files in app dir /data/app-private
11-20 23:53:06.499  3652  3652 D PackageManager: No files in app dir /data/app-ephemeral
11-20 23:53:06.499  3652  3652 E PackageManager: There should probably be exactly one setup wizard; found 0: matches=[]
11-20 23:53:06.499  3652  3652 W PackageManager: Protected action; cap priority to 0; package: com.android.cts.priv.ctsshim activity: com.android.cts.priv.ctsshim.InstallPriority origPrio: 100
11-20 23:53:06.499  3652  3652 W PackageManager: Protected action; cap priority to 0; package: com.android.cts.priv.ctsshim activity: com.android.cts.priv.ctsshim.InstallPriority origPrio: 100
11-20 23:53:06.499  3652  3652 W PackageManager: Protected action; cap priority to 0; package: com.android.cts.priv.ctsshim activity: com.android.cts.priv.ctsshim.InstallPriority origPrio: 100
11-20 23:53:06.499  3652  3652 W PackageManager: Protected action; cap priority to 0; package: com.android.cts.priv.ctsshim activity: com.android.cts.priv.ctsshim.InstallPriority origPrio: 100
11-20 23:53:06.499  3652  3652 W PackageManager: Protected action; cap priority to 0; package: com.android.packageinstaller activity: com.android.packageinstaller.PackageInstallerActivity origPrio: 1
11-20 23:53:06.499  3652  3652 W PackageManager: Package com.android.gallery3d desires unavailable shared library com.google.android.media.effects; ignoring!
11-20 23:53:06.499  3652  3652 W PackageManager: Package com.android.gallery3d desires unavailable shared library com.google.android.media.effects; ignoring!
11-20 23:53:06.499  3652  3652 I PackageManager: Adjusting ABI for com.android.providers.downloads to arm64-v8a (requirer=com.android.mtp, scannedPackage=null)
11-20 23:53:06.500  3652  3652 I PackageManager: Adjusting ABI for com.android.providers.media to arm64-v8a (requirer=com.android.mtp, scannedPackage=null)
11-20 23:53:06.500  3652  3652 I PackageManager: Adjusting ABI for com.android.providers.downloads.ui to arm64-v8a (requirer=com.android.mtp, scannedPackage=null)
11-20 23:53:06.500  3652  3652 I PackageManager: Adjusting ABI for com.android.inputdevices to arm64-v8a (requirer=android, scannedPackage=null)
11-20 23:53:06.500  3652  3652 I PackageManager: Adjusting ABI for com.android.location.fused to arm64-v8a (requirer=android, scannedPackage=null)
11-20 23:53:06.501  3652  3652 I PackageManager: Adjusting ABI for com.android.providers.settings to arm64-v8a (requirer=android, scannedPackage=null)
11-20 23:53:06.501  3652  3652 I PackageManager: Adjusting ABI for cyanogenmod.platform to arm64-v8a (requirer=android, scannedPackage=null)
11-20 23:53:06.501  3215  3215 E         : invalid apk path '/system/framework/org.cyanogenmod.platform-res.apk' (bad prefix)
11-20 23:53:06.501  3652  3652 I PackageManager: Adjusting ABI for org.cyanogenmod.cmsettings to arm64-v8a (requirer=android, scannedPackage=null)
11-20 23:53:06.501  3652  3652 I PackageManager: Adjusting ABI for com.cyanogenmod.setupwizard to arm64-v8a (requirer=android, scannedPackage=null)
11-20 23:53:06.501  3652  3652 I PackageManager: Adjusting ABI for com.android.development to arm64-v8a (requirer=android, scannedPackage=null)
11-20 23:53:06.501  3652  3652 I PackageManager: Adjusting ABI for com.android.keychain to arm64-v8a (requirer=android, scannedPackage=null)
11-20 23:53:06.501  3652  3652 I PackageManager: Adjusting ABI for com.cyanogenmod.settings.device to arm64-v8a (requirer=android, scannedPackage=null)
11-20 23:53:06.502  3652  3652 I PackageManager: Adjusting ABI for com.android.wallpaperbackup to arm64-v8a (requirer=android, scannedPackage=null)
11-20 23:53:06.502  3652  3652 I PackageManager: Adjusting ABI for com.android.server.telecom to arm64-v8a (requirer=android, scannedPackage=null)
11-20 23:53:06.502  3652  3652 I PackageManager: Adjusting ABI for org.cyanogenmod.cmparts to arm64-v8a (requirer=android, scannedPackage=null)
11-20 23:53:06.502  3652  3652 I PackageManager: Adjusting ABI for com.android.settings to arm64-v8a (requirer=android, scannedPackage=null)
11-20 23:53:06.503  3652  3652 I PackageManager: Time to scan packages: 1.917 seconds
11-20 23:53:06.503  3652  3652 W PackageManager: Unknown permission com.google.android.googleapps.permission.GOOGLE_AUTH in package com.android.providers.calendar
11-20 23:53:06.503  3652  3652 W PackageManager: Unknown permission com.google.android.googleapps.permission.GOOGLE_AUTH.cl in package com.android.providers.calendar
11-20 23:53:06.503  3652  3652 W PackageManager: Unknown permission cyanogenmod.permission.LEGALESE in package com.cyanogenmod.setupwizard
11-20 23:53:06.503  3652  3652 W PackageManager: Unknown permission com.android.gallery3d.permission.STORAGE_CHANGE in package com.android.camera2
11-20 23:53:06.504  3652  3652 W PackageManager: Unknown permission android.permission.NFC_UNLOCK in package com.android.nfc
11-20 23:53:06.504  3652  3652 W PackageManager: Unknown permission com.google.android.googleapps.permission.GOOGLE_AUTH.mail in package com.android.calendar
11-20 23:53:06.504  3652  3652 W PackageManager: Unknown permission com.android.launcher.permission.READ_SETTINGS in package com.android.onetimeinitializer
11-20 23:53:06.504  3652  3652 W PackageManager: Unknown permission com.android.launcher.permission.WRITE_SETTINGS in package com.android.onetimeinitializer
11-20 23:53:06.504  3652  3652 W PackageManager: Unknown permission com.android.launcher.permission.READ_SETTINGS in package com.cyanogenmod.trebuchet
11-20 23:53:06.504  3652  3652 W PackageManager: Unknown permission com.android.launcher.permission.WRITE_SETTINGS in package com.cyanogenmod.trebuchet
11-20 23:53:06.504  3652  3652 W PackageManager: Unknown permission com.google.android.permission.INSTALL_WEARABLE_PACKAGES in package com.android.packageinstaller
11-20 23:53:06.504  3652  3652 W PackageManager: Not granting permission android.permission.DELETE_PACKAGES to package com.svox.pico (protectionLevel=18 flags=0x3808be45)
11-20 23:53:06.505  3652  3652 W PackageManager: Unknown permission com.google.android.gallery3d.permission.PICASA_STORE in package com.android.dreams.phototable
11-20 23:53:06.505  3652  3652 W PackageManager: Unknown permission com.google.android.googleapps.permission.GOOGLE_AUTH in package com.android.settings
11-20 23:53:06.505  3652  3652 W PackageManager: Unknown permission com.android.launcher.permission.READ_SETTINGS in package com.android.settings
11-20 23:53:06.505  3652  3652 W PackageManager: Unknown permission com.android.launcher.permission.WRITE_SETTINGS in package com.android.settings
11-20 23:53:06.506  3652  3652 W PackageManager: Not granting permission android.permission.MANAGE_DOCUMENTS to package com.android.deskclock (protectionLevel=2 flags=0x3c49be45)
11-20 23:53:06.506  3652  3652 W PackageManager: Unknown permission com.android.deskclock.worldclock.permissions.WRITE_DATABASE in package com.android.deskclock
11-20 23:53:06.506  3652  3652 W PackageManager: Unknown permission org.codeaurora.permission.POWER_ON_ALERT in package com.android.deskclock
11-20 23:53:06.506  3652  3652 W PackageManager: Not granting permission android.permission.WRITE_SECURE_SETTINGS to package com.android.deskclock (protectionLevel=50 flags=0x3c49be45)
11-20 23:53:06.506  3652  3652 W PackageManager: Unknown permission com.cyanogenmod.lockclock.permission.READ_WEATHER in package com.android.systemui
11-20 23:53:06.506  3652  3652 W PackageManager: Unknown permission com.google.android.gallery3d.permission.GALLERY_PROVIDER in package com.android.bluetooth
11-20 23:53:06.506  3652  3652 W PackageManager: Unknown permission com.google.android.googleapps.permission.ACCESS_GOOGLE_PASSWORD in package com.android.development
11-20 23:53:06.506  3652  3652 W PackageManager: Unknown permission com.google.android.googleapps.permission.GOOGLE_AUTH in package com.android.development
11-20 23:53:06.506  3652  3652 W PackageManager: Unknown permission com.google.android.googleapps.permission.GOOGLE_AUTH.ALL_SERVICES in package com.android.development
11-20 23:53:06.506  3652  3652 W PackageManager: Unknown permission com.google.android.googleapps.permission.GOOGLE_AUTH.YouTubeUser in package com.android.development
11-20 23:53:06.507  3652  3652 V PackageManager: reconcileAppsData for null u0 0x3
11-20 23:53:06.508  3215  3215 E SELinux : selinux_android_file_context_handle: Error getting file context handle (No such file or directory)
11-20 23:53:06.571  3652  3652 V PackageManager: reconcileAppsData finished 91 packages
11-20 23:53:06.571  3652  3652 V PackageManager: Disabling com.google.android.gsf/com.google.android.gsf.update.SystemUpdateActivity
11-20 23:53:06.571  3652  3652 W PackageManager: Unable to disable com.google.android.gsf/com.google.android.gsf.update.SystemUpdateActivity
11-20 23:53:06.571  3652  3652 V PackageManager: Disabling com.google.android.gsf/com.google.android.gsf.update.SystemUpdateService$Receiver
11-20 23:53:06.571  3652  3652 W PackageManager: Unable to disable com.google.android.gsf/com.google.android.gsf.update.SystemUpdateService$Receiver
11-20 23:53:06.571  3652  3652 V PackageManager: Disabling com.google.android.gsf/com.google.android.gsf.update.SystemUpdateService$SecretCodeReceiver
11-20 23:53:06.571  3652  3652 W PackageManager: Unable to disable com.google.android.gsf/com.google.android.gsf.update.SystemUpdateService$SecretCodeReceiver
11-20 23:53:06.571  3652  3652 V PackageManager: Disabling com.google.android.gsf/com.google.android.gsf.update.SystemUpdateServiceReceiver
11-20 23:53:06.571  3652  3652 W PackageManager: Unable to disable com.google.android.gsf/com.google.android.gsf.update.SystemUpdateServiceReceiver
11-20 23:53:06.571  3652  3652 V PackageManager: Disabling com.google.android.gms/com.google.android.gms.update.SystemUpdateActivity
11-20 23:53:06.571  3652  3652 W PackageManager: Unable to disable com.google.android.gms/com.google.android.gms.update.SystemUpdateActivity
11-20 23:53:06.571  3652  3652 V PackageManager: Disabling com.google.android.gms/com.google.android.gms.update.SystemUpdateService$Receiver
11-20 23:53:06.571  3652  3652 W PackageManager: Unable to disable com.google.android.gms/com.google.android.gms.update.SystemUpdateService$Receiver
11-20 23:53:06.571  3652  3652 V PackageManager: Disabling com.google.android.gms/com.google.android.gms.update.SystemUpdateService$ActiveReceiver
11-20 23:53:06.571  3652  3652 W PackageManager: Unable to disable com.google.android.gms/com.google.android.gms.update.SystemUpdateService$ActiveReceiver
11-20 23:53:06.571  3652  3652 V PackageManager: Disabling com.google.android.gms/com.google.android.gms.update.SystemUpdateService$SecretCodeReceiver
11-20 23:53:06.571  3652  3652 W PackageManager: Unable to disable com.google.android.gms/com.google.android.gms.update.SystemUpdateService$SecretCodeReceiver
11-20 23:53:06.571  3652  3652 V PackageManager: Disabling com.google.android.gms/com.google.android.gms.update.SystemUpdateServiceReceiver
11-20 23:53:06.571  3652  3652 W PackageManager: Unable to disable com.google.android.gms/com.google.android.gms.update.SystemUpdateServiceReceiver
11-20 23:53:06.571  3652  3652 V PackageManager: Enabling com.google.android.gsf/com.google.android.gsf.update.SystemUpdateService
11-20 23:53:06.571  3652  3652 W PackageManager: Unable to enable com.google.android.gsf/com.google.android.gsf.update.SystemUpdateService
11-20 23:53:06.571  3652  3652 V PackageManager: Enabling com.google.android.gms/com.google.android.gms.update.SystemUpdateService
11-20 23:53:06.571  3652  3652 W PackageManager: Unable to enable com.google.android.gms/com.google.android.gms.update.SystemUpdateService
11-20 23:53:06.630  3652  3652 I PackageManager.DexOptimizer: Running dexopt (dex2oat) on: /system/priv-app/TelephonyProvider/TelephonyProvider.apk pkg=com.android.providers.telephony isa=arm64 vmSafeMode=false debuggable=false target-filter=speed oatDir = null sharedLibraries=null
11-20 23:53:06.645  3877  3877 I dex2oat : /system/bin/dex2oat --compiler-filter=speed
11-20 23:53:06.794  3877  3877 I dex2oat : dex2oat took 148.930ms (threads: 8) arena alloc=7MB (7726096B) java alloc=274KB (280792B) native alloc=2MB (2115184B) free=11MB (12040592B)
11-20 23:53:06.798  3652  3652 I PackageManager.DexOptimizer: Running dexopt (dex2oat) on: /system/priv-app/MmsService/MmsService.apk pkg=com.android.mms.service isa=arm64 vmSafeMode=false debuggable=false target-filter=speed oatDir = null sharedLibraries=null
11-20 23:53:06.813  3886  3886 I dex2oat : /system/bin/dex2oat --compiler-filter=speed
11-20 23:53:06.876  3886  3886 I dex2oat : dex2oat took 63.093ms (threads: 8) arena alloc=1978KB (2025904B) java alloc=233KB (239088B) native alloc=1585KB (1623368B) free=4MB (4668088B)
11-20 23:53:06.879  3652  3652 I PackageManager.DexOptimizer: Running dexopt (dex2oat) on: /system/priv-app/DefaultContainerService/DefaultContainerService.apk pkg=com.android.defcontainer isa=arm64 vmSafeMode=false debuggable=false target-filter=speed oatDir = null sharedLibraries=null
11-20 23:53:06.895  3895  3895 I dex2oat : /system/bin/dex2oat --compiler-filter=speed
11-20 23:53:06.929  3895  3895 I dex2oat : dex2oat took 35.053ms (threads: 8) arena alloc=528KB (540752B) java alloc=101KB (104128B) native alloc=1152KB (1180152B) free=2MB (2489864B)
11-20 23:53:06.932  3652  3652 I PackageManager.DexOptimizer: Running dexopt (dex2oat) on: /system/priv-app/SettingsProvider/SettingsProvider.apk pkg=com.android.providers.settings isa=arm64 vmSafeMode=false debuggable=false target-filter=speed oatDir = null sharedLibraries=null
11-20 23:53:06.948  3904  3904 I dex2oat : /system/bin/dex2oat --compiler-filter=speed
11-20 23:53:07.070  3210  3210 D wrapperGPS: wrapperisConnected_RILD
11-20 23:53:07.070  3210  3210 D wrapperGPS: wrapperConnect_RILD
11-20 23:53:07.070  3210  3210 D gpsd    : WakeLock(Release,GPSD)
11-20 23:53:07.116  3904  3904 I dex2oat : dex2oat took 168.238ms (threads: 8) arena alloc=6MB (6535256B) java alloc=283KB (290392B) native alloc=1610KB (1648992B) free=9MB (10409632B)
11-20 23:53:07.119  3652  3652 I PackageManager.DexOptimizer: Running dexopt (dex2oat) on: /system/priv-app/InputDevices/InputDevices.apk pkg=com.android.inputdevices isa=arm64 vmSafeMode=false debuggable=false target-filter=speed oatDir = null sharedLibraries=null
11-20 23:53:07.135  3914  3914 I dex2oat : /system/bin/dex2oat --compiler-filter=speed
11-20 23:53:07.158  3914  3914 I dex2oat : dex2oat took 23.328ms (threads: 8) arena alloc=15KB (15632B) java alloc=32KB (33200B) native alloc=865KB (886136B) free=1182KB (1211016B)
11-20 23:53:07.160  3652  3652 I PackageManager.DexOptimizer: Running dexopt (dex2oat) on: /system/app/ExtShared/ExtShared.apk pkg=android.ext.shared isa=arm64 vmSafeMode=false debuggable=false target-filter=speed oatDir = null sharedLibraries=null
11-20 23:53:07.176  3923  3923 I dex2oat : /system/bin/dex2oat --compiler-filter=speed
11-20 23:53:07.201  3923  3923 I dex2oat : dex2oat took 25.456ms (threads: 8) arena alloc=78KB (79992B) java alloc=55KB (57056B) native alloc=890KB (911936B) free=2MB (2758080B)
11-20 23:53:07.204  3652  3652 I PackageManager.DexOptimizer: Running dexopt (dex2oat) on: /system/priv-app/Telecom/Telecom.apk pkg=com.android.server.telecom isa=arm64 vmSafeMode=false debuggable=false target-filter=speed oatDir = null sharedLibraries=null
11-20 23:53:07.219  3932  3932 I dex2oat : /system/bin/dex2oat --compiler-filter=speed
11-20 23:53:07.572  3932  3932 I dex2oat : dex2oat took 353.442ms (threads: 8) arena alloc=3MB (3796800B) java alloc=1025KB (1049656B) native alloc=4MB (4213088B) free=6MB (6796960B)
11-20 23:53:07.577  3652  3652 I PackageManager.DexOptimizer: Running dexopt (dex2oat) on: /system/priv-app/Dialer/Dialer.apk pkg=com.android.dialer isa=arm64 vmSafeMode=false debuggable=false target-filter=speed oatDir = null sharedLibraries=null
11-20 23:53:07.592  3941  3941 I dex2oat : /system/bin/dex2oat --compiler-filter=speed
11-20 23:53:07.761  3941  3948 W dex2oat : Before Android 4.1, method android.graphics.PorterDuffColorFilter android.support.graphics.drawable.VectorDrawableCompat.updateTintFilter(android.graphics.PorterDuffColorFilter, android.content.res.ColorStateList, android.graphics.PorterDuff$Mode) would have incorrectly overridden the package-private method in android.graphics.drawable.Drawable
11-20 23:53:07.774  3941  3941 W dex2oat : Before Android 4.1, method int android.support.v7.widget.ListViewCompat.lookForSelectablePosition(int, boolean) would have incorrectly overridden the package-private method in android.widget.ListView
11-20 23:53:09.039  3941  3941 I dex2oat : dex2oat took 1.447s (threads: 8) arena alloc=4MB (4339840B) java alloc=5MB (6099272B) native alloc=15MB (16166808B) free=6MB (6901864B)
11-20 23:53:09.045  3652  3652 I PackageManager.DexOptimizer: Running dexopt (dex2oat) on: /system/priv-app/ExtServices/ExtServices.apk pkg=android.ext.services isa=arm64 vmSafeMode=false debuggable=false target-filter=speed oatDir = null sharedLibraries=null
11-20 23:53:09.061  3950  3950 I dex2oat : /system/bin/dex2oat --compiler-filter=speed
11-20 23:53:09.095  3950  3950 I dex2oat : dex2oat took 34.040ms (threads: 8) arena alloc=339KB (347160B) java alloc=87KB (89968B) native alloc=1107KB (1134176B) free=2MB (2535840B)
11-20 23:53:09.097  3652  3652 I PackageManager.DexOptimizer: Running dexopt (dex2oat) on: /system/priv-app/CMSettingsProvider/CMSettingsProvider.apk pkg=org.cyanogenmod.cmsettings isa=arm64 vmSafeMode=false debuggable=false target-filter=speed oatDir = null sharedLibraries=null
11-20 23:53:09.113  3959  3959 I dex2oat : /system/bin/dex2oat --compiler-filter=speed
11-20 23:53:09.183  3959  3959 I dex2oat : dex2oat took 71.055ms (threads: 8) arena alloc=1830KB (1874904B) java alloc=240KB (246392B) native alloc=1648KB (1688040B) free=3MB (4079128B)
11-20 23:53:09.187  3652  3652 I PackageManager.DexOptimizer: Running dexopt (dex2oat) on: /system/priv-app/PackageInstaller/PackageInstaller.apk pkg=com.android.packageinstaller isa=arm64 vmSafeMode=false debuggable=false target-filter=speed oatDir = null sharedLibraries=null
11-20 23:53:09.202  3968  3968 I dex2oat : /system/bin/dex2oat --compiler-filter=speed
11-20 23:53:09.276  3968  3971 W dex2oat : Before Android 4.1, method android.graphics.PorterDuffColorFilter android.support.graphics.drawable.VectorDrawableCompat.updateTintFilter(android.graphics.PorterDuffColorFilter, android.content.res.ColorStateList, android.graphics.PorterDuff$Mode) would have incorrectly overridden the package-private method in android.graphics.drawable.Drawable
11-20 23:53:09.293  3968  3970 W dex2oat : Before Android 4.1, method int android.support.v7.widget.ListViewCompat.lookForSelectablePosition(int, boolean) would have incorrectly overridden the package-private method in android.widget.ListView
11-20 23:53:09.839  3968  3968 I dex2oat : dex2oat took 636.970ms (threads: 8) arena alloc=4MB (5038136B) java alloc=3MB (3961840B) native alloc=6MB (7089480B) free=8MB (8639160B)
11-20 23:53:09.843  3652  3652 I PackageManager.DexOptimizer: Running dexopt (dex2oat) on: /system/priv-app/ProxyHandler/ProxyHandler.apk pkg=com.android.proxyhandler isa=arm64 vmSafeMode=false debuggable=false target-filter=speed oatDir = null sharedLibraries=null
11-20 23:53:09.859  3977  3977 I dex2oat : /system/bin/dex2oat --compiler-filter=speed
11-20 23:53:09.894  3977  3977 I dex2oat : dex2oat took 34.947ms (threads: 8) arena alloc=1264KB (1294936B) java alloc=90KB (92672B) native alloc=1177KB (1206088B) free=3MB (3512504B)
11-20 23:53:09.897  3652  3652 I PackageManager.DexOptimizer: Running dexopt (dex2oat) on: /system/app/LatinIME/LatinIME.apk pkg=com.android.inputmethod.latin isa=arm64 vmSafeMode=false debuggable=false target-filter=speed oatDir = null sharedLibraries=null
11-20 23:53:09.912  3987  3987 I dex2oat : /system/bin/dex2oat --compiler-filter=speed
11-20 23:53:10.305  3987  3987 I dex2oat : dex2oat took 393.392ms (threads: 8) arena alloc=2MB (2864920B) java alloc=1661KB (1701840B) native alloc=4MB (4524640B) free=6MB (6485408B)
11-20 23:53:10.310  3652  3652 I PackageManager.DexOptimizer: Running dexopt (dex2oat) on: /system/priv-app/Settings/Settings.apk pkg=com.android.settings isa=arm64 vmSafeMode=false debuggable=false target-filter=speed oatDir = null sharedLibraries=null
11-20 23:53:10.326  3996  3996 I dex2oat : /system/bin/dex2oat --compiler-filter=speed
11-20 23:53:10.487  3996  4002 W dex2oat : Before Android 4.1, method android.graphics.PorterDuffColorFilter android.support.graphics.drawable.VectorDrawableCompat.updateTintFilter(android.graphics.PorterDuffColorFilter, android.content.res.ColorStateList, android.graphics.PorterDuff$Mode) would have incorrectly overridden the package-private method in android.graphics.drawable.Drawable
11-20 23:53:10.498  3996  4003 W dex2oat : Before Android 4.1, method int android.support.v7.widget.ListViewCompat.lookForSelectablePosition(int, boolean) would have incorrectly overridden the package-private method in android.widget.ListView
