09-13 21:06:18.517  3184  3473 D audio_hw_primary_abox: primary_out-out_set_parameters: Requested to change route from 0x2 to 0x2
09-13 21:06:18.517  3184  3473 D audio_hw_primary_abox: primary_out-out_set_parameters: exit
09-13 21:06:18.517  3184  3473 V audio_hw_primary_abox: primary_out-out_standby: enter
09-13 21:06:18.517  3184  3473 V audio_hw_primary_abox: primary_out-out_standby: exit
09-13 21:06:18.517  3184  3473 W BatteryNotifier: batterystats service unavailable!
09-13 21:06:18.517  3184  3244 D audio_hw_primary_abox: device-adev_set_voice_volume: enter with volume level(1.000000)
09-13 21:06:18.517  3184  3244 D audio_hw_primary_abox: device-adev_set_voice_volume: exit
09-13 21:06:18.517  3184  3473 W BatteryNotifier: batterystats service unavailable!
09-13 21:06:18.517  3184  3473 W AudioFlinger: no wake lock to update, system not ready yet
09-13 21:06:18.518  3184  3184 I AudioFlinger: openOutput(), module 10 Device 2, SamplingRate 48000, Format 0x000001, Channels 3, flags 4
09-13 21:06:18.518  3184  3184 D audio_hw_primary_abox: device-adev_open_output_stream: enter: io_handle (21), sample_rate(48000) channel_mask(0x3) devices(0x2) flags(0x4)
09-13 21:06:18.518  3184  3184 D audio_hw_primary_abox: device-adev_open_output_stream: Requested open fast output
09-13 21:06:18.518  3184  3184 I audio_hw_primary_abox: Check PCM Channel Count: Default(2), Request(2)
09-13 21:06:18.518  3184  3184 I audio_hw_primary_abox: Check PCM Smapling Rate: Default(48000), Request(48000)
09-13 21:06:18.518  3184  3184 I audio_hw_primary_abox: Check PCM Format: Default(0), Request(0)
09-13 21:06:18.518  3184  3184 I audio_hw_primary_abox: fast_out-adev_open_output_stream: Transit to Standby
09-13 21:06:18.518  3184  3184 D PostProcessConvertor: PostProcessConvertorInit ++ OSR 192000, ISR 48000, CC 2, OBW 4, IBW 1 
09-13 21:06:18.518  3184  3184 D SoundAliveResampler: [SoundAliveResampler] Init+++
09-13 21:06:18.518  3184  3184 V audio_hw_primary_abox: fast_out-add_audio_usage: Added Audio Stream into Audio Usage list!
09-13 21:06:18.518  3184  3184 D audio_hw_primary_abox: device-adev_open_output_stream: Opened fast_out stream
09-13 21:06:18.518  3184  3184 V audio_hw_primary_abox: fast_out-out_get_format: exit with audio format = 0x1
09-13 21:06:18.518  3184  3184 V audio_hw_primary_abox: fast_out-out_get_channels: exit with channel mask = 0x3
09-13 21:06:18.518  3184  3184 V audio_hw_primary_abox: fast_out-out_get_sample_rate: exit with sample rate = 48000
09-13 21:06:18.518  3184  3184 V audio_hw_primary_abox: fast_out-out_get_channels: exit with channel mask = 0x3
09-13 21:06:18.518  3184  3184 V audio_hw_primary_abox: fast_out-out_get_format: exit with audio format = 0x1
09-13 21:06:18.518  3184  3184 V audio_hw_primary_abox: fast_out-out_get_format: exit with audio format = 0x1
09-13 21:06:18.518  3184  3184 V audio_hw_primary_abox: fast_out-out_get_format: exit with audio format = 0x1
09-13 21:06:18.518  3184  3184 V audio_hw_primary_abox: fast_out-out_get_channels: exit with channel mask = 0x3
09-13 21:06:18.518  3184  3184 V audio_hw_primary_abox: fast_out-out_get_buffer_size: Period Size = 192, Frame Size = 4
09-13 21:06:18.518  3184  3184 V audio_hw_primary_abox: fast_out-out_get_format: exit with audio format = 0x1
09-13 21:06:18.518  3184  3184 V audio_hw_primary_abox: fast_out-out_get_channels: exit with channel mask = 0x3
09-13 21:06:18.518  3184  3184 I AudioFlinger: HAL output buffer size 192 frames, normal sink buffer size 960 frames
09-13 21:06:18.518  3184  3184 V audio_hw_primary_abox: fast_out-out_get_format: exit with audio format = 0x1
09-13 21:06:18.518  3184  3184 V audio_hw_primary_abox: fast_out-out_get_channels: exit with channel mask = 0x3
09-13 21:06:18.518  3184  3184 V audio_hw_primary_abox: fast_out-out_get_buffer_size: Period Size = 192, Frame Size = 4
09-13 21:06:18.518  3184  3184 V audio_hw_primary_abox: fast_out-out_get_format: exit with audio format = 0x1
09-13 21:06:18.518  3184  3184 V audio_hw_primary_abox: fast_out-out_get_channels: exit with channel mask = 0x3
09-13 21:06:18.518  3184  3184 V audio_hw_primary_abox: fast_out-out_get_format: exit with audio format = 0x1
09-13 21:06:18.518  3184  3184 V audio_hw_primary_abox: fast_out-out_get_sample_rate: exit with sample rate = 48000
09-13 21:06:18.518  3184  3184 V audio_hw_primary_abox: fast_out-out_get_channels: exit with channel mask = 0x3
09-13 21:06:18.518  3184  3475 I AudioFlinger: AudioFlinger's thread 0xf5a033c0 ready to run
09-13 21:06:18.519  3184  3475 W BatteryNotifier: batterystats service unavailable!
09-13 21:06:18.519  3184  3475 V audio_hw_primary_abox: fast_out-out_standby: enter
09-13 21:06:18.519  3184  3475 V audio_hw_primary_abox: fast_out-out_standby: exit
09-13 21:06:18.519  3184  3475 W BatteryNotifier: batterystats service unavailable!
09-13 21:06:18.519  3184  3475 W BatteryNotifier: batterystats service unavailable!
09-13 21:06:18.519  3184  3475 D audio_hw_primary_abox: fast_out-out_set_parameters: enter with param = routing=2
09-13 21:06:18.519  3184  3475 D audio_hw_primary_abox: fast_out-out_set_parameters: Requested to change route from 0x2 to 0x2
09-13 21:06:18.519  3184  3475 D audio_hw_primary_abox: fast_out-out_set_parameters: exit
09-13 21:06:18.519  3184  3475 W AudioFlinger: no wake lock to update, system not ready yet
09-13 21:06:18.520  3184  3184 D audio_hw_primary_abox: device-adev_open_input_stream: enter: io_handle (14), sample_rate(48000) channel_mask(0xc) devices(0x80000004) flags(0) source(1)
09-13 21:06:18.520  3184  3184 I audio_hw_primary_abox: device-adev_open_input_stream: requested input samplerate decides audio path of csvt and vowifi, sample_rate = 48000
09-13 21:06:18.520  3184  3184 D audio_hw_primary_abox: device-adev_open_input_stream: Requested open Primary input
09-13 21:06:18.520  3184  3184 I audio_hw_primary_abox: is_voice_wakeup : ret =  0  , wakeup_baby_cry_enabled = 0  ,  wakeup_mic_enabled = 0 
09-13 21:06:18.520  3184  3184 I audio_hw_primary_abox: primary_in-adev_open_input_stream: Transit to Standby
09-13 21:06:18.520  3184  3184 V audio_hw_primary_abox: primary_in-add_audio_usage: Added Audio Stream into Audio Usage list!
09-13 21:06:18.520  3184  3184 D audio_hw_primary_abox: adev_open_input_stream: preprocessing_latency = 0
09-13 21:06:18.520  3184  3184 I audio_hw_primary_abox: adev_open_input_stream: input is null, set new input stream
09-13 21:06:18.520  3184  3184 D audio_hw_primary_abox: device-adev_open_input_stream: Opened primary_in stream
09-13 21:06:18.523  3184  3477 I AudioFlinger: AudioFlinger's thread 0xf57032c0 ready to run
09-13 21:06:18.523  3184  3184 D audio_hw_primary_abox: device-adev_close_input_stream: enter with Audio Usage(primary_in)
09-13 21:06:18.523  3184  3184 V audio_hw_primary_abox: stop_voice_note_recording
09-13 21:06:18.523  3184  3184 D audio_hw_primary_abox: primary_in-in_standby: enter
09-13 21:06:18.523  3184  3184 D audio_hw_primary_abox: primary_in-in_standby: exit
09-13 21:06:18.523  3184  3184 V audio_hw_primary_abox: primary_in-remove_audio_usage: Removed Audio Usage from Audio Usage list!
09-13 21:06:18.523  3184  3184 E audio_hw_primary_abox: adev_close_input_stream, set jack_in to null
09-13 21:06:18.523  3184  3184 D audio_hw_primary_abox: device-adev_close_input_stream: Closed primary_in stream
09-13 21:06:18.538  3184  3184 I bt_a2dp_hw: adev_open:  adev_open in A2dp_hw module
09-13 21:06:18.538  3184  3184 I AudioFlinger: loadHwModule() Loaded a2dp audio interface from A2DP Audio HW HAL (audio) handle 18
09-13 21:06:18.540  3184  3184 I AudioFlinger: loadHwModule() Loaded usb audio interface from USB audio HW HAL (audio) handle 26
09-13 21:06:18.540  3184  3184 E AudioFlinger: int android::load_audio_interface(const char *, audio_hw_device_t **) couldn't load audio hw module audio.tms (No such file or directory)
09-13 21:06:18.540  3184  3184 E AudioFlinger: loadHwModule() error -2 loading module tms
09-13 21:06:18.540  3184  3184 W APM_AudioPolicyManager: could not open HW module tms
09-13 21:06:18.551  3184  3184 I r_submix: adev_open(name=audio_hw_if)
09-13 21:06:18.551  3184  3184 I r_submix: adev_init_check()
09-13 21:06:18.551  3184  3184 I AudioFlinger: loadHwModule() Loaded r_submix audio interface from Wifi Display audio HAL (audio) handle 34
09-13 21:06:18.551  3184  3184 D r_submix: adev_open_input_stream(addr=0)
09-13 21:06:18.551  3184  3184 D r_submix: submix_audio_device_create_pipe_l(addr=0, idx=9)
09-13 21:06:18.551  3184  3184 D r_submix:   now using address 0 for route 9
09-13 21:06:18.552  3184  3487 I AudioFlinger: AudioFlinger's thread 0xf56830c0 ready to run
09-13 21:06:18.552  3184  3184 D r_submix: adev_close_input_stream()
09-13 21:06:18.552  3184  3184 D r_submix: submix_audio_device_release_pipe_l(idx=9) addr=0
09-13 21:06:18.552  3184  3184 D r_submix: submix_audio_device_destroy_pipe_l(): pipe destroyed
09-13 21:06:18.552  3184  3184 E AudioFlinger: int android::load_audio_interface(const char *, audio_hw_device_t **) couldn't load audio hw module audio.playback_record (No such file or directory)
09-13 21:06:18.552  3184  3184 E AudioFlinger: loadHwModule() error -2 loading module playback_record
09-13 21:06:18.552  3184  3184 W APM_AudioPolicyManager: could not open HW module playback_record
09-13 21:06:18.552  3184  3184 W APM_AudioPolicyManager: Input device 84000000 unreachable
09-13 21:06:18.553  3184  3244 D audio_hw_primary_abox: device-adev_set_parameters: enter with key(support_output_device=3)
09-13 21:06:18.553  3184  3244 I audio_hw_primary_abox: support output @audio_hw 3
09-13 21:06:18.553  3184  3244 I audio_hw_primary_abox: support reciever @audio_hw
09-13 21:06:18.553  3184  3244 D audio_hw_primary_abox: device-adev_set_parameters: exit
09-13 21:06:18.553  3184  3244 D audio_hw_primary_abox: device-adev_set_parameters: enter with key(support_input_device=-2145386044)
09-13 21:06:18.553  3184  3244 I audio_hw_primary_abox: support input @audio_hw -2145386044
09-13 21:06:18.553  3184  3244 I audio_hw_primary_abox: support backmic @audio_hw
09-13 21:06:18.553  3184  3244 I audio_hw_primary_abox: support thirdmic @audio_hw
09-13 21:06:18.553  3184  3244 D audio_hw_primary_abox: device-adev_set_parameters: exit
09-13 21:06:18.554  3184  3184 W VolumeCustomizer: createVolumeTable device=0
09-13 21:06:18.554  3184  3184 D AudioInfo: can not find AudioDataPath for fileName:/Volume.data
09-13 21:06:18.554  3184  3184 D VolumeCustomizer: volume tuning file does NOT exist!!! use default VolumeTable
09-13 21:06:18.554  3184  3184 W VolumeCustomizer: createVolumeTable device=1
09-13 21:06:18.554  3184  3184 D VolumeCustomizer: volume tuning file does NOT exist!!! use default VolumeTable
09-13 21:06:18.554  3184  3184 W VolumeCustomizer: createVolumeTable device=2
09-13 21:06:18.554  3184  3184 D VolumeCustomizer: volume tuning file does NOT exist!!! use default VolumeTable
09-13 21:06:18.554  3184  3184 W VolumeCustomizer: createVolumeTable device=3
09-13 21:06:18.554  3184  3184 D VolumeCustomizer: volume tuning file does NOT exist!!! use default VolumeTable
09-13 21:06:18.554  3184  3184 W VolumeCustomizer: createVolumeTable device=4
09-13 21:06:18.554  3184  3184 D VolumeCustomizer: volume tuning file does NOT exist!!! use default VolumeTable
09-13 21:06:18.554  3184  3184 W VolumeCustomizer: createVolumeTable device=5
09-13 21:06:18.554  3184  3184 D VolumeCustomizer: volume tuning file does NOT exist!!! use default VolumeTable
09-13 21:06:18.554  3184  3184 W VolumeCustomizer: createVolumeTable device=6
09-13 21:06:18.554  3184  3184 D VolumeCustomizer: volume tuning file does NOT exist!!! use default VolumeTable
09-13 21:06:18.554  3184  3244 D audio_hw_primary_abox: device-adev_set_parameters: enter with key(FixedRingVol=0.0354813375;FixedRingVolBt=0.0999999940)
09-13 21:06:18.554  3184  3244 D audio_hw_primary_abox: device-adev_set_parameters: exit
09-13 21:06:18.554  3192  3192 V NatController: runCmd(/system/bin/iptables -w -F natctrl_FORWARD) res=0
09-13 21:06:18.554  3184  3184 I APM_AudioPolicyManager: ENFORCED_AUDIBLE cannot be muted
09-13 21:06:18.554  3184  3244 D audio_hw_primary_abox: device-adev_set_parameters: enter with key(mCameraForced)
09-13 21:06:18.554  3184  3244 D audio_hw_primary_abox: device-adev_set_parameters: exit
09-13 21:06:18.554  3184  3184 I APM_AudioPolicyManager: Set the flinger 'ro.camera.sound.forced
09-13 21:06:18.555  3184  3184 I RadioService: RadioService
09-13 21:06:18.555  3184  3184 I RadioService: onFirstRef
09-13 21:06:18.555  3184  3184 E RadioService: couldn't load radio module radio.primary (No such file or directory)
09-13 21:06:18.555  3184  3184 E SoundTriggerHwService: couldn't load sound trigger module sound_trigger.primary (No such file or directory)
09-13 21:06:18.559  3192  3192 V NatController: runCmd(/system/bin/ip6tables -w -F natctrl_FORWARD) res=0
09-13 21:06:18.563  3192  3192 V NatController: runCmd(/system/bin/iptables -w -A natctrl_FORWARD -j DROP) res=0
09-13 21:06:18.567  3192  3192 V NatController: runCmd(/system/bin/iptables -w -t nat -F natctrl_nat_POSTROUTING) res=0
09-13 21:06:18.571  3192  3192 V NatController: runCmd(/system/bin/ip6tables -w -t raw -F natctrl_raw_PREROUTING) res=0
09-13 21:06:18.575  3192  3192 V NatController: runCmd(/system/bin/iptables -w -F natctrl_tether_counters) res=1
09-13 21:06:18.579  3192  3192 V NatController: runCmd(/system/bin/ip6tables -w -F natctrl_tether_counters) res=1
09-13 21:06:18.584  3192  3192 V NatController: runCmd(/system/bin/iptables -w -X natctrl_tether_counters) res=1
09-13 21:06:18.588  3192  3192 V NatController: runCmd(/system/bin/ip6tables -w -X natctrl_tether_counters) res=1
09-13 21:06:18.592  3192  3192 V NatController: runCmd(/system/bin/iptables -w -N natctrl_tether_counters) res=0
09-13 21:06:18.596  3192  3192 V NatController: runCmd(/system/bin/ip6tables -w -N natctrl_tether_counters) res=0
09-13 21:06:18.600  3192  3192 V NatController: runCmd(/system/bin/iptables -w -t mangle -A natctrl_mangle_FORWARD -p tcp --tcp-flags SYN SYN -j TCPMSS --clamp-mss-to-pmtu) res=0
09-13 21:06:18.615  3160  3160 D SurfaceFlinger: SF. shader cache generated - 26 shaders in 937.118835 ms
09-13 21:06:18.617  3160  3160 D SurfaceFlinger: Set power mode=2, type=0 flinger=0x7f83048000
09-13 21:06:18.632  3180  3180 D wrapperGPS: wrapperConnect_RILD
09-13 21:06:18.720  3192  3192 E Netd    : cannot find interface dummy0
09-13 21:06:18.744  3192  3192 D MDnsDS  : MDnsSdListener::Hander starting up
09-13 21:06:18.744  3192  3519 D MDnsDS  : MDnsSdListener starting to monitor
09-13 21:06:18.744  3192  3519 D MDnsDS  : Going to poll with pollCount 1
09-13 21:06:18.827  3504  3526 D libEGL  : loaded /vendor/lib64/egl/libGLES_mali.so
09-13 21:06:18.836  3504  3526 D mali_winsys: EGLint new_window_surface(egl_winsys_display*, void*, EGLSurface, EGLConfig, egl_winsys_surface**, egl_color_buffer_format*, EGLBoolean) returns 0x3000,  [1440x2960]-format:2
09-13 21:06:18.947  3526  3526 I BootAnimation: type=1400 audit(0.0:123): avc: denied { read write } for name="fimg2d" dev="tmpfs" ino=2517 scontext=u:r:bootanim:s0 tcontext=u:object_r:device:s0 tclass=chr_file permissive=1
09-13 21:06:18.947  3526  3526 I BootAnimation: type=1400 audit(0.0:123): avc: denied { open } for path="/dev/fimg2d" dev="tmpfs" ino=2517 scontext=u:r:bootanim:s0 tcontext=u:object_r:device:s0 tclass=chr_file permissive=1
09-13 21:06:18.947  3526  3526 W BootAnimation: type=1300 audit(0.0:123): arch=c00000b7 syscall=56 success=yes exit=14 a0=ffffff9c a1=7fac5ef703 a2=2 a3=0 items=0 ppid=1 auid=4294967295 uid=1003 gid=1003 euid=1003 suid=1003 fsuid=1003 egid=1003 sgid=1003 fsgid=1003 tty=(none) ses=4294967295 exe="/system/bin/bootanimation" subj=u:r:bootanim:s0 key=(null)
09-13 21:06:18.947  3085  3085 W auditd  : type=1327 audit(0.0:123): proctitle="/system/bin/bootanimation"
09-13 21:06:18.947  3085  3085 W auditd  : type=1320 audit(0.0:123): 
09-13 21:06:18.947  3526  3526 I BootAnimation: type=1400 audit(0.0:124): avc: denied { ioctl } for path="/dev/fimg2d" dev="tmpfs" ino=2517 ioctlcmd=4d04 scontext=u:r:bootanim:s0 tcontext=u:object_r:device:s0 tclass=chr_file permissive=1
09-13 21:06:18.947  3526  3526 W BootAnimation: type=1300 audit(0.0:124): arch=c00000b7 syscall=29 success=yes exit=0 a0=f a1=c1104d04 a2=7fa850d2b0 a3=0 items=0 ppid=1 auid=4294967295 uid=1003 gid=1003 euid=1003 suid=1003 fsuid=1003 egid=1003 sgid=1003 fsgid=1003 tty=(none) ses=4294967295 exe="/system/bin/bootanimation" subj=u:r:bootanim:s0 key=(null)
09-13 21:06:18.947  3085  3085 W auditd  : type=1327 audit(0.0:124): proctitle="/system/bin/bootanimation"
09-13 21:06:18.947  3085  3085 W auditd  : type=1320 audit(0.0:124): 
09-13 21:06:19.633  3180  3180 D wrapperGPS: wrapperConnect_RILD
09-13 21:06:20.062  3357  3357 I dex2oat : Explicit concurrent mark sweep GC freed 7869(1469KB) AllocSpace objects, 0(0B) LOS objects, 66% free, 1825KB/5MB, paused 40us total 7.972ms
09-13 21:06:20.076  3353  3353 I dex2oat : Explicit concurrent mark sweep GC freed 7869(2MB) AllocSpace objects, 0(0B) LOS objects, 61% free, 2MB/6MB, paused 44us total 7.870ms
09-13 21:06:20.633  3180  3180 D wrapperGPS: wrapperConnect_RILD
09-13 21:06:20.634  3180  3180 D gpsd    : WakeLock(Acquire,GPSD)
09-13 21:06:20.634  3180  3180 D gpsd    : WakeLock(Release,GPSD)
09-13 21:06:20.634  3180  3180 D gpsd    : WakeLock(Acquire,GPSD)
09-13 21:06:20.634  3180  3180 D gpsd    : WakeLock(Release,GPSD)
09-13 21:06:20.782  3357  3357 I dex2oat : dex2oat took 2.661s (threads: 8) arena alloc=0B (0B) java alloc=1829KB (1873040B) native alloc=7MB (7784736B) free=4MB (4798176B)
09-13 21:06:20.809  3182  3182 D ICU     : No timezone override file found: /data/misc/zoneinfo/current/icu/icu_tzdata.dat
09-13 21:06:20.814  3353  3353 I dex2oat : dex2oat took 2.695s (threads: 8) arena alloc=0B (0B) java alloc=2MB (2608704B) native alloc=10MB (10597096B) free=5MB (5786904B)
09-13 21:06:20.840  3182  3182 W art     : Before Android 4.1, method double java.util.concurrent.ThreadLocalRandom.internalNextDouble(double, double) would have incorrectly overridden the package-private method in java.util.Random
09-13 21:06:20.840  3182  3182 W art     : Before Android 4.1, method int java.util.concurrent.ThreadLocalRandom.internalNextInt(int, int) would have incorrectly overridden the package-private method in java.util.Random
09-13 21:06:20.840  3182  3182 W art     : Before Android 4.1, method long java.util.concurrent.ThreadLocalRandom.internalNextLong(long, long) would have incorrectly overridden the package-private method in java.util.Random
09-13 21:06:20.843  3181  3181 D ICU     : No timezone override file found: /data/misc/zoneinfo/current/icu/icu_tzdata.dat
09-13 21:06:20.870  3181  3181 W art     : Before Android 4.1, method double java.util.concurrent.ThreadLocalRandom.internalNextDouble(double, double) would have incorrectly overridden the package-private method in java.util.Random
09-13 21:06:20.870  3181  3181 W art     : Before Android 4.1, method int java.util.concurrent.ThreadLocalRandom.internalNextInt(int, int) would have incorrectly overridden the package-private method in java.util.Random
09-13 21:06:20.870  3181  3181 W art     : Before Android 4.1, method long java.util.concurrent.ThreadLocalRandom.internalNextLong(long, long) would have incorrectly overridden the package-private method in java.util.Random
09-13 21:06:20.966  3182  3182 I Radio-JNI: register_android_hardware_Radio DONE
09-13 21:06:21.002  3181  3181 I Radio-JNI: register_android_hardware_Radio DONE
09-13 21:06:21.003  3182  3182 I SamplingProfilerIntegration: Profiling disabled.
09-13 21:06:21.004  3182  3182 D Zygote  : begin preload
09-13 21:06:21.004  3182  3182 I Zygote  : Installing ICU cache reference pinning...
09-13 21:06:21.005  3182  3182 I Zygote  : Preloading ICU data...
09-13 21:06:21.032  3181  3181 I SamplingProfilerIntegration: Profiling disabled.
09-13 21:06:21.033  3181  3181 D Zygote  : begin preload
09-13 21:06:21.033  3181  3181 I Zygote  : Installing ICU cache reference pinning...
09-13 21:06:21.033  3181  3181 I Zygote  : Preloading ICU data...
09-13 21:06:21.159  3181  3181 I Zygote  : Preloading classes...
09-13 21:06:21.162  3182  3182 I Zygote  : Preloading classes...
09-13 21:06:21.164  3181  3181 W Zygote  : Class not found for preloading: [Landroid.view.Display$ColorTransform;
09-13 21:06:21.168  3182  3182 W Zygote  : Class not found for preloading: [Landroid.view.Display$ColorTransform;
09-13 21:06:21.518  3184  3473 W BatteryNotifier: batterystats service unavailable!
09-13 21:06:21.528  3184  3475 W BatteryNotifier: batterystats service unavailable!
09-13 21:06:22.104  3182  3182 E Typeface: Error mapping font file /system/fonts/DroidSansFallback.ttf
09-13 21:06:22.106  3181  3181 E Typeface: Error mapping font file /system/fonts/DroidSansFallback.ttf
09-13 21:06:22.615  3284  3284 I chatty  : uid=1001(radio) /system/bin/rild expire 2 lines
09-13 21:06:22.615  3085  3085 W auditd  : type=1327 audit(0.0:125): proctitle="/system/bin/rild"
09-13 21:06:22.615  3085  3085 W auditd  : type=1320 audit(0.0:125): 
09-13 21:06:22.908  3181  3181 I art     : Thread[1,tid=3181,Native,Thread*=0x7f7c295a00,peer=0x12c420d0,"main"] recursive attempt to load library "/system/lib64/libmedia_jni.so"
09-13 21:06:22.908  3181  3181 D MtpDeviceJNI: register_android_mtp_MtpDevice
09-13 21:06:22.909  3181  3181 I art     : Thread[1,tid=3181,Native,Thread*=0x7f7c295a00,peer=0x12c420d0,"main"] recursive attempt to load library "/system/lib64/libmedia_jni.so"
09-13 21:06:22.910  3181  3181 I art     : Thread[1,tid=3181,Native,Thread*=0x7f7c295a00,peer=0x12c420d0,"main"] recursive attempt to load library "/system/lib64/libmedia_jni.so"
09-13 21:06:22.948  3181  3181 E FFMPEGSoftCodec: Failed to load FFMPEG plugin: (null)
09-13 21:06:23.028  3182  3182 I art     : Thread[1,tid=3182,Native,Thread*=0xf4985400,peer=0x12c04f70,"main"] recursive attempt to load library "/system/lib/libmedia_jni.so"
09-13 21:06:23.029  3182  3182 D MtpDeviceJNI: register_android_mtp_MtpDevice
09-13 21:06:23.030  3182  3182 I art     : Thread[1,tid=3182,Native,Thread*=0xf4985400,peer=0x12c04f70,"main"] recursive attempt to load library "/system/lib/libmedia_jni.so"
09-13 21:06:23.030  3182  3182 I art     : Thread[1,tid=3182,Native,Thread*=0xf4985400,peer=0x12c04f70,"main"] recursive attempt to load library "/system/lib/libmedia_jni.so"
09-13 21:06:23.070  3182  3182 E FFMPEGSoftCodec: Failed to load FFMPEG plugin: (null)
09-13 21:06:23.299  3181  3181 W Zygote  : Class not found for preloading: android.view.Display$ColorTransform
09-13 21:06:23.299  3181  3181 W Zygote  : Class not found for preloading: android.view.Display$ColorTransform$1
09-13 21:06:23.425  3182  3182 W Zygote  : Class not found for preloading: android.view.Display$ColorTransform
09-13 21:06:23.426  3182  3182 W Zygote  : Class not found for preloading: android.view.Display$ColorTransform$1
09-13 21:06:23.522  3181  3181 W System  : ClassLoader referenced unknown path: /system/framework/tcmclient.jar
09-13 21:06:23.607  3581  3581 I init    : type=1400 audit(0.0:126): avc: denied { create } for name="sap_uim_socket1" scontext=u:r:init:s0 tcontext=u:object_r:socket_device:s0 tclass=sock_file permissive=1
09-13 21:06:23.607  3581  3581 W init    : type=1300 audit(0.0:126): arch=c00000b7 syscall=200 success=yes exit=0 a0=d a1=7fcf7c42f8 a2=6e a3=17 items=0 ppid=1 auid=4294967295 uid=0 gid=0 euid=0 suid=0 fsuid=0 egid=0 sgid=0 fsgid=0 tty=(none) ses=4294967295 exe="/init" subj=u:r:init:s0 key=(null)
09-13 21:06:23.607  3085  3085 W auditd  : type=1327 audit(0.0:126): proctitle=2F696E6974002D2D7365636F6E642D7374616765
09-13 21:06:23.607  3085  3085 W auditd  : type=1320 audit(0.0:126): 
09-13 21:06:23.607  3581  3581 I init    : type=1400 audit(0.0:127): avc: denied { setattr } for name="sap_uim_socket1" dev="tmpfs" ino=22877 scontext=u:r:init:s0 tcontext=u:object_r:socket_device:s0 tclass=sock_file permissive=1
09-13 21:06:23.607  3581  3581 W init    : type=1300 audit(0.0:127): arch=c00000b7 syscall=54 success=yes exit=0 a0=ffffff9c a1=7fcf7c42fa a2=3ea a3=3ea items=0 ppid=1 auid=4294967295 uid=0 gid=0 euid=0 suid=0 fsuid=0 egid=0 sgid=0 fsgid=0 tty=(none) ses=4294967295 exe="/init" subj=u:r:init:s0 key=(null)
09-13 21:06:23.607  3085  3085 W auditd  : type=1327 audit(0.0:127): proctitle=2F696E6974002D2D7365636F6E642D7374616765
09-13 21:06:23.607  3085  3085 W auditd  : type=1320 audit(0.0:127): 
09-13 21:06:23.608  3180  3567 D wrapperGPS: onError: error 4
09-13 21:06:23.608  3180  3180 D gpsd    : WakeLock(Acquire,GPSD)
09-13 21:06:23.684  3182  3182 W System  : ClassLoader referenced unknown path: /system/framework/tcmclient.jar
09-13 21:06:23.759  3583  3583 I chatty  : uid=1001(radio) /system/bin/rild expire 2 lines
09-13 21:06:23.759  3085  3085 W auditd  : type=1327 audit(0.0:128): proctitle="/system/bin/rild"
09-13 21:06:23.759  3085  3085 W auditd  : type=1320 audit(0.0:128): 
09-13 21:06:23.951  3181  3181 I System  : Loaded time zone names for "" in 245ms (215ms in ICU)
09-13 21:06:23.992  3181  3181 I System  : Loaded time zone names for "en_US" in 41ms (9ms in ICU)
09-13 21:06:24.089  3182  3182 I System  : Loaded time zone names for "" in 62ms (17ms in ICU)
09-13 21:06:24.144  3182  3182 I System  : Loaded time zone names for "en_US" in 54ms (10ms in ICU)
09-13 21:06:24.285  3181  3181 I Zygote  : ...preloaded 4158 classes in 3125ms.
09-13 21:06:24.285  3181  3181 I art     : VMRuntime.preloadDexCaches starting
09-13 21:06:24.329  3181  3181 I art     : VMRuntime.preloadDexCaches strings total=288446 before=12011 after=12011
09-13 21:06:24.329  3181  3181 I art     : VMRuntime.preloadDexCaches types total=23810 before=9280 after=11325
09-13 21:06:24.329  3181  3181 I art     : VMRuntime.preloadDexCaches fields total=113941 before=41160 after=54105
09-13 21:06:24.329  3181  3181 I art     : VMRuntime.preloadDexCaches methods total=199717 before=78591 after=96703
09-13 21:06:24.329  3181  3181 I art     : VMRuntime.preloadDexCaches finished
09-13 21:06:24.330  3181  3181 I Zygote  : Preloading resources...
09-13 21:06:24.365  3181  3181 W Resources: Preloaded drawable resource #0x108025c (android:drawable/dialog_background_material) that varies with configuration!!
09-13 21:06:24.373  3181  3181 W Resources: Preloaded color resource #0x10600ea (android:color/material_grey_800) that varies with configuration!!
09-13 21:06:24.373  3181  3181 W Resources: Preloaded drawable resource #0x10802c9 (android:drawable/floating_popup_background_dark) that varies with configuration!!
09-13 21:06:24.498  3182  3182 I Zygote  : ...preloaded 4158 classes in 3335ms.
09-13 21:06:24.498  3182  3182 I art     : VMRuntime.preloadDexCaches starting
09-13 21:06:24.505  3181  3181 I Zygote  : ...preloaded 114 resources in 175ms.
09-13 21:06:24.514  3181  3181 W Resources: Preloaded color resource #0x1060114 (android:color/background_cache_hint_selector_material_dark) that varies with configuration!!
09-13 21:06:24.514  3181  3181 W Resources: Preloaded color resource #0x1060119 (android:color/btn_default_material_dark) that varies with configuration!!
09-13 21:06:24.516  3181  3181 I Zygote  : ...preloaded 41 resources in 11ms.
09-13 21:06:24.519  3181  3181 I Zygote  : ...preloaded 2 resource in 3ms.
09-13 21:06:24.528  3181  3181 D libEGL  : loaded /vendor/lib64/egl/libGLES_mali.so
09-13 21:06:24.537  3181  3181 I Zygote  : Preloading shared libraries...
09-13 21:06:24.559  3182  3182 I art     : VMRuntime.preloadDexCaches strings total=288446 before=12011 after=12011
09-13 21:06:24.559  3182  3182 I art     : VMRuntime.preloadDexCaches types total=23810 before=9280 after=11325
09-13 21:06:24.559  3182  3182 I art     : VMRuntime.preloadDexCaches fields total=113941 before=41160 after=54105
09-13 21:06:24.559  3182  3182 I art     : VMRuntime.preloadDexCaches methods total=199717 before=78591 after=96703
09-13 21:06:24.559  3182  3182 I art     : VMRuntime.preloadDexCaches finished
09-13 21:06:24.560  3182  3182 I Zygote  : Preloading resources...
09-13 21:06:24.571  3181  3181 I Zygote  : Uninstalled ICU cache reference pinning...
09-13 21:06:24.579  3181  3181 I Zygote  : Installed AndroidKeyStoreProvider in 7ms.
09-13 21:06:24.593  3182  3182 W Resources: Preloaded drawable resource #0x108025c (android:drawable/dialog_background_material) that varies with configuration!!
09-13 21:06:24.600  3182  3182 W Resources: Preloaded color resource #0x10600ea (android:color/material_grey_800) that varies with configuration!!
09-13 21:06:24.600  3182  3182 W Resources: Preloaded drawable resource #0x10802c9 (android:drawable/floating_popup_background_dark) that varies with configuration!!
09-13 21:06:24.684  3181  3181 I Zygote  : Warmed up JCA providers in 106ms.
09-13 21:06:24.684  3181  3181 D Zygote  : end preload
09-13 21:06:24.684  3181  3181 I art     : Starting a blocking GC Explicit
09-13 21:06:24.694  3181  3181 I art     : Explicit concurrent mark sweep GC freed 3456(155KB) AllocSpace objects, 0(0B) LOS objects, 40% free, 10MB/17MB, paused 49us total 9.776ms
09-13 21:06:24.695  3181  3181 I art     : Starting a blocking GC Explicit
09-13 21:06:24.705  3181  3181 I art     : Explicit concurrent mark sweep GC freed 43(1504B) AllocSpace objects, 0(0B) LOS objects, 40% free, 10MB/17MB, paused 51us total 9.736ms
09-13 21:06:24.727  3182  3182 I Zygote  : ...preloaded 114 resources in 167ms.
09-13 21:06:24.729  3181  3575 I art     : Starting a blocking GC HeapTrim
09-13 21:06:24.730  3181  3181 I art     : Starting a blocking GC Background
09-13 21:06:24.737  3182  3182 W Resources: Preloaded color resource #0x1060114 (android:color/background_cache_hint_selector_material_dark) that varies with configuration!!
09-13 21:06:24.737  3182  3182 W Resources: Preloaded color resource #0x1060119 (android:color/btn_default_material_dark) that varies with configuration!!
09-13 21:06:24.740  3182  3182 I Zygote  : ...preloaded 41 resources in 12ms.
09-13 21:06:24.742  3182  3182 I Zygote  : ...preloaded 2 resource in 2ms.
09-13 21:06:24.773  3181  3181 I Zygote  : System server process 3589 has been created
09-13 21:06:24.774  3181  3181 I Zygote  : Accepting command socket connections
09-13 21:06:24.778  3182  3182 D libEGL  : loaded /vendor/lib/egl/libGLES_mali.so
09-13 21:06:24.791  3182  3182 I Zygote  : Preloading shared libraries...
09-13 21:06:24.817  3182  3182 I Zygote  : Uninstalled ICU cache reference pinning...
09-13 21:06:24.826  3182  3182 I Zygote  : Installed AndroidKeyStoreProvider in 9ms.
09-13 21:06:24.970  3182  3182 I Zygote  : Warmed up JCA providers in 143ms.
09-13 21:06:24.970  3182  3182 D Zygote  : end preload
09-13 21:06:24.970  3182  3182 I art     : Starting a blocking GC Explicit
09-13 21:06:24.980  3182  3182 I art     : Explicit concurrent mark sweep GC freed 3176(140KB) AllocSpace objects, 0(0B) LOS objects, 40% free, 9MB/16MB, paused 68us total 10.643ms
09-13 21:06:24.981  3182  3182 I art     : Starting a blocking GC Explicit
09-13 21:06:24.991  3182  3182 I art     : Explicit concurrent mark sweep GC freed 58(2512B) AllocSpace objects, 0(0B) LOS objects, 39% free, 9MB/16MB, paused 67us total 10.063ms
09-13 21:06:25.000  3182  3182 I Zygote  : Accepting command socket connections
09-13 21:06:25.002  3589  3589 I chatty  : uid=1000 system_server expire 36 lines
09-13 21:06:25.003  3589  3589 I InstallerConnection: connecting...
09-13 21:06:25.003  3186  3186 I         : new connection
09-13 21:06:25.021  3600  3600 I dex2oat : /system/bin/dex2oat --compiler-filter=speed
09-13 21:06:25.353  3600  3600 I dex2oat : dex2oat took 332.601ms (threads: 8) arena alloc=2MB (2896440B) java alloc=803KB (822856B) native alloc=3MB (3258752B) free=5MB (5654144B)
09-13 21:06:25.373  3609  3609 I dex2oat : /system/bin/dex2oat --compiler-filter=speed
09-13 21:06:25.459  3609  3609 I dex2oat : dex2oat took 86.179ms (threads: 8) arena alloc=658KB (674024B) java alloc=120KB (123840B) native alloc=1225KB (1255056B) free=3MB (3463536B)
09-13 21:06:25.478  3618  3618 I dex2oat : /system/bin/dex2oat --compiler-filter=speed
09-13 21:06:26.581  3618  3625 W dex2oat : Compilation of void com.android.server.SystemServer.startOtherServices() took 228.381ms
09-13 21:06:26.973  3618  3622 W dex2oat : Compilation of void com.android.server.am.ActivityManagerService.dumpApplicationMemoryUsage(java.io.FileDescriptor, java.io.PrintWriter, java.lang.String, java.lang.String[], boolean, java.io.PrintWriter) took 131.796ms
09-13 21:06:28.189  3618  3623 W dex2oat : Compilation of android.content.pm.PackageParser$Package com.android.server.pm.PackageManagerService.scanPackageDirtyLI(android.content.pm.PackageParser$Package, int, int, long, android.os.UserHandle) took 104.805ms
09-13 21:06:28.403  3618  3623 W dex2oat : Compilation of void com.android.server.pm.PackageManagerService.dump(java.io.FileDescriptor, java.io.PrintWriter, java.lang.String[]) took 105.283ms
09-13 21:06:28.936  3618  3618 I dex2oat : dex2oat took 3.458s (threads: 8) arena alloc=19MB (20393016B) java alloc=3MB (4119320B) native alloc=34MB (36338080B) free=24MB (25790048B)
09-13 21:06:28.960  3658  3658 I dex2oat : /system/bin/dex2oat --compiler-filter=speed
09-13 21:06:29.239  3658  3658 I dex2oat : dex2oat took 280.005ms (threads: 8) arena alloc=1013KB (1037568B) java alloc=238KB (244728B) native alloc=2MB (2335264B) free=4MB (4480480B)
09-13 21:06:29.259  3667  3667 I dex2oat : /system/bin/dex2oat --compiler-filter=speed
09-13 21:06:29.969  3667  3667 I dex2oat : dex2oat took 710.799ms (threads: 8) arena alloc=16MB (17144520B) java alloc=721KB (738824B) native alloc=5MB (6019192B) free=22MB (23078792B)
09-13 21:06:29.974  3589  3589 I InstallerConnection: disconnecting...
09-13 21:06:29.974  3186  3186 E         : eof
09-13 21:06:29.974  3186  3186 E         : failed to read size
09-13 21:06:29.974  3186  3186 I         : closing connection
09-13 21:06:30.002  3589  3589 I SystemServer: Entered the Android system server!
09-13 21:06:30.024  3589  3589 I SystemServiceManager: Starting com.android.server.pm.Installer
09-13 21:06:30.024  3589  3589 I Installer: Waiting for installd to be ready.
09-13 21:06:30.024  3589  3589 I InstallerConnection: connecting...
09-13 21:06:30.025  3186  3186 I         : new connection
09-13 21:06:30.025  3589  3589 I SystemServiceManager: Starting com.android.server.am.ActivityManagerService$Lifecycle
09-13 21:06:30.033  3589  3589 I ActivityManager: Memory class: 256
09-13 21:06:30.034  3589  3679 I ServiceThread: Enabled StrictMode logging for ActivityManager looper.
09-13 21:06:30.035  3589  3680 I ServiceThread: Enabled StrictMode logging for android.ui looper.
09-13 21:06:30.070  3589  3589 D BatteryStatsImpl: Reading daily items from /data/system/batterystats-daily.xml
09-13 21:06:30.102  3589  3589 I AppOps  : No existing app ops /data/system/appops.xml; starting empty
09-13 21:06:30.192  3589  3589 I IntentFirewall: Read new rules (A:0 B:0 S:0)
09-13 21:06:30.196  3589  3686 I ServiceThread: Enabled StrictMode logging for android.display looper.
09-13 21:06:30.206  3589  3589 D AppOps  : AppOpsService published
09-13 21:06:30.206  3589  3589 I SystemServiceManager: Starting com.android.server.power.PowerManagerService
09-13 21:06:30.207  3589  3688 I ServiceThread: Enabled StrictMode logging for PowerManagerService looper.
09-13 21:06:30.212  3589  3589 I SystemServiceManager: Starting com.android.server.lights.LightsService
09-13 21:06:30.213  3589  3589 I SystemServiceManager: Starting com.android.server.display.DisplayManagerService
09-13 21:06:30.215  3589  3589 I SystemServiceManager: Starting phase 100
09-13 21:06:30.216  3589  3686 W LocalDisplayAdapter: Unable to get active color mode for display device 0
09-13 21:06:30.216  3589  3686 E LocalDisplayAdapter: Default and active color mode is no longer available! Reverting to first available mode.
09-13 21:06:30.217  3160  3201 E SurfaceFlinger: getDefaultDisplay: id=2 is not a valid default display id
09-13 21:06:30.218  3589  3686 I DisplayManagerService: Display device added: DisplayDeviceInfo{"Built-in Screen": uniqueId="local:0", 1440 x 2960, modeId 1, defaultModeId 1, supportedModes [{id=1, width=1440, height=2960, fps=60.000004}], colorMode -22, supportedColorModes [-22], HdrCapabilities android.view.Display$HdrCapabilities@a69d6308, density 560, 522.514 x 525.762 dpi, appVsyncOff 1000000, presDeadline 16666666, touch INTERNAL, rotation 0, type BUILT_IN, state UNKNOWN, FLAG_DEFAULT_DISPLAY, FLAG_ROTATES_WITH_CONTENT, FLAG_SECURE, FLAG_SUPPORTS_PROTECTED_BUFFERS}
09-13 21:06:30.218  3160  3160 D SurfaceFlinger: Set power mode=2, type=0 flinger=0x7f83048000
09-13 21:06:30.218  3160  3160 D SurfaceFlinger: Screen type=0 is already mode=2
09-13 21:06:30.226  3589  3686 I DisplayManagerService: Display device changed state: "Built-in Screen", ON
09-13 21:06:30.227  3589  3589 I SystemServer: StartPackageManagerService
09-13 21:06:30.232  3589  3589 W FileUtils: Failed to chmod(/data/system/packages.list): android.system.ErrnoException: chmod failed: ENOENT (No such file or directory)
09-13 21:06:30.361  3589  3589 D SELinuxMMAC: Using policy file /system/etc/security/mac_permissions.xml
09-13 21:06:30.367  3589  3589 I PackageManager: No settings file; creating initial state
09-13 21:06:30.390  3693  3693 I dex2oat : /system/bin/dex2oat --compiler-filter=speed
09-13 21:06:30.691  3693  3693 I dex2oat : dex2oat took 301.479ms (threads: 8) arena alloc=2MB (2671040B) java alloc=736KB (753968B) native alloc=2MB (2721856B) free=4MB (5142464B)
09-13 21:06:30.710  3702  3702 I dex2oat : /system/bin/dex2oat --compiler-filter=speed
09-13 21:06:30.787  3702  3702 I dex2oat : dex2oat took 77.549ms (threads: 8) arena alloc=497KB (508968B) java alloc=331KB (339904B) native alloc=1299KB (1330984B) free=3MB (3387608B)
09-13 21:06:30.806  3711  3711 I dex2oat : /system/bin/dex2oat --compiler-filter=speed
09-13 21:06:30.870  3711  3711 I dex2oat : dex2oat took 64.277ms (threads: 8) arena alloc=252KB (258320B) java alloc=51KB (53128B) native alloc=1101KB (1127760B) free=1458KB (1493680B)
09-13 21:06:30.888  3720  3720 I dex2oat : /system/bin/dex2oat --compiler-filter=speed
09-13 21:06:30.993  3720  3720 I dex2oat : dex2oat took 105.639ms (threads: 8) arena alloc=3MB (3191056B) java alloc=154KB (158344B) native alloc=1259KB (1290096B) free=5MB (6049936B)
09-13 21:06:31.011  3729  3729 I dex2oat : /system/bin/dex2oat --compiler-filter=speed
09-13 21:06:31.083  3729  3729 I dex2oat : dex2oat took 71.753ms (threads: 8) arena alloc=732KB (750512B) java alloc=90KB (92976B) native alloc=980KB (1003904B) free=3MB (3190400B)
09-13 21:06:31.102  3738  3738 I dex2oat : /system/bin/dex2oat --compiler-filter=speed
09-13 21:06:31.253  3738  3738 I dex2oat : dex2oat took 151.555ms (threads: 8) arena alloc=1664KB (1704792B) java alloc=442KB (453136B) native alloc=1306KB (1337720B) free=4MB (4953736B)
09-13 21:06:31.256  3589  3589 W PackageManager: Library not found: /system/framework/org.apache.http.legacy.jar
09-13 21:06:31.272  3747  3747 I dex2oat : /system/bin/dex2oat --compiler-filter=speed
09-13 21:06:31.340  3747  3747 I dex2oat : dex2oat took 68.328ms (threads: 8) arena alloc=464KB (475176B) java alloc=118KB (120848B) native alloc=1136KB (1163872B) free=2MB (3030432B)
09-13 21:06:31.358  3756  3756 I dex2oat : /system/bin/dex2oat --compiler-filter=speed
09-13 21:06:31.426  3756  3756 I dex2oat : dex2oat took 68.108ms (threads: 8) arena alloc=294KB (301720B) java alloc=136KB (139928B) native alloc=1125KB (1152072B) free=2MB (2517944B)
09-13 21:06:31.444  3765  3765 I dex2oat : /system/bin/dex2oat --compiler-filter=speed
09-13 21:06:31.465  3765  3765 I dex2oat : dex2oat took 21.232ms (threads: 8) arena alloc=84KB (86488B) java alloc=59KB (61128B) native alloc=1029KB (1054368B) free=2MB (2615648B)
09-13 21:06:31.484  3774  3774 I dex2oat : /system/bin/dex2oat --compiler-filter=speed
09-13 21:06:31.519  3774  3774 I dex2oat : dex2oat took 35.290ms (threads: 8) arena alloc=615KB (630080B) java alloc=257KB (263744B) native alloc=1324KB (1356008B) free=3MB (3886872B)
09-13 21:06:31.537  3783  3783 I dex2oat : /system/bin/dex2oat --compiler-filter=speed
09-13 21:06:31.563  3783  3783 I dex2oat : dex2oat took 26.925ms (threads: 8) arena alloc=262KB (268856B) java alloc=37KB (38472B) native alloc=1064KB (1089952B) free=1495KB (1531488B)
09-13 21:06:31.581  3792  3792 I dex2oat : /system/bin/dex2oat --compiler-filter=speed
09-13 21:06:31.643  3792  3792 I dex2oat : dex2oat took 62.032ms (threads: 8) arena alloc=3MB (3724664B) java alloc=111KB (114208B) native alloc=1329KB (1361560B) free=6MB (6502760B)
09-13 21:06:31.662  3801  3801 I dex2oat : /system/bin/dex2oat --compiler-filter=speed
09-13 21:06:31.774  3801  3801 I dex2oat : dex2oat took 112.348ms (threads: 8) arena alloc=2MB (2508168B) java alloc=457KB (467984B) native alloc=2MB (2101360B) free=5MB (5762960B)
09-13 21:06:31.777  3589  3589 W PackageManager: Library not found: /system/framework/org.apache.http.legacy.jar
09-13 21:06:31.793  3810  3810 I dex2oat : /system/bin/dex2oat --compiler-filter=speed
09-13 21:06:31.820  3810  3810 I dex2oat : dex2oat took 27.949ms (threads: 8) arena alloc=564KB (578200B) java alloc=84KB (86080B) native alloc=1163KB (1191840B) free=2MB (2478176B)
09-13 21:06:31.838  3819  3819 I dex2oat : /system/bin/dex2oat --compiler-filter=speed
09-13 21:06:31.865  3819  3819 I dex2oat : dex2oat took 26.853ms (threads: 8) arena alloc=323KB (331304B) java alloc=113KB (116528B) native alloc=1111KB (1138512B) free=1960KB (2007216B)
09-13 21:06:31.882  3828  3828 I dex2oat : /system/bin/dex2oat --compiler-filter=speed
09-13 21:06:31.905  3828  3828 I dex2oat : dex2oat took 22.537ms (threads: 8) arena alloc=102KB (105336B) java alloc=59KB (61384B) native alloc=1036KB (1061672B) free=2035KB (2084056B)
09-13 21:06:31.935  3589  3838 I PackageManager: /system/framework/org.cyanogenmod.platform-res.apk changed; collecting certs
09-13 21:06:31.948  3589  3838 W PackageManager: Permission cyanogenmod.permission.WRITE_ALARMS from package cyanogenmod.platform in an unknown group android.permission-group.SYSTEM_CLOCK
09-13 21:06:31.948  3589  3838 W PackageManager: Permission cyanogenmod.permission.MANAGE_ALARMS from package cyanogenmod.platform in an unknown group android.permission-group.SYSTEM_CLOCK
09-13 21:06:31.948  3589  3838 W PackageManager: Permission cyanogenmod.permission.READ_ALARMS from package cyanogenmod.platform in an unknown group android.permission-group.SYSTEM_CLOCK
09-13 21:06:32.001  3589  3837 I PackageManager: /system/framework/framework-res.apk changed; collecting certs
09-13 21:06:32.114  3589  3841 I PackageManager: /system/priv-app/BlockedNumberProvider changed; collecting certs
09-13 21:06:32.114  3589  3840 I PackageManager: /system/priv-app/BackupRestoreConfirmation changed; collecting certs
09-13 21:06:32.114  3589  3837 I PackageManager: /system/priv-app/CMSettingsProvider changed; collecting certs
09-13 21:06:32.115  3589  3842 I PackageManager: /system/priv-app/CMAudioService changed; collecting certs
09-13 21:06:32.118  3589  3841 I chatty  : uid=1000 system_server expire 3 lines
09-13 21:06:32.125  3589  3839 I PackageManager: /system/priv-app/AudioFX changed; collecting certs
09-13 21:06:32.128  3589  3837 I PackageManager: /system/priv-app/CarrierConfig changed; collecting certs
09-13 21:06:32.130  3589  3840 I PackageManager: /system/priv-app/CallLogBackup changed; collecting certs
09-13 21:06:32.130  3589  3838 I PackageManager: /system/priv-app/CMParts changed; collecting certs
09-13 21:06:32.131  3589  3841 I PackageManager: /system/priv-app/CalendarProvider changed; collecting certs
09-13 21:06:32.139  3589  3842 I PackageManager: /system/priv-app/CellBroadcastReceiver changed; collecting certs
09-13 21:06:32.151  3589  3837 I PackageManager: /system/priv-app/CtsShimPrivPrebuilt changed; collecting certs
09-13 21:06:32.152  3589  3840 I PackageManager: /system/priv-app/ContactsProvider changed; collecting certs
09-13 21:06:32.152  3589  3841 I PackageManager: /system/priv-app/DefaultContainerService changed; collecting certs
09-13 21:06:32.175  3589  3840 I PackageManager: /system/priv-app/DownloadProvider changed; collecting certs
09-13 21:06:32.175  3589  3842 I PackageManager: /system/priv-app/DocumentsUI changed; collecting certs
09-13 21:06:32.178  3589  3837 I PackageManager: /system/priv-app/Eleven changed; collecting certs
09-13 21:06:32.179  3589  3839 W PackageParser: No actions in intent filter at /system/priv-app/Contacts/Contacts.apk Binary XML file line #431
09-13 21:06:32.182  3589  3841 I PackageManager: /system/priv-app/EmergencyInfo changed; collecting certs
09-13 21:06:32.183  3589  3840 I chatty  : uid=1000 system_server expire 1 line
09-13 21:06:32.186  3589  3840 W PackageManager: Permission android.permission.DOWNLOAD_WITHOUT_NOTIFICATION from package com.android.providers.downloads in an unknown group android.permission-group.NETWORK
09-13 21:06:32.186  3589  3839 I PackageManager: /system/priv-app/Contacts changed; collecting certs
09-13 21:06:32.192  3589  3838 W PackageParser: No actions in intent filter at /system/priv-app/Dialer/Dialer.apk Binary XML file line #207
09-13 21:06:32.194  3589  3840 I PackageManager: /system/priv-app/ExtServices changed; collecting certs
09-13 21:06:32.198  3589  3838 I PackageManager: /system/priv-app/Dialer changed; collecting certs
09-13 21:06:32.204  3589  3842 I PackageManager: /system/priv-app/ExternalStorageProvider changed; collecting certs
09-13 21:06:32.211  3589  3840 I PackageManager: /system/priv-app/FusedLocation changed; collecting certs
09-13 21:06:32.222  3589  3837 I PackageManager: /system/priv-app/InputDevices changed; collecting certs
09-13 21:06:32.236  3589  3840 I PackageManager: /system/priv-app/ManagedProvisioning changed; collecting certs
09-13 21:06:32.238  3589  3839 I PackageManager: /system/priv-app/MediaProvider changed; collecting certs
09-13 21:06:32.239  3589  3837 I PackageManager: /system/priv-app/MmsService changed; collecting certs
09-13 21:06:32.240  3589  3842 I PackageManager: /system/priv-app/LineageSetupWizard changed; collecting certs
09-13 21:06:32.244  3589  3841 I PackageManager: /system/priv-app/Gallery2 changed; collecting certs
09-13 21:06:32.252  3589  3838 I PackageManager: /system/priv-app/MtpDocumentsProvider changed; collecting certs
09-13 21:06:32.254  3589  3839 I PackageManager: /system/priv-app/OneTimeInitializer changed; collecting certs
09-13 21:06:32.257  3589  3840 I PackageManager: /system/priv-app/ProxyHandler changed; collecting certs
09-13 21:06:32.271  3589  3840 I PackageManager: /system/priv-app/SharedStorageBackup changed; collecting certs
09-13 21:06:32.273  3589  3838 I PackageManager: /system/priv-app/SettingsProvider changed; collecting certs
09-13 21:06:32.273  3589  3842 I PackageManager: /system/priv-app/Recorder changed; collecting certs
09-13 21:06:32.280  3589  3837 I PackageManager: /system/priv-app/PackageInstaller changed; collecting certs
09-13 21:06:32.283  3589  3838 I PackageManager: /system/priv-app/StatementService changed; collecting certs
09-13 21:06:32.290  3589  3840 W PackageParser: Ignoring duplicate uses-permissions/uses-permissions-sdk-m: android.permission.INSTALL_GRANT_RUNTIME_PERMISSIONS in package: com.android.shell at: Binary XML file line #102
09-13 21:06:32.295  3589  3840 I PackageManager: /system/priv-app/Shell changed; collecting certs
09-13 21:06:32.303  3589  3842 I PackageManager: /system/priv-app/Tag changed; collecting certs
09-13 21:06:32.310  3589  3841 I PackageManager: /system/priv-app/StorageManager changed; collecting certs
09-13 21:06:32.321  3589  3842 I PackageManager: /system/priv-app/TelephonyProvider changed; collecting certs
09-13 21:06:32.326  3589  3840 I PackageManager: /system/priv-app/Telecom changed; collecting certs
09-13 21:06:32.333  3589  3838 W PackageParser: Ignoring duplicate uses-permissions/uses-permissions-sdk-m: android.permission.CONFIGURE_WIFI_DISPLAY in package: com.android.systemui at: Binary XML file line #117
09-13 21:06:32.342  3589  3842 I PackageManager: /system/priv-app/Trebuchet changed; collecting certs
09-13 21:06:32.347  3589  3839 W PackageParser: Ignoring duplicate uses-permissions/uses-permissions-sdk-m: android.permission.USE_CREDENTIALS in package: com.android.settings at: Binary XML file line #56
09-13 21:06:32.347  3589  3839 W PackageParser: Ignoring duplicate uses-permissions/uses-permissions-sdk-m: android.permission.READ_SYNC_SETTINGS in package: com.android.settings at: Binary XML file line #61
09-13 21:06:32.347  3589  3838 I PackageManager: /system/priv-app/SystemUI changed; collecting certs
09-13 21:06:32.348  3589  3839 W PackageParser: Ignoring duplicate uses-permissions/uses-permissions-sdk-m: android.permission.WRITE_SYNC_SETTINGS in package: com.android.settings at: Binary XML file line #62
09-13 21:06:32.350  3589  3840 I PackageManager: /system/priv-app/VpnDialogs changed; collecting certs
09-13 21:06:32.354  3589  3841 I PackageManager: /system/priv-app/Updater changed; collecting certs
09-13 21:06:32.359  3589  3842 W PackageManager: Permission com.android.launcher.permission.INSTALL_SHORTCUT from package com.cyanogenmod.trebuchet in an unknown group android.permission-group.SYSTEM_TOOLS
09-13 21:06:32.359  3589  3842 W PackageManager: Permission com.android.launcher3.permission.READ_SETTINGS from package com.cyanogenmod.trebuchet in an unknown group android.permission-group.SYSTEM_TOOLS
09-13 21:06:32.359  3589  3842 W PackageManager: Permission com.android.launcher3.permission.WRITE_SETTINGS from package com.cyanogenmod.trebuchet in an unknown group android.permission-group.SYSTEM_TOOLS
09-13 21:06:32.364  3589  3837 I PackageManager: /system/priv-app/TeleService changed; collecting certs
