09-20 00:39:02.353  3464  3698 W dex2oat : Skipping class com.android.framework.protobuf.nano.android.ParcelableExtendableMessageNano from /system/framework/telephony-common.jar previously found in /system/framework/framework.jar:classes2.dex
09-20 00:39:02.353  3464  3698 W dex2oat : Skipping class com.android.framework.protobuf.nano.android.ParcelableMessageNano from /system/framework/telephony-common.jar previously found in /system/framework/framework.jar:classes2.dex
09-20 00:39:02.353  3464  3698 W dex2oat : Skipping class com.android.framework.protobuf.nano.android.ParcelableMessageNanoCreator from /system/framework/telephony-common.jar previously found in /system/framework/framework.jar:classes2.dex
09-20 00:39:03.020  3480  3480 W dex2oat : Skipping class com.android.framework.protobuf.nano.CodedInputByteBufferNano from /system/framework/telephony-common.jar previously found in /system/framework/framework.jar:classes2.dex
09-20 00:39:03.020  3480  3691 W dex2oat : Skipping class com.android.framework.protobuf.nano.CodedOutputByteBufferNano from /system/framework/telephony-common.jar previously found in /system/framework/framework.jar:classes2.dex
09-20 00:39:03.020  3480  3691 W dex2oat : Skipping class com.android.framework.protobuf.nano.FieldData from /system/framework/telephony-common.jar previously found in /system/framework/framework.jar:classes2.dex
09-20 00:39:03.020  3480  3691 W dex2oat : Skipping class com.android.framework.protobuf.nano.InternalNano from /system/framework/telephony-common.jar previously found in /system/framework/framework.jar:classes2.dex
09-20 00:39:03.020  3480  3691 W dex2oat : Skipping class com.android.framework.protobuf.nano.InvalidProtocolBufferNanoException from /system/framework/telephony-common.jar previously found in /system/framework/framework.jar:classes2.dex
09-20 00:39:03.020  3480  3691 W dex2oat : Skipping class com.android.framework.protobuf.nano.MessageNanoPrinter from /system/framework/telephony-common.jar previously found in /system/framework/framework.jar:classes2.dex
09-20 00:39:03.020  3480  3691 W dex2oat : Skipping class com.android.framework.protobuf.nano.UnknownFieldData from /system/framework/telephony-common.jar previously found in /system/framework/framework.jar:classes2.dex
09-20 00:39:03.021  3480  3691 W dex2oat : Skipping class com.android.framework.protobuf.nano.WireFormatNano from /system/framework/telephony-common.jar previously found in /system/framework/framework.jar:classes2.dex
09-20 00:39:03.021  3480  3691 W dex2oat : Skipping class com.android.framework.protobuf.nano.android.ParcelableExtendableMessageNano from /system/framework/telephony-common.jar previously found in /system/framework/framework.jar:classes2.dex
09-20 00:39:03.021  3480  3691 W dex2oat : Skipping class com.android.framework.protobuf.nano.android.ParcelableMessageNano from /system/framework/telephony-common.jar previously found in /system/framework/framework.jar:classes2.dex
09-20 00:39:03.021  3480  3687 W dex2oat : Skipping class com.android.framework.protobuf.nano.ExtendableMessageNano from /system/framework/telephony-common.jar previously found in /system/framework/framework.jar:classes2.dex
09-20 00:39:03.021  3480  3691 W dex2oat : Skipping class com.android.framework.protobuf.nano.android.ParcelableMessageNanoCreator from /system/framework/telephony-common.jar previously found in /system/framework/framework.jar:classes2.dex
09-20 00:39:03.021  3480  3480 W dex2oat : Skipping class com.android.framework.protobuf.nano.FieldArray from /system/framework/telephony-common.jar previously found in /system/framework/framework.jar:classes2.dex
09-20 00:39:03.021  3480  3690 W dex2oat : Skipping class com.android.framework.protobuf.nano.Extension$PrimitiveExtension from /system/framework/telephony-common.jar previously found in /system/framework/framework.jar:classes2.dex
09-20 00:39:03.022  3480  3689 W dex2oat : Skipping class com.android.framework.protobuf.nano.MessageNano from /system/framework/telephony-common.jar previously found in /system/framework/framework.jar:classes2.dex
09-20 00:39:03.023  3480  3692 W dex2oat : Skipping class com.android.framework.protobuf.nano.CodedOutputByteBufferNano$OutOfSpaceException from /system/framework/telephony-common.jar previously found in /system/framework/framework.jar:classes2.dex
09-20 00:39:03.024  3480  3688 W dex2oat : Skipping class com.android.framework.protobuf.nano.Extension from /system/framework/telephony-common.jar previously found in /system/framework/framework.jar:classes2.dex
09-20 00:39:03.195  3464  3696 W dex2oat : Skipping class com.android.framework.protobuf.nano.CodedInputByteBufferNano from /system/framework/telephony-common.jar previously found in /system/framework/framework.jar:classes2.dex
09-20 00:39:03.196  3464  3697 W dex2oat : Skipping class com.android.framework.protobuf.nano.CodedOutputByteBufferNano$OutOfSpaceException from /system/framework/telephony-common.jar previously found in /system/framework/framework.jar:classes2.dex
09-20 00:39:03.196  3464  3694 W dex2oat : Skipping class com.android.framework.protobuf.nano.FieldArray from /system/framework/telephony-common.jar previously found in /system/framework/framework.jar:classes2.dex
09-20 00:39:03.196  3464  3697 W dex2oat : Skipping class com.android.framework.protobuf.nano.InternalNano from /system/framework/telephony-common.jar previously found in /system/framework/framework.jar:classes2.dex
09-20 00:39:03.196  3464  3696 W dex2oat : Skipping class com.android.framework.protobuf.nano.Extension from /system/framework/telephony-common.jar previously found in /system/framework/framework.jar:classes2.dex
09-20 00:39:03.196  3464  3464 W dex2oat : Skipping class com.android.framework.protobuf.nano.Extension$PrimitiveExtension from /system/framework/telephony-common.jar previously found in /system/framework/framework.jar:classes2.dex
09-20 00:39:03.196  3464  3464 W dex2oat : Skipping class com.android.framework.protobuf.nano.WireFormatNano from /system/framework/telephony-common.jar previously found in /system/framework/framework.jar:classes2.dex
09-20 00:39:03.196  3464  3693 W dex2oat : Skipping class com.android.framework.protobuf.nano.FieldData from /system/framework/telephony-common.jar previously found in /system/framework/framework.jar:classes2.dex
09-20 00:39:03.196  3464  3699 W dex2oat : Skipping class com.android.framework.protobuf.nano.MessageNano from /system/framework/telephony-common.jar previously found in /system/framework/framework.jar:classes2.dex
09-20 00:39:03.196  3464  3699 W dex2oat : Skipping class com.android.framework.protobuf.nano.android.ParcelableMessageNanoCreator from /system/framework/telephony-common.jar previously found in /system/framework/framework.jar:classes2.dex
09-20 00:39:03.196  3464  3694 W dex2oat : Skipping class com.android.framework.protobuf.nano.InvalidProtocolBufferNanoException from /system/framework/telephony-common.jar previously found in /system/framework/framework.jar:classes2.dex
09-20 00:39:03.196  3464  3697 W dex2oat : Skipping class com.android.framework.protobuf.nano.MessageNanoPrinter from /system/framework/telephony-common.jar previously found in /system/framework/framework.jar:classes2.dex
09-20 00:39:03.198  3464  3695 W dex2oat : Skipping class com.android.framework.protobuf.nano.ExtendableMessageNano from /system/framework/telephony-common.jar previously found in /system/framework/framework.jar:classes2.dex
09-20 00:39:03.199  3464  3464 W dex2oat : Skipping class com.android.framework.protobuf.nano.android.ParcelableExtendableMessageNano from /system/framework/telephony-common.jar previously found in /system/framework/framework.jar:classes2.dex
09-20 00:39:03.199  3464  3698 W dex2oat : Skipping class com.android.framework.protobuf.nano.CodedOutputByteBufferNano from /system/framework/telephony-common.jar previously found in /system/framework/framework.jar:classes2.dex
09-20 00:39:03.199  3464  3696 W dex2oat : Skipping class com.android.framework.protobuf.nano.UnknownFieldData from /system/framework/telephony-common.jar previously found in /system/framework/framework.jar:classes2.dex
09-20 00:39:03.199  3464  3693 W dex2oat : Skipping class com.android.framework.protobuf.nano.android.ParcelableMessageNano from /system/framework/telephony-common.jar previously found in /system/framework/framework.jar:classes2.dex
09-20 00:39:03.440  3480  3480 I dex2oat : Explicit concurrent mark sweep GC freed 38378(4MB) AllocSpace objects, 0(0B) LOS objects, 47% free, 4MB/8MB, paused 77us total 21.106ms
09-20 00:39:03.571  3464  3464 I dex2oat : Explicit concurrent mark sweep GC freed 38377(7MB) AllocSpace objects, 0(0B) LOS objects, 43% free, 5MB/9MB, paused 100us total 24.095ms
09-20 00:39:05.103  3480  3480 I dex2oat : dex2oat took 18.013s (threads: 8) arena alloc=20MB (21403168B) java alloc=4MB (4624024B) native alloc=78MB (82066104B) free=15MB (15975752B)
09-20 00:39:05.144  3301  3301 D ICU     : No timezone override file found: /data/misc/zoneinfo/current/icu/icu_tzdata.dat
09-20 00:39:05.175  3301  3301 I Radio-JNI: register_android_hardware_Radio DONE
09-20 00:39:05.177  3301  3301 I SamplingProfilerIntegration: Profiling disabled.
09-20 00:39:05.178  3301  3301 D Zygote  : begin preload
09-20 00:39:05.178  3301  3301 I Zygote  : Installing ICU cache reference pinning...
09-20 00:39:05.178  3301  3301 I Zygote  : Preloading ICU data...
09-20 00:39:05.191  3301  3301 I Zygote  : Preloading classes...
09-20 00:39:05.192  3301  3301 W Zygote  : Class not found for preloading: [Landroid.view.Display$ColorTransform;
09-20 00:39:05.365  3464  3464 I dex2oat : dex2oat took 18.365s (threads: 8) arena alloc=20MB (21048200B) java alloc=5MB (5367968B) native alloc=94MB (99508520B) free=13MB (14393048B)
09-20 00:39:05.395  3301  3301 E Typeface: Error mapping font file /system/fonts/DroidSansFallback.ttf
09-20 00:39:05.410  3299  3299 D ICU     : No timezone override file found: /data/misc/zoneinfo/current/icu/icu_tzdata.dat
09-20 00:39:05.451  3299  3299 I Radio-JNI: register_android_hardware_Radio DONE
09-20 00:39:05.453  3299  3299 I SamplingProfilerIntegration: Profiling disabled.
09-20 00:39:05.453  3299  3299 D Zygote  : begin preload
09-20 00:39:05.453  3299  3299 I Zygote  : Installing ICU cache reference pinning...
09-20 00:39:05.453  3299  3299 I Zygote  : Preloading ICU data...
09-20 00:39:05.462  3299  3299 I Zygote  : Preloading classes...
09-20 00:39:05.463  3299  3299 W Zygote  : Class not found for preloading: [Landroid.view.Display$ColorTransform;
09-20 00:39:05.476  3301  3301 I art     : Thread[1,tid=3301,Native,Thread*=0xf4605400,peer=0x12c070d0,"main"] recursive attempt to load library "/system/lib/libmedia_jni.so"
09-20 00:39:05.476  3301  3301 D MtpDeviceJNI: register_android_mtp_MtpDevice
09-20 00:39:05.477  3301  3301 I art     : Thread[1,tid=3301,Native,Thread*=0xf4605400,peer=0x12c070d0,"main"] recursive attempt to load library "/system/lib/libmedia_jni.so"
09-20 00:39:05.477  3301  3301 I art     : Thread[1,tid=3301,Native,Thread*=0xf4605400,peer=0x12c070d0,"main"] recursive attempt to load library "/system/lib/libmedia_jni.so"
09-20 00:39:05.493  3301  3301 E FFMPEGSoftCodec: Failed to load FFMPEG plugin: (null)
09-20 00:39:05.503  3299  3299 E Typeface: Error mapping font file /system/fonts/DroidSansFallback.ttf
09-20 00:39:05.556  3301  3301 W Zygote  : Class not found for preloading: android.view.Display$ColorTransform
09-20 00:39:05.556  3301  3301 W Zygote  : Class not found for preloading: android.view.Display$ColorTransform$1
09-20 00:39:05.566  3299  3299 I art     : Thread[1,tid=3299,Native,Thread*=0x7f81a95a00,peer=0x12c070d0,"main"] recursive attempt to load library "/system/lib64/libmedia_jni.so"
09-20 00:39:05.566  3299  3299 D MtpDeviceJNI: register_android_mtp_MtpDevice
09-20 00:39:05.566  3299  3299 I art     : Thread[1,tid=3299,Native,Thread*=0x7f81a95a00,peer=0x12c070d0,"main"] recursive attempt to load library "/system/lib64/libmedia_jni.so"
09-20 00:39:05.566  3299  3299 I art     : Thread[1,tid=3299,Native,Thread*=0x7f81a95a00,peer=0x12c070d0,"main"] recursive attempt to load library "/system/lib64/libmedia_jni.so"
09-20 00:39:05.566  3301  3301 W System  : ClassLoader referenced unknown path: /system/framework/tcmclient.jar
09-20 00:39:05.584  3299  3299 E FFMPEGSoftCodec: Failed to load FFMPEG plugin: (null)
09-20 00:39:05.607  3299  3299 W Zygote  : Class not found for preloading: android.view.Display$ColorTransform
09-20 00:39:05.607  3299  3299 W Zygote  : Class not found for preloading: android.view.Display$ColorTransform$1
09-20 00:39:05.615  3299  3299 W System  : ClassLoader referenced unknown path: /system/framework/tcmclient.jar
09-20 00:39:05.719  3299  3299 I System  : Loaded time zone names for "" in 87ms (86ms in ICU)
09-20 00:39:05.719  3301  3301 I System  : Loaded time zone names for "" in 97ms (96ms in ICU)
09-20 00:39:05.728  3299  3299 I System  : Loaded time zone names for "en_US" in 9ms (8ms in ICU)
09-20 00:39:05.729  3301  3301 I System  : Loaded time zone names for "en_US" in 10ms (9ms in ICU)
09-20 00:39:05.741  3299  3299 I Zygote  : ...preloaded 4158 classes in 279ms.
09-20 00:39:05.741  3299  3299 I art     : VMRuntime.preloadDexCaches starting
09-20 00:39:05.750  3301  3301 I Zygote  : ...preloaded 4158 classes in 559ms.
09-20 00:39:05.750  3301  3301 I art     : VMRuntime.preloadDexCaches starting
09-20 00:39:05.782  3299  3299 I art     : VMRuntime.preloadDexCaches strings total=288446 before=37245 after=37245
09-20 00:39:05.782  3299  3299 I art     : VMRuntime.preloadDexCaches types total=23810 before=7912 after=7943
09-20 00:39:05.782  3299  3299 I art     : VMRuntime.preloadDexCaches fields total=113941 before=41388 after=41619
09-20 00:39:05.782  3299  3299 I art     : VMRuntime.preloadDexCaches methods total=199717 before=82843 after=83438
09-20 00:39:05.782  3299  3299 I art     : VMRuntime.preloadDexCaches finished
09-20 00:39:05.782  3299  3299 I Zygote  : Preloading resources...
09-20 00:39:05.802  3299  3299 W Resources: Preloaded drawable resource #0x108025c (android:drawable/dialog_background_material) that varies with configuration!!
09-20 00:39:05.806  3301  3301 I art     : VMRuntime.preloadDexCaches strings total=288446 before=37245 after=37245
09-20 00:39:05.806  3301  3301 I art     : VMRuntime.preloadDexCaches types total=23810 before=7912 after=7943
09-20 00:39:05.806  3301  3301 I art     : VMRuntime.preloadDexCaches fields total=113941 before=41388 after=41619
09-20 00:39:05.806  3301  3301 I art     : VMRuntime.preloadDexCaches methods total=199717 before=82843 after=83438
09-20 00:39:05.806  3301  3301 I art     : VMRuntime.preloadDexCaches finished
09-20 00:39:05.806  3301  3301 I Zygote  : Preloading resources...
09-20 00:39:05.806  3299  3299 W Resources: Preloaded color resource #0x10600ea (android:color/material_grey_800) that varies with configuration!!
09-20 00:39:05.807  3299  3299 W Resources: Preloaded drawable resource #0x10802c9 (android:drawable/floating_popup_background_dark) that varies with configuration!!
09-20 00:39:05.832  3301  3301 W Resources: Preloaded drawable resource #0x108025c (android:drawable/dialog_background_material) that varies with configuration!!
09-20 00:39:05.835  3301  3301 W Resources: Preloaded color resource #0x10600ea (android:color/material_grey_800) that varies with configuration!!
09-20 00:39:05.836  3301  3301 W Resources: Preloaded drawable resource #0x10802c9 (android:drawable/floating_popup_background_dark) that varies with configuration!!
09-20 00:39:05.885  3299  3299 I Zygote  : ...preloaded 114 resources in 103ms.
09-20 00:39:05.887  3299  3299 W Resources: Preloaded color resource #0x1060114 (android:color/background_cache_hint_selector_material_dark) that varies with configuration!!
09-20 00:39:05.887  3299  3299 W Resources: Preloaded color resource #0x1060119 (android:color/btn_default_material_dark) that varies with configuration!!
09-20 00:39:05.888  3299  3299 I Zygote  : ...preloaded 41 resources in 2ms.
09-20 00:39:05.888  3299  3299 I Zygote  : ...preloaded 2 resource in 1ms.
09-20 00:39:05.898  3299  3299 D libEGL  : loaded /vendor/lib64/egl/libGLES_mali.so
09-20 00:39:05.907  3299  3299 I Zygote  : Preloading shared libraries...
09-20 00:39:05.907  3301  3301 I Zygote  : ...preloaded 114 resources in 101ms.
09-20 00:39:05.909  3301  3301 W Resources: Preloaded color resource #0x1060114 (android:color/background_cache_hint_selector_material_dark) that varies with configuration!!
09-20 00:39:05.909  3301  3301 W Resources: Preloaded color resource #0x1060119 (android:color/btn_default_material_dark) that varies with configuration!!
09-20 00:39:05.910  3301  3301 I Zygote  : ...preloaded 41 resources in 3ms.
09-20 00:39:05.911  3301  3301 I Zygote  : ...preloaded 2 resource in 0ms.
09-20 00:39:05.915  3299  3299 I Zygote  : Uninstalled ICU cache reference pinning...
09-20 00:39:05.916  3299  3299 I Zygote  : Installed AndroidKeyStoreProvider in 1ms.
09-20 00:39:05.920  3299  3299 I Zygote  : Warmed up JCA providers in 4ms.
09-20 00:39:05.920  3299  3299 D Zygote  : end preload
09-20 00:39:05.920  3299  3299 I art     : Starting a blocking GC Explicit
09-20 00:39:05.927  3299  3299 I art     : Explicit concurrent mark sweep GC freed 7329(409KB) AllocSpace objects, 0(0B) LOS objects, 40% free, 8MB/13MB, paused 62us total 6.215ms
09-20 00:39:05.927  3299  3299 I art     : Starting a blocking GC Explicit
09-20 00:39:05.933  3299  3299 I art     : Explicit concurrent mark sweep GC freed 1581(56KB) AllocSpace objects, 0(0B) LOS objects, 40% free, 7MB/13MB, paused 56us total 5.807ms
09-20 00:39:05.951  3299  3751 I art     : Starting a blocking GC HeapTrim
09-20 00:39:05.952  3299  3299 I art     : Starting a blocking GC Background
09-20 00:39:05.956  3301  3301 D libEGL  : loaded /vendor/lib/egl/libGLES_mali.so
09-20 00:39:05.970  3301  3301 I Zygote  : Preloading shared libraries...
09-20 00:39:05.974  3299  3299 I Zygote  : System server process 3754 has been created
09-20 00:39:05.974  3299  3299 I Zygote  : Accepting command socket connections
09-20 00:39:05.977  3301  3301 I Zygote  : Uninstalled ICU cache reference pinning...
09-20 00:39:05.978  3301  3301 I Zygote  : Installed AndroidKeyStoreProvider in 1ms.
09-20 00:39:05.983  3301  3301 I Zygote  : Warmed up JCA providers in 5ms.
09-20 00:39:05.983  3301  3301 D Zygote  : end preload
09-20 00:39:05.983  3301  3301 I art     : Starting a blocking GC Explicit
09-20 00:39:05.990  3301  3301 I art     : Explicit concurrent mark sweep GC freed 7468(415KB) AllocSpace objects, 0(0B) LOS objects, 40% free, 8MB/13MB, paused 84us total 6.859ms
09-20 00:39:05.990  3301  3301 I art     : Starting a blocking GC Explicit
09-20 00:39:05.997  3301  3301 I art     : Explicit concurrent mark sweep GC freed 1549(55KB) AllocSpace objects, 0(0B) LOS objects, 39% free, 7MB/13MB, paused 77us total 6.020ms
09-20 00:39:06.011  3301  3301 I Zygote  : Accepting command socket connections
09-20 00:39:06.020  3754  3754 I Zygote  : Process: zygote socket opened, supported ABIS: armeabi-v7a,armeabi
09-20 00:39:06.021  3754  3754 I InstallerConnection: connecting...
09-20 00:39:06.021  3305  3305 I         : new connection
09-20 00:39:06.039  3765  3765 I dex2oat : /system/bin/dex2oat --compiler-filter=speed
09-20 00:39:06.373  3765  3765 I dex2oat : dex2oat took 335.068ms (threads: 8) arena alloc=2MB (2507096B) java alloc=773KB (791680B) native alloc=2MB (3100648B) free=5MB (5812248B)
09-20 00:39:06.394  3774  3774 I dex2oat : /system/bin/dex2oat --compiler-filter=speed
09-20 00:39:06.484  3774  3774 I dex2oat : dex2oat took 89.538ms (threads: 8) arena alloc=806KB (825944B) java alloc=117KB (119872B) native alloc=1255KB (1285776B) free=4MB (4481392B)
09-20 00:39:06.503  3783  3783 I dex2oat : /system/bin/dex2oat --compiler-filter=speed
09-20 00:39:07.711  3783  3790 W dex2oat : Compilation of void com.android.server.SystemServer.startOtherServices() took 350.976ms
09-20 00:39:07.917  3783  3791 W dex2oat : Compilation of void com.android.server.am.BroadcastQueue.processNextBroadcast(boolean) took 143.954ms
09-20 00:39:08.000  3783  3788 W dex2oat : Compilation of int com.android.server.am.ActivityManagerService.broadcastIntentLocked(com.android.server.am.ProcessRecord, java.lang.String, android.content.Intent, java.lang.String, android.content.IIntentReceiver, int, java.lang.String, android.os.Bundle, java.lang.String[], int, android.os.Bundle, boolean, boolean, int, int, int) took 116.677ms
09-20 00:39:08.264  3783  3788 W dex2oat : Compilation of void com.android.server.am.ActivityManagerService.dumpApplicationMemoryUsage(java.io.FileDescriptor, java.io.PrintWriter, java.lang.String, java.lang.String[], boolean, java.io.PrintWriter) took 140.788ms
09-20 00:39:08.889  3783  3787 W dex2oat : Compilation of void com.android.server.pm.PackageManagerService.<init>(android.content.Context, com.android.server.pm.Installer, boolean, boolean) took 134.886ms
09-20 00:39:09.597  3783  3787 W dex2oat : Compilation of android.content.pm.PackageParser$Package com.android.server.pm.PackageManagerService.scanPackageDirtyLI(android.content.pm.PackageParser$Package, int, int, long, android.os.UserHandle) took 106.162ms
09-20 00:39:09.824  3783  3787 W dex2oat : Compilation of void com.android.server.pm.PackageManagerService.dump(java.io.FileDescriptor, java.io.PrintWriter, java.lang.String[]) took 122.202ms
09-20 00:39:10.287  3783  3783 I dex2oat : dex2oat took 3.784s (threads: 8) arena alloc=16MB (17081016B) java alloc=3MB (3831352B) native alloc=32MB (34092576B) free=20MB (21744096B)
09-20 00:39:10.313  3792  3792 I dex2oat : /system/bin/dex2oat --compiler-filter=speed
09-20 00:39:10.597  3792  3792 I dex2oat : dex2oat took 284.523ms (threads: 8) arena alloc=969KB (992984B) java alloc=182KB (186376B) native alloc=2MB (2321160B) free=3MB (3970296B)
09-20 00:39:10.618  3801  3801 I dex2oat : /system/bin/dex2oat --compiler-filter=speed
09-20 00:39:11.337  3801  3801 I dex2oat : dex2oat took 719.560ms (threads: 8) arena alloc=10MB (10852392B) java alloc=708KB (725304B) native alloc=5MB (5726032B) free=14MB (15507632B)
09-20 00:39:11.342  3754  3754 I InstallerConnection: disconnecting...
09-20 00:39:11.342  3305  3305 E         : eof
09-20 00:39:11.342  3305  3305 E         : failed to read size
09-20 00:39:11.342  3305  3305 I         : closing connection
09-20 00:39:11.346  3754  3754 W art     : Found duplicate classes, falling back to interpreter mode for /system/framework/wifi-service.jar
09-20 00:39:11.346  3754  3754 W art     : Found duplicated class when checking oat files: 'Lcom/google/protobuf/nano/MessageNano;' in /system/framework/services.jar and /system/framework/wifi-service.jar
09-20 00:39:11.371  3754  3754 I SystemServer: Entered the Android system server!
09-20 00:39:11.392  3754  3754 I SystemServiceManager: Starting com.android.server.pm.Installer
09-20 00:39:11.392  3754  3754 I Installer: Waiting for installd to be ready.
09-20 00:39:11.392  3754  3754 I InstallerConnection: connecting...
09-20 00:39:11.392  3305  3305 I         : new connection
09-20 00:39:11.393  3754  3754 I SystemServiceManager: Starting com.android.server.am.ActivityManagerService$Lifecycle
09-20 00:39:11.399  3754  3754 I ActivityManager: Memory class: 256
09-20 00:39:11.400  3754  3813 I ServiceThread: Enabled StrictMode logging for ActivityManager looper.
09-20 00:39:11.400  3754  3814 I ServiceThread: Enabled StrictMode logging for android.ui looper.
09-20 00:39:11.405  3754  3754 D BatteryStatsImpl: Reading daily items from /data/system/batterystats-daily.xml
09-20 00:39:11.430  3754  3754 I AppOps  : No existing app ops /data/system/appops.xml; starting empty
09-20 00:39:11.463  3754  3754 I IntentFirewall: Read new rules (A:0 B:0 S:0)
09-20 00:39:11.465  3754  3820 I ServiceThread: Enabled StrictMode logging for android.display looper.
09-20 00:39:11.468  3754  3754 D AppOps  : AppOpsService published
09-20 00:39:11.469  3754  3754 I SystemServiceManager: Starting com.android.server.power.PowerManagerService
09-20 00:39:11.469  3754  3822 I ServiceThread: Enabled StrictMode logging for PowerManagerService looper.
09-20 00:39:11.472  3754  3754 I SamsungPowerHAL: Initialized settings:
09-20 00:39:11.472  3754  3754 I SamsungPowerHAL: max_freqs: cluster[0]: 1690000, cluster[1]: 2314000
09-20 00:39:11.472  3754  3754 I SamsungPowerHAL: hispeed_freqs: cluster[0]: 1690000, cluster[1]: 2496000
09-20 00:39:11.472  3754  3754 I SamsungPowerHAL: boostpulse_fd: 62
09-20 00:39:11.472  3754  3754 I SamsungPowerHAL: touchscreen_power_path: /sys/class/input/input0/enabled
09-20 00:39:11.472  3754  3754 I SamsungPowerHAL: touchkey_power_path: NULL
09-20 00:39:11.472  3754  3754 W libsuspend: Error writing 'on' to /sys/power/state: Invalid argument
09-20 00:39:11.472  3754  3754 I libsuspend: Selected wakeup count
09-20 00:39:11.473  3754  3754 I SystemServiceManager: Starting com.android.server.lights.LightsService
09-20 00:39:11.474  3754  3754 I SystemServiceManager: Starting com.android.server.display.DisplayManagerService
09-20 00:39:11.476  3754  3754 I SystemServiceManager: Starting phase 100
09-20 00:39:11.477  3754  3820 W LocalDisplayAdapter: Unable to get active color mode for display device 0
09-20 00:39:11.477  3754  3820 E LocalDisplayAdapter: Default and active color mode is no longer available! Reverting to first available mode.
09-20 00:39:11.477  3281  3318 E SurfaceFlinger: getDefaultDisplay: id=2 is not a valid default display id
09-20 00:39:11.477  3754  3820 I DisplayManagerService: Display device added: DisplayDeviceInfo{"Built-in Screen": uniqueId="local:0", 1440 x 2960, modeId 1, defaultModeId 1, supportedModes [{id=1, width=1440, height=2960, fps=60.000004}], colorMode -22, supportedColorModes [-22], HdrCapabilities android.view.Display$HdrCapabilities@a69d6308, density 560, 522.514 x 525.762 dpi, appVsyncOff 1000000, presDeadline 16666666, touch INTERNAL, rotation 0, type BUILT_IN, state UNKNOWN, FLAG_DEFAULT_DISPLAY, FLAG_ROTATES_WITH_CONTENT, FLAG_SECURE, FLAG_SUPPORTS_PROTECTED_BUFFERS}
09-20 00:39:11.478  3281  3281 D SurfaceFlinger: Set power mode=2, type=0 flinger=0x7faae48000
09-20 00:39:11.478  3281  3281 D SurfaceFlinger: Screen type=0 is already mode=2
09-20 00:39:11.479  3754  3820 I DisplayManagerService: Display device changed state: "Built-in Screen", ON
09-20 00:39:11.480  3754  3754 I SystemServer: StartPackageManagerService
09-20 00:39:11.484  3754  3754 W FileUtils: Failed to chmod(/data/system/packages.list): android.system.ErrnoException: chmod failed: ENOENT (No such file or directory)
09-20 00:39:11.534  3754  3754 D SELinuxMMAC: Using policy file /system/etc/security/mac_permissions.xml
09-20 00:39:11.535  3754  3754 I PackageManager: No settings file; creating initial state
09-20 00:39:11.553  3827  3827 I dex2oat : /system/bin/dex2oat --compiler-filter=speed
09-20 00:39:11.841  3827  3827 I dex2oat : dex2oat took 287.962ms (threads: 8) arena alloc=2MB (2748440B) java alloc=693KB (710384B) native alloc=2MB (2575888B) free=5MB (5812720B)
09-20 00:39:11.861  3836  3836 I dex2oat : /system/bin/dex2oat --compiler-filter=speed
09-20 00:39:11.926  3836  3836 I dex2oat : dex2oat took 65.231ms (threads: 8) arena alloc=11KB (11736B) java alloc=39KB (40336B) native alloc=872KB (893648B) free=1175KB (1203504B)
09-20 00:39:11.945  3845  3845 I dex2oat : /system/bin/dex2oat --compiler-filter=speed
09-20 00:39:12.039  3845  3845 I dex2oat : dex2oat took 94.496ms (threads: 8) arena alloc=2MB (2362896B) java alloc=217KB (223200B) native alloc=1466KB (1502064B) free=6MB (6362256B)
09-20 00:39:12.058  3854  3854 I dex2oat : /system/bin/dex2oat --compiler-filter=speed
09-20 00:39:12.134  3854  3854 I dex2oat : dex2oat took 76.513ms (threads: 8) arena alloc=527KB (540144B) java alloc=266KB (272816B) native alloc=1286KB (1317592B) free=3MB (3401000B)
09-20 00:39:12.152  3863  3863 I dex2oat : /system/bin/dex2oat --compiler-filter=speed
09-20 00:39:12.218  3863  3863 I dex2oat : dex2oat took 66.520ms (threads: 8) arena alloc=247KB (253104B) java alloc=51KB (53128B) native alloc=1093KB (1119384B) free=1466KB (1502056B)
09-20 00:39:12.237  3872  3872 I dex2oat : /system/bin/dex2oat --compiler-filter=speed
09-20 00:39:12.348  3872  3872 I dex2oat : dex2oat took 110.920ms (threads: 8) arena alloc=3MB (3186008B) java alloc=143KB (146432B) native alloc=1246KB (1276368B) free=5MB (6063664B)
09-20 00:39:12.366  3881  3881 I dex2oat : /system/bin/dex2oat --compiler-filter=speed
09-20 00:39:12.439  3881  3881 I dex2oat : dex2oat took 73.469ms (threads: 8) arena alloc=766KB (785128B) java alloc=75KB (77088B) native alloc=959KB (982536B) free=4MB (4260344B)
09-20 00:39:12.457  3890  3890 I dex2oat : /system/bin/dex2oat --compiler-filter=speed
09-20 00:39:12.591  3890  3890 I dex2oat : dex2oat took 133.808ms (threads: 8) arena alloc=1530KB (1567256B) java alloc=395KB (404720B) native alloc=1850KB (1894808B) free=3MB (3872360B)
09-20 00:39:12.609  3899  3899 I dex2oat : /system/bin/dex2oat --compiler-filter=speed
09-20 00:39:12.631  3899  3899 I dex2oat : dex2oat took 21.850ms (threads: 8) arena alloc=11KB (11736B) java alloc=39KB (40312B) native alloc=868KB (889568B) free=1691KB (1731872B)
09-20 00:39:12.649  3908  3908 I dex2oat : /system/bin/dex2oat --compiler-filter=speed
09-20 00:39:12.796  3908  3908 I dex2oat : dex2oat took 146.872ms (threads: 8) arena alloc=3MB (3599352B) java alloc=570KB (584680B) native alloc=1513KB (1550056B) free=7MB (7362840B)
09-20 00:39:12.799  3754  3754 E art     : DexFile_getDexOptNeeded file '/system/framework/org.apache.http.legacy.jar' does not exist
09-20 00:39:12.799  3754  3754 W PackageManager: Library not found: /system/framework/org.apache.http.legacy.jar
09-20 00:39:12.816  3917  3917 I dex2oat : /system/bin/dex2oat --compiler-filter=speed
09-20 00:39:12.845  3917  3917 I dex2oat : dex2oat took 29.347ms (threads: 8) arena alloc=397KB (406760B) java alloc=93KB (95752B) native alloc=1152KB (1179680B) free=3MB (3538912B)
09-20 00:39:12.863  3926  3926 I dex2oat : /system/bin/dex2oat --compiler-filter=speed
09-20 00:39:12.889  3926  3926 I dex2oat : dex2oat took 25.502ms (threads: 8) arena alloc=300KB (308168B) java alloc=88KB (90768B) native alloc=1107KB (1133640B) free=1964KB (2012088B)
09-20 00:39:12.908  3935  3935 I dex2oat : /system/bin/dex2oat --compiler-filter=speed
09-20 00:39:12.930  3935  3935 I dex2oat : dex2oat took 23.011ms (threads: 8) arena alloc=84KB (86488B) java alloc=59KB (61128B) native alloc=1029KB (1054464B) free=2042KB (2091264B)
09-20 00:39:12.949  3944  3944 I dex2oat : /system/bin/dex2oat --compiler-filter=speed
09-20 00:39:12.974  3944  3944 I dex2oat : dex2oat took 24.709ms (threads: 8) arena alloc=16KB (16528B) java alloc=39KB (40360B) native alloc=864KB (884944B) free=1695KB (1736496B)
09-20 00:39:12.992  3953  3953 I dex2oat : /system/bin/dex2oat --compiler-filter=speed
09-20 00:39:13.046  3953  3953 I dex2oat : dex2oat took 53.952ms (threads: 8) arena alloc=2MB (2246176B) java alloc=181KB (185600B) native alloc=1497KB (1533432B) free=5MB (5806600B)
09-20 00:39:13.064  3962  3962 I dex2oat : /system/bin/dex2oat --compiler-filter=speed
09-20 00:39:13.100  3962  3962 I dex2oat : dex2oat took 35.794ms (threads: 8) arena alloc=591KB (605928B) java alloc=223KB (228616B) native alloc=1300KB (1331768B) free=3MB (3386824B)
09-20 00:39:13.118  3971  3971 I dex2oat : /system/bin/dex2oat --compiler-filter=speed
09-20 00:39:13.144  3971  3971 I dex2oat : dex2oat took 26.721ms (threads: 8) arena alloc=253KB (259560B) java alloc=37KB (38472B) native alloc=1092KB (1118472B) free=1467KB (1502968B)
09-20 00:39:13.162  3980  3980 I dex2oat : /system/bin/dex2oat --compiler-filter=speed
09-20 00:39:13.236  3980  3980 I dex2oat : dex2oat took 74.568ms (threads: 8) arena alloc=2MB (2672440B) java alloc=130KB (134104B) native alloc=1350KB (1382616B) free=5MB (5433128B)
09-20 00:39:13.255  3989  3989 I dex2oat : /system/bin/dex2oat --compiler-filter=speed
09-20 00:39:13.357  3989  3989 I dex2oat : dex2oat took 102.351ms (threads: 8) arena alloc=1838KB (1882280B) java alloc=368KB (377024B) native alloc=1298KB (1329864B) free=5MB (5485880B)
09-20 00:39:13.376  3998  3998 I dex2oat : /system/bin/dex2oat --compiler-filter=speed
09-20 00:39:13.396  3998  3998 I dex2oat : dex2oat took 20.976ms (threads: 8) arena alloc=16KB (16528B) java alloc=39KB (40336B) native alloc=860KB (880864B) free=1699KB (1740576B)
09-20 00:39:13.414  4007  4007 I dex2oat : /system/bin/dex2oat --compiler-filter=speed
09-20 00:39:13.573  4007  4007 I dex2oat : dex2oat took 158.981ms (threads: 8) arena alloc=3MB (3741688B) java alloc=569KB (583496B) native alloc=1764KB (1806728B) free=6MB (7106168B)
09-20 00:39:13.576  3754  3754 E art     : DexFile_getDexOptNeeded file '/system/framework/org.apache.http.legacy.jar' does not exist
09-20 00:39:13.576  3754  3754 W PackageManager: Library not found: /system/framework/org.apache.http.legacy.jar
09-20 00:39:13.592  4016  4016 I dex2oat : /system/bin/dex2oat --compiler-filter=speed
09-20 00:39:13.620  4016  4016 I dex2oat : dex2oat took 28.390ms (threads: 8) arena alloc=599KB (613880B) java alloc=77KB (79408B) native alloc=1133KB (1161080B) free=3MB (3557512B)
09-20 00:39:13.638  4025  4025 I dex2oat : /system/bin/dex2oat --compiler-filter=speed
09-20 00:39:13.664  4025  4025 I dex2oat : dex2oat took 25.753ms (threads: 8) arena alloc=322KB (330160B) java alloc=83KB (85608B) native alloc=1086KB (1112232B) free=2MB (2557784B)
09-20 00:39:13.682  4034  4034 I dex2oat : /system/bin/dex2oat --compiler-filter=speed
09-20 00:39:13.705  4034  4034 I dex2oat : dex2oat took 23.805ms (threads: 8) arena alloc=102KB (105336B) java alloc=59KB (61384B) native alloc=1040KB (1065800B) free=2MB (2604216B)
09-20 00:39:13.707  3754  3754 D PackageManager: No files in app dir /vendor/overlay
09-20 00:39:13.707  3754  3754 D PackageManager: start scanDirLI:/system/framework
09-20 00:39:13.708  3754  3754 D PackageManager: max thread:6
09-20 00:39:13.718  3754  4044 I PackageManager: /system/framework/org.cyanogenmod.platform-res.apk changed; collecting certs
09-20 00:39:13.721  3754  4043 I PackageManager: /system/framework/framework-res.apk changed; collecting certs
09-20 00:39:13.723  3754  4044 W PackageManager: Permission cyanogenmod.permission.WRITE_ALARMS from package cyanogenmod.platform in an unknown group android.permission-group.SYSTEM_CLOCK
09-20 00:39:13.723  3754  4044 W PackageManager: Permission cyanogenmod.permission.MANAGE_ALARMS from package cyanogenmod.platform in an unknown group android.permission-group.SYSTEM_CLOCK
09-20 00:39:13.723  3754  4044 W PackageManager: Permission cyanogenmod.permission.READ_ALARMS from package cyanogenmod.platform in an unknown group android.permission-group.SYSTEM_CLOCK
09-20 00:39:13.778  3754  3754 D PackageManager: end scanDirLI:/system/framework
09-20 00:39:13.778  3754  3754 D PackageManager: start scanDirLI:/system/priv-app
09-20 00:39:13.778  3754  3754 D PackageManager: max thread:6
09-20 00:39:13.797  3754  4046 I PackageManager: /system/priv-app/BackupRestoreConfirmation changed; collecting certs
09-20 00:39:13.797  3754  4043 I PackageManager: /system/priv-app/CMSettingsProvider changed; collecting certs
09-20 00:39:13.797  3754  4045 I PackageManager: /system/priv-app/AudioFX changed; collecting certs
09-20 00:39:13.798  3754  4047 I PackageManager: /system/priv-app/BlockedNumberProvider changed; collecting certs
09-20 00:39:13.801  3754  4048 I PackageManager: /system/priv-app/CMAudioService changed; collecting certs
09-20 00:39:13.801  3754  4047 I PackageManager: New shared user android.uid.shared: id=10002
09-20 00:39:13.804  3754  4046 I PackageManager: /system/priv-app/CallLogBackup changed; collecting certs
09-20 00:39:13.806  3754  4044 I PackageManager: /system/priv-app/CMParts changed; collecting certs
09-20 00:39:13.808  3754  4045 I PackageManager: /system/priv-app/CarrierConfig changed; collecting certs
09-20 00:39:13.808  3754  4043 I PackageManager: /system/priv-app/CalendarProvider changed; collecting certs
09-20 00:39:13.811  3754  4043 I PackageManager: New shared user android.uid.calendar: id=10004
09-20 00:39:13.815  3754  4047 I PackageManager: /system/priv-app/CellBroadcastReceiver changed; collecting certs
09-20 00:39:13.816  3754  4043 I PackageManager: /system/priv-app/CtsShimPrivPrebuilt changed; collecting certs
09-20 00:39:13.817  3754  4046 I PackageManager: /system/priv-app/ContactsProvider changed; collecting certs
09-20 00:39:13.820  3754  4045 I PackageManager: /system/priv-app/DefaultContainerService changed; collecting certs
09-20 00:39:13.825  3754  4048 W PackageParser: No actions in intent filter at /system/priv-app/Contacts/Contacts.apk Binary XML file line #431
09-20 00:39:13.827  3754  4048 I PackageManager: /system/priv-app/Contacts changed; collecting certs
09-20 00:39:13.836  3754  4044 I PackageManager: /system/priv-app/DownloadProvider changed; collecting certs
09-20 00:39:13.839  3754  4045 I PackageManager: /system/priv-app/Eleven changed; collecting certs
09-20 00:39:13.841  3754  4046 I PackageManager: /system/priv-app/DocumentsUI changed; collecting certs
09-20 00:39:13.843  3754  4044 I PackageManager: New shared user android.media: id=10009
09-20 00:39:13.844  3754  4044 W PackageManager: Permission android.permission.DOWNLOAD_WITHOUT_NOTIFICATION from package com.android.providers.downloads in an unknown group android.permission-group.NETWORK
09-20 00:39:13.846  3754  4047 I PackageManager: /system/priv-app/EmergencyInfo changed; collecting certs
09-20 00:39:13.858  3754  4046 I PackageManager: /system/priv-app/ExternalStorageProvider changed; collecting certs
09-20 00:39:13.862  3754  4047 I PackageManager: New shared user com.android.emergency.uid: id=10013
09-20 00:39:13.865  3754  4048 I PackageManager: /system/priv-app/FusedLocation changed; collecting certs
09-20 00:39:13.865  3754  4043 W PackageParser: No actions in intent filter at /system/priv-app/Dialer/Dialer.apk Binary XML file line #207
09-20 00:39:13.866  3754  4043 I PackageManager: /system/priv-app/Dialer changed; collecting certs
09-20 00:39:13.871  3754  4047 I PackageManager: /system/priv-app/InputDevices changed; collecting certs
09-20 00:39:13.876  3754  4046 I PackageManager: /system/priv-app/Gallery2 changed; collecting certs
09-20 00:39:13.878  3754  4045 I PackageManager: /system/priv-app/LineageSetupWizard changed; collecting certs
09-20 00:39:13.879  3754  4048 I PackageManager: /system/priv-app/ManagedProvisioning changed; collecting certs
09-20 00:39:13.880  3754  4047 I PackageManager: /system/priv-app/MediaProvider changed; collecting certs
09-20 00:39:13.887  3754  4047 I PackageManager: /system/priv-app/MmsService changed; collecting certs
09-20 00:39:13.893  3754  4048 I PackageManager: /system/priv-app/MtpDocumentsProvider changed; collecting certs
09-20 00:39:13.900  3754  4048 I PackageManager: /system/priv-app/ProxyHandler changed; collecting certs
09-20 00:39:13.902  3754  4047 W PackageParser: Unknown element under <manifest>: uses-library at /system/priv-app/GoogleFeedback/GoogleFeedback.apk Binary XML file line #33
09-20 00:39:13.904  3754  4047 I PackageManager: /system/priv-app/GoogleFeedback changed; collecting certs
09-20 00:39:13.905  3754  4044 I PackageManager: /system/priv-app/Phonesky changed; collecting certs
09-20 00:39:13.916  3754  4048 I PackageManager: /system/priv-app/Recorder changed; collecting certs
09-20 00:39:13.916  3754  4045 I PackageManager: /system/priv-app/PackageInstaller changed; collecting certs
09-20 00:39:13.918  3754  4047 I PackageManager: /system/priv-app/SettingsProvider changed; collecting certs
09-20 00:39:13.918  3754  4046 I PackageManager: /system/priv-app/SharedStorageBackup changed; collecting certs
09-20 00:39:13.925  3754  4047 I PackageManager: /system/priv-app/StatementService changed; collecting certs
09-20 00:39:13.925  3754  4046 W PackageParser: Ignoring duplicate uses-permissions/uses-permissions-sdk-m: android.permission.INSTALL_GRANT_RUNTIME_PERMISSIONS in package: com.android.shell at: Binary XML file line #102
09-20 00:39:13.929  3754  4046 I PackageManager: /system/priv-app/Shell changed; collecting certs
09-20 00:39:13.941  3754  4048 I PackageManager: /system/priv-app/StorageManager changed; collecting certs
09-20 00:39:13.947  3754  4045 I PackageManager: /system/priv-app/Telecom changed; collecting certs
09-20 00:39:13.962  3754  4047 W PackageParser: Ignoring duplicate uses-permissions/uses-permissions-sdk-m: android.permission.CONFIGURE_WIFI_DISPLAY in package: com.android.systemui at: Binary XML file line #117
09-20 00:39:13.965  3754  4048 I PackageManager: /system/priv-app/TelephonyProvider changed; collecting certs
09-20 00:39:13.967  3754  4047 I PackageManager: /system/priv-app/SystemUI changed; collecting certs
09-20 00:39:13.969  3754  4045 I PackageManager: /system/priv-app/Trebuchet changed; collecting certs
09-20 00:39:13.969  3754  4046 I PackageManager: /system/priv-app/TeleService changed; collecting certs
09-20 00:39:13.977  3754  4048 I PackageManager: /system/priv-app/Updater changed; collecting certs
09-20 00:39:13.980  3754  4045 W PackageManager: Permission com.android.launcher.permission.INSTALL_SHORTCUT from package com.cyanogenmod.trebuchet in an unknown group android.permission-group.SYSTEM_TOOLS
09-20 00:39:13.980  3754  4045 W PackageManager: Permission com.android.launcher3.permission.READ_SETTINGS from package com.cyanogenmod.trebuchet in an unknown group android.permission-group.SYSTEM_TOOLS
09-20 00:39:13.980  3754  4045 W PackageManager: Permission com.android.launcher3.permission.WRITE_SETTINGS from package com.cyanogenmod.trebuchet in an unknown group android.permission-group.SYSTEM_TOOLS
09-20 00:39:13.986  3754  4045 I PackageManager: /system/priv-app/VpnDialogs changed; collecting certs
09-20 00:39:13.991  3754  4048 I PackageManager: /system/priv-app/WallpaperCropper changed; collecting certs
09-20 00:39:13.993  3754  4045 I PackageManager: /system/priv-app/WeatherManagerService changed; collecting certs
09-20 00:39:14.000  3754  4046 I PackageManager: /system/priv-app/GoogleBackupTransport changed; collecting certs
09-20 00:39:14.000  3754  4048 I PackageManager: /system/priv-app/WeatherProvider changed; collecting certs
09-20 00:39:14.000  3754  4045 I PackageManager: /system/priv-app/GoogleOneTimeInitializer changed; collecting certs
09-20 00:39:14.000  3754  4043 W PackageParser: Ignoring duplicate uses-permissions/uses-permissions-sdk-m: android.permission.USE_CREDENTIALS in package: com.android.settings at: Binary XML file line #56
09-20 00:39:14.000  3754  4043 W PackageParser: Ignoring duplicate uses-permissions/uses-permissions-sdk-m: android.permission.READ_SYNC_SETTINGS in package: com.android.settings at: Binary XML file line #61
09-20 00:39:14.000  3754  4043 W PackageParser: Ignoring duplicate uses-permissions/uses-permissions-sdk-m: android.permission.WRITE_SYNC_SETTINGS in package: com.android.settings at: Binary XML file line #62
09-20 00:39:14.003  3754  4046 I PackageManager: New shared user com.google.uid.shared: id=10032
09-20 00:39:14.009  3754  4047 I PackageManager: New shared user android.uid.systemui: id=10033
09-20 00:39:14.012  3754  4048 W PackageParser: Ignoring duplicate uses-permissions/uses-permissions-sdk-m: com.google.android.providers.gsf.permission.READ_GSERVICES in package: com.google.android.partnersetup at: Binary XML file line #32
09-20 00:39:14.013  3754  4048 I PackageManager: /system/priv-app/GooglePartnerSetup changed; collecting certs
09-20 00:39:14.016  3754  4043 I PackageManager: /system/priv-app/Settings changed; collecting certs
09-20 00:39:14.024  3754  4046 I PackageManager: /system/priv-app/GoogleServicesFramework changed; collecting certs
09-20 00:39:14.032  3754  4047 I PackageManager: /system/priv-app/GoogleLoginService changed; collecting certs
09-20 00:39:14.061  3754  4045 I PackageManager: /system/priv-app/PrebuiltGmsCore changed; collecting certs
09-20 00:39:14.064  3754  4048 I PackageManager: /system/priv-app/SetupWizard changed; collecting certs
09-20 00:39:14.085  3754  4046 W PackageManager: Permission com.google.android.googleapps.permission.GOOGLE_AUTH from package com.google.android.gsf in an unknown group android.permission-group.ACCOUNTS
09-20 00:39:14.085  3754  4046 W PackageManager: Permission com.google.android.googleapps.permission.GOOGLE_AUTH.ALL_SERVICES from package com.google.android.gsf in an unknown group android.permission-group.ACCOUNTS
09-20 00:39:14.085  3754  4046 W PackageManager: Permission com.google.android.googleapps.permission.GOOGLE_AUTH.OTHER_SERVICES from package com.google.android.gsf in an unknown group android.permission-group.ACCOUNTS
09-20 00:39:14.085  3754  4046 W PackageManager: Permission com.google.android.googleapps.permission.GOOGLE_AUTH.mail from package com.google.android.gsf in an unknown group android.permission-group.ACCOUNTS
09-20 00:39:14.085  3754  4046 W PackageManager: Permission com.google.android.googleapps.permission.GOOGLE_AUTH.cl from package com.google.android.gsf in an unknown group android.permission-group.ACCOUNTS
09-20 00:39:14.085  3754  4046 W PackageManager: Permission com.google.android.googleapps.permission.GOOGLE_AUTH.android from package com.google.android.gsf in an unknown group android.permission-group.ACCOUNTS
09-20 00:39:14.085  3754  4046 W PackageManager: Permission com.google.android.googleapps.permission.GOOGLE_AUTH.androidsecure from package com.google.android.gsf in an unknown group android.permission-group.ACCOUNTS
09-20 00:39:14.086  3754  4046 W PackageManager: Permission com.google.android.googleapps.permission.GOOGLE_AUTH.sierra from package com.google.android.gsf in an unknown group android.permission-group.ACCOUNTS
09-20 00:39:14.086  3754  4046 W PackageManager: Permission com.google.android.googleapps.permission.GOOGLE_AUTH.sierraqa from package com.google.android.gsf in an unknown group android.permission-group.ACCOUNTS
09-20 00:39:14.086  3754  4046 W PackageManager: Permission com.google.android.googleapps.permission.GOOGLE_AUTH.sierrasandbox from package com.google.android.gsf in an unknown group android.permission-group.ACCOUNTS
09-20 00:39:14.086  3754  4046 W PackageManager: Permission com.google.android.googleapps.permission.GOOGLE_AUTH.youtube from package com.google.android.gsf in an unknown group android.permission-group.ACCOUNTS
09-20 00:39:14.086  3754  4046 W PackageManager: Permission com.google.android.googleapps.permission.GOOGLE_AUTH.YouTubeUser from package com.google.android.gsf in an unknown group android.permission-group.ACCOUNTS
09-20 00:39:14.086  3754  4046 W PackageManager: Permission com.google.android.googleapps.permission.GOOGLE_AUTH.talk from package com.google.android.gsf in an unknown group android.permission-group.ACCOUNTS
09-20 00:39:14.086  3754  4046 W PackageManager: Permission com.google.android.googleapps.permission.GOOGLE_AUTH.ig from package com.google.android.gsf in an unknown group android.permission-group.ACCOUNTS
09-20 00:39:14.086  3754  4046 W PackageManager: Permission com.google.android.googleapps.permission.GOOGLE_AUTH.lh2 from package com.google.android.gsf in an unknown group android.permission-group.ACCOUNTS
09-20 00:39:14.086  3754  4046 W PackageManager: Permission com.google.android.googleapps.permission.GOOGLE_AUTH.mobile from package com.google.android.gsf in an unknown group android.permission-group.ACCOUNTS
09-20 00:39:14.086  3754  4046 W PackageManager: Permission com.google.android.googleapps.permission.GOOGLE_AUTH.cp from package com.google.android.gsf in an unknown group android.permission-group.ACCOUNTS
09-20 00:39:14.086  3754  4046 W PackageManager: Permission com.google.android.googleapps.permission.GOOGLE_AUTH.adsense from package com.google.android.gsf in an unknown group android.permission-group.ACCOUNTS
09-20 00:39:14.086  3754  4046 W PackageManager: Permission com.google.android.googleapps.permission.GOOGLE_AUTH.adwords from package com.google.android.gsf in an unknown group android.permission-group.ACCOUNTS
09-20 00:39:14.086  3754  4046 W PackageManager: Permission com.google.android.googleapps.permission.GOOGLE_AUTH.blogger from package com.google.android.gsf in an unknown group android.permission-group.ACCOUNTS
09-20 00:39:14.086  3754  4046 W PackageManager: Permission com.google.android.googleapps.permission.GOOGLE_AUTH.dodgeball from package com.google.android.gsf in an unknown group android.permission-group.ACCOUNTS
09-20 00:39:14.086  3754  4046 W PackageManager: Permission com.google.android.googleapps.permission.GOOGLE_AUTH.gbase from package com.google.android.gsf in an unknown group android.permission-group.ACCOUNTS
09-20 00:39:14.086  3754  4046 W PackageManager: Permission com.google.android.googleapps.permission.GOOGLE_AUTH.groups2 from package com.google.android.gsf in an unknown group android.permission-group.ACCOUNTS
09-20 00:39:14.086  3754  4046 W PackageManager: Permission com.google.android.googleapps.permission.GOOGLE_AUTH.health from package com.google.android.gsf in an unknown group android.permission-group.ACCOUNTS
09-20 00:39:14.086  3754  4046 W PackageManager: Permission com.google.android.googleapps.permission.GOOGLE_AUTH.jotspot from package com.google.android.gsf in an unknown group android.permission-group.ACCOUNTS
09-20 00:39:14.086  3754  4046 W PackageManager: Permission com.google.android.googleapps.permission.GOOGLE_AUTH.knol from package com.google.android.gsf in an unknown group android.permission-group.ACCOUNTS
09-20 00:39:14.086  3754  4046 W PackageManager: Permission com.google.android.googleapps.permission.GOOGLE_AUTH.news from package com.google.android.gsf in an unknown group android.permission-group.ACCOUNTS
