09-05 20:32:33.548  3561  3561 W PackageManager: Unable to disable com.google.android.gsf/com.google.android.gsf.update.SystemUpdateService$SecretCodeReceiver
09-05 20:32:33.548  3561  3561 V PackageManager: Disabling com.google.android.gsf/com.google.android.gsf.update.SystemUpdateServiceReceiver
09-05 20:32:33.548  3561  3561 W PackageManager: Unable to disable com.google.android.gsf/com.google.android.gsf.update.SystemUpdateServiceReceiver
09-05 20:32:33.548  3561  3561 V PackageManager: Disabling com.google.android.gms/com.google.android.gms.update.SystemUpdateActivity
09-05 20:32:33.548  3561  3561 W PackageManager: Unable to disable com.google.android.gms/com.google.android.gms.update.SystemUpdateActivity
09-05 20:32:33.548  3561  3561 V PackageManager: Disabling com.google.android.gms/com.google.android.gms.update.SystemUpdateService$Receiver
09-05 20:32:33.548  3561  3561 W PackageManager: Unable to disable com.google.android.gms/com.google.android.gms.update.SystemUpdateService$Receiver
09-05 20:32:33.548  3561  3561 V PackageManager: Disabling com.google.android.gms/com.google.android.gms.update.SystemUpdateService$ActiveReceiver
09-05 20:32:33.549  3561  3561 W PackageManager: Unable to disable com.google.android.gms/com.google.android.gms.update.SystemUpdateService$ActiveReceiver
09-05 20:32:33.549  3561  3561 V PackageManager: Disabling com.google.android.gms/com.google.android.gms.update.SystemUpdateService$SecretCodeReceiver
09-05 20:32:33.549  3561  3561 W PackageManager: Unable to disable com.google.android.gms/com.google.android.gms.update.SystemUpdateService$SecretCodeReceiver
09-05 20:32:33.549  3561  3561 V PackageManager: Disabling com.google.android.gms/com.google.android.gms.update.SystemUpdateServiceReceiver
09-05 20:32:33.549  3561  3561 W PackageManager: Unable to disable com.google.android.gms/com.google.android.gms.update.SystemUpdateServiceReceiver
09-05 20:32:33.549  3561  3561 V PackageManager: Enabling com.google.android.gsf/com.google.android.gsf.update.SystemUpdateService
09-05 20:32:33.549  3561  3561 W PackageManager: Unable to enable com.google.android.gsf/com.google.android.gsf.update.SystemUpdateService
09-05 20:32:33.550  3561  3561 V PackageManager: Enabling com.google.android.gms/com.google.android.gms.update.SystemUpdateService
09-05 20:32:33.550  3561  3561 W PackageManager: Unable to enable com.google.android.gms/com.google.android.gms.update.SystemUpdateService
09-05 20:32:33.568  3814  3814 V lhd     : GlLhdInterface::Init(/system/etc/lhd.conf)
09-05 20:32:33.568  3814  3814 E lhd     : SetCfgValue: Critical Error. Unknown configuration parameter "FlpName"="tcp"
09-05 20:32:33.568  3814  3814 V lhd     : SetCfgValue: LHD config "LheSerialControl"="BBD:Serial=TTY"
09-05 20:32:33.568  3814  3814 E lhd     : SetCfgValue: Critical Error. Unknown configuration parameter "LheClockMHz"="100"
09-05 20:32:33.568  3814  3814 V lhd     : SetCfgValue: LHD config "LhePatch"="/dev/bbd_patch"
09-05 20:32:33.568  3814  3814 V lhd     : SetCfgValue: LHD config "LheMaxMcuResetTries"="4"
09-05 20:32:33.568  3814  3814 V lhd     : SetCfgValue: LHD config "LheBbdPacket"="/dev/ttyBCM"
09-05 20:32:33.568  3814  3814 V lhd     : SetCfgValue: LHD config "LheBbdControl"="/dev/bbd_control"
09-05 20:32:33.568  3814  3814 V lhd     : SetCfgValue: LHD config "LheBbdSensor"="/dev/bbd_sensor"
09-05 20:32:33.568  3814  3814 V lhd     : SetCfgValue: LHD config "Lhe477xDebugFlags"="RPC:FACILITY=33:STDOUT_PUTS:STDOUT_LOG"
09-05 20:32:33.568  3814  3814 E lhd     : SetCfgValue: Critical Error. Unknown configuration parameter "LheSensorIpc"="true"
09-05 20:32:33.568  3814  3814 E lhd     : SetCfgValue: Critical Error. Unknown configuration parameter "LhePinMux"="P17=M1"
09-05 20:32:33.568  3814  3814 V lhd     : SetCfgValue: LHD config "LheAutoBaudDelayMS"="10"
09-05 20:32:33.568  3814  3814 V lhd     : SetCfgValue: LHD config "LheMaxMcuResetTries"="3"
09-05 20:32:33.569  3814  3814 E lhd     : OpenFirmwareFile: Fail to open /efs/sec_efs/sensorhub_urgent_fw.patch, errno 2
09-05 20:32:33.569  3814  3814 E lhd     : getCustPatchVersion: Fail to parse patch /efs/sec_efs/sensorhub_urgent_fw.patch
09-05 20:32:33.569  3814  3814 E lhd     : getCustPatchVersion: <CustomerVersion> not found
09-05 20:32:33.619  3167  3167 D wrapperGPS: wrapperConnect_RILD
09-05 20:32:33.628  3814  3814 D lhd     : OnIpcConnect
09-05 20:32:33.870  3561  3561 I PackageManager.DexOptimizer: Running dexopt (dex2oat) on: /system/priv-app/TelephonyProvider/TelephonyProvider.apk pkg=com.android.providers.telephony isa=arm64 vmSafeMode=false debuggable=false target-filter=speed oatDir = null sharedLibraries=null
09-05 20:32:33.886  3816  3816 I dex2oat : /system/bin/dex2oat --compiler-filter=speed
09-05 20:32:34.116  3816  3816 I dex2oat : dex2oat took 230.898ms (threads: 8) arena alloc=6MB (6926080B) java alloc=377KB (386048B) native alloc=2MB (2225296B) free=10MB (11406192B)
09-05 20:32:34.120  3561  3561 I PackageManager.DexOptimizer: Running dexopt (dex2oat) on: /system/priv-app/MmsService/MmsService.apk pkg=com.android.mms.service isa=arm64 vmSafeMode=false debuggable=false target-filter=speed oatDir = null sharedLibraries=null
09-05 20:32:34.136  3825  3825 I dex2oat : /system/bin/dex2oat --compiler-filter=speed
09-05 20:32:34.266  3825  3825 I dex2oat : dex2oat took 130.596ms (threads: 8) arena alloc=2MB (2306280B) java alloc=281KB (288696B) native alloc=1617KB (1656736B) free=4MB (5159008B)
09-05 20:32:34.270  3561  3561 I PackageManager.DexOptimizer: Running dexopt (dex2oat) on: /system/priv-app/DefaultContainerService/DefaultContainerService.apk pkg=com.android.defcontainer isa=arm64 vmSafeMode=false debuggable=false target-filter=speed oatDir = null sharedLibraries=null
09-05 20:32:34.285  3834  3834 I dex2oat : /system/bin/dex2oat --compiler-filter=speed
09-05 20:32:34.360  3834  3834 I dex2oat : dex2oat took 75.057ms (threads: 8) arena alloc=536KB (549456B) java alloc=108KB (110976B) native alloc=1165KB (1192960B) free=1907KB (1952768B)
09-05 20:32:34.363  3561  3561 I PackageManager.DexOptimizer: Running dexopt (dex2oat) on: /system/priv-app/SettingsProvider/SettingsProvider.apk pkg=com.android.providers.settings isa=arm64 vmSafeMode=false debuggable=false target-filter=speed oatDir = null sharedLibraries=null
09-05 20:32:34.379  3843  3843 I dex2oat : /system/bin/dex2oat --compiler-filter=speed
09-05 20:32:34.592  3843  3843 I dex2oat : dex2oat took 213.238ms (threads: 8) arena alloc=6MB (6933832B) java alloc=281KB (288208B) native alloc=1844KB (1888424B) free=9MB (10170200B)
09-05 20:32:34.596  3561  3561 I PackageManager.DexOptimizer: Running dexopt (dex2oat) on: /system/priv-app/InputDevices/InputDevices.apk pkg=com.android.inputdevices isa=arm64 vmSafeMode=false debuggable=false target-filter=speed oatDir = null sharedLibraries=null
09-05 20:32:34.611  3852  3852 I dex2oat : /system/bin/dex2oat --compiler-filter=speed
09-05 20:32:34.619  3167  3167 D wrapperGPS: wrapperConnect_RILD
09-05 20:32:34.673  3852  3852 I dex2oat : dex2oat took 62.069ms (threads: 8) arena alloc=15KB (15632B) java alloc=32KB (33200B) native alloc=863KB (883984B) free=1696KB (1737456B)
09-05 20:32:34.676  3561  3561 I PackageManager.DexOptimizer: Running dexopt (dex2oat) on: /system/app/ExtShared/ExtShared.apk pkg=android.ext.shared isa=arm64 vmSafeMode=false debuggable=false target-filter=speed oatDir = null sharedLibraries=null
09-05 20:32:34.691  3861  3861 I dex2oat : /system/bin/dex2oat --compiler-filter=speed
09-05 20:32:34.754  3861  3861 I dex2oat : dex2oat took 62.813ms (threads: 8) arena alloc=78KB (79992B) java alloc=55KB (57056B) native alloc=890KB (911800B) free=2MB (2233928B)
09-05 20:32:34.756  3561  3561 I PackageManager.DexOptimizer: Running dexopt (dex2oat) on: /system/priv-app/Telecom/Telecom.apk pkg=com.android.server.telecom isa=arm64 vmSafeMode=false debuggable=false target-filter=speed oatDir = null sharedLibraries=null
09-05 20:32:34.772  3870  3870 I dex2oat : /system/bin/dex2oat --compiler-filter=speed
09-05 20:32:35.180  3870  3870 I dex2oat : dex2oat took 407.882ms (threads: 8) arena alloc=4MB (4606656B) java alloc=1161KB (1189280B) native alloc=4MB (4751688B) free=7MB (8355512B)
09-05 20:32:35.184  3561  3561 I PackageManager.DexOptimizer: Running dexopt (dex2oat) on: /system/priv-app/Dialer/Dialer.apk pkg=com.android.dialer isa=arm64 vmSafeMode=false debuggable=false target-filter=speed oatDir = null sharedLibraries=null
09-05 20:32:35.200  3879  3879 I dex2oat : /system/bin/dex2oat --compiler-filter=speed
09-05 20:32:35.392  3879  3879 W dex2oat : Before Android 4.1, method android.graphics.PorterDuffColorFilter android.support.graphics.drawable.VectorDrawableCompat.updateTintFilter(android.graphics.PorterDuffColorFilter, android.content.res.ColorStateList, android.graphics.PorterDuff$Mode) would have incorrectly overridden the package-private method in android.graphics.drawable.Drawable
09-05 20:32:35.405  3879  3886 W dex2oat : Before Android 4.1, method int android.support.v7.widget.ListViewCompat.lookForSelectablePosition(int, boolean) would have incorrectly overridden the package-private method in android.widget.ListView
09-05 20:32:35.619  3167  3167 D wrapperGPS: wrapperConnect_RILD
09-05 20:32:36.620  3167  3167 D wrapperGPS: wrapperConnect_RILD
09-05 20:32:36.783  3879  3879 I dex2oat : dex2oat took 1.583s (threads: 8) arena alloc=4MB (4201000B) java alloc=6MB (6336112B) native alloc=16MB (17205768B) free=7MB (7435768B)
09-05 20:32:36.789  3561  3561 I PackageManager.DexOptimizer: Running dexopt (dex2oat) on: /system/priv-app/ExtServices/ExtServices.apk pkg=android.ext.services isa=arm64 vmSafeMode=false debuggable=false target-filter=speed oatDir = null sharedLibraries=null
09-05 20:32:36.805  3889  3889 I dex2oat : /system/bin/dex2oat --compiler-filter=speed
09-05 20:32:36.880  3889  3889 I dex2oat : dex2oat took 75.497ms (threads: 8) arena alloc=337KB (345992B) java alloc=111KB (114192B) native alloc=1109KB (1135752B) free=2MB (2534264B)
09-05 20:32:36.883  3561  3561 I PackageManager.DexOptimizer: Running dexopt (dex2oat) on: /system/priv-app/CMSettingsProvider/CMSettingsProvider.apk pkg=org.cyanogenmod.cmsettings isa=arm64 vmSafeMode=false debuggable=false target-filter=speed oatDir = null sharedLibraries=null
09-05 20:32:36.899  3898  3898 I dex2oat : /system/bin/dex2oat --compiler-filter=speed
09-05 20:32:37.012  3898  3898 I dex2oat : dex2oat took 113.458ms (threads: 8) arena alloc=1923KB (1969720B) java alloc=246KB (252512B) native alloc=1717KB (1758680B) free=4MB (4532776B)
09-05 20:32:37.016  3561  3561 I PackageManager.DexOptimizer: Running dexopt (dex2oat) on: /system/priv-app/PackageInstaller/PackageInstaller.apk pkg=com.android.packageinstaller isa=arm64 vmSafeMode=false debuggable=false target-filter=speed oatDir = null sharedLibraries=null
09-05 20:32:37.032  3907  3907 I dex2oat : /system/bin/dex2oat --compiler-filter=speed
09-05 20:32:37.128  3907  3910 W dex2oat : Before Android 4.1, method android.graphics.PorterDuffColorFilter android.support.graphics.drawable.VectorDrawableCompat.updateTintFilter(android.graphics.PorterDuffColorFilter, android.content.res.ColorStateList, android.graphics.PorterDuff$Mode) would have incorrectly overridden the package-private method in android.graphics.drawable.Drawable
09-05 20:32:37.144  3907  3910 W dex2oat : Before Android 4.1, method int android.support.v7.widget.ListViewCompat.lookForSelectablePosition(int, boolean) would have incorrectly overridden the package-private method in android.widget.ListView
09-05 20:32:37.620  3167  3167 D wrapperGPS: wrapperConnect_RILD
09-05 20:32:37.792  3907  3907 I dex2oat : dex2oat took 760.272ms (threads: 8) arena alloc=4MB (4927944B) java alloc=3MB (4132288B) native alloc=7MB (7867312B) free=7MB (8385616B)
09-05 20:32:37.796  3561  3561 I PackageManager.DexOptimizer: Running dexopt (dex2oat) on: /system/priv-app/ProxyHandler/ProxyHandler.apk pkg=com.android.proxyhandler isa=arm64 vmSafeMode=false debuggable=false target-filter=speed oatDir = null sharedLibraries=null
09-05 20:32:37.812  3917  3917 I dex2oat : /system/bin/dex2oat --compiler-filter=speed
09-05 20:32:37.890  3917  3917 I dex2oat : dex2oat took 78.679ms (threads: 8) arena alloc=1271KB (1301752B) java alloc=111KB (114352B) native alloc=1138KB (1165792B) free=2MB (3028512B)
09-05 20:32:37.894  3561  3561 I PackageManager.DexOptimizer: Running dexopt (dex2oat) on: /system/app/LatinIME/LatinIME.apk pkg=com.android.inputmethod.latin isa=arm64 vmSafeMode=false debuggable=false target-filter=speed oatDir = null sharedLibraries=null
09-05 20:32:37.909  3926  3926 I dex2oat : /system/bin/dex2oat --compiler-filter=speed
09-05 20:32:38.401  3926  3926 I dex2oat : dex2oat took 492.091ms (threads: 8) arena alloc=3MB (3811008B) java alloc=1811KB (1854864B) native alloc=4MB (5088952B) free=7MB (8018248B)
09-05 20:32:38.406  3561  3561 I PackageManager.DexOptimizer: Running dexopt (dex2oat) on: /system/priv-app/Settings/Settings.apk pkg=com.android.settings isa=arm64 vmSafeMode=false debuggable=false target-filter=speed oatDir = null sharedLibraries=null
09-05 20:32:38.422  3935  3935 I dex2oat : /system/bin/dex2oat --compiler-filter=speed
09-05 20:32:38.605  3935  3941 W dex2oat : Before Android 4.1, method android.graphics.PorterDuffColorFilter android.support.graphics.drawable.VectorDrawableCompat.updateTintFilter(android.graphics.PorterDuffColorFilter, android.content.res.ColorStateList, android.graphics.PorterDuff$Mode) would have incorrectly overridden the package-private method in android.graphics.drawable.Drawable
09-05 20:32:38.617  3935  3939 W dex2oat : Before Android 4.1, method int android.support.v7.widget.ListViewCompat.lookForSelectablePosition(int, boolean) would have incorrectly overridden the package-private method in android.widget.ListView
09-05 20:32:38.621  3167  3167 D wrapperGPS: wrapperConnect_RILD
09-05 20:32:39.621  3167  3167 D wrapperGPS: wrapperConnect_RILD
09-05 20:32:40.033  3935  3935 I dex2oat : dex2oat took 1.611s (threads: 8) arena alloc=6MB (6365768B) java alloc=9MB (10000464B) native alloc=17MB (18031256B) free=10MB (10804584B)
09-05 20:32:40.039  3561  3561 I PackageManager.DexOptimizer: Running dexopt (dex2oat) on: /system/priv-app/TeleService/TeleService.apk pkg=com.android.phone isa=arm64 vmSafeMode=false debuggable=false target-filter=speed oatDir = null sharedLibraries=null
09-05 20:32:40.055  3945  3945 I dex2oat : /system/bin/dex2oat --compiler-filter=speed
09-05 20:32:40.496  3945  3953 W dex2oat : Compilation of void com.android.phone.PhoneInterfaceManager$MainThreadHandler.handleMessage(android.os.Message) took 128.040ms
09-05 20:32:40.622  3167  3167 D wrapperGPS: wrapperConnect_RILD
09-05 20:32:40.859  3945  3945 I dex2oat : dex2oat took 803.994ms (threads: 8) arena alloc=12MB (13519776B) java alloc=2MB (2738208B) native alloc=8MB (8892712B) free=17MB (17845976B)
09-05 20:32:40.864  3561  3561 I PackageManager.DexOptimizer: Running dexopt (dex2oat) on: /system/priv-app/Shell/Shell.apk pkg=com.android.shell isa=arm64 vmSafeMode=false debuggable=false target-filter=speed oatDir = null sharedLibraries=null
09-05 20:32:40.881  3954  3954 I dex2oat : /system/bin/dex2oat --compiler-filter=speed
09-05 20:32:41.038  3954  3954 I dex2oat : dex2oat took 157.588ms (threads: 8) arena alloc=2MB (2334376B) java alloc=345KB (353496B) native alloc=1774KB (1817120B) free=4MB (4474336B)
09-05 20:32:41.042  3561  3561 I PackageManager.DexOptimizer: Running dexopt (dex2oat) on: /system/priv-app/FusedLocation/FusedLocation.apk pkg=com.android.location.fused isa=arm64 vmSafeMode=false debuggable=false target-filter=speed oatDir = null sharedLibraries=/system/framework/com.android.location.provider.jar
09-05 20:32:41.058  3963  3963 I dex2oat : /system/bin/dex2oat --compiler-filter=speed
09-05 20:32:41.132  3963  3963 I dex2oat : dex2oat took 74.309ms (threads: 8) arena alloc=442KB (453552B) java alloc=143KB (147008B) native alloc=1290KB (1321816B) free=3MB (3396776B)
09-05 20:32:41.135  3561  3561 I PackageManager.DexOptimizer: Running dexopt (dex2oat) on: /system/priv-app/SystemUI/SystemUI.apk pkg=com.android.systemui isa=arm64 vmSafeMode=false debuggable=false target-filter=speed oatDir = null sharedLibraries=null
09-05 20:32:41.151  3972  3972 I dex2oat : /system/bin/dex2oat --compiler-filter=speed
09-05 20:32:41.351  3972  3979 W dex2oat : Before Android 4.1, method android.graphics.PorterDuffColorFilter android.support.graphics.drawable.VectorDrawableCompat.updateTintFilter(android.graphics.PorterDuffColorFilter, android.content.res.ColorStateList, android.graphics.PorterDuff$Mode) would have incorrectly overridden the package-private method in android.graphics.drawable.Drawable
09-05 20:32:41.366  3972  3974 W dex2oat : Before Android 4.1, method int android.support.v7.widget.ListViewCompat.lookForSelectablePosition(int, boolean) would have incorrectly overridden the package-private method in android.widget.ListView
09-05 20:32:41.622  3167  3167 D wrapperGPS: wrapperConnect_RILD
09-05 20:32:42.623  3167  3167 D wrapperGPS: wrapperConnect_RILD
09-05 20:32:42.907  3972  3972 I dex2oat : dex2oat took 1.756s (threads: 8) arena alloc=2MB (2976584B) java alloc=10MB (10610024B) native alloc=18MB (19030696B) free=5MB (6135128B)
09-05 20:32:42.913  3561  3561 I PackageManager.DexOptimizer: Running dexopt (dex2oat) on: /system/priv-app/WeatherManagerService/WeatherManagerService.apk pkg=org.cyanogenmod.weatherservice isa=arm64 vmSafeMode=false debuggable=false target-filter=speed oatDir = null sharedLibraries=null
09-05 20:32:42.929  3981  3981 I dex2oat : /system/bin/dex2oat --compiler-filter=speed
09-05 20:32:43.070  3981  3981 I dex2oat : dex2oat took 140.562ms (threads: 8) arena alloc=2MB (2346680B) java alloc=404KB (414384B) native alloc=1479KB (1514600B) free=5MB (5825432B)
09-05 20:32:43.073  3561  3561 E PackageManager: There should probably be a verifier, but, none were found
09-05 20:32:43.077  3561  3561 D PackageManager: Ephemeral resolver NOT found; no matching intent filters
09-05 20:32:43.077  3561  3561 I PackageManager: Ephemeral deactivated; missing resolver and installer
09-05 20:32:43.077  3561  3561 I art     : Starting a blocking GC Explicit
09-05 20:32:43.100  3561  3561 I art     : Explicit concurrent mark sweep GC freed 53574(3MB) AllocSpace objects, 45(2MB) LOS objects, 33% free, 9MB/13MB, paused 145us total 22.594ms
09-05 20:32:43.101  3561  3561 I SystemServer: StartOtaDexOptService
09-05 20:32:43.103  3561  3561 I SystemServer: StartUserManagerService
09-05 20:32:43.104  3561  3561 I SystemServiceManager: Starting com.android.server.pm.UserManagerService$LifeCycle
09-05 20:32:43.117  3147  3147 I lowmemorykiller: ActivityManager connected
09-05 20:32:43.118  3561  3561 I SystemServiceManager: Starting com.android.server.BatteryService
09-05 20:32:43.118  3561  3991 D SensorService: nuSensorService starting...
09-05 20:32:43.121  3561  3991 W MultiHal: No multihal config file found at /system/etc/sensors/hals.conf
09-05 20:32:43.121  3561  3991 I SensorService: Generated new HMAC key.
09-05 20:32:43.122  3561  3561 I SystemServiceManager: Starting com.android.server.usage.UsageStatsService
09-05 20:32:43.137  3561  3561 I SystemServiceManager: Starting com.android.server.webkit.WebViewUpdateService
09-05 20:32:43.141  3561  3561 I SystemServer: Reading configuration...
09-05 20:32:43.141  3561  3561 I SystemServer: StartSchedulingPolicyService
09-05 20:32:43.142  3561  3561 I SystemServiceManager: Starting com.android.server.telecom.TelecomLoaderService
09-05 20:32:43.142  3561  3561 I SystemServer: StartTelephonyRegistry
09-05 20:32:43.146  3561  3561 I SystemServer: StartEntropyMixer
09-05 20:32:43.146  3561  3561 W EntropyMixer: No existing entropy file -- first boot?
09-05 20:32:43.166  3561  3561 I EntropyMixer: Added HW RNG output to entropy pool
09-05 20:32:43.166  3561  3561 I EntropyMixer: Writing entropy...
09-05 20:32:43.189  3561  3561 I SystemServer: Camera Service
09-05 20:32:43.189  3561  3561 I SystemServiceManager: Starting com.android.server.camera.CameraService
09-05 20:32:43.190  3561  3992 I ServiceThread: Enabled StrictMode logging for CameraService_proxy looper.
09-05 20:32:43.191  3561  3561 I SystemServer: StartAccountManagerService
09-05 20:32:43.191  3561  3561 I SystemServiceManager: Starting com.android.server.accounts.AccountManagerService$Lifecycle
09-05 20:32:43.198  3561  3561 I SystemServer: StartContentService
09-05 20:32:43.198  3561  3561 I SystemServiceManager: Starting com.android.server.content.ContentService$Lifecycle
09-05 20:32:43.200  3561  3561 I SystemServer: InstallSystemProviders
09-05 20:32:43.203  3561  3561 W System  : ClassLoader referenced unknown path: /system/priv-app/CMSettingsProvider/lib/arm64
09-05 20:32:43.255  3561  3561 D ActivityThread: Loading provider settings: com.android.providers.settings.SettingsProvider
09-05 20:32:43.257  3561  3561 W System  : ClassLoader referenced unknown path: /system/priv-app/SettingsProvider/lib/arm64
09-05 20:32:43.258  3561  3561 D ApplicationLoaders: ignored Vulkan layer search path /system/priv-app/SettingsProvider/lib/arm64:/system/priv-app/SettingsProvider/SettingsProvider.apk!/lib/arm64-v8a:/system/lib64:/vendor/lib64 for namespace 0x7f819ab160
09-05 20:32:43.354  3561  3561 I SettingsState: No settings state /data/system/users/0/settings_system.xml
09-05 20:32:43.370  3561  3561 I SettingsState: No settings state /data/system/users/0/settings_secure.xml
09-05 20:32:43.374  3561  3561 D SettingsProvider: Generated and saved new ANDROID_ID [7382d8b3db21d141] for user 0
09-05 20:32:43.388  3561  3561 I SettingsState: No settings state /data/system/users/0/settings_global.xml
09-05 20:32:43.444  3561  3561 I SystemServer: StartVibratorService
09-05 20:32:43.447  3561  3561 I SystemServer: StartConsumerIrService
09-05 20:32:43.448  3561  3561 E ConsumerIrService: Can't open consumer IR HW Module, error: -2
09-05 20:32:43.448  3561  3561 I SystemServer: StartAlarmManagerService
09-05 20:32:43.448  3561  3561 I SystemServiceManager: Starting com.android.server.AlarmManagerService
09-05 20:32:43.454  3561  3561 I SystemServer: InitWatchdog
09-05 20:32:43.455  3561  3561 I SystemServer: StartInputManagerService
09-05 20:32:43.455  3561  3561 I InputManager: Initializing input manager, mUseDevInputEventForAudioJack=false
09-05 20:32:43.456  3561  3561 I SystemServer: StartWindowManagerService
09-05 20:32:43.465  3561  3657 I WindowManager: No existing display settings /data/system/display_settings.xml; starting empty
09-05 20:32:43.624  3167  3167 D wrapperGPS: wrapperCloseClient_RILD
09-05 20:32:43.624  3167  3167 D gpsd    : WakeLock(Acquire,GPSD)
09-05 20:32:43.624  3167  3167 D gpsd    : WakeLock(Release,GPSD)
09-05 20:32:43.624  3167  3167 D gpsd    : WakeLock(Acquire,GPSD)
09-05 20:32:43.624  3167  3167 D gpsd    : WakeLock(Release,GPSD)
09-05 20:32:43.780  3561  3657 W art     : Long monitor contention with owner PackageManager (3663) at void com.android.server.pm.PackageManagerService$PackageHandler.doHandleMessage(android.os.Message)(PackageManagerService.java:1498) waiters=0 in android.content.pm.ProviderInfo com.android.server.pm.PackageManagerService.resolveContentProvider(java.lang.String, int, int) for 308ms
09-05 20:32:43.784  3561  3651 I CameraManagerGlobal: Connecting to camera service
09-05 20:32:43.787  3162  3162 E CameraService: getCameraVendorTagDescriptor: camera hardware module doesn't exist
09-05 20:32:43.864  3561  3561 I SystemServer: StartVrManagerService
09-05 20:32:43.864  3561  3561 I SystemServiceManager: Starting com.android.server.vr.VrManagerService
09-05 20:32:43.865  3561  3561 W VrManagerService: init_native: Could not open VR hardware module, error No such file or directory (-2).
09-05 20:32:43.867  3561  3561 I InputManager: Starting input manager
09-05 20:32:43.869  3561  3999 D EventHub: No input device configuration file found for device 'certify_hall'.
09-05 20:32:43.873  3561  3561 I SystemServiceManager: Starting com.android.server.BluetoothService
09-05 20:32:43.875  3561  3561 D BluetoothManagerService: Loading stored name and address
09-05 20:32:43.875  3561  3561 D BluetoothManagerService: Stored bluetooth Name=null,Address=null
09-05 20:32:43.875  3561  3561 D BluetoothManagerService: Bluetooth persisted state: 0
09-05 20:32:43.876  3561  3561 I SystemServer: ConnectivityMetricsLoggerService
09-05 20:32:43.876  3561  3561 I SystemServiceManager: Starting com.android.server.connectivity.MetricsLoggerService
09-05 20:32:43.876  3561  3561 I SystemServer: IpConnectivityMetrics
09-05 20:32:43.876  3561  3561 I SystemServiceManager: Starting com.android.server.connectivity.IpConnectivityMetrics
09-05 20:32:43.877  3561  3561 I SystemServer: PinnerService
09-05 20:32:43.877  3561  3561 I SystemServiceManager: Starting com.android.server.PinnerService
09-05 20:32:43.878  3561  3561 I SystemServiceManager: Starting com.android.server.InputMethodManagerService$Lifecycle
09-05 20:32:43.906  3561  3999 D EventHub: No input device configuration file found for device 'Headset'.
09-05 20:32:43.906  3561  3561 W System  : ClassLoader referenced unknown path: 
09-05 20:32:43.907  3561  3561 D ApplicationLoaders: ignored Vulkan layer search path /system/app/LatinIME/lib/arm64:/system/fake-libs64:/system/app/LatinIME/LatinIME.apk!/lib/arm64-v8a:/system/lib64:/vendor/lib64 for namespace 0x7f819ab1d0
09-05 20:32:43.908  3561  3999 W EventHub: Unable to disable kernel key repeat for /dev/input/event15: Function not implemented
09-05 20:32:43.908  3561  3999 I EventHub: New device: id=2, fd=96, path='/dev/input/event15', name='Headset', classes=0x1, configuration='', keyLayout='/system/usr/keylayout/Generic.kl', keyCharacterMap='/system/usr/keychars/Generic.kcm', builtinKeyboard=false, wakeMechanism=EPOLLWAKEUP, usingClockIoctl=true
09-05 20:32:43.908  3561  3999 D EventHub: No input device configuration file found for device 'gpio_keys'.
09-05 20:32:43.909  3561  3999 W EventHub: Unable to disable kernel key repeat for /dev/input/event16: Function not implemented
09-05 20:32:43.909  3561  3999 I EventHub: New device: id=3, fd=97, path='/dev/input/event16', name='gpio_keys', classes=0x1, configuration='', keyLayout='/system/usr/keylayout/Generic.kl', keyCharacterMap='/system/usr/keychars/Generic.kcm', builtinKeyboard=false, wakeMechanism=EPOLLWAKEUP, usingClockIoctl=true
09-05 20:32:43.909  3561  3999 E EventHub: could not get driver version for /dev/input/mouse1, Not a typewriter
09-05 20:32:43.938  3561  3999 D EventHub: No input device configuration file found for device 'sec_touchpad'.
09-05 20:32:43.939  3561  3999 W EventHub: Unable to disable kernel key repeat for /dev/input/event1: Function not implemented
09-05 20:32:43.939  3561  3999 I EventHub: New device: id=4, fd=98, path='/dev/input/event1', name='sec_touchpad', classes=0x15, configuration='', keyLayout='/system/usr/keylayout/Generic.kl', keyCharacterMap='/system/usr/keychars/Generic.kcm', builtinKeyboard=false, wakeMechanism=EPOLLWAKEUP, usingClockIoctl=true
09-05 20:32:43.939  3561  3999 E EventHub: could not get driver version for /dev/input/mouse0, Not a typewriter
09-05 20:32:44.020  3561  3561 W InputMethodManagerService: No IME selected. Choose the most applicable IME.
09-05 20:32:44.026  3561  3561 I InputMethodManagerService: Default found, using com.android.inputmethod.latin/.LatinIME
09-05 20:32:44.027  3561  3561 I SystemServer: StartAccessibilityManagerService
09-05 20:32:44.028  3561  3999 W EventHub: Unable to disable kernel key repeat for /dev/input/event0: Function not implemented
09-05 20:32:44.028  3561  3999 I EventHub: New device: id=5, fd=99, path='/dev/input/event0', name='sec_touchscreen', classes=0x15, configuration='/system/usr/idc/sec_touchscreen.idc', keyLayout='/system/usr/keylayout/Generic.kl', keyCharacterMap='/system/usr/keychars/Generic.kcm', builtinKeyboard=false, wakeMechanism=EPOLLWAKEUP, usingClockIoctl=true
09-05 20:32:44.028  3561  3999 D EventHub: No input device configuration file found for device 'hall'.
09-05 20:32:44.036  3561  3561 I ActivityManager: Config changes=1df8 {1.0 ?mcc?mnc [en_US] ldltr sw411dp w411dp h845dp 560dpi nrml long port ?uimode ?night -touch -keyb/h/h -nav/h s.2}
09-05 20:32:44.038  3561  3649 I UsageStatsDatabase: Upgrading from version 0 to 3
09-05 20:32:44.038  3561  3649 I UsageStatsDatabase: Deleting all usage stats files
09-05 20:32:44.041  3561  3649 I UsageStatsService: User[0] Rollover scheduled @ 2017-09-06 20:32:44(1504729964036)
09-05 20:32:44.041  3561  3649 D UsageStatsService: Initializing defaults for system apps on user 0
09-05 20:32:44.059  3561  3649 E AppIdleHistory: Unable to read app idle file for user 0
09-05 20:32:44.060  3561  3657 I ActivityManager: Config changes=400 {1.0 ?mcc?mnc [en_US] ldltr sw411dp w411dp h773dp 560dpi nrml long port ?uimode ?night -touch -keyb/h/h -nav/h s.3}
09-05 20:32:44.066  3561  3657 W LocalDisplayAdapter: Unable to find color mode 0, ignoring request.
09-05 20:32:44.074  3561  3999 D EventHub: No input device configuration file found for device 'ssp_context'.
09-05 20:32:44.074  3561  3561 W LocalDisplayAdapter: Unable to find color mode 0, ignoring request.
09-05 20:32:44.075  3561  3561 I SystemServiceManager: Starting com.android.server.MountService$Lifecycle
09-05 20:32:44.080  3561  3561 I SystemServiceManager: Starting com.android.server.UiModeManagerService
09-05 20:32:44.080  3561  4000 D MountService: Thinking about init, mSystemReady=false, mDaemonConnected=true
09-05 20:32:44.080  3561  4000 D MountService: Thinking about reset, mSystemReady=false, mDaemonConnected=true
09-05 20:32:44.080  3561  4000 D MountService: Thinking about init, mSystemReady=false, mDaemonConnected=true
09-05 20:32:44.080  3561  4000 D MountService: Thinking about reset, mSystemReady=false, mDaemonConnected=true
09-05 20:32:44.081  3561  4000 D CryptdConnector: SND -> {1 cryptfs getfield SystemLocale}
09-05 20:32:44.082  3561  3561 I ActivityManager: Config changes=200 {1.0 ?mcc?mnc [en_US] ldltr sw411dp w411dp h773dp 560dpi nrml long port -touch -keyb/h/h -nav/h s.4}
09-05 20:32:44.083  3561  4002 D CryptdConnector: RCV <- {200 1 -1}
09-05 20:32:44.086  3561  4000 W MountService: No primary storage mounted!
09-05 20:32:44.086  3561  4000 D VoldConnector: SND -> {1 asec list}
09-05 20:32:44.087  3561  4001 D VoldConnector: RCV <- {200 1 asec operation succeeded}
09-05 20:32:44.088  3561  4000 I PackageManager: No secure containers found
09-05 20:32:44.112  3561  4000 W PackageManager: Unknown permission com.google.android.googleapps.permission.GOOGLE_AUTH in package com.android.providers.calendar
09-05 20:32:44.112  3561  4000 W PackageManager: Unknown permission com.google.android.googleapps.permission.GOOGLE_AUTH.cl in package com.android.providers.calendar
09-05 20:32:44.115  3561  4000 W PackageManager: Unknown permission cyanogenmod.permission.LEGALESE in package com.cyanogenmod.setupwizard
09-05 20:32:44.117  3561  4000 W PackageManager: Unknown permission com.android.gallery3d.permission.STORAGE_CHANGE in package com.android.camera2
09-05 20:32:44.118  3561  3999 D EventHub: No input device configuration file found for device 'meta_event'.
09-05 20:32:44.118  3561  4000 W PackageManager: Unknown permission android.permission.NFC_UNLOCK in package com.android.nfc
09-05 20:32:44.121  3561  4000 W PackageManager: Unknown permission com.google.android.googleapps.permission.GOOGLE_AUTH.mail in package com.android.calendar
09-05 20:32:44.121  3561  4000 W PackageManager: Unknown permission com.android.launcher.permission.READ_SETTINGS in package com.android.onetimeinitializer
09-05 20:32:44.121  3561  4000 W PackageManager: Unknown permission com.android.launcher.permission.WRITE_SETTINGS in package com.android.onetimeinitializer
09-05 20:32:44.124  3561  4000 W PackageManager: Unknown permission com.android.launcher.permission.READ_SETTINGS in package com.cyanogenmod.trebuchet
09-05 20:32:44.124  3561  4000 W PackageManager: Unknown permission com.android.launcher.permission.WRITE_SETTINGS in package com.cyanogenmod.trebuchet
09-05 20:32:44.126  3561  4000 W PackageManager: Unknown permission com.google.android.permission.INSTALL_WEARABLE_PACKAGES in package com.android.packageinstaller
09-05 20:32:44.126  3561  4000 W PackageManager: Not granting permission android.permission.DELETE_PACKAGES to package com.svox.pico (protectionLevel=18 flags=0x3888be45)
09-05 20:32:44.128  3561  4000 W PackageManager: Unknown permission com.google.android.gallery3d.permission.PICASA_STORE in package com.android.dreams.phototable
09-05 20:32:44.129  3561  4000 W PackageManager: Unknown permission com.google.android.googleapps.permission.GOOGLE_AUTH in package com.android.settings
09-05 20:32:44.130  3561  4000 W PackageManager: Unknown permission com.android.launcher.permission.READ_SETTINGS in package com.android.settings
09-05 20:32:44.130  3561  4000 W PackageManager: Unknown permission com.android.launcher.permission.WRITE_SETTINGS in package com.android.settings
09-05 20:32:44.140  3561  4000 W PackageManager: Not granting permission android.permission.MANAGE_DOCUMENTS to package com.android.deskclock (protectionLevel=2 flags=0x3cc9be45)
09-05 20:32:44.141  3561  4000 W PackageManager: Unknown permission com.android.deskclock.worldclock.permissions.WRITE_DATABASE in package com.android.deskclock
09-05 20:32:44.141  3561  4000 W PackageManager: Unknown permission org.codeaurora.permission.POWER_ON_ALERT in package com.android.deskclock
09-05 20:32:44.141  3561  4000 W PackageManager: Not granting permission android.permission.WRITE_SECURE_SETTINGS to package com.android.deskclock (protectionLevel=50 flags=0x3cc9be45)
09-05 20:32:44.145  3561  4000 W PackageManager: Unknown permission com.cyanogenmod.lockclock.permission.READ_WEATHER in package com.android.systemui
09-05 20:32:44.148  3561  4000 W PackageManager: Unknown permission com.google.android.gallery3d.permission.GALLERY_PROVIDER in package com.android.bluetooth
09-05 20:32:44.149  3561  4000 W PackageManager: Unknown permission com.google.android.googleapps.permission.ACCESS_GOOGLE_PASSWORD in package com.android.development
09-05 20:32:44.149  3561  4000 W PackageManager: Unknown permission com.google.android.googleapps.permission.GOOGLE_AUTH in package com.android.development
09-05 20:32:44.149  3561  4000 W PackageManager: Unknown permission com.google.android.googleapps.permission.GOOGLE_AUTH.ALL_SERVICES in package com.android.development
09-05 20:32:44.149  3561  4000 W PackageManager: Unknown permission com.google.android.googleapps.permission.GOOGLE_AUTH.YouTubeUser in package com.android.development
09-05 20:32:44.174  3561  3999 D EventHub: No input device configuration file found for device 'interrupt_gyro_sensor'.
09-05 20:32:44.210  3561  3999 D EventHub: No input device configuration file found for device 'step_cnt_sensor'.
09-05 20:32:44.254  3561  3999 D EventHub: No input device configuration file found for device 'sig_motion_sensor'.
09-05 20:32:44.286  3561  3999 D EventHub: No input device configuration file found for device 'gesture_sensor'.
09-05 20:32:44.326  3561  3999 D EventHub: No input device configuration file found for device 'temp_humidity_sensor'.
09-05 20:32:44.370  3561  3999 D EventHub: No input device configuration file found for device 'proximity_alert_sensor'.
09-05 20:32:44.402  3561  3999 D EventHub: No input device configuration file found for device 'proximity_sensor'.
09-05 20:32:44.438  3561  3999 D EventHub: No input device configuration file found for device 'light_ir_sensor'.
09-05 20:32:44.440  3561  3561 W art     : Long monitor contention with owner MountService (4000) at void com.android.server.pm.PackageManagerService.loadMediaPackages(android.util.ArrayMap, int[], boolean)(PackageManagerService.java:19557) waiters=0 in int com.android.server.pm.PackageManagerService.performDexOptInternal(java.lang.String, boolean, java.lang.String, boolean) for 330ms
09-05 20:32:44.441  3561  4000 W MountService: No primary storage defined yet; hacking together a stub
09-05 20:32:44.441  3561  4000 W MountService: No primary storage defined yet; hacking together a stub
09-05 20:32:44.442  3561  4000 W MountService: No primary storage mounted!
09-05 20:32:44.442  3561  4000 D VoldConnector: SND -> {2 asec list}
09-05 20:32:44.443  3561  4001 D VoldConnector: RCV <- {200 2 asec operation succeeded}
09-05 20:32:44.450  3561  3561 I PackageManager.DexOptimizer: Running dexopt (dex2oat) on: /system/app/RootPA/RootPA.apk pkg=com.gd.mobicore.pa isa=arm64 vmSafeMode=false debuggable=false target-filter=verify-at-runtime oatDir = null sharedLibraries=null
09-05 20:32:44.466  4003  4003 I dex2oat : /system/bin/dex2oat --compiler-filter=verify-at-runtime
09-05 20:32:44.478  3561  3999 D EventHub: No input device configuration file found for device 'light_sensor'.
09-05 20:32:44.506  3561  3999 D EventHub: No input device configuration file found for device 'hrm_sensor'.
09-05 20:32:44.528  4003  4003 I dex2oat : dex2oat took 62.400ms (threads: 8) arena alloc=0B (0B) java alloc=27KB (28240B) native alloc=1090KB (1116912B) free=1469KB (1504528B)
09-05 20:32:44.530  3561  3561 I PackageManager.DexOptimizer: Running dexopt (dex2oat) on: /system/priv-app/CalendarProvider/CalendarProvider.apk pkg=com.android.providers.calendar isa=arm64 vmSafeMode=false debuggable=false target-filter=verify-at-runtime oatDir = null sharedLibraries=/system/framework/android.test.runner.jar
09-05 20:32:44.538  3561  3999 D EventHub: No input device configuration file found for device 'grip_sensor'.
09-05 20:32:44.546  4012  4012 I dex2oat : /system/bin/dex2oat --compiler-filter=verify-at-runtime
09-05 20:32:44.578  3561  3999 E EventHub: could not get driver version for /dev/input/mice, Not a typewriter
09-05 20:32:44.635  4012  4012 I dex2oat : dex2oat took 89.048ms (threads: 8) arena alloc=0B (0B) java alloc=35KB (36168B) native alloc=1141KB (1169168B) free=1930KB (1976560B)
09-05 20:32:44.638  3561  3561 I PackageManager.DexOptimizer: Running dexopt (dex2oat) on: /system/priv-app/MediaProvider/MediaProvider.apk pkg=com.android.providers.media isa=arm64 vmSafeMode=false debuggable=false target-filter=verify-at-runtime oatDir = null sharedLibraries=null
09-05 20:32:44.639  3561  3999 I InputReader: Device added: id=-1, name='Virtual', sources=0x00000301
09-05 20:32:44.639  3561  3999 W InputReader: Invalid value for touch.size.calibration: 'normalized'
09-05 20:32:44.640  3561  3999 I InputReader:   Touch device 'sec_touchscreen' could not query the properties of its associated display.  The device will be inoperable until the display size becomes available.
09-05 20:32:44.640  3561  3999 I InputReader: Device added: id=5, name='sec_touchscreen', sources=0x00001103
09-05 20:32:44.640  3561  3999 I InputReader:   Touch device 'sec_touchpad' could not query the properties of its associated display.  The device will be inoperable until the display size becomes available.
09-05 20:32:44.640  3561  3999 I InputReader: Device added: id=4, name='sec_touchpad', sources=0x00002103
09-05 20:32:44.640  3561  3999 I InputReader: Device added: id=3, name='gpio_keys', sources=0x00000101
09-05 20:32:44.640  3561  3999 I InputReader: Device added: id=2, name='Headset', sources=0x00000101
09-05 20:32:44.641  3561  3999 I InputReader: Reconfiguring input devices.  changes=0x00000004
09-05 20:32:44.647  3561  3999 I InputReader: Device reconfigured: id=4, name='sec_touchpad', size 1440x2960, orientation 0, mode 4, display id 0
09-05 20:32:44.648  3561  3999 I InputReader: Device reconfigured: id=5, name='sec_touchscreen', size 1440x2960, orientation 0, mode 1, display id 0
09-05 20:32:44.648  3561  3998 I ActivityManager: Config changes=8 {1.0 ?mcc?mnc [en_US] ldltr sw411dp w411dp h773dp 560dpi nrml long port finger -keyb/h/h -nav/h s.5}
09-05 20:32:44.655  4021  4021 I dex2oat : /system/bin/dex2oat --compiler-filter=verify-at-runtime
09-05 20:32:44.718  4021  4021 I dex2oat : dex2oat took 63.503ms (threads: 8) arena alloc=0B (0B) java alloc=31KB (32216B) native alloc=1100KB (1126480B) free=1459KB (1494960B)
09-05 20:32:44.720  3561  3561 I PackageManager.DexOptimizer: Running dexopt (dex2oat) on: /system/priv-app/WallpaperCropper/WallpaperCropper.apk pkg=com.android.wallpapercropper isa=arm64 vmSafeMode=false debuggable=false target-filter=verify-at-runtime oatDir = null sharedLibraries=null
09-05 20:32:44.736  4030  4030 I dex2oat : /system/bin/dex2oat --compiler-filter=verify-at-runtime
09-05 20:32:44.812  4030  4030 I dex2oat : dex2oat took 76.166ms (threads: 8) arena alloc=0B (0B) java alloc=31KB (32216B) native alloc=1070KB (1096560B) free=1489KB (1524880B)
09-05 20:32:44.815  3561  3561 I PackageManager.DexOptimizer: Running dexopt (dex2oat) on: /system/priv-app/DocumentsUI/DocumentsUI.apk pkg=com.android.documentsui isa=arm64 vmSafeMode=false debuggable=false target-filter=verify-at-runtime oatDir = null sharedLibraries=null
09-05 20:32:44.830  4039  4039 I dex2oat : /system/bin/dex2oat --compiler-filter=verify-at-runtime
09-05 20:32:44.955  4039  4039 I dex2oat : dex2oat took 125.424ms (threads: 8) arena alloc=0B (0B) java alloc=27KB (28240B) native alloc=510KB (523120B) free=2MB (2622608B)
09-05 20:32:44.958  3561  3561 I PackageManager.DexOptimizer: Running dexopt (dex2oat) on: /system/priv-app/ExternalStorageProvider/ExternalStorageProvider.apk pkg=com.android.externalstorage isa=arm64 vmSafeMode=false debuggable=false target-filter=verify-at-runtime oatDir = null sharedLibraries=null
09-05 20:32:44.974  4048  4048 I dex2oat : /system/bin/dex2oat --compiler-filter=verify-at-runtime
09-05 20:32:45.035  4048  4048 I dex2oat : dex2oat took 61.574ms (threads: 8) arena alloc=0B (0B) java alloc=27KB (28240B) native alloc=1061KB (1087376B) free=1498KB (1534064B)
09-05 20:32:45.037  3561  3561 I PackageManager.DexOptimizer: Running dexopt (dex2oat) on: /system/app/HTMLViewer/HTMLViewer.apk pkg=com.android.htmlviewer isa=arm64 vmSafeMode=false debuggable=false target-filter=verify-at-runtime oatDir = null sharedLibraries=null
09-05 20:32:45.053  4057  4057 I dex2oat : /system/bin/dex2oat --compiler-filter=verify-at-runtime
09-05 20:32:45.072  4057  4057 I dex2oat : dex2oat took 18.918ms (threads: 8) arena alloc=0B (0B) java alloc=27KB (28240B) native alloc=878KB (899152B) free=1169KB (1198000B)
09-05 20:32:45.074  3561  3561 I PackageManager.DexOptimizer: Running dexopt (dex2oat) on: /system/priv-app/DownloadProvider/DownloadProvider.apk pkg=com.android.providers.downloads isa=arm64 vmSafeMode=false debuggable=false target-filter=verify-at-runtime oatDir = null sharedLibraries=null
09-05 20:32:45.090  4066  4066 I dex2oat : /system/bin/dex2oat --compiler-filter=verify-at-runtime
09-05 20:32:45.126  4066  4066 I dex2oat : dex2oat took 36.985ms (threads: 8) arena alloc=0B (0B) java alloc=31KB (32216B) native alloc=1142KB (1170096B) free=1417KB (1451344B)
09-05 20:32:45.129  3561  3561 I PackageManager.DexOptimizer: Running dexopt (dex2oat) on: /system/app/messaging/messaging.apk pkg=com.android.messaging isa=arm64 vmSafeMode=false debuggable=false target-filter=verify-at-runtime oatDir = null sharedLibraries=null
09-05 20:32:45.145  4075  4075 I dex2oat : /system/bin/dex2oat --compiler-filter=verify-at-runtime
09-05 20:32:45.358  4075  4075 I dex2oat : dex2oat took 213.515ms (threads: 8) arena alloc=0B (0B) java alloc=27KB (28240B) native alloc=860KB (881288B) free=2MB (2919800B)
09-05 20:32:45.361  3561  3561 I PackageManager.DexOptimizer: Running dexopt (dex2oat) on: /system/app/Terminal/Terminal.apk pkg=com.android.terminal isa=arm64 vmSafeMode=false debuggable=false target-filter=verify-at-runtime oatDir = null sharedLibraries=null
09-05 20:32:45.377  4084  4084 I dex2oat : /system/bin/dex2oat --compiler-filter=verify-at-runtime
09-05 20:32:45.495  4084  4084 I dex2oat : dex2oat took 118.429ms (threads: 8) arena alloc=0B (0B) java alloc=27KB (28240B) native alloc=488KB (500208B) free=2MB (2645520B)
09-05 20:32:45.498  3561  3561 I PackageManager.DexOptimizer: Running dexopt (dex2oat) on: /system/priv-app/AudioFX/AudioFX.apk pkg=org.cyanogenmod.audiofx isa=arm64 vmSafeMode=false debuggable=false target-filter=verify-at-runtime oatDir = null sharedLibraries=null
09-05 20:32:45.514  4093  4093 I dex2oat : /system/bin/dex2oat --compiler-filter=verify-at-runtime
09-05 20:32:45.658  4093  4093 I dex2oat : dex2oat took 144.722ms (threads: 8) arena alloc=0B (0B) java alloc=27KB (28240B) native alloc=474KB (485512B) free=2MB (2660216B)
09-05 20:32:45.662  3561  3561 I PackageManager.DexOptimizer: Running dexopt (dex2oat) on: /system/priv-app/LineageSetupWizard/LineageSetupWizard.apk pkg=com.cyanogenmod.setupwizard isa=arm64 vmSafeMode=false debuggable=false target-filter=verify-at-runtime oatDir = null sharedLibraries=null
09-05 20:32:45.678  4102  4102 I dex2oat : /system/bin/dex2oat --compiler-filter=verify-at-runtime
09-05 20:32:45.760  4102  4102 I dex2oat : dex2oat took 82.223ms (threads: 8) arena alloc=0B (0B) java alloc=31KB (32208B) native alloc=1119KB (1146224B) free=1440KB (1475216B)
09-05 20:32:45.762  3561  3561 I PackageManager.DexOptimizer: Running dexopt (dex2oat) on: /system/app/DownloadProviderUi/DownloadProviderUi.apk pkg=com.android.providers.downloads.ui isa=arm64 vmSafeMode=false debuggable=false target-filter=verify-at-runtime oatDir = null sharedLibraries=null
09-05 20:32:45.778  4111  4111 I dex2oat : /system/bin/dex2oat --compiler-filter=verify-at-runtime
09-05 20:32:45.839  4111  4111 I dex2oat : dex2oat took 60.852ms (threads: 8) arena alloc=0B (0B) java alloc=31KB (32208B) native alloc=860KB (881232B) free=1187KB (1215920B)
09-05 20:32:45.841  3561  3561 I PackageManager.DexOptimizer: Running dexopt (dex2oat) on: /system/app/PacProcessor/PacProcessor.apk pkg=com.android.pacprocessor isa=arm64 vmSafeMode=false debuggable=false target-filter=verify-at-runtime oatDir = null sharedLibraries=null
09-05 20:32:45.857  4120  4120 I dex2oat : /system/bin/dex2oat --compiler-filter=verify-at-runtime
09-05 20:32:45.919  4120  4120 I dex2oat : dex2oat took 62.585ms (threads: 8) arena alloc=0B (0B) java alloc=27KB (28240B) native alloc=858KB (878608B) free=1189KB (1218544B)
09-05 20:32:45.921  3561  3561 I PackageManager.DexOptimizer: Running dexopt (dex2oat) on: /system/app/CertInstaller/CertInstaller.apk pkg=com.android.certinstaller isa=arm64 vmSafeMode=false debuggable=false target-filter=verify-at-runtime oatDir = null sharedLibraries=null
09-05 20:32:45.937  4129  4129 I dex2oat : /system/bin/dex2oat --compiler-filter=verify-at-runtime
09-05 20:32:46.010  4129  4129 I dex2oat : dex2oat took 73.134ms (threads: 8) arena alloc=0B (0B) java alloc=31KB (32216B) native alloc=1005KB (1030096B) free=1554KB (1591344B)
09-05 20:32:46.012  3561  3561 I PackageManager.DexOptimizer: Running dexopt (dex2oat) on: /system/priv-app/CarrierConfig/CarrierConfig.apk pkg=com.android.carrierconfig isa=arm64 vmSafeMode=false debuggable=false target-filter=verify-at-runtime oatDir = null sharedLibraries=null
09-05 20:32:46.029  4138  4138 I dex2oat : /system/bin/dex2oat --compiler-filter=verify-at-runtime
09-05 20:32:46.089  4138  4138 I dex2oat : dex2oat took 60.585ms (threads: 8) arena alloc=0B (0B) java alloc=31KB (32216B) native alloc=858KB (878672B) free=1189KB (1218480B)
09-05 20:32:46.092  3561  3561 I PackageManager.DexOptimizer: Running dexopt (dex2oat) on: /system/priv-app/Contacts/Contacts.apk pkg=com.android.contacts isa=arm64 vmSafeMode=false debuggable=false target-filter=verify-at-runtime oatDir = null sharedLibraries=null
09-05 20:32:46.108  4147  4147 I dex2oat : /system/bin/dex2oat --compiler-filter=verify-at-runtime
09-05 20:32:46.214  4147  4147 I dex2oat : dex2oat took 106.523ms (threads: 8) arena alloc=0B (0B) java alloc=27KB (28240B) native alloc=535KB (548024B) free=2MB (2597704B)
09-05 20:32:46.217  3561  3561 I PackageManager.DexOptimizer: Running dexopt (dex2oat) on: /system/app/Camera2/Camera2.apk pkg=com.android.camera2 isa=arm64 vmSafeMode=false debuggable=false target-filter=verify-at-runtime oatDir = null sharedLibraries=null
09-05 20:32:46.233  4156  4156 I dex2oat : /system/bin/dex2oat --compiler-filter=verify-at-runtime
09-05 20:32:46.347  4156  4156 I dex2oat : dex2oat took 114.842ms (threads: 8) arena alloc=0B (0B) java alloc=27KB (28240B) native alloc=422KB (432760B) free=2MB (2712968B)
09-05 20:32:46.350  3561  3561 I PackageManager.DexOptimizer: Running dexopt (dex2oat) on: /system/priv-app/Recorder/Recorder.apk pkg=org.lineageos.recorder isa=arm64 vmSafeMode=false debuggable=false target-filter=verify-at-runtime oatDir = null sharedLibraries=null
09-05 20:32:46.366  4165  4165 I dex2oat : /system/bin/dex2oat --compiler-filter=verify-at-runtime
09-05 20:32:46.437  4165  4165 I dex2oat : dex2oat took 71.683ms (threads: 8) arena alloc=0B (0B) java alloc=27KB (28240B) native alloc=498KB (510576B) free=2MB (2635152B)
09-05 20:32:46.439  3561  3561 I PackageManager.DexOptimizer: Running dexopt (dex2oat) on: /system/app/EasterEgg/EasterEgg.apk pkg=com.android.egg isa=arm64 vmSafeMode=false debuggable=false target-filter=verify-at-runtime oatDir = null sharedLibraries=null
09-05 20:32:46.455  4174  4174 I dex2oat : /system/bin/dex2oat --compiler-filter=verify-at-runtime
09-05 20:32:46.492  4174  4174 I dex2oat : dex2oat took 37.029ms (threads: 8) arena alloc=0B (0B) java alloc=27KB (28240B) native alloc=1099KB (1125744B) free=1460KB (1495696B)
09-05 20:32:46.495  3561  3561 I PackageManager.DexOptimizer: Running dexopt (dex2oat) on: /system/priv-app/MtpDocumentsProvider/MtpDocumentsProvider.apk pkg=com.android.mtp isa=arm64 vmSafeMode=false debuggable=false target-filter=verify-at-runtime oatDir = null sharedLibraries=null
