09-12 16:55:09.050  5888  5897 E StrictMode: 	at com.android.internal.os.ZygoteInit$MethodAndArgsCaller.run(ZygoteInit.java:889)
09-12 16:55:09.050  5888  5897 E StrictMode: 	at com.android.internal.os.ZygoteInit.main(ZygoteInit.java:779)
09-12 16:55:09.061  5281  5836 W MediaProvider: Missing volume for /system/media/audio/notifications/Beryllium.ogg; assuming invalid
09-12 16:55:09.068  5281  5836 W MediaProvider: Missing volume for /system/media/audio/notifications/Betelgeuse.ogg; assuming invalid
09-12 16:55:09.083  5281  5836 W MediaProvider: Missing volume for /system/media/audio/notifications/CaffeineSnake.ogg; assuming invalid
09-12 16:55:09.095  5281  5836 W MediaProvider: Missing volume for /system/media/audio/notifications/Canopus.ogg; assuming invalid
09-12 16:55:09.105  5281  5836 W MediaProvider: Missing volume for /system/media/audio/notifications/Capella.ogg; assuming invalid
09-12 16:55:09.106  5359  5445 D mali_winsys: EGLint new_window_surface(egl_winsys_display*, void*, EGLSurface, EGLConfig, egl_winsys_surface**, egl_color_buffer_format*, EGLBoolean) returns 0x3000,  [1440x2960]-format:1
09-12 16:55:09.114  5281  5836 W MediaProvider: Missing volume for /system/media/audio/notifications/Carme.ogg; assuming invalid
09-12 16:55:09.124  5281  5836 W MediaProvider: Missing volume for /system/media/audio/notifications/Castor.ogg; assuming invalid
09-12 16:55:09.133  5281  5836 W MediaProvider: Missing volume for /system/media/audio/notifications/Ceres.ogg; assuming invalid
09-12 16:55:09.143  5281  5836 W MediaProvider: Missing volume for /system/media/audio/notifications/CetiAlpha.ogg; assuming invalid
09-12 16:55:09.151  5281  5836 W MediaProvider: Missing volume for /system/media/audio/notifications/Cobalt.ogg; assuming invalid
09-12 16:55:09.164  5281  5836 W MediaProvider: Missing volume for /system/media/audio/notifications/Cricket.ogg; assuming invalid
09-12 16:55:09.172  5281  5836 W MediaProvider: Missing volume for /system/media/audio/notifications/CyanDoink.ogg; assuming invalid
09-12 16:55:09.180  5281  5836 W MediaProvider: Missing volume for /system/media/audio/notifications/CyanMail.ogg; assuming invalid
09-12 16:55:09.189  5281  5836 W MediaProvider: Missing volume for /system/media/audio/notifications/CyanMessage.ogg; assuming invalid
09-12 16:55:09.194  5281  5836 W MediaProvider: Missing volume for /system/media/audio/notifications/DearDeer.ogg; assuming invalid
09-12 16:55:09.200  5281  5836 W MediaProvider: Missing volume for /system/media/audio/notifications/Deneb.ogg; assuming invalid
09-12 16:55:09.206  5281  5836 W MediaProvider: Missing volume for /system/media/audio/notifications/Doink.ogg; assuming invalid
09-12 16:55:09.213  5281  5836 W MediaProvider: Missing volume for /system/media/audio/notifications/DontPanic.ogg; assuming invalid
09-12 16:55:09.219  3575  3673 I ActivityManager: Displayed com.cyanogenmod.setupwizard/.ScreenLockActivity: +245ms (total +306ms)
09-12 16:55:09.220  5281  5836 W MediaProvider: Missing volume for /system/media/audio/notifications/Drip.ogg; assuming invalid
09-12 16:55:09.227  5281  5836 W MediaProvider: Missing volume for /system/media/audio/notifications/Elara.ogg; assuming invalid
09-12 16:55:09.232  5281  5836 W MediaProvider: Missing volume for /system/media/audio/notifications/Electra.ogg; assuming invalid
09-12 16:55:09.241  5281  5836 W MediaProvider: Missing volume for /system/media/audio/notifications/Europa.ogg; assuming invalid
09-12 16:55:09.247  5281  5836 W MediaProvider: Missing volume for /system/media/audio/notifications/F1_New_SMS.ogg; assuming invalid
09-12 16:55:09.256  5281  5836 W MediaProvider: Missing volume for /system/media/audio/notifications/Fluorine.ogg; assuming invalid
09-12 16:55:09.261  5281  5836 W MediaProvider: Missing volume for /system/media/audio/notifications/Fomalhaut.ogg; assuming invalid
09-12 16:55:09.268  5281  5836 W MediaProvider: Missing volume for /system/media/audio/notifications/Gallium.ogg; assuming invalid
09-12 16:55:09.281  5281  5836 W MediaProvider: Missing volume for /system/media/audio/notifications/Heaven.ogg; assuming invalid
09-12 16:55:09.292  5281  5836 W MediaProvider: Missing volume for /system/media/audio/notifications/Helium.ogg; assuming invalid
09-12 16:55:09.300  5281  5836 W MediaProvider: Missing volume for /system/media/audio/notifications/Highwire.ogg; assuming invalid
09-12 16:55:09.311  5281  5836 W MediaProvider: Missing volume for /system/media/audio/notifications/Hojus.ogg; assuming invalid
09-12 16:55:09.322  5281  5836 W MediaProvider: Missing volume for /system/media/audio/notifications/Iapetus.ogg; assuming invalid
09-12 16:55:09.331  5281  5836 W MediaProvider: Missing volume for /system/media/audio/notifications/Io.ogg; assuming invalid
09-12 16:55:09.342  5281  5836 W MediaProvider: Missing volume for /system/media/audio/notifications/Iridium.ogg; assuming invalid
09-12 16:55:09.352  5281  5836 W MediaProvider: Missing volume for /system/media/audio/notifications/Krypton.ogg; assuming invalid
09-12 16:55:09.360  5281  5836 W MediaProvider: Missing volume for /system/media/audio/notifications/KzurbSonar.ogg; assuming invalid
09-12 16:55:09.369  5281  5836 W MediaProvider: Missing volume for /system/media/audio/notifications/Laser.ogg; assuming invalid
09-12 16:55:09.380  5281  5836 W MediaProvider: Missing volume for /system/media/audio/notifications/Merope.ogg; assuming invalid
09-12 16:55:09.395  5281  5836 W MediaProvider: Missing volume for /system/media/audio/notifications/Mira.ogg; assuming invalid
09-12 16:55:09.411  5281  5836 W MediaProvider: Missing volume for /system/media/audio/notifications/Naughty.ogg; assuming invalid
09-12 16:55:09.426  5281  5836 W MediaProvider: Missing volume for /system/media/audio/notifications/OnTheHunt.ogg; assuming invalid
09-12 16:55:09.445  5281  5836 W MediaProvider: Missing volume for /system/media/audio/notifications/Palladium.ogg; assuming invalid
09-12 16:55:09.462  5281  5836 W MediaProvider: Missing volume for /system/media/audio/notifications/Plastic_Pipe.ogg; assuming invalid
09-12 16:55:09.477  5281  5836 W MediaProvider: Missing volume for /system/media/audio/notifications/Polaris.ogg; assuming invalid
09-12 16:55:09.500  5281  5836 W MediaProvider: Missing volume for /system/media/audio/notifications/Pollux.ogg; assuming invalid
09-12 16:55:09.514  3177  4835 E MetadataRetrieverClient: failed to extract an album art
09-12 16:55:09.527  5281  5836 W MediaProvider: Missing volume for /system/media/audio/notifications/Pong.ogg; assuming invalid
09-12 16:55:09.551  5281  5836 W MediaProvider: Missing volume for /system/media/audio/notifications/Procyon.ogg; assuming invalid
09-12 16:55:09.579  5281  5836 W MediaProvider: Missing volume for /system/media/audio/notifications/Proxima.ogg; assuming invalid
09-12 16:55:09.585  5359  5359 I art     : Starting a blocking GC Explicit
09-12 16:55:09.625  5359  5359 I art     : Explicit concurrent mark sweep GC freed 965(71KB) AllocSpace objects, 0(0B) LOS objects, 39% free, 8MB/14MB, paused 190us total 38.967ms
09-12 16:55:09.625  5281  5836 W MediaProvider: Missing volume for /system/media/audio/notifications/Radon.ogg; assuming invalid
09-12 16:55:09.628  5359  5359 I art     : Starting a blocking GC Explicit
09-12 16:55:09.646  5281  5836 W MediaProvider: Missing volume for /system/media/audio/notifications/Rang.ogg; assuming invalid
09-12 16:55:09.657  5281  5836 W MediaProvider: Missing volume for /system/media/audio/notifications/Rhea.ogg; assuming invalid
09-12 16:55:09.658  5359  5359 I art     : Explicit concurrent mark sweep GC freed 370(32KB) AllocSpace objects, 0(0B) LOS objects, 39% free, 8MB/14MB, paused 86us total 29.615ms
09-12 16:55:09.666  5281  5836 W MediaProvider: Missing volume for /system/media/audio/notifications/Rubidium.ogg; assuming invalid
09-12 16:55:09.678  5281  5836 W MediaProvider: Missing volume for /system/media/audio/notifications/Salacia.ogg; assuming invalid
09-12 16:55:09.686  5281  5836 W MediaProvider: Missing volume for /system/media/audio/notifications/Selenium.ogg; assuming invalid
09-12 16:55:09.696  5281  5836 W MediaProvider: Missing volume for /system/media/audio/notifications/Shaula.ogg; assuming invalid
09-12 16:55:09.705  5281  5836 W MediaProvider: Missing volume for /system/media/audio/notifications/Sirrah.ogg; assuming invalid
09-12 16:55:09.714  5281  5836 W MediaProvider: Missing volume for /system/media/audio/notifications/Spica.ogg; assuming invalid
09-12 16:55:09.724  5281  5836 W MediaProvider: Missing volume for /system/media/audio/notifications/Stone.ogg; assuming invalid
09-12 16:55:09.733  5281  5836 W MediaProvider: Missing volume for /system/media/audio/notifications/Strontium.ogg; assuming invalid
09-12 16:55:09.734  3575  4873 I ActivityManager: START u0 {act=com.android.wizard.NEXT cmp=com.cyanogenmod.setupwizard/.wizardmanager.WizardManager (has extras)} from uid 1000 on display 0
09-12 16:55:09.743  5281  5836 W MediaProvider: Missing volume for /system/media/audio/notifications/Syrma.ogg; assuming invalid
09-12 16:55:09.750  5281  5836 W MediaProvider: Missing volume for /system/media/audio/notifications/TaDa.ogg; assuming invalid
09-12 16:55:09.761  5281  5836 W MediaProvider: Missing volume for /system/media/audio/notifications/Talitha.ogg; assuming invalid
09-12 16:55:09.770  5281  5836 W MediaProvider: Missing volume for /system/media/audio/notifications/Tethys.ogg; assuming invalid
09-12 16:55:09.780  5281  5836 W MediaProvider: Missing volume for /system/media/audio/notifications/Thallium.ogg; assuming invalid
09-12 16:55:09.790  5281  5836 W MediaProvider: Missing volume for /system/media/audio/notifications/Titan.ogg; assuming invalid
09-12 16:55:09.790  3575  4874 I ActivityManager: START u0 {act=com.cyanogenmod.setupwizard.LINEAGE_SETUP_COMPLETE flg=0x4000000 cmp=com.cyanogenmod.setupwizard/.FinishActivity (has extras)} from uid 1000 on display 0
09-12 16:55:09.799  5281  5836 W MediaProvider: Missing volume for /system/media/audio/notifications/Upsilon.ogg; assuming invalid
09-12 16:55:09.807  5281  5836 W MediaProvider: Missing volume for /system/media/audio/notifications/Vega.ogg; assuming invalid
09-12 16:55:09.814  5281  5836 W MediaProvider: Missing volume for /system/media/audio/notifications/Voila.ogg; assuming invalid
09-12 16:55:09.823  5281  5836 W MediaProvider: Missing volume for /system/media/audio/notifications/Xenon.ogg; assuming invalid
09-12 16:55:09.833  5281  5836 W MediaProvider: Missing volume for /system/media/audio/notifications/Zirconium.ogg; assuming invalid
09-12 16:55:09.845  5281  5836 W MediaProvider: Missing volume for /system/media/audio/notifications/moonbeam.ogg; assuming invalid
09-12 16:55:09.855  5281  5836 W MediaProvider: Missing volume for /system/media/audio/notifications/pixiedust.ogg; assuming invalid
09-12 16:55:09.865  5281  5836 W MediaProvider: Missing volume for /system/media/audio/notifications/pizzicato.ogg; assuming invalid
09-12 16:55:09.873  5281  5836 W MediaProvider: Missing volume for /system/media/audio/notifications/regulus.ogg; assuming invalid
09-12 16:55:09.880  5281  5836 W MediaProvider: Missing volume for /system/media/audio/notifications/sirius.ogg; assuming invalid
09-12 16:55:09.896  5281  5836 W MediaProvider: Missing volume for /system/media/audio/notifications/tweeters.ogg; assuming invalid
09-12 16:55:09.916  5281  5836 W MediaProvider: Missing volume for /system/media/audio/ringtones/Andromeda.ogg; assuming invalid
09-12 16:55:09.917  5359  5445 D mali_winsys: EGLint new_window_surface(egl_winsys_display*, void*, EGLSurface, EGLConfig, egl_winsys_surface**, egl_color_buffer_format*, EGLBoolean) returns 0x3000,  [1440x2960]-format:1
09-12 16:55:09.927  5359  5366 I art     : Compiler allocated 6MB to compile void android.widget.TextView.<init>(android.content.Context, android.util.AttributeSet, int, int)
09-12 16:55:09.928  5281  5836 W MediaProvider: Missing volume for /system/media/audio/ringtones/Aquila.ogg; assuming invalid
09-12 16:55:09.933  3177  4849 E MetadataRetrieverClient: failed to extract an album art
09-12 16:55:09.943  5281  5836 W MediaProvider: Missing volume for /system/media/audio/ringtones/ArgoNavis.ogg; assuming invalid
09-12 16:55:09.949  5281  5286 I art     : Do full code cache collection, code=125KB, data=123KB
09-12 16:55:09.949  5281  5286 I art     : Starting a blocking GC JitCodeCache
09-12 16:55:09.950  5281  5286 I art     : After code cache collection, code=112KB, data=100KB
09-12 16:55:09.952  5281  5836 W MediaProvider: Missing volume for /system/media/audio/ringtones/BOOTES.ogg; assuming invalid
09-12 16:55:09.958  3575  3673 I ActivityManager: Displayed com.cyanogenmod.setupwizard/.FinishActivity: +142ms (total +201ms)
09-12 16:55:09.963  5281  5836 W MediaProvider: Missing volume for /system/media/audio/ringtones/Backroad.ogg; assuming invalid
09-12 16:55:09.973  5281  5836 W MediaProvider: Missing volume for /system/media/audio/ringtones/BeatPlucker.ogg; assuming invalid
09-12 16:55:09.979  5281  5836 W MediaProvider: Missing volume for /system/media/audio/ringtones/BentleyDubs.ogg; assuming invalid
09-12 16:55:09.984  5281  5836 W MediaProvider: Missing volume for /system/media/audio/ringtones/Big_Easy.ogg; assuming invalid
09-12 16:55:09.993  5281  5836 W MediaProvider: Missing volume for /system/media/audio/ringtones/BirdLoop.ogg; assuming invalid
09-12 16:55:09.999  5281  5836 W MediaProvider: Missing volume for /system/media/audio/ringtones/Bollywood.ogg; assuming invalid
09-12 16:55:10.011  5281  5836 W MediaProvider: Missing volume for /system/media/audio/ringtones/Boxbeat.ogg; assuming invalid
09-12 16:55:10.017  5281  5836 W MediaProvider: Missing volume for /system/media/audio/ringtones/BussaMove.ogg; assuming invalid
09-12 16:55:10.025  5281  5836 W MediaProvider: Missing volume for /system/media/audio/ringtones/CASSIOPEIA.ogg; assuming invalid
09-12 16:55:10.031  5281  5836 W MediaProvider: Missing volume for /system/media/audio/ringtones/Cairo.ogg; assuming invalid
09-12 16:55:10.041  5281  5836 W MediaProvider: Missing volume for /system/media/audio/ringtones/Callisto.ogg; assuming invalid
09-12 16:55:10.048  5281  5836 W MediaProvider: Missing volume for /system/media/audio/ringtones/Calypso_Steel.ogg; assuming invalid
09-12 16:55:10.057  5281  5836 W MediaProvider: Missing volume for /system/media/audio/ringtones/CanisMajor.ogg; assuming invalid
09-12 16:55:10.064  5281  5836 W MediaProvider: Missing volume for /system/media/audio/ringtones/CaribbeanIce.ogg; assuming invalid
09-12 16:55:10.073  5281  5836 W MediaProvider: Missing volume for /system/media/audio/ringtones/Carina.ogg; assuming invalid
09-12 16:55:10.082  5281  5836 W MediaProvider: Missing volume for /system/media/audio/ringtones/Centaurus.ogg; assuming invalid
09-12 16:55:10.089  5281  5836 W MediaProvider: Missing volume for /system/media/audio/ringtones/Champagne_Edition.ogg; assuming invalid
09-12 16:55:10.097  5281  5836 W MediaProvider: Missing volume for /system/media/audio/ringtones/Club_Cubano.ogg; assuming invalid
09-12 16:55:10.103  5281  5836 W MediaProvider: Missing volume for /system/media/audio/ringtones/CrayonRock.ogg; assuming invalid
09-12 16:55:10.112  5281  5836 W MediaProvider: Missing volume for /system/media/audio/ringtones/CrazyDream.ogg; assuming invalid
09-12 16:55:10.118  5281  5836 W MediaProvider: Missing volume for /system/media/audio/ringtones/CurveBall.ogg; assuming invalid
09-12 16:55:10.128  5281  5836 W MediaProvider: Missing volume for /system/media/audio/ringtones/CyanTone.ogg; assuming invalid
09-12 16:55:10.138  5281  5836 W MediaProvider: Missing volume for /system/media/audio/ringtones/Cygnus.ogg; assuming invalid
09-12 16:55:10.147  5281  5836 W MediaProvider: Missing volume for /system/media/audio/ringtones/DancinFool.ogg; assuming invalid
09-12 16:55:10.156  5281  5836 W MediaProvider: Missing volume for /system/media/audio/ringtones/Dione.ogg; assuming invalid
09-12 16:55:10.164  5281  5836 W MediaProvider: Missing volume for /system/media/audio/ringtones/DonMessWivIt.ogg; assuming invalid
09-12 16:55:10.174  5281  5836 W MediaProvider: Missing volume for /system/media/audio/ringtones/Draco.ogg; assuming invalid
09-12 16:55:10.181  5281  5836 W MediaProvider: Missing volume for /system/media/audio/ringtones/DreamTheme.ogg; assuming invalid
09-12 16:55:10.189  5281  5836 W MediaProvider: Missing volume for /system/media/audio/ringtones/Eastern_Sky.ogg; assuming invalid
09-12 16:55:10.197  5281  5836 W MediaProvider: Missing volume for /system/media/audio/ringtones/Enter_the_Nexus.ogg; assuming invalid
09-12 16:55:10.203  5281  5836 W MediaProvider: Missing volume for /system/media/audio/ringtones/Eridani.ogg; assuming invalid
09-12 16:55:10.212  5281  5836 W MediaProvider: Missing volume for /system/media/audio/ringtones/EtherShake.ogg; assuming invalid
09-12 16:55:10.218  5281  5836 W MediaProvider: Missing volume for /system/media/audio/ringtones/FreeFlight.ogg; assuming invalid
09-12 16:55:10.227  5281  5836 W MediaProvider: Missing volume for /system/media/audio/ringtones/FriendlyGhost.ogg; assuming invalid
09-12 16:55:10.243  5281  5836 W MediaProvider: Missing volume for /system/media/audio/ringtones/Funk_Yall.ogg; assuming invalid
09-12 16:55:10.259  5281  5836 W MediaProvider: Missing volume for /system/media/audio/ringtones/GameOverGuitar.ogg; assuming invalid
09-12 16:55:10.278  5281  5836 W MediaProvider: Missing volume for /system/media/audio/ringtones/Ganymede.ogg; assuming invalid
09-12 16:55:10.294  5281  5836 W MediaProvider: Missing volume for /system/media/audio/ringtones/Gimme_Mo_Town.ogg; assuming invalid
09-12 16:55:10.296  5359  5359 I art     : Starting a blocking GC Explicit
09-12 16:55:10.304  5281  5836 W MediaProvider: Missing volume for /system/media/audio/ringtones/Girtab.ogg; assuming invalid
09-12 16:55:10.315  5281  5836 W MediaProvider: Missing volume for /system/media/audio/ringtones/Glacial_Groove.ogg; assuming invalid
09-12 16:55:10.329  5281  5836 W MediaProvider: Missing volume for /system/media/audio/ringtones/Growl.ogg; assuming invalid
09-12 16:55:10.339  5281  5836 W MediaProvider: Missing volume for /system/media/audio/ringtones/HalfwayHome.ogg; assuming invalid
09-12 16:55:10.348  5281  5836 W MediaProvider: Missing volume for /system/media/audio/ringtones/Highscore.ogg; assuming invalid
09-12 16:55:10.349  5359  5359 I art     : Explicit concurrent mark sweep GC freed 804(78KB) AllocSpace objects, 0(0B) LOS objects, 40% free, 8MB/14MB, paused 199us total 52.464ms
09-12 16:55:10.352  5359  5359 I art     : Starting a blocking GC Explicit
09-12 16:55:10.362  5281  5836 W MediaProvider: Missing volume for /system/media/audio/ringtones/Hydra.ogg; assuming invalid
09-12 16:55:10.375  5281  5836 W MediaProvider: Missing volume for /system/media/audio/ringtones/InsertCoin.ogg; assuming invalid
09-12 16:55:10.384  5359  5359 I art     : Explicit concurrent mark sweep GC freed 340(27KB) AllocSpace objects, 0(0B) LOS objects, 40% free, 8MB/14MB, paused 90us total 31.202ms
09-12 16:55:10.387  5281  5836 W MediaProvider: Missing volume for /system/media/audio/ringtones/Kuma.ogg; assuming invalid
09-12 16:55:10.396  5281  5836 W MediaProvider: Missing volume for /system/media/audio/ringtones/LoopyLounge.ogg; assuming invalid
09-12 16:55:10.406  5281  5836 W MediaProvider: Missing volume for /system/media/audio/ringtones/LoveFlute.ogg; assuming invalid
09-12 16:55:10.415  5281  5836 W MediaProvider: Missing volume for /system/media/audio/ringtones/Luna.ogg; assuming invalid
09-12 16:55:10.427  5281  5836 W MediaProvider: Missing volume for /system/media/audio/ringtones/Lyon.ogg; assuming invalid
09-12 16:55:10.435  5281  5836 W MediaProvider: Missing volume for /system/media/audio/ringtones/Lyra.ogg; assuming invalid
09-12 16:55:10.446  5281  5836 W MediaProvider: Missing volume for /system/media/audio/ringtones/Machina.ogg; assuming invalid
09-12 16:55:10.460  5281  5836 W MediaProvider: Missing volume for /system/media/audio/ringtones/MidEvilJaunt.ogg; assuming invalid
09-12 16:55:10.467  5281  5836 W MediaProvider: Missing volume for /system/media/audio/ringtones/Nairobi.ogg; assuming invalid
09-12 16:55:10.479  5281  5836 W MediaProvider: Missing volume for /system/media/audio/ringtones/Nassau.ogg; assuming invalid
09-12 16:55:10.493  5281  5836 W MediaProvider: Missing volume for /system/media/audio/ringtones/NewPlayer.ogg; assuming invalid
09-12 16:55:10.501  5281  5836 W MediaProvider: Missing volume for /system/media/audio/ringtones/No_Limits.ogg; assuming invalid
09-12 16:55:10.511  5281  5836 W MediaProvider: Missing volume for /system/media/audio/ringtones/Noises2.ogg; assuming invalid
09-12 16:55:10.525  5281  5836 W MediaProvider: Missing volume for /system/media/audio/ringtones/Noises3.ogg; assuming invalid
09-12 16:55:10.540  5281  5836 W MediaProvider: Missing volume for /system/media/audio/ringtones/Oberon.ogg; assuming invalid
09-12 16:55:10.548  5281  5836 W MediaProvider: Missing volume for /system/media/audio/ringtones/OrganDub.ogg; assuming invalid
09-12 16:55:10.576  5281  5836 W MediaProvider: Missing volume for /system/media/audio/ringtones/Orion.ogg; assuming invalid
09-12 16:55:10.643  5343  5343 I Binder:3575_9: type=1400 audit(0.0:308): avc: denied { write } for path="/data/system_de/0/ringtones/ringtone_cache" dev="sda24" ino=1490952 scontext=u:r:priv_app:s0:c512,c768 tcontext=u:object_r:system_data_file:s0 tclass=file permissive=1
09-12 16:55:10.643  5343  5343 W Binder:3575_9: type=1300 audit(0.0:308): arch=c00000b7 syscall=29 success=yes exit=0 a0=9 a1=c0306201 a2=7f6bbd0fc8 a3=ffffffff items=0 ppid=3167 auid=4294967295 uid=1000 gid=1000 euid=1000 suid=1000 fsuid=1000 egid=1000 sgid=1000 fsgid=1000 tty=(none) ses=4294967295 exe="/system/bin/app_process64" subj=u:r:system_server:s0 key=(null)
09-12 16:55:10.643  3075  3075 W auditd  : type=1327 audit(0.0:308): proctitle="system_server"
09-12 16:55:10.643  3075  3075 W auditd  : type=1320 audit(0.0:308): 
09-12 16:55:10.657  5281  5836 I MediaScanner: forcing rescan of /system/media/audio/ringtones/Paradise_Island.ogg since build fingerprint changed
09-12 16:55:10.677  5281  5836 I MediaScanner: forcing rescan of /system/media/audio/ringtones/Pegasus.ogg since build fingerprint changed
09-12 16:55:10.703  5281  5836 I MediaScanner: forcing rescan of /system/media/audio/ringtones/Perseus.ogg since build fingerprint changed
09-12 16:55:10.739  5281  5836 I MediaScanner: forcing rescan of /system/media/audio/ringtones/Phobos.ogg since build fingerprint changed
09-12 16:55:10.766  5281  5836 I MediaScanner: forcing rescan of /system/media/audio/ringtones/Playa.ogg since build fingerprint changed
09-12 16:55:10.781  5281  5836 I MediaScanner: forcing rescan of /system/media/audio/ringtones/PyxisMaterial.ogg since build fingerprint changed
09-12 16:55:10.810  5281  5836 I MediaScanner: forcing rescan of /system/media/audio/ringtones/Rasalas.ogg since build fingerprint changed
09-12 16:55:10.819  5445  5445 I RenderThread: type=1400 audit(0.0:309): avc: denied { read write } for name="fimg2d" dev="tmpfs" ino=10211 scontext=u:r:system_app:s0 tcontext=u:object_r:device:s0 tclass=chr_file permissive=1
09-12 16:55:10.819  5445  5445 I RenderThread: type=1400 audit(0.0:309): avc: denied { open } for path="/dev/fimg2d" dev="tmpfs" ino=10211 scontext=u:r:system_app:s0 tcontext=u:object_r:device:s0 tclass=chr_file permissive=1
09-12 16:55:10.819  5445  5445 W RenderThread: type=1300 audit(0.0:309): arch=c00000b7 syscall=56 success=yes exit=99 a0=ffffff9c a1=7f8577b703 a2=2 a3=0 items=0 ppid=3167 auid=4294967295 uid=1000 gid=1000 euid=1000 suid=1000 fsuid=1000 egid=1000 sgid=1000 fsgid=1000 tty=(none) ses=4294967295 exe="/system/bin/app_process64" subj=u:r:system_app:s0 key=(null)
09-12 16:55:10.819  3075  3075 W auditd  : type=1327 audit(0.0:309): proctitle="com.cyanogenmod.setupwizard"
09-12 16:55:10.819  3075  3075 W auditd  : type=1320 audit(0.0:309): 
09-12 16:55:10.819  5445  5445 I RenderThread: type=1400 audit(0.0:310): avc: denied { ioctl } for path="/dev/fimg2d" dev="tmpfs" ino=10211 ioctlcmd=4d04 scontext=u:r:system_app:s0 tcontext=u:object_r:device:s0 tclass=chr_file permissive=1
09-12 16:55:10.819  5445  5445 W RenderThread: type=1300 audit(0.0:310): arch=c00000b7 syscall=29 success=yes exit=0 a0=65 a1=c1104d04 a2=7f4ddfe0b0 a3=0 items=0 ppid=3167 auid=4294967295 uid=1000 gid=1000 euid=1000 suid=1000 fsuid=1000 egid=1000 sgid=1000 fsgid=1000 tty=(none) ses=4294967295 exe="/system/bin/app_process64" subj=u:r:system_app:s0 key=(null)
09-12 16:55:10.819  3075  3075 W auditd  : type=1327 audit(0.0:310): proctitle="com.cyanogenmod.setupwizard"
09-12 16:55:10.819  3075  3075 W auditd  : type=1320 audit(0.0:310): 
09-12 16:55:10.842  5281  5836 I MediaScanner: forcing rescan of /system/media/audio/ringtones/Revelation.ogg since build fingerprint changed
09-12 16:55:10.855  5281  5836 I MediaScanner: forcing rescan of /system/media/audio/ringtones/Rigel.ogg since build fingerprint changed
09-12 16:55:10.869  5281  5836 I MediaScanner: forcing rescan of /system/media/audio/ringtones/Ring_Classic_02.ogg since build fingerprint changed
09-12 16:55:10.881  5281  5836 I MediaScanner: forcing rescan of /system/media/audio/ringtones/Ring_Digital_02.ogg since build fingerprint changed
09-12 16:55:10.891  5281  5836 I MediaScanner: forcing rescan of /system/media/audio/ringtones/Ring_Synth_02.ogg since build fingerprint changed
09-12 16:55:10.904  5281  5836 I MediaScanner: forcing rescan of /system/media/audio/ringtones/Ring_Synth_04.ogg since build fingerprint changed
09-12 16:55:10.917  5281  5836 I MediaScanner: forcing rescan of /system/media/audio/ringtones/Road_Trip.ogg since build fingerprint changed
09-12 16:55:10.930  5281  5836 I MediaScanner: forcing rescan of /system/media/audio/ringtones/Rockin.ogg since build fingerprint changed
09-12 16:55:10.950  5281  5836 I MediaScanner: forcing rescan of /system/media/audio/ringtones/RomancingTheTone.ogg since build fingerprint changed
09-12 16:55:10.964  5281  5836 I MediaScanner: forcing rescan of /system/media/audio/ringtones/Safari.ogg since build fingerprint changed
09-12 16:55:10.978  5281  5836 I MediaScanner: forcing rescan of /system/media/audio/ringtones/Savannah.ogg since build fingerprint changed
09-12 16:55:10.994  5281  5836 I MediaScanner: forcing rescan of /system/media/audio/ringtones/Scarabaeus.ogg since build fingerprint changed
09-12 16:55:11.034  5281  5836 I MediaScanner: forcing rescan of /system/media/audio/ringtones/Sceptrum.ogg since build fingerprint changed
09-12 16:55:11.074  5281  5836 I MediaScanner: forcing rescan of /system/media/audio/ringtones/Sedna.ogg since build fingerprint changed
09-12 16:55:11.112  5281  5836 I MediaScanner: forcing rescan of /system/media/audio/ringtones/Seville.ogg since build fingerprint changed
09-12 16:55:11.132  5281  5836 I MediaScanner: forcing rescan of /system/media/audio/ringtones/Sheep.mp3 since build fingerprint changed
09-12 16:55:11.138  3176  5914 I FFmpegExtractor: android-source:0xf3384400
09-12 16:55:11.163  3176  5914 I FFMPEG  : [mp3 @ 0xf6160a00] Skipping 0 bytes of junk at 431.
09-12 16:55:11.164  3176  5914 D FFmpegExtractor: supported codec (mp3) by official Stagefright
09-12 16:55:11.164  3176  5914 D FFmpegExtractor: ffmpeg detected media content as 'audio/mpeg' with confidence 0.08
09-12 16:55:11.172  5281  5836 I MediaScanner: forcing rescan of /system/media/audio/ringtones/Shes_All_That.ogg since build fingerprint changed
09-12 16:55:11.193  5281  5836 I MediaScanner: forcing rescan of /system/media/audio/ringtones/SilkyWay.ogg since build fingerprint changed
09-12 16:55:11.219  5281  5836 I MediaScanner: forcing rescan of /system/media/audio/ringtones/SitarVsSitar.ogg since build fingerprint changed
09-12 16:55:11.245  5281  5836 I MediaScanner: forcing rescan of /system/media/audio/ringtones/Solarium.ogg since build fingerprint changed
09-12 16:55:11.280  5281  5836 I MediaScanner: forcing rescan of /system/media/audio/ringtones/SpringyJalopy.ogg since build fingerprint changed
09-12 16:55:11.303  5281  5836 I MediaScanner: forcing rescan of /system/media/audio/ringtones/Steppin_Out.ogg since build fingerprint changed
09-12 16:55:11.330  5281  5836 I MediaScanner: forcing rescan of /system/media/audio/ringtones/Terminated.ogg since build fingerprint changed
09-12 16:55:11.362  5281  5836 I MediaScanner: forcing rescan of /system/media/audio/ringtones/Testudo.ogg since build fingerprint changed
09-12 16:55:11.395  5281  5836 I MediaScanner: forcing rescan of /system/media/audio/ringtones/Themos.ogg since build fingerprint changed
09-12 16:55:11.436  5281  5836 I MediaScanner: forcing rescan of /system/media/audio/ringtones/Third_Eye.ogg since build fingerprint changed
09-12 16:55:11.463  5281  5836 I MediaScanner: forcing rescan of /system/media/audio/ringtones/Thunderfoot.ogg since build fingerprint changed
09-12 16:55:11.483  5281  5836 I MediaScanner: forcing rescan of /system/media/audio/ringtones/Titania.ogg since build fingerprint changed
09-12 16:55:11.536  5281  5836 I MediaScanner: forcing rescan of /system/media/audio/ringtones/Triton.ogg since build fingerprint changed
09-12 16:55:11.584  5281  5836 I MediaScanner: forcing rescan of /system/media/audio/ringtones/TwirlAway.ogg since build fingerprint changed
09-12 16:55:11.614  5281  5836 I MediaScanner: forcing rescan of /system/media/audio/ringtones/Umbriel.ogg since build fingerprint changed
09-12 16:55:11.665  5281  5836 I MediaScanner: forcing rescan of /system/media/audio/ringtones/UrsaMinor.ogg since build fingerprint changed
09-12 16:55:11.712  5281  5836 I MediaScanner: forcing rescan of /system/media/audio/ringtones/VeryAlarmed.ogg since build fingerprint changed
09-12 16:55:11.738  4762  4851 I vol.Events: writeEvent level_changed STREAM_MUSIC 10
09-12 16:55:11.779  5281  5836 I MediaScanner: forcing rescan of /system/media/audio/ringtones/Vespa.ogg since build fingerprint changed
09-12 16:55:11.815  5281  5836 I MediaScanner: forcing rescan of /system/media/audio/ringtones/World.ogg since build fingerprint changed
09-12 16:55:11.848  5281  5836 I MediaScanner: forcing rescan of /system/media/audio/ringtones/Yukaay.ogg since build fingerprint changed
09-12 16:55:11.896  5281  5836 I MediaScanner: forcing rescan of /system/media/audio/ringtones/Zeta.ogg since build fingerprint changed
09-12 16:55:11.937  3575  5343 W ActivityManager: Finishing task with all activities already finished
09-12 16:55:11.938  3575  5343 W ActivityManager: Duplicate finish request for ActivityRecord{f4d6ea u0 com.cyanogenmod.setupwizard/.FinishActivity t4 f}
09-12 16:55:11.958  3575  5341 I ActivityManager: START u0 {act=com.android.wizard.NEXT cmp=com.cyanogenmod.setupwizard/.wizardmanager.WizardManager (has extras)} from uid 1000 on display 0
09-12 16:55:11.961  3575  5341 W ActivityManager: startActivity called from finishing ActivityRecord{f4d6ea u0 com.cyanogenmod.setupwizard/.FinishActivity t4 f}; forcing Intent.FLAG_ACTIVITY_NEW_TASK for: Intent { act=com.android.wizard.NEXT flg=0x800000 cmp=com.cyanogenmod.setupwizard/.wizardmanager.WizardManager (has extras) }
09-12 16:55:12.317  5281  5836 W MediaScanner: Error opening directory '/oem/media/', skipping: No such file or directory.
09-12 16:55:12.324  5281  5836 W MediaProvider: Missing volume for /system/media/audio/ui; assuming invalid
09-12 16:55:13.458  3575  3673 W art     : Long monitor contention with owner Binder:3575_3 (4777) at void com.android.server.am.ActivityManagerService.activityPaused(android.os.IBinder)(ActivityManagerService.java:7134) waiters=0 in void com.android.server.am.ActivityRecord$Token.windowsGone() for 1.305s
09-12 16:55:13.458  3575  3673 I Choreographer: Skipped 78 frames!  The application may be doing too much work on its main thread.
09-12 16:55:13.460  3575  3575 W art     : Long monitor contention with owner Binder:3575_3 (4777) at void com.android.server.am.ActivityManagerService.activityPaused(android.os.IBinder)(ActivityManagerService.java:7134) waiters=1 in java.lang.String com.android.server.am.ActivityManagerService.checkContentProviderAccess(java.lang.String, int) for 1.205s
09-12 16:55:13.461  3575  3671 W art     : Long monitor contention with owner Binder:3575_3 (4777) at void com.android.server.am.ActivityManagerService.activityPaused(android.os.IBinder)(ActivityManagerService.java:7134) waiters=2 in void com.android.server.am.ActivityManagerService.monitor() for 1.189s
09-12 16:55:13.461  3575  4874 W art     : Long monitor contention with owner Binder:3575_3 (4777) at void com.android.server.am.ActivityManagerService.activityPaused(android.os.IBinder)(ActivityManagerService.java:7134) waiters=3 in java.lang.String com.android.server.am.ActivityManagerService.checkContentProviderAccess(java.lang.String, int) for 1.127s
09-12 16:55:13.467  3575  3666 W art     : Long monitor contention with owner Binder:3575_3 (4777) at void com.android.server.am.ActivityManagerService.activityPaused(android.os.IBinder)(ActivityManagerService.java:7134) waiters=4 in void com.android.server.am.PendingIntentRecord.completeFinalize() for 1.095s
09-12 16:55:13.467  3575  4661 W art     : Long monitor contention with owner Binder:3575_3 (4777) at void com.android.server.am.ActivityManagerService.activityPaused(android.os.IBinder)(ActivityManagerService.java:7134) waiters=5 in int com.android.server.am.ActivityManagerService.getAppStartMode(int, java.lang.String) for 1.076s
09-12 16:55:13.469  3575  4663 W art     : Long monitor contention with owner WifiStateMachine (4661) at void com.android.server.AlarmManagerService.setImpl(int, long, long, long, android.app.PendingIntent, android.app.IAlarmListener, java.lang.String, int, android.os.WorkSource, android.app.AlarmManager$AlarmClockInfo, int, java.lang.String)(AlarmManagerService.java:1122) waiters=0 in void com.android.server.AlarmManagerService.setImpl(int, long, long, long, android.app.PendingIntent, android.app.IAlarmListener, java.lang.String, int, android.os.WorkSource, android.app.AlarmManager$AlarmClockInfo, int, java.lang.String) for 1.070s
09-12 16:55:13.502  5359  5359 I Choreographer: Skipped 86 frames!  The application may be doing too much work on its main thread.
09-12 16:55:13.511  5281  5836 W MediaProvider: Missing volume for /system/media/bootanimation.zip; assuming invalid
09-12 16:55:13.531  5281  5836 W MediaProvider: Missing volume for /system/media/audio/ringtones/Paradise_Island.ogg; assuming invalid
09-12 16:55:13.541  5281  5836 W MediaProvider: Missing volume for /system/media/audio/ringtones/Pegasus.ogg; assuming invalid
09-12 16:55:13.550  5281  5836 W MediaProvider: Missing volume for /system/media/audio/ringtones/Perseus.ogg; assuming invalid
09-12 16:55:13.560  5281  5836 W MediaProvider: Missing volume for /system/media/audio/ringtones/Phobos.ogg; assuming invalid
09-12 16:55:13.568  5281  5836 W MediaProvider: Missing volume for /system/media/audio/ringtones/Playa.ogg; assuming invalid
09-12 16:55:13.578  5281  5836 W MediaProvider: Missing volume for /system/media/audio/ringtones/PyxisMaterial.ogg; assuming invalid
09-12 16:55:13.592  5281  5836 W MediaProvider: Missing volume for /system/media/audio/ringtones/Rasalas.ogg; assuming invalid
09-12 16:55:13.599  5281  5836 W MediaProvider: Missing volume for /system/media/audio/ringtones/Revelation.ogg; assuming invalid
09-12 16:55:13.610  5281  5836 W MediaProvider: Missing volume for /system/media/audio/ringtones/Rigel.ogg; assuming invalid
09-12 16:55:13.619  5281  5836 W MediaProvider: Missing volume for /system/media/audio/ringtones/Ring_Classic_02.ogg; assuming invalid
09-12 16:55:13.621  3575  3663 I ActivityManager: START u0 {act=com.cyanogenmod.setupwizard.EXIT flg=0x4000000 cmp=com.cyanogenmod.setupwizard/.SetupWizardExitActivity (has extras)} from uid 1000 on display 0
09-12 16:55:13.630  5281  5836 W MediaProvider: Missing volume for /system/media/audio/ringtones/Ring_Digital_02.ogg; assuming invalid
09-12 16:55:13.640  5281  5836 W MediaProvider: Missing volume for /system/media/audio/ringtones/Ring_Synth_02.ogg; assuming invalid
09-12 16:55:13.652  5281  5836 W MediaProvider: Missing volume for /system/media/audio/ringtones/Ring_Synth_04.ogg; assuming invalid
09-12 16:55:13.661  5281  5836 W MediaProvider: Missing volume for /system/media/audio/ringtones/Road_Trip.ogg; assuming invalid
09-12 16:55:13.670  5281  5836 W MediaProvider: Missing volume for /system/media/audio/ringtones/Rockin.ogg; assuming invalid
09-12 16:55:13.679  5281  5836 W MediaProvider: Missing volume for /system/media/audio/ringtones/RomancingTheTone.ogg; assuming invalid
09-12 16:55:13.682  5281  5286 I art     : Do partial code cache collection, code=113KB, data=108KB
09-12 16:55:13.683  5281  5286 I art     : After code cache collection, code=113KB, data=108KB
09-12 16:55:13.683  5281  5286 I art     : Increasing code cache capacity to 512KB
09-12 16:55:13.688  5281  5836 W MediaProvider: Missing volume for /system/media/audio/ringtones/Safari.ogg; assuming invalid
09-12 16:55:13.696  5281  5836 W MediaProvider: Missing volume for /system/media/audio/ringtones/Savannah.ogg; assuming invalid
09-12 16:55:13.701  5359  5359 I SetupWizardApp: Enabling notfications - StatusBarManager
09-12 16:55:13.708  5281  5836 W MediaProvider: Missing volume for /system/media/audio/ringtones/Scarabaeus.ogg; assuming invalid
09-12 16:55:13.717  3575  5340 I ActivityManager: START u0 {act=android.intent.action.MAIN cat=[android.intent.category.HOME] flg=0x10008000 cmp=com.cyanogenmod.setupwizard/.SetupWizardActivity} from uid 1000 on display 0
09-12 16:55:13.719  5281  5836 W MediaProvider: Missing volume for /system/media/audio/ringtones/Sceptrum.ogg; assuming invalid
09-12 16:55:13.729  5281  5836 W MediaProvider: Missing volume for /system/media/audio/ringtones/Sedna.ogg; assuming invalid
09-12 16:55:13.738  5281  5836 W MediaProvider: Missing volume for /system/media/audio/ringtones/Seville.ogg; assuming invalid
09-12 16:55:13.748  5281  5836 W MediaProvider: Missing volume for /system/media/audio/ringtones/Sheep.mp3; assuming invalid
09-12 16:55:13.774  5281  5836 W MediaProvider: Missing volume for /system/media/audio/ringtones/Shes_All_That.ogg; assuming invalid
09-12 16:55:13.775  5359  5359 W ContextImpl: Calling a method in the system process without a qualified user: android.app.ContextImpl.startService:1357 android.content.ContextWrapper.startService:613 com.cyanogenmod.setupwizard.SetupWizardExitActivity.onCreate:53 android.app.Activity.performCreate:6684 android.app.Instrumentation.callActivityOnCreate:1119 
09-12 16:55:13.782  3575  4014 I InputReader: Reconfiguring input devices.  changes=0x00000010
09-12 16:55:13.791  5281  5836 W MediaProvider: Missing volume for /system/media/audio/ringtones/SilkyWay.ogg; assuming invalid
09-12 16:55:13.798  3575  3665 W Searchables: No global search activity found
09-12 16:55:13.806  5324  5324 D RegisteredNfcFServicesCache: Service unchanged, not updating
09-12 16:55:13.835  5281  5836 W MediaProvider: Missing volume for /system/media/audio/ringtones/SitarVsSitar.ogg; assuming invalid
09-12 16:55:13.839  3169  3471 V audio_hw_primary_abox: fast_out-out_standby: enter
09-12 16:55:13.839  3169  3471 I audio_hw_primary_abox: fast_out-out_standby: Transit to Idle
09-12 16:55:13.849  3169  3471 I audio_hw_primary_abox: fast_out-do_close_output_stream: Closed PCM Device
09-12 16:55:13.849  3169  3471 D audio_hw_primary_abox: fast_out-set_audio_route: [PLAYBACK] current-device(speaker) new-device(speaker) in cur-mode(normal) & new-mode(normal)!
09-12 16:55:13.861  5281  5836 W MediaProvider: Missing volume for /system/media/audio/ringtones/Solarium.ogg; assuming invalid
09-12 16:55:13.866  3169  3471 I audio_hw_primary_abox: USAGE_SPKAMP-do_close_spkamp_stream: Closed PCM Device is /dev/snd/pcmC0D7p
09-12 16:55:13.868  3169  3471 I audio_hw_primary_abox: USAGE_SPKAMP-do_close_spkamp_stream: Closed PCM Device is /dev/snd/pcmC0D11c
09-12 16:55:13.870  3169  3471 I audio_hw_primary_abox: USAGE_SPKAMP-do_close_spkamp_stream: Closed PCM Device is /dev/snd/pcmC0D12c
09-12 16:55:13.871  3169  3471 I audio_hw_primary_abox: USAGE_SPKAMP-do_close_spkamp_stream: Closed PCM Device is /dev/snd/pcmC0D6p
09-12 16:55:13.871  3169  3471 I audio_route: > audio_route_update_path + : "media-speaker" reverse(1)
09-12 16:55:13.872  3169  3471 I audio_route: > audio_route_update_path - : changed(3)
09-12 16:55:13.872  3169  3471 D audio_hw_primary_abox: fast_out-do_set_route: Disabled Audio Route(media-speaker)
09-12 16:55:13.872  3169  3471 I audio_route: > audio_route_update_path + : "gain-media-speaker" reverse(1)
09-12 16:55:13.872  3169  3471 I audio_route: > audio_route_update_path - : changed(0)
09-12 16:55:13.872  3169  3471 D audio_hw_primary_abox: fast_out-do_set_route: Disabled Audio Gain(gain-media-speaker)
09-12 16:55:13.872  3169  3471 I audio_hw_primary_abox: fast_out-out_standby: Transit to Standby
09-12 16:55:13.872  3169  3471 V audio_hw_primary_abox: fast_out-out_standby: exit
09-12 16:55:13.876  4908  4908 D CarrierSvcBindHelper: No carrier app for: 0
09-12 16:55:13.878  3575  3663 I ActivityManager: START u0 {act=com.android.wizard.LOAD flg=0x10000001 cmp=com.cyanogenmod.setupwizard/.wizardmanager.WizardManager (has extras)} from uid 1000 on display 0
09-12 16:55:13.883  5281  5836 W MediaProvider: Missing volume for /system/media/audio/ringtones/SpringyJalopy.ogg; assuming invalid
09-12 16:55:13.890  5281  5836 W MediaProvider: Missing volume for /system/media/audio/ringtones/Steppin_Out.ogg; assuming invalid
09-12 16:55:13.897  5281  5836 W MediaProvider: Missing volume for /system/media/audio/ringtones/Terminated.ogg; assuming invalid
09-12 16:55:13.905  3575  3575 I DevicePolicyManagerService: Set ro.device_owner property to false
09-12 16:55:13.979  5324  5936 W Settings: Setting device_provisioned has moved from android.provider.Settings.Secure to android.provider.Settings.Global.
09-12 16:55:13.983  5324  5936 D NfcService: Discovery configuration equal, not updating.
09-12 16:55:13.993  5281  5836 W MediaProvider: Missing volume for /system/media/audio/ringtones/Testudo.ogg; assuming invalid
09-12 16:55:13.994  3575  3665 I RetailDemoModeService: Deleting contents of /data/preloads
09-12 16:55:14.001  3575  3663 I ActivityManager: START u0 {act=com.cyanogenmod.setupwizard.LINEAGE_WELCOME flg=0x4000000 cmp=com.cyanogenmod.setupwizard/.WelcomeActivity (has extras)} from uid 1000 on display 0
09-12 16:55:14.011  5281  5836 W MediaProvider: Missing volume for /system/media/audio/ringtones/Themos.ogg; assuming invalid
09-12 16:55:14.036  5281  5836 W MediaProvider: Missing volume for /system/media/audio/ringtones/Third_Eye.ogg; assuming invalid
09-12 16:55:14.047  5281  5836 W MediaProvider: Missing volume for /system/media/audio/ringtones/Thunderfoot.ogg; assuming invalid
09-12 16:55:14.084  5281  5836 W MediaProvider: Missing volume for /system/media/audio/ringtones/Titania.ogg; assuming invalid
09-12 16:55:14.096  5281  5836 W MediaProvider: Missing volume for /system/media/audio/ringtones/Triton.ogg; assuming invalid
09-12 16:55:14.107  5281  5836 W MediaProvider: Missing volume for /system/media/audio/ringtones/TwirlAway.ogg; assuming invalid
09-12 16:55:14.115  5281  5836 W MediaProvider: Missing volume for /system/media/audio/ringtones/Umbriel.ogg; assuming invalid
09-12 16:55:14.116  5359  5366 I art     : Compiler allocated 4MB to compile void android.view.ViewGroup.addViewInner(android.view.View, int, android.view.ViewGroup$LayoutParams, boolean)
09-12 16:55:14.127  5281  5836 W MediaProvider: Missing volume for /system/media/audio/ringtones/UrsaMinor.ogg; assuming invalid
09-12 16:55:14.136  5281  5836 W MediaProvider: Missing volume for /system/media/audio/ringtones/VeryAlarmed.ogg; assuming invalid
09-12 16:55:14.143  5281  5836 W MediaProvider: Missing volume for /system/media/audio/ringtones/Vespa.ogg; assuming invalid
09-12 16:55:14.155  5281  5836 W MediaProvider: Missing volume for /system/media/audio/ringtones/World.ogg; assuming invalid
09-12 16:55:14.166  5281  5836 W MediaProvider: Missing volume for /system/media/audio/ringtones/Yukaay.ogg; assuming invalid
09-12 16:55:14.175  5281  5836 W MediaProvider: Missing volume for /system/media/audio/ringtones/Zeta.ogg; assuming invalid
09-12 16:55:14.195  5281  5836 W MediaProvider: Missing volume for /system/media/audio/ui/Dock.ogg; assuming invalid
09-12 16:55:14.207  3177  4835 E MetadataRetrieverClient: failed to extract an album art
09-12 16:55:14.208  5359  5359 I BaseSetupWizardActivity: Starting activity with USER_SETUP_COMPLETE=true
09-12 16:55:14.214  5281  5836 W MediaProvider: Missing volume for /system/media/audio/ui/Effect_Tick.ogg; assuming invalid
09-12 16:55:14.217  3575  5342 I ActivityManager: START u0 {cmp=com.cyanogenmod.setupwizard/.SetupWizardExitActivity (has extras)} from uid 1000 on display 0
09-12 16:55:14.224  5281  5836 W MediaProvider: Missing volume for /system/media/audio/ui/KeypressDelete.ogg; assuming invalid
09-12 16:55:14.241  5281  5836 W MediaProvider: Missing volume for /system/media/audio/ui/KeypressInvalid.ogg; assuming invalid
09-12 16:55:14.252  3575  3663 I ActivityManager: START u0 {act=android.intent.action.MAIN cat=[android.intent.category.HOME] flg=0x10000100 cmp=com.cyanogenmod.trebuchet/com.android.launcher3.Launcher} from uid 0 on display 0
09-12 16:55:14.260  5281  5836 W MediaProvider: Missing volume for /system/media/audio/ui/KeypressReturn.ogg; assuming invalid
09-12 16:55:14.275  5281  5836 W MediaProvider: Missing volume for /system/media/audio/ui/KeypressSpacebar.ogg; assuming invalid
09-12 16:55:14.277  3575  4873 W ActivityManager: Finishing task with all activities already finished
09-12 16:55:14.277  3575  4873 W ActivityManager: Duplicate finish request for ActivityRecord{b18190a u0 com.cyanogenmod.setupwizard/.WelcomeActivity t7 f}
09-12 16:55:14.288  5281  5836 W MediaProvider: Missing volume for /system/media/audio/ui/KeypressStandard.ogg; assuming invalid
09-12 16:55:14.298  5281  5836 W MediaProvider: Missing volume for /system/media/audio/ui/Lock.ogg; assuming invalid
09-12 16:55:14.309  5281  5836 W MediaProvider: Missing volume for /system/media/audio/ui/LowBattery.ogg; assuming invalid
09-12 16:55:14.318  5281  5836 W MediaProvider: Missing volume for /system/media/audio/ui/Trusted.ogg; assuming invalid
09-12 16:55:14.332  5281  5836 W MediaProvider: Missing volume for /system/media/audio/ui/Undock.ogg; assuming invalid
09-12 16:55:14.341  5281  5836 W MediaProvider: Missing volume for /system/media/audio/ui/Unlock.ogg; assuming invalid
09-12 16:55:14.356  5281  5836 W MediaProvider: Missing volume for /system/media/audio/ui/VideoRecord.ogg; assuming invalid
09-12 16:55:14.365  5281  5836 W MediaProvider: Missing volume for /system/media/audio/ui/VideoStop.ogg; assuming invalid
09-12 16:55:14.378  5281  5836 W MediaProvider: Missing volume for /system/media/audio/ui/WirelessChargingStarted.ogg; assuming invalid
09-12 16:55:14.388  5281  5836 W MediaProvider: Missing volume for /system/media/audio/ui/camera_click.ogg; assuming invalid
09-12 16:55:14.397  5281  5836 W MediaProvider: Missing volume for /system/media/audio/ui/camera_focus.ogg; assuming invalid
09-12 16:55:14.425  5843  5843 V Launcher: LauncherAppState inited
09-12 16:55:14.447  5843  5843 I enmod.trebuchet: type=1400 audit(0.0:311): avc: denied { write } for name="shared_prefs" dev="sda24" ino=2015599 scontext=u:r:platform_app:s0:c512,c768 tcontext=u:object_r:system_data_file:s0:c512,c768 tclass=dir permissive=1
09-12 16:55:14.447  5843  5843 I enmod.trebuchet: type=1400 audit(0.0:311): avc: denied { add_name } for name="trebuchet_preferences.xml" scontext=u:r:platform_app:s0:c512,c768 tcontext=u:object_r:system_data_file:s0:c512,c768 tclass=dir permissive=1
09-12 16:55:14.447  5843  5843 W enmod.trebuchet: type=1300 audit(0.0:311): arch=c00000b7 syscall=56 success=yes exit=36 a0=ffffff9c a1=7f9137f830 a2=241 a3=1b6 items=0 ppid=3167 auid=4294967295 uid=10027 gid=10027 euid=10027 suid=10027 fsuid=10027 egid=10027 sgid=10027 fsgid=10027 tty=(none) ses=4294967295 exe="/system/bin/app_process64" subj=u:r:platform_app:s0:c512,c768 key=(null)
09-12 16:55:14.447  3075  3075 W auditd  : type=1327 audit(0.0:311): proctitle="com.cyanogenmod.trebuchet"
09-12 16:55:14.447  3075  3075 W auditd  : type=1320 audit(0.0:311): 
09-12 16:55:14.498  5843  5843 D Launcher.Model: Old launcher provider: content://com.android.launcher2.settings/favorites?notify=true
09-12 16:55:14.498  5843  5843 D Launcher.Model: Old launcher provider does not exist.
09-12 16:55:14.688  5843  5848 I art     : Do partial code cache collection, code=28KB, data=29KB
09-12 16:55:14.688  5843  5848 I art     : After code cache collection, code=26KB, data=28KB
09-12 16:55:14.688  5843  5848 I art     : Increasing code cache capacity to 128KB
09-12 16:55:14.707  5281  5836 V MediaScanner: pruneDeadThumbnailFiles... android.content.ContentProviderClient$CursorWrapperInner@355b9f3
09-12 16:55:14.709  5281  5836 V MediaScanner: /pruneDeadThumbnailFiles... android.content.ContentProviderClient$CursorWrapperInner@355b9f3
09-12 16:55:14.785  5843  5848 I art     : Do partial code cache collection, code=29KB, data=38KB
09-12 16:55:14.785  5843  5848 I art     : After code cache collection, code=29KB, data=38KB
09-12 16:55:14.785  5843  5848 I art     : Increasing code cache capacity to 256KB
09-12 16:55:14.786  5843  5848 I art     : Compiler allocated 6MB to compile void android.widget.TextView.<init>(android.content.Context, android.util.AttributeSet, int, int)
09-12 16:55:14.794  5843  5941 D LauncherProvider: loading default workspace
