09-06 23:44:30.103  3565  3565 I PackageManager.DexOptimizer: Running dexopt (dex2oat) on: /system/priv-app/Contacts/Contacts.apk pkg=com.android.contacts isa=arm64 vmSafeMode=false debuggable=false target-filter=verify-at-runtime oatDir = null sharedLibraries=null
09-06 23:44:30.119  4150  4150 I dex2oat : /system/bin/dex2oat --compiler-filter=verify-at-runtime
09-06 23:44:30.225  4150  4150 I dex2oat : dex2oat took 106.179ms (threads: 8) arena alloc=0B (0B) java alloc=27KB (28240B) native alloc=535KB (548024B) free=2MB (2597704B)
09-06 23:44:30.227  3565  3565 I PackageManager.DexOptimizer: Running dexopt (dex2oat) on: /system/app/Camera2/Camera2.apk pkg=com.android.camera2 isa=arm64 vmSafeMode=false debuggable=false target-filter=verify-at-runtime oatDir = null sharedLibraries=null
09-06 23:44:30.243  4159  4159 I dex2oat : /system/bin/dex2oat --compiler-filter=verify-at-runtime
09-06 23:44:30.359  4159  4159 I dex2oat : dex2oat took 115.865ms (threads: 8) arena alloc=0B (0B) java alloc=27KB (28240B) native alloc=422KB (432760B) free=2MB (2712968B)
09-06 23:44:30.361  3565  3565 I PackageManager.DexOptimizer: Running dexopt (dex2oat) on: /system/priv-app/Recorder/Recorder.apk pkg=org.lineageos.recorder isa=arm64 vmSafeMode=false debuggable=false target-filter=verify-at-runtime oatDir = null sharedLibraries=null
09-06 23:44:30.377  4168  4168 I dex2oat : /system/bin/dex2oat --compiler-filter=verify-at-runtime
09-06 23:44:30.449  4168  4168 I dex2oat : dex2oat took 72.504ms (threads: 8) arena alloc=0B (0B) java alloc=27KB (28240B) native alloc=498KB (510576B) free=2MB (2635152B)
09-06 23:44:30.452  3565  3565 I PackageManager.DexOptimizer: Running dexopt (dex2oat) on: /system/app/EasterEgg/EasterEgg.apk pkg=com.android.egg isa=arm64 vmSafeMode=false debuggable=false target-filter=verify-at-runtime oatDir = null sharedLibraries=null
09-06 23:44:30.467  4177  4177 I dex2oat : /system/bin/dex2oat --compiler-filter=verify-at-runtime
09-06 23:44:30.505  4177  4177 I dex2oat : dex2oat took 37.995ms (threads: 8) arena alloc=0B (0B) java alloc=27KB (28240B) native alloc=1099KB (1125744B) free=1460KB (1495696B)
09-06 23:44:30.507  3565  3565 I PackageManager.DexOptimizer: Running dexopt (dex2oat) on: /system/priv-app/MtpDocumentsProvider/MtpDocumentsProvider.apk pkg=com.android.mtp isa=arm64 vmSafeMode=false debuggable=false target-filter=verify-at-runtime oatDir = null sharedLibraries=null
09-06 23:44:30.523  4186  4186 I dex2oat : /system/bin/dex2oat --compiler-filter=verify-at-runtime
09-06 23:44:30.545  4186  4186 I dex2oat : dex2oat took 22.637ms (threads: 8) arena alloc=0B (0B) java alloc=31KB (32208B) native alloc=1022KB (1046896B) free=1537KB (1574544B)
09-06 23:44:30.548  3565  3565 I PackageManager.DexOptimizer: Running dexopt (dex2oat) on: /system/app/NfcNci/NfcNci.apk pkg=com.android.nfc isa=arm64 vmSafeMode=false debuggable=false target-filter=verify-at-runtime oatDir = null sharedLibraries=null
09-06 23:44:30.563  4195  4195 I dex2oat : /system/bin/dex2oat --compiler-filter=verify-at-runtime
09-06 23:44:30.654  4195  4195 I dex2oat : dex2oat took 90.833ms (threads: 8) arena alloc=0B (0B) java alloc=27KB (28240B) native alloc=516KB (529272B) free=2MB (2616456B)
09-06 23:44:30.656  3565  3565 I PackageManager.DexOptimizer: Running dexopt (dex2oat) on: /system/app/Stk/Stk.apk pkg=com.android.stk isa=arm64 vmSafeMode=false debuggable=false target-filter=verify-at-runtime oatDir = null sharedLibraries=null
09-06 23:44:30.672  4204  4204 I dex2oat : /system/bin/dex2oat --compiler-filter=verify-at-runtime
09-06 23:44:30.694  4204  4204 I dex2oat : dex2oat took 22.319ms (threads: 8) arena alloc=0B (0B) java alloc=27KB (28240B) native alloc=1042KB (1067600B) free=1517KB (1553840B)
09-06 23:44:30.697  3565  3565 I PackageManager.DexOptimizer: Running dexopt (dex2oat) on: /system/priv-app/BackupRestoreConfirmation/BackupRestoreConfirmation.apk pkg=com.android.backupconfirm isa=arm64 vmSafeMode=false debuggable=false target-filter=verify-at-runtime oatDir = null sharedLibraries=null
09-06 23:44:30.712  4213  4213 I dex2oat : /system/bin/dex2oat --compiler-filter=verify-at-runtime
09-06 23:44:30.733  4213  4213 I dex2oat : dex2oat took 21.021ms (threads: 8) arena alloc=0B (0B) java alloc=31KB (32240B) native alloc=858KB (878736B) free=1189KB (1218416B)
09-06 23:44:30.735  3565  3565 I PackageManager.DexOptimizer: Running dexopt (dex2oat) on: /system/app/Profiles/Profiles.apk pkg=org.cyanogenmod.profiles isa=arm64 vmSafeMode=false debuggable=false target-filter=verify-at-runtime oatDir = null sharedLibraries=null
09-06 23:44:30.751  4222  4222 I dex2oat : /system/bin/dex2oat --compiler-filter=verify-at-runtime
09-06 23:44:30.776  4222  4222 I dex2oat : dex2oat took 25.193ms (threads: 8) arena alloc=0B (0B) java alloc=27KB (28240B) native alloc=1130KB (1157200B) free=1429KB (1464240B)
09-06 23:44:30.778  3565  3565 I PackageManager.DexOptimizer: Running dexopt (dex2oat) on: /system/app/LockClock/LockClock.apk pkg=com.cyanogenmod.lockclock isa=arm64 vmSafeMode=false debuggable=false target-filter=verify-at-runtime oatDir = null sharedLibraries=null
09-06 23:44:30.794  4231  4231 I dex2oat : /system/bin/dex2oat --compiler-filter=verify-at-runtime
09-06 23:44:30.826  4231  4231 I dex2oat : dex2oat took 32.678ms (threads: 8) arena alloc=0B (0B) java alloc=27KB (28240B) native alloc=1079KB (1105200B) free=1480KB (1516240B)
09-06 23:44:30.829  3565  3565 I PackageManager.DexOptimizer: Running dexopt (dex2oat) on: /system/priv-app/StatementService/StatementService.apk pkg=com.android.statementservice isa=arm64 vmSafeMode=false debuggable=false target-filter=verify-at-runtime oatDir = null sharedLibraries=null
09-06 23:44:30.845  4240  4240 I dex2oat : /system/bin/dex2oat --compiler-filter=verify-at-runtime
09-06 23:44:30.867  4240  4240 I dex2oat : dex2oat took 22.367ms (threads: 8) arena alloc=0B (0B) java alloc=31KB (32216B) native alloc=1092KB (1118512B) free=1467KB (1502928B)
09-06 23:44:30.870  3565  3565 I PackageManager.DexOptimizer: Running dexopt (dex2oat) on: /system/app/AdvancedDisplay/AdvancedDisplay.apk pkg=com.cyanogenmod.settings.device isa=arm64 vmSafeMode=false debuggable=false target-filter=verify-at-runtime oatDir = null sharedLibraries=null
09-06 23:44:30.886  4249  4249 I dex2oat : /system/bin/dex2oat --compiler-filter=verify-at-runtime
09-06 23:44:30.957  4249  4249 I dex2oat : dex2oat took 71.494ms (threads: 8) arena alloc=0B (0B) java alloc=31KB (32216B) native alloc=497KB (509360B) free=2MB (2636368B)
09-06 23:44:30.959  3565  3565 I PackageManager.DexOptimizer: Running dexopt (dex2oat) on: /system/priv-app/CMAudioService/CMAudioService.apk pkg=org.cyanogenmod.cmaudio.service isa=arm64 vmSafeMode=false debuggable=false target-filter=verify-at-runtime oatDir = null sharedLibraries=null
09-06 23:44:30.975  4258  4258 I dex2oat : /system/bin/dex2oat --compiler-filter=verify-at-runtime
09-06 23:44:31.016  4258  4258 I dex2oat : dex2oat took 40.687ms (threads: 8) arena alloc=0B (0B) java alloc=31KB (32216B) native alloc=1141KB (1168816B) free=1418KB (1452624B)
09-06 23:44:31.018  3565  3565 I PackageManager.DexOptimizer: Running dexopt (dex2oat) on: /system/app/Calendar/Calendar.apk pkg=com.android.calendar isa=arm64 vmSafeMode=false debuggable=false target-filter=verify-at-runtime oatDir = null sharedLibraries=null
09-06 23:44:31.034  4267  4267 I dex2oat : /system/bin/dex2oat --compiler-filter=verify-at-runtime
09-06 23:44:31.097  4267  4267 I dex2oat : dex2oat took 63.611ms (threads: 8) arena alloc=0B (0B) java alloc=27KB (28240B) native alloc=565KB (579568B) free=2MB (2566160B)
09-06 23:44:31.100  3565  3565 I PackageManager.DexOptimizer: Running dexopt (dex2oat) on: /system/priv-app/SharedStorageBackup/SharedStorageBackup.apk pkg=com.android.sharedstoragebackup isa=arm64 vmSafeMode=false debuggable=false target-filter=verify-at-runtime oatDir = null sharedLibraries=null
09-06 23:44:31.115  4276  4276 I dex2oat : /system/bin/dex2oat --compiler-filter=verify-at-runtime
09-06 23:44:31.135  4276  4276 I dex2oat : dex2oat took 20.120ms (threads: 8) arena alloc=0B (0B) java alloc=31KB (32208B) native alloc=858KB (878736B) free=1189KB (1218416B)
09-06 23:44:31.138  3565  3565 I PackageManager.DexOptimizer: Running dexopt (dex2oat) on: /system/app/PrintSpooler/PrintSpooler.apk pkg=com.android.printspooler isa=arm64 vmSafeMode=false debuggable=false target-filter=verify-at-runtime oatDir = null sharedLibraries=null
09-06 23:44:31.153  4285  4285 I dex2oat : /system/bin/dex2oat --compiler-filter=verify-at-runtime
09-06 23:44:31.197  4285  4285 I dex2oat : dex2oat took 43.424ms (threads: 8) arena alloc=0B (0B) java alloc=27KB (28240B) native alloc=1137KB (1165232B) free=1422KB (1456208B)
09-06 23:44:31.199  3565  3565 I PackageManager.DexOptimizer: Running dexopt (dex2oat) on: /system/app/BasicDreams/BasicDreams.apk pkg=com.android.dreams.basic isa=arm64 vmSafeMode=false debuggable=false target-filter=verify-at-runtime oatDir = null sharedLibraries=null
09-06 23:44:31.214  4294  4294 I dex2oat : /system/bin/dex2oat --compiler-filter=verify-at-runtime
09-06 23:44:31.235  4294  4294 I dex2oat : dex2oat took 20.380ms (threads: 8) arena alloc=0B (0B) java alloc=27KB (28240B) native alloc=898KB (919632B) free=1149KB (1177520B)
09-06 23:44:31.237  3565  3565 I PackageManager.DexOptimizer: Running dexopt (dex2oat) on: /system/app/webview/webview.apk pkg=com.android.webview isa=arm vmSafeMode=false debuggable=false target-filter=verify-at-runtime oatDir = null sharedLibraries=null
09-06 23:44:31.253  4303  4303 I dex2oat : /system/bin/dex2oat --compiler-filter=verify-at-runtime
09-06 23:44:31.353  4303  4303 I dex2oat : dex2oat took 100.427ms (threads: 8) arena alloc=0B (0B) java alloc=27KB (28240B) native alloc=385KB (395144B) free=2MB (2750584B)
09-06 23:44:31.356  3565  3565 I PackageManager.DexOptimizer: Running dexopt (dex2oat) on: /system/app/webview/webview.apk pkg=com.android.webview isa=arm64 vmSafeMode=false debuggable=false target-filter=verify-at-runtime oatDir = null sharedLibraries=null
09-06 23:44:31.372  4312  4312 I dex2oat : /system/bin/dex2oat --compiler-filter=verify-at-runtime
09-06 23:44:31.474  4312  4312 I dex2oat : dex2oat took 102.535ms (threads: 8) arena alloc=0B (0B) java alloc=27KB (28240B) native alloc=517KB (530248B) free=2MB (2615480B)
09-06 23:44:31.476  3565  3565 I PackageManager.DexOptimizer: Running dexopt (dex2oat) on: /system/priv-app/CellBroadcastReceiver/CellBroadcastReceiver.apk pkg=com.android.cellbroadcastreceiver isa=arm64 vmSafeMode=false debuggable=false target-filter=verify-at-runtime oatDir = null sharedLibraries=null
09-06 23:44:31.492  4321  4321 I dex2oat : /system/bin/dex2oat --compiler-filter=verify-at-runtime
09-06 23:44:31.516  4321  4321 I dex2oat : dex2oat took 24.188ms (threads: 8) arena alloc=0B (0B) java alloc=27KB (28240B) native alloc=1105KB (1131984B) free=1454KB (1489456B)
09-06 23:44:31.518  3565  3565 I PackageManager.DexOptimizer: Running dexopt (dex2oat) on: /system/priv-app/twrpapp/me.twrp.twrpapp.apk pkg=me.twrp.twrpapp isa=arm64 vmSafeMode=false debuggable=false target-filter=verify-at-runtime oatDir = null sharedLibraries=null
09-06 23:44:31.534  4330  4330 I dex2oat : /system/bin/dex2oat --compiler-filter=verify-at-runtime
09-06 23:44:31.552  4330  4330 I dex2oat : dex2oat took 18.766ms (threads: 8) arena alloc=0B (0B) java alloc=31KB (32216B) native alloc=1001KB (1025104B) free=1558KB (1596336B)
09-06 23:44:31.555  3565  3565 I PackageManager.DexOptimizer: Running dexopt (dex2oat) on: /system/priv-app/OneTimeInitializer/OneTimeInitializer.apk pkg=com.android.onetimeinitializer isa=arm64 vmSafeMode=false debuggable=false target-filter=verify-at-runtime oatDir = null sharedLibraries=null
09-06 23:44:31.570  4339  4339 I dex2oat : /system/bin/dex2oat --compiler-filter=verify-at-runtime
09-06 23:44:31.592  4339  4339 I dex2oat : dex2oat took 21.933ms (threads: 8) arena alloc=0B (0B) java alloc=31KB (32208B) native alloc=1018KB (1043024B) free=1541KB (1578416B)
09-06 23:44:31.594  3565  3565 I PackageManager.DexOptimizer: Running dexopt (dex2oat) on: /system/priv-app/CMParts/CMParts.apk pkg=org.cyanogenmod.cmparts isa=arm64 vmSafeMode=false debuggable=false target-filter=verify-at-runtime oatDir = null sharedLibraries=null
09-06 23:44:31.610  4348  4348 I dex2oat : /system/bin/dex2oat --compiler-filter=verify-at-runtime
09-06 23:44:31.701  4348  4348 I dex2oat : dex2oat took 90.846ms (threads: 8) arena alloc=0B (0B) java alloc=27KB (28240B) native alloc=525KB (538008B) free=2MB (2607720B)
09-06 23:44:31.703  3565  3565 I PackageManager.DexOptimizer: Running dexopt (dex2oat) on: /system/app/KeyChain/KeyChain.apk pkg=com.android.keychain isa=arm64 vmSafeMode=false debuggable=false target-filter=verify-at-runtime oatDir = null sharedLibraries=null
09-06 23:44:31.719  4357  4357 I dex2oat : /system/bin/dex2oat --compiler-filter=verify-at-runtime
09-06 23:44:31.741  4357  4357 I dex2oat : dex2oat took 22.778ms (threads: 8) arena alloc=0B (0B) java alloc=27KB (28240B) native alloc=1003KB (1027408B) free=1556KB (1594032B)
09-06 23:44:31.744  3565  3565 I PackageManager.DexOptimizer: Running dexopt (dex2oat) on: /system/app/PrintRecommendationService/PrintRecommendationService.apk pkg=com.android.printservice.recommendation isa=arm64 vmSafeMode=false debuggable=false target-filter=verify-at-runtime oatDir = null sharedLibraries=null
09-06 23:44:31.760  4366  4366 I dex2oat : /system/bin/dex2oat --compiler-filter=verify-at-runtime
09-06 23:44:31.782  4366  4366 I dex2oat : dex2oat took 22.351ms (threads: 8) arena alloc=0B (0B) java alloc=31KB (32240B) native alloc=1057KB (1082512B) free=1502KB (1538928B)
09-06 23:44:31.784  3565  3565 I PackageManager.DexOptimizer: Running dexopt (dex2oat) on: /system/priv-app/Gallery2/Gallery2.apk pkg=com.android.gallery3d isa=arm vmSafeMode=false debuggable=false target-filter=verify-at-runtime oatDir = null sharedLibraries=null
09-06 23:44:31.800  4375  4375 I dex2oat : /system/bin/dex2oat --compiler-filter=verify-at-runtime
09-06 23:44:31.822  3565  3656 E BatteryStatsService: power: Missing API
09-06 23:44:31.944  4375  4375 I dex2oat : dex2oat took 144.196ms (threads: 8) arena alloc=0B (0B) java alloc=27KB (28240B) native alloc=541KB (554488B) free=2MB (2591240B)
09-06 23:44:31.947  3565  3565 I PackageManager.DexOptimizer: Running dexopt (dex2oat) on: /system/priv-app/Trebuchet/Trebuchet.apk pkg=com.cyanogenmod.trebuchet isa=arm64 vmSafeMode=false debuggable=false target-filter=verify-at-runtime oatDir = null sharedLibraries=null
09-06 23:44:31.962  4385  4385 I dex2oat : /system/bin/dex2oat --compiler-filter=verify-at-runtime
09-06 23:44:32.032  4385  4385 I dex2oat : dex2oat took 69.844ms (threads: 8) arena alloc=0B (0B) java alloc=27KB (28240B) native alloc=558KB (571888B) free=2MB (2573840B)
09-06 23:44:32.034  3565  3565 I PackageManager.DexOptimizer: Running dexopt (dex2oat) on: /system/priv-app/CallLogBackup/CallLogBackup.apk pkg=com.android.calllogbackup isa=arm64 vmSafeMode=false debuggable=false target-filter=verify-at-runtime oatDir = null sharedLibraries=null
09-06 23:44:32.050  4394  4394 I dex2oat : /system/bin/dex2oat --compiler-filter=verify-at-runtime
09-06 23:44:32.070  4394  4394 I dex2oat : dex2oat took 20.611ms (threads: 8) arena alloc=0B (0B) java alloc=31KB (32216B) native alloc=878KB (899152B) free=1169KB (1198000B)
09-06 23:44:32.073  3565  3565 I PackageManager.DexOptimizer: Running dexopt (dex2oat) on: /system/app/PicoTts/PicoTts.apk pkg=com.svox.pico isa=arm64 vmSafeMode=false debuggable=false target-filter=verify-at-runtime oatDir = null sharedLibraries=null
09-06 23:44:32.088  4403  4403 I dex2oat : /system/bin/dex2oat --compiler-filter=verify-at-runtime
09-06 23:44:32.108  4403  4403 I dex2oat : dex2oat took 19.917ms (threads: 8) arena alloc=0B (0B) java alloc=27KB (28240B) native alloc=880KB (901712B) free=1167KB (1195440B)
09-06 23:44:32.110  3565  3565 I PackageManager.DexOptimizer: Running dexopt (dex2oat) on: /system/app/Jelly/Jelly.apk pkg=org.lineageos.jelly isa=arm64 vmSafeMode=false debuggable=false target-filter=verify-at-runtime oatDir = null sharedLibraries=null
09-06 23:44:32.126  4412  4412 I dex2oat : /system/bin/dex2oat --compiler-filter=verify-at-runtime
09-06 23:44:32.198  4412  4412 I dex2oat : dex2oat took 72.526ms (threads: 8) arena alloc=0B (0B) java alloc=27KB (28240B) native alloc=500KB (512880B) free=2MB (2632848B)
09-06 23:44:32.201  3565  3565 I PackageManager.DexOptimizer: Running dexopt (dex2oat) on: /system/priv-app/ManagedProvisioning/ManagedProvisioning.apk pkg=com.android.managedprovisioning isa=arm64 vmSafeMode=false debuggable=false target-filter=verify-at-runtime oatDir = null sharedLibraries=null
09-06 23:44:32.217  4421  4421 I dex2oat : /system/bin/dex2oat --compiler-filter=verify-at-runtime
09-06 23:44:32.248  4421  4421 I dex2oat : dex2oat took 32.051ms (threads: 8) arena alloc=0B (0B) java alloc=31KB (32208B) native alloc=1078KB (1104688B) free=1481KB (1516752B)
09-06 23:44:32.251  3565  3565 I PackageManager.DexOptimizer: Running dexopt (dex2oat) on: /system/app/PhotoTable/PhotoTable.apk pkg=com.android.dreams.phototable isa=arm64 vmSafeMode=false debuggable=false target-filter=verify-at-runtime oatDir = null sharedLibraries=null
09-06 23:44:32.266  4430  4430 I dex2oat : /system/bin/dex2oat --compiler-filter=verify-at-runtime
09-06 23:44:32.292  4430  4430 I dex2oat : dex2oat took 26.376ms (threads: 8) arena alloc=0B (0B) java alloc=27KB (28240B) native alloc=1052KB (1077328B) free=1507KB (1544112B)
09-06 23:44:32.294  3565  3565 I PackageManager.DexOptimizer: Running dexopt (dex2oat) on: /system/app/WAPPushManager/WAPPushManager.apk pkg=com.android.smspush isa=arm64 vmSafeMode=false debuggable=false target-filter=verify-at-runtime oatDir = null sharedLibraries=null
09-06 23:44:32.310  4439  4439 I dex2oat : /system/bin/dex2oat --compiler-filter=verify-at-runtime
09-06 23:44:32.332  4439  4439 I dex2oat : dex2oat took 21.752ms (threads: 8) arena alloc=0B (0B) java alloc=31KB (32216B) native alloc=1030KB (1055312B) free=1529KB (1566128B)
09-06 23:44:32.334  3565  3565 I PackageManager.DexOptimizer: Running dexopt (dex2oat) on: /system/app/LiveWallpapersPicker/LiveWallpapersPicker.apk pkg=com.android.wallpaper.livepicker isa=arm64 vmSafeMode=false debuggable=false target-filter=verify-at-runtime oatDir = null sharedLibraries=null
09-06 23:44:32.350  4448  4448 I dex2oat : /system/bin/dex2oat --compiler-filter=verify-at-runtime
09-06 23:44:32.411  4448  4448 I dex2oat : dex2oat took 62.180ms (threads: 8) arena alloc=0B (0B) java alloc=31KB (32208B) native alloc=521KB (533936B) free=2MB (2611792B)
09-06 23:44:32.414  3565  3565 I PackageManager.DexOptimizer: Running dexopt (dex2oat) on: /system/priv-app/Tag/Tag.apk pkg=com.android.apps.tag isa=arm64 vmSafeMode=false debuggable=false target-filter=verify-at-runtime oatDir = null sharedLibraries=null
09-06 23:44:32.430  4457  4457 I dex2oat : /system/bin/dex2oat --compiler-filter=verify-at-runtime
09-06 23:44:32.467  4457  4457 I dex2oat : dex2oat took 38.065ms (threads: 8) arena alloc=0B (0B) java alloc=27KB (28240B) native alloc=1141KB (1168560B) free=1418KB (1452880B)
09-06 23:44:32.470  3565  3565 I PackageManager.DexOptimizer: Running dexopt (dex2oat) on: /system/priv-app/StorageManager/StorageManager.apk pkg=com.android.storagemanager isa=arm64 vmSafeMode=false debuggable=false target-filter=verify-at-runtime oatDir = null sharedLibraries=null
09-06 23:44:32.486  4466  4466 I dex2oat : /system/bin/dex2oat --compiler-filter=verify-at-runtime
09-06 23:44:32.562  4466  4466 I dex2oat : dex2oat took 76.892ms (threads: 8) arena alloc=0B (0B) java alloc=31KB (32216B) native alloc=500KB (512688B) free=2MB (2633040B)
09-06 23:44:32.565  3565  3565 I PackageManager.DexOptimizer: Running dexopt (dex2oat) on: /system/app/BookmarkProvider/BookmarkProvider.apk pkg=com.android.bookmarkprovider isa=arm64 vmSafeMode=false debuggable=false target-filter=verify-at-runtime oatDir = null sharedLibraries=null
09-06 23:44:32.581  4475  4475 I dex2oat : /system/bin/dex2oat --compiler-filter=verify-at-runtime
09-06 23:44:32.586  3164  3164 D gpsd    : WakeLock(Acquire,GPSD)
09-06 23:44:32.586  3164  3164 D gpsd    : WakeLock(Release,GPSD)
09-06 23:44:32.586  3164  3164 D gpsd    : WakeLock(Acquire,GPSD)
09-06 23:44:32.586  3164  3164 D gpsd    : WakeLock(Release,GPSD)
09-06 23:44:32.600  4475  4475 I dex2oat : dex2oat took 19.709ms (threads: 8) arena alloc=0B (0B) java alloc=31KB (32216B) native alloc=878KB (899152B) free=1169KB (1198000B)
09-06 23:44:32.602  4478  4478 V lhd     : GlLhdInterface::Init(/system/etc/lhd.conf)
09-06 23:44:32.602  4478  4478 E lhd     : SetCfgValue: Critical Error. Unknown configuration parameter "FlpName"="tcp"
09-06 23:44:32.602  4478  4478 V lhd     : SetCfgValue: LHD config "LheSerialControl"="BBD:Serial=TTY"
09-06 23:44:32.602  4478  4478 E lhd     : SetCfgValue: Critical Error. Unknown configuration parameter "LheClockMHz"="100"
09-06 23:44:32.602  4478  4478 V lhd     : SetCfgValue: LHD config "LhePatch"="/dev/bbd_patch"
09-06 23:44:32.602  3565  3565 I PackageManager.DexOptimizer: Running dexopt (dex2oat) on: /system/priv-app/Eleven/Eleven.apk pkg=com.cyanogenmod.eleven isa=arm64 vmSafeMode=false debuggable=false target-filter=verify-at-runtime oatDir = null sharedLibraries=null
09-06 23:44:32.602  4478  4478 V lhd     : SetCfgValue: LHD config "LheMaxMcuResetTries"="4"
09-06 23:44:32.603  4478  4478 V lhd     : SetCfgValue: LHD config "LheBbdPacket"="/dev/ttyBCM"
09-06 23:44:32.603  4478  4478 V lhd     : SetCfgValue: LHD config "LheBbdControl"="/dev/bbd_control"
09-06 23:44:32.603  4478  4478 V lhd     : SetCfgValue: LHD config "LheBbdSensor"="/dev/bbd_sensor"
09-06 23:44:32.603  4478  4478 V lhd     : SetCfgValue: LHD config "Lhe477xDebugFlags"="RPC:FACILITY=33:STDOUT_PUTS:STDOUT_LOG"
09-06 23:44:32.603  4478  4478 E lhd     : SetCfgValue: Critical Error. Unknown configuration parameter "LheSensorIpc"="true"
09-06 23:44:32.603  4478  4478 E lhd     : SetCfgValue: Critical Error. Unknown configuration parameter "LhePinMux"="P17=M1"
09-06 23:44:32.603  4478  4478 V lhd     : SetCfgValue: LHD config "LheAutoBaudDelayMS"="10"
09-06 23:44:32.603  4478  4478 V lhd     : SetCfgValue: LHD config "LheMaxMcuResetTries"="3"
09-06 23:44:32.603  4478  4478 E lhd     : OpenFirmwareFile: Fail to open /efs/sec_efs/sensorhub_urgent_fw.patch, errno 2
09-06 23:44:32.603  4478  4478 E lhd     : getCustPatchVersion: Fail to parse patch /efs/sec_efs/sensorhub_urgent_fw.patch
09-06 23:44:32.603  4478  4478 E lhd     : getCustPatchVersion: <CustomerVersion> not found
09-06 23:44:32.618  4486  4486 I dex2oat : /system/bin/dex2oat --compiler-filter=verify-at-runtime
09-06 23:44:32.662  3164  3164 D gpsd    : WakeLock(Acquire,GPSD)
09-06 23:44:32.662  3164  3164 D gpsd    : WakeLock(Release,GPSD)
09-06 23:44:32.662  3164  3164 D gpsd    : WakeLock(Acquire,GPSD)
09-06 23:44:32.662  3164  3164 D gpsd    : WakeLock(Release,GPSD)
09-06 23:44:32.662  4478  4478 D lhd     : OnIpcConnect
09-06 23:44:32.837  4486  4486 I dex2oat : dex2oat took 219.413ms (threads: 8) arena alloc=0B (0B) java alloc=27KB (28240B) native alloc=806KB (825448B) free=2MB (2451352B)
09-06 23:44:32.840  3565  3565 I PackageManager.DexOptimizer: Running dexopt (dex2oat) on: /system/app/ExactCalculator/ExactCalculator.apk pkg=com.android.calculator2 isa=arm64 vmSafeMode=false debuggable=false target-filter=verify-at-runtime oatDir = null sharedLibraries=null
09-06 23:44:32.856  4496  4496 I dex2oat : /system/bin/dex2oat --compiler-filter=verify-at-runtime
09-06 23:44:32.934  4496  4496 I dex2oat : dex2oat took 78.052ms (threads: 8) arena alloc=0B (0B) java alloc=31KB (32216B) native alloc=1106KB (1133552B) free=1453KB (1487888B)
09-06 23:44:32.937  3565  3565 I PackageManager.DexOptimizer: Running dexopt (dex2oat) on: /system/priv-app/Updater/Updater.apk pkg=org.lineageos.updater isa=arm64 vmSafeMode=false debuggable=false target-filter=verify-at-runtime oatDir = null sharedLibraries=null
09-06 23:44:32.952  4505  4505 I dex2oat : /system/bin/dex2oat --compiler-filter=verify-at-runtime
09-06 23:44:33.090  4505  4505 I dex2oat : dex2oat took 137.901ms (threads: 8) arena alloc=0B (0B) java alloc=27KB (28240B) native alloc=532KB (545624B) free=2MB (2600104B)
09-06 23:44:33.093  3565  3565 I PackageManager.DexOptimizer: Running dexopt (dex2oat) on: /system/priv-app/VpnDialogs/VpnDialogs.apk pkg=com.android.vpndialogs isa=arm64 vmSafeMode=false debuggable=false target-filter=verify-at-runtime oatDir = null sharedLibraries=null
09-06 23:44:33.108  4514  4514 I dex2oat : /system/bin/dex2oat --compiler-filter=verify-at-runtime
09-06 23:44:33.169  4514  4514 I dex2oat : dex2oat took 61.327ms (threads: 8) arena alloc=0B (0B) java alloc=27KB (28240B) native alloc=858KB (878672B) free=1189KB (1218480B)
09-06 23:44:33.172  3565  3565 I PackageManager.DexOptimizer: Running dexopt (dex2oat) on: /system/app/Email/Email.apk pkg=com.android.email isa=arm64 vmSafeMode=false debuggable=false target-filter=verify-at-runtime oatDir = null sharedLibraries=null
09-06 23:44:33.188  4523  4523 I dex2oat : /system/bin/dex2oat --compiler-filter=verify-at-runtime
09-06 23:44:33.418  4523  4523 I dex2oat : dex2oat took 230.239ms (threads: 8) arena alloc=0B (0B) java alloc=27KB (28240B) native alloc=637KB (653128B) free=2MB (3016888B)
09-06 23:44:33.420  3565  3565 I PackageManager.DexOptimizer: Running dexopt (dex2oat) on: /system/app/WallpaperBackup/WallpaperBackup.apk pkg=com.android.wallpaperbackup isa=arm64 vmSafeMode=false debuggable=false target-filter=verify-at-runtime oatDir = null sharedLibraries=null
09-06 23:44:33.436  4532  4532 I dex2oat : /system/bin/dex2oat --compiler-filter=verify-at-runtime
09-06 23:44:33.497  4532  4532 I dex2oat : dex2oat took 60.819ms (threads: 8) arena alloc=0B (0B) java alloc=31KB (32216B) native alloc=861KB (881744B) free=1186KB (1215408B)
09-06 23:44:33.499  3565  3565 I PackageManager.DexOptimizer: Running dexopt (dex2oat) on: /system/priv-app/BlockedNumberProvider/BlockedNumberProvider.apk pkg=com.android.providers.blockednumber isa=arm64 vmSafeMode=false debuggable=false target-filter=verify-at-runtime oatDir = null sharedLibraries=null
09-06 23:44:33.515  4541  4541 I dex2oat : /system/bin/dex2oat --compiler-filter=verify-at-runtime
09-06 23:44:33.600  4541  4541 I dex2oat : dex2oat took 85.757ms (threads: 8) arena alloc=0B (0B) java alloc=27KB (28240B) native alloc=1094KB (1120944B) free=1465KB (1500496B)
09-06 23:44:33.603  3565  3565 I PackageManager.DexOptimizer: Running dexopt (dex2oat) on: /system/app/UserDictionaryProvider/UserDictionaryProvider.apk pkg=com.android.providers.userdictionary isa=arm64 vmSafeMode=false debuggable=false target-filter=verify-at-runtime oatDir = null sharedLibraries=null
09-06 23:44:33.619  4550  4550 I dex2oat : /system/bin/dex2oat --compiler-filter=verify-at-runtime
09-06 23:44:33.682  4550  4550 I dex2oat : dex2oat took 63.734ms (threads: 8) arena alloc=0B (0B) java alloc=27KB (28240B) native alloc=886KB (907408B) free=1161KB (1189744B)
09-06 23:44:33.685  3565  3565 I PackageManager.DexOptimizer: Running dexopt (dex2oat) on: /system/priv-app/EmergencyInfo/EmergencyInfo.apk pkg=com.android.emergency isa=arm64 vmSafeMode=false debuggable=false target-filter=verify-at-runtime oatDir = null sharedLibraries=null
09-06 23:44:33.700  4559  4559 I dex2oat : /system/bin/dex2oat --compiler-filter=verify-at-runtime
09-06 23:44:33.804  4559  4559 I dex2oat : dex2oat took 103.856ms (threads: 8) arena alloc=0B (0B) java alloc=31KB (32216B) native alloc=684KB (700464B) free=2MB (2445264B)
09-06 23:44:33.807  3565  3565 I PackageManager.DexOptimizer: Running dexopt (dex2oat) on: /system/app/DeskClock/DeskClock.apk pkg=com.android.deskclock isa=arm64 vmSafeMode=false debuggable=false target-filter=verify-at-runtime oatDir = null sharedLibraries=null
09-06 23:44:33.822  4568  4568 I dex2oat : /system/bin/dex2oat --compiler-filter=verify-at-runtime
09-06 23:44:33.962  4568  4568 I dex2oat : dex2oat took 140.366ms (threads: 8) arena alloc=0B (0B) java alloc=27KB (28240B) native alloc=438KB (449320B) free=2MB (2696408B)
09-06 23:44:33.965  3565  3565 I PackageManager.DexOptimizer: Running dexopt (dex2oat) on: /system/app/Exchange2/Exchange2.apk pkg=com.android.exchange isa=arm64 vmSafeMode=false debuggable=false target-filter=verify-at-runtime oatDir = null sharedLibraries=null
09-06 23:44:33.981  4577  4577 I dex2oat : /system/bin/dex2oat --compiler-filter=verify-at-runtime
09-06 23:44:34.165  4577  4577 I dex2oat : dex2oat took 184.454ms (threads: 8) arena alloc=0B (0B) java alloc=27KB (28240B) native alloc=587KB (601592B) free=2MB (2544136B)
09-06 23:44:34.168  3565  3565 I PackageManager.DexOptimizer: Running dexopt (dex2oat) on: /system/app/BluetoothMidiService/BluetoothMidiService.apk pkg=com.android.bluetoothmidiservice isa=arm64 vmSafeMode=false debuggable=false target-filter=verify-at-runtime oatDir = null sharedLibraries=null
09-06 23:44:34.183  4586  4586 I dex2oat : /system/bin/dex2oat --compiler-filter=verify-at-runtime
09-06 23:44:34.245  4586  4586 I dex2oat : dex2oat took 61.720ms (threads: 8) arena alloc=0B (0B) java alloc=31KB (32208B) native alloc=858KB (878928B) free=1189KB (1218224B)
09-06 23:44:34.247  3565  3565 I PackageManager.DexOptimizer: Running dexopt (dex2oat) on: /system/app/Bluetooth/Bluetooth.apk pkg=com.android.bluetooth isa=arm vmSafeMode=false debuggable=false target-filter=verify-at-runtime oatDir = null sharedLibraries=/system/framework/javax.obex.jar
09-06 23:44:34.263  4595  4595 I dex2oat : /system/bin/dex2oat --compiler-filter=verify-at-runtime
09-06 23:44:34.559  4595  4595 I dex2oat : dex2oat took 296.215ms (threads: 8) arena alloc=0B (0B) java alloc=31KB (32240B) native alloc=694KB (711368B) free=2MB (2958648B)
09-06 23:44:34.562  3565  3565 I PackageManager.DexOptimizer: Running dexopt (dex2oat) on: /system/app/Development/Development.apk pkg=com.android.development isa=arm64 vmSafeMode=false debuggable=false target-filter=verify-at-runtime oatDir = null sharedLibraries=/system/framework/android.test.runner.jar
09-06 23:44:34.578  4604  4604 I dex2oat : /system/bin/dex2oat --compiler-filter=verify-at-runtime
09-06 23:44:34.646  4604  4604 I dex2oat : dex2oat took 69.121ms (threads: 8) arena alloc=0B (0B) java alloc=31KB (32192B) native alloc=1072KB (1098032B) free=1487KB (1523408B)
09-06 23:44:34.649  3565  3565 I PackageManager.DexOptimizer: Running dexopt (dex2oat) on: /system/app/WallpaperPicker/WallpaperPicker.apk pkg=com.android.wallpaperpicker isa=arm64 vmSafeMode=false debuggable=false target-filter=verify-at-runtime oatDir = null sharedLibraries=null
09-06 23:44:34.665  4613  4613 I dex2oat : /system/bin/dex2oat --compiler-filter=verify-at-runtime
09-06 23:44:34.731  4613  4613 I dex2oat : dex2oat took 66.938ms (threads: 8) arena alloc=0B (0B) java alloc=31KB (32216B) native alloc=1073KB (1099632B) free=1486KB (1521808B)
09-06 23:44:34.734  3565  3565 I PackageManager.DexOptimizer: Running dexopt (dex2oat) on: /system/priv-app/ContactsProvider/ContactsProvider.apk pkg=com.android.providers.contacts isa=arm64 vmSafeMode=false debuggable=false target-filter=verify-at-runtime oatDir = null sharedLibraries=null
09-06 23:44:34.749  4622  4622 I dex2oat : /system/bin/dex2oat --compiler-filter=verify-at-runtime
09-06 23:44:34.848  4622  4622 I dex2oat : dex2oat took 99.275ms (threads: 8) arena alloc=0B (0B) java alloc=31KB (32216B) native alloc=1133KB (1160496B) free=1938KB (1985232B)
09-06 23:44:34.851  3565  3565 I PackageManager.DexOptimizer: Running dexopt (dex2oat) on: /system/app/CaptivePortalLogin/CaptivePortalLogin.apk pkg=com.android.captiveportallogin isa=arm64 vmSafeMode=false debuggable=false target-filter=verify-at-runtime oatDir = null sharedLibraries=null
09-06 23:44:34.866  4631  4631 I dex2oat : /system/bin/dex2oat --compiler-filter=verify-at-runtime
09-06 23:44:34.928  4631  4631 I dex2oat : dex2oat took 62.550ms (threads: 8) arena alloc=0B (0B) java alloc=31KB (32208B) native alloc=858KB (878672B) free=1189KB (1218480B)
09-06 23:44:34.931  3565  3565 I PackageManager.DexOptimizer: Running dexopt (dex2oat) on: /system/priv-app/WeatherProvider/WeatherProvider.apk pkg=org.cyanogenmod.weather.provider isa=arm64 vmSafeMode=false debuggable=false target-filter=verify-at-runtime oatDir = null sharedLibraries=null
09-06 23:44:34.946  4640  4640 I dex2oat : /system/bin/dex2oat --compiler-filter=verify-at-runtime
09-06 23:44:35.011  4640  4640 I dex2oat : dex2oat took 65.236ms (threads: 8) arena alloc=0B (0B) java alloc=31KB (32216B) native alloc=1070KB (1095760B) free=1489KB (1525680B)
09-06 23:44:35.015  3565  3565 W PackageManager: No disk maintenance in 1504741475015; running immediately
09-06 23:44:35.015  3565  3565 I SystemServer: StartLockSettingsService
09-06 23:44:35.015  3565  4003 I MountService: Running fstrim idle maintenance
09-06 23:44:35.015  3565  3565 I SystemServiceManager: Starting com.android.server.LockSettingsService$Lifecycle
09-06 23:44:35.015  3565  4003 D VoldConnector: SND -> {3 fstrim dotrim}
09-06 23:44:35.017  3565  4004 D VoldConnector: RCV <- {200 3 Command succeeded}
09-06 23:44:35.017  3068  4649 D vold    : Starting trim of /cache
09-06 23:44:35.029  3565  3565 I SystemServiceManager: Starting com.android.server.DeviceIdleController
09-06 23:44:35.032  3565  3565 I SystemServiceManager: Starting com.android.server.devicepolicy.DevicePolicyManagerService$Lifecycle
09-06 23:44:35.037  3565  3565 I SystemServer: StartStatusBarManagerService
09-06 23:44:35.038  3565  3565 I SystemServer: StartClipboardService
09-06 23:44:35.040  3565  3565 I SystemServer: StartNetworkManagementService
09-06 23:44:35.042  3565  4650 I NetworkManagement: onDaemonConnected()
09-06 23:44:35.044  3565  3565 I SystemServiceManager: Starting com.android.server.TextServicesManagerService$Lifecycle
09-06 23:44:35.051  3565  3565 I SystemServer: StartNetworkScoreService
09-06 23:44:35.052  3068  4649 I vold    : Trimmed 507375616 bytes on /cache in 35ms
09-06 23:44:35.052  3068  4649 D vold    : Starting trim of /data
09-06 23:44:35.052  3565  4004 D VoldConnector: RCV <- {662 /cache 507375616 35021615}
09-06 23:44:35.053  3565  3565 I SystemServer: StartNetworkStatsService
09-06 23:44:35.057  3565  3565 I SystemServer: StartNetworkPolicyManagerService
09-06 23:44:35.060  3565  3565 I SystemServer: No Wi-Fi NAN Service (NAN support Not Present)
09-06 23:44:35.061  3565  3565 I SystemServiceManager: Starting com.android.server.wifi.p2p.WifiP2pService
09-06 23:44:35.089  3565  3565 I WifiP2pService: Registering wifip2p
09-06 23:44:35.090  3565  3565 I SystemServiceManager: Starting com.android.server.wifi.WifiService
09-06 23:44:35.142  3565  3565 D WifiStateMachine: fst disabled
09-06 23:44:35.150  3565  3565 D HS20    : Passpoint is enabled, false
09-06 23:44:35.179  3176  3507 D CommandListener: Clearing all IP addresses on wlan0
09-06 23:44:35.379  3565  3565 E WifiLogger: no ring buffers found
09-06 23:44:35.380  3565  3565 E WifiLogger: Failed to start packet fate monitoring
09-06 23:44:35.380  3565  4656 D WifiApConfigStore: 2G band allowed channels are:1,6,11
09-06 23:44:35.384  3565  4656 E WifiApConfigStore: Error reading hotspot configuration java.io.FileNotFoundException: /data/misc/wifi/softap.conf (No such file or directory)
09-06 23:44:35.384  3565  4656 D WifiApConfigStore: Fallback to use default AP configuration
09-06 23:44:35.387  3565  3565 D WifiController: isAirplaneModeOn = false, isWifiEnabled = true, isScanningAvailable = false
09-06 23:44:35.392  3565  3565 E WifiService: ensureConcurrencyFile template file doesnt existjava.io.FileNotFoundException: /etc/wifi/wifi_concurrency_cfg.txt (No such file or directory)
09-06 23:44:35.392  3565  3565 I WifiService: Registering wifi
09-06 23:44:35.393  3565  3565 I SystemServiceManager: Starting com.android.server.wifi.scanner.WifiScanningService
09-06 23:44:35.393  3565  3565 I WifiScanningService: Creating wifiscanner
09-06 23:44:35.396  3565  3565 I WifiScanningService: Publishing wifiscanner
09-06 23:44:35.396  3565  3565 I SystemServiceManager: Starting com.android.server.wifi.RttService
09-06 23:44:35.397  3565  3565 I RttService: Creating rttmanager
09-06 23:44:35.397  3565  3565 I RttService: Starting rttmanager
09-06 23:44:35.398  3565  3565 I SystemServiceManager: Starting com.android.server.ethernet.EthernetService
09-06 23:44:35.398  3565  3565 I EthernetServiceImpl: Creating EthernetConfigStore
09-06 23:44:35.399  3565  3565 E IpConfigStore: Error parsing configuration: java.io.FileNotFoundException: /data/misc/ethernet/ipconfig.txt (No such file or directory)
09-06 23:44:35.399  3565  3565 W EthernetConfigStore: No Ethernet configuration found. Using default.
09-06 23:44:35.399  3565  3565 I EthernetServiceImpl: Read stored IP configuration: IP assignment: DHCP
09-06 23:44:35.399  3565  3565 I EthernetServiceImpl: Proxy settings: NONE
09-06 23:44:35.399  3565  3565 I EthernetService: Registering service ethernet
09-06 23:44:35.400  3565  3565 I SystemServer: StartConnectivityService
09-06 23:44:35.411  3565  3565 D ConnectivityService: ConnectivityService starting up
09-06 23:44:35.417  3565  3565 D ConnectivityService: wifiOnly=false
09-06 23:44:35.434  3565  3565 I SystemServer: StartNsdService
09-06 23:44:35.437  3565  3565 I SystemServer: StartUpdateLockService
09-06 23:44:35.439  3565  3565 I SystemServiceManager: Starting com.android.server.RecoverySystemService
09-06 23:44:35.440  3565  3565 I SystemServiceManager: Starting com.android.server.notification.NotificationManagerService
09-06 23:44:35.453  3565  3565 D ConditionProviders.SCP: new ScheduleConditionProvider()
09-06 23:44:35.482  3565  3565 D ZenLog  : set_zen_mode: off,init
09-06 23:44:35.497  3565  3565 I SystemServiceManager: Starting com.android.server.storage.DeviceStorageMonitorService
09-06 23:44:35.499  3565  3565 I SystemServer: StartLocationManagerService
09-06 23:44:35.501  3565  3565 I SystemServer: StartCountryDetectorService
09-06 23:44:35.502  3565  3565 I SystemServer: StartSearchManagerService
09-06 23:44:35.502  3565  3565 I SystemServiceManager: Starting com.android.server.search.SearchManagerService$Lifecycle
09-06 23:44:35.505  3565  3565 I SystemServiceManager: Starting com.android.server.DropBoxManagerService
09-06 23:44:35.506  3565  3565 I SystemServer: StartWallpaperManagerService
09-06 23:44:35.506  3565  3565 I SystemServiceManager: Starting com.android.server.wallpaper.WallpaperManagerService$Lifecycle
09-06 23:44:35.509  3565  3565 E BitmapFactory: Unable to decode stream: java.io.FileNotFoundException: /data/system/users/0/wallpaper_orig (No such file or directory)
09-06 23:44:35.509  3565  3565 E WallpaperManagerService: Invalid wallpaper data
09-06 23:44:35.509  3565  3565 E WallpaperManagerService: Unable to apply new wallpaper
09-06 23:44:35.509  3565  3565 W WallpaperManagerService: no current wallpaper -- first boot?
09-06 23:44:35.510  3565  3565 I SystemServer: StartAudioService
09-06 23:44:35.510  3565  3565 I SystemServiceManager: Starting com.android.server.audio.AudioService$Lifecycle
09-06 23:44:35.514  3167  3367 D PermissionCache: checking android.permission.MODIFY_AUDIO_SETTINGS for uid=1000 => granted (524 us)
09-06 23:44:35.516  3565  3565 W TelecomManager: Telecom Service not found.
09-06 23:44:35.520  3167  3357 W AudioFlinger: no wake lock to update, system not ready yet
09-06 23:44:35.521  3167  3360 W AudioFlinger: no wake lock to update, system not ready yet
09-06 23:44:35.558  3565  3565 I SystemServiceManager: Starting com.android.server.DockObserver
09-06 23:44:35.560  3565  3565 I SystemServer: StartWiredAccessoryManager
09-06 23:44:35.560  3565  3565 W WiredAccessoryManager: This kernel does not have usb audio support
09-06 23:44:35.561  3565  3565 I SystemServiceManager: Starting com.android.server.usb.UsbService$Lifecycle
09-06 23:44:35.565  3565  3565 E UsbDeviceManager: failed to write to /sys/class/android_usb/android0/f_rndis/ethaddr
09-06 23:44:35.575     1     1 I init    : type=1400 audit(0.0:125): avc: denied { write } for name="UDC" dev="configfs" ino=31435 scontext=u:r:init:s0 tcontext=u:object_r:configfs:s0 tclass=file permissive=1
09-06 23:44:35.582  3565  3565 I UsbDeviceManager: Setting USB config to adb
09-06 23:44:36.635     1     1 I init    : type=1400 audit(0.0:126): avc: denied { write } for name="UDC" dev="configfs" ino=31441 scontext=u:r:init:s0 tcontext=u:object_r:configfs:s0 tclass=file permissive=1
09-06 23:44:36.637  3565  3565 E UsbDeviceManager: waitForState(adb) FAILED: got none
09-06 23:44:36.637  3565  3565 E UsbDeviceManager: Failed to switch USB config to adb
09-06 23:44:36.637  3565  3565 E UsbDeviceManager: Failsafe 1: Restoring previous USB functions.
09-06 23:44:36.637  3565  3565 I UsbDeviceManager: Setting USB config to mtp,adb
09-06 23:44:36.694  3565  3565 I SystemServer: StartSerialService
09-06 23:44:36.695  3565  3565 E HardwarePropertiesManagerService-JNI: Couldn't load thermal module (No such file or directory)
09-06 23:44:36.696  3565  3565 I SystemServiceManager: Starting com.android.server.twilight.TwilightService
09-06 23:44:36.697  3565  3565 I SystemServiceManager: Starting com.android.server.job.JobSchedulerService
09-06 23:44:36.701  3565  3565 I SystemServiceManager: Starting com.android.server.soundtrigger.SoundTriggerService
09-06 23:44:36.703  3565  3565 I SystemServiceManager: Starting com.android.server.backup.BackupManagerService$Lifecycle
09-06 23:44:36.705  3565  3565 I SystemServiceManager: Starting com.android.server.appwidget.AppWidgetService
09-06 23:44:36.712  3565  3565 I SystemServiceManager: Starting com.android.server.voiceinteraction.VoiceInteractionManagerService
09-06 23:44:36.714  3565  3565 I SystemServer: Gesture Launcher Service
09-06 23:44:36.714  3565  3565 I SystemServiceManager: Starting com.android.server.GestureLauncherService
09-06 23:44:36.715  3565  3565 I SystemServiceManager: Starting com.android.server.SensorNotificationService
09-06 23:44:36.715  3565  3565 I SystemServiceManager: Starting com.android.server.ContextHubSystemService
09-06 23:44:36.716  3565  3565 E ContextHubService: ** Could not load context_hub module : err No such file or directory
09-06 23:44:36.716  3565  3565 W ContextHubService: No Context Hub Module present
09-06 23:44:36.716  3565  3565 I SystemServer: StartDiskStatsService
09-06 23:44:36.717  3565  3565 I SystemServer: StartSamplingProfilerService
09-06 23:44:36.743  3565  3565 I SystemServer: StartNetworkTimeUpdateService
09-06 23:44:36.744  3565  3565 I SystemServer: StartCommonTimeManagementService
09-06 23:44:36.745  3565  3565 I SystemServer: CertBlacklister
09-06 23:44:36.746  3565  3565 I SystemServiceManager: Starting com.android.server.emergency.EmergencyAffordanceService
09-06 23:44:36.747  3565  3565 I SystemServiceManager: Starting com.android.server.dreams.DreamManagerService
09-06 23:44:36.748  3565  3565 I SystemServer: StartAssetAtlasService
09-06 23:44:36.754  3565  4680 D AssetAtlas: Computing best atlas configuration...
09-06 23:44:36.755  3565  4682 D AssetAtlas: Running Atlas Worker #2
09-06 23:44:36.755  3565  4683 D AssetAtlas: Running Atlas Worker #3
09-06 23:44:36.755  3565  4681 D AssetAtlas: Running Atlas Worker #1
09-06 23:44:36.755  3565  4684 D AssetAtlas: Running Atlas Worker #4
09-06 23:44:36.755  3565  4685 D AssetAtlas: Running Atlas Worker #5
09-06 23:44:36.756  3565  3565 I SystemServiceManager: Starting com.android.server.print.PrintManagerService
09-06 23:44:36.757  3565  4688 D AssetAtlas: Running Atlas Worker #8
09-06 23:44:36.759  3565  3565 I SystemServiceManager: Starting com.android.server.restrictions.RestrictionsManagerService
09-06 23:44:36.761  3565  4687 D AssetAtlas: Running Atlas Worker #7
09-06 23:44:36.762  3565  4686 D AssetAtlas: Running Atlas Worker #6
09-06 23:44:36.772  3565  3565 I SystemServiceManager: Starting com.android.server.media.MediaSessionService
09-06 23:44:36.776  3565  3565 I SystemServer: StartMediaRouterService
09-06 23:44:36.777  3565  3565 I SystemServiceManager: Starting com.android.server.trust.TrustManagerService
09-06 23:44:36.778  3565  3565 I SystemServiceManager: Starting com.android.server.fingerprint.FingerprintService
09-06 23:44:36.782  3177  3177 D PermissionCache: checking android.permission.MANAGE_FINGERPRINT for uid=1000 => granted (780 us)
09-06 23:44:36.783  3177  3177 V fingerprintd: nativeOpenHal()
09-06 23:44:36.797  3177  3177 D bauth_service: BAuthService, 155
09-06 23:44:36.797  3177  3177 D bauth_service: BAuthService, 54
09-06 23:44:36.797  3177  3177 D bauth_service: BAuthService, 85
09-06 23:44:36.797  3177  3177 D bauth_service: BAuthService, 197
09-06 23:44:36.798  3177  3177 D bauth_FPBAuthService: FPBAuthService, 8045
09-06 23:44:36.798  3177  3177 D bauth_FPBAuthService: 5, 7
09-06 23:44:36.798  3177  3177 D bauth_FPBAuthService: w1, s0
09-06 23:44:36.798  3177  3177 D bauth_FPBAuthSensorControl: FPBAuthSensorControl, 59
09-06 23:44:36.798  3177  3177 D bauth_FPBAuthService: FPBAuthService, 248
09-06 23:44:36.798  3177  3177 D bauth_FPBAuthService: FPBAuthService, 7971
09-06 23:44:36.798  3177  3177 D bauth_FPBAuthService: -1, 3
09-06 23:44:36.798  3177  3177 D bauth_FPBAuthService: FPBAuthService, 649
09-06 23:44:36.798  3177  3177 D bauth_FPBAuthSensorControl: FPBAuthSensorControl, 304
09-06 23:44:36.798  3177  3177 D bauth_FPBAuthService: FPBAuthService, 666
09-06 23:44:36.798  3177  3177 D bauth_FPBAuthService: FPBAuthService, 7879
09-06 23:44:36.798  3177  3177 I TLC_BAUTH: FUNC ID 0x1 is completed;437
09-06 23:44:36.798  3177  3177 I TLC_BAUTH: Call FUNC ID 0x3 , 5;477
09-06 23:44:36.798  3177  3177 I tlc_communication: tlc_open() called;82
09-06 23:44:36.798  3177  3177 I tlc_communication: Opening MobiCore device;86
09-06 23:44:36.799  3137  3193 E TeeMcDaemon: Insufficient data arrived [hardware/samsung_slsi/exynos8895/mobicore_kinibi400/Daemon/src/RegistryServer.cpp:404]
09-06 23:44:36.799  3177  3177 E McClient:   *****************************
09-06 23:44:36.799  3177  3177 E McClient:   *** ERROR: reading from Daemon failed
09-06 23:44:36.799  3177  3177 E McClient:   *** Detected in getDaemonVersion/1472()
09-06 23:44:36.799  3177  3177 E McClient:   *****************************
09-06 23:44:36.799  3177  3177 E tlc_communication:   *****************************
09-06 23:44:36.799  3177  3177 E tlc_communication:   *** ERROR: Opening MobiCore device is failed : 15
09-06 23:44:36.799  3177  3177 E tlc_communication:   *** Detected in tlc_open/94()
09-06 23:44:36.799  3177  3177 E tlc_communication:   *****************************
09-06 23:44:36.799  3177  3177 E TLC_BAUTH:   *****************************
09-06 23:44:36.799  3177  3177 E TLC_BAUTH:   *** ERROR: Open Trustlet Session is failed!!!
09-06 23:44:36.799  3177  3177 E TLC_BAUTH:   *** Detected in BAuth_SessionOpen/531()
09-06 23:44:36.799  3177  3177 E TLC_BAUTH:   *****************************
09-06 23:44:36.799  3177  3177 I tlc_communication: tlc_close() called;149
09-06 23:44:36.799  3177  3177 I tlc_communication: Closing the session;153
09-06 23:44:36.799  3177  3177 E McClient:   *****************************
09-06 23:44:36.799  3177  3177 E McClient:   *** ERROR: Device has not been found
09-06 23:44:36.799  3177  3177 E McClient:   *** Detected in mcCloseSession/906()
09-06 23:44:36.799  3177  3177 E McClient:   *****************************
09-06 23:44:36.799  3177  3177 E tlc_communication:   *****************************
09-06 23:44:36.799  3177  3177 E tlc_communication:   *** ERROR: Closing the Driver session is failed : 7
09-06 23:44:36.799  3177  3177 E tlc_communication:   *** Detected in tlc_close/157()
09-06 23:44:36.799  3177  3177 E tlc_communication:   *****************************
09-06 23:44:36.799  3177  3177 E McClient:   *****************************
09-06 23:44:36.799  3177  3177 E McClient:   *** ERROR: Device has not been found
09-06 23:44:36.799  3177  3177 E McClient:   *** Detected in mcCloseSession/906()
09-06 23:44:36.799  3177  3177 E McClient:   *****************************
09-06 23:44:36.799  3177  3177 E tlc_communication:   *****************************
09-06 23:44:36.799  3177  3177 E tlc_communication:   *** ERROR: Closing the Trustlet session is failed : 7
09-06 23:44:36.799  3177  3177 E tlc_communication:   *** Detected in tlc_close/164()
09-06 23:44:36.799  3177  3177 E tlc_communication:   *****************************
09-06 23:44:36.799  3177  3177 I tlc_communication: Free WSM;171
09-06 23:44:36.800  3177  3177 E McClient:   *****************************
09-06 23:44:36.800  3177  3177 E McClient:   *** ERROR: Device has not been found
09-06 23:44:36.800  3177  3177 E McClient:   *** Detected in mcFreeWsm/1143()
09-06 23:44:36.800  3177  3177 E McClient:   *****************************
09-06 23:44:36.800  3177  3177 E tlc_communication:   *****************************
09-06 23:44:36.800  3177  3177 E tlc_communication:   *** ERROR: Free WSM for Trustlet is failed : 7
09-06 23:44:36.800  3177  3177 E tlc_communication:   *** Detected in tlc_close/175()
09-06 23:44:36.800  3177  3177 E tlc_communication:   *****************************
09-06 23:44:36.800  3177  3177 E McClient:   *****************************
09-06 23:44:36.800  3177  3177 E McClient:   *** ERROR: Device has not been found
09-06 23:44:36.800  3177  3177 E McClient:   *** Detected in mcFreeWsm/1143()
09-06 23:44:36.800  3177  3177 E McClient:   *****************************
09-06 23:44:36.800  3177  3177 E tlc_communication:   *****************************
09-06 23:44:36.800  3177  3177 E tlc_communication:   *** ERROR: Free WSM for Driver is failed : 7
09-06 23:44:36.800  3177  3177 E tlc_communication:   *** Detected in tlc_close/182()
