09-13 22:38:05.515  3581  3581 I InputMethodManagerService: Default found, using com.android.inputmethod.latin/.LatinIME
09-13 22:38:05.517  3581  3581 I SystemServer: StartAccessibilityManagerService
09-13 22:38:05.520  3581  4022 D EventHub: No input device configuration file found for device 'proximity_sensor'.
09-13 22:38:05.525  3581  3581 I ActivityManager: Config changes=1df8 {1.0 ?mcc?mnc [en_US] ldltr sw411dp w411dp h845dp 560dpi nrml long port ?uimode ?night -touch -keyb/h/h -nav/h s.2}
09-13 22:38:05.527  3581  3671 I UsageStatsDatabase: Upgrading from version 0 to 3
09-13 22:38:05.527  3581  3671 I UsageStatsDatabase: Deleting all usage stats files
09-13 22:38:05.530  3581  3671 I UsageStatsService: User[0] Rollover scheduled @ 2017-09-14 22:38:05(1505428685525)
09-13 22:38:05.531  3581  3671 D UsageStatsService: Initializing defaults for system apps on user 0
09-13 22:38:05.549  3581  3671 E AppIdleHistory: Unable to read app idle file for user 0
09-13 22:38:05.549  3581  3679 I ActivityManager: Config changes=400 {1.0 ?mcc?mnc [en_US] ldltr sw411dp w411dp h773dp 560dpi nrml long port ?uimode ?night -touch -keyb/h/h -nav/h s.3}
09-13 22:38:05.552  3581  4022 D EventHub: No input device configuration file found for device 'light_ir_sensor'.
09-13 22:38:05.555  3581  3679 W LocalDisplayAdapter: Unable to find color mode 0, ignoring request.
09-13 22:38:05.557  3179  3179 D wrapperGPS: wrapperCloseClient_RILD
09-13 22:38:05.557  3179  3179 D gpsd    : WakeLock(Acquire,GPSD)
09-13 22:38:05.557  3179  3179 D gpsd    : WakeLock(Release,GPSD)
09-13 22:38:05.557  3179  3179 D gpsd    : WakeLock(Acquire,GPSD)
09-13 22:38:05.557  3179  3179 D gpsd    : WakeLock(Release,GPSD)
09-13 22:38:05.563  3581  3581 W LocalDisplayAdapter: Unable to find color mode 0, ignoring request.
09-13 22:38:05.564  3581  3581 I SystemServiceManager: Starting com.android.server.MountService$Lifecycle
09-13 22:38:05.572  3581  4024 D MountService: Thinking about init, mSystemReady=false, mDaemonConnected=true
09-13 22:38:05.572  3581  4024 D MountService: Thinking about reset, mSystemReady=false, mDaemonConnected=true
09-13 22:38:05.572  3581  3581 I SystemServiceManager: Starting com.android.server.UiModeManagerService
09-13 22:38:05.573  3581  4024 D MountService: Thinking about init, mSystemReady=false, mDaemonConnected=true
09-13 22:38:05.573  3581  4024 D MountService: Thinking about reset, mSystemReady=false, mDaemonConnected=true
09-13 22:38:05.573  3581  4024 D CryptdConnector: SND -> {1 cryptfs getfield SystemLocale}
09-13 22:38:05.574  3581  3581 I ActivityManager: Config changes=200 {1.0 ?mcc?mnc [en_US] ldltr sw411dp w411dp h773dp 560dpi nrml long port -touch -keyb/h/h -nav/h s.4}
09-13 22:38:05.574  3581  4026 D CryptdConnector: RCV <- {200 1 -1}
09-13 22:38:05.577  3581  4024 W MountService: No primary storage mounted!
09-13 22:38:05.577  3581  4024 D VoldConnector: SND -> {1 asec list}
09-13 22:38:05.578  3581  4025 D VoldConnector: RCV <- {200 1 asec operation succeeded}
09-13 22:38:05.579  3581  4024 I PackageManager: No secure containers found
09-13 22:38:05.581  3581  4024 W PackageManager: Unknown permission com.google.android.googleapps.permission.GOOGLE_AUTH in package com.android.providers.calendar
09-13 22:38:05.581  3581  4024 W PackageManager: Unknown permission com.google.android.googleapps.permission.GOOGLE_AUTH.cl in package com.android.providers.calendar
09-13 22:38:05.585  3581  4024 W PackageManager: Unknown permission cyanogenmod.permission.LEGALESE in package com.cyanogenmod.setupwizard
09-13 22:38:05.587  3581  4024 W PackageManager: Unknown permission com.android.gallery3d.permission.STORAGE_CHANGE in package com.android.camera2
09-13 22:38:05.588  3581  4024 W PackageManager: Unknown permission android.permission.NFC_UNLOCK in package com.android.nfc
09-13 22:38:05.590  3581  4024 W PackageManager: Unknown permission com.google.android.googleapps.permission.GOOGLE_AUTH.mail in package com.android.calendar
09-13 22:38:05.591  3581  4024 W PackageManager: Unknown permission com.android.launcher.permission.READ_SETTINGS in package com.android.onetimeinitializer
09-13 22:38:05.591  3581  4024 W PackageManager: Unknown permission com.android.launcher.permission.WRITE_SETTINGS in package com.android.onetimeinitializer
09-13 22:38:05.594  3581  4024 W PackageManager: Unknown permission com.android.launcher.permission.READ_SETTINGS in package com.cyanogenmod.trebuchet
09-13 22:38:05.595  3581  4024 W PackageManager: Unknown permission com.android.launcher.permission.WRITE_SETTINGS in package com.cyanogenmod.trebuchet
09-13 22:38:05.596  3581  4024 W PackageManager: Unknown permission com.google.android.permission.INSTALL_WEARABLE_PACKAGES in package com.android.packageinstaller
09-13 22:38:05.596  3581  4022 D EventHub: No input device configuration file found for device 'light_sensor'.
09-13 22:38:05.596  3581  4024 W PackageManager: Not granting permission android.permission.DELETE_PACKAGES to package com.svox.pico (protectionLevel=18 flags=0x3888be45)
09-13 22:38:05.598  3581  4024 W PackageManager: Unknown permission com.google.android.gallery3d.permission.PICASA_STORE in package com.android.dreams.phototable
09-13 22:38:05.599  3581  4024 W PackageManager: Unknown permission com.google.android.googleapps.permission.GOOGLE_AUTH in package com.android.settings
09-13 22:38:05.600  3581  4024 W PackageManager: Unknown permission com.android.launcher.permission.READ_SETTINGS in package com.android.settings
09-13 22:38:05.600  3581  4024 W PackageManager: Unknown permission com.android.launcher.permission.WRITE_SETTINGS in package com.android.settings
09-13 22:38:05.611  3581  4024 W PackageManager: Not granting permission android.permission.MANAGE_DOCUMENTS to package com.android.deskclock (protectionLevel=2 flags=0x3cc9be45)
09-13 22:38:05.611  3581  4024 W PackageManager: Unknown permission com.android.deskclock.worldclock.permissions.WRITE_DATABASE in package com.android.deskclock
09-13 22:38:05.611  3581  4024 W PackageManager: Unknown permission org.codeaurora.permission.POWER_ON_ALERT in package com.android.deskclock
09-13 22:38:05.611  3581  4024 W PackageManager: Not granting permission android.permission.WRITE_SECURE_SETTINGS to package com.android.deskclock (protectionLevel=50 flags=0x3cc9be45)
09-13 22:38:05.616  3581  4024 W PackageManager: Unknown permission com.cyanogenmod.lockclock.permission.READ_WEATHER in package com.android.systemui
09-13 22:38:05.618  3581  4024 W PackageManager: Unknown permission com.google.android.gallery3d.permission.GALLERY_PROVIDER in package com.android.bluetooth
09-13 22:38:05.619  3581  4024 W PackageManager: Unknown permission com.google.android.googleapps.permission.ACCESS_GOOGLE_PASSWORD in package com.android.development
09-13 22:38:05.619  3581  4024 W PackageManager: Unknown permission com.google.android.googleapps.permission.GOOGLE_AUTH in package com.android.development
09-13 22:38:05.620  3581  4024 W PackageManager: Unknown permission com.google.android.googleapps.permission.GOOGLE_AUTH.ALL_SERVICES in package com.android.development
09-13 22:38:05.620  3581  4024 W PackageManager: Unknown permission com.google.android.googleapps.permission.GOOGLE_AUTH.YouTubeUser in package com.android.development
09-13 22:38:05.648  3581  4022 D EventHub: No input device configuration file found for device 'hrm_sensor'.
09-13 22:38:05.692  3581  4022 D EventHub: No input device configuration file found for device 'grip_sensor'.
09-13 22:38:05.720  3581  4022 E EventHub: could not get driver version for /dev/input/mice, Not a typewriter
09-13 22:38:05.782  3581  4022 I InputReader: Device added: id=-1, name='Virtual', sources=0x00000301
09-13 22:38:05.782  3581  4022 W InputReader: Invalid value for touch.size.calibration: 'normalized'
09-13 22:38:05.783  3581  4022 I InputReader:   Touch device 'sec_touchscreen' could not query the properties of its associated display.  The device will be inoperable until the display size becomes available.
09-13 22:38:05.783  3581  4022 I InputReader: Device added: id=5, name='sec_touchscreen', sources=0x00001103
09-13 22:38:05.783  3581  4022 I InputReader:   Touch device 'sec_touchpad' could not query the properties of its associated display.  The device will be inoperable until the display size becomes available.
09-13 22:38:05.783  3581  4022 I InputReader: Device added: id=4, name='sec_touchpad', sources=0x00002103
09-13 22:38:05.783  3581  4022 I InputReader: Device added: id=3, name='gpio_keys', sources=0x00000101
09-13 22:38:05.783  3581  4022 I InputReader: Device added: id=2, name='Headset', sources=0x00000101
09-13 22:38:05.783  3581  4022 I InputReader: Reconfiguring input devices.  changes=0x00000004
09-13 22:38:05.789  3581  4022 I InputReader: Device reconfigured: id=4, name='sec_touchpad', size 1440x2960, orientation 0, mode 4, display id 0
09-13 22:38:05.789  3581  4022 I InputReader: Device reconfigured: id=5, name='sec_touchscreen', size 1440x2960, orientation 0, mode 1, display id 0
09-13 22:38:05.790  3581  4021 I ActivityManager: Config changes=8 {1.0 ?mcc?mnc [en_US] ldltr sw411dp w411dp h773dp 560dpi nrml long port finger -keyb/h/h -nav/h s.5}
09-13 22:38:05.912  3581  3581 W art     : Long monitor contention with owner MountService (4024) at void com.android.server.pm.PackageManagerService.loadMediaPackages(android.util.ArrayMap, int[], boolean)(PackageManagerService.java:19557) waiters=0 in void com.android.server.pm.PackageManagerService.updatePackagesIfNeeded() for 332ms
09-13 22:38:05.935  3581  3671 W art     : Long monitor contention with owner MountService (4024) at void com.android.server.pm.PackageManagerService.loadMediaPackages(android.util.ArrayMap, int[], boolean)(PackageManagerService.java:19557) waiters=1 in void com.android.server.pm.Settings$RuntimePermissionPersistence.writePermissionsSync(int) for 340ms
09-13 22:38:05.935  3581  4024 W MountService: No primary storage defined yet; hacking together a stub
09-13 22:38:05.937  3581  4024 W MountService: No primary storage defined yet; hacking together a stub
09-13 22:38:05.937  3581  4024 W MountService: No primary storage mounted!
09-13 22:38:05.938  3581  4024 D VoldConnector: SND -> {2 asec list}
09-13 22:38:05.939  3581  4025 D VoldConnector: RCV <- {200 2 asec operation succeeded}
09-13 22:38:05.945  3581  3581 I PackageManager.DexOptimizer: Running dexopt (dex2oat) on: /system/app/RootPA/RootPA.apk pkg=com.gd.mobicore.pa isa=arm64 vmSafeMode=false debuggable=false target-filter=verify-at-runtime oatDir = null sharedLibraries=null
09-13 22:38:05.962  4027  4027 I dex2oat : /system/bin/dex2oat --compiler-filter=verify-at-runtime
09-13 22:38:06.034  4027  4027 I dex2oat : dex2oat took 72.089ms (threads: 8) arena alloc=0B (0B) java alloc=27KB (28240B) native alloc=1090KB (1116688B) free=1469KB (1504752B)
09-13 22:38:06.036  3581  3581 I PackageManager.DexOptimizer: Running dexopt (dex2oat) on: /system/priv-app/CalendarProvider/CalendarProvider.apk pkg=com.android.providers.calendar isa=arm64 vmSafeMode=false debuggable=false target-filter=verify-at-runtime oatDir = null sharedLibraries=/system/framework/android.test.runner.jar
09-13 22:38:06.052  4036  4036 I dex2oat : /system/bin/dex2oat --compiler-filter=verify-at-runtime
09-13 22:38:06.154  4036  4036 I dex2oat : dex2oat took 102.914ms (threads: 8) arena alloc=0B (0B) java alloc=35KB (36168B) native alloc=1141KB (1169008B) free=1930KB (1976720B)
09-13 22:38:06.157  3581  3581 I PackageManager.DexOptimizer: Running dexopt (dex2oat) on: /system/priv-app/MediaProvider/MediaProvider.apk pkg=com.android.providers.media isa=arm64 vmSafeMode=false debuggable=false target-filter=verify-at-runtime oatDir = null sharedLibraries=null
09-13 22:38:06.173  4045  4045 I dex2oat : /system/bin/dex2oat --compiler-filter=verify-at-runtime
09-13 22:38:06.239  4045  4045 I dex2oat : dex2oat took 66.385ms (threads: 8) arena alloc=0B (0B) java alloc=31KB (32216B) native alloc=1099KB (1126384B) free=1460KB (1495056B)
09-13 22:38:06.241  3581  3581 I PackageManager.DexOptimizer: Running dexopt (dex2oat) on: /system/priv-app/WallpaperCropper/WallpaperCropper.apk pkg=com.android.wallpapercropper isa=arm64 vmSafeMode=false debuggable=false target-filter=verify-at-runtime oatDir = null sharedLibraries=null
09-13 22:38:06.258  4054  4054 I dex2oat : /system/bin/dex2oat --compiler-filter=verify-at-runtime
09-13 22:38:06.333  4054  4054 I dex2oat : dex2oat took 75.819ms (threads: 8) arena alloc=0B (0B) java alloc=31KB (32216B) native alloc=1070KB (1096464B) free=1489KB (1524976B)
09-13 22:38:06.336  3581  3581 I PackageManager.DexOptimizer: Running dexopt (dex2oat) on: /system/priv-app/DocumentsUI/DocumentsUI.apk pkg=com.android.documentsui isa=arm64 vmSafeMode=false debuggable=false target-filter=verify-at-runtime oatDir = null sharedLibraries=null
09-13 22:38:06.351  4063  4063 I dex2oat : /system/bin/dex2oat --compiler-filter=verify-at-runtime
09-13 22:38:06.476  4063  4063 I dex2oat : dex2oat took 124.454ms (threads: 8) arena alloc=0B (0B) java alloc=27KB (28240B) native alloc=510KB (522960B) free=2MB (2622768B)
09-13 22:38:06.478  3581  3581 I PackageManager.DexOptimizer: Running dexopt (dex2oat) on: /system/priv-app/ExternalStorageProvider/ExternalStorageProvider.apk pkg=com.android.externalstorage isa=arm64 vmSafeMode=false debuggable=false target-filter=verify-at-runtime oatDir = null sharedLibraries=null
09-13 22:38:06.494  4072  4072 I dex2oat : /system/bin/dex2oat --compiler-filter=verify-at-runtime
09-13 22:38:06.557  4072  4072 I dex2oat : dex2oat took 62.988ms (threads: 8) arena alloc=0B (0B) java alloc=27KB (28240B) native alloc=1061KB (1087280B) free=1498KB (1534160B)
09-13 22:38:06.559  3581  3581 I PackageManager.DexOptimizer: Running dexopt (dex2oat) on: /system/app/HTMLViewer/HTMLViewer.apk pkg=com.android.htmlviewer isa=arm64 vmSafeMode=false debuggable=false target-filter=verify-at-runtime oatDir = null sharedLibraries=null
09-13 22:38:06.577  4081  4081 I dex2oat : /system/bin/dex2oat --compiler-filter=verify-at-runtime
09-13 22:38:06.598  4081  4081 I dex2oat : dex2oat took 20.946ms (threads: 8) arena alloc=0B (0B) java alloc=27KB (28240B) native alloc=877KB (898992B) free=1170KB (1198160B)
09-13 22:38:06.600  3581  3581 I PackageManager.DexOptimizer: Running dexopt (dex2oat) on: /system/priv-app/DownloadProvider/DownloadProvider.apk pkg=com.android.providers.downloads isa=arm64 vmSafeMode=false debuggable=false target-filter=verify-at-runtime oatDir = null sharedLibraries=null
09-13 22:38:06.616  4090  4090 I dex2oat : /system/bin/dex2oat --compiler-filter=verify-at-runtime
09-13 22:38:06.655  4090  4090 I dex2oat : dex2oat took 38.992ms (threads: 8) arena alloc=0B (0B) java alloc=31KB (32216B) native alloc=1142KB (1170000B) free=1417KB (1451440B)
09-13 22:38:06.657  3581  3581 I PackageManager.DexOptimizer: Running dexopt (dex2oat) on: /system/app/messaging/messaging.apk pkg=com.android.messaging isa=arm64 vmSafeMode=false debuggable=false target-filter=verify-at-runtime oatDir = null sharedLibraries=null
09-13 22:38:06.673  4099  4099 I dex2oat : /system/bin/dex2oat --compiler-filter=verify-at-runtime
09-13 22:38:06.886  4099  4099 I dex2oat : dex2oat took 212.844ms (threads: 8) arena alloc=0B (0B) java alloc=27KB (28240B) native alloc=860KB (881096B) free=2MB (2919992B)
09-13 22:38:06.888  3581  3581 I PackageManager.DexOptimizer: Running dexopt (dex2oat) on: /system/app/Terminal/Terminal.apk pkg=com.android.terminal isa=arm64 vmSafeMode=false debuggable=false target-filter=verify-at-runtime oatDir = null sharedLibraries=null
09-13 22:38:06.904  4108  4108 I dex2oat : /system/bin/dex2oat --compiler-filter=verify-at-runtime
09-13 22:38:07.024  4108  4108 I dex2oat : dex2oat took 120.503ms (threads: 8) arena alloc=0B (0B) java alloc=27KB (28240B) native alloc=488KB (500048B) free=2MB (2645680B)
09-13 22:38:07.027  3581  3581 I PackageManager.DexOptimizer: Running dexopt (dex2oat) on: /system/priv-app/AudioFX/AudioFX.apk pkg=org.cyanogenmod.audiofx isa=arm64 vmSafeMode=false debuggable=false target-filter=verify-at-runtime oatDir = null sharedLibraries=null
09-13 22:38:07.043  4117  4117 I dex2oat : /system/bin/dex2oat --compiler-filter=verify-at-runtime
09-13 22:38:07.187  4117  4117 I dex2oat : dex2oat took 144.379ms (threads: 8) arena alloc=0B (0B) java alloc=27KB (28240B) native alloc=473KB (485352B) free=2MB (2660376B)
09-13 22:38:07.190  3581  3581 I PackageManager.DexOptimizer: Running dexopt (dex2oat) on: /system/priv-app/LineageSetupWizard/LineageSetupWizard.apk pkg=com.cyanogenmod.setupwizard isa=arm64 vmSafeMode=false debuggable=false target-filter=verify-at-runtime oatDir = null sharedLibraries=null
09-13 22:38:07.205  4126  4126 I dex2oat : /system/bin/dex2oat --compiler-filter=verify-at-runtime
09-13 22:38:07.287  4126  4126 I dex2oat : dex2oat took 81.446ms (threads: 8) arena alloc=0B (0B) java alloc=31KB (32208B) native alloc=1119KB (1146128B) free=1440KB (1475312B)
09-13 22:38:07.289  3581  3581 I PackageManager.DexOptimizer: Running dexopt (dex2oat) on: /system/app/DownloadProviderUi/DownloadProviderUi.apk pkg=com.android.providers.downloads.ui isa=arm64 vmSafeMode=false debuggable=false target-filter=verify-at-runtime oatDir = null sharedLibraries=null
09-13 22:38:07.305  4135  4135 I dex2oat : /system/bin/dex2oat --compiler-filter=verify-at-runtime
09-13 22:38:07.366  4135  4135 I dex2oat : dex2oat took 61.731ms (threads: 8) arena alloc=0B (0B) java alloc=31KB (32208B) native alloc=860KB (881136B) free=1187KB (1216016B)
09-13 22:38:07.369  3581  3581 I PackageManager.DexOptimizer: Running dexopt (dex2oat) on: /system/app/PacProcessor/PacProcessor.apk pkg=com.android.pacprocessor isa=arm64 vmSafeMode=false debuggable=false target-filter=verify-at-runtime oatDir = null sharedLibraries=null
09-13 22:38:07.384  4144  4144 I dex2oat : /system/bin/dex2oat --compiler-filter=verify-at-runtime
09-13 22:38:07.446  4144  4144 I dex2oat : dex2oat took 62.068ms (threads: 8) arena alloc=0B (0B) java alloc=27KB (28240B) native alloc=857KB (878512B) free=1190KB (1218640B)
09-13 22:38:07.449  3581  3581 I PackageManager.DexOptimizer: Running dexopt (dex2oat) on: /system/app/CertInstaller/CertInstaller.apk pkg=com.android.certinstaller isa=arm64 vmSafeMode=false debuggable=false target-filter=verify-at-runtime oatDir = null sharedLibraries=null
09-13 22:38:07.464  4153  4153 I dex2oat : /system/bin/dex2oat --compiler-filter=verify-at-runtime
09-13 22:38:07.535  4153  4153 I dex2oat : dex2oat took 70.861ms (threads: 8) arena alloc=0B (0B) java alloc=31KB (32216B) native alloc=1005KB (1030000B) free=1554KB (1591440B)
09-13 22:38:07.538  3581  3581 I PackageManager.DexOptimizer: Running dexopt (dex2oat) on: /system/priv-app/CarrierConfig/CarrierConfig.apk pkg=com.android.carrierconfig isa=arm64 vmSafeMode=false debuggable=false target-filter=verify-at-runtime oatDir = null sharedLibraries=null
09-13 22:38:07.553  4162  4162 I dex2oat : /system/bin/dex2oat --compiler-filter=verify-at-runtime
09-13 22:38:07.614  4162  4162 I dex2oat : dex2oat took 61.243ms (threads: 8) arena alloc=0B (0B) java alloc=31KB (32216B) native alloc=857KB (878576B) free=1190KB (1218576B)
09-13 22:38:07.617  3581  3581 I PackageManager.DexOptimizer: Running dexopt (dex2oat) on: /system/priv-app/Contacts/Contacts.apk pkg=com.android.contacts isa=arm64 vmSafeMode=false debuggable=false target-filter=verify-at-runtime oatDir = null sharedLibraries=null
09-13 22:38:07.633  4171  4171 I dex2oat : /system/bin/dex2oat --compiler-filter=verify-at-runtime
09-13 22:38:07.739  4171  4171 I dex2oat : dex2oat took 106.180ms (threads: 8) arena alloc=0B (0B) java alloc=27KB (28240B) native alloc=535KB (547864B) free=2MB (2597864B)
09-13 22:38:07.742  3581  3581 I PackageManager.DexOptimizer: Running dexopt (dex2oat) on: /system/app/Camera2/Camera2.apk pkg=com.android.camera2 isa=arm64 vmSafeMode=false debuggable=false target-filter=verify-at-runtime oatDir = null sharedLibraries=null
09-13 22:38:07.757  4180  4180 I dex2oat : /system/bin/dex2oat --compiler-filter=verify-at-runtime
09-13 22:38:07.868  4180  4180 I dex2oat : dex2oat took 110.737ms (threads: 8) arena alloc=0B (0B) java alloc=27KB (28240B) native alloc=422KB (432584B) free=2MB (2713144B)
09-13 22:38:07.871  3581  3581 I PackageManager.DexOptimizer: Running dexopt (dex2oat) on: /system/priv-app/Recorder/Recorder.apk pkg=org.lineageos.recorder isa=arm64 vmSafeMode=false debuggable=false target-filter=verify-at-runtime oatDir = null sharedLibraries=null
09-13 22:38:07.887  4189  4189 I dex2oat : /system/bin/dex2oat --compiler-filter=verify-at-runtime
09-13 22:38:07.960  4189  4189 I dex2oat : dex2oat took 73.883ms (threads: 8) arena alloc=0B (0B) java alloc=27KB (28240B) native alloc=498KB (510416B) free=2MB (2635312B)
09-13 22:38:07.963  3581  3581 I PackageManager.DexOptimizer: Running dexopt (dex2oat) on: /system/app/EasterEgg/EasterEgg.apk pkg=com.android.egg isa=arm64 vmSafeMode=false debuggable=false target-filter=verify-at-runtime oatDir = null sharedLibraries=null
09-13 22:38:07.978  4198  4198 I dex2oat : /system/bin/dex2oat --compiler-filter=verify-at-runtime
09-13 22:38:08.011  4198  4198 I dex2oat : dex2oat took 34.081ms (threads: 8) arena alloc=0B (0B) java alloc=27KB (28240B) native alloc=1099KB (1125584B) free=1460KB (1495856B)
09-13 22:38:08.014  3581  3581 I PackageManager.DexOptimizer: Running dexopt (dex2oat) on: /system/priv-app/MtpDocumentsProvider/MtpDocumentsProvider.apk pkg=com.android.mtp isa=arm64 vmSafeMode=false debuggable=false target-filter=verify-at-runtime oatDir = null sharedLibraries=null
09-13 22:38:08.030  4207  4207 I dex2oat : /system/bin/dex2oat --compiler-filter=verify-at-runtime
09-13 22:38:08.051  4207  4207 I dex2oat : dex2oat took 21.309ms (threads: 8) arena alloc=0B (0B) java alloc=31KB (32208B) native alloc=1022KB (1046800B) free=1537KB (1574640B)
09-13 22:38:08.053  3581  3581 I PackageManager.DexOptimizer: Running dexopt (dex2oat) on: /system/app/NfcNci/NfcNci.apk pkg=com.android.nfc isa=arm64 vmSafeMode=false debuggable=false target-filter=verify-at-runtime oatDir = null sharedLibraries=null
09-13 22:38:08.069  4216  4216 I dex2oat : /system/bin/dex2oat --compiler-filter=verify-at-runtime
09-13 22:38:08.157  4216  4216 I dex2oat : dex2oat took 88.527ms (threads: 8) arena alloc=0B (0B) java alloc=27KB (28240B) native alloc=515KB (527832B) free=2MB (2617896B)
09-13 22:38:08.160  3581  3581 I PackageManager.DexOptimizer: Running dexopt (dex2oat) on: /system/app/Stk/Stk.apk pkg=com.android.stk isa=arm64 vmSafeMode=false debuggable=false target-filter=verify-at-runtime oatDir = null sharedLibraries=null
09-13 22:38:08.175  4225  4225 I dex2oat : /system/bin/dex2oat --compiler-filter=verify-at-runtime
09-13 22:38:08.196  4225  4225 I dex2oat : dex2oat took 20.751ms (threads: 8) arena alloc=0B (0B) java alloc=27KB (28240B) native alloc=1042KB (1067376B) free=1517KB (1554064B)
09-13 22:38:08.198  3581  3581 I PackageManager.DexOptimizer: Running dexopt (dex2oat) on: /system/priv-app/BackupRestoreConfirmation/BackupRestoreConfirmation.apk pkg=com.android.backupconfirm isa=arm64 vmSafeMode=false debuggable=false target-filter=verify-at-runtime oatDir = null sharedLibraries=null
09-13 22:38:08.213  4234  4234 I dex2oat : /system/bin/dex2oat --compiler-filter=verify-at-runtime
09-13 22:38:08.233  4234  4234 I dex2oat : dex2oat took 20.374ms (threads: 8) arena alloc=0B (0B) java alloc=31KB (32240B) native alloc=858KB (878640B) free=1189KB (1218512B)
09-13 22:38:08.235  3581  3581 I PackageManager.DexOptimizer: Running dexopt (dex2oat) on: /system/app/Profiles/Profiles.apk pkg=org.cyanogenmod.profiles isa=arm64 vmSafeMode=false debuggable=false target-filter=verify-at-runtime oatDir = null sharedLibraries=null
09-13 22:38:08.251  4243  4243 I dex2oat : /system/bin/dex2oat --compiler-filter=verify-at-runtime
09-13 22:38:08.275  4243  4243 I dex2oat : dex2oat took 24.752ms (threads: 8) arena alloc=0B (0B) java alloc=27KB (28240B) native alloc=1129KB (1157040B) free=1430KB (1464400B)
09-13 22:38:08.278  3581  3581 I PackageManager.DexOptimizer: Running dexopt (dex2oat) on: /system/app/LockClock/LockClock.apk pkg=com.cyanogenmod.lockclock isa=arm64 vmSafeMode=false debuggable=false target-filter=verify-at-runtime oatDir = null sharedLibraries=null
09-13 22:38:08.293  4252  4252 I dex2oat : /system/bin/dex2oat --compiler-filter=verify-at-runtime
09-13 22:38:08.325  4252  4252 I dex2oat : dex2oat took 31.929ms (threads: 8) arena alloc=0B (0B) java alloc=27KB (28240B) native alloc=1079KB (1105040B) free=1480KB (1516400B)
09-13 22:38:08.327  3581  3581 I PackageManager.DexOptimizer: Running dexopt (dex2oat) on: /system/priv-app/StatementService/StatementService.apk pkg=com.android.statementservice isa=arm64 vmSafeMode=false debuggable=false target-filter=verify-at-runtime oatDir = null sharedLibraries=null
09-13 22:38:08.343  4261  4261 I dex2oat : /system/bin/dex2oat --compiler-filter=verify-at-runtime
09-13 22:38:08.366  4261  4261 I dex2oat : dex2oat took 23.121ms (threads: 8) arena alloc=0B (0B) java alloc=31KB (32216B) native alloc=1092KB (1118416B) free=1467KB (1503024B)
09-13 22:38:08.368  3581  3581 I PackageManager.DexOptimizer: Running dexopt (dex2oat) on: /system/app/AdvancedDisplay/AdvancedDisplay.apk pkg=com.cyanogenmod.settings.device isa=arm64 vmSafeMode=false debuggable=false target-filter=verify-at-runtime oatDir = null sharedLibraries=null
09-13 22:38:08.383  4270  4270 I dex2oat : /system/bin/dex2oat --compiler-filter=verify-at-runtime
09-13 22:38:08.455  4270  4270 I dex2oat : dex2oat took 72.100ms (threads: 8) arena alloc=0B (0B) java alloc=31KB (32216B) native alloc=497KB (509264B) free=2MB (2636464B)
09-13 22:38:08.458  3581  3581 I PackageManager.DexOptimizer: Running dexopt (dex2oat) on: /system/priv-app/CMAudioService/CMAudioService.apk pkg=org.cyanogenmod.cmaudio.service isa=arm64 vmSafeMode=false debuggable=false target-filter=verify-at-runtime oatDir = null sharedLibraries=null
09-13 22:38:08.472  4279  4279 I dex2oat : /system/bin/dex2oat --compiler-filter=verify-at-runtime
09-13 22:38:08.512  4279  4279 I dex2oat : dex2oat took 40.178ms (threads: 8) arena alloc=0B (0B) java alloc=31KB (32216B) native alloc=1141KB (1168720B) free=1418KB (1452720B)
09-13 22:38:08.515  3581  3581 I PackageManager.DexOptimizer: Running dexopt (dex2oat) on: /system/app/Calendar/Calendar.apk pkg=com.android.calendar isa=arm64 vmSafeMode=false debuggable=false target-filter=verify-at-runtime oatDir = null sharedLibraries=null
09-13 22:38:08.531  4288  4288 I dex2oat : /system/bin/dex2oat --compiler-filter=verify-at-runtime
09-13 22:38:08.592  4288  4288 I dex2oat : dex2oat took 61.401ms (threads: 8) arena alloc=0B (0B) java alloc=27KB (28240B) native alloc=565KB (579408B) free=2MB (2566320B)
09-13 22:38:08.594  3581  3581 I PackageManager.DexOptimizer: Running dexopt (dex2oat) on: /system/priv-app/SharedStorageBackup/SharedStorageBackup.apk pkg=com.android.sharedstoragebackup isa=arm64 vmSafeMode=false debuggable=false target-filter=verify-at-runtime oatDir = null sharedLibraries=null
09-13 22:38:08.610  4297  4297 I dex2oat : /system/bin/dex2oat --compiler-filter=verify-at-runtime
09-13 22:38:08.629  4297  4297 I dex2oat : dex2oat took 19.241ms (threads: 8) arena alloc=0B (0B) java alloc=31KB (32208B) native alloc=858KB (878640B) free=1189KB (1218512B)
09-13 22:38:08.631  3581  3581 I PackageManager.DexOptimizer: Running dexopt (dex2oat) on: /system/app/PrintSpooler/PrintSpooler.apk pkg=com.android.printspooler isa=arm64 vmSafeMode=false debuggable=false target-filter=verify-at-runtime oatDir = null sharedLibraries=null
09-13 22:38:08.647  4306  4306 I dex2oat : /system/bin/dex2oat --compiler-filter=verify-at-runtime
09-13 22:38:08.688  4306  4306 I dex2oat : dex2oat took 41.495ms (threads: 8) arena alloc=0B (0B) java alloc=27KB (28240B) native alloc=1137KB (1165136B) free=1422KB (1456304B)
09-13 22:38:08.690  3581  3581 I PackageManager.DexOptimizer: Running dexopt (dex2oat) on: /system/app/BasicDreams/BasicDreams.apk pkg=com.android.dreams.basic isa=arm64 vmSafeMode=false debuggable=false target-filter=verify-at-runtime oatDir = null sharedLibraries=null
09-13 22:38:08.705  4315  4315 I dex2oat : /system/bin/dex2oat --compiler-filter=verify-at-runtime
09-13 22:38:08.726  4315  4315 I dex2oat : dex2oat took 20.644ms (threads: 8) arena alloc=0B (0B) java alloc=27KB (28240B) native alloc=897KB (919472B) free=1150KB (1177680B)
09-13 22:38:08.728  3581  3581 I PackageManager.DexOptimizer: Running dexopt (dex2oat) on: /system/app/webview/webview.apk pkg=com.android.webview isa=arm vmSafeMode=false debuggable=false target-filter=verify-at-runtime oatDir = null sharedLibraries=null
09-13 22:38:08.744  4324  4324 I dex2oat : /system/bin/dex2oat --compiler-filter=verify-at-runtime
09-13 22:38:08.842  4324  4324 I dex2oat : dex2oat took 98.133ms (threads: 8) arena alloc=0B (0B) java alloc=27KB (28240B) native alloc=385KB (394712B) free=2MB (2751016B)
09-13 22:38:08.845  3581  3581 I PackageManager.DexOptimizer: Running dexopt (dex2oat) on: /system/app/webview/webview.apk pkg=com.android.webview isa=arm64 vmSafeMode=false debuggable=false target-filter=verify-at-runtime oatDir = null sharedLibraries=null
09-13 22:38:08.859  4333  4333 I dex2oat : /system/bin/dex2oat --compiler-filter=verify-at-runtime
09-13 22:38:08.959  4333  4333 I dex2oat : dex2oat took 99.989ms (threads: 8) arena alloc=0B (0B) java alloc=27KB (28240B) native alloc=517KB (529816B) free=2MB (2615912B)
09-13 22:38:08.962  3581  3581 I PackageManager.DexOptimizer: Running dexopt (dex2oat) on: /system/priv-app/CellBroadcastReceiver/CellBroadcastReceiver.apk pkg=com.android.cellbroadcastreceiver isa=arm64 vmSafeMode=false debuggable=false target-filter=verify-at-runtime oatDir = null sharedLibraries=null
09-13 22:38:08.978  4342  4342 I dex2oat : /system/bin/dex2oat --compiler-filter=verify-at-runtime
09-13 22:38:09.001  4342  4342 I dex2oat : dex2oat took 23.618ms (threads: 8) arena alloc=0B (0B) java alloc=27KB (28240B) native alloc=1105KB (1131888B) free=1454KB (1489552B)
09-13 22:38:09.003  3581  3581 I PackageManager.DexOptimizer: Running dexopt (dex2oat) on: /system/priv-app/OneTimeInitializer/OneTimeInitializer.apk pkg=com.android.onetimeinitializer isa=arm64 vmSafeMode=false debuggable=false target-filter=verify-at-runtime oatDir = null sharedLibraries=null
09-13 22:38:09.019  4351  4351 I dex2oat : /system/bin/dex2oat --compiler-filter=verify-at-runtime
09-13 22:38:09.038  4351  4351 I dex2oat : dex2oat took 19.694ms (threads: 8) arena alloc=0B (0B) java alloc=31KB (32208B) native alloc=1018KB (1042928B) free=1541KB (1578512B)
09-13 22:38:09.041  3581  3581 I PackageManager.DexOptimizer: Running dexopt (dex2oat) on: /system/priv-app/CMParts/CMParts.apk pkg=org.cyanogenmod.cmparts isa=arm64 vmSafeMode=false debuggable=false target-filter=verify-at-runtime oatDir = null sharedLibraries=null
09-13 22:38:09.056  4360  4360 I dex2oat : /system/bin/dex2oat --compiler-filter=verify-at-runtime
09-13 22:38:09.146  4360  4360 I dex2oat : dex2oat took 89.962ms (threads: 8) arena alloc=0B (0B) java alloc=27KB (28240B) native alloc=525KB (537848B) free=2MB (2607880B)
09-13 22:38:09.149  3581  3581 I PackageManager.DexOptimizer: Running dexopt (dex2oat) on: /system/app/KeyChain/KeyChain.apk pkg=com.android.keychain isa=arm64 vmSafeMode=false debuggable=false target-filter=verify-at-runtime oatDir = null sharedLibraries=null
09-13 22:38:09.163  4369  4369 I dex2oat : /system/bin/dex2oat --compiler-filter=verify-at-runtime
09-13 22:38:09.186  4369  4369 I dex2oat : dex2oat took 22.947ms (threads: 8) arena alloc=0B (0B) java alloc=27KB (28240B) native alloc=1003KB (1027248B) free=1556KB (1594192B)
09-13 22:38:09.188  3581  3581 I PackageManager.DexOptimizer: Running dexopt (dex2oat) on: /system/app/PrintRecommendationService/PrintRecommendationService.apk pkg=com.android.printservice.recommendation isa=arm64 vmSafeMode=false debuggable=false target-filter=verify-at-runtime oatDir = null sharedLibraries=null
09-13 22:38:09.204  4378  4378 I dex2oat : /system/bin/dex2oat --compiler-filter=verify-at-runtime
09-13 22:38:09.224  4378  4378 I dex2oat : dex2oat took 20.743ms (threads: 8) arena alloc=0B (0B) java alloc=31KB (32240B) native alloc=1057KB (1082416B) free=1502KB (1539024B)
09-13 22:38:09.227  3581  3581 I PackageManager.DexOptimizer: Running dexopt (dex2oat) on: /system/priv-app/Gallery2/Gallery2.apk pkg=com.android.gallery3d isa=arm vmSafeMode=false debuggable=false target-filter=verify-at-runtime oatDir = null sharedLibraries=null
09-13 22:38:09.243  4387  4387 I dex2oat : /system/bin/dex2oat --compiler-filter=verify-at-runtime
09-13 22:38:09.382  4387  4387 I dex2oat : dex2oat took 139.959ms (threads: 8) arena alloc=0B (0B) java alloc=27KB (28240B) native alloc=541KB (554296B) free=2MB (2591432B)
09-13 22:38:09.385  3581  3581 I PackageManager.DexOptimizer: Running dexopt (dex2oat) on: /system/priv-app/Trebuchet/Trebuchet.apk pkg=com.cyanogenmod.trebuchet isa=arm64 vmSafeMode=false debuggable=false target-filter=verify-at-runtime oatDir = null sharedLibraries=null
09-13 22:38:09.401  4396  4396 I dex2oat : /system/bin/dex2oat --compiler-filter=verify-at-runtime
09-13 22:38:09.473  4396  4396 I dex2oat : dex2oat took 72.375ms (threads: 8) arena alloc=0B (0B) java alloc=27KB (28240B) native alloc=558KB (571728B) free=2MB (2574000B)
09-13 22:38:09.476  3581  3581 I PackageManager.DexOptimizer: Running dexopt (dex2oat) on: /system/priv-app/CallLogBackup/CallLogBackup.apk pkg=com.android.calllogbackup isa=arm64 vmSafeMode=false debuggable=false target-filter=verify-at-runtime oatDir = null sharedLibraries=null
09-13 22:38:09.491  4405  4405 I dex2oat : /system/bin/dex2oat --compiler-filter=verify-at-runtime
09-13 22:38:09.510  4405  4405 I dex2oat : dex2oat took 19.969ms (threads: 8) arena alloc=0B (0B) java alloc=31KB (32216B) native alloc=877KB (899056B) free=1170KB (1198096B)
09-13 22:38:09.513  3581  3581 I PackageManager.DexOptimizer: Running dexopt (dex2oat) on: /system/app/PicoTts/PicoTts.apk pkg=com.svox.pico isa=arm64 vmSafeMode=false debuggable=false target-filter=verify-at-runtime oatDir = null sharedLibraries=null
09-13 22:38:09.528  4414  4414 I dex2oat : /system/bin/dex2oat --compiler-filter=verify-at-runtime
09-13 22:38:09.548  4414  4414 I dex2oat : dex2oat took 20.446ms (threads: 8) arena alloc=0B (0B) java alloc=27KB (28240B) native alloc=880KB (901552B) free=1167KB (1195600B)
09-13 22:38:09.551  3581  3581 I PackageManager.DexOptimizer: Running dexopt (dex2oat) on: /system/app/Jelly/Jelly.apk pkg=org.lineageos.jelly isa=arm64 vmSafeMode=false debuggable=false target-filter=verify-at-runtime oatDir = null sharedLibraries=null
09-13 22:38:09.566  4423  4423 I dex2oat : /system/bin/dex2oat --compiler-filter=verify-at-runtime
09-13 22:38:09.643  4423  4423 I dex2oat : dex2oat took 77.321ms (threads: 8) arena alloc=0B (0B) java alloc=27KB (28240B) native alloc=500KB (512656B) free=2MB (2633072B)
09-13 22:38:09.646  3581  3581 I PackageManager.DexOptimizer: Running dexopt (dex2oat) on: /system/priv-app/ManagedProvisioning/ManagedProvisioning.apk pkg=com.android.managedprovisioning isa=arm64 vmSafeMode=false debuggable=false target-filter=verify-at-runtime oatDir = null sharedLibraries=null
09-13 22:38:09.662  4432  4432 I dex2oat : /system/bin/dex2oat --compiler-filter=verify-at-runtime
09-13 22:38:09.691  4432  4432 I dex2oat : dex2oat took 29.235ms (threads: 8) arena alloc=0B (0B) java alloc=31KB (32208B) native alloc=1078KB (1104592B) free=1481KB (1516848B)
09-13 22:38:09.693  3581  3581 I PackageManager.DexOptimizer: Running dexopt (dex2oat) on: /system/app/PhotoTable/PhotoTable.apk pkg=com.android.dreams.phototable isa=arm64 vmSafeMode=false debuggable=false target-filter=verify-at-runtime oatDir = null sharedLibraries=null
09-13 22:38:09.708  4441  4441 I dex2oat : /system/bin/dex2oat --compiler-filter=verify-at-runtime
09-13 22:38:09.729  4441  4441 I dex2oat : dex2oat took 21.763ms (threads: 8) arena alloc=0B (0B) java alloc=27KB (28240B) native alloc=1051KB (1077168B) free=1508KB (1544272B)
09-13 22:38:09.732  3581  3581 I PackageManager.DexOptimizer: Running dexopt (dex2oat) on: /system/app/WAPPushManager/WAPPushManager.apk pkg=com.android.smspush isa=arm64 vmSafeMode=false debuggable=false target-filter=verify-at-runtime oatDir = null sharedLibraries=null
09-13 22:38:09.747  4450  4450 I dex2oat : /system/bin/dex2oat --compiler-filter=verify-at-runtime
09-13 22:38:09.770  4450  4450 I dex2oat : dex2oat took 24.061ms (threads: 8) arena alloc=0B (0B) java alloc=31KB (32216B) native alloc=1030KB (1055216B) free=1529KB (1566224B)
09-13 22:38:09.773  3581  3581 I PackageManager.DexOptimizer: Running dexopt (dex2oat) on: /system/app/LiveWallpapersPicker/LiveWallpapersPicker.apk pkg=com.android.wallpaper.livepicker isa=arm64 vmSafeMode=false debuggable=false target-filter=verify-at-runtime oatDir = null sharedLibraries=null
09-13 22:38:09.788  4459  4459 I dex2oat : /system/bin/dex2oat --compiler-filter=verify-at-runtime
09-13 22:38:09.848  4459  4459 I dex2oat : dex2oat took 59.609ms (threads: 8) arena alloc=0B (0B) java alloc=31KB (32208B) native alloc=521KB (533840B) free=2MB (2611888B)
09-13 22:38:09.850  3581  3581 I PackageManager.DexOptimizer: Running dexopt (dex2oat) on: /system/priv-app/Tag/Tag.apk pkg=com.android.apps.tag isa=arm64 vmSafeMode=false debuggable=false target-filter=verify-at-runtime oatDir = null sharedLibraries=null
09-13 22:38:09.866  4469  4469 I dex2oat : /system/bin/dex2oat --compiler-filter=verify-at-runtime
09-13 22:38:09.902  4469  4469 I dex2oat : dex2oat took 35.834ms (threads: 8) arena alloc=0B (0B) java alloc=27KB (28240B) native alloc=1140KB (1168336B) free=1419KB (1453104B)
09-13 22:38:09.904  3581  3581 I PackageManager.DexOptimizer: Running dexopt (dex2oat) on: /system/priv-app/StorageManager/StorageManager.apk pkg=com.android.storagemanager isa=arm64 vmSafeMode=false debuggable=false target-filter=verify-at-runtime oatDir = null sharedLibraries=null
09-13 22:38:09.920  4478  4478 I dex2oat : /system/bin/dex2oat --compiler-filter=verify-at-runtime
09-13 22:38:09.996  4478  4478 I dex2oat : dex2oat took 77.000ms (threads: 8) arena alloc=0B (0B) java alloc=31KB (32216B) native alloc=500KB (512592B) free=2MB (2633136B)
09-13 22:38:09.999  3581  3581 I PackageManager.DexOptimizer: Running dexopt (dex2oat) on: /system/app/BookmarkProvider/BookmarkProvider.apk pkg=com.android.bookmarkprovider isa=arm64 vmSafeMode=false debuggable=false target-filter=verify-at-runtime oatDir = null sharedLibraries=null
09-13 22:38:10.015  4487  4487 I dex2oat : /system/bin/dex2oat --compiler-filter=verify-at-runtime
09-13 22:38:10.035  4487  4487 I dex2oat : dex2oat took 20.573ms (threads: 8) arena alloc=0B (0B) java alloc=31KB (32216B) native alloc=877KB (899056B) free=1170KB (1198096B)
09-13 22:38:10.037  3581  3581 I PackageManager.DexOptimizer: Running dexopt (dex2oat) on: /system/priv-app/Eleven/Eleven.apk pkg=com.cyanogenmod.eleven isa=arm64 vmSafeMode=false debuggable=false target-filter=verify-at-runtime oatDir = null sharedLibraries=null
09-13 22:38:10.053  4496  4496 I dex2oat : /system/bin/dex2oat --compiler-filter=verify-at-runtime
09-13 22:38:10.270  4496  4496 I dex2oat : dex2oat took 217.257ms (threads: 8) arena alloc=0B (0B) java alloc=27KB (28240B) native alloc=805KB (825288B) free=2MB (2451512B)
09-13 22:38:10.273  3581  3581 I PackageManager.DexOptimizer: Running dexopt (dex2oat) on: /system/app/ExactCalculator/ExactCalculator.apk pkg=com.android.calculator2 isa=arm64 vmSafeMode=false debuggable=false target-filter=verify-at-runtime oatDir = null sharedLibraries=null
09-13 22:38:10.287  4505  4505 I dex2oat : /system/bin/dex2oat --compiler-filter=verify-at-runtime
09-13 22:38:10.366  4505  4505 I dex2oat : dex2oat took 78.729ms (threads: 8) arena alloc=0B (0B) java alloc=31KB (32216B) native alloc=1106KB (1133456B) free=1453KB (1487984B)
09-13 22:38:10.369  3581  3581 I PackageManager.DexOptimizer: Running dexopt (dex2oat) on: /system/priv-app/Updater/Updater.apk pkg=org.lineageos.updater isa=arm64 vmSafeMode=false debuggable=false target-filter=verify-at-runtime oatDir = null sharedLibraries=null
09-13 22:38:10.384  4514  4514 I dex2oat : /system/bin/dex2oat --compiler-filter=verify-at-runtime
09-13 22:38:10.518  4514  4514 I dex2oat : dex2oat took 133.930ms (threads: 8) arena alloc=0B (0B) java alloc=27KB (28240B) native alloc=532KB (545464B) free=2MB (2600264B)
09-13 22:38:10.521  3581  3581 I PackageManager.DexOptimizer: Running dexopt (dex2oat) on: /system/priv-app/VpnDialogs/VpnDialogs.apk pkg=com.android.vpndialogs isa=arm64 vmSafeMode=false debuggable=false target-filter=verify-at-runtime oatDir = null sharedLibraries=null
09-13 22:38:10.536  4523  4523 I dex2oat : /system/bin/dex2oat --compiler-filter=verify-at-runtime
09-13 22:38:10.569  3179  3179 D gpsd    : WakeLock(Acquire,GPSD)
09-13 22:38:10.569  3179  3179 D gpsd    : WakeLock(Release,GPSD)
09-13 22:38:10.569  3179  3179 D gpsd    : WakeLock(Acquire,GPSD)
09-13 22:38:10.569  3179  3179 D gpsd    : WakeLock(Release,GPSD)
09-13 22:38:10.585  4534  4534 V lhd     : GlLhdInterface::Init(/system/etc/lhd.conf)
09-13 22:38:10.585  4534  4534 E lhd     : SetCfgValue: Critical Error. Unknown configuration parameter "FlpName"="tcp"
09-13 22:38:10.585  4534  4534 V lhd     : SetCfgValue: LHD config "LheSerialControl"="BBD:Serial=TTY"
09-13 22:38:10.585  4534  4534 E lhd     : SetCfgValue: Critical Error. Unknown configuration parameter "LheClockMHz"="100"
09-13 22:38:10.585  4534  4534 V lhd     : SetCfgValue: LHD config "LhePatch"="/dev/bbd_patch"
09-13 22:38:10.585  4534  4534 V lhd     : SetCfgValue: LHD config "LheMaxMcuResetTries"="4"
09-13 22:38:10.585  4534  4534 V lhd     : SetCfgValue: LHD config "LheBbdPacket"="/dev/ttyBCM"
09-13 22:38:10.585  4534  4534 V lhd     : SetCfgValue: LHD config "LheBbdControl"="/dev/bbd_control"
09-13 22:38:10.585  4534  4534 V lhd     : SetCfgValue: LHD config "LheBbdSensor"="/dev/bbd_sensor"
09-13 22:38:10.585  4534  4534 V lhd     : SetCfgValue: LHD config "Lhe477xDebugFlags"="RPC:FACILITY=33:STDOUT_PUTS:STDOUT_LOG"
09-13 22:38:10.585  4534  4534 E lhd     : SetCfgValue: Critical Error. Unknown configuration parameter "LheSensorIpc"="true"
09-13 22:38:10.585  4534  4534 E lhd     : SetCfgValue: Critical Error. Unknown configuration parameter "LhePinMux"="P17=M1"
09-13 22:38:10.585  4534  4534 V lhd     : SetCfgValue: LHD config "LheAutoBaudDelayMS"="10"
09-13 22:38:10.585  4534  4534 V lhd     : SetCfgValue: LHD config "LheMaxMcuResetTries"="3"
09-13 22:38:10.585  4534  4534 E lhd     : OpenFirmwareFile: Fail to open /efs/sec_efs/sensorhub_urgent_fw.patch, errno 2
09-13 22:38:10.585  4534  4534 E lhd     : getCustPatchVersion: Fail to parse patch /efs/sec_efs/sensorhub_urgent_fw.patch
09-13 22:38:10.585  4534  4534 E lhd     : getCustPatchVersion: <CustomerVersion> not found
09-13 22:38:10.597  4523  4523 I dex2oat : dex2oat took 61.681ms (threads: 8) arena alloc=0B (0B) java alloc=27KB (28240B) native alloc=857KB (878512B) free=1190KB (1218640B)
09-13 22:38:10.600  3581  3581 I PackageManager.DexOptimizer: Running dexopt (dex2oat) on: /system/app/Email/Email.apk pkg=com.android.email isa=arm64 vmSafeMode=false debuggable=false target-filter=verify-at-runtime oatDir = null sharedLibraries=null
09-13 22:38:10.614  4535  4535 I dex2oat : /system/bin/dex2oat --compiler-filter=verify-at-runtime
09-13 22:38:10.644  3179  3179 D gpsd    : WakeLock(Acquire,GPSD)
09-13 22:38:10.644  3179  3179 D gpsd    : WakeLock(Release,GPSD)
09-13 22:38:10.644  3179  3179 D gpsd    : WakeLock(Acquire,GPSD)
09-13 22:38:10.644  3179  3179 D gpsd    : WakeLock(Release,GPSD)
09-13 22:38:10.644  4534  4534 D lhd     : OnIpcConnect
09-13 22:38:10.838  4535  4535 I dex2oat : dex2oat took 224.434ms (threads: 8) arena alloc=0B (0B) java alloc=27KB (28240B) native alloc=637KB (653128B) free=2MB (3016888B)
09-13 22:38:10.842  3581  3581 I PackageManager.DexOptimizer: Running dexopt (dex2oat) on: /system/app/WallpaperBackup/WallpaperBackup.apk pkg=com.android.wallpaperbackup isa=arm64 vmSafeMode=false debuggable=false target-filter=verify-at-runtime oatDir = null sharedLibraries=null
09-13 22:38:10.857  4545  4545 I dex2oat : /system/bin/dex2oat --compiler-filter=verify-at-runtime
09-13 22:38:10.919  4545  4545 I dex2oat : dex2oat took 61.577ms (threads: 8) arena alloc=0B (0B) java alloc=31KB (32216B) native alloc=860KB (881648B) free=1187KB (1215504B)
09-13 22:38:10.921  3581  3581 I PackageManager.DexOptimizer: Running dexopt (dex2oat) on: /system/priv-app/BlockedNumberProvider/BlockedNumberProvider.apk pkg=com.android.providers.blockednumber isa=arm64 vmSafeMode=false debuggable=false target-filter=verify-at-runtime oatDir = null sharedLibraries=null
09-13 22:38:10.936  4554  4554 I dex2oat : /system/bin/dex2oat --compiler-filter=verify-at-runtime
09-13 22:38:11.025  4554  4554 I dex2oat : dex2oat took 89.326ms (threads: 8) arena alloc=0B (0B) java alloc=27KB (28240B) native alloc=1094KB (1120848B) free=1465KB (1500592B)
09-13 22:38:11.027  3581  3581 I PackageManager.DexOptimizer: Running dexopt (dex2oat) on: /system/app/UserDictionaryProvider/UserDictionaryProvider.apk pkg=com.android.providers.userdictionary isa=arm64 vmSafeMode=false debuggable=false target-filter=verify-at-runtime oatDir = null sharedLibraries=null
09-13 22:38:11.042  4563  4563 I dex2oat : /system/bin/dex2oat --compiler-filter=verify-at-runtime
09-13 22:38:11.107  4563  4563 I dex2oat : dex2oat took 65.590ms (threads: 8) arena alloc=0B (0B) java alloc=27KB (28240B) native alloc=886KB (907312B) free=1161KB (1189840B)
09-13 22:38:11.110  3581  3581 I PackageManager.DexOptimizer: Running dexopt (dex2oat) on: /system/priv-app/EmergencyInfo/EmergencyInfo.apk pkg=com.android.emergency isa=arm64 vmSafeMode=false debuggable=false target-filter=verify-at-runtime oatDir = null sharedLibraries=null
09-13 22:38:11.125  4572  4572 I dex2oat : /system/bin/dex2oat --compiler-filter=verify-at-runtime
09-13 22:38:11.228  4572  4572 I dex2oat : dex2oat took 103.221ms (threads: 8) arena alloc=0B (0B) java alloc=31KB (32216B) native alloc=683KB (700368B) free=2MB (2445360B)
09-13 22:38:11.230  3581  3581 I PackageManager.DexOptimizer: Running dexopt (dex2oat) on: /system/app/DeskClock/DeskClock.apk pkg=com.android.deskclock isa=arm64 vmSafeMode=false debuggable=false target-filter=verify-at-runtime oatDir = null sharedLibraries=null
09-13 22:38:11.245  4581  4581 I dex2oat : /system/bin/dex2oat --compiler-filter=verify-at-runtime
09-13 22:38:11.381  4581  4581 I dex2oat : dex2oat took 136.106ms (threads: 8) arena alloc=0B (0B) java alloc=27KB (28240B) native alloc=438KB (449160B) free=2MB (2696568B)
09-13 22:38:11.384  3581  3581 I PackageManager.DexOptimizer: Running dexopt (dex2oat) on: /system/app/Exchange2/Exchange2.apk pkg=com.android.exchange isa=arm64 vmSafeMode=false debuggable=false target-filter=verify-at-runtime oatDir = null sharedLibraries=null
09-13 22:38:11.398  4590  4590 I dex2oat : /system/bin/dex2oat --compiler-filter=verify-at-runtime
09-13 22:38:11.578  4590  4590 I dex2oat : dex2oat took 179.494ms (threads: 8) arena alloc=0B (0B) java alloc=27KB (28240B) native alloc=587KB (601288B) free=2MB (2544440B)
09-13 22:38:11.580  3581  3581 I PackageManager.DexOptimizer: Running dexopt (dex2oat) on: /system/app/BluetoothMidiService/BluetoothMidiService.apk pkg=com.android.bluetoothmidiservice isa=arm64 vmSafeMode=false debuggable=false target-filter=verify-at-runtime oatDir = null sharedLibraries=null
09-13 22:38:11.595  4599  4599 I dex2oat : /system/bin/dex2oat --compiler-filter=verify-at-runtime
09-13 22:38:11.657  4599  4599 I dex2oat : dex2oat took 62.260ms (threads: 8) arena alloc=0B (0B) java alloc=31KB (32208B) native alloc=858KB (878832B) free=1189KB (1218320B)
09-13 22:38:11.660  3581  3581 I PackageManager.DexOptimizer: Running dexopt (dex2oat) on: /system/app/Bluetooth/Bluetooth.apk pkg=com.android.bluetooth isa=arm vmSafeMode=false debuggable=false target-filter=verify-at-runtime oatDir = null sharedLibraries=/system/framework/javax.obex.jar
09-13 22:38:11.675  4609  4609 I dex2oat : /system/bin/dex2oat --compiler-filter=verify-at-runtime
09-13 22:38:11.956  4609  4609 I dex2oat : dex2oat took 280.996ms (threads: 8) arena alloc=0B (0B) java alloc=31KB (32240B) native alloc=694KB (711256B) free=2MB (2958760B)
09-13 22:38:11.959  3581  3581 I PackageManager.DexOptimizer: Running dexopt (dex2oat) on: /system/app/Development/Development.apk pkg=com.android.development isa=arm64 vmSafeMode=false debuggable=false target-filter=verify-at-runtime oatDir = null sharedLibraries=/system/framework/android.test.runner.jar
09-13 22:38:11.975  4618  4618 I dex2oat : /system/bin/dex2oat --compiler-filter=verify-at-runtime
09-13 22:38:12.043  4618  4618 I dex2oat : dex2oat took 69.019ms (threads: 8) arena alloc=0B (0B) java alloc=31KB (32192B) native alloc=1072KB (1097872B) free=1487KB (1523568B)
09-13 22:38:12.046  3581  3581 I PackageManager.DexOptimizer: Running dexopt (dex2oat) on: /system/app/WallpaperPicker/WallpaperPicker.apk pkg=com.android.wallpaperpicker isa=arm64 vmSafeMode=false debuggable=false target-filter=verify-at-runtime oatDir = null sharedLibraries=null
09-13 22:38:12.061  4627  4627 I dex2oat : /system/bin/dex2oat --compiler-filter=verify-at-runtime
09-13 22:38:12.126  4627  4627 I dex2oat : dex2oat took 66.170ms (threads: 8) arena alloc=0B (0B) java alloc=31KB (32216B) native alloc=1073KB (1099536B) free=1486KB (1521904B)
