--------- beginning of system
09-16 09:54:07.292  3077  3077 I vold    : Vold 3.0 (the awakening) firing up
09-16 09:54:07.292  3077  3077 V vold    : Detected support for: exfat ext4 f2fs ntfs vfat
09-16 09:54:07.294  3077  3077 W Vold    : Tearing down stale mount /mnt/secure/asec
09-16 09:54:07.312  3077  3077 W Vold    : Tearing down stale mount /mnt/secure
09-16 09:54:07.339  3077  3090 V vold    : /system/bin/sgdisk
09-16 09:54:07.339  3077  3090 V vold    :     --android-dump
09-16 09:54:07.339  3077  3090 V vold    :     /dev/block/vold/disk:179_0
09-16 09:54:07.348  3077  3148 D vold    : e4crypt_init_user0
09-16 09:54:07.348  3077  3148 D vold    : e4crypt_prepare_user_storage for volume null, user 0, serial 0, flags 1
09-16 09:54:07.348  3077  3148 D vold    : Preparing: /data/system/users/0
09-16 09:54:07.349  3077  3148 D vold    : Preparing: /data/misc/profiles/cur/0
09-16 09:54:07.349  3077  3148 D vold    : Preparing: /data/misc/profiles/cur/0/foreign-dex
09-16 09:54:07.349  3077  3148 D vold    : Preparing: /data/system_de/0
09-16 09:54:07.349  3077  3148 D vold    : Preparing: /data/misc_de/0
09-16 09:54:07.350  3077  3148 D vold    : Preparing: /data/user_de/0
09-16 09:54:07.350  3077  3148 D vold    : e4crypt_unlock_user_key 0 serial=0 token_present=0
09-16 09:54:07.350  3077  3148 E vold    : Failed to chmod /data/system_ce/0: No such file or directory
09-16 09:54:07.350  3077  3090 V vold    : DISK mbr
09-16 09:54:07.350  3077  3090 V vold    : 
09-16 09:54:07.350  3077  3090 V vold    : PART 1 c
09-16 09:54:07.350  3077  3090 V vold    : 
09-16 09:54:07.350  3077  3148 E vold    : Failed to chmod /data/misc_ce/0: No such file or directory
09-16 09:54:07.534  3077  3090 D vold    : Disk at 7:0 changed
09-16 09:54:12.642  3657  3657 I InstallerConnection: connecting...
09-16 09:54:17.833  3657  3657 I InstallerConnection: disconnecting...
09-16 09:54:17.861  3657  3657 I SystemServer: Entered the Android system server!
09-16 09:54:17.882  3657  3657 I SystemServiceManager: Starting com.android.server.pm.Installer
09-16 09:54:17.882  3657  3657 I Installer: Waiting for installd to be ready.
09-16 09:54:17.882  3657  3657 I InstallerConnection: connecting...
09-16 09:54:17.883  3657  3657 I SystemServiceManager: Starting com.android.server.am.ActivityManagerService$Lifecycle
09-16 09:54:17.891  3657  3657 I ActivityManager: Memory class: 256
09-16 09:54:17.892  3657  3745 I ServiceThread: Enabled StrictMode logging for ActivityManager looper.
09-16 09:54:17.893  3657  3746 I ServiceThread: Enabled StrictMode logging for android.ui looper.
09-16 09:54:17.929  3657  3657 D BatteryStatsImpl: Reading daily items from /data/system/batterystats-daily.xml
09-16 09:54:17.962  3657  3657 I AppOps  : No existing app ops /data/system/appops.xml; starting empty
09-16 09:54:18.052  3657  3657 I IntentFirewall: Read new rules (A:0 B:0 S:0)
09-16 09:54:18.057  3657  3755 I ServiceThread: Enabled StrictMode logging for android.display looper.
09-16 09:54:18.076  3657  3657 D AppOps  : AppOpsService published
09-16 09:54:18.077  3657  3657 I SystemServiceManager: Starting com.android.server.power.PowerManagerService
09-16 09:54:18.078  3657  3757 I ServiceThread: Enabled StrictMode logging for PowerManagerService looper.
09-16 09:54:18.082  3657  3657 I SystemServiceManager: Starting com.android.server.lights.LightsService
09-16 09:54:18.084  3657  3657 I SystemServiceManager: Starting com.android.server.display.DisplayManagerService
09-16 09:54:18.086  3657  3657 I SystemServiceManager: Starting phase 100
09-16 09:54:18.087  3657  3755 W LocalDisplayAdapter: Unable to get active color mode for display device 0
09-16 09:54:18.087  3657  3755 E LocalDisplayAdapter: Default and active color mode is no longer available! Reverting to first available mode.
09-16 09:54:18.089  3657  3755 I DisplayManagerService: Display device added: DisplayDeviceInfo{"Built-in Screen": uniqueId="local:0", 1440 x 2960, modeId 1, defaultModeId 1, supportedModes [{id=1, width=1440, height=2960, fps=60.000004}], colorMode -22, supportedColorModes [-22], HdrCapabilities android.view.Display$HdrCapabilities@a69d6308, density 560, 522.514 x 525.762 dpi, appVsyncOff 1000000, presDeadline 16666666, touch INTERNAL, rotation 0, type BUILT_IN, state UNKNOWN, FLAG_DEFAULT_DISPLAY, FLAG_ROTATES_WITH_CONTENT, FLAG_SECURE, FLAG_SUPPORTS_PROTECTED_BUFFERS}
09-16 09:54:18.097  3657  3755 I DisplayManagerService: Display device changed state: "Built-in Screen", ON
09-16 09:54:18.098  3657  3657 I SystemServer: StartPackageManagerService
09-16 09:54:18.103  3657  3657 W FileUtils: Failed to chmod(/data/system/packages.list): android.system.ErrnoException: chmod failed: ENOENT (No such file or directory)
09-16 09:54:18.216  3657  3657 D SELinuxMMAC: Using policy file /system/etc/security/mac_permissions.xml
09-16 09:54:18.222  3657  3657 I PackageManager: No settings file; creating initial state
09-16 09:54:19.096  3657  3657 W PackageManager: Library not found: /system/framework/org.apache.http.legacy.jar
09-16 09:54:19.607  3657  3657 W PackageManager: Library not found: /system/framework/org.apache.http.legacy.jar
09-16 09:54:19.770  3657  3907 I PackageManager: /system/framework/org.cyanogenmod.platform-res.apk changed; collecting certs
09-16 09:54:19.783  3657  3907 W PackageManager: Permission cyanogenmod.permission.WRITE_ALARMS from package cyanogenmod.platform in an unknown group android.permission-group.SYSTEM_CLOCK
09-16 09:54:19.783  3657  3907 W PackageManager: Permission cyanogenmod.permission.MANAGE_ALARMS from package cyanogenmod.platform in an unknown group android.permission-group.SYSTEM_CLOCK
09-16 09:54:19.783  3657  3907 W PackageManager: Permission cyanogenmod.permission.READ_ALARMS from package cyanogenmod.platform in an unknown group android.permission-group.SYSTEM_CLOCK
09-16 09:54:19.834  3657  3906 I PackageManager: /system/framework/framework-res.apk changed; collecting certs
09-16 09:54:19.936  3657  3906 I PackageManager: /system/priv-app/CMSettingsProvider changed; collecting certs
09-16 09:54:19.938  3657  3909 I PackageManager: /system/priv-app/BackupRestoreConfirmation changed; collecting certs
09-16 09:54:19.938  3657  3910 I PackageManager: /system/priv-app/BlockedNumberProvider changed; collecting certs
09-16 09:54:19.938  3657  3911 I PackageManager: /system/priv-app/CMAudioService changed; collecting certs
09-16 09:54:19.943  3657  3908 I PackageManager: /system/priv-app/AudioFX changed; collecting certs
09-16 09:54:19.949  3657  3911 I PackageManager: /system/priv-app/CallLogBackup changed; collecting certs
09-16 09:54:19.955  3657  3907 I PackageManager: /system/priv-app/CMParts changed; collecting certs
09-16 09:54:19.958  3657  3906 I PackageManager: /system/priv-app/CalendarProvider changed; collecting certs
09-16 09:54:19.960  3657  3910 I PackageManager: /system/priv-app/CarrierConfig changed; collecting certs
09-16 09:54:19.963  3657  3909 I PackageManager: /system/priv-app/CellBroadcastReceiver changed; collecting certs
09-16 09:54:19.974  3657  3910 I PackageManager: /system/priv-app/DefaultContainerService changed; collecting certs
09-16 09:54:19.978  3657  3911 I PackageManager: /system/priv-app/ContactsProvider changed; collecting certs
09-16 09:54:19.979  3657  3906 I PackageManager: /system/priv-app/CtsShimPrivPrebuilt changed; collecting certs
09-16 09:54:19.993  3657  3910 I PackageManager: /system/priv-app/DownloadProvider changed; collecting certs
09-16 09:54:19.997  3657  3908 W PackageParser: No actions in intent filter at /system/priv-app/Contacts/Contacts.apk Binary XML file line #431
09-16 09:54:19.998  3657  3909 I PackageManager: /system/priv-app/DocumentsUI changed; collecting certs
09-16 09:54:20.001  3657  3906 I PackageManager: /system/priv-app/Eleven changed; collecting certs
09-16 09:54:20.005  3657  3908 I PackageManager: /system/priv-app/Contacts changed; collecting certs
09-16 09:54:20.007  3657  3910 W PackageManager: Permission android.permission.DOWNLOAD_WITHOUT_NOTIFICATION from package com.android.providers.downloads in an unknown group android.permission-group.NETWORK
09-16 09:54:20.009  3657  3911 I PackageManager: /system/priv-app/EmergencyInfo changed; collecting certs
09-16 09:54:20.011  3657  3907 W PackageParser: No actions in intent filter at /system/priv-app/Dialer/Dialer.apk Binary XML file line #207
09-16 09:54:20.014  3657  3910 I PackageManager: /system/priv-app/ExtServices changed; collecting certs
09-16 09:54:20.017  3657  3907 I PackageManager: /system/priv-app/Dialer changed; collecting certs
09-16 09:54:20.026  3657  3909 I PackageManager: /system/priv-app/ExternalStorageProvider changed; collecting certs
09-16 09:54:20.028  3657  3910 I PackageManager: /system/priv-app/FusedLocation changed; collecting certs
09-16 09:54:20.044  3657  3909 I PackageManager: /system/priv-app/InputDevices changed; collecting certs
09-16 09:54:20.057  3657  3908 I PackageManager: /system/priv-app/MediaProvider changed; collecting certs
09-16 09:54:20.058  3657  3906 I PackageManager: /system/priv-app/LineageSetupWizard changed; collecting certs
09-16 09:54:20.058  3657  3909 I PackageManager: /system/priv-app/MmsService changed; collecting certs
09-16 09:54:20.058  3657  3910 I PackageManager: /system/priv-app/ManagedProvisioning changed; collecting certs
09-16 09:54:20.074  3657  3907 I PackageManager: /system/priv-app/MtpDocumentsProvider changed; collecting certs
09-16 09:54:20.075  3657  3911 I PackageManager: /system/priv-app/Gallery2 changed; collecting certs
09-16 09:54:20.082  3657  3908 I PackageManager: /system/priv-app/OneTimeInitializer changed; collecting certs
09-16 09:54:20.088  3657  3910 I PackageManager: /system/priv-app/ProxyHandler changed; collecting certs
09-16 09:54:20.092  3657  3909 I PackageManager: /system/priv-app/PackageInstaller changed; collecting certs
09-16 09:54:20.097  3657  3906 I PackageManager: /system/priv-app/Recorder changed; collecting certs
09-16 09:54:20.098  3657  3908 I PackageManager: /system/priv-app/SettingsProvider changed; collecting certs
09-16 09:54:20.099  3657  3910 I PackageManager: /system/priv-app/SharedStorageBackup changed; collecting certs
09-16 09:54:20.116  3657  3910 I PackageManager: /system/priv-app/StatementService changed; collecting certs
09-16 09:54:20.120  3657  3908 W PackageParser: Ignoring duplicate uses-permissions/uses-permissions-sdk-m: android.permission.INSTALL_GRANT_RUNTIME_PERMISSIONS in package: com.android.shell at: Binary XML file line #102
09-16 09:54:20.124  3657  3908 I PackageManager: /system/priv-app/Shell changed; collecting certs
09-16 09:54:20.127  3657  3906 I PackageManager: /system/priv-app/StorageManager changed; collecting certs
09-16 09:54:20.127  3657  3911 I PackageManager: /system/priv-app/Tag changed; collecting certs
09-16 09:54:20.146  3657  3911 I PackageManager: /system/priv-app/TelephonyProvider changed; collecting certs
09-16 09:54:20.152  3657  3908 I PackageManager: /system/priv-app/Telecom changed; collecting certs
09-16 09:54:20.156  3657  3909 W PackageParser: Ignoring duplicate uses-permissions/uses-permissions-sdk-m: android.permission.CONFIGURE_WIFI_DISPLAY in package: com.android.systemui at: Binary XML file line #117
09-16 09:54:20.168  3657  3907 W PackageParser: Ignoring duplicate uses-permissions/uses-permissions-sdk-m: android.permission.USE_CREDENTIALS in package: com.android.settings at: Binary XML file line #56
09-16 09:54:20.168  3657  3907 W PackageParser: Ignoring duplicate uses-permissions/uses-permissions-sdk-m: android.permission.READ_SYNC_SETTINGS in package: com.android.settings at: Binary XML file line #61
09-16 09:54:20.169  3657  3906 I PackageManager: /system/priv-app/Trebuchet changed; collecting certs
09-16 09:54:20.169  3657  3907 W PackageParser: Ignoring duplicate uses-permissions/uses-permissions-sdk-m: android.permission.WRITE_SYNC_SETTINGS in package: com.android.settings at: Binary XML file line #62
09-16 09:54:20.171  3657  3911 I PackageManager: /system/priv-app/Updater changed; collecting certs
09-16 09:54:20.174  3657  3908 I PackageManager: /system/priv-app/VpnDialogs changed; collecting certs
09-16 09:54:20.176  3657  3909 I PackageManager: /system/priv-app/SystemUI changed; collecting certs
09-16 09:54:20.184  3657  3906 W PackageManager: Permission com.android.launcher.permission.INSTALL_SHORTCUT from package com.cyanogenmod.trebuchet in an unknown group android.permission-group.SYSTEM_TOOLS
09-16 09:54:20.184  3657  3906 W PackageManager: Permission com.android.launcher3.permission.READ_SETTINGS from package com.cyanogenmod.trebuchet in an unknown group android.permission-group.SYSTEM_TOOLS
09-16 09:54:20.184  3657  3906 W PackageManager: Permission com.android.launcher3.permission.WRITE_SETTINGS from package com.cyanogenmod.trebuchet in an unknown group android.permission-group.SYSTEM_TOOLS
09-16 09:54:20.186  3657  3911 I PackageManager: /system/priv-app/WeatherManagerService changed; collecting certs
09-16 09:54:20.189  3657  3908 I PackageManager: /system/priv-app/WallpaperCropper changed; collecting certs
09-16 09:54:20.191  3657  3906 I PackageManager: /system/priv-app/WeatherProvider changed; collecting certs
09-16 09:54:20.210  3657  3910 I PackageManager: /system/priv-app/TeleService changed; collecting certs
09-16 09:54:20.283  3657  3907 I PackageManager: /system/priv-app/Settings changed; collecting certs
09-16 09:54:20.379  3657  3908 I PackageManager: /system/app/BasicDreams changed; collecting certs
09-16 09:54:20.381  3657  3910 I PackageManager: /system/app/BookmarkProvider changed; collecting certs
09-16 09:54:20.381  3657  3909 I PackageManager: /system/app/BluetoothMidiService changed; collecting certs
09-16 09:54:20.391  3657  3911 I PackageManager: /system/app/AdvancedDisplay changed; collecting certs
09-16 09:54:20.393  3657  3909 I PackageManager: /system/app/CaptivePortalLogin changed; collecting certs
09-16 09:54:20.399  3657  3910 I PackageManager: /system/app/CertInstaller changed; collecting certs
09-16 09:54:20.400  3657  3907 I PackageManager: /system/app/Calendar changed; collecting certs
09-16 09:54:20.402  3657  3908 I PackageManager: /system/app/Camera2 changed; collecting certs
09-16 09:54:20.404  3657  3909 I PackageManager: /system/app/CtsShimPrebuilt changed; collecting certs
09-16 09:54:20.409  3657  3909 W PackageManager: Non-privileged app; cap priority to 0; package: com.android.cts.ctsshim activity: com.android.cts.ctsshim.InstallPriority origPrio: 100
09-16 09:54:20.409  3657  3909 W PackageManager: Non-privileged app; cap priority to 0; package: com.android.cts.ctsshim activity: com.android.cts.ctsshim.InstallPriority origPrio: 100
09-16 09:54:20.409  3657  3909 W PackageManager: Non-privileged app; cap priority to 0; package: com.android.cts.ctsshim activity: com.android.cts.ctsshim.InstallPriority origPrio: 100
09-16 09:54:20.409  3657  3909 W PackageManager: Non-privileged app; cap priority to 0; package: com.android.cts.ctsshim activity: com.android.cts.ctsshim.InstallPriority origPrio: 100
09-16 09:54:20.410  3657  3909 W PackageManager: Non-privileged app; cap priority to 0; package: com.android.cts.ctsshim activity: com.android.cts.ctsshim.InstallPriority origPrio: 100
09-16 09:54:20.414  3657  3907 W PackageManager: Non-privileged app; cap priority to 0; package: com.android.calendar activity: com.android.calendar.GoogleCalendarUriIntentFilter origPrio: 50
09-16 09:54:20.416  3657  3906 W PackageParser: No actions in intent filter at /system/app/Bluetooth/Bluetooth.apk Binary XML file line #226
09-16 09:54:20.419  3657  3910 W PackageParser: Ignoring duplicate uses-permissions/uses-permissions-sdk-m: android.permission.WRITE_SETTINGS in package: com.android.deskclock at: Binary XML file line #45
09-16 09:54:20.420  3657  3906 I PackageManager: /system/app/Bluetooth changed; collecting certs
09-16 09:54:20.422  3657  3911 I PackageManager: /system/app/Development changed; collecting certs
09-16 09:54:20.423  3657  3907 I PackageManager: /system/app/EasterEgg changed; collecting certs
09-16 09:54:20.428  3657  3909 I PackageManager: /system/app/DownloadProviderUi changed; collecting certs
09-16 09:54:20.435  3657  3910 I PackageManager: /system/app/DeskClock changed; collecting certs
09-16 09:54:20.445  3657  3908 I PackageManager: /system/app/ExtShared changed; collecting certs
09-16 09:54:20.445  3657  3909 I PackageManager: /system/app/ExactCalculator changed; collecting certs
09-16 09:54:20.454  3657  3906 I PackageManager: /system/app/HTMLViewer changed; collecting certs
09-16 09:54:20.461  3657  3907 I PackageManager: /system/app/Exchange2 changed; collecting certs
09-16 09:54:20.463  3657  3909 I PackageManager: /system/app/KeyChain changed; collecting certs
09-16 09:54:20.466  3657  3908 I PackageManager: /system/app/Jelly changed; collecting certs
09-16 09:54:20.479  3657  3906 I PackageManager: /system/app/LiveWallpapersPicker changed; collecting certs
09-16 09:54:20.480  3657  3908 I PackageManager: /system/app/PacProcessor changed; collecting certs
09-16 09:54:20.482  3657  3909 I PackageManager: /system/app/LockClock changed; collecting certs
09-16 09:54:20.486  3657  3907 W PackageParser: Ignoring duplicate uses-permissions/uses-permissions-sdk-m: android.permission.CHANGE_WIFI_STATE in package: com.android.nfc at: Binary XML file line #47
09-16 09:54:20.486  3657  3907 W PackageParser: Ignoring duplicate uses-permissions/uses-permissions-sdk-m: android.permission.ACCESS_WIFI_STATE in package: com.android.nfc at: Binary XML file line #48
09-16 09:54:20.489  3657  3911 I PackageManager: /system/app/Email changed; collecting certs
09-16 09:54:20.492  3657  3907 I PackageManager: /system/app/NfcNci changed; collecting certs
09-16 09:54:20.502  3657  3908 I PackageManager: /system/app/PicoTts changed; collecting certs
09-16 09:54:20.502  3657  3906 I PackageManager: /system/app/PhotoTable changed; collecting certs
09-16 09:54:20.505  3657  3910 I PackageManager: /system/app/LatinIME changed; collecting certs
09-16 09:54:20.506  3657  3909 I PackageManager: /system/app/PrintRecommendationService changed; collecting certs
09-16 09:54:20.527  3657  3911 W PackageManager: Permission com.android.email.permission.READ_ATTACHMENT from package com.android.email in an unknown group android.permission-group.MESSAGES
09-16 09:54:20.527  3657  3909 I PackageManager: /system/app/RootPA changed; collecting certs
09-16 09:54:20.527  3657  3908 I PackageManager: /system/app/PrintSpooler changed; collecting certs
09-16 09:54:20.527  3657  3907 I PackageManager: /system/app/Profiles changed; collecting certs
09-16 09:54:20.527  3657  3906 I PackageManager: /system/app/Stk changed; collecting certs
09-16 09:54:20.538  3657  3909 I PackageManager: /system/app/WAPPushManager changed; collecting certs
09-16 09:54:20.539  3657  3906 I PackageManager: /system/app/WallpaperBackup changed; collecting certs
09-16 09:54:20.539  3657  3911 I PackageManager: /system/app/Terminal changed; collecting certs
09-16 09:54:20.539  3657  3907 I PackageManager: /system/app/UserDictionaryProvider changed; collecting certs
09-16 09:54:20.545  3657  3909 W PackageManager: Failed to parse /system/app/mcRegistry: Missing base APK in /system/app/mcRegistry
09-16 09:54:20.545  3657  3908 I PackageManager: /system/app/WallpaperPicker changed; collecting certs
09-16 09:54:20.556  3657  3907 I PackageManager: /system/app/telresources changed; collecting certs
09-16 09:54:20.570  3657  3906 I PackageManager: /system/app/webview changed; collecting certs
09-16 09:54:20.586  3657  3909 I PackageManager: /system/app/messaging changed; collecting certs
09-16 09:54:20.913  3657  3911 I PackageManager: /data/app/eu.chainfire.supersu-1 changed; collecting certs
09-16 09:54:21.410  3657  3657 E PackageManager: There should probably be exactly one setup wizard; found 0: matches=[]
09-16 09:54:21.410  3657  3657 W PackageManager: Protected action; cap priority to 0; package: com.android.cts.priv.ctsshim activity: com.android.cts.priv.ctsshim.InstallPriority origPrio: 100
09-16 09:54:21.410  3657  3657 W PackageManager: Protected action; cap priority to 0; package: com.android.cts.priv.ctsshim activity: com.android.cts.priv.ctsshim.InstallPriority origPrio: 100
09-16 09:54:21.410  3657  3657 W PackageManager: Protected action; cap priority to 0; package: com.android.cts.priv.ctsshim activity: com.android.cts.priv.ctsshim.InstallPriority origPrio: 100
09-16 09:54:21.410  3657  3657 W PackageManager: Protected action; cap priority to 0; package: com.android.cts.priv.ctsshim activity: com.android.cts.priv.ctsshim.InstallPriority origPrio: 100
09-16 09:54:21.411  3657  3657 W PackageManager: Protected action; cap priority to 0; package: com.android.packageinstaller activity: com.android.packageinstaller.PackageInstallerActivity origPrio: 1
09-16 09:54:21.411  3657  3657 W PackageManager: Package com.android.gallery3d desires unavailable shared library com.google.android.media.effects; ignoring!
09-16 09:54:21.411  3657  3657 W PackageManager: Package com.android.gallery3d desires unavailable shared library com.google.android.media.effects; ignoring!
09-16 09:54:21.411  3657  3657 I PackageManager: Adjusting ABI for com.android.providers.media to arm64-v8a (requirer=com.android.mtp, scannedPackage=null)
09-16 09:54:21.412  3657  3657 I PackageManager: Adjusting ABI for com.android.providers.downloads to arm64-v8a (requirer=com.android.mtp, scannedPackage=null)
09-16 09:54:21.412  3657  3657 I PackageManager: Adjusting ABI for com.android.providers.downloads.ui to arm64-v8a (requirer=com.android.mtp, scannedPackage=null)
09-16 09:54:21.413  3657  3657 I PackageManager: Adjusting ABI for com.cyanogenmod.setupwizard to arm64-v8a (requirer=android, scannedPackage=null)
09-16 09:54:21.413  3657  3657 I PackageManager: Adjusting ABI for com.android.server.telecom to arm64-v8a (requirer=android, scannedPackage=null)
09-16 09:54:21.414  3657  3657 I PackageManager: Adjusting ABI for com.android.wallpaperbackup to arm64-v8a (requirer=android, scannedPackage=null)
09-16 09:54:21.414  3657  3657 I PackageManager: Adjusting ABI for com.cyanogenmod.settings.device to arm64-v8a (requirer=android, scannedPackage=null)
09-16 09:54:21.414  3657  3657 I PackageManager: Adjusting ABI for com.android.inputdevices to arm64-v8a (requirer=android, scannedPackage=null)
09-16 09:54:21.415  3657  3657 I PackageManager: Adjusting ABI for com.android.location.fused to arm64-v8a (requirer=android, scannedPackage=null)
09-16 09:54:21.415  3657  3657 I PackageManager: Adjusting ABI for org.cyanogenmod.cmsettings to arm64-v8a (requirer=android, scannedPackage=null)
09-16 09:54:21.415  3657  3657 I PackageManager: Adjusting ABI for org.cyanogenmod.cmparts to arm64-v8a (requirer=android, scannedPackage=null)
09-16 09:54:21.416  3657  3657 I PackageManager: Adjusting ABI for com.android.providers.settings to arm64-v8a (requirer=android, scannedPackage=null)
09-16 09:54:21.416  3657  3657 I PackageManager: Adjusting ABI for com.android.keychain to arm64-v8a (requirer=android, scannedPackage=null)
09-16 09:54:21.417  3657  3657 I PackageManager: Adjusting ABI for cyanogenmod.platform to arm64-v8a (requirer=android, scannedPackage=null)
09-16 09:54:21.417  3657  3657 I PackageManager: Adjusting ABI for com.android.development to arm64-v8a (requirer=android, scannedPackage=null)
09-16 09:54:21.417  3657  3657 I PackageManager: Adjusting ABI for com.android.settings to arm64-v8a (requirer=android, scannedPackage=null)
09-16 09:54:21.419  3657  3657 I PackageManager: Time to scan packages: 3.19 seconds
09-16 09:54:21.421  3657  3657 W PackageManager: Unknown permission com.google.android.googleapps.permission.GOOGLE_AUTH in package com.android.providers.calendar
09-16 09:54:21.421  3657  3657 W PackageManager: Unknown permission com.google.android.googleapps.permission.GOOGLE_AUTH.cl in package com.android.providers.calendar
09-16 09:54:21.426  3657  3657 W PackageManager: Unknown permission cyanogenmod.permission.LEGALESE in package com.cyanogenmod.setupwizard
09-16 09:54:21.429  3657  3657 W PackageManager: Unknown permission com.android.gallery3d.permission.STORAGE_CHANGE in package com.android.camera2
09-16 09:54:21.429  3657  3657 W PackageManager: Unknown permission android.permission.NFC_UNLOCK in package com.android.nfc
09-16 09:54:21.433  3657  3657 W PackageManager: Unknown permission com.google.android.googleapps.permission.GOOGLE_AUTH.mail in package com.android.calendar
09-16 09:54:21.434  3657  3657 W PackageManager: Unknown permission com.android.launcher.permission.READ_SETTINGS in package com.android.onetimeinitializer
09-16 09:54:21.434  3657  3657 W PackageManager: Unknown permission com.android.launcher.permission.WRITE_SETTINGS in package com.android.onetimeinitializer
09-16 09:54:21.440  3657  3657 W PackageManager: Unknown permission com.android.launcher.permission.READ_SETTINGS in package com.cyanogenmod.trebuchet
09-16 09:54:21.440  3657  3657 W PackageManager: Unknown permission com.android.launcher.permission.WRITE_SETTINGS in package com.cyanogenmod.trebuchet
09-16 09:54:21.441  3657  3657 W PackageManager: Unknown permission com.google.android.permission.INSTALL_WEARABLE_PACKAGES in package com.android.packageinstaller
09-16 09:54:21.441  3657  3657 W PackageManager: Not granting permission android.permission.DELETE_PACKAGES to package com.svox.pico (protectionLevel=18 flags=0x3808be45)
09-16 09:54:21.444  3657  3657 W PackageManager: Unknown permission com.google.android.gallery3d.permission.PICASA_STORE in package com.android.dreams.phototable
09-16 09:54:21.445  3657  3657 W PackageManager: Unknown permission com.google.android.googleapps.permission.GOOGLE_AUTH in package com.android.settings
09-16 09:54:21.446  3657  3657 W PackageManager: Unknown permission com.android.launcher.permission.READ_SETTINGS in package com.android.settings
09-16 09:54:21.446  3657  3657 W PackageManager: Unknown permission com.android.launcher.permission.WRITE_SETTINGS in package com.android.settings
09-16 09:54:21.450  3657  3657 W PackageManager: Not granting permission android.permission.REBOOT to package eu.chainfire.supersu (protectionLevel=18 flags=0x38083e04)
09-16 09:54:21.460  3657  3657 W PackageManager: Not granting permission android.permission.MANAGE_DOCUMENTS to package com.android.deskclock (protectionLevel=2 flags=0x3c49be45)
09-16 09:54:21.460  3657  3657 W PackageManager: Unknown permission com.android.deskclock.worldclock.permissions.WRITE_DATABASE in package com.android.deskclock
09-16 09:54:21.460  3657  3657 W PackageManager: Unknown permission org.codeaurora.permission.POWER_ON_ALERT in package com.android.deskclock
09-16 09:54:21.460  3657  3657 W PackageManager: Not granting permission android.permission.WRITE_SECURE_SETTINGS to package com.android.deskclock (protectionLevel=50 flags=0x3c49be45)
09-16 09:54:21.466  3657  3657 W PackageManager: Unknown permission com.cyanogenmod.lockclock.permission.READ_WEATHER in package com.android.systemui
09-16 09:54:21.469  3657  3657 W PackageManager: Unknown permission com.google.android.gallery3d.permission.GALLERY_PROVIDER in package com.android.bluetooth
09-16 09:54:21.471  3657  3657 W PackageManager: Unknown permission com.google.android.googleapps.permission.ACCESS_GOOGLE_PASSWORD in package com.android.development
09-16 09:54:21.471  3657  3657 W PackageManager: Unknown permission com.google.android.googleapps.permission.GOOGLE_AUTH in package com.android.development
09-16 09:54:21.471  3657  3657 W PackageManager: Unknown permission com.google.android.googleapps.permission.GOOGLE_AUTH.ALL_SERVICES in package com.android.development
09-16 09:54:21.471  3657  3657 W PackageManager: Unknown permission com.google.android.googleapps.permission.GOOGLE_AUTH.YouTubeUser in package com.android.development
09-16 09:54:21.473  3657  3657 V PackageManager: reconcileAppsData for null u0 0x3
09-16 09:54:21.717  3657  3657 V PackageManager: reconcileAppsData finished 94 packages
09-16 09:54:21.717  3657  3657 V PackageManager: Disabling com.google.android.gsf/com.google.android.gsf.update.SystemUpdateActivity
09-16 09:54:21.717  3657  3657 W PackageManager: Unable to disable com.google.android.gsf/com.google.android.gsf.update.SystemUpdateActivity
09-16 09:54:21.717  3657  3657 V PackageManager: Disabling com.google.android.gsf/com.google.android.gsf.update.SystemUpdateService$Receiver
09-16 09:54:21.717  3657  3657 W PackageManager: Unable to disable com.google.android.gsf/com.google.android.gsf.update.SystemUpdateService$Receiver
09-16 09:54:21.717  3657  3657 V PackageManager: Disabling com.google.android.gsf/com.google.android.gsf.update.SystemUpdateService$SecretCodeReceiver
09-16 09:54:21.718  3657  3657 W PackageManager: Unable to disable com.google.android.gsf/com.google.android.gsf.update.SystemUpdateService$SecretCodeReceiver
09-16 09:54:21.718  3657  3657 V PackageManager: Disabling com.google.android.gsf/com.google.android.gsf.update.SystemUpdateServiceReceiver
09-16 09:54:21.718  3657  3657 W PackageManager: Unable to disable com.google.android.gsf/com.google.android.gsf.update.SystemUpdateServiceReceiver
09-16 09:54:21.718  3657  3657 V PackageManager: Disabling com.google.android.gms/com.google.android.gms.update.SystemUpdateActivity
09-16 09:54:21.718  3657  3657 W PackageManager: Unable to disable com.google.android.gms/com.google.android.gms.update.SystemUpdateActivity
09-16 09:54:21.718  3657  3657 V PackageManager: Disabling com.google.android.gms/com.google.android.gms.update.SystemUpdateService$Receiver
09-16 09:54:21.718  3657  3657 W PackageManager: Unable to disable com.google.android.gms/com.google.android.gms.update.SystemUpdateService$Receiver
09-16 09:54:21.718  3657  3657 V PackageManager: Disabling com.google.android.gms/com.google.android.gms.update.SystemUpdateService$ActiveReceiver
09-16 09:54:21.718  3657  3657 W PackageManager: Unable to disable com.google.android.gms/com.google.android.gms.update.SystemUpdateService$ActiveReceiver
09-16 09:54:21.719  3657  3657 V PackageManager: Disabling com.google.android.gms/com.google.android.gms.update.SystemUpdateService$SecretCodeReceiver
09-16 09:54:21.719  3657  3657 W PackageManager: Unable to disable com.google.android.gms/com.google.android.gms.update.SystemUpdateService$SecretCodeReceiver
09-16 09:54:21.719  3657  3657 V PackageManager: Disabling com.google.android.gms/com.google.android.gms.update.SystemUpdateServiceReceiver
09-16 09:54:21.719  3657  3657 W PackageManager: Unable to disable com.google.android.gms/com.google.android.gms.update.SystemUpdateServiceReceiver
09-16 09:54:21.719  3657  3657 V PackageManager: Enabling com.google.android.gsf/com.google.android.gsf.update.SystemUpdateService
09-16 09:54:21.719  3657  3657 W PackageManager: Unable to enable com.google.android.gsf/com.google.android.gsf.update.SystemUpdateService
09-16 09:54:21.719  3657  3657 V PackageManager: Enabling com.google.android.gms/com.google.android.gms.update.SystemUpdateService
09-16 09:54:21.719  3657  3657 W PackageManager: Unable to enable com.google.android.gms/com.google.android.gms.update.SystemUpdateService
09-16 09:54:30.989  3657  3657 D PackageManager: Ephemeral resolver NOT found; no matching intent filters
09-16 09:54:30.989  3657  3657 I PackageManager: Ephemeral deactivated; missing resolver and installer
09-16 09:54:31.009  3657  3657 I SystemServer: StartOtaDexOptService
09-16 09:54:31.011  3657  3657 I SystemServer: StartUserManagerService
09-16 09:54:31.011  3657  3657 I SystemServiceManager: Starting com.android.server.pm.UserManagerService$LifeCycle
09-16 09:54:31.026  3657  3657 I SystemServiceManager: Starting com.android.server.BatteryService
09-16 09:54:31.030  3657  3657 I SystemServiceManager: Starting com.android.server.usage.UsageStatsService
09-16 09:54:31.037  3657  3657 I SystemServiceManager: Starting com.android.server.webkit.WebViewUpdateService
09-16 09:54:31.040  3657  3657 I SystemServer: Reading configuration...
09-16 09:54:31.040  3657  3657 I SystemServer: StartSchedulingPolicyService
09-16 09:54:31.041  3657  3657 I SystemServiceManager: Starting com.android.server.telecom.TelecomLoaderService
09-16 09:54:31.041  3657  3657 I SystemServer: StartTelephonyRegistry
09-16 09:54:31.044  3657  3657 I SystemServer: StartEntropyMixer
09-16 09:54:31.045  3657  3657 W EntropyMixer: No existing entropy file -- first boot?
09-16 09:54:31.064  3657  3657 I EntropyMixer: Added HW RNG output to entropy pool
09-16 09:54:31.064  3657  3657 I EntropyMixer: Writing entropy...
09-16 09:54:31.071  3657  3657 I SystemServer: Camera Service
09-16 09:54:31.071  3657  3657 I SystemServiceManager: Starting com.android.server.camera.CameraService
09-16 09:54:31.072  3657  4087 I ServiceThread: Enabled StrictMode logging for CameraService_proxy looper.
09-16 09:54:31.073  3657  3657 I SystemServer: StartAccountManagerService
09-16 09:54:31.073  3657  3657 I SystemServiceManager: Starting com.android.server.accounts.AccountManagerService$Lifecycle
09-16 09:54:31.080  3657  3657 I SystemServer: StartContentService
09-16 09:54:31.080  3657  3657 I SystemServiceManager: Starting com.android.server.content.ContentService$Lifecycle
09-16 09:54:31.082  3657  3657 I SystemServer: InstallSystemProviders
09-16 09:54:31.113  3657  3657 D ActivityThread: Loading provider settings: com.android.providers.settings.SettingsProvider
09-16 09:54:31.170  3657  3657 I SettingsState: No settings state /data/system/users/0/settings_system.xml
09-16 09:54:31.178  3657  3657 I SettingsState: No settings state /data/system/users/0/settings_secure.xml
09-16 09:54:31.181  3657  3657 D SettingsProvider: Generated and saved new ANDROID_ID [a2976c713e455054] for user 0
09-16 09:54:31.188  3657  3657 I SettingsState: No settings state /data/system/users/0/settings_global.xml
09-16 09:54:31.218  3657  3657 I SystemServer: StartVibratorService
09-16 09:54:31.222  3657  3657 I SystemServer: StartConsumerIrService
09-16 09:54:31.223  3657  3657 I SystemServer: StartAlarmManagerService
09-16 09:54:31.223  3657  3657 I SystemServiceManager: Starting com.android.server.AlarmManagerService
09-16 09:54:31.229  3657  3657 I SystemServer: InitWatchdog
09-16 09:54:31.229  3657  3657 I SystemServer: StartInputManagerService
09-16 09:54:31.230  3657  3657 I InputManager: Initializing input manager, mUseDevInputEventForAudioJack=false
09-16 09:54:31.231  3657  3657 I SystemServer: StartWindowManagerService
09-16 09:54:31.240  3657  3755 I WindowManager: No existing display settings /data/system/display_settings.xml; starting empty
09-16 09:54:31.335  3657  3657 I SystemServer: StartVrManagerService
09-16 09:54:31.335  3657  3657 I SystemServiceManager: Starting com.android.server.vr.VrManagerService
09-16 09:54:31.338  3657  3657 I InputManager: Starting input manager
09-16 09:54:31.344  3657  3657 I SystemServiceManager: Starting com.android.server.BluetoothService
09-16 09:54:31.345  3657  3657 D BluetoothManagerService: Loading stored name and address
09-16 09:54:31.346  3657  3657 D BluetoothManagerService: Stored bluetooth Name=null,Address=null
09-16 09:54:31.346  3657  3657 D BluetoothManagerService: Bluetooth persisted state: 0
09-16 09:54:31.346  3657  3657 I SystemServer: ConnectivityMetricsLoggerService
09-16 09:54:31.346  3657  3657 I SystemServiceManager: Starting com.android.server.connectivity.MetricsLoggerService
09-16 09:54:31.347  3657  3657 I SystemServer: IpConnectivityMetrics
09-16 09:54:31.347  3657  3657 I SystemServiceManager: Starting com.android.server.connectivity.IpConnectivityMetrics
09-16 09:54:31.348  3657  3657 I SystemServer: PinnerService
09-16 09:54:31.348  3657  3657 I SystemServiceManager: Starting com.android.server.PinnerService
09-16 09:54:31.349  3657  3657 I SystemServiceManager: Starting com.android.server.InputMethodManagerService$Lifecycle
09-16 09:54:31.492  3657  3657 W InputMethodManagerService: No IME selected. Choose the most applicable IME.
09-16 09:54:31.499  3657  3657 I InputMethodManagerService: Default found, using com.android.inputmethod.latin/.LatinIME
09-16 09:54:31.500  3657  3657 I SystemServer: StartAccessibilityManagerService
09-16 09:54:31.509  3657  3657 I ActivityManager: Config changes=1df8 {1.0 ?mcc?mnc [en_US] ldltr sw411dp w411dp h845dp 560dpi nrml long port ?uimode ?night -touch -keyb/h/h -nav/h s.2}
09-16 09:54:31.511  3657  3744 I UsageStatsDatabase: Upgrading from version 0 to 3
09-16 09:54:31.511  3657  3744 I UsageStatsDatabase: Deleting all usage stats files
09-16 09:54:31.514  3657  3744 I UsageStatsService: User[0] Rollover scheduled @ 2017-09-17 12:54:31(1505652871509)
09-16 09:54:31.514  3657  3744 D UsageStatsService: Initializing defaults for system apps on user 0
09-16 09:54:31.533  3657  3744 E AppIdleHistory: Unable to read app idle file for user 0
09-16 09:54:31.533  3657  3755 I ActivityManager: Config changes=400 {1.0 ?mcc?mnc [en_US] ldltr sw411dp w411dp h773dp 560dpi nrml long port ?uimode ?night -touch -keyb/h/h -nav/h s.3}
09-16 09:54:31.554  3657  3755 W LocalDisplayAdapter: Unable to find color mode 0, ignoring request.
09-16 09:54:31.565  3657  3657 W LocalDisplayAdapter: Unable to find color mode 0, ignoring request.
09-16 09:54:31.565  3657  3657 I SystemServiceManager: Starting com.android.server.MountService$Lifecycle
09-16 09:54:31.573  3657  4096 D MountService: Thinking about init, mSystemReady=false, mDaemonConnected=true
09-16 09:54:31.574  3657  3657 I SystemServiceManager: Starting com.android.server.UiModeManagerService
09-16 09:54:31.574  3657  4096 D MountService: Thinking about reset, mSystemReady=false, mDaemonConnected=true
09-16 09:54:31.574  3657  4096 D MountService: Thinking about init, mSystemReady=false, mDaemonConnected=true
09-16 09:54:31.574  3657  4096 D MountService: Thinking about reset, mSystemReady=false, mDaemonConnected=true
09-16 09:54:31.575  3657  4096 D CryptdConnector: SND -> {1 cryptfs getfield SystemLocale}
09-16 09:54:31.576  3657  4098 D CryptdConnector: RCV <- {200 1 -1}
09-16 09:54:31.578  3657  4096 W MountService: No primary storage mounted!
09-16 09:54:31.579  3657  4096 D VoldConnector: SND -> {1 asec list}
09-16 09:54:31.580  3657  4097 D VoldConnector: RCV <- {200 1 asec operation succeeded}
09-16 09:54:31.842  3657  3657 I ActivityManager: Config changes=200 {1.0 ?mcc?mnc [en_US] ldltr sw411dp w411dp h773dp 560dpi nrml long port -touch -keyb/h/h -nav/h s.4}
09-16 09:54:31.844  3657  4096 W PackageManager: Unknown permission com.google.android.googleapps.permission.GOOGLE_AUTH in package com.android.providers.calendar
09-16 09:54:31.844  3657  4096 W PackageManager: Unknown permission com.google.android.googleapps.permission.GOOGLE_AUTH.cl in package com.android.providers.calendar
09-16 09:54:31.847  3657  4096 W PackageManager: Unknown permission cyanogenmod.permission.LEGALESE in package com.cyanogenmod.setupwizard
09-16 09:54:31.849  3657  4096 W PackageManager: Unknown permission com.android.gallery3d.permission.STORAGE_CHANGE in package com.android.camera2
09-16 09:54:31.850  3657  4096 W PackageManager: Unknown permission android.permission.NFC_UNLOCK in package com.android.nfc
09-16 09:54:31.853  3657  4096 W PackageManager: Unknown permission com.google.android.googleapps.permission.GOOGLE_AUTH.mail in package com.android.calendar
09-16 09:54:31.854  3657  4096 W PackageManager: Unknown permission com.android.launcher.permission.READ_SETTINGS in package com.android.onetimeinitializer
09-16 09:54:31.854  3657  4096 W PackageManager: Unknown permission com.android.launcher.permission.WRITE_SETTINGS in package com.android.onetimeinitializer
09-16 09:54:31.857  3657  4096 W PackageManager: Unknown permission com.android.launcher.permission.READ_SETTINGS in package com.cyanogenmod.trebuchet
09-16 09:54:31.857  3657  4096 W PackageManager: Unknown permission com.android.launcher.permission.WRITE_SETTINGS in package com.cyanogenmod.trebuchet
09-16 09:54:31.858  3657  4096 W PackageManager: Unknown permission com.google.android.permission.INSTALL_WEARABLE_PACKAGES in package com.android.packageinstaller
09-16 09:54:31.858  3657  4096 W PackageManager: Not granting permission android.permission.DELETE_PACKAGES to package com.svox.pico (protectionLevel=18 flags=0x3888be45)
09-16 09:54:31.860  3657  4096 W PackageManager: Unknown permission com.google.android.gallery3d.permission.PICASA_STORE in package com.android.dreams.phototable
09-16 09:54:31.861  3657  4096 W PackageManager: Unknown permission com.google.android.googleapps.permission.GOOGLE_AUTH in package com.android.settings
09-16 09:54:31.862  3657  4096 W PackageManager: Unknown permission com.android.launcher.permission.READ_SETTINGS in package com.android.settings
09-16 09:54:31.862  3657  4096 W PackageManager: Unknown permission com.android.launcher.permission.WRITE_SETTINGS in package com.android.settings
09-16 09:54:31.864  3657  4096 W PackageManager: Not granting permission android.permission.REBOOT to package eu.chainfire.supersu (protectionLevel=18 flags=0x38083e04)
09-16 09:54:31.871  3657  4096 W PackageManager: Not granting permission android.permission.MANAGE_DOCUMENTS to package com.android.deskclock (protectionLevel=2 flags=0x3cc9be45)
09-16 09:54:31.871  3657  4096 W PackageManager: Unknown permission com.android.deskclock.worldclock.permissions.WRITE_DATABASE in package com.android.deskclock
09-16 09:54:31.871  3657  4096 W PackageManager: Unknown permission org.codeaurora.permission.POWER_ON_ALERT in package com.android.deskclock
09-16 09:54:31.871  3657  4096 W PackageManager: Not granting permission android.permission.WRITE_SECURE_SETTINGS to package com.android.deskclock (protectionLevel=50 flags=0x3cc9be45)
09-16 09:54:31.876  3657  4096 W PackageManager: Unknown permission com.cyanogenmod.lockclock.permission.READ_WEATHER in package com.android.systemui
09-16 09:54:31.878  3657  4096 W PackageManager: Unknown permission com.google.android.gallery3d.permission.GALLERY_PROVIDER in package com.android.bluetooth
09-16 09:54:31.879  3657  4096 W PackageManager: Unknown permission com.google.android.googleapps.permission.ACCESS_GOOGLE_PASSWORD in package com.android.development
09-16 09:54:31.879  3657  4096 W PackageManager: Unknown permission com.google.android.googleapps.permission.GOOGLE_AUTH in package com.android.development
09-16 09:54:31.879  3657  4096 W PackageManager: Unknown permission com.google.android.googleapps.permission.GOOGLE_AUTH.ALL_SERVICES in package com.android.development
09-16 09:54:31.879  3657  4096 W PackageManager: Unknown permission com.google.android.googleapps.permission.GOOGLE_AUTH.YouTubeUser in package com.android.development
09-16 09:54:32.178  3657  4096 W MountService: No primary storage mounted!
09-16 09:54:32.178  3657  4096 D VoldConnector: SND -> {2 asec list}
09-16 09:54:32.179  3657  4094 I ActivityManager: Config changes=8 {1.0 ?mcc?mnc [en_US] ldltr sw411dp w411dp h773dp 560dpi nrml long port finger -keyb/h/h -nav/h s.5}
09-16 09:54:32.180  3657  4097 D VoldConnector: RCV <- {200 2 asec operation succeeded}
09-16 09:54:38.627  3657  3657 W PackageManager: No disk maintenance in 1505566478627; running immediately
09-16 09:54:38.627  3657  3657 I SystemServer: StartLockSettingsService
09-16 09:54:38.627  3657  4096 I MountService: Running fstrim idle maintenance
09-16 09:54:38.627  3657  3657 I SystemServiceManager: Starting com.android.server.LockSettingsService$Lifecycle
09-16 09:54:38.627  3657  4096 D VoldConnector: SND -> {3 fstrim dotrim}
09-16 09:54:38.629  3077  4739 D vold    : Starting trim of /cache
09-16 09:54:38.629  3657  4097 D VoldConnector: RCV <- {200 3 Command succeeded}
09-16 09:54:38.640  3657  3657 I SystemServiceManager: Starting com.android.server.DeviceIdleController
09-16 09:54:38.643  3657  3657 I SystemServiceManager: Starting com.android.server.devicepolicy.DevicePolicyManagerService$Lifecycle
09-16 09:54:38.648  3657  3657 I SystemServer: StartStatusBarManagerService
09-16 09:54:38.649  3657  3657 I SystemServer: StartClipboardService
09-16 09:54:38.651  3657  3657 I SystemServer: StartNetworkManagementService
09-16 09:54:38.652  3657  4740 I NetworkManagement: onDaemonConnected()
09-16 09:54:38.655  3657  3657 I SystemServiceManager: Starting com.android.server.TextServicesManagerService$Lifecycle
09-16 09:54:38.661  3657  3657 I SystemServer: StartNetworkScoreService
09-16 09:54:38.662  3657  3657 I SystemServer: StartNetworkStatsService
09-16 09:54:38.667  3657  3657 I SystemServer: StartNetworkPolicyManagerService
09-16 09:54:38.669  3657  3657 I SystemServer: No Wi-Fi NAN Service (NAN support Not Present)
09-16 09:54:38.670  3657  3657 I SystemServiceManager: Starting com.android.server.wifi.p2p.WifiP2pService
09-16 09:54:38.684  3077  4739 I vold    : Trimmed 494194688 bytes on /cache in 54ms
09-16 09:54:38.684  3077  4739 D vold    : Starting trim of /data
09-16 09:54:38.684  3657  4097 D VoldConnector: RCV <- {662 /cache 494194688 54504500}
09-16 09:54:38.702  3657  3657 I SystemServiceManager: Starting com.android.server.wifi.WifiService
09-16 09:54:39.005  3657  3657 I SystemServiceManager: Starting com.android.server.wifi.scanner.WifiScanningService
09-16 09:54:39.008  3657  3657 I SystemServiceManager: Starting com.android.server.wifi.RttService
09-16 09:54:39.010  3657  3657 I SystemServiceManager: Starting com.android.server.ethernet.EthernetService
09-16 09:54:39.017  3657  3657 I SystemServer: StartConnectivityService
09-16 09:54:39.028  3657  3657 D ConnectivityService: ConnectivityService starting up
09-16 09:54:39.033  3657  3657 D ConnectivityService: wifiOnly=false
09-16 09:54:39.049  3657  3657 I SystemServer: StartNsdService
09-16 09:54:39.052  3657  3657 I SystemServer: StartUpdateLockService
09-16 09:54:39.054  3657  3657 I SystemServiceManager: Starting com.android.server.RecoverySystemService
09-16 09:54:39.055  3657  3657 I SystemServiceManager: Starting com.android.server.notification.NotificationManagerService
09-16 09:54:39.067  3657  3657 D ConditionProviders.SCP: new ScheduleConditionProvider()
09-16 09:54:39.095  3657  3657 D ZenLog  : set_zen_mode: off,init
09-16 09:54:39.109  3657  3657 I SystemServiceManager: Starting com.android.server.storage.DeviceStorageMonitorService
09-16 09:54:39.111  3657  3657 I SystemServer: StartLocationManagerService
09-16 09:54:39.113  3657  3657 I SystemServer: StartCountryDetectorService
09-16 09:54:39.114  3657  3657 I SystemServer: StartSearchManagerService
09-16 09:54:39.114  3657  3657 I SystemServiceManager: Starting com.android.server.search.SearchManagerService$Lifecycle
09-16 09:54:39.116  3657  3657 I SystemServiceManager: Starting com.android.server.DropBoxManagerService
09-16 09:54:39.118  3657  3657 I SystemServer: StartWallpaperManagerService
09-16 09:54:39.118  3657  3657 I SystemServiceManager: Starting com.android.server.wallpaper.WallpaperManagerService$Lifecycle
09-16 09:54:39.120  3657  3657 E WallpaperManagerService: Invalid wallpaper data
09-16 09:54:39.120  3657  3657 E WallpaperManagerService: Unable to apply new wallpaper
09-16 09:54:39.121  3657  3657 W WallpaperManagerService: no current wallpaper -- first boot?
09-16 09:54:39.121  3657  3657 I SystemServer: StartAudioService
09-16 09:54:39.121  3657  3657 I SystemServiceManager: Starting com.android.server.audio.AudioService$Lifecycle
09-16 09:54:39.167  3657  3657 I SystemServiceManager: Starting com.android.server.DockObserver
09-16 09:54:39.168  3657  3657 I SystemServer: StartWiredAccessoryManager
09-16 09:54:39.169  3657  3657 W WiredAccessoryManager: This kernel does not have usb audio support
09-16 09:54:39.170  3657  3657 I SystemServiceManager: Starting com.android.server.usb.UsbService$Lifecycle
09-16 09:54:39.174  3657  3657 E UsbDeviceManager: failed to write to /sys/class/android_usb/android0/f_rndis/ethaddr
09-16 09:54:39.197  3657  3657 I UsbDeviceManager: Setting USB config to adb
09-16 09:54:40.252  3657  3657 E UsbDeviceManager: waitForState(adb) FAILED: got none
09-16 09:54:40.252  3657  3657 E UsbDeviceManager: Failed to switch USB config to adb
09-16 09:54:40.252  3657  3657 E UsbDeviceManager: Failsafe 1: Restoring previous USB functions.
09-16 09:54:40.252  3657  3657 I UsbDeviceManager: Setting USB config to mtp,adb
09-16 09:54:40.259  3657  3657 I SystemServer: StartSerialService
09-16 09:54:40.260  3657  3657 I SystemServiceManager: Starting com.android.server.twilight.TwilightService
09-16 09:54:40.261  3657  3657 I SystemServiceManager: Starting com.android.server.job.JobSchedulerService
09-16 09:54:40.266  3657  3657 I SystemServiceManager: Starting com.android.server.soundtrigger.SoundTriggerService
09-16 09:54:40.268  3657  3657 I SystemServiceManager: Starting com.android.server.backup.BackupManagerService$Lifecycle
09-16 09:54:40.269  3657  3657 I SystemServiceManager: Starting com.android.server.appwidget.AppWidgetService
09-16 09:54:40.279  3657  3657 I SystemServiceManager: Starting com.android.server.voiceinteraction.VoiceInteractionManagerService
09-16 09:54:40.281  3657  3657 I SystemServer: Gesture Launcher Service
09-16 09:54:40.281  3657  3657 I SystemServiceManager: Starting com.android.server.GestureLauncherService
09-16 09:54:40.282  3657  3657 I SystemServiceManager: Starting com.android.server.SensorNotificationService
09-16 09:54:40.282  3657  3657 I SystemServiceManager: Starting com.android.server.ContextHubSystemService
09-16 09:54:40.283  3657  3657 I SystemServer: StartDiskStatsService
09-16 09:54:40.284  3657  3657 I SystemServer: StartSamplingProfilerService
09-16 09:54:40.321  3657  3657 I SystemServer: StartNetworkTimeUpdateService
09-16 09:54:40.322  3657  3657 I SystemServer: StartCommonTimeManagementService
09-16 09:54:40.323  3657  3657 I SystemServer: CertBlacklister
