09-15 16:16:46.875  4627  4737 E AutoInstalls: 	at android.os.Looper.loop(Looper.java:154)
09-15 16:16:46.875  4627  4737 E AutoInstalls: 	at android.os.HandlerThread.run(HandlerThread.java:61)
09-15 16:16:46.877  4627  4737 E AutoInstalls: Unable to add favorite: com.google.android.calendar/com.android.calendar.AllInOneActivity
09-15 16:16:46.877  4627  4737 E AutoInstalls: android.content.pm.PackageManager$NameNotFoundException: ComponentInfo{com.google.android.calendar/com.android.calendar.AllInOneActivity}
09-15 16:16:46.877  4627  4737 E AutoInstalls: 	at android.app.ApplicationPackageManager.getActivityInfo(ApplicationPackageManager.java:391)
09-15 16:16:46.877  4627  4737 E AutoInstalls: 	at com.android.launcher3.AutoInstallsLayout$AppShortcutParser.parseAndAdd(AutoInstallsLayout.java:347)
09-15 16:16:46.877  4627  4737 E AutoInstalls: 	at com.android.launcher3.AutoInstallsLayout$FolderParser.parseAndAdd(AutoInstallsLayout.java:595)
09-15 16:16:46.877  4627  4737 E AutoInstalls: 	at com.android.launcher3.DefaultLayoutParser$MyFolderParser.parseAndAdd(DefaultLayoutParser.java:271)
09-15 16:16:46.877  4627  4737 E AutoInstalls: 	at com.android.launcher3.AutoInstallsLayout.parseAndAddNode(AutoInstallsLayout.java:272)
09-15 16:16:46.877  4627  4737 E AutoInstalls: 	at com.android.launcher3.AutoInstallsLayout.parseLayout(AutoInstallsLayout.java:217)
09-15 16:16:46.877  4627  4737 E AutoInstalls: 	at com.android.launcher3.AutoInstallsLayout.loadLayout(AutoInstallsLayout.java:193)
09-15 16:16:46.877  4627  4737 E AutoInstalls: 	at com.android.launcher3.LauncherProvider$DatabaseHelper.loadFavorites(LauncherProvider.java:1292)
09-15 16:16:46.877  4627  4737 E AutoInstalls: 	at com.android.launcher3.LauncherProvider.loadDefaultFavoritesIfNecessary(LauncherProvider.java:406)
09-15 16:16:46.877  4627  4737 E AutoInstalls: 	at com.android.launcher3.LauncherModel$LoaderTask.loadWorkspace(LauncherModel.java:1964)
09-15 16:16:46.877  4627  4737 E AutoInstalls: 	at com.android.launcher3.LauncherModel$LoaderTask.loadAndBindWorkspace(LauncherModel.java:1555)
09-15 16:16:46.877  4627  4737 E AutoInstalls: 	at com.android.launcher3.LauncherModel$LoaderTask.run(LauncherModel.java:1652)
09-15 16:16:46.877  4627  4737 E AutoInstalls: 	at android.os.Handler.handleCallback(Handler.java:751)
09-15 16:16:46.877  4627  4737 E AutoInstalls: 	at android.os.Handler.dispatchMessage(Handler.java:95)
09-15 16:16:46.877  4627  4737 E AutoInstalls: 	at android.os.Looper.loop(Looper.java:154)
09-15 16:16:46.877  4627  4737 E AutoInstalls: 	at android.os.HandlerThread.run(HandlerThread.java:61)
09-15 16:16:46.880  4627  4737 E AutoInstalls: Unable to add favorite: com.google.android.apps.plus/com.google.android.apps.plus.phone.HomeActivity
09-15 16:16:46.880  4627  4737 E AutoInstalls: android.content.pm.PackageManager$NameNotFoundException: ComponentInfo{com.google.android.apps.plus/com.google.android.apps.plus.phone.HomeActivity}
09-15 16:16:46.880  4627  4737 E AutoInstalls: 	at android.app.ApplicationPackageManager.getActivityInfo(ApplicationPackageManager.java:391)
09-15 16:16:46.880  4627  4737 E AutoInstalls: 	at com.android.launcher3.AutoInstallsLayout$AppShortcutParser.parseAndAdd(AutoInstallsLayout.java:347)
09-15 16:16:46.880  4627  4737 E AutoInstalls: 	at com.android.launcher3.AutoInstallsLayout$FolderParser.parseAndAdd(AutoInstallsLayout.java:595)
09-15 16:16:46.880  4627  4737 E AutoInstalls: 	at com.android.launcher3.DefaultLayoutParser$MyFolderParser.parseAndAdd(DefaultLayoutParser.java:271)
09-15 16:16:46.880  4627  4737 E AutoInstalls: 	at com.android.launcher3.AutoInstallsLayout.parseAndAddNode(AutoInstallsLayout.java:272)
09-15 16:16:46.880  4627  4737 E AutoInstalls: 	at com.android.launcher3.AutoInstallsLayout.parseLayout(AutoInstallsLayout.java:217)
09-15 16:16:46.880  4627  4737 E AutoInstalls: 	at com.android.launcher3.AutoInstallsLayout.loadLayout(AutoInstallsLayout.java:193)
09-15 16:16:46.880  4627  4737 E AutoInstalls: 	at com.android.launcher3.LauncherProvider$DatabaseHelper.loadFavorites(LauncherProvider.java:1292)
09-15 16:16:46.880  4627  4737 E AutoInstalls: 	at com.android.launcher3.LauncherProvider.loadDefaultFavoritesIfNecessary(LauncherProvider.java:406)
09-15 16:16:46.880  4627  4737 E AutoInstalls: 	at com.android.launcher3.LauncherModel$LoaderTask.loadWorkspace(LauncherModel.java:1964)
09-15 16:16:46.880  4627  4737 E AutoInstalls: 	at com.android.launcher3.LauncherModel$LoaderTask.loadAndBindWorkspace(LauncherModel.java:1555)
09-15 16:16:46.880  4627  4737 E AutoInstalls: 	at com.android.launcher3.LauncherModel$LoaderTask.run(LauncherModel.java:1652)
09-15 16:16:46.880  4627  4737 E AutoInstalls: 	at android.os.Handler.handleCallback(Handler.java:751)
09-15 16:16:46.880  4627  4737 E AutoInstalls: 	at android.os.Handler.dispatchMessage(Handler.java:95)
09-15 16:16:46.880  4627  4737 E AutoInstalls: 	at android.os.Looper.loop(Looper.java:154)
09-15 16:16:46.880  4627  4737 E AutoInstalls: 	at android.os.HandlerThread.run(HandlerThread.java:61)
09-15 16:16:46.907  4627  4737 E AutoInstalls: Unable to add favorite: com.google.android.music/com.android.music.activitymanagement.TopLevelActivity
09-15 16:16:46.907  4627  4737 E AutoInstalls: android.content.pm.PackageManager$NameNotFoundException: ComponentInfo{com.google.android.music/com.android.music.activitymanagement.TopLevelActivity}
09-15 16:16:46.907  4627  4737 E AutoInstalls: 	at android.app.ApplicationPackageManager.getActivityInfo(ApplicationPackageManager.java:391)
09-15 16:16:46.907  4627  4737 E AutoInstalls: 	at com.android.launcher3.AutoInstallsLayout$AppShortcutParser.parseAndAdd(AutoInstallsLayout.java:347)
09-15 16:16:46.907  4627  4737 E AutoInstalls: 	at com.android.launcher3.AutoInstallsLayout$FolderParser.parseAndAdd(AutoInstallsLayout.java:595)
09-15 16:16:46.907  4627  4737 E AutoInstalls: 	at com.android.launcher3.DefaultLayoutParser$MyFolderParser.parseAndAdd(DefaultLayoutParser.java:271)
09-15 16:16:46.907  4627  4737 E AutoInstalls: 	at com.android.launcher3.AutoInstallsLayout.parseAndAddNode(AutoInstallsLayout.java:272)
09-15 16:16:46.907  4627  4737 E AutoInstalls: 	at com.android.launcher3.AutoInstallsLayout.parseLayout(AutoInstallsLayout.java:217)
09-15 16:16:46.907  4627  4737 E AutoInstalls: 	at com.android.launcher3.AutoInstallsLayout.loadLayout(AutoInstallsLayout.java:193)
09-15 16:16:46.907  4627  4737 E AutoInstalls: 	at com.android.launcher3.LauncherProvider$DatabaseHelper.loadFavorites(LauncherProvider.java:1292)
09-15 16:16:46.907  4627  4737 E AutoInstalls: 	at com.android.launcher3.LauncherProvider.loadDefaultFavoritesIfNecessary(LauncherProvider.java:406)
09-15 16:16:46.907  4627  4737 E AutoInstalls: 	at com.android.launcher3.LauncherModel$LoaderTask.loadWorkspace(LauncherModel.java:1964)
09-15 16:16:46.907  4627  4737 E AutoInstalls: 	at com.android.launcher3.LauncherModel$LoaderTask.loadAndBindWorkspace(LauncherModel.java:1555)
09-15 16:16:46.907  4627  4737 E AutoInstalls: 	at com.android.launcher3.LauncherModel$LoaderTask.run(LauncherModel.java:1652)
09-15 16:16:46.907  4627  4737 E AutoInstalls: 	at android.os.Handler.handleCallback(Handler.java:751)
09-15 16:16:46.907  4627  4737 E AutoInstalls: 	at android.os.Handler.dispatchMessage(Handler.java:95)
09-15 16:16:46.907  4627  4737 E AutoInstalls: 	at android.os.Looper.loop(Looper.java:154)
09-15 16:16:46.907  4627  4737 E AutoInstalls: 	at android.os.HandlerThread.run(HandlerThread.java:61)
09-15 16:16:46.908  4627  4737 E AutoInstalls: Unable to add favorite: com.google.android.videos/com.google.android.youtube.videos.EntryPoint
09-15 16:16:46.908  4627  4737 E AutoInstalls: android.content.pm.PackageManager$NameNotFoundException: ComponentInfo{com.google.android.videos/com.google.android.youtube.videos.EntryPoint}
09-15 16:16:46.908  4627  4737 E AutoInstalls: 	at android.app.ApplicationPackageManager.getActivityInfo(ApplicationPackageManager.java:391)
09-15 16:16:46.908  4627  4737 E AutoInstalls: 	at com.android.launcher3.AutoInstallsLayout$AppShortcutParser.parseAndAdd(AutoInstallsLayout.java:347)
09-15 16:16:46.908  4627  4737 E AutoInstalls: 	at com.android.launcher3.AutoInstallsLayout$FolderParser.parseAndAdd(AutoInstallsLayout.java:595)
09-15 16:16:46.908  4627  4737 E AutoInstalls: 	at com.android.launcher3.DefaultLayoutParser$MyFolderParser.parseAndAdd(DefaultLayoutParser.java:271)
09-15 16:16:46.908  4627  4737 E AutoInstalls: 	at com.android.launcher3.AutoInstallsLayout.parseAndAddNode(AutoInstallsLayout.java:272)
09-15 16:16:46.908  4627  4737 E AutoInstalls: 	at com.android.launcher3.AutoInstallsLayout.parseLayout(AutoInstallsLayout.java:217)
09-15 16:16:46.908  4627  4737 E AutoInstalls: 	at com.android.launcher3.AutoInstallsLayout.loadLayout(AutoInstallsLayout.java:193)
09-15 16:16:46.908  4627  4737 E AutoInstalls: 	at com.android.launcher3.LauncherProvider$DatabaseHelper.loadFavorites(LauncherProvider.java:1292)
09-15 16:16:46.908  4627  4737 E AutoInstalls: 	at com.android.launcher3.LauncherProvider.loadDefaultFavoritesIfNecessary(LauncherProvider.java:406)
09-15 16:16:46.908  4627  4737 E AutoInstalls: 	at com.android.launcher3.LauncherModel$LoaderTask.loadWorkspace(LauncherModel.java:1964)
09-15 16:16:46.908  4627  4737 E AutoInstalls: 	at com.android.launcher3.LauncherModel$LoaderTask.loadAndBindWorkspace(LauncherModel.java:1555)
09-15 16:16:46.908  4627  4737 E AutoInstalls: 	at com.android.launcher3.LauncherModel$LoaderTask.run(LauncherModel.java:1652)
09-15 16:16:46.908  4627  4737 E AutoInstalls: 	at android.os.Handler.handleCallback(Handler.java:751)
09-15 16:16:46.908  4627  4737 E AutoInstalls: 	at android.os.Handler.dispatchMessage(Handler.java:95)
09-15 16:16:46.908  4627  4737 E AutoInstalls: 	at android.os.Looper.loop(Looper.java:154)
09-15 16:16:46.908  4627  4737 E AutoInstalls: 	at android.os.HandlerThread.run(HandlerThread.java:61)
09-15 16:16:46.910  4627  4737 E AutoInstalls: Unable to add favorite: com.google.android.play.games/com.google.android.gms.games.ui.destination.main.MainActivity
09-15 16:16:46.910  4627  4737 E AutoInstalls: android.content.pm.PackageManager$NameNotFoundException: ComponentInfo{com.google.android.play.games/com.google.android.gms.games.ui.destination.main.MainActivity}
09-15 16:16:46.910  4627  4737 E AutoInstalls: 	at android.app.ApplicationPackageManager.getActivityInfo(ApplicationPackageManager.java:391)
09-15 16:16:46.910  4627  4737 E AutoInstalls: 	at com.android.launcher3.AutoInstallsLayout$AppShortcutParser.parseAndAdd(AutoInstallsLayout.java:347)
09-15 16:16:46.910  4627  4737 E AutoInstalls: 	at com.android.launcher3.AutoInstallsLayout$FolderParser.parseAndAdd(AutoInstallsLayout.java:595)
09-15 16:16:46.910  4627  4737 E AutoInstalls: 	at com.android.launcher3.DefaultLayoutParser$MyFolderParser.parseAndAdd(DefaultLayoutParser.java:271)
09-15 16:16:46.910  4627  4737 E AutoInstalls: 	at com.android.launcher3.AutoInstallsLayout.parseAndAddNode(AutoInstallsLayout.java:272)
09-15 16:16:46.910  4627  4737 E AutoInstalls: 	at com.android.launcher3.AutoInstallsLayout.parseLayout(AutoInstallsLayout.java:217)
09-15 16:16:46.910  4627  4737 E AutoInstalls: 	at com.android.launcher3.AutoInstallsLayout.loadLayout(AutoInstallsLayout.java:193)
09-15 16:16:46.910  4627  4737 E AutoInstalls: 	at com.android.launcher3.LauncherProvider$DatabaseHelper.loadFavorites(LauncherProvider.java:1292)
09-15 16:16:46.910  4627  4737 E AutoInstalls: 	at com.android.launcher3.LauncherProvider.loadDefaultFavoritesIfNecessary(LauncherProvider.java:406)
09-15 16:16:46.910  4627  4737 E AutoInstalls: 	at com.android.launcher3.LauncherModel$LoaderTask.loadWorkspace(LauncherModel.java:1964)
09-15 16:16:46.910  4627  4737 E AutoInstalls: 	at com.android.launcher3.LauncherModel$LoaderTask.loadAndBindWorkspace(LauncherModel.java:1555)
09-15 16:16:46.910  4627  4737 E AutoInstalls: 	at com.android.launcher3.LauncherModel$LoaderTask.run(LauncherModel.java:1652)
09-15 16:16:46.910  4627  4737 E AutoInstalls: 	at android.os.Handler.handleCallback(Handler.java:751)
09-15 16:16:46.910  4627  4737 E AutoInstalls: 	at android.os.Handler.dispatchMessage(Handler.java:95)
09-15 16:16:46.910  4627  4737 E AutoInstalls: 	at android.os.Looper.loop(Looper.java:154)
09-15 16:16:46.910  4627  4737 E AutoInstalls: 	at android.os.HandlerThread.run(HandlerThread.java:61)
09-15 16:16:46.912  4627  4737 E AutoInstalls: Unable to add favorite: com.google.android.apps.books/com.google.android.apps.books.app.BooksActivity
09-15 16:16:46.912  4627  4737 E AutoInstalls: android.content.pm.PackageManager$NameNotFoundException: ComponentInfo{com.google.android.apps.books/com.google.android.apps.books.app.BooksActivity}
09-15 16:16:46.912  4627  4737 E AutoInstalls: 	at android.app.ApplicationPackageManager.getActivityInfo(ApplicationPackageManager.java:391)
09-15 16:16:46.912  4627  4737 E AutoInstalls: 	at com.android.launcher3.AutoInstallsLayout$AppShortcutParser.parseAndAdd(AutoInstallsLayout.java:347)
09-15 16:16:46.912  4627  4737 E AutoInstalls: 	at com.android.launcher3.AutoInstallsLayout$FolderParser.parseAndAdd(AutoInstallsLayout.java:595)
09-15 16:16:46.912  4627  4737 E AutoInstalls: 	at com.android.launcher3.DefaultLayoutParser$MyFolderParser.parseAndAdd(DefaultLayoutParser.java:271)
09-15 16:16:46.912  4627  4737 E AutoInstalls: 	at com.android.launcher3.AutoInstallsLayout.parseAndAddNode(AutoInstallsLayout.java:272)
09-15 16:16:46.912  4627  4737 E AutoInstalls: 	at com.android.launcher3.AutoInstallsLayout.parseLayout(AutoInstallsLayout.java:217)
09-15 16:16:46.912  4627  4737 E AutoInstalls: 	at com.android.launcher3.AutoInstallsLayout.loadLayout(AutoInstallsLayout.java:193)
09-15 16:16:46.912  4627  4737 E AutoInstalls: 	at com.android.launcher3.LauncherProvider$DatabaseHelper.loadFavorites(LauncherProvider.java:1292)
09-15 16:16:46.912  4627  4737 E AutoInstalls: 	at com.android.launcher3.LauncherProvider.loadDefaultFavoritesIfNecessary(LauncherProvider.java:406)
09-15 16:16:46.912  4627  4737 E AutoInstalls: 	at com.android.launcher3.LauncherModel$LoaderTask.loadWorkspace(LauncherModel.java:1964)
09-15 16:16:46.912  4627  4737 E AutoInstalls: 	at com.android.launcher3.LauncherModel$LoaderTask.loadAndBindWorkspace(LauncherModel.java:1555)
09-15 16:16:46.912  4627  4737 E AutoInstalls: 	at com.android.launcher3.LauncherModel$LoaderTask.run(LauncherModel.java:1652)
09-15 16:16:46.912  4627  4737 E AutoInstalls: 	at android.os.Handler.handleCallback(Handler.java:751)
09-15 16:16:46.912  4627  4737 E AutoInstalls: 	at android.os.Handler.dispatchMessage(Handler.java:95)
09-15 16:16:46.912  4627  4737 E AutoInstalls: 	at android.os.Looper.loop(Looper.java:154)
09-15 16:16:46.912  4627  4737 E AutoInstalls: 	at android.os.HandlerThread.run(HandlerThread.java:61)
09-15 16:16:46.914  4627  4737 E AutoInstalls: Unable to add favorite: com.google.android.apps.magazines/com.google.apps.dots.android.app.activity.CurrentsStartActivity
09-15 16:16:46.914  4627  4737 E AutoInstalls: android.content.pm.PackageManager$NameNotFoundException: ComponentInfo{com.google.android.apps.magazines/com.google.apps.dots.android.app.activity.CurrentsStartActivity}
09-15 16:16:46.914  4627  4737 E AutoInstalls: 	at android.app.ApplicationPackageManager.getActivityInfo(ApplicationPackageManager.java:391)
09-15 16:16:46.914  4627  4737 E AutoInstalls: 	at com.android.launcher3.AutoInstallsLayout$AppShortcutParser.parseAndAdd(AutoInstallsLayout.java:347)
09-15 16:16:46.914  4627  4737 E AutoInstalls: 	at com.android.launcher3.AutoInstallsLayout$FolderParser.parseAndAdd(AutoInstallsLayout.java:595)
09-15 16:16:46.914  4627  4737 E AutoInstalls: 	at com.android.launcher3.DefaultLayoutParser$MyFolderParser.parseAndAdd(DefaultLayoutParser.java:271)
09-15 16:16:46.914  4627  4737 E AutoInstalls: 	at com.android.launcher3.AutoInstallsLayout.parseAndAddNode(AutoInstallsLayout.java:272)
09-15 16:16:46.914  4627  4737 E AutoInstalls: 	at com.android.launcher3.AutoInstallsLayout.parseLayout(AutoInstallsLayout.java:217)
09-15 16:16:46.914  4627  4737 E AutoInstalls: 	at com.android.launcher3.AutoInstallsLayout.loadLayout(AutoInstallsLayout.java:193)
09-15 16:16:46.914  4627  4737 E AutoInstalls: 	at com.android.launcher3.LauncherProvider$DatabaseHelper.loadFavorites(LauncherProvider.java:1292)
09-15 16:16:46.914  4627  4737 E AutoInstalls: 	at com.android.launcher3.LauncherProvider.loadDefaultFavoritesIfNecessary(LauncherProvider.java:406)
09-15 16:16:46.914  4627  4737 E AutoInstalls: 	at com.android.launcher3.LauncherModel$LoaderTask.loadWorkspace(LauncherModel.java:1964)
09-15 16:16:46.914  4627  4737 E AutoInstalls: 	at com.android.launcher3.LauncherModel$LoaderTask.loadAndBindWorkspace(LauncherModel.java:1555)
09-15 16:16:46.914  4627  4737 E AutoInstalls: 	at com.android.launcher3.LauncherModel$LoaderTask.run(LauncherModel.java:1652)
09-15 16:16:46.914  4627  4737 E AutoInstalls: 	at android.os.Handler.handleCallback(Handler.java:751)
09-15 16:16:46.914  4627  4737 E AutoInstalls: 	at android.os.Handler.dispatchMessage(Handler.java:95)
09-15 16:16:46.914  4627  4737 E AutoInstalls: 	at android.os.Looper.loop(Looper.java:154)
09-15 16:16:46.914  4627  4737 E AutoInstalls: 	at android.os.HandlerThread.run(HandlerThread.java:61)
09-15 16:16:46.927  3228  3228 I rild    : type=1400 audit(0.0:177): avc: denied { ioctl } for path="/dev/umts_boot0" dev="tmpfs" ino=17386 ioctlcmd=6f27 scontext=u:r:rild:s0 tcontext=u:object_r:device:s0 tclass=chr_file permissive=1
09-15 16:16:46.927  3228  3228 W rild    : type=1300 audit(0.0:177): arch=c00000b7 syscall=29 success=yes exit=0 a0=13 a1=6f27 a2=5 a3=3 items=0 ppid=1 auid=4294967295 uid=1001 gid=1001 euid=1001 suid=1001 fsuid=1001 egid=1001 sgid=1001 fsgid=1001 tty=(none) ses=4294967295 exe="/system/bin/rild" subj=u:r:rild:s0 key=(null)
09-15 16:16:46.927  3085  3085 W auditd  : type=1327 audit(0.0:177): proctitle="/system/bin/rild"
09-15 16:16:46.927  3085  3085 W auditd  : type=1320 audit(0.0:177): 
09-15 16:16:46.928  4627  4737 E AutoInstalls: Unable to add favorite: com.cyngn.themestore/com.cyngn.themestore.ui.StoreActivity
09-15 16:16:46.928  4627  4737 E AutoInstalls: android.content.pm.PackageManager$NameNotFoundException: ComponentInfo{com.cyngn.themestore/com.cyngn.themestore.ui.StoreActivity}
09-15 16:16:46.928  4627  4737 E AutoInstalls: 	at android.app.ApplicationPackageManager.getActivityInfo(ApplicationPackageManager.java:391)
09-15 16:16:46.928  4627  4737 E AutoInstalls: 	at com.android.launcher3.AutoInstallsLayout$AppShortcutParser.parseAndAdd(AutoInstallsLayout.java:347)
09-15 16:16:46.928  4627  4737 E AutoInstalls: 	at com.android.launcher3.AutoInstallsLayout.parseAndAddNode(AutoInstallsLayout.java:272)
09-15 16:16:46.928  4627  4737 E AutoInstalls: 	at com.android.launcher3.AutoInstallsLayout.parseLayout(AutoInstallsLayout.java:217)
09-15 16:16:46.928  4627  4737 E AutoInstalls: 	at com.android.launcher3.AutoInstallsLayout.loadLayout(AutoInstallsLayout.java:193)
09-15 16:16:46.928  4627  4737 E AutoInstalls: 	at com.android.launcher3.LauncherProvider$DatabaseHelper.loadFavorites(LauncherProvider.java:1292)
09-15 16:16:46.928  4627  4737 E AutoInstalls: 	at com.android.launcher3.LauncherProvider.loadDefaultFavoritesIfNecessary(LauncherProvider.java:406)
09-15 16:16:46.928  4627  4737 E AutoInstalls: 	at com.android.launcher3.LauncherModel$LoaderTask.loadWorkspace(LauncherModel.java:1964)
09-15 16:16:46.928  4627  4737 E AutoInstalls: 	at com.android.launcher3.LauncherModel$LoaderTask.loadAndBindWorkspace(LauncherModel.java:1555)
09-15 16:16:46.928  4627  4737 E AutoInstalls: 	at com.android.launcher3.LauncherModel$LoaderTask.run(LauncherModel.java:1652)
09-15 16:16:46.928  4627  4737 E AutoInstalls: 	at android.os.Handler.handleCallback(Handler.java:751)
09-15 16:16:46.928  4627  4737 E AutoInstalls: 	at android.os.Handler.dispatchMessage(Handler.java:95)
09-15 16:16:46.928  4627  4737 E AutoInstalls: 	at android.os.Looper.loop(Looper.java:154)
09-15 16:16:46.928  4627  4737 E AutoInstalls: 	at android.os.HandlerThread.run(HandlerThread.java:61)
09-15 16:16:46.930  4627  4737 E AutoInstalls: Unable to add favorite: com.android.vending/com.android.vending.AssetBrowserActivity
09-15 16:16:46.930  4627  4737 E AutoInstalls: android.content.pm.PackageManager$NameNotFoundException: ComponentInfo{com.android.vending/com.android.vending.AssetBrowserActivity}
09-15 16:16:46.930  4627  4737 E AutoInstalls: 	at android.app.ApplicationPackageManager.getActivityInfo(ApplicationPackageManager.java:391)
09-15 16:16:46.930  4627  4737 E AutoInstalls: 	at com.android.launcher3.AutoInstallsLayout$AppShortcutParser.parseAndAdd(AutoInstallsLayout.java:347)
09-15 16:16:46.930  4627  4737 E AutoInstalls: 	at com.android.launcher3.DefaultLayoutParser$ResolveParser.parseAndAdd(DefaultLayoutParser.java:222)
09-15 16:16:46.930  4627  4737 E AutoInstalls: 	at com.android.launcher3.AutoInstallsLayout.parseAndAddNode(AutoInstallsLayout.java:272)
09-15 16:16:46.930  4627  4737 E AutoInstalls: 	at com.android.launcher3.AutoInstallsLayout.parseLayout(AutoInstallsLayout.java:217)
09-15 16:16:46.930  4627  4737 E AutoInstalls: 	at com.android.launcher3.AutoInstallsLayout.loadLayout(AutoInstallsLayout.java:193)
09-15 16:16:46.930  4627  4737 E AutoInstalls: 	at com.android.launcher3.LauncherProvider$DatabaseHelper.loadFavorites(LauncherProvider.java:1292)
09-15 16:16:46.930  4627  4737 E AutoInstalls: 	at com.android.launcher3.LauncherProvider.loadDefaultFavoritesIfNecessary(LauncherProvider.java:406)
09-15 16:16:46.930  4627  4737 E AutoInstalls: 	at com.android.launcher3.LauncherModel$LoaderTask.loadWorkspace(LauncherModel.java:1964)
09-15 16:16:46.930  4627  4737 E AutoInstalls: 	at com.android.launcher3.LauncherModel$LoaderTask.loadAndBindWorkspace(LauncherModel.java:1555)
09-15 16:16:46.930  4627  4737 E AutoInstalls: 	at com.android.launcher3.LauncherModel$LoaderTask.run(LauncherModel.java:1652)
09-15 16:16:46.930  4627  4737 E AutoInstalls: 	at android.os.Handler.handleCallback(Handler.java:751)
09-15 16:16:46.930  4627  4737 E AutoInstalls: 	at android.os.Handler.dispatchMessage(Handler.java:95)
09-15 16:16:46.930  4627  4737 E AutoInstalls: 	at android.os.Looper.loop(Looper.java:154)
09-15 16:16:46.930  4627  4737 E AutoInstalls: 	at android.os.HandlerThread.run(HandlerThread.java:61)
09-15 16:16:46.931  4627  4737 E AutoInstalls: Unable to add favorite: org.cyanogenmod.theme.chooser/org.cyanogenmod.theme.chooser.ChooserActivity
09-15 16:16:46.931  4627  4737 E AutoInstalls: android.content.pm.PackageManager$NameNotFoundException: ComponentInfo{org.cyanogenmod.theme.chooser/org.cyanogenmod.theme.chooser.ChooserActivity}
09-15 16:16:46.931  4627  4737 E AutoInstalls: 	at android.app.ApplicationPackageManager.getActivityInfo(ApplicationPackageManager.java:391)
09-15 16:16:46.931  4627  4737 E AutoInstalls: 	at com.android.launcher3.AutoInstallsLayout$AppShortcutParser.parseAndAdd(AutoInstallsLayout.java:347)
09-15 16:16:46.931  4627  4737 E AutoInstalls: 	at com.android.launcher3.DefaultLayoutParser$ResolveParser.parseAndAdd(DefaultLayoutParser.java:222)
09-15 16:16:46.931  4627  4737 E AutoInstalls: 	at com.android.launcher3.AutoInstallsLayout.parseAndAddNode(AutoInstallsLayout.java:272)
09-15 16:16:46.931  4627  4737 E AutoInstalls: 	at com.android.launcher3.AutoInstallsLayout.parseLayout(AutoInstallsLayout.java:217)
09-15 16:16:46.931  4627  4737 E AutoInstalls: 	at com.android.launcher3.AutoInstallsLayout.loadLayout(AutoInstallsLayout.java:193)
09-15 16:16:46.931  4627  4737 E AutoInstalls: 	at com.android.launcher3.LauncherProvider$DatabaseHelper.loadFavorites(LauncherProvider.java:1292)
09-15 16:16:46.931  4627  4737 E AutoInstalls: 	at com.android.launcher3.LauncherProvider.loadDefaultFavoritesIfNecessary(LauncherProvider.java:406)
09-15 16:16:46.931  4627  4737 E AutoInstalls: 	at com.android.launcher3.LauncherModel$LoaderTask.loadWorkspace(LauncherModel.java:1964)
09-15 16:16:46.931  4627  4737 E AutoInstalls: 	at com.android.launcher3.LauncherModel$LoaderTask.loadAndBindWorkspace(LauncherModel.java:1555)
09-15 16:16:46.931  4627  4737 E AutoInstalls: 	at com.android.launcher3.LauncherModel$LoaderTask.run(LauncherModel.java:1652)
09-15 16:16:46.931  4627  4737 E AutoInstalls: 	at android.os.Handler.handleCallback(Handler.java:751)
09-15 16:16:46.931  4627  4737 E AutoInstalls: 	at android.os.Handler.dispatchMessage(Handler.java:95)
09-15 16:16:46.931  4627  4737 E AutoInstalls: 	at android.os.Looper.loop(Looper.java:154)
09-15 16:16:46.931  4627  4737 E AutoInstalls: 	at android.os.HandlerThread.run(HandlerThread.java:61)
09-15 16:16:46.947  4754  4754 I mali-utility-wo: type=1400 audit(0.0:178): avc: denied { read write } for name="fimg2d" dev="tmpfs" ino=17402 scontext=u:r:platform_app:s0:c512,c768 tcontext=u:object_r:video_device:s0 tclass=chr_file permissive=1
09-15 16:16:46.947  4754  4754 I mali-utility-wo: type=1400 audit(0.0:178): avc: denied { open } for path="/dev/fimg2d" dev="tmpfs" ino=17402 scontext=u:r:platform_app:s0:c512,c768 tcontext=u:object_r:video_device:s0 tclass=chr_file permissive=1
09-15 16:16:46.947  4754  4754 W mali-utility-wo: type=1300 audit(0.0:178): arch=c00000b7 syscall=56 success=yes exit=41 a0=ffffff9c a1=7f9b99f703 a2=2 a3=0 items=0 ppid=3175 auid=4294967295 uid=10027 gid=10027 euid=10027 suid=10027 fsuid=10027 egid=10027 sgid=10027 fsgid=10027 tty=(none) ses=4294967295 exe="/system/bin/app_process64" subj=u:r:platform_app:s0:c512,c768 key=(null)
09-15 16:16:46.947  3085  3085 W auditd  : type=1327 audit(0.0:178): proctitle="com.cyanogenmod.trebuchet"
09-15 16:16:46.947  3085  3085 W auditd  : type=1320 audit(0.0:178): 
09-15 16:16:46.947  4754  4754 I mali-utility-wo: type=1400 audit(0.0:179): avc: denied { ioctl } for path="/dev/fimg2d" dev="tmpfs" ino=17402 ioctlcmd=4d04 scontext=u:r:platform_app:s0:c512,c768 tcontext=u:object_r:video_device:s0 tclass=chr_file permissive=1
09-15 16:16:46.947  4754  4754 W mali-utility-wo: type=1300 audit(0.0:179): arch=c00000b7 syscall=29 success=yes exit=0 a0=38 a1=c1104d04 a2=7f6c0ddab0 a3=0 items=0 ppid=3175 auid=4294967295 uid=10027 gid=10027 euid=10027 suid=10027 fsuid=10027 egid=10027 sgid=10027 fsgid=10027 tty=(none) ses=4294967295 exe="/system/bin/app_process64" subj=u:r:platform_app:s0:c512,c768 key=(null)
09-15 16:16:46.947  3085  3085 W auditd  : type=1327 audit(0.0:179): proctitle="com.cyanogenmod.trebuchet"
09-15 16:16:46.947  3085  3085 W auditd  : type=1320 audit(0.0:179): 
09-15 16:16:46.957  3551  3565 I ActivityManager: Start proc 4761:com.cyanogenmod.eleven/u0a15 for broadcast com.cyanogenmod.eleven/.appwidgets.AppWidgetLarge
09-15 16:16:46.996  3551  3572 I chatty  : uid=1000(system) android.display expire 3 lines
09-15 16:16:47.005  4229  4229 I art     : Starting a blocking GC Explicit
09-15 16:16:47.008  4627  4737 E AutoInstalls: Unable to add favorite: com.cyngn.gallerynext/com.cyngn.gallerynext.app.GalleryActivity
09-15 16:16:47.008  4627  4737 E AutoInstalls: android.content.pm.PackageManager$NameNotFoundException: ComponentInfo{com.cyngn.gallerynext/com.cyngn.gallerynext.app.GalleryActivity}
09-15 16:16:47.008  4627  4737 E AutoInstalls: 	at android.app.ApplicationPackageManager.getActivityInfo(ApplicationPackageManager.java:391)
09-15 16:16:47.008  4627  4737 E AutoInstalls: 	at com.android.launcher3.AutoInstallsLayout$AppShortcutParser.parseAndAdd(AutoInstallsLayout.java:347)
09-15 16:16:47.008  4627  4737 E AutoInstalls: 	at com.android.launcher3.DefaultLayoutParser$ResolveParser.parseAndAdd(DefaultLayoutParser.java:222)
09-15 16:16:47.008  4627  4737 E AutoInstalls: 	at com.android.launcher3.AutoInstallsLayout.parseAndAddNode(AutoInstallsLayout.java:272)
09-15 16:16:47.008  4627  4737 E AutoInstalls: 	at com.android.launcher3.AutoInstallsLayout.parseLayout(AutoInstallsLayout.java:217)
09-15 16:16:47.008  4627  4737 E AutoInstalls: 	at com.android.launcher3.AutoInstallsLayout.loadLayout(AutoInstallsLayout.java:193)
09-15 16:16:47.008  4627  4737 E AutoInstalls: 	at com.android.launcher3.LauncherProvider$DatabaseHelper.loadFavorites(LauncherProvider.java:1292)
09-15 16:16:47.008  4627  4737 E AutoInstalls: 	at com.android.launcher3.LauncherProvider.loadDefaultFavoritesIfNecessary(LauncherProvider.java:406)
09-15 16:16:47.008  4627  4737 E AutoInstalls: 	at com.android.launcher3.LauncherModel$LoaderTask.loadWorkspace(LauncherModel.java:1964)
09-15 16:16:47.008  4627  4737 E AutoInstalls: 	at com.android.launcher3.LauncherModel$LoaderTask.loadAndBindWorkspace(LauncherModel.java:1555)
09-15 16:16:47.008  4627  4737 E AutoInstalls: 	at com.android.launcher3.LauncherModel$LoaderTask.run(LauncherModel.java:1652)
09-15 16:16:47.008  4627  4737 E AutoInstalls: 	at android.os.Handler.handleCallback(Handler.java:751)
09-15 16:16:47.008  4627  4737 E AutoInstalls: 	at android.os.Handler.dispatchMessage(Handler.java:95)
09-15 16:16:47.008  4627  4737 E AutoInstalls: 	at android.os.Looper.loop(Looper.java:154)
09-15 16:16:47.008  4627  4737 E AutoInstalls: 	at android.os.HandlerThread.run(HandlerThread.java:61)
09-15 16:16:47.027  3551  3703 I ActivityManager: Setting hasTopUi=true for pid=3688
09-15 16:16:47.028  3688  3688 D PhoneStatusBar: disable: < expand ICONS* ALERTS SYSTEM_INFO* back home recent clock SEARCH quick_settings >
09-15 16:16:47.046  3688  3915 D mali_winsys: EGLint new_window_surface(egl_winsys_display*, void*, EGLSurface, EGLConfig, egl_winsys_surface**, egl_color_buffer_format*, EGLBoolean) returns 0x3000,  [1440x2960]-format:1
09-15 16:16:47.067  4229  4229 I art     : Explicit concurrent mark sweep GC freed 3635(440KB) AllocSpace objects, 2(15MB) LOS objects, 24% free, 19MB/25MB, paused 252us total 61.815ms
09-15 16:16:47.114  4229  4229 I art     : Starting a blocking GC Explicit
09-15 16:16:47.135  4627  4737 E AutoInstalls: Unable to add favorite: org.cyanogenmod.gello.browser/com.android.browser.BrowserActivity
09-15 16:16:47.135  4627  4737 E AutoInstalls: android.content.pm.PackageManager$NameNotFoundException: ComponentInfo{org.cyanogenmod.gello.browser/com.android.browser.BrowserActivity}
09-15 16:16:47.135  4627  4737 E AutoInstalls: 	at android.app.ApplicationPackageManager.getActivityInfo(ApplicationPackageManager.java:391)
09-15 16:16:47.135  4627  4737 E AutoInstalls: 	at com.android.launcher3.AutoInstallsLayout$AppShortcutParser.parseAndAdd(AutoInstallsLayout.java:347)
09-15 16:16:47.135  4627  4737 E AutoInstalls: 	at com.android.launcher3.DefaultLayoutParser$ResolveParser.parseAndAdd(DefaultLayoutParser.java:222)
09-15 16:16:47.135  4627  4737 E AutoInstalls: 	at com.android.launcher3.AutoInstallsLayout.parseAndAddNode(AutoInstallsLayout.java:272)
09-15 16:16:47.135  4627  4737 E AutoInstalls: 	at com.android.launcher3.AutoInstallsLayout.parseLayout(AutoInstallsLayout.java:217)
09-15 16:16:47.135  4627  4737 E AutoInstalls: 	at com.android.launcher3.AutoInstallsLayout.loadLayout(AutoInstallsLayout.java:193)
09-15 16:16:47.135  4627  4737 E AutoInstalls: 	at com.android.launcher3.LauncherProvider$DatabaseHelper.loadFavorites(LauncherProvider.java:1292)
09-15 16:16:47.135  4627  4737 E AutoInstalls: 	at com.android.launcher3.LauncherProvider.loadDefaultFavoritesIfNecessary(LauncherProvider.java:406)
09-15 16:16:47.135  4627  4737 E AutoInstalls: 	at com.android.launcher3.LauncherModel$LoaderTask.loadWorkspace(LauncherModel.java:1964)
09-15 16:16:47.135  4627  4737 E AutoInstalls: 	at com.android.launcher3.LauncherModel$LoaderTask.loadAndBindWorkspace(LauncherModel.java:1555)
09-15 16:16:47.135  4627  4737 E AutoInstalls: 	at com.android.launcher3.LauncherModel$LoaderTask.run(LauncherModel.java:1652)
09-15 16:16:47.135  4627  4737 E AutoInstalls: 	at android.os.Handler.handleCallback(Handler.java:751)
09-15 16:16:47.135  4627  4737 E AutoInstalls: 	at android.os.Handler.dispatchMessage(Handler.java:95)
09-15 16:16:47.135  4627  4737 E AutoInstalls: 	at android.os.Looper.loop(Looper.java:154)
09-15 16:16:47.135  4627  4737 E AutoInstalls: 	at android.os.HandlerThread.run(HandlerThread.java:61)
09-15 16:16:47.136  4627  4737 E AutoInstalls: Unable to add favorite: com.android.browser/com.android.browser.BrowserActivity
09-15 16:16:47.136  4627  4737 E AutoInstalls: android.content.pm.PackageManager$NameNotFoundException: ComponentInfo{com.android.browser/com.android.browser.BrowserActivity}
09-15 16:16:47.136  4627  4737 E AutoInstalls: 	at android.app.ApplicationPackageManager.getActivityInfo(ApplicationPackageManager.java:391)
09-15 16:16:47.136  4627  4737 E AutoInstalls: 	at com.android.launcher3.AutoInstallsLayout$AppShortcutParser.parseAndAdd(AutoInstallsLayout.java:347)
09-15 16:16:47.136  4627  4737 E AutoInstalls: 	at com.android.launcher3.DefaultLayoutParser$ResolveParser.parseAndAdd(DefaultLayoutParser.java:222)
09-15 16:16:47.136  4627  4737 E AutoInstalls: 	at com.android.launcher3.AutoInstallsLayout.parseAndAddNode(AutoInstallsLayout.java:272)
09-15 16:16:47.136  4627  4737 E AutoInstalls: 	at com.android.launcher3.AutoInstallsLayout.parseLayout(AutoInstallsLayout.java:217)
09-15 16:16:47.136  4627  4737 E AutoInstalls: 	at com.android.launcher3.AutoInstallsLayout.loadLayout(AutoInstallsLayout.java:193)
09-15 16:16:47.136  4627  4737 E AutoInstalls: 	at com.android.launcher3.LauncherProvider$DatabaseHelper.loadFavorites(LauncherProvider.java:1292)
09-15 16:16:47.136  4627  4737 E AutoInstalls: 	at com.android.launcher3.LauncherProvider.loadDefaultFavoritesIfNecessary(LauncherProvider.java:406)
09-15 16:16:47.136  4627  4737 E AutoInstalls: 	at com.android.launcher3.LauncherModel$LoaderTask.loadWorkspace(LauncherModel.java:1964)
09-15 16:16:47.136  4627  4737 E AutoInstalls: 	at com.android.launcher3.LauncherModel$LoaderTask.loadAndBindWorkspace(LauncherModel.java:1555)
09-15 16:16:47.136  4627  4737 E AutoInstalls: 	at com.android.launcher3.LauncherModel$LoaderTask.run(LauncherModel.java:1652)
09-15 16:16:47.136  4627  4737 E AutoInstalls: 	at android.os.Handler.handleCallback(Handler.java:751)
09-15 16:16:47.136  4627  4737 E AutoInstalls: 	at android.os.Handler.dispatchMessage(Handler.java:95)
09-15 16:16:47.136  4627  4737 E AutoInstalls: 	at android.os.Looper.loop(Looper.java:154)
09-15 16:16:47.136  4627  4737 E AutoInstalls: 	at android.os.HandlerThread.run(HandlerThread.java:61)
09-15 16:16:47.138  4627  4737 E AutoInstalls: Unable to add favorite: com.cyngn.browser/com.android.browser.BrowserLauncher
09-15 16:16:47.138  4627  4737 E AutoInstalls: android.content.pm.PackageManager$NameNotFoundException: ComponentInfo{com.cyngn.browser/com.android.browser.BrowserLauncher}
09-15 16:16:47.138  4627  4737 E AutoInstalls: 	at android.app.ApplicationPackageManager.getActivityInfo(ApplicationPackageManager.java:391)
09-15 16:16:47.138  4627  4737 E AutoInstalls: 	at com.android.launcher3.AutoInstallsLayout$AppShortcutParser.parseAndAdd(AutoInstallsLayout.java:347)
09-15 16:16:47.138  4627  4737 E AutoInstalls: 	at com.android.launcher3.DefaultLayoutParser$ResolveParser.parseAndAdd(DefaultLayoutParser.java:222)
09-15 16:16:47.138  4627  4737 E AutoInstalls: 	at com.android.launcher3.AutoInstallsLayout.parseAndAddNode(AutoInstallsLayout.java:272)
09-15 16:16:47.138  4627  4737 E AutoInstalls: 	at com.android.launcher3.AutoInstallsLayout.parseLayout(AutoInstallsLayout.java:217)
09-15 16:16:47.138  4627  4737 E AutoInstalls: 	at com.android.launcher3.AutoInstallsLayout.loadLayout(AutoInstallsLayout.java:193)
09-15 16:16:47.138  4627  4737 E AutoInstalls: 	at com.android.launcher3.LauncherProvider$DatabaseHelper.loadFavorites(LauncherProvider.java:1292)
09-15 16:16:47.138  4627  4737 E AutoInstalls: 	at com.android.launcher3.LauncherProvider.loadDefaultFavoritesIfNecessary(LauncherProvider.java:406)
09-15 16:16:47.138  4627  4737 E AutoInstalls: 	at com.android.launcher3.LauncherModel$LoaderTask.loadWorkspace(LauncherModel.java:1964)
09-15 16:16:47.138  4627  4737 E AutoInstalls: 	at com.android.launcher3.LauncherModel$LoaderTask.loadAndBindWorkspace(LauncherModel.java:1555)
09-15 16:16:47.138  4627  4737 E AutoInstalls: 	at com.android.launcher3.LauncherModel$LoaderTask.run(LauncherModel.java:1652)
09-15 16:16:47.138  4627  4737 E AutoInstalls: 	at android.os.Handler.handleCallback(Handler.java:751)
09-15 16:16:47.138  4627  4737 E AutoInstalls: 	at android.os.Handler.dispatchMessage(Handler.java:95)
09-15 16:16:47.138  4627  4737 E AutoInstalls: 	at android.os.Looper.loop(Looper.java:154)
09-15 16:16:47.138  4627  4737 E AutoInstalls: 	at android.os.HandlerThread.run(HandlerThread.java:61)
09-15 16:16:47.139  4627  4737 E AutoInstalls: Unable to add favorite: com.android.chrome/com.google.android.apps.chrome.Main
09-15 16:16:47.139  4627  4737 E AutoInstalls: android.content.pm.PackageManager$NameNotFoundException: ComponentInfo{com.android.chrome/com.google.android.apps.chrome.Main}
09-15 16:16:47.139  4627  4737 E AutoInstalls: 	at android.app.ApplicationPackageManager.getActivityInfo(ApplicationPackageManager.java:391)
09-15 16:16:47.139  4627  4737 E AutoInstalls: 	at com.android.launcher3.AutoInstallsLayout$AppShortcutParser.parseAndAdd(AutoInstallsLayout.java:347)
09-15 16:16:47.139  4627  4737 E AutoInstalls: 	at com.android.launcher3.DefaultLayoutParser$ResolveParser.parseAndAdd(DefaultLayoutParser.java:222)
09-15 16:16:47.139  4627  4737 E AutoInstalls: 	at com.android.launcher3.AutoInstallsLayout.parseAndAddNode(AutoInstallsLayout.java:272)
09-15 16:16:47.139  4627  4737 E AutoInstalls: 	at com.android.launcher3.AutoInstallsLayout.parseLayout(AutoInstallsLayout.java:217)
09-15 16:16:47.139  4627  4737 E AutoInstalls: 	at com.android.launcher3.AutoInstallsLayout.loadLayout(AutoInstallsLayout.java:193)
09-15 16:16:47.139  4627  4737 E AutoInstalls: 	at com.android.launcher3.LauncherProvider$DatabaseHelper.loadFavorites(LauncherProvider.java:1292)
09-15 16:16:47.139  4627  4737 E AutoInstalls: 	at com.android.launcher3.LauncherProvider.loadDefaultFavoritesIfNecessary(LauncherProvider.java:406)
09-15 16:16:47.139  4627  4737 E AutoInstalls: 	at com.android.launcher3.LauncherModel$LoaderTask.loadWorkspace(LauncherModel.java:1964)
09-15 16:16:47.139  4627  4737 E AutoInstalls: 	at com.android.launcher3.LauncherModel$LoaderTask.loadAndBindWorkspace(LauncherModel.java:1555)
09-15 16:16:47.139  4627  4737 E AutoInstalls: 	at com.android.launcher3.LauncherModel$LoaderTask.run(LauncherModel.java:1652)
09-15 16:16:47.139  4627  4737 E AutoInstalls: 	at android.os.Handler.handleCallback(Handler.java:751)
09-15 16:16:47.139  4627  4737 E AutoInstalls: 	at android.os.Handler.dispatchMessage(Handler.java:95)
09-15 16:16:47.139  4627  4737 E AutoInstalls: 	at android.os.Looper.loop(Looper.java:154)
09-15 16:16:47.139  4627  4737 E AutoInstalls: 	at android.os.HandlerThread.run(HandlerThread.java:61)
09-15 16:16:47.144  3551  3704 I ActivityManager: Killing 4208:com.android.keychain/1000 (adj 906): empty #17
09-15 16:16:47.157  3688  3693 I art     : Do partial code cache collection, code=502KB, data=390KB
09-15 16:16:47.157  3688  3693 I art     : After code cache collection, code=494KB, data=385KB
09-15 16:16:47.157  3688  3693 I art     : Increasing code cache capacity to 2MB
09-15 16:16:47.158  4627  4737 E AutoInstalls: Unable to add favorite: com.cyngn.cameranext/com.android.camera.CameraLauncher
09-15 16:16:47.158  4627  4737 E AutoInstalls: android.content.pm.PackageManager$NameNotFoundException: ComponentInfo{com.cyngn.cameranext/com.android.camera.CameraLauncher}
09-15 16:16:47.158  4627  4737 E AutoInstalls: 	at android.app.ApplicationPackageManager.getActivityInfo(ApplicationPackageManager.java:391)
09-15 16:16:47.158  4627  4737 E AutoInstalls: 	at com.android.launcher3.AutoInstallsLayout$AppShortcutParser.parseAndAdd(AutoInstallsLayout.java:347)
09-15 16:16:47.158  4627  4737 E AutoInstalls: 	at com.android.launcher3.DefaultLayoutParser$ResolveParser.parseAndAdd(DefaultLayoutParser.java:222)
09-15 16:16:47.158  4627  4737 E AutoInstalls: 	at com.android.launcher3.AutoInstallsLayout.parseAndAddNode(AutoInstallsLayout.java:272)
09-15 16:16:47.158  4627  4737 E AutoInstalls: 	at com.android.launcher3.AutoInstallsLayout.parseLayout(AutoInstallsLayout.java:217)
09-15 16:16:47.158  4627  4737 E AutoInstalls: 	at com.android.launcher3.AutoInstallsLayout.loadLayout(AutoInstallsLayout.java:193)
09-15 16:16:47.158  4627  4737 E AutoInstalls: 	at com.android.launcher3.LauncherProvider$DatabaseHelper.loadFavorites(LauncherProvider.java:1292)
09-15 16:16:47.158  4627  4737 E AutoInstalls: 	at com.android.launcher3.LauncherProvider.loadDefaultFavoritesIfNecessary(LauncherProvider.java:406)
09-15 16:16:47.158  4627  4737 E AutoInstalls: 	at com.android.launcher3.LauncherModel$LoaderTask.loadWorkspace(LauncherModel.java:1964)
09-15 16:16:47.158  4627  4737 E AutoInstalls: 	at com.android.launcher3.LauncherModel$LoaderTask.loadAndBindWorkspace(LauncherModel.java:1555)
09-15 16:16:47.158  4627  4737 E AutoInstalls: 	at com.android.launcher3.LauncherModel$LoaderTask.run(LauncherModel.java:1652)
09-15 16:16:47.158  4627  4737 E AutoInstalls: 	at android.os.Handler.handleCallback(Handler.java:751)
09-15 16:16:47.158  4627  4737 E AutoInstalls: 	at android.os.Handler.dispatchMessage(Handler.java:95)
09-15 16:16:47.158  4627  4737 E AutoInstalls: 	at android.os.Looper.loop(Looper.java:154)
09-15 16:16:47.158  4627  4737 E AutoInstalls: 	at android.os.HandlerThread.run(HandlerThread.java:61)
09-15 16:16:47.161  4627  4737 E AutoInstalls: Unable to add favorite: org.cyanogenmod.snap/com.android.camera.CameraLauncher
09-15 16:16:47.161  4627  4737 E AutoInstalls: android.content.pm.PackageManager$NameNotFoundException: ComponentInfo{org.cyanogenmod.snap/com.android.camera.CameraLauncher}
09-15 16:16:47.161  4627  4737 E AutoInstalls: 	at android.app.ApplicationPackageManager.getActivityInfo(ApplicationPackageManager.java:391)
09-15 16:16:47.161  4627  4737 E AutoInstalls: 	at com.android.launcher3.AutoInstallsLayout$AppShortcutParser.parseAndAdd(AutoInstallsLayout.java:347)
09-15 16:16:47.161  4627  4737 E AutoInstalls: 	at com.android.launcher3.DefaultLayoutParser$ResolveParser.parseAndAdd(DefaultLayoutParser.java:222)
09-15 16:16:47.161  4627  4737 E AutoInstalls: 	at com.android.launcher3.AutoInstallsLayout.parseAndAddNode(AutoInstallsLayout.java:272)
09-15 16:16:47.161  4627  4737 E AutoInstalls: 	at com.android.launcher3.AutoInstallsLayout.parseLayout(AutoInstallsLayout.java:217)
09-15 16:16:47.161  4627  4737 E AutoInstalls: 	at com.android.launcher3.AutoInstallsLayout.loadLayout(AutoInstallsLayout.java:193)
09-15 16:16:47.161  4627  4737 E AutoInstalls: 	at com.android.launcher3.LauncherProvider$DatabaseHelper.loadFavorites(LauncherProvider.java:1292)
09-15 16:16:47.161  4627  4737 E AutoInstalls: 	at com.android.launcher3.LauncherProvider.loadDefaultFavoritesIfNecessary(LauncherProvider.java:406)
09-15 16:16:47.161  4627  4737 E AutoInstalls: 	at com.android.launcher3.LauncherModel$LoaderTask.loadWorkspace(LauncherModel.java:1964)
09-15 16:16:47.161  4627  4737 E AutoInstalls: 	at com.android.launcher3.LauncherModel$LoaderTask.loadAndBindWorkspace(LauncherModel.java:1555)
09-15 16:16:47.161  4627  4737 E AutoInstalls: 	at com.android.launcher3.LauncherModel$LoaderTask.run(LauncherModel.java:1652)
09-15 16:16:47.161  4627  4737 E AutoInstalls: 	at android.os.Handler.handleCallback(Handler.java:751)
09-15 16:16:47.161  4627  4737 E AutoInstalls: 	at android.os.Handler.dispatchMessage(Handler.java:95)
09-15 16:16:47.161  4627  4737 E AutoInstalls: 	at android.os.Looper.loop(Looper.java:154)
09-15 16:16:47.161  4627  4737 E AutoInstalls: 	at android.os.HandlerThread.run(HandlerThread.java:61)
09-15 16:16:47.162  4627  4737 E AutoInstalls: Unable to add favorite: com.android.camera2/com.android.camera.CameraLauncher
09-15 16:16:47.162  4627  4737 E AutoInstalls: android.content.pm.PackageManager$NameNotFoundException: ComponentInfo{com.android.camera2/com.android.camera.CameraLauncher}
09-15 16:16:47.162  4627  4737 E AutoInstalls: 	at android.app.ApplicationPackageManager.getActivityInfo(ApplicationPackageManager.java:391)
09-15 16:16:47.162  4627  4737 E AutoInstalls: 	at com.android.launcher3.AutoInstallsLayout$AppShortcutParser.parseAndAdd(AutoInstallsLayout.java:347)
09-15 16:16:47.162  4627  4737 E AutoInstalls: 	at com.android.launcher3.DefaultLayoutParser$ResolveParser.parseAndAdd(DefaultLayoutParser.java:222)
09-15 16:16:47.162  4627  4737 E AutoInstalls: 	at com.android.launcher3.AutoInstallsLayout.parseAndAddNode(AutoInstallsLayout.java:272)
09-15 16:16:47.162  4627  4737 E AutoInstalls: 	at com.android.launcher3.AutoInstallsLayout.parseLayout(AutoInstallsLayout.java:217)
09-15 16:16:47.162  4627  4737 E AutoInstalls: 	at com.android.launcher3.AutoInstallsLayout.loadLayout(AutoInstallsLayout.java:193)
09-15 16:16:47.162  4627  4737 E AutoInstalls: 	at com.android.launcher3.LauncherProvider$DatabaseHelper.loadFavorites(LauncherProvider.java:1292)
09-15 16:16:47.162  4627  4737 E AutoInstalls: 	at com.android.launcher3.LauncherProvider.loadDefaultFavoritesIfNecessary(LauncherProvider.java:406)
09-15 16:16:47.162  4627  4737 E AutoInstalls: 	at com.android.launcher3.LauncherModel$LoaderTask.loadWorkspace(LauncherModel.java:1964)
09-15 16:16:47.162  4627  4737 E AutoInstalls: 	at com.android.launcher3.LauncherModel$LoaderTask.loadAndBindWorkspace(LauncherModel.java:1555)
09-15 16:16:47.162  4627  4737 E AutoInstalls: 	at com.android.launcher3.LauncherModel$LoaderTask.run(LauncherModel.java:1652)
09-15 16:16:47.162  4627  4737 E AutoInstalls: 	at android.os.Handler.handleCallback(Handler.java:751)
09-15 16:16:47.162  4627  4737 E AutoInstalls: 	at android.os.Handler.dispatchMessage(Handler.java:95)
09-15 16:16:47.162  4627  4737 E AutoInstalls: 	at android.os.Looper.loop(Looper.java:154)
09-15 16:16:47.162  4627  4737 E AutoInstalls: 	at android.os.HandlerThread.run(HandlerThread.java:61)
09-15 16:16:47.167  4229  4229 I art     : Explicit concurrent mark sweep GC freed 15315(871KB) AllocSpace objects, 1(372KB) LOS objects, 25% free, 18MB/24MB, paused 239us total 51.896ms
09-15 16:16:47.173  3551  4227 D ActivityManager: cleanUpApplicationRecord -- 4208
09-15 16:16:47.179  4229  4229 I art     : Starting a blocking GC Explicit
09-15 16:16:47.200  4627  4737 W Launcher: setApplicationContext called twice! old=android.app.Application@da49dc5 new=android.app.Application@da49dc5
09-15 16:16:47.215  4229  4229 I art     : Explicit concurrent mark sweep GC freed 485(16KB) AllocSpace objects, 0(0B) LOS objects, 24% free, 18MB/24MB, paused 318us total 35.610ms
09-15 16:16:47.216  4229  4229 I art     : Starting a blocking GC Explicit
09-15 16:16:47.249  4229  4229 I art     : Explicit concurrent mark sweep GC freed 5(112B) AllocSpace objects, 0(0B) LOS objects, 24% free, 18MB/24MB, paused 202us total 32.351ms
09-15 16:16:47.260  4229  4229 E StrictMode: class com.cyanogenmod.setupwizard.wizardmanager.WizardManager; instances=2; limit=1
09-15 16:16:47.260  4229  4229 E StrictMode: android.os.StrictMode$InstanceCountViolation: class com.cyanogenmod.setupwizard.wizardmanager.WizardManager; instances=2; limit=1
09-15 16:16:47.260  4229  4229 E StrictMode: 	at android.os.StrictMode.setClassInstanceLimit(StrictMode.java:1)
09-15 16:16:47.298  4627  4632 I art     : Do full code cache collection, code=124KB, data=105KB
09-15 16:16:47.298  4627  4632 I art     : Starting a blocking GC JitCodeCache
09-15 16:16:47.299  4627  4632 I art     : After code cache collection, code=120KB, data=84KB
09-15 16:16:47.310  4627  4737 E Launcher.Model: Error loading shortcut ShortcutInfo(title=Musicintent=Intent { act=android.intent.action.MAIN cat=[android.intent.category.LAUNCHER] flg=0x10200000 cmp=com.cyanogenmod.eleven/.ui.activities.HomeActivity (has extras) }id=7 type=0 container=-100 screen=2 cellX=0 cellY=4 spanX=1 spanY=1 dropPos=null user=UserHandle{0}) into cell (2-2:0,4) occupied by ShortcutInfo(title=Emailintent=Intent { act=android.intent.action.MAIN cat=[android.intent.category.LAUNCHER] flg=0x10200000 cmp=com.android.email/.activity.Welcome (has extras) }id=5 type=0 container=-100 screen=2 cellX=0 cellY=4 spanX=1 spanY=1 dropPos=null user=UserHandle{0})
09-15 16:16:47.435  4627  4627 W System  : ClassLoader referenced unknown path: 
09-15 16:16:47.435  4627  4627 W System  : ClassLoader referenced unknown path: /system/app/LockClock/lib/arm64
09-15 16:16:47.436  4627  4627 D ApplicationLoaders: ignored Vulkan layer search path /system/app/LockClock/lib/arm64:/system/lib64:/vendor/lib64 for namespace 0x7faafe50f0
09-15 16:16:47.462  4627  4632 I art     : Do partial code cache collection, code=125KB, data=98KB
09-15 16:16:47.462  4627  4632 I art     : After code cache collection, code=125KB, data=98KB
09-15 16:16:47.462  4627  4632 I art     : Increasing code cache capacity to 512KB
09-15 16:16:47.612  4627  4627 D android.widget.GridLayout: vertical constraints: y2-y0>=462, y2-y0<=448, y2-y1<=182 are inconsistent; permanently removing: y2-y0<=448. 
09-15 16:16:48.174  3688  3688 D InputEventConsistencyVerifier: TouchEvent: ACTION_DOWN but pointers are already down.  Probably missing ACTION_UP from previous gesture.
09-15 16:16:48.174  3688  3688 D InputEventConsistencyVerifier:   in android.view.ScaleGestureDetector@520ac28
09-15 16:16:48.174  3688  3688 D InputEventConsistencyVerifier:   0: sent at 38995504000, MotionEvent { action=ACTION_DOWN, actionButton=0, id[0]=0, x[0]=1090.0, y[0]=1398.0, toolType[0]=TOOL_TYPE_FINGER, buttonState=0, metaState=0, flags=0x0, edgeFlags=0x0, pointerCount=1, historySize=0, eventTime=38995, downTime=38995, deviceId=5, source=0x1002 }
09-15 16:16:48.174  3688  3688 D InputEventConsistencyVerifier:   -- recent events --
