09-12 20:52:55.511  3629  4714 W WifiConfigManager: Could not open /data/misc/wifi/wpa_supplicant.conf.tmp, java.io.FileNotFoundException: /data/misc/wifi/wpa_supplicant.conf.tmp (No such file or directory)
09-12 20:52:55.511  3629  4714 D WifiConfigManager: --- End /data/misc/wifi/wpa_supplicant.conf.tmp Contents ---
09-12 20:52:55.511  3629  4714 D WifiConfigManager: --- Begin /data/misc/wifi/networkHistory.txt ---
09-12 20:52:55.511  3629  4714 W WifiConfigManager: Could not open /data/misc/wifi/networkHistory.txt, java.io.FileNotFoundException: /data/misc/wifi/networkHistory.txt (No such file or directory)
09-12 20:52:55.511  3629  4714 D WifiConfigManager: --- End /data/misc/wifi/networkHistory.txt Contents ---
09-12 20:52:55.525  3629  4714 D WifiNative-HAL: Setting external_sim to 1
09-12 20:52:55.526  3629  4714 D wifi    : setting dfs flag to true, 0x7f8dc8e200
09-12 20:52:55.526  3629  4714 D WifiStateMachine: Setting OUI to DA-A1-19
09-12 20:52:55.526  3629  4714 D wifi    : setting scan oui 0x7f8dc8e200
09-12 20:52:55.526  3629  4714 D WifiHAL : Sending mac address OUI
09-12 20:52:55.533  3629  4714 I WifiConnectivityManager: PNO settings: min5GHzRssi -82 min24GHzRssi -85 currentConnectionBonus 16 sameNetworkBonus 24 secureNetworkBonus 80 initialScoreMax 100
09-12 20:52:55.533  3629  4714 I WifiConnectivityManager: ConnectivityScanManager initialized and disabled
09-12 20:52:55.533  3629  4714 I WifiConnectivityManager: setUntrustedConnectionAllowed: allowed=false
09-12 20:52:55.533  3629  4714 D wifi    : android_net_wifi_get_firmware_version = 0x7f8dc8e200
09-12 20:52:55.533  3629  4714 E WifiHAL : Failed to register debug response; result = -95
09-12 20:52:55.533  3629  4714 E wifi    : Fail to get Firmware version
09-12 20:52:55.533  3629  4714 D wifi    : android_net_wifi_get_driver_version = 0x7f8dc8e200
09-12 20:52:55.534  3629  4714 E WifiHAL : Failed to register debug response; result = -95
09-12 20:52:55.534  3629  4714 E wifi    : Fail to get driver version
09-12 20:52:55.534  3629  4714 D wifi    : android_net_wifi_set_log_handler = 0x7f8dc8e200
09-12 20:52:55.534  3629  4714 D wifi    : android_net_wifi_get_ring_buffer_status = 0x7f8dc8e200
09-12 20:52:55.534  3629  4714 E WifiHAL : Failed to register debug response; result = -95
09-12 20:52:55.534  3629  4714 E WifiLogger: no ring buffers found
09-12 20:52:55.534  3629  4714 D WifiHAL : Start get packet fate command
09-12 20:52:55.534  3629  4714 D WifiHAL : createRequest Monitor packet fate request
09-12 20:52:55.534  3629  4714 E WifiHAL : Failed to register get pkt fate response; result = -95
09-12 20:52:55.534  3629  4714 E WifiLogger: Failed to start packet fate monitoring
09-12 20:52:55.557  3629  4714 D wifi    : android_net_wifi_setLinkLayerStats: 1
09-12 20:52:55.559  3629  4714 I WifiConnectivityManager: Set WiFi enabled
09-12 20:52:55.560  3629  4714 I WifiConnectivityManager: scheduleWatchdogTimer
09-12 20:52:55.567  3310  3576 D CommandListener: Setting iface cfg
09-12 20:52:55.576  3310  3576 D CommandListener: Trying to bring up p2p0
09-12 20:52:55.582  3629  4712 D WifiMonitor: startMonitoring(p2p0) with mConnected = true
09-12 20:52:55.613  3629  4712 D WifiNative-HAL: p2pGetDeviceAddress
09-12 20:52:55.614  3629  4712 D WifiNative-HAL: p2pGetDeviceAddress returning 32:07:4d:a2:d6:98
09-12 20:52:55.623  4815  4815 W System  : ClassLoader referenced unknown path: 
09-12 20:52:55.624  4815  4815 D ApplicationLoaders: ignored Vulkan layer search path /system/app/Camera2/lib/arm64:/system/app/Camera2/Camera2.apk!/lib/arm64-v8a:/system/lib64:/vendor/lib64 for namespace 0x7fb31470f0
09-12 20:52:55.731  3629  4959 W WallpaperManagerService: no current wallpaper -- first boot?
09-12 20:52:55.745  4815  4815 D ClockController: onTuningChanged key=cmsystem:status_bar_clock value=null
09-12 20:52:55.756  4815  4815 D ClockController: onTuningChanged key=cmsystem:status_bar_am_pm value=null
09-12 20:52:55.758  4815  4815 D ClockController: onTuningChanged key=clock_seconds value=null
09-12 20:52:55.812  4815  4815 D LocalBluetoothProfileManager: Adding local MAP profile
09-12 20:52:55.815  4815  4815 D BluetoothMap: Create BluetoothMap proxy object
09-12 20:52:55.822  4815  4820 I art     : Do full code cache collection, code=252KB, data=204KB
09-12 20:52:55.823  4815  4820 I art     : Starting a blocking GC JitCodeCache
09-12 20:52:55.823  4815  4820 I art     : After code cache collection, code=235KB, data=171KB
09-12 20:52:55.828  4815  4815 D LocalBluetoothProfileManager: LocalBluetoothProfileManager construction complete
09-12 20:52:55.878  4815  4815 I CameraManagerGlobal: Connecting to camera service
09-12 20:52:55.883  3305  3305 E CameraService: getCameraVendorTagDescriptor: camera hardware module doesn't exist
09-12 20:52:55.961  3629  3717 I ActivityManager: Start proc 5009:org.cyanogenmod.weather.provider/u0a32 for content provider org.cyanogenmod.weather.provider/.WeatherContentProvider
09-12 20:52:55.962  3629  3718 D libgps  : SendGpsExtensionMessage: Waiting for IPC connection - timeout
09-12 20:52:55.962  3629  3718 E libgps  : LIBGPS: Cannot communicate (write) with a GPSD
09-12 20:52:55.962  3629  3718 E libgps  : IPC Communication Error, ../../../../tmp/15194007_282637/allPartners/os/android/gps_interface/gpsi_client/GpsiClient.cpp:631 SendGpsExtensionMessage
09-12 20:52:55.962  3629  3718 D libgps  : agps_set_server: Waiting for IPC connection...
09-12 20:52:55.990  3309  3309 I ServiceManager: Waiting for service media.codec...
09-12 20:52:56.009  4799  4909 I LatinIME:LogUtils: Dictionary info: dictionary = main:bg ; version = 1 ; date = 1457766000
09-12 20:52:56.012  5009  5009 W System  : ClassLoader referenced unknown path: /system/priv-app/WeatherProvider/lib/arm64
09-12 20:52:56.019  5009  5009 I eather.provider: type=1400 audit(0.0:205): avc: denied { write } for name="org.cyanogenmod.weather.provider" dev="sda24" ino=3121247 scontext=u:r:platform_app:s0:c512,c768 tcontext=u:object_r:system_data_file:s0 tclass=dir permissive=1
09-12 20:52:56.019  5009  5009 I eather.provider: type=1400 audit(0.0:205): avc: denied { add_name } for name="cache" scontext=u:r:platform_app:s0:c512,c768 tcontext=u:object_r:system_data_file:s0 tclass=dir permissive=1
09-12 20:52:56.019  5009  5009 I eather.provider: type=1400 audit(0.0:205): avc: denied { create } for name="cache" scontext=u:r:platform_app:s0:c512,c768 tcontext=u:object_r:system_data_file:s0:c512,c768 tclass=dir permissive=1
09-12 20:52:56.019  5009  5009 W eather.provider: type=1300 audit(0.0:205): arch=c00000b7 syscall=34 success=yes exit=0 a0=ffffff9c a1=7fa4ce7880 a2=1f9 a3=7faf34f514 items=0 ppid=3306 auid=4294967295 uid=10032 gid=10032 euid=10032 suid=10032 fsuid=10032 egid=10032 sgid=10032 fsgid=10032 tty=(none) ses=4294967295 exe="/system/bin/app_process64" subj=u:r:platform_app:s0:c512,c768 key=(null)
09-12 20:52:56.019  3074  3074 W auditd  : type=1327 audit(0.0:205): proctitle="org.cyanogenmod.weather.provider"
09-12 20:52:56.019  3074  3074 W auditd  : type=1320 audit(0.0:205): 
09-12 20:52:56.019  5009  5009 I eather.provider: type=1400 audit(0.0:206): avc: denied { setattr } for name="cache" dev="sda24" ino=3121280 scontext=u:r:platform_app:s0:c512,c768 tcontext=u:object_r:system_data_file:s0:c512,c768 tclass=dir permissive=1
09-12 20:52:56.019  5009  5009 W eather.provider: type=1300 audit(0.0:206): arch=c00000b7 syscall=53 success=yes exit=0 a0=ffffff9c a1=7faf555100 a2=1f9 a3=0 items=0 ppid=3306 auid=4294967295 uid=10032 gid=10032 euid=10032 suid=10032 fsuid=10032 egid=10032 sgid=10032 fsgid=10032 tty=(none) ses=4294967295 exe="/system/bin/app_process64" subj=u:r:platform_app:s0:c512,c768 key=(null)
09-12 20:52:56.050  4799  4909 I LatinIME:LogUtils: Dictionary info: dictionary = main:cs ; version = 44 ; date = 1393228134
09-12 20:52:56.082  4799  4909 I LatinIME:LogUtils: Dictionary info: dictionary = main:da ; version = 44 ; date = 1393228134
09-12 20:52:56.130  4799  4909 I LatinIME:LogUtils: Dictionary info: dictionary = main:de ; version = 54 ; date = 1414726263
09-12 20:52:56.143  4799  4909 I LatinIME:LogUtils: Dictionary info: dictionary = main:el ; version = 44 ; date = 1393228134
09-12 20:52:56.147  4799  4909 I LatinIME:LogUtils: Dictionary info: dictionary = main:en ; version = 54 ; date = 1414726273
09-12 20:52:56.156  4815  5026 E ActivityThread: Failed to find provider info for com.android.contacts
09-12 20:52:56.159  4799  4909 I LatinIME:LogUtils: Dictionary info: dictionary = main:es ; version = 54 ; date = 1414726268
09-12 20:52:56.167  4799  4909 I LatinIME:LogUtils: Dictionary info: dictionary = main:fi ; version = 44 ; date = 1393228135
09-12 20:52:56.169  4815  4964 D OpenGLRenderer: profile bars disabled
09-12 20:52:56.169  4815  4964 D OpenGLRenderer: ambientRatio = 1.50
09-12 20:52:56.189  4799  4909 I LatinIME:LogUtils: Dictionary info: dictionary = main:fr ; version = 54 ; date = 1414726264
09-12 20:52:56.194  4815  4815 D PhoneStatusBar: disable: < EXPAND* icons alerts system_info BACK* HOME* RECENT* clock SEARCH* quick_settings >
09-12 20:52:56.236  4799  4909 I LatinIME:LogUtils: Dictionary info: dictionary = main:hr ; version = 44 ; date = 1393228135
09-12 20:52:56.279  4799  4909 I LatinIME:LogUtils: Dictionary info: dictionary = main:hu ; version = 1 ; date = 1473269900
09-12 20:52:56.310  4799  4909 I LatinIME:LogUtils: Dictionary info: dictionary = main:it ; version = 54 ; date = 1414726258
09-12 20:52:56.340  4799  4909 I LatinIME:LogUtils: Dictionary info: dictionary = main:iw ; version = 44 ; date = 1393228136
09-12 20:52:56.385  3629  3720 W WindowManager: Keyguard drawn timeout. Setting mKeyguardDrawComplete
09-12 20:52:56.386  4799  4909 I LatinIME:LogUtils: Dictionary info: dictionary = main:lb ; version = 1 ; date = 1380519383
09-12 20:52:56.404  3629  3720 W LocalDisplayAdapter: Unable to find color mode 0, ignoring request.
09-12 20:52:56.459  4799  4909 I LatinIME:LogUtils: Dictionary info: dictionary = main:nb ; version = 44 ; date = 1393228136
09-12 20:52:56.465  3629  3726 W LocalDisplayAdapter: Unable to find color mode 0, ignoring request.
09-12 20:52:56.474  4799  4909 I LatinIME:LogUtils: Dictionary info: dictionary = main:nl ; version = 44 ; date = 1393228136
09-12 20:52:56.496  4799  4909 I LatinIME:LogUtils: Dictionary info: dictionary = main:ru ; version = 54 ; date = 1414726277
09-12 20:52:56.514  4799  4909 I LatinIME:LogUtils: Dictionary info: dictionary = main:sv ; version = 44 ; date = 1393228154
09-12 20:52:56.544  4799  4909 I LatinIME:LogUtils: Dictionary info: dictionary = main:uk ; version = 1 ; date = 1376495808
09-12 20:52:56.579  4799  4909 I BinaryDictionaryFileDumper: reinitializeClientRecordInDictionaryContentProvider() : Insert DictionaryInfo : Id = 'main:bg' : Locale=bg : Version=1
09-12 20:52:56.616  4815  4815 D PhoneStatusBar: heads up is enabled
09-12 20:52:56.635  4815  4815 D StatusBar: user hasn't seen notification about hidden notifications
09-12 20:52:56.637  4815  4815 D StatusBar: insecure lockscreen, skipping notification
09-12 20:52:56.643  4799  4909 I BinaryDictionaryFileDumper: reinitializeClientRecordInDictionaryContentProvider() : Insert DictionaryInfo : Id = 'main:cs' : Locale=cs : Version=44
09-12 20:52:56.658  3629  3629 W System  : ClassLoader referenced unknown path: /system/priv-app/Telecom/lib/arm64
09-12 20:52:56.659  3629  3629 D ApplicationLoaders: ignored Vulkan layer search path /system/priv-app/Telecom/lib/arm64:/system/priv-app/Telecom/Telecom.apk!/lib/arm64-v8a:/system/lib64:/vendor/lib64 for namespace 0x7fb3278240
09-12 20:52:56.679  3629  3629 D BluetoothManagerService: Trying to bind to profile: 1, while Bluetooth was disabled
09-12 20:52:56.684  3629  3629 I Telecom : SystemStateProvider: Registering car mode receiver: android.content.IntentFilter@6b90d5a: TS.init@AAA
09-12 20:52:56.692  3629  5028 I Telecom : Telecom: Non-call EVENT: AUDIO_ROUTE, Entering state QuiescentEarpieceRoute
09-12 20:52:56.695  3629  5030 I Telecom : CallAudioModeStateMachine: Message received: null.: TS.init->CAMSM.pM_1@AAA_0
09-12 20:52:56.716  4799  4909 I BinaryDictionaryFileDumper: reinitializeClientRecordInDictionaryContentProvider() : Insert DictionaryInfo : Id = 'main:da' : Locale=da : Version=44
09-12 20:52:56.726  3629  3629 I Telecom : ViceNotificationImpl: ViceNotificationImpl: TS.init@AAA
09-12 20:52:56.730  3629  3629 D BluetoothManagerService: Trying to bind to profile: 1, while Bluetooth was disabled
09-12 20:52:56.731  3629  5033 E ActivityThread: Failed to find provider info for call_log
09-12 20:52:56.734  3629  3629 I Telecom : Class: TelecomSystem.INSTANCE being set
09-12 20:52:56.734  3629  3629 W ContextImpl: Calling a method in the system process without a qualified user: android.app.ContextImpl.startService:1357 android.content.ContextWrapper.startService:613 com.android.server.telecom.components.TelecomService.initializeTelecomSystem:196 com.android.server.telecom.components.TelecomService.onBind:64 android.app.ActivityThread.handleBindService:3243 
09-12 20:52:56.745  3629  3629 D BluetoothManagerService: Bluetooth Adapter name changed to Samsung Galaxy S7 Edge
09-12 20:52:56.746  3629  3629 D BluetoothManagerService: Stored Bluetooth name: Samsung Galaxy S7 Edge
09-12 20:52:56.746  3629  3629 D BluetoothManagerService: BluetoothServiceConnection: com.android.bluetooth.btservice.AdapterService
09-12 20:52:56.746  3629  3725 D BluetoothManagerService: MESSAGE_BLUETOOTH_SERVICE_CONNECTED: 1
09-12 20:52:56.757  3629  3725 D BluetoothManagerService: MESSAGE_GET_NAME_AND_ADDRESS
09-12 20:52:56.764  3629  3725 D BluetoothManagerService: Stored Bluetooth name: Samsung Galaxy S7 Edge
09-12 20:52:56.764  3629  3629 W System  : ClassLoader referenced unknown path: /system/priv-app/FusedLocation/lib/arm64
09-12 20:52:56.765  3629  3629 D ApplicationLoaders: ignored Vulkan layer search path /system/priv-app/FusedLocation/lib/arm64:/system/priv-app/FusedLocation/FusedLocation.apk!/lib/arm64-v8a:/system/lib64:/vendor/lib64 for namespace 0x7fb32782b0
09-12 20:52:56.766  3629  3725 D BluetoothManagerService: Stored Bluetoothaddress: 90:06:28:83:34:F4
09-12 20:52:56.768  3629  3725 D BluetoothManagerService: unbindAndFinish(): android.bluetooth.IBluetooth$Stub$Proxy@7ac88c3 mBinding = false mUnbinding = false
09-12 20:52:56.771  3629  4910 I ActivityManager: user 0 is still locked. Cannot load recents
09-12 20:52:56.775  4775  4775 W BluetoothAdapterService: onUnbind, calling cleanup
09-12 20:52:56.775  4775  4775 D BluetoothAdapterService: cleanup()
09-12 20:52:56.781  4775  4775 W BluetoothSdpJni: Cleaning up Bluetooth SDP Interface...
09-12 20:52:56.781  4775  4775 W BluetoothSdpJni: Cleaning up Bluetooth SDP object
09-12 20:52:56.781  4775  4775 D BluetoothAdapterService: cleanup() - Cleaning up adapter native
09-12 20:52:56.781  4775  4793 I bt_stack_manager: event_clean_up_stack is cleaning up the stack
09-12 20:52:56.786  3629  3629 D GpsNetInitiatedHandler: location enabled :true
09-12 20:52:56.786  3629  3629 V WiredAccessoryManager: init()
09-12 20:52:56.789  4775  4793 E BluetoothServiceJni: Callback env check fail: env: 0x0, callback: 0xed2857e0
09-12 20:52:56.789  4775  4793 E BluetoothServiceJni: Callback: 'callback_thread_event' is not called on the correct thread
09-12 20:52:56.789  4775  4798 W bt_osi_thread: run_thread: thread id 4798, thread name bt_jni_workqueue exited
09-12 20:52:56.790  4775  4793 I bt_core_module: module_clean_up Cleaning up module "stack_config_module"
09-12 20:52:56.790  4775  4793 I bt_core_module: module_clean_up Cleanup of module "stack_config_module" completed
09-12 20:52:56.791  4775  4793 I bt_core_module: module_clean_up Cleaning up module "interop_module"
09-12 20:52:56.791  4775  4793 I bt_core_module: module_clean_up Cleanup of module "interop_module" completed
09-12 20:52:56.791  4775  4793 I bt_core_module: module_clean_up Cleaning up module "btif_config_module"
09-12 20:52:56.795  4815  4815 I Choreographer: Skipped 84 frames!  The application may be doing too much work on its main thread.
09-12 20:52:56.818  4799  4909 I BinaryDictionaryFileDumper: reinitializeClientRecordInDictionaryContentProvider() : Insert DictionaryInfo : Id = 'main:de' : Locale=de : Version=54
09-12 20:52:56.840  3629  3629 D AndroidRuntime: Shutting down VM
09-12 20:52:56.843  3629  3629 E AndroidRuntime: *** FATAL EXCEPTION IN SYSTEM PROCESS: main
09-12 20:52:56.843  3629  3629 E AndroidRuntime: java.lang.RuntimeException: Error receiving broadcast Intent { act=android.intent.action.USER_STARTED flg=0x50000010 (has extras) } in com.android.server.ConnectivityService$3@683c704
09-12 20:52:56.843  3629  3629 E AndroidRuntime: 	at android.app.LoadedApk$ReceiverDispatcher$Args.run(LoadedApk.java:1132)
09-12 20:52:56.843  3629  3629 E AndroidRuntime: 	at android.os.Handler.handleCallback(Handler.java:751)
09-12 20:52:56.843  3629  3629 E AndroidRuntime: 	at android.os.Handler.dispatchMessage(Handler.java:95)
09-12 20:52:56.843  3629  3629 E AndroidRuntime: 	at android.os.Looper.loop(Looper.java:154)
09-12 20:52:56.843  3629  3629 E AndroidRuntime: 	at com.android.server.SystemServer.run(SystemServer.java:383)
09-12 20:52:56.843  3629  3629 E AndroidRuntime: 	at com.android.server.SystemServer.main(SystemServer.java:237)
09-12 20:52:56.843  3629  3629 E AndroidRuntime: 	at java.lang.reflect.Method.invoke(Native Method)
09-12 20:52:56.843  3629  3629 E AndroidRuntime: 	at com.android.internal.os.ZygoteInit$MethodAndArgsCaller.run(ZygoteInit.java:889)
09-12 20:52:56.843  3629  3629 E AndroidRuntime: 	at com.android.internal.os.ZygoteInit.main(ZygoteInit.java:779)
09-12 20:52:56.843  3629  3629 E AndroidRuntime: Caused by: java.lang.NullPointerException: Attempt to invoke interface method 'int android.security.IKeystoreService.exist(java.lang.String, int)' on a null object reference
09-12 20:52:56.843  3629  3629 E AndroidRuntime: 	at android.security.KeyStore.contains(KeyStore.java:200)
09-12 20:52:56.843  3629  3629 E AndroidRuntime: 	at android.security.KeyStore.contains(KeyStore.java:208)
09-12 20:52:56.843  3629  3629 E AndroidRuntime: 	at com.android.server.net.LockdownVpnTracker.isEnabled(LockdownVpnTracker.java:90)
09-12 20:52:56.843  3629  3629 E AndroidRuntime: 	at com.android.server.ConnectivityService.onUserStart(ConnectivityService.java:3984)
09-12 20:52:56.843  3629  3629 E AndroidRuntime: 	at com.android.server.ConnectivityService.-wrap27(ConnectivityService.java)
09-12 20:52:56.843  3629  3629 E AndroidRuntime: 	at com.android.server.ConnectivityService$3.onReceive(ConnectivityService.java:4038)
09-12 20:52:56.843  3629  3629 E AndroidRuntime: 	at android.app.LoadedApk$ReceiverDispatcher$Args.run(LoadedApk.java:1122)
09-12 20:52:56.843  3629  3629 E AndroidRuntime: 	... 8 more
09-12 20:52:56.843  4775  4793 I bt_core_module: module_clean_up Cleanup of module "btif_config_module" completed
09-12 20:52:56.843  4775  4793 I bt_core_module: module_clean_up Cleaning up module "bt_utils_module"
09-12 20:52:56.843  4775  4793 I bt_core_module: module_clean_up Cleanup of module "bt_utils_module" completed
09-12 20:52:56.843  4775  4793 I bt_core_module: module_clean_up Cleaning up module "osi_module"
09-12 20:52:56.846  4775  4797 D bt_osi_alarm: callback_dispatch Callback thread exited
09-12 20:52:56.846  4775  4797 W bt_osi_thread: run_thread: thread id 4797, thread name alarm_dispatcher exited
09-12 20:52:56.847  4775  4796 W bt_osi_thread: run_thread: thread id 4796, thread name alarm_default_ca exited
09-12 20:52:56.847  4775  4793 I bt_core_module: module_clean_up Cleanup of module "osi_module" completed
09-12 20:52:56.847  4775  4793 I bt_stack_manager: event_clean_up_stack finished
09-12 20:52:56.848  4775  4775 I BluetoothServiceJni: cleanupNative: return from cleanup
09-12 20:52:56.848  4775  4775 W BluetoothVendorJni: Cleaning up Bluetooth Vendor Interface...
09-12 20:52:56.848  4775  4775 I bt_btif_vendor: cleanup
09-12 20:52:56.848  4775  4775 W BluetoothVendorJni: Cleaning up Bluetooth Vendor callback object
09-12 20:52:56.858  4775  4775 I art     : System.exit called, status: 0
09-12 20:52:56.858  4775  4775 I AndroidRuntime: VM exiting with result code 0, cleanup skipped.
09-12 20:52:56.858  4815  4815 D ViewRootImpl[StatusBar]: changeCanvasOpacity: opaque=true
09-12 20:52:56.860  3629  3629 I Process : Sending signal. PID: 3629 SIG: 9
09-12 20:52:56.865  4815  4820 I art     : Do partial code cache collection, code=251KB, data=201KB
09-12 20:52:56.865  4815  4820 I art     : After code cache collection, code=251KB, data=201KB
09-12 20:52:56.865  4815  4820 I art     : Increasing code cache capacity to 1024KB
09-12 20:52:56.991  3309  3309 I ServiceManager: Waiting for service media.codec...
09-12 20:52:57.062  3140  3140 I lowmemorykiller: ActivityManager disconnected
09-12 20:52:57.062  3140  3140 I lowmemorykiller: Closing Activity Manager data connection
09-12 20:52:57.066  3167  3167 E         : eof
09-12 20:52:57.066  3167  3167 E         : failed to read size
09-12 20:52:57.066  3167  3167 I         : closing connection
09-12 20:52:57.066  4815  4828 W Sensors : sensorservice died [0x7fa4c87ea0]
09-12 20:52:57.068  3306  3306 E Zygote  : Exit zygote because system server (3629) has terminated
09-12 20:52:57.069  4815  4815 W CMSettings: Can't get key lockscreen_visualizer from content://cmsettings/secure
09-12 20:52:57.069  4815  4815 W CMSettings: android.os.DeadObjectException
09-12 20:52:57.069  4815  4815 W CMSettings: 	at android.os.BinderProxy.transactNative(Native Method)
09-12 20:52:57.069  4815  4815 W CMSettings: 	at android.os.BinderProxy.transact(Binder.java:615)
09-12 20:52:57.069  4815  4815 W CMSettings: 	at android.content.ContentProviderProxy.query(ContentProviderNative.java:419)
09-12 20:52:57.069  4815  4815 W CMSettings: 	at cyanogenmod.providers.CMSettings$NameValueCache.getStringForUser(CMSettings.java:267)
09-12 20:52:57.069  4815  4815 W CMSettings: 	at cyanogenmod.providers.CMSettings$Secure.getStringForUser(CMSettings.java:2279)
09-12 20:52:57.069  4815  4815 W CMSettings: 	at com.android.systemui.tuner.TunerService.getValue(TunerService.java:131)
09-12 20:52:57.069  4815  4815 W CMSettings: 	at com.android.systemui.tuner.TunerService.addTunable(TunerService.java:217)
09-12 20:52:57.069  4815  4815 W CMSettings: 	at com.android.systemui.tuner.TunerService.addTunable(TunerService.java:193)
09-12 20:52:57.069  4815  4815 W CMSettings: 	at com.android.systemui.statusbar.VisualizerView.onAttachedToWindow(VisualizerView.java:187)
09-12 20:52:57.069  4815  4815 W CMSettings: 	at android.view.View.dispatchAttachedToWindow(View.java:15513)
09-12 20:52:57.069  4815  4815 W CMSettings: 	at android.view.ViewGroup.dispatchAttachedToWindow(ViewGroup.java:2923)
09-12 20:52:57.069  4815  4815 W CMSettings: 	at android.view.ViewRootImpl.performTraversals(ViewRootImpl.java:1526)
09-12 20:52:57.069  4815  4815 W CMSettings: 	at android.view.ViewRootImpl.doTraversal(ViewRootImpl.java:1254)
09-12 20:52:57.069  4815  4815 W CMSettings: 	at android.view.ViewRootImpl$TraversalRunnable.run(ViewRootImpl.java:6344)
09-12 20:52:57.069  4815  4815 W CMSettings: 	at android.view.Choreographer$CallbackRecord.run(Choreographer.java:874)
09-12 20:52:57.069  4815  4815 W CMSettings: 	at android.view.Choreographer.doCallbacks(Choreographer.java:686)
09-12 20:52:57.069  4815  4815 W CMSettings: 	at android.view.Choreographer.doFrame(Choreographer.java:621)
09-12 20:52:57.069  4815  4815 W CMSettings: 	at android.view.Choreographer$FrameDisplayEventReceiver.run(Choreographer.java:860)
09-12 20:52:57.069  4815  4815 W CMSettings: 	at android.os.Handler.handleCallback(Handler.java:751)
09-12 20:52:57.069  4815  4815 W CMSettings: 	at android.os.Handler.dispatchMessage(Handler.java:95)
09-12 20:52:57.069  4815  4815 W CMSettings: 	at android.os.Looper.loop(Looper.java:154)
09-12 20:52:57.069  4815  4815 W CMSettings: 	at android.app.ActivityThread.main(ActivityThread.java:6186)
09-12 20:52:57.069  4815  4815 W CMSettings: 	at java.lang.reflect.Method.invoke(Native Method)
09-12 20:52:57.069  4815  4815 W CMSettings: 	at com.android.internal.os.ZygoteInit$MethodAndArgsCaller.run(ZygoteInit.java:889)
09-12 20:52:57.069  4815  4815 W CMSettings: 	at com.android.internal.os.ZygoteInit.main(ZygoteInit.java:779)
09-12 20:52:57.069  4799  4909 E BinaryDictionaryFileDumper: Unexpected exception communicating with the dictionary pack
09-12 20:52:57.069  4799  4909 E BinaryDictionaryFileDumper: DeadSystemException: The system died; earlier logs will point to the root cause
09-12 20:52:57.070  4815  4815 D AndroidRuntime: Shutting down VM
09-12 20:52:57.070  4815  4815 E AndroidRuntime: FATAL EXCEPTION: main
09-12 20:52:57.070  4815  4815 E AndroidRuntime: Process: com.android.systemui, PID: 4815
09-12 20:52:57.070  4815  4815 E AndroidRuntime: DeadSystemException: The system died; earlier logs will point to the root cause
09-12 20:52:57.071  4815  4815 I Process : Sending signal. PID: 4815 SIG: 9
09-12 20:52:57.079  4799  4909 I LatinIME:LogUtils: Dictionary info: dictionary = main:en ; version = 54 ; date = 1414726273
09-12 20:52:57.173  5044  5044 I Netd    : Netd 1.0 starting
09-12 20:52:57.173  5044  5044 D TetherController: Setting IP forward enable = 0
09-12 20:52:57.175  5044  5044 I QtiConnectivityAdapter: Failed to open libconnctrl, some features may not be present.
09-12 20:52:57.175  5044  5044 E         : Failed to open libdatactrl, some features may not be present.
09-12 20:52:57.175  5044  5044 E         : Failed to open libcsm_data, some features may not be present.
09-12 20:52:57.183  3074  3074 W auditd  : type=1325 audit(0.0:207): table=filter family=2 entries=100
09-12 20:52:57.183  3074  3074 W auditd  : type=1320 audit(0.0:207): 
09-12 20:52:57.199  3074  3074 W auditd  : type=1325 audit(0.0:208): table=filter family=10 entries=111
09-12 20:52:57.199  3074  3074 W auditd  : type=1320 audit(0.0:208): 
09-12 20:52:57.211  3074  3074 W auditd  : type=1325 audit(0.0:209): table=filter family=2 entries=99
09-12 20:52:57.211  3074  3074 W auditd  : type=1320 audit(0.0:209): 
09-12 20:52:57.213  5041  5041 I cameraserver: ServiceManager: 0xf6899440
09-12 20:52:57.213  5041  5041 I CameraService: CameraService started (pid=5041)
09-12 20:52:57.213  5041  5041 I CameraService: CameraService process starting
09-12 20:52:57.213  5041  5041 W BatteryNotifier: batterystats service unavailable!
09-12 20:52:57.213  5041  5041 W BatteryNotifier: batterystats service unavailable!
09-12 20:52:57.213  5041  5041 E CameraService: Could not load camera HAL module: -2 (No such file or directory)
09-12 20:52:57.215  3074  3074 W auditd  : type=1325 audit(0.0:210): table=filter family=10 entries=110
09-12 20:52:57.215  3074  3074 W auditd  : type=1320 audit(0.0:210): 
09-12 20:52:57.223  3074  3074 W auditd  : type=1325 audit(0.0:211): table=filter family=2 entries=96
09-12 20:52:57.223  3074  3074 W auditd  : type=1320 audit(0.0:211): 
09-12 20:52:57.231  3074  3074 W auditd  : type=1325 audit(0.0:212): table=filter family=10 entries=107
09-12 20:52:57.231  3074  3074 W auditd  : type=1320 audit(0.0:212): 
09-12 20:52:57.238  5045  5045 I chatty  : uid=1041(audioserver) /system/bin/audioserver expire 75 lines
09-12 20:52:57.239  3074  3074 W auditd  : type=1327 audit(0.0:213): proctitle="/system/bin/audioserver"
09-12 20:52:57.239  3074  3074 W auditd  : type=1320 audit(0.0:213): 
09-12 20:52:57.239  3074  3074 W auditd  : type=1327 audit(0.0:214): proctitle="/system/bin/audioserver"
09-12 20:52:57.257  5043  5043 I mediaserver: ServiceManager: 0xf64194a0
09-12 20:52:57.257  5043  5043 W BatteryNotifier: batterystats service unavailable!
09-12 20:52:57.381  5039  5039 D AndroidRuntime: >>>>>> START com.android.internal.os.ZygoteInit uid 0 <<<<<<
09-12 20:52:57.384  5039  5039 D AndroidRuntime: CheckJNI is ON
09-12 20:52:57.384  5039  5039 I art     : option[0]=-Xzygote
09-12 20:52:57.384  5039  5039 I art     : option[1]=-Xcheck:jni
09-12 20:52:57.384  5039  5039 I art     : option[2]=-Xstacktracefile:/data/anr/traces.txt
09-12 20:52:57.384  5039  5039 I art     : option[3]=exit
09-12 20:52:57.384  5039  5039 I art     : option[4]=vfprintf
09-12 20:52:57.384  5039  5039 I art     : option[5]=sensitiveThread
09-12 20:52:57.384  5039  5039 I art     : option[6]=-verbose:gc
09-12 20:52:57.384  5039  5039 I art     : option[7]=-Xms8m
09-12 20:52:57.384  5039  5039 I art     : option[8]=-Xmx512m
09-12 20:52:57.384  5039  5039 I art     : option[9]=-XX:HeapGrowthLimit=256m
09-12 20:52:57.384  5039  5039 I art     : option[10]=-XX:HeapMinFree=2m
09-12 20:52:57.384  5039  5039 I art     : option[11]=-XX:HeapMaxFree=8m
09-12 20:52:57.384  5039  5039 I art     : option[12]=-XX:HeapTargetUtilization=0.75
09-12 20:52:57.384  5039  5039 I art     : option[13]=-Xusejit:true
09-12 20:52:57.384  5039  5039 I art     : option[14]=-Xjitsaveprofilinginfo
09-12 20:52:57.384  5039  5039 I art     : option[15]=-agentlib:jdwp=transport=dt_android_adb,suspend=n,server=y
09-12 20:52:57.384  5039  5039 I art     : option[16]=-Xlockprofthreshold:500
09-12 20:52:57.384  5039  5039 I art     : option[17]=-Ximage-compiler-option
09-12 20:52:57.384  5039  5039 I art     : option[18]=--runtime-arg
09-12 20:52:57.384  5039  5039 I art     : option[19]=-Ximage-compiler-option
09-12 20:52:57.384  5039  5039 I art     : option[20]=-Xms64m
09-12 20:52:57.384  5039  5039 I art     : option[21]=-Ximage-compiler-option
09-12 20:52:57.384  5039  5039 I art     : option[22]=--runtime-arg
09-12 20:52:57.384  5039  5039 I art     : option[23]=-Ximage-compiler-option
09-12 20:52:57.385  5039  5039 I art     : option[24]=-Xmx64m
09-12 20:52:57.385  5039  5039 I art     : option[25]=-Ximage-compiler-option
09-12 20:52:57.385  5039  5039 I art     : option[26]=--compiler-filter=verify-at-runtime
09-12 20:52:57.385  5039  5039 I art     : option[27]=-Ximage-compiler-option
09-12 20:52:57.385  5039  5039 I art     : option[28]=--image-classes=/system/etc/preloaded-classes
09-12 20:52:57.385  5039  5039 I art     : option[29]=-Ximage-compiler-option
09-12 20:52:57.385  5039  5039 I art     : option[30]=--compiled-classes=/system/etc/compiled-classes
09-12 20:52:57.385  5039  5039 I art     : option[31]=-Xcompiler-option
09-12 20:52:57.385  5039  5039 I art     : option[32]=--runtime-arg
09-12 20:52:57.385  5039  5039 I art     : option[33]=-Xcompiler-option
09-12 20:52:57.385  5039  5039 I art     : option[34]=-Xms64m
09-12 20:52:57.385  5039  5039 I art     : option[35]=-Xcompiler-option
09-12 20:52:57.385  5039  5039 I art     : option[36]=--runtime-arg
09-12 20:52:57.385  5039  5039 I art     : option[37]=-Xcompiler-option
09-12 20:52:57.385  5039  5039 I art     : option[38]=-Xmx512m
09-12 20:52:57.385  5039  5039 I art     : option[39]=-Ximage-compiler-option
09-12 20:52:57.385  5039  5039 I art     : option[40]=--instruction-set-variant=generic
09-12 20:52:57.385  5039  5039 I art     : option[41]=-Xcompiler-option
09-12 20:52:57.385  5039  5039 I art     : option[42]=--instruction-set-variant=generic
09-12 20:52:57.385  5039  5039 I art     : option[43]=-Ximage-compiler-option
09-12 20:52:57.385  5039  5039 I art     : option[44]=--instruction-set-features=default
09-12 20:52:57.385  5039  5039 I art     : option[45]=-Xcompiler-option
09-12 20:52:57.385  5039  5039 I art     : option[46]=--instruction-set-features=default
09-12 20:52:57.385  5039  5039 I art     : option[47]=-Duser.locale=en-US
09-12 20:52:57.385  5039  5039 I art     : option[48]=--cpu-abilist=arm64-v8a
09-12 20:52:57.385  5039  5039 I art     : option[49]=-Xfingerprint:samsung/dream2ltexx/dream2lte:7.0/NRD90M/G955FXXU1AQH3:user/release-keys
09-12 20:52:57.427  5039  5039 D ICU     : No timezone override file found: /data/misc/zoneinfo/current/icu/icu_tzdata.dat
09-12 20:52:57.449  5039  5039 W art     : Before Android 4.1, method double java.util.concurrent.ThreadLocalRandom.internalNextDouble(double, double) would have incorrectly overridden the package-private method in java.util.Random
09-12 20:52:57.449  5039  5039 W art     : Before Android 4.1, method int java.util.concurrent.ThreadLocalRandom.internalNextInt(int, int) would have incorrectly overridden the package-private method in java.util.Random
09-12 20:52:57.449  5039  5039 W art     : Before Android 4.1, method long java.util.concurrent.ThreadLocalRandom.internalNextLong(long, long) would have incorrectly overridden the package-private method in java.util.Random
09-12 20:52:57.551  5039  5039 I Radio-JNI: register_android_hardware_Radio DONE
09-12 20:52:57.572  3066  4707 I vold    : Trimmed 56686125056 bytes on /data in 5919ms
09-12 20:52:57.572  3066  4707 D vold    : Starting trim of /efs
09-12 20:52:57.581  5039  5039 I SamplingProfilerIntegration: Profiling disabled.
09-12 20:52:57.582  5039  5039 D Zygote  : begin preload
09-12 20:52:57.582  5039  5039 I Zygote  : Installing ICU cache reference pinning...
09-12 20:52:57.582  5039  5039 I Zygote  : Preloading ICU data...
09-12 20:52:57.587  3066  4707 I vold    : Trimmed 5300224 bytes on /efs in 14ms
09-12 20:52:57.701  5045  5107 I chatty  : uid=1041(audioserver) /system/bin/audioserver expire 8 lines
09-12 20:52:57.703  5045  5107 D audio_hw_primary_abox: primary_out-out_set_parameters: exit
09-12 20:52:57.703  5045  5107 W AudioFlinger: no wake lock to update, system not ready yet
09-12 20:52:57.704  5045  5055 D audio_hw_primary_abox: device-adev_set_voice_volume: enter with volume level(1.000000)
09-12 20:52:57.704  5045  5055 D audio_hw_primary_abox: device-adev_set_voice_volume: exit
09-12 20:52:57.705  5045  5045 I AudioFlinger: openOutput(), module 10 Device 2, SamplingRate 48000, Format 0x000001, Channels 3, flags 4
09-12 20:52:57.705  5045  5045 D audio_hw_primary_abox: device-adev_open_output_stream: enter: io_handle (21), sample_rate(48000) channel_mask(0x3) devices(0x2) flags(0x4)
09-12 20:52:57.705  5045  5045 D audio_hw_primary_abox: device-adev_open_output_stream: Requested open fast output
09-12 20:52:57.705  5045  5045 I audio_hw_primary_abox: Check PCM Channel Count: Default(2), Request(2)
09-12 20:52:57.705  5045  5045 I audio_hw_primary_abox: Check PCM Smapling Rate: Default(48000), Request(48000)
09-12 20:52:57.705  5045  5045 I audio_hw_primary_abox: Check PCM Format: Default(0), Request(0)
09-12 20:52:57.705  5045  5045 I audio_hw_primary_abox: fast_out-adev_open_output_stream: Transit to Standby
09-12 20:52:57.705  5045  5045 D PostProcessConvertor: PostProcessConvertorInit ++ OSR 192000, ISR 48000, CC 2, OBW 4, IBW 1 
09-12 20:52:57.705  5045  5045 D SoundAliveResampler: [SoundAliveResampler] Init+++
09-12 20:52:57.705  5045  5045 V audio_hw_primary_abox: fast_out-add_audio_usage: Added Audio Stream into Audio Usage list!
09-12 20:52:57.705  5045  5045 D audio_hw_primary_abox: device-adev_open_output_stream: Opened fast_out stream
09-12 20:52:57.705  5045  5045 V audio_hw_primary_abox: fast_out-out_get_format: exit with audio format = 0x1
09-12 20:52:57.705  5045  5045 V audio_hw_primary_abox: fast_out-out_get_channels: exit with channel mask = 0x3
09-12 20:52:57.705  5045  5045 V audio_hw_primary_abox: fast_out-out_get_sample_rate: exit with sample rate = 48000
09-12 20:52:57.705  5045  5045 V audio_hw_primary_abox: fast_out-out_get_channels: exit with channel mask = 0x3
09-12 20:52:57.705  5045  5045 V audio_hw_primary_abox: fast_out-out_get_format: exit with audio format = 0x1
09-12 20:52:57.705  5045  5045 V audio_hw_primary_abox: fast_out-out_get_format: exit with audio format = 0x1
09-12 20:52:57.705  5045  5045 V audio_hw_primary_abox: fast_out-out_get_format: exit with audio format = 0x1
09-12 20:52:57.705  5045  5045 V audio_hw_primary_abox: fast_out-out_get_channels: exit with channel mask = 0x3
09-12 20:52:57.705  5045  5045 V audio_hw_primary_abox: fast_out-out_get_buffer_size: Period Size = 192, Frame Size = 4
09-12 20:52:57.705  5045  5045 V audio_hw_primary_abox: fast_out-out_get_format: exit with audio format = 0x1
09-12 20:52:57.705  5045  5045 V audio_hw_primary_abox: fast_out-out_get_channels: exit with channel mask = 0x3
09-12 20:52:57.705  5045  5045 I AudioFlinger: HAL output buffer size 192 frames, normal sink buffer size 960 frames
09-12 20:52:57.705  5045  5045 V audio_hw_primary_abox: fast_out-out_get_format: exit with audio format = 0x1
09-12 20:52:57.705  5045  5045 V audio_hw_primary_abox: fast_out-out_get_channels: exit with channel mask = 0x3
09-12 20:52:57.705  5045  5045 V audio_hw_primary_abox: fast_out-out_get_buffer_size: Period Size = 192, Frame Size = 4
09-12 20:52:57.705  5045  5045 V audio_hw_primary_abox: fast_out-out_get_format: exit with audio format = 0x1
09-12 20:52:57.705  5045  5045 V audio_hw_primary_abox: fast_out-out_get_channels: exit with channel mask = 0x3
09-12 20:52:57.705  5045  5045 V audio_hw_primary_abox: fast_out-out_get_format: exit with audio format = 0x1
09-12 20:52:57.705  5045  5045 V audio_hw_primary_abox: fast_out-out_get_sample_rate: exit with sample rate = 48000
09-12 20:52:57.705  5045  5045 V audio_hw_primary_abox: fast_out-out_get_channels: exit with channel mask = 0x3
09-12 20:52:57.705  5045  5109 I AudioFlinger: AudioFlinger's thread 0xf5983240 ready to run
09-12 20:52:57.706  5045  5109 W BatteryNotifier: batterystats service unavailable!
09-12 20:52:57.706  5045  5109 D audio_hw_primary_abox: fast_out-out_set_parameters: enter with param = routing=2
09-12 20:52:57.706  5045  5109 D audio_hw_primary_abox: fast_out-out_set_parameters: Requested to change route from 0x2 to 0x2
09-12 20:52:57.706  5045  5109 D audio_hw_primary_abox: fast_out-out_set_parameters: exit
09-12 20:52:57.707  5045  5109 V audio_hw_primary_abox: fast_out-out_standby: enter
09-12 20:52:57.707  5045  5109 V audio_hw_primary_abox: fast_out-out_standby: exit
09-12 20:52:57.707  5045  5109 W BatteryNotifier: batterystats service unavailable!
09-12 20:52:57.707  5045  5109 W BatteryNotifier: batterystats service unavailable!
09-12 20:52:57.707  5045  5109 W AudioFlinger: no wake lock to update, system not ready yet
09-12 20:52:57.708  5045  5045 D audio_hw_primary_abox: device-adev_open_input_stream: enter: io_handle (14), sample_rate(48000) channel_mask(0xc) devices(0x80000004) flags(0) source(1)
09-12 20:52:57.708  5045  5045 I audio_hw_primary_abox: device-adev_open_input_stream: requested input samplerate decides audio path of csvt and vowifi, sample_rate = 48000
09-12 20:52:57.708  5045  5045 D audio_hw_primary_abox: device-adev_open_input_stream: Requested open Primary input
09-12 20:52:57.708  5045  5045 I audio_hw_primary_abox: is_voice_wakeup : ret =  0  , wakeup_baby_cry_enabled = 0  ,  wakeup_mic_enabled = 0 
09-12 20:52:57.708  5045  5045 I audio_hw_primary_abox: primary_in-adev_open_input_stream: Transit to Standby
09-12 20:52:57.708  5045  5045 V audio_hw_primary_abox: primary_in-add_audio_usage: Added Audio Stream into Audio Usage list!
09-12 20:52:57.708  5045  5045 D audio_hw_primary_abox: adev_open_input_stream: preprocessing_latency = 0
09-12 20:52:57.708  5045  5045 I audio_hw_primary_abox: adev_open_input_stream: input is null, set new input stream
09-12 20:52:57.708  5045  5045 D audio_hw_primary_abox: device-adev_open_input_stream: Opened primary_in stream
09-12 20:52:57.708  5045  5110 I AudioFlinger: AudioFlinger's thread 0xf56833c0 ready to run
09-12 20:52:57.708  5045  5045 D audio_hw_primary_abox: device-adev_close_input_stream: enter with Audio Usage(primary_in)
09-12 20:52:57.708  5045  5045 V audio_hw_primary_abox: stop_voice_note_recording
09-12 20:52:57.708  5045  5045 D audio_hw_primary_abox: primary_in-in_standby: enter
09-12 20:52:57.708  5045  5045 D audio_hw_primary_abox: primary_in-in_standby: exit
09-12 20:52:57.708  5045  5045 V audio_hw_primary_abox: primary_in-remove_audio_usage: Removed Audio Usage from Audio Usage list!
09-12 20:52:57.708  5045  5045 E audio_hw_primary_abox: adev_close_input_stream, set jack_in to null
09-12 20:52:57.708  5045  5045 D audio_hw_primary_abox: device-adev_close_input_stream: Closed primary_in stream
09-12 20:52:57.709  5045  5045 I bt_a2dp_hw: adev_open:  adev_open in A2dp_hw module
09-12 20:52:57.709  5045  5045 I AudioFlinger: loadHwModule() Loaded a2dp audio interface from A2DP Audio HW HAL (audio) handle 18
09-12 20:52:57.709  5045  5045 I AudioFlinger: loadHwModule() Loaded usb audio interface from USB audio HW HAL (audio) handle 26
09-12 20:52:57.710  5045  5045 I r_submix: adev_open(name=audio_hw_if)
09-12 20:52:57.710  5045  5045 I r_submix: adev_init_check()
09-12 20:52:57.710  5045  5045 I AudioFlinger: loadHwModule() Loaded r_submix audio interface from Wifi Display audio HAL (audio) handle 34
09-12 20:52:57.710  5045  5045 D r_submix: adev_open_input_stream(addr=0)
09-12 20:52:57.710  5045  5045 D r_submix: submix_audio_device_create_pipe_l(addr=0, idx=9)
09-12 20:52:57.710  5045  5045 D r_submix:   now using address 0 for route 9
09-12 20:52:57.710  5045  5112 I AudioFlinger: AudioFlinger's thread 0xf5603e80 ready to run
09-12 20:52:57.710  5045  5045 D r_submix: adev_close_input_stream()
09-12 20:52:57.710  5045  5045 D r_submix: submix_audio_device_release_pipe_l(idx=9) addr=0
09-12 20:52:57.710  5045  5045 D r_submix: submix_audio_device_destroy_pipe_l(): pipe destroyed
09-12 20:52:57.711  5045  5045 I RadioService: RadioService
09-12 20:52:57.711  5045  5045 I RadioService: onFirstRef
09-12 20:52:57.711  5045  5045 E RadioService: couldn't load radio module radio.primary (No such file or directory)
09-12 20:52:57.711  5045  5045 E SoundTriggerHwService: couldn't load sound trigger module sound_trigger.primary (No such file or directory)
09-12 20:52:57.713  5039  5039 I Zygote  : Preloading classes...
09-12 20:52:57.719  5039  5039 W Zygote  : Class not found for preloading: [Landroid.view.Display$ColorTransform;
09-12 20:52:58.033  5039  5039 E Typeface: Error mapping font file /system/fonts/DroidSansFallback.ttf
09-12 20:52:58.195  3074  3074 W auditd  : type=1325 audit(0.0:306): table=filter family=10 entries=100
09-12 20:52:58.195  3074  3074 W auditd  : type=1320 audit(0.0:306): 
09-12 20:52:58.203  3074  3074 W auditd  : type=1325 audit(0.0:307): table=filter family=2 entries=90
09-12 20:52:58.203  3074  3074 W auditd  : type=1320 audit(0.0:307): 
09-12 20:52:58.215  3074  3074 W auditd  : type=1325 audit(0.0:308): table=filter family=10 entries=102
09-12 20:52:58.215  3074  3074 W auditd  : type=1320 audit(0.0:308): 
09-12 20:52:58.223  3074  3074 W auditd  : type=1325 audit(0.0:309): table=raw family=2 entries=13
09-12 20:52:58.223  3074  3074 W auditd  : type=1320 audit(0.0:309): 
09-12 20:52:58.239  3074  3074 W auditd  : type=1325 audit(0.0:310): table=raw family=10 entries=13
09-12 20:52:58.239  3074  3074 W auditd  : type=1320 audit(0.0:310): 
09-12 20:52:58.247  3074  3074 W auditd  : type=1325 audit(0.0:311): table=raw family=2 entries=12
09-12 20:52:58.247  3074  3074 W auditd  : type=1320 audit(0.0:311): 
09-12 20:52:58.259  3074  3074 W auditd  : type=1325 audit(0.0:312): table=raw family=10 entries=12
09-12 20:52:58.259  3074  3074 W auditd  : type=1320 audit(0.0:312): 
09-12 20:52:58.267  3074  3074 W auditd  : type=1325 audit(0.0:313): table=raw family=2 entries=11
09-12 20:52:58.267  3074  3074 W auditd  : type=1320 audit(0.0:313): 
09-12 20:52:58.275  3074  3074 W auditd  : type=1325 audit(0.0:314): table=raw family=10 entries=11
09-12 20:52:58.275  3074  3074 W auditd  : type=1320 audit(0.0:314): 
09-12 20:52:58.287  3074  3074 W auditd  : type=1325 audit(0.0:315): table=raw family=2 entries=9
09-12 20:52:58.287  3074  3074 W auditd  : type=1320 audit(0.0:315): 
09-12 20:52:58.816  5039  5039 I art     : Thread[1,tid=5039,Native,Thread*=0x7f77c95a00,peer=0x12c420d0,"main"] recursive attempt to load library "/system/lib64/libmedia_jni.so"
09-12 20:52:58.816  5039  5039 D MtpDeviceJNI: register_android_mtp_MtpDevice
09-12 20:52:58.817  5039  5039 I art     : Thread[1,tid=5039,Native,Thread*=0x7f77c95a00,peer=0x12c420d0,"main"] recursive attempt to load library "/system/lib64/libmedia_jni.so"
09-12 20:52:58.817  5039  5039 I art     : Thread[1,tid=5039,Native,Thread*=0x7f77c95a00,peer=0x12c420d0,"main"] recursive attempt to load library "/system/lib64/libmedia_jni.so"
09-12 20:52:58.843  5039  5039 E FFMPEGSoftCodec: Failed to load FFMPEG plugin: (null)
09-12 20:52:59.092  5044  5044 V NatController: runCmd(/system/bin/iptables -w -F natctrl_FORWARD) res=0
09-12 20:52:59.104  5044  5044 V NatController: runCmd(/system/bin/ip6tables -w -F natctrl_FORWARD) res=0
09-12 20:52:59.116  5044  5044 V NatController: runCmd(/system/bin/iptables -w -A natctrl_FORWARD -j DROP) res=0
09-12 20:52:59.128  5044  5044 V NatController: runCmd(/system/bin/iptables -w -t nat -F natctrl_nat_POSTROUTING) res=0
09-12 20:52:59.140  5044  5044 V NatController: runCmd(/system/bin/ip6tables -w -t raw -F natctrl_raw_PREROUTING) res=0
09-12 20:52:59.144  5039  5039 W Zygote  : Class not found for preloading: android.view.Display$ColorTransform
09-12 20:52:59.144  5039  5039 W Zygote  : Class not found for preloading: android.view.Display$ColorTransform$1
09-12 20:52:59.152  5044  5044 V NatController: runCmd(/system/bin/iptables -w -F natctrl_tether_counters) res=0
09-12 20:52:59.165  5044  5044 V NatController: runCmd(/system/bin/ip6tables -w -F natctrl_tether_counters) res=0
09-12 20:52:59.178  5044  5044 V NatController: runCmd(/system/bin/iptables -w -X natctrl_tether_counters) res=0
09-12 20:52:59.189  5044  5044 V NatController: runCmd(/system/bin/ip6tables -w -X natctrl_tether_counters) res=0
09-12 20:52:59.200  5044  5044 V NatController: runCmd(/system/bin/iptables -w -N natctrl_tether_counters) res=0
09-12 20:52:59.207  3074  3074 W auditd  : type=1325 audit(0.0:395): table=filter family=10 entries=101
09-12 20:52:59.207  3074  3074 W auditd  : type=1320 audit(0.0:395): 
09-12 20:52:59.211  5044  5044 V NatController: runCmd(/system/bin/ip6tables -w -N natctrl_tether_counters) res=0
09-12 20:52:59.223  3074  3074 W auditd  : type=1325 audit(0.0:396): table=mangle family=2 entries=15
09-12 20:52:59.223  3074  3074 W auditd  : type=1320 audit(0.0:396): 
09-12 20:52:59.228  5044  5044 V NatController: runCmd(/system/bin/iptables -w -t mangle -A natctrl_mangle_FORWARD -p tcp --tcp-flags SYN SYN -j TCPMSS --clamp-mss-to-pmtu) res=0
09-12 20:52:59.263  3074  3074 W auditd  : type=1325 audit(0.0:397): table=filter family=2 entries=92
09-12 20:52:59.263  3074  3074 W auditd  : type=1320 audit(0.0:397): 
09-12 20:52:59.263  3074  3074 W auditd  : type=1325 audit(0.0:398): table=raw family=2 entries=12
09-12 20:52:59.263  3074  3074 W auditd  : type=1320 audit(0.0:398): 
09-12 20:52:59.267  3074  3074 W auditd  : type=1325 audit(0.0:399): table=mangle family=2 entries=16
09-12 20:52:59.267  3074  3074 W auditd  : type=1320 audit(0.0:399): 
09-12 20:52:59.279  3074  3074 W auditd  : type=1325 audit(0.0:400): table=filter family=10 entries=103
09-12 20:52:59.279  3074  3074 W auditd  : type=1320 audit(0.0:400): 
09-12 20:52:59.279  3074  3074 W auditd  : type=1325 audit(0.0:401): table=raw family=10 entries=12
09-12 20:52:59.279  3074  3074 W auditd  : type=1320 audit(0.0:401): 
09-12 20:52:59.283  3074  3074 W auditd  : type=1325 audit(0.0:402): table=mangle family=10 entries=15
09-12 20:52:59.283  3074  3074 W auditd  : type=1320 audit(0.0:402): 
09-12 20:52:59.319  3074  3074 W auditd  : type=1325 audit(0.0:403): table=filter family=2 entries=85
09-12 20:52:59.319  3074  3074 W auditd  : type=1320 audit(0.0:403): 
09-12 20:52:59.319  3074  3074 W auditd  : type=1325 audit(0.0:404): table=raw family=2 entries=12
09-12 20:52:59.319  3074  3074 W auditd  : type=1320 audit(0.0:404): 
09-12 20:52:59.356  5039  5039 W System  : ClassLoader referenced unknown path: /system/framework/tcmclient.jar
09-12 20:52:59.392  5044  5044 E Netd    : cannot find interface dummy0
09-12 20:52:59.393  5044  5044 D MDnsDS  : MDnsSdListener::Hander starting up
09-12 20:52:59.393  5044  5272 D MDnsDS  : MDnsSdListener starting to monitor
09-12 20:52:59.393  5044  5272 D MDnsDS  : Going to poll with pollCount 1
09-12 20:52:59.565  5039  5039 I System  : Loaded time zone names for "" in 45ms (16ms in ICU)
09-12 20:52:59.604  5039  5039 I System  : Loaded time zone names for "en_US" in 38ms (9ms in ICU)
09-12 20:52:59.889  5039  5039 I Zygote  : ...preloaded 4158 classes in 2175ms.
09-12 20:52:59.889  5039  5039 I art     : VMRuntime.preloadDexCaches starting
09-12 20:52:59.931  5039  5039 I art     : VMRuntime.preloadDexCaches strings total=288446 before=12011 after=12011
09-12 20:52:59.931  5039  5039 I art     : VMRuntime.preloadDexCaches types total=23810 before=9280 after=11325
09-12 20:52:59.931  5039  5039 I art     : VMRuntime.preloadDexCaches fields total=113941 before=41160 after=54105
09-12 20:52:59.931  5039  5039 I art     : VMRuntime.preloadDexCaches methods total=199717 before=78591 after=96703
09-12 20:52:59.931  5039  5039 I art     : VMRuntime.preloadDexCaches finished
09-12 20:52:59.932  5039  5039 I Zygote  : Preloading resources...
09-12 20:52:59.957  5039  5039 W Resources: Preloaded drawable resource #0x108025c (android:drawable/dialog_background_material) that varies with configuration!!
09-12 20:52:59.963  5039  5039 W Resources: Preloaded color resource #0x10600ea (android:color/material_grey_800) that varies with configuration!!
09-12 20:52:59.964  5039  5039 W Resources: Preloaded drawable resource #0x10802c9 (android:drawable/floating_popup_background_dark) that varies with configuration!!
09-12 20:53:00.082  5039  5039 I Zygote  : ...preloaded 114 resources in 150ms.
09-12 20:53:00.090  5039  5039 W Resources: Preloaded color resource #0x1060114 (android:color/background_cache_hint_selector_material_dark) that varies with configuration!!
