09-26 02:02:57.111  3669  4094 W EventHub: Unable to disable kernel key repeat for /dev/input/event15: Function not implemented
09-26 02:02:57.111  3669  4094 I EventHub: New device: id=2, fd=125, path='/dev/input/event15', name='Headset', classes=0x1, configuration='', keyLayout='/system/usr/keylayout/Generic.kl', keyCharacterMap='/system/usr/keychars/Generic.kcm', builtinKeyboard=false, wakeMechanism=EPOLLWAKEUP, usingClockIoctl=true
09-26 02:02:57.111  3669  4094 D EventHub: No input device configuration file found for device 'gpio_keys'.
09-26 02:02:57.111  3669  3736 W LocalDisplayAdapter: Unable to find color mode 0, ignoring request.
09-26 02:02:57.112  3669  4094 W EventHub: Unable to disable kernel key repeat for /dev/input/event16: Function not implemented
09-26 02:02:57.112  3669  4094 I EventHub: New device: id=3, fd=126, path='/dev/input/event16', name='gpio_keys', classes=0x1, configuration='', keyLayout='/system/usr/keylayout/Generic.kl', keyCharacterMap='/system/usr/keychars/Generic.kcm', builtinKeyboard=false, wakeMechanism=EPOLLWAKEUP, usingClockIoctl=true
09-26 02:02:57.112  3669  4094 E EventHub: could not get driver version for /dev/input/mouse1, Not a typewriter
09-26 02:02:57.125  3669  3669 W LocalDisplayAdapter: Unable to find color mode 0, ignoring request.
09-26 02:02:57.125  3669  3669 I SystemServiceManager: Starting com.android.server.MountService$Lifecycle
09-26 02:02:57.130  3669  4095 D MountService: Thinking about init, mSystemReady=false, mDaemonConnected=true
09-26 02:02:57.130  3669  4095 D MountService: Thinking about reset, mSystemReady=false, mDaemonConnected=true
09-26 02:02:57.130  3669  3669 I SystemServiceManager: Starting com.android.server.UiModeManagerService
09-26 02:02:57.130  3669  4095 D MountService: Thinking about init, mSystemReady=false, mDaemonConnected=true
09-26 02:02:57.130  3669  4095 D MountService: Thinking about reset, mSystemReady=false, mDaemonConnected=true
09-26 02:02:57.130  3669  4095 D CryptdConnector: SND -> {1 cryptfs getfield SystemLocale}
09-26 02:02:57.131  3669  4097 D CryptdConnector: RCV <- {200 1 -1}
09-26 02:02:57.131  3669  3669 I ActivityManager: Config changes=200 {1.0 ?mcc?mnc [en_US] ldltr sw411dp w411dp h773dp 560dpi nrml long port -touch -keyb/h/h -nav/h s.4}
09-26 02:02:57.131  3669  4095 W MountService: No primary storage mounted!
09-26 02:02:57.131  3669  4095 D VoldConnector: SND -> {1 asec list}
09-26 02:02:57.132  3669  4096 D VoldConnector: RCV <- {400 1 Failed to open asec dir (No such file or directory)}
09-26 02:02:57.132  3669  4096 D VoldConnector: RCV <- {200 1 asec operation succeeded}
09-26 02:02:57.132  3669  4095 I PackageManager: No secure containers found
09-26 02:02:57.132  3669  4095 W PackageManager: Unknown permission com.google.android.googleapps.permission.GOOGLE_AUTH in package com.android.providers.calendar
09-26 02:02:57.132  3669  4095 W PackageManager: Unknown permission com.google.android.googleapps.permission.GOOGLE_AUTH.cl in package com.android.providers.calendar
09-26 02:02:57.132  3669  4095 W PackageManager: Unknown permission cyanogenmod.permission.LEGALESE in package com.cyanogenmod.setupwizard
09-26 02:02:57.132  3669  4095 W PackageManager: Unknown permission com.android.gallery3d.permission.STORAGE_CHANGE in package com.android.camera2
09-26 02:02:57.132  3669  4095 W PackageManager: Unknown permission android.permission.NFC_UNLOCK in package com.android.nfc
09-26 02:02:57.133  3669  4095 W PackageManager: Unknown permission com.google.android.googleapps.permission.GOOGLE_AUTH.mail in package com.android.calendar
09-26 02:02:57.133  3669  4095 W PackageManager: Unknown permission com.android.launcher.permission.READ_SETTINGS in package com.android.onetimeinitializer
09-26 02:02:57.133  3669  4095 W PackageManager: Unknown permission com.android.launcher.permission.WRITE_SETTINGS in package com.android.onetimeinitializer
09-26 02:02:57.133  3669  4095 W PackageManager: Unknown permission com.android.launcher.permission.READ_SETTINGS in package com.cyanogenmod.trebuchet
09-26 02:02:57.133  3669  4095 W PackageManager: Unknown permission com.android.launcher.permission.WRITE_SETTINGS in package com.cyanogenmod.trebuchet
09-26 02:02:57.133  3669  4095 W PackageManager: Unknown permission com.google.android.permission.INSTALL_WEARABLE_PACKAGES in package com.android.packageinstaller
09-26 02:02:57.133  3669  4095 W PackageManager: Not granting permission android.permission.DELETE_PACKAGES to package com.svox.pico (protectionLevel=18 flags=0x3888be45)
09-26 02:02:57.133  3669  4095 W PackageManager: Unknown permission com.google.android.gallery3d.permission.PICASA_STORE in package com.android.dreams.phototable
09-26 02:02:57.133  3669  4095 W PackageManager: Unknown permission com.google.android.googleapps.permission.GOOGLE_AUTH in package com.android.settings
09-26 02:02:57.133  3669  4095 W PackageManager: Unknown permission com.android.launcher.permission.READ_SETTINGS in package com.android.settings
09-26 02:02:57.133  3669  4095 W PackageManager: Unknown permission com.android.launcher.permission.WRITE_SETTINGS in package com.android.settings
09-26 02:02:57.134  3669  4095 W PackageManager: Not granting permission android.permission.MANAGE_DOCUMENTS to package com.android.deskclock (protectionLevel=2 flags=0x3cc9be45)
09-26 02:02:57.134  3669  4095 W PackageManager: Unknown permission com.android.deskclock.worldclock.permissions.WRITE_DATABASE in package com.android.deskclock
09-26 02:02:57.134  3669  4095 W PackageManager: Unknown permission org.codeaurora.permission.POWER_ON_ALERT in package com.android.deskclock
09-26 02:02:57.134  3669  4095 W PackageManager: Not granting permission android.permission.WRITE_SECURE_SETTINGS to package com.android.deskclock (protectionLevel=50 flags=0x3cc9be45)
09-26 02:02:57.134  3669  4095 W PackageManager: Unknown permission com.cyanogenmod.lockclock.permission.READ_WEATHER in package com.android.systemui
09-26 02:02:57.134  3669  4095 W PackageManager: Unknown permission com.google.android.gallery3d.permission.GALLERY_PROVIDER in package com.android.bluetooth
09-26 02:02:57.134  3669  4095 W PackageManager: Unknown permission com.google.android.googleapps.permission.ACCESS_GOOGLE_PASSWORD in package com.android.development
09-26 02:02:57.135  3669  4095 W PackageManager: Unknown permission com.google.android.googleapps.permission.GOOGLE_AUTH in package com.android.development
09-26 02:02:57.135  3669  4095 W PackageManager: Unknown permission com.google.android.googleapps.permission.GOOGLE_AUTH.ALL_SERVICES in package com.android.development
09-26 02:02:57.135  3669  4095 W PackageManager: Unknown permission com.google.android.googleapps.permission.GOOGLE_AUTH.YouTubeUser in package com.android.development
09-26 02:02:57.139  3669  4094 D EventHub: No input device configuration file found for device 'sec_touchpad'.
09-26 02:02:57.140  3669  4094 W EventHub: Unable to disable kernel key repeat for /dev/input/event1: Function not implemented
09-26 02:02:57.140  3669  4094 I EventHub: New device: id=4, fd=132, path='/dev/input/event1', name='sec_touchpad', classes=0x15, configuration='', keyLayout='/system/usr/keylayout/Generic.kl', keyCharacterMap='/system/usr/keychars/Generic.kcm', builtinKeyboard=false, wakeMechanism=EPOLLWAKEUP, usingClockIoctl=true
09-26 02:02:57.140  3669  4094 E EventHub: could not get driver version for /dev/input/mouse0, Not a typewriter
09-26 02:02:57.195  3669  4095 W MountService: No primary storage defined yet; hacking together a stub
09-26 02:02:57.195  3669  4095 W MountService: No primary storage defined yet; hacking together a stub
09-26 02:02:57.196  3669  4095 W MountService: No primary storage mounted!
09-26 02:02:57.196  3669  4095 D VoldConnector: SND -> {2 asec list}
09-26 02:02:57.196  3669  4096 D VoldConnector: RCV <- {400 2 Failed to open asec dir (No such file or directory)}
09-26 02:02:57.197  3669  4096 D VoldConnector: RCV <- {200 2 asec operation succeeded}
09-26 02:02:57.205  3669  3669 I PackageManager.DexOptimizer: Running dexopt (dex2oat) on: /system/priv-app/CalendarProvider/CalendarProvider.apk pkg=com.android.providers.calendar isa=arm64 vmSafeMode=false debuggable=false target-filter=interpret-only oatDir = null sharedLibraries=/system/framework/android.test.runner.jar
09-26 02:02:57.221  4098  4098 I dex2oat : /system/bin/dex2oat --compiler-filter=interpret-only
09-26 02:02:57.237  3669  4094 W EventHub: Unable to disable kernel key repeat for /dev/input/event0: Function not implemented
09-26 02:02:57.237  3669  4094 I EventHub: New device: id=5, fd=134, path='/dev/input/event0', name='sec_touchscreen', classes=0x15, configuration='/system/usr/idc/sec_touchscreen.idc', keyLayout='/system/usr/keylayout/Generic.kl', keyCharacterMap='/system/usr/keychars/Generic.kcm', builtinKeyboard=false, wakeMechanism=EPOLLWAKEUP, usingClockIoctl=true
09-26 02:02:57.237  3669  4094 D EventHub: No input device configuration file found for device 'hall'.
09-26 02:02:57.271  3669  4094 D EventHub: No input device configuration file found for device 'ssp_context'.
09-26 02:02:57.287  3669  4094 D EventHub: No input device configuration file found for device 'meta_event'.
09-26 02:02:57.307  3669  4094 D EventHub: No input device configuration file found for device 'interrupt_gyro_sensor'.
09-26 02:02:57.331  3669  4094 D EventHub: No input device configuration file found for device 'step_cnt_sensor'.
09-26 02:02:57.351  3669  4094 D EventHub: No input device configuration file found for device 'sig_motion_sensor'.
09-26 02:02:57.360  4098  4098 I dex2oat : dex2oat took 139.280ms (threads: 8) arena alloc=10KB (10600B) java alloc=817KB (837616B) native alloc=1187KB (1215696B) free=3MB (3502896B)
09-26 02:02:57.363  3669  4094 D EventHub: No input device configuration file found for device 'gesture_sensor'.
09-26 02:02:57.363  3669  3669 I PackageManager.DexOptimizer: Running dexopt (dex2oat) on: /system/priv-app/MediaProvider/MediaProvider.apk pkg=com.android.providers.media isa=arm64 vmSafeMode=false debuggable=false target-filter=interpret-only oatDir = null sharedLibraries=null
09-26 02:02:57.379  4107  4107 I dex2oat : /system/bin/dex2oat --compiler-filter=interpret-only
09-26 02:02:57.395  3669  4094 D EventHub: No input device configuration file found for device 'temp_humidity_sensor'.
09-26 02:02:57.427  3669  4094 D EventHub: No input device configuration file found for device 'proximity_alert_sensor'.
09-26 02:02:57.451  3669  4094 D EventHub: No input device configuration file found for device 'proximity_sensor'.
09-26 02:02:57.467  3669  4094 D EventHub: No input device configuration file found for device 'light_ir_sensor'.
09-26 02:02:57.469  4107  4107 I dex2oat : dex2oat took 91.225ms (threads: 8) arena alloc=113KB (116488B) java alloc=258KB (264984B) native alloc=1333KB (1365264B) free=2MB (2829040B)
09-26 02:02:57.472  3669  3669 I PackageManager.DexOptimizer: Running dexopt (dex2oat) on: /system/priv-app/WallpaperCropper/WallpaperCropper.apk pkg=com.android.wallpapercropper isa=arm64 vmSafeMode=false debuggable=false target-filter=interpret-only oatDir = null sharedLibraries=null
09-26 02:02:57.483  3669  4094 D EventHub: No input device configuration file found for device 'light_sensor'.
09-26 02:02:57.487  4116  4116 I dex2oat : /system/bin/dex2oat --compiler-filter=interpret-only
09-26 02:02:57.499  3669  4094 D EventHub: No input device configuration file found for device 'hrm_sensor'.
09-26 02:02:57.519  3669  4094 D EventHub: No input device configuration file found for device 'grip_sensor'.
09-26 02:02:57.534  3669  4094 E EventHub: could not get driver version for /dev/input/mice, Not a typewriter
09-26 02:02:57.582  4116  4116 I dex2oat : dex2oat took 95.340ms (threads: 8) arena alloc=11KB (11912B) java alloc=417KB (427192B) native alloc=1372KB (1405640B) free=2MB (2788664B)
09-26 02:02:57.585  3669  3669 I PackageManager.DexOptimizer: Running dexopt (dex2oat) on: /system/priv-app/DocumentsUI/DocumentsUI.apk pkg=com.android.documentsui isa=arm64 vmSafeMode=false debuggable=false target-filter=interpret-only oatDir = null sharedLibraries=null
09-26 02:02:57.592  3669  4094 I InputReader: Device added: id=-1, name='Virtual', sources=0x00000301
09-26 02:02:57.592  3669  4094 W InputReader: Invalid value for touch.size.calibration: 'normalized'
09-26 02:02:57.592  3669  4094 I InputReader:   Touch device 'sec_touchscreen' could not query the properties of its associated display.  The device will be inoperable until the display size becomes available.
09-26 02:02:57.592  3669  4094 I InputReader: Device added: id=5, name='sec_touchscreen', sources=0x00001103
09-26 02:02:57.593  3669  4094 I InputReader:   Touch device 'sec_touchpad' could not query the properties of its associated display.  The device will be inoperable until the display size becomes available.
09-26 02:02:57.593  3669  4094 I InputReader: Device added: id=4, name='sec_touchpad', sources=0x00002103
09-26 02:02:57.593  3669  4094 I InputReader: Device added: id=3, name='gpio_keys', sources=0x00000101
09-26 02:02:57.593  3669  4094 I InputReader: Device added: id=2, name='Headset', sources=0x00000101
09-26 02:02:57.593  3669  4094 I InputReader: Reconfiguring input devices.  changes=0x00000004
09-26 02:02:57.597  3669  4094 I InputReader: Device reconfigured: id=4, name='sec_touchpad', size 1440x2960, orientation 0, mode 4, display id 0
09-26 02:02:57.598  3669  4094 I InputReader: Device reconfigured: id=5, name='sec_touchscreen', size 1440x2960, orientation 0, mode 1, display id 0
09-26 02:02:57.598  3669  4093 I ActivityManager: Config changes=8 {1.0 ?mcc?mnc [en_US] ldltr sw411dp w411dp h773dp 560dpi nrml long port finger -keyb/h/h -nav/h s.5}
09-26 02:02:57.601  4125  4125 I dex2oat : /system/bin/dex2oat --compiler-filter=interpret-only
09-26 02:02:57.694  4125  4130 W dex2oat : Before Android 4.1, method android.graphics.PorterDuffColorFilter android.support.graphics.drawable.VectorDrawableCompat.updateTintFilter(android.graphics.PorterDuffColorFilter, android.content.res.ColorStateList, android.graphics.PorterDuff$Mode) would have incorrectly overridden the package-private method in android.graphics.drawable.Drawable
09-26 02:02:57.702  4125  4129 W dex2oat : Before Android 4.1, method int android.support.v7.widget.ListViewCompat.lookForSelectablePosition(int, boolean) would have incorrectly overridden the package-private method in android.widget.ListView
09-26 02:02:57.852  4125  4125 I dex2oat : dex2oat took 251.171ms (threads: 8) arena alloc=7KB (7592B) java alloc=2MB (2690432B) native alloc=2MB (2959448B) free=2MB (2283432B)
09-26 02:02:57.855  3669  3669 I PackageManager.DexOptimizer: Running dexopt (dex2oat) on: /system/priv-app/ExternalStorageProvider/ExternalStorageProvider.apk pkg=com.android.externalstorage isa=arm64 vmSafeMode=false debuggable=false target-filter=interpret-only oatDir = null sharedLibraries=null
09-26 02:02:57.870  4134  4134 I dex2oat : /system/bin/dex2oat --compiler-filter=interpret-only
09-26 02:02:57.950  4134  4134 I dex2oat : dex2oat took 80.025ms (threads: 8) arena alloc=17KB (18304B) java alloc=163KB (167000B) native alloc=1244KB (1274072B) free=3MB (3968808B)
09-26 02:02:57.998  3669  3669 I PackageManager.DexOptimizer: Running dexopt (dex2oat) on: /system/app/HTMLViewer/HTMLViewer.apk pkg=com.android.htmlviewer isa=arm64 vmSafeMode=false debuggable=false target-filter=interpret-only oatDir = null sharedLibraries=null
09-26 02:02:58.014  4143  4143 I dex2oat : /system/bin/dex2oat --compiler-filter=interpret-only
09-26 02:02:58.082  4143  4143 I dex2oat : dex2oat took 68.978ms (threads: 8) arena alloc=9KB (10104B) java alloc=75KB (77208B) native alloc=1041KB (1066488B) free=2030KB (2079240B)
09-26 02:02:58.085  3669  3669 I PackageManager.DexOptimizer: Running dexopt (dex2oat) on: /system/priv-app/DownloadProvider/DownloadProvider.apk pkg=com.android.providers.downloads isa=arm64 vmSafeMode=false debuggable=false target-filter=interpret-only oatDir = null sharedLibraries=null
09-26 02:02:58.100  4152  4152 I dex2oat : /system/bin/dex2oat --compiler-filter=interpret-only
09-26 02:02:58.237  4152  4152 I dex2oat : dex2oat took 137.143ms (threads: 8) arena alloc=9KB (9528B) java alloc=766KB (785360B) native alloc=1279KB (1310360B) free=2MB (2883944B)
09-26 02:02:58.240  3669  3669 I PackageManager.DexOptimizer: Running dexopt (dex2oat) on: /system/app/messaging/messaging.apk pkg=com.android.messaging isa=arm64 vmSafeMode=false debuggable=false target-filter=interpret-only oatDir = null sharedLibraries=null
09-26 02:02:58.256  4161  4161 I dex2oat : /system/bin/dex2oat --compiler-filter=interpret-only
09-26 02:02:58.463  4161  4167 W dex2oat : Before Android 4.1, method int android.support.v7.widget.ListViewCompat.lookForSelectablePosition(int, boolean) would have incorrectly overridden the package-private method in android.widget.ListView
09-26 02:02:58.822  4161  4161 I dex2oat : dex2oat took 566.909ms (threads: 8) arena alloc=138KB (142112B) java alloc=6MB (7021704B) native alloc=7MB (8057800B) free=2MB (3083320B)
09-26 02:02:58.827  3669  3669 I PackageManager.DexOptimizer: Running dexopt (dex2oat) on: /system/app/Terminal/Terminal.apk pkg=com.android.terminal isa=arm64 vmSafeMode=false debuggable=false target-filter=interpret-only oatDir = null sharedLibraries=null
09-26 02:02:58.861  4170  4170 I dex2oat : /system/bin/dex2oat --compiler-filter=interpret-only
09-26 02:02:59.131  4170  4170 I dex2oat : dex2oat took 271.098ms (threads: 8) arena alloc=20KB (21288B) java alloc=1863KB (1908496B) native alloc=2MB (2827504B) free=3MB (3463952B)
09-26 02:02:59.135  3669  3669 I PackageManager.DexOptimizer: Running dexopt (dex2oat) on: /system/priv-app/AudioFX/AudioFX.apk pkg=org.cyanogenmod.audiofx isa=arm64 vmSafeMode=false debuggable=false target-filter=interpret-only oatDir = null sharedLibraries=null
09-26 02:02:59.168  4179  4179 I dex2oat : /system/bin/dex2oat --compiler-filter=interpret-only
09-26 02:02:59.504  4179  4179 I dex2oat : dex2oat took 336.917ms (threads: 8) arena alloc=14KB (14344B) java alloc=2MB (2463064B) native alloc=3MB (3753856B) free=2MB (2537600B)
09-26 02:02:59.510  3669  3669 I PackageManager.DexOptimizer: Running dexopt (dex2oat) on: /system/priv-app/LineageSetupWizard/LineageSetupWizard.apk pkg=com.cyanogenmod.setupwizard isa=arm64 vmSafeMode=false debuggable=false target-filter=interpret-only oatDir = null sharedLibraries=null
09-26 02:02:59.547  4188  4188 I dex2oat : /system/bin/dex2oat --compiler-filter=interpret-only
09-26 02:02:59.692  4188  4188 I dex2oat : dex2oat took 145.240ms (threads: 8) arena alloc=17KB (18408B) java alloc=1128KB (1156064B) native alloc=1127KB (1154328B) free=3MB (3564264B)
09-26 02:02:59.696  3669  3669 I PackageManager.DexOptimizer: Running dexopt (dex2oat) on: /system/app/DownloadProviderUi/DownloadProviderUi.apk pkg=com.android.providers.downloads.ui isa=arm64 vmSafeMode=false debuggable=false target-filter=interpret-only oatDir = null sharedLibraries=null
09-26 02:02:59.729  4197  4197 I dex2oat : /system/bin/dex2oat --compiler-filter=interpret-only
09-26 02:02:59.804  4197  4197 I dex2oat : dex2oat took 75.564ms (threads: 8) arena alloc=20KB (20840B) java alloc=154KB (157768B) native alloc=1010KB (1034768B) free=3MB (3683824B)
09-26 02:02:59.808  3669  3669 I PackageManager.DexOptimizer: Running dexopt (dex2oat) on: /system/app/PacProcessor/PacProcessor.apk pkg=com.android.pacprocessor isa=arm64 vmSafeMode=false debuggable=false target-filter=interpret-only oatDir = null sharedLibraries=null
09-26 02:02:59.842  4206  4206 I dex2oat : /system/bin/dex2oat --compiler-filter=interpret-only
09-26 02:02:59.922  4206  4206 I dex2oat : dex2oat took 80.440ms (threads: 8) arena alloc=5KB (5312B) java alloc=70KB (72480B) native alloc=1018KB (1042824B) free=1541KB (1578616B)
09-26 02:02:59.927  3669  3669 I PackageManager.DexOptimizer: Running dexopt (dex2oat) on: /system/app/CertInstaller/CertInstaller.apk pkg=com.android.certinstaller isa=arm64 vmSafeMode=false debuggable=false target-filter=interpret-only oatDir = null sharedLibraries=null
09-26 02:02:59.966  4216  4216 I dex2oat : /system/bin/dex2oat --compiler-filter=interpret-only
09-26 02:03:00.076  4216  4216 I dex2oat : dex2oat took 111.155ms (threads: 8) arena alloc=18KB (18544B) java alloc=288KB (295680B) native alloc=1194KB (1223104B) free=3MB (3495488B)
09-26 02:03:00.082  3669  3669 I PackageManager.DexOptimizer: Running dexopt (dex2oat) on: /system/priv-app/CarrierConfig/CarrierConfig.apk pkg=com.android.carrierconfig isa=arm64 vmSafeMode=false debuggable=false target-filter=interpret-only oatDir = null sharedLibraries=null
09-26 02:03:00.120  4225  4225 I dex2oat : /system/bin/dex2oat --compiler-filter=interpret-only
09-26 02:03:00.210  4225  4225 I dex2oat : dex2oat took 90.965ms (threads: 8) arena alloc=5KB (6088B) java alloc=46KB (48024B) native alloc=1011KB (1035704B) free=1548KB (1585736B)
09-26 02:03:00.216  3669  3669 I PackageManager.DexOptimizer: Running dexopt (dex2oat) on: /system/priv-app/Contacts/Contacts.apk pkg=com.android.contacts isa=arm64 vmSafeMode=false debuggable=false target-filter=interpret-only oatDir = null sharedLibraries=null
09-26 02:03:00.254  4234  4234 I dex2oat : /system/bin/dex2oat --compiler-filter=interpret-only
09-26 02:03:00.653  4234  4234 I dex2oat : dex2oat took 401.138ms (threads: 8) arena alloc=42KB (43272B) java alloc=3MB (4072320B) native alloc=4MB (4263712B) free=2MB (2552032B)
09-26 02:03:00.658  3669  3669 I PackageManager.DexOptimizer: Running dexopt (dex2oat) on: /system/app/Camera2/Camera2.apk pkg=com.android.camera2 isa=arm64 vmSafeMode=false debuggable=false target-filter=interpret-only oatDir = null sharedLibraries=null
09-26 02:03:00.696  4243  4243 I dex2oat : /system/bin/dex2oat --compiler-filter=interpret-only
09-26 02:03:01.121  4243  4243 I dex2oat : dex2oat took 425.972ms (threads: 8) arena alloc=9KB (10184B) java alloc=2MB (2819928B) native alloc=4MB (4353200B) free=2MB (2986832B)
09-26 02:03:01.125  3669  3669 I PackageManager.DexOptimizer: Running dexopt (dex2oat) on: /system/priv-app/Recorder/Recorder.apk pkg=org.lineageos.recorder isa=arm64 vmSafeMode=false debuggable=false target-filter=interpret-only oatDir = null sharedLibraries=null
09-26 02:03:01.160  4253  4253 I dex2oat : /system/bin/dex2oat --compiler-filter=interpret-only
09-26 02:03:01.255  4253  4258 W dex2oat : Before Android 4.1, method android.graphics.PorterDuffColorFilter android.support.graphics.drawable.VectorDrawableCompat.updateTintFilter(android.graphics.PorterDuffColorFilter, android.content.res.ColorStateList, android.graphics.PorterDuff$Mode) would have incorrectly overridden the package-private method in android.graphics.drawable.Drawable
09-26 02:03:01.277  4253  4255 W dex2oat : Before Android 4.1, method int android.support.v7.widget.ListViewCompat.lookForSelectablePosition(int, boolean) would have incorrectly overridden the package-private method in android.widget.ListView
09-26 02:03:01.437  4253  4253 I dex2oat : dex2oat took 277.334ms (threads: 8) arena alloc=16KB (16440B) java alloc=2MB (2765864B) native alloc=2MB (2653688B) free=2MB (3113480B)
09-26 02:03:01.441  3669  3669 I PackageManager.DexOptimizer: Running dexopt (dex2oat) on: /system/app/EasterEgg/EasterEgg.apk pkg=com.android.egg isa=arm64 vmSafeMode=false debuggable=false target-filter=interpret-only oatDir = null sharedLibraries=null
09-26 02:03:01.475  4263  4263 I dex2oat : /system/bin/dex2oat --compiler-filter=interpret-only
09-26 02:03:01.562  4263  4270 W dex2oat : Before Android 4.1, method double java.util.concurrent.ThreadLocalRandom.internalNextDouble(double, double) would have incorrectly overridden the package-private method in java.util.Random
09-26 02:03:01.562  4263  4270 W dex2oat : Before Android 4.1, method int java.util.concurrent.ThreadLocalRandom.internalNextInt(int, int) would have incorrectly overridden the package-private method in java.util.Random
09-26 02:03:01.562  4263  4270 W dex2oat : Before Android 4.1, method long java.util.concurrent.ThreadLocalRandom.internalNextLong(long, long) would have incorrectly overridden the package-private method in java.util.Random
09-26 02:03:01.631  4263  4263 I dex2oat : dex2oat took 156.950ms (threads: 8) arena alloc=10KB (10640B) java alloc=582KB (596672B) native alloc=1249KB (1279168B) free=3MB (3963712B)
09-26 02:03:01.635  3669  3669 I PackageManager.DexOptimizer: Running dexopt (dex2oat) on: /system/priv-app/MtpDocumentsProvider/MtpDocumentsProvider.apk pkg=com.android.mtp isa=arm64 vmSafeMode=false debuggable=false target-filter=interpret-only oatDir = null sharedLibraries=null
09-26 02:03:01.669  4272  4272 I dex2oat : /system/bin/dex2oat --compiler-filter=interpret-only
09-26 02:03:01.762  4272  4272 I dex2oat : dex2oat took 93.353ms (threads: 8) arena alloc=23KB (24416B) java alloc=210KB (215872B) native alloc=1223KB (1252840B) free=3MB (3990040B)
09-26 02:03:01.767  3669  3669 I PackageManager.DexOptimizer: Running dexopt (dex2oat) on: /system/app/NfcNci/NfcNci.apk pkg=com.android.nfc isa=arm64 vmSafeMode=false debuggable=false target-filter=interpret-only oatDir = null sharedLibraries=null
09-26 02:03:01.801  4281  4281 I dex2oat : /system/bin/dex2oat --compiler-filter=interpret-only
09-26 02:03:02.133  4281  4281 I dex2oat : dex2oat took 332.187ms (threads: 8) arena alloc=30KB (31192B) java alloc=2044KB (2093728B) native alloc=3MB (3213632B) free=4MB (5174976B)
09-26 02:03:02.136  3669  3669 I PackageManager.DexOptimizer: Running dexopt (dex2oat) on: /system/app/Stk/Stk.apk pkg=com.android.stk isa=arm64 vmSafeMode=false debuggable=false target-filter=interpret-only oatDir = null sharedLibraries=null
09-26 02:03:02.174  4290  4290 I dex2oat : /system/bin/dex2oat --compiler-filter=interpret-only
09-26 02:03:02.281  4290  4290 I dex2oat : dex2oat took 107.813ms (threads: 8) arena alloc=45KB (46784B) java alloc=327KB (335688B) native alloc=1247KB (1277568B) free=3MB (3441024B)
09-26 02:03:02.286  3669  3669 I PackageManager.DexOptimizer: Running dexopt (dex2oat) on: /system/priv-app/BackupRestoreConfirmation/BackupRestoreConfirmation.apk pkg=com.android.backupconfirm isa=arm64 vmSafeMode=false debuggable=false target-filter=interpret-only oatDir = null sharedLibraries=null
09-26 02:03:02.324  4299  4299 I dex2oat : /system/bin/dex2oat --compiler-filter=interpret-only
09-26 02:03:02.400  4299  4299 I dex2oat : dex2oat took 78.007ms (threads: 8) arena alloc=7KB (7984B) java alloc=142KB (145480B) native alloc=1022KB (1047264B) free=2MB (2622752B)
09-26 02:03:02.404  3669  3669 I PackageManager.DexOptimizer: Running dexopt (dex2oat) on: /system/app/Profiles/Profiles.apk pkg=org.cyanogenmod.profiles isa=arm64 vmSafeMode=false debuggable=false target-filter=interpret-only oatDir = null sharedLibraries=null
09-26 02:03:02.438  4308  4308 I dex2oat : /system/bin/dex2oat --compiler-filter=interpret-only
09-26 02:03:02.558  4308  4308 I dex2oat : dex2oat took 121.192ms (threads: 8) arena alloc=15KB (15424B) java alloc=247KB (253648B) native alloc=1368KB (1401576B) free=3MB (3317016B)
09-26 02:03:02.565  3669  3669 I PackageManager.DexOptimizer: Running dexopt (dex2oat) on: /system/app/LockClock/LockClock.apk pkg=com.cyanogenmod.lockclock isa=arm64 vmSafeMode=false debuggable=false target-filter=interpret-only oatDir = null sharedLibraries=null
09-26 02:03:02.603  4317  4317 I dex2oat : /system/bin/dex2oat --compiler-filter=interpret-only
09-26 02:03:02.779  4317  4317 I dex2oat : dex2oat took 177.174ms (threads: 8) arena alloc=27KB (28432B) java alloc=658KB (674416B) native alloc=1140KB (1167600B) free=4MB (5123856B)
09-26 02:03:02.785  3669  3669 I PackageManager.DexOptimizer: Running dexopt (dex2oat) on: /system/priv-app/StatementService/StatementService.apk pkg=com.android.statementservice isa=arm64 vmSafeMode=false debuggable=false target-filter=interpret-only oatDir = null sharedLibraries=null
09-26 02:03:02.822  4326  4326 I dex2oat : /system/bin/dex2oat --compiler-filter=interpret-only
09-26 02:03:02.926  4326  4326 I dex2oat : dex2oat took 105.193ms (threads: 8) arena alloc=16KB (16776B) java alloc=180KB (185064B) native alloc=1281KB (1312488B) free=4MB (4454680B)
09-26 02:03:02.933  3669  3669 I PackageManager.DexOptimizer: Running dexopt (dex2oat) on: /system/app/AdvancedDisplay/AdvancedDisplay.apk pkg=com.cyanogenmod.settings.device isa=arm64 vmSafeMode=false debuggable=false target-filter=interpret-only oatDir = null sharedLibraries=null
09-26 02:03:02.971  4335  4335 I dex2oat : /system/bin/dex2oat --compiler-filter=interpret-only
09-26 02:03:03.091  4335  4342 W dex2oat : Before Android 4.1, method android.graphics.PorterDuffColorFilter android.support.graphics.drawable.VectorDrawableCompat.updateTintFilter(android.graphics.PorterDuffColorFilter, android.content.res.ColorStateList, android.graphics.PorterDuff$Mode) would have incorrectly overridden the package-private method in android.graphics.drawable.Drawable
09-26 02:03:03.117  4335  4342 W dex2oat : Before Android 4.1, method int android.support.v7.widget.ListViewCompat.lookForSelectablePosition(int, boolean) would have incorrectly overridden the package-private method in android.widget.ListView
09-26 02:03:03.276  4335  4335 I dex2oat : dex2oat took 307.313ms (threads: 8) arena alloc=17KB (17752B) java alloc=2MB (2814736B) native alloc=2MB (2600928B) free=3MB (3166240B)
09-26 02:03:03.281  3669  3669 I PackageManager.DexOptimizer: Running dexopt (dex2oat) on: /system/priv-app/CMAudioService/CMAudioService.apk pkg=org.cyanogenmod.cmaudio.service isa=arm64 vmSafeMode=false debuggable=false target-filter=interpret-only oatDir = null sharedLibraries=null
09-26 02:03:03.314  4344  4344 I dex2oat : /system/bin/dex2oat --compiler-filter=interpret-only
09-26 02:03:03.472  4344  4344 I dex2oat : dex2oat took 158.535ms (threads: 8) arena alloc=15KB (15744B) java alloc=612KB (627056B) native alloc=1207KB (1236072B) free=3MB (3482520B)
09-26 02:03:03.476  3669  3669 I PackageManager.DexOptimizer: Running dexopt (dex2oat) on: /system/app/Calendar/Calendar.apk pkg=com.android.calendar isa=arm64 vmSafeMode=false debuggable=false target-filter=interpret-only oatDir = null sharedLibraries=null
09-26 02:03:03.515  4353  4353 I dex2oat : /system/bin/dex2oat --compiler-filter=interpret-only
09-26 02:03:03.752  4353  4353 I dex2oat : dex2oat took 238.140ms (threads: 8) arena alloc=25KB (26312B) java alloc=2MB (2650512B) native alloc=2MB (2284960B) free=3MB (3482208B)
09-26 02:03:03.756  3669  3669 I PackageManager.DexOptimizer: Running dexopt (dex2oat) on: /system/priv-app/SharedStorageBackup/SharedStorageBackup.apk pkg=com.android.sharedstoragebackup isa=arm64 vmSafeMode=false debuggable=false target-filter=interpret-only oatDir = null sharedLibraries=null
09-26 02:03:03.793  4362  4362 I dex2oat : /system/bin/dex2oat --compiler-filter=interpret-only
09-26 02:03:03.871  4362  4362 I dex2oat : dex2oat took 78.687ms (threads: 8) arena alloc=16KB (16624B) java alloc=76KB (78464B) native alloc=991KB (1015624B) free=1568KB (1605816B)
09-26 02:03:03.875  3669  3669 I PackageManager.DexOptimizer: Running dexopt (dex2oat) on: /system/app/PrintSpooler/PrintSpooler.apk pkg=com.android.printspooler isa=arm64 vmSafeMode=false debuggable=false target-filter=interpret-only oatDir = null sharedLibraries=null
09-26 02:03:03.913  4371  4371 I dex2oat : /system/bin/dex2oat --compiler-filter=interpret-only
09-26 02:03:04.093  4371  4371 I dex2oat : dex2oat took 181.607ms (threads: 8) arena alloc=87KB (89152B) java alloc=891KB (913184B) native alloc=1283KB (1314224B) free=3MB (3928656B)
09-26 02:03:04.096  3669  3669 I PackageManager.DexOptimizer: Running dexopt (dex2oat) on: /system/app/BasicDreams/BasicDreams.apk pkg=com.android.dreams.basic isa=arm64 vmSafeMode=false debuggable=false target-filter=interpret-only oatDir = null sharedLibraries=null
09-26 02:03:04.130  4380  4380 I dex2oat : /system/bin/dex2oat --compiler-filter=interpret-only
09-26 02:03:04.206  4380  4380 I dex2oat : dex2oat took 76.547ms (threads: 8) arena alloc=10KB (10344B) java alloc=106KB (108720B) native alloc=1045KB (1070512B) free=2026KB (2075216B)
09-26 02:03:04.211  3669  3669 I PackageManager.DexOptimizer: Running dexopt (dex2oat) on: /system/app/webview/webview.apk pkg=com.android.webview isa=arm vmSafeMode=false debuggable=false target-filter=interpret-only oatDir = null sharedLibraries=null
09-26 02:03:04.245  4389  4389 I dex2oat : /system/bin/dex2oat --compiler-filter=interpret-only
09-26 02:03:04.651  4389  4389 I dex2oat : dex2oat took 406.513ms (threads: 8) arena alloc=9KB (10176B) java alloc=2MB (2356816B) native alloc=3MB (3641816B) free=5MB (5271080B)
09-26 02:03:04.655  3669  3669 I PackageManager.DexOptimizer: Running dexopt (dex2oat) on: /system/app/webview/webview.apk pkg=com.android.webview isa=arm64 vmSafeMode=false debuggable=false target-filter=interpret-only oatDir = null sharedLibraries=null
09-26 02:03:04.693  4398  4398 I dex2oat : /system/bin/dex2oat --compiler-filter=interpret-only
09-26 02:03:05.062  4398  4398 I dex2oat : dex2oat took 369.694ms (threads: 8) arena alloc=15KB (15368B) java alloc=3MB (3545792B) native alloc=4MB (4460104B) free=5MB (6025656B)
09-26 02:03:05.066  3669  3669 I PackageManager.DexOptimizer: Running dexopt (dex2oat) on: /system/priv-app/CellBroadcastReceiver/CellBroadcastReceiver.apk pkg=com.android.cellbroadcastreceiver isa=arm64 vmSafeMode=false debuggable=false target-filter=interpret-only oatDir = null sharedLibraries=null
09-26 02:03:05.100  4407  4407 I dex2oat : /system/bin/dex2oat --compiler-filter=interpret-only
09-26 02:03:05.193  4407  4407 I dex2oat : dex2oat took 94.294ms (threads: 8) arena alloc=19KB (20304B) java alloc=474KB (486104B) native alloc=1332KB (1364016B) free=3MB (3878864B)
09-26 02:03:05.196  3669  3669 I PackageManager.DexOptimizer: Running dexopt (dex2oat) on: /system/priv-app/OneTimeInitializer/OneTimeInitializer.apk pkg=com.android.onetimeinitializer isa=arm64 vmSafeMode=false debuggable=false target-filter=interpret-only oatDir = null sharedLibraries=null
09-26 02:03:05.231  4416  4416 I dex2oat : /system/bin/dex2oat --compiler-filter=interpret-only
09-26 02:03:05.311  4416  4416 I dex2oat : dex2oat took 80.770ms (threads: 8) arena alloc=22KB (22784B) java alloc=152KB (155880B) native alloc=1178KB (1206632B) free=3MB (3511960B)
09-26 02:03:05.316  3669  3669 I PackageManager.DexOptimizer: Running dexopt (dex2oat) on: /system/priv-app/CMParts/CMParts.apk pkg=org.cyanogenmod.cmparts isa=arm64 vmSafeMode=false debuggable=false target-filter=interpret-only oatDir = null sharedLibraries=null
09-26 02:03:05.351  4425  4425 I dex2oat : /system/bin/dex2oat --compiler-filter=interpret-only
09-26 02:03:05.482  4425  4433 W dex2oat : Before Android 4.1, method android.graphics.PorterDuffColorFilter android.support.graphics.drawable.VectorDrawableCompat.updateTintFilter(android.graphics.PorterDuffColorFilter, android.content.res.ColorStateList, android.graphics.PorterDuff$Mode) would have incorrectly overridden the package-private method in android.graphics.drawable.Drawable
09-26 02:03:05.508  4425  4425 W dex2oat : Before Android 4.1, method int android.support.v7.widget.ListViewCompat.lookForSelectablePosition(int, boolean) would have incorrectly overridden the package-private method in android.widget.ListView
09-26 02:03:05.707  4425  4425 I dex2oat : dex2oat took 357.171ms (threads: 8) arena alloc=12KB (12760B) java alloc=3MB (3429640B) native alloc=3MB (3407912B) free=3MB (3407832B)
09-26 02:03:05.711  3669  3669 I PackageManager.DexOptimizer: Running dexopt (dex2oat) on: /system/app/KeyChain/KeyChain.apk pkg=com.android.keychain isa=arm64 vmSafeMode=false debuggable=false target-filter=interpret-only oatDir = null sharedLibraries=null
09-26 02:03:05.745  4434  4434 I dex2oat : /system/bin/dex2oat --compiler-filter=interpret-only
09-26 02:03:05.834  4434  4434 I dex2oat : dex2oat took 89.604ms (threads: 8) arena alloc=14KB (14392B) java alloc=183KB (188216B) native alloc=1177KB (1205464B) free=2MB (2988840B)
09-26 02:03:05.838  3669  3669 I PackageManager.DexOptimizer: Running dexopt (dex2oat) on: /system/app/PrintRecommendationService/PrintRecommendationService.apk pkg=com.android.printservice.recommendation isa=arm64 vmSafeMode=false debuggable=false target-filter=interpret-only oatDir = null sharedLibraries=null
09-26 02:03:05.871  4443  4443 I dex2oat : /system/bin/dex2oat --compiler-filter=interpret-only
09-26 02:03:05.952  4443  4443 I dex2oat : dex2oat took 81.438ms (threads: 8) arena alloc=16KB (17368B) java alloc=224KB (229648B) native alloc=1243KB (1273304B) free=2MB (2921000B)
09-26 02:03:05.956  3669  3669 I PackageManager.DexOptimizer: Running dexopt (dex2oat) on: /system/priv-app/Gallery2/Gallery2.apk pkg=com.android.gallery3d isa=arm vmSafeMode=false debuggable=false target-filter=interpret-only oatDir = null sharedLibraries=null
09-26 02:03:05.991  4452  4452 I dex2oat : /system/bin/dex2oat --compiler-filter=interpret-only
09-26 02:03:06.157  4452  4452 W dex2oat : Before Android 4.1, method android.graphics.PorterDuffColorFilter android.support.graphics.drawable.VectorDrawableCompat.updateTintFilter(android.graphics.PorterDuffColorFilter, android.content.res.ColorStateList, android.graphics.PorterDuff$Mode) would have incorrectly overridden the package-private method in android.graphics.drawable.Drawable
09-26 02:03:06.518  4452  4452 I dex2oat : dex2oat took 528.492ms (threads: 8) arena alloc=9KB (9392B) java alloc=3MB (3678464B) native alloc=5MB (5687392B) free=4MB (4274080B)
09-26 02:03:06.523  3669  3669 I PackageManager.DexOptimizer: Running dexopt (dex2oat) on: /system/priv-app/Trebuchet/Trebuchet.apk pkg=com.cyanogenmod.trebuchet isa=arm64 vmSafeMode=false debuggable=false target-filter=interpret-only oatDir = null sharedLibraries=null
09-26 02:03:06.557  4462  4462 I dex2oat : /system/bin/dex2oat --compiler-filter=interpret-only
09-26 02:03:06.826  4462  4462 I dex2oat : dex2oat took 269.135ms (threads: 8) arena alloc=16KB (17096B) java alloc=2MB (2253176B) native alloc=2MB (2626216B) free=2MB (3140952B)
09-26 02:03:06.829  3669  3669 I PackageManager.DexOptimizer: Running dexopt (dex2oat) on: /system/priv-app/CallLogBackup/CallLogBackup.apk pkg=com.android.calllogbackup isa=arm64 vmSafeMode=false debuggable=false target-filter=interpret-only oatDir = null sharedLibraries=null
09-26 02:03:06.864  4471  4471 I dex2oat : /system/bin/dex2oat --compiler-filter=interpret-only
09-26 02:03:06.941  4471  4471 I dex2oat : dex2oat took 77.469ms (threads: 8) arena alloc=8KB (8808B) java alloc=83KB (85352B) native alloc=1010KB (1035160B) free=2MB (2110568B)
09-26 02:03:06.945  3669  3669 I PackageManager.DexOptimizer: Running dexopt (dex2oat) on: /system/app/PicoTts/PicoTts.apk pkg=com.svox.pico isa=arm64 vmSafeMode=false debuggable=false target-filter=interpret-only oatDir = null sharedLibraries=null
09-26 02:03:06.979  4480  4480 I dex2oat : /system/bin/dex2oat --compiler-filter=interpret-only
09-26 02:03:07.055  4480  4480 I dex2oat : dex2oat took 76.777ms (threads: 8) arena alloc=17KB (17576B) java alloc=220KB (225648B) native alloc=1062KB (1087984B) free=2MB (2582032B)
09-26 02:03:07.059  3669  3669 I PackageManager.DexOptimizer: Running dexopt (dex2oat) on: /system/app/Jelly/Jelly.apk pkg=org.lineageos.jelly isa=arm64 vmSafeMode=false debuggable=false target-filter=interpret-only oatDir = null sharedLibraries=null
09-26 02:03:07.093  4489  4489 I dex2oat : /system/bin/dex2oat --compiler-filter=interpret-only
09-26 02:03:07.192  4489  4497 W dex2oat : Before Android 4.1, method android.graphics.PorterDuffColorFilter android.support.graphics.drawable.VectorDrawableCompat.updateTintFilter(android.graphics.PorterDuffColorFilter, android.content.res.ColorStateList, android.graphics.PorterDuff$Mode) would have incorrectly overridden the package-private method in android.graphics.drawable.Drawable
09-26 02:03:07.210  4489  4489 W dex2oat : Before Android 4.1, method int android.support.v7.widget.ListViewCompat.lookForSelectablePosition(int, boolean) would have incorrectly overridden the package-private method in android.widget.ListView
09-26 02:03:07.375  4489  4489 I dex2oat : dex2oat took 282.662ms (threads: 8) arena alloc=14KB (14384B) java alloc=2MB (2820872B) native alloc=2MB (2854656B) free=2MB (2912512B)
09-26 02:03:07.378  3669  3669 I PackageManager.DexOptimizer: Running dexopt (dex2oat) on: /system/priv-app/ManagedProvisioning/ManagedProvisioning.apk pkg=com.android.managedprovisioning isa=arm64 vmSafeMode=false debuggable=false target-filter=interpret-only oatDir = null sharedLibraries=null
09-26 02:03:07.413  4498  4498 I dex2oat : /system/bin/dex2oat --compiler-filter=interpret-only
09-26 02:03:07.525  4498  4498 I dex2oat : dex2oat took 112.382ms (threads: 8) arena alloc=11KB (11696B) java alloc=807KB (827112B) native alloc=893KB (915040B) free=3MB (3279264B)
09-26 02:03:07.528  3669  3669 I PackageManager.DexOptimizer: Running dexopt (dex2oat) on: /system/app/PhotoTable/PhotoTable.apk pkg=com.android.dreams.phototable isa=arm64 vmSafeMode=false debuggable=false target-filter=interpret-only oatDir = null sharedLibraries=null
09-26 02:03:07.562  4507  4507 I dex2oat : /system/bin/dex2oat --compiler-filter=interpret-only
09-26 02:03:07.655  4507  4507 I dex2oat : dex2oat took 93.740ms (threads: 8) arena alloc=9KB (10176B) java alloc=353KB (362208B) native alloc=1268KB (1298600B) free=2MB (2371416B)
09-26 02:03:07.661  3669  3669 I PackageManager.DexOptimizer: Running dexopt (dex2oat) on: /system/app/WAPPushManager/WAPPushManager.apk pkg=com.android.smspush isa=arm64 vmSafeMode=false debuggable=false target-filter=interpret-only oatDir = null sharedLibraries=null
09-26 02:03:07.705  4516  4516 I dex2oat : /system/bin/dex2oat --compiler-filter=interpret-only
09-26 02:03:07.798  4516  4516 I dex2oat : dex2oat took 93.771ms (threads: 8) arena alloc=23KB (24392B) java alloc=165KB (169328B) native alloc=1204KB (1233120B) free=1867KB (1912608B)
09-26 02:03:07.804  3669  3669 I PackageManager.DexOptimizer: Running dexopt (dex2oat) on: /system/app/LiveWallpapersPicker/LiveWallpapersPicker.apk pkg=com.android.wallpaper.livepicker isa=arm64 vmSafeMode=false debuggable=false target-filter=interpret-only oatDir = null sharedLibraries=null
09-26 02:03:07.841  4525  4525 I dex2oat : /system/bin/dex2oat --compiler-filter=interpret-only
09-26 02:03:07.963  4525  4532 W dex2oat : Before Android 4.1, method android.graphics.PorterDuffColorFilter android.support.graphics.drawable.VectorDrawableCompat.updateTintFilter(android.graphics.PorterDuffColorFilter, android.content.res.ColorStateList, android.graphics.PorterDuff$Mode) would have incorrectly overridden the package-private method in android.graphics.drawable.Drawable
09-26 02:03:07.984  4525  4525 W dex2oat : Before Android 4.1, method int android.support.v7.widget.ListViewCompat.lookForSelectablePosition(int, boolean) would have incorrectly overridden the package-private method in android.widget.ListView
09-26 02:03:08.131  4525  4525 I dex2oat : dex2oat took 290.517ms (threads: 8) arena alloc=16KB (17360B) java alloc=2MB (2954832B) native alloc=2MB (2340232B) free=2MB (2902648B)
09-26 02:03:08.135  3669  3669 I PackageManager.DexOptimizer: Running dexopt (dex2oat) on: /system/priv-app/Tag/Tag.apk pkg=com.android.apps.tag isa=arm64 vmSafeMode=false debuggable=false target-filter=interpret-only oatDir = null sharedLibraries=null
09-26 02:03:08.171  4534  4534 I dex2oat : /system/bin/dex2oat --compiler-filter=interpret-only
09-26 02:03:08.329  4534  4534 I dex2oat : dex2oat took 158.873ms (threads: 8) arena alloc=12KB (12920B) java alloc=724KB (741712B) native alloc=1131KB (1158352B) free=3MB (4084528B)
09-26 02:03:08.333  3669  3669 I PackageManager.DexOptimizer: Running dexopt (dex2oat) on: /system/priv-app/StorageManager/StorageManager.apk pkg=com.android.storagemanager isa=arm64 vmSafeMode=false debuggable=false target-filter=interpret-only oatDir = null sharedLibraries=null
09-26 02:03:08.371  4543  4543 I dex2oat : /system/bin/dex2oat --compiler-filter=interpret-only
09-26 02:03:08.471  4543  4547 W dex2oat : Before Android 4.1, method android.graphics.PorterDuffColorFilter android.support.graphics.drawable.VectorDrawableCompat.updateTintFilter(android.graphics.PorterDuffColorFilter, android.content.res.ColorStateList, android.graphics.PorterDuff$Mode) would have incorrectly overridden the package-private method in android.graphics.drawable.Drawable
09-26 02:03:08.499  4543  4543 W dex2oat : Before Android 4.1, method int android.support.v7.widget.ListViewCompat.lookForSelectablePosition(int, boolean) would have incorrectly overridden the package-private method in android.widget.ListView
09-26 02:03:08.672  4543  4543 I dex2oat : dex2oat took 302.058ms (threads: 8) arena alloc=16KB (16448B) java alloc=2MB (3014200B) native alloc=2MB (2933736B) free=2MB (2833432B)
09-26 02:03:08.676  3669  3669 I PackageManager.DexOptimizer: Running dexopt (dex2oat) on: /system/app/BookmarkProvider/BookmarkProvider.apk pkg=com.android.bookmarkprovider isa=arm64 vmSafeMode=false debuggable=false target-filter=interpret-only oatDir = null sharedLibraries=null
09-26 02:03:08.715  4552  4552 I dex2oat : /system/bin/dex2oat --compiler-filter=interpret-only
09-26 02:03:08.788  4552  4552 I dex2oat : dex2oat took 74.280ms (threads: 8) arena alloc=864B (864B) java alloc=42KB (43240B) native alloc=1007KB (1031184B) free=1552KB (1590256B)
09-26 02:03:08.792  3669  3669 I PackageManager.DexOptimizer: Running dexopt (dex2oat) on: /system/priv-app/Eleven/Eleven.apk pkg=com.cyanogenmod.eleven isa=arm64 vmSafeMode=false debuggable=false target-filter=interpret-only oatDir = null sharedLibraries=null
09-26 02:03:08.826  4561  4561 I dex2oat : /system/bin/dex2oat --compiler-filter=interpret-only
09-26 02:03:09.509  4561  4561 I dex2oat : dex2oat took 682.991ms (threads: 8) arena alloc=7KB (7960B) java alloc=4MB (5167616B) native alloc=8MB (8815424B) free=2MB (2849984B)
09-26 02:03:09.515  3669  3669 I PackageManager.DexOptimizer: Running dexopt (dex2oat) on: /system/app/ExactCalculator/ExactCalculator.apk pkg=com.android.calculator2 isa=arm64 vmSafeMode=false debuggable=false target-filter=interpret-only oatDir = null sharedLibraries=null
09-26 02:03:09.574  4570  4570 I dex2oat : /system/bin/dex2oat --compiler-filter=interpret-only
09-26 02:03:09.747  4570  4570 I dex2oat : dex2oat took 173.135ms (threads: 8) arena alloc=20KB (20784B) java alloc=634KB (649496B) native alloc=1011KB (1035760B) free=3MB (3682832B)
09-26 02:03:09.753  3669  3669 I PackageManager.DexOptimizer: Running dexopt (dex2oat) on: /system/priv-app/Updater/Updater.apk pkg=org.lineageos.updater isa=arm64 vmSafeMode=false debuggable=false target-filter=interpret-only oatDir = null sharedLibraries=null
09-26 02:03:09.794  4580  4580 I dex2oat : /system/bin/dex2oat --compiler-filter=interpret-only
09-26 02:03:09.939  4580  4588 W dex2oat : Before Android 4.1, method android.graphics.PorterDuffColorFilter android.support.graphics.drawable.VectorDrawableCompat.updateTintFilter(android.graphics.PorterDuffColorFilter, android.content.res.ColorStateList, android.graphics.PorterDuff$Mode) would have incorrectly overridden the package-private method in android.graphics.drawable.Drawable
09-26 02:03:09.959  4580  4584 W dex2oat : Before Android 4.1, method int android.support.v7.widget.ListViewCompat.lookForSelectablePosition(int, boolean) would have incorrectly overridden the package-private method in android.widget.ListView
09-26 02:03:10.142  4580  4580 I dex2oat : dex2oat took 352.286ms (threads: 8) arena alloc=21KB (21792B) java alloc=2MB (3142432B) native alloc=2MB (3099904B) free=2MB (2667264B)
09-26 02:03:10.147  3669  3669 I PackageManager.DexOptimizer: Running dexopt (dex2oat) on: /system/priv-app/VpnDialogs/VpnDialogs.apk pkg=com.android.vpndialogs isa=arm64 vmSafeMode=false debuggable=false target-filter=interpret-only oatDir = null sharedLibraries=null
09-26 02:03:10.183  4590  4590 I dex2oat : /system/bin/dex2oat --compiler-filter=interpret-only
09-26 02:03:10.260  4590  4590 I dex2oat : dex2oat took 77.648ms (threads: 8) arena alloc=7KB (7960B) java alloc=95KB (98128B) native alloc=989KB (1013136B) free=1570KB (1608304B)
09-26 02:03:10.265  3669  3669 I PackageManager.DexOptimizer: Running dexopt (dex2oat) on: /system/app/Email/Email.apk pkg=com.android.email isa=arm64 vmSafeMode=false debuggable=false target-filter=interpret-only oatDir = null sharedLibraries=null
09-26 02:03:10.300  4599  4599 I dex2oat : /system/bin/dex2oat --compiler-filter=interpret-only
09-26 02:03:10.486  4599  4599 W dex2oat : Before Android 4.1, method android.graphics.PorterDuffColorFilter android.support.graphics.drawable.VectorDrawableCompat.updateTintFilter(android.graphics.PorterDuffColorFilter, android.content.res.ColorStateList, android.graphics.PorterDuff$Mode) would have incorrectly overridden the package-private method in android.graphics.drawable.Drawable
09-26 02:03:10.518  4599  4603 W dex2oat : Before Android 4.1, method int android.support.v7.widget.ListViewCompat.lookForSelectablePosition(int, boolean) would have incorrectly overridden the package-private method in android.widget.ListView
09-26 02:03:10.901  4599  4599 I dex2oat : dex2oat took 601.574ms (threads: 8) arena alloc=476KB (487992B) java alloc=6MB (6854160B) native alloc=6MB (6719584B) free=2MB (2717600B)
09-26 02:03:10.907  3669  3669 I PackageManager.DexOptimizer: Running dexopt (dex2oat) on: /system/app/WallpaperBackup/WallpaperBackup.apk pkg=com.android.wallpaperbackup isa=arm64 vmSafeMode=false debuggable=false target-filter=interpret-only oatDir = null sharedLibraries=null
09-26 02:03:10.960  4608  4608 I dex2oat : /system/bin/dex2oat --compiler-filter=interpret-only
