09-11 05:43:00.902  4951  4951 W System.err: 	at com.android.phone.PhoneGlobals.onCreate(PhoneGlobals.java:282)
09-11 05:43:00.902  4951  4951 W System.err: 	at com.android.phone.PhoneApp.onCreate(PhoneApp.java:41)
09-11 05:43:00.902  4951  4951 W System.err: 	at android.app.Instrumentation.callApplicationOnCreate(Instrumentation.java:1025)
09-11 05:43:00.902  4951  4951 W System.err: 	at android.app.ActivityThread.handleBindApplication(ActivityThread.java:5448)
09-11 05:43:00.902  4951  4951 W System.err: 	at android.app.ActivityThread.-wrap2(ActivityThread.java)
09-11 05:43:00.902  4951  4951 W System.err: 	at android.app.ActivityThread$H.handleMessage(ActivityThread.java:1564)
09-11 05:43:00.902  4951  4951 W System.err: 	at android.os.Handler.dispatchMessage(Handler.java:102)
09-11 05:43:00.903  4951  4951 W System.err: 	at android.os.Looper.loop(Looper.java:154)
09-11 05:43:00.903  4951  4951 W System.err: 	at android.app.ActivityThread.main(ActivityThread.java:6186)
09-11 05:43:00.903  4951  4951 W System.err: 	at java.lang.reflect.Method.invoke(Native Method)
09-11 05:43:00.903  4951  4951 W System.err: 	at com.android.internal.os.ZygoteInit$MethodAndArgsCaller.run(ZygoteInit.java:889)
09-11 05:43:00.903  4951  4951 W System.err: 	at com.android.internal.os.ZygoteInit.main(ZygoteInit.java:779)
09-11 05:43:00.903  4951  4951 W System.err: Caused by: java.lang.ClassNotFoundException: Didn't find class "com.qualcomm.qti.internal.telephony.QtiTelephonyComponentFactory" on path: DexPathList[[],nativeLibraryDirectories=[/system/lib64, /vendor/lib64]]
09-11 05:43:00.903  4951  4951 W System.err: 	at dalvik.system.BaseDexClassLoader.findClass(BaseDexClassLoader.java:56)
09-11 05:43:00.903  4951  4951 W System.err: 	at java.lang.ClassLoader.loadClass(ClassLoader.java:380)
09-11 05:43:00.903  4951  4951 W System.err: 	at java.lang.ClassLoader.loadClass(ClassLoader.java:312)
09-11 05:43:00.903  4951  4951 W System.err: 	... 17 more
09-11 05:43:00.980  4809  4809 W KeyguardUpdateMonitor: invalid subId in handleSimStateChange()
09-11 05:43:00.993  3643  3703 I ActivityManager: Start proc 5294:com.android.cellbroadcastreceiver/u0a8 for broadcast com.android.cellbroadcastreceiver/.CellBroadcastReceiver
09-11 05:43:00.996  4794  4907 I BinaryDictionaryFileDumper: reinitializeClientRecordInDictionaryContentProvider() : Insert DictionaryInfo : Id = 'main:lb' : Locale=lb : Version=1
09-11 05:43:01.040  5294  5294 W System  : ClassLoader referenced unknown path: /system/priv-app/CellBroadcastReceiver/lib/arm64
09-11 05:43:01.072  4794  4907 I BinaryDictionaryFileDumper: reinitializeClientRecordInDictionaryContentProvider() : Insert DictionaryInfo : Id = 'main:nb' : Locale=nb : Version=44
09-11 05:43:01.108  4809  4809 W KeyguardUpdateMonitor: invalid subId in handleSimStateChange()
09-11 05:43:01.128  5294  5294 D CellBroadcastReceiver: onReceive Intent { act=android.intent.action.SIM_STATE_CHANGED flg=0x4000010 cmp=com.android.cellbroadcastreceiver/.CellBroadcastReceiver (has extras) }
09-11 05:43:01.138  4794  4907 I BinaryDictionaryFileDumper: reinitializeClientRecordInDictionaryContentProvider() : Insert DictionaryInfo : Id = 'main:nl' : Locale=nl : Version=44
09-11 05:43:01.213  4794  4907 I BinaryDictionaryFileDumper: reinitializeClientRecordInDictionaryContentProvider() : Insert DictionaryInfo : Id = 'main:ru' : Locale=ru : Version=54
09-11 05:43:01.232  4951  4951 D PhoneSwitcherNetworkRequstListener: Registering NetworkFactory
09-11 05:43:01.234  3643  4710 D ConnectivityService: Got NetworkFactory Messenger for PhoneSwitcherNetworkRequstListener
09-11 05:43:01.236  3643  4710 D ConnectivityService: Got NetworkFactory Messenger for TelephonyNetworkFactory[0]
09-11 05:43:01.236  3643  4710 D ConnectivityService: Got NetworkFactory Messenger for TelephonyNetworkFactory[1]
09-11 05:43:01.245  4951  5323 E ActivityThread: Failed to find provider info for com.android.contacts
09-11 05:43:01.245  4951  5323 W CallerInfoCache: cursor is null
09-11 05:43:01.247  4951  4951 D CarrierConfigLoader: CarrierConfigLoader has started
09-11 05:43:01.248  3643  4815 D BluetoothManagerService: Trying to bind to profile: 1, while Bluetooth was disabled
09-11 05:43:01.261  4951  4951 I Telephony: TtyManager: updateUiTtyMode -1 -> 0
09-11 05:43:01.268  3643  5325 I chatty  : uid=1000(system) IPC Thread expire 7 lines
09-11 05:43:01.270  4951  4951 I Telephony: TtyManager: updateUiTtyMode -1 -> 0
09-11 05:43:01.276  3162  3162 D gpsd    : WakeLock(Acquire,GPSD)
09-11 05:43:01.276  3162  3162 D gpsd    : WakeLock(Release,GPSD)
09-11 05:43:01.277  3162  3162 D gpsd    : WakeLock(Acquire,GPSD)
09-11 05:43:01.277  3162  3162 D gpsd    : WakeLock(Release,GPSD)
09-11 05:43:01.277  3162  3162 D gpsd    : WakeLock(Acquire,GPSD)
09-11 05:43:01.277  3162  3162 D gpsd    : WakeLock(Release,GPSD)
09-11 05:43:01.277  3162  3162 D gpsd    : WakeLock(Acquire,GPSD)
09-11 05:43:01.277  3162  3162 D gpsd    : WakeLock(Release,GPSD)
09-11 05:43:01.278  3162  3162 D gpsd    : WakeLock(Acquire,GPSD)
09-11 05:43:01.278  3162  3162 D gpsd    : WakeLock(Release,GPSD)
09-11 05:43:01.278  3162  3162 D gpsd    : WakeLock(Acquire,GPSD)
09-11 05:43:01.278  3162  3162 D gpsd    : WakeLock(Release,GPSD)
09-11 05:43:01.278  3162  3162 D gpsd    : WakeLock(Acquire,GPSD)
09-11 05:43:01.278  3162  3162 D gpsd    : WakeLock(Release,GPSD)
09-11 05:43:01.315  4794  4907 I BinaryDictionaryFileDumper: reinitializeClientRecordInDictionaryContentProvider() : Insert DictionaryInfo : Id = 'main:sv' : Locale=sv : Version=44
09-11 05:43:01.317  3162  3162 D gpsd    : WakeLock(Acquire,GPSD)
09-11 05:43:01.317  3162  3162 D gpsd    : WakeLock(Release,GPSD)
09-11 05:43:01.317  3162  3162 D gpsd    : WakeLock(Acquire,GPSD)
09-11 05:43:01.317  3162  3162 D gpsd    : WakeLock(Release,GPSD)
09-11 05:43:01.318  3162  3162 D gpsd    : WakeLock(Acquire,GPSD)
09-11 05:43:01.318  3162  3162 D gpsd    : WakeLock(Release,GPSD)
09-11 05:43:01.337  4809  4809 W KeyguardUpdateMonitor: invalid subId in handleServiceStateChange()
09-11 05:43:01.344  3643  3702 I SyncManager: Got SyncJobService instance.
09-11 05:43:01.389  4794  4907 I BinaryDictionaryFileDumper: reinitializeClientRecordInDictionaryContentProvider() : Insert DictionaryInfo : Id = 'main:uk' : Locale=uk : Version=1
09-11 05:43:01.491  4794  4907 I BinaryDictionaryFileDumper: reinitializeClientRecordInDictionaryContentProvider() : Insert DictionaryInfo : Id = 'main:en_us' : Locale=en_US : Version=-1
09-11 05:43:01.530  4809  4809 W KeyguardUpdateMonitor: invalid subId in handleServiceStateChange()
09-11 05:43:01.566  4794  4907 W BinaryDictionaryFileDumper: Missing metadata.json resource
09-11 05:43:01.587  4794  4907 I LatinIME:LogUtils: Dictionary info: dictionary = main:en ; version = 54 ; date = 1414726273
09-11 05:43:01.605  4794  4907 I LatinIME:LogUtils: Dictionary info: dictionary = main:en ; version = 54 ; date = 1414726273
09-11 05:43:01.624  4794  4907 I LatinIME:LogUtils: Dictionary info: dictionary = main:en ; version = 54 ; date = 1414726273
09-11 05:43:01.642  4794  4907 I LatinIME:LogUtils: Dictionary info: dictionary = main:en ; version = 54 ; date = 1414726273
09-11 05:43:01.660  4794  4907 I LatinIME:LogUtils: Dictionary info: dictionary = main:en ; version = 54 ; date = 1414726273
09-11 05:43:01.682  4794  4907 I LatinIME:LogUtils: Dictionary info: dictionary = main:en ; version = 54 ; date = 1414726273
09-11 05:43:01.704  4794  4907 I LatinIME:LogUtils: Dictionary info: dictionary = main:en ; version = 54 ; date = 1414726273
09-11 05:43:01.714  4951  4951 D PhoneSwitcherNetworkRequstListener: got request NetworkRequest [ REQUEST id=1, [ Capabilities: INTERNET&NOT_RESTRICTED&TRUSTED&NOT_VPN] ] with score 0
09-11 05:43:01.716  4951  4951 D TelephonyDebugService: TelephonyDebugService()
09-11 05:43:01.719  4951  4951 D CarrierConfigLoader: mHandler: 12 phoneId: 0
09-11 05:43:01.720  4951  4951 D CarrierConfigLoader: Build fingerprint changed. old: null new: lineage_dream2lte-userdebug 7.1.2 NJH47F c6d239820d test-keys
09-11 05:43:01.720  4999  4999 D SimSelectNotification:  no of slots 2 provision = false
09-11 05:43:01.723  5294  5294 D CellBroadcastReceiver: onReceive Intent { act=android.intent.action.SIM_STATE_CHANGED flg=0x4000010 cmp=com.android.cellbroadcastreceiver/.CellBroadcastReceiver (has extras) }
09-11 05:43:01.726  4794  4907 I LatinIME:LogUtils: Dictionary info: dictionary = main:en ; version = 54 ; date = 1414726273
09-11 05:43:01.743  4951  4951 W Telephony: TelecomAccountRegistry: Failed to get status , slotId: 0 Exception: java.lang.NullPointerException: Attempt to invoke interface method 'int org.codeaurora.internal.IExtTelephony.getCurrentUiccCardProvisioningStatus(int)' on a null object reference
09-11 05:43:01.743  4951  4951 W Telephony: TelecomAccountRegistry: Failed to get status , slotId: 1 Exception: java.lang.NullPointerException: Attempt to invoke interface method 'int org.codeaurora.internal.IExtTelephony.getCurrentUiccCardProvisioningStatus(int)' on a null object reference
09-11 05:43:01.744  4794  4907 I LatinIME:LogUtils: Dictionary info: dictionary = main:en ; version = 54 ; date = 1414726273
09-11 05:43:01.745  4951  4951 E PhoneInterfaceManager: [PhoneIntfMgr] getIccId: No UICC
09-11 05:43:01.754  3643  4815 I Telecom : PhoneAccountRegistrar: New phone account registered: [[ ] PhoneAccount: ComponentInfo{com.android.phone/com.android.services.telephony.TelephonyConnectionService}, [e0184adedf913b076626646d3f52c3b49c39ad6d], UserHandle{0} Capabilities: CallProvider MultiUser PlaceEmerg SimSub  Audio Routes: BESW Schemes: tel voicemail  Extras: null GroupId: [da39a3ee5e6b4b0d3255bfef95601890afd80709]]: TSI.rPA@AAY
09-11 05:43:01.759  3643  4815 I Telecom : : Sending phone-account registered intent as user: TSI.rPA@AAY
09-11 05:43:01.761  4951  4951 I Telephony: AccountEntry: Registered phoneAccount: [[ ] PhoneAccount: ComponentInfo{com.android.phone/com.android.services.telephony.TelephonyConnectionService}, [e0184adedf913b076626646d3f52c3b49c39ad6d], UserHandle{0} Capabilities: CallProvider MultiUser PlaceEmerg SimSub  Audio Routes: BESW Schemes: tel voicemail  Extras: null GroupId: [da39a3ee5e6b4b0d3255bfef95601890afd80709]] with handle: ComponentInfo{com.android.phone/com.android.services.telephony.TelephonyConnectionService}, [e0184adedf913b076626646d3f52c3b49c39ad6d], UserHandle{0}
09-11 05:43:01.761  4951  4951 I Telephony: PstnIncomingCallNotifier: Registering: Handler (com.android.internal.telephony.GsmCdmaPhone) {a626f19}
09-11 05:43:01.765  4794  4907 I LatinIME:LogUtils: Dictionary info: dictionary = main:en ; version = 54 ; date = 1414726273
09-11 05:43:01.769  3643  4902 I Telecom : PhoneAccountRegistrar: getUserSelVoicePhoneAccount, voice subId = -1: TSI.gUSOPA@AAg
09-11 05:43:01.770  3643  4902 I Telecom : PhoneAccountRegistrar: getUserSelVoicePhoneAccount, emergency account : TSI.gUSOPA@AAg
09-11 05:43:01.785  4794  4907 I LatinIME:LogUtils: Dictionary info: dictionary = main:en ; version = 54 ; date = 1414726273
09-11 05:43:01.806  4794  4907 I LatinIME:LogUtils: Dictionary info: dictionary = main:en ; version = 54 ; date = 1414726273
09-11 05:43:01.824  4794  4907 I LatinIME:LogUtils: Dictionary info: dictionary = main:en ; version = 54 ; date = 1414726273
09-11 05:43:01.834  4951  4951 I Telephony: PstnIncomingCallNotifier: Unregistering: Handler (com.android.internal.telephony.GsmCdmaPhone) {a626f19}
09-11 05:43:01.835  4951  4951 W Telephony: TelecomAccountRegistry: Failed to get status , slotId: 0 Exception: java.lang.NullPointerException: Attempt to invoke interface method 'int org.codeaurora.internal.IExtTelephony.getCurrentUiccCardProvisioningStatus(int)' on a null object reference
09-11 05:43:01.836  4951  4951 W Telephony: TelecomAccountRegistry: Failed to get status , slotId: 1 Exception: java.lang.NullPointerException: Attempt to invoke interface method 'int org.codeaurora.internal.IExtTelephony.getCurrentUiccCardProvisioningStatus(int)' on a null object reference
09-11 05:43:01.838  4951  4951 E PhoneInterfaceManager: [PhoneIntfMgr] getIccId: No UICC
09-11 05:43:01.842  4794  4907 I LatinIME:LogUtils: Dictionary info: dictionary = main:en ; version = 54 ; date = 1414726273
09-11 05:43:01.847  3643  4986 I Telecom : PhoneAccountRegistrar: [ComponentInfo{com.android.phone/com.android.services.telephony.TelephonyConnectionService}, [e0184adedf913b076626646d3f52c3b49c39ad6d], UserHandle{0}(icon: Icon(typ=BITMAP size=67x84) -> Icon(typ=BITMAP size=67x84))]: TSI.rPA@AAk
09-11 05:43:01.851  3643  4986 I Telecom : : Sending phone-account registered intent as user: TSI.rPA@AAk
09-11 05:43:01.853  4951  4951 I Telephony: AccountEntry: Registered phoneAccount: [[ ] PhoneAccount: ComponentInfo{com.android.phone/com.android.services.telephony.TelephonyConnectionService}, [e0184adedf913b076626646d3f52c3b49c39ad6d], UserHandle{0} Capabilities: CallProvider MultiUser PlaceEmerg SimSub  Audio Routes: BESW Schemes: tel voicemail  Extras: null GroupId: [da39a3ee5e6b4b0d3255bfef95601890afd80709]] with handle: ComponentInfo{com.android.phone/com.android.services.telephony.TelephonyConnectionService}, [e0184adedf913b076626646d3f52c3b49c39ad6d], UserHandle{0}
09-11 05:43:01.853  4951  4951 I Telephony: PstnIncomingCallNotifier: Registering: Handler (com.android.internal.telephony.GsmCdmaPhone) {a626f19}
09-11 05:43:01.857  4794  4907 I LatinIME:LogUtils: Dictionary info: dictionary = main:en ; version = 54 ; date = 1414726273
09-11 05:43:01.861  3643  3701 I Telecom : PhoneAccountRegistrar: getUserSelVoicePhoneAccount, voice subId = -1: TSI.gUSOPA@AAs
09-11 05:43:01.861  3643  3701 I Telecom : PhoneAccountRegistrar: getUserSelVoicePhoneAccount, emergency account : TSI.gUSOPA@AAs
09-11 05:43:01.872  4794  4907 I LatinIME:LogUtils: Dictionary info: dictionary = main:en ; version = 54 ; date = 1414726273
09-11 05:43:01.889  4794  4907 I LatinIME:LogUtils: Dictionary info: dictionary = main:en ; version = 54 ; date = 1414726273
09-11 05:43:01.908  4794  4907 I LatinIME:LogUtils: Dictionary info: dictionary = main:en ; version = 54 ; date = 1414726273
09-11 05:43:01.909  4999  4999 D SimSelectNotification:  no of slots 2 provision = false
09-11 05:43:01.912  4809  4809 W KeyguardUpdateMonitor: invalid subId in handleSimStateChange()
09-11 05:43:01.919  5294  5294 D CellBroadcastReceiver: onReceive Intent { act=android.intent.action.SERVICE_STATE flg=0x10 cmp=com.android.cellbroadcastreceiver/.CellBroadcastReceiver (has extras) }
09-11 05:43:01.919  5294  5294 D CellBroadcastReceiver: Intent: android.intent.action.SERVICE_STATE
09-11 05:43:01.920  5294  5294 D CellBroadcastReceiver: Service state changed! 3 Full: 3 3 voice home data home null null null null null null  Unknown Unknown CSS not supported -1 -1 RoamInd=-1 DefRoamInd=-1 EmergOnly=false IsDataRoamingFromRegistration=false IsUsingCarrierAggregation=false Current state=-1
09-11 05:43:01.923  4809  4809 W KeyguardUpdateMonitor: invalid subId in handleSimStateChange()
09-11 05:43:01.929  5294  5294 D CellBroadcastReceiver: onReceive Intent { act=android.intent.action.SERVICE_STATE flg=0x10 cmp=com.android.cellbroadcastreceiver/.CellBroadcastReceiver (has extras) }
09-11 05:43:01.929  5294  5294 D CellBroadcastReceiver: Intent: android.intent.action.SERVICE_STATE
09-11 05:43:01.933  4794  4907 I LatinIME:LogUtils: Dictionary info: dictionary = main:en ; version = 54 ; date = 1414726273
09-11 05:43:01.936  5294  5294 D CellBroadcastReceiver: onReceive Intent { act=android.intent.action.SIM_STATE_CHANGED flg=0x4000010 cmp=com.android.cellbroadcastreceiver/.CellBroadcastReceiver (has extras) }
09-11 05:43:01.955  3065  4699 I vold    : Trimmed 56149102592 bytes on /data in 7300ms
09-11 05:43:01.956  3065  4699 D vold    : Starting trim of /efs
09-11 05:43:01.956  4794  4907 I LatinIME:LogUtils: Dictionary info: dictionary = main:en ; version = 54 ; date = 1414726273
09-11 05:43:01.956  4951  4951 E PhoneInterfaceManager: [PhoneIntfMgr] getIccId: No UICC
09-11 05:43:01.956  3643  4070 D VoldConnector: RCV <- {662 /data 56149102592 7300137264}
09-11 05:43:01.967  3065  4699 I vold    : Trimmed 7036928 bytes on /efs in 11ms
09-11 05:43:01.967  3643  3701 I Telecom : PhoneAccountRegistrar: [ComponentInfo{com.android.phone/com.android.services.telephony.TelephonyConnectionService}, [e0184adedf913b076626646d3f52c3b49c39ad6d], UserHandle{0}(icon: Icon(typ=BITMAP size=67x84) -> Icon(typ=BITMAP size=67x84))]: TSI.rPA@AAw
09-11 05:43:01.969  3643  4070 D VoldConnector: RCV <- {662 /efs 7036928 11439654}
09-11 05:43:01.971  3643  3701 I Telecom : : Sending phone-account registered intent as user: TSI.rPA@AAw
09-11 05:43:01.981  4794  4907 I LatinIME:LogUtils: Dictionary info: dictionary = main:en ; version = 54 ; date = 1414726273
09-11 05:43:02.000  4809  4809 W KeyguardUpdateMonitor: invalid subId in handleServiceStateChange()
09-11 05:43:02.035  4809  4809 W KeyguardUpdateMonitor: invalid subId in handleServiceStateChange()
09-11 05:43:02.036  4999  4999 D SimSelectNotification:  no of slots 2 provision = false
09-11 05:43:02.040  5294  5294 D CellBroadcastReceiver: onReceive Intent { act=android.intent.action.SIM_STATE_CHANGED flg=0x4000010 cmp=com.android.cellbroadcastreceiver/.CellBroadcastReceiver (has extras) }
09-11 05:43:02.049  4951  4951 I Telephony: PstnIncomingCallNotifier: Unregistering: Handler (com.android.internal.telephony.GsmCdmaPhone) {a626f19}
09-11 05:43:02.049  4951  4951 W Telephony: TelecomAccountRegistry: Failed to get status , slotId: 0 Exception: java.lang.NullPointerException: Attempt to invoke interface method 'int org.codeaurora.internal.IExtTelephony.getCurrentUiccCardProvisioningStatus(int)' on a null object reference
09-11 05:43:02.050  4951  4951 W Telephony: TelecomAccountRegistry: Failed to get status , slotId: 1 Exception: java.lang.NullPointerException: Attempt to invoke interface method 'int org.codeaurora.internal.IExtTelephony.getCurrentUiccCardProvisioningStatus(int)' on a null object reference
09-11 05:43:02.051  4951  4951 E PhoneInterfaceManager: [PhoneIntfMgr] getIccId: No UICC
09-11 05:43:02.058  3643  3700 I Telecom : PhoneAccountRegistrar: [ComponentInfo{com.android.phone/com.android.services.telephony.TelephonyConnectionService}, [e0184adedf913b076626646d3f52c3b49c39ad6d], UserHandle{0}(icon: Icon(typ=BITMAP size=67x84) -> Icon(typ=BITMAP size=67x84))]: TSI.rPA@AA0
09-11 05:43:02.061  3643  3700 I Telecom : : Sending phone-account registered intent as user: TSI.rPA@AA0
09-11 05:43:02.063  4951  4951 I Telephony: AccountEntry: Registered phoneAccount: [[ ] PhoneAccount: ComponentInfo{com.android.phone/com.android.services.telephony.TelephonyConnectionService}, [e0184adedf913b076626646d3f52c3b49c39ad6d], UserHandle{0} Capabilities: CallProvider MultiUser PlaceEmerg SimSub  Audio Routes: BESW Schemes: tel voicemail  Extras: null GroupId: [da39a3ee5e6b4b0d3255bfef95601890afd80709]] with handle: ComponentInfo{com.android.phone/com.android.services.telephony.TelephonyConnectionService}, [e0184adedf913b076626646d3f52c3b49c39ad6d], UserHandle{0}
09-11 05:43:02.063  4951  4951 I Telephony: PstnIncomingCallNotifier: Registering: Handler (com.android.internal.telephony.GsmCdmaPhone) {a626f19}
09-11 05:43:02.071  3643  5257 I Telecom : PhoneAccountRegistrar: getUserSelVoicePhoneAccount, voice subId = -1: TSI.gUSOPA@AA8
09-11 05:43:02.071  3643  5257 I Telecom : PhoneAccountRegistrar: getUserSelVoicePhoneAccount, emergency account : TSI.gUSOPA@AA8
09-11 05:43:02.077  4951  4951 I Telephony: PstnIncomingCallNotifier: Unregistering: Handler (com.android.internal.telephony.GsmCdmaPhone) {a626f19}
09-11 05:43:02.078  4951  4951 W Telephony: TelecomAccountRegistry: Failed to get status , slotId: 0 Exception: java.lang.NullPointerException: Attempt to invoke interface method 'int org.codeaurora.internal.IExtTelephony.getCurrentUiccCardProvisioningStatus(int)' on a null object reference
09-11 05:43:02.078  4951  4951 W Telephony: TelecomAccountRegistry: Failed to get status , slotId: 1 Exception: java.lang.NullPointerException: Attempt to invoke interface method 'int org.codeaurora.internal.IExtTelephony.getCurrentUiccCardProvisioningStatus(int)' on a null object reference
09-11 05:43:02.079  4951  4951 E PhoneInterfaceManager: [PhoneIntfMgr] getIccId: No UICC
09-11 05:43:02.086  3643  5257 I Telecom : PhoneAccountRegistrar: [ComponentInfo{com.android.phone/com.android.services.telephony.TelephonyConnectionService}, [e0184adedf913b076626646d3f52c3b49c39ad6d], UserHandle{0}(icon: Icon(typ=BITMAP size=67x84) -> Icon(typ=BITMAP size=67x84))]: TSI.rPA@ABA
09-11 05:43:02.090  3643  5257 I Telecom : : Sending phone-account registered intent as user: TSI.rPA@ABA
09-11 05:43:02.091  4951  4951 I Telephony: AccountEntry: Registered phoneAccount: [[ ] PhoneAccount: ComponentInfo{com.android.phone/com.android.services.telephony.TelephonyConnectionService}, [e0184adedf913b076626646d3f52c3b49c39ad6d], UserHandle{0} Capabilities: CallProvider MultiUser PlaceEmerg SimSub  Audio Routes: BESW Schemes: tel voicemail  Extras: null GroupId: [da39a3ee5e6b4b0d3255bfef95601890afd80709]] with handle: ComponentInfo{com.android.phone/com.android.services.telephony.TelephonyConnectionService}, [e0184adedf913b076626646d3f52c3b49c39ad6d], UserHandle{0}
09-11 05:43:02.091  4951  4951 I Telephony: PstnIncomingCallNotifier: Registering: Handler (com.android.internal.telephony.GsmCdmaPhone) {a626f19}
09-11 05:43:02.099  3643  4902 I Telecom : PhoneAccountRegistrar: getUserSelVoicePhoneAccount, voice subId = -1: TSI.gUSOPA@ABI
09-11 05:43:02.099  3643  4902 I Telecom : PhoneAccountRegistrar: getUserSelVoicePhoneAccount, emergency account : TSI.gUSOPA@ABI
09-11 05:43:02.103  4951  4951 D CarrierConfigLoader: update config for phoneId: 1 simState: ABSENT
09-11 05:43:02.104  4951  4951 D CarrierSvcBindHelper: update binding for phoneId: 1 simState: ABSENT
09-11 05:43:02.107  4809  4809 W KeyguardUpdateMonitor: invalid subId in handleSimStateChange()
09-11 05:43:02.108  4951  4951 I VvmSimChangeReceiver: Sim removed, removing inactive accounts
09-11 05:43:02.111  4999  4999 D SimSelectNotification:  no of slots 2 provision = false
09-11 05:43:02.118  5294  5294 D CellBroadcastReceiver: onReceive Intent { act=android.intent.action.SERVICE_STATE flg=0x10 cmp=com.android.cellbroadcastreceiver/.CellBroadcastReceiver (has extras) }
09-11 05:43:02.118  5294  5294 D CellBroadcastReceiver: Intent: android.intent.action.SERVICE_STATE
09-11 05:43:02.118  5294  5294 D CellBroadcastReceiver: Service state changed! 1 Full: 1 1 voice home data home null null null null null null  LTE Unknown CSS not supported -1 -1 RoamInd=-1 DefRoamInd=-1 EmergOnly=false IsDataRoamingFromRegistration=false IsUsingCarrierAggregation=false Current state=3
09-11 05:43:02.121  5294  5294 D CellBroadcastReceiver: onReceive Intent { act=android.intent.action.SERVICE_STATE flg=0x10 cmp=com.android.cellbroadcastreceiver/.CellBroadcastReceiver (has extras) }
09-11 05:43:02.122  5294  5294 D CellBroadcastReceiver: Intent: android.intent.action.SERVICE_STATE
09-11 05:43:02.122  4951  4951 E PhoneInterfaceManager: [PhoneIntfMgr] getIccId: No UICC
09-11 05:43:02.124  5294  5294 D CellBroadcastReceiver: onReceive Intent { act=android.intent.action.SIM_STATE_CHANGED flg=0x4000010 cmp=com.android.cellbroadcastreceiver/.CellBroadcastReceiver (has extras) }
09-11 05:43:02.133  3643  3700 I Telecom : PhoneAccountRegistrar: [ComponentInfo{com.android.phone/com.android.services.telephony.TelephonyConnectionService}, [e0184adedf913b076626646d3f52c3b49c39ad6d], UserHandle{0}(icon: Icon(typ=BITMAP size=67x84) -> Icon(typ=BITMAP size=67x84))]: TSI.rPA@ABM
09-11 05:43:02.137  3643  3700 I Telecom : : Sending phone-account registered intent as user: TSI.rPA@ABM
09-11 05:43:02.140  4951  4951 D CarrierConfigLoader: mHandler: 0 phoneId: 1
09-11 05:43:02.140  4951  4951 D CarrierSvcBindHelper: mHandler: 0
09-11 05:43:02.140  4951  4951 D CarrierSvcBindHelper: Rebinding if necessary for phoneId: 1
09-11 05:43:02.141  4951  4951 D CarrierSvcBindHelper: No carrier app for: 1
09-11 05:43:02.146  4999  4999 D SimSelectNotification:  no of slots 2 provision = false
09-11 05:43:02.153  4951  4951 W System  : ClassLoader referenced unknown path: /system/app/Stk/lib/arm64
09-11 05:43:02.154  4951  4951 D ApplicationLoaders: ignored Vulkan layer search path /system/app/Stk/lib/arm64:/system/lib64:/vendor/lib64 for namespace 0x7fab90f160
09-11 05:43:02.379  4951  4951 D MccTable: updateMccMncConfiguration mccmnc='72234' fromServiceState=false
09-11 05:43:02.389  4951  4951 D MccTable: updateMccMncConfiguration defaultMccMnc=
09-11 05:43:02.389  4951  4951 D MccTable: updateMccMncConfiguration: mcc=722, mnc=34
09-11 05:43:02.412  3643  4902 I chatty  : uid=1000(system) Binder:3643_4 expire 1 line
09-11 05:43:02.415  4951  4951 D MccTable: timezone set to America/Argentina/Buenos_Aires
09-11 05:43:02.416  4951  4951 D MccTable: updateMccMncConfiguration updateConfig config={1.0 722mcc34mnc ?localeList ?layoutDir ?swdp ?wdp ?hdp ?density ?lsize ?long ?orien ?uimode ?night ?touch ?keyb/?/? ?nav/?}
09-11 05:43:02.420  3643  3643 D ConditionProviders.SCP: onReceive android.intent.action.TIMEZONE_CHANGED
09-11 05:43:02.447  3643  3703 I ActivityManager: Start proc 5369:com.android.deskclock/u0a45 for broadcast com.android.deskclock/.AlarmInitReceiver
09-11 05:43:02.450  3643  4815 I ActivityManager: Config changes=3 {1.0 722mcc34mnc [en_US] ldltr sw411dp w411dp h773dp 560dpi nrml long port finger -keyb/h/h -nav/h s.6}
09-11 05:43:02.504  3643  3643 D ConditionProviders.SCP: notifyCondition condition://android/schedule?days=6.7&start=23.30&end=10.0&exitAtAlarm=false STATE_FALSE reason=!meetsSchedule
09-11 05:43:02.504  3643  3643 D ConditionProviders.SCP: notifyCondition condition://android/schedule?days=1.2.3.4.5&start=22.0&end=7.0&exitAtAlarm=false STATE_TRUE reason=meetsSchedule
09-11 05:43:02.509  3643  3643 D ConditionProviders.SCP: Scheduling evaluate for Mon Sep 11 07:00:00 GMT-03:00 2017 (1505124000000), in +1h16m57s580ms, now=Mon Sep 11 05:43:02 GMT-03:00 2017 (1505119382420)
09-11 05:43:02.521  3643  4716 E ActivityThread: Failed to find provider info for com.android.calendar
09-11 05:43:02.528  3643  4716 E ActivityThread: Failed to find provider info for com.android.calendar
09-11 05:43:02.534  4809  4903 I vol.Events: writeEvent level_changed STREAM_MUSIC 10
09-11 05:43:02.535  3643  3643 D ZenLog  : config: conditionChanged,ZenModeConfig[user=0,allowCalls=true,allowRepeatCallers=false,allowMessages=false,allowCallsFrom=contacts,allowMessagesFrom=contacts,allowReminders=true,allowEvents=true,allowWhenScreenOff=true,allowWhenScreenOn=true,automaticRules={efa0e2a8315a4ad9950289ca5e12b480=ZenRule[enabled=false,snoozing=false,name=Event,zenMode=ZEN_MODE_ALARMS,conditionId=condition://android/event?userId=-10000&calendar=&reply=1,condition=Condition[id=condition://android/event?userId=-10000&calendar=&reply=1,summary=...,line1=...,line2=...,icon=0,state=STATE_FALSE,flags=2],component=ComponentInfo{android/com.android.server.notification.EventConditionProvider},id=efa0e2a8315a4ad9950289ca5e12b480,creationTime=1505119375085,enabler=null], 029d2f62f5da4820955bae3a3214e0f2=ZenRule[enabled=false,snoozing=false,name=Weekend,zenMode=ZEN_MODE_ALARMS,conditionId=condition://android/schedule?days=6.7&start=23.30&end=10.0&exitAtAlarm=false,condition=Condition[id=condition://android/schedule?days=6.7&start=23.30&end=10.0&exitAtAlarm=false,summary=...,line1=...,line2=...,icon=0,state=STATE_FALSE,flags=2],component=ComponentInfo{android/com.android.server.notification.ScheduleConditionProvider},id=029d2f62f5da4820955bae3a3214e0f2,creationTime=1505119375084,enabler=null], 30f1172de4e1421db791726c1a816605=ZenRule[enabled=false,snoozing=false,name=Weeknight,zenMode=ZEN_MODE_ALARMS,conditionId=condition://android/schedule?days=1.2.3.4.5&start=22.0&end=7.0&exitAtAlarm=false,condition=Condition[id=condition://android/schedule?days=1.2.3.4.5&start=22.0&end=7.0&exitAtAlarm=false,summary=...,line1=...,line2=...,icon=0,state=STATE_TRUE,flags=2],component=ComponentInfo{android/com.android.server.notification.ScheduleConditionProvider},id=30f1172de4e1421db791726c1a816605,creationTime=1505119375084,enabler=null]},manualRule=null],Diff[automaticRule[30f1172de4e1421db791726c1a816605].condition:Condition[id=condition://android/schedule?days=1.2.3.4.5&start=22.0&end=7.0&exitAtAlarm=false,summary=...,line1=...,line2=...,icon=0,state=STATE_FALSE,flags=2]->Condition[id=condition://android/schedule?days=1.2.3.4.5&start=22.0&end=7.0&exitAtAlarm=false,summary=...,line1=...,line2=...,icon=0,state=STATE_TRUE,flags=2]]
09-11 05:43:02.548  5369  5369 W System  : ClassLoader referenced unknown path: /system/app/DeskClock/lib/arm64
09-11 05:43:02.561  3643  3643 D ZenLog  : set_zen_mode: off,conditionChanged
09-11 05:43:02.567  5369  5369 I droid.deskclock: type=1400 audit(0.0:208): avc: denied { add_name } for name="code_cache" scontext=u:r:untrusted_app:s0:c512,c768 tcontext=u:object_r:system_data_file:s0 tclass=dir permissive=1
09-11 05:43:02.567  5369  5369 I droid.deskclock: type=1400 audit(0.0:208): avc: denied { create } for name="code_cache" scontext=u:r:untrusted_app:s0:c512,c768 tcontext=u:object_r:system_data_file:s0:c512,c768 tclass=dir permissive=1
09-11 05:43:02.567  5369  5369 W droid.deskclock: type=1300 audit(0.0:208): arch=c00000b7 syscall=34 success=yes exit=0 a0=ffffff9c a1=7f9d7fde00 a2=1f9 a3=30 items=0 ppid=3163 auid=4294967295 uid=10045 gid=10045 euid=10045 suid=10045 fsuid=10045 egid=10045 sgid=10045 fsgid=10045 tty=(none) ses=4294967295 exe="/system/bin/app_process64" subj=u:r:untrusted_app:s0:c512,c768 key=(null)
09-11 05:43:02.567  3073  3073 W auditd  : type=1327 audit(0.0:208): proctitle="com.android.deskclock"
09-11 05:43:02.567  3073  3073 W auditd  : type=1320 audit(0.0:208): 
09-11 05:43:02.567  5369  5369 I droid.deskclock: type=1400 audit(0.0:209): avc: denied { setattr } for name="code_cache" dev="sda24" ino=3121293 scontext=u:r:untrusted_app:s0:c512,c768 tcontext=u:object_r:system_data_file:s0:c512,c768 tclass=dir permissive=1
09-11 05:43:02.567  5369  5369 W droid.deskclock: type=1300 audit(0.0:209): arch=c00000b7 syscall=53 success=yes exit=0 a0=ffffff9c a1=7f9d7fde40 a2=1f9 a3=0 items=0 ppid=3163 auid=4294967295 uid=10045 gid=10045 euid=10045 suid=10045 fsuid=10045 egid=10045 sgid=10045 fsgid=10045 tty=(none) ses=4294967295 exe="/system/bin/app_process64" subj=u:r:untrusted_app:s0:c512,c768 key=(null)
09-11 05:43:02.567  3073  3073 W auditd  : type=1327 audit(0.0:209): proctitle="com.android.deskclock"
09-11 05:43:02.567  3073  3073 W auditd  : type=1320 audit(0.0:209): 
09-11 05:43:02.587  4999  5023 D mali_winsys: EGLint new_window_surface(egl_winsys_display*, void*, EGLSurface, EGLConfig, egl_winsys_surface**, egl_color_buffer_format*, EGLBoolean) returns 0x3000,  [1440x2960]-format:1
09-11 05:43:02.595  5056  5056 I DeferredSaveThr: type=1400 audit(0.0:210): avc: denied { write } for name="code_cache" dev="sda24" ino=3121275 scontext=u:r:system_app:s0 tcontext=u:object_r:system_data_file:s0 tclass=dir permissive=1
09-11 05:43:02.595  5056  5056 I DeferredSaveThr: type=1400 audit(0.0:210): avc: denied { add_name } for name="com.android.opengl.shaders_cache" scontext=u:r:system_app:s0 tcontext=u:object_r:system_data_file:s0 tclass=dir permissive=1
09-11 05:43:02.595  5056  5056 I DeferredSaveThr: type=1400 audit(0.0:210): avc: denied { create } for name="com.android.opengl.shaders_cache" scontext=u:r:system_app:s0 tcontext=u:object_r:system_data_file:s0 tclass=file permissive=1
09-11 05:43:02.595  5056  5056 I DeferredSaveThr: type=1400 audit(0.0:210): avc: denied { write } for path="/data/user_de/0/com.android.settings/code_cache/com.android.opengl.shaders_cache" dev="sda24" ino=3121295 scontext=u:r:system_app:s0 tcontext=u:object_r:system_data_file:s0 tclass=file permissive=1
09-11 05:43:02.595  5056  5056 W DeferredSaveThr: type=1300 audit(0.0:210): arch=c00000b7 syscall=56 success=yes exit=54 a0=ffffff9c a1=7fa7c30da8 a2=c2 a3=0 items=0 ppid=3163 auid=4294967295 uid=1000 gid=1000 euid=1000 suid=1000 fsuid=1000 egid=1000 sgid=1000 fsgid=1000 tty=(none) ses=4294967295 exe="/system/bin/app_process64" subj=u:r:system_app:s0 key=(null)
09-11 05:43:02.595  3073  3073 W auditd  : type=1327 audit(0.0:210): proctitle="com.android.settings"
09-11 05:43:02.595  3073  3073 W auditd  : type=1320 audit(0.0:210): 
09-11 05:43:02.595  5056  5056 I DeferredSaveThr: type=1400 audit(0.0:211): avc: denied { setattr } for name="com.android.opengl.shaders_cache" dev="sda24" ino=3121295 scontext=u:r:system_app:s0 tcontext=u:object_r:system_data_file:s0 tclass=file permissive=1
09-11 05:43:02.595  5056  5056 W DeferredSaveThr: type=1300 audit(0.0:211): arch=c00000b7 syscall=52 success=yes exit=0 a0=36 a1=100 a2=7f8c800000 a3=1c items=0 ppid=3163 auid=4294967295 uid=1000 gid=1000 euid=1000 suid=1000 fsuid=1000 egid=1000 sgid=1000 fsgid=1000 tty=(none) ses=4294967295 exe="/system/bin/app_process64" subj=u:r:system_app:s0 key=(null)
09-11 05:43:02.595  3073  3073 W auditd  : type=1327 audit(0.0:211): proctitle="com.android.settings"
09-11 05:43:02.636  3643  3710 I WindowManager: Screen frozen for +165ms due to Window{3b52d3f u0 com.android.settings/com.android.settings.FallbackHome}
09-11 05:43:02.696  4951  4951 I Telephony: PstnIncomingCallNotifier: Unregistering: Handler (com.android.internal.telephony.GsmCdmaPhone) {a626f19}
09-11 05:43:02.697  4951  4951 W Telephony: TelecomAccountRegistry: Failed to get status , slotId: 0 Exception: java.lang.NullPointerException: Attempt to invoke interface method 'int org.codeaurora.internal.IExtTelephony.getCurrentUiccCardProvisioningStatus(int)' on a null object reference
09-11 05:43:02.701  4951  4951 W Telephony: TelecomAccountRegistry: Failed to get status , slotId: 1 Exception: java.lang.NullPointerException: Attempt to invoke interface method 'int org.codeaurora.internal.IExtTelephony.getCurrentUiccCardProvisioningStatus(int)' on a null object reference
09-11 05:43:02.704  4951  4951 E PhoneInterfaceManager: [PhoneIntfMgr] getIccId: No UICC
09-11 05:43:02.720  5369  5369 I AlarmClock: AlarmInitReceiver android.intent.action.TIMEZONE_CHANGED
09-11 05:43:02.722  3643  3700 I Telecom : PhoneAccountRegistrar: [ComponentInfo{com.android.phone/com.android.services.telephony.TelephonyConnectionService}, [e0184adedf913b076626646d3f52c3b49c39ad6d], UserHandle{0}(icon: Icon(typ=BITMAP size=67x84) -> Icon(typ=BITMAP size=67x84))]: TSI.rPA@ABQ
09-11 05:43:02.726  3643  3700 I Telecom : : Sending phone-account registered intent as user: TSI.rPA@ABQ
09-11 05:43:02.728  4951  4951 I Telephony: AccountEntry: Registered phoneAccount: [[ ] PhoneAccount: ComponentInfo{com.android.phone/com.android.services.telephony.TelephonyConnectionService}, [e0184adedf913b076626646d3f52c3b49c39ad6d], UserHandle{0} Capabilities: CallProvider MultiUser PlaceEmerg SimSub  Audio Routes: BESW Schemes: tel voicemail  Extras: null GroupId: [da39a3ee5e6b4b0d3255bfef95601890afd80709]] with handle: ComponentInfo{com.android.phone/com.android.services.telephony.TelephonyConnectionService}, [e0184adedf913b076626646d3f52c3b49c39ad6d], UserHandle{0}
09-11 05:43:02.729  4951  4951 I Telephony: PstnIncomingCallNotifier: Registering: Handler (com.android.internal.telephony.GsmCdmaPhone) {a626f19}
09-11 05:43:02.740  3643  5377 I Telecom : PhoneAccountRegistrar: getUserSelVoicePhoneAccount, voice subId = -1: TSI.gUSOPA@ABY
09-11 05:43:02.741  3643  5377 I Telecom : PhoneAccountRegistrar: getUserSelVoicePhoneAccount, emergency account : TSI.gUSOPA@ABY
09-11 05:43:02.763  4951  4951 E PhoneInterfaceManager: [PhoneIntfMgr] getIccId: No UICC
09-11 05:43:02.778  3643  4986 I Telecom : PhoneAccountRegistrar: [ComponentInfo{com.android.phone/com.android.services.telephony.TelephonyConnectionService}, [e0184adedf913b076626646d3f52c3b49c39ad6d], UserHandle{0}(icon: Icon(typ=BITMAP size=67x84) -> Icon(typ=BITMAP size=67x84))]: TSI.rPA@ABc
09-11 05:43:02.784  3643  4986 I Telecom : : Sending phone-account registered intent as user: TSI.rPA@ABc
09-11 05:43:02.793  4951  4951 I Telephony: PstnIncomingCallNotifier: Unregistering: Handler (com.android.internal.telephony.GsmCdmaPhone) {a626f19}
09-11 05:43:02.794  4951  4951 W Telephony: TelecomAccountRegistry: Failed to get status , slotId: 0 Exception: java.lang.NullPointerException: Attempt to invoke interface method 'int org.codeaurora.internal.IExtTelephony.getCurrentUiccCardProvisioningStatus(int)' on a null object reference
09-11 05:43:02.794  4951  4951 W Telephony: TelecomAccountRegistry: Failed to get status , slotId: 1 Exception: java.lang.NullPointerException: Attempt to invoke interface method 'int org.codeaurora.internal.IExtTelephony.getCurrentUiccCardProvisioningStatus(int)' on a null object reference
09-11 05:43:02.796  4951  4951 E PhoneInterfaceManager: [PhoneIntfMgr] getIccId: No UICC
09-11 05:43:02.804  3643  5377 I Telecom : PhoneAccountRegistrar: [ComponentInfo{com.android.phone/com.android.services.telephony.TelephonyConnectionService}, [e0184adedf913b076626646d3f52c3b49c39ad6d], UserHandle{0}(icon: Icon(typ=BITMAP size=67x84) -> Icon(typ=BITMAP size=67x84))]: TSI.rPA@ABg
09-11 05:43:02.807  3643  5377 I Telecom : : Sending phone-account registered intent as user: TSI.rPA@ABg
09-11 05:43:02.808  4951  4951 I Telephony: AccountEntry: Registered phoneAccount: [[ ] PhoneAccount: ComponentInfo{com.android.phone/com.android.services.telephony.TelephonyConnectionService}, [e0184adedf913b076626646d3f52c3b49c39ad6d], UserHandle{0} Capabilities: CallProvider MultiUser PlaceEmerg SimSub  Audio Routes: BESW Schemes: tel voicemail  Extras: null GroupId: [da39a3ee5e6b4b0d3255bfef95601890afd80709]] with handle: ComponentInfo{com.android.phone/com.android.services.telephony.TelephonyConnectionService}, [e0184adedf913b076626646d3f52c3b49c39ad6d], UserHandle{0}
09-11 05:43:02.809  4951  4951 I Telephony: PstnIncomingCallNotifier: Registering: Handler (com.android.internal.telephony.GsmCdmaPhone) {a626f19}
09-11 05:43:02.820  3643  5257 I Telecom : PhoneAccountRegistrar: getUserSelVoicePhoneAccount, voice subId = -1: TSI.gUSOPA@ABo
09-11 05:43:02.820  3643  5257 I Telecom : PhoneAccountRegistrar: getUserSelVoicePhoneAccount, emergency account : TSI.gUSOPA@ABo
09-11 05:43:02.854  5369  5392 I AlarmClock: Alarms Table created
09-11 05:43:02.855  5369  5392 I AlarmClock: Instance table created
09-11 05:43:02.855  5369  5392 I AlarmClock: Inserting default alarms
09-11 05:43:02.889  4951  4951 D MccTable: updateMccMncConfiguration mccmnc='72234' fromServiceState=false
09-11 05:43:02.892  4951  4951 D MccTable: updateMccMncConfiguration defaultMccMnc=72234
09-11 05:43:02.893  4951  4951 D MccTable: updateMccMncConfiguration: mcc=722, mnc=34
09-11 05:43:02.893  4951  4951 D MccTable: updateMccMncConfiguration updateConfig config={1.0 722mcc34mnc ?localeList ?layoutDir ?swdp ?wdp ?hdp ?density ?lsize ?long ?orien ?uimode ?night ?touch ?keyb/?/? ?nav/?}
09-11 05:43:02.906  5294  5294 D CellBroadcastReceiver: onReceive Intent { act=android.intent.action.ACTION_DEFAULT_SMS_SUBSCRIPTION_CHANGED flg=0x20000010 cmp=com.android.cellbroadcastreceiver/.CellBroadcastReceiver (has extras) }
09-11 05:43:02.909  5294  5294 D CellBroadcastReceiver: Start Cell Broadcast configuration.
09-11 05:43:02.922  5294  5395 D CellBroadcastConfigService: Enable CellBroadcast on sub 1
09-11 05:43:02.947  5294  5395 E CellBroadcastConfigService: exception enabling cell broadcast channels
09-11 05:43:02.947  5294  5395 E CellBroadcastConfigService: java.lang.NullPointerException: Attempt to invoke virtual method 'java.lang.String android.content.ComponentName.getPackageName()' on a null object reference
09-11 05:43:02.947  5294  5395 E CellBroadcastConfigService: 	at android.os.Parcel.readException(Parcel.java:1690)
09-11 05:43:02.947  5294  5395 E CellBroadcastConfigService: 	at android.os.Parcel.readException(Parcel.java:1637)
09-11 05:43:02.947  5294  5395 E CellBroadcastConfigService: 	at com.android.internal.telephony.ISms$Stub$Proxy.isSmsSimPickActivityNeeded(ISms.java:1409)
09-11 05:43:02.947  5294  5395 E CellBroadcastConfigService: 	at android.telephony.SmsManager.getSubscriptionId(SmsManager.java:828)
09-11 05:43:02.947  5294  5395 E CellBroadcastConfigService: 	at android.telephony.SmsManager.enableCellBroadcastRange(SmsManager.java:1098)
09-11 05:43:02.947  5294  5395 E CellBroadcastConfigService: 	at com.android.cellbroadcastreceiver.CellBroadcastConfigService.setCellBroadcastRange(CellBroadcastConfigService.java:387)
09-11 05:43:02.947  5294  5395 E CellBroadcastConfigService: 	at com.android.cellbroadcastreceiver.CellBroadcastConfigService.setCellBroadcastOnSub(CellBroadcastConfigService.java:217)
09-11 05:43:02.947  5294  5395 E CellBroadcastConfigService: 	at com.android.cellbroadcastreceiver.CellBroadcastConfigService.onHandleIntent(CellBroadcastConfigService.java:96)
09-11 05:43:02.947  5294  5395 E CellBroadcastConfigService: 	at android.app.IntentService$ServiceHandler.handleMessage(IntentService.java:68)
09-11 05:43:02.947  5294  5395 E CellBroadcastConfigService: 	at android.os.Handler.dispatchMessage(Handler.java:102)
09-11 05:43:02.947  5294  5395 E CellBroadcastConfigService: 	at android.os.Looper.loop(Looper.java:154)
09-11 05:43:02.947  5294  5395 E CellBroadcastConfigService: 	at android.os.HandlerThread.run(HandlerThread.java:61)
09-11 05:43:02.966  5294  5294 D CellBroadcastReceiver: onReceive Intent { act=android.intent.action.ACTION_DEFAULT_SMS_SUBSCRIPTION_CHANGED flg=0x20000010 cmp=com.android.cellbroadcastreceiver/.CellBroadcastReceiver (has extras) }
09-11 05:43:02.966  5294  5294 D CellBroadcastReceiver: Start Cell Broadcast configuration.
09-11 05:43:02.970  4951  4951 D MccTable: updateMccMncConfiguration mccmnc='72234' fromServiceState=false
09-11 05:43:02.971  4951  4951 D MccTable: updateMccMncConfiguration defaultMccMnc=72234
09-11 05:43:02.971  4951  4951 D MccTable: updateMccMncConfiguration: mcc=722, mnc=34
09-11 05:43:02.971  4951  4951 D MccTable: updateMccMncConfiguration updateConfig config={1.0 722mcc34mnc ?localeList ?layoutDir ?swdp ?wdp ?hdp ?density ?lsize ?long ?orien ?uimode ?night ?touch ?keyb/?/? ?nav/?}
09-11 05:43:02.975  5294  5401 D CellBroadcastConfigService: Enable CellBroadcast on sub 1
09-11 05:43:02.990  3162  3162 D gpsd    : WakeLock(Acquire,GPSD)
09-11 05:43:02.990  3162  3162 D gpsd    : WakeLock(Release,GPSD)
09-11 05:43:02.990  3162  3162 D gpsd    : WakeLock(Acquire,GPSD)
09-11 05:43:02.990  3162  3162 D gpsd    : WakeLock(Release,GPSD)
09-11 05:43:02.990  3162  3162 D gpsd    : WakeLock(Acquire,GPSD)
09-11 05:43:02.991  3162  3162 D gpsd    : WakeLock(Release,GPSD)
09-11 05:43:03.005  4809  4809 D CarrierText: onSimStateChanged: Normal
09-11 05:43:03.005  5294  5401 E CellBroadcastConfigService: exception enabling cell broadcast channels
09-11 05:43:03.005  5294  5401 E CellBroadcastConfigService: java.lang.NullPointerException: Attempt to invoke virtual method 'java.lang.String android.content.ComponentName.getPackageName()' on a null object reference
09-11 05:43:03.005  5294  5401 E CellBroadcastConfigService: 	at android.os.Parcel.readException(Parcel.java:1690)
09-11 05:43:03.005  5294  5401 E CellBroadcastConfigService: 	at android.os.Parcel.readException(Parcel.java:1637)
09-11 05:43:03.005  5294  5401 E CellBroadcastConfigService: 	at com.android.internal.telephony.ISms$Stub$Proxy.isSmsSimPickActivityNeeded(ISms.java:1409)
09-11 05:43:03.005  5294  5401 E CellBroadcastConfigService: 	at android.telephony.SmsManager.getSubscriptionId(SmsManager.java:828)
09-11 05:43:03.005  5294  5401 E CellBroadcastConfigService: 	at android.telephony.SmsManager.enableCellBroadcastRange(SmsManager.java:1098)
09-11 05:43:03.005  5294  5401 E CellBroadcastConfigService: 	at com.android.cellbroadcastreceiver.CellBroadcastConfigService.setCellBroadcastRange(CellBroadcastConfigService.java:387)
09-11 05:43:03.005  5294  5401 E CellBroadcastConfigService: 	at com.android.cellbroadcastreceiver.CellBroadcastConfigService.setCellBroadcastOnSub(CellBroadcastConfigService.java:217)
09-11 05:43:03.005  5294  5401 E CellBroadcastConfigService: 	at com.android.cellbroadcastreceiver.CellBroadcastConfigService.onHandleIntent(CellBroadcastConfigService.java:96)
09-11 05:43:03.005  5294  5401 E CellBroadcastConfigService: 	at android.app.IntentService$ServiceHandler.handleMessage(IntentService.java:68)
09-11 05:43:03.005  5294  5401 E CellBroadcastConfigService: 	at android.os.Handler.dispatchMessage(Handler.java:102)
09-11 05:43:03.005  5294  5401 E CellBroadcastConfigService: 	at android.os.Looper.loop(Looper.java:154)
09-11 05:43:03.005  5294  5401 E CellBroadcastConfigService: 	at android.os.HandlerThread.run(HandlerThread.java:61)
09-11 05:43:03.035  3643  3702 I GnssLocationProvider: WakeLock released by handleMessage(12, 0, null)
09-11 05:43:03.036  3162  3162 D gpsd    : WakeLock(Acquire,GPSD)
09-11 05:43:03.036  3162  3162 D gpsd    : WakeLock(Release,GPSD)
09-11 05:43:03.036  3162  3162 D gpsd    : WakeLock(Acquire,GPSD)
09-11 05:43:03.036  3162  3162 D gpsd    : WakeLock(Release,GPSD)
09-11 05:43:03.036  3162  3162 D gpsd    : WakeLock(Acquire,GPSD)
09-11 05:43:03.036  3162  3162 D gpsd    : WakeLock(Release,GPSD)
09-11 05:43:03.044  3643  3643 I GnssLocationProvider: WakeLock acquired by sendMessage(12, 0, null)
09-11 05:43:03.046  4809  4809 E SignalClusterView: Unexpected subscription 1
09-11 05:43:03.046  4809  4809 E SignalClusterView: Unexpected subscription 1
09-11 05:43:03.070  3162  3162 D gpsd    : WakeLock(Acquire,GPSD)
09-11 05:43:03.071  3162  3162 D gpsd    : WakeLock(Release,GPSD)
09-11 05:43:03.071  3162  3162 D gpsd    : WakeLock(Acquire,GPSD)
09-11 05:43:03.071  3162  3162 D gpsd    : WakeLock(Release,GPSD)
09-11 05:43:03.071  3643  3702 D GnssLocationProvider: GPS configuration:
09-11 05:43:03.071  3643  3702 D GnssLocationProvider:  #Mon Sep 11 05:43:03 GMT-03:00 2017
09-11 05:43:03.071  3643  3702 D GnssLocationProvider: SUPL_VER=0x20000
09-11 05:43:03.071  3643  3702 D GnssLocationProvider: SUPL_PORT=7275
09-11 05:43:03.071  3643  3702 D GnssLocationProvider: XTRA_SERVER_2=http\://gllto2.glpals.com/4day/v4/latest/lto2.dat
09-11 05:43:03.071  3643  3702 D GnssLocationProvider: XTRA_SERVER_1=http\://gllto1.glpals.com/4day/v4/latest/lto2.dat
09-11 05:43:03.071  3643  3702 D GnssLocationProvider: SUPL_HOST=supl.google.com
09-11 05:43:03.071  3643  3702 D GnssLocationProvider: SUPL_MODE=1
09-11 05:43:03.071  3643  3702 D GnssLocationProvider: NTP_SERVER=north-america.pool.ntp.org
09-11 05:43:03.072  3162  3162 D gpsd    : WakeLock(Acquire,GPSD)
09-11 05:43:03.072  3643  3702 I GnssLocationProvider: WakeLock released by handleMessage(12, 0, null)
09-11 05:43:03.072  3162  3162 D gpsd    : WakeLock(Release,GPSD)
09-11 05:43:03.075  3643  3643 D WifiService: resetting networks because SIM was loaded
09-11 05:43:03.075  3643  4706 D WifiStateMachine: resetting EAP-SIM/AKA/AKA' networks since SIM was changed
09-11 05:43:03.078  5294  5294 D CellBroadcastReceiver: onReceive Intent { act=android.intent.action.SIM_STATE_CHANGED flg=0x4000010 cmp=com.android.cellbroadcastreceiver/.CellBroadcastReceiver (has extras) }
09-11 05:43:03.081  5294  5294 D CellBroadcastReceiver: Default interval 0 did not change.
09-11 05:43:03.082  4951  4951 D CarrierConfigLoader: update config for phoneId: 0 simState: LOADED
09-11 05:43:03.082  4951  4951 D CarrierSvcBindHelper: update binding for phoneId: 0 simState: LOADED
09-11 05:43:03.098  3643  3702 D GnssLocationProvider: GPS configuration:
09-11 05:43:03.098  3643  3702 D GnssLocationProvider:  #Mon Sep 11 05:43:03 GMT-03:00 2017
09-11 05:43:03.098  3643  3702 D GnssLocationProvider: SUPL_VER=0x20000
09-11 05:43:03.098  3643  3702 D GnssLocationProvider: SUPL_PORT=7275
09-11 05:43:03.098  3643  3702 D GnssLocationProvider: XTRA_SERVER_2=http\://gllto2.glpals.com/4day/v4/latest/lto2.dat
09-11 05:43:03.098  3643  3702 D GnssLocationProvider: XTRA_SERVER_1=http\://gllto1.glpals.com/4day/v4/latest/lto2.dat
09-11 05:43:03.098  3643  3702 D GnssLocationProvider: SUPL_HOST=supl.google.com
09-11 05:43:03.098  3643  3702 D GnssLocationProvider: SUPL_MODE=1
09-11 05:43:03.098  3643  3702 D GnssLocationProvider: NTP_SERVER=north-america.pool.ntp.org
09-11 05:43:03.099  3162  3162 D gpsd    : WakeLock(Acquire,GPSD)
09-11 05:43:03.099  3162  3162 D gpsd    : WakeLock(Release,GPSD)
09-11 05:43:03.099  3162  3162 D gpsd    : WakeLock(Acquire,GPSD)
09-11 05:43:03.099  3162  3162 D gpsd    : WakeLock(Release,GPSD)
09-11 05:43:03.099  3162  3162 D gpsd    : WakeLock(Acquire,GPSD)
09-11 05:43:03.100  3162  3162 D gpsd    : WakeLock(Release,GPSD)
09-11 05:43:03.135  3643  4986 I Telecom : PhoneAccountRegistrar: [ComponentInfo{com.android.phone/com.android.services.telephony.TelephonyConnectionService}, [e0184adedf913b076626646d3f52c3b49c39ad6d], UserHandle{0}(icon: Icon(typ=BITMAP size=67x84) -> Icon(typ=BITMAP size=67x84))]: TSI.rPA@ABs
09-11 05:43:03.138  3643  4986 I Telecom : : Sending phone-account registered intent as user: TSI.rPA@ABs
09-11 05:43:03.154  4951  4951 D TelephonyProvider: subIdString = 1 subId = 1
09-11 05:43:03.158  4951  4951 D TelephonyProvider: getPreferredApnIdFromApn: for subId 1
09-11 05:43:03.164  4951  4951 D TelephonyProvider: Preferred APN: -1
09-11 05:43:03.260  3643  3643 I GnssLocationProvider: WakeLock acquired by sendMessage(12, 0, null)
09-11 05:43:03.282  3643  3702 D GnssLocationProvider: GPS configuration:
09-11 05:43:03.282  3643  3702 D GnssLocationProvider:  #Mon Sep 11 05:43:03 GMT-03:00 2017
09-11 05:43:03.282  3643  3702 D GnssLocationProvider: SUPL_VER=0x20000
09-11 05:43:03.282  3643  3702 D GnssLocationProvider: SUPL_PORT=7275
