09-16 08:57:06.816  3281  5226 D FFmpegExtractor: supported codec (pcm_s16le) by official Stagefright
09-16 08:57:06.817  3281  5226 D FFmpegExtractor: ffmpeg detected media content as 'audio/x-wav' with confidence 0.08
09-16 08:57:06.819  3283  5009 E MetadataRetrieverClient: failed to extract an album art
09-16 08:57:06.835  3283  3352 I MediaPlayerService: MediaPlayerService::getOMX
09-16 08:57:06.836  5487  5735 I OMXClient: MuxOMX ctor
09-16 08:57:06.837  3279  5223 I OMXMaster: makeComponentInstance(OMX.google.vorbis.decoder) in mediacodec process
09-16 08:57:06.843  5585  5686 I chatty  : uid=10009(com.android.providers.media) android.process.media expire 2 lines
09-16 08:57:06.875  5673  5698 W art     : Long monitor contention with owner ContactsProviderWorker (5694) at void com.android.providers.contacts.database.ContactsTableUtil.createIndexes(android.database.sqlite.SQLiteDatabase)(ContactsTableUtil.java:44) waiters=0 in android.database.sqlite.SQLiteDatabase android.database.sqlite.SQLiteOpenHelper.getWritableDatabase() for 899ms
09-16 08:57:06.877  5673  5698 I CallLogDatabaseHelper: Migrating from old tables...
09-16 08:57:06.878  5673  5698 I CallLogDatabaseHelper: Source tables don't exist.
09-16 08:57:06.995  5673  5698 I CallLogDatabaseHelper: Migrating from old tables...
09-16 08:57:06.996  5673  5698 I CallLogDatabaseHelper: Source tables don't exist.
09-16 08:57:07.002  5349  5349 D CellBroadcastReceiver: onReceive Intent { act=android.intent.action.SERVICE_STATE flg=0x10 cmp=com.android.cellbroadcastreceiver/.CellBroadcastReceiver (has extras) }
09-16 08:57:07.002  5349  5349 D CellBroadcastReceiver: Intent: android.intent.action.SERVICE_STATE
09-16 08:57:07.021  3699  5537 I ActivityManager: Start proc 5738:com.android.providers.calendar/u0a5 for broadcast com.android.providers.calendar/.CalendarUpgradeReceiver
09-16 08:57:07.031  5673  5678 I art     : Do partial code cache collection, code=62KB, data=48KB
09-16 08:57:07.042  5673  5678 I art     : After code cache collection, code=62KB, data=48KB
09-16 08:57:07.042  5673  5678 I art     : Increasing code cache capacity to 256KB
09-16 08:57:07.057  5673  5694 I ContactLocale: AddressBook Labels [[en_US]]: [, A, B, C, D, E, F, G, H, I, J, K, L, M, N, O, P, Q, R, S, T, U, V, W, X, Y, Z, , , , , , , , , , , , , , , , , , , , , , , , , , , , , , , , , , , , , , , , , , , , , , , , , , , , , , , , , , , , , , , , , , , , , , , , , , , , , , , , , , , , , , , , , , , , , , , , , , , , , , , , , , , , , , , , , , , , , , , , , , , , , , , , , , , , , , , , , , , , , , , , , , , , , , , , , , , , , , , , , , , , , , , , , , , , , , , , , , , , , , , , , , , #, ]
09-16 08:57:07.096  5673  5694 I ContactsDatabaseHelper: Bootstrapping database version: 1111
09-16 08:57:07.128  5738  5738 W System  : ClassLoader referenced unknown path: /system/priv-app/CalendarProvider/lib/arm64
09-16 08:57:07.140  5585  5591 I chatty  : uid=10009(com.android.providers.media) Jit thread pool expire 3 lines
09-16 08:57:07.314  5738  5738 I CalendarDatabaseHelper: Bootstrapping database
09-16 08:57:07.453  5738  5738 I CalendarProvider2: Created com.android.providers.calendar.CalendarAlarmManager@16b073a(com.android.providers.calendar.CalendarProvider2@7a1efeb)
09-16 08:57:07.516  5673  5694 I ContactsProviderV1: Bootstrapping database legacy support
09-16 08:57:07.597  5738  5738 I CalendarUpgradeReceiver: Creating or opening calendar database
09-16 08:57:07.600  3699  4930 I PreBootBroadcaster: Pre-boot of {com.android.providers.contacts/com.android.providers.contacts.ContactsUpgradeReceiver} for user 0
09-16 08:57:07.625  3699  3699 D ZenLog  : disable_effects: 0|android|0|PreBootBroadcaster|1000,booleanState
09-16 08:57:07.698  5673  5673 I ContactsUpgradeReceiver: Creating or opening contacts database
09-16 08:57:07.790  5673  5673 I ContactsProvider: Locale has changed from null to [en_US]
09-16 08:57:07.796  5673  5673 I ContactsDatabaseHelper: Switching to locale [en_US] (ICU v56.1)
09-16 08:57:07.918  5487  5719 I SecHAL  : device_sleep: NFC can be going to sleep
09-16 08:57:08.040  5673  5673 I ContactsDatabaseHelper: Locale change completed in 245ms
09-16 08:57:08.043  5673  5673 I ContactsDatabaseHelper: Switching to locale [en_US] (ICU v56.1)
09-16 08:57:08.201  5673  5673 I ContactsDatabaseHelper: Locale change completed in 157ms
09-16 08:57:08.300  3699  4930 I PreBootBroadcaster: Pre-boot of {com.android.providers.media/com.android.providers.media.MediaUpgradeReceiver} for user 0
09-16 08:57:08.403  3699  3699 D ZenLog  : disable_effects: 0|android|0|PreBootBroadcaster|1000,booleanState
09-16 08:57:08.437  5585  5585 I MediaUpgradeReceiver: ---> Start upgrade of media database external.db
09-16 08:57:08.488  5585  5585 I MediaUpgradeReceiver: <--- Finished upgrade of media database external.db in 51ms
09-16 08:57:08.490  3699  3799 I PreBootBroadcaster: Pre-boot of {com.android.settings/com.android.settings.SettingsInitialize} for user 0
09-16 08:57:08.515  3699  3699 D ZenLog  : disable_effects: 0|android|0|PreBootBroadcaster|1000,booleanState
09-16 08:57:08.523  3699  5537 I PreBootBroadcaster: Pre-boot of {org.cyanogenmod.cmsettings/org.cyanogenmod.cmsettings.PreBootReceiver} for user 0
09-16 08:57:08.535  5738  5738 I CalendarProvider2: Sending notification intent: Intent { act=android.intent.action.PROVIDER_CHANGED dat=content://com.android.calendar flg=0x20000000 }
09-16 08:57:08.537  5738  5738 W ContentResolver: Failed to get type for: content://com.android.calendar (Unknown URL content://com.android.calendar)
09-16 08:57:08.541  3699  3699 D ZenLog  : disable_effects: 0|android|0|PreBootBroadcaster|1000,booleanState
09-16 08:57:08.568  5673  5694 D ContactDirectoryManager: Found com.android.exchange.directory.provider
09-16 08:57:08.595  3699  5557 I ActivityManager: Start proc 5761:com.android.exchange/u0a47 for content provider com.android.exchange/.provider.ExchangeDirectoryProvider
09-16 08:57:08.598  3699  3699 D ActivityManager: Sending BOOT_COMPLETE user #0
09-16 08:57:08.617  3699  3699 I ActivityManager: Start proc 5775:com.android.calendar/u0a38 for broadcast com.android.calendar/.alerts.AlertReceiver
09-16 08:57:08.668  5761  5761 W System  : ClassLoader referenced unknown path: /system/app/Exchange2/lib/arm64
09-16 08:57:08.691  5775  5775 W System  : ClassLoader referenced unknown path: /system/app/Calendar/lib/arm64
09-16 08:57:08.793  3699  3798 I ActivityManager: Start proc 5793:com.android.email/u0a58 for content provider com.android.email/.provider.EmailProvider
09-16 08:57:08.810  5673  5694 I ContactDirectoryManager: deleted 0 stale rows which don't have any relevant directory
09-16 08:57:08.829  5673  5694 I ContactDirectoryManager: Discovered 0 contact directories in 543ms
09-16 08:57:08.866  5673  5694 I ContactsProvider: Upgrading aggregation algorithm
09-16 08:57:08.868  5775  5775 D ExtensionsFactory: No custom extensions.
09-16 08:57:08.874  5793  5793 W System  : ClassLoader referenced unknown path: /system/app/Email/lib/arm64
09-16 08:57:08.874  5673  5694 I ContactAggregator: Marked all visible contacts for aggregation: 0 raw contacts, 3 ms
09-16 08:57:08.907  5775  5775 D AlertReceiver: onReceive: a=android.intent.action.PROVIDER_CHANGED Intent { act=android.intent.action.PROVIDER_CHANGED dat=content://com.android.calendar flg=0x20000010 cmp=com.android.calendar/.alerts.AlertReceiver }
09-16 08:57:08.950  5673  5694 I ContactsProvider: Aggregation algorithm upgraded for 0 raw contacts in 83ms
09-16 08:57:08.952  5775  5775 D AlertUtils: Flushing old alerts from shared prefs table
09-16 08:57:08.982  5775  5813 D AlertService: 0 Action = android.intent.action.PROVIDER_CHANGED
09-16 08:57:09.016  3699  4930 I ActivityManager: Start proc 5817:com.cyanogenmod.lockclock/u0a51 for broadcast com.cyanogenmod.lockclock/.ClockWidgetProvider
09-16 08:57:09.047  5673  5694 I ContactsFTS: Rebuild contact search index in 65ms, 0 contacts
09-16 08:57:09.143  5817  5817 W System  : ClassLoader referenced unknown path: /system/app/LockClock/lib/arm64
09-16 08:57:09.199  5793  5834 D ActivityThread: Loading provider com.android.email.provider;com.android.email.notifier: com.android.email.provider.EmailProvider
09-16 08:57:09.220  5793  5793 D ActivityThread: Loading provider com.android.email.provider;com.android.email.notifier: com.android.email.provider.EmailProvider
09-16 08:57:09.225  5793  5835 D ActivityThread: Loading provider com.android.email.provider;com.android.email.notifier: com.android.email.provider.EmailProvider
09-16 08:57:09.244  5793  5838 D ActivityThread: Loading provider com.android.email.provider;com.android.email.notifier: com.android.email.provider.EmailProvider
09-16 08:57:09.281  3699  5558 I ActivityManager: Start proc 5841:org.cyanogenmod.cmparts/1000 for broadcast org.cyanogenmod.cmparts/.BootReceiver
09-16 08:57:09.377  5841  5841 W System  : ClassLoader referenced unknown path: /system/priv-app/CMParts/lib/arm64
09-16 08:57:09.694  3699  5862 E BootReceiver: Error reading /data/system/last-header.txt
09-16 08:57:09.694  3699  5862 E BootReceiver: java.io.FileNotFoundException: /data/system/last-header.txt (No such file or directory)
09-16 08:57:09.694  3699  5862 E BootReceiver: 	at java.io.FileInputStream.open(Native Method)
09-16 08:57:09.694  3699  5862 E BootReceiver: 	at java.io.FileInputStream.<init>(FileInputStream.java:146)
09-16 08:57:09.694  3699  5862 E BootReceiver: 	at android.os.FileUtils.readTextFile(FileUtils.java:263)
09-16 08:57:09.694  3699  5862 E BootReceiver: 	at com.android.server.BootReceiver.getPreviousBootHeaders(BootReceiver.java:121)
09-16 08:57:09.694  3699  5862 E BootReceiver: 	at com.android.server.BootReceiver.getBootHeadersToLogAndUpdate(BootReceiver.java:143)
09-16 08:57:09.694  3699  5862 E BootReceiver: 	at com.android.server.BootReceiver.logBootEvents(BootReceiver.java:163)
09-16 08:57:09.694  3699  5862 E BootReceiver: 	at com.android.server.BootReceiver.-wrap2(BootReceiver.java)
09-16 08:57:09.694  3699  5862 E BootReceiver: 	at com.android.server.BootReceiver$1.run(BootReceiver.java:93)
09-16 08:57:09.707  3699  5862 E RecoverySystem: Failed to read lines in last_install
09-16 08:57:09.707  3699  5862 E RecoverySystem: java.io.FileNotFoundException: /cache/recovery/last_install (No such file or directory)
09-16 08:57:09.707  3699  5862 E RecoverySystem: 	at java.io.FileInputStream.open(Native Method)
09-16 08:57:09.707  3699  5862 E RecoverySystem: 	at java.io.FileInputStream.<init>(FileInputStream.java:146)
09-16 08:57:09.707  3699  5862 E RecoverySystem: 	at java.io.FileReader.<init>(FileReader.java:72)
09-16 08:57:09.707  3699  5862 E RecoverySystem: 	at android.os.RecoverySystem.parseLastInstallLog(RecoverySystem.java:725)
09-16 08:57:09.707  3699  5862 E RecoverySystem: 	at android.os.RecoverySystem.handleAftermath(RecoverySystem.java:818)
09-16 08:57:09.707  3699  5862 E RecoverySystem: 	at com.android.server.BootReceiver.logBootEvents(BootReceiver.java:166)
09-16 08:57:09.707  3699  5862 E RecoverySystem: 	at com.android.server.BootReceiver.-wrap2(BootReceiver.java)
09-16 08:57:09.707  3699  5862 E RecoverySystem: 	at com.android.server.BootReceiver$1.run(BootReceiver.java:93)
09-16 08:57:09.709  3699  5862 I RecoverySystem: Deleted: /cache/recovery/.version
09-16 08:57:09.709  3699  5862 I RecoverySystem: Deleted: /cache/recovery/recovery.fstab
09-16 08:57:09.710  3699  5862 I RecoverySystem: Deleted: /cache/recovery/storage.fstab
09-16 08:57:09.711  3699  5862 I RecoverySystem: Deleted: /cache/recovery/log
09-16 08:57:09.711  3699  5862 I RecoverySystem: Deleted: /cache/recovery/intent
09-16 08:57:09.721  3699  3699 I ActivityManager: Start proc 5864:com.android.dialer/u0a16 for broadcast com.android.dialer/.calllog.CallLogReceiver
09-16 08:57:09.733  3699  5553 W ActivityManager: Unable to start service Intent { act=com.android.mail.action.BACKUP_DATA_CHANGED pkg=com.android.email } U=0: not found
09-16 08:57:09.741  3699  5862 I BootReceiver: No existing last log timestamp file /data/system/log-files.xml; starting empty
09-16 08:57:09.748  3699  5534 W ActivityManager: Unable to start service Intent { act=com.android.mail.action.BACKUP_DATA_CHANGED pkg=com.android.email } U=0: not found
09-16 08:57:09.757  3699  5862 I BootReceiver: Copying /proc/last_kmsg to DropBox (SYSTEM_LAST_KMSG)
09-16 08:57:09.780  3699  5047 W ActivityManager: Unable to start service Intent { act=com.android.mail.action.BACKUP_DATA_CHANGED pkg=com.android.email } U=0: not found
09-16 08:57:09.789  3699  5046 W ActivityManager: Unable to start service Intent { act=com.android.mail.action.BACKUP_DATA_CHANGED pkg=com.android.email } U=0: not found
09-16 08:57:09.799  3699  5557 W ActivityManager: Unable to start service Intent { act=com.android.mail.action.BACKUP_DATA_CHANGED pkg=com.android.email } U=0: not found
09-16 08:57:09.801  5864  5864 W System  : ClassLoader referenced unknown path: /system/priv-app/Dialer/lib/arm64
09-16 08:57:09.811  3699  5537 W ActivityManager: Unable to start service Intent { act=com.android.mail.action.BACKUP_DATA_CHANGED pkg=com.android.email } U=0: not found
09-16 08:57:09.821  3699  5862 I BootReceiver: Copying audit failures to DropBox
09-16 08:57:09.823  3699  5536 W ActivityManager: Unable to start service Intent { act=com.android.mail.action.BACKUP_DATA_CHANGED pkg=com.android.email } U=0: not found
09-16 08:57:09.855  5793  5834 W art     : Long monitor contention with owner main (5793) at boolean android.os.BinderProxy.transactNative(int, android.os.Parcel, android.os.Parcel, int)(Binder.java:-2) waiters=0 in com.android.mail.preferences.MailPrefs com.android.mail.preferences.MailPrefs.get(android.content.Context) for 621ms
09-16 08:57:09.859  5793  5835 W art     : Long monitor contention with owner main (5793) at boolean android.os.BinderProxy.transactNative(int, android.os.Parcel, android.os.Parcel, int)(Binder.java:-2) waiters=1 in com.android.mail.preferences.MailPrefs com.android.mail.preferences.MailPrefs.get(android.content.Context) for 569ms
09-16 08:57:09.861  5793  5838 W art     : Long monitor contention with owner main (5793) at boolean android.os.BinderProxy.transactNative(int, android.os.Parcel, android.os.Parcel, int)(Binder.java:-2) waiters=2 in com.android.mail.preferences.MailPrefs com.android.mail.preferences.MailPrefs.get(android.content.Context) for 560ms
09-16 08:57:09.897  3699  5537 W ActivityManager: Unable to start service Intent { cmp=com.android.email/.service.AttachmentService } U=0: not found
09-16 08:57:09.898  3699  4930 W ActivityManager: Unable to start service Intent { cmp=com.android.email/.service.AttachmentService } U=0: not found
09-16 08:57:09.909  5864  5864 I BlockedNumbersAuto: Updating state as already checked for auto-migrate.
09-16 08:57:09.911  5864  5864 I BlockedNumbersAuto: Attempting to auto-migrate.
09-16 08:57:09.949  5761  5761 I Exchange: EasService.onCreate
09-16 08:57:09.949  5793  5883 I Email   : Observing account changes for notifications
09-16 08:57:09.953  3699  4930 W ActivityManager: Unable to start service Intent { cmp=com.android.email/.service.AttachmentService } U=0: not found
09-16 08:57:09.955  5793  5839 W art     : Long monitor contention with owner AsyncTask #2 (5835) at void android.os.Binder.init()(Binder.java:-2) waiters=0 in void com.android.email.provider.AccountReconciler.reconcileAccounts(android.content.Context) for 728ms
09-16 08:57:09.957  3699  5862 I BootReceiver: Copied 0 worth of audits to DropBox
09-16 08:57:09.966  3699  5862 I BootReceiver: Checking for fsck errors
09-16 08:57:09.967  3699  5862 I BootReceiver: Copying /data/tombstones/tombstone_00 to DropBox (SYSTEM_TOMBSTONE)
09-16 08:57:09.990  3699  5862 I BootReceiver: Copying /data/tombstones/tombstone_01 to DropBox (SYSTEM_TOMBSTONE)
09-16 08:57:09.998  3699  5534 W ActivityManager: Unable to start service Intent { cmp=com.android.email/.service.AttachmentService } U=0: not found
09-16 08:57:10.008  3699  5862 I BootReceiver: Copying /data/tombstones/tombstone_02 to DropBox (SYSTEM_TOMBSTONE)
09-16 08:57:10.020  5761  5887 I Exchange: RestartPingTask
09-16 08:57:10.023  5058  5058 V OtaStartupReceiver: onOtaspChanged: mOtaspMode=3
09-16 08:57:10.025  5864  5886 W CountryDetector: No location permissions, not registering for location updates.
09-16 08:57:10.026  3699  5862 I BootReceiver: Copying /data/tombstones/tombstone_03 to DropBox (SYSTEM_TOMBSTONE)
09-16 08:57:10.040  5058  5058 D CarrierConfigLoader: mHandler: 13 phoneId: 0
09-16 08:57:10.040  5058  5058 D CarrierConfigLoader: mHandler: 7 phoneId: 0
09-16 08:57:10.050  3699  5862 I BootReceiver: Copying /data/tombstones/tombstone_04 to DropBox (SYSTEM_TOMBSTONE)
09-16 08:57:10.051  5058  5058 E CarrierConfigLoader: java.io.FileNotFoundException: /data/user_de/0/com.android.phone/files/carrierconfig-com.android.carrierconfig-89543420816751226808-72234.xml (No such file or directory)
09-16 08:57:10.051  5058  5058 D CarrierConfigLoader: Binding to com.android.carrierconfig for phone 0
09-16 08:57:10.068  5517  5517 D DefaultCarrierConfigService: Service created
09-16 08:57:10.076  3699  5862 I BootReceiver: Copying /data/tombstones/tombstone_05 to DropBox (SYSTEM_TOMBSTONE)
09-16 08:57:10.084  5058  5058 D CarrierConfigLoader: Connected to config app: com.android.carrierconfig/com.android.carrierconfig.DefaultCarrierConfigService
09-16 08:57:10.084  5058  5058 D CarrierConfigLoader: mHandler: 3 phoneId: 0
09-16 08:57:10.085  3699  5536 W ActivityManager: Unable to start service Intent { cmp=com.android.email/.service.AttachmentService } U=0: not found
09-16 08:57:10.086  5517  5532 D DefaultCarrierConfigService: Config being fetched
09-16 08:57:10.087  5517  5532 D DefaultCarrierConfigService: java.io.FileNotFoundException: carrier_config_72234.xml
09-16 08:57:10.110  3699  5553 I ActivityManager: Start proc 5889:com.cyanogenmod.settings.device/1000 for broadcast com.cyanogenmod.settings.device/.BootCompletedReceiver
09-16 08:57:10.113  3699  5862 I BootReceiver: Copying /data/tombstones/tombstone_06 to DropBox (SYSTEM_TOMBSTONE)
09-16 08:57:10.123  5058  5058 D CarrierConfigLoader: mHandler: 5 phoneId: 0
09-16 08:57:10.125  5864  5864 I BlockedNumbersAuto: Auto-migrating: no blocked numbers.
09-16 08:57:10.158  3699  5862 I BootReceiver: Copying /data/tombstones/tombstone_07 to DropBox (SYSTEM_TOMBSTONE)
09-16 08:57:10.185  3699  5862 I BootReceiver: Copying /data/tombstones/tombstone_08 to DropBox (SYSTEM_TOMBSTONE)
09-16 08:57:10.202  3699  5862 I BootReceiver: Copying /data/tombstones/tombstone_09 to DropBox (SYSTEM_TOMBSTONE)
09-16 08:57:10.216  5793  5834 W art     : Long monitor contention with owner AsyncTask #4 (5839) at void com.android.email.provider.AccountReconciler.reconcileAccounts(android.content.Context)(AccountReconciler.java:-1) waiters=1 in void com.android.email.provider.AccountReconciler.reconcileAccounts(android.content.Context) for 253ms
09-16 08:57:10.228  5761  5761 I Exchange: RestartPingsTask did not start any pings.
09-16 08:57:10.228  5761  5761 I Exchange: PSS stopIfIdle
09-16 08:57:10.228  5761  5761 I Exchange: PSS has no active accounts; stopping service.
09-16 08:57:10.244  5889  5889 W System  : ClassLoader referenced unknown path: /system/app/AdvancedDisplay/lib/arm64
09-16 08:57:10.255  3699  3699 I Telecom : PhoneAccountRegistrar: SimCallManager queried, returning: null: TSI.gSCMFU@ADs
09-16 08:57:10.285  5793  5835 W art     : Long monitor contention with owner AsyncTask #4 (5839) at void com.android.email.provider.AccountReconciler.reconcileAccounts(android.content.Context)(AccountReconciler.java:-1) waiters=2 in void com.android.email.provider.AccountReconciler.reconcileAccounts(android.content.Context) for 184ms
09-16 08:57:10.306  5761  5761 I Exchange: onDestroy
09-16 08:57:10.338  5761  5761 I Exchange: EasService.onCreate
09-16 08:57:10.359  5761  5907 I Exchange: RestartPingTask
09-16 08:57:10.371  5889  5889 I settings.device: type=1400 audit(0.0:164): avc: denied { write } for name="scenario" dev="sysfs" ino=33552 scontext=u:r:system_app:s0 tcontext=u:object_r:sysfs:s0 tclass=file permissive=1
09-16 08:57:10.371  5889  5889 W settings.device: type=1300 audit(0.0:164): arch=c00000b7 syscall=48 success=yes exit=0 a0=ffffff9c a1=7f8b9cc180 a2=2 a3=0 items=0 ppid=3272 auid=4294967295 uid=1000 gid=1000 euid=1000 suid=1000 fsuid=1000 egid=1000 sgid=1000 fsgid=1000 tty=(none) ses=4294967295 exe="/system/bin/app_process64" subj=u:r:system_app:s0 key=(null)
09-16 08:57:10.371  3086  3086 W auditd  : type=1327 audit(0.0:164): proctitle="com.cyanogenmod.settings.device"
09-16 08:57:10.371  3086  3086 W auditd  : type=1320 audit(0.0:164): 
09-16 08:57:10.417  5761  5761 I Exchange: RestartPingsTask did not start any pings.
09-16 08:57:10.418  5761  5761 I Exchange: PSS stopIfIdle
09-16 08:57:10.418  5761  5761 I Exchange: PSS has no active accounts; stopping service.
09-16 08:57:10.422  5761  5761 I Exchange: onDestroy
09-16 08:57:10.444  5775  5775 D AlertReceiver: onReceive: a=android.intent.action.BOOT_COMPLETED Intent { act=android.intent.action.BOOT_COMPLETED flg=0x9000010 cmp=com.android.calendar/.alerts.AlertReceiver (has extras) }
09-16 08:57:10.473  3699  5536 I ActivityManager: Start proc 5910:com.android.camera2/u0a42 for broadcast com.android.camera2/com.android.camera.DisableCameraReceiver
09-16 08:57:10.606  5910  5910 I CAM_Profiler: [ 17.722ms][ui] GUARD: FirstRunDetector getTimeOfFirstRun - STOP
09-16 08:57:10.609  5910  5910 I CAM_Profiler: [ 26.050ms][ui] GUARD: CameraApp onCreate() - [26.050ms] initializeTimeOfFirstRun
09-16 08:57:10.631  5910  5910 I CAM_Profiler: [ 47.649ms][ui] GUARD: CameraApp onCreate() - [18.009ms] clearNotifications
09-16 08:57:10.633  5910  5910 I CAM_Profiler: [ 47.649ms][ui] GUARD: CameraApp onCreate() - STOP
09-16 08:57:10.664  5910  5910 I CAM_DisableCamRcver: number of camera: 0
09-16 08:57:10.664  5910  5910 I CAM_DisableCamRcver: disable all camera activities
09-16 08:57:10.678  5381  5381 I AlarmClock: AlarmInitReceiver android.intent.action.BOOT_COMPLETED
09-16 08:57:10.796  5793  5793 D BluetoothEmailBroadcastReceiver: Received android.intent.action.BOOT_COMPLETED
09-16 08:57:10.820  3699  3798 I ActivityManager: Start proc 5930:com.android.gallery3d/u0a21 for broadcast com.android.gallery3d/com.android.camera.DisableCameraReceiver
09-16 08:57:10.828  5793  5929 I Email   : Onetime initialization: 1
09-16 08:57:10.832  5793  5929 I Email   : Onetime initialization: 2
09-16 08:57:10.845  5793  5929 I Email   : Onetime initialization: completed.
09-16 08:57:10.889  5761  5761 I Exchange: EasService.onCreate
09-16 08:57:10.916  5761  5945 I Exchange: RestartPingTask
09-16 08:57:10.992  5761  5761 I Exchange: RestartPingsTask did not start any pings.
09-16 08:57:10.992  5761  5761 I Exchange: PSS stopIfIdle
09-16 08:57:10.993  5761  5761 I Exchange: PSS has no active accounts; stopping service.
09-16 08:57:11.000  5793  5793 E ActivityThread: Service com.android.email.service.EmailBroadcastProcessorService has leaked ServiceConnection com.android.emailcommon.service.ServiceProxy$ProxyConnection@87d6254 that was originally bound here
09-16 08:57:11.000  5793  5793 E ActivityThread: android.app.ServiceConnectionLeaked: Service com.android.email.service.EmailBroadcastProcessorService has leaked ServiceConnection com.android.emailcommon.service.ServiceProxy$ProxyConnection@87d6254 that was originally bound here
09-16 08:57:11.000  5793  5793 E ActivityThread: 	at android.app.LoadedApk$ServiceDispatcher.<init>(LoadedApk.java:1336)
09-16 08:57:11.000  5793  5793 E ActivityThread: 	at android.app.LoadedApk.getServiceDispatcher(LoadedApk.java:1231)
09-16 08:57:11.000  5793  5793 E ActivityThread: 	at android.app.ContextImpl.bindServiceCommon(ContextImpl.java:1450)
09-16 08:57:11.000  5793  5793 E ActivityThread: 	at android.app.ContextImpl.bindService(ContextImpl.java:1422)
09-16 08:57:11.000  5793  5793 E ActivityThread: 	at android.content.ContextWrapper.bindService(ContextWrapper.java:636)
09-16 08:57:11.000  5793  5793 E ActivityThread: 	at com.android.emailcommon.service.ServiceProxy.setTask(ServiceProxy.java:238)
09-16 08:57:11.000  5793  5793 E ActivityThread: 	at com.android.emailcommon.service.ServiceProxy.test(ServiceProxy.java:283)
09-16 08:57:11.000  5793  5793 E ActivityThread: 	at com.android.email.service.EmailServiceUtils.isServiceAvailable(EmailServiceUtils.java:160)
09-16 08:57:11.000  5793  5793 E ActivityThread: 	at com.android.email.provider.AccountReconciler.reconcileAccountsInternal(AccountReconciler.java:171)
09-16 08:57:11.000  5793  5793 E ActivityThread: 	at com.android.email.provider.AccountReconciler.reconcileAccounts(AccountReconciler.java:115)
09-16 08:57:11.000  5793  5793 E ActivityThread: 	at com.android.email.service.EmailBroadcastProcessorService.reconcileAndStartServices(EmailBroadcastProcessorService.java:309)
09-16 08:57:11.000  5793  5793 E ActivityThread: 	at com.android.email.service.EmailBroadcastProcessorService.onBootCompleted(EmailBroadcastProcessorService.java:295)
09-16 08:57:11.000  5793  5793 E ActivityThread: 	at com.android.email.service.EmailBroadcastProcessorService.onHandleIntent(EmailBroadcastProcessorService.java:130)
09-16 08:57:11.000  5793  5793 E ActivityThread: 	at android.app.IntentService$ServiceHandler.handleMessage(IntentService.java:68)
09-16 08:57:11.000  5793  5793 E ActivityThread: 	at android.os.Handler.dispatchMessage(Handler.java:102)
09-16 08:57:11.000  5793  5793 E ActivityThread: 	at android.os.Looper.loop(Looper.java:154)
09-16 08:57:11.000  5793  5793 E ActivityThread: 	at android.os.HandlerThread.run(HandlerThread.java:61)
09-16 08:57:11.004  5761  5761 I Exchange: onDestroy
09-16 08:57:11.010  5793  5839 E EmailServiceProxy: RuntimeException when trying to unbind from service
09-16 08:57:11.010  5793  5839 E EmailServiceProxy: java.lang.IllegalArgumentException: Service not registered: com.android.emailcommon.service.ServiceProxy$ProxyConnection@87d6254
09-16 08:57:11.010  5793  5839 E EmailServiceProxy: 	at android.app.LoadedApk.forgetServiceDispatcher(LoadedApk.java:1289)
09-16 08:57:11.010  5793  5839 E EmailServiceProxy: 	at android.app.ContextImpl.unbindService(ContextImpl.java:1483)
09-16 08:57:11.010  5793  5839 E EmailServiceProxy: 	at android.content.ContextWrapper.unbindService(ContextWrapper.java:648)
09-16 08:57:11.010  5793  5839 E EmailServiceProxy: 	at com.android.emailcommon.service.ServiceProxy$ProxyConnection$1.doInBackground(ServiceProxy.java:175)
09-16 08:57:11.010  5793  5839 E EmailServiceProxy: 	at com.android.emailcommon.service.ServiceProxy$ProxyConnection$1.doInBackground(ServiceProxy.java:162)
09-16 08:57:11.010  5793  5839 E EmailServiceProxy: 	at android.os.AsyncTask$2.call(AsyncTask.java:305)
09-16 08:57:11.010  5793  5839 E EmailServiceProxy: 	at java.util.concurrent.FutureTask.run(FutureTask.java:237)
09-16 08:57:11.010  5793  5839 E EmailServiceProxy: 	at android.os.AsyncTask$SerialExecutor$1.run(AsyncTask.java:243)
09-16 08:57:11.010  5793  5839 E EmailServiceProxy: 	at java.util.concurrent.ThreadPoolExecutor.runWorker(ThreadPoolExecutor.java:1133)
09-16 08:57:11.010  5793  5839 E EmailServiceProxy: 	at java.util.concurrent.ThreadPoolExecutor$Worker.run(ThreadPoolExecutor.java:607)
09-16 08:57:11.010  5793  5839 E EmailServiceProxy: 	at java.lang.Thread.run(Thread.java:761)
09-16 08:57:11.057  5930  5930 I G:DisableCameraReceiver: no back camera
09-16 08:57:11.057  5930  5930 I G:DisableCameraReceiver: disable all camera activities
09-16 08:57:11.074  4901  4901 I SystemBroadcastReceiver: Boot has been completed
09-16 08:57:11.074  4901  4901 I SystemBroadcastReceiver: toggleAppIcon() : FLAG_SYSTEM = true
09-16 08:57:11.099  5947  5947 F libc    : CANNOT LINK EXECUTABLE "/system/bin/sensorhubservice": library "libsensorhubservice.so" not found
09-16 08:57:11.099  5947  5947 F libc    : Fatal signal 6 (SIGABRT), code -6 in tid 5947 (sensorhubservic)
09-16 08:57:11.100  3076  3076 W         : debuggerd: handling request: pid=5947 uid=1000 gid=1004 tid=5947
09-16 08:57:11.158  5948  5948 F DEBUG   : *** *** *** *** *** *** *** *** *** *** *** *** *** *** *** ***
09-16 08:57:11.158  5948  5948 F DEBUG   : LineageOS Version: '14.1-20170916-UNOFFICIAL-dream2lte'
09-16 08:57:11.158  5948  5948 F DEBUG   : Build fingerprint: 'samsung/dream2ltexx/dream2lte:7.0/NRD90M/G955FXXU1AQH3:user/release-keys'
09-16 08:57:11.158  5948  5948 F DEBUG   : Revision: '0'
09-16 08:57:11.158  5948  5948 F DEBUG   : ABI: 'arm64'
09-16 08:57:11.158  5948  5948 F DEBUG   : pid: 5947, tid: 5947, name: sensorhubservic  >>> /system/bin/sensorhubservice <<<
09-16 08:57:11.158  5948  5948 F DEBUG   : signal 6 (SIGABRT), code -6 (SI_TKILL), fault addr --------
09-16 08:57:11.158  5948  5948 F DEBUG   :     x0   0000000000000000  x1   000000000000173b  x2   0000000000000006  x3   0000000000000008
09-16 08:57:11.158  5948  5948 F DEBUG   :     x4   0000000000000008  x5   0000000000000060  x6   3f0f03003f0eff63  x7   7f7f7f7f7f7f7f7f
09-16 08:57:11.158  5948  5948 F DEBUG   :     x8   0000000000000083  x9   ffffffffffffffdf  x10  0000000000000000  x11  0000000000000001
09-16 08:57:11.159  5948  5948 F DEBUG   :     x12  ffffffffffffffff  x13  0000000000000000  x14  0000000000000000  x15  0005f08e51414646
09-16 08:57:11.159  5948  5948 F DEBUG   :     x16  0000007ff822d360  x17  0000007ff822d22f  x18  00000000ffffffff  x19  0000007f8c031b40
09-16 08:57:11.159  5948  5948 F DEBUG   :     x20  0000000000000006  x21  0000007f8c031a98  x22  0000000000000002  x23  0000007f8bf69010
09-16 08:57:11.159  5948  5948 F DEBUG   :     x24  0000000000000009  x25  0000007ff822dfc0  x26  0000007ff822e010  x27  0000007f8bf6e1b8
09-16 08:57:11.159  5948  5948 F DEBUG   :     x28  0000007f8bf6e010  x29  0000007ff822de30  x30  0000007f8bff1334
09-16 08:57:11.159  5948  5948 F DEBUG   :     sp   0000007ff822de10  pc   0000007f8bff1e64  pstate 0000000060000000
09-16 08:57:11.161  5948  5948 F DEBUG   : 
09-16 08:57:11.161  5948  5948 F DEBUG   : backtrace:
09-16 08:57:11.161  5948  5948 F DEBUG   :     #00 pc 0000000000075e64  /system/bin/linker64 (__dl_tgkill+8)
09-16 08:57:11.161  5948  5948 F DEBUG   :     #01 pc 0000000000075330  /system/bin/linker64 (__dl_pthread_kill+64)
09-16 08:57:11.162  5948  5948 F DEBUG   :     #02 pc 0000000000068e24  /system/bin/linker64 (__dl_raise+24)
09-16 08:57:11.162  5948  5948 F DEBUG   :     #03 pc 00000000000667f8  /system/bin/linker64 (__dl_abort+52)
09-16 08:57:11.162  5948  5948 F DEBUG   :     #04 pc 00000000000689ac  /system/bin/linker64 (__dl___libc_fatal+104)
09-16 08:57:11.162  5948  5948 F DEBUG   :     #05 pc 0000000000010e3c  /system/bin/linker64 (__dl__ZL29__linker_init_post_relocationR19KernelArgumentBlocky+6216)
09-16 08:57:11.162  5948  5948 F DEBUG   :     #06 pc 000000000000f554  /system/bin/linker64 (__dl___linker_init+528)
09-16 08:57:11.162  5948  5948 F DEBUG   :     #07 pc 0000000000006cd0  /system/bin/linker64 (_start+4)
09-16 08:57:11.166  3699  5046 I ActivityManager: Start proc 5949:com.android.messaging/u0a63 for broadcast com.android.messaging/.receiver.BootAndPackageReplacedReceiver
09-16 08:57:11.183  5947  5947 W sensorhubservic: type=1701 audit(0.0:165): auid=4294967295 uid=1000 gid=1004 ses=4294967295 subj=u:r:sensorhubservice:s0 exe="/system/bin/sensorhubservice" sig=6
09-16 08:57:11.188  3699  4928 W NativeCrashListener: Couldn't find ProcessRecord for pid 5947
09-16 08:57:11.193  3076  3076 W         : debuggerd: resuming target 5947
09-16 08:57:11.193  3076  3076 E         : debuggerd: failed to send signal 18 to target: No such process
09-16 08:57:11.198  3699  3805 I BootReceiver: Copying /data/tombstones/tombstone_01 to DropBox (SYSTEM_TOMBSTONE)
09-16 08:57:11.237  5949  5949 W System  : ClassLoader referenced unknown path: /system/app/messaging/lib/arm64
09-16 08:57:11.456  5949  5971 I MessagingApp: Upgrading shared prefs from -1 to 1
09-16 08:57:11.522  3699  5557 I ActivityManager: Start proc 5973:com.android.onetimeinitializer/u0a18 for broadcast com.android.onetimeinitializer/.OneTimeInitializerReceiver
09-16 08:57:11.559  5949  5949 I MessagingApp: Carrier config changed. Reloading MMS config.
09-16 08:57:11.600  5973  5973 W System  : ClassLoader referenced unknown path: /system/priv-app/OneTimeInitializer/lib/arm64
09-16 08:57:11.664  5949  5972 W MessagingApp: Rebuilt databases: reseting related state
09-16 08:57:11.668  5949  5971 W MessagingApp: canonicalizeMccMnc: invalid mccmnc:null ,null
09-16 08:57:11.684  5973  5973 V OneTimeInitializerRece: OneTimeInitializerReceiver.onReceive
09-16 08:57:11.690  3699  3799 D MmsServiceBroker: getCarrierConfigValues() by com.android.messaging
09-16 08:57:11.691  3699  3799 W MmsServiceBroker: MmsService not connected. Try connecting...
09-16 08:57:11.691  3699  3699 I MmsServiceBroker: Connecting to MmsService
09-16 08:57:11.692  3699  3699 W ContextImpl: Calling a method in the system process without a qualified user: android.app.ContextImpl.bindService:1421 com.android.server.MmsServiceBroker.tryConnecting:241 com.android.server.MmsServiceBroker.-wrap3:-1 com.android.server.MmsServiceBroker$1.handleMessage:83 android.os.Handler.dispatchMessage:102 
09-16 08:57:11.710  5058  5058 W System  : ClassLoader referenced unknown path: /system/priv-app/MmsService/lib/arm64
09-16 08:57:11.711  5058  5058 D ApplicationLoaders: ignored Vulkan layer search path /system/priv-app/MmsService/lib/arm64:/system/lib64:/vendor/lib64 for namespace 0x7f99cbd1d0
09-16 08:57:11.712  5949  5972 I MessagingAppDataModel: Fixup: Send failed - 0 Download failed - 0
09-16 08:57:11.732  5058  5058 D MmsService: onCreate
09-16 08:57:11.761  3699  3699 I MmsServiceBroker: MmsService connected
09-16 08:57:11.765  5058  5375 D MmsService: getCarrierConfigValues
09-16 08:57:11.765  5058  5375 I MmsService: mms config for sub 1: null
09-16 08:57:11.767  5949  5971 I MessagingApp: Carrier configs loaded: Bundle[{smsToMmsTextThreshold=-1, maxMessageTextSize=-1, recipientLimit=-1, maxImageHeight=480, maxMessageSize=307200, maxImageWidth=640, enabledMMS=true, enableMultipartSMS=true}] from resources+system for subId=1
09-16 08:57:11.771  5973  5992 I OneTimeInitializerServ: Updating to version 1.
09-16 08:57:11.781  5973  5992 E ActivityThread: Failed to find provider info for com.android.launcher2.settings
09-16 08:57:11.856  5949  5986 W MessagingApp: canonicalizeMccMnc: invalid mccmnc:null ,null
09-16 08:57:11.873  5949  5996 I MessagingAppDataModel: SyncMessagesAction: Starting batch for messages from -1 to 1505563031426 (message update limit = 80, message scan limit = 4000)
09-16 08:57:11.885  3699  5047 D MmsServiceBroker: getCarrierConfigValues() by com.android.messaging
09-16 08:57:11.885  5058  5376 D MmsService: getCarrierConfigValues
09-16 08:57:11.886  5058  5376 I MmsService: mms config for sub 1: null
09-16 08:57:11.896  5949  5986 I MessagingApp: Carrier configs loaded: Bundle[{smsToMmsTextThreshold=-1, maxMessageTextSize=-1, recipientLimit=-1, maxImageHeight=480, maxMessageSize=307200, maxImageWidth=640, enabledMMS=true, enableMultipartSMS=true}] from resources+system for subId=1
09-16 08:57:12.018  5949  5989 W MessagingApp: canonicalizeMccMnc: invalid mccmnc:null ,null
09-16 08:57:12.033  5058  5058 I MmsService: MmsConfigManager receiver action: android.intent.action.SIM_STATE_CHANGED
09-16 08:57:12.035  5058  5058 I MmsService: MmsConfigManager receiver action: android.telephony.action.CARRIER_CONFIG_CHANGED
09-16 08:57:12.038  5058  5999 I MmsService: MmsConfigManager loads in background mcc/mnc: 722/34
09-16 08:57:12.045  5058  6000 I MmsService: MmsConfigManager loads in background mcc/mnc: 722/34
09-16 08:57:12.045  5058  5058 V VvmBootCompletedRcvr: processing subId list
09-16 08:57:12.050  5058  6001 I MmsService: MmsConfigManager loads in background mcc/mnc: 722/34
09-16 08:57:12.061  3699  5553 D MmsServiceBroker: getCarrierConfigValues() by com.android.messaging
09-16 08:57:12.062  5058  5071 D MmsService: getCarrierConfigValues
09-16 08:57:12.062  5058  5071 I MmsService: mms config for sub 1: null
09-16 08:57:12.063  5949  5989 I MessagingApp: Carrier configs loaded: Bundle[{smsToMmsTextThreshold=-1, maxMessageTextSize=-1, recipientLimit=-1, maxImageHeight=480, maxMessageSize=307200, maxImageWidth=640, enabledMMS=true, enableMultipartSMS=true}] from resources+system for subId=1
09-16 08:57:12.070  5058  5058 V VvmBootCompletedRcvr: processing subId 1
09-16 08:57:12.080  5058  5058 D VvmSimChangeReceiver: visual voicemail not supported for carrier 72234 on subId 1
09-16 08:57:12.241  5673  5673 I BootCompletedReceiver: Boot complete, newly created contact database detected. Pref Time:  DB Time: 1505563025939
09-16 08:57:12.297  5673  5673 I ContactsProvider: onContactsDbCreated
09-16 08:57:12.380  5949  6002 I MessagingAppDataModel: SyncMessagesAction: All messages now in sync
09-16 08:57:12.407  3699  5534 I ActivityManager: Killing 5073:com.android.settings:CryptKeeper/1000 (adj 906): empty #17
09-16 08:57:12.451  3699  5534 D ActivityManager: cleanUpApplicationRecord -- 5073
09-16 08:57:12.510  5585  6004 I chatty  : uid=10009(com.android.providers.media) android.process.media expire 19 lines
09-16 08:57:12.525  3699  5038 I ActivityManager: Start proc 6009:com.cyanogenmod.trebuchet/u0a28 for broadcast com.cyanogenmod.trebuchet/com.android.launcher3.StartupReceiver
09-16 08:57:12.600  6009  6009 W System  : ClassLoader referenced unknown path: /system/priv-app/Trebuchet/lib/arm64
09-16 08:57:12.892  3699  5557 I ActivityManager: Killing 5562:com.android.keychain/1000 (adj 906): empty #17
09-16 08:57:12.922  3699  5047 D ActivityManager: cleanUpApplicationRecord -- 5562
09-16 08:57:12.931  5474  6029 D AudioFx-AudioOutputChangeListener: onAudioOutputChanged id: 2 type: 2 name: SM-G955F address:  [android.media.AudioDeviceInfo@f977b5c]
09-16 08:57:12.957  5474  5474 D AudioFxService: rebuilding presets due to preference upgrade from 0 to 4
09-16 08:57:12.980  3274  3274 D PermissionCache: checking android.permission.MODIFY_AUDIO_SETTINGS for uid=10003 => granted (1443 us)
09-16 08:57:12.981  3274  3274 D AudioSAEffect: EffectCreate start - session 0
09-16 08:57:12.981  3274  3274 D AudioSAEffect: EffectCreate - Allocating SessionNo 0 for SessionId 0
09-16 08:57:12.981  3274  3274 D AudioSAEffect: EffectCreate - This is the first effect in current sessionId 0 sessionNo 0
09-16 08:57:12.981  3274  3274 D AudioSAEffect: AudioSAEffect::AudioSAEffect ctor nPresets=10
09-16 08:57:12.982  3274  3274 D AudioSA : AudioSA::Init 
09-16 08:57:12.984  5474  5474 W Equalizer: WARNING: attaching an Equalizer to global output mix is deprecated!
09-16 08:57:12.990  3274  3274 D AudioSAEffect: EffectCreate start - session 0
09-16 08:57:12.990  3274  3274 D AudioSAEffect: EffectCreate - Allocating SessionNo 0 for SessionId 0
09-16 08:57:12.990  3274  3274 D AudioSAEffect: EffectCreate - Assigning memory for previously created effect on sessionNo 0
09-16 08:57:12.991  5474  5474 W BassBoost: WARNING: attaching a BassBoost to global output mix is deprecated!
09-16 08:57:12.993  3274  3274 D AudioSAEffect: EffectCreate start - session 0
09-16 08:57:12.993  3274  3274 D AudioSAEffect: EffectCreate - Allocating SessionNo 0 for SessionId 0
09-16 08:57:12.993  3274  3274 D AudioSAEffect: EffectCreate - Assigning memory for previously created effect on sessionNo 0
09-16 08:57:12.997  5474  5474 W Virtualizer: WARNING: attaching a Virtualizer to global output mix is deprecated!
09-16 08:57:12.998  3699  3798 I ActivityManager: Start proc 6034:org.cyanogenmod.profiles/u0a57 for broadcast org.cyanogenmod.profiles/.StartUpReceiver
09-16 08:57:13.061  3274  3274 D AudioSA : AudioSA::Close 
09-16 08:57:13.069  6034  6034 W System  : ClassLoader referenced unknown path: /system/app/Profiles/lib/arm64
09-16 08:57:13.123  5841  6048 D ReportingServiceManager: Next sync attempt in : 23 hours
09-16 08:57:13.195  3699  5536 I ActivityManager: Start proc 6054:org.lineageos.updater/u0a27 for broadcast org.lineageos.updater/.UpdatesCheckReceiver
09-16 08:57:13.204  3699  5536 I ActivityManager: Killing 5349:com.android.cellbroadcastreceiver/u0a8 (adj 906): empty #17
09-16 08:57:13.236  3699  5046 D ActivityManager: cleanUpApplicationRecord -- 5349
09-16 08:57:13.288  6054  6054 W System  : ClassLoader referenced unknown path: /system/priv-app/Updater/lib/arm64
09-16 08:57:13.407  6054  6054 D Utils   : Cleaning /data/lineageos_updates
09-16 08:57:13.440  3283  4997 E MetadataRetrieverClient: failed to extract an album art
09-16 08:57:13.463  5585  6004 W MediaProvider: Missing volume for /system/media/audio/alarms/Alarm_Beep_03.ogg; assuming invalid
09-16 08:57:13.475  5585  6004 W MediaProvider: Missing volume for /system/media/audio/alarms/Alarm_Buzzer.ogg; assuming invalid
09-16 08:57:13.486  5585  6004 W MediaProvider: Missing volume for /system/media/audio/alarms/Alarm_Rooster_02.ogg; assuming invalid
09-16 08:57:13.496  5585  6004 W MediaProvider: Missing volume for /system/media/audio/alarms/Argon.ogg; assuming invalid
09-16 08:57:13.507  5585  6004 W MediaProvider: Missing volume for /system/media/audio/alarms/Barium.ogg; assuming invalid
09-16 08:57:13.518  5585  6004 W MediaProvider: Missing volume for /system/media/audio/alarms/Carbon.ogg; assuming invalid
09-16 08:57:13.530  6054  6054 D UpdatesCheckReceiver: Setting daily updates check: Sun Sep 17 08:58:11 GMT-03:00 2017
09-16 08:57:13.531  5585  6004 W MediaProvider: Missing volume for /system/media/audio/alarms/CyanAlarm.ogg; assuming invalid
09-16 08:57:13.533  6054  6054 D UpdatesCheckReceiver: Network not available, scheduling new check
09-16 08:57:13.538  6054  6054 D UpdatesCheckReceiver: Setting one-shot updates check: Sat Sep 16 10:57:13 GMT-03:00 2017
09-16 08:57:13.547  3699  5046 I ActivityManager: Killing 5103:com.android.settings/1000 (adj 906): empty #17
09-16 08:57:13.584  5585  6004 W MediaProvider: Missing volume for /system/media/audio/alarms/Hassium.ogg; assuming invalid
09-16 08:57:13.620  3699  5047 D GraphicsStats: Buffer count: 2
09-16 08:57:13.622  3699  5534 D ActivityManager: cleanUpApplicationRecord -- 5103
09-16 08:57:13.647  5381  5381 I AlarmClock: Detected change to system default alarm ringtone; clearing caches
09-16 08:57:13.701  5058  5058 D VvmSimChangeReceiver: Carrier config changed
09-16 08:57:13.704  5585  6004 I MediaScanner: forcing rescan of /system/media/audio/alarms/Krypton.ogg since build fingerprint changed
09-16 08:57:13.713  5058  5058 D VvmSimChangeReceiver: visual voicemail not supported for carrier 72234 on subId 1
09-16 08:57:13.748  5585  6004 I MediaScanner: forcing rescan of /system/media/audio/alarms/Neon.ogg since build fingerprint changed
09-16 08:57:13.752  5058  5064 I art     : Do full code cache collection, code=498KB, data=459KB
09-16 08:57:13.753  5058  5064 I art     : Starting a blocking GC JitCodeCache
09-16 08:57:13.753  5058  5064 I art     : After code cache collection, code=454KB, data=381KB
09-16 08:57:13.796  5585  6004 I MediaScanner: forcing rescan of /system/media/audio/alarms/NuclearLaunch.ogg since build fingerprint changed
09-16 08:57:13.833  5585  6004 I MediaScanner: forcing rescan of /system/media/audio/alarms/Osmium.ogg since build fingerprint changed
09-16 08:57:13.838  5058  6073 D SIP     : [SipPreferences] isReceivingCallsEnabled, option not set; use default value, exception: android.provider.Settings$SettingNotFoundException: sip_receive_calls
09-16 08:57:13.887  5585  6004 I MediaScanner: forcing rescan of /system/media/audio/alarms/Platinum.ogg since build fingerprint changed
09-16 08:57:13.913  5585  6004 I MediaScanner: forcing rescan of /system/media/audio/alarms/Scandium.ogg since build fingerprint changed
09-16 08:57:13.934  5585  6004 I MediaScanner: forcing rescan of /system/media/audio/alarms/Timer.ogg since build fingerprint changed
09-16 08:57:13.964  5585  6004 I MediaScanner: forcing rescan of /system/media/audio/notifications/Adara.ogg since build fingerprint changed
09-16 08:57:13.983  5585  6004 I MediaScanner: forcing rescan of /system/media/audio/notifications/Aldebaran.ogg since build fingerprint changed
09-16 08:57:13.988  5775  5813 I GlobalDismissManager: no sender configured
09-16 08:57:13.991  5775  5813 D AlertService: Beginning updateAlertNotification
09-16 08:57:14.020  5585  6004 I MediaScanner: forcing rescan of /system/media/audio/notifications/Altair.ogg since build fingerprint changed
09-16 08:57:14.042  5775  5813 D AlertService: No fired or scheduled alerts
09-16 08:57:14.043  5585  6004 I MediaScanner: forcing rescan of /system/media/audio/notifications/Alya.ogg since build fingerprint changed
09-16 08:57:14.085  5585  6004 I MediaScanner: forcing rescan of /system/media/audio/notifications/Antares.ogg since build fingerprint changed
09-16 08:57:14.095  5775  5813 D AlertService: Scheduling next alarm with AlarmScheduler. sEventReminderReceived: null
09-16 08:57:14.103  5585  6004 I MediaScanner: forcing rescan of /system/media/audio/notifications/Antimony.ogg since build fingerprint changed
09-16 08:57:14.125  5585  6004 I MediaScanner: forcing rescan of /system/media/audio/notifications/Arcturus.ogg since build fingerprint changed
09-16 08:57:14.137  5775  5813 D AlarmScheduler: No events found starting within 1 week.
09-16 08:57:14.143  5585  6004 W MediaScanner: forcing rescan of /system/media/audio/notifications/Argon.oggsince ringtone setting didn't finish
09-16 08:57:14.146  5775  5813 D AlertService: 0 Action = android.intent.action.BOOT_COMPLETED
09-16 08:57:14.161  5775  5813 D AlertService: Scheduling next alarm with AlarmScheduler. sEventReminderReceived: null
09-16 08:57:14.164  5585  6004 W MediaProvider: Missing volume for /system/media/audio/notifications; assuming invalid
09-16 08:57:14.188  5775  5813 D AlarmScheduler: No events found starting within 1 week.
09-16 08:57:14.214  5585  6004 W MediaProvider: Missing volume for /system/media/audio/alarms/Krypton.ogg; assuming invalid
09-16 08:57:14.224  5585  6004 W MediaProvider: Missing volume for /system/media/audio/alarms/Neon.ogg; assuming invalid
09-16 08:57:14.235  5585  6004 W MediaProvider: Missing volume for /system/media/audio/alarms/NuclearLaunch.ogg; assuming invalid
09-16 08:57:14.245  5585  6004 W MediaProvider: Missing volume for /system/media/audio/alarms/Osmium.ogg; assuming invalid
09-16 08:57:14.255  5585  6004 W MediaProvider: Missing volume for /system/media/audio/alarms/Platinum.ogg; assuming invalid
09-16 08:57:14.266  5585  6004 W MediaProvider: Missing volume for /system/media/audio/alarms/Scandium.ogg; assuming invalid
09-16 08:57:14.276  5585  6004 W MediaProvider: Missing volume for /system/media/audio/alarms/Timer.ogg; assuming invalid
09-16 08:57:14.293  3283  3283 E MetadataRetrieverClient: failed to extract an album art
09-16 08:57:14.294  5585  6004 W MediaProvider: Missing volume for /system/media/audio/notifications/Adara.ogg; assuming invalid
09-16 08:57:14.309  5585  6004 W MediaProvider: Missing volume for /system/media/audio/notifications/Aldebaran.ogg; assuming invalid
09-16 08:57:14.319  5585  6004 W MediaProvider: Missing volume for /system/media/audio/notifications/Altair.ogg; assuming invalid
09-16 08:57:14.330  5585  6004 W MediaProvider: Missing volume for /system/media/audio/notifications/Alya.ogg; assuming invalid
09-16 08:57:14.340  5585  6004 W MediaProvider: Missing volume for /system/media/audio/notifications/Antares.ogg; assuming invalid
09-16 08:57:14.353  5585  6004 W MediaProvider: Missing volume for /system/media/audio/notifications/Antimony.ogg; assuming invalid
09-16 08:57:14.367  5585  6004 W MediaProvider: Missing volume for /system/media/audio/notifications/Arcturus.ogg; assuming invalid
09-16 08:57:14.386  5585  6004 W MediaProvider: Missing volume for /system/media/audio/notifications/Argon.ogg; assuming invalid
09-16 08:57:14.460  5585  6004 I MediaScanner: forcing rescan of /system/media/audio/notifications/Ariel.ogg since build fingerprint changed
09-16 08:57:14.482  5585  6004 I MediaScanner: forcing rescan of /system/media/audio/notifications/Beat_Box_Android.ogg since build fingerprint changed
09-16 08:57:14.498  5585  6004 I MediaScanner: forcing rescan of /system/media/audio/notifications/Bellatrix.ogg since build fingerprint changed
09-16 08:57:14.510  5585  6004 I MediaScanner: forcing rescan of /system/media/audio/notifications/Beryllium.ogg since build fingerprint changed
09-16 08:57:14.523  5585  6004 I MediaScanner: forcing rescan of /system/media/audio/notifications/Betelgeuse.ogg since build fingerprint changed
09-16 08:57:14.536  5585  6004 I MediaScanner: forcing rescan of /system/media/audio/notifications/CaffeineSnake.ogg since build fingerprint changed
09-16 08:57:14.549  5585  6004 I MediaScanner: forcing rescan of /system/media/audio/notifications/Canopus.ogg since build fingerprint changed
09-16 08:57:14.566  5585  6004 I MediaScanner: forcing rescan of /system/media/audio/notifications/Capella.ogg since build fingerprint changed
09-16 08:57:14.586  5585  6004 I MediaScanner: forcing rescan of /system/media/audio/notifications/Carme.ogg since build fingerprint changed
09-16 08:57:14.620  5841  5850 E StrictMode: A resource was acquired at attached stack trace but never released. See java.io.Closeable for information on avoiding resource leaks.
09-16 08:57:14.620  5841  5850 E StrictMode: java.lang.Throwable: Explicit termination method 'close' not called
09-16 08:57:14.620  5841  5850 E StrictMode: 	at dalvik.system.CloseGuard.open(CloseGuard.java:180)
09-16 08:57:14.620  5841  5850 E StrictMode: 	at java.io.FileOutputStream.<init>(FileOutputStream.java:222)
09-16 08:57:14.620  5841  5850 E StrictMode: 	at java.io.FileOutputStream.<init>(FileOutputStream.java:169)
