11-13 20:11:32.976  5948  5988 I MessagingApp: Carrier configs loaded: Bundle[{httpSocketTimeout=60000, aliasMinChars=2, smsToMmsTextThreshold=-1, enableSMSDeliveryReports=true, maxMessageTextSize=-1, supportMmsContentDisposition=true, enabledTransID=false, aliasEnabled=false, supportHttpCharsetHeader=false, allowAttachAudio=true, smsToMmsTextLengthThreshold=-1, recipientLimit=2147483647, uaProfTagName=x-wap-profile, aliasMaxChars=48, maxImageHeight=480, enableMMSDeliveryReports=false, userAgent=, mmsCloseConnection=false, config_cellBroadcastAppLinks=true, maxSubjectLength=40, httpParams=, enableGroupMms=true, emailGatewayNumber=, maxMessageSize=307200, naiSuffix=, enableMMSReadReports=false, maxImageWidth=640, uaProfUrl=, enabledMMS=true, enabledNotifyWapMMSC=false, sendMultipartSmsAsSeparateMessages=false, enableMultipartSMS=true}] from resources+system for subId=1
11-13 20:11:32.980  3172  3309 I audio_hw_primary: select_devices(): out_device 0x2, input_source 0, output_route media-speaker, input_route none
11-13 20:11:32.980  3172  3309 I audio_hw_primary: fast_out-out_write: Transit to Idle
11-13 20:11:32.980  3172  3309 I audio_hw_primary: fast_out-out_write: Transit to Playing
11-13 20:11:32.980  5968  5990 E ActivityThread: Failed to find provider info for com.android.launcher2.settings
11-13 20:11:33.003  5948  5967 W MessagingApp: Rebuilt databases: reseting related state
11-13 20:11:33.010  5701  5701 I BootCompletedReceiver: Boot complete, newly created contact database detected. Pref Time:  DB Time: 1510614689718
11-13 20:11:33.048  5701  5701 I ContactsProvider: onContactsDbCreated
11-13 20:11:33.051  5948  5967 I MessagingAppDataModel: Fixup: Send failed - 0 Download failed - 0
11-13 20:11:33.069  4772  4856 I vol.Events: writeEvent level_changed STREAM_RING 4
11-13 20:11:33.069  4772  4856 I vol.Events: writeEvent key STREAM_RING 4
11-13 20:11:33.069  4772  4856 I vol.Events: writeEvent level_changed STREAM_SYSTEM 4
11-13 20:11:33.118  3612  4872 I ActivityManager: Start proc 5999:com.cyanogenmod.trebuchet/u0a28 for broadcast com.cyanogenmod.trebuchet/com.android.launcher3.StartupReceiver
11-13 20:11:33.126  5435  5435 D MtpService: starting MTP server in MTP mode
11-13 20:11:33.126  5948  6013 I MessagingAppDataModel: SyncMessagesAction: Starting batch for messages from -1 to 1510614692871 (message update limit = 80, message scan limit = 4000)
11-13 20:11:33.153  5999  5999 W System  : ClassLoader referenced unknown path: /system/priv-app/Trebuchet/lib/arm64
11-13 20:11:33.213  5948  6018 I MessagingAppDataModel: SyncMessagesAction: All messages now in sync
11-13 20:11:33.240  3612  4874 I ActivityManager: Killing 4934:com.android.settings:CryptKeeper/1000 (adj 906): empty #17
11-13 20:11:33.246  5482  6022 D AudioFx-AudioOutputChangeListener: onAudioOutputChanged id: 2 type: 2 name: SM-G955F address:  [android.media.AudioDeviceInfo@c4ae936]
11-13 20:11:33.250  5482  5482 D AudioFxService: rebuilding presets due to preference upgrade from 0 to 4
11-13 20:11:33.257  3172  3340 D PermissionCache: checking android.permission.MODIFY_AUDIO_SETTINGS for uid=10003 => granted (407 us)
11-13 20:11:33.257  3172  3340 W AudioFlinger: createEffect() effect not found
11-13 20:11:33.257  5482  5482 E AudioEffect: set(): AudioFlinger could not create effect, status: -22
11-13 20:11:33.257  5482  5482 E AudioEffects-JNI: AudioEffect initCheck failed -3
11-13 20:11:33.257  5482  5482 E AudioEffect-JAVA: Error code -3 when initializing AudioEffect.
11-13 20:11:33.257  5482  5482 E AudioFx-EffectSet: error creatingEffectSet (AndroidEffects) [  mSessionId: 0 mDeviceInfo: null mGlobalEnabled: false ], releasing and throwing!
11-13 20:11:33.264  5482  5482 E AudioFxService: Failed to initialize defaults!
11-13 20:11:33.264  5482  5482 E AudioFxService: java.lang.RuntimeException: Cannot initialize effect engine for type: 0bed4300-ddd6-11db-8f34-0002a5d5c51b Error: -3
11-13 20:11:33.264  5482  5482 E AudioFxService: 	at android.media.audiofx.AudioEffect.<init>(AudioEffect.java:411)
11-13 20:11:33.264  5482  5482 E AudioFxService: 	at android.media.audiofx.Equalizer.<init>(Equalizer.java:139)
11-13 20:11:33.264  5482  5482 E AudioFxService: 	at org.cyanogenmod.audiofx.backends.EffectSetWithAndroidEq.onCreate(EffectSetWithAndroidEq.java:39)
11-13 20:11:33.264  5482  5482 E AudioFxService: 	at org.cyanogenmod.audiofx.backends.AndroidEffects.onCreate(AndroidEffects.java:53)
11-13 20:11:33.264  5482  5482 E AudioFxService: 	at org.cyanogenmod.audiofx.backends.EffectSet.<init>(EffectSet.java:41)
11-13 20:11:33.264  5482  5482 E AudioFxService: 	at org.cyanogenmod.audiofx.backends.EffectSetWithAndroidEq.<init>(EffectSetWithAndroidEq.java:34)
11-13 20:11:33.264  5482  5482 E AudioFxService: 	at org.cyanogenmod.audiofx.backends.AndroidEffects.<init>(AndroidEffects.java:48)
11-13 20:11:33.264  5482  5482 E AudioFxService: 	at org.cyanogenmod.audiofx.backends.EffectsFactory.createEffectSet(EffectsFactory.java:22)
11-13 20:11:33.264  5482  5482 E AudioFxService: 	at org.cyanogenmod.audiofx.service.DevicePreferenceManager.saveAndApplyDefaults(DevicePreferenceManager.java:141)
11-13 20:11:33.264  5482  5482 E AudioFxService: 	at org.cyanogenmod.audiofx.service.DevicePreferenceManager.initDefaults(DevicePreferenceManager.java:81)
11-13 20:11:33.264  5482  5482 E AudioFxService: 	at org.cyanogenmod.audiofx.service.AudioFxService.onCreate(AudioFxService.java:143)
11-13 20:11:33.264  5482  5482 E AudioFxService: 	at android.app.ActivityThread.handleCreateService(ActivityThread.java:3216)
11-13 20:11:33.264  5482  5482 E AudioFxService: 	at android.app.ActivityThread.-wrap5(ActivityThread.java)
11-13 20:11:33.264  5482  5482 E AudioFxService: 	at android.app.ActivityThread$H.handleMessage(ActivityThread.java:1586)
11-13 20:11:33.264  5482  5482 E AudioFxService: 	at android.os.Handler.dispatchMessage(Handler.java:102)
11-13 20:11:33.264  5482  5482 E AudioFxService: 	at android.os.Looper.loop(Looper.java:154)
11-13 20:11:33.264  5482  5482 E AudioFxService: 	at android.app.ActivityThread.main(ActivityThread.java:6186)
11-13 20:11:33.264  5482  5482 E AudioFxService: 	at java.lang.reflect.Method.invoke(Native Method)
11-13 20:11:33.264  5482  5482 E AudioFxService: 	at com.android.internal.os.ZygoteInit$MethodAndArgsCaller.run(ZygoteInit.java:889)
11-13 20:11:33.264  5482  5482 E AudioFxService: 	at com.android.internal.os.ZygoteInit.main(ZygoteInit.java:779)
11-13 20:11:33.266  3612  5561 I ActivityManager: Start proc 6026:org.cyanogenmod.profiles/u0a56 for broadcast org.cyanogenmod.profiles/.StartUpReceiver
11-13 20:11:33.272  3612  4795 D ActivityManager: cleanUpApplicationRecord -- 4934
11-13 20:11:33.283  6043  6043 I IntentService[R: type=1400 audit(0.0:279): avc: denied { remove_name } for name="CMStats.xml" dev="sda24" ino=3121341 scontext=u:r:system_app:s0 tcontext=u:object_r:system_data_file:s0 tclass=dir permissive=1
11-13 20:11:33.283  6043  6043 I IntentService[R: type=1400 audit(0.0:279): avc: denied { rename } for name="CMStats.xml" dev="sda24" ino=3121341 scontext=u:r:system_app:s0 tcontext=u:object_r:system_data_file:s0 tclass=file permissive=1
11-13 20:11:33.283  6043  6043 W IntentService[R: type=1300 audit(0.0:279): arch=c00000b7 syscall=38 success=yes exit=0 a0=ffffff9c a1=7f8aae7930 a2=ffffff9c a3=7f8aae7980 items=0 ppid=3170 auid=4294967295 uid=1000 gid=1000 euid=1000 suid=1000 fsuid=1000 egid=1000 sgid=1000 fsgid=1000 tty=(none) ses=4294967295 exe="/system/bin/app_process64" subj=u:r:system_app:s0 key=(null)
11-13 20:11:33.283  3076  3076 W auditd  : type=1327 audit(0.0:279): proctitle="org.cyanogenmod.cmparts"
11-13 20:11:33.283  3076  3076 W auditd  : type=1320 audit(0.0:279): 
11-13 20:11:33.287  6043  6043 I IntentService[R: type=1400 audit(0.0:280): avc: denied { unlink } for name="CMStats.xml.bak" dev="sda24" ino=3121341 scontext=u:r:system_app:s0 tcontext=u:object_r:system_data_file:s0 tclass=file permissive=1
11-13 20:11:33.287  6043  6043 W IntentService[R: type=1300 audit(0.0:280): arch=c00000b7 syscall=35 success=yes exit=0 a0=ffffff9c a1=7f8aae7930 a2=0 a3=100 items=0 ppid=3170 auid=4294967295 uid=1000 gid=1000 euid=1000 suid=1000 fsuid=1000 egid=1000 sgid=1000 fsgid=1000 tty=(none) ses=4294967295 exe="/system/bin/app_process64" subj=u:r:system_app:s0 key=(null)
11-13 20:11:33.287  3076  3076 W auditd  : type=1327 audit(0.0:280): proctitle="org.cyanogenmod.cmparts"
11-13 20:11:33.287  3076  3076 W auditd  : type=1320 audit(0.0:280): 
11-13 20:11:33.287  6026  6026 W System  : ClassLoader referenced unknown path: /system/app/Profiles/lib/arm64
11-13 20:11:33.291  6026  6026 I genmod.profiles: type=1400 audit(0.0:281): avc: denied { create } for name="code_cache" scontext=u:r:platform_app:s0:c512,c768 tcontext=u:object_r:system_data_file:s0:c512,c768 tclass=dir permissive=1
11-13 20:11:33.291  6026  6026 W genmod.profiles: type=1300 audit(0.0:281): arch=c00000b7 syscall=34 success=yes exit=0 a0=ffffff9c a1=7f8ab4ef40 a2=1f9 a3=33 items=0 ppid=3170 auid=4294967295 uid=10056 gid=10056 euid=10056 suid=10056 fsuid=10056 egid=10056 sgid=10056 fsgid=10056 tty=(none) ses=4294967295 exe="/system/bin/app_process64" subj=u:r:platform_app:s0:c512,c768 key=(null)
11-13 20:11:33.291  3076  3076 W auditd  : type=1327 audit(0.0:281): proctitle="org.cyanogenmod.profiles"
11-13 20:11:33.291  3076  3076 W auditd  : type=1320 audit(0.0:281): 
11-13 20:11:33.291  6026  6026 I genmod.profiles: type=1400 audit(0.0:282): avc: denied { setattr } for name="code_cache" dev="sda24" ino=3121341 scontext=u:r:platform_app:s0:c512,c768 tcontext=u:object_r:system_data_file:s0:c512,c768 tclass=dir permissive=1
11-13 20:11:33.291  6026  6026 W genmod.profiles: type=1300 audit(0.0:282): arch=c00000b7 syscall=53 success=yes exit=0 a0=ffffff9c a1=7f8ab4ef80 a2=1f9 a3=0 items=0 ppid=3170 auid=4294967295 uid=10056 gid=10056 euid=10056 suid=10056 fsuid=10056 egid=10056 sgid=10056 fsgid=10056 tty=(none) ses=4294967295 exe="/system/bin/app_process64" subj=u:r:platform_app:s0:c512,c768 key=(null)
11-13 20:11:33.291  3076  3076 W auditd  : type=1327 audit(0.0:282): proctitle="org.cyanogenmod.profiles"
11-13 20:11:33.291  3076  3076 W auditd  : type=1320 audit(0.0:282): 
11-13 20:11:33.294  5848  6043 D ReportingServiceManager: Next sync attempt in : 23 hours
11-13 20:11:33.316  3612  5836 I ActivityManager: Start proc 6047:org.lineageos.updater/u0a29 for broadcast org.lineageos.updater/.UpdatesCheckReceiver
11-13 20:11:33.317  3612  5836 I ActivityManager: Killing 5551:com.android.keychain/1000 (adj 906): empty #17
11-13 20:11:33.334  6047  6047 W System  : ClassLoader referenced unknown path: /system/priv-app/Updater/lib/arm64
11-13 20:11:33.339  6047  6047 I neageos.updater: type=1400 audit(0.0:283): avc: denied { create } for name="code_cache" scontext=u:r:priv_app:s0:c512,c768 tcontext=u:object_r:system_data_file:s0:c512,c768 tclass=dir permissive=1
11-13 20:11:33.339  6047  6047 W neageos.updater: type=1300 audit(0.0:283): arch=c00000b7 syscall=34 success=yes exit=0 a0=ffffff9c a1=7f8ab9f880 a2=1f9 a3=30 items=0 ppid=3170 auid=4294967295 uid=10029 gid=10029 euid=10029 suid=10029 fsuid=10029 egid=10029 sgid=10029 fsgid=10029 tty=(none) ses=4294967295 exe="/system/bin/app_process64" subj=u:r:priv_app:s0:c512,c768 key=(null)
11-13 20:11:33.339  3076  3076 W auditd  : type=1327 audit(0.0:283): proctitle="org.lineageos.updater"
11-13 20:11:33.348  3612  3671 D ActivityManager: cleanUpApplicationRecord -- 5551
11-13 20:11:33.359  6047  6047 D Utils   : Cleaning /data/lineageos_updates
11-13 20:11:33.394  6047  6047 D UpdatesCheckReceiver: Setting daily updates check: Tue Nov 14 20:12:50 GMT-03:00 2017
11-13 20:11:33.395  6047  6047 D UpdatesCheckReceiver: Network not available, scheduling new check
11-13 20:11:33.397  6047  6047 D UpdatesCheckReceiver: Setting one-shot updates check: Mon Nov 13 22:11:33 GMT-03:00 2017
11-13 20:11:33.398  3612  5836 I ActivityManager: Killing 5280:com.android.cellbroadcastreceiver/u0a8 (adj 906): empty #17
11-13 20:11:33.400  4921  4921 D VvmSimChangeReceiver: Carrier config changed
11-13 20:11:33.402  4921  4921 D VvmSimChangeReceiver: visual voicemail not supported for carrier 72234 on subId 1
11-13 20:11:33.421  3612  5836 D ActivityManager: cleanUpApplicationRecord -- 5280
11-13 20:11:33.427  4921  6065 D SIP     : [SipPreferences] isReceivingCallsEnabled, option not set; use default value, exception: android.provider.Settings$SettingNotFoundException: sip_receive_calls
11-13 20:11:33.677  3612  5450 D AlarmManagerService: Kernel timezone updated to 180 minutes west of GMT
11-13 20:11:33.692  3612  3673 I ActivityManager: Start proc 6067:com.android.cellbroadcastreceiver/u0a8 for broadcast com.android.cellbroadcastreceiver/.CellBroadcastReceiver
11-13 20:11:33.710  6067  6067 W System  : ClassLoader referenced unknown path: /system/priv-app/CellBroadcastReceiver/lib/arm64
11-13 20:11:33.733  6067  6067 D CellBroadcastReceiver: onReceive Intent { act=android.intent.action.SERVICE_STATE flg=0x10 cmp=com.android.cellbroadcastreceiver/.CellBroadcastReceiver (has extras) }
11-13 20:11:33.733  6067  6067 D CellBroadcastReceiver: Intent: android.intent.action.SERVICE_STATE
11-13 20:11:33.734  6067  6067 D CellBroadcastReceiver: Service state changed! 0 Full: 0 0 voice home data home PERSONAL AR TP 72234 PERSONAL AR TP 72234  UMTS HSPAP CSS not supported -1 -1 RoamInd=-1 DefRoamInd=-1 EmergOnly=false IsDataRoamingFromRegistration=false IsUsingCarrierAggregation=false Current state=-1
11-13 20:11:33.735  6067  6067 D CellBroadcastReceiver: Start Cell Broadcast configuration.
11-13 20:11:33.741  6067  6084 D CellBroadcastConfigService: Enable CellBroadcast on sub 1
11-13 20:11:33.755  4921  5303 D IccSmsInterfaceManager: [IccSmsInterfaceManager] Calling setCdmaBroadcastConfig with 1 configurations
11-13 20:11:33.756  4921  5303 D IccSmsInterfaceManager: [IccSmsInterfaceManager] Failed to add cdma broadcast subscription for MID range 4096 to 4096 from client com.android.cellbroadcastreceiver
11-13 20:11:33.759  4921  4951 D IccSmsInterfaceManager: [IccSmsInterfaceManager] Calling setCdmaBroadcastConfig with 1 configurations
11-13 20:11:33.760  4921  4951 D IccSmsInterfaceManager: [IccSmsInterfaceManager] Failed to add cdma broadcast subscription for MID range 4097 to 4097 from client com.android.cellbroadcastreceiver
11-13 20:11:33.763  4921  5310 D IccSmsInterfaceManager: [IccSmsInterfaceManager] Calling setCdmaBroadcastConfig with 1 configurations
11-13 20:11:33.765  4921  5310 D IccSmsInterfaceManager: [IccSmsInterfaceManager] Failed to add cdma broadcast subscription for MID range 4098 to 4098 from client com.android.cellbroadcastreceiver
11-13 20:11:33.767  4921  5303 D IccSmsInterfaceManager: [IccSmsInterfaceManager] Calling setCdmaBroadcastConfig with 1 configurations
11-13 20:11:33.768  4921  5303 D IccSmsInterfaceManager: [IccSmsInterfaceManager] Failed to add cdma broadcast subscription for MID range 4099 to 4099 from client com.android.cellbroadcastreceiver
11-13 20:11:33.771  4921  4951 D IccSmsInterfaceManager: [IccSmsInterfaceManager] Failed to remove cdma broadcast subscription for MID range 4100 to 4100 from client com.android.cellbroadcastreceiver
11-13 20:11:33.774  4921  5310 D IccSmsInterfaceManager: [IccSmsInterfaceManager] Calling setGsmBroadcastConfig with 1 configurations
11-13 20:11:33.780  4921  5310 D IccSmsInterfaceManager: [IccSmsInterfaceManager] Added GSM cell broadcast subscription for MID range 4352 to 4354 from client com.android.cellbroadcastreceiver
11-13 20:11:33.780  4921  5310 D IccSmsInterfaceManager: [IccSmsInterfaceManager] Calling setCellBroadcastActivation(true)
11-13 20:11:33.785  4921  5303 D IccSmsInterfaceManager: [IccSmsInterfaceManager] Calling setGsmBroadcastConfig with 2 configurations
11-13 20:11:33.791  4921  5303 D IccSmsInterfaceManager: [IccSmsInterfaceManager] Added GSM cell broadcast subscription for MID range 4356 to 4356 from client com.android.cellbroadcastreceiver
11-13 20:11:33.792  4921  5303 D IccSmsInterfaceManager: [IccSmsInterfaceManager] Calling setCellBroadcastActivation(true)
11-13 20:11:33.796  4921  4951 D IccSmsInterfaceManager: [IccSmsInterfaceManager] Failed to remove GSM cell broadcast subscription for MID range 4355 to 4355 from client com.android.cellbroadcastreceiver
11-13 20:11:33.799  4921  5310 D IccSmsInterfaceManager: [IccSmsInterfaceManager] Calling setGsmBroadcastConfig with 3 configurations
11-13 20:11:33.806  4921  5310 D IccSmsInterfaceManager: [IccSmsInterfaceManager] Added GSM cell broadcast subscription for MID range 4370 to 4370 from client com.android.cellbroadcastreceiver
11-13 20:11:33.806  4921  5310 D IccSmsInterfaceManager: [IccSmsInterfaceManager] Calling setCellBroadcastActivation(true)
11-13 20:11:33.810  4921  5303 D IccSmsInterfaceManager: [IccSmsInterfaceManager] Calling setGsmBroadcastConfig with 4 configurations
11-13 20:11:33.817  4921  5303 D IccSmsInterfaceManager: [IccSmsInterfaceManager] Added GSM cell broadcast subscription for MID range 4371 to 4372 from client com.android.cellbroadcastreceiver
11-13 20:11:33.817  4921  5303 D IccSmsInterfaceManager: [IccSmsInterfaceManager] Calling setCellBroadcastActivation(true)
11-13 20:11:33.821  4921  4951 D IccSmsInterfaceManager: [IccSmsInterfaceManager] Calling setGsmBroadcastConfig with 4 configurations
11-13 20:11:33.827  4921  4951 D IccSmsInterfaceManager: [IccSmsInterfaceManager] Added GSM cell broadcast subscription for MID range 4373 to 4378 from client com.android.cellbroadcastreceiver
11-13 20:11:33.827  4921  4951 D IccSmsInterfaceManager: [IccSmsInterfaceManager] Calling setCellBroadcastActivation(true)
11-13 20:11:33.831  4921  5310 D IccSmsInterfaceManager: [IccSmsInterfaceManager] Calling setGsmBroadcastConfig with 4 configurations
11-13 20:11:33.838  4921  5310 D IccSmsInterfaceManager: [IccSmsInterfaceManager] Added GSM cell broadcast subscription for MID range 4379 to 4379 from client com.android.cellbroadcastreceiver
11-13 20:11:33.838  4921  5310 D IccSmsInterfaceManager: [IccSmsInterfaceManager] Calling setCellBroadcastActivation(true)
11-13 20:11:33.842  4921  5303 D IccSmsInterfaceManager: [IccSmsInterfaceManager] Failed to remove GSM cell broadcast subscription for MID range 4380 to 4382 from client com.android.cellbroadcastreceiver
11-13 20:11:33.845  4921  4951 D IccSmsInterfaceManager: [IccSmsInterfaceManager] Calling setGsmBroadcastConfig with 4 configurations
11-13 20:11:33.853  4921  4951 D IccSmsInterfaceManager: [IccSmsInterfaceManager] Added GSM cell broadcast subscription for MID range 4383 to 4383 from client com.android.cellbroadcastreceiver
11-13 20:11:33.853  4921  4951 D IccSmsInterfaceManager: [IccSmsInterfaceManager] Calling setCellBroadcastActivation(true)
11-13 20:11:33.857  4921  5310 D IccSmsInterfaceManager: [IccSmsInterfaceManager] Calling setGsmBroadcastConfig with 5 configurations
11-13 20:11:33.864  4921  5310 D IccSmsInterfaceManager: [IccSmsInterfaceManager] Added GSM cell broadcast subscription for MID range 4384 to 4385 from client com.android.cellbroadcastreceiver
11-13 20:11:33.865  4921  5310 D IccSmsInterfaceManager: [IccSmsInterfaceManager] Calling setCellBroadcastActivation(true)
11-13 20:11:33.869  4921  5303 D IccSmsInterfaceManager: [IccSmsInterfaceManager] Calling setGsmBroadcastConfig with 5 configurations
11-13 20:11:33.876  4921  5303 D IccSmsInterfaceManager: [IccSmsInterfaceManager] Added GSM cell broadcast subscription for MID range 4386 to 4391 from client com.android.cellbroadcastreceiver
11-13 20:11:33.877  4921  5303 D IccSmsInterfaceManager: [IccSmsInterfaceManager] Calling setCellBroadcastActivation(true)
11-13 20:11:33.881  4921  4951 D IccSmsInterfaceManager: [IccSmsInterfaceManager] Calling setGsmBroadcastConfig with 5 configurations
11-13 20:11:33.889  4921  4951 D IccSmsInterfaceManager: [IccSmsInterfaceManager] Added GSM cell broadcast subscription for MID range 4392 to 4392 from client com.android.cellbroadcastreceiver
11-13 20:11:33.889  4921  4951 D IccSmsInterfaceManager: [IccSmsInterfaceManager] Calling setCellBroadcastActivation(true)
11-13 20:11:33.894  4921  5310 D IccSmsInterfaceManager: [IccSmsInterfaceManager] Failed to remove GSM cell broadcast subscription for MID range 4393 to 4395 from client com.android.cellbroadcastreceiver
11-13 20:11:33.897  4921  5303 D IccSmsInterfaceManager: [IccSmsInterfaceManager] Calling setGsmBroadcastConfig with 5 configurations
11-13 20:11:33.904  4921  5303 D IccSmsInterfaceManager: [IccSmsInterfaceManager] Added GSM cell broadcast subscription for MID range 50 to 50 from client com.android.cellbroadcastreceiver
11-13 20:11:33.904  4921  5303 D IccSmsInterfaceManager: [IccSmsInterfaceManager] Calling setCellBroadcastActivation(true)
11-13 20:11:33.909  4921  4951 D IccSmsInterfaceManager: [IccSmsInterfaceManager] Calling setGsmBroadcastConfig with 6 configurations
11-13 20:11:33.915  4921  4951 D IccSmsInterfaceManager: [IccSmsInterfaceManager] Added GSM cell broadcast subscription for MID range 60 to 60 from client com.android.cellbroadcastreceiver
11-13 20:11:33.915  4921  4951 D IccSmsInterfaceManager: [IccSmsInterfaceManager] Calling setCellBroadcastActivation(true)
11-13 20:11:33.919  6067  6084 D CellBroadcastOtherChannelsManager: No additional channels configured. subId = 1
11-13 20:11:33.921  3612  4872 I ActivityManager: Killing 4989:com.android.settings/1000 (adj 906): empty #17
11-13 20:11:33.975  3612  5561 D GraphicsStats: Buffer count: 2
11-13 20:11:33.975  3612  3670 D ActivityManager: cleanUpApplicationRecord -- 4989
11-13 20:11:33.980  3172  3308 E audio_hw_primary: fast_out-out_write: pcm_write failed, card_device 0, error cannot write stream data: I/O error
11-13 20:11:33.990  3172  3308 E audio_hw_primary: fast_out-out_write: pcm_write failed, card_device 0, error cannot prepare channel: Device or resource busy
11-13 20:11:34.000  3172  3308 E audio_hw_primary: fast_out-out_write: pcm_write failed, card_device 0, error cannot prepare channel: Device or resource busy
11-13 20:11:34.010  3172  3308 E audio_hw_primary: fast_out-out_write: pcm_write failed, card_device 0, error cannot prepare channel: Device or resource busy
11-13 20:11:34.021  3172  3308 E audio_hw_primary: fast_out-out_write: pcm_write failed, card_device 0, error cannot prepare channel: Device or resource busy
11-13 20:11:34.031  3172  3308 E audio_hw_primary: fast_out-out_write: pcm_write failed, card_device 0, error cannot prepare channel: Device or resource busy
11-13 20:11:34.032  3172  3309 W AudioFlinger: write blocked for 963 msecs, 1 delayed writes, thread 0xf61833c0
11-13 20:11:34.032  4772  4856 I vol.Events: writeEvent level_changed STREAM_SYSTEM 5
11-13 20:11:34.033  4772  4856 I vol.Events: writeEvent level_changed STREAM_RING 6
11-13 20:11:34.033  4772  4856 I vol.Events: writeEvent key STREAM_RING 6
11-13 20:11:34.033  4772  4856 I vol.Events: writeEvent level_changed STREAM_RING 5
11-13 20:11:34.034  4772  4856 I vol.Events: writeEvent level_changed STREAM_RING 6
11-13 20:11:34.034  4772  4856 I vol.Events: writeEvent key STREAM_RING 6
11-13 20:11:34.034  4772  4856 I vol.Events: writeEvent level_changed STREAM_SYSTEM 6
11-13 20:11:34.041  3172  3308 E audio_hw_primary: fast_out-out_write: pcm_write failed, card_device 0, error cannot prepare channel: Device or resource busy
11-13 20:11:34.052  3172  3308 E audio_hw_primary: fast_out-out_write: pcm_write failed, card_device 0, error cannot prepare channel: Device or resource busy
11-13 20:11:34.062  3172  3308 E audio_hw_primary: fast_out-out_write: pcm_write failed, card_device 0, error cannot prepare channel: Device or resource busy
11-13 20:11:34.072  3172  3308 E audio_hw_primary: fast_out-out_write: pcm_write failed, card_device 0, error cannot prepare channel: Device or resource busy
11-13 20:11:34.083  3172  3308 E audio_hw_primary: fast_out-out_write: pcm_write failed, card_device 0, error cannot prepare channel: Device or resource busy
11-13 20:11:34.093  3172  3308 E audio_hw_primary: fast_out-out_write: pcm_write failed, card_device 0, error cannot prepare channel: Device or resource busy
11-13 20:11:34.103  3172  3308 E audio_hw_primary: fast_out-out_write: pcm_write failed, card_device 0, error cannot prepare channel: Device or resource busy
11-13 20:11:34.113  3172  3308 E audio_hw_primary: fast_out-out_write: pcm_write failed, card_device 0, error cannot prepare channel: Device or resource busy
11-13 20:11:34.124  3172  3308 E audio_hw_primary: fast_out-out_write: pcm_write failed, card_device 0, error cannot prepare channel: Device or resource busy
11-13 20:11:34.134  3172  3308 E audio_hw_primary: fast_out-out_write: pcm_write failed, card_device 0, error cannot prepare channel: Device or resource busy
11-13 20:11:34.144  3172  3308 E audio_hw_primary: fast_out-out_write: pcm_write failed, card_device 0, error cannot prepare channel: Device or resource busy
11-13 20:11:34.154  3172  3308 E audio_hw_primary: fast_out-out_write: pcm_write failed, card_device 0, error cannot prepare channel: Device or resource busy
11-13 20:11:34.165  3172  3308 E audio_hw_primary: fast_out-out_write: pcm_write failed, card_device 0, error cannot prepare channel: Device or resource busy
11-13 20:11:34.175  3172  3308 E audio_hw_primary: fast_out-out_write: pcm_write failed, card_device 0, error cannot prepare channel: Device or resource busy
11-13 20:11:34.185  3172  3308 E audio_hw_primary: fast_out-out_write: pcm_write failed, card_device 0, error cannot prepare channel: Device or resource busy
11-13 20:11:34.196  3172  3308 E audio_hw_primary: fast_out-out_write: pcm_write failed, card_device 0, error cannot prepare channel: Device or resource busy
11-13 20:11:34.206  3172  3308 E audio_hw_primary: fast_out-out_write: pcm_write failed, card_device 0, error cannot prepare channel: Device or resource busy
11-13 20:11:34.217  3172  3308 E audio_hw_primary: fast_out-out_write: pcm_write failed, card_device 0, error cannot prepare channel: Device or resource busy
11-13 20:11:34.227  3172  3308 E audio_hw_primary: fast_out-out_write: pcm_write failed, card_device 0, error cannot prepare channel: Device or resource busy
11-13 20:11:34.238  3172  3308 E audio_hw_primary: fast_out-out_write: pcm_write failed, card_device 0, error cannot prepare channel: Device or resource busy
11-13 20:11:34.249  3172  3308 E audio_hw_primary: fast_out-out_write: pcm_write failed, card_device 0, error cannot prepare channel: Device or resource busy
11-13 20:11:34.259  3172  3308 E audio_hw_primary: fast_out-out_write: pcm_write failed, card_device 0, error cannot prepare channel: Device or resource busy
11-13 20:11:34.269  3172  3308 E audio_hw_primary: fast_out-out_write: pcm_write failed, card_device 0, error cannot prepare channel: Device or resource busy
11-13 20:11:34.280  3172  3308 E audio_hw_primary: fast_out-out_write: pcm_write failed, card_device 0, error cannot prepare channel: Device or resource busy
11-13 20:11:34.290  3172  3308 E audio_hw_primary: fast_out-out_write: pcm_write failed, card_device 0, error cannot prepare channel: Device or resource busy
11-13 20:11:34.301  3172  3308 E audio_hw_primary: fast_out-out_write: pcm_write failed, card_device 0, error cannot prepare channel: Device or resource busy
11-13 20:11:34.311  3172  3308 E audio_hw_primary: fast_out-out_write: pcm_write failed, card_device 0, error cannot prepare channel: Device or resource busy
11-13 20:11:34.322  3172  3308 E audio_hw_primary: fast_out-out_write: pcm_write failed, card_device 0, error cannot prepare channel: Device or resource busy
11-13 20:11:34.332  3172  3308 E audio_hw_primary: fast_out-out_write: pcm_write failed, card_device 0, error cannot prepare channel: Device or resource busy
11-13 20:11:34.343  3172  3308 E audio_hw_primary: fast_out-out_write: pcm_write failed, card_device 0, error cannot prepare channel: Device or resource busy
11-13 20:11:34.343  3172  3309 I audio_hw_primary: out_set_parameters(): kvpairs: routing=2
11-13 20:11:34.353  3172  3309 I audio_hw_primary: select_devices(): out_device 0x2, input_source 0, output_route media-speaker, input_route none
11-13 20:11:34.354  3172  3308 E audio_hw_primary: fast_out-out_write: pcm_write failed, card_device 0, error cannot prepare channel: Device or resource busy
11-13 20:11:34.365  3172  3308 E audio_hw_primary: fast_out-out_write: pcm_write failed, card_device 0, error cannot prepare channel: Device or resource busy
11-13 20:11:34.375  3172  3308 E audio_hw_primary: fast_out-out_write: pcm_write failed, card_device 0, error cannot prepare channel: Device or resource busy
11-13 20:11:34.386  3172  3308 E audio_hw_primary: fast_out-out_write: pcm_write failed, card_device 0, error cannot prepare channel: Device or resource busy
11-13 20:11:34.396  3172  3308 E audio_hw_primary: fast_out-out_write: pcm_write failed, card_device 0, error cannot prepare channel: Device or resource busy
11-13 20:11:34.407  3172  3308 E audio_hw_primary: fast_out-out_write: pcm_write failed, card_device 0, error cannot prepare channel: Device or resource busy
11-13 20:11:34.417  3172  3308 E audio_hw_primary: fast_out-out_write: pcm_write failed, card_device 0, error cannot prepare channel: Device or resource busy
11-13 20:11:34.428  3172  3308 E audio_hw_primary: fast_out-out_write: pcm_write failed, card_device 0, error cannot prepare channel: Device or resource busy
11-13 20:11:34.438  3172  3308 E audio_hw_primary: fast_out-out_write: pcm_write failed, card_device 0, error cannot prepare channel: Device or resource busy
11-13 20:11:34.449  3172  3308 E audio_hw_primary: fast_out-out_write: pcm_write failed, card_device 0, error cannot prepare channel: Device or resource busy
11-13 20:11:34.459  3172  3308 E audio_hw_primary: fast_out-out_write: pcm_write failed, card_device 0, error cannot prepare channel: Device or resource busy
11-13 20:11:34.470  3172  3308 E audio_hw_primary: fast_out-out_write: pcm_write failed, card_device 0, error cannot prepare channel: Device or resource busy
11-13 20:11:34.480  3172  3308 E audio_hw_primary: fast_out-out_write: pcm_write failed, card_device 0, error cannot prepare channel: Device or resource busy
11-13 20:11:34.483  5269  5269 I pool-1-thread-1: type=1400 audit(0.0:286): avc: denied { create } for name="preferred-apn.xml" scontext=u:r:radio:s0 tcontext=u:object_r:system_data_file:s0 tclass=file permissive=1
11-13 20:11:34.483  5269  5269 I pool-1-thread-1: type=1400 audit(0.0:286): avc: denied { write } for path="/data/user_de/0/com.android.providers.telephony/shared_prefs/preferred-apn.xml" dev="sda24" ino=3121344 scontext=u:r:radio:s0 tcontext=u:object_r:system_data_file:s0 tclass=file permissive=1
11-13 20:11:34.483  5269  5269 W pool-1-thread-1: type=1300 audit(0.0:286): arch=c00000b7 syscall=56 success=yes exit=74 a0=ffffff9c a1=7f8d6203c0 a2=241 a3=1b6 items=0 ppid=3170 auid=4294967295 uid=1001 gid=1001 euid=1001 suid=1001 fsuid=1001 egid=1001 sgid=1001 fsgid=1001 tty=(none) ses=4294967295 exe="/system/bin/app_process64" subj=u:r:radio:s0 key=(null)
11-13 20:11:34.483  3076  3076 W auditd  : type=1327 audit(0.0:286): proctitle="com.android.phone"
11-13 20:11:34.483  3076  3076 W auditd  : type=1320 audit(0.0:286): 
11-13 20:11:34.486  4921  4921 D TelephonyProvider: subIdString = 1 subId = 1
11-13 20:11:34.486  4921  4921 D TelephonyProvider: deletePreferredApn: for subId 1
11-13 20:11:34.490  4921  4921 D TelephonyProvider: subIdString = 1 subId = 1
11-13 20:11:34.491  3172  3308 E audio_hw_primary: fast_out-out_write: pcm_write failed, card_device 0, error cannot prepare channel: Device or resource busy
11-13 20:11:34.495  5269  5269 I pool-1-thread-1: type=1400 audit(0.0:287): avc: denied { setattr } for name="preferred-apn.xml" dev="sda24" ino=3121344 scontext=u:r:radio:s0 tcontext=u:object_r:system_data_file:s0 tclass=file permissive=1
11-13 20:11:34.495  5269  5269 W pool-1-thread-1: type=1300 audit(0.0:287): arch=c00000b7 syscall=53 success=yes exit=0 a0=ffffff9c a1=7f8d6203c0 a2=1b0 a3=0 items=0 ppid=3170 auid=4294967295 uid=1001 gid=1001 euid=1001 suid=1001 fsuid=1001 egid=1001 sgid=1001 fsgid=1001 tty=(none) ses=4294967295 exe="/system/bin/app_process64" subj=u:r:radio:s0 key=(null)
11-13 20:11:34.495  3076  3076 W auditd  : type=1327 audit(0.0:287): proctitle="com.android.phone"
11-13 20:11:34.495  3076  3076 W auditd  : type=1320 audit(0.0:287): 
11-13 20:11:34.495  5269  5269 I pool-1-thread-1: type=1400 audit(0.0:288): avc: denied { remove_name } for name="preferred-apn.xml" dev="sda24" ino=3121344 scontext=u:r:radio:s0 tcontext=u:object_r:system_data_file:s0 tclass=dir permissive=1
11-13 20:11:34.495  5269  5269 I pool-1-thread-1: type=1400 audit(0.0:288): avc: denied { rename } for name="preferred-apn.xml" dev="sda24" ino=3121344 scontext=u:r:radio:s0 tcontext=u:object_r:system_data_file:s0 tclass=file permissive=1
11-13 20:11:34.495  5269  5269 W pool-1-thread-1: type=1300 audit(0.0:288): arch=c00000b7 syscall=38 success=yes exit=0 a0=ffffff9c a1=7f8d6203c0 a2=ffffff9c a3=7f8d63a060 items=0 ppid=3170 auid=4294967295 uid=1001 gid=1001 euid=1001 suid=1001 fsuid=1001 egid=1001 sgid=1001 fsgid=1001 tty=(none) ses=4294967295 exe="/system/bin/app_process64" subj=u:r:radio:s0 key=(null)
11-13 20:11:34.495  3076  3076 W auditd  : type=1327 audit(0.0:288): proctitle="com.android.phone"
11-13 20:11:34.495  3076  3076 W auditd  : type=1320 audit(0.0:288): 
11-13 20:11:34.501  3172  3308 E audio_hw_primary: fast_out-out_write: pcm_write failed, card_device 0, error cannot prepare channel: Device or resource busy
11-13 20:11:34.507  5269  5269 I pool-1-thread-1: type=1400 audit(0.0:289): avc: denied { unlink } for name="preferred-apn.xml.bak" dev="sda24" ino=3121344 scontext=u:r:radio:s0 tcontext=u:object_r:system_data_file:s0 tclass=file permissive=1
11-13 20:11:34.507  5269  5269 W pool-1-thread-1: type=1300 audit(0.0:289): arch=c00000b7 syscall=35 success=yes exit=0 a0=ffffff9c a1=7f8d63a060 a2=0 a3=100 items=0 ppid=3170 auid=4294967295 uid=1001 gid=1001 euid=1001 suid=1001 fsuid=1001 egid=1001 sgid=1001 fsgid=1001 tty=(none) ses=4294967295 exe="/system/bin/app_process64" subj=u:r:radio:s0 key=(null)
11-13 20:11:34.507  3076  3076 W auditd  : type=1327 audit(0.0:289): proctitle="com.android.phone"
11-13 20:11:34.507  3076  3076 W auditd  : type=1320 audit(0.0:289): 
11-13 20:11:34.507  3612  5561 D ConnectivityService: registerNetworkAgent NetworkAgentInfo{ ni{[type: MOBILE[HSPA+], state: CONNECTED/CONNECTED, reason: connected, extra: gprs.personal.com, failover: false, available: true, roaming: false, metered: true]}  network{100}  nethandle{429513165534}  lp{{InterfaceName: rmnet1 LinkAddresses: [181.6.180.163/32,]  Routes: [0.0.0.0/0 -> 181.6.180.1 rmnet1,] DnsAddresses: [181.88.86.156,181.88.86.164,] Domains: null MTU: 1500 TcpBufferSizes: 40778,244668,734003,16777,100663,301990}}  nc{[ Transports: CELLULAR Capabilities: SUPL&INTERNET&NOT_RESTRICTED&TRUSTED&NOT_VPN LinkUpBandwidth>=5898Kbps LinkDnBandwidth>=14336Kbps Specifier: <1>]}  Score{10}  everValidated{false}  lastValidated{false}  created{false} lingering{false} explicitlySelected{false} acceptUnvalidated{false} everCaptivePortalDetected{false} lastCaptivePortalDetected{false} }
11-13 20:11:34.507  3612  4678 D ConnectivityService: NetworkAgentInfo [MOBILE (HSPA+) - 100] EVENT_NETWORK_INFO_CHANGED, going from null to CONNECTED
11-13 20:11:34.510  3612  4678 D ConnectivityService: Adding iface rmnet1 to network 100
11-13 20:11:34.512  3172  3308 E audio_hw_primary: fast_out-out_write: pcm_write failed, card_device 0, error cannot prepare channel: Device or resource busy
11-13 20:11:34.522  3172  3308 E audio_hw_primary: fast_out-out_write: pcm_write failed, card_device 0, error cannot prepare channel: Device or resource busy
11-13 20:11:34.533  3172  3308 E audio_hw_primary: fast_out-out_write: pcm_write failed, card_device 0, error cannot prepare channel: Device or resource busy
11-13 20:11:34.535  3076  3076 W auditd  : type=1325 audit(0.0:290): table=mangle family=2 entries=17
11-13 20:11:34.535  3076  3076 W auditd  : type=1320 audit(0.0:290): 
11-13 20:11:34.543  3172  3308 E audio_hw_primary: fast_out-out_write: pcm_write failed, card_device 0, error cannot prepare channel: Device or resource busy
11-13 20:11:34.553  3172  3308 E audio_hw_primary: fast_out-out_write: pcm_write failed, card_device 0, error cannot prepare channel: Device or resource busy
11-13 20:11:34.556  3612  4678 D ConnectivityService: Setting DNS servers for network 100 to [/181.88.86.156, /181.88.86.164]
11-13 20:11:34.563  3612  4678 W ConnectivityExtension: ConnectivityExt jar file not present
11-13 20:11:34.563  3172  3308 E audio_hw_primary: fast_out-out_write: pcm_write failed, card_device 0, error cannot prepare channel: Device or resource busy
11-13 20:11:34.568  3612  4678 W ConnectivityExtension: ConnectivityExt jar file not present
11-13 20:11:34.571  3612  4678 D ConnectivityService: Switching to new default network: NetworkAgentInfo{ ni{[type: MOBILE[HSPA+], state: CONNECTED/CONNECTED, reason: connected, extra: gprs.personal.com, failover: false, available: true, roaming: false, metered: true]}  network{100}  nethandle{429513165534}  lp{{InterfaceName: rmnet1 LinkAddresses: [181.6.180.163/32,]  Routes: [0.0.0.0/0 -> 181.6.180.1 rmnet1,] DnsAddresses: [181.88.86.156,181.88.86.164,] Domains: null MTU: 1500 TcpBufferSizes: 40778,244668,734003,16777,100663,301990}}  nc{[ Transports: CELLULAR Capabilities: SUPL&INTERNET&NOT_RESTRICTED&TRUSTED&NOT_VPN&FOREGROUND LinkUpBandwidth>=5898Kbps LinkDnBandwidth>=14336Kbps Specifier: <1>]}  Score{10}  everValidated{false}  lastValidated{false}  created{true} lingering{false} explicitlySelected{false} acceptUnvalidated{false} everCaptivePortalDetected{false} lastCaptivePortalDetected{false} }
11-13 20:11:34.574  3172  3308 E audio_hw_primary: fast_out-out_write: pcm_write failed, card_device 0, error cannot prepare channel: Device or resource busy
11-13 20:11:34.584  3172  3308 E audio_hw_primary: fast_out-out_write: pcm_write failed, card_device 0, error cannot prepare channel: Device or resource busy
11-13 20:11:34.593  3181  3515 V IdletimerController: runCmd(/system/bin/ip6tables -w -t raw -A idletimer_raw_PREROUTING -i rmnet1 -j IDLETIMER --timeout 10 --label 0 --send_nl_msg 1) res_ipv4=0, res_ipv6=0
11-13 20:11:34.594  3172  3308 E audio_hw_primary: fast_out-out_write: pcm_write failed, card_device 0, error cannot prepare channel: Device or resource busy
11-13 20:11:34.604  3172  3308 E audio_hw_primary: fast_out-out_write: pcm_write failed, card_device 0, error cannot prepare channel: Device or resource busy
11-13 20:11:34.615  3172  3308 E audio_hw_primary: fast_out-out_write: pcm_write failed, card_device 0, error cannot prepare channel: Device or resource busy
11-13 20:11:34.615  3181  3515 V IdletimerController: runCmd(/system/bin/ip6tables -w -t mangle -A idletimer_mangle_POSTROUTING -o rmnet1 -j IDLETIMER --timeout 10 --label 0 --send_nl_msg 1) res_ipv4=0, res_ipv6=0
11-13 20:11:34.624  3612  4730 I GnssLocationProvider: WakeLock acquired by sendMessage(5, 0, null)
11-13 20:11:34.624  3612  4730 I GnssLocationProvider: WakeLock acquired by sendMessage(6, 0, null)
11-13 20:11:34.624  3612  3672 I GnssLocationProvider: WakeLock acquired by handleInjectNtpTime()
11-13 20:11:34.624  3612  4678 D ConnectivityService: Sending CONNECTED broadcast for type 0 NetworkAgentInfo [MOBILE (HSPA+) - 100] isDefaultNetwork=true
11-13 20:11:34.624  3612  3672 I GnssLocationProvider: WakeLock released by handleMessage(5, 0, null)
11-13 20:11:34.624  3612  3672 I GnssLocationProvider: WakeLock acquired by handleDownloadXtraData()
11-13 20:11:34.625  3612  3672 I GnssLocationProvider: WakeLock released by handleMessage(6, 0, null)
11-13 20:11:34.625  3172  3308 E audio_hw_primary: fast_out-out_write: pcm_write failed, card_device 0, error cannot prepare channel: Device or resource busy
11-13 20:11:34.635  3172  3308 E audio_hw_primary: fast_out-out_write: pcm_write failed, card_device 0, error cannot prepare channel: Device or resource busy
11-13 20:11:34.643  3612  5176 W System  : ClassLoader referenced unknown path: /system/framework/tcmclient.jar
11-13 20:11:34.644  5848  6098 D NetworkSecurityConfig: No Network Security Config specified, using platform default
11-13 20:11:34.645  5848  6098 W System  : ClassLoader referenced unknown path: /system/framework/tcmclient.jar
11-13 20:11:34.645  3172  3308 E audio_hw_primary: fast_out-out_write: pcm_write failed, card_device 0, error cannot prepare channel: Device or resource busy
11-13 20:11:34.647  3612  4678 W ConnectivityExtension: ConnectivityExt jar file not present
11-13 20:11:34.656  3172  3308 E audio_hw_primary: fast_out-out_write: pcm_write failed, card_device 0, error cannot prepare channel: Device or resource busy
11-13 20:11:34.666  3172  3308 E audio_hw_primary: fast_out-out_write: pcm_write failed, card_device 0, error cannot prepare channel: Device or resource busy
11-13 20:11:34.676  3172  3308 E audio_hw_primary: fast_out-out_write: pcm_write failed, card_device 0, error cannot prepare channel: Device or resource busy
11-13 20:11:34.686  3172  3308 E audio_hw_primary: fast_out-out_write: pcm_write failed, card_device 0, error cannot prepare channel: Device or resource busy
11-13 20:11:34.697  3172  3308 E audio_hw_primary: fast_out-out_write: pcm_write failed, card_device 0, error cannot prepare channel: Device or resource busy
11-13 20:11:34.707  3172  3308 E audio_hw_primary: fast_out-out_write: pcm_write failed, card_device 0, error cannot prepare channel: Device or resource busy
11-13 20:11:34.708  3612  6089 D NetworkMonitor/NetworkAgentInfo [MOBILE (HSPA+) - 100]: PROBE_DNS OK 136ms, www.google.com=172.217.30.164
11-13 20:11:34.710  3612  6089 W System  : ClassLoader referenced unknown path: /system/framework/tcmclient.jar
11-13 20:11:34.717  3172  3308 E audio_hw_primary: fast_out-out_write: pcm_write failed, card_device 0, error cannot prepare channel: Device or resource busy
11-13 20:11:34.720  3612  6090 D NetworkMonitor/NetworkAgentInfo [MOBILE (HSPA+) - 100]: PROBE_DNS OK 147ms, connectivitycheck.gstatic.com=172.217.28.195
11-13 20:11:34.727  3172  3308 E audio_hw_primary: fast_out-out_write: pcm_write failed, card_device 0, error cannot prepare channel: Device or resource busy
11-13 20:11:34.738  3172  3308 E audio_hw_primary: fast_out-out_write: pcm_write failed, card_device 0, error cannot prepare channel: Device or resource busy
11-13 20:11:34.748  3172  3308 E audio_hw_primary: fast_out-out_write: pcm_write failed, card_device 0, error cannot prepare channel: Device or resource busy
11-13 20:11:34.758  3172  3308 E audio_hw_primary: fast_out-out_write: pcm_write failed, card_device 0, error cannot prepare channel: Device or resource busy
11-13 20:11:34.768  3172  3308 E audio_hw_primary: fast_out-out_write: pcm_write failed, card_device 0, error cannot prepare channel: Device or resource busy
11-13 20:11:34.779  3172  3308 E audio_hw_primary: fast_out-out_write: pcm_write failed, card_device 0, error cannot prepare channel: Device or resource busy
11-13 20:11:34.789  3172  3308 E audio_hw_primary: fast_out-out_write: pcm_write failed, card_device 0, error cannot prepare channel: Device or resource busy
11-13 20:11:34.799  3172  3308 E audio_hw_primary: fast_out-out_write: pcm_write failed, card_device 0, error cannot prepare channel: Device or resource busy
11-13 20:11:34.809  3172  3308 E audio_hw_primary: fast_out-out_write: pcm_write failed, card_device 0, error cannot prepare channel: Device or resource busy
11-13 20:11:34.820  3172  3308 E audio_hw_primary: fast_out-out_write: pcm_write failed, card_device 0, error cannot prepare channel: Device or resource busy
11-13 20:11:34.830  3172  3308 E audio_hw_primary: fast_out-out_write: pcm_write failed, card_device 0, error cannot prepare channel: Device or resource busy
11-13 20:11:34.840  3172  3308 E audio_hw_primary: fast_out-out_write: pcm_write failed, card_device 0, error cannot prepare channel: Device or resource busy
11-13 20:11:34.851  3172  3308 E audio_hw_primary: fast_out-out_write: pcm_write failed, card_device 0, error cannot prepare channel: Device or resource busy
11-13 20:11:34.861  3172  3308 E audio_hw_primary: fast_out-out_write: pcm_write failed, card_device 0, error cannot prepare channel: Device or resource busy
11-13 20:11:34.871  3172  3308 E audio_hw_primary: fast_out-out_write: pcm_write failed, card_device 0, error cannot prepare channel: Device or resource busy
11-13 20:11:34.882  3172  3308 E audio_hw_primary: fast_out-out_write: pcm_write failed, card_device 0, error cannot prepare channel: Device or resource busy
11-13 20:11:34.893  3172  3308 E audio_hw_primary: fast_out-out_write: pcm_write failed, card_device 0, error cannot prepare channel: Device or resource busy
11-13 20:11:34.903  3172  3308 E audio_hw_primary: fast_out-out_write: pcm_write failed, card_device 0, error cannot prepare channel: Device or resource busy
11-13 20:11:34.913  3172  3308 E audio_hw_primary: fast_out-out_write: pcm_write failed, card_device 0, error cannot prepare channel: Device or resource busy
11-13 20:11:34.924  3172  3308 E audio_hw_primary: fast_out-out_write: pcm_write failed, card_device 0, error cannot prepare channel: Device or resource busy
11-13 20:11:34.934  3172  3308 E audio_hw_primary: fast_out-out_write: pcm_write failed, card_device 0, error cannot prepare channel: Device or resource busy
11-13 20:11:34.945  3172  3308 E audio_hw_primary: fast_out-out_write: pcm_write failed, card_device 0, error cannot prepare channel: Device or resource busy
11-13 20:11:34.955  3172  3308 E audio_hw_primary: fast_out-out_write: pcm_write failed, card_device 0, error cannot prepare channel: Device or resource busy
11-13 20:11:34.966  3172  3308 E audio_hw_primary: fast_out-out_write: pcm_write failed, card_device 0, error cannot prepare channel: Device or resource busy
11-13 20:11:34.976  3172  3308 E audio_hw_primary: fast_out-out_write: pcm_write failed, card_device 0, error cannot prepare channel: Device or resource busy
11-13 20:11:34.987  3172  3308 E audio_hw_primary: fast_out-out_write: pcm_write failed, card_device 0, error cannot prepare channel: Device or resource busy
11-13 20:11:34.997  3172  3308 E audio_hw_primary: fast_out-out_write: pcm_write failed, card_device 0, error cannot prepare channel: Device or resource busy
11-13 20:11:35.008  3172  3308 E audio_hw_primary: fast_out-out_write: pcm_write failed, card_device 0, error cannot prepare channel: Device or resource busy
11-13 20:11:35.018  3172  3308 E audio_hw_primary: fast_out-out_write: pcm_write failed, card_device 0, error cannot prepare channel: Device or resource busy
11-13 20:11:35.029  3172  3308 E audio_hw_primary: fast_out-out_write: pcm_write failed, card_device 0, error cannot prepare channel: Device or resource busy
11-13 20:11:35.039  3172  3308 E audio_hw_primary: fast_out-out_write: pcm_write failed, card_device 0, error cannot prepare channel: Device or resource busy
11-13 20:11:35.049  3172  3308 E audio_hw_primary: fast_out-out_write: pcm_write failed, card_device 0, error cannot prepare channel: Device or resource busy
11-13 20:11:35.060  3172  3308 E audio_hw_primary: fast_out-out_write: pcm_write failed, card_device 0, error cannot prepare channel: Device or resource busy
11-13 20:11:35.070  3172  3308 E audio_hw_primary: fast_out-out_write: pcm_write failed, card_device 0, error cannot prepare channel: Device or resource busy
11-13 20:11:35.081  3172  3308 E audio_hw_primary: fast_out-out_write: pcm_write failed, card_device 0, error cannot prepare channel: Device or resource busy
11-13 20:11:35.091  3172  3308 E audio_hw_primary: fast_out-out_write: pcm_write failed, card_device 0, error cannot prepare channel: Device or resource busy
11-13 20:11:35.102  3172  3308 E audio_hw_primary: fast_out-out_write: pcm_write failed, card_device 0, error cannot prepare channel: Device or resource busy
11-13 20:11:35.112  3172  3308 E audio_hw_primary: fast_out-out_write: pcm_write failed, card_device 0, error cannot prepare channel: Device or resource busy
11-13 20:11:35.123  3172  3308 E audio_hw_primary: fast_out-out_write: pcm_write failed, card_device 0, error cannot prepare channel: Device or resource busy
11-13 20:11:35.133  3172  3308 E audio_hw_primary: fast_out-out_write: pcm_write failed, card_device 0, error cannot prepare channel: Device or resource busy
11-13 20:11:35.144  3172  3308 E audio_hw_primary: fast_out-out_write: pcm_write failed, card_device 0, error cannot prepare channel: Device or resource busy
11-13 20:11:35.154  3172  3308 E audio_hw_primary: fast_out-out_write: pcm_write failed, card_device 0, error cannot prepare channel: Device or resource busy
11-13 20:11:35.165  3172  3308 E audio_hw_primary: fast_out-out_write: pcm_write failed, card_device 0, error cannot prepare channel: Device or resource busy
11-13 20:11:35.175  3172  3308 E audio_hw_primary: fast_out-out_write: pcm_write failed, card_device 0, error cannot prepare channel: Device or resource busy
11-13 20:11:35.186  3172  3308 E audio_hw_primary: fast_out-out_write: pcm_write failed, card_device 0, error cannot prepare channel: Device or resource busy
11-13 20:11:35.196  3172  3308 E audio_hw_primary: fast_out-out_write: pcm_write failed, card_device 0, error cannot prepare channel: Device or resource busy
11-13 20:11:35.206  3172  3308 E audio_hw_primary: fast_out-out_write: pcm_write failed, card_device 0, error cannot prepare channel: Device or resource busy
11-13 20:11:35.217  3172  3308 E audio_hw_primary: fast_out-out_write: pcm_write failed, card_device 0, error cannot prepare channel: Device or resource busy
