09-08 01:22:46.713  3408  3408 F DEBUG   : ABI: 'arm'
09-08 01:22:46.713  3408  3408 F DEBUG   : pid: 3385, tid: 3385, name: mediaserver  >>> /system/bin/mediaserver <<<
09-08 01:22:46.714  3408  3408 F DEBUG   : signal 6 (SIGABRT), code -6 (SI_TKILL), fault addr --------
09-08 01:22:46.714  3408  3408 F DEBUG   :     r0 00000000  r1 00000d39  r2 00000006  r3 00000008
09-08 01:22:46.714  3408  3408 F DEBUG   :     r4 f709958c  r5 00000006  r6 f7099534  r7 0000010c
09-08 01:22:46.714  3408  3408 F DEBUG   :     r8 ffde9f40  r9 00000001  sl ffde9f80  fp f7026010
09-08 01:22:46.714  3408  3408 F DEBUG   :     ip 00000000  sp ffde9ed8  lr f7078f8f  pc f70799a8  cpsr 200f0010
09-08 01:22:46.717  3408  3408 F DEBUG   : 
09-08 01:22:46.717  3408  3408 F DEBUG   : backtrace:
09-08 01:22:46.717  3408  3408 F DEBUG   :     #00 pc 000469a8  /system/bin/linker (__dl_tgkill+12)
09-08 01:22:46.717  3408  3408 F DEBUG   :     #01 pc 00045f8b  /system/bin/linker (__dl_pthread_kill+34)
09-08 01:22:46.717  3408  3408 F DEBUG   :     #02 pc 0003e32f  /system/bin/linker (__dl_raise+10)
09-08 01:22:46.718  3408  3408 F DEBUG   :     #03 pc 0003cdeb  /system/bin/linker (__dl___libc_android_abort+34)
09-08 01:22:46.718  3408  3408 F DEBUG   :     #04 pc 0003bbbc  /system/bin/linker (__dl_abort+4)
09-08 01:22:46.718  3408  3408 F DEBUG   :     #05 pc 0003de2b  /system/bin/linker (__dl___libc_fatal+22)
09-08 01:22:46.718  3408  3408 F DEBUG   :     #06 pc 00009c43  /system/bin/linker (__dl__ZL29__linker_init_post_relocationR19KernelArgumentBlockj+3146)
09-08 01:22:46.718  3408  3408 F DEBUG   :     #07 pc 00008f63  /system/bin/linker (__dl___linker_init+358)
09-08 01:22:46.718  3408  3408 F DEBUG   :     #08 pc 000027c0  /system/bin/linker (_start+4)
09-08 01:22:46.745  3068  3068 W         : debuggerd: resuming target 3385
09-08 01:22:46.745  3068  3068 W         : debuggerd: handling request: pid=3383 uid=0 gid=0 tid=3383
09-08 01:22:46.752  3428  3428 E         : debuggerd: Unable to connect to activity manager (connect failed: No such file or directory)
09-08 01:22:46.799  3382  3382 D AndroidRuntime: >>>>>> START com.android.internal.os.ZygoteInit uid 0 <<<<<<
09-08 01:22:46.804  3428  3428 F DEBUG   : *** *** *** *** *** *** *** *** *** *** *** *** *** *** *** ***
09-08 01:22:46.804  3428  3428 F DEBUG   : LineageOS Version: '14.1-20170907-UNOFFICIAL-dream2lte'
09-08 01:22:46.804  3428  3428 F DEBUG   : Build fingerprint: 'samsung/dream2ltexx/dream2lte:7.0/NRD90M/G955FXXU1AQH3:user/release-keys'
09-08 01:22:46.804  3428  3428 F DEBUG   : Revision: '0'
09-08 01:22:46.804  3428  3428 F DEBUG   : ABI: 'arm'
09-08 01:22:46.805  3428  3428 F DEBUG   : pid: 3383, tid: 3383, name: app_process32  >>> /system/bin/app_process32 <<<
09-08 01:22:46.805  3428  3428 F DEBUG   : signal 6 (SIGABRT), code -6 (SI_TKILL), fault addr --------
09-08 01:22:46.806  3428  3428 F DEBUG   :     r0 00000000  r1 00000d37  r2 00000006  r3 00000008
09-08 01:22:46.806  3428  3428 F DEBUG   :     r4 f736e58c  r5 00000006  r6 f736e534  r7 0000010c
09-08 01:22:46.806  3428  3428 F DEBUG   :     r8 ffe10730  r9 00000001  sl ffe10760  fp f72fb010
09-08 01:22:46.806  3428  3428 F DEBUG   :     ip 00000000  sp ffe106c8  lr f734df8f  pc f734e9a8  cpsr 200f0010
09-08 01:22:46.809  3382  3382 D AndroidRuntime: CheckJNI is ON
09-08 01:22:46.810  3428  3428 F DEBUG   : 
09-08 01:22:46.810  3428  3428 F DEBUG   : backtrace:
09-08 01:22:46.810  3428  3428 F DEBUG   :     #00 pc 000469a8  /system/bin/linker (__dl_tgkill+12)
09-08 01:22:46.810  3428  3428 F DEBUG   :     #01 pc 00045f8b  /system/bin/linker (__dl_pthread_kill+34)
09-08 01:22:46.810  3428  3428 F DEBUG   :     #02 pc 0003e32f  /system/bin/linker (__dl_raise+10)
09-08 01:22:46.810  3428  3428 F DEBUG   :     #03 pc 0003cdeb  /system/bin/linker (__dl___libc_android_abort+34)
09-08 01:22:46.810  3428  3428 F DEBUG   :     #04 pc 0003bbbc  /system/bin/linker (__dl_abort+4)
09-08 01:22:46.810  3428  3428 F DEBUG   :     #05 pc 0003de2b  /system/bin/linker (__dl___libc_fatal+22)
09-08 01:22:46.810  3428  3428 F DEBUG   :     #06 pc 00009c43  /system/bin/linker (__dl__ZL29__linker_init_post_relocationR19KernelArgumentBlockj+3146)
09-08 01:22:46.810  3428  3428 F DEBUG   :     #07 pc 00008f63  /system/bin/linker (__dl___linker_init+358)
09-08 01:22:46.810  3428  3428 F DEBUG   :     #08 pc 000027c0  /system/bin/linker (_start+4)
09-08 01:22:46.811  3382  3382 I art     : option[0]=-Xzygote
09-08 01:22:46.811  3382  3382 I art     : option[1]=-Xcheck:jni
09-08 01:22:46.811  3382  3382 I art     : option[2]=-Xstacktracefile:/data/anr/traces.txt
09-08 01:22:46.811  3382  3382 I art     : option[3]=exit
09-08 01:22:46.811  3382  3382 I art     : option[4]=vfprintf
09-08 01:22:46.811  3382  3382 I art     : option[5]=sensitiveThread
09-08 01:22:46.812  3382  3382 I art     : option[6]=-verbose:gc
09-08 01:22:46.812  3382  3382 I art     : option[7]=-Xms8m
09-08 01:22:46.812  3382  3382 I art     : option[8]=-Xmx512m
09-08 01:22:46.812  3382  3382 I art     : option[9]=-XX:HeapGrowthLimit=256m
09-08 01:22:46.812  3382  3382 I art     : option[10]=-XX:HeapMinFree=2m
09-08 01:22:46.812  3382  3382 I art     : option[11]=-XX:HeapMaxFree=8m
09-08 01:22:46.812  3382  3382 I art     : option[12]=-XX:HeapTargetUtilization=0.75
09-08 01:22:46.812  3382  3382 I art     : option[13]=-Xusejit:true
09-08 01:22:46.812  3382  3382 I art     : option[14]=-Xjitsaveprofilinginfo
09-08 01:22:46.812  3382  3382 I art     : option[15]=-agentlib:jdwp=transport=dt_android_adb,suspend=n,server=y
09-08 01:22:46.812  3382  3382 I art     : option[16]=-Xlockprofthreshold:500
09-08 01:22:46.812  3382  3382 I art     : option[17]=-Ximage-compiler-option
09-08 01:22:46.812  3382  3382 I art     : option[18]=--runtime-arg
09-08 01:22:46.812  3382  3382 I art     : option[19]=-Ximage-compiler-option
09-08 01:22:46.812  3382  3382 I art     : option[20]=-Xms64m
09-08 01:22:46.812  3382  3382 I art     : option[21]=-Ximage-compiler-option
09-08 01:22:46.812  3382  3382 I art     : option[22]=--runtime-arg
09-08 01:22:46.812  3382  3382 I art     : option[23]=-Ximage-compiler-option
09-08 01:22:46.812  3382  3382 I art     : option[24]=-Xmx64m
09-08 01:22:46.812  3382  3382 I art     : option[25]=-Ximage-compiler-option
09-08 01:22:46.812  3382  3382 I art     : option[26]=--compiler-filter=verify-at-runtime
09-08 01:22:46.812  3382  3382 I art     : option[27]=-Ximage-compiler-option
09-08 01:22:46.812  3382  3382 I art     : option[28]=--image-classes=/system/etc/preloaded-classes
09-08 01:22:46.812  3382  3382 I art     : option[29]=-Ximage-compiler-option
09-08 01:22:46.812  3382  3382 I art     : option[30]=--compiled-classes=/system/etc/compiled-classes
09-08 01:22:46.812  3382  3382 I art     : option[31]=-Xcompiler-option
09-08 01:22:46.812  3382  3382 I art     : option[32]=--runtime-arg
09-08 01:22:46.812  3382  3382 I art     : option[33]=-Xcompiler-option
09-08 01:22:46.812  3382  3382 I art     : option[34]=-Xms64m
09-08 01:22:46.812  3382  3382 I art     : option[35]=-Xcompiler-option
09-08 01:22:46.812  3382  3382 I art     : option[36]=--runtime-arg
09-08 01:22:46.812  3382  3382 I art     : option[37]=-Xcompiler-option
09-08 01:22:46.812  3382  3382 I art     : option[38]=-Xmx512m
09-08 01:22:46.812  3382  3382 I art     : option[39]=-Ximage-compiler-option
09-08 01:22:46.812  3382  3382 I art     : option[40]=--instruction-set-variant=generic
09-08 01:22:46.812  3382  3382 I art     : option[41]=-Xcompiler-option
09-08 01:22:46.812  3382  3382 I art     : option[42]=--instruction-set-variant=generic
09-08 01:22:46.812  3382  3382 I art     : option[43]=-Ximage-compiler-option
09-08 01:22:46.812  3382  3382 I art     : option[44]=--instruction-set-features=default
09-08 01:22:46.812  3382  3382 I art     : option[45]=-Xcompiler-option
09-08 01:22:46.812  3382  3382 I art     : option[46]=--instruction-set-features=default
09-08 01:22:46.812  3382  3382 I art     : option[47]=-Duser.locale=en-US
09-08 01:22:46.812  3382  3382 I art     : option[48]=--cpu-abilist=arm64-v8a
09-08 01:22:46.812  3382  3382 I art     : option[49]=-Xfingerprint:samsung/dream2ltexx/dream2lte:7.0/NRD90M/G955FXXU1AQH3:user/release-keys
09-08 01:22:46.841  3382  3382 I art     : Pruning dalvik-cache since we are generating an image and will need to recompile
09-08 01:22:46.841  3382  3382 I art     : Using an offset of 0xe5b000 from default art base address of 0x70000000
09-08 01:22:46.841  3382  3382 I art     : GenerateImage: /system/bin/dex2oat --image=/data/dalvik-cache/arm64/system@framework@boot.art --dex-file=/system/framework/core-oj.jar --dex-file=/system/framework/core-libart.jar --dex-file=/system/framework/conscrypt.jar --dex-file=/system/framework/okhttp.jar --dex-file=/system/framework/core-junit.jar --dex-file=/system/framework/bouncycastle.jar --dex-file=/system/framework/ext.jar --dex-file=/system/framework/framework.jar --dex-file=/system/framework/telephony-common.jar --dex-file=/system/framework/voip-common.jar --dex-file=/system/framework/ims-common.jar --dex-file=/system/framework/apache-xml.jar --dex-file=/system/framework/org.apache.http.legacy.boot.jar --dex-file=/system/framework/telephony-ext.jar --oat-file=/data/dalvik-cache/arm64/system@framework@boot.oat --instruction-set=arm64 --instruction-set-features=smp,a53 --base=0x70e5b000 --runtime-arg -Xms64m --runtime-arg -Xmx64m --compiler-filter=verify-at-runtime --image-classes=/system/etc/preloaded-classes --compiled-classes=/system/etc/com
09-08 01:22:46.847  3068  3068 W         : debuggerd: resuming target 3383
09-08 01:22:46.852  3149  3149 I ServiceManager: service 'media.audio_flinger' died
09-08 01:22:46.880  3449  3449 I dex2oat : /system/bin/dex2oat --image=/data/dalvik-cache/arm64/system@framework@boot.art --dex-file=/system/framework/core-oj.jar --dex-file=/system/framework/core-libart.jar --dex-file=/system/framework/conscrypt.jar --dex-file=/system/framework/okhttp.jar --dex-file=/system/framework/core-junit.jar --dex-file=/system/framework/bouncycastle.jar --dex-file=/system/framework/ext.jar --dex-file=/system/framework/framework.jar --dex-file=/system/framework/telephony-common.jar --dex-file=/system/framework/voip-common.jar --dex-file=/system/framework/ims-common.jar --dex-file=/system/framework/apache-xml.jar --dex-file=/system/framework/org.apache.http.legacy.boot.jar --dex-file=/system/framework/telephony-ext.jar --oat-file=/data/dalvik-cache/arm64/system@framework@boot.oat --instruction-set=arm64 --instruction-set-features=smp,a53 --base=0x70e5b000 --runtime-arg -Xms64m --runtime-arg -Xmx64m --compiler-filter=verify-at-runtime --image-classes=/system/etc/preloaded-classes --compiled-classes=/system/etc/compiled-classes -
09-08 01:22:46.912  3449  3449 I dex2oat : setting boot class path to /system/framework/core-oj.jar:/system/framework/core-libart.jar:/system/framework/conscrypt.jar:/system/framework/okhttp.jar:/system/framework/core-junit.jar:/system/framework/bouncycastle.jar:/system/framework/ext.jar:/system/framework/framework.jar:/system/framework/telephony-common.jar:/system/framework/voip-common.jar:/system/framework/ims-common.jar:/system/framework/apache-xml.jar:/system/framework/org.apache.http.legacy.boot.jar:/system/framework/telephony-ext.jar
09-08 01:22:48.406  3449  3449 I dex2oat : Explicit concurrent mark sweep GC freed 7869(2MB) AllocSpace objects, 0(0B) LOS objects, 61% free, 2MB/6MB, paused 43us total 7.793ms
09-08 01:22:49.104  3449  3449 I dex2oat : dex2oat took 2.226s (threads: 8) arena alloc=0B (0B) java alloc=2MB (2608704B) native alloc=10MB (10597096B) free=5MB (5262616B)
09-08 01:22:49.531  3465  3465 I init    : type=1400 audit(0.0:83): avc: denied { entrypoint } for path="/system/bin/cbd" dev="sda17" ino=192 scontext=u:r:cbd:s0 tcontext=u:object_r:cpboot-daemon_exec:s0 tclass=file permissive=1
09-08 01:22:49.531  3465  3465 W cbd     : type=1300 audit(0.0:83): arch=c00000b7 syscall=221 success=yes exit=0 a0=7fa07181c1 a1=7fa0796680 a2=544098 a3=7fa060d4e0 items=0 ppid=1 auid=4294967295 uid=0 gid=1001 euid=0 suid=0 fsuid=0 egid=1001 sgid=1001 fsgid=1001 tty=(none) ses=4294967295 exe="/system/bin/cbd" subj=u:r:cbd:s0 key=(null)
09-08 01:22:49.531  3078  3078 W auditd  : type=1327 audit(0.0:83): proctitle=2F73797374656D2F62696E2F636264002D64002D747373333130002D626D002D6D6D002D5000706C6174666F726D2F31313132303030302E7566732F62792D6E616D652F524144494F002D6300706C6174666F726D2F31313132303030302E7566732F62792D6E616D652F43505F4445425547
09-08 01:22:49.531  3078  3078 W auditd  : type=1320 audit(0.0:83): 
09-08 01:22:49.531  3465  3465 I cbd     : type=1400 audit(0.0:84): avc: denied { read } for path="/system/bin/cbd" dev="sda17" ino=192 scontext=u:r:cbd:s0 tcontext=u:object_r:cpboot-daemon_exec:s0 tclass=file permissive=1
09-08 01:22:49.531  3465  3465 W cbd     : type=1300 audit(0.0:84): arch=c00000b7 syscall=226 success=yes exit=0 a0=493000 a1=3000 a2=1 a3=1 items=0 ppid=1 auid=4294967295 uid=0 gid=1001 euid=0 suid=0 fsuid=0 egid=1001 sgid=1001 fsgid=1001 tty=(none) ses=4294967295 exe="/system/bin/cbd" subj=u:r:cbd:s0 key=(null)
09-08 01:22:49.531  3078  3078 W auditd  : type=1327 audit(0.0:84): proctitle=2F73797374656D2F62696E2F636264002D64002D747373333130002D626D002D6D6D002D5000706C6174666F726D2F31313132303030302E7566732F62792D6E616D652F524144494F002D6300706C6174666F726D2F31313132303030302E7566732F62792D6E616D652F43505F4445425547
09-08 01:22:49.531  3078  3078 W auditd  : type=1320 audit(0.0:84): 
09-08 01:22:49.531  3165  3379 D wrapperGPS: onError: error 4
09-08 01:22:49.532  3165  3165 D gpsd    : WakeLock(Acquire,GPSD)
09-08 01:22:49.559     1     1 I init    : type=1400 audit(0.0:85): avc: denied { unlink } for name="rild2" dev="tmpfs" ino=1150 scontext=u:r:init:s0 tcontext=u:object_r:socket_device:s0 tclass=sock_file permissive=1
09-08 01:22:49.675  3466  3466 I rild    : type=1400 audit(0.0:86): avc: denied { dac_read_search } for capability=2 scontext=u:r:rild:s0 tcontext=u:r:rild:s0 tclass=capability permissive=1
09-08 01:22:49.675  3466  3466 W rild    : type=1300 audit(0.0:86): arch=c00000b7 syscall=79 success=no exit=-2 a0=ffffff9c a1=7f97c26180 a2=7f96f95348 a3=0 items=0 ppid=1 auid=4294967295 uid=1001 gid=1001 euid=1001 suid=1001 fsuid=1001 egid=1001 sgid=1001 fsgid=1001 tty=(none) ses=4294967295 exe="/system/bin/rild" subj=u:r:rild:s0 key=(null)
09-08 01:22:49.675  3078  3078 W auditd  : type=1327 audit(0.0:86): proctitle="/system/bin/rild"
09-08 01:22:49.675  3078  3078 W auditd  : type=1320 audit(0.0:86): 
09-08 01:22:50.559  3472  3472 I init    : type=1400 audit(0.0:87): avc: denied { create } for name="rild2" scontext=u:r:init:s0 tcontext=u:object_r:socket_device:s0 tclass=sock_file permissive=1
09-08 01:22:50.559  3472  3472 W init    : type=1300 audit(0.0:87): arch=c00000b7 syscall=200 success=yes exit=0 a0=9 a1=7fd1419758 a2=6e a3=ffffffffffffffff items=0 ppid=1 auid=4294967295 uid=0 gid=0 euid=0 suid=0 fsuid=0 egid=0 sgid=0 fsgid=0 tty=(none) ses=4294967295 exe="/init" subj=u:r:init:s0 key=(null)
09-08 01:22:50.559  3078  3078 W auditd  : type=1327 audit(0.0:87): proctitle=2F696E6974002D2D7365636F6E642D7374616765
09-08 01:22:50.559  3078  3078 W auditd  : type=1320 audit(0.0:87): 
09-08 01:22:50.559  3472  3472 I init    : type=1400 audit(0.0:88): avc: denied { setattr } for name="rild2" dev="tmpfs" ino=23824 scontext=u:r:init:s0 tcontext=u:object_r:socket_device:s0 tclass=sock_file permissive=1
09-08 01:22:50.559  3472  3472 W init    : type=1300 audit(0.0:88): arch=c00000b7 syscall=54 success=yes exit=0 a0=ffffff9c a1=7fd141975a a2=0 a3=3e9 items=0 ppid=1 auid=4294967295 uid=0 gid=0 euid=0 suid=0 fsuid=0 egid=0 sgid=0 fsgid=0 tty=(none) ses=4294967295 exe="/init" subj=u:r:init:s0 key=(null)
09-08 01:22:50.559  3078  3078 W auditd  : type=1327 audit(0.0:88): proctitle=2F696E6974002D2D7365636F6E642D7374616765
09-08 01:22:50.559  3078  3078 W auditd  : type=1320 audit(0.0:88): 
09-08 01:22:51.501  3481  3481 F libc    : CANNOT LINK EXECUTABLE "/system/bin/cameraserver": cannot locate symbol "_ZNK7android8hardware7camera26params19OutputConfiguration14getSurfaceTypeEv" referenced by "/system/lib/libcameraservice.so"...
09-08 01:22:51.501  3481  3481 F libc    : Fatal signal 6 (SIGABRT), code -6 in tid 3481 (cameraserver)
09-08 01:22:51.502  3068  3068 W         : debuggerd: handling request: pid=3481 uid=1047 gid=1023 tid=3481
09-08 01:22:51.507  3078  3078 W auditd  : type=1325 audit(0.0:89): table=filter family=2 entries=19
09-08 01:22:51.507  3078  3078 W auditd  : type=1320 audit(0.0:89): 
09-08 01:22:51.507  3486  3486 I Netd    : Netd 1.0 starting
09-08 01:22:51.507  3486  3486 D TetherController: Setting IP forward enable = 0
09-08 01:22:51.507  3487  3487 E         : debuggerd: Unable to connect to activity manager (connect failed: No such file or directory)
09-08 01:22:51.509  3486  3486 I QtiConnectivityAdapter: Failed to open libconnctrl, some features may not be present.
09-08 01:22:51.509  3486  3486 E         : Failed to open libdatactrl, some features may not be present.
09-08 01:22:51.509  3486  3486 E         : Failed to open libcsm_data, some features may not be present.
09-08 01:22:51.511  3078  3078 W auditd  : type=1325 audit(0.0:90): table=filter family=10 entries=18
09-08 01:22:51.511  3078  3078 W auditd  : type=1320 audit(0.0:90): 
09-08 01:22:51.519  3078  3078 W auditd  : type=1325 audit(0.0:91): table=filter family=2 entries=18
09-08 01:22:51.519  3078  3078 W auditd  : type=1320 audit(0.0:91): 
09-08 01:22:51.520  3483  3483 F libc    : CANNOT LINK EXECUTABLE "/system/bin/app_process32": cannot locate symbol "_ZN7android14CameraMetadata14getTagFromNameEPKcPKNS_19VendorTagDescriptorEPj" referenced by "/system/lib/libandroid_runtime.so"...
09-08 01:22:51.520  3483  3483 F libc    : Fatal signal 6 (SIGABRT), code -6 in tid 3483 (app_process32)
09-08 01:22:51.523  3078  3078 W auditd  : type=1325 audit(0.0:92): table=filter family=10 entries=17
09-08 01:22:51.523  3078  3078 W auditd  : type=1320 audit(0.0:92): 
09-08 01:22:51.523  3485  3485 F libc    : CANNOT LINK EXECUTABLE "/system/bin/mediaserver": cannot locate symbol "_ZNK7android8hardware7camera26params19OutputConfiguration14getSurfaceTypeEv" referenced by "/system/lib/libcameraservice.so"...
09-08 01:22:51.523  3485  3485 F libc    : Fatal signal 6 (SIGABRT), code -6 in tid 3485 (mediaserver)
09-08 01:22:51.527  3078  3078 W auditd  : type=1325 audit(0.0:93): table=filter family=2 entries=18
09-08 01:22:51.527  3078  3078 W auditd  : type=1320 audit(0.0:93): 
09-08 01:22:51.531  3078  3078 W auditd  : type=1325 audit(0.0:94): table=filter family=10 entries=17
09-08 01:22:51.531  3078  3078 W auditd  : type=1320 audit(0.0:94): 
09-08 01:22:51.535  3078  3078 W auditd  : type=1325 audit(0.0:95): table=filter family=2 entries=16
09-08 01:22:51.535  3078  3078 W auditd  : type=1320 audit(0.0:95): 
09-08 01:22:51.539  3078  3078 W auditd  : type=1325 audit(0.0:96): table=filter family=10 entries=15
09-08 01:22:51.539  3078  3078 W auditd  : type=1320 audit(0.0:96): 
09-08 01:22:51.543  3078  3078 W auditd  : type=1325 audit(0.0:97): table=filter family=2 entries=18
09-08 01:22:51.543  3078  3078 W auditd  : type=1320 audit(0.0:97): 
09-08 01:22:51.547  3078  3078 W auditd  : type=1325 audit(0.0:98): table=filter family=10 entries=17
09-08 01:22:51.558  3487  3487 F DEBUG   : *** *** *** *** *** *** *** *** *** *** *** *** *** *** *** ***
09-08 01:22:51.558  3487  3487 F DEBUG   : LineageOS Version: '14.1-20170907-UNOFFICIAL-dream2lte'
09-08 01:22:51.558  3487  3487 F DEBUG   : Build fingerprint: 'samsung/dream2ltexx/dream2lte:7.0/NRD90M/G955FXXU1AQH3:user/release-keys'
09-08 01:22:51.558  3487  3487 F DEBUG   : Revision: '0'
09-08 01:22:51.558  3487  3487 F DEBUG   : ABI: 'arm'
09-08 01:22:51.558  3487  3487 F DEBUG   : pid: 3481, tid: 3481, name: cameraserver  >>> /system/bin/cameraserver <<<
09-08 01:22:51.559  3487  3487 F DEBUG   : signal 6 (SIGABRT), code -6 (SI_TKILL), fault addr --------
09-08 01:22:51.559  3487  3487 F DEBUG   :     r0 00000000  r1 00000d99  r2 00000006  r3 00000008
09-08 01:22:51.559  3487  3487 F DEBUG   :     r4 f745558c  r5 00000006  r6 f7455534  r7 0000010c
09-08 01:22:51.559  3487  3487 F DEBUG   :     r8 ffe2acb8  r9 00000001  sl ffe2ace0  fp f73e2010
09-08 01:22:51.559  3487  3487 F DEBUG   :     ip 00000000  sp ffe2ac50  lr f7434f8f  pc f74359a8  cpsr 200f0010
09-08 01:22:51.562  3487  3487 F DEBUG   : 
09-08 01:22:51.562  3487  3487 F DEBUG   : backtrace:
09-08 01:22:51.562  3487  3487 F DEBUG   :     #00 pc 000469a8  /system/bin/linker (__dl_tgkill+12)
09-08 01:22:51.562  3487  3487 F DEBUG   :     #01 pc 00045f8b  /system/bin/linker (__dl_pthread_kill+34)
09-08 01:22:51.562  3487  3487 F DEBUG   :     #02 pc 0003e32f  /system/bin/linker (__dl_raise+10)
09-08 01:22:51.562  3487  3487 F DEBUG   :     #03 pc 0003cdeb  /system/bin/linker (__dl___libc_android_abort+34)
09-08 01:22:51.562  3487  3487 F DEBUG   :     #04 pc 0003bbbc  /system/bin/linker (__dl_abort+4)
09-08 01:22:51.562  3487  3487 F DEBUG   :     #05 pc 0003de2b  /system/bin/linker (__dl___libc_fatal+22)
09-08 01:22:51.562  3487  3487 F DEBUG   :     #06 pc 00009c43  /system/bin/linker (__dl__ZL29__linker_init_post_relocationR19KernelArgumentBlockj+3146)
09-08 01:22:51.563  3487  3487 F DEBUG   :     #07 pc 00008f63  /system/bin/linker (__dl___linker_init+358)
09-08 01:22:51.563  3487  3487 F DEBUG   :     #08 pc 000027c0  /system/bin/linker (_start+4)
09-08 01:22:51.567  3078  3078 W auditd  : type=1325 audit(0.0:102): table=filter family=10 entries=17
09-08 01:22:51.567  3078  3078 W auditd  : type=1320 audit(0.0:102): 
09-08 01:22:51.567  3484  3484 I         : sMaxFastTracks = 8
09-08 01:22:51.568  3484  3484 I audioserver: ServiceManager: 0xf6899440
09-08 01:22:51.568  3484  3484 W BatteryNotifier: batterystats service unavailable!
09-08 01:22:51.568  3484  3484 I AudioFlinger: Using default 3000 mSec as standby time.
09-08 01:22:51.568  3484  3484 I AudioPolicyService: AudioPolicyService CSTOR in new mode
09-08 01:22:51.569  3484  3484 W APM::ConfigParsingUtils: loadOutput() invalid supported devices
09-08 01:22:51.569  3484  3484 W APM::ConfigParsingUtils: loadInput() invalid supported devices
09-08 01:22:51.569  3484  3484 W APM::ConfigParsingUtils: loadInput() invalid supported devices
09-08 01:22:51.569  3484  3484 I APM::ConfigParsingUtils: loadAudioPolicyConfig() loaded /system/etc/audio_policy.conf
09-08 01:22:51.571  3078  3078 W auditd  : type=1325 audit(0.0:103): table=filter family=2 entries=18
09-08 01:22:51.571  3078  3078 W auditd  : type=1320 audit(0.0:103): 
09-08 01:22:51.575  3078  3078 W auditd  : type=1325 audit(0.0:104): table=filter family=10 entries=17
09-08 01:22:51.575  3078  3078 W auditd  : type=1320 audit(0.0:104): 
09-08 01:22:51.575  3481  3481 W cameraserver: type=1701 audit(0.0:105): auid=4294967295 uid=1047 gid=1023 ses=4294967295 subj=u:r:cameraserver:s0 exe="/system/bin/cameraserver" sig=6
09-08 01:22:51.579  3078  3078 W auditd  : type=1325 audit(0.0:106): table=filter family=2 entries=16
09-08 01:22:51.579  3078  3078 W auditd  : type=1320 audit(0.0:106): 
09-08 01:22:51.583  3078  3078 W auditd  : type=1325 audit(0.0:107): table=filter family=10 entries=15
09-08 01:22:51.583  3078  3078 W auditd  : type=1320 audit(0.0:107): 
09-08 01:22:51.583  3068  3068 W         : debuggerd: resuming target 3481
09-08 01:22:51.583  3068  3068 E         : debuggerd: failed to send signal 18 to target: No such process
09-08 01:22:51.583  3068  3068 W         : debuggerd: handling request: pid=3483 uid=0 gid=0 tid=3483
09-08 01:22:51.587  3078  3078 W auditd  : type=1325 audit(0.0:108): table=filter family=2 entries=18
09-08 01:22:51.587  3078  3078 W auditd  : type=1320 audit(0.0:108): 
09-08 01:22:51.590  3515  3515 E         : debuggerd: Unable to connect to activity manager (connect failed: No such file or directory)
09-08 01:22:51.591  3078  3078 W auditd  : type=1325 audit(0.0:109): table=filter family=10 entries=17
09-08 01:22:51.591  3078  3078 W auditd  : type=1320 audit(0.0:109): 
09-08 01:22:51.595  3078  3078 W auditd  : type=1325 audit(0.0:110): table=filter family=2 entries=19
09-08 01:22:51.595  3078  3078 W auditd  : type=1320 audit(0.0:110): 
09-08 01:22:51.599  3078  3078 W auditd  : type=1325 audit(0.0:111): table=filter family=10 entries=18
09-08 01:22:51.599  3078  3078 W auditd  : type=1320 audit(0.0:111): 
09-08 01:22:51.603  3078  3078 W auditd  : type=1325 audit(0.0:112): table=filter family=2 entries=18
09-08 01:22:51.640  3515  3515 F DEBUG   : *** *** *** *** *** *** *** *** *** *** *** *** *** *** *** ***
09-08 01:22:51.640  3515  3515 F DEBUG   : LineageOS Version: '14.1-20170907-UNOFFICIAL-dream2lte'
09-08 01:22:51.640  3515  3515 F DEBUG   : Build fingerprint: 'samsung/dream2ltexx/dream2lte:7.0/NRD90M/G955FXXU1AQH3:user/release-keys'
09-08 01:22:51.640  3515  3515 F DEBUG   : Revision: '0'
09-08 01:22:51.640  3515  3515 F DEBUG   : ABI: 'arm'
09-08 01:22:51.641  3515  3515 F DEBUG   : pid: 3483, tid: 3483, name: app_process32  >>> /system/bin/app_process32 <<<
09-08 01:22:51.641  3515  3515 F DEBUG   : signal 6 (SIGABRT), code -6 (SI_TKILL), fault addr --------
09-08 01:22:51.641  3515  3515 F DEBUG   :     r0 00000000  r1 00000d9b  r2 00000006  r3 00000008
09-08 01:22:51.641  3515  3515 F DEBUG   :     r4 f771b58c  r5 00000006  r6 f771b534  r7 0000010c
09-08 01:22:51.641  3515  3515 F DEBUG   :     r8 ffde72c0  r9 00000001  sl ffde72f0  fp f76a8010
09-08 01:22:51.641  3515  3515 F DEBUG   :     ip 00000000  sp ffde7258  lr f76faf8f  pc f76fb9a8  cpsr 200f0010
09-08 01:22:51.645  3515  3515 F DEBUG   : 
09-08 01:22:51.645  3515  3515 F DEBUG   : backtrace:
09-08 01:22:51.646  3515  3515 F DEBUG   :     #00 pc 000469a8  /system/bin/linker (__dl_tgkill+12)
09-08 01:22:51.646  3515  3515 F DEBUG   :     #01 pc 00045f8b  /system/bin/linker (__dl_pthread_kill+34)
09-08 01:22:51.646  3515  3515 F DEBUG   :     #02 pc 0003e32f  /system/bin/linker (__dl_raise+10)
09-08 01:22:51.646  3515  3515 F DEBUG   :     #03 pc 0003cdeb  /system/bin/linker (__dl___libc_android_abort+34)
09-08 01:22:51.646  3515  3515 F DEBUG   :     #04 pc 0003bbbc  /system/bin/linker (__dl_abort+4)
09-08 01:22:51.646  3515  3515 F DEBUG   :     #05 pc 0003de2b  /system/bin/linker (__dl___libc_fatal+22)
09-08 01:22:51.646  3515  3515 F DEBUG   :     #06 pc 00009c43  /system/bin/linker (__dl__ZL29__linker_init_post_relocationR19KernelArgumentBlockj+3146)
09-08 01:22:51.646  3515  3515 F DEBUG   :     #07 pc 00008f63  /system/bin/linker (__dl___linker_init+358)
09-08 01:22:51.646  3515  3515 F DEBUG   :     #08 pc 000027c0  /system/bin/linker (_start+4)
09-08 01:22:51.681  3068  3068 W         : debuggerd: resuming target 3483
09-08 01:22:51.681  3068  3068 W         : debuggerd: handling request: pid=3485 uid=1013 gid=1005 tid=3485
09-08 01:22:51.686  3149  3149 I ServiceManager: service 'media.audio_flinger' died
09-08 01:22:51.686  3543  3543 E         : debuggerd: Unable to connect to activity manager (connect failed: No such file or directory)
09-08 01:22:51.686  3543  3543 E         : debuggerd: failed to respond to client: Broken pipe
09-08 01:22:51.686  3543  3543 E         : debuggerd: ptrace detach from 3485 failed: No such process
09-08 01:22:51.687  3068  3068 W         : debuggerd: resuming target 3485
09-08 01:22:57.121  3576  3576 F libc    : CANNOT LINK EXECUTABLE "/system/bin/cameraserver": cannot locate symbol "_ZNK7android8hardware7camera26params19OutputConfiguration14getSurfaceTypeEv" referenced by "/system/lib/libcameraservice.so"...
09-08 01:22:57.121  3576  3576 F libc    : Fatal signal 6 (SIGABRT), code -6 in tid 3576 (cameraserver)
09-08 01:22:57.121  3068  3068 W         : debuggerd: handling request: pid=3576 uid=1047 gid=1023 tid=3576
09-08 01:22:57.127  3582  3582 E         : debuggerd: Unable to connect to activity manager (connect failed: No such file or directory)
09-08 01:22:57.127  3582  3582 F DEBUG   : *** *** *** *** *** *** *** *** *** *** *** *** *** *** *** ***
09-08 01:22:57.127  3582  3582 F DEBUG   : LineageOS Version: '14.1-20170907-UNOFFICIAL-dream2lte'
09-08 01:22:57.128  3582  3582 F DEBUG   : Build fingerprint: 'samsung/dream2ltexx/dream2lte:7.0/NRD90M/G955FXXU1AQH3:user/release-keys'
09-08 01:22:57.128  3582  3582 F DEBUG   : Revision: '0'
09-08 01:22:57.128  3582  3582 F DEBUG   : ABI: 'arm'
09-08 01:22:57.128  3582  3582 F DEBUG   : pid: 3576, tid: 3576, name: cameraserver  >>> /system/bin/cameraserver <<<
09-08 01:22:57.128  3582  3582 F DEBUG   : signal 6 (SIGABRT), code -6 (SI_TKILL), fault addr --------
09-08 01:22:57.128  3582  3582 F DEBUG   :     r0 00000000  r1 00000df8  r2 00000006  r3 00000008
09-08 01:22:57.128  3582  3582 F DEBUG   :     r4 f76b358c  r5 00000006  r6 f76b3534  r7 0000010c
09-08 01:22:57.128  3582  3582 F DEBUG   :     r8 ffeb61b8  r9 00000001  sl ffeb61e0  fp f7640010
09-08 01:22:57.128  3582  3582 F DEBUG   :     ip 00000000  sp ffeb6150  lr f7692f8f  pc f76939a8  cpsr 200f0010
09-08 01:22:57.132  3582  3582 F DEBUG   : 
09-08 01:22:57.132  3582  3582 F DEBUG   : backtrace:
09-08 01:22:57.132  3582  3582 F DEBUG   :     #00 pc 000469a8  /system/bin/linker (__dl_tgkill+12)
09-08 01:22:57.133  3582  3582 F DEBUG   :     #01 pc 00045f8b  /system/bin/linker (__dl_pthread_kill+34)
09-08 01:22:57.133  3582  3582 F DEBUG   :     #02 pc 0003e32f  /system/bin/linker (__dl_raise+10)
09-08 01:22:57.133  3582  3582 F DEBUG   :     #03 pc 0003cdeb  /system/bin/linker (__dl___libc_android_abort+34)
09-08 01:22:57.133  3582  3582 F DEBUG   :     #04 pc 0003bbbc  /system/bin/linker (__dl_abort+4)
09-08 01:22:57.133  3582  3582 F DEBUG   :     #05 pc 0003de2b  /system/bin/linker (__dl___libc_fatal+22)
09-08 01:22:57.133  3582  3582 F DEBUG   :     #06 pc 00009c43  /system/bin/linker (__dl__ZL29__linker_init_post_relocationR19KernelArgumentBlockj+3146)
09-08 01:22:57.133  3582  3582 F DEBUG   :     #07 pc 00008f63  /system/bin/linker (__dl___linker_init+358)
09-08 01:22:57.133  3582  3582 F DEBUG   :     #08 pc 000027c0  /system/bin/linker (_start+4)
09-08 01:22:57.133  3581  3581 I Netd    : Netd 1.0 starting
09-08 01:22:57.134  3581  3581 D TetherController: Setting IP forward enable = 0
09-08 01:22:57.135  3581  3581 I QtiConnectivityAdapter: Failed to open libconnctrl, some features may not be present.
09-08 01:22:57.135  3581  3581 E         : Failed to open libdatactrl, some features may not be present.
09-08 01:22:57.135  3581  3581 E         : Failed to open libcsm_data, some features may not be present.
09-08 01:22:57.135  3078  3078 W auditd  : type=1325 audit(0.0:131): table=filter family=2 entries=19
09-08 01:22:57.135  3078  3078 W auditd  : type=1320 audit(0.0:131): 
09-08 01:22:57.140  3578  3578 F libc    : CANNOT LINK EXECUTABLE "/system/bin/app_process32": cannot locate symbol "_ZN7android14CameraMetadata14getTagFromNameEPKcPKNS_19VendorTagDescriptorEPj" referenced by "/system/lib/libandroid_runtime.so"...
09-08 01:22:57.140  3578  3578 F libc    : Fatal signal 6 (SIGABRT), code -6 in tid 3578 (app_process32)
09-08 01:22:57.139  3078  3078 W auditd  : type=1325 audit(0.0:132): table=filter family=10 entries=18
09-08 01:22:57.139  3078  3078 W auditd  : type=1320 audit(0.0:132): 
09-08 01:22:57.146  3580  3580 F libc    : CANNOT LINK EXECUTABLE "/system/bin/mediaserver": cannot locate symbol "_ZNK7android8hardware7camera26params19OutputConfiguration14getSurfaceTypeEv" referenced by "/system/lib/libcameraservice.so"...
09-08 01:22:57.146  3580  3580 F libc    : Fatal signal 6 (SIGABRT), code -6 in tid 3580 (mediaserver)
09-08 01:22:57.147  3078  3078 W auditd  : type=1325 audit(0.0:133): table=filter family=2 entries=18
09-08 01:22:57.147  3078  3078 W auditd  : type=1320 audit(0.0:133): 
09-08 01:22:57.151  3078  3078 W auditd  : type=1325 audit(0.0:134): table=filter family=10 entries=17
09-08 01:22:57.151  3078  3078 W auditd  : type=1320 audit(0.0:134): 
09-08 01:22:57.151  3576  3576 W cameraserver: type=1701 audit(0.0:135): auid=4294967295 uid=1047 gid=1023 ses=4294967295 subj=u:r:cameraserver:s0 exe="/system/bin/cameraserver" sig=6
09-08 01:22:57.157  3068  3068 W         : debuggerd: resuming target 3576
09-08 01:22:57.157  3068  3068 E         : debuggerd: failed to send signal 18 to target: No such process
09-08 01:22:57.157  3068  3068 W         : debuggerd: handling request: pid=3578 uid=0 gid=0 tid=3578
09-08 01:22:57.155  3078  3078 W auditd  : type=1325 audit(0.0:136): table=filter family=2 entries=18
09-08 01:22:57.155  3078  3078 W auditd  : type=1320 audit(0.0:136): 
09-08 01:22:57.159  3078  3078 W auditd  : type=1325 audit(0.0:137): table=filter family=10 entries=17
09-08 01:22:57.159  3078  3078 W auditd  : type=1320 audit(0.0:137): 
09-08 01:22:57.164  3592  3592 E         : debuggerd: Unable to connect to activity manager (connect failed: No such file or directory)
09-08 01:22:57.163  3078  3078 W auditd  : type=1325 audit(0.0:138): table=filter family=2 entries=16
09-08 01:22:57.163  3078  3078 W auditd  : type=1320 audit(0.0:138): 
09-08 01:22:57.167  3078  3078 W auditd  : type=1325 audit(0.0:139): table=filter family=10 entries=15
09-08 01:22:57.167  3078  3078 W auditd  : type=1320 audit(0.0:139): 
09-08 01:22:57.171  3078  3078 W auditd  : type=1325 audit(0.0:140): table=filter family=2 entries=18
09-08 01:22:57.171  3078  3078 W auditd  : type=1320 audit(0.0:140): 
09-08 01:22:57.179  3078  3078 W auditd  : type=1325 audit(0.0:141): table=filter family=10 entries=17
09-08 01:22:57.190  3579  3579 I         : sMaxFastTracks = 8
09-08 01:22:57.190  3579  3579 I audioserver: ServiceManager: 0xf6699440
09-08 01:22:57.190  3579  3579 W BatteryNotifier: batterystats service unavailable!
09-08 01:22:57.191  3579  3579 I AudioFlinger: Using default 3000 mSec as standby time.
09-08 01:22:57.191  3579  3579 I AudioPolicyService: AudioPolicyService CSTOR in new mode
09-08 01:22:57.191  3579  3579 W APM::ConfigParsingUtils: loadOutput() invalid supported devices
09-08 01:22:57.191  3579  3579 W APM::ConfigParsingUtils: loadInput() invalid supported devices
09-08 01:22:57.191  3579  3579 W APM::ConfigParsingUtils: loadInput() invalid supported devices
09-08 01:22:57.191  3579  3579 I APM::ConfigParsingUtils: loadAudioPolicyConfig() loaded /system/etc/audio_policy.conf
09-08 01:22:57.214  3592  3592 F DEBUG   : *** *** *** *** *** *** *** *** *** *** *** *** *** *** *** ***
09-08 01:22:57.214  3592  3592 F DEBUG   : LineageOS Version: '14.1-20170907-UNOFFICIAL-dream2lte'
09-08 01:22:57.214  3592  3592 F DEBUG   : Build fingerprint: 'samsung/dream2ltexx/dream2lte:7.0/NRD90M/G955FXXU1AQH3:user/release-keys'
09-08 01:22:57.215  3592  3592 F DEBUG   : Revision: '0'
09-08 01:22:57.215  3592  3592 F DEBUG   : ABI: 'arm'
09-08 01:22:57.215  3592  3592 F DEBUG   : pid: 3578, tid: 3578, name: app_process32  >>> /system/bin/app_process32 <<<
09-08 01:22:57.215  3592  3592 F DEBUG   : signal 6 (SIGABRT), code -6 (SI_TKILL), fault addr --------
09-08 01:22:57.215  3592  3592 F DEBUG   :     r0 00000000  r1 00000dfa  r2 00000006  r3 00000008
09-08 01:22:57.215  3592  3592 F DEBUG   :     r4 f762458c  r5 00000006  r6 f7624534  r7 0000010c
09-08 01:22:57.215  3592  3592 F DEBUG   :     r8 ffcb0c20  r9 00000001  sl ffcb0c50  fp f75b1010
09-08 01:22:57.215  3592  3592 F DEBUG   :     ip 00000000  sp ffcb0bb8  lr f7603f8f  pc f76049a8  cpsr 200f0010
09-08 01:22:57.219  3592  3592 F DEBUG   : 
09-08 01:22:57.219  3592  3592 F DEBUG   : backtrace:
09-08 01:22:57.220  3592  3592 F DEBUG   :     #00 pc 000469a8  /system/bin/linker (__dl_tgkill+12)
09-08 01:22:57.220  3592  3592 F DEBUG   :     #01 pc 00045f8b  /system/bin/linker (__dl_pthread_kill+34)
09-08 01:22:57.220  3592  3592 F DEBUG   :     #02 pc 0003e32f  /system/bin/linker (__dl_raise+10)
09-08 01:22:57.220  3592  3592 F DEBUG   :     #03 pc 0003cdeb  /system/bin/linker (__dl___libc_android_abort+34)
09-08 01:22:57.220  3592  3592 F DEBUG   :     #04 pc 0003bbbc  /system/bin/linker (__dl_abort+4)
09-08 01:22:57.220  3592  3592 F DEBUG   :     #05 pc 0003de2b  /system/bin/linker (__dl___libc_fatal+22)
09-08 01:22:57.220  3592  3592 F DEBUG   :     #06 pc 00009c43  /system/bin/linker (__dl__ZL29__linker_init_post_relocationR19KernelArgumentBlockj+3146)
09-08 01:22:57.220  3592  3592 F DEBUG   :     #07 pc 00008f63  /system/bin/linker (__dl___linker_init+358)
09-08 01:22:57.220  3592  3592 F DEBUG   :     #08 pc 000027c0  /system/bin/linker (_start+4)
09-08 01:22:57.253  3068  3068 W         : debuggerd: resuming target 3578
09-08 01:22:57.254  3068  3068 W         : debuggerd: handling request: pid=3580 uid=1013 gid=1005 tid=3580
09-08 01:22:57.258  3622  3622 E         : debuggerd: Unable to connect to activity manager (connect failed: No such file or directory)
09-08 01:22:57.258  3622  3622 E         : debuggerd: failed to respond to client: Broken pipe
09-08 01:22:57.258  3149  3149 I ServiceManager: service 'media.audio_flinger' died
09-08 01:22:57.258  3622  3622 E         : debuggerd: ptrace detach from 3580 failed: No such process
09-08 01:22:57.259  3068  3068 W         : debuggerd: resuming target 3580
09-08 01:22:57.259  3068  3068 E         : debuggerd: failed to send signal 18 to target: No such process
09-08 01:22:58.534  3624  3624 V lhd     : GlLhdInterface::Init(/system/etc/lhd.conf)
09-08 01:22:58.534  3624  3624 E lhd     : SetCfgValue: Critical Error. Unknown configuration parameter "FlpName"="tcp"
09-08 01:22:58.534  3624  3624 V lhd     : SetCfgValue: LHD config "LheSerialControl"="BBD:Serial=TTY"
09-08 01:22:58.534  3624  3624 E lhd     : SetCfgValue: Critical Error. Unknown configuration parameter "LheClockMHz"="100"
09-08 01:22:58.534  3624  3624 V lhd     : SetCfgValue: LHD config "LhePatch"="/dev/bbd_patch"
09-08 01:22:58.534  3624  3624 V lhd     : SetCfgValue: LHD config "LheMaxMcuResetTries"="4"
09-08 01:22:58.534  3624  3624 V lhd     : SetCfgValue: LHD config "LheBbdPacket"="/dev/ttyBCM"
09-08 01:22:58.534  3624  3624 V lhd     : SetCfgValue: LHD config "LheBbdControl"="/dev/bbd_control"
09-08 01:22:58.534  3624  3624 V lhd     : SetCfgValue: LHD config "LheBbdSensor"="/dev/bbd_sensor"
09-08 01:22:58.534  3624  3624 V lhd     : SetCfgValue: LHD config "Lhe477xDebugFlags"="RPC:FACILITY=33:STDOUT_PUTS:STDOUT_LOG"
09-08 01:22:58.534  3624  3624 E lhd     : SetCfgValue: Critical Error. Unknown configuration parameter "LheSensorIpc"="true"
09-08 01:22:58.534  3624  3624 E lhd     : SetCfgValue: Critical Error. Unknown configuration parameter "LhePinMux"="P17=M1"
09-08 01:22:58.534  3624  3624 V lhd     : SetCfgValue: LHD config "LheAutoBaudDelayMS"="10"
09-08 01:22:58.534  3624  3624 V lhd     : SetCfgValue: LHD config "LheMaxMcuResetTries"="3"
09-08 01:22:58.535  3624  3624 E lhd     : OpenFirmwareFile: Fail to open /efs/sec_efs/sensorhub_urgent_fw.patch, errno 2
09-08 01:22:58.535  3624  3624 E lhd     : getCustPatchVersion: Fail to parse patch /efs/sec_efs/sensorhub_urgent_fw.patch
09-08 01:22:58.535  3624  3624 E lhd     : getCustPatchVersion: <CustomerVersion> not found
09-08 01:22:58.594  3624  3624 D lhd     : OnIpcConnect
09-08 01:23:01.532  3626  3626 F libc    : CANNOT LINK EXECUTABLE "/system/bin/cameraserver": cannot locate symbol "_ZNK7android8hardware7camera26params19OutputConfiguration14getSurfaceTypeEv" referenced by "/system/lib/libcameraservice.so"...
09-08 01:23:01.532  3626  3626 F libc    : Fatal signal 6 (SIGABRT), code -6 in tid 3626 (cameraserver)
09-08 01:23:01.533  3068  3068 W         : debuggerd: handling request: pid=3626 uid=1047 gid=1023 tid=3626
09-08 01:23:01.540  3632  3632 E         : debuggerd: Unable to connect to activity manager (connect failed: No such file or directory)
09-08 01:23:01.540  3632  3632 F DEBUG   : *** *** *** *** *** *** *** *** *** *** *** *** *** *** *** ***
09-08 01:23:01.541  3632  3632 F DEBUG   : LineageOS Version: '14.1-20170907-UNOFFICIAL-dream2lte'
09-08 01:23:01.541  3632  3632 F DEBUG   : Build fingerprint: 'samsung/dream2ltexx/dream2lte:7.0/NRD90M/G955FXXU1AQH3:user/release-keys'
09-08 01:23:01.541  3632  3632 F DEBUG   : Revision: '0'
09-08 01:23:01.541  3632  3632 F DEBUG   : ABI: 'arm'
09-08 01:23:01.541  3632  3632 F DEBUG   : pid: 3626, tid: 3626, name: cameraserver  >>> /system/bin/cameraserver <<<
09-08 01:23:01.541  3632  3632 F DEBUG   : signal 6 (SIGABRT), code -6 (SI_TKILL), fault addr --------
09-08 01:23:01.541  3632  3632 F DEBUG   :     r0 00000000  r1 00000e2a  r2 00000006  r3 00000008
09-08 01:23:01.542  3632  3632 F DEBUG   :     r4 f76a858c  r5 00000006  r6 f76a8534  r7 0000010c
09-08 01:23:01.542  3632  3632 F DEBUG   :     r8 ffbd2cc8  r9 00000001  sl ffbd2cf0  fp f7635010
09-08 01:23:01.542  3632  3632 F DEBUG   :     ip 00000000  sp ffbd2c60  lr f7687f8f  pc f76889a8  cpsr 200f0010
09-08 01:23:01.544  3630  3630 F libc    : CANNOT LINK EXECUTABLE "/system/bin/mediaserver": cannot locate symbol "_ZNK7android8hardware7camera26params19OutputConfiguration14getSurfaceTypeEv" referenced by "/system/lib/libcameraservice.so"...
09-08 01:23:01.544  3630  3630 F libc    : Fatal signal 6 (SIGABRT), code -6 in tid 3630 (mediaserver)
09-08 01:23:01.546  3632  3632 F DEBUG   : 
09-08 01:23:01.546  3632  3632 F DEBUG   : backtrace:
09-08 01:23:01.546  3632  3632 F DEBUG   :     #00 pc 000469a8  /system/bin/linker (__dl_tgkill+12)
09-08 01:23:01.546  3632  3632 F DEBUG   :     #01 pc 00045f8b  /system/bin/linker (__dl_pthread_kill+34)
09-08 01:23:01.546  3632  3632 F DEBUG   :     #02 pc 0003e32f  /system/bin/linker (__dl_raise+10)
09-08 01:23:01.546  3632  3632 F DEBUG   :     #03 pc 0003cdeb  /system/bin/linker (__dl___libc_android_abort+34)
09-08 01:23:01.546  3632  3632 F DEBUG   :     #04 pc 0003bbbc  /system/bin/linker (__dl_abort+4)
09-08 01:23:01.546  3632  3632 F DEBUG   :     #05 pc 0003de2b  /system/bin/linker (__dl___libc_fatal+22)
09-08 01:23:01.546  3632  3632 F DEBUG   :     #06 pc 00009c43  /system/bin/linker (__dl__ZL29__linker_init_post_relocationR19KernelArgumentBlockj+3146)
09-08 01:23:01.546  3632  3632 F DEBUG   :     #07 pc 00008f63  /system/bin/linker (__dl___linker_init+358)
09-08 01:23:01.546  3632  3632 F DEBUG   :     #08 pc 000027c0  /system/bin/linker (_start+4)
09-08 01:23:01.548  3628  3628 F libc    : CANNOT LINK EXECUTABLE "/system/bin/app_process32": cannot locate symbol "_ZN7android14CameraMetadata14getTagFromNameEPKcPKNS_19VendorTagDescriptorEPj" referenced by "/system/lib/libandroid_runtime.so"...
09-08 01:23:01.548  3628  3628 F libc    : Fatal signal 6 (SIGABRT), code -6 in tid 3628 (app_process32)
09-08 01:23:01.550  3631  3631 I Netd    : Netd 1.0 starting
09-08 01:23:01.550  3631  3631 D TetherController: Setting IP forward enable = 0
09-08 01:23:01.552  3631  3631 I QtiConnectivityAdapter: Failed to open libconnctrl, some features may not be present.
09-08 01:23:01.552  3631  3631 E         : Failed to open libdatactrl, some features may not be present.
09-08 01:23:01.552  3631  3631 E         : Failed to open libcsm_data, some features may not be present.
09-08 01:23:01.551  3078  3078 W auditd  : type=1325 audit(0.0:160): table=filter family=2 entries=18
09-08 01:23:01.551  3078  3078 W auditd  : type=1320 audit(0.0:160): 
09-08 01:23:01.555  3078  3078 W auditd  : type=1325 audit(0.0:161): table=filter family=10 entries=15
09-08 01:23:01.555  3078  3078 W auditd  : type=1320 audit(0.0:161): 
09-08 01:23:01.559  3078  3078 W auditd  : type=1325 audit(0.0:162): table=filter family=2 entries=17
09-08 01:23:01.559  3078  3078 W auditd  : type=1320 audit(0.0:162): 
09-08 01:23:01.563  3626  3626 W cameraserver: type=1701 audit(0.0:163): auid=4294967295 uid=1047 gid=1023 ses=4294967295 subj=u:r:cameraserver:s0 exe="/system/bin/cameraserver" sig=6
09-08 01:23:01.568  3068  3068 W         : debuggerd: resuming target 3626
09-08 01:23:01.568  3068  3068 E         : debuggerd: failed to send signal 18 to target: No such process
09-08 01:23:01.568  3068  3068 W         : debuggerd: handling request: pid=3630 uid=1013 gid=1005 tid=3630
09-08 01:23:01.563  3078  3078 W auditd  : type=1325 audit(0.0:164): table=filter family=10 entries=14
09-08 01:23:01.563  3078  3078 W auditd  : type=1320 audit(0.0:164): 
09-08 01:23:01.573  3641  3641 E         : debuggerd: Unable to connect to activity manager (connect failed: No such file or directory)
09-08 01:23:01.567  3078  3078 W auditd  : type=1325 audit(0.0:165): table=filter family=2 entries=17
09-08 01:23:01.567  3078  3078 W auditd  : type=1320 audit(0.0:165): 
09-08 01:23:01.571  3078  3078 W auditd  : type=1325 audit(0.0:166): table=filter family=10 entries=14
09-08 01:23:01.571  3078  3078 W auditd  : type=1320 audit(0.0:166): 
09-08 01:23:01.579  3078  3078 W auditd  : type=1325 audit(0.0:167): table=filter family=2 entries=15
09-08 01:23:01.579  3078  3078 W auditd  : type=1320 audit(0.0:167): 
09-08 01:23:01.583  3078  3078 W auditd  : type=1325 audit(0.0:168): table=filter family=10 entries=12
09-08 01:23:01.583  3078  3078 W auditd  : type=1320 audit(0.0:168): 
09-08 01:23:01.587  3078  3078 W auditd  : type=1325 audit(0.0:169): table=filter family=2 entries=17
09-08 01:23:01.587  3078  3078 W auditd  : type=1320 audit(0.0:169): 
09-08 01:23:01.595  3629  3629 I         : sMaxFastTracks = 8
09-08 01:23:01.596  3629  3629 I audioserver: ServiceManager: 0xf6399440
09-08 01:23:01.596  3629  3629 W BatteryNotifier: batterystats service unavailable!
09-08 01:23:01.596  3629  3629 I AudioFlinger: Using default 3000 mSec as standby time.
09-08 01:23:01.596  3629  3629 I AudioPolicyService: AudioPolicyService CSTOR in new mode
09-08 01:23:01.597  3629  3629 W APM::ConfigParsingUtils: loadOutput() invalid supported devices
09-08 01:23:01.597  3629  3629 W APM::ConfigParsingUtils: loadInput() invalid supported devices
09-08 01:23:01.597  3629  3629 W APM::ConfigParsingUtils: loadInput() invalid supported devices
09-08 01:23:01.597  3629  3629 I APM::ConfigParsingUtils: loadAudioPolicyConfig() loaded /system/etc/audio_policy.conf
09-08 01:23:01.595  3078  3078 W auditd  : type=1325 audit(0.0:170): table=filter family=10 entries=14
09-08 01:23:01.624  3641  3641 F DEBUG   : *** *** *** *** *** *** *** *** *** *** *** *** *** *** *** ***
09-08 01:23:01.624  3641  3641 F DEBUG   : LineageOS Version: '14.1-20170907-UNOFFICIAL-dream2lte'
09-08 01:23:01.624  3641  3641 F DEBUG   : Build fingerprint: 'samsung/dream2ltexx/dream2lte:7.0/NRD90M/G955FXXU1AQH3:user/release-keys'
09-08 01:23:01.624  3641  3641 F DEBUG   : Revision: '0'
09-08 01:23:01.624  3641  3641 F DEBUG   : ABI: 'arm'
09-08 01:23:01.624  3641  3641 F DEBUG   : pid: 3630, tid: 3630, name: mediaserver  >>> /system/bin/mediaserver <<<
09-08 01:23:01.624  3641  3641 F DEBUG   : signal 6 (SIGABRT), code -6 (SI_TKILL), fault addr --------
09-08 01:23:01.625  3641  3641 F DEBUG   :     r0 00000000  r1 00000e2e  r2 00000006  r3 00000008
09-08 01:23:01.625  3641  3641 F DEBUG   :     r4 f70cc58c  r5 00000006  r6 f70cc534  r7 0000010c
09-08 01:23:01.625  3641  3641 F DEBUG   :     r8 ffdc80f0  r9 00000001  sl ffdc8130  fp f7059010
09-08 01:23:01.625  3641  3641 F DEBUG   :     ip 00000000  sp ffdc8088  lr f70abf8f  pc f70ac9a8  cpsr 200f0010
09-08 01:23:01.628  3641  3641 F DEBUG   : 
09-08 01:23:01.628  3641  3641 F DEBUG   : backtrace:
09-08 01:23:01.628  3641  3641 F DEBUG   :     #00 pc 000469a8  /system/bin/linker (__dl_tgkill+12)
09-08 01:23:01.628  3641  3641 F DEBUG   :     #01 pc 00045f8b  /system/bin/linker (__dl_pthread_kill+34)
09-08 01:23:01.628  3641  3641 F DEBUG   :     #02 pc 0003e32f  /system/bin/linker (__dl_raise+10)
09-08 01:23:01.628  3641  3641 F DEBUG   :     #03 pc 0003cdeb  /system/bin/linker (__dl___libc_android_abort+34)
09-08 01:23:01.629  3641  3641 F DEBUG   :     #04 pc 0003bbbc  /system/bin/linker (__dl_abort+4)
09-08 01:23:01.629  3641  3641 F DEBUG   :     #05 pc 0003de2b  /system/bin/linker (__dl___libc_fatal+22)
09-08 01:23:01.629  3641  3641 F DEBUG   :     #06 pc 00009c43  /system/bin/linker (__dl__ZL29__linker_init_post_relocationR19KernelArgumentBlockj+3146)
09-08 01:23:01.629  3641  3641 F DEBUG   :     #07 pc 00008f63  /system/bin/linker (__dl___linker_init+358)
09-08 01:23:01.629  3641  3641 F DEBUG   :     #08 pc 000027c0  /system/bin/linker (_start+4)
09-08 01:23:01.652  3068  3068 W         : debuggerd: resuming target 3630
09-08 01:23:01.652  3068  3068 E         : debuggerd: failed to send signal 18 to target: No such process
09-08 01:23:01.652  3068  3068 W         : debuggerd: handling request: pid=3628 uid=0 gid=0 tid=3628
09-08 01:23:01.659  3665  3665 E         : debuggerd: Unable to connect to activity manager (connect failed: No such file or directory)
09-08 01:23:01.710  3665  3665 F DEBUG   : *** *** *** *** *** *** *** *** *** *** *** *** *** *** *** ***
09-08 01:23:01.710  3665  3665 F DEBUG   : LineageOS Version: '14.1-20170907-UNOFFICIAL-dream2lte'
09-08 01:23:01.710  3665  3665 F DEBUG   : Build fingerprint: 'samsung/dream2ltexx/dream2lte:7.0/NRD90M/G955FXXU1AQH3:user/release-keys'
09-08 01:23:01.710  3665  3665 F DEBUG   : Revision: '0'
09-08 01:23:01.710  3665  3665 F DEBUG   : ABI: 'arm'
09-08 01:23:01.710  3665  3665 F DEBUG   : pid: 3628, tid: 3628, name: app_process32  >>> /system/bin/app_process32 <<<
09-08 01:23:01.710  3665  3665 F DEBUG   : signal 6 (SIGABRT), code -6 (SI_TKILL), fault addr --------
09-08 01:23:01.710  3665  3665 F DEBUG   :     r0 00000000  r1 00000e2c  r2 00000006  r3 00000008
09-08 01:23:01.710  3665  3665 F DEBUG   :     r4 f735358c  r5 00000006  r6 f7353534  r7 0000010c
09-08 01:23:01.710  3665  3665 F DEBUG   :     r8 ff8b3600  r9 00000001  sl ff8b3630  fp f72e0010
09-08 01:23:01.710  3665  3665 F DEBUG   :     ip 00000000  sp ff8b3598  lr f7332f8f  pc f73339a8  cpsr 200f0010
09-08 01:23:01.714  3665  3665 F DEBUG   : 
09-08 01:23:01.714  3665  3665 F DEBUG   : backtrace:
