11-21 19:19:33.788  3581  3594 I Telecom : PhoneAccountRegistrar: [ComponentInfo{com.android.phone/com.android.services.telephony.TelephonyConnectionService}, [e0184adedf913b076626646d3f52c3b49c39ad6d], UserHandle{0}(icon: Icon(typ=BITMAP size=67x84) -> Icon(typ=BITMAP size=67x84))]: TSI.rPA@AA0
11-21 19:19:33.790  3581  3594 I Telecom : : Sending phone-account registered intent as user: TSI.rPA@AA0
11-21 19:19:33.798  3757  3757 W KeyguardUpdateMonitor: invalid subId in handleSimStateChange()
11-21 19:19:33.799  4016  4016 D CellBroadcastReceiver: onReceive Intent { act=android.intent.action.SIM_STATE_CHANGED flg=0x4000010 cmp=com.android.cellbroadcastreceiver/.CellBroadcastReceiver (has extras) }
11-21 19:19:33.801  3903  3903 D SimSelectNotification:  no of slots 1 provision = true
11-21 19:19:33.805  3884  3884 W System  : ClassLoader referenced unknown path: /system/app/Stk/lib/arm64
11-21 19:19:33.806  3884  3884 D ApplicationLoaders: ignored Vulkan layer search path /system/app/Stk/lib/arm64:/system/lib64:/vendor/lib64 for namespace 0x7fb314d160
11-21 19:19:33.982  3581  3581 I EntropyMixer: Writing entropy...
11-21 19:19:33.986  3581  3599 E BatteryStatsService: no controller energy info supplied
11-21 19:19:34.039  3757  3757 W KeyguardUpdateMonitor: invalid subId in handleSimStateChange()
11-21 19:19:34.040  4016  4016 D CellBroadcastReceiver: onReceive Intent { act=android.intent.action.SIM_STATE_CHANGED flg=0x4000010 cmp=com.android.cellbroadcastreceiver/.CellBroadcastReceiver (has extras) }
11-21 19:19:34.042  3903  3903 D SimSelectNotification:  no of slots 1 provision = true
11-21 19:19:34.308  3581  3626 I Sensors : ProximitySensor - 0(cm)
11-21 19:19:34.308  3581  3626 I Sensors : ProximitySensor TS_H - 2, RES - 8589934592
11-21 19:19:34.308  3581  3626 I Sensors : ProximitySensor TS_L - 342296482, RES - 8932231074
11-21 19:19:34.308  3581  3626 I Sensors : ProximitySensor Sync
11-21 19:19:34.332  3884  3884 D MccTable: updateMccMncConfiguration mccmnc='72234' fromServiceState=true
11-21 19:19:34.333  3884  3884 D MccTable: updateMccMncConfiguration defaultMccMnc=
11-21 19:19:34.333  3884  3884 D MccTable: updateMccMncConfiguration: mcc=722, mnc=34
11-21 19:19:34.333  3884  3884 D MccTable: WIFI_COUNTRY_CODE set to ar
11-21 19:19:34.333  3581  3593 I WifiService: WifiService trying to set country code to ar with persist set to false
11-21 19:19:34.371  4199  4199 I wpa_supplicant: wlan0: CTRL-EVENT-REGDOM-CHANGE init=USER type=COUNTRY alpha2=AR
11-21 19:19:34.371  3581  3593 D WifiCountryCode: Succeeded to set country code to: AR
11-21 19:19:34.373  3581  3771 D AlarmManagerService: Kernel timezone updated to 180 minutes west of GMT
11-21 19:19:34.374  3581  3772 D AlarmManagerService: Kernel timezone updated to 180 minutes west of GMT
11-21 19:19:34.377  3757  3757 W KeyguardUpdateMonitor: invalid subId in handleServiceStateChange()
11-21 19:19:34.378  4016  4016 D CellBroadcastReceiver: onReceive Intent { act=android.intent.action.SERVICE_STATE flg=0x10 cmp=com.android.cellbroadcastreceiver/.CellBroadcastReceiver (has extras) }
11-21 19:19:34.378  4016  4016 D CellBroadcastReceiver: Intent: android.intent.action.SERVICE_STATE
11-21 19:19:34.379  3884  3884 I Telephony: PstnIncomingCallNotifier: Unregistering: Handler (com.android.internal.telephony.GsmCdmaPhone) {a305651}
11-21 19:19:34.379  3884  3884 E PhoneInterfaceManager: [PhoneIntfMgr] getIccId: No UICC
11-21 19:19:34.382  3581  3901 I Telecom : PhoneAccountRegistrar: [ComponentInfo{com.android.phone/com.android.services.telephony.TelephonyConnectionService}, [e0184adedf913b076626646d3f52c3b49c39ad6d], UserHandle{0}(icon: Icon(typ=BITMAP size=67x84) -> Icon(typ=BITMAP size=67x84))]: TSI.rPA@AA4
11-21 19:19:34.383  3581  3901 I Telecom : : Sending phone-account registered intent as user: TSI.rPA@AA4
11-21 19:19:34.383  3884  3884 I Telephony: AccountEntry: Registered phoneAccount: [[ ] PhoneAccount: ComponentInfo{com.android.phone/com.android.services.telephony.TelephonyConnectionService}, [e0184adedf913b076626646d3f52c3b49c39ad6d], UserHandle{0} Capabilities: CallProvider MultiUser PlaceEmerg SimSub  Audio Routes: BESW Schemes: tel voicemail  Extras: null GroupId: [da39a3ee5e6b4b0d3255bfef95601890afd80709]] with handle: ComponentInfo{com.android.phone/com.android.services.telephony.TelephonyConnectionService}, [e0184adedf913b076626646d3f52c3b49c39ad6d], UserHandle{0}
11-21 19:19:34.384  3884  3884 I Telephony: PstnIncomingCallNotifier: Registering: Handler (com.android.internal.telephony.GsmCdmaPhone) {a305651}
11-21 19:19:34.387  3884  3884 E PhoneInterfaceManager: [PhoneIntfMgr] getIccId: No UICC
11-21 19:19:34.389  3581  3593 I Telecom : PhoneAccountRegistrar: [ComponentInfo{com.android.phone/com.android.services.telephony.TelephonyConnectionService}, [e0184adedf913b076626646d3f52c3b49c39ad6d], UserHandle{0}(icon: Icon(typ=BITMAP size=67x84) -> Icon(typ=BITMAP size=67x84))]: TSI.rPA@ABE
11-21 19:19:34.390  3581  3593 I Telecom : : Sending phone-account registered intent as user: TSI.rPA@ABE
11-21 19:19:34.430  3581  3595 D libgps  : agps_set_server: Waiting for IPC connection - timeout
11-21 19:19:34.430  3581  3595 E libgps  : LIBGPS: Cannot communicate (write) with a GPSD
11-21 19:19:34.430  3581  3595 E libgps  : IPC Communication Error, ../../../../tmp/15194007_282637/allPartners/os/android/gps_interface/gpsi_client/GpsiClient.cpp:1685 agps_set_server
11-21 19:19:34.430  3581  3595 D GnssLocationProvider: GPS configuration:
11-21 19:19:34.430  3581  3595 D GnssLocationProvider:  #Tue Nov 21 19:19:34 GMT-03:00 2017
11-21 19:19:34.430  3581  3595 D GnssLocationProvider: SUPL_VER=0x20000
11-21 19:19:34.430  3581  3595 D GnssLocationProvider: SUPL_PORT=7275
11-21 19:19:34.430  3581  3595 D GnssLocationProvider: XTRA_SERVER_2=http\://gllto2.glpals.com/4day/v4/latest/lto2.dat
11-21 19:19:34.430  3581  3595 D GnssLocationProvider: XTRA_SERVER_1=http\://gllto1.glpals.com/4day/v4/latest/lto2.dat
11-21 19:19:34.430  3581  3595 D GnssLocationProvider: SUPL_HOST=supl.google.com
11-21 19:19:34.430  3581  3595 D GnssLocationProvider: SUPL_MODE=1
11-21 19:19:34.430  3581  3595 D GnssLocationProvider: NTP_SERVER=north-america.pool.ntp.org
11-21 19:19:34.430  3581  3595 D libgps  : SendGpsExtensionMessage: Waiting for IPC connection...
11-21 19:19:34.473  3581  3603 W WindowManager: App freeze timeout expired.
11-21 19:19:34.529  3884  3884 D MccTable: updateMccMncConfiguration mccmnc='72234' fromServiceState=false
11-21 19:19:34.530  3884  3884 D MccTable: updateMccMncConfiguration defaultMccMnc=
11-21 19:19:34.530  3884  3884 D MccTable: updateMccMncConfiguration: mcc=722, mnc=34
11-21 19:19:34.530  3884  3884 D MccTable: updateMccMncConfiguration updateConfig config={1.0 722mcc34mnc ?localeList ?layoutDir ?swdp ?wdp ?hdp ?density ?lsize ?long ?orien ?uimode ?night ?touch ?keyb/?/? ?nav/?}
11-21 19:19:34.530  3581  3900 I ActivityManager: Config changes=3 {1.0 722mcc34mnc [es_ES] ldltr sw411dp w411dp h773dp 560dpi nrml long port finger -keyb/v/h -nav/h s.7}
11-21 19:19:34.537  3198  3647 D PermissionCache: checking android.permission.READ_FRAME_BUFFER for uid=1000 => granted (995 us)
11-21 19:19:34.577  3903  3942 D mali_winsys: EGLint new_window_surface(egl_winsys_display*, void*, EGLSurface, EGLConfig, egl_winsys_surface**, egl_color_buffer_format*, EGLBoolean) returns 0x3000,  [1440x2960]-format:1
11-21 19:19:34.609  3581  3603 I WindowManager: Screen frozen for +75ms due to AppWindowToken{32982b3 token=Token{af791ed ActivityRecord{d5dc804 u0 com.android.settings/.FallbackHome t1}}}
11-21 19:19:34.707  3581  3626 I Sensors : ProximitySensor - 8(cm)
11-21 19:19:34.707  3581  3626 I Sensors : ProximitySensor TS_H - 2, RES - 8589934592
11-21 19:19:34.707  3581  3626 I Sensors : ProximitySensor TS_L - 741265482, RES - 9331200074
11-21 19:19:34.707  3581  3626 I Sensors : ProximitySensor Sync
11-21 19:19:34.761  3884  3884 I Telephony: PstnIncomingCallNotifier: Unregistering: Handler (com.android.internal.telephony.GsmCdmaPhone) {a305651}
11-21 19:19:34.762  3884  3884 E PhoneInterfaceManager: [PhoneIntfMgr] getIccId: No UICC
11-21 19:19:34.764  3581  3901 I Telecom : PhoneAccountRegistrar: [ComponentInfo{com.android.phone/com.android.services.telephony.TelephonyConnectionService}, [e0184adedf913b076626646d3f52c3b49c39ad6d], UserHandle{0}(icon: Icon(typ=BITMAP size=67x84) -> Icon(typ=BITMAP size=67x84))]: TSI.rPA@ABI
11-21 19:19:34.765  3581  3901 I Telecom : : Sending phone-account registered intent as user: TSI.rPA@ABI
11-21 19:19:34.766  3884  3884 I Telephony: AccountEntry: Registered phoneAccount: [[ ] PhoneAccount: ComponentInfo{com.android.phone/com.android.services.telephony.TelephonyConnectionService}, [e0184adedf913b076626646d3f52c3b49c39ad6d], UserHandle{0} Capabilities: CallProvider MultiUser PlaceEmerg SimSub  Audio Routes: BESW Schemes: tel voicemail  Extras: null GroupId: [da39a3ee5e6b4b0d3255bfef95601890afd80709]] with handle: ComponentInfo{com.android.phone/com.android.services.telephony.TelephonyConnectionService}, [e0184adedf913b076626646d3f52c3b49c39ad6d], UserHandle{0}
11-21 19:19:34.766  3884  3884 I Telephony: PstnIncomingCallNotifier: Registering: Handler (com.android.internal.telephony.GsmCdmaPhone) {a305651}
11-21 19:19:34.773  3884  3884 E PhoneInterfaceManager: [PhoneIntfMgr] getIccId: No UICC
11-21 19:19:34.776  3581  3771 I Telecom : PhoneAccountRegistrar: [ComponentInfo{com.android.phone/com.android.services.telephony.TelephonyConnectionService}, [e0184adedf913b076626646d3f52c3b49c39ad6d], UserHandle{0}(icon: Icon(typ=BITMAP size=67x84) -> Icon(typ=BITMAP size=67x84))]: TSI.rPA@ABU
11-21 19:19:34.777  3581  3771 I Telecom : : Sending phone-account registered intent as user: TSI.rPA@ABU
11-21 19:19:34.779  3884  3884 I Telephony: PstnIncomingCallNotifier: Unregistering: Handler (com.android.internal.telephony.GsmCdmaPhone) {a305651}
11-21 19:19:34.779  3884  3884 E PhoneInterfaceManager: [PhoneIntfMgr] getIccId: No UICC
11-21 19:19:34.782  3581  3901 I Telecom : PhoneAccountRegistrar: [ComponentInfo{com.android.phone/com.android.services.telephony.TelephonyConnectionService}, [e0184adedf913b076626646d3f52c3b49c39ad6d], UserHandle{0}(icon: Icon(typ=BITMAP size=67x84) -> Icon(typ=BITMAP size=67x84))]: TSI.rPA@ABY
11-21 19:19:34.783  3581  3901 I Telecom : : Sending phone-account registered intent as user: TSI.rPA@ABY
11-21 19:19:34.783  3884  3884 I Telephony: AccountEntry: Registered phoneAccount: [[ ] PhoneAccount: ComponentInfo{com.android.phone/com.android.services.telephony.TelephonyConnectionService}, [e0184adedf913b076626646d3f52c3b49c39ad6d], UserHandle{0} Capabilities: CallProvider MultiUser PlaceEmerg SimSub  Audio Routes: BESW Schemes: tel voicemail  Extras: null GroupId: [da39a3ee5e6b4b0d3255bfef95601890afd80709]] with handle: ComponentInfo{com.android.phone/com.android.services.telephony.TelephonyConnectionService}, [e0184adedf913b076626646d3f52c3b49c39ad6d], UserHandle{0}
11-21 19:19:34.783  3884  3884 I Telephony: PstnIncomingCallNotifier: Registering: Handler (com.android.internal.telephony.GsmCdmaPhone) {a305651}
11-21 19:19:34.795  3884  3884 D MccTable: updateMccMncConfiguration mccmnc='72234' fromServiceState=false
11-21 19:19:34.796  3884  3884 D MccTable: updateMccMncConfiguration defaultMccMnc=72234
11-21 19:19:34.796  3884  3884 D MccTable: updateMccMncConfiguration: mcc=722, mnc=34
11-21 19:19:34.796  3884  3884 D MccTable: updateMccMncConfiguration updateConfig config={1.0 722mcc34mnc ?localeList ?layoutDir ?swdp ?wdp ?hdp ?density ?lsize ?long ?orien ?uimode ?night ?touch ?keyb/?/? ?nav/?}
11-21 19:19:34.812  4016  4016 D CellBroadcastReceiver: onReceive Intent { act=android.intent.action.ACTION_DEFAULT_SMS_SUBSCRIPTION_CHANGED flg=0x20000010 cmp=com.android.cellbroadcastreceiver/.CellBroadcastReceiver (has extras) }
11-21 19:19:34.813  4016  4016 D CellBroadcastReceiver: Start Cell Broadcast configuration.
11-21 19:19:34.818  4016  4228 D CellBroadcastConfigService: Enable CellBroadcast on sub 1
11-21 19:19:34.831  4016  4228 E CellBroadcastConfigService: exception enabling cell broadcast channels
11-21 19:19:34.831  4016  4228 E CellBroadcastConfigService: java.lang.NullPointerException: Attempt to invoke virtual method 'java.lang.String android.content.ComponentName.getPackageName()' on a null object reference
11-21 19:19:34.831  4016  4228 E CellBroadcastConfigService: 	at android.os.Parcel.readException(Parcel.java:1690)
11-21 19:19:34.831  4016  4228 E CellBroadcastConfigService: 	at android.os.Parcel.readException(Parcel.java:1637)
11-21 19:19:34.831  4016  4228 E CellBroadcastConfigService: 	at com.android.internal.telephony.ISms$Stub$Proxy.isSmsSimPickActivityNeeded(ISms.java:1409)
11-21 19:19:34.831  4016  4228 E CellBroadcastConfigService: 	at android.telephony.SmsManager.getSubscriptionId(SmsManager.java:828)
11-21 19:19:34.831  4016  4228 E CellBroadcastConfigService: 	at android.telephony.SmsManager.enableCellBroadcastRange(SmsManager.java:1098)
11-21 19:19:34.831  4016  4228 E CellBroadcastConfigService: 	at com.android.cellbroadcastreceiver.CellBroadcastConfigService.setCellBroadcastRange(CellBroadcastConfigService.java:387)
11-21 19:19:34.831  4016  4228 E CellBroadcastConfigService: 	at com.android.cellbroadcastreceiver.CellBroadcastConfigService.setCellBroadcastOnSub(CellBroadcastConfigService.java:217)
11-21 19:19:34.831  4016  4228 E CellBroadcastConfigService: 	at com.android.cellbroadcastreceiver.CellBroadcastConfigService.onHandleIntent(CellBroadcastConfigService.java:96)
11-21 19:19:34.831  4016  4228 E CellBroadcastConfigService: 	at android.app.IntentService$ServiceHandler.handleMessage(IntentService.java:68)
11-21 19:19:34.831  4016  4228 E CellBroadcastConfigService: 	at android.os.Handler.dispatchMessage(Handler.java:102)
11-21 19:19:34.831  4016  4228 E CellBroadcastConfigService: 	at android.os.Looper.loop(Looper.java:154)
11-21 19:19:34.831  4016  4228 E CellBroadcastConfigService: 	at android.os.HandlerThread.run(HandlerThread.java:61)
11-21 19:19:34.847  4016  4016 D CellBroadcastReceiver: onReceive Intent { act=android.intent.action.ACTION_DEFAULT_SMS_SUBSCRIPTION_CHANGED flg=0x20000010 cmp=com.android.cellbroadcastreceiver/.CellBroadcastReceiver (has extras) }
11-21 19:19:34.847  4016  4016 D CellBroadcastReceiver: Start Cell Broadcast configuration.
11-21 19:19:34.848  3884  3884 D MccTable: updateMccMncConfiguration mccmnc='72234' fromServiceState=false
11-21 19:19:34.849  3884  3884 D MccTable: updateMccMncConfiguration defaultMccMnc=72234
11-21 19:19:34.849  3884  3884 D MccTable: updateMccMncConfiguration: mcc=722, mnc=34
11-21 19:19:34.849  3884  3884 D MccTable: updateMccMncConfiguration updateConfig config={1.0 722mcc34mnc ?localeList ?layoutDir ?swdp ?wdp ?hdp ?density ?lsize ?long ?orien ?uimode ?night ?touch ?keyb/?/? ?nav/?}
11-21 19:19:34.852  4016  4230 D CellBroadcastConfigService: Enable CellBroadcast on sub 1
11-21 19:19:34.853  3757  3757 D CarrierText: onSimStateChanged: Normal
11-21 19:19:34.859  3757  3757 D PhoneStatusBar: disable: < expand ICONS alerts SYSTEM_INFO back HOME RECENT clock SEARCH quick_settings >
11-21 19:19:34.863  3757  3757 E SignalClusterView: Unexpected subscription 1
11-21 19:19:34.863  3757  3757 E SignalClusterView: Unexpected subscription 1
11-21 19:19:34.867  4016  4230 E CellBroadcastConfigService: exception enabling cell broadcast channels
11-21 19:19:34.867  4016  4230 E CellBroadcastConfigService: java.lang.NullPointerException: Attempt to invoke virtual method 'java.lang.String android.content.ComponentName.getPackageName()' on a null object reference
11-21 19:19:34.867  4016  4230 E CellBroadcastConfigService: 	at android.os.Parcel.readException(Parcel.java:1690)
11-21 19:19:34.867  4016  4230 E CellBroadcastConfigService: 	at android.os.Parcel.readException(Parcel.java:1637)
11-21 19:19:34.867  4016  4230 E CellBroadcastConfigService: 	at com.android.internal.telephony.ISms$Stub$Proxy.isSmsSimPickActivityNeeded(ISms.java:1409)
11-21 19:19:34.867  4016  4230 E CellBroadcastConfigService: 	at android.telephony.SmsManager.getSubscriptionId(SmsManager.java:828)
11-21 19:19:34.867  4016  4230 E CellBroadcastConfigService: 	at android.telephony.SmsManager.enableCellBroadcastRange(SmsManager.java:1098)
11-21 19:19:34.867  4016  4230 E CellBroadcastConfigService: 	at com.android.cellbroadcastreceiver.CellBroadcastConfigService.setCellBroadcastRange(CellBroadcastConfigService.java:387)
11-21 19:19:34.867  4016  4230 E CellBroadcastConfigService: 	at com.android.cellbroadcastreceiver.CellBroadcastConfigService.setCellBroadcastOnSub(CellBroadcastConfigService.java:217)
11-21 19:19:34.867  4016  4230 E CellBroadcastConfigService: 	at com.android.cellbroadcastreceiver.CellBroadcastConfigService.onHandleIntent(CellBroadcastConfigService.java:96)
11-21 19:19:34.867  4016  4230 E CellBroadcastConfigService: 	at android.app.IntentService$ServiceHandler.handleMessage(IntentService.java:68)
11-21 19:19:34.867  4016  4230 E CellBroadcastConfigService: 	at android.os.Handler.dispatchMessage(Handler.java:102)
11-21 19:19:34.867  4016  4230 E CellBroadcastConfigService: 	at android.os.Looper.loop(Looper.java:154)
11-21 19:19:34.867  4016  4230 E CellBroadcastConfigService: 	at android.os.HandlerThread.run(HandlerThread.java:61)
11-21 19:19:34.872  3581  3581 D WifiService: resetting networks because SIM was loaded
11-21 19:19:34.872  3581  3680 D WifiStateMachine: resetting EAP-SIM/AKA/AKA' networks since SIM was changed
11-21 19:19:34.872  3884  3884 D CarrierConfigLoader: update config for phoneId: 0 simState: LOADED
11-21 19:19:34.872  3884  3884 D CarrierSvcBindHelper: update binding for phoneId: 0 simState: LOADED
11-21 19:19:34.873  4016  4016 D CellBroadcastReceiver: onReceive Intent { act=android.intent.action.SIM_STATE_CHANGED flg=0x4000010 cmp=com.android.cellbroadcastreceiver/.CellBroadcastReceiver (has extras) }
11-21 19:19:34.874  4016  4016 D CellBroadcastReceiver: Default interval 0 did not change.
11-21 19:19:34.890  3581  3771 I Telecom : PhoneAccountRegistrar: [ComponentInfo{com.android.phone/com.android.services.telephony.TelephonyConnectionService}, [e0184adedf913b076626646d3f52c3b49c39ad6d], UserHandle{0}(icon: Icon(typ=BITMAP size=67x84) -> Icon(typ=BITMAP size=67x84))]: TSI.rPA@ABk
11-21 19:19:34.892  3581  3771 I Telecom : : Sending phone-account registered intent as user: TSI.rPA@ABk
11-21 19:19:34.897  3884  3884 D TelephonyProvider: subIdString = 1 subId = 1
11-21 19:19:34.946  3884  3884 D TelephonyProvider: subIdString = 1 subId = 1
11-21 19:19:34.972  3884  3884 I Telephony: PstnIncomingCallNotifier: Unregistering: Handler (com.android.internal.telephony.GsmCdmaPhone) {a305651}
11-21 19:19:34.982  3581  3593 I Telecom : PhoneAccountRegistrar: New phone account registered: [[ ] PhoneAccount: ComponentInfo{com.android.phone/com.android.services.telephony.TelephonyConnectionService}, [2628372b20c6b31a61c46f7f5a9328dbf0edaed6], UserHandle{0} Capabilities: CallProvider MultiUser PlaceEmerg SimSub  Audio Routes: BESW Schemes: tel voicemail  Extras: null GroupId: [da39a3ee5e6b4b0d3255bfef95601890afd80709]]: TSI.rPA@ABo
11-21 19:19:34.984  3581  3593 I Telecom : : Sending phone-account registered intent as user: TSI.rPA@ABo
11-21 19:19:34.985  3884  3884 I Telephony: AccountEntry: Registered phoneAccount: [[ ] PhoneAccount: ComponentInfo{com.android.phone/com.android.services.telephony.TelephonyConnectionService}, [2628372b20c6b31a61c46f7f5a9328dbf0edaed6], UserHandle{0} Capabilities: CallProvider MultiUser PlaceEmerg SimSub  Audio Routes: BESW Schemes: tel voicemail  Extras: null GroupId: [da39a3ee5e6b4b0d3255bfef95601890afd80709]] with handle: ComponentInfo{com.android.phone/com.android.services.telephony.TelephonyConnectionService}, [2628372b20c6b31a61c46f7f5a9328dbf0edaed6], UserHandle{0}
11-21 19:19:34.985  3884  3884 I Telephony: PstnIncomingCallNotifier: Registering: Handler (com.android.internal.telephony.GsmCdmaPhone) {a305651}
11-21 19:19:34.988  3884  3884 I Telephony: TelecomAccountRegistry: Unregistering phone account ComponentInfo{com.android.phone/com.android.services.telephony.TelephonyConnectionService}, [e0184adedf913b076626646d3f52c3b49c39ad6d], UserHandle{0}.
11-21 19:19:34.990  3581  3901 I Telecom : : Sending phone-account unregistered intent as user: TSI.uPA@ABw
11-21 19:19:34.999  3884  3884 D CallNotifier: updatePhoneStateListeners: update CF notifications.
11-21 19:19:34.999  3884  3884 I Telephony: PstnIncomingCallNotifier: Unregistering: Handler (com.android.internal.telephony.GsmCdmaPhone) {a305651}
11-21 19:19:35.006  3581  3771 I Telecom : PhoneAccountRegistrar: [ComponentInfo{com.android.phone/com.android.services.telephony.TelephonyConnectionService}, [2628372b20c6b31a61c46f7f5a9328dbf0edaed6], UserHandle{0}(icon: Icon(typ=BITMAP size=67x84) -> Icon(typ=BITMAP size=67x84))]: TSI.rPA@AB4
11-21 19:19:35.008  3581  3771 I Telecom : : Sending phone-account registered intent as user: TSI.rPA@AB4
11-21 19:19:35.008  3884  3884 I Telephony: AccountEntry: Registered phoneAccount: [[ ] PhoneAccount: ComponentInfo{com.android.phone/com.android.services.telephony.TelephonyConnectionService}, [2628372b20c6b31a61c46f7f5a9328dbf0edaed6], UserHandle{0} Capabilities: CallProvider MultiUser PlaceEmerg SimSub  Audio Routes: BESW Schemes: tel voicemail  Extras: null GroupId: [da39a3ee5e6b4b0d3255bfef95601890afd80709]] with handle: ComponentInfo{com.android.phone/com.android.services.telephony.TelephonyConnectionService}, [2628372b20c6b31a61c46f7f5a9328dbf0edaed6], UserHandle{0}
11-21 19:19:35.008  3884  3884 I Telephony: PstnIncomingCallNotifier: Registering: Handler (com.android.internal.telephony.GsmCdmaPhone) {a305651}
11-21 19:19:35.018  3884  3884 D CallNotifier: updatePhoneStateListeners: update CF notifications.
11-21 19:19:35.018  3884  3884 I Telephony: PstnIncomingCallNotifier: Unregistering: Handler (com.android.internal.telephony.GsmCdmaPhone) {a305651}
11-21 19:19:35.025  3581  3901 I Telecom : PhoneAccountRegistrar: [ComponentInfo{com.android.phone/com.android.services.telephony.TelephonyConnectionService}, [2628372b20c6b31a61c46f7f5a9328dbf0edaed6], UserHandle{0}(icon: Icon(typ=BITMAP size=67x84) -> Icon(typ=BITMAP size=67x84))]: TSI.rPA@ACE
11-21 19:19:35.026  3581  3901 I Telecom : : Sending phone-account registered intent as user: TSI.rPA@ACE
11-21 19:19:35.027  3884  3884 I Telephony: AccountEntry: Registered phoneAccount: [[ ] PhoneAccount: ComponentInfo{com.android.phone/com.android.services.telephony.TelephonyConnectionService}, [2628372b20c6b31a61c46f7f5a9328dbf0edaed6], UserHandle{0} Capabilities: CallProvider MultiUser PlaceEmerg SimSub  Audio Routes: BESW Schemes: tel voicemail  Extras: null GroupId: [da39a3ee5e6b4b0d3255bfef95601890afd80709]] with handle: ComponentInfo{com.android.phone/com.android.services.telephony.TelephonyConnectionService}, [2628372b20c6b31a61c46f7f5a9328dbf0edaed6], UserHandle{0}
11-21 19:19:35.027  3884  3884 I Telephony: PstnIncomingCallNotifier: Registering: Handler (com.android.internal.telephony.GsmCdmaPhone) {a305651}
11-21 19:19:35.030  3884  3884 D CarrierConfigLoader: mHandler: 7 phoneId: 0
11-21 19:19:35.031  3884  3884 E CarrierConfigLoader: java.io.FileNotFoundException: /data/user_de/0/com.android.phone/files/carrierconfig-com.android.carrierconfig-89543420816751226808-72234.xml (No such file or directory)
11-21 19:19:35.031  3884  3884 D CarrierConfigLoader: Binding to com.android.carrierconfig for phone 0
11-21 19:19:35.042  3581  3593 I ActivityManager: Start proc 4235:com.android.carrierconfig/u0a4 for service com.android.carrierconfig/.DefaultCarrierConfigService
11-21 19:19:35.044  3884  3884 D CarrierSvcBindHelper: mHandler: 0
11-21 19:19:35.044  3884  3884 D CarrierSvcBindHelper: Rebinding if necessary for phoneId: 0
11-21 19:19:35.046  3884  3884 D CarrierSvcBindHelper: No carrier app for: 0
11-21 19:19:35.047  3903  3903 D SimSelectNotification:  no of slots 1 provision = true
11-21 19:19:35.050  4235  4235 W System  : ClassLoader referenced unknown path: /system/priv-app/CarrierConfig/lib/arm64
11-21 19:19:35.057  4235  4235 D DefaultCarrierConfigService: Service created
11-21 19:19:35.059  3884  3884 D CallNotifier: updatePhoneStateListeners: update CF notifications.
11-21 19:19:35.059  3884  3884 I Telephony: PstnIncomingCallNotifier: Unregistering: Handler (com.android.internal.telephony.GsmCdmaPhone) {a305651}
11-21 19:19:35.067  3581  3771 I Telecom : PhoneAccountRegistrar: [ComponentInfo{com.android.phone/com.android.services.telephony.TelephonyConnectionService}, [2628372b20c6b31a61c46f7f5a9328dbf0edaed6], UserHandle{0}(icon: Icon(typ=BITMAP size=67x84) -> Icon(typ=BITMAP size=67x84))]: TSI.rPA@ACQ
11-21 19:19:35.068  3581  3771 I Telecom : : Sending phone-account registered intent as user: TSI.rPA@ACQ
11-21 19:19:35.068  3884  3884 I Telephony: AccountEntry: Registered phoneAccount: [[ ] PhoneAccount: ComponentInfo{com.android.phone/com.android.services.telephony.TelephonyConnectionService}, [2628372b20c6b31a61c46f7f5a9328dbf0edaed6], UserHandle{0} Capabilities: CallProvider MultiUser PlaceEmerg SimSub  Audio Routes: BESW Schemes: tel voicemail  Extras: null GroupId: [da39a3ee5e6b4b0d3255bfef95601890afd80709]] with handle: ComponentInfo{com.android.phone/com.android.services.telephony.TelephonyConnectionService}, [2628372b20c6b31a61c46f7f5a9328dbf0edaed6], UserHandle{0}
11-21 19:19:35.068  3884  3884 I Telephony: PstnIncomingCallNotifier: Registering: Handler (com.android.internal.telephony.GsmCdmaPhone) {a305651}
11-21 19:19:35.077  3884  3884 D CallNotifier: updatePhoneStateListeners: update CF notifications.
11-21 19:19:35.077  3884  3884 I Telephony: PstnIncomingCallNotifier: Unregistering: Handler (com.android.internal.telephony.GsmCdmaPhone) {a305651}
11-21 19:19:35.084  3581  3901 I Telecom : PhoneAccountRegistrar: [ComponentInfo{com.android.phone/com.android.services.telephony.TelephonyConnectionService}, [2628372b20c6b31a61c46f7f5a9328dbf0edaed6], UserHandle{0}(icon: Icon(typ=BITMAP size=67x84) -> Icon(typ=BITMAP size=67x84))]: TSI.rPA@ACc
11-21 19:19:35.085  3581  3901 I Telecom : : Sending phone-account registered intent as user: TSI.rPA@ACc
11-21 19:19:35.086  3884  3884 I Telephony: AccountEntry: Registered phoneAccount: [[ ] PhoneAccount: ComponentInfo{com.android.phone/com.android.services.telephony.TelephonyConnectionService}, [2628372b20c6b31a61c46f7f5a9328dbf0edaed6], UserHandle{0} Capabilities: CallProvider MultiUser PlaceEmerg SimSub  Audio Routes: BESW Schemes: tel voicemail  Extras: null GroupId: [da39a3ee5e6b4b0d3255bfef95601890afd80709]] with handle: ComponentInfo{com.android.phone/com.android.services.telephony.TelephonyConnectionService}, [2628372b20c6b31a61c46f7f5a9328dbf0edaed6], UserHandle{0}
11-21 19:19:35.086  3884  3884 I Telephony: PstnIncomingCallNotifier: Registering: Handler (com.android.internal.telephony.GsmCdmaPhone) {a305651}
11-21 19:19:35.095  3884  3884 I NotificationMgr: updateMwi(): subId 1 update to false
11-21 19:19:35.096  3884  3884 D CarrierConfigLoader: Connected to config app: com.android.carrierconfig/com.android.carrierconfig.DefaultCarrierConfigService
11-21 19:19:35.103  3581  3593 I Telecom : PhoneAccountRegistrar: [ComponentInfo{com.android.phone/com.android.services.telephony.TelephonyConnectionService}, [2628372b20c6b31a61c46f7f5a9328dbf0edaed6], UserHandle{0}(icon: Icon(typ=BITMAP size=67x84) -> Icon(typ=BITMAP size=67x84))]: TSI.rPA@ACo
11-21 19:19:35.105  3581  3593 I Telecom : : Sending phone-account registered intent as user: TSI.rPA@ACo
11-21 19:19:35.116  3884  3884 D CarrierConfigLoader: mHandler: 3 phoneId: 0
11-21 19:19:35.116  4235  4248 D DefaultCarrierConfigService: Config being fetched
11-21 19:19:35.117  4235  4248 D DefaultCarrierConfigService: java.io.FileNotFoundException: carrier_config_72234.xml
11-21 19:19:35.121  3884  3884 D CarrierConfigLoader: mHandler: 5 phoneId: 0
11-21 19:19:35.127  3581  3581 I Telecom : PhoneAccountRegistrar: SimCallManager queried, returning: null: TSI.gSCMFU@ACs
11-21 19:19:35.133  3884  3884 D VvmSimChangeReceiver: Carrier config changed
11-21 19:19:35.134  3884  3884 D VvmSimChangeReceiver: User locked, activation request delayed until unlock
11-21 19:19:35.432  3581  3595 D libgps  : SendGpsExtensionMessage: Waiting for IPC connection - timeout
11-21 19:19:35.432  3581  3595 E libgps  : LIBGPS: Cannot communicate (write) with a GPSD
11-21 19:19:35.432  3581  3595 E libgps  : IPC Communication Error, ../../../../tmp/15194007_282637/allPartners/os/android/gps_interface/gpsi_client/GpsiClient.cpp:631 SendGpsExtensionMessage
11-21 19:19:35.433  3581  3581 I GnssLocationProvider: WakeLock acquired by sendMessage(12, 0, null)
11-21 19:19:35.434  3581  3595 I GnssLocationProvider: WakeLock released by handleMessage(13, 0, null)
11-21 19:19:35.439  3581  3595 I SyncManager: Got SyncJobService instance.
11-21 19:19:35.439  3581  3581 I FusedLocation: engine started (com.android.location.fused)
11-21 19:19:35.445  3581  3595 D libgps  : SendGpsExtensionMessage: Waiting for IPC connection...
11-21 19:19:36.446  3581  3595 D libgps  : SendGpsExtensionMessage: Waiting for IPC connection - timeout
11-21 19:19:36.446  3581  3595 E libgps  : LIBGPS: Cannot communicate (write) with a GPSD
11-21 19:19:36.446  3581  3595 E libgps  : IPC Communication Error, ../../../../tmp/15194007_282637/allPartners/os/android/gps_interface/gpsi_client/GpsiClient.cpp:631 SendGpsExtensionMessage
11-21 19:19:36.446  3581  3595 D libgps  : agps_set_server: Waiting for IPC connection...
11-21 19:19:36.614  3581  3603 I art     : Starting a blocking GC Explicit
11-21 19:19:36.637  3581  3603 I art     : Explicit concurrent mark sweep GC freed 16941(1248KB) AllocSpace objects, 19(6MB) LOS objects, 33% free, 12MB/19MB, paused 393us total 22.612ms
11-21 19:19:37.448  3581  3595 D libgps  : agps_set_server: Waiting for IPC connection - timeout
11-21 19:19:37.448  3581  3595 E libgps  : LIBGPS: Cannot communicate (write) with a GPSD
11-21 19:19:37.448  3581  3595 E libgps  : IPC Communication Error, ../../../../tmp/15194007_282637/allPartners/os/android/gps_interface/gpsi_client/GpsiClient.cpp:1685 agps_set_server
11-21 19:19:37.449  3581  3595 D GnssLocationProvider: GPS configuration:
11-21 19:19:37.449  3581  3595 D GnssLocationProvider:  #Tue Nov 21 19:19:37 GMT-03:00 2017
11-21 19:19:37.449  3581  3595 D GnssLocationProvider: SUPL_VER=0x20000
11-21 19:19:37.449  3581  3595 D GnssLocationProvider: SUPL_PORT=7275
11-21 19:19:37.449  3581  3595 D GnssLocationProvider: XTRA_SERVER_2=http\://gllto2.glpals.com/4day/v4/latest/lto2.dat
11-21 19:19:37.449  3581  3595 D GnssLocationProvider: XTRA_SERVER_1=http\://gllto1.glpals.com/4day/v4/latest/lto2.dat
11-21 19:19:37.449  3581  3595 D GnssLocationProvider: SUPL_HOST=supl.google.com
11-21 19:19:37.449  3581  3595 D GnssLocationProvider: SUPL_MODE=1
11-21 19:19:37.449  3581  3595 D GnssLocationProvider: NTP_SERVER=north-america.pool.ntp.org
11-21 19:19:37.449  3581  3595 D libgps  : SendGpsExtensionMessage: Waiting for IPC connection...
11-21 19:19:37.542  3508  3508 W         : eglTerminate 2662: PID Exeption @unknown
11-21 19:19:37.854  3581  3603 I SystemServiceManager: Starting phase 1000
11-21 19:19:37.893  3581  3690 D NotificationSQLiteLog: Pruned event entries: 0
11-21 19:19:37.894  3581  3603 I ActivityManager: Start proc 4254:android.ext.services/u0a10 for on-hold
11-21 19:19:37.894  3581  3603 D ActivityManager: Finishing user boot 0
11-21 19:19:37.895  3581  3603 D CryptdConnector: SND -> {5 cryptfs prepare_user_storage ! 0 0 2}
11-21 19:19:37.895  3113  3179 D vold    : e4crypt_prepare_user_storage for volume null, user 0, serial 0, flags 2
11-21 19:19:37.895  3113  3179 D vold    : Preparing: /data/system_ce/0
11-21 19:19:37.895  3113  3179 D vold    : Preparing: /data/misc_ce/0
11-21 19:19:37.895  3113  3179 D vold    : Preparing: /data/media/0
11-21 19:19:37.895  3113  3179 D vold    : Preparing: /data/data
11-21 19:19:37.895  3581  3650 D CryptdConnector: RCV <- {200 5 Command succeeded}
11-21 19:19:37.896  3581  3603 V UserManagerService: Found /data/user/0 with serial number 0
11-21 19:19:37.896  3581  3603 V UserManagerService: Found /data/system_ce/0 with serial number 0
11-21 19:19:37.896  3581  3603 V PackageManager: reconcileAppsData for null u0 0x2
11-21 19:19:37.899  4269  4269 I bootstat: Service started: /system/bin/bootstat --record_boot_complete 
11-21 19:19:37.900  4269  4269 I bootstat: Logging histogram: bootstat_mtime_matches_content 1
11-21 19:19:37.900  4269  4269 I bootstat: Logging histogram: bootstat_mtime_matches_content 1
11-21 19:19:37.900  4269  4269 E bootstat: Failed to read /data/misc/bootstat/post_decrypt_time_elapsed: No such file or directory
11-21 19:19:37.900  4269  4269 E bootstat: Failed to parse boot time record: /data/misc/bootstat/post_decrypt_time_elapsed
11-21 19:19:37.905  4270  4270 I bootstat: Service started: /system/bin/bootstat --record_boot_reason 
11-21 19:19:37.905  4270  4270 I bootstat: Unknown boot reason: 
11-21 19:19:37.910  4271  4271 I bootstat: Service started: /system/bin/bootstat --record_time_since_factory_reset 
11-21 19:19:37.910  4271  4271 I bootstat: Logging histogram: factory_reset_current_time 1511302777
11-21 19:19:37.910  4271  4271 I bootstat: Logging histogram: bootstat_mtime_matches_content 1
11-21 19:19:37.910  4271  4271 I bootstat: Logging histogram: factory_reset_record_value 1511300947
11-21 19:19:37.916  4273  4273 I bootstat: Service started: /system/bin/bootstat -l 
11-21 19:19:37.916  4273  4273 I bootstat: Logging histogram: bootstat_mtime_matches_content 1
11-21 19:19:37.916  4273  4273 I bootstat: Logging histogram: bootstat_mtime_matches_content 1
11-21 19:19:37.916  4273  4273 I bootstat: Logging histogram: bootstat_mtime_matches_content 1
11-21 19:19:37.917  4273  4273 I bootstat: Logging histogram: bootstat_mtime_matches_content 1
11-21 19:19:37.917  4273  4273 I bootstat: Logging histogram: bootstat_mtime_matches_content 1
11-21 19:19:37.917  4273  4273 I bootstat: Logging histogram: bootstat_mtime_matches_content 1
11-21 19:19:37.917  4273  4273 I bootstat: Logging histogram: bootstat_mtime_matches_content 1
11-21 19:19:37.917  4273  4273 I bootstat: Logging histogram: bootstat_mtime_matches_content 1
11-21 19:19:37.917  4273  4273 I bootstat: Logging histogram: bootstat_mtime_matches_content 1
11-21 19:19:37.917  4273  4273 I bootstat: Logging histogram: bootstat_mtime_matches_content 1
11-21 19:19:37.917  4273  4273 I bootstat: Logging histogram: bootstat_mtime_matches_content 1
11-21 19:19:37.917  4273  4273 I bootstat: Logging histogram: bootstat_mtime_matches_content 1
11-21 19:19:37.917  4273  4273 I bootstat: Logging histogram: last_boot_time_utc 1511302777
11-21 19:19:37.917  4273  4273 I bootstat: Logging histogram: build_date 1511206039
11-21 19:19:37.917  4273  4273 I bootstat: Logging histogram: ota_boot_complete_no_encryption 64
11-21 19:19:37.917  4273  4273 I bootstat: Logging histogram: ota_boot_complete 64
11-21 19:19:37.917  4273  4273 I bootstat: Logging histogram: boot_reason 1
11-21 19:19:37.917  4273  4273 I bootstat: Logging histogram: factory_reset_current_time 1511302777
11-21 19:19:37.917  4273  4273 I bootstat: Logging histogram: factory_reset 1511300947
11-21 19:19:37.917  4273  4273 I bootstat: Logging histogram: time_since_last_boot 1659
11-21 19:19:37.917  4273  4273 I bootstat: Logging histogram: boot_complete_no_encryption 12
11-21 19:19:37.917  4273  4273 I bootstat: Logging histogram: boot_complete 12
11-21 19:19:37.917  4273  4273 I bootstat: Logging histogram: factory_reset_record_value 1511300947
11-21 19:19:37.917  4273  4273 I bootstat: Logging histogram: time_since_factory_reset 1830
11-21 19:19:37.930  3581  3603 V PackageManager: reconcileAppsData finished 91 packages
11-21 19:19:37.931  3581  3603 D WindowManager: Sending cover change broadcast, mLidState=-1
11-21 19:19:37.932  3581  3680 D WIFI    : Registering NetworkFactory
11-21 19:19:37.932  3581  3685 D ConnectivityService: Got NetworkFactory Messenger for WIFI
11-21 19:19:37.932  3581  3680 D WIFI_UT : Registering NetworkFactory
11-21 19:19:37.932  3581  3680 D WIFI    : got request NetworkRequest [ REQUEST id=1, [ Capabilities: INTERNET&NOT_RESTRICTED&TRUSTED&NOT_VPN] ] with score 0
11-21 19:19:37.932  3581  3685 D ConnectivityService: Got NetworkFactory Messenger for WIFI_UT
11-21 19:19:37.932  3581  3680 I WifiConnectivityManager: Set WiFiConnectivityManager enabled
11-21 19:19:37.939  3198  3647 D PermissionCache: checking android.permission.HARDWARE_TEST for uid=1000 => granted (109 us)
11-21 19:19:37.942  3581  3581 I ActivityManager: Start proc 4278:com.android.deskclock/u0a46 for broadcast com.android.deskclock/.AlarmInitReceiver
11-21 19:19:37.943  3581  3680 D WIFI_UT : got request NetworkRequest [ REQUEST id=1, [ Capabilities: INTERNET&NOT_RESTRICTED&TRUSTED&NOT_VPN] ] with score 0
11-21 19:19:37.943  3581  3596 D BluetoothManagerService: User 0 unlocked
11-21 19:19:37.943  3581  3596 D MountService: onUnlockUser 0
11-21 19:19:37.943  3581  3602 D BluetoothManagerService: MESSAGE_USER_UNLOCKED
11-21 19:19:37.943  3581  3596 D VoldConnector: SND -> {6 volume user_started 0}
11-21 19:19:37.945  3113  3178 D vold    : Linking /storage/emulated/0 to /mnt/user/0/primary
11-21 19:19:37.946  3581  3649 D VoldConnector: RCV <- {200 6 Command succeeded}
11-21 19:19:37.952  3581  3648 D MountService: Volume emulated broadcasting mounted to UserHandle{0}
11-21 19:19:37.955  4254  4254 W System  : ClassLoader referenced unknown path: /system/priv-app/ExtServices/lib/arm64
11-21 19:19:37.968  3581  3596 E SELinux : selinux_android_file_context_handle: Error getting file context handle (No such file or directory)
11-21 19:19:37.970  3743  3743 W InputAttributes: No editor info for this field. Bug?
11-21 19:19:37.970  3581  3596 V BackupManagerService: No ancestral data
11-21 19:19:37.972  4278  4278 W System  : ClassLoader referenced unknown path: /system/app/DeskClock/lib/arm64
11-21 19:19:37.976  3581  3596 V BackupManagerService: Starting with transport com.google.android.gms/.backup.BackupTransportService
11-21 19:19:37.976  3581  3596 V BackupManagerService: Found transports: 1
11-21 19:19:37.978  3581  3596 I BackupManagerService: Backup enabled => false
11-21 19:19:37.979  3581  3581 V BackupManagerService: Connected to transport ComponentInfo{android/com.android.internal.backup.LocalTransportService}
11-21 19:19:37.979  3581  3581 V BackupManagerService: Registering transport android/com.android.internal.backup.LocalTransportService::android/com.android.internal.backup.LocalTransport = android.app.backup.BackupTransport$TransportImpl@6f50b79
11-21 19:19:37.982  3581  4307 V KeyValueBackupJob: Scheduling k/v pass in 243 minutes
11-21 19:19:37.997  3581  3596 W VoiceInteractionManagerService: no available voice interaction services found for user 0
11-21 19:19:37.997  3581  3596 W VoiceInteractionManagerService: no available voice recognition services found for user 0
11-21 19:19:37.997  3581  3596 I BrokerableCMSystemService: Connecting to implementation
11-21 19:19:37.997  3581  3596 W ContextImpl: Calling a method in the system process without a qualified user: android.app.ContextImpl.bindService:1421 org.cyanogenmod.platform.internal.BrokerableCMSystemService.tryConnecting:199 org.cyanogenmod.platform.internal.WeatherManagerServiceBroker.onUnlockUser:97 com.android.server.SystemServiceManager.unlockUser:179 com.android.server.am.ActivityManagerService$MainHandler.handleMessage:2064 
11-21 19:19:38.002  3581  4307 I BackupManagerService: Found stale backup journal, scheduling
11-21 19:19:38.008  3581  3596 I ActivityManager: Start proc 4333:org.cyanogenmod.weatherservice/u0a31 for service org.cyanogenmod.weatherservice/.WeatherManagerService
11-21 19:19:38.008  3581  3596 I ActivityManager: Loading recents for user 0 into memory.
11-21 19:19:38.011  4348  4348 I SharedPreferenc: type=1400 audit(0.0:156): avc: denied { read } for name="com.android.deskclock_preferences.xml" dev="sda24" ino=3121344 scontext=u:r:untrusted_app:s0:c512,c768 tcontext=u:object_r:system_data_file:s0:c512,c768 tclass=file permissive=1
11-21 19:19:38.011  4348  4348 W SharedPreferenc: type=1300 audit(0.0:156): arch=c00000b7 syscall=48 success=yes exit=0 a0=ffffff9c a1=7fa7a3a180 a2=4 a3=0 items=0 ppid=3213 auid=4294967295 uid=10046 gid=10046 euid=10046 suid=10046 fsuid=10046 egid=10046 sgid=10046 fsgid=10046 tty=(none) ses=4294967295 exe="/system/bin/app_process64" subj=u:r:untrusted_app:s0:c512,c768 key=(null)
11-21 19:19:38.011  3121  3121 W auditd  : type=1327 audit(0.0:156): proctitle="com.android.deskclock"
11-21 19:19:38.011  3121  3121 W auditd  : type=1320 audit(0.0:156): 
11-21 19:19:38.011  4348  4348 I SharedPreferenc: type=1400 audit(0.0:157): avc: denied { getattr } for path="/data/user_de/0/com.android.deskclock/shared_prefs/com.android.deskclock_preferences.xml" dev="sda24" ino=3121344 scontext=u:r:untrusted_app:s0:c512,c768 tcontext=u:object_r:system_data_file:s0:c512,c768 tclass=file permissive=1
11-21 19:19:38.011  4348  4348 W SharedPreferenc: type=1300 audit(0.0:157): arch=c00000b7 syscall=79 success=yes exit=0 a0=ffffff9c a1=7fa7a3a180 a2=7fa7e0fbf8 a3=0 items=0 ppid=3213 auid=4294967295 uid=10046 gid=10046 euid=10046 suid=10046 fsuid=10046 egid=10046 sgid=10046 fsgid=10046 tty=(none) ses=4294967295 exe="/system/bin/app_process64" subj=u:r:untrusted_app:s0:c512,c768 key=(null)
11-21 19:19:38.011  3121  3121 W auditd  : type=1327 audit(0.0:157): proctitle="com.android.deskclock"
11-21 19:19:38.011  3121  3121 W auditd  : type=1320 audit(0.0:157): 
11-21 19:19:38.019  4333  4333 W System  : ClassLoader referenced unknown path: /system/priv-app/WeatherManagerService/lib/arm64
11-21 19:19:38.023  3581  3596 I ActivityManager: Start proc 4349:org.cyanogenmod.audiofx/u0a1 for added application org.cyanogenmod.audiofx
11-21 19:19:38.034  3581  3596 I ActivityManager: Start proc 4365:com.android.nfc/1027 for added application com.android.nfc
11-21 19:19:38.036  3581  3596 D ActivityManager: Sending BOOT_COMPLETE user #0
11-21 19:19:38.044  3903  3903 D FallbackHome: User unlocked and real home found; let's go!
11-21 19:19:38.054  3581  3946 I ActivityManager: Start proc 4396:com.android.keychain/1000 for service com.android.keychain/.KeyChainService
11-21 19:19:38.055  4349  4349 W System  : ClassLoader referenced unknown path: /system/priv-app/AudioFX/lib/arm64
11-21 19:19:38.057  3884  3884 D CarrierSvcBindHelper: Received android.intent.action.USER_UNLOCKED
11-21 19:19:38.060  3884  3884 D CarrierSvcBindHelper: No carrier app for: 0
11-21 19:19:38.062  3581  3581 I AccountManagerService: User 0 is unlocked - opening CE database
11-21 19:19:38.067  3581  4394 I ActivityManager: Start proc 4416:com.android.smspush/u0a59 for service com.android.smspush/.WapPushManager
11-21 19:19:38.070  3581  3772 I ActivityManager: START u0 {act=android.intent.action.MAIN cat=[android.intent.category.HOME] flg=0x10000100 cmp=com.cyanogenmod.trebuchet/com.android.launcher3.Launcher} from uid 0 on display 0
11-21 19:19:38.085  3581  4405 I ActivityManager: Start proc 4430:com.cyanogenmod.trebuchet/u0a28 for activity com.cyanogenmod.trebuchet/com.android.launcher3.Launcher
11-21 19:19:38.088  3581  3596 I VrManagerService: VR mode is allowed
11-21 19:19:38.091  3581  3581 D WifiService: resetting networks because SIM was loaded
11-21 19:19:38.091  3581  3680 D WifiStateMachine: resetting EAP-SIM/AKA/AKA' networks since SIM was changed
11-21 19:19:38.092  4365  4365 I NfcService: Starting NFC service
11-21 19:19:38.092  4278  4278 I AlarmClock: AlarmInitReceiver android.intent.action.LOCKED_BOOT_COMPLETED
11-21 19:19:38.094  3581  3581 I BrokerableCMSystemService: Implementation service connected
11-21 19:19:38.099  4396  4396 W System  : ClassLoader referenced unknown path: /system/app/KeyChain/lib/arm64
11-21 19:19:38.101  4416  4416 W System  : ClassLoader referenced unknown path: /system/app/WAPPushManager/lib/arm64
11-21 19:19:38.102  4365  4365 D BrcmNfcJni: JNI_OnLoad: enter
11-21 19:19:38.102  4365  4365 I BrcmNfcJni: NFC Service: loading nci JNI
11-21 19:19:38.102  4365  4365 D BrcmNfcJni: register_com_android_nfc_NativeNfcManager: enter
11-21 19:19:38.103  4365  4365 D BrcmNfcJni: PowerSwitch::initialize: level=PS-UNKNOWN (0)
11-21 19:19:38.103  4365  4365 D NfcAdaptation: bool CNfcConfig::readConfig(const char *, bool) Opened base config /etc/libnfc-brcm.conf
11-21 19:19:38.107  4278  4278 I droid.deskclock: type=1400 audit(0.0:158): avc: denied { write } for name="shared_prefs" dev="sda24" ino=3121296 scontext=u:r:untrusted_app:s0:c512,c768 tcontext=u:object_r:system_data_file:s0:c512,c768 tclass=dir permissive=1
11-21 19:19:38.107  4278  4278 I droid.deskclock: type=1400 audit(0.0:158): avc: denied { remove_name } for name="com.android.deskclock_preferences.xml" dev="sda24" ino=3121344 scontext=u:r:untrusted_app:s0:c512,c768 tcontext=u:object_r:system_data_file:s0:c512,c768 tclass=dir permissive=1
11-21 19:19:38.107  4278  4278 I droid.deskclock: type=1400 audit(0.0:158): avc: denied { rename } for name="com.android.deskclock_preferences.xml" dev="sda24" ino=3121344 scontext=u:r:untrusted_app:s0:c512,c768 tcontext=u:object_r:system_data_file:s0:c512,c768 tclass=file permissive=1
11-21 19:19:38.107  4278  4278 I droid.deskclock: type=1400 audit(0.0:158): avc: denied { add_name } for name="com.android.deskclock_preferences.xml.bak" scontext=u:r:untrusted_app:s0:c512,c768 tcontext=u:object_r:system_data_file:s0:c512,c768 tclass=dir permissive=1
11-21 19:19:38.107  4278  4278 W droid.deskclock: type=1300 audit(0.0:158): arch=c00000b7 syscall=38 success=yes exit=0 a0=ffffff9c a1=7fa5186940 a2=ffffff9c a3=7fa51869a0 items=0 ppid=3213 auid=4294967295 uid=10046 gid=10046 euid=10046 suid=10046 fsuid=10046 egid=10046 sgid=10046 fsgid=10046 tty=(none) ses=4294967295 exe="/system/bin/app_process64" subj=u:r:untrusted_app:s0:c512,c768 key=(null)
11-21 19:19:38.107  3121  3121 W auditd  : type=1327 audit(0.0:158): proctitle="com.android.deskclock"
11-21 19:19:38.107  3121  3121 W auditd  : type=1320 audit(0.0:158): 
11-21 19:19:38.107  4278  4278 I droid.deskclock: type=1400 audit(0.0:159): avc: denied { create } for name="com.android.deskclock_preferences.xml" scontext=u:r:untrusted_app:s0:c512,c768 tcontext=u:object_r:system_data_file:s0:c512,c768 tclass=file permissive=1
11-21 19:19:38.107  4278  4278 I droid.deskclock: type=1400 audit(0.0:159): avc: denied { write } for path="/data/user_de/0/com.android.deskclock/shared_prefs/com.android.deskclock_preferences.xml" dev="sda24" ino=3121363 scontext=u:r:untrusted_app:s0:c512,c768 tcontext=u:object_r:system_data_file:s0:c512,c768 tclass=file permissive=1
11-21 19:19:38.107  4278  4278 W droid.deskclock: type=1300 audit(0.0:159): arch=c00000b7 syscall=56 success=yes exit=34 a0=ffffff9c a1=7fa5186940 a2=241 a3=1b6 items=0 ppid=3213 auid=4294967295 uid=10046 gid=10046 euid=10046 suid=10046 fsuid=10046 egid=10046 sgid=10046 fsgid=10046 tty=(none) ses=4294967295 exe="/system/bin/app_process64" subj=u:r:untrusted_app:s0:c512,c768 key=(null)
11-21 19:19:38.107  3121  3121 W auditd  : type=1327 audit(0.0:159): proctitle="com.android.deskclock"
11-21 19:19:38.107  3121  3121 W auditd  : type=1320 audit(0.0:159): 
11-21 19:19:38.108  4365  4365 D NfcAdaptation: const CNfcParam *CNfcConfig::find(const char *) const found SCREEN_OFF_POWER_STATE=(0x3)
11-21 19:19:38.108  4365  4365 D BrcmNfcJni: PowerSwitch::initialize: desired screen-off state=3
11-21 19:19:38.108  4365  4365 D BrcmNfcJni: register_com_android_nfc_NativeNfcManager: exit
11-21 19:19:38.108  4365  4365 D BrcmNfcJni: register_com_android_nfc_NativeNfcTag
11-21 19:19:38.108  4365  4365 D NfcAdaptation: const CNfcParam *CNfcConfig::find(const char *) const found ACTIVE_SE=(0x2)
11-21 19:19:38.108  4365  4365 D BrcmNfcJni: RoutingManager::RoutingManager(): Active SE for Nfc-F is 0x00
11-21 19:19:38.108  4365  4365 D NfcAdaptation: const CNfcParam *CNfcConfig::find(const char *) const found DEFAULT_ISODEP_ROUTE=(0x3)
11-21 19:19:38.108  4365  4365 D BrcmNfcJni: RoutingManager::RoutingManager(): default route is 0x03
11-21 19:19:38.108  4365  4365 D BrcmNfcJni: RoutingManager::RoutingManager(): default route for Nfc-F is 0x00
11-21 19:19:38.108  4365  4365 D NfcAdaptation: const CNfcParam *CNfcConfig::find(const char *) const found AID_MATCHING_MODE=(0x1)
11-21 19:19:38.108  4365  4365 D BrcmNfcJni: RoutingManager::RoutingManager(): mOffHostEe=0xF4
11-21 19:19:38.108  4365  4365 D BrcmNfcJni: RoutingManager::registerJniFunctions
11-21 19:19:38.108  4365  4365 D BrcmNfcJni: JNI_OnLoad: exit
11-21 19:19:38.108  4365  4365 D BrcmNfcJni: nfcManager_initNativeStruc: enter
11-21 19:19:38.109  4365  4365 D BrcmNfcJni: nfcManager_initNativeStruc: exit
11-21 19:19:38.110  4365  4365 W Settings: Setting device_provisioned has moved from android.provider.Settings.Secure to android.provider.Settings.Global.
11-21 19:19:38.114  4430  4430 W System  : ClassLoader referenced unknown path: /system/priv-app/Trebuchet/lib/arm64
11-21 19:19:38.115  4278  4278 I droid.deskclock: type=1400 audit(0.0:160): avc: denied { setattr } for name="com.android.deskclock_preferences.xml" dev="sda24" ino=3121363 scontext=u:r:untrusted_app:s0:c512,c768 tcontext=u:object_r:system_data_file:s0:c512,c768 tclass=file permissive=1
11-21 19:19:38.115  4278  4278 W droid.deskclock: type=1300 audit(0.0:160): arch=c00000b7 syscall=53 success=yes exit=0 a0=ffffff9c a1=7fa5186940 a2=1b0 a3=0 items=0 ppid=3213 auid=4294967295 uid=10046 gid=10046 euid=10046 suid=10046 fsuid=10046 egid=10046 sgid=10046 fsgid=10046 tty=(none) ses=4294967295 exe="/system/bin/app_process64" subj=u:r:untrusted_app:s0:c512,c768 key=(null)
