09-12 14:29:09.567  4986  4986 W DeferredSaveThr: type=1300 audit(0.0:210): arch=c00000b7 syscall=52 success=yes exit=0 a0=36 a1=100 a2=7f6bc00000 a3=1c items=0 ppid=3165 auid=4294967295 uid=1000 gid=1000 euid=1000 suid=1000 fsuid=1000 egid=1000 sgid=1000 fsgid=1000 tty=(none) ses=4294967295 exe="/system/bin/app_process64" subj=u:r:system_app:s0 key=(null)
09-12 14:29:09.567  3075  3075 W auditd  : type=1327 audit(0.0:210): proctitle="com.android.settings"
09-12 14:29:09.567  3075  3075 W auditd  : type=1320 audit(0.0:210): 
09-12 14:29:09.621  4763  4768 I art     : Do full code cache collection, code=504KB, data=416KB
09-12 14:29:09.622  4763  4768 I art     : Starting a blocking GC JitCodeCache
09-12 14:29:09.622  4763  4768 I art     : After code cache collection, code=483KB, data=350KB
09-12 14:29:09.623  5220  5220 W System  : ClassLoader referenced unknown path: /system/app/DeskClock/lib/arm64
09-12 14:29:09.718  4964  4964 I wpa_supplicant: wlan0: CTRL-EVENT-REGDOM-CHANGE init=USER type=COUNTRY alpha2=AR
09-12 14:29:09.747  3567  3664 I chatty  : uid=1000(system) Binder:3567_1 expire 1 line
09-12 14:29:09.769  4763  4763 W KeyguardUpdateMonitor: invalid subId in handleServiceStateChange()
09-12 14:29:09.774  4897  4897 E PhoneInterfaceManager: [PhoneIntfMgr] getIccId: No UICC
09-12 14:29:09.781  5220  5220 I AlarmClock: AlarmInitReceiver android.intent.action.TIMEZONE_CHANGED
09-12 14:29:09.806  3567  4893 I Telecom : PhoneAccountRegistrar: [ComponentInfo{com.android.phone/com.android.services.telephony.TelephonyConnectionService}, [e0184adedf913b076626646d3f52c3b49c39ad6d], UserHandle{0}(icon: Icon(typ=BITMAP size=67x84) -> Icon(typ=BITMAP size=67x84))]: TSI.rPA@AAw
09-12 14:29:09.823  3567  4893 I Telecom : : Sending phone-account registered intent as user: TSI.rPA@AAw
09-12 14:29:09.838  4897  4897 I Telephony: PstnIncomingCallNotifier: Unregistering: Handler (com.android.internal.telephony.GsmCdmaPhone) {5328c1}
09-12 14:29:09.845  4897  4897 E PhoneInterfaceManager: [PhoneIntfMgr] getIccId: No UICC
09-12 14:29:09.876  3567  3664 I Telecom : PhoneAccountRegistrar: [ComponentInfo{com.android.phone/com.android.services.telephony.TelephonyConnectionService}, [e0184adedf913b076626646d3f52c3b49c39ad6d], UserHandle{0}(icon: Icon(typ=BITMAP size=67x84) -> Icon(typ=BITMAP size=67x84))]: TSI.rPA@AA0
09-12 14:29:09.887  3567  3664 I Telecom : : Sending phone-account registered intent as user: TSI.rPA@AA0
09-12 14:29:09.891  4897  4897 I Telephony: AccountEntry: Registered phoneAccount: [[ ] PhoneAccount: ComponentInfo{com.android.phone/com.android.services.telephony.TelephonyConnectionService}, [e0184adedf913b076626646d3f52c3b49c39ad6d], UserHandle{0} Capabilities: CallProvider MultiUser PlaceEmerg SimSub  Audio Routes: BESW Schemes: tel voicemail  Extras: null GroupId: [da39a3ee5e6b4b0d3255bfef95601890afd80709]] with handle: ComponentInfo{com.android.phone/com.android.services.telephony.TelephonyConnectionService}, [e0184adedf913b076626646d3f52c3b49c39ad6d], UserHandle{0}
09-12 14:29:09.892  4897  4897 I Telephony: PstnIncomingCallNotifier: Registering: Handler (com.android.internal.telephony.GsmCdmaPhone) {5328c1}
09-12 14:29:09.923  4897  4897 D CarrierConfigLoader: mHandler: 0 phoneId: 0
09-12 14:29:09.923  4897  4897 D CarrierSvcBindHelper: mHandler: 0
09-12 14:29:09.923  4897  4897 D CarrierSvcBindHelper: Rebinding if necessary for phoneId: 0
09-12 14:29:09.925  4897  4897 D CarrierSvcBindHelper: No carrier app for: 0
09-12 14:29:09.949  4897  4897 I Telephony: PstnIncomingCallNotifier: Unregistering: Handler (com.android.internal.telephony.GsmCdmaPhone) {5328c1}
09-12 14:29:09.956  4897  4897 E PhoneInterfaceManager: [PhoneIntfMgr] getIccId: No UICC
09-12 14:29:09.980  3567  4893 I Telecom : PhoneAccountRegistrar: [ComponentInfo{com.android.phone/com.android.services.telephony.TelephonyConnectionService}, [e0184adedf913b076626646d3f52c3b49c39ad6d], UserHandle{0}(icon: Icon(typ=BITMAP size=67x84) -> Icon(typ=BITMAP size=67x84))]: TSI.rPA@ABA
09-12 14:29:09.989  3567  4893 I Telecom : : Sending phone-account registered intent as user: TSI.rPA@ABA
09-12 14:29:09.994  4897  4897 I Telephony: AccountEntry: Registered phoneAccount: [[ ] PhoneAccount: ComponentInfo{com.android.phone/com.android.services.telephony.TelephonyConnectionService}, [e0184adedf913b076626646d3f52c3b49c39ad6d], UserHandle{0} Capabilities: CallProvider MultiUser PlaceEmerg SimSub  Audio Routes: BESW Schemes: tel voicemail  Extras: null GroupId: [da39a3ee5e6b4b0d3255bfef95601890afd80709]] with handle: ComponentInfo{com.android.phone/com.android.services.telephony.TelephonyConnectionService}, [e0184adedf913b076626646d3f52c3b49c39ad6d], UserHandle{0}
09-12 14:29:09.994  4897  4897 I Telephony: PstnIncomingCallNotifier: Registering: Handler (com.android.internal.telephony.GsmCdmaPhone) {5328c1}
09-12 14:29:10.019  4897  4897 E PhoneInterfaceManager: [PhoneIntfMgr] getIccId: No UICC
09-12 14:29:10.023  5220  5239 I AlarmClock: Alarms Table created
09-12 14:29:10.026  5220  5239 I AlarmClock: Instance table created
09-12 14:29:10.026  5220  5239 I AlarmClock: Inserting default alarms
09-12 14:29:10.045  3567  4778 I Telecom : PhoneAccountRegistrar: [ComponentInfo{com.android.phone/com.android.services.telephony.TelephonyConnectionService}, [e0184adedf913b076626646d3f52c3b49c39ad6d], UserHandle{0}(icon: Icon(typ=BITMAP size=67x84) -> Icon(typ=BITMAP size=67x84))]: TSI.rPA@ABM
09-12 14:29:10.055  3567  4778 I Telecom : : Sending phone-account registered intent as user: TSI.rPA@ABM
09-12 14:29:10.095  5169  5169 D CellBroadcastReceiver: onReceive Intent { act=android.intent.action.SERVICE_STATE flg=0x10 cmp=com.android.cellbroadcastreceiver/.CellBroadcastReceiver (has extras) }
09-12 14:29:10.095  5169  5169 D CellBroadcastReceiver: Intent: android.intent.action.SERVICE_STATE
09-12 14:29:14.707  3164  3164 D gpsd    : WakeLock(Acquire,GPSD)
09-12 14:29:14.708  3164  3164 D gpsd    : WakeLock(Release,GPSD)
09-12 14:29:14.708  3164  3164 D gpsd    : WakeLock(Acquire,GPSD)
09-12 14:29:14.708  3164  3164 D gpsd    : WakeLock(Release,GPSD)
09-12 14:29:14.763  5242  5242 V lhd     : GlLhdInterface::Init(/system/etc/lhd.conf)
09-12 14:29:14.763  5242  5242 E lhd     : SetCfgValue: Critical Error. Unknown configuration parameter "FlpName"="tcp"
09-12 14:29:14.763  5242  5242 V lhd     : SetCfgValue: LHD config "LheSerialControl"="BBD:Serial=TTY"
09-12 14:29:14.763  5242  5242 E lhd     : SetCfgValue: Critical Error. Unknown configuration parameter "LheClockMHz"="100"
09-12 14:29:14.763  5242  5242 V lhd     : SetCfgValue: LHD config "LhePatch"="/dev/bbd_patch"
09-12 14:29:14.763  5242  5242 V lhd     : SetCfgValue: LHD config "LheMaxMcuResetTries"="4"
09-12 14:29:14.763  5242  5242 V lhd     : SetCfgValue: LHD config "LheBbdPacket"="/dev/ttyBCM"
09-12 14:29:14.763  5242  5242 V lhd     : SetCfgValue: LHD config "LheBbdControl"="/dev/bbd_control"
09-12 14:29:14.763  5242  5242 V lhd     : SetCfgValue: LHD config "LheBbdSensor"="/dev/bbd_sensor"
09-12 14:29:14.763  5242  5242 V lhd     : SetCfgValue: LHD config "Lhe477xDebugFlags"="RPC:FACILITY=33:STDOUT_PUTS:STDOUT_LOG"
09-12 14:29:14.763  5242  5242 E lhd     : SetCfgValue: Critical Error. Unknown configuration parameter "LheSensorIpc"="true"
09-12 14:29:14.763  5242  5242 E lhd     : SetCfgValue: Critical Error. Unknown configuration parameter "LhePinMux"="P17=M1"
09-12 14:29:14.763  5242  5242 V lhd     : SetCfgValue: LHD config "LheAutoBaudDelayMS"="10"
09-12 14:29:14.763  5242  5242 V lhd     : SetCfgValue: LHD config "LheMaxMcuResetTries"="3"
09-12 14:29:14.764  5242  5242 E lhd     : OpenFirmwareFile: Fail to open /efs/sec_efs/sensorhub_urgent_fw.patch, errno 2
09-12 14:29:14.764  5242  5242 E lhd     : getCustPatchVersion: Fail to parse patch /efs/sec_efs/sensorhub_urgent_fw.patch
09-12 14:29:14.764  5242  5242 E lhd     : getCustPatchVersion: <CustomerVersion> not found
09-12 14:29:14.774  3457  3457 W         : eglTerminate 2662: PID Exeption @unknown
09-12 14:29:14.826  3164  3164 D gpsd    : WakeLock(Acquire,GPSD)
09-12 14:29:14.826  3164  3164 D gpsd    : WakeLock(Release,GPSD)
09-12 14:29:14.826  3164  3164 D gpsd    : WakeLock(Acquire,GPSD)
09-12 14:29:14.826  3164  3164 D gpsd    : WakeLock(Release,GPSD)
09-12 14:29:14.826  3164  3164 D gpsd    : WakeLock(Acquire,GPSD)
09-12 14:29:14.826  3164  3164 D gpsd    : WakeLock(Release,GPSD)
09-12 14:29:14.826  3164  3164 D gpsd    : WakeLock(Acquire,GPSD)
09-12 14:29:14.826  3164  3164 D gpsd    : WakeLock(Release,GPSD)
09-12 14:29:14.826  3164  3164 D gpsd    : WakeLock(Acquire,GPSD)
09-12 14:29:14.827  3164  3164 D gpsd    : WakeLock(Release,GPSD)
09-12 14:29:14.827  3164  3164 D gpsd    : WakeLock(Acquire,GPSD)
09-12 14:29:14.827  3164  3164 D gpsd    : WakeLock(Release,GPSD)
09-12 14:29:14.827  3164  3164 D gpsd    : WakeLock(Acquire,GPSD)
09-12 14:29:14.827  3164  3164 D gpsd    : WakeLock(Release,GPSD)
09-12 14:29:14.827  3164  3164 D gpsd    : WakeLock(Acquire,GPSD)
09-12 14:29:14.827  3164  3164 D gpsd    : WakeLock(Release,GPSD)
09-12 14:29:14.827  3164  3164 D gpsd    : WakeLock(Acquire,GPSD)
09-12 14:29:14.827  3164  3164 D gpsd    : WakeLock(Release,GPSD)
09-12 14:29:14.827  3164  3164 D gpsd    : WakeLock(Acquire,GPSD)
09-12 14:29:14.827  3164  3164 D gpsd    : WakeLock(Release,GPSD)
09-12 14:29:14.827  3164  3164 D gpsd    : WakeLock(Acquire,GPSD)
09-12 14:29:14.827  3164  3164 D gpsd    : WakeLock(Release,GPSD)
09-12 14:29:14.827  3164  3164 D gpsd    : WakeLock(Acquire,GPSD)
09-12 14:29:14.827  3164  3164 D gpsd    : WakeLock(Release,GPSD)
09-12 14:29:14.827  3164  3164 D gpsd    : WakeLock(Acquire,GPSD)
09-12 14:29:14.827  3164  3164 D gpsd    : WakeLock(Release,GPSD)
09-12 14:29:14.827  3164  3164 D gpsd    : WakeLock(Acquire,GPSD)
09-12 14:29:14.827  3164  3164 D gpsd    : WakeLock(Release,GPSD)
09-12 14:29:14.827  3164  3164 D gpsd    : WakeLock(Acquire,GPSD)
09-12 14:29:14.827  3164  3164 D gpsd    : WakeLock(Release,GPSD)
09-12 14:29:14.827  3164  3164 D gpsd    : WakeLock(Acquire,GPSD)
09-12 14:29:14.827  3164  3164 D gpsd    : WakeLock(Release,GPSD)
09-12 14:29:14.827  3164  3164 D gpsd    : WakeLock(Acquire,GPSD)
09-12 14:29:14.827  3164  3164 D gpsd    : WakeLock(Release,GPSD)
09-12 14:29:14.827  3164  3164 D gpsd    : WakeLock(Acquire,GPSD)
09-12 14:29:14.827  3164  3164 D gpsd    : WakeLock(Release,GPSD)
09-12 14:29:14.827  3164  3164 D gpsd    : WakeLock(Acquire,GPSD)
09-12 14:29:14.828  3164  3164 D gpsd    : WakeLock(Release,GPSD)
09-12 14:29:14.828  3164  3164 D gpsd    : WakeLock(Acquire,GPSD)
09-12 14:29:14.828  3164  3164 D gpsd    : WakeLock(Release,GPSD)
09-12 14:29:14.828  3164  3164 D gpsd    : WakeLock(Acquire,GPSD)
09-12 14:29:14.828  3164  3164 D gpsd    : WakeLock(Release,GPSD)
09-12 14:29:14.828  3164  3164 D gpsd    : WakeLock(Acquire,GPSD)
09-12 14:29:14.828  3164  3164 D gpsd    : WakeLock(Release,GPSD)
09-12 14:29:14.828  3164  3164 D gpsd    : WakeLock(Acquire,GPSD)
09-12 14:29:14.828  3164  3164 D gpsd    : WakeLock(Release,GPSD)
09-12 14:29:14.828  3164  3164 D gpsd    : WakeLock(Acquire,GPSD)
09-12 14:29:14.828  3164  3164 D gpsd    : WakeLock(Release,GPSD)
09-12 14:29:14.828  3164  3164 D gpsd    : WakeLock(Acquire,GPSD)
09-12 14:29:14.828  3164  3164 D gpsd    : WakeLock(Release,GPSD)
09-12 14:29:14.828  3164  3164 D gpsd    : WakeLock(Acquire,GPSD)
09-12 14:29:14.828  3164  3164 D gpsd    : WakeLock(Release,GPSD)
09-12 14:29:14.828  3164  3164 D gpsd    : WakeLock(Acquire,GPSD)
09-12 14:29:14.828  3164  3164 D gpsd    : WakeLock(Release,GPSD)
09-12 14:29:14.828  3164  3164 D gpsd    : WakeLock(Acquire,GPSD)
09-12 14:29:14.828  3164  3164 D gpsd    : WakeLock(Release,GPSD)
09-12 14:29:14.828  3164  3164 D gpsd    : WakeLock(Acquire,GPSD)
09-12 14:29:14.828  3164  3164 D gpsd    : WakeLock(Release,GPSD)
09-12 14:29:14.828  3164  3164 D gpsd    : WakeLock(Acquire,GPSD)
09-12 14:29:14.828  3164  3164 D gpsd    : WakeLock(Release,GPSD)
09-12 14:29:14.828  3164  3164 D gpsd    : WakeLock(Acquire,GPSD)
09-12 14:29:14.828  3164  3164 D gpsd    : WakeLock(Release,GPSD)
09-12 14:29:14.828  3164  3164 D gpsd    : WakeLock(Acquire,GPSD)
09-12 14:29:14.828  3164  3164 D gpsd    : WakeLock(Release,GPSD)
09-12 14:29:14.829  3164  3164 D gpsd    : WakeLock(Acquire,GPSD)
09-12 14:29:14.829  3164  3164 D gpsd    : WakeLock(Release,GPSD)
09-12 14:29:14.829  3164  3164 D gpsd    : WakeLock(Acquire,GPSD)
09-12 14:29:14.829  3164  3164 D gpsd    : WakeLock(Release,GPSD)
09-12 14:29:14.829  3164  3164 D gpsd    : WakeLock(Acquire,GPSD)
09-12 14:29:14.829  3164  3164 D gpsd    : WakeLock(Release,GPSD)
09-12 14:29:14.829  3164  3164 D gpsd    : WakeLock(Acquire,GPSD)
09-12 14:29:14.829  3164  3164 D gpsd    : WakeLock(Release,GPSD)
09-12 14:29:14.829  3164  3164 D gpsd    : WakeLock(Acquire,GPSD)
09-12 14:29:14.829  3164  3164 D gpsd    : WakeLock(Release,GPSD)
09-12 14:29:14.829  3164  3164 D gpsd    : WakeLock(Acquire,GPSD)
09-12 14:29:14.829  3164  3164 D gpsd    : WakeLock(Release,GPSD)
09-12 14:29:14.829  3164  3164 D gpsd    : WakeLock(Acquire,GPSD)
09-12 14:29:14.829  3164  3164 D gpsd    : WakeLock(Release,GPSD)
09-12 14:29:14.829  3164  3164 D gpsd    : WakeLock(Acquire,GPSD)
09-12 14:29:14.829  3164  3164 D gpsd    : WakeLock(Release,GPSD)
09-12 14:29:14.829  3164  3164 D gpsd    : WakeLock(Acquire,GPSD)
09-12 14:29:14.829  3164  3164 D gpsd    : WakeLock(Release,GPSD)
09-12 14:29:14.829  3164  3164 D gpsd    : WakeLock(Acquire,GPSD)
09-12 14:29:14.829  3164  3164 D gpsd    : WakeLock(Release,GPSD)
09-12 14:29:14.829  3164  3164 D gpsd    : WakeLock(Acquire,GPSD)
09-12 14:29:14.829  3164  3164 D gpsd    : WakeLock(Release,GPSD)
09-12 14:29:14.829  3164  3164 D gpsd    : WakeLock(Acquire,GPSD)
09-12 14:29:14.829  3164  3164 D gpsd    : WakeLock(Release,GPSD)
09-12 14:29:14.829  3164  3164 D gpsd    : WakeLock(Acquire,GPSD)
09-12 14:29:14.829  3164  3164 D gpsd    : WakeLock(Release,GPSD)
09-12 14:29:14.829  3164  3164 D gpsd    : WakeLock(Acquire,GPSD)
09-12 14:29:14.830  3164  3164 D gpsd    : WakeLock(Release,GPSD)
09-12 14:29:14.830  3164  3164 D gpsd    : WakeLock(Acquire,GPSD)
09-12 14:29:14.830  3164  3164 D gpsd    : WakeLock(Release,GPSD)
09-12 14:29:14.830  3164  3164 D gpsd    : WakeLock(Acquire,GPSD)
09-12 14:29:14.830  3164  3164 D gpsd    : WakeLock(Release,GPSD)
09-12 14:29:14.830  3164  3164 D gpsd    : WakeLock(Acquire,GPSD)
09-12 14:29:14.830  3164  3164 D gpsd    : WakeLock(Release,GPSD)
09-12 14:29:14.830  3164  3164 D gpsd    : WakeLock(Acquire,GPSD)
09-12 14:29:14.830  3164  3164 D gpsd    : WakeLock(Release,GPSD)
09-12 14:29:14.830  3164  3164 D gpsd    : WakeLock(Acquire,GPSD)
09-12 14:29:14.830  3164  3164 D gpsd    : WakeLock(Release,GPSD)
09-12 14:29:14.830  3164  3164 D gpsd    : WakeLock(Acquire,GPSD)
09-12 14:29:14.830  3164  3164 D gpsd    : WakeLock(Release,GPSD)
09-12 14:29:14.830  3164  3164 D gpsd    : WakeLock(Acquire,GPSD)
09-12 14:29:14.830  3164  3164 D gpsd    : WakeLock(Release,GPSD)
09-12 14:29:14.830  3164  3164 D gpsd    : WakeLock(Acquire,GPSD)
09-12 14:29:14.830  3164  3164 D gpsd    : WakeLock(Release,GPSD)
09-12 14:29:14.830  3164  3164 D gpsd    : WakeLock(Acquire,GPSD)
09-12 14:29:14.830  3164  3164 D gpsd    : WakeLock(Release,GPSD)
09-12 14:29:14.830  3164  3164 D gpsd    : WakeLock(Acquire,GPSD)
09-12 14:29:14.830  3164  3164 D gpsd    : WakeLock(Release,GPSD)
09-12 14:29:14.830  3164  3164 D gpsd    : WakeLock(Acquire,GPSD)
09-12 14:29:14.830  3164  3164 D gpsd    : WakeLock(Release,GPSD)
09-12 14:29:14.830  3164  3164 D gpsd    : WakeLock(Acquire,GPSD)
09-12 14:29:14.830  3164  3164 D gpsd    : WakeLock(Release,GPSD)
09-12 14:29:14.830  3164  3164 D gpsd    : WakeLock(Acquire,GPSD)
09-12 14:29:14.830  3164  3164 D gpsd    : WakeLock(Release,GPSD)
09-12 14:29:14.831  3164  3164 D gpsd    : WakeLock(Acquire,GPSD)
09-12 14:29:14.831  3164  3164 D gpsd    : WakeLock(Release,GPSD)
09-12 14:29:14.831  3164  3164 D gpsd    : WakeLock(Acquire,GPSD)
09-12 14:29:14.831  3164  3164 D gpsd    : WakeLock(Release,GPSD)
09-12 14:29:14.831  3164  3164 D gpsd    : WakeLock(Acquire,GPSD)
09-12 14:29:14.831  3164  3164 D gpsd    : WakeLock(Release,GPSD)
09-12 14:29:14.831  3164  3164 D gpsd    : WakeLock(Acquire,GPSD)
09-12 14:29:14.831  3164  3164 D gpsd    : WakeLock(Release,GPSD)
09-12 14:29:14.831  3164  3164 D gpsd    : WakeLock(Acquire,GPSD)
09-12 14:29:14.831  3164  3164 D gpsd    : WakeLock(Release,GPSD)
09-12 14:29:14.831  3164  3164 D gpsd    : WakeLock(Acquire,GPSD)
09-12 14:29:14.831  3164  3164 D gpsd    : WakeLock(Release,GPSD)
09-12 14:29:14.831  3164  3164 D gpsd    : WakeLock(Acquire,GPSD)
09-12 14:29:14.831  3164  3164 D gpsd    : WakeLock(Release,GPSD)
09-12 14:29:14.831  3164  3164 D gpsd    : WakeLock(Acquire,GPSD)
09-12 14:29:14.831  3164  3164 D gpsd    : WakeLock(Release,GPSD)
09-12 14:29:14.831  3164  3164 D gpsd    : WakeLock(Acquire,GPSD)
09-12 14:29:14.831  3164  3164 D gpsd    : WakeLock(Release,GPSD)
09-12 14:29:14.831  3164  3164 D gpsd    : WakeLock(Acquire,GPSD)
09-12 14:29:14.831  3164  3164 D gpsd    : WakeLock(Release,GPSD)
09-12 14:29:14.831  3164  3164 D gpsd    : WakeLock(Acquire,GPSD)
09-12 14:29:14.831  3164  3164 D gpsd    : WakeLock(Release,GPSD)
09-12 14:29:14.831  3164  3164 D gpsd    : WakeLock(Acquire,GPSD)
09-12 14:29:14.831  3164  3164 D gpsd    : WakeLock(Release,GPSD)
09-12 14:29:14.831  3164  3164 D gpsd    : WakeLock(Acquire,GPSD)
09-12 14:29:14.831  3164  3164 D gpsd    : WakeLock(Release,GPSD)
09-12 14:29:14.831  3164  3164 D gpsd    : WakeLock(Acquire,GPSD)
09-12 14:29:14.831  3164  3164 D gpsd    : WakeLock(Release,GPSD)
09-12 14:29:14.831  3164  3164 D gpsd    : WakeLock(Acquire,GPSD)
09-12 14:29:14.831  3164  3164 D gpsd    : WakeLock(Release,GPSD)
09-12 14:29:14.831  3164  3164 D gpsd    : WakeLock(Acquire,GPSD)
09-12 14:29:14.831  3164  3164 D gpsd    : WakeLock(Release,GPSD)
09-12 14:29:14.832  3164  3164 D gpsd    : WakeLock(Acquire,GPSD)
09-12 14:29:14.832  3164  3164 D gpsd    : WakeLock(Release,GPSD)
09-12 14:29:14.832  3164  3164 D gpsd    : WakeLock(Acquire,GPSD)
09-12 14:29:14.832  3164  3164 D gpsd    : WakeLock(Release,GPSD)
09-12 14:29:14.832  3164  3164 D gpsd    : WakeLock(Acquire,GPSD)
09-12 14:29:14.832  3164  3164 D gpsd    : WakeLock(Release,GPSD)
09-12 14:29:14.832  3164  3164 D gpsd    : WakeLock(Acquire,GPSD)
09-12 14:29:14.832  3164  3164 D gpsd    : WakeLock(Release,GPSD)
09-12 14:29:14.832  3164  3164 D gpsd    : WakeLock(Acquire,GPSD)
09-12 14:29:14.832  3164  3164 D gpsd    : WakeLock(Release,GPSD)
09-12 14:29:14.832  3164  3164 D gpsd    : WakeLock(Acquire,GPSD)
09-12 14:29:14.832  3164  3164 D gpsd    : WakeLock(Release,GPSD)
09-12 14:29:14.832  3164  3164 D gpsd    : WakeLock(Acquire,GPSD)
09-12 14:29:14.832  3164  3164 D gpsd    : WakeLock(Release,GPSD)
09-12 14:29:14.832  3164  3164 D gpsd    : WakeLock(Acquire,GPSD)
09-12 14:29:14.832  3164  3164 D gpsd    : WakeLock(Release,GPSD)
09-12 14:29:14.832  3164  3164 D gpsd    : WakeLock(Acquire,GPSD)
09-12 14:29:14.832  3164  3164 D gpsd    : WakeLock(Release,GPSD)
09-12 14:29:14.832  3164  3164 D gpsd    : WakeLock(Acquire,GPSD)
09-12 14:29:14.832  3164  3164 D gpsd    : WakeLock(Release,GPSD)
09-12 14:29:14.832  3164  3164 D gpsd    : WakeLock(Acquire,GPSD)
09-12 14:29:14.832  3164  3164 D gpsd    : WakeLock(Release,GPSD)
09-12 14:29:14.832  3164  3164 D gpsd    : WakeLock(Acquire,GPSD)
09-12 14:29:14.832  3164  3164 D gpsd    : WakeLock(Release,GPSD)
09-12 14:29:14.832  3164  3164 D gpsd    : WakeLock(Acquire,GPSD)
09-12 14:29:14.832  3164  3164 D gpsd    : WakeLock(Release,GPSD)
09-12 14:29:14.832  3164  3164 D gpsd    : WakeLock(Acquire,GPSD)
09-12 14:29:14.832  3164  3164 D gpsd    : WakeLock(Release,GPSD)
09-12 14:29:14.833  3164  3164 D gpsd    : WakeLock(Acquire,GPSD)
09-12 14:29:14.833  3164  3164 D gpsd    : WakeLock(Release,GPSD)
09-12 14:29:14.833  3164  3164 D gpsd    : WakeLock(Acquire,GPSD)
09-12 14:29:14.833  3164  3164 D gpsd    : WakeLock(Release,GPSD)
09-12 14:29:14.833  3164  3164 D gpsd    : WakeLock(Acquire,GPSD)
09-12 14:29:14.833  3164  3164 D gpsd    : WakeLock(Release,GPSD)
09-12 14:29:14.833  3164  3164 D gpsd    : WakeLock(Acquire,GPSD)
09-12 14:29:14.833  3164  3164 D gpsd    : WakeLock(Release,GPSD)
09-12 14:29:14.833  3164  3164 D gpsd    : WakeLock(Acquire,GPSD)
09-12 14:29:14.833  3164  3164 D gpsd    : WakeLock(Release,GPSD)
09-12 14:29:14.833  3164  3164 D gpsd    : WakeLock(Acquire,GPSD)
09-12 14:29:14.833  3164  3164 D gpsd    : WakeLock(Release,GPSD)
09-12 14:29:14.833  3164  3164 D gpsd    : WakeLock(Acquire,GPSD)
09-12 14:29:14.833  3164  3164 D gpsd    : WakeLock(Release,GPSD)
09-12 14:29:14.833  3164  3164 D gpsd    : WakeLock(Acquire,GPSD)
09-12 14:29:14.833  3164  3164 D gpsd    : WakeLock(Release,GPSD)
09-12 14:29:14.833  3164  3164 D gpsd    : WakeLock(Acquire,GPSD)
09-12 14:29:14.833  3164  3164 D gpsd    : WakeLock(Release,GPSD)
09-12 14:29:14.833  3164  3164 D gpsd    : WakeLock(Acquire,GPSD)
09-12 14:29:14.833  3164  3164 D gpsd    : WakeLock(Release,GPSD)
09-12 14:29:14.833  3164  3164 D gpsd    : WakeLock(Acquire,GPSD)
09-12 14:29:14.833  3164  3164 D gpsd    : WakeLock(Release,GPSD)
09-12 14:29:14.833  3164  3164 D gpsd    : WakeLock(Acquire,GPSD)
09-12 14:29:14.833  3164  3164 D gpsd    : WakeLock(Release,GPSD)
09-12 14:29:14.833  3164  3164 D gpsd    : WakeLock(Acquire,GPSD)
09-12 14:29:14.833  3164  3164 D gpsd    : WakeLock(Release,GPSD)
09-12 14:29:14.833  3164  3164 D gpsd    : WakeLock(Acquire,GPSD)
09-12 14:29:14.834  3164  3164 D gpsd    : WakeLock(Release,GPSD)
09-12 14:29:14.834  3164  3164 D gpsd    : WakeLock(Acquire,GPSD)
09-12 14:29:14.834  3164  3164 D gpsd    : WakeLock(Release,GPSD)
09-12 14:29:14.834  3164  3164 D gpsd    : WakeLock(Acquire,GPSD)
09-12 14:29:14.834  3164  3164 D gpsd    : WakeLock(Release,GPSD)
09-12 14:29:14.834  3164  3164 D gpsd    : WakeLock(Acquire,GPSD)
09-12 14:29:14.834  3164  3164 D gpsd    : WakeLock(Release,GPSD)
09-12 14:29:14.834  3164  3164 D gpsd    : WakeLock(Acquire,GPSD)
09-12 14:29:14.834  3164  3164 D gpsd    : WakeLock(Release,GPSD)
09-12 14:29:14.834  3164  3164 D gpsd    : WakeLock(Acquire,GPSD)
09-12 14:29:14.834  3164  3164 D gpsd    : WakeLock(Release,GPSD)
09-12 14:29:14.834  3164  3164 D gpsd    : WakeLock(Acquire,GPSD)
09-12 14:29:14.834  3164  3164 D gpsd    : WakeLock(Release,GPSD)
09-12 14:29:14.834  3164  3164 D gpsd    : WakeLock(Acquire,GPSD)
09-12 14:29:14.834  3164  3164 D gpsd    : WakeLock(Release,GPSD)
09-12 14:29:14.834  3164  3164 D gpsd    : WakeLock(Acquire,GPSD)
09-12 14:29:14.834  3164  3164 D gpsd    : WakeLock(Release,GPSD)
09-12 14:29:14.834  3164  3164 D gpsd    : WakeLock(Acquire,GPSD)
09-12 14:29:14.834  3164  3164 D gpsd    : WakeLock(Release,GPSD)
09-12 14:29:14.834  3164  3164 D gpsd    : WakeLock(Acquire,GPSD)
09-12 14:29:14.834  3164  3164 D gpsd    : WakeLock(Release,GPSD)
09-12 14:29:14.835  5242  5242 D lhd     : OnIpcConnect
09-12 14:29:14.835  3164  3164 D gpsd    : WakeLock(Acquire,GPSD)
09-12 14:29:14.835  3164  3164 D gpsd    : WakeLock(Release,GPSD)
09-12 14:29:14.835  3164  3164 D gpsd    : WakeLock(Acquire,GPSD)
09-12 14:29:14.835  3164  3164 D gpsd    : WakeLock(Release,GPSD)
09-12 14:29:15.013  3169  3169 E         : Unable to unlink boot marker at /data//dalvik-cache/arm64/.booting, error=No such file or directory
09-12 14:29:15.015  3567  3674 W ActivityManager: Unable to mark boot complete for abi: arm64-v8a (Failed to execute markbootcomplete [arm64]: -1)
09-12 14:29:15.017  3169  3169 E         : Unable to unlink boot marker at /data//dalvik-cache/arm/.booting, error=No such file or directory
09-12 14:29:15.019  3567  3674 W ActivityManager: Unable to mark boot complete for abi: armeabi-v7a (Failed to execute markbootcomplete [arm]: -1)
09-12 14:29:15.026  3567  3674 I SystemServiceManager: Starting phase 1000
09-12 14:29:15.103  3075  3075 W auditd  : type=1325 audit(0.0:217): table=filter family=2 entries=100
09-12 14:29:15.103  3075  3075 W auditd  : type=1320 audit(0.0:217): 
09-12 14:29:15.123  3075  3075 W auditd  : type=1325 audit(0.0:218): table=filter family=10 entries=111
09-12 14:29:15.123  3075  3075 W auditd  : type=1320 audit(0.0:218): 
09-12 14:29:15.143  3075  3075 W auditd  : type=1325 audit(0.0:219): table=filter family=2 entries=99
09-12 14:29:15.143  3075  3075 W auditd  : type=1320 audit(0.0:219): 
09-12 14:29:15.159  3075  3075 W auditd  : type=1325 audit(0.0:220): table=filter family=10 entries=110
09-12 14:29:15.159  3075  3075 W auditd  : type=1320 audit(0.0:220): 
09-12 14:29:15.177  3567  3674 I ActivityManager: Start proc 5256:android.ext.services/u0a11 for on-hold
09-12 14:29:15.178  3567  3674 D ActivityManager: Finishing user boot 0
09-12 14:29:15.180  3567  3674 D CryptdConnector: SND -> {3 cryptfs prepare_user_storage ! 0 0 2}
09-12 14:29:15.181  3068  3134 D vold    : e4crypt_prepare_user_storage for volume null, user 0, serial 0, flags 2
09-12 14:29:15.181  3068  3134 D vold    : Preparing: /data/system_ce/0
09-12 14:29:15.182  3068  3134 D vold    : Preparing: /data/misc_ce/0
09-12 14:29:15.182  3068  3134 D vold    : Preparing: /data/media/0
09-12 14:29:15.182  3068  3134 D vold    : Preparing: /data/data
09-12 14:29:15.187  3567  4019 D CryptdConnector: RCV <- {200 3 Command succeeded}
09-12 14:29:15.190  3567  3674 V UserManagerService: Found /data/user/0 with serial number 0
09-12 14:29:15.190  3567  3674 V UserManagerService: Found /data/system_ce/0 with serial number -1
09-12 14:29:15.190  3567  3674 D UserManagerService: Serial number missing on /data/system_ce/0; assuming current is valid
09-12 14:29:15.190  3567  3674 V PackageManager: reconcileAppsData for null u0 0x2
09-12 14:29:15.196  5262  5262 I bootstat: Service started: /system/bin/bootstat --record_boot_complete 
09-12 14:29:15.196  5262  5262 E bootstat: Failed to read /data/misc/bootstat/last_boot_time_utc: No such file or directory
09-12 14:29:15.196  5262  5262 E bootstat: Failed to parse boot time record: /data/misc/bootstat/last_boot_time_utc
09-12 14:29:15.196  5262  5262 E bootstat: Failed to read /data/misc/bootstat/build_date: No such file or directory
09-12 14:29:15.197  5262  5262 E bootstat: Failed to parse boot time record: /data/misc/bootstat/build_date
09-12 14:29:15.197  5262  5262 E bootstat: Failed to read /data/misc/bootstat/post_decrypt_time_elapsed: No such file or directory
09-12 14:29:15.197  5262  5262 E bootstat: Failed to parse boot time record: /data/misc/bootstat/post_decrypt_time_elapsed
09-12 14:29:15.210  5273  5273 I bootstat: Service started: /system/bin/bootstat --record_boot_reason 
09-12 14:29:15.210  5273  5273 I bootstat: Unknown boot reason: 
09-12 14:29:15.221  5275  5275 I bootstat: Service started: /system/bin/bootstat --record_time_since_factory_reset 
09-12 14:29:15.221  5275  5275 I bootstat: Logging histogram: factory_reset_current_time 1505237355
09-12 14:29:15.222  5275  5275 E bootstat: Failed to read /data/misc/bootstat/factory_reset: No such file or directory
09-12 14:29:15.222  5275  5275 E bootstat: Failed to parse boot time record: /data/misc/bootstat/factory_reset
09-12 14:29:15.233  5276  5276 I bootstat: Service started: /system/bin/bootstat -l 
09-12 14:29:15.233  5276  5276 I bootstat: Logging histogram: bootstat_mtime_matches_content 1
09-12 14:29:15.234  5276  5276 I bootstat: Logging histogram: bootstat_mtime_matches_content 1
09-12 14:29:15.234  5276  5276 I bootstat: Logging histogram: bootstat_mtime_matches_content 1
09-12 14:29:15.234  5276  5276 I bootstat: Logging histogram: bootstat_mtime_matches_content 1
09-12 14:29:15.235  5276  5276 I bootstat: Logging histogram: bootstat_mtime_matches_content 1
09-12 14:29:15.235  5276  5276 I bootstat: Logging histogram: bootstat_mtime_matches_content 1
09-12 14:29:15.235  5276  5276 I bootstat: Logging histogram: bootstat_mtime_matches_content 1
09-12 14:29:15.235  5276  5276 I bootstat: Logging histogram: last_boot_time_utc 1505237355
09-12 14:29:15.235  5276  5276 I bootstat: Logging histogram: build_date 1505166142
09-12 14:29:15.235  5276  5276 I bootstat: Logging histogram: ota_boot_complete_no_encryption 47
09-12 14:29:15.235  5276  5276 I bootstat: Logging histogram: ota_boot_complete 47
09-12 14:29:15.235  5276  5276 I bootstat: Logging histogram: boot_reason 1
09-12 14:29:15.235  5276  5276 I bootstat: Logging histogram: factory_reset_current_time 1505237355
09-12 14:29:15.235  5276  5276 I bootstat: Logging histogram: factory_reset 1505237355
09-12 14:29:15.333  3567  3674 V PackageManager: reconcileAppsData finished 93 packages
09-12 14:29:15.344  3567  3667 D BluetoothManagerService: User 0 unlocked
09-12 14:29:15.344  3567  3673 D BluetoothManagerService: MESSAGE_USER_UNLOCKED
09-12 14:29:15.344  3567  3667 D MountService: onUnlockUser 0
09-12 14:29:15.348  3567  3667 D VoldConnector: SND -> {34 volume user_started 0}
09-12 14:29:15.349  3567  4666 D ConnectivityService: Got NetworkFactory Messenger for WIFI
09-12 14:29:15.349  3567  4666 D ConnectivityService: Got NetworkFactory Messenger for WIFI_UT
09-12 14:29:15.351  5220  5220 I AlarmClock: AlarmInitReceiver android.intent.action.LOCKED_BOOT_COMPLETED
09-12 14:29:15.351  3068  3133 D vold    : Linking /storage/emulated/0 to /mnt/user/0/primary
09-12 14:29:15.352  3567  4018 D VoldConnector: RCV <- {200 34 Command succeeded}
09-12 14:29:15.365  3567  4017 D MountService: Volume emulated broadcasting mounted to UserHandle{0}
09-12 14:29:15.373  3567  3567 I InputMethodManagerService: All the enabled IMEs are gone. Reset default enabled IMEs.
09-12 14:29:15.390  5256  5256 W System  : ClassLoader referenced unknown path: /system/priv-app/ExtServices/lib/arm64
09-12 14:29:15.391  5220  5220 I droid.deskclock: type=1400 audit(0.0:221): avc: denied { write } for name="shared_prefs" dev="sda24" ino=3121299 scontext=u:r:untrusted_app:s0:c512,c768 tcontext=u:object_r:system_data_file:s0:c512,c768 tclass=dir permissive=1
09-12 14:29:15.391  5220  5220 I droid.deskclock: type=1400 audit(0.0:221): avc: denied { remove_name } for name="com.android.deskclock_preferences.xml" dev="sda24" ino=3121295 scontext=u:r:untrusted_app:s0:c512,c768 tcontext=u:object_r:system_data_file:s0:c512,c768 tclass=dir permissive=1
09-12 14:29:15.391  5220  5220 I droid.deskclock: type=1400 audit(0.0:221): avc: denied { rename } for name="com.android.deskclock_preferences.xml" dev="sda24" ino=3121295 scontext=u:r:untrusted_app:s0:c512,c768 tcontext=u:object_r:system_data_file:s0:c512,c768 tclass=file permissive=1
09-12 14:29:15.391  5220  5220 I droid.deskclock: type=1400 audit(0.0:221): avc: denied { add_name } for name="com.android.deskclock_preferences.xml.bak" scontext=u:r:untrusted_app:s0:c512,c768 tcontext=u:object_r:system_data_file:s0:c512,c768 tclass=dir permissive=1
09-12 14:29:15.391  5220  5220 W droid.deskclock: type=1300 audit(0.0:221): arch=c00000b7 syscall=38 success=yes exit=0 a0=ffffff9c a1=7f7f81ce80 a2=ffffff9c a3=7f7f81cee0 items=0 ppid=3165 auid=4294967295 uid=10042 gid=10042 euid=10042 suid=10042 fsuid=10042 egid=10042 sgid=10042 fsgid=10042 tty=(none) ses=4294967295 exe="/system/bin/app_process64" subj=u:r:untrusted_app:s0:c512,c768 key=(null)
09-12 14:29:15.391  3075  3075 W auditd  : type=1327 audit(0.0:221): proctitle="com.android.deskclock"
09-12 14:29:15.391  3075  3075 W auditd  : type=1320 audit(0.0:221): 
09-12 14:29:15.391  5220  5220 I droid.deskclock: type=1400 audit(0.0:222): avc: denied { create } for name="com.android.deskclock_preferences.xml" scontext=u:r:untrusted_app:s0:c512,c768 tcontext=u:object_r:system_data_file:s0:c512,c768 tclass=file permissive=1
09-12 14:29:15.391  5220  5220 I droid.deskclock: type=1400 audit(0.0:222): avc: denied { write } for path="/data/user_de/0/com.android.deskclock/shared_prefs/com.android.deskclock_preferences.xml" dev="sda24" ino=3121304 scontext=u:r:untrusted_app:s0:c512,c768 tcontext=u:object_r:system_data_file:s0:c512,c768 tclass=file permissive=1
09-12 14:29:15.391  5220  5220 W droid.deskclock: type=1300 audit(0.0:222): arch=c00000b7 syscall=56 success=yes exit=37 a0=ffffff9c a1=7f7f81ce80 a2=241 a3=1b6 items=0 ppid=3165 auid=4294967295 uid=10042 gid=10042 euid=10042 suid=10042 fsuid=10042 egid=10042 sgid=10042 fsgid=10042 tty=(none) ses=4294967295 exe="/system/bin/app_process64" subj=u:r:untrusted_app:s0:c512,c768 key=(null)
09-12 14:29:15.391  3075  3075 W auditd  : type=1327 audit(0.0:222): proctitle="com.android.deskclock"
09-12 14:29:15.391  3075  3075 W auditd  : type=1320 audit(0.0:222): 
09-12 14:29:15.399  3567  3667 V BackupManagerService: No ancestral data
09-12 14:29:15.484  3567  3667 V BackupManagerService: Starting with transport com.google.android.gms/.backup.BackupTransportService
09-12 14:29:15.485  3567  3667 V BackupManagerService: Found transports: 1
09-12 14:29:15.496  3567  3667 I BackupManagerService: Backup enable apparently not migrated
09-12 14:29:15.497  3567  3667 I BackupManagerService: Migrating enable state false
09-12 14:29:15.499  3567  3667 I BackupManagerService: Backup enabled => false
09-12 14:29:15.507  3567  5277 V KeyValueBackupJob: Scheduling k/v pass in 244 minutes
09-12 14:29:15.516  3567  3667 W AppWidgetServiceImpl: Failed to read state: java.io.FileNotFoundException: /data/system/users/0/appwidgets.xml (No such file or directory)
09-12 14:29:15.517  3567  3667 V AppWidgetServiceImpl: Upgrading widget database from 0 to 1
09-12 14:29:15.518  3567  3667 W VoiceInteractionManagerService: no available voice interaction services found for user 0
09-12 14:29:15.518  3567  3667 W VoiceInteractionManagerService: no available voice recognition services found for user 0
09-12 14:29:15.519  3567  3667 I BrokerableCMSystemService: Connecting to implementation
09-12 14:29:15.519  3567  3667 W ContextImpl: Calling a method in the system process without a qualified user: android.app.ContextImpl.bindService:1421 org.cyanogenmod.platform.internal.BrokerableCMSystemService.tryConnecting:199 org.cyanogenmod.platform.internal.WeatherManagerServiceBroker.onUnlockUser:97 com.android.server.SystemServiceManager.unlockUser:179 com.android.server.am.ActivityManagerService$MainHandler.handleMessage:2067 
09-12 14:29:15.535  3567  3667 I ActivityManager: Start proc 5281:org.cyanogenmod.weatherservice/u0a30 for service org.cyanogenmod.weatherservice/.WeatherManagerService
09-12 14:29:15.535  3567  3667 I ActivityManager: Loading recents for user 0 into memory.
09-12 14:29:15.590  3567  3667 I ActivityManager: Start proc 5295:org.cyanogenmod.audiofx/u0a3 for added application org.cyanogenmod.audiofx
09-12 14:29:15.592  3567  5280 I chatty  : uid=1000 system_server expire 11 lines
09-12 14:29:15.611  3567  3667 I ActivityManager: Start proc 5308:com.android.nfc/1027 for added application com.android.nfc
09-12 14:29:15.641  3567  4893 I chatty  : uid=1000(system) Binder:3567_5 expire 9 lines
09-12 14:29:15.642  3567  3667 I PreBootBroadcaster: Pre-boot of {com.android.managedprovisioning/com.android.managedprovisioning.PreBootListener} for user 0
09-12 14:29:15.674  3567  3666 I ActivityManager: Start proc 5325:com.android.printspooler/u0a58 for service com.android.printspooler/.model.PrintSpoolerService
09-12 14:29:15.675  3567  3567 V BackupManagerService: Connected to transport ComponentInfo{android/com.android.internal.backup.LocalTransportService}
09-12 14:29:15.675  3567  3567 V BackupManagerService: Registering transport android/com.android.internal.backup.LocalTransportService::android/com.android.internal.backup.LocalTransport = android.app.backup.BackupTransport$TransportImpl@e6cafd5
09-12 14:29:15.676  5281  5281 W System  : ClassLoader referenced unknown path: /system/priv-app/WeatherManagerService/lib/arm64
09-12 14:29:15.737  5295  5295 W System  : ClassLoader referenced unknown path: /system/priv-app/AudioFX/lib/arm64
09-12 14:29:15.750  3567  3664 I ActivityManager: Start proc 5339:android.process.media/u0a9 for broadcast com.android.providers.downloads/.DownloadReceiver
09-12 14:29:15.753  3567  3668 I ActivityManager: Config changes=20 {1.0 ?mcc?mnc [en_US] ldltr sw411dp w411dp h773dp 560dpi nrml long port finger -keyb/v/h -nav/h s.6}
09-12 14:29:15.770  3567  4893 I PackageManager: Replacing preferred activity com.android.messaging/.ui.conversation.LaunchConversationActivity for user 0:
09-12 14:29:15.781  3567  5345 I PackageManager: Replacing preferred activity com.android.messaging/.ui.conversation.LaunchConversationActivity for user 0:
09-12 14:29:15.781  3567  5345 I chatty  : uid=1000(system) Binder:3567_9 expire 8 lines
09-12 14:29:15.786  3567  5345 I PackageManager: Replacing preferred activity com.android.messaging/.ui.conversation.LaunchConversationActivity for user 0:
09-12 14:29:15.799  3567  4893 I PackageManager: Replacing preferred activity com.android.messaging/.ui.conversation.LaunchConversationActivity for user 0:
09-12 14:29:15.842  3567  3674 I WindowManager: Screen frozen for +49ms due to Window{4168e55 u0 com.android.settings/com.android.settings.FallbackHome}
09-12 14:29:15.880  5308  5308 I chatty  : uid=1027(nfc) com.android.nfc expire 27 lines
09-12 14:29:15.914  5339  5339 I chatty  : uid=10009(com.android.providers.media) android.process.media expire 18 lines
09-12 14:29:15.927  4897  4897 D CarrierSvcBindHelper: No carrier app for: 0
09-12 14:29:15.959  3567  5137 I ActivityManager: Start proc 5369:com.android.keychain/1000 for service com.android.keychain/.KeyChainService
09-12 14:29:15.963  4897  4897 D CarrierSvcBindHelper: Received android.intent.action.USER_UNLOCKED
09-12 14:29:15.965  4897  4897 D CarrierSvcBindHelper: No carrier app for: 0
09-12 14:29:15.992  3567  5359 I ActivityManager: Start proc 5379:com.android.smspush/u0a60 for service com.android.smspush/.WapPushManager
09-12 14:29:16.075  5369  5369 W System  : ClassLoader referenced unknown path: /system/app/KeyChain/lib/arm64
09-12 14:29:16.099  5379  5379 W System  : ClassLoader referenced unknown path: /system/app/WAPPushManager/lib/arm64
09-12 14:29:16.113  3567  4778 W ActivityManager: Finishing task with all activities already finished
09-12 14:29:16.114  3567  4778 W ActivityManager: Duplicate finish request for ActivityRecord{efbd1b2 u0 com.android.settings/.FallbackHome t2 f}
09-12 14:29:16.123  3075  3075 W auditd  : type=1327 audit(0.0:239): proctitle="android.process.media"
09-12 14:29:16.123  3075  3075 W auditd  : type=1320 audit(0.0:239): 
09-12 14:29:16.123  3075  3075 W auditd  : type=1327 audit(0.0:240): proctitle="android.process.media"
09-12 14:29:16.123  3075  3075 W auditd  : type=1320 audit(0.0:240): 
09-12 14:29:16.139  5369  5369 I ndroid.keychain: type=1400 audit(0.0:241): avc: denied { write } for name="com.android.keychain" dev="sda24" ino=3121203 scontext=u:r:system_app:s0 tcontext=u:object_r:system_data_file:s0 tclass=dir permissive=1
09-12 14:29:16.139  5369  5369 I ndroid.keychain: type=1400 audit(0.0:241): avc: denied { add_name } for name="code_cache" scontext=u:r:system_app:s0 tcontext=u:object_r:system_data_file:s0 tclass=dir permissive=1
09-12 14:29:16.139  5369  5369 I ndroid.keychain: type=1400 audit(0.0:241): avc: denied { create } for name="code_cache" scontext=u:r:system_app:s0 tcontext=u:object_r:system_data_file:s0 tclass=dir permissive=1
09-12 14:29:16.139  5369  5369 W ndroid.keychain: type=1300 audit(0.0:241): arch=c00000b7 syscall=34 success=yes exit=0 a0=ffffff9c a1=7f83e130c0 a2=1f9 a3=7f8b54f514 items=0 ppid=3165 auid=4294967295 uid=1000 gid=1000 euid=1000 suid=1000 fsuid=1000 egid=1000 sgid=1000 fsgid=1000 tty=(none) ses=4294967295 exe="/system/bin/app_process64" subj=u:r:system_app:s0 key=(null)
09-12 14:29:16.139  3075  3075 W auditd  : type=1327 audit(0.0:241): proctitle="com.android.keychain"
09-12 14:29:16.139  3075  3075 W auditd  : type=1320 audit(0.0:241): 
09-12 14:29:16.143  5369  5369 I ndroid.keychain: type=1400 audit(0.0:242): avc: denied { setattr } for name="code_cache" dev="sda24" ino=3121313 scontext=u:r:system_app:s0 tcontext=u:object_r:system_data_file:s0 tclass=dir permissive=1
09-12 14:29:16.143  5369  5369 W ndroid.keychain: type=1300 audit(0.0:242): arch=c00000b7 syscall=53 success=yes exit=0 a0=ffffff9c a1=7f83e130c0 a2=1f9 a3=0 items=0 ppid=3165 auid=4294967295 uid=1000 gid=1000 euid=1000 suid=1000 fsuid=1000 egid=1000 sgid=1000 fsgid=1000 tty=(none) ses=4294967295 exe="/system/bin/app_process64" subj=u:r:system_app:s0 key=(null)
09-12 14:29:16.143  3075  3075 W auditd  : type=1327 audit(0.0:242): proctitle="com.android.keychain"
09-12 14:29:16.158  3567  4893 I ActivityManager: START u0 {act=android.intent.action.MAIN cat=[android.intent.category.HOME] flg=0x10000100 cmp=com.cyanogenmod.setupwizard/.SetupWizardActivity} from uid 0 on display 0
09-12 14:29:16.189  3567  4893 I ActivityManager: Start proc 5402:com.cyanogenmod.setupwizard/1000 for activity com.cyanogenmod.setupwizard/.SetupWizardActivity
09-12 14:29:16.207  4897  4897 D CarrierConfigLoader: update config for phoneId: 0 simState: ABSENT
09-12 14:29:16.208  4897  4897 D CarrierSvcBindHelper: update binding for phoneId: 0 simState: ABSENT
09-12 14:29:16.228  4897  4897 I Telephony: PstnIncomingCallNotifier: Unregistering: Handler (com.android.internal.telephony.GsmCdmaPhone) {5328c1}
09-12 14:29:16.228  3567  4662 I chatty  : uid=1000(system) WifiStateMachin expire 1 line
09-12 14:29:16.248  3567  3567 I BrokerableCMSystemService: Implementation service connected
09-12 14:29:16.255  4897  4897 E PhoneInterfaceManager: [PhoneIntfMgr] getIccId: No UICC
09-12 14:29:16.267  3567  4891 I Telecom : PhoneAccountRegistrar: [ComponentInfo{com.android.phone/com.android.services.telephony.TelephonyConnectionService}, [e0184adedf913b076626646d3f52c3b49c39ad6d], UserHandle{0}(icon: Icon(typ=BITMAP size=67x84) -> Icon(typ=BITMAP size=67x84))]: TSI.rPA@ABU
09-12 14:29:16.270  3567  4891 I Telecom : : Sending phone-account registered intent as user: TSI.rPA@ABU
09-12 14:29:16.271  4897  4897 I Telephony: AccountEntry: Registered phoneAccount: [[ ] PhoneAccount: ComponentInfo{com.android.phone/com.android.services.telephony.TelephonyConnectionService}, [e0184adedf913b076626646d3f52c3b49c39ad6d], UserHandle{0} Capabilities: CallProvider MultiUser PlaceEmerg SimSub  Audio Routes: BESW Schemes: tel voicemail  Extras: null GroupId: [da39a3ee5e6b4b0d3255bfef95601890afd80709]] with handle: ComponentInfo{com.android.phone/com.android.services.telephony.TelephonyConnectionService}, [e0184adedf913b076626646d3f52c3b49c39ad6d], UserHandle{0}
09-12 14:29:16.271  4897  4897 I Telephony: PstnIncomingCallNotifier: Registering: Handler (com.android.internal.telephony.GsmCdmaPhone) {5328c1}
09-12 14:29:16.330  3567  5323 W ActivityManager: Slow operation: 54ms so far, now at attachApplicationLocked: after mServices.attachApplicationLocked
09-12 14:29:16.351  4897  4897 D CarrierConfigLoader: mHandler: 0 phoneId: 0
09-12 14:29:16.368  4897  4897 E PhoneInterfaceManager: [PhoneIntfMgr] getIccId: No UICC
09-12 14:29:16.391  5402  5402 I chatty  : uid=1000(system) com.cyanogenmod.setupwizard expire 28 lines
09-12 14:29:16.397  3567  4778 I Telecom : PhoneAccountRegistrar: [ComponentInfo{com.android.phone/com.android.services.telephony.TelephonyConnectionService}, [e0184adedf913b076626646d3f52c3b49c39ad6d], UserHandle{0}(icon: Icon(typ=BITMAP size=67x84) -> Icon(typ=BITMAP size=67x84))]: TSI.rPA@ABg
09-12 14:29:16.404  5308  5314 I chatty  : uid=1027(nfc) Jit thread pool expire 3 lines
09-12 14:29:16.409  4897  4902 I art     : Do partial code cache collection, code=248KB, data=213KB
09-12 14:29:16.409  4897  4902 I art     : After code cache collection, code=247KB, data=212KB
09-12 14:29:16.409  4897  4902 I art     : Increasing code cache capacity to 1024KB
09-12 14:29:16.413  3567  4778 I Telecom : : Sending phone-account registered intent as user: TSI.rPA@ABg
09-12 14:29:16.416  4763  4763 W KeyguardUpdateMonitor: invalid subId in handleSimStateChange()
09-12 14:29:16.487  5308  5421 I chatty  : uid=1027(nfc) com.android.nfc expire 54 lines
09-12 14:29:16.492  4763  4768 I art     : Do partial code cache collection, code=489KB, data=374KB
09-12 14:29:16.493  4763  4768 I art     : After code cache collection, code=489KB, data=374KB
09-12 14:29:16.493  4763  4768 I art     : Increasing code cache capacity to 2MB
09-12 14:29:16.503  5308  5424 I chatty  : uid=1027(nfc) com.android.nfc expire 2 lines
09-12 14:29:16.504  5308  5425 I chatty  : uid=1027(nfc) AsyncTask #1 expire 195 lines
09-12 14:29:16.504  5308  5423 I chatty  : uid=1027(nfc) AsyncTask #1 expire 2 lines
09-12 14:29:16.569  4763  4763 D PhoneStatusBar: disable: < expand icons ALERTS* system_info back home recent clock SEARCH* quick_settings >
09-12 14:29:16.570  4763  4763 D PhoneStatusBar: heads up is disabled
09-12 14:29:16.570  4763  4763 D PhoneStatusBar: dismissing any existing heads up notification on disable event
09-12 14:29:16.580  3567  5359 I ActivityManager: START u0 {act=com.android.wizard.LOAD flg=0x10000001 cmp=com.cyanogenmod.setupwizard/.wizardmanager.WizardManager (has extras)} from uid 1000 on display 0
09-12 14:29:16.664  3567  3664 I ActivityManager: START u0 {act=com.cyanogenmod.setupwizard.LINEAGE_WELCOME flg=0x4000000 cmp=com.cyanogenmod.setupwizard/.WelcomeActivity (has extras)} from uid 1000 on display 0
09-12 14:29:16.683  5308  5428 I chatty  : uid=1027(nfc) AsyncTask #1 expire 21 lines
09-12 14:29:16.683  5308  5429 I chatty  : uid=1027(nfc) AsyncTask #1 expire 400 lines
09-12 14:29:16.764  5402  5408 I chatty  : uid=1000(system) Jit thread pool expire 10 lines
09-12 14:29:16.778  5402  5402 W ContextImpl: Calling a method in the system process without a qualified user: android.app.ContextImpl.bindService:1421 android.content.ContextWrapper.bindService:636 android.speech.tts.TextToSpeech.connectToEngine:810 android.speech.tts.TextToSpeech.initTts:780 android.speech.tts.TextToSpeech.<init>:733 
09-12 14:29:16.797  3567  4893 I ActivityManager: Start proc 5430:com.svox.pico/u0a53 for service com.svox.pico/.PicoService
09-12 14:29:16.846  3174  4842 E MediaPlayerService: Couldn't open fd for content://settings/system/notification_sound
09-12 14:29:16.863  3174  4860 E MediaPlayerService: Couldn't open fd for content://settings/system/notification_sound
09-12 14:29:16.928  5430  5430 V SynthProxy: About to load libttspico.so, applyFilter=true
09-12 14:29:16.942  5402  5445 I chatty  : uid=1000(system) RenderThread expire 9 lines
09-12 14:29:16.966  5430  5435 I art     : Do partial code cache collection, code=29KB, data=19KB
09-12 14:29:16.966  5430  5435 I art     : After code cache collection, code=26KB, data=18KB
09-12 14:29:16.966  5430  5435 I art     : Increasing code cache capacity to 128KB
09-12 14:29:16.984  5430  5430 I SVOX Pico Engine: loaded en-US successfully
09-12 14:29:17.127  5402  5469 I chatty  : uid=1000(system) com.cyanogenmod.setupwizard expire 1 line
09-12 14:29:17.189  3567  5334 I ActivityManager: Start proc 5470:com.android.managedprovisioning/u0a16 for broadcast com.android.managedprovisioning/.PreBootListener
09-12 14:29:17.293  5470  5470 W System  : ClassLoader referenced unknown path: /system/priv-app/ManagedProvisioning/lib/arm64
09-12 14:29:17.331  5470  5470 I gedprovisioning: type=1400 audit(0.0:254): avc: denied { write } for name="com.android.managedprovisioning" dev="sda24" ino=3121216 scontext=u:r:platform_app:s0:c512,c768 tcontext=u:object_r:system_data_file:s0 tclass=dir permissive=1
09-12 14:29:17.331  5470  5470 I gedprovisioning: type=1400 audit(0.0:254): avc: denied { add_name } for name="code_cache" scontext=u:r:platform_app:s0:c512,c768 tcontext=u:object_r:system_data_file:s0 tclass=dir permissive=1
09-12 14:29:17.331  5470  5470 W gedprovisioning: type=1300 audit(0.0:254): arch=c00000b7 syscall=34 success=yes exit=0 a0=ffffff9c a1=7f7f814cc0 a2=1f9 a3=7f8b54f514 items=0 ppid=3165 auid=4294967295 uid=10016 gid=10016 euid=10016 suid=10016 fsuid=10016 egid=10016 sgid=10016 fsgid=10016 tty=(none) ses=4294967295 exe="/system/bin/app_process64" subj=u:r:platform_app:s0:c512,c768 key=(null)
09-12 14:29:17.331  3075  3075 W auditd  : type=1327 audit(0.0:254): proctitle="com.android.managedprovisioning"
09-12 14:29:17.331  3075  3075 W auditd  : type=1320 audit(0.0:254): 
09-12 14:29:17.393  3567  3664 I PreBootBroadcaster: Pre-boot of {com.android.providers.calendar/com.android.providers.calendar.CalendarUpgradeReceiver} for user 0
09-12 14:29:17.411  5169  5169 D CellBroadcastReceiver: onReceive Intent { act=android.intent.action.SIM_STATE_CHANGED flg=0x4000010 cmp=com.android.cellbroadcastreceiver/.CellBroadcastReceiver (has extras) }
09-12 14:29:17.415  3567  3567 D ZenLog  : disable_effects: 0|android|0|PreBootBroadcaster|1000,booleanState
09-12 14:29:17.443  4897  4897 I VvmSimChangeReceiver: Sim removed, removing inactive accounts
09-12 14:29:17.456  4937  4937 I chatty  : uid=1000(system) com.android.settings expire 3 lines
09-12 14:29:17.495  3567  5359 I ActivityManager: Start proc 5491:android.process.acore/u0a2 for broadcast com.android.providers.contacts/.PhoneAccountRegistrationReceiver
09-12 14:29:17.581  5491  5491 W System  : ClassLoader referenced unknown path: /system/priv-app/ContactsProvider/lib/arm64
09-12 14:29:17.804  5339  5486 I chatty  : uid=10009(com.android.providers.media) android.process.media expire 2 lines
09-12 14:29:17.890  5491  5491 I ContactsPerf: VoicemailContentProvider.onCreate start
09-12 14:29:17.904  5491  5491 I ContactsPerf: VoicemailContentProvider.onCreate finish
09-12 14:29:17.926  5491  5491 W System  : ClassLoader referenced unknown path: /system/priv-app/BlockedNumberProvider/lib/arm64
09-12 14:29:17.927  5491  5491 D ApplicationLoaders: ignored Vulkan layer search path /system/priv-app/BlockedNumberProvider/lib/arm64:/system/lib64:/vendor/lib64 for namespace 0x7f8f4ab0f0
