09-26 16:30:56.941  5504  6053 I MediaScanner: forcing rescan of /system/media/audio/notifications/Iridium.ogg since build fingerprint changed
09-26 16:30:56.958  5504  6053 I MediaScanner: forcing rescan of /system/media/audio/notifications/Krypton.ogg since build fingerprint changed
09-26 16:30:56.971  5504  6053 I MediaScanner: forcing rescan of /system/media/audio/notifications/KzurbSonar.ogg since build fingerprint changed
09-26 16:30:56.983  5504  6053 I MediaScanner: forcing rescan of /system/media/audio/notifications/Laser.ogg since build fingerprint changed
09-26 16:30:56.995  5504  6053 I MediaScanner: forcing rescan of /system/media/audio/notifications/Merope.ogg since build fingerprint changed
09-26 16:30:57.008  5504  6053 I MediaScanner: forcing rescan of /system/media/audio/notifications/Mira.ogg since build fingerprint changed
09-26 16:30:57.021  5504  6053 I MediaScanner: forcing rescan of /system/media/audio/notifications/Naughty.ogg since build fingerprint changed
09-26 16:30:57.039  5504  6053 I MediaScanner: forcing rescan of /system/media/audio/notifications/OnTheHunt.ogg since build fingerprint changed
09-26 16:30:57.055  3658  5618 D AlarmManagerService: Kernel timezone updated to 180 minutes west of GMT
09-26 16:30:57.058  5504  6053 I MediaScanner: forcing rescan of /system/media/audio/notifications/Palladium.ogg since build fingerprint changed
09-26 16:30:57.077  3658  3720 I ActivityManager: Start proc 6175:com.android.cellbroadcastreceiver/u0a7 for broadcast com.android.cellbroadcastreceiver/.CellBroadcastReceiver
09-26 16:30:57.084  5504  6053 I MediaScanner: forcing rescan of /system/media/audio/notifications/Plastic_Pipe.ogg since build fingerprint changed
09-26 16:30:57.106  5504  6053 I MediaScanner: forcing rescan of /system/media/audio/notifications/Polaris.ogg since build fingerprint changed
09-26 16:30:57.107  6175  6175 W System  : ClassLoader referenced unknown path: /system/priv-app/CellBroadcastReceiver/lib/arm64
09-26 16:30:57.126  5504  6053 I MediaScanner: forcing rescan of /system/media/audio/notifications/Pollux.ogg since build fingerprint changed
09-26 16:30:57.128  6175  6175 D CellBroadcastReceiver: onReceive Intent { act=android.intent.action.SERVICE_STATE flg=0x10 cmp=com.android.cellbroadcastreceiver/.CellBroadcastReceiver (has extras) }
09-26 16:30:57.128  6175  6175 D CellBroadcastReceiver: Intent: android.intent.action.SERVICE_STATE
09-26 16:30:57.129  6175  6175 D CellBroadcastReceiver: Service state changed! 0 Full: 0 0 voice home data home PERSONAL AR TP 72234 PERSONAL AR TP 72234  UMTS HSPAP CSS not supported -1 -1 RoamInd=-1 DefRoamInd=-1 EmergOnly=false IsDataRoamingFromRegistration=false IsUsingCarrierAggregation=false Current state=-1
09-26 16:30:57.130  6175  6175 D CellBroadcastReceiver: Start Cell Broadcast configuration.
09-26 16:30:57.136  6175  6192 D CellBroadcastConfigService: Enable CellBroadcast on sub 1
09-26 16:30:57.149  5504  6053 I MediaScanner: forcing rescan of /system/media/audio/notifications/Pong.ogg since build fingerprint changed
09-26 16:30:57.151  4975  4989 D IccSmsInterfaceManager: [IccSmsInterfaceManager] Calling setCdmaBroadcastConfig with 1 configurations
09-26 16:30:57.153  4975  4989 D IccSmsInterfaceManager: [IccSmsInterfaceManager] Failed to add cdma broadcast subscription for MID range 4096 to 4096 from client com.android.cellbroadcastreceiver
09-26 16:30:57.158  4975  5350 D IccSmsInterfaceManager: [IccSmsInterfaceManager] Calling setCdmaBroadcastConfig with 1 configurations
09-26 16:30:57.160  4975  5350 D IccSmsInterfaceManager: [IccSmsInterfaceManager] Failed to add cdma broadcast subscription for MID range 4097 to 4097 from client com.android.cellbroadcastreceiver
09-26 16:30:57.165  4975  5423 D IccSmsInterfaceManager: [IccSmsInterfaceManager] Calling setCdmaBroadcastConfig with 1 configurations
09-26 16:30:57.167  4975  5423 D IccSmsInterfaceManager: [IccSmsInterfaceManager] Failed to add cdma broadcast subscription for MID range 4098 to 4098 from client com.android.cellbroadcastreceiver
09-26 16:30:57.171  4975  4989 D IccSmsInterfaceManager: [IccSmsInterfaceManager] Calling setCdmaBroadcastConfig with 1 configurations
09-26 16:30:57.174  4975  4989 D IccSmsInterfaceManager: [IccSmsInterfaceManager] Failed to add cdma broadcast subscription for MID range 4099 to 4099 from client com.android.cellbroadcastreceiver
09-26 16:30:57.179  4975  5350 D IccSmsInterfaceManager: [IccSmsInterfaceManager] Failed to remove cdma broadcast subscription for MID range 4100 to 4100 from client com.android.cellbroadcastreceiver
09-26 16:30:57.182  5504  6053 I MediaScanner: forcing rescan of /system/media/audio/notifications/Procyon.ogg since build fingerprint changed
09-26 16:30:57.184  4975  5423 D IccSmsInterfaceManager: [IccSmsInterfaceManager] Calling setGsmBroadcastConfig with 1 configurations
09-26 16:30:57.190  4975  5423 D IccSmsInterfaceManager: [IccSmsInterfaceManager] Added GSM cell broadcast subscription for MID range 4352 to 4354 from client com.android.cellbroadcastreceiver
09-26 16:30:57.190  4975  5423 D IccSmsInterfaceManager: [IccSmsInterfaceManager] Calling setCellBroadcastActivation(true)
09-26 16:30:57.198  4975  4989 D IccSmsInterfaceManager: [IccSmsInterfaceManager] Calling setGsmBroadcastConfig with 2 configurations
09-26 16:30:57.201  5504  6053 I MediaScanner: forcing rescan of /system/media/audio/notifications/Proxima.ogg since build fingerprint changed
09-26 16:30:57.204  4975  4989 D IccSmsInterfaceManager: [IccSmsInterfaceManager] Added GSM cell broadcast subscription for MID range 4356 to 4356 from client com.android.cellbroadcastreceiver
09-26 16:30:57.204  4975  4989 D IccSmsInterfaceManager: [IccSmsInterfaceManager] Calling setCellBroadcastActivation(true)
09-26 16:30:57.211  4975  5350 D IccSmsInterfaceManager: [IccSmsInterfaceManager] Failed to remove GSM cell broadcast subscription for MID range 4355 to 4355 from client com.android.cellbroadcastreceiver
09-26 16:30:57.216  4975  5423 D IccSmsInterfaceManager: [IccSmsInterfaceManager] Calling setGsmBroadcastConfig with 3 configurations
09-26 16:30:57.217  5504  6053 I MediaScanner: forcing rescan of /system/media/audio/notifications/Radon.ogg since build fingerprint changed
09-26 16:30:57.222  4975  5423 D IccSmsInterfaceManager: [IccSmsInterfaceManager] Added GSM cell broadcast subscription for MID range 4370 to 4370 from client com.android.cellbroadcastreceiver
09-26 16:30:57.222  4975  5423 D IccSmsInterfaceManager: [IccSmsInterfaceManager] Calling setCellBroadcastActivation(true)
09-26 16:30:57.229  4975  4989 D IccSmsInterfaceManager: [IccSmsInterfaceManager] Calling setGsmBroadcastConfig with 4 configurations
09-26 16:30:57.235  5504  6053 I MediaScanner: forcing rescan of /system/media/audio/notifications/Rang.ogg since build fingerprint changed
09-26 16:30:57.236  4975  4989 D IccSmsInterfaceManager: [IccSmsInterfaceManager] Added GSM cell broadcast subscription for MID range 4371 to 4372 from client com.android.cellbroadcastreceiver
09-26 16:30:57.236  4975  4989 D IccSmsInterfaceManager: [IccSmsInterfaceManager] Calling setCellBroadcastActivation(true)
09-26 16:30:57.245  4975  5350 D IccSmsInterfaceManager: [IccSmsInterfaceManager] Calling setGsmBroadcastConfig with 4 configurations
09-26 16:30:57.252  4975  5350 D IccSmsInterfaceManager: [IccSmsInterfaceManager] Added GSM cell broadcast subscription for MID range 4373 to 4378 from client com.android.cellbroadcastreceiver
09-26 16:30:57.252  4975  5350 D IccSmsInterfaceManager: [IccSmsInterfaceManager] Calling setCellBroadcastActivation(true)
09-26 16:30:57.259  4975  5423 D IccSmsInterfaceManager: [IccSmsInterfaceManager] Calling setGsmBroadcastConfig with 4 configurations
09-26 16:30:57.270  4975  5423 D IccSmsInterfaceManager: [IccSmsInterfaceManager] Added GSM cell broadcast subscription for MID range 4379 to 4379 from client com.android.cellbroadcastreceiver
09-26 16:30:57.270  4975  5423 D IccSmsInterfaceManager: [IccSmsInterfaceManager] Calling setCellBroadcastActivation(true)
09-26 16:30:57.270  5504  6053 I MediaScanner: forcing rescan of /system/media/audio/notifications/Rhea.ogg since build fingerprint changed
09-26 16:30:57.279  4975  4989 D IccSmsInterfaceManager: [IccSmsInterfaceManager] Failed to remove GSM cell broadcast subscription for MID range 4380 to 4382 from client com.android.cellbroadcastreceiver
09-26 16:30:57.284  4975  5350 D IccSmsInterfaceManager: [IccSmsInterfaceManager] Calling setGsmBroadcastConfig with 4 configurations
09-26 16:30:57.290  5504  6053 I MediaScanner: forcing rescan of /system/media/audio/notifications/Rubidium.ogg since build fingerprint changed
09-26 16:30:57.292  4975  5350 D IccSmsInterfaceManager: [IccSmsInterfaceManager] Added GSM cell broadcast subscription for MID range 4383 to 4383 from client com.android.cellbroadcastreceiver
09-26 16:30:57.292  4975  5350 D IccSmsInterfaceManager: [IccSmsInterfaceManager] Calling setCellBroadcastActivation(true)
09-26 16:30:57.300  4975  5423 D IccSmsInterfaceManager: [IccSmsInterfaceManager] Calling setGsmBroadcastConfig with 5 configurations
09-26 16:30:57.308  5504  6053 I MediaScanner: forcing rescan of /system/media/audio/notifications/Salacia.ogg since build fingerprint changed
09-26 16:30:57.309  4975  5423 D IccSmsInterfaceManager: [IccSmsInterfaceManager] Added GSM cell broadcast subscription for MID range 4384 to 4385 from client com.android.cellbroadcastreceiver
09-26 16:30:57.309  4975  5423 D IccSmsInterfaceManager: [IccSmsInterfaceManager] Calling setCellBroadcastActivation(true)
09-26 16:30:57.316  4975  4989 D IccSmsInterfaceManager: [IccSmsInterfaceManager] Calling setGsmBroadcastConfig with 5 configurations
09-26 16:30:57.324  4975  4989 D IccSmsInterfaceManager: [IccSmsInterfaceManager] Added GSM cell broadcast subscription for MID range 4386 to 4391 from client com.android.cellbroadcastreceiver
09-26 16:30:57.324  4975  4989 D IccSmsInterfaceManager: [IccSmsInterfaceManager] Calling setCellBroadcastActivation(true)
09-26 16:30:57.329  5504  6053 I MediaScanner: forcing rescan of /system/media/audio/notifications/Selenium.ogg since build fingerprint changed
09-26 16:30:57.332  4975  5350 D IccSmsInterfaceManager: [IccSmsInterfaceManager] Calling setGsmBroadcastConfig with 5 configurations
09-26 16:30:57.341  4975  5350 D IccSmsInterfaceManager: [IccSmsInterfaceManager] Added GSM cell broadcast subscription for MID range 4392 to 4392 from client com.android.cellbroadcastreceiver
09-26 16:30:57.341  4975  5350 D IccSmsInterfaceManager: [IccSmsInterfaceManager] Calling setCellBroadcastActivation(true)
09-26 16:30:57.346  5504  6053 I MediaScanner: forcing rescan of /system/media/audio/notifications/Shaula.ogg since build fingerprint changed
09-26 16:30:57.348  4975  5423 D IccSmsInterfaceManager: [IccSmsInterfaceManager] Failed to remove GSM cell broadcast subscription for MID range 4393 to 4395 from client com.android.cellbroadcastreceiver
09-26 16:30:57.354  4975  4989 D IccSmsInterfaceManager: [IccSmsInterfaceManager] Calling setGsmBroadcastConfig with 5 configurations
09-26 16:30:57.363  4975  4989 D IccSmsInterfaceManager: [IccSmsInterfaceManager] Added GSM cell broadcast subscription for MID range 50 to 50 from client com.android.cellbroadcastreceiver
09-26 16:30:57.363  4975  4989 D IccSmsInterfaceManager: [IccSmsInterfaceManager] Calling setCellBroadcastActivation(true)
09-26 16:30:57.370  5504  6053 I MediaScanner: forcing rescan of /system/media/audio/notifications/Sirrah.ogg since build fingerprint changed
09-26 16:30:57.371  4975  5350 D IccSmsInterfaceManager: [IccSmsInterfaceManager] Calling setGsmBroadcastConfig with 6 configurations
09-26 16:30:57.380  4975  5350 D IccSmsInterfaceManager: [IccSmsInterfaceManager] Added GSM cell broadcast subscription for MID range 60 to 60 from client com.android.cellbroadcastreceiver
09-26 16:30:57.380  4975  5350 D IccSmsInterfaceManager: [IccSmsInterfaceManager] Calling setCellBroadcastActivation(true)
09-26 16:30:57.385  6175  6192 D CellBroadcastOtherChannelsManager: No additional channels configured. subId = 1
09-26 16:30:57.389  3658  5604 I ActivityManager: Killing 5045:com.android.settings/1000 (adj 906): empty #17
09-26 16:30:57.406  5504  6053 I MediaScanner: forcing rescan of /system/media/audio/notifications/Spica.ogg since build fingerprint changed
09-26 16:30:57.420  5504  6053 I MediaScanner: forcing rescan of /system/media/audio/notifications/Stone.ogg since build fingerprint changed
09-26 16:30:57.440  5504  6053 I MediaScanner: forcing rescan of /system/media/audio/notifications/Strontium.ogg since build fingerprint changed
09-26 16:30:57.440  3658  5566 D GraphicsStats: Buffer count: 2
09-26 16:30:57.441  3658  4850 D ActivityManager: cleanUpApplicationRecord -- 5045
09-26 16:30:57.462  5504  6053 I MediaScanner: forcing rescan of /system/media/audio/notifications/Syrma.ogg since build fingerprint changed
09-26 16:30:57.475  5504  6053 I MediaScanner: forcing rescan of /system/media/audio/notifications/TaDa.ogg since build fingerprint changed
09-26 16:30:57.493  5504  6053 I MediaScanner: forcing rescan of /system/media/audio/notifications/Talitha.ogg since build fingerprint changed
09-26 16:30:57.506  5504  6053 I MediaScanner: forcing rescan of /system/media/audio/notifications/Tethys.ogg since build fingerprint changed
09-26 16:30:57.523  5504  6053 I MediaScanner: forcing rescan of /system/media/audio/notifications/Thallium.ogg since build fingerprint changed
09-26 16:30:57.537  5504  6053 I MediaScanner: forcing rescan of /system/media/audio/notifications/Titan.ogg since build fingerprint changed
09-26 16:30:57.553  5504  6053 I MediaScanner: forcing rescan of /system/media/audio/notifications/Upsilon.ogg since build fingerprint changed
09-26 16:30:57.568  5504  6053 I MediaScanner: forcing rescan of /system/media/audio/notifications/Vega.ogg since build fingerprint changed
09-26 16:30:57.584  5504  6053 I MediaScanner: forcing rescan of /system/media/audio/notifications/Voila.ogg since build fingerprint changed
09-26 16:30:57.597  5504  6053 I MediaScanner: forcing rescan of /system/media/audio/notifications/Xenon.ogg since build fingerprint changed
09-26 16:30:57.613  5504  6053 I MediaScanner: forcing rescan of /system/media/audio/notifications/Zirconium.ogg since build fingerprint changed
09-26 16:30:57.627  5504  6053 I MediaScanner: forcing rescan of /system/media/audio/notifications/moonbeam.ogg since build fingerprint changed
09-26 16:30:57.639  5504  6053 I MediaScanner: forcing rescan of /system/media/audio/notifications/pixiedust.ogg since build fingerprint changed
09-26 16:30:57.654  5504  6053 I MediaScanner: forcing rescan of /system/media/audio/notifications/pizzicato.ogg since build fingerprint changed
09-26 16:30:57.667  5504  6053 I MediaScanner: forcing rescan of /system/media/audio/notifications/regulus.ogg since build fingerprint changed
09-26 16:30:57.683  5504  6053 I MediaScanner: forcing rescan of /system/media/audio/notifications/sirius.ogg since build fingerprint changed
09-26 16:30:57.698  5504  6053 I MediaScanner: forcing rescan of /system/media/audio/notifications/tweeters.ogg since build fingerprint changed
09-26 16:30:57.713  5504  6053 I MediaScanner: forcing rescan of /system/media/audio/ringtones/Andromeda.ogg since build fingerprint changed
09-26 16:30:57.736  5504  6053 I MediaScanner: forcing rescan of /system/media/audio/ringtones/Aquila.ogg since build fingerprint changed
09-26 16:30:57.760  5504  6053 I MediaScanner: forcing rescan of /system/media/audio/ringtones/ArgoNavis.ogg since build fingerprint changed
09-26 16:30:57.813  5504  6053 I MediaScanner: forcing rescan of /system/media/audio/ringtones/BOOTES.ogg since build fingerprint changed
09-26 16:30:57.847  5306  5306 I pool-1-thread-1: type=1400 audit(0.0:307): avc: denied { write } for name="shared_prefs" dev="sda24" ino=3129473 scontext=u:r:radio:s0 tcontext=u:object_r:system_data_file:s0 tclass=dir permissive=1
09-26 16:30:57.847  5306  5306 I pool-1-thread-1: type=1400 audit(0.0:307): avc: denied { add_name } for name="preferred-apn.xml" scontext=u:r:radio:s0 tcontext=u:object_r:system_data_file:s0 tclass=dir permissive=1
09-26 16:30:57.847  5306  5306 I pool-1-thread-1: type=1400 audit(0.0:307): avc: denied { create } for name="preferred-apn.xml" scontext=u:r:radio:s0 tcontext=u:object_r:system_data_file:s0 tclass=file permissive=1
09-26 16:30:57.847  5306  5306 I pool-1-thread-1: type=1400 audit(0.0:307): avc: denied { write } for path="/data/user_de/0/com.android.providers.telephony/shared_prefs/preferred-apn.xml" dev="sda24" ino=3129536 scontext=u:r:radio:s0 tcontext=u:object_r:system_data_file:s0 tclass=file permissive=1
09-26 16:30:57.847  5306  5306 W pool-1-thread-1: type=1300 audit(0.0:307): arch=c00000b7 syscall=56 success=yes exit=89 a0=ffffff9c a1=7f7d024b60 a2=241 a3=1b6 items=0 ppid=3184 auid=4294967295 uid=1001 gid=1001 euid=1001 suid=1001 fsuid=1001 egid=1001 sgid=1001 fsgid=1001 tty=(none) ses=4294967295 exe="/system/bin/app_process64" subj=u:r:radio:s0 key=(null)
09-26 16:30:57.847  3089  3089 W auditd  : type=1327 audit(0.0:307): proctitle="com.android.phone"
09-26 16:30:57.847  3089  3089 W auditd  : type=1320 audit(0.0:307): 
09-26 16:30:57.851  4975  4975 D TelephonyProvider: subIdString = 1 subId = 1
09-26 16:30:57.851  4975  4975 D TelephonyProvider: deletePreferredApn: for subId 1
09-26 16:30:57.854  4975  4975 D TelephonyProvider: subIdString = 1 subId = 1
09-26 16:30:57.859  5306  5306 I pool-1-thread-1: type=1400 audit(0.0:308): avc: denied { setattr } for name="preferred-apn.xml" dev="sda24" ino=3129536 scontext=u:r:radio:s0 tcontext=u:object_r:system_data_file:s0 tclass=file permissive=1
09-26 16:30:57.859  5306  5306 W pool-1-thread-1: type=1300 audit(0.0:308): arch=c00000b7 syscall=53 success=yes exit=0 a0=ffffff9c a1=7f7d024b60 a2=1b0 a3=0 items=0 ppid=3184 auid=4294967295 uid=1001 gid=1001 euid=1001 suid=1001 fsuid=1001 egid=1001 sgid=1001 fsgid=1001 tty=(none) ses=4294967295 exe="/system/bin/app_process64" subj=u:r:radio:s0 key=(null)
09-26 16:30:57.859  3089  3089 W auditd  : type=1327 audit(0.0:308): proctitle="com.android.phone"
09-26 16:30:57.859  3089  3089 W auditd  : type=1320 audit(0.0:308): 
09-26 16:30:57.859  5306  5306 I pool-1-thread-1: type=1400 audit(0.0:309): avc: denied { remove_name } for name="preferred-apn.xml" dev="sda24" ino=3129536 scontext=u:r:radio:s0 tcontext=u:object_r:system_data_file:s0 tclass=dir permissive=1
09-26 16:30:57.859  5306  5306 I pool-1-thread-1: type=1400 audit(0.0:309): avc: denied { rename } for name="preferred-apn.xml" dev="sda24" ino=3129536 scontext=u:r:radio:s0 tcontext=u:object_r:system_data_file:s0 tclass=file permissive=1
09-26 16:30:57.859  5306  5306 W pool-1-thread-1: type=1300 audit(0.0:309): arch=c00000b7 syscall=38 success=yes exit=0 a0=ffffff9c a1=7f7d024b60 a2=ffffff9c a3=7f7d03d800 items=0 ppid=3184 auid=4294967295 uid=1001 gid=1001 euid=1001 suid=1001 fsuid=1001 egid=1001 sgid=1001 fsgid=1001 tty=(none) ses=4294967295 exe="/system/bin/app_process64" subj=u:r:radio:s0 key=(null)
09-26 16:30:57.859  3089  3089 W auditd  : type=1327 audit(0.0:309): proctitle="com.android.phone"
09-26 16:30:57.859  3089  3089 W auditd  : type=1320 audit(0.0:309): 
09-26 16:30:57.863  5504  6053 I MediaScanner: forcing rescan of /system/media/audio/ringtones/Backroad.ogg since build fingerprint changed
09-26 16:30:57.866  3658  5591 D ConnectivityService: registerNetworkAgent NetworkAgentInfo{ ni{[type: MOBILE[HSPA+], state: CONNECTED/CONNECTED, reason: connected, extra: gprs.personal.com, failover: false, available: true, roaming: false, metered: true]}  network{100}  nethandle{429513165534}  lp{{InterfaceName: rmnet1 LinkAddresses: [181.3.244.118/32,]  Routes: [0.0.0.0/0 -> 181.3.244.1 rmnet1,] DnsAddresses: [181.88.86.156,181.88.86.164,] Domains: null MTU: 1500 TcpBufferSizes: 40778,244668,734003,16777,100663,301990}}  nc{[ Transports: CELLULAR Capabilities: SUPL&INTERNET&NOT_RESTRICTED&TRUSTED&NOT_VPN LinkUpBandwidth>=5898Kbps LinkDnBandwidth>=14336Kbps Specifier: <1>]}  Score{10}  everValidated{false}  lastValidated{false}  created{false} lingering{false} explicitlySelected{false} acceptUnvalidated{false} everCaptivePortalDetected{false} lastCaptivePortalDetected{false} }
09-26 16:30:57.867  3658  4730 D ConnectivityService: NetworkAgentInfo [MOBILE (HSPA+) - 100] EVENT_NETWORK_INFO_CHANGED, going from null to CONNECTED
09-26 16:30:57.869  3658  4730 D ConnectivityService: Adding iface rmnet1 to network 100
09-26 16:30:57.871  5306  5306 I pool-1-thread-1: type=1400 audit(0.0:310): avc: denied { unlink } for name="preferred-apn.xml.bak" dev="sda24" ino=3129536 scontext=u:r:radio:s0 tcontext=u:object_r:system_data_file:s0 tclass=file permissive=1
09-26 16:30:57.871  5306  5306 W pool-1-thread-1: type=1300 audit(0.0:310): arch=c00000b7 syscall=35 success=yes exit=0 a0=ffffff9c a1=7f7d03d800 a2=0 a3=100 items=0 ppid=3184 auid=4294967295 uid=1001 gid=1001 euid=1001 suid=1001 fsuid=1001 egid=1001 sgid=1001 fsgid=1001 tty=(none) ses=4294967295 exe="/system/bin/app_process64" subj=u:r:radio:s0 key=(null)
09-26 16:30:57.871  3089  3089 W auditd  : type=1327 audit(0.0:310): proctitle="com.android.phone"
09-26 16:30:57.871  3089  3089 W auditd  : type=1320 audit(0.0:310): 
09-26 16:30:57.910  5504  6053 I MediaScanner: forcing rescan of /system/media/audio/ringtones/BeatPlucker.ogg since build fingerprint changed
09-26 16:30:57.915  3658  4730 D ConnectivityService: Setting DNS servers for network 100 to [/181.88.86.156, /181.88.86.164]
09-26 16:30:57.923  3658  4730 W ConnectivityExtension: ConnectivityExt jar file not present
09-26 16:30:57.931  3658  4730 W ConnectivityExtension: ConnectivityExt jar file not present
09-26 16:30:57.935  3658  4730 D ConnectivityService: Switching to new default network: NetworkAgentInfo{ ni{[type: MOBILE[HSPA+], state: CONNECTED/CONNECTED, reason: connected, extra: gprs.personal.com, failover: false, available: true, roaming: false, metered: true]}  network{100}  nethandle{429513165534}  lp{{InterfaceName: rmnet1 LinkAddresses: [181.3.244.118/32,]  Routes: [0.0.0.0/0 -> 181.3.244.1 rmnet1,] DnsAddresses: [181.88.86.156,181.88.86.164,] Domains: null MTU: 1500 TcpBufferSizes: 40778,244668,734003,16777,100663,301990}}  nc{[ Transports: CELLULAR Capabilities: SUPL&INTERNET&NOT_RESTRICTED&TRUSTED&NOT_VPN&FOREGROUND LinkUpBandwidth>=5898Kbps LinkDnBandwidth>=14336Kbps Specifier: <1>]}  Score{10}  everValidated{false}  lastValidated{false}  created{true} lingering{false} explicitlySelected{false} acceptUnvalidated{false} everCaptivePortalDetected{false} lastCaptivePortalDetected{false} }
09-26 16:30:57.944  5504  6053 I MediaScanner: forcing rescan of /system/media/audio/ringtones/BentleyDubs.ogg since build fingerprint changed
09-26 16:30:57.968  5504  6053 I MediaScanner: forcing rescan of /system/media/audio/ringtones/Big_Easy.ogg since build fingerprint changed
09-26 16:30:57.971  3195  3541 V IdletimerController: runCmd(/system/bin/ip6tables -w -t raw -A idletimer_raw_PREROUTING -i rmnet1 -j IDLETIMER --timeout 10 --label 0 --send_nl_msg 1) res_ipv4=0, res_ipv6=0
09-26 16:30:57.997  5504  6053 I MediaScanner: forcing rescan of /system/media/audio/ringtones/BirdLoop.ogg since build fingerprint changed
09-26 16:30:58.006  3195  3541 V IdletimerController: runCmd(/system/bin/ip6tables -w -t mangle -A idletimer_mangle_POSTROUTING -o rmnet1 -j IDLETIMER --timeout 10 --label 0 --send_nl_msg 1) res_ipv4=0, res_ipv6=0
09-26 16:30:58.018  3658  4783 I GnssLocationProvider: WakeLock acquired by sendMessage(5, 0, null)
09-26 16:30:58.018  3658  4783 I GnssLocationProvider: WakeLock acquired by sendMessage(6, 0, null)
09-26 16:30:58.018  3658  3719 I GnssLocationProvider: WakeLock acquired by handleInjectNtpTime()
09-26 16:30:58.019  3658  3719 I GnssLocationProvider: WakeLock released by handleMessage(5, 0, null)
09-26 16:30:58.019  3658  3719 I GnssLocationProvider: WakeLock acquired by handleDownloadXtraData()
09-26 16:30:58.019  3658  4730 D ConnectivityService: Sending CONNECTED broadcast for type 0 NetworkAgentInfo [MOBILE (HSPA+) - 100] isDefaultNetwork=true
09-26 16:30:58.020  3658  3719 I GnssLocationProvider: WakeLock released by handleMessage(6, 0, null)
09-26 16:30:58.023  3658  5231 W System  : ClassLoader referenced unknown path: /system/framework/tcmclient.jar
09-26 16:30:58.042  3658  4730 W ConnectivityExtension: ConnectivityExt jar file not present
09-26 16:30:58.049  5866  6208 D NetworkSecurityConfig: No Network Security Config specified, using platform default
09-26 16:30:58.050  5866  6208 W System  : ClassLoader referenced unknown path: /system/framework/tcmclient.jar
09-26 16:30:58.058  5504  6053 I MediaScanner: forcing rescan of /system/media/audio/ringtones/Bollywood.ogg since build fingerprint changed
09-26 16:30:58.079  5504  6053 I MediaScanner: forcing rescan of /system/media/audio/ringtones/Boxbeat.ogg since build fingerprint changed
09-26 16:30:58.091  3658  6198 D NetworkMonitor/NetworkAgentInfo [MOBILE (HSPA+) - 100]: PROBE_DNS OK 153ms, connectivitycheck.gstatic.com=64.233.190.94
09-26 16:30:58.093  3658  6198 W System  : ClassLoader referenced unknown path: /system/framework/tcmclient.jar
09-26 16:30:58.129  5504  6053 I MediaScanner: forcing rescan of /system/media/audio/ringtones/BussaMove.ogg since build fingerprint changed
09-26 16:30:58.157  5504  6053 I MediaScanner: forcing rescan of /system/media/audio/ringtones/CASSIOPEIA.ogg since build fingerprint changed
09-26 16:30:58.176  5504  6053 I MediaScanner: forcing rescan of /system/media/audio/ringtones/Cairo.ogg since build fingerprint changed
09-26 16:30:58.195  5504  6053 I MediaScanner: forcing rescan of /system/media/audio/ringtones/Callisto.ogg since build fingerprint changed
09-26 16:30:58.241  5504  6053 I MediaScanner: forcing rescan of /system/media/audio/ringtones/Calypso_Steel.ogg since build fingerprint changed
09-26 16:30:58.263  5504  6053 I MediaScanner: forcing rescan of /system/media/audio/ringtones/CanisMajor.ogg since build fingerprint changed
09-26 16:30:58.284  5504  6053 I MediaScanner: forcing rescan of /system/media/audio/ringtones/CaribbeanIce.ogg since build fingerprint changed
09-26 16:30:58.306  5504  6053 I MediaScanner: forcing rescan of /system/media/audio/ringtones/Carina.ogg since build fingerprint changed
09-26 16:30:58.324  5504  6053 I MediaScanner: forcing rescan of /system/media/audio/ringtones/Centaurus.ogg since build fingerprint changed
09-26 16:30:58.346  5504  6053 I MediaScanner: forcing rescan of /system/media/audio/ringtones/Champagne_Edition.ogg since build fingerprint changed
09-26 16:30:58.368  5504  6053 I MediaScanner: forcing rescan of /system/media/audio/ringtones/Club_Cubano.ogg since build fingerprint changed
09-26 16:30:58.390  5504  6053 I MediaScanner: forcing rescan of /system/media/audio/ringtones/CrayonRock.ogg since build fingerprint changed
09-26 16:30:58.410  5504  6053 I MediaScanner: forcing rescan of /system/media/audio/ringtones/CrazyDream.ogg since build fingerprint changed
09-26 16:30:58.451  5504  6053 I MediaScanner: forcing rescan of /system/media/audio/ringtones/CurveBall.ogg since build fingerprint changed
09-26 16:30:58.475  5504  6053 I MediaScanner: forcing rescan of /system/media/audio/ringtones/CyanTone.ogg since build fingerprint changed
09-26 16:30:58.537  5504  6053 I MediaScanner: forcing rescan of /system/media/audio/ringtones/Cygnus.ogg since build fingerprint changed
09-26 16:30:58.557  5504  6053 I MediaScanner: forcing rescan of /system/media/audio/ringtones/DancinFool.ogg since build fingerprint changed
09-26 16:30:58.584  5504  6053 I MediaScanner: forcing rescan of /system/media/audio/ringtones/Dione.ogg since build fingerprint changed
09-26 16:30:58.628  5504  6053 I MediaScanner: forcing rescan of /system/media/audio/ringtones/DonMessWivIt.ogg since build fingerprint changed
09-26 16:30:58.652  5504  6053 I MediaScanner: forcing rescan of /system/media/audio/ringtones/Draco.ogg since build fingerprint changed
09-26 16:30:58.670  5504  6053 I MediaScanner: forcing rescan of /system/media/audio/ringtones/DreamTheme.ogg since build fingerprint changed
09-26 16:30:58.710  5504  6053 I MediaScanner: forcing rescan of /system/media/audio/ringtones/Eastern_Sky.ogg since build fingerprint changed
09-26 16:30:58.734  5504  6053 I MediaScanner: forcing rescan of /system/media/audio/ringtones/Enter_the_Nexus.ogg since build fingerprint changed
09-26 16:30:58.768  5504  6053 I MediaScanner: forcing rescan of /system/media/audio/ringtones/Eridani.ogg since build fingerprint changed
09-26 16:30:58.804  5504  6053 I MediaScanner: forcing rescan of /system/media/audio/ringtones/EtherShake.ogg since build fingerprint changed
09-26 16:30:58.807  3658  6198 D NetworkMonitor/NetworkAgentInfo [MOBILE (HSPA+) - 100]: Probably not a portal: exception java.net.SocketException: Connection reset
09-26 16:30:58.822  5504  6053 I MediaScanner: forcing rescan of /system/media/audio/ringtones/FreeFlight.ogg since build fingerprint changed
09-26 16:30:58.844  5504  6053 I MediaScanner: forcing rescan of /system/media/audio/ringtones/FriendlyGhost.ogg since build fingerprint changed
09-26 16:30:58.859  5504  6053 I MediaScanner: forcing rescan of /system/media/audio/ringtones/Funk_Yall.ogg since build fingerprint changed
09-26 16:30:58.873  5504  6053 I MediaScanner: forcing rescan of /system/media/audio/ringtones/GameOverGuitar.ogg since build fingerprint changed
09-26 16:30:58.887  5504  6053 I MediaScanner: forcing rescan of /system/media/audio/ringtones/Ganymede.ogg since build fingerprint changed
09-26 16:30:58.915  5504  6053 I MediaScanner: forcing rescan of /system/media/audio/ringtones/Gimme_Mo_Town.ogg since build fingerprint changed
09-26 16:30:58.931  5504  6053 I MediaScanner: forcing rescan of /system/media/audio/ringtones/Girtab.ogg since build fingerprint changed
09-26 16:30:58.945  5504  6053 I MediaScanner: forcing rescan of /system/media/audio/ringtones/Glacial_Groove.ogg since build fingerprint changed
09-26 16:30:58.960  5504  6053 I MediaScanner: forcing rescan of /system/media/audio/ringtones/Growl.ogg since build fingerprint changed
09-26 16:30:58.975  5504  6053 I MediaScanner: forcing rescan of /system/media/audio/ringtones/HalfwayHome.ogg since build fingerprint changed
09-26 16:30:58.992  5504  6053 I MediaScanner: forcing rescan of /system/media/audio/ringtones/Highscore.ogg since build fingerprint changed
09-26 16:30:59.017  5504  6053 I MediaScanner: forcing rescan of /system/media/audio/ringtones/Hydra.ogg since build fingerprint changed
09-26 16:30:59.028  5504  6053 I MediaScanner: forcing rescan of /system/media/audio/ringtones/InsertCoin.ogg since build fingerprint changed
09-26 16:30:59.040  5504  6053 I MediaScanner: forcing rescan of /system/media/audio/ringtones/Kuma.ogg since build fingerprint changed
09-26 16:30:59.076  5504  6053 I MediaScanner: forcing rescan of /system/media/audio/ringtones/LoopyLounge.ogg since build fingerprint changed
09-26 16:30:59.091  5504  6053 I MediaScanner: forcing rescan of /system/media/audio/ringtones/LoveFlute.ogg since build fingerprint changed
09-26 16:30:59.104  5504  6053 I MediaScanner: forcing rescan of /system/media/audio/ringtones/Luna.ogg since build fingerprint changed
09-26 16:30:59.127  5504  6053 I MediaScanner: forcing rescan of /system/media/audio/ringtones/Lyon.ogg since build fingerprint changed
09-26 16:30:59.150  5504  6053 I MediaScanner: forcing rescan of /system/media/audio/ringtones/Lyra.ogg since build fingerprint changed
09-26 16:30:59.168  5504  6053 I MediaScanner: forcing rescan of /system/media/audio/ringtones/Machina.ogg since build fingerprint changed
09-26 16:30:59.193  5504  6053 I MediaScanner: forcing rescan of /system/media/audio/ringtones/MidEvilJaunt.ogg since build fingerprint changed
09-26 16:30:59.214  5504  6053 I MediaScanner: forcing rescan of /system/media/audio/ringtones/Nairobi.ogg since build fingerprint changed
09-26 16:30:59.235  5504  6053 I MediaScanner: forcing rescan of /system/media/audio/ringtones/Nassau.ogg since build fingerprint changed
09-26 16:30:59.263  5504  6053 I MediaScanner: forcing rescan of /system/media/audio/ringtones/NewPlayer.ogg since build fingerprint changed
09-26 16:30:59.275  5504  6053 I MediaScanner: forcing rescan of /system/media/audio/ringtones/No_Limits.ogg since build fingerprint changed
09-26 16:30:59.287  5504  6053 I MediaScanner: forcing rescan of /system/media/audio/ringtones/Noises2.ogg since build fingerprint changed
09-26 16:30:59.301  5504  6053 I MediaScanner: forcing rescan of /system/media/audio/ringtones/Noises3.ogg since build fingerprint changed
09-26 16:30:59.313  5504  6053 I MediaScanner: forcing rescan of /system/media/audio/ringtones/Oberon.ogg since build fingerprint changed
09-26 16:30:59.342  5504  6053 I MediaScanner: forcing rescan of /system/media/audio/ringtones/OrganDub.ogg since build fingerprint changed
09-26 16:30:59.358  5504  6053 W MediaScanner: forcing rescan of /system/media/audio/ringtones/Orion.oggsince ringtone setting didn't finish
09-26 16:30:59.377  5504  6053 W MediaProvider: Missing volume for /system/media/audio/ringtones; assuming invalid
09-26 16:30:59.386  5504  6053 W MediaProvider: Missing volume for /system/media/audio/notifications/Ariel.ogg; assuming invalid
09-26 16:30:59.390  5504  6053 W MediaProvider: Missing volume for /system/media/audio/notifications/Beat_Box_Android.ogg; assuming invalid
09-26 16:30:59.394  5504  6053 W MediaProvider: Missing volume for /system/media/audio/notifications/Bellatrix.ogg; assuming invalid
09-26 16:30:59.398  5504  6053 W MediaProvider: Missing volume for /system/media/audio/notifications/Beryllium.ogg; assuming invalid
09-26 16:30:59.401  5504  6053 W MediaProvider: Missing volume for /system/media/audio/notifications/Betelgeuse.ogg; assuming invalid
09-26 16:30:59.407  5504  6053 W MediaProvider: Missing volume for /system/media/audio/notifications/CaffeineSnake.ogg; assuming invalid
09-26 16:30:59.411  5504  6053 W MediaProvider: Missing volume for /system/media/audio/notifications/Canopus.ogg; assuming invalid
09-26 16:30:59.415  5504  6053 W MediaProvider: Missing volume for /system/media/audio/notifications/Capella.ogg; assuming invalid
09-26 16:30:59.419  5504  6053 W MediaProvider: Missing volume for /system/media/audio/notifications/Carme.ogg; assuming invalid
09-26 16:30:59.422  5504  6053 W MediaProvider: Missing volume for /system/media/audio/notifications/Castor.ogg; assuming invalid
09-26 16:30:59.427  5504  6053 W MediaProvider: Missing volume for /system/media/audio/notifications/Ceres.ogg; assuming invalid
09-26 16:30:59.431  5504  6053 W MediaProvider: Missing volume for /system/media/audio/notifications/CetiAlpha.ogg; assuming invalid
09-26 16:30:59.435  5504  6053 W MediaProvider: Missing volume for /system/media/audio/notifications/Cobalt.ogg; assuming invalid
09-26 16:30:59.440  5504  6053 W MediaProvider: Missing volume for /system/media/audio/notifications/Cricket.ogg; assuming invalid
09-26 16:30:59.445  5504  6053 W MediaProvider: Missing volume for /system/media/audio/notifications/CyanDoink.ogg; assuming invalid
09-26 16:30:59.449  5504  6053 W MediaProvider: Missing volume for /system/media/audio/notifications/CyanMail.ogg; assuming invalid
09-26 16:30:59.453  5504  6053 W MediaProvider: Missing volume for /system/media/audio/notifications/CyanMessage.ogg; assuming invalid
09-26 16:30:59.456  5504  6053 W MediaProvider: Missing volume for /system/media/audio/notifications/DearDeer.ogg; assuming invalid
09-26 16:30:59.459  5504  6053 W MediaProvider: Missing volume for /system/media/audio/notifications/Deneb.ogg; assuming invalid
09-26 16:30:59.462  5504  6053 W MediaProvider: Missing volume for /system/media/audio/notifications/Doink.ogg; assuming invalid
09-26 16:30:59.465  5504  6053 W MediaProvider: Missing volume for /system/media/audio/notifications/DontPanic.ogg; assuming invalid
09-26 16:30:59.468  5504  6053 W MediaProvider: Missing volume for /system/media/audio/notifications/Drip.ogg; assuming invalid
09-26 16:30:59.473  5504  6053 W MediaProvider: Missing volume for /system/media/audio/notifications/Elara.ogg; assuming invalid
09-26 16:30:59.476  5504  6053 W MediaProvider: Missing volume for /system/media/audio/notifications/Electra.ogg; assuming invalid
09-26 16:30:59.480  5504  6053 W MediaProvider: Missing volume for /system/media/audio/notifications/Europa.ogg; assuming invalid
09-26 16:30:59.484  5504  6053 W MediaProvider: Missing volume for /system/media/audio/notifications/F1_New_SMS.ogg; assuming invalid
09-26 16:30:59.488  5504  6053 W MediaProvider: Missing volume for /system/media/audio/notifications/Fluorine.ogg; assuming invalid
09-26 16:30:59.491  5504  6053 W MediaProvider: Missing volume for /system/media/audio/notifications/Fomalhaut.ogg; assuming invalid
09-26 16:30:59.495  5504  6053 W MediaProvider: Missing volume for /system/media/audio/notifications/Gallium.ogg; assuming invalid
09-26 16:30:59.499  5504  6053 W MediaProvider: Missing volume for /system/media/audio/notifications/Heaven.ogg; assuming invalid
09-26 16:30:59.504  5504  6053 W MediaProvider: Missing volume for /system/media/audio/notifications/Helium.ogg; assuming invalid
09-26 16:30:59.507  5504  6053 W MediaProvider: Missing volume for /system/media/audio/notifications/Highwire.ogg; assuming invalid
09-26 16:30:59.512  5504  6053 W MediaProvider: Missing volume for /system/media/audio/notifications/Hojus.ogg; assuming invalid
09-26 16:30:59.516  5504  6053 W MediaProvider: Missing volume for /system/media/audio/notifications/Iapetus.ogg; assuming invalid
09-26 16:30:59.521  5504  6053 W MediaProvider: Missing volume for /system/media/audio/notifications/Io.ogg; assuming invalid
09-26 16:30:59.526  5504  6053 W MediaProvider: Missing volume for /system/media/audio/notifications/Iridium.ogg; assuming invalid
09-26 16:30:59.531  5504  6053 W MediaProvider: Missing volume for /system/media/audio/notifications/Krypton.ogg; assuming invalid
09-26 16:30:59.535  5504  6053 W MediaProvider: Missing volume for /system/media/audio/notifications/KzurbSonar.ogg; assuming invalid
09-26 16:30:59.540  5504  6053 W MediaProvider: Missing volume for /system/media/audio/notifications/Laser.ogg; assuming invalid
09-26 16:30:59.544  5504  6053 W MediaProvider: Missing volume for /system/media/audio/notifications/Merope.ogg; assuming invalid
09-26 16:30:59.547  5504  6053 W MediaProvider: Missing volume for /system/media/audio/notifications/Mira.ogg; assuming invalid
09-26 16:30:59.551  5504  6053 W MediaProvider: Missing volume for /system/media/audio/notifications/Naughty.ogg; assuming invalid
09-26 16:30:59.553  5504  6053 W MediaProvider: Missing volume for /system/media/audio/notifications/OnTheHunt.ogg; assuming invalid
09-26 16:30:59.557  5504  6053 W MediaProvider: Missing volume for /system/media/audio/notifications/Palladium.ogg; assuming invalid
09-26 16:30:59.561  5504  6053 W MediaProvider: Missing volume for /system/media/audio/notifications/Plastic_Pipe.ogg; assuming invalid
09-26 16:30:59.564  5504  6053 W MediaProvider: Missing volume for /system/media/audio/notifications/Polaris.ogg; assuming invalid
09-26 16:30:59.569  5504  6053 W MediaProvider: Missing volume for /system/media/audio/notifications/Pollux.ogg; assuming invalid
09-26 16:30:59.575  3194  4911 E MetadataRetrieverClient: failed to extract an album art
09-26 16:30:59.576  5504  6053 W MediaProvider: Missing volume for /system/media/audio/notifications/Pong.ogg; assuming invalid
09-26 16:30:59.580  5504  6053 W MediaProvider: Missing volume for /system/media/audio/notifications/Procyon.ogg; assuming invalid
09-26 16:30:59.583  5504  6053 W MediaProvider: Missing volume for /system/media/audio/notifications/Proxima.ogg; assuming invalid
09-26 16:30:59.587  5504  6053 W MediaProvider: Missing volume for /system/media/audio/notifications/Radon.ogg; assuming invalid
09-26 16:30:59.591  5504  6053 W MediaProvider: Missing volume for /system/media/audio/notifications/Rang.ogg; assuming invalid
09-26 16:30:59.595  5504  6053 W MediaProvider: Missing volume for /system/media/audio/notifications/Rhea.ogg; assuming invalid
09-26 16:30:59.599  5504  6053 W MediaProvider: Missing volume for /system/media/audio/notifications/Rubidium.ogg; assuming invalid
09-26 16:30:59.603  5504  6053 W MediaProvider: Missing volume for /system/media/audio/notifications/Salacia.ogg; assuming invalid
09-26 16:30:59.607  5504  6053 W MediaProvider: Missing volume for /system/media/audio/notifications/Selenium.ogg; assuming invalid
09-26 16:30:59.611  5504  5509 I art     : Do partial code cache collection, code=40KB, data=58KB
09-26 16:30:59.611  5504  5509 I art     : After code cache collection, code=40KB, data=58KB
09-26 16:30:59.611  5504  5509 I art     : Increasing code cache capacity to 256KB
09-26 16:30:59.611  5504  6053 W MediaProvider: Missing volume for /system/media/audio/notifications/Shaula.ogg; assuming invalid
09-26 16:30:59.615  5504  6053 W MediaProvider: Missing volume for /system/media/audio/notifications/Sirrah.ogg; assuming invalid
09-26 16:30:59.619  5504  6053 W MediaProvider: Missing volume for /system/media/audio/notifications/Spica.ogg; assuming invalid
09-26 16:30:59.622  5504  6053 W MediaProvider: Missing volume for /system/media/audio/notifications/Stone.ogg; assuming invalid
09-26 16:30:59.626  5504  6053 W MediaProvider: Missing volume for /system/media/audio/notifications/Strontium.ogg; assuming invalid
09-26 16:30:59.629  5504  6053 W MediaProvider: Missing volume for /system/media/audio/notifications/Syrma.ogg; assuming invalid
09-26 16:30:59.633  5504  6053 W MediaProvider: Missing volume for /system/media/audio/notifications/TaDa.ogg; assuming invalid
09-26 16:30:59.636  5504  6053 W MediaProvider: Missing volume for /system/media/audio/notifications/Talitha.ogg; assuming invalid
09-26 16:30:59.640  5504  6053 W MediaProvider: Missing volume for /system/media/audio/notifications/Tethys.ogg; assuming invalid
09-26 16:30:59.644  5504  6053 W MediaProvider: Missing volume for /system/media/audio/notifications/Thallium.ogg; assuming invalid
09-26 16:30:59.647  5504  6053 W MediaProvider: Missing volume for /system/media/audio/notifications/Titan.ogg; assuming invalid
09-26 16:30:59.651  5504  6053 W MediaProvider: Missing volume for /system/media/audio/notifications/Upsilon.ogg; assuming invalid
09-26 16:30:59.653  5504  6053 W MediaProvider: Missing volume for /system/media/audio/notifications/Vega.ogg; assuming invalid
09-26 16:30:59.655  5504  6053 W MediaProvider: Missing volume for /system/media/audio/notifications/Voila.ogg; assuming invalid
09-26 16:30:59.659  5504  6053 W MediaProvider: Missing volume for /system/media/audio/notifications/Xenon.ogg; assuming invalid
09-26 16:30:59.663  5504  6053 W MediaProvider: Missing volume for /system/media/audio/notifications/Zirconium.ogg; assuming invalid
09-26 16:30:59.667  5504  6053 W MediaProvider: Missing volume for /system/media/audio/notifications/moonbeam.ogg; assuming invalid
09-26 16:30:59.671  5504  6053 W MediaProvider: Missing volume for /system/media/audio/notifications/pixiedust.ogg; assuming invalid
09-26 16:30:59.672  5866  6208 E StatsUploadJobService: Could not upload stats checkin to community server
09-26 16:30:59.672  5866  6208 E StatsUploadJobService: javax.net.ssl.SSLHandshakeException: SSL handshake aborted: ssl=0x7f8e78c1c0: I/O error during system call, Connection reset by peer
09-26 16:30:59.672  5866  6208 E StatsUploadJobService: 	at com.android.org.conscrypt.NativeCrypto.SSL_do_handshake(Native Method)
09-26 16:30:59.672  5866  6208 E StatsUploadJobService: 	at com.android.org.conscrypt.OpenSSLSocketImpl.startHandshake(OpenSSLSocketImpl.java:357)
09-26 16:30:59.672  5866  6208 E StatsUploadJobService: 	at com.android.okhttp.Connection.connectTls(Connection.java:235)
09-26 16:30:59.672  5866  6208 E StatsUploadJobService: 	at com.android.okhttp.Connection.connectSocket(Connection.java:199)
09-26 16:30:59.672  5866  6208 E StatsUploadJobService: 	at com.android.okhttp.Connection.connect(Connection.java:172)
09-26 16:30:59.672  5866  6208 E StatsUploadJobService: 	at com.android.okhttp.Connection.connectAndSetOwner(Connection.java:367)
09-26 16:30:59.672  5866  6208 E StatsUploadJobService: 	at com.android.okhttp.OkHttpClient$1.connectAndSetOwner(OkHttpClient.java:130)
09-26 16:30:59.672  5866  6208 E StatsUploadJobService: 	at com.android.okhttp.internal.http.HttpEngine.connect(HttpEngine.java:330)
09-26 16:30:59.672  5866  6208 E StatsUploadJobService: 	at com.android.okhttp.internal.http.HttpEngine.sendRequest(HttpEngine.java:247)
09-26 16:30:59.672  5866  6208 E StatsUploadJobService: 	at com.android.okhttp.internal.huc.HttpURLConnectionImpl.execute(HttpURLConnectionImpl.java:457)
09-26 16:30:59.672  5866  6208 E StatsUploadJobService: 	at com.android.okhttp.internal.huc.HttpURLConnectionImpl.connect(HttpURLConnectionImpl.java:126)
09-26 16:30:59.672  5866  6208 E StatsUploadJobService: 	at com.android.okhttp.internal.huc.HttpURLConnectionImpl.getOutputStream(HttpURLConnectionImpl.java:257)
09-26 16:30:59.672  5866  6208 E StatsUploadJobService: 	at com.android.okhttp.internal.huc.DelegatingHttpsURLConnection.getOutputStream(DelegatingHttpsURLConnection.java:218)
09-26 16:30:59.672  5866  6208 E StatsUploadJobService: 	at com.android.okhttp.internal.huc.HttpsURLConnectionImpl.getOutputStream(HttpsURLConnectionImpl.java)
09-26 16:30:59.672  5866  6208 E StatsUploadJobService: 	at org.cyanogenmod.cmparts.cmstats.StatsUploadJobService.uploadToCM(StatsUploadJobService.java:166)
09-26 16:30:59.672  5866  6208 E StatsUploadJobService: 	at org.cyanogenmod.cmparts.cmstats.StatsUploadJobService.-wrap0(StatsUploadJobService.java)
09-26 16:30:59.672  5866  6208 E StatsUploadJobService: 	at org.cyanogenmod.cmparts.cmstats.StatsUploadJobService$StatsUploadTask.doInBackground(StatsUploadJobService.java:122)
09-26 16:30:59.672  5866  6208 E StatsUploadJobService: 	at org.cyanogenmod.cmparts.cmstats.StatsUploadJobService$StatsUploadTask.doInBackground(StatsUploadJobService.java:102)
09-26 16:30:59.672  5866  6208 E StatsUploadJobService: 	at android.os.AsyncTask$2.call(AsyncTask.java:305)
09-26 16:30:59.672  5866  6208 E StatsUploadJobService: 	at java.util.concurrent.FutureTask.run(FutureTask.java:237)
09-26 16:30:59.672  5866  6208 E StatsUploadJobService: 	at android.os.AsyncTask$SerialExecutor$1.run(AsyncTask.java:243)
09-26 16:30:59.672  5866  6208 E StatsUploadJobService: 	at java.util.concurrent.ThreadPoolExecutor.runWorker(ThreadPoolExecutor.java:1133)
09-26 16:30:59.672  5866  6208 E StatsUploadJobService: 	at java.util.concurrent.ThreadPoolExecutor$Worker.run(ThreadPoolExecutor.java:607)
09-26 16:30:59.672  5866  6208 E StatsUploadJobService: 	at java.lang.Thread.run(Thread.java:761)
09-26 16:30:59.672  5866  6208 E StatsUploadJobService: 	Suppressed: javax.net.ssl.SSLHandshakeException: SSL handshake aborted: ssl=0x7f8e78c1c0: I/O error during system call, Connection reset by peer
09-26 16:30:59.672  5866  6208 E StatsUploadJobService: 		... 24 more
09-26 16:30:59.672  5866  6208 E StatsUploadJobService: 		Suppressed: javax.net.ssl.SSLHandshakeException: SSL handshake aborted: ssl=0x7f8e78c1c0: I/O error during system call, Connection reset by peer
09-26 16:30:59.672  5866  6208 E StatsUploadJobService: 			... 24 more
09-26 16:30:59.676  5504  6053 W MediaProvider: Missing volume for /system/media/audio/notifications/pizzicato.ogg; assuming invalid
09-26 16:30:59.678  3658  5600 I ActivityManager: Killing 5898:com.android.dialer/u0a17 (adj 906): empty #17
09-26 16:30:59.680  5504  6053 W MediaProvider: Missing volume for /system/media/audio/notifications/regulus.ogg; assuming invalid
09-26 16:30:59.683  5504  6053 W MediaProvider: Missing volume for /system/media/audio/notifications/sirius.ogg; assuming invalid
09-26 16:30:59.687  5504  6053 W MediaProvider: Missing volume for /system/media/audio/notifications/tweeters.ogg; assuming invalid
09-26 16:30:59.695  5504  6053 W MediaProvider: Missing volume for /system/media/audio/ringtones/Andromeda.ogg; assuming invalid
09-26 16:30:59.698  5504  6053 W MediaProvider: Missing volume for /system/media/audio/ringtones/Aquila.ogg; assuming invalid
09-26 16:30:59.702  5504  6053 W MediaProvider: Missing volume for /system/media/audio/ringtones/ArgoNavis.ogg; assuming invalid
09-26 16:30:59.703  3194  4911 E MetadataRetrieverClient: failed to extract an album art
09-26 16:30:59.705  5504  6053 W MediaProvider: Missing volume for /system/media/audio/ringtones/BOOTES.ogg; assuming invalid
09-26 16:30:59.710  3658  5020 D ActivityManager: cleanUpApplicationRecord -- 5898
09-26 16:30:59.712  5504  6053 W MediaProvider: Missing volume for /system/media/audio/ringtones/Backroad.ogg; assuming invalid
09-26 16:30:59.715  5504  6053 W MediaProvider: Missing volume for /system/media/audio/ringtones/BeatPlucker.ogg; assuming invalid
09-26 16:30:59.717  5504  6053 W MediaProvider: Missing volume for /system/media/audio/ringtones/BentleyDubs.ogg; assuming invalid
09-26 16:30:59.720  5504  6053 W MediaProvider: Missing volume for /system/media/audio/ringtones/Big_Easy.ogg; assuming invalid
09-26 16:30:59.722  5504  6053 W MediaProvider: Missing volume for /system/media/audio/ringtones/BirdLoop.ogg; assuming invalid
09-26 16:30:59.725  5504  6053 W MediaProvider: Missing volume for /system/media/audio/ringtones/Bollywood.ogg; assuming invalid
09-26 16:30:59.728  5504  6053 W MediaProvider: Missing volume for /system/media/audio/ringtones/Boxbeat.ogg; assuming invalid
09-26 16:30:59.731  5504  6053 W MediaProvider: Missing volume for /system/media/audio/ringtones/BussaMove.ogg; assuming invalid
