09-11 05:35:37.309  3548  3548 I SystemServer: Enabled StrictMode for system server main thread.
09-11 05:35:37.316  3168  3219 I libexynosv4l2: open video device /dev/video6
09-11 05:35:37.319  3548  3548 D ConditionProviders.SCP: onConnected
09-11 05:35:37.319  3548  3548 D ZenLog  : set_zen_mode: off,readXml
09-11 05:35:37.321  3548  3548 D ConditionProviders: Subscribing to condition://android/schedule?days=6.7&start=23.30&end=10.0&exitAtAlarm=false with ComponentInfo{android/com.android.server.notification.ScheduleConditionProvider}
09-11 05:35:37.321  3548  3548 D ZenLog  : subscribe: condition://android/schedule?days=6.7&start=23.30&end=10.0&exitAtAlarm=false,ok
09-11 05:35:37.321  3548  3548 D ConditionProviders: Subscribing to condition://android/schedule?days=1.2.3.4.5&start=22.0&end=7.0&exitAtAlarm=false with ComponentInfo{android/com.android.server.notification.ScheduleConditionProvider}
09-11 05:35:37.321  3548  3548 D ZenLog  : subscribe: condition://android/schedule?days=1.2.3.4.5&start=22.0&end=7.0&exitAtAlarm=false,ok
09-11 05:35:37.321  3548  3548 D ConditionProviders: Subscribing to condition://android/event?userId=-10000&calendar=&reply=1 with ComponentInfo{android/com.android.server.notification.EventConditionProvider}
09-11 05:35:37.321  3548  3548 D ZenLog  : subscribe: condition://android/event?userId=-10000&calendar=&reply=1,ok
09-11 05:35:37.325  3168  3219 E OMXNodeInstance: getExtensionIndex(c600005:Exynos.VP8.Decoder, OMX.google.android.index.configureVideoTunnelMode) ERROR: BadParameter(0x80001005)
09-11 05:35:37.327  3851  3851 W System  : ClassLoader referenced unknown path: /system/priv-app/Settings/lib/arm64
09-11 05:35:37.327  3172  3172 I MediaPlayerService: MediaPlayerService::getOMX
09-11 05:35:37.330  3172  3172 I OMXClient: MuxOMX ctor
09-11 05:35:37.332  3168  3219 I OMXMaster: makeComponentInstance(OMX.Exynos.HEVC.Decoder) in mediacodec process
09-11 05:35:37.333  3168  3219 D libexynosv4l2: try node: /dev/video6
09-11 05:35:37.333  3168  3219 I libexynosv4l2: node found for device s5p-mfc-dec: /dev/video6
09-11 05:35:37.339  3548  3548 W ContextImpl: Calling a method in the system process without a qualified user: android.app.ContextImpl.startService:1357 com.android.server.content.SyncManager$13.run:658 android.os.Handler.handleCallback:751 android.os.Handler.dispatchMessage:95 android.os.Looper.loop:154 
09-11 05:35:37.340  3548  3548 D RttService: SCAN_AVAILABLE : 1
09-11 05:35:37.340  3548  3636 I WifiScanningService: wifi driver unloaded
09-11 05:35:37.340  3548  3637 D RttService: DefaultState got{ when=0 what=160513 target=com.android.internal.util.StateMachine$SmHandler }
09-11 05:35:37.340  3548  3548 D ZenLog  : set_zen_mode: off,cleanUpZenRules
09-11 05:35:37.346  3836  3836 W System  : ClassLoader referenced unknown path: /system/priv-app/TeleService/lib/arm64
09-11 05:35:37.348  3548  3548 W System  : ClassLoader referenced unknown path: /system/priv-app/Telecom/lib/arm64
09-11 05:35:37.349  3548  3548 D ApplicationLoaders: ignored Vulkan layer search path /system/priv-app/Telecom/lib/arm64:/system/priv-app/Telecom/Telecom.apk!/lib/arm64-v8a:/system/lib64:/vendor/lib64 for namespace 0x7f8bd25240
09-11 05:35:37.365  3168  3219 I libexynosv4l2: open video device /dev/video6
09-11 05:35:37.368  3548  3631 D WifiController: DEFERRED_TOGGLE handled
09-11 05:35:37.369  3548  3632 E WifiMonitor: killSupplicant p2ptrue init.svc.wpa_supplicant=unknown init.svc.p2p_supplicant=unknown
09-11 05:35:37.369  3172  3172 W ACodec  : [OMX.Exynos.HEVC.Decoder] stopping checking profiles after 32: 2/400
09-11 05:35:37.370  3168  3168 E OMXNodeInstance: getExtensionIndex(c600006:Exynos.HEVC.Decoder, OMX.google.android.index.configureVideoTunnelMode) ERROR: BadParameter(0x80001005)
09-11 05:35:37.372  3172  3172 I MediaPlayerService: MediaPlayerService::getOMX
09-11 05:35:37.373  3172  3172 I OMXClient: MuxOMX ctor
09-11 05:35:37.373  3168  3168 I OMXMaster: makeComponentInstance(OMX.Exynos.VP9.Decoder) in mediacodec process
09-11 05:35:37.374  3168  3168 D libexynosv4l2: try node: /dev/video6
09-11 05:35:37.374  3168  3168 I libexynosv4l2: node found for device s5p-mfc-dec: /dev/video6
09-11 05:35:37.375  3836  3836 W System  : ClassLoader referenced unknown path: /system/priv-app/TelephonyProvider/lib/arm64
09-11 05:35:37.376  3836  3836 D ApplicationLoaders: ignored Vulkan layer search path /system/priv-app/TelephonyProvider/lib/arm64:/system/lib64:/vendor/lib64 for namespace 0x7f8bbe50f0
09-11 05:35:37.377  3708  3708 D StorageNotification: Notifying about private volume: VolumeInfo{private}:
09-11 05:35:37.377  3708  3708 D StorageNotification:     type=PRIVATE diskId=null partGuid=null mountFlags=0 mountUserId=-1 
09-11 05:35:37.377  3708  3708 D StorageNotification:     state=MOUNTED 
09-11 05:35:37.377  3708  3708 D StorageNotification:     fsType=null fsUuid=null fsLabel=null 
09-11 05:35:37.377  3708  3708 D StorageNotification:     path=/data internalPath=null 
09-11 05:35:37.380  3548  3548 D BluetoothManagerService: Trying to bind to profile: 1, while Bluetooth was disabled
09-11 05:35:37.386  3548  3548 I Telecom : SystemStateProvider: Registering car mode receiver: android.content.IntentFilter@1e47de2: TS.init@AAA
09-11 05:35:37.395  3548  3889 I Telecom : Telecom: Non-call EVENT: AUDIO_ROUTE, Entering state QuiescentEarpieceRoute
09-11 05:35:37.399  3548  3892 I Telecom : CallAudioModeStateMachine: Message received: null.: TS.init->CAMSM.pM_1@AAA_0
09-11 05:35:37.399  3836  3836 D TelephonyProvider: dbh.onOpen: ok, queried table=siminfo
09-11 05:35:37.399  3836  3836 D TelephonyProvider: dbh.onOpen: ok, queried table=carriers
09-11 05:35:37.404  3168  3168 I libexynosv4l2: open video device /dev/video6
09-11 05:35:37.405  3168  3168 E EXYNOS_VP9_DEC: [0xf4d0a000][GetIndexToProfileLevel] supported profile(1), level(1)
09-11 05:35:37.405  3168  3219 E EXYNOS_VP9_DEC: [0xf4d0a000][GetIndexToProfileLevel] supported profile(1), level(2)
09-11 05:35:37.405  3168  3168 E EXYNOS_VP9_DEC: [0xf4d0a000][GetIndexToProfileLevel] supported profile(1), level(4)
09-11 05:35:37.406  3168  3219 E EXYNOS_VP9_DEC: [0xf4d0a000][GetIndexToProfileLevel] supported profile(1), level(8)
09-11 05:35:37.406  3168  3168 E EXYNOS_VP9_DEC: [0xf4d0a000][GetIndexToProfileLevel] supported profile(1), level(10)
09-11 05:35:37.406  3168  3219 E EXYNOS_VP9_DEC: [0xf4d0a000][GetIndexToProfileLevel] supported profile(1), level(20)
09-11 05:35:37.406  3168  3168 E EXYNOS_VP9_DEC: [0xf4d0a000][GetIndexToProfileLevel] supported profile(1), level(40)
09-11 05:35:37.406  3168  3219 E EXYNOS_VP9_DEC: [0xf4d0a000][GetIndexToProfileLevel] supported profile(1), level(80)
09-11 05:35:37.406  3548  3548 I Telecom : ViceNotificationImpl: ViceNotificationImpl: TS.init@AAA
09-11 05:35:37.408  3168  3168 E OMXNodeInstance: getExtensionIndex(c600007:Exynos.VP9.Decoder, OMX.google.android.index.configureVideoTunnelMode) ERROR: BadParameter(0x80001005)
09-11 05:35:37.408  3548  3896 E ActivityThread: Failed to find provider info for call_log
09-11 05:35:37.409  3548  3548 D BluetoothManagerService: Trying to bind to profile: 1, while Bluetooth was disabled
09-11 05:35:37.409  3172  3172 I MediaPlayerService: MediaPlayerService::getOMX
09-11 05:35:37.409  3548  3548 I Telecom : BluetoothPhoneService: Ignoring IBluetoothDsdaService class not found exception : TS.init@AAA
09-11 05:35:37.409  3172  3172 I OMXClient: MuxOMX ctor
09-11 05:35:37.409  3168  3168 I OMXMaster: makeComponentInstance(OMX.Exynos.AVC.Encoder) in mediacodec process
09-11 05:35:37.410  3168  3168 D libexynosv4l2: try node: /dev/video6
09-11 05:35:37.410  3168  3168 D libexynosv4l2: try node: /dev/video7
09-11 05:35:37.411  3168  3168 I libexynosv4l2: node found for device s5p-mfc-enc: /dev/video7
09-11 05:35:37.412  3548  3548 I Telecom : Class: TelecomSystem.INSTANCE being set
09-11 05:35:37.412  3548  3548 W ContextImpl: Calling a method in the system process without a qualified user: android.app.ContextImpl.startService:1357 android.content.ContextWrapper.startService:613 com.android.server.telecom.components.TelecomService.initializeTelecomSystem:196 com.android.server.telecom.components.TelecomService.onBind:64 android.app.ActivityThread.handleBindService:3243 
09-11 05:35:37.420  3851  3887 I OpenGLRenderer: Initialized EGL, version 1.4
09-11 05:35:37.421  3851  3887 D OpenGLRenderer: Swap behavior 1
09-11 05:35:37.424  3548  3548 W System  : ClassLoader referenced unknown path: /system/priv-app/FusedLocation/lib/arm64
09-11 05:35:37.425  3548  3548 D ApplicationLoaders: ignored Vulkan layer search path /system/priv-app/FusedLocation/lib/arm64:/system/priv-app/FusedLocation/FusedLocation.apk!/lib/arm64-v8a:/system/lib64:/vendor/lib64 for namespace 0x7f8bd252b0
09-11 05:35:37.430  3851  3887 D mali_winsys: EGLint new_window_surface(egl_winsys_display*, void*, EGLSurface, EGLConfig, egl_winsys_surface**, egl_color_buffer_format*, EGLBoolean) returns 0x3000,  [1440x2960]-format:1
09-11 05:35:37.434  3548  3548 D GpsNetInitiatedHandler: location enabled :false
09-11 05:35:37.434  3548  3548 V WiredAccessoryManager: init()
09-11 05:35:37.438  3836  3836 W System  : ClassLoader referenced unknown path: /system/framework/qti-telephony-common.jar
09-11 05:35:37.439  3548  3866 I StatusBarManagerService: registerStatusBar bar=com.android.internal.statusbar.IStatusBar$Stub$Proxy@f362477
09-11 05:35:37.439  3836  3836 W System.err: java.lang.ClassNotFoundException: com.qualcomm.qti.internal.telephony.QtiTelephonyComponentFactory
09-11 05:35:37.440  3836  3836 W System.err: 	at java.lang.Class.classForName(Native Method)
09-11 05:35:37.440  3836  3836 W System.err: 	at java.lang.Class.forName(Class.java:400)
09-11 05:35:37.440  3836  3836 W System.err: 	at com.android.internal.telephony.TelephonyComponentFactory.getInstance(TelephonyComponentFactory.java:71)
09-11 05:35:37.440  3836  3836 W System.err: 	at com.android.internal.telephony.PhoneFactory.makeDefaultPhone(PhoneFactory.java:133)
09-11 05:35:37.440  3836  3836 W System.err: 	at com.android.internal.telephony.PhoneFactory.makeDefaultPhones(PhoneFactory.java:91)
09-11 05:35:37.440  3836  3836 W System.err: 	at com.android.phone.PhoneGlobals.onCreate(PhoneGlobals.java:282)
09-11 05:35:37.440  3836  3836 W System.err: 	at com.android.phone.PhoneApp.onCreate(PhoneApp.java:41)
09-11 05:35:37.440  3836  3836 W System.err: 	at android.app.Instrumentation.callApplicationOnCreate(Instrumentation.java:1025)
09-11 05:35:37.440  3836  3836 W System.err: 	at android.app.ActivityThread.handleBindApplication(ActivityThread.java:5448)
09-11 05:35:37.440  3836  3836 W System.err: 	at android.app.ActivityThread.-wrap2(ActivityThread.java)
09-11 05:35:37.440  3836  3836 W System.err: 	at android.app.ActivityThread$H.handleMessage(ActivityThread.java:1564)
09-11 05:35:37.440  3836  3836 W System.err: 	at android.os.Handler.dispatchMessage(Handler.java:102)
09-11 05:35:37.440  3836  3836 W System.err: 	at android.os.Looper.loop(Looper.java:154)
09-11 05:35:37.440  3836  3836 W System.err: 	at android.app.ActivityThread.main(ActivityThread.java:6186)
09-11 05:35:37.440  3836  3836 W System.err: 	at java.lang.reflect.Method.invoke(Native Method)
09-11 05:35:37.440  3836  3836 W System.err: 	at com.android.internal.os.ZygoteInit$MethodAndArgsCaller.run(ZygoteInit.java:889)
09-11 05:35:37.440  3836  3836 W System.err: 	at com.android.internal.os.ZygoteInit.main(ZygoteInit.java:779)
09-11 05:35:37.441  3836  3836 W System.err: Caused by: java.lang.ClassNotFoundException: Didn't find class "com.qualcomm.qti.internal.telephony.QtiTelephonyComponentFactory" on path: DexPathList[[],nativeLibraryDirectories=[/system/lib64, /vendor/lib64]]
09-11 05:35:37.441  3836  3836 W System.err: 	at dalvik.system.BaseDexClassLoader.findClass(BaseDexClassLoader.java:56)
09-11 05:35:37.441  3836  3836 W System.err: 	at java.lang.ClassLoader.loadClass(ClassLoader.java:380)
09-11 05:35:37.441  3836  3836 W System.err: 	at java.lang.ClassLoader.loadClass(ClassLoader.java:312)
09-11 05:35:37.441  3836  3836 W System.err: 	... 17 more
09-11 05:35:37.448  3168  3168 I libexynosv4l2: open video device /dev/video7
09-11 05:35:37.456  3172  3172 W ACodec  : [OMX.Exynos.AVC.Encoder] stopping checking profiles after 32: 2/8000
09-11 05:35:37.456  3172  3172 W ACodec  : do not know color format 0x7f000011 = 2130706449
09-11 05:35:37.457  3172  3172 W ACodec  : do not know color format 0x10 = 16
09-11 05:35:37.457  3172  3172 W ACodec  : do not know color format 0x7f00a000 = 2130747392
09-11 05:35:37.457  3172  3172 W ACodec  : do not know color format 0x7f000789 = 2130708361
09-11 05:35:37.457  3172  3172 W ACodec  : do not know color format 0x7f000012 = 2130706450
09-11 05:35:37.458  3168  3219 E OMXNodeInstance: getConfig(c600008:Exynos.AVC.Encoder, ConfigAndroidIntraRefresh(0x6f60000a)) ERROR: UnsupportedIndex(0x8000101a)
09-11 05:35:37.459  3172  3172 I MediaPlayerService: MediaPlayerService::getOMX
09-11 05:35:37.460  3172  3172 I OMXClient: MuxOMX ctor
09-11 05:35:37.460  3168  3168 I OMXMaster: makeComponentInstance(OMX.Exynos.H263.Encoder) in mediacodec process
09-11 05:35:37.461  3168  3168 D libexynosv4l2: try node: /dev/video6
09-11 05:35:37.461  3168  3168 D libexynosv4l2: try node: /dev/video7
09-11 05:35:37.461  3168  3168 I libexynosv4l2: node found for device s5p-mfc-enc: /dev/video7
09-11 05:35:37.464  3548  3564 V KeyguardServiceDelegate: *** Keyguard started
09-11 05:35:37.464  3548  3565 V KeyguardServiceDelegate: *** Keyguard connected (yay!)
09-11 05:35:37.465  3548  3564 W KeyguardServiceDelegate: onScreenTurningOn(): no keyguard service!
09-11 05:35:37.472  3174  3528 D SoftapController: Softap fwReload - Ok
09-11 05:35:37.475  3548  3577 I ActivityManager: Displayed com.android.settings/.FallbackHome: +178ms
09-11 05:35:37.476  3174  3528 D CommandListener: Setting iface cfg
09-11 05:35:37.476  3174  3528 D CommandListener: Trying to bring down wlan0
09-11 05:35:37.476  3174  3528 D CommandListener: Clearing all IP addresses on wlan0
09-11 05:35:37.479  3548  3723 D CryptdConnector: SND -> {3 cryptfs getpw}
09-11 05:35:37.479  3063  3129 D VoldCryptCmdListener: cryptfs getpw
09-11 05:35:37.480  3548  3625 D CryptdConnector: RCV <- {200 3 -1}
09-11 05:35:37.480  3548  3723 D CryptdConnector: SND -> {4 cryptfs clearpw}
09-11 05:35:37.480  3063  3129 D VoldCryptCmdListener: cryptfs clearpw
09-11 05:35:37.480  3548  3625 D CryptdConnector: RCV <- {200 4 0}
09-11 05:35:37.494  3168  3168 I libexynosv4l2: open video device /dev/video7
09-11 05:35:37.497  3172  3172 W ACodec  : do not know color format 0x7f000011 = 2130706449
09-11 05:35:37.497  3172  3172 W ACodec  : do not know color format 0x10 = 16
09-11 05:35:37.497  3172  3172 W ACodec  : do not know color format 0x7f00a000 = 2130747392
09-11 05:35:37.498  3172  3172 W ACodec  : do not know color format 0x7f000789 = 2130708361
09-11 05:35:37.498  3172  3172 W ACodec  : do not know color format 0x7f000012 = 2130706450
09-11 05:35:37.498  3168  3168 E OMXNodeInstance: getConfig(c600009:Exynos.H263.Encoder, ConfigAndroidIntraRefresh(0x6f60000a)) ERROR: UnsupportedIndex(0x8000101a)
09-11 05:35:37.501  3548  3548 E CMHardwareService: Vibrator is not supported
09-11 05:35:37.501  3172  3172 I MediaPlayerService: MediaPlayerService::getOMX
09-11 05:35:37.502  3172  3172 I OMXClient: MuxOMX ctor
09-11 05:35:37.502  3168  3168 I OMXMaster: makeComponentInstance(OMX.Exynos.MPEG4.Encoder) in mediacodec process
09-11 05:35:37.502  3548  3548 E CMHardwareService: Vibrator is not supported
09-11 05:35:37.503  3168  3168 D libexynosv4l2: try node: /dev/video6
09-11 05:35:37.503  3168  3168 D libexynosv4l2: try node: /dev/video7
09-11 05:35:37.503  3168  3168 I libexynosv4l2: node found for device s5p-mfc-enc: /dev/video7
09-11 05:35:37.505  3548  3548 D ConditionProviders.SCP: onSubscribe condition://android/schedule?days=6.7&start=23.30&end=10.0&exitAtAlarm=false
09-11 05:35:37.505  3548  3548 D ConditionProviders.SCP: setRegistered true
09-11 05:35:37.505  3548  3548 D ConditionProviders.SCP: notifyCondition condition://android/schedule?days=6.7&start=23.30&end=10.0&exitAtAlarm=false STATE_FALSE reason=!meetsSchedule
09-11 05:35:37.506  3548  3548 D ConditionProviders.SCP: Scheduling evaluate for Mon Sep 11 10:00:00 GMT-03:00 2017 (1505134800000), in +4h24m22s495ms, now=Mon Sep 11 05:35:37 GMT-03:00 2017 (1505118937505)
09-11 05:35:37.506  3548  3548 D ConditionProviders.SCP: onSubscribe condition://android/schedule?days=1.2.3.4.5&start=22.0&end=7.0&exitAtAlarm=false
09-11 05:35:37.507  3548  3548 D ConditionProviders.SCP: notifyCondition condition://android/schedule?days=6.7&start=23.30&end=10.0&exitAtAlarm=false STATE_FALSE reason=!meetsSchedule
09-11 05:35:37.507  3548  3548 D ConditionProviders.SCP: notifyCondition condition://android/schedule?days=1.2.3.4.5&start=22.0&end=7.0&exitAtAlarm=false STATE_TRUE reason=meetsSchedule
09-11 05:35:37.507  3548  3548 D ConditionProviders.SCP: Scheduling evaluate for Mon Sep 11 07:00:00 GMT-03:00 2017 (1505124000000), in +1h24m22s494ms, now=Mon Sep 11 05:35:37 GMT-03:00 2017 (1505118937506)
09-11 05:35:37.507  3548  3548 I BrokerableCMSystemService: Implementation service connected
09-11 05:35:37.508  3548  3548 I Telecom : WiredHeadsetManager: ACTION_HEADSET_PLUG event, plugged in: false, : WHC.oADA@AAE
09-11 05:35:37.510  3548  3548 I ActivityManager: user 0 is still locked. Cannot load recents
09-11 05:35:37.510  3548  3644 E ActivityThread: Failed to find provider info for com.android.calendar
09-11 05:35:37.511  3548  3644 E ActivityThread: Failed to find provider info for com.android.calendar
09-11 05:35:37.531  3168  3168 I libexynosv4l2: open video device /dev/video7
09-11 05:35:37.534  3172  3172 W ACodec  : do not know color format 0x7f000011 = 2130706449
09-11 05:35:37.535  3172  3172 W ACodec  : do not know color format 0x10 = 16
09-11 05:35:37.535  3172  3172 W ACodec  : do not know color format 0x7f00a000 = 2130747392
09-11 05:35:37.535  3172  3172 W ACodec  : do not know color format 0x7f000789 = 2130708361
09-11 05:35:37.535  3172  3172 W ACodec  : do not know color format 0x7f000012 = 2130706450
09-11 05:35:37.535  3168  3219 E OMXNodeInstance: getConfig(c60000a:Exynos.MPEG4.Encoder, ConfigAndroidIntraRefresh(0x6f60000a)) ERROR: UnsupportedIndex(0x8000101a)
09-11 05:35:37.536  3548  3564 I ActivityManager: Start proc 3969:com.android.cellbroadcastreceiver/u0a8 for broadcast com.android.cellbroadcastreceiver/.CellBroadcastReceiver
09-11 05:35:37.536  3172  3172 I MediaPlayerService: MediaPlayerService::getOMX
09-11 05:35:37.537  3172  3172 I OMXClient: MuxOMX ctor
09-11 05:35:37.537  3168  3219 I OMXMaster: makeComponentInstance(OMX.Exynos.VP8.Encoder) in mediacodec process
09-11 05:35:37.538  3168  3219 D libexynosv4l2: try node: /dev/video6
09-11 05:35:37.538  3168  3219 D libexynosv4l2: try node: /dev/video7
09-11 05:35:37.538  3168  3219 I libexynosv4l2: node found for device s5p-mfc-enc: /dev/video7
09-11 05:35:37.556  3969  3969 W System  : ClassLoader referenced unknown path: /system/priv-app/CellBroadcastReceiver/lib/arm64
09-11 05:35:37.567  3168  3219 I libexynosv4l2: open video device /dev/video7
09-11 05:35:37.570  3172  3172 W ACodec  : do not know color format 0x7f000011 = 2130706449
09-11 05:35:37.570  3172  3172 W ACodec  : do not know color format 0x10 = 16
09-11 05:35:37.570  3172  3172 W ACodec  : do not know color format 0x7f00a000 = 2130747392
09-11 05:35:37.570  3172  3172 W ACodec  : do not know color format 0x7f000789 = 2130708361
09-11 05:35:37.571  3172  3172 W ACodec  : do not know color format 0x7f000012 = 2130706450
09-11 05:35:37.571  3168  3958 E OMXNodeInstance: getConfig(c60000b:Exynos.VP8.Encoder, ConfigAndroidIntraRefresh(0x6f60000a)) ERROR: UnsupportedIndex(0x8000101a)
09-11 05:35:37.572  3172  3172 I MediaPlayerService: MediaPlayerService::getOMX
09-11 05:35:37.573  3172  3172 I OMXClient: MuxOMX ctor
09-11 05:35:37.573  3168  3219 I OMXMaster: makeComponentInstance(OMX.Exynos.HEVC.Encoder) in mediacodec process
09-11 05:35:37.574  3168  3219 D libexynosv4l2: try node: /dev/video6
09-11 05:35:37.574  3168  3219 D libexynosv4l2: try node: /dev/video7
09-11 05:35:37.574  3168  3219 I libexynosv4l2: node found for device s5p-mfc-enc: /dev/video7
09-11 05:35:37.581  3969  3969 D CellBroadcastReceiver: onReceive Intent { act=android.intent.action.SIM_STATE_CHANGED flg=0x4000010 cmp=com.android.cellbroadcastreceiver/.CellBroadcastReceiver (has extras) }
09-11 05:35:37.597  3708  3708 W System  : ClassLoader referenced unknown path: 
09-11 05:35:37.597  3708  3708 D ApplicationLoaders: ignored Vulkan layer search path /system/app/Camera2/lib/arm64:/system/app/Camera2/Camera2.apk!/lib/arm64-v8a:/system/lib64:/vendor/lib64 for namespace 0x7f8bbe50f0
09-11 05:35:37.602  3168  3219 I libexynosv4l2: open video device /dev/video7
09-11 05:35:37.606  3172  3172 W ACodec  : [OMX.Exynos.HEVC.Encoder] stopping checking profiles after 32: 2/400
09-11 05:35:37.607  3172  3172 W ACodec  : do not know color format 0x7f000011 = 2130706449
09-11 05:35:37.607  3172  3172 W ACodec  : do not know color format 0x10 = 16
09-11 05:35:37.608  3172  3172 W ACodec  : do not know color format 0x7f00a000 = 2130747392
09-11 05:35:37.608  3172  3172 W ACodec  : do not know color format 0x7f000789 = 2130708361
09-11 05:35:37.608  3172  3172 W ACodec  : do not know color format 0x7f000012 = 2130706450
09-11 05:35:37.608  3168  3219 E OMXNodeInstance: getConfig(c60000c:Exynos.HEVC.Encoder, ConfigAndroidIntraRefresh(0x6f60000a)) ERROR: UnsupportedIndex(0x8000101a)
09-11 05:35:37.610  3172  3172 I MediaPlayerService: MediaPlayerService::getOMX
09-11 05:35:37.610  3172  3172 I OMXClient: MuxOMX ctor
09-11 05:35:37.611  3168  3219 I OMXMaster: makeComponentInstance(OMX.google.mpeg4.decoder) in mediacodec process
09-11 05:35:37.614  3168  3219 E OMXNodeInstance: getExtensionIndex(c60000d:google.mpeg4.decoder, OMX.google.android.index.configureVideoTunnelMode) ERROR: UnsupportedIndex(0x8000101a)
09-11 05:35:37.614  3168  3168 W OMXNodeInstance: [c60000d:google.mpeg4.decoder] component does not support metadata mode; using fallback
09-11 05:35:37.615  3172  3172 I MediaPlayerService: MediaPlayerService::getOMX
09-11 05:35:37.615  3172  3172 I OMXClient: MuxOMX ctor
09-11 05:35:37.615  3168  3958 I OMXMaster: makeComponentInstance(OMX.google.h263.decoder) in mediacodec process
09-11 05:35:37.617  3168  3958 E OMXNodeInstance: getExtensionIndex(c60000e:google.h263.decoder, OMX.google.android.index.configureVideoTunnelMode) ERROR: UnsupportedIndex(0x8000101a)
09-11 05:35:37.618  3168  3219 W OMXNodeInstance: [c60000e:google.h263.decoder] component does not support metadata mode; using fallback
09-11 05:35:37.619  3172  3172 I MediaPlayerService: MediaPlayerService::getOMX
09-11 05:35:37.619  3172  3172 I OMXClient: MuxOMX ctor
09-11 05:35:37.619  3168  3168 I OMXMaster: makeComponentInstance(OMX.google.h264.decoder) in mediacodec process
09-11 05:35:37.624  3172  3172 W ACodec  : [OMX.google.h264.decoder] stopping checking profiles after 32: 2/8000
09-11 05:35:37.625  3168  3168 E OMXNodeInstance: getExtensionIndex(c60000f:google.h264.decoder, OMX.google.android.index.configureVideoTunnelMode) ERROR: UnsupportedIndex(0x8000101a)
09-11 05:35:37.625  3168  3958 W OMXNodeInstance: [c60000f:google.h264.decoder] component does not support metadata mode; using fallback
09-11 05:35:37.627  3172  3172 I MediaPlayerService: MediaPlayerService::getOMX
09-11 05:35:37.627  3172  3172 I OMXClient: MuxOMX ctor
09-11 05:35:37.627  3168  3219 I OMXMaster: makeComponentInstance(OMX.google.hevc.decoder) in mediacodec process
09-11 05:35:37.632  3168  3168 E OMXNodeInstance: getExtensionIndex(c600010:google.hevc.decoder, OMX.google.android.index.configureVideoTunnelMode) ERROR: UnsupportedIndex(0x8000101a)
09-11 05:35:37.633  3168  3958 W OMXNodeInstance: [c600010:google.hevc.decoder] component does not support metadata mode; using fallback
09-11 05:35:37.634  3172  3172 I MediaPlayerService: MediaPlayerService::getOMX
09-11 05:35:37.635  3172  3172 I OMXClient: MuxOMX ctor
09-11 05:35:37.635  3168  3168 I OMXMaster: makeComponentInstance(OMX.google.vp8.decoder) in mediacodec process
09-11 05:35:37.640  3168  3958 E OMXNodeInstance: getExtensionIndex(c600011:google.vp8.decoder, OMX.google.android.index.configureVideoTunnelMode) ERROR: UnsupportedIndex(0x8000101a)
09-11 05:35:37.640  3168  3219 W OMXNodeInstance: [c600011:google.vp8.decoder] component does not support metadata mode; using fallback
09-11 05:35:37.640  3172  3172 I MediaPlayerService: MediaPlayerService::getOMX
09-11 05:35:37.641  3172  3172 I OMXClient: MuxOMX ctor
09-11 05:35:37.641  3168  3168 I OMXMaster: makeComponentInstance(OMX.google.vp9.decoder) in mediacodec process
09-11 05:35:37.642  3168  3219 E OMXNodeInstance: getExtensionIndex(c600012:google.vp9.decoder, OMX.google.android.index.configureVideoTunnelMode) ERROR: UnsupportedIndex(0x8000101a)
09-11 05:35:37.643  3168  3168 W OMXNodeInstance: [c600012:google.vp9.decoder] component does not support metadata mode; using fallback
09-11 05:35:37.646  3172  3172 I MediaPlayerService: MediaPlayerService::getOMX
09-11 05:35:37.646  3172  3172 I OMXClient: MuxOMX ctor
09-11 05:35:37.646  3168  3958 I OMXMaster: makeComponentInstance(OMX.google.h263.encoder) in mediacodec process
09-11 05:35:37.648  3168  3958 I SoftMPEG4Encoder: Construct SoftMPEG4Encoder
09-11 05:35:37.648  3172  3172 W ACodec  : do not know color format 0x7f000789 = 2130708361
09-11 05:35:37.649  3168  3168 E OMXNodeInstance: getConfig(c600013:google.h263.encoder, ConfigAndroidIntraRefresh(0x6f60000a)) ERROR: Undefined(0x80001001)
09-11 05:35:37.649  3172  3172 I MediaPlayerService: MediaPlayerService::getOMX
09-11 05:35:37.650  3172  3172 I OMXClient: MuxOMX ctor
09-11 05:35:37.650  3168  3168 I OMXMaster: makeComponentInstance(OMX.google.h264.encoder) in mediacodec process
09-11 05:35:37.651  3708  3708 D ClockController: onTuningChanged key=cmsystem:status_bar_clock value=null
09-11 05:35:37.654  3708  3708 D ClockController: onTuningChanged key=cmsystem:status_bar_am_pm value=null
09-11 05:35:37.655  3708  3708 D ClockController: onTuningChanged key=clock_seconds value=null
09-11 05:35:37.655  3172  3172 W ACodec  : do not know color format 0x7f000789 = 2130708361
09-11 05:35:37.657  3172  3172 I MediaPlayerService: MediaPlayerService::getOMX
09-11 05:35:37.657  3172  3172 I OMXClient: MuxOMX ctor
09-11 05:35:37.657  3168  3958 I OMXMaster: makeComponentInstance(OMX.google.mpeg4.encoder) in mediacodec process
09-11 05:35:37.659  3168  3958 I SoftMPEG4Encoder: Construct SoftMPEG4Encoder
09-11 05:35:37.659  3836  3836 D PhoneSwitcherNetworkRequstListener: Registering NetworkFactory
09-11 05:35:37.660  3548  3638 D ConnectivityService: Got NetworkFactory Messenger for PhoneSwitcherNetworkRequstListener
09-11 05:35:37.660  3172  3172 W ACodec  : do not know color format 0x7f000789 = 2130708361
09-11 05:35:37.660  3168  3219 E OMXNodeInstance: getConfig(c600015:google.mpeg4.encoder, ConfigAndroidIntraRefresh(0x6f60000a)) ERROR: Undefined(0x80001001)
09-11 05:35:37.661  3172  3172 I MediaPlayerService: MediaPlayerService::getOMX
09-11 05:35:37.661  3172  3172 I OMXClient: MuxOMX ctor
09-11 05:35:37.661  3168  3219 I OMXMaster: makeComponentInstance(OMX.google.vp8.encoder) in mediacodec process
09-11 05:35:37.662  3548  3638 D ConnectivityService: Got NetworkFactory Messenger for TelephonyNetworkFactory[0]
09-11 05:35:37.663  3548  3638 D ConnectivityService: Got NetworkFactory Messenger for TelephonyNetworkFactory[1]
09-11 05:35:37.664  3172  3172 W ACodec  : do not know color format 0x7f000789 = 2130708361
09-11 05:35:37.664  3168  3168 E OMXNodeInstance: getConfig(c600016:google.vp8.encoder, ConfigAndroidIntraRefresh(0x6f60000a)) ERROR: Undefined(0x80001001)
09-11 05:35:37.665  3172  3172 I MediaPlayerService: MediaPlayerService::getOMX
09-11 05:35:37.666  3172  3172 I OMXClient: MuxOMX ctor
09-11 05:35:37.667  3168  3168 I OMXMaster: makeComponentInstance(OMX.google.mp3.decoder) in mediacodec process
09-11 05:35:37.669  3172  3172 I MediaPlayerService: MediaPlayerService::getOMX
09-11 05:35:37.670  3172  3172 I OMXClient: MuxOMX ctor
09-11 05:35:37.670  3168  3219 I OMXMaster: makeComponentInstance(OMX.google.amrnb.decoder) in mediacodec process
09-11 05:35:37.670  3708  3708 D LocalBluetoothProfileManager: Adding local MAP profile
09-11 05:35:37.671  3708  3708 D BluetoothMap: Create BluetoothMap proxy object
09-11 05:35:37.673  3836  4023 E ActivityThread: Failed to find provider info for com.android.contacts
09-11 05:35:37.673  3836  4023 W CallerInfoCache: cursor is null
09-11 05:35:37.673  3172  3172 I MediaPlayerService: MediaPlayerService::getOMX
09-11 05:35:37.674  3172  3172 I OMXClient: MuxOMX ctor
09-11 05:35:37.674  3168  3168 I OMXMaster: makeComponentInstance(OMX.google.amrwb.decoder) in mediacodec process
09-11 05:35:37.675  3708  3708 D LocalBluetoothProfileManager: LocalBluetoothProfileManager construction complete
09-11 05:35:37.675  3836  3836 D CarrierConfigLoader: CarrierConfigLoader has started
09-11 05:35:37.675  3172  3172 I MediaPlayerService: MediaPlayerService::getOMX
09-11 05:35:37.676  3172  3172 I OMXClient: MuxOMX ctor
09-11 05:35:37.676  3168  3958 I OMXMaster: makeComponentInstance(OMX.google.aac.decoder) in mediacodec process
09-11 05:35:37.677  3548  3866 D BluetoothManagerService: Trying to bind to profile: 1, while Bluetooth was disabled
09-11 05:35:37.680  3172  3172 I MediaPlayerService: MediaPlayerService::getOMX
09-11 05:35:37.680  3172  3172 I OMXClient: MuxOMX ctor
09-11 05:35:37.680  3168  3219 I OMXMaster: makeComponentInstance(OMX.google.g711.alaw.decoder) in mediacodec process
09-11 05:35:37.682  3172  3172 I MediaPlayerService: MediaPlayerService::getOMX
09-11 05:35:37.682  3172  3172 I OMXClient: MuxOMX ctor
09-11 05:35:37.682  3168  3168 I OMXMaster: makeComponentInstance(OMX.google.g711.mlaw.decoder) in mediacodec process
09-11 05:35:37.684  3172  3172 I MediaPlayerService: MediaPlayerService::getOMX
09-11 05:35:37.684  3708  3708 I CameraManagerGlobal: Connecting to camera service
09-11 05:35:37.685  3172  3172 I OMXClient: MuxOMX ctor
09-11 05:35:37.685  3168  3958 I OMXMaster: makeComponentInstance(OMX.google.vorbis.decoder) in mediacodec process
09-11 05:35:37.686  3156  3196 E CameraService: getCameraVendorTagDescriptor: camera hardware module doesn't exist
09-11 05:35:37.688  3172  3172 I MediaPlayerService: MediaPlayerService::getOMX
09-11 05:35:37.688  3172  3172 I OMXClient: MuxOMX ctor
09-11 05:35:37.688  3168  3219 I OMXMaster: makeComponentInstance(OMX.google.opus.decoder) in mediacodec process
09-11 05:35:37.689  3836  3836 I Telephony: TtyManager: updateUiTtyMode -1 -> 0
09-11 05:35:37.691  3172  3172 I MediaPlayerService: MediaPlayerService::getOMX
09-11 05:35:37.691  3172  3172 I OMXClient: MuxOMX ctor
09-11 05:35:37.692  3168  3168 I OMXMaster: makeComponentInstance(OMX.google.raw.decoder) in mediacodec process
09-11 05:35:37.693  3836  3836 I Telephony: TtyManager: updateUiTtyMode -1 -> 0
09-11 05:35:37.694  3172  3172 I MediaPlayerService: MediaPlayerService::getOMX
09-11 05:35:37.694  3172  3172 I OMXClient: MuxOMX ctor
09-11 05:35:37.694  3168  3958 I OMXMaster: makeComponentInstance(OMX.google.aac.encoder) in mediacodec process
09-11 05:35:37.699  3172  3172 I MediaPlayerService: MediaPlayerService::getOMX
09-11 05:35:37.699  3172  3172 I OMXClient: MuxOMX ctor
09-11 05:35:37.699  3168  3219 I OMXMaster: makeComponentInstance(OMX.google.amrnb.encoder) in mediacodec process
09-11 05:35:37.703  3172  3172 I MediaPlayerService: MediaPlayerService::getOMX
09-11 05:35:37.703  3172  3172 I OMXClient: MuxOMX ctor
09-11 05:35:37.704  3168  3958 I OMXMaster: makeComponentInstance(OMX.google.amrwb.encoder) in mediacodec process
09-11 05:35:37.708  3172  3172 I MediaPlayerService: MediaPlayerService::getOMX
09-11 05:35:37.709  3172  3172 I OMXClient: MuxOMX ctor
09-11 05:35:37.709  3168  3168 I OMXMaster: makeComponentInstance(OMX.google.flac.encoder) in mediacodec process
09-11 05:35:37.709  3548  3723 I ActivityManager: Start proc 4048:org.cyanogenmod.weather.provider/u0a32 for content provider org.cyanogenmod.weather.provider/.WeatherContentProvider
09-11 05:35:37.717  3172  3172 I MediaPlayerService: MediaPlayerService::getOMX
09-11 05:35:37.718  3172  3172 I OMXClient: MuxOMX ctor
09-11 05:35:37.719  3168  3219 I OMXMaster: makeComponentInstance(OMX.google.gsm.decoder) in mediacodec process
09-11 05:35:37.723  4048  4048 W System  : ClassLoader referenced unknown path: /system/priv-app/WeatherProvider/lib/arm64
09-11 05:35:37.746  3172  3172 I MediaPlayerService: MediaPlayerService::getOMX
09-11 05:35:37.746  3172  3172 I OMXClient: MuxOMX ctor
09-11 05:35:37.746  3168  3958 I OMXMaster: makeComponentInstance(OMX.ffmpeg.aac.decoder) in mediacodec process
09-11 05:35:37.746  3168  3958 V FFmpegOMXPlugin: makeComponentInstance 'OMX.ffmpeg.aac.decoder'
09-11 05:35:37.746  3168  3958 D SoftFFmpegAudio: SoftFFmpegAudio component: OMX.ffmpeg.aac.decoder mCodingType: 21
09-11 05:35:37.766  3168  3219 E OMXNodeInstance: getParameter(c600025:ffmpeg.aac.decoder, ??(0x6f400005)) ERROR: UnsupportedIndex(0x8000101a)
09-11 05:35:37.766  3172  3172 W ACodec  : component OMX.ffmpeg.aac.decoder doesn't support profile query.
09-11 05:35:37.767  3172  3172 I MediaPlayerService: MediaPlayerService::getOMX
09-11 05:35:37.767  3172  3172 I OMXClient: MuxOMX ctor
09-11 05:35:37.767  3168  3219 I OMXMaster: makeComponentInstance(OMX.ffmpeg.ac3.decoder) in mediacodec process
09-11 05:35:37.767  3168  3219 V FFmpegOMXPlugin: makeComponentInstance 'OMX.ffmpeg.ac3.decoder'
09-11 05:35:37.767  3168  3219 D SoftFFmpegAudio: SoftFFmpegAudio component: OMX.ffmpeg.ac3.decoder mCodingType: 2130706434
09-11 05:35:37.769  3172  3172 I MediaPlayerService: MediaPlayerService::getOMX
09-11 05:35:37.770  3175  3673 D bauth_FPBAuthService: pcf : 0x1011
09-11 05:35:37.770  3172  3172 I OMXClient: MuxOMX ctor
09-11 05:35:37.770  3175  3673 E bauth_FPBAuthServiceStorage:  FPBAuthServiceStorage::readCALIBRATIONMetaData fileopen error : 2
09-11 05:35:37.770  3175  3673 E bauth_FPBAuthService: retrieveMetaData is not existed : 262
09-11 05:35:37.770  3175  3673 I TLC_BAUTH: Call FP cmd 0xc (30);1562
09-11 05:35:37.770  3175  3673 I TLC_BAUTH: status : 0, cmd : 0x0x0 rsp : 0x0x0;1599
09-11 05:35:37.770  3175  3673 E TLC_BAUTH:   *****************************
09-11 05:35:37.770  3175  3673 E TLC_BAUTH:   *** ERROR: TZ Session is not opened properly - Ignore
09-11 05:35:37.770  3175  3673 E TLC_BAUTH:   *** Detected in BAuth_Control_OP/1599()
09-11 05:35:37.770  3175  3673 E TLC_BAUTH:   *****************************
09-11 05:35:37.770  3175  3673 D bauth_FPBAuthService: check_opcode status = 5, opcode = 30, func_ret_val = 29, function_status = 0, timeout = 0
09-11 05:35:37.770  3175  3673 E bauth_FPBAuthService: check_opcode func_ret_val error = 29
09-11 05:35:37.770  3175  3673 I TLC_BAUTH: Call FUNC ID 0x4;696
09-11 05:35:37.770  3175  3673 I TLC_BAUTH: Trustlet Session is not opened. status : 0;822
09-11 05:35:37.770  3175  3673 I TLC_BAUTH: FUNC ID 0x4 is completed;828
09-11 05:35:37.770  3168  3958 I OMXMaster: makeComponentInstance(OMX.ffmpeg.alac.decoder) in mediacodec process
09-11 05:35:37.770  3175  3673 D bauth_FPBAuthSensorControl: FPBAuthSensorControl, 304
09-11 05:35:37.770  3175  3673 D bauth_FPBAuthService: FPBAuthService, 688
09-11 05:35:37.770  3175  3673 D bauth_FPBAuthService: FPBAuthService, 7477
09-11 05:35:37.770  3175  3673 D bauth_service: BAuthService, 85
09-11 05:35:37.770  3168  3958 V FFmpegOMXPlugin: makeComponentInstance 'OMX.ffmpeg.alac.decoder'
09-11 05:35:37.770  3175  3673 D bauth_FPBAuthService: FPBAuthService, 7272
09-11 05:35:37.770  3168  3958 D SoftFFmpegAudio: SoftFFmpegAudio component: OMX.ffmpeg.alac.decoder mCodingType: 2130706437
09-11 05:35:37.772  3172  3172 I MediaPlayerService: MediaPlayerService::getOMX
09-11 05:35:37.773  3172  3172 I OMXClient: MuxOMX ctor
09-11 05:35:37.773  3168  3168 I OMXMaster: makeComponentInstance(OMX.ffmpeg.ape.decoder) in mediacodec process
09-11 05:35:37.773  3168  3168 V FFmpegOMXPlugin: makeComponentInstance 'OMX.ffmpeg.ape.decoder'
09-11 05:35:37.773  3168  3168 D SoftFFmpegAudio: SoftFFmpegAudio component: OMX.ffmpeg.ape.decoder mCodingType: 2130706435
09-11 05:35:37.774  3172  3172 I MediaPlayerService: MediaPlayerService::getOMX
09-11 05:35:37.775  3172  3172 I OMXClient: MuxOMX ctor
09-11 05:35:37.776  3168  3219 I OMXMaster: makeComponentInstance(OMX.ffmpeg.atrial.decoder) in mediacodec process
09-11 05:35:37.776  3168  3219 V FFmpegOMXPlugin: makeComponentInstance 'OMX.ffmpeg.atrial.decoder'
09-11 05:35:37.776  3168  3219 D SoftFFmpegAudio: SoftFFmpegAudio component: OMX.ffmpeg.atrial.decoder mCodingType: 1
09-11 05:35:37.778  3172  3172 I MediaPlayerService: MediaPlayerService::getOMX
09-11 05:35:37.778  3172  3172 I OMXClient: MuxOMX ctor
09-11 05:35:37.778  3168  3958 I OMXMaster: makeComponentInstance(OMX.ffmpeg.dts.decoder) in mediacodec process
09-11 05:35:37.778  3168  3958 V FFmpegOMXPlugin: makeComponentInstance 'OMX.ffmpeg.dts.decoder'
09-11 05:35:37.778  3168  3958 D SoftFFmpegAudio: SoftFFmpegAudio component: OMX.ffmpeg.dts.decoder mCodingType: 2130706436
09-11 05:35:37.780  3172  3172 I MediaPlayerService: MediaPlayerService::getOMX
09-11 05:35:37.781  3172  3172 I OMXClient: MuxOMX ctor
09-11 05:35:37.781  3168  3168 I OMXMaster: makeComponentInstance(OMX.ffmpeg.flac.decoder) in mediacodec process
09-11 05:35:37.781  3168  3168 V FFmpegOMXPlugin: makeComponentInstance 'OMX.ffmpeg.flac.decoder'
09-11 05:35:37.782  3708  4084 E ActivityThread: Failed to find provider info for com.android.contacts
09-11 05:35:37.782  3168  3168 D SoftFFmpegAudio: SoftFFmpegAudio component: OMX.ffmpeg.flac.decoder mCodingType: 28
09-11 05:35:37.783  3172  3172 I MediaPlayerService: MediaPlayerService::getOMX
09-11 05:35:37.786  3172  3172 I OMXClient: MuxOMX ctor
09-11 05:35:37.786  3168  3219 I OMXMaster: makeComponentInstance(OMX.ffmpeg.mp2.decoder) in mediacodec process
09-11 05:35:37.786  3168  3219 V FFmpegOMXPlugin: makeComponentInstance 'OMX.ffmpeg.mp2.decoder'
09-11 05:35:37.786  3168  3219 D SoftFFmpegAudio: SoftFFmpegAudio component: OMX.ffmpeg.mp2.decoder mCodingType: 2130706433
09-11 05:35:37.788  3172  3172 I MediaPlayerService: MediaPlayerService::getOMX
09-11 05:35:37.789  3172  3172 I OMXClient: MuxOMX ctor
09-11 05:35:37.789  3168  3958 I OMXMaster: makeComponentInstance(OMX.ffmpeg.ra.decoder) in mediacodec process
09-11 05:35:37.789  3168  3958 V FFmpegOMXPlugin: makeComponentInstance 'OMX.ffmpeg.ra.decoder'
09-11 05:35:37.790  3168  3958 D SoftFFmpegAudio: SoftFFmpegAudio component: OMX.ffmpeg.ra.decoder mCodingType: 26
09-11 05:35:37.790  3708  3880 D OpenGLRenderer: profile bars disabled
09-11 05:35:37.790  3708  3880 D OpenGLRenderer: ambientRatio = 1.50
09-11 05:35:37.791  3172  3172 I MediaPlayerService: MediaPlayerService::getOMX
09-11 05:35:37.791  3172  3172 I OMXClient: MuxOMX ctor
09-11 05:35:37.792  3168  3168 I OMXMaster: makeComponentInstance(OMX.ffmpeg.wma.decoder) in mediacodec process
09-11 05:35:37.792  3168  3168 V FFmpegOMXPlugin: makeComponentInstance 'OMX.ffmpeg.wma.decoder'
09-11 05:35:37.792  3168  3168 D SoftFFmpegAudio: SoftFFmpegAudio component: OMX.ffmpeg.wma.decoder mCodingType: 25
09-11 05:35:37.794  3172  3172 I MediaPlayerService: MediaPlayerService::getOMX
09-11 05:35:37.794  3172  3172 I OMXClient: MuxOMX ctor
09-11 05:35:37.794  3168  3219 I OMXMaster: makeComponentInstance(OMX.ffmpeg.divx.decoder) in mediacodec process
09-11 05:35:37.795  3168  3219 V FFmpegOMXPlugin: makeComponentInstance 'OMX.ffmpeg.divx.decoder'
09-11 05:35:37.795  3168  3219 D SoftFFmpegVideo: SoftFFmpegVideo component: OMX.ffmpeg.divx.decoder codingType=2130706435 appData: 0xf63aa0e0
09-11 05:35:37.795  3168  3958 E OMXNodeInstance: getExtensionIndex(c60002f:ffmpeg.divx.decoder, OMX.google.android.index.configureVideoTunnelMode) ERROR: UnsupportedIndex(0x8000101a)
09-11 05:35:37.796  3168  3168 W OMXNodeInstance: [c60002f:ffmpeg.divx.decoder] component does not support metadata mode; using fallback
09-11 05:35:37.796  3172  3172 I MediaPlayerService: MediaPlayerService::getOMX
09-11 05:35:37.797  3172  3172 I OMXClient: MuxOMX ctor
09-11 05:35:37.797  3168  3219 I OMXMaster: makeComponentInstance(OMX.ffmpeg.flv1.decoder) in mediacodec process
09-11 05:35:37.797  3168  3219 V FFmpegOMXPlugin: makeComponentInstance 'OMX.ffmpeg.flv1.decoder'
09-11 05:35:37.797  3168  3219 D SoftFFmpegVideo: SoftFFmpegVideo component: OMX.ffmpeg.flv1.decoder codingType=2130706434 appData: 0xf63aa540
09-11 05:35:37.798  3168  3958 E OMXNodeInstance: getExtensionIndex(c600030:ffmpeg.flv1.decoder, OMX.google.android.index.configureVideoTunnelMode) ERROR: UnsupportedIndex(0x8000101a)
09-11 05:35:37.798  3168  3168 W OMXNodeInstance: [c600030:ffmpeg.flv1.decoder] component does not support metadata mode; using fallback
09-11 05:35:37.798  3172  3172 I MediaPlayerService: MediaPlayerService::getOMX
09-11 05:35:37.799  3172  3172 I OMXClient: MuxOMX ctor
09-11 05:35:37.799  3708  3708 D PhoneStatusBar: disable: < EXPAND* icons alerts system_info BACK* HOME* RECENT* clock SEARCH* quick_settings >
09-11 05:35:37.799  3168  3219 I OMXMaster: makeComponentInstance(OMX.ffmpeg.mpeg2.decoder) in mediacodec process
09-11 05:35:37.799  3168  3219 V FFmpegOMXPlugin: makeComponentInstance 'OMX.ffmpeg.mpeg2.decoder'
09-11 05:35:37.799  3168  3219 D SoftFFmpegVideo: SoftFFmpegVideo component: OMX.ffmpeg.mpeg2.decoder codingType=2 appData: 0xf63aa620
09-11 05:35:37.799  3168  3958 E OMXNodeInstance: getExtensionIndex(c600031:ffmpeg.mpeg2.decoder, OMX.google.android.index.configureVideoTunnelMode) ERROR: UnsupportedIndex(0x8000101a)
09-11 05:35:37.799  3168  3168 W OMXNodeInstance: [c600031:ffmpeg.mpeg2.decoder] component does not support metadata mode; using fallback
09-11 05:35:37.802  3172  3172 I MediaPlayerService: MediaPlayerService::getOMX
09-11 05:35:37.803  3172  3172 I OMXClient: MuxOMX ctor
09-11 05:35:37.803  3168  3219 I OMXMaster: makeComponentInstance(OMX.ffmpeg.mpeg4.decoder) in mediacodec process
09-11 05:35:37.803  3168  3219 V FFmpegOMXPlugin: makeComponentInstance 'OMX.ffmpeg.mpeg4.decoder'
09-11 05:35:37.803  3168  3219 D SoftFFmpegVideo: SoftFFmpegVideo component: OMX.ffmpeg.mpeg4.decoder codingType=4 appData: 0xf63aa1c0
09-11 05:35:37.804  3168  3219 E OMXNodeInstance: getExtensionIndex(c600032:ffmpeg.mpeg4.decoder, OMX.google.android.index.configureVideoTunnelMode) ERROR: UnsupportedIndex(0x8000101a)
09-11 05:35:37.804  3168  3958 W OMXNodeInstance: [c600032:ffmpeg.mpeg4.decoder] component does not support metadata mode; using fallback
09-11 05:35:37.805  3172  3172 I MediaPlayerService: MediaPlayerService::getOMX
09-11 05:35:37.806  3172  3172 I OMXClient: MuxOMX ctor
09-11 05:35:37.806  3168  3168 I OMXMaster: makeComponentInstance(OMX.ffmpeg.rv.decoder) in mediacodec process
09-11 05:35:37.806  3168  3168 V FFmpegOMXPlugin: makeComponentInstance 'OMX.ffmpeg.rv.decoder'
09-11 05:35:37.806  3168  3168 D SoftFFmpegVideo: SoftFFmpegVideo component: OMX.ffmpeg.rv.decoder codingType=6 appData: 0xf63aa2a0
09-11 05:35:37.807  3168  3219 E OMXNodeInstance: getExtensionIndex(c600033:ffmpeg.rv.decoder, OMX.google.android.index.configureVideoTunnelMode) ERROR: UnsupportedIndex(0x8000101a)
09-11 05:35:37.807  3168  3958 W OMXNodeInstance: [c600033:ffmpeg.rv.decoder] component does not support metadata mode; using fallback
09-11 05:35:37.808  3172  3172 I MediaPlayerService: MediaPlayerService::getOMX
09-11 05:35:37.808  3172  3172 I OMXClient: MuxOMX ctor
09-11 05:35:37.808  3168  3168 I OMXMaster: makeComponentInstance(OMX.ffmpeg.vc1.decoder) in mediacodec process
09-11 05:35:37.808  3168  3168 V FFmpegOMXPlugin: makeComponentInstance 'OMX.ffmpeg.vc1.decoder'
09-11 05:35:37.808  3168  3168 D SoftFFmpegVideo: SoftFFmpegVideo component: OMX.ffmpeg.vc1.decoder codingType=2130706433 appData: 0xf66321c0
09-11 05:35:37.810  3168  3219 E OMXNodeInstance: getExtensionIndex(c600034:ffmpeg.vc1.decoder, OMX.google.android.index.configureVideoTunnelMode) ERROR: UnsupportedIndex(0x8000101a)
09-11 05:35:37.810  3168  3958 W OMXNodeInstance: [c600034:ffmpeg.vc1.decoder] component does not support metadata mode; using fallback
09-11 05:35:37.811  3172  3172 I MediaPlayerService: MediaPlayerService::getOMX
09-11 05:35:37.811  3172  3172 I OMXClient: MuxOMX ctor
09-11 05:35:37.812  3168  3168 I OMXMaster: makeComponentInstance(OMX.ffmpeg.vtrial.decoder) in mediacodec process
09-11 05:35:37.812  3168  3168 V FFmpegOMXPlugin: makeComponentInstance 'OMX.ffmpeg.vtrial.decoder'
09-11 05:35:37.812  3168  3168 D SoftFFmpegVideo: SoftFFmpegVideo component: OMX.ffmpeg.vtrial.decoder codingType=1 appData: 0xf66322a0
09-11 05:35:37.813  3168  3219 E OMXNodeInstance: getExtensionIndex(c600035:ffmpeg.vtrial.decoder, OMX.google.android.index.configureVideoTunnelMode) ERROR: UnsupportedIndex(0x8000101a)
09-11 05:35:37.813  3168  3958 W OMXNodeInstance: [c600035:ffmpeg.vtrial.decoder] component does not support metadata mode; using fallback
09-11 05:35:37.814  3172  3172 I MediaPlayerService: MediaPlayerService::getOMX
09-11 05:35:37.815  3172  3172 I OMXClient: MuxOMX ctor
09-11 05:35:37.816  3168  3168 I OMXMaster: makeComponentInstance(OMX.ffmpeg.wmv.decoder) in mediacodec process
09-11 05:35:37.816  3168  3168 V FFmpegOMXPlugin: makeComponentInstance 'OMX.ffmpeg.wmv.decoder'
09-11 05:35:37.816  3168  3168 D SoftFFmpegVideo: SoftFFmpegVideo component: OMX.ffmpeg.wmv.decoder codingType=5 appData: 0xf6632000
09-11 05:35:37.818  3168  3219 E OMXNodeInstance: getExtensionIndex(c600036:ffmpeg.wmv.decoder, OMX.google.android.index.configureVideoTunnelMode) ERROR: UnsupportedIndex(0x8000101a)
09-11 05:35:37.818  3168  3958 W OMXNodeInstance: [c600036:ffmpeg.wmv.decoder] component does not support metadata mode; using fallback
09-11 05:35:37.821  3172  3172 I MediaPlayerService: MediaPlayerService::getOMX
09-11 05:35:37.821  3172  3172 I OMXClient: MuxOMX ctor
09-11 05:35:37.821  3172  3172 W MediaCodecList: unable to open media codecs configuration xml file: /etc/media_codecs_performance.xml
09-11 05:35:37.821  3172  3172 I MediaPlayerService: MediaPlayerService::getOMX
09-11 05:35:37.822  3172  3172 I OMXClient: MuxOMX ctor
09-11 05:35:37.822  3172  3172 W MediaCodecList: unable to open media codecs configuration xml file: /data/misc/media/media_codecs_profiling_results.xml
09-11 05:35:37.823  3172  3172 I MediaPlayerService: MediaPlayerService::getOMX
09-11 05:35:37.824  3172  3221 I MediaPlayerService: MediaPlayerService::getOMX
09-11 05:35:37.825  3708  3792 I OMXClient: MuxOMX ctor
09-11 05:35:37.826  3548  3738 I OMXClient: MuxOMX ctor
09-11 05:35:37.826  3168  3168 I OMXMaster: makeComponentInstance(OMX.google.vorbis.decoder) in mediacodec process
09-11 05:35:37.827  3168  3219 I OMXMaster: makeComponentInstance(OMX.google.vorbis.decoder) in mediacodec process
09-11 05:35:37.836  3851  3851 D SimSelectNotification:  no of slots 2 provision = true
09-11 05:35:37.837  3969  3969 D CellBroadcastReceiver: onReceive Intent { act=android.intent.action.SIM_STATE_CHANGED flg=0x4000010 cmp=com.android.cellbroadcastreceiver/.CellBroadcastReceiver (has extras) }
09-11 05:35:37.871  3172  3172 I MediaPlayerService: MediaPlayerService::getOMX
09-11 05:35:37.875  3708  3708 D PhoneStatusBar: heads up is enabled
09-11 05:35:37.876  3548  4117 I OMXClient: MuxOMX ctor
09-11 05:35:37.877  3168  4114 I OMXMaster: makeComponentInstance(OMX.google.vorbis.decoder) in mediacodec process
09-11 05:35:37.877  3172  3221 I MediaPlayerService: MediaPlayerService::getOMX
09-11 05:35:37.878  3708  4118 I OMXClient: MuxOMX ctor
09-11 05:35:37.879  3168  3168 I OMXMaster: makeComponentInstance(OMX.google.vorbis.decoder) in mediacodec process
09-11 05:35:37.900  3548  3561 W LocalDisplayAdapter: Unable to find color mode 0, ignoring request.
09-11 05:35:37.904  3548  3865 I ActivityManager: Setting hasTopUi=true for pid=3708
09-11 05:35:37.917  3548  3565 W LocalDisplayAdapter: Unable to find color mode 0, ignoring request.
09-11 05:35:37.918  3172  3221 I MediaPlayerService: MediaPlayerService::getOMX
09-11 05:35:37.920  3548  4126 I OMXClient: MuxOMX ctor
09-11 05:35:37.922  3168  3958 I OMXMaster: makeComponentInstance(OMX.google.vorbis.decoder) in mediacodec process
09-11 05:35:37.928  3708  3708 D PhoneStatusBar: disable: < EXPAND ICONS* alerts SYSTEM_INFO* BACK HOME RECENT clock SEARCH quick_settings >
09-11 05:35:37.935  3708  3708 D PhoneStatusBar: disable: < EXPAND ICONS alerts SYSTEM_INFO BACK HOME RECENT clock SEARCH quick_settings >
09-11 05:35:37.938  3548  3564 I VrManagerService: VR mode is disallowed
09-11 05:35:37.939  3172  3221 I MediaPlayerService: MediaPlayerService::getOMX
09-11 05:35:37.940  3708  4129 I OMXClient: MuxOMX ctor
09-11 05:35:37.941  3168  3958 I OMXMaster: makeComponentInstance(OMX.google.vorbis.decoder) in mediacodec process
09-11 05:35:37.948  3548  3560 V KeyguardServiceDelegate: **** SHOWN CALLED ****
09-11 05:35:37.951  3148  3183 I SurfaceFlinger: Boot is finished (5400 ms)
09-11 05:35:37.954  3708  3708 D ViewRootImpl[StatusBar]: changeCanvasOpacity: opaque=true
09-11 05:35:37.961  3836  3836 D PhoneSwitcherNetworkRequstListener: got request NetworkRequest [ REQUEST id=1, [ Capabilities: INTERNET&NOT_RESTRICTED&TRUSTED&NOT_VPN] ] with score 0
09-11 05:35:37.962  3836  3836 D TelephonyDebugService: TelephonyDebugService()
09-11 05:35:37.963  3836  3836 D CarrierConfigLoader: mHandler: 12 phoneId: 0
