--------- beginning of main
09-05 02:15:18.371  3075  3075 W auditd  : type=1325 audit(0.0:2): table=filter family=2 entries=0
09-05 02:15:18.371  3075  3075 W auditd  : type=1325 audit(0.0:3): table=mangle family=2 entries=0
09-05 02:15:18.371  3075  3075 W auditd  : type=1325 audit(0.0:4): table=nat family=2 entries=0
09-05 02:15:18.371  3075  3075 W auditd  : type=1325 audit(0.0:5): table=raw family=2 entries=0
09-05 02:15:18.371  3075  3075 W auditd  : type=1325 audit(0.0:6): table=security family=2 entries=0
09-05 02:15:18.371  3075  3075 W auditd  : type=1325 audit(0.0:7): table=filter family=3 entries=0
09-05 02:15:18.371  3075  3075 W auditd  : type=1325 audit(0.0:8): table=filter family=10 entries=0
09-05 02:15:18.371  3075  3075 W auditd  : type=1325 audit(0.0:9): table=mangle family=10 entries=0
09-05 02:15:18.371  3075  3075 W auditd  : type=1325 audit(0.0:10): table=raw family=10 entries=0
09-05 02:15:18.371  3075  3075 W auditd  : type=1325 audit(0.0:11): table=nat family=10 entries=0
09-05 02:15:18.555  3075  3075 I auditd  : type=1403 audit(0.0:12): policy loaded auid=4294967295 ses=4294967295
09-05 02:15:19.303  3064  3064 I logd    : type=1400 audit(0.0:13): avc: denied { dac_override } for capability=1 scontext=u:r:logd:s0 tcontext=u:r:logd:s0 tclass=capability permissive=1
09-05 02:15:19.303  3064  3064 W logd    : type=1300 audit(0.0:13): arch=c00000b7 syscall=48 success=yes exit=0 a0=ffffff9c a1=7f9db6534a a2=0 a3=0 items=0 ppid=1 auid=4294967295 uid=0 gid=0 euid=0 suid=0 fsuid=0 egid=0 sgid=0 fsgid=0 tty=(none) ses=4294967295 exe="/system/bin/logd" subj=u:r:logd:s0 key=(null)
09-05 02:15:19.303  3075  3075 W auditd  : type=1327 audit(0.0:13): proctitle="/system/bin/logd"
09-05 02:15:19.303  3075  3075 W auditd  : type=1320 audit(0.0:13): 
09-05 02:15:19.303  3075  3075 W auditd  : type=1305 audit(0.0:14): audit_pid=3064 old=0 auid=4294967295 ses=4294967295 subj=u:r:logd:s0 res=1
09-05 02:15:19.303  3075  3075 W auditd  : type=1305 audit(0.0:15): audit_rate_limit=20 old=0 auid=4294967295 ses=4294967295 subj=u:r:logd:s0 res=1
--------- beginning of system
09-05 02:15:19.328  3067  3067 I vold    : Vold 3.0 (the awakening) firing up
09-05 02:15:19.328  3067  3067 V vold    : Detected support for: exfat ext4 f2fs ntfs vfat
09-05 02:15:19.330  3067  3067 W Vold    : Tearing down stale mount /mnt/secure/asec
09-05 02:15:19.338  3065  3065 I         : debuggerd: starting
09-05 02:15:19.345  3067  3067 W Vold    : Tearing down stale mount /mnt/secure
09-05 02:15:19.367  3067  3134 D vold    : e4crypt_init_user0
09-05 02:15:19.367  3067  3134 D vold    : e4crypt_prepare_user_storage for volume null, user 0, serial 0, flags 1
09-05 02:15:19.367  3067  3134 D vold    : Preparing: /data/system/users/0
09-05 02:15:19.367  3067  3134 D vold    : Preparing: /data/misc/profiles/cur/0
09-05 02:15:19.367  3067  3134 D vold    : Preparing: /data/misc/profiles/cur/0/foreign-dex
09-05 02:15:19.367  3067  3134 D vold    : Preparing: /data/system_de/0
09-05 02:15:19.368  3067  3134 D vold    : Preparing: /data/misc_de/0
09-05 02:15:19.368  3067  3134 D vold    : Preparing: /data/user_de/0
09-05 02:15:19.368  3067  3134 D vold    : e4crypt_unlock_user_key 0 serial=0 token_present=0
09-05 02:15:19.368  3067  3134 E vold    : Failed to chmod /data/system_ce/0: No such file or directory
09-05 02:15:19.368  3067  3134 E vold    : Failed to chmod /data/misc_ce/0: No such file or directory
09-05 02:15:19.368     1     1 I vdc     : 200 3068 Command succeeded
09-05 02:15:19.374  3135  3135 I /system/bin/tzdatacheck: tzdata file /data/misc/zoneinfo/current/tzdata does not exist. No action required.
09-05 02:15:19.387  3136  3136 D macloader: Deleting file /data/.cid.info
09-05 02:15:19.389  3137  3137 I TeeMcDaemon: Registry search paths: [hardware/samsung_slsi/exynos8895/mobicore_kinibi400/Daemon/src/MobiCoreDriverDaemon.cpp:212]
09-05 02:15:19.389  3137  3137 I TeeMcDaemon:   /data/misc/mcRegistry [hardware/samsung_slsi/exynos8895/mobicore_kinibi400/Daemon/src/MobiCoreDriverDaemon.cpp:214]
09-05 02:15:19.389  3137  3137 I TeeMcDaemon:   /efs/prov [hardware/samsung_slsi/exynos8895/mobicore_kinibi400/Daemon/src/MobiCoreDriverDaemon.cpp:214]
09-05 02:15:19.389  3137  3137 I TeeMcDaemon:   /vendor/app/mcRegistry [hardware/samsung_slsi/exynos8895/mobicore_kinibi400/Daemon/src/MobiCoreDriverDaemon.cpp:214]
09-05 02:15:19.389  3137  3137 I TeeMcDaemon:   /system/app/mcRegistry [hardware/samsung_slsi/exynos8895/mobicore_kinibi400/Daemon/src/MobiCoreDriverDaemon.cpp:214]
09-05 02:15:19.389  3137  3137 I TeeMcDaemon: partition paths rp:  /efs/TEE [hardware/samsung_slsi/exynos8895/mobicore_kinibi400/Daemon/src/MobiCoreDriverDaemon.cpp:223]
09-05 02:15:19.389  3137  3137 I TeeMcDaemon: Initialise Secure World [hardware/samsung_slsi/exynos8895/mobicore_kinibi400/Daemon/src/MobiCoreDriverDaemon.cpp:253]
09-05 02:15:19.395     1     1 I init    : type=1400 audit(0.0:16): avc: denied { write } for name="serialnumber" dev="configfs" ino=20202 scontext=u:r:init:s0 tcontext=u:object_r:configfs:s0 tclass=file permissive=1
09-05 02:15:19.395     1     1 I init    : type=1400 audit(0.0:17): avc: denied { create } for name="mtp.0" scontext=u:r:init:s0 tcontext=u:object_r:configfs:s0 tclass=lnk_file permissive=1
09-05 02:15:19.395     1     1 I init    : type=1400 audit(0.0:18): avc: denied { write } for name="battery" dev="sysfs" ino=35512 scontext=u:r:init:s0 tcontext=u:object_r:sysfs:s0 tclass=dir permissive=1
09-05 02:15:19.397  3137  3137 I TeeMcDaemon: driver version: v6.3 [hardware/samsung_slsi/exynos8895/mobicore_kinibi400/Daemon/src/SecureWorld.cpp:295]
09-05 02:15:19.403  3147  3147 I sysinit : Running /system/etc/init.d/00banner
09-05 02:15:19.409  3144  3144 I lowmemorykiller: Using in-kernel low memory killer interface
09-05 02:15:19.413  3157  3157 I cm      : _ _                                       
09-05 02:15:19.419  3158  3158 I cm      : | (_)_ __   ___  __ _  __ _  ___  ___  ___ 
09-05 02:15:19.424  3159  3159 I cm      : | | | '_ \ / _ \/ _` |/ _` |/ _ \/ _ \/ __|
09-05 02:15:19.431  3162  3162 D wifiloader: Trigger initcall of deferred modules
09-05 02:15:19.437  3146  3146 I SurfaceFlinger: SurfaceFlinger is starting
09-05 02:15:19.438  3146  3146 I SurfaceFlinger: SurfaceFlinger's main thread ready to run. Initializing graphics H/W...
09-05 02:15:19.439  3169  3169 I         : installd firing up
09-05 02:15:19.446  3175  3175 I cm      : | | | | | |  __/ (_| | (_| |  __/ (_) \__ \
09-05 02:15:19.453  3177  3177 I fingerprintd: Starting fingerprintd
09-05 02:15:19.457  3185  3185 I cm      : |_|_|_| |_|\___|\__,_|\__, |\___|\___/|___/
09-05 02:15:19.458  3170  3170 I keystore: Found keymaster0 module Keymaster OpenSSL HAL, version 2
09-05 02:15:19.458  3170  3170 I SoftKeymaster: system/keymaster/soft_keymaster_device.cpp, Line 131: Creating device
09-05 02:15:19.458  3170  3170 D SoftKeymaster: system/keymaster/soft_keymaster_device.cpp, Line 132: Device address: 0x7f9aa3e000
09-05 02:15:19.458  3170  3170 I keystore: Keymaster0 module is software-only.  Using SoftKeymasterDevice instead.
09-05 02:15:19.458  3170  3170 I SoftKeymaster: system/keymaster/soft_keymaster_device.cpp, Line 131: Creating device
09-05 02:15:19.458  3170  3170 D SoftKeymaster: system/keymaster/soft_keymaster_device.cpp, Line 132: Device address: 0x7f9aa3e400
09-05 02:15:19.465  3163  3163 V lhd     : GlLhdInterface::Init(/system/etc/lhd.conf)
09-05 02:15:19.466  3163  3163 E lhd     : SetCfgValue: Critical Error. Unknown configuration parameter "FlpName"="tcp"
09-05 02:15:19.466  3163  3163 V lhd     : SetCfgValue: LHD config "LheSerialControl"="BBD:Serial=TTY"
09-05 02:15:19.466  3163  3163 E lhd     : SetCfgValue: Critical Error. Unknown configuration parameter "LheClockMHz"="100"
09-05 02:15:19.466  3163  3163 V lhd     : SetCfgValue: LHD config "LhePatch"="/dev/bbd_patch"
09-05 02:15:19.466  3163  3163 V lhd     : SetCfgValue: LHD config "LheMaxMcuResetTries"="4"
09-05 02:15:19.466  3163  3163 V lhd     : SetCfgValue: LHD config "LheBbdPacket"="/dev/ttyBCM"
09-05 02:15:19.466  3163  3163 V lhd     : SetCfgValue: LHD config "LheBbdControl"="/dev/bbd_control"
09-05 02:15:19.466  3163  3163 V lhd     : SetCfgValue: LHD config "LheBbdSensor"="/dev/bbd_sensor"
09-05 02:15:19.466  3163  3163 V lhd     : SetCfgValue: LHD config "Lhe477xDebugFlags"="RPC:FACILITY=33:STDOUT_PUTS:STDOUT_LOG"
09-05 02:15:19.466  3179  3179 I perfprofd: starting Android Wide Profiling daemon
09-05 02:15:19.466  3179  3179 E perfprofd: unable to open configuration file /data/data/com.google.android.gms/files/perfprofd.conf
09-05 02:15:19.467  3163  3163 E lhd     : SetCfgValue: Critical Error. Unknown configuration parameter "LheSensorIpc"="true"
09-05 02:15:19.467  3163  3163 E lhd     : SetCfgValue: Critical Error. Unknown configuration parameter "LhePinMux"="P17=M1"
09-05 02:15:19.467  3179  3179 I perfprofd: random seed set to 3243683762
09-05 02:15:19.467  3163  3163 V lhd     : SetCfgValue: LHD config "LheAutoBaudDelayMS"="10"
09-05 02:15:19.467  3163  3163 V lhd     : SetCfgValue: LHD config "LheMaxMcuResetTries"="3"
09-05 02:15:19.467  3163  3163 E lhd     : OpenFirmwareFile: Fail to open /efs/sec_efs/sensorhub_urgent_fw.patch, errno 2
09-05 02:15:19.467  3163  3163 E lhd     : getCustPatchVersion: Fail to parse patch /efs/sec_efs/sensorhub_urgent_fw.patch
09-05 02:15:19.467  3163  3163 E lhd     : getCustPatchVersion: <CustomerVersion> not found
09-05 02:15:19.471  3186  3186 I cm      :                       |___/
09-05 02:15:19.474  3176  3176 I Netd    : Netd 1.0 starting
09-05 02:15:19.474  3176  3176 D TetherController: Setting IP forward enable = 0
09-05 02:15:19.478  3176  3176 I QtiConnectivityAdapter: Failed to open libconnctrl, some features may not be present.
09-05 02:15:19.478  3176  3176 E         : Failed to open libdatactrl, some features may not be present.
09-05 02:15:19.478  3176  3176 E         : Failed to open libcsm_data, some features may not be present.
09-05 02:15:19.483  3178  3178 I gatekeeperd: Starting gatekeeperd...
09-05 02:15:19.484  3178  3178 W gatekeeperd: falling back to software GateKeeper
09-05 02:15:19.484  3178  3178 I gatekeeperd: cold boot: clearing state
09-05 02:15:19.497  3137  3137 I TeeMcDaemon: TEE is ready [hardware/samsung_slsi/exynos8895/mobicore_kinibi400/Daemon/src/SecureWorld.cpp:332]
09-05 02:15:19.498  3137  3137 I TeeMcDaemon: t-base-EXYNOS64-Android-400A-V011-20170203_131128_25330_57476 [hardware/samsung_slsi/exynos8895/mobicore_kinibi400/Daemon/src/MobiCoreDriverDaemon.cpp:280]
09-05 02:15:19.499  3137  3137 I TeeMcDaemon: Specific partition path used for Store_1.tf, stored in /efs/TEE [hardware/samsung_slsi/exynos8895/mobicore_kinibi400/Daemon/src/FSD2.cpp:340]
09-05 02:15:19.499  3137  3137 I TeeMcDaemon: Start services [hardware/samsung_slsi/exynos8895/mobicore_kinibi400/Daemon/src/MobiCoreDriverDaemon.cpp:304]
09-05 02:15:19.499  3137  3137 I TeeMcDaemon: * start secure world interface [hardware/samsung_slsi/exynos8895/mobicore_kinibi400/Daemon/src/MobiCoreDriverDaemon.cpp:308]
09-05 02:15:19.499  3137  3137 I TeeMcDaemon: * start filesystem [hardware/samsung_slsi/exynos8895/mobicore_kinibi400/Daemon/src/MobiCoreDriverDaemon.cpp:308]
09-05 02:15:19.499  3137  3137 I TeeMcDaemon: driver version: v6.3 [hardware/samsung_slsi/exynos8895/mobicore_kinibi400/ClientLib/src/driver.cpp:71]
09-05 02:15:19.499  3137  3137 I TeeMcDaemon: driver open [hardware/samsung_slsi/exynos8895/mobicore_kinibi400/ClientLib/src/driver.cpp:84]
09-05 02:15:19.499  3137  3137 I TeeMcDaemon: Kinibi access granted by the driver [hardware/samsung_slsi/exynos8895/mobicore_kinibi400/ClientLib/src/common.cpp:217]
09-05 02:15:19.507  3137  3190 I TeeMcDaemon: Start listening to secure world [hardware/samsung_slsi/exynos8895/mobicore_kinibi400/Daemon/src/SecureWorld.cpp:466]
09-05 02:15:19.509  3137  3190 W TeeMcDaemon: Cannot open trustlet /data/misc/mcRegistry/07050501000000000000000000000020.tlbin (No such file or directory) [hardware/samsung_slsi/exynos8895/mobicore_kinibi400/Daemon/src/SecureWorld.cpp:195]
09-05 02:15:19.509  3137  3137 I TeeMcDaemon: * start registry update [hardware/samsung_slsi/exynos8895/mobicore_kinibi400/Daemon/src/MobiCoreDriverDaemon.cpp:308]
09-05 02:15:19.510  3137  3137 I TeeMcDaemon: * start registry server [hardware/samsung_slsi/exynos8895/mobicore_kinibi400/Daemon/src/MobiCoreDriverDaemon.cpp:308]
09-05 02:15:19.510  3137  3137 I TeeMcDaemon: * start debug session [hardware/samsung_slsi/exynos8895/mobicore_kinibi400/Daemon/src/MobiCoreDriverDaemon.cpp:308]
09-05 02:15:19.510  3137  3190 W TeeMcDaemon: Cannot open trustlet /data/misc/mcRegistry/08050500000000000000000000000000.tlbin (No such file or directory) [hardware/samsung_slsi/exynos8895/mobicore_kinibi400/Daemon/src/SecureWorld.cpp:195]
09-05 02:15:19.512  3137  3137 I TeeMcDaemon: session opened [hardware/samsung_slsi/exynos8895/mobicore_kinibi400/Daemon/src/DebugSession.cpp:113]
09-05 02:15:19.512  3137  3137 I TeeMcDaemon: Load secure drivers [hardware/samsung_slsi/exynos8895/mobicore_kinibi400/Daemon/src/MobiCoreDriverDaemon.cpp:318]
09-05 02:15:19.512  3137  3137 I TeeMcDaemon: * loading /system/app/FFFFFFFF000000000000000000000001.drbin [hardware/samsung_slsi/exynos8895/mobicore_kinibi400/Daemon/src/MobiCoreDriverDaemon.cpp:323]
09-05 02:15:19.512  3137  3192 I TeeMcDaemon: void FileSystem::Impl::run(): Start listening for request from STH2 [hardware/samsung_slsi/exynos8895/mobicore_kinibi400/Daemon/src/FSD2.cpp:443]
09-05 02:15:19.515  3146  3146 D libEGL  : loaded /vendor/lib64/egl/libGLES_mali.so
09-05 02:15:19.516  3137  3193 I TeeRegistryUpdate: Starting registry update open thread [hardware/samsung_slsi/exynos8895/mobicore_kinibi400/Daemon/src/RegistryUpdate.cpp:85]
09-05 02:15:19.517  3137  3194 I TeeMcDaemon: void RegistryServer::Impl::run(): Starting server [hardware/samsung_slsi/exynos8895/mobicore_kinibi400/Daemon/src/RegistryServer.cpp:230]
09-05 02:15:19.520  3137  3137 I TeeMcDaemon: * loading /system/app/mcRegistry/ffffffffd0000000000000000000000a.tlbin [hardware/samsung_slsi/exynos8895/mobicore_kinibi400/Daemon/src/MobiCoreDriverDaemon.cpp:323]
09-05 02:15:19.521  3137  3193 I TeeRegistryUpdate: Exiting registry update open thread [hardware/samsung_slsi/exynos8895/mobicore_kinibi400/Daemon/src/RegistryUpdate.cpp:143]
09-05 02:15:19.523  3171  3171 I mediacodec: @@@ mediacodecservice starting
09-05 02:15:19.524  3171  3171 W /system/bin/mediacodec: libminijail: allowing syscall: clock_gettime
09-05 02:15:19.525  3171  3171 W /system/bin/mediacodec: libminijail: allowing syscall: connect
09-05 02:15:19.525  3171  3171 W /system/bin/mediacodec: libminijail: allowing syscall: fcntl64
09-05 02:15:19.525  3171  3171 W /system/bin/mediacodec: libminijail: allowing syscall: socket
09-05 02:15:19.525  3171  3171 W /system/bin/mediacodec: libminijail: allowing syscall: writev
09-05 02:15:19.525  3171  3171 W /system/bin/mediacodec: libminijail: logging seccomp filter failures
09-05 02:15:19.530  3191  3191 I cm      : Welcome to Android 7.1.2 / LineageOS-14.1-20170905-UNOFFICIAL-dream2lte
09-05 02:15:19.552  3198  3198 I sysinit : Running /system/etc/init.d/90userinit
09-05 02:15:19.560  3146  3146 I gralloc : using (id=)
09-05 02:15:19.560  3146  3146 I gralloc : xres         = 1440 px
09-05 02:15:19.560  3146  3146 I gralloc : yres         = 2960 px
09-05 02:15:19.560  3146  3146 I gralloc : width        = 70 mm (522.514282 dpi)
09-05 02:15:19.560  3146  3146 I gralloc : height       = 143 mm (525.762268 dpi)
09-05 02:15:19.560  3146  3146 I gralloc : refresh rate = 60.00 Hz
09-05 02:15:19.574  3167  3167 I         : sMaxFastTracks = 8
09-05 02:15:19.574  3167  3167 I audioserver: ServiceManager: 0xf6719440
09-05 02:15:19.575  3167  3167 W BatteryNotifier: batterystats service unavailable!
09-05 02:15:19.575  3167  3167 I AudioFlinger: Using default 3000 mSec as standby time.
09-05 02:15:19.575  3167  3167 I AudioPolicyService: AudioPolicyService CSTOR in new mode
09-05 02:15:19.576  3167  3167 W APM::ConfigParsingUtils: loadOutput() invalid supported devices
09-05 02:15:19.576  3167  3167 W APM::ConfigParsingUtils: loadInput() invalid supported devices
09-05 02:15:19.576  3167  3167 W APM::ConfigParsingUtils: loadInput() invalid supported devices
09-05 02:15:19.576  3167  3167 I APM::ConfigParsingUtils: loadAudioPolicyConfig() loaded /system/etc/audio_policy.conf
09-05 02:15:19.579  3137  3137 I TeeMcDaemon: * loading /system/app/mcRegistry/ffffffffd00000000000000000000016.tlbin [hardware/samsung_slsi/exynos8895/mobicore_kinibi400/Daemon/src/MobiCoreDriverDaemon.cpp:323]
09-05 02:15:19.582  3146  3146 W hwcomposer: invalid refresh rate, assuming 60 Hz
09-05 02:15:19.582  3146  3146 D hwcomposer: using
09-05 02:15:19.582  3146  3146 D hwcomposer: xres         = 1440 px
09-05 02:15:19.582  3146  3146 D hwcomposer: yres         = 2960 px
09-05 02:15:19.582  3146  3146 D hwcomposer: width        = 70 mm (522.514000 dpi)
09-05 02:15:19.582  3146  3146 D hwcomposer: height       = 143 mm (525.762000 dpi)
09-05 02:15:19.582  3146  3146 D hwcomposer: refresh rate = 60 Hz
09-05 02:15:19.582  3146  3146 I hwcomposer: PSR info devname = /sys/devices/platform/12860000.decon_f/psr_info
09-05 02:15:19.582  3146  3146 I hwcomposer: PSR mode is 2(0: video mode, 1: DP PSR mode, 2: MIPI-DSI command mode)
09-05 02:15:19.582  3146  3146 I SurfaceFlinger: Using composer version 1.4
09-05 02:15:19.582  3146  3146 E display : unknown display attribute 6
09-05 02:15:19.582  3146  3146 I SurfaceFlinger: EGL information:
09-05 02:15:19.582  3146  3146 I SurfaceFlinger: vendor    : Android
09-05 02:15:19.582  3146  3146 I SurfaceFlinger: version   : 1.4 Android META-EGL
09-05 02:15:19.582  3146  3146 I SurfaceFlinger: extensions: EGL_KHR_get_all_proc_addresses EGL_ANDROID_presentation_time EGL_KHR_swap_buffers_with_damage EGL_ANDROID_create_native_client_buffer EGL_ANDROID_front_buffer_auto_refresh EGL_KHR_image EGL_KHR_image_base EGL_KHR_gl_texture_2D_image EGL_KHR_gl_texture_cubemap_image EGL_KHR_gl_renderbuffer_image EGL_KHR_fence_sync EGL_KHR_create_context EGL_KHR_config_attribs EGL_KHR_surfaceless_context EGL_EXT_create_context_robustness EGL_ANDROID_image_native_buffer EGL_KHR_wait_sync EGL_ANDROID_recordable EGL_KHR_partial_update EGL_KHR_mutable_render_buffer EGL_EXT_protected_content 
09-05 02:15:19.582  3146  3146 I SurfaceFlinger: Client API: OpenGL_ES
09-05 02:15:19.582  3146  3146 I SurfaceFlinger: EGLSurface: 8-8-8-8, config=0x7fa4269138
09-05 02:15:19.591  3173  3173 V MediaUtils: physMem: 3645837312
09-05 02:15:19.591  3173  3173 V MediaUtils: requested limit: 729167460
09-05 02:15:19.591  3173  3173 V MediaUtils: actual limit: 729167460
09-05 02:15:19.591  3173  3173 V MediaUtils: original limits: 4294967295/4294967295
09-05 02:15:19.591  3173  3173 V MediaUtils: new limits: 729167460/4294967295
09-05 02:15:19.592  3173  3173 W /system/bin/mediaextractor: libminijail: allowing syscall: clock_gettime
09-05 02:15:19.592  3173  3173 W /system/bin/mediaextractor: libminijail: allowing syscall: connect
09-05 02:15:19.592  3173  3173 W /system/bin/mediaextractor: libminijail: allowing syscall: fcntl64
09-05 02:15:19.592  3173  3173 W /system/bin/mediaextractor: libminijail: allowing syscall: socket
09-05 02:15:19.592  3173  3173 W /system/bin/mediaextractor: libminijail: allowing syscall: writev
09-05 02:15:19.592  3173  3173 W /system/bin/mediaextractor: libminijail: logging seccomp filter failures
09-05 02:15:19.592  3146  3146 I SurfaceFlinger: OpenGL ES informations:
09-05 02:15:19.593  3146  3146 I SurfaceFlinger: vendor    : ARM
09-05 02:15:19.593  3146  3146 I SurfaceFlinger: renderer  : Mali-G71
09-05 02:15:19.593  3146  3146 I SurfaceFlinger: version   : OpenGL ES 3.2 v1.r3p0-00rel0.52a2c5ce14e045eb8b9074c171442f91
09-05 02:15:19.593  3146  3146 I SurfaceFlinger: extensions: GL_EXT_debug_marker GL_ARM_rgba8 GL_ARM_mali_shader_binary GL_OES_depth24 GL_OES_depth_texture GL_OES_depth_texture_cube_map GL_OES_packed_depth_stencil GL_OES_rgb8_rgba8 GL_EXT_read_format_bgra GL_OES_compressed_paletted_texture GL_OES_compressed_ETC1_RGB8_texture GL_OES_standard_derivatives GL_OES_EGL_image GL_OES_EGL_image_external GL_OES_EGL_image_external_essl3 GL_OES_EGL_sync GL_OES_texture_npot GL_OES_vertex_half_float GL_OES_required_internalformat GL_OES_vertex_array_object GL_OES_mapbuffer GL_EXT_texture_format_BGRA8888 GL_EXT_texture_rg GL_EXT_texture_type_2_10_10_10_REV GL_OES_fbo_render_mipmap GL_OES_element_index_uint GL_EXT_shadow_samplers GL_OES_texture_compression_astc GL_KHR_texture_compression_astc_ldr GL_KHR_texture_compression_astc_hdr GL_KHR_texture_compression_astc_sliced_3d GL_KHR_debug GL_EXT_occlusion_query_boolean GL_EXT_disjoint_timer_query GL_EXT_blend_minmax GL_EXT_discard_framebuffer GL_OES_get_program_binary GL_OES_texture_3D GL_EXT_texture_storage GL_EXT_multisamp
09-05 02:15:19.593  3146  3146 I SurfaceFlinger: GL_MAX_TEXTURE_SIZE = 16384
09-05 02:15:19.593  3146  3146 I SurfaceFlinger: GL_MAX_VIEWPORT_DIMS = 16384
09-05 02:15:19.594  3146  3146 D mali_winsys: EGLint new_window_surface(egl_winsys_display*, void*, EGLSurface, EGLConfig, egl_winsys_surface**, egl_color_buffer_format*, EGLBoolean) returns 0x3000,  [1440x2960]-format:1
09-05 02:15:19.631  3172  3172 I mediaserver: ServiceManager: 0xf65994a0
09-05 02:15:19.636  3174  3174 I mediaserver: ServiceManager: 0xf65194a0
09-05 02:15:19.636  3174  3174 W BatteryNotifier: batterystats service unavailable!
09-05 02:15:19.639  3075  3075 W auditd  : type=1325 audit(0.0:19): table=filter family=2 entries=4
09-05 02:15:19.639  3075  3075 W auditd  : type=1320 audit(0.0:19): 
09-05 02:15:19.647  3164  3164 D gpsd    : WakeLock(Release,GPSD)
09-05 02:15:19.648  3163  3163 D lhd     : OnIpcConnect
09-05 02:15:19.653  3164  3164 D gpsd    : WakeLock(Release,SUPL)
09-05 02:15:19.653  3160  3160 I cameraserver: ServiceManager: 0xf6419440
09-05 02:15:19.653  3160  3160 I CameraService: CameraService started (pid=3160)
09-05 02:15:19.653  3160  3160 I CameraService: CameraService process starting
09-05 02:15:19.653  3160  3160 W BatteryNotifier: batterystats service unavailable!
09-05 02:15:19.654  3164  3164 I gpsd_d  : GNSS: 282637
09-05 02:15:19.654  3164  3164 I gpsd_d  : CustomerModule::Create chip info "Broadcom,BCM4774,282637" written into /data/system/gps//chip.info
09-05 02:15:19.654  3164  3164 D wrapperGPS: wrapperOpenClient_RILD
09-05 02:15:19.654  3164  3164 E wrapperGPS: wrapperOpenClient_RILD: RegisterUnsolicitedHandler() UNSOL_GPS_NOTI (11009)
09-05 02:15:19.654  3164  3164 D wrapperGPS: wrapperRegisterRequestCompleteHandler
09-05 02:15:19.654  3164  3164 D wrapperGPS: wrapperRegisterUnsolicitedHandler id(12009), handler(0x118ba6d30)
09-05 02:15:19.654  3164  3164 D wrapperGPS: wrapperRegisterErrorCallback
09-05 02:15:19.654  3164  3164 D wrapperGPS: wrapperConnect_RILD
09-05 02:15:19.654  3160  3160 W BatteryNotifier: batterystats service unavailable!
09-05 02:15:19.654  3160  3160 E CameraService: Could not load camera HAL module: -2 (No such file or directory)
09-05 02:15:19.659  3075  3075 W auditd  : type=1325 audit(0.0:20): table=filter family=10 entries=4
09-05 02:15:19.659  3075  3075 W auditd  : type=1320 audit(0.0:20): 
09-05 02:15:19.671  3075  3075 W auditd  : type=1325 audit(0.0:21): table=filter family=2 entries=6
09-05 02:15:19.671  3075  3075 W auditd  : type=1320 audit(0.0:21): 
09-05 02:15:19.687  3075  3075 W auditd  : type=1325 audit(0.0:22): table=filter family=10 entries=6
09-05 02:15:19.687  3075  3075 W auditd  : type=1320 audit(0.0:22): 
--------- beginning of crash
09-05 02:15:19.697  3166  3166 F libc    : Fatal signal 11 (SIGSEGV), code 1, fault addr 0x0 in tid 3166 (app_process32)
09-05 02:15:19.697  3065  3065 W         : debuggerd: handling request: pid=3166 uid=0 gid=0 tid=3166
09-05 02:15:19.706  3137  3192 I TeeMcDaemon: TEEC_Result Partition::open(): Open storage file "/efs/TEE/Store_1.tf" [hardware/samsung_slsi/exynos8895/mobicore_kinibi400/Daemon/src/FSD2.cpp:157]
09-05 02:15:19.707  3137  3192 I TeeMcDaemon: TEEC_Result Partition::open(): storage file "/efs/TEE/Store_1.tf" successfully open (size: 23 KB / 23552 B)) [hardware/samsung_slsi/exynos8895/mobicore_kinibi400/Daemon/src/FSD2.cpp:166]
09-05 02:15:19.708  3256  3256 E         : debuggerd: Unable to connect to activity manager (connect failed: No such file or directory)
09-05 02:15:19.711  3216  3216 I rild    : type=1400 audit(0.0:23): avc: denied { dac_read_search } for capability=2 scontext=u:r:rild:s0 tcontext=u:r:rild:s0 tclass=capability permissive=1
09-05 02:15:19.711  3216  3216 W rild    : type=1300 audit(0.0:23): arch=c00000b7 syscall=79 success=no exit=-2 a0=ffffff9c a1=7fa6226180 a2=7fa54f6348 a3=0 items=0 ppid=1 auid=4294967295 uid=1001 gid=1001 euid=1001 suid=1001 fsuid=1001 egid=1001 sgid=1001 fsgid=1001 tty=(none) ses=4294967295 exe="/system/bin/rild" subj=u:r:rild:s0 key=(null)
09-05 02:15:19.711  3075  3075 W auditd  : type=1327 audit(0.0:23): proctitle="/system/bin/rild"
09-05 02:15:19.711  3075  3075 W auditd  : type=1320 audit(0.0:23): 
09-05 02:15:19.723  3137  3137 I mcDriverDaemon: type=1400 audit(0.0:24): avc: denied { read } for name="t-base-tui" dev="tmpfs" ino=19932 scontext=u:r:tee:s0 tcontext=u:object_r:device:s0 tclass=chr_file permissive=1
09-05 02:15:19.723  3137  3137 I mcDriverDaemon: type=1400 audit(0.0:24): avc: denied { open } for path="/dev/t-base-tui" dev="tmpfs" ino=19932 scontext=u:r:tee:s0 tcontext=u:object_r:device:s0 tclass=chr_file permissive=1
09-05 02:15:19.723  3137  3137 W mcDriverDaemon: type=1300 audit(0.0:24): arch=c00000b7 syscall=56 success=yes exit=9 a0=ffffff9c a1=4a89cb a2=0 a3=0 items=0 ppid=1 auid=4294967295 uid=1000 gid=1000 euid=1000 suid=1000 fsuid=1000 egid=1000 sgid=1000 fsgid=1000 tty=(none) ses=4294967295 exe="/system/bin/mcDriverDaemon" subj=u:r:tee:s0 key=(null)
09-05 02:15:19.723  3075  3075 W auditd  : type=1327 audit(0.0:24): proctitle=2F73797374656D2F62696E2F6D634472697665724461656D6F6E002D72002F73797374656D2F6170702F46464646464646463030303030303030303030303030303030303030303030312E647262696E002D72002F73797374656D2F6170702F6D6352656769737472792F666666666666666664303030303030303030303030
09-05 02:15:19.723  3075  3075 W auditd  : type=1320 audit(0.0:24): 
09-05 02:15:19.723  3137  3137 I mcDriverDaemon: type=1400 audit(0.0:25): avc: denied { ioctl } for path="/dev/t-base-tui" dev="tmpfs" ino=19932 ioctlcmd=7404 scontext=u:r:tee:s0 tcontext=u:object_r:device:s0 tclass=chr_file permissive=1
09-05 02:15:19.723  3137  3137 W mcDriverDaemon: type=1300 audit(0.0:25): arch=c00000b7 syscall=29 success=yes exit=0 a0=9 a1=7404 a2=0 a3=0 items=0 ppid=1 auid=4294967295 uid=1000 gid=1000 euid=1000 suid=1000 fsuid=1000 egid=1000 sgid=1000 fsgid=1000 tty=(none) ses=4294967295 exe="/system/bin/mcDriverDaemon" subj=u:r:tee:s0 key=(null)
09-05 02:15:19.723  3075  3075 W auditd  : type=1327 audit(0.0:25): proctitle=2F73797374656D2F62696E2F6D634472697665724461656D6F6E002D72002F73797374656D2F6170702F46464646464646463030303030303030303030303030303030303030303030312E647262696E002D72002F73797374656D2F6170702F6D6352656769737472792F666666666666666664303030303030303030303030
09-05 02:15:19.723  3075  3075 W auditd  : type=1320 audit(0.0:25): 
09-05 02:15:19.728  3137  3137 I TeeMcDaemon: Daemon running [hardware/samsung_slsi/exynos8895/mobicore_kinibi400/Daemon/src/MobiCoreDriverDaemon.cpp:342]
09-05 02:15:19.731  3075  3075 W auditd  : type=1325 audit(0.0:26): table=filter family=2 entries=7
09-05 02:15:19.731  3075  3075 W auditd  : type=1320 audit(0.0:26): 
09-05 02:15:19.735  3075  3075 W auditd  : type=1325 audit(0.0:27): table=filter family=10 entries=7
09-05 02:15:19.735  3075  3075 W auditd  : type=1320 audit(0.0:27): 
09-05 02:15:19.739  3075  3075 W auditd  : type=1325 audit(0.0:28): table=filter family=2 entries=9
09-05 02:15:19.739  3075  3075 W auditd  : type=1320 audit(0.0:28): 
09-05 02:15:19.743  3075  3075 W auditd  : type=1325 audit(0.0:29): table=filter family=10 entries=9
09-05 02:15:19.743  3075  3075 W auditd  : type=1320 audit(0.0:29): 
09-05 02:15:19.759  3256  3256 F DEBUG   : *** *** *** *** *** *** *** *** *** *** *** *** *** *** *** ***
09-05 02:15:19.759  3256  3256 F DEBUG   : LineageOS Version: '14.1-20170905-UNOFFICIAL-dream2lte'
09-05 02:15:19.759  3256  3256 F DEBUG   : Build fingerprint: 'samsung/dream2ltexx/dream2lte:7.0/NRD90M/G955FXXU1AQH3:user/release-keys'
09-05 02:15:19.759  3256  3256 F DEBUG   : Revision: '0'
09-05 02:15:19.759  3256  3256 F DEBUG   : ABI: 'arm'
09-05 02:15:19.760  3256  3256 F DEBUG   : pid: 3166, tid: 3166, name: app_process32  >>> /system/bin/app_process32 <<<
09-05 02:15:19.760  3256  3256 F DEBUG   : signal 11 (SIGSEGV), code 1 (SEGV_MAPERR), fault addr 0x0
09-05 02:15:19.760  3256  3256 F DEBUG   :     r0 00000000  r1 00000000  r2 00000000  r3 f7515600
09-05 02:15:19.760  3256  3256 F DEBUG   :     r4 ffe425c8  r5 54eef81d  r6 00000000  r7 54eef81d
09-05 02:15:19.760  3256  3256 F DEBUG   :     r8 ffe42594  r9 00000000  sl ffe425cc  fp f74a61d0
09-05 02:15:19.760  3256  3256 F DEBUG   :     ip 00000001  sp ffe42558  lr f74b5c1b  pc f74b5c96  cpsr 400b0030
09-05 02:15:19.765  3256  3256 F DEBUG   : 
09-05 02:15:19.765  3256  3256 F DEBUG   : backtrace:
09-05 02:15:19.765  3256  3256 F DEBUG   :     #00 pc 00003c96  /system/bin/linker (__dl__ZNK6soinfo10gnu_lookupER10SymbolNamePK12version_infoPj+93)
09-05 02:15:19.765  3256  3256 F DEBUG   :     #01 pc 00003c17  /system/bin/linker (__dl__ZNK6soinfo19find_symbol_by_nameER10SymbolNamePK12version_infoPPK9elf32_sym+34)
09-05 02:15:19.765  3256  3256 F DEBUG   :     #02 pc 00004577  /system/bin/linker (__dl__Z16soinfo_do_lookupP6soinfoPKcPK12version_infoPS0_RK10LinkedListIS_19SoinfoListAllocatorESB_PPK9elf32_sym+506)
09-05 02:15:19.765  3256  3256 F DEBUG   :     #03 pc 00008731  /system/bin/linker (__dl__ZN6soinfo8relocateI20plain_reloc_iteratorEEbRK14VersionTrackerOT_RK10LinkedListIS_19SoinfoListAllocatorESB_+256)
09-05 02:15:19.765  3256  3256 F DEBUG   :     #04 pc 00007b95  /system/bin/linker (__dl__ZN6soinfo10link_imageERK10LinkedListIS_19SoinfoListAllocatorES4_PK17android_dlextinfo+1052)
09-05 02:15:19.765  3256  3256 F DEBUG   :     #05 pc 0000ab7b  /system/bin/linker (__dl__ZL14find_librariesP19android_namespace_tP6soinfoPKPKcjPS2_PNSt3__16vectorIS2_NS8_9allocatorIS2_EEEEjiPK17android_dlextinfob+2218)
09-05 02:15:19.765  3256  3256 F DEBUG   :     #06 pc 00009c2b  /system/bin/linker (__dl__ZL29__linker_init_post_relocationR19KernelArgumentBlockj+3122)
09-05 02:15:19.765  3256  3256 F DEBUG   :     #07 pc 00008f63  /system/bin/linker (__dl___linker_init+358)
09-05 02:15:19.765  3256  3256 F DEBUG   :     #08 pc 000027c0  /system/bin/linker (_start+4)
09-05 02:15:19.775  3075  3075 W auditd  : type=1325 audit(0.0:30): table=filter family=2 entries=10
09-05 02:15:19.775  3075  3075 W auditd  : type=1320 audit(0.0:30): 
09-05 02:15:19.779  3075  3075 W auditd  : type=1325 audit(0.0:31): table=filter family=10 entries=10
09-05 02:15:19.779  3075  3075 W auditd  : type=1320 audit(0.0:31): 
09-05 02:15:19.783  3075  3075 W auditd  : type=1325 audit(0.0:32): table=filter family=2 entries=12
09-05 02:15:19.783  3075  3075 W auditd  : type=1320 audit(0.0:32): 
09-05 02:15:19.785  3162  3162 V wifiloader: /proc/deferred_initcalls=0
09-05 02:15:19.785  3162  3162 V wifiloader: 
09-05 02:15:19.787  3075  3075 W auditd  : type=1325 audit(0.0:33): table=filter family=10 entries=12
09-05 02:15:19.838  3065  3065 W         : debuggerd: resuming target 3166
09-05 02:15:19.844  3145  3145 I ServiceManager: service 'media.camera' died
09-05 02:15:19.844  3145  3145 I ServiceManager: service 'media.player' died
09-05 02:15:19.844  3145  3145 I ServiceManager: service 'media.resource_manager' died
09-05 02:15:19.844  3145  3145 I ServiceManager: service 'media.audio_flinger' died
09-05 02:15:20.512  3146  3146 D SurfaceFlinger: SF. shader cache generated - 26 shaders in 899.494690 ms
09-05 02:15:20.515  3146  3146 D SurfaceFlinger: Set power mode=2, type=0 flinger=0x7fa4248000
09-05 02:15:20.654  3164  3164 D wrapperGPS: wrapperConnect_RILD
09-05 02:15:20.739  3329  3336 D libEGL  : loaded /vendor/lib64/egl/libGLES_mali.so
09-05 02:15:20.749  3329  3336 D mali_winsys: EGLint new_window_surface(egl_winsys_display*, void*, EGLSurface, EGLConfig, egl_winsys_surface**, egl_color_buffer_format*, EGLBoolean) returns 0x3000,  [1440x2960]-format:2
09-05 02:15:20.823  3336  3336 I BootAnimation: type=1400 audit(0.0:39): avc: denied { read write } for name="fimg2d" dev="tmpfs" ino=19865 scontext=u:r:bootanim:s0 tcontext=u:object_r:device:s0 tclass=chr_file permissive=1
09-05 02:15:20.823  3336  3336 I BootAnimation: type=1400 audit(0.0:39): avc: denied { open } for path="/dev/fimg2d" dev="tmpfs" ino=19865 scontext=u:r:bootanim:s0 tcontext=u:object_r:device:s0 tclass=chr_file permissive=1
09-05 02:15:20.823  3336  3336 W BootAnimation: type=1300 audit(0.0:39): arch=c00000b7 syscall=56 success=yes exit=14 a0=ffffff9c a1=7fb310c703 a2=2 a3=0 items=0 ppid=1 auid=4294967295 uid=1003 gid=1003 euid=1003 suid=1003 fsuid=1003 egid=1003 sgid=1003 fsgid=1003 tty=(none) ses=4294967295 exe="/system/bin/bootanimation" subj=u:r:bootanim:s0 key=(null)
09-05 02:15:20.823  3075  3075 W auditd  : type=1327 audit(0.0:39): proctitle="/system/bin/bootanimation"
09-05 02:15:20.823  3075  3075 W auditd  : type=1320 audit(0.0:39): 
09-05 02:15:20.823  3336  3336 I BootAnimation: type=1400 audit(0.0:40): avc: denied { ioctl } for path="/dev/fimg2d" dev="tmpfs" ino=19865 ioctlcmd=4d04 scontext=u:r:bootanim:s0 tcontext=u:object_r:device:s0 tclass=chr_file permissive=1
09-05 02:15:20.823  3336  3336 W BootAnimation: type=1300 audit(0.0:40): arch=c00000b7 syscall=29 success=yes exit=0 a0=f a1=c1104d04 a2=7faf10d2b0 a3=0 items=0 ppid=1 auid=4294967295 uid=1003 gid=1003 euid=1003 suid=1003 fsuid=1003 egid=1003 sgid=1003 fsgid=1003 tty=(none) ses=4294967295 exe="/system/bin/bootanimation" subj=u:r:bootanim:s0 key=(null)
09-05 02:15:20.823  3075  3075 W auditd  : type=1327 audit(0.0:40): proctitle="/system/bin/bootanimation"
09-05 02:15:20.823  3075  3075 W auditd  : type=1320 audit(0.0:40): 
09-05 02:15:21.655  3164  3164 D wrapperGPS: wrapperConnect_RILD
09-05 02:15:22.531  3365  3365 I Netd    : Netd 1.0 starting
09-05 02:15:22.531  3365  3365 D TetherController: Setting IP forward enable = 0
09-05 02:15:22.533  3365  3365 I QtiConnectivityAdapter: Failed to open libconnctrl, some features may not be present.
09-05 02:15:22.533  3365  3365 E         : Failed to open libdatactrl, some features may not be present.
09-05 02:15:22.533  3365  3365 E         : Failed to open libcsm_data, some features may not be present.
09-05 02:15:22.535  3075  3075 W auditd  : type=1325 audit(0.0:41): table=filter family=2 entries=16
09-05 02:15:22.535  3075  3075 W auditd  : type=1320 audit(0.0:41): 
09-05 02:15:22.543  3075  3075 W auditd  : type=1325 audit(0.0:42): table=filter family=10 entries=16
09-05 02:15:22.543  3075  3075 W auditd  : type=1320 audit(0.0:42): 
09-05 02:15:22.547  3075  3075 W auditd  : type=1325 audit(0.0:43): table=filter family=2 entries=15
09-05 02:15:22.547  3075  3075 W auditd  : type=1320 audit(0.0:43): 
09-05 02:15:22.559  3075  3075 W auditd  : type=1325 audit(0.0:44): table=filter family=10 entries=15
09-05 02:15:22.559  3075  3075 W auditd  : type=1320 audit(0.0:44): 
09-05 02:15:22.563  3075  3075 W auditd  : type=1325 audit(0.0:45): table=filter family=2 entries=15
09-05 02:15:22.563  3075  3075 W auditd  : type=1320 audit(0.0:45): 
09-05 02:15:22.573  3360  3360 I cameraserver: ServiceManager: 0xf6699440
09-05 02:15:22.573  3360  3360 I CameraService: CameraService started (pid=3360)
09-05 02:15:22.573  3360  3360 I CameraService: CameraService process starting
09-05 02:15:22.574  3360  3360 W BatteryNotifier: batterystats service unavailable!
09-05 02:15:22.574  3360  3360 W BatteryNotifier: batterystats service unavailable!
09-05 02:15:22.574  3360  3360 E CameraService: Could not load camera HAL module: -2 (No such file or directory)
09-05 02:15:22.575  3075  3075 W auditd  : type=1325 audit(0.0:46): table=filter family=10 entries=15
09-05 02:15:22.575  3075  3075 W auditd  : type=1320 audit(0.0:46): 
09-05 02:15:22.579  3075  3075 W auditd  : type=1325 audit(0.0:47): table=filter family=2 entries=13
09-05 02:15:22.579  3075  3075 W auditd  : type=1320 audit(0.0:47): 
09-05 02:15:22.591  3075  3075 W auditd  : type=1325 audit(0.0:48): table=filter family=10 entries=13
09-05 02:15:22.591  3075  3075 W auditd  : type=1320 audit(0.0:48): 
09-05 02:15:22.595  3075  3075 W auditd  : type=1325 audit(0.0:49): table=filter family=2 entries=15
09-05 02:15:22.595  3075  3075 W auditd  : type=1320 audit(0.0:49): 
09-05 02:15:22.607  3075  3075 W auditd  : type=1325 audit(0.0:50): table=filter family=10 entries=15
09-05 02:15:22.607  3075  3075 W auditd  : type=1320 audit(0.0:50): 
09-05 02:15:22.613  3364  3364 I mediaserver: ServiceManager: 0xf5f194a0
09-05 02:15:22.613  3364  3364 W BatteryNotifier: batterystats service unavailable!
09-05 02:15:22.615  3075  3075 W auditd  : type=1325 audit(0.0:51): table=filter family=2 entries=16
09-05 02:15:22.615  3075  3075 W auditd  : type=1320 audit(0.0:51): 
09-05 02:15:22.621  3363  3363 I         : sMaxFastTracks = 8
09-05 02:15:22.622  3363  3363 I audioserver: ServiceManager: 0xf6419440
09-05 02:15:22.622  3363  3363 W BatteryNotifier: batterystats service unavailable!
09-05 02:15:22.622  3363  3363 I AudioFlinger: Using default 3000 mSec as standby time.
09-05 02:15:22.623  3075  3075 W auditd  : type=1325 audit(0.0:52): table=filter family=10 entries=16
09-05 02:15:22.623  3075  3075 W auditd  : type=1320 audit(0.0:52): 
09-05 02:15:22.623  3363  3363 I AudioPolicyService: AudioPolicyService CSTOR in new mode
09-05 02:15:22.623  3363  3363 W APM::ConfigParsingUtils: loadOutput() invalid supported devices
09-05 02:15:22.623  3363  3363 W APM::ConfigParsingUtils: loadInput() invalid supported devices
09-05 02:15:22.623  3363  3363 W APM::ConfigParsingUtils: loadInput() invalid supported devices
09-05 02:15:22.623  3363  3363 I APM::ConfigParsingUtils: loadAudioPolicyConfig() loaded /system/etc/audio_policy.conf
09-05 02:15:22.631  3075  3075 W auditd  : type=1325 audit(0.0:53): table=filter family=2 entries=15
09-05 02:15:22.631  3075  3075 W auditd  : type=1320 audit(0.0:53): 
09-05 02:15:22.635  3075  3075 W auditd  : type=1325 audit(0.0:54): table=filter family=10 entries=15
09-05 02:15:22.635  3075  3075 W auditd  : type=1320 audit(0.0:54): 
09-05 02:15:22.643  3075  3075 W auditd  : type=1325 audit(0.0:55): table=filter family=2 entries=15
09-05 02:15:22.643  3075  3075 W auditd  : type=1320 audit(0.0:55): 
09-05 02:15:22.655  3075  3075 W auditd  : type=1325 audit(0.0:56): table=filter family=10 entries=15
09-05 02:15:22.655  3164  3164 D wrapperGPS: wrapperConnect_RILD
09-05 02:15:22.782  3361  3361 D AndroidRuntime: >>>>>> START com.android.internal.os.ZygoteInit uid 0 <<<<<<
09-05 02:15:22.793  3361  3361 D AndroidRuntime: CheckJNI is ON
09-05 02:15:22.799  3361  3361 I art     : option[0]=-Xzygote
09-05 02:15:22.799  3361  3361 I art     : option[1]=-Xcheck:jni
09-05 02:15:22.799  3361  3361 I art     : option[2]=-Xstacktracefile:/data/anr/traces.txt
09-05 02:15:22.799  3361  3361 I art     : option[3]=exit
09-05 02:15:22.799  3361  3361 I art     : option[4]=vfprintf
09-05 02:15:22.799  3361  3361 I art     : option[5]=sensitiveThread
09-05 02:15:22.799  3361  3361 I art     : option[6]=-verbose:gc
09-05 02:15:22.799  3361  3361 I art     : option[7]=-Xms8m
09-05 02:15:22.799  3361  3361 I art     : option[8]=-Xmx512m
09-05 02:15:22.799  3361  3361 I art     : option[9]=-XX:HeapGrowthLimit=256m
09-05 02:15:22.799  3361  3361 I art     : option[10]=-XX:HeapMinFree=2m
09-05 02:15:22.799  3361  3361 I art     : option[11]=-XX:HeapMaxFree=8m
09-05 02:15:22.799  3361  3361 I art     : option[12]=-XX:HeapTargetUtilization=0.75
09-05 02:15:22.799  3361  3361 I art     : option[13]=-Xusejit:true
09-05 02:15:22.799  3361  3361 I art     : option[14]=-Xjitsaveprofilinginfo
09-05 02:15:22.799  3361  3361 I art     : option[15]=-agentlib:jdwp=transport=dt_android_adb,suspend=n,server=y
09-05 02:15:22.799  3361  3361 I art     : option[16]=-Xlockprofthreshold:500
09-05 02:15:22.799  3361  3361 I art     : option[17]=-Ximage-compiler-option
09-05 02:15:22.799  3361  3361 I art     : option[18]=--runtime-arg
09-05 02:15:22.799  3361  3361 I art     : option[19]=-Ximage-compiler-option
09-05 02:15:22.799  3361  3361 I art     : option[20]=-Xms64m
09-05 02:15:22.799  3361  3361 I art     : option[21]=-Ximage-compiler-option
09-05 02:15:22.799  3361  3361 I art     : option[22]=--runtime-arg
09-05 02:15:22.799  3361  3361 I art     : option[23]=-Ximage-compiler-option
09-05 02:15:22.799  3361  3361 I art     : option[24]=-Xmx64m
09-05 02:15:22.799  3361  3361 I art     : option[25]=-Ximage-compiler-option
09-05 02:15:22.799  3361  3361 I art     : option[26]=--compiler-filter=verify-at-runtime
09-05 02:15:22.799  3361  3361 I art     : option[27]=-Ximage-compiler-option
09-05 02:15:22.800  3361  3361 I art     : option[28]=--image-classes=/system/etc/preloaded-classes
09-05 02:15:22.800  3361  3361 I art     : option[29]=-Ximage-compiler-option
09-05 02:15:22.800  3361  3361 I art     : option[30]=--compiled-classes=/system/etc/compiled-classes
09-05 02:15:22.800  3361  3361 I art     : option[31]=-Xcompiler-option
09-05 02:15:22.800  3361  3361 I art     : option[32]=--runtime-arg
09-05 02:15:22.800  3361  3361 I art     : option[33]=-Xcompiler-option
09-05 02:15:22.800  3361  3361 I art     : option[34]=-Xms64m
09-05 02:15:22.800  3361  3361 I art     : option[35]=-Xcompiler-option
09-05 02:15:22.800  3361  3361 I art     : option[36]=--runtime-arg
09-05 02:15:22.800  3361  3361 I art     : option[37]=-Xcompiler-option
09-05 02:15:22.800  3361  3361 I art     : option[38]=-Xmx512m
09-05 02:15:22.800  3361  3361 I art     : option[39]=-Ximage-compiler-option
09-05 02:15:22.800  3361  3361 I art     : option[40]=--instruction-set-variant=generic
09-05 02:15:22.800  3361  3361 I art     : option[41]=-Xcompiler-option
09-05 02:15:22.800  3361  3361 I art     : option[42]=--instruction-set-variant=generic
09-05 02:15:22.800  3361  3361 I art     : option[43]=-Ximage-compiler-option
09-05 02:15:22.800  3361  3361 I art     : option[44]=--instruction-set-features=default
09-05 02:15:22.800  3361  3361 I art     : option[45]=-Xcompiler-option
09-05 02:15:22.800  3361  3361 I art     : option[46]=--instruction-set-features=default
09-05 02:15:22.800  3361  3361 I art     : option[47]=-Duser.locale=en-US
09-05 02:15:22.800  3361  3361 I art     : option[48]=--cpu-abilist=arm64-v8a
09-05 02:15:22.800  3361  3361 I art     : option[49]=-Xfingerprint:samsung/dream2ltexx/dream2lte:7.0/NRD90M/G955FXXU1AQH3:user/release-keys
09-05 02:15:22.848  3361  3361 I art     : Pruning dalvik-cache since we are generating an image and will need to recompile
09-05 02:15:22.848  3361  3361 I art     : Using an offset of 0xffe57000 from default art base address of 0x70000000
09-05 02:15:22.848  3361  3361 I art     : GenerateImage: /system/bin/dex2oat --image=/data/dalvik-cache/arm64/system@framework@boot.art --dex-file=/system/framework/core-oj.jar --dex-file=/system/framework/core-libart.jar --dex-file=/system/framework/conscrypt.jar --dex-file=/system/framework/okhttp.jar --dex-file=/system/framework/core-junit.jar --dex-file=/system/framework/bouncycastle.jar --dex-file=/system/framework/ext.jar --dex-file=/system/framework/framework.jar --dex-file=/system/framework/telephony-common.jar --dex-file=/system/framework/voip-common.jar --dex-file=/system/framework/ims-common.jar --dex-file=/system/framework/apache-xml.jar --dex-file=/system/framework/org.apache.http.legacy.boot.jar --dex-file=/system/framework/telephony-ext.jar --oat-file=/data/dalvik-cache/arm64/system@framework@boot.oat --instruction-set=arm64 --instruction-set-features=smp,a53 --base=0x6fe57000 --runtime-arg -Xms64m --runtime-arg -Xmx64m --compiler-filter=verify-at-runtime --image-classes=/system/etc/preloaded-classes --compiled-classes=/system/etc/com
09-05 02:15:22.893  3414  3414 I dex2oat : /system/bin/dex2oat --image=/data/dalvik-cache/arm64/system@framework@boot.art --dex-file=/system/framework/core-oj.jar --dex-file=/system/framework/core-libart.jar --dex-file=/system/framework/conscrypt.jar --dex-file=/system/framework/okhttp.jar --dex-file=/system/framework/core-junit.jar --dex-file=/system/framework/bouncycastle.jar --dex-file=/system/framework/ext.jar --dex-file=/system/framework/framework.jar --dex-file=/system/framework/telephony-common.jar --dex-file=/system/framework/voip-common.jar --dex-file=/system/framework/ims-common.jar --dex-file=/system/framework/apache-xml.jar --dex-file=/system/framework/org.apache.http.legacy.boot.jar --dex-file=/system/framework/telephony-ext.jar --oat-file=/data/dalvik-cache/arm64/system@framework@boot.oat --instruction-set=arm64 --instruction-set-features=smp,a53 --base=0x6fe57000 --runtime-arg -Xms64m --runtime-arg -Xmx64m --compiler-filter=verify-at-runtime --image-classes=/system/etc/preloaded-classes --compiled-classes=/system/etc/compiled-classes -
09-05 02:15:22.928  3414  3414 I dex2oat : setting boot class path to /system/framework/core-oj.jar:/system/framework/core-libart.jar:/system/framework/conscrypt.jar:/system/framework/okhttp.jar:/system/framework/core-junit.jar:/system/framework/bouncycastle.jar:/system/framework/ext.jar:/system/framework/framework.jar:/system/framework/telephony-common.jar:/system/framework/voip-common.jar:/system/framework/ims-common.jar:/system/framework/apache-xml.jar:/system/framework/org.apache.http.legacy.boot.jar:/system/framework/telephony-ext.jar
09-05 02:15:23.005  3362  3362 D AndroidRuntime: >>>>>> START com.android.internal.os.ZygoteInit uid 0 <<<<<<
09-05 02:15:23.007  3362  3362 D AndroidRuntime: CheckJNI is ON
09-05 02:15:23.008  3362  3362 I art     : option[0]=-Xzygote
09-05 02:15:23.008  3362  3362 I art     : option[1]=-Xcheck:jni
09-05 02:15:23.008  3362  3362 I art     : option[2]=-Xstacktracefile:/data/anr/traces.txt
09-05 02:15:23.008  3362  3362 I art     : option[3]=exit
09-05 02:15:23.008  3362  3362 I art     : option[4]=vfprintf
09-05 02:15:23.008  3362  3362 I art     : option[5]=sensitiveThread
09-05 02:15:23.008  3362  3362 I art     : option[6]=-verbose:gc
09-05 02:15:23.008  3362  3362 I art     : option[7]=-Xms8m
09-05 02:15:23.008  3362  3362 I art     : option[8]=-Xmx512m
09-05 02:15:23.008  3362  3362 I art     : option[9]=-XX:HeapGrowthLimit=256m
09-05 02:15:23.008  3362  3362 I art     : option[10]=-XX:HeapMinFree=2m
09-05 02:15:23.008  3362  3362 I art     : option[11]=-XX:HeapMaxFree=8m
09-05 02:15:23.008  3362  3362 I art     : option[12]=-XX:HeapTargetUtilization=0.75
09-05 02:15:23.008  3362  3362 I art     : option[13]=-Xusejit:true
09-05 02:15:23.008  3362  3362 I art     : option[14]=-Xjitsaveprofilinginfo
09-05 02:15:23.008  3362  3362 I art     : option[15]=-agentlib:jdwp=transport=dt_android_adb,suspend=n,server=y
09-05 02:15:23.008  3362  3362 I art     : option[16]=-Xlockprofthreshold:500
09-05 02:15:23.008  3362  3362 I art     : option[17]=-Ximage-compiler-option
09-05 02:15:23.008  3362  3362 I art     : option[18]=--runtime-arg
09-05 02:15:23.008  3362  3362 I art     : option[19]=-Ximage-compiler-option
09-05 02:15:23.008  3362  3362 I art     : option[20]=-Xms64m
09-05 02:15:23.008  3362  3362 I art     : option[21]=-Ximage-compiler-option
09-05 02:15:23.008  3362  3362 I art     : option[22]=--runtime-arg
09-05 02:15:23.008  3362  3362 I art     : option[23]=-Ximage-compiler-option
09-05 02:15:23.008  3362  3362 I art     : option[24]=-Xmx64m
09-05 02:15:23.008  3362  3362 I art     : option[25]=-Ximage-compiler-option
09-05 02:15:23.008  3362  3362 I art     : option[26]=--compiler-filter=verify-at-runtime
09-05 02:15:23.008  3362  3362 I art     : option[27]=-Ximage-compiler-option
09-05 02:15:23.008  3362  3362 I art     : option[28]=--image-classes=/system/etc/preloaded-classes
09-05 02:15:23.008  3362  3362 I art     : option[29]=-Ximage-compiler-option
09-05 02:15:23.008  3362  3362 I art     : option[30]=--compiled-classes=/system/etc/compiled-classes
09-05 02:15:23.008  3362  3362 I art     : option[31]=-Xcompiler-option
09-05 02:15:23.008  3362  3362 I art     : option[32]=--runtime-arg
09-05 02:15:23.008  3362  3362 I art     : option[33]=-Xcompiler-option
09-05 02:15:23.008  3362  3362 I art     : option[34]=-Xms64m
09-05 02:15:23.008  3362  3362 I art     : option[35]=-Xcompiler-option
09-05 02:15:23.008  3362  3362 I art     : option[36]=--runtime-arg
09-05 02:15:23.008  3362  3362 I art     : option[37]=-Xcompiler-option
09-05 02:15:23.008  3362  3362 I art     : option[38]=-Xmx512m
09-05 02:15:23.008  3362  3362 I art     : option[39]=-Ximage-compiler-option
09-05 02:15:23.008  3362  3362 I art     : option[40]=--instruction-set-variant=cortex-a53.a57
09-05 02:15:23.008  3362  3362 I art     : option[41]=-Xcompiler-option
09-05 02:15:23.008  3362  3362 I art     : option[42]=--instruction-set-variant=cortex-a53.a57
09-05 02:15:23.008  3362  3362 I art     : option[43]=-Ximage-compiler-option
09-05 02:15:23.008  3362  3362 I art     : option[44]=--instruction-set-features=default
09-05 02:15:23.008  3362  3362 I art     : option[45]=-Xcompiler-option
09-05 02:15:23.008  3362  3362 I art     : option[46]=--instruction-set-features=default
09-05 02:15:23.008  3362  3362 I art     : option[47]=-Duser.locale=en-US
09-05 02:15:23.008  3362  3362 I art     : option[48]=--cpu-abilist=armeabi-v7a,armeabi
09-05 02:15:23.008  3362  3362 I art     : option[49]=-Xfingerprint:samsung/dream2ltexx/dream2lte:7.0/NRD90M/G955FXXU1AQH3:user/release-keys
