09-12 19:39:39.801  3695  3700 I art     : Compiler allocated 6MB to compile boolean android.app.ApplicationThreadNative.onTransact(int, android.os.Parcel, android.os.Parcel, int)
09-12 19:39:39.830  3560  3583 V KeyguardServiceDelegate: onScreenTurnedOff()
09-12 19:39:39.831  3165  3165 D SurfaceFlinger: Set power mode=0, type=0 flinger=0x7fa4648000
09-12 19:39:39.832  3560  3581 I DisplayManagerService: Display device changed state: "Pantalla integrada", OFF
09-12 19:39:39.838  3560  3581 W LocalDisplayAdapter: Unable to find color mode 0, ignoring request.
09-12 19:39:39.967  3560  3678 D SurfaceControl: Excessive delay in setPowerMode(): 136ms
09-12 19:39:40.032  3181  4023 D audio_hw_primary_abox: device-adev_set_parameters: enter with key(screen_state=on)
09-12 19:39:40.032  3181  4023 D audio_hw_primary_abox: device-adev_set_parameters: exit
09-12 19:39:40.116  3181  3387 D audio_hw_primary_abox: device-adev_set_parameters: enter with key(screen_state=off)
09-12 19:39:40.116  3181  3387 D audio_hw_primary_abox: device-adev_set_parameters: exit
09-12 19:39:40.178  3560  3575 I WindowManager: OverscanTimeout run
09-12 19:39:44.873  3560  3572 I ActivityManager: Setting hasTopUi=true for pid=3695
09-12 19:39:44.941  3695  3695 D PhoneStatusBar: disable: < expand ICONS* alerts SYSTEM_INFO* back home recent clock search quick_settings >
09-12 19:39:45.090  3695  3972 D mali_winsys: EGLint new_window_surface(egl_winsys_display*, void*, EGLSurface, EGLConfig, egl_winsys_surface**, egl_color_buffer_format*, EGLBoolean) returns 0x3000,  [1440x2960]-format:1
09-12 19:39:45.133  3695  3695 D PhoneStatusBar: disable: < expand ICONS alerts SYSTEM_INFO back HOME* RECENT* clock SEARCH* quick_settings >
09-12 19:39:49.157  4835  4835 I DeferredSaveThr: type=1400 audit(0.0:241): avc: denied { write } for name="code_cache" dev="sda24" ino=3121258 scontext=u:r:platform_app:s0:c512,c768 tcontext=u:object_r:system_data_file:s0:c512,c768 tclass=dir permissive=1
09-12 19:39:49.157  4835  4835 I DeferredSaveThr: type=1400 audit(0.0:241): avc: denied { remove_name } for name="com.android.opengl.shaders_cache" dev="sda24" ino=3121303 scontext=u:r:platform_app:s0:c512,c768 tcontext=u:object_r:system_data_file:s0:c512,c768 tclass=dir permissive=1
09-12 19:39:49.157  4835  4835 I DeferredSaveThr: type=1400 audit(0.0:241): avc: denied { unlink } for name="com.android.opengl.shaders_cache" dev="sda24" ino=3121303 scontext=u:r:platform_app:s0:c512,c768 tcontext=u:object_r:system_data_file:s0:c512,c768 tclass=file permissive=1
09-12 19:39:49.157  4835  4835 W DeferredSaveThr: type=1300 audit(0.0:241): arch=c00000b7 syscall=35 success=yes exit=0 a0=ffffff9c a1=7f95a30fd8 a2=0 a3=0 items=0 ppid=3179 auid=4294967295 uid=10033 gid=10033 euid=10033 suid=10033 fsuid=10033 egid=10033 sgid=10033 fsgid=10033 tty=(none) ses=4294967295 exe="/system/bin/app_process64" subj=u:r:platform_app:s0:c512,c768 key=(null)
09-12 19:39:49.157  3083  3083 W auditd  : type=1327 audit(0.0:241): proctitle="com.android.systemui"
09-12 19:39:49.157  3083  3083 W auditd  : type=1320 audit(0.0:241): 
09-12 19:39:49.157  4835  4835 I DeferredSaveThr: type=1400 audit(0.0:242): avc: denied { add_name } for name="com.android.opengl.shaders_cache" scontext=u:r:platform_app:s0:c512,c768 tcontext=u:object_r:system_data_file:s0:c512,c768 tclass=dir permissive=1
09-12 19:39:49.157  4835  4835 I DeferredSaveThr: type=1400 audit(0.0:242): avc: denied { create } for name="com.android.opengl.shaders_cache" scontext=u:r:platform_app:s0:c512,c768 tcontext=u:object_r:system_data_file:s0:c512,c768 tclass=file permissive=1
09-12 19:39:49.157  4835  4835 I DeferredSaveThr: type=1400 audit(0.0:242): avc: denied { write } for path="/data/user_de/0/com.android.systemui/code_cache/com.android.opengl.shaders_cache" dev="sda24" ino=3121303 scontext=u:r:platform_app:s0:c512,c768 tcontext=u:object_r:system_data_file:s0:c512,c768 tclass=file permissive=1
09-12 19:39:49.157  4835  4835 W DeferredSaveThr: type=1300 audit(0.0:242): arch=c00000b7 syscall=56 success=yes exit=79 a0=ffffff9c a1=7f95a30fd8 a2=c2 a3=0 items=0 ppid=3179 auid=4294967295 uid=10033 gid=10033 euid=10033 suid=10033 fsuid=10033 egid=10033 sgid=10033 fsgid=10033 tty=(none) ses=4294967295 exe="/system/bin/app_process64" subj=u:r:platform_app:s0:c512,c768 key=(null)
09-12 19:39:49.157  3083  3083 W auditd  : type=1327 audit(0.0:242): proctitle="com.android.systemui"
09-12 19:39:49.157  3083  3083 W auditd  : type=1320 audit(0.0:242): 
09-12 19:39:49.161  4835  4835 I DeferredSaveThr: type=1400 audit(0.0:243): avc: denied { setattr } for name="com.android.opengl.shaders_cache" dev="sda24" ino=3121303 scontext=u:r:platform_app:s0:c512,c768 tcontext=u:object_r:system_data_file:s0:c512,c768 tclass=file permissive=1
09-12 19:39:49.161  4835  4835 W DeferredSaveThr: type=1300 audit(0.0:243): arch=c00000b7 syscall=52 success=yes exit=0 a0=4f a1=100 a2=29 a3=0 items=0 ppid=3179 auid=4294967295 uid=10033 gid=10033 euid=10033 suid=10033 fsuid=10033 egid=10033 sgid=10033 fsgid=10033 tty=(none) ses=4294967295 exe="/system/bin/app_process64" subj=u:r:platform_app:s0:c512,c768 key=(null)
09-12 19:39:49.161  3083  3083 W auditd  : type=1327 audit(0.0:243): proctitle="com.android.systemui"
09-12 19:39:49.161  3083  3083 W auditd  : type=1320 audit(0.0:243): 
09-12 19:39:52.851  3178  3178 D gpsd    : WakeLock(Acquire,GPSD)
09-12 19:39:52.852  3178  3178 D gpsd    : WakeLock(Release,GPSD)
09-12 19:39:52.852  3178  3178 D gpsd    : WakeLock(Acquire,GPSD)
09-12 19:39:52.853  3178  3178 D gpsd    : WakeLock(Release,GPSD)
09-12 19:39:52.925  4839  4839 V lhd     : GlLhdInterface::Init(/system/etc/lhd.conf)
09-12 19:39:52.926  4839  4839 E lhd     : SetCfgValue: Critical Error. Unknown configuration parameter "FlpName"="tcp"
09-12 19:39:52.926  4839  4839 V lhd     : SetCfgValue: LHD config "LheSerialControl"="BBD:Serial=TTY"
09-12 19:39:52.926  4839  4839 E lhd     : SetCfgValue: Critical Error. Unknown configuration parameter "LheClockMHz"="100"
09-12 19:39:52.926  4839  4839 V lhd     : SetCfgValue: LHD config "LhePatch"="/dev/bbd_patch"
09-12 19:39:52.926  4839  4839 V lhd     : SetCfgValue: LHD config "LheMaxMcuResetTries"="4"
09-12 19:39:52.926  4839  4839 V lhd     : SetCfgValue: LHD config "LheBbdPacket"="/dev/ttyBCM"
09-12 19:39:52.926  4839  4839 V lhd     : SetCfgValue: LHD config "LheBbdControl"="/dev/bbd_control"
09-12 19:39:52.926  4839  4839 V lhd     : SetCfgValue: LHD config "LheBbdSensor"="/dev/bbd_sensor"
09-12 19:39:52.926  4839  4839 V lhd     : SetCfgValue: LHD config "Lhe477xDebugFlags"="RPC:FACILITY=33:STDOUT_PUTS:STDOUT_LOG"
09-12 19:39:52.926  4839  4839 E lhd     : SetCfgValue: Critical Error. Unknown configuration parameter "LheSensorIpc"="true"
09-12 19:39:52.926  4839  4839 E lhd     : SetCfgValue: Critical Error. Unknown configuration parameter "LhePinMux"="P17=M1"
09-12 19:39:52.926  4839  4839 V lhd     : SetCfgValue: LHD config "LheAutoBaudDelayMS"="10"
09-12 19:39:52.926  4839  4839 V lhd     : SetCfgValue: LHD config "LheMaxMcuResetTries"="3"
09-12 19:39:52.927  4839  4839 E lhd     : OpenFirmwareFile: Fail to open /efs/sec_efs/sensorhub_urgent_fw.patch, errno 2
09-12 19:39:52.927  4839  4839 E lhd     : getCustPatchVersion: Fail to parse patch /efs/sec_efs/sensorhub_urgent_fw.patch
09-12 19:39:52.927  4839  4839 E lhd     : getCustPatchVersion: <CustomerVersion> not found
09-12 19:39:52.992  3178  3178 D gpsd    : WakeLock(Acquire,GPSD)
09-12 19:39:52.992  3178  3178 D gpsd    : WakeLock(Release,GPSD)
09-12 19:39:52.992  4839  4839 D lhd     : OnIpcConnect
09-12 19:39:52.992  3178  3178 D gpsd    : WakeLock(Acquire,GPSD)
09-12 19:39:52.992  3178  3178 D gpsd    : WakeLock(Release,GPSD)
09-12 19:40:08.013  3178  3178 D gpsd    : WakeLock(Acquire,GPSD)
09-12 19:40:08.014  3178  3178 D gpsd    : WakeLock(Release,GPSD)
09-12 19:40:08.014  3178  3178 D gpsd    : WakeLock(Acquire,GPSD)
09-12 19:40:08.014  3178  3178 D gpsd    : WakeLock(Release,GPSD)
09-12 19:40:08.080  4846  4846 V lhd     : GlLhdInterface::Init(/system/etc/lhd.conf)
09-12 19:40:08.080  4846  4846 E lhd     : SetCfgValue: Critical Error. Unknown configuration parameter "FlpName"="tcp"
09-12 19:40:08.080  4846  4846 V lhd     : SetCfgValue: LHD config "LheSerialControl"="BBD:Serial=TTY"
09-12 19:40:08.081  4846  4846 E lhd     : SetCfgValue: Critical Error. Unknown configuration parameter "LheClockMHz"="100"
09-12 19:40:08.081  4846  4846 V lhd     : SetCfgValue: LHD config "LhePatch"="/dev/bbd_patch"
09-12 19:40:08.081  4846  4846 V lhd     : SetCfgValue: LHD config "LheMaxMcuResetTries"="4"
09-12 19:40:08.081  4846  4846 V lhd     : SetCfgValue: LHD config "LheBbdPacket"="/dev/ttyBCM"
09-12 19:40:08.081  4846  4846 V lhd     : SetCfgValue: LHD config "LheBbdControl"="/dev/bbd_control"
09-12 19:40:08.081  4846  4846 V lhd     : SetCfgValue: LHD config "LheBbdSensor"="/dev/bbd_sensor"
09-12 19:40:08.081  4846  4846 V lhd     : SetCfgValue: LHD config "Lhe477xDebugFlags"="RPC:FACILITY=33:STDOUT_PUTS:STDOUT_LOG"
09-12 19:40:08.081  4846  4846 E lhd     : SetCfgValue: Critical Error. Unknown configuration parameter "LheSensorIpc"="true"
09-12 19:40:08.082  4846  4846 E lhd     : SetCfgValue: Critical Error. Unknown configuration parameter "LhePinMux"="P17=M1"
09-12 19:40:08.082  4846  4846 V lhd     : SetCfgValue: LHD config "LheAutoBaudDelayMS"="10"
09-12 19:40:08.082  4846  4846 V lhd     : SetCfgValue: LHD config "LheMaxMcuResetTries"="3"
09-12 19:40:08.082  4846  4846 E lhd     : OpenFirmwareFile: Fail to open /efs/sec_efs/sensorhub_urgent_fw.patch, errno 2
09-12 19:40:08.082  4846  4846 E lhd     : getCustPatchVersion: Fail to parse patch /efs/sec_efs/sensorhub_urgent_fw.patch
09-12 19:40:08.082  4846  4846 E lhd     : getCustPatchVersion: <CustomerVersion> not found
09-12 19:40:08.147  3178  3178 D gpsd    : WakeLock(Acquire,GPSD)
09-12 19:40:08.148  4846  4846 D lhd     : OnIpcConnect
09-12 19:40:08.148  3178  3178 D gpsd    : WakeLock(Release,GPSD)
09-12 19:40:08.148  3178  3178 D gpsd    : WakeLock(Acquire,GPSD)
09-12 19:40:08.148  3178  3178 D gpsd    : WakeLock(Release,GPSD)
09-12 19:40:23.167  3178  3178 D gpsd    : WakeLock(Acquire,GPSD)
09-12 19:40:23.168  3178  3178 D gpsd    : WakeLock(Release,GPSD)
09-12 19:40:23.168  3178  3178 D gpsd    : WakeLock(Acquire,GPSD)
09-12 19:40:23.168  3178  3178 D gpsd    : WakeLock(Release,GPSD)
09-12 19:40:23.238  4851  4851 V lhd     : GlLhdInterface::Init(/system/etc/lhd.conf)
09-12 19:40:23.238  4851  4851 E lhd     : SetCfgValue: Critical Error. Unknown configuration parameter "FlpName"="tcp"
09-12 19:40:23.238  4851  4851 V lhd     : SetCfgValue: LHD config "LheSerialControl"="BBD:Serial=TTY"
09-12 19:40:23.238  4851  4851 E lhd     : SetCfgValue: Critical Error. Unknown configuration parameter "LheClockMHz"="100"
09-12 19:40:23.239  4851  4851 V lhd     : SetCfgValue: LHD config "LhePatch"="/dev/bbd_patch"
09-12 19:40:23.239  4851  4851 V lhd     : SetCfgValue: LHD config "LheMaxMcuResetTries"="4"
09-12 19:40:23.239  4851  4851 V lhd     : SetCfgValue: LHD config "LheBbdPacket"="/dev/ttyBCM"
09-12 19:40:23.239  4851  4851 V lhd     : SetCfgValue: LHD config "LheBbdControl"="/dev/bbd_control"
09-12 19:40:23.239  4851  4851 V lhd     : SetCfgValue: LHD config "LheBbdSensor"="/dev/bbd_sensor"
09-12 19:40:23.239  4851  4851 V lhd     : SetCfgValue: LHD config "Lhe477xDebugFlags"="RPC:FACILITY=33:STDOUT_PUTS:STDOUT_LOG"
09-12 19:40:23.239  4851  4851 E lhd     : SetCfgValue: Critical Error. Unknown configuration parameter "LheSensorIpc"="true"
09-12 19:40:23.239  4851  4851 E lhd     : SetCfgValue: Critical Error. Unknown configuration parameter "LhePinMux"="P17=M1"
09-12 19:40:23.239  4851  4851 V lhd     : SetCfgValue: LHD config "LheAutoBaudDelayMS"="10"
09-12 19:40:23.239  4851  4851 V lhd     : SetCfgValue: LHD config "LheMaxMcuResetTries"="3"
09-12 19:40:23.239  4851  4851 E lhd     : OpenFirmwareFile: Fail to open /efs/sec_efs/sensorhub_urgent_fw.patch, errno 2
09-12 19:40:23.239  4851  4851 E lhd     : getCustPatchVersion: Fail to parse patch /efs/sec_efs/sensorhub_urgent_fw.patch
09-12 19:40:23.239  4851  4851 E lhd     : getCustPatchVersion: <CustomerVersion> not found
09-12 19:40:23.305  3178  3178 D gpsd    : WakeLock(Acquire,GPSD)
09-12 19:40:23.305  3178  3178 D gpsd    : WakeLock(Release,GPSD)
09-12 19:40:23.305  3178  3178 D gpsd    : WakeLock(Acquire,GPSD)
09-12 19:40:23.305  3178  3178 D gpsd    : WakeLock(Release,GPSD)
09-12 19:40:23.306  4851  4851 D lhd     : OnIpcConnect
09-12 19:40:38.317  3178  3178 D gpsd    : WakeLock(Acquire,GPSD)
09-12 19:40:38.318  3178  3178 D gpsd    : WakeLock(Release,GPSD)
09-12 19:40:38.318  3178  3178 D gpsd    : WakeLock(Acquire,GPSD)
09-12 19:40:38.318  3178  3178 D gpsd    : WakeLock(Release,GPSD)
09-12 19:40:38.390  4856  4856 V lhd     : GlLhdInterface::Init(/system/etc/lhd.conf)
09-12 19:40:38.390  4856  4856 E lhd     : SetCfgValue: Critical Error. Unknown configuration parameter "FlpName"="tcp"
09-12 19:40:38.390  4856  4856 V lhd     : SetCfgValue: LHD config "LheSerialControl"="BBD:Serial=TTY"
09-12 19:40:38.390  4856  4856 E lhd     : SetCfgValue: Critical Error. Unknown configuration parameter "LheClockMHz"="100"
09-12 19:40:38.390  4856  4856 V lhd     : SetCfgValue: LHD config "LhePatch"="/dev/bbd_patch"
09-12 19:40:38.390  4856  4856 V lhd     : SetCfgValue: LHD config "LheMaxMcuResetTries"="4"
09-12 19:40:38.390  4856  4856 V lhd     : SetCfgValue: LHD config "LheBbdPacket"="/dev/ttyBCM"
09-12 19:40:38.390  4856  4856 V lhd     : SetCfgValue: LHD config "LheBbdControl"="/dev/bbd_control"
09-12 19:40:38.391  4856  4856 V lhd     : SetCfgValue: LHD config "LheBbdSensor"="/dev/bbd_sensor"
09-12 19:40:38.391  4856  4856 V lhd     : SetCfgValue: LHD config "Lhe477xDebugFlags"="RPC:FACILITY=33:STDOUT_PUTS:STDOUT_LOG"
09-12 19:40:38.391  4856  4856 E lhd     : SetCfgValue: Critical Error. Unknown configuration parameter "LheSensorIpc"="true"
09-12 19:40:38.391  4856  4856 E lhd     : SetCfgValue: Critical Error. Unknown configuration parameter "LhePinMux"="P17=M1"
09-12 19:40:38.391  4856  4856 V lhd     : SetCfgValue: LHD config "LheAutoBaudDelayMS"="10"
09-12 19:40:38.391  4856  4856 V lhd     : SetCfgValue: LHD config "LheMaxMcuResetTries"="3"
09-12 19:40:38.391  4856  4856 E lhd     : OpenFirmwareFile: Fail to open /efs/sec_efs/sensorhub_urgent_fw.patch, errno 2
09-12 19:40:38.391  4856  4856 E lhd     : getCustPatchVersion: Fail to parse patch /efs/sec_efs/sensorhub_urgent_fw.patch
09-12 19:40:38.391  4856  4856 E lhd     : getCustPatchVersion: <CustomerVersion> not found
09-12 19:40:38.456  3178  3178 D gpsd    : WakeLock(Acquire,GPSD)
09-12 19:40:38.456  4856  4856 D lhd     : OnIpcConnect
09-12 19:40:38.456  3178  3178 D gpsd    : WakeLock(Release,GPSD)
09-12 19:40:38.456  3178  3178 D gpsd    : WakeLock(Acquire,GPSD)
09-12 19:40:38.456  3178  3178 D gpsd    : WakeLock(Release,GPSD)
09-12 19:40:53.472  3178  3178 D gpsd    : WakeLock(Acquire,GPSD)
09-12 19:40:53.473  3178  3178 D gpsd    : WakeLock(Release,GPSD)
09-12 19:40:53.474  3178  3178 D gpsd    : WakeLock(Acquire,GPSD)
09-12 19:40:53.474  3178  3178 D gpsd    : WakeLock(Release,GPSD)
09-12 19:40:53.546  4860  4860 V lhd     : GlLhdInterface::Init(/system/etc/lhd.conf)
09-12 19:40:53.546  4860  4860 E lhd     : SetCfgValue: Critical Error. Unknown configuration parameter "FlpName"="tcp"
09-12 19:40:53.546  4860  4860 V lhd     : SetCfgValue: LHD config "LheSerialControl"="BBD:Serial=TTY"
09-12 19:40:53.546  4860  4860 E lhd     : SetCfgValue: Critical Error. Unknown configuration parameter "LheClockMHz"="100"
09-12 19:40:53.546  4860  4860 V lhd     : SetCfgValue: LHD config "LhePatch"="/dev/bbd_patch"
09-12 19:40:53.546  4860  4860 V lhd     : SetCfgValue: LHD config "LheMaxMcuResetTries"="4"
09-12 19:40:53.547  4860  4860 V lhd     : SetCfgValue: LHD config "LheBbdPacket"="/dev/ttyBCM"
09-12 19:40:53.547  4860  4860 V lhd     : SetCfgValue: LHD config "LheBbdControl"="/dev/bbd_control"
09-12 19:40:53.547  4860  4860 V lhd     : SetCfgValue: LHD config "LheBbdSensor"="/dev/bbd_sensor"
09-12 19:40:53.547  4860  4860 V lhd     : SetCfgValue: LHD config "Lhe477xDebugFlags"="RPC:FACILITY=33:STDOUT_PUTS:STDOUT_LOG"
09-12 19:40:53.547  4860  4860 E lhd     : SetCfgValue: Critical Error. Unknown configuration parameter "LheSensorIpc"="true"
09-12 19:40:53.547  4860  4860 E lhd     : SetCfgValue: Critical Error. Unknown configuration parameter "LhePinMux"="P17=M1"
09-12 19:40:53.547  4860  4860 V lhd     : SetCfgValue: LHD config "LheAutoBaudDelayMS"="10"
09-12 19:40:53.547  4860  4860 V lhd     : SetCfgValue: LHD config "LheMaxMcuResetTries"="3"
09-12 19:40:53.547  4860  4860 E lhd     : OpenFirmwareFile: Fail to open /efs/sec_efs/sensorhub_urgent_fw.patch, errno 2
09-12 19:40:53.547  4860  4860 E lhd     : getCustPatchVersion: Fail to parse patch /efs/sec_efs/sensorhub_urgent_fw.patch
09-12 19:40:53.547  4860  4860 E lhd     : getCustPatchVersion: <CustomerVersion> not found
09-12 19:40:53.613  3178  3178 D gpsd    : WakeLock(Acquire,GPSD)
09-12 19:40:53.613  3178  3178 D gpsd    : WakeLock(Release,GPSD)
09-12 19:40:53.613  4860  4860 D lhd     : OnIpcConnect
09-12 19:40:53.613  3178  3178 D gpsd    : WakeLock(Acquire,GPSD)
09-12 19:40:53.613  3178  3178 D gpsd    : WakeLock(Release,GPSD)
09-12 19:41:08.628  3178  3178 D gpsd    : WakeLock(Acquire,GPSD)
09-12 19:41:08.629  3178  3178 D gpsd    : WakeLock(Release,GPSD)
09-12 19:41:08.629  3178  3178 D gpsd    : WakeLock(Acquire,GPSD)
09-12 19:41:08.630  3178  3178 D gpsd    : WakeLock(Release,GPSD)
09-12 19:41:08.703  4865  4865 V lhd     : GlLhdInterface::Init(/system/etc/lhd.conf)
09-12 19:41:08.703  4865  4865 E lhd     : SetCfgValue: Critical Error. Unknown configuration parameter "FlpName"="tcp"
09-12 19:41:08.703  4865  4865 V lhd     : SetCfgValue: LHD config "LheSerialControl"="BBD:Serial=TTY"
09-12 19:41:08.703  4865  4865 E lhd     : SetCfgValue: Critical Error. Unknown configuration parameter "LheClockMHz"="100"
09-12 19:41:08.703  4865  4865 V lhd     : SetCfgValue: LHD config "LhePatch"="/dev/bbd_patch"
09-12 19:41:08.703  4865  4865 V lhd     : SetCfgValue: LHD config "LheMaxMcuResetTries"="4"
09-12 19:41:08.703  4865  4865 V lhd     : SetCfgValue: LHD config "LheBbdPacket"="/dev/ttyBCM"
09-12 19:41:08.703  4865  4865 V lhd     : SetCfgValue: LHD config "LheBbdControl"="/dev/bbd_control"
09-12 19:41:08.703  4865  4865 V lhd     : SetCfgValue: LHD config "LheBbdSensor"="/dev/bbd_sensor"
09-12 19:41:08.703  4865  4865 V lhd     : SetCfgValue: LHD config "Lhe477xDebugFlags"="RPC:FACILITY=33:STDOUT_PUTS:STDOUT_LOG"
09-12 19:41:08.703  4865  4865 E lhd     : SetCfgValue: Critical Error. Unknown configuration parameter "LheSensorIpc"="true"
09-12 19:41:08.703  4865  4865 E lhd     : SetCfgValue: Critical Error. Unknown configuration parameter "LhePinMux"="P17=M1"
09-12 19:41:08.703  4865  4865 V lhd     : SetCfgValue: LHD config "LheAutoBaudDelayMS"="10"
09-12 19:41:08.703  4865  4865 V lhd     : SetCfgValue: LHD config "LheMaxMcuResetTries"="3"
09-12 19:41:08.704  4865  4865 E lhd     : OpenFirmwareFile: Fail to open /efs/sec_efs/sensorhub_urgent_fw.patch, errno 2
09-12 19:41:08.704  4865  4865 E lhd     : getCustPatchVersion: Fail to parse patch /efs/sec_efs/sensorhub_urgent_fw.patch
09-12 19:41:08.704  4865  4865 E lhd     : getCustPatchVersion: <CustomerVersion> not found
09-12 19:41:08.768  3178  3178 D gpsd    : WakeLock(Acquire,GPSD)
09-12 19:41:08.769  4865  4865 D lhd     : OnIpcConnect
09-12 19:41:08.769  3178  3178 D gpsd    : WakeLock(Release,GPSD)
09-12 19:41:08.769  3178  3178 D gpsd    : WakeLock(Acquire,GPSD)
09-12 19:41:08.769  3178  3178 D gpsd    : WakeLock(Release,GPSD)
09-12 19:41:23.785  3178  3178 D gpsd    : WakeLock(Acquire,GPSD)
09-12 19:41:23.786  3178  3178 D gpsd    : WakeLock(Release,GPSD)
09-12 19:41:23.786  3178  3178 D gpsd    : WakeLock(Acquire,GPSD)
09-12 19:41:23.786  3178  3178 D gpsd    : WakeLock(Release,GPSD)
09-12 19:41:23.848  4869  4869 V lhd     : GlLhdInterface::Init(/system/etc/lhd.conf)
09-12 19:41:23.848  4869  4869 E lhd     : SetCfgValue: Critical Error. Unknown configuration parameter "FlpName"="tcp"
09-12 19:41:23.848  4869  4869 V lhd     : SetCfgValue: LHD config "LheSerialControl"="BBD:Serial=TTY"
09-12 19:41:23.848  4869  4869 E lhd     : SetCfgValue: Critical Error. Unknown configuration parameter "LheClockMHz"="100"
09-12 19:41:23.848  4869  4869 V lhd     : SetCfgValue: LHD config "LhePatch"="/dev/bbd_patch"
09-12 19:41:23.848  4869  4869 V lhd     : SetCfgValue: LHD config "LheMaxMcuResetTries"="4"
09-12 19:41:23.848  4869  4869 V lhd     : SetCfgValue: LHD config "LheBbdPacket"="/dev/ttyBCM"
09-12 19:41:23.848  4869  4869 V lhd     : SetCfgValue: LHD config "LheBbdControl"="/dev/bbd_control"
09-12 19:41:23.848  4869  4869 V lhd     : SetCfgValue: LHD config "LheBbdSensor"="/dev/bbd_sensor"
09-12 19:41:23.848  4869  4869 V lhd     : SetCfgValue: LHD config "Lhe477xDebugFlags"="RPC:FACILITY=33:STDOUT_PUTS:STDOUT_LOG"
09-12 19:41:23.848  4869  4869 E lhd     : SetCfgValue: Critical Error. Unknown configuration parameter "LheSensorIpc"="true"
09-12 19:41:23.848  4869  4869 E lhd     : SetCfgValue: Critical Error. Unknown configuration parameter "LhePinMux"="P17=M1"
09-12 19:41:23.848  4869  4869 V lhd     : SetCfgValue: LHD config "LheAutoBaudDelayMS"="10"
09-12 19:41:23.848  4869  4869 V lhd     : SetCfgValue: LHD config "LheMaxMcuResetTries"="3"
09-12 19:41:23.849  4869  4869 E lhd     : OpenFirmwareFile: Fail to open /efs/sec_efs/sensorhub_urgent_fw.patch, errno 2
09-12 19:41:23.849  4869  4869 E lhd     : getCustPatchVersion: Fail to parse patch /efs/sec_efs/sensorhub_urgent_fw.patch
09-12 19:41:23.849  4869  4869 E lhd     : getCustPatchVersion: <CustomerVersion> not found
09-12 19:41:23.915  3178  3178 D gpsd    : WakeLock(Acquire,GPSD)
09-12 19:41:23.915  4869  4869 D lhd     : OnIpcConnect
09-12 19:41:23.915  3178  3178 D gpsd    : WakeLock(Release,GPSD)
09-12 19:41:23.915  3178  3178 D gpsd    : WakeLock(Acquire,GPSD)
09-12 19:41:23.915  3178  3178 D gpsd    : WakeLock(Release,GPSD)
09-12 19:41:38.932  3178  3178 D gpsd    : WakeLock(Acquire,GPSD)
09-12 19:41:38.933  3178  3178 D gpsd    : WakeLock(Release,GPSD)
09-12 19:41:38.933  3178  3178 D gpsd    : WakeLock(Acquire,GPSD)
09-12 19:41:38.934  3178  3178 D gpsd    : WakeLock(Release,GPSD)
09-12 19:41:39.000  4874  4874 V lhd     : GlLhdInterface::Init(/system/etc/lhd.conf)
09-12 19:41:39.000  4874  4874 E lhd     : SetCfgValue: Critical Error. Unknown configuration parameter "FlpName"="tcp"
09-12 19:41:39.000  4874  4874 V lhd     : SetCfgValue: LHD config "LheSerialControl"="BBD:Serial=TTY"
09-12 19:41:39.000  4874  4874 E lhd     : SetCfgValue: Critical Error. Unknown configuration parameter "LheClockMHz"="100"
09-12 19:41:39.000  4874  4874 V lhd     : SetCfgValue: LHD config "LhePatch"="/dev/bbd_patch"
09-12 19:41:39.000  4874  4874 V lhd     : SetCfgValue: LHD config "LheMaxMcuResetTries"="4"
09-12 19:41:39.000  4874  4874 V lhd     : SetCfgValue: LHD config "LheBbdPacket"="/dev/ttyBCM"
09-12 19:41:39.000  4874  4874 V lhd     : SetCfgValue: LHD config "LheBbdControl"="/dev/bbd_control"
09-12 19:41:39.000  4874  4874 V lhd     : SetCfgValue: LHD config "LheBbdSensor"="/dev/bbd_sensor"
09-12 19:41:39.000  4874  4874 V lhd     : SetCfgValue: LHD config "Lhe477xDebugFlags"="RPC:FACILITY=33:STDOUT_PUTS:STDOUT_LOG"
09-12 19:41:39.001  4874  4874 E lhd     : SetCfgValue: Critical Error. Unknown configuration parameter "LheSensorIpc"="true"
09-12 19:41:39.001  4874  4874 E lhd     : SetCfgValue: Critical Error. Unknown configuration parameter "LhePinMux"="P17=M1"
09-12 19:41:39.001  4874  4874 V lhd     : SetCfgValue: LHD config "LheAutoBaudDelayMS"="10"
09-12 19:41:39.001  4874  4874 V lhd     : SetCfgValue: LHD config "LheMaxMcuResetTries"="3"
09-12 19:41:39.002  4874  4874 E lhd     : OpenFirmwareFile: Fail to open /efs/sec_efs/sensorhub_urgent_fw.patch, errno 2
09-12 19:41:39.002  4874  4874 E lhd     : getCustPatchVersion: Fail to parse patch /efs/sec_efs/sensorhub_urgent_fw.patch
09-12 19:41:39.002  4874  4874 E lhd     : getCustPatchVersion: <CustomerVersion> not found
09-12 19:41:39.067  3178  3178 D gpsd    : WakeLock(Acquire,GPSD)
09-12 19:41:39.067  3178  3178 D gpsd    : WakeLock(Release,GPSD)
09-12 19:41:39.067  4874  4874 D lhd     : OnIpcConnect
09-12 19:41:39.067  3178  3178 D gpsd    : WakeLock(Acquire,GPSD)
09-12 19:41:39.067  3178  3178 D gpsd    : WakeLock(Release,GPSD)
09-12 19:41:54.081  3178  3178 D gpsd    : WakeLock(Acquire,GPSD)
09-12 19:41:54.082  3178  3178 D gpsd    : WakeLock(Release,GPSD)
09-12 19:41:54.082  3178  3178 D gpsd    : WakeLock(Acquire,GPSD)
09-12 19:41:54.083  3178  3178 D gpsd    : WakeLock(Release,GPSD)
09-12 19:41:54.149  4878  4878 V lhd     : GlLhdInterface::Init(/system/etc/lhd.conf)
09-12 19:41:54.150  4878  4878 E lhd     : SetCfgValue: Critical Error. Unknown configuration parameter "FlpName"="tcp"
09-12 19:41:54.150  4878  4878 V lhd     : SetCfgValue: LHD config "LheSerialControl"="BBD:Serial=TTY"
09-12 19:41:54.150  4878  4878 E lhd     : SetCfgValue: Critical Error. Unknown configuration parameter "LheClockMHz"="100"
09-12 19:41:54.150  4878  4878 V lhd     : SetCfgValue: LHD config "LhePatch"="/dev/bbd_patch"
09-12 19:41:54.150  4878  4878 V lhd     : SetCfgValue: LHD config "LheMaxMcuResetTries"="4"
09-12 19:41:54.150  4878  4878 V lhd     : SetCfgValue: LHD config "LheBbdPacket"="/dev/ttyBCM"
09-12 19:41:54.150  4878  4878 V lhd     : SetCfgValue: LHD config "LheBbdControl"="/dev/bbd_control"
09-12 19:41:54.150  4878  4878 V lhd     : SetCfgValue: LHD config "LheBbdSensor"="/dev/bbd_sensor"
09-12 19:41:54.150  4878  4878 V lhd     : SetCfgValue: LHD config "Lhe477xDebugFlags"="RPC:FACILITY=33:STDOUT_PUTS:STDOUT_LOG"
09-12 19:41:54.150  4878  4878 E lhd     : SetCfgValue: Critical Error. Unknown configuration parameter "LheSensorIpc"="true"
09-12 19:41:54.150  4878  4878 E lhd     : SetCfgValue: Critical Error. Unknown configuration parameter "LhePinMux"="P17=M1"
09-12 19:41:54.150  4878  4878 V lhd     : SetCfgValue: LHD config "LheAutoBaudDelayMS"="10"
09-12 19:41:54.150  4878  4878 V lhd     : SetCfgValue: LHD config "LheMaxMcuResetTries"="3"
09-12 19:41:54.150  4878  4878 E lhd     : OpenFirmwareFile: Fail to open /efs/sec_efs/sensorhub_urgent_fw.patch, errno 2
09-12 19:41:54.151  4878  4878 E lhd     : getCustPatchVersion: Fail to parse patch /efs/sec_efs/sensorhub_urgent_fw.patch
09-12 19:41:54.151  4878  4878 E lhd     : getCustPatchVersion: <CustomerVersion> not found
09-12 19:41:54.216  3178  3178 D gpsd    : WakeLock(Acquire,GPSD)
09-12 19:41:54.216  4878  4878 D lhd     : OnIpcConnect
09-12 19:41:54.216  3178  3178 D gpsd    : WakeLock(Release,GPSD)
09-12 19:41:54.216  3178  3178 D gpsd    : WakeLock(Acquire,GPSD)
09-12 19:41:54.216  3178  3178 D gpsd    : WakeLock(Release,GPSD)
09-12 19:42:08.603  3560  3577 E BatteryStatsService: no controller energy info supplied
09-12 19:42:08.612  3560  3709 E BatteryStatsService: power: Missing API
09-12 19:42:09.233  3178  3178 D gpsd    : WakeLock(Acquire,GPSD)
09-12 19:42:09.234  3178  3178 D gpsd    : WakeLock(Release,GPSD)
09-12 19:42:09.235  3178  3178 D gpsd    : WakeLock(Acquire,GPSD)
09-12 19:42:09.235  3178  3178 D gpsd    : WakeLock(Release,GPSD)
09-12 19:42:09.306  4884  4884 V lhd     : GlLhdInterface::Init(/system/etc/lhd.conf)
09-12 19:42:09.307  4884  4884 E lhd     : SetCfgValue: Critical Error. Unknown configuration parameter "FlpName"="tcp"
09-12 19:42:09.307  4884  4884 V lhd     : SetCfgValue: LHD config "LheSerialControl"="BBD:Serial=TTY"
09-12 19:42:09.307  4884  4884 E lhd     : SetCfgValue: Critical Error. Unknown configuration parameter "LheClockMHz"="100"
09-12 19:42:09.307  4884  4884 V lhd     : SetCfgValue: LHD config "LhePatch"="/dev/bbd_patch"
09-12 19:42:09.307  4884  4884 V lhd     : SetCfgValue: LHD config "LheMaxMcuResetTries"="4"
09-12 19:42:09.307  4884  4884 V lhd     : SetCfgValue: LHD config "LheBbdPacket"="/dev/ttyBCM"
09-12 19:42:09.307  4884  4884 V lhd     : SetCfgValue: LHD config "LheBbdControl"="/dev/bbd_control"
09-12 19:42:09.307  4884  4884 V lhd     : SetCfgValue: LHD config "LheBbdSensor"="/dev/bbd_sensor"
09-12 19:42:09.307  4884  4884 V lhd     : SetCfgValue: LHD config "Lhe477xDebugFlags"="RPC:FACILITY=33:STDOUT_PUTS:STDOUT_LOG"
09-12 19:42:09.307  4884  4884 E lhd     : SetCfgValue: Critical Error. Unknown configuration parameter "LheSensorIpc"="true"
09-12 19:42:09.307  4884  4884 E lhd     : SetCfgValue: Critical Error. Unknown configuration parameter "LhePinMux"="P17=M1"
09-12 19:42:09.307  4884  4884 V lhd     : SetCfgValue: LHD config "LheAutoBaudDelayMS"="10"
09-12 19:42:09.307  4884  4884 V lhd     : SetCfgValue: LHD config "LheMaxMcuResetTries"="3"
09-12 19:42:09.307  4884  4884 E lhd     : OpenFirmwareFile: Fail to open /efs/sec_efs/sensorhub_urgent_fw.patch, errno 2
09-12 19:42:09.307  4884  4884 E lhd     : getCustPatchVersion: Fail to parse patch /efs/sec_efs/sensorhub_urgent_fw.patch
09-12 19:42:09.307  4884  4884 E lhd     : getCustPatchVersion: <CustomerVersion> not found
09-12 19:42:09.373  3178  3178 D gpsd    : WakeLock(Acquire,GPSD)
09-12 19:42:09.373  4884  4884 D lhd     : OnIpcConnect
09-12 19:42:09.373  3178  3178 D gpsd    : WakeLock(Release,GPSD)
09-12 19:42:09.373  3178  3178 D gpsd    : WakeLock(Acquire,GPSD)
09-12 19:42:09.373  3178  3178 D gpsd    : WakeLock(Release,GPSD)
09-12 19:42:16.376  4040  4040 I wpa_supplicant: wlan0: WPA: Group rekeying completed with 18:a6:f7:7f:a9:bc [GTK=CCMP]
09-12 19:42:16.385  4040  4040 I wpa_supplicant: wlan0: WPA: Group rekeying completed with 18:a6:f7:7f:a9:bc [GTK=CCMP]
09-12 19:42:24.391  3178  3178 D gpsd    : WakeLock(Acquire,GPSD)
09-12 19:42:24.392  3178  3178 D gpsd    : WakeLock(Release,GPSD)
09-12 19:42:24.393  3178  3178 D gpsd    : WakeLock(Acquire,GPSD)
09-12 19:42:24.393  3178  3178 D gpsd    : WakeLock(Release,GPSD)
09-12 19:42:24.463  4889  4889 V lhd     : GlLhdInterface::Init(/system/etc/lhd.conf)
09-12 19:42:24.463  4889  4889 E lhd     : SetCfgValue: Critical Error. Unknown configuration parameter "FlpName"="tcp"
09-12 19:42:24.463  4889  4889 V lhd     : SetCfgValue: LHD config "LheSerialControl"="BBD:Serial=TTY"
09-12 19:42:24.463  4889  4889 E lhd     : SetCfgValue: Critical Error. Unknown configuration parameter "LheClockMHz"="100"
09-12 19:42:24.463  4889  4889 V lhd     : SetCfgValue: LHD config "LhePatch"="/dev/bbd_patch"
09-12 19:42:24.463  4889  4889 V lhd     : SetCfgValue: LHD config "LheMaxMcuResetTries"="4"
09-12 19:42:24.463  4889  4889 V lhd     : SetCfgValue: LHD config "LheBbdPacket"="/dev/ttyBCM"
09-12 19:42:24.463  4889  4889 V lhd     : SetCfgValue: LHD config "LheBbdControl"="/dev/bbd_control"
09-12 19:42:24.463  4889  4889 V lhd     : SetCfgValue: LHD config "LheBbdSensor"="/dev/bbd_sensor"
09-12 19:42:24.463  4889  4889 V lhd     : SetCfgValue: LHD config "Lhe477xDebugFlags"="RPC:FACILITY=33:STDOUT_PUTS:STDOUT_LOG"
09-12 19:42:24.463  4889  4889 E lhd     : SetCfgValue: Critical Error. Unknown configuration parameter "LheSensorIpc"="true"
09-12 19:42:24.464  4889  4889 E lhd     : SetCfgValue: Critical Error. Unknown configuration parameter "LhePinMux"="P17=M1"
09-12 19:42:24.464  4889  4889 V lhd     : SetCfgValue: LHD config "LheAutoBaudDelayMS"="10"
09-12 19:42:24.464  4889  4889 V lhd     : SetCfgValue: LHD config "LheMaxMcuResetTries"="3"
09-12 19:42:24.464  4889  4889 E lhd     : OpenFirmwareFile: Fail to open /efs/sec_efs/sensorhub_urgent_fw.patch, errno 2
09-12 19:42:24.464  4889  4889 E lhd     : getCustPatchVersion: Fail to parse patch /efs/sec_efs/sensorhub_urgent_fw.patch
09-12 19:42:24.464  4889  4889 E lhd     : getCustPatchVersion: <CustomerVersion> not found
09-12 19:42:24.529  3178  3178 D gpsd    : WakeLock(Acquire,GPSD)
09-12 19:42:24.529  4889  4889 D lhd     : OnIpcConnect
09-12 19:42:24.529  3178  3178 D gpsd    : WakeLock(Release,GPSD)
09-12 19:42:24.530  3178  3178 D gpsd    : WakeLock(Acquire,GPSD)
09-12 19:42:24.530  3178  3178 D gpsd    : WakeLock(Release,GPSD)
09-12 19:42:39.551  3178  3178 D gpsd    : WakeLock(Acquire,GPSD)
09-12 19:42:39.552  3178  3178 D gpsd    : WakeLock(Release,GPSD)
09-12 19:42:39.552  3178  3178 D gpsd    : WakeLock(Acquire,GPSD)
09-12 19:42:39.552  3178  3178 D gpsd    : WakeLock(Release,GPSD)
09-12 19:42:39.620  4894  4894 V lhd     : GlLhdInterface::Init(/system/etc/lhd.conf)
09-12 19:42:39.621  4894  4894 E lhd     : SetCfgValue: Critical Error. Unknown configuration parameter "FlpName"="tcp"
09-12 19:42:39.621  4894  4894 V lhd     : SetCfgValue: LHD config "LheSerialControl"="BBD:Serial=TTY"
09-12 19:42:39.621  4894  4894 E lhd     : SetCfgValue: Critical Error. Unknown configuration parameter "LheClockMHz"="100"
09-12 19:42:39.621  4894  4894 V lhd     : SetCfgValue: LHD config "LhePatch"="/dev/bbd_patch"
09-12 19:42:39.621  4894  4894 V lhd     : SetCfgValue: LHD config "LheMaxMcuResetTries"="4"
09-12 19:42:39.621  4894  4894 V lhd     : SetCfgValue: LHD config "LheBbdPacket"="/dev/ttyBCM"
09-12 19:42:39.621  4894  4894 V lhd     : SetCfgValue: LHD config "LheBbdControl"="/dev/bbd_control"
09-12 19:42:39.622  4894  4894 V lhd     : SetCfgValue: LHD config "LheBbdSensor"="/dev/bbd_sensor"
09-12 19:42:39.622  4894  4894 V lhd     : SetCfgValue: LHD config "Lhe477xDebugFlags"="RPC:FACILITY=33:STDOUT_PUTS:STDOUT_LOG"
09-12 19:42:39.622  4894  4894 E lhd     : SetCfgValue: Critical Error. Unknown configuration parameter "LheSensorIpc"="true"
09-12 19:42:39.622  4894  4894 E lhd     : SetCfgValue: Critical Error. Unknown configuration parameter "LhePinMux"="P17=M1"
09-12 19:42:39.622  4894  4894 V lhd     : SetCfgValue: LHD config "LheAutoBaudDelayMS"="10"
09-12 19:42:39.622  4894  4894 V lhd     : SetCfgValue: LHD config "LheMaxMcuResetTries"="3"
09-12 19:42:39.622  4894  4894 E lhd     : OpenFirmwareFile: Fail to open /efs/sec_efs/sensorhub_urgent_fw.patch, errno 2
09-12 19:42:39.622  4894  4894 E lhd     : getCustPatchVersion: Fail to parse patch /efs/sec_efs/sensorhub_urgent_fw.patch
09-12 19:42:39.622  4894  4894 E lhd     : getCustPatchVersion: <CustomerVersion> not found
09-12 19:42:39.686  3178  3178 D gpsd    : WakeLock(Acquire,GPSD)
09-12 19:42:39.686  4894  4894 D lhd     : OnIpcConnect
09-12 19:42:39.686  3178  3178 D gpsd    : WakeLock(Release,GPSD)
09-12 19:42:39.686  3178  3178 D gpsd    : WakeLock(Acquire,GPSD)
09-12 19:42:39.687  3178  3178 D gpsd    : WakeLock(Release,GPSD)
09-12 19:42:54.702  3178  3178 D gpsd    : WakeLock(Acquire,GPSD)
09-12 19:42:54.703  3178  3178 D gpsd    : WakeLock(Release,GPSD)
09-12 19:42:54.703  3178  3178 D gpsd    : WakeLock(Acquire,GPSD)
09-12 19:42:54.704  3178  3178 D gpsd    : WakeLock(Release,GPSD)
09-12 19:42:54.775  4898  4898 V lhd     : GlLhdInterface::Init(/system/etc/lhd.conf)
09-12 19:42:54.776  4898  4898 E lhd     : SetCfgValue: Critical Error. Unknown configuration parameter "FlpName"="tcp"
09-12 19:42:54.776  4898  4898 V lhd     : SetCfgValue: LHD config "LheSerialControl"="BBD:Serial=TTY"
09-12 19:42:54.776  4898  4898 E lhd     : SetCfgValue: Critical Error. Unknown configuration parameter "LheClockMHz"="100"
09-12 19:42:54.776  4898  4898 V lhd     : SetCfgValue: LHD config "LhePatch"="/dev/bbd_patch"
09-12 19:42:54.776  4898  4898 V lhd     : SetCfgValue: LHD config "LheMaxMcuResetTries"="4"
09-12 19:42:54.776  4898  4898 V lhd     : SetCfgValue: LHD config "LheBbdPacket"="/dev/ttyBCM"
09-12 19:42:54.776  4898  4898 V lhd     : SetCfgValue: LHD config "LheBbdControl"="/dev/bbd_control"
09-12 19:42:54.776  4898  4898 V lhd     : SetCfgValue: LHD config "LheBbdSensor"="/dev/bbd_sensor"
09-12 19:42:54.776  4898  4898 V lhd     : SetCfgValue: LHD config "Lhe477xDebugFlags"="RPC:FACILITY=33:STDOUT_PUTS:STDOUT_LOG"
09-12 19:42:54.776  4898  4898 E lhd     : SetCfgValue: Critical Error. Unknown configuration parameter "LheSensorIpc"="true"
09-12 19:42:54.776  4898  4898 E lhd     : SetCfgValue: Critical Error. Unknown configuration parameter "LhePinMux"="P17=M1"
09-12 19:42:54.776  4898  4898 V lhd     : SetCfgValue: LHD config "LheAutoBaudDelayMS"="10"
09-12 19:42:54.776  4898  4898 V lhd     : SetCfgValue: LHD config "LheMaxMcuResetTries"="3"
09-12 19:42:54.776  4898  4898 E lhd     : OpenFirmwareFile: Fail to open /efs/sec_efs/sensorhub_urgent_fw.patch, errno 2
09-12 19:42:54.776  4898  4898 E lhd     : getCustPatchVersion: Fail to parse patch /efs/sec_efs/sensorhub_urgent_fw.patch
09-12 19:42:54.776  4898  4898 E lhd     : getCustPatchVersion: <CustomerVersion> not found
09-12 19:42:54.843  3178  3178 D gpsd    : WakeLock(Acquire,GPSD)
09-12 19:42:54.843  3178  3178 D gpsd    : WakeLock(Release,GPSD)
09-12 19:42:54.843  4898  4898 D lhd     : OnIpcConnect
09-12 19:42:54.843  3178  3178 D gpsd    : WakeLock(Acquire,GPSD)
09-12 19:42:54.843  3178  3178 D gpsd    : WakeLock(Release,GPSD)
09-12 19:43:09.864  3178  3178 D gpsd    : WakeLock(Acquire,GPSD)
09-12 19:43:09.865  3178  3178 D gpsd    : WakeLock(Release,GPSD)
09-12 19:43:09.865  3178  3178 D gpsd    : WakeLock(Acquire,GPSD)
09-12 19:43:09.866  3178  3178 D gpsd    : WakeLock(Release,GPSD)
09-12 19:43:09.936  4904  4904 V lhd     : GlLhdInterface::Init(/system/etc/lhd.conf)
09-12 19:43:09.936  4904  4904 E lhd     : SetCfgValue: Critical Error. Unknown configuration parameter "FlpName"="tcp"
09-12 19:43:09.936  4904  4904 V lhd     : SetCfgValue: LHD config "LheSerialControl"="BBD:Serial=TTY"
09-12 19:43:09.936  4904  4904 E lhd     : SetCfgValue: Critical Error. Unknown configuration parameter "LheClockMHz"="100"
09-12 19:43:09.936  4904  4904 V lhd     : SetCfgValue: LHD config "LhePatch"="/dev/bbd_patch"
09-12 19:43:09.936  4904  4904 V lhd     : SetCfgValue: LHD config "LheMaxMcuResetTries"="4"
09-12 19:43:09.937  4904  4904 V lhd     : SetCfgValue: LHD config "LheBbdPacket"="/dev/ttyBCM"
09-12 19:43:09.937  4904  4904 V lhd     : SetCfgValue: LHD config "LheBbdControl"="/dev/bbd_control"
09-12 19:43:09.937  4904  4904 V lhd     : SetCfgValue: LHD config "LheBbdSensor"="/dev/bbd_sensor"
09-12 19:43:09.937  4904  4904 V lhd     : SetCfgValue: LHD config "Lhe477xDebugFlags"="RPC:FACILITY=33:STDOUT_PUTS:STDOUT_LOG"
09-12 19:43:09.937  4904  4904 E lhd     : SetCfgValue: Critical Error. Unknown configuration parameter "LheSensorIpc"="true"
09-12 19:43:09.937  4904  4904 E lhd     : SetCfgValue: Critical Error. Unknown configuration parameter "LhePinMux"="P17=M1"
09-12 19:43:09.937  4904  4904 V lhd     : SetCfgValue: LHD config "LheAutoBaudDelayMS"="10"
09-12 19:43:09.937  4904  4904 V lhd     : SetCfgValue: LHD config "LheMaxMcuResetTries"="3"
09-12 19:43:09.937  4904  4904 E lhd     : OpenFirmwareFile: Fail to open /efs/sec_efs/sensorhub_urgent_fw.patch, errno 2
09-12 19:43:09.937  4904  4904 E lhd     : getCustPatchVersion: Fail to parse patch /efs/sec_efs/sensorhub_urgent_fw.patch
09-12 19:43:09.937  4904  4904 E lhd     : getCustPatchVersion: <CustomerVersion> not found
09-12 19:43:10.002  3178  3178 D gpsd    : WakeLock(Acquire,GPSD)
09-12 19:43:10.002  4904  4904 D lhd     : OnIpcConnect
09-12 19:43:10.002  3178  3178 D gpsd    : WakeLock(Release,GPSD)
09-12 19:43:10.002  3178  3178 D gpsd    : WakeLock(Acquire,GPSD)
09-12 19:43:10.002  3178  3178 D gpsd    : WakeLock(Release,GPSD)
09-12 19:43:25.017  3178  3178 D gpsd    : WakeLock(Acquire,GPSD)
09-12 19:43:25.018  3178  3178 D gpsd    : WakeLock(Release,GPSD)
09-12 19:43:25.018  3178  3178 D gpsd    : WakeLock(Acquire,GPSD)
09-12 19:43:25.018  3178  3178 D gpsd    : WakeLock(Release,GPSD)
09-12 19:43:25.086  4908  4908 V lhd     : GlLhdInterface::Init(/system/etc/lhd.conf)
09-12 19:43:25.086  4908  4908 E lhd     : SetCfgValue: Critical Error. Unknown configuration parameter "FlpName"="tcp"
09-12 19:43:25.086  4908  4908 V lhd     : SetCfgValue: LHD config "LheSerialControl"="BBD:Serial=TTY"
09-12 19:43:25.086  4908  4908 E lhd     : SetCfgValue: Critical Error. Unknown configuration parameter "LheClockMHz"="100"
09-12 19:43:25.086  4908  4908 V lhd     : SetCfgValue: LHD config "LhePatch"="/dev/bbd_patch"
09-12 19:43:25.086  4908  4908 V lhd     : SetCfgValue: LHD config "LheMaxMcuResetTries"="4"
09-12 19:43:25.086  4908  4908 V lhd     : SetCfgValue: LHD config "LheBbdPacket"="/dev/ttyBCM"
09-12 19:43:25.086  4908  4908 V lhd     : SetCfgValue: LHD config "LheBbdControl"="/dev/bbd_control"
09-12 19:43:25.086  4908  4908 V lhd     : SetCfgValue: LHD config "LheBbdSensor"="/dev/bbd_sensor"
09-12 19:43:25.086  4908  4908 V lhd     : SetCfgValue: LHD config "Lhe477xDebugFlags"="RPC:FACILITY=33:STDOUT_PUTS:STDOUT_LOG"
09-12 19:43:25.087  4908  4908 E lhd     : SetCfgValue: Critical Error. Unknown configuration parameter "LheSensorIpc"="true"
09-12 19:43:25.087  4908  4908 E lhd     : SetCfgValue: Critical Error. Unknown configuration parameter "LhePinMux"="P17=M1"
09-12 19:43:25.087  4908  4908 V lhd     : SetCfgValue: LHD config "LheAutoBaudDelayMS"="10"
09-12 19:43:25.087  4908  4908 V lhd     : SetCfgValue: LHD config "LheMaxMcuResetTries"="3"
09-12 19:43:25.087  4908  4908 E lhd     : OpenFirmwareFile: Fail to open /efs/sec_efs/sensorhub_urgent_fw.patch, errno 2
09-12 19:43:25.087  4908  4908 E lhd     : getCustPatchVersion: Fail to parse patch /efs/sec_efs/sensorhub_urgent_fw.patch
09-12 19:43:25.087  4908  4908 E lhd     : getCustPatchVersion: <CustomerVersion> not found
09-12 19:43:25.152  3178  3178 D gpsd    : WakeLock(Acquire,GPSD)
09-12 19:43:25.152  3178  3178 D gpsd    : WakeLock(Release,GPSD)
09-12 19:43:25.152  3178  3178 D gpsd    : WakeLock(Acquire,GPSD)
09-12 19:43:25.152  3178  3178 D gpsd    : WakeLock(Release,GPSD)
09-12 19:43:25.153  4908  4908 D lhd     : OnIpcConnect
09-12 19:43:40.170  3178  3178 D gpsd    : WakeLock(Acquire,GPSD)
09-12 19:43:40.171  3178  3178 D gpsd    : WakeLock(Release,GPSD)
09-12 19:43:40.171  3178  3178 D gpsd    : WakeLock(Acquire,GPSD)
09-12 19:43:40.171  3178  3178 D gpsd    : WakeLock(Release,GPSD)
09-12 19:43:40.244  4915  4915 V lhd     : GlLhdInterface::Init(/system/etc/lhd.conf)
09-12 19:43:40.244  4915  4915 E lhd     : SetCfgValue: Critical Error. Unknown configuration parameter "FlpName"="tcp"
09-12 19:43:40.244  4915  4915 V lhd     : SetCfgValue: LHD config "LheSerialControl"="BBD:Serial=TTY"
09-12 19:43:40.244  4915  4915 E lhd     : SetCfgValue: Critical Error. Unknown configuration parameter "LheClockMHz"="100"
09-12 19:43:40.244  4915  4915 V lhd     : SetCfgValue: LHD config "LhePatch"="/dev/bbd_patch"
09-12 19:43:40.244  4915  4915 V lhd     : SetCfgValue: LHD config "LheMaxMcuResetTries"="4"
09-12 19:43:40.244  4915  4915 V lhd     : SetCfgValue: LHD config "LheBbdPacket"="/dev/ttyBCM"
09-12 19:43:40.244  4915  4915 V lhd     : SetCfgValue: LHD config "LheBbdControl"="/dev/bbd_control"
09-12 19:43:40.244  4915  4915 V lhd     : SetCfgValue: LHD config "LheBbdSensor"="/dev/bbd_sensor"
09-12 19:43:40.244  4915  4915 V lhd     : SetCfgValue: LHD config "Lhe477xDebugFlags"="RPC:FACILITY=33:STDOUT_PUTS:STDOUT_LOG"
09-12 19:43:40.244  4915  4915 E lhd     : SetCfgValue: Critical Error. Unknown configuration parameter "LheSensorIpc"="true"
09-12 19:43:40.244  4915  4915 E lhd     : SetCfgValue: Critical Error. Unknown configuration parameter "LhePinMux"="P17=M1"
09-12 19:43:40.244  4915  4915 V lhd     : SetCfgValue: LHD config "LheAutoBaudDelayMS"="10"
09-12 19:43:40.244  4915  4915 V lhd     : SetCfgValue: LHD config "LheMaxMcuResetTries"="3"
09-12 19:43:40.244  4915  4915 E lhd     : OpenFirmwareFile: Fail to open /efs/sec_efs/sensorhub_urgent_fw.patch, errno 2
09-12 19:43:40.245  4915  4915 E lhd     : getCustPatchVersion: Fail to parse patch /efs/sec_efs/sensorhub_urgent_fw.patch
09-12 19:43:40.245  4915  4915 E lhd     : getCustPatchVersion: <CustomerVersion> not found
09-12 19:43:40.311  3178  3178 D gpsd    : WakeLock(Acquire,GPSD)
09-12 19:43:40.311  3178  3178 D gpsd    : WakeLock(Release,GPSD)
09-12 19:43:40.311  4915  4915 D lhd     : OnIpcConnect
09-12 19:43:40.311  3178  3178 D gpsd    : WakeLock(Acquire,GPSD)
09-12 19:43:40.311  3178  3178 D gpsd    : WakeLock(Release,GPSD)
09-12 19:43:55.330  3178  3178 D gpsd    : WakeLock(Acquire,GPSD)
09-12 19:43:55.331  3178  3178 D gpsd    : WakeLock(Release,GPSD)
09-12 19:43:55.331  3178  3178 D gpsd    : WakeLock(Acquire,GPSD)
09-12 19:43:55.332  3178  3178 D gpsd    : WakeLock(Release,GPSD)
09-12 19:43:55.397  4925  4925 V lhd     : GlLhdInterface::Init(/system/etc/lhd.conf)
09-12 19:43:55.398  4925  4925 E lhd     : SetCfgValue: Critical Error. Unknown configuration parameter "FlpName"="tcp"
09-12 19:43:55.398  4925  4925 V lhd     : SetCfgValue: LHD config "LheSerialControl"="BBD:Serial=TTY"
09-12 19:43:55.398  4925  4925 E lhd     : SetCfgValue: Critical Error. Unknown configuration parameter "LheClockMHz"="100"
09-12 19:43:55.398  4925  4925 V lhd     : SetCfgValue: LHD config "LhePatch"="/dev/bbd_patch"
09-12 19:43:55.398  4925  4925 V lhd     : SetCfgValue: LHD config "LheMaxMcuResetTries"="4"
09-12 19:43:55.398  4925  4925 V lhd     : SetCfgValue: LHD config "LheBbdPacket"="/dev/ttyBCM"
09-12 19:43:55.398  4925  4925 V lhd     : SetCfgValue: LHD config "LheBbdControl"="/dev/bbd_control"
09-12 19:43:55.398  4925  4925 V lhd     : SetCfgValue: LHD config "LheBbdSensor"="/dev/bbd_sensor"
09-12 19:43:55.398  4925  4925 V lhd     : SetCfgValue: LHD config "Lhe477xDebugFlags"="RPC:FACILITY=33:STDOUT_PUTS:STDOUT_LOG"
09-12 19:43:55.398  4925  4925 E lhd     : SetCfgValue: Critical Error. Unknown configuration parameter "LheSensorIpc"="true"
09-12 19:43:55.398  4925  4925 E lhd     : SetCfgValue: Critical Error. Unknown configuration parameter "LhePinMux"="P17=M1"
09-12 19:43:55.398  4925  4925 V lhd     : SetCfgValue: LHD config "LheAutoBaudDelayMS"="10"
09-12 19:43:55.399  4925  4925 V lhd     : SetCfgValue: LHD config "LheMaxMcuResetTries"="3"
09-12 19:43:55.399  4925  4925 E lhd     : OpenFirmwareFile: Fail to open /efs/sec_efs/sensorhub_urgent_fw.patch, errno 2
09-12 19:43:55.399  4925  4925 E lhd     : getCustPatchVersion: Fail to parse patch /efs/sec_efs/sensorhub_urgent_fw.patch
09-12 19:43:55.399  4925  4925 E lhd     : getCustPatchVersion: <CustomerVersion> not found
09-12 19:43:55.464  3178  3178 D gpsd    : WakeLock(Acquire,GPSD)
09-12 19:43:55.464  4925  4925 D lhd     : OnIpcConnect
09-12 19:43:55.464  3178  3178 D gpsd    : WakeLock(Release,GPSD)
09-12 19:43:55.464  3178  3178 D gpsd    : WakeLock(Acquire,GPSD)
09-12 19:43:55.464  3178  3178 D gpsd    : WakeLock(Release,GPSD)
09-12 19:44:10.483  3178  3178 D gpsd    : WakeLock(Acquire,GPSD)
09-12 19:44:10.484  3178  3178 D gpsd    : WakeLock(Release,GPSD)
09-12 19:44:10.484  3178  3178 D gpsd    : WakeLock(Acquire,GPSD)
09-12 19:44:10.484  3178  3178 D gpsd    : WakeLock(Release,GPSD)
09-12 19:44:10.556  4931  4931 V lhd     : GlLhdInterface::Init(/system/etc/lhd.conf)
09-12 19:44:10.556  4931  4931 E lhd     : SetCfgValue: Critical Error. Unknown configuration parameter "FlpName"="tcp"
09-12 19:44:10.556  4931  4931 V lhd     : SetCfgValue: LHD config "LheSerialControl"="BBD:Serial=TTY"
09-12 19:44:10.556  4931  4931 E lhd     : SetCfgValue: Critical Error. Unknown configuration parameter "LheClockMHz"="100"
09-12 19:44:10.556  4931  4931 V lhd     : SetCfgValue: LHD config "LhePatch"="/dev/bbd_patch"
09-12 19:44:10.556  4931  4931 V lhd     : SetCfgValue: LHD config "LheMaxMcuResetTries"="4"
09-12 19:44:10.556  4931  4931 V lhd     : SetCfgValue: LHD config "LheBbdPacket"="/dev/ttyBCM"
09-12 19:44:10.556  4931  4931 V lhd     : SetCfgValue: LHD config "LheBbdControl"="/dev/bbd_control"
09-12 19:44:10.556  4931  4931 V lhd     : SetCfgValue: LHD config "LheBbdSensor"="/dev/bbd_sensor"
09-12 19:44:10.556  4931  4931 V lhd     : SetCfgValue: LHD config "Lhe477xDebugFlags"="RPC:FACILITY=33:STDOUT_PUTS:STDOUT_LOG"
09-12 19:44:10.556  4931  4931 E lhd     : SetCfgValue: Critical Error. Unknown configuration parameter "LheSensorIpc"="true"
09-12 19:44:10.556  4931  4931 E lhd     : SetCfgValue: Critical Error. Unknown configuration parameter "LhePinMux"="P17=M1"
09-12 19:44:10.556  4931  4931 V lhd     : SetCfgValue: LHD config "LheAutoBaudDelayMS"="10"
09-12 19:44:10.556  4931  4931 V lhd     : SetCfgValue: LHD config "LheMaxMcuResetTries"="3"
09-12 19:44:10.557  4931  4931 E lhd     : OpenFirmwareFile: Fail to open /efs/sec_efs/sensorhub_urgent_fw.patch, errno 2
09-12 19:44:10.557  4931  4931 E lhd     : getCustPatchVersion: Fail to parse patch /efs/sec_efs/sensorhub_urgent_fw.patch
09-12 19:44:10.557  4931  4931 E lhd     : getCustPatchVersion: <CustomerVersion> not found
09-12 19:44:10.622  3178  3178 D gpsd    : WakeLock(Acquire,GPSD)
09-12 19:44:10.623  4931  4931 D lhd     : OnIpcConnect
09-12 19:44:10.623  3178  3178 D gpsd    : WakeLock(Release,GPSD)
09-12 19:44:10.623  3178  3178 D gpsd    : WakeLock(Acquire,GPSD)
09-12 19:44:10.623  3178  3178 D gpsd    : WakeLock(Release,GPSD)
09-12 19:44:25.643  3178  3178 D gpsd    : WakeLock(Acquire,GPSD)
09-12 19:44:25.644  3178  3178 D gpsd    : WakeLock(Release,GPSD)
09-12 19:44:25.644  3178  3178 D gpsd    : WakeLock(Acquire,GPSD)
09-12 19:44:25.644  3178  3178 D gpsd    : WakeLock(Release,GPSD)
09-12 19:44:25.710  4936  4936 V lhd     : GlLhdInterface::Init(/system/etc/lhd.conf)
09-12 19:44:25.710  4936  4936 E lhd     : SetCfgValue: Critical Error. Unknown configuration parameter "FlpName"="tcp"
09-12 19:44:25.710  4936  4936 V lhd     : SetCfgValue: LHD config "LheSerialControl"="BBD:Serial=TTY"
09-12 19:44:25.711  4936  4936 E lhd     : SetCfgValue: Critical Error. Unknown configuration parameter "LheClockMHz"="100"
09-12 19:44:25.711  4936  4936 V lhd     : SetCfgValue: LHD config "LhePatch"="/dev/bbd_patch"
09-12 19:44:25.711  4936  4936 V lhd     : SetCfgValue: LHD config "LheMaxMcuResetTries"="4"
09-12 19:44:25.711  4936  4936 V lhd     : SetCfgValue: LHD config "LheBbdPacket"="/dev/ttyBCM"
