09-13 01:45:44.223  4016  4016 E         : Failed to open libcsm_data, some features may not be present.
09-13 01:45:44.223  3077  3077 W         : debuggerd: handling request: pid=4011 uid=1047 gid=1023 tid=4011
09-13 01:45:44.228  4017  4017 E         : debuggerd: Unable to connect to activity manager (connect failed: No such file or directory)
09-13 01:45:44.231  3087  3087 W auditd  : type=1325 audit(0.0:290): table=filter family=2 entries=9
09-13 01:45:44.231  3087  3087 W auditd  : type=1320 audit(0.0:290): 
09-13 01:45:44.235  4012  4012 F libc    : CANNOT LINK EXECUTABLE "/system/bin/app_process64": cannot locate symbol "_ZN7android14CameraMetadata14getTagFromNameEPKcPKNS_19VendorTagDescriptorEPj" referenced by "/system/lib64/libandroid_runtime.so"...
09-13 01:45:44.235  4012  4012 F libc    : Fatal signal 6 (SIGABRT), code -6 in tid 4012 (app_process64)
09-13 01:45:44.235  3078  3078 W         : debuggerd: handling request: pid=4012 uid=0 gid=0 tid=4012
09-13 01:45:44.236  4015  4015 F libc    : CANNOT LINK EXECUTABLE "/system/bin/mediaserver": cannot locate symbol "_ZNK7android8hardware7camera26params19OutputConfiguration14getSurfaceTypeEv" referenced by "/system/lib/libcameraservice.so"...
09-13 01:45:44.236  4015  4015 F libc    : Fatal signal 6 (SIGABRT), code -6 in tid 4015 (mediaserver)
09-13 01:45:44.242  4013  4013 F libc    : CANNOT LINK EXECUTABLE "/system/bin/app_process32": cannot locate symbol "_ZN7android14CameraMetadata14getTagFromNameEPKcPKNS_19VendorTagDescriptorEPj" referenced by "/system/lib/libandroid_runtime.so"...
09-13 01:45:44.242  4013  4013 F libc    : Fatal signal 6 (SIGABRT), code -6 in tid 4013 (app_process32)
09-13 01:45:44.243  4020  4020 E         : debuggerd: Unable to connect to activity manager (connect failed: No such file or directory)
09-13 01:45:44.239  3087  3087 W auditd  : type=1325 audit(0.0:291): table=filter family=10 entries=12
09-13 01:45:44.239  3087  3087 W auditd  : type=1320 audit(0.0:291): 
09-13 01:45:44.251  3087  3087 W auditd  : type=1325 audit(0.0:292): table=filter family=2 entries=8
09-13 01:45:44.251  3087  3087 W auditd  : type=1320 audit(0.0:292): 
09-13 01:45:44.259  3087  3087 W auditd  : type=1325 audit(0.0:293): table=filter family=10 entries=11
09-13 01:45:44.259  3087  3087 W auditd  : type=1320 audit(0.0:293): 
09-13 01:45:44.267  3087  3087 W auditd  : type=1325 audit(0.0:294): table=filter family=2 entries=8
09-13 01:45:44.267  3087  3087 W auditd  : type=1320 audit(0.0:294): 
09-13 01:45:44.279  4017  4017 F DEBUG   : *** *** *** *** *** *** *** *** *** *** *** *** *** *** *** ***
09-13 01:45:44.279  4017  4017 F DEBUG   : LineageOS Version: '14.1-20170912-UNOFFICIAL-dream2lte'
09-13 01:45:44.279  4017  4017 F DEBUG   : Build fingerprint: 'samsung/dream2ltexx/dream2lte:7.0/NRD90M/G955FXXU1AQH3:user/release-keys'
09-13 01:45:44.279  4017  4017 F DEBUG   : Revision: '0'
09-13 01:45:44.279  4017  4017 F DEBUG   : ABI: 'arm'
09-13 01:45:44.279  4017  4017 F DEBUG   : pid: 4011, tid: 4011, name: cameraserver  >>> /system/bin/cameraserver <<<
09-13 01:45:44.279  4017  4017 F DEBUG   : signal 6 (SIGABRT), code -6 (SI_TKILL), fault addr --------
09-13 01:45:44.279  4017  4017 F DEBUG   :     r0 00000000  r1 00000fab  r2 00000006  r3 00000008
09-13 01:45:44.279  4017  4017 F DEBUG   :     r4 f776e58c  r5 00000006  r6 f776e534  r7 0000010c
09-13 01:45:44.279  4017  4017 F DEBUG   :     r8 ffd127a8  r9 00000001  sl ffd127d0  fp f76fb010
09-13 01:45:44.279  4017  4017 F DEBUG   :     ip 00000000  sp ffd12740  lr f774df8f  pc f774e9a8  cpsr 200f0010
09-13 01:45:44.275  3087  3087 W auditd  : type=1325 audit(0.0:295): table=filter family=10 entries=11
09-13 01:45:44.275  3087  3087 W auditd  : type=1320 audit(0.0:295): 
09-13 01:45:44.283  4017  4017 F DEBUG   : 
09-13 01:45:44.283  4017  4017 F DEBUG   : backtrace:
09-13 01:45:44.283  4017  4017 F DEBUG   :     #00 pc 000469a8  /system/bin/linker (__dl_tgkill+12)
09-13 01:45:44.283  4017  4017 F DEBUG   :     #01 pc 00045f8b  /system/bin/linker (__dl_pthread_kill+34)
09-13 01:45:44.283  4017  4017 F DEBUG   :     #02 pc 0003e32f  /system/bin/linker (__dl_raise+10)
09-13 01:45:44.283  4017  4017 F DEBUG   :     #03 pc 0003cdeb  /system/bin/linker (__dl___libc_android_abort+34)
09-13 01:45:44.283  4017  4017 F DEBUG   :     #04 pc 0003bbbc  /system/bin/linker (__dl_abort+4)
09-13 01:45:44.283  4017  4017 F DEBUG   :     #05 pc 0003de2b  /system/bin/linker (__dl___libc_fatal+22)
09-13 01:45:44.284  4017  4017 F DEBUG   :     #06 pc 00009c43  /system/bin/linker (__dl__ZL29__linker_init_post_relocationR19KernelArgumentBlockj+3146)
09-13 01:45:44.284  4017  4017 F DEBUG   :     #07 pc 00008f63  /system/bin/linker (__dl___linker_init+358)
09-13 01:45:44.284  4017  4017 F DEBUG   :     #08 pc 000027c0  /system/bin/linker (_start+4)
09-13 01:45:44.290  4014  4014 I         : sMaxFastTracks = 8
09-13 01:45:44.290  4014  4014 I audioserver: ServiceManager: 0xf6799440
09-13 01:45:44.290  4014  4014 W BatteryNotifier: batterystats service unavailable!
09-13 01:45:44.290  4014  4014 I AudioFlinger: Using default 3000 mSec as standby time.
09-13 01:45:44.287  3087  3087 W auditd  : type=1325 audit(0.0:296): table=filter family=2 entries=6
09-13 01:45:44.287  3087  3087 W auditd  : type=1320 audit(0.0:296): 
09-13 01:45:44.291  4014  4014 I AudioPolicyService: AudioPolicyService CSTOR in new mode
09-13 01:45:44.291  4014  4014 W APM::ConfigParsingUtils: loadOutput() invalid supported devices
09-13 01:45:44.291  4014  4014 W APM::ConfigParsingUtils: loadInput() invalid supported devices
09-13 01:45:44.291  4014  4014 W APM::ConfigParsingUtils: loadInput() invalid supported devices
09-13 01:45:44.291  4014  4014 I APM::ConfigParsingUtils: loadAudioPolicyConfig() loaded /vendor/etc/audio_policy.conf
09-13 01:45:44.293  4020  4020 F DEBUG   : *** *** *** *** *** *** *** *** *** *** *** *** *** *** *** ***
09-13 01:45:44.293  4020  4020 F DEBUG   : LineageOS Version: '14.1-20170912-UNOFFICIAL-dream2lte'
09-13 01:45:44.293  4020  4020 F DEBUG   : Build fingerprint: 'samsung/dream2ltexx/dream2lte:7.0/NRD90M/G955FXXU1AQH3:user/release-keys'
09-13 01:45:44.293  4020  4020 F DEBUG   : Revision: '0'
09-13 01:45:44.293  4020  4020 F DEBUG   : ABI: 'arm64'
09-13 01:45:44.293  4020  4020 F DEBUG   : pid: 4012, tid: 4012, name: app_process64  >>> /system/bin/app_process64 <<<
09-13 01:45:44.293  4020  4020 F DEBUG   : signal 6 (SIGABRT), code -6 (SI_TKILL), fault addr --------
09-13 01:45:44.293  4020  4020 F DEBUG   :     x0   0000000000000000  x1   0000000000000fac  x2   0000000000000006  x3   0000000000000008
09-13 01:45:44.294  4020  4020 F DEBUG   :     x4   0000000000000030  x5   00000000000000d0  x6   fefefefefefefeff  x7   7f7f7f7f7f7f7f7f
09-13 01:45:44.294  4020  4020 F DEBUG   :     x8   0000000000000083  x9   ffffffffffffffdf  x10  0000000000000000  x11  0000000000000001
09-13 01:45:44.294  4020  4020 F DEBUG   :     x12  ffffffffffffffff  x13  0000000000000000  x14  0000000000000000  x15  000e08e9b66dd2fe
09-13 01:45:44.294  4020  4020 F DEBUG   :     x16  0000007fcb33e950  x17  0000007fcb33e81f  x18  00000000ffffffff  x19  0000007f9e0cfb40
09-13 01:45:44.294  4020  4020 F DEBUG   :     x20  0000000000000006  x21  0000007f9e0cfa98  x22  0000000000000000  x23  0000007f9e007010
09-13 01:45:44.294  4020  4020 F DEBUG   :     x24  000000000000000c  x25  0000007fcb33f5b0  x26  0000007fcb33f610  x27  0000007f9e00c1b8
09-13 01:45:44.294  4020  4020 F DEBUG   :     x28  0000007f9e00c010  x29  0000007fcb33f420  x30  0000007f9e08f334
09-13 01:45:44.294  4020  4020 F DEBUG   :     sp   0000007fcb33f400  pc   0000007f9e08fe64  pstate 0000000060000000
09-13 01:45:44.295  4014  4014 V audio_hw_primary_abox: device-adev_open: enter
09-13 01:45:44.295  4014  4014 V DiamondVoice: + diamondvoice_open
09-13 01:45:44.295  4014  4014 D AudioInfo: MPS_CODE : ARO, get MPS_CODE
09-13 01:45:44.295  4014  4014 D AudioInfo: can not find AudioDataPath for fileName:/DiamondVoice/
09-13 01:45:44.295  4014  4014 V DiamondVoice: There is no DiamondVoice tuning data in CSC 
09-13 01:45:44.295  4014  4014 V DiamondVoice: - diamondvoice_open
09-13 01:45:44.296  4014  4014 I AudioRil: ### mMultiSim : 0
09-13 01:45:44.296  4014  4014 D audio_hw_primary_abox: device-adev_open: Successed to init Voice Manager!
09-13 01:45:44.296  4020  4020 F DEBUG   : 
09-13 01:45:44.296  4020  4020 F DEBUG   : backtrace:
09-13 01:45:44.296  4020  4020 F DEBUG   :     #00 pc 0000000000075e64  /system/bin/linker64 (__dl_tgkill+8)
09-13 01:45:44.296  4020  4020 F DEBUG   :     #01 pc 0000000000075330  /system/bin/linker64 (__dl_pthread_kill+64)
09-13 01:45:44.296  4020  4020 F DEBUG   :     #02 pc 0000000000068e24  /system/bin/linker64 (__dl_raise+24)
09-13 01:45:44.296  4020  4020 F DEBUG   :     #03 pc 00000000000667f8  /system/bin/linker64 (__dl_abort+52)
09-13 01:45:44.296  4020  4020 F DEBUG   :     #04 pc 00000000000689ac  /system/bin/linker64 (__dl___libc_fatal+104)
09-13 01:45:44.296  4020  4020 F DEBUG   :     #05 pc 0000000000010e3c  /system/bin/linker64 (__dl__ZL29__linker_init_post_relocationR19KernelArgumentBlocky+6216)
09-13 01:45:44.297  4020  4020 F DEBUG   :     #06 pc 000000000000f554  /system/bin/linker64 (__dl___linker_init+528)
09-13 01:45:44.297  4020  4020 F DEBUG   :     #07 pc 0000000000006cd0  /system/bin/linker64 (_start+4)
09-13 01:45:44.299  3087  3087 W auditd  : type=1325 audit(0.0:297): table=filter family=10 entries=9
09-13 01:45:44.299  3087  3087 W auditd  : type=1320 audit(0.0:297): 
09-13 01:45:44.303  4011  4011 W cameraserver: type=1701 audit(0.0:298): auid=4294967295 uid=1047 gid=1023 ses=4294967295 subj=u:r:cameraserver:s0 exe="/system/bin/cameraserver" sig=6
09-13 01:45:44.306  3077  3077 W         : debuggerd: resuming target 4011
09-13 01:45:44.306  3077  3077 W         : debuggerd: handling request: pid=4015 uid=1013 gid=1005 tid=4015
09-13 01:45:44.307  3087  3087 W auditd  : type=1325 audit(0.0:299): table=filter family=2 entries=8
09-13 01:45:44.307  3087  3087 W auditd  : type=1320 audit(0.0:299): 
09-13 01:45:44.312  4036  4036 E         : debuggerd: Unable to connect to activity manager (connect failed: No such file or directory)
09-13 01:45:44.319  3087  3087 W auditd  : type=1325 audit(0.0:300): table=filter family=10 entries=11
09-13 01:45:44.326  3078  3078 W         : debuggerd: resuming target 4012
09-13 01:45:44.329  3160  3160 I ServiceManager: service 'media.audio_flinger' died
09-13 01:45:44.362  4036  4036 E DEBUG   : unexpected waitpid response: n=4015, status=00000009
09-13 01:45:44.362  4036  4036 E         : debuggerd: timed out waiting for signal
09-13 01:45:44.362  4036  4036 E         : debuggerd: ptrace detach from 4015 failed: No such process
09-13 01:45:44.363  3077  3077 W         : debuggerd: resuming target 4015
09-13 01:45:44.363  3077  3077 E         : debuggerd: failed to send signal 18 to target: No such process
09-13 01:45:44.363  3077  3077 W         : debuggerd: handling request: pid=4013 uid=0 gid=0 tid=4013
09-13 01:45:44.370  4043  4043 E         : debuggerd: Unable to connect to activity manager (connect failed: No such file or directory)
09-13 01:45:44.420  4043  4043 F DEBUG   : *** *** *** *** *** *** *** *** *** *** *** *** *** *** *** ***
09-13 01:45:44.420  4043  4043 F DEBUG   : LineageOS Version: '14.1-20170912-UNOFFICIAL-dream2lte'
09-13 01:45:44.420  4043  4043 F DEBUG   : Build fingerprint: 'samsung/dream2ltexx/dream2lte:7.0/NRD90M/G955FXXU1AQH3:user/release-keys'
09-13 01:45:44.421  4043  4043 F DEBUG   : Revision: '0'
09-13 01:45:44.421  4043  4043 F DEBUG   : ABI: 'arm'
09-13 01:45:44.421  4043  4043 F DEBUG   : pid: 4013, tid: 4013, name: app_process32  >>> /system/bin/app_process32 <<<
09-13 01:45:44.421  4043  4043 F DEBUG   : signal 6 (SIGABRT), code -6 (SI_TKILL), fault addr --------
09-13 01:45:44.421  4043  4043 F DEBUG   :     r0 00000000  r1 00000fad  r2 00000006  r3 00000008
09-13 01:45:44.421  4043  4043 F DEBUG   :     r4 f77a058c  r5 00000006  r6 f77a0534  r7 0000010c
09-13 01:45:44.421  4043  4043 F DEBUG   :     r8 fff490a0  r9 00000001  sl fff490d0  fp f772d010
09-13 01:45:44.421  4043  4043 F DEBUG   :     ip 00000000  sp fff49038  lr f777ff8f  pc f77809a8  cpsr 200f0010
09-13 01:45:44.425  4043  4043 F DEBUG   : 
09-13 01:45:44.425  4043  4043 F DEBUG   : backtrace:
09-13 01:45:44.425  4043  4043 F DEBUG   :     #00 pc 000469a8  /system/bin/linker (__dl_tgkill+12)
09-13 01:45:44.425  4043  4043 F DEBUG   :     #01 pc 00045f8b  /system/bin/linker (__dl_pthread_kill+34)
09-13 01:45:44.425  4043  4043 F DEBUG   :     #02 pc 0003e32f  /system/bin/linker (__dl_raise+10)
09-13 01:45:44.425  4043  4043 F DEBUG   :     #03 pc 0003cdeb  /system/bin/linker (__dl___libc_android_abort+34)
09-13 01:45:44.425  4043  4043 F DEBUG   :     #04 pc 0003bbbc  /system/bin/linker (__dl_abort+4)
09-13 01:45:44.425  4043  4043 F DEBUG   :     #05 pc 0003de2b  /system/bin/linker (__dl___libc_fatal+22)
09-13 01:45:44.425  4043  4043 F DEBUG   :     #06 pc 00009c43  /system/bin/linker (__dl__ZL29__linker_init_post_relocationR19KernelArgumentBlockj+3146)
09-13 01:45:44.425  4043  4043 F DEBUG   :     #07 pc 00008f63  /system/bin/linker (__dl___linker_init+358)
09-13 01:45:44.425  4043  4043 F DEBUG   :     #08 pc 000027c0  /system/bin/linker (_start+4)
09-13 01:45:44.460  3077  3077 W         : debuggerd: resuming target 4013
