09-13 01:45:08.723  3719  3719 F DEBUG   :     #07 pc 0000000000006cd0  /system/bin/linker64 (_start+4)
09-13 01:45:08.731  3727  3727 F DEBUG   : *** *** *** *** *** *** *** *** *** *** *** *** *** *** *** ***
09-13 01:45:08.731  3727  3727 F DEBUG   : LineageOS Version: '14.1-20170912-UNOFFICIAL-dream2lte'
09-13 01:45:08.731  3727  3727 F DEBUG   : Build fingerprint: 'samsung/dream2ltexx/dream2lte:7.0/NRD90M/G955FXXU1AQH3:user/release-keys'
09-13 01:45:08.731  3727  3727 F DEBUG   : Revision: '0'
09-13 01:45:08.731  3727  3727 F DEBUG   : ABI: 'arm'
09-13 01:45:08.731  3727  3727 F DEBUG   : pid: 3714, tid: 3714, name: mediaserver  >>> /system/bin/mediaserver <<<
09-13 01:45:08.731  3727  3727 F DEBUG   : signal 6 (SIGABRT), code -6 (SI_TKILL), fault addr --------
09-13 01:45:08.731  3727  3727 F DEBUG   :     r0 00000000  r1 00000e82  r2 00000006  r3 00000008
09-13 01:45:08.731  3727  3727 F DEBUG   :     r4 f719858c  r5 00000006  r6 f7198534  r7 0000010c
09-13 01:45:08.731  3727  3727 F DEBUG   :     r8 ffa03230  r9 00000001  sl ffa03270  fp f7125010
09-13 01:45:08.731  3727  3727 F DEBUG   :     ip 00000000  sp ffa031c8  lr f7177f8f  pc f71789a8  cpsr 200f0010
09-13 01:45:08.735  3727  3727 F DEBUG   : 
09-13 01:45:08.735  3727  3727 F DEBUG   : backtrace:
09-13 01:45:08.735  3727  3727 F DEBUG   :     #00 pc 000469a8  /system/bin/linker (__dl_tgkill+12)
09-13 01:45:08.735  3727  3727 F DEBUG   :     #01 pc 00045f8b  /system/bin/linker (__dl_pthread_kill+34)
09-13 01:45:08.735  3727  3727 F DEBUG   :     #02 pc 0003e32f  /system/bin/linker (__dl_raise+10)
09-13 01:45:08.735  3727  3727 F DEBUG   :     #03 pc 0003cdeb  /system/bin/linker (__dl___libc_android_abort+34)
09-13 01:45:08.735  3727  3727 F DEBUG   :     #04 pc 0003bbbc  /system/bin/linker (__dl_abort+4)
09-13 01:45:08.735  3727  3727 F DEBUG   :     #05 pc 0003de2b  /system/bin/linker (__dl___libc_fatal+22)
09-13 01:45:08.735  3727  3727 F DEBUG   :     #06 pc 00009c43  /system/bin/linker (__dl__ZL29__linker_init_post_relocationR19KernelArgumentBlockj+3146)
09-13 01:45:08.735  3727  3727 F DEBUG   :     #07 pc 00008f63  /system/bin/linker (__dl___linker_init+358)
09-13 01:45:08.735  3727  3727 F DEBUG   :     #08 pc 000027c0  /system/bin/linker (_start+4)
09-13 01:45:08.751  3078  3078 W         : debuggerd: resuming target 3711
09-13 01:45:08.753  3160  3160 I ServiceManager: service 'media.audio_flinger' died
09-13 01:45:08.756  3727  3727 E         : debuggerd: ptrace detach from 3714 failed: No such process
09-13 01:45:08.758  3077  3077 W         : debuggerd: resuming target 3714
09-13 01:45:08.758  3077  3077 E         : debuggerd: failed to send signal 18 to target: No such process
09-13 01:45:08.758  3077  3077 W         : debuggerd: handling request: pid=3712 uid=0 gid=0 tid=3712
09-13 01:45:08.764  3759  3759 E         : debuggerd: Unable to connect to activity manager (connect failed: No such file or directory)
09-13 01:45:08.815  3759  3759 F DEBUG   : *** *** *** *** *** *** *** *** *** *** *** *** *** *** *** ***
09-13 01:45:08.815  3759  3759 F DEBUG   : LineageOS Version: '14.1-20170912-UNOFFICIAL-dream2lte'
09-13 01:45:08.815  3759  3759 F DEBUG   : Build fingerprint: 'samsung/dream2ltexx/dream2lte:7.0/NRD90M/G955FXXU1AQH3:user/release-keys'
09-13 01:45:08.815  3759  3759 F DEBUG   : Revision: '0'
09-13 01:45:08.815  3759  3759 F DEBUG   : ABI: 'arm'
09-13 01:45:08.815  3759  3759 F DEBUG   : pid: 3712, tid: 3712, name: app_process32  >>> /system/bin/app_process32 <<<
09-13 01:45:08.815  3759  3759 F DEBUG   : signal 6 (SIGABRT), code -6 (SI_TKILL), fault addr --------
09-13 01:45:08.815  3759  3759 F DEBUG   :     r0 00000000  r1 00000e80  r2 00000006  r3 00000008
09-13 01:45:08.815  3759  3759 F DEBUG   :     r4 f741558c  r5 00000006  r6 f7415534  r7 0000010c
09-13 01:45:08.815  3759  3759 F DEBUG   :     r8 ffb717e0  r9 00000001  sl ffb71810  fp f73a2010
09-13 01:45:08.815  3759  3759 F DEBUG   :     ip 00000000  sp ffb71778  lr f73f4f8f  pc f73f59a8  cpsr 200f0010
09-13 01:45:08.819  3759  3759 F DEBUG   : 
09-13 01:45:08.819  3759  3759 F DEBUG   : backtrace:
09-13 01:45:08.819  3759  3759 F DEBUG   :     #00 pc 000469a8  /system/bin/linker (__dl_tgkill+12)
09-13 01:45:08.819  3759  3759 F DEBUG   :     #01 pc 00045f8b  /system/bin/linker (__dl_pthread_kill+34)
09-13 01:45:08.819  3759  3759 F DEBUG   :     #02 pc 0003e32f  /system/bin/linker (__dl_raise+10)
09-13 01:45:08.819  3759  3759 F DEBUG   :     #03 pc 0003cdeb  /system/bin/linker (__dl___libc_android_abort+34)
09-13 01:45:08.819  3759  3759 F DEBUG   :     #04 pc 0003bbbc  /system/bin/linker (__dl_abort+4)
09-13 01:45:08.819  3759  3759 F DEBUG   :     #05 pc 0003de2b  /system/bin/linker (__dl___libc_fatal+22)
09-13 01:45:08.819  3759  3759 F DEBUG   :     #06 pc 00009c43  /system/bin/linker (__dl__ZL29__linker_init_post_relocationR19KernelArgumentBlockj+3146)
09-13 01:45:08.819  3759  3759 F DEBUG   :     #07 pc 00008f63  /system/bin/linker (__dl___linker_init+358)
09-13 01:45:08.819  3759  3759 F DEBUG   :     #08 pc 000027c0  /system/bin/linker (_start+4)
09-13 01:45:08.850  3077  3077 W         : debuggerd: resuming target 3712
09-13 01:45:13.894  3764  3764 F libc    : CANNOT LINK EXECUTABLE "/system/bin/cameraserver": cannot locate symbol "_ZNK7android8hardware7camera26params19OutputConfiguration14getSurfaceTypeEv" referenced by "/system/lib/libcameraservice.so"...
09-13 01:45:13.894  3764  3764 F libc    : Fatal signal 6 (SIGABRT), code -6 in tid 3764 (cameraserver)
09-13 01:45:13.894  3077  3077 W         : debuggerd: handling request: pid=3764 uid=1047 gid=1023 tid=3764
09-13 01:45:13.899  3770  3770 E         : debuggerd: Unable to connect to activity manager (connect failed: No such file or directory)
09-13 01:45:13.902  3769  3769 I Netd    : Netd 1.0 starting
09-13 01:45:13.902  3769  3769 D TetherController: Setting IP forward enable = 0
09-13 01:45:13.904  3769  3769 I QtiConnectivityAdapter: Failed to open libconnctrl, some features may not be present.
09-13 01:45:13.904  3769  3769 E         : Failed to open libdatactrl, some features may not be present.
09-13 01:45:13.904  3769  3769 E         : Failed to open libcsm_data, some features may not be present.
09-13 01:45:13.906  3765  3765 F libc    : CANNOT LINK EXECUTABLE "/system/bin/app_process64": cannot locate symbol "_ZN7android14CameraMetadata14getTagFromNameEPKcPKNS_19VendorTagDescriptorEPj" referenced by "/system/lib64/libandroid_runtime.so"...
09-13 01:45:13.906  3765  3765 F libc    : Fatal signal 6 (SIGABRT), code -6 in tid 3765 (app_process64)
09-13 01:45:13.906  3078  3078 W         : debuggerd: handling request: pid=3765 uid=0 gid=0 tid=3765
09-13 01:45:13.912  3768  3768 F libc    : CANNOT LINK EXECUTABLE "/system/bin/mediaserver": cannot locate symbol "_ZNK7android8hardware7camera26params19OutputConfiguration14getSurfaceTypeEv" referenced by "/system/lib/libcameraservice.so"...
09-13 01:45:13.912  3768  3768 F libc    : Fatal signal 6 (SIGABRT), code -6 in tid 3768 (mediaserver)
09-13 01:45:13.912  3766  3766 F libc    : CANNOT LINK EXECUTABLE "/system/bin/app_process32": cannot locate symbol "_ZN7android14CameraMetadata14getTagFromNameEPKcPKNS_19VendorTagDescriptorEPj" referenced by "/system/lib/libandroid_runtime.so"...
09-13 01:45:13.912  3766  3766 F libc    : Fatal signal 6 (SIGABRT), code -6 in tid 3766 (app_process32)
09-13 01:45:13.911  3087  3087 W auditd  : type=1325 audit(0.0:212): table=filter family=2 entries=10
09-13 01:45:13.911  3087  3087 W auditd  : type=1320 audit(0.0:212): 
09-13 01:45:13.913  3772  3772 E         : debuggerd: Unable to connect to activity manager (connect failed: No such file or directory)
09-13 01:45:13.919  3087  3087 W auditd  : type=1325 audit(0.0:213): table=filter family=10 entries=12
09-13 01:45:13.919  3087  3087 W auditd  : type=1320 audit(0.0:213): 
09-13 01:45:13.927  3087  3087 W auditd  : type=1325 audit(0.0:214): table=filter family=2 entries=9
09-13 01:45:13.927  3087  3087 W auditd  : type=1320 audit(0.0:214): 
09-13 01:45:13.935  3087  3087 W auditd  : type=1325 audit(0.0:215): table=filter family=10 entries=11
09-13 01:45:13.935  3087  3087 W auditd  : type=1320 audit(0.0:215): 
09-13 01:45:13.949  3770  3770 F DEBUG   : *** *** *** *** *** *** *** *** *** *** *** *** *** *** *** ***
09-13 01:45:13.949  3770  3770 F DEBUG   : LineageOS Version: '14.1-20170912-UNOFFICIAL-dream2lte'
09-13 01:45:13.949  3770  3770 F DEBUG   : Build fingerprint: 'samsung/dream2ltexx/dream2lte:7.0/NRD90M/G955FXXU1AQH3:user/release-keys'
09-13 01:45:13.949  3770  3770 F DEBUG   : Revision: '0'
09-13 01:45:13.949  3770  3770 F DEBUG   : ABI: 'arm'
09-13 01:45:13.950  3770  3770 F DEBUG   : pid: 3764, tid: 3764, name: cameraserver  >>> /system/bin/cameraserver <<<
09-13 01:45:13.950  3767  3767 I         : sMaxFastTracks = 8
09-13 01:45:13.950  3770  3770 F DEBUG   : signal 6 (SIGABRT), code -6 (SI_TKILL), fault addr --------
09-13 01:45:13.950  3770  3770 F DEBUG   :     r0 00000000  r1 00000eb4  r2 00000006  r3 00000008
09-13 01:45:13.950  3770  3770 F DEBUG   :     r4 f75d758c  r5 00000006  r6 f75d7534  r7 0000010c
09-13 01:45:13.950  3770  3770 F DEBUG   :     r8 ff8a6e38  r9 00000001  sl ff8a6e60  fp f7564010
09-13 01:45:13.950  3770  3770 F DEBUG   :     ip 00000000  sp ff8a6dd0  lr f75b6f8f  pc f75b79a8  cpsr 200f0010
09-13 01:45:13.947  3087  3087 W auditd  : type=1325 audit(0.0:216): table=filter family=2 entries=9
09-13 01:45:13.947  3087  3087 W auditd  : type=1320 audit(0.0:216): 
09-13 01:45:13.950  3767  3767 I audioserver: ServiceManager: 0xf6299440
09-13 01:45:13.951  3767  3767 W BatteryNotifier: batterystats service unavailable!
09-13 01:45:13.951  3767  3767 I AudioFlinger: Using default 3000 mSec as standby time.
09-13 01:45:13.951  3767  3767 I AudioPolicyService: AudioPolicyService CSTOR in new mode
09-13 01:45:13.951  3767  3767 W APM::ConfigParsingUtils: loadOutput() invalid supported devices
09-13 01:45:13.951  3767  3767 W APM::ConfigParsingUtils: loadInput() invalid supported devices
09-13 01:45:13.951  3767  3767 W APM::ConfigParsingUtils: loadInput() invalid supported devices
09-13 01:45:13.951  3767  3767 I APM::ConfigParsingUtils: loadAudioPolicyConfig() loaded /vendor/etc/audio_policy.conf
09-13 01:45:13.953  3770  3770 F DEBUG   : 
09-13 01:45:13.953  3770  3770 F DEBUG   : backtrace:
09-13 01:45:13.954  3770  3770 F DEBUG   :     #00 pc 000469a8  /system/bin/linker (__dl_tgkill+12)
09-13 01:45:13.954  3770  3770 F DEBUG   :     #01 pc 00045f8b  /system/bin/linker (__dl_pthread_kill+34)
09-13 01:45:13.954  3770  3770 F DEBUG   :     #02 pc 0003e32f  /system/bin/linker (__dl_raise+10)
09-13 01:45:13.954  3770  3770 F DEBUG   :     #03 pc 0003cdeb  /system/bin/linker (__dl___libc_android_abort+34)
09-13 01:45:13.954  3770  3770 F DEBUG   :     #04 pc 0003bbbc  /system/bin/linker (__dl_abort+4)
09-13 01:45:13.954  3770  3770 F DEBUG   :     #05 pc 0003de2b  /system/bin/linker (__dl___libc_fatal+22)
09-13 01:45:13.954  3770  3770 F DEBUG   :     #06 pc 00009c43  /system/bin/linker (__dl__ZL29__linker_init_post_relocationR19KernelArgumentBlockj+3146)
09-13 01:45:13.954  3770  3770 F DEBUG   :     #07 pc 00008f63  /system/bin/linker (__dl___linker_init+358)
09-13 01:45:13.954  3770  3770 F DEBUG   :     #08 pc 000027c0  /system/bin/linker (_start+4)
09-13 01:45:13.955  3767  3767 V audio_hw_primary_abox: device-adev_open: enter
09-13 01:45:13.955  3767  3767 V DiamondVoice: + diamondvoice_open
09-13 01:45:13.955  3767  3767 D AudioInfo: MPS_CODE : ARO, get MPS_CODE
09-13 01:45:13.955  3767  3767 D AudioInfo: can not find AudioDataPath for fileName:/DiamondVoice/
09-13 01:45:13.955  3767  3767 V DiamondVoice: There is no DiamondVoice tuning data in CSC 
09-13 01:45:13.955  3767  3767 V DiamondVoice: - diamondvoice_open
09-13 01:45:13.955  3767  3767 I AudioRil: ### mMultiSim : 0
09-13 01:45:13.955  3767  3767 D audio_hw_primary_abox: device-adev_open: Successed to init Voice Manager!
09-13 01:45:13.955  3087  3087 W auditd  : type=1325 audit(0.0:217): table=filter family=10 entries=11
09-13 01:45:13.955  3087  3087 W auditd  : type=1320 audit(0.0:217): 
09-13 01:45:13.967  3087  3087 W auditd  : type=1325 audit(0.0:218): table=filter family=2 entries=7
09-13 01:45:13.964  3772  3772 F DEBUG   : *** *** *** *** *** *** *** *** *** *** *** *** *** *** *** ***
09-13 01:45:13.967  3087  3087 W auditd  : type=1320 audit(0.0:218): 
09-13 01:45:13.964  3772  3772 F DEBUG   : LineageOS Version: '14.1-20170912-UNOFFICIAL-dream2lte'
09-13 01:45:13.964  3772  3772 F DEBUG   : Build fingerprint: 'samsung/dream2ltexx/dream2lte:7.0/NRD90M/G955FXXU1AQH3:user/release-keys'
09-13 01:45:13.964  3772  3772 F DEBUG   : Revision: '0'
09-13 01:45:13.964  3772  3772 F DEBUG   : ABI: 'arm64'
09-13 01:45:13.964  3772  3772 F DEBUG   : pid: 3765, tid: 3765, name: app_process64  >>> /system/bin/app_process64 <<<
09-13 01:45:13.964  3772  3772 F DEBUG   : signal 6 (SIGABRT), code -6 (SI_TKILL), fault addr --------
09-13 01:45:13.964  3772  3772 F DEBUG   :     x0   0000000000000000  x1   0000000000000eb5  x2   0000000000000006  x3   0000000000000008
09-13 01:45:13.964  3772  3772 F DEBUG   :     x4   0000000000000030  x5   00000000000000d0  x6   fefefefefefefeff  x7   7f7f7f7f7f7f7f7f
09-13 01:45:13.964  3772  3772 F DEBUG   :     x8   0000000000000083  x9   ffffffffffffffdf  x10  0000000000000000  x11  0000000000000001
09-13 01:45:13.964  3772  3772 F DEBUG   :     x12  ffffffffffffffff  x13  0000000000000000  x14  0000000000000000  x15  0036037bfa46a9da
09-13 01:45:13.964  3772  3772 F DEBUG   :     x16  0000007fd9a2f8c0  x17  0000007fd9a2f78f  x18  00000000ffffffff  x19  0000007fa35b0b40
09-13 01:45:13.965  3772  3772 F DEBUG   :     x20  0000000000000006  x21  0000007fa35b0a98  x22  0000000000000000  x23  0000007fa34e8010
09-13 01:45:13.965  3772  3772 F DEBUG   :     x24  000000000000000c  x25  0000007fd9a30520  x26  0000007fd9a30580  x27  0000007fa34ed1b8
09-13 01:45:13.965  3772  3772 F DEBUG   :     x28  0000007fa34ed010  x29  0000007fd9a30390  x30  0000007fa3570334
09-13 01:45:13.965  3772  3772 F DEBUG   :     sp   0000007fd9a30370  pc   0000007fa3570e64  pstate 0000000060000000
09-13 01:45:13.967  3772  3772 F DEBUG   : 
09-13 01:45:13.967  3772  3772 F DEBUG   : backtrace:
09-13 01:45:13.967  3772  3772 F DEBUG   :     #00 pc 0000000000075e64  /system/bin/linker64 (__dl_tgkill+8)
09-13 01:45:13.967  3772  3772 F DEBUG   :     #01 pc 0000000000075330  /system/bin/linker64 (__dl_pthread_kill+64)
09-13 01:45:13.967  3772  3772 F DEBUG   :     #02 pc 0000000000068e24  /system/bin/linker64 (__dl_raise+24)
09-13 01:45:13.967  3772  3772 F DEBUG   :     #03 pc 00000000000667f8  /system/bin/linker64 (__dl_abort+52)
09-13 01:45:13.967  3772  3772 F DEBUG   :     #04 pc 00000000000689ac  /system/bin/linker64 (__dl___libc_fatal+104)
09-13 01:45:13.967  3772  3772 F DEBUG   :     #05 pc 0000000000010e3c  /system/bin/linker64 (__dl__ZL29__linker_init_post_relocationR19KernelArgumentBlocky+6216)
09-13 01:45:13.967  3772  3772 F DEBUG   :     #06 pc 000000000000f554  /system/bin/linker64 (__dl___linker_init+528)
09-13 01:45:13.967  3772  3772 F DEBUG   :     #07 pc 0000000000006cd0  /system/bin/linker64 (_start+4)
09-13 01:45:13.975  3087  3087 W auditd  : type=1325 audit(0.0:219): table=filter family=10 entries=9
09-13 01:45:13.975  3087  3087 W auditd  : type=1320 audit(0.0:219): 
09-13 01:45:13.979  3764  3764 W cameraserver: type=1701 audit(0.0:220): auid=4294967295 uid=1047 gid=1023 ses=4294967295 subj=u:r:cameraserver:s0 exe="/system/bin/cameraserver" sig=6
09-13 01:45:13.983  3077  3077 W         : debuggerd: resuming target 3764
09-13 01:45:13.983  3077  3077 E         : debuggerd: failed to send signal 18 to target: No such process
09-13 01:45:13.983  3077  3077 W         : debuggerd: handling request: pid=3768 uid=1013 gid=1005 tid=3768
09-13 01:45:13.989  3789  3789 E         : debuggerd: Unable to connect to activity manager (connect failed: No such file or directory)
09-13 01:45:13.987  3087  3087 W auditd  : type=1325 audit(0.0:221): table=filter family=2 entries=9
09-13 01:45:13.987  3087  3087 W auditd  : type=1320 audit(0.0:221): 
09-13 01:45:13.991  3765  3765 W app_process64: type=1701 audit(0.0:222): auid=4294967295 uid=0 gid=0 ses=4294967295 subj=u:r:zygote:s0 exe="/system/bin/app_process64" sig=6
09-13 01:45:13.996  3078  3078 W         : debuggerd: resuming target 3765
09-13 01:45:13.999  3160  3160 I ServiceManager: service 'media.audio_flinger' died
09-13 01:45:14.039  3789  3789 E DEBUG   : unexpected waitpid response: n=3768, status=00000009
09-13 01:45:14.039  3789  3789 E         : debuggerd: timed out waiting for signal
09-13 01:45:14.040  3789  3789 E         : debuggerd: ptrace detach from 3768 failed: No such process
09-13 01:45:14.041  3077  3077 W         : debuggerd: resuming target 3768
09-13 01:45:14.041  3077  3077 E         : debuggerd: failed to send signal 18 to target: No such process
09-13 01:45:14.041  3077  3077 W         : debuggerd: handling request: pid=3766 uid=0 gid=0 tid=3766
09-13 01:45:14.047  3795  3795 E         : debuggerd: Unable to connect to activity manager (connect failed: No such file or directory)
09-13 01:45:14.098  3795  3795 F DEBUG   : *** *** *** *** *** *** *** *** *** *** *** *** *** *** *** ***
09-13 01:45:14.098  3795  3795 F DEBUG   : LineageOS Version: '14.1-20170912-UNOFFICIAL-dream2lte'
09-13 01:45:14.098  3795  3795 F DEBUG   : Build fingerprint: 'samsung/dream2ltexx/dream2lte:7.0/NRD90M/G955FXXU1AQH3:user/release-keys'
09-13 01:45:14.098  3795  3795 F DEBUG   : Revision: '0'
09-13 01:45:14.098  3795  3795 F DEBUG   : ABI: 'arm'
09-13 01:45:14.098  3795  3795 F DEBUG   : pid: 3766, tid: 3766, name: app_process32  >>> /system/bin/app_process32 <<<
09-13 01:45:14.098  3795  3795 F DEBUG   : signal 6 (SIGABRT), code -6 (SI_TKILL), fault addr --------
09-13 01:45:14.098  3795  3795 F DEBUG   :     r0 00000000  r1 00000eb6  r2 00000006  r3 00000008
09-13 01:45:14.098  3795  3795 F DEBUG   :     r4 f736a58c  r5 00000006  r6 f736a534  r7 0000010c
09-13 01:45:14.098  3795  3795 F DEBUG   :     r8 ffeff520  r9 00000001  sl ffeff550  fp f72f7010
09-13 01:45:14.098  3795  3795 F DEBUG   :     ip 00000000  sp ffeff4b8  lr f7349f8f  pc f734a9a8  cpsr 200f0010
09-13 01:45:14.102  3795  3795 F DEBUG   : 
09-13 01:45:14.102  3795  3795 F DEBUG   : backtrace:
09-13 01:45:14.102  3795  3795 F DEBUG   :     #00 pc 000469a8  /system/bin/linker (__dl_tgkill+12)
09-13 01:45:14.102  3795  3795 F DEBUG   :     #01 pc 00045f8b  /system/bin/linker (__dl_pthread_kill+34)
09-13 01:45:14.102  3795  3795 F DEBUG   :     #02 pc 0003e32f  /system/bin/linker (__dl_raise+10)
09-13 01:45:14.102  3795  3795 F DEBUG   :     #03 pc 0003cdeb  /system/bin/linker (__dl___libc_android_abort+34)
09-13 01:45:14.102  3795  3795 F DEBUG   :     #04 pc 0003bbbc  /system/bin/linker (__dl_abort+4)
09-13 01:45:14.102  3795  3795 F DEBUG   :     #05 pc 0003de2b  /system/bin/linker (__dl___libc_fatal+22)
09-13 01:45:14.102  3795  3795 F DEBUG   :     #06 pc 00009c43  /system/bin/linker (__dl__ZL29__linker_init_post_relocationR19KernelArgumentBlockj+3146)
09-13 01:45:14.102  3795  3795 F DEBUG   :     #07 pc 00008f63  /system/bin/linker (__dl___linker_init+358)
09-13 01:45:14.102  3795  3795 F DEBUG   :     #08 pc 000027c0  /system/bin/linker (_start+4)
09-13 01:45:14.132  3077  3077 W         : debuggerd: resuming target 3766
09-13 01:45:19.227  3806  3806 I Netd    : Netd 1.0 starting
09-13 01:45:19.227  3806  3806 D TetherController: Setting IP forward enable = 0
09-13 01:45:19.233  3806  3806 I QtiConnectivityAdapter: Failed to open libconnctrl, some features may not be present.
09-13 01:45:19.233  3806  3806 E         : Failed to open libdatactrl, some features may not be present.
09-13 01:45:19.233  3806  3806 E         : Failed to open libcsm_data, some features may not be present.
09-13 01:45:19.238  3801  3801 F libc    : CANNOT LINK EXECUTABLE "/system/bin/cameraserver": cannot locate symbol "_ZNK7android8hardware7camera26params19OutputConfiguration14getSurfaceTypeEv" referenced by "/system/lib/libcameraservice.so"...
09-13 01:45:19.238  3801  3801 F libc    : Fatal signal 6 (SIGABRT), code -6 in tid 3801 (cameraserver)
09-13 01:45:19.239  3077  3077 W         : debuggerd: handling request: pid=3801 uid=1047 gid=1023 tid=3801
09-13 01:45:19.242  3802  3802 F libc    : CANNOT LINK EXECUTABLE "/system/bin/app_process64": cannot locate symbol "_ZN7android14CameraMetadata14getTagFromNameEPKcPKNS_19VendorTagDescriptorEPj" referenced by "/system/lib64/libandroid_runtime.so"...
09-13 01:45:19.242  3802  3802 F libc    : Fatal signal 6 (SIGABRT), code -6 in tid 3802 (app_process64)
09-13 01:45:19.243  3078  3078 W         : debuggerd: handling request: pid=3802 uid=0 gid=0 tid=3802
09-13 01:45:19.243  3087  3087 W auditd  : type=1325 audit(0.0:225): table=filter family=2 entries=10
09-13 01:45:19.243  3087  3087 W auditd  : type=1320 audit(0.0:225): 
09-13 01:45:19.250  3808  3808 E         : debuggerd: Unable to connect to activity manager (connect failed: No such file or directory)
09-13 01:45:19.255  3809  3809 E         : debuggerd: Unable to connect to activity manager (connect failed: No such file or directory)
09-13 01:45:19.272  3805  3805 F libc    : CANNOT LINK EXECUTABLE "/system/bin/mediaserver": cannot locate symbol "_ZNK7android8hardware7camera26params19OutputConfiguration14getSurfaceTypeEv" referenced by "/system/lib/libcameraservice.so"...
09-13 01:45:19.272  3805  3805 F libc    : Fatal signal 6 (SIGABRT), code -6 in tid 3805 (mediaserver)
09-13 01:45:19.271  3087  3087 W auditd  : type=1325 audit(0.0:226): table=filter family=2 entries=9
09-13 01:45:19.271  3087  3087 W auditd  : type=1320 audit(0.0:226): 
09-13 01:45:19.279  3803  3803 F libc    : CANNOT LINK EXECUTABLE "/system/bin/app_process32": cannot locate symbol "_ZN7android14CameraMetadata14getTagFromNameEPKcPKNS_19VendorTagDescriptorEPj" referenced by "/system/lib/libandroid_runtime.so"...
09-13 01:45:19.279  3803  3803 F libc    : Fatal signal 6 (SIGABRT), code -6 in tid 3803 (app_process32)
09-13 01:45:19.283  3087  3087 W auditd  : type=1325 audit(0.0:227): table=filter family=10 entries=11
09-13 01:45:19.283  3087  3087 W auditd  : type=1320 audit(0.0:227): 
09-13 01:45:19.295  3087  3087 W auditd  : type=1325 audit(0.0:228): table=filter family=2 entries=9
09-13 01:45:19.295  3087  3087 W auditd  : type=1320 audit(0.0:228): 
09-13 01:45:19.301  3808  3808 F DEBUG   : *** *** *** *** *** *** *** *** *** *** *** *** *** *** *** ***
09-13 01:45:19.301  3808  3808 F DEBUG   : LineageOS Version: '14.1-20170912-UNOFFICIAL-dream2lte'
09-13 01:45:19.301  3808  3808 F DEBUG   : Build fingerprint: 'samsung/dream2ltexx/dream2lte:7.0/NRD90M/G955FXXU1AQH3:user/release-keys'
09-13 01:45:19.301  3808  3808 F DEBUG   : Revision: '0'
09-13 01:45:19.301  3808  3808 F DEBUG   : ABI: 'arm'
09-13 01:45:19.301  3808  3808 F DEBUG   : pid: 3801, tid: 3801, name: cameraserver  >>> /system/bin/cameraserver <<<
09-13 01:45:19.301  3808  3808 F DEBUG   : signal 6 (SIGABRT), code -6 (SI_TKILL), fault addr --------
09-13 01:45:19.301  3808  3808 F DEBUG   :     r0 00000000  r1 00000ed9  r2 00000006  r3 00000008
09-13 01:45:19.302  3808  3808 F DEBUG   :     r4 f70a658c  r5 00000006  r6 f70a6534  r7 0000010c
09-13 01:45:19.302  3808  3808 F DEBUG   :     r8 ffdef5b8  r9 00000001  sl ffdef5e0  fp f7033010
09-13 01:45:19.302  3808  3808 F DEBUG   :     ip 00000000  sp ffdef550  lr f7085f8f  pc f70869a8  cpsr 200f0010
09-13 01:45:19.306  3809  3809 F DEBUG   : *** *** *** *** *** *** *** *** *** *** *** *** *** *** *** ***
09-13 01:45:19.306  3809  3809 F DEBUG   : LineageOS Version: '14.1-20170912-UNOFFICIAL-dream2lte'
09-13 01:45:19.306  3809  3809 F DEBUG   : Build fingerprint: 'samsung/dream2ltexx/dream2lte:7.0/NRD90M/G955FXXU1AQH3:user/release-keys'
09-13 01:45:19.306  3809  3809 F DEBUG   : Revision: '0'
09-13 01:45:19.306  3809  3809 F DEBUG   : ABI: 'arm64'
09-13 01:45:19.306  3809  3809 F DEBUG   : pid: 3802, tid: 3802, name: app_process64  >>> /system/bin/app_process64 <<<
09-13 01:45:19.306  3809  3809 F DEBUG   : signal 6 (SIGABRT), code -6 (SI_TKILL), fault addr --------
09-13 01:45:19.306  3809  3809 F DEBUG   :     x0   0000000000000000  x1   0000000000000eda  x2   0000000000000006  x3   0000000000000008
09-13 01:45:19.306  3809  3809 F DEBUG   :     x4   0000000000000030  x5   00000000000000d0  x6   fefefefefefefeff  x7   7f7f7f7f7f7f7f7f
09-13 01:45:19.307  3809  3809 F DEBUG   :     x8   0000000000000083  x9   ffffffffffffffdf  x10  0000000000000000  x11  0000000000000001
09-13 01:45:19.307  3809  3809 F DEBUG   :     x12  ffffffffffffffff  x13  0000000000000000  x14  0000000000000000  x15  000e77738f130eba
09-13 01:45:19.307  3809  3809 F DEBUG   :     x16  0000007feee55860  x17  0000007feee5572f  x18  00000000ffffffff  x19  0000007f9c1bcb40
09-13 01:45:19.307  3809  3809 F DEBUG   :     x20  0000000000000006  x21  0000007f9c1bca98  x22  0000000000000000  x23  0000007f9c0f4010
09-13 01:45:19.311  3087  3087 W auditd  : type=1325 audit(0.0:229): table=filter family=10 entries=11
09-13 01:45:19.311  3087  3087 W auditd  : type=1320 audit(0.0:229): 
09-13 01:45:19.320  3804  3804 I         : sMaxFastTracks = 8
09-13 01:45:19.321  3804  3804 I audioserver: ServiceManager: 0xf6a19440
09-13 01:45:19.321  3804  3804 W BatteryNotifier: batterystats service unavailable!
09-13 01:45:19.321  3804  3804 I AudioFlinger: Using default 3000 mSec as standby time.
09-13 01:45:19.321  3804  3804 I AudioPolicyService: AudioPolicyService CSTOR in new mode
09-13 01:45:19.322  3804  3804 W APM::ConfigParsingUtils: loadOutput() invalid supported devices
09-13 01:45:19.322  3804  3804 W APM::ConfigParsingUtils: loadInput() invalid supported devices
09-13 01:45:19.322  3804  3804 W APM::ConfigParsingUtils: loadInput() invalid supported devices
09-13 01:45:19.322  3804  3804 I APM::ConfigParsingUtils: loadAudioPolicyConfig() loaded /vendor/etc/audio_policy.conf
09-13 01:45:19.326  3804  3804 V audio_hw_primary_abox: device-adev_open: enter
09-13 01:45:19.326  3804  3804 V DiamondVoice: + diamondvoice_open
09-13 01:45:19.326  3804  3804 D AudioInfo: MPS_CODE : ARO, get MPS_CODE
09-13 01:45:19.326  3804  3804 D AudioInfo: can not find AudioDataPath for fileName:/DiamondVoice/
09-13 01:45:19.326  3804  3804 V DiamondVoice: There is no DiamondVoice tuning data in CSC 
09-13 01:45:19.326  3804  3804 V DiamondVoice: - diamondvoice_open
09-13 01:45:19.326  3804  3804 I AudioRil: ### mMultiSim : 0
09-13 01:45:19.326  3804  3804 D audio_hw_primary_abox: device-adev_open: Successed to init Voice Manager!
09-13 01:45:19.327  3087  3087 W auditd  : type=1325 audit(0.0:230): table=filter family=2 entries=7
09-13 01:45:19.327  3087  3087 W auditd  : type=1320 audit(0.0:230): 
09-13 01:45:19.343  3087  3087 W auditd  : type=1325 audit(0.0:231): table=filter family=10 entries=9
09-13 01:45:19.343  3087  3087 W auditd  : type=1320 audit(0.0:231): 
09-13 01:45:19.343  3801  3801 W cameraserver: type=1701 audit(0.0:232): auid=4294967295 uid=1047 gid=1023 ses=4294967295 subj=u:r:cameraserver:s0 exe="/system/bin/cameraserver" sig=6
09-13 01:45:19.349  3077  3077 W         : debuggerd: resuming target 3801
09-13 01:45:19.350  3077  3077 W         : debuggerd: handling request: pid=3805 uid=1013 gid=1005 tid=3805
09-13 01:45:19.356  3827  3827 E         : debuggerd: Unable to connect to activity manager (connect failed: No such file or directory)
09-13 01:45:19.351  3802  3802 W app_process64: type=1701 audit(0.0:233): auid=4294967295 uid=0 gid=0 ses=4294967295 subj=u:r:zygote:s0 exe="/system/bin/app_process64" sig=6
09-13 01:45:19.351  3087  3087 W auditd  : type=1325 audit(0.0:234): table=filter family=2 entries=9
09-13 01:45:19.351  3087  3087 W auditd  : type=1320 audit(0.0:234): 
09-13 01:45:19.356  3827  3827 F DEBUG   : *** *** *** *** *** *** *** *** *** *** *** *** *** *** *** ***
09-13 01:45:19.358  3078  3078 W         : debuggerd: resuming target 3802
09-13 01:45:19.358  3078  3078 E         : debuggerd: failed to send signal 18 to target: No such process
09-13 01:45:19.358  3827  3827 F DEBUG   : LineageOS Version: '14.1-20170912-UNOFFICIAL-dream2lte'
09-13 01:45:19.358  3827  3827 F DEBUG   : Build fingerprint: 'samsung/dream2ltexx/dream2lte:7.0/NRD90M/G955FXXU1AQH3:user/release-keys'
09-13 01:45:19.358  3827  3827 F DEBUG   : Revision: '0'
09-13 01:45:19.358  3827  3827 F DEBUG   : ABI: 'arm'
09-13 01:45:19.358  3827  3827 F DEBUG   : pid: 3805, tid: 3805, name: mediaserver  >>> UNKNOWN <<<
09-13 01:45:19.358  3827  3827 E DEBUG   : cannot get siginfo: No such process
09-13 01:45:19.358  3827  3827 E DEBUG   : cannot get registers: No such process
09-13 01:45:19.358  3827  3827 W libbacktrace: virtual bool UnwindPtrace::Unwind(size_t, ucontext_t *): unw_init_remote failed -3
09-13 01:45:19.358  3827  3827 E DEBUG   : Unwind failed: pid = 3805, tid = 3805
09-13 01:45:19.358  3827  3827 E DEBUG   : cannot get registers: No such process
09-13 01:45:19.359  3827  3827 E DEBUG   : Cannot get siginfo for 3805: No such process
09-13 01:45:19.361  3160  3160 I ServiceManager: service 'media.audio_flinger' died
09-13 01:45:19.366  3827  3827 E         : debuggerd: ptrace detach from 3805 failed: No such process
09-13 01:45:19.367  3077  3077 W         : debuggerd: resuming target 3805
09-13 01:45:19.367  3077  3077 W         : debuggerd: handling request: pid=3803 uid=0 gid=0 tid=3803
09-13 01:45:19.374  3835  3835 E         : debuggerd: Unable to connect to activity manager (connect failed: No such file or directory)
09-13 01:45:19.424  3835  3835 F DEBUG   : *** *** *** *** *** *** *** *** *** *** *** *** *** *** *** ***
09-13 01:45:19.425  3835  3835 F DEBUG   : LineageOS Version: '14.1-20170912-UNOFFICIAL-dream2lte'
09-13 01:45:19.425  3835  3835 F DEBUG   : Build fingerprint: 'samsung/dream2ltexx/dream2lte:7.0/NRD90M/G955FXXU1AQH3:user/release-keys'
09-13 01:45:19.425  3835  3835 F DEBUG   : Revision: '0'
09-13 01:45:19.425  3835  3835 F DEBUG   : ABI: 'arm'
09-13 01:45:19.425  3835  3835 F DEBUG   : pid: 3803, tid: 3803, name: app_process32  >>> /system/bin/app_process32 <<<
09-13 01:45:19.425  3835  3835 F DEBUG   : signal 6 (SIGABRT), code -6 (SI_TKILL), fault addr --------
09-13 01:45:19.425  3835  3835 F DEBUG   :     r0 00000000  r1 00000edb  r2 00000006  r3 00000008
09-13 01:45:19.425  3835  3835 F DEBUG   :     r4 f768458c  r5 00000006  r6 f7684534  r7 0000010c
09-13 01:45:19.425  3835  3835 F DEBUG   :     r8 ffc9dd90  r9 00000001  sl ffc9ddc0  fp f7611010
09-13 01:45:19.425  3835  3835 F DEBUG   :     ip 00000000  sp ffc9dd28  lr f7663f8f  pc f76649a8  cpsr 200f0010
09-13 01:45:19.429  3835  3835 F DEBUG   : 
09-13 01:45:19.429  3835  3835 F DEBUG   : backtrace:
09-13 01:45:19.429  3835  3835 F DEBUG   :     #00 pc 000469a8  /system/bin/linker (__dl_tgkill+12)
09-13 01:45:19.429  3835  3835 F DEBUG   :     #01 pc 00045f8b  /system/bin/linker (__dl_pthread_kill+34)
09-13 01:45:19.429  3835  3835 F DEBUG   :     #02 pc 0003e32f  /system/bin/linker (__dl_raise+10)
09-13 01:45:19.429  3835  3835 F DEBUG   :     #03 pc 0003cdeb  /system/bin/linker (__dl___libc_android_abort+34)
09-13 01:45:19.429  3835  3835 F DEBUG   :     #04 pc 0003bbbc  /system/bin/linker (__dl_abort+4)
09-13 01:45:19.429  3835  3835 F DEBUG   :     #05 pc 0003de2b  /system/bin/linker (__dl___libc_fatal+22)
09-13 01:45:19.430  3835  3835 F DEBUG   :     #06 pc 00009c43  /system/bin/linker (__dl__ZL29__linker_init_post_relocationR19KernelArgumentBlockj+3146)
09-13 01:45:19.430  3835  3835 F DEBUG   :     #07 pc 00008f63  /system/bin/linker (__dl___linker_init+358)
09-13 01:45:19.430  3835  3835 F DEBUG   :     #08 pc 000027c0  /system/bin/linker (_start+4)
09-13 01:45:19.459  3803  3803 W app_process32: type=1701 audit(0.0:235): auid=4294967295 uid=0 gid=0 ses=4294967295 subj=u:r:zygote:s0 exe="/system/bin/app_process32" sig=6
09-13 01:45:19.463  3077  3077 W         : debuggerd: resuming target 3803
09-13 01:45:20.717  3181  3181 D gpsd    : WakeLock(Acquire,GPSD)
09-13 01:45:20.718  3181  3181 D gpsd    : WakeLock(Release,GPSD)
09-13 01:45:20.718  3181  3181 D gpsd    : WakeLock(Acquire,GPSD)
09-13 01:45:20.718  3181  3181 D gpsd    : WakeLock(Release,GPSD)
09-13 01:45:20.788  3841  3841 V lhd     : GlLhdInterface::Init(/system/etc/lhd.conf)
09-13 01:45:20.790  3841  3841 E lhd     : SetCfgValue: Critical Error. Unknown configuration parameter "FlpName"="tcp"
09-13 01:45:20.790  3841  3841 V lhd     : SetCfgValue: LHD config "LheSerialControl"="BBD:Serial=TTY"
09-13 01:45:20.790  3841  3841 E lhd     : SetCfgValue: Critical Error. Unknown configuration parameter "LheClockMHz"="100"
09-13 01:45:20.790  3841  3841 V lhd     : SetCfgValue: LHD config "LhePatch"="/dev/bbd_patch"
09-13 01:45:20.790  3841  3841 V lhd     : SetCfgValue: LHD config "LheMaxMcuResetTries"="4"
09-13 01:45:20.790  3841  3841 V lhd     : SetCfgValue: LHD config "LheBbdPacket"="/dev/ttyBCM"
09-13 01:45:20.790  3841  3841 V lhd     : SetCfgValue: LHD config "LheBbdControl"="/dev/bbd_control"
09-13 01:45:20.790  3841  3841 V lhd     : SetCfgValue: LHD config "LheBbdSensor"="/dev/bbd_sensor"
09-13 01:45:20.790  3841  3841 V lhd     : SetCfgValue: LHD config "Lhe477xDebugFlags"="RPC:FACILITY=33:STDOUT_PUTS:STDOUT_LOG"
09-13 01:45:20.790  3841  3841 E lhd     : SetCfgValue: Critical Error. Unknown configuration parameter "LheSensorIpc"="true"
09-13 01:45:20.790  3841  3841 E lhd     : SetCfgValue: Critical Error. Unknown configuration parameter "LhePinMux"="P17=M1"
09-13 01:45:20.790  3841  3841 V lhd     : SetCfgValue: LHD config "LheAutoBaudDelayMS"="10"
09-13 01:45:20.790  3841  3841 V lhd     : SetCfgValue: LHD config "LheMaxMcuResetTries"="3"
09-13 01:45:20.790  3841  3841 E lhd     : OpenFirmwareFile: Fail to open /efs/sec_efs/sensorhub_urgent_fw.patch, errno 2
09-13 01:45:20.790  3841  3841 E lhd     : getCustPatchVersion: Fail to parse patch /efs/sec_efs/sensorhub_urgent_fw.patch
09-13 01:45:20.790  3841  3841 E lhd     : getCustPatchVersion: <CustomerVersion> not found
09-13 01:45:20.855  3181  3181 D gpsd    : WakeLock(Acquire,GPSD)
09-13 01:45:20.855  3181  3181 D gpsd    : WakeLock(Release,GPSD)
09-13 01:45:20.855  3841  3841 D lhd     : OnIpcConnect
09-13 01:45:20.855  3181  3181 D gpsd    : WakeLock(Acquire,GPSD)
09-13 01:45:20.855  3181  3181 D gpsd    : WakeLock(Release,GPSD)
09-13 01:45:23.782  3845  3845 F libc    : CANNOT LINK EXECUTABLE "/system/bin/cameraserver": cannot locate symbol "_ZNK7android8hardware7camera26params19OutputConfiguration14getSurfaceTypeEv" referenced by "/system/lib/libcameraservice.so"...
09-13 01:45:23.782  3845  3845 F libc    : Fatal signal 6 (SIGABRT), code -6 in tid 3845 (cameraserver)
09-13 01:45:23.782  3077  3077 W         : debuggerd: handling request: pid=3845 uid=1047 gid=1023 tid=3845
09-13 01:45:23.784  3850  3850 I Netd    : Netd 1.0 starting
09-13 01:45:23.784  3850  3850 D TetherController: Setting IP forward enable = 0
09-13 01:45:23.788  3851  3851 E         : debuggerd: Unable to connect to activity manager (connect failed: No such file or directory)
09-13 01:45:23.791  3850  3850 I QtiConnectivityAdapter: Failed to open libconnctrl, some features may not be present.
09-13 01:45:23.791  3850  3850 E         : Failed to open libdatactrl, some features may not be present.
09-13 01:45:23.791  3850  3850 E         : Failed to open libcsm_data, some features may not be present.
09-13 01:45:23.803  3087  3087 W auditd  : type=1325 audit(0.0:236): table=filter family=2 entries=10
09-13 01:45:23.803  3087  3087 W auditd  : type=1320 audit(0.0:236): 
09-13 01:45:23.807  3849  3849 F libc    : CANNOT LINK EXECUTABLE "/system/bin/mediaserver": cannot locate symbol "_ZNK7android8hardware7camera26params19OutputConfiguration14getSurfaceTypeEv" referenced by "/system/lib/libcameraservice.so"...
09-13 01:45:23.808  3849  3849 F libc    : Fatal signal 6 (SIGABRT), code -6 in tid 3849 (mediaserver)
09-13 01:45:23.810  3846  3846 F libc    : CANNOT LINK EXECUTABLE "/system/bin/app_process64": cannot locate symbol "_ZN7android14CameraMetadata14getTagFromNameEPKcPKNS_19VendorTagDescriptorEPj" referenced by "/system/lib64/libandroid_runtime.so"...
09-13 01:45:23.810  3846  3846 F libc    : Fatal signal 6 (SIGABRT), code -6 in tid 3846 (app_process64)
09-13 01:45:23.810  3078  3078 W         : debuggerd: handling request: pid=3846 uid=0 gid=0 tid=3846
09-13 01:45:23.811  3847  3847 F libc    : CANNOT LINK EXECUTABLE "/system/bin/app_process32": cannot locate symbol "_ZN7android14CameraMetadata14getTagFromNameEPKcPKNS_19VendorTagDescriptorEPj" referenced by "/system/lib/libandroid_runtime.so"...
09-13 01:45:23.811  3847  3847 F libc    : Fatal signal 6 (SIGABRT), code -6 in tid 3847 (app_process32)
09-13 01:45:23.817  3854  3854 E         : debuggerd: Unable to connect to activity manager (connect failed: No such file or directory)
09-13 01:45:23.823  3087  3087 W auditd  : type=1325 audit(0.0:237): table=filter family=2 entries=9
09-13 01:45:23.823  3087  3087 W auditd  : type=1320 audit(0.0:237): 
09-13 01:45:23.831  3087  3087 W auditd  : type=1325 audit(0.0:238): table=filter family=10 entries=11
09-13 01:45:23.831  3087  3087 W auditd  : type=1320 audit(0.0:238): 
09-13 01:45:23.839  3851  3851 F DEBUG   : *** *** *** *** *** *** *** *** *** *** *** *** *** *** *** ***
09-13 01:45:23.839  3851  3851 F DEBUG   : LineageOS Version: '14.1-20170912-UNOFFICIAL-dream2lte'
09-13 01:45:23.839  3851  3851 F DEBUG   : Build fingerprint: 'samsung/dream2ltexx/dream2lte:7.0/NRD90M/G955FXXU1AQH3:user/release-keys'
09-13 01:45:23.839  3851  3851 F DEBUG   : Revision: '0'
09-13 01:45:23.839  3851  3851 F DEBUG   : ABI: 'arm'
09-13 01:45:23.839  3851  3851 F DEBUG   : pid: 3845, tid: 3845, name: cameraserver  >>> /system/bin/cameraserver <<<
09-13 01:45:23.839  3851  3851 F DEBUG   : signal 6 (SIGABRT), code -6 (SI_TKILL), fault addr --------
09-13 01:45:23.839  3851  3851 F DEBUG   :     r0 00000000  r1 00000f05  r2 00000006  r3 00000008
09-13 01:45:23.839  3851  3851 F DEBUG   :     r4 f73bb58c  r5 00000006  r6 f73bb534  r7 0000010c
09-13 01:45:23.839  3851  3851 F DEBUG   :     r8 ff9aaac8  r9 00000001  sl ff9aaaf0  fp f7348010
09-13 01:45:23.839  3851  3851 F DEBUG   :     ip 00000000  sp ff9aaa60  lr f739af8f  pc f739b9a8  cpsr 200f0010
09-13 01:45:23.843  3851  3851 F DEBUG   : 
09-13 01:45:23.843  3851  3851 F DEBUG   : backtrace:
09-13 01:45:23.843  3851  3851 F DEBUG   :     #00 pc 000469a8  /system/bin/linker (__dl_tgkill+12)
09-13 01:45:23.843  3851  3851 F DEBUG   :     #01 pc 00045f8b  /system/bin/linker (__dl_pthread_kill+34)
09-13 01:45:23.843  3851  3851 F DEBUG   :     #02 pc 0003e32f  /system/bin/linker (__dl_raise+10)
09-13 01:45:23.843  3851  3851 F DEBUG   :     #03 pc 0003cdeb  /system/bin/linker (__dl___libc_android_abort+34)
09-13 01:45:23.843  3851  3851 F DEBUG   :     #04 pc 0003bbbc  /system/bin/linker (__dl_abort+4)
09-13 01:45:23.843  3851  3851 F DEBUG   :     #05 pc 0003de2b  /system/bin/linker (__dl___libc_fatal+22)
09-13 01:45:23.843  3851  3851 F DEBUG   :     #06 pc 00009c43  /system/bin/linker (__dl__ZL29__linker_init_post_relocationR19KernelArgumentBlockj+3146)
09-13 01:45:23.843  3851  3851 F DEBUG   :     #07 pc 00008f63  /system/bin/linker (__dl___linker_init+358)
09-13 01:45:23.843  3851  3851 F DEBUG   :     #08 pc 000027c0  /system/bin/linker (_start+4)
09-13 01:45:23.839  3087  3087 W auditd  : type=1325 audit(0.0:239): table=filter family=2 entries=9
09-13 01:45:23.839  3087  3087 W auditd  : type=1320 audit(0.0:239): 
09-13 01:45:23.851  3087  3087 W auditd  : type=1325 audit(0.0:240): table=filter family=10 entries=11
09-13 01:45:23.851  3087  3087 W auditd  : type=1320 audit(0.0:240): 
09-13 01:45:23.859  3845  3845 W cameraserver: type=1701 audit(0.0:241): auid=4294967295 uid=1047 gid=1023 ses=4294967295 subj=u:r:cameraserver:s0 exe="/system/bin/cameraserver" sig=6
09-13 01:45:23.863  3848  3848 I         : sMaxFastTracks = 8
09-13 01:45:23.863  3077  3077 W         : debuggerd: resuming target 3845
09-13 01:45:23.863  3848  3848 I audioserver: ServiceManager: 0xf6699440
09-13 01:45:23.863  3077  3077 E         : debuggerd: failed to send signal 18 to target: No such process
09-13 01:45:23.863  3848  3848 W BatteryNotifier: batterystats service unavailable!
09-13 01:45:23.863  3848  3848 I AudioFlinger: Using default 3000 mSec as standby time.
09-13 01:45:23.864  3077  3077 W         : debuggerd: handling request: pid=3849 uid=1013 gid=1005 tid=3849
09-13 01:45:23.864  3848  3848 I AudioPolicyService: AudioPolicyService CSTOR in new mode
09-13 01:45:23.859  3087  3087 W auditd  : type=1325 audit(0.0:242): table=filter family=2 entries=7
09-13 01:45:23.864  3848  3848 W APM::ConfigParsingUtils: loadOutput() invalid supported devices
09-13 01:45:23.864  3848  3848 W APM::ConfigParsingUtils: loadInput() invalid supported devices
09-13 01:45:23.864  3848  3848 W APM::ConfigParsingUtils: loadInput() invalid supported devices
09-13 01:45:23.864  3848  3848 I APM::ConfigParsingUtils: loadAudioPolicyConfig() loaded /vendor/etc/audio_policy.conf
09-13 01:45:23.859  3087  3087 W auditd  : type=1320 audit(0.0:242): 
09-13 01:45:23.868  3854  3854 F DEBUG   : *** *** *** *** *** *** *** *** *** *** *** *** *** *** *** ***
09-13 01:45:23.868  3854  3854 F DEBUG   : LineageOS Version: '14.1-20170912-UNOFFICIAL-dream2lte'
09-13 01:45:23.868  3854  3854 F DEBUG   : Build fingerprint: 'samsung/dream2ltexx/dream2lte:7.0/NRD90M/G955FXXU1AQH3:user/release-keys'
09-13 01:45:23.868  3848  3848 V audio_hw_primary_abox: device-adev_open: enter
09-13 01:45:23.868  3854  3854 F DEBUG   : Revision: '0'
09-13 01:45:23.868  3848  3848 V DiamondVoice: + diamondvoice_open
09-13 01:45:23.868  3854  3854 F DEBUG   : ABI: 'arm64'
09-13 01:45:23.868  3854  3854 F DEBUG   : pid: 3846, tid: 3846, name: app_process64  >>> /system/bin/app_process64 <<<
09-13 01:45:23.868  3848  3848 D AudioInfo: MPS_CODE : ARO, get MPS_CODE
09-13 01:45:23.868  3854  3854 F DEBUG   : signal 6 (SIGABRT), code -6 (SI_TKILL), fault addr --------
09-13 01:45:23.868  3848  3848 D AudioInfo: can not find AudioDataPath for fileName:/DiamondVoice/
09-13 01:45:23.868  3848  3848 V DiamondVoice: There is no DiamondVoice tuning data in CSC 
09-13 01:45:23.868  3848  3848 V DiamondVoice: - diamondvoice_open
09-13 01:45:23.868  3854  3854 F DEBUG   :     x0   0000000000000000  x1   0000000000000f06  x2   0000000000000006  x3   0000000000000008
09-13 01:45:23.869  3854  3854 F DEBUG   :     x4   0000000000000030  x5   00000000000000d0  x6   fefefefefefefeff  x7   7f7f7f7f7f7f7f7f
09-13 01:45:23.869  3854  3854 F DEBUG   :     x8   0000000000000083  x9   ffffffffffffffdf  x10  0000000000000000  x11  0000000000000001
09-13 01:45:23.869  3854  3854 F DEBUG   :     x12  ffffffffffffffff  x13  0000000000000000  x14  0000000000000000  x15  0030501c57311f0c
09-13 01:45:23.869  3848  3848 I AudioRil: ### mMultiSim : 0
09-13 01:45:23.869  3854  3854 F DEBUG   :     x16  0000007fede2eae0  x17  0000007fede2e9af  x18  00000000ffffffff  x19  0000007f8d7cbb40
09-13 01:45:23.869  3848  3848 D audio_hw_primary_abox: device-adev_open: Successed to init Voice Manager!
09-13 01:45:23.869  3854  3854 F DEBUG   :     x20  0000000000000006  x21  0000007f8d7cba98  x22  0000000000000000  x23  0000007f8d703010
09-13 01:45:23.869  3854  3854 F DEBUG   :     x24  000000000000000c  x25  0000007fede2f740  x26  0000007fede2f7a0  x27  0000007f8d7081b8
09-13 01:45:23.869  3854  3854 F DEBUG   :     x28  0000007f8d708010  x29  0000007fede2f5b0  x30  0000007f8d78b334
09-13 01:45:23.869  3854  3854 F DEBUG   :     sp   0000007fede2f590  pc   0000007f8d78be64  pstate 0000000060000000
09-13 01:45:23.870  3865  3865 E         : debuggerd: Unable to connect to activity manager (connect failed: No such file or directory)
09-13 01:45:23.871  3854  3854 F DEBUG   : 
09-13 01:45:23.871  3854  3854 F DEBUG   : backtrace:
09-13 01:45:23.871  3854  3854 F DEBUG   :     #00 pc 0000000000075e64  /system/bin/linker64 (__dl_tgkill+8)
09-13 01:45:23.872  3854  3854 F DEBUG   :     #01 pc 0000000000075330  /system/bin/linker64 (__dl_pthread_kill+64)
09-13 01:45:23.872  3854  3854 F DEBUG   :     #02 pc 0000000000068e24  /system/bin/linker64 (__dl_raise+24)
09-13 01:45:23.872  3854  3854 F DEBUG   :     #03 pc 00000000000667f8  /system/bin/linker64 (__dl_abort+52)
09-13 01:45:23.872  3854  3854 F DEBUG   :     #04 pc 00000000000689ac  /system/bin/linker64 (__dl___libc_fatal+104)
09-13 01:45:23.872  3854  3854 F DEBUG   :     #05 pc 0000000000010e3c  /system/bin/linker64 (__dl__ZL29__linker_init_post_relocationR19KernelArgumentBlocky+6216)
09-13 01:45:23.872  3854  3854 F DEBUG   :     #06 pc 000000000000f554  /system/bin/linker64 (__dl___linker_init+528)
09-13 01:45:23.872  3854  3854 F DEBUG   :     #07 pc 0000000000006cd0  /system/bin/linker64 (_start+4)
09-13 01:45:23.871  3087  3087 W auditd  : type=1325 audit(0.0:243): table=filter family=10 entries=9
09-13 01:45:23.871  3087  3087 W auditd  : type=1320 audit(0.0:243): 
09-13 01:45:23.887  3087  3087 W auditd  : type=1325 audit(0.0:244): table=filter family=2 entries=9
09-13 01:45:23.887  3087  3087 W auditd  : type=1320 audit(0.0:244): 
09-13 01:45:23.895  3846  3846 W app_process64: type=1701 audit(0.0:245): auid=4294967295 uid=0 gid=0 ses=4294967295 subj=u:r:zygote:s0 exe="/system/bin/app_process64" sig=6
09-13 01:45:23.900  3078  3078 W         : debuggerd: resuming target 3846
09-13 01:45:23.895  3087  3087 W auditd  : type=1325 audit(0.0:246): table=filter family=10 entries=11
09-13 01:45:23.895  3087  3087 W auditd  : type=1320 audit(0.0:246): 
09-13 01:45:23.899  3849  3849 W mediaserver: type=1701 audit(0.0:247): auid=4294967295 uid=1013 gid=1005 ses=4294967295 subj=u:r:mediaserver:s0 exe="/system/bin/mediaserver" sig=6
09-13 01:45:23.904  3160  3160 I ServiceManager: service 'media.audio_flinger' died
09-13 01:45:23.920  3865  3865 E DEBUG   : unexpected waitpid response: n=3849, status=00000009
09-13 01:45:23.920  3865  3865 E         : debuggerd: timed out waiting for signal
09-13 01:45:23.921  3865  3865 E         : debuggerd: ptrace detach from 3849 failed: No such process
09-13 01:45:23.921  3077  3077 W         : debuggerd: resuming target 3849
09-13 01:45:23.922  3077  3077 E         : debuggerd: failed to send signal 18 to target: No such process
09-13 01:45:23.922  3077  3077 W         : debuggerd: handling request: pid=3847 uid=0 gid=0 tid=3847
09-13 01:45:23.928  3876  3876 E         : debuggerd: Unable to connect to activity manager (connect failed: No such file or directory)
09-13 01:45:23.979  3876  3876 F DEBUG   : *** *** *** *** *** *** *** *** *** *** *** *** *** *** *** ***
09-13 01:45:23.979  3876  3876 F DEBUG   : LineageOS Version: '14.1-20170912-UNOFFICIAL-dream2lte'
09-13 01:45:23.979  3876  3876 F DEBUG   : Build fingerprint: 'samsung/dream2ltexx/dream2lte:7.0/NRD90M/G955FXXU1AQH3:user/release-keys'
09-13 01:45:23.979  3876  3876 F DEBUG   : Revision: '0'
09-13 01:45:23.979  3876  3876 F DEBUG   : ABI: 'arm'
09-13 01:45:23.979  3876  3876 F DEBUG   : pid: 3847, tid: 3847, name: app_process32  >>> /system/bin/app_process32 <<<
09-13 01:45:23.980  3876  3876 F DEBUG   : signal 6 (SIGABRT), code -6 (SI_TKILL), fault addr --------
09-13 01:45:23.980  3876  3876 F DEBUG   :     r0 00000000  r1 00000f07  r2 00000006  r3 00000008
09-13 01:45:23.980  3876  3876 F DEBUG   :     r4 f74f958c  r5 00000006  r6 f74f9534  r7 0000010c
09-13 01:45:23.980  3876  3876 F DEBUG   :     r8 fffaa0a0  r9 00000001  sl fffaa0d0  fp f7486010
09-13 01:45:23.980  3876  3876 F DEBUG   :     ip 00000000  sp fffaa038  lr f74d8f8f  pc f74d99a8  cpsr 200f0010
09-13 01:45:23.986  3876  3876 F DEBUG   : 
09-13 01:45:23.986  3876  3876 F DEBUG   : backtrace:
09-13 01:45:23.986  3876  3876 F DEBUG   :     #00 pc 000469a8  /system/bin/linker (__dl_tgkill+12)
09-13 01:45:23.986  3876  3876 F DEBUG   :     #01 pc 00045f8b  /system/bin/linker (__dl_pthread_kill+34)
09-13 01:45:23.986  3876  3876 F DEBUG   :     #02 pc 0003e32f  /system/bin/linker (__dl_raise+10)
09-13 01:45:23.986  3876  3876 F DEBUG   :     #03 pc 0003cdeb  /system/bin/linker (__dl___libc_android_abort+34)
09-13 01:45:23.986  3876  3876 F DEBUG   :     #04 pc 0003bbbc  /system/bin/linker (__dl_abort+4)
09-13 01:45:23.986  3876  3876 F DEBUG   :     #05 pc 0003de2b  /system/bin/linker (__dl___libc_fatal+22)
09-13 01:45:23.986  3876  3876 F DEBUG   :     #06 pc 00009c43  /system/bin/linker (__dl__ZL29__linker_init_post_relocationR19KernelArgumentBlockj+3146)
09-13 01:45:23.986  3876  3876 F DEBUG   :     #07 pc 00008f63  /system/bin/linker (__dl___linker_init+358)
09-13 01:45:23.986  3876  3876 F DEBUG   :     #08 pc 000027c0  /system/bin/linker (_start+4)
09-13 01:45:24.032  3077  3077 W         : debuggerd: resuming target 3847
09-13 01:45:29.079  3882  3882 F libc    : CANNOT LINK EXECUTABLE "/system/bin/cameraserver": cannot locate symbol "_ZNK7android8hardware7camera26params19OutputConfiguration14getSurfaceTypeEv" referenced by "/system/lib/libcameraservice.so"...
09-13 01:45:29.079  3882  3882 F libc    : Fatal signal 6 (SIGABRT), code -6 in tid 3882 (cameraserver)
09-13 01:45:29.080  3077  3077 W         : debuggerd: handling request: pid=3882 uid=1047 gid=1023 tid=3882
09-13 01:45:29.092  3888  3888 E         : debuggerd: Unable to connect to activity manager (connect failed: No such file or directory)
09-13 01:45:29.092  3888  3888 F DEBUG   : *** *** *** *** *** *** *** *** *** *** *** *** *** *** *** ***
09-13 01:45:29.093  3888  3888 F DEBUG   : LineageOS Version: '14.1-20170912-UNOFFICIAL-dream2lte'
09-13 01:45:29.093  3888  3888 F DEBUG   : Build fingerprint: 'samsung/dream2ltexx/dream2lte:7.0/NRD90M/G955FXXU1AQH3:user/release-keys'
09-13 01:45:29.093  3888  3888 F DEBUG   : Revision: '0'
