09-09 14:26:38.226  3663  3663 I PackageManager.DexOptimizer: Running dexopt (dex2oat) on: /system/priv-app/StorageManager/StorageManager.apk pkg=com.android.storagemanager isa=arm64 vmSafeMode=false debuggable=false target-filter=verify-at-runtime oatDir = null sharedLibraries=null
09-09 14:26:38.242  4561  4561 I dex2oat : /system/bin/dex2oat --compiler-filter=verify-at-runtime
09-09 14:26:38.318  4561  4561 I dex2oat : dex2oat took 76.123ms (threads: 8) arena alloc=0B (0B) java alloc=31KB (32216B) native alloc=500KB (512688B) free=2MB (2633040B)
09-09 14:26:38.321  3663  3663 I PackageManager.DexOptimizer: Running dexopt (dex2oat) on: /system/app/BookmarkProvider/BookmarkProvider.apk pkg=com.android.bookmarkprovider isa=arm64 vmSafeMode=false debuggable=false target-filter=verify-at-runtime oatDir = null sharedLibraries=null
09-09 14:26:38.337  4570  4570 I dex2oat : /system/bin/dex2oat --compiler-filter=verify-at-runtime
09-09 14:26:38.355  4570  4570 I dex2oat : dex2oat took 19.023ms (threads: 8) arena alloc=0B (0B) java alloc=31KB (32216B) native alloc=878KB (899152B) free=1169KB (1198000B)
09-09 14:26:38.358  3663  3663 I PackageManager.DexOptimizer: Running dexopt (dex2oat) on: /system/priv-app/Eleven/Eleven.apk pkg=com.cyanogenmod.eleven isa=arm64 vmSafeMode=false debuggable=false target-filter=verify-at-runtime oatDir = null sharedLibraries=null
09-09 14:26:38.373  4579  4579 I dex2oat : /system/bin/dex2oat --compiler-filter=verify-at-runtime
09-09 14:26:38.594  4579  4579 I dex2oat : dex2oat took 221.090ms (threads: 8) arena alloc=0B (0B) java alloc=27KB (28240B) native alloc=806KB (825448B) free=2MB (2451352B)
09-09 14:26:38.597  3663  3663 I PackageManager.DexOptimizer: Running dexopt (dex2oat) on: /system/app/ExactCalculator/ExactCalculator.apk pkg=com.android.calculator2 isa=arm64 vmSafeMode=false debuggable=false target-filter=verify-at-runtime oatDir = null sharedLibraries=null
09-09 14:26:38.612  4588  4588 I dex2oat : /system/bin/dex2oat --compiler-filter=verify-at-runtime
09-09 14:26:38.693  4588  4588 I dex2oat : dex2oat took 81.024ms (threads: 8) arena alloc=0B (0B) java alloc=31KB (32216B) native alloc=1106KB (1133552B) free=1453KB (1487888B)
09-09 14:26:38.696  3663  3663 I PackageManager.DexOptimizer: Running dexopt (dex2oat) on: /system/priv-app/Updater/Updater.apk pkg=org.lineageos.updater isa=arm64 vmSafeMode=false debuggable=false target-filter=verify-at-runtime oatDir = null sharedLibraries=null
09-09 14:26:38.711  4597  4597 I dex2oat : /system/bin/dex2oat --compiler-filter=verify-at-runtime
09-09 14:26:38.846  4597  4597 I dex2oat : dex2oat took 135.175ms (threads: 8) arena alloc=0B (0B) java alloc=27KB (28240B) native alloc=532KB (545624B) free=2MB (2600104B)
09-09 14:26:38.849  3663  3663 I PackageManager.DexOptimizer: Running dexopt (dex2oat) on: /system/priv-app/VpnDialogs/VpnDialogs.apk pkg=com.android.vpndialogs isa=arm64 vmSafeMode=false debuggable=false target-filter=verify-at-runtime oatDir = null sharedLibraries=null
09-09 14:26:38.865  4606  4606 I dex2oat : /system/bin/dex2oat --compiler-filter=verify-at-runtime
09-09 14:26:38.928  4606  4606 I dex2oat : dex2oat took 63.175ms (threads: 8) arena alloc=0B (0B) java alloc=27KB (28240B) native alloc=858KB (878672B) free=1189KB (1218480B)
09-09 14:26:38.930  3663  3663 I PackageManager.DexOptimizer: Running dexopt (dex2oat) on: /system/app/Email/Email.apk pkg=com.android.email isa=arm64 vmSafeMode=false debuggable=false target-filter=verify-at-runtime oatDir = null sharedLibraries=null
09-09 14:26:38.946  4615  4615 I dex2oat : /system/bin/dex2oat --compiler-filter=verify-at-runtime
09-09 14:26:39.177  4615  4615 I dex2oat : dex2oat took 230.939ms (threads: 8) arena alloc=0B (0B) java alloc=27KB (28240B) native alloc=637KB (653128B) free=2MB (3016888B)
09-09 14:26:39.180  3663  3663 I PackageManager.DexOptimizer: Running dexopt (dex2oat) on: /system/app/WallpaperBackup/WallpaperBackup.apk pkg=com.android.wallpaperbackup isa=arm64 vmSafeMode=false debuggable=false target-filter=verify-at-runtime oatDir = null sharedLibraries=null
09-09 14:26:39.195  4624  4624 I dex2oat : /system/bin/dex2oat --compiler-filter=verify-at-runtime
09-09 14:26:39.257  4624  4624 I dex2oat : dex2oat took 61.417ms (threads: 8) arena alloc=0B (0B) java alloc=31KB (32216B) native alloc=861KB (881744B) free=1186KB (1215408B)
09-09 14:26:39.259  3663  3663 I PackageManager.DexOptimizer: Running dexopt (dex2oat) on: /system/priv-app/BlockedNumberProvider/BlockedNumberProvider.apk pkg=com.android.providers.blockednumber isa=arm64 vmSafeMode=false debuggable=false target-filter=verify-at-runtime oatDir = null sharedLibraries=null
09-09 14:26:39.275  4633  4633 I dex2oat : /system/bin/dex2oat --compiler-filter=verify-at-runtime
09-09 14:26:39.356  4633  4633 I dex2oat : dex2oat took 81.822ms (threads: 8) arena alloc=0B (0B) java alloc=27KB (28240B) native alloc=1094KB (1120944B) free=1465KB (1500496B)
09-09 14:26:39.359  3663  3663 I PackageManager.DexOptimizer: Running dexopt (dex2oat) on: /system/app/UserDictionaryProvider/UserDictionaryProvider.apk pkg=com.android.providers.userdictionary isa=arm64 vmSafeMode=false debuggable=false target-filter=verify-at-runtime oatDir = null sharedLibraries=null
09-09 14:26:39.375  4642  4642 I dex2oat : /system/bin/dex2oat --compiler-filter=verify-at-runtime
09-09 14:26:39.434  4642  4642 I dex2oat : dex2oat took 60.218ms (threads: 8) arena alloc=0B (0B) java alloc=27KB (28240B) native alloc=886KB (907408B) free=1161KB (1189744B)
09-09 14:26:39.437  3663  3663 I PackageManager.DexOptimizer: Running dexopt (dex2oat) on: /system/priv-app/EmergencyInfo/EmergencyInfo.apk pkg=com.android.emergency isa=arm64 vmSafeMode=false debuggable=false target-filter=verify-at-runtime oatDir = null sharedLibraries=null
09-09 14:26:39.453  4651  4651 I dex2oat : /system/bin/dex2oat --compiler-filter=verify-at-runtime
09-09 14:26:39.558  4651  4651 I dex2oat : dex2oat took 105.486ms (threads: 8) arena alloc=0B (0B) java alloc=31KB (32216B) native alloc=684KB (700464B) free=2MB (2445264B)
09-09 14:26:39.561  3663  3663 I PackageManager.DexOptimizer: Running dexopt (dex2oat) on: /system/app/DeskClock/DeskClock.apk pkg=com.android.deskclock isa=arm64 vmSafeMode=false debuggable=false target-filter=verify-at-runtime oatDir = null sharedLibraries=null
09-09 14:26:39.576  4660  4660 I dex2oat : /system/bin/dex2oat --compiler-filter=verify-at-runtime
09-09 14:26:39.721  4660  4660 I dex2oat : dex2oat took 145.246ms (threads: 8) arena alloc=0B (0B) java alloc=27KB (28240B) native alloc=438KB (449320B) free=2MB (2696408B)
09-09 14:26:39.724  3663  3663 I PackageManager.DexOptimizer: Running dexopt (dex2oat) on: /system/app/Exchange2/Exchange2.apk pkg=com.android.exchange isa=arm64 vmSafeMode=false debuggable=false target-filter=verify-at-runtime oatDir = null sharedLibraries=null
09-09 14:26:39.740  4669  4669 I dex2oat : /system/bin/dex2oat --compiler-filter=verify-at-runtime
09-09 14:26:39.924  4669  4669 I dex2oat : dex2oat took 184.964ms (threads: 8) arena alloc=0B (0B) java alloc=27KB (28240B) native alloc=587KB (601592B) free=2MB (2544136B)
09-09 14:26:39.928  3663  3663 I PackageManager.DexOptimizer: Running dexopt (dex2oat) on: /system/app/BluetoothMidiService/BluetoothMidiService.apk pkg=com.android.bluetoothmidiservice isa=arm64 vmSafeMode=false debuggable=false target-filter=verify-at-runtime oatDir = null sharedLibraries=null
09-09 14:26:39.943  4678  4678 I dex2oat : /system/bin/dex2oat --compiler-filter=verify-at-runtime
09-09 14:26:40.005  4678  4678 I dex2oat : dex2oat took 62.264ms (threads: 8) arena alloc=0B (0B) java alloc=31KB (32208B) native alloc=858KB (878928B) free=1189KB (1218224B)
09-09 14:26:40.008  3663  3663 I PackageManager.DexOptimizer: Running dexopt (dex2oat) on: /system/app/Bluetooth/Bluetooth.apk pkg=com.android.bluetooth isa=arm vmSafeMode=false debuggable=false target-filter=verify-at-runtime oatDir = null sharedLibraries=/system/framework/javax.obex.jar
09-09 14:26:40.024  4687  4687 I dex2oat : /system/bin/dex2oat --compiler-filter=verify-at-runtime
09-09 14:26:40.320  4687  4687 I dex2oat : dex2oat took 296.640ms (threads: 8) arena alloc=0B (0B) java alloc=31KB (32240B) native alloc=694KB (711368B) free=2MB (2958648B)
09-09 14:26:40.323  3663  3663 I PackageManager.DexOptimizer: Running dexopt (dex2oat) on: /system/app/Development/Development.apk pkg=com.android.development isa=arm64 vmSafeMode=false debuggable=false target-filter=verify-at-runtime oatDir = null sharedLibraries=/system/framework/android.test.runner.jar
09-09 14:26:40.339  4696  4696 I dex2oat : /system/bin/dex2oat --compiler-filter=verify-at-runtime
09-09 14:26:40.413  4696  4696 I dex2oat : dex2oat took 73.842ms (threads: 8) arena alloc=0B (0B) java alloc=31KB (32192B) native alloc=1072KB (1098032B) free=1487KB (1523408B)
09-09 14:26:40.415  3663  3663 I PackageManager.DexOptimizer: Running dexopt (dex2oat) on: /system/app/WallpaperPicker/WallpaperPicker.apk pkg=com.android.wallpaperpicker isa=arm64 vmSafeMode=false debuggable=false target-filter=verify-at-runtime oatDir = null sharedLibraries=null
09-09 14:26:40.431  4705  4705 I dex2oat : /system/bin/dex2oat --compiler-filter=verify-at-runtime
09-09 14:26:40.497  4705  4705 I dex2oat : dex2oat took 66.420ms (threads: 8) arena alloc=0B (0B) java alloc=31KB (32216B) native alloc=1073KB (1099632B) free=1486KB (1521808B)
09-09 14:26:40.500  3663  3663 I PackageManager.DexOptimizer: Running dexopt (dex2oat) on: /system/priv-app/ContactsProvider/ContactsProvider.apk pkg=com.android.providers.contacts isa=arm64 vmSafeMode=false debuggable=false target-filter=verify-at-runtime oatDir = null sharedLibraries=null
09-09 14:26:40.515  4714  4714 I dex2oat : /system/bin/dex2oat --compiler-filter=verify-at-runtime
09-09 14:26:40.617  4714  4714 I dex2oat : dex2oat took 101.950ms (threads: 8) arena alloc=0B (0B) java alloc=31KB (32216B) native alloc=1133KB (1160496B) free=1938KB (1985232B)
09-09 14:26:40.620  3663  3663 I PackageManager.DexOptimizer: Running dexopt (dex2oat) on: /system/app/CaptivePortalLogin/CaptivePortalLogin.apk pkg=com.android.captiveportallogin isa=arm64 vmSafeMode=false debuggable=false target-filter=verify-at-runtime oatDir = null sharedLibraries=null
09-09 14:26:40.636  4723  4723 I dex2oat : /system/bin/dex2oat --compiler-filter=verify-at-runtime
09-09 14:26:40.697  4723  4723 I dex2oat : dex2oat took 61.223ms (threads: 8) arena alloc=0B (0B) java alloc=31KB (32208B) native alloc=858KB (878672B) free=1189KB (1218480B)
09-09 14:26:40.699  3663  3663 I PackageManager.DexOptimizer: Running dexopt (dex2oat) on: /system/priv-app/WeatherProvider/WeatherProvider.apk pkg=org.cyanogenmod.weather.provider isa=arm64 vmSafeMode=false debuggable=false target-filter=verify-at-runtime oatDir = null sharedLibraries=null
09-09 14:26:40.715  4732  4732 I dex2oat : /system/bin/dex2oat --compiler-filter=verify-at-runtime
09-09 14:26:40.779  4732  4732 I dex2oat : dex2oat took 64.980ms (threads: 8) arena alloc=0B (0B) java alloc=31KB (32216B) native alloc=1070KB (1095760B) free=1489KB (1525680B)
09-09 14:26:40.783  3663  3663 W PackageManager: No disk maintenance in 1504967200783; running immediately
09-09 14:26:40.783  3663  3663 I SystemServer: StartLockSettingsService
09-09 14:26:40.783  3663  4105 I MountService: Running fstrim idle maintenance
09-09 14:26:40.783  3663  3663 I SystemServiceManager: Starting com.android.server.LockSettingsService$Lifecycle
09-09 14:26:40.783  3663  4105 D VoldConnector: SND -> {3 fstrim dotrim}
09-09 14:26:40.785  3663  4106 D VoldConnector: RCV <- {200 3 Command succeeded}
09-09 14:26:40.785  3066  4741 D vold    : Starting trim of /cache
09-09 14:26:40.797  3663  3663 I SystemServiceManager: Starting com.android.server.DeviceIdleController
09-09 14:26:40.800  3663  3663 I SystemServiceManager: Starting com.android.server.devicepolicy.DevicePolicyManagerService$Lifecycle
09-09 14:26:40.805  3663  3663 I SystemServer: StartStatusBarManagerService
09-09 14:26:40.806  3663  3663 I SystemServer: StartClipboardService
09-09 14:26:40.808  3663  3663 I SystemServer: StartNetworkManagementService
09-09 14:26:40.810  3663  4742 I NetworkManagement: onDaemonConnected()
09-09 14:26:40.812  3663  3663 I SystemServiceManager: Starting com.android.server.TextServicesManagerService$Lifecycle
09-09 14:26:40.819  3663  3663 I SystemServer: StartNetworkScoreService
09-09 14:26:40.820  3066  4741 I vold    : Trimmed 507375616 bytes on /cache in 34ms
09-09 14:26:40.820  3066  4741 D vold    : Starting trim of /data
09-09 14:26:40.820  3663  4106 D VoldConnector: RCV <- {662 /cache 507375616 34725730}
09-09 14:26:40.821  3663  3663 I SystemServer: StartNetworkStatsService
09-09 14:26:40.825  3663  3663 I SystemServer: StartNetworkPolicyManagerService
09-09 14:26:40.828  3663  3663 I SystemServer: No Wi-Fi NAN Service (NAN support Not Present)
09-09 14:26:40.829  3663  3663 I SystemServiceManager: Starting com.android.server.wifi.p2p.WifiP2pService
09-09 14:26:40.857  3663  3663 I WifiP2pService: Registering wifip2p
09-09 14:26:40.858  3663  3663 I SystemServiceManager: Starting com.android.server.wifi.WifiService
09-09 14:26:40.912  3663  3663 D WifiStateMachine: fst disabled
09-09 14:26:40.920  3663  3663 D HS20    : Passpoint is enabled, false
09-09 14:26:40.949  3381  3613 D CommandListener: Clearing all IP addresses on wlan0
09-09 14:26:41.149  3663  3663 E WifiLogger: no ring buffers found
09-09 14:26:41.149  3663  3663 E WifiLogger: Failed to start packet fate monitoring
09-09 14:26:41.150  3663  4748 D WifiApConfigStore: 2G band allowed channels are:1,6,11
09-09 14:26:41.155  3663  4748 E WifiApConfigStore: Error reading hotspot configuration java.io.FileNotFoundException: /data/misc/wifi/softap.conf (No such file or directory)
09-09 14:26:41.155  3663  4748 D WifiApConfigStore: Fallback to use default AP configuration
09-09 14:26:41.157  3663  3663 D WifiController: isAirplaneModeOn = false, isWifiEnabled = true, isScanningAvailable = false
09-09 14:26:41.163  3663  3663 E WifiService: ensureConcurrencyFile template file doesnt existjava.io.FileNotFoundException: /etc/wifi/wifi_concurrency_cfg.txt (No such file or directory)
09-09 14:26:41.163  3663  3663 I WifiService: Registering wifi
09-09 14:26:41.164  3663  3663 I SystemServiceManager: Starting com.android.server.wifi.scanner.WifiScanningService
09-09 14:26:41.164  3663  3663 I WifiScanningService: Creating wifiscanner
09-09 14:26:41.166  3663  3663 I WifiScanningService: Publishing wifiscanner
09-09 14:26:41.167  3663  3663 I SystemServiceManager: Starting com.android.server.wifi.RttService
09-09 14:26:41.168  3663  3663 I RttService: Creating rttmanager
09-09 14:26:41.168  3663  3663 I RttService: Starting rttmanager
09-09 14:26:41.170  3663  3663 I SystemServiceManager: Starting com.android.server.ethernet.EthernetService
09-09 14:26:41.170  3663  3663 I EthernetServiceImpl: Creating EthernetConfigStore
09-09 14:26:41.170  3663  3663 E IpConfigStore: Error parsing configuration: java.io.FileNotFoundException: /data/misc/ethernet/ipconfig.txt (No such file or directory)
09-09 14:26:41.170  3663  3663 W EthernetConfigStore: No Ethernet configuration found. Using default.
09-09 14:26:41.171  3663  3663 I EthernetServiceImpl: Read stored IP configuration: IP assignment: DHCP
09-09 14:26:41.171  3663  3663 I EthernetServiceImpl: Proxy settings: NONE
09-09 14:26:41.171  3663  3663 I EthernetService: Registering service ethernet
09-09 14:26:41.171  3663  3663 I SystemServer: StartConnectivityService
09-09 14:26:41.183  3663  3663 D ConnectivityService: ConnectivityService starting up
09-09 14:26:41.189  3663  3663 D ConnectivityService: wifiOnly=false
09-09 14:26:41.206  3663  3663 I SystemServer: StartNsdService
09-09 14:26:41.209  3663  3663 I SystemServer: StartUpdateLockService
09-09 14:26:41.211  3663  3663 I SystemServiceManager: Starting com.android.server.RecoverySystemService
09-09 14:26:41.212  3663  3663 I SystemServiceManager: Starting com.android.server.notification.NotificationManagerService
09-09 14:26:41.225  3663  3663 D ConditionProviders.SCP: new ScheduleConditionProvider()
09-09 14:26:41.254  3663  3663 D ZenLog  : set_zen_mode: off,init
09-09 14:26:41.268  3663  3663 I SystemServiceManager: Starting com.android.server.storage.DeviceStorageMonitorService
09-09 14:26:41.271  3663  3663 I SystemServer: StartLocationManagerService
09-09 14:26:41.273  3663  3663 I SystemServer: StartCountryDetectorService
09-09 14:26:41.274  3663  3663 I SystemServer: StartSearchManagerService
09-09 14:26:41.274  3663  3663 I SystemServiceManager: Starting com.android.server.search.SearchManagerService$Lifecycle
09-09 14:26:41.276  3663  3663 I SystemServiceManager: Starting com.android.server.DropBoxManagerService
09-09 14:26:41.278  3663  3663 I SystemServer: StartWallpaperManagerService
09-09 14:26:41.278  3663  3663 I SystemServiceManager: Starting com.android.server.wallpaper.WallpaperManagerService$Lifecycle
09-09 14:26:41.281  3663  3663 E BitmapFactory: Unable to decode stream: java.io.FileNotFoundException: /data/system/users/0/wallpaper_orig (No such file or directory)
09-09 14:26:41.281  3663  3663 E WallpaperManagerService: Invalid wallpaper data
09-09 14:26:41.281  3663  3663 E WallpaperManagerService: Unable to apply new wallpaper
09-09 14:26:41.281  3663  3663 W WallpaperManagerService: no current wallpaper -- first boot?
09-09 14:26:41.282  3663  3663 I SystemServer: StartAudioService
09-09 14:26:41.282  3663  3663 I SystemServiceManager: Starting com.android.server.audio.AudioService$Lifecycle
09-09 14:26:41.286  3379  3484 D PermissionCache: checking android.permission.MODIFY_AUDIO_SETTINGS for uid=1000 => granted (801 us)
09-09 14:26:41.288  3663  3663 W TelecomManager: Telecom Service not found.
09-09 14:26:41.293  3379  3477 W AudioFlinger: no wake lock to update, system not ready yet
09-09 14:26:41.293  3379  3474 W AudioFlinger: no wake lock to update, system not ready yet
09-09 14:26:41.330  3663  3663 I SystemServiceManager: Starting com.android.server.DockObserver
09-09 14:26:41.331  3663  3663 I SystemServer: StartWiredAccessoryManager
09-09 14:26:41.333  3663  3663 W WiredAccessoryManager: This kernel does not have usb audio support
09-09 14:26:41.333  3663  3663 I SystemServiceManager: Starting com.android.server.usb.UsbService$Lifecycle
09-09 14:26:41.338  3663  3663 E UsbDeviceManager: failed to write to /sys/class/android_usb/android0/f_rndis/ethaddr
