09-12 20:52:44.330  3629  3629 I InputManager: Starting input manager
09-12 20:52:44.332  3629  4069 I chatty  : uid=1000 system_server expire 40 lines
09-12 20:52:44.336  3629  3629 I SystemServiceManager: Starting com.android.server.BluetoothService
09-12 20:52:44.338  3629  3629 D BluetoothManagerService: Loading stored name and address
09-12 20:52:44.338  3629  3629 D BluetoothManagerService: Stored bluetooth Name=null,Address=null
09-12 20:52:44.338  3629  3629 D BluetoothManagerService: Bluetooth persisted state: 0
09-12 20:52:44.338  3629  3629 I SystemServer: ConnectivityMetricsLoggerService
09-12 20:52:44.339  3629  3629 I SystemServiceManager: Starting com.android.server.connectivity.MetricsLoggerService
09-12 20:52:44.339  3629  3629 I SystemServer: IpConnectivityMetrics
09-12 20:52:44.339  3629  3629 I SystemServiceManager: Starting com.android.server.connectivity.IpConnectivityMetrics
09-12 20:52:44.340  3629  3629 I SystemServer: PinnerService
09-12 20:52:44.340  3629  3629 I SystemServiceManager: Starting com.android.server.PinnerService
09-12 20:52:44.341  3629  3629 I SystemServiceManager: Starting com.android.server.InputMethodManagerService$Lifecycle
09-12 20:52:44.803  3629  3629 W InputMethodManagerService: No IME selected. Choose the most applicable IME.
09-12 20:52:44.809  3629  3629 I InputMethodManagerService: Default found, using com.android.inputmethod.latin/.LatinIME
09-12 20:52:44.811  3629  3629 I SystemServer: StartAccessibilityManagerService
09-12 20:52:44.820  3629  3629 I ActivityManager: Config changes=1df8 {1.0 ?mcc?mnc [en_US] ldltr sw411dp w411dp h845dp 560dpi nrml long port ?uimode ?night -touch -keyb/h/h -nav/h s.2}
09-12 20:52:44.822  3629  3718 I UsageStatsDatabase: Upgrading from version 0 to 3
09-12 20:52:44.822  3629  3718 I UsageStatsDatabase: Deleting all usage stats files
09-12 20:52:44.825  3629  3718 I UsageStatsService: User[0] Rollover scheduled @ 2017-09-13 20:52:44(1505335964820)
09-12 20:52:44.825  3629  3718 D UsageStatsService: Initializing defaults for system apps on user 0
09-12 20:52:44.844  3629  3718 E AppIdleHistory: Unable to read app idle file for user 0
09-12 20:52:44.845  3629  3726 I ActivityManager: Config changes=400 {1.0 ?mcc?mnc [en_US] ldltr sw411dp w411dp h773dp 560dpi nrml long port ?uimode ?night -touch -keyb/h/h -nav/h s.3}
09-12 20:52:44.850  3629  3726 W LocalDisplayAdapter: Unable to find color mode 0, ignoring request.
09-12 20:52:44.852  3629  3629 W LocalDisplayAdapter: Unable to find color mode 0, ignoring request.
09-12 20:52:44.852  3629  3629 I SystemServiceManager: Starting com.android.server.MountService$Lifecycle
09-12 20:52:44.858  3629  3629 I SystemServiceManager: Starting com.android.server.UiModeManagerService
09-12 20:52:44.859  3629  4070 D MountService: Thinking about init, mSystemReady=false, mDaemonConnected=true
09-12 20:52:44.859  3629  4070 D MountService: Thinking about reset, mSystemReady=false, mDaemonConnected=true
09-12 20:52:44.859  3629  4070 D MountService: Thinking about init, mSystemReady=false, mDaemonConnected=true
09-12 20:52:44.859  3629  4070 D MountService: Thinking about reset, mSystemReady=false, mDaemonConnected=true
09-12 20:52:44.859  3629  4070 D CryptdConnector: SND -> {1 cryptfs getfield SystemLocale}
09-12 20:52:44.860  3629  3629 I ActivityManager: Config changes=200 {1.0 ?mcc?mnc [en_US] ldltr sw411dp w411dp h773dp 560dpi nrml long port -touch -keyb/h/h -nav/h s.4}
09-12 20:52:44.860  3629  4072 D CryptdConnector: RCV <- {200 1 -1}
09-12 20:52:44.863  3629  4070 W MountService: No primary storage mounted!
09-12 20:52:44.863  3629  4070 D VoldConnector: SND -> {1 asec list}
09-12 20:52:44.865  3629  4071 D VoldConnector: RCV <- {200 1 asec operation succeeded}
09-12 20:52:44.866  3629  4070 I chatty  : uid=1000 system_server expire 3 lines
09-12 20:52:44.868  3629  4070 W PackageManager: Unknown permission com.google.android.googleapps.permission.GOOGLE_AUTH in package com.android.providers.calendar
09-12 20:52:44.868  3629  4070 W PackageManager: Unknown permission com.google.android.googleapps.permission.GOOGLE_AUTH.cl in package com.android.providers.calendar
09-12 20:52:44.871  3629  4070 W PackageManager: Unknown permission cyanogenmod.permission.LEGALESE in package com.cyanogenmod.setupwizard
09-12 20:52:44.873  3629  4070 W PackageManager: Unknown permission com.android.gallery3d.permission.STORAGE_CHANGE in package com.android.camera2
09-12 20:52:44.873  3629  4070 W PackageManager: Unknown permission android.permission.NFC_UNLOCK in package com.android.nfc
09-12 20:52:44.876  3629  4070 W PackageManager: Unknown permission com.google.android.googleapps.permission.GOOGLE_AUTH.mail in package com.android.calendar
09-12 20:52:44.876  3629  4070 W PackageManager: Unknown permission com.android.launcher.permission.READ_SETTINGS in package com.android.onetimeinitializer
09-12 20:52:44.876  3629  4070 W PackageManager: Unknown permission com.android.launcher.permission.WRITE_SETTINGS in package com.android.onetimeinitializer
09-12 20:52:44.879  3629  4070 W PackageManager: Unknown permission com.android.launcher.permission.READ_SETTINGS in package com.cyanogenmod.trebuchet
09-12 20:52:44.879  3629  4070 W PackageManager: Unknown permission com.android.launcher.permission.WRITE_SETTINGS in package com.cyanogenmod.trebuchet
09-12 20:52:44.880  3629  4070 W PackageManager: Unknown permission com.google.android.permission.INSTALL_WEARABLE_PACKAGES in package com.android.packageinstaller
09-12 20:52:44.880  3629  4070 W PackageManager: Not granting permission android.permission.DELETE_PACKAGES to package com.svox.pico (protectionLevel=18 flags=0x3888be45)
09-12 20:52:44.882  3629  4070 W PackageManager: Unknown permission com.google.android.gallery3d.permission.PICASA_STORE in package com.android.dreams.phototable
09-12 20:52:44.883  3629  4070 W PackageManager: Unknown permission com.google.android.googleapps.permission.GOOGLE_AUTH in package com.android.settings
09-12 20:52:44.884  3629  4070 W PackageManager: Unknown permission com.android.launcher.permission.READ_SETTINGS in package com.android.settings
09-12 20:52:44.884  3629  4070 W PackageManager: Unknown permission com.android.launcher.permission.WRITE_SETTINGS in package com.android.settings
09-12 20:52:44.893  3629  4070 W PackageManager: Not granting permission android.permission.MANAGE_DOCUMENTS to package com.android.deskclock (protectionLevel=2 flags=0x3cc9be45)
09-12 20:52:44.893  3629  4070 W PackageManager: Unknown permission com.android.deskclock.worldclock.permissions.WRITE_DATABASE in package com.android.deskclock
09-12 20:52:44.893  3629  4070 W PackageManager: Unknown permission org.codeaurora.permission.POWER_ON_ALERT in package com.android.deskclock
09-12 20:52:44.893  3629  4070 W PackageManager: Not granting permission android.permission.WRITE_SECURE_SETTINGS to package com.android.deskclock (protectionLevel=50 flags=0x3cc9be45)
09-12 20:52:44.896  3629  4070 W PackageManager: Unknown permission com.cyanogenmod.lockclock.permission.READ_WEATHER in package com.android.systemui
09-12 20:52:44.898  3629  4070 W PackageManager: Unknown permission com.google.android.gallery3d.permission.GALLERY_PROVIDER in package com.android.bluetooth
09-12 20:52:44.900  3629  4070 W PackageManager: Unknown permission com.google.android.googleapps.permission.ACCESS_GOOGLE_PASSWORD in package com.android.development
09-12 20:52:44.900  3629  4070 W PackageManager: Unknown permission com.google.android.googleapps.permission.GOOGLE_AUTH in package com.android.development
09-12 20:52:44.900  3629  4070 W PackageManager: Unknown permission com.google.android.googleapps.permission.GOOGLE_AUTH.ALL_SERVICES in package com.android.development
09-12 20:52:44.900  3629  4070 W PackageManager: Unknown permission com.google.android.googleapps.permission.GOOGLE_AUTH.YouTubeUser in package com.android.development
09-12 20:52:45.093  3629  4068 I ActivityManager: Config changes=8 {1.0 ?mcc?mnc [en_US] ldltr sw411dp w411dp h773dp 560dpi nrml long port finger -keyb/h/h -nav/h s.5}
09-12 20:52:45.216  3629  4070 W MountService: No primary storage mounted!
09-12 20:52:45.216  3629  4070 D VoldConnector: SND -> {2 asec list}
09-12 20:52:45.217  3629  4071 D VoldConnector: RCV <- {200 2 asec operation succeeded}
09-12 20:52:45.240  4073  4073 I dex2oat : /system/bin/dex2oat --compiler-filter=verify-at-runtime
09-12 20:52:45.303  4073  4073 I dex2oat : dex2oat took 63.525ms (threads: 8) arena alloc=0B (0B) java alloc=27KB (28240B) native alloc=1090KB (1116912B) free=1469KB (1504528B)
09-12 20:52:45.322  4082  4082 I dex2oat : /system/bin/dex2oat --compiler-filter=verify-at-runtime
09-12 20:52:45.420  4082  4082 I dex2oat : dex2oat took 98.793ms (threads: 8) arena alloc=0B (0B) java alloc=35KB (36168B) native alloc=1141KB (1169168B) free=1930KB (1976560B)
09-12 20:52:45.439  4091  4091 I dex2oat : /system/bin/dex2oat --compiler-filter=verify-at-runtime
09-12 20:52:45.505  4091  4091 I dex2oat : dex2oat took 66.491ms (threads: 8) arena alloc=0B (0B) java alloc=31KB (32216B) native alloc=1100KB (1126480B) free=1459KB (1494960B)
09-12 20:52:45.523  4100  4100 I dex2oat : /system/bin/dex2oat --compiler-filter=verify-at-runtime
09-12 20:52:45.601  4100  4100 I dex2oat : dex2oat took 77.793ms (threads: 8) arena alloc=0B (0B) java alloc=31KB (32216B) native alloc=1070KB (1096560B) free=1489KB (1524880B)
09-12 20:52:45.619  4109  4109 I dex2oat : /system/bin/dex2oat --compiler-filter=verify-at-runtime
09-12 20:52:45.745  4109  4109 I dex2oat : dex2oat took 125.909ms (threads: 8) arena alloc=0B (0B) java alloc=27KB (28240B) native alloc=510KB (523120B) free=2MB (2622608B)
09-12 20:52:45.763  4118  4118 I dex2oat : /system/bin/dex2oat --compiler-filter=verify-at-runtime
09-12 20:52:45.828  4118  4118 I dex2oat : dex2oat took 64.814ms (threads: 8) arena alloc=0B (0B) java alloc=27KB (28240B) native alloc=1061KB (1087376B) free=1498KB (1534064B)
09-12 20:52:45.846  4127  4127 I dex2oat : /system/bin/dex2oat --compiler-filter=verify-at-runtime
09-12 20:52:45.865  4127  4127 I dex2oat : dex2oat took 19.390ms (threads: 8) arena alloc=0B (0B) java alloc=27KB (28240B) native alloc=878KB (899152B) free=1169KB (1198000B)
09-12 20:52:45.884  4136  4136 I dex2oat : /system/bin/dex2oat --compiler-filter=verify-at-runtime
09-12 20:52:45.923  4136  4136 I dex2oat : dex2oat took 39.747ms (threads: 8) arena alloc=0B (0B) java alloc=31KB (32216B) native alloc=1142KB (1170096B) free=1417KB (1451344B)
09-12 20:52:45.942  4145  4145 I dex2oat : /system/bin/dex2oat --compiler-filter=verify-at-runtime
09-12 20:52:46.153  4145  4145 I dex2oat : dex2oat took 211.655ms (threads: 8) arena alloc=0B (0B) java alloc=27KB (28240B) native alloc=860KB (881288B) free=2MB (2919800B)
09-12 20:52:46.172  4154  4154 I dex2oat : /system/bin/dex2oat --compiler-filter=verify-at-runtime
09-12 20:52:46.294  4154  4154 I dex2oat : dex2oat took 121.644ms (threads: 8) arena alloc=0B (0B) java alloc=27KB (28240B) native alloc=488KB (500208B) free=2MB (2645520B)
09-12 20:52:46.311  4163  4163 I dex2oat : /system/bin/dex2oat --compiler-filter=verify-at-runtime
09-12 20:52:46.455  4163  4163 I dex2oat : dex2oat took 144.449ms (threads: 8) arena alloc=0B (0B) java alloc=27KB (28240B) native alloc=474KB (485512B) free=2MB (2660216B)
09-12 20:52:46.475  4172  4172 I dex2oat : /system/bin/dex2oat --compiler-filter=verify-at-runtime
09-12 20:52:46.555  4172  4172 I dex2oat : dex2oat took 80.707ms (threads: 8) arena alloc=0B (0B) java alloc=31KB (32208B) native alloc=1119KB (1146224B) free=1440KB (1475216B)
09-12 20:52:46.573  4181  4181 I dex2oat : /system/bin/dex2oat --compiler-filter=verify-at-runtime
09-12 20:52:46.635  4181  4181 I dex2oat : dex2oat took 62.528ms (threads: 8) arena alloc=0B (0B) java alloc=31KB (32208B) native alloc=860KB (881232B) free=1187KB (1215920B)
09-12 20:52:46.653  4190  4190 I dex2oat : /system/bin/dex2oat --compiler-filter=verify-at-runtime
09-12 20:52:46.716  4190  4190 I dex2oat : dex2oat took 63.060ms (threads: 8) arena alloc=0B (0B) java alloc=27KB (28240B) native alloc=858KB (878608B) free=1189KB (1218544B)
09-12 20:52:46.733  4199  4199 I dex2oat : /system/bin/dex2oat --compiler-filter=verify-at-runtime
09-12 20:52:46.803  4199  4199 I dex2oat : dex2oat took 69.734ms (threads: 8) arena alloc=0B (0B) java alloc=31KB (32216B) native alloc=1005KB (1030096B) free=1554KB (1591344B)
09-12 20:52:46.822  4208  4208 I dex2oat : /system/bin/dex2oat --compiler-filter=verify-at-runtime
09-12 20:52:46.883  4208  4208 I dex2oat : dex2oat took 61.844ms (threads: 8) arena alloc=0B (0B) java alloc=31KB (32216B) native alloc=858KB (878672B) free=1189KB (1218480B)
09-12 20:52:46.902  4218  4218 I dex2oat : /system/bin/dex2oat --compiler-filter=verify-at-runtime
09-12 20:52:47.001  4218  4218 I dex2oat : dex2oat took 99.992ms (threads: 8) arena alloc=0B (0B) java alloc=27KB (28240B) native alloc=535KB (548024B) free=2MB (2597704B)
09-12 20:52:47.019  4227  4227 I dex2oat : /system/bin/dex2oat --compiler-filter=verify-at-runtime
09-12 20:52:47.129  4227  4227 I dex2oat : dex2oat took 109.863ms (threads: 8) arena alloc=0B (0B) java alloc=27KB (28240B) native alloc=422KB (432760B) free=2MB (2712968B)
09-12 20:52:47.147  4236  4236 I dex2oat : /system/bin/dex2oat --compiler-filter=verify-at-runtime
09-12 20:52:47.219  4236  4236 I dex2oat : dex2oat took 72.998ms (threads: 8) arena alloc=0B (0B) java alloc=27KB (28240B) native alloc=498KB (510576B) free=2MB (2635152B)
09-12 20:52:47.237  4245  4245 I dex2oat : /system/bin/dex2oat --compiler-filter=verify-at-runtime
09-12 20:52:47.271  4245  4245 I dex2oat : dex2oat took 34.220ms (threads: 8) arena alloc=0B (0B) java alloc=27KB (28240B) native alloc=1099KB (1125744B) free=1460KB (1495696B)
09-12 20:52:47.289  4254  4254 I dex2oat : /system/bin/dex2oat --compiler-filter=verify-at-runtime
09-12 20:52:47.312  4254  4254 I dex2oat : dex2oat took 23.035ms (threads: 8) arena alloc=0B (0B) java alloc=31KB (32208B) native alloc=1022KB (1046896B) free=1537KB (1574544B)
09-12 20:52:47.330  4263  4263 I dex2oat : /system/bin/dex2oat --compiler-filter=verify-at-runtime
09-12 20:52:47.415  4263  4263 I dex2oat : dex2oat took 85.821ms (threads: 8) arena alloc=0B (0B) java alloc=27KB (28240B) native alloc=516KB (529272B) free=2MB (2616456B)
09-12 20:52:47.434  4272  4272 I dex2oat : /system/bin/dex2oat --compiler-filter=verify-at-runtime
09-12 20:52:47.458  4272  4272 I dex2oat : dex2oat took 24.220ms (threads: 8) arena alloc=0B (0B) java alloc=27KB (28240B) native alloc=1042KB (1067600B) free=1517KB (1553840B)
09-12 20:52:47.475  4281  4281 I dex2oat : /system/bin/dex2oat --compiler-filter=verify-at-runtime
09-12 20:52:47.495  4281  4281 I dex2oat : dex2oat took 20.170ms (threads: 8) arena alloc=0B (0B) java alloc=31KB (32240B) native alloc=858KB (878736B) free=1189KB (1218416B)
09-12 20:52:47.512  4290  4290 I dex2oat : /system/bin/dex2oat --compiler-filter=verify-at-runtime
09-12 20:52:47.538  4290  4290 I dex2oat : dex2oat took 25.798ms (threads: 8) arena alloc=0B (0B) java alloc=27KB (28240B) native alloc=1130KB (1157200B) free=1429KB (1464240B)
09-12 20:52:47.543  3161  3161 D gpsd    : WakeLock(Acquire,GPSD)
09-12 20:52:47.543  3161  3161 D gpsd    : WakeLock(Release,GPSD)
09-12 20:52:47.543  3161  3161 D gpsd    : WakeLock(Acquire,GPSD)
09-12 20:52:47.543  3161  3161 D gpsd    : WakeLock(Release,GPSD)
09-12 20:52:47.556  4299  4299 I dex2oat : /system/bin/dex2oat --compiler-filter=verify-at-runtime
09-12 20:52:47.560  4301  4301 V lhd     : GlLhdInterface::Init(/system/etc/lhd.conf)
09-12 20:52:47.560  4301  4301 E lhd     : SetCfgValue: Critical Error. Unknown configuration parameter "FlpName"="tcp"
09-12 20:52:47.560  4301  4301 V lhd     : SetCfgValue: LHD config "LheSerialControl"="BBD:Serial=TTY"
09-12 20:52:47.560  4301  4301 E lhd     : SetCfgValue: Critical Error. Unknown configuration parameter "LheClockMHz"="100"
09-12 20:52:47.560  4301  4301 V lhd     : SetCfgValue: LHD config "LhePatch"="/dev/bbd_patch"
09-12 20:52:47.560  4301  4301 V lhd     : SetCfgValue: LHD config "LheMaxMcuResetTries"="4"
09-12 20:52:47.560  4301  4301 V lhd     : SetCfgValue: LHD config "LheBbdPacket"="/dev/ttyBCM"
09-12 20:52:47.560  4301  4301 V lhd     : SetCfgValue: LHD config "LheBbdControl"="/dev/bbd_control"
09-12 20:52:47.560  4301  4301 V lhd     : SetCfgValue: LHD config "LheBbdSensor"="/dev/bbd_sensor"
09-12 20:52:47.560  4301  4301 V lhd     : SetCfgValue: LHD config "Lhe477xDebugFlags"="RPC:FACILITY=33:STDOUT_PUTS:STDOUT_LOG"
09-12 20:52:47.560  4301  4301 E lhd     : SetCfgValue: Critical Error. Unknown configuration parameter "LheSensorIpc"="true"
09-12 20:52:47.560  4301  4301 E lhd     : SetCfgValue: Critical Error. Unknown configuration parameter "LhePinMux"="P17=M1"
09-12 20:52:47.560  4301  4301 V lhd     : SetCfgValue: LHD config "LheAutoBaudDelayMS"="10"
09-12 20:52:47.560  4301  4301 V lhd     : SetCfgValue: LHD config "LheMaxMcuResetTries"="3"
09-12 20:52:47.560  4301  4301 E lhd     : OpenFirmwareFile: Fail to open /efs/sec_efs/sensorhub_urgent_fw.patch, errno 2
09-12 20:52:47.560  4301  4301 E lhd     : getCustPatchVersion: Fail to parse patch /efs/sec_efs/sensorhub_urgent_fw.patch
09-12 20:52:47.560  4301  4301 E lhd     : getCustPatchVersion: <CustomerVersion> not found
09-12 20:52:47.585  4299  4299 I dex2oat : dex2oat took 29.126ms (threads: 8) arena alloc=0B (0B) java alloc=27KB (28240B) native alloc=1079KB (1105200B) free=1480KB (1516240B)
09-12 20:52:47.604  4310  4310 I dex2oat : /system/bin/dex2oat --compiler-filter=verify-at-runtime
09-12 20:52:47.619  3161  3161 D gpsd    : WakeLock(Acquire,GPSD)
09-12 20:52:47.619  4301  4301 D lhd     : OnIpcConnect
09-12 20:52:47.619  3161  3161 D gpsd    : WakeLock(Release,GPSD)
09-12 20:52:47.619  3161  3161 D gpsd    : WakeLock(Acquire,GPSD)
09-12 20:52:47.619  3161  3161 D gpsd    : WakeLock(Release,GPSD)
09-12 20:52:47.627  4310  4310 I dex2oat : dex2oat took 23.288ms (threads: 8) arena alloc=0B (0B) java alloc=31KB (32216B) native alloc=1092KB (1118512B) free=1467KB (1502928B)
09-12 20:52:47.644  4320  4320 I dex2oat : /system/bin/dex2oat --compiler-filter=verify-at-runtime
09-12 20:52:47.711  4320  4320 I dex2oat : dex2oat took 67.646ms (threads: 8) arena alloc=0B (0B) java alloc=31KB (32216B) native alloc=497KB (509360B) free=2MB (2636368B)
09-12 20:52:47.713  3629  3629 I chatty  : uid=1000 system_server expire 100 lines
09-12 20:52:47.728  4329  4329 I dex2oat : /system/bin/dex2oat --compiler-filter=verify-at-runtime
09-12 20:52:47.767  4329  4329 I dex2oat : dex2oat took 38.845ms (threads: 8) arena alloc=0B (0B) java alloc=31KB (32216B) native alloc=1141KB (1168816B) free=1418KB (1452624B)
09-12 20:52:47.785  4338  4338 I dex2oat : /system/bin/dex2oat --compiler-filter=verify-at-runtime
09-12 20:52:47.848  4338  4338 I dex2oat : dex2oat took 63.228ms (threads: 8) arena alloc=0B (0B) java alloc=27KB (28240B) native alloc=565KB (579568B) free=2MB (2566160B)
09-12 20:52:47.866  4347  4347 I dex2oat : /system/bin/dex2oat --compiler-filter=verify-at-runtime
09-12 20:52:47.885  4347  4347 I dex2oat : dex2oat took 19.366ms (threads: 8) arena alloc=0B (0B) java alloc=31KB (32208B) native alloc=858KB (878736B) free=1189KB (1218416B)
09-12 20:52:47.903  4356  4356 I dex2oat : /system/bin/dex2oat --compiler-filter=verify-at-runtime
09-12 20:52:47.945  4356  4356 I dex2oat : dex2oat took 42.316ms (threads: 8) arena alloc=0B (0B) java alloc=27KB (28240B) native alloc=1137KB (1165232B) free=1422KB (1456208B)
09-12 20:52:47.962  4365  4365 I dex2oat : /system/bin/dex2oat --compiler-filter=verify-at-runtime
09-12 20:52:47.982  4365  4365 I dex2oat : dex2oat took 19.842ms (threads: 8) arena alloc=0B (0B) java alloc=27KB (28240B) native alloc=898KB (919632B) free=1149KB (1177520B)
09-12 20:52:48.000  4374  4374 I dex2oat : /system/bin/dex2oat --compiler-filter=verify-at-runtime
09-12 20:52:48.100  4374  4374 I dex2oat : dex2oat took 99.540ms (threads: 8) arena alloc=0B (0B) java alloc=27KB (28240B) native alloc=385KB (395144B) free=2MB (2750584B)
09-12 20:52:48.117  4383  4383 I dex2oat : /system/bin/dex2oat --compiler-filter=verify-at-runtime
09-12 20:52:48.218  4383  4383 I dex2oat : dex2oat took 101.492ms (threads: 8) arena alloc=0B (0B) java alloc=27KB (28240B) native alloc=517KB (530248B) free=2MB (2615480B)
09-12 20:52:48.236  4392  4392 I dex2oat : /system/bin/dex2oat --compiler-filter=verify-at-runtime
09-12 20:52:48.261  4392  4392 I dex2oat : dex2oat took 25.575ms (threads: 8) arena alloc=0B (0B) java alloc=27KB (28240B) native alloc=1105KB (1131984B) free=1454KB (1489456B)
09-12 20:52:48.278  4401  4401 I dex2oat : /system/bin/dex2oat --compiler-filter=verify-at-runtime
09-12 20:52:48.299  4401  4401 I dex2oat : dex2oat took 20.686ms (threads: 8) arena alloc=0B (0B) java alloc=31KB (32208B) native alloc=1018KB (1043024B) free=1541KB (1578416B)
09-12 20:52:48.316  4410  4410 I dex2oat : /system/bin/dex2oat --compiler-filter=verify-at-runtime
09-12 20:52:48.404  4410  4410 I dex2oat : dex2oat took 88.744ms (threads: 8) arena alloc=0B (0B) java alloc=27KB (28240B) native alloc=525KB (538008B) free=2MB (2607720B)
09-12 20:52:48.423  4419  4419 I dex2oat : /system/bin/dex2oat --compiler-filter=verify-at-runtime
09-12 20:52:48.447  4419  4419 I dex2oat : dex2oat took 24.637ms (threads: 8) arena alloc=0B (0B) java alloc=27KB (28240B) native alloc=1003KB (1027408B) free=1556KB (1594032B)
09-12 20:52:48.464  4428  4428 I dex2oat : /system/bin/dex2oat --compiler-filter=verify-at-runtime
09-12 20:52:48.485  4428  4428 I dex2oat : dex2oat took 21.355ms (threads: 8) arena alloc=0B (0B) java alloc=31KB (32240B) native alloc=1057KB (1082512B) free=1502KB (1538928B)
09-12 20:52:48.503  4437  4437 I dex2oat : /system/bin/dex2oat --compiler-filter=verify-at-runtime
09-12 20:52:48.642  4437  4437 I dex2oat : dex2oat took 139.240ms (threads: 8) arena alloc=0B (0B) java alloc=27KB (28240B) native alloc=541KB (554488B) free=2MB (2591240B)
09-12 20:52:48.659  4446  4446 I dex2oat : /system/bin/dex2oat --compiler-filter=verify-at-runtime
09-12 20:52:48.727  4446  4446 I dex2oat : dex2oat took 67.646ms (threads: 8) arena alloc=0B (0B) java alloc=27KB (28240B) native alloc=558KB (571888B) free=2MB (2573840B)
09-12 20:52:48.744  4455  4455 I dex2oat : /system/bin/dex2oat --compiler-filter=verify-at-runtime
09-12 20:52:48.763  4455  4455 I dex2oat : dex2oat took 19.249ms (threads: 8) arena alloc=0B (0B) java alloc=31KB (32216B) native alloc=878KB (899152B) free=1169KB (1198000B)
09-12 20:52:48.780  4464  4464 I dex2oat : /system/bin/dex2oat --compiler-filter=verify-at-runtime
09-12 20:52:48.800  4464  4464 I dex2oat : dex2oat took 20.466ms (threads: 8) arena alloc=0B (0B) java alloc=27KB (28240B) native alloc=880KB (901712B) free=1167KB (1195440B)
09-12 20:52:48.817  4473  4473 I dex2oat : /system/bin/dex2oat --compiler-filter=verify-at-runtime
09-12 20:52:48.888  4473  4473 I dex2oat : dex2oat took 70.945ms (threads: 8) arena alloc=0B (0B) java alloc=27KB (28240B) native alloc=500KB (512880B) free=2MB (2632848B)
09-12 20:52:48.905  4482  4482 I dex2oat : /system/bin/dex2oat --compiler-filter=verify-at-runtime
09-12 20:52:48.933  4482  4482 I dex2oat : dex2oat took 28.898ms (threads: 8) arena alloc=0B (0B) java alloc=31KB (32208B) native alloc=1078KB (1104688B) free=1481KB (1516752B)
09-12 20:52:48.951  4491  4491 I dex2oat : /system/bin/dex2oat --compiler-filter=verify-at-runtime
09-12 20:52:48.974  4491  4491 I dex2oat : dex2oat took 23.847ms (threads: 8) arena alloc=0B (0B) java alloc=27KB (28240B) native alloc=1052KB (1077328B) free=1507KB (1544112B)
09-12 20:52:48.991  4500  4500 I dex2oat : /system/bin/dex2oat --compiler-filter=verify-at-runtime
09-12 20:52:49.017  4500  4500 I dex2oat : dex2oat took 25.752ms (threads: 8) arena alloc=0B (0B) java alloc=31KB (32216B) native alloc=1030KB (1055312B) free=1529KB (1566128B)
09-12 20:52:49.034  4509  4509 I dex2oat : /system/bin/dex2oat --compiler-filter=verify-at-runtime
09-12 20:52:49.095  4509  4509 I dex2oat : dex2oat took 61.005ms (threads: 8) arena alloc=0B (0B) java alloc=31KB (32208B) native alloc=521KB (533936B) free=2MB (2611792B)
09-12 20:52:49.112  4518  4518 I dex2oat : /system/bin/dex2oat --compiler-filter=verify-at-runtime
09-12 20:52:49.146  4518  4518 I dex2oat : dex2oat took 34.741ms (threads: 8) arena alloc=0B (0B) java alloc=27KB (28240B) native alloc=1141KB (1168560B) free=1418KB (1452880B)
09-12 20:52:49.164  4527  4527 I dex2oat : /system/bin/dex2oat --compiler-filter=verify-at-runtime
09-12 20:52:49.237  4527  4527 I dex2oat : dex2oat took 73.322ms (threads: 8) arena alloc=0B (0B) java alloc=31KB (32216B) native alloc=500KB (512688B) free=2MB (2633040B)
09-12 20:52:49.254  4536  4536 I dex2oat : /system/bin/dex2oat --compiler-filter=verify-at-runtime
09-12 20:52:49.273  4536  4536 I dex2oat : dex2oat took 19.436ms (threads: 8) arena alloc=0B (0B) java alloc=31KB (32216B) native alloc=878KB (899152B) free=1169KB (1198000B)
09-12 20:52:49.291  4545  4545 I dex2oat : /system/bin/dex2oat --compiler-filter=verify-at-runtime
09-12 20:52:49.499  4545  4545 I dex2oat : dex2oat took 208.595ms (threads: 8) arena alloc=0B (0B) java alloc=27KB (28240B) native alloc=806KB (825448B) free=2MB (2451352B)
09-12 20:52:49.517  4554  4554 I dex2oat : /system/bin/dex2oat --compiler-filter=verify-at-runtime
09-12 20:52:49.595  4554  4554 I dex2oat : dex2oat took 78.369ms (threads: 8) arena alloc=0B (0B) java alloc=31KB (32216B) native alloc=1106KB (1133552B) free=1453KB (1487888B)
09-12 20:52:49.612  4563  4563 I dex2oat : /system/bin/dex2oat --compiler-filter=verify-at-runtime
09-12 20:52:49.745  4563  4563 I dex2oat : dex2oat took 133.650ms (threads: 8) arena alloc=0B (0B) java alloc=27KB (28240B) native alloc=532KB (545624B) free=2MB (2600104B)
09-12 20:52:49.763  4572  4572 I dex2oat : /system/bin/dex2oat --compiler-filter=verify-at-runtime
09-12 20:52:49.823  4572  4572 I dex2oat : dex2oat took 60.882ms (threads: 8) arena alloc=0B (0B) java alloc=27KB (28240B) native alloc=858KB (878672B) free=1189KB (1218480B)
09-12 20:52:49.841  4581  4581 I dex2oat : /system/bin/dex2oat --compiler-filter=verify-at-runtime
09-12 20:52:50.061  4581  4581 I dex2oat : dex2oat took 220.467ms (threads: 8) arena alloc=0B (0B) java alloc=27KB (28240B) native alloc=637KB (653128B) free=2MB (3016888B)
09-12 20:52:50.079  4590  4590 I dex2oat : /system/bin/dex2oat --compiler-filter=verify-at-runtime
09-12 20:52:50.142  4590  4590 I dex2oat : dex2oat took 63.068ms (threads: 8) arena alloc=0B (0B) java alloc=31KB (32216B) native alloc=861KB (881744B) free=1186KB (1215408B)
09-12 20:52:50.159  4599  4599 I dex2oat : /system/bin/dex2oat --compiler-filter=verify-at-runtime
09-12 20:52:50.240  4599  4599 I dex2oat : dex2oat took 80.991ms (threads: 8) arena alloc=0B (0B) java alloc=27KB (28240B) native alloc=1094KB (1120944B) free=1465KB (1500496B)
09-12 20:52:50.257  4608  4608 I dex2oat : /system/bin/dex2oat --compiler-filter=verify-at-runtime
09-12 20:52:50.318  4608  4608 I dex2oat : dex2oat took 61.291ms (threads: 8) arena alloc=0B (0B) java alloc=27KB (28240B) native alloc=886KB (907408B) free=1161KB (1189744B)
09-12 20:52:50.336  4617  4617 I dex2oat : /system/bin/dex2oat --compiler-filter=verify-at-runtime
09-12 20:52:50.442  4617  4617 I dex2oat : dex2oat took 106.262ms (threads: 8) arena alloc=0B (0B) java alloc=31KB (32216B) native alloc=684KB (700464B) free=2MB (2445264B)
09-12 20:52:50.459  4626  4626 I dex2oat : /system/bin/dex2oat --compiler-filter=verify-at-runtime
09-12 20:52:50.594  4626  4626 I dex2oat : dex2oat took 134.668ms (threads: 8) arena alloc=0B (0B) java alloc=27KB (28240B) native alloc=438KB (449320B) free=2MB (2696408B)
09-12 20:52:50.611  4635  4635 I dex2oat : /system/bin/dex2oat --compiler-filter=verify-at-runtime
09-12 20:52:50.788  4635  4635 I dex2oat : dex2oat took 177.324ms (threads: 8) arena alloc=0B (0B) java alloc=27KB (28240B) native alloc=587KB (601592B) free=2MB (2544136B)
09-12 20:52:50.805  4644  4644 I dex2oat : /system/bin/dex2oat --compiler-filter=verify-at-runtime
09-12 20:52:50.869  4644  4644 I dex2oat : dex2oat took 63.666ms (threads: 8) arena alloc=0B (0B) java alloc=31KB (32208B) native alloc=858KB (878928B) free=1189KB (1218224B)
09-12 20:52:50.886  4653  4653 I dex2oat : /system/bin/dex2oat --compiler-filter=verify-at-runtime
09-12 20:52:51.172  4653  4653 I dex2oat : dex2oat took 285.810ms (threads: 8) arena alloc=0B (0B) java alloc=31KB (32240B) native alloc=694KB (711368B) free=2MB (2958648B)
09-12 20:52:51.190  4662  4662 I dex2oat : /system/bin/dex2oat --compiler-filter=verify-at-runtime
09-12 20:52:51.257  4662  4662 I dex2oat : dex2oat took 67.489ms (threads: 8) arena alloc=0B (0B) java alloc=31KB (32192B) native alloc=1072KB (1098032B) free=1487KB (1523408B)
09-12 20:52:51.274  4671  4671 I dex2oat : /system/bin/dex2oat --compiler-filter=verify-at-runtime
09-12 20:52:51.341  4671  4671 I dex2oat : dex2oat took 66.671ms (threads: 8) arena alloc=0B (0B) java alloc=31KB (32216B) native alloc=1073KB (1099632B) free=1486KB (1521808B)
09-12 20:52:51.358  4680  4680 I dex2oat : /system/bin/dex2oat --compiler-filter=verify-at-runtime
09-12 20:52:51.455  4680  4680 I dex2oat : dex2oat took 97.471ms (threads: 8) arena alloc=0B (0B) java alloc=31KB (32216B) native alloc=1133KB (1160496B) free=1938KB (1985232B)
09-12 20:52:51.472  4689  4689 I dex2oat : /system/bin/dex2oat --compiler-filter=verify-at-runtime
09-12 20:52:51.533  4689  4689 I dex2oat : dex2oat took 60.686ms (threads: 8) arena alloc=0B (0B) java alloc=31KB (32208B) native alloc=858KB (878672B) free=1189KB (1218480B)
09-12 20:52:51.551  4698  4698 I dex2oat : /system/bin/dex2oat --compiler-filter=verify-at-runtime
09-12 20:52:51.612  4698  4698 I dex2oat : dex2oat took 62.037ms (threads: 8) arena alloc=0B (0B) java alloc=31KB (32216B) native alloc=1070KB (1095760B) free=1489KB (1525680B)
09-12 20:52:51.616  3629  3629 W PackageManager: No disk maintenance in 1505249571616; running immediately
09-12 20:52:51.616  3629  3629 I SystemServer: StartLockSettingsService
09-12 20:52:51.616  3629  4070 I MountService: Running fstrim idle maintenance
09-12 20:52:51.616  3629  3629 I SystemServiceManager: Starting com.android.server.LockSettingsService$Lifecycle
09-12 20:52:51.616  3629  4070 D VoldConnector: SND -> {3 fstrim dotrim}
09-12 20:52:51.618  3629  4071 D VoldConnector: RCV <- {200 3 Command succeeded}
09-12 20:52:51.618  3066  4707 D vold    : Starting trim of /cache
09-12 20:52:51.628  3629  3629 I SystemServiceManager: Starting com.android.server.DeviceIdleController
09-12 20:52:51.631  3629  3629 I SystemServiceManager: Starting com.android.server.devicepolicy.DevicePolicyManagerService$Lifecycle
09-12 20:52:51.635  3629  3629 I SystemServer: StartStatusBarManagerService
09-12 20:52:51.637  3629  3629 I SystemServer: StartClipboardService
09-12 20:52:51.639  3629  3629 I SystemServer: StartNetworkManagementService
09-12 20:52:51.640  3629  4708 I NetworkManagement: onDaemonConnected()
09-12 20:52:51.643  3629  3629 I SystemServiceManager: Starting com.android.server.TextServicesManagerService$Lifecycle
09-12 20:52:51.649  3629  3629 I SystemServer: StartNetworkScoreService
09-12 20:52:51.651  3629  3629 I SystemServer: StartNetworkStatsService
09-12 20:52:51.653  3066  4707 I vold    : Trimmed 507375616 bytes on /cache in 35ms
09-12 20:52:51.653  3066  4707 D vold    : Starting trim of /data
09-12 20:52:51.653  3629  4071 D VoldConnector: RCV <- {662 /cache 507375616 35002384}
09-12 20:52:51.655  3629  3629 I SystemServer: StartNetworkPolicyManagerService
09-12 20:52:51.658  3629  3629 I SystemServer: No Wi-Fi NAN Service (NAN support Not Present)
09-12 20:52:51.658  3629  3629 I SystemServiceManager: Starting com.android.server.wifi.p2p.WifiP2pService
09-12 20:52:51.691  3629  3629 I SystemServiceManager: Starting com.android.server.wifi.WifiService
09-12 20:52:51.776  3310  3576 D CommandListener: Clearing all IP addresses on wlan0
09-12 20:52:51.977  3629  4714 I chatty  : uid=1000 system_server expire 17 lines
09-12 20:52:51.989  3629  3629 I SystemServiceManager: Starting com.android.server.wifi.scanner.WifiScanningService
09-12 20:52:51.992  3629  3629 I SystemServiceManager: Starting com.android.server.wifi.RttService
09-12 20:52:51.994  3629  3629 I SystemServiceManager: Starting com.android.server.ethernet.EthernetService
09-12 20:52:51.995  3629  3629 I SystemServer: StartConnectivityService
09-12 20:52:52.007  3629  3629 D ConnectivityService: ConnectivityService starting up
09-12 20:52:52.011  3629  3629 D ConnectivityService: wifiOnly=false
09-12 20:52:52.028  3629  3629 I SystemServer: StartNsdService
09-12 20:52:52.030  3629  3629 I SystemServer: StartUpdateLockService
09-12 20:52:52.032  3629  3629 I SystemServiceManager: Starting com.android.server.RecoverySystemService
09-12 20:52:52.033  3629  3629 I SystemServiceManager: Starting com.android.server.notification.NotificationManagerService
09-12 20:52:52.045  3629  3629 D ConditionProviders.SCP: new ScheduleConditionProvider()
09-12 20:52:52.072  3629  3629 D ZenLog  : set_zen_mode: off,init
09-12 20:52:52.086  3629  3629 I SystemServiceManager: Starting com.android.server.storage.DeviceStorageMonitorService
09-12 20:52:52.088  3629  3629 I SystemServer: StartLocationManagerService
09-12 20:52:52.090  3629  3629 I SystemServer: StartCountryDetectorService
09-12 20:52:52.091  3629  3629 I SystemServer: StartSearchManagerService
09-12 20:52:52.091  3629  3629 I SystemServiceManager: Starting com.android.server.search.SearchManagerService$Lifecycle
09-12 20:52:52.094  3629  3629 I SystemServiceManager: Starting com.android.server.DropBoxManagerService
09-12 20:52:52.095  3629  3629 I SystemServer: StartWallpaperManagerService
09-12 20:52:52.095  3629  3629 I SystemServiceManager: Starting com.android.server.wallpaper.WallpaperManagerService$Lifecycle
09-12 20:52:52.098  3629  3629 E WallpaperManagerService: Invalid wallpaper data
09-12 20:52:52.098  3629  3629 E WallpaperManagerService: Unable to apply new wallpaper
09-12 20:52:52.098  3629  3629 W WallpaperManagerService: no current wallpaper -- first boot?
09-12 20:52:52.099  3629  3629 I SystemServer: StartAudioService
09-12 20:52:52.099  3629  3629 I SystemServiceManager: Starting com.android.server.audio.AudioService$Lifecycle
09-12 20:52:52.104  3307  3612 I chatty  : uid=1041(audioserver) /system/bin/audioserver expire 3 lines
09-12 20:52:52.144  3629  3629 I SystemServiceManager: Starting com.android.server.DockObserver
09-12 20:52:52.146  3629  3629 I SystemServer: StartWiredAccessoryManager
09-12 20:52:52.147  3629  3629 W WiredAccessoryManager: This kernel does not have usb audio support
09-12 20:52:52.148  3629  3629 I SystemServiceManager: Starting com.android.server.usb.UsbService$Lifecycle
09-12 20:52:52.151  3629  3629 E UsbDeviceManager: failed to write to /sys/class/android_usb/android0/f_rndis/ethaddr
09-12 20:52:52.167     1     1 I init    : type=1400 audit(0.0:145): avc: denied { write } for name="UDC" dev="configfs" ino=28422 scontext=u:r:init:s0 tcontext=u:object_r:configfs:s0 tclass=file permissive=1
09-12 20:52:52.172  3629  3629 I UsbDeviceManager: Setting USB config to adb
09-12 20:52:53.227  3629  3629 E UsbDeviceManager: waitForState(adb) FAILED: got none
09-12 20:52:53.227  3629  3629 E UsbDeviceManager: Failed to switch USB config to adb
09-12 20:52:53.227  3629  3629 E UsbDeviceManager: Failsafe 1: Restoring previous USB functions.
09-12 20:52:53.227  3629  3629 I UsbDeviceManager: Setting USB config to mtp,adb
09-12 20:52:53.231  3629  3635 I chatty  : uid=1000 system_server expire 1 line
09-12 20:52:53.283  3629  3629 I SystemServer: StartSerialService
09-12 20:52:53.285  3629  3629 I SystemServiceManager: Starting com.android.server.twilight.TwilightService
09-12 20:52:53.286  3629  3629 I SystemServiceManager: Starting com.android.server.job.JobSchedulerService
09-12 20:52:53.291  3629  3629 I SystemServiceManager: Starting com.android.server.soundtrigger.SoundTriggerService
09-12 20:52:53.293  3629  3629 I SystemServiceManager: Starting com.android.server.backup.BackupManagerService$Lifecycle
09-12 20:52:53.294  3629  3629 I SystemServiceManager: Starting com.android.server.appwidget.AppWidgetService
09-12 20:52:53.299  3629  3629 I SystemServiceManager: Starting com.android.server.voiceinteraction.VoiceInteractionManagerService
09-12 20:52:53.301  3629  3629 I SystemServer: Gesture Launcher Service
09-12 20:52:53.301  3629  3629 I SystemServiceManager: Starting com.android.server.GestureLauncherService
09-12 20:52:53.301  3629  3629 I SystemServiceManager: Starting com.android.server.SensorNotificationService
09-12 20:52:53.302  3629  3629 I SystemServiceManager: Starting com.android.server.ContextHubSystemService
09-12 20:52:53.303  3629  3629 I SystemServer: StartDiskStatsService
09-12 20:52:53.304  3629  3629 I SystemServer: StartSamplingProfilerService
09-12 20:52:53.333  3629  3629 I SystemServer: StartNetworkTimeUpdateService
09-12 20:52:53.333  3629  3629 I SystemServer: StartCommonTimeManagementService
09-12 20:52:53.335  3629  3629 I SystemServer: CertBlacklister
09-12 20:52:53.336  3629  3629 I SystemServiceManager: Starting com.android.server.emergency.EmergencyAffordanceService
09-12 20:52:53.337  3629  3629 I SystemServiceManager: Starting com.android.server.dreams.DreamManagerService
09-12 20:52:53.339  3629  3629 I SystemServer: StartAssetAtlasService
09-12 20:52:53.345  3629  4738 I chatty  : uid=1000 system_server expire 4 lines
09-12 20:52:53.346  3629  4739 I chatty  : uid=1000 system_server expire 1 line
09-12 20:52:53.346  3629  4741 I chatty  : uid=1000 system_server expire 1 line
09-12 20:52:53.347  3629  4740 I chatty  : uid=1000 system_server expire 1 line
09-12 20:52:53.347  3629  3629 I SystemServiceManager: Starting com.android.server.print.PrintManagerService
09-12 20:52:53.348  3629  4742 I chatty  : uid=1000 system_server expire 1 line
09-12 20:52:53.348  3629  4743 I chatty  : uid=1000 system_server expire 1 line
09-12 20:52:53.357  3629  4744 I chatty  : uid=1000 system_server expire 1 line
09-12 20:52:53.357  3629  4746 I chatty  : uid=1000 system_server expire 1 line
09-12 20:52:53.360  3629  3629 I SystemServiceManager: Starting com.android.server.restrictions.RestrictionsManagerService
09-12 20:52:53.362  3629  4745 I chatty  : uid=1000 system_server expire 1 line
09-12 20:52:53.363  3629  3629 I SystemServiceManager: Starting com.android.server.media.MediaSessionService
09-12 20:52:53.365  3629  3629 I SystemServer: StartMediaRouterService
09-12 20:52:53.366  3629  3629 I SystemServiceManager: Starting com.android.server.trust.TrustManagerService
09-12 20:52:53.374  3629  3629 I SystemServiceManager: Starting com.android.server.fingerprint.FingerprintService
09-12 20:52:53.380  3629  3629 W FingerprintService: fingerprint service not available
09-12 20:52:53.380  3629  3629 V FingerprintService: Fingerprint HAL id: 0
09-12 20:52:53.381  3629  3629 I SystemServer: StartBackgroundDexOptService
09-12 20:52:53.384  3629  3629 I SystemServiceManager: Starting com.android.server.pm.ShortcutService$Lifecycle
09-12 20:52:53.393  3629  3629 I SystemServiceManager: Starting com.android.server.pm.LauncherAppsService
09-12 20:52:53.396  3629  3629 I SystemServiceManager: Starting com.android.server.media.projection.MediaProjectionManagerService
09-12 20:52:53.459  3629  3629 I SyncManager: No initial accounts
09-12 20:52:53.460  3629  3629 I SyncManager: No initial status
09-12 20:52:53.461  3629  3629 I SyncManager: No initial statistics
09-12 20:52:53.547  3629  3629 I SystemServiceManager: Starting com.android.server.MmsServiceBroker
09-12 20:52:53.549  3629  3629 I CMSystemServer: Attempting to start service org.cyanogenmod.platform.internal.CMStatusBarManagerService
09-12 20:52:53.551  3629  3629 I CMSystemServer: Starting service org.cyanogenmod.platform.internal.CMStatusBarManagerService
09-12 20:52:53.551  3629  3629 I SystemServiceManager: Starting org.cyanogenmod.platform.internal.CMStatusBarManagerService
09-12 20:52:53.553  3629  3629 I CMSystemServer: Attempting to start service org.cyanogenmod.platform.internal.ProfileManagerService
09-12 20:52:53.556  3629  3629 I CMSystemServer: Starting service org.cyanogenmod.platform.internal.ProfileManagerService
09-12 20:52:53.556  3629  3629 I SystemServiceManager: Starting org.cyanogenmod.platform.internal.ProfileManagerService
09-12 20:52:53.557  3526  3526 I chatty  : uid=1000(system) /system/bin/servicemanager expire 113 lines
09-12 20:52:53.570  3629  3629 I CMSystemServer: Attempting to start service org.cyanogenmod.platform.internal.CMTelephonyManagerService
09-12 20:52:53.571  3629  3629 I CMSystemServer: Starting service org.cyanogenmod.platform.internal.CMTelephonyManagerService
09-12 20:52:53.571  3629  3629 I SystemServiceManager: Starting org.cyanogenmod.platform.internal.CMTelephonyManagerService
09-12 20:52:53.572  3629  3629 I CMSystemServer: Attempting to start service org.cyanogenmod.platform.internal.CMHardwareService
09-12 20:52:53.583  3629  3629 I CMSystemServer: Starting service org.cyanogenmod.platform.internal.CMHardwareService
09-12 20:52:53.583  3629  3629 I SystemServiceManager: Starting org.cyanogenmod.platform.internal.CMHardwareService
09-12 20:52:53.587  3629  3629 I CMSystemServer: Attempting to start service org.cyanogenmod.platform.internal.PerformanceManagerService
09-12 20:52:53.589  3629  4749 I ServiceThread: Enabled StrictMode logging for PerformanceManager looper.
09-12 20:52:53.590  3629  3629 I CMSystemServer: Starting service org.cyanogenmod.platform.internal.PerformanceManagerService
09-12 20:52:53.590  3629  3629 I SystemServiceManager: Starting org.cyanogenmod.platform.internal.PerformanceManagerService
09-12 20:52:53.591  3629  4750 I ServiceThread: Enabled StrictMode logging for PerformanceManager looper.
09-12 20:52:53.592  3629  3629 I CMSystemServer: Attempting to start service org.cyanogenmod.platform.internal.WeatherManagerServiceBroker
09-12 20:52:53.593  3629  3629 I CMSystemServer: Starting service org.cyanogenmod.platform.internal.WeatherManagerServiceBroker
09-12 20:52:53.593  3629  3629 I SystemServiceManager: Starting org.cyanogenmod.platform.internal.WeatherManagerServiceBroker
09-12 20:52:53.594  3629  3629 I CMSystemServer: Attempting to start service org.cyanogenmod.platform.internal.display.LiveDisplayService
09-12 20:52:53.596  3629  4751 I ServiceThread: Enabled StrictMode logging for LiveDisplay looper.
09-12 20:52:53.598  3629  3629 I CMSystemServer: Starting service org.cyanogenmod.platform.internal.display.LiveDisplayService
09-12 20:52:53.599  3629  3629 I SystemServiceManager: Starting org.cyanogenmod.platform.internal.display.LiveDisplayService
09-12 20:52:53.599  3629  4752 I ServiceThread: Enabled StrictMode logging for LiveDisplay looper.
09-12 20:52:53.601  3629  3629 I CMSystemServer: Attempting to start service org.cyanogenmod.platform.internal.CMAudioServiceBroker
09-12 20:52:53.601  3629  3629 I CMSystemServer: Starting service org.cyanogenmod.platform.internal.CMAudioServiceBroker
09-12 20:52:53.601  3629  3629 I SystemServiceManager: Starting org.cyanogenmod.platform.internal.CMAudioServiceBroker
09-12 20:52:53.601  3629  3629 I SystemServiceManager: Starting com.android.server.retaildemo.RetailDemoModeService
09-12 20:52:53.602  3629  4753 I ServiceThread: Enabled StrictMode logging for RetailDemoModeService looper.
09-12 20:52:53.635  4738  4738 I Thread-2: type=1400 audit(0.0:146): avc: denied { read write } for name="fimg2d" dev="tmpfs" ino=21542 scontext=u:r:system_server:s0 tcontext=u:object_r:device:s0 tclass=chr_file permissive=1
09-12 20:52:53.635  4738  4738 I Thread-2: type=1400 audit(0.0:146): avc: denied { open } for path="/dev/fimg2d" dev="tmpfs" ino=21542 scontext=u:r:system_server:s0 tcontext=u:object_r:device:s0 tclass=chr_file permissive=1
09-12 20:52:53.635  4738  4738 W Thread-2: type=1300 audit(0.0:146): arch=c00000b7 syscall=56 success=yes exit=164 a0=ffffff9c a1=7fa38fc703 a2=2 a3=0 items=0 ppid=3306 auid=4294967295 uid=1000 gid=1000 euid=1000 suid=1000 fsuid=1000 egid=1000 sgid=1000 fsgid=1000 tty=(none) ses=4294967295 exe="/system/bin/app_process64" subj=u:r:system_server:s0 key=(null)
09-12 20:52:53.635  3074  3074 W auditd  : type=1327 audit(0.0:146): proctitle="system_server"
09-12 20:52:53.635  3074  3074 W auditd  : type=1320 audit(0.0:146): 
09-12 20:52:53.635  4738  4738 I Thread-2: type=1400 audit(0.0:147): avc: denied { ioctl } for path="/dev/fimg2d" dev="tmpfs" ino=21542 ioctlcmd=4d04 scontext=u:r:system_server:s0 tcontext=u:object_r:device:s0 tclass=chr_file permissive=1
09-12 20:52:53.635  4738  4738 W Thread-2: type=1300 audit(0.0:147): arch=c00000b7 syscall=29 success=yes exit=0 a0=a5 a1=c1104d04 a2=7f9566d4b0 a3=0 items=0 ppid=3306 auid=4294967295 uid=1000 gid=1000 euid=1000 suid=1000 fsuid=1000 egid=1000 sgid=1000 fsgid=1000 tty=(none) ses=4294967295 exe="/system/bin/app_process64" subj=u:r:system_server:s0 key=(null)
09-12 20:52:53.635  3074  3074 W auditd  : type=1327 audit(0.0:147): proctitle="system_server"
09-12 20:52:53.635  3074  3074 W auditd  : type=1320 audit(0.0:147): 
09-12 20:52:53.784  3629  3629 I LockSettingsService: Migrated lock settings to new location
09-12 20:52:53.806  3629  3629 I LockSettingsService: Migrated per-user lock settings to new location
09-12 20:52:53.848  3629  3629 I LockSettingsService: Migrated biometric weak to use the fallback instead
09-12 20:52:53.869  3629  3629 I LockSettingsService: Migrated lockscreen disabled flag
09-12 20:52:53.872  3629  3629 W SystemServer: ***********************************************
09-12 20:52:53.874  3629  3629 E SystemServer: BOOT FAILURE making Lock Settings Service ready
09-12 20:52:53.874  3629  3629 E SystemServer: java.lang.NullPointerException: Attempt to invoke interface method 'int android.security.IKeystoreService.exist(java.lang.String, int)' on a null object reference
09-12 20:52:53.874  3629  3629 E SystemServer: 	at android.security.KeyStore.contains(KeyStore.java:200)
09-12 20:52:53.874  3629  3629 E SystemServer: 	at android.security.keystore.AndroidKeyStoreSpi.engineContainsAlias(AndroidKeyStoreSpi.java:804)
09-12 20:52:53.874  3629  3629 E SystemServer: 	at java.security.KeyStore.containsAlias(KeyStore.java:1056)
09-12 20:52:53.874  3629  3629 E SystemServer: 	at com.android.server.LockSettingsService.migrateOldData(LockSettingsService.java:594)
09-12 20:52:53.874  3629  3629 E SystemServer: 	at com.android.server.LockSettingsService.systemReady(LockSettingsService.java:453)
09-12 20:52:53.874  3629  3629 E SystemServer: 	at com.android.server.SystemServer.startOtherServices(SystemServer.java:1350)
09-12 20:52:53.874  3629  3629 E SystemServer: 	at com.android.server.SystemServer.run(SystemServer.java:368)
09-12 20:52:53.874  3629  3629 E SystemServer: 	at com.android.server.SystemServer.main(SystemServer.java:237)
09-12 20:52:53.874  3629  3629 E SystemServer: 	at java.lang.reflect.Method.invoke(Native Method)
09-12 20:52:53.874  3629  3629 E SystemServer: 	at com.android.internal.os.ZygoteInit$MethodAndArgsCaller.run(ZygoteInit.java:889)
09-12 20:52:53.874  3629  3629 E SystemServer: 	at com.android.internal.os.ZygoteInit.main(ZygoteInit.java:779)
09-12 20:52:53.875  3629  3629 I SystemServiceManager: Starting phase 480
09-12 20:52:53.879  3629  3629 I SystemServiceManager: Starting phase 500
09-12 20:52:53.889  3629  3629 I WifiService: WifiService starting up with Wi-Fi enabled
09-12 20:52:53.891  3629  3629 D WifiService: setWifiEnabled: true pid=3629, uid=1000
09-12 20:52:53.893  3629  4713 I chatty  : uid=1000 system_server expire 2 lines
09-12 20:52:53.901  3629  4718 D ConnectivityService: Got NetworkFactory Messenger for Ethernet
09-12 20:52:53.901  3629  4770 I chatty  : uid=1000 system_server expire 1 line
09-12 20:52:53.920  3629  3629 D ZenLog  : config: cleanUpZenRules,ZenModeConfig[user=0,allowCalls=true,allowRepeatCallers=false,allowMessages=false,allowCallsFrom=contacts,allowMessagesFrom=contacts,allowReminders=true,allowEvents=true,allowWhenScreenOff=true,allowWhenScreenOn=true,automaticRules={6b5cb3468e67452cbf5823635f320e3a=ZenRule[enabled=false,snoozing=false,name=Weeknight,zenMode=ZEN_MODE_ALARMS,conditionId=condition://android/schedule?days=1.2.3.4.5&start=22.0&end=7.0&exitAtAlarm=false,condition=null,component=ComponentInfo{android/com.android.server.notification.ScheduleConditionProvider},id=6b5cb3468e67452cbf5823635f320e3a,creationTime=1505249572042,enabler=null], 83718c4a2df846019ee24a8789510884=ZenRule[enabled=false,snoozing=false,name=Weekend,zenMode=ZEN_MODE_ALARMS,conditionId=condition://android/schedule?days=6.7&start=23.30&end=10.0&exitAtAlarm=false,condition=null,component=ComponentInfo{android/com.android.server.notification.ScheduleConditionProvider},id=83718c4a2df846019ee24a8789510884,creationTime=1505249572042,enabler=null], 3a90e6435b8d40d1bbff172fc163522d=ZenRule[enabled=false,snoozing=false,name=Event,zenMode=ZEN_MODE_ALARMS,conditionId=condition://android/event?userId=-10000&calendar=&reply=1,condition=null,component=ComponentInfo{android/com.android.server.notification.EventConditionProvider},id=3a90e6435b8d40d1bbff172fc163522d,creationTime=1505249572043,enabler=null]},manualRule=null],Diff[]
09-12 20:52:53.921  3629  3629 D ZenLog  : set_zen_mode: off,onSystemReady
09-12 20:52:53.924  3629  3629 W SoundTriggerHelper: listModules status=0, # of modules=0
09-12 20:52:53.928  3629  3629 E PerformanceManager: System is not ready, dropping profile request
09-12 20:52:53.992  3629  3726 W LocalDisplayAdapter: Unable to find color mode 0, ignoring request.
09-12 20:52:53.994  3629  3629 D VoldConnector: SND -> {4 volume remount_uid 1001 none}
