--------- beginning of main
09-11 08:42:07.372  3073  3073 W auditd  : type=1325 audit(0.0:2): table=filter family=2 entries=0
09-11 08:42:07.372  3073  3073 W auditd  : type=1325 audit(0.0:3): table=mangle family=2 entries=0
09-11 08:42:07.372  3073  3073 W auditd  : type=1325 audit(0.0:4): table=nat family=2 entries=0
09-11 08:42:07.372  3073  3073 W auditd  : type=1325 audit(0.0:5): table=raw family=2 entries=0
09-11 08:42:07.372  3073  3073 W auditd  : type=1325 audit(0.0:6): table=security family=2 entries=0
09-11 08:42:07.372  3073  3073 W auditd  : type=1325 audit(0.0:7): table=filter family=3 entries=0
09-11 08:42:07.372  3073  3073 W auditd  : type=1325 audit(0.0:8): table=filter family=10 entries=0
09-11 08:42:07.372  3073  3073 W auditd  : type=1325 audit(0.0:9): table=mangle family=10 entries=0
09-11 08:42:07.372  3073  3073 W auditd  : type=1325 audit(0.0:10): table=raw family=10 entries=0
09-11 08:42:07.372  3073  3073 W auditd  : type=1325 audit(0.0:11): table=nat family=10 entries=0
09-11 08:42:07.555  3073  3073 I auditd  : type=1403 audit(0.0:12): policy loaded auid=4294967295 ses=4294967295
09-11 08:42:08.275  3073  3073 W auditd  : type=1305 audit(0.0:13): audit_pid=3062 old=0 auid=4294967295 ses=4294967295 subj=u:r:logd:s0 res=1
09-11 08:42:08.275  3073  3073 W auditd  : type=1305 audit(0.0:14): audit_rate_limit=20 old=0 auid=4294967295 ses=4294967295 subj=u:r:logd:s0 res=1
--------- beginning of system
09-11 08:42:08.300  3065  3065 I vold    : Vold 3.0 (the awakening) firing up
09-11 08:42:08.300  3065  3065 V vold    : Detected support for: exfat ext4 f2fs ntfs vfat
09-11 08:42:08.302  3065  3065 W Vold    : Tearing down stale mount /mnt/secure/asec
09-11 08:42:08.313  3063  3063 I         : debuggerd: starting
09-11 08:42:08.318  3065  3065 W Vold    : Tearing down stale mount /mnt/secure
09-11 08:42:08.351  3065  3131 D vold    : e4crypt_init_user0
09-11 08:42:08.351  3065  3131 D vold    : e4crypt_prepare_user_storage for volume null, user 0, serial 0, flags 1
09-11 08:42:08.351  3065  3131 D vold    : Preparing: /data/system/users/0
09-11 08:42:08.351  3065  3131 D vold    : Preparing: /data/misc/profiles/cur/0
09-11 08:42:08.351  3065  3131 D vold    : Preparing: /data/misc/profiles/cur/0/foreign-dex
09-11 08:42:08.351  3065  3131 D vold    : Preparing: /data/system_de/0
09-11 08:42:08.351  3065  3131 D vold    : Preparing: /data/misc_de/0
09-11 08:42:08.351  3065  3131 D vold    : Preparing: /data/user_de/0
09-11 08:42:08.351  3065  3131 D vold    : e4crypt_unlock_user_key 0 serial=0 token_present=0
09-11 08:42:08.351  3065  3131 E vold    : Failed to chmod /data/system_ce/0: No such file or directory
09-11 08:42:08.351  3065  3131 E vold    : Failed to chmod /data/misc_ce/0: No such file or directory
09-11 08:42:08.352     1     1 I vdc     : 200 3066 Command succeeded
09-11 08:42:08.358  3132  3132 I /system/bin/tzdatacheck: tzdata file /data/misc/zoneinfo/current/tzdata does not exist. No action required.
09-11 08:42:08.370  3133  3133 D macloader: Deleting file /data/.cid.info
09-11 08:42:08.374  3134  3134 I TeeMcDaemon: Registry search paths: [hardware/samsung_slsi/exynos8895/mobicore_kinibi400/Daemon/src/MobiCoreDriverDaemon.cpp:212]
09-11 08:42:08.374  3134  3134 I TeeMcDaemon:   /data/misc/mcRegistry [hardware/samsung_slsi/exynos8895/mobicore_kinibi400/Daemon/src/MobiCoreDriverDaemon.cpp:214]
09-11 08:42:08.374  3134  3134 I TeeMcDaemon:   /efs/prov [hardware/samsung_slsi/exynos8895/mobicore_kinibi400/Daemon/src/MobiCoreDriverDaemon.cpp:214]
09-11 08:42:08.374  3134  3134 I TeeMcDaemon:   /vendor/app/mcRegistry [hardware/samsung_slsi/exynos8895/mobicore_kinibi400/Daemon/src/MobiCoreDriverDaemon.cpp:214]
09-11 08:42:08.374  3134  3134 I TeeMcDaemon:   /system/app/mcRegistry [hardware/samsung_slsi/exynos8895/mobicore_kinibi400/Daemon/src/MobiCoreDriverDaemon.cpp:214]
09-11 08:42:08.374  3134  3134 I TeeMcDaemon: partition paths rp:  /efs/TEE [hardware/samsung_slsi/exynos8895/mobicore_kinibi400/Daemon/src/MobiCoreDriverDaemon.cpp:223]
09-11 08:42:08.374  3134  3134 I TeeMcDaemon: Initialise Secure World [hardware/samsung_slsi/exynos8895/mobicore_kinibi400/Daemon/src/MobiCoreDriverDaemon.cpp:253]
09-11 08:42:08.375     1     1 I init    : type=1400 audit(0.0:15): avc: denied { write } for name="serialnumber" dev="configfs" ino=10379 scontext=u:r:init:s0 tcontext=u:object_r:configfs:s0 tclass=file permissive=1
09-11 08:42:08.375     1     1 I init    : type=1400 audit(0.0:16): avc: denied { create } for name="mtp.0" scontext=u:r:init:s0 tcontext=u:object_r:configfs:s0 tclass=lnk_file permissive=1
09-11 08:42:08.379     1     1 I init    : type=1400 audit(0.0:17): avc: denied { write } for name="battery" dev="sysfs" ino=35512 scontext=u:r:init:s0 tcontext=u:object_r:sysfs:s0 tclass=dir permissive=1
09-11 08:42:08.382  3134  3134 I TeeMcDaemon: driver version: v6.3 [hardware/samsung_slsi/exynos8895/mobicore_kinibi400/Daemon/src/SecureWorld.cpp:295]
09-11 08:42:08.385  3143  3143 I sysinit : Running /system/etc/init.d/00banner 
09-11 08:42:08.396  3152  3152 I cm      : _ _                                        
09-11 08:42:08.398  3140  3140 I lowmemorykiller: Using in-kernel low memory killer interface
09-11 08:42:08.399  3157  3157 I init    : type=1400 audit(0.0:18): avc: denied { entrypoint } for path="/system/bin/cbd" dev="sda17" ino=185 scontext=u:r:cbd:s0 tcontext=u:object_r:cpboot-daemon_exec:s0 tclass=file permissive=1
09-11 08:42:08.399  3157  3157 W cbd     : type=1300 audit(0.0:18): arch=c00000b7 syscall=221 success=yes exit=0 a0=7f955181c1 a1=7f95424680 a2=544098 a3=4 items=0 ppid=1 auid=4294967295 uid=0 gid=1001 euid=0 suid=0 fsuid=0 egid=1001 sgid=1001 fsgid=1001 tty=(none) ses=4294967295 exe="/system/bin/cbd" subj=u:r:cbd:s0 key=(null)
09-11 08:42:08.399  3073  3073 W auditd  : type=1327 audit(0.0:18): proctitle=2F73797374656D2F62696E2F636264002D64002D747373333130002D626D002D6D6D002D5000706C6174666F726D2F31313132303030302E7566732F62792D6E616D652F524144494F002D6300706C6174666F726D2F31313132303030302E7566732F62792D6E616D652F43505F4445425547
09-11 08:42:08.399  3073  3073 W auditd  : type=1320 audit(0.0:18): 
09-11 08:42:08.402  3156  3156 I cm      : | (_)_ __   ___  __ _  __ _  ___  ___  ___  
09-11 08:42:08.407  3157  3157 I cbd     : type=1400 audit(0.0:19): avc: denied { read } for path="/system/bin/cbd" dev="sda17" ino=185 scontext=u:r:cbd:s0 tcontext=u:object_r:cpboot-daemon_exec:s0 tclass=file permissive=1
09-11 08:42:08.407  3157  3157 W cbd     : type=1300 audit(0.0:19): arch=c00000b7 syscall=226 success=yes exit=0 a0=493000 a1=3000 a2=1 a3=1 items=0 ppid=1 auid=4294967295 uid=0 gid=1001 euid=0 suid=0 fsuid=0 egid=1001 sgid=1001 fsgid=1001 tty=(none) ses=4294967295 exe="/system/bin/cbd" subj=u:r:cbd:s0 key=(null)
09-11 08:42:08.407  3073  3073 W auditd  : type=1327 audit(0.0:19): proctitle=2F73797374656D2F62696E2F636264002D64002D747373333130002D626D002D6D6D002D5000706C6174666F726D2F31313132303030302E7566732F62792D6E616D652F524144494F002D6300706C6174666F726D2F31313132303030302E7566732F62792D6E616D652F43505F4445425547
09-11 08:42:08.407  3073  3073 W auditd  : type=1320 audit(0.0:19): 
09-11 08:42:08.407  3142  3142 I SurfaceFlinger: SurfaceFlinger is starting
09-11 08:42:08.408  3142  3142 I SurfaceFlinger: SurfaceFlinger's main thread ready to run. Initializing graphics H/W...
09-11 08:42:08.413  3164  3164 I cm      : | | | '_ \ / _ \/ _` |/ _` |/ _ \/ _ \/ __| 
09-11 08:42:08.413  3160  3160 D wifiloader: Trigger initcall of deferred modules
09-11 08:42:08.430  3168  3168 I         : installd firing up
09-11 08:42:08.434  3182  3182 I cm      : | | | | | |  __/ (_| | (_| |  __/ (_) \__ \ 
09-11 08:42:08.437  3175  3175 I fingerprintd: Starting fingerprintd
09-11 08:42:08.440  3179  3179 I perfprofd: starting Android Wide Profiling daemon
09-11 08:42:08.441  3161  3161 V lhd     : GlLhdInterface::Init(/system/etc/lhd.conf)
09-11 08:42:08.441  3179  3179 E perfprofd: unable to open configuration file /data/data/com.google.android.gms/files/perfprofd.conf
09-11 08:42:08.442  3179  3179 I perfprofd: random seed set to 3716815571
09-11 08:42:08.442  3169  3169 I keystore: Found keymaster0 module Keymaster OpenSSL HAL, version 2
09-11 08:42:08.443  3169  3169 I SoftKeymaster: system/keymaster/soft_keymaster_device.cpp, Line 131: Creating device
09-11 08:42:08.443  3169  3169 D SoftKeymaster: system/keymaster/soft_keymaster_device.cpp, Line 132: Device address: 0x7fab63e000
09-11 08:42:08.443  3169  3169 I keystore: Keymaster0 module is software-only.  Using SoftKeymasterDevice instead.
09-11 08:42:08.443  3169  3169 I SoftKeymaster: system/keymaster/soft_keymaster_device.cpp, Line 131: Creating device
09-11 08:42:08.443  3169  3169 D SoftKeymaster: system/keymaster/soft_keymaster_device.cpp, Line 132: Device address: 0x7fab63e400
09-11 08:42:08.444  3184  3184 I cm      : |_|_|_| |_|\___|\__,_|\__, |\___|\___/|___/ 
09-11 08:42:08.444  3161  3161 E lhd     : SetCfgValue: Critical Error. Unknown configuration parameter "FlpName"="tcp"
09-11 08:42:08.444  3161  3161 V lhd     : SetCfgValue: LHD config "LheSerialControl"="BBD:Serial=TTY"
09-11 08:42:08.444  3161  3161 E lhd     : SetCfgValue: Critical Error. Unknown configuration parameter "LheClockMHz"="100"
09-11 08:42:08.444  3161  3161 V lhd     : SetCfgValue: LHD config "LhePatch"="/dev/bbd_patch"
09-11 08:42:08.444  3161  3161 V lhd     : SetCfgValue: LHD config "LheMaxMcuResetTries"="4"
09-11 08:42:08.444  3161  3161 V lhd     : SetCfgValue: LHD config "LheBbdPacket"="/dev/ttyBCM"
09-11 08:42:08.444  3161  3161 V lhd     : SetCfgValue: LHD config "LheBbdControl"="/dev/bbd_control"
09-11 08:42:08.444  3161  3161 V lhd     : SetCfgValue: LHD config "LheBbdSensor"="/dev/bbd_sensor"
09-11 08:42:08.444  3161  3161 V lhd     : SetCfgValue: LHD config "Lhe477xDebugFlags"="RPC:FACILITY=33:STDOUT_PUTS:STDOUT_LOG"
09-11 08:42:08.444  3161  3161 E lhd     : SetCfgValue: Critical Error. Unknown configuration parameter "LheSensorIpc"="true"
09-11 08:42:08.444  3161  3161 E lhd     : SetCfgValue: Critical Error. Unknown configuration parameter "LhePinMux"="P17=M1"
09-11 08:42:08.444  3161  3161 V lhd     : SetCfgValue: LHD config "LheAutoBaudDelayMS"="10"
09-11 08:42:08.444  3161  3161 V lhd     : SetCfgValue: LHD config "LheMaxMcuResetTries"="3"
09-11 08:42:08.445  3161  3161 E lhd     : OpenFirmwareFile: Fail to open /efs/sec_efs/sensorhub_urgent_fw.patch, errno 2
09-11 08:42:08.445  3161  3161 E lhd     : getCustPatchVersion: Fail to parse patch /efs/sec_efs/sensorhub_urgent_fw.patch
09-11 08:42:08.445  3161  3161 E lhd     : getCustPatchVersion: <CustomerVersion> not found
09-11 08:42:08.452  3185  3185 I cm      :                       |___/ 
09-11 08:42:08.460  3176  3176 I gatekeeperd: Starting gatekeeperd...
09-11 08:42:08.461  3176  3176 W gatekeeperd: falling back to software GateKeeper
09-11 08:42:08.461  3176  3176 I gatekeeperd: cold boot: clearing state
09-11 08:42:08.463  3174  3174 I Netd    : Netd 1.0 starting
09-11 08:42:08.464  3174  3174 D TetherController: Setting IP forward enable = 0
09-11 08:42:08.467  3174  3174 I QtiConnectivityAdapter: Failed to open libconnctrl, some features may not be present.
09-11 08:42:08.468  3174  3174 E         : Failed to open libdatactrl, some features may not be present.
09-11 08:42:08.468  3174  3174 E         : Failed to open libcsm_data, some features may not be present.
09-11 08:42:08.483  3134  3134 I TeeMcDaemon: TEE is ready [hardware/samsung_slsi/exynos8895/mobicore_kinibi400/Daemon/src/SecureWorld.cpp:332]
09-11 08:42:08.484  3134  3134 I TeeMcDaemon: t-base-EXYNOS64-Android-400A-V011-20170203_131128_25330_57476 [hardware/samsung_slsi/exynos8895/mobicore_kinibi400/Daemon/src/MobiCoreDriverDaemon.cpp:280]
09-11 08:42:08.484  3134  3134 I TeeMcDaemon: Specific partition path used for Store_1.tf, stored in /efs/TEE [hardware/samsung_slsi/exynos8895/mobicore_kinibi400/Daemon/src/FSD2.cpp:340]
09-11 08:42:08.485  3134  3134 I TeeMcDaemon: Start services [hardware/samsung_slsi/exynos8895/mobicore_kinibi400/Daemon/src/MobiCoreDriverDaemon.cpp:304]
09-11 08:42:08.485  3134  3134 I TeeMcDaemon: * start secure world interface [hardware/samsung_slsi/exynos8895/mobicore_kinibi400/Daemon/src/MobiCoreDriverDaemon.cpp:308]
09-11 08:42:08.485  3134  3134 I TeeMcDaemon: * start filesystem [hardware/samsung_slsi/exynos8895/mobicore_kinibi400/Daemon/src/MobiCoreDriverDaemon.cpp:308]
09-11 08:42:08.485  3134  3134 I TeeMcDaemon: driver version: v6.3 [hardware/samsung_slsi/exynos8895/mobicore_kinibi400/ClientLib/src/driver.cpp:71]
09-11 08:42:08.485  3134  3134 I TeeMcDaemon: driver open [hardware/samsung_slsi/exynos8895/mobicore_kinibi400/ClientLib/src/driver.cpp:84]
09-11 08:42:08.485  3134  3134 I TeeMcDaemon: Kinibi access granted by the driver [hardware/samsung_slsi/exynos8895/mobicore_kinibi400/ClientLib/src/common.cpp:217]
09-11 08:42:08.490  3134  3188 I TeeMcDaemon: Start listening to secure world [hardware/samsung_slsi/exynos8895/mobicore_kinibi400/Daemon/src/SecureWorld.cpp:466]
09-11 08:42:08.491  3134  3188 W TeeMcDaemon: Cannot open trustlet /data/misc/mcRegistry/07050501000000000000000000000020.tlbin (No such file or directory) [hardware/samsung_slsi/exynos8895/mobicore_kinibi400/Daemon/src/SecureWorld.cpp:195]
09-11 08:42:08.492  3142  3142 D libEGL  : loaded /vendor/lib64/egl/libGLES_mali.so
09-11 08:42:08.493  3134  3134 I TeeMcDaemon: * start registry update [hardware/samsung_slsi/exynos8895/mobicore_kinibi400/Daemon/src/MobiCoreDriverDaemon.cpp:308]
09-11 08:42:08.493  3134  3134 I TeeMcDaemon: * start registry server [hardware/samsung_slsi/exynos8895/mobicore_kinibi400/Daemon/src/MobiCoreDriverDaemon.cpp:308]
09-11 08:42:08.493  3134  3134 I TeeMcDaemon: * start debug session [hardware/samsung_slsi/exynos8895/mobicore_kinibi400/Daemon/src/MobiCoreDriverDaemon.cpp:308]
09-11 08:42:08.493  3134  3188 W TeeMcDaemon: Cannot open trustlet /data/misc/mcRegistry/08050500000000000000000000000000.tlbin (No such file or directory) [hardware/samsung_slsi/exynos8895/mobicore_kinibi400/Daemon/src/SecureWorld.cpp:195]
09-11 08:42:08.494  3134  3134 I TeeMcDaemon: session opened [hardware/samsung_slsi/exynos8895/mobicore_kinibi400/Daemon/src/DebugSession.cpp:113]
09-11 08:42:08.494  3134  3134 I TeeMcDaemon: Load secure drivers [hardware/samsung_slsi/exynos8895/mobicore_kinibi400/Daemon/src/MobiCoreDriverDaemon.cpp:318]
09-11 08:42:08.494  3134  3190 I TeeMcDaemon: void FileSystem::Impl::run(): Start listening for request from STH2 [hardware/samsung_slsi/exynos8895/mobicore_kinibi400/Daemon/src/FSD2.cpp:443]
09-11 08:42:08.494  3134  3134 I TeeMcDaemon: * loading /system/app/FFFFFFFF000000000000000000000001.drbin [hardware/samsung_slsi/exynos8895/mobicore_kinibi400/Daemon/src/MobiCoreDriverDaemon.cpp:323]
09-11 08:42:08.497  3134  3191 I TeeRegistryUpdate: Starting registry update open thread [hardware/samsung_slsi/exynos8895/mobicore_kinibi400/Daemon/src/RegistryUpdate.cpp:85]
09-11 08:42:08.498  3134  3192 I TeeMcDaemon: void RegistryServer::Impl::run(): Starting server [hardware/samsung_slsi/exynos8895/mobicore_kinibi400/Daemon/src/RegistryServer.cpp:230]
09-11 08:42:08.499  3134  3134 I TeeMcDaemon: * loading /system/app/mcRegistry/ffffffffd0000000000000000000000a.tlbin [hardware/samsung_slsi/exynos8895/mobicore_kinibi400/Daemon/src/MobiCoreDriverDaemon.cpp:323]
09-11 08:42:08.500  3134  3191 I TeeRegistryUpdate: Exiting registry update open thread [hardware/samsung_slsi/exynos8895/mobicore_kinibi400/Daemon/src/RegistryUpdate.cpp:143]
09-11 08:42:08.524  3195  3195 I cm      : Welcome to Android 7.1.2 / LineageOS-14.1-20170909-UNOFFICIAL-dream2lte 
09-11 08:42:08.527  3134  3134 I TeeMcDaemon: * loading /system/app/mcRegistry/ffffffffd00000000000000000000016.tlbin [hardware/samsung_slsi/exynos8895/mobicore_kinibi400/Daemon/src/MobiCoreDriverDaemon.cpp:323]
09-11 08:42:08.531  3170  3170 I mediacodec: @@@ mediacodecservice starting
09-11 08:42:08.532  3170  3170 W /system/bin/mediacodec: libminijail: allowing syscall: clock_gettime
09-11 08:42:08.532  3170  3170 W /system/bin/mediacodec: libminijail: allowing syscall: connect
09-11 08:42:08.532  3170  3170 W /system/bin/mediacodec: libminijail: allowing syscall: fcntl64
09-11 08:42:08.532  3170  3170 W /system/bin/mediacodec: libminijail: allowing syscall: socket
09-11 08:42:08.532  3170  3170 W /system/bin/mediacodec: libminijail: allowing syscall: writev
09-11 08:42:08.532  3170  3170 W /system/bin/mediacodec: libminijail: logging seccomp filter failures
09-11 08:42:08.534  3142  3142 I gralloc : using (id=)
09-11 08:42:08.534  3142  3142 I gralloc : xres         = 1440 px
09-11 08:42:08.534  3142  3142 I gralloc : yres         = 2960 px
09-11 08:42:08.534  3142  3142 I gralloc : width        = 70 mm (522.514282 dpi)
09-11 08:42:08.534  3142  3142 I gralloc : height       = 143 mm (525.762268 dpi)
09-11 08:42:08.534  3142  3142 I gralloc : refresh rate = 60.00 Hz
09-11 08:42:08.558  3142  3142 W hwcomposer: invalid refresh rate, assuming 60 Hz
09-11 08:42:08.558  3142  3142 D hwcomposer: using
09-11 08:42:08.558  3142  3142 D hwcomposer: xres         = 1440 px
09-11 08:42:08.558  3142  3142 D hwcomposer: yres         = 2960 px
09-11 08:42:08.558  3142  3142 D hwcomposer: width        = 70 mm (522.514000 dpi)
09-11 08:42:08.558  3142  3142 D hwcomposer: height       = 143 mm (525.762000 dpi)
09-11 08:42:08.558  3142  3142 D hwcomposer: refresh rate = 60 Hz
09-11 08:42:08.558  3142  3142 I hwcomposer: PSR info devname = /sys/devices/platform/12860000.decon_f/psr_info
09-11 08:42:08.558  3142  3142 I hwcomposer: PSR mode is 2(0: video mode, 1: DP PSR mode, 2: MIPI-DSI command mode)
09-11 08:42:08.559  3199  3199 I sysinit : Running /system/etc/init.d/90userinit 
09-11 08:42:08.559  3142  3142 I SurfaceFlinger: Using composer version 1.4
09-11 08:42:08.559  3142  3142 E display : unknown display attribute 6
09-11 08:42:08.559  3142  3142 I SurfaceFlinger: EGL information:
09-11 08:42:08.559  3142  3142 I SurfaceFlinger: vendor    : Android
09-11 08:42:08.559  3142  3142 I SurfaceFlinger: version   : 1.4 Android META-EGL
09-11 08:42:08.559  3142  3142 I SurfaceFlinger: extensions: EGL_KHR_get_all_proc_addresses EGL_ANDROID_presentation_time EGL_KHR_swap_buffers_with_damage EGL_ANDROID_create_native_client_buffer EGL_ANDROID_front_buffer_auto_refresh EGL_KHR_image EGL_KHR_image_base EGL_KHR_gl_texture_2D_image EGL_KHR_gl_texture_cubemap_image EGL_KHR_gl_renderbuffer_image EGL_KHR_fence_sync EGL_KHR_create_context EGL_KHR_config_attribs EGL_KHR_surfaceless_context EGL_EXT_create_context_robustness EGL_ANDROID_image_native_buffer EGL_KHR_wait_sync EGL_ANDROID_recordable EGL_KHR_partial_update EGL_KHR_mutable_render_buffer EGL_EXT_protected_content 
09-11 08:42:08.559  3142  3142 I SurfaceFlinger: Client API: OpenGL_ES
09-11 08:42:08.559  3142  3142 I SurfaceFlinger: EGLSurface: 8-8-8-8, config=0x7f85e69138
09-11 08:42:08.569  3142  3142 I SurfaceFlinger: OpenGL ES informations:
09-11 08:42:08.569  3142  3142 I SurfaceFlinger: vendor    : ARM
09-11 08:42:08.569  3142  3142 I SurfaceFlinger: renderer  : Mali-G71
09-11 08:42:08.569  3142  3142 I SurfaceFlinger: version   : OpenGL ES 3.2 v1.r3p0-00rel0.52a2c5ce14e045eb8b9074c171442f91
09-11 08:42:08.569  3142  3142 I SurfaceFlinger: extensions: GL_EXT_debug_marker GL_ARM_rgba8 GL_ARM_mali_shader_binary GL_OES_depth24 GL_OES_depth_texture GL_OES_depth_texture_cube_map GL_OES_packed_depth_stencil GL_OES_rgb8_rgba8 GL_EXT_read_format_bgra GL_OES_compressed_paletted_texture GL_OES_compressed_ETC1_RGB8_texture GL_OES_standard_derivatives GL_OES_EGL_image GL_OES_EGL_image_external GL_OES_EGL_image_external_essl3 GL_OES_EGL_sync GL_OES_texture_npot GL_OES_vertex_half_float GL_OES_required_internalformat GL_OES_vertex_array_object GL_OES_mapbuffer GL_EXT_texture_format_BGRA8888 GL_EXT_texture_rg GL_EXT_texture_type_2_10_10_10_REV GL_OES_fbo_render_mipmap GL_OES_element_index_uint GL_EXT_shadow_samplers GL_OES_texture_compression_astc GL_KHR_texture_compression_astc_ldr GL_KHR_texture_compression_astc_hdr GL_KHR_texture_compression_astc_sliced_3d GL_KHR_debug GL_EXT_occlusion_query_boolean GL_EXT_disjoint_timer_query GL_EXT_blend_minmax GL_EXT_discard_framebuffer GL_OES_get_program_binary GL_OES_texture_3D GL_EXT_texture_storage GL_EXT_multisamp
09-11 08:42:08.569  3142  3142 I SurfaceFlinger: GL_MAX_TEXTURE_SIZE = 16384
09-11 08:42:08.569  3142  3142 I SurfaceFlinger: GL_MAX_VIEWPORT_DIMS = 16384
09-11 08:42:08.570  3142  3142 D mali_winsys: EGLint new_window_surface(egl_winsys_display*, void*, EGLSurface, EGLConfig, egl_winsys_surface**, egl_color_buffer_format*, EGLBoolean) returns 0x3000,  [1440x2960]-format:1
09-11 08:42:08.572  3162  3162 D gpsd    : WakeLock(Release,GPSD)
09-11 08:42:08.574  3161  3161 D lhd     : OnIpcConnect
09-11 08:42:08.575  3162  3162 D gpsd    : WakeLock(Release,SUPL)
09-11 08:42:08.575  3162  3162 I gpsd_d  : GNSS: 282637
09-11 08:42:08.576  3162  3162 I gpsd_d  : CustomerModule::Create chip info "Broadcom,BCM4774,282637" written into /data/system/gps//chip.info
09-11 08:42:08.576  3162  3162 D wrapperGPS: wrapperOpenClient_RILD
09-11 08:42:08.576  3162  3162 E wrapperGPS: wrapperOpenClient_RILD: RegisterUnsolicitedHandler() UNSOL_GPS_NOTI (11009)
09-11 08:42:08.576  3162  3162 D wrapperGPS: wrapperRegisterRequestCompleteHandler
09-11 08:42:08.576  3162  3162 D wrapperGPS: wrapperRegisterUnsolicitedHandler id(12009), handler(0x102dfbd30)
09-11 08:42:08.576  3162  3162 D wrapperGPS: wrapperRegisterErrorCallback
09-11 08:42:08.576  3162  3162 D wrapperGPS: wrapperConnect_RILD
09-11 08:42:08.587  3158  3158 I cameraserver: ServiceManager: 0xf6619440
09-11 08:42:08.587  3158  3158 I CameraService: CameraService started (pid=3158)
09-11 08:42:08.587  3158  3158 I CameraService: CameraService process starting
09-11 08:42:08.588  3158  3158 W BatteryNotifier: batterystats service unavailable!
09-11 08:42:08.588  3158  3158 W BatteryNotifier: batterystats service unavailable!
09-11 08:42:08.588  3158  3158 E CameraService: Could not load camera HAL module: -2 (No such file or directory)
09-11 08:42:08.604  3166  3166 I         : sMaxFastTracks = 8
09-11 08:42:08.605  3166  3166 I audioserver: ServiceManager: 0xf6299440
09-11 08:42:08.605  3166  3166 W BatteryNotifier: batterystats service unavailable!
09-11 08:42:08.605  3166  3166 I AudioFlinger: Using default 3000 mSec as standby time.
09-11 08:42:08.606  3134  3190 I TeeMcDaemon: TEEC_Result Partition::open(): Open storage file "/efs/TEE/Store_1.tf" [hardware/samsung_slsi/exynos8895/mobicore_kinibi400/Daemon/src/FSD2.cpp:157]
09-11 08:42:08.606  3134  3190 I TeeMcDaemon: TEEC_Result Partition::open(): storage file "/efs/TEE/Store_1.tf" successfully open (size: 23 KB / 23552 B)) [hardware/samsung_slsi/exynos8895/mobicore_kinibi400/Daemon/src/FSD2.cpp:166]
09-11 08:42:08.607  3073  3073 W auditd  : type=1325 audit(0.0:20): table=filter family=2 entries=4
09-11 08:42:08.607  3073  3073 W auditd  : type=1320 audit(0.0:20): 
09-11 08:42:08.609  3173  3173 I mediaserver: ServiceManager: 0xf64194a0
09-11 08:42:08.609  3166  3166 I AudioPolicyService: AudioPolicyService CSTOR in new mode
09-11 08:42:08.610  3166  3166 W APM::ConfigParsingUtils: loadOutput() invalid supported devices
09-11 08:42:08.610  3166  3166 W APM::ConfigParsingUtils: loadInput() invalid supported devices
09-11 08:42:08.610  3166  3166 W APM::ConfigParsingUtils: loadInput() invalid supported devices
09-11 08:42:08.610  3166  3166 I APM::ConfigParsingUtils: loadAudioPolicyConfig() loaded /vendor/etc/audio_policy.conf
09-11 08:42:08.615  3134  3134 I mcDriverDaemon: type=1400 audit(0.0:21): avc: denied { read } for name="t-base-tui" dev="tmpfs" ino=19674 scontext=u:r:tee:s0 tcontext=u:object_r:device:s0 tclass=chr_file permissive=1
09-11 08:42:08.615  3134  3134 I mcDriverDaemon: type=1400 audit(0.0:21): avc: denied { open } for path="/dev/t-base-tui" dev="tmpfs" ino=19674 scontext=u:r:tee:s0 tcontext=u:object_r:device:s0 tclass=chr_file permissive=1
09-11 08:42:08.615  3134  3134 W mcDriverDaemon: type=1300 audit(0.0:21): arch=c00000b7 syscall=56 success=yes exit=9 a0=ffffff9c a1=4a89cb a2=0 a3=0 items=0 ppid=1 auid=4294967295 uid=1000 gid=1000 euid=1000 suid=1000 fsuid=1000 egid=1000 sgid=1000 fsgid=1000 tty=(none) ses=4294967295 exe="/system/bin/mcDriverDaemon" subj=u:r:tee:s0 key=(null)
09-11 08:42:08.615  3073  3073 W auditd  : type=1327 audit(0.0:21): proctitle=2F73797374656D2F62696E2F6D634472697665724461656D6F6E002D72002F73797374656D2F6170702F46464646464646463030303030303030303030303030303030303030303030312E647262696E002D72002F73797374656D2F6170702F6D6352656769737472792F666666666666666664303030303030303030303030
09-11 08:42:08.615  3073  3073 W auditd  : type=1320 audit(0.0:21): 
09-11 08:42:08.615  3134  3134 I mcDriverDaemon: type=1400 audit(0.0:22): avc: denied { ioctl } for path="/dev/t-base-tui" dev="tmpfs" ino=19674 ioctlcmd=7404 scontext=u:r:tee:s0 tcontext=u:object_r:device:s0 tclass=chr_file permissive=1
09-11 08:42:08.615  3134  3134 W mcDriverDaemon: type=1300 audit(0.0:22): arch=c00000b7 syscall=29 success=yes exit=0 a0=9 a1=7404 a2=0 a3=0 items=0 ppid=1 auid=4294967295 uid=1000 gid=1000 euid=1000 suid=1000 fsuid=1000 egid=1000 sgid=1000 fsgid=1000 tty=(none) ses=4294967295 exe="/system/bin/mcDriverDaemon" subj=u:r:tee:s0 key=(null)
09-11 08:42:08.615  3073  3073 W auditd  : type=1327 audit(0.0:22): proctitle=2F73797374656D2F62696E2F6D634472697665724461656D6F6E002D72002F73797374656D2F6170702F46464646464646463030303030303030303030303030303030303030303030312E647262696E002D72002F73797374656D2F6170702F6D6352656769737472792F666666666666666664303030303030303030303030
09-11 08:42:08.615  3073  3073 W auditd  : type=1320 audit(0.0:22): 
09-11 08:42:08.616  3173  3173 W BatteryNotifier: batterystats service unavailable!
09-11 08:42:08.619  3073  3073 W auditd  : type=1325 audit(0.0:23): table=filter family=10 entries=4
09-11 08:42:08.619  3073  3073 W auditd  : type=1320 audit(0.0:23): 
09-11 08:42:08.622  3134  3134 I TeeMcDaemon: Daemon running [hardware/samsung_slsi/exynos8895/mobicore_kinibi400/Daemon/src/MobiCoreDriverDaemon.cpp:342]
09-11 08:42:08.623  3166  3166 I audioserver: type=1400 audit(0.0:24): avc: denied { read } for name="mps_code.dat" dev="sda3" ino=86 scontext=u:r:audioserver:s0 tcontext=u:object_r:imei_efs_file:s0 tclass=file permissive=1
09-11 08:42:08.623  3166  3166 I audioserver: type=1400 audit(0.0:24): avc: denied { open } for path="/efs/imei/mps_code.dat" dev="sda3" ino=86 scontext=u:r:audioserver:s0 tcontext=u:object_r:imei_efs_file:s0 tclass=file permissive=1
09-11 08:42:08.623  3166  3166 W audioserver: type=1300 audit(0.0:24): arch=40000028 syscall=322 per=8 success=yes exit=6 a0=ffffff9c a1=f6e17245 a2=20000 a3=0 items=0 ppid=1 auid=4294967295 uid=1041 gid=1005 euid=1041 suid=1041 fsuid=1041 egid=1005 sgid=1005 fsgid=1005 tty=(none) ses=4294967295 exe="/system/bin/audioserver" subj=u:r:audioserver:s0 key=(null)
09-11 08:42:08.623  3073  3073 W auditd  : type=1327 audit(0.0:24): proctitle="/system/bin/audioserver"
09-11 08:42:08.623  3073  3073 W auditd  : type=1320 audit(0.0:24): 
09-11 08:42:08.623  3166  3166 I audioserver: type=1400 audit(0.0:25): avc: denied { getattr } for path="/efs/imei/mps_code.dat" dev="sda3" ino=86 scontext=u:r:audioserver:s0 tcontext=u:object_r:imei_efs_file:s0 tclass=file permissive=1
09-11 08:42:08.623  3166  3166 W audioserver: type=1300 audit(0.0:25): arch=40000028 syscall=197 per=8 success=yes exit=0 a0=6 a1=ffebaee0 a2=ffebaf64 a3=c5e items=0 ppid=1 auid=4294967295 uid=1041 gid=1005 euid=1041 suid=1041 fsuid=1041 egid=1005 sgid=1005 fsgid=1005 tty=(none) ses=4294967295 exe="/system/bin/audioserver" subj=u:r:audioserver:s0 key=(null)
09-11 08:42:08.623  3073  3073 W auditd  : type=1327 audit(0.0:25): proctitle="/system/bin/audioserver"
09-11 08:42:08.623  3073  3073 W auditd  : type=1320 audit(0.0:25): 
09-11 08:42:08.623  3166  3166 I audioserver: type=1400 audit(0.0:26): avc: denied { connectto } for path="/dev/socket/property_service" scontext=u:r:audioserver:s0 tcontext=u:r:init:s0 tclass=unix_stream_socket permissive=1
09-11 08:42:08.623  3166  3166 W audioserver: type=1300 audit(0.0:26): arch=40000028 syscall=283 per=8 success=yes exit=0 a0=6 a1=ffebaec0 a2=1f a3=f667d030 items=0 ppid=1 auid=4294967295 uid=1041 gid=1005 euid=1041 suid=1041 fsuid=1041 egid=1005 sgid=1005 fsgid=1005 tty=(none) ses=4294967295 exe="/system/bin/audioserver" subj=u:r:audioserver:s0 key=(null)
09-11 08:42:08.623  3073  3073 W auditd  : type=1327 audit(0.0:26): proctitle="/system/bin/audioserver"
09-11 08:42:08.623  3073  3073 W auditd  : type=1320 audit(0.0:26): 
09-11 08:42:08.623  3171  3171 I mediaserver: ServiceManager: 0xf66994a0
09-11 08:42:08.627  3166  3166 V audio_hw_primary_abox: device-adev_open: enter
09-11 08:42:08.627  3166  3166 V DiamondVoice: + diamondvoice_open
09-11 08:42:08.628  3166  3166 D AudioInfo: MPS_CODE : SIN, get MPS_CODE
09-11 08:42:08.632  3172  3172 V MediaUtils: physMem: 3645853696
09-11 08:42:08.632  3172  3172 V MediaUtils: requested limit: 729170720
09-11 08:42:08.632  3172  3172 V MediaUtils: actual limit: 729170720
09-11 08:42:08.632  3172  3172 V MediaUtils: original limits: 4294967295/4294967295
09-11 08:42:08.632  3172  3172 V MediaUtils: new limits: 729170720/4294967295
09-11 08:42:08.632  3172  3172 W /system/bin/mediaextractor: libminijail: allowing syscall: clock_gettime
09-11 08:42:08.632  3172  3172 W /system/bin/mediaextractor: libminijail: allowing syscall: connect
09-11 08:42:08.632  3172  3172 W /system/bin/mediaextractor: libminijail: allowing syscall: fcntl64
09-11 08:42:08.632  3172  3172 W /system/bin/mediaextractor: libminijail: allowing syscall: socket
09-11 08:42:08.632  3172  3172 W /system/bin/mediaextractor: libminijail: allowing syscall: writev
09-11 08:42:08.633  3172  3172 W /system/bin/mediaextractor: libminijail: logging seccomp filter failures
09-11 08:42:08.633  3166  3166 D AudioInfo: first OMC setting
09-11 08:42:08.633  3166  3166 D AudioInfo: can not find AudioDataPath for fileName:/DiamondVoice/
09-11 08:42:08.633  3166  3166 V DiamondVoice: There is no DiamondVoice tuning data in CSC 
09-11 08:42:08.633  3166  3166 V DiamondVoice: - diamondvoice_open
09-11 08:42:08.633  3166  3166 E AudioRil: Connect_RILD() error
09-11 08:42:08.633  3166  3166 E AudioRil: audio secril init failed.
09-11 08:42:08.633  3166  3166 I AudioRil: ### mMultiSim : 1
09-11 08:42:08.633  3166  3166 E AudioRil: Connect_RILD() error
09-11 08:42:08.633  3166  3166 E AudioRil: Connect_RILD_Second() error
09-11 08:42:08.633  3166  3166 D audio_hw_primary_abox: device-adev_open: Successed to init Voice Manager!
09-11 08:42:08.639  3073  3073 W auditd  : type=1325 audit(0.0:27): table=filter family=2 entries=6
09-11 08:42:08.639  3073  3073 W auditd  : type=1320 audit(0.0:27): 
09-11 08:42:08.763  3160  3160 V wifiloader: /proc/deferred_initcalls=0
09-11 08:42:08.763  3160  3160 V wifiloader: 
09-11 08:42:08.999  3163  3163 D AndroidRuntime: >>>>>> START com.android.internal.os.ZygoteInit uid 0 <<<<<<
09-11 08:42:09.010  3163  3163 D AndroidRuntime: CheckJNI is OFF
09-11 08:42:09.013  3163  3163 I art     : option[0]=-Xzygote
09-11 08:42:09.013  3163  3163 I art     : option[1]=-Xstacktracefile:/data/anr/traces.txt
09-11 08:42:09.013  3163  3163 I art     : option[2]=exit
09-11 08:42:09.013  3163  3163 I art     : option[3]=vfprintf
09-11 08:42:09.013  3163  3163 I art     : option[4]=sensitiveThread
09-11 08:42:09.013  3163  3163 I art     : option[5]=-verbose:gc
09-11 08:42:09.013  3163  3163 I art     : option[6]=-Xms8m
09-11 08:42:09.014  3163  3163 I art     : option[7]=-Xmx512m
09-11 08:42:09.014  3163  3163 I art     : option[8]=-XX:HeapGrowthLimit=256m
09-11 08:42:09.014  3163  3163 I art     : option[9]=-XX:HeapMinFree=2m
09-11 08:42:09.014  3163  3163 I art     : option[10]=-XX:HeapMaxFree=8m
09-11 08:42:09.014  3163  3163 I art     : option[11]=-XX:HeapTargetUtilization=0.75
09-11 08:42:09.014  3163  3163 I art     : option[12]=-Xusejit:true
09-11 08:42:09.014  3163  3163 I art     : option[13]=-Xjitsaveprofilinginfo
09-11 08:42:09.014  3163  3163 I art     : option[14]=-agentlib:jdwp=transport=dt_android_adb,suspend=n,server=y
09-11 08:42:09.014  3163  3163 I art     : option[15]=-Xlockprofthreshold:500
09-11 08:42:09.014  3163  3163 I art     : option[16]=-Ximage-compiler-option
09-11 08:42:09.014  3163  3163 I art     : option[17]=--runtime-arg
09-11 08:42:09.014  3163  3163 I art     : option[18]=-Ximage-compiler-option
09-11 08:42:09.014  3163  3163 I art     : option[19]=-Xms64m
09-11 08:42:09.014  3163  3163 I art     : option[20]=-Ximage-compiler-option
09-11 08:42:09.014  3163  3163 I art     : option[21]=--runtime-arg
09-11 08:42:09.014  3163  3163 I art     : option[22]=-Ximage-compiler-option
09-11 08:42:09.014  3163  3163 I art     : option[23]=-Xmx64m
09-11 08:42:09.014  3163  3163 I art     : option[24]=-Ximage-compiler-option
09-11 08:42:09.014  3163  3163 I art     : option[25]=--image-classes=/system/etc/preloaded-classes
09-11 08:42:09.014  3163  3163 I art     : option[26]=-Ximage-compiler-option
09-11 08:42:09.014  3163  3163 I art     : option[27]=--compiled-classes=/system/etc/compiled-classes
09-11 08:42:09.014  3163  3163 I art     : option[28]=-Xcompiler-option
09-11 08:42:09.014  3163  3163 I art     : option[29]=--runtime-arg
09-11 08:42:09.014  3163  3163 I art     : option[30]=-Xcompiler-option
09-11 08:42:09.014  3163  3163 I art     : option[31]=-Xms64m
09-11 08:42:09.014  3163  3163 I art     : option[32]=-Xcompiler-option
09-11 08:42:09.014  3163  3163 I art     : option[33]=--runtime-arg
09-11 08:42:09.014  3163  3163 I art     : option[34]=-Xcompiler-option
09-11 08:42:09.014  3165  3165 D AndroidRuntime: >>>>>> START com.android.internal.os.ZygoteInit uid 0 <<<<<<
09-11 08:42:09.014  3163  3163 I art     : option[35]=-Xmx512m
09-11 08:42:09.014  3163  3163 I art     : option[36]=-Ximage-compiler-option
09-11 08:42:09.014  3163  3163 I art     : option[37]=--instruction-set-variant=generic
09-11 08:42:09.014  3163  3163 I art     : option[38]=-Xcompiler-option
09-11 08:42:09.014  3163  3163 I art     : option[39]=--instruction-set-variant=generic
09-11 08:42:09.014  3163  3163 I art     : option[40]=-Ximage-compiler-option
09-11 08:42:09.014  3163  3163 I art     : option[41]=--instruction-set-features=default
09-11 08:42:09.014  3163  3163 I art     : option[42]=-Xcompiler-option
09-11 08:42:09.014  3163  3163 I art     : option[43]=--instruction-set-features=default
09-11 08:42:09.014  3163  3163 I art     : option[44]=-Duser.locale=en-US
09-11 08:42:09.014  3163  3163 I art     : option[45]=--cpu-abilist=arm64-v8a
09-11 08:42:09.014  3163  3163 I art     : option[46]=-Xfingerprint:samsung/dream2ltexx/dream2lte:7.0/NRD90M/G955FXXU1AQH3:user/release-keys
09-11 08:42:09.025  3165  3165 D AndroidRuntime: CheckJNI is OFF
09-11 08:42:09.029  3163  3163 I art     : Pruning dalvik-cache since we are generating an image and will need to recompile
09-11 08:42:09.029  3163  3163 I art     : Using an offset of 0xffa25000 from default art base address of 0x70000000
09-11 08:42:09.029  3163  3163 I art     : GenerateImage: /system/bin/dex2oat --image=/data/dalvik-cache/arm64/system@framework@boot.art --dex-file=/system/framework/core-oj.jar --dex-file=/system/framework/core-libart.jar --dex-file=/system/framework/conscrypt.jar --dex-file=/system/framework/okhttp.jar --dex-file=/system/framework/core-junit.jar --dex-file=/system/framework/bouncycastle.jar --dex-file=/system/framework/ext.jar --dex-file=/system/framework/framework.jar --dex-file=/system/framework/telephony-common.jar --dex-file=/system/framework/voip-common.jar --dex-file=/system/framework/ims-common.jar --dex-file=/system/framework/apache-xml.jar --dex-file=/system/framework/org.apache.http.legacy.boot.jar --dex-file=/system/framework/telephony-ext.jar --oat-file=/data/dalvik-cache/arm64/system@framework@boot.oat --instruction-set=arm64 --instruction-set-features=smp,a53 --base=0x6fa25000 --runtime-arg -Xms64m --runtime-arg -Xmx64m --image-classes=/system/etc/preloaded-classes --compiled-classes=/system/etc/compiled-classes --instruction-set-vari
09-11 08:42:09.029  3165  3165 I art     : option[0]=-Xzygote
09-11 08:42:09.029  3165  3165 I art     : option[1]=-Xstacktracefile:/data/anr/traces.txt
09-11 08:42:09.029  3165  3165 I art     : option[2]=exit
09-11 08:42:09.030  3165  3165 I art     : option[3]=vfprintf
09-11 08:42:09.030  3165  3165 I art     : option[4]=sensitiveThread
09-11 08:42:09.030  3165  3165 I art     : option[5]=-verbose:gc
09-11 08:42:09.030  3165  3165 I art     : option[6]=-Xms8m
09-11 08:42:09.030  3165  3165 I art     : option[7]=-Xmx512m
09-11 08:42:09.030  3165  3165 I art     : option[8]=-XX:HeapGrowthLimit=256m
09-11 08:42:09.030  3165  3165 I art     : option[9]=-XX:HeapMinFree=2m
09-11 08:42:09.030  3165  3165 I art     : option[10]=-XX:HeapMaxFree=8m
09-11 08:42:09.030  3165  3165 I art     : option[11]=-XX:HeapTargetUtilization=0.75
09-11 08:42:09.030  3165  3165 I art     : option[12]=-Xusejit:true
09-11 08:42:09.030  3165  3165 I art     : option[13]=-Xjitsaveprofilinginfo
09-11 08:42:09.030  3165  3165 I art     : option[14]=-agentlib:jdwp=transport=dt_android_adb,suspend=n,server=y
09-11 08:42:09.030  3165  3165 I art     : option[15]=-Xlockprofthreshold:500
09-11 08:42:09.030  3165  3165 I art     : option[16]=-Ximage-compiler-option
09-11 08:42:09.030  3165  3165 I art     : option[17]=--runtime-arg
09-11 08:42:09.030  3165  3165 I art     : option[18]=-Ximage-compiler-option
09-11 08:42:09.030  3165  3165 I art     : option[19]=-Xms64m
09-11 08:42:09.030  3165  3165 I art     : option[20]=-Ximage-compiler-option
09-11 08:42:09.030  3165  3165 I art     : option[21]=--runtime-arg
09-11 08:42:09.030  3165  3165 I art     : option[22]=-Ximage-compiler-option
09-11 08:42:09.030  3165  3165 I art     : option[23]=-Xmx64m
09-11 08:42:09.030  3165  3165 I art     : option[24]=-Ximage-compiler-option
09-11 08:42:09.030  3165  3165 I art     : option[25]=--image-classes=/system/etc/preloaded-classes
09-11 08:42:09.030  3165  3165 I art     : option[26]=-Ximage-compiler-option
09-11 08:42:09.030  3165  3165 I art     : option[27]=--compiled-classes=/system/etc/compiled-classes
09-11 08:42:09.030  3165  3165 I art     : option[28]=-Xcompiler-option
09-11 08:42:09.030  3165  3165 I art     : option[29]=--runtime-arg
09-11 08:42:09.030  3165  3165 I art     : option[30]=-Xcompiler-option
09-11 08:42:09.030  3165  3165 I art     : option[31]=-Xms64m
09-11 08:42:09.030  3165  3165 I art     : option[32]=-Xcompiler-option
09-11 08:42:09.030  3165  3165 I art     : option[33]=--runtime-arg
09-11 08:42:09.030  3165  3165 I art     : option[34]=-Xcompiler-option
09-11 08:42:09.030  3165  3165 I art     : option[35]=-Xmx512m
09-11 08:42:09.030  3165  3165 I art     : option[36]=-Ximage-compiler-option
09-11 08:42:09.030  3165  3165 I art     : option[37]=--instruction-set-variant=cortex-a53.a57
09-11 08:42:09.030  3165  3165 I art     : option[38]=-Xcompiler-option
09-11 08:42:09.030  3165  3165 I art     : option[39]=--instruction-set-variant=cortex-a53.a57
09-11 08:42:09.030  3165  3165 I art     : option[40]=-Ximage-compiler-option
09-11 08:42:09.030  3165  3165 I art     : option[41]=--instruction-set-features=default
09-11 08:42:09.030  3165  3165 I art     : option[42]=-Xcompiler-option
09-11 08:42:09.030  3165  3165 I art     : option[43]=--instruction-set-features=default
09-11 08:42:09.030  3165  3165 I art     : option[44]=-Duser.locale=en-US
09-11 08:42:09.030  3165  3165 I art     : option[45]=--cpu-abilist=armeabi-v7a,armeabi
09-11 08:42:09.030  3165  3165 I art     : option[46]=-Xfingerprint:samsung/dream2ltexx/dream2lte:7.0/NRD90M/G955FXXU1AQH3:user/release-keys
09-11 08:42:09.041  3165  3165 I art     : Pruning dalvik-cache since we are generating an image and will need to recompile
09-11 08:42:09.042  3165  3165 I art     : Using an offset of 0xd17000 from default art base address of 0x70000000
09-11 08:42:09.042  3165  3165 I art     : GenerateImage: /system/bin/dex2oat --image=/data/dalvik-cache/arm/system@framework@boot.art --dex-file=/system/framework/core-oj.jar --dex-file=/system/framework/core-libart.jar --dex-file=/system/framework/conscrypt.jar --dex-file=/system/framework/okhttp.jar --dex-file=/system/framework/core-junit.jar --dex-file=/system/framework/bouncycastle.jar --dex-file=/system/framework/ext.jar --dex-file=/system/framework/framework.jar --dex-file=/system/framework/telephony-common.jar --dex-file=/system/framework/voip-common.jar --dex-file=/system/framework/ims-common.jar --dex-file=/system/framework/apache-xml.jar --dex-file=/system/framework/org.apache.http.legacy.boot.jar --dex-file=/system/framework/telephony-ext.jar --oat-file=/data/dalvik-cache/arm/system@framework@boot.oat --instruction-set=arm --instruction-set-features=smp,div,atomic_ldrd_strd --base=0x70d17000 --runtime-arg -Xms64m --runtime-arg -Xmx64m --image-classes=/system/etc/preloaded-classes --compiled-classes=/system/etc/compiled-classes --instructi
09-11 08:42:09.058  3357  3357 I dex2oat : /system/bin/dex2oat --image=/data/dalvik-cache/arm64/system@framework@boot.art --dex-file=/system/framework/core-oj.jar --dex-file=/system/framework/core-libart.jar --dex-file=/system/framework/conscrypt.jar --dex-file=/system/framework/okhttp.jar --dex-file=/system/framework/core-junit.jar --dex-file=/system/framework/bouncycastle.jar --dex-file=/system/framework/ext.jar --dex-file=/system/framework/framework.jar --dex-file=/system/framework/telephony-common.jar --dex-file=/system/framework/voip-common.jar --dex-file=/system/framework/ims-common.jar --dex-file=/system/framework/apache-xml.jar --dex-file=/system/framework/org.apache.http.legacy.boot.jar --dex-file=/system/framework/telephony-ext.jar --oat-file=/data/dalvik-cache/arm64/system@framework@boot.oat --instruction-set=arm64 --instruction-set-features=smp,a53 --base=0x6fa25000 --runtime-arg -Xms64m --runtime-arg -Xmx64m --image-classes=/system/etc/preloaded-classes --compiled-classes=/system/etc/compiled-classes --instruction-set-variant=generic --i
09-11 08:42:09.058  3361  3361 I dex2oat : /system/bin/dex2oat --image=/data/dalvik-cache/arm/system@framework@boot.art --dex-file=/system/framework/core-oj.jar --dex-file=/system/framework/core-libart.jar --dex-file=/system/framework/conscrypt.jar --dex-file=/system/framework/okhttp.jar --dex-file=/system/framework/core-junit.jar --dex-file=/system/framework/bouncycastle.jar --dex-file=/system/framework/ext.jar --dex-file=/system/framework/framework.jar --dex-file=/system/framework/telephony-common.jar --dex-file=/system/framework/voip-common.jar --dex-file=/system/framework/ims-common.jar --dex-file=/system/framework/apache-xml.jar --dex-file=/system/framework/org.apache.http.legacy.boot.jar --dex-file=/system/framework/telephony-ext.jar --oat-file=/data/dalvik-cache/arm/system@framework@boot.oat --instruction-set=arm --instruction-set-features=smp,div,atomic_ldrd_strd --base=0x70d17000 --runtime-arg -Xms64m --runtime-arg -Xmx64m --image-classes=/system/etc/preloaded-classes --compiled-classes=/system/etc/compiled-classes --instruction-set-variant=
09-11 08:42:09.083  3361  3361 I dex2oat : setting boot class path to /system/framework/core-oj.jar:/system/framework/core-libart.jar:/system/framework/conscrypt.jar:/system/framework/okhttp.jar:/system/framework/core-junit.jar:/system/framework/bouncycastle.jar:/system/framework/ext.jar:/system/framework/framework.jar:/system/framework/telephony-common.jar:/system/framework/voip-common.jar:/system/framework/ims-common.jar:/system/framework/apache-xml.jar:/system/framework/org.apache.http.legacy.boot.jar:/system/framework/telephony-ext.jar
09-11 08:42:09.083  3357  3357 I dex2oat : setting boot class path to /system/framework/core-oj.jar:/system/framework/core-libart.jar:/system/framework/conscrypt.jar:/system/framework/okhttp.jar:/system/framework/core-junit.jar:/system/framework/bouncycastle.jar:/system/framework/ext.jar:/system/framework/framework.jar:/system/framework/telephony-common.jar:/system/framework/voip-common.jar:/system/framework/ims-common.jar:/system/framework/apache-xml.jar:/system/framework/org.apache.http.legacy.boot.jar:/system/framework/telephony-ext.jar
09-11 08:42:09.108  3166  3166 V audio_route: Control 'VTS VoiceTrigger Value' is to be controled by user
09-11 08:42:09.113  3166  3166 I audio_route: > audio_route_update_mixer : +
09-11 08:42:09.123  3166  3166 I audio_route: > audio_route_update_mixer : changed(46) -
09-11 08:42:09.123  3166  3166 D audio_hw_primary_abox: device-adev_open: Successed to init Route!
09-11 08:42:09.123  3166  3166 D audio_hw_primary_abox: device-adev_open: Opened Audio Primary HW Device
09-11 08:42:09.123  3166  3166 V audio_hw_primary_abox: device-adev_init_check: Audio Primary HW Device is already opened & initialized
09-11 08:42:09.123  3166  3166 D audio_hw_primary_abox: device-adev_get_master_volume: enter
09-11 08:42:09.123  3166  3166 D audio_hw_primary_abox: device-adev_get_master_volume: exit, Not supported Master Volume by AudioHAL
09-11 08:42:09.123  3166  3166 D audio_hw_primary_abox: device-adev_get_master_mute: enter
09-11 08:42:09.123  3166  3166 D audio_hw_primary_abox: device-adev_get_master_mute: exit, Not supported Master Mute by AudioHAL
09-11 08:42:09.123  3166  3166 D audio_hw_primary_abox: device-adev_set_master_volume: enter with volume level(1.000000)
09-11 08:42:09.123  3166  3166 D audio_hw_primary_abox: device-adev_set_master_volume: exit, Not supported Master Volume by AudioHAL
09-11 08:42:09.123  3166  3166 D audio_hw_primary_abox: device-adev_set_master_mute: enter with mute statue(0)
09-11 08:42:09.123  3166  3166 D audio_hw_primary_abox: device-adev_set_master_mute: exit, Not supported Master Mute by AudioHAL
09-11 08:42:09.123  3166  3166 I AudioFlinger: loadHwModule() Loaded primary audio interface from Exynos Primary AudioHAL (audio) handle 10
09-11 08:42:09.123  3166  3166 I AudioFlinger: openOutput(), module 10 Device 2, SamplingRate 48000, Format 0x000001, Channels 3, flags a
09-11 08:42:09.123  3166  3166 D audio_hw_primary_abox: device-adev_open_output_stream: enter: io_handle (13), sample_rate(48000) channel_mask(0x3) devices(0x2) flags(0xa)
09-11 08:42:09.123  3166  3166 D audio_hw_primary_abox: device-adev_open_output_stream: Requested open Primary output
09-11 08:42:09.123  3166  3166 I audio_hw_primary_abox: Check PCM Channel Count: Default(2), Request(2)
09-11 08:42:09.123  3166  3166 I audio_hw_primary_abox: Check PCM Smapling Rate: Default(48000), Request(48000)
09-11 08:42:09.123  3166  3166 I audio_hw_primary_abox: Check PCM Format: Default(0), Request(0)
09-11 08:42:09.123  3166  3166 I audio_hw_primary_abox: primary_out-adev_open_output_stream: Transit to Standby
09-11 08:42:09.123  3166  3166 D audio_hw_primary_abox: primary_out-add_audio_usage: Primary Playback Usage initialized with out_dev(none), in_dev(none), out_mode(normal), in_mode(normal)
09-11 08:42:09.123  3166  3166 V audio_hw_primary_abox: primary_out-add_audio_usage: Added Audio Stream into Audio Usage list!
09-11 08:42:09.123  3166  3166 D audio_hw_primary_abox: device-adev_open_output_stream: Opened primary_out stream
09-11 08:42:09.123  3166  3166 V audio_hw_primary_abox: primary_out-out_get_format: exit with audio format = 0x1
09-11 08:42:09.123  3166  3166 V audio_hw_primary_abox: primary_out-out_get_channels: exit with channel mask = 0x3
09-11 08:42:09.124  3166  3166 V audio_hw_primary_abox: primary_out-out_get_sample_rate: exit with sample rate = 48000
09-11 08:42:09.124  3166  3166 V audio_hw_primary_abox: primary_out-out_get_channels: exit with channel mask = 0x3
09-11 08:42:09.124  3166  3166 V audio_hw_primary_abox: primary_out-out_get_format: exit with audio format = 0x1
09-11 08:42:09.124  3166  3166 V audio_hw_primary_abox: primary_out-out_get_format: exit with audio format = 0x1
09-11 08:42:09.124  3166  3166 V audio_hw_primary_abox: primary_out-out_get_format: exit with audio format = 0x1
09-11 08:42:09.124  3166  3166 V audio_hw_primary_abox: primary_out-out_get_channels: exit with channel mask = 0x3
09-11 08:42:09.124  3166  3166 V audio_hw_primary_abox: primary_out-out_get_buffer_size: Period Size = 960, Frame Size = 4
09-11 08:42:09.124  3166  3166 V audio_hw_primary_abox: primary_out-out_get_format: exit with audio format = 0x1
09-11 08:42:09.124  3166  3166 V audio_hw_primary_abox: primary_out-out_get_channels: exit with channel mask = 0x3
09-11 08:42:09.124  3166  3166 I AudioFlinger: HAL output buffer size 960 frames, normal sink buffer size 960 frames
09-11 08:42:09.176  3166  3166 W EffectsFactory: loadLibrary() failed to open /system/lib/libmyspaceplus.so
09-11 08:42:09.185  3166  3166 W EffectsFactory: loadEffect() could not get library myspaceplus
09-11 08:42:09.185  3166  3166 W EffectsFactory: loadEffect() could not get library myspaceplus
09-11 08:42:09.185  3166  3166 W EffectsFactory: loadEffect() could not get library myspaceplus
09-11 08:42:09.185  3166  3166 I BufferProvider: found effect "Multichannel Downmix To Stereo" from The Android Open Source Project
09-11 08:42:09.185  3166  3166 V audio_hw_primary_abox: primary_out-out_get_format: exit with audio format = 0x1
09-11 08:42:09.185  3166  3166 V audio_hw_primary_abox: primary_out-out_get_channels: exit with channel mask = 0x3
09-11 08:42:09.185  3166  3166 V audio_hw_primary_abox: primary_out-out_get_buffer_size: Period Size = 960, Frame Size = 4
09-11 08:42:09.185  3166  3166 V audio_hw_primary_abox: primary_out-out_get_format: exit with audio format = 0x1
09-11 08:42:09.185  3166  3166 V audio_hw_primary_abox: primary_out-out_get_channels: exit with channel mask = 0x3
