09-26 01:44:05.136  4974  4974 E TelephonyProvider: dbh.selectConflictingRow: Expected 1 but found 0 matching rows found for cv mnc=03 sub_id=-1 bearer_bitmask=0 numeric=51503 name=SMART(3G) Internet prepaid mcc=515 apn=internet type=default,supl
09-26 01:44:05.137  4974  4974 E TelephonyProvider: dbh.selectConflictingRow: Expected 1 but found 0 matching rows found for cv password=smartwap sub_id=-1 bearer_bitmask=0 numeric=51503 mmsc=http://10.102.61.238:8002 authtype=1 user=smartwap mnc=03 mmsport=8080 mmsproxy=10.102.61.46 name=SMART(3G) MMS prepaid mcc=515 apn=mms type=mms
09-26 01:44:05.138  4974  4974 E TelephonyProvider: dbh.selectConflictingRow: Expected 1 but found 0 matching rows found for cv mnc=03 sub_id=-1 bearer_bitmask=0 numeric=51503 proxy=10.102.61.46 name=SMART(3G) HTTP postpaid port=9201 mcc=515 authtype=1 apn=smart1 type=default
09-26 01:44:05.139  4974  4974 E TelephonyProvider: dbh.selectConflictingRow: Expected 1 but found 0 matching rows found for cv mnc=05 sub_id=-1 bearer_bitmask=0 numeric=51505 name=Sun Streaming mcc=515 apn=minternet type=default,supl
09-26 01:44:05.144  4974  4974 E TelephonyProvider: dbh.selectConflictingRow: Expected 1 but found 0 matching rows found for cv password=user123 sub_id=-1 bearer_bitmask=0 numeric=52503 mmsc=http://mmsgw:8002 authtype=1 user=65 mnc=03 mmsport=8080 mmsproxy=172.16.14.10 name=M1 MMS mcc=525 apn=miworld type=mms
09-26 01:44:05.145  4974  4974 E TelephonyProvider: dbh.selectConflictingRow: Expected 1 but found 0 matching rows found for cv mnc=03 sub_id=-1 bearer_bitmask=0 numeric=52503 name=M1 mcc=525 apn=sunsurf type=default,supl
09-26 01:44:05.145  4974  4974 E TelephonyProvider: dbh.selectConflictingRow: Expected 1 but found 0 matching rows found for cv mnc=03 sub_id=-1 bearer_bitmask=0 numeric=52503 name=Sunsurf Internet mcc=525 apn=sunsurf type=default,supl
09-26 01:44:05.148  4974  4974 E TelephonyProvider: dbh.selectConflictingRow: Expected 1 but found 0 matching rows found for cv mnc=01 sub_id=-1 bearer_bitmask=0 numeric=53001 name=Vodafone NZ mcc=530 apn=www.vodafone.net.nz type=default,supl
09-26 01:44:05.150  4974  4974 E TelephonyProvider: dbh.selectConflictingRow: Expected 1 but found 0 matching rows found for cv mnc=05 mmsport=8080 sub_id=-1 bearer_bitmask=0 mmsc=http://lsmmsc.xtra.co.nz numeric=53005 mmsproxy=210.55.11.73 name=XT Mobile MMS mcc=530 apn=wap.telecom.co.nz type=mms
09-26 01:44:05.153  4974  4974 E TelephonyProvider: dbh.selectConflictingRow: Expected 1 but found 0 matching rows found for cv mnc=02 mmsport=8080 sub_id=-1 bearer_bitmask=0 mmsc=http://mms.digicelpacific.com:8990 numeric=54202 mmsproxy=10.150.122.12 name=Digicel FJ MMS mcc=542 apn=wap.digicelpacific.com type=mms
09-26 01:44:05.154  4974  4974 E TelephonyProvider: dbh.selectConflictingRow: Expected 1 but found 0 matching rows found for cv mnc=02 sub_id=-1 bearer_bitmask=0 numeric=54202 name=Digicel FJ mcc=542 apn=web.digicelpacific.com type=default,supl
09-26 01:44:05.156  4974  4974 E TelephonyProvider: dbh.selectConflictingRow: Expected 1 but found 0 matching rows found for cv password=internet mnc=02 sub_id=-1 bearer_bitmask=0 numeric=60202 name=Vodafone EG mcc=602 apn=internet.vodafone.net type=default,supl user=internet
09-26 01:44:05.160  4974  4974 E TelephonyProvider: dbh.selectConflictingRow: Expected 1 but found 0 matching rows found for cv mnc=01 sub_id=-1 bearer_bitmask=0 numeric=60401 name=IAM mcc=604 apn=www.iamgprs1.ma type=default,supl
09-26 01:44:05.164  4974  4974 E TelephonyProvider: dbh.selectConflictingRow: Expected 1 but found 0 matching rows found for cv password=mms mnc=01 mmsport=8080 sub_id=-1 bearer_bitmask=0 mmsc=http://mmsalize/servlets/mms mmsproxy=172.16.30.9 numeric=60801 name=Orange MMS SN mcc=608 apn=mms type=mms user=mms
09-26 01:44:05.164  4974  4974 E TelephonyProvider: dbh.selectConflictingRow: Expected 1 but found 0 matching rows found for cv password=wap mnc=01 sub_id=-1 bearer_bitmask=0 proxy=172.16.30.9 numeric=60801 name=Orange Wap SN port=8080 mcc=608 apn=wap type=default,supl user=wap
09-26 01:44:05.165  4974  4974 E TelephonyProvider: dbh.selectConflictingRow: Expected 1 but found 0 matching rows found for cv password=internet mnc=01 sub_id=-1 bearer_bitmask=0 numeric=60801 name=Orange Web SN mcc=608 apn=internet type=default,supl user=internet
09-26 01:44:05.166  4974  4974 E TelephonyProvider: dbh.selectConflictingRow: Expected 1 but found 0 matching rows found for cv password=mms mnc=02 mmsport=8080 sub_id=-1 bearer_bitmask=0 mmsc=http://10.109.6.2/servlets/mms mmsproxy=10.109.4.35 numeric=61002 name=Orange ML MMS mcc=610 apn=mms type=mms user=mms
09-26 01:44:05.167  4974  4974 E TelephonyProvider: dbh.selectConflictingRow: Expected 1 but found 0 matching rows found for cv password=wap mnc=02 sub_id=-1 bearer_bitmask=0 proxy=10.109.4.35 numeric=61002 name=Orange Wap ML port=8080 mcc=610 apn=wap type=default,supl user=wap
09-26 01:44:05.168  4974  4974 E TelephonyProvider: dbh.selectConflictingRow: Expected 1 but found 0 matching rows found for cv password=mms mnc=03 mmsport=8080 sub_id=-1 bearer_bitmask=0 mmsc=http://172.20.6.1/servlets/mms mmsproxy=172.20.4.33 numeric=61203 name=Omms CI mcc=612 apn=orangecimms type=mms user=mms
09-26 01:44:05.169  4974  4974 E TelephonyProvider: dbh.selectConflictingRow: Expected 1 but found 0 matching rows found for cv password=wap mnc=03 sub_id=-1 bearer_bitmask=0 proxy=172.20.4.33 numeric=61203 name=OWORLD CI port=8080 mcc=612 apn=orangeciwap type=default,supl user=wap
09-26 01:44:05.173  4816  4927 I BinaryDictionaryFileDumper: reinitializeClientRecordInDictionaryContentProvider() : Insert DictionaryInfo : Id = 'main:el' : Locale=el : Version=44
09-26 01:44:05.176  4974  4974 E TelephonyProvider: dbh.selectConflictingRow: Expected 1 but found 0 matching rows found for cv password= mnc=01 sub_id=-1 bearer_bitmask=0 mmsc= proxy= numeric=63001 name=Vodacom CD port= mcc=630 apn=vodanet type=default,supl user=vodalive
09-26 01:44:05.181  4974  4974 E TelephonyProvider: dbh.selectConflictingRow: Expected 1 but found 0 matching rows found for cv password=orange mnc=07 sub_id=-1 bearer_bitmask=0 numeric=63907 name=Orange KE mcc=639 apn=bew.orange.co.ke type=default,supl user=orange
09-26 01:44:05.184  4974  4974 E TelephonyProvider: dbh.selectConflictingRow: Expected 1 but found 0 matching rows found for cv password= mnc=14 sub_id=-1 bearer_bitmask=0 mmsc= proxy= numeric=64114 name=Orange UG port= mcc=641 apn=orange.ug type=default,supl user=
09-26 01:44:05.188  4974  4974 E TelephonyProvider: dbh.selectConflictingRow: Expected 1 but found 0 matching rows found for cv password=orange mnc=02 sub_id=-1 bearer_bitmask=0 proxy=10.150.0.115 numeric=64602 name=Orange World MG port=8080 mcc=646 apn=orangeworld type=default,supl user=world
09-26 01:44:05.189  4974  4974 E TelephonyProvider: dbh.selectConflictingRow: Expected 1 but found 0 matching rows found for cv mnc=02 sub_id=-1 bearer_bitmask=0 numeric=64602 name=Orange MG mcc=646 apn=orangenet type=default,supl
09-26 01:44:05.191  4974  4974 E TelephonyProvider: dbh.selectConflictingRow: Expected 1 but found 0 matching rows found for cv password=orange mnc=00 mmsport=8080 sub_id=-1 bearer_bitmask=0 mmsc=http://mms.orange.re/ mmsproxy=192.168.010.200 numeric=64700 name=Orange RE MMS mcc=647 apn=orangerun.acte type=mms user=orange
09-26 01:44:05.192  4974  4974 E TelephonyProvider: dbh.selectConflictingRow: Expected 1 but found 0 matching rows found for cv password=orange mnc=00 sub_id=-1 bearer_bitmask=0 numeric=64700 name=Orange RE mcc=647 apn=orangerun type=default,supl user=orange
09-26 01:44:05.192  4974  4974 E TelephonyProvider: dbh.selectConflictingRow: Expected 1 but found 0 matching rows found for cv password=orange mnc=00 mmsport=8080 sub_id=-1 bearer_bitmask=0 mmsc=http://mms.orange.re mmsproxy=192.168.10.200 numeric=64700 name=Orange MMS Runion mcc=647 apn=orangerun.acte type=mms user=orange
09-26 01:44:05.194  4974  4974 E TelephonyProvider: dbh.selectConflictingRow: Expected 1 but found 0 matching rows found for cv mnc=10 mmsport=8080 sub_id=-1 bearer_bitmask=0 mmsc=http://mms numeric=64710 mmsproxy=10.0.224.145 name=SFR MMS mcc=647 apn=mmssfr type=mms
09-26 01:44:05.202  4974  4974 E TelephonyProvider: dbh.selectConflictingRow: Expected 1 but found 0 matching rows found for cv password=movistarsv sub_id=-1 bearer_bitmask=0 numeric=70604 mmsc=http://mms.movistar.sv user=movistarsv mnc=04 mmsport=80 proxy= mmsproxy=10.12.20.1 name=Movistar SV MMS port= mcc=706 apn=mms.movistar.sv type=mms
09-26 01:44:05.209  4974  4974 E TelephonyProvider: dbh.selectConflictingRow: Expected 1 but found 0 matching rows found for cv password=movistarpa mnc=02 sub_id=-1 bearer_bitmask=0 numeric=71402 name=Movistar PA mcc=714 apn=internet.movistar.pa type=default,supl user=movistarpa
09-26 01:44:05.213  3659  3659 W System  : ClassLoader referenced unknown path: /system/priv-app/Telecom/lib/arm64
09-26 01:44:05.214  3659  3659 D ApplicationLoaders: ignored Vulkan layer search path /system/priv-app/Telecom/lib/arm64:/system/priv-app/Telecom/Telecom.apk!/lib/arm64-v8a:/system/lib64:/vendor/lib64 for namespace 0x7f930e7240
09-26 01:44:05.222  4974  4974 E TelephonyProvider: dbh.selectConflictingRow: Expected 1 but found 0 matching rows found for cv password= mnc=34 sub_id=-1 bearer_bitmask=0 mmsc= proxy= numeric=72234 name=Personal port= mcc=722 apn=gprs.personal.com type=default,supl user=gprs
09-26 01:44:05.224  3659  3659 D BluetoothManagerService: Trying to bind to profile: 1, while Bluetooth was disabled
09-26 01:44:05.225  4974  4974 E TelephonyProvider: dbh.selectConflictingRow: Expected 1 but found 0 matching rows found for cv password=guest mnc=310 sub_id=-1 bearer_bitmask=0 mmsc= proxy= numeric=722310 name=CTI port= mcc=722 apn=internet.ctimovil.com.ar type=default,supl user=guest
09-26 01:44:05.225  3659  3659 E AudioManager: updatePortConfig port not found for handle: 0
09-26 01:44:05.225  3659  3659 E AudioManager: updatePortConfig port not found for handle: 0
09-26 01:44:05.225  3659  3659 E AudioManager: updatePortConfig port not found for handle: -7842463
09-26 01:44:05.225  3659  3659 E AudioManager: updatePortConfig port not found for handle: -167391280
09-26 01:44:05.225  3659  3659 E AudioManager: updatePortConfig port not found for handle: 0
09-26 01:44:05.225  3659  3659 E AudioManager: updatePortConfig port not found for handle: -158569294
09-26 01:44:05.225  3659  3659 E AudioManager: updatePortConfig port not found for handle: 778530668
09-26 01:44:05.225  3659  3659 E AudioManager: updatePortConfig port not found for handle: -149001646
09-26 01:44:05.225  3659  3659 E AudioManager: updatePortConfig port not found for handle: 874538356
09-26 01:44:05.225  3659  3659 E AudioManager: updatePortConfig port not found for handle: -730332436
09-26 01:44:05.225  3659  3659 E AudioManager: updatePortConfig port not found for handle: -7841945
09-26 01:44:05.225  3659  3659 E AudioManager: updatePortConfig port not found for handle: 0
09-26 01:44:05.225  3659  3659 E AudioManager: updatePortConfig port not found for handle: 0
09-26 01:44:05.225  3659  3659 E AudioManager: updatePortConfig port not found for handle: 0
09-26 01:44:05.226  4974  4974 E TelephonyProvider: dbh.selectConflictingRow: Expected 1 but found 0 matching rows found for cv password=ctigpr999 sub_id=-1 bearer_bitmask=0 numeric=722310 mmsc= authtype=1 user=ctigprs mnc=310 proxy= name=Claro AR port= mcc=722 apn=igprs.claro.com.ar type=default,supl
09-26 01:44:05.226  3659  3659 I Telecom : SystemStateProvider: Registering car mode receiver: android.content.IntentFilter@84a3e61: TS.init@AAA
09-26 01:44:05.229  3659  5232 I Telecom : Telecom: Non-call EVENT: AUDIO_ROUTE, Entering state QuiescentEarpieceRoute
09-26 01:44:05.231  3659  5234 I Telecom : CallAudioModeStateMachine: Message received: null.: TS.init->CAMSM.pM_1@AAA_0
09-26 01:44:05.237  4974  4974 E TelephonyProvider: dbh.selectConflictingRow: Expected 1 but found 0 matching rows found for cv password=celular mnc=23 sub_id=-1 bearer_bitmask=0 mmsc=null proxy= numeric=72423 name=Telemig GPRS port= mcc=724 apn=gprs.telemigcelular.com.br type=default,supl user=celular
09-26 01:44:05.238  4974  4974 E TelephonyProvider: dbh.selectConflictingRow: Expected 1 but found 0 matching rows found for cv password=celular sub_id=-1 bearer_bitmask=0 numeric=72423 mmsc=http://mms.telemigcelular.com.br user=celular mnc=23 mmsport=8080 proxy= mmsproxy=200.192.230.142 name=Telemig MMS port= mcc=724 apn=mmsgprs.telemigcelular.com.br type=mms
09-26 01:44:05.242  3659  3659 I Telecom : ViceNotificationImpl: ViceNotificationImpl: TS.init@AAA
09-26 01:44:05.244  4974  4974 E TelephonyProvider: dbh.selectConflictingRow: Expected 1 but found 0 matching rows found for cv password=clarochile mnc=03 mmsport=8080 sub_id=-1 bearer_bitmask=0 mmsc=http://mms.clarochile.cl mmsproxy=172.23.200.200 numeric=73003 name=MMS CLARO mcc=730 apn=mms.clarochile.cl type=mms user=clarochile
09-26 01:44:05.244  3659  3659 D BluetoothManagerService: Trying to bind to profile: 1, while Bluetooth was disabled
09-26 01:44:05.244  3659  5235 E ActivityThread: Failed to find provider info for call_log
09-26 01:44:05.245  3659  3659 I Telecom : BluetoothPhoneService: Ignoring IBluetoothDsdaService class not found exception : TS.init@AAA
09-26 01:44:05.246  3659  3659 I Telecom : Class: TelecomSystem.INSTANCE being set
09-26 01:44:05.246  3659  3659 W ContextImpl: Calling a method in the system process without a qualified user: android.app.ContextImpl.startService:1357 android.content.ContextWrapper.startService:613 com.android.server.telecom.components.TelecomService.initializeTelecomSystem:196 com.android.server.telecom.components.TelecomService.onBind:64 android.app.ActivityThread.handleBindService:3243 
09-26 01:44:05.246  4974  4974 E TelephonyProvider: dbh.selectConflictingRow: Expected 1 but found 0 matching rows found for cv password=entelpcs mnc=10 sub_id=-1 bearer_bitmask=0 numeric=73010 name=WEB EPCS mcc=730 apn=imovil.entelpcs.cl type=default,supl user=entelpcs
09-26 01:44:05.248  4974  4974 E TelephonyProvider: dbh.selectConflictingRow: Expected 1 but found 0 matching rows found for cv password=entelpcs mnc=10 mmsport=8080 sub_id=-1 bearer_bitmask=0 mmsc=http://mmsc.entelpcs.cl mmsproxy=10.99.0.10 numeric=73010 name=MMS EPCS mcc=730 apn=mms.entelpcs.cl type=mms user=entelmms
09-26 01:44:05.249  4974  4974 E TelephonyProvider: dbh.selectConflictingRow: Expected 1 but found 0 matching rows found for cv password=movistar mnc=102 sub_id=-1 bearer_bitmask=0 mmsc= proxy= numeric=732102 name=Movistar CO port= mcc=732 apn=internet.movistar.com.co type=default,supl user=movistar
09-26 01:44:05.255  4816  4927 I BinaryDictionaryFileDumper: reinitializeClientRecordInDictionaryContentProvider() : Insert DictionaryInfo : Id = 'main:en' : Locale=en : Version=54
09-26 01:44:05.259  3659  3720 D libgps  : agps_set_server: Waiting for IPC connection - timeout
09-26 01:44:05.259  3659  3720 E libgps  : LIBGPS: Cannot communicate (write) with a GPSD
09-26 01:44:05.259  3659  3720 E libgps  : IPC Communication Error, ../../../../tmp/15194007_282637/allPartners/os/android/gps_interface/gpsi_client/GpsiClient.cpp:1685 agps_set_server
09-26 01:44:05.265  3659  3720 D GnssLocationProvider: GPS configuration:
09-26 01:44:05.265  3659  3720 D GnssLocationProvider:  #Tue Sep 26 04:44:05 GMT+00:00 2017
09-26 01:44:05.265  3659  3720 D GnssLocationProvider: SUPL_VER=0x20000
09-26 01:44:05.265  3659  3720 D GnssLocationProvider: SUPL_PORT=7275
09-26 01:44:05.265  3659  3720 D GnssLocationProvider: XTRA_SERVER_2=http\://gllto2.glpals.com/4day/v4/latest/lto2.dat
09-26 01:44:05.265  3659  3720 D GnssLocationProvider: XTRA_SERVER_1=http\://gllto1.glpals.com/4day/v4/latest/lto2.dat
09-26 01:44:05.265  3659  3720 D GnssLocationProvider: SUPL_HOST=supl.google.com
09-26 01:44:05.265  3659  3720 D GnssLocationProvider: SUPL_MODE=1
09-26 01:44:05.265  3659  3720 D GnssLocationProvider: NTP_SERVER=north-america.pool.ntp.org
09-26 01:44:05.265  3659  3720 D libgps  : SendGpsExtensionMessage: Waiting for IPC connection...
09-26 01:44:05.268  3659  3659 D BluetoothManagerService: Bluetooth Adapter name changed to Samsung Galaxy S7 Edge
09-26 01:44:05.268  3659  3659 D BluetoothManagerService: Stored Bluetooth name: Samsung Galaxy S7 Edge
09-26 01:44:05.268  3659  3659 D BluetoothManagerService: BluetoothServiceConnection: com.android.bluetooth.btservice.AdapterService
09-26 01:44:05.269  3659  3728 D BluetoothManagerService: MESSAGE_BLUETOOTH_SERVICE_CONNECTED: 1
09-26 01:44:05.275  4974  4974 E TelephonyProvider: dbh.selectConflictingRow: Expected 1 but found 0 matching rows found for cv mnc=01 mmsport=3128 sub_id=-1 bearer_bitmask=0 mmsc=http://mmsc.mms.ancelutil.com.uy numeric=74801 mmsproxy=200.40.246.2 name=Ancel MMS mcc=748 apn=mms type=mms
09-26 01:44:05.277  4974  4974 E TelephonyProvider: dbh.selectConflictingRow: Expected 1 but found 0 matching rows found for cv password= mnc=01 sub_id=-1 bearer_bitmask=0 mmsc= proxy= numeric=74801 name=Ancel port= mcc=748 apn=ancel type=default,supl user=
09-26 01:44:05.278  4974  4974 E TelephonyProvider: dbh.selectConflictingRow: Expected 1 but found 0 matching rows found for cv password= sub_id=-1 bearer_bitmask=0 numeric=74801 mmsc=http://mmsc.mms.ancelutil.com.uy user= mnc=01 mmsport=3128 proxy= mmsproxy=200.40.246.2 name=Ancel MMS port= mcc=748 apn=mms type=mms
09-26 01:44:05.279  4974  4974 E TelephonyProvider: dbh.selectConflictingRow: Expected 1 but found 0 matching rows found for cv password=bam mnc=01 sub_id=-1 bearer_bitmask=0 mmsc= proxy= numeric=74801 name=BAM Pepaga Antel port= mcc=748 apn=prepago.ancel type=default,supl user=bam
09-26 01:44:05.280  3659  3659 W System  : ClassLoader referenced unknown path: /system/priv-app/FusedLocation/lib/arm64
09-26 01:44:05.280  3659  3659 D ApplicationLoaders: ignored Vulkan layer search path /system/priv-app/FusedLocation/lib/arm64:/system/priv-app/FusedLocation/FusedLocation.apk!/lib/arm64-v8a:/system/lib64:/vendor/lib64 for namespace 0x7f930e72b0
09-26 01:44:05.285  3659  3728 D BluetoothManagerService: MESSAGE_GET_NAME_AND_ADDRESS
09-26 01:44:05.288  3659  3659 D GpsNetInitiatedHandler: location enabled :true
09-26 01:44:05.288  3659  3659 V WiredAccessoryManager: init()
09-26 01:44:05.290  3659  3728 D BluetoothManagerService: Stored Bluetooth name: Samsung Galaxy S7 Edge
09-26 01:44:05.290  3659  3728 D BluetoothManagerService: Stored Bluetoothaddress: F0:EE:10:4B:C6:7D
09-26 01:44:05.291  3659  3728 D BluetoothManagerService: unbindAndFinish(): android.bluetooth.IBluetooth$Stub$Proxy@1ad8c82 mBinding = false mUnbinding = false
09-26 01:44:05.295  4800  4800 W BluetoothAdapterService: onUnbind, calling cleanup
09-26 01:44:05.295  4800  4800 D BluetoothAdapterService: cleanup()
09-26 01:44:05.296  4800  4800 W BluetoothSdpJni: Cleaning up Bluetooth SDP Interface...
09-26 01:44:05.296  4800  4800 W BluetoothSdpJni: Cleaning up Bluetooth SDP object
09-26 01:44:05.297  4800  4800 D BluetoothAdapterService: cleanup() - Cleaning up adapter native
09-26 01:44:05.297  4800  4857 I bt_stack_manager: event_clean_up_stack is cleaning up the stack
09-26 01:44:05.300  4974  4974 D TelephonyProvider: Checksum for /system/etc/apns-conf.xml is 320806505
09-26 01:44:05.302  4974  4974 D TelephonyProvider: dbh.onCreate:- db=SQLiteDatabase: /data/user_de/0/com.android.providers.telephony/databases/telephony.db
09-26 01:44:05.312  4800  4857 E BluetoothServiceJni: Callback env check fail: env: 0x0, callback: 0xed1059a0
09-26 01:44:05.312  4800  4857 E BluetoothServiceJni: Callback: 'callback_thread_event' is not called on the correct thread
09-26 01:44:05.312  4800  4862 W bt_osi_thread: run_thread: thread id 4862, thread name bt_jni_workqueue exited
09-26 01:44:05.312  4800  4857 I bt_core_module: module_clean_up Cleaning up module "stack_config_module"
09-26 01:44:05.312  4800  4857 I bt_core_module: module_clean_up Cleanup of module "stack_config_module" completed
09-26 01:44:05.313  4800  4857 I bt_core_module: module_clean_up Cleaning up module "interop_module"
09-26 01:44:05.313  4800  4857 I bt_core_module: module_clean_up Cleanup of module "interop_module" completed
09-26 01:44:05.313  4800  4857 I bt_core_module: module_clean_up Cleaning up module "btif_config_module"
09-26 01:44:05.320  3186  3186 I APM_AudioPolicyManager: setForceUse() usage 3, config 8, mPhoneState 0
09-26 01:44:05.321  3186  3186 W APM_AudioPolicyManager: setForceUse() usage 3, config 8 is Already setted
09-26 01:44:05.321  3186  4738 I APM_AudioPolicyManager: setForceUse() usage 6, config 0, mPhoneState 0
09-26 01:44:05.321  3186  4738 W APM_AudioPolicyManager: setForceUse() usage 6, config 0 is Already setted
09-26 01:44:05.330  3659  3659 E CMHardwareService: Vibrator is not supported
09-26 01:44:05.330  3659  3659 E CMHardwareService: Vibrator is not supported
09-26 01:44:05.331  4816  4927 I BinaryDictionaryFileDumper: reinitializeClientRecordInDictionaryContentProvider() : Insert DictionaryInfo : Id = 'main:es' : Locale=es : Version=54
09-26 01:44:05.333  3186  3415 I APM_AudioPolicyManager: setForceUse() usage 3, config 8, mPhoneState 0
09-26 01:44:05.333  3186  3415 W APM_AudioPolicyManager: setForceUse() usage 3, config 8 is Already setted
09-26 01:44:05.335  3659  3659 I BrokerableCMSystemService: Implementation service connected
09-26 01:44:05.335  3659  3659 D ConditionProviders.SCP: onSubscribe condition://android/schedule?days=1.2.3.4.5&start=22.0&end=7.0&exitAtAlarm=false
09-26 01:44:05.335  3659  3659 D ConditionProviders.SCP: setRegistered true
09-26 01:44:05.335  3659  3659 D ConditionProviders.SCP: notifyCondition condition://android/schedule?days=1.2.3.4.5&start=22.0&end=7.0&exitAtAlarm=false STATE_TRUE reason=meetsSchedule
09-26 01:44:05.336  3659  3659 D ConditionProviders.SCP: Scheduling evaluate for Tue Sep 26 07:00:00 GMT+00:00 2017 (1506409200000), in +2h15m54s665ms, now=Tue Sep 26 04:44:05 GMT+00:00 2017 (1506401045335)
09-26 01:44:05.336  3659  3659 D ConditionProviders.SCP: onSubscribe condition://android/schedule?days=6.7&start=23.30&end=10.0&exitAtAlarm=false
09-26 01:44:05.336  3659  3659 D ConditionProviders.SCP: notifyCondition condition://android/schedule?days=6.7&start=23.30&end=10.0&exitAtAlarm=false STATE_FALSE reason=!meetsSchedule
09-26 01:44:05.337  3659  3659 D ConditionProviders.SCP: notifyCondition condition://android/schedule?days=1.2.3.4.5&start=22.0&end=7.0&exitAtAlarm=false STATE_TRUE reason=meetsSchedule
09-26 01:44:05.337  3659  3659 D ConditionProviders.SCP: Scheduling evaluate for Tue Sep 26 07:00:00 GMT+00:00 2017 (1506409200000), in +2h15m54s664ms, now=Tue Sep 26 04:44:05 GMT+00:00 2017 (1506401045336)
09-26 01:44:05.340  4800  4857 I bt_core_module: module_clean_up Cleanup of module "btif_config_module" completed
09-26 01:44:05.340  4800  4857 I bt_core_module: module_clean_up Cleaning up module "bt_utils_module"
09-26 01:44:05.340  4800  4857 I bt_core_module: module_clean_up Cleanup of module "bt_utils_module" completed
09-26 01:44:05.341  4800  4857 I bt_core_module: module_clean_up Cleaning up module "osi_module"
09-26 01:44:05.341  4800  4861 D bt_osi_alarm: callback_dispatch Callback thread exited
09-26 01:44:05.341  4800  4861 W bt_osi_thread: run_thread: thread id 4861, thread name alarm_dispatcher exited
09-26 01:44:05.341  4800  4860 W bt_osi_thread: run_thread: thread id 4860, thread name alarm_default_ca exited
09-26 01:44:05.342  4800  4857 I bt_core_module: module_clean_up Cleanup of module "osi_module" completed
09-26 01:44:05.342  4800  4857 I bt_stack_manager: event_clean_up_stack finished
09-26 01:44:05.342  4800  4800 I BluetoothServiceJni: cleanupNative: return from cleanup
09-26 01:44:05.342  4800  4800 W BluetoothVendorJni: Cleaning up Bluetooth Vendor Interface...
09-26 01:44:05.342  4800  4800 I bt_btif_vendor: cleanup
09-26 01:44:05.343  4800  4800 W BluetoothVendorJni: Cleaning up Bluetooth Vendor callback object
09-26 01:44:05.345  4800  4800 I art     : System.exit called, status: 0
09-26 01:44:05.345  4800  4800 I AndroidRuntime: VM exiting with result code 0, cleanup skipped.
09-26 01:44:05.346  3659  4735 E ActivityThread: Failed to find provider info for com.android.calendar
09-26 01:44:05.347  3659  4735 E ActivityThread: Failed to find provider info for com.android.calendar
09-26 01:44:05.364  3659  3659 D RttService: SCAN_AVAILABLE : 3
09-26 01:44:05.365  3659  4728 D RttService: DefaultState got{ when=0 what=160512 target=com.android.internal.util.StateMachine$SmHandler }
09-26 01:44:05.365  3659  4727 D wifi    : failed to get capabilities : -95
09-26 01:44:05.366  3659  3659 I Telecom : WiredHeadsetManager: ACTION_HEADSET_PLUG event, plugged in: false, : WHC.oADA@AAE
09-26 01:44:05.372  4974  4974 D TelephonyProvider: dbh.onOpen: ok, queried table=siminfo
09-26 01:44:05.373  4974  4974 D TelephonyProvider: dbh.onOpen: ok, queried table=carriers
09-26 01:44:05.374  3659  3659 I ActivityManager: user 0 is still locked. Cannot load recents
09-26 01:44:05.380  3659  4739 I ActivityManager: Process com.android.bluetooth (pid 4800) has died
09-26 01:44:05.380  3659  4739 D ActivityManager: cleanUpApplicationRecord -- 4800
09-26 01:44:05.393  3659  4727 I WifiScanningService: wifi driver loaded with scan capabilities: max buckets=16
09-26 01:44:05.394  4974  4974 D TelephonyProvider: onCreate: build id changed from  to NJH47F
09-26 01:44:05.394  3165  3590 I SurfaceFlinger: Boot is finished (59961 ms)
09-26 01:44:05.396  4974  4974 D TelephonyProvider: No APNs in OEM image = /oem/telephony/apns-conf.xml Load APNs from system image
09-26 01:44:05.396  4974  4974 D TelephonyProvider: No APNs in OEM image = /data/misc/apns-conf.xml Load APNs from system image
09-26 01:44:05.402  3659  3659 I DefaultPermGrantPolicy: Granting permissions to default dialer app for user:0
09-26 01:44:05.409  3659  3659 I Telecom : PhoneAccountRegistrar: SimCallManager queried, returning: null: TSI.gSCM@AAM
09-26 01:44:05.422  3659  3659 D ZenLog  : config: conditionChanged,ZenModeConfig[user=0,allowCalls=true,allowRepeatCallers=false,allowMessages=false,allowCallsFrom=contacts,allowMessagesFrom=contacts,allowReminders=true,allowEvents=true,allowWhenScreenOff=true,allowWhenScreenOn=true,automaticRules={99c4b0a7677b4dddb4debd1432996931=ZenRule[enabled=false,snoozing=false,name=Weeknight,zenMode=ZEN_MODE_ALARMS,conditionId=condition://android/schedule?days=1.2.3.4.5&start=22.0&end=7.0&exitAtAlarm=false,condition=Condition[id=condition://android/schedule?days=1.2.3.4.5&start=22.0&end=7.0&exitAtAlarm=false,summary=...,line1=...,line2=...,icon=0,state=STATE_TRUE,flags=2],component=ComponentInfo{android/com.android.server.notification.ScheduleConditionProvider},id=99c4b0a7677b4dddb4debd1432996931,creationTime=1506401040084,enabler=null], 1f5284776a3a4278bc48fb71a37da83a=ZenRule[enabled=false,snoozing=false,name=Event,zenMode=ZEN_MODE_ALARMS,conditionId=condition://android/event?userId=-10000&calendar=&reply=1,condition=null,component=ComponentInfo{android/com.android.server.notification.EventConditionProvider},id=1f5284776a3a4278bc48fb71a37da83a,creationTime=1506401040085,enabler=null], 0ce11ad93e8f49bcbb826fed10d59e31=ZenRule[enabled=false,snoozing=false,name=Weekend,zenMode=ZEN_MODE_ALARMS,conditionId=condition://android/schedule?days=6.7&start=23.30&end=10.0&exitAtAlarm=false,condition=null,component=ComponentInfo{android/com.android.server.notification.ScheduleConditionProvider},id=0ce11ad93e8f49bcbb826fed10d59e31,creationTime=1506401040084,enabler=null]},manualRule=null],Diff[automaticRule[99c4b0a7677b4dddb4debd1432996931].condition:null->Condition[id=condition://android/schedule?days=1.2.3.4.5&start=22.0&end=7.0&exitAtAlarm=false,summary=...,line1=...,line2=...,icon=0,state=STATE_TRUE,flags=2]]
09-26 01:44:05.422  3659  3659 D ZenLog  : config: conditionChanged,ZenModeConfig[user=0,allowCalls=true,allowRepeatCallers=false,allowMessages=false,allowCallsFrom=contacts,allowMessagesFrom=contacts,allowReminders=true,allowEvents=true,allowWhenScreenOff=true,allowWhenScreenOn=true,automaticRules={99c4b0a7677b4dddb4debd1432996931=ZenRule[enabled=false,snoozing=false,name=Weeknight,zenMode=ZEN_MODE_ALARMS,conditionId=condition://android/schedule?days=1.2.3.4.5&start=22.0&end=7.0&exitAtAlarm=false,condition=Condition[id=condition://android/schedule?days=1.2.3.4.5&start=22.0&end=7.0&exitAtAlarm=false,summary=...,line1=...,line2=...,icon=0,state=STATE_TRUE,flags=2],component=ComponentInfo{android/com.android.server.notification.ScheduleConditionProvider},id=99c4b0a7677b4dddb4debd1432996931,creationTime=1506401040084,enabler=null], 1f5284776a3a4278bc48fb71a37da83a=ZenRule[enabled=false,snoozing=false,name=Event,zenMode=ZEN_MODE_ALARMS,conditionId=condition://android/event?userId=-10000&calendar=&reply=1,condition=null,component=ComponentInfo{android/com.android.server.notification.EventConditionProvider},id=1f5284776a3a4278bc48fb71a37da83a,creationTime=1506401040085,enabler=null], 0ce11ad93e8f49bcbb826fed10d59e31=ZenRule[enabled=false,snoozing=false,name=Weekend,zenMode=ZEN_MODE_ALARMS,conditionId=condition://android/schedule?days=6.7&start=23.30&end=10.0&exitAtAlarm=false,condition=Condition[id=condition://android/schedule?days=6.7&start=23.30&end=10.0&exitAtAlarm=false,summary=...,line1=...,line2=...,icon=0,state=STATE_FALSE,flags=2],component=ComponentInfo{android/com.android.server.notification.ScheduleConditionProvider},id=0ce11ad93e8f49bcbb826fed10d59e31,creationTime=1506401040084,enabler=null]},manualRule=null],Diff[automaticRule[0ce11ad93e8f49bcbb826fed10d59e31].condition:null->Condition[id=condition://android/schedule?days=6.7&start=23.30&end=10.0&exitAtAlarm=false,summary=...,line1=...,line2=...,icon=0,state=STATE_FALSE,flags=2]]
09-26 01:44:05.423  4974  4974 D TelephonyProvider: Checksum for /system/etc/apns-conf.xml is 320806505
09-26 01:44:05.423  4974  4974 D TelephonyProvider: newChecksum: 320806505
09-26 01:44:05.423  4974  4974 D TelephonyProvider: oldChecksum: 320806505
09-26 01:44:05.423  4974  4974 D TelephonyProvider: Skipping apn db update since apn-conf has not changed.
09-26 01:44:05.424  3659  3659 D ZenLog  : config: conditionChanged,ZenModeConfig[user=0,allowCalls=true,allowRepeatCallers=false,allowMessages=false,allowCallsFrom=contacts,allowMessagesFrom=contacts,allowReminders=true,allowEvents=true,allowWhenScreenOff=true,allowWhenScreenOn=true,automaticRules={99c4b0a7677b4dddb4debd1432996931=ZenRule[enabled=false,snoozing=false,name=Weeknight,zenMode=ZEN_MODE_ALARMS,conditionId=condition://android/schedule?days=1.2.3.4.5&start=22.0&end=7.0&exitAtAlarm=false,condition=Condition[id=condition://android/schedule?days=1.2.3.4.5&start=22.0&end=7.0&exitAtAlarm=false,summary=...,line1=...,line2=...,icon=0,state=STATE_TRUE,flags=2],component=ComponentInfo{android/com.android.server.notification.ScheduleConditionProvider},id=99c4b0a7677b4dddb4debd1432996931,creationTime=1506401040084,enabler=null], 1f5284776a3a4278bc48fb71a37da83a=ZenRule[enabled=false,snoozing=false,name=Event,zenMode=ZEN_MODE_ALARMS,conditionId=condition://android/event?userId=-10000&calendar=&reply=1,condition=Condition[id=condition://android/event?userId=-10000&calendar=&reply=1,summary=...,line1=...,line2=...,icon=0,state=STATE_FALSE,flags=2],component=ComponentInfo{android/com.android.server.notification.EventConditionProvider},id=1f5284776a3a4278bc48fb71a37da83a,creationTime=1506401040085,enabler=null], 0ce11ad93e8f49bcbb826fed10d59e31=ZenRule[enabled=false,snoozing=false,name=Weekend,zenMode=ZEN_MODE_ALARMS,conditionId=condition://android/schedule?days=6.7&start=23.30&end=10.0&exitAtAlarm=false,condition=Condition[id=condition://android/schedule?days=6.7&start=23.30&end=10.0&exitAtAlarm=false,summary=...,line1=...,line2=...,icon=0,state=STATE_FALSE,flags=2],component=ComponentInfo{android/com.android.server.notification.ScheduleConditionProvider},id=0ce11ad93e8f49bcbb826fed10d59e31,creationTime=1506401040084,enabler=null]},manualRule=null],Diff[automaticRule[1f5284776a3a4278bc48fb71a37da83a].condition:null->Condition[id=condition://android/event?userId=-10000&calendar=&reply=1,summary=...,line1=...,line2=...,icon=0,state=STATE_FALSE,flags=2]]
09-26 01:44:05.426  3659  3659 D ZenLog  : set_zen_mode: off,conditionChanged
09-26 01:44:05.428  3659  3659 D ZenLog  : set_zen_mode: off,conditionChanged
09-26 01:44:05.430  4974  4974 W System  : ClassLoader referenced unknown path: /system/framework/qti-telephony-common.jar
09-26 01:44:05.430  4974  4974 W System.err: java.lang.ClassNotFoundException: com.qualcomm.qti.internal.telephony.QtiTelephonyComponentFactory
09-26 01:44:05.431  4974  4974 W System.err: 	at java.lang.Class.classForName(Native Method)
09-26 01:44:05.431  4974  4974 W System.err: 	at java.lang.Class.forName(Class.java:400)
09-26 01:44:05.431  4974  4974 W System.err: 	at com.android.internal.telephony.TelephonyComponentFactory.getInstance(TelephonyComponentFactory.java:71)
09-26 01:44:05.431  4974  4974 W System.err: 	at com.android.internal.telephony.PhoneFactory.makeDefaultPhone(PhoneFactory.java:133)
09-26 01:44:05.431  4974  4974 W System.err: 	at com.android.internal.telephony.PhoneFactory.makeDefaultPhones(PhoneFactory.java:91)
09-26 01:44:05.431  4974  4974 W System.err: 	at com.android.phone.PhoneGlobals.onCreate(PhoneGlobals.java:282)
09-26 01:44:05.431  4974  4974 W System.err: 	at com.android.phone.PhoneApp.onCreate(PhoneApp.java:41)
09-26 01:44:05.431  4974  4974 W System.err: 	at android.app.Instrumentation.callApplicationOnCreate(Instrumentation.java:1025)
09-26 01:44:05.431  4974  4974 W System.err: 	at android.app.ActivityThread.handleBindApplication(ActivityThread.java:5448)
09-26 01:44:05.431  4974  4974 W System.err: 	at android.app.ActivityThread.-wrap2(ActivityThread.java)
09-26 01:44:05.431  4974  4974 W System.err: 	at android.app.ActivityThread$H.handleMessage(ActivityThread.java:1564)
09-26 01:44:05.431  4974  4974 W System.err: 	at android.os.Handler.dispatchMessage(Handler.java:102)
09-26 01:44:05.431  4974  4974 W System.err: 	at android.os.Looper.loop(Looper.java:154)
09-26 01:44:05.431  4974  4974 W System.err: 	at android.app.ActivityThread.main(ActivityThread.java:6186)
09-26 01:44:05.431  4974  4974 W System.err: 	at java.lang.reflect.Method.invoke(Native Method)
09-26 01:44:05.431  4974  4974 W System.err: 	at com.android.internal.os.ZygoteInit$MethodAndArgsCaller.run(ZygoteInit.java:889)
09-26 01:44:05.431  4974  4974 W System.err: 	at com.android.internal.os.ZygoteInit.main(ZygoteInit.java:779)
09-26 01:44:05.431  4974  4974 W System.err: Caused by: java.lang.ClassNotFoundException: Didn't find class "com.qualcomm.qti.internal.telephony.QtiTelephonyComponentFactory" on path: DexPathList[[],nativeLibraryDirectories=[/system/lib64, /vendor/lib64]]
09-26 01:44:05.431  4974  4974 W System.err: 	at dalvik.system.BaseDexClassLoader.findClass(BaseDexClassLoader.java:56)
09-26 01:44:05.431  4974  4974 W System.err: 	at java.lang.ClassLoader.loadClass(ClassLoader.java:380)
09-26 01:44:05.431  4974  4974 W System.err: 	at java.lang.ClassLoader.loadClass(ClassLoader.java:312)
09-26 01:44:05.431  4974  4974 W System.err: 	... 17 more
09-26 01:44:05.445  4816  4927 I BinaryDictionaryFileDumper: reinitializeClientRecordInDictionaryContentProvider() : Insert DictionaryInfo : Id = 'main:fi' : Locale=fi : Version=44
09-26 01:44:05.461  3659  3659 D ZenLog  : set_zen_mode: off,conditionChanged
09-26 01:44:05.492  4824  4824 D mali_winsys: EGLint new_window_surface(egl_winsys_display*, void*, EGLSurface, EGLConfig, egl_winsys_surface**, egl_color_buffer_format*, EGLBoolean) returns 0x3000,  [1440x2960]-format:2
09-26 01:44:05.505  3659  3721 I ActivityManager: Start proc 5318:com.android.cellbroadcastreceiver/u0a8 for broadcast com.android.cellbroadcastreceiver/.CellBroadcastReceiver
09-26 01:44:05.556  5318  5318 W System  : ClassLoader referenced unknown path: /system/priv-app/CellBroadcastReceiver/lib/arm64
09-26 01:44:05.571  3659  4734 D NotificationSQLiteLog: Pruned event entries: 0
09-26 01:44:05.572  3186  4738 D audio_hw_primary_abox: device-adev_set_parameters: enter with key(A2dpSuspended=false)
09-26 01:44:05.572  3186  4738 D audio_hw_primary_abox: device-adev_set_parameters: exit
09-26 01:44:05.573  3186  3415 I APM_AudioPolicyManager: setForceUse() usage 0, config 0, mPhoneState 0
09-26 01:44:05.573  3186  3415 W APM_AudioPolicyManager: setForceUse() usage 0, config 0 is Already setted
09-26 01:44:05.573  3186  3186 I APM_AudioPolicyManager: setForceUse() usage 2, config 0, mPhoneState 0
09-26 01:44:05.573  3186  3186 W APM_AudioPolicyManager: setForceUse() usage 2, config 0 is Already setted
09-26 01:44:05.607  4824  4824 D mali_winsys: EGLint new_window_surface(egl_winsys_display*, void*, EGLSurface, EGLConfig, egl_winsys_surface**, egl_color_buffer_format*, EGLBoolean) returns 0x3000,  [2160x2960]-format:2
09-26 01:44:05.617  5318  5318 D CellBroadcastReceiver: onReceive Intent { act=android.intent.action.SIM_STATE_CHANGED flg=0x4000010 cmp=com.android.cellbroadcastreceiver/.CellBroadcastReceiver (has extras) }
09-26 01:44:05.627  4824  4824 W KeyguardUpdateMonitor: invalid subId in handleSimStateChange()
09-26 01:44:05.627  4824  4824 W KeyguardUpdateMonitor: invalid subId in handleSimStateChange()
09-26 01:44:05.678  4974  4974 D PhoneSwitcherNetworkRequstListener: Registering NetworkFactory
09-26 01:44:05.678  3659  4729 D ConnectivityService: Got NetworkFactory Messenger for PhoneSwitcherNetworkRequstListener
09-26 01:44:05.681  3659  4729 D ConnectivityService: Got NetworkFactory Messenger for TelephonyNetworkFactory[0]
09-26 01:44:05.681  3659  4729 D ConnectivityService: Got NetworkFactory Messenger for TelephonyNetworkFactory[1]
09-26 01:44:05.692  4974  5348 E ActivityThread: Failed to find provider info for com.android.contacts
09-26 01:44:05.692  4974  5348 W CallerInfoCache: cursor is null
09-26 01:44:05.693  4974  4974 D CarrierConfigLoader: CarrierConfigLoader has started
09-26 01:44:05.695  3659  3719 D BluetoothManagerService: Trying to bind to profile: 1, while Bluetooth was disabled
09-26 01:44:05.702  4816  4927 I BinaryDictionaryFileDumper: reinitializeClientRecordInDictionaryContentProvider() : Insert DictionaryInfo : Id = 'main:fr' : Locale=fr : Version=54
09-26 01:44:05.708  4974  4974 I Telephony: TtyManager: updateUiTtyMode -1 -> 0
09-26 01:44:05.713  4974  4974 I Telephony: TtyManager: updateUiTtyMode -1 -> 0
09-26 01:44:05.728  3659  3729 I art     : Starting a blocking GC Explicit
09-26 01:44:05.774  4824  4824 W KeyguardUpdateMonitor: invalid subId in handleServiceStateChange()
09-26 01:44:05.781  3659  3729 I art     : Explicit concurrent mark sweep GC freed 39545(3MB) AllocSpace objects, 5(100KB) LOS objects, 33% free, 12MB/18MB, paused 636us total 52.187ms
09-26 01:44:05.800  4816  4927 I BinaryDictionaryFileDumper: reinitializeClientRecordInDictionaryContentProvider() : Insert DictionaryInfo : Id = 'main:hr' : Locale=hr : Version=44
09-26 01:44:05.890  4816  4927 I BinaryDictionaryFileDumper: reinitializeClientRecordInDictionaryContentProvider() : Insert DictionaryInfo : Id = 'main:hu' : Locale=hu : Version=1
09-26 01:44:05.955  4824  4824 W KeyguardUpdateMonitor: invalid subId in handleServiceStateChange()
09-26 01:44:05.980  4816  4927 I BinaryDictionaryFileDumper: reinitializeClientRecordInDictionaryContentProvider() : Insert DictionaryInfo : Id = 'main:it' : Locale=it : Version=54
09-26 01:44:06.090  4816  4927 I BinaryDictionaryFileDumper: reinitializeClientRecordInDictionaryContentProvider() : Insert DictionaryInfo : Id = 'main:iw' : Locale=iw : Version=44
09-26 01:44:06.119  4974  4974 D PhoneSwitcherNetworkRequstListener: got request NetworkRequest [ REQUEST id=1, [ Capabilities: INTERNET&NOT_RESTRICTED&TRUSTED&NOT_VPN] ] with score 0
09-26 01:44:06.121  4974  4974 D TelephonyDebugService: TelephonyDebugService()
09-26 01:44:06.123  4974  4974 D CarrierConfigLoader: mHandler: 12 phoneId: 0
09-26 01:44:06.123  4974  4974 D CarrierConfigLoader: Build fingerprint changed. old: null new: lineage_dream2lte-userdebug 7.1.2 NJH47F 2d3fbee87f test-keys
09-26 01:44:06.168  4974  4974 W Telephony: TelecomAccountRegistry: Failed to get status , slotId: 0 Exception: java.lang.NullPointerException: Attempt to invoke interface method 'int org.codeaurora.internal.IExtTelephony.getCurrentUiccCardProvisioningStatus(int)' on a null object reference
09-26 01:44:06.168  4974  4974 W Telephony: TelecomAccountRegistry: Failed to get status , slotId: 1 Exception: java.lang.NullPointerException: Attempt to invoke interface method 'int org.codeaurora.internal.IExtTelephony.getCurrentUiccCardProvisioningStatus(int)' on a null object reference
09-26 01:44:06.170  4974  4974 E PhoneInterfaceManager: [PhoneIntfMgr] getIccId: No UICC
09-26 01:44:06.179  3659  4994 I Telecom : PhoneAccountRegistrar: New phone account registered: [[ ] PhoneAccount: ComponentInfo{com.android.phone/com.android.services.telephony.TelephonyConnectionService}, [e0184adedf913b076626646d3f52c3b49c39ad6d], UserHandle{0} Capabilities: CallProvider MultiUser PlaceEmerg SimSub  Audio Routes: BESW Schemes: tel voicemail  Extras: null GroupId: [da39a3ee5e6b4b0d3255bfef95601890afd80709]]: TSI.rPA@AAY
09-26 01:44:06.185  3659  4994 I Telecom : : Sending phone-account registered intent as user: TSI.rPA@AAY
09-26 01:44:06.186  4974  4974 I Telephony: AccountEntry: Registered phoneAccount: [[ ] PhoneAccount: ComponentInfo{com.android.phone/com.android.services.telephony.TelephonyConnectionService}, [e0184adedf913b076626646d3f52c3b49c39ad6d], UserHandle{0} Capabilities: CallProvider MultiUser PlaceEmerg SimSub  Audio Routes: BESW Schemes: tel voicemail  Extras: null GroupId: [da39a3ee5e6b4b0d3255bfef95601890afd80709]] with handle: ComponentInfo{com.android.phone/com.android.services.telephony.TelephonyConnectionService}, [e0184adedf913b076626646d3f52c3b49c39ad6d], UserHandle{0}
09-26 01:44:06.187  4974  4974 I Telephony: PstnIncomingCallNotifier: Registering: Handler (com.android.internal.telephony.GsmCdmaPhone) {48039f1}
09-26 01:44:06.190  4816  4927 I BinaryDictionaryFileDumper: reinitializeClientRecordInDictionaryContentProvider() : Insert DictionaryInfo : Id = 'main:lb' : Locale=lb : Version=1
09-26 01:44:06.195  5043  5043 D SimSelectNotification:  no of slots 2 provision = false
09-26 01:44:06.198  5318  5318 D CellBroadcastReceiver: onReceive Intent { act=android.intent.action.SIM_STATE_CHANGED flg=0x4000010 cmp=com.android.cellbroadcastreceiver/.CellBroadcastReceiver (has extras) }
09-26 01:44:06.204  3659  3718 I Telecom : PhoneAccountRegistrar: getUserSelVoicePhoneAccount, voice subId = -1: TSI.gUSOPA@AAg
09-26 01:44:06.204  3659  3718 I Telecom : PhoneAccountRegistrar: getUserSelVoicePhoneAccount, emergency account : TSI.gUSOPA@AAg
09-26 01:44:06.238  4974  4974 I Telephony: PstnIncomingCallNotifier: Unregistering: Handler (com.android.internal.telephony.GsmCdmaPhone) {48039f1}
09-26 01:44:06.239  4974  4974 W Telephony: TelecomAccountRegistry: Failed to get status , slotId: 0 Exception: java.lang.NullPointerException: Attempt to invoke interface method 'int org.codeaurora.internal.IExtTelephony.getCurrentUiccCardProvisioningStatus(int)' on a null object reference
09-26 01:44:06.239  4974  4974 W Telephony: TelecomAccountRegistry: Failed to get status , slotId: 1 Exception: java.lang.NullPointerException: Attempt to invoke interface method 'int org.codeaurora.internal.IExtTelephony.getCurrentUiccCardProvisioningStatus(int)' on a null object reference
09-26 01:44:06.240  4974  4974 E PhoneInterfaceManager: [PhoneIntfMgr] getIccId: No UICC
09-26 01:44:06.245  3659  4996 I Telecom : PhoneAccountRegistrar: [ComponentInfo{com.android.phone/com.android.services.telephony.TelephonyConnectionService}, [e0184adedf913b076626646d3f52c3b49c39ad6d], UserHandle{0}(icon: Icon(typ=BITMAP size=67x84) -> Icon(typ=BITMAP size=67x84))]: TSI.rPA@AAk
09-26 01:44:06.248  3659  4996 I Telecom : : Sending phone-account registered intent as user: TSI.rPA@AAk
09-26 01:44:06.249  4974  4974 I Telephony: AccountEntry: Registered phoneAccount: [[ ] PhoneAccount: ComponentInfo{com.android.phone/com.android.services.telephony.TelephonyConnectionService}, [e0184adedf913b076626646d3f52c3b49c39ad6d], UserHandle{0} Capabilities: CallProvider MultiUser PlaceEmerg SimSub  Audio Routes: BESW Schemes: tel voicemail  Extras: null GroupId: [da39a3ee5e6b4b0d3255bfef95601890afd80709]] with handle: ComponentInfo{com.android.phone/com.android.services.telephony.TelephonyConnectionService}, [e0184adedf913b076626646d3f52c3b49c39ad6d], UserHandle{0}
09-26 01:44:06.250  4974  4974 I Telephony: PstnIncomingCallNotifier: Registering: Handler (com.android.internal.telephony.GsmCdmaPhone) {48039f1}
09-26 01:44:06.257  3659  3719 I Telecom : PhoneAccountRegistrar: getUserSelVoicePhoneAccount, voice subId = -1: TSI.gUSOPA@AAs
09-26 01:44:06.257  3659  3719 I Telecom : PhoneAccountRegistrar: getUserSelVoicePhoneAccount, emergency account : TSI.gUSOPA@AAs
09-26 01:44:06.269  3659  3720 D libgps  : SendGpsExtensionMessage: Waiting for IPC connection - timeout
09-26 01:44:06.270  3659  3720 E libgps  : LIBGPS: Cannot communicate (write) with a GPSD
09-26 01:44:06.270  3659  3720 E libgps  : IPC Communication Error, ../../../../tmp/15194007_282637/allPartners/os/android/gps_interface/gpsi_client/GpsiClient.cpp:631 SendGpsExtensionMessage
09-26 01:44:06.270  3659  3659 I GnssLocationProvider: WakeLock acquired by sendMessage(12, 0, null)
09-26 01:44:06.274  3659  3720 I GnssLocationProvider: WakeLock released by handleMessage(13, 0, null)
09-26 01:44:06.274  3659  3720 D libgps  : Init: created thread tid(0x73c7d450)
09-26 01:44:06.274  3659  3720 D libgps  : SendGpsExtensionMessage: Waiting for IPC connection...
09-26 01:44:06.275  3659  5360 D libgps  : ipc_thread_proc: IPC thread started by Java framework
09-26 01:44:06.280  3181  3181 D gpsd    : WakeLock(Acquire,GPSD)
09-26 01:44:06.280  3181  3181 D gpsd    : WakeLock(Release,GPSD)
09-26 01:44:06.280  3659  5360 D libgps  : OnIpcConnectionEstablished:
09-26 01:44:06.281  3659  5360 D libgps  : Restore last known AGPS server state
09-26 01:44:06.281  3659  5360 D libgps  : GeofenceControllerStateWaitForConnection: EXIT
09-26 01:44:06.281  3659  5360 D libgps  : GeofenceControllerStateConnected: ENTRY
09-26 01:44:06.281  3181  3181 D gpsd    : WakeLock(Acquire,GPSD)
09-26 01:44:06.281  3181  3181 D gpsd    : WakeLock(Release,GPSD)
09-26 01:44:06.281  3181  3181 D gpsd    : WakeLock(Acquire,GPSD)
09-26 01:44:06.281  3181  3181 D gpsd    : WakeLock(Release,GPSD)
09-26 01:44:06.282  3181  3181 D gpsd    : WakeLock(Acquire,GPSD)
09-26 01:44:06.282  3181  3181 D gpsd    : WakeLock(Release,GPSD)
09-26 01:44:06.282  3181  3181 D gpsd    : WakeLock(Acquire,GPSD)
09-26 01:44:06.282  3181  3181 D gpsd    : WakeLock(Release,GPSD)
09-26 01:44:06.282  3181  3181 D gpsd    : WakeLock(Acquire,GPSD)
09-26 01:44:06.282  3181  3181 D gpsd    : WakeLock(Release,GPSD)
09-26 01:44:06.282  3181  3181 D gpsd    : WakeLock(Acquire,GPSD)
09-26 01:44:06.282  3181  3181 D gpsd    : WakeLock(Release,GPSD)
09-26 01:44:06.282  3659  5360 D GnssLocationProvider: set_capabilities_callback: 38u
09-26 01:44:06.282  3659  5360 D GnssLocationProvider: set_system_info_callback: year_of_hw=0
09-26 01:44:06.299  4824  4824 W KeyguardUpdateMonitor: invalid subId in handleSimStateChange()
09-26 01:44:06.305  3659  3659 D WifiService: resetting networks because SIM was removed
09-26 01:44:06.305  3659  3659 D WifiService: resetting country code because SIM is removed
09-26 01:44:06.305  3659  4725 D WifiStateMachine: resetting EAP-SIM/AKA/AKA' networks since SIM was changed
09-26 01:44:06.307  4824  4824 W KeyguardUpdateMonitor: invalid subId in handleSimStateChange()
09-26 01:44:06.325  3659  3720 I GnssLocationProvider: WakeLock released by handleMessage(2, 1, null)
09-26 01:44:06.325  3181  3181 D gpsd    : WakeLock(Acquire,GPSD)
09-26 01:44:06.325  3181  3181 D gpsd    : WakeLock(Release,GPSD)
09-26 01:44:06.331  5043  5043 D SimSelectNotification:  no of slots 2 provision = false
09-26 01:44:06.332  4974  4974 E PhoneInterfaceManager: [PhoneIntfMgr] getIccId: No UICC
09-26 01:44:06.335  5318  5318 D CellBroadcastReceiver: onReceive Intent { act=android.intent.action.SERVICE_STATE flg=0x10 cmp=com.android.cellbroadcastreceiver/.CellBroadcastReceiver (has extras) }
09-26 01:44:06.335  5318  5318 D CellBroadcastReceiver: Intent: android.intent.action.SERVICE_STATE
09-26 01:44:06.337  5318  5318 D CellBroadcastReceiver: Service state changed! 3 Full: 3 3 voice home data home null null null null null null  Unknown Unknown CSS not supported -1 -1 RoamInd=-1 DefRoamInd=-1 EmergOnly=false IsDataRoamingFromRegistration=false IsUsingCarrierAggregation=false Current state=-1
09-26 01:44:06.341  3659  3718 I Telecom : PhoneAccountRegistrar: [ComponentInfo{com.android.phone/com.android.services.telephony.TelephonyConnectionService}, [e0184adedf913b076626646d3f52c3b49c39ad6d], UserHandle{0}(icon: Icon(typ=BITMAP size=67x84) -> Icon(typ=BITMAP size=67x84))]: TSI.rPA@AAw
09-26 01:44:06.345  3659  3718 I Telecom : : Sending phone-account registered intent as user: TSI.rPA@AAw
09-26 01:44:06.345  3181  3181 D gpsd    : WakeLock(Acquire,GPSD)
09-26 01:44:06.345  3181  3181 D gpsd    : WakeLock(Release,GPSD)
09-26 01:44:06.345  5318  5318 D CellBroadcastReceiver: onReceive Intent { act=android.intent.action.SERVICE_STATE flg=0x10 cmp=com.android.cellbroadcastreceiver/.CellBroadcastReceiver (has extras) }
09-26 01:44:06.345  3181  3181 D gpsd    : WakeLock(Acquire,GPSD)
09-26 01:44:06.345  5318  5318 D CellBroadcastReceiver: Intent: android.intent.action.SERVICE_STATE
09-26 01:44:06.345  3181  3181 D gpsd    : WakeLock(Release,GPSD)
