09-26 00:54:57.999  3088  3088 W auditd  : type=1320 audit(0.0:165): 
09-26 00:54:58.003  3088  3088 W auditd  : type=1325 audit(0.0:166): table=filter family=10 entries=113
09-26 00:54:58.003  3088  3088 W auditd  : type=1320 audit(0.0:166): 
09-26 00:54:58.015  3088  3088 W auditd  : type=1325 audit(0.0:167): table=filter family=2 entries=103
09-26 00:54:58.015  3088  3088 W auditd  : type=1320 audit(0.0:167): 
09-26 00:54:58.023  3088  3088 W auditd  : type=1325 audit(0.0:168): table=filter family=10 entries=114
09-26 00:54:58.023  3088  3088 W auditd  : type=1320 audit(0.0:168): 
09-26 00:54:58.035  3088  3088 W auditd  : type=1325 audit(0.0:169): table=filter family=2 entries=104
09-26 00:54:58.035  3088  3088 W auditd  : type=1320 audit(0.0:169): 
09-26 00:54:58.039  3088  3088 W auditd  : type=1325 audit(0.0:170): table=filter family=10 entries=115
09-26 00:54:58.039  3088  3088 W auditd  : type=1320 audit(0.0:170): 
09-26 00:54:58.043  3088  3088 W auditd  : type=1325 audit(0.0:171): table=filter family=2 entries=105
09-26 00:54:58.043  3088  3088 W auditd  : type=1320 audit(0.0:171): 
09-26 00:54:58.051  3088  3088 W auditd  : type=1325 audit(0.0:172): table=filter family=10 entries=116
09-26 00:54:58.051  3088  3088 W auditd  : type=1320 audit(0.0:172): 
09-26 00:54:58.054  3565  3642 W ConnectivityExtension: ConnectivityExt jar file not present
09-26 00:55:00.503  4884  4919 W AudioPolicyIntefaceImpl: Skipped to add effects on session 17
09-26 00:55:00.503  4884  4919 I APM_AudioPolicyManager: startOutput() output 21, stream 1, session 17
09-26 00:55:00.570  3862  3904 D mali_winsys: EGLint new_window_surface(egl_winsys_display*, void*, EGLSurface, EGLConfig, egl_winsys_surface**, egl_color_buffer_format*, EGLBoolean) returns 0x3000,  [1590x1409]-format:1
09-26 00:55:00.651  4884  4890 I APM_AudioPolicyManager: stopOutput() output 21, stream 1, session 17
09-26 00:55:01.217  3565  4074 I ActivityManager: Killing 4059:org.cyanogenmod.weather.provider/u0a31 (adj 906): empty #17
09-26 00:55:01.261  3565  4395 D ActivityManager: cleanUpApplicationRecord -- 4059
09-26 00:55:01.361  4644  4672 D InitAlarmsService: Clearing and rescheduling alarms.
09-26 00:55:01.407  4884  4920 W AudioPolicyIntefaceImpl: Skipped to add effects on session 17
09-26 00:55:01.407  4884  4920 I APM_AudioPolicyManager: startOutput() output 21, stream 1, session 17
09-26 00:55:01.439  3565  4074 W InputMethodManagerService: Window already focused, ignoring focus gain of: com.android.internal.view.IInputMethodClient$Stub$Proxy@dabdf59 attribute=null, token = android.os.BinderProxy@751a9e9
09-26 00:55:01.471  3862  3904 D mali_winsys: EGLint new_window_surface(egl_winsys_display*, void*, EGLSurface, EGLConfig, egl_winsys_surface**, egl_color_buffer_format*, EGLBoolean) returns 0x3000,  [1590x937]-format:1
09-26 00:55:01.571  4884  4890 I APM_AudioPolicyManager: stopOutput() output 21, stream 1, session 17
09-26 00:55:02.156  4884  4884 W AudioPolicyIntefaceImpl: Skipped to add effects on session 17
09-26 00:55:02.156  4884  4884 I APM_AudioPolicyManager: startOutput() output 21, stream 1, session 17
09-26 00:55:02.176  3565  3732 W InputMethodManagerService: Window already focused, ignoring focus gain of: com.android.internal.view.IInputMethodClient$Stub$Proxy@8036dcc attribute=null, token = android.os.BinderProxy@751a9e9
09-26 00:55:02.311  4884  4890 I APM_AudioPolicyManager: stopOutput() output 21, stream 1, session 17
09-26 00:55:02.723  4428  4439 I chatty  : uid=1000(system) HeapTaskDaemon expire 3 lines
09-26 00:55:03.060  3565  3642 D SntpClient: request time failed: java.net.SocketTimeoutException: Receive timed out
09-26 00:55:03.075  4428  4428 I chatty  : uid=1000(system) com.cyanogenmod.setupwizard expire 325 lines
09-26 00:55:04.301  3565  3582 W ResourceType: No known package when getting value for resource number 0x7f020125
09-26 00:55:04.301  3565  3582 W ResourceType: No known package when getting value for resource number 0x7f0c050c
09-26 00:55:04.301  3565  3582 W ResourceType: No known package when getting value for resource number 0x7f020124
09-26 00:55:04.301  3565  3582 W ResourceType: No known package when getting value for resource number 0x7f0c0a9d
09-26 00:55:04.301  3565  3582 W ResourceType: No known package when getting value for resource number 0x7f020123
09-26 00:55:04.301  3565  3582 W ResourceType: No known package when getting value for resource number 0x7f0c0957
09-26 00:55:04.318  3862  5018 W TileUtils: Found com.android.settings.Settings$PaymentSettingsActivity for intent Intent { act=com.android.settings.action.SETTINGS pkg=com.android.settings } missing metadata com.android.settings.category
09-26 00:55:04.318  4358  4358 D RegisteredNfcFServicesCache: Service unchanged, not updating
09-26 00:55:04.322  3862  5018 W TileUtils: Found com.android.systemui.tuner.TunerActivity for intent Intent { act=com.android.settings.action.EXTRA_SETTINGS } missing metadata 
09-26 00:55:04.326  3565  3634 I InputReader: Reconfiguring input devices.  changes=0x00000010
09-26 00:55:04.347  3846  3846 D CarrierSvcBindHelper: No carrier app for: 0
09-26 00:55:04.348  3846  3846 D CarrierSvcBindHelper: No carrier app for: 1
09-26 00:55:04.357  3565  3582 W Searchables: No global search activity found
09-26 00:55:04.638  4884  4919 W AudioPolicyIntefaceImpl: Skipped to add effects on session 17
09-26 00:55:04.638  4884  4919 I APM_AudioPolicyManager: startOutput() output 21, stream 1, session 17
09-26 00:55:04.651  3565  3589 I UsbDeviceManager: Setting USB config to mtp
09-26 00:55:04.653  4358  4365 W art     : Receiving file descriptor from ADB failed (socket 3): Connection reset by peer
09-26 00:55:04.653  4400  4407 W art     : Receiving file descriptor from ADB failed (socket 3): Connection reset by peer
09-26 00:55:04.653  4552  4559 W art     : Receiving file descriptor from ADB failed (socket 30): Connection reset by peer
09-26 00:55:04.654  4341  4349 W art     : Receiving file descriptor from ADB failed (socket 3): Connection reset by peer
09-26 00:55:04.654  4968  4975 W art     : Receiving file descriptor from ADB failed (socket 3): Connection reset by peer
09-26 00:55:04.791  4884  4890 I APM_AudioPolicyManager: stopOutput() output 21, stream 1, session 17
09-26 00:55:05.235  3565  3565 D ZenLog  : disable_effects: -1|android|17040529|null|1000,booleanState
09-26 00:55:05.375  4452  4452 D MtpService: starting MTP server in MTP mode
09-26 00:55:06.274  4884  4920 W AudioPolicyIntefaceImpl: Skipped to add effects on session 17
09-26 00:55:06.274  4884  4920 I APM_AudioPolicyManager: startOutput() output 21, stream 1, session 17
09-26 00:55:06.325  3862  3904 D mali_winsys: EGLint new_window_surface(egl_winsys_display*, void*, EGLSurface, EGLConfig, egl_winsys_surface**, egl_color_buffer_format*, EGLBoolean) returns 0x3000,  [1590x1135]-format:1
09-26 00:55:06.431  4884  4890 I APM_AudioPolicyManager: stopOutput() output 21, stream 1, session 17
09-26 00:55:07.258  4884  4884 W AudioPolicyIntefaceImpl: Skipped to add effects on session 17
09-26 00:55:07.258  4884  4884 I APM_AudioPolicyManager: startOutput() output 21, stream 1, session 17
09-26 00:55:07.270  3565  3589 I UsbDeviceManager: Setting USB config to adb
09-26 00:55:07.277  3565  4396 W InputMethodManagerService: Window already focused, ignoring focus gain of: com.android.internal.view.IInputMethodClient$Stub$Proxy@c3a4651 attribute=null, token = android.os.BinderProxy@751a9e9
09-26 00:55:07.411  4884  4890 I APM_AudioPolicyManager: stopOutput() output 21, stream 1, session 17
09-26 00:55:08.074  3565  3642 D SntpClient: request time failed: java.net.SocketTimeoutException: Receive timed out
09-26 00:55:08.330  3565  3589 E UsbDeviceManager: waitForState(adb) FAILED: got none
09-26 00:55:08.330  3565  3589 E UsbDeviceManager: Failed to switch USB config to adb
09-26 00:55:08.330  3565  3589 E UsbDeviceManager: Failsafe 1: Restoring previous USB functions.
09-26 00:55:08.330  3565  3589 I UsbDeviceManager: Setting USB config to mtp,adb
09-26 00:55:08.382  3565  3589 I UsbDeviceManager: Setting USB config to adb
09-26 00:55:08.385  3565  3565 D ZenLog  : disable_effects: -1|android|17040536|null|1000,booleanState
09-26 00:55:09.441  3565  3589 E UsbDeviceManager: waitForState(adb) FAILED: got none
09-26 00:55:09.441  3565  3589 E UsbDeviceManager: Failed to switch USB config to adb
09-26 00:55:09.441  3565  3589 E UsbDeviceManager: Failsafe 1: Restoring previous USB functions.
09-26 00:55:09.441  3565  3589 I UsbDeviceManager: Setting USB config to mtp,adb
09-26 00:55:09.449  4674  4681 W art     : Receiving file descriptor from ADB failed (socket 3): Connection reset by peer
09-26 00:55:09.449  3565  3571 E art     : adb connection max retries exceeded
09-26 00:55:09.450  3826  3834 W art     : Receiving file descriptor from ADB failed (socket 3): Connection reset by peer
09-26 00:55:09.451  4853  4860 W art     : Receiving file descriptor from ADB failed (socket 3): Connection reset by peer
09-26 00:55:09.839  3565  3565 D ZenLog  : disable_effects: -1|android|17040529|null|1000,booleanState
09-26 00:55:09.857  3565  3565 D ZenLog  : disable_effects: -1|android|17040536|null|1000,booleanState
09-26 00:55:09.961  4452  4452 D MtpService: starting MTP server in MTP mode
09-26 00:55:10.394  4884  4916 V audio_hw_primary_abox: fast_out-out_standby: enter
09-26 00:55:10.394  4884  4916 I audio_hw_primary_abox: fast_out-out_standby: Transit to Idle
09-26 00:55:10.402  4884  4916 I audio_hw_primary_abox: fast_out-do_close_output_stream: Closed PCM Device
09-26 00:55:10.402  4884  4916 D audio_hw_primary_abox: fast_out-set_audio_route: [PLAYBACK] current-device(speaker) new-device(speaker) in cur-mode(normal) & new-mode(normal)!
09-26 00:55:10.418  4884  4916 I audio_hw_primary_abox: USAGE_SPKAMP-do_close_spkamp_stream: Closed PCM Device is /dev/snd/pcmC0D7p
09-26 00:55:10.420  4884  4916 I audio_hw_primary_abox: USAGE_SPKAMP-do_close_spkamp_stream: Closed PCM Device is /dev/snd/pcmC0D11c
09-26 00:55:10.422  4884  4916 I audio_hw_primary_abox: USAGE_SPKAMP-do_close_spkamp_stream: Closed PCM Device is /dev/snd/pcmC0D12c
09-26 00:55:10.423  4884  4916 I audio_hw_primary_abox: USAGE_SPKAMP-do_close_spkamp_stream: Closed PCM Device is /dev/snd/pcmC0D6p
09-26 00:55:10.423  4884  4916 I audio_route: > audio_route_update_path + : "media-speaker" reverse(1)
09-26 00:55:10.426  4884  4916 I audio_route: > audio_route_update_path - : changed(3)
09-26 00:55:10.426  4884  4916 D audio_hw_primary_abox: fast_out-do_set_route: Disabled Audio Route(media-speaker)
09-26 00:55:10.426  4884  4916 I audio_route: > audio_route_update_path + : "gain-media-speaker" reverse(1)
09-26 00:55:10.426  4884  4916 I audio_route: > audio_route_update_path - : changed(0)
09-26 00:55:10.426  4884  4916 D audio_hw_primary_abox: fast_out-do_set_route: Disabled Audio Gain(gain-media-speaker)
09-26 00:55:10.426  4884  4916 I audio_hw_primary_abox: fast_out-out_standby: Transit to Standby
09-26 00:55:10.426  4884  4916 V audio_hw_primary_abox: fast_out-out_standby: exit
09-26 00:55:12.210  5280  5280 D su      : su invoked.
09-26 00:55:12.210  5280  5280 D su      : starting daemon client 2000 2000
09-26 00:55:12.212  5282  5282 D su      : remote pid: 5280
09-26 00:55:12.213  5282  5282 D su      : remote pts_slave: 
09-26 00:55:12.213  5282  5282 D su      : waiting for child exit
09-26 00:55:12.214  5284  5284 D su      : su invoked.
09-26 00:55:12.215  5284  5284 E su      : SU from: shell
09-26 00:55:12.215  5284  5284 D su      : Allowing shell.
09-26 00:55:12.215  5284  5284 D su      : 2000 /sbin/adbd executing 0 dmesg using binary /system/bin/sh : sh -c dmesg
09-26 00:55:12.216  5284  5284 D su      : Waiting for pid 5285.
09-26 00:55:12.277  5282  5282 D su      : sending code
09-26 00:55:12.277  5282  5282 D su      : child exited
09-26 00:55:12.277  5280  5280 D su      : client exited 0
09-26 00:55:18.209  4428  4439 I chatty  : uid=1000(system) HeapTaskDaemon expire 2 lines
09-26 00:55:19.955  5334  5334 D su      : su invoked.
09-26 00:55:19.955  5334  5334 D su      : starting daemon client 2000 2000
09-26 00:55:19.957  5336  5336 D su      : remote pid: 5334
09-26 00:55:19.958  5336  5336 D su      : remote pts_slave: 
09-26 00:55:19.958  5336  5336 D su      : waiting for child exit
09-26 00:55:19.959  5338  5338 D su      : su invoked.
09-26 00:55:19.959  5338  5338 E su      : SU from: shell
09-26 00:55:19.960  5338  5338 D su      : Allowing shell.
09-26 00:55:19.960  5338  5338 D su      : 2000 /sbin/adbd executing 0 dmesg using binary /system/bin/sh : sh -c dmesg
09-26 00:55:19.961  5338  5338 D su      : Waiting for pid 5339.
09-26 00:55:20.018  5336  5336 D su      : sending code
09-26 00:55:20.018  5336  5336 D su      : child exited
09-26 00:55:20.018  5334  5334 D su      : client exited 0
09-26 00:55:20.035  4428  4428 I chatty  : uid=1000(system) com.cyanogenmod.setupwizard expire 208 lines
09-26 00:55:28.570  4428  4439 I chatty  : uid=1000(system) HeapTaskDaemon expire 3 lines
09-26 00:55:30.548  4552  5404 D NetworkSecurityConfig: No Network Security Config specified, using platform default
09-26 00:55:30.549  4552  5404 W System  : ClassLoader referenced unknown path: /system/framework/tcmclient.jar
09-26 00:55:30.612  4428  4428 I chatty  : uid=1000(system) com.cyanogenmod.setupwizard expire 328 lines
09-26 00:55:32.774  4552  5404 E StatsUploadJobService: Could not upload stats checkin to community server
09-26 00:55:32.774  4552  5404 E StatsUploadJobService: javax.net.ssl.SSLHandshakeException: SSL handshake aborted: ssl=0x7f82ad9000: I/O error during system call, Connection reset by peer
09-26 00:55:32.774  4552  5404 E StatsUploadJobService: 	at com.android.org.conscrypt.NativeCrypto.SSL_do_handshake(Native Method)
09-26 00:55:32.774  4552  5404 E StatsUploadJobService: 	at com.android.org.conscrypt.OpenSSLSocketImpl.startHandshake(OpenSSLSocketImpl.java:357)
09-26 00:55:32.774  4552  5404 E StatsUploadJobService: 	at com.android.okhttp.Connection.connectTls(Connection.java:235)
09-26 00:55:32.774  4552  5404 E StatsUploadJobService: 	at com.android.okhttp.Connection.connectSocket(Connection.java:199)
09-26 00:55:32.774  4552  5404 E StatsUploadJobService: 	at com.android.okhttp.Connection.connect(Connection.java:172)
09-26 00:55:32.774  4552  5404 E StatsUploadJobService: 	at com.android.okhttp.Connection.connectAndSetOwner(Connection.java:367)
09-26 00:55:32.774  4552  5404 E StatsUploadJobService: 	at com.android.okhttp.OkHttpClient$1.connectAndSetOwner(OkHttpClient.java:130)
09-26 00:55:32.774  4552  5404 E StatsUploadJobService: 	at com.android.okhttp.internal.http.HttpEngine.connect(HttpEngine.java:330)
09-26 00:55:32.774  4552  5404 E StatsUploadJobService: 	at com.android.okhttp.internal.http.HttpEngine.sendRequest(HttpEngine.java:247)
09-26 00:55:32.774  4552  5404 E StatsUploadJobService: 	at com.android.okhttp.internal.huc.HttpURLConnectionImpl.execute(HttpURLConnectionImpl.java:457)
09-26 00:55:32.774  4552  5404 E StatsUploadJobService: 	at com.android.okhttp.internal.huc.HttpURLConnectionImpl.connect(HttpURLConnectionImpl.java:126)
09-26 00:55:32.774  4552  5404 E StatsUploadJobService: 	at com.android.okhttp.internal.huc.HttpURLConnectionImpl.getOutputStream(HttpURLConnectionImpl.java:257)
09-26 00:55:32.774  4552  5404 E StatsUploadJobService: 	at com.android.okhttp.internal.huc.DelegatingHttpsURLConnection.getOutputStream(DelegatingHttpsURLConnection.java:218)
09-26 00:55:32.774  4552  5404 E StatsUploadJobService: 	at com.android.okhttp.internal.huc.HttpsURLConnectionImpl.getOutputStream(HttpsURLConnectionImpl.java)
09-26 00:55:32.774  4552  5404 E StatsUploadJobService: 	at org.cyanogenmod.cmparts.cmstats.StatsUploadJobService.uploadToCM(StatsUploadJobService.java:166)
09-26 00:55:32.774  4552  5404 E StatsUploadJobService: 	at org.cyanogenmod.cmparts.cmstats.StatsUploadJobService.-wrap0(StatsUploadJobService.java)
09-26 00:55:32.774  4552  5404 E StatsUploadJobService: 	at org.cyanogenmod.cmparts.cmstats.StatsUploadJobService$StatsUploadTask.doInBackground(StatsUploadJobService.java:122)
09-26 00:55:32.774  4552  5404 E StatsUploadJobService: 	at org.cyanogenmod.cmparts.cmstats.StatsUploadJobService$StatsUploadTask.doInBackground(StatsUploadJobService.java:102)
09-26 00:55:32.774  4552  5404 E StatsUploadJobService: 	at android.os.AsyncTask$2.call(AsyncTask.java:305)
09-26 00:55:32.774  4552  5404 E StatsUploadJobService: 	at java.util.concurrent.FutureTask.run(FutureTask.java:237)
09-26 00:55:32.774  4552  5404 E StatsUploadJobService: 	at android.os.AsyncTask$SerialExecutor$1.run(AsyncTask.java:243)
09-26 00:55:32.774  4552  5404 E StatsUploadJobService: 	at java.util.concurrent.ThreadPoolExecutor.runWorker(ThreadPoolExecutor.java:1133)
09-26 00:55:32.774  4552  5404 E StatsUploadJobService: 	at java.util.concurrent.ThreadPoolExecutor$Worker.run(ThreadPoolExecutor.java:607)
09-26 00:55:32.774  4552  5404 E StatsUploadJobService: 	at java.lang.Thread.run(Thread.java:761)
09-26 00:55:32.774  4552  5404 E StatsUploadJobService: 	Suppressed: javax.net.ssl.SSLHandshakeException: SSL handshake aborted: ssl=0x7f82ad9000: I/O error during system call, Connection reset by peer
09-26 00:55:32.774  4552  5404 E StatsUploadJobService: 		... 24 more
09-26 00:55:32.774  4552  5404 E StatsUploadJobService: 		Suppressed: javax.net.ssl.SSLHandshakeException: SSL handshake aborted: ssl=0x7f82ad9000: I/O error during system call, Connection reset by peer
09-26 00:55:32.774  4552  5404 E StatsUploadJobService: 			... 24 more
09-26 00:55:43.949  4428  4439 I chatty  : uid=1000(system) HeapTaskDaemon expire 2 lines
09-26 00:55:47.289  5507  5507 D su      : su invoked.
09-26 00:55:47.289  5507  5507 D su      : starting daemon client 2000 2000
09-26 00:55:47.292  5509  5509 D su      : remote pid: 5507
09-26 00:55:47.292  5509  5509 D su      : remote pts_slave: 
09-26 00:55:47.293  5509  5509 D su      : waiting for child exit
09-26 00:55:47.294  5511  5511 D su      : su invoked.
09-26 00:55:47.294  5511  5511 E su      : SU from: shell
09-26 00:55:47.294  5511  5511 D su      : Allowing shell.
09-26 00:55:47.295  5511  5511 D su      : 2000 /sbin/adbd executing 0 logcat using binary /system/bin/sh : sh -c logcat
09-26 00:55:47.295  5511  5511 D su      : Waiting for pid 5512.
09-26 00:55:47.307  4428  4428 I chatty  : uid=1000(system) com.cyanogenmod.setupwizard expire 352 lines
09-26 00:55:54.163  4428  4439 I chatty  : uid=1000(system) HeapTaskDaemon expire 3 lines
09-26 00:55:54.167  5506  5506 I /sbin/adbd: type=1400 audit(0.0:173): avc: denied { signal } for comm=7368656C6C20737276632035353035 scontext=u:r:adbd:s0 tcontext=u:r:su:s0 tclass=process permissive=1
09-26 00:55:54.167  5506  5506 W /sbin/adbd: type=1300 audit(0.0:173): arch=c00000b7 syscall=129 success=yes exit=0 a0=1581 a1=1 a2=80 a3=ffffffffffffffff items=0 ppid=1 auid=4294967295 uid=2000 gid=2000 euid=2000 suid=2000 fsuid=2000 egid=2000 sgid=2000 fsgid=2000 tty=(none) ses=4294967295 comm=7368656C6C20737276632035353035 exe="/sbin/adbd" subj=u:r:adbd:s0 key=(null)
09-26 00:55:54.167  3088  3088 W auditd  : type=1327 audit(0.0:173): proctitle=2F7362696E2F61646264002D2D726F6F745F7365636C6162656C3D753A723A73753A7330
09-26 00:55:54.167  3088  3088 W auditd  : type=1320 audit(0.0:173): 
09-26 00:55:54.173  5509  5509 D su      : sending code
09-26 00:55:54.173  5509  5509 D su      : child exited
09-26 00:55:54.173  5507  5507 D su      : client exited 0
09-26 00:56:05.313  4552  5629 E StatsUploadJobService: Could not upload stats checkin to community server
09-26 00:56:05.313  4552  5629 E StatsUploadJobService: javax.net.ssl.SSLHandshakeException: SSL handshake aborted: ssl=0x7f82ae0000: I/O error during system call, Connection reset by peer
09-26 00:56:05.313  4552  5629 E StatsUploadJobService: 	at com.android.org.conscrypt.NativeCrypto.SSL_do_handshake(Native Method)
09-26 00:56:05.313  4552  5629 E StatsUploadJobService: 	at com.android.org.conscrypt.OpenSSLSocketImpl.startHandshake(OpenSSLSocketImpl.java:357)
09-26 00:56:05.313  4552  5629 E StatsUploadJobService: 	at com.android.okhttp.Connection.connectTls(Connection.java:235)
09-26 00:56:05.313  4552  5629 E StatsUploadJobService: 	at com.android.okhttp.Connection.connectSocket(Connection.java:199)
09-26 00:56:05.313  4552  5629 E StatsUploadJobService: 	at com.android.okhttp.Connection.connect(Connection.java:172)
09-26 00:56:05.313  4552  5629 E StatsUploadJobService: 	at com.android.okhttp.Connection.connectAndSetOwner(Connection.java:367)
09-26 00:56:05.313  4552  5629 E StatsUploadJobService: 	at com.android.okhttp.OkHttpClient$1.connectAndSetOwner(OkHttpClient.java:130)
09-26 00:56:05.313  4552  5629 E StatsUploadJobService: 	at com.android.okhttp.internal.http.HttpEngine.connect(HttpEngine.java:330)
09-26 00:56:05.313  4552  5629 E StatsUploadJobService: 	at com.android.okhttp.internal.http.HttpEngine.sendRequest(HttpEngine.java:247)
09-26 00:56:05.313  4552  5629 E StatsUploadJobService: 	at com.android.okhttp.internal.huc.HttpURLConnectionImpl.execute(HttpURLConnectionImpl.java:457)
09-26 00:56:05.313  4552  5629 E StatsUploadJobService: 	at com.android.okhttp.internal.huc.HttpURLConnectionImpl.connect(HttpURLConnectionImpl.java:126)
09-26 00:56:05.313  4552  5629 E StatsUploadJobService: 	at com.android.okhttp.internal.huc.HttpURLConnectionImpl.getOutputStream(HttpURLConnectionImpl.java:257)
09-26 00:56:05.313  4552  5629 E StatsUploadJobService: 	at com.android.okhttp.internal.huc.DelegatingHttpsURLConnection.getOutputStream(DelegatingHttpsURLConnection.java:218)
09-26 00:56:05.313  4552  5629 E StatsUploadJobService: 	at com.android.okhttp.internal.huc.HttpsURLConnectionImpl.getOutputStream(HttpsURLConnectionImpl.java)
09-26 00:56:05.313  4552  5629 E StatsUploadJobService: 	at org.cyanogenmod.cmparts.cmstats.StatsUploadJobService.uploadToCM(StatsUploadJobService.java:166)
09-26 00:56:05.313  4552  5629 E StatsUploadJobService: 	at org.cyanogenmod.cmparts.cmstats.StatsUploadJobService.-wrap0(StatsUploadJobService.java)
09-26 00:56:05.313  4552  5629 E StatsUploadJobService: 	at org.cyanogenmod.cmparts.cmstats.StatsUploadJobService$StatsUploadTask.doInBackground(StatsUploadJobService.java:122)
09-26 00:56:05.313  4552  5629 E StatsUploadJobService: 	at org.cyanogenmod.cmparts.cmstats.StatsUploadJobService$StatsUploadTask.doInBackground(StatsUploadJobService.java:102)
09-26 00:56:05.313  4552  5629 E StatsUploadJobService: 	at android.os.AsyncTask$2.call(AsyncTask.java:305)
09-26 00:56:05.313  4552  5629 E StatsUploadJobService: 	at java.util.concurrent.FutureTask.run(FutureTask.java:237)
09-26 00:56:05.313  4552  5629 E StatsUploadJobService: 	at android.os.AsyncTask$SerialExecutor$1.run(AsyncTask.java:243)
09-26 00:56:05.313  4552  5629 E StatsUploadJobService: 	at java.util.concurrent.ThreadPoolExecutor.runWorker(ThreadPoolExecutor.java:1133)
09-26 00:56:05.313  4552  5629 E StatsUploadJobService: 	at java.util.concurrent.ThreadPoolExecutor$Worker.run(ThreadPoolExecutor.java:607)
09-26 00:56:05.313  4552  5629 E StatsUploadJobService: 	at java.lang.Thread.run(Thread.java:761)
09-26 00:56:05.313  4552  5629 E StatsUploadJobService: 	Suppressed: javax.net.ssl.SSLHandshakeException: SSL handshake aborted: ssl=0x7f82ae0000: I/O error during system call, Connection reset by peer
09-26 00:56:05.313  4552  5629 E StatsUploadJobService: 		... 24 more
09-26 00:56:05.313  4552  5629 E StatsUploadJobService: 		Suppressed: javax.net.ssl.SSLHandshakeException: SSL handshake aborted: ssl=0x7f82ae0000: I/O error during system call, Connection reset by peer
09-26 00:56:05.313  4552  5629 E StatsUploadJobService: 			... 24 more
09-26 00:56:05.334  4428  4428 I chatty  : uid=1000(system) com.cyanogenmod.setupwizard expire 214 lines
09-26 00:56:07.191  3565  3593 I PowerManagerService: Going to sleep due to screen timeout (uid 1000)...
09-26 00:56:07.193  3565  3593 I DreamManagerService: Entering dreamland.
09-26 00:56:07.194  3565  3593 I PowerManagerService: Dozing...
09-26 00:56:07.194  3565  3589 I DreamController: Starting dream: name=ComponentInfo{com.android.systemui/com.android.systemui.doze.DozeService}, isTest=false, canDoze=true, userId=0
09-26 00:56:07.240  3565  3584 I VrManagerService: VR mode is disallowed
09-26 00:56:07.255  3565  3593 I Sensors : Acc old sensor_state 1, new sensor_state : 0 en : 0
09-26 00:56:07.258  3565  3593 V KeyguardServiceDelegate: onScreenTurnedOff()
09-26 00:56:07.259  3565  3591 I DisplayManagerService: Display device changed state: "Pantalla integrada", OFF
09-26 00:56:07.259  3174  3174 D SurfaceFlinger: Set power mode=0, type=0 flinger=0x7f96648000
09-26 00:56:07.261  3565  3591 W LocalDisplayAdapter: Unable to find color mode 0, ignoring request.
09-26 00:56:07.390  3565  3690 D SurfaceControl: Excessive delay in setPowerMode(): 131ms
09-26 00:56:07.397  4884  4919 D audio_hw_primary_abox: device-adev_set_parameters: enter with key(screen_state=on)
09-26 00:56:07.397  4884  4919 D audio_hw_primary_abox: device-adev_set_parameters: exit
09-26 00:56:07.417  4358  5659 D NfcService: Discovery configuration equal, not updating.
09-26 00:56:07.431  4884  4920 D audio_hw_primary_abox: device-adev_set_parameters: enter with key(screen_state=off)
09-26 00:56:07.431  4884  4920 D audio_hw_primary_abox: device-adev_set_parameters: exit
09-26 00:56:07.464  4358  5661 D BrcmNfcJni: nfcManager_disableDiscovery: enter;
09-26 00:56:07.464  4358  5661 D BrcmNfcJni: pn544InteropAbortNow
09-26 00:56:07.464  4358  5661 D BrcmNfcJni: startRfDiscovery: is start=0
09-26 00:56:07.464  4358  5661 I BrcmNfcNfa: NFA_StopRfDiscovery ()
09-26 00:56:07.464  4358  4481 I BrcmNfcNfa: NFA got event 0x010F
09-26 00:56:07.464  4358  4481 I BrcmNfcNfa: nfa_dm_evt_hdlr event: NFA_DM_API_STOP_RF_DISCOVERY_EVT (0x0f)
09-26 00:56:07.464  4358  4481 I BrcmNfcNfa: nfa_dm_act_stop_rf_discovery ()
09-26 00:56:07.465  4358  4481 I BrcmNfcNfa: nfa_dm_rf_deactivate () deactivate_type:0x0
09-26 00:56:07.465  4358  4481 I BrcmNfcNfa: nfa_dm_disc_sm_execute (): state: DISCOVERY (1), event: DEACTIVATE_CMD(6) disc_flags: 0x2
09-26 00:56:07.465  4358  4481 I BrcmNfcNfa: NFC_Deactivate 4 (IDLE) deactivate_type:0
09-26 00:56:07.465  4358  4481 D NfcAdaptation: NfcAdaptation::HalWrite
09-26 00:56:07.465  4358  4481 I SecHAL  : nfc_hal_write: enter;
09-26 00:56:07.465  4358  4481 I SecHAL  : nfc_hal_write: exit;
09-26 00:56:07.465  4358  4536 D SecHAL  : nfc_hal_task: Got a event: HAL_EVT_WRITE(3)
09-26 00:56:07.465  4358  4481 I BrcmNfcNfa: nfa_dm_disc_sm_execute (): new state: DISCOVERY (1), disc_flags: 0x22
09-26 00:56:07.465  4358  4536 D SecHAL  : nfc_hal_task: current state: SERVICE
09-26 00:56:07.465  4358  4481 I BrcmNfcNfa: nfa_sys_ptim_stop_timer 831d3010
09-26 00:56:07.465  4358  4481 I BrcmNfcNfa: ptim timer stop
09-26 00:56:07.465  4358  4481 I BrcmNfcNfa: Stopped presence check timer (if started)
09-26 00:56:07.465  4358  4536 I SecHAL  : device_wakeup: Wakeup! in 80 ms
09-26 00:56:07.545  4358  4536 I SecHAL  : device_wakeup: exit
09-26 00:56:07.545  4358  4536 I SecHAL  : OSI_timer_start: enter,osi_lock
09-26 00:56:07.545  4358  4536 I SecHAL  : OSI_timer_start: before pthread_create for timer thread
09-26 00:56:07.545  4358  4536 I SecHAL  : OSI_timer_start: after pthread_create for timer thread
09-26 00:56:07.545  4358  4536 I SecHAL  : OSI_timer_start: before osi_unlock
09-26 00:56:07.545  4358  4536 I SecHAL  : OSI_timer_start: exit
09-26 00:56:07.545  4358  4536 I SecHAL  : device_write: enter
09-26 00:56:07.545  4358  4536 I SecHAL  : device_write: before system call
09-26 00:56:07.546  4358  4536 I SecHAL  : device_write: after system call
09-26 00:56:07.546  4358  4536 D SecHAL  : data_trace:  Send(  4) 21 06 01   00 
09-26 00:56:07.546  4358  4536 I SecHAL  : device_write: exit
09-26 00:56:07.550  4358  4535 D SecHAL  : read_thread: Sent message to HAL message task, remind que: 2
09-26 00:56:07.550  4358  4536 D SecHAL  : nfc_hal_task: Got a event: HAL_EVT_READ(4)
09-26 00:56:07.550  4358  4536 D SecHAL  : nfc_hal_task: current state: SERVICE
09-26 00:56:07.550  4358  4536 D SecHAL  : data_trace:  Recv(  4) 41 06 01   00 
09-26 00:56:07.550  4358  4536 I SecHAL  : OSI_timer_start: enter,osi_lock
09-26 00:56:07.550  4358  4536 I SecHAL  : OSI_timer_start: before osi_unlock
09-26 00:56:07.550  4358  4536 I SecHAL  : OSI_timer_start: exit
09-26 00:56:07.550  4358  4536 I SecHAL  : nfc_data_callback: !
09-26 00:56:07.550  4358  4536 D NfcAdaptation: NfcAdaptation::HalDeviceContextDataCallback: len=4
09-26 00:56:07.550  4358  4481 I BrcmNfcNfa: NFC received rsp gid:1
09-26 00:56:07.550  4358  4481 I BrcmNfcNfa: p2p priority is running under bail out mode ONLY.
09-26 00:56:07.550  4358  4481 I BrcmNfcNfa: nfc_set_state 4 (IDLE)->4 (IDLE)
09-26 00:56:07.550  4358  4481 I BrcmNfcNfa: nfa_dm_disc_data_cback ()
09-26 00:56:07.550  4358  4481 I BrcmNfcNfa: nfa_dm_disc_discovery_cback (): event:0x4005
09-26 00:56:07.550  4358  4481 I BrcmNfcNfa: nfa_dm_disc_sm_execute (): state: DISCOVERY (1), event: DEACTIVATE_RSP(7) disc_flags: 0x22
09-26 00:56:07.550  4358  4481 I BrcmNfcNfa: nfa_dm_disc_new_state (): old_state: DISCOVERY (1), new_state: IDLE (0) disc_flags: 0x2
09-26 00:56:07.550  4358  4481 D BrcmNfcJni: nfaConnectionCallback: event= 31
09-26 00:56:07.550  4358  4481 D BrcmNfcJni: nfaConnectionCallback: NFA_RF_DISCOVERY_STOPPED_EVT: status = 0
09-26 00:56:07.550  4358  4481 I BrcmNfcNfa: nfa_dm_start_rf_discover ()
09-26 00:56:07.550  4358  4481 I BrcmNfcNfa: nfa_dm_disc_sm_execute (): new state: IDLE (0), disc_flags: 0x0
09-26 00:56:07.550  4358  5661 D BrcmNfcJni: stopPolling_rfDiscoveryDisabled: disable polling
09-26 00:56:07.551  4358  5661 I BrcmNfcNfa: NFA_DisablePolling ()
09-26 00:56:07.551  4358  4481 I BrcmNfcNfa: NFA got event 0x0107
09-26 00:56:07.551  4358  4481 I BrcmNfcNfa: nfa_dm_evt_hdlr event: NFA_DM_API_DISABLE_POLLING_EVT (0x07)
09-26 00:56:07.551  4358  4481 I BrcmNfcNfa: nfa_dm_act_disable_polling ()
09-26 00:56:07.551  4358  4481 I BrcmNfcNfa: nfa_dm_deactivate_polling ()
09-26 00:56:07.551  4358  4481 I BrcmNfcNfa: nfa_dm_delete_rf_discover () handle=0x1
09-26 00:56:07.551  4358  4481 D BrcmNfcJni: nfaConnectionCallback: event= 1
09-26 00:56:07.551  4358  4481 D BrcmNfcJni: nfaConnectionCallback: NFA_POLL_DISABLED_EVT: status = 0
09-26 00:56:07.551  4358  5661 D BrcmNfcJni: PeerToPeer::enableP2pListening: enter isEnable: 0  mIsP2pListening: 1
09-26 00:56:07.551  4358  5661 I BrcmNfcNfa: NFA_P2pSetListenTech (): tech_mask:0x0
09-26 00:56:07.551  4358  4481 I BrcmNfcNfa: NFA got event 0x010D
09-26 00:56:07.551  4358  4481 I BrcmNfcNfa: nfa_dm_evt_hdlr event: NFA_DM_API_SET_P2P_LISTEN_TECH_EVT (0x0d)
09-26 00:56:07.551  4358  4481 I BrcmNfcNfa: nfa_dm_set_p2p_listen_tech ()  tech_mask = 0
09-26 00:56:07.551  4358  4481 I BrcmNfcNfa: nfa_p2p_update_listen_tech ()  tech_mask = 0x0
09-26 00:56:07.551  4358  4481 I BrcmNfcNfa: nfa_dm_delete_rf_discover () handle=0x2
09-26 00:56:07.551  4358  4481 I BrcmNfcNfa: nfa_p2p_enable_listening () sys_id = 3, update_wks = 0
09-26 00:56:07.551  4358  4481 D BrcmNfcJni: nfaConnectionCallback: event= 33
09-26 00:56:07.551  4358  4481 D BrcmNfcJni: nfaConnectionCallback: NFA_SET_P2P_LISTEN_TECH_EVT
09-26 00:56:07.551  4358  5661 D BrcmNfcJni: PeerToPeer::enableP2pListening: exit; mIsP2pListening: 0
09-26 00:56:07.551  4358  5661 D BrcmNfcJni: PowerSwitch::setModeOff(deactivated=0x1) : mCurrActivity=0x0
09-26 00:56:07.551  4358  5661 D BrcmNfcJni: PowerSwitch::setLevel: level=PS-LOW-POWER (2)
09-26 00:56:07.551  4358  5661 D BrcmNfcJni: PowerSwitch::setLevel: actual power level=PS-FULL
09-26 00:56:07.551  4358  5661 D BrcmNfcJni: nfcManager_disableDiscovery: exit
09-26 00:56:07.591  3565  3585 I WindowManager: OverscanTimeout run
09-26 00:56:07.798  3565  3841 D SntpClient: request time failed: java.net.SocketTimeoutException: Receive timed out
09-26 00:56:08.770  4358  5664 I SecHAL  : device_sleep: NFC can be going to sleep
09-26 00:56:09.544  4428  4439 I chatty  : uid=1000(system) HeapTaskDaemon expire 2 lines
09-26 00:56:12.218  3565  4397 I ActivityManager: Setting hasTopUi=true for pid=3717
09-26 00:56:12.264  3717  3717 D PhoneStatusBar: disable: < expand ICONS* ALERTS SYSTEM_INFO* back home recent clock SEARCH quick_settings >
09-26 00:56:12.332  3717  3895 D mali_winsys: EGLint new_window_surface(egl_winsys_display*, void*, EGLSurface, EGLConfig, egl_winsys_surface**, egl_color_buffer_format*, EGLBoolean) returns 0x3000,  [1440x2960]-format:1
09-26 00:56:12.335  3717  3717 W View    : requestLayout() improperly called by com.android.systemui.statusbar.ExpandableNotificationRow{d4a84b2 VFE...C.. ......ID 0,0-1440,321} during layout: running second layout pass
09-26 00:56:12.335  3717  3717 W View    : requestLayout() improperly called by com.android.systemui.statusbar.ExpandableNotificationRow{fe431c9 VFE...C.. ......ID 0,0-1440,517} during layout: running second layout pass
09-26 00:56:12.361  3717  3717 D PhoneStatusBar: disable: < expand ICONS ALERTS SYSTEM_INFO back HOME* RECENT* clock SEARCH quick_settings >
09-26 00:56:12.365  3565  4396 W LocalDisplayAdapter: Unable to find color mode 0, ignoring request.
09-26 00:56:12.389  3565  3591 W LocalDisplayAdapter: Unable to find color mode 0, ignoring request.
09-26 00:56:16.254  3565  3634 I PowerManagerService: Waking up from dozing (uid 1000)...
09-26 00:56:16.254  3565  3565 V KeyguardServiceDelegate: onStartedWakingUp()
09-26 00:56:16.255  3565  3593 I DisplayPowerController: Blocking screen on until initial contents have been drawn.
09-26 00:56:16.255  3565  3593 V KeyguardServiceDelegate: onScreenTurnedOn(showListener = com.android.server.policy.PhoneWindowManager$2@1b2d426)
09-26 00:56:16.258  4884  4884 D audio_hw_primary_abox: device-adev_set_parameters: enter with key(screen_state=on)
09-26 00:56:16.258  4884  4884 D audio_hw_primary_abox: device-adev_set_parameters: exit
09-26 00:56:16.262  3565  4074 D Sensors : M requested delay = 20000000, modified delay = 0
09-26 00:56:16.262  3565  4074 I Sensors : Proximity old sensor_state 0, new sensor_state : 128 en : 1
09-26 00:56:16.270  3565  3732 V KeyguardServiceDelegate: **** SHOWN CALLED ****
09-26 00:56:16.307  3565  3634 D PowerManagerService-JNI: Excessive delay in setInteractive(true) while turning screen on: 53ms
09-26 00:56:16.308  3565  3591 I DisplayManagerService: Display device changed state: "Pantalla integrada", ON
09-26 00:56:16.309  3174  3174 D SurfaceFlinger: Set power mode=2, type=0 flinger=0x7f96648000
09-26 00:56:16.309  3565  3591 W LocalDisplayAdapter: Unable to find color mode 0, ignoring request.
09-26 00:56:16.318  4358  5716 D BrcmNfcJni: nfcManager_enableDiscovery: enter; tech_mask = 01
09-26 00:56:16.318  4358  5716 D BrcmNfcJni: PowerSwitch::setLevel: level=PS-FULL (1)
09-26 00:56:16.318  4358  5716 D BrcmNfcJni: stopPolling_rfDiscoveryDisabled: disable polling
09-26 00:56:16.318  4358  5716 I BrcmNfcNfa: NFA_DisablePolling ()
09-26 00:56:16.318  4358  4481 I BrcmNfcNfa: NFA got event 0x0107
09-26 00:56:16.318  4358  4481 I BrcmNfcNfa: nfa_dm_evt_hdlr event: NFA_DM_API_DISABLE_POLLING_EVT (0x07)
09-26 00:56:16.318  4358  4481 I BrcmNfcNfa: nfa_dm_act_disable_polling ()
09-26 00:56:16.318  4358  4481 D BrcmNfcJni: nfaConnectionCallback: event= 1
09-26 00:56:16.318  4358  4481 D BrcmNfcJni: nfaConnectionCallback: NFA_POLL_DISABLED_EVT: status = 3
09-26 00:56:16.318  4358  5716 D BrcmNfcJni: startPolling_rfDiscoveryDisabled: enable polling
09-26 00:56:16.318  4358  5716 I BrcmNfcNfa: NFA_EnablePolling () 0x1
09-26 00:56:16.318  4358  5716 D BrcmNfcJni: startPolling_rfDiscoveryDisabled: wait for enable event
09-26 00:56:16.318  4358  4481 I BrcmNfcNfa: NFA got event 0x0106
09-26 00:56:16.318  4358  4481 I BrcmNfcNfa: nfa_dm_evt_hdlr event: NFA_DM_API_ENABLE_POLLING_EVT (0x06)
09-26 00:56:16.319  4358  4481 I BrcmNfcNfa: nfa_dm_act_enable_polling ()
09-26 00:56:16.319  4358  4481 I BrcmNfcNfa: nfa_dm_start_polling ()
09-26 00:56:16.319  4358  4481 I BrcmNfcNfa: nfa_dm_add_rf_discover () disc_mask=0x200f
09-26 00:56:16.319  4358  4481 D BrcmNfcJni: nfaConnectionCallback: event= 0
09-26 00:56:16.319  4358  4481 D BrcmNfcJni: nfaConnectionCallback: NFA_POLL_ENABLED_EVT: status = 0
09-26 00:56:16.319  4358  5716 D BrcmNfcJni: nfcManager_enableDiscovery: Enable p2pListening
09-26 00:56:16.319  4358  5716 I BrcmNfcNfa: NFA_EeSetDefaultTechRouting(): handle:<0x3>technology_mask:<0x1>/<0x0>/<0x0>
09-26 00:56:16.319  4358  5716 I BrcmNfcNfa: nfa_ee_find_ecb ()
09-26 00:56:16.319  4358  5716 E BrcmNfcNfa: Bad ee_handle
09-26 00:56:16.319  4358  5716 E BrcmNfcJni: Fail to set default tech routing for Nfc-A
09-26 00:56:16.319  4358  5716 I BrcmNfcNfa: NFA_EeSetDefaultProtoRouting(): handle:<0x3>protocol_mask:<0x8>/<0x0>/<0x0>
09-26 00:56:16.319  4358  5716 I BrcmNfcNfa: nfa_ee_find_ecb ()
09-26 00:56:16.319  4358  5716 E BrcmNfcNfa: Bad ee_handle
09-26 00:56:16.319  4358  5716 E BrcmNfcJni: Fail to set default proto routing for IsoDep
09-26 00:56:16.319  4358  5716 I BrcmNfcNfa: NFA_EeSetDefaultTechRouting(): handle:<0x0>technology_mask:<0x4>/<0x0>/<0x0>
09-26 00:56:16.319  4358  5716 I BrcmNfcNfa: nfa_ee_find_ecb ()
09-26 00:56:16.319  4428  4428 I chatty  : uid=1000(system) com.cyanogenmod.setupwizard expire 67 lines
09-26 00:56:16.319  4358  4481 I BrcmNfcNfa: NFA got event 0x0204
09-26 00:56:16.319  4358  4481 I BrcmNfcNfa: nfa_ee_evt_hdlr (): Event API_SET_TECH_CFG(0x204), State: INIT_DONE(1)
09-26 00:56:16.319  4358  4481 D BrcmNfcJni: RoutingManager::nfaEeCallback: NFA_EE_SET_TECH_CFG_EVT; status=0x0
09-26 00:56:16.320  4358  5716 I BrcmNfcNfa: NFA_EeSetDefaultProtoRouting(): handle:<0x0>protocol_mask:<0x4>/<0x0>/<0x0>
09-26 00:56:16.320  4358  5716 I BrcmNfcNfa: nfa_ee_find_ecb ()
09-26 00:56:16.320  4358  4481 I BrcmNfcNfa: NFA got event 0x0205
09-26 00:56:16.320  4358  4481 I BrcmNfcNfa: nfa_ee_evt_hdlr (): Event API_SET_PROTO_CFG(0x205), State: INIT_DONE(1)
09-26 00:56:16.320  4358  4481 D BrcmNfcJni: RoutingManager::nfaEeCallback: NFA_EE_SET_PROTO_CFG_EVT; status=0x0
09-26 00:56:16.320  4358  5716 D BrcmNfcJni: RoutingManager::commitRouting
09-26 00:56:16.320  4358  5716 I BrcmNfcNfa: NFA_EeUpdateNow()
09-26 00:56:16.320  4358  4481 I BrcmNfcNfa: NFA got event 0x0209
09-26 00:56:16.320  4358  4481 I BrcmNfcNfa: nfa_ee_evt_hdlr (): Event API_UPDATE_NOW(0x209), State: INIT_DONE(1)
09-26 00:56:16.320  4358  4481 I BrcmNfcNfa: nfa_sys_ptim_stop_timer 831d1b80
09-26 00:56:16.320  4358  4481 I BrcmNfcNfa: ptim timer stop
09-26 00:56:16.320  4358  4481 I BrcmNfcNfa: nfa_ee_rout_timeout()
09-26 00:56:16.320  4358  4481 I BrcmNfcNfa: nfa_ee_need_recfg() ee_cfged: 0x90 ee_cfg_sts: 0x10
09-26 00:56:16.320  4358  4481 I BrcmNfcNfa: 0: ecb_flags  : 0x00, mask: 0x10
09-26 00:56:16.320  4358  4481 I BrcmNfcNfa: 1: ecb_flags  : 0x00, mask: 0x01
09-26 00:56:16.320  4358  4481 I BrcmNfcNfa: 2: ecb_flags  : 0x00, mask: 0x02
09-26 00:56:16.320  4358  4481 I BrcmNfcNfa: nfa_ee_report_update_evt ee_wait_evt:0x10 wait_rsp:0
09-26 00:56:16.320  4358  4481 D BrcmNfcJni: RoutingManager::nfaEeCallback: NFA_EE_UPDATED_EVT
09-26 00:56:16.321  4358  5716 D BrcmNfcJni: startRfDiscovery: is start=1
09-26 00:56:16.321  4358  5716 I BrcmNfcNfa: NFA_StartRfDiscovery ()
09-26 00:56:16.321  4358  4481 I BrcmNfcNfa: NFA got event 0x010E
09-26 00:56:16.321  4358  4481 I BrcmNfcNfa: nfa_dm_evt_hdlr event: NFA_DM_API_START_RF_DISCOVERY_EVT (0x0e)
09-26 00:56:16.321  4358  4481 I BrcmNfcNfa: nfa_dm_act_start_rf_discovery ()
09-26 00:56:16.321  4358  4481 I BrcmNfcNfa: nfa_dm_start_rf_discover ()
09-26 00:56:16.321  4358  4481 I BrcmNfcNfa: nfa_ee_get_tech_route(): 1
09-26 00:56:16.321  4358  4481 I BrcmNfcNfa: 0x0, 0x0, 0x0, 0x0
09-26 00:56:16.321  4358  4481 I BrcmNfcNfa: nfa_dm_cb.disc_cb.entry[0].selected_disc_mask = 0x40000
09-26 00:56:16.321  4358  4481 I BrcmNfcNfa: nfa_dm_cb.disc_cb.entry[1].selected_disc_mask = 0x200f
09-26 00:56:16.321  4358  4481 I BrcmNfcNfa: nfa_p2p_set_config ()
09-26 00:56:16.321  4358  4481 I BrcmNfcNfa: LLCP_GetDiscoveryConfig ()
09-26 00:56:16.321  4358  4481 I BrcmNfcNfa: nfa_dm_check_set_config ()
09-26 00:56:16.321  4358  4481 I BrcmNfcNfa: dm_disc_mask = 0x4200f
09-26 00:56:16.321  4358  4481 I BrcmNfcNfa: nfa_dm_set_rf_listen_mode_config () tech_proto_mask = 0x0004200F
09-26 00:56:16.321  4358  4481 I BrcmNfcNfa: nfa_dm_check_set_config ()
09-26 00:56:16.321  4358  4481 D NfcAdaptation: NfcAdaptation::HalWrite
09-26 00:56:16.321  4358  4481 I SecHAL  : nfc_hal_write: enter;
09-26 00:56:16.321  4358  4481 I SecHAL  : nfc_hal_write: exit;
09-26 00:56:16.321  4358  4536 D SecHAL  : nfc_hal_task: Got a event: HAL_EVT_WRITE(3)
09-26 00:56:16.321  4358  4481 I BrcmNfcNfa: nfa_dm_set_total_duration ()
09-26 00:56:16.321  4358  4536 D SecHAL  : nfc_hal_task: current state: SERVICE
09-26 00:56:16.321  4358  4481 I BrcmNfcNfa: nfa_dm_check_set_config ()
09-26 00:56:16.321  4358  4481 I BrcmNfcNfa: NFC_DiscoveryStart
09-26 00:56:16.321  4358  4536 I SecHAL  : device_wakeup: Wakeup! in 80 ms
09-26 00:56:16.321  4358  4481 I BrcmNfcNfa: NFC_DiscoveryStart status: 0xe3
09-26 00:56:16.323  3565  3613 I Sensors : ProximitySensor - 8(cm)
09-26 00:56:16.323  3565  3613 I Sensors : ProximitySensor TS_H - 27, RES - 115964116992
09-26 00:56:16.323  3565  3613 I Sensors : ProximitySensor TS_L - -339488228, RES - 119919596060
09-26 00:56:16.323  3565  3613 I Sensors : ProximitySensor Sync
09-26 00:56:16.356  3565  3585 I Sensors : Acc old sensor_state 128, new sensor_state : 129 en : 1
09-26 00:56:16.356  3565  3634 I WindowManager: Suppressed redundant power key press while already in the process of turning the screen on.
09-26 00:56:16.358  3565  3593 I DisplayPowerController: Unblocked screen on after 104 ms
09-26 00:56:16.358  3565  3593 V KeyguardServiceDelegate: onScreenTurnedOn()
09-26 00:56:16.358  3565  3593 I DreamManagerService: Gently waking up from dream.
09-26 00:56:16.359  3565  3576 I DreamManagerService: Leaving dreamland.
09-26 00:56:16.360  3565  3589 I DreamController: Stopping dream: name=ComponentInfo{com.android.systemui/com.android.systemui.doze.DozeService}, isTest=false, canDoze=true, userId=0
09-26 00:56:16.401  4358  4536 I SecHAL  : device_wakeup: exit
09-26 00:56:16.401  4358  4536 I SecHAL  : OSI_timer_start: enter,osi_lock
09-26 00:56:16.401  4358  4536 I SecHAL  : OSI_timer_start: before pthread_create for timer thread
09-26 00:56:16.401  4358  4536 I SecHAL  : OSI_timer_start: after pthread_create for timer thread
09-26 00:56:16.401  4358  4536 I SecHAL  : OSI_timer_start: before osi_unlock
09-26 00:56:16.401  4358  4536 I SecHAL  : OSI_timer_start: exit
09-26 00:56:16.401  4358  4536 I SecHAL  : device_write: enter
09-26 00:56:16.401  4358  4536 I SecHAL  : device_write: before system call
09-26 00:56:16.402  4358  4536 I SecHAL  : device_write: after system call
09-26 00:56:16.402  4358  4536 D SecHAL  : data_trace:  Send(  7) 20 02 04   01 50 01 00 
09-26 00:56:16.402  4358  4536 I SecHAL  : device_write: exit
09-26 00:56:16.402  4358  4535 D SecHAL  : read_thread: Sent message to HAL message task, remind que: 2
09-26 00:56:16.402  4358  4536 D SecHAL  : nfc_hal_task: Got a event: HAL_EVT_READ(4)
09-26 00:56:16.402  4358  4536 D SecHAL  : nfc_hal_task: current state: SERVICE
09-26 00:56:16.402  4358  4536 D SecHAL  : data_trace:  Recv(  5) 40 02 02   00 00 
09-26 00:56:16.402  4358  4536 I SecHAL  : OSI_timer_start: enter,osi_lock
09-26 00:56:16.402  4358  4536 I SecHAL  : OSI_timer_start: before osi_unlock
09-26 00:56:16.402  4358  4536 I SecHAL  : OSI_timer_start: exit
09-26 00:56:16.402  4358  4536 I SecHAL  : nfc_data_callback: !
09-26 00:56:16.402  4358  4536 D NfcAdaptation: NfcAdaptation::HalDeviceContextDataCallback: len=5
09-26 00:56:16.402  4358  4481 I BrcmNfcNfa: NFC received rsp gid:0
09-26 00:56:16.402  4358  4481 I BrcmNfcNfa: nci_proc_core_rsp opcode:0x2
09-26 00:56:16.402  4358  4481 I BrcmNfcNfa: nfa_dm_nfc_response_cback () NFC_SET_CONFIG_REVT(0x5002)
09-26 00:56:16.402  4358  4481 D NfcAdaptation: NfcAdaptation::HalPrediscover
09-26 00:56:16.402  4358  4481 I SecHAL  : nfc_hal_pre_discover: enter;
09-26 00:56:16.402  4358  4481 I SecHAL  : nfc_hal_pre_discover: exit;
09-26 00:56:16.402  4358  4536 D SecHAL  : nfc_hal_task: Got a event: Uknown event.(2)
09-26 00:56:16.402  4358  4481 D NfcAdaptation: NfcAdaptation::HalWrite
09-26 00:56:16.403  4358  4481 I SecHAL  : nfc_hal_write: enter;
09-26 00:56:16.403  4358  4536 D SecHAL  : nfc_hal_task: current state: SERVICE
09-26 00:56:16.403  4358  4481 I SecHAL  : nfc_hal_write: exit;
09-26 00:56:16.403  4358  4536 D SecHAL  : nfc_hal_task: Got a event: HAL_EVT_WRITE(3)
09-26 00:56:16.403  4358  4536 D SecHAL  : nfc_hal_task: current state: SERVICE
09-26 00:56:16.403  4358  4536 I SecHAL  : OSI_timer_start: enter,osi_lock
09-26 00:56:16.403  4358  4536 I SecHAL  : OSI_timer_start: before osi_unlock
09-26 00:56:16.403  4358  4536 I SecHAL  : OSI_timer_start: exit
09-26 00:56:16.403  4358  4536 I SecHAL  : device_write: enter
09-26 00:56:16.403  4358  4536 I SecHAL  : device_write: before system call
09-26 00:56:16.403  4358  4536 I SecHAL  : device_write: after system call
09-26 00:56:16.403  4358  4536 D SecHAL  : data_trace:  Send(  8) 21 03 05   02 00 01 80 01 
09-26 00:56:16.403  4358  4536 I SecHAL  : device_write: exit
09-26 00:56:16.411  4358  4535 D SecHAL  : read_thread: Sent message to HAL message task, remind que: 2
09-26 00:56:16.411  4358  4536 D SecHAL  : nfc_hal_task: Got a event: HAL_EVT_READ(4)
09-26 00:56:16.411  4358  4536 D SecHAL  : nfc_hal_task: current state: SERVICE
09-26 00:56:16.411  4358  4536 D SecHAL  : data_trace:  Recv(  4) 41 03 01   00 
09-26 00:56:16.411  4358  4536 I SecHAL  : OSI_timer_start: enter,osi_lock
09-26 00:56:16.411  4358  4536 I SecHAL  : OSI_timer_start: before osi_unlock
09-26 00:56:16.411  4358  4536 I SecHAL  : OSI_timer_start: exit
09-26 00:56:16.411  4358  4536 I SecHAL  : nfc_data_callback: !
09-26 00:56:16.412  4358  4536 D NfcAdaptation: NfcAdaptation::HalDeviceContextDataCallback: len=4
09-26 00:56:16.412  4358  4481 I BrcmNfcNfa: NFC received rsp gid:1
09-26 00:56:16.412  4358  4481 I BrcmNfcNfa: p2p priority is running under bail out mode ONLY.
09-26 00:56:16.412  4358  4481 I BrcmNfcNfa: nfa_dm_disc_discovery_cback (): event:0x4000
09-26 00:56:16.412  4358  4481 I BrcmNfcNfa: nfa_dm_disc_sm_execute (): state: IDLE (0), event: DISCOVER_RSP(1) disc_flags: 0x31
09-26 00:56:16.412  4358  4481 I BrcmNfcNfa: nfa_dm_disc_new_state (): old_state: IDLE (0), new_state: DISCOVERY (1) disc_flags: 0x11
09-26 00:56:16.412  4358  4481 I BrcmNfcNfa: nfa_dm_poll_disc_cback (): event:0x00
09-26 00:56:16.412  4358  4481 D BrcmNfcJni: nfaConnectionCallback: event= 30
09-26 00:56:16.412  4358  4481 D BrcmNfcJni: nfaConnectionCallback: NFA_RF_DISCOVERY_STARTED_EVT: status = 0
09-26 00:56:16.412  4358  4481 I BrcmNfcNfa: nfa_dm_disc_sm_execute (): new state: DISCOVERY (1), disc_flags: 0x1
09-26 00:56:16.412  4358  5716 D BrcmNfcJni: PowerSwitch::setModeOn(activated=0x1) : mCurrActivity=0x1
09-26 00:56:16.412  4358  5716 D BrcmNfcJni: nfcManager_enableDiscovery: exit
09-26 00:56:17.570  4358  5728 I SecHAL  : device_sleep: NFC can be going to sleep
09-26 00:56:17.647  3717  3717 D PhoneStatusBar: disable: < expand ICONS ALERTS SYSTEM_INFO back HOME RECENT clock SEARCH quick_settings >
09-26 00:56:17.658  3565  3584 I VrManagerService: VR mode is allowed
09-26 00:56:17.664  4884  4884 W AudioPolicyIntefaceImpl: Skipped to add effects on session 9
09-26 00:56:17.664  4884  4884 I APM_AudioPolicyManager: startOutput() output 21, stream 1, session 9
09-26 00:56:17.665  4884  4916 D audio_hw_primary_abox: fast_out-set_audio_route: [PLAYBACK] current-device(none) new-device(speaker) in cur-mode(none) & new-mode(normal)!
09-26 00:56:17.665  4884  4916 I audio_hw_primary_abox: is_voice_wakeup : ret =  0  , wakeup_baby_cry_enabled = 0  ,  wakeup_mic_enabled = 0 
09-26 00:56:17.665  4884  4916 I audio_route: > audio_route_apply_path : "media-speaker"
09-26 00:56:17.667  3717  3717 D PhoneStatusBar: disable: < expand icons* ALERTS system_info* back HOME RECENT clock SEARCH quick_settings >
09-26 00:56:17.668  4884  4916 I audio_route: > audio_route_update_path + : "media-speaker" reverse(0)
09-26 00:56:17.668  4884  4916 I audio_route: > audio_route_update_path - : changed(0)
09-26 00:56:17.668  4884  4916 D audio_hw_primary_abox: fast_out-do_set_route: Enabled Audio Route(media-speaker)
09-26 00:56:17.668  4884  4916 I audio_route: > audio_route_apply_path : "gain-media-speaker"
09-26 00:56:17.668  4884  4916 I audio_route: > audio_route_update_path + : "gain-media-speaker" reverse(0)
09-26 00:56:17.668  4884  4916 I audio_route: > audio_route_update_path - : changed(0)
09-26 00:56:17.669  4884  4916 D audio_hw_primary_abox: fast_out-do_set_route: Enabled Audio Gain(gain-media-speaker)
09-26 00:56:17.669  3565  3876 I Sensors : Proximity old sensor_state 129, new sensor_state : 1 en : 0
09-26 00:56:17.670  4884  4916 I audio_hw_primary_abox: [do_open_spkamp_stream] Opened PCM Device(/dev/snd/pcmC0D7p) configured Info: Channels(2)  Smapling Rate(48000), Format: Default(0)
09-26 00:56:17.673  4884  4916 I audio_hw_primary_abox: [do_open_spkamp_stream] Opened PCM Device(/dev/snd/pcmC0D11c) configured Info: Channels(2)  Smapling Rate(48000), Format: Default(0)
09-26 00:56:17.677  3862  3862 W Settings: Setting bugreport_in_power_menu has moved from android.provider.Settings.Secure to android.provider.Settings.Global.
09-26 00:56:17.677  4884  4916 I audio_hw_primary_abox: [do_open_spkamp_stream] Opened PCM Device(/dev/snd/pcmC0D12c) configured Info: Channels(2)  Smapling Rate(48000), Format: Default(0)
09-26 00:56:17.678  3862  5762 D Index   : Indexing locale 'es_ES' took 8 millis
