09-08 09:08:49.970  5572  5572 I art     : option[34]=-Xms64m
09-08 09:08:49.970  5572  5572 I art     : option[35]=-Xcompiler-option
09-08 09:08:49.970  5572  5572 I art     : option[36]=--runtime-arg
09-08 09:08:49.970  5572  5572 I art     : option[37]=-Xcompiler-option
09-08 09:08:49.970  5572  5572 I art     : option[38]=-Xmx512m
09-08 09:08:49.970  5572  5572 I art     : option[39]=-Ximage-compiler-option
09-08 09:08:49.970  5572  5572 I art     : option[40]=--instruction-set-variant=generic
09-08 09:08:49.970  5572  5572 I art     : option[41]=-Xcompiler-option
09-08 09:08:49.970  5572  5572 I art     : option[42]=--instruction-set-variant=generic
09-08 09:08:49.970  5572  5572 I art     : option[43]=-Ximage-compiler-option
09-08 09:08:49.970  5572  5572 I art     : option[44]=--instruction-set-features=default
09-08 09:08:49.970  5572  5572 I art     : option[45]=-Xcompiler-option
09-08 09:08:49.970  5572  5572 I art     : option[46]=--instruction-set-features=default
09-08 09:08:49.970  5572  5572 I art     : option[47]=-Duser.locale=en-US
09-08 09:08:49.970  5572  5572 I art     : option[48]=--cpu-abilist=arm64-v8a
09-08 09:08:49.970  5572  5572 I art     : option[49]=-Xfingerprint:samsung/dream2ltexx/dream2lte:7.0/NRD90M/G955FXXU1AQH3:user/release-keys
09-08 09:08:49.985  5572  5572 D ICU     : No timezone override file found: /data/misc/zoneinfo/current/icu/icu_tzdata.dat
09-08 09:08:50.006  5572  5572 W art     : Before Android 4.1, method double java.util.concurrent.ThreadLocalRandom.internalNextDouble(double, double) would have incorrectly overridden the package-private method in java.util.Random
09-08 09:08:50.006  5572  5572 W art     : Before Android 4.1, method int java.util.concurrent.ThreadLocalRandom.internalNextInt(int, int) would have incorrectly overridden the package-private method in java.util.Random
09-08 09:08:50.006  5572  5572 W art     : Before Android 4.1, method long java.util.concurrent.ThreadLocalRandom.internalNextLong(long, long) would have incorrectly overridden the package-private method in java.util.Random
09-08 09:08:50.102  5572  5572 I Radio-JNI: register_android_hardware_Radio DONE
09-08 09:08:50.131  5572  5572 I SamplingProfilerIntegration: Profiling disabled.
09-08 09:08:50.131  5572  5572 D Zygote  : begin preload
09-08 09:08:50.131  5572  5572 I Zygote  : Installing ICU cache reference pinning...
09-08 09:08:50.131  5572  5572 I Zygote  : Preloading ICU data...
09-08 09:08:50.242  5573  5573 V audio_route: Control 'VTS VoiceTrigger Value' is to be controled by user
09-08 09:08:50.246  5573  5573 I audio_route: > audio_route_update_mixer : +
09-08 09:08:50.246  5573  5573 I audio_route: > audio_route_update_mixer : changed(0) -
09-08 09:08:50.246  5573  5573 D audio_hw_primary_abox: device-adev_open: Successed to init Route!
09-08 09:08:50.246  5573  5573 D audio_hw_primary_abox: device-adev_open: Opened Audio Primary HW Device
09-08 09:08:50.246  5573  5573 V audio_hw_primary_abox: device-adev_init_check: Audio Primary HW Device is already opened & initialized
09-08 09:08:50.246  5573  5573 D audio_hw_primary_abox: device-adev_get_master_volume: enter
09-08 09:08:50.246  5573  5573 D audio_hw_primary_abox: device-adev_get_master_volume: exit, Not supported Master Volume by AudioHAL
09-08 09:08:50.246  5573  5573 D audio_hw_primary_abox: device-adev_get_master_mute: enter
09-08 09:08:50.246  5573  5573 D audio_hw_primary_abox: device-adev_get_master_mute: exit, Not supported Master Mute by AudioHAL
09-08 09:08:50.246  5573  5573 D audio_hw_primary_abox: device-adev_set_master_volume: enter with volume level(1.000000)
09-08 09:08:50.246  5573  5573 D audio_hw_primary_abox: device-adev_set_master_volume: exit, Not supported Master Volume by AudioHAL
09-08 09:08:50.247  5573  5573 D audio_hw_primary_abox: device-adev_set_master_mute: enter with mute statue(0)
09-08 09:08:50.247  5573  5573 D audio_hw_primary_abox: device-adev_set_master_mute: exit, Not supported Master Mute by AudioHAL
09-08 09:08:50.247  5573  5573 I AudioFlinger: loadHwModule() Loaded primary audio interface from Exynos Primary AudioHAL (audio) handle 10
09-08 09:08:50.247  5573  5573 I AudioFlinger: openOutput(), module 10 Device 2, SamplingRate 48000, Format 0x000001, Channels 3, flags a
09-08 09:08:50.247  5573  5573 D audio_hw_primary_abox: device-adev_open_output_stream: enter: io_handle (13), sample_rate(48000) channel_mask(0x3) devices(0x2) flags(0xa)
09-08 09:08:50.247  5573  5573 D audio_hw_primary_abox: device-adev_open_output_stream: Requested open Primary output
09-08 09:08:50.247  5573  5573 I audio_hw_primary_abox: Check PCM Channel Count: Default(2), Request(2)
09-08 09:08:50.247  5573  5573 I audio_hw_primary_abox: Check PCM Smapling Rate: Default(48000), Request(48000)
09-08 09:08:50.247  5573  5573 I audio_hw_primary_abox: Check PCM Format: Default(0), Request(0)
09-08 09:08:50.247  5573  5573 I audio_hw_primary_abox: primary_out-adev_open_output_stream: Transit to Standby
09-08 09:08:50.247  5573  5573 D audio_hw_primary_abox: primary_out-add_audio_usage: Primary Playback Usage initialized with out_dev(none), in_dev(none), out_mode(normal), in_mode(normal)
09-08 09:08:50.247  5573  5573 V audio_hw_primary_abox: primary_out-add_audio_usage: Added Audio Stream into Audio Usage list!
09-08 09:08:50.247  5573  5573 D audio_hw_primary_abox: device-adev_open_output_stream: Opened primary_out stream
09-08 09:08:50.247  5573  5573 V audio_hw_primary_abox: primary_out-out_get_format: exit with audio format = 0x1
09-08 09:08:50.247  5573  5573 V audio_hw_primary_abox: primary_out-out_get_channels: exit with channel mask = 0x3
09-08 09:08:50.247  5573  5573 V audio_hw_primary_abox: primary_out-out_get_sample_rate: exit with sample rate = 48000
09-08 09:08:50.247  5573  5573 V audio_hw_primary_abox: primary_out-out_get_channels: exit with channel mask = 0x3
09-08 09:08:50.247  5573  5573 V audio_hw_primary_abox: primary_out-out_get_format: exit with audio format = 0x1
09-08 09:08:50.247  5573  5573 V audio_hw_primary_abox: primary_out-out_get_format: exit with audio format = 0x1
09-08 09:08:50.247  5573  5573 V audio_hw_primary_abox: primary_out-out_get_format: exit with audio format = 0x1
09-08 09:08:50.247  5573  5573 V audio_hw_primary_abox: primary_out-out_get_channels: exit with channel mask = 0x3
09-08 09:08:50.247  5573  5573 V audio_hw_primary_abox: primary_out-out_get_buffer_size: Period Size = 960, Frame Size = 4
09-08 09:08:50.247  5573  5573 V audio_hw_primary_abox: primary_out-out_get_format: exit with audio format = 0x1
09-08 09:08:50.247  5573  5573 V audio_hw_primary_abox: primary_out-out_get_channels: exit with channel mask = 0x3
09-08 09:08:50.247  5573  5573 I AudioFlinger: HAL output buffer size 960 frames, normal sink buffer size 960 frames
09-08 09:08:50.248  5573  5573 W EffectsFactory: loadLibrary() failed to open /system/vendor/lib/soundfx/libswdap.so
09-08 09:08:50.248  5573  5573 W EffectsFactory: loadLibrary() failed to open /system/vendor/lib/soundfx/libhwdap.so
09-08 09:08:50.248  5573  5573 W EffectsFactory: loadEffect() could not get library proxy
09-08 09:08:50.248  5573  5573 I BufferProvider: found effect "Multichannel Downmix To Stereo" from The Android Open Source Project
09-08 09:08:50.248  5573  5573 V audio_hw_primary_abox: primary_out-out_get_format: exit with audio format = 0x1
09-08 09:08:50.248  5573  5573 V audio_hw_primary_abox: primary_out-out_get_channels: exit with channel mask = 0x3
09-08 09:08:50.248  5573  5573 V audio_hw_primary_abox: primary_out-out_get_buffer_size: Period Size = 960, Frame Size = 4
09-08 09:08:50.248  5573  5573 V audio_hw_primary_abox: primary_out-out_get_format: exit with audio format = 0x1
09-08 09:08:50.248  5573  5573 V audio_hw_primary_abox: primary_out-out_get_channels: exit with channel mask = 0x3
09-08 09:08:50.248  5573  5573 V audio_hw_primary_abox: primary_out-out_get_format: exit with audio format = 0x1
09-08 09:08:50.248  5573  5573 V audio_hw_primary_abox: primary_out-out_get_sample_rate: exit with sample rate = 48000
09-08 09:08:50.248  5573  5573 V audio_hw_primary_abox: primary_out-out_get_channels: exit with channel mask = 0x3
09-08 09:08:50.249  5573  5573 I AudioFlinger: Using module 10 has the primary audio interface
09-08 09:08:50.249  5573  5573 D audio_hw_primary_abox: device-adev_set_mode: enter with mode = 0, previous mode = 0
09-08 09:08:50.249  5573  5573 D audio_hw_primary_abox: device-adev_set_mode: exit
09-08 09:08:50.249  5573  5626 I AudioFlinger: AudioFlinger's thread 0xf5f83fc0 ready to run
09-08 09:08:50.249  5573  5626 W BatteryNotifier: batterystats service unavailable!
09-08 09:08:50.250  5573  5626 V audio_hw_primary_abox: primary_out-out_standby: enter
09-08 09:08:50.250  5573  5626 V audio_hw_primary_abox: primary_out-out_standby: exit
09-08 09:08:50.250  5573  5626 W BatteryNotifier: batterystats service unavailable!
09-08 09:08:50.251  5573  5626 W BatteryNotifier: batterystats service unavailable!
09-08 09:08:50.251  5573  5626 D audio_hw_primary_abox: primary_out-out_set_parameters: enter with param = routing=2
09-08 09:08:50.251  5573  5626 D audio_hw_primary_abox: primary_out-out_set_parameters: Requested to change route from 0x2 to 0x2
09-08 09:08:50.251  5573  5626 D audio_hw_primary_abox: primary_out-out_set_parameters: exit
09-08 09:08:50.251  5573  5626 W AudioFlinger: no wake lock to update, system not ready yet
09-08 09:08:50.252  5573  5585 D audio_hw_primary_abox: device-adev_set_voice_volume: enter with volume level(1.000000)
09-08 09:08:50.252  5573  5585 D audio_hw_primary_abox: device-adev_set_voice_volume: exit
09-08 09:08:50.252  5572  5572 I Zygote  : Preloading classes...
09-08 09:08:50.253  5573  5573 I AudioFlinger: openOutput(), module 10 Device 2, SamplingRate 48000, Format 0x000001, Channels 3, flags 4
09-08 09:08:50.253  5573  5573 D audio_hw_primary_abox: device-adev_open_output_stream: enter: io_handle (21), sample_rate(48000) channel_mask(0x3) devices(0x2) flags(0x4)
09-08 09:08:50.253  5573  5573 D audio_hw_primary_abox: device-adev_open_output_stream: Requested open fast output
09-08 09:08:50.253  5573  5573 I audio_hw_primary_abox: Check PCM Channel Count: Default(2), Request(2)
09-08 09:08:50.253  5573  5573 I audio_hw_primary_abox: Check PCM Smapling Rate: Default(48000), Request(48000)
09-08 09:08:50.253  5573  5573 I audio_hw_primary_abox: Check PCM Format: Default(0), Request(0)
09-08 09:08:50.253  5573  5573 I audio_hw_primary_abox: fast_out-adev_open_output_stream: Transit to Standby
09-08 09:08:50.253  5573  5573 D PostProcessConvertor: PostProcessConvertorInit ++ OSR 192000, ISR 48000, CC 2, OBW 4, IBW 1 
09-08 09:08:50.253  5573  5573 D SoundAliveResampler: [SoundAliveResampler] Init+++
09-08 09:08:50.253  5573  5573 V audio_hw_primary_abox: fast_out-add_audio_usage: Added Audio Stream into Audio Usage list!
09-08 09:08:50.253  5573  5573 D audio_hw_primary_abox: device-adev_open_output_stream: Opened fast_out stream
09-08 09:08:50.253  5573  5573 V audio_hw_primary_abox: fast_out-out_get_format: exit with audio format = 0x1
09-08 09:08:50.253  5573  5573 V audio_hw_primary_abox: fast_out-out_get_channels: exit with channel mask = 0x3
09-08 09:08:50.253  5573  5573 V audio_hw_primary_abox: fast_out-out_get_sample_rate: exit with sample rate = 48000
09-08 09:08:50.253  5573  5573 V audio_hw_primary_abox: fast_out-out_get_channels: exit with channel mask = 0x3
09-08 09:08:50.253  5573  5573 V audio_hw_primary_abox: fast_out-out_get_format: exit with audio format = 0x1
09-08 09:08:50.253  5573  5573 V audio_hw_primary_abox: fast_out-out_get_format: exit with audio format = 0x1
09-08 09:08:50.253  5573  5573 V audio_hw_primary_abox: fast_out-out_get_format: exit with audio format = 0x1
09-08 09:08:50.253  5573  5573 V audio_hw_primary_abox: fast_out-out_get_channels: exit with channel mask = 0x3
09-08 09:08:50.253  5573  5573 V audio_hw_primary_abox: fast_out-out_get_buffer_size: Period Size = 192, Frame Size = 4
09-08 09:08:50.253  5573  5573 V audio_hw_primary_abox: fast_out-out_get_format: exit with audio format = 0x1
09-08 09:08:50.253  5573  5573 V audio_hw_primary_abox: fast_out-out_get_channels: exit with channel mask = 0x3
09-08 09:08:50.253  5573  5573 I AudioFlinger: HAL output buffer size 192 frames, normal sink buffer size 960 frames
09-08 09:08:50.253  5573  5573 V audio_hw_primary_abox: fast_out-out_get_format: exit with audio format = 0x1
09-08 09:08:50.253  5573  5573 V audio_hw_primary_abox: fast_out-out_get_channels: exit with channel mask = 0x3
09-08 09:08:50.253  5573  5573 V audio_hw_primary_abox: fast_out-out_get_buffer_size: Period Size = 192, Frame Size = 4
09-08 09:08:50.253  5573  5573 V audio_hw_primary_abox: fast_out-out_get_format: exit with audio format = 0x1
09-08 09:08:50.253  5573  5573 V audio_hw_primary_abox: fast_out-out_get_channels: exit with channel mask = 0x3
09-08 09:08:50.253  5573  5573 V audio_hw_primary_abox: fast_out-out_get_format: exit with audio format = 0x1
09-08 09:08:50.253  5573  5573 V audio_hw_primary_abox: fast_out-out_get_sample_rate: exit with sample rate = 48000
09-08 09:08:50.253  5573  5573 V audio_hw_primary_abox: fast_out-out_get_channels: exit with channel mask = 0x3
09-08 09:08:50.254  5573  5628 I AudioFlinger: AudioFlinger's thread 0xf5d830c0 ready to run
09-08 09:08:50.255  5573  5628 W BatteryNotifier: batterystats service unavailable!
09-08 09:08:50.255  5573  5628 V audio_hw_primary_abox: fast_out-out_standby: enter
09-08 09:08:50.255  5573  5628 V audio_hw_primary_abox: fast_out-out_standby: exit
09-08 09:08:50.256  5573  5628 W BatteryNotifier: batterystats service unavailable!
09-08 09:08:50.256  5573  5628 W BatteryNotifier: batterystats service unavailable!
09-08 09:08:50.256  5573  5628 D audio_hw_primary_abox: fast_out-out_set_parameters: enter with param = routing=2
09-08 09:08:50.256  5573  5628 D audio_hw_primary_abox: fast_out-out_set_parameters: Requested to change route from 0x2 to 0x2
09-08 09:08:50.257  5573  5628 D audio_hw_primary_abox: fast_out-out_set_parameters: exit
09-08 09:08:50.257  5573  5628 W AudioFlinger: no wake lock to update, system not ready yet
09-08 09:08:50.258  5572  5572 W Zygote  : Class not found for preloading: [Landroid.view.Display$ColorTransform;
09-08 09:08:50.258  5573  5573 D audio_hw_primary_abox: device-adev_open_input_stream: enter: io_handle (14), sample_rate(48000) channel_mask(0xc) devices(0x80000004) flags(0) source(1)
09-08 09:08:50.258  5573  5573 I audio_hw_primary_abox: device-adev_open_input_stream: requested input samplerate decides audio path of csvt and vowifi, sample_rate = 48000
09-08 09:08:50.258  5573  5573 D audio_hw_primary_abox: device-adev_open_input_stream: Requested open Primary input
09-08 09:08:50.258  5573  5573 I audio_hw_primary_abox: is_voice_wakeup : ret =  0  , wakeup_baby_cry_enabled = 0  ,  wakeup_mic_enabled = 0 
09-08 09:08:50.258  5573  5573 I audio_hw_primary_abox: primary_in-adev_open_input_stream: Transit to Standby
09-08 09:08:50.258  5573  5573 V audio_hw_primary_abox: primary_in-add_audio_usage: Added Audio Stream into Audio Usage list!
09-08 09:08:50.258  5573  5573 D audio_hw_primary_abox: adev_open_input_stream: preprocessing_latency = 0
09-08 09:08:50.258  5573  5573 I audio_hw_primary_abox: adev_open_input_stream: input is null, set new input stream
09-08 09:08:50.258  5573  5573 D audio_hw_primary_abox: device-adev_open_input_stream: Opened primary_in stream
09-08 09:08:50.258  5573  5629 I AudioFlinger: AudioFlinger's thread 0xf5a83480 ready to run
09-08 09:08:50.258  5573  5573 D audio_hw_primary_abox: device-adev_close_input_stream: enter with Audio Usage(primary_in)
09-08 09:08:50.258  5573  5573 V audio_hw_primary_abox: stop_voice_note_recording
09-08 09:08:50.258  5573  5573 D audio_hw_primary_abox: primary_in-in_standby: enter
09-08 09:08:50.258  5573  5573 D audio_hw_primary_abox: primary_in-in_standby: exit
09-08 09:08:50.258  5573  5573 V audio_hw_primary_abox: primary_in-remove_audio_usage: Removed Audio Usage from Audio Usage list!
09-08 09:08:50.258  5573  5573 E audio_hw_primary_abox: adev_close_input_stream, set jack_in to null
09-08 09:08:50.258  5573  5573 D audio_hw_primary_abox: device-adev_close_input_stream: Closed primary_in stream
09-08 09:08:50.259  5573  5573 I bt_a2dp_hw: adev_open:  adev_open in A2dp_hw module
09-08 09:08:50.259  5573  5573 I AudioFlinger: loadHwModule() Loaded a2dp audio interface from A2DP Audio HW HAL (audio) handle 18
09-08 09:08:50.259  5573  5573 I AudioFlinger: loadHwModule() Loaded usb audio interface from USB audio HW HAL (audio) handle 26
09-08 09:08:50.259  5573  5573 I r_submix: adev_open(name=audio_hw_if)
09-08 09:08:50.260  5573  5573 I r_submix: adev_init_check()
09-08 09:08:50.260  5573  5573 I AudioFlinger: loadHwModule() Loaded r_submix audio interface from Wifi Display audio HAL (audio) handle 34
09-08 09:08:50.260  5573  5573 D r_submix: adev_open_input_stream(addr=0)
09-08 09:08:50.260  5573  5573 D r_submix: submix_audio_device_create_pipe_l(addr=0, idx=9)
09-08 09:08:50.260  5573  5573 D r_submix:   now using address 0 for route 9
09-08 09:08:50.260  5573  5630 I AudioFlinger: AudioFlinger's thread 0xf5a03c80 ready to run
09-08 09:08:50.260  5573  5573 D r_submix: adev_close_input_stream()
09-08 09:08:50.260  5573  5573 D r_submix: submix_audio_device_release_pipe_l(idx=9) addr=0
09-08 09:08:50.260  5573  5573 D r_submix: submix_audio_device_destroy_pipe_l(): pipe destroyed
09-08 09:08:50.260  5573  5573 I RadioService: RadioService
09-08 09:08:50.260  5573  5573 I RadioService: onFirstRef
09-08 09:08:50.260  5573  5573 E RadioService: couldn't load radio module radio.primary (No such file or directory)
09-08 09:08:50.261  5573  5573 E SoundTriggerHwService: couldn't load sound trigger module sound_trigger.primary (No such file or directory)
09-08 09:08:50.550  5572  5572 E Typeface: Error mapping font file /system/fonts/DroidSansFallback.ttf
09-08 09:08:50.745  5670  5670 I SurfaceFlinger: SurfaceFlinger is starting
09-08 09:08:50.745  5670  5670 I SurfaceFlinger: SurfaceFlinger's main thread ready to run. Initializing graphics H/W...
09-08 09:08:50.767  5670  5670 D libEGL  : loaded /vendor/lib64/egl/libGLES_mali.so
09-08 09:08:50.767  3075  3075 W auditd  : type=1325 audit(0.0:1714): table=filter family=2 entries=70
09-08 09:08:50.767  3075  3075 W auditd  : type=1320 audit(0.0:1714): 
09-08 09:08:50.779  3075  3075 W auditd  : type=1325 audit(0.0:1715): table=filter family=10 entries=82
09-08 09:08:50.779  3075  3075 W auditd  : type=1320 audit(0.0:1715): 
09-08 09:08:50.790  5670  5670 I gralloc : using (id=)
09-08 09:08:50.790  5670  5670 I gralloc : xres         = 1440 px
09-08 09:08:50.790  5670  5670 I gralloc : yres         = 2960 px
09-08 09:08:50.790  5670  5670 I gralloc : width        = 70 mm (522.514282 dpi)
09-08 09:08:50.790  5670  5670 I gralloc : height       = 143 mm (525.762268 dpi)
09-08 09:08:50.790  5670  5670 I gralloc : refresh rate = 60.00 Hz
09-08 09:08:50.787  3075  3075 W auditd  : type=1325 audit(0.0:1716): table=filter family=2 entries=70
09-08 09:08:50.787  3075  3075 W auditd  : type=1320 audit(0.0:1716): 
09-08 09:08:50.797  5670  5670 W hwcomposer: invalid refresh rate, assuming 60 Hz
09-08 09:08:50.797  5670  5670 D hwcomposer: using
09-08 09:08:50.797  5670  5670 D hwcomposer: xres         = 1440 px
09-08 09:08:50.797  5670  5670 D hwcomposer: yres         = 2960 px
09-08 09:08:50.797  5670  5670 D hwcomposer: width        = 70 mm (522.514000 dpi)
09-08 09:08:50.797  5670  5670 D hwcomposer: height       = 143 mm (525.762000 dpi)
09-08 09:08:50.797  5670  5670 D hwcomposer: refresh rate = 60 Hz
09-08 09:08:50.797  5670  5670 I hwcomposer: PSR info devname = /sys/devices/platform/12860000.decon_f/psr_info
09-08 09:08:50.797  5670  5670 I hwcomposer: PSR mode is 2(0: video mode, 1: DP PSR mode, 2: MIPI-DSI command mode)
09-08 09:08:50.797  5670  5670 I SurfaceFlinger: Using composer version 1.4
09-08 09:08:50.797  5670  5670 E display : unknown display attribute 6
09-08 09:08:50.797  5670  5670 I SurfaceFlinger: EGL information:
09-08 09:08:50.797  5670  5670 I SurfaceFlinger: vendor    : Android
09-08 09:08:50.797  5670  5670 I SurfaceFlinger: version   : 1.4 Android META-EGL
09-08 09:08:50.797  5670  5670 I SurfaceFlinger: extensions: EGL_KHR_get_all_proc_addresses EGL_ANDROID_presentation_time EGL_KHR_swap_buffers_with_damage EGL_ANDROID_create_native_client_buffer EGL_ANDROID_front_buffer_auto_refresh EGL_KHR_image EGL_KHR_image_base EGL_KHR_gl_texture_2D_image EGL_KHR_gl_texture_cubemap_image EGL_KHR_gl_renderbuffer_image EGL_KHR_fence_sync EGL_KHR_create_context EGL_KHR_config_attribs EGL_KHR_surfaceless_context EGL_EXT_create_context_robustness EGL_ANDROID_image_native_buffer EGL_KHR_wait_sync EGL_ANDROID_recordable EGL_KHR_partial_update EGL_KHR_mutable_render_buffer EGL_EXT_protected_content 
09-08 09:08:50.798  5670  5670 I SurfaceFlinger: Client API: OpenGL_ES
09-08 09:08:50.798  5670  5670 I SurfaceFlinger: EGLSurface: 8-8-8-8, config=0x7fa6a6a138
09-08 09:08:50.801  5670  5670 I SurfaceFlinger: OpenGL ES informations:
09-08 09:08:50.801  5670  5670 I SurfaceFlinger: vendor    : ARM
09-08 09:08:50.801  5670  5670 I SurfaceFlinger: renderer  : Mali-G71
09-08 09:08:50.801  5670  5670 I SurfaceFlinger: version   : OpenGL ES 3.2 v1.r3p0-00rel0.52a2c5ce14e045eb8b9074c171442f91
09-08 09:08:50.801  5670  5670 I SurfaceFlinger: extensions: GL_EXT_debug_marker GL_ARM_rgba8 GL_ARM_mali_shader_binary GL_OES_depth24 GL_OES_depth_texture GL_OES_depth_texture_cube_map GL_OES_packed_depth_stencil GL_OES_rgb8_rgba8 GL_EXT_read_format_bgra GL_OES_compressed_paletted_texture GL_OES_compressed_ETC1_RGB8_texture GL_OES_standard_derivatives GL_OES_EGL_image GL_OES_EGL_image_external GL_OES_EGL_image_external_essl3 GL_OES_EGL_sync GL_OES_texture_npot GL_OES_vertex_half_float GL_OES_required_internalformat GL_OES_vertex_array_object GL_OES_mapbuffer GL_EXT_texture_format_BGRA8888 GL_EXT_texture_rg GL_EXT_texture_type_2_10_10_10_REV GL_OES_fbo_render_mipmap GL_OES_element_index_uint GL_EXT_shadow_samplers GL_OES_texture_compression_astc GL_KHR_texture_compression_astc_ldr GL_KHR_texture_compression_astc_hdr GL_KHR_texture_compression_astc_sliced_3d GL_KHR_debug GL_EXT_occlusion_query_boolean GL_EXT_disjoint_timer_query GL_EXT_blend_minmax GL_EXT_discard_framebuffer GL_OES_get_program_binary GL_OES_texture_3D GL_EXT_texture_storage GL_EXT_multisamp
09-08 09:08:50.801  5670  5670 I SurfaceFlinger: GL_MAX_TEXTURE_SIZE = 16384
09-08 09:08:50.801  5670  5670 I SurfaceFlinger: GL_MAX_VIEWPORT_DIMS = 16384
09-08 09:08:50.799  3075  3075 W auditd  : type=1325 audit(0.0:1717): table=filter family=10 entries=82
09-08 09:08:50.799  3075  3075 W auditd  : type=1320 audit(0.0:1717): 
09-08 09:08:50.802  5670  5670 F libc    : Fatal signal 4 (SIGILL), code 1, fault addr 0x7fa730a078 in tid 5670 (surfaceflinger)
09-08 09:08:50.802  3065  3065 W         : debuggerd: handling request: pid=5670 uid=1000 gid=1003 tid=5670
09-08 09:08:50.808  5699  5699 E         : debuggerd: Unable to connect to activity manager (connect failed: No such file or directory)
09-08 09:08:50.811  3075  3075 W auditd  : type=1325 audit(0.0:1718): table=filter family=2 entries=68
09-08 09:08:50.811  3075  3075 W auditd  : type=1320 audit(0.0:1718): 
09-08 09:08:50.819  3075  3075 W auditd  : type=1325 audit(0.0:1719): table=filter family=10 entries=80
09-08 09:08:50.819  3075  3075 W auditd  : type=1320 audit(0.0:1719): 
09-08 09:08:50.827  3075  3075 W auditd  : type=1325 audit(0.0:1720): table=filter family=2 entries=70
09-08 09:08:50.827  3075  3075 W auditd  : type=1320 audit(0.0:1720): 
09-08 09:08:50.839  3075  3075 W auditd  : type=1325 audit(0.0:1721): table=filter family=10 entries=82
09-08 09:08:50.839  3075  3075 W auditd  : type=1320 audit(0.0:1721): 
09-08 09:08:50.847  3075  3075 W auditd  : type=1325 audit(0.0:1722): table=filter family=2 entries=71
09-08 09:08:50.847  3075  3075 W auditd  : type=1320 audit(0.0:1722): 
09-08 09:08:50.859  5699  5699 F DEBUG   : *** *** *** *** *** *** *** *** *** *** *** *** *** *** *** ***
09-08 09:08:50.859  5699  5699 F DEBUG   : LineageOS Version: '14.1-20170908-UNOFFICIAL-dream2lte'
09-08 09:08:50.859  5699  5699 F DEBUG   : Build fingerprint: 'samsung/dream2ltexx/dream2lte:7.0/NRD90M/G955FXXU1AQH3:user/release-keys'
09-08 09:08:50.859  5699  5699 F DEBUG   : Revision: '0'
09-08 09:08:50.859  5699  5699 F DEBUG   : ABI: 'arm64'
09-08 09:08:50.859  5699  5699 F DEBUG   : pid: 5670, tid: 5670, name: surfaceflinger  >>> /system/bin/surfaceflinger <<<
09-08 09:08:50.859  5699  5699 F DEBUG   : signal 4 (SIGILL), code 1 (ILL_ILLOPC), fault addr 0x7fa730a078
09-08 09:08:50.859  5699  5699 F DEBUG   :     x0   0000007fa6a5f2a0  x1   0000007fa735b1f8  x2   0000000000000001  x3   0000000000000000
09-08 09:08:50.859  5699  5699 F DEBUG   :     x4   0000007fde327790  x5   0000000000000000  x6   0000000000000000  x7   0000007fde327a98
09-08 09:08:50.859  5699  5699 F DEBUG   :     x8   0000007fa730a078  x9   0000000000000001  x10  0000000000000000  x11  0000000000000000
09-08 09:08:50.859  5699  5699 F DEBUG   :     x12  0000007fa6a0c688  x13  0000007fa6a90000  x14  000000000000000c  x15  2e8ba2e8ba2e8ba3
09-08 09:08:50.859  5699  5699 F DEBUG   :     x16  0000007fa73599b8  x17  0000007fa713be2c  x18  0000007fa6a55c80  x19  0000007fa735b1f8
09-08 09:08:50.859  5699  5699 F DEBUG   :     x20  0000007fa6a90000  x21  0000000000000001  x22  0000007fa6a90d28  x23  5f3fa42482df49a2
09-08 09:08:50.859  5699  5699 F DEBUG   :     x24  0000007fa741834c  x25  0000007fa7418040  x26  0000007fa6a834c0  x27  0000007fa6a83590
09-08 09:08:50.860  5699  5699 F DEBUG   :     x28  0000007fa6a90010  x29  0000007fde3277f0  x30  0000007fa732944c
09-08 09:08:50.860  5699  5699 F DEBUG   :     sp   0000007fde327790  pc   0000007fa730a078  pstate 0000000060000000
09-08 09:08:50.859  3075  3075 W auditd  : type=1325 audit(0.0:1723): table=filter family=10 entries=83
09-08 09:08:50.859  3075  3075 W auditd  : type=1320 audit(0.0:1723): 
09-08 09:08:50.863  5699  5699 F DEBUG   : 
09-08 09:08:50.863  5699  5699 F DEBUG   : backtrace:
09-08 09:08:50.863  5699  5699 F DEBUG   :     #00 pc 0000000000065078  /system/lib64/libgui.so (_ZN7android19BufferQueueProducer7connectERKNS_2spINS_17IProducerListenerEEEibPNS_22IGraphicBufferProducer17QueueBufferOutputE)
09-08 09:08:50.863  5699  5699 F DEBUG   :     #01 pc 0000000000084448  /system/lib64/libgui.so (_ZN7android7Surface7connectEiRKNS_2spINS_17IProducerListenerEEE+136)
09-08 09:08:50.864  5699  5699 F DEBUG   :     #02 pc 0000000000081c8c  /system/lib64/libgui.so (_ZN7android7Surface12hook_performEP13ANativeWindowiz+136)
09-08 09:08:50.864  5699  5699 F DEBUG   :     #03 pc 00000000000151f0  /system/lib64/libEGL.so (eglCreateWindowSurface+112)
09-08 09:08:50.864  5699  5699 F DEBUG   :     #04 pc 0000000000024ae8  /system/lib64/libsurfaceflinger.so
09-08 09:08:50.864  5699  5699 F DEBUG   :     #05 pc 0000000000044690  /system/lib64/libsurfaceflinger.so (_ZN7android14SurfaceFlinger4initEv+1020)
09-08 09:08:50.864  5699  5699 F DEBUG   :     #06 pc 00000000000013cc  /system/bin/surfaceflinger
09-08 09:08:50.864  5699  5699 F DEBUG   :     #07 pc 000000000001a654  /system/lib64/libc.so (__libc_init+88)
09-08 09:08:50.864  5699  5699 F DEBUG   :     #08 pc 000000000000126c  /system/bin/surfaceflinger
09-08 09:08:50.988  3065  3065 W         : debuggerd: resuming target 5670
09-08 09:08:51.047  3142  3142 I ServiceManager: service 'media.sound_trigger_hw' died
09-08 09:08:51.047  3142  3142 I ServiceManager: service 'media.radio' died
09-08 09:08:51.047  3142  3142 I ServiceManager: service 'media.audio_flinger' died
09-08 09:08:51.048  3142  3142 I ServiceManager: service 'media.audio_policy' died
09-08 09:08:51.048  3142  3142 I ServiceManager: service 'media.camera' died
09-08 09:08:51.048  3142  3142 I ServiceManager: service 'media.player' died
09-08 09:08:51.048  3142  3142 I ServiceManager: service 'media.resource_manager' died
09-08 09:08:55.107  5734  5734 I Netd    : Netd 1.0 starting
09-08 09:08:55.107  5734  5734 D TetherController: Setting IP forward enable = 0
09-08 09:08:55.117  5734  5734 I QtiConnectivityAdapter: Failed to open libconnctrl, some features may not be present.
09-08 09:08:55.117  5734  5734 E         : Failed to open libdatactrl, some features may not be present.
09-08 09:08:55.117  5734  5734 E         : Failed to open libcsm_data, some features may not be present.
09-08 09:08:55.127  3075  3075 W auditd  : type=1325 audit(0.0:1739): table=filter family=2 entries=71
09-08 09:08:55.127  3075  3075 W auditd  : type=1320 audit(0.0:1739): 
09-08 09:08:55.139  3075  3075 W auditd  : type=1325 audit(0.0:1740): table=filter family=10 entries=83
09-08 09:08:55.139  3075  3075 W auditd  : type=1320 audit(0.0:1740): 
09-08 09:08:55.151  3075  3075 W auditd  : type=1325 audit(0.0:1741): table=filter family=2 entries=70
09-08 09:08:55.151  3075  3075 W auditd  : type=1320 audit(0.0:1741): 
09-08 09:08:55.163  3075  3075 W auditd  : type=1325 audit(0.0:1742): table=filter family=10 entries=82
09-08 09:08:55.163  3075  3075 W auditd  : type=1320 audit(0.0:1742): 
09-08 09:08:55.174  5730  5730 I cameraserver: ServiceManager: 0xf6a99440
09-08 09:08:55.174  5730  5730 I CameraService: CameraService started (pid=5730)
09-08 09:08:55.174  5730  5730 I CameraService: CameraService process starting
09-08 09:08:55.174  5730  5730 W BatteryNotifier: batterystats service unavailable!
09-08 09:08:55.174  5730  5730 W BatteryNotifier: batterystats service unavailable!
09-08 09:08:55.174  5730  5730 E CameraService: Could not load camera HAL module: -2 (No such file or directory)
09-08 09:08:55.175  3075  3075 W auditd  : type=1325 audit(0.0:1743): table=filter family=2 entries=70
09-08 09:08:55.175  3075  3075 W auditd  : type=1320 audit(0.0:1743): 
09-08 09:08:55.187  5732  5732 I         : sMaxFastTracks = 8
09-08 09:08:55.187  5732  5732 I audioserver: ServiceManager: 0xf6619440
09-08 09:08:55.187  5732  5732 W BatteryNotifier: batterystats service unavailable!
09-08 09:08:55.187  5732  5732 I AudioFlinger: Using default 3000 mSec as standby time.
09-08 09:08:55.188  5732  5732 I AudioPolicyService: AudioPolicyService CSTOR in new mode
09-08 09:08:55.188  5732  5732 W APM::ConfigParsingUtils: loadOutput() invalid supported devices
09-08 09:08:55.188  5732  5732 W APM::ConfigParsingUtils: loadInput() invalid supported devices
09-08 09:08:55.188  5732  5732 W APM::ConfigParsingUtils: loadInput() invalid supported devices
09-08 09:08:55.188  5732  5732 I APM::ConfigParsingUtils: loadAudioPolicyConfig() loaded /system/etc/audio_policy.conf
09-08 09:08:55.187  3075  3075 W auditd  : type=1325 audit(0.0:1744): table=filter family=10 entries=82
09-08 09:08:55.187  3075  3075 W auditd  : type=1320 audit(0.0:1744): 
09-08 09:08:55.192  5732  5732 V audio_hw_primary_abox: device-adev_open: enter
09-08 09:08:55.192  5732  5732 V DiamondVoice: + diamondvoice_open
09-08 09:08:55.192  5732  5732 D AudioInfo: MPS_CODE : SIN, get MPS_CODE
09-08 09:08:55.192  5732  5732 D AudioInfo: can not find AudioDataPath for fileName:/DiamondVoice/
09-08 09:08:55.192  5732  5732 V DiamondVoice: There is no DiamondVoice tuning data in CSC 
09-08 09:08:55.192  5732  5732 V DiamondVoice: - diamondvoice_open
09-08 09:08:55.192  5732  5732 I AudioRil: ### mMultiSim : 1
09-08 09:08:55.193  5732  5732 D audio_hw_primary_abox: device-adev_open: Successed to init Voice Manager!
09-08 09:08:55.195  3075  3075 W auditd  : type=1325 audit(0.0:1745): table=filter family=2 entries=68
09-08 09:08:55.195  3075  3075 W auditd  : type=1320 audit(0.0:1745): 
09-08 09:08:55.203  5733  5733 I mediaserver: ServiceManager: 0xf63994a0
09-08 09:08:55.203  5733  5733 W BatteryNotifier: batterystats service unavailable!
09-08 09:08:55.207  3075  3075 W auditd  : type=1325 audit(0.0:1746): table=filter family=10 entries=80
09-08 09:08:55.207  3075  3075 W auditd  : type=1320 audit(0.0:1746): 
09-08 09:08:55.215  3075  3075 W auditd  : type=1325 audit(0.0:1747): table=filter family=2 entries=70
09-08 09:08:55.215  3075  3075 W auditd  : type=1320 audit(0.0:1747): 
09-08 09:08:55.227  3075  3075 W auditd  : type=1325 audit(0.0:1748): table=filter family=10 entries=82
09-08 09:08:55.227  3075  3075 W auditd  : type=1320 audit(0.0:1748): 
09-08 09:08:55.321  5731  5731 D AndroidRuntime: >>>>>> START com.android.internal.os.ZygoteInit uid 0 <<<<<<
09-08 09:08:55.323  5731  5731 D AndroidRuntime: CheckJNI is ON
09-08 09:08:55.323  5731  5731 I art     : option[0]=-Xzygote
09-08 09:08:55.323  5731  5731 I art     : option[1]=-Xcheck:jni
09-08 09:08:55.323  5731  5731 I art     : option[2]=-Xstacktracefile:/data/anr/traces.txt
09-08 09:08:55.323  5731  5731 I art     : option[3]=exit
09-08 09:08:55.323  5731  5731 I art     : option[4]=vfprintf
09-08 09:08:55.323  5731  5731 I art     : option[5]=sensitiveThread
09-08 09:08:55.323  5731  5731 I art     : option[6]=-verbose:gc
09-08 09:08:55.323  5731  5731 I art     : option[7]=-Xms8m
09-08 09:08:55.323  5731  5731 I art     : option[8]=-Xmx512m
09-08 09:08:55.323  5731  5731 I art     : option[9]=-XX:HeapGrowthLimit=256m
09-08 09:08:55.323  5731  5731 I art     : option[10]=-XX:HeapMinFree=2m
09-08 09:08:55.323  5731  5731 I art     : option[11]=-XX:HeapMaxFree=8m
09-08 09:08:55.323  5731  5731 I art     : option[12]=-XX:HeapTargetUtilization=0.75
09-08 09:08:55.323  5731  5731 I art     : option[13]=-Xusejit:true
09-08 09:08:55.323  5731  5731 I art     : option[14]=-Xjitsaveprofilinginfo
09-08 09:08:55.323  5731  5731 I art     : option[15]=-agentlib:jdwp=transport=dt_android_adb,suspend=n,server=y
09-08 09:08:55.323  5731  5731 I art     : option[16]=-Xlockprofthreshold:500
09-08 09:08:55.323  5731  5731 I art     : option[17]=-Ximage-compiler-option
09-08 09:08:55.323  5731  5731 I art     : option[18]=--runtime-arg
09-08 09:08:55.323  5731  5731 I art     : option[19]=-Ximage-compiler-option
09-08 09:08:55.323  5731  5731 I art     : option[20]=-Xms64m
09-08 09:08:55.323  5731  5731 I art     : option[21]=-Ximage-compiler-option
09-08 09:08:55.323  5731  5731 I art     : option[22]=--runtime-arg
09-08 09:08:55.323  5731  5731 I art     : option[23]=-Ximage-compiler-option
09-08 09:08:55.323  5731  5731 I art     : option[24]=-Xmx64m
09-08 09:08:55.323  5731  5731 I art     : option[25]=-Ximage-compiler-option
09-08 09:08:55.323  5731  5731 I art     : option[26]=--compiler-filter=verify-at-runtime
09-08 09:08:55.323  5731  5731 I art     : option[27]=-Ximage-compiler-option
09-08 09:08:55.323  5731  5731 I art     : option[28]=--image-classes=/system/etc/preloaded-classes
09-08 09:08:55.323  5731  5731 I art     : option[29]=-Ximage-compiler-option
09-08 09:08:55.323  5731  5731 I art     : option[30]=--compiled-classes=/system/etc/compiled-classes
09-08 09:08:55.323  5731  5731 I art     : option[31]=-Xcompiler-option
09-08 09:08:55.323  5731  5731 I art     : option[32]=--runtime-arg
09-08 09:08:55.323  5731  5731 I art     : option[33]=-Xcompiler-option
09-08 09:08:55.323  5731  5731 I art     : option[34]=-Xms64m
09-08 09:08:55.323  5731  5731 I art     : option[35]=-Xcompiler-option
09-08 09:08:55.323  5731  5731 I art     : option[36]=--runtime-arg
09-08 09:08:55.323  5731  5731 I art     : option[37]=-Xcompiler-option
09-08 09:08:55.323  5731  5731 I art     : option[38]=-Xmx512m
09-08 09:08:55.323  5731  5731 I art     : option[39]=-Ximage-compiler-option
09-08 09:08:55.323  5731  5731 I art     : option[40]=--instruction-set-variant=generic
09-08 09:08:55.323  5731  5731 I art     : option[41]=-Xcompiler-option
09-08 09:08:55.323  5731  5731 I art     : option[42]=--instruction-set-variant=generic
09-08 09:08:55.323  5731  5731 I art     : option[43]=-Ximage-compiler-option
09-08 09:08:55.324  5731  5731 I art     : option[44]=--instruction-set-features=default
09-08 09:08:55.324  5731  5731 I art     : option[45]=-Xcompiler-option
09-08 09:08:55.324  5731  5731 I art     : option[46]=--instruction-set-features=default
09-08 09:08:55.324  5731  5731 I art     : option[47]=-Duser.locale=en-US
09-08 09:08:55.324  5731  5731 I art     : option[48]=--cpu-abilist=arm64-v8a
09-08 09:08:55.324  5731  5731 I art     : option[49]=-Xfingerprint:samsung/dream2ltexx/dream2lte:7.0/NRD90M/G955FXXU1AQH3:user/release-keys
09-08 09:08:55.339  5731  5731 D ICU     : No timezone override file found: /data/misc/zoneinfo/current/icu/icu_tzdata.dat
09-08 09:08:55.360  5731  5731 W art     : Before Android 4.1, method double java.util.concurrent.ThreadLocalRandom.internalNextDouble(double, double) would have incorrectly overridden the package-private method in java.util.Random
09-08 09:08:55.360  5731  5731 W art     : Before Android 4.1, method int java.util.concurrent.ThreadLocalRandom.internalNextInt(int, int) would have incorrectly overridden the package-private method in java.util.Random
09-08 09:08:55.360  5731  5731 W art     : Before Android 4.1, method long java.util.concurrent.ThreadLocalRandom.internalNextLong(long, long) would have incorrectly overridden the package-private method in java.util.Random
09-08 09:08:55.454  5731  5731 I Radio-JNI: register_android_hardware_Radio DONE
09-08 09:08:55.482  5731  5731 I SamplingProfilerIntegration: Profiling disabled.
09-08 09:08:55.483  5731  5731 D Zygote  : begin preload
09-08 09:08:55.483  5731  5731 I Zygote  : Installing ICU cache reference pinning...
09-08 09:08:55.483  5731  5731 I Zygote  : Preloading ICU data...
09-08 09:08:55.604  5731  5731 I Zygote  : Preloading classes...
09-08 09:08:55.606  5732  5732 V audio_route: Control 'VTS VoiceTrigger Value' is to be controled by user
09-08 09:08:55.609  5731  5731 W Zygote  : Class not found for preloading: [Landroid.view.Display$ColorTransform;
09-08 09:08:55.611  5732  5732 I audio_route: > audio_route_update_mixer : +
09-08 09:08:55.611  5732  5732 I audio_route: > audio_route_update_mixer : changed(0) -
09-08 09:08:55.611  5732  5732 D audio_hw_primary_abox: device-adev_open: Successed to init Route!
09-08 09:08:55.611  5732  5732 D audio_hw_primary_abox: device-adev_open: Opened Audio Primary HW Device
09-08 09:08:55.611  5732  5732 V audio_hw_primary_abox: device-adev_init_check: Audio Primary HW Device is already opened & initialized
09-08 09:08:55.611  5732  5732 D audio_hw_primary_abox: device-adev_get_master_volume: enter
09-08 09:08:55.611  5732  5732 D audio_hw_primary_abox: device-adev_get_master_volume: exit, Not supported Master Volume by AudioHAL
09-08 09:08:55.611  5732  5732 D audio_hw_primary_abox: device-adev_get_master_mute: enter
09-08 09:08:55.611  5732  5732 D audio_hw_primary_abox: device-adev_get_master_mute: exit, Not supported Master Mute by AudioHAL
09-08 09:08:55.611  5732  5732 D audio_hw_primary_abox: device-adev_set_master_volume: enter with volume level(1.000000)
09-08 09:08:55.611  5732  5732 D audio_hw_primary_abox: device-adev_set_master_volume: exit, Not supported Master Volume by AudioHAL
09-08 09:08:55.611  5732  5732 D audio_hw_primary_abox: device-adev_set_master_mute: enter with mute statue(0)
09-08 09:08:55.611  5732  5732 D audio_hw_primary_abox: device-adev_set_master_mute: exit, Not supported Master Mute by AudioHAL
09-08 09:08:55.611  5732  5732 I AudioFlinger: loadHwModule() Loaded primary audio interface from Exynos Primary AudioHAL (audio) handle 10
09-08 09:08:55.611  5732  5732 I AudioFlinger: openOutput(), module 10 Device 2, SamplingRate 48000, Format 0x000001, Channels 3, flags a
09-08 09:08:55.611  5732  5732 D audio_hw_primary_abox: device-adev_open_output_stream: enter: io_handle (13), sample_rate(48000) channel_mask(0x3) devices(0x2) flags(0xa)
09-08 09:08:55.611  5732  5732 D audio_hw_primary_abox: device-adev_open_output_stream: Requested open Primary output
09-08 09:08:55.611  5732  5732 I audio_hw_primary_abox: Check PCM Channel Count: Default(2), Request(2)
09-08 09:08:55.611  5732  5732 I audio_hw_primary_abox: Check PCM Smapling Rate: Default(48000), Request(48000)
09-08 09:08:55.611  5732  5732 I audio_hw_primary_abox: Check PCM Format: Default(0), Request(0)
09-08 09:08:55.611  5732  5732 I audio_hw_primary_abox: primary_out-adev_open_output_stream: Transit to Standby
09-08 09:08:55.611  5732  5732 D audio_hw_primary_abox: primary_out-add_audio_usage: Primary Playback Usage initialized with out_dev(none), in_dev(none), out_mode(normal), in_mode(normal)
09-08 09:08:55.611  5732  5732 V audio_hw_primary_abox: primary_out-add_audio_usage: Added Audio Stream into Audio Usage list!
09-08 09:08:55.611  5732  5732 D audio_hw_primary_abox: device-adev_open_output_stream: Opened primary_out stream
09-08 09:08:55.611  5732  5732 V audio_hw_primary_abox: primary_out-out_get_format: exit with audio format = 0x1
09-08 09:08:55.611  5732  5732 V audio_hw_primary_abox: primary_out-out_get_channels: exit with channel mask = 0x3
09-08 09:08:55.611  5732  5732 V audio_hw_primary_abox: primary_out-out_get_sample_rate: exit with sample rate = 48000
09-08 09:08:55.611  5732  5732 V audio_hw_primary_abox: primary_out-out_get_channels: exit with channel mask = 0x3
09-08 09:08:55.611  5732  5732 V audio_hw_primary_abox: primary_out-out_get_format: exit with audio format = 0x1
09-08 09:08:55.611  5732  5732 V audio_hw_primary_abox: primary_out-out_get_format: exit with audio format = 0x1
09-08 09:08:55.611  5732  5732 V audio_hw_primary_abox: primary_out-out_get_format: exit with audio format = 0x1
09-08 09:08:55.611  5732  5732 V audio_hw_primary_abox: primary_out-out_get_channels: exit with channel mask = 0x3
09-08 09:08:55.611  5732  5732 V audio_hw_primary_abox: primary_out-out_get_buffer_size: Period Size = 960, Frame Size = 4
09-08 09:08:55.611  5732  5732 V audio_hw_primary_abox: primary_out-out_get_format: exit with audio format = 0x1
09-08 09:08:55.611  5732  5732 V audio_hw_primary_abox: primary_out-out_get_channels: exit with channel mask = 0x3
09-08 09:08:55.611  5732  5732 I AudioFlinger: HAL output buffer size 960 frames, normal sink buffer size 960 frames
09-08 09:08:55.613  5732  5732 W EffectsFactory: loadLibrary() failed to open /system/vendor/lib/soundfx/libswdap.so
09-08 09:08:55.613  5732  5732 W EffectsFactory: loadLibrary() failed to open /system/vendor/lib/soundfx/libhwdap.so
09-08 09:08:55.613  5732  5732 W EffectsFactory: loadEffect() could not get library proxy
09-08 09:08:55.613  5732  5732 I BufferProvider: found effect "Multichannel Downmix To Stereo" from The Android Open Source Project
09-08 09:08:55.613  5732  5732 V audio_hw_primary_abox: primary_out-out_get_format: exit with audio format = 0x1
09-08 09:08:55.613  5732  5732 V audio_hw_primary_abox: primary_out-out_get_channels: exit with channel mask = 0x3
09-08 09:08:55.613  5732  5732 V audio_hw_primary_abox: primary_out-out_get_buffer_size: Period Size = 960, Frame Size = 4
09-08 09:08:55.613  5732  5732 V audio_hw_primary_abox: primary_out-out_get_format: exit with audio format = 0x1
09-08 09:08:55.613  5732  5732 V audio_hw_primary_abox: primary_out-out_get_channels: exit with channel mask = 0x3
09-08 09:08:55.613  5732  5732 V audio_hw_primary_abox: primary_out-out_get_format: exit with audio format = 0x1
09-08 09:08:55.613  5732  5732 V audio_hw_primary_abox: primary_out-out_get_sample_rate: exit with sample rate = 48000
09-08 09:08:55.613  5732  5732 V audio_hw_primary_abox: primary_out-out_get_channels: exit with channel mask = 0x3
09-08 09:08:55.613  5732  5732 I AudioFlinger: Using module 10 has the primary audio interface
09-08 09:08:55.613  5732  5732 D audio_hw_primary_abox: device-adev_set_mode: enter with mode = 0, previous mode = 0
09-08 09:08:55.613  5732  5732 D audio_hw_primary_abox: device-adev_set_mode: exit
09-08 09:08:55.614  5732  5788 I AudioFlinger: AudioFlinger's thread 0xf5d03dc0 ready to run
09-08 09:08:55.615  5732  5788 W BatteryNotifier: batterystats service unavailable!
09-08 09:08:55.615  5732  5788 D audio_hw_primary_abox: primary_out-out_set_parameters: enter with param = routing=2
09-08 09:08:55.615  5732  5788 D audio_hw_primary_abox: primary_out-out_set_parameters: Requested to change route from 0x2 to 0x2
09-08 09:08:55.615  5732  5788 D audio_hw_primary_abox: primary_out-out_set_parameters: exit
09-08 09:08:55.615  5732  5788 V audio_hw_primary_abox: primary_out-out_standby: enter
09-08 09:08:55.615  5732  5788 V audio_hw_primary_abox: primary_out-out_standby: exit
09-08 09:08:55.616  5732  5788 W BatteryNotifier: batterystats service unavailable!
09-08 09:08:55.616  5732  5744 D audio_hw_primary_abox: device-adev_set_voice_volume: enter with volume level(1.000000)
09-08 09:08:55.616  5732  5744 D audio_hw_primary_abox: device-adev_set_voice_volume: exit
09-08 09:08:55.617  5732  5788 W BatteryNotifier: batterystats service unavailable!
09-08 09:08:55.617  5732  5788 W AudioFlinger: no wake lock to update, system not ready yet
09-08 09:08:55.618  5732  5732 I AudioFlinger: openOutput(), module 10 Device 2, SamplingRate 48000, Format 0x000001, Channels 3, flags 4
09-08 09:08:55.618  5732  5732 D audio_hw_primary_abox: device-adev_open_output_stream: enter: io_handle (21), sample_rate(48000) channel_mask(0x3) devices(0x2) flags(0x4)
09-08 09:08:55.618  5732  5732 D audio_hw_primary_abox: device-adev_open_output_stream: Requested open fast output
09-08 09:08:55.618  5732  5732 I audio_hw_primary_abox: Check PCM Channel Count: Default(2), Request(2)
09-08 09:08:55.618  5732  5732 I audio_hw_primary_abox: Check PCM Smapling Rate: Default(48000), Request(48000)
09-08 09:08:55.618  5732  5732 I audio_hw_primary_abox: Check PCM Format: Default(0), Request(0)
09-08 09:08:55.618  5732  5732 I audio_hw_primary_abox: fast_out-adev_open_output_stream: Transit to Standby
09-08 09:08:55.618  5732  5732 D PostProcessConvertor: PostProcessConvertorInit ++ OSR 192000, ISR 48000, CC 2, OBW 4, IBW 1 
09-08 09:08:55.618  5732  5732 D SoundAliveResampler: [SoundAliveResampler] Init+++
09-08 09:08:55.618  5732  5732 V audio_hw_primary_abox: fast_out-add_audio_usage: Added Audio Stream into Audio Usage list!
09-08 09:08:55.618  5732  5732 D audio_hw_primary_abox: device-adev_open_output_stream: Opened fast_out stream
09-08 09:08:55.618  5732  5732 V audio_hw_primary_abox: fast_out-out_get_format: exit with audio format = 0x1
09-08 09:08:55.618  5732  5732 V audio_hw_primary_abox: fast_out-out_get_channels: exit with channel mask = 0x3
09-08 09:08:55.618  5732  5732 V audio_hw_primary_abox: fast_out-out_get_sample_rate: exit with sample rate = 48000
09-08 09:08:55.618  5732  5732 V audio_hw_primary_abox: fast_out-out_get_channels: exit with channel mask = 0x3
09-08 09:08:55.618  5732  5732 V audio_hw_primary_abox: fast_out-out_get_format: exit with audio format = 0x1
09-08 09:08:55.618  5732  5732 V audio_hw_primary_abox: fast_out-out_get_format: exit with audio format = 0x1
09-08 09:08:55.618  5732  5732 V audio_hw_primary_abox: fast_out-out_get_format: exit with audio format = 0x1
09-08 09:08:55.618  5732  5732 V audio_hw_primary_abox: fast_out-out_get_channels: exit with channel mask = 0x3
09-08 09:08:55.618  5732  5732 V audio_hw_primary_abox: fast_out-out_get_buffer_size: Period Size = 192, Frame Size = 4
09-08 09:08:55.618  5732  5732 V audio_hw_primary_abox: fast_out-out_get_format: exit with audio format = 0x1
09-08 09:08:55.618  5732  5732 V audio_hw_primary_abox: fast_out-out_get_channels: exit with channel mask = 0x3
09-08 09:08:55.618  5732  5732 I AudioFlinger: HAL output buffer size 192 frames, normal sink buffer size 960 frames
09-08 09:08:55.618  5732  5732 V audio_hw_primary_abox: fast_out-out_get_format: exit with audio format = 0x1
09-08 09:08:55.618  5732  5732 V audio_hw_primary_abox: fast_out-out_get_channels: exit with channel mask = 0x3
09-08 09:08:55.618  5732  5732 V audio_hw_primary_abox: fast_out-out_get_buffer_size: Period Size = 192, Frame Size = 4
09-08 09:08:55.618  5732  5732 V audio_hw_primary_abox: fast_out-out_get_format: exit with audio format = 0x1
09-08 09:08:55.618  5732  5732 V audio_hw_primary_abox: fast_out-out_get_channels: exit with channel mask = 0x3
09-08 09:08:55.618  5732  5732 V audio_hw_primary_abox: fast_out-out_get_format: exit with audio format = 0x1
09-08 09:08:55.618  5732  5732 V audio_hw_primary_abox: fast_out-out_get_sample_rate: exit with sample rate = 48000
09-08 09:08:55.618  5732  5732 V audio_hw_primary_abox: fast_out-out_get_channels: exit with channel mask = 0x3
09-08 09:08:55.618  5732  5790 I AudioFlinger: AudioFlinger's thread 0xf5b03c80 ready to run
09-08 09:08:55.619  5732  5790 W BatteryNotifier: batterystats service unavailable!
09-08 09:08:55.619  5732  5790 D audio_hw_primary_abox: fast_out-out_set_parameters: enter with param = routing=2
09-08 09:08:55.619  5732  5790 D audio_hw_primary_abox: fast_out-out_set_parameters: Requested to change route from 0x2 to 0x2
09-08 09:08:55.619  5732  5790 D audio_hw_primary_abox: fast_out-out_set_parameters: exit
09-08 09:08:55.619  5732  5790 V audio_hw_primary_abox: fast_out-out_standby: enter
09-08 09:08:55.619  5732  5790 V audio_hw_primary_abox: fast_out-out_standby: exit
09-08 09:08:55.620  5732  5790 W BatteryNotifier: batterystats service unavailable!
09-08 09:08:55.620  5732  5790 W BatteryNotifier: batterystats service unavailable!
09-08 09:08:55.620  5732  5790 W AudioFlinger: no wake lock to update, system not ready yet
09-08 09:08:55.621  5732  5732 D audio_hw_primary_abox: device-adev_open_input_stream: enter: io_handle (14), sample_rate(48000) channel_mask(0xc) devices(0x80000004) flags(0) source(1)
09-08 09:08:55.621  5732  5732 I audio_hw_primary_abox: device-adev_open_input_stream: requested input samplerate decides audio path of csvt and vowifi, sample_rate = 48000
09-08 09:08:55.621  5732  5732 D audio_hw_primary_abox: device-adev_open_input_stream: Requested open Primary input
