09-06 23:44:36.800  3177  3177 E tlc_communication:   *****************************
09-06 23:44:36.800  3177  3177 I tlc_communication: Closing MobiCore device;189
09-06 23:44:36.800  3177  3177 E McClient:   *****************************
09-06 23:44:36.800  3177  3177 E McClient:   *** ERROR: Device not open
09-06 23:44:36.800  3177  3177 E McClient:   *** Detected in mcCloseDevice/292()
09-06 23:44:36.800  3177  3177 E McClient:   *****************************
09-06 23:44:36.800  3177  3177 E tlc_communication:   *****************************
09-06 23:44:36.800  3177  3177 E tlc_communication:   *** ERROR: Closing MobiCore device is failed : 33
09-06 23:44:36.800  3177  3177 E tlc_communication:   *** Detected in tlc_close/197()
09-06 23:44:36.800  3177  3177 E tlc_communication:   *****************************
09-06 23:44:36.800  3177  3177 I tlc_communication: tlc_close() successed;202
09-06 23:44:36.800  3177  3177 E bauth_FPBAuthService: BAuthSessionOpen Fail
09-06 23:44:36.800  3177  3177 I TLC_BAUTH: Call FUNC ID 0x4;696
09-06 23:44:36.800  3177  3177 I TLC_BAUTH: Trustlet Session is not opened. status : 0;822
09-06 23:44:36.800  3177  3177 I TLC_BAUTH: FUNC ID 0x4 is completed;828
09-06 23:44:36.800  3177  3177 I TLC_BAUTH: FUNC ID 0x2 is completed;463
09-06 23:44:36.800  3177  3177 D bauth_FPBAuthSensorControl: FPBAuthSensorControl, 304
09-06 23:44:36.800  3177  3177 D bauth_FPBAuthService: FPBAuthService, 688
09-06 23:44:36.800  3177  3177 D bauth_FPBAuthService: FPBAuthService, 7939
09-06 23:44:36.800  3177  3177 E bauth_FPBAuthService: sensor_type error : -1
09-06 23:44:36.800  3177  3177 D bauth_FPBAuthSensorControl: FPBAuthSensorControl, 839
09-06 23:44:36.800  3177  3177 D bauth_FPBAuthService: FPBAuthService, 278
09-06 23:44:36.800  3177  3177 D bauth_FPBAuthService: FPBAuthService, 628
09-06 23:44:36.800  3177  3177 D bauth_FPBAuthService: FPBAuthService, 1864
09-06 23:44:36.800  3177  3177 D bauth_FPBAuthService: FPBAuthService, 649
09-06 23:44:36.800  3177  3177 D bauth_FPBAuthSensorControl: FPBAuthSensorControl, 304
09-06 23:44:36.800  3177  3177 D bauth_FPBAuthService: FPBAuthService, 666
09-06 23:44:36.801  3177  3177 D bauth_FPBAuthService: FPBAuthService, 1886
09-06 23:44:36.801  3177  3177 I TLC_BAUTH: FUNC ID 0x1 is completed;437
09-06 23:44:36.801  3177  3177 I TLC_BAUTH: Call FUNC ID 0x3 , 5;477
09-06 23:44:36.801  3177  3177 I tlc_communication: tlc_open() called;82
09-06 23:44:36.801  3177  3177 I tlc_communication: Opening MobiCore device;86
09-06 23:44:36.801  3137  3193 E TeeMcDaemon: Insufficient data arrived [hardware/samsung_slsi/exynos8895/mobicore_kinibi400/Daemon/src/RegistryServer.cpp:404]
09-06 23:44:36.801  3177  3177 E McClient:   *****************************
09-06 23:44:36.801  3177  3177 E McClient:   *** ERROR: reading from Daemon failed
09-06 23:44:36.801  3177  3177 E McClient:   *** Detected in getDaemonVersion/1472()
09-06 23:44:36.801  3177  3177 E McClient:   *****************************
09-06 23:44:36.801  3177  3177 E tlc_communication:   *****************************
09-06 23:44:36.801  3177  3177 E tlc_communication:   *** ERROR: Opening MobiCore device is failed : 15
09-06 23:44:36.801  3177  3177 E tlc_communication:   *** Detected in tlc_open/94()
09-06 23:44:36.801  3177  3177 E tlc_communication:   *****************************
09-06 23:44:36.801  3177  3177 E TLC_BAUTH:   *****************************
09-06 23:44:36.801  3177  3177 E TLC_BAUTH:   *** ERROR: Open Trustlet Session is failed!!!
09-06 23:44:36.801  3177  3177 E TLC_BAUTH:   *** Detected in BAuth_SessionOpen/531()
09-06 23:44:36.801  3177  3177 E TLC_BAUTH:   *****************************
09-06 23:44:36.801  3177  3177 I tlc_communication: tlc_close() called;149
09-06 23:44:36.801  3177  3177 I tlc_communication: Closing the session;153
09-06 23:44:36.801  3177  3177 E McClient:   *****************************
09-06 23:44:36.801  3177  3177 E McClient:   *** ERROR: Device has not been found
09-06 23:44:36.801  3177  3177 E McClient:   *** Detected in mcCloseSession/906()
09-06 23:44:36.801  3177  3177 E McClient:   *****************************
09-06 23:44:36.801  3177  3177 E tlc_communication:   *****************************
09-06 23:44:36.801  3177  3177 E tlc_communication:   *** ERROR: Closing the Driver session is failed : 7
09-06 23:44:36.801  3177  3177 E tlc_communication:   *** Detected in tlc_close/157()
09-06 23:44:36.801  3177  3177 E tlc_communication:   *****************************
09-06 23:44:36.801  3177  3177 E McClient:   *****************************
09-06 23:44:36.801  3177  3177 E McClient:   *** ERROR: Device has not been found
09-06 23:44:36.801  3177  3177 E McClient:   *** Detected in mcCloseSession/906()
09-06 23:44:36.801  3177  3177 E McClient:   *****************************
09-06 23:44:36.801  3177  3177 E tlc_communication:   *****************************
09-06 23:44:36.801  3177  3177 E tlc_communication:   *** ERROR: Closing the Trustlet session is failed : 7
09-06 23:44:36.801  3177  3177 E tlc_communication:   *** Detected in tlc_close/164()
09-06 23:44:36.801  3177  3177 E tlc_communication:   *****************************
09-06 23:44:36.801  3177  3177 I tlc_communication: Free WSM;171
09-06 23:44:36.801  3177  3177 E McClient:   *****************************
09-06 23:44:36.801  3177  3177 E McClient:   *** ERROR: Device has not been found
09-06 23:44:36.801  3177  3177 E McClient:   *** Detected in mcFreeWsm/1143()
09-06 23:44:36.801  3177  3177 E McClient:   *****************************
09-06 23:44:36.801  3177  3177 E tlc_communication:   *****************************
09-06 23:44:36.801  3177  3177 E tlc_communication:   *** ERROR: Free WSM for Trustlet is failed : 7
09-06 23:44:36.802  3177  3177 E tlc_communication:   *** Detected in tlc_close/175()
09-06 23:44:36.802  3177  3177 E tlc_communication:   *****************************
09-06 23:44:36.802  3177  3177 E McClient:   *****************************
09-06 23:44:36.802  3177  3177 E McClient:   *** ERROR: Device has not been found
09-06 23:44:36.802  3177  3177 E McClient:   *** Detected in mcFreeWsm/1143()
09-06 23:44:36.802  3177  3177 E McClient:   *****************************
09-06 23:44:36.802  3177  3177 E tlc_communication:   *****************************
09-06 23:44:36.802  3177  3177 E tlc_communication:   *** ERROR: Free WSM for Driver is failed : 7
09-06 23:44:36.802  3177  3177 E tlc_communication:   *** Detected in tlc_close/182()
09-06 23:44:36.802  3177  3177 E tlc_communication:   *****************************
09-06 23:44:36.802  3177  3177 I tlc_communication: Closing MobiCore device;189
09-06 23:44:36.802  3177  3177 E McClient:   *****************************
09-06 23:44:36.802  3177  3177 E McClient:   *** ERROR: Device not open
09-06 23:44:36.802  3177  3177 E McClient:   *** Detected in mcCloseDevice/292()
09-06 23:44:36.802  3177  3177 E McClient:   *****************************
09-06 23:44:36.802  3177  3177 E tlc_communication:   *****************************
09-06 23:44:36.802  3177  3177 E tlc_communication:   *** ERROR: Closing MobiCore device is failed : 33
09-06 23:44:36.802  3177  3177 E tlc_communication:   *** Detected in tlc_close/197()
09-06 23:44:36.802  3177  3177 E tlc_communication:   *****************************
09-06 23:44:36.802  3177  3177 I tlc_communication: tlc_close() successed;202
09-06 23:44:36.802  3177  3177 E bauth_FPBAuthService: BAuthSessionOpen Fail
09-06 23:44:36.802  3177  3177 D bauth_FPBAuthService: thread id : 3, preenroll_flag : 0, nd cnt : 0
09-06 23:44:36.802  3177  3177 D bauth_FPBAuthService: FPBAuthService, 7282
09-06 23:44:36.802  3177  3177 D bauth_service: BAuthService, 248
09-06 23:44:36.802  3177  3177 E fingerprintd: Wrong fp version. Expected 513, got 512
09-06 23:44:36.802  3177  3177 D bauth_service: BAuthService, 1692
09-06 23:44:36.802  3177  3177 D bauth_FPBAuthService: FPBAUTH setNotifyCallback
09-06 23:44:36.802  3177  3177 D bauth_FPBAuthService: thread id : 3, preenroll_flag : 0, nd cnt : 0
09-06 23:44:36.802  3177  3177 D bauth_service: BAuthService, 1711
09-06 23:44:36.802  3177  3177 V fingerprintd: fingerprint HAL successfully initialized
09-06 23:44:36.804  3565  3565 E SELinux : selinux_android_file_context_handle: Error getting file context handle (No such file or directory)
09-06 23:44:36.804  3177  3177 V fingerprintd: setActiveGroup(0, /data/system/users/0/fpdata, 27)
09-06 23:44:36.804  3177  3177 D bauth_service: BAuthService, 1718
09-06 23:44:36.804  3177  3177 E bauth_FPBAuthService: active_group path is diff : /data/system/users/0/fpdata
09-06 23:44:36.804  3177  3177 D bauth_FPBAuthService: FPBAuthService, 4229
09-06 23:44:36.804  3177  3177 D bauth_FPBAuthService: FPBAuthService, 5217
09-06 23:44:36.804  3177  3177 D bauth_FPBAuthService: FPBAuthService, 5221
09-06 23:44:36.804  3177  3177 D bauth_FPBAuthService: FPBAuthService, 5264
09-06 23:44:36.806  3177  3177 E bauth_FPBAuthServiceStorage: UserID Directory is not existed
09-06 23:44:36.806  3177  3177 E bauth_FPBAuthService: getEnrolledBioIdxList num templates is in DB is 0
09-06 23:44:36.806  3177  3177 D bauth_FPBAuthService: FPBAuthService, 5224
09-06 23:44:36.806  3177  3177 D bauth_FPBAuthService: enumerate bioidxList.length==0 or 1
09-06 23:44:36.806  3177  3177 D bauth_FPBAuthService: FPBAuthService, 5264
09-06 23:44:36.806  3177  3177 E bauth_FPBAuthServiceStorage: UserID Directory is not existed
09-06 23:44:36.806  3177  3177 E bauth_FPBAuthService: getEnrolledBioIdxList num templates is in DB is 0
09-06 23:44:36.806  3177  3177 D bauth_FPBAuthService: FPBAuthService, 5255
09-06 23:44:36.806  3177  3177 D bauth_FPBAuthService: BAuthSessionOpen Skip
09-06 23:44:36.806  3177  3177 E bauth_FPBAuthServiceStorage: FPBAuthServiceStorage::readCALIBRATIONMetaData VERSION file isn't exist
09-06 23:44:36.806  3177  3177 E bauth_FPBAuthService: Version file isn't exist
09-06 23:44:36.806  3177  3177 E bauth_FPBAuthServiceStorage:  FPBAuthServiceStorage::readSEC_AUTH_IDMetaData fileopen error : 2
09-06 23:44:36.806  3177  3177 D bauth_FPBAuthService: SEC_AUTH_ID file isn't exist
09-06 23:44:36.806  3177  3177 I TLC_BAUTH: Call FP cmd 0xc (45);1562
09-06 23:44:36.807  3177  3177 I TLC_BAUTH: status : 0, cmd : 0x0x0 rsp : 0x0x0;1599
09-06 23:44:36.807  3177  3177 E TLC_BAUTH:   *****************************
09-06 23:44:36.807  3177  3177 E TLC_BAUTH:   *** ERROR: TZ Session is not opened properly - Ignore
09-06 23:44:36.807  3177  3177 E TLC_BAUTH:   *** Detected in BAuth_Control_OP/1599()
09-06 23:44:36.807  3177  3177 E TLC_BAUTH:   *****************************
09-06 23:44:36.807  3177  3177 E bauth_FPBAuthService: set_active_group BAUTH_OP_CODE_SAVE_SECAUTH_ID fail : 29
09-06 23:44:36.807  3177  3177 D bauth_FPBAuthService: FPBAuthService, 4462
09-06 23:44:36.807  3177  3177 D bauth_FPBAuthService: thread id : 3, preenroll_flag : 0, nd cnt : 0
09-06 23:44:36.807  3177  3177 D bauth_service: BAuthService, 1739
09-06 23:44:36.807  3177  3177 D bauth_service: BAuthService, 371
09-06 23:44:36.807  3177  3177 D bauth_FPBAuthService: get_aid val : 0
09-06 23:44:36.807  3177  3177 D bauth_FPBAuthService: thread id : 3, preenroll_flag : 0, nd cnt : 0
09-06 23:44:36.807  3177  3177 D bauth_service: BAuthService, 390
09-06 23:44:36.807  3177  3177 D bauth_service: BAuthService, 371
09-06 23:44:36.808  3177  3177 D bauth_FPBAuthService: get_aid val : 0
09-06 23:44:36.808  3177  3177 D bauth_FPBAuthService: thread id : 3, preenroll_flag : 0, nd cnt : 0
09-06 23:44:36.808  3177  3177 D bauth_service: BAuthService, 390
09-06 23:44:36.808  3565  3565 V FingerprintService: Fingerprint HAL id: 547466019328
09-06 23:44:36.808  3565  3565 I SystemServer: StartBackgroundDexOptService
09-06 23:44:36.809  3565  3565 I SystemServiceManager: Starting com.android.server.pm.ShortcutService$Lifecycle
09-06 23:44:36.812  3565  3565 I SystemServiceManager: Starting com.android.server.pm.LauncherAppsService
09-06 23:44:36.814  3565  3565 I SystemServiceManager: Starting com.android.server.media.projection.MediaProjectionManagerService
09-06 23:44:36.816  3565  3565 V MediaRouter: Adding route: RouteInfo{ name=Phone, description=null, status=null, category=RouteCategory{ name=null types=ROUTE_TYPE_LIVE_AUDIO ROUTE_TYPE_LIVE_VIDEO  groupable=false }, supportedTypes=ROUTE_TYPE_LIVE_AUDIO ROUTE_TYPE_LIVE_VIDEO , presentationDisplay=null }
09-06 23:44:36.818  3565  3565 V MediaRouter: Updating audio routes: AudioRoutesInfo{ type=SPEAKER }
09-06 23:44:36.819  3565  3565 V MediaRouter: Selecting route: RouteInfo{ name=Phone, description=null, status=null, category=RouteCategory{ name=null types=ROUTE_TYPE_LIVE_AUDIO ROUTE_TYPE_LIVE_VIDEO  groupable=false }, supportedTypes=ROUTE_TYPE_LIVE_AUDIO ROUTE_TYPE_LIVE_VIDEO , presentationDisplay=null }
09-06 23:44:36.858  3565  3565 I SyncManager: No initial accounts
09-06 23:44:36.859  3565  3565 I SyncManager: No initial status
09-06 23:44:36.859  3565  3565 I SyncManager: No initial statistics
09-06 23:44:36.910  3565  3565 I WindowManager: SAFE MODE not enabled
09-06 23:44:36.912  3565  3565 I SystemServiceManager: Starting com.android.server.MmsServiceBroker
09-06 23:44:36.917  3565  3565 I CMSystemServer: Attempting to start service org.cyanogenmod.platform.internal.CMStatusBarManagerService
09-06 23:44:36.926  3565  3565 I CMSystemServer: Starting service org.cyanogenmod.platform.internal.CMStatusBarManagerService
09-06 23:44:36.926  3565  3565 I SystemServiceManager: Starting org.cyanogenmod.platform.internal.CMStatusBarManagerService
09-06 23:44:36.927  3565  3565 D CMStatusBarManagerService: registerCMStatusBar cmstatusbar: org.cyanogenmod.platform.internal.CMStatusBarManagerService@b3e7769
09-06 23:44:36.931  3565  3565 I CMSystemServer: Attempting to start service org.cyanogenmod.platform.internal.ProfileManagerService
09-06 23:44:36.938  3565  3565 I CMSystemServer: Starting service org.cyanogenmod.platform.internal.ProfileManagerService
09-06 23:44:36.938  3565  3565 I SystemServiceManager: Starting org.cyanogenmod.platform.internal.ProfileManagerService
09-06 23:44:36.940  3145  3145 E ServiceManager: add_service('profile',6d) uid=1000 - ALREADY REGISTERED, OVERRIDE
09-06 23:44:36.941  3145  3145 I ServiceManager: service 'profile' died
09-06 23:44:36.950  3565  3565 V ProfileTriggerHelper: Enabling
09-06 23:44:36.962  3565  3565 D CMProfileService: Set active profile to: 0230226d-0d05-494a-a9bd-d222a1117655 - Default
09-06 23:44:36.962  3565  3565 D CMProfileService: Saving profile data...
09-06 23:44:36.965  3565  3565 D CMProfileService: Save completed.
09-06 23:44:36.966  3565  3565 I CMSystemServer: Attempting to start service org.cyanogenmod.platform.internal.CMTelephonyManagerService
09-06 23:44:36.967  3565  3565 I CMSystemServer: Starting service org.cyanogenmod.platform.internal.CMTelephonyManagerService
09-06 23:44:36.967  3565  3565 I SystemServiceManager: Starting org.cyanogenmod.platform.internal.CMTelephonyManagerService
09-06 23:44:36.968  3565  3565 I CMSystemServer: Attempting to start service org.cyanogenmod.platform.internal.CMHardwareService
09-06 23:44:36.988  3565  3565 I CMSystemServer: Starting service org.cyanogenmod.platform.internal.CMHardwareService
09-06 23:44:36.988  3565  3565 I SystemServiceManager: Starting org.cyanogenmod.platform.internal.CMHardwareService
09-06 23:44:36.992  3145  3145 E ServiceManager: add_service('cmhardware',6f) uid=1000 - ALREADY REGISTERED, OVERRIDE
09-06 23:44:36.992  3145  3145 I ServiceManager: service 'cmhardware' died
09-06 23:44:36.992  3565  3565 I CMSystemServer: Attempting to start service org.cyanogenmod.platform.internal.PerformanceManagerService
09-06 23:44:36.994  3565  4693 I ServiceThread: Enabled StrictMode logging for PerformanceManager looper.
09-06 23:44:36.995  3565  3565 I CMSystemServer: Starting service org.cyanogenmod.platform.internal.PerformanceManagerService
09-06 23:44:36.995  3565  3565 I SystemServiceManager: Starting org.cyanogenmod.platform.internal.PerformanceManagerService
09-06 23:44:36.996  3565  4694 I ServiceThread: Enabled StrictMode logging for PerformanceManager looper.
09-06 23:44:36.997  3565  3565 I CMSystemServer: Attempting to start service org.cyanogenmod.platform.internal.WeatherManagerServiceBroker
09-06 23:44:36.998  3565  3565 I CMSystemServer: Starting service org.cyanogenmod.platform.internal.WeatherManagerServiceBroker
09-06 23:44:36.998  3565  3565 I SystemServiceManager: Starting org.cyanogenmod.platform.internal.WeatherManagerServiceBroker
09-06 23:44:36.999  3565  3565 I CMSystemServer: Attempting to start service org.cyanogenmod.platform.internal.display.LiveDisplayService
09-06 23:44:37.001  3565  4695 I ServiceThread: Enabled StrictMode logging for LiveDisplay looper.
09-06 23:44:37.003  3565  3565 I CMSystemServer: Starting service org.cyanogenmod.platform.internal.display.LiveDisplayService
09-06 23:44:37.003  3565  3565 I SystemServiceManager: Starting org.cyanogenmod.platform.internal.display.LiveDisplayService
09-06 23:44:37.006  3565  4680 D AssetAtlas: Found best atlas configuration (out of 356) in 0.25s
09-06 23:44:37.007  3565  4680 D AssetAtlas: Loaded configuration: SliceMinArea (1600x1024) flags=0x2 count=98
09-06 23:44:37.008  3565  4696 I ServiceThread: Enabled StrictMode logging for LiveDisplay looper.
09-06 23:44:37.009  3565  3565 I CMSystemServer: Attempting to start service org.cyanogenmod.platform.internal.CMAudioServiceBroker
09-06 23:44:37.010  3565  3565 I CMSystemServer: Starting service org.cyanogenmod.platform.internal.CMAudioServiceBroker
09-06 23:44:37.010  3565  3565 I SystemServiceManager: Starting org.cyanogenmod.platform.internal.CMAudioServiceBroker
09-06 23:44:37.011  3565  3565 I SystemServiceManager: Starting com.android.server.retaildemo.RetailDemoModeService
09-06 23:44:37.012  3565  4697 I ServiceThread: Enabled StrictMode logging for RetailDemoModeService looper.
09-06 23:44:37.031  4680  4680 I Thread-2: type=1400 audit(0.0:127): avc: denied { read write } for name="fimg2d" dev="tmpfs" ino=16077 scontext=u:r:system_server:s0 tcontext=u:object_r:device:s0 tclass=chr_file permissive=1
09-06 23:44:37.031  4680  4680 I Thread-2: type=1400 audit(0.0:127): avc: denied { open } for path="/dev/fimg2d" dev="tmpfs" ino=16077 scontext=u:r:system_server:s0 tcontext=u:object_r:device:s0 tclass=chr_file permissive=1
09-06 23:44:37.031  4680  4680 W Thread-2: type=1300 audit(0.0:127): arch=c00000b7 syscall=56 success=yes exit=164 a0=ffffff9c a1=7f8857c703 a2=2 a3=0 items=0 ppid=3165 auid=4294967295 uid=1000 gid=1000 euid=1000 suid=1000 fsuid=1000 egid=1000 sgid=1000 fsgid=1000 tty=(none) ses=4294967295 exe="/system/bin/app_process64" subj=u:r:system_server:s0 key=(null)
09-06 23:44:37.031  3076  3076 W auditd  : type=1327 audit(0.0:127): proctitle="system_server"
09-06 23:44:37.031  3076  3076 W auditd  : type=1320 audit(0.0:127): 
09-06 23:44:37.031  4680  4680 I Thread-2: type=1400 audit(0.0:128): avc: denied { ioctl } for path="/dev/fimg2d" dev="tmpfs" ino=16077 ioctlcmd=4d04 scontext=u:r:system_server:s0 tcontext=u:object_r:device:s0 tclass=chr_file permissive=1
09-06 23:44:37.031  4680  4680 W Thread-2: type=1300 audit(0.0:128): arch=c00000b7 syscall=29 success=yes exit=0 a0=a5 a1=c1104d04 a2=7f883a0eb0 a3=0 items=0 ppid=3165 auid=4294967295 uid=1000 gid=1000 euid=1000 suid=1000 fsuid=1000 egid=1000 sgid=1000 fsgid=1000 tty=(none) ses=4294967295 exe="/system/bin/app_process64" subj=u:r:system_server:s0 key=(null)
09-06 23:44:37.031  3076  3076 W auditd  : type=1327 audit(0.0:128): proctitle="system_server"
09-06 23:44:37.031  3076  3076 W auditd  : type=1320 audit(0.0:128): 
09-06 23:44:37.042  3565  4680 D AssetAtlas: Rendered atlas in 32.28ms (25.21+7.07ms)
09-06 23:44:37.129  3565  3565 E SQLiteLog: (1) no such table: locksettings
09-06 23:44:37.175  3565  3565 I LockSettingsService: Migrated lock settings to new location
09-06 23:44:37.193  3565  3565 I LockSettingsService: Migrated per-user lock settings to new location
09-06 23:44:37.226  3565  3565 I LockSettingsService: Migrated biometric weak to use the fallback instead
09-06 23:44:37.242  3565  3565 I LockSettingsService: Migrated lockscreen disabled flag
09-06 23:44:37.249  3565  3565 E LockSettingsStorage: Cannot read file java.io.FileNotFoundException: /data/system/gatekeeper.password.key: open failed: ENOENT (No such file or directory)
09-06 23:44:37.249  3565  3565 E LockSettingsStorage: Cannot read file java.io.FileNotFoundException: /data/system/password.key: open failed: ENOENT (No such file or directory)
09-06 23:44:37.250  3565  3565 E LockSettingsStorage: Cannot read file java.io.FileNotFoundException: /data/system/gatekeeper.pattern.key: open failed: ENOENT (No such file or directory)
09-06 23:44:37.250  3565  3565 E LockSettingsStorage: Cannot read file java.io.FileNotFoundException: /data/system/gatekeeper.gesture.key: open failed: ENOENT (No such file or directory)
09-06 23:44:37.250  3565  3565 E LockSettingsStorage: Cannot read file java.io.FileNotFoundException: /data/system/gesture.key: open failed: ENOENT (No such file or directory)
09-06 23:44:37.250  3565  3565 I SystemServiceManager: Starting phase 480
09-06 23:44:37.254  3565  3565 I SystemServiceManager: Starting phase 500
09-06 23:44:37.259  3565  3565 D ConnectivityMetricsLoggerService: onBootPhase: PHASE_SYSTEM_SERVICES_READY
09-06 23:44:37.264  3565  3565 I WifiService: WifiService starting up with Wi-Fi enabled
09-06 23:44:37.267  3565  3565 D WifiService: setWifiEnabled: true pid=3565, uid=1000
09-06 23:44:37.267  3565  3565 I WifiScanningService: Starting wifiscanner
09-06 23:44:37.268  3565  4655 D WifiController: WifiController msg { when=0 what=155656 target=com.android.internal.util.StateMachine$SmHandler } deferred for 499ms
09-06 23:44:37.273  3565  3565 I RttService: Registering rttmanager
09-06 23:44:37.275  3565  3565 I EthernetServiceImpl: Starting Ethernet service
09-06 23:44:37.277  3565  3565 D Ethernet: Registering NetworkFactory
09-06 23:44:37.277  3565  4660 D ConnectivityService: Got NetworkFactory Messenger for Ethernet
09-06 23:44:37.278  3565  4714 D Ethernet: got request NetworkRequest [ REQUEST id=1, [ Capabilities: INTERNET&NOT_RESTRICTED&TRUSTED&NOT_VPN] ] with score 0
09-06 23:44:37.297  3565  3565 D ZenLog  : config: cleanUpZenRules,ZenModeConfig[user=0,allowCalls=true,allowRepeatCallers=false,allowMessages=false,allowCallsFrom=contacts,allowMessagesFrom=contacts,allowReminders=true,allowEvents=true,allowWhenScreenOff=true,allowWhenScreenOn=true,automaticRules={d255333a943a4507a3a1fcfb73628768=ZenRule[enabled=false,snoozing=false,name=Weeknight,zenMode=ZEN_MODE_ALARMS,conditionId=condition://android/schedule?days=1.2.3.4.5&start=22.0&end=7.0&exitAtAlarm=false,condition=null,component=ComponentInfo{android/com.android.server.notification.ScheduleConditionProvider},id=d255333a943a4507a3a1fcfb73628768,creationTime=1504741475449,enabler=null], eb3af18212514e87a73f350fa6673d64=ZenRule[enabled=false,snoozing=false,name=Event,zenMode=ZEN_MODE_ALARMS,conditionId=condition://android/event?userId=-10000&calendar=&reply=1,condition=null,component=ComponentInfo{android/com.android.server.notification.EventConditionProvider},id=eb3af18212514e87a73f350fa6673d64,creationTime=1504741475450,enabler=null], 899f906d93554d8396858baec7ff7892=ZenRule[enabled=false,snoozing=false,name=Weekend,zenMode=ZEN_MODE_ALARMS,conditionId=condition://android/schedule?days=6.7&start=23.30&end=10.0&exitAtAlarm=false,condition=null,component=ComponentInfo{android/com.android.server.notification.ScheduleConditionProvider},id=899f906d93554d8396858baec7ff7892,creationTime=1504741475450,enabler=null]},manualRule=null],Diff[]
09-06 23:44:37.298  3565  3565 D ZenLog  : set_zen_mode: off,onSystemReady
09-06 23:44:37.301  3167  3367 D PermissionCache: checking android.permission.CAPTURE_AUDIO_HOTWORD for uid=1000 => granted (201 us)
09-06 23:44:37.301  3565  3565 W SoundTriggerHelper: listModules status=0, # of modules=0
09-06 23:44:37.301  3565  3565 D ContextHubSystemService: onBootPhase: PHASE_SYSTEM_SERVICES_READY
09-06 23:44:37.306  3565  3565 E PerformanceManager: System is not ready, dropping profile request
09-06 23:44:37.385  3565  3565 I DefaultPermGrantPolicy: Granting permissions to platform components for user 0
09-06 23:44:37.386  3565  3565 D VoldConnector: SND -> {4 volume remount_uid 1001 none}
09-06 23:44:37.386  3565  3660 W LocalDisplayAdapter: Unable to find color mode 0, ignoring request.
09-06 23:44:37.387  3068  3133 D vold    : Remounting 1001 as mode none
09-06 23:44:37.390  3068  3133 D vold    : Found matching PID 3161
09-06 23:44:37.390  3068  3133 W vold    : Skipping due to root namespace
09-06 23:44:37.390  3565  4004 D VoldConnector: RCV <- {200 4 Command succeeded}
09-06 23:44:37.392  3565  3565 D VoldConnector: SND -> {5 volume remount_uid 1001 none}
09-06 23:44:37.393  3068  3133 D vold    : Remounting 1001 as mode none
09-06 23:44:37.395  3068  3133 D vold    : Found matching PID 3161
09-06 23:44:37.396  3068  3133 W vold    : Skipping due to root namespace
09-06 23:44:37.396  3565  4004 D VoldConnector: RCV <- {200 5 Command succeeded}
09-06 23:44:37.399  3565  3565 D VoldConnector: SND -> {6 volume remount_uid 1027 none}
09-06 23:44:37.400  3068  3133 D vold    : Remounting 1027 as mode none
09-06 23:44:37.403  3565  4004 D VoldConnector: RCV <- {200 6 Command succeeded}
09-06 23:44:37.404  3565  3565 D VoldConnector: SND -> {7 volume remount_uid 1027 none}
09-06 23:44:37.405  3068  3133 D vold    : Remounting 1027 as mode none
09-06 23:44:37.408  3565  4004 D VoldConnector: RCV <- {200 7 Command succeeded}
09-06 23:44:37.410  3565  3565 D VoldConnector: SND -> {8 volume remount_uid 1000 none}
09-06 23:44:37.411  3068  3133 D vold    : Remounting 1000 as mode none
09-06 23:44:37.414  3068  3133 D vold    : Found matching PID 3137
09-06 23:44:37.414  3068  3133 W vold    : Skipping due to root namespace
09-06 23:44:37.414  3068  3133 D vold    : Found matching PID 3145
09-06 23:44:37.414  3068  3133 W vold    : Skipping due to root namespace
09-06 23:44:37.414  3068  3133 D vold    : Found matching PID 3146
09-06 23:44:37.414  3068  3133 W vold    : Skipping due to root namespace
09-06 23:44:37.414  3068  3133 D vold    : Found matching PID 3177
09-06 23:44:37.414  3068  3133 W vold    : Skipping due to root namespace
09-06 23:44:37.414  3068  3133 D vold    : Found matching PID 3178
09-06 23:44:37.414  3068  3133 W vold    : Skipping due to root namespace
09-06 23:44:37.414  3068  3133 D vold    : Found matching PID 3565
09-06 23:44:37.444  3565  4004 D VoldConnector: RCV <- {200 8 Command succeeded}
09-06 23:44:37.446  3565  3565 D VoldConnector: SND -> {9 volume remount_uid 1000 none}
09-06 23:44:37.447  3068  3133 D vold    : Remounting 1000 as mode none
09-06 23:44:37.449  3068  3133 D vold    : Found matching PID 3137
09-06 23:44:37.449  3068  3133 W vold    : Skipping due to root namespace
09-06 23:44:37.449  3068  3133 D vold    : Found matching PID 3145
09-06 23:44:37.449  3068  3133 W vold    : Skipping due to root namespace
09-06 23:44:37.450  3068  3133 D vold    : Found matching PID 3146
09-06 23:44:37.450  3068  3133 W vold    : Skipping due to root namespace
09-06 23:44:37.450  3068  3133 D vold    : Found matching PID 3177
09-06 23:44:37.450  3068  3133 W vold    : Skipping due to root namespace
09-06 23:44:37.450  3068  3133 D vold    : Found matching PID 3178
09-06 23:44:37.450  3068  3133 W vold    : Skipping due to root namespace
09-06 23:44:37.450  3068  3133 D vold    : Found matching PID 3565
09-06 23:44:37.451  3565  4004 D VoldConnector: RCV <- {200 9 Command succeeded}
09-06 23:44:37.460  3565  3565 D VoldConnector: SND -> {10 volume remount_uid 2000 none}
09-06 23:44:37.461  3068  3133 D vold    : Remounting 2000 as mode none
09-06 23:44:37.464  3565  4004 D VoldConnector: RCV <- {200 10 Command succeeded}
09-06 23:44:37.466  3565  3565 D VoldConnector: SND -> {11 volume remount_uid 2000 none}
09-06 23:44:37.466  3068  3133 D vold    : Remounting 2000 as mode none
09-06 23:44:37.469  3565  4004 D VoldConnector: RCV <- {200 11 Command succeeded}
09-06 23:44:37.472  3565  3565 D VoldConnector: SND -> {12 volume remount_uid 10034 none}
09-06 23:44:37.473  3068  3133 D vold    : Remounting 10034 as mode none
09-06 23:44:37.476  3565  4004 D VoldConnector: RCV <- {200 12 Command succeeded}
09-06 23:44:37.477  3565  3565 D VoldConnector: SND -> {13 volume remount_uid 10034 none}
09-06 23:44:37.478  3068  3133 D vold    : Remounting 10034 as mode none
09-06 23:44:37.481  3565  4004 D VoldConnector: RCV <- {200 13 Command succeeded}
09-06 23:44:37.485  3565  3565 D VoldConnector: SND -> {14 volume remount_uid 1002 none}
09-06 23:44:37.486  3068  3133 D vold    : Remounting 1002 as mode none
09-06 23:44:37.489  3565  4004 D VoldConnector: RCV <- {200 14 Command succeeded}
09-06 23:44:37.490  3565  3565 D VoldConnector: SND -> {15 volume remount_uid 1002 none}
09-06 23:44:37.491  3068  3133 D vold    : Remounting 1002 as mode none
09-06 23:44:37.494  3565  4004 D VoldConnector: RCV <- {200 15 Command succeeded}
09-06 23:44:37.497  3565  3565 I DefaultPermGrantPolicy: Granting permissions to default platform handlers for user 0
09-06 23:44:37.498  3565  3565 W VoiceInteractionManagerService: no available voice interaction services found for user 0
09-06 23:44:37.498  3565  3565 W VoiceInteractionManagerService: no available voice recognition services found for user 0
09-06 23:44:37.530  3565  3565 D VoldConnector: SND -> {16 volume remount_uid 10022 none}
09-06 23:44:37.531  3068  3133 D vold    : Remounting 10022 as mode none
09-06 23:44:37.534  3565  4004 D VoldConnector: RCV <- {200 16 Command succeeded}
09-06 23:44:37.536  3565  3565 D VoldConnector: SND -> {17 volume remount_uid 10042 none}
09-06 23:44:37.537  3068  3133 D vold    : Remounting 10042 as mode none
09-06 23:44:37.540  3565  4004 D VoldConnector: RCV <- {200 17 Command succeeded}
09-06 23:44:37.542  3565  3565 D VoldConnector: SND -> {18 volume remount_uid 10042 none}
09-06 23:44:37.543  3068  3133 D vold    : Remounting 10042 as mode none
09-06 23:44:37.546  3565  4004 D VoldConnector: RCV <- {200 18 Command succeeded}
09-06 23:44:37.547  3565  3565 D VoldConnector: SND -> {19 volume remount_uid 10009 none}
09-06 23:44:37.548  3068  3133 D vold    : Remounting 10009 as mode none
09-06 23:44:37.551  3565  4004 D VoldConnector: RCV <- {200 19 Command succeeded}
09-06 23:44:37.552  3565  3565 D VoldConnector: SND -> {20 volume remount_uid 10009 none}
09-06 23:44:37.553  3068  3133 D vold    : Remounting 10009 as mode none
09-06 23:44:37.556  3565  4004 D VoldConnector: RCV <- {200 20 Command succeeded}
09-06 23:44:37.558  3565  3565 D VoldConnector: SND -> {21 volume remount_uid 10015 none}
09-06 23:44:37.559  3068  3133 D vold    : Remounting 10015 as mode none
09-06 23:44:37.562  3565  4004 D VoldConnector: RCV <- {200 21 Command succeeded}
09-06 23:44:37.564  3565  3565 D VoldConnector: SND -> {22 volume remount_uid 10015 none}
09-06 23:44:37.565  3068  3133 D vold    : Remounting 10015 as mode none
09-06 23:44:37.568  3565  4004 D VoldConnector: RCV <- {200 22 Command succeeded}
09-06 23:44:37.580  3565  3565 D VoldConnector: SND -> {23 volume remount_uid 10004 none}
09-06 23:44:37.581  3068  3133 D vold    : Remounting 10004 as mode none
09-06 23:44:37.584  3565  4004 D VoldConnector: RCV <- {200 23 Command succeeded}
09-06 23:44:37.585  3565  3565 D VoldConnector: SND -> {24 volume remount_uid 10004 none}
09-06 23:44:37.586  3068  3133 D vold    : Remounting 10004 as mode none
09-06 23:44:37.589  3565  4004 D VoldConnector: RCV <- {200 24 Command succeeded}
09-06 23:44:37.601  3565  3565 D VoldConnector: SND -> {25 volume remount_uid 10024 none}
09-06 23:44:37.602  3068  3133 D vold    : Remounting 10024 as mode none
09-06 23:44:37.605  3565  4004 D VoldConnector: RCV <- {200 25 Command succeeded}
09-06 23:44:37.607  3565  3565 D VoldConnector: SND -> {26 volume remount_uid 10024 none}
09-06 23:44:37.608  3068  3133 D vold    : Remounting 10024 as mode none
09-06 23:44:37.611  3565  4004 D VoldConnector: RCV <- {200 26 Command succeeded}
09-06 23:44:37.617  3565  3565 D VoldConnector: SND -> {27 volume remount_uid 10012 none}
09-06 23:44:37.618  3068  3133 D vold    : Remounting 10012 as mode none
09-06 23:44:37.621  3565  4004 D VoldConnector: RCV <- {200 27 Command succeeded}
09-06 23:44:37.623  3565  3565 D VoldConnector: SND -> {28 volume remount_uid 10012 none}
09-06 23:44:37.624  3068  3133 D vold    : Remounting 10012 as mode none
09-06 23:44:37.627  3565  4004 D VoldConnector: RCV <- {200 28 Command succeeded}
09-06 23:44:37.630  3565  3565 D VoldConnector: SND -> {29 volume remount_uid 10026 none}
09-06 23:44:37.631  3068  3133 D vold    : Remounting 10026 as mode none
09-06 23:44:37.634  3565  4004 D VoldConnector: RCV <- {200 29 Command succeeded}
09-06 23:44:37.635  3565  3565 D VoldConnector: SND -> {30 volume remount_uid 10026 none}
09-06 23:44:37.636  3068  3133 D vold    : Remounting 10026 as mode none
09-06 23:44:37.639  3565  4004 D VoldConnector: RCV <- {200 30 Command succeeded}
09-06 23:44:37.642  3565  3565 V UserManagerService: Found /data/user_de/0 with serial number -1
09-06 23:44:37.642  3565  3565 D UserManagerService: Serial number missing on /data/user_de/0; assuming current is valid
09-06 23:44:37.642  3565  3565 V UserManagerService: Found /data/user/0 with serial number -1
09-06 23:44:37.642  3565  3565 D UserManagerService: Serial number missing on /data/user/0; assuming current is valid
09-06 23:44:37.642  3565  3662 W art     : Long monitor contention with owner android.ui (3654) at void com.android.server.policy.PhoneWindowManager.updateSettings()(PhoneWindowManager.java:2470) waiters=0 in void com.android.server.policy.PhoneWindowManager.screenTurningOn(android.view.WindowManagerPolicy$ScreenOnListener) for 257ms
09-06 23:44:37.642  3565  3565 V UserManagerService: Found /data/system_de/0 with serial number -1
09-06 23:44:37.642  3565  3565 D UserManagerService: Serial number missing on /data/system_de/0; assuming current is valid
09-06 23:44:37.643  3565  3662 W KeyguardServiceDelegate: onScreenTurningOn(): no keyguard service!
09-06 23:44:37.644  3565  3565 I ActivityManager: System now ready
09-06 23:44:37.647  3565  3565 I SystemServer: Making services ready
09-06 23:44:37.647  3565  3565 I SystemServiceManager: Starting phase 550
09-06 23:44:37.651  3565  3565 D BluetoothManagerService: Bluetooth boot completed
09-06 23:44:37.651  3565  3565 D BluetoothManagerService: Getting adapter name and address
09-06 23:44:37.651  3565  3659 D BluetoothManagerService: MESSAGE_GET_NAME_AND_ADDRESS
09-06 23:44:37.651  3565  3659 D BluetoothManagerService: Binding to service to get name and address
09-06 23:44:37.665  3565  3659 I Zygote  : Process: zygote socket opened, supported ABIS: arm64-v8a
09-06 23:44:37.675  3565  3659 I Zygote  : Process: zygote socket opened, supported ABIS: armeabi-v7a,armeabi
09-06 23:44:37.678  3166  3166 I art     : Starting a blocking GC Background
09-06 23:44:37.724  3565  3659 W ActivityManager: Slow operation: 71ms so far, now at startProcess: returned from zygote!
09-06 23:44:37.724  3565  3659 W ActivityManager: Slow operation: 71ms so far, now at startProcess: done updating battery stats
09-06 23:44:37.724  3565  3659 W ActivityManager: Slow operation: 72ms so far, now at startProcess: building log message
09-06 23:44:37.724  3565  3659 I ActivityManager: Start proc 4719:com.android.bluetooth/1002 for service com.android.bluetooth/.btservice.AdapterService
09-06 23:44:37.725  3565  3659 W ActivityManager: Slow operation: 72ms so far, now at startProcess: starting to update pids map
09-06 23:44:37.725  3565  3659 W ActivityManager: Slow operation: 72ms so far, now at startProcess: done updating pids map
09-06 23:44:37.725  3565  3659 W ActivityManager: Slow operation: 72ms so far, now at startProcess: done starting proc!
09-06 23:44:37.736  3565  3565 E InputMethodManagerService: Ignoring updateSystemUiLocked due to an invalid token. uid:1000 token:null
09-06 23:44:37.755  4719  4719 I droid.bluetooth: type=1400 audit(0.0:129): avc: denied { write } for name="com.android.bluetooth" dev="sda24" ino=3121242 scontext=u:r:bluetooth:s0 tcontext=u:object_r:system_data_file:s0 tclass=dir permissive=1
09-06 23:44:37.755  4719  4719 I droid.bluetooth: type=1400 audit(0.0:129): avc: denied { add_name } for name="cache" scontext=u:r:bluetooth:s0 tcontext=u:object_r:system_data_file:s0 tclass=dir permissive=1
09-06 23:44:37.755  4719  4719 I droid.bluetooth: type=1400 audit(0.0:129): avc: denied { create } for name="cache" scontext=u:r:bluetooth:s0 tcontext=u:object_r:system_data_file:s0 tclass=dir permissive=1
09-06 23:44:37.755  4719  4719 W droid.bluetooth: type=1300 audit(0.0:129): arch=40000028 syscall=323 per=8 success=yes exit=0 a0=ffffff9c a1=f460e4e0 a2=1f9 a3=f45321c0 items=0 ppid=3166 auid=4294967295 uid=1002 gid=1002 euid=1002 suid=1002 fsuid=1002 egid=1002 sgid=1002 fsgid=1002 tty=(none) ses=4294967295 exe="/system/bin/app_process32" subj=u:r:bluetooth:s0 key=(null)
09-06 23:44:37.755  3076  3076 W auditd  : type=1327 audit(0.0:129): proctitle="com.android.bluetooth"
09-06 23:44:37.755  3076  3076 W auditd  : type=1320 audit(0.0:129): 
09-06 23:44:37.755  4719  4719 I droid.bluetooth: type=1400 audit(0.0:130): avc: denied { setattr } for name="cache" dev="sda24" ino=3121254 scontext=u:r:bluetooth:s0 tcontext=u:object_r:system_data_file:s0 tclass=dir permissive=1
09-06 23:44:37.755  4719  4719 W droid.bluetooth: type=1300 audit(0.0:130): arch=40000028 syscall=333 per=8 success=yes exit=0 a0=ffffff9c a1=f460e510 a2=1f9 a3=0 items=0 ppid=3166 auid=4294967295 uid=1002 gid=1002 euid=1002 suid=1002 fsuid=1002 egid=1002 sgid=1002 fsgid=1002 tty=(none) ses=4294967295 exe="/system/bin/app_process32" subj=u:r:bluetooth:s0 key=(null)
09-06 23:44:37.755  3076  3076 W auditd  : type=1327 audit(0.0:130): proctitle="com.android.bluetooth"
09-06 23:44:37.755  3076  3076 W auditd  : type=1320 audit(0.0:130): 
09-06 23:44:37.773  3565  4655 D WifiController: DEFERRED_TOGGLE handled
09-06 23:44:37.773  3565  4656 E WifiMonitor: killSupplicant p2ptrue init.svc.wpa_supplicant=unknown init.svc.p2p_supplicant=unknown
09-06 23:44:37.777  4719  4719 E BluetoothVendorJni: register_com_android_bluetooth_btservice_vendor:
09-06 23:44:37.784  3565  3651 W MountService: No primary storage defined yet; hacking together a stub
09-06 23:44:37.794  4719  4719 D AdapterServiceConfig: addA2dpProfile: isA2dpSinkEnabled = falseisHfpClientEnabled false serviceName HeadsetService
09-06 23:44:37.794  4719  4719 D AdapterServiceConfig: Adding HeadsetService
09-06 23:44:37.794  4719  4719 D AdapterServiceConfig: addA2dpProfile: isA2dpSinkEnabled = falseisHfpClientEnabled false serviceName A2dpService
09-06 23:44:37.794  4719  4719 D AdapterServiceConfig: Adding A2dpService
09-06 23:44:37.794  4719  4719 D AdapterServiceConfig: addA2dpProfile: isA2dpSinkEnabled = falseisHfpClientEnabled false serviceName HidService
09-06 23:44:37.794  4719  4719 D AdapterServiceConfig: Adding HidService
09-06 23:44:37.794  4719  4719 D AdapterServiceConfig: addA2dpProfile: isA2dpSinkEnabled = falseisHfpClientEnabled false serviceName HealthService
09-06 23:44:37.795  4719  4719 D AdapterServiceConfig: Adding HealthService
09-06 23:44:37.795  4719  4719 D AdapterServiceConfig: addA2dpProfile: isA2dpSinkEnabled = falseisHfpClientEnabled false serviceName PanService
09-06 23:44:37.795  4719  4719 D AdapterServiceConfig: Adding PanService
09-06 23:44:37.795  4719  4719 D AdapterServiceConfig: addA2dpProfile: isA2dpSinkEnabled = falseisHfpClientEnabled false serviceName GattService
09-06 23:44:37.795  4719  4719 D AdapterServiceConfig: Adding GattService
09-06 23:44:37.795  4719  4719 D AdapterServiceConfig: addA2dpProfile: isA2dpSinkEnabled = falseisHfpClientEnabled false serviceName BluetoothMapService
09-06 23:44:37.795  4719  4719 D AdapterServiceConfig: Adding BluetoothMapService
09-06 23:44:37.808  3177  4689 D bauth_FPBAuthService: pcf : 0x1011
09-06 23:44:37.808  3177  4689 E bauth_FPBAuthServiceStorage:  FPBAuthServiceStorage::readCALIBRATIONMetaData fileopen error : 2
09-06 23:44:37.808  3177  4689 E bauth_FPBAuthService: retrieveMetaData is not existed : 262
09-06 23:44:37.808  3177  4689 I TLC_BAUTH: Call FP cmd 0xc (30);1562
09-06 23:44:37.808  3177  4689 I TLC_BAUTH: status : 0, cmd : 0x0x0 rsp : 0x0x0;1599
09-06 23:44:37.808  3177  4689 E TLC_BAUTH:   *****************************
09-06 23:44:37.808  3177  4689 E TLC_BAUTH:   *** ERROR: TZ Session is not opened properly - Ignore
09-06 23:44:37.808  3177  4689 E TLC_BAUTH:   *** Detected in BAuth_Control_OP/1599()
09-06 23:44:37.808  3177  4689 E TLC_BAUTH:   *****************************
09-06 23:44:37.808  3177  4689 D bauth_FPBAuthService: check_opcode status = 5, opcode = 30, func_ret_val = 29, function_status = 0, timeout = 0
09-06 23:44:37.808  3177  4689 E bauth_FPBAuthService: check_opcode func_ret_val error = 29
09-06 23:44:37.808  3177  4689 I TLC_BAUTH: Call FUNC ID 0x4;696
09-06 23:44:37.808  3177  4689 I TLC_BAUTH: Trustlet Session is not opened. status : 0;822
09-06 23:44:37.808  3177  4689 I TLC_BAUTH: FUNC ID 0x4 is completed;828
09-06 23:44:37.808  3177  4689 D bauth_FPBAuthSensorControl: FPBAuthSensorControl, 304
09-06 23:44:37.808  3177  4689 D bauth_FPBAuthService: FPBAuthService, 688
09-06 23:44:37.808  3177  4689 D bauth_FPBAuthService: FPBAuthService, 7477
09-06 23:44:37.808  3177  4689 D bauth_service: BAuthService, 85
09-06 23:44:37.808  3177  4689 D bauth_FPBAuthService: FPBAuthService, 7272
09-06 23:44:37.822  4719  4719 E BluetoothVendorJni: register_com_android_bluetooth_btservice_vendor:
09-06 23:44:37.839  3565  3565 W InputMethodManagerService: Reset the default IME as "Resource" is ready here.
09-06 23:44:37.848  4719  4719 D BluetoothAdapterService: onCreate()
09-06 23:44:37.850  4719  4719 I BluetoothVendorJni: classInitNative: succeeds
09-06 23:44:37.852  4719  4719 D BluetoothAdapterState: make() - Creating AdapterState
09-06 23:44:37.855  4719  4736 I BluetoothAdapterState: Entering OffState
09-06 23:44:37.855  4719  4719 I bt_btif : init
09-06 23:44:37.855  4719  4737 W bt_osi_thread: run_thread: thread id 4737, thread name stack_manager started
09-06 23:44:37.856  4719  4737 I bt_stack_manager: event_init_stack is initializing the stack
09-06 23:44:37.856  4719  4737 I bt_core_module: module_init Initializing module "osi_module"
09-06 23:44:37.856  4719  4737 I bt_core_module: module_init Initialized module "osi_module"
09-06 23:44:37.856  4719  4737 I bt_core_module: module_init Initializing module "bt_utils_module"
09-06 23:44:37.856  4719  4737 I bt_utils: init_soc_type
09-06 23:44:37.856  4719  4737 I bt_utils: qcom.bluetooth.soc set to rome
09-06 23:44:37.856  4719  4737 I bt_core_module: module_init Initialized module "bt_utils_module"
09-06 23:44:37.856  4719  4737 I bt_core_module: module_init Initializing module "btif_config_module"
09-06 23:44:37.875  3176  3507 D SoftapController: Softap fwReload - Ok
09-06 23:44:37.881  3176  3507 D CommandListener: Setting iface cfg
09-06 23:44:37.881  3176  3507 D CommandListener: Trying to bring down wlan0
09-06 23:44:37.882  4719  4737 E bt_osi_config: config_new unable to open file '/data/misc/bluedroid/bt_config.conf': No such file or directory
09-06 23:44:37.882  4719  4737 W %s unable to load config file: %s; using backup.: init
09-06 23:44:37.882  4719  4737 E bt_osi_config: config_new unable to open file '/data/misc/bluedroid/bt_config.bak': No such file or directory
09-06 23:44:37.882  4719  4737 W %s unable to load backup; attempting to transcode legacy file.: init
09-06 23:44:37.882  4719  4737 E %s unable to load XML file '%s': %d: config_t *btif_config_transcode(const char *)
09-06 23:44:37.882  4719  4737 E %s unable to transcode legacy file; creating empty config.: init
09-06 23:44:37.882  4719  4740 W bt_osi_thread: run_thread: thread id 4740, thread name alarm_default_ca started
09-06 23:44:37.883  4719  4741 W bt_osi_thread: run_thread: thread id 4741, thread name alarm_dispatcher started
09-06 23:44:37.883  4719  4737 I bt_core_module: module_init Initialized module "btif_config_module"
09-06 23:44:37.883  4719  4737 I bt_core_module: module_init Initializing module "interop_module"
09-06 23:44:37.883  3176  3507 D CommandListener: Clearing all IP addresses on wlan0
09-06 23:44:37.883  4719  4737 I bt_core_module: module_init Initialized module "interop_module"
09-06 23:44:37.883  4719  4737 I bt_core_module: module_init Initializing module "stack_config_module"
09-06 23:44:37.883  4719  4737 I bt_stack_config: init attempt to load stack conf from /etc/bluetooth/bt_stack.conf
09-06 23:44:37.883  4719  4737 I bt_core_module: module_init Initialized module "stack_config_module"
09-06 23:44:37.884  4719  4742 W bt_osi_thread: run_thread: thread id 4742, thread name bt_jni_workqueue started
09-06 23:44:37.884  4719  4737 I bt_stack_manager: event_init_stack finished
09-06 23:44:37.884  4719  4719 I bt_btif : get_profile_interface socket
09-06 23:44:37.887  4719  4742 D BluetoothAdapterProperties: Address is:F0:EE:10:4B:C6:7D
09-06 23:44:37.889  4719  4742 D BluetoothAdapterProperties: Name is: Samsung Galaxy S7 Edge
09-06 23:44:37.890  4719  4719 I bt_btif : get_profile_interface sdp
09-06 23:44:37.894  4719  4719 I bt_btif : get_profile_interface vendor
09-06 23:44:37.894  4719  4719 D BluetoothAdapterService: setAdapterService() - set to: null
09-06 23:44:37.894  4719  4719 D BluetoothAdapterService: onBind()
09-06 23:44:37.921  3565  3565 I InputMethodManagerService: Default found, using com.android.inputmethod.latin/.LatinIME
09-06 23:44:37.923  3565  3565 W InputMethodManagerService: Illegal subtype state: old subtype = null, new subtype = android.view.inputmethod.InputMethodSubtype@c9194f98
09-06 23:44:37.939  3565  3565 I ActivityManager: Start proc 4743:com.android.inputmethod.latin/u0a65 for service com.android.inputmethod.latin/.LatinIME
09-06 23:44:37.939  3565  3565 V InputMethodManagerService: Adding window token: android.os.Binder@ef52163
09-06 23:44:37.939  3565  4003 D MountService: Thinking about init, mSystemReady=true, mDaemonConnected=true
09-06 23:44:37.939  3565  4003 D MountService: Setting up emulation state, initlocked=false
09-06 23:44:37.939  3565  4003 D CryptdConnector: SND -> {2 cryptfs unlock_user_key 0 0 ! !}
09-06 23:44:37.940  3068  3134 D vold    : e4crypt_unlock_user_key 0 serial=0 token_present=0
09-06 23:44:37.941  3068  3134 E vold    : Failed to chmod /data/system_ce/0: No such file or directory
09-06 23:44:37.941  3068  3134 E vold    : Failed to chmod /data/misc_ce/0: No such file or directory
09-06 23:44:37.941  3565  4005 D CryptdConnector: RCV <- {200 2 Command succeeded}
09-06 23:44:37.942  3565  4003 D MountService: Thinking about reset, mSystemReady=true, mDaemonConnected=true
09-06 23:44:37.942  3565  4003 D VoldConnector: SND -> {31 volume reset}
09-06 23:44:37.943  3565  3653 I ActivityManager: Force stopping com.android.providers.media appid=10009 user=-1: vold reset
09-06 23:44:37.943  3565  3565 D UsbAlsaManager: Adding ALSA device AlsaDevice: [card: 1, device: 19, type: 2]
09-06 23:44:37.943  3565  4004 D VoldConnector: RCV <- {651 emulated 7}
09-06 23:44:37.943  3565  3565 D UsbAlsaManager: Adding ALSA device AlsaDevice: [card: 1, device: 18, type: 2]
09-06 23:44:37.944  3565  3565 D UsbAlsaManager: Adding ALSA device AlsaDevice: [card: 1, device: 17, type: 2]
09-06 23:44:37.944  3565  3565 D UsbAlsaManager: Adding ALSA device AlsaDevice: [card: 1, device: 16, type: 2]
09-06 23:44:37.944  3565  3565 D UsbAlsaManager: Adding ALSA device AlsaDevice: [card: 1, device: 15, type: 2]
09-06 23:44:37.944  3565  3565 D UsbAlsaManager: Adding ALSA device AlsaDevice: [card: 1, device: 14, type: 2]
09-06 23:44:37.944  3565  3565 D UsbAlsaManager: Adding ALSA device AlsaDevice: [card: 1, device: 13, type: 2]
09-06 23:44:37.944  3565  3565 D UsbAlsaManager: Adding ALSA device AlsaDevice: [card: 1, device: 12, type: 2]
09-06 23:44:37.944  3565  3565 D UsbAlsaManager: Adding ALSA device AlsaDevice: [card: 1, device: 11, type: 2]
09-06 23:44:37.944  3565  4004 D VoldConnector: RCV <- {659 emulated}
09-06 23:44:37.944  3565  3565 D UsbAlsaManager: Adding ALSA device AlsaDevice: [card: 1, device: 10, type: 2]
09-06 23:44:37.944  3565  4667 D BluetoothManagerService: Trying to bind to profile: 1, while Bluetooth was disabled
09-06 23:44:37.944  3565  3565 D UsbAlsaManager: Adding ALSA device AlsaDevice: [card: 1, device: 9, type: 2]
09-06 23:44:37.945  3565  3565 D UsbAlsaManager: Adding ALSA device AlsaDevice: [card: 1, device: 8, type: 2]
09-06 23:44:37.945  3565  3565 D UsbAlsaManager: Adding ALSA device AlsaDevice: [card: 1, device: 7, type: 2]
09-06 23:44:37.945  3565  3565 D UsbAlsaManager: Adding ALSA device AlsaDevice: [card: 1, device: 6, type: 2]
09-06 23:44:37.945  3565  3565 D UsbAlsaManager: Adding ALSA device AlsaDevice: [card: 1, device: 5, type: 2]
09-06 23:44:37.945  3565  3565 D UsbAlsaManager: Adding ALSA device AlsaDevice: [card: 1, device: 4, type: 2]
09-06 23:44:37.945  3565  3565 D UsbAlsaManager: Adding ALSA device AlsaDevice: [card: 1, device: 3, type: 2]
09-06 23:44:37.945  3565  3565 D UsbAlsaManager: Adding ALSA device AlsaDevice: [card: 1, device: 2, type: 2]
09-06 23:44:37.945  3565  4004 D VoldConnector: RCV <- {650 emulated 2 "" ""}
09-06 23:44:37.945  3565  3565 D UsbAlsaManager: Adding ALSA device AlsaDevice: [card: 1, device: 1, type: 2]
09-06 23:44:37.945  3565  3565 D UsbAlsaManager: Adding ALSA device AlsaDevice: [card: 1, device: 0, type: 2]
09-06 23:44:37.945  3565  3565 D UsbAlsaManager: Adding ALSA device AlsaDevice: [card: 0, device: 22, type: 1]
