09-16 12:18:54.325  3182  3182 I audio_hw_primary_abox: fast_out-adev_open_output_stream: Transit to Standby
09-16 12:18:54.325  3182  3182 D PostProcessConvertor: PostProcessConvertorInit ++ OSR 192000, ISR 48000, CC 2, OBW 4, IBW 1 
09-16 12:18:54.325  3182  3182 D SoundAliveResampler: [SoundAliveResampler] Init+++
09-16 12:18:54.325  3182  3182 V audio_hw_primary_abox: fast_out-add_audio_usage: Added Audio Stream into Audio Usage list!
09-16 12:18:54.325  3182  3182 D audio_hw_primary_abox: device-adev_open_output_stream: Opened fast_out stream
09-16 12:18:54.325  3182  3182 V audio_hw_primary_abox: fast_out-out_get_format: exit with audio format = 0x1
09-16 12:18:54.325  3182  3182 V audio_hw_primary_abox: fast_out-out_get_channels: exit with channel mask = 0x3
09-16 12:18:54.325  3182  3182 V audio_hw_primary_abox: fast_out-out_get_sample_rate: exit with sample rate = 48000
09-16 12:18:54.325  3182  3182 V audio_hw_primary_abox: fast_out-out_get_channels: exit with channel mask = 0x3
09-16 12:18:54.325  3182  3182 V audio_hw_primary_abox: fast_out-out_get_format: exit with audio format = 0x1
09-16 12:18:54.325  3182  3182 V audio_hw_primary_abox: fast_out-out_get_format: exit with audio format = 0x1
09-16 12:18:54.325  3182  3182 V audio_hw_primary_abox: fast_out-out_get_format: exit with audio format = 0x1
09-16 12:18:54.325  3182  3182 V audio_hw_primary_abox: fast_out-out_get_channels: exit with channel mask = 0x3
09-16 12:18:54.325  3182  3182 V audio_hw_primary_abox: fast_out-out_get_buffer_size: Period Size = 192, Frame Size = 4
09-16 12:18:54.325  3182  3182 V audio_hw_primary_abox: fast_out-out_get_format: exit with audio format = 0x1
09-16 12:18:54.325  3182  3182 V audio_hw_primary_abox: fast_out-out_get_channels: exit with channel mask = 0x3
09-16 12:18:54.325  3182  3182 I AudioFlinger: HAL output buffer size 192 frames, normal sink buffer size 960 frames
09-16 12:18:54.325  3182  3182 V audio_hw_primary_abox: fast_out-out_get_format: exit with audio format = 0x1
09-16 12:18:54.325  3182  3182 V audio_hw_primary_abox: fast_out-out_get_channels: exit with channel mask = 0x3
09-16 12:18:54.325  3182  3182 V audio_hw_primary_abox: fast_out-out_get_buffer_size: Period Size = 192, Frame Size = 4
09-16 12:18:54.325  3182  3182 V audio_hw_primary_abox: fast_out-out_get_format: exit with audio format = 0x1
09-16 12:18:54.325  3182  3182 V audio_hw_primary_abox: fast_out-out_get_channels: exit with channel mask = 0x3
09-16 12:18:54.325  3182  3182 V audio_hw_primary_abox: fast_out-out_get_format: exit with audio format = 0x1
09-16 12:18:54.325  3182  3182 V audio_hw_primary_abox: fast_out-out_get_sample_rate: exit with sample rate = 48000
09-16 12:18:54.325  3182  3182 V audio_hw_primary_abox: fast_out-out_get_channels: exit with channel mask = 0x3
09-16 12:18:54.329  3182  3387 I AudioFlinger: AudioFlinger's thread 0xf5803680 ready to run
09-16 12:18:54.329  3182  3387 W BatteryNotifier: batterystats service unavailable!
09-16 12:18:54.329  3182  3387 D audio_hw_primary_abox: fast_out-out_set_parameters: enter with param = routing=2
09-16 12:18:54.329  3182  3387 D audio_hw_primary_abox: fast_out-out_set_parameters: Requested to change route from 0x2 to 0x2
09-16 12:18:54.329  3182  3387 D audio_hw_primary_abox: fast_out-out_set_parameters: exit
09-16 12:18:54.329  3182  3387 V audio_hw_primary_abox: fast_out-out_standby: enter
09-16 12:18:54.329  3182  3387 V audio_hw_primary_abox: fast_out-out_standby: exit
09-16 12:18:54.329  3182  3387 W BatteryNotifier: batterystats service unavailable!
09-16 12:18:54.330  3182  3387 W BatteryNotifier: batterystats service unavailable!
09-16 12:18:54.330  3182  3387 W AudioFlinger: no wake lock to update, system not ready yet
09-16 12:18:54.330  3182  3182 D audio_hw_primary_abox: device-adev_open_input_stream: enter: io_handle (14), sample_rate(48000) channel_mask(0xc) devices(0x80000004) flags(0) source(1)
09-16 12:18:54.330  3182  3182 I audio_hw_primary_abox: device-adev_open_input_stream: requested input samplerate decides audio path of csvt and vowifi, sample_rate = 48000
09-16 12:18:54.330  3182  3182 D audio_hw_primary_abox: device-adev_open_input_stream: Requested open Primary input
09-16 12:18:54.330  3182  3182 I audio_hw_primary_abox: is_voice_wakeup : ret =  0  , wakeup_baby_cry_enabled = 0  ,  wakeup_mic_enabled = 0 
09-16 12:18:54.330  3182  3182 I audio_hw_primary_abox: primary_in-adev_open_input_stream: Transit to Standby
09-16 12:18:54.330  3182  3182 V audio_hw_primary_abox: primary_in-add_audio_usage: Added Audio Stream into Audio Usage list!
09-16 12:18:54.330  3182  3182 D audio_hw_primary_abox: adev_open_input_stream: preprocessing_latency = 0
09-16 12:18:54.330  3182  3182 I audio_hw_primary_abox: adev_open_input_stream: input is null, set new input stream
09-16 12:18:54.330  3182  3182 D audio_hw_primary_abox: device-adev_open_input_stream: Opened primary_in stream
09-16 12:18:54.330  3182  3389 I AudioFlinger: AudioFlinger's thread 0xf5503100 ready to run
09-16 12:18:54.331  3182  3182 D audio_hw_primary_abox: device-adev_close_input_stream: enter with Audio Usage(primary_in)
09-16 12:18:54.331  3182  3182 V audio_hw_primary_abox: stop_voice_note_recording
09-16 12:18:54.331  3182  3182 D audio_hw_primary_abox: primary_in-in_standby: enter
09-16 12:18:54.331  3182  3182 D audio_hw_primary_abox: primary_in-in_standby: exit
09-16 12:18:54.331  3182  3182 V audio_hw_primary_abox: primary_in-remove_audio_usage: Removed Audio Usage from Audio Usage list!
09-16 12:18:54.331  3182  3182 E audio_hw_primary_abox: adev_close_input_stream, set jack_in to null
09-16 12:18:54.331  3182  3182 D audio_hw_primary_abox: device-adev_close_input_stream: Closed primary_in stream
09-16 12:18:54.334  3182  3182 I bt_a2dp_hw: adev_open:  adev_open in A2dp_hw module
09-16 12:18:54.334  3182  3182 I AudioFlinger: loadHwModule() Loaded a2dp audio interface from A2DP Audio HW HAL (audio) handle 18
09-16 12:18:54.338  3182  3182 I AudioFlinger: loadHwModule() Loaded usb audio interface from USB audio HW HAL (audio) handle 26
09-16 12:18:54.343  3182  3182 I r_submix: adev_open(name=audio_hw_if)
09-16 12:18:54.344  3182  3182 I r_submix: adev_init_check()
09-16 12:18:54.344  3182  3182 I AudioFlinger: loadHwModule() Loaded r_submix audio interface from Wifi Display audio HAL (audio) handle 34
09-16 12:18:54.344  3182  3182 D r_submix: adev_open_input_stream(addr=0)
09-16 12:18:54.344  3182  3182 D r_submix: submix_audio_device_create_pipe_l(addr=0, idx=9)
09-16 12:18:54.344  3182  3182 D r_submix:   now using address 0 for route 9
09-16 12:18:54.347  3182  3395 I AudioFlinger: AudioFlinger's thread 0xf5483500 ready to run
09-16 12:18:54.347  3182  3182 D r_submix: adev_close_input_stream()
09-16 12:18:54.347  3182  3182 D r_submix: submix_audio_device_release_pipe_l(idx=9) addr=0
09-16 12:18:54.347  3182  3182 D r_submix: submix_audio_device_destroy_pipe_l(): pipe destroyed
09-16 12:18:54.348  3182  3182 I RadioService: RadioService
09-16 12:18:54.348  3182  3182 I RadioService: onFirstRef
09-16 12:18:54.348  3182  3182 E RadioService: couldn't load radio module radio.primary (No such file or directory)
09-16 12:18:54.348  3182  3182 E SoundTriggerHwService: couldn't load sound trigger module sound_trigger.primary (No such file or directory)
09-16 12:18:54.639  3160  3160 D SurfaceFlinger: SF. shader cache generated - 26 shaders in 923.220459 ms
09-16 12:18:54.641  3160  3160 D SurfaceFlinger: Set power mode=2, type=0 flinger=0x7f96a48000
09-16 12:18:54.739  3179  3179 D wrapperGPS: wrapperConnect_RILD
09-16 12:18:54.798  3190  3190 V NatController: runCmd(/system/bin/iptables -w -F natctrl_FORWARD) res=0
09-16 12:18:54.805  3190  3190 V NatController: runCmd(/system/bin/ip6tables -w -F natctrl_FORWARD) res=0
09-16 12:18:54.810  3190  3190 V NatController: runCmd(/system/bin/iptables -w -A natctrl_FORWARD -j DROP) res=0
09-16 12:18:54.815  3190  3190 V NatController: runCmd(/system/bin/iptables -w -t nat -F natctrl_nat_POSTROUTING) res=0
09-16 12:18:54.821  3190  3190 V NatController: runCmd(/system/bin/ip6tables -w -t raw -F natctrl_raw_PREROUTING) res=0
09-16 12:18:54.826  3190  3190 V NatController: runCmd(/system/bin/iptables -w -F natctrl_tether_counters) res=1
09-16 12:18:54.833  3190  3190 V NatController: runCmd(/system/bin/ip6tables -w -F natctrl_tether_counters) res=1
09-16 12:18:54.837  3190  3190 V NatController: runCmd(/system/bin/iptables -w -X natctrl_tether_counters) res=1
09-16 12:18:54.842  3190  3190 V NatController: runCmd(/system/bin/ip6tables -w -X natctrl_tether_counters) res=1
09-16 12:18:54.849  3190  3190 V NatController: runCmd(/system/bin/iptables -w -N natctrl_tether_counters) res=0
09-16 12:18:54.855  3190  3190 V NatController: runCmd(/system/bin/ip6tables -w -N natctrl_tether_counters) res=0
09-16 12:18:54.861  3190  3190 V NatController: runCmd(/system/bin/iptables -w -t mangle -A natctrl_mangle_FORWARD -p tcp --tcp-flags SYN SYN -j TCPMSS --clamp-mss-to-pmtu) res=0
09-16 12:18:54.877  3463  3511 D libEGL  : loaded /vendor/lib64/egl/libGLES_mali.so
09-16 12:18:54.892  3463  3511 D mali_winsys: EGLint new_window_surface(egl_winsys_display*, void*, EGLSurface, EGLConfig, egl_winsys_surface**, egl_color_buffer_format*, EGLBoolean) returns 0x3000,  [1440x2960]-format:2
09-16 12:18:54.903  3086  3086 W auditd  : type=1325 audit(0.0:110): table=filter family=2 entries=65
09-16 12:18:54.903  3086  3086 W auditd  : type=1320 audit(0.0:110): 
09-16 12:18:54.903  3086  3086 W auditd  : type=1325 audit(0.0:111): table=raw family=2 entries=12
09-16 12:18:54.903  3086  3086 W auditd  : type=1320 audit(0.0:111): 
09-16 12:18:54.903  3086  3086 W auditd  : type=1325 audit(0.0:112): table=mangle family=2 entries=16
09-16 12:18:54.903  3086  3086 W auditd  : type=1320 audit(0.0:112): 
09-16 12:18:54.907  3086  3086 W auditd  : type=1325 audit(0.0:113): table=filter family=10 entries=76
09-16 12:18:54.907  3086  3086 W auditd  : type=1320 audit(0.0:113): 
09-16 12:18:54.907  3086  3086 W auditd  : type=1325 audit(0.0:114): table=raw family=10 entries=12
09-16 12:18:54.907  3086  3086 W auditd  : type=1320 audit(0.0:114): 
09-16 12:18:54.907  3086  3086 W auditd  : type=1325 audit(0.0:115): table=mangle family=10 entries=15
09-16 12:18:54.907  3086  3086 W auditd  : type=1320 audit(0.0:115): 
09-16 12:18:54.955  3190  3190 E Netd    : cannot find interface dummy0
09-16 12:18:54.956  3190  3190 D MDnsDS  : MDnsSdListener::Hander starting up
09-16 12:18:54.956  3190  3539 D MDnsDS  : MDnsSdListener starting to monitor
09-16 12:18:54.956  3190  3539 D MDnsDS  : Going to poll with pollCount 1
09-16 12:18:55.020  3178  3178 I lhd     : Lhd::LHD Init took 1.468s
09-16 12:18:55.055  3173  3200 D Sensorhubs: readEvents: 2, 1, -43, 1
09-16 12:18:55.635  3334  3334 I dex2oat : Explicit concurrent mark sweep GC freed 7869(1469KB) AllocSpace objects, 0(0B) LOS objects, 66% free, 1825KB/5MB, paused 39us total 7.649ms
09-16 12:18:55.640  3323  3323 I dex2oat : Explicit concurrent mark sweep GC freed 7869(2MB) AllocSpace objects, 0(0B) LOS objects, 61% free, 2MB/6MB, paused 43us total 8.884ms
09-16 12:18:55.739  3179  3179 D wrapperGPS: wrapperConnect_RILD
09-16 12:18:56.313  3323  3323 I dex2oat : dex2oat took 2.244s (threads: 8) arena alloc=0B (0B) java alloc=2MB (2608704B) native alloc=10MB (10597176B) free=5MB (5786824B)
09-16 12:18:56.313  3334  3334 I dex2oat : dex2oat took 2.216s (threads: 8) arena alloc=0B (0B) java alloc=1829KB (1873040B) native alloc=7MB (7784816B) free=5MB (5846672B)
09-16 12:18:56.339  3181  3181 D ICU     : No timezone override file found: /data/misc/zoneinfo/current/icu/icu_tzdata.dat
09-16 12:18:56.343  3180  3180 D ICU     : No timezone override file found: /data/misc/zoneinfo/current/icu/icu_tzdata.dat
09-16 12:18:56.368  3180  3180 W art     : Before Android 4.1, method double java.util.concurrent.ThreadLocalRandom.internalNextDouble(double, double) would have incorrectly overridden the package-private method in java.util.Random
09-16 12:18:56.368  3180  3180 W art     : Before Android 4.1, method int java.util.concurrent.ThreadLocalRandom.internalNextInt(int, int) would have incorrectly overridden the package-private method in java.util.Random
09-16 12:18:56.368  3180  3180 W art     : Before Android 4.1, method long java.util.concurrent.ThreadLocalRandom.internalNextLong(long, long) would have incorrectly overridden the package-private method in java.util.Random
09-16 12:18:56.369  3181  3181 W art     : Before Android 4.1, method double java.util.concurrent.ThreadLocalRandom.internalNextDouble(double, double) would have incorrectly overridden the package-private method in java.util.Random
09-16 12:18:56.369  3181  3181 W art     : Before Android 4.1, method int java.util.concurrent.ThreadLocalRandom.internalNextInt(int, int) would have incorrectly overridden the package-private method in java.util.Random
09-16 12:18:56.369  3181  3181 W art     : Before Android 4.1, method long java.util.concurrent.ThreadLocalRandom.internalNextLong(long, long) would have incorrectly overridden the package-private method in java.util.Random
09-16 12:18:56.488  3180  3180 I Radio-JNI: register_android_hardware_Radio DONE
09-16 12:18:56.489  3181  3181 I Radio-JNI: register_android_hardware_Radio DONE
09-16 12:18:56.518  3180  3180 I SamplingProfilerIntegration: Profiling disabled.
09-16 12:18:56.519  3180  3180 D Zygote  : begin preload
09-16 12:18:56.519  3180  3180 I Zygote  : Installing ICU cache reference pinning...
09-16 12:18:56.519  3180  3180 I Zygote  : Preloading ICU data...
09-16 12:18:56.525  3181  3181 I SamplingProfilerIntegration: Profiling disabled.
09-16 12:18:56.526  3181  3181 D Zygote  : begin preload
09-16 12:18:56.526  3181  3181 I Zygote  : Installing ICU cache reference pinning...
09-16 12:18:56.527  3181  3181 I Zygote  : Preloading ICU data...
09-16 12:18:56.650  3180  3180 I Zygote  : Preloading classes...
09-16 12:18:56.656  3180  3180 W Zygote  : Class not found for preloading: [Landroid.view.Display$ColorTransform;
09-16 12:18:56.677  3181  3181 I Zygote  : Preloading classes...
09-16 12:18:56.684  3181  3181 W Zygote  : Class not found for preloading: [Landroid.view.Display$ColorTransform;
09-16 12:18:56.739  3179  3179 D wrapperGPS: wrapperConnect_RILD
09-16 12:18:56.739  3179  3179 D gpsd    : WakeLock(Acquire,GPSD)
09-16 12:18:56.739  3179  3179 D gpsd    : WakeLock(Release,GPSD)
09-16 12:18:56.739  3179  3179 D gpsd    : WakeLock(Acquire,GPSD)
09-16 12:18:56.739  3179  3179 D gpsd    : WakeLock(Release,GPSD)
09-16 12:18:57.072  3180  3180 E Typeface: Error mapping font file /system/fonts/DroidSansFallback.ttf
09-16 12:18:57.075  3181  3181 E Typeface: Error mapping font file /system/fonts/DroidSansFallback.ttf
09-16 12:18:57.327  3182  3383 W BatteryNotifier: batterystats service unavailable!
09-16 12:18:57.330  3182  3387 W BatteryNotifier: batterystats service unavailable!
09-16 12:18:57.881  3180  3180 I art     : Thread[1,tid=3180,Native,Thread*=0x7f7bc95a00,peer=0x12c420d0,"main"] recursive attempt to load library "/system/lib64/libmedia_jni.so"
09-16 12:18:57.881  3180  3180 D MtpDeviceJNI: register_android_mtp_MtpDevice
09-16 12:18:57.882  3180  3180 I art     : Thread[1,tid=3180,Native,Thread*=0x7f7bc95a00,peer=0x12c420d0,"main"] recursive attempt to load library "/system/lib64/libmedia_jni.so"
09-16 12:18:57.882  3180  3180 I art     : Thread[1,tid=3180,Native,Thread*=0x7f7bc95a00,peer=0x12c420d0,"main"] recursive attempt to load library "/system/lib64/libmedia_jni.so"
09-16 12:18:57.919  3180  3180 E FFMPEGSoftCodec: Failed to load FFMPEG plugin: (null)
09-16 12:18:58.024  3181  3181 I art     : Thread[1,tid=3181,Native,Thread*=0xf4405400,peer=0x12c04f70,"main"] recursive attempt to load library "/system/lib/libmedia_jni.so"
09-16 12:18:58.024  3181  3181 D MtpDeviceJNI: register_android_mtp_MtpDevice
09-16 12:18:58.025  3181  3181 I art     : Thread[1,tid=3181,Native,Thread*=0xf4405400,peer=0x12c04f70,"main"] recursive attempt to load library "/system/lib/libmedia_jni.so"
09-16 12:18:58.025  3181  3181 I art     : Thread[1,tid=3181,Native,Thread*=0xf4405400,peer=0x12c04f70,"main"] recursive attempt to load library "/system/lib/libmedia_jni.so"
09-16 12:18:58.066  3181  3181 E FFMPEGSoftCodec: Failed to load FFMPEG plugin: (null)
09-16 12:18:58.259  3180  3180 W Zygote  : Class not found for preloading: android.view.Display$ColorTransform
09-16 12:18:58.259  3180  3180 W Zygote  : Class not found for preloading: android.view.Display$ColorTransform$1
09-16 12:18:58.434  3181  3181 W Zygote  : Class not found for preloading: android.view.Display$ColorTransform
09-16 12:18:58.434  3181  3181 W Zygote  : Class not found for preloading: android.view.Display$ColorTransform$1
09-16 12:18:58.486  3180  3180 W System  : ClassLoader referenced unknown path: /system/framework/tcmclient.jar
09-16 12:18:58.695  3181  3181 W System  : ClassLoader referenced unknown path: /system/framework/tcmclient.jar
09-16 12:18:58.712  3180  3180 I System  : Loaded time zone names for "" in 55ms (26ms in ICU)
09-16 12:18:58.752  3180  3180 I System  : Loaded time zone names for "en_US" in 40ms (10ms in ICU)
09-16 12:18:58.957  3181  3181 I System  : Loaded time zone names for "" in 62ms (18ms in ICU)
09-16 12:18:59.013  3181  3181 I System  : Loaded time zone names for "en_US" in 55ms (11ms in ICU)
09-16 12:18:59.046  3180  3180 I Zygote  : ...preloaded 4158 classes in 2395ms.
09-16 12:18:59.046  3180  3180 I art     : VMRuntime.preloadDexCaches starting
09-16 12:18:59.090  3180  3180 I art     : VMRuntime.preloadDexCaches strings total=288446 before=12011 after=12011
09-16 12:18:59.090  3180  3180 I art     : VMRuntime.preloadDexCaches types total=23810 before=9280 after=11325
09-16 12:18:59.090  3180  3180 I art     : VMRuntime.preloadDexCaches fields total=113941 before=41160 after=54105
09-16 12:18:59.090  3180  3180 I art     : VMRuntime.preloadDexCaches methods total=199717 before=78591 after=96703
09-16 12:18:59.090  3180  3180 I art     : VMRuntime.preloadDexCaches finished
09-16 12:18:59.090  3180  3180 I Zygote  : Preloading resources...
09-16 12:18:59.126  3180  3180 W Resources: Preloaded drawable resource #0x108025c (android:drawable/dialog_background_material) that varies with configuration!!
09-16 12:18:59.135  3180  3180 W Resources: Preloaded color resource #0x10600ea (android:color/material_grey_800) that varies with configuration!!
09-16 12:18:59.135  3180  3180 W Resources: Preloaded drawable resource #0x10802c9 (android:drawable/floating_popup_background_dark) that varies with configuration!!
09-16 12:18:59.254  3180  3180 I Zygote  : ...preloaded 114 resources in 163ms.
09-16 12:18:59.262  3180  3180 W Resources: Preloaded color resource #0x1060114 (android:color/background_cache_hint_selector_material_dark) that varies with configuration!!
09-16 12:18:59.262  3180  3180 W Resources: Preloaded color resource #0x1060119 (android:color/btn_default_material_dark) that varies with configuration!!
09-16 12:18:59.264  3180  3180 I Zygote  : ...preloaded 41 resources in 10ms.
09-16 12:18:59.267  3180  3180 I Zygote  : ...preloaded 2 resource in 2ms.
09-16 12:18:59.275  3180  3180 D libEGL  : loaded /vendor/lib64/egl/libGLES_mali.so
09-16 12:18:59.284  3180  3180 I Zygote  : Preloading shared libraries...
09-16 12:18:59.308  3180  3180 I Zygote  : Uninstalled ICU cache reference pinning...
09-16 12:18:59.315  3180  3180 I Zygote  : Installed AndroidKeyStoreProvider in 8ms.
09-16 12:18:59.358  3181  3181 I Zygote  : ...preloaded 4158 classes in 2681ms.
09-16 12:18:59.358  3181  3181 I art     : VMRuntime.preloadDexCaches starting
09-16 12:18:59.415  3181  3181 I art     : VMRuntime.preloadDexCaches strings total=288446 before=12011 after=12011
09-16 12:18:59.415  3181  3181 I art     : VMRuntime.preloadDexCaches types total=23810 before=9280 after=11325
09-16 12:18:59.415  3181  3181 I art     : VMRuntime.preloadDexCaches fields total=113941 before=41160 after=54105
09-16 12:18:59.415  3181  3181 I art     : VMRuntime.preloadDexCaches methods total=199717 before=78591 after=96703
09-16 12:18:59.415  3181  3181 I art     : VMRuntime.preloadDexCaches finished
09-16 12:18:59.416  3181  3181 I Zygote  : Preloading resources...
09-16 12:18:59.421  3180  3180 I Zygote  : Warmed up JCA providers in 105ms.
09-16 12:18:59.421  3180  3180 D Zygote  : end preload
09-16 12:18:59.421  3180  3180 I art     : Starting a blocking GC Explicit
09-16 12:18:59.431  3180  3180 I art     : Explicit concurrent mark sweep GC freed 3474(155KB) AllocSpace objects, 0(0B) LOS objects, 40% free, 10MB/17MB, paused 48us total 9.867ms
09-16 12:18:59.431  3180  3180 I art     : Starting a blocking GC Explicit
09-16 12:18:59.441  3180  3180 I art     : Explicit concurrent mark sweep GC freed 41(1424B) AllocSpace objects, 0(0B) LOS objects, 40% free, 10MB/17MB, paused 46us total 9.759ms
09-16 12:18:59.452  3181  3181 W Resources: Preloaded drawable resource #0x108025c (android:drawable/dialog_background_material) that varies with configuration!!
09-16 12:18:59.459  3180  3578 I art     : Starting a blocking GC HeapTrim
09-16 12:18:59.459  3181  3181 W Resources: Preloaded color resource #0x10600ea (android:color/material_grey_800) that varies with configuration!!
09-16 12:18:59.460  3181  3181 W Resources: Preloaded drawable resource #0x10802c9 (android:drawable/floating_popup_background_dark) that varies with configuration!!
09-16 12:18:59.460  3180  3180 I art     : Starting a blocking GC Background
09-16 12:18:59.502  3180  3180 I Zygote  : System server process 3583 has been created
09-16 12:18:59.503  3180  3180 I Zygote  : Accepting command socket connections
09-16 12:18:59.589  3181  3181 I Zygote  : ...preloaded 114 resources in 173ms.
09-16 12:18:59.598  3181  3181 W Resources: Preloaded color resource #0x1060114 (android:color/background_cache_hint_selector_material_dark) that varies with configuration!!
09-16 12:18:59.599  3181  3181 W Resources: Preloaded color resource #0x1060119 (android:color/btn_default_material_dark) that varies with configuration!!
09-16 12:18:59.601  3181  3181 I Zygote  : ...preloaded 41 resources in 12ms.
09-16 12:18:59.604  3181  3181 I Zygote  : ...preloaded 2 resource in 2ms.
09-16 12:18:59.638  3181  3181 D libEGL  : loaded /vendor/lib/egl/libGLES_mali.so
09-16 12:18:59.650  3181  3181 I Zygote  : Preloading shared libraries...
09-16 12:18:59.674  3181  3181 I Zygote  : Uninstalled ICU cache reference pinning...
09-16 12:18:59.683  3181  3181 I Zygote  : Installed AndroidKeyStoreProvider in 9ms.
09-16 12:18:59.782  3179  3579 D wrapperGPS: onError: error 4
09-16 12:18:59.782  3179  3179 D gpsd    : WakeLock(Acquire,GPSD)
09-16 12:18:59.826  3181  3181 I Zygote  : Warmed up JCA providers in 144ms.
09-16 12:18:59.826  3181  3181 D Zygote  : end preload
09-16 12:18:59.826  3181  3181 I art     : Starting a blocking GC Explicit
09-16 12:18:59.838  3181  3181 I art     : Explicit concurrent mark sweep GC freed 3206(141KB) AllocSpace objects, 0(0B) LOS objects, 39% free, 9MB/16MB, paused 79us total 11.540ms
09-16 12:18:59.838  3181  3181 I art     : Starting a blocking GC Explicit
09-16 12:18:59.849  3181  3181 I art     : Explicit concurrent mark sweep GC freed 52(2152B) AllocSpace objects, 0(0B) LOS objects, 40% free, 9MB/16MB, paused 68us total 10.653ms
09-16 12:18:59.858  3181  3181 I Zygote  : Accepting command socket connections
09-16 12:18:59.863  3583  3583 I chatty  : uid=1000 system_server expire 36 lines
09-16 12:18:59.864  3583  3583 I InstallerConnection: connecting...
09-16 12:18:59.865  3184  3184 I         : new connection
09-16 12:18:59.883  3597  3597 I dex2oat : /system/bin/dex2oat --compiler-filter=speed
09-16 12:19:00.245  3597  3597 I dex2oat : dex2oat took 362.782ms (threads: 8) arena alloc=3MB (3355808B) java alloc=803KB (822936B) native alloc=3MB (3292280B) free=5MB (6144904B)
09-16 12:19:00.265  3611  3611 I dex2oat : /system/bin/dex2oat --compiler-filter=speed
09-16 12:19:00.310  3611  3611 I dex2oat : dex2oat took 45.468ms (threads: 8) arena alloc=707KB (724560B) java alloc=120KB (123824B) native alloc=1234KB (1264568B) free=3MB (3454024B)
09-16 12:19:00.328  3620  3620 I dex2oat : /system/bin/dex2oat --compiler-filter=speed
09-16 12:19:01.377  3620  3623 W dex2oat : Compilation of void com.android.server.SystemServer.startOtherServices() took 173.262ms
09-16 12:19:01.843  3620  3625 W dex2oat : Compilation of int com.android.server.am.ActivityManagerService.broadcastIntentLocked(com.android.server.am.ProcessRecord, java.lang.String, android.content.Intent, java.lang.String, android.content.IIntentReceiver, int, java.lang.String, android.os.Bundle, java.lang.String[], int, android.os.Bundle, boolean, boolean, int, int, int) took 118.662ms
09-16 12:19:02.151  3620  3625 W dex2oat : Compilation of void com.android.server.am.ActivityManagerService.dumpApplicationMemoryUsage(java.io.FileDescriptor, java.io.PrintWriter, java.lang.String, java.lang.String[], boolean, java.io.PrintWriter) took 146.627ms
09-16 12:19:03.210  3620  3628 W dex2oat : Compilation of android.content.pm.PackageParser$Package com.android.server.pm.PackageManagerService.scanPackageDirtyLI(android.content.pm.PackageParser$Package, int, int, long, android.os.UserHandle) took 271.006ms
09-16 12:19:03.835  3620  3620 I dex2oat : dex2oat took 3.507s (threads: 8) arena alloc=20MB (21668496B) java alloc=3MB (4139328B) native alloc=34MB (36337120B) free=25MB (26839584B)
09-16 12:19:03.859  3659  3659 I dex2oat : /system/bin/dex2oat --compiler-filter=speed
09-16 12:19:04.140  3659  3659 I dex2oat : dex2oat took 281.261ms (threads: 8) arena alloc=971KB (995104B) java alloc=231KB (236760B) native alloc=2MB (2343424B) free=3MB (3948032B)
09-16 12:19:04.159  3668  3668 I dex2oat : /system/bin/dex2oat --compiler-filter=speed
09-16 12:19:04.865  3668  3668 I dex2oat : dex2oat took 707.226ms (threads: 8) arena alloc=12MB (13316544B) java alloc=717KB (735096B) native alloc=5MB (6015192B) free=18MB (18888488B)
09-16 12:19:04.870  3583  3583 I InstallerConnection: disconnecting...
09-16 12:19:04.870  3184  3184 E         : eof
09-16 12:19:04.870  3184  3184 E         : failed to read size
09-16 12:19:04.870  3184  3184 I         : closing connection
09-16 12:19:04.898  3583  3583 I SystemServer: Entered the Android system server!
09-16 12:19:04.919  3583  3583 I SystemServiceManager: Starting com.android.server.pm.Installer
09-16 12:19:04.919  3583  3583 I Installer: Waiting for installd to be ready.
09-16 12:19:04.919  3583  3583 I InstallerConnection: connecting...
09-16 12:19:04.920  3184  3184 I         : new connection
09-16 12:19:04.920  3583  3583 I SystemServiceManager: Starting com.android.server.am.ActivityManagerService$Lifecycle
09-16 12:19:04.928  3583  3583 I ActivityManager: Memory class: 256
09-16 12:19:04.929  3583  3683 I ServiceThread: Enabled StrictMode logging for ActivityManager looper.
09-16 12:19:04.930  3583  3684 I ServiceThread: Enabled StrictMode logging for android.ui looper.
09-16 12:19:04.966  3583  3583 D BatteryStatsImpl: Reading daily items from /data/system/batterystats-daily.xml
09-16 12:19:04.995  3583  3583 I AppOps  : No existing app ops /data/system/appops.xml; starting empty
09-16 12:19:05.083  3583  3583 I IntentFirewall: Read new rules (A:0 B:0 S:0)
09-16 12:19:05.087  3583  3690 I ServiceThread: Enabled StrictMode logging for android.display looper.
09-16 12:19:05.096  3583  3583 D AppOps  : AppOpsService published
09-16 12:19:05.096  3583  3583 I SystemServiceManager: Starting com.android.server.power.PowerManagerService
09-16 12:19:05.098  3583  3692 I ServiceThread: Enabled StrictMode logging for PowerManagerService looper.
09-16 12:19:05.102  3583  3583 I SystemServiceManager: Starting com.android.server.lights.LightsService
09-16 12:19:05.104  3583  3583 I SystemServiceManager: Starting com.android.server.display.DisplayManagerService
09-16 12:19:05.105  3583  3583 I SystemServiceManager: Starting phase 100
09-16 12:19:05.106  3583  3690 W LocalDisplayAdapter: Unable to get active color mode for display device 0
09-16 12:19:05.107  3583  3690 E LocalDisplayAdapter: Default and active color mode is no longer available! Reverting to first available mode.
09-16 12:19:05.107  3160  3199 E SurfaceFlinger: getDefaultDisplay: id=2 is not a valid default display id
09-16 12:19:05.108  3583  3690 I DisplayManagerService: Display device added: DisplayDeviceInfo{"Built-in Screen": uniqueId="local:0", 1440 x 2960, modeId 1, defaultModeId 1, supportedModes [{id=1, width=1440, height=2960, fps=60.000004}], colorMode -22, supportedColorModes [-22], HdrCapabilities android.view.Display$HdrCapabilities@a69d6308, density 560, 522.514 x 525.762 dpi, appVsyncOff 1000000, presDeadline 16666666, touch INTERNAL, rotation 0, type BUILT_IN, state UNKNOWN, FLAG_DEFAULT_DISPLAY, FLAG_ROTATES_WITH_CONTENT, FLAG_SECURE, FLAG_SUPPORTS_PROTECTED_BUFFERS}
09-16 12:19:05.109  3160  3160 D SurfaceFlinger: Set power mode=2, type=0 flinger=0x7f96a48000
09-16 12:19:05.109  3160  3160 D SurfaceFlinger: Screen type=0 is already mode=2
09-16 12:19:05.113  3583  3690 I DisplayManagerService: Display device changed state: "Built-in Screen", ON
09-16 12:19:05.113  3583  3583 I SystemServer: StartPackageManagerService
09-16 12:19:05.118  3583  3583 W FileUtils: Failed to chmod(/data/system/packages.list): android.system.ErrnoException: chmod failed: ENOENT (No such file or directory)
09-16 12:19:05.224  3583  3583 D SELinuxMMAC: Using policy file /system/etc/security/mac_permissions.xml
09-16 12:19:05.230  3583  3583 I PackageManager: No settings file; creating initial state
09-16 12:19:05.251  3697  3697 I dex2oat : /system/bin/dex2oat --compiler-filter=speed
09-16 12:19:05.544  3697  3697 I dex2oat : dex2oat took 293.454ms (threads: 8) arena alloc=2MB (2738944B) java alloc=717KB (734528B) native alloc=2MB (2731120B) free=5MB (6181776B)
09-16 12:19:05.564  3706  3706 I dex2oat : /system/bin/dex2oat --compiler-filter=speed
09-16 12:19:05.644  3706  3706 I dex2oat : dex2oat took 80.720ms (threads: 8) arena alloc=593KB (607696B) java alloc=304KB (312032B) native alloc=1300KB (1332192B) free=3MB (3386400B)
09-16 12:19:05.661  3715  3715 I dex2oat : /system/bin/dex2oat --compiler-filter=speed
09-16 12:19:05.725  3715  3715 I dex2oat : dex2oat took 64.127ms (threads: 8) arena alloc=252KB (258320B) java alloc=51KB (53128B) native alloc=1101KB (1127856B) free=1970KB (2017872B)
09-16 12:19:05.743  3724  3724 I dex2oat : /system/bin/dex2oat --compiler-filter=speed
09-16 12:19:05.846  3724  3724 I dex2oat : dex2oat took 103.136ms (threads: 8) arena alloc=3MB (3571712B) java alloc=154KB (158360B) native alloc=1258KB (1288472B) free=6MB (6575848B)
09-16 12:19:05.863  3733  3733 I dex2oat : /system/bin/dex2oat --compiler-filter=speed
09-16 12:19:05.931  3733  3733 I dex2oat : dex2oat took 68.604ms (threads: 8) arena alloc=752KB (770920B) java alloc=71KB (73120B) native alloc=987KB (1011320B) free=4MB (4755848B)
09-16 12:19:05.949  3742  3742 I dex2oat : /system/bin/dex2oat --compiler-filter=speed
09-16 12:19:06.098  3742  3742 I dex2oat : dex2oat took 149.698ms (threads: 8) arena alloc=1857KB (1901776B) java alloc=481KB (492952B) native alloc=1289KB (1320784B) free=4MB (4970672B)
09-16 12:19:06.102  3583  3583 W PackageManager: Library not found: /system/framework/org.apache.http.legacy.jar
09-16 12:19:06.118  3751  3751 I dex2oat : /system/bin/dex2oat --compiler-filter=speed
09-16 12:19:06.186  3751  3751 I dex2oat : dex2oat took 68.525ms (threads: 8) arena alloc=462KB (474032B) java alloc=114KB (116896B) native alloc=1185KB (1213456B) free=2MB (2980848B)
09-16 12:19:06.203  3760  3760 I dex2oat : /system/bin/dex2oat --compiler-filter=speed
09-16 12:19:06.271  3760  3760 I dex2oat : dex2oat took 68.222ms (threads: 8) arena alloc=213KB (218648B) java alloc=132KB (135960B) native alloc=1133KB (1160368B) free=2MB (2509648B)
09-16 12:19:06.289  3769  3769 I dex2oat : /system/bin/dex2oat --compiler-filter=speed
09-16 12:19:06.310  3769  3769 I dex2oat : dex2oat took 21.433ms (threads: 8) arena alloc=84KB (86488B) java alloc=59KB (61128B) native alloc=1045KB (1070792B) free=2026KB (2074936B)
09-16 12:19:06.327  3778  3778 I dex2oat : /system/bin/dex2oat --compiler-filter=speed
09-16 12:19:06.359  3778  3778 I dex2oat : dex2oat took 31.971ms (threads: 8) arena alloc=625KB (640512B) java alloc=261KB (267760B) native alloc=1326KB (1358840B) free=3MB (3359752B)
09-16 12:19:06.376  3787  3787 I dex2oat : /system/bin/dex2oat --compiler-filter=speed
09-16 12:19:06.400  3787  3787 I dex2oat : dex2oat took 24.402ms (threads: 8) arena alloc=262KB (268856B) java alloc=37KB (38472B) native alloc=1117KB (1144096B) free=1954KB (2001632B)
09-16 12:19:06.417  3796  3796 I dex2oat : /system/bin/dex2oat --compiler-filter=speed
09-16 12:19:06.481  3796  3796 I dex2oat : dex2oat took 64.943ms (threads: 8) arena alloc=3MB (3563904B) java alloc=119KB (122216B) native alloc=1337KB (1369960B) free=6MB (6494360B)
09-16 12:19:06.499  3805  3805 I dex2oat : /system/bin/dex2oat --compiler-filter=speed
09-16 12:19:06.604  3805  3805 I dex2oat : dex2oat took 105.320ms (threads: 8) arena alloc=1845KB (1889736B) java alloc=464KB (476000B) native alloc=1748KB (1790912B) free=4MB (5024832B)
09-16 12:19:06.607  3583  3583 W PackageManager: Library not found: /system/framework/org.apache.http.legacy.jar
09-16 12:19:06.623  3814  3814 I dex2oat : /system/bin/dex2oat --compiler-filter=speed
09-16 12:19:06.651  3814  3814 I dex2oat : dex2oat took 28.314ms (threads: 8) arena alloc=560KB (573568B) java alloc=80KB (82112B) native alloc=1144KB (1171544B) free=2MB (2498472B)
09-16 12:19:06.668  3823  3823 I dex2oat : /system/bin/dex2oat --compiler-filter=speed
09-16 12:19:06.695  3823  3823 I dex2oat : dex2oat took 27.420ms (threads: 8) arena alloc=323KB (331304B) java alloc=113KB (116528B) native alloc=1104KB (1130544B) free=2MB (2539472B)
09-16 12:19:06.712  3832  3832 I dex2oat : /system/bin/dex2oat --compiler-filter=speed
09-16 12:19:06.733  3832  3832 I dex2oat : dex2oat took 21.215ms (threads: 8) arena alloc=102KB (105336B) java alloc=59KB (61384B) native alloc=1036KB (1061712B) free=2035KB (2084016B)
09-16 12:19:06.761  3583  3842 I PackageManager: /system/framework/org.cyanogenmod.platform-res.apk changed; collecting certs
09-16 12:19:06.774  3583  3842 W PackageManager: Permission cyanogenmod.permission.WRITE_ALARMS from package cyanogenmod.platform in an unknown group android.permission-group.SYSTEM_CLOCK
09-16 12:19:06.774  3583  3842 W PackageManager: Permission cyanogenmod.permission.MANAGE_ALARMS from package cyanogenmod.platform in an unknown group android.permission-group.SYSTEM_CLOCK
09-16 12:19:06.774  3583  3842 W PackageManager: Permission cyanogenmod.permission.READ_ALARMS from package cyanogenmod.platform in an unknown group android.permission-group.SYSTEM_CLOCK
09-16 12:19:06.823  3583  3841 I PackageManager: /system/framework/framework-res.apk changed; collecting certs
09-16 12:19:06.923  3583  3841 I PackageManager: /system/priv-app/CMSettingsProvider changed; collecting certs
09-16 12:19:06.923  3583  3844 I PackageManager: /system/priv-app/BackupRestoreConfirmation changed; collecting certs
09-16 12:19:06.923  3583  3846 I PackageManager: /system/priv-app/CMAudioService changed; collecting certs
09-16 12:19:06.928  3583  3843 I PackageManager: /system/priv-app/AudioFX changed; collecting certs
09-16 12:19:06.929  3583  3845 I PackageManager: /system/priv-app/BlockedNumberProvider changed; collecting certs
09-16 12:19:06.935  3583  3845 I chatty  : uid=1000(system) packagescan-5 expire 1 line
09-16 12:19:06.938  3583  3846 I PackageManager: /system/priv-app/CallLogBackup changed; collecting certs
09-16 12:19:06.941  3583  3844 I PackageManager: /system/priv-app/CarrierConfig changed; collecting certs
09-16 12:19:06.944  3583  3842 I PackageManager: /system/priv-app/CMParts changed; collecting certs
09-16 12:19:06.945  3583  3841 I PackageManager: /system/priv-app/CalendarProvider changed; collecting certs
09-16 12:19:06.950  3583  3841 I chatty  : uid=1000(system) packagescan-1 expire 2 lines
09-16 12:19:06.955  3583  3843 I PackageManager: /system/priv-app/CellBroadcastReceiver changed; collecting certs
09-16 12:19:06.957  3583  3844 I PackageManager: /system/priv-app/CtsShimPrivPrebuilt changed; collecting certs
09-16 12:19:06.958  3583  3841 I PackageManager: /system/priv-app/DefaultContainerService changed; collecting certs
09-16 12:19:06.958  3583  3846 I PackageManager: /system/priv-app/ContactsProvider changed; collecting certs
09-16 12:19:06.983  3583  3841 I PackageManager: /system/priv-app/DocumentsUI changed; collecting certs
09-16 12:19:06.984  3583  3842 I PackageManager: /system/priv-app/DownloadProvider changed; collecting certs
09-16 12:19:06.984  3583  3845 W PackageParser: No actions in intent filter at /system/priv-app/Contacts/Contacts.apk Binary XML file line #431
09-16 12:19:06.987  3583  3846 I PackageManager: /system/priv-app/Eleven changed; collecting certs
09-16 12:19:06.988  3583  3842 I chatty  : uid=1000(system) packagescan-2 expire 1 line
09-16 12:19:06.991  3583  3842 W PackageManager: Permission android.permission.DOWNLOAD_WITHOUT_NOTIFICATION from package com.android.providers.downloads in an unknown group android.permission-group.NETWORK
09-16 12:19:06.991  3583  3845 I PackageManager: /system/priv-app/Contacts changed; collecting certs
09-16 12:19:06.996  3583  3843 I PackageManager: /system/priv-app/EmergencyInfo changed; collecting certs
09-16 12:19:07.000  3583  3842 I PackageManager: /system/priv-app/ExtServices changed; collecting certs
09-16 12:19:07.004  3583  3841 I PackageManager: /system/priv-app/ExternalStorageProvider changed; collecting certs
09-16 12:19:07.007  3583  3844 W PackageParser: No actions in intent filter at /system/priv-app/Dialer/Dialer.apk Binary XML file line #207
09-16 12:19:07.009  3583  3843 I chatty  : uid=1000(system) packagescan-3 expire 1 line
09-16 12:19:07.012  3583  3844 I PackageManager: /system/priv-app/Dialer changed; collecting certs
09-16 12:19:07.016  3583  3842 I PackageManager: /system/priv-app/FusedLocation changed; collecting certs
09-16 12:19:07.021  3583  3843 I PackageManager: /system/priv-app/InputDevices changed; collecting certs
09-16 12:19:07.032  3583  3843 I PackageManager: /system/priv-app/MmsService changed; collecting certs
09-16 12:19:07.034  3583  3846 I PackageManager: /system/priv-app/LineageSetupWizard changed; collecting certs
09-16 12:19:07.034  3583  3842 I PackageManager: /system/priv-app/MediaProvider changed; collecting certs
09-16 12:19:07.047  3583  3842 I PackageManager: /system/priv-app/OneTimeInitializer changed; collecting certs
09-16 12:19:07.048  3583  3845 I PackageManager: /system/priv-app/ManagedProvisioning changed; collecting certs
09-16 12:19:07.049  3583  3843 I PackageManager: /system/priv-app/MtpDocumentsProvider changed; collecting certs
09-16 12:19:07.053  3583  3841 I PackageManager: /system/priv-app/Gallery2 changed; collecting certs
09-16 12:19:07.065  3583  3842 I PackageManager: /system/priv-app/ProxyHandler changed; collecting certs
09-16 12:19:07.072  3583  3844 I PackageManager: /system/priv-app/SettingsProvider changed; collecting certs
09-16 12:19:07.075  3583  3845 I PackageManager: /system/priv-app/Recorder changed; collecting certs
09-16 12:19:07.078  3583  3846 I PackageManager: /system/priv-app/PackageInstaller changed; collecting certs
09-16 12:19:07.079  3583  3842 I PackageManager: /system/priv-app/SharedStorageBackup changed; collecting certs
09-16 12:19:07.094  3583  3845 I PackageManager: /system/priv-app/StatementService changed; collecting certs
09-16 12:19:07.097  3583  3844 W PackageParser: Ignoring duplicate uses-permissions/uses-permissions-sdk-m: android.permission.INSTALL_GRANT_RUNTIME_PERMISSIONS in package: com.android.shell at: Binary XML file line #102
09-16 12:19:07.101  3583  3844 I PackageManager: /system/priv-app/Shell changed; collecting certs
09-16 12:19:07.106  3583  3842 I PackageManager: /system/priv-app/StorageManager changed; collecting certs
09-16 12:19:07.106  3583  3845 I PackageManager: /system/priv-app/Tag changed; collecting certs
09-16 12:19:07.124  3583  3845 I PackageManager: /system/priv-app/TelephonyProvider changed; collecting certs
09-16 12:19:07.130  3583  3841 W PackageParser: Ignoring duplicate uses-permissions/uses-permissions-sdk-m: android.permission.CONFIGURE_WIFI_DISPLAY in package: com.android.systemui at: Binary XML file line #117
09-16 12:19:07.131  3583  3844 I PackageManager: /system/priv-app/Telecom changed; collecting certs
09-16 12:19:07.143  3583  3841 I PackageManager: /system/priv-app/SystemUI changed; collecting certs
09-16 12:19:07.148  3583  3842 I PackageManager: /system/priv-app/Trebuchet changed; collecting certs
09-16 12:19:07.150  3583  3845 I PackageManager: /system/priv-app/Updater changed; collecting certs
09-16 12:19:07.152  3583  3843 W PackageParser: Ignoring duplicate uses-permissions/uses-permissions-sdk-m: android.permission.USE_CREDENTIALS in package: com.android.settings at: Binary XML file line #56
09-16 12:19:07.153  3583  3843 W PackageParser: Ignoring duplicate uses-permissions/uses-permissions-sdk-m: android.permission.READ_SYNC_SETTINGS in package: com.android.settings at: Binary XML file line #61
09-16 12:19:07.153  3583  3843 W PackageParser: Ignoring duplicate uses-permissions/uses-permissions-sdk-m: android.permission.WRITE_SYNC_SETTINGS in package: com.android.settings at: Binary XML file line #62
09-16 12:19:07.162  3583  3842 W PackageManager: Permission com.android.launcher.permission.INSTALL_SHORTCUT from package com.cyanogenmod.trebuchet in an unknown group android.permission-group.SYSTEM_TOOLS
09-16 12:19:07.162  3583  3842 W PackageManager: Permission com.android.launcher3.permission.READ_SETTINGS from package com.cyanogenmod.trebuchet in an unknown group android.permission-group.SYSTEM_TOOLS
09-16 12:19:07.162  3583  3842 W PackageManager: Permission com.android.launcher3.permission.WRITE_SETTINGS from package com.cyanogenmod.trebuchet in an unknown group android.permission-group.SYSTEM_TOOLS
09-16 12:19:07.166  3583  3844 I PackageManager: /system/priv-app/VpnDialogs changed; collecting certs
09-16 12:19:07.168  3583  3845 I PackageManager: /system/priv-app/WallpaperCropper changed; collecting certs
09-16 12:19:07.172  3583  3842 I PackageManager: /system/priv-app/WeatherManagerService changed; collecting certs
09-16 12:19:07.175  3583  3846 I PackageManager: /system/priv-app/TeleService changed; collecting certs
09-16 12:19:07.184  3583  3844 I PackageManager: /system/priv-app/WeatherProvider changed; collecting certs
09-16 12:19:07.268  3583  3843 I PackageManager: /system/priv-app/Settings changed; collecting certs
09-16 12:19:07.365  3583  3846 I PackageManager: /system/app/BookmarkProvider changed; collecting certs
09-16 12:19:07.365  3583  3842 I PackageManager: /system/app/BasicDreams changed; collecting certs
09-16 12:19:07.365  3583  3841 I PackageManager: /system/app/BluetoothMidiService changed; collecting certs
09-16 12:19:07.368  3583  3845 I PackageManager: /system/app/AdvancedDisplay changed; collecting certs
09-16 12:19:07.376  3583  3842 I PackageManager: /system/app/CaptivePortalLogin changed; collecting certs
09-16 12:19:07.380  3583  3844 W PackageParser: No actions in intent filter at /system/app/Bluetooth/Bluetooth.apk Binary XML file line #226
09-16 12:19:07.385  3583  3844 I PackageManager: /system/app/Bluetooth changed; collecting certs
09-16 12:19:07.385  3583  3843 I PackageManager: /system/app/Calendar changed; collecting certs
09-16 12:19:07.388  3583  3842 I PackageManager: /system/app/CtsShimPrebuilt changed; collecting certs
09-16 12:19:07.390  3583  3841 I PackageManager: /system/app/CertInstaller changed; collecting certs
09-16 12:19:07.392  3583  3842 W PackageManager: Non-privileged app; cap priority to 0; package: com.android.cts.ctsshim activity: com.android.cts.ctsshim.InstallPriority origPrio: 100
09-16 12:19:07.392  3583  3842 W PackageManager: Non-privileged app; cap priority to 0; package: com.android.cts.ctsshim activity: com.android.cts.ctsshim.InstallPriority origPrio: 100
09-16 12:19:07.392  3583  3842 W PackageManager: Non-privileged app; cap priority to 0; package: com.android.cts.ctsshim activity: com.android.cts.ctsshim.InstallPriority origPrio: 100
09-16 12:19:07.393  3583  3842 W PackageManager: Non-privileged app; cap priority to 0; package: com.android.cts.ctsshim activity: com.android.cts.ctsshim.InstallPriority origPrio: 100
09-16 12:19:07.393  3583  3842 W PackageManager: Non-privileged app; cap priority to 0; package: com.android.cts.ctsshim activity: com.android.cts.ctsshim.InstallPriority origPrio: 100
09-16 12:19:07.393  3583  3846 I PackageManager: /system/app/Camera2 changed; collecting certs
09-16 12:19:07.399  3583  3845 W PackageParser: Ignoring duplicate uses-permissions/uses-permissions-sdk-m: android.permission.WRITE_SETTINGS in package: com.android.deskclock at: Binary XML file line #45
09-16 12:19:07.406  3583  3841 I PackageManager: /system/app/DownloadProviderUi changed; collecting certs
09-16 12:19:07.407  3583  3843 W PackageManager: Non-privileged app; cap priority to 0; package: com.android.calendar activity: com.android.calendar.GoogleCalendarUriIntentFilter origPrio: 50
09-16 12:19:07.412  3583  3845 I PackageManager: /system/app/DeskClock changed; collecting certs
09-16 12:19:07.414  3583  3842 I PackageManager: /system/app/Development changed; collecting certs
09-16 12:19:07.416  3583  3843 I PackageManager: /system/app/EasterEgg changed; collecting certs
09-16 12:19:07.428  3583  3841 I PackageManager: /system/app/ExactCalculator changed; collecting certs
09-16 12:19:07.430  3583  3843 I PackageManager: /system/app/ExtShared changed; collecting certs
09-16 12:19:07.438  3583  3846 I PackageManager: /system/app/HTMLViewer changed; collecting certs
09-16 12:19:07.446  3583  3842 I PackageManager: /system/app/Exchange2 changed; collecting certs
09-16 12:19:07.446  3583  3843 I PackageManager: /system/app/KeyChain changed; collecting certs
09-16 12:19:07.453  3583  3845 I PackageManager: /system/app/Jelly changed; collecting certs
09-16 12:19:07.454  3583  3846 I PackageManager: /system/app/LiveWallpapersPicker changed; collecting certs
09-16 12:19:07.468  3583  3843 I PackageManager: /system/app/LockClock changed; collecting certs
09-16 12:19:07.470  3583  3842 W PackageParser: Ignoring duplicate uses-permissions/uses-permissions-sdk-m: android.permission.CHANGE_WIFI_STATE in package: com.android.nfc at: Binary XML file line #47
09-16 12:19:07.470  3583  3842 W PackageParser: Ignoring duplicate uses-permissions/uses-permissions-sdk-m: android.permission.ACCESS_WIFI_STATE in package: com.android.nfc at: Binary XML file line #48
09-16 12:19:07.471  3583  3841 I PackageManager: /system/app/LatinIME changed; collecting certs
09-16 12:19:07.474  3583  3842 I PackageManager: /system/app/NfcNci changed; collecting certs
09-16 12:19:07.476  3583  3845 I PackageManager: /system/app/PacProcessor changed; collecting certs
09-16 12:19:07.478  3583  3844 I PackageManager: /system/app/Email changed; collecting certs
09-16 12:19:07.486  3583  3846 I PackageManager: /system/app/PhotoTable changed; collecting certs
09-16 12:19:07.489  3583  3845 I PackageManager: /system/app/PicoTts changed; collecting certs
09-16 12:19:07.496  3583  3842 I PackageManager: /system/app/PrintRecommendationService changed; collecting certs
09-16 12:19:07.502  3583  3845 I PackageManager: /system/app/RootPA changed; collecting certs
09-16 12:19:07.514  3583  3844 W PackageManager: Permission com.android.email.permission.READ_ATTACHMENT from package com.android.email in an unknown group android.permission-group.MESSAGES
09-16 12:19:07.515  3583  3843 I PackageManager: /system/app/PrintSpooler changed; collecting certs
09-16 12:19:07.515  3583  3846 I PackageManager: /system/app/Profiles changed; collecting certs
09-16 12:19:07.515  3583  3842 I PackageManager: /system/app/Stk changed; collecting certs
09-16 12:19:07.515  3583  3845 I PackageManager: /system/app/Terminal changed; collecting certs
09-16 12:19:07.522  3583  3844 I PackageManager: /system/app/UserDictionaryProvider changed; collecting certs
09-16 12:19:07.527  3583  3843 W PackageManager: Failed to parse /system/app/mcRegistry: Missing base APK in /system/app/mcRegistry
09-16 12:19:07.527  3583  3846 I PackageManager: /system/app/WallpaperBackup changed; collecting certs
09-16 12:19:07.528  3583  3842 I PackageManager: /system/app/WAPPushManager changed; collecting certs
09-16 12:19:07.533  3583  3844 I PackageManager: /system/app/telresources changed; collecting certs
09-16 12:19:07.536  3583  3845 I PackageManager: /system/app/WallpaperPicker changed; collecting certs
09-16 12:19:07.555  3583  3846 I PackageManager: /system/app/webview changed; collecting certs
09-16 12:19:07.569  3583  3843 I PackageManager: /system/app/messaging changed; collecting certs
09-16 12:19:07.890  3583  3583 E PackageManager: There should probably be exactly one setup wizard; found 0: matches=[]
09-16 12:19:07.890  3583  3583 W PackageManager: Protected action; cap priority to 0; package: com.android.cts.priv.ctsshim activity: com.android.cts.priv.ctsshim.InstallPriority origPrio: 100
09-16 12:19:07.890  3583  3583 W PackageManager: Protected action; cap priority to 0; package: com.android.cts.priv.ctsshim activity: com.android.cts.priv.ctsshim.InstallPriority origPrio: 100
09-16 12:19:07.890  3583  3583 W PackageManager: Protected action; cap priority to 0; package: com.android.cts.priv.ctsshim activity: com.android.cts.priv.ctsshim.InstallPriority origPrio: 100
