09-15 22:52:33.901  4995  4995 I Telephony: AccountEntry: Registered phoneAccount: [[ ] PhoneAccount: ComponentInfo{com.android.phone/com.android.services.telephony.TelephonyConnectionService}, [e0184adedf913b076626646d3f52c3b49c39ad6d], UserHandle{0} Capabilities: CallProvider MultiUser PlaceEmerg SimSub  Audio Routes: BESW Schemes: tel voicemail  Extras: null GroupId: [da39a3ee5e6b4b0d3255bfef95601890afd80709]] with handle: ComponentInfo{com.android.phone/com.android.services.telephony.TelephonyConnectionService}, [e0184adedf913b076626646d3f52c3b49c39ad6d], UserHandle{0}
09-15 22:52:33.901  4995  4995 I Telephony: PstnIncomingCallNotifier: Registering: Handler (com.android.internal.telephony.GsmCdmaPhone) {732b88e}
09-15 22:52:33.915  5309  5309 I AlarmClock: AlarmInitReceiver android.intent.action.TIMEZONE_CHANGED
09-15 22:52:33.986  4995  4995 E PhoneInterfaceManager: [PhoneIntfMgr] getIccId: No UICC
09-15 22:52:34.024  3653  3739 I Telecom : PhoneAccountRegistrar: [ComponentInfo{com.android.phone/com.android.services.telephony.TelephonyConnectionService}, [e0184adedf913b076626646d3f52c3b49c39ad6d], UserHandle{0}(icon: Icon(typ=BITMAP size=67x84) -> Icon(typ=BITMAP size=67x84))]: TSI.rPA@ABA
09-15 22:52:34.037  3653  3739 I Telecom : : Sending phone-account registered intent as user: TSI.rPA@ABA
09-15 22:52:34.085  4995  4995 I Telephony: PstnIncomingCallNotifier: Unregistering: Handler (com.android.internal.telephony.GsmCdmaPhone) {732b88e}
09-15 22:52:34.092  4995  4995 E PhoneInterfaceManager: [PhoneIntfMgr] getIccId: No UICC
09-15 22:52:34.119  3653  3739 I Telecom : PhoneAccountRegistrar: [ComponentInfo{com.android.phone/com.android.services.telephony.TelephonyConnectionService}, [e0184adedf913b076626646d3f52c3b49c39ad6d], UserHandle{0}(icon: Icon(typ=BITMAP size=67x84) -> Icon(typ=BITMAP size=67x84))]: TSI.rPA@ABE
09-15 22:52:34.128  3653  3739 I Telecom : : Sending phone-account registered intent as user: TSI.rPA@ABE
09-15 22:52:34.132  4995  4995 I Telephony: AccountEntry: Registered phoneAccount: [[ ] PhoneAccount: ComponentInfo{com.android.phone/com.android.services.telephony.TelephonyConnectionService}, [e0184adedf913b076626646d3f52c3b49c39ad6d], UserHandle{0} Capabilities: CallProvider MultiUser PlaceEmerg SimSub  Audio Routes: BESW Schemes: tel voicemail  Extras: null GroupId: [da39a3ee5e6b4b0d3255bfef95601890afd80709]] with handle: ComponentInfo{com.android.phone/com.android.services.telephony.TelephonyConnectionService}, [e0184adedf913b076626646d3f52c3b49c39ad6d], UserHandle{0}
09-15 22:52:34.132  4995  4995 I Telephony: PstnIncomingCallNotifier: Registering: Handler (com.android.internal.telephony.GsmCdmaPhone) {732b88e}
09-15 22:52:34.155  5309  5330 I AlarmClock: Alarms Table created
09-15 22:52:34.157  5309  5330 I AlarmClock: Instance table created
09-15 22:52:34.157  5309  5330 I AlarmClock: Inserting default alarms
09-15 22:52:34.217  4995  4995 D MccTable: updateMccMncConfiguration mccmnc='72234' fromServiceState=false
09-15 22:52:34.221  4995  4995 D MccTable: updateMccMncConfiguration defaultMccMnc=72234
09-15 22:52:34.221  4995  4995 D MccTable: updateMccMncConfiguration: mcc=722, mnc=34
09-15 22:52:34.221  4995  4995 D MccTable: updateMccMncConfiguration updateConfig config={1.0 722mcc34mnc ?localeList ?layoutDir ?swdp ?wdp ?hdp ?density ?lsize ?long ?orien ?uimode ?night ?touch ?keyb/?/? ?nav/?}
09-15 22:52:34.260  5276  5276 D CellBroadcastReceiver: onReceive Intent { act=android.intent.action.ACTION_DEFAULT_SMS_SUBSCRIPTION_CHANGED flg=0x20000010 cmp=com.android.cellbroadcastreceiver/.CellBroadcastReceiver (has extras) }
09-15 22:52:34.262  5276  5276 D CellBroadcastReceiver: Start Cell Broadcast configuration.
09-15 22:52:34.288  5276  5337 D CellBroadcastConfigService: Enable CellBroadcast on sub 1
09-15 22:52:34.332  5276  5337 E CellBroadcastConfigService: exception enabling cell broadcast channels
09-15 22:52:34.332  5276  5337 E CellBroadcastConfigService: java.lang.NullPointerException: Attempt to invoke virtual method 'java.lang.String android.content.ComponentName.getPackageName()' on a null object reference
09-15 22:52:34.332  5276  5337 E CellBroadcastConfigService: 	at android.os.Parcel.readException(Parcel.java:1690)
09-15 22:52:34.332  5276  5337 E CellBroadcastConfigService: 	at android.os.Parcel.readException(Parcel.java:1637)
09-15 22:52:34.332  5276  5337 E CellBroadcastConfigService: 	at com.android.internal.telephony.ISms$Stub$Proxy.isSmsSimPickActivityNeeded(ISms.java:1409)
09-15 22:52:34.332  5276  5337 E CellBroadcastConfigService: 	at android.telephony.SmsManager.getSubscriptionId(SmsManager.java:828)
09-15 22:52:34.332  5276  5337 E CellBroadcastConfigService: 	at android.telephony.SmsManager.enableCellBroadcastRange(SmsManager.java:1098)
09-15 22:52:34.332  5276  5337 E CellBroadcastConfigService: 	at com.android.cellbroadcastreceiver.CellBroadcastConfigService.setCellBroadcastRange(CellBroadcastConfigService.java:387)
09-15 22:52:34.332  5276  5337 E CellBroadcastConfigService: 	at com.android.cellbroadcastreceiver.CellBroadcastConfigService.setCellBroadcastOnSub(CellBroadcastConfigService.java:217)
09-15 22:52:34.332  5276  5337 E CellBroadcastConfigService: 	at com.android.cellbroadcastreceiver.CellBroadcastConfigService.onHandleIntent(CellBroadcastConfigService.java:96)
09-15 22:52:34.332  5276  5337 E CellBroadcastConfigService: 	at android.app.IntentService$ServiceHandler.handleMessage(IntentService.java:68)
09-15 22:52:34.332  5276  5337 E CellBroadcastConfigService: 	at android.os.Handler.dispatchMessage(Handler.java:102)
09-15 22:52:34.332  5276  5337 E CellBroadcastConfigService: 	at android.os.Looper.loop(Looper.java:154)
09-15 22:52:34.332  5276  5337 E CellBroadcastConfigService: 	at android.os.HandlerThread.run(HandlerThread.java:61)
09-15 22:52:34.382  5276  5276 D CellBroadcastReceiver: onReceive Intent { act=android.intent.action.ACTION_DEFAULT_SMS_SUBSCRIPTION_CHANGED flg=0x20000010 cmp=com.android.cellbroadcastreceiver/.CellBroadcastReceiver (has extras) }
09-15 22:52:34.382  5276  5276 D CellBroadcastReceiver: Start Cell Broadcast configuration.
09-15 22:52:34.393  4995  4995 D MccTable: updateMccMncConfiguration mccmnc='72234' fromServiceState=false
09-15 22:52:34.399  4995  4995 D MccTable: updateMccMncConfiguration defaultMccMnc=72234
09-15 22:52:34.399  4995  4995 D MccTable: updateMccMncConfiguration: mcc=722, mnc=34
09-15 22:52:34.400  4995  4995 D MccTable: updateMccMncConfiguration updateConfig config={1.0 722mcc34mnc ?localeList ?layoutDir ?swdp ?wdp ?hdp ?density ?lsize ?long ?orien ?uimode ?night ?touch ?keyb/?/? ?nav/?}
09-15 22:52:34.402  5276  5339 D CellBroadcastConfigService: Enable CellBroadcast on sub 1
09-15 22:52:34.414  3269  3269 D gpsd    : WakeLock(Acquire,GPSD)
09-15 22:52:34.414  3269  3269 D gpsd    : WakeLock(Release,GPSD)
09-15 22:52:34.422  3269  3269 D gpsd    : WakeLock(Acquire,GPSD)
09-15 22:52:34.423  3269  3269 D gpsd    : WakeLock(Release,GPSD)
09-15 22:52:34.428  4850  4850 D CarrierText: onSimStateChanged: Normal
09-15 22:52:34.430  3269  3269 D gpsd    : WakeLock(Acquire,GPSD)
09-15 22:52:34.430  3269  3269 D gpsd    : WakeLock(Release,GPSD)
09-15 22:52:34.461  5276  5339 E CellBroadcastConfigService: exception enabling cell broadcast channels
09-15 22:52:34.461  5276  5339 E CellBroadcastConfigService: java.lang.NullPointerException: Attempt to invoke virtual method 'java.lang.String android.content.ComponentName.getPackageName()' on a null object reference
09-15 22:52:34.461  5276  5339 E CellBroadcastConfigService: 	at android.os.Parcel.readException(Parcel.java:1690)
09-15 22:52:34.461  5276  5339 E CellBroadcastConfigService: 	at android.os.Parcel.readException(Parcel.java:1637)
09-15 22:52:34.461  5276  5339 E CellBroadcastConfigService: 	at com.android.internal.telephony.ISms$Stub$Proxy.isSmsSimPickActivityNeeded(ISms.java:1409)
09-15 22:52:34.461  5276  5339 E CellBroadcastConfigService: 	at android.telephony.SmsManager.getSubscriptionId(SmsManager.java:828)
09-15 22:52:34.461  5276  5339 E CellBroadcastConfigService: 	at android.telephony.SmsManager.enableCellBroadcastRange(SmsManager.java:1098)
09-15 22:52:34.461  5276  5339 E CellBroadcastConfigService: 	at com.android.cellbroadcastreceiver.CellBroadcastConfigService.setCellBroadcastRange(CellBroadcastConfigService.java:387)
09-15 22:52:34.461  5276  5339 E CellBroadcastConfigService: 	at com.android.cellbroadcastreceiver.CellBroadcastConfigService.setCellBroadcastOnSub(CellBroadcastConfigService.java:217)
09-15 22:52:34.461  5276  5339 E CellBroadcastConfigService: 	at com.android.cellbroadcastreceiver.CellBroadcastConfigService.onHandleIntent(CellBroadcastConfigService.java:96)
09-15 22:52:34.461  5276  5339 E CellBroadcastConfigService: 	at android.app.IntentService$ServiceHandler.handleMessage(IntentService.java:68)
09-15 22:52:34.461  5276  5339 E CellBroadcastConfigService: 	at android.os.Handler.dispatchMessage(Handler.java:102)
09-15 22:52:34.461  5276  5339 E CellBroadcastConfigService: 	at android.os.Looper.loop(Looper.java:154)
09-15 22:52:34.461  5276  5339 E CellBroadcastConfigService: 	at android.os.HandlerThread.run(HandlerThread.java:61)
09-15 22:52:34.538  4850  4850 E SignalClusterView: Unexpected subscription 1
09-15 22:52:34.538  4850  4850 E SignalClusterView: Unexpected subscription 1
09-15 22:52:34.553  3269  3269 D gpsd    : WakeLock(Acquire,GPSD)
09-15 22:52:34.554  3269  3269 D gpsd    : WakeLock(Release,GPSD)
09-15 22:52:34.554  3269  3269 D gpsd    : WakeLock(Acquire,GPSD)
09-15 22:52:34.554  3269  3269 D gpsd    : WakeLock(Release,GPSD)
09-15 22:52:34.557  3269  3269 D gpsd    : WakeLock(Acquire,GPSD)
09-15 22:52:34.557  3269  3269 D gpsd    : WakeLock(Release,GPSD)
09-15 22:52:34.604  3269  3269 D gpsd    : WakeLock(Acquire,GPSD)
09-15 22:52:34.604  3269  3269 D gpsd    : WakeLock(Release,GPSD)
09-15 22:52:34.604  3269  3269 D gpsd    : WakeLock(Acquire,GPSD)
09-15 22:52:34.604  3269  3269 D gpsd    : WakeLock(Release,GPSD)
09-15 22:52:34.608  3269  3269 D gpsd    : WakeLock(Acquire,GPSD)
09-15 22:52:34.608  3269  3269 D gpsd    : WakeLock(Release,GPSD)
09-15 22:52:34.656  4850  4855 I art     : Do partial code cache collection, code=492KB, data=386KB
09-15 22:52:34.657  4850  4855 I art     : After code cache collection, code=492KB, data=385KB
09-15 22:52:34.657  4850  4855 I art     : Increasing code cache capacity to 2MB
09-15 22:52:34.658  4995  4995 D CarrierConfigLoader: update config for phoneId: 0 simState: LOADED
09-15 22:52:34.659  4995  4995 D CarrierSvcBindHelper: update binding for phoneId: 0 simState: LOADED
09-15 22:52:34.661  5276  5276 D CellBroadcastReceiver: onReceive Intent { act=android.intent.action.SIM_STATE_CHANGED flg=0x4000010 cmp=com.android.cellbroadcastreceiver/.CellBroadcastReceiver (has extras) }
09-15 22:52:34.662  5276  5276 D CellBroadcastReceiver: Default interval 0 did not change.
09-15 22:52:34.694  3269  3269 D gpsd    : WakeLock(Acquire,GPSD)
09-15 22:52:34.694  3269  3269 D gpsd    : WakeLock(Release,GPSD)
09-15 22:52:34.694  3269  3269 D gpsd    : WakeLock(Acquire,GPSD)
09-15 22:52:34.694  3269  3269 D gpsd    : WakeLock(Release,GPSD)
09-15 22:52:34.699  3269  3269 D gpsd    : WakeLock(Acquire,GPSD)
09-15 22:52:34.699  3269  3269 D gpsd    : WakeLock(Release,GPSD)
09-15 22:52:34.893  3653  5010 I Telecom : PhoneAccountRegistrar: [ComponentInfo{com.android.phone/com.android.services.telephony.TelephonyConnectionService}, [e0184adedf913b076626646d3f52c3b49c39ad6d], UserHandle{0}(icon: Icon(typ=BITMAP size=67x84) -> Icon(typ=BITMAP size=67x84))]: TSI.rPA@ABQ
09-15 22:52:34.904  3653  5010 I Telecom : : Sending phone-account registered intent as user: TSI.rPA@ABQ
09-15 22:52:34.956  4995  4995 D TelephonyProvider: subIdString = 1 subId = 1
09-15 22:52:34.970  4995  4995 D TelephonyProvider: getPreferredApnIdFromApn: for subId 1
09-15 22:52:34.975  4995  4995 D TelephonyProvider: Preferred APN: -1
09-15 22:52:35.393  3269  3269 D gpsd    : WakeLock(Acquire,GPSD)
09-15 22:52:35.393  3269  3269 D gpsd    : WakeLock(Release,GPSD)
09-15 22:52:35.393  3269  3269 D gpsd    : WakeLock(Acquire,GPSD)
09-15 22:52:35.393  3269  3269 D gpsd    : WakeLock(Release,GPSD)
09-15 22:52:35.405  3269  3269 D gpsd    : WakeLock(Acquire,GPSD)
09-15 22:52:35.406  3269  3269 D gpsd    : WakeLock(Release,GPSD)
09-15 22:52:35.448  3269  3269 D gpsd    : WakeLock(Acquire,GPSD)
09-15 22:52:35.448  3269  3269 D gpsd    : WakeLock(Release,GPSD)
09-15 22:52:35.448  3269  3269 D gpsd    : WakeLock(Acquire,GPSD)
09-15 22:52:35.448  3269  3269 D gpsd    : WakeLock(Release,GPSD)
09-15 22:52:35.451  3269  3269 D gpsd    : WakeLock(Acquire,GPSD)
09-15 22:52:35.451  3269  3269 D gpsd    : WakeLock(Release,GPSD)
09-15 22:52:35.553  4995  4995 D TelephonyProvider: subIdString = 1 subId = 1
09-15 22:52:35.553  4995  4995 D TelephonyProvider: getPreferredApnIdFromApn: for subId 1
09-15 22:52:35.554  4995  4995 D TelephonyProvider: Preferred APN: -1
09-15 22:52:35.810  4995  4995 I Telephony: PstnIncomingCallNotifier: Unregistering: Handler (com.android.internal.telephony.GsmCdmaPhone) {732b88e}
09-15 22:52:35.882  3653  4865 I Telecom : PhoneAccountRegistrar: New phone account registered: [[ ] PhoneAccount: ComponentInfo{com.android.phone/com.android.services.telephony.TelephonyConnectionService}, [2628372b20c6b31a61c46f7f5a9328dbf0edaed6], UserHandle{0} Capabilities: CallProvider MultiUser PlaceEmerg SimSub  Audio Routes: BESW Schemes: tel voicemail  Extras: null GroupId: [da39a3ee5e6b4b0d3255bfef95601890afd80709]]: TSI.rPA@ABU
09-15 22:52:35.897  3653  4865 I Telecom : : Sending phone-account registered intent as user: TSI.rPA@ABU
09-15 22:52:35.901  4995  4995 I Telephony: AccountEntry: Registered phoneAccount: [[ ] PhoneAccount: ComponentInfo{com.android.phone/com.android.services.telephony.TelephonyConnectionService}, [2628372b20c6b31a61c46f7f5a9328dbf0edaed6], UserHandle{0} Capabilities: CallProvider MultiUser PlaceEmerg SimSub  Audio Routes: BESW Schemes: tel voicemail  Extras: null GroupId: [da39a3ee5e6b4b0d3255bfef95601890afd80709]] with handle: ComponentInfo{com.android.phone/com.android.services.telephony.TelephonyConnectionService}, [2628372b20c6b31a61c46f7f5a9328dbf0edaed6], UserHandle{0}
09-15 22:52:35.901  4995  4995 I Telephony: PstnIncomingCallNotifier: Registering: Handler (com.android.internal.telephony.GsmCdmaPhone) {732b88e}
09-15 22:52:35.926  4995  4995 I Telephony: TelecomAccountRegistry: Unregistering phone account ComponentInfo{com.android.phone/com.android.services.telephony.TelephonyConnectionService}, [e0184adedf913b076626646d3f52c3b49c39ad6d], UserHandle{0}.
09-15 22:52:35.937  3653  5010 I Telecom : : Sending phone-account unregistered intent as user: TSI.uPA@ABc
09-15 22:52:36.033  4995  4995 D CallNotifier: updatePhoneStateListeners: update CF notifications.
09-15 22:52:36.035  4995  4995 I Telephony: PstnIncomingCallNotifier: Unregistering: Handler (com.android.internal.telephony.GsmCdmaPhone) {732b88e}
09-15 22:52:36.117  3653  4865 I Telecom : PhoneAccountRegistrar: [ComponentInfo{com.android.phone/com.android.services.telephony.TelephonyConnectionService}, [2628372b20c6b31a61c46f7f5a9328dbf0edaed6], UserHandle{0}(icon: Icon(typ=BITMAP size=67x84) -> Icon(typ=BITMAP size=67x84))]: TSI.rPA@ABk
09-15 22:52:36.127  3653  4865 I Telecom : : Sending phone-account registered intent as user: TSI.rPA@ABk
09-15 22:52:36.133  4995  4995 I Telephony: AccountEntry: Registered phoneAccount: [[ ] PhoneAccount: ComponentInfo{com.android.phone/com.android.services.telephony.TelephonyConnectionService}, [2628372b20c6b31a61c46f7f5a9328dbf0edaed6], UserHandle{0} Capabilities: CallProvider MultiUser PlaceEmerg SimSub  Audio Routes: BESW Schemes: tel voicemail  Extras: null GroupId: [da39a3ee5e6b4b0d3255bfef95601890afd80709]] with handle: ComponentInfo{com.android.phone/com.android.services.telephony.TelephonyConnectionService}, [2628372b20c6b31a61c46f7f5a9328dbf0edaed6], UserHandle{0}
09-15 22:52:36.134  4995  4995 I Telephony: PstnIncomingCallNotifier: Registering: Handler (com.android.internal.telephony.GsmCdmaPhone) {732b88e}
09-15 22:52:36.228  4995  4995 D CallNotifier: updatePhoneStateListeners: update CF notifications.
09-15 22:52:36.230  4995  4995 I Telephony: PstnIncomingCallNotifier: Unregistering: Handler (com.android.internal.telephony.GsmCdmaPhone) {732b88e}
09-15 22:52:36.344  3653  4864 I Telecom : PhoneAccountRegistrar: [ComponentInfo{com.android.phone/com.android.services.telephony.TelephonyConnectionService}, [2628372b20c6b31a61c46f7f5a9328dbf0edaed6], UserHandle{0}(icon: Icon(typ=BITMAP size=67x84) -> Icon(typ=BITMAP size=67x84))]: TSI.rPA@ABw
09-15 22:52:36.363  3653  4864 I Telecom : : Sending phone-account registered intent as user: TSI.rPA@ABw
09-15 22:52:36.370  4995  4995 I Telephony: AccountEntry: Registered phoneAccount: [[ ] PhoneAccount: ComponentInfo{com.android.phone/com.android.services.telephony.TelephonyConnectionService}, [2628372b20c6b31a61c46f7f5a9328dbf0edaed6], UserHandle{0} Capabilities: CallProvider MultiUser PlaceEmerg SimSub  Audio Routes: BESW Schemes: tel voicemail  Extras: null GroupId: [da39a3ee5e6b4b0d3255bfef95601890afd80709]] with handle: ComponentInfo{com.android.phone/com.android.services.telephony.TelephonyConnectionService}, [2628372b20c6b31a61c46f7f5a9328dbf0edaed6], UserHandle{0}
09-15 22:52:36.371  4995  4995 I Telephony: PstnIncomingCallNotifier: Registering: Handler (com.android.internal.telephony.GsmCdmaPhone) {732b88e}
09-15 22:52:36.416  4995  4995 D CarrierConfigLoader: mHandler: 7 phoneId: 0
09-15 22:52:36.427  4995  4995 E CarrierConfigLoader: java.io.FileNotFoundException: /data/user_de/0/com.android.phone/files/carrierconfig-com.android.carrierconfig-89543420816751226808-72234.xml (No such file or directory)
09-15 22:52:36.428  4995  4995 D CarrierConfigLoader: Binding to com.android.carrierconfig for phone 0
09-15 22:52:36.470  3653  4864 I ActivityManager: Start proc 5345:com.android.carrierconfig/u0a4 for service com.android.carrierconfig/.DefaultCarrierConfigService
09-15 22:52:36.516  4995  4995 D CarrierSvcBindHelper: mHandler: 0
09-15 22:52:36.516  4995  4995 D CarrierSvcBindHelper: Rebinding if necessary for phoneId: 0
09-15 22:52:36.527  4995  4995 D CarrierSvcBindHelper: No carrier app for: 0
09-15 22:52:36.543  5040  5040 D SimSelectNotification:  no of slots 1 provision = false
09-15 22:52:36.579  5345  5345 W System  : ClassLoader referenced unknown path: /system/priv-app/CarrierConfig/lib/arm64
09-15 22:52:36.674  5345  5345 D DefaultCarrierConfigService: Service created
09-15 22:52:36.790  4995  4995 D CallNotifier: updatePhoneStateListeners: update CF notifications.
09-15 22:52:36.792  4995  4995 I Telephony: PstnIncomingCallNotifier: Unregistering: Handler (com.android.internal.telephony.GsmCdmaPhone) {732b88e}
09-15 22:52:36.858  3653  3739 I Telecom : PhoneAccountRegistrar: [ComponentInfo{com.android.phone/com.android.services.telephony.TelephonyConnectionService}, [2628372b20c6b31a61c46f7f5a9328dbf0edaed6], UserHandle{0}(icon: Icon(typ=BITMAP size=67x84) -> Icon(typ=BITMAP size=67x84))]: TSI.rPA@AB8
09-15 22:52:36.872  3653  3739 I Telecom : : Sending phone-account registered intent as user: TSI.rPA@AB8
09-15 22:52:36.876  4995  4995 I Telephony: AccountEntry: Registered phoneAccount: [[ ] PhoneAccount: ComponentInfo{com.android.phone/com.android.services.telephony.TelephonyConnectionService}, [2628372b20c6b31a61c46f7f5a9328dbf0edaed6], UserHandle{0} Capabilities: CallProvider MultiUser PlaceEmerg SimSub  Audio Routes: BESW Schemes: tel voicemail  Extras: null GroupId: [da39a3ee5e6b4b0d3255bfef95601890afd80709]] with handle: ComponentInfo{com.android.phone/com.android.services.telephony.TelephonyConnectionService}, [2628372b20c6b31a61c46f7f5a9328dbf0edaed6], UserHandle{0}
09-15 22:52:36.877  4995  4995 I Telephony: PstnIncomingCallNotifier: Registering: Handler (com.android.internal.telephony.GsmCdmaPhone) {732b88e}
09-15 22:52:36.977  4995  4995 D CallNotifier: updatePhoneStateListeners: update CF notifications.
09-15 22:52:36.979  4995  4995 I Telephony: PstnIncomingCallNotifier: Unregistering: Handler (com.android.internal.telephony.GsmCdmaPhone) {732b88e}
09-15 22:52:37.077  3653  4864 I Telecom : PhoneAccountRegistrar: [ComponentInfo{com.android.phone/com.android.services.telephony.TelephonyConnectionService}, [2628372b20c6b31a61c46f7f5a9328dbf0edaed6], UserHandle{0}(icon: Icon(typ=BITMAP size=67x84) -> Icon(typ=BITMAP size=67x84))]: TSI.rPA@ACI
09-15 22:52:37.092  3653  4864 I Telecom : : Sending phone-account registered intent as user: TSI.rPA@ACI
09-15 22:52:37.095  4995  4995 I Telephony: AccountEntry: Registered phoneAccount: [[ ] PhoneAccount: ComponentInfo{com.android.phone/com.android.services.telephony.TelephonyConnectionService}, [2628372b20c6b31a61c46f7f5a9328dbf0edaed6], UserHandle{0} Capabilities: CallProvider MultiUser PlaceEmerg SimSub  Audio Routes: BESW Schemes: tel voicemail  Extras: null GroupId: [da39a3ee5e6b4b0d3255bfef95601890afd80709]] with handle: ComponentInfo{com.android.phone/com.android.services.telephony.TelephonyConnectionService}, [2628372b20c6b31a61c46f7f5a9328dbf0edaed6], UserHandle{0}
09-15 22:52:37.096  4995  4995 I Telephony: PstnIncomingCallNotifier: Registering: Handler (com.android.internal.telephony.GsmCdmaPhone) {732b88e}
09-15 22:52:37.144  4995  4995 I NotificationMgr: updateMwi(): subId 1 update to false
09-15 22:52:37.205  4995  4995 D MccTable: updateMccMncConfiguration mccmnc='72234' fromServiceState=true
09-15 22:52:37.207  4995  4995 D MccTable: updateMccMncConfiguration defaultMccMnc=72234
09-15 22:52:37.208  4995  4995 D MccTable: updateMccMncConfiguration: mcc=722, mnc=34
09-15 22:52:37.208  4995  4995 D MccTable: WIFI_COUNTRY_CODE set to ar
09-15 22:52:37.222  3653  4865 I WifiService: WifiService trying to set country code to ar with persist set to false
09-15 22:52:37.227  3269  3269 D gpsd    : WakeLock(Acquire,GPSD)
09-15 22:52:37.227  3269  3269 D gpsd    : WakeLock(Release,GPSD)
09-15 22:52:37.227  3269  3269 D gpsd    : WakeLock(Acquire,GPSD)
09-15 22:52:37.227  3269  3269 D gpsd    : WakeLock(Release,GPSD)
09-15 22:52:37.233  3269  3269 D gpsd    : WakeLock(Acquire,GPSD)
09-15 22:52:37.233  3269  3269 D gpsd    : WakeLock(Release,GPSD)
09-15 22:52:37.432  5056  5056 I wpa_supplicant: wlan0: CTRL-EVENT-REGDOM-CHANGE init=USER type=COUNTRY alpha2=AR
09-15 22:52:37.454  3653  4865 I chatty  : uid=1000(system) Binder:3653_4 expire 1 line
09-15 22:52:37.533  5276  5276 D CellBroadcastReceiver: onReceive Intent { act=android.intent.action.SERVICE_STATE flg=0x10 cmp=com.android.cellbroadcastreceiver/.CellBroadcastReceiver (has extras) }
09-15 22:52:37.533  5276  5276 D CellBroadcastReceiver: Intent: android.intent.action.SERVICE_STATE
09-15 22:52:37.541  5276  5276 D CellBroadcastReceiver: Service state changed! 0 Full: 0 1 voice home data home PERSONAL AR TP 72234 PERSONAL AR TP 72234  UMTS Unknown CSS not supported -1 -1 RoamInd=-1 DefRoamInd=-1 EmergOnly=false IsDataRoamingFromRegistration=false IsUsingCarrierAggregation=false Current state=1
09-15 22:52:37.542  5276  5276 D CellBroadcastReceiver: Start Cell Broadcast configuration.
09-15 22:52:37.564  4995  4995 D CarrierConfigLoader: Connected to config app: com.android.carrierconfig/com.android.carrierconfig.DefaultCarrierConfigService
09-15 22:52:37.593  5276  5363 D CellBroadcastConfigService: Enable CellBroadcast on sub 1
09-15 22:52:37.635  3653  3740 I Telecom : PhoneAccountRegistrar: [ComponentInfo{com.android.phone/com.android.services.telephony.TelephonyConnectionService}, [2628372b20c6b31a61c46f7f5a9328dbf0edaed6], UserHandle{0}(icon: Icon(typ=BITMAP size=67x84) -> Icon(typ=BITMAP size=67x84))(lbl: PERSONAL -> )(desc: PERSONAL -> )]: TSI.rPA@ACU
09-15 22:52:37.640  5276  5363 E CellBroadcastConfigService: exception enabling cell broadcast channels
09-15 22:52:37.640  5276  5363 E CellBroadcastConfigService: java.lang.NullPointerException: Attempt to invoke virtual method 'java.lang.String android.content.ComponentName.getPackageName()' on a null object reference
09-15 22:52:37.640  5276  5363 E CellBroadcastConfigService: 	at android.os.Parcel.readException(Parcel.java:1690)
09-15 22:52:37.640  5276  5363 E CellBroadcastConfigService: 	at android.os.Parcel.readException(Parcel.java:1637)
09-15 22:52:37.640  5276  5363 E CellBroadcastConfigService: 	at com.android.internal.telephony.ISms$Stub$Proxy.isSmsSimPickActivityNeeded(ISms.java:1409)
09-15 22:52:37.640  5276  5363 E CellBroadcastConfigService: 	at android.telephony.SmsManager.getSubscriptionId(SmsManager.java:828)
09-15 22:52:37.640  5276  5363 E CellBroadcastConfigService: 	at android.telephony.SmsManager.enableCellBroadcastRange(SmsManager.java:1098)
09-15 22:52:37.640  5276  5363 E CellBroadcastConfigService: 	at com.android.cellbroadcastreceiver.CellBroadcastConfigService.setCellBroadcastRange(CellBroadcastConfigService.java:387)
09-15 22:52:37.640  5276  5363 E CellBroadcastConfigService: 	at com.android.cellbroadcastreceiver.CellBroadcastConfigService.setCellBroadcastOnSub(CellBroadcastConfigService.java:217)
09-15 22:52:37.640  5276  5363 E CellBroadcastConfigService: 	at com.android.cellbroadcastreceiver.CellBroadcastConfigService.onHandleIntent(CellBroadcastConfigService.java:96)
09-15 22:52:37.640  5276  5363 E CellBroadcastConfigService: 	at android.app.IntentService$ServiceHandler.handleMessage(IntentService.java:68)
09-15 22:52:37.640  5276  5363 E CellBroadcastConfigService: 	at android.os.Handler.dispatchMessage(Handler.java:102)
09-15 22:52:37.640  5276  5363 E CellBroadcastConfigService: 	at android.os.Looper.loop(Looper.java:154)
09-15 22:52:37.640  5276  5363 E CellBroadcastConfigService: 	at android.os.HandlerThread.run(HandlerThread.java:61)
09-15 22:52:37.645  3653  3740 I Telecom : : Sending phone-account registered intent as user: TSI.rPA@ACU
09-15 22:52:37.850  4995  4995 D CallNotifier: updatePhoneStateListeners: update CF notifications.
09-15 22:52:37.853  4995  4995 I NotificationMgr: updateMwi(): subId 1 update to false
09-15 22:52:37.855  4995  4995 I Telephony: PstnIncomingCallNotifier: Unregistering: Handler (com.android.internal.telephony.GsmCdmaPhone) {732b88e}
09-15 22:52:37.910  3653  5009 I Telecom : PhoneAccountRegistrar: [ComponentInfo{com.android.phone/com.android.services.telephony.TelephonyConnectionService}, [2628372b20c6b31a61c46f7f5a9328dbf0edaed6], UserHandle{0}(icon: Icon(typ=BITMAP size=67x84) -> Icon(typ=BITMAP size=67x84))]: TSI.rPA@ACY
09-15 22:52:37.920  3653  5009 I Telecom : : Sending phone-account registered intent as user: TSI.rPA@ACY
09-15 22:52:37.923  4995  4995 I Telephony: AccountEntry: Registered phoneAccount: [[ ] PhoneAccount: ComponentInfo{com.android.phone/com.android.services.telephony.TelephonyConnectionService}, [2628372b20c6b31a61c46f7f5a9328dbf0edaed6], UserHandle{0} Capabilities: CallProvider MultiUser PlaceEmerg SimSub  Audio Routes: BESW Schemes: tel voicemail  Extras: null GroupId: [da39a3ee5e6b4b0d3255bfef95601890afd80709]] with handle: ComponentInfo{com.android.phone/com.android.services.telephony.TelephonyConnectionService}, [2628372b20c6b31a61c46f7f5a9328dbf0edaed6], UserHandle{0}
09-15 22:52:37.923  4995  4995 I Telephony: PstnIncomingCallNotifier: Registering: Handler (com.android.internal.telephony.GsmCdmaPhone) {732b88e}
09-15 22:52:37.944  4995  4995 I Telephony: PstnIncomingCallNotifier: Unregistering: Handler (com.android.internal.telephony.GsmCdmaPhone) {732b88e}
09-15 22:52:38.010  3653  4864 I Telecom : PhoneAccountRegistrar: [ComponentInfo{com.android.phone/com.android.services.telephony.TelephonyConnectionService}, [2628372b20c6b31a61c46f7f5a9328dbf0edaed6], UserHandle{0}(icon: Icon(typ=BITMAP size=67x84) -> Icon(typ=BITMAP size=67x84))]: TSI.rPA@ACk
09-15 22:52:38.022  3653  4864 I Telecom : : Sending phone-account registered intent as user: TSI.rPA@ACk
09-15 22:52:38.027  4995  4995 I Telephony: AccountEntry: Registered phoneAccount: [[ ] PhoneAccount: ComponentInfo{com.android.phone/com.android.services.telephony.TelephonyConnectionService}, [2628372b20c6b31a61c46f7f5a9328dbf0edaed6], UserHandle{0} Capabilities: CallProvider MultiUser PlaceEmerg SimSub  Audio Routes: BESW Schemes: tel voicemail  Extras: null GroupId: [da39a3ee5e6b4b0d3255bfef95601890afd80709]] with handle: ComponentInfo{com.android.phone/com.android.services.telephony.TelephonyConnectionService}, [2628372b20c6b31a61c46f7f5a9328dbf0edaed6], UserHandle{0}
09-15 22:52:38.028  4995  4995 I Telephony: PstnIncomingCallNotifier: Registering: Handler (com.android.internal.telephony.GsmCdmaPhone) {732b88e}
09-15 22:52:38.074  4995  4995 D CarrierConfigLoader: mHandler: 3 phoneId: 0
09-15 22:52:38.080  5345  5359 D DefaultCarrierConfigService: Config being fetched
09-15 22:52:38.085  5345  5359 D DefaultCarrierConfigService: java.io.FileNotFoundException: carrier_config_72234.xml
09-15 22:52:38.207  3653  3740 I Telecom : PhoneAccountRegistrar: [ComponentInfo{com.android.phone/com.android.services.telephony.TelephonyConnectionService}, [2628372b20c6b31a61c46f7f5a9328dbf0edaed6], UserHandle{0}(icon: Icon(typ=BITMAP size=67x84) -> Icon(typ=BITMAP size=67x84))]: TSI.rPA@ACw
09-15 22:52:38.222  3653  3740 I Telecom : : Sending phone-account registered intent as user: TSI.rPA@ACw
09-15 22:52:38.226  4995  4995 D CarrierConfigLoader: mHandler: 5 phoneId: 0
09-15 22:52:38.312  3653  3653 I Telecom : PhoneAccountRegistrar: SimCallManager queried, returning: null: TSI.gSCMFU@AC0
09-15 22:52:38.334  4995  4995 D VvmSimChangeReceiver: Carrier config changed
09-15 22:52:38.337  4995  4995 D VvmSimChangeReceiver: User locked, activation request delayed until unlock
09-15 22:52:38.351  5276  5276 D CellBroadcastReceiver: onReceive Intent { act=android.intent.action.SERVICE_STATE flg=0x10 cmp=com.android.cellbroadcastreceiver/.CellBroadcastReceiver (has extras) }
09-15 22:52:38.351  5276  5276 D CellBroadcastReceiver: Intent: android.intent.action.SERVICE_STATE
09-15 22:52:38.365  4995  5000 I art     : Compiler allocated 4MB to compile void com.android.internal.telephony.ServiceStateTracker.pollStateDoneGsm()
09-15 22:52:38.425  4995  4995 D TelephonyProvider: subIdString = 1 subId = 1
09-15 22:52:38.425  4995  4995 D TelephonyProvider: getPreferredApnIdFromApn: for subId 1
09-15 22:52:38.426  4995  4995 D TelephonyProvider: Preferred APN: -1
09-15 22:52:38.605  3603  3603 W         : eglTerminate 2662: PID Exeption @unknown
09-15 22:52:38.614  4995  5000 I art     : Compiler allocated 5MB to compile boolean android.app.ApplicationThreadNative.onTransact(int, android.os.Parcel, android.os.Parcel, int)
09-15 22:52:38.842  3653  3749 I SystemServiceManager: Starting phase 1000
09-15 22:52:38.927  3082  3082 W auditd  : type=1320 audit(0.0:146): 
09-15 22:52:38.939  3082  3082 W auditd  : type=1325 audit(0.0:147): table=filter family=10 entries=111
09-15 22:52:38.939  3082  3082 W auditd  : type=1320 audit(0.0:147): 
09-15 22:52:38.951  3082  3082 W auditd  : type=1325 audit(0.0:148): table=filter family=2 entries=99
09-15 22:52:38.951  3082  3082 W auditd  : type=1320 audit(0.0:148): 
09-15 22:52:38.963  3082  3082 W auditd  : type=1325 audit(0.0:149): table=filter family=10 entries=110
09-15 22:52:38.963  3082  3082 W auditd  : type=1320 audit(0.0:149): 
09-15 22:52:38.972  3653  3750 W ProcessCpuTracker: Skipping unknown process pid 5375
09-15 22:52:38.983  3653  3749 I ActivityManager: Start proc 5377:android.ext.services/u0a11 for on-hold
09-15 22:52:38.986  3653  3749 D ActivityManager: Finishing user boot 0
09-15 22:52:38.989  3653  3749 D CryptdConnector: SND -> {3 cryptfs prepare_user_storage ! 0 0 2}
09-15 22:52:38.991  3074  3144 D vold    : e4crypt_prepare_user_storage for volume null, user 0, serial 0, flags 2
09-15 22:52:38.991  3074  3144 D vold    : Preparing: /data/system_ce/0
09-15 22:52:39.000  3074  3144 D vold    : Preparing: /data/misc_ce/0
09-15 22:52:39.000  3074  3144 D vold    : Preparing: /data/media/0
09-15 22:52:39.000  3074  3144 D vold    : Preparing: /data/data
09-15 22:52:39.001  3653  4096 D CryptdConnector: RCV <- {200 3 Command succeeded}
09-15 22:52:39.004  3653  3749 V UserManagerService: Found /data/user/0 with serial number 0
09-15 22:52:39.005  3653  3749 V UserManagerService: Found /data/system_ce/0 with serial number -1
09-15 22:52:39.005  3653  3749 D UserManagerService: Serial number missing on /data/system_ce/0; assuming current is valid
09-15 22:52:39.006  3653  3749 V PackageManager: reconcileAppsData for null u0 0x2
09-15 22:52:39.009  5385  5385 I bootstat: Service started: /system/bin/bootstat --record_boot_complete 
09-15 22:52:39.009  5385  5385 E bootstat: Failed to read /data/misc/bootstat/last_boot_time_utc: No such file or directory
09-15 22:52:39.010  5385  5385 E bootstat: Failed to parse boot time record: /data/misc/bootstat/last_boot_time_utc
09-15 22:52:39.010  5385  5385 E bootstat: Failed to read /data/misc/bootstat/build_date: No such file or directory
09-15 22:52:39.010  5385  5385 E bootstat: Failed to parse boot time record: /data/misc/bootstat/build_date
09-15 22:52:39.011  5385  5385 E bootstat: Failed to read /data/misc/bootstat/post_decrypt_time_elapsed: No such file or directory
09-15 22:52:39.011  5385  5385 E bootstat: Failed to parse boot time record: /data/misc/bootstat/post_decrypt_time_elapsed
09-15 22:52:39.026  5394  5394 I bootstat: Service started: /system/bin/bootstat --record_boot_reason 
09-15 22:52:39.026  5394  5394 I bootstat: Unknown boot reason: 
09-15 22:52:39.039  5396  5396 I bootstat: Service started: /system/bin/bootstat --record_time_since_factory_reset 
09-15 22:52:39.039  5396  5396 I bootstat: Logging histogram: factory_reset_current_time 1505526759
09-15 22:52:39.040  5396  5396 E bootstat: Failed to read /data/misc/bootstat/factory_reset: No such file or directory
09-15 22:52:39.040  5396  5396 E bootstat: Failed to parse boot time record: /data/misc/bootstat/factory_reset
09-15 22:52:39.053  5397  5397 I bootstat: Service started: /system/bin/bootstat -l 
09-15 22:52:39.053  5397  5397 I bootstat: Logging histogram: bootstat_mtime_matches_content 1
09-15 22:52:39.054  5397  5397 I bootstat: Logging histogram: bootstat_mtime_matches_content 1
09-15 22:52:39.054  5397  5397 I bootstat: Logging histogram: bootstat_mtime_matches_content 1
09-15 22:52:39.054  5397  5397 I bootstat: Logging histogram: bootstat_mtime_matches_content 1
09-15 22:52:39.054  5397  5397 I bootstat: Logging histogram: bootstat_mtime_matches_content 1
09-15 22:52:39.054  5397  5397 I bootstat: Logging histogram: bootstat_mtime_matches_content 1
09-15 22:52:39.054  5397  5397 I bootstat: Logging histogram: bootstat_mtime_matches_content 1
09-15 22:52:39.054  5397  5397 I bootstat: Logging histogram: last_boot_time_utc 1505526759
09-15 22:52:39.055  5397  5397 I bootstat: Logging histogram: build_date 1505513553
09-15 22:52:39.055  5397  5397 I bootstat: Logging histogram: ota_boot_complete_no_encryption 45
09-15 22:52:39.055  5397  5397 I bootstat: Logging histogram: ota_boot_complete 45
09-15 22:52:39.055  5397  5397 I bootstat: Logging histogram: boot_reason 1
09-15 22:52:39.055  5397  5397 I bootstat: Logging histogram: factory_reset_current_time 1505526759
09-15 22:52:39.055  5397  5397 I bootstat: Logging histogram: factory_reset 1505526759
09-15 22:52:39.835  3653  3749 V PackageManager: reconcileAppsData finished 94 packages
09-15 22:52:39.842  3653  4787 I chatty  : uid=1000(system) LiveDisplay expire 1 line
09-15 22:52:39.869  3653  3742 D BluetoothManagerService: User 0 unlocked
09-15 22:52:39.869  3653  3742 D MountService: onUnlockUser 0
09-15 22:52:39.870  3653  3742 D VoldConnector: SND -> {35 volume user_started 0}
09-15 22:52:39.872  3653  3748 D BluetoothManagerService: MESSAGE_USER_UNLOCKED
09-15 22:52:39.872  3653  4747 I chatty  : uid=1000(system) WifiStateMachin expire 5 lines
09-15 22:52:39.874  3653  4751 D ConnectivityService: Got NetworkFactory Messenger for WIFI
09-15 22:52:39.874  3653  4751 D ConnectivityService: Got NetworkFactory Messenger for WIFI_UT
09-15 22:52:39.884  5309  5309 I AlarmClock: AlarmInitReceiver android.intent.action.LOCKED_BOOT_COMPLETED
09-15 22:52:39.887  3074  3143 D vold    : Linking /storage/emulated/0 to /mnt/user/0/primary
09-15 22:52:39.887  3653  4095 D VoldConnector: RCV <- {200 35 Command succeeded}
09-15 22:52:39.899  3653  4094 D MountService: Volume emulated broadcasting mounted to UserHandle{0}
09-15 22:52:39.921  5377  5377 W System  : ClassLoader referenced unknown path: /system/priv-app/ExtServices/lib/arm64
09-15 22:52:39.931  3653  3653 I InputMethodManagerService: All the enabled IMEs are gone. Reset default enabled IMEs.
09-15 22:52:39.950  3253  3287 D PermissionCache: checking android.permission.HARDWARE_TEST for uid=1000 => granted (515 us)
09-15 22:52:39.959  3653  3742 V BackupManagerService: No ancestral data
09-15 22:52:40.031  3653  3742 V BackupManagerService: Starting with transport com.google.android.gms/.backup.BackupTransportService
09-15 22:52:40.031  3653  3742 V BackupManagerService: Found transports: 1
09-15 22:52:40.034  3653  3742 I BackupManagerService: Backup enable apparently not migrated
09-15 22:52:40.034  3653  3742 I BackupManagerService: Migrating enable state false
09-15 22:52:40.039  3653  3742 I BackupManagerService: Backup enabled => false
09-15 22:52:40.070  3653  5398 V KeyValueBackupJob: Scheduling k/v pass in 248 minutes
09-15 22:52:40.082  3653  3742 W AppWidgetServiceImpl: Failed to read state: java.io.FileNotFoundException: /data/system/users/0/appwidgets.xml (No such file or directory)
09-15 22:52:40.082  3653  3742 V AppWidgetServiceImpl: Upgrading widget database from 0 to 1
09-15 22:52:40.083  3653  3742 W VoiceInteractionManagerService: no available voice interaction services found for user 0
09-15 22:52:40.083  3653  3742 W VoiceInteractionManagerService: no available voice recognition services found for user 0
09-15 22:52:40.084  3653  3742 I BrokerableCMSystemService: Connecting to implementation
09-15 22:52:40.084  3653  3739 I ActivityManager: Start proc 5401:android.process.media/u0a9 for broadcast com.android.providers.downloads/.DownloadReceiver
09-15 22:52:40.084  3653  3742 W ContextImpl: Calling a method in the system process without a qualified user: android.app.ContextImpl.bindService:1421 org.cyanogenmod.platform.internal.BrokerableCMSystemService.tryConnecting:199 org.cyanogenmod.platform.internal.WeatherManagerServiceBroker.onUnlockUser:97 com.android.server.SystemServiceManager.unlockUser:179 com.android.server.am.ActivityManagerService$MainHandler.handleMessage:2067 
09-15 22:52:40.156  3653  3742 I ActivityManager: Start proc 5416:org.cyanogenmod.weatherservice/u0a30 for service org.cyanogenmod.weatherservice/.WeatherManagerService
09-15 22:52:40.161  3653  5406 I chatty  : uid=1000 system_server expire 11 lines
09-15 22:52:40.178  3653  3742 I ActivityManager: Loading recents for user 0 into memory.
09-15 22:52:40.201  5401  5401 I chatty  : uid=10009(com.android.providers.media) android.process.media expire 9 lines
09-15 22:52:40.207  3082  3082 W auditd  : type=1325 audit(0.0:150): table=filter family=2 entries=98
09-15 22:52:40.207  3082  3082 W auditd  : type=1320 audit(0.0:150): 
09-15 22:52:40.207  3653  3742 I ActivityManager: Start proc 5430:org.cyanogenmod.audiofx/u0a3 for added application org.cyanogenmod.audiofx
09-15 22:52:40.231  3082  3082 W auditd  : type=1325 audit(0.0:151): table=filter family=10 entries=109
09-15 22:52:40.231  3082  3082 W auditd  : type=1320 audit(0.0:151): 
09-15 22:52:40.236  3653  3742 I ActivityManager: Start proc 5446:com.android.nfc/1027 for added application com.android.nfc
09-15 22:52:40.312  3653  3742 I PreBootBroadcaster: Pre-boot of {com.android.managedprovisioning/com.android.managedprovisioning.PreBootListener} for user 0
09-15 22:52:40.313  3653  3739 W art     : Long monitor contention with owner ActivityManager (3742) at void com.android.server.am.ActivityManagerService.startPersistentApps(int)(ActivityManagerService.java:11592) waiters=2 in void com.android.server.am.ActivityManagerService.serviceDoneExecuting(android.os.IBinder, int, int, int) for 128ms
09-15 22:52:40.315  3653  3653 W art     : Long monitor contention with owner ActivityManager (3742) at void com.android.server.am.ActivityManagerService.startPersistentApps(int)(ActivityManagerService.java:11592) waiters=3 in int com.android.server.am.ActivityManagerService.getMemoryTrimLevel() for 127ms
09-15 22:52:40.364  5040  5040 D FallbackHome: User unlocked and real home found; let's go!
09-15 22:52:40.389  3653  4093 I InputReader: Reconfiguring input devices.  changes=0x00000010
09-15 22:52:40.415  3653  4865 I PackageManager: Replacing preferred activity com.android.messaging/.ui.conversation.LaunchConversationActivity for user 0:
09-15 22:52:40.416  3653  4865 I PackageManager:   Action: "android.intent.action.SENDTO"
09-15 22:52:40.416  3653  4865 I PackageManager:   Category: "android.intent.category.DEFAULT"
09-15 22:52:40.416  3653  4865 I PackageManager:   Scheme: "sms"
09-15 22:52:40.416  3653  4865 I PackageManager:   AutoVerify=false
09-15 22:52:40.423  3653  5010 I PackageManager: Replacing preferred activity com.android.messaging/.ui.conversation.LaunchConversationActivity for user 0:
09-15 22:52:40.424  3653  5010 I PackageManager:   Action: "android.intent.action.SENDTO"
09-15 22:52:40.424  3653  5010 I PackageManager:   Category: "android.intent.category.DEFAULT"
09-15 22:52:40.424  3653  5010 I PackageManager:   Scheme: "smsto"
09-15 22:52:40.424  3653  5010 I PackageManager:   AutoVerify=false
09-15 22:52:40.425  5430  5430 W System  : ClassLoader referenced unknown path: /system/priv-app/AudioFX/lib/arm64
09-15 22:52:40.425  3653  3741 I ActivityManager: Start proc 5465:com.android.printspooler/u0a57 for service com.android.printspooler/.model.PrintSpoolerService
09-15 22:52:40.427  3653  4865 I PackageManager: Replacing preferred activity com.android.messaging/.ui.conversation.LaunchConversationActivity for user 0:
09-15 22:52:40.427  3653  4865 I PackageManager:   Action: "android.intent.action.SENDTO"
09-15 22:52:40.427  3653  4865 I PackageManager:   Category: "android.intent.category.DEFAULT"
09-15 22:52:40.427  3653  4865 I PackageManager:   Scheme: "mms"
09-15 22:52:40.427  3653  4865 I PackageManager:   AutoVerify=false
09-15 22:52:40.441  5416  5416 W System  : ClassLoader referenced unknown path: /system/priv-app/WeatherManagerService/lib/arm64
09-15 22:52:40.443  3653  4093 I InputReader: Reconfiguring input devices.  changes=0x00000010
09-15 22:52:40.446  3653  3740 I PackageManager: Replacing preferred activity com.android.messaging/.ui.conversation.LaunchConversationActivity for user 0:
09-15 22:52:40.446  3653  3740 I PackageManager:   Action: "android.intent.action.SENDTO"
09-15 22:52:40.446  3653  3740 I PackageManager:   Category: "android.intent.category.DEFAULT"
09-15 22:52:40.446  3653  3740 I PackageManager:   Scheme: "mmsto"
09-15 22:52:40.446  3653  3740 I PackageManager:   AutoVerify=false
09-15 22:52:40.447  3653  4864 I ActivityManager: START u0 {act=android.intent.action.MAIN cat=[android.intent.category.HOME] flg=0x10000100 cmp=com.cyanogenmod.setupwizard/.SetupWizardActivity} from uid 0 on display 0
09-15 22:52:40.488  3653  4864 I ActivityManager: Start proc 5484:com.cyanogenmod.setupwizard/1000 for activity com.cyanogenmod.setupwizard/.SetupWizardActivity
09-15 22:52:40.493  3653  3743 I ActivityManager: Config changes=20 {1.0 722mcc34mnc [en_US] ldltr sw411dp w411dp h773dp 560dpi nrml long port finger -keyb/v/h -nav/h s.7}
09-15 22:52:40.599  5446  5446 I chatty  : uid=1027(nfc) com.android.nfc expire 27 lines
09-15 22:52:40.600  4995  4995 D CarrierSvcBindHelper: No carrier app for: 0
09-15 22:52:40.607  4995  4995 D CarrierSvcBindHelper: Received android.intent.action.USER_UNLOCKED
09-15 22:52:40.618  4995  4995 D CarrierSvcBindHelper: No carrier app for: 0
09-15 22:52:40.631  5484  5484 W System  : ClassLoader referenced unknown path: /system/priv-app/LineageSetupWizard/lib/arm64
09-15 22:52:40.664  3653  3739 I ActivityManager: Start proc 5506:com.android.smspush/u0a60 for service com.android.smspush/.WapPushManager
09-15 22:52:40.744  4995  4995 D CarrierSvcBindHelper: No carrier app for: 0
09-15 22:52:40.762  5506  5506 W System  : ClassLoader referenced unknown path: /system/app/WAPPushManager/lib/arm64
09-15 22:52:40.766  3653  3653 I AccountManagerService: User 0 is unlocked - opening CE database
09-15 22:52:40.804  3653  5226 I ActivityManager: Start proc 5525:com.android.keychain/1000 for service com.android.keychain/.KeyChainService
09-15 22:52:40.806  3653  5482 I ActivityManager: START u0 {act=com.android.wizard.LOAD flg=0x10000001 cmp=com.cyanogenmod.setupwizard/.wizardmanager.WizardManager (has extras)} from uid 1000 on display 0
09-15 22:52:40.817  4850  4855 I art     : Compiler allocated 6MB to compile void android.view.ViewRootImpl.performTraversals()
09-15 22:52:40.859  4850  4850 D PhoneStatusBar: disable: < expand icons ALERTS* system_info back home recent clock SEARCH* quick_settings >
09-15 22:52:40.863  3653  3653 I AccountManagerService: Creating CE database /data/system_ce/0/accounts_ce.db
09-15 22:52:40.868  4850  4850 D PhoneStatusBar: heads up is disabled
09-15 22:52:40.869  4850  4850 D PhoneStatusBar: dismissing any existing heads up notification on disable event
09-15 22:52:40.877  5525  5525 W System  : ClassLoader referenced unknown path: /system/app/KeyChain/lib/arm64
09-15 22:52:40.999  5446  5451 I chatty  : uid=1027(nfc) Jit thread pool expire 3 lines
09-15 22:52:40.999  3653  5009 I ActivityManager: START u0 {act=com.cyanogenmod.setupwizard.LINEAGE_WELCOME flg=0x4000000 cmp=com.cyanogenmod.setupwizard/.WelcomeActivity (has extras)} from uid 1000 on display 0
09-15 22:52:41.047  3653  3653 V BackupManagerService: Connected to transport ComponentInfo{android/com.android.internal.backup.LocalTransportService}
09-15 22:52:41.047  3653  3653 V BackupManagerService: Registering transport android/com.android.internal.backup.LocalTransportService::android/com.android.internal.backup.LocalTransport = android.app.backup.BackupTransport$TransportImpl@937416
09-15 22:52:41.064  3653  3653 D WifiService: resetting networks because SIM was loaded
09-15 22:52:41.064  3653  4747 D WifiStateMachine: resetting EAP-SIM/AKA/AKA' networks since SIM was changed
09-15 22:52:41.067  3653  3653 I BrokerableCMSystemService: Implementation service connected
09-15 22:52:41.069  5446  5544 I chatty  : uid=1027(nfc) AsyncTask #1 expire 54 lines
09-15 22:52:41.079  3653  3653 I DefaultPermGrantPolicy: Granting permissions to default sms app for user:0
09-15 22:52:41.092  5446  5548 I chatty  : uid=1027(nfc) AsyncTask #1 expire 2 lines
09-15 22:52:41.092  5446  5549 I chatty  : uid=1027(nfc) com.android.nfc expire 2 lines
09-15 22:52:41.092  5446  5551 I chatty  : uid=1027(nfc) AsyncTask #1 expire 186 lines
09-15 22:52:41.093  3653  3741 W Searchables: No global search activity found
09-15 22:52:41.112  5484  5489 I art     : Do partial code cache collection, code=29KB, data=21KB
09-15 22:52:41.112  5484  5489 I art     : After code cache collection, code=26KB, data=20KB
09-15 22:52:41.112  5484  5489 I art     : Increasing code cache capacity to 128KB
09-15 22:52:41.129  5484  5484 W ContextImpl: Calling a method in the system process without a qualified user: android.app.ContextImpl.bindService:1421 android.content.ContextWrapper.bindService:636 android.speech.tts.TextToSpeech.connectToEngine:810 android.speech.tts.TextToSpeech.initTts:780 android.speech.tts.TextToSpeech.<init>:733 
09-15 22:52:41.148  3653  5462 I ActivityManager: Start proc 5553:com.svox.pico/u0a54 for service com.svox.pico/.PicoService
09-15 22:52:41.149  5484  5484 I TextToSpeech: Sucessfully bound to com.svox.pico
09-15 22:52:41.160  5484  5484 E MediaPlayer-JNI: JNIMediaPlayerFactory: bIsQCMediaPlayerPresent 0
09-15 22:52:41.160  5484  5484 E MediaPlayer-JNI: JNIMediaPlayerFactory: bIsQCMediaPlayerPresent 0
09-15 22:52:41.175  3653  3741 W ResourceType: No known package when getting value for resource number 0x7f020125
09-15 22:52:41.176  3653  3741 W ResourceType: No known package when getting value for resource number 0x7f0c050a
09-15 22:52:41.176  3653  3741 W ResourceType: No known package when getting value for resource number 0x7f020124
09-15 22:52:41.176  3653  3741 W ResourceType: No known package when getting value for resource number 0x7f0c0a9b
09-15 22:52:41.176  3653  3741 W ResourceType: No known package when getting value for resource number 0x7f020123
09-15 22:52:41.176  3653  3741 W ResourceType: No known package when getting value for resource number 0x7f0c0955
09-15 22:52:41.181  5484  5484 W MediaPlayer: Couldn't open content://settings/system/notification_sound_cache: java.io.FileNotFoundException: No such file or directory
09-15 22:52:41.181  5484  5484 W MediaPlayer: Couldn't open null: java.lang.NullPointerException: uri
09-15 22:52:41.186  3653  3741 W Searchables: No global search activity found
09-15 22:52:41.188  3279  4941 E MediaPlayerService: Couldn't open fd for content://settings/system/notification_sound
09-15 22:52:41.188  5484  5484 E MediaPlayer: Unable to create media player
09-15 22:52:41.190  5484  5484 D Ringtone: Problem opening; delegating to remote player
09-15 22:52:41.195  5484  5484 E MediaPlayer-JNI: JNIMediaPlayerFactory: bIsQCMediaPlayerPresent 0
09-15 22:52:41.195  5484  5484 E MediaPlayer-JNI: JNIMediaPlayerFactory: bIsQCMediaPlayerPresent 0
09-15 22:52:41.203  5484  5484 W MediaPlayer: Couldn't open content://settings/system/notification_sound_cache: java.io.FileNotFoundException: No such file or directory
09-15 22:52:41.203  5484  5484 W MediaPlayer: Couldn't open null: java.lang.NullPointerException: uri
