09-07 09:39:17.579  3582  3678 V PackageManager: reconcileAppsData finished 93 packages
09-07 09:39:17.581  3582  3671 D BluetoothManagerService: User 0 unlocked
09-07 09:39:17.582  3582  4675 D ConnectivityService: Got NetworkFactory Messenger for WIFI
09-07 09:39:17.582  3582  3671 D MountService: onUnlockUser 0
09-07 09:39:17.582  3582  4675 D ConnectivityService: Got NetworkFactory Messenger for WIFI_UT
09-07 09:39:17.582  3582  3671 D VoldConnector: SND -> {34 volume user_started 0}
09-07 09:39:17.583  3582  3677 D BluetoothManagerService: MESSAGE_USER_UNLOCKED
09-07 09:39:17.587  3066  3133 D vold    : Linking /storage/emulated/0 to /mnt/user/0/primary
09-07 09:39:17.588  3582  4023 D VoldConnector: RCV <- {200 34 Command succeeded}
09-07 09:39:17.596  3582  4022 D MountService: Volume emulated broadcasting mounted to UserHandle{0}
09-07 09:39:17.629  3582  3582 I ActivityManager: Start proc 5280:com.android.deskclock/u0a46 for broadcast com.android.deskclock/.AlarmInitReceiver
09-07 09:39:17.659  3582  3671 V BackupManagerService: No ancestral data
09-07 09:39:17.666  3582  3582 I InputMethodManagerService: All the enabled IMEs are gone. Reset default enabled IMEs.
09-07 09:39:17.724  3582  3671 V BackupManagerService: Starting with transport com.google.android.gms/.backup.BackupTransportService
09-07 09:39:17.725  3582  3671 V BackupManagerService: Found transports: 1
09-07 09:39:17.728  3582  3671 I BackupManagerService: Backup enable apparently not migrated
09-07 09:39:17.728  3582  3671 I BackupManagerService: Migrating enable state false
09-07 09:39:17.729  3582  3671 I BackupManagerService: Backup enabled => false
09-07 09:39:17.740  3582  5282 V KeyValueBackupJob: Scheduling k/v pass in 247 minutes
09-07 09:39:17.759  3582  3671 W AppWidgetServiceImpl: Failed to read state: java.io.FileNotFoundException: /data/system/users/0/appwidgets.xml (No such file or directory)
09-07 09:39:17.759  3582  3671 V AppWidgetServiceImpl: Upgrading widget database from 0 to 1
09-07 09:39:17.760  3582  3671 W VoiceInteractionManagerService: no available voice interaction services found for user 0
09-07 09:39:17.760  3582  3671 W VoiceInteractionManagerService: no available voice recognition services found for user 0
09-07 09:39:17.761  3582  3671 I BrokerableCMSystemService: Connecting to implementation
09-07 09:39:17.762  3582  3671 W ContextImpl: Calling a method in the system process without a qualified user: android.app.ContextImpl.bindService:1421 org.cyanogenmod.platform.internal.BrokerableCMSystemService.tryConnecting:199 org.cyanogenmod.platform.internal.WeatherManagerServiceBroker.onUnlockUser:97 com.android.server.SystemServiceManager.unlockUser:179 com.android.server.am.ActivityManagerService$MainHandler.handleMessage:2067 
09-07 09:39:17.777  3582  3671 I ActivityManager: Start proc 5299:org.cyanogenmod.weatherservice/u0a31 for service org.cyanogenmod.weatherservice/.WeatherManagerService
09-07 09:39:17.777  3582  3671 I ActivityManager: Loading recents for user 0 into memory.
09-07 09:39:17.840  3582  3671 I ActivityManager: Start proc 5313:org.cyanogenmod.audiofx/u0a2 for added application org.cyanogenmod.audiofx
09-07 09:39:17.863  3582  3671 I ActivityManager: Start proc 5326:com.android.nfc/1027 for added application com.android.nfc
09-07 09:39:17.890  3582  3671 I PreBootBroadcaster: Pre-boot of {com.android.managedprovisioning/com.android.managedprovisioning.PreBootListener} for user 0
09-07 09:39:17.909  3582  3670 I ActivityManager: Start proc 5343:com.android.printspooler/u0a57 for service com.android.printspooler/.model.PrintSpoolerService
09-07 09:39:18.018  3582  4801 W ActivityManager: Slow operation: 62ms so far, now at attachApplicationLocked: after mServices.attachApplicationLocked
09-07 09:39:18.069  3582  5367 I ActivityManager: Start proc 5376:com.android.smspush/u0a59 for service com.android.smspush/.WapPushManager
09-07 09:39:18.096  3582  5366 I ActivityManager: START u0 {act=android.intent.action.MAIN cat=[android.intent.category.HOME] flg=0x10000100 cmp=com.cyanogenmod.setupwizard/.SetupWizardActivity} from uid 0 on display 0
09-07 09:39:18.140  3582  5366 I ActivityManager: Start proc 5393:com.cyanogenmod.setupwizard/1000 for activity com.cyanogenmod.setupwizard/.SetupWizardActivity
09-07 09:39:18.224  3582  4801 I PackageManager: Replacing preferred activity com.android.messaging/.ui.conversation.LaunchConversationActivity for user 0:
09-07 09:39:18.247  3582  4801 I PackageManager: Replacing preferred activity com.android.messaging/.ui.conversation.LaunchConversationActivity for user 0:
09-07 09:39:18.254  3582  5369 I PackageManager: Replacing preferred activity com.android.messaging/.ui.conversation.LaunchConversationActivity for user 0:
09-07 09:39:18.262  3582  4801 I PackageManager: Replacing preferred activity com.android.messaging/.ui.conversation.LaunchConversationActivity for user 0:
09-07 09:39:18.284  3582  3672 I ActivityManager: Config changes=20 {1.0 ?mcc?mnc [en_US] ldltr sw411dp w411dp h773dp 560dpi nrml long port finger -keyb/v/h -nav/h s.6}
09-07 09:39:18.372  3582  5145 I ActivityManager: Start proc 5412:com.android.keychain/1000 for service com.android.keychain/.KeyChainService
09-07 09:39:18.426  3582  4801 I ActivityManager: START u0 {act=com.android.wizard.LOAD flg=0x10000001 cmp=com.cyanogenmod.setupwizard/.wizardmanager.WizardManager (has extras)} from uid 1000 on display 0
09-07 09:39:18.610  3582  3669 I ActivityManager: START u0 {act=com.cyanogenmod.setupwizard.LINEAGE_WELCOME flg=0x4000000 cmp=com.cyanogenmod.setupwizard/.WelcomeActivity (has extras)} from uid 1000 on display 0
09-07 09:39:18.661  3582  3582 V BackupManagerService: Connected to transport ComponentInfo{android/com.android.internal.backup.LocalTransportService}
09-07 09:39:18.661  3582  3582 V BackupManagerService: Registering transport android/com.android.internal.backup.LocalTransportService::android/com.android.internal.backup.LocalTransport = android.app.backup.BackupTransport$TransportImpl@fd85bbd
09-07 09:39:18.706  3582  3582 I BrokerableCMSystemService: Implementation service connected
09-07 09:39:18.740  3582  5371 I ActivityManager: Start proc 5436:android.process.media/u0a10 for broadcast com.android.providers.downloads/.DownloadReceiver
09-07 09:39:18.862  5393  5393 W ContextImpl: Calling a method in the system process without a qualified user: android.app.ContextImpl.bindService:1421 android.content.ContextWrapper.bindService:636 android.speech.tts.TextToSpeech.connectToEngine:810 android.speech.tts.TextToSpeech.initTts:780 android.speech.tts.TextToSpeech.<init>:733 
09-07 09:39:18.881  3582  5365 I ActivityManager: Start proc 5458:com.svox.pico/u0a53 for service com.svox.pico/.PicoService
09-07 09:39:20.031  3582  5368 I ActivityManager: Start proc 5504:com.android.managedprovisioning/u0a17 for broadcast com.android.managedprovisioning/.PreBootListener
09-07 09:39:20.214  3582  5366 I PreBootBroadcaster: Pre-boot of {com.android.providers.calendar/com.android.providers.calendar.CalendarUpgradeReceiver} for user 0
09-07 09:39:20.227  3582  3582 D ZenLog  : disable_effects: 0|android|0|PreBootBroadcaster|1000,booleanState
09-07 09:39:20.291  3582  5367 I ActivityManager: Start proc 5522:com.android.providers.calendar/u0a4 for broadcast com.android.providers.calendar/.CalendarUpgradeReceiver
09-07 09:39:20.778  3582  5341 I PreBootBroadcaster: Pre-boot of {com.android.providers.contacts/com.android.providers.contacts.ContactsUpgradeReceiver} for user 0
09-07 09:39:20.802  3582  5341 I ActivityManager: Start proc 5540:android.process.acore/u0a0 for broadcast com.android.providers.contacts/.ContactsUpgradeReceiver
09-07 09:39:20.805  3582  3582 D ZenLog  : disable_effects: 0|android|0|PreBootBroadcaster|1000,booleanState
--------- beginning of main
09-07 09:39:21.554  5326  5456 I BrcmNfcNfa: LLCP_RegisterServer (): SAP:0x4, link_type:0x2, ServiceName:<urn:nfc:sn:snep>
09-07 09:39:21.554  5326  5456 I BrcmNfcNfa: LLCP_RegisterServer (): Registered SAP = 0x04
09-07 09:39:21.554  5326  5456 I BrcmNfcNfa: nfa_p2p_enable_listening () sys_id = 3, update_wks = 1
09-07 09:39:21.554  5326  5456 D BrcmNfcJni: PeerToPeer::nfaServerCallback: enter; event=0x0
09-07 09:39:21.554  5326  5569 D BrcmNfcJni: PeerToPeer::registerServer: enter; service name: com.android.npp  JNI handle: 2
09-07 09:39:21.554  5326  5456 D BrcmNfcJni: PeerToPeer::nfaServerCallback: NFA_P2P_REG_SERVER_EVT; handle: 0x0504; service sap=0x04  name: urn:nfc:sn:snep
09-07 09:39:21.554  5326  5569 D BrcmNfcJni: PeerToPeer::registerServer: added new p2p server  index: 1  handle: 2  name: com.android.npp
09-07 09:39:21.554  5326  5568 D BrcmNfcJni: P2pServer::registerWithStack: wait for listen-completion event
09-07 09:39:21.554  5326  5569 D BrcmNfcJni: P2pServer::registerWithStack: enter; service name: com.android.npp  JNI handle: 2
09-07 09:39:21.554  5326  5456 D BrcmNfcJni: PeerToPeer::nfaServerCallback: exit
09-07 09:39:21.554  5326  5569 I BrcmNfcNfa: NFA_P2pSetLLCPConfig ():link_miu:2175, opt:0x03, wt:7, link_timeout:1000
09-07 09:39:21.554  5326  5568 D BrcmNfcJni: PeerToPeer::registerServer: got new p2p server h=0x504
09-07 09:39:21.555  5326  5569 I BrcmNfcNfa:                        inact_timeout(init:0, target:0), symm_delay:20, data_link_timeout:2000
09-07 09:39:21.555  5326  5569 I BrcmNfcNfa:                        delay_first_pdu_timeout:50
09-07 09:39:21.555  5326  5568 D BrcmNfcJni: nfcManager_doCreateLlcpServiceSocket: socket Handle = 0x1
09-07 09:39:21.555  5326  5569 I BrcmNfcNfa: NFA_P2pRegisterServer (): server_sap:0xff, link_type:0x2, SN:<com.android.npp>
09-07 09:39:21.555  5326  5568 D BrcmNfcJni: nfcManager_doCreateLlcpServiceSocket: buffer length = 1024
09-07 09:39:21.555  5326  5569 D BrcmNfcJni: P2pServer::registerWithStack: wait for listen-completion event
09-07 09:39:21.555  5326  5568 D BrcmNfcJni: nfcManager_doCreateLlcpServiceSocket: MIU = 1980
09-07 09:39:21.555  5326  5568 D BrcmNfcJni: nfcManager_doCreateLlcpServiceSocket:  RW = 2
09-07 09:39:21.555  5326  5568 D BrcmNfcJni: nfcManager_doCreateLlcpServiceSocket: exit
09-07 09:39:21.555  5326  5456 I BrcmNfcNfa: NFA got event 0x030C
09-07 09:39:21.555  5326  5456 I BrcmNfcNfa: nfa_p2p_evt_hdlr (): LLCP State [Link IDLE], Event [API_SET_LLCP_CFG_EVT]
09-07 09:39:21.555  5326  5456 I BrcmNfcNfa: LLCP_SetConfig () link_miu:2175, opt:0x03, wt:7, link_timeout:1000
09-07 09:39:21.555  5326  5456 I BrcmNfcNfa:                  inact_timeout (init:0,target:0), symm_delay:20, data_link_timeout:2000
09-07 09:39:21.555  5326  5456 I BrcmNfcNfa:                  delay_first_pdu_timeout:50
09-07 09:39:21.555  5326  5456 I BrcmNfcNfa: NFA got event 0x0300
09-07 09:39:21.555  5326  5456 I BrcmNfcNfa: nfa_p2p_evt_hdlr (): LLCP State [Link IDLE], Event [API_REG_SERVER]
09-07 09:39:21.555  5326  5456 I BrcmNfcNfa: nfa_p2p_reg_server ()
09-07 09:39:21.555  5326  5456 I BrcmNfcNfa: LLCP_RegisterServer (): SAP:0xff, link_type:0x2, ServiceName:<com.android.npp>
09-07 09:39:21.555  5326  5456 I BrcmNfcNfa: LLCP_RegisterServer (): Registered SAP = 0x10
09-07 09:39:21.555  5326  5456 D BrcmNfcJni: PeerToPeer::nfaServerCallback: enter; event=0x0
09-07 09:39:21.555  5326  5456 D BrcmNfcJni: PeerToPeer::nfaServerCallback: NFA_P2P_REG_SERVER_EVT; handle: 0x0510; service sap=0x10  name: com.android.npp
09-07 09:39:21.555  5326  5456 D BrcmNfcJni: PeerToPeer::nfaServerCallback: exit
09-07 09:39:21.555  5326  5569 D BrcmNfcJni: PeerToPeer::registerServer: got new p2p server h=0x510
09-07 09:39:21.555  5326  5569 D BrcmNfcJni: nfcManager_doCreateLlcpServiceSocket: socket Handle = 0x2
09-07 09:39:21.555  5326  5568 D BrcmNfcJni: nativeLlcpServiceSocket_doAccept: enter
09-07 09:39:21.555  5326  5569 D BrcmNfcJni: nfcManager_doCreateLlcpServiceSocket: buffer length = 1024
09-07 09:39:21.555  5326  5568 D BrcmNfcJni: PeerToPeer::accept: enter; server jni handle: 1; conn jni handle: 3; maxInfoUnit: 1980; recvWindow: 2
09-07 09:39:21.555  5326  5569 D BrcmNfcJni: nfcManager_doCreateLlcpServiceSocket: MIU = 248
09-07 09:39:21.555  5326  5569 D BrcmNfcJni: nfcManager_doCreateLlcpServiceSocket:  RW = 1
09-07 09:39:21.555  5326  5568 D BrcmNfcJni: P2pServer::accept: serverJniHandle: 1; connJniHandle: 3; wait for incoming connection
09-07 09:39:21.555  5326  5569 D BrcmNfcJni: nfcManager_doCreateLlcpServiceSocket: exit
09-07 09:39:21.556  5326  5569 D NdefPushServer: created LLCP service socket
09-07 09:39:21.556  5326  5569 D NdefPushServer: about to accept
09-07 09:39:21.556  5326  5569 D BrcmNfcJni: nativeLlcpServiceSocket_doAccept: enter
09-07 09:39:21.556  5326  5569 D BrcmNfcJni: PeerToPeer::accept: enter; server jni handle: 2; conn jni handle: 4; maxInfoUnit: 248; recvWindow: 1
09-07 09:39:21.556  5326  5569 D BrcmNfcJni: P2pServer::accept: serverJniHandle: 2; connJniHandle: 4; wait for incoming connection
09-07 09:39:21.556  5326  5570 D BrcmNfcJni: nfcManager_doCreateLlcpServiceSocket: enter: sap=20; name=urn:nfc:sn:handover; miu=128; rw=1; buffLen=1024
09-07 09:39:21.557  5326  5570 D BrcmNfcJni: PeerToPeer::registerServer: enter; service name: urn:nfc:sn:handover  JNI handle: 5
09-07 09:39:21.557  5326  5570 D BrcmNfcJni: PeerToPeer::registerServer: added new p2p server  index: 2  handle: 5  name: urn:nfc:sn:handover
09-07 09:39:21.557  5326  5570 D BrcmNfcJni: P2pServer::registerWithStack: enter; service name: urn:nfc:sn:handover  JNI handle: 5
09-07 09:39:21.557  5326  5570 I BrcmNfcNfa: NFA_P2pSetLLCPConfig ():link_miu:2175, opt:0x03, wt:7, link_timeout:1000
09-07 09:39:21.557  5326  5570 I BrcmNfcNfa:                        inact_timeout(init:0, target:0), symm_delay:20, data_link_timeout:2000
09-07 09:39:21.557  5326  5570 I BrcmNfcNfa:                        delay_first_pdu_timeout:50
09-07 09:39:21.561  5326  5456 I BrcmNfcNfa: NFA got event 0x030C
09-07 09:39:21.561  5326  5456 I BrcmNfcNfa: nfa_p2p_evt_hdlr (): LLCP State [Link IDLE], Event [API_SET_LLCP_CFG_EVT]
09-07 09:39:21.561  5326  5456 I BrcmNfcNfa: LLCP_SetConfig () link_miu:2175, opt:0x03, wt:7, link_timeout:1000
09-07 09:39:21.561  5326  5456 I BrcmNfcNfa:                  inact_timeout (init:0,target:0), symm_delay:20, data_link_timeout:2000
09-07 09:39:21.561  5326  5456 I BrcmNfcNfa:                  delay_first_pdu_timeout:50
09-07 09:39:21.561  5326  5570 I BrcmNfcNfa: NFA_P2pRegisterServer (): server_sap:0xff, link_type:0x2, SN:<urn:nfc:sn:handover>
09-07 09:39:21.561  5326  5456 I BrcmNfcNfa: NFA got event 0x0300
09-07 09:39:21.561  5326  5456 I BrcmNfcNfa: nfa_p2p_evt_hdlr (): LLCP State [Link IDLE], Event [API_REG_SERVER]
09-07 09:39:21.561  5326  5456 I BrcmNfcNfa: nfa_p2p_reg_server ()
09-07 09:39:21.561  5326  5456 I BrcmNfcNfa: LLCP_RegisterServer (): SAP:0xff, link_type:0x2, ServiceName:<urn:nfc:sn:handover>
09-07 09:39:21.562  5326  5456 I BrcmNfcNfa: LLCP_RegisterServer (): Registered SAP = 0x11
09-07 09:39:21.562  5326  5456 D BrcmNfcJni: PeerToPeer::nfaServerCallback: enter; event=0x0
09-07 09:39:21.562  5326  5456 D BrcmNfcJni: PeerToPeer::nfaServerCallback: NFA_P2P_REG_SERVER_EVT; handle: 0x0511; service sap=0x11  name: urn:nfc:sn:handover
09-07 09:39:21.562  5326  5570 D BrcmNfcJni: P2pServer::registerWithStack: wait for listen-completion event
09-07 09:39:21.562  5326  5456 D BrcmNfcJni: PeerToPeer::nfaServerCallback: exit
09-07 09:39:21.562  5326  5570 D BrcmNfcJni: PeerToPeer::registerServer: got new p2p server h=0x511
09-07 09:39:21.562  5326  5570 D BrcmNfcJni: nfcManager_doCreateLlcpServiceSocket: socket Handle = 0x5
09-07 09:39:21.562  5326  5570 D BrcmNfcJni: nfcManager_doCreateLlcpServiceSocket: buffer length = 1024
09-07 09:39:21.562  5326  5570 D BrcmNfcJni: nfcManager_doCreateLlcpServiceSocket: MIU = 128
09-07 09:39:21.562  5326  5570 D BrcmNfcJni: nfcManager_doCreateLlcpServiceSocket:  RW = 1
09-07 09:39:21.562  5326  5570 D BrcmNfcJni: nfcManager_doCreateLlcpServiceSocket: exit
09-07 09:39:21.562  5326  5570 D BrcmNfcJni: nativeLlcpServiceSocket_doAccept: enter
09-07 09:39:21.562  5326  5570 D BrcmNfcJni: PeerToPeer::accept: enter; server jni handle: 5; conn jni handle: 6; maxInfoUnit: 128; recvWindow: 1
09-07 09:39:21.562  5326  5570 D BrcmNfcJni: P2pServer::accept: serverJniHandle: 5; connJniHandle: 6; wait for incoming connection
09-07 09:39:21.575  5326  5572 E WVMExtractor: Failed to open libwvm.so: dlopen failed: library "libwvm.so" not found
09-07 09:39:21.576  5326  5452 W Settings: Setting device_provisioned has moved from android.provider.Settings.Secure to android.provider.Settings.Global.
09-07 09:39:21.579  5326  5452 D BrcmNfcJni: nfcManager_enableDiscovery: enter; tech_mask = ef
09-07 09:39:21.579  5326  5452 D BrcmNfcJni: PowerSwitch::setLevel: level=PS-FULL (1)
09-07 09:39:21.579  5326  5452 D BrcmNfcJni: stopPolling_rfDiscoveryDisabled: disable polling
09-07 09:39:21.579  5326  5452 I BrcmNfcNfa: NFA_DisablePolling ()
09-07 09:39:21.580  5326  5456 I BrcmNfcNfa: NFA got event 0x0107
09-07 09:39:21.580  5326  5456 I BrcmNfcNfa: nfa_dm_evt_hdlr event: NFA_DM_API_DISABLE_POLLING_EVT (0x07)
09-07 09:39:21.580  5326  5456 I BrcmNfcNfa: nfa_dm_act_disable_polling ()
09-07 09:39:21.580  5326  5456 D BrcmNfcJni: nfaConnectionCallback: event= 1
09-07 09:39:21.580  5326  5456 D BrcmNfcJni: nfaConnectionCallback: NFA_POLL_DISABLED_EVT: status = 3
09-07 09:39:21.581  5326  5452 I BrcmNfcNfa: NFA_GetConfig (): num_ids: 1
09-07 09:39:21.581  5326  5456 I BrcmNfcNfa: NFA got event 0x0103
09-07 09:39:21.581  5326  5456 I BrcmNfcNfa: nfa_dm_evt_hdlr event: NFA_DM_API_GET_CONFIG_EVT (0x03)
09-07 09:39:21.581  5326  5456 D NfcAdaptation: NfcAdaptation::HalWrite
09-07 09:39:21.581  5326  5456 I SecHAL  : nfc_hal_write: enter;
09-07 09:39:21.581  5326  5456 I SecHAL  : nfc_hal_write: exit;
09-07 09:39:21.581  5326  5479 D SecHAL  : nfc_hal_task: Got a event: HAL_EVT_WRITE(3)
09-07 09:39:21.581  5326  5479 D SecHAL  : nfc_hal_task: current state: SERVICE
09-07 09:39:21.581  5326  5479 I SecHAL  : OSI_timer_start: enter,osi_lock
09-07 09:39:21.581  5326  5479 I SecHAL  : OSI_timer_start: before osi_unlock
09-07 09:39:21.581  5326  5479 I SecHAL  : OSI_timer_start: exit
09-07 09:39:21.581  5326  5479 I SecHAL  : device_write: enter
09-07 09:39:21.581  5326  5479 I SecHAL  : device_write: before system call
09-07 09:39:21.582  5326  5479 I SecHAL  : device_write: after system call
09-07 09:39:21.582  5326  5479 D SecHAL  : data_trace:  Send(  5) 20 03 02   01 b9 
09-07 09:39:21.582  5326  5479 I SecHAL  : device_write: exit
09-07 09:39:21.584  5326  5478 D SecHAL  : read_thread: Sent message to HAL message task, remind que: 2
09-07 09:39:21.584  5326  5479 D SecHAL  : nfc_hal_task: Got a event: HAL_EVT_READ(4)
09-07 09:39:21.584  5326  5479 D SecHAL  : nfc_hal_task: current state: SERVICE
09-07 09:39:21.584  5326  5479 D SecHAL  : data_trace:  Recv(  7) 40 03 04   09 01 b9 00 
09-07 09:39:21.584  5326  5479 I SecHAL  : OSI_timer_start: enter,osi_lock
09-07 09:39:21.584  5326  5479 I SecHAL  : OSI_timer_start: before osi_unlock
09-07 09:39:21.584  5326  5479 I SecHAL  : OSI_timer_start: exit
09-07 09:39:21.584  5326  5479 I SecHAL  : nfc_data_callback: !
09-07 09:39:21.584  5326  5479 D NfcAdaptation: NfcAdaptation::HalDeviceContextDataCallback: len=7
09-07 09:39:21.584  5326  5456 I BrcmNfcNfa: NFC received rsp gid:0
09-07 09:39:21.584  5326  5456 I BrcmNfcNfa: nci_proc_core_rsp opcode:0x3
09-07 09:39:21.584  5326  5456 I BrcmNfcNfa: nfa_dm_nfc_response_cback () NFC_GET_CONFIG_REVT(0x5003)
09-07 09:39:21.584  5326  5456 D BrcmNfcJni: nfaDeviceManagementCallback: enter; event=0x3
09-07 09:39:21.584  5326  5456 D BrcmNfcJni: nfaDeviceManagementCallback: NFA_DM_GET_CONFIG_EVT
09-07 09:39:21.585  5326  5456 E BrcmNfcJni: nfaDeviceManagementCallback: NFA_DM_GET_CONFIG failed
09-07 09:39:21.585  5326  5452 E BrcmNfcJni: enableDisableLptd: Config TLV length 0 returned is too short
09-07 09:39:21.585  5326  5452 D BrcmNfcJni: startPolling_rfDiscoveryDisabled: enable polling
09-07 09:39:21.585  5326  5452 I BrcmNfcNfa: NFA_EnablePolling () 0xEF
09-07 09:39:21.585  5326  5452 D BrcmNfcJni: startPolling_rfDiscoveryDisabled: wait for enable event
09-07 09:39:21.585  5326  5456 I BrcmNfcNfa: NFA got event 0x0106
09-07 09:39:21.585  5326  5456 I BrcmNfcNfa: nfa_dm_evt_hdlr event: NFA_DM_API_ENABLE_POLLING_EVT (0x06)
09-07 09:39:21.585  5326  5456 I BrcmNfcNfa: nfa_dm_act_enable_polling ()
09-07 09:39:21.585  5326  5456 I BrcmNfcNfa: nfa_dm_start_polling ()
09-07 09:39:21.585  5326  5456 I BrcmNfcNfa: nfa_dm_add_rf_discover () disc_mask=0x3d7f
09-07 09:39:21.585  5326  5456 D BrcmNfcJni: nfaConnectionCallback: event= 0
09-07 09:39:21.585  5326  5456 D BrcmNfcJni: nfaConnectionCallback: NFA_POLL_ENABLED_EVT: status = 0
09-07 09:39:21.585  5326  5452 D BrcmNfcJni: nfcManager_enableDiscovery: Enable p2pListening
09-07 09:39:21.585  5326  5452 D BrcmNfcJni: PeerToPeer::enableP2pListening: enter isEnable: 1  mIsP2pListening: 0
09-07 09:39:21.585  5326  5452 I BrcmNfcNfa: NFA_P2pSetListenTech (): tech_mask:0xC4
09-07 09:39:21.585  5326  5456 I BrcmNfcNfa: NFA got event 0x010D
09-07 09:39:21.585  5326  5456 I BrcmNfcNfa: nfa_dm_evt_hdlr event: NFA_DM_API_SET_P2P_LISTEN_TECH_EVT (0x0d)
09-07 09:39:21.585  5326  5456 I BrcmNfcNfa: nfa_dm_set_p2p_listen_tech ()  tech_mask = 196
09-07 09:39:21.585  5326  5456 I BrcmNfcNfa: nfa_p2p_update_listen_tech ()  tech_mask = 0xc4
09-07 09:39:21.585  5326  5456 I BrcmNfcNfa: nfa_p2p_enable_listening () sys_id = 3, update_wks = 0
09-07 09:39:21.585  5326  5456 I BrcmNfcNfa: nfa_dm_add_rf_discover () disc_mask=0xc400000
09-07 09:39:21.585  5326  5456 D BrcmNfcJni: nfaConnectionCallback: event= 33
09-07 09:39:21.585  5326  5456 D BrcmNfcJni: nfaConnectionCallback: NFA_SET_P2P_LISTEN_TECH_EVT
09-07 09:39:21.585  5326  5452 D BrcmNfcJni: PeerToPeer::enableP2pListening: exit; mIsP2pListening: 1
09-07 09:39:21.585  5326  5452 I BrcmNfcNfa: NFA_ResumeP2p ()
09-07 09:39:21.585  5326  5456 I BrcmNfcNfa: NFA got event 0x010B
09-07 09:39:21.585  5326  5452 I BrcmNfcNfa: NFA got event 0x010B
09-07 09:39:21.585  5326  5452 I BrcmNfcNfa: nfa_dm_evt_hdlr ev
09-07 09:39:21.585  5326  5456 I BrcmNfcNfa: nfa_dm_evt_hdlr ev
09-07 09:39:21.585  5326  5452 E BrcmNfcNfa: nfa_dm_act_re
09-07 09:39:21.585  5326  5456 I BrcmNfcNfa: nfa_dm_act_resume_p2p ()
09-07 09:39:21.585  5326  5456 D BrcmNfcJni: nfaConnectionCallback: event= 39
09-07 09:39:21.585  5326  5452 E BrcmNfcJni: Fail to set default tech routing for Nfc-A
09-07 09:39:21.585  5326  5456 E BrcmNfcJni: nfaConnectionCallback: unknown event ????
09-07 09:39:21.585  5326  5452 I BrcmNfcNfa: NFA_EeSetDefaultProtoRouting(): handle:<0x3>protocol_mask:<0x8>/<0x0>/<0x0>
09-07 09:39:21.585  5326  5452 I BrcmNfcNfa: nfa_ee_find_ecb ()
09-07 09:39:21.585  5326  5452 E BrcmNfcNfa: Bad ee_handle
09-07 09:39:21.585  5326  5452 E BrcmNfcJni: Fail to set default proto routing for IsoDep
09-07 09:39:21.586  5326  5452 I BrcmNfcNfa: NFA_EeSetDefaultTechRouting(): handle:<0x0>technology_mask:<0x4>/<0x0>/<0x0>
09-07 09:39:21.586  5326  5452 I BrcmNfcNfa: nfa_ee_find_ecb ()
09-07 09:39:21.586  5326  5456 I BrcmNfcNfa: NFA got event 0x0204
09-07 09:39:21.586  5326  5456 I BrcmNfcNfa: nfa_ee_evt_hdlr (): Event API_SET_TECH_CFG(0x204), State: INIT_DONE(1)
09-07 09:39:21.586  5326  5456 I BrcmNfcNfa: nfa_ee_update_route_size nfcee_id:0x0 size_mask:5
09-07 09:39:21.586  5326  5456 I BrcmNfcNfa: nfa_ee_total_lmrt_size size:5
09-07 09:39:21.586  5326  5456 I BrcmNfcNfa: nfa_dm_is_active () flags:0x5
09-07 09:39:21.586  5326  5456 I BrcmNfcNfa: nfa_sys_ptim_start_timer 9f486b80
09-07 09:39:21.586  5326  5456 I BrcmNfcNfa: ptim timer start
09-07 09:39:21.586  5326  5456 D BrcmNfcJni: RoutingManager::nfaEeCallback: NFA_EE_SET_TECH_CFG_EVT; status=0x0
09-07 09:39:21.586  5326  5452 I BrcmNfcNfa: NFA_EeSetDefaultProtoRouting(): handle:<0x0>protocol_mask:<0x4>/<0x0>/<0x0>
09-07 09:39:21.586  5326  5452 I BrcmNfcNfa: nfa_ee_find_ecb ()
09-07 09:39:21.586  5326  5456 I BrcmNfcNfa: NFA got event 0x0205
09-07 09:39:21.586  5326  5456 I BrcmNfcNfa: nfa_ee_evt_hdlr (): Event API_SET_PROTO_CFG(0x205), State: INIT_DONE(1)
09-07 09:39:21.586  5326  5456 I BrcmNfcNfa: nfa_ee_update_route_size nfcee_id:0x0 size_mask:10
09-07 09:39:21.586  5326  5456 I BrcmNfcNfa: nfa_ee_total_lmrt_size size:10
09-07 09:39:21.586  5326  5456 I BrcmNfcNfa: nfa_dm_is_active () flags:0x5
09-07 09:39:21.586  5326  5456 I BrcmNfcNfa: nfa_sys_ptim_start_timer 9f486b80
09-07 09:39:21.586  5326  5456 D BrcmNfcJni: RoutingManager::nfaEeCallback: NFA_EE_SET_PROTO_CFG_EVT; status=0x0
09-07 09:39:21.586  5326  5452 D BrcmNfcJni: RoutingManager::commitRouting
09-07 09:39:21.586  5326  5452 I BrcmNfcNfa: NFA_EeUpdateNow()
09-07 09:39:21.586  5326  5456 I BrcmNfcNfa: NFA got event 0x0209
09-07 09:39:21.586  5326  5456 I BrcmNfcNfa: nfa_ee_evt_hdlr (): Event API_UPDATE_NOW(0x209), State: INIT_DONE(1)
09-07 09:39:21.586  5326  5456 I BrcmNfcNfa: nfa_sys_ptim_stop_timer 9f486b80
09-07 09:39:21.586  5326  5456 I BrcmNfcNfa: ptim timer stop
09-07 09:39:21.586  5326  5456 I BrcmNfcNfa: nfa_ee_rout_timeout()
09-07 09:39:21.586  5326  5456 I BrcmNfcNfa: nfa_ee_need_recfg() ee_cfged: 0x90 ee_cfg_sts: 0x00
09-07 09:39:21.586  5326  5456 I BrcmNfcNfa: 0: ecb_flags  : 0x06, mask: 0x10
09-07 09:39:21.586  5326  5456 I BrcmNfcNfa: nfa_ee_update_rout ee_cfg_sts:0x00
09-07 09:39:21.586  5326  5456 I BrcmNfcNfa: nfa_ee_evt_hdlr (): Event CFG_TO_NFCC(0x217), State: INIT_DONE(1)
09-07 09:39:21.586  5326  5456 I BrcmNfcNfa: last_active: 0x1
09-07 09:39:21.586  5326  5456 I BrcmNfcNfa: nfa_ee_route_add_one_ecb max_len:1070, max_tlv:253, cur_offset:0, more:1, num_tlv:0
09-07 09:39:21.586  5326  5456 I BrcmNfcNfa: nfa_ee_total_lmrt_size size:10
09-07 09:39:21.586  5326  5456 I BrcmNfcNfa: ee_cfg_sts:0x01 lmrt_size:10
09-07 09:39:21.586  5326  5456 I BrcmNfcNfa: nfcee_id:0x1, last_active: 0x1
09-07 09:39:21.587  5326  5456 I BrcmNfcNfa: nfa_ee_route_add_one_ecb max_len:1070, max_tlv:253, cur_offset:15, more:0, num_tlv:3
09-07 09:39:21.587  5326  5456 I BrcmNfcNfa: nfa_ee_total_lmrt_size size:10
09-07 09:39:21.587  5326  5456 I BrcmNfcNfa: ee_cfg_sts:0x01 lmrt_size:10
09-07 09:39:21.587  5326  5456 I BrcmNfcNfa: nfa_ee_route_add_one_ecb: set routing num_tlv:3 tlv_size:10
09-07 09:39:21.587  5326  5456 D NfcAdaptation: NfcAdaptation::HalWrite
09-07 09:39:21.587  5326  5456 I SecHAL  : nfc_hal_write: enter;
09-07 09:39:21.587  5326  5456 I SecHAL  : nfc_hal_write: exit;
09-07 09:39:21.587  5326  5456 I BrcmNfcNfa: nfa_ee_update_rout ee_cfg_sts:0x10 ee_cfged:0x10
09-07 09:39:21.587  5326  5479 D SecHAL  : nfc_hal_task: Got a event: HAL_EVT_WRITE(3)
09-07 09:39:21.587  5326  5479 D SecHAL  : nfc_hal_task: current state: SERVICE
09-07 09:39:21.587  5326  5479 I SecHAL  : OSI_timer_start: enter,osi_lock
09-07 09:39:21.587  5326  5479 I SecHAL  : OSI_timer_start: before osi_unlock
09-07 09:39:21.587  5326  5479 I SecHAL  : OSI_timer_start: exit
09-07 09:39:21.587  5326  5479 I SecHAL  : device_write: enter
09-07 09:39:21.587  5326  5479 I SecHAL  : device_write: before system call
09-07 09:39:21.588  5326  5479 I SecHAL  : device_write: after system call
09-07 09:39:21.588  5326  5479 D SecHAL  : data_trace:  Send( 20) 21 01 11   00 03 00 03 00 01 02 01 03 00 01 03 01 03 00 01 05 
09-07 09:39:21.588  5326  5479 I SecHAL  : device_write: exit
09-07 09:39:21.594  3181  4857 I MediaPlayerService: MediaPlayerService::getOMX
09-07 09:39:21.595  5326  5574 I OMXClient: MuxOMX ctor
09-07 09:39:21.597  3178  4903 I OMXMaster: makeComponentInstance(OMX.google.vorbis.decoder) in mediacodec process
09-07 09:39:21.601  5326  5478 D SecHAL  : read_thread: Sent message to HAL message task, remind que: 2
09-07 09:39:21.601  5326  5479 D SecHAL  : nfc_hal_task: Got a event: HAL_EVT_READ(4)
09-07 09:39:21.601  5326  5479 D SecHAL  : nfc_hal_task: current state: SERVICE
09-07 09:39:21.601  5326  5479 D SecHAL  : data_trace:  Recv(  4) 41 01 01   00 
09-07 09:39:21.601  5326  5479 I SecHAL  : OSI_timer_start: enter,osi_lock
09-07 09:39:21.601  5326  5479 I SecHAL  : OSI_timer_start: before osi_unlock
09-07 09:39:21.601  5326  5479 I SecHAL  : OSI_timer_start: exit
09-07 09:39:21.601  5326  5479 I SecHAL  : nfc_data_callback: !
09-07 09:39:21.601  5326  5479 D NfcAdaptation: NfcAdaptation::HalDeviceContextDataCallback: len=4
09-07 09:39:21.601  5326  5456 I BrcmNfcNfa: NFC received rsp gid:1
09-07 09:39:21.601  5326  5456 I BrcmNfcNfa: nfa_dm_nfc_response_cback () NFC_SET_ROUTING_REVT(0x500a)
09-07 09:39:21.601  5326  5456 I BrcmNfcNfa: nfa_ee_proc_evt: event=0x500a int_event:0x214
09-07 09:39:21.601  5326  5456 I BrcmNfcNfa: nfa_ee_evt_hdlr (): Event NCI_WAIT_RSP(0x214), State: INIT_DONE(1)
09-07 09:39:21.601  5326  5456 I BrcmNfcNfa: nfa_ee_nci_wait_rsp() ee_wait_evt:0x30 wait_rsp:1
09-07 09:39:21.601  5326  5456 I BrcmNfcNfa: nfa_ee_report_update_evt ee_wait_evt:0x30 wait_rsp:0
09-07 09:39:21.601  5326  5456 D BrcmNfcJni: RoutingManager::nfaEeCallback: NFA_EE_UPDATED_EVT
09-07 09:39:21.602  5326  5452 D BrcmNfcJni: startRfDiscovery: is start=1
09-07 09:39:21.602  5326  5452 I BrcmNfcNfa: NFA_StartRfDiscovery ()
09-07 09:39:21.602  5326  5456 I BrcmNfcNfa: NFA got event 0x010E
09-07 09:39:21.602  5326  5456 I BrcmNfcNfa: nfa_dm_evt_hdlr event: NFA_DM_API_START_RF_DISCOVERY_EVT (0x0e)
09-07 09:39:21.602  5326  5456 I BrcmNfcNfa: nfa_dm_act_start_rf_discovery ()
09-07 09:39:21.602  5326  5456 I BrcmNfcNfa: nfa_dm_start_rf_discover ()
09-07 09:39:21.602  5326  5456 I BrcmNfcNfa: nfa_ee_get_tech_route(): 1
09-07 09:39:21.602  5326  5456 I BrcmNfcNfa: 0x0, 0x0, 0x0, 0x0
09-07 09:39:21.602  5326  5456 I BrcmNfcNfa: nfa_dm_cb.disc_cb.entry[0].selected_disc_mask = 0x40000
09-07 09:39:21.602  5326  5456 I BrcmNfcNfa: nfa_dm_cb.disc_cb.entry[1].selected_disc_mask = 0x3d7f
09-07 09:39:21.602  5326  5456 I BrcmNfcNfa: nfa_dm_cb.disc_cb.entry[2].selected_disc_mask = 0xc400000
09-07 09:39:21.602  5326  5456 I BrcmNfcNfa: nfa_p2p_set_config ()
09-07 09:39:21.602  5326  5456 I BrcmNfcNfa: LLCP_GetDiscoveryConfig ()
09-07 09:39:21.602  5326  5456 I BrcmNfcNfa: nfa_dm_check_set_config ()
09-07 09:39:21.602  5326  5456 D NfcAdaptation: NfcAdaptation::HalWrite
09-07 09:39:21.602  5326  5456 I SecHAL  : nfc_hal_write: enter;
09-07 09:39:21.602  5326  5456 I SecHAL  : nfc_hal_write: exit;
09-07 09:39:21.602  5326  5456 I BrcmNfcNfa: nfa_dm_check_set_config ()
09-07 09:39:21.602  5326  5479 D SecHAL  : nfc_hal_task: Got a event: HAL_EVT_WRITE(3)
09-07 09:39:21.602  5326  5456 I BrcmNfcNfa: nfa_dm_check_set_config ()
09-07 09:39:21.602  5326  5479 D SecHAL  : nfc_hal_task: current state: SERVICE
09-07 09:39:21.602  5326  5456 I BrcmNfcNfa: dm_disc_mask = 0xc443d7f
09-07 09:39:21.602  5326  5479 I SecHAL  : OSI_timer_start: enter,osi_lock
09-07 09:39:21.602  5326  5456 I BrcmNfcNfa: nfa_dm_set_rf_listen_mode_config () tech_proto_mask = 0x0C443D7F
09-07 09:39:21.602  5326  5479 I SecHAL  : OSI_timer_start: before osi_unlock
09-07 09:39:21.602  5326  5456 I BrcmNfcNfa: nfa_dm_check_set_config ()
09-07 09:39:21.602  5326  5479 I SecHAL  : OSI_timer_start: exit
09-07 09:39:21.602  5326  5456 I BrcmNfcNfa: nfa_dm_set_total_duration ()
09-07 09:39:21.602  5326  5479 I SecHAL  : device_write: enter
09-07 09:39:21.602  5326  5456 I BrcmNfcNfa: nfa_dm_check_set_config ()
09-07 09:39:21.602  5326  5479 I SecHAL  : device_write: before system call
09-07 09:39:21.602  5326  5456 I BrcmNfcNfa: NFC_DiscoveryStart
09-07 09:39:21.602  5326  5456 I BrcmNfcNfa: NFC_DiscoveryStart status: 0xe3
09-07 09:39:21.603  5326  5479 I SecHAL  : device_write: after system call
09-07 09:39:21.604  5326  5479 D SecHAL  : data_trace:  Send( 26) 20 02 17   01 29 14 46 66 6d 01 01 12 02 02 07 ff 03 02 00 13 04 01 64 07 01 03 
09-07 09:39:21.604  5326  5479 I SecHAL  : device_write: exit
09-07 09:39:21.604  5326  5478 D SecHAL  : read_thread: Sent message to HAL message task, remind que: 2
09-07 09:39:21.604  5326  5479 D SecHAL  : nfc_hal_task: Got a event: HAL_EVT_READ(4)
09-07 09:39:21.604  5326  5479 D SecHAL  : nfc_hal_task: current state: SERVICE
09-07 09:39:21.604  5326  5479 D SecHAL  : data_trace:  Recv(  5) 40 02 02   00 00 
09-07 09:39:21.604  5326  5479 I SecHAL  : OSI_timer_start: enter,osi_lock
09-07 09:39:21.604  5326  5479 I SecHAL  : OSI_timer_start: before osi_unlock
09-07 09:39:21.604  5326  5479 I SecHAL  : OSI_timer_start: exit
09-07 09:39:21.604  5326  5479 I SecHAL  : nfc_data_callback: !
09-07 09:39:21.604  5326  5479 D NfcAdaptation: NfcAdaptation::HalDeviceContextDataCallback: len=5
09-07 09:39:21.604  5326  5456 I BrcmNfcNfa: NFC received rsp gid:0
09-07 09:39:21.604  5326  5456 I BrcmNfcNfa: nci_proc_core_rsp opcode:0x2
09-07 09:39:21.604  5326  5456 I BrcmNfcNfa: nfa_dm_nfc_response_cback () NFC_SET_CONFIG_REVT(0x5002)
09-07 09:39:21.604  5326  5456 D NfcAdaptation: NfcAdaptation::HalWrite
09-07 09:39:21.604  5326  5456 I SecHAL  : nfc_hal_write: enter;
09-07 09:39:21.604  5326  5456 I SecHAL  : nfc_hal_write: exit;
09-07 09:39:21.604  5326  5479 D SecHAL  : nfc_hal_task: Got a event: HAL_EVT_WRITE(3)
09-07 09:39:21.604  5326  5479 D SecHAL  : nfc_hal_task: current state: SERVICE
09-07 09:39:21.604  5326  5479 I SecHAL  : OSI_timer_start: enter,osi_lock
09-07 09:39:21.604  5326  5479 I SecHAL  : OSI_timer_start: before osi_unlock
09-07 09:39:21.604  5326  5479 I SecHAL  : OSI_timer_start: exit
09-07 09:39:21.604  5326  5479 I SecHAL  : device_write: enter
09-07 09:39:21.604  5326  5479 I SecHAL  : device_write: before system call
09-07 09:39:21.605  5326  5479 I SecHAL  : device_write: after system call
09-07 09:39:21.605  5326  5479 D SecHAL  : data_trace:  Send( 29) 20 02 1a   02 61 14 46 66 6d 01 01 12 02 02 07 ff 03 02 00 13 04 01 64 07 01 03 60 01 07 
09-07 09:39:21.605  5326  5479 I SecHAL  : device_write: exit
09-07 09:39:21.606  5326  5478 D SecHAL  : read_thread: Sent message to HAL message task, remind que: 2
09-07 09:39:21.606  5326  5479 D SecHAL  : nfc_hal_task: Got a event: HAL_EVT_READ(4)
09-07 09:39:21.606  5326  5479 D SecHAL  : nfc_hal_task: current state: SERVICE
09-07 09:39:21.606  5326  5479 D SecHAL  : data_trace:  Recv(  5) 40 02 02   00 00 
09-07 09:39:21.606  5326  5479 I SecHAL  : OSI_timer_start: enter,osi_lock
09-07 09:39:21.606  5326  5479 I SecHAL  : OSI_timer_start: before osi_unlock
09-07 09:39:21.606  5326  5479 I SecHAL  : OSI_timer_start: exit
09-07 09:39:21.606  5326  5479 I SecHAL  : nfc_data_callback: !
09-07 09:39:21.606  5326  5479 D NfcAdaptation: NfcAdaptation::HalDeviceContextDataCallback: len=5
09-07 09:39:21.607  5326  5456 I BrcmNfcNfa: NFC received rsp gid:0
09-07 09:39:21.607  5326  5456 I BrcmNfcNfa: nci_proc_core_rsp opcode:0x2
09-07 09:39:21.607  5326  5456 I BrcmNfcNfa: nfa_dm_nfc_response_cback () NFC_SET_CONFIG_REVT(0x5002)
09-07 09:39:21.607  5326  5456 D NfcAdaptation: NfcAdaptation::HalWrite
09-07 09:39:21.607  5326  5456 I SecHAL  : nfc_hal_write: enter;
09-07 09:39:21.607  5326  5456 I SecHAL  : nfc_hal_write: exit;
09-07 09:39:21.607  5326  5479 D SecHAL  : nfc_hal_task: Got a event: HAL_EVT_WRITE(3)
09-07 09:39:21.607  5326  5479 D SecHAL  : nfc_hal_task: current state: SERVICE
09-07 09:39:21.607  5326  5479 I SecHAL  : OSI_timer_start: enter,osi_lock
09-07 09:39:21.607  5326  5479 I SecHAL  : OSI_timer_start: before osi_unlock
09-07 09:39:21.607  5326  5479 I SecHAL  : OSI_timer_start: exit
09-07 09:39:21.607  5326  5479 I SecHAL  : device_write: enter
09-07 09:39:21.607  5326  5479 I SecHAL  : device_write: before system call
09-07 09:39:21.608  5326  5479 I SecHAL  : device_write: after system call
09-07 09:39:21.608  5326  5479 D SecHAL  : data_trace:  Send( 19) 20 02 10   05 30 01 04 31 01 00 32 01 20 38 01 00 50 01 02 
09-07 09:39:21.608  5326  5479 I SecHAL  : device_write: exit
09-07 09:39:21.608  5326  5478 D SecHAL  : read_thread: Sent message to HAL message task, remind que: 2
09-07 09:39:21.608  5326  5479 D SecHAL  : nfc_hal_task: Got a event: HAL_EVT_READ(4)
09-07 09:39:21.608  5326  5479 D SecHAL  : nfc_hal_task: current state: SERVICE
09-07 09:39:21.608  5326  5479 D SecHAL  : data_trace:  Recv(  5) 40 02 02   00 00 
09-07 09:39:21.609  5326  5479 I SecHAL  : OSI_timer_start: enter,osi_lock
09-07 09:39:21.609  5326  5479 I SecHAL  : OSI_timer_start: before osi_unlock
09-07 09:39:21.609  5326  5479 I SecHAL  : OSI_timer_start: exit
09-07 09:39:21.609  5326  5479 I SecHAL  : nfc_data_callback: !
09-07 09:39:21.609  5326  5479 D NfcAdaptation: NfcAdaptation::HalDeviceContextDataCallback: len=5
09-07 09:39:21.609  5326  5456 I BrcmNfcNfa: NFC received rsp gid:0
09-07 09:39:21.609  5326  5456 I BrcmNfcNfa: nci_proc_core_rsp opcode:0x2
09-07 09:39:21.609  5326  5456 I BrcmNfcNfa: nfa_dm_nfc_response_cback () NFC_SET_CONFIG_REVT(0x5002)
09-07 09:39:21.609  5326  5456 D NfcAdaptation: NfcAdaptation::HalWrite
09-07 09:39:21.609  5326  5456 I SecHAL  : nfc_hal_write: enter;
09-07 09:39:21.609  5326  5456 I SecHAL  : nfc_hal_write: exit;
09-07 09:39:21.609  5326  5479 D SecHAL  : nfc_hal_task: Got a event: HAL_EVT_WRITE(3)
09-07 09:39:21.609  5326  5479 D SecHAL  : nfc_hal_task: current state: SERVICE
09-07 09:39:21.609  5326  5479 I SecHAL  : OSI_timer_start: enter,osi_lock
09-07 09:39:21.609  5326  5479 I SecHAL  : OSI_timer_start: before osi_unlock
09-07 09:39:21.610  5326  5479 I SecHAL  : OSI_timer_start: exit
09-07 09:39:21.610  5326  5479 I SecHAL  : device_write: enter
09-07 09:39:21.610  5326  5479 I SecHAL  : device_write: before system call
09-07 09:39:21.610  5326  5479 I SecHAL  : device_write: after system call
09-07 09:39:21.610  5326  5479 D SecHAL  : data_trace:  Send(  8) 20 02 05   01 00 02 f4 01 
09-07 09:39:21.610  5326  5479 I SecHAL  : device_write: exit
09-07 09:39:21.610  5326  5478 D SecHAL  : read_thread: Sent message to HAL message task, remind que: 2
09-07 09:39:21.610  5326  5479 D SecHAL  : nfc_hal_task: Got a event: HAL_EVT_READ(4)
09-07 09:39:21.610  5326  5479 D SecHAL  : nfc_hal_task: current state: SERVICE
09-07 09:39:21.610  5326  5479 D SecHAL  : data_trace:  Recv(  5) 40 02 02   00 00 
09-07 09:39:21.611  5326  5479 I SecHAL  : OSI_timer_start: enter,osi_lock
09-07 09:39:21.611  5326  5479 I SecHAL  : OSI_timer_start: before osi_unlock
09-07 09:39:21.611  5326  5479 I SecHAL  : OSI_timer_start: exit
09-07 09:39:21.611  5326  5479 I SecHAL  : nfc_data_callback: !
09-07 09:39:21.611  5326  5479 D NfcAdaptation: NfcAdaptation::HalDeviceContextDataCallback: len=5
09-07 09:39:21.611  5326  5456 I BrcmNfcNfa: NFC received rsp gid:0
09-07 09:39:21.611  5326  5456 I BrcmNfcNfa: nci_proc_core_rsp opcode:0x2
09-07 09:39:21.611  5326  5456 I BrcmNfcNfa: nfa_dm_nfc_response_cback () NFC_SET_CONFIG_REVT(0x5002)
09-07 09:39:21.611  5326  5456 D NfcAdaptation: NfcAdaptation::HalPrediscover
09-07 09:39:21.611  5326  5456 I SecHAL  : nfc_hal_pre_discover: enter;
09-07 09:39:21.611  5326  5456 I SecHAL  : nfc_hal_pre_discover: exit;
09-07 09:39:21.611  5326  5456 D NfcAdaptation: NfcAdaptation::HalWrite
09-07 09:39:21.611  5326  5479 D SecHAL  : nfc_hal_task: Got a event: Uknown event.(2)
09-07 09:39:21.611  5326  5456 I SecHAL  : nfc_hal_write: enter;
09-07 09:39:21.611  5326  5479 D SecHAL  : nfc_hal_task: current state: SERVICE
09-07 09:39:21.611  5326  5456 I SecHAL  : nfc_hal_write: exit;
09-07 09:39:21.611  5326  5479 D SecHAL  : nfc_hal_task: Got a event: HAL_EVT_WRITE(3)
09-07 09:39:21.611  5326  5479 D SecHAL  : nfc_hal_task: current state: SERVICE
09-07 09:39:21.611  5326  5479 I SecHAL  : OSI_timer_start: enter,osi_lock
09-07 09:39:21.611  5326  5479 I SecHAL  : OSI_timer_start: before osi_unlock
09-07 09:39:21.611  5326  5479 I SecHAL  : OSI_timer_start: exit
09-07 09:39:21.611  5326  5479 I SecHAL  : device_write: enter
09-07 09:39:21.611  5326  5479 I SecHAL  : device_write: before system call
09-07 09:39:21.612  5326  5479 I SecHAL  : device_write: after system call
09-07 09:39:21.612  5326  5479 D SecHAL  : data_trace:  Send( 26) 21 03 17   0b 00 01 01 01 02 01 03 01 05 01 80 01 82 01 83 01 85 01 06 01 77 01 
09-07 09:39:21.612  5326  5479 I SecHAL  : device_write: exit
09-07 09:39:21.620  5326  5478 D SecHAL  : read_thread: Sent message to HAL message task, remind que: 2
09-07 09:39:21.620  5326  5479 D SecHAL  : nfc_hal_task: Got a event: HAL_EVT_READ(4)
09-07 09:39:21.620  5326  5479 D SecHAL  : nfc_hal_task: current state: SERVICE
09-07 09:39:21.621  5326  5479 D SecHAL  : data_trace:  Recv(  4) 41 03 01   00 
09-07 09:39:21.621  5326  5479 I SecHAL  : OSI_timer_start: enter,osi_lock
09-07 09:39:21.621  5326  5479 I SecHAL  : OSI_timer_start: before osi_unlock
09-07 09:39:21.621  5326  5479 I SecHAL  : OSI_timer_start: exit
09-07 09:39:21.621  5326  5479 I SecHAL  : nfc_data_callback: !
09-07 09:39:21.621  5326  5479 D NfcAdaptation: NfcAdaptation::HalDeviceContextDataCallback: len=4
09-07 09:39:21.621  5326  5456 I BrcmNfcNfa: NFC received rsp gid:1
09-07 09:39:21.621  5326  5456 I BrcmNfcNfa: p2p priority is running under bail out mode ONLY.
09-07 09:39:21.621  5326  5456 I BrcmNfcNfa: nfa_dm_disc_discovery_cback (): event:0x4000
09-07 09:39:21.621  5326  5456 I BrcmNfcNfa: nfa_dm_disc_sm_execute (): state: IDLE (0), event: DISCOVER_RSP(1) disc_flags: 0x31
09-07 09:39:21.621  5326  5456 I BrcmNfcNfa: nfa_dm_disc_new_state (): old_state: IDLE (0), new_state: DISCOVERY (1) disc_flags: 0x11
09-07 09:39:21.621  5326  5456 I BrcmNfcNfa: nfa_ce_discovery_cback(): event:0x00
09-07 09:39:21.621  5326  5456 I BrcmNfcNfa: nfa_ce_handle_disc_start (status=0x0)
09-07 09:39:21.621  5326  5456 I BrcmNfcNfa: nfa_dm_poll_disc_cback (): event:0x00
09-07 09:39:21.621  5326  5456 I BrcmNfcNfa: nfa_p2p_discovery_cback (): event:0x00
09-07 09:39:21.621  5326  5456 D BrcmNfcJni: nfaConnectionCallback: event= 30
09-07 09:39:21.621  5326  5456 D BrcmNfcJni: nfaConnectionCallback: NFA_RF_DISCOVERY_STARTED_EVT: status = 0
09-07 09:39:21.621  5326  5456 I BrcmNfcNfa: nfa_dm_disc_sm_execute (): new state: DISCOVERY (1), disc_flags: 0x1
09-07 09:39:21.621  5326  5452 D BrcmNfcJni: PowerSwitch::setModeOn(activated=0x1) : mCurrActivity=0x1
09-07 09:39:21.621  5326  5452 D BrcmNfcJni: nfcManager_enableDiscovery: exit
09-07 09:39:21.621  5326  5452 I NfcService: First Boot
09-07 09:39:21.623  5577  5577 I pool-1-thread-1: type=1400 audit(0.0:241): avc: denied { write } for name="shared_prefs" dev="sda24" ino=2015520 scontext=u:r:nfc:s0 tcontext=u:object_r:system_data_file:s0 tclass=dir permissive=1
09-07 09:39:21.623  5577  5577 I pool-1-thread-1: type=1400 audit(0.0:241): avc: denied { add_name } for name="NfcServicePrefs.xml" scontext=u:r:nfc:s0 tcontext=u:object_r:system_data_file:s0 tclass=dir permissive=1
09-07 09:39:21.623  5577  5577 I pool-1-thread-1: type=1400 audit(0.0:241): avc: denied { create } for name="NfcServicePrefs.xml" scontext=u:r:nfc:s0 tcontext=u:object_r:system_data_file:s0 tclass=file permissive=1
09-07 09:39:21.623  5577  5577 I pool-1-thread-1: type=1400 audit(0.0:241): avc: denied { write } for path="/data/data/com.android.nfc/shared_prefs/NfcServicePrefs.xml" dev="sda24" ino=2015544 scontext=u:r:nfc:s0 tcontext=u:object_r:system_data_file:s0 tclass=file permissive=1
09-07 09:39:21.623  5577  5577 W pool-1-thread-1: type=1300 audit(0.0:241): arch=c00000b7 syscall=56 success=yes exit=47 a0=ffffff9c a1=7f9f052800 a2=241 a3=1b6 items=0 ppid=3170 auid=4294967295 uid=1027 gid=1027 euid=1027 suid=1027 fsuid=1027 egid=1027 sgid=1027 fsgid=1027 tty=(none) ses=4294967295 exe="/system/bin/app_process64" subj=u:r:nfc:s0 key=(null)
09-07 09:39:21.623  3074  3074 W auditd  : type=1327 audit(0.0:241): proctitle="com.android.nfc"
09-07 09:39:21.623  3074  3074 W auditd  : type=1320 audit(0.0:241): 
09-07 09:39:21.639  5577  5577 I pool-1-thread-1: type=1400 audit(0.0:242): avc: denied { setattr } for name="NfcServicePrefs.xml" dev="sda24" ino=2015544 scontext=u:r:nfc:s0 tcontext=u:object_r:system_data_file:s0 tclass=file permissive=1
09-07 09:39:21.639  5577  5577 W pool-1-thread-1: type=1300 audit(0.0:242): arch=c00000b7 syscall=53 success=yes exit=0 a0=ffffff9c a1=7f9f052a00 a2=1b0 a3=0 items=0 ppid=3170 auid=4294967295 uid=1027 gid=1027 euid=1027 suid=1027 fsuid=1027 egid=1027 sgid=1027 fsgid=1027 tty=(none) ses=4294967295 exe="/system/bin/app_process64" subj=u:r:nfc:s0 key=(null)
09-07 09:39:21.639  3074  3074 W auditd  : type=1327 audit(0.0:242): proctitle="com.android.nfc"
09-07 09:39:21.639  3074  3074 W auditd  : type=1320 audit(0.0:242): 
09-07 09:39:21.729  5522  5522 I CalendarProvider2: Sending notification intent: Intent { act=android.intent.action.PROVIDER_CHANGED dat=content://com.android.calendar flg=0x20000000 }
09-07 09:39:21.731  5522  5522 W ContentResolver: Failed to get type for: content://com.android.calendar (Unknown URL content://com.android.calendar)
09-07 09:39:21.751  3181  3249 I MediaPlayerService: MediaPlayerService::getOMX
09-07 09:39:21.752  5326  5578 I OMXClient: MuxOMX ctor
09-07 09:39:21.754  3178  3178 I OMXMaster: makeComponentInstance(OMX.google.vorbis.decoder) in mediacodec process
09-07 09:39:21.840  3181  3181 I MediaPlayerService: MediaPlayerService::getOMX
09-07 09:39:21.841  5326  5581 I OMXClient: MuxOMX ctor
09-07 09:39:21.843  3178  4903 I OMXMaster: makeComponentInstance(OMX.google.vorbis.decoder) in mediacodec process
09-07 09:39:21.921  5540  5545 I art     : Do partial code cache collection, code=26KB, data=26KB
09-07 09:39:21.921  5540  5545 I art     : After code cache collection, code=26KB, data=26KB
09-07 09:39:21.921  5540  5545 I art     : Increasing code cache capacity to 128KB
09-07 09:39:22.056  5540  5560 I ContactsProviderV1: Bootstrapping database legacy support
09-07 09:39:22.328  5540  5540 W art     : Long monitor contention with owner ContactsProviderWorker (5560) at int android.database.sqlite.SQLiteConnection.nativeGetParameterCount(long, long)(SQLiteConnection.java:-2) waiters=0 in android.database.sqlite.SQLiteDatabase android.database.sqlite.SQLiteOpenHelper.getWritableDatabase() for 953ms
09-07 09:39:22.329  5540  5562 W art     : Long monitor contention with owner ContactsProviderWorker (5560) at int android.database.sqlite.SQLiteConnection.nativeGetParameterCount(long, long)(SQLiteConnection.java:-2) waiters=1 in android.database.sqlite.SQLiteDatabase android.database.sqlite.SQLiteOpenHelper.getWritableDatabase() for 954ms
09-07 09:39:22.337  5540  5562 I CallLogDatabaseHelper: Migrating from old tables...
09-07 09:39:22.371  5540  5562 I CallLogDatabaseHelper: Source tables don't exist.
09-07 09:39:22.461  5540  5540 I ContactsDatabaseHelper: Bootstrapping database version: 1111
09-07 09:39:22.572  5540  5562 I CallLogDatabaseHelper: Migrating from old tables...
09-07 09:39:22.574  5540  5562 I CallLogDatabaseHelper: Source tables don't exist.
09-07 09:39:22.578  5540  5545 I art     : Do partial code cache collection, code=57KB, data=56KB
09-07 09:39:22.580  5540  5545 I art     : After code cache collection, code=57KB, data=56KB
09-07 09:39:22.581  5540  5545 I art     : Increasing code cache capacity to 256KB
09-07 09:39:22.840  5326  5567 I SecHAL  : device_sleep: NFC can be going to sleep
09-07 09:39:22.862  5540  5560 I ContactLocale: AddressBook Labels [[en_US]]: [, A, B, C, D, E, F, G, H, I, J, K, L, M, N, O, P, Q, R, S, T, U, V, W, X, Y, Z, , , , , , , , , , , , , , , , , , , , , , , , , , , , , , , , , , , , , , , , , , , , , , , , , , , , , , , , , , , , , , , , , , , , , , , , , , , , , , , , , , , , , , , , , , , , , , , , , , , , , , , , , , , , , , , , , , , , , , , , , , , , , , , , , , , , , , , , , , , , , , , , , , , , , , , , , , , , , , , , , , , , , , , , , , , , , , , , , , , , , , , , , , , #, ]
09-07 09:39:22.867  5540  5540 I ContactsProviderV1: Bootstrapping database legacy support
09-07 09:39:23.071  5492  5492 I DeferredSaveThr: type=1400 audit(0.0:243): avc: denied { write } for name="code_cache" dev="sda24" ino=3121311 scontext=u:r:system_app:s0 tcontext=u:object_r:system_data_file:s0 tclass=dir permissive=1
09-07 09:39:23.071  5492  5492 I DeferredSaveThr: type=1400 audit(0.0:243): avc: denied { add_name } for name="com.android.opengl.shaders_cache" scontext=u:r:system_app:s0 tcontext=u:object_r:system_data_file:s0 tclass=dir permissive=1
09-07 09:39:23.071  5492  5492 I DeferredSaveThr: type=1400 audit(0.0:243): avc: denied { create } for name="com.android.opengl.shaders_cache" scontext=u:r:system_app:s0 tcontext=u:object_r:system_data_file:s0 tclass=file permissive=1
09-07 09:39:23.071  5492  5492 I DeferredSaveThr: type=1400 audit(0.0:243): avc: denied { write } for path="/data/user_de/0/com.cyanogenmod.setupwizard/code_cache/com.android.opengl.shaders_cache" dev="sda24" ino=3121323 scontext=u:r:system_app:s0 tcontext=u:object_r:system_data_file:s0 tclass=file permissive=1
09-07 09:39:23.071  5492  5492 W DeferredSaveThr: type=1300 audit(0.0:243): arch=c00000b7 syscall=56 success=yes exit=42 a0=ffffff9c a1=7fa6834688 a2=c2 a3=0 items=0 ppid=3170 auid=4294967295 uid=1000 gid=1000 euid=1000 suid=1000 fsuid=1000 egid=1000 sgid=1000 fsgid=1000 tty=(none) ses=4294967295 exe="/system/bin/app_process64" subj=u:r:system_app:s0 key=(null)
09-07 09:39:23.071  3074  3074 W auditd  : type=1327 audit(0.0:243): proctitle="com.cyanogenmod.setupwizard"
09-07 09:39:23.071  3074  3074 W auditd  : type=1320 audit(0.0:243): 
09-07 09:39:23.075  5492  5492 I DeferredSaveThr: type=1400 audit(0.0:244): avc: denied { setattr } for name="com.android.opengl.shaders_cache" dev="sda24" ino=3121323 scontext=u:r:system_app:s0 tcontext=u:object_r:system_data_file:s0 tclass=file permissive=1
09-07 09:39:23.075  5492  5492 W DeferredSaveThr: type=1300 audit(0.0:244): arch=c00000b7 syscall=52 success=yes exit=0 a0=2a a1=100 a2=7f8a000000 a3=21 items=0 ppid=3170 auid=4294967295 uid=1000 gid=1000 euid=1000 suid=1000 fsuid=1000 egid=1000 sgid=1000 fsgid=1000 tty=(none) ses=4294967295 exe="/system/bin/app_process64" subj=u:r:system_app:s0 key=(null)
