09-26 03:10:39.565  3343  3568 W dex2oat : Skipping class com.android.framework.protobuf.nano.UnknownFieldData from /system/framework/telephony-common.jar previously found in /system/framework/framework.jar:classes2.dex
09-26 03:10:39.565  3343  3568 W dex2oat : Skipping class com.android.framework.protobuf.nano.WireFormatNano from /system/framework/telephony-common.jar previously found in /system/framework/framework.jar:classes2.dex
09-26 03:10:39.565  3343  3568 W dex2oat : Skipping class com.android.framework.protobuf.nano.android.ParcelableExtendableMessageNano from /system/framework/telephony-common.jar previously found in /system/framework/framework.jar:classes2.dex
09-26 03:10:39.565  3343  3568 W dex2oat : Skipping class com.android.framework.protobuf.nano.android.ParcelableMessageNano from /system/framework/telephony-common.jar previously found in /system/framework/framework.jar:classes2.dex
09-26 03:10:39.565  3343  3568 W dex2oat : Skipping class com.android.framework.protobuf.nano.android.ParcelableMessageNanoCreator from /system/framework/telephony-common.jar previously found in /system/framework/framework.jar:classes2.dex
09-26 03:10:39.719  3332  3576 W dex2oat : Skipping class com.android.framework.protobuf.nano.CodedInputByteBufferNano from /system/framework/telephony-common.jar previously found in /system/framework/framework.jar:classes2.dex
09-26 03:10:39.719  3332  3578 W dex2oat : Skipping class com.android.framework.protobuf.nano.CodedOutputByteBufferNano$OutOfSpaceException from /system/framework/telephony-common.jar previously found in /system/framework/framework.jar:classes2.dex
09-26 03:10:39.719  3332  3578 W dex2oat : Skipping class com.android.framework.protobuf.nano.MessageNano from /system/framework/telephony-common.jar previously found in /system/framework/framework.jar:classes2.dex
09-26 03:10:39.719  3332  3578 W dex2oat : Skipping class com.android.framework.protobuf.nano.ExtendableMessageNano from /system/framework/telephony-common.jar previously found in /system/framework/framework.jar:classes2.dex
09-26 03:10:39.719  3332  3578 W dex2oat : Skipping class com.android.framework.protobuf.nano.Extension from /system/framework/telephony-common.jar previously found in /system/framework/framework.jar:classes2.dex
09-26 03:10:39.719  3332  3578 W dex2oat : Skipping class com.android.framework.protobuf.nano.Extension$PrimitiveExtension from /system/framework/telephony-common.jar previously found in /system/framework/framework.jar:classes2.dex
09-26 03:10:39.719  3332  3578 W dex2oat : Skipping class com.android.framework.protobuf.nano.FieldArray from /system/framework/telephony-common.jar previously found in /system/framework/framework.jar:classes2.dex
09-26 03:10:39.719  3332  3578 W dex2oat : Skipping class com.android.framework.protobuf.nano.FieldData from /system/framework/telephony-common.jar previously found in /system/framework/framework.jar:classes2.dex
09-26 03:10:39.719  3332  3578 W dex2oat : Skipping class com.android.framework.protobuf.nano.InternalNano from /system/framework/telephony-common.jar previously found in /system/framework/framework.jar:classes2.dex
09-26 03:10:39.719  3332  3578 W dex2oat : Skipping class com.android.framework.protobuf.nano.InvalidProtocolBufferNanoException from /system/framework/telephony-common.jar previously found in /system/framework/framework.jar:classes2.dex
09-26 03:10:39.719  3332  3578 W dex2oat : Skipping class com.android.framework.protobuf.nano.MessageNanoPrinter from /system/framework/telephony-common.jar previously found in /system/framework/framework.jar:classes2.dex
09-26 03:10:39.719  3332  3578 W dex2oat : Skipping class com.android.framework.protobuf.nano.UnknownFieldData from /system/framework/telephony-common.jar previously found in /system/framework/framework.jar:classes2.dex
09-26 03:10:39.719  3332  3578 W dex2oat : Skipping class com.android.framework.protobuf.nano.WireFormatNano from /system/framework/telephony-common.jar previously found in /system/framework/framework.jar:classes2.dex
09-26 03:10:39.719  3332  3578 W dex2oat : Skipping class com.android.framework.protobuf.nano.android.ParcelableExtendableMessageNano from /system/framework/telephony-common.jar previously found in /system/framework/framework.jar:classes2.dex
09-26 03:10:39.719  3332  3578 W dex2oat : Skipping class com.android.framework.protobuf.nano.android.ParcelableMessageNano from /system/framework/telephony-common.jar previously found in /system/framework/framework.jar:classes2.dex
09-26 03:10:39.719  3332  3578 W dex2oat : Skipping class com.android.framework.protobuf.nano.android.ParcelableMessageNanoCreator from /system/framework/telephony-common.jar previously found in /system/framework/framework.jar:classes2.dex
09-26 03:10:39.719  3332  3576 W dex2oat : Skipping class com.android.framework.protobuf.nano.CodedOutputByteBufferNano from /system/framework/telephony-common.jar previously found in /system/framework/framework.jar:classes2.dex
09-26 03:10:40.209  3343  3571 W dex2oat : Compilation of void com.android.internal.telephony.uicc.SIMRecords.handleMessage(android.os.Message) took 126.615ms
09-26 03:10:40.622  3343  3572 W dex2oat : Skipping class com.android.framework.protobuf.nano.CodedInputByteBufferNano from /system/framework/telephony-common.jar previously found in /system/framework/framework.jar:classes2.dex
09-26 03:10:40.622  3343  3571 W dex2oat : Skipping class com.android.framework.protobuf.nano.ExtendableMessageNano from /system/framework/telephony-common.jar previously found in /system/framework/framework.jar:classes2.dex
09-26 03:10:40.622  3343  3571 W dex2oat : Skipping class com.android.framework.protobuf.nano.Extension$PrimitiveExtension from /system/framework/telephony-common.jar previously found in /system/framework/framework.jar:classes2.dex
09-26 03:10:40.622  3343  3571 W dex2oat : Skipping class com.android.framework.protobuf.nano.FieldArray from /system/framework/telephony-common.jar previously found in /system/framework/framework.jar:classes2.dex
09-26 03:10:40.622  3343  3571 W dex2oat : Skipping class com.android.framework.protobuf.nano.FieldData from /system/framework/telephony-common.jar previously found in /system/framework/framework.jar:classes2.dex
09-26 03:10:40.622  3343  3571 W dex2oat : Skipping class com.android.framework.protobuf.nano.InternalNano from /system/framework/telephony-common.jar previously found in /system/framework/framework.jar:classes2.dex
09-26 03:10:40.622  3343  3572 W dex2oat : Skipping class com.android.framework.protobuf.nano.Extension from /system/framework/telephony-common.jar previously found in /system/framework/framework.jar:classes2.dex
09-26 03:10:40.622  3343  3343 W dex2oat : Skipping class com.android.framework.protobuf.nano.MessageNanoPrinter from /system/framework/telephony-common.jar previously found in /system/framework/framework.jar:classes2.dex
09-26 03:10:40.622  3343  3343 W dex2oat : Skipping class com.android.framework.protobuf.nano.WireFormatNano from /system/framework/telephony-common.jar previously found in /system/framework/framework.jar:classes2.dex
09-26 03:10:40.622  3343  3343 W dex2oat : Skipping class com.android.framework.protobuf.nano.android.ParcelableExtendableMessageNano from /system/framework/telephony-common.jar previously found in /system/framework/framework.jar:classes2.dex
09-26 03:10:40.622  3343  3343 W dex2oat : Skipping class com.android.framework.protobuf.nano.android.ParcelableMessageNano from /system/framework/telephony-common.jar previously found in /system/framework/framework.jar:classes2.dex
09-26 03:10:40.622  3343  3343 W dex2oat : Skipping class com.android.framework.protobuf.nano.android.ParcelableMessageNanoCreator from /system/framework/telephony-common.jar previously found in /system/framework/framework.jar:classes2.dex
09-26 03:10:40.622  3343  3572 W dex2oat : Skipping class com.android.framework.protobuf.nano.UnknownFieldData from /system/framework/telephony-common.jar previously found in /system/framework/framework.jar:classes2.dex
09-26 03:10:40.622  3343  3570 W dex2oat : Skipping class com.android.framework.protobuf.nano.CodedOutputByteBufferNano$OutOfSpaceException from /system/framework/telephony-common.jar previously found in /system/framework/framework.jar:classes2.dex
09-26 03:10:40.623  3343  3569 W dex2oat : Skipping class com.android.framework.protobuf.nano.MessageNano from /system/framework/telephony-common.jar previously found in /system/framework/framework.jar:classes2.dex
09-26 03:10:40.624  3343  3568 W dex2oat : Skipping class com.android.framework.protobuf.nano.CodedOutputByteBufferNano from /system/framework/telephony-common.jar previously found in /system/framework/framework.jar:classes2.dex
09-26 03:10:40.625  3343  3571 W dex2oat : Skipping class com.android.framework.protobuf.nano.InvalidProtocolBufferNanoException from /system/framework/telephony-common.jar previously found in /system/framework/framework.jar:classes2.dex
09-26 03:10:40.777  3332  3579 W dex2oat : Skipping class com.android.framework.protobuf.nano.CodedInputByteBufferNano from /system/framework/telephony-common.jar previously found in /system/framework/framework.jar:classes2.dex
09-26 03:10:40.777  3332  3574 W dex2oat : Skipping class com.android.framework.protobuf.nano.ExtendableMessageNano from /system/framework/telephony-common.jar previously found in /system/framework/framework.jar:classes2.dex
09-26 03:10:40.777  3332  3576 W dex2oat : Skipping class com.android.framework.protobuf.nano.Extension$PrimitiveExtension from /system/framework/telephony-common.jar previously found in /system/framework/framework.jar:classes2.dex
09-26 03:10:40.777  3332  3573 W dex2oat : Skipping class com.android.framework.protobuf.nano.InternalNano from /system/framework/telephony-common.jar previously found in /system/framework/framework.jar:classes2.dex
09-26 03:10:40.778  3332  3573 W dex2oat : Skipping class com.android.framework.protobuf.nano.MessageNanoPrinter from /system/framework/telephony-common.jar previously found in /system/framework/framework.jar:classes2.dex
09-26 03:10:40.778  3332  3573 W dex2oat : Skipping class com.android.framework.protobuf.nano.UnknownFieldData from /system/framework/telephony-common.jar previously found in /system/framework/framework.jar:classes2.dex
09-26 03:10:40.778  3332  3573 W dex2oat : Skipping class com.android.framework.protobuf.nano.WireFormatNano from /system/framework/telephony-common.jar previously found in /system/framework/framework.jar:classes2.dex
09-26 03:10:40.778  3332  3574 W dex2oat : Skipping class com.android.framework.protobuf.nano.FieldData from /system/framework/telephony-common.jar previously found in /system/framework/framework.jar:classes2.dex
09-26 03:10:40.778  3332  3574 W dex2oat : Skipping class com.android.framework.protobuf.nano.android.ParcelableMessageNano from /system/framework/telephony-common.jar previously found in /system/framework/framework.jar:classes2.dex
09-26 03:10:40.778  3332  3576 W dex2oat : Skipping class com.android.framework.protobuf.nano.InvalidProtocolBufferNanoException from /system/framework/telephony-common.jar previously found in /system/framework/framework.jar:classes2.dex
09-26 03:10:40.778  3332  3575 W dex2oat : Skipping class com.android.framework.protobuf.nano.MessageNano from /system/framework/telephony-common.jar previously found in /system/framework/framework.jar:classes2.dex
09-26 03:10:40.778  3332  3578 W dex2oat : Skipping class com.android.framework.protobuf.nano.CodedOutputByteBufferNano$OutOfSpaceException from /system/framework/telephony-common.jar previously found in /system/framework/framework.jar:classes2.dex
09-26 03:10:40.778  3332  3579 W dex2oat : Skipping class com.android.framework.protobuf.nano.Extension from /system/framework/telephony-common.jar previously found in /system/framework/framework.jar:classes2.dex
09-26 03:10:40.778  3332  3332 W dex2oat : Skipping class com.android.framework.protobuf.nano.CodedOutputByteBufferNano from /system/framework/telephony-common.jar previously found in /system/framework/framework.jar:classes2.dex
09-26 03:10:40.780  3332  3573 W dex2oat : Skipping class com.android.framework.protobuf.nano.android.ParcelableExtendableMessageNano from /system/framework/telephony-common.jar previously found in /system/framework/framework.jar:classes2.dex
09-26 03:10:40.780  3332  3574 W dex2oat : Skipping class com.android.framework.protobuf.nano.android.ParcelableMessageNanoCreator from /system/framework/telephony-common.jar previously found in /system/framework/framework.jar:classes2.dex
09-26 03:10:40.780  3332  3577 W dex2oat : Skipping class com.android.framework.protobuf.nano.FieldArray from /system/framework/telephony-common.jar previously found in /system/framework/framework.jar:classes2.dex
09-26 03:10:41.034  3343  3343 I dex2oat : Explicit concurrent mark sweep GC freed 38380(4MB) AllocSpace objects, 0(0B) LOS objects, 47% free, 4MB/8MB, paused 76us total 20.265ms
09-26 03:10:41.150  3332  3332 I dex2oat : Explicit concurrent mark sweep GC freed 38382(7MB) AllocSpace objects, 0(0B) LOS objects, 43% free, 5MB/9MB, paused 127us total 24.769ms
09-26 03:10:42.653  3343  3343 I dex2oat : dex2oat took 17.633s (threads: 8) arena alloc=21MB (22973344B) java alloc=4MB (4624024B) native alloc=78MB (81932232B) free=15MB (16109624B)
09-26 03:10:42.695  3186  3186 D ICU     : No timezone override file found: /data/misc/zoneinfo/current/icu/icu_tzdata.dat
09-26 03:10:42.726  3186  3186 I Radio-JNI: register_android_hardware_Radio DONE
09-26 03:10:42.727  3186  3186 I SamplingProfilerIntegration: Profiling disabled.
09-26 03:10:42.728  3186  3186 D Zygote  : begin preload
09-26 03:10:42.728  3186  3186 I Zygote  : Installing ICU cache reference pinning...
09-26 03:10:42.728  3186  3186 I Zygote  : Preloading ICU data...
09-26 03:10:42.741  3186  3186 I Zygote  : Preloading classes...
09-26 03:10:42.742  3186  3186 W Zygote  : Class not found for preloading: [Landroid.view.Display$ColorTransform;
09-26 03:10:42.921  3332  3332 I dex2oat : dex2oat took 17.945s (threads: 8) arena alloc=20MB (21614992B) java alloc=5MB (5367896B) native alloc=94MB (99508512B) free=11MB (11771616B)
09-26 03:10:42.943  3186  3186 E Typeface: Error mapping font file /system/fonts/DroidSansFallback.ttf
09-26 03:10:42.966  3185  3185 D ICU     : No timezone override file found: /data/misc/zoneinfo/current/icu/icu_tzdata.dat
09-26 03:10:43.007  3185  3185 I Radio-JNI: register_android_hardware_Radio DONE
09-26 03:10:43.009  3185  3185 I SamplingProfilerIntegration: Profiling disabled.
09-26 03:10:43.009  3185  3185 D Zygote  : begin preload
09-26 03:10:43.009  3185  3185 I Zygote  : Installing ICU cache reference pinning...
09-26 03:10:43.009  3185  3185 I Zygote  : Preloading ICU data...
09-26 03:10:43.018  3185  3185 I Zygote  : Preloading classes...
09-26 03:10:43.019  3185  3185 W Zygote  : Class not found for preloading: [Landroid.view.Display$ColorTransform;
09-26 03:10:43.027  3186  3186 I art     : Thread[1,tid=3186,Native,Thread*=0xf4705400,peer=0x12c070d0,"main"] recursive attempt to load library "/system/lib/libmedia_jni.so"
09-26 03:10:43.027  3186  3186 D MtpDeviceJNI: register_android_mtp_MtpDevice
09-26 03:10:43.028  3186  3186 I art     : Thread[1,tid=3186,Native,Thread*=0xf4705400,peer=0x12c070d0,"main"] recursive attempt to load library "/system/lib/libmedia_jni.so"
09-26 03:10:43.028  3186  3186 I art     : Thread[1,tid=3186,Native,Thread*=0xf4705400,peer=0x12c070d0,"main"] recursive attempt to load library "/system/lib/libmedia_jni.so"
09-26 03:10:43.045  3186  3186 E FFMPEGSoftCodec: Failed to load FFMPEG plugin: (null)
09-26 03:10:43.061  3185  3185 E Typeface: Error mapping font file /system/fonts/DroidSansFallback.ttf
09-26 03:10:43.107  3186  3186 W Zygote  : Class not found for preloading: android.view.Display$ColorTransform
09-26 03:10:43.107  3186  3186 W Zygote  : Class not found for preloading: android.view.Display$ColorTransform$1
09-26 03:10:43.117  3186  3186 W System  : ClassLoader referenced unknown path: /system/framework/tcmclient.jar
09-26 03:10:43.123  3185  3185 I art     : Thread[1,tid=3185,Native,Thread*=0x7f7a495a00,peer=0x12c070d0,"main"] recursive attempt to load library "/system/lib64/libmedia_jni.so"
09-26 03:10:43.123  3185  3185 D MtpDeviceJNI: register_android_mtp_MtpDevice
09-26 03:10:43.123  3185  3185 I art     : Thread[1,tid=3185,Native,Thread*=0x7f7a495a00,peer=0x12c070d0,"main"] recursive attempt to load library "/system/lib64/libmedia_jni.so"
09-26 03:10:43.124  3185  3185 I art     : Thread[1,tid=3185,Native,Thread*=0x7f7a495a00,peer=0x12c070d0,"main"] recursive attempt to load library "/system/lib64/libmedia_jni.so"
09-26 03:10:43.141  3185  3185 E FFMPEGSoftCodec: Failed to load FFMPEG plugin: (null)
09-26 03:10:43.164  3185  3185 W Zygote  : Class not found for preloading: android.view.Display$ColorTransform
09-26 03:10:43.164  3185  3185 W Zygote  : Class not found for preloading: android.view.Display$ColorTransform$1
09-26 03:10:43.173  3185  3185 W System  : ClassLoader referenced unknown path: /system/framework/tcmclient.jar
09-26 03:10:43.271  3185  3185 I System  : Loaded time zone names for "" in 82ms (81ms in ICU)
09-26 03:10:43.271  3186  3186 I System  : Loaded time zone names for "" in 94ms (93ms in ICU)
09-26 03:10:43.281  3185  3185 I System  : Loaded time zone names for "en_US" in 9ms (8ms in ICU)
09-26 03:10:43.282  3186  3186 I System  : Loaded time zone names for "en_US" in 10ms (9ms in ICU)
09-26 03:10:43.294  3185  3185 I Zygote  : ...preloaded 4158 classes in 276ms.
09-26 03:10:43.294  3185  3185 I art     : VMRuntime.preloadDexCaches starting
09-26 03:10:43.303  3186  3186 I Zygote  : ...preloaded 4158 classes in 562ms.
09-26 03:10:43.303  3186  3186 I art     : VMRuntime.preloadDexCaches starting
09-26 03:10:43.334  3185  3185 I art     : VMRuntime.preloadDexCaches strings total=288450 before=37245 after=37245
09-26 03:10:43.334  3185  3185 I art     : VMRuntime.preloadDexCaches types total=23810 before=7912 after=7943
09-26 03:10:43.334  3185  3185 I art     : VMRuntime.preloadDexCaches fields total=113943 before=41389 after=41620
09-26 03:10:43.334  3185  3185 I art     : VMRuntime.preloadDexCaches methods total=199718 before=82844 after=83439
09-26 03:10:43.334  3185  3185 I art     : VMRuntime.preloadDexCaches finished
09-26 03:10:43.335  3185  3185 I Zygote  : Preloading resources...
09-26 03:10:43.354  3185  3185 W Resources: Preloaded drawable resource #0x108025c (android:drawable/dialog_background_material) that varies with configuration!!
09-26 03:10:43.358  3185  3185 W Resources: Preloaded color resource #0x10600ea (android:color/material_grey_800) that varies with configuration!!
09-26 03:10:43.359  3185  3185 W Resources: Preloaded drawable resource #0x10802c9 (android:drawable/floating_popup_background_dark) that varies with configuration!!
09-26 03:10:43.359  3186  3186 I art     : VMRuntime.preloadDexCaches strings total=288450 before=37245 after=37245
09-26 03:10:43.359  3186  3186 I art     : VMRuntime.preloadDexCaches types total=23810 before=7912 after=7943
09-26 03:10:43.359  3186  3186 I art     : VMRuntime.preloadDexCaches fields total=113943 before=41389 after=41620
09-26 03:10:43.359  3186  3186 I art     : VMRuntime.preloadDexCaches methods total=199718 before=82844 after=83439
09-26 03:10:43.359  3186  3186 I art     : VMRuntime.preloadDexCaches finished
09-26 03:10:43.360  3186  3186 I Zygote  : Preloading resources...
09-26 03:10:43.384  3186  3186 W Resources: Preloaded drawable resource #0x108025c (android:drawable/dialog_background_material) that varies with configuration!!
09-26 03:10:43.387  3186  3186 W Resources: Preloaded color resource #0x10600ea (android:color/material_grey_800) that varies with configuration!!
09-26 03:10:43.387  3186  3186 W Resources: Preloaded drawable resource #0x10802c9 (android:drawable/floating_popup_background_dark) that varies with configuration!!
09-26 03:10:43.438  3185  3185 I Zygote  : ...preloaded 114 resources in 103ms.
09-26 03:10:43.441  3185  3185 W Resources: Preloaded color resource #0x1060114 (android:color/background_cache_hint_selector_material_dark) that varies with configuration!!
09-26 03:10:43.441  3185  3185 W Resources: Preloaded color resource #0x1060119 (android:color/btn_default_material_dark) that varies with configuration!!
09-26 03:10:43.441  3185  3185 I Zygote  : ...preloaded 41 resources in 3ms.
09-26 03:10:43.442  3185  3185 I Zygote  : ...preloaded 2 resource in 1ms.
09-26 03:10:43.451  3185  3185 D libEGL  : loaded /vendor/lib64/egl/libGLES_mali.so
09-26 03:10:43.459  3186  3186 I Zygote  : ...preloaded 114 resources in 99ms.
09-26 03:10:43.461  3185  3185 I Zygote  : Preloading shared libraries...
09-26 03:10:43.462  3186  3186 W Resources: Preloaded color resource #0x1060114 (android:color/background_cache_hint_selector_material_dark) that varies with configuration!!
09-26 03:10:43.462  3186  3186 W Resources: Preloaded color resource #0x1060119 (android:color/btn_default_material_dark) that varies with configuration!!
09-26 03:10:43.462  3186  3186 I Zygote  : ...preloaded 41 resources in 3ms.
09-26 03:10:43.463  3186  3186 I Zygote  : ...preloaded 2 resource in 1ms.
09-26 03:10:43.468  3185  3185 I Zygote  : Uninstalled ICU cache reference pinning...
09-26 03:10:43.469  3185  3185 I Zygote  : Installed AndroidKeyStoreProvider in 1ms.
09-26 03:10:43.474  3185  3185 I Zygote  : Warmed up JCA providers in 5ms.
09-26 03:10:43.474  3185  3185 D Zygote  : end preload
09-26 03:10:43.474  3185  3185 I art     : Starting a blocking GC Explicit
09-26 03:10:43.480  3185  3185 I art     : Explicit concurrent mark sweep GC freed 7329(409KB) AllocSpace objects, 0(0B) LOS objects, 40% free, 8MB/13MB, paused 63us total 6.332ms
09-26 03:10:43.481  3185  3185 I art     : Starting a blocking GC Explicit
09-26 03:10:43.487  3185  3185 I art     : Explicit concurrent mark sweep GC freed 1581(56KB) AllocSpace objects, 0(0B) LOS objects, 40% free, 7MB/13MB, paused 55us total 5.753ms
09-26 03:10:43.507  3185  3658 I art     : Starting a blocking GC HeapTrim
09-26 03:10:43.508  3185  3185 I art     : Starting a blocking GC Background
09-26 03:10:43.510  3186  3186 D libEGL  : loaded /vendor/lib/egl/libGLES_mali.so
09-26 03:10:43.524  3186  3186 I Zygote  : Preloading shared libraries...
09-26 03:10:43.530  3185  3185 I Zygote  : System server process 3661 has been created
09-26 03:10:43.530  3186  3186 I Zygote  : Uninstalled ICU cache reference pinning...
09-26 03:10:43.531  3185  3185 I Zygote  : Accepting command socket connections
09-26 03:10:43.531  3186  3186 I Zygote  : Installed AndroidKeyStoreProvider in 1ms.
09-26 03:10:43.536  3186  3186 I Zygote  : Warmed up JCA providers in 5ms.
09-26 03:10:43.536  3186  3186 D Zygote  : end preload
09-26 03:10:43.536  3186  3186 I art     : Starting a blocking GC Explicit
09-26 03:10:43.544  3186  3186 I art     : Explicit concurrent mark sweep GC freed 7466(415KB) AllocSpace objects, 0(0B) LOS objects, 40% free, 8MB/13MB, paused 89us total 7.075ms
09-26 03:10:43.544  3186  3186 I art     : Starting a blocking GC Explicit
09-26 03:10:43.550  3186  3186 I art     : Explicit concurrent mark sweep GC freed 1549(55KB) AllocSpace objects, 0(0B) LOS objects, 40% free, 7MB/13MB, paused 85us total 6.032ms
09-26 03:10:43.571  3186  3186 I Zygote  : Accepting command socket connections
09-26 03:10:43.575  3661  3661 I Zygote  : Process: zygote socket opened, supported ABIS: armeabi-v7a,armeabi
09-26 03:10:43.576  3661  3661 I InstallerConnection: connecting...
09-26 03:10:43.576  3190  3190 I         : new connection
09-26 03:10:43.593  3672  3672 I dex2oat : /system/bin/dex2oat --compiler-filter=speed
09-26 03:10:43.894  3672  3672 I dex2oat : dex2oat took 301.581ms (threads: 8) arena alloc=2MB (2157584B) java alloc=761KB (779760B) native alloc=2MB (3099584B) free=4MB (4764736B)
09-26 03:10:43.915  3682  3682 I dex2oat : /system/bin/dex2oat --compiler-filter=speed
09-26 03:10:44.004  3682  3682 I dex2oat : dex2oat took 89.648ms (threads: 8) arena alloc=849KB (869552B) java alloc=113KB (115840B) native alloc=1225KB (1254744B) free=3MB (3988136B)
09-26 03:10:44.023  3691  3691 I dex2oat : /system/bin/dex2oat --compiler-filter=speed
09-26 03:10:45.861  3691  3698 W dex2oat : Compilation of void com.android.server.am.ActivityManagerService.dumpApplicationMemoryUsage(java.io.FileDescriptor, java.io.PrintWriter, java.lang.String, java.lang.String[], boolean, java.io.PrintWriter) took 176.225ms
09-26 03:10:46.041  3691  3698 W dex2oat : Compilation of void com.android.server.am.ActivityManagerService.dumpProcessesLocked(java.io.FileDescriptor, java.io.PrintWriter, java.lang.String[], int, boolean, java.lang.String) took 110.124ms
09-26 03:10:46.679  3691  3695 W dex2oat : Compilation of android.content.pm.PackageParser$Package com.android.server.pm.PackageManagerService.scanPackageDirtyLI(android.content.pm.PackageParser$Package, int, int, long, android.os.UserHandle) took 106.904ms
09-26 03:10:46.917  3691  3695 W dex2oat : Compilation of void com.android.server.pm.PackageManagerService.dump(java.io.FileDescriptor, java.io.PrintWriter, java.lang.String[]) took 128.943ms
09-26 03:10:47.466  3691  3691 I dex2oat : dex2oat took 3.442s (threads: 8) arena alloc=12MB (13554960B) java alloc=3MB (3871368B) native alloc=32MB (34091072B) free=17MB (18075584B)
09-26 03:10:47.491  3702  3702 I dex2oat : /system/bin/dex2oat --compiler-filter=speed
09-26 03:10:47.774  3702  3702 I dex2oat : dex2oat took 283.846ms (threads: 8) arena alloc=1289KB (1320280B) java alloc=166KB (170424B) native alloc=1494KB (1530456B) free=4MB (4498856B)
09-26 03:10:47.794  3711  3711 I dex2oat : /system/bin/dex2oat --compiler-filter=speed
09-26 03:10:48.504  3711  3711 I dex2oat : dex2oat took 710.560ms (threads: 8) arena alloc=10MB (10788352B) java alloc=711KB (729080B) native alloc=5MB (5741224B) free=15MB (16016728B)
09-26 03:10:48.509  3661  3661 I InstallerConnection: disconnecting...
09-26 03:10:48.510  3190  3190 E         : eof
09-26 03:10:48.510  3190  3190 E         : failed to read size
09-26 03:10:48.510  3190  3190 I         : closing connection
09-26 03:10:48.513  3661  3661 W art     : Found duplicate classes, falling back to interpreter mode for /system/framework/wifi-service.jar
09-26 03:10:48.513  3661  3661 W art     : Found duplicated class when checking oat files: 'Lcom/google/protobuf/nano/MessageNano;' in /system/framework/services.jar and /system/framework/wifi-service.jar
09-26 03:10:48.538  3661  3661 I SystemServer: Entered the Android system server!
09-26 03:10:48.558  3661  3661 I SystemServiceManager: Starting com.android.server.pm.Installer
09-26 03:10:48.559  3661  3661 I Installer: Waiting for installd to be ready.
09-26 03:10:48.559  3661  3661 I InstallerConnection: connecting...
09-26 03:10:48.559  3190  3190 I         : new connection
09-26 03:10:48.559  3661  3661 I SystemServiceManager: Starting com.android.server.am.ActivityManagerService$Lifecycle
09-26 03:10:48.565  3661  3661 I ActivityManager: Memory class: 256
09-26 03:10:48.566  3661  3723 I ServiceThread: Enabled StrictMode logging for ActivityManager looper.
09-26 03:10:48.566  3661  3724 I ServiceThread: Enabled StrictMode logging for android.ui looper.
09-26 03:10:48.571  3661  3661 D BatteryStatsImpl: Reading daily items from /data/system/batterystats-daily.xml
09-26 03:10:48.593  3661  3661 I AppOps  : No existing app ops /data/system/appops.xml; starting empty
09-26 03:10:48.626  3661  3661 I IntentFirewall: Read new rules (A:0 B:0 S:0)
09-26 03:10:48.629  3661  3730 I ServiceThread: Enabled StrictMode logging for android.display looper.
09-26 03:10:48.631  3661  3661 D AppOps  : AppOpsService published
09-26 03:10:48.631  3661  3661 I SystemServiceManager: Starting com.android.server.power.PowerManagerService
09-26 03:10:48.632  3661  3732 I ServiceThread: Enabled StrictMode logging for PowerManagerService looper.
09-26 03:10:48.635  3661  3661 I SamsungPowerHAL: Initialized settings:
09-26 03:10:48.635  3661  3661 I SamsungPowerHAL: max_freqs: cluster[0]: 1690000, cluster[1]: 2314000
09-26 03:10:48.635  3661  3661 I SamsungPowerHAL: hispeed_freqs: cluster[0]: 1690000, cluster[1]: 2496000
09-26 03:10:48.635  3661  3661 I SamsungPowerHAL: boostpulse_fd: 62
09-26 03:10:48.635  3661  3661 I SamsungPowerHAL: touchscreen_power_path: /sys/class/input/input0/enabled
09-26 03:10:48.635  3661  3661 I SamsungPowerHAL: touchkey_power_path: NULL
09-26 03:10:48.635  3661  3661 W libsuspend: Error writing 'on' to /sys/power/state: Invalid argument
09-26 03:10:48.635  3661  3661 I libsuspend: Selected wakeup count
09-26 03:10:48.637  3661  3661 I SystemServiceManager: Starting com.android.server.lights.LightsService
09-26 03:10:48.639  3661  3661 I SystemServiceManager: Starting com.android.server.display.DisplayManagerService
09-26 03:10:48.640  3661  3661 I SystemServiceManager: Starting phase 100
09-26 03:10:48.641  3661  3730 W LocalDisplayAdapter: Unable to get active color mode for display device 0
09-26 03:10:48.641  3661  3730 E LocalDisplayAdapter: Default and active color mode is no longer available! Reverting to first available mode.
09-26 03:10:48.642  3165  3700 E SurfaceFlinger: getDefaultDisplay: id=2 is not a valid default display id
09-26 03:10:48.642  3661  3730 I DisplayManagerService: Display device added: DisplayDeviceInfo{"Built-in Screen": uniqueId="local:0", 1440 x 2960, modeId 1, defaultModeId 1, supportedModes [{id=1, width=1440, height=2960, fps=60.000004}], colorMode -22, supportedColorModes [-22], HdrCapabilities android.view.Display$HdrCapabilities@a69d6308, density 560, 522.514 x 525.762 dpi, appVsyncOff 1000000, presDeadline 16666666, touch INTERNAL, rotation 0, type BUILT_IN, state UNKNOWN, FLAG_DEFAULT_DISPLAY, FLAG_ROTATES_WITH_CONTENT, FLAG_SECURE, FLAG_SUPPORTS_PROTECTED_BUFFERS}
09-26 03:10:48.642  3165  3165 D SurfaceFlinger: Set power mode=2, type=0 flinger=0x7f82a48000
09-26 03:10:48.642  3165  3165 D SurfaceFlinger: Screen type=0 is already mode=2
09-26 03:10:48.651  3661  3730 I DisplayManagerService: Display device changed state: "Built-in Screen", ON
09-26 03:10:48.651  3661  3661 I SystemServer: StartPackageManagerService
09-26 03:10:48.656  3661  3661 W FileUtils: Failed to chmod(/data/system/packages.list): android.system.ErrnoException: chmod failed: ENOENT (No such file or directory)
09-26 03:10:48.704  3661  3661 D SELinuxMMAC: Using policy file /system/etc/security/mac_permissions.xml
09-26 03:10:48.705  3661  3661 I PackageManager: No settings file; creating initial state
09-26 03:10:48.723  3737  3737 I dex2oat : /system/bin/dex2oat --compiler-filter=speed
09-26 03:10:49.012  3737  3737 I dex2oat : dex2oat took 289.734ms (threads: 8) arena alloc=2MB (2568304B) java alloc=682KB (698592B) native alloc=2MB (2587488B) free=5MB (5276832B)
09-26 03:10:49.033  3746  3746 I dex2oat : /system/bin/dex2oat --compiler-filter=speed
09-26 03:10:49.108  3746  3746 I dex2oat : dex2oat took 75.424ms (threads: 8) arena alloc=383KB (392440B) java alloc=278KB (284712B) native alloc=1285KB (1315920B) free=2MB (2878384B)
09-26 03:10:49.126  3755  3755 I dex2oat : /system/bin/dex2oat --compiler-filter=speed
09-26 03:10:49.194  3755  3755 I dex2oat : dex2oat took 67.516ms (threads: 8) arena alloc=247KB (253104B) java alloc=51KB (53128B) native alloc=1109KB (1136008B) free=1450KB (1485432B)
09-26 03:10:49.212  3764  3764 I dex2oat : /system/bin/dex2oat --compiler-filter=speed
09-26 03:10:49.334  3764  3764 I dex2oat : dex2oat took 122.236ms (threads: 8) arena alloc=2MB (2792736B) java alloc=150KB (154376B) native alloc=1238KB (1268072B) free=5MB (6071960B)
09-26 03:10:49.352  3773  3773 I dex2oat : /system/bin/dex2oat --compiler-filter=speed
09-26 03:10:49.425  3773  3773 I dex2oat : dex2oat took 73.035ms (threads: 8) arena alloc=778KB (797072B) java alloc=83KB (85040B) native alloc=984KB (1007976B) free=4MB (4234904B)
09-26 03:10:49.443  3782  3782 I dex2oat : /system/bin/dex2oat --compiler-filter=speed
09-26 03:10:49.586  3782  3782 I dex2oat : dex2oat took 142.829ms (threads: 8) arena alloc=1577KB (1615048B) java alloc=333KB (341640B) native alloc=1185KB (1213896B) free=4MB (4553272B)
09-26 03:10:49.589  3661  3661 E art     : DexFile_getDexOptNeeded file '/system/framework/org.apache.http.legacy.jar' does not exist
09-26 03:10:49.589  3661  3661 W PackageManager: Library not found: /system/framework/org.apache.http.legacy.jar
09-26 03:10:49.605  3792  3792 I dex2oat : /system/bin/dex2oat --compiler-filter=speed
09-26 03:10:49.678  3792  3792 I dex2oat : dex2oat took 73.132ms (threads: 8) arena alloc=456KB (467576B) java alloc=97KB (99640B) native alloc=1166KB (1194896B) free=3MB (3523696B)
09-26 03:10:49.696  3801  3801 I dex2oat : /system/bin/dex2oat --compiler-filter=speed
09-26 03:10:49.763  3801  3801 I dex2oat : dex2oat took 67.274ms (threads: 8) arena alloc=300KB (308168B) java alloc=88KB (90768B) native alloc=1091KB (1117512B) free=1980KB (2028216B)
09-26 03:10:49.781  3810  3810 I dex2oat : /system/bin/dex2oat --compiler-filter=speed
09-26 03:10:49.804  3810  3810 I dex2oat : dex2oat took 23.114ms (threads: 8) arena alloc=84KB (86488B) java alloc=59KB (61128B) native alloc=1045KB (1070792B) free=2026KB (2074936B)
09-26 03:10:49.821  3819  3819 I dex2oat : /system/bin/dex2oat --compiler-filter=speed
09-26 03:10:49.857  3819  3819 I dex2oat : dex2oat took 36.078ms (threads: 8) arena alloc=614KB (629408B) java alloc=219KB (224704B) native alloc=1302KB (1334120B) free=3MB (3384472B)
09-26 03:10:49.876  3828  3828 I dex2oat : /system/bin/dex2oat --compiler-filter=speed
09-26 03:10:49.901  3828  3828 I dex2oat : dex2oat took 26.092ms (threads: 8) arena alloc=253KB (259560B) java alloc=37KB (38472B) native alloc=1108KB (1135088B) free=1963KB (2010640B)
09-26 03:10:49.919  3837  3837 I dex2oat : /system/bin/dex2oat --compiler-filter=speed
09-26 03:10:49.986  3837  3837 I dex2oat : dex2oat took 67.215ms (threads: 8) arena alloc=3MB (3589384B) java alloc=134KB (138072B) native alloc=1346KB (1378928B) free=6MB (6485392B)
09-26 03:10:50.005  3846  3846 I dex2oat : /system/bin/dex2oat --compiler-filter=speed
09-26 03:10:50.097  3846  3846 I dex2oat : dex2oat took 92.409ms (threads: 8) arena alloc=1792KB (1835448B) java alloc=368KB (376928B) native alloc=1151KB (1178800B) free=4MB (5112656B)
09-26 03:10:50.100  3661  3661 E art     : DexFile_getDexOptNeeded file '/system/framework/org.apache.http.legacy.jar' does not exist
09-26 03:10:50.100  3661  3661 W PackageManager: Library not found: /system/framework/org.apache.http.legacy.jar
09-26 03:10:50.115  3855  3855 I dex2oat : /system/bin/dex2oat --compiler-filter=speed
09-26 03:10:50.145  3855  3855 I dex2oat : dex2oat took 30.064ms (threads: 8) arena alloc=567KB (580936B) java alloc=77KB (79424B) native alloc=1153KB (1181328B) free=2MB (3012976B)
09-26 03:10:50.163  3864  3864 I dex2oat : /system/bin/dex2oat --compiler-filter=speed
09-26 03:10:50.192  3864  3864 I dex2oat : dex2oat took 29.080ms (threads: 8) arena alloc=322KB (330160B) java alloc=83KB (85608B) native alloc=1082KB (1108384B) free=2MB (2561632B)
09-26 03:10:50.210  3873  3873 I dex2oat : /system/bin/dex2oat --compiler-filter=speed
09-26 03:10:50.236  3873  3873 I dex2oat : dex2oat took 25.798ms (threads: 8) arena alloc=102KB (105336B) java alloc=59KB (61384B) native alloc=1044KB (1069840B) free=2027KB (2075888B)
09-26 03:10:50.238  3661  3661 D PackageManager: No files in app dir /vendor/overlay
09-26 03:10:50.238  3661  3661 D PackageManager: start scanDirLI:/system/framework
09-26 03:10:50.238  3661  3661 D PackageManager: max thread:6
09-26 03:10:50.246  3661  3883 I PackageManager: /system/framework/org.cyanogenmod.platform-res.apk changed; collecting certs
09-26 03:10:50.251  3661  3883 W PackageManager: Permission cyanogenmod.permission.WRITE_ALARMS from package cyanogenmod.platform in an unknown group android.permission-group.SYSTEM_CLOCK
09-26 03:10:50.251  3661  3883 W PackageManager: Permission cyanogenmod.permission.MANAGE_ALARMS from package cyanogenmod.platform in an unknown group android.permission-group.SYSTEM_CLOCK
09-26 03:10:50.251  3661  3883 W PackageManager: Permission cyanogenmod.permission.READ_ALARMS from package cyanogenmod.platform in an unknown group android.permission-group.SYSTEM_CLOCK
09-26 03:10:50.252  3661  3882 I PackageManager: /system/framework/framework-res.apk changed; collecting certs
09-26 03:10:50.308  3661  3661 D PackageManager: end scanDirLI:/system/framework
09-26 03:10:50.309  3661  3661 D PackageManager: start scanDirLI:/system/priv-app
09-26 03:10:50.309  3661  3661 D PackageManager: max thread:6
09-26 03:10:50.322  3661  3887 I PackageManager: /system/priv-app/CMAudioService changed; collecting certs
09-26 03:10:50.322  3661  3886 I PackageManager: /system/priv-app/BlockedNumberProvider changed; collecting certs
09-26 03:10:50.322  3661  3882 I PackageManager: /system/priv-app/CMSettingsProvider changed; collecting certs
09-26 03:10:50.323  3661  3884 I PackageManager: /system/priv-app/AudioFX changed; collecting certs
09-26 03:10:50.326  3661  3886 I PackageManager: New shared user android.uid.shared: id=10001
09-26 03:10:50.326  3661  3885 I PackageManager: /system/priv-app/BackupRestoreConfirmation changed; collecting certs
09-26 03:10:50.330  3661  3887 I PackageManager: /system/priv-app/CarrierConfig changed; collecting certs
09-26 03:10:50.331  3661  3886 I PackageManager: /system/priv-app/CallLogBackup changed; collecting certs
09-26 03:10:50.333  3661  3883 I PackageManager: /system/priv-app/CMParts changed; collecting certs
09-26 03:10:50.335  3661  3882 I PackageManager: /system/priv-app/CalendarProvider changed; collecting certs
09-26 03:10:50.338  3661  3882 I PackageManager: New shared user android.uid.calendar: id=10005
09-26 03:10:50.340  3661  3884 I PackageManager: /system/priv-app/CellBroadcastReceiver changed; collecting certs
09-26 03:10:50.341  3661  3886 I PackageManager: /system/priv-app/ContactsProvider changed; collecting certs
09-26 03:10:50.343  3661  3887 I PackageManager: /system/priv-app/CtsShimPrivPrebuilt changed; collecting certs
09-26 03:10:50.344  3661  3882 I PackageManager: /system/priv-app/DefaultContainerService changed; collecting certs
09-26 03:10:50.352  3661  3885 W PackageParser: No actions in intent filter at /system/priv-app/Contacts/Contacts.apk Binary XML file line #431
09-26 03:10:50.353  3661  3885 I PackageManager: /system/priv-app/Contacts changed; collecting certs
09-26 03:10:50.359  3661  3882 I PackageManager: /system/priv-app/DocumentsUI changed; collecting certs
09-26 03:10:50.361  3661  3887 I PackageManager: /system/priv-app/DownloadProvider changed; collecting certs
09-26 03:10:50.363  3661  3883 I PackageManager: /system/priv-app/Eleven changed; collecting certs
09-26 03:10:50.367  3661  3887 I PackageManager: New shared user android.media: id=10009
09-26 03:10:50.368  3661  3887 W PackageManager: Permission android.permission.DOWNLOAD_WITHOUT_NOTIFICATION from package com.android.providers.downloads in an unknown group android.permission-group.NETWORK
09-26 03:10:50.371  3661  3884 I PackageManager: /system/priv-app/EmergencyInfo changed; collecting certs
09-26 03:10:50.375  3661  3887 I PackageManager: /system/priv-app/ExtServices changed; collecting certs
09-26 03:10:50.380  3661  3882 I PackageManager: /system/priv-app/ExternalStorageProvider changed; collecting certs
09-26 03:10:50.382  3661  3886 W PackageParser: No actions in intent filter at /system/priv-app/Dialer/Dialer.apk Binary XML file line #207
09-26 03:10:50.383  3661  3886 I PackageManager: /system/priv-app/Dialer changed; collecting certs
09-26 03:10:50.384  3661  3884 I PackageManager: New shared user com.android.emergency.uid: id=10014
09-26 03:10:50.386  3661  3887 I PackageManager: /system/priv-app/FusedLocation changed; collecting certs
09-26 03:10:50.394  3661  3885 I PackageManager: /system/priv-app/InputDevices changed; collecting certs
09-26 03:10:50.398  3661  3887 I PackageManager: /system/priv-app/MediaProvider changed; collecting certs
09-26 03:10:50.402  3661  3885 I PackageManager: /system/priv-app/MmsService changed; collecting certs
09-26 03:10:50.402  3661  3884 I PackageManager: /system/priv-app/LineageSetupWizard changed; collecting certs
09-26 03:10:50.404  3661  3882 I PackageManager: /system/priv-app/Gallery2 changed; collecting certs
09-26 03:10:50.404  3661  3883 I PackageManager: /system/priv-app/ManagedProvisioning changed; collecting certs
09-26 03:10:50.408  3661  3885 I PackageManager: /system/priv-app/OneTimeInitializer changed; collecting certs
09-26 03:10:50.409  3661  3887 I PackageManager: /system/priv-app/MtpDocumentsProvider changed; collecting certs
09-26 03:10:50.417  3661  3885 I PackageManager: /system/priv-app/ProxyHandler changed; collecting certs
09-26 03:10:50.425  3661  3884 I PackageManager: /system/priv-app/SettingsProvider changed; collecting certs
09-26 03:10:50.425  3661  3885 I PackageManager: /system/priv-app/SharedStorageBackup changed; collecting certs
09-26 03:10:50.426  3661  3887 I PackageManager: /system/priv-app/Recorder changed; collecting certs
09-26 03:10:50.431  3661  3883 I PackageManager: /system/priv-app/PackageInstaller changed; collecting certs
09-26 03:10:50.432  3661  3884 I PackageManager: /system/priv-app/StatementService changed; collecting certs
09-26 03:10:50.436  3661  3885 W PackageParser: Ignoring duplicate uses-permissions/uses-permissions-sdk-m: android.permission.INSTALL_GRANT_RUNTIME_PERMISSIONS in package: com.android.shell at: Binary XML file line #102
09-26 03:10:50.437  3661  3885 I PackageManager: /system/priv-app/Shell changed; collecting certs
09-26 03:10:50.445  3661  3882 I PackageManager: /system/priv-app/Tag changed; collecting certs
09-26 03:10:50.447  3661  3887 I PackageManager: /system/priv-app/StorageManager changed; collecting certs
09-26 03:10:50.455  3661  3882 I PackageManager: /system/priv-app/TelephonyProvider changed; collecting certs
09-26 03:10:50.465  3661  3883 I PackageManager: /system/priv-app/Telecom changed; collecting certs
09-26 03:10:50.465  3661  3884 W PackageParser: Ignoring duplicate uses-permissions/uses-permissions-sdk-m: android.permission.CONFIGURE_WIFI_DISPLAY in package: com.android.systemui at: Binary XML file line #117
09-26 03:10:50.469  3661  3884 I PackageManager: /system/priv-app/SystemUI changed; collecting certs
09-26 03:10:50.470  3661  3882 I PackageManager: /system/priv-app/Trebuchet changed; collecting certs
09-26 03:10:50.475  3661  3887 I PackageManager: /system/priv-app/Updater changed; collecting certs
09-26 03:10:50.479  3661  3882 W PackageManager: Permission com.android.launcher.permission.INSTALL_SHORTCUT from package com.cyanogenmod.trebuchet in an unknown group android.permission-group.SYSTEM_TOOLS
09-26 03:10:50.479  3661  3882 W PackageManager: Permission com.android.launcher3.permission.READ_SETTINGS from package com.cyanogenmod.trebuchet in an unknown group android.permission-group.SYSTEM_TOOLS
09-26 03:10:50.479  3661  3882 W PackageManager: Permission com.android.launcher3.permission.WRITE_SETTINGS from package com.cyanogenmod.trebuchet in an unknown group android.permission-group.SYSTEM_TOOLS
09-26 03:10:50.483  3661  3883 I PackageManager: /system/priv-app/VpnDialogs changed; collecting certs
09-26 03:10:50.484  3661  3882 I PackageManager: /system/priv-app/WallpaperCropper changed; collecting certs
09-26 03:10:50.486  3661  3885 I PackageManager: /system/priv-app/TeleService changed; collecting certs
09-26 03:10:50.490  3661  3887 I PackageManager: /system/priv-app/WeatherManagerService changed; collecting certs
09-26 03:10:50.491  3661  3883 I PackageManager: /system/priv-app/WeatherProvider changed; collecting certs
09-26 03:10:50.508  3661  3884 I PackageManager: New shared user android.uid.systemui: id=10033
09-26 03:10:50.514  3661  3886 W PackageParser: Ignoring duplicate uses-permissions/uses-permissions-sdk-m: android.permission.USE_CREDENTIALS in package: com.android.settings at: Binary XML file line #56
09-26 03:10:50.514  3661  3886 W PackageParser: Ignoring duplicate uses-permissions/uses-permissions-sdk-m: android.permission.READ_SYNC_SETTINGS in package: com.android.settings at: Binary XML file line #61
09-26 03:10:50.514  3661  3886 W PackageParser: Ignoring duplicate uses-permissions/uses-permissions-sdk-m: android.permission.WRITE_SYNC_SETTINGS in package: com.android.settings at: Binary XML file line #62
09-26 03:10:50.526  3661  3886 I PackageManager: /system/priv-app/Settings changed; collecting certs
09-26 03:10:50.598  3661  3661 D PackageManager: end scanDirLI:/system/priv-app
09-26 03:10:50.598  3661  3661 D PackageManager: start scanDirLI:/system/app
09-26 03:10:50.598  3661  3661 D PackageManager: max thread:6
09-26 03:10:50.604  3661  3885 I PackageManager: /system/app/BookmarkProvider changed; collecting certs
09-26 03:10:50.604  3661  3884 I PackageManager: /system/app/BluetoothMidiService changed; collecting certs
09-26 03:10:50.605  3661  3887 I PackageManager: /system/app/BasicDreams changed; collecting certs
09-26 03:10:50.606  3661  3883 W PackageParser: No actions in intent filter at /system/app/Bluetooth/Bluetooth.apk Binary XML file line #226
09-26 03:10:50.607  3661  3883 I PackageManager: /system/app/Bluetooth changed; collecting certs
09-26 03:10:50.609  3661  3882 I PackageManager: /system/app/AdvancedDisplay changed; collecting certs
09-26 03:10:50.611  3183  3183 D wrapperGPS: wrapperisConnected_RILD
09-26 03:10:50.611  3183  3183 D wrapperGPS: wrapperConnect_RILD
09-26 03:10:50.611  3183  3183 D gpsd    : WakeLock(Release,GPSD)
09-26 03:10:50.614  3661  3884 I PackageManager: /system/app/CaptivePortalLogin changed; collecting certs
09-26 03:10:50.615  3661  3886 I PackageManager: /system/app/Calendar changed; collecting certs
09-26 03:10:50.623  3661  3884 I PackageManager: /system/app/CtsShimPrebuilt changed; collecting certs
09-26 03:10:50.624  3661  3887 I PackageManager: /system/app/CertInstaller changed; collecting certs
09-26 03:10:50.625  3661  3884 W PackageManager: Non-privileged app; cap priority to 0; package: com.android.cts.ctsshim activity: com.android.cts.ctsshim.InstallPriority origPrio: 100
09-26 03:10:50.625  3661  3884 W PackageManager: Non-privileged app; cap priority to 0; package: com.android.cts.ctsshim activity: com.android.cts.ctsshim.InstallPriority origPrio: 100
09-26 03:10:50.625  3661  3884 W PackageManager: Non-privileged app; cap priority to 0; package: com.android.cts.ctsshim activity: com.android.cts.ctsshim.InstallPriority origPrio: 100
09-26 03:10:50.625  3661  3884 W PackageManager: Non-privileged app; cap priority to 0; package: com.android.cts.ctsshim activity: com.android.cts.ctsshim.InstallPriority origPrio: 100
09-26 03:10:50.625  3661  3884 W PackageManager: Non-privileged app; cap priority to 0; package: com.android.cts.ctsshim activity: com.android.cts.ctsshim.InstallPriority origPrio: 100
09-26 03:10:50.625  3661  3885 I PackageManager: /system/app/Camera2 changed; collecting certs
09-26 03:10:50.628  3661  3886 W PackageManager: Non-privileged app; cap priority to 0; package: com.android.calendar activity: com.android.calendar.GoogleCalendarUriIntentFilter origPrio: 50
09-26 03:10:50.635  3661  3886 I PackageManager: /system/app/EasterEgg changed; collecting certs
09-26 03:10:50.635  3661  3882 I PackageManager: /system/app/Development changed; collecting certs
09-26 03:10:50.636  3661  3884 I PackageManager: /system/app/DownloadProviderUi changed; collecting certs
09-26 03:10:50.639  3661  3883 W PackageParser: Ignoring duplicate uses-permissions/uses-permissions-sdk-m: android.permission.WRITE_SETTINGS in package: com.android.deskclock at: Binary XML file line #45
09-26 03:10:50.644  3661  3883 I PackageManager: /system/app/DeskClock changed; collecting certs
09-26 03:10:50.644  3661  3886 I PackageManager: /system/app/ExtShared changed; collecting certs
09-26 03:10:50.646  3661  3882 I PackageManager: /system/app/ExactCalculator changed; collecting certs
09-26 03:10:50.648  3661  3884 I PackageManager: /system/app/Exchange2 changed; collecting certs
09-26 03:10:50.653  3661  3886 I PackageManager: /system/app/HTMLViewer changed; collecting certs
09-26 03:10:50.655  3661  3882 I PackageManager: /system/app/KeyChain changed; collecting certs
09-26 03:10:50.660  3661  3887 I PackageManager: /system/app/Email changed; collecting certs
09-26 03:10:50.663  3661  3885 I PackageManager: /system/app/Jelly changed; collecting certs
09-26 03:10:50.665  3661  3882 I PackageManager: /system/app/LockClock changed; collecting certs
09-26 03:10:50.666  3661  3886 I PackageManager: /system/app/LiveWallpapersPicker changed; collecting certs
09-26 03:10:50.670  3661  3883 W PackageParser: Ignoring duplicate uses-permissions/uses-permissions-sdk-m: android.permission.CHANGE_WIFI_STATE in package: com.android.nfc at: Binary XML file line #47
09-26 03:10:50.670  3661  3883 W PackageParser: Ignoring duplicate uses-permissions/uses-permissions-sdk-m: android.permission.ACCESS_WIFI_STATE in package: com.android.nfc at: Binary XML file line #48
09-26 03:10:50.673  3661  3883 I PackageManager: /system/app/NfcNci changed; collecting certs
09-26 03:10:50.675  3661  3885 I PackageManager: /system/app/PacProcessor changed; collecting certs
09-26 03:10:50.679  3661  3886 I PackageManager: /system/app/PhotoTable changed; collecting certs
09-26 03:10:50.685  3661  3883 I PackageManager: /system/app/PrintRecommendationService changed; collecting certs
09-26 03:10:50.686  3661  3885 I PackageManager: /system/app/PicoTts changed; collecting certs
