09-25 20:54:28.814  4959  4959 D MccTable: updateMccMncConfiguration defaultMccMnc=72234
09-25 20:54:28.814  4959  4959 D MccTable: updateMccMncConfiguration: mcc=722, mnc=34
09-25 20:54:28.814  4959  4959 D MccTable: WIFI_COUNTRY_CODE set to ar
09-25 20:54:28.822  3653  3713 I WifiService: WifiService trying to set country code to ar with persist set to false
09-25 20:54:28.837  3179  3179 D gpsd    : WakeLock(Acquire,GPSD)
09-25 20:54:28.837  3179  3179 D gpsd    : WakeLock(Release,GPSD)
09-25 20:54:28.837  3179  3179 D gpsd    : WakeLock(Acquire,GPSD)
09-25 20:54:28.838  3179  3179 D gpsd    : WakeLock(Release,GPSD)
09-25 20:54:28.838  3653  3714 D GnssLocationProvider: GPS configuration:
09-25 20:54:28.838  3653  3714 D GnssLocationProvider:  #Mon Sep 25 20:54:28 GMT-03:00 2017
09-25 20:54:28.838  3653  3714 D GnssLocationProvider: SUPL_VER=0x20000
09-25 20:54:28.838  3653  3714 D GnssLocationProvider: SUPL_PORT=7275
09-25 20:54:28.838  3653  3714 D GnssLocationProvider: XTRA_SERVER_2=http\://gllto2.glpals.com/4day/v4/latest/lto2.dat
09-25 20:54:28.838  3653  3714 D GnssLocationProvider: XTRA_SERVER_1=http\://gllto1.glpals.com/4day/v4/latest/lto2.dat
09-25 20:54:28.838  3653  3714 D GnssLocationProvider: SUPL_HOST=supl.google.com
09-25 20:54:28.838  3653  3714 D GnssLocationProvider: SUPL_MODE=1
09-25 20:54:28.838  3653  3714 D GnssLocationProvider: NTP_SERVER=north-america.pool.ntp.org
09-25 20:54:28.838  3179  3179 D gpsd    : WakeLock(Acquire,GPSD)
09-25 20:54:28.838  3179  3179 D gpsd    : WakeLock(Release,GPSD)
09-25 20:54:28.838  3653  3714 I GnssLocationProvider: WakeLock released by handleMessage(12, 0, null)
09-25 20:54:29.040  5075  5075 I wpa_supplicant: wlan0: CTRL-EVENT-REGDOM-CHANGE init=USER type=COUNTRY alpha2=AR
09-25 20:54:29.043  3653  3713 D WifiCountryCode: Succeeded to set country code to: AR
09-25 20:54:29.052  3653  4820 D AlarmManagerService: Kernel timezone updated to 180 minutes west of GMT
09-25 20:54:29.056  3653  3712 D AlarmManagerService: Kernel timezone updated to 180 minutes west of GMT
09-25 20:54:29.084  5303  5303 D CellBroadcastReceiver: onReceive Intent { act=android.intent.action.SERVICE_STATE flg=0x10 cmp=com.android.cellbroadcastreceiver/.CellBroadcastReceiver (has extras) }
09-25 20:54:29.084  5303  5303 D CellBroadcastReceiver: Intent: android.intent.action.SERVICE_STATE
09-25 20:54:29.086  5303  5303 D CellBroadcastReceiver: Service state changed! 0 Full: 0 1 voice home data home PERSONAL AR TP 72234 PERSONAL AR TP 72234  UMTS Unknown CSS not supported -1 -1 RoamInd=-1 DefRoamInd=-1 EmergOnly=false IsDataRoamingFromRegistration=false IsUsingCarrierAggregation=false Current state=1
09-25 20:54:29.086  5303  5303 D CellBroadcastReceiver: Start Cell Broadcast configuration.
09-25 20:54:29.092  4959  4959 D CarrierConfigLoader: Connected to config app: com.android.carrierconfig/com.android.carrierconfig.DefaultCarrierConfigService
09-25 20:54:29.112  5303  5435 D CellBroadcastConfigService: Enable CellBroadcast on sub 1
09-25 20:54:29.137  3653  4835 I Telecom : PhoneAccountRegistrar: [ComponentInfo{com.android.phone/com.android.services.telephony.TelephonyConnectionService}, [2628372b20c6b31a61c46f7f5a9328dbf0edaed6], UserHandle{0}(icon: Icon(typ=BITMAP size=84x84) -> Icon(typ=BITMAP size=84x84))]: TSI.rPA@ADI
09-25 20:54:29.143  3653  4835 I Telecom : : Sending phone-account registered intent as user: TSI.rPA@ADI
09-25 20:54:29.161  5303  5435 E CellBroadcastConfigService: exception enabling cell broadcast channels
09-25 20:54:29.161  5303  5435 E CellBroadcastConfigService: java.lang.NullPointerException: Attempt to invoke virtual method 'java.lang.String android.content.ComponentName.getPackageName()' on a null object reference
09-25 20:54:29.161  5303  5435 E CellBroadcastConfigService: 	at android.os.Parcel.readException(Parcel.java:1690)
09-25 20:54:29.161  5303  5435 E CellBroadcastConfigService: 	at android.os.Parcel.readException(Parcel.java:1637)
09-25 20:54:29.161  5303  5435 E CellBroadcastConfigService: 	at com.android.internal.telephony.ISms$Stub$Proxy.isSmsSimPickActivityNeeded(ISms.java:1409)
09-25 20:54:29.161  5303  5435 E CellBroadcastConfigService: 	at android.telephony.SmsManager.getSubscriptionId(SmsManager.java:828)
09-25 20:54:29.161  5303  5435 E CellBroadcastConfigService: 	at android.telephony.SmsManager.enableCellBroadcastRange(SmsManager.java:1098)
09-25 20:54:29.161  5303  5435 E CellBroadcastConfigService: 	at com.android.cellbroadcastreceiver.CellBroadcastConfigService.setCellBroadcastRange(CellBroadcastConfigService.java:387)
09-25 20:54:29.161  5303  5435 E CellBroadcastConfigService: 	at com.android.cellbroadcastreceiver.CellBroadcastConfigService.setCellBroadcastOnSub(CellBroadcastConfigService.java:217)
09-25 20:54:29.161  5303  5435 E CellBroadcastConfigService: 	at com.android.cellbroadcastreceiver.CellBroadcastConfigService.onHandleIntent(CellBroadcastConfigService.java:96)
09-25 20:54:29.161  5303  5435 E CellBroadcastConfigService: 	at android.app.IntentService$ServiceHandler.handleMessage(IntentService.java:68)
09-25 20:54:29.161  5303  5435 E CellBroadcastConfigService: 	at android.os.Handler.dispatchMessage(Handler.java:102)
09-25 20:54:29.161  5303  5435 E CellBroadcastConfigService: 	at android.os.Looper.loop(Looper.java:154)
09-25 20:54:29.161  5303  5435 E CellBroadcastConfigService: 	at android.os.HandlerThread.run(HandlerThread.java:61)
09-25 20:54:29.238  4959  4959 D CallNotifier: updatePhoneStateListeners: update CF notifications.
09-25 20:54:29.240  4959  4959 I NotificationMgr: updateMwi(): subId 1 update to false
09-25 20:54:29.242  4959  4959 I Telephony: PstnIncomingCallNotifier: Unregistering: Handler (com.android.internal.telephony.GsmCdmaPhone) {1cd4453}
09-25 20:54:29.243  4959  4959 W Telephony: TelecomAccountRegistry: Failed to get status , slotId: 0 Exception: java.lang.NullPointerException: Attempt to invoke interface method 'int org.codeaurora.internal.IExtTelephony.getCurrentUiccCardProvisioningStatus(int)' on a null object reference
09-25 20:54:29.247  3653  3722 I art     : Starting a blocking GC Explicit
09-25 20:54:29.288  3653  4835 I Telecom : PhoneAccountRegistrar: [ComponentInfo{com.android.phone/com.android.services.telephony.TelephonyConnectionService}, [2628372b20c6b31a61c46f7f5a9328dbf0edaed6], UserHandle{0}(icon: Icon(typ=BITMAP size=84x84) -> Icon(typ=BITMAP size=84x84))]: TSI.rPA@ADM
09-25 20:54:29.292  3653  4835 I Telecom : : Sending phone-account registered intent as user: TSI.rPA@ADM
09-25 20:54:29.294  4959  4959 I Telephony: AccountEntry: Registered phoneAccount: [[ ] PhoneAccount: ComponentInfo{com.android.phone/com.android.services.telephony.TelephonyConnectionService}, [2628372b20c6b31a61c46f7f5a9328dbf0edaed6], UserHandle{0} Capabilities: CallProvider MultiUser PlaceEmerg SimSub  Audio Routes: BESW Schemes: tel voicemail  Extras: null GroupId: [da39a3ee5e6b4b0d3255bfef95601890afd80709]] with handle: ComponentInfo{com.android.phone/com.android.services.telephony.TelephonyConnectionService}, [2628372b20c6b31a61c46f7f5a9328dbf0edaed6], UserHandle{0}
09-25 20:54:29.294  4959  4959 I Telephony: PstnIncomingCallNotifier: Registering: Handler (com.android.internal.telephony.GsmCdmaPhone) {1cd4453}
09-25 20:54:29.297  4959  4959 W Telephony: TelecomAccountRegistry: Failed to get status , slotId: 1 Exception: java.lang.NullPointerException: Attempt to invoke interface method 'int org.codeaurora.internal.IExtTelephony.getCurrentUiccCardProvisioningStatus(int)' on a null object reference
09-25 20:54:29.307  4959  4959 I Telephony: PstnIncomingCallNotifier: Unregistering: Handler (com.android.internal.telephony.GsmCdmaPhone) {1cd4453}
09-25 20:54:29.308  4959  4959 W Telephony: TelecomAccountRegistry: Failed to get status , slotId: 0 Exception: java.lang.NullPointerException: Attempt to invoke interface method 'int org.codeaurora.internal.IExtTelephony.getCurrentUiccCardProvisioningStatus(int)' on a null object reference
09-25 20:54:29.312  3653  3722 I art     : Explicit concurrent mark sweep GC freed 8793(686KB) AllocSpace objects, 13(528KB) LOS objects, 33% free, 12MB/18MB, paused 1.247ms total 65.058ms
09-25 20:54:29.339  3653  5002 I Telecom : PhoneAccountRegistrar: [ComponentInfo{com.android.phone/com.android.services.telephony.TelephonyConnectionService}, [2628372b20c6b31a61c46f7f5a9328dbf0edaed6], UserHandle{0}(icon: Icon(typ=BITMAP size=84x84) -> Icon(typ=BITMAP size=84x84))]: TSI.rPA@ADY
09-25 20:54:29.344  3653  5002 I Telecom : : Sending phone-account registered intent as user: TSI.rPA@ADY
09-25 20:54:29.346  4959  4959 I Telephony: AccountEntry: Registered phoneAccount: [[ ] PhoneAccount: ComponentInfo{com.android.phone/com.android.services.telephony.TelephonyConnectionService}, [2628372b20c6b31a61c46f7f5a9328dbf0edaed6], UserHandle{0} Capabilities: CallProvider MultiUser PlaceEmerg SimSub  Audio Routes: BESW Schemes: tel voicemail  Extras: null GroupId: [da39a3ee5e6b4b0d3255bfef95601890afd80709]] with handle: ComponentInfo{com.android.phone/com.android.services.telephony.TelephonyConnectionService}, [2628372b20c6b31a61c46f7f5a9328dbf0edaed6], UserHandle{0}
09-25 20:54:29.347  4959  4959 I Telephony: PstnIncomingCallNotifier: Registering: Handler (com.android.internal.telephony.GsmCdmaPhone) {1cd4453}
09-25 20:54:29.348  4959  4959 W Telephony: TelecomAccountRegistry: Failed to get status , slotId: 1 Exception: java.lang.NullPointerException: Attempt to invoke interface method 'int org.codeaurora.internal.IExtTelephony.getCurrentUiccCardProvisioningStatus(int)' on a null object reference
09-25 20:54:29.360  4959  4959 D CarrierConfigLoader: mHandler: 3 phoneId: 0
09-25 20:54:29.363  5415  5427 D DefaultCarrierConfigService: Config being fetched
09-25 20:54:29.364  5415  5427 D DefaultCarrierConfigService: java.io.FileNotFoundException: carrier_config_72234.xml
09-25 20:54:29.421  3653  4820 I Telecom : PhoneAccountRegistrar: [ComponentInfo{com.android.phone/com.android.services.telephony.TelephonyConnectionService}, [2628372b20c6b31a61c46f7f5a9328dbf0edaed6], UserHandle{0}(icon: Icon(typ=BITMAP size=84x84) -> Icon(typ=BITMAP size=84x84))]: TSI.rPA@ADk
09-25 20:54:29.426  3653  4820 I Telecom : : Sending phone-account registered intent as user: TSI.rPA@ADk
09-25 20:54:29.427  4959  4959 D CarrierConfigLoader: mHandler: 5 phoneId: 0
09-25 20:54:29.447  3653  3653 I Telecom : PhoneAccountRegistrar: SimCallManager queried, returning: null: TSI.gSCMFU@ADo
09-25 20:54:29.481  4959  4959 D VvmSimChangeReceiver: Carrier config changed
09-25 20:54:29.483  4959  4959 D VvmSimChangeReceiver: User locked, activation request delayed until unlock
09-25 20:54:30.229  3451  3451 W         : eglTerminate 2662: PID Exeption @unknown
09-25 20:54:30.602  3185  3185 E         : Unable to unlink boot marker at /data//dalvik-cache/arm64/.booting, error=No such file or directory
09-25 20:54:30.603  3653  3722 W ActivityManager: Unable to mark boot complete for abi: arm64-v8a (Failed to execute markbootcomplete [arm64]: -1)
09-25 20:54:30.604  3185  3185 E         : Unable to unlink boot marker at /data//dalvik-cache/arm/.booting, error=No such file or directory
09-25 20:54:30.606  3653  3722 W ActivityManager: Unable to mark boot complete for abi: armeabi-v7a (Failed to execute markbootcomplete [arm]: -1)
09-25 20:54:30.609  3653  3722 I SystemServiceManager: Starting phase 1000
09-25 20:54:30.651  3085  3085 W auditd  : type=1325 audit(0.0:200): table=filter family=2 entries=100
09-25 20:54:30.651  3085  3085 W auditd  : type=1320 audit(0.0:200): 
09-25 20:54:30.663  3085  3085 W auditd  : type=1325 audit(0.0:201): table=filter family=10 entries=111
09-25 20:54:30.663  3085  3085 W auditd  : type=1320 audit(0.0:201): 
09-25 20:54:30.683  3085  3085 W auditd  : type=1325 audit(0.0:202): table=filter family=2 entries=99
09-25 20:54:30.683  3085  3085 W auditd  : type=1320 audit(0.0:202): 
09-25 20:54:30.699  3085  3085 W auditd  : type=1325 audit(0.0:203): table=filter family=10 entries=110
09-25 20:54:30.699  3085  3085 W auditd  : type=1320 audit(0.0:203): 
09-25 20:54:30.722  3653  4762 E LiveDisplay: Color temperature out of range: 0
09-25 20:54:30.738  3653  3722 I ActivityManager: Start proc 5450:android.ext.services/u0a11 for on-hold
09-25 20:54:30.740  3653  3722 D ActivityManager: Finishing user boot 0
09-25 20:54:30.742  3653  3722 D CryptdConnector: SND -> {3 cryptfs prepare_user_storage ! 0 0 2}
09-25 20:54:30.743  3077  3146 D vold    : e4crypt_prepare_user_storage for volume null, user 0, serial 0, flags 2
09-25 20:54:30.743  3077  3146 D vold    : Preparing: /data/system_ce/0
09-25 20:54:30.743  3077  3146 D vold    : Preparing: /data/misc_ce/0
09-25 20:54:30.744  3077  3146 D vold    : Preparing: /data/media/0
09-25 20:54:30.744  3077  3146 D vold    : Preparing: /data/data
09-25 20:54:30.744  3653  4076 D CryptdConnector: RCV <- {200 3 Command succeeded}
09-25 20:54:30.745  3653  3722 V UserManagerService: Found /data/user/0 with serial number 0
09-25 20:54:30.746  3653  3722 V UserManagerService: Found /data/system_ce/0 with serial number -1
09-25 20:54:30.746  3653  3722 D UserManagerService: Serial number missing on /data/system_ce/0; assuming current is valid
09-25 20:54:30.747  3653  3722 V PackageManager: reconcileAppsData for null u0 0x2
09-25 20:54:30.748  3160  5054 D PermissionCache: checking android.permission.HARDWARE_TEST for uid=1000 => granted (201 us)
09-25 20:54:30.771  5460  5460 I bootstat: Service started: /system/bin/bootstat --record_boot_complete 
09-25 20:54:30.772  5460  5460 E bootstat: Failed to read /data/misc/bootstat/last_boot_time_utc: No such file or directory
09-25 20:54:30.772  5460  5460 E bootstat: Failed to parse boot time record: /data/misc/bootstat/last_boot_time_utc
09-25 20:54:30.773  5460  5460 E bootstat: Failed to read /data/misc/bootstat/build_date: No such file or directory
09-25 20:54:30.773  5460  5460 E bootstat: Failed to parse boot time record: /data/misc/bootstat/build_date
09-25 20:54:30.773  5460  5460 E bootstat: Failed to read /data/misc/bootstat/post_decrypt_time_elapsed: No such file or directory
09-25 20:54:30.773  5460  5460 E bootstat: Failed to parse boot time record: /data/misc/bootstat/post_decrypt_time_elapsed
09-25 20:54:30.788  5475  5475 I bootstat: Service started: /system/bin/bootstat --record_boot_reason 
09-25 20:54:30.788  5475  5475 I bootstat: Unknown boot reason: 
09-25 20:54:30.802  5477  5477 I bootstat: Service started: /system/bin/bootstat --record_time_since_factory_reset 
09-25 20:54:30.802  5477  5477 I bootstat: Logging histogram: factory_reset_current_time 1506383670
09-25 20:54:30.803  5477  5477 E bootstat: Failed to read /data/misc/bootstat/factory_reset: No such file or directory
09-25 20:54:30.804  5477  5477 E bootstat: Failed to parse boot time record: /data/misc/bootstat/factory_reset
09-25 20:54:30.816  5479  5479 I bootstat: Service started: /system/bin/bootstat -l 
09-25 20:54:30.817  5479  5479 I bootstat: Logging histogram: bootstat_mtime_matches_content 1
09-25 20:54:30.817  5479  5479 I bootstat: Logging histogram: bootstat_mtime_matches_content 1
09-25 20:54:30.818  5479  5479 I bootstat: Logging histogram: bootstat_mtime_matches_content 1
09-25 20:54:30.818  5479  5479 I bootstat: Logging histogram: bootstat_mtime_matches_content 1
09-25 20:54:30.818  5479  5479 I bootstat: Logging histogram: bootstat_mtime_matches_content 1
09-25 20:54:30.818  5479  5479 I bootstat: Logging histogram: bootstat_mtime_matches_content 1
09-25 20:54:30.818  5479  5479 I bootstat: Logging histogram: bootstat_mtime_matches_content 1
09-25 20:54:30.818  5479  5479 I bootstat: Logging histogram: last_boot_time_utc 1506383670
09-25 20:54:30.818  5479  5479 I bootstat: Logging histogram: build_date 1505859914
09-25 20:54:30.818  5479  5479 I bootstat: Logging histogram: ota_boot_complete_no_encryption 69
09-25 20:54:30.818  5479  5479 I bootstat: Logging histogram: ota_boot_complete 69
09-25 20:54:30.818  5479  5479 I bootstat: Logging histogram: boot_reason 1
09-25 20:54:30.819  5479  5479 I bootstat: Logging histogram: factory_reset_current_time 1506383670
09-25 20:54:30.819  5479  5479 I bootstat: Logging histogram: factory_reset 1506383670
09-25 20:54:30.842  3653  3722 V PackageManager: reconcileAppsData finished 91 packages
09-25 20:54:30.842  3653  3722 D WindowManager: Sending cover change broadcast, mLidState=-1
09-25 20:54:30.845  3653  3715 D BluetoothManagerService: User 0 unlocked
09-25 20:54:30.845  3653  3715 D MountService: onUnlockUser 0
09-25 20:54:30.845  3653  3721 D BluetoothManagerService: MESSAGE_USER_UNLOCKED
09-25 20:54:30.845  3653  3715 D VoldConnector: SND -> {35 volume user_started 0}
09-25 20:54:30.847  3653  4708 D WIFI    : Registering NetworkFactory
09-25 20:54:30.847  3077  3145 D vold    : Linking /storage/emulated/0 to /mnt/user/0/primary
09-25 20:54:30.847  3653  4712 D ConnectivityService: Got NetworkFactory Messenger for WIFI
09-25 20:54:30.847  3653  4708 D WIFI_UT : Registering NetworkFactory
09-25 20:54:30.847  3653  4712 D ConnectivityService: Got NetworkFactory Messenger for WIFI_UT
09-25 20:54:30.848  3653  4075 D VoldConnector: RCV <- {200 35 Command succeeded}
09-25 20:54:30.848  3653  4708 D WIFI    : got request NetworkRequest [ REQUEST id=1, [ Capabilities: INTERNET&NOT_RESTRICTED&TRUSTED&NOT_VPN] ] with score 0
09-25 20:54:30.848  3653  4708 I WifiConnectivityManager: Set WiFiConnectivityManager enabled
09-25 20:54:30.849  5373  5373 I AlarmClock: AlarmInitReceiver android.intent.action.LOCKED_BOOT_COMPLETED
09-25 20:54:30.852  3653  4074 D MountService: Volume emulated broadcasting mounted to UserHandle{0}
09-25 20:54:30.856  3653  4708 D WIFI_UT : got request NetworkRequest [ REQUEST id=1, [ Capabilities: INTERNET&NOT_RESTRICTED&TRUSTED&NOT_VPN] ] with score 0
09-25 20:54:30.859  5373  5373 I droid.deskclock: type=1400 audit(0.0:204): avc: denied { write } for name="shared_prefs" dev="sda24" ino=3121296 scontext=u:r:untrusted_app:s0:c512,c768 tcontext=u:object_r:system_data_file:s0:c512,c768 tclass=dir permissive=1
09-25 20:54:30.859  5373  5373 I droid.deskclock: type=1400 audit(0.0:204): avc: denied { remove_name } for name="com.android.deskclock_preferences.xml" dev="sda24" ino=3121298 scontext=u:r:untrusted_app:s0:c512,c768 tcontext=u:object_r:system_data_file:s0:c512,c768 tclass=dir permissive=1
09-25 20:54:30.859  5373  5373 I droid.deskclock: type=1400 audit(0.0:204): avc: denied { rename } for name="com.android.deskclock_preferences.xml" dev="sda24" ino=3121298 scontext=u:r:untrusted_app:s0:c512,c768 tcontext=u:object_r:system_data_file:s0:c512,c768 tclass=file permissive=1
09-25 20:54:30.859  5373  5373 I droid.deskclock: type=1400 audit(0.0:204): avc: denied { add_name } for name="com.android.deskclock_preferences.xml.bak" scontext=u:r:untrusted_app:s0:c512,c768 tcontext=u:object_r:system_data_file:s0:c512,c768 tclass=dir permissive=1
09-25 20:54:30.859  5373  5373 W droid.deskclock: type=1300 audit(0.0:204): arch=c00000b7 syscall=38 success=yes exit=0 a0=ffffff9c a1=7f7cd68a00 a2=ffffff9c a3=7f7cd68a60 items=0 ppid=3180 auid=4294967295 uid=10044 gid=10044 euid=10044 suid=10044 fsuid=10044 egid=10044 sgid=10044 fsgid=10044 tty=(none) ses=4294967295 exe="/system/bin/app_process64" subj=u:r:untrusted_app:s0:c512,c768 key=(null)
09-25 20:54:30.859  3085  3085 W auditd  : type=1327 audit(0.0:204): proctitle="com.android.deskclock"
09-25 20:54:30.859  3085  3085 W auditd  : type=1320 audit(0.0:204): 
09-25 20:54:30.859  5373  5373 I droid.deskclock: type=1400 audit(0.0:205): avc: denied { create } for name="com.android.deskclock_preferences.xml" scontext=u:r:untrusted_app:s0:c512,c768 tcontext=u:object_r:system_data_file:s0:c512,c768 tclass=file permissive=1
09-25 20:54:30.859  5373  5373 I droid.deskclock: type=1400 audit(0.0:205): avc: denied { write } for path="/data/user_de/0/com.android.deskclock/shared_prefs/com.android.deskclock_preferences.xml" dev="sda24" ino=3121300 scontext=u:r:untrusted_app:s0:c512,c768 tcontext=u:object_r:system_data_file:s0:c512,c768 tclass=file permissive=1
09-25 20:54:30.859  5373  5373 W droid.deskclock: type=1300 audit(0.0:205): arch=c00000b7 syscall=56 success=yes exit=37 a0=ffffff9c a1=7f7cd68a00 a2=241 a3=1b6 items=0 ppid=3180 auid=4294967295 uid=10044 gid=10044 euid=10044 suid=10044 fsuid=10044 egid=10044 sgid=10044 fsgid=10044 tty=(none) ses=4294967295 exe="/system/bin/app_process64" subj=u:r:untrusted_app:s0:c512,c768 key=(null)
09-25 20:54:30.859  3085  3085 W auditd  : type=1327 audit(0.0:205): proctitle="com.android.deskclock"
09-25 20:54:30.859  3085  3085 W auditd  : type=1320 audit(0.0:205): 
09-25 20:54:30.859  5373  5373 I droid.deskclock: type=1400 audit(0.0:206): avc: denied { getattr } for path="/data/user_de/0/com.android.deskclock/shared_prefs/com.android.deskclock_preferences.xml" dev="sda24" ino=3121300 scontext=u:r:untrusted_app:s0:c512,c768 tcontext=u:object_r:system_data_file:s0:c512,c768 tclass=file permissive=1
09-25 20:54:30.859  5373  5373 W droid.deskclock: type=1300 audit(0.0:206): arch=c00000b7 syscall=80 success=yes exit=0 a0=25 a1=7fcf8e1b38 a2=241 a3=1b6 items=0 ppid=3180 auid=4294967295 uid=10044 gid=10044 euid=10044 suid=10044 fsuid=10044 egid=10044 sgid=10044 fsgid=10044 tty=(none) ses=4294967295 exe="/system/bin/app_process64" subj=u:r:untrusted_app:s0:c512,c768 key=(null)
09-25 20:54:30.859  3085  3085 W auditd  : type=1327 audit(0.0:206): proctitle="com.android.deskclock"
09-25 20:54:30.859  3085  3085 W auditd  : type=1320 audit(0.0:206): 
09-25 20:54:30.863  5450  5450 W System  : ClassLoader referenced unknown path: /system/priv-app/ExtServices/lib/arm64
09-25 20:54:30.871  5450  5450 I id.ext.services: type=1400 audit(0.0:207): avc: denied { create } for name="cache" scontext=u:r:platform_app:s0:c512,c768 tcontext=u:object_r:system_data_file:s0:c512,c768 tclass=dir permissive=1
09-25 20:54:30.871  5450  5450 W id.ext.services: type=1300 audit(0.0:207): arch=c00000b7 syscall=34 success=yes exit=0 a0=ffffff9c a1=7f7cdc4260 a2=1f9 a3=2a items=0 ppid=3180 auid=4294967295 uid=10011 gid=10011 euid=10011 suid=10011 fsuid=10011 egid=10011 sgid=10011 fsgid=10011 tty=(none) ses=4294967295 exe="/system/bin/app_process64" subj=u:r:platform_app:s0:c512,c768 key=(null)
09-25 20:54:30.871  3085  3085 W auditd  : type=1327 audit(0.0:207): proctitle="android.ext.services"
09-25 20:54:30.871  3085  3085 W auditd  : type=1320 audit(0.0:207): 
09-25 20:54:30.875  5450  5450 I id.ext.services: type=1400 audit(0.0:208): avc: denied { setattr } for name="cache" dev="sda24" ino=3121304 scontext=u:r:platform_app:s0:c512,c768 tcontext=u:object_r:system_data_file:s0:c512,c768 tclass=dir permissive=1
09-25 20:54:30.875  5450  5450 W id.ext.services: type=1300 audit(0.0:208): arch=c00000b7 syscall=53 success=yes exit=0 a0=ffffff9c a1=7f7cdc4260 a2=1f9 a3=0 items=0 ppid=3180 auid=4294967295 uid=10011 gid=10011 euid=10011 suid=10011 fsuid=10011 egid=10011 sgid=10011 fsgid=10011 tty=(none) ses=4294967295 exe="/system/bin/app_process64" subj=u:r:platform_app:s0:c512,c768 key=(null)
09-25 20:54:30.875  3085  3085 W auditd  : type=1327 audit(0.0:208): proctitle="android.ext.services"
09-25 20:54:30.875  3085  3085 W auditd  : type=1320 audit(0.0:208): 
09-25 20:54:30.879  5373  5373 I droid.deskclock: type=1400 audit(0.0:209): avc: denied { setattr } for name="com.android.deskclock_preferences.xml" dev="sda24" ino=3121300 scontext=u:r:untrusted_app:s0:c512,c768 tcontext=u:object_r:system_data_file:s0:c512,c768 tclass=file permissive=1
09-25 20:54:30.879  5373  5373 W droid.deskclock: type=1300 audit(0.0:209): arch=c00000b7 syscall=53 success=yes exit=0 a0=ffffff9c a1=7f7cd68a00 a2=1b0 a3=0 items=0 ppid=3180 auid=4294967295 uid=10044 gid=10044 euid=10044 suid=10044 fsuid=10044 egid=10044 sgid=10044 fsgid=10044 tty=(none) ses=4294967295 exe="/system/bin/app_process64" subj=u:r:untrusted_app:s0:c512,c768 key=(null)
09-25 20:54:30.879  3085  3085 W auditd  : type=1327 audit(0.0:209): proctitle="com.android.deskclock"
09-25 20:54:30.880  3653  3653 I InputMethodManagerService: All the enabled IMEs are gone. Reset default enabled IMEs.
09-25 20:54:30.908  3653  3715 V BackupManagerService: No ancestral data
09-25 20:54:30.921  3653  3715 V BackupManagerService: Starting with transport com.google.android.gms/.backup.BackupTransportService
09-25 20:54:30.921  3653  3715 V BackupManagerService: Found transports: 1
09-25 20:54:30.924  3653  3715 I BackupManagerService: Backup enable apparently not migrated
09-25 20:54:30.924  3653  3715 I BackupManagerService: Migrating enable state false
09-25 20:54:30.926  3653  3714 W Searchables: No global search activity found
09-25 20:54:30.933  3653  3715 I BackupManagerService: Backup enabled => false
09-25 20:54:30.947  3653  3715 W AppWidgetServiceImpl: Failed to read state: java.io.FileNotFoundException: /data/system/users/0/appwidgets.xml (No such file or directory)
09-25 20:54:30.947  3653  3715 V AppWidgetServiceImpl: Upgrading widget database from 0 to 1
09-25 20:54:30.947  3653  3715 W VoiceInteractionManagerService: no available voice interaction services found for user 0
09-25 20:54:30.947  3653  3715 W VoiceInteractionManagerService: no available voice recognition services found for user 0
09-25 20:54:30.948  3653  3715 I BrokerableCMSystemService: Connecting to implementation
09-25 20:54:30.948  3653  3715 W ContextImpl: Calling a method in the system process without a qualified user: android.app.ContextImpl.bindService:1421 org.cyanogenmod.platform.internal.BrokerableCMSystemService.tryConnecting:199 org.cyanogenmod.platform.internal.WeatherManagerServiceBroker.onUnlockUser:97 com.android.server.SystemServiceManager.unlockUser:179 com.android.server.am.ActivityManagerService$MainHandler.handleMessage:2067 
09-25 20:54:30.949  3653  4820 I ActivityManager: Start proc 5494:android.process.media/u0a9 for broadcast com.android.providers.downloads/.DownloadReceiver
09-25 20:54:30.952  3653  5492 V KeyValueBackupJob: Scheduling k/v pass in 244 minutes
09-25 20:54:30.983  3653  3715 I ActivityManager: Start proc 5508:org.cyanogenmod.weatherservice/u0a31 for service org.cyanogenmod.weatherservice/.WeatherManagerService
09-25 20:54:30.983  3653  3715 I ActivityManager: Loading recents for user 0 into memory.
09-25 20:54:30.992  3653  5496 W ResourceType: No known package when getting value for resource number 0x7f020125
09-25 20:54:30.992  3653  5496 W ResourceType: No known package when getting value for resource number 0x7f0c050a
09-25 20:54:30.993  3653  5496 W ResourceType: No known package when getting value for resource number 0x7f020124
09-25 20:54:30.993  3653  5496 W ResourceType: No known package when getting value for resource number 0x7f0c0a9b
09-25 20:54:30.993  3653  5496 W ResourceType: No known package when getting value for resource number 0x7f020123
09-25 20:54:30.993  3653  5496 W ResourceType: No known package when getting value for resource number 0x7f0c0955
09-25 20:54:30.995  3653  3715 I ActivityManager: Start proc 5522:org.cyanogenmod.audiofx/u0a3 for added application org.cyanogenmod.audiofx
09-25 20:54:30.995  3653  5496 W ResourceType: No known package when getting value for resource number 0x7f020078
09-25 20:54:30.995  3653  5496 W ResourceType: No known package when getting value for resource number 0x7f0d006d
09-25 20:54:30.995  3653  5496 W ResourceType: No known package when getting value for resource number 0x7f0d006d
09-25 20:54:30.999  3653  5496 W ResourceType: No known package when getting value for resource number 0x7f020022
09-25 20:54:30.999  3653  5496 W ResourceType: No known package when getting value for resource number 0x7f0b01f7
09-25 20:54:31.008  3653  3715 I ActivityManager: Start proc 5536:com.android.nfc/1027 for added application com.android.nfc
09-25 20:54:31.012  3653  3716 I ActivityManager: Config changes=20 {1.0 722mcc34mnc [en_US] ldltr sw411dp w411dp h773dp 560dpi nrml long port finger -keyb/v/h -nav/h s.7}
09-25 20:54:31.041  5010  5010 I art     : Starting a blocking GC Explicit
09-25 20:54:31.054  3653  3715 V ActivityManager: Installing ContentProviderInfo{name=com.android.deskclock.worldclock.db className=com.android.deskclock.worldclock.db.DbCityProvider}
09-25 20:54:31.056  3653  3715 I PreBootBroadcaster: Pre-boot of {com.android.managedprovisioning/com.android.managedprovisioning.PreBootListener} for user 0
09-25 20:54:31.056  5494  5494 I chatty  : uid=10009(com.android.providers.media) android.process.media expire 9 lines
09-25 20:54:31.058  5010  5010 I art     : Explicit concurrent mark sweep GC freed 3893(334KB) AllocSpace objects, 0(0B) LOS objects, 40% free, 6MB/11MB, paused 250us total 16.815ms
09-25 20:54:31.061  5010  5010 I art     : Starting a blocking GC Explicit
09-25 20:54:31.075  5010  5010 I art     : Explicit concurrent mark sweep GC freed 750(38KB) AllocSpace objects, 0(0B) LOS objects, 39% free, 6MB/11MB, paused 244us total 13.932ms
09-25 20:54:31.076  5508  5508 W System  : ClassLoader referenced unknown path: /system/priv-app/WeatherManagerService/lib/arm64
09-25 20:54:31.078  5522  5522 W System  : ClassLoader referenced unknown path: /system/priv-app/AudioFX/lib/arm64
09-25 20:54:31.088  3653  3714 I ActivityManager: Start proc 5570:com.android.printspooler/u0a58 for service com.android.printspooler/.model.PrintSpoolerService
09-25 20:54:31.114  4959  4959 D CarrierSvcBindHelper: Received android.intent.action.USER_UNLOCKED
09-25 20:54:31.136  4959  4959 D CarrierSvcBindHelper: No carrier app for: 0
09-25 20:54:31.137  4959  4959 D CarrierSvcBindHelper: No carrier app for: 1
09-25 20:54:31.140  3653  3713 I ActivityManager: Start proc 5601:com.android.smspush/u0a59 for service com.android.smspush/.WapPushManager
09-25 20:54:31.141  3653  3653 V BackupManagerService: Connected to transport ComponentInfo{android/com.android.internal.backup.LocalTransportService}
09-25 20:54:31.141  3653  3653 V BackupManagerService: Registering transport android/com.android.internal.backup.LocalTransportService::android/com.android.internal.backup.LocalTransport = android.app.backup.BackupTransport$TransportImpl@d8b54dd
09-25 20:54:31.148  5010  5010 D FallbackHome: User unlocked and real home found; let's go!
09-25 20:54:31.155  3653  3713 I WindowManager: Screen frozen for +139ms due to AppWindowToken{e8c2e26 token=Token{7e8d568 ActivityRecord{f62508b u0 com.android.settings/.FallbackHome t2}}}
09-25 20:54:31.176  5536  5536 I chatty  : uid=1027(nfc) com.android.nfc expire 32 lines
09-25 20:54:31.185  3653  4820 I ActivityManager: START u0 {act=android.intent.action.MAIN cat=[android.intent.category.HOME] flg=0x10000100 cmp=com.cyanogenmod.setupwizard/.SetupWizardActivity} from uid 0 on display 0
09-25 20:54:31.189  3653  3653 I AccountManagerService: User 0 is unlocked - opening CE database
09-25 20:54:31.221  3653  4820 I ActivityManager: Start proc 5625:com.cyanogenmod.setupwizard/1000 for activity com.cyanogenmod.setupwizard/.SetupWizardActivity
09-25 20:54:31.244  3653  5216 I ActivityManager: Start proc 5640:com.android.keychain/1000 for service com.android.keychain/.KeyChainService
09-25 20:54:31.282  5625  5625 W System  : ClassLoader referenced unknown path: /system/priv-app/LineageSetupWizard/lib/arm64
09-25 20:54:31.305  5640  5640 W System  : ClassLoader referenced unknown path: /system/app/KeyChain/lib/arm64
09-25 20:54:31.308  5601  5601 W System  : ClassLoader referenced unknown path: /system/app/WAPPushManager/lib/arm64
09-25 20:54:31.333  3653  3653 I AccountManagerService: Creating CE database /data/system_ce/0/accounts_ce.db
09-25 20:54:31.340  4807  4807 W KeyguardUpdateMonitor: invalid subId in handleSimStateChange()
09-25 20:54:31.393  4807  4807 D PhoneStatusBar: disable: < expand icons ALERTS* system_info back home recent clock SEARCH* quick_settings >
09-25 20:54:31.394  4807  4807 D PhoneStatusBar: heads up is disabled
09-25 20:54:31.394  4807  4807 D PhoneStatusBar: dismissing any existing heads up notification on disable event
09-25 20:54:31.398  3653  5599 I ActivityManager: START u0 {act=com.android.wizard.LOAD flg=0x10000001 cmp=com.cyanogenmod.setupwizard/.wizardmanager.WizardManager (has extras)} from uid 1000 on display 0
09-25 20:54:31.415  5536  5663 I chatty  : uid=1027(nfc) AsyncTask #1 expire 54 lines
09-25 20:54:31.420  5536  5665 I chatty  : uid=1027(nfc) AsyncTask #1 expire 2 lines
09-25 20:54:31.421  5536  5666 I chatty  : uid=1027(nfc) com.android.nfc expire 2 lines
09-25 20:54:31.421  5536  5667 I chatty  : uid=1027(nfc) AsyncTask #1 expire 178 lines
09-25 20:54:31.434  3653  3653 D WifiService: resetting networks because SIM was loaded
09-25 20:54:31.434  3653  3653 D WifiService: resetting networks because SIM was removed
09-25 20:54:31.434  3653  3653 D WifiService: resetting country code because SIM is removed
09-25 20:54:31.434  3653  4708 D WifiStateMachine: resetting EAP-SIM/AKA/AKA' networks since SIM was changed
09-25 20:54:31.435  3653  4708 D WifiStateMachine: resetting EAP-SIM/AKA/AKA' networks since SIM was changed
09-25 20:54:31.435  3653  3653 I BrokerableCMSystemService: Implementation service connected
09-25 20:54:31.457  3653  3653 I GnssLocationProvider: WakeLock acquired by sendMessage(12, 0, null)
09-25 20:54:31.457  3653  4820 I ActivityManager: START u0 {act=com.cyanogenmod.setupwizard.LINEAGE_WELCOME flg=0x4000000 cmp=com.cyanogenmod.setupwizard/.WelcomeActivity (has extras)} from uid 1000 on display 0
09-25 20:54:31.466  4959  4959 D CarrierConfigLoader: update config for phoneId: 1 simState: ABSENT
09-25 20:54:31.466  4959  4959 D CarrierSvcBindHelper: update binding for phoneId: 1 simState: ABSENT
09-25 20:54:31.493  3653  3714 D GnssLocationProvider: GPS configuration:
09-25 20:54:31.493  3653  3714 D GnssLocationProvider:  #Mon Sep 25 20:54:31 GMT-03:00 2017
09-25 20:54:31.493  3653  3714 D GnssLocationProvider: SUPL_VER=0x20000
09-25 20:54:31.493  3653  3714 D GnssLocationProvider: SUPL_PORT=7275
09-25 20:54:31.493  3653  3714 D GnssLocationProvider: XTRA_SERVER_2=http\://gllto2.glpals.com/4day/v4/latest/lto2.dat
09-25 20:54:31.493  3653  3714 D GnssLocationProvider: XTRA_SERVER_1=http\://gllto1.glpals.com/4day/v4/latest/lto2.dat
09-25 20:54:31.493  3653  3714 D GnssLocationProvider: SUPL_HOST=supl.google.com
09-25 20:54:31.493  3653  3714 D GnssLocationProvider: SUPL_MODE=1
09-25 20:54:31.493  3653  3714 D GnssLocationProvider: NTP_SERVER=north-america.pool.ntp.org
09-25 20:54:31.493  3179  3179 D gpsd    : WakeLock(Acquire,GPSD)
09-25 20:54:31.494  3179  3179 D gpsd    : WakeLock(Release,GPSD)
09-25 20:54:31.494  3179  3179 D gpsd    : WakeLock(Acquire,GPSD)
09-25 20:54:31.494  3179  3179 D gpsd    : WakeLock(Release,GPSD)
09-25 20:54:31.494  3179  3179 D gpsd    : WakeLock(Acquire,GPSD)
09-25 20:54:31.494  3179  3179 D gpsd    : WakeLock(Release,GPSD)
09-25 20:54:31.514  3653  3714 D GnssLocationProvider: GPS configuration:
09-25 20:54:31.514  3653  3714 D GnssLocationProvider:  #Mon Sep 25 20:54:31 GMT-03:00 2017
09-25 20:54:31.514  3653  3714 D GnssLocationProvider: SUPL_VER=0x20000
09-25 20:54:31.514  3653  3714 D GnssLocationProvider: SUPL_PORT=7275
09-25 20:54:31.514  3653  3714 D GnssLocationProvider: XTRA_SERVER_2=http\://gllto2.glpals.com/4day/v4/latest/lto2.dat
09-25 20:54:31.514  3653  3714 D GnssLocationProvider: XTRA_SERVER_1=http\://gllto1.glpals.com/4day/v4/latest/lto2.dat
09-25 20:54:31.514  3653  3714 D GnssLocationProvider: SUPL_HOST=supl.google.com
09-25 20:54:31.514  3653  3714 D GnssLocationProvider: SUPL_MODE=1
09-25 20:54:31.514  3653  3714 D GnssLocationProvider: NTP_SERVER=north-america.pool.ntp.org
09-25 20:54:31.514  3179  3179 D gpsd    : WakeLock(Acquire,GPSD)
09-25 20:54:31.514  3179  3179 D gpsd    : WakeLock(Release,GPSD)
09-25 20:54:31.514  3179  3179 D gpsd    : WakeLock(Acquire,GPSD)
09-25 20:54:31.514  3179  3179 D gpsd    : WakeLock(Release,GPSD)
09-25 20:54:31.514  3179  3179 D gpsd    : WakeLock(Acquire,GPSD)
09-25 20:54:31.514  3179  3179 D gpsd    : WakeLock(Release,GPSD)
09-25 20:54:31.534  3179  3179 D gpsd    : WakeLock(Acquire,GPSD)
09-25 20:54:31.534  3653  3714 D GnssLocationProvider: GPS configuration:
09-25 20:54:31.534  3653  3714 D GnssLocationProvider:  #Mon Sep 25 20:54:31 GMT-03:00 2017
09-25 20:54:31.534  3653  3714 D GnssLocationProvider: SUPL_VER=0x20000
09-25 20:54:31.534  3653  3714 D GnssLocationProvider: SUPL_PORT=7275
09-25 20:54:31.534  3653  3714 D GnssLocationProvider: XTRA_SERVER_2=http\://gllto2.glpals.com/4day/v4/latest/lto2.dat
09-25 20:54:31.534  3653  3714 D GnssLocationProvider: XTRA_SERVER_1=http\://gllto1.glpals.com/4day/v4/latest/lto2.dat
09-25 20:54:31.534  3653  3714 D GnssLocationProvider: SUPL_HOST=supl.google.com
09-25 20:54:31.534  3653  3714 D GnssLocationProvider: SUPL_MODE=1
09-25 20:54:31.534  3653  3714 D GnssLocationProvider: NTP_SERVER=north-america.pool.ntp.org
09-25 20:54:31.534  3179  3179 D gpsd    : WakeLock(Release,GPSD)
09-25 20:54:31.534  3179  3179 D gpsd    : WakeLock(Acquire,GPSD)
09-25 20:54:31.534  3653  3714 I GnssLocationProvider: WakeLock released by handleMessage(12, 0, null)
09-25 20:54:31.535  3179  3179 D gpsd    : WakeLock(Release,GPSD)
09-25 20:54:31.535  3179  3179 D gpsd    : WakeLock(Acquire,GPSD)
09-25 20:54:31.535  3179  3179 D gpsd    : WakeLock(Release,GPSD)
09-25 20:54:31.539  4959  4959 D CallNotifier: updatePhoneStateListeners: update CF notifications.
09-25 20:54:31.541  5625  5625 W ContextImpl: Calling a method in the system process without a qualified user: android.app.ContextImpl.bindService:1421 android.content.ContextWrapper.bindService:636 android.speech.tts.TextToSpeech.connectToEngine:810 android.speech.tts.TextToSpeech.initTts:780 android.speech.tts.TextToSpeech.<init>:733 
09-25 20:54:31.541  4959  4959 I NotificationMgr: updateMwi(): subId 1 update to false
09-25 20:54:31.542  4959  4959 I Telephony: PstnIncomingCallNotifier: Unregistering: Handler (com.android.internal.telephony.GsmCdmaPhone) {1cd4453}
09-25 20:54:31.544  4959  4959 W Telephony: TelecomAccountRegistry: Failed to get status , slotId: 0 Exception: java.lang.NullPointerException: Attempt to invoke interface method 'int org.codeaurora.internal.IExtTelephony.getCurrentUiccCardProvisioningStatus(int)' on a null object reference
09-25 20:54:31.544  4807  4807 E SignalClusterView: Unexpected subscription 1
09-25 20:54:31.544  4807  4807 E SignalClusterView: Unexpected subscription 1
09-25 20:54:31.557  3653  4832 I ActivityManager: Start proc 5681:com.svox.pico/u0a53 for service com.svox.pico/.PicoService
09-25 20:54:31.558  5625  5625 I TextToSpeech: Sucessfully bound to com.svox.pico
09-25 20:54:31.564  5625  5625 E MediaPlayer-JNI: JNIMediaPlayerFactory: bIsQCMediaPlayerPresent 0
09-25 20:54:31.564  5625  5625 E MediaPlayer-JNI: JNIMediaPlayerFactory: bIsQCMediaPlayerPresent 0
09-25 20:54:31.576  5625  5625 W MediaPlayer: Couldn't open content://settings/system/notification_sound_cache: java.io.FileNotFoundException: No such file or directory
09-25 20:54:31.576  5625  5625 W MediaPlayer: Couldn't open null: java.lang.NullPointerException: uri
09-25 20:54:31.587  3653  5598 I Telecom : PhoneAccountRegistrar: [ComponentInfo{com.android.phone/com.android.services.telephony.TelephonyConnectionService}, [2628372b20c6b31a61c46f7f5a9328dbf0edaed6], UserHandle{0}(icon: Icon(typ=BITMAP size=84x84) -> Icon(typ=BITMAP size=84x84))]: TSI.rPA@ADw
09-25 20:54:31.591  3190  4905 E MediaPlayerService: Couldn't open fd for content://settings/system/notification_sound
09-25 20:54:31.591  5625  5625 E MediaPlayer: Unable to create media player
09-25 20:54:31.593  3653  5598 I Telecom : : Sending phone-account registered intent as user: TSI.rPA@ADw
09-25 20:54:31.594  5625  5625 D Ringtone: Problem opening; delegating to remote player
09-25 20:54:31.597  4959  4959 I Telephony: AccountEntry: Registered phoneAccount: [[ ] PhoneAccount: ComponentInfo{com.android.phone/com.android.services.telephony.TelephonyConnectionService}, [2628372b20c6b31a61c46f7f5a9328dbf0edaed6], UserHandle{0} Capabilities: CallProvider MultiUser PlaceEmerg SimSub  Audio Routes: BESW Schemes: tel voicemail  Extras: null GroupId: [da39a3ee5e6b4b0d3255bfef95601890afd80709]] with handle: ComponentInfo{com.android.phone/com.android.services.telephony.TelephonyConnectionService}, [2628372b20c6b31a61c46f7f5a9328dbf0edaed6], UserHandle{0}
09-25 20:54:31.597  4959  4959 I Telephony: PstnIncomingCallNotifier: Registering: Handler (com.android.internal.telephony.GsmCdmaPhone) {1cd4453}
09-25 20:54:31.597  5625  5625 E MediaPlayer-JNI: JNIMediaPlayerFactory: bIsQCMediaPlayerPresent 0
09-25 20:54:31.598  5625  5625 E MediaPlayer-JNI: JNIMediaPlayerFactory: bIsQCMediaPlayerPresent 0
09-25 20:54:31.599  4959  4959 W Telephony: TelecomAccountRegistry: Failed to get status , slotId: 1 Exception: java.lang.NullPointerException: Attempt to invoke interface method 'int org.codeaurora.internal.IExtTelephony.getCurrentUiccCardProvisioningStatus(int)' on a null object reference
09-25 20:54:31.602  5625  5625 W MediaPlayer: Couldn't open content://settings/system/notification_sound_cache: java.io.FileNotFoundException: No such file or directory
09-25 20:54:31.603  5625  5625 W MediaPlayer: Couldn't open null: java.lang.NullPointerException: uri
09-25 20:54:31.607  3190  3258 E MediaPlayerService: Couldn't open fd for content://settings/system/notification_sound
09-25 20:54:31.607  5625  5625 E MediaPlayer: Unable to create media player
09-25 20:54:31.609  5536  5697 I chatty  : uid=1027(nfc) AsyncTask #1 expire 363 lines
09-25 20:54:31.610  5625  5625 D Ringtone: Problem opening; delegating to remote player
09-25 20:54:31.613  5536  5696 I chatty  : uid=1027(nfc) AsyncTask #1 expire 19 lines
09-25 20:54:31.615  4959  4959 D CarrierConfigLoader: mHandler: 0 phoneId: 1
09-25 20:54:31.628  3653  5599 D AlarmManagerService: Kernel timezone updated to 180 minutes west of GMT
09-25 20:54:31.658  5681  5681 V SynthProxy: About to load libttspico.so, applyFilter=true
09-25 20:54:31.677  5625  5699 I OpenGLRenderer: Initialized EGL, version 1.4
09-25 20:54:31.678  5625  5699 D OpenGLRenderer: Swap behavior 1
09-25 20:54:31.679  5010  5010 W IInputConnectionWrapper: reportFullscreenMode on inexistent InputConnection
09-25 20:54:31.682  3653  5598 I Telecom : PhoneAccountRegistrar: [ComponentInfo{com.android.phone/com.android.services.telephony.TelephonyConnectionService}, [2628372b20c6b31a61c46f7f5a9328dbf0edaed6], UserHandle{0}(icon: Icon(typ=BITMAP size=84x84) -> Icon(typ=BITMAP size=84x84))]: TSI.rPA@AD8
09-25 20:54:31.686  3653  5598 I Telecom : : Sending phone-account registered intent as user: TSI.rPA@AD8
09-25 20:54:31.688  5625  5699 D mali_winsys: EGLint new_window_surface(egl_winsys_display*, void*, EGLSurface, EGLConfig, egl_winsys_surface**, egl_color_buffer_format*, EGLBoolean) returns 0x3000,  [1440x2960]-format:1
09-25 20:54:31.705  5681  5681 I SVOX Pico Engine: loaded en-US successfully
09-25 20:54:31.756  4959  4959 D TelephonyProvider: subIdString = 1 subId = 1
09-25 20:54:31.756  4959  4959 D TelephonyProvider: getPreferredApnIdFromApn: for subId 1
09-25 20:54:31.756  4959  4959 D TelephonyProvider: Preferred APN: -1
09-25 20:54:31.853  5625  5625 I TextToSpeech: Connected to ComponentInfo{com.svox.pico/com.svox.pico.PicoService}
09-25 20:54:31.860  5625  5724 I TextToSpeech: Set up connection to ComponentInfo{com.svox.pico/com.svox.pico.PicoService}
09-25 20:54:31.864  3653  3722 I ActivityManager: Displayed com.cyanogenmod.setupwizard/.WelcomeActivity: +386ms (total +433ms)
09-25 20:54:31.865  5010  5010 I art     : Starting a blocking GC Explicit
09-25 20:54:31.887  5010  5010 I art     : Explicit concurrent mark sweep GC freed 363(36KB) AllocSpace objects, 0(0B) LOS objects, 25% free, 6MB/9MB, paused 490us total 21.481ms
09-25 20:54:31.887  5010  5010 I art     : Starting a blocking GC Explicit
09-25 20:54:31.908  5010  5010 I art     : Explicit concurrent mark sweep GC freed 162(6KB) AllocSpace objects, 0(0B) LOS objects, 24% free, 6MB/9MB, paused 278us total 20.245ms
09-25 20:54:32.012  3653  5595 I ActivityManager: Start proc 5732:com.android.managedprovisioning/u0a16 for broadcast com.android.managedprovisioning/.PreBootListener
09-25 20:54:32.060  5732  5732 W System  : ClassLoader referenced unknown path: /system/priv-app/ManagedProvisioning/lib/arm64
09-25 20:54:32.071  5732  5732 I gedprovisioning: type=1400 audit(0.0:234): avc: denied { create } for name="code_cache" scontext=u:r:platform_app:s0:c512,c768 tcontext=u:object_r:system_data_file:s0:c512,c768 tclass=dir permissive=1
09-25 20:54:32.071  5732  5732 W gedprovisioning: type=1300 audit(0.0:234): arch=c00000b7 syscall=34 success=yes exit=0 a0=ffffff9c a1=7f87330ac0 a2=1f9 a3=3a items=0 ppid=3180 auid=4294967295 uid=10016 gid=10016 euid=10016 suid=10016 fsuid=10016 egid=10016 sgid=10016 fsgid=10016 tty=(none) ses=4294967295 exe="/system/bin/app_process64" subj=u:r:platform_app:s0:c512,c768 key=(null)
09-25 20:54:32.071  3085  3085 W auditd  : type=1327 audit(0.0:234): proctitle="com.android.managedprovisioning"
09-25 20:54:32.071  3085  3085 W auditd  : type=1320 audit(0.0:234): 
09-25 20:54:32.083  5732  5732 I gedprovisioning: type=1400 audit(0.0:235): avc: denied { setattr } for name="code_cache" dev="sda24" ino=3121315 scontext=u:r:platform_app:s0:c512,c768 tcontext=u:object_r:system_data_file:s0:c512,c768 tclass=dir permissive=1
09-25 20:54:32.083  5732  5732 W gedprovisioning: type=1300 audit(0.0:235): arch=c00000b7 syscall=53 success=yes exit=0 a0=ffffff9c a1=7f87330b00 a2=1f9 a3=0 items=0 ppid=3180 auid=4294967295 uid=10016 gid=10016 euid=10016 suid=10016 fsuid=10016 egid=10016 sgid=10016 fsgid=10016 tty=(none) ses=4294967295 exe="/system/bin/app_process64" subj=u:r:platform_app:s0:c512,c768 key=(null)
09-25 20:54:32.083  3085  3085 W auditd  : type=1327 audit(0.0:235): proctitle="com.android.managedprovisioning"
09-25 20:54:32.083  3085  3085 W auditd  : type=1320 audit(0.0:235): 
09-25 20:54:32.106  3653  3712 I PreBootBroadcaster: Pre-boot of {com.android.providers.calendar/com.android.providers.calendar.CalendarUpgradeReceiver} for user 0
09-25 20:54:32.110  3653  3653 D ZenLog  : disable_effects: 0|android|0|PreBootBroadcaster|1000,booleanState
09-25 20:54:32.110  5303  5303 D CellBroadcastReceiver: onReceive Intent { act=android.intent.action.SIM_STATE_CHANGED flg=0x4000010 cmp=com.android.cellbroadcastreceiver/.CellBroadcastReceiver (has extras) }
09-25 20:54:32.110  5303  5303 D CellBroadcastReceiver: Default interval 0 did not change.
09-25 20:54:32.123  5010  5010 D SimSelectNotification:  no of slots 2 provision = false
09-25 20:54:32.126  5303  5303 D CellBroadcastReceiver: onReceive Intent { act=android.intent.action.SIM_STATE_CHANGED flg=0x4000010 cmp=com.android.cellbroadcastreceiver/.CellBroadcastReceiver (has extras) }
09-25 20:54:32.131  4959  4959 I VvmSimChangeReceiver: Sim removed, removing inactive accounts
09-25 20:54:32.138  5010  5010 D SimSelectNotification:  no of slots 2 provision = false
09-25 20:54:32.143  5303  5303 D CellBroadcastReceiver: onReceive Intent { act=android.intent.action.ACTION_DEFAULT_SMS_SUBSCRIPTION_CHANGED flg=0x20000010 cmp=com.android.cellbroadcastreceiver/.CellBroadcastReceiver (has extras) }
09-25 20:54:32.143  5303  5303 D CellBroadcastReceiver: Start Cell Broadcast configuration.
09-25 20:54:32.157  5303  5750 D CellBroadcastConfigService: Enable CellBroadcast on sub 1
09-25 20:54:32.163  3653  5598 I ActivityManager: Start proc 5751:com.android.messaging/u0a61 for broadcast com.android.messaging/.receiver.DefaultSmsSubscriptionChangeReceiver
09-25 20:54:32.189  5303  5750 E CellBroadcastConfigService: exception enabling cell broadcast channels
09-25 20:54:32.189  5303  5750 E CellBroadcastConfigService: java.lang.NullPointerException: Attempt to invoke virtual method 'java.lang.String android.content.ComponentName.getPackageName()' on a null object reference
09-25 20:54:32.189  5303  5750 E CellBroadcastConfigService: 	at android.os.Parcel.readException(Parcel.java:1690)
09-25 20:54:32.189  5303  5750 E CellBroadcastConfigService: 	at android.os.Parcel.readException(Parcel.java:1637)
09-25 20:54:32.189  5303  5750 E CellBroadcastConfigService: 	at com.android.internal.telephony.ISms$Stub$Proxy.isSmsSimPickActivityNeeded(ISms.java:1409)
09-25 20:54:32.189  5303  5750 E CellBroadcastConfigService: 	at android.telephony.SmsManager.getSubscriptionId(SmsManager.java:828)
09-25 20:54:32.189  5303  5750 E CellBroadcastConfigService: 	at android.telephony.SmsManager.enableCellBroadcastRange(SmsManager.java:1098)
09-25 20:54:32.189  5303  5750 E CellBroadcastConfigService: 	at com.android.cellbroadcastreceiver.CellBroadcastConfigService.setCellBroadcastRange(CellBroadcastConfigService.java:387)
09-25 20:54:32.189  5303  5750 E CellBroadcastConfigService: 	at com.android.cellbroadcastreceiver.CellBroadcastConfigService.setCellBroadcastOnSub(CellBroadcastConfigService.java:217)
09-25 20:54:32.189  5303  5750 E CellBroadcastConfigService: 	at com.android.cellbroadcastreceiver.CellBroadcastConfigService.onHandleIntent(CellBroadcastConfigService.java:96)
09-25 20:54:32.189  5303  5750 E CellBroadcastConfigService: 	at android.app.IntentService$ServiceHandler.handleMessage(IntentService.java:68)
09-25 20:54:32.189  5303  5750 E CellBroadcastConfigService: 	at android.os.Handler.dispatchMessage(Handler.java:102)
09-25 20:54:32.189  5303  5750 E CellBroadcastConfigService: 	at android.os.Looper.loop(Looper.java:154)
09-25 20:54:32.189  5303  5750 E CellBroadcastConfigService: 	at android.os.HandlerThread.run(HandlerThread.java:61)
09-25 20:54:32.203  5494  5741 I chatty  : uid=10009(com.android.providers.media) android.process.media expire 2 lines
09-25 20:54:32.219  5751  5751 W System  : ClassLoader referenced unknown path: /system/app/messaging/lib/arm64
