09-20 22:17:27.162  3753  3753 W PackageManager: Unable to disable com.google.android.gms/com.google.android.gms.update.SystemUpdateService$ActiveReceiver
09-20 22:17:27.162  3753  3753 V PackageManager: Disabling com.google.android.gms/com.google.android.gms.update.SystemUpdateService$SecretCodeReceiver
09-20 22:17:27.162  3753  3753 W PackageManager: Unable to disable com.google.android.gms/com.google.android.gms.update.SystemUpdateService$SecretCodeReceiver
09-20 22:17:27.162  3753  3753 V PackageManager: Disabling com.google.android.gms/com.google.android.gms.update.SystemUpdateServiceReceiver
09-20 22:17:27.162  3753  3753 W PackageManager: Unable to disable com.google.android.gms/com.google.android.gms.update.SystemUpdateServiceReceiver
09-20 22:17:27.163  3753  3753 V PackageManager: Enabling com.google.android.gsf/com.google.android.gsf.update.SystemUpdateService
09-20 22:17:27.163  3753  3753 V PackageManager: Enabling com.google.android.gms/com.google.android.gms.update.SystemUpdateService
09-20 22:17:27.222  3753  3753 I PackageManager.DexOptimizer: Running dexopt (dex2oat) on: /system/priv-app/GoogleExtServices/GoogleExtServices.apk pkg=com.google.android.ext.services isa=arm64 vmSafeMode=false debuggable=false target-filter=speed oatDir = null sharedLibraries=null
09-20 22:17:27.238  4050  4050 I dex2oat : /system/bin/dex2oat --compiler-filter=speed
09-20 22:17:27.318  4050  4050 I dex2oat : dex2oat took 80.614ms (threads: 8) arena alloc=339KB (347160B) java alloc=91KB (93936B) native alloc=1119KB (1146352B) free=2MB (3047952B)
09-20 22:17:27.321  3753  3753 I PackageManager.DexOptimizer: Running dexopt (dex2oat) on: /system/priv-app/TelephonyProvider/TelephonyProvider.apk pkg=com.android.providers.telephony isa=arm64 vmSafeMode=false debuggable=false target-filter=speed oatDir = null sharedLibraries=null
09-20 22:17:27.337  4059  4059 I dex2oat : /system/bin/dex2oat --compiler-filter=speed
09-20 22:17:27.532  4059  4059 I dex2oat : dex2oat took 195.331ms (threads: 8) arena alloc=8MB (8691912B) java alloc=262KB (268936B) native alloc=2MB (2128360B) free=12MB (13600280B)
09-20 22:17:27.535  3753  3753 I PackageManager.DexOptimizer: Running dexopt (dex2oat) on: /system/app/GoogleExtShared/GoogleExtShared.apk pkg=com.google.android.ext.shared isa=arm64 vmSafeMode=false debuggable=false target-filter=speed oatDir = null sharedLibraries=null
09-20 22:17:27.551  4068  4068 I dex2oat : /system/bin/dex2oat --compiler-filter=speed
09-20 22:17:27.615  4068  4068 I dex2oat : dex2oat took 64.288ms (threads: 8) arena alloc=78KB (79992B) java alloc=59KB (61032B) native alloc=880KB (901152B) free=1679KB (1720288B)
09-20 22:17:27.618  3753  3753 I PackageManager.DexOptimizer: Running dexopt (dex2oat) on: /system/priv-app/MmsService/MmsService.apk pkg=com.android.mms.service isa=arm64 vmSafeMode=false debuggable=false target-filter=speed oatDir = null sharedLibraries=null
09-20 22:17:27.633  4077  4077 I dex2oat : /system/bin/dex2oat --compiler-filter=speed
09-20 22:17:27.739  4077  4077 I dex2oat : dex2oat took 106.275ms (threads: 8) arena alloc=2MB (2367096B) java alloc=233KB (239056B) native alloc=1547KB (1585016B) free=4MB (4706440B)
09-20 22:17:27.742  3753  3753 I PackageManager.DexOptimizer: Running dexopt (dex2oat) on: /system/priv-app/DefaultContainerService/DefaultContainerService.apk pkg=com.android.defcontainer isa=arm64 vmSafeMode=false debuggable=false target-filter=speed oatDir = null sharedLibraries=null
09-20 22:17:27.758  4086  4086 I dex2oat : /system/bin/dex2oat --compiler-filter=speed
09-20 22:17:27.833  4086  4086 I dex2oat : dex2oat took 75.721ms (threads: 8) arena alloc=528KB (540752B) java alloc=101KB (104128B) native alloc=1148KB (1176032B) free=2MB (2493984B)
09-20 22:17:27.836  3753  3753 I PackageManager.DexOptimizer: Running dexopt (dex2oat) on: /system/priv-app/SettingsProvider/SettingsProvider.apk pkg=com.android.providers.settings isa=arm64 vmSafeMode=false debuggable=false target-filter=speed oatDir = null sharedLibraries=null
09-20 22:17:27.851  4095  4095 I dex2oat : /system/bin/dex2oat --compiler-filter=speed
09-20 22:17:28.072  4095  4095 I dex2oat : dex2oat took 221.382ms (threads: 8) arena alloc=6MB (6535256B) java alloc=268KB (274960B) native alloc=1609KB (1648352B) free=9MB (10410272B)
09-20 22:17:28.076  3753  3753 I PackageManager.DexOptimizer: Running dexopt (dex2oat) on: /system/priv-app/InputDevices/InputDevices.apk pkg=com.android.inputdevices isa=arm64 vmSafeMode=false debuggable=false target-filter=speed oatDir = null sharedLibraries=null
09-20 22:17:28.092  4104  4104 I dex2oat : /system/bin/dex2oat --compiler-filter=speed
09-20 22:17:28.155  4104  4104 I dex2oat : dex2oat took 64.101ms (threads: 8) arena alloc=15KB (15632B) java alloc=32KB (33200B) native alloc=865KB (885864B) free=1182KB (1211288B)
09-20 22:17:28.158  3753  3753 I PackageManager.DexOptimizer: Running dexopt (dex2oat) on: /system/app/ExtShared/ExtShared.apk pkg=android.ext.shared isa=arm64 vmSafeMode=false debuggable=false target-filter=speed oatDir = null sharedLibraries=null
09-20 22:17:28.173  4113  4113 I dex2oat : /system/bin/dex2oat --compiler-filter=speed
09-20 22:17:28.239  4113  4113 I dex2oat : dex2oat took 65.544ms (threads: 8) arena alloc=78KB (79992B) java alloc=55KB (57056B) native alloc=890KB (912208B) free=1669KB (1709232B)
09-20 22:17:28.241  3753  3753 I PackageManager.DexOptimizer: Running dexopt (dex2oat) on: /system/priv-app/Telecom/Telecom.apk pkg=com.android.server.telecom isa=arm64 vmSafeMode=false debuggable=false target-filter=speed oatDir = null sharedLibraries=null
09-20 22:17:28.257  4122  4122 I dex2oat : /system/bin/dex2oat --compiler-filter=speed
09-20 22:17:28.672  4122  4122 I dex2oat : dex2oat took 415.716ms (threads: 8) arena alloc=3MB (4038848B) java alloc=1032KB (1057464B) native alloc=3MB (4085688B) free=6MB (6924360B)
09-20 22:17:28.677  3753  3753 I PackageManager.DexOptimizer: Running dexopt (dex2oat) on: /system/priv-app/Dialer/Dialer.apk pkg=com.android.dialer isa=arm64 vmSafeMode=false debuggable=false target-filter=speed oatDir = null sharedLibraries=null
09-20 22:17:28.694  4131  4131 I dex2oat : /system/bin/dex2oat --compiler-filter=speed
09-20 22:17:28.888  4131  4138 W dex2oat : Before Android 4.1, method android.graphics.PorterDuffColorFilter android.support.graphics.drawable.VectorDrawableCompat.updateTintFilter(android.graphics.PorterDuffColorFilter, android.content.res.ColorStateList, android.graphics.PorterDuff$Mode) would have incorrectly overridden the package-private method in android.graphics.drawable.Drawable
09-20 22:17:28.903  4131  4131 W dex2oat : Before Android 4.1, method int android.support.v7.widget.ListViewCompat.lookForSelectablePosition(int, boolean) would have incorrectly overridden the package-private method in android.widget.ListView
09-20 22:17:30.240  4131  4131 I dex2oat : dex2oat took 1.545s (threads: 8) arena alloc=4MB (4810000B) java alloc=5MB (6120888B) native alloc=15MB (16098768B) free=7MB (7494192B)
09-20 22:17:30.246  3753  3753 I PackageManager.DexOptimizer: Running dexopt (dex2oat) on: /system/priv-app/CMSettingsProvider/CMSettingsProvider.apk pkg=org.cyanogenmod.cmsettings isa=arm64 vmSafeMode=false debuggable=false target-filter=speed oatDir = null sharedLibraries=null
09-20 22:17:30.263  4140  4140 I dex2oat : /system/bin/dex2oat --compiler-filter=speed
09-20 22:17:30.378  4140  4140 I dex2oat : dex2oat took 114.947ms (threads: 8) arena alloc=1933KB (1979888B) java alloc=240KB (246216B) native alloc=1696KB (1736936B) free=3MB (4030232B)
09-20 22:17:30.381  3753  3753 I PackageManager.DexOptimizer: Running dexopt (dex2oat) on: /system/priv-app/PackageInstaller/PackageInstaller.apk pkg=com.android.packageinstaller isa=arm64 vmSafeMode=false debuggable=false target-filter=speed oatDir = null sharedLibraries=null
09-20 22:17:30.398  4149  4149 I dex2oat : /system/bin/dex2oat --compiler-filter=speed
09-20 22:17:30.498  4149  4149 W dex2oat : Before Android 4.1, method android.graphics.PorterDuffColorFilter android.support.graphics.drawable.VectorDrawableCompat.updateTintFilter(android.graphics.PorterDuffColorFilter, android.content.res.ColorStateList, android.graphics.PorterDuff$Mode) would have incorrectly overridden the package-private method in android.graphics.drawable.Drawable
09-20 22:17:30.515  4149  4157 W dex2oat : Before Android 4.1, method int android.support.v7.widget.ListViewCompat.lookForSelectablePosition(int, boolean) would have incorrectly overridden the package-private method in android.widget.ListView
09-20 22:17:31.120  4149  4149 I dex2oat : dex2oat took 723.108ms (threads: 8) arena alloc=3MB (4020824B) java alloc=3MB (3970208B) native alloc=6MB (7090208B) free=6MB (7065568B)
09-20 22:17:31.126  3753  3753 I PackageManager.DexOptimizer: Running dexopt (dex2oat) on: /system/priv-app/ProxyHandler/ProxyHandler.apk pkg=com.android.proxyhandler isa=arm64 vmSafeMode=false debuggable=false target-filter=speed oatDir = null sharedLibraries=null
09-20 22:17:31.142  4158  4158 I dex2oat : /system/bin/dex2oat --compiler-filter=speed
09-20 22:17:31.221  4158  4158 I dex2oat : dex2oat took 79.798ms (threads: 8) arena alloc=1264KB (1294936B) java alloc=109KB (112576B) native alloc=1181KB (1209976B) free=2MB (2984328B)
09-20 22:17:31.225  3753  3753 I PackageManager.DexOptimizer: Running dexopt (dex2oat) on: /system/app/LatinIME/LatinIME.apk pkg=com.android.inputmethod.latin isa=arm64 vmSafeMode=false debuggable=false target-filter=speed oatDir = null sharedLibraries=null
09-20 22:17:31.241  4167  4167 I dex2oat : /system/bin/dex2oat --compiler-filter=speed
09-20 22:17:31.712  4167  4167 I dex2oat : dex2oat took 470.607ms (threads: 8) arena alloc=3MB (3417488B) java alloc=1642KB (1682184B) native alloc=4MB (4525880B) free=6MB (7008456B)
09-20 22:17:31.716  3753  3753 I PackageManager.DexOptimizer: Running dexopt (dex2oat) on: /system/priv-app/Settings/Settings.apk pkg=com.android.settings isa=arm64 vmSafeMode=false debuggable=false target-filter=speed oatDir = null sharedLibraries=null
09-20 22:17:31.733  4176  4176 I dex2oat : /system/bin/dex2oat --compiler-filter=speed
09-20 22:17:31.922  4176  4176 W dex2oat : Before Android 4.1, method android.graphics.PorterDuffColorFilter android.support.graphics.drawable.VectorDrawableCompat.updateTintFilter(android.graphics.PorterDuffColorFilter, android.content.res.ColorStateList, android.graphics.PorterDuff$Mode) would have incorrectly overridden the package-private method in android.graphics.drawable.Drawable
09-20 22:17:31.935  4176  4179 W dex2oat : Before Android 4.1, method int android.support.v7.widget.ListViewCompat.lookForSelectablePosition(int, boolean) would have incorrectly overridden the package-private method in android.widget.ListView
09-20 22:17:33.294  4176  4176 I dex2oat : dex2oat took 1.561s (threads: 8) arena alloc=4MB (4853144B) java alloc=9MB (9754096B) native alloc=16MB (16838792B) free=7MB (7802744B)
09-20 22:17:33.301  3753  3753 I PackageManager.DexOptimizer: Running dexopt (dex2oat) on: /system/priv-app/TeleService/TeleService.apk pkg=com.android.phone isa=arm64 vmSafeMode=false debuggable=false target-filter=speed oatDir = null sharedLibraries=null
09-20 22:17:33.318  4186  4186 I dex2oat : /system/bin/dex2oat --compiler-filter=speed
09-20 22:17:33.747  4186  4186 W dex2oat : Compilation of void com.android.phone.PhoneInterfaceManager$MainThreadHandler.handleMessage(android.os.Message) took 136.953ms
09-20 22:17:34.083  4186  4186 I dex2oat : dex2oat took 765.524ms (threads: 8) arena alloc=9MB (9553016B) java alloc=2MB (2539024B) native alloc=7MB (8020120B) free=12MB (12951400B)
09-20 22:17:34.089  3753  3753 I PackageManager.DexOptimizer: Running dexopt (dex2oat) on: /system/priv-app/Shell/Shell.apk pkg=com.android.shell isa=arm64 vmSafeMode=false debuggable=false target-filter=speed oatDir = null sharedLibraries=null
09-20 22:17:34.105  4195  4195 I dex2oat : /system/bin/dex2oat --compiler-filter=speed
09-20 22:17:34.260  4195  4195 I dex2oat : dex2oat took 154.869ms (threads: 8) arena alloc=2MB (2193152B) java alloc=317KB (325496B) native alloc=1751KB (1793784B) free=4MB (5021960B)
09-20 22:17:34.264  3753  3753 I PackageManager.DexOptimizer: Running dexopt (dex2oat) on: /system/priv-app/FusedLocation/FusedLocation.apk pkg=com.android.location.fused isa=arm64 vmSafeMode=false debuggable=false target-filter=speed oatDir = null sharedLibraries=/system/framework/com.android.location.provider.jar
09-20 22:17:34.280  4204  4204 I dex2oat : /system/bin/dex2oat --compiler-filter=speed
09-20 22:17:34.355  4204  4204 I dex2oat : dex2oat took 75.243ms (threads: 8) arena alloc=440KB (450728B) java alloc=151KB (154832B) native alloc=1270KB (1301184B) free=3MB (3941696B)
09-20 22:17:34.359  3753  3753 I PackageManager.DexOptimizer: Running dexopt (dex2oat) on: /system/priv-app/SystemUI/SystemUI.apk pkg=com.android.systemui isa=arm64 vmSafeMode=false debuggable=false target-filter=speed oatDir = null sharedLibraries=null
09-20 22:17:34.375  4213  4213 I dex2oat : /system/bin/dex2oat --compiler-filter=speed
09-20 22:17:34.587  4213  4219 W dex2oat : Before Android 4.1, method android.graphics.PorterDuffColorFilter android.support.graphics.drawable.VectorDrawableCompat.updateTintFilter(android.graphics.PorterDuffColorFilter, android.content.res.ColorStateList, android.graphics.PorterDuff$Mode) would have incorrectly overridden the package-private method in android.graphics.drawable.Drawable
09-20 22:17:34.604  4213  4218 W dex2oat : Before Android 4.1, method int android.support.v7.widget.ListViewCompat.lookForSelectablePosition(int, boolean) would have incorrectly overridden the package-private method in android.widget.ListView
09-20 22:17:36.082  4213  4213 I dex2oat : dex2oat took 1.707s (threads: 8) arena alloc=2MB (2806720B) java alloc=9MB (10280696B) native alloc=17MB (17891184B) free=5MB (6226064B)
09-20 22:17:36.094  3753  3753 I PackageManager.DexOptimizer: Running dexopt (dex2oat) on: /system/priv-app/WeatherManagerService/WeatherManagerService.apk pkg=org.cyanogenmod.weatherservice isa=arm64 vmSafeMode=false debuggable=false target-filter=speed oatDir = null sharedLibraries=null
09-20 22:17:36.131  4222  4222 I dex2oat : /system/bin/dex2oat --compiler-filter=speed
09-20 22:17:36.306  4222  4222 I dex2oat : dex2oat took 176.230ms (threads: 8) arena alloc=1908KB (1954136B) java alloc=407KB (416792B) native alloc=1449KB (1484768B) free=5MB (5330976B)
09-20 22:17:36.314  3753  3753 V PackageManager: Ephemeral resolver found; pkg: com.google.android.gms, info:ResolveInfo{e811bf2 com.google.android.gms/.chimera.PersistentBoundBrokerService m=0x108000}
09-20 22:17:36.315  3753  3753 I PackageManager: Ephemeral deactivated; missing installer
09-20 22:17:36.315  3753  3753 I art     : Starting a blocking GC Explicit
09-20 22:17:36.349  3753  3753 I art     : Explicit concurrent mark sweep GC freed 2489(141KB) AllocSpace objects, 1(20KB) LOS objects, 33% free, 10MB/15MB, paused 603us total 33.905ms
09-20 22:17:36.352  3753  3753 I SystemServer: StartOtaDexOptService
09-20 22:17:36.353  3753  3753 I SystemServer: StartUserManagerService
09-20 22:17:36.354  3753  3753 I SystemServiceManager: Starting com.android.server.pm.UserManagerService$LifeCycle
09-20 22:17:36.363  3277  3277 I lowmemorykiller: ActivityManager connected
09-20 22:17:36.364  3753  3753 I SystemServiceManager: Starting com.android.server.BatteryService
09-20 22:17:36.364  3753  4232 D SensorService: nuSensorService starting...
09-20 22:17:36.369  3753  3753 I SystemServiceManager: Starting com.android.server.usage.UsageStatsService
09-20 22:17:36.372  3753  4232 I MultiHal: Loaded library from /system/lib64/sensors.bio.so
09-20 22:17:36.374  3753  4232 I MultiHal: Loaded library from /system/lib64/sensors.sensorhub.so
09-20 22:17:36.374  3753  4232 D SensorsBio: HrmSensor_common::chipname:ADPD143RI, prox threshold:95000
09-20 22:17:36.375  3753  4232 D SensorsBio: HrmSensor_common::libflicker Library not found
09-20 22:17:36.371  4232  4232 I StartSensorThre: type=1400 audit(0.0:117): avc: denied { read } for name="max_hrm" dev="tmpfs" ino=20196 scontext=u:r:system_server:s0 tcontext=u:object_r:device:s0 tclass=chr_file permissive=1
09-20 22:17:36.375  3753  4232 E SensorsBio: HrmSensor_common::Error ADI Flicker Library...handle=0x0
09-20 22:17:36.375  3753  4232 D SensorsBio: HrmSensor_common:: Shared version Registered 
09-20 22:17:36.375  3753  4232 D SensorsBio: HrmSensor_common:: LogLevel : 0
09-20 22:17:36.376  3753  4232 I SensorsBio: GripSensor: generated
09-20 22:17:36.376  3753  4232 E Sensors : /sys/class/sensors/hidden_hole/hh_check_coef open success
09-20 22:17:36.371  4232  4232 I StartSensorThre: type=1400 audit(0.0:117): avc: denied { open } for path="/dev/max_hrm" dev="tmpfs" ino=20196 scontext=u:r:system_server:s0 tcontext=u:object_r:device:s0 tclass=chr_file permissive=1
09-20 22:17:36.371  4232  4232 W StartSensorThre: type=1300 audit(0.0:117): arch=c00000b7 syscall=56 success=yes exit=73 a0=ffffff9c a1=7f805407f0 a2=0 a3=0 items=0 ppid=3298 auid=4294967295 uid=1000 gid=1000 euid=1000 suid=1000 fsuid=1000 egid=1000 sgid=1000 fsgid=1000 tty=(none) ses=4294967295 exe="/system/bin/app_process64" subj=u:r:system_server:s0 key=(null)
09-20 22:17:36.371  3083  3083 W auditd  : type=1327 audit(0.0:117): proctitle="system_server"
09-20 22:17:36.371  3083  3083 W auditd  : type=1320 audit(0.0:117): 
09-20 22:17:36.378  3753  4232 E Sensors : LightSensor sysfs write success. 2
09-20 22:17:36.379  3753  4232 I Sensors : getName:gyro_sensor name = LSM6DSL.
09-20 22:17:36.380  3753  4232 I Sensors : Proximity old sensor_state 0, new sensor_state : 128 en : 1
09-20 22:17:36.392  3753  4232 I Sensors : Light old sensor_state 128, new sensor_state : 640 en : 1
09-20 22:17:36.396  3753  4232 I Sensors : Light_IR old sensor_state 640, new sensor_state : 16777856 en : 1
09-20 22:17:36.397  3753  3753 I SystemServiceManager: Starting com.android.server.webkit.WebViewUpdateService
09-20 22:17:36.398  3753  4232 I Sensors : Proximity Alert old sensor_state 16777856, new sensor_state : 1090519680 en : 1
09-20 22:17:36.401  3753  3753 I SystemServer: Reading configuration...
09-20 22:17:36.401  3753  3753 I SystemServer: StartSchedulingPolicyService
09-20 22:17:36.401  3753  3753 I SystemServiceManager: Starting com.android.server.telecom.TelecomLoaderService
09-20 22:17:36.401  3753  3753 I SystemServer: StartTelephonyRegistry
09-20 22:17:36.403  3753  3753 I SystemServer: StartEntropyMixer
09-20 22:17:36.403  3753  3753 W EntropyMixer: No existing entropy file -- first boot?
09-20 22:17:36.417  3753  4232 I Sensors : SigMotionSensor old sensor_state 1090519680, new sensor_state : 1090536064 en : 1
09-20 22:17:36.430  3753  4232 I Sensors : getName:gyro_sensor name = LSM6DSL.
09-20 22:17:36.431  3753  4232 I Sensors : StepCounterSensor old sensor_state 1090536064, new sensor_state : 1090798208 en : 1
09-20 22:17:36.433  3753  3753 I EntropyMixer: Added HW RNG output to entropy pool
09-20 22:17:36.433  3753  3753 I EntropyMixer: Writing entropy...
09-20 22:17:36.435  3753  4232 I Sensors : Int.Gyro old sensor_state 1090798208, new sensor_state : 1124352640 en : 1
09-20 22:17:36.437  3753  4232 I Sensors : getName:gyro_sensor name = LSM6DSL.
09-20 22:17:36.438  3753  4232 E Sensors : LightSensor /efs/FactoryApp/version chown success 0 1847681248 -2145256400
09-20 22:17:36.435  4232  4232 I StartSensorThre: type=1400 audit(0.0:118): avc: denied { setattr } for name="version" dev="sda3" ino=48 scontext=u:r:system_server:s0 tcontext=u:object_r:app_efs_file:s0 tclass=file permissive=1
09-20 22:17:36.435  4232  4232 W StartSensorThre: type=1300 audit(0.0:118): arch=c00000b7 syscall=54 success=yes exit=0 a0=ffffff9c a1=7f8052f3b9 a2=3e8 a3=3e9 items=0 ppid=3298 auid=4294967295 uid=1000 gid=1000 euid=1000 suid=1000 fsuid=1000 egid=1000 sgid=1000 fsgid=1000 tty=(none) ses=4294967295 exe="/system/bin/app_process64" subj=u:r:system_server:s0 key=(null)
09-20 22:17:36.435  3083  3083 W auditd  : type=1327 audit(0.0:118): proctitle="system_server"
09-20 22:17:36.435  3083  3083 W auditd  : type=1320 audit(0.0:118): 
09-20 22:17:36.438  3753  4232 E Sensors : LightSensor /efs/FactoryApp/predefine chown success /efs/FactoryApp/predefine0 1
09-20 22:17:36.438  3753  4232 E Sensors : LightSensor /efs/FactoryApp/predefine chown fail /efs/FactoryApp/predefine0 2
09-20 22:17:36.438  3753  4232 E Sensors : LightSensor /efs/FactoryApp/predefine chown fail /efs/FactoryApp/predefine0 3
09-20 22:17:36.438  3753  4232 E Sensors : LightSensor /efs/FactoryApp/predefine chown fail /efs/FactoryApp/predefine0 4
09-20 22:17:36.438  3753  4232 E Sensors : LightSensor /efs/FactoryApp/predefine chown fail /efs/FactoryApp/predefine0 5
09-20 22:17:36.438  3753  4232 E Sensors : LightSensor /efs/FactoryApp/predefine chown fail /efs/FactoryApp/predefine0 6
09-20 22:17:36.438  3753  4232 E Sensors : LightSensor /efs/FactoryApp/predefine chown fail /efs/FactoryApp/predefine0 7
09-20 22:17:36.438  3753  4232 E Sensors : LightSensor /efs/FactoryApp/predefine chown fail /efs/FactoryApp/predefine0 8
09-20 22:17:36.438  3753  4232 E Sensors : LightSensor /efs/FactoryApp/predefine chown fail /efs/FactoryApp/predefine0 9
09-20 22:17:36.438  3753  4232 E Sensors : LightSensor /efs/FactoryApp/predefine chown fail /efs/FactoryApp/predefine0 10
09-20 22:17:36.438  3753  4232 E Sensors : LightSensor /efs/FactoryApp/predefine chown fail /efs/FactoryApp/predefine0 11
09-20 22:17:36.438  3753  4232 E Sensors : LightSensor /efs/FactoryApp/predefine chown fail /efs/FactoryApp/predefine0 12
09-20 22:17:36.438  3753  4232 E Sensors : LightSensor /efs/FactoryApp/predefine chown fail /efs/FactoryApp/predefine0 13
09-20 22:17:36.438  3753  4232 E Sensors : LightSensor /efs/FactoryApp/predefine chown fail /efs/FactoryApp/predefine0 14
09-20 22:17:36.438  3753  4232 E Sensors : LightSensor /efs/FactoryApp/predefine chown fail /efs/FactoryApp/predefine0 15
09-20 22:17:36.439  3753  4232 I Sensors : sensors__get_sensors_list: hrm sensor name = ADPD143RI.
09-20 22:17:36.439  3753  4232 I Sensors : sensors__get_sensors_list: magnetic sensor name = AK09916C.
09-20 22:17:36.439  3753  4232 I Sensors : sensors__get_sensors_list: hrm sensor name = ADPD143RI.
09-20 22:17:36.439  3753  4232 I Sensors : sensors__get_sensors_list: magnetic sensor name = AK09916C.
09-20 22:17:36.439  3753  4232 D SensorsBio: HrmSensor_common::handle:4 ,en:0
09-20 22:17:36.439  3753  4232 D SensorsBio: HrmSensor_common:: already disabled : 2
09-20 22:17:36.439  3753  4232 D SensorsBio: HrmSensor_common::enabledMode:0
09-20 22:17:36.439  3753  4232 D SensorsBio: HrmSensor_common::handle:5 ,en:0
09-20 22:17:36.439  3753  4232 D SensorsBio: HrmSensor_common:: already disabled : 3
09-20 22:17:36.439  3753  4232 D SensorsBio: HrmSensor_common::enabledMode:0
09-20 22:17:36.439  3753  4232 D SensorsBio: HrmSensor_common::handle:6 ,en:0
09-20 22:17:36.439  3753  4232 D SensorsBio: HrmSensor_common:: already disabled : 4
09-20 22:17:36.439  3753  4232 D SensorsBio: HrmSensor_common::enabledMode:0
09-20 22:17:36.439  3753  4232 D SensorsBio: HrmSensor_common::handle:7 ,en:0
09-20 22:17:36.439  3753  4232 D SensorsBio: HrmSensor_common:: already disabled : 5
09-20 22:17:36.439  3753  4232 D SensorsBio: HrmSensor_common::enabledMode:0
09-20 22:17:36.439  3753  4232 D SensorsBio: HrmSensor_common::handle:3 ,en:0
09-20 22:17:36.439  3753  4232 D SensorsBio: HrmSensor_common:: already disabled : 1
09-20 22:17:36.439  3753  4232 D SensorsBio: HrmSensor_common::enabledMode:0
09-20 22:17:36.439  3753  4235 I Sensors : Proximity_Alert_Sensor - 0
09-20 22:17:36.439  3753  4232 I Sensors : Int.Gyro old sensor_state 1124352640, new sensor_state : 1090798208 en : 0
09-20 22:17:36.439  3753  4235 I Sensors : Proximity_Alert_Sensor Sync
09-20 22:17:36.443  3753  4232 I Sensors : Proximity old sensor_state 1090798208, new sensor_state : 1090798080 en : 0
09-20 22:17:36.445  3753  4232 I Sensors : Light old sensor_state 1090798080, new sensor_state : 1090797568 en : 0
09-20 22:17:36.447  3753  4232 I Sensors : Light_IR old sensor_state 1090797568, new sensor_state : 1074020352 en : 0
09-20 22:17:36.450  3753  4235 I Sensors : StepCounterSensor - 0
09-20 22:17:36.453  3753  4232 I Sensors : Proximity Alert old sensor_state 1074020352, new sensor_state : 278528 en : 0
09-20 22:17:36.456  3753  3753 I SystemServer: Camera Service
09-20 22:17:36.457  3753  3753 I SystemServiceManager: Starting com.android.server.camera.CameraService
09-20 22:17:36.458  3753  4232 I Sensors : StepCounterSensor old sensor_state 278528, new sensor_state : 16384 en : 0
09-20 22:17:36.459  3753  4236 I ServiceThread: Enabled StrictMode logging for CameraService_proxy looper.
09-20 22:17:36.460  3753  3753 I SystemServer: StartAccountManagerService
09-20 22:17:36.461  3753  3753 I SystemServiceManager: Starting com.android.server.accounts.AccountManagerService$Lifecycle
09-20 22:17:36.463  3753  4232 I Sensors : SigMotionSensor old sensor_state 16384, new sensor_state : 0 en : 0
09-20 22:17:36.467  3753  4232 I SensorService: Generated new HMAC key.
09-20 22:17:36.468  3753  4232 E ActivityManager: No such permission: com.samsung.permission.HRM_EXT
09-20 22:17:36.468  3753  4232 E ActivityManager: android.content.pm.PackageManager$NameNotFoundException: com.samsung.permission.HRM_EXT
09-20 22:17:36.468  3753  4232 E ActivityManager: 	at android.app.ApplicationPackageManager.getPermissionInfo(ApplicationPackageManager.java:271)
09-20 22:17:36.468  3753  4232 E ActivityManager: 	at com.android.server.am.ActivityManagerService$PermissionController.isRuntimePermission(ActivityManagerService.java:7914)
09-20 22:17:36.468  3753  4232 E ActivityManager: 	at android.os.IPermissionController$Stub.onTransact(IPermissionController.java:75)
09-20 22:17:36.468  3753  4232 E ActivityManager: 	at android.os.Binder.execTransact(Binder.java:565)
09-20 22:17:36.470  3753  4232 E ActivityManager: No such permission: com.samsung.permission.HRM_EXT
09-20 22:17:36.470  3753  4232 E ActivityManager: android.content.pm.PackageManager$NameNotFoundException: com.samsung.permission.HRM_EXT
09-20 22:17:36.470  3753  4232 E ActivityManager: 	at android.app.ApplicationPackageManager.getPermissionInfo(ApplicationPackageManager.java:271)
09-20 22:17:36.470  3753  4232 E ActivityManager: 	at com.android.server.am.ActivityManagerService$PermissionController.isRuntimePermission(ActivityManagerService.java:7914)
09-20 22:17:36.470  3753  4232 E ActivityManager: 	at android.os.IPermissionController$Stub.onTransact(IPermissionController.java:75)
09-20 22:17:36.470  3753  4232 E ActivityManager: 	at android.os.Binder.execTransact(Binder.java:565)
09-20 22:17:36.473  3753  4232 E ActivityManager: No such permission: com.samsung.permission.SSENSOR
09-20 22:17:36.473  3753  4232 E ActivityManager: android.content.pm.PackageManager$NameNotFoundException: com.samsung.permission.SSENSOR
09-20 22:17:36.473  3753  4232 E ActivityManager: 	at android.app.ApplicationPackageManager.getPermissionInfo(ApplicationPackageManager.java:271)
09-20 22:17:36.473  3753  4232 E ActivityManager: 	at com.android.server.am.ActivityManagerService$PermissionController.isRuntimePermission(ActivityManagerService.java:7914)
09-20 22:17:36.473  3753  4232 E ActivityManager: 	at android.os.IPermissionController$Stub.onTransact(IPermissionController.java:75)
09-20 22:17:36.473  3753  4232 E ActivityManager: 	at android.os.Binder.execTransact(Binder.java:565)
09-20 22:17:36.474  3753  3753 I SystemServer: StartContentService
09-20 22:17:36.474  3753  4232 E ActivityManager: No such permission: com.samsung.permission.SSENSOR
09-20 22:17:36.474  3753  4232 E ActivityManager: android.content.pm.PackageManager$NameNotFoundException: com.samsung.permission.SSENSOR
09-20 22:17:36.474  3753  4232 E ActivityManager: 	at android.app.ApplicationPackageManager.getPermissionInfo(ApplicationPackageManager.java:271)
09-20 22:17:36.474  3753  4232 E ActivityManager: 	at com.android.server.am.ActivityManagerService$PermissionController.isRuntimePermission(ActivityManagerService.java:7914)
09-20 22:17:36.474  3753  4232 E ActivityManager: 	at android.os.IPermissionController$Stub.onTransact(IPermissionController.java:75)
09-20 22:17:36.474  3753  4232 E ActivityManager: 	at android.os.Binder.execTransact(Binder.java:565)
09-20 22:17:36.474  3753  4232 D SensorService: [SO] ScreenOrientationSensor Registered!
09-20 22:17:36.474  3753  3753 I SystemServiceManager: Starting com.android.server.content.ContentService$Lifecycle
09-20 22:17:36.476  3753  4232 E ActivityManager: No such permission: com.samsung.permission.SSENSOR
09-20 22:17:36.476  3753  4232 E ActivityManager: android.content.pm.PackageManager$NameNotFoundException: com.samsung.permission.SSENSOR
09-20 22:17:36.476  3753  4232 E ActivityManager: 	at android.app.ApplicationPackageManager.getPermissionInfo(ApplicationPackageManager.java:271)
09-20 22:17:36.476  3753  4232 E ActivityManager: 	at com.android.server.am.ActivityManagerService$PermissionController.isRuntimePermission(ActivityManagerService.java:7914)
09-20 22:17:36.476  3753  4232 E ActivityManager: 	at android.os.IPermissionController$Stub.onTransact(IPermissionController.java:75)
09-20 22:17:36.476  3753  4232 E ActivityManager: 	at android.os.Binder.execTransact(Binder.java:565)
09-20 22:17:36.476  3753  4232 D SensorService: [DIAG] defined acc's resolution as wrong value 0.002394 
09-20 22:17:36.476  3753  4232 D SensorService: [DIAG] defined mag's resolution as wrong value 0.060000 
09-20 22:17:36.478  3753  3753 I SystemServer: InstallSystemProviders
09-20 22:17:36.480  3753  4232 D SensorService: HRMFusion_common::HRMFusion_common: Shared version Registered 
09-20 22:17:36.482  3753  3753 W System  : ClassLoader referenced unknown path: /system/priv-app/CMSettingsProvider/lib/arm64
09-20 22:17:36.483  3753  4232 E ActivityManager: No such permission: com.samsung.permission.SSENSOR
09-20 22:17:36.483  3753  4232 E ActivityManager: android.content.pm.PackageManager$NameNotFoundException: com.samsung.permission.SSENSOR
09-20 22:17:36.483  3753  4232 E ActivityManager: 	at android.app.ApplicationPackageManager.getPermissionInfo(ApplicationPackageManager.java:271)
09-20 22:17:36.483  3753  4232 E ActivityManager: 	at com.android.server.am.ActivityManagerService$PermissionController.isRuntimePermission(ActivityManagerService.java:7914)
09-20 22:17:36.483  3753  4232 E ActivityManager: 	at android.os.IPermissionController$Stub.onTransact(IPermissionController.java:75)
09-20 22:17:36.483  3753  4232 E ActivityManager: 	at android.os.Binder.execTransact(Binder.java:565)
09-20 22:17:36.485  3753  4232 D SensorService: OrientationSensor2 Registered!!!!
09-20 22:17:36.485  3753  4232 D SensorService: GravitySensor2 Registered!!!!
09-20 22:17:36.485  3753  4232 D SensorService: GravitySensor2 Registered!!!!
09-20 22:17:36.485  3753  4232 D SensorService: LinearAccelerationSensor2 Registered!!!!
09-20 22:17:36.487  3753  4237 D SensorService: new thread SensorEventAckReceiver
09-20 22:17:36.488  3753  4238 D SensorService: nuSensorService thread starting...
09-20 22:17:36.544  3753  3753 D ActivityThread: Loading provider settings: com.android.providers.settings.SettingsProvider
09-20 22:17:36.546  3753  3753 W System  : ClassLoader referenced unknown path: /system/priv-app/SettingsProvider/lib/arm64
09-20 22:17:36.547  3753  3753 D ApplicationLoaders: ignored Vulkan layer search path /system/priv-app/SettingsProvider/lib/arm64:/system/priv-app/SettingsProvider/SettingsProvider.apk!/lib/arm64-v8a:/system/lib64:/vendor/lib64 for namespace 0x7f86be7160
09-20 22:17:36.649  3753  3753 I SettingsState: No settings state /data/system/users/0/settings_system.xml
09-20 22:17:36.663  3753  3753 I SettingsState: No settings state /data/system/users/0/settings_secure.xml
09-20 22:17:36.666  3753  3753 D SettingsProvider: Generated and saved new ANDROID_ID [e9c19c5a9f164ad9] for user 0
09-20 22:17:36.678  3753  3753 I SettingsState: No settings state /data/system/users/0/settings_global.xml
09-20 22:17:36.739  3753  3753 I SystemServer: StartVibratorService
09-20 22:17:36.747  3753  3753 I SystemServer: StartConsumerIrService
09-20 22:17:36.747  3753  3753 E ConsumerIrService: Can't open consumer IR HW Module, error: -2
09-20 22:17:36.750  3753  3753 I SystemServer: StartAlarmManagerService
09-20 22:17:36.750  3753  3753 I SystemServiceManager: Starting com.android.server.AlarmManagerService
09-20 22:17:36.762  3753  3753 I SystemServer: InitWatchdog
09-20 22:17:36.763  3753  3753 I SystemServer: StartInputManagerService
09-20 22:17:36.764  3753  3753 I InputManager: Initializing input manager, mUseDevInputEventForAudioJack=false
09-20 22:17:36.769  3753  3753 I SystemServer: StartWindowManagerService
09-20 22:17:36.791  3753  3820 I WindowManager: No existing display settings /data/system/display_settings.xml; starting empty
09-20 22:17:36.812  3753  3814 I CameraManagerGlobal: Connecting to camera service
09-20 22:17:36.816  3289  3289 E CameraService: getCameraVendorTagDescriptor: camera hardware module doesn't exist
09-20 22:17:36.824  3753  3814 E SensorService: getSensorList a sensor (HRM Sensor) without enabled required app op: 127
09-20 22:17:36.824  3753  3814 I SensorService: Skipped sensor HRM Sensor because it requires permission com.samsung.permission.SSENSOR and app op 127
09-20 22:17:36.923  3753  3753 I SystemServer: StartVrManagerService
09-20 22:17:36.923  3753  3753 I SystemServiceManager: Starting com.android.server.vr.VrManagerService
09-20 22:17:36.926  3753  3753 W VrManagerService: init_native: Could not open VR hardware module, error No such file or directory (-2).
09-20 22:17:36.931  3753  3753 I InputManager: Starting input manager
09-20 22:17:36.935  3753  4258 D EventHub: No input device configuration file found for device 'certify_hall'.
09-20 22:17:36.942  3753  3753 I SystemServiceManager: Starting com.android.server.BluetoothService
09-20 22:17:36.944  3753  3753 D BluetoothManagerService: Loading stored name and address
09-20 22:17:36.945  3753  3753 D BluetoothManagerService: Stored bluetooth Name=null,Address=null
09-20 22:17:36.945  3753  3753 D BluetoothManagerService: Bluetooth persisted state: 0
09-20 22:17:36.945  3753  3753 I SystemServer: ConnectivityMetricsLoggerService
09-20 22:17:36.945  3753  3753 I SystemServiceManager: Starting com.android.server.connectivity.MetricsLoggerService
09-20 22:17:36.947  3753  3753 I SystemServer: IpConnectivityMetrics
09-20 22:17:36.947  3753  3753 I SystemServiceManager: Starting com.android.server.connectivity.IpConnectivityMetrics
09-20 22:17:36.950  3753  3753 I SystemServer: PinnerService
09-20 22:17:36.950  3753  3753 I SystemServiceManager: Starting com.android.server.PinnerService
09-20 22:17:36.952  3753  3753 I SystemServiceManager: Starting com.android.server.InputMethodManagerService$Lifecycle
09-20 22:17:36.968  3753  4258 D EventHub: No input device configuration file found for device 'Headset'.
09-20 22:17:36.974  3753  4258 W EventHub: Unable to disable kernel key repeat for /dev/input/event15: Function not implemented
09-20 22:17:36.974  3753  4258 I EventHub: New device: id=2, fd=125, path='/dev/input/event15', name='Headset', classes=0x1, configuration='', keyLayout='/system/usr/keylayout/Generic.kl', keyCharacterMap='/system/usr/keychars/Generic.kcm', builtinKeyboard=false, wakeMechanism=EPOLLWAKEUP, usingClockIoctl=true
09-20 22:17:36.974  3753  4258 D EventHub: No input device configuration file found for device 'gpio_keys'.
09-20 22:17:36.978  3753  4258 W EventHub: Unable to disable kernel key repeat for /dev/input/event16: Function not implemented
09-20 22:17:36.978  3753  4258 I EventHub: New device: id=3, fd=126, path='/dev/input/event16', name='gpio_keys', classes=0x1, configuration='', keyLayout='/system/usr/keylayout/Generic.kl', keyCharacterMap='/system/usr/keychars/Generic.kcm', builtinKeyboard=false, wakeMechanism=EPOLLWAKEUP, usingClockIoctl=true
09-20 22:17:36.978  3753  4258 E EventHub: could not get driver version for /dev/input/mouse1, Not a typewriter
09-20 22:17:37.009  3753  4258 D EventHub: No input device configuration file found for device 'sec_touchpad'.
09-20 22:17:37.012  3753  4258 W EventHub: Unable to disable kernel key repeat for /dev/input/event1: Function not implemented
09-20 22:17:37.012  3753  4258 I EventHub: New device: id=4, fd=128, path='/dev/input/event1', name='sec_touchpad', classes=0x15, configuration='', keyLayout='/system/usr/keylayout/Generic.kl', keyCharacterMap='/system/usr/keychars/Generic.kcm', builtinKeyboard=false, wakeMechanism=EPOLLWAKEUP, usingClockIoctl=true
09-20 22:17:37.013  3753  4258 E EventHub: could not get driver version for /dev/input/mouse0, Not a typewriter
09-20 22:17:37.096  3753  3753 W System  : ClassLoader referenced unknown path: 
09-20 22:17:37.098  3753  3753 D ApplicationLoaders: ignored Vulkan layer search path /system/app/LatinIME/lib/arm64:/system/fake-libs64:/system/app/LatinIME/LatinIME.apk!/lib/arm64-v8a:/system/lib64:/vendor/lib64 for namespace 0x7f86be71d0
09-20 22:17:37.121  3753  4258 W EventHub: Unable to disable kernel key repeat for /dev/input/event0: Function not implemented
09-20 22:17:37.122  3753  4258 I EventHub: New device: id=5, fd=129, path='/dev/input/event0', name='sec_touchscreen', classes=0x15, configuration='/system/usr/idc/sec_touchscreen.idc', keyLayout='/system/usr/keylayout/Generic.kl', keyCharacterMap='/system/usr/keychars/Generic.kcm', builtinKeyboard=false, wakeMechanism=EPOLLWAKEUP, usingClockIoctl=true
09-20 22:17:37.122  3753  4258 D EventHub: No input device configuration file found for device 'hall'.
09-20 22:17:37.147  3753  3753 W InputMethodManagerService: No IME selected. Choose the most applicable IME.
09-20 22:17:37.148  3753  3753 I InputMethodManagerService: Default found, using com.android.inputmethod.latin/.LatinIME
09-20 22:17:37.150  3753  3753 I SystemServer: StartAccessibilityManagerService
09-20 22:17:37.152  3753  4258 D EventHub: No input device configuration file found for device 'ssp_context'.
09-20 22:17:37.159  3753  3753 I ActivityManager: Config changes=1df8 {1.0 ?mcc?mnc [en_US] ldltr sw411dp w411dp h845dp 560dpi nrml long port ?uimode ?night -touch -keyb/h/h -nav/h s.2}
09-20 22:17:37.163  3753  3812 I UsageStatsDatabase: Upgrading from version 0 to 3
09-20 22:17:37.163  3753  3812 I UsageStatsDatabase: Deleting all usage stats files
09-20 22:17:37.165  3753  3753 I ActivityManager: Config changes=400 {1.0 ?mcc?mnc [en_US] ldltr sw411dp w411dp h773dp 560dpi nrml long port ?uimode ?night -touch -keyb/h/h -nav/h s.3}
09-20 22:17:37.166  3753  3812 I UsageStatsService: User[0] Rollover scheduled @ 2017-09-21 22:17:37(1506032257160)
09-20 22:17:37.166  3753  3812 D UsageStatsService: Initializing defaults for system apps on user 0
09-20 22:17:37.172  3753  3812 E AppIdleHistory: Unable to read app idle file for user 0
09-20 22:17:37.172  3753  4258 D EventHub: No input device configuration file found for device 'meta_event'.
09-20 22:17:37.173  3753  3753 W LocalDisplayAdapter: Unable to find color mode 0, ignoring request.
09-20 22:17:37.183  3753  3753 I SystemServiceManager: Starting com.android.server.MountService$Lifecycle
09-20 22:17:37.184  3753  3820 W LocalDisplayAdapter: Unable to find color mode 0, ignoring request.
09-20 22:17:37.188  3753  4258 D EventHub: No input device configuration file found for device 'interrupt_gyro_sensor'.
09-20 22:17:37.195  3753  3753 I SystemServiceManager: Starting com.android.server.UiModeManagerService
09-20 22:17:37.195  3753  4259 D MountService: Thinking about init, mSystemReady=false, mDaemonConnected=true
09-20 22:17:37.195  3753  4259 D MountService: Thinking about reset, mSystemReady=false, mDaemonConnected=true
09-20 22:17:37.195  3753  4259 D MountService: Thinking about init, mSystemReady=false, mDaemonConnected=true
09-20 22:17:37.195  3753  4259 D MountService: Thinking about reset, mSystemReady=false, mDaemonConnected=true
09-20 22:17:37.196  3753  4259 D CryptdConnector: SND -> {1 cryptfs getfield SystemLocale}
09-20 22:17:37.196  3753  3753 I ActivityManager: Config changes=200 {1.0 ?mcc?mnc [en_US] ldltr sw411dp w411dp h773dp 560dpi nrml long port -touch -keyb/h/h -nav/h s.4}
09-20 22:17:37.197  3753  4261 D CryptdConnector: RCV <- {200 1 -1}
09-20 22:17:37.201  3753  4259 W MountService: No primary storage mounted!
09-20 22:17:37.202  3753  4259 D VoldConnector: SND -> {1 asec list}
09-20 22:17:37.203  3753  4260 D VoldConnector: RCV <- {200 1 asec operation succeeded}
09-20 22:17:37.204  3753  4259 I PackageManager: No secure containers found
09-20 22:17:37.208  3753  4258 D EventHub: No input device configuration file found for device 'step_cnt_sensor'.
09-20 22:17:37.214  3753  4259 W PackageManager: Not granting permission android.permission.MANAGE_DOCUMENTS to package com.google.android.youtube (protectionLevel=2 flags=0x38dbbe45)
09-20 22:17:37.214  3753  4259 W PackageManager: Unknown permission com.sec.android.provider.badge.permission.READ in package com.google.android.youtube
09-20 22:17:37.214  3753  4259 W PackageManager: Unknown permission com.sec.android.provider.badge.permission.WRITE in package com.google.android.youtube
09-20 22:17:37.214  3753  4259 W PackageManager: Unknown permission com.htc.launcher.permission.READ_SETTINGS in package com.google.android.youtube
09-20 22:17:37.214  3753  4259 W PackageManager: Unknown permission com.htc.launcher.permission.UPDATE_SHORTCUT in package com.google.android.youtube
09-20 22:17:37.214  3753  4259 W PackageManager: Unknown permission com.sonyericsson.home.permission.BROADCAST_BADGE in package com.google.android.youtube
09-20 22:17:37.214  3753  4259 W PackageManager: Unknown permission com.sonymobile.home.permission.PROVIDER_INSERT_BADGE in package com.google.android.youtube
09-20 22:17:37.214  3753  4259 W PackageManager: Unknown permission com.google.android.voicesearch.SHORTCUTS_ACCESS in package com.google.android.googlequicksearchbox
09-20 22:17:37.214  3753  4259 W PackageManager: Unknown permission com.google.android.voicesearch.ACCESS_SETTINGS in package com.google.android.googlequicksearchbox
09-20 22:17:37.214  3753  4259 W PackageManager: Unknown permission com.android.browser.permission.PRELOAD in package com.google.android.googlequicksearchbox
09-20 22:17:37.214  3753  4259 W PackageManager: Unknown permission com.google.android.ears.permission.WRITE in package com.google.android.googlequicksearchbox
09-20 22:17:37.214  3753  4259 W PackageManager: Unknown permission com.google.googlenav.friend.permission.OPT_IN in package com.google.android.googlequicksearchbox
09-20 22:17:37.215  3753  4259 W PackageManager: Unknown permission com.google.android.apps.googlevoice.permission.AUTO_SEND in package com.google.android.googlequicksearchbox
09-20 22:17:37.215  3753  4259 W PackageManager: Unknown permission com.google.android.hangouts.START_HANGOUT in package com.google.android.googlequicksearchbox
09-20 22:17:37.215  3753  4259 W PackageManager: Unknown permission com.android.chrome.PRERENDER_URL in package com.google.android.googlequicksearchbox
09-20 22:17:37.215  3753  4259 W PackageManager: Not granting permission com.google.android.googleapps.permission.GOOGLE_AUTH to package com.android.providers.calendar (protectionLevel=2 flags=0x30883e45)
09-20 22:17:37.215  3753  4259 W PackageManager: Not granting permission com.google.android.googleapps.permission.GOOGLE_AUTH.cl to package com.android.providers.calendar (protectionLevel=2 flags=0x30883e45)
09-20 22:17:37.217  3753  4259 W PackageManager: Unknown permission com.google.android.ims.providers.ACCESS_DATA in package com.google.android.apps.messaging
09-20 22:17:37.217  3753  4259 W PackageManager: Unknown permission com.google.android.ims.LOG_ACCESS in package com.google.android.apps.messaging
09-20 22:17:37.217  3753  4259 W PackageManager: Unknown permission com.google.android.setupwizard.READ_DEVICE_ORIGIN in package com.google.android.apps.messaging
09-20 22:17:37.217  3753  4259 W PackageManager: Unknown permission com.google.android.setupwizard.READ_DEVICE_ORIGIN_FIRST_PARTY in package com.google.android.apps.messaging
09-20 22:17:37.218  3753  4259 W PackageManager: Unknown permission com.sec.android.provider.badge.permission.READ in package com.google.android.apps.messaging
09-20 22:17:37.218  3753  4259 W PackageManager: Unknown permission com.sec.android.provider.badge.permission.WRITE in package com.google.android.apps.messaging
09-20 22:17:37.218  3753  4259 W PackageManager: Unknown permission com.htc.launcher.permission.READ_SETTINGS in package com.google.android.apps.messaging
09-20 22:17:37.218  3753  4259 W PackageManager: Unknown permission com.htc.launcher.permission.UPDATE_SHORTCUT in package com.google.android.apps.messaging
09-20 22:17:37.218  3753  4259 W PackageManager: Unknown permission com.sonyericsson.home.permission.BROADCAST_BADGE in package com.google.android.apps.messaging
09-20 22:17:37.218  3753  4259 W PackageManager: Unknown permission com.sonymobile.home.permission.PROVIDER_INSERT_BADGE in package com.google.android.apps.messaging
09-20 22:17:37.218  3753  4259 W PackageManager: Unknown permission com.anddoes.launcher.permission.UPDATE_COUNT in package com.google.android.apps.messaging
09-20 22:17:37.218  3753  4259 W PackageManager: Unknown permission com.majeur.launcher.permission.UPDATE_BADGE in package com.google.android.apps.messaging
09-20 22:17:37.218  3753  4259 W PackageManager: Unknown permission com.huawei.android.launcher.permission.CHANGE_BADGE in package com.google.android.apps.messaging
09-20 22:17:37.219  3753  4259 W PackageManager: Unknown permission com.huawei.android.launcher.permission.READ_SETTINGS in package com.google.android.apps.messaging
09-20 22:17:37.219  3753  4259 W PackageManager: Unknown permission com.huawei.android.launcher.permission.WRITE_SETTINGS in package com.google.android.apps.messaging
09-20 22:17:37.219  3753  4259 W PackageManager: Unknown permission android.permission.READ_APP_BADGE in package com.google.android.apps.messaging
09-20 22:17:37.219  3753  4259 W PackageManager: Unknown permission com.oppo.launcher.permission.READ_SETTINGS in package com.google.android.apps.messaging
09-20 22:17:37.219  3753  4259 W PackageManager: Unknown permission com.oppo.launcher.permission.WRITE_SETTINGS in package com.google.android.apps.messaging
09-20 22:17:37.219  3753  4259 W PackageManager: Unknown permission cyanogenmod.permission.LEGALESE in package com.cyanogenmod.setupwizard
09-20 22:17:37.219  3753  4259 W PackageManager: Not granting permission android.permission.SEND_DOWNLOAD_COMPLETED_INTENTS to package com.android.vending (protectionLevel=2 flags=0x38cabe45)
09-20 22:17:37.220  3753  4259 W PackageManager: Not granting permission android.permission.SET_PREFERRED_APPLICATIONS to package com.android.vending (protectionLevel=2 flags=0x38cabe45)
09-20 22:17:37.220  3753  4259 W PackageManager: Unknown permission android.permission.ACCESS_INSTANT_APPS in package com.android.vending
09-20 22:17:37.220  3753  4259 W PackageManager: Unknown permission android.permission.ALLOCATE_AGGRESSIVE in package com.android.vending
09-20 22:17:37.220  3753  4259 W PackageManager: Unknown permission com.sec.android.provider.badge.permission.READ in package com.android.vending
09-20 22:17:37.220  3753  4259 W PackageManager: Unknown permission com.sec.android.provider.badge.permission.WRITE in package com.android.vending
09-20 22:17:37.220  3753  4259 W PackageManager: Unknown permission com.htc.launcher.permission.READ_SETTINGS in package com.android.vending
09-20 22:17:37.220  3753  4259 W PackageManager: Unknown permission com.htc.launcher.permission.UPDATE_SHORTCUT in package com.android.vending
09-20 22:17:37.220  3753  4259 W PackageManager: Unknown permission com.sonyericsson.home.permission.BROADCAST_BADGE in package com.android.vending
09-20 22:17:37.220  3753  4259 W PackageManager: Unknown permission com.sonymobile.home.permission.PROVIDER_INSERT_BADGE in package com.android.vending
09-20 22:17:37.220  3753  4259 W PackageManager: Unknown permission com.anddoes.launcher.permission.UPDATE_COUNT in package com.android.vending
09-20 22:17:37.220  3753  4259 W PackageManager: Unknown permission com.majeur.launcher.permission.UPDATE_BADGE in package com.android.vending
09-20 22:17:37.220  3753  4259 W PackageManager: Unknown permission com.huawei.android.launcher.permission.CHANGE_BADGE in package com.android.vending
09-20 22:17:37.220  3753  4259 W PackageManager: Unknown permission com.huawei.android.launcher.permission.READ_SETTINGS in package com.android.vending
09-20 22:17:37.220  3753  4259 W PackageManager: Unknown permission com.huawei.android.launcher.permission.WRITE_SETTINGS in package com.android.vending
09-20 22:17:37.220  3753  4259 W PackageManager: Unknown permission android.permission.READ_APP_BADGE in package com.android.vending
09-20 22:17:37.220  3753  4259 W PackageManager: Unknown permission com.oppo.launcher.permission.READ_SETTINGS in package com.android.vending
09-20 22:17:37.220  3753  4259 W PackageManager: Unknown permission com.oppo.launcher.permission.WRITE_SETTINGS in package com.android.vending
09-20 22:17:37.221  3753  4259 W PackageManager: Unknown permission com.android.gallery3d.permission.STORAGE_CHANGE in package com.android.camera2
09-20 22:17:37.221  3753  4259 W PackageManager: Unknown permission android.permission.NFC_UNLOCK in package com.android.nfc
09-20 22:17:37.222  3753  4259 W PackageManager: Unknown permission com.android.launcher.permission.READ_SETTINGS in package com.google.android.launcher
