09-08 05:54:33.948  4941  4954 D IccSmsInterfaceManager: [IccSmsInterfaceManager] Calling setCellBroadcastActivation(true)
09-08 05:54:33.967  4941  5422 D IccSmsInterfaceManager: [IccSmsInterfaceManager] Added GSM cell broadcast subscription for MID range 4356 to 4356 from client com.android.cellbroadcastreceiver
09-08 05:54:33.967  4941  5422 D IccSmsInterfaceManager: [IccSmsInterfaceManager] Calling setCellBroadcastActivation(true)
09-08 05:54:33.985  4941  5683 D IccSmsInterfaceManager: [IccSmsInterfaceManager] Failed to remove GSM cell broadcast subscription for MID range 4355 to 4355 from client com.android.cellbroadcastreceiver
09-08 05:54:33.999  4941  4954 D IccSmsInterfaceManager: [IccSmsInterfaceManager] Added GSM cell broadcast subscription for MID range 4370 to 4370 from client com.android.cellbroadcastreceiver
09-08 05:54:33.999  4941  4954 D IccSmsInterfaceManager: [IccSmsInterfaceManager] Calling setCellBroadcastActivation(true)
09-08 05:54:34.017  4941  5422 D IccSmsInterfaceManager: [IccSmsInterfaceManager] Added GSM cell broadcast subscription for MID range 4371 to 4372 from client com.android.cellbroadcastreceiver
09-08 05:54:34.017  4941  5422 D IccSmsInterfaceManager: [IccSmsInterfaceManager] Calling setCellBroadcastActivation(true)
09-08 05:54:34.045  4941  5683 D IccSmsInterfaceManager: [IccSmsInterfaceManager] Added GSM cell broadcast subscription for MID range 4373 to 4378 from client com.android.cellbroadcastreceiver
09-08 05:54:34.045  4941  5683 D IccSmsInterfaceManager: [IccSmsInterfaceManager] Calling setCellBroadcastActivation(true)
09-08 05:54:34.051  5196  5196 I pool-1-thread-1: type=1400 audit(0.0:328): avc: denied { write } for name="shared_prefs" dev="sda24" ino=3121283 scontext=u:r:radio:s0 tcontext=u:object_r:system_data_file:s0 tclass=dir permissive=1
09-08 05:54:34.051  5196  5196 I pool-1-thread-1: type=1400 audit(0.0:328): avc: denied { add_name } for name="preferred-apn.xml" scontext=u:r:radio:s0 tcontext=u:object_r:system_data_file:s0 tclass=dir permissive=1
09-08 05:54:34.051  5196  5196 I pool-1-thread-1: type=1400 audit(0.0:328): avc: denied { create } for name="preferred-apn.xml" scontext=u:r:radio:s0 tcontext=u:object_r:system_data_file:s0 tclass=file permissive=1
09-08 05:54:34.051  5196  5196 I pool-1-thread-1: type=1400 audit(0.0:328): avc: denied { write } for path="/data/user_de/0/com.android.providers.telephony/shared_prefs/preferred-apn.xml" dev="sda24" ino=3121346 scontext=u:r:radio:s0 tcontext=u:object_r:system_data_file:s0 tclass=file permissive=1
09-08 05:54:34.051  5196  5196 W pool-1-thread-1: type=1300 audit(0.0:328): arch=c00000b7 syscall=56 success=yes exit=89 a0=ffffff9c a1=7fa273c610 a2=241 a3=1b6 items=0 ppid=3162 auid=4294967295 uid=1001 gid=1001 euid=1001 suid=1001 fsuid=1001 egid=1001 sgid=1001 fsgid=1001 tty=(none) ses=4294967295 exe="/system/bin/app_process64" subj=u:r:radio:s0 key=(null)
09-08 05:54:34.051  3073  3073 W auditd  : type=1327 audit(0.0:328): proctitle="com.android.phone"
09-08 05:54:34.051  3073  3073 W auditd  : type=1320 audit(0.0:328): 
09-08 05:54:34.055  4941  4941 D TelephonyProvider: subIdString = 1 subId = 1
09-08 05:54:34.056  4941  4941 D TelephonyProvider: deletePreferredApn: for subId 1
09-08 05:54:34.059  4941  4941 D TelephonyProvider: subIdString = 1 subId = 1
09-08 05:54:34.063  5196  5196 I pool-1-thread-1: type=1400 audit(0.0:329): avc: denied { setattr } for name="preferred-apn.xml" dev="sda24" ino=3121346 scontext=u:r:radio:s0 tcontext=u:object_r:system_data_file:s0 tclass=file permissive=1
09-08 05:54:34.063  5196  5196 W pool-1-thread-1: type=1300 audit(0.0:329): arch=c00000b7 syscall=53 success=yes exit=0 a0=ffffff9c a1=7fa273c610 a2=1b0 a3=0 items=0 ppid=3162 auid=4294967295 uid=1001 gid=1001 euid=1001 suid=1001 fsuid=1001 egid=1001 sgid=1001 fsgid=1001 tty=(none) ses=4294967295 exe="/system/bin/app_process64" subj=u:r:radio:s0 key=(null)
09-08 05:54:34.063  3073  3073 W auditd  : type=1327 audit(0.0:329): proctitle="com.android.phone"
09-08 05:54:34.063  3073  3073 W auditd  : type=1320 audit(0.0:329): 
09-08 05:54:34.063  5196  5196 I pool-1-thread-1: type=1400 audit(0.0:330): avc: denied { remove_name } for name="preferred-apn.xml" dev="sda24" ino=3121346 scontext=u:r:radio:s0 tcontext=u:object_r:system_data_file:s0 tclass=dir permissive=1
09-08 05:54:34.063  5196  5196 I pool-1-thread-1: type=1400 audit(0.0:330): avc: denied { rename } for name="preferred-apn.xml" dev="sda24" ino=3121346 scontext=u:r:radio:s0 tcontext=u:object_r:system_data_file:s0 tclass=file permissive=1
09-08 05:54:34.063  5196  5196 W pool-1-thread-1: type=1300 audit(0.0:330): arch=c00000b7 syscall=38 success=yes exit=0 a0=ffffff9c a1=7fa273c610 a2=ffffff9c a3=7fa2781cc0 items=0 ppid=3162 auid=4294967295 uid=1001 gid=1001 euid=1001 suid=1001 fsuid=1001 egid=1001 sgid=1001 fsgid=1001 tty=(none) ses=4294967295 exe="/system/bin/app_process64" subj=u:r:radio:s0 key=(null)
09-08 05:54:34.063  3073  3073 W auditd  : type=1327 audit(0.0:330): proctitle="com.android.phone"
09-08 05:54:34.063  3073  3073 W auditd  : type=1320 audit(0.0:330): 
09-08 05:54:34.067  4941  4954 D IccSmsInterfaceManager: [IccSmsInterfaceManager] Added GSM cell broadcast subscription for MID range 4379 to 4379 from client com.android.cellbroadcastreceiver
09-08 05:54:34.067  4941  4954 D IccSmsInterfaceManager: [IccSmsInterfaceManager] Calling setCellBroadcastActivation(true)
09-08 05:54:34.088  3569  5263 D ConnectivityService: registerNetworkAgent NetworkAgentInfo{ ni{[type: MOBILE[HSPA+], state: CONNECTED/CONNECTED, reason: connected, extra: gprs.personal.com, failover: false, available: true, roaming: false, metered: true]}  network{100}  nethandle{429513165534}  lp{{InterfaceName: rmnet1 LinkAddresses: [181.4.159.60/32,]  Routes: [0.0.0.0/0 -> 181.4.159.1 rmnet1,] DnsAddresses: [181.88.86.156,181.88.86.164,] Domains: null MTU: 1500 TcpBufferSizes: 40778,244668,734003,16777,100663,301990}}  nc{[ Transports: CELLULAR Capabilities: SUPL&INTERNET&NOT_RESTRICTED&TRUSTED&NOT_VPN LinkUpBandwidth>=5898Kbps LinkDnBandwidth>=14336Kbps Specifier: <1>]}  Score{10}  everValidated{false}  lastValidated{false}  created{false} lingering{false} explicitlySelected{false} acceptUnvalidated{false} everCaptivePortalDetected{false} lastCaptivePortalDetected{false} }
09-08 05:54:34.088  3569  4696 D ConnectivityService: NetworkAgentInfo [MOBILE (HSPA+) - 100] EVENT_NETWORK_INFO_CHANGED, going from null to CONNECTED
09-08 05:54:34.095  3569  4696 D ConnectivityService: Adding iface rmnet1 to network 100
09-08 05:54:34.127  5731  5802 I GlobalDismissManager: no sender configured
09-08 05:54:34.128  5731  5802 D AlertService: Beginning updateAlertNotification
09-08 05:54:34.148  3569  4696 D ConnectivityService: Setting DNS servers for network 100 to [/181.88.86.156, /181.88.86.164]
09-08 05:54:34.157  4941  5683 D IccSmsInterfaceManager: [IccSmsInterfaceManager] Failed to remove GSM cell broadcast subscription for MID range 4380 to 4382 from client com.android.cellbroadcastreceiver
09-08 05:54:34.170  3569  4696 W ConnectivityExtension: ConnectivityExt jar file not present
09-08 05:54:34.178  4941  5683 D IccSmsInterfaceManager: [IccSmsInterfaceManager] Added GSM cell broadcast subscription for MID range 4383 to 4383 from client com.android.cellbroadcastreceiver
09-08 05:54:34.178  4941  5683 D IccSmsInterfaceManager: [IccSmsInterfaceManager] Calling setCellBroadcastActivation(true)
09-08 05:54:34.188  5731  5802 D AlertService: No fired or scheduled alerts
09-08 05:54:34.190  3569  4696 W ConnectivityExtension: ConnectivityExt jar file not present
09-08 05:54:34.197  4941  5508 D IccSmsInterfaceManager: [IccSmsInterfaceManager] Added GSM cell broadcast subscription for MID range 4384 to 4385 from client com.android.cellbroadcastreceiver
09-08 05:54:34.197  4941  5508 D IccSmsInterfaceManager: [IccSmsInterfaceManager] Calling setCellBroadcastActivation(true)
09-08 05:54:34.202  3569  4696 D ConnectivityService: Switching to new default network: NetworkAgentInfo{ ni{[type: MOBILE[HSPA+], state: CONNECTED/CONNECTED, reason: connected, extra: gprs.personal.com, failover: false, available: true, roaming: false, metered: true]}  network{100}  nethandle{429513165534}  lp{{InterfaceName: rmnet1 LinkAddresses: [181.4.159.60/32,]  Routes: [0.0.0.0/0 -> 181.4.159.1 rmnet1,] DnsAddresses: [181.88.86.156,181.88.86.164,] Domains: null MTU: 1500 TcpBufferSizes: 40778,244668,734003,16777,100663,301990}}  nc{[ Transports: CELLULAR Capabilities: SUPL&INTERNET&NOT_RESTRICTED&TRUSTED&NOT_VPN&FOREGROUND LinkUpBandwidth>=5898Kbps LinkDnBandwidth>=14336Kbps Specifier: <1>]}  Score{10}  everValidated{false}  lastValidated{false}  created{true} lingering{false} explicitlySelected{false} acceptUnvalidated{false} everCaptivePortalDetected{false} lastCaptivePortalDetected{false} }
09-08 05:54:34.222  4941  4953 D IccSmsInterfaceManager: [IccSmsInterfaceManager] Added GSM cell broadcast subscription for MID range 4386 to 4391 from client com.android.cellbroadcastreceiver
09-08 05:54:34.222  4941  4953 D IccSmsInterfaceManager: [IccSmsInterfaceManager] Calling setCellBroadcastActivation(true)
09-08 05:54:34.235  5731  5802 D AlertService: Scheduling next alarm with AlarmScheduler. sEventReminderReceived: null
09-08 05:54:34.242  3173  3516 V IdletimerController: runCmd(/system/bin/ip6tables -w -t raw -A idletimer_raw_PREROUTING -i rmnet1 -j IDLETIMER --timeout 10 --label 0 --send_nl_msg 1) res_ipv4=0, res_ipv6=0
09-08 05:54:34.251  4941  5422 D IccSmsInterfaceManager: [IccSmsInterfaceManager] Added GSM cell broadcast subscription for MID range 4392 to 4392 from client com.android.cellbroadcastreceiver
09-08 05:54:34.251  4941  5422 D IccSmsInterfaceManager: [IccSmsInterfaceManager] Calling setCellBroadcastActivation(true)
09-08 05:54:34.270  5731  5802 D AlarmScheduler: No events found starting within 1 week.
09-08 05:54:34.274  3173  3516 V IdletimerController: runCmd(/system/bin/ip6tables -w -t mangle -A idletimer_mangle_POSTROUTING -o rmnet1 -j IDLETIMER --timeout 10 --label 0 --send_nl_msg 1) res_ipv4=0, res_ipv6=0
09-08 05:54:34.277  5731  5802 D AlertService: 0 Action = android.intent.action.BOOT_COMPLETED
09-08 05:54:34.280  4941  5584 D IccSmsInterfaceManager: [IccSmsInterfaceManager] Failed to remove GSM cell broadcast subscription for MID range 4393 to 4395 from client com.android.cellbroadcastreceiver
09-08 05:54:34.286  5731  5802 D AlertService: Scheduling next alarm with AlarmScheduler. sEventReminderReceived: null
09-08 05:54:34.298  4941  4953 D IccSmsInterfaceManager: [IccSmsInterfaceManager] Added GSM cell broadcast subscription for MID range 50 to 50 from client com.android.cellbroadcastreceiver
09-08 05:54:34.298  4941  4953 D IccSmsInterfaceManager: [IccSmsInterfaceManager] Calling setCellBroadcastActivation(true)
09-08 05:54:34.303  3569  4696 D ConnectivityService: Sending CONNECTED broadcast for type 0 NetworkAgentInfo [MOBILE (HSPA+) - 100] isDefaultNetwork=true
09-08 05:54:34.303  3569  4748 I GnssLocationProvider: WakeLock acquired by sendMessage(5, 0, null)
09-08 05:54:34.303  3569  4748 I GnssLocationProvider: WakeLock acquired by sendMessage(6, 0, null)
09-08 05:54:34.304  3569  3677 I GnssLocationProvider: WakeLock acquired by handleInjectNtpTime()
09-08 05:54:34.304  3569  3677 I GnssLocationProvider: WakeLock released by handleMessage(5, 0, null)
09-08 05:54:34.305  3569  3677 I GnssLocationProvider: WakeLock acquired by handleDownloadXtraData()
09-08 05:54:34.305  3569  3677 I GnssLocationProvider: WakeLock released by handleMessage(6, 0, null)
09-08 05:54:34.316  3569  5170 W System  : ClassLoader referenced unknown path: /system/framework/tcmclient.jar
09-08 05:54:34.347  4941  5508 D IccSmsInterfaceManager: [IccSmsInterfaceManager] Added GSM cell broadcast subscription for MID range 60 to 60 from client com.android.cellbroadcastreceiver
09-08 05:54:34.347  4941  5508 D IccSmsInterfaceManager: [IccSmsInterfaceManager] Calling setCellBroadcastActivation(true)
09-08 05:54:34.360  3569  6040 D NetworkMonitor/NetworkAgentInfo [MOBILE (HSPA+) - 100]: PROBE_DNS OK 147ms, connectivitycheck.gstatic.com=172.217.28.163
09-08 05:54:34.365  6017  6034 D CellBroadcastOtherChannelsManager: No additional channels configured. subId = 1
09-08 05:54:34.367  3569  6040 W System  : ClassLoader referenced unknown path: /system/framework/tcmclient.jar
09-08 05:54:34.368  3569  4696 W ConnectivityExtension: ConnectivityExt jar file not present
09-08 05:54:34.389  5731  5802 D AlarmScheduler: No events found starting within 1 week.
09-08 05:54:34.398  5820  6052 D NetworkSecurityConfig: No Network Security Config specified, using platform default
09-08 05:54:34.400  5820  6052 W System  : ClassLoader referenced unknown path: /system/framework/tcmclient.jar
09-08 05:54:34.562  3569  4689 D SntpClient: round trip: 131ms, clock offset: 1264ms
09-08 05:54:34.568  3569  4689 I NetworkPolicy: No policy for subscriber 722341275122680; generating default policy
09-08 05:54:34.613  3569  6040 D NetworkMonitor/NetworkAgentInfo [MOBILE (HSPA+) - 100]: PROBE_HTTP http://connectivitycheck.gstatic.com/generate_204 time=235ms ret=204 request={User-Agent=[Mozilla/5.0 (X11; Linux x86_64) AppleWebKit/537.36 (KHTML, like Gecko) Chrome/52.0.2743.82 Safari/537.36]} headers={null=[HTTP/1.1 204 No Content], Content-Length=[0], Date=[Fri, 08 Sep 2017 08:54:35 GMT], X-Android-Received-Millis=[1504860874606], X-Android-Response-Source=[NETWORK 204], X-Android-Selected-Protocol=[http/1.1], X-Android-Sent-Millis=[1504860874471]}
09-08 05:54:34.691  3073  3073 W auditd  : type=1325 audit(0.0:338): table=filter family=2 entries=99
09-08 05:54:34.691  3073  3073 W auditd  : type=1320 audit(0.0:338): 
09-08 05:54:34.707  3073  3073 W auditd  : type=1325 audit(0.0:339): table=filter family=10 entries=110
09-08 05:54:34.707  3073  3073 W auditd  : type=1320 audit(0.0:339): 
09-08 05:54:34.723  3073  3073 W auditd  : type=1325 audit(0.0:340): table=filter family=2 entries=101
09-08 05:54:34.723  3073  3073 W auditd  : type=1320 audit(0.0:340): 
09-08 05:54:34.739  3073  3073 W auditd  : type=1325 audit(0.0:341): table=filter family=10 entries=112
09-08 05:54:34.739  3073  3073 W auditd  : type=1320 audit(0.0:341): 
09-08 05:54:34.775  3073  3073 W auditd  : type=1325 audit(0.0:342): table=filter family=2 entries=102
09-08 05:54:34.775  3073  3073 W auditd  : type=1320 audit(0.0:342): 
09-08 05:54:34.787  3073  3073 W auditd  : type=1325 audit(0.0:343): table=filter family=10 entries=113
09-08 05:54:34.787  3073  3073 W auditd  : type=1320 audit(0.0:343): 
09-08 05:54:34.823  3073  3073 W auditd  : type=1325 audit(0.0:344): table=filter family=2 entries=103
09-08 05:54:34.823  3073  3073 W auditd  : type=1320 audit(0.0:344): 
09-08 05:54:34.835  3073  3073 W auditd  : type=1325 audit(0.0:345): table=filter family=10 entries=114
09-08 05:54:34.835  3073  3073 W auditd  : type=1320 audit(0.0:345): 
09-08 05:54:34.875  3073  3073 W auditd  : type=1325 audit(0.0:346): table=filter family=2 entries=104
09-08 05:54:34.875  3073  3073 W auditd  : type=1320 audit(0.0:346): 
09-08 05:54:34.883  3073  3073 W auditd  : type=1325 audit(0.0:347): table=filter family=10 entries=115
09-08 05:54:34.883  3073  3073 W auditd  : type=1320 audit(0.0:347): 
09-08 05:54:34.896  5395  5401 I chatty  : uid=10009(com.android.providers.media) Jit thread pool expire 3 lines
09-08 05:54:34.914  3569  5170 I GnssLocationProvider: WakeLock acquired by sendMessage(11, 0, null)
09-08 05:54:34.914  3161  3161 D gpsd    : WakeLock(Acquire,GPSD)
09-08 05:54:34.914  3569  5170 I GnssLocationProvider: WakeLock released by handleDownloadXtraData()
09-08 05:54:34.914  3569  3677 I GnssLocationProvider: WakeLock released by handleMessage(11, 0, null)
09-08 05:54:34.914  3161  3161 D gpsd    : WakeLock(Release,GPSD)
09-08 05:54:34.916  3161  3161 D gpsd    : WakeLock(Acquire,GPSD)
09-08 05:54:34.916  3161  3161 D gpsd    : WakeLock(Release,GPSD)
09-08 05:54:34.918  3569  4689 W ConnectivityExtension: ConnectivityExt jar file not present
09-08 05:54:35.035  5820  5829 E StrictMode: A resource was acquired at attached stack trace but never released. See java.io.Closeable for information on avoiding resource leaks.
09-08 05:54:35.035  5820  5829 E StrictMode: java.lang.Throwable: Explicit termination method 'close' not called
09-08 05:54:35.035  5820  5829 E StrictMode: 	at dalvik.system.CloseGuard.open(CloseGuard.java:180)
09-08 05:54:35.035  5820  5829 E StrictMode: 	at java.io.FileOutputStream.<init>(FileOutputStream.java:222)
09-08 05:54:35.035  5820  5829 E StrictMode: 	at java.io.FileOutputStream.<init>(FileOutputStream.java:169)
09-08 05:54:35.035  5820  5829 E StrictMode: 	at org.cyanogenmod.cmparts.contributors.ContributorsCloudFragment.extractContributorsCloudDatabase(ContributorsCloudFragment.java:786)
09-08 05:54:35.035  5820  5829 E StrictMode: 	at org.cyanogenmod.cmparts.BootReceiver.onReceive(BootReceiver.java:45)
09-08 05:54:35.035  5820  5829 E StrictMode: 	at android.app.ActivityThread.handleReceiver(ActivityThread.java:3065)
09-08 05:54:35.035  5820  5829 E StrictMode: 	at android.app.ActivityThread.-wrap18(ActivityThread.java)
09-08 05:54:35.035  5820  5829 E StrictMode: 	at android.app.ActivityThread$H.handleMessage(ActivityThread.java:1580)
09-08 05:54:35.035  5820  5829 E StrictMode: 	at android.os.Handler.dispatchMessage(Handler.java:102)
09-08 05:54:35.035  5820  5829 E StrictMode: 	at android.os.Looper.loop(Looper.java:154)
09-08 05:54:35.035  5820  5829 E StrictMode: 	at android.app.ActivityThread.main(ActivityThread.java:6186)
09-08 05:54:35.035  5820  5829 E StrictMode: 	at java.lang.reflect.Method.invoke(Native Method)
09-08 05:54:35.035  5820  5829 E StrictMode: 	at com.android.internal.os.ZygoteInit$MethodAndArgsCaller.run(ZygoteInit.java:889)
09-08 05:54:35.035  5820  5829 E StrictMode: 	at com.android.internal.os.ZygoteInit.main(ZygoteInit.java:779)
09-08 05:54:35.256  4801  4801 I vol.Events: writeEvent dismiss_dialog timeout
09-08 05:54:35.258  4801  4883 I vol.Events: writeEvent active_stream_changed UNKNOWN_STREAM_-1
09-08 05:54:35.303  3569  4689 W ConnectivityExtension: ConnectivityExt jar file not present
09-08 05:54:35.336  3569  4938 D AlarmManagerService: Setting time of day to sec=1504860876
09-08 05:54:36.600  3141  3214 W SurfaceFlinger: Timed out waiting for hw vsync; faking it
09-08 05:54:36.647  3569  3569 D ConditionProviders.SCP: onReceive android.intent.action.TIME_SET
09-08 05:54:36.649  3569  3569 D ConditionProviders.SCP: notifyCondition condition://android/schedule?days=6.7&start=23.30&end=10.0&exitAtAlarm=false STATE_FALSE reason=!meetsSchedule
09-08 05:54:36.652  3569  3569 D ConditionProviders.SCP: notifyCondition condition://android/schedule?days=1.2.3.4.5&start=22.0&end=7.0&exitAtAlarm=false STATE_TRUE reason=meetsSchedule
09-08 05:54:36.659  3569  3569 D ConditionProviders.SCP: Scheduling evaluate for Fri Sep 08 07:00:00 GMT-03:00 2017 (1504864800000), in +1h5m23s353ms, now=Fri Sep 08 05:54:36 GMT-03:00 2017 (1504860876647)
09-08 05:54:36.691  5223  5223 I AlarmClock: AlarmInitReceiver android.intent.action.TIME_SET
09-08 05:54:36.738  5395  5407 I chatty  : uid=10009(com.android.providers.media) HeapTaskDaemon expire 1 line
09-08 05:54:37.254  5395  5950 I MediaScanner: forcing rescan of /system/media/audio/ringtones/CanisMajor.ogg since build fingerprint changed
09-08 05:54:37.282  5395  5950 I MediaScanner: forcing rescan of /system/media/audio/ringtones/CaribbeanIce.ogg since build fingerprint changed
09-08 05:54:37.310  5395  5950 I MediaScanner: forcing rescan of /system/media/audio/ringtones/Carina.ogg since build fingerprint changed
09-08 05:54:37.336  5395  5950 I MediaScanner: forcing rescan of /system/media/audio/ringtones/Centaurus.ogg since build fingerprint changed
09-08 05:54:37.361  3569  5261 I ActivityManager: Killing 5840:com.android.dialer/u0a16 (adj 906): empty #17
09-08 05:54:37.385  5395  5950 I MediaScanner: forcing rescan of /system/media/audio/ringtones/Champagne_Edition.ogg since build fingerprint changed
09-08 05:54:37.399  3569  4969 D ActivityManager: cleanUpApplicationRecord -- 5840
09-08 05:54:37.417  5395  5950 I MediaScanner: forcing rescan of /system/media/audio/ringtones/Club_Cubano.ogg since build fingerprint changed
09-08 05:54:37.437  5395  5950 I MediaScanner: forcing rescan of /system/media/audio/ringtones/CrayonRock.ogg since build fingerprint changed
09-08 05:54:37.454  5395  5950 I MediaScanner: forcing rescan of /system/media/audio/ringtones/CrazyDream.ogg since build fingerprint changed
09-08 05:54:37.487  5395  5950 I MediaScanner: forcing rescan of /system/media/audio/ringtones/CurveBall.ogg since build fingerprint changed
09-08 05:54:37.509  5395  5950 I MediaScanner: forcing rescan of /system/media/audio/ringtones/CyanTone.ogg since build fingerprint changed
09-08 05:54:37.576  5395  5950 I MediaScanner: forcing rescan of /system/media/audio/ringtones/Cygnus.ogg since build fingerprint changed
09-08 05:54:37.603  5395  5950 I MediaScanner: forcing rescan of /system/media/audio/ringtones/DancinFool.ogg since build fingerprint changed
09-08 05:54:37.625  5395  5950 I MediaScanner: forcing rescan of /system/media/audio/ringtones/Dione.ogg since build fingerprint changed
09-08 05:54:37.627  6116  6116 F libc    : Fatal signal 11 (SIGSEGV), code 1, fault addr 0x80822e324fc8 in tid 6116 (lhd)
09-08 05:54:37.628  3064  3064 W         : debuggerd: handling request: pid=6116 uid=1021 gid=1000 tid=6116
09-08 05:54:37.647  5395  5401 I art     : Compiler allocated 4MB to compile android.database.Cursor com.android.providers.media.MediaProvider.query(android.net.Uri, java.lang.String[], java.lang.String, java.lang.String[], java.lang.String)
09-08 05:54:37.662  5395  5950 I MediaScanner: forcing rescan of /system/media/audio/ringtones/DonMessWivIt.ogg since build fingerprint changed
09-08 05:54:37.677  5395  5950 I MediaScanner: forcing rescan of /system/media/audio/ringtones/Draco.ogg since build fingerprint changed
09-08 05:54:37.683  6117  6117 F DEBUG   : *** *** *** *** *** *** *** *** *** *** *** *** *** *** *** ***
09-08 05:54:37.683  6117  6117 F DEBUG   : LineageOS Version: '14.1-20170908-UNOFFICIAL-dream2lte'
09-08 05:54:37.683  6117  6117 F DEBUG   : Build fingerprint: 'samsung/dream2ltexx/dream2lte:7.0/NRD90M/G955FXXU1AQH3:user/release-keys'
09-08 05:54:37.683  6117  6117 F DEBUG   : Revision: '0'
09-08 05:54:37.683  6117  6117 F DEBUG   : ABI: 'arm64'
09-08 05:54:37.683  6117  6117 F DEBUG   : pid: 6116, tid: 6116, name: lhd  >>> /system/bin/lhd <<<
09-08 05:54:37.683  6117  6117 F DEBUG   : signal 11 (SIGSEGV), code 1 (SEGV_MAPERR), fault addr 0x80822e324fc8
09-08 05:54:37.683  6117  6117 F DEBUG   :     x0   0000000000000001  x1   0000007f866dc8c8  x2   0000000000000000  x3   0000000000000001
09-08 05:54:37.683  6117  6117 F DEBUG   :     x4   0000007fce82ac30  x5   0000007fce82ac98  x6   0000007fce82aa08  x7   0000000000d98f55
09-08 05:54:37.684  6117  6117 F DEBUG   :     x8   0000000000000000  x9   0000000000000000  x10  0000000000000002  x11  000000000014b3bc
09-08 05:54:37.684  6117  6117 F DEBUG   :     x12  ffffffffffffffff  x13  00000000000a8128  x14  0000800000000000  x15  ffffffffffffffff
09-08 05:54:37.684  6117  6117 F DEBUG   :     x16  0000006000000000  x17  0000000000000000  x18  0000007f86c518d0  x19  000080822e324fc8
09-08 05:54:37.684  6117  6117 F DEBUG   :     x20  0000007f86d3ab00  x21  0000000000001283  x22  00008002a77dafc8  x23  0000007fce82aab0
09-08 05:54:37.684  6117  6117 F DEBUG   :     x24  0000007f86738bc4  x25  0000007f86738bc4  x26  0000007f86b4a000  x27  0000007f86b7987e
09-08 05:54:37.684  6117  6117 F DEBUG   :     x28  0000007fce82aaf0  x29  0000007fce82aa60  x30  0000007f86d56448
09-08 05:54:37.684  6117  6117 F DEBUG   :     sp   0000007fce82a9b0  pc   0000007f86d56600  pstate 0000000080000000
09-08 05:54:37.686  6117  6117 F DEBUG   : 
09-08 05:54:37.686  6117  6117 F DEBUG   : backtrace:
09-08 05:54:37.686  6117  6117 F DEBUG   :     #00 pc 000000000000e600  /system/bin/linker64 (__dl__ZN6soinfo8relocateI21packed_reloc_iteratorI15sleb128_decoderEEEbRK14VersionTrackerOT_RK10LinkedListIS_19SoinfoListAllocatorESD_+732)
09-08 05:54:37.686  6117  6117 F DEBUG   :     #01 pc 000000000000dfb4  /system/bin/linker64 (__dl__ZN6soinfo10link_imageERK10LinkedListIS_19SoinfoListAllocatorES4_PK17android_dlextinfo+388)
09-08 05:54:37.686  6117  6117 F DEBUG   :     #02 pc 0000000000011f54  /system/bin/linker64 (__dl__ZL14find_librariesP19android_namespace_tP6soinfoPKPKcmPS2_PNSt3__16vectorIS2_NS8_9allocatorIS2_EEEEmiPK17android_dlextinfob+3308)
09-08 05:54:37.686  6117  6117 F DEBUG   :     #03 pc 0000000000010abc  /system/bin/linker64 (__dl__ZL29__linker_init_post_relocationR19KernelArgumentBlocky+5320)
09-08 05:54:37.686  6117  6117 F DEBUG   :     #04 pc 000000000000f554  /system/bin/linker64 (__dl___linker_init+528)
09-08 05:54:37.686  6117  6117 F DEBUG   :     #05 pc 0000000000006cd0  /system/bin/linker64 (_start+4)
09-08 05:54:37.705  5395  5950 I MediaScanner: forcing rescan of /system/media/audio/ringtones/DreamTheme.ogg since build fingerprint changed
09-08 05:54:37.743  6116  6116 W lhd     : type=1701 audit(0.0:373): auid=4294967295 uid=1021 gid=1000 ses=4294967295 subj=u:r:lhd:s0 exe="/system/bin/lhd" sig=11
09-08 05:54:37.746  3569  4813 W NativeCrashListener: Couldn't find ProcessRecord for pid 6116
09-08 05:54:37.754  3064  3064 W         : debuggerd: resuming target 6116
09-08 05:54:37.754  3064  3064 E         : debuggerd: failed to send signal 18 to target: No such process
09-08 05:54:37.757  3569  3682 I BootReceiver: Copying /data/tombstones/tombstone_09 to DropBox (SYSTEM_TOMBSTONE)
09-08 05:54:37.779  5395  5950 I MediaScanner: forcing rescan of /system/media/audio/ringtones/Eastern_Sky.ogg since build fingerprint changed
09-08 05:54:37.808  5395  5950 I MediaScanner: forcing rescan of /system/media/audio/ringtones/Enter_the_Nexus.ogg since build fingerprint changed
09-08 05:54:37.825  5395  5950 I MediaScanner: forcing rescan of /system/media/audio/ringtones/Eridani.ogg since build fingerprint changed
09-08 05:54:37.839  5395  5950 I MediaScanner: forcing rescan of /system/media/audio/ringtones/EtherShake.ogg since build fingerprint changed
09-08 05:54:37.853  5395  5950 I MediaScanner: forcing rescan of /system/media/audio/ringtones/FreeFlight.ogg since build fingerprint changed
09-08 05:54:37.874  5395  5950 I MediaScanner: forcing rescan of /system/media/audio/ringtones/FriendlyGhost.ogg since build fingerprint changed
09-08 05:54:37.890  5395  5950 I MediaScanner: forcing rescan of /system/media/audio/ringtones/Funk_Yall.ogg since build fingerprint changed
09-08 05:54:37.905  5395  5950 I MediaScanner: forcing rescan of /system/media/audio/ringtones/GameOverGuitar.ogg since build fingerprint changed
09-08 05:54:37.920  5395  5950 I MediaScanner: forcing rescan of /system/media/audio/ringtones/Ganymede.ogg since build fingerprint changed
09-08 05:54:37.944  5395  5950 I MediaScanner: forcing rescan of /system/media/audio/ringtones/Gimme_Mo_Town.ogg since build fingerprint changed
09-08 05:54:37.959  5395  5950 I MediaScanner: forcing rescan of /system/media/audio/ringtones/Girtab.ogg since build fingerprint changed
09-08 05:54:37.975  5395  5950 I MediaScanner: forcing rescan of /system/media/audio/ringtones/Glacial_Groove.ogg since build fingerprint changed
09-08 05:54:37.994  5395  5950 I MediaScanner: forcing rescan of /system/media/audio/ringtones/Growl.ogg since build fingerprint changed
09-08 05:54:38.012  5395  5950 I MediaScanner: forcing rescan of /system/media/audio/ringtones/HalfwayHome.ogg since build fingerprint changed
09-08 05:54:38.040  5395  5950 I MediaScanner: forcing rescan of /system/media/audio/ringtones/Highscore.ogg since build fingerprint changed
09-08 05:54:38.085  5395  5950 I MediaScanner: forcing rescan of /system/media/audio/ringtones/Hydra.ogg since build fingerprint changed
09-08 05:54:38.111  5395  5950 I MediaScanner: forcing rescan of /system/media/audio/ringtones/InsertCoin.ogg since build fingerprint changed
09-08 05:54:38.135  5395  5950 I MediaScanner: forcing rescan of /system/media/audio/ringtones/Kuma.ogg since build fingerprint changed
09-08 05:54:38.174  5395  5950 I MediaScanner: forcing rescan of /system/media/audio/ringtones/LoopyLounge.ogg since build fingerprint changed
09-08 05:54:38.190  5395  5950 I MediaScanner: forcing rescan of /system/media/audio/ringtones/LoveFlute.ogg since build fingerprint changed
09-08 05:54:38.204  5395  5950 I MediaScanner: forcing rescan of /system/media/audio/ringtones/Luna.ogg since build fingerprint changed
09-08 05:54:38.228  5395  5950 I MediaScanner: forcing rescan of /system/media/audio/ringtones/Lyon.ogg since build fingerprint changed
09-08 05:54:38.257  5395  5950 I MediaScanner: forcing rescan of /system/media/audio/ringtones/Lyra.ogg since build fingerprint changed
09-08 05:54:38.277  5395  5950 I MediaScanner: forcing rescan of /system/media/audio/ringtones/Machina.ogg since build fingerprint changed
09-08 05:54:38.298  5395  5950 I MediaScanner: forcing rescan of /system/media/audio/ringtones/MidEvilJaunt.ogg since build fingerprint changed
09-08 05:54:38.319  5395  5950 I MediaScanner: forcing rescan of /system/media/audio/ringtones/Nairobi.ogg since build fingerprint changed
09-08 05:54:38.354  5395  5950 I MediaScanner: forcing rescan of /system/media/audio/ringtones/Nassau.ogg since build fingerprint changed
09-08 05:54:38.389  5395  5950 I MediaScanner: forcing rescan of /system/media/audio/ringtones/NewPlayer.ogg since build fingerprint changed
09-08 05:54:38.419  5395  5950 I MediaScanner: forcing rescan of /system/media/audio/ringtones/No_Limits.ogg since build fingerprint changed
09-08 05:54:38.451  5395  5950 I MediaScanner: forcing rescan of /system/media/audio/ringtones/Noises2.ogg since build fingerprint changed
09-08 05:54:38.487  5395  5950 I MediaScanner: forcing rescan of /system/media/audio/ringtones/Noises3.ogg since build fingerprint changed
09-08 05:54:38.519  5395  5950 I MediaScanner: forcing rescan of /system/media/audio/ringtones/Oberon.ogg since build fingerprint changed
09-08 05:54:38.552  5395  5950 I MediaScanner: forcing rescan of /system/media/audio/ringtones/OrganDub.ogg since build fingerprint changed
09-08 05:54:38.567  5395  5950 W MediaScanner: forcing rescan of /system/media/audio/ringtones/Orion.oggsince ringtone setting didn't finish
09-08 05:54:38.586  5395  5950 W MediaProvider: Missing volume for /system/media/audio/ringtones; assuming invalid
09-08 05:54:38.601  5395  5950 W MediaProvider: Missing volume for /system/media/audio/notifications/Ariel.ogg; assuming invalid
09-08 05:54:38.610  5395  5950 W MediaProvider: Missing volume for /system/media/audio/notifications/Beat_Box_Android.ogg; assuming invalid
09-08 05:54:38.619  5395  5950 W MediaProvider: Missing volume for /system/media/audio/notifications/Bellatrix.ogg; assuming invalid
09-08 05:54:38.628  5395  5950 W MediaProvider: Missing volume for /system/media/audio/notifications/Beryllium.ogg; assuming invalid
09-08 05:54:38.635  5395  5950 W MediaProvider: Missing volume for /system/media/audio/notifications/Betelgeuse.ogg; assuming invalid
09-08 05:54:38.652  5395  5950 W MediaProvider: Missing volume for /system/media/audio/notifications/CaffeineSnake.ogg; assuming invalid
09-08 05:54:38.660  5395  5950 W MediaProvider: Missing volume for /system/media/audio/notifications/Canopus.ogg; assuming invalid
09-08 05:54:38.667  5395  5950 W MediaProvider: Missing volume for /system/media/audio/notifications/Capella.ogg; assuming invalid
09-08 05:54:38.675  5395  5950 W MediaProvider: Missing volume for /system/media/audio/notifications/Carme.ogg; assuming invalid
09-08 05:54:38.682  5395  5950 W MediaProvider: Missing volume for /system/media/audio/notifications/Castor.ogg; assuming invalid
09-08 05:54:38.689  5395  5950 W MediaProvider: Missing volume for /system/media/audio/notifications/Ceres.ogg; assuming invalid
09-08 05:54:38.699  5395  5950 W MediaProvider: Missing volume for /system/media/audio/notifications/CetiAlpha.ogg; assuming invalid
09-08 05:54:38.708  5395  5950 W MediaProvider: Missing volume for /system/media/audio/notifications/Cobalt.ogg; assuming invalid
09-08 05:54:38.724  5395  5950 W MediaProvider: Missing volume for /system/media/audio/notifications/Cricket.ogg; assuming invalid
09-08 05:54:38.735  5395  5950 W MediaProvider: Missing volume for /system/media/audio/notifications/CyanDoink.ogg; assuming invalid
09-08 05:54:38.743  5395  5950 W MediaProvider: Missing volume for /system/media/audio/notifications/CyanMail.ogg; assuming invalid
09-08 05:54:38.752  5395  5950 W MediaProvider: Missing volume for /system/media/audio/notifications/CyanMessage.ogg; assuming invalid
09-08 05:54:38.759  5395  5950 W MediaProvider: Missing volume for /system/media/audio/notifications/DearDeer.ogg; assuming invalid
09-08 05:54:38.766  5395  5950 W MediaProvider: Missing volume for /system/media/audio/notifications/Deneb.ogg; assuming invalid
09-08 05:54:38.772  5395  5950 W MediaProvider: Missing volume for /system/media/audio/notifications/Doink.ogg; assuming invalid
09-08 05:54:38.779  5395  5950 W MediaProvider: Missing volume for /system/media/audio/notifications/DontPanic.ogg; assuming invalid
09-08 05:54:38.785  5395  5950 W MediaProvider: Missing volume for /system/media/audio/notifications/Drip.ogg; assuming invalid
09-08 05:54:38.793  5395  5950 W MediaProvider: Missing volume for /system/media/audio/notifications/Elara.ogg; assuming invalid
09-08 05:54:38.801  5395  5950 W MediaProvider: Missing volume for /system/media/audio/notifications/Electra.ogg; assuming invalid
09-08 05:54:38.811  5395  5950 W MediaProvider: Missing volume for /system/media/audio/notifications/Europa.ogg; assuming invalid
09-08 05:54:38.820  5395  5950 W MediaProvider: Missing volume for /system/media/audio/notifications/F1_New_SMS.ogg; assuming invalid
09-08 05:54:38.830  5395  5950 W MediaProvider: Missing volume for /system/media/audio/notifications/Fluorine.ogg; assuming invalid
09-08 05:54:38.838  5395  5950 W MediaProvider: Missing volume for /system/media/audio/notifications/Fomalhaut.ogg; assuming invalid
09-08 05:54:38.848  5395  5950 W MediaProvider: Missing volume for /system/media/audio/notifications/Gallium.ogg; assuming invalid
09-08 05:54:38.859  5395  5950 W MediaProvider: Missing volume for /system/media/audio/notifications/Heaven.ogg; assuming invalid
09-08 05:54:38.870  5395  5950 W MediaProvider: Missing volume for /system/media/audio/notifications/Helium.ogg; assuming invalid
09-08 05:54:38.880  5395  5950 W MediaProvider: Missing volume for /system/media/audio/notifications/Highwire.ogg; assuming invalid
09-08 05:54:38.891  5395  5950 W MediaProvider: Missing volume for /system/media/audio/notifications/Hojus.ogg; assuming invalid
09-08 05:54:38.903  5395  5950 W MediaProvider: Missing volume for /system/media/audio/notifications/Iapetus.ogg; assuming invalid
09-08 05:54:38.916  5395  5950 W MediaProvider: Missing volume for /system/media/audio/notifications/Io.ogg; assuming invalid
09-08 05:54:38.918  5997  6006 E StrictMode: A resource was acquired at attached stack trace but never released. See java.io.Closeable for information on avoiding resource leaks.
09-08 05:54:38.918  5997  6006 E StrictMode: java.lang.Throwable: Explicit termination method 'close' not called
09-08 05:54:38.918  5997  6006 E StrictMode: 	at dalvik.system.CloseGuard.open(CloseGuard.java:180)
09-08 05:54:38.918  5997  6006 E StrictMode: 	at android.database.sqlite.SQLiteDatabase.openInner(SQLiteDatabase.java:809)
09-08 05:54:38.918  5997  6006 E StrictMode: 	at android.database.sqlite.SQLiteDatabase.open(SQLiteDatabase.java:793)
09-08 05:54:38.918  5997  6006 E StrictMode: 	at android.database.sqlite.SQLiteDatabase.openDatabase(SQLiteDatabase.java:696)
09-08 05:54:38.918  5997  6006 E StrictMode: 	at android.app.ContextImpl.openOrCreateDatabase(ContextImpl.java:652)
09-08 05:54:38.918  5997  6006 E StrictMode: 	at android.content.ContextWrapper.openOrCreateDatabase(ContextWrapper.java:289)
09-08 05:54:38.918  5997  6006 E StrictMode: 	at android.content.ContextWrapper.openOrCreateDatabase(ContextWrapper.java:289)
09-08 05:54:38.918  5997  6006 E StrictMode: 	at android.database.sqlite.SQLiteOpenHelper.getDatabaseLocked(SQLiteOpenHelper.java:223)
09-08 05:54:38.918  5997  6006 E StrictMode: 	at android.database.sqlite.SQLiteOpenHelper.getReadableDatabase(SQLiteOpenHelper.java:187)
09-08 05:54:38.918  5997  6006 E StrictMode: 	at org.lineageos.updater.UpdatesDbHelper.getUpdates(UpdatesDbHelper.java:157)
09-08 05:54:38.918  5997  6006 E StrictMode: 	at org.lineageos.updater.UpdatesDbHelper.getUpdates(UpdatesDbHelper.java:153)
09-08 05:54:38.918  5997  6006 E StrictMode: 	at org.lineageos.updater.misc.Utils.cleanupDownloadsDir(Utils.java:281)
09-08 05:54:38.918  5997  6006 E StrictMode: 	at org.lineageos.updater.UpdatesCheckReceiver.onReceive(UpdatesCheckReceiver.java:52)
09-08 05:54:38.918  5997  6006 E StrictMode: 	at android.app.ActivityThread.handleReceiver(ActivityThread.java:3065)
09-08 05:54:38.918  5997  6006 E StrictMode: 	at android.app.ActivityThread.-wrap18(ActivityThread.java)
09-08 05:54:38.918  5997  6006 E StrictMode: 	at android.app.ActivityThread$H.handleMessage(ActivityThread.java:1580)
09-08 05:54:38.918  5997  6006 E StrictMode: 	at android.os.Handler.dispatchMessage(Handler.java:102)
09-08 05:54:38.918  5997  6006 E StrictMode: 	at android.os.Looper.loop(Looper.java:154)
09-08 05:54:38.918  5997  6006 E StrictMode: 	at android.app.ActivityThread.main(ActivityThread.java:6186)
09-08 05:54:38.918  5997  6006 E StrictMode: 	at java.lang.reflect.Method.invoke(Native Method)
09-08 05:54:38.918  5997  6006 E StrictMode: 	at com.android.internal.os.ZygoteInit$MethodAndArgsCaller.run(ZygoteInit.java:889)
09-08 05:54:38.918  5997  6006 E StrictMode: 	at com.android.internal.os.ZygoteInit.main(ZygoteInit.java:779)
09-08 05:54:38.929  5395  5950 W MediaProvider: Missing volume for /system/media/audio/notifications/Iridium.ogg; assuming invalid
09-08 05:54:38.937  5395  5950 W MediaProvider: Missing volume for /system/media/audio/notifications/Krypton.ogg; assuming invalid
09-08 05:54:38.943  5395  5950 W MediaProvider: Missing volume for /system/media/audio/notifications/KzurbSonar.ogg; assuming invalid
09-08 05:54:38.951  5395  5950 W MediaProvider: Missing volume for /system/media/audio/notifications/Laser.ogg; assuming invalid
09-08 05:54:38.959  5395  5950 W MediaProvider: Missing volume for /system/media/audio/notifications/Merope.ogg; assuming invalid
09-08 05:54:38.967  5395  5950 W MediaProvider: Missing volume for /system/media/audio/notifications/Mira.ogg; assuming invalid
09-08 05:54:38.976  5395  5950 W MediaProvider: Missing volume for /system/media/audio/notifications/Naughty.ogg; assuming invalid
09-08 05:54:38.984  5395  5950 W MediaProvider: Missing volume for /system/media/audio/notifications/OnTheHunt.ogg; assuming invalid
09-08 05:54:38.994  5395  5950 W MediaProvider: Missing volume for /system/media/audio/notifications/Palladium.ogg; assuming invalid
09-08 05:54:39.005  5395  5950 W MediaProvider: Missing volume for /system/media/audio/notifications/Plastic_Pipe.ogg; assuming invalid
09-08 05:54:39.015  5395  5950 W MediaProvider: Missing volume for /system/media/audio/notifications/Polaris.ogg; assuming invalid
09-08 05:54:39.031  5395  5950 W MediaProvider: Missing volume for /system/media/audio/notifications/Pollux.ogg; assuming invalid
09-08 05:54:39.035  3172  4835 E MetadataRetrieverClient: failed to extract an album art
09-08 05:54:39.041  5395  5950 W MediaProvider: Missing volume for /system/media/audio/notifications/Pong.ogg; assuming invalid
09-08 05:54:39.049  5395  5950 W MediaProvider: Missing volume for /system/media/audio/notifications/Procyon.ogg; assuming invalid
09-08 05:54:39.057  5395  5950 W MediaProvider: Missing volume for /system/media/audio/notifications/Proxima.ogg; assuming invalid
09-08 05:54:39.066  5395  5950 W MediaProvider: Missing volume for /system/media/audio/notifications/Radon.ogg; assuming invalid
09-08 05:54:39.074  5395  5950 W MediaProvider: Missing volume for /system/media/audio/notifications/Rang.ogg; assuming invalid
09-08 05:54:39.081  5395  5950 W MediaProvider: Missing volume for /system/media/audio/notifications/Rhea.ogg; assuming invalid
09-08 05:54:39.089  5395  5950 W MediaProvider: Missing volume for /system/media/audio/notifications/Rubidium.ogg; assuming invalid
09-08 05:54:39.097  5395  5950 W MediaProvider: Missing volume for /system/media/audio/notifications/Salacia.ogg; assuming invalid
09-08 05:54:39.106  5395  5950 W MediaProvider: Missing volume for /system/media/audio/notifications/Selenium.ogg; assuming invalid
09-08 05:54:39.114  5395  5950 W MediaProvider: Missing volume for /system/media/audio/notifications/Shaula.ogg; assuming invalid
09-08 05:54:39.122  5395  5950 W MediaProvider: Missing volume for /system/media/audio/notifications/Sirrah.ogg; assuming invalid
09-08 05:54:39.130  5395  5950 W MediaProvider: Missing volume for /system/media/audio/notifications/Spica.ogg; assuming invalid
09-08 05:54:39.139  5395  5950 W MediaProvider: Missing volume for /system/media/audio/notifications/Stone.ogg; assuming invalid
09-08 05:54:39.148  5395  5950 W MediaProvider: Missing volume for /system/media/audio/notifications/Strontium.ogg; assuming invalid
09-08 05:54:39.157  5395  5950 W MediaProvider: Missing volume for /system/media/audio/notifications/Syrma.ogg; assuming invalid
09-08 05:54:39.166  5395  5950 W MediaProvider: Missing volume for /system/media/audio/notifications/TaDa.ogg; assuming invalid
09-08 05:54:39.175  5395  5950 W MediaProvider: Missing volume for /system/media/audio/notifications/Talitha.ogg; assuming invalid
09-08 05:54:39.184  5395  5950 W MediaProvider: Missing volume for /system/media/audio/notifications/Tethys.ogg; assuming invalid
09-08 05:54:39.193  5395  5950 W MediaProvider: Missing volume for /system/media/audio/notifications/Thallium.ogg; assuming invalid
09-08 05:54:39.204  5395  5950 W MediaProvider: Missing volume for /system/media/audio/notifications/Titan.ogg; assuming invalid
09-08 05:54:39.215  5395  5950 W MediaProvider: Missing volume for /system/media/audio/notifications/Upsilon.ogg; assuming invalid
09-08 05:54:39.224  5395  5950 W MediaProvider: Missing volume for /system/media/audio/notifications/Vega.ogg; assuming invalid
09-08 05:54:39.233  5395  5950 W MediaProvider: Missing volume for /system/media/audio/notifications/Voila.ogg; assuming invalid
09-08 05:54:39.246  5395  5950 W MediaProvider: Missing volume for /system/media/audio/notifications/Xenon.ogg; assuming invalid
09-08 05:54:39.309  5395  5950 W MediaProvider: Missing volume for /system/media/audio/notifications/Zirconium.ogg; assuming invalid
09-08 05:54:39.317  5395  5950 W MediaProvider: Missing volume for /system/media/audio/notifications/moonbeam.ogg; assuming invalid
09-08 05:54:39.356  3569  4037 I InputReader: Reconfiguring input devices.  changes=0x00000010
09-08 05:54:39.358  5395  5950 W MediaProvider: Missing volume for /system/media/audio/notifications/pixiedust.ogg; assuming invalid
09-08 05:54:39.372  5395  5950 W MediaProvider: Missing volume for /system/media/audio/notifications/pizzicato.ogg; assuming invalid
09-08 05:54:39.378  3569  4037 I InputReader: Reconfiguring input devices.  changes=0x00000010
09-08 05:54:39.380  3569  3677 W Searchables: No global search activity found
09-08 05:54:39.381  5395  5950 W MediaProvider: Missing volume for /system/media/audio/notifications/regulus.ogg; assuming invalid
09-08 05:54:39.390  5395  5950 W MediaProvider: Missing volume for /system/media/audio/notifications/sirius.ogg; assuming invalid
09-08 05:54:39.391  3569  4037 I InputReader: Reconfiguring input devices.  changes=0x00000010
09-08 05:54:39.407  3569  4037 I InputReader: Reconfiguring input devices.  changes=0x00000010
09-08 05:54:39.412  5395  5950 W MediaProvider: Missing volume for /system/media/audio/notifications/tweeters.ogg; assuming invalid
09-08 05:54:39.414  3569  4037 I InputReader: Reconfiguring input devices.  changes=0x00000010
09-08 05:54:39.414  4941  4941 D CarrierSvcBindHelper: No carrier app for: 0
09-08 05:54:39.418  4941  4941 D CarrierSvcBindHelper: No carrier app for: 1
09-08 05:54:39.430  3569  4037 I InputReader: Reconfiguring input devices.  changes=0x00000010
09-08 05:54:39.435  3569  4037 I InputReader: Reconfiguring input devices.  changes=0x00000010
09-08 05:54:39.439  3569  4037 I InputReader: Reconfiguring input devices.  changes=0x00000010
09-08 05:54:39.444  3172  4833 E MetadataRetrieverClient: failed to extract an album art
09-08 05:54:39.444  3569  4037 I InputReader: Reconfiguring input devices.  changes=0x00000010
09-08 05:54:39.452  3569  4037 I InputReader: Reconfiguring input devices.  changes=0x00000010
09-08 05:54:39.469  5395  5950 W MediaProvider: Missing volume for /system/media/audio/ringtones/Andromeda.ogg; assuming invalid
09-08 05:54:39.469  5277  5277 D RegisteredNfcFServicesCache: Service unchanged, not updating
09-08 05:54:39.476  5395  5950 W MediaProvider: Missing volume for /system/media/audio/ringtones/Aquila.ogg; assuming invalid
09-08 05:54:39.489  5395  5950 W MediaProvider: Missing volume for /system/media/audio/ringtones/ArgoNavis.ogg; assuming invalid
09-08 05:54:39.490  5395  5401 I art     : Do full code cache collection, code=125KB, data=123KB
09-08 05:54:39.493  5395  5401 I art     : Starting a blocking GC JitCodeCache
09-08 05:54:39.493  5395  5401 I art     : After code cache collection, code=112KB, data=100KB
09-08 05:54:39.498  5395  5950 W MediaProvider: Missing volume for /system/media/audio/ringtones/BOOTES.ogg; assuming invalid
09-08 05:54:39.499  5277  5277 D RegisteredNfcFServicesCache: Service unchanged, not updating
09-08 05:54:39.508  5395  5950 W MediaProvider: Missing volume for /system/media/audio/ringtones/Backroad.ogg; assuming invalid
09-08 05:54:39.509  4941  4941 D CarrierSvcBindHelper: No carrier app for: 0
09-08 05:54:39.509  4941  4941 D CarrierSvcBindHelper: No carrier app for: 1
09-08 05:54:39.516  5395  5950 W MediaProvider: Missing volume for /system/media/audio/ringtones/BeatPlucker.ogg; assuming invalid
09-08 05:54:39.517  5277  5277 D RegisteredNfcFServicesCache: Service unchanged, not updating
09-08 05:54:39.530  5395  5950 W MediaProvider: Missing volume for /system/media/audio/ringtones/BentleyDubs.ogg; assuming invalid
09-08 05:54:39.540  5277  5277 D RegisteredNfcFServicesCache: Service unchanged, not updating
09-08 05:54:39.540  5395  5950 W MediaProvider: Missing volume for /system/media/audio/ringtones/Big_Easy.ogg; assuming invalid
09-08 05:54:39.546  5395  5950 W MediaProvider: Missing volume for /system/media/audio/ringtones/BirdLoop.ogg; assuming invalid
09-08 05:54:39.547  5277  5277 D RegisteredNfcFServicesCache: Service unchanged, not updating
09-08 05:54:39.550  5395  5950 W MediaProvider: Missing volume for /system/media/audio/ringtones/Bollywood.ogg; assuming invalid
09-08 05:54:39.553  5277  5277 D RegisteredNfcFServicesCache: Service unchanged, not updating
09-08 05:54:39.558  4941  4941 D CarrierSvcBindHelper: No carrier app for: 0
09-08 05:54:39.558  4941  4941 D CarrierSvcBindHelper: No carrier app for: 1
09-08 05:54:39.561  5395  5950 W MediaProvider: Missing volume for /system/media/audio/ringtones/Boxbeat.ogg; assuming invalid
09-08 05:54:39.562  5277  5277 D RegisteredNfcFServicesCache: Service unchanged, not updating
09-08 05:54:39.566  5395  5950 W MediaProvider: Missing volume for /system/media/audio/ringtones/BussaMove.ogg; assuming invalid
09-08 05:54:39.569  5277  5277 D RegisteredNfcFServicesCache: Service unchanged, not updating
09-08 05:54:39.572  5395  5950 W MediaProvider: Missing volume for /system/media/audio/ringtones/CASSIOPEIA.ogg; assuming invalid
09-08 05:54:39.575  5277  5277 D RegisteredNfcFServicesCache: Service unchanged, not updating
09-08 05:54:39.580  3164  3385 W APM_AudioPolicyManager: getOutput() could not find output for stream 1, samplingRate 0,format 0, channels 3, flags 0
09-08 05:54:39.581  3164  3164 W APM_AudioPolicyManager: getOutput() could not find output for stream 1, samplingRate 0,format 0, channels 3, flags 0
09-08 05:54:39.582  3164  3385 W APM_AudioPolicyManager: getOutput() could not find output for stream 1, samplingRate 48000,format 1, channels 3, flags 4
09-08 05:54:39.582  3569  4703 E AudioTrack: Could not get audio output for session 33, stream type -1, usage 13, sample rate 48000, format 0x1, channel mask 0x3, flags 0x4
09-08 05:54:39.583  5395  5950 W MediaProvider: Missing volume for /system/media/audio/ringtones/Cairo.ogg; assuming invalid
09-08 05:54:39.586  3569  4703 E SoundPool: Error creating AudioTrack
09-08 05:54:39.587  3569  4778 I ActivityManager: START u0 {act=com.android.wizard.NEXT cmp=com.cyanogenmod.setupwizard/.wizardmanager.WizardManager (has extras)} from uid 1000 on display 0
09-08 05:54:39.588  5277  5277 D RegisteredNfcFServicesCache: Service unchanged, not updating
09-08 05:54:39.590  5395  5950 W MediaProvider: Missing volume for /system/media/audio/ringtones/Callisto.ogg; assuming invalid
09-08 05:54:39.595  5395  5950 W MediaProvider: Missing volume for /system/media/audio/ringtones/Calypso_Steel.ogg; assuming invalid
09-08 05:54:39.599  4941  4941 D CarrierSvcBindHelper: No carrier app for: 0
09-08 05:54:39.600  4941  4941 D CarrierSvcBindHelper: No carrier app for: 1
09-08 05:54:39.602  5395  5950 W MediaProvider: Missing volume for /system/media/audio/ringtones/CanisMajor.ogg; assuming invalid
