09-15 18:26:43.851  3570  3616 W PackageManager: Unknown permission com.google.android.googleapps.permission.GOOGLE_AUTH.ALL_SERVICES in package com.android.development
09-15 18:26:43.851  3570  3616 W PackageManager: Unknown permission com.google.android.googleapps.permission.GOOGLE_AUTH.YouTubeUser in package com.android.development
09-15 18:26:43.870  3570  3615 D EventHub: No input device configuration file found for device 'meta_event'.
09-15 18:26:43.906  3570  3615 D EventHub: No input device configuration file found for device 'interrupt_gyro_sensor'.
09-15 18:26:43.938  3570  3615 D EventHub: No input device configuration file found for device 'step_cnt_sensor'.
09-15 18:26:43.982  3570  3615 D EventHub: No input device configuration file found for device 'sig_motion_sensor'.
09-15 18:26:44.022  3570  3615 D EventHub: No input device configuration file found for device 'gesture_sensor'.
09-15 18:26:44.070  3570  3615 D EventHub: No input device configuration file found for device 'temp_humidity_sensor'.
09-15 18:26:44.102  3570  3615 D EventHub: No input device configuration file found for device 'proximity_alert_sensor'.
09-15 18:26:44.121  3570  3616 W MountService: No primary storage defined yet; hacking together a stub
09-15 18:26:44.121  3570  3616 W MountService: No primary storage defined yet; hacking together a stub
09-15 18:26:44.122  3570  3616 W MountService: No primary storage mounted!
09-15 18:26:44.122  3570  3616 D VoldConnector: SND -> {2 asec list}
09-15 18:26:44.123  3570  3617 D VoldConnector: RCV <- {200 2 asec operation succeeded}
09-15 18:26:44.124  3570  3570 I SystemServiceManager: Starting com.android.server.devicepolicy.DevicePolicyManagerService$Lifecycle
09-15 18:26:44.129  3570  3570 I SystemServer: StartStatusBarManagerService
09-15 18:26:44.130  3570  3615 D EventHub: No input device configuration file found for device 'proximity_sensor'.
09-15 18:26:44.130  3570  3570 I SystemServer: StartClipboardService
09-15 18:26:44.132  3570  3570 I SystemServer: StartNetworkManagementService
09-15 18:26:44.134  3570  3619 I NetworkManagement: onDaemonConnected()
09-15 18:26:44.139  3570  3570 I SystemServiceManager: Starting com.android.server.TextServicesManagerService$Lifecycle
09-15 18:26:44.144  3570  3570 I SystemServer: StartNetworkScoreService
09-15 18:26:44.145  3570  3570 I SystemServer: StartNetworkStatsService
09-15 18:26:44.150  3570  3570 I SystemServer: StartNetworkPolicyManagerService
09-15 18:26:44.154  3570  3570 I SystemServer: No Wi-Fi NAN Service (NAN support Not Present)
09-15 18:26:44.155  3570  3570 I SystemServiceManager: Starting com.android.server.wifi.p2p.WifiP2pService
09-15 18:26:44.166  3570  3615 D EventHub: No input device configuration file found for device 'light_ir_sensor'.
09-15 18:26:44.180  3570  3570 I WifiP2pService: Registering wifip2p
09-15 18:26:44.181  3570  3570 I SystemServiceManager: Starting com.android.server.wifi.WifiService
09-15 18:26:44.198  3570  3615 D EventHub: No input device configuration file found for device 'light_sensor'.
09-15 18:26:44.229  3570  3570 D WifiStateMachine: fst disabled
09-15 18:26:44.234  3570  3615 D EventHub: No input device configuration file found for device 'hrm_sensor'.
09-15 18:26:44.237  3570  3570 D HS20    : Passpoint is enabled, false
09-15 18:26:44.264  3189  3528 D CommandListener: Clearing all IP addresses on wlan0
09-15 18:26:44.274  3570  3615 D EventHub: No input device configuration file found for device 'grip_sensor'.
09-15 18:26:44.322  3570  3615 E EventHub: could not get driver version for /dev/input/mice, Not a typewriter
09-15 18:26:44.333  3627  3627 I         : sMaxFastTracks = 8
09-15 18:26:44.333  3627  3627 I audioserver: ServiceManager: 0xf6a19420
09-15 18:26:44.334  3627  3627 I AudioFlinger: Using default 3000 mSec as standby time.
09-15 18:26:44.334  3627  3627 I AudioPolicyService: AudioPolicyService CSTOR in new mode
09-15 18:26:44.335  3627  3627 W APM::ConfigParsingUtils: loadOutput() invalid supported devices
09-15 18:26:44.335  3627  3627 W APM::ConfigParsingUtils: loadInput() invalid supported devices
09-15 18:26:44.335  3627  3627 W APM::ConfigParsingUtils: loadInput() invalid supported devices
09-15 18:26:44.335  3627  3627 I APM::ConfigParsingUtils: loadAudioPolicyConfig() loaded /system/etc/audio_policy.conf
09-15 18:26:44.380  3570  3615 I InputReader: Device added: id=-1, name='Virtual', sources=0x00000301
09-15 18:26:44.380  3570  3615 W InputReader: Invalid value for touch.size.calibration: 'normalized'
09-15 18:26:44.381  3570  3615 I InputReader:   Touch device 'sec_touchscreen' could not query the properties of its associated display.  The device will be inoperable until the display size becomes available.
09-15 18:26:44.381  3570  3615 I InputReader: Device added: id=5, name='sec_touchscreen', sources=0x00001103
09-15 18:26:44.381  3570  3615 I InputReader:   Touch device 'sec_touchpad' could not query the properties of its associated display.  The device will be inoperable until the display size becomes available.
09-15 18:26:44.381  3570  3615 I InputReader: Device added: id=4, name='sec_touchpad', sources=0x00002103
09-15 18:26:44.381  3570  3615 I InputReader: Device added: id=3, name='gpio_keys', sources=0x00000101
09-15 18:26:44.381  3570  3615 I InputReader: Device added: id=2, name='Headset', sources=0x00000101
09-15 18:26:44.381  3570  3615 I InputReader: Reconfiguring input devices.  changes=0x00000004
09-15 18:26:44.389  3570  3615 I InputReader: Device reconfigured: id=4, name='sec_touchpad', size 1440x2960, orientation 0, mode 4, display id 0
09-15 18:26:44.389  3570  3615 I InputReader: Device reconfigured: id=5, name='sec_touchscreen', size 1440x2960, orientation 0, mode 1, display id 0
09-15 18:26:44.389  3570  3614 I ActivityManager: Config changes=8 {1.0 ?mcc?mnc [en_US] ldltr sw411dp w411dp h773dp 560dpi nrml long port finger -keyb/h/h -nav/h s.5}
09-15 18:26:44.464  3570  3570 W art     : Long monitor contention with owner WifiStateMachine (3625) at boolean com.android.server.wifi.WifiNative.unloadDriverNative()(WifiNative.java:-2) waiters=0 in java.lang.String com.android.server.wifi.WifiNative.doStringCommand(java.lang.String) for 200ms
09-15 18:26:44.464  3570  3570 E WifiLogger: no ring buffers found
09-15 18:26:44.464  3570  3570 E WifiLogger: Failed to start packet fate monitoring
09-15 18:26:44.465  3570  3625 D WifiApConfigStore: 2G band allowed channels are:1,6,11
09-15 18:26:44.471  3570  3570 D WifiController: isAirplaneModeOn = false, isWifiEnabled = true, isScanningAvailable = false
09-15 18:26:44.474  3570  3570 E WifiService: ensureConcurrencyFile template file doesnt existjava.io.FileNotFoundException: /etc/wifi/wifi_concurrency_cfg.txt (No such file or directory)
09-15 18:26:44.474  3570  3570 I WifiService: Registering wifi
09-15 18:26:44.475  3570  3570 I SystemServiceManager: Starting com.android.server.wifi.scanner.WifiScanningService
09-15 18:26:44.475  3570  3570 I WifiScanningService: Creating wifiscanner
09-15 18:26:44.477  3570  3570 I WifiScanningService: Publishing wifiscanner
09-15 18:26:44.478  3570  3570 I SystemServiceManager: Starting com.android.server.wifi.RttService
09-15 18:26:44.479  3570  3570 I RttService: Creating rttmanager
09-15 18:26:44.479  3570  3570 I RttService: Starting rttmanager
09-15 18:26:44.480  3570  3570 I SystemServiceManager: Starting com.android.server.ethernet.EthernetService
09-15 18:26:44.480  3570  3570 I EthernetServiceImpl: Creating EthernetConfigStore
09-15 18:26:44.481  3570  3570 E IpConfigStore: Error parsing configuration: java.io.FileNotFoundException: /data/misc/ethernet/ipconfig.txt (No such file or directory)
09-15 18:26:44.481  3570  3570 W EthernetConfigStore: No Ethernet configuration found. Using default.
09-15 18:26:44.481  3570  3570 I EthernetServiceImpl: Read stored IP configuration: IP assignment: DHCP
09-15 18:26:44.481  3570  3570 I EthernetServiceImpl: Proxy settings: NONE
09-15 18:26:44.481  3570  3570 I EthernetService: Registering service ethernet
09-15 18:26:44.482  3570  3570 I SystemServer: StartConnectivityService
09-15 18:26:44.494  3570  3570 D ConnectivityService: ConnectivityService starting up
09-15 18:26:44.499  3570  3570 D ConnectivityService: wifiOnly=false
09-15 18:26:44.519  3570  3570 I SystemServer: StartNsdService
09-15 18:26:44.522  3570  3570 I SystemServer: StartUpdateLockService
09-15 18:26:44.524  3570  3570 I SystemServiceManager: Starting com.android.server.RecoverySystemService
09-15 18:26:44.525  3570  3570 I SystemServiceManager: Starting com.android.server.notification.NotificationManagerService
09-15 18:26:44.538  3570  3570 D ConditionProviders.SCP: new ScheduleConditionProvider()
09-15 18:26:44.566  3570  3570 D ZenLog  : set_zen_mode: off,init
09-15 18:26:44.579  3570  3570 I SystemServiceManager: Starting com.android.server.storage.DeviceStorageMonitorService
09-15 18:26:44.582  3570  3570 I SystemServer: StartLocationManagerService
09-15 18:26:44.584  3570  3570 I SystemServer: StartCountryDetectorService
09-15 18:26:44.584  3570  3570 I SystemServer: StartSearchManagerService
09-15 18:26:44.585  3570  3570 I SystemServiceManager: Starting com.android.server.search.SearchManagerService$Lifecycle
09-15 18:26:44.587  3570  3570 I SystemServiceManager: Starting com.android.server.DropBoxManagerService
09-15 18:26:44.589  3570  3570 I SystemServer: StartWallpaperManagerService
09-15 18:26:44.589  3570  3570 I SystemServiceManager: Starting com.android.server.wallpaper.WallpaperManagerService$Lifecycle
09-15 18:26:44.592  3570  3570 E BitmapFactory: Unable to decode stream: java.io.FileNotFoundException: /data/system/users/0/wallpaper_orig (No such file or directory)
09-15 18:26:44.592  3570  3570 E WallpaperManagerService: Invalid wallpaper data
09-15 18:26:44.592  3570  3570 E WallpaperManagerService: Unable to apply new wallpaper
09-15 18:26:44.592  3570  3570 W WallpaperManagerService: no current wallpaper -- first boot?
09-15 18:26:44.593  3570  3570 I SystemServer: StartAudioService
09-15 18:26:44.593  3570  3570 I SystemServiceManager: Starting com.android.server.audio.AudioService$Lifecycle
09-15 18:26:44.598  3570  3640 I ServiceManager: Waiting for service media.audio_policy...
09-15 18:26:44.600  3570  3570 W TelecomManager: Telecom Service not found.
09-15 18:26:44.732  3627  3627 F libc    : Fatal signal 11 (SIGSEGV), code 1, fault addr 0x0 in tid 3627 (audioserver)
09-15 18:26:44.732  3075  3075 W         : debuggerd: handling request: pid=3627 uid=1041 gid=1005 tid=3627
09-15 18:26:44.740  3642  3642 E         : debuggerd: Unable to connect to activity manager (connect failed: No such file or directory)
09-15 18:26:44.790  3642  3642 F DEBUG   : *** *** *** *** *** *** *** *** *** *** *** *** *** *** *** ***
09-15 18:26:44.790  3642  3642 F DEBUG   : LineageOS Version: '14.1-20170915-UNOFFICIAL-dream2lte'
09-15 18:26:44.791  3642  3642 F DEBUG   : Build fingerprint: 'samsung/dream2ltexx/dream2lte:7.0/NRD90M/G955FXXU1AQH3:user/release-keys'
09-15 18:26:44.791  3642  3642 F DEBUG   : Revision: '0'
09-15 18:26:44.791  3642  3642 F DEBUG   : ABI: 'arm'
09-15 18:26:44.791  3642  3642 F DEBUG   : pid: 3627, tid: 3627, name: audioserver  >>> /system/bin/audioserver <<<
09-15 18:26:44.791  3642  3642 F DEBUG   : signal 11 (SIGSEGV), code 1 (SEGV_MAPERR), fault addr 0x0
09-15 18:26:44.791  3642  3642 F DEBUG   :     r0 00000000  r1 00000000  r2 00000000  r3 6e692d00
09-15 18:26:44.791  3642  3642 F DEBUG   :     r4 00000000  r5 00000000  r6 00000000  r7 f6a05423
09-15 18:26:44.791  3642  3642 F DEBUG   :     r8 00000000  r9 f6a746e0  sl f6a52314  fp 00000000
09-15 18:26:44.791  3642  3642 F DEBUG   :     ip f7637fc4  sp ffd25bb8  lr f7633981  pc f72916a6  cpsr 800b0030
09-15 18:26:44.794  3642  3642 F DEBUG   : 
09-15 18:26:44.794  3642  3642 F DEBUG   : backtrace:
09-15 18:26:44.794  3642  3642 F DEBUG   :     #00 pc 000466a6  /system/lib/libc.so (strtol+25)
09-15 18:26:44.794  3642  3642 F DEBUG   :     #01 pc 0000197d  /system/lib/libaudioroute.so
09-15 18:26:44.794  3642  3642 F DEBUG   :     #02 pc 000067d1  /system/lib/libexpat.so
09-15 18:26:44.794  3642  3642 F DEBUG   :     #03 pc 00005b97  /system/lib/libexpat.so
09-15 18:26:44.794  3642  3642 F DEBUG   :     #04 pc 00003f23  /system/lib/libexpat.so (XML_ParseBuffer+82)
09-15 18:26:44.794  3642  3642 F DEBUG   :     #05 pc 000015f7  /system/lib/libaudioroute.so (audio_route_init+398)
09-15 18:26:44.794  3642  3642 F DEBUG   :     #06 pc 00004344  /system/lib/hw/audio.primary.universal8895.so
09-15 18:26:44.794  3642  3642 F DEBUG   :     #07 pc 0002488f  /system/lib/libaudioflinger.so
09-15 18:26:44.795  3642  3642 F DEBUG   :     #08 pc 0002800b  /system/lib/libaudioflinger.so
09-15 18:26:44.795  3642  3642 F DEBUG   :     #09 pc 0000baef  /system/lib/libaudiopolicyservice.so
09-15 18:26:44.795  3642  3642 F DEBUG   :     #10 pc 00024385  /system/lib/libaudiopolicymanagerdefault.so (_ZN7android18AudioPolicyManagerC1EPNS_26AudioPolicyClientInterfaceE+692)
09-15 18:26:44.795  3642  3642 F DEBUG   :     #11 pc 0000082f  /system/lib/libaudiopolicymanager.so (createAudioPolicyManager+14)
09-15 18:26:44.795  3642  3642 F DEBUG   :     #12 pc 0000603f  /system/lib/libaudiopolicyservice.so
09-15 18:26:44.795  3642  3642 F DEBUG   :     #13 pc 00001d8f  /system/bin/audioserver
09-15 18:26:44.795  3642  3642 F DEBUG   :     #14 pc 0000182b  /system/bin/audioserver
09-15 18:26:44.795  3642  3642 F DEBUG   :     #15 pc 00016c8d  /system/lib/libc.so (__libc_init+48)
09-15 18:26:44.795  3642  3642 F DEBUG   :     #16 pc 0000156c  /system/bin/audioserver
09-15 18:26:44.835  3627  3627 W audioserver: type=1701 audit(0.0:128): auid=4294967295 uid=1041 gid=1005 ses=4294967295 subj=u:r:audioserver:s0 exe="/system/bin/audioserver" sig=11
09-15 18:26:44.841  3075  3075 W         : debuggerd: resuming target 3627
09-15 18:26:44.841  3161  3161 I ServiceManager: service 'media.audio_flinger' died
09-15 18:26:45.599  3570  3640 I ServiceManager: Waiting for service media.audio_policy...
09-15 18:26:46.599  3570  3640 I ServiceManager: Waiting for service media.audio_policy...
09-15 18:26:47.600  3570  3640 I ServiceManager: Waiting for service media.audio_policy...
09-15 18:26:48.600  3570  3640 W AudioSystem: AudioPolicyService not published, waiting...
09-15 18:26:49.100  3570  3640 I ServiceManager: Waiting for service media.audio_policy...
09-15 18:26:49.914  3677  3677 I         : sMaxFastTracks = 8
09-15 18:26:49.914  3677  3677 I audioserver: ServiceManager: 0xf6819420
09-15 18:26:49.915  3677  3677 I AudioFlinger: Using default 3000 mSec as standby time.
09-15 18:26:49.916  3677  3677 I AudioPolicyService: AudioPolicyService CSTOR in new mode
09-15 18:26:49.916  3677  3677 W APM::ConfigParsingUtils: loadOutput() invalid supported devices
09-15 18:26:49.916  3677  3677 W APM::ConfigParsingUtils: loadInput() invalid supported devices
09-15 18:26:49.916  3677  3677 W APM::ConfigParsingUtils: loadInput() invalid supported devices
09-15 18:26:49.916  3677  3677 I APM::ConfigParsingUtils: loadAudioPolicyConfig() loaded /system/etc/audio_policy.conf
09-15 18:26:50.101  3570  3640 I ServiceManager: Waiting for service media.audio_policy...
09-15 18:26:50.314  3677  3677 F libc    : Fatal signal 11 (SIGSEGV), code 1, fault addr 0x0 in tid 3677 (audioserver)
09-15 18:26:50.315  3075  3075 W         : debuggerd: handling request: pid=3677 uid=1041 gid=1005 tid=3677
09-15 18:26:50.322  3681  3681 E         : debuggerd: Unable to connect to activity manager (connect failed: No such file or directory)
09-15 18:26:50.373  3681  3681 F DEBUG   : *** *** *** *** *** *** *** *** *** *** *** *** *** *** *** ***
09-15 18:26:50.373  3681  3681 F DEBUG   : LineageOS Version: '14.1-20170915-UNOFFICIAL-dream2lte'
09-15 18:26:50.373  3681  3681 F DEBUG   : Build fingerprint: 'samsung/dream2ltexx/dream2lte:7.0/NRD90M/G955FXXU1AQH3:user/release-keys'
09-15 18:26:50.373  3681  3681 F DEBUG   : Revision: '0'
09-15 18:26:50.373  3681  3681 F DEBUG   : ABI: 'arm'
09-15 18:26:50.373  3681  3681 F DEBUG   : pid: 3677, tid: 3677, name: audioserver  >>> /system/bin/audioserver <<<
09-15 18:26:50.373  3681  3681 F DEBUG   : signal 11 (SIGSEGV), code 1 (SEGV_MAPERR), fault addr 0x0
09-15 18:26:50.373  3681  3681 F DEBUG   :     r0 00000000  r1 00000000  r2 00000000  r3 6e692d00
09-15 18:26:50.374  3681  3681 F DEBUG   :     r4 00000000  r5 00000000  r6 00000000  r7 f6805423
09-15 18:26:50.374  3681  3681 F DEBUG   :     r8 00000000  r9 f68746e0  sl f6852314  fp 00000000
09-15 18:26:50.374  3681  3681 F DEBUG   :     ip f7405fc4  sp ff94f478  lr f7401981  pc f6d996a6  cpsr 800b0030
09-15 18:26:50.377  3681  3681 F DEBUG   : 
09-15 18:26:50.377  3681  3681 F DEBUG   : backtrace:
09-15 18:26:50.377  3681  3681 F DEBUG   :     #00 pc 000466a6  /system/lib/libc.so (strtol+25)
09-15 18:26:50.377  3681  3681 F DEBUG   :     #01 pc 0000197d  /system/lib/libaudioroute.so
09-15 18:26:50.377  3681  3681 F DEBUG   :     #02 pc 000067d1  /system/lib/libexpat.so
09-15 18:26:50.377  3681  3681 F DEBUG   :     #03 pc 00005b97  /system/lib/libexpat.so
09-15 18:26:50.377  3681  3681 F DEBUG   :     #04 pc 00003f23  /system/lib/libexpat.so (XML_ParseBuffer+82)
09-15 18:26:50.377  3681  3681 F DEBUG   :     #05 pc 000015f7  /system/lib/libaudioroute.so (audio_route_init+398)
09-15 18:26:50.377  3681  3681 F DEBUG   :     #06 pc 00004344  /system/lib/hw/audio.primary.universal8895.so
09-15 18:26:50.377  3681  3681 F DEBUG   :     #07 pc 0002488f  /system/lib/libaudioflinger.so
09-15 18:26:50.377  3681  3681 F DEBUG   :     #08 pc 0002800b  /system/lib/libaudioflinger.so
09-15 18:26:50.377  3681  3681 F DEBUG   :     #09 pc 0000baef  /system/lib/libaudiopolicyservice.so
09-15 18:26:50.377  3681  3681 F DEBUG   :     #10 pc 00024385  /system/lib/libaudiopolicymanagerdefault.so (_ZN7android18AudioPolicyManagerC1EPNS_26AudioPolicyClientInterfaceE+692)
09-15 18:26:50.377  3681  3681 F DEBUG   :     #11 pc 0000082f  /system/lib/libaudiopolicymanager.so (createAudioPolicyManager+14)
09-15 18:26:50.377  3681  3681 F DEBUG   :     #12 pc 0000603f  /system/lib/libaudiopolicyservice.so
09-15 18:26:50.378  3681  3681 F DEBUG   :     #13 pc 00001d8f  /system/bin/audioserver
09-15 18:26:50.378  3681  3681 F DEBUG   :     #14 pc 0000182b  /system/bin/audioserver
09-15 18:26:50.378  3681  3681 F DEBUG   :     #15 pc 00016c8d  /system/lib/libc.so (__libc_init+48)
09-15 18:26:50.378  3681  3681 F DEBUG   :     #16 pc 0000156c  /system/bin/audioserver
09-15 18:26:50.415  3677  3677 W audioserver: type=1701 audit(0.0:129): auid=4294967295 uid=1041 gid=1005 ses=4294967295 subj=u:r:audioserver:s0 exe="/system/bin/audioserver" sig=11
09-15 18:26:50.422  3075  3075 W         : debuggerd: resuming target 3677
09-15 18:26:50.422  3161  3161 I ServiceManager: service 'media.audio_flinger' died
09-15 18:26:51.101  3570  3640 I ServiceManager: Waiting for service media.audio_policy...
09-15 18:26:51.550  3178  3178 D gpsd    : WakeLock(Acquire,GPSD)
09-15 18:26:51.551  3178  3178 D gpsd    : WakeLock(Release,GPSD)
09-15 18:26:51.551  3178  3178 D gpsd    : WakeLock(Acquire,GPSD)
09-15 18:26:51.551  3178  3178 D gpsd    : WakeLock(Release,GPSD)
09-15 18:26:51.566  3687  3687 V lhd     : GlLhdInterface::Init(/system/etc/lhd.conf)
09-15 18:26:51.566  3687  3687 E lhd     : SetCfgValue: Critical Error. Unknown configuration parameter "FlpName"="tcp"
09-15 18:26:51.566  3687  3687 V lhd     : SetCfgValue: LHD config "LheSerialControl"="BBD:Serial=TTY"
09-15 18:26:51.566  3687  3687 E lhd     : SetCfgValue: Critical Error. Unknown configuration parameter "LheClockMHz"="100"
09-15 18:26:51.566  3687  3687 V lhd     : SetCfgValue: LHD config "LhePatch"="/dev/bbd_patch"
09-15 18:26:51.566  3687  3687 V lhd     : SetCfgValue: LHD config "LheMaxMcuResetTries"="4"
09-15 18:26:51.566  3687  3687 V lhd     : SetCfgValue: LHD config "LheBbdPacket"="/dev/ttyBCM"
09-15 18:26:51.566  3687  3687 V lhd     : SetCfgValue: LHD config "LheBbdControl"="/dev/bbd_control"
09-15 18:26:51.566  3687  3687 V lhd     : SetCfgValue: LHD config "LheBbdSensor"="/dev/bbd_sensor"
09-15 18:26:51.566  3687  3687 V lhd     : SetCfgValue: LHD config "Lhe477xDebugFlags"="RPC:FACILITY=33:STDOUT_PUTS:STDOUT_LOG"
09-15 18:26:51.566  3687  3687 E lhd     : SetCfgValue: Critical Error. Unknown configuration parameter "LheSensorIpc"="true"
09-15 18:26:51.566  3687  3687 E lhd     : SetCfgValue: Critical Error. Unknown configuration parameter "LhePinMux"="P17=M1"
09-15 18:26:51.566  3687  3687 V lhd     : SetCfgValue: LHD config "LheAutoBaudDelayMS"="10"
09-15 18:26:51.566  3687  3687 V lhd     : SetCfgValue: LHD config "LheMaxMcuResetTries"="3"
09-15 18:26:51.566  3687  3687 E lhd     : OpenFirmwareFile: Fail to open /efs/sec_efs/sensorhub_urgent_fw.patch, errno 2
09-15 18:26:51.566  3687  3687 E lhd     : getCustPatchVersion: Fail to parse patch /efs/sec_efs/sensorhub_urgent_fw.patch
09-15 18:26:51.566  3687  3687 E lhd     : getCustPatchVersion: <CustomerVersion> not found
09-15 18:26:51.626  3178  3178 D gpsd    : WakeLock(Acquire,GPSD)
09-15 18:26:51.626  3178  3178 D gpsd    : WakeLock(Release,GPSD)
09-15 18:26:51.626  3178  3178 D gpsd    : WakeLock(Acquire,GPSD)
09-15 18:26:51.626  3178  3178 D gpsd    : WakeLock(Release,GPSD)
09-15 18:26:51.626  3687  3687 D lhd     : OnIpcConnect
09-15 18:26:52.101  3570  3640 I ServiceManager: Waiting for service media.audio_policy...
09-15 18:26:53.102  3570  3640 W AudioSystem: AudioPolicyService not published, waiting...
09-15 18:26:53.602  3570  3640 I ServiceManager: Waiting for service media.audio_policy...
09-15 18:26:54.603  3570  3640 I ServiceManager: Waiting for service media.audio_policy...
09-15 18:26:54.622  3689  3689 I         : sMaxFastTracks = 8
09-15 18:26:54.623  3689  3689 I audioserver: ServiceManager: 0xf6419420
09-15 18:26:54.624  3689  3689 I AudioFlinger: Using default 3000 mSec as standby time.
09-15 18:26:54.624  3689  3689 I AudioPolicyService: AudioPolicyService CSTOR in new mode
09-15 18:26:54.624  3689  3689 W APM::ConfigParsingUtils: loadOutput() invalid supported devices
09-15 18:26:54.624  3689  3689 W APM::ConfigParsingUtils: loadInput() invalid supported devices
09-15 18:26:54.625  3689  3689 W APM::ConfigParsingUtils: loadInput() invalid supported devices
09-15 18:26:54.625  3689  3689 I APM::ConfigParsingUtils: loadAudioPolicyConfig() loaded /system/etc/audio_policy.conf
09-15 18:26:55.037  3689  3689 F libc    : Fatal signal 11 (SIGSEGV), code 1, fault addr 0x0 in tid 3689 (audioserver)
09-15 18:26:55.037  3075  3075 W         : debuggerd: handling request: pid=3689 uid=1041 gid=1005 tid=3689
09-15 18:26:55.042  3693  3693 E         : debuggerd: Unable to connect to activity manager (connect failed: No such file or directory)
09-15 18:26:55.093  3693  3693 F DEBUG   : *** *** *** *** *** *** *** *** *** *** *** *** *** *** *** ***
09-15 18:26:55.093  3693  3693 F DEBUG   : LineageOS Version: '14.1-20170915-UNOFFICIAL-dream2lte'
09-15 18:26:55.093  3693  3693 F DEBUG   : Build fingerprint: 'samsung/dream2ltexx/dream2lte:7.0/NRD90M/G955FXXU1AQH3:user/release-keys'
09-15 18:26:55.093  3693  3693 F DEBUG   : Revision: '0'
09-15 18:26:55.093  3693  3693 F DEBUG   : ABI: 'arm'
09-15 18:26:55.093  3693  3693 F DEBUG   : pid: 3689, tid: 3689, name: audioserver  >>> /system/bin/audioserver <<<
09-15 18:26:55.093  3693  3693 F DEBUG   : signal 11 (SIGSEGV), code 1 (SEGV_MAPERR), fault addr 0x0
09-15 18:26:55.094  3693  3693 F DEBUG   :     r0 00000000  r1 00000000  r2 00000000  r3 6e692d00
09-15 18:26:55.094  3693  3693 F DEBUG   :     r4 00000000  r5 00000000  r6 00000000  r7 f6405423
09-15 18:26:55.094  3693  3693 F DEBUG   :     r8 00000000  r9 f64746e0  sl f6452314  fp 00000000
09-15 18:26:55.094  3693  3693 F DEBUG   :     ip f7001fc4  sp fff86248  lr f6ffd981  pc f67b86a6  cpsr 800b0030
09-15 18:26:55.097  3693  3693 F DEBUG   : 
09-15 18:26:55.097  3693  3693 F DEBUG   : backtrace:
09-15 18:26:55.097  3693  3693 F DEBUG   :     #00 pc 000466a6  /system/lib/libc.so (strtol+25)
09-15 18:26:55.097  3693  3693 F DEBUG   :     #01 pc 0000197d  /system/lib/libaudioroute.so
09-15 18:26:55.097  3693  3693 F DEBUG   :     #02 pc 000067d1  /system/lib/libexpat.so
09-15 18:26:55.097  3693  3693 F DEBUG   :     #03 pc 00005b97  /system/lib/libexpat.so
09-15 18:26:55.098  3693  3693 F DEBUG   :     #04 pc 00003f23  /system/lib/libexpat.so (XML_ParseBuffer+82)
09-15 18:26:55.098  3693  3693 F DEBUG   :     #05 pc 000015f7  /system/lib/libaudioroute.so (audio_route_init+398)
09-15 18:26:55.098  3693  3693 F DEBUG   :     #06 pc 00004344  /system/lib/hw/audio.primary.universal8895.so
09-15 18:26:55.098  3693  3693 F DEBUG   :     #07 pc 0002488f  /system/lib/libaudioflinger.so
09-15 18:26:55.098  3693  3693 F DEBUG   :     #08 pc 0002800b  /system/lib/libaudioflinger.so
09-15 18:26:55.098  3693  3693 F DEBUG   :     #09 pc 0000baef  /system/lib/libaudiopolicyservice.so
09-15 18:26:55.098  3693  3693 F DEBUG   :     #10 pc 00024385  /system/lib/libaudiopolicymanagerdefault.so (_ZN7android18AudioPolicyManagerC1EPNS_26AudioPolicyClientInterfaceE+692)
09-15 18:26:55.098  3693  3693 F DEBUG   :     #11 pc 0000082f  /system/lib/libaudiopolicymanager.so (createAudioPolicyManager+14)
09-15 18:26:55.098  3693  3693 F DEBUG   :     #12 pc 0000603f  /system/lib/libaudiopolicyservice.so
09-15 18:26:55.098  3693  3693 F DEBUG   :     #13 pc 00001d8f  /system/bin/audioserver
09-15 18:26:55.098  3693  3693 F DEBUG   :     #14 pc 0000182b  /system/bin/audioserver
09-15 18:26:55.098  3693  3693 F DEBUG   :     #15 pc 00016c8d  /system/lib/libc.so (__libc_init+48)
09-15 18:26:55.098  3693  3693 F DEBUG   :     #16 pc 0000156c  /system/bin/audioserver
09-15 18:26:55.135  3689  3689 W audioserver: type=1701 audit(0.0:130): auid=4294967295 uid=1041 gid=1005 ses=4294967295 subj=u:r:audioserver:s0 exe="/system/bin/audioserver" sig=11
09-15 18:26:55.141  3075  3075 W         : debuggerd: resuming target 3689
09-15 18:26:55.142  3161  3161 I ServiceManager: service 'media.audio_flinger' died
09-15 18:26:55.603  3570  3640 I ServiceManager: Waiting for service media.audio_policy...
09-15 18:26:56.603  3570  3640 I ServiceManager: Waiting for service media.audio_policy...
09-15 18:26:57.604  3570  3640 W AudioSystem: AudioPolicyService not published, waiting...
09-15 18:26:58.104  3570  3640 I ServiceManager: Waiting for service media.audio_policy...
09-15 18:26:59.104  3570  3640 I ServiceManager: Waiting for service media.audio_policy...
09-15 18:26:59.698  3700  3700 I         : sMaxFastTracks = 8
09-15 18:26:59.698  3700  3700 I audioserver: ServiceManager: 0xf6399420
09-15 18:26:59.699  3700  3700 I AudioFlinger: Using default 3000 mSec as standby time.
09-15 18:26:59.699  3700  3700 I AudioPolicyService: AudioPolicyService CSTOR in new mode
09-15 18:26:59.700  3700  3700 W APM::ConfigParsingUtils: loadOutput() invalid supported devices
09-15 18:26:59.700  3700  3700 W APM::ConfigParsingUtils: loadInput() invalid supported devices
09-15 18:26:59.700  3700  3700 W APM::ConfigParsingUtils: loadInput() invalid supported devices
09-15 18:26:59.700  3700  3700 I APM::ConfigParsingUtils: loadAudioPolicyConfig() loaded /system/etc/audio_policy.conf
09-15 18:27:00.105  3570  3640 I ServiceManager: Waiting for service media.audio_policy...
09-15 18:27:00.113  3700  3700 F libc    : Fatal signal 11 (SIGSEGV), code 1, fault addr 0x0 in tid 3700 (audioserver)
09-15 18:27:00.113  3075  3075 W         : debuggerd: handling request: pid=3700 uid=1041 gid=1005 tid=3700
09-15 18:27:00.119  3704  3704 E         : debuggerd: Unable to connect to activity manager (connect failed: No such file or directory)
09-15 18:27:00.170  3704  3704 F DEBUG   : *** *** *** *** *** *** *** *** *** *** *** *** *** *** *** ***
09-15 18:27:00.170  3704  3704 F DEBUG   : LineageOS Version: '14.1-20170915-UNOFFICIAL-dream2lte'
09-15 18:27:00.170  3704  3704 F DEBUG   : Build fingerprint: 'samsung/dream2ltexx/dream2lte:7.0/NRD90M/G955FXXU1AQH3:user/release-keys'
09-15 18:27:00.170  3704  3704 F DEBUG   : Revision: '0'
09-15 18:27:00.170  3704  3704 F DEBUG   : ABI: 'arm'
09-15 18:27:00.170  3704  3704 F DEBUG   : pid: 3700, tid: 3700, name: audioserver  >>> /system/bin/audioserver <<<
09-15 18:27:00.170  3704  3704 F DEBUG   : signal 11 (SIGSEGV), code 1 (SEGV_MAPERR), fault addr 0x0
09-15 18:27:00.170  3704  3704 F DEBUG   :     r0 00000000  r1 00000000  r2 00000000  r3 6e692d00
09-15 18:27:00.170  3704  3704 F DEBUG   :     r4 00000000  r5 00000000  r6 00000000  r7 f6385423
09-15 18:27:00.170  3704  3704 F DEBUG   :     r8 00000000  r9 f63f46e0  sl f63d2314  fp 00000000
09-15 18:27:00.170  3704  3704 F DEBUG   :     ip f6fd3fc4  sp ffd890d8  lr f6fcf981  pc f69a66a6  cpsr 800b0030
09-15 18:27:00.174  3704  3704 F DEBUG   : 
09-15 18:27:00.174  3704  3704 F DEBUG   : backtrace:
09-15 18:27:00.175  3704  3704 F DEBUG   :     #00 pc 000466a6  /system/lib/libc.so (strtol+25)
09-15 18:27:00.175  3704  3704 F DEBUG   :     #01 pc 0000197d  /system/lib/libaudioroute.so
09-15 18:27:00.175  3704  3704 F DEBUG   :     #02 pc 000067d1  /system/lib/libexpat.so
09-15 18:27:00.175  3704  3704 F DEBUG   :     #03 pc 00005b97  /system/lib/libexpat.so
09-15 18:27:00.175  3704  3704 F DEBUG   :     #04 pc 00003f23  /system/lib/libexpat.so (XML_ParseBuffer+82)
09-15 18:27:00.175  3704  3704 F DEBUG   :     #05 pc 000015f7  /system/lib/libaudioroute.so (audio_route_init+398)
09-15 18:27:00.175  3704  3704 F DEBUG   :     #06 pc 00004344  /system/lib/hw/audio.primary.universal8895.so
09-15 18:27:00.175  3704  3704 F DEBUG   :     #07 pc 0002488f  /system/lib/libaudioflinger.so
09-15 18:27:00.175  3704  3704 F DEBUG   :     #08 pc 0002800b  /system/lib/libaudioflinger.so
09-15 18:27:00.175  3704  3704 F DEBUG   :     #09 pc 0000baef  /system/lib/libaudiopolicyservice.so
09-15 18:27:00.175  3704  3704 F DEBUG   :     #10 pc 00024385  /system/lib/libaudiopolicymanagerdefault.so (_ZN7android18AudioPolicyManagerC1EPNS_26AudioPolicyClientInterfaceE+692)
09-15 18:27:00.175  3704  3704 F DEBUG   :     #11 pc 0000082f  /system/lib/libaudiopolicymanager.so (createAudioPolicyManager+14)
09-15 18:27:00.175  3704  3704 F DEBUG   :     #12 pc 0000603f  /system/lib/libaudiopolicyservice.so
09-15 18:27:00.175  3704  3704 F DEBUG   :     #13 pc 00001d8f  /system/bin/audioserver
09-15 18:27:00.175  3704  3704 F DEBUG   :     #14 pc 0000182b  /system/bin/audioserver
09-15 18:27:00.175  3704  3704 F DEBUG   :     #15 pc 00016c8d  /system/lib/libc.so (__libc_init+48)
09-15 18:27:00.175  3704  3704 F DEBUG   :     #16 pc 0000156c  /system/bin/audioserver
09-15 18:27:00.215  3700  3700 W audioserver: type=1701 audit(0.0:131): auid=4294967295 uid=1041 gid=1005 ses=4294967295 subj=u:r:audioserver:s0 exe="/system/bin/audioserver" sig=11
09-15 18:27:00.220  3075  3075 W         : debuggerd: resuming target 3700
09-15 18:27:00.220  3161  3161 I ServiceManager: service 'media.audio_flinger' died
09-15 18:27:01.105  3570  3640 I ServiceManager: Waiting for service media.audio_policy...
09-15 18:27:02.105  3570  3640 W AudioSystem: AudioPolicyService not published, waiting...
09-15 18:27:02.606  3570  3640 I ServiceManager: Waiting for service media.audio_policy...
09-15 18:27:03.607  3570  3640 I ServiceManager: Waiting for service media.audio_policy...
09-15 18:27:04.293  3709  3709 I         : sMaxFastTracks = 8
09-15 18:27:04.293  3709  3709 I audioserver: ServiceManager: 0xf6299420
09-15 18:27:04.294  3709  3709 I AudioFlinger: Using default 3000 mSec as standby time.
09-15 18:27:04.294  3709  3709 I AudioPolicyService: AudioPolicyService CSTOR in new mode
09-15 18:27:04.295  3709  3709 W APM::ConfigParsingUtils: loadOutput() invalid supported devices
09-15 18:27:04.295  3709  3709 W APM::ConfigParsingUtils: loadInput() invalid supported devices
09-15 18:27:04.295  3709  3709 W APM::ConfigParsingUtils: loadInput() invalid supported devices
09-15 18:27:04.295  3709  3709 I APM::ConfigParsingUtils: loadAudioPolicyConfig() loaded /system/etc/audio_policy.conf
09-15 18:27:04.607  3570  3640 I ServiceManager: Waiting for service media.audio_policy...
09-15 18:27:04.707  3709  3709 F libc    : Fatal signal 11 (SIGSEGV), code 1, fault addr 0x0 in tid 3709 (audioserver)
09-15 18:27:04.707  3075  3075 W         : debuggerd: handling request: pid=3709 uid=1041 gid=1005 tid=3709
09-15 18:27:04.713  3713  3713 E         : debuggerd: Unable to connect to activity manager (connect failed: No such file or directory)
09-15 18:27:04.763  3713  3713 F DEBUG   : *** *** *** *** *** *** *** *** *** *** *** *** *** *** *** ***
09-15 18:27:04.764  3713  3713 F DEBUG   : LineageOS Version: '14.1-20170915-UNOFFICIAL-dream2lte'
09-15 18:27:04.764  3713  3713 F DEBUG   : Build fingerprint: 'samsung/dream2ltexx/dream2lte:7.0/NRD90M/G955FXXU1AQH3:user/release-keys'
09-15 18:27:04.764  3713  3713 F DEBUG   : Revision: '0'
09-15 18:27:04.764  3713  3713 F DEBUG   : ABI: 'arm'
09-15 18:27:04.764  3713  3713 F DEBUG   : pid: 3709, tid: 3709, name: audioserver  >>> /system/bin/audioserver <<<
09-15 18:27:04.764  3713  3713 F DEBUG   : signal 11 (SIGSEGV), code 1 (SEGV_MAPERR), fault addr 0x0
09-15 18:27:04.764  3713  3713 F DEBUG   :     r0 00000000  r1 00000000  r2 00000000  r3 6e692d00
09-15 18:27:04.764  3713  3713 F DEBUG   :     r4 00000000  r5 00000000  r6 00000000  r7 f6285423
09-15 18:27:04.764  3713  3713 F DEBUG   :     r8 00000000  r9 f62f46e0  sl f62d2314  fp 00000000
09-15 18:27:04.764  3713  3713 F DEBUG   :     ip f6ec3fc4  sp ffb67148  lr f6ebf981  pc f653f6a6  cpsr 800b0030
09-15 18:27:04.768  3713  3713 F DEBUG   : 
09-15 18:27:04.768  3713  3713 F DEBUG   : backtrace:
09-15 18:27:04.768  3713  3713 F DEBUG   :     #00 pc 000466a6  /system/lib/libc.so (strtol+25)
09-15 18:27:04.768  3713  3713 F DEBUG   :     #01 pc 0000197d  /system/lib/libaudioroute.so
09-15 18:27:04.768  3713  3713 F DEBUG   :     #02 pc 000067d1  /system/lib/libexpat.so
09-15 18:27:04.768  3713  3713 F DEBUG   :     #03 pc 00005b97  /system/lib/libexpat.so
09-15 18:27:04.768  3713  3713 F DEBUG   :     #04 pc 00003f23  /system/lib/libexpat.so (XML_ParseBuffer+82)
09-15 18:27:04.768  3713  3713 F DEBUG   :     #05 pc 000015f7  /system/lib/libaudioroute.so (audio_route_init+398)
09-15 18:27:04.768  3713  3713 F DEBUG   :     #06 pc 00004344  /system/lib/hw/audio.primary.universal8895.so
09-15 18:27:04.768  3713  3713 F DEBUG   :     #07 pc 0002488f  /system/lib/libaudioflinger.so
09-15 18:27:04.768  3713  3713 F DEBUG   :     #08 pc 0002800b  /system/lib/libaudioflinger.so
09-15 18:27:04.768  3713  3713 F DEBUG   :     #09 pc 0000baef  /system/lib/libaudiopolicyservice.so
09-15 18:27:04.768  3713  3713 F DEBUG   :     #10 pc 00024385  /system/lib/libaudiopolicymanagerdefault.so (_ZN7android18AudioPolicyManagerC1EPNS_26AudioPolicyClientInterfaceE+692)
09-15 18:27:04.768  3713  3713 F DEBUG   :     #11 pc 0000082f  /system/lib/libaudiopolicymanager.so (createAudioPolicyManager+14)
09-15 18:27:04.768  3713  3713 F DEBUG   :     #12 pc 0000603f  /system/lib/libaudiopolicyservice.so
09-15 18:27:04.768  3713  3713 F DEBUG   :     #13 pc 00001d8f  /system/bin/audioserver
09-15 18:27:04.768  3713  3713 F DEBUG   :     #14 pc 0000182b  /system/bin/audioserver
09-15 18:27:04.768  3713  3713 F DEBUG   :     #15 pc 00016c8d  /system/lib/libc.so (__libc_init+48)
09-15 18:27:04.768  3713  3713 F DEBUG   :     #16 pc 0000156c  /system/bin/audioserver
09-15 18:27:04.807  3709  3709 W audioserver: type=1701 audit(0.0:132): auid=4294967295 uid=1041 gid=1005 ses=4294967295 subj=u:r:audioserver:s0 exe="/system/bin/audioserver" sig=11
09-15 18:27:04.812  3161  3161 I ServiceManager: service 'media.audio_flinger' died
09-15 18:27:04.813  3075  3075 W         : debuggerd: resuming target 3709
09-15 18:27:04.813  3075  3075 E         : debuggerd: failed to send signal 18 to target: No such process
09-15 18:27:05.607  3570  3640 I ServiceManager: Waiting for service media.audio_policy...
09-15 18:27:06.608  3570  3640 W AudioSystem: AudioPolicyService not published, waiting...
09-15 18:27:06.613  3178  3178 D gpsd    : WakeLock(Acquire,GPSD)
09-15 18:27:06.613  3178  3178 D gpsd    : WakeLock(Release,GPSD)
09-15 18:27:06.613  3178  3178 D gpsd    : WakeLock(Acquire,GPSD)
09-15 18:27:06.613  3178  3178 D gpsd    : WakeLock(Release,GPSD)
09-15 18:27:06.628  3720  3720 V lhd     : GlLhdInterface::Init(/system/etc/lhd.conf)
09-15 18:27:06.628  3720  3720 E lhd     : SetCfgValue: Critical Error. Unknown configuration parameter "FlpName"="tcp"
09-15 18:27:06.628  3720  3720 V lhd     : SetCfgValue: LHD config "LheSerialControl"="BBD:Serial=TTY"
09-15 18:27:06.628  3720  3720 E lhd     : SetCfgValue: Critical Error. Unknown configuration parameter "LheClockMHz"="100"
09-15 18:27:06.628  3720  3720 V lhd     : SetCfgValue: LHD config "LhePatch"="/dev/bbd_patch"
09-15 18:27:06.628  3720  3720 V lhd     : SetCfgValue: LHD config "LheMaxMcuResetTries"="4"
09-15 18:27:06.628  3720  3720 V lhd     : SetCfgValue: LHD config "LheBbdPacket"="/dev/ttyBCM"
09-15 18:27:06.628  3720  3720 V lhd     : SetCfgValue: LHD config "LheBbdControl"="/dev/bbd_control"
09-15 18:27:06.628  3720  3720 V lhd     : SetCfgValue: LHD config "LheBbdSensor"="/dev/bbd_sensor"
09-15 18:27:06.628  3720  3720 V lhd     : SetCfgValue: LHD config "Lhe477xDebugFlags"="RPC:FACILITY=33:STDOUT_PUTS:STDOUT_LOG"
09-15 18:27:06.628  3720  3720 E lhd     : SetCfgValue: Critical Error. Unknown configuration parameter "LheSensorIpc"="true"
09-15 18:27:06.628  3720  3720 E lhd     : SetCfgValue: Critical Error. Unknown configuration parameter "LhePinMux"="P17=M1"
09-15 18:27:06.628  3720  3720 V lhd     : SetCfgValue: LHD config "LheAutoBaudDelayMS"="10"
09-15 18:27:06.628  3720  3720 V lhd     : SetCfgValue: LHD config "LheMaxMcuResetTries"="3"
09-15 18:27:06.628  3720  3720 E lhd     : OpenFirmwareFile: Fail to open /efs/sec_efs/sensorhub_urgent_fw.patch, errno 2
09-15 18:27:06.629  3720  3720 E lhd     : getCustPatchVersion: Fail to parse patch /efs/sec_efs/sensorhub_urgent_fw.patch
09-15 18:27:06.629  3720  3720 E lhd     : getCustPatchVersion: <CustomerVersion> not found
09-15 18:27:06.688  3720  3720 D lhd     : OnIpcConnect
09-15 18:27:06.688  3178  3178 D gpsd    : WakeLock(Acquire,GPSD)
09-15 18:27:06.688  3178  3178 D gpsd    : WakeLock(Release,GPSD)
09-15 18:27:06.688  3178  3178 D gpsd    : WakeLock(Acquire,GPSD)
09-15 18:27:06.688  3178  3178 D gpsd    : WakeLock(Release,GPSD)
09-15 18:27:07.108  3570  3640 I ServiceManager: Waiting for service media.audio_policy...
09-15 18:27:08.109  3570  3640 I ServiceManager: Waiting for service media.audio_policy...
09-15 18:27:09.110  3570  3640 I ServiceManager: Waiting for service media.audio_policy...
09-15 18:27:09.684  3722  3722 I         : sMaxFastTracks = 8
09-15 18:27:09.685  3722  3722 I audioserver: ServiceManager: 0xf6819420
09-15 18:27:09.685  3722  3722 I AudioFlinger: Using default 3000 mSec as standby time.
09-15 18:27:09.686  3722  3722 I AudioPolicyService: AudioPolicyService CSTOR in new mode
09-15 18:27:09.686  3722  3722 W APM::ConfigParsingUtils: loadOutput() invalid supported devices
09-15 18:27:09.686  3722  3722 W APM::ConfigParsingUtils: loadInput() invalid supported devices
09-15 18:27:09.686  3722  3722 W APM::ConfigParsingUtils: loadInput() invalid supported devices
09-15 18:27:09.686  3722  3722 I APM::ConfigParsingUtils: loadAudioPolicyConfig() loaded /system/etc/audio_policy.conf
09-15 18:27:10.096  3722  3722 F libc    : Fatal signal 11 (SIGSEGV), code 1, fault addr 0x0 in tid 3722 (audioserver)
09-15 18:27:10.096  3075  3075 W         : debuggerd: handling request: pid=3722 uid=1041 gid=1005 tid=3722
09-15 18:27:10.101  3726  3726 E         : debuggerd: Unable to connect to activity manager (connect failed: No such file or directory)
09-15 18:27:10.110  3570  3640 I ServiceManager: Waiting for service media.audio_policy...
09-15 18:27:10.152  3726  3726 F DEBUG   : *** *** *** *** *** *** *** *** *** *** *** *** *** *** *** ***
09-15 18:27:10.152  3726  3726 F DEBUG   : LineageOS Version: '14.1-20170915-UNOFFICIAL-dream2lte'
09-15 18:27:10.152  3726  3726 F DEBUG   : Build fingerprint: 'samsung/dream2ltexx/dream2lte:7.0/NRD90M/G955FXXU1AQH3:user/release-keys'
09-15 18:27:10.152  3726  3726 F DEBUG   : Revision: '0'
09-15 18:27:10.152  3726  3726 F DEBUG   : ABI: 'arm'
09-15 18:27:10.152  3726  3726 F DEBUG   : pid: 3722, tid: 3722, name: audioserver  >>> /system/bin/audioserver <<<
09-15 18:27:10.152  3726  3726 F DEBUG   : signal 11 (SIGSEGV), code 1 (SEGV_MAPERR), fault addr 0x0
09-15 18:27:10.152  3726  3726 F DEBUG   :     r0 00000000  r1 00000000  r2 00000000  r3 6e692d00
09-15 18:27:10.152  3726  3726 F DEBUG   :     r4 00000000  r5 00000000  r6 00000000  r7 f6805423
09-15 18:27:10.152  3726  3726 F DEBUG   :     r8 00000000  r9 f68746e0  sl f6852314  fp 00000000
09-15 18:27:10.152  3726  3726 F DEBUG   :     ip f7479fc4  sp ffcdfe18  lr f7475981  pc f6e886a6  cpsr 800b0030
09-15 18:27:10.156  3726  3726 F DEBUG   : 
09-15 18:27:10.156  3726  3726 F DEBUG   : backtrace:
09-15 18:27:10.156  3726  3726 F DEBUG   :     #00 pc 000466a6  /system/lib/libc.so (strtol+25)
09-15 18:27:10.156  3726  3726 F DEBUG   :     #01 pc 0000197d  /system/lib/libaudioroute.so
09-15 18:27:10.156  3726  3726 F DEBUG   :     #02 pc 000067d1  /system/lib/libexpat.so
09-15 18:27:10.156  3726  3726 F DEBUG   :     #03 pc 00005b97  /system/lib/libexpat.so
09-15 18:27:10.156  3726  3726 F DEBUG   :     #04 pc 00003f23  /system/lib/libexpat.so (XML_ParseBuffer+82)
09-15 18:27:10.156  3726  3726 F DEBUG   :     #05 pc 000015f7  /system/lib/libaudioroute.so (audio_route_init+398)
09-15 18:27:10.156  3726  3726 F DEBUG   :     #06 pc 00004344  /system/lib/hw/audio.primary.universal8895.so
09-15 18:27:10.156  3726  3726 F DEBUG   :     #07 pc 0002488f  /system/lib/libaudioflinger.so
09-15 18:27:10.156  3726  3726 F DEBUG   :     #08 pc 0002800b  /system/lib/libaudioflinger.so
09-15 18:27:10.156  3726  3726 F DEBUG   :     #09 pc 0000baef  /system/lib/libaudiopolicyservice.so
09-15 18:27:10.156  3726  3726 F DEBUG   :     #10 pc 00024385  /system/lib/libaudiopolicymanagerdefault.so (_ZN7android18AudioPolicyManagerC1EPNS_26AudioPolicyClientInterfaceE+692)
09-15 18:27:10.156  3726  3726 F DEBUG   :     #11 pc 0000082f  /system/lib/libaudiopolicymanager.so (createAudioPolicyManager+14)
09-15 18:27:10.157  3726  3726 F DEBUG   :     #12 pc 0000603f  /system/lib/libaudiopolicyservice.so
09-15 18:27:10.157  3726  3726 F DEBUG   :     #13 pc 00001d8f  /system/bin/audioserver
09-15 18:27:10.157  3726  3726 F DEBUG   :     #14 pc 0000182b  /system/bin/audioserver
09-15 18:27:10.157  3726  3726 F DEBUG   :     #15 pc 00016c8d  /system/lib/libc.so (__libc_init+48)
09-15 18:27:10.157  3726  3726 F DEBUG   :     #16 pc 0000156c  /system/bin/audioserver
09-15 18:27:10.195  3722  3722 W audioserver: type=1701 audit(0.0:133): auid=4294967295 uid=1041 gid=1005 ses=4294967295 subj=u:r:audioserver:s0 exe="/system/bin/audioserver" sig=11
09-15 18:27:10.202  3075  3075 W         : debuggerd: resuming target 3722
09-15 18:27:10.202  3161  3161 I ServiceManager: service 'media.audio_flinger' died
09-15 18:27:11.111  3570  3640 W AudioSystem: AudioPolicyService not published, waiting...
09-15 18:27:11.611  3570  3640 I ServiceManager: Waiting for service media.audio_policy...
09-15 18:27:12.612  3570  3640 I ServiceManager: Waiting for service media.audio_policy...
09-15 18:27:13.612  3570  3640 I ServiceManager: Waiting for service media.audio_policy...
09-15 18:27:14.274  3731  3731 I         : sMaxFastTracks = 8
09-15 18:27:14.275  3731  3731 I audioserver: ServiceManager: 0xf6319420
09-15 18:27:14.275  3731  3731 I AudioFlinger: Using default 3000 mSec as standby time.
09-15 18:27:14.276  3731  3731 I AudioPolicyService: AudioPolicyService CSTOR in new mode
09-15 18:27:14.276  3731  3731 W APM::ConfigParsingUtils: loadOutput() invalid supported devices
09-15 18:27:14.276  3731  3731 W APM::ConfigParsingUtils: loadInput() invalid supported devices
09-15 18:27:14.276  3731  3731 W APM::ConfigParsingUtils: loadInput() invalid supported devices
09-15 18:27:14.277  3731  3731 I APM::ConfigParsingUtils: loadAudioPolicyConfig() loaded /system/etc/audio_policy.conf
09-15 18:27:14.613  3570  3640 I ServiceManager: Waiting for service media.audio_policy...
09-15 18:27:14.679  3731  3731 F libc    : Fatal signal 11 (SIGSEGV), code 1, fault addr 0x0 in tid 3731 (audioserver)
09-15 18:27:14.679  3075  3075 W         : debuggerd: handling request: pid=3731 uid=1041 gid=1005 tid=3731
09-15 18:27:14.685  3735  3735 E         : debuggerd: Unable to connect to activity manager (connect failed: No such file or directory)
09-15 18:27:14.735  3735  3735 F DEBUG   : *** *** *** *** *** *** *** *** *** *** *** *** *** *** *** ***
09-15 18:27:14.735  3735  3735 F DEBUG   : LineageOS Version: '14.1-20170915-UNOFFICIAL-dream2lte'
09-15 18:27:14.735  3735  3735 F DEBUG   : Build fingerprint: 'samsung/dream2ltexx/dream2lte:7.0/NRD90M/G955FXXU1AQH3:user/release-keys'
09-15 18:27:14.735  3735  3735 F DEBUG   : Revision: '0'
09-15 18:27:14.735  3735  3735 F DEBUG   : ABI: 'arm'
09-15 18:27:14.736  3735  3735 F DEBUG   : pid: 3731, tid: 3731, name: audioserver  >>> /system/bin/audioserver <<<
09-15 18:27:14.736  3735  3735 F DEBUG   : signal 11 (SIGSEGV), code 1 (SEGV_MAPERR), fault addr 0x0
09-15 18:27:14.736  3735  3735 F DEBUG   :     r0 00000000  r1 00000000  r2 00000000  r3 6e692d00
09-15 18:27:14.736  3735  3735 F DEBUG   :     r4 00000000  r5 00000000  r6 00000000  r7 f6305423
09-15 18:27:14.736  3735  3735 F DEBUG   :     r8 00000000  r9 f63746e0  sl f6352314  fp 00000000
09-15 18:27:14.736  3735  3735 F DEBUG   :     ip f6f13fc4  sp ffcbd358  lr f6f0f981  pc f6d2b6a6  cpsr 800b0030
09-15 18:27:14.741  3735  3735 F DEBUG   : 
09-15 18:27:14.741  3735  3735 F DEBUG   : backtrace:
09-15 18:27:14.741  3735  3735 F DEBUG   :     #00 pc 000466a6  /system/lib/libc.so (strtol+25)
09-15 18:27:14.741  3735  3735 F DEBUG   :     #01 pc 0000197d  /system/lib/libaudioroute.so
09-15 18:27:14.741  3735  3735 F DEBUG   :     #02 pc 000067d1  /system/lib/libexpat.so
09-15 18:27:14.741  3735  3735 F DEBUG   :     #03 pc 00005b97  /system/lib/libexpat.so
09-15 18:27:14.741  3735  3735 F DEBUG   :     #04 pc 00003f23  /system/lib/libexpat.so (XML_ParseBuffer+82)
09-15 18:27:14.741  3735  3735 F DEBUG   :     #05 pc 000015f7  /system/lib/libaudioroute.so (audio_route_init+398)
09-15 18:27:14.741  3735  3735 F DEBUG   :     #06 pc 00004344  /system/lib/hw/audio.primary.universal8895.so
09-15 18:27:14.741  3735  3735 F DEBUG   :     #07 pc 0002488f  /system/lib/libaudioflinger.so
09-15 18:27:14.741  3735  3735 F DEBUG   :     #08 pc 0002800b  /system/lib/libaudioflinger.so
09-15 18:27:14.741  3735  3735 F DEBUG   :     #09 pc 0000baef  /system/lib/libaudiopolicyservice.so
09-15 18:27:14.742  3735  3735 F DEBUG   :     #10 pc 00024385  /system/lib/libaudiopolicymanagerdefault.so (_ZN7android18AudioPolicyManagerC1EPNS_26AudioPolicyClientInterfaceE+692)
09-15 18:27:14.742  3735  3735 F DEBUG   :     #11 pc 0000082f  /system/lib/libaudiopolicymanager.so (createAudioPolicyManager+14)
09-15 18:27:14.742  3735  3735 F DEBUG   :     #12 pc 0000603f  /system/lib/libaudiopolicyservice.so
09-15 18:27:14.742  3735  3735 F DEBUG   :     #13 pc 00001d8f  /system/bin/audioserver
09-15 18:27:14.742  3735  3735 F DEBUG   :     #14 pc 0000182b  /system/bin/audioserver
09-15 18:27:14.742  3735  3735 F DEBUG   :     #15 pc 00016c8d  /system/lib/libc.so (__libc_init+48)
09-15 18:27:14.742  3735  3735 F DEBUG   :     #16 pc 0000156c  /system/bin/audioserver
09-15 18:27:14.779  3731  3731 W audioserver: type=1701 audit(0.0:134): auid=4294967295 uid=1041 gid=1005 ses=4294967295 subj=u:r:audioserver:s0 exe="/system/bin/audioserver" sig=11
09-15 18:27:14.786  3075  3075 W         : debuggerd: resuming target 3731
09-15 18:27:14.787  3161  3161 I ServiceManager: service 'media.audio_flinger' died
09-15 18:27:15.613  3570  3640 W AudioSystem: AudioPolicyService not published, waiting...
09-15 18:27:16.114  3570  3640 I ServiceManager: Waiting for service media.audio_policy...
09-15 18:27:17.115  3570  3640 I ServiceManager: Waiting for service media.audio_policy...
09-15 18:27:18.116  3570  3640 I ServiceManager: Waiting for service media.audio_policy...
09-15 18:27:19.117  3570  3640 I ServiceManager: Waiting for service media.audio_policy...
09-15 18:27:19.928  3741  3741 I         : sMaxFastTracks = 8
09-15 18:27:19.929  3741  3741 I audioserver: ServiceManager: 0xf6399420
09-15 18:27:19.931  3741  3741 I AudioFlinger: Using default 3000 mSec as standby time.
09-15 18:27:19.931  3741  3741 I AudioPolicyService: AudioPolicyService CSTOR in new mode
09-15 18:27:19.932  3741  3741 W APM::ConfigParsingUtils: loadOutput() invalid supported devices
09-15 18:27:19.932  3741  3741 W APM::ConfigParsingUtils: loadInput() invalid supported devices
09-15 18:27:19.932  3741  3741 W APM::ConfigParsingUtils: loadInput() invalid supported devices
09-15 18:27:19.932  3741  3741 I APM::ConfigParsingUtils: loadAudioPolicyConfig() loaded /system/etc/audio_policy.conf
09-15 18:27:20.118  3570  3640 W AudioSystem: AudioPolicyService not published, waiting...
09-15 18:27:20.335  3741  3741 F libc    : Fatal signal 11 (SIGSEGV), code 1, fault addr 0x0 in tid 3741 (audioserver)
09-15 18:27:20.336  3075  3075 W         : debuggerd: handling request: pid=3741 uid=1041 gid=1005 tid=3741
09-15 18:27:20.357  3745  3745 E         : debuggerd: Unable to connect to activity manager (connect failed: No such file or directory)
09-15 18:27:20.408  3745  3745 F DEBUG   : *** *** *** *** *** *** *** *** *** *** *** *** *** *** *** ***
09-15 18:27:20.409  3745  3745 F DEBUG   : LineageOS Version: '14.1-20170915-UNOFFICIAL-dream2lte'
