09-16 22:29:37.313  3178  3178 I audio_hw_primary_abox: fast_out-adev_open_output_stream: Transit to Standby
09-16 22:29:37.313  3178  3178 D PostProcessConvertor: PostProcessConvertorInit ++ OSR 192000, ISR 48000, CC 2, OBW 4, IBW 1 
09-16 22:29:37.313  3178  3178 D SoundAliveResampler: [SoundAliveResampler] Init+++
09-16 22:29:37.313  3178  3178 V audio_hw_primary_abox: fast_out-add_audio_usage: Added Audio Stream into Audio Usage list!
09-16 22:29:37.313  3178  3178 D audio_hw_primary_abox: device-adev_open_output_stream: Opened fast_out stream
09-16 22:29:37.313  3178  3178 V audio_hw_primary_abox: fast_out-out_get_format: exit with audio format = 0x1
09-16 22:29:37.313  3178  3178 V audio_hw_primary_abox: fast_out-out_get_channels: exit with channel mask = 0x3
09-16 22:29:37.313  3178  3178 V audio_hw_primary_abox: fast_out-out_get_sample_rate: exit with sample rate = 48000
09-16 22:29:37.313  3178  3178 V audio_hw_primary_abox: fast_out-out_get_channels: exit with channel mask = 0x3
09-16 22:29:37.313  3178  3178 V audio_hw_primary_abox: fast_out-out_get_format: exit with audio format = 0x1
09-16 22:29:37.313  3178  3178 V audio_hw_primary_abox: fast_out-out_get_format: exit with audio format = 0x1
09-16 22:29:37.313  3178  3178 V audio_hw_primary_abox: fast_out-out_get_format: exit with audio format = 0x1
09-16 22:29:37.313  3178  3178 V audio_hw_primary_abox: fast_out-out_get_channels: exit with channel mask = 0x3
09-16 22:29:37.313  3178  3178 V audio_hw_primary_abox: fast_out-out_get_buffer_size: Period Size = 192, Frame Size = 4
09-16 22:29:37.313  3178  3178 V audio_hw_primary_abox: fast_out-out_get_format: exit with audio format = 0x1
09-16 22:29:37.313  3178  3178 V audio_hw_primary_abox: fast_out-out_get_channels: exit with channel mask = 0x3
09-16 22:29:37.313  3178  3178 I AudioFlinger: HAL output buffer size 192 frames, normal sink buffer size 960 frames
09-16 22:29:37.313  3178  3178 V audio_hw_primary_abox: fast_out-out_get_format: exit with audio format = 0x1
09-16 22:29:37.313  3178  3178 V audio_hw_primary_abox: fast_out-out_get_channels: exit with channel mask = 0x3
09-16 22:29:37.314  3178  3178 V audio_hw_primary_abox: fast_out-out_get_buffer_size: Period Size = 192, Frame Size = 4
09-16 22:29:37.314  3178  3178 V audio_hw_primary_abox: fast_out-out_get_format: exit with audio format = 0x1
09-16 22:29:37.314  3178  3178 V audio_hw_primary_abox: fast_out-out_get_channels: exit with channel mask = 0x3
09-16 22:29:37.314  3178  3178 V audio_hw_primary_abox: fast_out-out_get_format: exit with audio format = 0x1
09-16 22:29:37.314  3178  3178 V audio_hw_primary_abox: fast_out-out_get_sample_rate: exit with sample rate = 48000
09-16 22:29:37.314  3178  3178 V audio_hw_primary_abox: fast_out-out_get_channels: exit with channel mask = 0x3
09-16 22:29:37.318  3178  3388 I AudioFlinger: AudioFlinger's thread 0xf5a033c0 ready to run
09-16 22:29:37.318  3178  3388 W BatteryNotifier: batterystats service unavailable!
09-16 22:29:37.318  3178  3388 D audio_hw_primary_abox: fast_out-out_set_parameters: enter with param = routing=2
09-16 22:29:37.318  3178  3388 D audio_hw_primary_abox: fast_out-out_set_parameters: Requested to change route from 0x2 to 0x2
09-16 22:29:37.318  3178  3388 D audio_hw_primary_abox: fast_out-out_set_parameters: exit
09-16 22:29:37.318  3178  3388 V audio_hw_primary_abox: fast_out-out_standby: enter
09-16 22:29:37.318  3178  3388 V audio_hw_primary_abox: fast_out-out_standby: exit
09-16 22:29:37.318  3178  3388 W BatteryNotifier: batterystats service unavailable!
09-16 22:29:37.319  3178  3388 W BatteryNotifier: batterystats service unavailable!
09-16 22:29:37.319  3178  3388 W AudioFlinger: no wake lock to update, system not ready yet
09-16 22:29:37.319  3178  3178 D audio_hw_primary_abox: device-adev_open_input_stream: enter: io_handle (14), sample_rate(48000) channel_mask(0xc) devices(0x80000004) flags(0) source(1)
09-16 22:29:37.319  3178  3178 I audio_hw_primary_abox: device-adev_open_input_stream: requested input samplerate decides audio path of csvt and vowifi, sample_rate = 48000
09-16 22:29:37.319  3178  3178 D audio_hw_primary_abox: device-adev_open_input_stream: Requested open Primary input
09-16 22:29:37.319  3178  3178 I audio_hw_primary_abox: is_voice_wakeup : ret =  0  , wakeup_baby_cry_enabled = 0  ,  wakeup_mic_enabled = 0 
09-16 22:29:37.319  3178  3178 I audio_hw_primary_abox: primary_in-adev_open_input_stream: Transit to Standby
09-16 22:29:37.319  3178  3178 V audio_hw_primary_abox: primary_in-add_audio_usage: Added Audio Stream into Audio Usage list!
09-16 22:29:37.319  3178  3178 D audio_hw_primary_abox: adev_open_input_stream: preprocessing_latency = 0
09-16 22:29:37.319  3178  3178 I audio_hw_primary_abox: adev_open_input_stream: input is null, set new input stream
09-16 22:29:37.319  3178  3178 D audio_hw_primary_abox: device-adev_open_input_stream: Opened primary_in stream
09-16 22:29:37.319  3178  3389 I AudioFlinger: AudioFlinger's thread 0xf57032c0 ready to run
09-16 22:29:37.319  3178  3178 D audio_hw_primary_abox: device-adev_close_input_stream: enter with Audio Usage(primary_in)
09-16 22:29:37.319  3178  3178 V audio_hw_primary_abox: stop_voice_note_recording
09-16 22:29:37.319  3178  3178 D audio_hw_primary_abox: primary_in-in_standby: enter
09-16 22:29:37.320  3178  3178 D audio_hw_primary_abox: primary_in-in_standby: exit
09-16 22:29:37.320  3178  3178 V audio_hw_primary_abox: primary_in-remove_audio_usage: Removed Audio Usage from Audio Usage list!
09-16 22:29:37.320  3178  3178 E audio_hw_primary_abox: adev_close_input_stream, set jack_in to null
09-16 22:29:37.320  3178  3178 D audio_hw_primary_abox: device-adev_close_input_stream: Closed primary_in stream
09-16 22:29:37.321  3178  3178 I bt_a2dp_hw: adev_open:  adev_open in A2dp_hw module
09-16 22:29:37.321  3178  3178 I AudioFlinger: loadHwModule() Loaded a2dp audio interface from A2DP Audio HW HAL (audio) handle 18
09-16 22:29:37.323  3178  3178 I AudioFlinger: loadHwModule() Loaded usb audio interface from USB audio HW HAL (audio) handle 26
09-16 22:29:37.324  3178  3178 I AudioFlinger: loadHwModule() Loaded tms audio interface from TMS Audio HW HAL (audio) handle 34
09-16 22:29:37.325  3178  3178 I r_submix: adev_open(name=audio_hw_if)
09-16 22:29:37.325  3178  3178 I r_submix: adev_init_check()
09-16 22:29:37.325  3178  3178 I AudioFlinger: loadHwModule() Loaded r_submix audio interface from Wifi Display audio HAL (audio) handle 42
09-16 22:29:37.325  3178  3178 D r_submix: adev_open_input_stream(addr=0)
09-16 22:29:37.325  3178  3178 D r_submix: submix_audio_device_create_pipe_l(addr=0, idx=9)
09-16 22:29:37.325  3178  3178 D r_submix:   now using address 0 for route 9
09-16 22:29:37.325  3178  3393 I AudioFlinger: AudioFlinger's thread 0xf5483b00 ready to run
09-16 22:29:37.325  3178  3178 D r_submix: adev_close_input_stream()
09-16 22:29:37.325  3178  3178 D r_submix: submix_audio_device_release_pipe_l(idx=9) addr=0
09-16 22:29:37.325  3178  3178 D r_submix: submix_audio_device_destroy_pipe_l(): pipe destroyed
09-16 22:29:37.334  3178  3178 I playback_record: adev_open(name=audio_hw_if)
09-16 22:29:37.334  3178  3178 I AudioFlinger: loadHwModule() Loaded playback_record audio interface from Playback record audio HAL (audio) handle 50
09-16 22:29:37.334  3178  3178 D playback_record: adev_open_input_stream()
09-16 22:29:37.335  3178  3397 I AudioFlinger: AudioFlinger's thread 0xf5403b80 ready to run
09-16 22:29:37.335  3178  3178 D playback_record: adev_close_input_stream()
09-16 22:29:37.335  3178  3244 D audio_hw_primary_abox: device-adev_set_parameters: enter with key(support_output_device=3)
09-16 22:29:37.336  3178  3244 I audio_hw_primary_abox: support output @audio_hw 3
09-16 22:29:37.336  3178  3244 I audio_hw_primary_abox: support reciever @audio_hw
09-16 22:29:37.336  3178  3244 D audio_hw_primary_abox: device-adev_set_parameters: exit
09-16 22:29:37.336  3178  3244 D audio_hw_primary_abox: device-adev_set_parameters: enter with key(support_input_device=-2078277180)
09-16 22:29:37.336  3178  3244 I audio_hw_primary_abox: support input @audio_hw -2078277180
09-16 22:29:37.336  3178  3244 I audio_hw_primary_abox: support backmic @audio_hw
09-16 22:29:37.336  3178  3244 I audio_hw_primary_abox: support thirdmic @audio_hw
09-16 22:29:37.336  3178  3244 D audio_hw_primary_abox: device-adev_set_parameters: exit
09-16 22:29:37.336  3178  3178 W VolumeCustomizer: createVolumeTable device=0
09-16 22:29:37.336  3178  3178 D AudioInfo: can not find AudioDataPath for fileName:/Volume.data
09-16 22:29:37.336  3178  3178 D VolumeCustomizer: volume tuning file does NOT exist!!! use default VolumeTable
09-16 22:29:37.336  3178  3178 W VolumeCustomizer: createVolumeTable device=1
09-16 22:29:37.336  3178  3178 D VolumeCustomizer: volume tuning file does NOT exist!!! use default VolumeTable
09-16 22:29:37.336  3178  3178 W VolumeCustomizer: createVolumeTable device=2
09-16 22:29:37.336  3178  3178 D VolumeCustomizer: volume tuning file does NOT exist!!! use default VolumeTable
09-16 22:29:37.336  3178  3178 W VolumeCustomizer: createVolumeTable device=3
09-16 22:29:37.336  3178  3178 D VolumeCustomizer: volume tuning file does NOT exist!!! use default VolumeTable
09-16 22:29:37.336  3178  3178 W VolumeCustomizer: createVolumeTable device=4
09-16 22:29:37.336  3178  3178 D VolumeCustomizer: volume tuning file does NOT exist!!! use default VolumeTable
09-16 22:29:37.336  3178  3178 W VolumeCustomizer: createVolumeTable device=5
09-16 22:29:37.336  3178  3178 D VolumeCustomizer: volume tuning file does NOT exist!!! use default VolumeTable
09-16 22:29:37.336  3178  3178 W VolumeCustomizer: createVolumeTable device=6
09-16 22:29:37.336  3178  3178 D VolumeCustomizer: volume tuning file does NOT exist!!! use default VolumeTable
09-16 22:29:37.336  3178  3244 D audio_hw_primary_abox: device-adev_set_parameters: enter with key(FixedRingVol=0.0354813375;FixedRingVolBt=0.0999999940)
09-16 22:29:37.336  3178  3244 D audio_hw_primary_abox: device-adev_set_parameters: exit
09-16 22:29:37.336  3178  3178 I APM_AudioPolicyManager: ENFORCED_AUDIBLE cannot be muted
09-16 22:29:37.336  3178  3244 D audio_hw_primary_abox: device-adev_set_parameters: enter with key(mCameraForced)
09-16 22:29:37.336  3178  3244 D audio_hw_primary_abox: device-adev_set_parameters: exit
09-16 22:29:37.337  3178  3178 I APM_AudioPolicyManager: Set the flinger 'ro.camera.sound.forced
09-16 22:29:37.337  3178  3178 I RadioService: RadioService
09-16 22:29:37.337  3178  3178 I RadioService: onFirstRef
09-16 22:29:37.337  3178  3178 E RadioService: couldn't load radio module radio.primary (No such file or directory)
09-16 22:29:37.338  3178  3178 E SoundTriggerHwService: couldn't load sound trigger module sound_trigger.primary (No such file or directory)
09-16 22:29:37.591  3158  3158 D SurfaceFlinger: SF. shader cache generated - 26 shaders in 922.647095 ms
09-16 22:29:37.593  3158  3158 D SurfaceFlinger: Set power mode=2, type=0 flinger=0x7fa1248000
09-16 22:29:37.605  3174  3174 D wrapperGPS: wrapperConnect_RILD
09-16 22:29:37.793  3186  3186 V NatController: runCmd(/system/bin/iptables -w -F natctrl_FORWARD) res=0
09-16 22:29:37.798  3186  3186 V NatController: runCmd(/system/bin/ip6tables -w -F natctrl_FORWARD) res=0
09-16 22:29:37.803  3186  3186 V NatController: runCmd(/system/bin/iptables -w -A natctrl_FORWARD -j DROP) res=0
09-16 22:29:37.808  3186  3186 V NatController: runCmd(/system/bin/iptables -w -t nat -F natctrl_nat_POSTROUTING) res=0
09-16 22:29:37.812  3186  3186 V NatController: runCmd(/system/bin/ip6tables -w -t raw -F natctrl_raw_PREROUTING) res=0
09-16 22:29:37.817  3186  3186 V NatController: runCmd(/system/bin/iptables -w -F natctrl_tether_counters) res=1
09-16 22:29:37.822  3186  3186 V NatController: runCmd(/system/bin/ip6tables -w -F natctrl_tether_counters) res=1
09-16 22:29:37.824  3459  3503 D libEGL  : loaded /vendor/lib64/egl/libGLES_mali.so
09-16 22:29:37.826  3186  3186 V NatController: runCmd(/system/bin/iptables -w -X natctrl_tether_counters) res=1
09-16 22:29:37.831  3186  3186 V NatController: runCmd(/system/bin/ip6tables -w -X natctrl_tether_counters) res=1
09-16 22:29:37.836  3186  3186 V NatController: runCmd(/system/bin/iptables -w -N natctrl_tether_counters) res=0
09-16 22:29:37.839  3459  3503 D mali_winsys: EGLint new_window_surface(egl_winsys_display*, void*, EGLSurface, EGLConfig, egl_winsys_surface**, egl_color_buffer_format*, EGLBoolean) returns 0x3000,  [1440x2960]-format:2
09-16 22:29:37.841  3186  3186 V NatController: runCmd(/system/bin/ip6tables -w -N natctrl_tether_counters) res=0
09-16 22:29:37.845  3186  3186 V NatController: runCmd(/system/bin/iptables -w -t mangle -A natctrl_mangle_FORWARD -p tcp --tcp-flags SYN SYN -j TCPMSS --clamp-mss-to-pmtu) res=0
09-16 22:29:37.851  3083  3083 W auditd  : type=1325 audit(0.0:100): table=filter family=2 entries=53
09-16 22:29:37.851  3083  3083 W auditd  : type=1320 audit(0.0:100): 
09-16 22:29:37.851  3083  3083 W auditd  : type=1325 audit(0.0:101): table=raw family=2 entries=12
09-16 22:29:37.851  3083  3083 W auditd  : type=1320 audit(0.0:101): 
09-16 22:29:37.851  3083  3083 W auditd  : type=1325 audit(0.0:102): table=mangle family=2 entries=16
09-16 22:29:37.851  3083  3083 W auditd  : type=1320 audit(0.0:102): 
09-16 22:29:37.855  3083  3083 W auditd  : type=1325 audit(0.0:103): table=filter family=10 entries=64
09-16 22:29:37.855  3083  3083 W auditd  : type=1320 audit(0.0:103): 
09-16 22:29:37.859  3083  3083 W auditd  : type=1325 audit(0.0:104): table=raw family=10 entries=12
09-16 22:29:37.859  3083  3083 W auditd  : type=1320 audit(0.0:104): 
09-16 22:29:37.859  3083  3083 W auditd  : type=1325 audit(0.0:105): table=mangle family=10 entries=15
09-16 22:29:37.859  3083  3083 W auditd  : type=1320 audit(0.0:105): 
09-16 22:29:37.871  3083  3083 W auditd  : type=1325 audit(0.0:106): table=filter family=2 entries=65
09-16 22:29:37.871  3083  3083 W auditd  : type=1320 audit(0.0:106): 
09-16 22:29:37.871  3083  3083 W auditd  : type=1325 audit(0.0:107): table=raw family=2 entries=12
09-16 22:29:37.871  3083  3083 W auditd  : type=1320 audit(0.0:107): 
09-16 22:29:37.871  3083  3083 W auditd  : type=1325 audit(0.0:108): table=mangle family=2 entries=16
09-16 22:29:37.871  3083  3083 W auditd  : type=1320 audit(0.0:108): 
09-16 22:29:37.875  3083  3083 W auditd  : type=1325 audit(0.0:109): table=filter family=10 entries=76
09-16 22:29:37.875  3083  3083 W auditd  : type=1320 audit(0.0:109): 
09-16 22:29:37.924  3186  3186 E Netd    : cannot find interface dummy0
09-16 22:29:37.926  3186  3186 D MDnsDS  : MDnsSdListener::Hander starting up
09-16 22:29:37.926  3186  3540 D MDnsDS  : MDnsSdListener starting to monitor
09-16 22:29:37.926  3186  3540 D MDnsDS  : Going to poll with pollCount 1
09-16 22:29:38.038  3173  3173 I lhd     : Lhd::LHD Init took 1.518s
09-16 22:29:38.076  3169  3195 D Sensorhubs: readEvents: 2, 1, -43, 1
09-16 22:29:38.605  3174  3174 D wrapperGPS: wrapperConnect_RILD
09-16 22:29:38.605  3331  3331 I dex2oat : Explicit concurrent mark sweep GC freed 7869(1469KB) AllocSpace objects, 0(0B) LOS objects, 66% free, 1825KB/5MB, paused 39us total 8.611ms
09-16 22:29:38.607  3321  3321 I dex2oat : Explicit concurrent mark sweep GC freed 7869(2MB) AllocSpace objects, 0(0B) LOS objects, 61% free, 2MB/6MB, paused 48us total 9.190ms
09-16 22:29:39.323  3331  3331 I dex2oat : dex2oat took 2.274s (threads: 8) arena alloc=0B (0B) java alloc=1829KB (1873040B) native alloc=7MB (7784816B) free=4MB (4798096B)
09-16 22:29:39.323  3321  3321 I dex2oat : dex2oat took 2.300s (threads: 8) arena alloc=0B (0B) java alloc=2MB (2608704B) native alloc=10MB (10597176B) free=5MB (5786824B)
09-16 22:29:39.349  3176  3176 D ICU     : No timezone override file found: /data/misc/zoneinfo/current/icu/icu_tzdata.dat
09-16 22:29:39.352  3175  3175 D ICU     : No timezone override file found: /data/misc/zoneinfo/current/icu/icu_tzdata.dat
09-16 22:29:39.377  3176  3176 W art     : Before Android 4.1, method double java.util.concurrent.ThreadLocalRandom.internalNextDouble(double, double) would have incorrectly overridden the package-private method in java.util.Random
09-16 22:29:39.377  3176  3176 W art     : Before Android 4.1, method int java.util.concurrent.ThreadLocalRandom.internalNextInt(int, int) would have incorrectly overridden the package-private method in java.util.Random
09-16 22:29:39.377  3176  3176 W art     : Before Android 4.1, method long java.util.concurrent.ThreadLocalRandom.internalNextLong(long, long) would have incorrectly overridden the package-private method in java.util.Random
09-16 22:29:39.378  3175  3175 W art     : Before Android 4.1, method double java.util.concurrent.ThreadLocalRandom.internalNextDouble(double, double) would have incorrectly overridden the package-private method in java.util.Random
09-16 22:29:39.378  3175  3175 W art     : Before Android 4.1, method int java.util.concurrent.ThreadLocalRandom.internalNextInt(int, int) would have incorrectly overridden the package-private method in java.util.Random
09-16 22:29:39.378  3175  3175 W art     : Before Android 4.1, method long java.util.concurrent.ThreadLocalRandom.internalNextLong(long, long) would have incorrectly overridden the package-private method in java.util.Random
09-16 22:29:39.493  3175  3175 I Radio-JNI: register_android_hardware_Radio DONE
09-16 22:29:39.493  3176  3176 I Radio-JNI: register_android_hardware_Radio DONE
09-16 22:29:39.524  3175  3175 I SamplingProfilerIntegration: Profiling disabled.
09-16 22:29:39.524  3175  3175 D Zygote  : begin preload
09-16 22:29:39.524  3175  3175 I Zygote  : Installing ICU cache reference pinning...
09-16 22:29:39.525  3175  3175 I Zygote  : Preloading ICU data...
09-16 22:29:39.528  3176  3176 I SamplingProfilerIntegration: Profiling disabled.
09-16 22:29:39.529  3176  3176 D Zygote  : begin preload
09-16 22:29:39.529  3176  3176 I Zygote  : Installing ICU cache reference pinning...
09-16 22:29:39.529  3176  3176 I Zygote  : Preloading ICU data...
09-16 22:29:39.605  3174  3174 D wrapperGPS: wrapperConnect_RILD
09-16 22:29:39.606  3174  3174 D gpsd    : WakeLock(Acquire,GPSD)
09-16 22:29:39.606  3174  3174 D gpsd    : WakeLock(Release,GPSD)
09-16 22:29:39.606  3174  3174 D gpsd    : WakeLock(Acquire,GPSD)
09-16 22:29:39.606  3174  3174 D gpsd    : WakeLock(Release,GPSD)
09-16 22:29:39.656  3175  3175 I Zygote  : Preloading classes...
09-16 22:29:39.662  3175  3175 W Zygote  : Class not found for preloading: [Landroid.view.Display$ColorTransform;
09-16 22:29:39.678  3176  3176 I Zygote  : Preloading classes...
09-16 22:29:39.686  3176  3176 W Zygote  : Class not found for preloading: [Landroid.view.Display$ColorTransform;
09-16 22:29:40.095  3175  3175 E Typeface: Error mapping font file /system/fonts/DroidSansFallback.ttf
09-16 22:29:40.098  3176  3176 E Typeface: Error mapping font file /system/fonts/DroidSansFallback.ttf
09-16 22:29:40.311  3178  3385 W BatteryNotifier: batterystats service unavailable!
09-16 22:29:40.321  3178  3388 W BatteryNotifier: batterystats service unavailable!
09-16 22:29:40.893  3175  3175 I art     : Thread[1,tid=3175,Native,Thread*=0x7fac295a00,peer=0x12c420d0,"main"] recursive attempt to load library "/system/lib64/libmedia_jni.so"
09-16 22:29:40.893  3175  3175 D MtpDeviceJNI: register_android_mtp_MtpDevice
09-16 22:29:40.894  3175  3175 I art     : Thread[1,tid=3175,Native,Thread*=0x7fac295a00,peer=0x12c420d0,"main"] recursive attempt to load library "/system/lib64/libmedia_jni.so"
09-16 22:29:40.894  3175  3175 I art     : Thread[1,tid=3175,Native,Thread*=0x7fac295a00,peer=0x12c420d0,"main"] recursive attempt to load library "/system/lib64/libmedia_jni.so"
09-16 22:29:40.931  3175  3175 E FFMPEGSoftCodec: Failed to load FFMPEG plugin: (null)
09-16 22:29:41.030  3176  3176 I art     : Thread[1,tid=3176,Native,Thread*=0xf4685400,peer=0x12c04f70,"main"] recursive attempt to load library "/system/lib/libmedia_jni.so"
09-16 22:29:41.030  3176  3176 D MtpDeviceJNI: register_android_mtp_MtpDevice
09-16 22:29:41.032  3176  3176 I art     : Thread[1,tid=3176,Native,Thread*=0xf4685400,peer=0x12c04f70,"main"] recursive attempt to load library "/system/lib/libmedia_jni.so"
09-16 22:29:41.032  3176  3176 I art     : Thread[1,tid=3176,Native,Thread*=0xf4685400,peer=0x12c04f70,"main"] recursive attempt to load library "/system/lib/libmedia_jni.so"
09-16 22:29:41.071  3176  3176 E FFMPEGSoftCodec: Failed to load FFMPEG plugin: (null)
09-16 22:29:41.292  3175  3175 W Zygote  : Class not found for preloading: android.view.Display$ColorTransform
09-16 22:29:41.292  3175  3175 W Zygote  : Class not found for preloading: android.view.Display$ColorTransform$1
09-16 22:29:41.431  3176  3176 W Zygote  : Class not found for preloading: android.view.Display$ColorTransform
09-16 22:29:41.431  3176  3176 W Zygote  : Class not found for preloading: android.view.Display$ColorTransform$1
09-16 22:29:41.521  3175  3175 W System  : ClassLoader referenced unknown path: /system/framework/tcmclient.jar
09-16 22:29:41.683  3176  3176 W System  : ClassLoader referenced unknown path: /system/framework/tcmclient.jar
09-16 22:29:41.770  3175  3175 I System  : Loaded time zone names for "" in 73ms (44ms in ICU)
09-16 22:29:41.812  3175  3175 I System  : Loaded time zone names for "en_US" in 41ms (10ms in ICU)
09-16 22:29:41.935  3176  3176 I System  : Loaded time zone names for "" in 61ms (18ms in ICU)
09-16 22:29:41.990  3176  3176 I System  : Loaded time zone names for "en_US" in 54ms (10ms in ICU)
09-16 22:29:42.104  3175  3175 I Zygote  : ...preloaded 4158 classes in 2448ms.
09-16 22:29:42.104  3175  3175 I art     : VMRuntime.preloadDexCaches starting
09-16 22:29:42.147  3175  3175 I art     : VMRuntime.preloadDexCaches strings total=288446 before=12011 after=12011
09-16 22:29:42.147  3175  3175 I art     : VMRuntime.preloadDexCaches types total=23810 before=9280 after=11325
09-16 22:29:42.147  3175  3175 I art     : VMRuntime.preloadDexCaches fields total=113941 before=41160 after=54105
09-16 22:29:42.147  3175  3175 I art     : VMRuntime.preloadDexCaches methods total=199717 before=78591 after=96703
09-16 22:29:42.147  3175  3175 I art     : VMRuntime.preloadDexCaches finished
09-16 22:29:42.148  3175  3175 I Zygote  : Preloading resources...
09-16 22:29:42.184  3175  3175 W Resources: Preloaded drawable resource #0x108025c (android:drawable/dialog_background_material) that varies with configuration!!
09-16 22:29:42.192  3175  3175 W Resources: Preloaded color resource #0x10600ea (android:color/material_grey_800) that varies with configuration!!
09-16 22:29:42.192  3175  3175 W Resources: Preloaded drawable resource #0x10802c9 (android:drawable/floating_popup_background_dark) that varies with configuration!!
09-16 22:29:42.311  3175  3175 I Zygote  : ...preloaded 114 resources in 163ms.
09-16 22:29:42.319  3175  3175 W Resources: Preloaded color resource #0x1060114 (android:color/background_cache_hint_selector_material_dark) that varies with configuration!!
09-16 22:29:42.319  3175  3175 W Resources: Preloaded color resource #0x1060119 (android:color/btn_default_material_dark) that varies with configuration!!
09-16 22:29:42.321  3175  3175 I Zygote  : ...preloaded 41 resources in 10ms.
09-16 22:29:42.324  3175  3175 I Zygote  : ...preloaded 2 resource in 3ms.
09-16 22:29:42.332  3175  3175 D libEGL  : loaded /vendor/lib64/egl/libGLES_mali.so
09-16 22:29:42.334  3176  3176 I Zygote  : ...preloaded 4158 classes in 2656ms.
09-16 22:29:42.334  3176  3176 I art     : VMRuntime.preloadDexCaches starting
09-16 22:29:42.341  3175  3175 I Zygote  : Preloading shared libraries...
09-16 22:29:42.365  3175  3175 I Zygote  : Uninstalled ICU cache reference pinning...
09-16 22:29:42.373  3175  3175 I Zygote  : Installed AndroidKeyStoreProvider in 8ms.
09-16 22:29:42.392  3176  3176 I art     : VMRuntime.preloadDexCaches strings total=288446 before=12011 after=12011
09-16 22:29:42.392  3176  3176 I art     : VMRuntime.preloadDexCaches types total=23810 before=9280 after=11325
09-16 22:29:42.392  3176  3176 I art     : VMRuntime.preloadDexCaches fields total=113941 before=41160 after=54105
09-16 22:29:42.392  3176  3176 I art     : VMRuntime.preloadDexCaches methods total=199717 before=78591 after=96703
09-16 22:29:42.393  3176  3176 I art     : VMRuntime.preloadDexCaches finished
09-16 22:29:42.393  3176  3176 I Zygote  : Preloading resources...
09-16 22:29:42.427  3176  3176 W Resources: Preloaded drawable resource #0x108025c (android:drawable/dialog_background_material) that varies with configuration!!
09-16 22:29:42.434  3176  3176 W Resources: Preloaded color resource #0x10600ea (android:color/material_grey_800) that varies with configuration!!
09-16 22:29:42.434  3176  3176 W Resources: Preloaded drawable resource #0x10802c9 (android:drawable/floating_popup_background_dark) that varies with configuration!!
09-16 22:29:42.479  3175  3175 I Zygote  : Warmed up JCA providers in 106ms.
09-16 22:29:42.479  3175  3175 D Zygote  : end preload
09-16 22:29:42.479  3175  3175 I art     : Starting a blocking GC Explicit
09-16 22:29:42.489  3175  3175 I art     : Explicit concurrent mark sweep GC freed 3357(146KB) AllocSpace objects, 0(0B) LOS objects, 40% free, 10MB/17MB, paused 52us total 10.185ms
09-16 22:29:42.490  3175  3175 I art     : Starting a blocking GC Explicit
09-16 22:29:42.499  3175  3175 I art     : Explicit concurrent mark sweep GC freed 41(1424B) AllocSpace objects, 0(0B) LOS objects, 40% free, 10MB/17MB, paused 46us total 9.423ms
09-16 22:29:42.527  3175  3579 I art     : Starting a blocking GC HeapTrim
09-16 22:29:42.528  3175  3175 I art     : Starting a blocking GC Background
09-16 22:29:42.566  3176  3176 I Zygote  : ...preloaded 114 resources in 173ms.
09-16 22:29:42.569  3175  3175 I Zygote  : System server process 3587 has been created
09-16 22:29:42.570  3175  3175 I Zygote  : Accepting command socket connections
09-16 22:29:42.576  3176  3176 W Resources: Preloaded color resource #0x1060114 (android:color/background_cache_hint_selector_material_dark) that varies with configuration!!
09-16 22:29:42.576  3176  3176 W Resources: Preloaded color resource #0x1060119 (android:color/btn_default_material_dark) that varies with configuration!!
09-16 22:29:42.578  3176  3176 I Zygote  : ...preloaded 41 resources in 12ms.
09-16 22:29:42.581  3176  3176 I Zygote  : ...preloaded 2 resource in 3ms.
09-16 22:29:42.615  3176  3176 D libEGL  : loaded /vendor/lib/egl/libGLES_mali.so
09-16 22:29:42.628  3176  3176 I Zygote  : Preloading shared libraries...
09-16 22:29:42.629  3174  3580 D wrapperGPS: onError: error 4
09-16 22:29:42.629  3174  3174 D gpsd    : WakeLock(Acquire,GPSD)
09-16 22:29:42.652  3176  3176 I Zygote  : Uninstalled ICU cache reference pinning...
09-16 22:29:42.661  3176  3176 I Zygote  : Installed AndroidKeyStoreProvider in 9ms.
09-16 22:29:42.805  3176  3176 I Zygote  : Warmed up JCA providers in 144ms.
09-16 22:29:42.805  3176  3176 D Zygote  : end preload
09-16 22:29:42.805  3176  3176 I art     : Starting a blocking GC Explicit
09-16 22:29:42.816  3176  3176 I art     : Explicit concurrent mark sweep GC freed 3172(139KB) AllocSpace objects, 0(0B) LOS objects, 39% free, 9MB/16MB, paused 119us total 11.304ms
09-16 22:29:42.817  3176  3176 I art     : Starting a blocking GC Explicit
09-16 22:29:42.828  3176  3176 I art     : Explicit concurrent mark sweep GC freed 58(2512B) AllocSpace objects, 0(0B) LOS objects, 40% free, 9MB/16MB, paused 115us total 10.675ms
09-16 22:29:42.914  3176  3176 I Zygote  : Accepting command socket connections
09-16 22:29:42.921  3587  3587 I chatty  : uid=1000 system_server expire 35 lines
09-16 22:29:42.922  3587  3587 I InstallerConnection: connecting...
09-16 22:29:42.922  3180  3180 I         : new connection
09-16 22:29:42.940  3606  3606 I dex2oat : /system/bin/dex2oat --compiler-filter=speed
09-16 22:29:43.270  3606  3606 I dex2oat : dex2oat took 330.876ms (threads: 8) arena alloc=2MB (2581184B) java alloc=807KB (827288B) native alloc=3MB (3262160B) free=4MB (5126448B)
09-16 22:29:43.290  3615  3615 I dex2oat : /system/bin/dex2oat --compiler-filter=speed
09-16 22:29:43.373  3615  3615 I dex2oat : dex2oat took 83.783ms (threads: 8) arena alloc=678KB (695208B) java alloc=140KB (143696B) native alloc=1479KB (1514600B) free=3MB (3203992B)
09-16 22:29:43.392  3624  3624 I dex2oat : /system/bin/dex2oat --compiler-filter=speed
09-16 22:29:44.359  3624  3624 W dex2oat : Compilation of void com.android.server.SystemServer.startOtherServices() took 100.102ms
09-16 22:29:46.404  3624  3624 W dex2oat : Compilation of android.content.pm.PackageParser$Package com.android.server.pm.PackageManagerService.scanPackageDirtyLI(android.content.pm.PackageParser$Package, int, int, long, android.os.UserHandle) took 101.035ms
09-16 22:29:47.025  3624  3624 I dex2oat : dex2oat took 3.633s (threads: 8) arena alloc=13MB (14268016B) java alloc=3MB (4127544B) native alloc=34MB (36350440B) free=18MB (18961944B)
09-16 22:29:47.049  3666  3666 I dex2oat : /system/bin/dex2oat --compiler-filter=speed
09-16 22:29:47.333  3666  3666 I dex2oat : dex2oat took 284.397ms (threads: 8) arena alloc=885KB (906552B) java alloc=242KB (248712B) native alloc=2MB (2351744B) free=4MB (4464000B)
09-16 22:29:47.353  3675  3675 I dex2oat : /system/bin/dex2oat --compiler-filter=speed
09-16 22:29:48.102  3675  3675 I dex2oat : dex2oat took 748.872ms (threads: 8) arena alloc=15MB (15814312B) java alloc=709KB (726968B) native alloc=5MB (6031720B) free=20MB (21493400B)
09-16 22:29:48.107  3587  3587 I InstallerConnection: disconnecting...
09-16 22:29:48.107  3180  3180 E         : eof
09-16 22:29:48.107  3180  3180 E         : failed to read size
09-16 22:29:48.107  3180  3180 I         : closing connection
09-16 22:29:48.135  3587  3587 I SystemServer: Entered the Android system server!
09-16 22:29:48.157  3587  3587 I SystemServiceManager: Starting com.android.server.pm.Installer
09-16 22:29:48.157  3587  3587 I Installer: Waiting for installd to be ready.
09-16 22:29:48.157  3587  3587 I InstallerConnection: connecting...
09-16 22:29:48.158  3180  3180 I         : new connection
09-16 22:29:48.158  3587  3587 I SystemServiceManager: Starting com.android.server.am.ActivityManagerService$Lifecycle
09-16 22:29:48.166  3587  3587 I ActivityManager: Memory class: 256
09-16 22:29:48.167  3587  3687 I ServiceThread: Enabled StrictMode logging for ActivityManager looper.
09-16 22:29:48.169  3587  3688 I ServiceThread: Enabled StrictMode logging for android.ui looper.
09-16 22:29:48.205  3587  3587 D BatteryStatsImpl: Reading daily items from /data/system/batterystats-daily.xml
09-16 22:29:48.237  3587  3587 I AppOps  : No existing app ops /data/system/appops.xml; starting empty
09-16 22:29:48.326  3587  3587 I IntentFirewall: Read new rules (A:0 B:0 S:0)
09-16 22:29:48.330  3587  3694 I ServiceThread: Enabled StrictMode logging for android.display looper.
09-16 22:29:48.340  3587  3587 D AppOps  : AppOpsService published
09-16 22:29:48.340  3587  3587 I SystemServiceManager: Starting com.android.server.power.PowerManagerService
09-16 22:29:48.341  3587  3696 I ServiceThread: Enabled StrictMode logging for PowerManagerService looper.
09-16 22:29:48.346  3587  3587 I SystemServiceManager: Starting com.android.server.lights.LightsService
09-16 22:29:48.347  3587  3587 I SystemServiceManager: Starting com.android.server.display.DisplayManagerService
09-16 22:29:48.349  3587  3587 I SystemServiceManager: Starting phase 100
09-16 22:29:48.350  3587  3694 W LocalDisplayAdapter: Unable to get active color mode for display device 0
09-16 22:29:48.353  3587  3694 E LocalDisplayAdapter: Default and active color mode is no longer available! Reverting to first available mode.
09-16 22:29:48.353  3158  3188 E SurfaceFlinger: getDefaultDisplay: id=2 is not a valid default display id
09-16 22:29:48.354  3587  3694 I DisplayManagerService: Display device added: DisplayDeviceInfo{"Built-in Screen": uniqueId="local:0", 1440 x 2960, modeId 1, defaultModeId 1, supportedModes [{id=1, width=1440, height=2960, fps=60.000004}], colorMode -22, supportedColorModes [-22], HdrCapabilities android.view.Display$HdrCapabilities@a69d6308, density 560, 522.514 x 525.762 dpi, appVsyncOff 1000000, presDeadline 16666666, touch INTERNAL, rotation 0, type BUILT_IN, state UNKNOWN, FLAG_DEFAULT_DISPLAY, FLAG_ROTATES_WITH_CONTENT, FLAG_SECURE, FLAG_SUPPORTS_PROTECTED_BUFFERS}
09-16 22:29:48.355  3158  3158 D SurfaceFlinger: Set power mode=2, type=0 flinger=0x7fa1248000
09-16 22:29:48.355  3158  3158 D SurfaceFlinger: Screen type=0 is already mode=2
09-16 22:29:48.364  3587  3694 I DisplayManagerService: Display device changed state: "Built-in Screen", ON
09-16 22:29:48.365  3587  3587 I SystemServer: StartPackageManagerService
09-16 22:29:48.370  3587  3587 W FileUtils: Failed to chmod(/data/system/packages.list): android.system.ErrnoException: chmod failed: ENOENT (No such file or directory)
09-16 22:29:48.479  3587  3587 D SELinuxMMAC: Using policy file /system/etc/security/mac_permissions.xml
09-16 22:29:48.486  3587  3587 I PackageManager: No settings file; creating initial state
09-16 22:29:48.508  3701  3701 I dex2oat : /system/bin/dex2oat --compiler-filter=speed
09-16 22:29:48.812  3701  3701 I dex2oat : dex2oat took 304.882ms (threads: 8) arena alloc=2MB (2583512B) java alloc=729KB (746608B) native alloc=2MB (2735688B) free=4MB (5128632B)
09-16 22:29:48.832  3710  3710 I dex2oat : /system/bin/dex2oat --compiler-filter=speed
09-16 22:29:48.907  3710  3710 I dex2oat : dex2oat took 74.576ms (threads: 8) arena alloc=492KB (504744B) java alloc=324KB (332128B) native alloc=1301KB (1332424B) free=3MB (3386168B)
09-16 22:29:48.925  3719  3719 I dex2oat : /system/bin/dex2oat --compiler-filter=speed
09-16 22:29:48.997  3719  3719 I dex2oat : dex2oat took 72.287ms (threads: 8) arena alloc=252KB (258320B) java alloc=51KB (53128B) native alloc=1113KB (1140144B) free=1958KB (2005584B)
09-16 22:29:49.015  3728  3728 I dex2oat : /system/bin/dex2oat --compiler-filter=speed
09-16 22:29:49.120  3728  3728 I dex2oat : dex2oat took 105.399ms (threads: 8) arena alloc=3MB (3453128B) java alloc=158KB (162376B) native alloc=1242KB (1272072B) free=5MB (6067960B)
09-16 22:29:49.139  3737  3737 I dex2oat : /system/bin/dex2oat --compiler-filter=speed
09-16 22:29:49.211  3737  3737 I dex2oat : dex2oat took 72.594ms (threads: 8) arena alloc=668KB (684544B) java alloc=79KB (81064B) native alloc=984KB (1008024B) free=4MB (4234856B)
09-16 22:29:49.230  3746  3746 I dex2oat : /system/bin/dex2oat --compiler-filter=speed
09-16 22:29:49.376  3746  3746 I dex2oat : dex2oat took 146.170ms (threads: 8) arena alloc=1862KB (1907192B) java alloc=473KB (484520B) native alloc=1335KB (1367648B) free=4MB (4923808B)
09-16 22:29:49.379  3587  3587 W PackageManager: Library not found: /system/framework/org.apache.http.legacy.jar
09-16 22:29:49.395  3755  3755 I dex2oat : /system/bin/dex2oat --compiler-filter=speed
09-16 22:29:49.464  3755  3755 I dex2oat : dex2oat took 69.834ms (threads: 8) arena alloc=464KB (475176B) java alloc=114KB (116896B) native alloc=1169KB (1197216B) free=2MB (2997088B)
09-16 22:29:49.483  3764  3764 I dex2oat : /system/bin/dex2oat --compiler-filter=speed
09-16 22:29:49.552  3764  3764 I dex2oat : dex2oat took 68.953ms (threads: 8) arena alloc=294KB (301720B) java alloc=132KB (135960B) native alloc=1113KB (1139832B) free=2MB (2530184B)
09-16 22:29:49.570  3773  3773 I dex2oat : /system/bin/dex2oat --compiler-filter=speed
09-16 22:29:49.590  3773  3773 I dex2oat : dex2oat took 20.219ms (threads: 8) arena alloc=84KB (86488B) java alloc=59KB (61128B) native alloc=1029KB (1054480B) free=2042KB (2091248B)
09-16 22:29:49.608  3782  3782 I dex2oat : /system/bin/dex2oat --compiler-filter=speed
09-16 22:29:49.643  3782  3782 I dex2oat : dex2oat took 34.953ms (threads: 8) arena alloc=534KB (547792B) java alloc=261KB (267608B) native alloc=1320KB (1352344B) free=3MB (3366248B)
09-16 22:29:49.660  3791  3791 I dex2oat : /system/bin/dex2oat --compiler-filter=speed
09-16 22:29:49.683  3791  3791 I dex2oat : dex2oat took 23.565ms (threads: 8) arena alloc=262KB (268856B) java alloc=37KB (38472B) native alloc=1109KB (1135880B) free=1962KB (2009848B)
09-16 22:29:49.700  3800  3800 I dex2oat : /system/bin/dex2oat --compiler-filter=speed
09-16 22:29:49.762  3800  3800 I dex2oat : dex2oat took 62.718ms (threads: 8) arena alloc=3MB (3306288B) java alloc=127KB (130152B) native alloc=1342KB (1374328B) free=5MB (5965704B)
09-16 22:29:49.780  3809  3809 I dex2oat : /system/bin/dex2oat --compiler-filter=speed
09-16 22:29:49.891  3809  3809 I dex2oat : dex2oat took 111.550ms (threads: 8) arena alloc=1993KB (2041832B) java alloc=457KB (468152B) native alloc=1442KB (1476776B) free=5MB (5338968B)
09-16 22:29:49.894  3587  3587 W PackageManager: Library not found: /system/framework/org.apache.http.legacy.jar
09-16 22:29:49.910  3818  3818 I dex2oat : /system/bin/dex2oat --compiler-filter=speed
09-16 22:29:49.939  3818  3818 I dex2oat : dex2oat took 29.574ms (threads: 8) arena alloc=526KB (538824B) java alloc=80KB (82064B) native alloc=1159KB (1187128B) free=2MB (2482888B)
09-16 22:29:49.957  3827  3827 I dex2oat : /system/bin/dex2oat --compiler-filter=speed
09-16 22:29:49.984  3827  3827 I dex2oat : dex2oat took 26.743ms (threads: 8) arena alloc=323KB (331304B) java alloc=113KB (116528B) native alloc=1112KB (1138712B) free=2MB (2531304B)
09-16 22:29:50.002  3836  3836 I dex2oat : /system/bin/dex2oat --compiler-filter=speed
09-16 22:29:50.024  3836  3836 I dex2oat : dex2oat took 22.847ms (threads: 8) arena alloc=89KB (91768B) java alloc=67KB (69312B) native alloc=1032KB (1057608B) free=2039KB (2088120B)
09-16 22:29:50.052  3587  3846 I PackageManager: /system/framework/org.cyanogenmod.platform-res.apk changed; collecting certs
09-16 22:29:50.065  3587  3846 W PackageManager: Permission cyanogenmod.permission.WRITE_ALARMS from package cyanogenmod.platform in an unknown group android.permission-group.SYSTEM_CLOCK
09-16 22:29:50.065  3587  3846 W PackageManager: Permission cyanogenmod.permission.MANAGE_ALARMS from package cyanogenmod.platform in an unknown group android.permission-group.SYSTEM_CLOCK
09-16 22:29:50.065  3587  3846 W PackageManager: Permission cyanogenmod.permission.READ_ALARMS from package cyanogenmod.platform in an unknown group android.permission-group.SYSTEM_CLOCK
09-16 22:29:50.118  3587  3845 I PackageManager: /system/framework/framework-res.apk changed; collecting certs
09-16 22:29:50.217  3587  3849 I PackageManager: /system/priv-app/BlockedNumberProvider changed; collecting certs
09-16 22:29:50.221  3587  3847 I PackageManager: /system/priv-app/AudioFX changed; collecting certs
09-16 22:29:50.223  3587  3848 I PackageManager: /system/priv-app/BackupRestoreConfirmation changed; collecting certs
09-16 22:29:50.224  3587  3850 I PackageManager: /system/priv-app/CMAudioService changed; collecting certs
09-16 22:29:50.224  3587  3845 I PackageManager: /system/priv-app/CMSettingsProvider changed; collecting certs
09-16 22:29:50.224  3587  3849 I chatty  : uid=1000(system) packagescan-5 expire 3 lines
09-16 22:29:50.237  3587  3848 I PackageManager: /system/priv-app/CallLogBackup changed; collecting certs
09-16 22:29:50.238  3587  3845 I PackageManager: /system/priv-app/CarrierConfig changed; collecting certs
09-16 22:29:50.239  3587  3849 I PackageManager: /system/priv-app/CalendarProvider changed; collecting certs
09-16 22:29:50.244  3587  3847 I PackageManager: /system/priv-app/CellBroadcastReceiver changed; collecting certs
09-16 22:29:50.249  3587  3846 I PackageManager: /system/priv-app/CMParts changed; collecting certs
09-16 22:29:50.255  3587  3845 I PackageManager: /system/priv-app/CtsShimPrivPrebuilt changed; collecting certs
09-16 22:29:50.257  3587  3849 I PackageManager: /system/priv-app/DefaultContainerService changed; collecting certs
09-16 22:29:50.262  3587  3848 I PackageManager: /system/priv-app/ContactsProvider changed; collecting certs
09-16 22:29:50.263  3587  3850 W PackageParser: No actions in intent filter at /system/priv-app/Contacts/Contacts.apk Binary XML file line #431
09-16 22:29:50.269  3587  3850 I PackageManager: /system/priv-app/Contacts changed; collecting certs
09-16 22:29:50.278  3587  3849 I PackageManager: /system/priv-app/DownloadProvider changed; collecting certs
09-16 22:29:50.279  3587  3847 I PackageManager: /system/priv-app/DocumentsUI changed; collecting certs
09-16 22:29:50.285  3587  3849 W PackageManager: Permission android.permission.DOWNLOAD_WITHOUT_NOTIFICATION from package com.android.providers.downloads in an unknown group android.permission-group.NETWORK
09-16 22:29:50.288  3587  3848 I PackageManager: /system/priv-app/Eleven changed; collecting certs
09-16 22:29:50.293  3587  3849 I PackageManager: /system/priv-app/ExtServices changed; collecting certs
09-16 22:29:50.297  3587  3847 I PackageManager: /system/priv-app/ExternalStorageProvider changed; collecting certs
09-16 22:29:50.297  3587  3846 I PackageManager: /system/priv-app/EmergencyInfo changed; collecting certs
09-16 22:29:50.304  3587  3845 W PackageParser: No actions in intent filter at /system/priv-app/Dialer/Dialer.apk Binary XML file line #207
09-16 22:29:50.307  3587  3849 I PackageManager: /system/priv-app/FusedLocation changed; collecting certs
09-16 22:29:50.310  3587  3845 I PackageManager: /system/priv-app/Dialer changed; collecting certs
09-16 22:29:50.315  3587  3846 I chatty  : uid=1000(system) packagescan-2 expire 1 line
09-16 22:29:50.316  3587  3850 I PackageManager: /system/priv-app/InputDevices changed; collecting certs
09-16 22:29:50.329  3587  3850 I PackageManager: /system/priv-app/MmsService changed; collecting certs
09-16 22:29:50.330  3587  3846 I PackageManager: /system/priv-app/MediaProvider changed; collecting certs
09-16 22:29:50.340  3587  3847 I PackageManager: /system/priv-app/Gallery2 changed; collecting certs
09-16 22:29:50.341  3587  3849 I PackageManager: /system/priv-app/ManagedProvisioning changed; collecting certs
09-16 22:29:50.341  3587  3846 I PackageManager: /system/priv-app/OneTimeInitializer changed; collecting certs
09-16 22:29:50.342  3587  3850 I PackageManager: /system/priv-app/MtpDocumentsProvider changed; collecting certs
09-16 22:29:50.356  3587  3848 I PackageManager: /system/priv-app/LineageSetupWizard changed; collecting certs
09-16 22:29:50.357  3587  3845 I PackageManager: /system/priv-app/ProxyHandler changed; collecting certs
09-16 22:29:50.367  3587  3850 I PackageManager: /system/priv-app/Recorder changed; collecting certs
09-16 22:29:50.373  3587  3845 I PackageManager: /system/priv-app/SettingsProvider changed; collecting certs
09-16 22:29:50.374  3587  3846 I PackageManager: /system/priv-app/PackageInstaller changed; collecting certs
09-16 22:29:50.388  3587  3848 I PackageManager: /system/priv-app/SharedStorageBackup changed; collecting certs
09-16 22:29:50.388  3587  3845 I PackageManager: /system/priv-app/StatementService changed; collecting certs
09-16 22:29:50.394  3587  3850 W PackageParser: Ignoring duplicate uses-permissions/uses-permissions-sdk-m: android.permission.INSTALL_GRANT_RUNTIME_PERMISSIONS in package: com.android.shell at: Binary XML file line #102
09-16 22:29:50.399  3587  3850 I PackageManager: /system/priv-app/Shell changed; collecting certs
09-16 22:29:50.405  3587  3847 I PackageManager: /system/priv-app/StorageManager changed; collecting certs
09-16 22:29:50.405  3587  3848 I PackageManager: /system/priv-app/Tag changed; collecting certs
09-16 22:29:50.423  3587  3848 I PackageManager: /system/priv-app/TelephonyProvider changed; collecting certs
09-16 22:29:50.428  3587  3850 I PackageManager: /system/priv-app/Telecom changed; collecting certs
09-16 22:29:50.434  3587  3845 W PackageParser: Ignoring duplicate uses-permissions/uses-permissions-sdk-m: android.permission.CONFIGURE_WIFI_DISPLAY in package: com.android.systemui at: Binary XML file line #117
09-16 22:29:50.444  3587  3847 I PackageManager: /system/priv-app/Updater changed; collecting certs
09-16 22:29:50.445  3587  3849 W PackageParser: Ignoring duplicate uses-permissions/uses-permissions-sdk-m: android.permission.USE_CREDENTIALS in package: com.android.settings at: Binary XML file line #56
09-16 22:29:50.446  3587  3849 W PackageParser: Ignoring duplicate uses-permissions/uses-permissions-sdk-m: android.permission.READ_SYNC_SETTINGS in package: com.android.settings at: Binary XML file line #61
09-16 22:29:50.446  3587  3848 I PackageManager: /system/priv-app/Trebuchet changed; collecting certs
09-16 22:29:50.446  3587  3849 W PackageParser: Ignoring duplicate uses-permissions/uses-permissions-sdk-m: android.permission.WRITE_SYNC_SETTINGS in package: com.android.settings at: Binary XML file line #62
09-16 22:29:50.455  3587  3845 I PackageManager: /system/priv-app/SystemUI changed; collecting certs
09-16 22:29:50.458  3587  3850 I PackageManager: /system/priv-app/VpnDialogs changed; collecting certs
09-16 22:29:50.460  3587  3848 W PackageManager: Permission com.android.launcher.permission.INSTALL_SHORTCUT from package com.cyanogenmod.trebuchet in an unknown group android.permission-group.SYSTEM_TOOLS
09-16 22:29:50.460  3587  3848 W PackageManager: Permission com.android.launcher3.permission.READ_SETTINGS from package com.cyanogenmod.trebuchet in an unknown group android.permission-group.SYSTEM_TOOLS
09-16 22:29:50.460  3587  3848 W PackageManager: Permission com.android.launcher3.permission.WRITE_SETTINGS from package com.cyanogenmod.trebuchet in an unknown group android.permission-group.SYSTEM_TOOLS
09-16 22:29:50.466  3587  3847 I PackageManager: /system/priv-app/WallpaperCropper changed; collecting certs
09-16 22:29:50.468  3587  3848 I PackageManager: /system/priv-app/WeatherManagerService changed; collecting certs
09-16 22:29:50.470  3587  3846 I PackageManager: /system/priv-app/TeleService changed; collecting certs
09-16 22:29:50.474  3587  3850 I PackageManager: /system/priv-app/WeatherProvider changed; collecting certs
09-16 22:29:50.491  3587  3845 I chatty  : uid=1000(system) packagescan-1 expire 1 line
09-16 22:29:50.573  3587  3849 I PackageManager: /system/priv-app/Settings changed; collecting certs
09-16 22:29:50.667  3587  3845 I PackageManager: /system/app/BluetoothMidiService changed; collecting certs
09-16 22:29:50.667  3587  3848 I PackageManager: /system/app/BasicDreams changed; collecting certs
09-16 22:29:50.671  3587  3846 I PackageManager: /system/app/BookmarkProvider changed; collecting certs
09-16 22:29:50.675  3587  3847 I PackageManager: /system/app/AdvancedDisplay changed; collecting certs
09-16 22:29:50.683  3587  3850 W PackageParser: No actions in intent filter at /system/app/Bluetooth/Bluetooth.apk Binary XML file line #226
09-16 22:29:50.684  3587  3849 I PackageManager: /system/app/Calendar changed; collecting certs
09-16 22:29:50.685  3587  3846 I PackageManager: /system/app/CaptivePortalLogin changed; collecting certs
09-16 22:29:50.688  3587  3845 I PackageManager: /system/app/Camera2 changed; collecting certs
09-16 22:29:50.688  3587  3850 I PackageManager: /system/app/Bluetooth changed; collecting certs
09-16 22:29:50.696  3587  3849 W PackageManager: Non-privileged app; cap priority to 0; package: com.android.calendar activity: com.android.calendar.GoogleCalendarUriIntentFilter origPrio: 50
09-16 22:29:50.699  3587  3848 I PackageManager: /system/app/CertInstaller changed; collecting certs
09-16 22:29:50.699  3587  3846 I PackageManager: /system/app/CtsShimPrebuilt changed; collecting certs
09-16 22:29:50.705  3587  3846 W PackageManager: Non-privileged app; cap priority to 0; package: com.android.cts.ctsshim activity: com.android.cts.ctsshim.InstallPriority origPrio: 100
09-16 22:29:50.705  3587  3846 W PackageManager: Non-privileged app; cap priority to 0; package: com.android.cts.ctsshim activity: com.android.cts.ctsshim.InstallPriority origPrio: 100
09-16 22:29:50.705  3587  3846 W PackageManager: Non-privileged app; cap priority to 0; package: com.android.cts.ctsshim activity: com.android.cts.ctsshim.InstallPriority origPrio: 100
09-16 22:29:50.705  3587  3846 W PackageManager: Non-privileged app; cap priority to 0; package: com.android.cts.ctsshim activity: com.android.cts.ctsshim.InstallPriority origPrio: 100
09-16 22:29:50.705  3587  3846 W PackageManager: Non-privileged app; cap priority to 0; package: com.android.cts.ctsshim activity: com.android.cts.ctsshim.InstallPriority origPrio: 100
09-16 22:29:50.715  3587  3848 I PackageManager: /system/app/EasterEgg changed; collecting certs
09-16 22:29:50.717  3587  3847 I PackageManager: /system/app/Development changed; collecting certs
09-16 22:29:50.720  3587  3849 W PackageParser: Ignoring duplicate uses-permissions/uses-permissions-sdk-m: android.permission.WRITE_SETTINGS in package: com.android.deskclock at: Binary XML file line #45
09-16 22:29:50.721  3587  3846 I PackageManager: /system/app/DownloadProviderUi changed; collecting certs
09-16 22:29:50.727  3587  3847 I PackageManager: /system/app/ExtShared changed; collecting certs
09-16 22:29:50.731  3587  3849 I PackageManager: /system/app/DeskClock changed; collecting certs
09-16 22:29:50.733  3587  3845 I PackageManager: /system/app/ExactCalculator changed; collecting certs
09-16 22:29:50.733  3587  3846 I PackageManager: /system/app/HTMLViewer changed; collecting certs
09-16 22:29:50.741  3587  3848 I PackageManager: /system/app/Exchange2 changed; collecting certs
09-16 22:29:50.747  3587  3845 I PackageManager: /system/app/KeyChain changed; collecting certs
09-16 22:29:50.747  3587  3847 I PackageManager: /system/app/Jelly changed; collecting certs
09-16 22:29:50.762  3587  3847 I PackageManager: /system/app/PacProcessor changed; collecting certs
