09-16 08:05:10.783  4646  4646 I dex2oat : /system/bin/dex2oat --compiler-filter=verify-at-runtime
09-16 08:05:10.882  4646  4646 I dex2oat : dex2oat took 99.441ms (threads: 8) arena alloc=0B (0B) java alloc=31KB (32216B) native alloc=684KB (700624B) free=2MB (2445104B)
09-16 08:05:10.900  4656  4656 I dex2oat : /system/bin/dex2oat --compiler-filter=verify-at-runtime
09-16 08:05:11.033  4656  4656 I dex2oat : dex2oat took 133.481ms (threads: 8) arena alloc=0B (0B) java alloc=27KB (28240B) native alloc=438KB (449384B) free=2MB (2696344B)
09-16 08:05:11.050  4665  4665 I dex2oat : /system/bin/dex2oat --compiler-filter=verify-at-runtime
09-16 08:05:11.230  4665  4665 I dex2oat : dex2oat took 180.142ms (threads: 8) arena alloc=0B (0B) java alloc=27KB (28240B) native alloc=559KB (572984B) free=2MB (2572744B)
09-16 08:05:11.248  4674  4674 I dex2oat : /system/bin/dex2oat --compiler-filter=verify-at-runtime
09-16 08:05:11.269  4674  4674 I dex2oat : dex2oat took 21.707ms (threads: 8) arena alloc=0B (0B) java alloc=31KB (32208B) native alloc=858KB (878832B) free=1189KB (1218320B)
09-16 08:05:11.287  4683  4683 I dex2oat : /system/bin/dex2oat --compiler-filter=verify-at-runtime
09-16 08:05:11.572  4683  4683 I dex2oat : dex2oat took 285.573ms (threads: 8) arena alloc=0B (0B) java alloc=31KB (32240B) native alloc=694KB (711400B) free=2MB (2958616B)
09-16 08:05:11.590  4692  4692 I dex2oat : /system/bin/dex2oat --compiler-filter=verify-at-runtime
09-16 08:05:11.658  4692  4692 I dex2oat : dex2oat took 68.158ms (threads: 8) arena alloc=0B (0B) java alloc=31KB (32192B) native alloc=1072KB (1098128B) free=1487KB (1523312B)
09-16 08:05:11.676  4701  4701 I dex2oat : /system/bin/dex2oat --compiler-filter=verify-at-runtime
09-16 08:05:11.742  4701  4701 I dex2oat : dex2oat took 66.123ms (threads: 8) arena alloc=0B (0B) java alloc=31KB (32216B) native alloc=1074KB (1099792B) free=1485KB (1521648B)
09-16 08:05:11.759  4710  4710 I dex2oat : /system/bin/dex2oat --compiler-filter=verify-at-runtime
09-16 08:05:11.855  4710  4710 I dex2oat : dex2oat took 96.358ms (threads: 8) arena alloc=0B (0B) java alloc=31KB (32216B) native alloc=1133KB (1160656B) free=1938KB (1985072B)
09-16 08:05:11.872  4719  4719 I dex2oat : /system/bin/dex2oat --compiler-filter=verify-at-runtime
09-16 08:05:11.934  4719  4719 I dex2oat : dex2oat took 61.483ms (threads: 8) arena alloc=0B (0B) java alloc=31KB (32208B) native alloc=858KB (878832B) free=1189KB (1218320B)
09-16 08:05:11.951  4728  4728 I dex2oat : /system/bin/dex2oat --compiler-filter=verify-at-runtime
09-16 08:05:12.013  4728  4728 I dex2oat : dex2oat took 62.228ms (threads: 8) arena alloc=0B (0B) java alloc=31KB (32216B) native alloc=1070KB (1095920B) free=1489KB (1525520B)
09-16 08:05:12.016  3657  3657 W PackageManager: No disk maintenance in 1505559912016; running immediately
09-16 08:05:12.016  3657  3657 I SystemServer: StartLockSettingsService
09-16 08:05:12.016  3657  4094 I MountService: Running fstrim idle maintenance
09-16 08:05:12.016  3657  3657 I SystemServiceManager: Starting com.android.server.LockSettingsService$Lifecycle
09-16 08:05:12.016  3657  4094 D VoldConnector: SND -> {3 fstrim dotrim}
09-16 08:05:12.018  3657  4095 D VoldConnector: RCV <- {200 3 Command succeeded}
09-16 08:05:12.018  3077  4737 D vold    : Starting trim of /cache
09-16 08:05:12.029  3657  3657 I SystemServiceManager: Starting com.android.server.DeviceIdleController
09-16 08:05:12.032  3657  3657 I SystemServiceManager: Starting com.android.server.devicepolicy.DevicePolicyManagerService$Lifecycle
09-16 08:05:12.036  3657  3657 I SystemServer: StartStatusBarManagerService
09-16 08:05:12.039  3657  3657 I SystemServer: StartClipboardService
09-16 08:05:12.041  3657  3657 I SystemServer: StartNetworkManagementService
09-16 08:05:12.042  3657  4738 I NetworkManagement: onDaemonConnected()
09-16 08:05:12.045  3657  3657 I SystemServiceManager: Starting com.android.server.TextServicesManagerService$Lifecycle
09-16 08:05:12.051  3657  3657 I SystemServer: StartNetworkScoreService
09-16 08:05:12.052  3657  3657 I SystemServer: StartNetworkStatsService
09-16 08:05:12.057  3657  3657 I SystemServer: StartNetworkPolicyManagerService
09-16 08:05:12.060  3657  3657 I SystemServer: No Wi-Fi NAN Service (NAN support Not Present)
09-16 08:05:12.060  3657  3657 I SystemServiceManager: Starting com.android.server.wifi.p2p.WifiP2pService
09-16 08:05:12.077  3077  4737 I vold    : Trimmed 494178304 bytes on /cache in 59ms
09-16 08:05:12.077  3077  4737 D vold    : Starting trim of /data
09-16 08:05:12.077  3657  4095 D VoldConnector: RCV <- {662 /cache 494178304 59288885}
09-16 08:05:12.091  3657  3657 I SystemServiceManager: Starting com.android.server.wifi.WifiService
09-16 08:05:12.176  3281  3647 D CommandListener: Clearing all IP addresses on wlan0
09-16 08:05:12.377  3657  4744 I chatty  : uid=1000(system) WifiStateMachin expire 55 lines
09-16 08:05:12.393  3657  3657 I SystemServiceManager: Starting com.android.server.wifi.scanner.WifiScanningService
09-16 08:05:12.396  3657  3657 I SystemServiceManager: Starting com.android.server.wifi.RttService
09-16 08:05:12.398  3657  3657 I SystemServiceManager: Starting com.android.server.ethernet.EthernetService
09-16 08:05:12.404  3657  3657 I SystemServer: StartConnectivityService
09-16 08:05:12.415  3657  3657 D ConnectivityService: ConnectivityService starting up
09-16 08:05:12.420  3657  3657 D ConnectivityService: wifiOnly=false
09-16 08:05:12.436  3657  3657 I SystemServer: StartNsdService
09-16 08:05:12.439  3657  3657 I SystemServer: StartUpdateLockService
09-16 08:05:12.441  3657  3657 I SystemServiceManager: Starting com.android.server.RecoverySystemService
09-16 08:05:12.442  3657  3657 I SystemServiceManager: Starting com.android.server.notification.NotificationManagerService
09-16 08:05:12.455  3657  3657 D ConditionProviders.SCP: new ScheduleConditionProvider()
09-16 08:05:12.482  3657  3657 D ZenLog  : set_zen_mode: off,init
09-16 08:05:12.495  3657  3657 I SystemServiceManager: Starting com.android.server.storage.DeviceStorageMonitorService
09-16 08:05:12.498  3657  3657 I SystemServer: StartLocationManagerService
09-16 08:05:12.499  3657  3657 I SystemServer: StartCountryDetectorService
09-16 08:05:12.500  3657  3657 I SystemServer: StartSearchManagerService
09-16 08:05:12.500  3657  3657 I SystemServiceManager: Starting com.android.server.search.SearchManagerService$Lifecycle
09-16 08:05:12.503  3657  3657 I SystemServiceManager: Starting com.android.server.DropBoxManagerService
09-16 08:05:12.504  3657  3657 I SystemServer: StartWallpaperManagerService
09-16 08:05:12.504  3657  3657 I SystemServiceManager: Starting com.android.server.wallpaper.WallpaperManagerService$Lifecycle
09-16 08:05:12.507  3657  3657 E WallpaperManagerService: Invalid wallpaper data
09-16 08:05:12.507  3657  3657 E WallpaperManagerService: Unable to apply new wallpaper
09-16 08:05:12.507  3657  3657 W WallpaperManagerService: no current wallpaper -- first boot?
09-16 08:05:12.508  3657  3657 I SystemServer: StartAudioService
09-16 08:05:12.508  3657  3657 I SystemServiceManager: Starting com.android.server.audio.AudioService$Lifecycle
09-16 08:05:12.518  3273  3273 D PermissionCache: checking android.permission.MODIFY_AUDIO_SETTINGS for uid=1000 => granted (670 us)
09-16 08:05:12.518  3273  3474 D PermissionCache: checking android.permission.MODIFY_AUDIO_SETTINGS for uid=1000 => granted (782 us)
09-16 08:05:12.520  3273  3460 W AudioFlinger: no wake lock to update, system not ready yet
09-16 08:05:12.520  3273  3467 W AudioFlinger: no wake lock to update, system not ready yet
09-16 08:05:12.557  3657  3657 I SystemServiceManager: Starting com.android.server.DockObserver
09-16 08:05:12.559  3657  3657 I SystemServer: StartWiredAccessoryManager
09-16 08:05:12.560  3657  3657 W WiredAccessoryManager: This kernel does not have usb audio support
09-16 08:05:12.561  3657  3657 I SystemServiceManager: Starting com.android.server.usb.UsbService$Lifecycle
09-16 08:05:12.564  3657  3657 E UsbDeviceManager: failed to write to /sys/class/android_usb/android0/f_rndis/ethaddr
09-16 08:05:12.584  3657  3657 I UsbDeviceManager: Setting USB config to adb
09-16 08:05:13.638  3657  3657 E UsbDeviceManager: waitForState(adb) FAILED: got none
09-16 08:05:13.638  3657  3657 E UsbDeviceManager: Failed to switch USB config to adb
09-16 08:05:13.638  3657  3657 E UsbDeviceManager: Failsafe 1: Restoring previous USB functions.
09-16 08:05:13.639  3657  3657 I UsbDeviceManager: Setting USB config to mtp,adb
09-16 08:05:13.695  3657  3657 I SystemServer: StartSerialService
09-16 08:05:13.697  3657  3657 I SystemServiceManager: Starting com.android.server.twilight.TwilightService
09-16 08:05:13.697  3657  3657 I SystemServiceManager: Starting com.android.server.job.JobSchedulerService
09-16 08:05:13.702  3657  3657 I SystemServiceManager: Starting com.android.server.soundtrigger.SoundTriggerService
09-16 08:05:13.703  3657  3657 I SystemServiceManager: Starting com.android.server.backup.BackupManagerService$Lifecycle
09-16 08:05:13.706  3657  3657 I SystemServiceManager: Starting com.android.server.appwidget.AppWidgetService
09-16 08:05:13.721  3657  3657 I SystemServiceManager: Starting com.android.server.voiceinteraction.VoiceInteractionManagerService
09-16 08:05:13.724  3657  3657 I SystemServer: Gesture Launcher Service
09-16 08:05:13.724  3657  3657 I SystemServiceManager: Starting com.android.server.GestureLauncherService
09-16 08:05:13.724  3657  3657 I SystemServiceManager: Starting com.android.server.SensorNotificationService
09-16 08:05:13.724  3657  3657 I SystemServiceManager: Starting com.android.server.ContextHubSystemService
09-16 08:05:13.725  3657  3657 I SystemServer: StartDiskStatsService
09-16 08:05:13.727  3657  3657 I SystemServer: StartSamplingProfilerService
09-16 08:05:13.763  3657  3657 I SystemServer: StartNetworkTimeUpdateService
09-16 08:05:13.764  3657  3657 I SystemServer: StartCommonTimeManagementService
09-16 08:05:13.765  3657  3657 I SystemServer: CertBlacklister
09-16 08:05:13.766  3657  3657 I SystemServiceManager: Starting com.android.server.emergency.EmergencyAffordanceService
09-16 08:05:13.767  3657  3657 I SystemServiceManager: Starting com.android.server.dreams.DreamManagerService
09-16 08:05:13.768  3657  3657 I SystemServer: StartAssetAtlasService
09-16 08:05:13.774  3657  4770 I chatty  : uid=1000 system_server expire 4 lines
09-16 08:05:13.775  3657  4771 I chatty  : uid=1000 system_server expire 1 line
09-16 08:05:13.775  3657  4772 I chatty  : uid=1000 system_server expire 1 line
09-16 08:05:13.775  3657  4773 I chatty  : uid=1000 system_server expire 1 line
09-16 08:05:13.775  3657  4774 I chatty  : uid=1000 system_server expire 1 line
09-16 08:05:13.776  3657  3657 I SystemServiceManager: Starting com.android.server.print.PrintManagerService
09-16 08:05:13.776  3657  4776 I chatty  : uid=1000 system_server expire 1 line
09-16 08:05:13.776  3657  4775 I chatty  : uid=1000 system_server expire 1 line
09-16 08:05:13.776  3657  4777 I chatty  : uid=1000 system_server expire 1 line
09-16 08:05:13.777  3657  4778 I chatty  : uid=1000 system_server expire 1 line
09-16 08:05:13.779  3657  3657 I SystemServiceManager: Starting com.android.server.restrictions.RestrictionsManagerService
09-16 08:05:13.780  3657  3657 I SystemServiceManager: Starting com.android.server.media.MediaSessionService
09-16 08:05:13.790  3657  3657 I SystemServer: StartMediaRouterService
09-16 08:05:13.791  3657  3657 I SystemServiceManager: Starting com.android.server.trust.TrustManagerService
09-16 08:05:13.792  3657  3657 I SystemServiceManager: Starting com.android.server.fingerprint.FingerprintService
09-16 08:05:13.796  3282  3282 I chatty  : uid=1000(system) /system/bin/fingerprintd expire 128 lines
09-16 08:05:13.813  3151  3177 I chatty  : uid=1000(system) McDaemon.Server expire 2 lines
09-16 08:05:13.815  3282  3282 E tlc_communication:   *****************************
09-16 08:05:13.815  3282  3282 I tlc_communication: Free WSM;171
09-16 08:05:13.815  3282  3282 E McClient:   *****************************
09-16 08:05:13.815  3282  3282 E McClient:   *** ERROR: Device has not been found
09-16 08:05:13.815  3282  3282 E McClient:   *** Detected in mcFreeWsm/1143()
09-16 08:05:13.815  3282  3282 E McClient:   *****************************
09-16 08:05:13.815  3282  3282 E tlc_communication:   *****************************
09-16 08:05:13.815  3282  3282 E tlc_communication:   *** ERROR: Free WSM for Trustlet is failed : 7
09-16 08:05:13.815  3282  3282 E tlc_communication:   *** Detected in tlc_close/175()
09-16 08:05:13.815  3282  3282 E tlc_communication:   *****************************
09-16 08:05:13.815  3282  3282 E McClient:   *****************************
09-16 08:05:13.816  3282  3282 E McClient:   *** ERROR: Device has not been found
09-16 08:05:13.816  3282  3282 E McClient:   *** Detected in mcFreeWsm/1143()
09-16 08:05:13.816  3282  3282 E McClient:   *****************************
09-16 08:05:13.816  3282  3282 E tlc_communication:   *****************************
09-16 08:05:13.816  3282  3282 E tlc_communication:   *** ERROR: Free WSM for Driver is failed : 7
09-16 08:05:13.816  3282  3282 E tlc_communication:   *** Detected in tlc_close/182()
09-16 08:05:13.816  3282  3282 E tlc_communication:   *****************************
09-16 08:05:13.816  3282  3282 I tlc_communication: Closing MobiCore device;189
09-16 08:05:13.816  3282  3282 E McClient:   *****************************
09-16 08:05:13.816  3282  3282 E McClient:   *** ERROR: Device not open
09-16 08:05:13.816  3282  3282 E McClient:   *** Detected in mcCloseDevice/292()
09-16 08:05:13.816  3282  3282 E McClient:   *****************************
09-16 08:05:13.816  3282  3282 E tlc_communication:   *****************************
09-16 08:05:13.816  3282  3282 E tlc_communication:   *** ERROR: Closing MobiCore device is failed : 33
09-16 08:05:13.816  3282  3282 E tlc_communication:   *** Detected in tlc_close/197()
09-16 08:05:13.816  3282  3282 E tlc_communication:   *****************************
09-16 08:05:13.816  3282  3282 I tlc_communication: tlc_close() successed;202
09-16 08:05:13.816  3282  3282 E bauth_FPBAuthService: BAuthSessionOpen Fail
09-16 08:05:13.816  3282  3282 D bauth_FPBAuthService: thread id : 3, preenroll_flag : 0, nd cnt : 0
09-16 08:05:13.816  3282  3282 D bauth_FPBAuthService: FPBAuthService, 7282
09-16 08:05:13.816  3282  3282 D bauth_service: BAuthService, 248
09-16 08:05:13.816  3282  3282 E fingerprintd: Wrong fp version. Expected 513, got 512
09-16 08:05:13.816  3282  3282 D bauth_service: BAuthService, 1692
09-16 08:05:13.816  3282  3282 D bauth_FPBAuthService: FPBAUTH setNotifyCallback
09-16 08:05:13.816  3282  3282 D bauth_FPBAuthService: thread id : 3, preenroll_flag : 0, nd cnt : 0
09-16 08:05:13.816  3282  3282 D bauth_service: BAuthService, 1711
09-16 08:05:13.816  3282  3282 V fingerprintd: fingerprint HAL successfully initialized
09-16 08:05:13.818  3282  3282 V fingerprintd: setActiveGroup(0, /data/system/users/0/fpdata, 27)
09-16 08:05:13.818  3282  3282 D bauth_service: BAuthService, 1718
09-16 08:05:13.818  3282  3282 E bauth_FPBAuthService: active_group path is diff : /data/system/users/0/fpdata
09-16 08:05:13.818  3282  3282 D bauth_FPBAuthService: FPBAuthService, 4229
09-16 08:05:13.818  3282  3282 D bauth_FPBAuthService: FPBAuthService, 5217
09-16 08:05:13.818  3282  3282 D bauth_FPBAuthService: FPBAuthService, 5221
09-16 08:05:13.818  3282  3282 D bauth_FPBAuthService: FPBAuthService, 5264
09-16 08:05:13.824  3282  3282 E bauth_FPBAuthServiceStorage: UserID Directory is not existed
09-16 08:05:13.824  3282  3282 E bauth_FPBAuthService: getEnrolledBioIdxList num templates is in DB is 0
09-16 08:05:13.824  3282  3282 D bauth_FPBAuthService: FPBAuthService, 5224
09-16 08:05:13.824  3282  3282 D bauth_FPBAuthService: enumerate bioidxList.length==0 or 1
09-16 08:05:13.824  3282  3282 D bauth_FPBAuthService: FPBAuthService, 5264
09-16 08:05:13.824  3282  3282 E bauth_FPBAuthServiceStorage: UserID Directory is not existed
09-16 08:05:13.824  3282  3282 E bauth_FPBAuthService: getEnrolledBioIdxList num templates is in DB is 0
09-16 08:05:13.824  3282  3282 D bauth_FPBAuthService: FPBAuthService, 5255
09-16 08:05:13.824  3282  3282 D bauth_FPBAuthService: BAuthSessionOpen Skip
09-16 08:05:13.824  3282  3282 E bauth_FPBAuthServiceStorage: FPBAuthServiceStorage::readCALIBRATIONMetaData VERSION file isn't exist
09-16 08:05:13.824  3282  3282 E bauth_FPBAuthService: Version file isn't exist
09-16 08:05:13.824  3282  3282 E bauth_FPBAuthServiceStorage:  FPBAuthServiceStorage::readSEC_AUTH_IDMetaData fileopen error : 2
09-16 08:05:13.824  3282  3282 D bauth_FPBAuthService: SEC_AUTH_ID file isn't exist
09-16 08:05:13.824  3282  3282 I TLC_BAUTH: Call FP cmd 0xc (45);1562
09-16 08:05:13.824  3282  3282 I TLC_BAUTH: status : 0, cmd : 0x0x0 rsp : 0x0x0;1599
09-16 08:05:13.824  3282  3282 E TLC_BAUTH:   *****************************
09-16 08:05:13.824  3282  3282 E TLC_BAUTH:   *** ERROR: TZ Session is not opened properly - Ignore
09-16 08:05:13.824  3282  3282 E TLC_BAUTH:   *** Detected in BAuth_Control_OP/1599()
09-16 08:05:13.824  3282  3282 E TLC_BAUTH:   *****************************
09-16 08:05:13.824  3282  3282 E bauth_FPBAuthService: set_active_group BAUTH_OP_CODE_SAVE_SECAUTH_ID fail : 29
09-16 08:05:13.824  3282  3282 D bauth_FPBAuthService: FPBAuthService, 4462
09-16 08:05:13.824  3282  3282 D bauth_FPBAuthService: thread id : 3, preenroll_flag : 0, nd cnt : 0
09-16 08:05:13.824  3282  3282 D bauth_service: BAuthService, 1739
09-16 08:05:13.825  3282  3282 D bauth_service: BAuthService, 371
09-16 08:05:13.825  3282  3282 D bauth_FPBAuthService: get_aid val : 0
09-16 08:05:13.825  3282  3282 D bauth_FPBAuthService: thread id : 3, preenroll_flag : 0, nd cnt : 0
09-16 08:05:13.825  3282  3282 D bauth_service: BAuthService, 390
09-16 08:05:13.825  3282  3282 D bauth_service: BAuthService, 371
09-16 08:05:13.825  3282  3282 D bauth_FPBAuthService: get_aid val : 0
09-16 08:05:13.825  3282  3282 D bauth_FPBAuthService: thread id : 3, preenroll_flag : 0, nd cnt : 0
09-16 08:05:13.826  3282  3282 D bauth_service: BAuthService, 390
09-16 08:05:13.826  3657  3657 V FingerprintService: Fingerprint HAL id: 547868672512
09-16 08:05:13.826  3657  3657 I SystemServer: StartBackgroundDexOptService
09-16 08:05:13.827  3657  3657 I SystemServiceManager: Starting com.android.server.pm.ShortcutService$Lifecycle
09-16 08:05:13.830  3657  3657 I SystemServiceManager: Starting com.android.server.pm.LauncherAppsService
09-16 08:05:13.831  3657  3657 I SystemServiceManager: Starting com.android.server.media.projection.MediaProjectionManagerService
09-16 08:05:13.908  3657  3657 I SyncManager: No initial accounts
09-16 08:05:13.909  3657  3657 I SyncManager: No initial status
09-16 08:05:13.910  3657  3657 I SyncManager: No initial statistics
09-16 08:05:13.967  3657  3657 I SystemServiceManager: Starting com.android.server.MmsServiceBroker
09-16 08:05:13.968  3657  3657 I CMSystemServer: Attempting to start service org.cyanogenmod.platform.internal.CMStatusBarManagerService
09-16 08:05:13.970  3657  3657 I CMSystemServer: Starting service org.cyanogenmod.platform.internal.CMStatusBarManagerService
09-16 08:05:13.970  3657  3657 I SystemServiceManager: Starting org.cyanogenmod.platform.internal.CMStatusBarManagerService
09-16 08:05:13.972  3657  3657 I CMSystemServer: Attempting to start service org.cyanogenmod.platform.internal.ProfileManagerService
09-16 08:05:13.975  3657  3657 I CMSystemServer: Starting service org.cyanogenmod.platform.internal.ProfileManagerService
09-16 08:05:13.975  3657  3657 I SystemServiceManager: Starting org.cyanogenmod.platform.internal.ProfileManagerService
09-16 08:05:13.975  3254  3254 E ServiceManager: add_service('profile',6d) uid=1000 - ALREADY REGISTERED, OVERRIDE
09-16 08:05:13.976  3254  3254 I ServiceManager: service 'profile' died
09-16 08:05:13.987  3657  3657 I CMSystemServer: Attempting to start service org.cyanogenmod.platform.internal.CMTelephonyManagerService
09-16 08:05:13.988  3657  3657 I CMSystemServer: Starting service org.cyanogenmod.platform.internal.CMTelephonyManagerService
09-16 08:05:13.988  3657  3657 I SystemServiceManager: Starting org.cyanogenmod.platform.internal.CMTelephonyManagerService
09-16 08:05:13.988  3657  3657 I CMSystemServer: Attempting to start service org.cyanogenmod.platform.internal.CMHardwareService
09-16 08:05:14.002  3657  3657 I CMSystemServer: Starting service org.cyanogenmod.platform.internal.CMHardwareService
09-16 08:05:14.003  3657  3657 I SystemServiceManager: Starting org.cyanogenmod.platform.internal.CMHardwareService
09-16 08:05:14.006  3254  3254 E ServiceManager: add_service('cmhardware',6f) uid=1000 - ALREADY REGISTERED, OVERRIDE
09-16 08:05:14.006  3254  3254 I ServiceManager: service 'cmhardware' died
09-16 08:05:14.006  3657  3657 I CMSystemServer: Attempting to start service org.cyanogenmod.platform.internal.PerformanceManagerService
09-16 08:05:14.008  3657  4782 I ServiceThread: Enabled StrictMode logging for PerformanceManager looper.
09-16 08:05:14.008  3657  3657 I CMSystemServer: Starting service org.cyanogenmod.platform.internal.PerformanceManagerService
09-16 08:05:14.009  3657  3657 I SystemServiceManager: Starting org.cyanogenmod.platform.internal.PerformanceManagerService
09-16 08:05:14.010  3657  4783 I ServiceThread: Enabled StrictMode logging for PerformanceManager looper.
09-16 08:05:14.010  3657  3657 I CMSystemServer: Attempting to start service org.cyanogenmod.platform.internal.WeatherManagerServiceBroker
09-16 08:05:14.011  3657  3657 I CMSystemServer: Starting service org.cyanogenmod.platform.internal.WeatherManagerServiceBroker
09-16 08:05:14.012  3657  3657 I SystemServiceManager: Starting org.cyanogenmod.platform.internal.WeatherManagerServiceBroker
09-16 08:05:14.012  3657  3657 I CMSystemServer: Attempting to start service org.cyanogenmod.platform.internal.display.LiveDisplayService
09-16 08:05:14.015  3657  4784 I ServiceThread: Enabled StrictMode logging for LiveDisplay looper.
09-16 08:05:14.017  3657  3657 I CMSystemServer: Starting service org.cyanogenmod.platform.internal.display.LiveDisplayService
09-16 08:05:14.017  3657  3657 I SystemServiceManager: Starting org.cyanogenmod.platform.internal.display.LiveDisplayService
09-16 08:05:14.018  3657  4785 I ServiceThread: Enabled StrictMode logging for LiveDisplay looper.
09-16 08:05:14.019  3657  3657 I CMSystemServer: Attempting to start service org.cyanogenmod.platform.internal.CMAudioServiceBroker
09-16 08:05:14.019  3657  3657 I CMSystemServer: Starting service org.cyanogenmod.platform.internal.CMAudioServiceBroker
09-16 08:05:14.019  3657  3657 I SystemServiceManager: Starting org.cyanogenmod.platform.internal.CMAudioServiceBroker
09-16 08:05:14.020  3657  3657 I SystemServiceManager: Starting com.android.server.retaildemo.RetailDemoModeService
09-16 08:05:14.020  3657  4786 I ServiceThread: Enabled StrictMode logging for RetailDemoModeService looper.
09-16 08:05:14.194  3657  3657 I LockSettingsService: Migrated lock settings to new location
09-16 08:05:14.208  3657  3657 I LockSettingsService: Migrated per-user lock settings to new location
09-16 08:05:14.234  3657  3657 I LockSettingsService: Migrated biometric weak to use the fallback instead
09-16 08:05:14.246  3657  3657 I LockSettingsService: Migrated lockscreen disabled flag
09-16 08:05:14.257  3657  3657 E LockSettingsStorage: Cannot read file java.io.FileNotFoundException: /data/system/gatekeeper.password.key: open failed: ENOENT (No such file or directory)
09-16 08:05:14.258  3657  3657 E LockSettingsStorage: Cannot read file java.io.FileNotFoundException: /data/system/password.key: open failed: ENOENT (No such file or directory)
09-16 08:05:14.258  3657  3657 E LockSettingsStorage: Cannot read file java.io.FileNotFoundException: /data/system/gatekeeper.pattern.key: open failed: ENOENT (No such file or directory)
09-16 08:05:14.258  3657  3657 E LockSettingsStorage: Cannot read file java.io.FileNotFoundException: /data/system/gatekeeper.gesture.key: open failed: ENOENT (No such file or directory)
09-16 08:05:14.259  3657  3657 E LockSettingsStorage: Cannot read file java.io.FileNotFoundException: /data/system/gesture.key: open failed: ENOENT (No such file or directory)
09-16 08:05:14.259  3657  3657 I SystemServiceManager: Starting phase 480
09-16 08:05:14.263  3657  3657 I SystemServiceManager: Starting phase 500
09-16 08:05:14.272  3657  3657 I WifiService: WifiService starting up with Wi-Fi enabled
09-16 08:05:14.274  3657  3657 D WifiService: setWifiEnabled: true pid=3657, uid=1000
09-16 08:05:14.275  3657  4743 I chatty  : uid=1000(system) WifiService expire 2 lines
09-16 08:05:14.284  3657  4748 D ConnectivityService: Got NetworkFactory Messenger for Ethernet
09-16 08:05:14.284  3657  4803 I chatty  : uid=1000(system) EthernetService expire 1 line
09-16 08:05:14.303  3657  3657 D ZenLog  : config: cleanUpZenRules,ZenModeConfig[user=0,allowCalls=true,allowRepeatCallers=false,allowMessages=false,allowCallsFrom=contacts,allowMessagesFrom=contacts,allowReminders=true,allowEvents=true,allowWhenScreenOff=true,allowWhenScreenOn=true,automaticRules={11902eb644fb4f1bad522361cfd09df1=ZenRule[enabled=false,snoozing=false,name=Event,zenMode=ZEN_MODE_ALARMS,conditionId=condition://android/event?userId=-10000&calendar=&reply=1,condition=null,component=ComponentInfo{android/com.android.server.notification.EventConditionProvider},id=11902eb644fb4f1bad522361cfd09df1,creationTime=1505559912452,enabler=null], 3998db044e384b349e6dfdf54d3b46f2=ZenRule[enabled=false,snoozing=false,name=Weekend,zenMode=ZEN_MODE_ALARMS,conditionId=condition://android/schedule?days=6.7&start=23.30&end=10.0&exitAtAlarm=false,condition=null,component=ComponentInfo{android/com.android.server.notification.ScheduleConditionProvider},id=3998db044e384b349e6dfdf54d3b46f2,creationTime=1505559912451,enabler=null], 0fa18ffa15b446f49a424f32647fd1e2=ZenRule[enabled=false,snoozing=false,name=Weeknight,zenMode=ZEN_MODE_ALARMS,conditionId=condition://android/schedule?days=1.2.3.4.5&start=22.0&end=7.0&exitAtAlarm=false,condition=null,component=ComponentInfo{android/com.android.server.notification.ScheduleConditionProvider},id=0fa18ffa15b446f49a424f32647fd1e2,creationTime=1505559912451,enabler=null]},manualRule=null],Diff[]
09-16 08:05:14.304  3657  3657 D ZenLog  : set_zen_mode: off,onSystemReady
09-16 08:05:14.307  3273  3273 D PermissionCache: checking android.permission.CAPTURE_AUDIO_HOTWORD for uid=1000 => granted (256 us)
09-16 08:05:14.307  3657  3657 W SoundTriggerHelper: listModules status=0, # of modules=0
09-16 08:05:14.312  3657  3657 E PerformanceManager: System is not ready, dropping profile request
09-16 08:05:14.371  3657  3753 W LocalDisplayAdapter: Unable to find color mode 0, ignoring request.
09-16 08:05:14.373  3657  3657 D VoldConnector: SND -> {4 volume remount_uid 1001 none}
09-16 08:05:14.374  3077  3146 D vold    : Remounting 1001 as mode none
09-16 08:05:14.375  3146  3146 I vold    : type=1400 audit(0.0:117): avc: denied { read } for name="3074" dev="proc" ino=20629 scontext=u:r:vold:s0 tcontext=u:r:logd:s0 tclass=dir permissive=1
09-16 08:05:14.375  3146  3146 I vold    : type=1400 audit(0.0:117): avc: denied { open } for path="/proc/3074" dev="proc" ino=20629 scontext=u:r:vold:s0 tcontext=u:r:logd:s0 tclass=dir permissive=1
09-16 08:05:14.375  3146  3146 W vold    : type=1300 audit(0.0:117): arch=c00000b7 syscall=56 success=yes exit=20 a0=13 a1=7fa2c875d3 a2=84000 a3=0 items=0 ppid=1 auid=4294967295 uid=0 gid=0 euid=0 suid=0 fsuid=0 egid=0 sgid=0 fsgid=0 tty=(none) ses=4294967295 exe="/system/bin/vold" subj=u:r:vold:s0 key=(null)
09-16 08:05:14.375  3085  3085 W auditd  : type=1327 audit(0.0:117): proctitle=2F73797374656D2F62696E2F766F6C64002D2D626C6B69645F636F6E746578743D753A723A626C6B69643A7330002D2D626C6B69645F756E747275737465645F636F6E746578743D753A723A626C6B69645F756E747275737465643A7330002D2D6673636B5F636F6E746578743D753A723A6673636B3A7330002D2D6673636B
09-16 08:05:14.375  3085  3085 W auditd  : type=1320 audit(0.0:117): 
09-16 08:05:14.375  3146  3146 I vold    : type=1400 audit(0.0:118): avc: denied { getattr } for path="/proc/3074" dev="proc" ino=20629 scontext=u:r:vold:s0 tcontext=u:r:logd:s0 tclass=dir permissive=1
09-16 08:05:14.375  3146  3146 W vold    : type=1300 audit(0.0:118): arch=c00000b7 syscall=80 success=yes exit=0 a0=14 a1=7fa2aff658 a2=84000 a3=0 items=0 ppid=1 auid=4294967295 uid=0 gid=0 euid=0 suid=0 fsuid=0 egid=0 sgid=0 fsgid=0 tty=(none) ses=4294967295 exe="/system/bin/vold" subj=u:r:vold:s0 key=(null)
09-16 08:05:14.375  3085  3085 W auditd  : type=1327 audit(0.0:118): proctitle=2F73797374656D2F62696E2F766F6C64002D2D626C6B69645F636F6E746578743D753A723A626C6B69643A7330002D2D626C6B69645F756E747275737465645F636F6E746578743D753A723A626C6B69645F756E747275737465643A7330002D2D6673636B5F636F6E746578743D753A723A6673636B3A7330002D2D6673636B
09-16 08:05:14.375  3085  3085 W auditd  : type=1320 audit(0.0:118): 
09-16 08:05:14.378  3077  3146 D vold    : Found matching PID 3264
09-16 08:05:14.378  3077  3146 W vold    : Skipping due to root namespace
09-16 08:05:14.378  3077  3146 D vold    : Found matching PID 3267
09-16 08:05:14.378  3077  3146 W vold    : Skipping due to root namespace
09-16 08:05:14.379  3657  4095 D VoldConnector: RCV <- {200 4 Command succeeded}
09-16 08:05:14.380  3657  3657 D VoldConnector: SND -> {5 volume remount_uid 1001 none}
09-16 08:05:14.381  3077  3146 D vold    : Remounting 1001 as mode none
09-16 08:05:14.384  3077  3146 D vold    : Found matching PID 3264
09-16 08:05:14.384  3077  3146 W vold    : Skipping due to root namespace
09-16 08:05:14.384  3077  3146 D vold    : Found matching PID 3267
09-16 08:05:14.384  3077  3146 W vold    : Skipping due to root namespace
09-16 08:05:14.384  3657  4095 D VoldConnector: RCV <- {200 5 Command succeeded}
09-16 08:05:14.387  3657  3657 D VoldConnector: SND -> {6 volume remount_uid 1027 none}
09-16 08:05:14.388  3077  3146 D vold    : Remounting 1027 as mode none
09-16 08:05:14.391  3657  4095 D VoldConnector: RCV <- {200 6 Command succeeded}
09-16 08:05:14.392  3657  3657 D VoldConnector: SND -> {7 volume remount_uid 1027 none}
09-16 08:05:14.393  3077  3146 D vold    : Remounting 1027 as mode none
09-16 08:05:14.396  3657  4095 D VoldConnector: RCV <- {200 7 Command succeeded}
09-16 08:05:14.398  3657  3657 D VoldConnector: SND -> {8 volume remount_uid 1000 none}
09-16 08:05:14.399  3077  3146 D vold    : Remounting 1000 as mode none
09-16 08:05:14.402  3077  3146 D vold    : Found matching PID 3151
09-16 08:05:14.402  3077  3146 W vold    : Skipping due to root namespace
09-16 08:05:14.402  3077  3146 D vold    : Found matching PID 3254
09-16 08:05:14.402  3077  3146 W vold    : Skipping due to root namespace
09-16 08:05:14.402  3077  3146 D vold    : Found matching PID 3255
09-16 08:05:14.402  3077  3146 W vold    : Skipping due to root namespace
09-16 08:05:14.402  3077  3146 D vold    : Found matching PID 3282
09-16 08:05:14.402  3077  3146 W vold    : Skipping due to root namespace
09-16 08:05:14.402  3077  3146 D vold    : Found matching PID 3284
09-16 08:05:14.402  3077  3146 W vold    : Skipping due to root namespace
09-16 08:05:14.402  3077  3146 D vold    : Found matching PID 3657
09-16 08:05:14.434  3657  4095 D VoldConnector: RCV <- {200 8 Command succeeded}
09-16 08:05:14.435  3657  3657 D VoldConnector: SND -> {9 volume remount_uid 1000 none}
09-16 08:05:14.436  3077  3146 D vold    : Remounting 1000 as mode none
09-16 08:05:14.439  3077  3146 D vold    : Found matching PID 3151
09-16 08:05:14.439  3077  3146 W vold    : Skipping due to root namespace
09-16 08:05:14.439  3077  3146 D vold    : Found matching PID 3254
09-16 08:05:14.439  3077  3146 W vold    : Skipping due to root namespace
09-16 08:05:14.439  3077  3146 D vold    : Found matching PID 3255
09-16 08:05:14.439  3077  3146 W vold    : Skipping due to root namespace
09-16 08:05:14.439  3077  3146 D vold    : Found matching PID 3282
09-16 08:05:14.439  3077  3146 W vold    : Skipping due to root namespace
09-16 08:05:14.439  3077  3146 D vold    : Found matching PID 3284
09-16 08:05:14.439  3077  3146 W vold    : Skipping due to root namespace
09-16 08:05:14.439  3077  3146 D vold    : Found matching PID 3657
09-16 08:05:14.440  3657  4095 D VoldConnector: RCV <- {200 9 Command succeeded}
09-16 08:05:14.448  3657  3657 D VoldConnector: SND -> {10 volume remount_uid 2000 none}
09-16 08:05:14.449  3077  3146 D vold    : Remounting 2000 as mode none
09-16 08:05:14.452  3657  4095 D VoldConnector: RCV <- {200 10 Command succeeded}
09-16 08:05:14.454  3657  3657 D VoldConnector: SND -> {11 volume remount_uid 2000 none}
09-16 08:05:14.455  3077  3146 D vold    : Remounting 2000 as mode none
09-16 08:05:14.457  3657  4095 D VoldConnector: RCV <- {200 11 Command succeeded}
09-16 08:05:14.460  3657  3657 D VoldConnector: SND -> {12 volume remount_uid 10033 none}
09-16 08:05:14.461  3077  3146 D vold    : Remounting 10033 as mode none
09-16 08:05:14.464  3657  4095 D VoldConnector: RCV <- {200 12 Command succeeded}
09-16 08:05:14.465  3657  3657 D VoldConnector: SND -> {13 volume remount_uid 10033 none}
09-16 08:05:14.466  3077  3146 D vold    : Remounting 10033 as mode none
09-16 08:05:14.469  3657  4095 D VoldConnector: RCV <- {200 13 Command succeeded}
09-16 08:05:14.472  3657  3657 D VoldConnector: SND -> {14 volume remount_uid 1002 none}
09-16 08:05:14.473  3077  3146 D vold    : Remounting 1002 as mode none
09-16 08:05:14.476  3657  4095 D VoldConnector: RCV <- {200 14 Command succeeded}
09-16 08:05:14.477  3657  3657 D VoldConnector: SND -> {15 volume remount_uid 1002 none}
09-16 08:05:14.478  3077  3146 D vold    : Remounting 1002 as mode none
09-16 08:05:14.481  3657  4095 D VoldConnector: RCV <- {200 15 Command succeeded}
09-16 08:05:14.484  3657  3657 W VoiceInteractionManagerService: no available voice interaction services found for user 0
09-16 08:05:14.484  3657  3657 W VoiceInteractionManagerService: no available voice recognition services found for user 0
09-16 08:05:14.506  3657  3755 W KeyguardServiceDelegate: onScreenTurningOn(): no keyguard service!
09-16 08:05:14.513  3657  3657 D VoldConnector: SND -> {16 volume remount_uid 10024 none}
09-16 08:05:14.514  3077  3146 D vold    : Remounting 10024 as mode none
09-16 08:05:14.517  3657  4095 D VoldConnector: RCV <- {200 16 Command succeeded}
09-16 08:05:14.519  3657  3657 D VoldConnector: SND -> {17 volume remount_uid 10042 none}
09-16 08:05:14.520  3077  3146 D vold    : Remounting 10042 as mode none
09-16 08:05:14.523  3657  4095 D VoldConnector: RCV <- {200 17 Command succeeded}
09-16 08:05:14.524  3657  3657 D VoldConnector: SND -> {18 volume remount_uid 10042 none}
09-16 08:05:14.525  3077  3146 D vold    : Remounting 10042 as mode none
09-16 08:05:14.528  3657  4095 D VoldConnector: RCV <- {200 18 Command succeeded}
09-16 08:05:14.529  3657  3657 D VoldConnector: SND -> {19 volume remount_uid 10010 none}
09-16 08:05:14.530  3077  3146 D vold    : Remounting 10010 as mode none
09-16 08:05:14.533  3657  4095 D VoldConnector: RCV <- {200 19 Command succeeded}
09-16 08:05:14.534  3657  3657 D VoldConnector: SND -> {20 volume remount_uid 10010 none}
09-16 08:05:14.535  3077  3146 D vold    : Remounting 10010 as mode none
09-16 08:05:14.538  3657  4095 D VoldConnector: RCV <- {200 20 Command succeeded}
09-16 08:05:14.540  3657  3657 D VoldConnector: SND -> {21 volume remount_uid 10012 none}
09-16 08:05:14.541  3077  3146 D vold    : Remounting 10012 as mode none
09-16 08:05:14.543  3657  4095 D VoldConnector: RCV <- {200 21 Command succeeded}
09-16 08:05:14.545  3657  3657 D VoldConnector: SND -> {22 volume remount_uid 10012 none}
09-16 08:05:14.546  3077  3146 D vold    : Remounting 10012 as mode none
09-16 08:05:14.549  3657  4095 D VoldConnector: RCV <- {200 22 Command succeeded}
09-16 08:05:14.560  3657  3657 D VoldConnector: SND -> {23 volume remount_uid 10004 none}
09-16 08:05:14.561  3077  3146 D vold    : Remounting 10004 as mode none
09-16 08:05:14.564  3657  4095 D VoldConnector: RCV <- {200 23 Command succeeded}
09-16 08:05:14.565  3657  3657 D VoldConnector: SND -> {24 volume remount_uid 10004 none}
09-16 08:05:14.566  3077  3146 D vold    : Remounting 10004 as mode none
09-16 08:05:14.569  3657  4095 D VoldConnector: RCV <- {200 24 Command succeeded}
09-16 08:05:14.580  3657  3657 D VoldConnector: SND -> {25 volume remount_uid 10021 none}
09-16 08:05:14.581  3077  3146 D vold    : Remounting 10021 as mode none
09-16 08:05:14.584  3657  4095 D VoldConnector: RCV <- {200 25 Command succeeded}
09-16 08:05:14.585  3657  3657 D VoldConnector: SND -> {26 volume remount_uid 10021 none}
09-16 08:05:14.586  3077  3146 D vold    : Remounting 10021 as mode none
09-16 08:05:14.589  3657  4095 D VoldConnector: RCV <- {200 26 Command succeeded}
09-16 08:05:14.595  3657  3657 D VoldConnector: SND -> {27 volume remount_uid 10013 none}
09-16 08:05:14.596  3077  3146 D vold    : Remounting 10013 as mode none
09-16 08:05:14.599  3657  4095 D VoldConnector: RCV <- {200 27 Command succeeded}
09-16 08:05:14.602  3657  3657 D VoldConnector: SND -> {28 volume remount_uid 10013 none}
09-16 08:05:14.603  3077  3146 D vold    : Remounting 10013 as mode none
09-16 08:05:14.605  3657  4095 D VoldConnector: RCV <- {200 28 Command succeeded}
09-16 08:05:14.609  3657  3657 D VoldConnector: SND -> {29 volume remount_uid 10026 none}
09-16 08:05:14.609  3077  3146 D vold    : Remounting 10026 as mode none
09-16 08:05:14.612  3657  4095 D VoldConnector: RCV <- {200 29 Command succeeded}
09-16 08:05:14.614  3657  3657 D VoldConnector: SND -> {30 volume remount_uid 10026 none}
09-16 08:05:14.615  3077  3146 D vold    : Remounting 10026 as mode none
09-16 08:05:14.618  3657  4095 D VoldConnector: RCV <- {200 30 Command succeeded}
09-16 08:05:14.620  3657  3657 V UserManagerService: Found /data/user_de/0 with serial number -1
09-16 08:05:14.620  3657  3657 D UserManagerService: Serial number missing on /data/user_de/0; assuming current is valid
09-16 08:05:14.621  3657  3657 V UserManagerService: Found /data/user/0 with serial number -1
09-16 08:05:14.621  3657  3657 D UserManagerService: Serial number missing on /data/user/0; assuming current is valid
09-16 08:05:14.621  3657  3657 V UserManagerService: Found /data/system_de/0 with serial number -1
09-16 08:05:14.621  3657  3657 D UserManagerService: Serial number missing on /data/system_de/0; assuming current is valid
09-16 08:05:14.625  3657  3657 I ActivityManager: System now ready
09-16 08:05:14.627  3657  3657 I SystemServer: Making services ready
09-16 08:05:14.627  3657  3657 I SystemServiceManager: Starting phase 550
09-16 08:05:14.631  3657  3657 D BluetoothManagerService: Bluetooth boot completed
09-16 08:05:14.631  3657  3657 D BluetoothManagerService: Getting adapter name and address
09-16 08:05:14.631  3657  3752 D BluetoothManagerService: MESSAGE_GET_NAME_AND_ADDRESS
09-16 08:05:14.631  3657  3752 D BluetoothManagerService: Binding to service to get name and address
09-16 08:05:14.644  3657  3752 I chatty  : uid=1000(system) android.io expire 2 lines
09-16 08:05:14.657  3272  3272 I art     : Starting a blocking GC Background
09-16 08:05:14.701  3657  3752 W ActivityManager: Slow operation: 69ms so far, now at startProcess: returned from zygote!
09-16 08:05:14.701  3657  3752 W ActivityManager: Slow operation: 69ms so far, now at startProcess: done updating battery stats
09-16 08:05:14.701  3657  3752 W ActivityManager: Slow operation: 69ms so far, now at startProcess: building log message
09-16 08:05:14.702  3657  3752 I ActivityManager: Start proc 4808:com.android.bluetooth/1002 for service com.android.bluetooth/.btservice.AdapterService
09-16 08:05:14.702  3657  3752 W ActivityManager: Slow operation: 69ms so far, now at startProcess: starting to update pids map
09-16 08:05:14.702  3657  3752 W ActivityManager: Slow operation: 69ms so far, now at startProcess: done updating pids map
09-16 08:05:14.702  3657  3752 W ActivityManager: Slow operation: 69ms so far, now at startProcess: done starting proc!
09-16 08:05:14.713  3657  3657 E InputMethodManagerService: Ignoring updateSystemUiLocked due to an invalid token. uid:1000 token:null
09-16 08:05:14.757  4808  4808 E BluetoothVendorJni: register_com_android_bluetooth_btservice_vendor:
09-16 08:05:14.763  3657  3722 I chatty  : uid=1000(system) Binder:3657_2 expire 4 lines
09-16 08:05:14.773  4808  4808 D AdapterServiceConfig: addA2dpProfile: isA2dpSinkEnabled = falseisHfpClientEnabled false serviceName HeadsetService
09-16 08:05:14.773  4808  4808 D AdapterServiceConfig: Adding HeadsetService
09-16 08:05:14.773  4808  4808 D AdapterServiceConfig: addA2dpProfile: isA2dpSinkEnabled = falseisHfpClientEnabled false serviceName A2dpService
09-16 08:05:14.773  4808  4808 D AdapterServiceConfig: Adding A2dpService
09-16 08:05:14.773  4808  4808 D AdapterServiceConfig: addA2dpProfile: isA2dpSinkEnabled = falseisHfpClientEnabled false serviceName HidService
09-16 08:05:14.773  4808  4808 D AdapterServiceConfig: Adding HidService
09-16 08:05:14.774  4808  4808 D AdapterServiceConfig: addA2dpProfile: isA2dpSinkEnabled = falseisHfpClientEnabled false serviceName HealthService
09-16 08:05:14.774  4808  4808 D AdapterServiceConfig: Adding HealthService
09-16 08:05:14.774  4808  4808 D AdapterServiceConfig: addA2dpProfile: isA2dpSinkEnabled = falseisHfpClientEnabled false serviceName PanService
09-16 08:05:14.774  4808  4808 D AdapterServiceConfig: Adding PanService
09-16 08:05:14.774  4808  4808 D AdapterServiceConfig: addA2dpProfile: isA2dpSinkEnabled = falseisHfpClientEnabled false serviceName GattService
09-16 08:05:14.774  4808  4808 D AdapterServiceConfig: Adding GattService
09-16 08:05:14.774  4808  4808 D AdapterServiceConfig: addA2dpProfile: isA2dpSinkEnabled = falseisHfpClientEnabled false serviceName BluetoothMapService
09-16 08:05:14.774  4808  4808 D AdapterServiceConfig: Adding BluetoothMapService
09-16 08:05:14.800  4808  4808 E BluetoothVendorJni: register_com_android_bluetooth_btservice_vendor:
09-16 08:05:14.809  3657  3657 W InputMethodManagerService: Reset the default IME as "Resource" is ready here.
09-16 08:05:14.825  4808  4808 D BluetoothAdapterService: onCreate()
09-16 08:05:14.826  3282  4779 D bauth_FPBAuthService: pcf : 0x1011
09-16 08:05:14.826  3282  4779 E bauth_FPBAuthServiceStorage:  FPBAuthServiceStorage::readCALIBRATIONMetaData fileopen error : 2
09-16 08:05:14.826  3282  4779 E bauth_FPBAuthService: retrieveMetaData is not existed : 262
09-16 08:05:14.826  3282  4779 I TLC_BAUTH: Call FP cmd 0xc (30);1562
09-16 08:05:14.826  3282  4779 I TLC_BAUTH: status : 0, cmd : 0x0x0 rsp : 0x0x0;1599
09-16 08:05:14.826  3282  4779 E TLC_BAUTH:   *****************************
09-16 08:05:14.826  3282  4779 E TLC_BAUTH:   *** ERROR: TZ Session is not opened properly - Ignore
09-16 08:05:14.826  3282  4779 E TLC_BAUTH:   *** Detected in BAuth_Control_OP/1599()
09-16 08:05:14.826  3282  4779 E TLC_BAUTH:   *****************************
09-16 08:05:14.826  3282  4779 D bauth_FPBAuthService: check_opcode status = 5, opcode = 30, func_ret_val = 29, function_status = 0, timeout = 0
09-16 08:05:14.826  3282  4779 E bauth_FPBAuthService: check_opcode func_ret_val error = 29
09-16 08:05:14.826  3282  4779 I TLC_BAUTH: Call FUNC ID 0x4;696
09-16 08:05:14.826  3282  4779 I TLC_BAUTH: Trustlet Session is not opened. status : 0;822
09-16 08:05:14.826  3282  4779 I TLC_BAUTH: FUNC ID 0x4 is completed;828
09-16 08:05:14.826  3282  4779 D bauth_FPBAuthSensorControl: FPBAuthSensorControl, 304
09-16 08:05:14.826  3282  4779 D bauth_FPBAuthService: FPBAuthService, 688
09-16 08:05:14.826  3282  4779 D bauth_FPBAuthService: FPBAuthService, 7477
09-16 08:05:14.826  3282  4779 D bauth_service: BAuthService, 85
09-16 08:05:14.826  3282  4779 D bauth_FPBAuthService: FPBAuthService, 7272
09-16 08:05:14.827  4808  4808 I BluetoothVendorJni: classInitNative: succeeds
09-16 08:05:14.828  4808  4808 D BluetoothAdapterState: make() - Creating AdapterState
09-16 08:05:14.832  4808  4825 I BluetoothAdapterState: Entering OffState
09-16 08:05:14.832  4808  4808 I bt_btif : init
09-16 08:05:14.832  4808  4826 W bt_osi_thread: run_thread: thread id 4826, thread name stack_manager started
09-16 08:05:14.832  4808  4826 I bt_stack_manager: event_init_stack is initializing the stack
09-16 08:05:14.832  4808  4826 I bt_core_module: module_init Initializing module "osi_module"
09-16 08:05:14.832  4808  4826 I bt_core_module: module_init Initialized module "osi_module"
09-16 08:05:14.832  4808  4826 I bt_core_module: module_init Initializing module "bt_utils_module"
09-16 08:05:14.832  4808  4826 I bt_utils: init_soc_type
09-16 08:05:14.832  4808  4826 I bt_utils: qcom.bluetooth.soc set to rome
09-16 08:05:14.832  4808  4826 I bt_core_module: module_init Initialized module "bt_utils_module"
09-16 08:05:14.832  4808  4826 I bt_core_module: module_init Initializing module "btif_config_module"
09-16 08:05:14.858  4808  4826 E bt_osi_config: config_new unable to open file '/data/misc/bluedroid/bt_config.conf': No such file or directory
09-16 08:05:14.859  4808  4826 W %s unable to load config file: %s; using backup.: init
09-16 08:05:14.859  4808  4826 E bt_osi_config: config_new unable to open file '/data/misc/bluedroid/bt_config.bak': No such file or directory
09-16 08:05:14.859  4808  4826 W %s unable to load backup; attempting to transcode legacy file.: init
09-16 08:05:14.859  4808  4826 E %s unable to load XML file '%s': %d: config_t *btif_config_transcode(const char *)
09-16 08:05:14.859  4808  4826 E %s unable to transcode legacy file; creating empty config.: init
09-16 08:05:14.859  4808  4829 W bt_osi_thread: run_thread: thread id 4829, thread name alarm_default_ca started
09-16 08:05:14.859  4808  4830 W bt_osi_thread: run_thread: thread id 4830, thread name alarm_dispatcher started
09-16 08:05:14.859  4808  4826 I bt_core_module: module_init Initialized module "btif_config_module"
09-16 08:05:14.859  4808  4826 I bt_core_module: module_init Initializing module "interop_module"
09-16 08:05:14.859  4808  4826 I bt_core_module: module_init Initialized module "interop_module"
09-16 08:05:14.859  4808  4826 I bt_core_module: module_init Initializing module "stack_config_module"
09-16 08:05:14.859  4808  4826 I bt_stack_config: init attempt to load stack conf from /etc/bluetooth/bt_stack.conf
09-16 08:05:14.860  4808  4826 I bt_core_module: module_init Initialized module "stack_config_module"
09-16 08:05:14.860  4808  4831 W bt_osi_thread: run_thread: thread id 4831, thread name bt_jni_workqueue started
09-16 08:05:14.860  4808  4826 I bt_stack_manager: event_init_stack finished
09-16 08:05:14.861  4808  4808 I bt_btif : get_profile_interface socket
09-16 08:05:14.863  4808  4831 D BluetoothAdapterProperties: Address is:90:06:28:83:34:F4
09-16 08:05:14.865  4808  4831 D BluetoothAdapterProperties: Name is: Samsung Galaxy S7 Edge
09-16 08:05:14.867  4808  4808 I bt_btif : get_profile_interface sdp
09-16 08:05:14.870  4808  4808 I bt_btif : get_profile_interface vendor
09-16 08:05:14.870  4808  4808 D BluetoothAdapterService: setAdapterService() - set to: null
09-16 08:05:14.871  4808  4808 D BluetoothAdapterService: onBind()
09-16 08:05:14.883  3281  3647 D SoftapController: Softap fwReload - Ok
09-16 08:05:14.885  3657  3657 I InputMethodManagerService: Default found, using com.android.inputmethod.latin/.LatinIME
09-16 08:05:14.886  3657  3657 W InputMethodManagerService: Illegal subtype state: old subtype = null, new subtype = android.view.inputmethod.InputMethodSubtype@c9194f98
09-16 08:05:14.888  3281  3647 D CommandListener: Setting iface cfg
09-16 08:05:14.888  3281  3647 D CommandListener: Trying to bring down wlan0
09-16 08:05:14.890  3281  3647 D CommandListener: Clearing all IP addresses on wlan0
09-16 08:05:14.902  3657  3657 I ActivityManager: Start proc 4832:com.android.inputmethod.latin/u0a64 for service com.android.inputmethod.latin/.LatinIME
09-16 08:05:14.902  3657  3657 V InputMethodManagerService: Adding window token: android.os.Binder@ad6b56a
09-16 08:05:14.903  3657  4094 D MountService: Thinking about init, mSystemReady=true, mDaemonConnected=true
09-16 08:05:14.903  3657  4094 D MountService: Setting up emulation state, initlocked=false
09-16 08:05:14.903  3657  4094 D CryptdConnector: SND -> {2 cryptfs unlock_user_key 0 0 ! !}
09-16 08:05:14.904  3077  3147 D vold    : e4crypt_unlock_user_key 0 serial=0 token_present=0
09-16 08:05:14.904  3077  3147 E vold    : Failed to chmod /data/system_ce/0: No such file or directory
09-16 08:05:14.904  3077  3147 E vold    : Failed to chmod /data/misc_ce/0: No such file or directory
09-16 08:05:14.904  3657  4096 D CryptdConnector: RCV <- {200 2 Command succeeded}
09-16 08:05:14.905  3657  4094 D MountService: Thinking about reset, mSystemReady=true, mDaemonConnected=true
09-16 08:05:14.906  3273  3474 D audio_hw_primary_abox: device-adev_set_parameters: enter with key(A2dpSuspended=false)
09-16 08:05:14.906  3657  4094 D VoldConnector: SND -> {31 volume reset}
09-16 08:05:14.906  3273  3474 D audio_hw_primary_abox: device-adev_set_parameters: exit
09-16 08:05:14.906  3657  3724 I ActivityManager: Force stopping com.android.providers.media appid=10010 user=-1: vold reset
09-16 08:05:14.907  3657  3657 D UsbAlsaManager: Adding ALSA device AlsaDevice: [card: 1, device: 19, type: 2]
09-16 08:05:14.907  3077  3146 V vold    : /system/bin/sgdisk
09-16 08:05:14.907  3077  3146 V vold    :     --android-dump
09-16 08:05:14.907  3077  3146 V vold    :     /dev/block/vold/disk:179_0
