09-08 14:25:42.011  4676  4716 I MessagingApp: Carrier configs loaded: Bundle[{httpSocketTimeout=60000, aliasMinChars=2, smsToMmsTextThreshold=-1, enableSMSDeliveryReports=true, maxMessageTextSize=-1, supportMmsContentDisposition=true, enabledTransID=false, aliasEnabled=false, supportHttpCharsetHeader=false, allowAttachAudio=true, smsToMmsTextLengthThreshold=-1, recipientLimit=2147483647, uaProfTagName=x-wap-profile, aliasMaxChars=48, maxImageHeight=480, enableMMSDeliveryReports=false, userAgent=, mmsCloseConnection=false, config_cellBroadcastAppLinks=true, maxSubjectLength=40, httpParams=, enableGroupMms=true, emailGatewayNumber=, maxMessageSize=307200, naiSuffix=, enableMMSReadReports=false, maxImageWidth=640, uaProfUrl=, enabledMMS=true, enabledNotifyWapMMSC=false, sendMultipartSmsAsSeparateMessages=false, enableMultipartSMS=true}] from resources+system for subId=1
09-08 14:25:42.030  4594  4594 I CalendarProvider2: Sending notification intent: Intent { act=android.intent.action.PROVIDER_CHANGED dat=content://com.android.calendar flg=0x20000000 }
09-08 14:25:42.031  4594  4594 W ContentResolver: Failed to get type for: content://com.android.calendar (Unknown URL content://com.android.calendar)
09-08 14:25:42.150  4310  4731 D AudioFx-AudioOutputChangeListener: onAudioOutputChanged id: 9 type: 3 name: SM-G955F address:  [android.media.AudioDeviceInfo@28681ba]
09-08 14:25:42.185  4494  4494 D ReportingServiceManager: Next sync attempt in : 23 hours
09-08 14:25:42.197  3659  4226 I ActivityManager: Start proc 4735:org.lineageos.updater/u0a29 for broadcast org.lineageos.updater/.UpdatesCheckReceiver
09-08 14:25:42.215  4676  4728 I MessagingAppDataModel: SyncMessagesAction: All messages now in sync
09-08 14:25:42.231  4735  4735 W System  : ClassLoader referenced unknown path: /system/priv-app/Updater/lib/arm64
09-08 14:25:42.349  4735  4735 D UpdatesCheckReceiver: Setting daily updates check: Sat Sep 09 14:26:09 GMT-03:00 2017
09-08 14:25:42.353  4735  4735 D UpdatesCheckReceiver: Network not available, scheduling new check
09-08 14:25:42.356  4735  4735 D UpdatesCheckReceiver: Setting one-shot updates check: Fri Sep 08 16:25:42 GMT-03:00 2017
09-08 14:25:42.361  4118  4118 D CellBroadcastReceiver: onReceive Intent { act=android.intent.action.SIM_STATE_CHANGED flg=0x4000010 cmp=com.android.cellbroadcastreceiver/.CellBroadcastReceiver (has extras) }
09-08 14:25:42.362  4118  4118 D CellBroadcastReceiver: Default interval 0 did not change.
09-08 14:25:42.370  3955  3955 D SimSelectNotification:  no of slots 2 provision = true
09-08 14:25:42.373  4118  4118 D CellBroadcastReceiver: onReceive Intent { act=android.intent.action.SIM_STATE_CHANGED flg=0x4000010 cmp=com.android.cellbroadcastreceiver/.CellBroadcastReceiver (has extras) }
09-08 14:25:42.377  3939  3939 I VvmSimChangeReceiver: Sim removed, removing inactive accounts
09-08 14:25:42.383  3955  3955 D SimSelectNotification:  no of slots 2 provision = true
09-08 14:25:42.388  4118  4118 D CellBroadcastReceiver: onReceive Intent { act=android.intent.action.ACTION_DEFAULT_SMS_SUBSCRIPTION_CHANGED flg=0x20000010 cmp=com.android.cellbroadcastreceiver/.CellBroadcastReceiver (has extras) }
09-08 14:25:42.389  4118  4118 D CellBroadcastReceiver: Start Cell Broadcast configuration.
09-08 14:25:42.399  4118  4752 D CellBroadcastConfigService: Enable CellBroadcast on sub 1
09-08 14:25:42.413  4118  4118 D CellBroadcastReceiver: onReceive Intent { act=android.intent.action.SERVICE_STATE flg=0x10 cmp=com.android.cellbroadcastreceiver/.CellBroadcastReceiver (has extras) }
09-08 14:25:42.413  4118  4118 D CellBroadcastReceiver: Intent: android.intent.action.SERVICE_STATE
09-08 14:25:42.418  3939  3939 D VvmSimChangeReceiver: Carrier config changed
09-08 14:25:42.420  3939  3939 D VvmSimChangeReceiver: visual voicemail not supported for carrier 72234 on subId 1
09-08 14:25:42.439  3939  3952 D IccSmsInterfaceManager: [IccSmsInterfaceManager] Calling setCdmaBroadcastConfig with 1 configurations
09-08 14:25:42.466  3939  3952 D IccSmsInterfaceManager: [IccSmsInterfaceManager] Failed to add cdma broadcast subscription for MID range 4096 to 4096 from client com.android.cellbroadcastreceiver
09-08 14:25:42.468  3939  3939 I VvmSimChangeReceiver: Received SIM change for invalid subscription id.
09-08 14:25:42.473  4118  4118 D CellBroadcastReceiver: onReceive Intent { act=android.intent.action.SERVICE_STATE flg=0x10 cmp=com.android.cellbroadcastreceiver/.CellBroadcastReceiver (has extras) }
09-08 14:25:42.473  4118  4118 D CellBroadcastReceiver: Intent: android.intent.action.SERVICE_STATE
09-08 14:25:42.477  3939  4193 D IccSmsInterfaceManager: [IccSmsInterfaceManager] Calling setCdmaBroadcastConfig with 1 configurations
09-08 14:25:42.478  3939  4193 D IccSmsInterfaceManager: [IccSmsInterfaceManager] Failed to add cdma broadcast subscription for MID range 4097 to 4097 from client com.android.cellbroadcastreceiver
09-08 14:25:42.490  3939  4114 D IccSmsInterfaceManager: [IccSmsInterfaceManager] Calling setCdmaBroadcastConfig with 1 configurations
09-08 14:25:42.492  3939  4114 D IccSmsInterfaceManager: [IccSmsInterfaceManager] Failed to add cdma broadcast subscription for MID range 4098 to 4098 from client com.android.cellbroadcastreceiver
09-08 14:25:42.505  3939  3952 D IccSmsInterfaceManager: [IccSmsInterfaceManager] Calling setCdmaBroadcastConfig with 1 configurations
09-08 14:25:42.506  3939  3952 D IccSmsInterfaceManager: [IccSmsInterfaceManager] Failed to add cdma broadcast subscription for MID range 4099 to 4099 from client com.android.cellbroadcastreceiver
09-08 14:25:42.512  3939  4193 D IccSmsInterfaceManager: [IccSmsInterfaceManager] Failed to remove cdma broadcast subscription for MID range 4100 to 4100 from client com.android.cellbroadcastreceiver
09-08 14:25:42.518  3939  4223 D IccSmsInterfaceManager: [IccSmsInterfaceManager] Calling setGsmBroadcastConfig with 1 configurations
09-08 14:25:42.527  3939  4756 D SIP     : [SipPreferences] isReceivingCallsEnabled, option not set; use default value, exception: android.provider.Settings$SettingNotFoundException: sip_receive_calls
09-08 14:25:42.530  4567  4567 D AlertReceiver: onReceive: a=android.intent.action.PROVIDER_CHANGED Intent { act=android.intent.action.PROVIDER_CHANGED dat=content://com.android.calendar flg=0x20000010 cmp=com.android.calendar/.alerts.AlertReceiver }
09-08 14:25:42.541  3939  4223 D IccSmsInterfaceManager: [IccSmsInterfaceManager] Added GSM cell broadcast subscription for MID range 4352 to 4354 from client com.android.cellbroadcastreceiver
09-08 14:25:42.541  3939  4223 D IccSmsInterfaceManager: [IccSmsInterfaceManager] Calling setCellBroadcastActivation(true)
09-08 14:25:42.551  3939  3953 D IccSmsInterfaceManager: [IccSmsInterfaceManager] Calling setGsmBroadcastConfig with 2 configurations
09-08 14:25:42.557  3939  3953 D IccSmsInterfaceManager: [IccSmsInterfaceManager] Added GSM cell broadcast subscription for MID range 4356 to 4356 from client com.android.cellbroadcastreceiver
09-08 14:25:42.557  3939  3953 D IccSmsInterfaceManager: [IccSmsInterfaceManager] Calling setCellBroadcastActivation(true)
09-08 14:25:42.562  4567  4757 D AlertService: 0 Action = android.intent.action.PROVIDER_CHANGED
09-08 14:25:42.569  3939  4114 D IccSmsInterfaceManager: [IccSmsInterfaceManager] Failed to remove GSM cell broadcast subscription for MID range 4355 to 4355 from client com.android.cellbroadcastreceiver
09-08 14:25:42.577  3659  3815 I BroadcastQueue: Delay finish: com.cyanogenmod.lockclock/.ClockWidgetProvider
09-08 14:25:42.579  3939  4223 D IccSmsInterfaceManager: [IccSmsInterfaceManager] Calling setGsmBroadcastConfig with 3 configurations
09-08 14:25:42.585  3939  4223 D IccSmsInterfaceManager: [IccSmsInterfaceManager] Added GSM cell broadcast subscription for MID range 4370 to 4370 from client com.android.cellbroadcastreceiver
09-08 14:25:42.585  3939  4223 D IccSmsInterfaceManager: [IccSmsInterfaceManager] Calling setCellBroadcastActivation(true)
09-08 14:25:42.594  3939  3953 D IccSmsInterfaceManager: [IccSmsInterfaceManager] Calling setGsmBroadcastConfig with 4 configurations
09-08 14:25:42.599  3939  3953 D IccSmsInterfaceManager: [IccSmsInterfaceManager] Added GSM cell broadcast subscription for MID range 4371 to 4372 from client com.android.cellbroadcastreceiver
09-08 14:25:42.599  3939  3953 D IccSmsInterfaceManager: [IccSmsInterfaceManager] Calling setCellBroadcastActivation(true)
09-08 14:25:42.605  3659  3814 I BroadcastQueue: Resuming delayed broadcast
09-08 14:25:42.613  3939  4114 D IccSmsInterfaceManager: [IccSmsInterfaceManager] Calling setGsmBroadcastConfig with 4 configurations
09-08 14:25:42.619  3939  4114 D IccSmsInterfaceManager: [IccSmsInterfaceManager] Added GSM cell broadcast subscription for MID range 4373 to 4378 from client com.android.cellbroadcastreceiver
09-08 14:25:42.619  3939  4114 D IccSmsInterfaceManager: [IccSmsInterfaceManager] Calling setCellBroadcastActivation(true)
09-08 14:25:42.629  3939  4223 D IccSmsInterfaceManager: [IccSmsInterfaceManager] Calling setGsmBroadcastConfig with 4 configurations
09-08 14:25:42.635  3939  4223 D IccSmsInterfaceManager: [IccSmsInterfaceManager] Added GSM cell broadcast subscription for MID range 4379 to 4379 from client com.android.cellbroadcastreceiver
09-08 14:25:42.635  3939  4223 D IccSmsInterfaceManager: [IccSmsInterfaceManager] Calling setCellBroadcastActivation(true)
09-08 14:25:42.644  3939  3953 D IccSmsInterfaceManager: [IccSmsInterfaceManager] Failed to remove GSM cell broadcast subscription for MID range 4380 to 4382 from client com.android.cellbroadcastreceiver
09-08 14:25:42.650  3939  4114 D IccSmsInterfaceManager: [IccSmsInterfaceManager] Calling setGsmBroadcastConfig with 4 configurations
09-08 14:25:42.656  3939  4114 D IccSmsInterfaceManager: [IccSmsInterfaceManager] Added GSM cell broadcast subscription for MID range 4383 to 4383 from client com.android.cellbroadcastreceiver
09-08 14:25:42.656  3939  4114 D IccSmsInterfaceManager: [IccSmsInterfaceManager] Calling setCellBroadcastActivation(true)
09-08 14:25:42.663  3939  4223 D IccSmsInterfaceManager: [IccSmsInterfaceManager] Calling setGsmBroadcastConfig with 5 configurations
09-08 14:25:42.668  3939  4223 D IccSmsInterfaceManager: [IccSmsInterfaceManager] Added GSM cell broadcast subscription for MID range 4384 to 4385 from client com.android.cellbroadcastreceiver
09-08 14:25:42.668  3939  4223 D IccSmsInterfaceManager: [IccSmsInterfaceManager] Calling setCellBroadcastActivation(true)
09-08 14:25:42.675  3939  3953 D IccSmsInterfaceManager: [IccSmsInterfaceManager] Calling setGsmBroadcastConfig with 5 configurations
09-08 14:25:42.681  3939  3953 D IccSmsInterfaceManager: [IccSmsInterfaceManager] Added GSM cell broadcast subscription for MID range 4386 to 4391 from client com.android.cellbroadcastreceiver
09-08 14:25:42.682  3939  3953 D IccSmsInterfaceManager: [IccSmsInterfaceManager] Calling setCellBroadcastActivation(true)
09-08 14:25:42.689  3939  4114 D IccSmsInterfaceManager: [IccSmsInterfaceManager] Calling setGsmBroadcastConfig with 5 configurations
09-08 14:25:42.696  3939  4114 D IccSmsInterfaceManager: [IccSmsInterfaceManager] Added GSM cell broadcast subscription for MID range 4392 to 4392 from client com.android.cellbroadcastreceiver
09-08 14:25:42.696  3939  4114 D IccSmsInterfaceManager: [IccSmsInterfaceManager] Calling setCellBroadcastActivation(true)
09-08 14:25:42.703  3939  4223 D IccSmsInterfaceManager: [IccSmsInterfaceManager] Failed to remove GSM cell broadcast subscription for MID range 4393 to 4395 from client com.android.cellbroadcastreceiver
09-08 14:25:42.708  3939  3953 D IccSmsInterfaceManager: [IccSmsInterfaceManager] Calling setGsmBroadcastConfig with 5 configurations
09-08 14:25:42.716  3939  3953 D IccSmsInterfaceManager: [IccSmsInterfaceManager] Added GSM cell broadcast subscription for MID range 50 to 50 from client com.android.cellbroadcastreceiver
09-08 14:25:42.716  3939  3953 D IccSmsInterfaceManager: [IccSmsInterfaceManager] Calling setCellBroadcastActivation(true)
09-08 14:25:42.722  3939  4114 D IccSmsInterfaceManager: [IccSmsInterfaceManager] Calling setGsmBroadcastConfig with 6 configurations
09-08 14:25:42.728  3939  4114 D IccSmsInterfaceManager: [IccSmsInterfaceManager] Added GSM cell broadcast subscription for MID range 60 to 60 from client com.android.cellbroadcastreceiver
09-08 14:25:42.728  3939  4114 D IccSmsInterfaceManager: [IccSmsInterfaceManager] Calling setCellBroadcastActivation(true)
09-08 14:25:42.735  4118  4752 D CellBroadcastOtherChannelsManager: No additional channels configured. subId = 1
09-08 14:25:42.747  4407  4412 I art     : Do partial code cache collection, code=30KB, data=27KB
09-08 14:25:42.747  4407  4412 I art     : After code cache collection, code=29KB, data=27KB
09-08 14:25:42.747  4407  4412 I art     : Increasing code cache capacity to 128KB
09-08 14:25:42.893  4407  4412 I art     : Compiler allocated 4MB to compile android.database.Cursor com.android.providers.media.MediaProvider.query(android.net.Uri, java.lang.String[], java.lang.String, java.lang.String[], java.lang.String)
09-08 14:25:43.078  4407  4729 W MediaScanner: Error opening directory '/oem/media/', skipping: No such file or directory.
09-08 14:25:43.123  3659  3672 I chatty  : uid=1000(system) android.bg expire 23 lines
09-08 14:25:43.192  4407  4729 V MediaScanner: pruneDeadThumbnailFiles... android.content.ContentProviderClient$CursorWrapperInner@13d55c3
09-08 14:25:43.193  4407  4729 V MediaScanner: /pruneDeadThumbnailFiles... android.content.ContentProviderClient$CursorWrapperInner@13d55c3
09-08 14:25:45.007  4118  4118 D CellBroadcastReceiver: onReceive Intent { act=android.intent.action.SERVICE_STATE flg=0x10 cmp=com.android.cellbroadcastreceiver/.CellBroadcastReceiver (has extras) }
09-08 14:25:45.007  4118  4118 D CellBroadcastReceiver: Intent: android.intent.action.SERVICE_STATE
09-08 14:25:45.011  3939  3944 I art     : Compiler allocated 4MB to compile void com.android.internal.telephony.ServiceStateTracker.handlePollStateResultMessage(int, android.os.AsyncResult)
09-08 14:25:45.033  3939  3944 I art     : Compiler allocated 4MB to compile void com.android.internal.telephony.ServiceStateTracker.pollStateDoneGsm()
09-08 14:25:45.053  4494  4503 E StrictMode: A resource was acquired at attached stack trace but never released. See java.io.Closeable for information on avoiding resource leaks.
09-08 14:25:45.053  4494  4503 E StrictMode: java.lang.Throwable: Explicit termination method 'close' not called
09-08 14:25:45.053  4494  4503 E StrictMode: 	at dalvik.system.CloseGuard.open(CloseGuard.java:180)
09-08 14:25:45.053  4494  4503 E StrictMode: 	at java.io.FileOutputStream.<init>(FileOutputStream.java:222)
09-08 14:25:45.053  4494  4503 E StrictMode: 	at java.io.FileOutputStream.<init>(FileOutputStream.java:169)
09-08 14:25:45.053  4494  4503 E StrictMode: 	at org.cyanogenmod.cmparts.contributors.ContributorsCloudFragment.extractContributorsCloudDatabase(ContributorsCloudFragment.java:786)
09-08 14:25:45.053  4494  4503 E StrictMode: 	at org.cyanogenmod.cmparts.BootReceiver.onReceive(BootReceiver.java:45)
09-08 14:25:45.053  4494  4503 E StrictMode: 	at android.app.ActivityThread.handleReceiver(ActivityThread.java:3065)
09-08 14:25:45.053  4494  4503 E StrictMode: 	at android.app.ActivityThread.-wrap18(ActivityThread.java)
09-08 14:25:45.053  4494  4503 E StrictMode: 	at android.app.ActivityThread$H.handleMessage(ActivityThread.java:1580)
09-08 14:25:45.053  4494  4503 E StrictMode: 	at android.os.Handler.dispatchMessage(Handler.java:102)
09-08 14:25:45.053  4494  4503 E StrictMode: 	at android.os.Looper.loop(Looper.java:154)
09-08 14:25:45.053  4494  4503 E StrictMode: 	at android.app.ActivityThread.main(ActivityThread.java:6186)
09-08 14:25:45.053  4494  4503 E StrictMode: 	at java.lang.reflect.Method.invoke(Native Method)
09-08 14:25:45.053  4494  4503 E StrictMode: 	at com.android.internal.os.ZygoteInit$MethodAndArgsCaller.run(ZygoteInit.java:889)
09-08 14:25:45.053  4494  4503 E StrictMode: 	at com.android.internal.os.ZygoteInit.main(ZygoteInit.java:779)
09-08 14:25:45.841  3659  4356 D ConnectivityService: registerNetworkAgent NetworkAgentInfo{ ni{[type: MOBILE[HSPA+], state: CONNECTED/CONNECTED, reason: connected, extra: datos.personal.com, failover: false, available: true, roaming: false, metered: true]}  network{100}  nethandle{429513165534}  lp{{InterfaceName: rmnet1 LinkAddresses: [100.68.118.65/32,]  Routes: [0.0.0.0/0 -> 100.68.118.1 rmnet1,] DnsAddresses: [181.88.86.156,181.88.86.164,] Domains: null MTU: 1500 TcpBufferSizes: 58254,349525,1048576,58254,349525,1048576}}  nc{[ Transports: CELLULAR Capabilities: SUPL&INTERNET&NOT_RESTRICTED&TRUSTED&NOT_VPN LinkUpBandwidth>=384Kbps LinkDnBandwidth>=384Kbps Specifier: <1>]}  Score{10}  everValidated{false}  lastValidated{false}  created{false} lingering{false} explicitlySelected{false} acceptUnvalidated{false} everCaptivePortalDetected{false} lastCaptivePortalDetected{false} }
09-08 14:25:45.842  3659  3744 D ConnectivityService: NetworkAgentInfo [MOBILE (HSPA+) - 100] EVENT_NETWORK_INFO_CHANGED, going from null to CONNECTED
09-08 14:25:45.845  3659  3744 D ConnectivityService: Adding iface rmnet1 to network 100
09-08 14:25:45.847  3075  3075 W auditd  : type=1325 audit(0.0:251): table=mangle family=2 entries=17
09-08 14:25:45.847  3075  3075 W auditd  : type=1320 audit(0.0:251): 
09-08 14:25:45.851  3075  3075 W auditd  : type=1325 audit(0.0:252): table=mangle family=10 entries=16
09-08 14:25:45.851  3075  3075 W auditd  : type=1320 audit(0.0:252): 
09-08 14:25:45.864  3659  3744 D ConnectivityService: Setting DNS servers for network 100 to [/181.88.86.156, /181.88.86.164]
09-08 14:25:45.873  3659  3744 I chatty  : uid=1000(system) ConnectivitySer expire 4 lines
09-08 14:25:45.882  3659  3744 D ConnectivityService: Switching to new default network: NetworkAgentInfo{ ni{[type: MOBILE[HSPA+], state: CONNECTED/CONNECTED, reason: connected, extra: datos.personal.com, failover: false, available: true, roaming: false, metered: true]}  network{100}  nethandle{429513165534}  lp{{InterfaceName: rmnet1 LinkAddresses: [100.68.118.65/32,]  Routes: [0.0.0.0/0 -> 100.68.118.1 rmnet1,] DnsAddresses: [181.88.86.156,181.88.86.164,] Domains: null MTU: 1500 TcpBufferSizes: 58254,349525,1048576,58254,349525,1048576}}  nc{[ Transports: CELLULAR Capabilities: SUPL&INTERNET&NOT_RESTRICTED&TRUSTED&NOT_VPN&FOREGROUND LinkUpBandwidth>=384Kbps LinkDnBandwidth>=384Kbps Specifier: <1>]}  Score{10}  everValidated{false}  lastValidated{false}  created{true} lingering{false} explicitlySelected{false} acceptUnvalidated{false} everCaptivePortalDetected{false} lastCaptivePortalDetected{false} }
09-08 14:25:45.887  3075  3075 W auditd  : type=1325 audit(0.0:253): table=raw family=2 entries=13
09-08 14:25:45.887  3075  3075 W auditd  : type=1320 audit(0.0:253): 
09-08 14:25:45.891  3075  3075 W auditd  : type=1325 audit(0.0:254): table=raw family=10 entries=13
09-08 14:25:45.891  3075  3075 W auditd  : type=1320 audit(0.0:254): 
09-08 14:25:45.894  3350  3590 V IdletimerController: runCmd(/system/bin/ip6tables -w -t raw -A idletimer_raw_PREROUTING -i rmnet1 -j IDLETIMER --timeout 10 --label 0 --send_nl_msg 1) res_ipv4=0, res_ipv6=0
09-08 14:25:45.895  3075  3075 W auditd  : type=1325 audit(0.0:255): table=mangle family=2 entries=18
09-08 14:25:45.895  3075  3075 W auditd  : type=1320 audit(0.0:255): 
09-08 14:25:45.899  3075  3075 W auditd  : type=1325 audit(0.0:256): table=mangle family=10 entries=17
09-08 14:25:45.899  3075  3075 W auditd  : type=1320 audit(0.0:256): 
09-08 14:25:45.903  3350  3590 V IdletimerController: runCmd(/system/bin/ip6tables -w -t mangle -A idletimer_mangle_POSTROUTING -o rmnet1 -j IDLETIMER --timeout 10 --label 0 --send_nl_msg 1) res_ipv4=0, res_ipv6=0
09-08 14:25:45.912  3659  3781 I chatty  : uid=1000(system) ConnectivityMan expire 2 lines
09-08 14:25:45.912  3659  3744 D ConnectivityService: Sending CONNECTED broadcast for type 0 NetworkAgentInfo [MOBILE (HSPA+) - 100] isDefaultNetwork=true
09-08 14:25:45.920  4465  4465 D WeatherUpdateService: onCreate
09-08 14:25:45.924  4465  4465 D WeatherUpdateService: Service started, but shouldn't update ... stopping
09-08 14:25:45.927  4465  4465 D WeatherUpdateService: onDestroy
09-08 14:25:45.941  4494  4779 D NetworkSecurityConfig: No Network Security Config specified, using platform default
09-08 14:25:45.942  4494  4779 W System  : ClassLoader referenced unknown path: /system/framework/tcmclient.jar
09-08 14:25:46.216  3659  4769 I chatty  : uid=1000 system_server expire 2 lines
09-08 14:25:47.043  4793  4793 I IntentService[C: type=1400 audit(0.0:257): avc: denied { lock } for path="/data/data/com.android.providers.calendar/databases/calendar.db" dev="sda24" ino=2015547 scontext=u:r:priv_app:s0:c512,c768 tcontext=u:object_r:system_data_file:s0:c512,c768 tclass=file permissive=1
09-08 14:25:47.043  4793  4793 W IntentService[C: type=1300 audit(0.0:257): arch=c00000b7 syscall=25 success=yes exit=0 a0=22 a1=6 a2=7f8dc87d08 a3=7f8d6302c0 items=0 ppid=3347 auid=4294967295 uid=10005 gid=10005 euid=10005 suid=10005 fsuid=10005 egid=10005 sgid=10005 fsgid=10005 tty=(none) ses=4294967295 exe="/system/bin/app_process64" subj=u:r:priv_app:s0:c512,c768 key=(null)
09-08 14:25:47.043  3075  3075 W auditd  : type=1327 audit(0.0:257): proctitle="com.android.providers.calendar"
09-08 14:25:47.043  3075  3075 W auditd  : type=1320 audit(0.0:257): 
09-08 14:25:47.566  4567  4757 I GlobalDismissManager: no sender configured
09-08 14:25:47.567  4567  4757 D AlertService: Beginning updateAlertNotification
09-08 14:25:47.592  4567  4757 D AlertService: No fired or scheduled alerts
09-08 14:25:47.602  4567  4757 D AlertService: Scheduling next alarm with AlarmScheduler. sEventReminderReceived: null
09-08 14:25:47.621  4567  4757 D AlarmScheduler: No events found starting within 1 week.
09-08 14:25:47.669  3166  3166 D gpsd    : WakeLock(Acquire,GPSD)
09-08 14:25:47.670  3166  3166 D gpsd    : WakeLock(Release,GPSD)
09-08 14:25:47.670  3166  3166 D gpsd    : WakeLock(Acquire,GPSD)
09-08 14:25:47.670  3166  3166 D gpsd    : WakeLock(Release,GPSD)
09-08 14:25:47.687  4813  4813 V lhd     : GlLhdInterface::Init(/system/etc/lhd.conf)
09-08 14:25:47.687  4813  4813 E lhd     : SetCfgValue: Critical Error. Unknown configuration parameter "FlpName"="tcp"
09-08 14:25:47.687  4813  4813 V lhd     : SetCfgValue: LHD config "LheSerialControl"="BBD:Serial=TTY"
09-08 14:25:47.687  4813  4813 E lhd     : SetCfgValue: Critical Error. Unknown configuration parameter "LheClockMHz"="100"
09-08 14:25:47.687  4813  4813 V lhd     : SetCfgValue: LHD config "LhePatch"="/dev/bbd_patch"
09-08 14:25:47.687  4813  4813 V lhd     : SetCfgValue: LHD config "LheMaxMcuResetTries"="4"
09-08 14:25:47.687  4813  4813 V lhd     : SetCfgValue: LHD config "LheBbdPacket"="/dev/ttyBCM"
09-08 14:25:47.687  4813  4813 V lhd     : SetCfgValue: LHD config "LheBbdControl"="/dev/bbd_control"
09-08 14:25:47.687  4813  4813 V lhd     : SetCfgValue: LHD config "LheBbdSensor"="/dev/bbd_sensor"
09-08 14:25:47.687  4813  4813 V lhd     : SetCfgValue: LHD config "Lhe477xDebugFlags"="RPC:FACILITY=33:STDOUT_PUTS:STDOUT_LOG"
09-08 14:25:47.687  4813  4813 E lhd     : SetCfgValue: Critical Error. Unknown configuration parameter "LheSensorIpc"="true"
09-08 14:25:47.687  4813  4813 E lhd     : SetCfgValue: Critical Error. Unknown configuration parameter "LhePinMux"="P17=M1"
09-08 14:25:47.687  4813  4813 V lhd     : SetCfgValue: LHD config "LheAutoBaudDelayMS"="10"
09-08 14:25:47.687  4813  4813 V lhd     : SetCfgValue: LHD config "LheMaxMcuResetTries"="3"
09-08 14:25:47.687  4813  4813 E lhd     : OpenFirmwareFile: Fail to open /efs/sec_efs/sensorhub_urgent_fw.patch, errno 2
09-08 14:25:47.687  4813  4813 E lhd     : getCustPatchVersion: Fail to parse patch /efs/sec_efs/sensorhub_urgent_fw.patch
09-08 14:25:47.687  4813  4813 E lhd     : getCustPatchVersion: <CustomerVersion> not found
09-08 14:25:47.748  3166  3166 D gpsd    : WakeLock(Acquire,GPSD)
09-08 14:25:47.748  3166  3166 D gpsd    : WakeLock(Release,GPSD)
09-08 14:25:47.748  3166  3166 D gpsd    : WakeLock(Acquire,GPSD)
09-08 14:25:47.748  3166  3166 D gpsd    : WakeLock(Release,GPSD)
09-08 14:25:47.748  4813  4813 D lhd     : OnIpcConnect
09-08 14:25:48.176  3659  3672 I chatty  : uid=1000(system) android.bg expire 26 lines
09-08 14:25:48.872  3659  3682 I PowerManagerService: Going to sleep due to screen timeout (uid 1000)...
09-08 14:25:48.873  3659  3682 I DreamManagerService: Entering dreamland.
09-08 14:25:48.874  3659  3682 I PowerManagerService: Dozing...
09-08 14:25:48.874  3659  3678 I DreamController: Starting dream: name=ComponentInfo{com.android.systemui/com.android.systemui.doze.DozeService}, isTest=false, canDoze=true, userId=0
09-08 14:25:48.891  3659  3682 I chatty  : uid=1000(system) PowerManagerSer expire 1 line
09-08 14:25:48.891  3659  3682 I VrManagerService: VR mode is disallowed
09-08 14:25:48.896  3659  3680 I DisplayManagerService: Display device changed state: "Pantalla integrada", OFF
09-08 14:25:48.896  3596  3596 D SurfaceFlinger: Set power mode=0, type=0 flinger=0x7f79248000
09-08 14:25:48.898  3659  3680 W LocalDisplayAdapter: Unable to find color mode 0, ignoring request.
09-08 14:25:49.023  3659  3783 I chatty  : uid=1000(system) PhotonicModulat expire 2 lines
09-08 14:25:49.030  3348  3488 D audio_hw_primary_abox: device-adev_set_parameters: enter with key(screen_state=on)
09-08 14:25:49.030  3348  3488 D audio_hw_primary_abox: device-adev_set_parameters: exit
09-08 14:25:49.032  3799  3799 D PhoneStatusBar: disable: < expand ICONS alerts SYSTEM_INFO back HOME RECENT clock SEARCH quick_settings >
09-08 14:25:49.191  3075  3075 W auditd  : type=1325 audit(0.0:258): table=filter family=2 entries=101
09-08 14:25:49.191  3075  3075 W auditd  : type=1320 audit(0.0:258): 
09-08 14:25:49.195  3075  3075 W auditd  : type=1325 audit(0.0:259): table=filter family=10 entries=112
09-08 14:25:49.195  3075  3075 W auditd  : type=1320 audit(0.0:259): 
09-08 14:25:49.199  3075  3075 W auditd  : type=1325 audit(0.0:260): table=filter family=2 entries=100
09-08 14:25:49.199  3075  3075 W auditd  : type=1320 audit(0.0:260): 
09-08 14:25:49.203  3075  3075 W auditd  : type=1325 audit(0.0:261): table=filter family=10 entries=111
09-08 14:25:49.203  3075  3075 W auditd  : type=1320 audit(0.0:261): 
09-08 14:25:49.234  3659  3672 I ActivityManager: Start proc 4821:com.android.printspooler/u0a57 for service com.android.printspooler/.model.PrintSpoolerService
09-08 14:25:49.234  3659  3674 I WindowManager: OverscanTimeout run
09-08 14:25:53.352  3659  3672 I chatty  : uid=1000(system) android.bg expire 28 lines
09-08 14:25:54.530  3659  3705 I PowerManagerService: Waking up from dozing (uid 1000)...
09-08 14:25:54.531  3659  3659 I chatty  : uid=1000 system_server expire 1 line
09-08 14:25:54.531  3659  3682 I DisplayPowerController: Blocking screen on until initial contents have been drawn.
09-08 14:25:54.531  3659  3682 I chatty  : uid=1000(system) PowerManagerSer expire 2 lines
09-08 14:25:54.540  3659  3815 I chatty  : uid=1000(system) Binder:3659_4 expire 1 line
09-08 14:25:54.581  3659  3705 I chatty  : uid=1000(system) InputReader expire 1 line
09-08 14:25:54.582  3596  3596 D SurfaceFlinger: Set power mode=2, type=0 flinger=0x7f79248000
09-08 14:25:54.582  3659  3680 I DisplayManagerService: Display device changed state: "Pantalla integrada", ON
09-08 14:25:54.583  3659  3680 W LocalDisplayAdapter: Unable to find color mode 0, ignoring request.
09-08 14:25:54.605  3659  3682 I DisplayPowerController: Unblocked screen on after 74 ms
09-08 14:25:54.605  3659  3682 I VrManagerService: VR mode is allowed
09-08 14:25:54.606  3659  3682 I DreamManagerService: Gently waking up from dream.
09-08 14:25:54.607  3659  3670 I DreamManagerService: Leaving dreamland.
09-08 14:25:54.608  3659  3678 I DreamController: Stopping dream: name=ComponentInfo{com.android.systemui/com.android.systemui.doze.DozeService}, isTest=false, canDoze=true, userId=0
09-08 14:25:54.697  3659  3673 I ActivityManager: Waited long enough for: ServiceRecord{3a8648f u0 com.cyanogenmod.lockclock/.weather.WeatherSourceListenerService}
09-08 14:25:54.700  3659  3673 I ActivityManager: Waited long enough for: ServiceRecord{2f0931c u0 com.cyanogenmod.lockclock/.DeviceStatusService}
09-08 14:25:55.689  3659  3673 I ActivityManager: Waited long enough for: ServiceRecord{8a3ef77 u0 com.android.calendar/.alerts.InitAlarmsService}
09-08 14:25:55.798  3799  3799 D PhoneStatusBar: disable: < expand ICONS alerts SYSTEM_INFO back HOME RECENT clock SEARCH quick_settings >
09-08 14:25:55.817  3799  3799 W AudioTrack: AUDIO_OUTPUT_FLAG_FAST denied by client; transfer 4, track 44100 Hz, output 48000 Hz
09-08 14:25:55.838  4386  4386 W System  : ClassLoader referenced unknown path: 
09-08 14:25:55.838  4386  4386 W System  : ClassLoader referenced unknown path: /system/app/LockClock/lib/arm64
09-08 14:25:55.838  4386  4386 D ApplicationLoaders: ignored Vulkan layer search path /system/app/LockClock/lib/arm64:/system/lib64:/vendor/lib64 for namespace 0x7f98fbd0f0
09-08 14:25:55.877  4386  4391 I art     : Do partial code cache collection, code=125KB, data=98KB
09-08 14:25:55.877  4386  4391 I art     : After code cache collection, code=125KB, data=98KB
09-08 14:25:55.877  4386  4391 I art     : Increasing code cache capacity to 512KB
09-08 14:25:55.915  3348  3483 D audio_hw_primary_abox: fast_out-out_set_parameters: enter with param = routing=4
09-08 14:25:55.915  3348  3483 D audio_hw_primary_abox: fast_out-out_set_parameters: Requested to change route from 0x2 to 0x4
09-08 14:25:55.915  3348  3483 I audio_hw_primary_abox: primary_out-out_set_parameters: update out->devices:4 
09-08 14:25:55.915  3348  3483 D audio_hw_primary_abox: fast_out-out_set_parameters: exit
09-08 14:25:56.016  4386  4386 D android.widget.GridLayout: vertical constraints: y2-y0>=462, y2-y0<=448, y2-y1<=182 are inconsistent; permanently removing: y2-y0<=448. 
09-08 14:25:56.021  3348  3483 D audio_hw_primary_abox: fast_out-set_audio_route: [PLAYBACK] current-device(none) new-device(headset) in cur-mode(normal) & new-mode(normal)!
09-08 14:25:56.021  3348  3483 I audio_hw_primary_abox: is_voice_wakeup : ret =  0  , wakeup_baby_cry_enabled = 0  ,  wakeup_mic_enabled = 0 
09-08 14:25:56.021  3348  3483 I audio_route: > audio_route_apply_path : "media-headset"
09-08 14:25:56.022  3348  3483 I audio_route: > audio_route_update_path + : "media-headset" reverse(0)
09-08 14:25:56.022  3348  3483 I audio_route: > audio_route_update_path - : changed(0)
09-08 14:25:56.022  3348  3483 D audio_hw_primary_abox: fast_out-do_set_route: Enabled Audio Route(media-headset)
09-08 14:25:56.022  3348  3483 I audio_route: > audio_route_apply_path : "gain-media-headset"
09-08 14:25:56.022  3348  3483 I audio_route: > audio_route_update_path + : "gain-media-headset" reverse(0)
09-08 14:25:56.022  3348  3483 I audio_route: > audio_route_update_path - : changed(0)
09-08 14:25:56.022  3348  3483 D audio_hw_primary_abox: fast_out-do_set_route: Enabled Audio Gain(gain-media-headset)
09-08 14:25:56.023  3799  3799 D PhoneStatusBar: disable: < expand icons* alerts system_info* back HOME RECENT clock SEARCH quick_settings >
09-08 14:25:56.025  3348  3483 I audio_hw_primary_abox: [do_open_spkamp_stream] Opened PCM Device(/dev/snd/pcmC0D7p) configured Info: Channels(2)  Smapling Rate(48000), Format: Default(0)
09-08 14:25:56.026  3348  3483 I audio_hw_primary_abox: [do_open_spkamp_stream] Opened PCM Device(/dev/snd/pcmC0D11c) configured Info: Channels(2)  Smapling Rate(48000), Format: Default(0)
09-08 14:25:56.027  3348  3483 I audio_hw_primary_abox: [do_open_spkamp_stream] Opened PCM Device(/dev/snd/pcmC0D12c) configured Info: Channels(2)  Smapling Rate(48000), Format: Default(0)
09-08 14:25:56.027  3348  3483 I audio_hw_primary_abox: [do_open_spkamp_stream] Opened PCM Device(/dev/snd/pcmC0D6p) configured Info: Channels(2)  Smapling Rate(48000), Format: Default(0)
09-08 14:25:56.030  3348  3483 I audio_hw_primary_abox: fast_out-do_open_output_stream: Opened PCM Device is /dev/snd/pcmC0D2p samplingRate(48000) pcmformat(0)
09-08 14:25:56.030  3348  3483 I audio_hw_primary_abox: fast_out-out_write: Transit to Idle
09-08 14:25:56.046  3348  3483 I audio_hw_primary_abox: fast_out-out_write: Transit to Playing
09-08 14:25:56.069  3799  3997 D mali_winsys: EGLint new_window_surface(egl_winsys_display*, void*, EGLSurface, EGLConfig, egl_winsys_surface**, egl_color_buffer_format*, EGLBoolean) returns 0x3000,  [1440x168]-format:1
09-08 14:25:56.070  3799  3799 D PhoneStatusBar: disable: < expand icons alerts system_info back home* recent* clock search* quick_settings >
09-08 14:25:56.453  3659  4359 I ActivityManager: Setting hasTopUi=false for pid=3799
09-08 14:25:56.492  3659  3673 I ActivityManager: Waited long enough for: ServiceRecord{cd1ced6 u0 com.android.email/.service.LegacyImapSyncAdapterService}
09-08 14:25:56.514  3799  3997 D mali_winsys: EGLint new_window_surface(egl_winsys_display*, void*, EGLSurface, EGLConfig, egl_winsys_surface**, egl_color_buffer_format*, EGLBoolean) returns 0x3000,  [1440x84]-format:1
09-08 14:25:57.842  3659  3815 I ActivityManager: START u0 {act=android.intent.action.MAIN cat=[android.intent.category.LAUNCHER] flg=0x10200000 cmp=org.lineageos.jelly/.MainActivity bnds=[875,2532][1146,2812] (has extras)} from uid 10027 on display 0
09-08 14:25:57.884  3659  4226 I ActivityManager: Start proc 4874:org.lineageos.jelly/u0a48 for activity org.lineageos.jelly/.MainActivity
09-08 14:25:57.942  4874  4874 W System  : ClassLoader referenced unknown path: /system/app/Jelly/lib/arm64
09-08 14:25:58.045  4874  4874 W art     : Before Android 4.1, method android.graphics.PorterDuffColorFilter android.support.graphics.drawable.VectorDrawableCompat.updateTintFilter(android.graphics.PorterDuffColorFilter, android.content.res.ColorStateList, android.graphics.PorterDuff$Mode) would have incorrectly overridden the package-private method in android.graphics.drawable.Drawable
09-08 14:25:58.153  4874  4874 W System  : ClassLoader referenced unknown path: /system/app/webview/lib/arm64
09-08 14:25:58.154  4874  4874 D ApplicationLoaders: ignored Vulkan layer search path /system/app/webview/lib/arm64:/system/app/webview/webview.apk!/lib/arm64-v8a:/system/lib64:/vendor/lib64 for namespace 0x7f990890f0
09-08 14:25:58.156  4874  4874 I WebViewFactory: Loading com.android.webview version 60.0.3112.78 (code 1)
09-08 14:25:58.190  4874  4874 I cr_LibraryLoader: Time to load native libraries: 3 ms (timestamps 2789-2792)
09-08 14:25:58.195  4891  4891 I SharedPreferenc: type=1400 audit(0.0:262): avc: denied { read } for name="WebViewChromiumPrefs.xml" dev="sda24" ino=2015630 scontext=u:r:untrusted_app:s0:c512,c768 tcontext=u:object_r:system_data_file:s0:c512,c768 tclass=file permissive=1
09-08 14:25:58.195  4891  4891 W SharedPreferenc: type=1300 audit(0.0:262): arch=c00000b7 syscall=48 success=yes exit=0 a0=ffffff9c a1=7f8aaf5f60 a2=4 a3=0 items=0 ppid=3347 auid=4294967295 uid=10048 gid=10048 euid=10048 suid=10048 fsuid=10048 egid=10048 sgid=10048 fsgid=10048 tty=(none) ses=4294967295 exe="/system/bin/app_process64" subj=u:r:untrusted_app:s0:c512,c768 key=(null)
09-08 14:25:58.195  3075  3075 W auditd  : type=1327 audit(0.0:262): proctitle="org.lineageos.jelly"
09-08 14:25:58.195  3075  3075 W auditd  : type=1320 audit(0.0:262): 
09-08 14:25:58.199  4891  4891 I SharedPreferenc: type=1400 audit(0.0:263): avc: denied { getattr } for path="/data/data/org.lineageos.jelly/shared_prefs/WebViewChromiumPrefs.xml" dev="sda24" ino=2015630 scontext=u:r:untrusted_app:s0:c512,c768 tcontext=u:object_r:system_data_file:s0:c512,c768 tclass=file permissive=1
09-08 14:25:58.199  4891  4891 W SharedPreferenc: type=1300 audit(0.0:263): arch=c00000b7 syscall=79 success=yes exit=0 a0=ffffff9c a1=7f8aaf5f60 a2=7f792fb8c8 a3=0 items=0 ppid=3347 auid=4294967295 uid=10048 gid=10048 euid=10048 suid=10048 fsuid=10048 egid=10048 sgid=10048 fsgid=10048 tty=(none) ses=4294967295 exe="/system/bin/app_process64" subj=u:r:untrusted_app:s0:c512,c768 key=(null)
09-08 14:25:58.199  3075  3075 W auditd  : type=1327 audit(0.0:263): proctitle="org.lineageos.jelly"
09-08 14:25:58.199  3075  3075 W auditd  : type=1320 audit(0.0:263): 
09-08 14:25:58.220  4874  4874 I chromium: [INFO:library_loader_hooks.cc(144)] Chromium logging enabled: level = 0, default verbosity = 0
09-08 14:25:58.220  4874  4874 I cr_LibraryLoader: Expected native library version number "60.0.3112.78", actual native library version number "60.0.3112.78"
09-08 14:25:58.247  4874  4874 I lineageos.jelly: type=1400 audit(0.0:264): avc: denied { write } for name="webview_data.lock" dev="sda24" ino=2015631 scontext=u:r:untrusted_app:s0:c512,c768 tcontext=u:object_r:system_data_file:s0:c512,c768 tclass=file permissive=1
09-08 14:25:58.247  4874  4874 W lineageos.jelly: type=1300 audit(0.0:264): arch=c00000b7 syscall=56 success=yes exit=37 a0=ffffff9c a1=7f882e6a00 a2=42 a3=180 items=0 ppid=3347 auid=4294967295 uid=10048 gid=10048 euid=10048 suid=10048 fsuid=10048 egid=10048 sgid=10048 fsgid=10048 tty=(none) ses=4294967295 exe="/system/bin/app_process64" subj=u:r:untrusted_app:s0:c512,c768 key=(null)
09-08 14:25:58.247  3075  3075 W auditd  : type=1327 audit(0.0:264): proctitle="org.lineageos.jelly"
09-08 14:25:58.247  3075  3075 W auditd  : type=1320 audit(0.0:264): 
09-08 14:25:58.247  4874  4874 I lineageos.jelly: type=1400 audit(0.0:265): avc: denied { lock } for path="/data/data/org.lineageos.jelly/app_webview/webview_data.lock" dev="sda24" ino=2015631 scontext=u:r:untrusted_app:s0:c512,c768 tcontext=u:object_r:system_data_file:s0:c512,c768 tclass=file permissive=1
09-08 14:25:58.247  4874  4874 W lineageos.jelly: type=1300 audit(0.0:265): arch=c00000b7 syscall=25 success=yes exit=0 a0=c38372fb00000025 a1=6 a2=7fe9e29dd8 a3=7f9514db2e items=0 ppid=3347 auid=4294967295 uid=10048 gid=10048 euid=10048 suid=10048 fsuid=10048 egid=10048 sgid=10048 fsgid=10048 tty=(none) ses=4294967295 exe="/system/bin/app_process64" subj=u:r:untrusted_app:s0:c512,c768 key=(null)
09-08 14:25:58.247  3075  3075 W auditd  : type=1327 audit(0.0:265): proctitle="org.lineageos.jelly"
09-08 14:25:58.247  3075  3075 W auditd  : type=1320 audit(0.0:265): 
09-08 14:25:58.254  4874  4874 I cr_BrowserStartup: Initializing chromium process, singleProcess=true
09-08 14:25:58.621  3348  3348 D audio_hw_primary_abox: device-adev_set_parameters: enter with key(screen_state=off)
09-08 14:25:58.621  3348  3348 D audio_hw_primary_abox: device-adev_set_parameters: exit
09-08 14:25:58.663  4874  4918 W cr_media: Requires BLUETOOTH permission
09-08 14:25:58.675  4874  4879 I art     : Do partial code cache collection, code=30KB, data=27KB
09-08 14:25:58.676  4874  4879 I art     : After code cache collection, code=30KB, data=27KB
09-08 14:25:58.676  4874  4879 I art     : Increasing code cache capacity to 128KB
09-08 14:25:58.696  4386  4391 I art     : Compiler allocated 6MB to compile void android.view.ViewRootImpl.performTraversals()
09-08 14:25:58.728  3348  4153 D audio_hw_primary_abox: device-adev_set_parameters: enter with key(screen_state=on)
09-08 14:25:58.729  3348  4153 D audio_hw_primary_abox: device-adev_set_parameters: exit
09-08 14:25:58.797  4874  4916 E cr_ApiBridge: Failed to init handler: Attempt to invoke virtual method 'java.lang.Object java.lang.Class.newInstance()' on a null object reference
09-08 14:25:58.802  4874  4936 E libEGL  : validate_display:99 error 3008 (EGL_BAD_DISPLAY)
09-08 14:25:58.828  4874  4936 W VideoCapabilities: Unrecognized profile/level 1/32 for video/mp4v-es
09-08 14:25:58.828  4874  4936 W VideoCapabilities: Unrecognized profile/level 32768/2 for video/mp4v-es
09-08 14:25:58.828  4874  4936 W VideoCapabilities: Unrecognized profile/level 32768/64 for video/mp4v-es
09-08 14:25:58.896  4874  4936 W VideoCapabilities: Unrecognized profile/level 1/32 for video/mp4v-es
09-08 14:25:58.896  4874  4936 W VideoCapabilities: Unrecognized profile/level 32768/2 for video/mp4v-es
09-08 14:25:58.897  4874  4936 W VideoCapabilities: Unrecognized profile/level 32768/64 for video/mp4v-es
09-08 14:25:58.947  4874  4936 I VideoCapabilities: Unsupported profile 4 for video/mp4v-es
09-08 14:25:58.975  4874  4936 W AudioCapabilities: Unsupported mime audio/ac3
09-08 14:25:58.975  4874  4879 I art     : Do partial code cache collection, code=61KB, data=55KB
09-08 14:25:58.975  4874  4879 I art     : After code cache collection, code=61KB, data=55KB
09-08 14:25:58.975  4874  4879 I art     : Increasing code cache capacity to 256KB
09-08 14:25:58.975  4874  4936 W AudioCapabilities: Unsupported mime audio/alac
09-08 14:25:58.976  4874  4936 W AudioCapabilities: Unsupported mime audio/x-ape
09-08 14:25:58.977  4874  4936 W AudioCapabilities: Unsupported mime audio/ffmpeg
09-08 14:25:58.977  4874  4936 W AudioCapabilities: Unsupported mime audio/dts
09-08 14:25:58.979  4874  4936 W AudioCapabilities: Unsupported mime audio/mpeg-L2
09-08 14:25:58.979  4874  4936 W AudioCapabilities: Unsupported mime audio/vnd.rn-realaudio
09-08 14:25:58.980  4874  4936 W AudioCapabilities: Unsupported mime audio/x-ms-wma
09-08 14:25:58.981  4874  4936 W VideoCapabilities: Unsupported mime video/divx
09-08 14:25:58.983  4874  4936 W VideoCapabilities: Unsupported mime video/x-flv
09-08 14:25:58.987  4874  4936 W VideoCapabilities: Unsupported mime video/vnd.rn-realvideo
09-08 14:25:58.988  4874  4936 W VideoCapabilities: Unsupported mime video/vc1
09-08 14:25:58.990  4874  4936 W VideoCapabilities: Unsupported mime video/ffmpeg
09-08 14:25:58.991  4874  4932 I OpenGLRenderer: Initialized EGL, version 1.4
09-08 14:25:58.991  4874  4932 D OpenGLRenderer: Swap behavior 1
09-08 14:25:58.992  4874  4936 W VideoCapabilities: Unsupported mime video/x-ms-wmv
09-08 14:25:58.995  4874  4932 D mali_winsys: EGLint new_window_surface(egl_winsys_display*, void*, EGLSurface, EGLConfig, egl_winsys_surface**, egl_color_buffer_format*, EGLBoolean) returns 0x3000,  [1440x2960]-format:1
09-08 14:25:59.023  4939  4939 I SimpleCacheWork: type=1400 audit(0.0:266): avc: denied { write } for name="org.chromium.android_webview" dev="sda24" ino=2015646 scontext=u:r:untrusted_app:s0:c512,c768 tcontext=u:object_r:system_data_file:s0:c512,c768 tclass=dir permissive=1
09-08 14:25:59.023  4939  4939 I SimpleCacheWork: type=1400 audit(0.0:266): avc: denied { add_name } for name="af16a83d1c8a42e2_0" scontext=u:r:untrusted_app:s0:c512,c768 tcontext=u:object_r:system_data_file:s0:c512,c768 tclass=dir permissive=1
09-08 14:25:59.023  4939  4939 I SimpleCacheWork: type=1400 audit(0.0:266): avc: denied { create } for name="af16a83d1c8a42e2_0" scontext=u:r:untrusted_app:s0:c512,c768 tcontext=u:object_r:system_data_file:s0:c512,c768 tclass=file permissive=1
09-08 14:25:59.023  4939  4939 W SimpleCacheWork: type=1300 audit(0.0:266): arch=c00000b7 syscall=56 success=yes exit=117 a0=ffffff9c a1=7f8d7dbe60 a2=c2 a3=180 items=0 ppid=3347 auid=4294967295 uid=10048 gid=10048 euid=10048 suid=10048 fsuid=10048 egid=10048 sgid=10048 fsgid=10048 tty=(none) ses=4294967295 exe="/system/bin/app_process64" subj=u:r:untrusted_app:s0:c512,c768 key=(null)
09-08 14:25:59.023  3075  3075 W auditd  : type=1327 audit(0.0:266): proctitle="org.lineageos.jelly"
09-08 14:25:59.023  3075  3075 W auditd  : type=1320 audit(0.0:266): 
09-08 14:25:59.026  4874  4874 W art     : Before Android 4.1, method int android.support.v7.widget.ListViewCompat.lookForSelectablePosition(int, boolean) would have incorrectly overridden the package-private method in android.widget.ListView
09-08 14:25:59.089  3659  3680 I ActivityManager: Displayed org.lineageos.jelly/.MainActivity: +1s218ms
09-08 14:25:59.108  4874  4946 D NetworkSecurityConfig: No Network Security Config specified, using platform default
09-08 14:25:59.110  4874  4946 W System  : ClassLoader referenced unknown path: /system/framework/tcmclient.jar
09-08 14:25:59.123  4946  4946 I Filter  : type=1400 audit(0.0:267): avc: denied { append } for name="journal" dev="sda24" ino=2015645 scontext=u:r:untrusted_app:s0:c512,c768 tcontext=u:object_r:system_data_file:s0:c512,c768 tclass=file permissive=1
09-08 14:25:59.123  4946  4946 W Filter  : type=1300 audit(0.0:267): arch=c00000b7 syscall=56 success=yes exit=124 a0=ffffff9c a1=7f52f627d0 a2=441 a3=1b6 items=0 ppid=3347 auid=4294967295 uid=10048 gid=10048 euid=10048 suid=10048 fsuid=10048 egid=10048 sgid=10048 fsgid=10048 tty=(none) ses=4294967295 exe="/system/bin/app_process64" subj=u:r:untrusted_app:s0:c512,c768 key=(null)
09-08 14:25:59.123  3075  3075 W auditd  : type=1327 audit(0.0:267): proctitle="org.lineageos.jelly"
09-08 14:25:59.123  3075  3075 W auditd  : type=1320 audit(0.0:267): 
09-08 14:26:00.348  4874  4879 I art     : Compiler allocated 6MB to compile void android.view.ViewRootImpl.performTraversals()
09-08 14:26:00.982  3348  3483 V audio_hw_primary_abox: fast_out-out_standby: enter
09-08 14:26:00.982  3348  3483 I audio_hw_primary_abox: fast_out-out_standby: Transit to Idle
09-08 14:26:00.997  3348  3483 I audio_hw_primary_abox: fast_out-do_close_output_stream: Closed PCM Device
09-08 14:26:00.997  3348  3483 D audio_hw_primary_abox: fast_out-set_audio_route: [PLAYBACK] current-device(headset) new-device(headset) in cur-mode(normal) & new-mode(normal)!
09-08 14:26:00.998  3348  3483 I audio_hw_primary_abox: USAGE_SPKAMP-do_close_spkamp_stream: Closed PCM Device is /dev/snd/pcmC0D7p
09-08 14:26:01.001  3348  3483 I audio_hw_primary_abox: USAGE_SPKAMP-do_close_spkamp_stream: Closed PCM Device is /dev/snd/pcmC0D11c
09-08 14:26:01.003  3348  3483 I audio_hw_primary_abox: USAGE_SPKAMP-do_close_spkamp_stream: Closed PCM Device is /dev/snd/pcmC0D12c
09-08 14:26:01.005  3348  3483 I audio_hw_primary_abox: USAGE_SPKAMP-do_close_spkamp_stream: Closed PCM Device is /dev/snd/pcmC0D6p
09-08 14:26:01.005  3348  3483 I audio_route: > audio_route_update_path + : "media-headset" reverse(1)
09-08 14:26:01.007  3348  3483 I audio_route: > audio_route_update_path - : changed(2)
09-08 14:26:01.008  3348  3483 D audio_hw_primary_abox: fast_out-do_set_route: Disabled Audio Route(media-headset)
09-08 14:26:01.008  3348  3483 I audio_route: > audio_route_update_path + : "gain-media-headset" reverse(1)
09-08 14:26:01.008  3348  3483 I audio_route: > audio_route_update_path - : changed(2)
09-08 14:26:01.009  3348  3483 D audio_hw_primary_abox: fast_out-do_set_route: Disabled Audio Gain(gain-media-headset)
09-08 14:26:01.009  3348  3483 I audio_hw_primary_abox: fast_out-out_standby: Transit to Standby
09-08 14:26:01.009  3348  3483 V audio_hw_primary_abox: fast_out-out_standby: exit
09-08 14:26:01.228  4874  4879 I art     : Do full code cache collection, code=119KB, data=122KB
09-08 14:26:01.229  4874  4879 I art     : Starting a blocking GC JitCodeCache
09-08 14:26:01.229  4874  4879 I art     : After code cache collection, code=89KB, data=76KB
09-08 14:26:02.750  3166  3166 D gpsd    : WakeLock(Acquire,GPSD)
09-08 14:26:02.751  3166  3166 D gpsd    : WakeLock(Release,GPSD)
09-08 14:26:02.751  3166  3166 D gpsd    : WakeLock(Acquire,GPSD)
09-08 14:26:02.751  3166  3166 D gpsd    : WakeLock(Release,GPSD)
09-08 14:26:02.814  4950  4950 V lhd     : GlLhdInterface::Init(/system/etc/lhd.conf)
09-08 14:26:02.814  4950  4950 E lhd     : SetCfgValue: Critical Error. Unknown configuration parameter "FlpName"="tcp"
09-08 14:26:02.814  4950  4950 V lhd     : SetCfgValue: LHD config "LheSerialControl"="BBD:Serial=TTY"
09-08 14:26:02.814  4950  4950 E lhd     : SetCfgValue: Critical Error. Unknown configuration parameter "LheClockMHz"="100"
09-08 14:26:02.814  4950  4950 V lhd     : SetCfgValue: LHD config "LhePatch"="/dev/bbd_patch"
09-08 14:26:02.814  4950  4950 V lhd     : SetCfgValue: LHD config "LheMaxMcuResetTries"="4"
09-08 14:26:02.814  4950  4950 V lhd     : SetCfgValue: LHD config "LheBbdPacket"="/dev/ttyBCM"
09-08 14:26:02.815  4950  4950 V lhd     : SetCfgValue: LHD config "LheBbdControl"="/dev/bbd_control"
09-08 14:26:02.815  4950  4950 V lhd     : SetCfgValue: LHD config "LheBbdSensor"="/dev/bbd_sensor"
09-08 14:26:02.815  4950  4950 V lhd     : SetCfgValue: LHD config "Lhe477xDebugFlags"="RPC:FACILITY=33:STDOUT_PUTS:STDOUT_LOG"
09-08 14:26:02.815  4950  4950 E lhd     : SetCfgValue: Critical Error. Unknown configuration parameter "LheSensorIpc"="true"
09-08 14:26:02.815  4950  4950 E lhd     : SetCfgValue: Critical Error. Unknown configuration parameter "LhePinMux"="P17=M1"
09-08 14:26:02.815  4950  4950 V lhd     : SetCfgValue: LHD config "LheAutoBaudDelayMS"="10"
09-08 14:26:02.815  4950  4950 V lhd     : SetCfgValue: LHD config "LheMaxMcuResetTries"="3"
09-08 14:26:02.815  4950  4950 E lhd     : OpenFirmwareFile: Fail to open /efs/sec_efs/sensorhub_urgent_fw.patch, errno 2
09-08 14:26:02.815  4950  4950 E lhd     : getCustPatchVersion: Fail to parse patch /efs/sec_efs/sensorhub_urgent_fw.patch
09-08 14:26:02.815  4950  4950 E lhd     : getCustPatchVersion: <CustomerVersion> not found
09-08 14:26:02.877  3166  3166 D gpsd    : WakeLock(Acquire,GPSD)
09-08 14:26:02.878  3166  3166 D gpsd    : WakeLock(Release,GPSD)
09-08 14:26:02.878  3166  3166 D gpsd    : WakeLock(Acquire,GPSD)
09-08 14:26:02.878  3166  3166 D gpsd    : WakeLock(Release,GPSD)
09-08 14:26:02.878  4950  4950 D lhd     : OnIpcConnect
09-08 14:26:05.923  3659  4770 D NetworkMonitor/NetworkAgentInfo [MOBILE (HSPA+) - 100]: PROBE_DNS FAIL 20032ms, connectivitycheck.gstatic.com
09-08 14:26:05.944  3659  4770 D NetworkMonitor/NetworkAgentInfo [MOBILE (HSPA+) - 100]: Probably not a portal: exception java.net.UnknownHostException: Unable to resolve host "connectivitycheck.gstatic.com": No address associated with hostname
