09-11 15:04:20.777  3550  3550 I PackageManager: Adjusting ABI for com.cyanogenmod.setupwizard to arm64-v8a (requirer=android, scannedPackage=null)
09-11 15:04:20.777  3550  3550 I PackageManager: Adjusting ABI for com.android.wallpaperbackup to arm64-v8a (requirer=android, scannedPackage=null)
09-11 15:04:20.777  3550  3550 I PackageManager: Adjusting ABI for org.cyanogenmod.cmparts to arm64-v8a (requirer=android, scannedPackage=null)
09-11 15:04:20.777  3550  3550 I PackageManager: Adjusting ABI for com.android.keychain to arm64-v8a (requirer=android, scannedPackage=null)
09-11 15:04:20.777  3550  3550 I PackageManager: Adjusting ABI for com.android.location.fused to arm64-v8a (requirer=android, scannedPackage=null)
09-11 15:04:20.778  3550  3550 I PackageManager: Adjusting ABI for com.android.server.telecom to arm64-v8a (requirer=android, scannedPackage=null)
09-11 15:04:20.778  3550  3550 I PackageManager: Adjusting ABI for cyanogenmod.platform to arm64-v8a (requirer=android, scannedPackage=null)
09-11 15:04:20.778  3170  3170 E         : invalid apk path '/system/framework/org.cyanogenmod.platform-res.apk' (bad prefix)
09-11 15:04:20.778  3550  3550 I PackageManager: Adjusting ABI for com.cyanogenmod.settings.device to arm64-v8a (requirer=android, scannedPackage=null)
09-11 15:04:20.779  3550  3550 I PackageManager: Time to scan packages: 0.285 seconds
09-11 15:04:20.779  3550  3550 W PackageManager: Unknown permission com.google.android.googleapps.permission.GOOGLE_AUTH in package com.android.providers.calendar
09-11 15:04:20.779  3550  3550 W PackageManager: Unknown permission com.google.android.googleapps.permission.GOOGLE_AUTH.cl in package com.android.providers.calendar
09-11 15:04:20.779  3550  3550 W PackageManager: Unknown permission cyanogenmod.permission.LEGALESE in package com.cyanogenmod.setupwizard
09-11 15:04:20.780  3550  3550 W PackageManager: Unknown permission com.android.gallery3d.permission.STORAGE_CHANGE in package com.android.camera2
09-11 15:04:20.780  3550  3550 W PackageManager: Unknown permission android.permission.NFC_UNLOCK in package com.android.nfc
09-11 15:04:20.780  3550  3550 W PackageManager: Unknown permission com.google.android.googleapps.permission.GOOGLE_AUTH.mail in package com.android.calendar
09-11 15:04:20.780  3550  3550 W PackageManager: Unknown permission com.android.launcher.permission.READ_SETTINGS in package com.android.onetimeinitializer
09-11 15:04:20.780  3550  3550 W PackageManager: Unknown permission com.android.launcher.permission.WRITE_SETTINGS in package com.android.onetimeinitializer
09-11 15:04:20.780  3550  3550 W PackageManager: Unknown permission com.android.launcher.permission.READ_SETTINGS in package com.cyanogenmod.trebuchet
09-11 15:04:20.780  3550  3550 W PackageManager: Unknown permission com.android.launcher.permission.WRITE_SETTINGS in package com.cyanogenmod.trebuchet
09-11 15:04:20.780  3550  3550 W PackageManager: Unknown permission com.google.android.permission.INSTALL_WEARABLE_PACKAGES in package com.android.packageinstaller
09-11 15:04:20.780  3550  3550 W PackageManager: Not granting permission android.permission.DELETE_PACKAGES to package com.svox.pico (protectionLevel=18 flags=0x3808be45)
09-11 15:04:20.780  3550  3550 W PackageManager: Unknown permission com.google.android.gallery3d.permission.PICASA_STORE in package com.android.dreams.phototable
09-11 15:04:20.780  3550  3550 W PackageManager: Unknown permission com.google.android.googleapps.permission.GOOGLE_AUTH in package com.android.settings
09-11 15:04:20.780  3550  3550 W PackageManager: Unknown permission com.android.launcher.permission.READ_SETTINGS in package com.android.settings
09-11 15:04:20.780  3550  3550 W PackageManager: Unknown permission com.android.launcher.permission.WRITE_SETTINGS in package com.android.settings
09-11 15:04:20.781  3550  3550 W PackageManager: Not granting permission android.permission.MANAGE_DOCUMENTS to package com.android.deskclock (protectionLevel=2 flags=0x3c49be45)
09-11 15:04:20.781  3550  3550 W PackageManager: Unknown permission com.android.deskclock.worldclock.permissions.WRITE_DATABASE in package com.android.deskclock
09-11 15:04:20.781  3550  3550 W PackageManager: Unknown permission org.codeaurora.permission.POWER_ON_ALERT in package com.android.deskclock
09-11 15:04:20.781  3550  3550 W PackageManager: Not granting permission android.permission.WRITE_SECURE_SETTINGS to package com.android.deskclock (protectionLevel=50 flags=0x3c49be45)
09-11 15:04:20.781  3550  3550 W PackageManager: Unknown permission com.cyanogenmod.lockclock.permission.READ_WEATHER in package com.android.systemui
09-11 15:04:20.781  3550  3550 W PackageManager: Unknown permission com.google.android.gallery3d.permission.GALLERY_PROVIDER in package com.android.bluetooth
09-11 15:04:20.781  3550  3550 W PackageManager: Unknown permission com.google.android.googleapps.permission.ACCESS_GOOGLE_PASSWORD in package com.android.development
09-11 15:04:20.781  3550  3550 W PackageManager: Unknown permission com.google.android.googleapps.permission.GOOGLE_AUTH in package com.android.development
09-11 15:04:20.781  3550  3550 W PackageManager: Unknown permission com.google.android.googleapps.permission.GOOGLE_AUTH.ALL_SERVICES in package com.android.development
09-11 15:04:20.781  3550  3550 W PackageManager: Unknown permission com.google.android.googleapps.permission.GOOGLE_AUTH.YouTubeUser in package com.android.development
09-11 15:04:20.781  3550  3550 V PackageManager: reconcileAppsData for null u0 0x3
09-11 15:04:20.783  3170  3170 E SELinux : selinux_android_file_context_handle: Error getting file context handle (No such file or directory)
09-11 15:04:20.875  3550  3550 V PackageManager: reconcileAppsData finished 91 packages
09-11 15:04:20.875  3550  3550 V PackageManager: Disabling com.google.android.gsf/com.google.android.gsf.update.SystemUpdateActivity
09-11 15:04:20.875  3550  3550 W PackageManager: Unable to disable com.google.android.gsf/com.google.android.gsf.update.SystemUpdateActivity
09-11 15:04:20.875  3550  3550 V PackageManager: Disabling com.google.android.gsf/com.google.android.gsf.update.SystemUpdateService$Receiver
09-11 15:04:20.875  3550  3550 W PackageManager: Unable to disable com.google.android.gsf/com.google.android.gsf.update.SystemUpdateService$Receiver
09-11 15:04:20.875  3550  3550 V PackageManager: Disabling com.google.android.gsf/com.google.android.gsf.update.SystemUpdateService$SecretCodeReceiver
09-11 15:04:20.875  3550  3550 W PackageManager: Unable to disable com.google.android.gsf/com.google.android.gsf.update.SystemUpdateService$SecretCodeReceiver
09-11 15:04:20.875  3550  3550 V PackageManager: Disabling com.google.android.gsf/com.google.android.gsf.update.SystemUpdateServiceReceiver
09-11 15:04:20.875  3550  3550 W PackageManager: Unable to disable com.google.android.gsf/com.google.android.gsf.update.SystemUpdateServiceReceiver
09-11 15:04:20.875  3550  3550 V PackageManager: Disabling com.google.android.gms/com.google.android.gms.update.SystemUpdateActivity
09-11 15:04:20.875  3550  3550 W PackageManager: Unable to disable com.google.android.gms/com.google.android.gms.update.SystemUpdateActivity
09-11 15:04:20.875  3550  3550 V PackageManager: Disabling com.google.android.gms/com.google.android.gms.update.SystemUpdateService$Receiver
09-11 15:04:20.875  3550  3550 W PackageManager: Unable to disable com.google.android.gms/com.google.android.gms.update.SystemUpdateService$Receiver
09-11 15:04:20.875  3550  3550 V PackageManager: Disabling com.google.android.gms/com.google.android.gms.update.SystemUpdateService$ActiveReceiver
09-11 15:04:20.875  3550  3550 W PackageManager: Unable to disable com.google.android.gms/com.google.android.gms.update.SystemUpdateService$ActiveReceiver
09-11 15:04:20.875  3550  3550 V PackageManager: Disabling com.google.android.gms/com.google.android.gms.update.SystemUpdateService$SecretCodeReceiver
09-11 15:04:20.875  3550  3550 W PackageManager: Unable to disable com.google.android.gms/com.google.android.gms.update.SystemUpdateService$SecretCodeReceiver
09-11 15:04:20.875  3550  3550 V PackageManager: Disabling com.google.android.gms/com.google.android.gms.update.SystemUpdateServiceReceiver
09-11 15:04:20.875  3550  3550 W PackageManager: Unable to disable com.google.android.gms/com.google.android.gms.update.SystemUpdateServiceReceiver
09-11 15:04:20.875  3550  3550 V PackageManager: Enabling com.google.android.gsf/com.google.android.gsf.update.SystemUpdateService
09-11 15:04:20.875  3550  3550 W PackageManager: Unable to enable com.google.android.gsf/com.google.android.gsf.update.SystemUpdateService
09-11 15:04:20.875  3550  3550 V PackageManager: Enabling com.google.android.gms/com.google.android.gms.update.SystemUpdateService
09-11 15:04:20.875  3550  3550 W PackageManager: Unable to enable com.google.android.gms/com.google.android.gms.update.SystemUpdateService
09-11 15:04:20.898  3550  3550 D PackageManager: Ephemeral resolver NOT found; no matching intent filters
09-11 15:04:20.898  3550  3550 I PackageManager: Ephemeral deactivated; missing resolver and installer
09-11 15:04:20.916  3550  3550 I SystemServer: StartOtaDexOptService
09-11 15:04:20.917  3550  3550 I SystemServer: StartUserManagerService
09-11 15:04:20.917  3550  3550 I SystemServiceManager: Starting com.android.server.pm.UserManagerService$LifeCycle
09-11 15:04:20.923  3152  3152 I lowmemorykiller: ActivityManager connected
09-11 15:04:20.924  3550  3550 I SystemServiceManager: Starting com.android.server.BatteryService
09-11 15:04:20.924  3550  3601 I chatty  : uid=1000 system_server expire 2 lines
09-11 15:04:20.930  3550  3570 I chatty  : uid=1000(system) batterystats-sy expire 1 line
09-11 15:04:20.939  3550  3550 I SystemServiceManager: Starting com.android.server.usage.UsageStatsService
09-11 15:04:20.949  3550  3550 I SystemServiceManager: Starting com.android.server.webkit.WebViewUpdateService
09-11 15:04:20.952  3550  3550 I SystemServer: Reading configuration...
09-11 15:04:20.952  3550  3550 I SystemServer: StartSchedulingPolicyService
09-11 15:04:20.953  3550  3550 I SystemServiceManager: Starting com.android.server.telecom.TelecomLoaderService
09-11 15:04:20.954  3550  3550 I SystemServer: StartTelephonyRegistry
09-11 15:04:20.956  3550  3550 I SystemServer: StartEntropyMixer
09-11 15:04:20.975  3550  3550 I EntropyMixer: Added HW RNG output to entropy pool
09-11 15:04:20.975  3550  3550 I EntropyMixer: Writing entropy...
09-11 15:04:20.978  3550  3550 I SystemServer: Camera Service
09-11 15:04:20.979  3550  3550 I SystemServiceManager: Starting com.android.server.camera.CameraService
09-11 15:04:20.980  3550  3606 I ServiceThread: Enabled StrictMode logging for CameraService_proxy looper.
09-11 15:04:20.981  3550  3550 I SystemServer: StartAccountManagerService
09-11 15:04:20.981  3550  3550 I SystemServiceManager: Starting com.android.server.accounts.AccountManagerService$Lifecycle
09-11 15:04:20.985  3550  3550 I SystemServer: StartContentService
09-11 15:04:20.986  3550  3550 I SystemServiceManager: Starting com.android.server.content.ContentService$Lifecycle
09-11 15:04:20.987  3550  3550 I SystemServer: InstallSystemProviders
09-11 15:04:21.009  3550  3550 I SystemServer: StartVibratorService
09-11 15:04:21.015  3550  3550 I SystemServer: StartConsumerIrService
09-11 15:04:21.016  3550  3550 I SystemServer: StartAlarmManagerService
09-11 15:04:21.016  3550  3550 I SystemServiceManager: Starting com.android.server.AlarmManagerService
09-11 15:04:21.019  3550  3550 I SystemServer: InitWatchdog
09-11 15:04:21.020  3550  3550 I SystemServer: StartInputManagerService
09-11 15:04:21.020  3550  3550 I InputManager: Initializing input manager, mUseDevInputEventForAudioJack=false
09-11 15:04:21.021  3550  3550 I SystemServer: StartWindowManagerService
09-11 15:04:21.033  3550  3578 I WindowManager: No existing display settings /data/system/display_settings.xml; starting empty
09-11 15:04:21.040  3550  3568 I chatty  : uid=1000(system) android.ui expire 4 lines
09-11 15:04:21.041  3161  3161 E CameraService: getCameraVendorTagDescriptor: camera hardware module doesn't exist
09-11 15:04:21.105  3550  3550 I SystemServer: StartVrManagerService
09-11 15:04:21.105  3550  3550 I SystemServiceManager: Starting com.android.server.vr.VrManagerService
09-11 15:04:21.108  3550  3550 I InputManager: Starting input manager
09-11 15:04:21.108  3550  3625 I chatty  : uid=1000(system) InputReader expire 42 lines
09-11 15:04:21.118  3550  3550 I SystemServiceManager: Starting com.android.server.BluetoothService
09-11 15:04:21.121  3550  3550 D BluetoothManagerService: Loading stored name and address
09-11 15:04:21.121  3550  3550 D BluetoothManagerService: Stored bluetooth Name=Samsung Galaxy S7 Edge,Address=F0:EE:10:4B:C6:7D
09-11 15:04:21.121  3550  3550 D BluetoothManagerService: Bluetooth persisted state: 0
09-11 15:04:21.121  3550  3550 I SystemServer: ConnectivityMetricsLoggerService
09-11 15:04:21.121  3550  3550 I SystemServiceManager: Starting com.android.server.connectivity.MetricsLoggerService
09-11 15:04:21.122  3550  3550 I SystemServer: IpConnectivityMetrics
09-11 15:04:21.122  3550  3550 I SystemServiceManager: Starting com.android.server.connectivity.IpConnectivityMetrics
09-11 15:04:21.123  3550  3550 I SystemServer: PinnerService
09-11 15:04:21.123  3550  3550 I SystemServiceManager: Starting com.android.server.PinnerService
09-11 15:04:21.124  3550  3550 I SystemServiceManager: Starting com.android.server.InputMethodManagerService$Lifecycle
09-11 15:04:21.145  3550  3550 I SystemServer: StartAccessibilityManagerService
09-11 15:04:21.158  3550  3550 I ActivityManager: Config changes=1df8 {1.0 ?mcc?mnc [es_ES] ldltr sw411dp w411dp h845dp 560dpi nrml long port ?uimode ?night -touch -keyb/h/h -nav/h s.2}
09-11 15:04:21.160  3550  3566 I UsageStatsService: User[0] Rollover scheduled @ 2017-09-12 15:04:21(1505239461158)
09-11 15:04:21.160  3550  3578 I ActivityManager: Config changes=400 {1.0 ?mcc?mnc [es_ES] ldltr sw411dp w411dp h773dp 560dpi nrml long port ?uimode ?night -touch -keyb/h/h -nav/h s.3}
09-11 15:04:21.160  3550  3566 E AppIdleHistory: Unable to read app idle file for user 0
09-11 15:04:21.162  3550  3578 W LocalDisplayAdapter: Unable to find color mode 0, ignoring request.
09-11 15:04:21.164  3550  3550 W LocalDisplayAdapter: Unable to find color mode 0, ignoring request.
09-11 15:04:21.164  3550  3550 I SystemServiceManager: Starting com.android.server.MountService$Lifecycle
09-11 15:04:21.168  3550  3626 D MountService: Thinking about init, mSystemReady=false, mDaemonConnected=true
09-11 15:04:21.168  3550  3626 D MountService: Thinking about reset, mSystemReady=false, mDaemonConnected=true
09-11 15:04:21.168  3550  3626 D MountService: Thinking about init, mSystemReady=false, mDaemonConnected=true
09-11 15:04:21.168  3550  3626 D MountService: Thinking about reset, mSystemReady=false, mDaemonConnected=true
09-11 15:04:21.168  3550  3550 I SystemServiceManager: Starting com.android.server.UiModeManagerService
09-11 15:04:21.169  3550  3626 D CryptdConnector: SND -> {1 cryptfs getfield SystemLocale}
09-11 15:04:21.169  3550  3628 D CryptdConnector: RCV <- {200 1 -1}
09-11 15:04:21.169  3550  3550 I ActivityManager: Config changes=200 {1.0 ?mcc?mnc [es_ES] ldltr sw411dp w411dp h773dp 560dpi nrml long port -touch -keyb/h/h -nav/h s.4}
09-11 15:04:21.170  3550  3626 W MountService: No primary storage mounted!
09-11 15:04:21.170  3550  3626 D VoldConnector: SND -> {1 asec list}
09-11 15:04:21.172  3550  3550 I SystemServer: StartLockSettingsService
09-11 15:04:21.173  3550  3550 I SystemServiceManager: Starting com.android.server.LockSettingsService$Lifecycle
09-11 15:04:21.178  3550  3627 D VoldConnector: RCV <- {200 1 asec operation succeeded}
09-11 15:04:21.178  3550  3626 I chatty  : uid=1000(system) MountService expire 3 lines
09-11 15:04:21.178  3550  3626 W PackageManager: Unknown permission com.google.android.googleapps.permission.GOOGLE_AUTH in package com.android.providers.calendar
09-11 15:04:21.178  3550  3626 W PackageManager: Unknown permission com.google.android.googleapps.permission.GOOGLE_AUTH.cl in package com.android.providers.calendar
09-11 15:04:21.178  3550  3626 W PackageManager: Unknown permission cyanogenmod.permission.LEGALESE in package com.cyanogenmod.setupwizard
09-11 15:04:21.179  3550  3626 W PackageManager: Unknown permission com.android.gallery3d.permission.STORAGE_CHANGE in package com.android.camera2
09-11 15:04:21.179  3550  3626 W PackageManager: Unknown permission android.permission.NFC_UNLOCK in package com.android.nfc
09-11 15:04:21.179  3550  3626 W PackageManager: Unknown permission com.google.android.googleapps.permission.GOOGLE_AUTH.mail in package com.android.calendar
09-11 15:04:21.179  3550  3626 W PackageManager: Unknown permission com.android.launcher.permission.READ_SETTINGS in package com.android.onetimeinitializer
09-11 15:04:21.179  3550  3626 W PackageManager: Unknown permission com.android.launcher.permission.WRITE_SETTINGS in package com.android.onetimeinitializer
09-11 15:04:21.179  3550  3626 W PackageManager: Unknown permission com.android.launcher.permission.READ_SETTINGS in package com.cyanogenmod.trebuchet
09-11 15:04:21.179  3550  3626 W PackageManager: Unknown permission com.android.launcher.permission.WRITE_SETTINGS in package com.cyanogenmod.trebuchet
09-11 15:04:21.179  3550  3626 W PackageManager: Unknown permission com.google.android.permission.INSTALL_WEARABLE_PACKAGES in package com.android.packageinstaller
09-11 15:04:21.179  3550  3626 W PackageManager: Not granting permission android.permission.DELETE_PACKAGES to package com.svox.pico (protectionLevel=18 flags=0x3808be45)
09-11 15:04:21.179  3550  3626 W PackageManager: Unknown permission com.google.android.gallery3d.permission.PICASA_STORE in package com.android.dreams.phototable
09-11 15:04:21.179  3550  3626 W PackageManager: Unknown permission com.google.android.googleapps.permission.GOOGLE_AUTH in package com.android.settings
09-11 15:04:21.179  3550  3626 W PackageManager: Unknown permission com.android.launcher.permission.READ_SETTINGS in package com.android.settings
09-11 15:04:21.179  3550  3626 W PackageManager: Unknown permission com.android.launcher.permission.WRITE_SETTINGS in package com.android.settings
09-11 15:04:21.180  3550  3626 W PackageManager: Not granting permission android.permission.MANAGE_DOCUMENTS to package com.android.deskclock (protectionLevel=2 flags=0x3c49be45)
09-11 15:04:21.180  3550  3626 W PackageManager: Unknown permission com.android.deskclock.worldclock.permissions.WRITE_DATABASE in package com.android.deskclock
09-11 15:04:21.180  3550  3626 W PackageManager: Unknown permission org.codeaurora.permission.POWER_ON_ALERT in package com.android.deskclock
09-11 15:04:21.180  3550  3626 W PackageManager: Not granting permission android.permission.WRITE_SECURE_SETTINGS to package com.android.deskclock (protectionLevel=50 flags=0x3c49be45)
09-11 15:04:21.180  3550  3626 W PackageManager: Unknown permission com.cyanogenmod.lockclock.permission.READ_WEATHER in package com.android.systemui
09-11 15:04:21.180  3550  3626 W PackageManager: Unknown permission com.google.android.gallery3d.permission.GALLERY_PROVIDER in package com.android.bluetooth
09-11 15:04:21.180  3550  3626 W PackageManager: Unknown permission com.google.android.googleapps.permission.ACCESS_GOOGLE_PASSWORD in package com.android.development
09-11 15:04:21.180  3550  3626 W PackageManager: Unknown permission com.google.android.googleapps.permission.GOOGLE_AUTH in package com.android.development
09-11 15:04:21.180  3550  3626 W PackageManager: Unknown permission com.google.android.googleapps.permission.GOOGLE_AUTH.ALL_SERVICES in package com.android.development
09-11 15:04:21.180  3550  3626 W PackageManager: Unknown permission com.google.android.googleapps.permission.GOOGLE_AUTH.YouTubeUser in package com.android.development
09-11 15:04:21.189  3550  3550 I SystemServiceManager: Starting com.android.server.DeviceIdleController
09-11 15:04:21.225  3550  3626 W MountService: No primary storage mounted!
09-11 15:04:21.225  3550  3626 D VoldConnector: SND -> {2 asec list}
09-11 15:04:21.226  3550  3627 D VoldConnector: RCV <- {200 2 asec operation succeeded}
09-11 15:04:21.226  3550  3550 I SystemServiceManager: Starting com.android.server.devicepolicy.DevicePolicyManagerService$Lifecycle
09-11 15:04:21.231  3550  3550 I SystemServer: StartStatusBarManagerService
09-11 15:04:21.232  3550  3550 I SystemServer: StartClipboardService
09-11 15:04:21.233  3550  3550 I SystemServer: StartNetworkManagementService
09-11 15:04:21.236  3550  3629 I NetworkManagement: onDaemonConnected()
09-11 15:04:21.238  3550  3550 I SystemServiceManager: Starting com.android.server.TextServicesManagerService$Lifecycle
09-11 15:04:21.245  3550  3550 I SystemServer: StartNetworkScoreService
09-11 15:04:21.247  3550  3550 I SystemServer: StartNetworkStatsService
09-11 15:04:21.251  3550  3550 I SystemServer: StartNetworkPolicyManagerService
09-11 15:04:21.253  3550  3550 I SystemServer: No Wi-Fi NAN Service (NAN support Not Present)
09-11 15:04:21.254  3550  3550 I SystemServiceManager: Starting com.android.server.wifi.p2p.WifiP2pService
09-11 15:04:21.276  3550  3550 I SystemServiceManager: Starting com.android.server.wifi.WifiService
09-11 15:04:21.337  3176  3531 D CommandListener: Clearing all IP addresses on wlan0
09-11 15:04:21.420  3637  3637 I mediaserver: ServiceManager: 0xf65194a0
09-11 15:04:21.539  3550  3635 I chatty  : uid=1000(system) WifiStateMachin expire 27 lines
09-11 15:04:21.550  3550  3550 I SystemServiceManager: Starting com.android.server.wifi.scanner.WifiScanningService
09-11 15:04:21.553  3550  3550 I SystemServiceManager: Starting com.android.server.wifi.RttService
09-11 15:04:21.554  3550  3550 I SystemServiceManager: Starting com.android.server.ethernet.EthernetService
09-11 15:04:21.556  3550  3550 I SystemServer: StartConnectivityService
09-11 15:04:21.559  3550  3550 D ConnectivityService: ConnectivityService starting up
09-11 15:04:21.561  3550  3550 D ConnectivityService: wifiOnly=false
09-11 15:04:21.566  3550  3550 I SystemServer: StartNsdService
09-11 15:04:21.568  3550  3550 I SystemServer: StartUpdateLockService
09-11 15:04:21.569  3550  3550 I SystemServiceManager: Starting com.android.server.RecoverySystemService
09-11 15:04:21.570  3550  3550 I SystemServiceManager: Starting com.android.server.notification.NotificationManagerService
09-11 15:04:21.577  3550  3550 D ConditionProviders.SCP: new ScheduleConditionProvider()
09-11 15:04:21.579  3550  3550 D ZenLog  : config: readXml,ZenModeConfig[user=0,allowCalls=true,allowRepeatCallers=false,allowMessages=false,allowCallsFrom=contacts,allowMessagesFrom=contacts,allowReminders=true,allowEvents=true,allowWhenScreenOff=true,allowWhenScreenOn=true,automaticRules={6b9adfb20f2148b49c6695aa283f6381=ZenRule[enabled=false,snoozing=false,name=Event,zenMode=ZEN_MODE_ALARMS,conditionId=condition://android/event?userId=-10000&calendar=&reply=1,condition=Condition[id=condition://android/event?userId=-10000&calendar=&reply=1,summary=...,line1=...,line2=...,icon=0,state=STATE_FALSE,flags=2],component=ComponentInfo{android/com.android.server.notification.EventConditionProvider},id=6b9adfb20f2148b49c6695aa283f6381,creationTime=1505151762116,enabler=null], b09d772b2ad544b89e1c6535f7881f09=ZenRule[enabled=false,snoozing=false,name=Weekend,zenMode=ZEN_MODE_ALARMS,conditionId=condition://android/schedule?days=6.7&start=23.30&end=10.0&exitAtAlarm=false,condition=Condition[id=condition://android/schedule?days=6.7&start=23.30&end=10.0&exitAtAlarm=false,summary=...,line1=...,line2=...,icon=0,state=STATE_FALSE,flags=2],component=ComponentInfo{android/com.android.server.notification.ScheduleConditionProvider},id=b09d772b2ad544b89e1c6535f7881f09,creationTime=1505151762115,enabler=null], c69fce6d3ab84971a44eb029afd30050=ZenRule[enabled=false,snoozing=false,name=Weeknight,zenMode=ZEN_MODE_ALARMS,conditionId=condition://android/schedule?days=1.2.3.4.5&start=22.0&end=7.0&exitAtAlarm=false,condition=Condition[id=condition://android/schedule?days=1.2.3.4.5&start=22.0&end=7.0&exitAtAlarm=false,summary=...,line1=...,line2=...,icon=0,state=STATE_FALSE,flags=2],component=ComponentInfo{android/com.android.server.notification.ScheduleConditionProvider},id=c69fce6d3ab84971a44eb029afd30050,creationTime=1505151762115,enabler=null]},manualRule=null],Diff[automaticRule[315cfe9e645e4a20b1040de8d03933d9]:delete,automaticRule[6b9adfb20f2148b49c6695aa283f6381]:insert,automaticRule[b09d772b2ad544b89e1c6535f7881f09]:insert,automaticRule[c69fce6d3ab84971a44eb029afd30050]:insert,automaticRule[9cfcac2387074585b14281b9a961e309]:delete,automaticRule[dd074f26f13e4f959a9b28347e0065a6]:delete]
09-11 15:04:21.583  3550  3550 D ZenLog  : set_zen_mode: off,init
09-11 15:04:21.588  3550  3550 I SystemServiceManager: Starting com.android.server.storage.DeviceStorageMonitorService
09-11 15:04:21.589  3550  3550 I SystemServer: StartLocationManagerService
09-11 15:04:21.591  3550  3550 I SystemServer: StartCountryDetectorService
09-11 15:04:21.593  3550  3550 I SystemServer: StartSearchManagerService
09-11 15:04:21.593  3550  3550 I SystemServiceManager: Starting com.android.server.search.SearchManagerService$Lifecycle
09-11 15:04:21.594  3550  3550 I SystemServiceManager: Starting com.android.server.DropBoxManagerService
09-11 15:04:21.595  3550  3550 I SystemServer: StartWallpaperManagerService
09-11 15:04:21.595  3550  3550 I SystemServiceManager: Starting com.android.server.wallpaper.WallpaperManagerService$Lifecycle
09-11 15:04:21.596  3550  3550 E WallpaperManagerService: Invalid wallpaper data
09-11 15:04:21.596  3550  3550 E WallpaperManagerService: Unable to apply new wallpaper
09-11 15:04:21.597  3550  3550 I SystemServer: StartAudioService
09-11 15:04:21.597  3550  3550 I SystemServiceManager: Starting com.android.server.audio.AudioService$Lifecycle
09-11 15:04:21.602  3168  3396 D PermissionCache: checking android.permission.MODIFY_AUDIO_SETTINGS for uid=1000 => granted (487 us)
09-11 15:04:21.615     1     1 I init    : type=1400 audit(0.0:129): avc: denied { write } for name="UDC" dev="configfs" ino=23227 scontext=u:r:init:s0 tcontext=u:object_r:configfs:s0 tclass=file permissive=1
09-11 15:04:21.615  3550  3550 I SystemServiceManager: Starting com.android.server.DockObserver
09-11 15:04:21.616  3550  3550 I SystemServer: StartWiredAccessoryManager
09-11 15:04:21.617  3550  3550 W WiredAccessoryManager: This kernel does not have usb audio support
09-11 15:04:21.617  3550  3550 I SystemServiceManager: Starting com.android.server.usb.UsbService$Lifecycle
09-11 15:04:21.620  3550  3550 E UsbDeviceManager: failed to write to /sys/class/android_usb/android0/f_rndis/ethaddr
09-11 15:04:21.621  3550  3550 I UsbDeviceManager: Setting USB config to adb
09-11 15:04:21.621  3550  3556 I chatty  : uid=1000 system_server expire 1 line
09-11 15:04:21.701  3165  3165 D wrapperGPS: wrapperConnect_RILD
09-11 15:04:21.701  3165  3165 D gpsd    : WakeLock(Acquire,GPSD)
09-11 15:04:21.702  3165  3165 D gpsd    : WakeLock(Release,GPSD)
09-11 15:04:21.702  3165  3165 D gpsd    : WakeLock(Acquire,GPSD)
09-11 15:04:21.702  3165  3165 D gpsd    : WakeLock(Release,GPSD)
09-11 15:04:21.835  3550  3624 I ActivityManager: Config changes=8 {1.0 ?mcc?mnc [es_ES] ldltr sw411dp w411dp h773dp 560dpi nrml long port finger -keyb/h/h -nav/h s.5}
09-11 15:04:22.211  3550  3562 I chatty  : uid=1000(system) Binder:3550_1 expire 2 lines
09-11 15:04:22.675  3550  3550 E UsbDeviceManager: waitForState(adb) FAILED: got none
09-11 15:04:22.675  3550  3550 E UsbDeviceManager: Failed to switch USB config to adb
09-11 15:04:22.675  3550  3550 E UsbDeviceManager: Failsafe 2: Restoring default USB functions.
09-11 15:04:22.675  3550  3550 I UsbDeviceManager: Setting USB config to adb
09-11 15:04:22.729  3550  3550 I SystemServer: StartSerialService
09-11 15:04:22.730  3550  3550 I SystemServiceManager: Starting com.android.server.twilight.TwilightService
09-11 15:04:22.731  3550  3550 I SystemServiceManager: Starting com.android.server.job.JobSchedulerService
09-11 15:04:22.732  3550  3550 D JobStore: Start tag: job-info
09-11 15:04:22.735  3550  3550 I SystemServiceManager: Starting com.android.server.soundtrigger.SoundTriggerService
09-11 15:04:22.735  3550  3550 I SystemServiceManager: Starting com.android.server.backup.BackupManagerService$Lifecycle
09-11 15:04:22.737  3550  3550 I SystemServiceManager: Starting com.android.server.appwidget.AppWidgetService
09-11 15:04:22.749  3550  3550 I SystemServiceManager: Starting com.android.server.voiceinteraction.VoiceInteractionManagerService
09-11 15:04:22.750  3550  3550 I SystemServer: Gesture Launcher Service
09-11 15:04:22.750  3550  3550 I SystemServiceManager: Starting com.android.server.GestureLauncherService
09-11 15:04:22.751  3550  3550 I SystemServiceManager: Starting com.android.server.SensorNotificationService
09-11 15:04:22.751  3550  3550 I SystemServiceManager: Starting com.android.server.ContextHubSystemService
09-11 15:04:22.752  3550  3550 I SystemServer: StartDiskStatsService
09-11 15:04:22.753  3550  3550 I SystemServer: StartSamplingProfilerService
09-11 15:04:22.757  3550  3550 I SystemServer: StartNetworkTimeUpdateService
09-11 15:04:22.758  3550  3550 I SystemServer: StartCommonTimeManagementService
09-11 15:04:22.758  3550  3550 I SystemServer: CertBlacklister
09-11 15:04:22.759  3550  3550 I SystemServiceManager: Starting com.android.server.emergency.EmergencyAffordanceService
09-11 15:04:22.760  3550  3550 I SystemServiceManager: Starting com.android.server.dreams.DreamManagerService
09-11 15:04:22.761  3550  3550 I SystemServer: StartAssetAtlasService
09-11 15:04:22.762  3550  3660 I chatty  : uid=1000 system_server expire 2 lines
09-11 15:04:22.763  3550  3550 I SystemServiceManager: Starting com.android.server.print.PrintManagerService
09-11 15:04:22.772  3550  3550 I SystemServiceManager: Starting com.android.server.restrictions.RestrictionsManagerService
09-11 15:04:22.774  3550  3550 I SystemServiceManager: Starting com.android.server.media.MediaSessionService
09-11 15:04:22.777  3550  3550 I SystemServer: StartMediaRouterService
09-11 15:04:22.778  3550  3550 I SystemServiceManager: Starting com.android.server.trust.TrustManagerService
09-11 15:04:22.779  3660  3660 I Thread-2: type=1400 audit(0.0:130): avc: denied { read write } for name="fimg2d" dev="tmpfs" ino=4387 scontext=u:r:system_server:s0 tcontext=u:object_r:device:s0 tclass=chr_file permissive=1
09-11 15:04:22.779  3660  3660 I Thread-2: type=1400 audit(0.0:130): avc: denied { open } for path="/dev/fimg2d" dev="tmpfs" ino=4387 scontext=u:r:system_server:s0 tcontext=u:object_r:device:s0 tclass=chr_file permissive=1
09-11 15:04:22.779  3660  3660 W Thread-2: type=1300 audit(0.0:130): arch=c00000b7 syscall=56 success=yes exit=145 a0=ffffff9c a1=7f7c016703 a2=2 a3=0 items=0 ppid=3166 auid=4294967295 uid=1000 gid=1000 euid=1000 suid=1000 fsuid=1000 egid=1000 sgid=1000 fsgid=1000 tty=(none) ses=4294967295 exe="/system/bin/app_process64" subj=u:r:system_server:s0 key=(null)
09-11 15:04:22.779  3076  3076 W auditd  : type=1327 audit(0.0:130): proctitle="system_server"
09-11 15:04:22.779  3076  3076 W auditd  : type=1320 audit(0.0:130): 
09-11 15:04:22.779  3660  3660 I Thread-2: type=1400 audit(0.0:131): avc: denied { ioctl } for path="/dev/fimg2d" dev="tmpfs" ino=4387 ioctlcmd=4d04 scontext=u:r:system_server:s0 tcontext=u:object_r:device:s0 tclass=chr_file permissive=1
09-11 15:04:22.779  3660  3660 W Thread-2: type=1300 audit(0.0:131): arch=c00000b7 syscall=29 success=yes exit=0 a0=92 a1=c1104d04 a2=7f863198b0 a3=0 items=0 ppid=3166 auid=4294967295 uid=1000 gid=1000 euid=1000 suid=1000 fsuid=1000 egid=1000 sgid=1000 fsgid=1000 tty=(none) ses=4294967295 exe="/system/bin/app_process64" subj=u:r:system_server:s0 key=(null)
09-11 15:04:22.779  3076  3076 W auditd  : type=1327 audit(0.0:131): proctitle="system_server"
09-11 15:04:22.779  3076  3076 W auditd  : type=1320 audit(0.0:131): 
09-11 15:04:22.780  3550  3550 I SystemServiceManager: Starting com.android.server.fingerprint.FingerprintService
09-11 15:04:22.783  3178  3178 D PermissionCache: checking android.permission.MANAGE_FINGERPRINT for uid=1000 => granted (638 us)
09-11 15:04:22.783  3178  3178 V fingerprintd: nativeOpenHal()
09-11 15:04:22.788  3178  3178 D bauth_service: BAuthService, 155
09-11 15:04:22.788  3178  3178 D bauth_service: BAuthService, 54
09-11 15:04:22.788  3178  3178 D bauth_service: BAuthService, 85
09-11 15:04:22.788  3178  3178 D bauth_service: BAuthService, 197
09-11 15:04:22.788  3178  3178 D bauth_FPBAuthService: FPBAuthService, 8045
09-11 15:04:22.788  3178  3178 D bauth_FPBAuthService: 5, 7
09-11 15:04:22.789  3178  3178 D bauth_FPBAuthService: w1, s0
09-11 15:04:22.789  3178  3178 D bauth_FPBAuthSensorControl: FPBAuthSensorControl, 59
09-11 15:04:22.789  3178  3178 D bauth_FPBAuthService: FPBAuthService, 248
09-11 15:04:22.789  3178  3178 D bauth_FPBAuthService: FPBAuthService, 7971
09-11 15:04:22.789  3178  3178 D bauth_FPBAuthService: -1, 3
09-11 15:04:22.789  3178  3178 D bauth_FPBAuthService: FPBAuthService, 649
09-11 15:04:22.789  3178  3178 D bauth_FPBAuthSensorControl: FPBAuthSensorControl, 304
09-11 15:04:22.789  3178  3178 D bauth_FPBAuthService: FPBAuthService, 666
09-11 15:04:22.789  3178  3178 D bauth_FPBAuthService: FPBAuthService, 7879
09-11 15:04:22.789  3178  3178 I TLC_BAUTH: FUNC ID 0x1 is completed;437
09-11 15:04:22.789  3178  3178 I TLC_BAUTH: Call FUNC ID 0x3 , 5;477
09-11 15:04:22.789  3178  3178 I tlc_communication: tlc_open() called;82
09-11 15:04:22.789  3178  3178 I tlc_communication: Opening MobiCore device;86
09-11 15:04:22.789  3138  3194 E TeeMcDaemon: Insufficient data arrived [hardware/samsung_slsi/exynos8895/mobicore_kinibi400/Daemon/src/RegistryServer.cpp:404]
09-11 15:04:22.789  3178  3178 E McClient:   *****************************
09-11 15:04:22.789  3178  3178 E McClient:   *** ERROR: reading from Daemon failed
09-11 15:04:22.789  3178  3178 E McClient:   *** Detected in getDaemonVersion/1472()
09-11 15:04:22.789  3178  3178 E McClient:   *****************************
09-11 15:04:22.789  3178  3178 E tlc_communication:   *****************************
09-11 15:04:22.789  3178  3178 E tlc_communication:   *** ERROR: Opening MobiCore device is failed : 15
09-11 15:04:22.789  3178  3178 E tlc_communication:   *** Detected in tlc_open/94()
09-11 15:04:22.789  3178  3178 E tlc_communication:   *****************************
09-11 15:04:22.789  3178  3178 E TLC_BAUTH:   *****************************
09-11 15:04:22.789  3178  3178 E TLC_BAUTH:   *** ERROR: Open Trustlet Session is failed!!!
09-11 15:04:22.789  3178  3178 E TLC_BAUTH:   *** Detected in BAuth_SessionOpen/531()
09-11 15:04:22.789  3178  3178 E TLC_BAUTH:   *****************************
09-11 15:04:22.789  3178  3178 I tlc_communication: tlc_close() called;149
09-11 15:04:22.789  3178  3178 I tlc_communication: Closing the session;153
09-11 15:04:22.790  3178  3178 E McClient:   *****************************
09-11 15:04:22.790  3178  3178 E McClient:   *** ERROR: Device has not been found
09-11 15:04:22.790  3178  3178 E McClient:   *** Detected in mcCloseSession/906()
09-11 15:04:22.790  3178  3178 E McClient:   *****************************
09-11 15:04:22.790  3178  3178 E tlc_communication:   *****************************
09-11 15:04:22.790  3178  3178 E tlc_communication:   *** ERROR: Closing the Driver session is failed : 7
09-11 15:04:22.790  3178  3178 E tlc_communication:   *** Detected in tlc_close/157()
09-11 15:04:22.790  3178  3178 E tlc_communication:   *****************************
09-11 15:04:22.790  3178  3178 E McClient:   *****************************
09-11 15:04:22.790  3178  3178 E McClient:   *** ERROR: Device has not been found
09-11 15:04:22.790  3178  3178 E McClient:   *** Detected in mcCloseSession/906()
09-11 15:04:22.790  3178  3178 E McClient:   *****************************
09-11 15:04:22.790  3178  3178 E tlc_communication:   *****************************
09-11 15:04:22.790  3178  3178 E tlc_communication:   *** ERROR: Closing the Trustlet session is failed : 7
09-11 15:04:22.790  3178  3178 E tlc_communication:   *** Detected in tlc_close/164()
09-11 15:04:22.790  3178  3178 E tlc_communication:   *****************************
09-11 15:04:22.790  3178  3178 I tlc_communication: Free WSM;171
09-11 15:04:22.790  3178  3178 E McClient:   *****************************
09-11 15:04:22.790  3178  3178 E McClient:   *** ERROR: Device has not been found
09-11 15:04:22.790  3178  3178 E McClient:   *** Detected in mcFreeWsm/1143()
09-11 15:04:22.790  3178  3178 E McClient:   *****************************
09-11 15:04:22.790  3178  3178 E tlc_communication:   *****************************
09-11 15:04:22.790  3178  3178 E tlc_communication:   *** ERROR: Free WSM for Trustlet is failed : 7
09-11 15:04:22.790  3178  3178 E tlc_communication:   *** Detected in tlc_close/175()
09-11 15:04:22.790  3178  3178 E tlc_communication:   *****************************
09-11 15:04:22.790  3178  3178 E McClient:   *****************************
09-11 15:04:22.790  3178  3178 E McClient:   *** ERROR: Device has not been found
09-11 15:04:22.790  3178  3178 E McClient:   *** Detected in mcFreeWsm/1143()
09-11 15:04:22.790  3178  3178 E McClient:   *****************************
09-11 15:04:22.790  3178  3178 E tlc_communication:   *****************************
09-11 15:04:22.790  3178  3178 E tlc_communication:   *** ERROR: Free WSM for Driver is failed : 7
09-11 15:04:22.790  3178  3178 E tlc_communication:   *** Detected in tlc_close/182()
09-11 15:04:22.790  3178  3178 E tlc_communication:   *****************************
09-11 15:04:22.790  3178  3178 I tlc_communication: Closing MobiCore device;189
09-11 15:04:22.790  3178  3178 E McClient:   *****************************
09-11 15:04:22.790  3178  3178 E McClient:   *** ERROR: Device not open
09-11 15:04:22.790  3178  3178 E McClient:   *** Detected in mcCloseDevice/292()
09-11 15:04:22.790  3178  3178 E McClient:   *****************************
09-11 15:04:22.790  3178  3178 E tlc_communication:   *****************************
09-11 15:04:22.790  3178  3178 E tlc_communication:   *** ERROR: Closing MobiCore device is failed : 33
09-11 15:04:22.790  3178  3178 E tlc_communication:   *** Detected in tlc_close/197()
09-11 15:04:22.790  3178  3178 E tlc_communication:   *****************************
09-11 15:04:22.790  3178  3178 I tlc_communication: tlc_close() successed;202
09-11 15:04:22.790  3178  3178 E bauth_FPBAuthService: BAuthSessionOpen Fail
09-11 15:04:22.790  3178  3178 I TLC_BAUTH: Call FUNC ID 0x4;696
09-11 15:04:22.790  3178  3178 I TLC_BAUTH: Trustlet Session is not opened. status : 0;822
09-11 15:04:22.790  3178  3178 I TLC_BAUTH: FUNC ID 0x4 is completed;828
09-11 15:04:22.790  3178  3178 I TLC_BAUTH: FUNC ID 0x2 is completed;463
09-11 15:04:22.790  3178  3178 D bauth_FPBAuthSensorControl: FPBAuthSensorControl, 304
09-11 15:04:22.790  3178  3178 D bauth_FPBAuthService: FPBAuthService, 688
09-11 15:04:22.790  3178  3178 D bauth_FPBAuthService: FPBAuthService, 7939
09-11 15:04:22.790  3178  3178 E bauth_FPBAuthService: sensor_type error : -1
09-11 15:04:22.790  3178  3178 D bauth_FPBAuthSensorControl: FPBAuthSensorControl, 839
09-11 15:04:22.790  3178  3178 D bauth_FPBAuthService: FPBAuthService, 278
09-11 15:04:22.790  3178  3178 D bauth_FPBAuthService: FPBAuthService, 628
09-11 15:04:22.790  3178  3178 D bauth_FPBAuthService: FPBAuthService, 1864
09-11 15:04:22.790  3178  3178 D bauth_FPBAuthService: FPBAuthService, 649
09-11 15:04:22.790  3178  3178 D bauth_FPBAuthSensorControl: FPBAuthSensorControl, 304
09-11 15:04:22.790  3178  3178 D bauth_FPBAuthService: FPBAuthService, 666
09-11 15:04:22.790  3178  3178 D bauth_FPBAuthService: FPBAuthService, 1886
09-11 15:04:22.790  3178  3178 I TLC_BAUTH: FUNC ID 0x1 is completed;437
09-11 15:04:22.790  3178  3178 I TLC_BAUTH: Call FUNC ID 0x3 , 5;477
09-11 15:04:22.790  3178  3178 I tlc_communication: tlc_open() called;82
09-11 15:04:22.790  3178  3178 I tlc_communication: Opening MobiCore device;86
09-11 15:04:22.791  3138  3194 E TeeMcDaemon: Insufficient data arrived [hardware/samsung_slsi/exynos8895/mobicore_kinibi400/Daemon/src/RegistryServer.cpp:404]
09-11 15:04:22.791  3178  3178 E McClient:   *****************************
09-11 15:04:22.791  3178  3178 E McClient:   *** ERROR: reading from Daemon failed
09-11 15:04:22.791  3178  3178 E McClient:   *** Detected in getDaemonVersion/1472()
09-11 15:04:22.791  3178  3178 E McClient:   *****************************
09-11 15:04:22.791  3178  3178 E tlc_communication:   *****************************
09-11 15:04:22.791  3178  3178 E tlc_communication:   *** ERROR: Opening MobiCore device is failed : 15
09-11 15:04:22.791  3178  3178 E tlc_communication:   *** Detected in tlc_open/94()
09-11 15:04:22.791  3178  3178 E tlc_communication:   *****************************
09-11 15:04:22.791  3178  3178 E TLC_BAUTH:   *****************************
09-11 15:04:22.791  3178  3178 E TLC_BAUTH:   *** ERROR: Open Trustlet Session is failed!!!
09-11 15:04:22.791  3178  3178 E TLC_BAUTH:   *** Detected in BAuth_SessionOpen/531()
09-11 15:04:22.791  3178  3178 E TLC_BAUTH:   *****************************
09-11 15:04:22.791  3178  3178 I tlc_communication: tlc_close() called;149
09-11 15:04:22.791  3178  3178 I tlc_communication: Closing the session;153
09-11 15:04:22.791  3178  3178 E McClient:   *****************************
09-11 15:04:22.791  3178  3178 E McClient:   *** ERROR: Device has not been found
09-11 15:04:22.791  3178  3178 E McClient:   *** Detected in mcCloseSession/906()
09-11 15:04:22.791  3178  3178 E McClient:   *****************************
09-11 15:04:22.791  3178  3178 E tlc_communication:   *****************************
09-11 15:04:22.791  3178  3178 E tlc_communication:   *** ERROR: Closing the Driver session is failed : 7
09-11 15:04:22.791  3178  3178 E tlc_communication:   *** Detected in tlc_close/157()
09-11 15:04:22.791  3178  3178 E tlc_communication:   *****************************
09-11 15:04:22.791  3178  3178 E McClient:   *****************************
09-11 15:04:22.791  3178  3178 E McClient:   *** ERROR: Device has not been found
09-11 15:04:22.791  3178  3178 E McClient:   *** Detected in mcCloseSession/906()
09-11 15:04:22.791  3178  3178 E McClient:   *****************************
09-11 15:04:22.791  3178  3178 E tlc_communication:   *****************************
09-11 15:04:22.791  3178  3178 E tlc_communication:   *** ERROR: Closing the Trustlet session is failed : 7
09-11 15:04:22.791  3178  3178 E tlc_communication:   *** Detected in tlc_close/164()
09-11 15:04:22.791  3178  3178 E tlc_communication:   *****************************
09-11 15:04:22.791  3178  3178 I tlc_communication: Free WSM;171
09-11 15:04:22.791  3178  3178 E McClient:   *****************************
09-11 15:04:22.791  3178  3178 E McClient:   *** ERROR: Device has not been found
09-11 15:04:22.791  3178  3178 E McClient:   *** Detected in mcFreeWsm/1143()
09-11 15:04:22.791  3178  3178 E McClient:   *****************************
09-11 15:04:22.791  3178  3178 E tlc_communication:   *****************************
09-11 15:04:22.791  3178  3178 E tlc_communication:   *** ERROR: Free WSM for Trustlet is failed : 7
09-11 15:04:22.791  3178  3178 E tlc_communication:   *** Detected in tlc_close/175()
09-11 15:04:22.791  3178  3178 E tlc_communication:   *****************************
09-11 15:04:22.791  3178  3178 E McClient:   *****************************
09-11 15:04:22.791  3178  3178 E McClient:   *** ERROR: Device has not been found
09-11 15:04:22.791  3178  3178 E McClient:   *** Detected in mcFreeWsm/1143()
09-11 15:04:22.791  3178  3178 E McClient:   *****************************
09-11 15:04:22.791  3178  3178 E tlc_communication:   *****************************
09-11 15:04:22.791  3178  3178 E tlc_communication:   *** ERROR: Free WSM for Driver is failed : 7
09-11 15:04:22.791  3178  3178 E tlc_communication:   *** Detected in tlc_close/182()
09-11 15:04:22.791  3178  3178 E tlc_communication:   *****************************
09-11 15:04:22.791  3178  3178 I tlc_communication: Closing MobiCore device;189
09-11 15:04:22.791  3178  3178 E McClient:   *****************************
09-11 15:04:22.791  3178  3178 E McClient:   *** ERROR: Device not open
09-11 15:04:22.791  3178  3178 E McClient:   *** Detected in mcCloseDevice/292()
09-11 15:04:22.791  3178  3178 E McClient:   *****************************
09-11 15:04:22.791  3178  3178 E tlc_communication:   *****************************
09-11 15:04:22.791  3178  3178 E tlc_communication:   *** ERROR: Closing MobiCore device is failed : 33
09-11 15:04:22.791  3178  3178 E tlc_communication:   *** Detected in tlc_close/197()
09-11 15:04:22.791  3178  3178 E tlc_communication:   *****************************
09-11 15:04:22.791  3178  3178 I tlc_communication: tlc_close() successed;202
09-11 15:04:22.791  3178  3178 E bauth_FPBAuthService: BAuthSessionOpen Fail
09-11 15:04:22.791  3178  3178 D bauth_FPBAuthService: thread id : 3, preenroll_flag : 0, nd cnt : 0
09-11 15:04:22.791  3178  3178 D bauth_FPBAuthService: FPBAuthService, 7282
09-11 15:04:22.791  3178  3178 D bauth_service: BAuthService, 248
09-11 15:04:22.791  3178  3178 E fingerprintd: Wrong fp version. Expected 513, got 512
09-11 15:04:22.791  3178  3178 D bauth_service: BAuthService, 1692
09-11 15:04:22.791  3178  3178 D bauth_FPBAuthService: FPBAUTH setNotifyCallback
09-11 15:04:22.791  3178  3178 D bauth_FPBAuthService: thread id : 3, preenroll_flag : 0, nd cnt : 0
09-11 15:04:22.791  3178  3178 D bauth_service: BAuthService, 1711
09-11 15:04:22.791  3178  3178 V fingerprintd: fingerprint HAL successfully initialized
09-11 15:04:22.792  3178  3178 V fingerprintd: setActiveGroup(0, /data/system/users/0/fpdata, 27)
09-11 15:04:22.792  3178  3178 D bauth_service: BAuthService, 1718
09-11 15:04:22.792  3178  3178 E bauth_FPBAuthService: active_group path is diff : /data/system/users/0/fpdata
09-11 15:04:22.792  3178  3178 D bauth_FPBAuthService: FPBAuthService, 4229
09-11 15:04:22.792  3178  3178 D bauth_FPBAuthService: FPBAuthService, 5217
09-11 15:04:22.792  3178  3178 D bauth_FPBAuthService: FPBAuthService, 5221
09-11 15:04:22.792  3178  3178 D bauth_FPBAuthService: FPBAuthService, 5264
09-11 15:04:22.793  3178  3178 E bauth_FPBAuthServiceStorage: UserID Directory is not existed
09-11 15:04:22.793  3178  3178 E bauth_FPBAuthService: getEnrolledBioIdxList num templates is in DB is 0
09-11 15:04:22.793  3178  3178 D bauth_FPBAuthService: FPBAuthService, 5224
09-11 15:04:22.793  3178  3178 D bauth_FPBAuthService: enumerate bioidxList.length==0 or 1
09-11 15:04:22.793  3178  3178 D bauth_FPBAuthService: FPBAuthService, 5264
09-11 15:04:22.794  3178  3178 E bauth_FPBAuthServiceStorage: UserID Directory is not existed
09-11 15:04:22.794  3178  3178 E bauth_FPBAuthService: getEnrolledBioIdxList num templates is in DB is 0
09-11 15:04:22.794  3178  3178 D bauth_FPBAuthService: FPBAuthService, 5255
09-11 15:04:22.794  3178  3178 D bauth_FPBAuthService: BAuthSessionOpen Skip
09-11 15:04:22.794  3178  3178 E bauth_FPBAuthServiceStorage: FPBAuthServiceStorage::readCALIBRATIONMetaData VERSION file isn't exist
09-11 15:04:22.794  3178  3178 E bauth_FPBAuthService: Version file isn't exist
09-11 15:04:22.794  3178  3178 E bauth_FPBAuthServiceStorage:  FPBAuthServiceStorage::readSEC_AUTH_IDMetaData fileopen error : 2
09-11 15:04:22.794  3178  3178 D bauth_FPBAuthService: SEC_AUTH_ID file isn't exist
09-11 15:04:22.794  3178  3178 I TLC_BAUTH: Call FP cmd 0xc (45);1562
09-11 15:04:22.794  3178  3178 I TLC_BAUTH: status : 0, cmd : 0x0x0 rsp : 0x0x0;1599
09-11 15:04:22.794  3178  3178 E TLC_BAUTH:   *****************************
09-11 15:04:22.794  3178  3178 E TLC_BAUTH:   *** ERROR: TZ Session is not opened properly - Ignore
09-11 15:04:22.794  3178  3178 E TLC_BAUTH:   *** Detected in BAuth_Control_OP/1599()
09-11 15:04:22.794  3178  3178 E TLC_BAUTH:   *****************************
09-11 15:04:22.794  3178  3178 E bauth_FPBAuthService: set_active_group BAUTH_OP_CODE_SAVE_SECAUTH_ID fail : 29
09-11 15:04:22.794  3178  3178 D bauth_FPBAuthService: FPBAuthService, 4462
09-11 15:04:22.794  3178  3178 D bauth_FPBAuthService: thread id : 3, preenroll_flag : 0, nd cnt : 0
09-11 15:04:22.794  3178  3178 D bauth_service: BAuthService, 1739
09-11 15:04:22.794  3178  3178 D bauth_service: BAuthService, 371
09-11 15:04:22.794  3178  3178 D bauth_FPBAuthService: get_aid val : 0
09-11 15:04:22.794  3178  3178 D bauth_FPBAuthService: thread id : 3, preenroll_flag : 0, nd cnt : 0
09-11 15:04:22.794  3178  3178 D bauth_service: BAuthService, 390
09-11 15:04:22.794  3178  3178 D bauth_service: BAuthService, 371
09-11 15:04:22.794  3178  3178 D bauth_FPBAuthService: get_aid val : 0
09-11 15:04:22.794  3178  3178 D bauth_FPBAuthService: thread id : 3, preenroll_flag : 0, nd cnt : 0
09-11 15:04:22.794  3178  3178 D bauth_service: BAuthService, 390
09-11 15:04:22.794  3550  3550 V FingerprintService: Fingerprint HAL id: 548327948800
09-11 15:04:22.794  3550  3550 I SystemServer: StartBackgroundDexOptService
09-11 15:04:22.795  3550  3550 I SystemServiceManager: Starting com.android.server.pm.ShortcutService$Lifecycle
09-11 15:04:22.797  3550  3550 I SystemServiceManager: Starting com.android.server.pm.LauncherAppsService
09-11 15:04:22.797  3550  3550 I SystemServiceManager: Starting com.android.server.media.projection.MediaProjectionManagerService
09-11 15:04:22.820  3550  3550 I SystemServiceManager: Starting com.android.server.MmsServiceBroker
