09-05 23:21:57.167  3568  3568 W PackageManager: Unknown permission com.cyanogenmod.lockclock.permission.READ_WEATHER in package com.android.systemui
09-05 23:21:57.170  3568  3568 W PackageManager: Unknown permission com.google.android.gallery3d.permission.GALLERY_PROVIDER in package com.android.bluetooth
09-05 23:21:57.172  3568  3568 W PackageManager: Unknown permission com.google.android.googleapps.permission.ACCESS_GOOGLE_PASSWORD in package com.android.development
09-05 23:21:57.172  3568  3568 W PackageManager: Unknown permission com.google.android.googleapps.permission.GOOGLE_AUTH in package com.android.development
09-05 23:21:57.172  3568  3568 W PackageManager: Unknown permission com.google.android.googleapps.permission.GOOGLE_AUTH.ALL_SERVICES in package com.android.development
09-05 23:21:57.172  3568  3568 W PackageManager: Unknown permission com.google.android.googleapps.permission.GOOGLE_AUTH.YouTubeUser in package com.android.development
09-05 23:21:57.174  3568  3568 V PackageManager: reconcileAppsData for null u0 0x3
09-05 23:21:57.175  3169  3169 E SELinux : selinux_android_file_context_handle: Error getting file context handle (No such file or directory)
09-05 23:21:57.316  3568  3568 V PackageManager: reconcileAppsData finished 94 packages
09-05 23:21:57.317  3568  3568 V PackageManager: Disabling com.google.android.gsf/com.google.android.gsf.update.SystemUpdateActivity
09-05 23:21:57.317  3568  3568 W PackageManager: Unable to disable com.google.android.gsf/com.google.android.gsf.update.SystemUpdateActivity
09-05 23:21:57.317  3568  3568 V PackageManager: Disabling com.google.android.gsf/com.google.android.gsf.update.SystemUpdateService$Receiver
09-05 23:21:57.317  3568  3568 W PackageManager: Unable to disable com.google.android.gsf/com.google.android.gsf.update.SystemUpdateService$Receiver
09-05 23:21:57.317  3568  3568 V PackageManager: Disabling com.google.android.gsf/com.google.android.gsf.update.SystemUpdateService$SecretCodeReceiver
09-05 23:21:57.317  3568  3568 W PackageManager: Unable to disable com.google.android.gsf/com.google.android.gsf.update.SystemUpdateService$SecretCodeReceiver
09-05 23:21:57.317  3568  3568 V PackageManager: Disabling com.google.android.gsf/com.google.android.gsf.update.SystemUpdateServiceReceiver
09-05 23:21:57.318  3568  3568 W PackageManager: Unable to disable com.google.android.gsf/com.google.android.gsf.update.SystemUpdateServiceReceiver
09-05 23:21:57.318  3568  3568 V PackageManager: Disabling com.google.android.gms/com.google.android.gms.update.SystemUpdateActivity
09-05 23:21:57.318  3568  3568 W PackageManager: Unable to disable com.google.android.gms/com.google.android.gms.update.SystemUpdateActivity
09-05 23:21:57.318  3568  3568 V PackageManager: Disabling com.google.android.gms/com.google.android.gms.update.SystemUpdateService$Receiver
09-05 23:21:57.318  3568  3568 W PackageManager: Unable to disable com.google.android.gms/com.google.android.gms.update.SystemUpdateService$Receiver
09-05 23:21:57.318  3568  3568 V PackageManager: Disabling com.google.android.gms/com.google.android.gms.update.SystemUpdateService$ActiveReceiver
09-05 23:21:57.318  3568  3568 W PackageManager: Unable to disable com.google.android.gms/com.google.android.gms.update.SystemUpdateService$ActiveReceiver
09-05 23:21:57.318  3568  3568 V PackageManager: Disabling com.google.android.gms/com.google.android.gms.update.SystemUpdateService$SecretCodeReceiver
09-05 23:21:57.318  3568  3568 W PackageManager: Unable to disable com.google.android.gms/com.google.android.gms.update.SystemUpdateService$SecretCodeReceiver
09-05 23:21:57.319  3568  3568 V PackageManager: Disabling com.google.android.gms/com.google.android.gms.update.SystemUpdateServiceReceiver
09-05 23:21:57.319  3568  3568 W PackageManager: Unable to disable com.google.android.gms/com.google.android.gms.update.SystemUpdateServiceReceiver
09-05 23:21:57.319  3568  3568 V PackageManager: Enabling com.google.android.gsf/com.google.android.gsf.update.SystemUpdateService
09-05 23:21:57.319  3568  3568 W PackageManager: Unable to enable com.google.android.gsf/com.google.android.gsf.update.SystemUpdateService
09-05 23:21:57.319  3568  3568 V PackageManager: Enabling com.google.android.gms/com.google.android.gms.update.SystemUpdateService
09-05 23:21:57.319  3568  3568 W PackageManager: Unable to enable com.google.android.gms/com.google.android.gms.update.SystemUpdateService
09-05 23:21:57.530  3822  3822 V lhd     : GlLhdInterface::Init(/system/etc/lhd.conf)
09-05 23:21:57.530  3822  3822 E lhd     : SetCfgValue: Critical Error. Unknown configuration parameter "FlpName"="tcp"
09-05 23:21:57.530  3822  3822 V lhd     : SetCfgValue: LHD config "LheSerialControl"="BBD:Serial=TTY"
09-05 23:21:57.530  3822  3822 E lhd     : SetCfgValue: Critical Error. Unknown configuration parameter "LheClockMHz"="100"
09-05 23:21:57.530  3822  3822 V lhd     : SetCfgValue: LHD config "LhePatch"="/dev/bbd_patch"
09-05 23:21:57.530  3822  3822 V lhd     : SetCfgValue: LHD config "LheMaxMcuResetTries"="4"
09-05 23:21:57.530  3822  3822 V lhd     : SetCfgValue: LHD config "LheBbdPacket"="/dev/ttyBCM"
09-05 23:21:57.530  3822  3822 V lhd     : SetCfgValue: LHD config "LheBbdControl"="/dev/bbd_control"
09-05 23:21:57.530  3822  3822 V lhd     : SetCfgValue: LHD config "LheBbdSensor"="/dev/bbd_sensor"
09-05 23:21:57.530  3822  3822 V lhd     : SetCfgValue: LHD config "Lhe477xDebugFlags"="RPC:FACILITY=33:STDOUT_PUTS:STDOUT_LOG"
09-05 23:21:57.530  3822  3822 E lhd     : SetCfgValue: Critical Error. Unknown configuration parameter "LheSensorIpc"="true"
09-05 23:21:57.530  3822  3822 E lhd     : SetCfgValue: Critical Error. Unknown configuration parameter "LhePinMux"="P17=M1"
09-05 23:21:57.530  3822  3822 V lhd     : SetCfgValue: LHD config "LheAutoBaudDelayMS"="10"
09-05 23:21:57.530  3822  3822 V lhd     : SetCfgValue: LHD config "LheMaxMcuResetTries"="3"
09-05 23:21:57.531  3822  3822 E lhd     : OpenFirmwareFile: Fail to open /efs/sec_efs/sensorhub_urgent_fw.patch, errno 2
09-05 23:21:57.531  3822  3822 E lhd     : getCustPatchVersion: Fail to parse patch /efs/sec_efs/sensorhub_urgent_fw.patch
09-05 23:21:57.531  3822  3822 E lhd     : getCustPatchVersion: <CustomerVersion> not found
09-05 23:21:57.567  3164  3164 D wrapperGPS: wrapperConnect_RILD
09-05 23:21:57.590  3822  3822 D lhd     : OnIpcConnect
09-05 23:21:57.654  3568  3568 I PackageManager.DexOptimizer: Running dexopt (dex2oat) on: /system/priv-app/TelephonyProvider/TelephonyProvider.apk pkg=com.android.providers.telephony isa=arm64 vmSafeMode=false debuggable=false target-filter=speed oatDir = null sharedLibraries=null
09-05 23:21:57.670  3824  3824 I dex2oat : /system/bin/dex2oat --compiler-filter=speed
09-05 23:21:57.902  3824  3824 I dex2oat : dex2oat took 232.035ms (threads: 8) arena alloc=7MB (7828664B) java alloc=369KB (378080B) native alloc=2029KB (2078224B) free=12MB (12601840B)
09-05 23:21:57.906  3568  3568 I PackageManager.DexOptimizer: Running dexopt (dex2oat) on: /system/priv-app/MmsService/MmsService.apk pkg=com.android.mms.service isa=arm64 vmSafeMode=false debuggable=false target-filter=speed oatDir = null sharedLibraries=null
09-05 23:21:57.922  3833  3833 I dex2oat : /system/bin/dex2oat --compiler-filter=speed
09-05 23:21:58.031  3833  3833 I dex2oat : dex2oat took 109.402ms (threads: 8) arena alloc=2MB (2827288B) java alloc=254KB (260840B) native alloc=1614KB (1652960B) free=5MB (5687072B)
09-05 23:21:58.034  3568  3568 I PackageManager.DexOptimizer: Running dexopt (dex2oat) on: /system/priv-app/DefaultContainerService/DefaultContainerService.apk pkg=com.android.defcontainer isa=arm64 vmSafeMode=false debuggable=false target-filter=speed oatDir = null sharedLibraries=null
09-05 23:21:58.050  3842  3842 I dex2oat : /system/bin/dex2oat --compiler-filter=speed
09-05 23:21:58.125  3842  3842 I dex2oat : dex2oat took 75.313ms (threads: 8) arena alloc=536KB (549456B) java alloc=108KB (110976B) native alloc=1169KB (1197112B) free=2MB (2472904B)
09-05 23:21:58.128  3568  3568 I PackageManager.DexOptimizer: Running dexopt (dex2oat) on: /system/priv-app/SettingsProvider/SettingsProvider.apk pkg=com.android.providers.settings isa=arm64 vmSafeMode=false debuggable=false target-filter=speed oatDir = null sharedLibraries=null
09-05 23:21:58.144  3851  3851 I dex2oat : /system/bin/dex2oat --compiler-filter=speed
09-05 23:21:58.358  3851  3851 I dex2oat : dex2oat took 214.822ms (threads: 8) arena alloc=6MB (6933832B) java alloc=296KB (304072B) native alloc=1860KB (1905416B) free=10MB (11201784B)
09-05 23:21:58.362  3568  3568 I PackageManager.DexOptimizer: Running dexopt (dex2oat) on: /system/priv-app/InputDevices/InputDevices.apk pkg=com.android.inputdevices isa=arm64 vmSafeMode=false debuggable=false target-filter=speed oatDir = null sharedLibraries=null
09-05 23:21:58.378  3860  3860 I dex2oat : /system/bin/dex2oat --compiler-filter=speed
09-05 23:21:58.440  3860  3860 I dex2oat : dex2oat took 63.074ms (threads: 8) arena alloc=15KB (15632B) java alloc=32KB (33200B) native alloc=863KB (883984B) free=1696KB (1737456B)
09-05 23:21:58.443  3568  3568 I PackageManager.DexOptimizer: Running dexopt (dex2oat) on: /system/app/ExtShared/ExtShared.apk pkg=android.ext.shared isa=arm64 vmSafeMode=false debuggable=false target-filter=speed oatDir = null sharedLibraries=null
09-05 23:21:58.458  3869  3869 I dex2oat : /system/bin/dex2oat --compiler-filter=speed
09-05 23:21:58.521  3869  3869 I dex2oat : dex2oat took 62.710ms (threads: 8) arena alloc=78KB (79992B) java alloc=55KB (57056B) native alloc=874KB (895392B) free=2MB (2250336B)
09-05 23:21:58.523  3568  3568 I PackageManager.DexOptimizer: Running dexopt (dex2oat) on: /system/priv-app/Telecom/Telecom.apk pkg=com.android.server.telecom isa=arm64 vmSafeMode=false debuggable=false target-filter=speed oatDir = null sharedLibraries=null
09-05 23:21:58.539  3878  3878 I dex2oat : /system/bin/dex2oat --compiler-filter=speed
09-05 23:21:58.567  3164  3164 D wrapperGPS: wrapperConnect_RILD
09-05 23:21:58.947  3878  3878 I dex2oat : dex2oat took 408.519ms (threads: 8) arena alloc=4MB (4677200B) java alloc=1145KB (1173376B) native alloc=4MB (4751192B) free=7MB (8356008B)
09-05 23:21:58.952  3568  3568 I PackageManager.DexOptimizer: Running dexopt (dex2oat) on: /system/priv-app/Dialer/Dialer.apk pkg=com.android.dialer isa=arm64 vmSafeMode=false debuggable=false target-filter=speed oatDir = null sharedLibraries=null
09-05 23:21:58.968  3887  3887 I dex2oat : /system/bin/dex2oat --compiler-filter=speed
09-05 23:21:59.159  3887  3892 W dex2oat : Before Android 4.1, method android.graphics.PorterDuffColorFilter android.support.graphics.drawable.VectorDrawableCompat.updateTintFilter(android.graphics.PorterDuffColorFilter, android.content.res.ColorStateList, android.graphics.PorterDuff$Mode) would have incorrectly overridden the package-private method in android.graphics.drawable.Drawable
09-05 23:21:59.172  3887  3893 W dex2oat : Before Android 4.1, method int android.support.v7.widget.ListViewCompat.lookForSelectablePosition(int, boolean) would have incorrectly overridden the package-private method in android.widget.ListView
09-05 23:21:59.567  3164  3164 D wrapperGPS: wrapperConnect_RILD
09-05 23:22:00.549  3887  3887 I dex2oat : dex2oat took 1.581s (threads: 8) arena alloc=4MB (4537176B) java alloc=6MB (6307560B) native alloc=16MB (17212920B) free=7MB (7952904B)
09-05 23:22:00.555  3568  3568 I PackageManager.DexOptimizer: Running dexopt (dex2oat) on: /system/priv-app/ExtServices/ExtServices.apk pkg=android.ext.services isa=arm64 vmSafeMode=false debuggable=false target-filter=speed oatDir = null sharedLibraries=null
09-05 23:22:00.568  3164  3164 D wrapperGPS: wrapperConnect_RILD
09-05 23:22:00.571  3896  3896 I dex2oat : /system/bin/dex2oat --compiler-filter=speed
09-05 23:22:00.646  3896  3896 I dex2oat : dex2oat took 75.456ms (threads: 8) arena alloc=337KB (345992B) java alloc=103KB (106208B) native alloc=1129KB (1156240B) free=2MB (2513776B)
09-05 23:22:00.649  3568  3568 I PackageManager.DexOptimizer: Running dexopt (dex2oat) on: /system/priv-app/CMSettingsProvider/CMSettingsProvider.apk pkg=org.cyanogenmod.cmsettings isa=arm64 vmSafeMode=false debuggable=false target-filter=speed oatDir = null sharedLibraries=null
09-05 23:22:00.665  3905  3905 I dex2oat : /system/bin/dex2oat --compiler-filter=speed
09-05 23:22:00.778  3905  3905 I dex2oat : dex2oat took 113.271ms (threads: 8) arena alloc=1878KB (1923712B) java alloc=254KB (260496B) native alloc=1683KB (1724264B) free=3MB (4042904B)
09-05 23:22:00.781  3568  3568 I PackageManager.DexOptimizer: Running dexopt (dex2oat) on: /system/priv-app/PackageInstaller/PackageInstaller.apk pkg=com.android.packageinstaller isa=arm64 vmSafeMode=false debuggable=false target-filter=speed oatDir = null sharedLibraries=null
09-05 23:22:00.797  3914  3914 I dex2oat : /system/bin/dex2oat --compiler-filter=speed
09-05 23:22:00.891  3914  3916 W dex2oat : Before Android 4.1, method android.graphics.PorterDuffColorFilter android.support.graphics.drawable.VectorDrawableCompat.updateTintFilter(android.graphics.PorterDuffColorFilter, android.content.res.ColorStateList, android.graphics.PorterDuff$Mode) would have incorrectly overridden the package-private method in android.graphics.drawable.Drawable
09-05 23:22:00.909  3914  3918 W dex2oat : Before Android 4.1, method int android.support.v7.widget.ListViewCompat.lookForSelectablePosition(int, boolean) would have incorrectly overridden the package-private method in android.widget.ListView
09-05 23:22:01.537  3914  3914 I dex2oat : dex2oat took 740.115ms (threads: 8) arena alloc=5MB (5366232B) java alloc=3MB (4132688B) native alloc=7MB (7839760B) free=8MB (8937456B)
09-05 23:22:01.541  3568  3568 I PackageManager.DexOptimizer: Running dexopt (dex2oat) on: /system/priv-app/ProxyHandler/ProxyHandler.apk pkg=com.android.proxyhandler isa=arm64 vmSafeMode=false debuggable=false target-filter=speed oatDir = null sharedLibraries=null
09-05 23:22:01.557  3923  3923 I dex2oat : /system/bin/dex2oat --compiler-filter=speed
09-05 23:22:01.568  3164  3164 D wrapperGPS: wrapperConnect_RILD
09-05 23:22:01.636  3923  3923 I dex2oat : dex2oat took 78.652ms (threads: 8) arena alloc=1271KB (1301752B) java alloc=100KB (102400B) native alloc=1134KB (1161640B) free=2MB (3032664B)
09-05 23:22:01.639  3568  3568 I PackageManager.DexOptimizer: Running dexopt (dex2oat) on: /system/app/LatinIME/LatinIME.apk pkg=com.android.inputmethod.latin isa=arm64 vmSafeMode=false debuggable=false target-filter=speed oatDir = null sharedLibraries=null
09-05 23:22:01.655  3932  3932 I dex2oat : /system/bin/dex2oat --compiler-filter=speed
09-05 23:22:02.136  3932  3932 I dex2oat : dex2oat took 481.879ms (threads: 8) arena alloc=3MB (3299664B) java alloc=1811KB (1855024B) native alloc=4MB (5089176B) free=6MB (6445160B)
09-05 23:22:02.140  3568  3568 I PackageManager.DexOptimizer: Running dexopt (dex2oat) on: /system/priv-app/Settings/Settings.apk pkg=com.android.settings isa=arm64 vmSafeMode=false debuggable=false target-filter=speed oatDir = null sharedLibraries=null
09-05 23:22:02.156  3942  3942 I dex2oat : /system/bin/dex2oat --compiler-filter=speed
09-05 23:22:02.341  3942  3949 W dex2oat : Before Android 4.1, method android.graphics.PorterDuffColorFilter android.support.graphics.drawable.VectorDrawableCompat.updateTintFilter(android.graphics.PorterDuffColorFilter, android.content.res.ColorStateList, android.graphics.PorterDuff$Mode) would have incorrectly overridden the package-private method in android.graphics.drawable.Drawable
09-05 23:22:02.354  3942  3949 W dex2oat : Before Android 4.1, method int android.support.v7.widget.ListViewCompat.lookForSelectablePosition(int, boolean) would have incorrectly overridden the package-private method in android.widget.ListView
09-05 23:22:02.568  3164  3164 D wrapperGPS: wrapperConnect_RILD
09-05 23:22:03.569  3164  3164 D wrapperGPS: wrapperConnect_RILD
09-05 23:22:03.754  3942  3942 I dex2oat : dex2oat took 1.598s (threads: 8) arena alloc=6MB (7295440B) java alloc=9MB (9981264B) native alloc=17MB (18042240B) free=10MB (10793600B)
09-05 23:22:03.761  3568  3568 I PackageManager.DexOptimizer: Running dexopt (dex2oat) on: /system/priv-app/TeleService/TeleService.apk pkg=com.android.phone isa=arm64 vmSafeMode=false debuggable=false target-filter=speed oatDir = null sharedLibraries=null
09-05 23:22:03.777  3951  3951 I dex2oat : /system/bin/dex2oat --compiler-filter=speed
09-05 23:22:04.569  3164  3164 D wrapperGPS: wrapperConnect_RILD
09-05 23:22:04.582  3951  3951 I dex2oat : dex2oat took 805.415ms (threads: 8) arena alloc=9MB (10367016B) java alloc=2MB (2739856B) native alloc=8MB (8872400B) free=13MB (14196272B)
09-05 23:22:04.587  3568  3568 I PackageManager.DexOptimizer: Running dexopt (dex2oat) on: /system/priv-app/Shell/Shell.apk pkg=com.android.shell isa=arm64 vmSafeMode=false debuggable=false target-filter=speed oatDir = null sharedLibraries=null
09-05 23:22:04.603  3960  3960 I dex2oat : /system/bin/dex2oat --compiler-filter=speed
09-05 23:22:04.766  3960  3960 I dex2oat : dex2oat took 163.936ms (threads: 8) arena alloc=1696KB (1736944B) java alloc=349KB (357632B) native alloc=1834KB (1878520B) free=4MB (4412936B)
09-05 23:22:04.770  3568  3568 I PackageManager.DexOptimizer: Running dexopt (dex2oat) on: /system/priv-app/FusedLocation/FusedLocation.apk pkg=com.android.location.fused isa=arm64 vmSafeMode=false debuggable=false target-filter=speed oatDir = null sharedLibraries=/system/framework/com.android.location.provider.jar
09-05 23:22:04.786  3969  3969 I dex2oat : /system/bin/dex2oat --compiler-filter=speed
09-05 23:22:04.861  3969  3969 I dex2oat : dex2oat took 75.941ms (threads: 8) arena alloc=445KB (456488B) java alloc=143KB (146944B) native alloc=1290KB (1321912B) free=2MB (2872392B)
09-05 23:22:04.865  3568  3568 I PackageManager.DexOptimizer: Running dexopt (dex2oat) on: /system/priv-app/SystemUI/SystemUI.apk pkg=com.android.systemui isa=arm64 vmSafeMode=false debuggable=false target-filter=speed oatDir = null sharedLibraries=null
09-05 23:22:04.881  3978  3978 I dex2oat : /system/bin/dex2oat --compiler-filter=speed
09-05 23:22:05.079  3978  3982 W dex2oat : Before Android 4.1, method android.graphics.PorterDuffColorFilter android.support.graphics.drawable.VectorDrawableCompat.updateTintFilter(android.graphics.PorterDuffColorFilter, android.content.res.ColorStateList, android.graphics.PorterDuff$Mode) would have incorrectly overridden the package-private method in android.graphics.drawable.Drawable
09-05 23:22:05.096  3978  3983 W dex2oat : Before Android 4.1, method int android.support.v7.widget.ListViewCompat.lookForSelectablePosition(int, boolean) would have incorrectly overridden the package-private method in android.widget.ListView
09-05 23:22:05.569  3164  3164 D wrapperGPS: wrapperConnect_RILD
09-05 23:22:06.570  3164  3164 D wrapperGPS: wrapperConnect_RILD
09-05 23:22:06.612  3978  3978 I dex2oat : dex2oat took 1.732s (threads: 8) arena alloc=3MB (3436392B) java alloc=10MB (10598392B) native alloc=18MB (19030440B) free=7MB (7708248B)
09-05 23:22:06.619  3568  3568 I PackageManager.DexOptimizer: Running dexopt (dex2oat) on: /system/priv-app/WeatherManagerService/WeatherManagerService.apk pkg=org.cyanogenmod.weatherservice isa=arm64 vmSafeMode=false debuggable=false target-filter=speed oatDir = null sharedLibraries=null
09-05 23:22:06.635  3987  3987 I dex2oat : /system/bin/dex2oat --compiler-filter=speed
09-05 23:22:06.775  3987  3987 I dex2oat : dex2oat took 140.838ms (threads: 8) arena alloc=2004KB (2053008B) java alloc=362KB (370824B) native alloc=1572KB (1610200B) free=4MB (5205544B)
09-05 23:22:06.779  3568  3568 E PackageManager: There should probably be a verifier, but, none were found
09-05 23:22:06.782  3568  3568 D PackageManager: Ephemeral resolver NOT found; no matching intent filters
09-05 23:22:06.783  3568  3568 I PackageManager: Ephemeral deactivated; missing resolver and installer
09-05 23:22:06.783  3568  3568 I art     : Starting a blocking GC Explicit
09-05 23:22:06.805  3568  3568 I art     : Explicit concurrent mark sweep GC freed 53950(3MB) AllocSpace objects, 45(2MB) LOS objects, 33% free, 9MB/13MB, paused 138us total 21.913ms
09-05 23:22:06.807  3568  3568 I SystemServer: StartOtaDexOptService
09-05 23:22:06.809  3568  3568 I SystemServer: StartUserManagerService
09-05 23:22:06.809  3568  3568 I SystemServiceManager: Starting com.android.server.pm.UserManagerService$LifeCycle
09-05 23:22:06.822  3147  3147 I lowmemorykiller: ActivityManager connected
09-05 23:22:06.822  3568  3568 I SystemServiceManager: Starting com.android.server.BatteryService
09-05 23:22:06.823  3568  3997 D SensorService: nuSensorService starting...
09-05 23:22:06.825  3568  3997 W MultiHal: No multihal config file found at /system/etc/sensors/hals.conf
09-05 23:22:06.825  3568  3997 I SensorService: Generated new HMAC key.
09-05 23:22:06.827  3568  3568 I SystemServiceManager: Starting com.android.server.usage.UsageStatsService
09-05 23:22:06.833  3568  3568 I SystemServiceManager: Starting com.android.server.webkit.WebViewUpdateService
09-05 23:22:06.836  3568  3568 I SystemServer: Reading configuration...
09-05 23:22:06.836  3568  3568 I SystemServer: StartSchedulingPolicyService
09-05 23:22:06.837  3568  3568 I SystemServiceManager: Starting com.android.server.telecom.TelecomLoaderService
09-05 23:22:06.837  3568  3568 I SystemServer: StartTelephonyRegistry
09-05 23:22:06.841  3568  3568 I SystemServer: StartEntropyMixer
09-05 23:22:06.841  3568  3568 W EntropyMixer: No existing entropy file -- first boot?
09-05 23:22:06.860  3568  3568 I EntropyMixer: Added HW RNG output to entropy pool
09-05 23:22:06.861  3568  3568 I EntropyMixer: Writing entropy...
09-05 23:22:06.866  3568  3568 I SystemServer: Camera Service
09-05 23:22:06.866  3568  3568 I SystemServiceManager: Starting com.android.server.camera.CameraService
09-05 23:22:06.868  3568  3998 I ServiceThread: Enabled StrictMode logging for CameraService_proxy looper.
09-05 23:22:06.869  3568  3568 I SystemServer: StartAccountManagerService
09-05 23:22:06.869  3568  3568 I SystemServiceManager: Starting com.android.server.accounts.AccountManagerService$Lifecycle
09-05 23:22:06.876  3568  3568 I SystemServer: StartContentService
09-05 23:22:06.876  3568  3568 I SystemServiceManager: Starting com.android.server.content.ContentService$Lifecycle
09-05 23:22:06.877  3568  3568 I SystemServer: InstallSystemProviders
09-05 23:22:06.880  3568  3568 W System  : ClassLoader referenced unknown path: /system/priv-app/CMSettingsProvider/lib/arm64
09-05 23:22:06.908  3568  3568 D ActivityThread: Loading provider settings: com.android.providers.settings.SettingsProvider
09-05 23:22:06.910  3568  3568 W System  : ClassLoader referenced unknown path: /system/priv-app/SettingsProvider/lib/arm64
09-05 23:22:06.911  3568  3568 D ApplicationLoaders: ignored Vulkan layer search path /system/priv-app/SettingsProvider/lib/arm64:/system/priv-app/SettingsProvider/SettingsProvider.apk!/lib/arm64-v8a:/system/lib64:/vendor/lib64 for namespace 0x7f8a834160
09-05 23:22:06.966  3568  3568 I SettingsState: No settings state /data/system/users/0/settings_system.xml
09-05 23:22:06.974  3568  3568 I SettingsState: No settings state /data/system/users/0/settings_secure.xml
09-05 23:22:06.978  3568  3568 D SettingsProvider: Generated and saved new ANDROID_ID [12c13153060e29f2] for user 0
09-05 23:22:06.984  3568  3568 I SettingsState: No settings state /data/system/users/0/settings_global.xml
09-05 23:22:07.017  3568  3568 I SystemServer: StartVibratorService
09-05 23:22:07.021  3568  3568 I SystemServer: StartConsumerIrService
09-05 23:22:07.021  3568  3568 E ConsumerIrService: Can't open consumer IR HW Module, error: -2
09-05 23:22:07.022  3568  3568 I SystemServer: StartAlarmManagerService
09-05 23:22:07.022  3568  3568 I SystemServiceManager: Starting com.android.server.AlarmManagerService
09-05 23:22:07.028  3568  3568 I SystemServer: InitWatchdog
09-05 23:22:07.028  3568  3568 I SystemServer: StartInputManagerService
09-05 23:22:07.029  3568  3568 I InputManager: Initializing input manager, mUseDevInputEventForAudioJack=false
09-05 23:22:07.030  3568  3568 I SystemServer: StartWindowManagerService
09-05 23:22:07.038  3568  3665 I WindowManager: No existing display settings /data/system/display_settings.xml; starting empty
09-05 23:22:07.049  3568  3659 I CameraManagerGlobal: Connecting to camera service
09-05 23:22:07.051  3160  3160 E CameraService: getCameraVendorTagDescriptor: camera hardware module doesn't exist
09-05 23:22:07.128  3568  3568 I SystemServer: StartVrManagerService
09-05 23:22:07.129  3568  3568 I SystemServiceManager: Starting com.android.server.vr.VrManagerService
09-05 23:22:07.129  3568  3568 W VrManagerService: init_native: Could not open VR hardware module, error No such file or directory (-2).
09-05 23:22:07.131  3568  3568 I InputManager: Starting input manager
09-05 23:22:07.133  3568  4005 D EventHub: No input device configuration file found for device 'certify_hall'.
09-05 23:22:07.137  3568  3568 I SystemServiceManager: Starting com.android.server.BluetoothService
09-05 23:22:07.139  3568  3568 D BluetoothManagerService: Loading stored name and address
09-05 23:22:07.140  3568  3568 D BluetoothManagerService: Stored bluetooth Name=null,Address=null
09-05 23:22:07.140  3568  3568 D BluetoothManagerService: Bluetooth persisted state: 0
09-05 23:22:07.140  3568  3568 I SystemServer: ConnectivityMetricsLoggerService
09-05 23:22:07.140  3568  3568 I SystemServiceManager: Starting com.android.server.connectivity.MetricsLoggerService
09-05 23:22:07.141  3568  3568 I SystemServer: IpConnectivityMetrics
09-05 23:22:07.141  3568  3568 I SystemServiceManager: Starting com.android.server.connectivity.IpConnectivityMetrics
09-05 23:22:07.142  3568  3568 I SystemServer: PinnerService
09-05 23:22:07.142  3568  3568 I SystemServiceManager: Starting com.android.server.PinnerService
09-05 23:22:07.142  3568  3568 I SystemServiceManager: Starting com.android.server.InputMethodManagerService$Lifecycle
09-05 23:22:07.161  3568  3568 W System  : ClassLoader referenced unknown path: 
09-05 23:22:07.163  3568  3568 D ApplicationLoaders: ignored Vulkan layer search path /system/app/LatinIME/lib/arm64:/system/fake-libs64:/system/app/LatinIME/LatinIME.apk!/lib/arm64-v8a:/system/lib64:/vendor/lib64 for namespace 0x7f8a8341d0
09-05 23:22:07.171  3568  4005 D EventHub: No input device configuration file found for device 'Headset'.
09-05 23:22:07.174  3568  4005 W EventHub: Unable to disable kernel key repeat for /dev/input/event15: Function not implemented
09-05 23:22:07.174  3568  4005 I EventHub: New device: id=2, fd=96, path='/dev/input/event15', name='Headset', classes=0x1, configuration='', keyLayout='/system/usr/keylayout/Generic.kl', keyCharacterMap='/system/usr/keychars/Generic.kcm', builtinKeyboard=false, wakeMechanism=EPOLLWAKEUP, usingClockIoctl=true
09-05 23:22:07.174  3568  4005 D EventHub: No input device configuration file found for device 'gpio_keys'.
09-05 23:22:07.175  3568  4005 W EventHub: Unable to disable kernel key repeat for /dev/input/event16: Function not implemented
09-05 23:22:07.175  3568  4005 I EventHub: New device: id=3, fd=97, path='/dev/input/event16', name='gpio_keys', classes=0x1, configuration='', keyLayout='/system/usr/keylayout/Generic.kl', keyCharacterMap='/system/usr/keychars/Generic.kcm', builtinKeyboard=false, wakeMechanism=EPOLLWAKEUP, usingClockIoctl=true
09-05 23:22:07.175  3568  4005 E EventHub: could not get driver version for /dev/input/mouse1, Not a typewriter
09-05 23:22:07.227  3568  4005 D EventHub: No input device configuration file found for device 'sec_touchpad'.
09-05 23:22:07.228  3568  4005 W EventHub: Unable to disable kernel key repeat for /dev/input/event1: Function not implemented
09-05 23:22:07.229  3568  4005 I EventHub: New device: id=4, fd=100, path='/dev/input/event1', name='sec_touchpad', classes=0x15, configuration='', keyLayout='/system/usr/keylayout/Generic.kl', keyCharacterMap='/system/usr/keychars/Generic.kcm', builtinKeyboard=false, wakeMechanism=EPOLLWAKEUP, usingClockIoctl=true
09-05 23:22:07.229  3568  4005 E EventHub: could not get driver version for /dev/input/mouse0, Not a typewriter
09-05 23:22:07.274  3568  3568 W InputMethodManagerService: No IME selected. Choose the most applicable IME.
09-05 23:22:07.280  3568  3568 I InputMethodManagerService: Default found, using com.android.inputmethod.latin/.LatinIME
09-05 23:22:07.281  3568  3568 I SystemServer: StartAccessibilityManagerService
09-05 23:22:07.335  3568  4005 W EventHub: Unable to disable kernel key repeat for /dev/input/event0: Function not implemented
09-05 23:22:07.335  3568  4005 I EventHub: New device: id=5, fd=99, path='/dev/input/event0', name='sec_touchscreen', classes=0x15, configuration='/system/usr/idc/sec_touchscreen.idc', keyLayout='/system/usr/keylayout/Generic.kl', keyCharacterMap='/system/usr/keychars/Generic.kcm', builtinKeyboard=false, wakeMechanism=EPOLLWAKEUP, usingClockIoctl=true
09-05 23:22:07.335  3568  4005 D EventHub: No input device configuration file found for device 'hall'.
09-05 23:22:07.379  3568  4005 D EventHub: No input device configuration file found for device 'ssp_context'.
09-05 23:22:07.411  3568  4005 D EventHub: No input device configuration file found for device 'meta_event'.
09-05 23:22:07.443  3568  4005 D EventHub: No input device configuration file found for device 'interrupt_gyro_sensor'.
09-05 23:22:07.483  3568  4005 D EventHub: No input device configuration file found for device 'step_cnt_sensor'.
09-05 23:22:07.523  3568  4005 D EventHub: No input device configuration file found for device 'sig_motion_sensor'.
09-05 23:22:07.548  3568  3568 I ActivityManager: Config changes=1df8 {1.0 ?mcc?mnc [en_US] ldltr sw411dp w411dp h845dp 560dpi nrml long port ?uimode ?night -touch -keyb/h/h -nav/h s.2}
09-05 23:22:07.550  3568  3657 I UsageStatsDatabase: Upgrading from version 0 to 3
09-05 23:22:07.550  3568  3657 I UsageStatsDatabase: Deleting all usage stats files
09-05 23:22:07.553  3568  3657 I UsageStatsService: User[0] Rollover scheduled @ 2017-09-06 23:22:07(1504740127548)
09-05 23:22:07.554  3568  3657 D UsageStatsService: Initializing defaults for system apps on user 0
09-05 23:22:07.559  3568  4005 D EventHub: No input device configuration file found for device 'gesture_sensor'.
09-05 23:22:07.570  3164  3164 D wrapperGPS: wrapperCloseClient_RILD
09-05 23:22:07.570  3164  3164 D gpsd    : WakeLock(Acquire,GPSD)
09-05 23:22:07.570  3164  3164 D gpsd    : WakeLock(Release,GPSD)
09-05 23:22:07.570  3164  3164 D gpsd    : WakeLock(Acquire,GPSD)
09-05 23:22:07.570  3164  3164 D gpsd    : WakeLock(Release,GPSD)
09-05 23:22:07.573  3568  3657 E AppIdleHistory: Unable to read app idle file for user 0
09-05 23:22:07.573  3568  3665 I ActivityManager: Config changes=400 {1.0 ?mcc?mnc [en_US] ldltr sw411dp w411dp h773dp 560dpi nrml long port ?uimode ?night -touch -keyb/h/h -nav/h s.3}
09-05 23:22:07.578  3568  3665 W LocalDisplayAdapter: Unable to find color mode 0, ignoring request.
09-05 23:22:07.586  3568  3568 W LocalDisplayAdapter: Unable to find color mode 0, ignoring request.
09-05 23:22:07.586  3568  3568 I SystemServiceManager: Starting com.android.server.MountService$Lifecycle
09-05 23:22:07.587  3568  4005 D EventHub: No input device configuration file found for device 'temp_humidity_sensor'.
09-05 23:22:07.592  3568  3568 I SystemServiceManager: Starting com.android.server.UiModeManagerService
09-05 23:22:07.592  3568  4006 D MountService: Thinking about init, mSystemReady=false, mDaemonConnected=true
09-05 23:22:07.592  3568  4006 D MountService: Thinking about reset, mSystemReady=false, mDaemonConnected=true
09-05 23:22:07.593  3568  4006 D MountService: Thinking about init, mSystemReady=false, mDaemonConnected=true
09-05 23:22:07.593  3568  4006 D MountService: Thinking about reset, mSystemReady=false, mDaemonConnected=true
09-05 23:22:07.593  3568  4006 D CryptdConnector: SND -> {1 cryptfs getfield SystemLocale}
09-05 23:22:07.594  3568  3568 I ActivityManager: Config changes=200 {1.0 ?mcc?mnc [en_US] ldltr sw411dp w411dp h773dp 560dpi nrml long port -touch -keyb/h/h -nav/h s.4}
09-05 23:22:07.595  3568  4008 D CryptdConnector: RCV <- {200 1 -1}
09-05 23:22:07.598  3568  4006 W MountService: No primary storage mounted!
09-05 23:22:07.598  3568  4006 D VoldConnector: SND -> {1 asec list}
09-05 23:22:07.599  3568  4007 D VoldConnector: RCV <- {200 1 asec operation succeeded}
09-05 23:22:07.600  3568  4006 I PackageManager: No secure containers found
09-05 23:22:07.602  3568  4006 W PackageManager: Unknown permission com.google.android.googleapps.permission.GOOGLE_AUTH in package com.android.providers.calendar
09-05 23:22:07.602  3568  4006 W PackageManager: Unknown permission com.google.android.googleapps.permission.GOOGLE_AUTH.cl in package com.android.providers.calendar
09-05 23:22:07.606  3568  4006 W PackageManager: Unknown permission cyanogenmod.permission.LEGALESE in package com.cyanogenmod.setupwizard
09-05 23:22:07.608  3568  4006 W PackageManager: Unknown permission com.android.gallery3d.permission.STORAGE_CHANGE in package com.android.camera2
09-05 23:22:07.608  3568  4006 W PackageManager: Unknown permission android.permission.NFC_UNLOCK in package com.android.nfc
09-05 23:22:07.611  3568  4006 W PackageManager: Unknown permission com.google.android.googleapps.permission.GOOGLE_AUTH.mail in package com.android.calendar
09-05 23:22:07.612  3568  4006 W PackageManager: Unknown permission com.android.launcher.permission.READ_SETTINGS in package com.android.onetimeinitializer
09-05 23:22:07.612  3568  4006 W PackageManager: Unknown permission com.android.launcher.permission.WRITE_SETTINGS in package com.android.onetimeinitializer
09-05 23:22:07.615  3568  4006 W PackageManager: Unknown permission com.android.launcher.permission.READ_SETTINGS in package com.cyanogenmod.trebuchet
09-05 23:22:07.615  3568  4006 W PackageManager: Unknown permission com.android.launcher.permission.WRITE_SETTINGS in package com.cyanogenmod.trebuchet
09-05 23:22:07.616  3568  4006 W PackageManager: Unknown permission com.google.android.permission.INSTALL_WEARABLE_PACKAGES in package com.android.packageinstaller
09-05 23:22:07.617  3568  4006 W PackageManager: Not granting permission android.permission.DELETE_PACKAGES to package com.svox.pico (protectionLevel=18 flags=0x3888be45)
09-05 23:22:07.618  3568  4006 W PackageManager: Unknown permission com.google.android.gallery3d.permission.PICASA_STORE in package com.android.dreams.phototable
09-05 23:22:07.620  3568  4006 W PackageManager: Unknown permission com.google.android.googleapps.permission.GOOGLE_AUTH in package com.android.settings
09-05 23:22:07.621  3568  4006 W PackageManager: Unknown permission com.android.launcher.permission.READ_SETTINGS in package com.android.settings
09-05 23:22:07.621  3568  4006 W PackageManager: Unknown permission com.android.launcher.permission.WRITE_SETTINGS in package com.android.settings
09-05 23:22:07.623  3568  4005 D EventHub: No input device configuration file found for device 'proximity_alert_sensor'.
09-05 23:22:07.629  3568  4006 W PackageManager: Not granting permission android.permission.MANAGE_DOCUMENTS to package com.android.deskclock (protectionLevel=2 flags=0x3cc9be45)
09-05 23:22:07.630  3568  4006 W PackageManager: Unknown permission com.android.deskclock.worldclock.permissions.WRITE_DATABASE in package com.android.deskclock
09-05 23:22:07.630  3568  4006 W PackageManager: Unknown permission org.codeaurora.permission.POWER_ON_ALERT in package com.android.deskclock
09-05 23:22:07.630  3568  4006 W PackageManager: Not granting permission android.permission.WRITE_SECURE_SETTINGS to package com.android.deskclock (protectionLevel=50 flags=0x3cc9be45)
09-05 23:22:07.633  3568  4006 W PackageManager: Unknown permission com.cyanogenmod.lockclock.permission.READ_WEATHER in package com.android.systemui
09-05 23:22:07.635  3568  4006 W PackageManager: Unknown permission com.google.android.gallery3d.permission.GALLERY_PROVIDER in package com.android.bluetooth
09-05 23:22:07.637  3568  4006 W PackageManager: Unknown permission com.google.android.googleapps.permission.ACCESS_GOOGLE_PASSWORD in package com.android.development
09-05 23:22:07.637  3568  4006 W PackageManager: Unknown permission com.google.android.googleapps.permission.GOOGLE_AUTH in package com.android.development
09-05 23:22:07.637  3568  4006 W PackageManager: Unknown permission com.google.android.googleapps.permission.GOOGLE_AUTH.ALL_SERVICES in package com.android.development
09-05 23:22:07.637  3568  4006 W PackageManager: Unknown permission com.google.android.googleapps.permission.GOOGLE_AUTH.YouTubeUser in package com.android.development
09-05 23:22:07.663  3568  4005 D EventHub: No input device configuration file found for device 'proximity_sensor'.
09-05 23:22:07.703  3568  4005 D EventHub: No input device configuration file found for device 'light_ir_sensor'.
09-05 23:22:07.747  3568  4005 D EventHub: No input device configuration file found for device 'light_sensor'.
09-05 23:22:07.779  3568  4005 D EventHub: No input device configuration file found for device 'hrm_sensor'.
09-05 23:22:07.811  3568  4005 D EventHub: No input device configuration file found for device 'grip_sensor'.
09-05 23:22:07.847  3568  4005 E EventHub: could not get driver version for /dev/input/mice, Not a typewriter
09-05 23:22:07.909  3568  4005 I InputReader: Device added: id=-1, name='Virtual', sources=0x00000301
09-05 23:22:07.909  3568  4005 W InputReader: Invalid value for touch.size.calibration: 'normalized'
09-05 23:22:07.909  3568  4005 I InputReader:   Touch device 'sec_touchscreen' could not query the properties of its associated display.  The device will be inoperable until the display size becomes available.
09-05 23:22:07.909  3568  4005 I InputReader: Device added: id=5, name='sec_touchscreen', sources=0x00001103
09-05 23:22:07.909  3568  4005 I InputReader:   Touch device 'sec_touchpad' could not query the properties of its associated display.  The device will be inoperable until the display size becomes available.
09-05 23:22:07.909  3568  4005 I InputReader: Device added: id=4, name='sec_touchpad', sources=0x00002103
09-05 23:22:07.909  3568  4005 I InputReader: Device added: id=3, name='gpio_keys', sources=0x00000101
09-05 23:22:07.909  3568  4005 I InputReader: Device added: id=2, name='Headset', sources=0x00000101
09-05 23:22:07.910  3568  4005 I InputReader: Reconfiguring input devices.  changes=0x00000004
09-05 23:22:07.916  3568  4005 I InputReader: Device reconfigured: id=4, name='sec_touchpad', size 1440x2960, orientation 0, mode 4, display id 0
09-05 23:22:07.916  3568  4005 I InputReader: Device reconfigured: id=5, name='sec_touchscreen', size 1440x2960, orientation 0, mode 1, display id 0
09-05 23:22:07.916  3568  4004 I ActivityManager: Config changes=8 {1.0 ?mcc?mnc [en_US] ldltr sw411dp w411dp h773dp 560dpi nrml long port finger -keyb/h/h -nav/h s.5}
09-05 23:22:07.958  3568  4006 W MountService: No primary storage defined yet; hacking together a stub
09-05 23:22:07.960  3568  4006 W MountService: No primary storage defined yet; hacking together a stub
09-05 23:22:07.961  3568  4006 W MountService: No primary storage mounted!
09-05 23:22:07.961  3568  4006 D VoldConnector: SND -> {2 asec list}
09-05 23:22:07.963  3568  4007 D VoldConnector: RCV <- {200 2 asec operation succeeded}
09-05 23:22:07.969  3568  3568 I PackageManager.DexOptimizer: Running dexopt (dex2oat) on: /system/app/RootPA/RootPA.apk pkg=com.gd.mobicore.pa isa=arm64 vmSafeMode=false debuggable=false target-filter=verify-at-runtime oatDir = null sharedLibraries=null
09-05 23:22:07.986  4009  4009 I dex2oat : /system/bin/dex2oat --compiler-filter=verify-at-runtime
09-05 23:22:08.063  4009  4009 I dex2oat : dex2oat took 76.993ms (threads: 8) arena alloc=0B (0B) java alloc=27KB (28240B) native alloc=1090KB (1116912B) free=1469KB (1504528B)
09-05 23:22:08.065  3568  3568 I PackageManager.DexOptimizer: Running dexopt (dex2oat) on: /system/priv-app/CalendarProvider/CalendarProvider.apk pkg=com.android.providers.calendar isa=arm64 vmSafeMode=false debuggable=false target-filter=verify-at-runtime oatDir = null sharedLibraries=/system/framework/android.test.runner.jar
09-05 23:22:08.081  4018  4018 I dex2oat : /system/bin/dex2oat --compiler-filter=verify-at-runtime
09-05 23:22:08.179  4018  4018 I dex2oat : dex2oat took 97.935ms (threads: 8) arena alloc=0B (0B) java alloc=35KB (36168B) native alloc=1141KB (1169168B) free=1930KB (1976560B)
09-05 23:22:08.181  3568  3568 I PackageManager.DexOptimizer: Running dexopt (dex2oat) on: /system/priv-app/MediaProvider/MediaProvider.apk pkg=com.android.providers.media isa=arm64 vmSafeMode=false debuggable=false target-filter=verify-at-runtime oatDir = null sharedLibraries=null
09-05 23:22:08.197  4027  4027 I dex2oat : /system/bin/dex2oat --compiler-filter=verify-at-runtime
09-05 23:22:08.262  4027  4027 I dex2oat : dex2oat took 65.778ms (threads: 8) arena alloc=0B (0B) java alloc=31KB (32216B) native alloc=1100KB (1126480B) free=1459KB (1494960B)
09-05 23:22:08.265  3568  3568 I PackageManager.DexOptimizer: Running dexopt (dex2oat) on: /system/priv-app/WallpaperCropper/WallpaperCropper.apk pkg=com.android.wallpapercropper isa=arm64 vmSafeMode=false debuggable=false target-filter=verify-at-runtime oatDir = null sharedLibraries=null
09-05 23:22:08.280  4036  4036 I dex2oat : /system/bin/dex2oat --compiler-filter=verify-at-runtime
09-05 23:22:08.356  4036  4036 I dex2oat : dex2oat took 75.952ms (threads: 8) arena alloc=0B (0B) java alloc=31KB (32216B) native alloc=1070KB (1096560B) free=1489KB (1524880B)
09-05 23:22:08.359  3568  3568 I PackageManager.DexOptimizer: Running dexopt (dex2oat) on: /system/priv-app/DocumentsUI/DocumentsUI.apk pkg=com.android.documentsui isa=arm64 vmSafeMode=false debuggable=false target-filter=verify-at-runtime oatDir = null sharedLibraries=null
09-05 23:22:08.374  4045  4045 I dex2oat : /system/bin/dex2oat --compiler-filter=verify-at-runtime
09-05 23:22:08.500  4045  4045 I dex2oat : dex2oat took 126.349ms (threads: 8) arena alloc=0B (0B) java alloc=27KB (28240B) native alloc=510KB (523120B) free=2MB (2622608B)
09-05 23:22:08.503  3568  3568 I PackageManager.DexOptimizer: Running dexopt (dex2oat) on: /system/priv-app/ExternalStorageProvider/ExternalStorageProvider.apk pkg=com.android.externalstorage isa=arm64 vmSafeMode=false debuggable=false target-filter=verify-at-runtime oatDir = null sharedLibraries=null
09-05 23:22:08.518  4054  4054 I dex2oat : /system/bin/dex2oat --compiler-filter=verify-at-runtime
09-05 23:22:08.583  4054  4054 I dex2oat : dex2oat took 64.680ms (threads: 8) arena alloc=0B (0B) java alloc=27KB (28240B) native alloc=1061KB (1087376B) free=1498KB (1534064B)
09-05 23:22:08.585  3568  3568 I PackageManager.DexOptimizer: Running dexopt (dex2oat) on: /system/app/HTMLViewer/HTMLViewer.apk pkg=com.android.htmlviewer isa=arm64 vmSafeMode=false debuggable=false target-filter=verify-at-runtime oatDir = null sharedLibraries=null
09-05 23:22:08.601  4063  4063 I dex2oat : /system/bin/dex2oat --compiler-filter=verify-at-runtime
09-05 23:22:08.621  4063  4063 I dex2oat : dex2oat took 20.488ms (threads: 8) arena alloc=0B (0B) java alloc=27KB (28240B) native alloc=878KB (899152B) free=1169KB (1198000B)
09-05 23:22:08.624  3568  3568 I PackageManager.DexOptimizer: Running dexopt (dex2oat) on: /system/priv-app/DownloadProvider/DownloadProvider.apk pkg=com.android.providers.downloads isa=arm64 vmSafeMode=false debuggable=false target-filter=verify-at-runtime oatDir = null sharedLibraries=null
09-05 23:22:08.639  4072  4072 I dex2oat : /system/bin/dex2oat --compiler-filter=verify-at-runtime
09-05 23:22:08.676  4072  4072 I dex2oat : dex2oat took 37.110ms (threads: 8) arena alloc=0B (0B) java alloc=31KB (32216B) native alloc=1142KB (1170096B) free=1417KB (1451344B)
09-05 23:22:08.679  3568  3568 I PackageManager.DexOptimizer: Running dexopt (dex2oat) on: /system/app/messaging/messaging.apk pkg=com.android.messaging isa=arm64 vmSafeMode=false debuggable=false target-filter=verify-at-runtime oatDir = null sharedLibraries=null
09-05 23:22:08.695  4081  4081 I dex2oat : /system/bin/dex2oat --compiler-filter=verify-at-runtime
09-05 23:22:08.907  4081  4081 I dex2oat : dex2oat took 212.748ms (threads: 8) arena alloc=0B (0B) java alloc=27KB (28240B) native alloc=860KB (881288B) free=2MB (2919800B)
09-05 23:22:08.910  3568  3568 I PackageManager.DexOptimizer: Running dexopt (dex2oat) on: /system/app/Terminal/Terminal.apk pkg=com.android.terminal isa=arm64 vmSafeMode=false debuggable=false target-filter=verify-at-runtime oatDir = null sharedLibraries=null
09-05 23:22:08.926  4090  4090 I dex2oat : /system/bin/dex2oat --compiler-filter=verify-at-runtime
09-05 23:22:09.048  4090  4090 I dex2oat : dex2oat took 123.134ms (threads: 8) arena alloc=0B (0B) java alloc=27KB (28240B) native alloc=488KB (500208B) free=2MB (2645520B)
09-05 23:22:09.051  3568  3568 I PackageManager.DexOptimizer: Running dexopt (dex2oat) on: /system/priv-app/AudioFX/AudioFX.apk pkg=org.cyanogenmod.audiofx isa=arm64 vmSafeMode=false debuggable=false target-filter=verify-at-runtime oatDir = null sharedLibraries=null
09-05 23:22:09.067  4099  4099 I dex2oat : /system/bin/dex2oat --compiler-filter=verify-at-runtime
09-05 23:22:09.211  4099  4099 I dex2oat : dex2oat took 144.452ms (threads: 8) arena alloc=0B (0B) java alloc=27KB (28240B) native alloc=474KB (485512B) free=2MB (2660216B)
09-05 23:22:09.214  3568  3568 I PackageManager.DexOptimizer: Running dexopt (dex2oat) on: /system/priv-app/LineageSetupWizard/LineageSetupWizard.apk pkg=com.cyanogenmod.setupwizard isa=arm64 vmSafeMode=false debuggable=false target-filter=verify-at-runtime oatDir = null sharedLibraries=null
09-05 23:22:09.230  4108  4108 I dex2oat : /system/bin/dex2oat --compiler-filter=verify-at-runtime
09-05 23:22:09.311  4108  4108 I dex2oat : dex2oat took 80.850ms (threads: 8) arena alloc=0B (0B) java alloc=31KB (32208B) native alloc=1119KB (1146224B) free=1440KB (1475216B)
09-05 23:22:09.313  3568  3568 I PackageManager.DexOptimizer: Running dexopt (dex2oat) on: /system/app/DownloadProviderUi/DownloadProviderUi.apk pkg=com.android.providers.downloads.ui isa=arm64 vmSafeMode=false debuggable=false target-filter=verify-at-runtime oatDir = null sharedLibraries=null
09-05 23:22:09.329  4117  4117 I dex2oat : /system/bin/dex2oat --compiler-filter=verify-at-runtime
09-05 23:22:09.391  4117  4117 I dex2oat : dex2oat took 62.046ms (threads: 8) arena alloc=0B (0B) java alloc=31KB (32208B) native alloc=860KB (881232B) free=1187KB (1215920B)
09-05 23:22:09.393  3568  3568 I PackageManager.DexOptimizer: Running dexopt (dex2oat) on: /system/app/PacProcessor/PacProcessor.apk pkg=com.android.pacprocessor isa=arm64 vmSafeMode=false debuggable=false target-filter=verify-at-runtime oatDir = null sharedLibraries=null
09-05 23:22:09.409  4126  4126 I dex2oat : /system/bin/dex2oat --compiler-filter=verify-at-runtime
09-05 23:22:09.471  4126  4126 I dex2oat : dex2oat took 62.021ms (threads: 8) arena alloc=0B (0B) java alloc=27KB (28240B) native alloc=858KB (878608B) free=1189KB (1218544B)
09-05 23:22:09.473  3568  3568 I PackageManager.DexOptimizer: Running dexopt (dex2oat) on: /system/app/CertInstaller/CertInstaller.apk pkg=com.android.certinstaller isa=arm64 vmSafeMode=false debuggable=false target-filter=verify-at-runtime oatDir = null sharedLibraries=null
09-05 23:22:09.489  4135  4135 I dex2oat : /system/bin/dex2oat --compiler-filter=verify-at-runtime
09-05 23:22:09.561  4135  4135 I dex2oat : dex2oat took 71.922ms (threads: 8) arena alloc=0B (0B) java alloc=31KB (32216B) native alloc=1005KB (1030096B) free=1554KB (1591344B)
09-05 23:22:09.563  3568  3568 I PackageManager.DexOptimizer: Running dexopt (dex2oat) on: /system/priv-app/CarrierConfig/CarrierConfig.apk pkg=com.android.carrierconfig isa=arm64 vmSafeMode=false debuggable=false target-filter=verify-at-runtime oatDir = null sharedLibraries=null
09-05 23:22:09.579  4144  4144 I dex2oat : /system/bin/dex2oat --compiler-filter=verify-at-runtime
09-05 23:22:09.640  4144  4144 I dex2oat : dex2oat took 60.818ms (threads: 8) arena alloc=0B (0B) java alloc=31KB (32216B) native alloc=858KB (878672B) free=1189KB (1218480B)
09-05 23:22:09.642  3568  3568 I PackageManager.DexOptimizer: Running dexopt (dex2oat) on: /system/priv-app/Contacts/Contacts.apk pkg=com.android.contacts isa=arm64 vmSafeMode=false debuggable=false target-filter=verify-at-runtime oatDir = null sharedLibraries=null
09-05 23:22:09.658  4153  4153 I dex2oat : /system/bin/dex2oat --compiler-filter=verify-at-runtime
09-05 23:22:09.764  4153  4153 I dex2oat : dex2oat took 106.508ms (threads: 8) arena alloc=0B (0B) java alloc=27KB (28240B) native alloc=535KB (548024B) free=2MB (2597704B)
09-05 23:22:09.767  3568  3568 I PackageManager.DexOptimizer: Running dexopt (dex2oat) on: /system/app/Camera2/Camera2.apk pkg=com.android.camera2 isa=arm64 vmSafeMode=false debuggable=false target-filter=verify-at-runtime oatDir = null sharedLibraries=null
09-05 23:22:09.783  4162  4162 I dex2oat : /system/bin/dex2oat --compiler-filter=verify-at-runtime
09-05 23:22:09.898  4162  4162 I dex2oat : dex2oat took 115.240ms (threads: 8) arena alloc=0B (0B) java alloc=27KB (28240B) native alloc=422KB (432760B) free=2MB (2712968B)
09-05 23:22:09.901  3568  3568 I PackageManager.DexOptimizer: Running dexopt (dex2oat) on: /system/priv-app/Recorder/Recorder.apk pkg=org.lineageos.recorder isa=arm64 vmSafeMode=false debuggable=false target-filter=verify-at-runtime oatDir = null sharedLibraries=null
