09-16 16:42:12.204  3589  3692 V MountService:     state=UNMOUNTED 
09-16 16:42:12.204  3589  3692 V MountService:     fsType=null fsUuid=null fsLabel=null 
09-16 16:42:12.204  3589  3692 V MountService:     path=null internalPath=null 
09-16 16:42:12.204  3589  4035 D VoldConnector: RCV <- {649 disk:179_0}
09-16 16:42:12.205  3589  4035 D VoldConnector: RCV <- {640 disk:179_0 4}
09-16 16:42:12.206  3589  4035 D VoldConnector: RCV <- {641 disk:179_0 7746879488}
09-16 16:42:12.207  3148  3148 I vold    : type=1400 audit(0.0:118): avc: denied { create } for name="public:179_1" scontext=u:r:vold:s0 tcontext=u:object_r:block_device:s0 tclass=blk_file permissive=1
09-16 16:42:12.207  3148  3148 W vold    : type=1300 audit(0.0:118): arch=c00000b7 syscall=33 success=yes exit=0 a0=ffffff9c a1=7fa6a28fb0 a2=61b0 a3=b301 items=0 ppid=1 auid=4294967295 uid=0 gid=0 euid=0 suid=0 fsuid=0 egid=0 sgid=0 fsgid=0 tty=(none) ses=4294967295 exe="/system/bin/vold" subj=u:r:vold:s0 key=(null)
09-16 16:42:12.207  3086  3086 W auditd  : type=1327 audit(0.0:118): proctitle=2F73797374656D2F62696E2F766F6C64002D2D626C6B69645F636F6E746578743D753A723A626C6B69643A7330002D2D626C6B69645F756E747275737465645F636F6E746578743D753A723A626C6B69645F756E747275737465643A7330002D2D6673636B5F636F6E746578743D753A723A6673636B3A7330002D2D6673636B
09-16 16:42:12.207  3086  3086 W auditd  : type=1320 audit(0.0:118): 
09-16 16:42:12.207  3589  4035 D VoldConnector: RCV <- {642 disk:179_0 SanDisk}
09-16 16:42:12.208  3589  4687 D BluetoothManagerService: Trying to bind to profile: 1, while Bluetooth was disabled
09-16 16:42:12.208  3589  4035 D VoldConnector: RCV <- {644 disk:179_0 /sys//devices/platform/11500000.dwmmc2/mmc_host/mmc0/mmc0:0007/block/mmcblk0}
09-16 16:42:12.211  3078  3148 V vold    : DISK mbr
09-16 16:42:12.211  3078  3148 V vold    : 
09-16 16:42:12.211  3078  3148 V vold    : PART 1 c
09-16 16:42:12.211  3078  3148 V vold    : 
09-16 16:42:12.212  3589  4035 D VoldConnector: RCV <- {650 public:179_1 0 "disk:179_0" ""}
09-16 16:42:12.213  3589  4035 D VoldConnector: RCV <- {654 public:179_1 sdcard}
09-16 16:42:12.214  3589  4035 D VoldConnector: RCV <- {651 public:179_1 0}
09-16 16:42:12.215  3589  4035 D VoldConnector: RCV <- {643 disk:179_0}
09-16 16:42:12.216  3589  4035 D VoldConnector: RCV <- {200 31 Command succeeded}
09-16 16:42:12.216  3589  3589 I ActivityManager: Start proc 4776:com.android.systemui/u0a33 for service com.android.systemui/.keyguard.KeyguardService
09-16 16:42:12.217  3589  3589 I SystemServer: WebViewFactory preparation
09-16 16:42:12.217  3589  4034 D VoldConnector: SND -> {32 volume user_added 0 0}
09-16 16:42:12.218  3589  4035 D VoldConnector: RCV <- {200 32 Command succeeded}
09-16 16:42:12.225  3589  4034 D VoldConnector: SND -> {33 volume mount emulated 3 -1}
09-16 16:42:12.227  3589  4035 D VoldConnector: RCV <- {651 emulated 1}
09-16 16:42:12.228  3589  4035 D VoldConnector: RCV <- {656 emulated /data/media}
09-16 16:42:12.228  3078  3148 V vold    : Waiting for FUSE to spin up...
09-16 16:42:12.229  3589  4035 D VoldConnector: RCV <- {655 emulated /storage/emulated}
09-16 16:42:12.233  3589  3692 I UsbPortManager: USB port added: port=UsbPort{id=otg_default, supportedModes=dual}, status=UsbPortStatus{connected=true, currentMode=ufp, currentPowerRole=sink, currentDataRole=device, supportedRoleCombinations=[source:host, sink:device]}, canChangeMode=true, canChangePowerRole=false, canChangeDataRole=false
09-16 16:42:12.237  3184  3389 I AudioFlinger: systemReady
09-16 16:42:12.243  4762  4762 I putmethod.latin: type=1400 audit(0.0:119): avc: denied { write } for name="com.android.inputmethod.latin" dev="sda24" ino=3121215 scontext=u:r:untrusted_app:s0:c512,c768 tcontext=u:object_r:system_data_file:s0 tclass=dir permissive=1
09-16 16:42:12.243  4762  4762 I putmethod.latin: type=1400 audit(0.0:119): avc: denied { add_name } for name="cache" scontext=u:r:untrusted_app:s0:c512,c768 tcontext=u:object_r:system_data_file:s0 tclass=dir permissive=1
09-16 16:42:12.243  4762  4762 I putmethod.latin: type=1400 audit(0.0:119): avc: denied { create } for name="cache" scontext=u:r:untrusted_app:s0:c512,c768 tcontext=u:object_r:system_data_file:s0:c512,c768 tclass=dir permissive=1
09-16 16:42:12.243  4762  4762 W putmethod.latin: type=1300 audit(0.0:119): arch=c00000b7 syscall=34 success=yes exit=0 a0=ffffff9c a1=7facf55bc0 a2=1f9 a3=7facd4f514 items=0 ppid=3182 auid=4294967295 uid=10064 gid=10064 euid=10064 suid=10064 fsuid=10064 egid=10064 sgid=10064 fsgid=10064 tty=(none) ses=4294967295 exe="/system/bin/app_process64" subj=u:r:untrusted_app:s0:c512,c768 key=(null)
09-16 16:42:12.243  3086  3086 W auditd  : type=1327 audit(0.0:119): proctitle="com.android.inputmethod.latin"
09-16 16:42:12.243  3086  3086 W auditd  : type=1320 audit(0.0:119): 
09-16 16:42:12.246  4776  4776 W System  : ClassLoader referenced unknown path: /system/priv-app/SystemUI/lib/arm64
09-16 16:42:12.248  4793  4793 W sdcard  : Device explicitly disabled sdcardfs
09-16 16:42:12.265  3589  4799 I chatty  : uid=1000(system) SoundPoolThread expire 1 line
09-16 16:42:12.279  3589  4035 D VoldConnector: RCV <- {651 emulated 2}
09-16 16:42:12.280  3589  4035 D VoldConnector: RCV <- {200 33 Command succeeded}
09-16 16:42:12.283  3589  4034 D VoldConnector: SND -> {34 volume mount public:179_1 0 0}
09-16 16:42:12.286  3078  3148 V vold    : /system/bin/blkid
09-16 16:42:12.286  3078  3148 V vold    :     -c
09-16 16:42:12.286  3078  3148 V vold    :     /dev/null
09-16 16:42:12.286  3078  3148 V vold    :     -s
09-16 16:42:12.286  3078  3148 V vold    :     TYPE
09-16 16:42:12.286  3078  3148 V vold    :     -s
09-16 16:42:12.286  3078  3148 V vold    :     UUID
09-16 16:42:12.286  3078  3148 V vold    :     -s
09-16 16:42:12.286  3078  3148 V vold    :     LABEL
09-16 16:42:12.286  3078  3148 V vold    :     /dev/block/vold/public:179_1
09-16 16:42:12.286  3589  4035 D VoldConnector: RCV <- {651 public:179_1 1}
09-16 16:42:12.287  4776  4776 V SystemUIService: Starting SystemUI services for user 0.
09-16 16:42:12.291  3192  3192 I MediaPlayerService: MediaPlayerService::getOMX
09-16 16:42:12.293  3183  4742 I art     : Starting a blocking GC HeapTrim
09-16 16:42:12.296  3192  3192 I EXYNOS_COMP_REGS: Loading the library: libOMX.Exynos.AVC.Decoder.so
09-16 16:42:12.302  3589  3589 I ActivityManager: Start proc 4808:WebViewLoader-armeabi-v7a/1037 [android.webkit.WebViewFactory$RelroFileCreator] for 
09-16 16:42:12.303  3192  3192 I EXYNOS_COMP_REGS: Loading the library: libOMX.Exynos.AVC.Encoder.so
09-16 16:42:12.304  4808  4808 V WebViewFactory: RelroFileCreator (64bit = false),  32-bit lib: /system/app/webview/webview.apk!/lib/armeabi-v7a/libwebviewchromium.so, 64-bit lib: /system/app/webview/webview.apk!/lib/arm64-v8a/libwebviewchromium.so
09-16 16:42:12.306  3192  3192 I EXYNOS_COMP_REGS: Loading the library: libOMX.Exynos.HEVC.Decoder.so
09-16 16:42:12.310  3192  3192 I EXYNOS_COMP_REGS: Loading the library: libOMX.Exynos.HEVC.Encoder.so
09-16 16:42:12.313  3192  3192 I EXYNOS_COMP_REGS: Loading the library: libOMX.Exynos.MPEG4.Decoder.so
09-16 16:42:12.314  3589  3589 I ActivityManager: Start proc 4822:WebViewLoader-arm64-v8a/1037 [android.webkit.WebViewFactory$RelroFileCreator] for 
09-16 16:42:12.316  3192  3192 I EXYNOS_COMP_REGS: Loading the library: libOMX.Exynos.MPEG4.Encoder.so
09-16 16:42:12.319  4822  4822 V WebViewFactory: RelroFileCreator (64bit = true),  32-bit lib: /system/app/webview/webview.apk!/lib/armeabi-v7a/libwebviewchromium.so, 64-bit lib: /system/app/webview/webview.apk!/lib/arm64-v8a/libwebviewchromium.so
09-16 16:42:12.320  3192  3192 I EXYNOS_COMP_REGS: Loading the library: libOMX.Exynos.VP8.Decoder.so
09-16 16:42:12.321  3589  3589 D NetworkManagement: enabling bandwidth control
09-16 16:42:12.322  4808  4808 I art     : System.exit called, status: 0
09-16 16:42:12.322  4808  4808 I AndroidRuntime: VM exiting with result code 0, cleanup skipped.
09-16 16:42:12.323  3192  3192 I EXYNOS_COMP_REGS: Loading the library: libOMX.Exynos.VP8.Encoder.so
09-16 16:42:12.326  3192  3192 I EXYNOS_COMP_REGS: Loading the library: libOMX.Exynos.VP9.Decoder.so
09-16 16:42:12.329  3078  3148 V vold    : /dev/block/vold/public:179_1: UUID="4753-1B02" TYPE="vfat" 
09-16 16:42:12.329  3078  3148 V vold    : 
09-16 16:42:12.330  3078  3148 V vold    : /system/bin/fsck_msdos
09-16 16:42:12.330  3589  4035 D VoldConnector: RCV <- {652 public:179_1 vfat}
09-16 16:42:12.330  3078  3148 V vold    :     -p
09-16 16:42:12.330  3192  3192 I EXYNOS_COMP_REGS: Loading the library: libOMX.Exynos.VP9.Encoder.so
09-16 16:42:12.330  3078  3148 V vold    :     -f
09-16 16:42:12.330  3078  3148 V vold    :     /dev/block/vold/public:179_1
09-16 16:42:12.334  3589  4035 D VoldConnector: RCV <- {653 public:179_1 4753-1B02}
09-16 16:42:12.334  3192  3192 I EXYNOS_COMP_REGS: Loading the library: libOMX.Exynos.WMV.Decoder.so
09-16 16:42:12.336  3589  4035 D VoldConnector: RCV <- {654 public:179_1 sdcard}
09-16 16:42:12.337  3589  4035 D VoldConnector: RCV <- {656 public:179_1 /mnt/media_rw/4753-1B02}
09-16 16:42:12.338  3589  4035 D VoldConnector: RCV <- {655 public:179_1 /mnt/media_rw/4753-1B02}
09-16 16:42:12.340  4822  4822 I art     : System.exit called, status: 0
09-16 16:42:12.340  4822  4822 I AndroidRuntime: VM exiting with result code 0, cleanup skipped.
09-16 16:42:12.342  4776  4776 V MediaRouter: Adding route: RouteInfo{ name=Phone, description=null, status=null, category=RouteCategory{ name=null types=ROUTE_TYPE_LIVE_AUDIO ROUTE_TYPE_LIVE_VIDEO  groupable=false }, supportedTypes=ROUTE_TYPE_LIVE_AUDIO ROUTE_TYPE_LIVE_VIDEO , presentationDisplay=null }
09-16 16:42:12.345  3189  3189 I EXYNOS_COMP_REGS: Loading the library: libOMX.Exynos.AVC.Decoder.so
09-16 16:42:12.346  4776  4776 V MediaRouter: Updating audio routes: AudioRoutesInfo{ type=SPEAKER }
09-16 16:42:12.347  3189  3189 I EXYNOS_COMP_REGS: Loading the library: libOMX.Exynos.AVC.Encoder.so
09-16 16:42:12.347  4776  4776 V MediaRouter: Selecting route: RouteInfo{ name=Phone, description=null, status=null, category=RouteCategory{ name=null types=ROUTE_TYPE_LIVE_AUDIO ROUTE_TYPE_LIVE_VIDEO  groupable=false }, supportedTypes=ROUTE_TYPE_LIVE_AUDIO ROUTE_TYPE_LIVE_VIDEO , presentationDisplay=null }
09-16 16:42:12.350  3189  3189 I EXYNOS_COMP_REGS: Loading the library: libOMX.Exynos.HEVC.Decoder.so
09-16 16:42:12.354  3078  3148 I fsck_msdos: ** /dev/block/vold/public:179_1
09-16 16:42:12.355  3189  3189 I EXYNOS_COMP_REGS: Loading the library: libOMX.Exynos.HEVC.Encoder.so
09-16 16:42:12.355  4840  4840 D fsck_msdos: sectors Per cluster :64 
09-16 16:42:12.355  4840  4840 D fsck_msdos: boot->ClusterOffset :3648 
09-16 16:42:12.355  4840  4840 I fsck_msdos: FAT32 Filesystem
09-16 16:42:12.355  4840  4840 D fsck_msdos: Using cluster_chain_descriptor
09-16 16:42:12.355  4840  4840 I fsck_msdos: Total clusters 236327 
09-16 16:42:12.356  3078  3148 I fsck_msdos: ** Phase 1 - Read and Compare FATs
09-16 16:42:12.356  3078  3148 I fsck_msdos: Attempting to allocate 923 KB for FAT
09-16 16:42:12.357  3189  3189 I EXYNOS_COMP_REGS: Loading the library: libOMX.Exynos.MPEG4.Decoder.so
09-16 16:42:12.359  3189  3189 I EXYNOS_COMP_REGS: Loading the library: libOMX.Exynos.MPEG4.Encoder.so
09-16 16:42:12.360  3189  3189 I EXYNOS_COMP_REGS: Loading the library: libOMX.Exynos.VP8.Decoder.so
09-16 16:42:12.365  3189  3189 I EXYNOS_COMP_REGS: Loading the library: libOMX.Exynos.VP8.Encoder.so
09-16 16:42:12.367  3189  3189 I EXYNOS_COMP_REGS: Loading the library: libOMX.Exynos.VP9.Decoder.so
09-16 16:42:12.369  3189  3189 I EXYNOS_COMP_REGS: Loading the library: libOMX.Exynos.VP9.Encoder.so
09-16 16:42:12.371  3189  3189 I EXYNOS_COMP_REGS: Loading the library: libOMX.Exynos.WMV.Decoder.so
09-16 16:42:12.398  4776  4853 E WVMExtractor: Failed to open libwvm.so: dlopen failed: library "libwvm.so" not found
09-16 16:42:12.404  3078  3148 I fsck_msdos: Attempting to allocate 923 KB for FAT
09-16 16:42:12.405  4762  4762 I LatinIME: Hardware accelerated drawing: true
09-16 16:42:12.406  3192  3192 I OMXClient: MuxOMX ctor
09-16 16:42:12.409  3192  3192 I MediaPlayerService: MediaPlayerService::getOMX
09-16 16:42:12.410  3192  3192 I OMXClient: MuxOMX ctor
09-16 16:42:12.410  3189  3189 I OMXMaster: makeComponentInstance(OMX.Exynos.MPEG4.Decoder) in mediacodec process
09-16 16:42:12.418  3189  3189 D libexynosv4l2: try node: /dev/video6
09-16 16:42:12.418  3189  3189 I libexynosv4l2: node found for device s5p-mfc-dec: /dev/video6
09-16 16:42:12.453  4840  4840 I fsck_msdos: Begin to compare FAT
09-16 16:42:12.454  4840  4840 I fsck_msdos: ** Phase 2 - Check Cluster Chains 
09-16 16:42:12.454  4840  4840 I fsck_msdos: Begin to handle the cluster chain
09-16 16:42:12.457  4840  4840 D fsck_msdos: rootDir->head :2
09-16 16:42:12.457  4840  4840 D fsck_msdos: Verify Filesystem information
09-16 16:42:12.457  4840  4840 W fsck_msdos: 2 files, 3368032 free (236323 clusters)
09-16 16:42:12.457  4840  4840 I fsck_msdos: free_rb_tree 
09-16 16:42:12.457  3078  3148 I fsck_msdos: ** Phase 3 - Checking Directories
09-16 16:42:12.457  4840  4840 I fsck_msdos: free_fragment_tree
09-16 16:42:12.457  4840  4840 I fsck_msdos: free_fragment_tree
09-16 16:42:12.457  4840  4840 I fsck_msdos: free_fragment_tree: rb_tree is empty 
09-16 16:42:12.457  3078  3148 I fsck_msdos: ** Phase 4 - Checking for Lost Files
09-16 16:42:12.465  3189  3189 I libexynosv4l2: open video device /dev/video6
09-16 16:42:12.467  3078  3148 I Vold    : Filesystem check completed OK
09-16 16:42:12.471  3189  3189 E OMXNodeInstance: getExtensionIndex(c750001:Exynos.MPEG4.Decoder, OMX.google.android.index.configureVideoTunnelMode) ERROR: BadParameter(0x80001005)
09-16 16:42:12.472  3192  3192 I MediaPlayerService: MediaPlayerService::getOMX
09-16 16:42:12.472  3192  3192 I OMXClient: MuxOMX ctor
09-16 16:42:12.472  3189  3189 I OMXMaster: makeComponentInstance(OMX.Exynos.H263.Decoder) in mediacodec process
09-16 16:42:12.473  3189  3189 D libexynosv4l2: try node: /dev/video6
09-16 16:42:12.473  3189  3189 I libexynosv4l2: node found for device s5p-mfc-dec: /dev/video6
09-16 16:42:12.476  3589  4035 D VoldConnector: RCV <- {651 public:179_1 2}
09-16 16:42:12.477  3589  4035 D VoldConnector: RCV <- {200 34 Command succeeded}
09-16 16:42:12.493  3589  3589 D NetworkPolicy: setRestrictBackgroundUL(): false
09-16 16:42:12.508  4776  4776 I vol.Events: writeEvent collection_started
09-16 16:42:12.511  4776  4782 I art     : Do partial code cache collection, code=29KB, data=22KB
09-16 16:42:12.512  4776  4782 I art     : After code cache collection, code=27KB, data=21KB
09-16 16:42:12.512  4776  4782 I art     : Increasing code cache capacity to 128KB
09-16 16:42:12.523  4776  4869 I vol.Events: writeEvent external_ringer_mode_changed normal
09-16 16:42:12.524  4776  4869 I vol.Events: writeEvent internal_ringer_mode_changed normal
09-16 16:42:12.540  3189  3189 I libexynosv4l2: open video device /dev/video6
09-16 16:42:12.549  3189  3189 E OMXNodeInstance: getExtensionIndex(c750002:Exynos.H263.Decoder, OMX.google.android.index.configureVideoTunnelMode) ERROR: BadParameter(0x80001005)
09-16 16:42:12.551  3192  3192 I MediaPlayerService: MediaPlayerService::getOMX
09-16 16:42:12.552  3192  3192 I OMXClient: MuxOMX ctor
09-16 16:42:12.554  3189  3189 I OMXMaster: makeComponentInstance(OMX.Exynos.AVC.Decoder) in mediacodec process
09-16 16:42:12.556  3189  3189 D libexynosv4l2: try node: /dev/video6
09-16 16:42:12.556  3189  3189 I libexynosv4l2: node found for device s5p-mfc-dec: /dev/video6
09-16 16:42:12.600  3189  3189 I libexynosv4l2: open video device /dev/video6
09-16 16:42:12.606  3192  3192 W ACodec  : [OMX.Exynos.AVC.Decoder] stopping checking profiles after 32: 2/8000
09-16 16:42:12.607  3189  3189 E OMXNodeInstance: getExtensionIndex(c750003:Exynos.AVC.Decoder, OMX.google.android.index.configureVideoTunnelMode) ERROR: BadParameter(0x80001005)
09-16 16:42:12.609  3192  3192 I MediaPlayerService: MediaPlayerService::getOMX
09-16 16:42:12.609  3192  3192 I OMXClient: MuxOMX ctor
09-16 16:42:12.609  3189  3189 I OMXMaster: makeComponentInstance(OMX.Exynos.avc.dec.secure) in mediacodec process
09-16 16:42:12.610  3189  3189 D libexynosv4l2: try node: /dev/video6
09-16 16:42:12.611  3189  3189 I libexynosv4l2: node found for device s5p-mfc-dec: /dev/video6
09-16 16:42:12.616  4762  4762 W InputAttributes: No editor info for this field. Bug?
09-16 16:42:12.639  3189  3189 I libexynosv4l2: open video device /dev/video6
09-16 16:42:12.640  3189  3189 I EXYNOS_VIDEO_OSAL: [Exynos_OSAL_OMX2VideoFormat] color format(0x7f000012)/plane type(0x11) is not supported
09-16 16:42:12.640  3189  3189 I EXYNOS_VIDEO_OSAL: [Exynos_OSAL_OMX2VideoFormat] color format(0x7f000011)/plane type(0x11) is not supported
09-16 16:42:12.642  3192  3192 W ACodec  : [OMX.Exynos.avc.dec.secure] stopping checking profiles after 32: 2/8000
09-16 16:42:12.643  3189  3217 W Exynos_OSAL_Android: [0xf4c0ae00][Exynos_OSAL_GetParameter] requested on secure codec
09-16 16:42:12.644  3189  3189 W Exynos_OSAL_Android: [0xf4c0ae00][Exynos_OSAL_GetParameter] requested on secure codec
09-16 16:42:12.644  3189  4873 E OMXNodeInstance: getExtensionIndex(c750004:Exynos.avc.dec.secure, OMX.google.android.index.configureVideoTunnelMode) ERROR: BadParameter(0x80001005)
09-16 16:42:12.645  3192  3192 I MediaPlayerService: MediaPlayerService::getOMX
09-16 16:42:12.645  3192  3192 I OMXClient: MuxOMX ctor
09-16 16:42:12.646  3189  4873 I OMXMaster: makeComponentInstance(OMX.Exynos.VP8.Decoder) in mediacodec process
09-16 16:42:12.647  3189  4873 D libexynosv4l2: try node: /dev/video6
09-16 16:42:12.647  3189  4873 I libexynosv4l2: node found for device s5p-mfc-dec: /dev/video6
09-16 16:42:12.652  4776  4782 I art     : Do partial code cache collection, code=47KB, data=50KB
09-16 16:42:12.652  4776  4782 I art     : After code cache collection, code=45KB, data=49KB
09-16 16:42:12.652  4776  4782 I art     : Increasing code cache capacity to 256KB
09-16 16:42:12.655  4776  4782 I art     : Compiler allocated 7MB to compile void android.widget.TextView.<init>(android.content.Context, android.util.AttributeSet, int, int)
09-16 16:42:12.658  4762  4888 I LatinIME:LogUtils: Dictionary info: dictionary = userunigram.en_US ; version = 1505590932 ; date = ?
09-16 16:42:12.660  4762  4888 E ActivityThread: Failed to find provider info for user_dictionary
09-16 16:42:12.661  4762  4888 I LatinIME:LogUtils: Dictionary info: dictionary = UserHistoryDictionary.en_US ; version = 1505590932 ; date = ?
09-16 16:42:12.675  3189  4873 I libexynosv4l2: open video device /dev/video6
09-16 16:42:12.680  3189  4873 E OMXNodeInstance: getExtensionIndex(c750005:Exynos.VP8.Decoder, OMX.google.android.index.configureVideoTunnelMode) ERROR: BadParameter(0x80001005)
09-16 16:42:12.680  3589  3589 I SystemServiceManager: Starting phase 600
09-16 16:42:12.681  3192  3192 I MediaPlayerService: MediaPlayerService::getOMX
09-16 16:42:12.681  3192  3192 I OMXClient: MuxOMX ctor
09-16 16:42:12.681  3189  4873 I OMXMaster: makeComponentInstance(OMX.Exynos.HEVC.Decoder) in mediacodec process
09-16 16:42:12.683  3189  4873 D libexynosv4l2: try node: /dev/video6
09-16 16:42:12.683  3189  4873 I libexynosv4l2: node found for device s5p-mfc-dec: /dev/video6
09-16 16:42:12.713  3189  4873 I libexynosv4l2: open video device /dev/video6
09-16 16:42:12.717  4776  4869 I vol.Events: writeEvent level_changed STREAM_ALARM 6
09-16 16:42:12.717  3589  3589 D GestureLauncherService: Gesture launcher mEmergencyNumber = 112 hits = 3
09-16 16:42:12.720  3589  3589 D SensorNotificationService: Cannot obtain dynamic meta sensor, not supported.
09-16 16:42:12.722  3589  4671 I chatty  : uid=1000(system) NetworkStats expire 2 lines
09-16 16:42:12.722  4776  4869 I vol.Events: writeEvent level_changed STREAM_BLUETOOTH_SCO 7
09-16 16:42:12.726  3589  3589 D BrokerableCMSystemService: Third party apps ready
09-16 16:42:12.726  3589  3589 I BrokerableCMSystemService: Connecting to implementation
09-16 16:42:12.726  3589  3589 W ContextImpl: Calling a method in the system process without a qualified user: android.app.ContextImpl.bindService:1421 org.cyanogenmod.platform.internal.BrokerableCMSystemService.tryConnecting:199 org.cyanogenmod.platform.internal.BrokerableCMSystemService.onBootPhase:127 org.cyanogenmod.platform.internal.CMAudioServiceBroker.onBootPhase:58 com.android.server.SystemServiceManager.startBootPhase:143 
09-16 16:42:12.728  4776  4869 I vol.Events: writeEvent level_changed STREAM_MUSIC 11
09-16 16:42:12.728  3192  3192 W ACodec  : [OMX.Exynos.HEVC.Decoder] stopping checking profiles after 32: 2/400
09-16 16:42:12.729  3189  4873 E OMXNodeInstance: getExtensionIndex(c750006:Exynos.HEVC.Decoder, OMX.google.android.index.configureVideoTunnelMode) ERROR: BadParameter(0x80001005)
09-16 16:42:12.731  3192  3192 I MediaPlayerService: MediaPlayerService::getOMX
09-16 16:42:12.732  4776  4869 I vol.Events: writeEvent level_changed STREAM_RING 5
09-16 16:42:12.733  3192  3192 I OMXClient: MuxOMX ctor
09-16 16:42:12.733  4776  4869 I vol.Events: writeEvent level_changed STREAM_SYSTEM 5
09-16 16:42:12.733  3189  4873 I OMXMaster: makeComponentInstance(OMX.Exynos.VP9.Decoder) in mediacodec process
09-16 16:42:12.734  3189  4873 D libexynosv4l2: try node: /dev/video6
09-16 16:42:12.734  3189  4873 I libexynosv4l2: node found for device s5p-mfc-dec: /dev/video6
09-16 16:42:12.735  4776  4782 I art     : Do full code cache collection, code=124KB, data=106KB
09-16 16:42:12.735  4776  4782 I art     : Starting a blocking GC JitCodeCache
09-16 16:42:12.735  4776  4782 I art     : After code cache collection, code=108KB, data=77KB
09-16 16:42:12.738  4776  4869 I vol.Events: writeEvent level_changed STREAM_VOICE_CALL 4
09-16 16:42:12.739  3589  3589 I ActivityManager: Start proc 4896:org.cyanogenmod.cmaudio.service/u0a0 for service org.cyanogenmod.cmaudio.service/.CMAudioService
09-16 16:42:12.758  3589  3686 I chatty  : uid=1000(system) android.bg expire 31 lines
09-16 16:42:12.761  3589  3589 W LocationManagerService: no network location provider found
09-16 16:42:12.763  3189  4873 I libexynosv4l2: open video device /dev/video6
09-16 16:42:12.764  3189  3217 E EXYNOS_VP9_DEC: [0xf4c0bc00][GetIndexToProfileLevel] supported profile(1), level(1)
09-16 16:42:12.764  3189  3189 E EXYNOS_VP9_DEC: [0xf4c0bc00][GetIndexToProfileLevel] supported profile(1), level(2)
09-16 16:42:12.765  3189  4873 E EXYNOS_VP9_DEC: [0xf4c0bc00][GetIndexToProfileLevel] supported profile(1), level(4)
09-16 16:42:12.765  3189  4874 E EXYNOS_VP9_DEC: [0xf4c0bc00][GetIndexToProfileLevel] supported profile(1), level(8)
09-16 16:42:12.765  3189  3217 E EXYNOS_VP9_DEC: [0xf4c0bc00][GetIndexToProfileLevel] supported profile(1), level(10)
09-16 16:42:12.765  3189  3189 E EXYNOS_VP9_DEC: [0xf4c0bc00][GetIndexToProfileLevel] supported profile(1), level(20)
09-16 16:42:12.766  3189  4873 E EXYNOS_VP9_DEC: [0xf4c0bc00][GetIndexToProfileLevel] supported profile(1), level(40)
09-16 16:42:12.766  3189  4874 E EXYNOS_VP9_DEC: [0xf4c0bc00][GetIndexToProfileLevel] supported profile(1), level(80)
09-16 16:42:12.767  3189  4873 E OMXNodeInstance: getExtensionIndex(c750007:Exynos.VP9.Decoder, OMX.google.android.index.configureVideoTunnelMode) ERROR: BadParameter(0x80001005)
09-16 16:42:12.768  3589  3589 E LocationManagerService: no geocoder provider found
09-16 16:42:12.769  3589  3589 D LocationManagerService: FLP HAL not supported
09-16 16:42:12.769  3192  3192 I MediaPlayerService: MediaPlayerService::getOMX
09-16 16:42:12.770  3192  3192 I OMXClient: MuxOMX ctor
09-16 16:42:12.770  3189  4873 I OMXMaster: makeComponentInstance(OMX.Exynos.AVC.Encoder) in mediacodec process
09-16 16:42:12.771  3189  4873 D libexynosv4l2: try node: /dev/video6
09-16 16:42:12.771  3189  4873 D libexynosv4l2: try node: /dev/video7
09-16 16:42:12.771  3189  4873 I libexynosv4l2: node found for device s5p-mfc-enc: /dev/video7
09-16 16:42:12.773  3589  3589 D LocationManagerService: Unable to bind FLP Geofence proxy.
09-16 16:42:12.774  3589  3589 D LocationManagerService: Hardware Activity-Recognition not supported.
09-16 16:42:12.776  3589  3589 D LocationManagerService: Unable to bind ActivityRecognitionProxy.
09-16 16:42:12.785  3589  4033 I chatty  : uid=1000(system) InputReader expire 2 lines
09-16 16:42:12.786  3589  3589 I MmsServiceBroker: Delay connecting to MmsService until an API is called
09-16 16:42:12.790  3589  3589 W VoiceInteractionManagerService: no available voice interaction services found for user 0
09-16 16:42:12.790  3589  3589 W VoiceInteractionManagerService: no available voice recognition services found for user 0
09-16 16:42:12.800  3189  4873 I libexynosv4l2: open video device /dev/video7
09-16 16:42:12.802  3192  3192 W ACodec  : [OMX.Exynos.AVC.Encoder] stopping checking profiles after 32: 2/8000
09-16 16:42:12.803  3192  3192 W ACodec  : do not know color format 0x7f000011 = 2130706449
09-16 16:42:12.803  3192  3192 W ACodec  : do not know color format 0x10 = 16
09-16 16:42:12.803  3192  3192 W ACodec  : do not know color format 0x7f00a000 = 2130747392
09-16 16:42:12.803  3192  3192 W ACodec  : do not know color format 0x7f000789 = 2130708361
09-16 16:42:12.804  3192  3192 W ACodec  : do not know color format 0x7f000012 = 2130706450
09-16 16:42:12.804  3189  4874 E OMXNodeInstance: getConfig(c750008:Exynos.AVC.Encoder, ConfigAndroidIntraRefresh(0x6f60000a)) ERROR: UnsupportedIndex(0x8000101a)
09-16 16:42:12.804  3589  3589 I ActivityManager: Start proc 4916:com.android.phone/1001 for added application com.android.phone
09-16 16:42:12.805  3192  3192 I MediaPlayerService: MediaPlayerService::getOMX
09-16 16:42:12.805  3192  3192 I OMXClient: MuxOMX ctor
09-16 16:42:12.805  3189  4873 I OMXMaster: makeComponentInstance(OMX.Exynos.H263.Encoder) in mediacodec process
09-16 16:42:12.806  3189  4873 D libexynosv4l2: try node: /dev/video6
09-16 16:42:12.806  3189  4873 D libexynosv4l2: try node: /dev/video7
09-16 16:42:12.806  3189  4873 I libexynosv4l2: node found for device s5p-mfc-enc: /dev/video7
09-16 16:42:12.807  3589  3589 I ActivityManager: START u0 {act=android.intent.action.MAIN cat=[android.intent.category.HOME] flg=0x10000100 cmp=com.android.settings/.CryptKeeper} from uid 0 on display 0
09-16 16:42:12.814  3589  3589 I ActivityManager: Loaded persisted task ids for user 0
09-16 16:42:12.831  3589  3589 I ActivityManager: Start proc 4934:com.android.settings:CryptKeeper/1000 for activity com.android.settings/.CryptKeeper
09-16 16:42:12.834  3589  3688 W WindowManager: Keyguard drawn timeout. Setting mKeyguardDrawComplete
09-16 16:42:12.834  3589  3589 I SystemServer: Enabled StrictMode for system server main thread.
09-16 16:42:12.835  3189  4873 I libexynosv4l2: open video device /dev/video7
09-16 16:42:12.835  3589  3694 W LocalDisplayAdapter: Unable to find color mode 0, ignoring request.
09-16 16:42:12.837  3192  3192 W ACodec  : do not know color format 0x7f000011 = 2130706449
09-16 16:42:12.837  3192  3192 W ACodec  : do not know color format 0x10 = 16
09-16 16:42:12.837  3192  3192 W ACodec  : do not know color format 0x7f00a000 = 2130747392
09-16 16:42:12.837  3192  3192 W ACodec  : do not know color format 0x7f000789 = 2130708361
09-16 16:42:12.837  3192  3192 W ACodec  : do not know color format 0x7f000012 = 2130706450
09-16 16:42:12.837  3189  4874 E OMXNodeInstance: getConfig(c750009:Exynos.H263.Encoder, ConfigAndroidIntraRefresh(0x6f60000a)) ERROR: UnsupportedIndex(0x8000101a)
09-16 16:42:12.838  3192  3192 I MediaPlayerService: MediaPlayerService::getOMX
09-16 16:42:12.838  3192  3192 I OMXClient: MuxOMX ctor
09-16 16:42:12.838  3189  4873 I OMXMaster: makeComponentInstance(OMX.Exynos.MPEG4.Encoder) in mediacodec process
09-16 16:42:12.839  3189  4873 D libexynosv4l2: try node: /dev/video6
09-16 16:42:12.839  3189  4873 D libexynosv4l2: try node: /dev/video7
09-16 16:42:12.839  3189  4873 I libexynosv4l2: node found for device s5p-mfc-enc: /dev/video7
09-16 16:42:12.860  4916  4916 I chatty  : uid=1001(radio) com.android.phone expire 330 lines
09-16 16:42:12.868  3189  4873 I libexynosv4l2: open video device /dev/video7
09-16 16:42:12.871  3192  3192 W ACodec  : do not know color format 0x7f000011 = 2130706449
09-16 16:42:12.872  3192  3192 W ACodec  : do not know color format 0x10 = 16
09-16 16:42:12.872  3192  3192 W ACodec  : do not know color format 0x7f00a000 = 2130747392
09-16 16:42:12.872  3192  3192 W ACodec  : do not know color format 0x7f000789 = 2130708361
09-16 16:42:12.872  3192  3192 W ACodec  : do not know color format 0x7f000012 = 2130706450
09-16 16:42:12.872  3189  4874 E OMXNodeInstance: getConfig(c75000a:Exynos.MPEG4.Encoder, ConfigAndroidIntraRefresh(0x6f60000a)) ERROR: UnsupportedIndex(0x8000101a)
09-16 16:42:12.874  3192  3192 I MediaPlayerService: MediaPlayerService::getOMX
09-16 16:42:12.874  3192  3192 I OMXClient: MuxOMX ctor
09-16 16:42:12.875  3189  4873 I OMXMaster: makeComponentInstance(OMX.Exynos.VP8.Encoder) in mediacodec process
09-16 16:42:12.875  3189  4873 D libexynosv4l2: try node: /dev/video6
09-16 16:42:12.875  3189  4873 D libexynosv4l2: try node: /dev/video7
09-16 16:42:12.875  3189  4873 I libexynosv4l2: node found for device s5p-mfc-enc: /dev/video7
09-16 16:42:12.877  4762  4888 I BinaryDictionaryFileDumper: reinitializeClientRecordInDictionaryContentProvider() : MetadataFileUri = 
09-16 16:42:12.897  3589  4868 W ActivityManager: Slow operation: 51ms so far, now at attachApplicationLocked: after mServices.attachApplicationLocked
09-16 16:42:12.905  3589  3589 D ConditionProviders.SCP: onConnected
09-16 16:42:12.906  3589  3694 W LocalDisplayAdapter: Unable to find color mode 0, ignoring request.
09-16 16:42:12.908  3189  4873 I libexynosv4l2: open video device /dev/video7
09-16 16:42:12.916  4934  4934 W System  : ClassLoader referenced unknown path: /system/priv-app/Settings/lib/arm64
09-16 16:42:12.917  3192  3192 W ACodec  : do not know color format 0x7f000011 = 2130706449
09-16 16:42:12.917  3192  3192 W ACodec  : do not know color format 0x10 = 16
09-16 16:42:12.917  3192  3192 W ACodec  : do not know color format 0x7f00a000 = 2130747392
09-16 16:42:12.917  3192  3192 W ACodec  : do not know color format 0x7f000789 = 2130708361
09-16 16:42:12.917  3192  3192 W ACodec  : do not know color format 0x7f000012 = 2130706450
09-16 16:42:12.918  3189  4874 E OMXNodeInstance: getConfig(c75000b:Exynos.VP8.Encoder, ConfigAndroidIntraRefresh(0x6f60000a)) ERROR: UnsupportedIndex(0x8000101a)
09-16 16:42:12.918  4776  4776 D StorageNotification: Notifying about private volume: VolumeInfo{private}:
09-16 16:42:12.918  4776  4776 D StorageNotification:     type=PRIVATE diskId=null partGuid=null mountFlags=0 mountUserId=-1 
09-16 16:42:12.918  4776  4776 D StorageNotification:     state=MOUNTED 
09-16 16:42:12.918  4776  4776 D StorageNotification:     fsType=null fsUuid=null fsLabel=null 
09-16 16:42:12.918  4776  4776 D StorageNotification:     path=/data internalPath=null 
09-16 16:42:12.920  4776  4776 D StorageNotification: Notifying about public volume: VolumeInfo{public:179_1}:
09-16 16:42:12.920  4776  4776 D StorageNotification:     type=PUBLIC diskId=disk:179_0 partGuid=null mountFlags=0 mountUserId=0 
09-16 16:42:12.920  4776  4776 D StorageNotification:     state=MOUNTED 
09-16 16:42:12.920  4776  4776 D StorageNotification:     fsType=vfat fsUuid=4753-1B02 fsLabel=sdcard 
09-16 16:42:12.920  4776  4776 D StorageNotification:     path=/mnt/media_rw/4753-1B02 internalPath=/mnt/media_rw/4753-1B02 
09-16 16:42:12.921  3192  3192 I MediaPlayerService: MediaPlayerService::getOMX
09-16 16:42:12.921  3192  3192 I OMXClient: MuxOMX ctor
09-16 16:42:12.921  3189  4873 I OMXMaster: makeComponentInstance(OMX.Exynos.HEVC.Encoder) in mediacodec process
09-16 16:42:12.922  3189  4873 D libexynosv4l2: try node: /dev/video6
09-16 16:42:12.922  3189  4873 D libexynosv4l2: try node: /dev/video7
09-16 16:42:12.922  3189  4873 I libexynosv4l2: node found for device s5p-mfc-enc: /dev/video7
09-16 16:42:12.951  3189  4873 I libexynosv4l2: open video device /dev/video7
09-16 16:42:12.952  3589  3589 W ContextImpl: Calling a method in the system process without a qualified user: android.app.ContextImpl.startService:1357 com.android.server.content.SyncManager$13.run:658 android.os.Handler.handleCallback:751 android.os.Handler.dispatchMessage:95 android.os.Looper.loop:154 
09-16 16:42:12.955  3192  3192 W ACodec  : [OMX.Exynos.HEVC.Encoder] stopping checking profiles after 32: 2/400
09-16 16:42:12.956  3192  3192 W ACodec  : do not know color format 0x7f000011 = 2130706449
09-16 16:42:12.956  3192  3192 W ACodec  : do not know color format 0x10 = 16
09-16 16:42:12.956  3192  3192 W ACodec  : do not know color format 0x7f00a000 = 2130747392
09-16 16:42:12.956  3192  3192 W ACodec  : do not know color format 0x7f000789 = 2130708361
09-16 16:42:12.956  3192  3192 W ACodec  : do not know color format 0x7f000012 = 2130706450
09-16 16:42:12.956  3189  4874 E OMXNodeInstance: getConfig(c75000c:Exynos.HEVC.Encoder, ConfigAndroidIntraRefresh(0x6f60000a)) ERROR: UnsupportedIndex(0x8000101a)
09-16 16:42:12.958  3589  4678 I chatty  : uid=1000(system) WifiScanningSer expire 3 lines
09-16 16:42:12.959  3589  4679 I chatty  : uid=1000(system) WifiRttService expire 2 lines
09-16 16:42:12.959  3589  3589 D ZenLog  : set_zen_mode: off,cleanUpZenRules
09-16 16:42:12.961  3192  3192 I MediaPlayerService: MediaPlayerService::getOMX
09-16 16:42:12.962  3192  3192 I OMXClient: MuxOMX ctor
09-16 16:42:12.962  3189  4873 I OMXMaster: makeComponentInstance(OMX.google.mpeg4.decoder) in mediacodec process
09-16 16:42:12.965  3589  3589 D ConditionProviders: Subscribing to condition://android/event?userId=-10000&calendar=&reply=1 with ComponentInfo{android/com.android.server.notification.EventConditionProvider}
09-16 16:42:12.965  3589  3589 D ZenLog  : subscribe: condition://android/event?userId=-10000&calendar=&reply=1,ok
09-16 16:42:12.966  3589  3589 D ConditionProviders: Subscribing to condition://android/schedule?days=1.2.3.4.5&start=22.0&end=7.0&exitAtAlarm=false with ComponentInfo{android/com.android.server.notification.ScheduleConditionProvider}
09-16 16:42:12.966  3589  3589 D ZenLog  : subscribe: condition://android/schedule?days=1.2.3.4.5&start=22.0&end=7.0&exitAtAlarm=false,ok
09-16 16:42:12.967  3589  3589 D ConditionProviders: Subscribing to condition://android/schedule?days=6.7&start=23.30&end=10.0&exitAtAlarm=false with ComponentInfo{android/com.android.server.notification.ScheduleConditionProvider}
09-16 16:42:12.967  3589  3589 D ZenLog  : subscribe: condition://android/schedule?days=6.7&start=23.30&end=10.0&exitAtAlarm=false,ok
09-16 16:42:12.971  3589  3694 I SingleHandAdapter: onChange..
09-16 16:42:12.971  3589  3694 I SingleHandAdapter: updateSingleHandMode value:  cur: 
09-16 16:42:12.971  3189  4873 E OMXNodeInstance: getExtensionIndex(c75000d:google.mpeg4.decoder, OMX.google.android.index.configureVideoTunnelMode) ERROR: UnsupportedIndex(0x8000101a)
09-16 16:42:12.971  3189  4874 W OMXNodeInstance: [c75000d:google.mpeg4.decoder] component does not support metadata mode; using fallback
09-16 16:42:12.973  3192  3192 I MediaPlayerService: MediaPlayerService::getOMX
09-16 16:42:12.973  3192  3192 I OMXClient: MuxOMX ctor
09-16 16:42:12.973  3189  4874 I OMXMaster: makeComponentInstance(OMX.google.h263.decoder) in mediacodec process
09-16 16:42:12.975  3189  4873 E OMXNodeInstance: getExtensionIndex(c75000e:google.h263.decoder, OMX.google.android.index.configureVideoTunnelMode) ERROR: UnsupportedIndex(0x8000101a)
09-16 16:42:12.975  3189  4874 W OMXNodeInstance: [c75000e:google.h263.decoder] component does not support metadata mode; using fallback
09-16 16:42:12.976  3192  3192 I MediaPlayerService: MediaPlayerService::getOMX
09-16 16:42:12.976  3192  3192 I OMXClient: MuxOMX ctor
09-16 16:42:12.976  3189  4874 I OMXMaster: makeComponentInstance(OMX.google.h264.decoder) in mediacodec process
09-16 16:42:12.976  4934  4934 D CryptKeeper: Disabling component ComponentInfo{com.android.settings/com.android.settings.CryptKeeper}
09-16 16:42:12.981  3192  3192 W ACodec  : [OMX.google.h264.decoder] stopping checking profiles after 32: 2/8000
09-16 16:42:12.982  3189  4873 E OMXNodeInstance: getExtensionIndex(c75000f:google.h264.decoder, OMX.google.android.index.configureVideoTunnelMode) ERROR: UnsupportedIndex(0x8000101a)
09-16 16:42:12.982  3189  4874 W OMXNodeInstance: [c75000f:google.h264.decoder] component does not support metadata mode; using fallback
09-16 16:42:12.983  3192  3192 I MediaPlayerService: MediaPlayerService::getOMX
09-16 16:42:12.984  3192  3192 I OMXClient: MuxOMX ctor
09-16 16:42:12.985  3189  4874 I OMXMaster: makeComponentInstance(OMX.google.hevc.decoder) in mediacodec process
09-16 16:42:12.985  3589  4794 I ActivityManager: START u0 {act=android.intent.action.MAIN cat=[android.intent.category.HOME] flg=0x10000100 cmp=com.android.settings/.FallbackHome} from uid 0 on display 0
09-16 16:42:12.991  3189  4874 E OMXNodeInstance: getExtensionIndex(c750010:google.hevc.decoder, OMX.google.android.index.configureVideoTunnelMode) ERROR: UnsupportedIndex(0x8000101a)
09-16 16:42:12.991  3189  3217 W OMXNodeInstance: [c750010:google.hevc.decoder] component does not support metadata mode; using fallback
09-16 16:42:12.992  3192  3192 I MediaPlayerService: MediaPlayerService::getOMX
09-16 16:42:12.992  3192  3192 I OMXClient: MuxOMX ctor
09-16 16:42:12.992  3189  3217 I OMXMaster: makeComponentInstance(OMX.google.vp8.decoder) in mediacodec process
09-16 16:42:12.995  3189  4874 E OMXNodeInstance: getExtensionIndex(c750011:google.vp8.decoder, OMX.google.android.index.configureVideoTunnelMode) ERROR: UnsupportedIndex(0x8000101a)
09-16 16:42:12.996  3189  3217 W OMXNodeInstance: [c750011:google.vp8.decoder] component does not support metadata mode; using fallback
09-16 16:42:12.997  3192  3192 I MediaPlayerService: MediaPlayerService::getOMX
09-16 16:42:12.997  3192  3192 I OMXClient: MuxOMX ctor
09-16 16:42:12.997  3189  3217 I OMXMaster: makeComponentInstance(OMX.google.vp9.decoder) in mediacodec process
09-16 16:42:12.999  3189  3217 E OMXNodeInstance: getExtensionIndex(c750012:google.vp9.decoder, OMX.google.android.index.configureVideoTunnelMode) ERROR: UnsupportedIndex(0x8000101a)
09-16 16:42:12.999  3189  3189 W OMXNodeInstance: [c750012:google.vp9.decoder] component does not support metadata mode; using fallback
09-16 16:42:13.001  3192  3192 I MediaPlayerService: MediaPlayerService::getOMX
09-16 16:42:13.001  3589  4794 I ActivityManager: Start proc 4969:com.android.settings/1000 for activity com.android.settings/.FallbackHome
09-16 16:42:13.001  3192  3192 I OMXClient: MuxOMX ctor
09-16 16:42:13.002  3189  3189 I OMXMaster: makeComponentInstance(OMX.google.h263.encoder) in mediacodec process
09-16 16:42:13.003  3189  3189 I SoftMPEG4Encoder: Construct SoftMPEG4Encoder
09-16 16:42:13.004  3192  3192 W ACodec  : do not know color format 0x7f000789 = 2130708361
09-16 16:42:13.004  3189  4874 E OMXNodeInstance: getConfig(c750013:google.h263.encoder, ConfigAndroidIntraRefresh(0x6f60000a)) ERROR: Undefined(0x80001001)
09-16 16:42:13.005  3192  3192 I MediaPlayerService: MediaPlayerService::getOMX
09-16 16:42:13.005  3192  3192 I OMXClient: MuxOMX ctor
09-16 16:42:13.005  3189  4873 I OMXMaster: makeComponentInstance(OMX.google.h264.encoder) in mediacodec process
09-16 16:42:13.010  3162  3201 D PermissionCache: checking android.permission.READ_FRAME_BUFFER for uid=1000 => granted (667 us)
09-16 16:42:13.015  3192  3192 W ACodec  : do not know color format 0x7f000789 = 2130708361
09-16 16:42:13.016  3192  3192 I MediaPlayerService: MediaPlayerService::getOMX
09-16 16:42:13.016  3192  3192 I OMXClient: MuxOMX ctor
09-16 16:42:13.016  3189  3217 I OMXMaster: makeComponentInstance(OMX.google.mpeg4.encoder) in mediacodec process
09-16 16:42:13.016  3189  3217 I SoftMPEG4Encoder: Construct SoftMPEG4Encoder
09-16 16:42:13.017  3192  3192 W ACodec  : do not know color format 0x7f000789 = 2130708361
09-16 16:42:13.017  3189  4873 E OMXNodeInstance: getConfig(c750015:google.mpeg4.encoder, ConfigAndroidIntraRefresh(0x6f60000a)) ERROR: Undefined(0x80001001)
09-16 16:42:13.017  3192  3192 I MediaPlayerService: MediaPlayerService::getOMX
09-16 16:42:13.018  3192  3192 I OMXClient: MuxOMX ctor
09-16 16:42:13.018  3189  3189 I OMXMaster: makeComponentInstance(OMX.google.vp8.encoder) in mediacodec process
09-16 16:42:13.020  3192  3192 W ACodec  : do not know color format 0x7f000789 = 2130708361
09-16 16:42:13.020  3189  4873 E OMXNodeInstance: getConfig(c750016:google.vp8.encoder, ConfigAndroidIntraRefresh(0x6f60000a)) ERROR: Undefined(0x80001001)
09-16 16:42:13.029  3192  3192 I MediaPlayerService: MediaPlayerService::getOMX
09-16 16:42:13.029  3192  3192 I OMXClient: MuxOMX ctor
09-16 16:42:13.030  3189  3189 I OMXMaster: makeComponentInstance(OMX.google.mp3.decoder) in mediacodec process
09-16 16:42:13.034  4969  4969 W System  : ClassLoader referenced unknown path: /system/priv-app/Settings/lib/arm64
09-16 16:42:13.039  3192  3192 I MediaPlayerService: MediaPlayerService::getOMX
09-16 16:42:13.039  3192  3192 I OMXClient: MuxOMX ctor
09-16 16:42:13.039  3189  3189 I OMXMaster: makeComponentInstance(OMX.google.amrnb.decoder) in mediacodec process
09-16 16:42:13.042  3192  3192 I MediaPlayerService: MediaPlayerService::getOMX
09-16 16:42:13.042  3192  3192 I OMXClient: MuxOMX ctor
09-16 16:42:13.042  3189  3189 I OMXMaster: makeComponentInstance(OMX.google.amrwb.decoder) in mediacodec process
09-16 16:42:13.044  3192  3192 I MediaPlayerService: MediaPlayerService::getOMX
09-16 16:42:13.045  3192  3192 I OMXClient: MuxOMX ctor
09-16 16:42:13.045  3189  3189 I OMXMaster: makeComponentInstance(OMX.google.aac.decoder) in mediacodec process
09-16 16:42:13.049  3192  3192 I MediaPlayerService: MediaPlayerService::getOMX
09-16 16:42:13.049  3192  3192 I OMXClient: MuxOMX ctor
09-16 16:42:13.049  3189  4874 I OMXMaster: makeComponentInstance(OMX.google.g711.alaw.decoder) in mediacodec process
09-16 16:42:13.051  4893  4893 I pool-1-thread-1: type=1400 audit(0.0:170): avc: denied { remove_name } for name="com.android.systemui.xml" dev="sda24" ino=3121265 scontext=u:r:platform_app:s0:c512,c768 tcontext=u:object_r:system_data_file:s0:c512,c768 tclass=dir permissive=1
09-16 16:42:13.051  4893  4893 I pool-1-thread-1: type=1400 audit(0.0:170): avc: denied { rename } for name="com.android.systemui.xml" dev="sda24" ino=3121265 scontext=u:r:platform_app:s0:c512,c768 tcontext=u:object_r:system_data_file:s0:c512,c768 tclass=file permissive=1
09-16 16:42:13.051  4893  4893 W pool-1-thread-1: type=1300 audit(0.0:170): arch=c00000b7 syscall=38 success=yes exit=0 a0=ffffff9c a1=7fa10588f0 a2=ffffff9c a3=7fa1058940 items=0 ppid=3182 auid=4294967295 uid=10033 gid=10033 euid=10033 suid=10033 fsuid=10033 egid=10033 sgid=10033 fsgid=10033 tty=(none) ses=4294967295 exe="/system/bin/app_process64" subj=u:r:platform_app:s0:c512,c768 key=(null)
09-16 16:42:13.051  3086  3086 W auditd  : type=1327 audit(0.0:170): proctitle="com.android.systemui"
09-16 16:42:13.051  3086  3086 W auditd  : type=1320 audit(0.0:170): 
09-16 16:42:13.067  3192  3192 I MediaPlayerService: MediaPlayerService::getOMX
09-16 16:42:13.068  3192  3192 I OMXClient: MuxOMX ctor
09-16 16:42:13.068  3189  4874 I OMXMaster: makeComponentInstance(OMX.google.g711.mlaw.decoder) in mediacodec process
09-16 16:42:13.072  3192  3192 I MediaPlayerService: MediaPlayerService::getOMX
09-16 16:42:13.073  3192  3192 I OMXClient: MuxOMX ctor
09-16 16:42:13.073  3189  4874 I OMXMaster: makeComponentInstance(OMX.google.vorbis.decoder) in mediacodec process
09-16 16:42:13.084  3589  3685 I StatusBarManagerService: registerStatusBar bar=com.android.internal.statusbar.IStatusBar$Stub$Proxy@2936cd6
09-16 16:42:13.086  3192  3192 I MediaPlayerService: MediaPlayerService::getOMX
09-16 16:42:13.087  3192  3192 I OMXClient: MuxOMX ctor
09-16 16:42:13.087  3189  4874 I OMXMaster: makeComponentInstance(OMX.google.opus.decoder) in mediacodec process
09-16 16:42:13.089  3192  3192 I MediaPlayerService: MediaPlayerService::getOMX
09-16 16:42:13.089  3192  3192 I OMXClient: MuxOMX ctor
09-16 16:42:13.089  3189  4874 I OMXMaster: makeComponentInstance(OMX.google.raw.decoder) in mediacodec process
09-16 16:42:13.092  3192  3192 I MediaPlayerService: MediaPlayerService::getOMX
09-16 16:42:13.092  3192  3192 I OMXClient: MuxOMX ctor
09-16 16:42:13.092  3189  4874 I OMXMaster: makeComponentInstance(OMX.google.aac.encoder) in mediacodec process
09-16 16:42:13.098  3192  3192 I MediaPlayerService: MediaPlayerService::getOMX
09-16 16:42:13.101  3589  5017 I chatty  : uid=1000(system) Thread-5 expire 2 lines
09-16 16:42:13.102  3192  3192 I OMXClient: MuxOMX ctor
09-16 16:42:13.102  3189  3189 I OMXMaster: makeComponentInstance(OMX.google.amrnb.encoder) in mediacodec process
09-16 16:42:13.106  3192  3192 I MediaPlayerService: MediaPlayerService::getOMX
09-16 16:42:13.106  3192  3192 I OMXClient: MuxOMX ctor
09-16 16:42:13.106  3189  3189 I OMXMaster: makeComponentInstance(OMX.google.amrwb.encoder) in mediacodec process
09-16 16:42:13.109  3192  3192 I MediaPlayerService: MediaPlayerService::getOMX
09-16 16:42:13.109  3192  3192 I OMXClient: MuxOMX ctor
09-16 16:42:13.109  3189  3189 I OMXMaster: makeComponentInstance(OMX.google.flac.encoder) in mediacodec process
09-16 16:42:13.119  3192  3192 I MediaPlayerService: MediaPlayerService::getOMX
09-16 16:42:13.121  4969  5012 I OpenGLRenderer: Initialized EGL, version 1.4
09-16 16:42:13.121  4969  5012 D OpenGLRenderer: Swap behavior 1
09-16 16:42:13.122  3192  3192 I OMXClient: MuxOMX ctor
09-16 16:42:13.122  3189  3189 I OMXMaster: makeComponentInstance(OMX.google.gsm.decoder) in mediacodec process
09-16 16:42:13.129  4969  5012 D mali_winsys: EGLint new_window_surface(egl_winsys_display*, void*, EGLSurface, EGLConfig, egl_winsys_surface**, egl_color_buffer_format*, EGLBoolean) returns 0x3000,  [1440x2960]-format:1
09-16 16:42:13.136  3192  3192 I MediaPlayerService: MediaPlayerService::getOMX
09-16 16:42:13.136  3192  3192 I OMXClient: MuxOMX ctor
09-16 16:42:13.137  3189  3189 I OMXMaster: makeComponentInstance(OMX.ffmpeg.aac.decoder) in mediacodec process
09-16 16:42:13.137  3189  3189 V FFmpegOMXPlugin: makeComponentInstance 'OMX.ffmpeg.aac.decoder'
09-16 16:42:13.137  3189  3189 D SoftFFmpegAudio: SoftFFmpegAudio component: OMX.ffmpeg.aac.decoder mCodingType: 21
09-16 16:42:13.153  3189  4874 E OMXNodeInstance: getParameter(c750025:ffmpeg.aac.decoder, ??(0x6f400005)) ERROR: UnsupportedIndex(0x8000101a)
09-16 16:42:13.153  3192  3192 W ACodec  : component OMX.ffmpeg.aac.decoder doesn't support profile query.
09-16 16:42:13.154  3192  3192 I MediaPlayerService: MediaPlayerService::getOMX
09-16 16:42:13.154  3192  3192 I OMXClient: MuxOMX ctor
09-16 16:42:13.154  3189  4873 I OMXMaster: makeComponentInstance(OMX.ffmpeg.ac3.decoder) in mediacodec process
09-16 16:42:13.154  3189  4873 V FFmpegOMXPlugin: makeComponentInstance 'OMX.ffmpeg.ac3.decoder'
09-16 16:42:13.155  3189  4873 D SoftFFmpegAudio: SoftFFmpegAudio component: OMX.ffmpeg.ac3.decoder mCodingType: 2130706434
09-16 16:42:13.156  3192  3192 I MediaPlayerService: MediaPlayerService::getOMX
09-16 16:42:13.156  3192  3192 I OMXClient: MuxOMX ctor
09-16 16:42:13.156  3189  4873 I OMXMaster: makeComponentInstance(OMX.ffmpeg.alac.decoder) in mediacodec process
09-16 16:42:13.156  3189  4873 V FFmpegOMXPlugin: makeComponentInstance 'OMX.ffmpeg.alac.decoder'
09-16 16:42:13.156  3189  4873 D SoftFFmpegAudio: SoftFFmpegAudio component: OMX.ffmpeg.alac.decoder mCodingType: 2130706437
09-16 16:42:13.157  3192  3192 I MediaPlayerService: MediaPlayerService::getOMX
09-16 16:42:13.157  3192  3192 I OMXClient: MuxOMX ctor
09-16 16:42:13.157  3189  4873 I OMXMaster: makeComponentInstance(OMX.ffmpeg.ape.decoder) in mediacodec process
09-16 16:42:13.157  3189  4873 V FFmpegOMXPlugin: makeComponentInstance 'OMX.ffmpeg.ape.decoder'
09-16 16:42:13.157  3189  4873 D SoftFFmpegAudio: SoftFFmpegAudio component: OMX.ffmpeg.ape.decoder mCodingType: 2130706435
09-16 16:42:13.159  3192  3192 I MediaPlayerService: MediaPlayerService::getOMX
09-16 16:42:13.159  3192  3192 I OMXClient: MuxOMX ctor
09-16 16:42:13.159  3189  4873 I OMXMaster: makeComponentInstance(OMX.ffmpeg.atrial.decoder) in mediacodec process
09-16 16:42:13.159  3189  4873 V FFmpegOMXPlugin: makeComponentInstance 'OMX.ffmpeg.atrial.decoder'
09-16 16:42:13.159  3189  4873 D SoftFFmpegAudio: SoftFFmpegAudio component: OMX.ffmpeg.atrial.decoder mCodingType: 1
09-16 16:42:13.160  3192  3192 I MediaPlayerService: MediaPlayerService::getOMX
09-16 16:42:13.160  3192  3192 I OMXClient: MuxOMX ctor
09-16 16:42:13.160  3189  4873 I OMXMaster: makeComponentInstance(OMX.ffmpeg.dts.decoder) in mediacodec process
09-16 16:42:13.160  3189  4873 V FFmpegOMXPlugin: makeComponentInstance 'OMX.ffmpeg.dts.decoder'
09-16 16:42:13.160  3189  4873 D SoftFFmpegAudio: SoftFFmpegAudio component: OMX.ffmpeg.dts.decoder mCodingType: 2130706436
09-16 16:42:13.161  3192  3192 I MediaPlayerService: MediaPlayerService::getOMX
09-16 16:42:13.162  3192  3192 I OMXClient: MuxOMX ctor
09-16 16:42:13.162  3189  4873 I OMXMaster: makeComponentInstance(OMX.ffmpeg.flac.decoder) in mediacodec process
09-16 16:42:13.162  3189  4873 V FFmpegOMXPlugin: makeComponentInstance 'OMX.ffmpeg.flac.decoder'
09-16 16:42:13.162  3189  4873 D SoftFFmpegAudio: SoftFFmpegAudio component: OMX.ffmpeg.flac.decoder mCodingType: 28
09-16 16:42:13.163  3192  3192 I MediaPlayerService: MediaPlayerService::getOMX
09-16 16:42:13.163  3192  3192 I OMXClient: MuxOMX ctor
09-16 16:42:13.163  3189  4873 I OMXMaster: makeComponentInstance(OMX.ffmpeg.mp2.decoder) in mediacodec process
