09-16 19:19:49.211  3586  5368 I PreBootBroadcaster: Pre-boot of {com.android.providers.calendar/com.android.providers.calendar.CalendarUpgradeReceiver} for user 0
09-16 19:19:49.232  3586  3586 D ZenLog  : disable_effects: 0|android|0|PreBootBroadcaster|1000,booleanState
09-16 19:19:49.282  5179  5179 D CellBroadcastReceiver: onReceive Intent { act=android.intent.action.SIM_STATE_CHANGED flg=0x4000010 cmp=com.android.cellbroadcastreceiver/.CellBroadcastReceiver (has extras) }
09-16 19:19:49.282  5179  5179 D CellBroadcastReceiver: Default interval 0 did not change.
09-16 19:19:49.322  4979  4979 D SimSelectNotification:  no of slots 1 provision = false
09-16 19:19:49.362  5179  5179 D CellBroadcastReceiver: onReceive Intent { act=android.intent.action.SERVICE_STATE flg=0x10 cmp=com.android.cellbroadcastreceiver/.CellBroadcastReceiver (has extras) }
09-16 19:19:49.363  5179  5179 D CellBroadcastReceiver: Intent: android.intent.action.SERVICE_STATE
09-16 19:19:49.378  4920  4920 D VvmSimChangeReceiver: Carrier config changed
09-16 19:19:49.393  3194  3279 I MediaPlayerService: MediaPlayerService::getOMX
09-16 19:19:49.394  5332  5569 I OMXClient: MuxOMX ctor
09-16 19:19:49.397  3190  3190 I OMXMaster: makeComponentInstance(OMX.google.vorbis.decoder) in mediacodec process
09-16 19:19:49.402  4920  4920 D VvmSimChangeReceiver: visual voicemail not supported for carrier 72234 on subId 1
09-16 19:19:49.477  5488  5493 I art     : Do partial code cache collection, code=62KB, data=48KB
09-16 19:19:49.478  5488  5493 I art     : After code cache collection, code=62KB, data=48KB
09-16 19:19:49.478  5488  5493 I art     : Increasing code cache capacity to 256KB
09-16 19:19:49.494  3194  4848 I MediaPlayerService: MediaPlayerService::getOMX
09-16 19:19:49.494  5332  5572 I OMXClient: MuxOMX ctor
09-16 19:19:49.494  5488  5511 I ContactLocale: AddressBook Labels [[en_US]]: [, A, B, C, D, E, F, G, H, I, J, K, L, M, N, O, P, Q, R, S, T, U, V, W, X, Y, Z, , , , , , , , , , , , , , , , , , , , , , , , , , , , , , , , , , , , , , , , , , , , , , , , , , , , , , , , , , , , , , , , , , , , , , , , , , , , , , , , , , , , , , , , , , , , , , , , , , , , , , , , , , , , , , , , , , , , , , , , , , , , , , , , , , , , , , , , , , , , , , , , , , , , , , , , , , , , , , , , , , , , , , , , , , , , , , , , , , , , , , , , , , , #, ]
09-16 19:19:49.496  3190  3190 I OMXMaster: makeComponentInstance(OMX.google.vorbis.decoder) in mediacodec process
09-16 19:19:49.533  3586  3681 I ActivityManager: Start proc 5575:com.android.providers.calendar/u0a5 for broadcast com.android.providers.calendar/.CalendarUpgradeReceiver
09-16 19:19:49.585  3194  3194 E FFMPEGSoftCodec: Failed to load FFMPEG plugin: (null)
09-16 19:19:49.586  3194  3194 E WVMExtractor: Failed to open libwvm.so: dlopen failed: library "libwvm.so" not found
09-16 19:19:49.622  5575  5575 W System  : ClassLoader referenced unknown path: /system/priv-app/CalendarProvider/lib/arm64
09-16 19:19:49.624  3193  3193 I FFmpegExtractor: android-source:0xf666cc00
09-16 19:19:49.630  5488  5511 I ContactsDatabaseHelper: Bootstrapping database version: 1111
09-16 19:19:49.656  3193  3193 D FFmpegExtractor: supported codec (pcm_s16le) by official Stagefright
09-16 19:19:49.656  3193  3193 D FFmpegExtractor: ffmpeg detected media content as 'audio/x-wav' with confidence 0.08
09-16 19:19:49.663  5575  5575 I viders.calendar: type=1400 audit(0.0:241): avc: denied { create } for name="code_cache" scontext=u:r:priv_app:s0:c512,c768 tcontext=u:object_r:system_data_file:s0:c512,c768 tclass=dir permissive=1
09-16 19:19:49.663  5575  5575 W viders.calendar: type=1300 audit(0.0:241): arch=c00000b7 syscall=34 success=yes exit=0 a0=ffffff9c a1=7f6bc14580 a2=1f9 a3=7f7794f514 items=0 ppid=3181 auid=4294967295 uid=10005 gid=10005 euid=10005 suid=10005 fsuid=10005 egid=10005 sgid=10005 fsgid=10005 tty=(none) ses=4294967295 exe="/system/bin/app_process64" subj=u:r:priv_app:s0:c512,c768 key=(null)
09-16 19:19:49.663  3085  3085 W auditd  : type=1327 audit(0.0:241): proctitle="com.android.providers.calendar"
09-16 19:19:49.663  3085  3085 W auditd  : type=1320 audit(0.0:241): 
09-16 19:19:49.667  5575  5575 I viders.calendar: type=1400 audit(0.0:242): avc: denied { setattr } for name="code_cache" dev="sda24" ino=3121323 scontext=u:r:priv_app:s0:c512,c768 tcontext=u:object_r:system_data_file:s0:c512,c768 tclass=dir permissive=1
09-16 19:19:49.667  5575  5575 W viders.calendar: type=1300 audit(0.0:242): arch=c00000b7 syscall=53 success=yes exit=0 a0=ffffff9c a1=7f6bc14600 a2=1f9 a3=0 items=0 ppid=3181 auid=4294967295 uid=10005 gid=10005 euid=10005 suid=10005 fsuid=10005 egid=10005 sgid=10005 fsgid=10005 tty=(none) ses=4294967295 exe="/system/bin/app_process64" subj=u:r:priv_app:s0:c512,c768 key=(null)
09-16 19:19:49.667  3085  3085 W auditd  : type=1327 audit(0.0:242): proctitle="com.android.providers.calendar"
09-16 19:19:49.667  3085  3085 W auditd  : type=1320 audit(0.0:242): 
09-16 19:19:49.743  5575  5575 I viders.calendar: type=1400 audit(0.0:243): avc: denied { write } for name="databases" dev="sda24" ino=2015541 scontext=u:r:priv_app:s0:c512,c768 tcontext=u:object_r:system_data_file:s0:c512,c768 tclass=dir permissive=1
09-16 19:19:49.743  5575  5575 I viders.calendar: type=1400 audit(0.0:243): avc: denied { add_name } for name="calendar.db" scontext=u:r:priv_app:s0:c512,c768 tcontext=u:object_r:system_data_file:s0:c512,c768 tclass=dir permissive=1
09-16 19:19:49.743  5575  5575 W viders.calendar: type=1300 audit(0.0:243): arch=c00000b7 syscall=56 success=yes exit=34 a0=ffffff9c a1=7f6d39eec0 a2=a0042 a3=180 items=0 ppid=3181 auid=4294967295 uid=10005 gid=10005 euid=10005 suid=10005 fsuid=10005 egid=10005 sgid=10005 fsgid=10005 tty=(none) ses=4294967295 exe="/system/bin/app_process64" subj=u:r:priv_app:s0:c512,c768 key=(null)
09-16 19:19:49.743  3085  3085 W auditd  : type=1327 audit(0.0:243): proctitle="com.android.providers.calendar"
09-16 19:19:49.743  3085  3085 W auditd  : type=1320 audit(0.0:243): 
09-16 19:19:49.879  5575  5575 I CalendarDatabaseHelper: Bootstrapping database
09-16 19:19:50.068  5488  5511 I ContactsProviderV1: Bootstrapping database legacy support
09-16 19:19:50.069  5575  5575 I CalendarProvider2: Created com.android.providers.calendar.CalendarAlarmManager@cd6d305(com.android.providers.calendar.CalendarProvider2@6a18f5a)
09-16 19:19:50.199  5575  5575 I CalendarUpgradeReceiver: Creating or opening calendar database
09-16 19:19:50.204  3586  4958 I PreBootBroadcaster: Pre-boot of {com.android.providers.contacts/com.android.providers.contacts.ContactsUpgradeReceiver} for user 0
09-16 19:19:50.225  3586  3586 D ZenLog  : disable_effects: 0|android|0|PreBootBroadcaster|1000,booleanState
09-16 19:19:50.299  5488  5488 I ContactsUpgradeReceiver: Creating or opening contacts database
09-16 19:19:50.441  5332  5555 I SecHAL  : device_sleep: NFC can be going to sleep
09-16 19:19:50.485  5488  5488 I ContactsProvider: Locale has changed from null to [en_US]
09-16 19:19:50.491  5488  5488 I ContactsDatabaseHelper: Switching to locale [en_US] (ICU v56.1)
09-16 19:19:50.717  3193  3252 I FFmpegExtractor: android-source:0xf4e75600
09-16 19:19:50.719  3193  3252 D FFmpegExtractor: supported codec (pcm_s16le) by official Stagefright
09-16 19:19:50.719  3193  3252 D FFmpegExtractor: ffmpeg detected media content as 'audio/x-wav' with confidence 0.08
09-16 19:19:50.720  3194  3279 E MetadataRetrieverClient: failed to extract an album art
09-16 19:19:50.746  5515  5553 V MediaScanner: pruneDeadThumbnailFiles... android.content.ContentProviderClient$CursorWrapperInner@85b18b9
09-16 19:19:50.747  5515  5553 V MediaScanner: /pruneDeadThumbnailFiles... android.content.ContentProviderClient$CursorWrapperInner@85b18b9
09-16 19:19:50.759  5488  5488 I d.process.acore: type=1400 audit(0.0:244): avc: denied { remove_name } for name="contacts2.db-mjE4A0949ED" dev="sda24" ino=2015552 scontext=u:r:priv_app:s0:c512,c768 tcontext=u:object_r:system_data_file:s0:c512,c768 tclass=dir permissive=1
09-16 19:19:50.759  5488  5488 I d.process.acore: type=1400 audit(0.0:244): avc: denied { unlink } for name="contacts2.db-mjE4A0949ED" dev="sda24" ino=2015552 scontext=u:r:priv_app:s0:c512,c768 tcontext=u:object_r:system_data_file:s0:c512,c768 tclass=file permissive=1
09-16 19:19:50.759  5488  5488 W d.process.acore: type=1300 audit(0.0:244): arch=c00000b7 syscall=35 success=yes exit=0 a0=ffffff9c a1=7f702368a0 a2=0 a3=7 items=0 ppid=3181 auid=4294967295 uid=10002 gid=10002 euid=10002 suid=10002 fsuid=10002 egid=10002 sgid=10002 fsgid=10002 tty=(none) ses=4294967295 exe="/system/bin/app_process64" subj=u:r:priv_app:s0:c512,c768 key=(null)
09-16 19:19:50.759  3085  3085 W auditd  : type=1327 audit(0.0:244): proctitle="android.process.acore"
09-16 19:19:50.759  3085  3085 W auditd  : type=1320 audit(0.0:244): 
09-16 19:19:50.771  5488  5488 I d.process.acore: type=1400 audit(0.0:245): avc: denied { write } for name="contacts2.db-journal" dev="sda24" ino=2015526 scontext=u:r:priv_app:s0:c512,c768 tcontext=u:object_r:system_data_file:s0:c512,c768 tclass=file permissive=1
09-16 19:19:50.771  5488  5488 W d.process.acore: type=1300 audit(0.0:245): arch=c00000b7 syscall=46 success=yes exit=0 a0=2e a1=0 a2=7f5c800000 a3=3 items=0 ppid=3181 auid=4294967295 uid=10002 gid=10002 euid=10002 suid=10002 fsuid=10002 egid=10002 sgid=10002 fsgid=10002 tty=(none) ses=4294967295 exe="/system/bin/app_process64" subj=u:r:priv_app:s0:c512,c768 key=(null)
09-16 19:19:50.771  3085  3085 W auditd  : type=1327 audit(0.0:245): proctitle="android.process.acore"
09-16 19:19:50.771  3085  3085 W auditd  : type=1320 audit(0.0:245): 
09-16 19:19:50.771  5488  5488 I d.process.acore: type=1400 audit(0.0:246): avc: denied { lock } for path="/data/data/com.android.providers.contacts/databases/contacts2.db" dev="sda24" ino=2015525 scontext=u:r:priv_app:s0:c512,c768 tcontext=u:object_r:system_data_file:s0:c512,c768 tclass=file permissive=1
09-16 19:19:50.771  5488  5488 W d.process.acore: type=1300 audit(0.0:246): arch=c00000b7 syscall=25 success=yes exit=0 a0=29 a1=6 a2=7fc8332e58 a3=10 items=0 ppid=3181 auid=4294967295 uid=10002 gid=10002 euid=10002 suid=10002 fsuid=10002 egid=10002 sgid=10002 fsgid=10002 tty=(none) ses=4294967295 exe="/system/bin/app_process64" subj=u:r:priv_app:s0:c512,c768 key=(null)
09-16 19:19:50.771  3085  3085 W auditd  : type=1327 audit(0.0:246): proctitle="android.process.acore"
09-16 19:19:50.771  3085  3085 W auditd  : type=1320 audit(0.0:246): 
09-16 19:19:50.776  5488  5488 I ContactsDatabaseHelper: Locale change completed in 286ms
09-16 19:19:50.779  5488  5488 I ContactsDatabaseHelper: Switching to locale [en_US] (ICU v56.1)
09-16 19:19:50.919  5488  5488 I d.process.acore: type=1400 audit(0.0:247): avc: denied { create } for name="profile.db-mj6C01BE9B0" scontext=u:r:priv_app:s0:c512,c768 tcontext=u:object_r:system_data_file:s0:c512,c768 tclass=file permissive=1
09-16 19:19:50.919  5488  5488 W d.process.acore: type=1300 audit(0.0:247): arch=c00000b7 syscall=56 success=yes exit=49 a0=ffffff9c a1=7f70237c00 a2=a80c2 a3=180 items=0 ppid=3181 auid=4294967295 uid=10002 gid=10002 euid=10002 suid=10002 fsuid=10002 egid=10002 sgid=10002 fsgid=10002 tty=(none) ses=4294967295 exe="/system/bin/app_process64" subj=u:r:priv_app:s0:c512,c768 key=(null)
09-16 19:19:50.919  3085  3085 W auditd  : type=1327 audit(0.0:247): proctitle="android.process.acore"
09-16 19:19:50.919  3085  3085 W auditd  : type=1320 audit(0.0:247): 
09-16 19:19:50.931  5480  5480 I DeferredSaveThr: type=1400 audit(0.0:248): avc: denied { write } for name="code_cache" dev="sda24" ino=3121311 scontext=u:r:system_app:s0 tcontext=u:object_r:system_data_file:s0 tclass=dir permissive=1
09-16 19:19:50.931  5480  5480 I DeferredSaveThr: type=1400 audit(0.0:248): avc: denied { add_name } for name="com.android.opengl.shaders_cache" scontext=u:r:system_app:s0 tcontext=u:object_r:system_data_file:s0 tclass=dir permissive=1
09-16 19:19:50.931  5480  5480 I DeferredSaveThr: type=1400 audit(0.0:248): avc: denied { create } for name="com.android.opengl.shaders_cache" scontext=u:r:system_app:s0 tcontext=u:object_r:system_data_file:s0 tclass=file permissive=1
09-16 19:19:50.931  5480  5480 I DeferredSaveThr: type=1400 audit(0.0:248): avc: denied { write } for path="/data/user_de/0/com.cyanogenmod.setupwizard/code_cache/com.android.opengl.shaders_cache" dev="sda24" ino=3121324 scontext=u:r:system_app:s0 tcontext=u:object_r:system_data_file:s0 tclass=file permissive=1
09-16 19:19:50.931  5480  5480 W DeferredSaveThr: type=1300 audit(0.0:248): arch=c00000b7 syscall=56 success=yes exit=42 a0=ffffff9c a1=7f77a35688 a2=c2 a3=0 items=0 ppid=3181 auid=4294967295 uid=1000 gid=1000 euid=1000 suid=1000 fsuid=1000 egid=1000 sgid=1000 fsgid=1000 tty=(none) ses=4294967295 exe="/system/bin/app_process64" subj=u:r:system_app:s0 key=(null)
09-16 19:19:50.931  3085  3085 W auditd  : type=1327 audit(0.0:248): proctitle="com.cyanogenmod.setupwizard"
09-16 19:19:50.931  3085  3085 W auditd  : type=1320 audit(0.0:248): 
09-16 19:19:50.935  5480  5480 I DeferredSaveThr: type=1400 audit(0.0:249): avc: denied { setattr } for name="com.android.opengl.shaders_cache" dev="sda24" ino=3121324 scontext=u:r:system_app:s0 tcontext=u:object_r:system_data_file:s0 tclass=file permissive=1
09-16 19:19:50.935  5480  5480 W DeferredSaveThr: type=1300 audit(0.0:249): arch=c00000b7 syscall=52 success=yes exit=0 a0=2a a1=100 a2=7f56400000 a3=21 items=0 ppid=3181 auid=4294967295 uid=1000 gid=1000 euid=1000 suid=1000 fsuid=1000 egid=1000 sgid=1000 fsgid=1000 tty=(none) ses=4294967295 exe="/system/bin/app_process64" subj=u:r:system_app:s0 key=(null)
09-16 19:19:50.935  3085  3085 W auditd  : type=1327 audit(0.0:249): proctitle="com.cyanogenmod.setupwizard"
09-16 19:19:50.963  5488  5488 I ContactsDatabaseHelper: Locale change completed in 184ms
09-16 19:19:50.991  5515  5520 I art     : Do partial code cache collection, code=30KB, data=24KB
09-16 19:19:50.992  5515  5520 I art     : After code cache collection, code=29KB, data=24KB
09-16 19:19:50.992  5515  5520 I art     : Increasing code cache capacity to 128KB
09-16 19:19:51.067  3586  5369 I PreBootBroadcaster: Pre-boot of {com.android.providers.media/com.android.providers.media.MediaUpgradeReceiver} for user 0
09-16 19:19:51.084  3586  3586 D ZenLog  : disable_effects: 0|android|0|PreBootBroadcaster|1000,booleanState
09-16 19:19:51.132  5575  5575 I CalendarProvider2: Sending notification intent: Intent { act=android.intent.action.PROVIDER_CHANGED dat=content://com.android.calendar flg=0x20000000 }
09-16 19:19:51.136  5575  5575 W ContentResolver: Failed to get type for: content://com.android.calendar (Unknown URL content://com.android.calendar)
09-16 19:19:51.162  5515  5515 I MediaUpgradeReceiver: ---> Start upgrade of media database external.db
09-16 19:19:51.253  5515  5515 I MediaUpgradeReceiver: <--- Finished upgrade of media database external.db in 91ms
09-16 19:19:51.254  3586  4789 I PreBootBroadcaster: Pre-boot of {com.android.settings/com.android.settings.SettingsInitialize} for user 0
09-16 19:19:51.274  3586  4789 I ActivityManager: Start proc 5597:com.android.calendar/u0a38 for broadcast com.android.calendar/.alerts.AlertReceiver
09-16 19:19:51.277  3586  3586 D ZenLog  : disable_effects: 0|android|0|PreBootBroadcaster|1000,booleanState
09-16 19:19:51.344  5488  5511 D ContactDirectoryManager: Found com.android.exchange.directory.provider
09-16 19:19:51.369  5597  5597 W System  : ClassLoader referenced unknown path: /system/app/Calendar/lib/arm64
09-16 19:19:51.378  3586  4951 I ActivityManager: Start proc 5612:com.android.exchange/u0a45 for content provider com.android.exchange/.provider.ExchangeDirectoryProvider
09-16 19:19:51.448  5612  5612 W System  : ClassLoader referenced unknown path: /system/app/Exchange2/lib/arm64
09-16 19:19:51.515  5597  5597 D ExtensionsFactory: No custom extensions.
09-16 19:19:51.555  5597  5597 D AlertReceiver: onReceive: a=android.intent.action.PROVIDER_CHANGED Intent { act=android.intent.action.PROVIDER_CHANGED dat=content://com.android.calendar flg=0x20000010 cmp=com.android.calendar/.alerts.AlertReceiver }
09-16 19:19:51.563  3586  4788 I ActivityManager: Start proc 5633:com.android.email/u0a55 for content provider com.android.email/.provider.EmailProvider
09-16 19:19:51.589  5488  5511 I ContactDirectoryManager: deleted 0 stale rows which don't have any relevant directory
09-16 19:19:51.599  5597  5597 D AlertUtils: Flushing old alerts from shared prefs table
09-16 19:19:51.623  5597  5645 D AlertService: 0 Action = android.intent.action.PROVIDER_CHANGED
09-16 19:19:51.626  5488  5511 I ContactDirectoryManager: Discovered 0 contact directories in 571ms
09-16 19:19:51.646  5633  5633 W System  : ClassLoader referenced unknown path: /system/app/Email/lib/arm64
09-16 19:19:51.663  5488  5511 I ContactsProvider: Upgrading aggregation algorithm
09-16 19:19:51.680  3586  4951 I ActivityManager: Start proc 5652:com.cyanogenmod.lockclock/u0a51 for broadcast com.cyanogenmod.lockclock/.ClockWidgetProvider
09-16 19:19:51.701  5488  5511 I ContactAggregator: Marked all visible contacts for aggregation: 0 raw contacts, 3 ms
09-16 19:19:51.746  5488  5511 I ContactsProvider: Aggregation algorithm upgraded for 0 raw contacts in 82ms
09-16 19:19:51.755  5652  5652 W System  : ClassLoader referenced unknown path: /system/app/LockClock/lib/arm64
09-16 19:19:51.847  5488  5511 I ContactsFTS: Rebuild contact search index in 43ms, 0 contacts
09-16 19:19:51.898  3586  5369 I PreBootBroadcaster: Pre-boot of {org.cyanogenmod.cmsettings/org.cyanogenmod.cmsettings.PreBootReceiver} for user 0
09-16 19:19:51.915  3586  3586 D ZenLog  : disable_effects: 0|android|0|PreBootBroadcaster|1000,booleanState
09-16 19:19:51.933  5633  5672 D ActivityThread: Loading provider com.android.email.provider;com.android.email.notifier: com.android.email.provider.EmailProvider
09-16 19:19:51.946  5633  5633 D ActivityThread: Loading provider com.android.email.provider;com.android.email.notifier: com.android.email.provider.EmailProvider
09-16 19:19:51.971  5633  5633 I m.android.email: type=1400 audit(0.0:262): avc: denied { read } for path="/data/data/com.android.email/databases/EmailProvider.db" dev="sda24" ino=2015561 scontext=u:r:untrusted_app:s0:c512,c768 tcontext=u:object_r:system_data_file:s0:c512,c768 tclass=file permissive=1
09-16 19:19:51.971  5633  5633 W m.android.email: type=1300 audit(0.0:262): arch=c00000b7 syscall=56 success=yes exit=34 a0=ffffff9c a1=7f6d2a3e40 a2=a0042 a3=180 items=0 ppid=3181 auid=4294967295 uid=10055 gid=10055 euid=10055 suid=10055 fsuid=10055 egid=10055 sgid=10055 fsgid=10055 tty=(none) ses=4294967295 exe="/system/bin/app_process64" subj=u:r:untrusted_app:s0:c512,c768 key=(null)
09-16 19:19:51.971  3085  3085 W auditd  : type=1327 audit(0.0:262): proctitle="com.android.email"
09-16 19:19:51.971  3085  3085 W auditd  : type=1320 audit(0.0:262): 
09-16 19:19:51.975  5633  5633 I m.android.email: type=1400 audit(0.0:263): avc: denied { lock } for path="/data/data/com.android.email/databases/EmailProvider.db" dev="sda24" ino=2015561 scontext=u:r:untrusted_app:s0:c512,c768 tcontext=u:object_r:system_data_file:s0:c512,c768 tclass=file permissive=1
09-16 19:19:51.975  5633  5633 W m.android.email: type=1300 audit(0.0:263): arch=c00000b7 syscall=25 success=yes exit=0 a0=22 a1=6 a2=7fc832d328 a3=d items=0 ppid=3181 auid=4294967295 uid=10055 gid=10055 euid=10055 suid=10055 fsuid=10055 egid=10055 sgid=10055 fsgid=10055 tty=(none) ses=4294967295 exe="/system/bin/app_process64" subj=u:r:untrusted_app:s0:c512,c768 key=(null)
09-16 19:19:51.975  3085  3085 W auditd  : type=1327 audit(0.0:263): proctitle="com.android.email"
09-16 19:19:51.975  3085  3085 W auditd  : type=1320 audit(0.0:263): 
09-16 19:19:51.985  5633  5673 D ActivityThread: Loading provider com.android.email.provider;com.android.email.notifier: com.android.email.provider.EmailProvider
09-16 19:19:52.030  3586  3586 D ActivityManager: Sending BOOT_COMPLETE user #0
09-16 19:19:52.367  3586  5368 W ActivityManager: Unable to start service Intent { cmp=com.android.email/.service.AttachmentService } U=0: not found
09-16 19:19:52.383  3586  5369 W ActivityManager: Unable to start service Intent { act=com.android.mail.action.BACKUP_DATA_CHANGED pkg=com.android.email } U=0: not found
09-16 19:19:52.404  3586  5368 W ActivityManager: Unable to start service Intent { act=com.android.mail.action.BACKUP_DATA_CHANGED pkg=com.android.email } U=0: not found
09-16 19:19:52.406  5633  5680 I Email   : Observing account changes for notifications
09-16 19:19:52.412  3586  4958 W ActivityManager: Unable to start service Intent { act=com.android.mail.action.BACKUP_DATA_CHANGED pkg=com.android.email } U=0: not found
09-16 19:19:52.419  3586  3681 W ActivityManager: Unable to start service Intent { act=com.android.mail.action.BACKUP_DATA_CHANGED pkg=com.android.email } U=0: not found
09-16 19:19:52.422  3586  4958 W ActivityManager: Unable to start service Intent { cmp=com.android.email/.service.AttachmentService } U=0: not found
09-16 19:19:52.426  3586  4789 W ActivityManager: Unable to start service Intent { act=com.android.mail.action.BACKUP_DATA_CHANGED pkg=com.android.email } U=0: not found
09-16 19:19:52.434  3586  5369 W ActivityManager: Unable to start service Intent { act=com.android.mail.action.BACKUP_DATA_CHANGED pkg=com.android.email } U=0: not found
09-16 19:19:52.441  3586  4789 W ActivityManager: Unable to start service Intent { act=com.android.mail.action.BACKUP_DATA_CHANGED pkg=com.android.email } U=0: not found
09-16 19:19:52.465  5633  5672 W art     : Long monitor contention with owner main (5633) at void android.database.sqlite.SQLiteConnection.nativeExecute(long, long)(SQLiteConnection.java:-2) waiters=0 in com.android.mail.preferences.MailPrefs com.android.mail.preferences.MailPrefs.get(android.content.Context) for 474ms
09-16 19:19:52.467  5633  5673 W art     : Long monitor contention with owner main (5633) at void android.database.sqlite.SQLiteConnection.nativeExecute(long, long)(SQLiteConnection.java:-2) waiters=1 in com.android.mail.preferences.MailPrefs com.android.mail.preferences.MailPrefs.get(android.content.Context) for 473ms
09-16 19:19:52.480  3586  5368 W ActivityManager: Unable to start service Intent { cmp=com.android.email/.service.AttachmentService } U=0: not found
09-16 19:19:52.506  5633  5676 W art     : Long monitor contention with owner AsyncTask #2 (5673) at java.lang.String android.os.Parcel.nativeReadString(long)(Parcel.java:-2) waiters=0 in void com.android.email.provider.AccountReconciler.reconcileAccounts(android.content.Context) for 522ms
09-16 19:19:52.510  3586  4789 D AlarmManagerService: Kernel timezone updated to 180 minutes west of GMT
09-16 19:19:52.519  3586  4789 W ActivityManager: Unable to start service Intent { cmp=com.android.email/.service.AttachmentService } U=0: not found
09-16 19:19:52.564  5612  5612 I Exchange: EasService.onCreate
09-16 19:19:52.618  5612  5683 I Exchange: RestartPingTask
09-16 19:19:52.635  3586  3681 I ActivityManager: Start proc 5684:org.cyanogenmod.cmparts/1000 for broadcast org.cyanogenmod.cmparts/.BootReceiver
09-16 19:19:52.694  5684  5684 W System  : ClassLoader referenced unknown path: /system/priv-app/CMParts/lib/arm64
09-16 19:19:52.719  5684  5684 I ogenmod.cmparts: type=1400 audit(0.0:264): avc: denied { write } for name="org.cyanogenmod.cmparts" dev="sda24" ino=3121202 scontext=u:r:system_app:s0 tcontext=u:object_r:system_data_file:s0 tclass=dir permissive=1
09-16 19:19:52.719  5684  5684 I ogenmod.cmparts: type=1400 audit(0.0:264): avc: denied { add_name } for name="cache" scontext=u:r:system_app:s0 tcontext=u:object_r:system_data_file:s0 tclass=dir permissive=1
09-16 19:19:52.719  5684  5684 I ogenmod.cmparts: type=1400 audit(0.0:264): avc: denied { create } for name="cache" scontext=u:r:system_app:s0 tcontext=u:object_r:system_data_file:s0 tclass=dir permissive=1
09-16 19:19:52.719  5684  5684 W ogenmod.cmparts: type=1300 audit(0.0:264): arch=c00000b7 syscall=34 success=yes exit=0 a0=ffffff9c a1=7f6bc20a50 a2=1f9 a3=7f7794f514 items=0 ppid=3181 auid=4294967295 uid=1000 gid=1000 euid=1000 suid=1000 fsuid=1000 egid=1000 sgid=1000 fsgid=1000 tty=(none) ses=4294967295 exe="/system/bin/app_process64" subj=u:r:system_app:s0 key=(null)
09-16 19:19:52.719  3085  3085 W auditd  : type=1327 audit(0.0:264): proctitle="org.cyanogenmod.cmparts"
09-16 19:19:52.719  3085  3085 W auditd  : type=1320 audit(0.0:264): 
09-16 19:19:52.723  5684  5684 I ogenmod.cmparts: type=1400 audit(0.0:265): avc: denied { setattr } for name="cache" dev="sda24" ino=3121330 scontext=u:r:system_app:s0 tcontext=u:object_r:system_data_file:s0 tclass=dir permissive=1
09-16 19:19:52.723  5684  5684 W ogenmod.cmparts: type=1300 audit(0.0:265): arch=c00000b7 syscall=53 success=yes exit=0 a0=ffffff9c a1=7f702130c0 a2=1f9 a3=0 items=0 ppid=3181 auid=4294967295 uid=1000 gid=1000 euid=1000 suid=1000 fsuid=1000 egid=1000 sgid=1000 fsgid=1000 tty=(none) ses=4294967295 exe="/system/bin/app_process64" subj=u:r:system_app:s0 key=(null)
09-16 19:19:52.723  3085  3085 W auditd  : type=1327 audit(0.0:265): proctitle="org.cyanogenmod.cmparts"
09-16 19:19:52.723  3085  3085 W auditd  : type=1320 audit(0.0:265): 
09-16 19:19:52.730  5612  5612 I Exchange: RestartPingsTask did not start any pings.
09-16 19:19:52.730  5612  5612 I Exchange: PSS stopIfIdle
09-16 19:19:52.731  5612  5612 I Exchange: PSS has no active accounts; stopping service.
09-16 19:19:52.734  5612  5612 I Exchange: onDestroy
09-16 19:19:52.851  5702  5702 I pool-1-thread-1: type=1400 audit(0.0:266): avc: denied { create } for name="org.cyanogenmod.cmparts_preferences.xml" scontext=u:r:system_app:s0 tcontext=u:object_r:system_data_file:s0 tclass=file permissive=1
09-16 19:19:52.851  5702  5702 I pool-1-thread-1: type=1400 audit(0.0:266): avc: denied { write } for path="/data/user_de/0/org.cyanogenmod.cmparts/shared_prefs/org.cyanogenmod.cmparts_preferences.xml" dev="sda24" ino=3121333 scontext=u:r:system_app:s0 tcontext=u:object_r:system_data_file:s0 tclass=file permissive=1
09-16 19:19:52.961  3586  5704 E BootReceiver: Error reading /data/system/last-header.txt
09-16 19:19:52.961  3586  5704 E BootReceiver: java.io.FileNotFoundException: /data/system/last-header.txt (No such file or directory)
09-16 19:19:52.961  3586  5704 E BootReceiver: 	at java.io.FileInputStream.open(Native Method)
09-16 19:19:52.961  3586  5704 E BootReceiver: 	at java.io.FileInputStream.<init>(FileInputStream.java:146)
09-16 19:19:52.961  3586  5704 E BootReceiver: 	at android.os.FileUtils.readTextFile(FileUtils.java:263)
09-16 19:19:52.961  3586  5704 E BootReceiver: 	at com.android.server.BootReceiver.getPreviousBootHeaders(BootReceiver.java:121)
09-16 19:19:52.961  3586  5704 E BootReceiver: 	at com.android.server.BootReceiver.getBootHeadersToLogAndUpdate(BootReceiver.java:143)
09-16 19:19:52.961  3586  5704 E BootReceiver: 	at com.android.server.BootReceiver.logBootEvents(BootReceiver.java:163)
09-16 19:19:52.961  3586  5704 E BootReceiver: 	at com.android.server.BootReceiver.-wrap2(BootReceiver.java)
09-16 19:19:52.961  3586  5704 E BootReceiver: 	at com.android.server.BootReceiver$1.run(BootReceiver.java:93)
09-16 19:19:52.971  3586  5704 E RecoverySystem: Failed to read lines in last_install
09-16 19:19:52.971  3586  5704 E RecoverySystem: java.io.FileNotFoundException: /cache/recovery/last_install (No such file or directory)
09-16 19:19:52.971  3586  5704 E RecoverySystem: 	at java.io.FileInputStream.open(Native Method)
09-16 19:19:52.971  3586  5704 E RecoverySystem: 	at java.io.FileInputStream.<init>(FileInputStream.java:146)
09-16 19:19:52.971  3586  5704 E RecoverySystem: 	at java.io.FileReader.<init>(FileReader.java:72)
09-16 19:19:52.971  3586  5704 E RecoverySystem: 	at android.os.RecoverySystem.parseLastInstallLog(RecoverySystem.java:725)
09-16 19:19:52.971  3586  5704 E RecoverySystem: 	at android.os.RecoverySystem.handleAftermath(RecoverySystem.java:818)
09-16 19:19:52.971  3586  5704 E RecoverySystem: 	at com.android.server.BootReceiver.logBootEvents(BootReceiver.java:166)
09-16 19:19:52.971  3586  5704 E RecoverySystem: 	at com.android.server.BootReceiver.-wrap2(BootReceiver.java)
09-16 19:19:52.971  3586  5704 E RecoverySystem: 	at com.android.server.BootReceiver$1.run(BootReceiver.java:93)
09-16 19:19:52.972  3586  5704 I RecoverySystem: Deleted: /cache/recovery/.version
09-16 19:19:52.973  3586  5704 I RecoverySystem: Deleted: /cache/recovery/recovery.fstab
09-16 19:19:52.973  3586  5704 I RecoverySystem: Deleted: /cache/recovery/storage.fstab
09-16 19:19:52.974  3586  5704 I RecoverySystem: Deleted: /cache/recovery/log
09-16 19:19:52.975  3586  5704 I RecoverySystem: Deleted: /cache/recovery/intent
09-16 19:19:52.976  3586  3586 I ActivityManager: Start proc 5705:com.android.dialer/u0a17 for broadcast com.android.dialer/.calllog.CallLogReceiver
09-16 19:19:52.993  3586  5704 I BootReceiver: No existing last log timestamp file /data/system/log-files.xml; starting empty
09-16 19:19:52.999  3586  5704 I BootReceiver: Copying /proc/last_kmsg to DropBox (SYSTEM_LAST_KMSG)
09-16 19:19:53.043  5705  5705 W System  : ClassLoader referenced unknown path: /system/priv-app/Dialer/lib/arm64
09-16 19:19:53.053  3586  5704 I BootReceiver: Copying audit failures to DropBox
09-16 19:19:53.075  5705  5705 I .android.dialer: type=1400 audit(0.0:268): avc: denied { write } for name="com.android.dialer" dev="sda24" ino=3121205 scontext=u:r:priv_app:s0:c512,c768 tcontext=u:object_r:system_data_file:s0 tclass=dir permissive=1
09-16 19:19:53.075  5705  5705 I .android.dialer: type=1400 audit(0.0:268): avc: denied { add_name } for name="code_cache" scontext=u:r:priv_app:s0:c512,c768 tcontext=u:object_r:system_data_file:s0 tclass=dir permissive=1
09-16 19:19:53.075  5705  5705 W .android.dialer: type=1300 audit(0.0:268): arch=c00000b7 syscall=34 success=yes exit=0 a0=ffffff9c a1=7f70213030 a2=1f9 a3=7f7794f514 items=0 ppid=3181 auid=4294967295 uid=10017 gid=10017 euid=10017 suid=10017 fsuid=10017 egid=10017 sgid=10017 fsgid=10017 tty=(none) ses=4294967295 exe="/system/bin/app_process64" subj=u:r:priv_app:s0:c512,c768 key=(null)
09-16 19:19:53.075  3085  3085 W auditd  : type=1327 audit(0.0:268): proctitle="com.android.dialer"
09-16 19:19:53.075  3085  3085 W auditd  : type=1320 audit(0.0:268): 
09-16 19:19:53.118  5705  5705 I BlockedNumbersAuto: Updating state as already checked for auto-migrate.
09-16 19:19:53.120  5705  5705 I BlockedNumbersAuto: Attempting to auto-migrate.
09-16 19:19:53.161  3586  5704 I BootReceiver: Copied 0 worth of audits to DropBox
09-16 19:19:53.173  3586  5704 I BootReceiver: Checking for fsck errors
09-16 19:19:53.180  4920  4920 V OtaStartupReceiver: onOtaspChanged: mOtaspMode=3
09-16 19:19:53.183  4920  4920 D CarrierConfigLoader: mHandler: 13 phoneId: 0
09-16 19:19:53.183  4920  4920 D CarrierConfigLoader: mHandler: 7 phoneId: 0
09-16 19:19:53.188  4920  4920 E CarrierConfigLoader: java.io.FileNotFoundException: /data/user_de/0/com.android.phone/files/carrierconfig-com.android.carrierconfig-89543420816751226808-72234.xml (No such file or directory)
09-16 19:19:53.188  4920  4920 D CarrierConfigLoader: Binding to com.android.carrierconfig for phone 0
09-16 19:19:53.189  5705  5724 W CountryDetector: No location permissions, not registering for location updates.
09-16 19:19:53.203  5407  5407 D DefaultCarrierConfigService: Service created
09-16 19:19:53.226  3586  4788 I ActivityManager: Start proc 5725:com.cyanogenmod.settings.device/1000 for broadcast com.cyanogenmod.settings.device/.BootCompletedReceiver
09-16 19:19:53.229  4920  4920 D CarrierConfigLoader: Connected to config app: com.android.carrierconfig/com.android.carrierconfig.DefaultCarrierConfigService
09-16 19:19:53.229  4920  4920 D CarrierConfigLoader: mHandler: 3 phoneId: 0
09-16 19:19:53.230  5407  5420 D DefaultCarrierConfigService: Config being fetched
09-16 19:19:53.231  5407  5420 D DefaultCarrierConfigService: java.io.FileNotFoundException: carrier_config_72234.xml
09-16 19:19:53.245  4920  4920 D CarrierConfigLoader: mHandler: 5 phoneId: 0
09-16 19:19:53.298  5705  5705 I BlockedNumbersAuto: Auto-migrating: no blocked numbers.
09-16 19:19:53.328  3586  5369 D ConnectivityService: registerNetworkAgent NetworkAgentInfo{ ni{[type: MOBILE[HSPA+], state: CONNECTED/CONNECTED, reason: connected, extra: gprs.personal.com, failover: false, available: true, roaming: false, metered: true]}  network{100}  nethandle{429513165534}  lp{{InterfaceName: rmnet1 LinkAddresses: [186.152.81.39/32,]  Routes: [0.0.0.0/0 -> 186.152.81.1 rmnet1,] DnsAddresses: [181.88.86.164,181.88.86.156,] Domains: null MTU: 1500 TcpBufferSizes: 40778,244668,734003,16777,100663,301990}}  nc{[ Transports: CELLULAR Capabilities: SUPL&INTERNET&NOT_RESTRICTED&TRUSTED&NOT_VPN LinkUpBandwidth>=5898Kbps LinkDnBandwidth>=14336Kbps Specifier: <1>]}  Score{10}  everValidated{false}  lastValidated{false}  created{false} lingering{false} explicitlySelected{false} acceptUnvalidated{false} everCaptivePortalDetected{false} lastCaptivePortalDetected{false} }
09-16 19:19:53.329  3586  4677 D ConnectivityService: NetworkAgentInfo [MOBILE (HSPA+) - 100] EVENT_NETWORK_INFO_CHANGED, going from null to CONNECTED
09-16 19:19:53.331  5725  5725 W System  : ClassLoader referenced unknown path: /system/app/AdvancedDisplay/lib/arm64
09-16 19:19:53.338  3586  4677 D ConnectivityService: Adding iface rmnet1 to network 100
09-16 19:19:53.350  3586  3586 I Telecom : PhoneAccountRegistrar: SimCallManager queried, returning: null: TSI.gSCMFU@ADs
09-16 19:19:53.351  3085  3085 W auditd  : type=1325 audit(0.0:269): table=mangle family=2 entries=17
09-16 19:19:53.351  3085  3085 W auditd  : type=1320 audit(0.0:269): 
09-16 19:19:53.363  4920  4920 I m.android.phone: type=1400 audit(0.0:270): avc: denied { lock } for path="/data/user_de/0/com.android.providers.telephony/databases/telephony.db" dev="sda24" ino=3121278 scontext=u:r:radio:s0 tcontext=u:object_r:system_data_file:s0 tclass=file permissive=1
09-16 19:19:53.363  4920  4920 W m.android.phone: type=1300 audit(0.0:270): arch=c00000b7 syscall=25 success=yes exit=0 a0=24 a1=6 a2=7fc8332c08 a3=0 items=0 ppid=3181 auid=4294967295 uid=1001 gid=1001 euid=1001 suid=1001 fsuid=1001 egid=1001 sgid=1001 fsgid=1001 tty=(none) ses=4294967295 exe="/system/bin/app_process64" subj=u:r:radio:s0 key=(null)
09-16 19:19:53.363  3085  3085 W auditd  : type=1327 audit(0.0:270): proctitle="com.android.phone"
09-16 19:19:53.363  3085  3085 W auditd  : type=1320 audit(0.0:270): 
09-16 19:19:53.371  3085  3085 W auditd  : type=1325 audit(0.0:271): table=mangle family=10 entries=16
09-16 19:19:53.371  3085  3085 W auditd  : type=1320 audit(0.0:271): 
09-16 19:19:53.387  5168  5168 I pool-1-thread-1: type=1400 audit(0.0:272): avc: denied { write } for name="shared_prefs" dev="sda24" ino=3121283 scontext=u:r:radio:s0 tcontext=u:object_r:system_data_file:s0 tclass=dir permissive=1
09-16 19:19:53.387  5168  5168 I pool-1-thread-1: type=1400 audit(0.0:272): avc: denied { add_name } for name="preferred-apn.xml" scontext=u:r:radio:s0 tcontext=u:object_r:system_data_file:s0 tclass=dir permissive=1
09-16 19:19:53.387  5168  5168 I pool-1-thread-1: type=1400 audit(0.0:272): avc: denied { create } for name="preferred-apn.xml" scontext=u:r:radio:s0 tcontext=u:object_r:system_data_file:s0 tclass=file permissive=1
09-16 19:19:53.387  5168  5168 I pool-1-thread-1: type=1400 audit(0.0:272): avc: denied { write } for path="/data/user_de/0/com.android.providers.telephony/shared_prefs/preferred-apn.xml" dev="sda24" ino=3121338 scontext=u:r:radio:s0 tcontext=u:object_r:system_data_file:s0 tclass=file permissive=1
09-16 19:19:53.387  5168  5168 W pool-1-thread-1: type=1300 audit(0.0:272): arch=c00000b7 syscall=56 success=yes exit=70 a0=ffffff9c a1=7f6b13c890 a2=241 a3=1b6 items=0 ppid=3181 auid=4294967295 uid=1001 gid=1001 euid=1001 suid=1001 fsuid=1001 egid=1001 sgid=1001 fsgid=1001 tty=(none) ses=4294967295 exe="/system/bin/app_process64" subj=u:r:radio:s0 key=(null)
09-16 19:19:53.387  3085  3085 W auditd  : type=1327 audit(0.0:272): proctitle="com.android.phone"
09-16 19:19:53.387  3085  3085 W auditd  : type=1320 audit(0.0:272): 
09-16 19:19:53.390  4920  4920 D TelephonyProvider: subIdString = 1 subId = 1
09-16 19:19:53.391  4920  4920 D TelephonyProvider: deletePreferredApn: for subId 1
09-16 19:19:53.398  3586  4677 D ConnectivityService: Setting DNS servers for network 100 to [/181.88.86.164, /181.88.86.156]
09-16 19:19:53.399  4920  4920 D TelephonyProvider: subIdString = 1 subId = 1
09-16 19:19:53.420  3586  4677 W ConnectivityExtension: ConnectivityExt jar file not present
09-16 19:19:53.441  3586  4677 W ConnectivityExtension: ConnectivityExt jar file not present
09-16 19:19:53.450  3586  4677 D ConnectivityService: Switching to new default network: NetworkAgentInfo{ ni{[type: MOBILE[HSPA+], state: CONNECTED/CONNECTED, reason: connected, extra: gprs.personal.com, failover: false, available: true, roaming: false, metered: true]}  network{100}  nethandle{429513165534}  lp{{InterfaceName: rmnet1 LinkAddresses: [186.152.81.39/32,]  Routes: [0.0.0.0/0 -> 186.152.81.1 rmnet1,] DnsAddresses: [181.88.86.164,181.88.86.156,] Domains: null MTU: 1500 TcpBufferSizes: 40778,244668,734003,16777,100663,301990}}  nc{[ Transports: CELLULAR Capabilities: SUPL&INTERNET&NOT_RESTRICTED&TRUSTED&NOT_VPN&FOREGROUND LinkUpBandwidth>=5898Kbps LinkDnBandwidth>=14336Kbps Specifier: <1>]}  Score{10}  everValidated{false}  lastValidated{false}  created{true} lingering{false} explicitlySelected{false} acceptUnvalidated{false} everCaptivePortalDetected{false} lastCaptivePortalDetected{false} }
09-16 19:19:53.484  3195  3542 V IdletimerController: runCmd(/system/bin/ip6tables -w -t raw -A idletimer_raw_PREROUTING -i rmnet1 -j IDLETIMER --timeout 10 --label 0 --send_nl_msg 1) res_ipv4=0, res_ipv6=0
09-16 19:19:53.505  3195  3542 V IdletimerController: runCmd(/system/bin/ip6tables -w -t mangle -A idletimer_mangle_POSTROUTING -o rmnet1 -j IDLETIMER --timeout 10 --label 0 --send_nl_msg 1) res_ipv4=0, res_ipv6=0
09-16 19:19:53.512  5597  5597 D AlertReceiver: onReceive: a=android.intent.action.BOOT_COMPLETED Intent { act=android.intent.action.BOOT_COMPLETED flg=0x9000010 cmp=com.android.calendar/.alerts.AlertReceiver (has extras) }
09-16 19:19:53.530  3586  4729 I GnssLocationProvider: WakeLock acquired by sendMessage(5, 0, null)
09-16 19:19:53.530  3586  4729 I GnssLocationProvider: WakeLock acquired by sendMessage(6, 0, null)
09-16 19:19:53.531  3586  4677 D ConnectivityService: Sending CONNECTED broadcast for type 0 NetworkAgentInfo [MOBILE (HSPA+) - 100] isDefaultNetwork=true
09-16 19:19:53.532  3586  3683 I GnssLocationProvider: WakeLock acquired by handleInjectNtpTime()
09-16 19:19:53.532  3586  3683 I GnssLocationProvider: WakeLock released by handleMessage(5, 0, null)
09-16 19:19:53.536  3586  3683 I GnssLocationProvider: WakeLock acquired by handleDownloadXtraData()
09-16 19:19:53.537  3586  3683 I GnssLocationProvider: WakeLock released by handleMessage(6, 0, null)
09-16 19:19:53.539  3586  5150 W System  : ClassLoader referenced unknown path: /system/framework/tcmclient.jar
09-16 19:19:53.542  3586  4951 I ActivityManager: Start proc 5756:com.android.camera2/u0a41 for broadcast com.android.camera2/com.android.camera.DisableCameraReceiver
09-16 19:19:53.593  3586  4677 W ConnectivityExtension: ConnectivityExt jar file not present
09-16 19:19:53.685  5756  5756 I CAM_Profiler: [ 16.373ms][ui] GUARD: FirstRunDetector getTimeOfFirstRun - STOP
09-16 19:19:53.688  5756  5756 I CAM_Profiler: [ 23.641ms][ui] GUARD: CameraApp onCreate() - [23.641ms] initializeTimeOfFirstRun
09-16 19:19:53.699  5756  5756 I CAM_Profiler: [ 32.666ms][ui] GUARD: CameraApp onCreate() - STOP
09-16 19:19:53.721  5756  5756 I CAM_DisableCamRcver: number of camera: 0
09-16 19:19:53.721  5756  5756 I CAM_DisableCamRcver: disable all camera activities
09-16 19:19:53.734  5233  5233 I AlarmClock: AlarmInitReceiver android.intent.action.BOOT_COMPLETED
09-16 19:19:53.835  5633  5633 D BluetoothEmailBroadcastReceiver: Received android.intent.action.BOOT_COMPLETED
09-16 19:19:53.858  3586  3681 I ActivityManager: Start proc 5778:com.android.gallery3d/u0a20 for broadcast com.android.gallery3d/com.android.camera.DisableCameraReceiver
09-16 19:19:53.862  5633  5777 I Email   : Onetime initialization: 1
09-16 19:19:53.867  5633  5777 I Email   : Onetime initialization: 2
09-16 19:19:53.880  5633  5777 I Email   : Onetime initialization: completed.
09-16 22:19:42.483  5233  5233 I droid.deskclock: type=1400 audit(0.0:190): avc: denied { write } for name="com.android.deskclock" dev="sda24" ino=3121237 scontext=u:r:untrusted_app:s0:c512,c768 tcontext=u:object_r:system_data_file:s0 tclass=dir permissive=1
09-16 19:19:53.924  5612  5612 I Exchange: EasService.onCreate
09-16 19:19:53.976  5612  5796 I Exchange: RestartPingTask
09-16 19:19:54.079  5612  5612 I Exchange: RestartPingsTask did not start any pings.
09-16 19:19:54.079  5612  5612 I Exchange: PSS stopIfIdle
09-16 19:19:54.079  5612  5612 I Exchange: PSS has no active accounts; stopping service.
09-16 19:19:54.083  5612  5612 I Exchange: onDestroy
09-16 19:19:54.114  5778  5778 I G:DisableCameraReceiver: no back camera
09-16 19:19:54.114  5778  5778 I G:DisableCameraReceiver: disable all camera activities
09-16 19:19:54.128  4759  4759 I SystemBroadcastReceiver: Boot has been completed
09-16 19:19:54.128  4759  4759 I SystemBroadcastReceiver: toggleAppIcon() : FLAG_SYSTEM = true
09-16 19:19:54.204  3586  3682 I ActivityManager: Start proc 5800:com.android.messaging/u0a63 for broadcast com.android.messaging/.receiver.BootAndPackageReplacedReceiver
09-16 19:19:54.254  5800  5800 W System  : ClassLoader referenced unknown path: /system/app/messaging/lib/arm64
09-16 19:19:54.403  5817  5817 I pool-2-thread-1: type=1400 audit(0.0:283): avc: denied { create } for name="bugle.xml" scontext=u:r:platform_app:s0:c512,c768 tcontext=u:object_r:system_data_file:s0:c512,c768 tclass=file permissive=1
09-16 19:19:54.403  5817  5817 I pool-2-thread-1: type=1400 audit(0.0:283): avc: denied { write } for path="/data/data/com.android.messaging/shared_prefs/bugle.xml" dev="sda24" ino=2015584 scontext=u:r:platform_app:s0:c512,c768 tcontext=u:object_r:system_data_file:s0:c512,c768 tclass=file permissive=1
09-16 19:19:54.403  5817  5817 W pool-2-thread-1: type=1300 audit(0.0:283): arch=c00000b7 syscall=56 success=yes exit=34 a0=ffffff9c a1=7f70247740 a2=241 a3=1b6 items=0 ppid=3181 auid=4294967295 uid=10063 gid=10063 euid=10063 suid=10063 fsuid=10063 egid=10063 sgid=10063 fsgid=10063 tty=(none) ses=4294967295 exe="/system/bin/app_process64" subj=u:r:platform_app:s0:c512,c768 key=(null)
09-16 19:19:54.403  3085  3085 W auditd  : type=1327 audit(0.0:283): proctitle="com.android.messaging"
09-16 19:19:54.403  3085  3085 W auditd  : type=1320 audit(0.0:283): 
09-16 19:19:54.419  5817  5817 I pool-2-thread-1: type=1400 audit(0.0:284): avc: denied { setattr } for name="bugle.xml" dev="sda24" ino=2015584 scontext=u:r:platform_app:s0:c512,c768 tcontext=u:object_r:system_data_file:s0:c512,c768 tclass=file permissive=1
09-16 19:19:54.419  5817  5817 W pool-2-thread-1: type=1300 audit(0.0:284): arch=c00000b7 syscall=53 success=yes exit=0 a0=ffffff9c a1=7f70247780 a2=1b0 a3=0 items=0 ppid=3181 auid=4294967295 uid=10063 gid=10063 euid=10063 suid=10063 fsuid=10063 egid=10063 sgid=10063 fsgid=10063 tty=(none) ses=4294967295 exe="/system/bin/app_process64" subj=u:r:platform_app:s0:c512,c768 key=(null)
09-16 19:19:54.419  3085  3085 W auditd  : type=1327 audit(0.0:284): proctitle="com.android.messaging"
09-16 19:19:54.419  3085  3085 W auditd  : type=1320 audit(0.0:284): 
09-16 19:19:54.442  5800  5818 I MessagingApp: Upgrading shared prefs from -1 to 1
09-16 19:19:54.463  5817  5817 I pool-2-thread-1: type=1400 audit(0.0:285): avc: denied { rename } for name="bugle.xml" dev="sda24" ino=2015584 scontext=u:r:platform_app:s0:c512,c768 tcontext=u:object_r:system_data_file:s0:c512,c768 tclass=file permissive=1
09-16 19:19:54.463  5817  5817 W pool-2-thread-1: type=1300 audit(0.0:285): arch=c00000b7 syscall=38 success=yes exit=0 a0=ffffff9c a1=7f70247780 a2=ffffff9c a3=7f702477c0 items=0 ppid=3181 auid=4294967295 uid=10063 gid=10063 euid=10063 suid=10063 fsuid=10063 egid=10063 sgid=10063 fsgid=10063 tty=(none) ses=4294967295 exe="/system/bin/app_process64" subj=u:r:platform_app:s0:c512,c768 key=(null)
09-16 19:19:54.463  3085  3085 W auditd  : type=1327 audit(0.0:285): proctitle="com.android.messaging"
09-16 19:19:54.463  3085  3085 W auditd  : type=1320 audit(0.0:285): 
09-16 19:19:54.475  5817  5817 I pool-2-thread-1: type=1400 audit(0.0:286): avc: denied { unlink } for name="bugle.xml.bak" dev="sda24" ino=2015584 scontext=u:r:platform_app:s0:c512,c768 tcontext=u:object_r:system_data_file:s0:c512,c768 tclass=file permissive=1
09-16 19:19:54.475  5817  5817 W pool-2-thread-1: type=1300 audit(0.0:286): arch=c00000b7 syscall=35 success=yes exit=0 a0=ffffff9c a1=7f702477c0 a2=0 a3=100 items=0 ppid=3181 auid=4294967295 uid=10063 gid=10063 euid=10063 suid=10063 fsuid=10063 egid=10063 sgid=10063 fsgid=10063 tty=(none) ses=4294967295 exe="/system/bin/app_process64" subj=u:r:platform_app:s0:c512,c768 key=(null)
09-16 19:19:54.475  3085  3085 W auditd  : type=1327 audit(0.0:286): proctitle="com.android.messaging"
09-16 19:19:54.475  3085  3085 W auditd  : type=1320 audit(0.0:286): 
09-16 19:19:54.499  5817  5817 I pool-2-thread-1: type=1400 audit(0.0:287): avc: denied { write } for name="shared_prefs" dev="sda24" ino=2015583 scontext=u:r:platform_app:s0:c512,c768 tcontext=u:object_r:system_data_file:s0:c512,c768 tclass=dir permissive=1
09-16 19:19:54.499  5817  5817 I pool-2-thread-1: type=1400 audit(0.0:287): avc: denied { remove_name } for name="bugle.xml" dev="sda24" ino=2015585 scontext=u:r:platform_app:s0:c512,c768 tcontext=u:object_r:system_data_file:s0:c512,c768 tclass=dir permissive=1
09-16 19:19:54.499  5817  5817 I pool-2-thread-1: type=1400 audit(0.0:287): avc: denied { add_name } for name="bugle.xml.bak" scontext=u:r:platform_app:s0:c512,c768 tcontext=u:object_r:system_data_file:s0:c512,c768 tclass=dir permissive=1
09-16 19:19:54.504  3586  4789 I ActivityManager: Start proc 5820:com.android.onetimeinitializer/u0a18 for broadcast com.android.onetimeinitializer/.OneTimeInitializerReceiver
09-16 19:19:54.526  5800  5800 I MessagingApp: Carrier config changed. Reloading MMS config.
09-16 19:19:54.556  5820  5820 W System  : ClassLoader referenced unknown path: /system/priv-app/OneTimeInitializer/lib/arm64
09-16 19:19:54.607  5800  5818 W MessagingApp: canonicalizeMccMnc: invalid mccmnc:null ,null
09-16 19:19:54.630  5820  5820 V OneTimeInitializerRece: OneTimeInitializerReceiver.onReceive
09-16 19:19:54.641  3586  5369 D MmsServiceBroker: getCarrierConfigValues() by com.android.messaging
09-16 19:19:54.642  3586  5369 W MmsServiceBroker: MmsService not connected. Try connecting...
09-16 19:19:54.642  3586  3586 I MmsServiceBroker: Connecting to MmsService
09-16 19:19:54.643  3586  3586 W ContextImpl: Calling a method in the system process without a qualified user: android.app.ContextImpl.bindService:1421 com.android.server.MmsServiceBroker.tryConnecting:241 com.android.server.MmsServiceBroker.-wrap3:-1 com.android.server.MmsServiceBroker$1.handleMessage:83 android.os.Handler.dispatchMessage:102 
09-16 19:19:54.647  5800  5819 W MessagingApp: Rebuilt databases: reseting related state
09-16 19:19:54.697  5800  5819 I MessagingAppDataModel: Fixup: Send failed - 0 Download failed - 0
09-16 19:19:54.735  5820  5840 I OneTimeInitializerServ: Updating to version 1.
09-16 19:19:54.754  5820  5840 E ActivityThread: Failed to find provider info for com.android.launcher2.settings
09-16 19:19:54.864  5800  5844 I MessagingAppDataModel: SyncMessagesAction: Starting batch for messages from -1 to 1505600394413 (message update limit = 80, message scan limit = 4000)
09-16 19:19:54.902  4920  4920 W System  : ClassLoader referenced unknown path: /system/priv-app/MmsService/lib/arm64
09-16 19:19:54.904  4920  4920 D ApplicationLoaders: ignored Vulkan layer search path /system/priv-app/MmsService/lib/arm64:/system/lib64:/vendor/lib64 for namespace 0x7f7b7641d0
09-16 19:19:54.926  4920  4920 D MmsService: onCreate
09-16 19:19:54.939  3586  3586 I MmsServiceBroker: MmsService connected
09-16 19:19:54.940  4920  5216 D MmsService: getCarrierConfigValues
09-16 19:19:54.941  4920  5216 I MmsService: mms config for sub 1: null
09-16 19:19:54.942  4920  4920 V VvmBootCompletedRcvr: processing subId list
09-16 19:19:54.942  5800  5818 I MessagingApp: Carrier configs loaded: Bundle[{smsToMmsTextThreshold=-1, maxMessageTextSize=-1, recipientLimit=-1, maxImageHeight=480, maxMessageSize=307200, maxImageWidth=640, enabledMMS=true, enableMultipartSMS=true}] from resources+system for subId=1
09-16 19:19:54.957  4920  4920 V VvmBootCompletedRcvr: processing subId 1
09-16 19:19:54.963  4920  4920 D VvmSimChangeReceiver: visual voicemail not supported for carrier 72234 on subId 1
09-16 19:19:55.017  5800  5833 W MessagingApp: canonicalizeMccMnc: invalid mccmnc:null ,null
09-16 19:19:55.043  3586  3681 D MmsServiceBroker: getCarrierConfigValues() by com.android.messaging
09-16 19:19:55.044  4920  5216 D MmsService: getCarrierConfigValues
09-16 19:19:55.044  4920  5216 I MmsService: mms config for sub 1: null
09-16 19:19:55.047  5800  5833 I MessagingApp: Carrier configs loaded: Bundle[{smsToMmsTextThreshold=-1, maxMessageTextSize=-1, recipientLimit=-1, maxImageHeight=480, maxMessageSize=307200, maxImageWidth=640, enabledMMS=true, enableMultipartSMS=true}] from resources+system for subId=1
