09-17 21:03:33.804  4180  4180 F libc    : CANNOT LINK EXECUTABLE "/system/bin/mediaserver": cannot locate symbol "_ZNK7android8hardware7camera26params19OutputConfiguration14getSurfaceTypeEv" referenced by "/system/lib/libcameraservice.so"...
09-17 21:03:33.804  4180  4180 F libc    : Fatal signal 6 (SIGABRT), code -6 in tid 4180 (mediaserver)
09-17 21:03:33.804  4181  4181 I Netd    : Netd 1.0 starting
09-17 21:03:33.804  4181  4181 D TetherController: Setting IP forward enable = 0
09-17 21:03:33.806  4181  4181 I QtiConnectivityAdapter: Failed to open libconnctrl, some features may not be present.
09-17 21:03:33.806  4181  4181 E         : Failed to open libdatactrl, some features may not be present.
09-17 21:03:33.806  4181  4181 E         : Failed to open libcsm_data, some features may not be present.
09-17 21:03:33.807  4176  4176 W cameraserver: type=1701 audit(0.0:441): auid=4294967295 uid=1047 gid=1023 ses=4294967295 subj=u:r:cameraserver:s0 exe="/system/bin/cameraserver" sig=6
09-17 21:03:33.812  3076  3076 W         : debuggerd: resuming target 4176
09-17 21:03:33.813  3076  3076 W         : debuggerd: handling request: pid=4180 uid=1013 gid=1005 tid=4180
09-17 21:03:33.811  3087  3087 W auditd  : type=1325 audit(0.0:442): table=filter family=2 entries=14
09-17 21:03:33.811  3087  3087 W auditd  : type=1320 audit(0.0:442): 
09-17 21:03:33.819  4188  4188 E         : debuggerd: Unable to connect to activity manager (connect failed: No such file or directory)
09-17 21:03:33.815  3087  3087 W auditd  : type=1325 audit(0.0:443): table=filter family=10 entries=14
09-17 21:03:33.815  3087  3087 W auditd  : type=1320 audit(0.0:443): 
09-17 21:03:33.824  4178  4178 F libc    : CANNOT LINK EXECUTABLE "/system/bin/app_process32": cannot locate symbol "_ZN7android14CameraMetadata14getTagFromNameEPKcPKNS_19VendorTagDescriptorEPj" referenced by "/system/lib/libandroid_runtime.so"...
09-17 21:03:33.824  4178  4178 F libc    : Fatal signal 6 (SIGABRT), code -6 in tid 4178 (app_process32)
09-17 21:03:33.823  3087  3087 W auditd  : type=1325 audit(0.0:444): table=filter family=2 entries=13
09-17 21:03:33.823  3087  3087 W auditd  : type=1320 audit(0.0:444): 
09-17 21:03:33.835  3087  3087 W auditd  : type=1325 audit(0.0:445): table=filter family=10 entries=13
09-17 21:03:33.835  3087  3087 W auditd  : type=1320 audit(0.0:445): 
09-17 21:03:33.843  3087  3087 W auditd  : type=1325 audit(0.0:446): table=filter family=2 entries=13
09-17 21:03:33.843  3087  3087 W auditd  : type=1320 audit(0.0:446): 
09-17 21:03:33.851  3087  3087 W auditd  : type=1325 audit(0.0:447): table=filter family=10 entries=13
09-17 21:03:33.851  3087  3087 W auditd  : type=1320 audit(0.0:447): 
09-17 21:03:33.863  3087  3087 W auditd  : type=1325 audit(0.0:448): table=filter family=2 entries=11
09-17 21:03:33.863  3087  3087 W auditd  : type=1320 audit(0.0:448): 
09-17 21:03:33.869  4188  4188 F DEBUG   : *** *** *** *** *** *** *** *** *** *** *** *** *** *** *** ***
09-17 21:03:33.869  4188  4188 F DEBUG   : LineageOS Version: '14.1-20170917-UNOFFICIAL-dream2lte'
09-17 21:03:33.870  4188  4188 F DEBUG   : Build fingerprint: 'samsung/dream2ltexx/dream2lte:7.0/NRD90M/G955FXXU1AQH3:user/release-keys'
09-17 21:03:33.870  4188  4188 F DEBUG   : Revision: '0'
09-17 21:03:33.870  4188  4188 F DEBUG   : ABI: 'arm'
09-17 21:03:33.870  4188  4188 F DEBUG   : pid: 4180, tid: 4180, name: mediaserver  >>> /system/bin/mediaserver <<<
09-17 21:03:33.870  4188  4188 F DEBUG   : signal 6 (SIGABRT), code -6 (SI_TKILL), fault addr --------
09-17 21:03:33.870  4188  4188 F DEBUG   :     r0 00000000  r1 00001054  r2 00000006  r3 00000008
09-17 21:03:33.870  4188  4188 F DEBUG   :     r4 f708e58c  r5 00000006  r6 f708e534  r7 0000010c
09-17 21:03:33.870  4188  4188 F DEBUG   :     r8 ffc98730  r9 00000001  sl ffc98770  fp f701b010
09-17 21:03:33.870  4188  4188 F DEBUG   :     ip 00000000  sp ffc986c8  lr f706df8f  pc f706e9a8  cpsr 200f0010
09-17 21:03:33.873  4188  4188 F DEBUG   : 
09-17 21:03:33.873  4188  4188 F DEBUG   : backtrace:
09-17 21:03:33.874  4188  4188 F DEBUG   :     #00 pc 000469a8  /system/bin/linker (__dl_tgkill+12)
09-17 21:03:33.874  4188  4188 F DEBUG   :     #01 pc 00045f8b  /system/bin/linker (__dl_pthread_kill+34)
09-17 21:03:33.874  4188  4188 F DEBUG   :     #02 pc 0003e32f  /system/bin/linker (__dl_raise+10)
09-17 21:03:33.874  4188  4188 F DEBUG   :     #03 pc 0003cdeb  /system/bin/linker (__dl___libc_android_abort+34)
09-17 21:03:33.874  4188  4188 F DEBUG   :     #04 pc 0003bbbc  /system/bin/linker (__dl_abort+4)
09-17 21:03:33.874  4188  4188 F DEBUG   :     #05 pc 0003de2b  /system/bin/linker (__dl___libc_fatal+22)
09-17 21:03:33.874  4188  4188 F DEBUG   :     #06 pc 00009c43  /system/bin/linker (__dl__ZL29__linker_init_post_relocationR19KernelArgumentBlockj+3146)
09-17 21:03:33.874  4188  4188 F DEBUG   :     #07 pc 00008f63  /system/bin/linker (__dl___linker_init+358)
09-17 21:03:33.874  4188  4188 F DEBUG   :     #08 pc 000027c0  /system/bin/linker (_start+4)
09-17 21:03:33.877  4179  4179 I         : sMaxFastTracks = 8
09-17 21:03:33.877  4179  4179 I audioserver: ServiceManager: 0xf6619440
09-17 21:03:33.878  4179  4179 W BatteryNotifier: batterystats service unavailable!
09-17 21:03:33.878  4179  4179 I AudioFlinger: Using default 3000 mSec as standby time.
09-17 21:03:33.878  4179  4179 I AudioPolicyService: AudioPolicyService CSTOR in new mode
09-17 21:03:33.878  4179  4179 D AudioInfo: MPS_CODE : SIN, get MPS_CODE
09-17 21:03:33.878  4179  4179 W APM_AudioPolicyManager: mkdir failed for AUDIO_TUNING_PATH
09-17 21:03:33.878  4179  4179 D APM::SoundKitchen: SoundKitchen created
09-17 21:03:33.878  4179  4179 I APM::ConfigParsingUtils: loadAudioPolicyConfig() loaded /vendor/etc/audio_policy.conf
09-17 21:03:33.875  3087  3087 W auditd  : type=1325 audit(0.0:449): table=filter family=10 entries=11
09-17 21:03:33.875  3087  3087 W auditd  : type=1320 audit(0.0:449): 
09-17 21:03:33.887  3087  3087 W auditd  : type=1325 audit(0.0:450): table=filter family=2 entries=13
09-17 21:03:33.887  3087  3087 W auditd  : type=1320 audit(0.0:450): 
09-17 21:03:33.899  3087  3087 W auditd  : type=1325 audit(0.0:451): table=filter family=10 entries=13
09-17 21:03:33.907  3076  3076 W         : debuggerd: resuming target 4180
09-17 21:03:33.908  3076  3076 W         : debuggerd: handling request: pid=4178 uid=0 gid=0 tid=4178
09-17 21:03:33.916  4206  4206 E         : debuggerd: Unable to connect to activity manager (connect failed: No such file or directory)
09-17 21:03:33.916  4206  4206 F DEBUG   : *** *** *** *** *** *** *** *** *** *** *** *** *** *** *** ***
09-17 21:03:33.916  4206  4206 F DEBUG   : LineageOS Version: '14.1-20170917-UNOFFICIAL-dream2lte'
09-17 21:03:33.916  4206  4206 F DEBUG   : Build fingerprint: 'samsung/dream2ltexx/dream2lte:7.0/NRD90M/G955FXXU1AQH3:user/release-keys'
09-17 21:03:33.916  4206  4206 F DEBUG   : Revision: '0'
09-17 21:03:33.917  4206  4206 F DEBUG   : ABI: 'arm'
09-17 21:03:33.917  4206  4206 F DEBUG   : pid: 4178, tid: 4178, name: app_process32  >>> /system/bin/app_process32 <<<
09-17 21:03:33.917  4206  4206 F DEBUG   : signal 6 (SIGABRT), code -6 (SI_TKILL), fault addr --------
09-17 21:03:33.917  4206  4206 F DEBUG   :     r0 00000000  r1 00001052  r2 00000006  r3 00000008
09-17 21:03:33.917  4206  4206 F DEBUG   :     r4 f711758c  r5 00000006  r6 f7117534  r7 0000010c
09-17 21:03:33.917  4206  4206 F DEBUG   :     r8 ff827e10  r9 00000001  sl ff827e40  fp f70a4010
09-17 21:03:33.917  4206  4206 F DEBUG   :     ip 00000000  sp ff827da8  lr f70f6f8f  pc f70f79a8  cpsr 200f0010
09-17 21:03:33.921  4206  4206 F DEBUG   : 
09-17 21:03:33.921  4206  4206 F DEBUG   : backtrace:
09-17 21:03:33.921  4206  4206 F DEBUG   :     #00 pc 000469a8  /system/bin/linker (__dl_tgkill+12)
09-17 21:03:33.921  4206  4206 F DEBUG   :     #01 pc 00045f8b  /system/bin/linker (__dl_pthread_kill+34)
09-17 21:03:33.921  4206  4206 F DEBUG   :     #02 pc 0003e32f  /system/bin/linker (__dl_raise+10)
09-17 21:03:33.921  4179  4179 V audio_hw_primary_abox: device-adev_open: enter
09-17 21:03:33.922  4206  4206 F DEBUG   :     #03 pc 0003cdeb  /system/bin/linker (__dl___libc_android_abort+34)
09-17 21:03:33.922  4179  4179 V DiamondVoice: + diamondvoice_open
09-17 21:03:33.922  4206  4206 F DEBUG   :     #04 pc 0003bbbc  /system/bin/linker (__dl_abort+4)
09-17 21:03:33.922  4206  4206 F DEBUG   :     #05 pc 0003de2b  /system/bin/linker (__dl___libc_fatal+22)
09-17 21:03:33.922  4206  4206 F DEBUG   :     #06 pc 00009c43  /system/bin/linker (__dl__ZL29__linker_init_post_relocationR19KernelArgumentBlockj+3146)
09-17 21:03:33.922  4206  4206 F DEBUG   :     #07 pc 00008f63  /system/bin/linker (__dl___linker_init+358)
09-17 21:03:33.922  4206  4206 F DEBUG   :     #08 pc 000027c0  /system/bin/linker (_start+4)
09-17 21:03:33.922  4179  4179 D AudioInfo: can not find AudioDataPath for fileName:/DiamondVoice/
09-17 21:03:33.922  4179  4179 V DiamondVoice: There is no DiamondVoice tuning data in CSC 
09-17 21:03:33.922  4179  4179 V DiamondVoice: - diamondvoice_open
09-17 21:03:33.922  4179  4179 I AudioRil: ### mMultiSim : 1
09-17 21:03:33.922  4179  4179 D audio_hw_primary_abox: device-adev_open: Successed to init Voice Manager!
09-17 21:03:33.957  3076  3076 W         : debuggerd: resuming target 4178
09-17 21:03:33.965  3160  3160 I ServiceManager: service 'media.audio_flinger' died
09-17 21:03:39.017  4219  4219 F libc    : CANNOT LINK EXECUTABLE "/system/bin/cameraserver": cannot locate symbol "_ZNK7android8hardware7camera26params19OutputConfiguration14getSurfaceTypeEv" referenced by "/system/lib/libcameraservice.so"...
09-17 21:03:39.018  4219  4219 F libc    : Fatal signal 6 (SIGABRT), code -6 in tid 4219 (cameraserver)
09-17 21:03:39.018  3076  3076 W         : debuggerd: handling request: pid=4219 uid=1047 gid=1023 tid=4219
09-17 21:03:39.035  4225  4225 E         : debuggerd: Unable to connect to activity manager (connect failed: No such file or directory)
09-17 21:03:39.042  4223  4223 F libc    : CANNOT LINK EXECUTABLE "/system/bin/mediaserver": cannot locate symbol "_ZNK7android8hardware7camera26params19OutputConfiguration14getSurfaceTypeEv" referenced by "/system/lib/libcameraservice.so"...
09-17 21:03:39.043  4223  4223 F libc    : Fatal signal 6 (SIGABRT), code -6 in tid 4223 (mediaserver)
09-17 21:03:39.049  4224  4224 I Netd    : Netd 1.0 starting
09-17 21:03:39.049  4224  4224 D TetherController: Setting IP forward enable = 0
09-17 21:03:39.050  4224  4224 I QtiConnectivityAdapter: Failed to open libconnctrl, some features may not be present.
09-17 21:03:39.051  4224  4224 E         : Failed to open libdatactrl, some features may not be present.
09-17 21:03:39.051  4224  4224 E         : Failed to open libcsm_data, some features may not be present.
09-17 21:03:39.059  4221  4221 F libc    : CANNOT LINK EXECUTABLE "/system/bin/app_process32": cannot locate symbol "_ZN7android14CameraMetadata14getTagFromNameEPKcPKNS_19VendorTagDescriptorEPj" referenced by "/system/lib/libandroid_runtime.so"...
09-17 21:03:39.059  4221  4221 F libc    : Fatal signal 6 (SIGABRT), code -6 in tid 4221 (app_process32)
09-17 21:03:39.063  3087  3087 W auditd  : type=1325 audit(0.0:455): table=filter family=2 entries=14
09-17 21:03:39.063  3087  3087 W auditd  : type=1320 audit(0.0:455): 
09-17 21:03:39.071  3087  3087 W auditd  : type=1325 audit(0.0:456): table=filter family=10 entries=14
09-17 21:03:39.071  3087  3087 W auditd  : type=1320 audit(0.0:456): 
09-17 21:03:39.079  3087  3087 W auditd  : type=1325 audit(0.0:457): table=filter family=2 entries=13
09-17 21:03:39.079  3087  3087 W auditd  : type=1320 audit(0.0:457): 
09-17 21:03:39.086  4225  4225 F DEBUG   : *** *** *** *** *** *** *** *** *** *** *** *** *** *** *** ***
09-17 21:03:39.086  4225  4225 F DEBUG   : LineageOS Version: '14.1-20170917-UNOFFICIAL-dream2lte'
09-17 21:03:39.086  4225  4225 F DEBUG   : Build fingerprint: 'samsung/dream2ltexx/dream2lte:7.0/NRD90M/G955FXXU1AQH3:user/release-keys'
09-17 21:03:39.086  4225  4225 F DEBUG   : Revision: '0'
09-17 21:03:39.086  4225  4225 F DEBUG   : ABI: 'arm'
09-17 21:03:39.086  4225  4225 F DEBUG   : pid: 4219, tid: 4219, name: cameraserver  >>> /system/bin/cameraserver <<<
09-17 21:03:39.086  4225  4225 F DEBUG   : signal 6 (SIGABRT), code -6 (SI_TKILL), fault addr --------
09-17 21:03:39.086  4225  4225 F DEBUG   :     r0 00000000  r1 0000107b  r2 00000006  r3 00000008
09-17 21:03:39.086  4225  4225 F DEBUG   :     r4 f71ad58c  r5 00000006  r6 f71ad534  r7 0000010c
09-17 21:03:39.086  4225  4225 F DEBUG   :     r8 ffb595e8  r9 00000001  sl ffb59610  fp f713a010
09-17 21:03:39.086  4225  4225 F DEBUG   :     ip 00000000  sp ffb59580  lr f718cf8f  pc f718d9a8  cpsr 200f0010
09-17 21:03:39.090  4225  4225 F DEBUG   : 
09-17 21:03:39.090  4225  4225 F DEBUG   : backtrace:
09-17 21:03:39.090  4225  4225 F DEBUG   :     #00 pc 000469a8  /system/bin/linker (__dl_tgkill+12)
09-17 21:03:39.090  4225  4225 F DEBUG   :     #01 pc 00045f8b  /system/bin/linker (__dl_pthread_kill+34)
09-17 21:03:39.090  4225  4225 F DEBUG   :     #02 pc 0003e32f  /system/bin/linker (__dl_raise+10)
09-17 21:03:39.090  4225  4225 F DEBUG   :     #03 pc 0003cdeb  /system/bin/linker (__dl___libc_android_abort+34)
09-17 21:03:39.090  4225  4225 F DEBUG   :     #04 pc 0003bbbc  /system/bin/linker (__dl_abort+4)
09-17 21:03:39.090  4225  4225 F DEBUG   :     #05 pc 0003de2b  /system/bin/linker (__dl___libc_fatal+22)
09-17 21:03:39.090  4225  4225 F DEBUG   :     #06 pc 00009c43  /system/bin/linker (__dl__ZL29__linker_init_post_relocationR19KernelArgumentBlockj+3146)
09-17 21:03:39.090  4225  4225 F DEBUG   :     #07 pc 00008f63  /system/bin/linker (__dl___linker_init+358)
09-17 21:03:39.090  4225  4225 F DEBUG   :     #08 pc 000027c0  /system/bin/linker (_start+4)
09-17 21:03:39.091  3087  3087 W auditd  : type=1325 audit(0.0:458): table=filter family=10 entries=13
09-17 21:03:39.091  3087  3087 W auditd  : type=1320 audit(0.0:458): 
09-17 21:03:39.099  3087  3087 W auditd  : type=1325 audit(0.0:459): table=filter family=2 entries=13
09-17 21:03:39.099  3087  3087 W auditd  : type=1320 audit(0.0:459): 
09-17 21:03:39.111  3076  3076 W         : debuggerd: resuming target 4219
09-17 21:03:39.112  3076  3076 W         : debuggerd: handling request: pid=4223 uid=1013 gid=1005 tid=4223
09-17 21:03:39.107  4219  4219 W cameraserver: type=1701 audit(0.0:460): auid=4294967295 uid=1047 gid=1023 ses=4294967295 subj=u:r:cameraserver:s0 exe="/system/bin/cameraserver" sig=6
09-17 21:03:39.113  4222  4222 I         : sMaxFastTracks = 8
09-17 21:03:39.114  4222  4222 I audioserver: ServiceManager: 0xf6419440
09-17 21:03:39.114  4222  4222 W BatteryNotifier: batterystats service unavailable!
09-17 21:03:39.114  4222  4222 I AudioFlinger: Using default 3000 mSec as standby time.
09-17 21:03:39.114  4222  4222 I AudioPolicyService: AudioPolicyService CSTOR in new mode
09-17 21:03:39.118  4236  4236 E         : debuggerd: Unable to connect to activity manager (connect failed: No such file or directory)
09-17 21:03:39.118  4236  4236 F DEBUG   : *** *** *** *** *** *** *** *** *** *** *** *** *** *** *** ***
09-17 21:03:39.119  4236  4236 F DEBUG   : LineageOS Version: '14.1-20170917-UNOFFICIAL-dream2lte'
09-17 21:03:39.119  4222  4222 D AudioInfo: MPS_CODE : SIN, get MPS_CODE
09-17 21:03:39.119  4222  4222 W APM_AudioPolicyManager: mkdir failed for AUDIO_TUNING_PATH
09-17 21:03:39.119  4236  4236 F DEBUG   : Build fingerprint: 'samsung/dream2ltexx/dream2lte:7.0/NRD90M/G955FXXU1AQH3:user/release-keys'
09-17 21:03:39.119  4222  4222 D APM::SoundKitchen: SoundKitchen created
09-17 21:03:39.119  4236  4236 F DEBUG   : Revision: '0'
09-17 21:03:39.119  4236  4236 F DEBUG   : ABI: 'arm'
09-17 21:03:39.115  3087  3087 W auditd  : type=1325 audit(0.0:461): table=filter family=10 entries=13
09-17 21:03:39.115  3087  3087 W auditd  : type=1320 audit(0.0:461): 
09-17 21:03:39.120  4222  4222 I APM::ConfigParsingUtils: loadAudioPolicyConfig() loaded /vendor/etc/audio_policy.conf
09-17 21:03:39.120  4236  4236 F DEBUG   : pid: 4223, tid: 4223, name: mediaserver  >>> /system/bin/mediaserver <<<
09-17 21:03:39.120  4236  4236 F DEBUG   : signal 6 (SIGABRT), code -6 (SI_TKILL), fault addr --------
09-17 21:03:39.120  4236  4236 F DEBUG   :     r0 00000000  r1 0000107f  r2 00000006  r3 00000008
09-17 21:03:39.120  4236  4236 F DEBUG   :     r4 f6ffd58c  r5 00000006  r6 f6ffd534  r7 0000010c
09-17 21:03:39.120  4236  4236 F DEBUG   :     r8 fffa8de0  r9 00000001  sl fffa8e20  fp f6f8a010
09-17 21:03:39.120  4236  4236 F DEBUG   :     ip 00000000  sp fffa8d78  lr f6fdcf8f  pc f6fdd9a8  cpsr 200f0010
09-17 21:03:39.124  4236  4236 F DEBUG   : 
09-17 21:03:39.124  4236  4236 F DEBUG   : backtrace:
09-17 21:03:39.124  4236  4236 F DEBUG   :     #00 pc 000469a8  /system/bin/linker (__dl_tgkill+12)
09-17 21:03:39.124  4236  4236 F DEBUG   :     #01 pc 00045f8b  /system/bin/linker (__dl_pthread_kill+34)
09-17 21:03:39.125  4236  4236 F DEBUG   :     #02 pc 0003e32f  /system/bin/linker (__dl_raise+10)
09-17 21:03:39.125  4236  4236 F DEBUG   :     #03 pc 0003cdeb  /system/bin/linker (__dl___libc_android_abort+34)
09-17 21:03:39.125  4236  4236 F DEBUG   :     #04 pc 0003bbbc  /system/bin/linker (__dl_abort+4)
09-17 21:03:39.125  4236  4236 F DEBUG   :     #05 pc 0003de2b  /system/bin/linker (__dl___libc_fatal+22)
09-17 21:03:39.125  4236  4236 F DEBUG   :     #06 pc 00009c43  /system/bin/linker (__dl__ZL29__linker_init_post_relocationR19KernelArgumentBlockj+3146)
09-17 21:03:39.125  4236  4236 F DEBUG   :     #07 pc 00008f63  /system/bin/linker (__dl___linker_init+358)
09-17 21:03:39.125  4236  4236 F DEBUG   :     #08 pc 000027c0  /system/bin/linker (_start+4)
09-17 21:03:39.123  3087  3087 W auditd  : type=1325 audit(0.0:462): table=filter family=2 entries=11
09-17 21:03:39.123  3087  3087 W auditd  : type=1320 audit(0.0:462): 
09-17 21:03:39.135  3087  3087 W auditd  : type=1325 audit(0.0:463): table=filter family=10 entries=11
09-17 21:03:39.135  3087  3087 W auditd  : type=1320 audit(0.0:463): 
09-17 21:03:39.147  4223  4223 W mediaserver: type=1701 audit(0.0:464): auid=4294967295 uid=1013 gid=1005 ses=4294967295 subj=u:r:mediaserver:s0 exe="/system/bin/mediaserver" sig=6
09-17 21:03:39.154  3076  3076 W         : debuggerd: resuming target 4223
09-17 21:03:39.154  3076  3076 W         : debuggerd: handling request: pid=4221 uid=0 gid=0 tid=4221
09-17 21:03:39.151  3087  3087 W auditd  : type=1325 audit(0.0:465): table=filter family=2 entries=13
09-17 21:03:39.151  3087  3087 W auditd  : type=1320 audit(0.0:465): 
09-17 21:03:39.163  4247  4247 E         : debuggerd: Unable to connect to activity manager (connect failed: No such file or directory)
09-17 21:03:39.165  4247  4247 F DEBUG   : *** *** *** *** *** *** *** *** *** *** *** *** *** *** *** ***
09-17 21:03:39.166  4247  4247 F DEBUG   : LineageOS Version: '14.1-20170917-UNOFFICIAL-dream2lte'
09-17 21:03:39.166  4247  4247 F DEBUG   : Build fingerprint: 'samsung/dream2ltexx/dream2lte:7.0/NRD90M/G955FXXU1AQH3:user/release-keys'
09-17 21:03:39.166  4247  4247 F DEBUG   : Revision: '0'
09-17 21:03:39.166  4247  4247 F DEBUG   : ABI: 'arm'
09-17 21:03:39.166  4247  4247 F DEBUG   : pid: 4221, tid: 4221, name: app_process32  >>> /system/bin/app_process32 <<<
09-17 21:03:39.166  4247  4247 F DEBUG   : signal 6 (SIGABRT), code -6 (SI_TKILL), fault addr --------
09-17 21:03:39.167  4247  4247 F DEBUG   :     r0 00000000  r1 0000107d  r2 00000006  r3 00000008
09-17 21:03:39.167  4247  4247 F DEBUG   :     r4 f711f58c  r5 00000006  r6 f711f534  r7 0000010c
09-17 21:03:39.167  4247  4247 F DEBUG   :     r8 ffbe79f0  r9 00000001  sl ffbe7a20  fp f70ac010
09-17 21:03:39.167  4247  4247 F DEBUG   :     ip 00000000  sp ffbe7988  lr f70fef8f  pc f70ff9a8  cpsr 200f0010
09-17 21:03:39.169  4222  4222 V audio_hw_primary_abox: device-adev_open: enter
09-17 21:03:39.170  4222  4222 V DiamondVoice: + diamondvoice_open
09-17 21:03:39.170  4222  4222 D AudioInfo: can not find AudioDataPath for fileName:/DiamondVoice/
09-17 21:03:39.170  4222  4222 V DiamondVoice: There is no DiamondVoice tuning data in CSC 
09-17 21:03:39.170  4222  4222 V DiamondVoice: - diamondvoice_open
09-17 21:03:39.170  4222  4222 I AudioRil: ### mMultiSim : 1
09-17 21:03:39.170  4222  4222 D audio_hw_primary_abox: device-adev_open: Successed to init Voice Manager!
09-17 21:03:39.171  4247  4247 F DEBUG   : 
09-17 21:03:39.171  4247  4247 F DEBUG   : backtrace:
09-17 21:03:39.171  4247  4247 F DEBUG   :     #00 pc 000469a8  /system/bin/linker (__dl_tgkill+12)
09-17 21:03:39.171  4247  4247 F DEBUG   :     #01 pc 00045f8b  /system/bin/linker (__dl_pthread_kill+34)
09-17 21:03:39.171  4247  4247 F DEBUG   :     #02 pc 0003e32f  /system/bin/linker (__dl_raise+10)
09-17 21:03:39.171  4247  4247 F DEBUG   :     #03 pc 0003cdeb  /system/bin/linker (__dl___libc_android_abort+34)
09-17 21:03:39.172  4247  4247 F DEBUG   :     #04 pc 0003bbbc  /system/bin/linker (__dl_abort+4)
09-17 21:03:39.172  4247  4247 F DEBUG   :     #05 pc 0003de2b  /system/bin/linker (__dl___libc_fatal+22)
09-17 21:03:39.172  4247  4247 F DEBUG   :     #06 pc 00009c43  /system/bin/linker (__dl__ZL29__linker_init_post_relocationR19KernelArgumentBlockj+3146)
09-17 21:03:39.172  4247  4247 F DEBUG   :     #07 pc 00008f63  /system/bin/linker (__dl___linker_init+358)
09-17 21:03:39.172  4247  4247 F DEBUG   :     #08 pc 000027c0  /system/bin/linker (_start+4)
09-17 21:03:39.206  3076  3076 W         : debuggerd: resuming target 4221
09-17 21:03:39.212  3160  3160 I ServiceManager: service 'media.audio_flinger' died
09-17 21:03:44.284  4260  4260 F libc    : CANNOT LINK EXECUTABLE "/system/bin/cameraserver": cannot locate symbol "_ZNK7android8hardware7camera26params19OutputConfiguration14getSurfaceTypeEv" referenced by "/system/lib/libcameraservice.so"...
09-17 21:03:44.284  4260  4260 F libc    : Fatal signal 6 (SIGABRT), code -6 in tid 4260 (cameraserver)
09-17 21:03:44.284  3076  3076 W         : debuggerd: handling request: pid=4260 uid=1047 gid=1023 tid=4260
09-17 21:03:44.290  4265  4265 I Netd    : Netd 1.0 starting
09-17 21:03:44.290  4265  4265 D TetherController: Setting IP forward enable = 0
09-17 21:03:44.293  4266  4266 E         : debuggerd: Unable to connect to activity manager (connect failed: No such file or directory)
09-17 21:03:44.293  4265  4265 I QtiConnectivityAdapter: Failed to open libconnctrl, some features may not be present.
09-17 21:03:44.293  4265  4265 E         : Failed to open libdatactrl, some features may not be present.
09-17 21:03:44.293  4265  4265 E         : Failed to open libcsm_data, some features may not be present.
09-17 21:03:44.296  4264  4264 F libc    : CANNOT LINK EXECUTABLE "/system/bin/mediaserver": cannot locate symbol "_ZNK7android8hardware7camera26params19OutputConfiguration14getSurfaceTypeEv" referenced by "/system/lib/libcameraservice.so"...
09-17 21:03:44.296  4264  4264 F libc    : Fatal signal 6 (SIGABRT), code -6 in tid 4264 (mediaserver)
09-17 21:03:44.299  3087  3087 W auditd  : type=1325 audit(0.0:469): table=filter family=2 entries=14
09-17 21:03:44.305  4262  4262 F libc    : CANNOT LINK EXECUTABLE "/system/bin/app_process32": cannot locate symbol "_ZN7android14CameraMetadata14getTagFromNameEPKcPKNS_19VendorTagDescriptorEPj" referenced by "/system/lib/libandroid_runtime.so"...
09-17 21:03:44.305  4262  4262 F libc    : Fatal signal 6 (SIGABRT), code -6 in tid 4262 (app_process32)
09-17 21:03:44.299  3087  3087 W auditd  : type=1320 audit(0.0:469): 
09-17 21:03:44.307  3087  3087 W auditd  : type=1325 audit(0.0:470): table=filter family=10 entries=14
09-17 21:03:44.307  3087  3087 W auditd  : type=1320 audit(0.0:470): 
09-17 21:03:44.319  3087  3087 W auditd  : type=1325 audit(0.0:471): table=filter family=2 entries=13
09-17 21:03:44.319  3087  3087 W auditd  : type=1320 audit(0.0:471): 
09-17 21:03:44.327  3087  3087 W auditd  : type=1325 audit(0.0:472): table=filter family=10 entries=13
09-17 21:03:44.327  3087  3087 W auditd  : type=1320 audit(0.0:472): 
09-17 21:03:44.335  3087  3087 W auditd  : type=1325 audit(0.0:473): table=filter family=2 entries=13
09-17 21:03:44.335  3087  3087 W auditd  : type=1320 audit(0.0:473): 
09-17 21:03:44.343  4266  4266 F DEBUG   : *** *** *** *** *** *** *** *** *** *** *** *** *** *** *** ***
09-17 21:03:44.343  4266  4266 F DEBUG   : LineageOS Version: '14.1-20170917-UNOFFICIAL-dream2lte'
09-17 21:03:44.344  4266  4266 F DEBUG   : Build fingerprint: 'samsung/dream2ltexx/dream2lte:7.0/NRD90M/G955FXXU1AQH3:user/release-keys'
09-17 21:03:44.344  4266  4266 F DEBUG   : Revision: '0'
09-17 21:03:44.344  4266  4266 F DEBUG   : ABI: 'arm'
09-17 21:03:44.344  4266  4266 F DEBUG   : pid: 4260, tid: 4260, name: cameraserver  >>> /system/bin/cameraserver <<<
09-17 21:03:44.344  4266  4266 F DEBUG   : signal 6 (SIGABRT), code -6 (SI_TKILL), fault addr --------
09-17 21:03:44.344  4266  4266 F DEBUG   :     r0 00000000  r1 000010a4  r2 00000006  r3 00000008
09-17 21:03:44.344  4266  4266 F DEBUG   :     r4 f733858c  r5 00000006  r6 f7338534  r7 0000010c
09-17 21:03:44.344  4266  4266 F DEBUG   :     r8 ffb93c68  r9 00000001  sl ffb93c90  fp f72c5010
09-17 21:03:44.344  4266  4266 F DEBUG   :     ip 00000000  sp ffb93c00  lr f7317f8f  pc f73189a8  cpsr 200f0010
09-17 21:03:44.348  4266  4266 F DEBUG   : 
09-17 21:03:44.348  4266  4266 F DEBUG   : backtrace:
09-17 21:03:44.348  4266  4266 F DEBUG   :     #00 pc 000469a8  /system/bin/linker (__dl_tgkill+12)
09-17 21:03:44.348  4266  4266 F DEBUG   :     #01 pc 00045f8b  /system/bin/linker (__dl_pthread_kill+34)
09-17 21:03:44.348  4266  4266 F DEBUG   :     #02 pc 0003e32f  /system/bin/linker (__dl_raise+10)
09-17 21:03:44.348  4266  4266 F DEBUG   :     #03 pc 0003cdeb  /system/bin/linker (__dl___libc_android_abort+34)
09-17 21:03:44.348  4266  4266 F DEBUG   :     #04 pc 0003bbbc  /system/bin/linker (__dl_abort+4)
09-17 21:03:44.348  4266  4266 F DEBUG   :     #05 pc 0003de2b  /system/bin/linker (__dl___libc_fatal+22)
09-17 21:03:44.348  4266  4266 F DEBUG   :     #06 pc 00009c43  /system/bin/linker (__dl__ZL29__linker_init_post_relocationR19KernelArgumentBlockj+3146)
09-17 21:03:44.348  4266  4266 F DEBUG   :     #07 pc 00008f63  /system/bin/linker (__dl___linker_init+358)
09-17 21:03:44.348  4266  4266 F DEBUG   :     #08 pc 000027c0  /system/bin/linker (_start+4)
09-17 21:03:44.347  3087  3087 W auditd  : type=1325 audit(0.0:474): table=filter family=10 entries=13
09-17 21:03:44.347  3087  3087 W auditd  : type=1320 audit(0.0:474): 
09-17 21:03:44.357  4263  4263 I         : sMaxFastTracks = 8
09-17 21:03:44.357  4263  4263 I audioserver: ServiceManager: 0xf6199440
09-17 21:03:44.357  4263  4263 W BatteryNotifier: batterystats service unavailable!
09-17 21:03:44.357  4263  4263 I AudioFlinger: Using default 3000 mSec as standby time.
09-17 21:03:44.358  4263  4263 I AudioPolicyService: AudioPolicyService CSTOR in new mode
09-17 21:03:44.358  4263  4263 D AudioInfo: MPS_CODE : SIN, get MPS_CODE
09-17 21:03:44.358  4263  4263 W APM_AudioPolicyManager: mkdir failed for AUDIO_TUNING_PATH
09-17 21:03:44.358  4263  4263 D APM::SoundKitchen: SoundKitchen created
09-17 21:03:44.358  4263  4263 I APM::ConfigParsingUtils: loadAudioPolicyConfig() loaded /vendor/etc/audio_policy.conf
09-17 21:03:44.359  3087  3087 W auditd  : type=1325 audit(0.0:475): table=filter family=2 entries=11
09-17 21:03:44.359  3087  3087 W auditd  : type=1320 audit(0.0:475): 
09-17 21:03:44.367  3087  3087 W auditd  : type=1325 audit(0.0:476): table=filter family=10 entries=11
09-17 21:03:44.367  3087  3087 W auditd  : type=1320 audit(0.0:476): 
09-17 21:03:44.379  3087  3087 W auditd  : type=1325 audit(0.0:477): table=filter family=2 entries=13
09-17 21:03:44.379  3087  3087 W auditd  : type=1320 audit(0.0:477): 
09-17 21:03:44.387  4260  4260 W cameraserver: type=1701 audit(0.0:478): auid=4294967295 uid=1047 gid=1023 ses=4294967295 subj=u:r:cameraserver:s0 exe="/system/bin/cameraserver" sig=6
09-17 21:03:44.393  3076  3076 W         : debuggerd: resuming target 4260
09-17 21:03:44.393  3076  3076 W         : debuggerd: handling request: pid=4264 uid=1013 gid=1005 tid=4264
09-17 21:03:44.391  3087  3087 W auditd  : type=1325 audit(0.0:479): table=filter family=10 entries=13
09-17 21:03:44.399  4263  4263 V audio_hw_primary_abox: device-adev_open: enter
09-17 21:03:44.399  4263  4263 V DiamondVoice: + diamondvoice_open
09-17 21:03:44.399  4263  4263 D AudioInfo: can not find AudioDataPath for fileName:/DiamondVoice/
09-17 21:03:44.399  4263  4263 V DiamondVoice: There is no DiamondVoice tuning data in CSC 
09-17 21:03:44.399  4263  4263 V DiamondVoice: - diamondvoice_open
09-17 21:03:44.400  4263  4263 I AudioRil: ### mMultiSim : 1
09-17 21:03:44.400  4263  4263 D audio_hw_primary_abox: device-adev_open: Successed to init Voice Manager!
09-17 21:03:44.402  4284  4284 E         : debuggerd: Unable to connect to activity manager (connect failed: No such file or directory)
09-17 21:03:44.453  4284  4284 F DEBUG   : *** *** *** *** *** *** *** *** *** *** *** *** *** *** *** ***
09-17 21:03:44.453  4284  4284 F DEBUG   : LineageOS Version: '14.1-20170917-UNOFFICIAL-dream2lte'
09-17 21:03:44.453  4284  4284 F DEBUG   : Build fingerprint: 'samsung/dream2ltexx/dream2lte:7.0/NRD90M/G955FXXU1AQH3:user/release-keys'
09-17 21:03:44.453  4284  4284 F DEBUG   : Revision: '0'
09-17 21:03:44.453  4284  4284 F DEBUG   : ABI: 'arm'
09-17 21:03:44.453  4284  4284 F DEBUG   : pid: 4264, tid: 4264, name: mediaserver  >>> /system/bin/mediaserver <<<
09-17 21:03:44.454  4284  4284 F DEBUG   : signal 6 (SIGABRT), code -6 (SI_TKILL), fault addr --------
09-17 21:03:44.454  4284  4284 F DEBUG   :     r0 00000000  r1 000010a8  r2 00000006  r3 00000008
09-17 21:03:44.454  4284  4284 F DEBUG   :     r4 f756e58c  r5 00000006  r6 f756e534  r7 0000010c
09-17 21:03:44.454  4284  4284 F DEBUG   :     r8 ffcbe4a0  r9 00000001  sl ffcbe4e0  fp f74fb010
09-17 21:03:44.454  4284  4284 F DEBUG   :     ip 00000000  sp ffcbe438  lr f754df8f  pc f754e9a8  cpsr 200f0010
09-17 21:03:44.458  4284  4284 F DEBUG   : 
09-17 21:03:44.458  4284  4284 F DEBUG   : backtrace:
09-17 21:03:44.458  4284  4284 F DEBUG   :     #00 pc 000469a8  /system/bin/linker (__dl_tgkill+12)
09-17 21:03:44.458  4284  4284 F DEBUG   :     #01 pc 00045f8b  /system/bin/linker (__dl_pthread_kill+34)
09-17 21:03:44.458  4284  4284 F DEBUG   :     #02 pc 0003e32f  /system/bin/linker (__dl_raise+10)
09-17 21:03:44.458  4284  4284 F DEBUG   :     #03 pc 0003cdeb  /system/bin/linker (__dl___libc_android_abort+34)
09-17 21:03:44.458  4284  4284 F DEBUG   :     #04 pc 0003bbbc  /system/bin/linker (__dl_abort+4)
09-17 21:03:44.458  4284  4284 F DEBUG   :     #05 pc 0003de2b  /system/bin/linker (__dl___libc_fatal+22)
09-17 21:03:44.458  4284  4284 F DEBUG   :     #06 pc 00009c43  /system/bin/linker (__dl__ZL29__linker_init_post_relocationR19KernelArgumentBlockj+3146)
09-17 21:03:44.458  4284  4284 F DEBUG   :     #07 pc 00008f63  /system/bin/linker (__dl___linker_init+358)
09-17 21:03:44.458  4284  4284 F DEBUG   :     #08 pc 000027c0  /system/bin/linker (_start+4)
09-17 21:03:44.488  3076  3076 W         : debuggerd: resuming target 4264
09-17 21:03:44.488  3076  3076 E         : debuggerd: failed to send signal 18 to target: No such process
09-17 21:03:44.488  3076  3076 W         : debuggerd: handling request: pid=4262 uid=0 gid=0 tid=4262
09-17 21:03:44.491  4261  4261 D AndroidRuntime: >>>>>> START com.android.internal.os.ZygoteInit uid 0 <<<<<<
09-17 21:03:44.493  4261  4261 D AndroidRuntime: CheckJNI is ON
09-17 21:03:44.493  4261  4261 I art     : option[0]=-Xzygote
09-17 21:03:44.493  4261  4261 I art     : option[1]=-Xcheck:jni
09-17 21:03:44.493  4261  4261 I art     : option[2]=-Xstacktracefile:/data/anr/traces.txt
09-17 21:03:44.493  4261  4261 I art     : option[3]=exit
09-17 21:03:44.493  4261  4261 I art     : option[4]=vfprintf
09-17 21:03:44.493  4261  4261 I art     : option[5]=sensitiveThread
09-17 21:03:44.493  4261  4261 I art     : option[6]=-verbose:gc
09-17 21:03:44.493  4261  4261 I art     : option[7]=-Xms8m
09-17 21:03:44.493  4261  4261 I art     : option[8]=-Xmx512m
09-17 21:03:44.493  4261  4261 I art     : option[9]=-XX:HeapGrowthLimit=256m
09-17 21:03:44.493  4261  4261 I art     : option[10]=-XX:HeapMinFree=2m
09-17 21:03:44.493  4261  4261 I art     : option[11]=-XX:HeapMaxFree=8m
09-17 21:03:44.493  4261  4261 I art     : option[12]=-XX:HeapTargetUtilization=0.75
09-17 21:03:44.493  4261  4261 I art     : option[13]=-Xusejit:true
09-17 21:03:44.493  4261  4261 I art     : option[14]=-Xjitsaveprofilinginfo
09-17 21:03:44.493  4261  4261 I art     : option[15]=-agentlib:jdwp=transport=dt_android_adb,suspend=n,server=y
09-17 21:03:44.493  4261  4261 I art     : option[16]=-Xlockprofthreshold:500
09-17 21:03:44.493  4261  4261 I art     : option[17]=-Ximage-compiler-option
09-17 21:03:44.493  4261  4261 I art     : option[18]=--runtime-arg
09-17 21:03:44.493  4261  4261 I art     : option[19]=-Ximage-compiler-option
09-17 21:03:44.493  4261  4261 I art     : option[20]=-Xms64m
09-17 21:03:44.493  4261  4261 I art     : option[21]=-Ximage-compiler-option
09-17 21:03:44.493  4261  4261 I art     : option[22]=--runtime-arg
09-17 21:03:44.493  4261  4261 I art     : option[23]=-Ximage-compiler-option
09-17 21:03:44.493  4261  4261 I art     : option[24]=-Xmx64m
09-17 21:03:44.493  4261  4261 I art     : option[25]=-Ximage-compiler-option
09-17 21:03:44.493  4261  4261 I art     : option[26]=--compiler-filter=verify-at-runtime
09-17 21:03:44.493  4261  4261 I art     : option[27]=-Ximage-compiler-option
09-17 21:03:44.493  4261  4261 I art     : option[28]=--image-classes=/system/etc/preloaded-classes
09-17 21:03:44.493  4261  4261 I art     : option[29]=-Ximage-compiler-option
09-17 21:03:44.493  4261  4261 I art     : option[30]=--compiled-classes=/system/etc/compiled-classes
09-17 21:03:44.493  4261  4261 I art     : option[31]=-Xcompiler-option
09-17 21:03:44.493  4261  4261 I art     : option[32]=--runtime-arg
09-17 21:03:44.493  4261  4261 I art     : option[33]=-Xcompiler-option
09-17 21:03:44.493  4261  4261 I art     : option[34]=-Xms64m
09-17 21:03:44.493  4261  4261 I art     : option[35]=-Xcompiler-option
09-17 21:03:44.493  4261  4261 I art     : option[36]=--runtime-arg
09-17 21:03:44.493  4261  4261 I art     : option[37]=-Xcompiler-option
09-17 21:03:44.493  4261  4261 I art     : option[38]=-Xmx512m
09-17 21:03:44.493  4261  4261 I art     : option[39]=-Ximage-compiler-option
09-17 21:03:44.494  4261  4261 I art     : option[40]=--instruction-set-variant=generic
09-17 21:03:44.494  4261  4261 I art     : option[41]=-Xcompiler-option
09-17 21:03:44.494  4261  4261 I art     : option[42]=--instruction-set-variant=generic
09-17 21:03:44.494  4261  4261 I art     : option[43]=-Ximage-compiler-option
09-17 21:03:44.494  4261  4261 I art     : option[44]=--instruction-set-features=default
09-17 21:03:44.494  4261  4261 I art     : option[45]=-Xcompiler-option
09-17 21:03:44.494  4261  4261 I art     : option[46]=--instruction-set-features=default
09-17 21:03:44.494  4261  4261 I art     : option[47]=-Duser.locale=en-US
09-17 21:03:44.494  4261  4261 I art     : option[48]=--cpu-abilist=arm64-v8a
09-17 21:03:44.494  4261  4261 I art     : option[49]=-Xfingerprint:samsung/dream2ltexx/dream2lte:7.0/NRD90M/G955FXXU1AQH3:user/release-keys
09-17 21:03:44.496  4301  4301 E         : debuggerd: Unable to connect to activity manager (connect failed: No such file or directory)
09-17 21:03:44.509  4261  4261 D ICU     : No timezone override file found: /data/misc/zoneinfo/current/icu/icu_tzdata.dat
09-17 21:03:44.529  4261  4261 W art     : Before Android 4.1, method double java.util.concurrent.ThreadLocalRandom.internalNextDouble(double, double) would have incorrectly overridden the package-private method in java.util.Random
09-17 21:03:44.529  4261  4261 W art     : Before Android 4.1, method int java.util.concurrent.ThreadLocalRandom.internalNextInt(int, int) would have incorrectly overridden the package-private method in java.util.Random
09-17 21:03:44.529  4261  4261 W art     : Before Android 4.1, method long java.util.concurrent.ThreadLocalRandom.internalNextLong(long, long) would have incorrectly overridden the package-private method in java.util.Random
09-17 21:03:44.546  4301  4301 F DEBUG   : *** *** *** *** *** *** *** *** *** *** *** *** *** *** *** ***
09-17 21:03:44.546  4301  4301 F DEBUG   : LineageOS Version: '14.1-20170917-UNOFFICIAL-dream2lte'
09-17 21:03:44.547  4301  4301 F DEBUG   : Build fingerprint: 'samsung/dream2ltexx/dream2lte:7.0/NRD90M/G955FXXU1AQH3:user/release-keys'
09-17 21:03:44.547  4301  4301 F DEBUG   : Revision: '0'
09-17 21:03:44.547  4301  4301 F DEBUG   : ABI: 'arm'
09-17 21:03:44.547  4301  4301 F DEBUG   : pid: 4262, tid: 4262, name: app_process32  >>> /system/bin/app_process32 <<<
09-17 21:03:44.547  4301  4301 F DEBUG   : signal 6 (SIGABRT), code -6 (SI_TKILL), fault addr --------
09-17 21:03:44.547  4301  4301 F DEBUG   :     r0 00000000  r1 000010a6  r2 00000006  r3 00000008
09-17 21:03:44.547  4301  4301 F DEBUG   :     r4 f729458c  r5 00000006  r6 f7294534  r7 0000010c
09-17 21:03:44.547  4301  4301 F DEBUG   :     r8 ffad7d90  r9 00000001  sl ffad7dc0  fp f7221010
09-17 21:03:44.547  4301  4301 F DEBUG   :     ip 00000000  sp ffad7d28  lr f7273f8f  pc f72749a8  cpsr 200f0010
09-17 21:03:44.551  4301  4301 F DEBUG   : 
09-17 21:03:44.551  4301  4301 F DEBUG   : backtrace:
09-17 21:03:44.551  4301  4301 F DEBUG   :     #00 pc 000469a8  /system/bin/linker (__dl_tgkill+12)
09-17 21:03:44.551  4301  4301 F DEBUG   :     #01 pc 00045f8b  /system/bin/linker (__dl_pthread_kill+34)
09-17 21:03:44.551  4301  4301 F DEBUG   :     #02 pc 0003e32f  /system/bin/linker (__dl_raise+10)
09-17 21:03:44.551  4301  4301 F DEBUG   :     #03 pc 0003cdeb  /system/bin/linker (__dl___libc_android_abort+34)
09-17 21:03:44.551  4301  4301 F DEBUG   :     #04 pc 0003bbbc  /system/bin/linker (__dl_abort+4)
09-17 21:03:44.551  4301  4301 F DEBUG   :     #05 pc 0003de2b  /system/bin/linker (__dl___libc_fatal+22)
09-17 21:03:44.551  4301  4301 F DEBUG   :     #06 pc 00009c43  /system/bin/linker (__dl__ZL29__linker_init_post_relocationR19KernelArgumentBlockj+3146)
09-17 21:03:44.551  4301  4301 F DEBUG   :     #07 pc 00008f63  /system/bin/linker (__dl___linker_init+358)
09-17 21:03:44.551  4301  4301 F DEBUG   :     #08 pc 000027c0  /system/bin/linker (_start+4)
09-17 21:03:44.585  3076  3076 W         : debuggerd: resuming target 4262
09-17 21:03:44.615  3160  3160 I ServiceManager: service 'media.audio_flinger' died
