09-25 23:07:05.971  3567  3567 W PackageManager: Unknown permission com.google.android.googleapps.permission.GOOGLE_AUTH in package com.android.providers.calendar
09-25 23:07:05.971  3567  3567 W PackageManager: Unknown permission com.google.android.googleapps.permission.GOOGLE_AUTH.cl in package com.android.providers.calendar
09-25 23:07:05.971  3567  3567 W PackageManager: Unknown permission cyanogenmod.permission.LEGALESE in package com.cyanogenmod.setupwizard
09-25 23:07:05.971  3567  3567 W PackageManager: Unknown permission com.android.gallery3d.permission.STORAGE_CHANGE in package com.android.camera2
09-25 23:07:05.971  3567  3567 W PackageManager: Unknown permission android.permission.NFC_UNLOCK in package com.android.nfc
09-25 23:07:05.971  3567  3567 W PackageManager: Unknown permission com.google.android.googleapps.permission.GOOGLE_AUTH.mail in package com.android.calendar
09-25 23:07:05.971  3567  3567 W PackageManager: Unknown permission com.android.launcher.permission.READ_SETTINGS in package com.android.onetimeinitializer
09-25 23:07:05.971  3567  3567 W PackageManager: Unknown permission com.android.launcher.permission.WRITE_SETTINGS in package com.android.onetimeinitializer
09-25 23:07:05.972  3567  3567 W PackageManager: Unknown permission com.android.launcher.permission.READ_SETTINGS in package com.cyanogenmod.trebuchet
09-25 23:07:05.972  3567  3567 W PackageManager: Unknown permission com.android.launcher.permission.WRITE_SETTINGS in package com.cyanogenmod.trebuchet
09-25 23:07:05.972  3567  3567 W PackageManager: Unknown permission com.google.android.permission.INSTALL_WEARABLE_PACKAGES in package com.android.packageinstaller
09-25 23:07:05.972  3567  3567 W PackageManager: Not granting permission android.permission.DELETE_PACKAGES to package com.svox.pico (protectionLevel=18 flags=0x3808be45)
09-25 23:07:05.972  3567  3567 W PackageManager: Unknown permission com.google.android.gallery3d.permission.PICASA_STORE in package com.android.dreams.phototable
09-25 23:07:05.972  3567  3567 W PackageManager: Unknown permission com.google.android.googleapps.permission.GOOGLE_AUTH in package com.android.settings
09-25 23:07:05.972  3567  3567 W PackageManager: Unknown permission com.android.launcher.permission.READ_SETTINGS in package com.android.settings
09-25 23:07:05.972  3567  3567 W PackageManager: Unknown permission com.android.launcher.permission.WRITE_SETTINGS in package com.android.settings
09-25 23:07:05.972  3567  3567 W PackageManager: Not granting permission android.permission.MANAGE_DOCUMENTS to package com.android.deskclock (protectionLevel=2 flags=0x3c49be45)
09-25 23:07:05.972  3567  3567 W PackageManager: Unknown permission com.android.deskclock.worldclock.permissions.WRITE_DATABASE in package com.android.deskclock
09-25 23:07:05.972  3567  3567 W PackageManager: Unknown permission org.codeaurora.permission.POWER_ON_ALERT in package com.android.deskclock
09-25 23:07:05.972  3567  3567 W PackageManager: Not granting permission android.permission.WRITE_SECURE_SETTINGS to package com.android.deskclock (protectionLevel=50 flags=0x3c49be45)
09-25 23:07:05.972  3567  3567 W PackageManager: Unknown permission com.cyanogenmod.lockclock.permission.READ_WEATHER in package com.android.systemui
09-25 23:07:05.973  3567  3567 W PackageManager: Unknown permission com.google.android.gallery3d.permission.GALLERY_PROVIDER in package com.android.bluetooth
09-25 23:07:05.973  3567  3567 W PackageManager: Unknown permission com.google.android.googleapps.permission.ACCESS_GOOGLE_PASSWORD in package com.android.development
09-25 23:07:05.973  3567  3567 W PackageManager: Unknown permission com.google.android.googleapps.permission.GOOGLE_AUTH in package com.android.development
09-25 23:07:05.973  3567  3567 W PackageManager: Unknown permission com.google.android.googleapps.permission.GOOGLE_AUTH.ALL_SERVICES in package com.android.development
09-25 23:07:05.973  3567  3567 W PackageManager: Unknown permission com.google.android.googleapps.permission.GOOGLE_AUTH.YouTubeUser in package com.android.development
09-25 23:07:05.973  3567  3567 V PackageManager: reconcileAppsData for null u0 0x3
09-25 23:07:05.974  3195  3195 E SELinux : selinux_android_file_context_handle: Error getting file context handle (No such file or directory)
09-25 23:07:06.066  3567  3567 V PackageManager: reconcileAppsData finished 91 packages
09-25 23:07:06.066  3567  3567 V PackageManager: Disabling com.google.android.gsf/com.google.android.gsf.update.SystemUpdateActivity
09-25 23:07:06.066  3567  3567 W PackageManager: Unable to disable com.google.android.gsf/com.google.android.gsf.update.SystemUpdateActivity
09-25 23:07:06.066  3567  3567 V PackageManager: Disabling com.google.android.gsf/com.google.android.gsf.update.SystemUpdateService$Receiver
09-25 23:07:06.066  3567  3567 W PackageManager: Unable to disable com.google.android.gsf/com.google.android.gsf.update.SystemUpdateService$Receiver
09-25 23:07:06.066  3567  3567 V PackageManager: Disabling com.google.android.gsf/com.google.android.gsf.update.SystemUpdateService$SecretCodeReceiver
09-25 23:07:06.066  3567  3567 W PackageManager: Unable to disable com.google.android.gsf/com.google.android.gsf.update.SystemUpdateService$SecretCodeReceiver
09-25 23:07:06.066  3567  3567 V PackageManager: Disabling com.google.android.gsf/com.google.android.gsf.update.SystemUpdateServiceReceiver
09-25 23:07:06.066  3567  3567 W PackageManager: Unable to disable com.google.android.gsf/com.google.android.gsf.update.SystemUpdateServiceReceiver
09-25 23:07:06.066  3567  3567 V PackageManager: Disabling com.google.android.gms/com.google.android.gms.update.SystemUpdateActivity
09-25 23:07:06.066  3567  3567 W PackageManager: Unable to disable com.google.android.gms/com.google.android.gms.update.SystemUpdateActivity
09-25 23:07:06.066  3567  3567 V PackageManager: Disabling com.google.android.gms/com.google.android.gms.update.SystemUpdateService$Receiver
09-25 23:07:06.066  3567  3567 W PackageManager: Unable to disable com.google.android.gms/com.google.android.gms.update.SystemUpdateService$Receiver
09-25 23:07:06.066  3567  3567 V PackageManager: Disabling com.google.android.gms/com.google.android.gms.update.SystemUpdateService$ActiveReceiver
09-25 23:07:06.066  3567  3567 W PackageManager: Unable to disable com.google.android.gms/com.google.android.gms.update.SystemUpdateService$ActiveReceiver
09-25 23:07:06.066  3567  3567 V PackageManager: Disabling com.google.android.gms/com.google.android.gms.update.SystemUpdateService$SecretCodeReceiver
09-25 23:07:06.066  3567  3567 W PackageManager: Unable to disable com.google.android.gms/com.google.android.gms.update.SystemUpdateService$SecretCodeReceiver
09-25 23:07:06.066  3567  3567 V PackageManager: Disabling com.google.android.gms/com.google.android.gms.update.SystemUpdateServiceReceiver
09-25 23:07:06.066  3567  3567 W PackageManager: Unable to disable com.google.android.gms/com.google.android.gms.update.SystemUpdateServiceReceiver
09-25 23:07:06.066  3567  3567 V PackageManager: Enabling com.google.android.gsf/com.google.android.gsf.update.SystemUpdateService
09-25 23:07:06.066  3567  3567 W PackageManager: Unable to enable com.google.android.gsf/com.google.android.gsf.update.SystemUpdateService
09-25 23:07:06.066  3567  3567 V PackageManager: Enabling com.google.android.gms/com.google.android.gms.update.SystemUpdateService
09-25 23:07:06.066  3567  3567 W PackageManager: Unable to enable com.google.android.gms/com.google.android.gms.update.SystemUpdateService
09-25 23:07:06.091  3567  3567 D PackageManager: Ephemeral resolver NOT found; no matching intent filters
09-25 23:07:06.091  3567  3567 I PackageManager: Ephemeral deactivated; missing resolver and installer
09-25 23:07:06.104  3567  3567 I SystemServer: StartOtaDexOptService
09-25 23:07:06.105  3567  3567 I SystemServer: StartUserManagerService
09-25 23:07:06.105  3567  3567 I SystemServiceManager: Starting com.android.server.pm.UserManagerService$LifeCycle
09-25 23:07:06.111  3173  3173 I lowmemorykiller: ActivityManager connected
09-25 23:07:06.111  3567  3567 I SystemServiceManager: Starting com.android.server.BatteryService
09-25 23:07:06.111  3567  3613 I chatty  : uid=1000 system_server expire 72 lines
09-25 23:07:06.119  3613  3613 I StartSensorThre: type=1400 audit(0.0:119): avc: denied { read } for name="max_hrm" dev="tmpfs" ino=16887 scontext=u:r:system_server:s0 tcontext=u:object_r:device:s0 tclass=chr_file permissive=1
09-25 23:07:06.119  3613  3613 I StartSensorThre: type=1400 audit(0.0:119): avc: denied { open } for path="/dev/max_hrm" dev="tmpfs" ino=16887 scontext=u:r:system_server:s0 tcontext=u:object_r:device:s0 tclass=chr_file permissive=1
09-25 23:07:06.119  3613  3613 W StartSensorThre: type=1300 audit(0.0:119): arch=c00000b7 syscall=56 success=yes exit=72 a0=ffffff9c a1=7f7ce3a7f0 a2=0 a3=0 items=0 ppid=3190 auid=4294967295 uid=1000 gid=1000 euid=1000 suid=1000 fsuid=1000 egid=1000 sgid=1000 fsgid=1000 tty=(none) ses=4294967295 exe="/system/bin/app_process64" subj=u:r:system_server:s0 key=(null)
09-25 23:07:06.119  3087  3087 W auditd  : type=1327 audit(0.0:119): proctitle="system_server"
09-25 23:07:06.119  3087  3087 W auditd  : type=1320 audit(0.0:119): 
09-25 23:07:06.144  3567  3567 I SystemServiceManager: Starting com.android.server.usage.UsageStatsService
09-25 23:07:06.154  3567  3567 I SystemServiceManager: Starting com.android.server.webkit.WebViewUpdateService
09-25 23:07:06.157  3567  3567 I SystemServer: Reading configuration...
09-25 23:07:06.157  3567  3567 I SystemServer: StartSchedulingPolicyService
09-25 23:07:06.158  3567  3567 I SystemServiceManager: Starting com.android.server.telecom.TelecomLoaderService
09-25 23:07:06.158  3567  3567 I SystemServer: StartTelephonyRegistry
09-25 23:07:06.161  3567  3567 I SystemServer: StartEntropyMixer
09-25 23:07:06.179  3613  3613 I StartSensorThre: type=1400 audit(0.0:120): avc: denied { setattr } for name="version" dev="sda3" ino=48 scontext=u:r:system_server:s0 tcontext=u:object_r:app_efs_file:s0 tclass=file permissive=1
09-25 23:07:06.179  3613  3613 W StartSensorThre: type=1300 audit(0.0:120): arch=c00000b7 syscall=54 success=yes exit=0 a0=ffffff9c a1=7f7ce293b9 a2=3e8 a3=3e9 items=0 ppid=3190 auid=4294967295 uid=1000 gid=1000 euid=1000 suid=1000 fsuid=1000 egid=1000 sgid=1000 fsgid=1000 tty=(none) ses=4294967295 exe="/system/bin/app_process64" subj=u:r:system_server:s0 key=(null)
09-25 23:07:06.179  3087  3087 W auditd  : type=1327 audit(0.0:120): proctitle="system_server"
09-25 23:07:06.179  3087  3087 W auditd  : type=1320 audit(0.0:120): 
09-25 23:07:06.180  3567  3567 I EntropyMixer: Added HW RNG output to entropy pool
09-25 23:07:06.180  3567  3567 I EntropyMixer: Writing entropy...
09-25 23:07:06.185  3567  3567 I SystemServer: Camera Service
09-25 23:07:06.186  3567  3567 I SystemServiceManager: Starting com.android.server.camera.CameraService
09-25 23:07:06.187  3567  3617 I ServiceThread: Enabled StrictMode logging for CameraService_proxy looper.
09-25 23:07:06.188  3567  3567 I SystemServer: StartAccountManagerService
09-25 23:07:06.188  3567  3567 I SystemServiceManager: Starting com.android.server.accounts.AccountManagerService$Lifecycle
09-25 23:07:06.193  3567  3567 I SystemServer: StartContentService
09-25 23:07:06.193  3567  3567 I SystemServiceManager: Starting com.android.server.content.ContentService$Lifecycle
09-25 23:07:06.194  3567  3616 I chatty  : uid=1000(system) StartSensorThre expire 1 line
09-25 23:07:06.195  3567  3567 I SystemServer: InstallSystemProviders
09-25 23:07:06.209  3567  3613 E ActivityManager: No such permission: com.samsung.permission.HRM_EXT
09-25 23:07:06.209  3567  3613 E ActivityManager: android.content.pm.PackageManager$NameNotFoundException: com.samsung.permission.HRM_EXT
09-25 23:07:06.209  3567  3613 E ActivityManager: 	at android.app.ApplicationPackageManager.getPermissionInfo(ApplicationPackageManager.java:271)
09-25 23:07:06.209  3567  3613 E ActivityManager: 	at com.android.server.am.ActivityManagerService$PermissionController.isRuntimePermission(ActivityManagerService.java:7911)
09-25 23:07:06.209  3567  3613 E ActivityManager: 	at android.os.IPermissionController$Stub.onTransact(IPermissionController.java:75)
09-25 23:07:06.209  3567  3613 E ActivityManager: 	at android.os.Binder.execTransact(Binder.java:565)
09-25 23:07:06.210  3567  3613 E ActivityManager: No such permission: com.samsung.permission.HRM_EXT
09-25 23:07:06.210  3567  3613 E ActivityManager: android.content.pm.PackageManager$NameNotFoundException: com.samsung.permission.HRM_EXT
09-25 23:07:06.210  3567  3613 E ActivityManager: 	at android.app.ApplicationPackageManager.getPermissionInfo(ApplicationPackageManager.java:271)
09-25 23:07:06.210  3567  3613 E ActivityManager: 	at com.android.server.am.ActivityManagerService$PermissionController.isRuntimePermission(ActivityManagerService.java:7911)
09-25 23:07:06.210  3567  3613 E ActivityManager: 	at android.os.IPermissionController$Stub.onTransact(IPermissionController.java:75)
09-25 23:07:06.210  3567  3613 E ActivityManager: 	at android.os.Binder.execTransact(Binder.java:565)
09-25 23:07:06.211  3567  3613 E ActivityManager: No such permission: com.samsung.permission.SSENSOR
09-25 23:07:06.211  3567  3613 E ActivityManager: android.content.pm.PackageManager$NameNotFoundException: com.samsung.permission.SSENSOR
09-25 23:07:06.211  3567  3613 E ActivityManager: 	at android.app.ApplicationPackageManager.getPermissionInfo(ApplicationPackageManager.java:271)
09-25 23:07:06.211  3567  3613 E ActivityManager: 	at com.android.server.am.ActivityManagerService$PermissionController.isRuntimePermission(ActivityManagerService.java:7911)
09-25 23:07:06.211  3567  3613 E ActivityManager: 	at android.os.IPermissionController$Stub.onTransact(IPermissionController.java:75)
09-25 23:07:06.211  3567  3613 E ActivityManager: 	at android.os.Binder.execTransact(Binder.java:565)
09-25 23:07:06.211  3567  3613 E ActivityManager: No such permission: com.samsung.permission.SSENSOR
09-25 23:07:06.211  3567  3613 E ActivityManager: android.content.pm.PackageManager$NameNotFoundException: com.samsung.permission.SSENSOR
09-25 23:07:06.211  3567  3613 E ActivityManager: 	at android.app.ApplicationPackageManager.getPermissionInfo(ApplicationPackageManager.java:271)
09-25 23:07:06.211  3567  3613 E ActivityManager: 	at com.android.server.am.ActivityManagerService$PermissionController.isRuntimePermission(ActivityManagerService.java:7911)
09-25 23:07:06.211  3567  3613 E ActivityManager: 	at android.os.IPermissionController$Stub.onTransact(IPermissionController.java:75)
09-25 23:07:06.211  3567  3613 E ActivityManager: 	at android.os.Binder.execTransact(Binder.java:565)
09-25 23:07:06.212  3567  3613 E ActivityManager: No such permission: com.samsung.permission.SSENSOR
09-25 23:07:06.212  3567  3613 E ActivityManager: android.content.pm.PackageManager$NameNotFoundException: com.samsung.permission.SSENSOR
09-25 23:07:06.212  3567  3613 E ActivityManager: 	at android.app.ApplicationPackageManager.getPermissionInfo(ApplicationPackageManager.java:271)
09-25 23:07:06.212  3567  3613 E ActivityManager: 	at com.android.server.am.ActivityManagerService$PermissionController.isRuntimePermission(ActivityManagerService.java:7911)
09-25 23:07:06.212  3567  3613 E ActivityManager: 	at android.os.IPermissionController$Stub.onTransact(IPermissionController.java:75)
09-25 23:07:06.212  3567  3613 E ActivityManager: 	at android.os.Binder.execTransact(Binder.java:565)
09-25 23:07:06.214  3567  3613 E ActivityManager: No such permission: com.samsung.permission.SSENSOR
09-25 23:07:06.214  3567  3613 E ActivityManager: android.content.pm.PackageManager$NameNotFoundException: com.samsung.permission.SSENSOR
09-25 23:07:06.214  3567  3613 E ActivityManager: 	at android.app.ApplicationPackageManager.getPermissionInfo(ApplicationPackageManager.java:271)
09-25 23:07:06.214  3567  3613 E ActivityManager: 	at com.android.server.am.ActivityManagerService$PermissionController.isRuntimePermission(ActivityManagerService.java:7911)
09-25 23:07:06.214  3567  3613 E ActivityManager: 	at android.os.IPermissionController$Stub.onTransact(IPermissionController.java:75)
09-25 23:07:06.214  3567  3613 E ActivityManager: 	at android.os.Binder.execTransact(Binder.java:565)
09-25 23:07:06.215  3567  3618 I chatty  : uid=1000(system) SensorEventAckR expire 1 line
09-25 23:07:06.215  3567  3619 I chatty  : uid=1000(system) SensorService expire 1 line
09-25 23:07:06.228  3567  3567 I SystemServer: StartVibratorService
09-25 23:07:06.231  3567  3567 I SystemServer: StartConsumerIrService
09-25 23:07:06.232  3567  3567 I SystemServer: StartAlarmManagerService
09-25 23:07:06.232  3567  3567 I SystemServiceManager: Starting com.android.server.AlarmManagerService
09-25 23:07:06.235  3567  3567 I SystemServer: InitWatchdog
09-25 23:07:06.235  3567  3567 I SystemServer: StartInputManagerService
09-25 23:07:06.236  3567  3567 I InputManager: Initializing input manager, mUseDevInputEventForAudioJack=false
09-25 23:07:06.237  3567  3567 I SystemServer: StartWindowManagerService
09-25 23:07:06.250  3567  3592 I WindowManager: No existing display settings /data/system/display_settings.xml; starting empty
09-25 23:07:06.257  3567  3586 I chatty  : uid=1000(system) android.ui expire 9 lines
09-25 23:07:06.258  3194  3194 E CameraService: getCameraVendorTagDescriptor: camera hardware module doesn't exist
09-25 23:07:06.324  3567  3567 I SystemServer: StartVrManagerService
09-25 23:07:06.324  3567  3567 I SystemServiceManager: Starting com.android.server.vr.VrManagerService
09-25 23:07:06.328  3567  3567 I InputManager: Starting input manager
09-25 23:07:06.329  3567  3639 I chatty  : uid=1000(system) InputReader expire 40 lines
09-25 23:07:06.338  3567  3567 I SystemServiceManager: Starting com.android.server.BluetoothService
09-25 23:07:06.341  3567  3567 D BluetoothManagerService: Loading stored name and address
09-25 23:07:06.341  3567  3567 D BluetoothManagerService: Stored bluetooth Name=Samsung Galaxy S7 Edge,Address=F0:EE:10:4B:C6:7D
09-25 23:07:06.341  3567  3567 D BluetoothManagerService: Bluetooth persisted state: 0
09-25 23:07:06.341  3567  3567 I SystemServer: ConnectivityMetricsLoggerService
09-25 23:07:06.341  3567  3567 I SystemServiceManager: Starting com.android.server.connectivity.MetricsLoggerService
09-25 23:07:06.342  3567  3567 I SystemServer: IpConnectivityMetrics
09-25 23:07:06.342  3567  3567 I SystemServiceManager: Starting com.android.server.connectivity.IpConnectivityMetrics
09-25 23:07:06.343  3567  3567 I SystemServer: PinnerService
09-25 23:07:06.343  3567  3567 I SystemServiceManager: Starting com.android.server.PinnerService
09-25 23:07:06.344  3567  3567 I SystemServiceManager: Starting com.android.server.InputMethodManagerService$Lifecycle
09-25 23:07:06.365  3567  3567 I SystemServer: StartAccessibilityManagerService
09-25 23:07:06.380  3567  3567 I ActivityManager: Config changes=1df8 {1.0 ?mcc?mnc [es_ES] ldltr sw411dp w411dp h845dp 560dpi nrml long port ?uimode ?night -touch -keyb/h/h -nav/h s.2}
09-25 23:07:06.383  3567  3592 I ActivityManager: Config changes=400 {1.0 ?mcc?mnc [es_ES] ldltr sw411dp w411dp h773dp 560dpi nrml long port ?uimode ?night -touch -keyb/h/h -nav/h s.3}
09-25 23:07:06.385  3567  3592 W LocalDisplayAdapter: Unable to find color mode 0, ignoring request.
09-25 23:07:06.389  3567  3584 I UsageStatsService: User[0] Rollover scheduled @ 2017-09-26 23:02:51(1506477771554)
09-25 23:07:06.397  3567  3567 W LocalDisplayAdapter: Unable to find color mode 0, ignoring request.
09-25 23:07:06.397  3567  3567 I SystemServiceManager: Starting com.android.server.MountService$Lifecycle
09-25 23:07:06.401  3567  3640 D MountService: Thinking about init, mSystemReady=false, mDaemonConnected=true
09-25 23:07:06.401  3567  3640 D MountService: Thinking about reset, mSystemReady=false, mDaemonConnected=true
09-25 23:07:06.401  3567  3567 I SystemServiceManager: Starting com.android.server.UiModeManagerService
09-25 23:07:06.401  3567  3640 D MountService: Thinking about init, mSystemReady=false, mDaemonConnected=true
09-25 23:07:06.401  3567  3640 D MountService: Thinking about reset, mSystemReady=false, mDaemonConnected=true
09-25 23:07:06.402  3567  3640 D CryptdConnector: SND -> {1 cryptfs getfield SystemLocale}
09-25 23:07:06.402  3567  3642 D CryptdConnector: RCV <- {200 1 -1}
09-25 23:07:06.402  3567  3567 I ActivityManager: Config changes=200 {1.0 ?mcc?mnc [es_ES] ldltr sw411dp w411dp h773dp 560dpi nrml long port -touch -keyb/h/h -nav/h s.4}
09-25 23:07:06.403  3567  3640 W MountService: No primary storage mounted!
09-25 23:07:06.403  3567  3640 D VoldConnector: SND -> {1 asec list}
09-25 23:07:06.404  3567  3641 D VoldConnector: RCV <- {400 1 Failed to open asec dir (No such file or directory)}
09-25 23:07:06.404  3567  3640 I chatty  : uid=1000(system) MountService expire 3 lines
09-25 23:07:06.404  3567  3640 W PackageManager: Unknown permission com.google.android.googleapps.permission.GOOGLE_AUTH in package com.android.providers.calendar
09-25 23:07:06.404  3567  3640 W PackageManager: Unknown permission com.google.android.googleapps.permission.GOOGLE_AUTH.cl in package com.android.providers.calendar
09-25 23:07:06.404  3567  3640 W PackageManager: Unknown permission cyanogenmod.permission.LEGALESE in package com.cyanogenmod.setupwizard
09-25 23:07:06.404  3567  3640 W PackageManager: Unknown permission com.android.gallery3d.permission.STORAGE_CHANGE in package com.android.camera2
09-25 23:07:06.405  3567  3640 W PackageManager: Unknown permission android.permission.NFC_UNLOCK in package com.android.nfc
09-25 23:07:06.405  3567  3640 W PackageManager: Unknown permission com.google.android.googleapps.permission.GOOGLE_AUTH.mail in package com.android.calendar
09-25 23:07:06.405  3567  3640 W PackageManager: Unknown permission com.android.launcher.permission.READ_SETTINGS in package com.android.onetimeinitializer
09-25 23:07:06.405  3567  3640 W PackageManager: Unknown permission com.android.launcher.permission.WRITE_SETTINGS in package com.android.onetimeinitializer
09-25 23:07:06.405  3567  3640 W PackageManager: Unknown permission com.android.launcher.permission.READ_SETTINGS in package com.cyanogenmod.trebuchet
09-25 23:07:06.405  3567  3640 W PackageManager: Unknown permission com.android.launcher.permission.WRITE_SETTINGS in package com.cyanogenmod.trebuchet
09-25 23:07:06.405  3567  3640 W PackageManager: Unknown permission com.google.android.permission.INSTALL_WEARABLE_PACKAGES in package com.android.packageinstaller
09-25 23:07:06.405  3567  3640 W PackageManager: Not granting permission android.permission.DELETE_PACKAGES to package com.svox.pico (protectionLevel=18 flags=0x3808be45)
09-25 23:07:06.405  3567  3640 W PackageManager: Unknown permission com.google.android.gallery3d.permission.PICASA_STORE in package com.android.dreams.phototable
09-25 23:07:06.405  3567  3640 W PackageManager: Unknown permission com.google.android.googleapps.permission.GOOGLE_AUTH in package com.android.settings
09-25 23:07:06.405  3567  3567 I SystemServer: StartLockSettingsService
09-25 23:07:06.405  3567  3640 W PackageManager: Unknown permission com.android.launcher.permission.READ_SETTINGS in package com.android.settings
09-25 23:07:06.405  3567  3640 W PackageManager: Unknown permission com.android.launcher.permission.WRITE_SETTINGS in package com.android.settings
09-25 23:07:06.405  3567  3567 I SystemServiceManager: Starting com.android.server.LockSettingsService$Lifecycle
09-25 23:07:06.406  3567  3640 W PackageManager: Not granting permission android.permission.MANAGE_DOCUMENTS to package com.android.deskclock (protectionLevel=2 flags=0x3c49be45)
09-25 23:07:06.406  3567  3640 W PackageManager: Unknown permission com.android.deskclock.worldclock.permissions.WRITE_DATABASE in package com.android.deskclock
09-25 23:07:06.406  3567  3640 W PackageManager: Unknown permission org.codeaurora.permission.POWER_ON_ALERT in package com.android.deskclock
09-25 23:07:06.406  3567  3640 W PackageManager: Not granting permission android.permission.WRITE_SECURE_SETTINGS to package com.android.deskclock (protectionLevel=50 flags=0x3c49be45)
09-25 23:07:06.406  3567  3640 W PackageManager: Unknown permission com.cyanogenmod.lockclock.permission.READ_WEATHER in package com.android.systemui
09-25 23:07:06.406  3567  3640 W PackageManager: Unknown permission com.google.android.gallery3d.permission.GALLERY_PROVIDER in package com.android.bluetooth
09-25 23:07:06.406  3567  3640 W PackageManager: Unknown permission com.google.android.googleapps.permission.ACCESS_GOOGLE_PASSWORD in package com.android.development
09-25 23:07:06.406  3567  3640 W PackageManager: Unknown permission com.google.android.googleapps.permission.GOOGLE_AUTH in package com.android.development
09-25 23:07:06.406  3567  3640 W PackageManager: Unknown permission com.google.android.googleapps.permission.GOOGLE_AUTH.ALL_SERVICES in package com.android.development
09-25 23:07:06.406  3567  3640 W PackageManager: Unknown permission com.google.android.googleapps.permission.GOOGLE_AUTH.YouTubeUser in package com.android.development
09-25 23:07:06.411  3567  3641 D VoldConnector: RCV <- {200 1 asec operation succeeded}
09-25 23:07:06.431  3567  3567 I SystemServiceManager: Starting com.android.server.DeviceIdleController
09-25 23:07:06.456  3567  3640 W MountService: No primary storage mounted!
09-25 23:07:06.456  3567  3640 D VoldConnector: SND -> {2 asec list}
09-25 23:07:06.457  3567  3641 D VoldConnector: RCV <- {400 2 Failed to open asec dir (No such file or directory)}
09-25 23:07:06.457  3567  3641 D VoldConnector: RCV <- {200 2 asec operation succeeded}
09-25 23:07:06.457  3567  3567 I SystemServiceManager: Starting com.android.server.devicepolicy.DevicePolicyManagerService$Lifecycle
09-25 23:07:06.469  3567  3567 I SystemServer: StartStatusBarManagerService
09-25 23:07:06.471  3567  3567 I SystemServer: StartClipboardService
09-25 23:07:06.472  3567  3567 I SystemServer: StartNetworkManagementService
09-25 23:07:06.474  3567  3643 I NetworkManagement: onDaemonConnected()
09-25 23:07:06.476  3567  3567 I SystemServiceManager: Starting com.android.server.TextServicesManagerService$Lifecycle
09-25 23:07:06.478  3567  3567 I SystemServer: StartNetworkScoreService
09-25 23:07:06.479  3567  3567 I SystemServer: StartNetworkStatsService
09-25 23:07:06.483  3567  3567 I SystemServer: StartNetworkPolicyManagerService
09-25 23:07:06.486  3567  3567 I SystemServer: No Wi-Fi NAN Service (NAN support Not Present)
09-25 23:07:06.486  3567  3567 I SystemServiceManager: Starting com.android.server.wifi.p2p.WifiP2pService
09-25 23:07:06.510  3567  3567 I SystemServiceManager: Starting com.android.server.wifi.WifiService
09-25 23:07:06.568  3201  3546 D CommandListener: Clearing all IP addresses on wlan0
09-25 23:07:06.666  3185  3185 D wrapperGPS: wrapperConnect_RILD
09-25 23:07:06.666  3185  3185 D gpsd    : WakeLock(Acquire,GPSD)
09-25 23:07:06.666  3185  3185 D gpsd    : WakeLock(Release,GPSD)
09-25 23:07:06.666  3185  3185 D gpsd    : WakeLock(Acquire,GPSD)
09-25 23:07:06.666  3185  3185 D gpsd    : WakeLock(Release,GPSD)
09-25 23:07:06.769  3567  3649 I chatty  : uid=1000(system) WifiStateMachin expire 1 line
09-25 23:07:06.781  3567  3567 I SystemServiceManager: Starting com.android.server.wifi.scanner.WifiScanningService
09-25 23:07:06.784  3567  3567 I SystemServiceManager: Starting com.android.server.wifi.RttService
09-25 23:07:06.785  3567  3567 I SystemServiceManager: Starting com.android.server.ethernet.EthernetService
09-25 23:07:06.787  3567  3567 I SystemServer: StartConnectivityService
09-25 23:07:06.790  3567  3567 D ConnectivityService: ConnectivityService starting up
09-25 23:07:06.792  3567  3567 D ConnectivityService: wifiOnly=false
09-25 23:07:06.798  3567  3567 I SystemServer: StartNsdService
09-25 23:07:06.800  3567  3567 I SystemServer: StartUpdateLockService
09-25 23:07:06.801  3567  3567 I SystemServiceManager: Starting com.android.server.RecoverySystemService
09-25 23:07:06.802  3567  3567 I SystemServiceManager: Starting com.android.server.notification.NotificationManagerService
09-25 23:07:06.809  3567  3567 D ConditionProviders.SCP: new ScheduleConditionProvider()
09-25 23:07:06.811  3567  3567 D ZenLog  : config: readXml,ZenModeConfig[user=0,allowCalls=true,allowRepeatCallers=false,allowMessages=false,allowCallsFrom=contacts,allowMessagesFrom=contacts,allowReminders=true,allowEvents=true,allowWhenScreenOff=true,allowWhenScreenOn=true,automaticRules={fe5fa5e82aaa4256b51821ee60addaeb=ZenRule[enabled=false,snoozing=false,name=Weeknight,zenMode=ZEN_MODE_ALARMS,conditionId=condition://android/schedule?days=1.2.3.4.5&start=22.0&end=7.0&exitAtAlarm=false,condition=Condition[id=condition://android/schedule?days=1.2.3.4.5&start=22.0&end=7.0&exitAtAlarm=false,summary=...,line1=...,line2=...,icon=0,state=STATE_TRUE,flags=2],component=ComponentInfo{android/com.android.server.notification.ScheduleConditionProvider},id=fe5fa5e82aaa4256b51821ee60addaeb,creationTime=1506391394968,enabler=null], 243cda6ff53b4fecadd4c6a126c6bd6e=ZenRule[enabled=false,snoozing=false,name=Weekend,zenMode=ZEN_MODE_ALARMS,conditionId=condition://android/schedule?days=6.7&start=23.30&end=10.0&exitAtAlarm=false,condition=Condition[id=condition://android/schedule?days=6.7&start=23.30&end=10.0&exitAtAlarm=false,summary=...,line1=...,line2=...,icon=0,state=STATE_FALSE,flags=2],component=ComponentInfo{android/com.android.server.notification.ScheduleConditionProvider},id=243cda6ff53b4fecadd4c6a126c6bd6e,creationTime=1506391394968,enabler=null], 9d6b88937ad046f5b997567c2c125fbb=ZenRule[enabled=false,snoozing=false,name=Event,zenMode=ZEN_MODE_ALARMS,conditionId=condition://android/event?userId=-10000&calendar=&reply=1,condition=Condition[id=condition://android/event?userId=-10000&calendar=&reply=1,summary=...,line1=...,line2=...,icon=0,state=STATE_FALSE,flags=2],component=ComponentInfo{android/com.android.server.notification.EventConditionProvider},id=9d6b88937ad046f5b997567c2c125fbb,creationTime=1506391394968,enabler=null]},manualRule=null],Diff[automaticRule[dc6ee6f3e576494c834605fb28f1555c]:delete,automaticRule[fe5fa5e82aaa4256b51821ee60addaeb]:insert,automaticRule[243cda6ff53b4fecadd4c6a126c6bd6e]:insert,automaticRule[9d6b88937ad046f5b997567c2c125fbb]:insert,automaticRule[2b1f469a816440c49351fecbe627fb12]:delete,automaticRule[a4d3b603cef4408c80603db41a19cb04]:delete]
09-25 23:07:06.814  3567  3567 D ZenLog  : set_zen_mode: off,init
09-25 23:07:06.819  3567  3567 I SystemServiceManager: Starting com.android.server.storage.DeviceStorageMonitorService
09-25 23:07:06.821  3567  3567 I SystemServer: StartLocationManagerService
09-25 23:07:06.823  3567  3567 I SystemServer: StartCountryDetectorService
09-25 23:07:06.824  3567  3567 I SystemServer: StartSearchManagerService
09-25 23:07:06.824  3567  3567 I SystemServiceManager: Starting com.android.server.search.SearchManagerService$Lifecycle
09-25 23:07:06.826  3567  3567 I SystemServiceManager: Starting com.android.server.DropBoxManagerService
09-25 23:07:06.827  3567  3567 I SystemServer: StartWallpaperManagerService
09-25 23:07:06.827  3567  3567 I SystemServiceManager: Starting com.android.server.wallpaper.WallpaperManagerService$Lifecycle
09-25 23:07:06.828  3567  3567 E WallpaperManagerService: Invalid wallpaper data
09-25 23:07:06.828  3567  3567 E WallpaperManagerService: Unable to apply new wallpaper
09-25 23:07:06.829  3567  3567 I SystemServer: StartAudioService
09-25 23:07:06.829  3567  3567 I SystemServiceManager: Starting com.android.server.audio.AudioService$Lifecycle
09-25 23:07:06.834  3193  3434 D PermissionCache: checking android.permission.MODIFY_AUDIO_SETTINGS for uid=1000 => granted (551 us)
09-25 23:07:06.834  3193  3434 I APM_AudioPolicyManager: setForceUse() usage 4, config 0, mPhoneState 0
09-25 23:07:06.834  3193  3434 W APM_AudioPolicyManager: setForceUse() usage 4, config 0 is Already setted
09-25 23:07:06.835  3193  3193 I APM_AudioPolicyManager: setForceUse() usage 3, config 8, mPhoneState 0
09-25 23:07:06.835  3193  3434 I APM_AudioPolicyManager: setForceUse() usage 6, config 0, mPhoneState 0
09-25 23:07:06.835  3193  3434 W APM_AudioPolicyManager: setForceUse() usage 6, config 0 is Already setted
09-25 23:07:06.845  3567  3567 I SystemServiceManager: Starting com.android.server.DockObserver
09-25 23:07:06.846  3567  3567 I SystemServer: StartWiredAccessoryManager
09-25 23:07:06.847  3567  3567 W WiredAccessoryManager: This kernel does not have usb audio support
09-25 23:07:06.847  3567  3567 I SystemServiceManager: Starting com.android.server.usb.UsbService$Lifecycle
09-25 23:07:06.853  3567  3638 I ActivityManager: Config changes=8 {1.0 ?mcc?mnc [es_ES] ldltr sw411dp w411dp h773dp 560dpi nrml long port finger -keyb/h/h -nav/h s.5}
09-25 23:07:06.860  3567  3567 E UsbDeviceManager: failed to write to /sys/class/android_usb/android0/f_rndis/ethaddr
09-25 23:07:06.861  3567  3567 I UsbDeviceManager: Setting USB config to adb
09-25 23:07:06.862  3567  3573 I chatty  : uid=1000 system_server expire 2 lines
09-25 23:07:07.915  3567  3567 E UsbDeviceManager: waitForState(adb) FAILED: got none
09-25 23:07:07.915  3567  3567 E UsbDeviceManager: Failed to switch USB config to adb
09-25 23:07:07.915  3567  3567 E UsbDeviceManager: Failsafe 2: Restoring default USB functions.
09-25 23:07:07.915  3567  3567 I UsbDeviceManager: Setting USB config to adb
09-25 23:07:07.969  3567  3567 I SystemServer: StartSerialService
09-25 23:07:07.970  3567  3567 I SystemServiceManager: Starting com.android.server.twilight.TwilightService
09-25 23:07:07.970  3567  3567 I SystemServiceManager: Starting com.android.server.job.JobSchedulerService
09-25 23:07:07.972  3567  3567 D JobStore: Start tag: job-info
09-25 23:07:07.975  3567  3567 I SystemServiceManager: Starting com.android.server.soundtrigger.SoundTriggerService
09-25 23:07:07.976  3567  3567 I SystemServiceManager: Starting com.android.server.backup.BackupManagerService$Lifecycle
09-25 23:07:07.977  3567  3567 I SystemServiceManager: Starting com.android.server.appwidget.AppWidgetService
09-25 23:07:07.981  3567  3567 I SystemServiceManager: Starting com.android.server.voiceinteraction.VoiceInteractionManagerService
09-25 23:07:07.982  3567  3567 I SystemServer: Gesture Launcher Service
09-25 23:07:07.982  3567  3567 I SystemServiceManager: Starting com.android.server.GestureLauncherService
09-25 23:07:07.982  3567  3567 I SystemServiceManager: Starting com.android.server.SensorNotificationService
09-25 23:07:07.982  3567  3567 I SystemServiceManager: Starting com.android.server.ContextHubSystemService
09-25 23:07:07.983  3567  3567 I SystemServer: StartDiskStatsService
09-25 23:07:07.985  3567  3567 I SystemServer: StartSamplingProfilerService
09-25 23:07:07.989  3567  3567 I SystemServer: StartNetworkTimeUpdateService
09-25 23:07:07.990  3567  3567 I SystemServer: StartCommonTimeManagementService
09-25 23:07:07.991  3567  3567 I SystemServer: CertBlacklister
09-25 23:07:07.991  3567  3567 I SystemServiceManager: Starting com.android.server.emergency.EmergencyAffordanceService
09-25 23:07:07.991  3567  3567 I SystemServiceManager: Starting com.android.server.dreams.DreamManagerService
09-25 23:07:07.992  3567  3567 I SystemServer: StartAssetAtlasService
09-25 23:07:07.994  3567  3671 I chatty  : uid=1000 system_server expire 2 lines
09-25 23:07:07.994  3567  3567 I SystemServiceManager: Starting com.android.server.print.PrintManagerService
09-25 23:07:08.004  3567  3567 I SystemServiceManager: Starting com.android.server.restrictions.RestrictionsManagerService
09-25 23:07:08.006  3567  3567 I SystemServiceManager: Starting com.android.server.media.MediaSessionService
09-25 23:07:08.009  3567  3567 I SystemServer: StartMediaRouterService
09-25 23:07:08.010  3567  3567 I SystemServiceManager: Starting com.android.server.trust.TrustManagerService
09-25 23:07:08.013  3567  3567 I SystemServiceManager: Starting com.android.server.fingerprint.FingerprintService
09-25 23:07:08.017  3202  3202 D PermissionCache: checking android.permission.MANAGE_FINGERPRINT for uid=1000 => granted (837 us)
09-25 23:07:08.017  3202  3202 V fingerprintd: nativeOpenHal()
09-25 23:07:08.023  3202  3202 D bauth_service: BAuthService, 155
09-25 23:07:08.023  3202  3202 D bauth_service: BAuthService, 54
09-25 23:07:08.023  3202  3202 D bauth_service: BAuthService, 85
09-25 23:07:08.023  3202  3202 D bauth_service: BAuthService, 197
09-25 23:07:08.024  3202  3202 D bauth_FPBAuthService: FPBAuthService, 8045
09-25 23:07:08.024  3202  3202 D bauth_FPBAuthService: 5, 7
09-25 23:07:08.024  3202  3202 D bauth_FPBAuthService: w1, s0
09-25 23:07:08.024  3202  3202 D bauth_FPBAuthSensorControl: FPBAuthSensorControl, 59
09-25 23:07:08.024  3202  3202 D bauth_FPBAuthService: FPBAuthService, 248
09-25 23:07:08.024  3202  3202 D bauth_FPBAuthService: FPBAuthService, 7971
09-25 23:07:08.024  3202  3202 D bauth_FPBAuthService: -1, 3
09-25 23:07:08.024  3202  3202 D bauth_FPBAuthService: FPBAuthService, 649
09-25 23:07:08.024  3202  3202 D bauth_FPBAuthSensorControl: FPBAuthSensorControl, 304
09-25 23:07:08.024  3202  3202 D bauth_FPBAuthService: FPBAuthService, 666
09-25 23:07:08.024  3202  3202 D bauth_FPBAuthService: FPBAuthService, 7879
09-25 23:07:08.024  3202  3202 I TLC_BAUTH: FUNC ID 0x1 is completed;437
09-25 23:07:08.024  3202  3202 I TLC_BAUTH: Call FUNC ID 0x3 , 5;477
09-25 23:07:08.024  3202  3202 I tlc_communication: tlc_open() called;82
09-25 23:07:08.024  3202  3202 I tlc_communication: Opening MobiCore device;86
09-25 23:07:08.024  3075  3155 E TeeMcDaemon: Insufficient data arrived [hardware/samsung_slsi/exynos8895/mobicore_kinibi400/Daemon/src/RegistryServer.cpp:404]
09-25 23:07:08.025  3202  3202 E McClient:   *****************************
09-25 23:07:08.025  3202  3202 E McClient:   *** ERROR: reading from Daemon failed
09-25 23:07:08.025  3202  3202 E McClient:   *** Detected in getDaemonVersion/1472()
09-25 23:07:08.025  3202  3202 E McClient:   *****************************
09-25 23:07:08.025  3202  3202 E tlc_communication:   *****************************
09-25 23:07:08.025  3202  3202 E tlc_communication:   *** ERROR: Opening MobiCore device is failed : 15
09-25 23:07:08.025  3202  3202 E tlc_communication:   *** Detected in tlc_open/94()
09-25 23:07:08.025  3202  3202 E tlc_communication:   *****************************
09-25 23:07:08.025  3202  3202 E TLC_BAUTH:   *****************************
09-25 23:07:08.025  3202  3202 E TLC_BAUTH:   *** ERROR: Open Trustlet Session is failed!!!
09-25 23:07:08.025  3202  3202 E TLC_BAUTH:   *** Detected in BAuth_SessionOpen/531()
09-25 23:07:08.025  3202  3202 E TLC_BAUTH:   *****************************
09-25 23:07:08.025  3202  3202 I tlc_communication: tlc_close() called;149
09-25 23:07:08.025  3202  3202 I tlc_communication: Closing the session;153
09-25 23:07:08.025  3202  3202 E McClient:   *****************************
09-25 23:07:08.025  3202  3202 E McClient:   *** ERROR: Device has not been found
09-25 23:07:08.025  3202  3202 E McClient:   *** Detected in mcCloseSession/906()
09-25 23:07:08.025  3202  3202 E McClient:   *****************************
09-25 23:07:08.025  3202  3202 E tlc_communication:   *****************************
09-25 23:07:08.025  3202  3202 E tlc_communication:   *** ERROR: Closing the Driver session is failed : 7
09-25 23:07:08.025  3202  3202 E tlc_communication:   *** Detected in tlc_close/157()
09-25 23:07:08.025  3202  3202 E tlc_communication:   *****************************
09-25 23:07:08.025  3202  3202 E McClient:   *****************************
09-25 23:07:08.025  3202  3202 E McClient:   *** ERROR: Device has not been found
09-25 23:07:08.025  3202  3202 E McClient:   *** Detected in mcCloseSession/906()
09-25 23:07:08.025  3202  3202 E McClient:   *****************************
09-25 23:07:08.025  3202  3202 E tlc_communication:   *****************************
09-25 23:07:08.025  3202  3202 E tlc_communication:   *** ERROR: Closing the Trustlet session is failed : 7
09-25 23:07:08.025  3202  3202 E tlc_communication:   *** Detected in tlc_close/164()
09-25 23:07:08.025  3202  3202 E tlc_communication:   *****************************
09-25 23:07:08.025  3202  3202 I tlc_communication: Free WSM;171
09-25 23:07:08.025  3202  3202 E McClient:   *****************************
09-25 23:07:08.025  3202  3202 E McClient:   *** ERROR: Device has not been found
09-25 23:07:08.025  3202  3202 E McClient:   *** Detected in mcFreeWsm/1143()
09-25 23:07:08.025  3202  3202 E McClient:   *****************************
09-25 23:07:08.025  3202  3202 E tlc_communication:   *****************************
09-25 23:07:08.025  3202  3202 E tlc_communication:   *** ERROR: Free WSM for Trustlet is failed : 7
09-25 23:07:08.025  3202  3202 E tlc_communication:   *** Detected in tlc_close/175()
09-25 23:07:08.025  3202  3202 E tlc_communication:   *****************************
09-25 23:07:08.025  3202  3202 E McClient:   *****************************
09-25 23:07:08.025  3202  3202 E McClient:   *** ERROR: Device has not been found
09-25 23:07:08.025  3202  3202 E McClient:   *** Detected in mcFreeWsm/1143()
09-25 23:07:08.025  3202  3202 E McClient:   *****************************
09-25 23:07:08.025  3202  3202 E tlc_communication:   *****************************
09-25 23:07:08.025  3202  3202 E tlc_communication:   *** ERROR: Free WSM for Driver is failed : 7
09-25 23:07:08.025  3202  3202 E tlc_communication:   *** Detected in tlc_close/182()
09-25 23:07:08.025  3202  3202 E tlc_communication:   *****************************
09-25 23:07:08.025  3202  3202 I tlc_communication: Closing MobiCore device;189
09-25 23:07:08.025  3202  3202 E McClient:   *****************************
09-25 23:07:08.025  3202  3202 E McClient:   *** ERROR: Device not open
09-25 23:07:08.025  3202  3202 E McClient:   *** Detected in mcCloseDevice/292()
09-25 23:07:08.025  3202  3202 E McClient:   *****************************
09-25 23:07:08.025  3202  3202 E tlc_communication:   *****************************
09-25 23:07:08.025  3202  3202 E tlc_communication:   *** ERROR: Closing MobiCore device is failed : 33
09-25 23:07:08.025  3202  3202 E tlc_communication:   *** Detected in tlc_close/197()
09-25 23:07:08.025  3202  3202 E tlc_communication:   *****************************
09-25 23:07:08.025  3202  3202 I tlc_communication: tlc_close() successed;202
09-25 23:07:08.025  3202  3202 E bauth_FPBAuthService: BAuthSessionOpen Fail
09-25 23:07:08.025  3202  3202 I TLC_BAUTH: Call FUNC ID 0x4;696
09-25 23:07:08.025  3202  3202 I TLC_BAUTH: Trustlet Session is not opened. status : 0;822
09-25 23:07:08.025  3202  3202 I TLC_BAUTH: FUNC ID 0x4 is completed;828
09-25 23:07:08.025  3202  3202 I TLC_BAUTH: FUNC ID 0x2 is completed;463
09-25 23:07:08.025  3202  3202 D bauth_FPBAuthSensorControl: FPBAuthSensorControl, 304
09-25 23:07:08.025  3202  3202 D bauth_FPBAuthService: FPBAuthService, 688
09-25 23:07:08.025  3202  3202 D bauth_FPBAuthService: FPBAuthService, 7939
09-25 23:07:08.025  3202  3202 E bauth_FPBAuthService: sensor_type error : -1
09-25 23:07:08.025  3202  3202 D bauth_FPBAuthSensorControl: FPBAuthSensorControl, 839
09-25 23:07:08.025  3202  3202 D bauth_FPBAuthService: FPBAuthService, 278
09-25 23:07:08.025  3202  3202 D bauth_FPBAuthService: FPBAuthService, 628
09-25 23:07:08.025  3202  3202 D bauth_FPBAuthService: FPBAuthService, 1864
09-25 23:07:08.025  3202  3202 D bauth_FPBAuthService: FPBAuthService, 649
09-25 23:07:08.025  3202  3202 D bauth_FPBAuthSensorControl: FPBAuthSensorControl, 304
09-25 23:07:08.025  3202  3202 D bauth_FPBAuthService: FPBAuthService, 666
09-25 23:07:08.025  3202  3202 D bauth_FPBAuthService: FPBAuthService, 1886
09-25 23:07:08.026  3202  3202 I TLC_BAUTH: FUNC ID 0x1 is completed;437
09-25 23:07:08.026  3202  3202 I TLC_BAUTH: Call FUNC ID 0x3 , 5;477
09-25 23:07:08.026  3202  3202 I tlc_communication: tlc_open() called;82
09-25 23:07:08.026  3202  3202 I tlc_communication: Opening MobiCore device;86
09-25 23:07:08.026  3075  3155 E TeeMcDaemon: Insufficient data arrived [hardware/samsung_slsi/exynos8895/mobicore_kinibi400/Daemon/src/RegistryServer.cpp:404]
09-25 23:07:08.026  3202  3202 E McClient:   *****************************
09-25 23:07:08.026  3202  3202 E McClient:   *** ERROR: reading from Daemon failed
09-25 23:07:08.026  3202  3202 E McClient:   *** Detected in getDaemonVersion/1472()
09-25 23:07:08.026  3202  3202 E McClient:   *****************************
09-25 23:07:08.026  3202  3202 E tlc_communication:   *****************************
09-25 23:07:08.026  3202  3202 E tlc_communication:   *** ERROR: Opening MobiCore device is failed : 15
09-25 23:07:08.026  3202  3202 E tlc_communication:   *** Detected in tlc_open/94()
09-25 23:07:08.026  3202  3202 E tlc_communication:   *****************************
09-25 23:07:08.026  3202  3202 E TLC_BAUTH:   *****************************
09-25 23:07:08.026  3202  3202 E TLC_BAUTH:   *** ERROR: Open Trustlet Session is failed!!!
09-25 23:07:08.026  3202  3202 E TLC_BAUTH:   *** Detected in BAuth_SessionOpen/531()
09-25 23:07:08.026  3202  3202 E TLC_BAUTH:   *****************************
09-25 23:07:08.026  3202  3202 I tlc_communication: tlc_close() called;149
09-25 23:07:08.026  3202  3202 I tlc_communication: Closing the session;153
09-25 23:07:08.026  3202  3202 E McClient:   *****************************
09-25 23:07:08.026  3202  3202 E McClient:   *** ERROR: Device has not been found
09-25 23:07:08.026  3202  3202 E McClient:   *** Detected in mcCloseSession/906()
09-25 23:07:08.026  3202  3202 E McClient:   *****************************
09-25 23:07:08.026  3202  3202 E tlc_communication:   *****************************
09-25 23:07:08.026  3202  3202 E tlc_communication:   *** ERROR: Closing the Driver session is failed : 7
09-25 23:07:08.026  3202  3202 E tlc_communication:   *** Detected in tlc_close/157()
09-25 23:07:08.026  3202  3202 E tlc_communication:   *****************************
09-25 23:07:08.026  3202  3202 E McClient:   *****************************
09-25 23:07:08.026  3202  3202 E McClient:   *** ERROR: Device has not been found
09-25 23:07:08.026  3202  3202 E McClient:   *** Detected in mcCloseSession/906()
09-25 23:07:08.026  3202  3202 E McClient:   *****************************
09-25 23:07:08.026  3202  3202 E tlc_communication:   *****************************
09-25 23:07:08.026  3202  3202 E tlc_communication:   *** ERROR: Closing the Trustlet session is failed : 7
09-25 23:07:08.026  3202  3202 E tlc_communication:   *** Detected in tlc_close/164()
09-25 23:07:08.026  3202  3202 E tlc_communication:   *****************************
09-25 23:07:08.026  3202  3202 I tlc_communication: Free WSM;171
09-25 23:07:08.026  3202  3202 E McClient:   *****************************
09-25 23:07:08.026  3202  3202 E McClient:   *** ERROR: Device has not been found
09-25 23:07:08.026  3202  3202 E McClient:   *** Detected in mcFreeWsm/1143()
09-25 23:07:08.026  3202  3202 E McClient:   *****************************
09-25 23:07:08.026  3202  3202 E tlc_communication:   *****************************
09-25 23:07:08.026  3202  3202 E tlc_communication:   *** ERROR: Free WSM for Trustlet is failed : 7
09-25 23:07:08.026  3202  3202 E tlc_communication:   *** Detected in tlc_close/175()
09-25 23:07:08.026  3202  3202 E tlc_communication:   *****************************
09-25 23:07:08.026  3202  3202 E McClient:   *****************************
09-25 23:07:08.026  3202  3202 E McClient:   *** ERROR: Device has not been found
09-25 23:07:08.026  3202  3202 E McClient:   *** Detected in mcFreeWsm/1143()
09-25 23:07:08.026  3202  3202 E McClient:   *****************************
09-25 23:07:08.026  3202  3202 E tlc_communication:   *****************************
09-25 23:07:08.026  3202  3202 E tlc_communication:   *** ERROR: Free WSM for Driver is failed : 7
09-25 23:07:08.026  3202  3202 E tlc_communication:   *** Detected in tlc_close/182()
09-25 23:07:08.026  3202  3202 E tlc_communication:   *****************************
09-25 23:07:08.026  3202  3202 I tlc_communication: Closing MobiCore device;189
09-25 23:07:08.026  3202  3202 E McClient:   *****************************
09-25 23:07:08.026  3202  3202 E McClient:   *** ERROR: Device not open
09-25 23:07:08.026  3202  3202 E McClient:   *** Detected in mcCloseDevice/292()
09-25 23:07:08.026  3202  3202 E McClient:   *****************************
09-25 23:07:08.026  3202  3202 E tlc_communication:   *****************************
09-25 23:07:08.026  3202  3202 E tlc_communication:   *** ERROR: Closing MobiCore device is failed : 33
09-25 23:07:08.026  3202  3202 E tlc_communication:   *** Detected in tlc_close/197()
09-25 23:07:08.026  3202  3202 E tlc_communication:   *****************************
09-25 23:07:08.026  3202  3202 I tlc_communication: tlc_close() successed;202
09-25 23:07:08.026  3202  3202 E bauth_FPBAuthService: BAuthSessionOpen Fail
09-25 23:07:08.026  3202  3202 D bauth_FPBAuthService: thread id : 3, preenroll_flag : 0, nd cnt : 0
09-25 23:07:08.026  3202  3202 D bauth_FPBAuthService: FPBAuthService, 7282
09-25 23:07:08.026  3202  3202 D bauth_service: BAuthService, 248
09-25 23:07:08.026  3202  3202 E fingerprintd: Wrong fp version. Expected 513, got 512
09-25 23:07:08.026  3202  3202 D bauth_service: BAuthService, 1692
09-25 23:07:08.026  3202  3202 D bauth_FPBAuthService: FPBAUTH setNotifyCallback
09-25 23:07:08.027  3202  3202 D bauth_FPBAuthService: thread id : 3, preenroll_flag : 0, nd cnt : 0
09-25 23:07:08.027  3202  3202 D bauth_service: BAuthService, 1711
09-25 23:07:08.027  3202  3202 V fingerprintd: fingerprint HAL successfully initialized
