11-13 20:11:18.827  4747  4747 D AdapterServiceConfig: Adding BluetoothMapService
11-13 20:11:18.828  3612  4042 D VoldConnector: RCV <- {659 emulated}
11-13 20:11:18.829  3612  4042 D VoldConnector: RCV <- {650 emulated 2 "" ""}
11-13 20:11:18.830  3612  4042 D VoldConnector: RCV <- {654 emulated emulated}
11-13 20:11:18.830  3612  4042 D VoldConnector: RCV <- {651 emulated 0}
11-13 20:11:18.831  3612  4042 D VoldConnector: RCV <- {200 31 Command succeeded}
11-13 20:11:18.831  3612  4041 D VoldConnector: SND -> {32 volume user_added 0 0}
11-13 20:11:18.836  3612  3612 I ActivityManager: Start proc 4772:com.android.systemui/u0a33 for service com.android.systemui/.keyguard.KeyguardService
11-13 20:11:18.842  3612  3673 I ActivityManager: Force stopping com.android.providers.media appid=10010 user=-1: vold reset
11-13 20:11:18.843  3612  4042 D VoldConnector: RCV <- {200 32 Command succeeded}
11-13 20:11:18.846  3612  4685 D BluetoothManagerService: Trying to bind to profile: 1, while Bluetooth was disabled
11-13 20:11:18.850  3612  3612 I SystemServer: WebViewFactory preparation
11-13 20:11:18.866  3172  3340 I AudioFlinger: systemReady
11-13 20:11:18.876  3612  3678 I UsbPortManager: USB port added: port=UsbPort{id=otg_default, supportedModes=dual}, status=UsbPortStatus{connected=true, currentMode=ufp, currentPowerRole=sink, currentDataRole=device, supportedRoleCombinations=[source:host, sink:device]}, canChangeMode=true, canChangePowerRole=false, canChangeDataRole=false
11-13 20:11:18.880  3612  3678 V MountService: Found primary storage at VolumeInfo{emulated}:
11-13 20:11:18.880  3612  3678 V MountService:     type=EMULATED diskId=null partGuid=null mountFlags=0 mountUserId=-1 
11-13 20:11:18.880  3612  3678 V MountService:     state=UNMOUNTED 
11-13 20:11:18.880  3612  3678 V MountService:     fsType=null fsUuid=null fsLabel=null 
11-13 20:11:18.880  3612  3678 V MountService:     path=null internalPath=null 
11-13 20:11:18.880  3612  4041 D VoldConnector: SND -> {33 volume mount emulated 3 -1}
11-13 20:11:18.883  3068  3134 V vold    : Waiting for FUSE to spin up...
11-13 20:11:18.883  3612  4042 D VoldConnector: RCV <- {651 emulated 1}
11-13 20:11:18.884  3612  4042 D VoldConnector: RCV <- {656 emulated /data/media}
11-13 20:11:18.884  3612  4042 D VoldConnector: RCV <- {655 emulated /storage/emulated}
11-13 20:11:18.890  3171  4751 I art     : Starting a blocking GC HeapTrim
11-13 20:11:18.895  4764  4764 I putmethod.latin: type=1400 audit(0.0:122): avc: denied { write } for name="com.android.inputmethod.latin" dev="sda24" ino=3121213 scontext=u:r:untrusted_app:s0:c512,c768 tcontext=u:object_r:system_data_file:s0 tclass=dir permissive=1
11-13 20:11:18.895  4764  4764 I putmethod.latin: type=1400 audit(0.0:122): avc: denied { add_name } for name="cache" scontext=u:r:untrusted_app:s0:c512,c768 tcontext=u:object_r:system_data_file:s0 tclass=dir permissive=1
11-13 20:11:18.895  4764  4764 I putmethod.latin: type=1400 audit(0.0:122): avc: denied { create } for name="cache" scontext=u:r:untrusted_app:s0:c512,c768 tcontext=u:object_r:system_data_file:s0:c512,c768 tclass=dir permissive=1
11-13 20:11:18.895  4764  4764 W putmethod.latin: type=1300 audit(0.0:122): arch=c00000b7 syscall=34 success=yes exit=0 a0=ffffff9c a1=7f8abeca40 a2=1f9 a3=33 items=0 ppid=3170 auid=4294967295 uid=10062 gid=10062 euid=10062 suid=10062 fsuid=10062 egid=10062 sgid=10062 fsgid=10062 tty=(none) ses=4294967295 exe="/system/bin/app_process64" subj=u:r:untrusted_app:s0:c512,c768 key=(null)
11-13 20:11:18.895  3076  3076 W auditd  : type=1327 audit(0.0:122): proctitle="com.android.inputmethod.latin"
11-13 20:11:18.895  3076  3076 W auditd  : type=1320 audit(0.0:122): 
11-13 20:11:18.895  4764  4764 I putmethod.latin: type=1400 audit(0.0:123): avc: denied { setattr } for name="cache" dev="sda24" ino=3121253 scontext=u:r:untrusted_app:s0:c512,c768 tcontext=u:object_r:system_data_file:s0:c512,c768 tclass=dir permissive=1
11-13 20:11:18.895  4764  4764 W putmethod.latin: type=1300 audit(0.0:123): arch=c00000b7 syscall=53 success=yes exit=0 a0=ffffff9c a1=7f8abeca80 a2=1f9 a3=0 items=0 ppid=3170 auid=4294967295 uid=10062 gid=10062 euid=10062 suid=10062 fsuid=10062 egid=10062 sgid=10062 fsgid=10062 tty=(none) ses=4294967295 exe="/system/bin/app_process64" subj=u:r:untrusted_app:s0:c512,c768 key=(null)
11-13 20:11:18.895  3076  3076 W auditd  : type=1327 audit(0.0:123): proctitle="com.android.inputmethod.latin"
11-13 20:11:18.895  3076  3076 W auditd  : type=1320 audit(0.0:123): 
11-13 20:11:18.899  4772  4772 W System  : ClassLoader referenced unknown path: /system/priv-app/SystemUI/lib/arm64
11-13 20:11:18.911  4772  4772 I ndroid.systemui: type=1400 audit(0.0:124): avc: denied { write } for name="com.android.systemui" dev="sda24" ino=3121236 scontext=u:r:platform_app:s0:c512,c768 tcontext=u:object_r:system_data_file:s0 tclass=dir permissive=1
11-13 20:11:18.911  4772  4772 I ndroid.systemui: type=1400 audit(0.0:124): avc: denied { add_name } for name="cache" scontext=u:r:platform_app:s0:c512,c768 tcontext=u:object_r:system_data_file:s0 tclass=dir permissive=1
11-13 20:11:18.911  4772  4772 I ndroid.systemui: type=1400 audit(0.0:124): avc: denied { create } for name="cache" scontext=u:r:platform_app:s0:c512,c768 tcontext=u:object_r:system_data_file:s0:c512,c768 tclass=dir permissive=1
11-13 20:11:18.911  4772  4772 W ndroid.systemui: type=1300 audit(0.0:124): arch=c00000b7 syscall=34 success=yes exit=0 a0=ffffff9c a1=7f8abc4200 a2=1f9 a3=2a items=0 ppid=3170 auid=4294967295 uid=10033 gid=10033 euid=10033 suid=10033 fsuid=10033 egid=10033 sgid=10033 fsgid=10033 tty=(none) ses=4294967295 exe="/system/bin/app_process64" subj=u:r:platform_app:s0:c512,c768 key=(null)
11-13 20:11:18.911  3076  3076 W auditd  : type=1327 audit(0.0:124): proctitle="com.android.systemui"
11-13 20:11:18.911  3076  3076 W auditd  : type=1320 audit(0.0:124): 
11-13 20:11:18.911  4772  4772 I ndroid.systemui: type=1400 audit(0.0:125): avc: denied { setattr } for name="cache" dev="sda24" ino=3121255 scontext=u:r:platform_app:s0:c512,c768 tcontext=u:object_r:system_data_file:s0:c512,c768 tclass=dir permissive=1
11-13 20:11:18.911  4772  4772 W ndroid.systemui: type=1300 audit(0.0:125): arch=c00000b7 syscall=53 success=yes exit=0 a0=ffffff9c a1=7f8abc4200 a2=1f9 a3=0 items=0 ppid=3170 auid=4294967295 uid=10033 gid=10033 euid=10033 suid=10033 fsuid=10033 egid=10033 sgid=10033 fsgid=10033 tty=(none) ses=4294967295 exe="/system/bin/app_process64" subj=u:r:platform_app:s0:c512,c768 key=(null)
11-13 20:11:18.911  3076  3076 W auditd  : type=1327 audit(0.0:125): proctitle="com.android.systemui"
11-13 20:11:18.911  3076  3076 W auditd  : type=1320 audit(0.0:125): 
11-13 20:11:18.911  4796  4796 W sdcard  : Device explicitly disabled sdcardfs
11-13 20:11:18.916  3612  3612 I ActivityManager: Start proc 4801:WebViewLoader-armeabi-v7a/1037 [android.webkit.WebViewFactory$RelroFileCreator] for 
11-13 20:11:18.919  3612  4798 I chatty  : uid=1000(system) SoundPoolThread expire 1 line
11-13 20:11:18.938  3612  4042 D VoldConnector: RCV <- {651 emulated 2}
11-13 20:11:18.939  3612  4042 D VoldConnector: RCV <- {200 33 Command succeeded}
11-13 20:11:18.944  3612  3612 I ActivityManager: Start proc 4812:WebViewLoader-arm64-v8a/1037 [android.webkit.WebViewFactory$RelroFileCreator] for 
11-13 20:11:18.946  4801  4801 V WebViewFactory: RelroFileCreator (64bit = false),  32-bit lib: /system/app/webview/webview.apk!/lib/armeabi-v7a/libwebviewchromium.so, 64-bit lib: /system/app/webview/webview.apk!/lib/arm64-v8a/libwebviewchromium.so
11-13 20:11:18.948  3612  3612 D NetworkManagement: enabling bandwidth control
11-13 20:11:18.954  4747  4747 E BluetoothVendorJni: register_com_android_bluetooth_btservice_vendor:
11-13 20:11:18.956  4772  4772 V SystemUIService: Starting SystemUI services for user 0.
11-13 20:11:18.958  4812  4812 V WebViewFactory: RelroFileCreator (64bit = true),  32-bit lib: /system/app/webview/webview.apk!/lib/armeabi-v7a/libwebviewchromium.so, 64-bit lib: /system/app/webview/webview.apk!/lib/arm64-v8a/libwebviewchromium.so
11-13 20:11:18.979  4772  4772 V MediaRouter: Adding route: RouteInfo{ name=Phone, description=null, status=null, category=RouteCategory{ name=null types=ROUTE_TYPE_LIVE_AUDIO ROUTE_TYPE_LIVE_VIDEO  groupable=false }, supportedTypes=ROUTE_TYPE_LIVE_AUDIO ROUTE_TYPE_LIVE_VIDEO , presentationDisplay=null }
11-13 20:11:18.982  4772  4772 V MediaRouter: Updating audio routes: AudioRoutesInfo{ type=SPEAKER }
11-13 20:11:18.984  4772  4772 V MediaRouter: Selecting route: RouteInfo{ name=Phone, description=null, status=null, category=RouteCategory{ name=null types=ROUTE_TYPE_LIVE_AUDIO ROUTE_TYPE_LIVE_VIDEO  groupable=false }, supportedTypes=ROUTE_TYPE_LIVE_AUDIO ROUTE_TYPE_LIVE_VIDEO , presentationDisplay=null }
11-13 20:11:18.988  4801  4801 I art     : System.exit called, status: 0
11-13 20:11:18.988  4801  4801 I AndroidRuntime: VM exiting with result code 0, cleanup skipped.
11-13 20:11:18.994  4812  4812 I art     : System.exit called, status: 0
11-13 20:11:18.994  4812  4812 I AndroidRuntime: VM exiting with result code 0, cleanup skipped.
11-13 20:11:18.995  3076  3076 W auditd  : type=1325 audit(0.0:126): table=filter family=2 entries=76
11-13 20:11:18.995  3076  3076 W auditd  : type=1320 audit(0.0:126): 
11-13 20:11:18.995  3076  3076 W auditd  : type=1325 audit(0.0:127): table=raw family=2 entries=13
11-13 20:11:18.995  3076  3076 W auditd  : type=1320 audit(0.0:127): 
11-13 20:11:18.995  3076  3076 W auditd  : type=1325 audit(0.0:128): table=mangle family=2 entries=17
11-13 20:11:19.006  4747  4747 D BluetoothAdapterService: onCreate()
11-13 20:11:19.006  4747  4747 I BluetoothVendorJni: classInitNative: succeeds
11-13 20:11:19.007  4747  4747 D BluetoothAdapterState: make() - Creating AdapterState
11-13 20:11:19.008  4747  4747 I bt_btif : init
11-13 20:11:19.008  4747  4844 I BluetoothAdapterState: Entering OffState
11-13 20:11:19.008  4747  4845 W bt_osi_thread: run_thread: thread id 4845, thread name stack_manager started
11-13 20:11:19.008  4747  4845 I bt_stack_manager: event_init_stack is initializing the stack
11-13 20:11:19.008  4747  4845 I bt_core_module: module_init Initializing module "osi_module"
11-13 20:11:19.008  4747  4845 I bt_core_module: module_init Initialized module "osi_module"
11-13 20:11:19.008  4747  4845 I bt_core_module: module_init Initializing module "bt_utils_module"
11-13 20:11:19.008  4747  4845 I bt_utils: init_soc_type
11-13 20:11:19.008  4747  4845 I bt_utils: qcom.bluetooth.soc set to rome
11-13 20:11:19.008  4747  4845 I bt_core_module: module_init Initialized module "bt_utils_module"
11-13 20:11:19.008  4747  4845 I bt_core_module: module_init Initializing module "btif_config_module"
11-13 20:11:19.017  4772  4848 E WVMExtractor: Failed to open libwvm.so: dlopen failed: library "libwvm.so" not found
11-13 20:11:19.034  3180  3180 I MediaPlayerService: MediaPlayerService::getOMX
11-13 20:11:19.034  4764  4764 I LatinIME: Hardware accelerated drawing: true
11-13 20:11:19.035  3612  4795 I chatty  : uid=1000(system) Binder:3612_4 expire 25 lines
11-13 20:11:19.045  3180  3180 I EXYNOS_COMP_REGS: Loading the library: libOMX.Exynos.AVC.Decoder.so
11-13 20:11:19.061  3180  3180 I EXYNOS_COMP_REGS: Loading the library: libOMX.Exynos.AVC.Encoder.so
11-13 20:11:19.066  4772  4772 I vol.Events: writeEvent collection_started
11-13 20:11:19.069  3180  3180 I EXYNOS_COMP_REGS: Loading the library: libOMX.Exynos.HEVC.Decoder.so
11-13 20:11:19.073  4772  4856 I vol.Events: writeEvent external_ringer_mode_changed normal
11-13 20:11:19.073  4772  4856 I vol.Events: writeEvent internal_ringer_mode_changed normal
11-13 20:11:19.077  3180  3180 I EXYNOS_COMP_REGS: Loading the library: libOMX.Exynos.HEVC.Encoder.so
11-13 20:11:19.084  3180  3180 I EXYNOS_COMP_REGS: Loading the library: libOMX.Exynos.MPEG4.Decoder.so
11-13 20:11:19.087  3180  3180 I EXYNOS_COMP_REGS: Loading the library: libOMX.Exynos.MPEG4.Encoder.so
11-13 20:11:19.089  3180  3180 I EXYNOS_COMP_REGS: Loading the library: libOMX.Exynos.VP8.Decoder.so
11-13 20:11:19.091  3180  3180 I EXYNOS_COMP_REGS: Loading the library: libOMX.Exynos.VP8.Encoder.so
11-13 20:11:19.093  3180  3180 I EXYNOS_COMP_REGS: Loading the library: libOMX.Exynos.VP9.Decoder.so
11-13 20:11:19.095  3180  3180 I EXYNOS_COMP_REGS: Loading the library: libOMX.Exynos.VP9.Encoder.so
11-13 20:11:19.098  3180  3180 I EXYNOS_COMP_REGS: Loading the library: libOMX.Exynos.WMV.Decoder.so
11-13 20:11:19.106  3177  3177 I EXYNOS_COMP_REGS: Loading the library: libOMX.Exynos.AVC.Decoder.so
11-13 20:11:19.108  3177  3177 I EXYNOS_COMP_REGS: Loading the library: libOMX.Exynos.AVC.Encoder.so
11-13 20:11:19.109  3177  3177 I EXYNOS_COMP_REGS: Loading the library: libOMX.Exynos.HEVC.Decoder.so
11-13 20:11:19.111  4747  4845 E bt_osi_config: config_new unable to open file '/data/misc/bluedroid/bt_config.conf': No such file or directory
11-13 20:11:19.111  4747  4845 W %s unable to load config file: %s; using backup.: init
11-13 20:11:19.111  4747  4845 E bt_osi_config: config_new unable to open file '/data/misc/bluedroid/bt_config.bak': No such file or directory
11-13 20:11:19.111  4747  4845 W %s unable to load backup; attempting to transcode legacy file.: init
11-13 20:11:19.111  4747  4845 E %s unable to load XML file '%s': %d: config_t *btif_config_transcode(const char *)
11-13 20:11:19.112  3177  3177 I EXYNOS_COMP_REGS: Loading the library: libOMX.Exynos.HEVC.Encoder.so
11-13 20:11:19.112  4747  4845 E %s unable to transcode legacy file; creating empty config.: init
11-13 20:11:19.114  3177  3177 I EXYNOS_COMP_REGS: Loading the library: libOMX.Exynos.MPEG4.Decoder.so
11-13 20:11:19.116  3177  3177 I EXYNOS_COMP_REGS: Loading the library: libOMX.Exynos.MPEG4.Encoder.so
11-13 20:11:19.118  3177  3177 I EXYNOS_COMP_REGS: Loading the library: libOMX.Exynos.VP8.Decoder.so
11-13 20:11:19.120  3177  3177 I EXYNOS_COMP_REGS: Loading the library: libOMX.Exynos.VP8.Encoder.so
11-13 20:11:19.120  4747  4863 W bt_osi_thread: run_thread: thread id 4863, thread name alarm_default_ca started
11-13 20:11:19.122  3177  3177 I EXYNOS_COMP_REGS: Loading the library: libOMX.Exynos.VP9.Decoder.so
11-13 20:11:19.123  4747  4865 W bt_osi_thread: run_thread: thread id 4865, thread name alarm_dispatcher started
11-13 20:11:19.123  4747  4845 I bt_core_module: module_init Initialized module "btif_config_module"
11-13 20:11:19.123  4747  4845 I bt_core_module: module_init Initializing module "interop_module"
11-13 20:11:19.123  4747  4845 I bt_core_module: module_init Initialized module "interop_module"
11-13 20:11:19.124  4747  4845 I bt_core_module: module_init Initializing module "stack_config_module"
11-13 20:11:19.124  4747  4845 I bt_stack_config: init attempt to load stack conf from /etc/bluetooth/bt_stack.conf
11-13 20:11:19.124  3177  3177 I EXYNOS_COMP_REGS: Loading the library: libOMX.Exynos.VP9.Encoder.so
11-13 20:11:19.126  4747  4845 I bt_core_module: module_init Initialized module "stack_config_module"
11-13 20:11:19.126  3177  3177 I EXYNOS_COMP_REGS: Loading the library: libOMX.Exynos.WMV.Decoder.so
11-13 20:11:19.129  4747  4869 W bt_osi_thread: run_thread: thread id 4869, thread name bt_jni_workqueue started
11-13 20:11:19.134  4747  4845 I bt_stack_manager: event_init_stack finished
11-13 20:11:19.135  4747  4747 I bt_btif : get_profile_interface socket
11-13 20:11:19.147  4747  4747 I bt_btif : get_profile_interface sdp
11-13 20:11:19.150  4772  4856 I vol.Events: writeEvent level_changed STREAM_ALARM 6
11-13 20:11:19.151  4772  4856 I vol.Events: writeEvent level_changed STREAM_BLUETOOTH_SCO 7
11-13 20:11:19.160  4772  4856 I vol.Events: writeEvent level_changed STREAM_MUSIC 11
11-13 20:11:19.161  3180  3180 I OMXClient: MuxOMX ctor
11-13 20:11:19.161  4747  4747 I bt_btif : get_profile_interface vendor
11-13 20:11:19.161  4747  4869 D BluetoothAdapterProperties: Address is:90:06:28:83:34:F4
11-13 20:11:19.162  4747  4747 D BluetoothAdapterService: setAdapterService() - set to: null
11-13 20:11:19.163  4747  4747 D BluetoothAdapterService: onBind()
11-13 20:11:19.163  4747  4869 D BluetoothAdapterProperties: Name is: Samsung Galaxy S8+
11-13 20:11:19.166  3180  3180 I MediaPlayerService: MediaPlayerService::getOMX
11-13 20:11:19.167  3180  3180 I OMXClient: MuxOMX ctor
11-13 20:11:19.167  3177  3177 I OMXMaster: makeComponentInstance(OMX.Exynos.MPEG4.Decoder) in mediacodec process
11-13 20:11:19.171  3177  3177 D libexynosv4l2: try node: /dev/video6
11-13 20:11:19.171  3177  3177 I libexynosv4l2: node found for device s5p-mfc-dec: /dev/video6
11-13 20:11:19.174  4772  4856 I vol.Events: writeEvent level_changed STREAM_RING 5
11-13 20:11:19.177  4772  4856 I vol.Events: writeEvent level_changed STREAM_SYSTEM 5
11-13 20:11:19.180  4772  4856 I vol.Events: writeEvent level_changed STREAM_VOICE_CALL 4
11-13 20:11:19.193  4772  4772 D StorageNotification: Notifying about private volume: VolumeInfo{private}:
11-13 20:11:19.193  4772  4772 D StorageNotification:     type=PRIVATE diskId=null partGuid=null mountFlags=0 mountUserId=-1 
11-13 20:11:19.193  4772  4772 D StorageNotification:     state=MOUNTED 
11-13 20:11:19.193  4772  4772 D StorageNotification:     fsType=null fsUuid=null fsLabel=null 
11-13 20:11:19.193  4772  4772 D StorageNotification:     path=/data internalPath=null 
11-13 20:11:19.200  4764  4764 W InputAttributes: No editor info for this field. Bug?
11-13 20:11:19.218  4764  4882 I LatinIME:LogUtils: Dictionary info: dictionary = userunigram.en_US ; version = 1510614679 ; date = ?
11-13 20:11:19.220  3177  3177 I libexynosv4l2: open video device /dev/video6
11-13 20:11:19.222  4764  4882 E ActivityThread: Failed to find provider info for user_dictionary
11-13 20:11:19.223  4764  4882 I LatinIME:LogUtils: Dictionary info: dictionary = UserHistoryDictionary.en_US ; version = 1510614679 ; date = ?
11-13 20:11:19.228  3177  3177 E OMXNodeInstance: getExtensionIndex(c690001:Exynos.MPEG4.Decoder, OMX.google.android.index.configureVideoTunnelMode) ERROR: BadParameter(0x80001005)
11-13 20:11:19.230  3180  3180 I MediaPlayerService: MediaPlayerService::getOMX
11-13 20:11:19.230  3180  3180 I OMXClient: MuxOMX ctor
11-13 20:11:19.230  3177  3177 I OMXMaster: makeComponentInstance(OMX.Exynos.H263.Decoder) in mediacodec process
11-13 20:11:19.231  3177  3177 D libexynosv4l2: try node: /dev/video6
11-13 20:11:19.231  3177  3177 I libexynosv4l2: node found for device s5p-mfc-dec: /dev/video6
11-13 20:11:19.242  3612  3612 D NetworkPolicy: setRestrictBackgroundUL(): false
11-13 20:11:19.267  3177  3177 I libexynosv4l2: open video device /dev/video6
11-13 20:11:19.279  3177  3177 E OMXNodeInstance: getExtensionIndex(c690002:Exynos.H263.Decoder, OMX.google.android.index.configureVideoTunnelMode) ERROR: BadParameter(0x80001005)
11-13 20:11:19.280  3612  3674 W WindowManager: Keyguard drawn timeout. Setting mKeyguardDrawComplete
11-13 20:11:19.280  3612  4872 I StatusBarManagerService: registerStatusBar bar=com.android.internal.statusbar.IStatusBar$Stub$Proxy@45e3b06
11-13 20:11:19.280  3612  3680 W LocalDisplayAdapter: Unable to find color mode 0, ignoring request.
11-13 20:11:19.282  3180  3180 I MediaPlayerService: MediaPlayerService::getOMX
11-13 20:11:19.283  3180  3180 I OMXClient: MuxOMX ctor
11-13 20:11:19.284  3177  3233 I OMXMaster: makeComponentInstance(OMX.Exynos.AVC.Decoder) in mediacodec process
11-13 20:11:19.287  3177  3233 D libexynosv4l2: try node: /dev/video6
11-13 20:11:19.288  3612  3680 W LocalDisplayAdapter: Unable to find color mode 0, ignoring request.
11-13 20:11:19.288  3177  3233 I libexynosv4l2: node found for device s5p-mfc-dec: /dev/video6
11-13 20:11:19.314  3177  3233 I libexynosv4l2: open video device /dev/video6
11-13 20:11:19.323  3180  3180 W ACodec  : [OMX.Exynos.AVC.Decoder] stopping checking profiles after 32: 2/8000
11-13 20:11:19.325  3177  3233 E OMXNodeInstance: getExtensionIndex(c690003:Exynos.AVC.Decoder, OMX.google.android.index.configureVideoTunnelMode) ERROR: BadParameter(0x80001005)
11-13 20:11:19.326  3180  3180 I MediaPlayerService: MediaPlayerService::getOMX
11-13 20:11:19.327  3180  3180 I OMXClient: MuxOMX ctor
11-13 20:11:19.327  3177  4888 I OMXMaster: makeComponentInstance(OMX.Exynos.avc.dec.secure) in mediacodec process
11-13 20:11:19.329  3177  4888 D libexynosv4l2: try node: /dev/video6
11-13 20:11:19.330  3177  4888 I libexynosv4l2: node found for device s5p-mfc-dec: /dev/video6
11-13 20:11:19.330  4764  4882 I BinaryDictionaryFileDumper: reinitializeClientRecordInDictionaryContentProvider() : MetadataFileUri = 
11-13 20:11:19.356  3177  4888 I libexynosv4l2: open video device /dev/video6
11-13 20:11:19.357  3177  4888 I EXYNOS_VIDEO_OSAL: [Exynos_OSAL_OMX2VideoFormat] color format(0x7f000012)/plane type(0x11) is not supported
11-13 20:11:19.357  3177  4888 I EXYNOS_VIDEO_OSAL: [Exynos_OSAL_OMX2VideoFormat] color format(0x7f000011)/plane type(0x11) is not supported
11-13 20:11:19.364  3180  3180 W ACodec  : [OMX.Exynos.avc.dec.secure] stopping checking profiles after 32: 2/8000
11-13 20:11:19.366  3177  4888 W Exynos_OSAL_Android: [0xf4c0a000][Exynos_OSAL_GetParameter] requested on secure codec
11-13 20:11:19.369  3177  4898 W Exynos_OSAL_Android: [0xf4c0a000][Exynos_OSAL_GetParameter] requested on secure codec
11-13 20:11:19.373  3177  3233 E OMXNodeInstance: getExtensionIndex(c690004:Exynos.avc.dec.secure, OMX.google.android.index.configureVideoTunnelMode) ERROR: BadParameter(0x80001005)
11-13 20:11:19.379  3180  3180 I MediaPlayerService: MediaPlayerService::getOMX
11-13 20:11:19.380  3180  3180 I OMXClient: MuxOMX ctor
11-13 20:11:19.380  3177  4888 I OMXMaster: makeComponentInstance(OMX.Exynos.VP8.Decoder) in mediacodec process
11-13 20:11:19.382  3177  4888 D libexynosv4l2: try node: /dev/video6
11-13 20:11:19.383  3177  4888 I libexynosv4l2: node found for device s5p-mfc-dec: /dev/video6
11-13 20:11:19.394  3612  3612 I SystemServiceManager: Starting phase 600
11-13 20:11:19.414  3177  4888 I libexynosv4l2: open video device /dev/video6
11-13 20:11:19.420  3612  3612 D GestureLauncherService: Gesture launcher mEmergencyNumber = 112 hits = 3
11-13 20:11:19.421  3612  3612 D SensorNotificationService: Cannot obtain dynamic meta sensor, not supported.
11-13 20:11:19.422  3177  4888 E OMXNodeInstance: getExtensionIndex(c690005:Exynos.VP8.Decoder, OMX.google.android.index.configureVideoTunnelMode) ERROR: BadParameter(0x80001005)
11-13 20:11:19.424  3612  3612 D BrokerableCMSystemService: Third party apps ready
11-13 20:11:19.424  3612  3612 I BrokerableCMSystemService: Connecting to implementation
11-13 20:11:19.424  3612  3612 W ContextImpl: Calling a method in the system process without a qualified user: android.app.ContextImpl.bindService:1421 org.cyanogenmod.platform.internal.BrokerableCMSystemService.tryConnecting:199 org.cyanogenmod.platform.internal.BrokerableCMSystemService.onBootPhase:127 org.cyanogenmod.platform.internal.CMAudioServiceBroker.onBootPhase:58 com.android.server.SystemServiceManager.startBootPhase:143 
11-13 20:11:19.429  3180  3180 I MediaPlayerService: MediaPlayerService::getOMX
11-13 20:11:19.429  3180  3180 I OMXClient: MuxOMX ctor
11-13 20:11:19.429  3177  4888 I OMXMaster: makeComponentInstance(OMX.Exynos.HEVC.Decoder) in mediacodec process
11-13 20:11:19.431  3177  4888 D libexynosv4l2: try node: /dev/video6
11-13 20:11:19.431  3177  4888 I libexynosv4l2: node found for device s5p-mfc-dec: /dev/video6
11-13 20:11:19.435  3612  3612 I ActivityManager: Start proc 4905:org.cyanogenmod.cmaudio.service/u0a1 for service org.cyanogenmod.cmaudio.service/.CMAudioService
11-13 20:11:19.446  4772  4772 W System  : ClassLoader referenced unknown path: 
11-13 20:11:19.447  4772  4772 D ApplicationLoaders: ignored Vulkan layer search path /system/app/Camera2/lib/arm64:/system/app/Camera2/Camera2.apk!/lib/arm64-v8a:/system/lib64:/vendor/lib64 for namespace 0x7f98bd00f0
11-13 20:11:19.452  3612  3612 W LocationManagerService: no network location provider found
11-13 20:11:19.454  3612  3612 E LocationManagerService: no geocoder provider found
11-13 20:11:19.455  3612  3612 D LocationManagerService: FLP HAL not supported
11-13 20:11:19.456  3612  3612 D LocationManagerService: Unable to bind FLP Geofence proxy.
11-13 20:11:19.456  3612  3612 D LocationManagerService: Hardware Activity-Recognition not supported.
11-13 20:11:19.457  3612  3612 D LocationManagerService: Unable to bind ActivityRecognitionProxy.
11-13 20:11:19.461  3612  3672 I chatty  : uid=1000(system) android.bg expire 16 lines
11-13 20:11:19.463  3612  3612 I MmsServiceBroker: Delay connecting to MmsService until an API is called
11-13 20:11:19.468  3612  4040 I chatty  : uid=1000(system) InputReader expire 2 lines
11-13 20:11:19.470  3612  3612 W VoiceInteractionManagerService: no available voice interaction services found for user 0
11-13 20:11:19.470  3612  3612 W VoiceInteractionManagerService: no available voice recognition services found for user 0
11-13 20:11:19.478  3177  4888 I libexynosv4l2: open video device /dev/video6
11-13 20:11:19.485  3612  3612 I ActivityManager: Start proc 4921:com.android.phone/1001 for added application com.android.phone
11-13 20:11:19.485  3612  3612 I ActivityManager: START u0 {act=android.intent.action.MAIN cat=[android.intent.category.HOME] flg=0x10000100 cmp=com.android.settings/.CryptKeeper} from uid 0 on display 0
11-13 20:11:19.490  3180  3180 W ACodec  : [OMX.Exynos.HEVC.Decoder] stopping checking profiles after 32: 2/400
11-13 20:11:19.491  3612  3612 I ActivityManager: Loaded persisted task ids for user 0
11-13 20:11:19.496  3177  4888 E OMXNodeInstance: getExtensionIndex(c690006:Exynos.HEVC.Decoder, OMX.google.android.index.configureVideoTunnelMode) ERROR: BadParameter(0x80001005)
11-13 20:11:19.501  3180  3180 I MediaPlayerService: MediaPlayerService::getOMX
11-13 20:11:19.505  3180  3180 I OMXClient: MuxOMX ctor
11-13 20:11:19.506  3177  4888 I OMXMaster: makeComponentInstance(OMX.Exynos.VP9.Decoder) in mediacodec process
11-13 20:11:19.508  3177  4888 D libexynosv4l2: try node: /dev/video6
11-13 20:11:19.508  3177  4888 I libexynosv4l2: node found for device s5p-mfc-dec: /dev/video6
11-13 20:11:19.511  3612  3612 I ActivityManager: Start proc 4934:com.android.settings:CryptKeeper/1000 for activity com.android.settings/.CryptKeeper
11-13 20:11:19.513  3612  3612 I SystemServer: Enabled StrictMode for system server main thread.
11-13 20:11:19.550  3612  3612 D ConditionProviders.SCP: onConnected
11-13 20:11:19.555  3177  4888 I libexynosv4l2: open video device /dev/video6
11-13 20:11:19.558  3177  4898 E EXYNOS_VP9_DEC: [0xf4c0bc00][GetIndexToProfileLevel] supported profile(1), level(1)
11-13 20:11:19.559  3177  3233 E EXYNOS_VP9_DEC: [0xf4c0bc00][GetIndexToProfileLevel] supported profile(1), level(2)
11-13 20:11:19.562  3177  4888 E EXYNOS_VP9_DEC: [0xf4c0bc00][GetIndexToProfileLevel] supported profile(1), level(4)
11-13 20:11:19.569  4764  4882 I LatinIME:LogUtils: Dictionary info: dictionary = main:bg ; version = 1 ; date = 1457766000
11-13 20:11:19.569  3177  3177 E EXYNOS_VP9_DEC: [0xf4c0bc00][GetIndexToProfileLevel] supported profile(1), level(8)
11-13 20:11:19.571  3177  4898 E EXYNOS_VP9_DEC: [0xf4c0bc00][GetIndexToProfileLevel] supported profile(1), level(10)
11-13 20:11:19.572  3177  3233 E EXYNOS_VP9_DEC: [0xf4c0bc00][GetIndexToProfileLevel] supported profile(1), level(20)
11-13 20:11:19.572  3177  4888 E EXYNOS_VP9_DEC: [0xf4c0bc00][GetIndexToProfileLevel] supported profile(1), level(40)
11-13 20:11:19.574  3177  3177 E EXYNOS_VP9_DEC: [0xf4c0bc00][GetIndexToProfileLevel] supported profile(1), level(80)
11-13 20:11:19.581  3612  3670 W WallpaperManagerService: no current wallpaper -- first boot?
11-13 20:11:19.586  3177  4888 E OMXNodeInstance: getExtensionIndex(c690007:Exynos.VP9.Decoder, OMX.google.android.index.configureVideoTunnelMode) ERROR: BadParameter(0x80001005)
11-13 20:11:19.594  3180  3180 I MediaPlayerService: MediaPlayerService::getOMX
11-13 20:11:19.594  3180  3180 I OMXClient: MuxOMX ctor
11-13 20:11:19.595  3177  4888 I OMXMaster: makeComponentInstance(OMX.Exynos.AVC.Encoder) in mediacodec process
11-13 20:11:19.597  3177  4888 D libexynosv4l2: try node: /dev/video6
11-13 20:11:19.597  3177  4888 D libexynosv4l2: try node: /dev/video7
11-13 20:11:19.597  3177  4888 I libexynosv4l2: node found for device s5p-mfc-enc: /dev/video7
11-13 20:11:19.600  4921  4921 I chatty  : uid=1001(radio) com.android.phone expire 347 lines
11-13 20:11:19.606  4764  4882 I LatinIME:LogUtils: Dictionary info: dictionary = main:cs ; version = 44 ; date = 1393228134
11-13 20:11:19.621  4772  4772 D ClockController: onTuningChanged key=cmsystem:status_bar_clock value=null
11-13 20:11:19.624  4764  4882 I LatinIME:LogUtils: Dictionary info: dictionary = main:da ; version = 44 ; date = 1393228134
11-13 20:11:19.631  3148  3183 D PermissionCache: checking android.permission.READ_FRAME_BUFFER for uid=1000 => granted (1884 us)
11-13 20:11:19.643  3177  4888 I libexynosv4l2: open video device /dev/video7
11-13 20:11:19.643  4764  4882 I LatinIME:LogUtils: Dictionary info: dictionary = main:de ; version = 54 ; date = 1414726263
11-13 20:11:19.647  3180  3180 W ACodec  : [OMX.Exynos.AVC.Encoder] stopping checking profiles after 32: 2/8000
11-13 20:11:19.648  3180  3180 W ACodec  : do not know color format 0x7f000011 = 2130706449
11-13 20:11:19.648  3180  3180 W ACodec  : do not know color format 0x10 = 16
11-13 20:11:19.649  3180  3180 W ACodec  : do not know color format 0x7f00a000 = 2130747392
11-13 20:11:19.650  3180  3180 W ACodec  : do not know color format 0x7f000789 = 2130708361
11-13 20:11:19.650  3180  3180 W ACodec  : do not know color format 0x7f000012 = 2130706450
11-13 20:11:19.650  3177  3177 E OMXNodeInstance: getConfig(c690008:Exynos.AVC.Encoder, ConfigAndroidIntraRefresh(0x6f60000a)) ERROR: UnsupportedIndex(0x8000101a)
11-13 20:11:19.660  4764  4882 I LatinIME:LogUtils: Dictionary info: dictionary = main:el ; version = 44 ; date = 1393228134
11-13 20:11:19.661  3612  3671 W ActivityManager: Slow operation: 58ms so far, now at attachApplicationLocked: after mServices.attachApplicationLocked
11-13 20:11:19.662  4764  4882 I LatinIME:LogUtils: Dictionary info: dictionary = main:en ; version = 54 ; date = 1414726273
11-13 20:11:19.663  3612  3612 W ContextImpl: Calling a method in the system process without a qualified user: android.app.ContextImpl.startService:1357 com.android.server.content.SyncManager$13.run:658 android.os.Handler.handleCallback:751 android.os.Handler.dispatchMessage:95 android.os.Looper.loop:154 
11-13 20:11:19.667  3612  4676 I chatty  : uid=1000(system) WifiScanningSer expire 3 lines
11-13 20:11:19.667  3612  4677 I chatty  : uid=1000(system) WifiRttService expire 2 lines
11-13 20:11:19.667  3612  3612 D ZenLog  : set_zen_mode: off,cleanUpZenRules
11-13 20:11:19.669  4764  4882 I LatinIME:LogUtils: Dictionary info: dictionary = main:es ; version = 54 ; date = 1414726268
11-13 20:11:19.672  4772  4772 D ClockController: onTuningChanged key=cmsystem:status_bar_am_pm value=null
11-13 20:11:19.674  3180  3180 I MediaPlayerService: MediaPlayerService::getOMX
11-13 20:11:19.674  4772  4772 D ClockController: onTuningChanged key=clock_seconds value=null
11-13 20:11:19.675  4764  4882 I LatinIME:LogUtils: Dictionary info: dictionary = main:fi ; version = 44 ; date = 1393228135
11-13 20:11:19.676  3180  3180 I OMXClient: MuxOMX ctor
11-13 20:11:19.677  4934  4934 W System  : ClassLoader referenced unknown path: /system/priv-app/Settings/lib/arm64
11-13 20:11:19.678  3177  4888 I OMXMaster: makeComponentInstance(OMX.Exynos.H263.Encoder) in mediacodec process
11-13 20:11:19.679  3612  3612 D ConditionProviders: Subscribing to condition://android/event?userId=-10000&calendar=&reply=1 with ComponentInfo{android/com.android.server.notification.EventConditionProvider}
11-13 20:11:19.679  3177  4888 D libexynosv4l2: try node: /dev/video6
11-13 20:11:19.679  3177  4888 D libexynosv4l2: try node: /dev/video7
11-13 20:11:19.679  3612  3612 D ZenLog  : subscribe: condition://android/event?userId=-10000&calendar=&reply=1,ok
11-13 20:11:19.679  3177  4888 I libexynosv4l2: node found for device s5p-mfc-enc: /dev/video7
11-13 20:11:19.679  3612  3612 D ConditionProviders: Subscribing to condition://android/schedule?days=6.7&start=23.30&end=10.0&exitAtAlarm=false with ComponentInfo{android/com.android.server.notification.ScheduleConditionProvider}
11-13 20:11:19.679  3612  3612 D ZenLog  : subscribe: condition://android/schedule?days=6.7&start=23.30&end=10.0&exitAtAlarm=false,ok
11-13 20:11:19.680  3612  3612 D ConditionProviders: Subscribing to condition://android/schedule?days=1.2.3.4.5&start=22.0&end=7.0&exitAtAlarm=false with ComponentInfo{android/com.android.server.notification.ScheduleConditionProvider}
11-13 20:11:19.680  3612  3612 D ZenLog  : subscribe: condition://android/schedule?days=1.2.3.4.5&start=22.0&end=7.0&exitAtAlarm=false,ok
11-13 20:11:19.681  3612  3680 I SingleHandAdapter: onChange..
11-13 20:11:19.681  3612  3680 I SingleHandAdapter: updateSingleHandMode value:  cur: 
11-13 20:11:19.691  4764  4882 I LatinIME:LogUtils: Dictionary info: dictionary = main:fr ; version = 54 ; date = 1414726264
11-13 20:11:19.692  4772  4772 D LocalBluetoothProfileManager: Adding local MAP profile
11-13 20:11:19.693  4772  4772 D BluetoothMap: Create BluetoothMap proxy object
11-13 20:11:19.694  4772  4772 D LocalBluetoothProfileManager: LocalBluetoothProfileManager construction complete
11-13 20:11:19.701  4772  4772 I CameraManagerGlobal: Connecting to camera service
11-13 20:11:19.702  3165  3165 E CameraService: getCameraVendorTagDescriptor: camera hardware module doesn't exist
11-13 20:11:19.709  3177  4888 I libexynosv4l2: open video device /dev/video7
11-13 20:11:19.713  4934  4934 D CryptKeeper: Disabling component ComponentInfo{com.android.settings/com.android.settings.CryptKeeper}
11-13 20:11:19.717  3180  3180 W ACodec  : do not know color format 0x7f000011 = 2130706449
11-13 20:11:19.718  3180  3180 W ACodec  : do not know color format 0x10 = 16
11-13 20:11:19.718  3180  3180 W ACodec  : do not know color format 0x7f00a000 = 2130747392
11-13 20:11:19.719  3180  3180 W ACodec  : do not know color format 0x7f000789 = 2130708361
11-13 20:11:19.719  3180  3180 W ACodec  : do not know color format 0x7f000012 = 2130706450
11-13 20:11:19.720  3177  3177 E OMXNodeInstance: getConfig(c690009:Exynos.H263.Encoder, ConfigAndroidIntraRefresh(0x6f60000a)) ERROR: UnsupportedIndex(0x8000101a)
11-13 20:11:19.723  3180  3180 I MediaPlayerService: MediaPlayerService::getOMX
11-13 20:11:19.724  3180  3180 I OMXClient: MuxOMX ctor
11-13 20:11:19.724  3177  4888 I OMXMaster: makeComponentInstance(OMX.Exynos.MPEG4.Encoder) in mediacodec process
11-13 20:11:19.725  3177  4888 D libexynosv4l2: try node: /dev/video6
11-13 20:11:19.725  3177  4888 D libexynosv4l2: try node: /dev/video7
11-13 20:11:19.725  3177  4888 I libexynosv4l2: node found for device s5p-mfc-enc: /dev/video7
11-13 20:11:19.726  3612  3670 I ActivityManager: Start proc 4973:org.cyanogenmod.weather.provider/u0a32 for content provider org.cyanogenmod.weather.provider/.WeatherContentProvider
11-13 20:11:19.727  3612  4795 I WindowManager: Screen frozen for +109ms due to AppWindowToken{21acb28 token=Token{3f23cc5 ActivityRecord{92f773c u0 com.android.settings/.CryptKeeper t1}}}
11-13 20:11:19.732  3612  4795 I ActivityManager: START u0 {act=android.intent.action.MAIN cat=[android.intent.category.HOME] flg=0x10000100 cmp=com.android.settings/.FallbackHome} from uid 0 on display 0
11-13 20:11:19.745  3612  4795 I ActivityManager: Start proc 4989:com.android.settings/1000 for activity com.android.settings/.FallbackHome
11-13 20:11:19.754  3177  4888 I libexynosv4l2: open video device /dev/video7
11-13 20:11:19.757  4973  4973 W System  : ClassLoader referenced unknown path: /system/priv-app/WeatherProvider/lib/arm64
11-13 20:11:19.768  3180  3180 W ACodec  : do not know color format 0x7f000011 = 2130706449
11-13 20:11:19.770  4764  4882 I LatinIME:LogUtils: Dictionary info: dictionary = main:hr ; version = 44 ; date = 1393228135
11-13 20:11:19.771  3180  3180 W ACodec  : do not know color format 0x10 = 16
11-13 20:11:19.772  3180  3180 W ACodec  : do not know color format 0x7f00a000 = 2130747392
11-13 20:11:19.773  3180  3180 W ACodec  : do not know color format 0x7f000789 = 2130708361
11-13 20:11:19.774  3180  3180 W ACodec  : do not know color format 0x7f000012 = 2130706450
11-13 20:11:19.774  3177  3177 E OMXNodeInstance: getConfig(c69000a:Exynos.MPEG4.Encoder, ConfigAndroidIntraRefresh(0x6f60000a)) ERROR: UnsupportedIndex(0x8000101a)
11-13 20:11:19.782  3180  3180 I MediaPlayerService: MediaPlayerService::getOMX
11-13 20:11:19.783  3180  3180 I OMXClient: MuxOMX ctor
11-13 20:11:19.784  3177  4888 I OMXMaster: makeComponentInstance(OMX.Exynos.VP8.Encoder) in mediacodec process
11-13 20:11:19.785  3177  4888 D libexynosv4l2: try node: /dev/video6
11-13 20:11:19.785  3177  4888 D libexynosv4l2: try node: /dev/video7
11-13 20:11:19.785  3177  4888 I libexynosv4l2: node found for device s5p-mfc-enc: /dev/video7
11-13 20:11:19.802  4989  4989 W System  : ClassLoader referenced unknown path: /system/priv-app/Settings/lib/arm64
11-13 20:11:19.811  4764  4882 I LatinIME:LogUtils: Dictionary info: dictionary = main:hu ; version = 1 ; date = 1473269900
11-13 20:11:19.811  3612  4669 I chatty  : uid=1000(system) NetworkStats expire 2 lines
11-13 20:11:19.813  3612  5009 I chatty  : uid=1000(system) Thread-5 expire 2 lines
11-13 20:11:19.818  3177  4888 I libexynosv4l2: open video device /dev/video7
11-13 20:11:19.823  4764  4882 I LatinIME:LogUtils: Dictionary info: dictionary = main:it ; version = 54 ; date = 1414726258
11-13 20:11:19.826  3180  3180 W ACodec  : do not know color format 0x7f000011 = 2130706449
11-13 20:11:19.826  3180  3180 W ACodec  : do not know color format 0x10 = 16
11-13 20:11:19.828  3180  3180 W ACodec  : do not know color format 0x7f00a000 = 2130747392
11-13 20:11:19.828  3180  3180 W ACodec  : do not know color format 0x7f000789 = 2130708361
11-13 20:11:19.830  3180  3180 W ACodec  : do not know color format 0x7f000012 = 2130706450
11-13 20:11:19.830  3177  3177 E OMXNodeInstance: getConfig(c69000b:Exynos.VP8.Encoder, ConfigAndroidIntraRefresh(0x6f60000a)) ERROR: UnsupportedIndex(0x8000101a)
11-13 20:11:19.834  4772  4876 D OpenGLRenderer: profile bars disabled
11-13 20:11:19.834  4772  4876 D OpenGLRenderer: ambientRatio = 1.50
11-13 20:11:19.845  3180  3180 I MediaPlayerService: MediaPlayerService::getOMX
11-13 20:11:19.845  4772  4772 D PhoneStatusBar: disable: < EXPAND* icons alerts system_info BACK* HOME* RECENT* clock SEARCH* quick_settings >
11-13 20:11:19.845  4772  5013 E ActivityThread: Failed to find provider info for com.android.contacts
11-13 20:11:19.846  3180  3180 I OMXClient: MuxOMX ctor
11-13 20:11:19.846  3177  4888 I OMXMaster: makeComponentInstance(OMX.Exynos.HEVC.Encoder) in mediacodec process
11-13 20:11:19.847  3177  4888 D libexynosv4l2: try node: /dev/video6
11-13 20:11:19.847  3177  4888 D libexynosv4l2: try node: /dev/video7
11-13 20:11:19.847  3177  4888 I libexynosv4l2: node found for device s5p-mfc-enc: /dev/video7
11-13 20:11:19.877  3177  4888 I libexynosv4l2: open video device /dev/video7
11-13 20:11:19.880  3180  3180 W ACodec  : [OMX.Exynos.HEVC.Encoder] stopping checking profiles after 32: 2/400
11-13 20:11:19.881  3180  3180 W ACodec  : do not know color format 0x7f000011 = 2130706449
11-13 20:11:19.881  3180  3180 W ACodec  : do not know color format 0x10 = 16
11-13 20:11:19.882  3180  3180 W ACodec  : do not know color format 0x7f00a000 = 2130747392
11-13 20:11:19.882  3180  3180 W ACodec  : do not know color format 0x7f000789 = 2130708361
11-13 20:11:19.882  3180  3180 W ACodec  : do not know color format 0x7f000012 = 2130706450
11-13 20:11:19.882  3177  3177 E OMXNodeInstance: getConfig(c69000c:Exynos.HEVC.Encoder, ConfigAndroidIntraRefresh(0x6f60000a)) ERROR: UnsupportedIndex(0x8000101a)
11-13 20:11:19.890  3180  3180 I MediaPlayerService: MediaPlayerService::getOMX
11-13 20:11:19.890  3180  3180 I OMXClient: MuxOMX ctor
11-13 20:11:19.891  3177  4888 I OMXMaster: makeComponentInstance(OMX.google.mpeg4.decoder) in mediacodec process
11-13 20:11:19.895  4989  5015 I OpenGLRenderer: Initialized EGL, version 1.4
11-13 20:11:19.895  4989  5015 D OpenGLRenderer: Swap behavior 1
11-13 20:11:19.902  3177  4888 E OMXNodeInstance: getExtensionIndex(c69000d:google.mpeg4.decoder, OMX.google.android.index.configureVideoTunnelMode) ERROR: UnsupportedIndex(0x8000101a)
11-13 20:11:19.902  3177  3177 W OMXNodeInstance: [c69000d:google.mpeg4.decoder] component does not support metadata mode; using fallback
11-13 20:11:19.903  3076  3076 W auditd  : type=1327 audit(0.0:173): proctitle="com.android.phone"
11-13 20:11:19.903  3076  3076 W auditd  : type=1320 audit(0.0:173): 
11-13 20:11:19.903  3076  3076 W auditd  : type=1327 audit(0.0:174): proctitle="com.android.phone"
11-13 20:11:19.903  3076  3076 W auditd  : type=1320 audit(0.0:174): 
11-13 20:11:19.904  3180  3180 I MediaPlayerService: MediaPlayerService::getOMX
11-13 20:11:19.905  4989  5015 D mali_winsys: EGLint new_window_surface(egl_winsys_display*, void*, EGLSurface, EGLConfig, egl_winsys_surface**, egl_color_buffer_format*, EGLBoolean) returns 0x3000,  [1440x2960]-format:1
11-13 20:11:19.906  3180  3180 I OMXClient: MuxOMX ctor
11-13 20:11:19.906  3177  3177 I OMXMaster: makeComponentInstance(OMX.google.h263.decoder) in mediacodec process
11-13 20:11:19.907  4674  4674 I WifiStateMachin: type=1400 audit(0.0:175): avc: denied { write } for name="wpa_wlan0" dev="tmpfs" ino=1014 scontext=u:r:system_server:s0 tcontext=u:object_r:socket_device:s0 tclass=sock_file permissive=1
11-13 20:11:19.907  4674  4674 W WifiStateMachin: type=1300 audit(0.0:175): arch=c00000b7 syscall=203 success=yes exit=0 a0=f0 a1=7f796fd868 a2=18 a3=7f962e41f0 items=0 ppid=3170 auid=4294967295 uid=1000 gid=1000 euid=1000 suid=1000 fsuid=1000 egid=1000 sgid=1000 fsgid=1000 tty=(none) ses=4294967295 exe="/system/bin/app_process64" subj=u:r:system_server:s0 key=(null)
11-13 20:11:19.907  3076  3076 W auditd  : type=1327 audit(0.0:175): proctitle="system_server"
11-13 20:11:19.907  3076  3076 W auditd  : type=1320 audit(0.0:175): 
11-13 20:11:19.913  3177  4888 E OMXNodeInstance: getExtensionIndex(c69000e:google.h263.decoder, OMX.google.android.index.configureVideoTunnelMode) ERROR: UnsupportedIndex(0x8000101a)
11-13 20:11:19.913  3177  3177 W OMXNodeInstance: [c69000e:google.h263.decoder] component does not support metadata mode; using fallback
11-13 20:11:19.914  3180  3180 I MediaPlayerService: MediaPlayerService::getOMX
11-13 20:11:19.914  3180  3180 I OMXClient: MuxOMX ctor
11-13 20:11:19.915  3177  3177 I OMXMaster: makeComponentInstance(OMX.google.h264.decoder) in mediacodec process
11-13 20:11:19.921  3612  3674 W LocalDisplayAdapter: Unable to find color mode 0, ignoring request.
11-13 20:11:19.947  3180  3180 W ACodec  : [OMX.google.h264.decoder] stopping checking profiles after 32: 2/8000
11-13 20:11:19.948  3177  3233 E OMXNodeInstance: getExtensionIndex(c69000f:google.h264.decoder, OMX.google.android.index.configureVideoTunnelMode) ERROR: UnsupportedIndex(0x8000101a)
11-13 20:11:19.948  3177  3177 W OMXNodeInstance: [c69000f:google.h264.decoder] component does not support metadata mode; using fallback
11-13 20:11:19.951  3180  3180 I MediaPlayerService: MediaPlayerService::getOMX
11-13 20:11:19.951  3180  3180 I OMXClient: MuxOMX ctor
11-13 20:11:19.951  3177  4898 I OMXMaster: makeComponentInstance(OMX.google.hevc.decoder) in mediacodec process
11-13 20:11:19.965  3612  3680 W LocalDisplayAdapter: Unable to find color mode 0, ignoring request.
11-13 20:11:19.968  3177  4898 E OMXNodeInstance: getExtensionIndex(c690010:google.hevc.decoder, OMX.google.android.index.configureVideoTunnelMode) ERROR: UnsupportedIndex(0x8000101a)
11-13 20:11:19.968  3177  4888 W OMXNodeInstance: [c690010:google.hevc.decoder] component does not support metadata mode; using fallback
11-13 20:11:19.972  3180  3180 I MediaPlayerService: MediaPlayerService::getOMX
11-13 20:11:19.974  3180  3180 I OMXClient: MuxOMX ctor
11-13 20:11:19.974  3177  4888 I OMXMaster: makeComponentInstance(OMX.google.vp8.decoder) in mediacodec process
11-13 20:11:19.988  3177  4898 E OMXNodeInstance: getExtensionIndex(c690011:google.vp8.decoder, OMX.google.android.index.configureVideoTunnelMode) ERROR: UnsupportedIndex(0x8000101a)
11-13 20:11:19.989  3177  3233 W OMXNodeInstance: [c690011:google.vp8.decoder] component does not support metadata mode; using fallback
11-13 20:11:19.991  3180  3180 I MediaPlayerService: MediaPlayerService::getOMX
11-13 20:11:19.992  3180  3180 I OMXClient: MuxOMX ctor
11-13 20:11:19.992  3177  3177 I OMXMaster: makeComponentInstance(OMX.google.vp9.decoder) in mediacodec process
11-13 20:11:19.996  3177  3177 E OMXNodeInstance: getExtensionIndex(c690012:google.vp9.decoder, OMX.google.android.index.configureVideoTunnelMode) ERROR: UnsupportedIndex(0x8000101a)
11-13 20:11:19.996  3177  4888 W OMXNodeInstance: [c690012:google.vp9.decoder] component does not support metadata mode; using fallback
11-13 20:11:19.998  3180  3180 I MediaPlayerService: MediaPlayerService::getOMX
11-13 20:11:19.998  3180  3180 I OMXClient: MuxOMX ctor
11-13 20:11:19.998  3177  4888 I OMXMaster: makeComponentInstance(OMX.google.h263.encoder) in mediacodec process
11-13 20:11:20.006  3177  4888 I SoftMPEG4Encoder: Construct SoftMPEG4Encoder
11-13 20:11:20.008  3180  3180 W ACodec  : do not know color format 0x7f000789 = 2130708361
11-13 20:11:20.009  3177  3233 E OMXNodeInstance: getConfig(c690013:google.h263.encoder, ConfigAndroidIntraRefresh(0x6f60000a)) ERROR: Undefined(0x80001001)
11-13 20:11:20.012  3180  3180 I MediaPlayerService: MediaPlayerService::getOMX
11-13 20:11:20.014  3180  3180 I OMXClient: MuxOMX ctor
11-13 20:11:20.014  3612  3680 I chatty  : uid=1000(system) android.display expire 3 lines
11-13 20:11:20.014  3177  4898 I OMXMaster: makeComponentInstance(OMX.google.h264.encoder) in mediacodec process
11-13 20:11:20.021  3612  3680 I WindowManager: Screen frozen for +255ms due to AppWindowToken{8c1ac74 token=Token{2ac4b86 ActivityRecord{cba9bc8 u0 com.android.settings/.FallbackHome t2}}}
11-13 20:11:20.027  3180  3180 W ACodec  : do not know color format 0x7f000789 = 2130708361
11-13 20:11:20.031  3180  3180 I MediaPlayerService: MediaPlayerService::getOMX
11-13 20:11:20.032  3180  3180 I OMXClient: MuxOMX ctor
11-13 20:11:20.032  3177  3177 I OMXMaster: makeComponentInstance(OMX.google.mpeg4.encoder) in mediacodec process
11-13 20:11:20.034  3177  3177 I SoftMPEG4Encoder: Construct SoftMPEG4Encoder
11-13 20:11:20.040  3612  3673 I chatty  : uid=1000(system) ActivityManager expire 5 lines
11-13 20:11:20.044  4772  4772 D PhoneStatusBar: heads up is enabled
11-13 20:11:20.048  3180  3180 W ACodec  : do not know color format 0x7f000789 = 2130708361
11-13 20:11:20.051  3177  4898 E OMXNodeInstance: getConfig(c690015:google.mpeg4.encoder, ConfigAndroidIntraRefresh(0x6f60000a)) ERROR: Undefined(0x80001001)
11-13 20:11:20.053  4772  4772 D StatusBar: user hasn't seen notification about hidden notifications
11-13 20:11:20.055  3180  3180 I MediaPlayerService: MediaPlayerService::getOMX
11-13 20:11:20.056  4772  4772 D StatusBar: insecure lockscreen, skipping notification
11-13 20:11:20.057  3180  3180 I OMXClient: MuxOMX ctor
11-13 20:11:20.058  3177  4888 I OMXMaster: makeComponentInstance(OMX.google.vp8.encoder) in mediacodec process
11-13 20:11:20.070  3180  3180 W ACodec  : do not know color format 0x7f000789 = 2130708361
11-13 20:11:20.071  3177  3233 E OMXNodeInstance: getConfig(c690016:google.vp8.encoder, ConfigAndroidIntraRefresh(0x6f60000a)) ERROR: Undefined(0x80001001)
11-13 20:11:20.075  4772  4772 I Choreographer: Skipped 46 frames!  The application may be doing too much work on its main thread.
11-13 20:11:20.077  3180  3180 I MediaPlayerService: MediaPlayerService::getOMX
11-13 20:11:20.077  3180  3180 I OMXClient: MuxOMX ctor
11-13 20:11:20.077  3177  3177 I OMXMaster: makeComponentInstance(OMX.google.mp3.decoder) in mediacodec process
11-13 20:11:20.088  4772  4772 D ViewRootImpl[StatusBar]: changeCanvasOpacity: opaque=true
11-13 20:11:20.089  3180  3180 I MediaPlayerService: MediaPlayerService::getOMX
11-13 20:11:20.090  3180  3180 I OMXClient: MuxOMX ctor
11-13 20:11:20.090  3177  3177 I OMXMaster: makeComponentInstance(OMX.google.amrnb.decoder) in mediacodec process
11-13 20:11:20.095  3180  3180 I MediaPlayerService: MediaPlayerService::getOMX
11-13 20:11:20.096  3180  3180 I OMXClient: MuxOMX ctor
11-13 20:11:20.096  3177  3177 I OMXMaster: makeComponentInstance(OMX.google.amrwb.decoder) in mediacodec process
11-13 20:11:20.102  3180  3180 I MediaPlayerService: MediaPlayerService::getOMX
11-13 20:11:20.103  3076  3076 W auditd  : type=1327 audit(0.0:176): proctitle="com.android.phone"
11-13 20:11:20.103  3076  3076 W auditd  : type=1320 audit(0.0:176): 
11-13 20:11:20.105  3180  3180 I OMXClient: MuxOMX ctor
11-13 20:11:20.105  3177  3177 I OMXMaster: makeComponentInstance(OMX.google.aac.decoder) in mediacodec process
11-13 20:11:20.125  3180  3180 I MediaPlayerService: MediaPlayerService::getOMX
11-13 20:11:20.126  3180  3180 I OMXClient: MuxOMX ctor
11-13 20:11:20.126  3177  4888 I OMXMaster: makeComponentInstance(OMX.google.g711.alaw.decoder) in mediacodec process
11-13 20:11:20.138  3180  3180 I MediaPlayerService: MediaPlayerService::getOMX
11-13 20:11:20.141  3180  3180 I OMXClient: MuxOMX ctor
11-13 20:11:20.142  3177  4888 I OMXMaster: makeComponentInstance(OMX.google.g711.mlaw.decoder) in mediacodec process
11-13 20:11:20.148  3180  3180 I MediaPlayerService: MediaPlayerService::getOMX
