11-09 19:42:06.619  3609  3609 I main    : type=1400 audit(0.0:118): avc: denied { sys_nice } for capability=23 scontext=u:r:zygote:s0 tcontext=u:r:zygote:s0 tclass=capability permissive=1
11-09 19:42:06.619  3609  3609 W main    : type=1300 audit(0.0:118): arch=c00000b7 syscall=119 success=yes exit=0 a0=e19 a1=0 a2=7fde46d7f0 a3=0 items=0 ppid=3170 auid=4294967295 uid=1000 gid=1000 euid=1000 suid=1000 fsuid=1000 egid=1000 sgid=1000 fsgid=1000 tty=(none) ses=4294967295 exe="/system/bin/app_process64" subj=u:r:zygote:s0 key=(null)
11-09 19:42:06.619  3077  3077 W auditd  : type=1327 audit(0.0:118): proctitle="zygote64"
11-09 19:42:06.619  3077  3077 W auditd  : type=1320 audit(0.0:118): 
11-09 19:42:06.628  3609  3609 I Zygote  : Process: zygote socket opened, supported ABIS: armeabi-v7a,armeabi
11-09 19:42:06.629  3609  3609 I InstallerConnection: connecting...
11-09 19:42:06.629  3174  3174 I         : new connection
11-09 19:42:06.647  3620  3620 I dex2oat : /system/bin/dex2oat --compiler-filter=speed
11-09 19:42:06.940  3620  3620 I dex2oat : dex2oat took 294.065ms (threads: 8) arena alloc=2MB (2294808B) java alloc=757KB (775688B) native alloc=2MB (3090936B) free=4MB (4773384B)
11-09 19:42:06.961  3630  3630 I dex2oat : /system/bin/dex2oat --compiler-filter=speed
11-09 19:42:07.048  3630  3630 I dex2oat : dex2oat took 87.317ms (threads: 8) arena alloc=807KB (827016B) java alloc=105KB (107936B) native alloc=1232KB (1262040B) free=2MB (2932264B)
11-09 19:42:07.067  3639  3639 I dex2oat : /system/bin/dex2oat --compiler-filter=speed
11-09 19:42:08.064  3639  3646 W dex2oat : Compilation of void com.android.server.SystemServer.startOtherServices() took 127.207ms
11-09 19:42:09.940  3639  3643 W dex2oat : Compilation of android.content.pm.PackageParser$Package com.android.server.pm.PackageManagerService.scanPackageDirtyLI(android.content.pm.PackageParser$Package, int, int, long, android.os.UserHandle) took 310.908ms
11-09 19:42:10.583  3639  3639 I dex2oat : dex2oat took 3.516s (threads: 8) arena alloc=15MB (16020232B) java alloc=3MB (3866808B) native alloc=32MB (34096616B) free=20MB (21215768B)
11-09 19:42:10.608  3648  3648 I dex2oat : /system/bin/dex2oat --compiler-filter=speed
11-09 19:42:10.890  3648  3648 I dex2oat : dex2oat took 282.798ms (threads: 8) arena alloc=1063KB (1088848B) java alloc=178KB (182312B) native alloc=2MB (2321096B) free=3MB (3970360B)
11-09 19:42:10.911  3657  3657 I dex2oat : /system/bin/dex2oat --compiler-filter=speed
11-09 19:42:11.605  3657  3657 I dex2oat : dex2oat took 694.689ms (threads: 8) arena alloc=12MB (13339840B) java alloc=709KB (726392B) native alloc=5MB (5727824B) free=17MB (18651568B)
11-09 19:42:11.611  3609  3609 I InstallerConnection: disconnecting...
11-09 19:42:11.611  3174  3174 E         : eof
11-09 19:42:11.611  3174  3174 E         : failed to read size
11-09 19:42:11.611  3174  3174 I         : closing connection
11-09 19:42:11.614  3609  3609 W art     : Found duplicate classes, falling back to interpreter mode for /system/framework/wifi-service.jar
11-09 19:42:11.614  3609  3609 W art     : Found duplicated class when checking oat files: 'Lcom/google/protobuf/nano/MessageNano;' in /system/framework/services.jar and /system/framework/wifi-service.jar
11-09 19:42:11.637  3609  3609 I SystemServer: Entered the Android system server!
11-09 19:42:11.657  3609  3609 I SystemServiceManager: Starting com.android.server.pm.Installer
11-09 19:42:11.657  3609  3609 I Installer: Waiting for installd to be ready.
11-09 19:42:11.657  3609  3609 I InstallerConnection: connecting...
11-09 19:42:11.657  3174  3174 I         : new connection
11-09 19:42:11.658  3609  3609 I SystemServiceManager: Starting com.android.server.am.ActivityManagerService$Lifecycle
11-09 19:42:11.663  3609  3609 I ActivityManager: Memory class: 256
11-09 19:42:11.664  3609  3669 I ServiceThread: Enabled StrictMode logging for ActivityManager looper.
11-09 19:42:11.665  3609  3670 I ServiceThread: Enabled StrictMode logging for android.ui looper.
11-09 19:42:11.669  3609  3609 D BatteryStatsImpl: Reading daily items from /data/system/batterystats-daily.xml
11-09 19:42:11.693  3609  3609 I AppOps  : No existing app ops /data/system/appops.xml; starting empty
11-09 19:42:11.726  3609  3609 I IntentFirewall: Read new rules (A:0 B:0 S:0)
11-09 19:42:11.728  3609  3676 I ServiceThread: Enabled StrictMode logging for android.display looper.
11-09 19:42:11.731  3609  3609 D AppOps  : AppOpsService published
11-09 19:42:11.731  3609  3609 I SystemServiceManager: Starting com.android.server.power.PowerManagerService
11-09 19:42:11.732  3609  3678 I ServiceThread: Enabled StrictMode logging for PowerManagerService looper.
11-09 19:42:11.734  3609  3609 I SamsungPowerHAL: Initialized settings:
11-09 19:42:11.734  3609  3609 I SamsungPowerHAL: max_freqs: cluster[0]: 1690000, cluster[1]: 2314000
11-09 19:42:11.734  3609  3609 I SamsungPowerHAL: hispeed_freqs: cluster[0]: 1690000, cluster[1]: 2496000
11-09 19:42:11.735  3609  3609 I SamsungPowerHAL: boostpulse_fd: 62
11-09 19:42:11.735  3609  3609 I SamsungPowerHAL: touchscreen_power_path: /sys/class/input/input0/enabled
11-09 19:42:11.735  3609  3609 I SamsungPowerHAL: touchkey_power_path: NULL
11-09 19:42:11.735  3609  3609 W libsuspend: Error writing 'on' to /sys/power/state: Invalid argument
11-09 19:42:11.735  3609  3609 I libsuspend: Selected wakeup count
11-09 19:42:11.736  3609  3609 I SystemServiceManager: Starting com.android.server.lights.LightsService
11-09 19:42:11.737  3609  3609 I SystemServiceManager: Starting com.android.server.display.DisplayManagerService
11-09 19:42:11.739  3609  3609 I SystemServiceManager: Starting phase 100
11-09 19:42:11.740  3609  3676 W LocalDisplayAdapter: Unable to get active color mode for display device 0
11-09 19:42:11.740  3609  3676 E LocalDisplayAdapter: Default and active color mode is no longer available! Reverting to first available mode.
11-09 19:42:11.740  3148  3554 E SurfaceFlinger: getDefaultDisplay: id=2 is not a valid default display id
11-09 19:42:11.740  3609  3676 I DisplayManagerService: Display device added: DisplayDeviceInfo{"Built-in Screen": uniqueId="local:0", 1440 x 2960, modeId 1, defaultModeId 1, supportedModes [{id=1, width=1440, height=2960, fps=60.000004}], colorMode -22, supportedColorModes [-22], HdrCapabilities android.view.Display$HdrCapabilities@a69d6308, density 560, 522.514 x 525.762 dpi, appVsyncOff 1000000, presDeadline 16666666, touch INTERNAL, rotation 0, type BUILT_IN, state UNKNOWN, FLAG_DEFAULT_DISPLAY, FLAG_ROTATES_WITH_CONTENT, FLAG_SECURE, FLAG_SUPPORTS_PROTECTED_BUFFERS}
11-09 19:42:11.741  3148  3148 D SurfaceFlinger: Set power mode=2, type=0 flinger=0x7f9da48000
11-09 19:42:11.741  3148  3148 D SurfaceFlinger: Screen type=0 is already mode=2
11-09 19:42:11.753  3609  3676 I DisplayManagerService: Display device changed state: "Built-in Screen", ON
11-09 19:42:11.753  3609  3609 I SystemServer: StartPackageManagerService
11-09 19:42:11.757  3609  3609 W FileUtils: Failed to chmod(/data/system/packages.list): android.system.ErrnoException: chmod failed: ENOENT (No such file or directory)
11-09 19:42:11.806  3609  3609 D SELinuxMMAC: Using policy file /system/etc/security/mac_permissions.xml
11-09 19:42:11.807  3609  3609 I PackageManager: No settings file; creating initial state
11-09 19:42:11.824  3683  3683 I dex2oat : /system/bin/dex2oat --compiler-filter=speed
11-09 19:42:12.103  3683  3683 I dex2oat : dex2oat took 278.606ms (threads: 8) arena alloc=2MB (2168712B) java alloc=697KB (714168B) native alloc=2MB (2581424B) free=5MB (5282896B)
11-09 19:42:12.122  3692  3692 I dex2oat : /system/bin/dex2oat --compiler-filter=speed
11-09 19:42:12.199  3692  3692 I dex2oat : dex2oat took 76.967ms (threads: 8) arena alloc=500KB (512320B) java alloc=269KB (276368B) native alloc=1285KB (1315864B) free=3MB (3927016B)
11-09 19:42:12.217  3701  3701 I dex2oat : /system/bin/dex2oat --compiler-filter=speed
11-09 19:42:12.284  3701  3701 I dex2oat : dex2oat took 67.810ms (threads: 8) arena alloc=247KB (253104B) java alloc=51KB (53128B) native alloc=1093KB (1119624B) free=1466KB (1501816B)
11-09 19:42:12.303  3710  3710 I dex2oat : /system/bin/dex2oat --compiler-filter=speed
11-09 19:42:12.412  3710  3710 I dex2oat : dex2oat took 109.369ms (threads: 8) arena alloc=3MB (3316936B) java alloc=158KB (162312B) native alloc=1313KB (1344752B) free=5MB (5995280B)
11-09 19:42:12.430  3719  3719 I dex2oat : /system/bin/dex2oat --compiler-filter=speed
11-09 19:42:12.502  3719  3719 I dex2oat : dex2oat took 73.026ms (threads: 8) arena alloc=750KB (768232B) java alloc=83KB (85032B) native alloc=975KB (999048B) free=2MB (2670968B)
11-09 19:42:12.521  3728  3728 I dex2oat : /system/bin/dex2oat --compiler-filter=speed
11-09 19:42:12.662  3728  3728 I dex2oat : dex2oat took 142.015ms (threads: 8) arena alloc=1610KB (1649648B) java alloc=349KB (357536B) native alloc=1379KB (1412384B) free=4MB (4879072B)
11-09 19:42:12.665  3609  3609 E art     : DexFile_getDexOptNeeded file '/system/framework/org.apache.http.legacy.jar' does not exist
11-09 19:42:12.666  3609  3609 W PackageManager: Library not found: /system/framework/org.apache.http.legacy.jar
11-09 19:42:12.681  3737  3737 I dex2oat : /system/bin/dex2oat --compiler-filter=speed
11-09 19:42:12.752  3737  3737 I dex2oat : dex2oat took 70.697ms (threads: 8) arena alloc=458KB (469048B) java alloc=89KB (91720B) native alloc=1162KB (1190904B) free=2MB (3003400B)
11-09 19:42:12.770  3746  3746 I dex2oat : /system/bin/dex2oat --compiler-filter=speed
11-09 19:42:12.837  3746  3746 I dex2oat : dex2oat took 67.613ms (threads: 8) arena alloc=259KB (265344B) java alloc=84KB (86800B) native alloc=1107KB (1133856B) free=2MB (2536160B)
11-09 19:42:12.855  3755  3755 I dex2oat : /system/bin/dex2oat --compiler-filter=speed
11-09 19:42:12.879  3755  3755 I dex2oat : dex2oat took 24.391ms (threads: 8) arena alloc=84KB (86488B) java alloc=59KB (61128B) native alloc=1029KB (1054464B) free=2042KB (2091264B)
11-09 19:42:12.897  3764  3764 I dex2oat : /system/bin/dex2oat --compiler-filter=speed
11-09 19:42:12.932  3764  3764 I dex2oat : dex2oat took 34.799ms (threads: 8) arena alloc=585KB (599576B) java alloc=203KB (208672B) native alloc=1280KB (1311472B) free=3MB (3407120B)
11-09 19:42:12.950  3773  3773 I dex2oat : /system/bin/dex2oat --compiler-filter=speed
11-09 19:42:12.976  3773  3773 I dex2oat : dex2oat took 26.245ms (threads: 8) arena alloc=253KB (259560B) java alloc=37KB (38472B) native alloc=1104KB (1131176B) free=1967KB (2014552B)
11-09 19:42:12.994  3782  3782 I dex2oat : /system/bin/dex2oat --compiler-filter=speed
11-09 19:42:13.062  3782  3782 I dex2oat : dex2oat took 68.422ms (threads: 8) arena alloc=3MB (3864024B) java alloc=115KB (118224B) native alloc=1358KB (1391208B) free=6MB (6997400B)
11-09 19:42:13.080  3791  3791 I dex2oat : /system/bin/dex2oat --compiler-filter=speed
11-09 19:42:13.176  3791  3791 I dex2oat : dex2oat took 96.407ms (threads: 8) arena alloc=1704KB (1745040B) java alloc=360KB (368936B) native alloc=1962KB (2009352B) free=4MB (4282104B)
11-09 19:42:13.179  3609  3609 E art     : DexFile_getDexOptNeeded file '/system/framework/org.apache.http.legacy.jar' does not exist
11-09 19:42:13.180  3609  3609 W PackageManager: Library not found: /system/framework/org.apache.http.legacy.jar
11-09 19:42:13.195  3800  3800 I dex2oat : /system/bin/dex2oat --compiler-filter=speed
11-09 19:42:13.225  3800  3800 I dex2oat : dex2oat took 29.684ms (threads: 8) arena alloc=567KB (580936B) java alloc=77KB (79424B) native alloc=1153KB (1181216B) free=3MB (3537376B)
11-09 19:42:13.243  3809  3809 I dex2oat : /system/bin/dex2oat --compiler-filter=speed
11-09 19:42:13.269  3809  3809 I dex2oat : dex2oat took 26.561ms (threads: 8) arena alloc=322KB (330160B) java alloc=83KB (85608B) native alloc=1086KB (1112480B) free=1985KB (2033248B)
11-09 19:42:13.287  3818  3818 I dex2oat : /system/bin/dex2oat --compiler-filter=speed
11-09 19:42:13.314  3818  3818 I dex2oat : dex2oat took 27.192ms (threads: 8) arena alloc=102KB (105336B) java alloc=59KB (61384B) native alloc=1044KB (1069776B) free=2MB (2600240B)
11-09 19:42:13.316  3609  3609 D PackageManager: No files in app dir /vendor/overlay
11-09 19:42:13.316  3609  3609 D PackageManager: start scanDirLI:/system/framework
11-09 19:42:13.316  3609  3609 D PackageManager: max thread:6
11-09 19:42:13.321  3609  3828 I PackageManager: /system/framework/org.cyanogenmod.platform-res.apk changed; collecting certs
11-09 19:42:13.326  3609  3828 W PackageManager: Permission cyanogenmod.permission.WRITE_ALARMS from package cyanogenmod.platform in an unknown group android.permission-group.SYSTEM_CLOCK
11-09 19:42:13.326  3609  3828 W PackageManager: Permission cyanogenmod.permission.MANAGE_ALARMS from package cyanogenmod.platform in an unknown group android.permission-group.SYSTEM_CLOCK
11-09 19:42:13.326  3609  3828 W PackageManager: Permission cyanogenmod.permission.READ_ALARMS from package cyanogenmod.platform in an unknown group android.permission-group.SYSTEM_CLOCK
11-09 19:42:13.328  3609  3827 I PackageManager: /system/framework/framework-res.apk changed; collecting certs
11-09 19:42:13.383  3609  3609 D PackageManager: end scanDirLI:/system/framework
11-09 19:42:13.384  3609  3609 D PackageManager: start scanDirLI:/system/priv-app
11-09 19:42:13.384  3609  3609 D PackageManager: max thread:6
11-09 19:42:13.397  3609  3827 I PackageManager: /system/priv-app/CMSettingsProvider changed; collecting certs
11-09 19:42:13.398  3609  3830 I PackageManager: /system/priv-app/BackupRestoreConfirmation changed; collecting certs
11-09 19:42:13.399  3609  3829 I PackageManager: /system/priv-app/AudioFX changed; collecting certs
11-09 19:42:13.399  3609  3831 I PackageManager: /system/priv-app/BlockedNumberProvider changed; collecting certs
11-09 19:42:13.401  3609  3832 I PackageManager: /system/priv-app/CMAudioService changed; collecting certs
11-09 19:42:13.402  3609  3831 I PackageManager: New shared user android.uid.shared: id=10000
11-09 19:42:13.405  3609  3831 I PackageManager: /system/priv-app/CallLogBackup changed; collecting certs
11-09 19:42:13.406  3609  3827 I PackageManager: /system/priv-app/CalendarProvider changed; collecting certs
11-09 19:42:13.407  3609  3827 I PackageManager: New shared user android.uid.calendar: id=10004
11-09 19:42:13.410  3609  3830 I PackageManager: /system/priv-app/CarrierConfig changed; collecting certs
11-09 19:42:13.412  3609  3829 I PackageManager: /system/priv-app/CellBroadcastReceiver changed; collecting certs
11-09 19:42:13.414  3609  3827 I PackageManager: /system/priv-app/CtsShimPrivPrebuilt changed; collecting certs
11-09 19:42:13.416  3609  3828 I PackageManager: /system/priv-app/CMParts changed; collecting certs
11-09 19:42:13.418  3609  3831 I PackageManager: /system/priv-app/ContactsProvider changed; collecting certs
11-09 19:42:13.424  3609  3830 I PackageManager: /system/priv-app/DefaultContainerService changed; collecting certs
11-09 19:42:13.427  3609  3832 W PackageParser: No actions in intent filter at /system/priv-app/Contacts/Contacts.apk Binary XML file line #431
11-09 19:42:13.428  3609  3832 I PackageManager: /system/priv-app/Contacts changed; collecting certs
11-09 19:42:13.434  3609  3831 I PackageManager: /system/priv-app/DocumentsUI changed; collecting certs
11-09 19:42:13.434  3609  3829 I PackageManager: /system/priv-app/DownloadProvider changed; collecting certs
11-09 19:42:13.438  3609  3829 I PackageManager: New shared user android.media: id=10009
11-09 19:42:13.438  3609  3830 I PackageManager: /system/priv-app/Eleven changed; collecting certs
11-09 19:42:13.439  3609  3829 W PackageManager: Permission android.permission.DOWNLOAD_WITHOUT_NOTIFICATION from package com.android.providers.downloads in an unknown group android.permission-group.NETWORK
11-09 19:42:13.446  3609  3829 I PackageManager: /system/priv-app/ExtServices changed; collecting certs
11-09 19:42:13.452  3609  3828 I PackageManager: /system/priv-app/EmergencyInfo changed; collecting certs
11-09 19:42:13.455  3609  3831 I PackageManager: /system/priv-app/ExternalStorageProvider changed; collecting certs
11-09 19:42:13.458  3609  3829 I PackageManager: /system/priv-app/FusedLocation changed; collecting certs
11-09 19:42:13.459  3609  3827 W PackageParser: No actions in intent filter at /system/priv-app/Dialer/Dialer.apk Binary XML file line #207
11-09 19:42:13.460  3609  3827 I PackageManager: /system/priv-app/Dialer changed; collecting certs
11-09 19:42:13.466  3609  3828 I PackageManager: New shared user com.android.emergency.uid: id=10015
11-09 19:42:13.466  3609  3829 I PackageManager: /system/priv-app/InputDevices changed; collecting certs
11-09 19:42:13.477  3609  3829 I PackageManager: /system/priv-app/MmsService changed; collecting certs
11-09 19:42:13.479  3609  3831 I PackageManager: /system/priv-app/Gallery2 changed; collecting certs
11-09 19:42:13.479  3609  3832 I PackageManager: /system/priv-app/LineageSetupWizard changed; collecting certs
11-09 19:42:13.480  3609  3830 I PackageManager: /system/priv-app/ManagedProvisioning changed; collecting certs
11-09 19:42:13.480  3609  3828 I PackageManager: /system/priv-app/MediaProvider changed; collecting certs
11-09 19:42:13.487  3609  3828 I PackageManager: /system/priv-app/OneTimeInitializer changed; collecting certs
11-09 19:42:13.487  3609  3829 I PackageManager: /system/priv-app/MtpDocumentsProvider changed; collecting certs
11-09 19:42:13.494  3609  3828 I PackageManager: /system/priv-app/ProxyHandler changed; collecting certs
11-09 19:42:13.501  3609  3828 I PackageManager: /system/priv-app/SharedStorageBackup changed; collecting certs
11-09 19:42:13.502  3609  3832 I PackageManager: /system/priv-app/SettingsProvider changed; collecting certs
11-09 19:42:13.507  3609  3829 I PackageManager: /system/priv-app/Recorder changed; collecting certs
11-09 19:42:13.508  3609  3830 I PackageManager: /system/priv-app/PackageInstaller changed; collecting certs
11-09 19:42:13.510  3609  3832 I PackageManager: /system/priv-app/StatementService changed; collecting certs
11-09 19:42:13.514  3609  3828 W PackageParser: Ignoring duplicate uses-permissions/uses-permissions-sdk-m: android.permission.INSTALL_GRANT_RUNTIME_PERMISSIONS in package: com.android.shell at: Binary XML file line #102
11-09 19:42:13.514  3609  3828 I PackageManager: /system/priv-app/Shell changed; collecting certs
11-09 19:42:13.525  3609  3831 I PackageManager: /system/priv-app/Tag changed; collecting certs
11-09 19:42:13.526  3609  3832 I PackageManager: /system/priv-app/StorageManager changed; collecting certs
11-09 19:42:13.536  3609  3831 I PackageManager: /system/priv-app/TelephonyProvider changed; collecting certs
11-09 19:42:13.543  3609  3830 I PackageManager: /system/priv-app/Telecom changed; collecting certs
11-09 19:42:13.548  3609  3829 W PackageParser: Ignoring duplicate uses-permissions/uses-permissions-sdk-m: android.permission.CONFIGURE_WIFI_DISPLAY in package: com.android.systemui at: Binary XML file line #117
11-09 19:42:13.551  3609  3831 I PackageManager: /system/priv-app/Trebuchet changed; collecting certs
11-09 19:42:13.553  3609  3832 I PackageManager: /system/priv-app/Updater changed; collecting certs
11-09 19:42:13.553  3609  3829 I PackageManager: /system/priv-app/SystemUI changed; collecting certs
11-09 19:42:13.558  3609  3828 I PackageManager: /system/priv-app/TeleService changed; collecting certs
11-09 19:42:13.562  3609  3831 W PackageManager: Permission com.android.launcher.permission.INSTALL_SHORTCUT from package com.cyanogenmod.trebuchet in an unknown group android.permission-group.SYSTEM_TOOLS
11-09 19:42:13.562  3609  3831 W PackageManager: Permission com.android.launcher3.permission.READ_SETTINGS from package com.cyanogenmod.trebuchet in an unknown group android.permission-group.SYSTEM_TOOLS
11-09 19:42:13.562  3609  3831 W PackageManager: Permission com.android.launcher3.permission.WRITE_SETTINGS from package com.cyanogenmod.trebuchet in an unknown group android.permission-group.SYSTEM_TOOLS
11-09 19:42:13.568  3609  3830 I PackageManager: /system/priv-app/VpnDialogs changed; collecting certs
11-09 19:42:13.571  3609  3832 I PackageManager: /system/priv-app/WallpaperCropper changed; collecting certs
11-09 19:42:13.575  3609  3831 I PackageManager: /system/priv-app/WeatherManagerService changed; collecting certs
11-09 19:42:13.576  3609  3830 I PackageManager: /system/priv-app/WeatherProvider changed; collecting certs
11-09 19:42:13.590  3609  3827 W PackageParser: Ignoring duplicate uses-permissions/uses-permissions-sdk-m: android.permission.USE_CREDENTIALS in package: com.android.settings at: Binary XML file line #56
11-09 19:42:13.590  3609  3827 W PackageParser: Ignoring duplicate uses-permissions/uses-permissions-sdk-m: android.permission.READ_SYNC_SETTINGS in package: com.android.settings at: Binary XML file line #61
11-09 19:42:13.590  3609  3827 W PackageParser: Ignoring duplicate uses-permissions/uses-permissions-sdk-m: android.permission.WRITE_SYNC_SETTINGS in package: com.android.settings at: Binary XML file line #62
11-09 19:42:13.594  3609  3829 I PackageManager: New shared user android.uid.systemui: id=10033
11-09 19:42:13.602  3609  3827 I PackageManager: /system/priv-app/Settings changed; collecting certs
11-09 19:42:13.674  3609  3609 D PackageManager: end scanDirLI:/system/priv-app
11-09 19:42:13.674  3609  3609 D PackageManager: start scanDirLI:/system/app
11-09 19:42:13.674  3609  3609 D PackageManager: max thread:6
11-09 19:42:13.680  3609  3829 I PackageManager: /system/app/BookmarkProvider changed; collecting certs
11-09 19:42:13.680  3609  3828 I PackageManager: /system/app/BluetoothMidiService changed; collecting certs
11-09 19:42:13.681  3609  3831 I PackageManager: /system/app/BasicDreams changed; collecting certs
11-09 19:42:13.685  3609  3832 I PackageManager: /system/app/AdvancedDisplay changed; collecting certs
11-09 19:42:13.687  3609  3828 I PackageManager: /system/app/CaptivePortalLogin changed; collecting certs
11-09 19:42:13.687  3609  3830 W PackageParser: No actions in intent filter at /system/app/Bluetooth/Bluetooth.apk Binary XML file line #226
11-09 19:42:13.688  3609  3830 I PackageManager: /system/app/Bluetooth changed; collecting certs
11-09 19:42:13.690  3609  3827 I PackageManager: /system/app/Calendar changed; collecting certs
11-09 19:42:13.696  3609  3831 I PackageManager: /system/app/CertInstaller changed; collecting certs
11-09 19:42:13.697  3609  3828 I PackageManager: /system/app/CtsShimPrebuilt changed; collecting certs
11-09 19:42:13.699  3609  3828 W PackageManager: Non-privileged app; cap priority to 0; package: com.android.cts.ctsshim activity: com.android.cts.ctsshim.InstallPriority origPrio: 100
11-09 19:42:13.699  3609  3828 W PackageManager: Non-privileged app; cap priority to 0; package: com.android.cts.ctsshim activity: com.android.cts.ctsshim.InstallPriority origPrio: 100
11-09 19:42:13.699  3609  3828 W PackageManager: Non-privileged app; cap priority to 0; package: com.android.cts.ctsshim activity: com.android.cts.ctsshim.InstallPriority origPrio: 100
11-09 19:42:13.699  3609  3828 W PackageManager: Non-privileged app; cap priority to 0; package: com.android.cts.ctsshim activity: com.android.cts.ctsshim.InstallPriority origPrio: 100
11-09 19:42:13.699  3609  3828 W PackageManager: Non-privileged app; cap priority to 0; package: com.android.cts.ctsshim activity: com.android.cts.ctsshim.InstallPriority origPrio: 100
11-09 19:42:13.701  3609  3827 W PackageManager: Non-privileged app; cap priority to 0; package: com.android.calendar activity: com.android.calendar.GoogleCalendarUriIntentFilter origPrio: 50
11-09 19:42:13.704  3609  3829 I PackageManager: /system/app/Camera2 changed; collecting certs
11-09 19:42:13.707  3609  3828 I PackageManager: /system/app/Development changed; collecting certs
11-09 19:42:13.708  3609  3827 I PackageManager: /system/app/DownloadProviderUi changed; collecting certs
11-09 19:42:13.712  3609  3832 W PackageParser: Ignoring duplicate uses-permissions/uses-permissions-sdk-m: android.permission.WRITE_SETTINGS in package: com.android.deskclock at: Binary XML file line #45
11-09 19:42:13.714  3609  3831 I PackageManager: /system/app/EasterEgg changed; collecting certs
11-09 19:42:13.716  3609  3832 I PackageManager: /system/app/DeskClock changed; collecting certs
11-09 19:42:13.719  3609  3828 I PackageManager: /system/app/ExactCalculator changed; collecting certs
11-09 19:42:13.722  3609  3827 I PackageManager: /system/app/Exchange2 changed; collecting certs
11-09 19:42:13.724  3609  3831 I PackageManager: /system/app/ExtShared changed; collecting certs
11-09 19:42:13.731  3609  3828 I PackageManager: /system/app/HTMLViewer changed; collecting certs
11-09 19:42:13.732  3609  3830 I PackageManager: /system/app/Email changed; collecting certs
11-09 19:42:13.734  3609  3827 I PackageManager: /system/app/KeyChain changed; collecting certs
11-09 19:42:13.738  3609  3831 I PackageManager: /system/app/Jelly changed; collecting certs
11-09 19:42:13.746  3609  3827 W PackageParser: Ignoring duplicate uses-permissions/uses-permissions-sdk-m: android.permission.CHANGE_WIFI_STATE in package: com.android.nfc at: Binary XML file line #47
11-09 19:42:13.746  3609  3827 W PackageParser: Ignoring duplicate uses-permissions/uses-permissions-sdk-m: android.permission.ACCESS_WIFI_STATE in package: com.android.nfc at: Binary XML file line #48
11-09 19:42:13.747  3609  3829 I PackageManager: /system/app/LiveWallpapersPicker changed; collecting certs
11-09 19:42:13.747  3609  3832 I PackageManager: /system/app/LockClock changed; collecting certs
11-09 19:42:13.748  3609  3827 I PackageManager: /system/app/NfcNci changed; collecting certs
11-09 19:42:13.750  3609  3831 I PackageManager: /system/app/PacProcessor changed; collecting certs
11-09 19:42:13.756  3609  3830 W PackageManager: Permission com.android.email.permission.READ_ATTACHMENT from package com.android.email in an unknown group android.permission-group.MESSAGES
11-09 19:42:13.757  3609  3831 I PackageManager: /system/app/PicoTts changed; collecting certs
11-09 19:42:13.762  3609  3830 I PackageManager: /system/app/PrintRecommendationService changed; collecting certs
11-09 19:42:13.762  3609  3829 I PackageManager: /system/app/PhotoTable changed; collecting certs
11-09 19:42:13.764  3609  3831 I PackageManager: /system/app/Profiles changed; collecting certs
11-09 19:42:13.765  3609  3827 I PackageManager: /system/app/PrintSpooler changed; collecting certs
11-09 19:42:13.767  3609  3828 I PackageManager: /system/app/LatinIME changed; collecting certs
11-09 19:42:13.768  3609  3832 I PackageManager: /system/app/Stk changed; collecting certs
11-09 19:42:13.770  3609  3831 I PackageManager: /system/app/UserDictionaryProvider changed; collecting certs
11-09 19:42:13.771  3609  3829 I PackageManager: /system/app/WAPPushManager changed; collecting certs
11-09 19:42:13.773  3609  3830 I PackageManager: /system/app/Terminal changed; collecting certs
11-09 19:42:13.773  3609  3831 W PackageManager: Failed to parse /system/app/mcRegistry: Missing base APK in /system/app/mcRegistry
11-09 19:42:13.774  3609  3827 I PackageManager: /system/app/WallpaperBackup changed; collecting certs
11-09 19:42:13.780  3609  3832 I PackageManager: /system/app/WallpaperPicker changed; collecting certs
11-09 19:42:13.788  3609  3829 I PackageManager: /system/app/webview changed; collecting certs
11-09 19:42:13.802  3609  3831 I PackageManager: /system/app/messaging changed; collecting certs
11-09 19:42:14.073  3169  3169 D wrapperGPS: wrapperisConnected_RILD
11-09 19:42:14.073  3169  3169 D wrapperGPS: wrapperConnect_RILD
11-09 19:42:14.073  3169  3169 D gpsd    : WakeLock(Release,GPSD)
11-09 19:42:14.129  3609  3609 D PackageManager: end scanDirLI:/system/app
11-09 19:42:14.129  3609  3609 D PackageManager: No files in app dir /system/vendor/app
11-09 19:42:14.129  3609  3609 D PackageManager: No files in app dir /oem/app
11-09 19:42:14.130  3609  3609 D PackageManager: No files in app dir /data/app
11-09 19:42:14.130  3609  3609 D PackageManager: No files in app dir /data/app-private
11-09 19:42:14.130  3609  3609 D PackageManager: No files in app dir /data/app-ephemeral
11-09 19:42:14.130  3609  3609 E PackageManager: There should probably be exactly one setup wizard; found 0: matches=[]
11-09 19:42:14.130  3609  3609 W PackageManager: Protected action; cap priority to 0; package: com.android.cts.priv.ctsshim activity: com.android.cts.priv.ctsshim.InstallPriority origPrio: 100
11-09 19:42:14.130  3609  3609 W PackageManager: Protected action; cap priority to 0; package: com.android.cts.priv.ctsshim activity: com.android.cts.priv.ctsshim.InstallPriority origPrio: 100
11-09 19:42:14.130  3609  3609 W PackageManager: Protected action; cap priority to 0; package: com.android.cts.priv.ctsshim activity: com.android.cts.priv.ctsshim.InstallPriority origPrio: 100
11-09 19:42:14.130  3609  3609 W PackageManager: Protected action; cap priority to 0; package: com.android.cts.priv.ctsshim activity: com.android.cts.priv.ctsshim.InstallPriority origPrio: 100
11-09 19:42:14.130  3609  3609 W PackageManager: Protected action; cap priority to 0; package: com.android.packageinstaller activity: com.android.packageinstaller.PackageInstallerActivity origPrio: 1
11-09 19:42:14.130  3609  3609 W PackageManager: Package com.android.gallery3d desires unavailable shared library com.google.android.media.effects; ignoring!
11-09 19:42:14.130  3609  3609 W PackageManager: Package com.android.gallery3d desires unavailable shared library com.google.android.media.effects; ignoring!
11-09 19:42:14.130  3609  3609 I PackageManager: Adjusting ABI for com.android.providers.downloads to arm64-v8a (requirer=com.android.mtp, scannedPackage=null)
11-09 19:42:14.131  3609  3609 I PackageManager: Adjusting ABI for com.android.providers.media to arm64-v8a (requirer=com.android.mtp, scannedPackage=null)
11-09 19:42:14.131  3609  3609 I PackageManager: Adjusting ABI for com.android.providers.downloads.ui to arm64-v8a (requirer=com.android.mtp, scannedPackage=null)
11-09 19:42:14.131  3609  3609 I PackageManager: Adjusting ABI for com.cyanogenmod.setupwizard to arm64-v8a (requirer=android, scannedPackage=null)
11-09 19:42:14.131  3609  3609 I PackageManager: Adjusting ABI for com.android.inputdevices to arm64-v8a (requirer=android, scannedPackage=null)
11-09 19:42:14.131  3609  3609 I PackageManager: Adjusting ABI for com.android.location.fused to arm64-v8a (requirer=android, scannedPackage=null)
11-09 19:42:14.131  3609  3609 I PackageManager: Adjusting ABI for com.android.settings to arm64-v8a (requirer=android, scannedPackage=null)
11-09 19:42:14.132  3609  3609 I PackageManager: Adjusting ABI for com.android.providers.settings to arm64-v8a (requirer=android, scannedPackage=null)
11-09 19:42:14.132  3609  3609 I PackageManager: Adjusting ABI for com.android.wallpaperbackup to arm64-v8a (requirer=android, scannedPackage=null)
11-09 19:42:14.132  3609  3609 I PackageManager: Adjusting ABI for com.android.development to arm64-v8a (requirer=android, scannedPackage=null)
11-09 19:42:14.132  3609  3609 I PackageManager: Adjusting ABI for org.cyanogenmod.cmparts to arm64-v8a (requirer=android, scannedPackage=null)
11-09 19:42:14.132  3609  3609 I PackageManager: Adjusting ABI for com.cyanogenmod.settings.device to arm64-v8a (requirer=android, scannedPackage=null)
11-09 19:42:14.132  3609  3609 I PackageManager: Adjusting ABI for cyanogenmod.platform to arm64-v8a (requirer=android, scannedPackage=null)
11-09 19:42:14.132  3174  3174 E         : invalid apk path '/system/framework/org.cyanogenmod.platform-res.apk' (bad prefix)
11-09 19:42:14.133  3609  3609 I PackageManager: Adjusting ABI for com.android.server.telecom to arm64-v8a (requirer=android, scannedPackage=null)
11-09 19:42:14.133  3609  3609 I PackageManager: Adjusting ABI for com.android.keychain to arm64-v8a (requirer=android, scannedPackage=null)
11-09 19:42:14.133  3609  3609 I PackageManager: Adjusting ABI for org.cyanogenmod.cmsettings to arm64-v8a (requirer=android, scannedPackage=null)
11-09 19:42:14.133  3609  3609 I PackageManager: Time to scan packages: 2.325 seconds
11-09 19:42:14.134  3609  3609 W PackageManager: Unknown permission com.google.android.googleapps.permission.GOOGLE_AUTH in package com.android.providers.calendar
11-09 19:42:14.134  3609  3609 W PackageManager: Unknown permission com.google.android.googleapps.permission.GOOGLE_AUTH.cl in package com.android.providers.calendar
11-09 19:42:14.134  3609  3609 W PackageManager: Unknown permission cyanogenmod.permission.LEGALESE in package com.cyanogenmod.setupwizard
11-09 19:42:14.134  3609  3609 W PackageManager: Unknown permission com.android.gallery3d.permission.STORAGE_CHANGE in package com.android.camera2
11-09 19:42:14.134  3609  3609 W PackageManager: Unknown permission android.permission.NFC_UNLOCK in package com.android.nfc
11-09 19:42:14.135  3609  3609 W PackageManager: Unknown permission com.google.android.googleapps.permission.GOOGLE_AUTH.mail in package com.android.calendar
11-09 19:42:14.135  3609  3609 W PackageManager: Unknown permission com.android.launcher.permission.READ_SETTINGS in package com.android.onetimeinitializer
11-09 19:42:14.135  3609  3609 W PackageManager: Unknown permission com.android.launcher.permission.WRITE_SETTINGS in package com.android.onetimeinitializer
11-09 19:42:14.135  3609  3609 W PackageManager: Unknown permission com.android.launcher.permission.READ_SETTINGS in package com.cyanogenmod.trebuchet
11-09 19:42:14.135  3609  3609 W PackageManager: Unknown permission com.android.launcher.permission.WRITE_SETTINGS in package com.cyanogenmod.trebuchet
11-09 19:42:14.135  3609  3609 W PackageManager: Unknown permission com.google.android.permission.INSTALL_WEARABLE_PACKAGES in package com.android.packageinstaller
11-09 19:42:14.135  3609  3609 W PackageManager: Not granting permission android.permission.DELETE_PACKAGES to package com.svox.pico (protectionLevel=18 flags=0x3808be45)
11-09 19:42:14.135  3609  3609 W PackageManager: Unknown permission com.google.android.gallery3d.permission.PICASA_STORE in package com.android.dreams.phototable
11-09 19:42:14.135  3609  3609 W PackageManager: Unknown permission com.google.android.googleapps.permission.GOOGLE_AUTH in package com.android.settings
11-09 19:42:14.136  3609  3609 W PackageManager: Unknown permission com.android.launcher.permission.READ_SETTINGS in package com.android.settings
11-09 19:42:14.136  3609  3609 W PackageManager: Unknown permission com.android.launcher.permission.WRITE_SETTINGS in package com.android.settings
11-09 19:42:14.137  3609  3609 W PackageManager: Not granting permission android.permission.MANAGE_DOCUMENTS to package com.android.deskclock (protectionLevel=2 flags=0x3c49be45)
11-09 19:42:14.137  3609  3609 W PackageManager: Unknown permission com.android.deskclock.worldclock.permissions.WRITE_DATABASE in package com.android.deskclock
11-09 19:42:14.137  3609  3609 W PackageManager: Unknown permission org.codeaurora.permission.POWER_ON_ALERT in package com.android.deskclock
11-09 19:42:14.137  3609  3609 W PackageManager: Not granting permission android.permission.WRITE_SECURE_SETTINGS to package com.android.deskclock (protectionLevel=50 flags=0x3c49be45)
11-09 19:42:14.137  3609  3609 W PackageManager: Unknown permission com.cyanogenmod.lockclock.permission.READ_WEATHER in package com.android.systemui
11-09 19:42:14.137  3609  3609 W PackageManager: Unknown permission com.google.android.gallery3d.permission.GALLERY_PROVIDER in package com.android.bluetooth
11-09 19:42:14.137  3609  3609 W PackageManager: Unknown permission com.google.android.googleapps.permission.ACCESS_GOOGLE_PASSWORD in package com.android.development
11-09 19:42:14.137  3609  3609 W PackageManager: Unknown permission com.google.android.googleapps.permission.GOOGLE_AUTH in package com.android.development
11-09 19:42:14.137  3609  3609 W PackageManager: Unknown permission com.google.android.googleapps.permission.GOOGLE_AUTH.ALL_SERVICES in package com.android.development
11-09 19:42:14.137  3609  3609 W PackageManager: Unknown permission com.google.android.googleapps.permission.GOOGLE_AUTH.YouTubeUser in package com.android.development
11-09 19:42:14.138  3609  3609 V PackageManager: reconcileAppsData for null u0 0x3
11-09 19:42:14.138  3174  3174 E SELinux : selinux_android_file_context_handle: Error getting file context handle (No such file or directory)
11-09 19:42:14.201  3609  3609 V PackageManager: reconcileAppsData finished 91 packages
11-09 19:42:14.201  3609  3609 V PackageManager: Disabling com.google.android.gsf/com.google.android.gsf.update.SystemUpdateActivity
11-09 19:42:14.201  3609  3609 W PackageManager: Unable to disable com.google.android.gsf/com.google.android.gsf.update.SystemUpdateActivity
11-09 19:42:14.201  3609  3609 V PackageManager: Disabling com.google.android.gsf/com.google.android.gsf.update.SystemUpdateService$Receiver
11-09 19:42:14.201  3609  3609 W PackageManager: Unable to disable com.google.android.gsf/com.google.android.gsf.update.SystemUpdateService$Receiver
11-09 19:42:14.201  3609  3609 V PackageManager: Disabling com.google.android.gsf/com.google.android.gsf.update.SystemUpdateService$SecretCodeReceiver
11-09 19:42:14.201  3609  3609 W PackageManager: Unable to disable com.google.android.gsf/com.google.android.gsf.update.SystemUpdateService$SecretCodeReceiver
11-09 19:42:14.201  3609  3609 V PackageManager: Disabling com.google.android.gsf/com.google.android.gsf.update.SystemUpdateServiceReceiver
11-09 19:42:14.201  3609  3609 W PackageManager: Unable to disable com.google.android.gsf/com.google.android.gsf.update.SystemUpdateServiceReceiver
11-09 19:42:14.201  3609  3609 V PackageManager: Disabling com.google.android.gms/com.google.android.gms.update.SystemUpdateActivity
11-09 19:42:14.201  3609  3609 W PackageManager: Unable to disable com.google.android.gms/com.google.android.gms.update.SystemUpdateActivity
11-09 19:42:14.201  3609  3609 V PackageManager: Disabling com.google.android.gms/com.google.android.gms.update.SystemUpdateService$Receiver
11-09 19:42:14.201  3609  3609 W PackageManager: Unable to disable com.google.android.gms/com.google.android.gms.update.SystemUpdateService$Receiver
11-09 19:42:14.201  3609  3609 V PackageManager: Disabling com.google.android.gms/com.google.android.gms.update.SystemUpdateService$ActiveReceiver
11-09 19:42:14.201  3609  3609 W PackageManager: Unable to disable com.google.android.gms/com.google.android.gms.update.SystemUpdateService$ActiveReceiver
11-09 19:42:14.201  3609  3609 V PackageManager: Disabling com.google.android.gms/com.google.android.gms.update.SystemUpdateService$SecretCodeReceiver
11-09 19:42:14.201  3609  3609 W PackageManager: Unable to disable com.google.android.gms/com.google.android.gms.update.SystemUpdateService$SecretCodeReceiver
11-09 19:42:14.201  3609  3609 V PackageManager: Disabling com.google.android.gms/com.google.android.gms.update.SystemUpdateServiceReceiver
11-09 19:42:14.201  3609  3609 W PackageManager: Unable to disable com.google.android.gms/com.google.android.gms.update.SystemUpdateServiceReceiver
11-09 19:42:14.201  3609  3609 V PackageManager: Enabling com.google.android.gsf/com.google.android.gsf.update.SystemUpdateService
11-09 19:42:14.201  3609  3609 W PackageManager: Unable to enable com.google.android.gsf/com.google.android.gsf.update.SystemUpdateService
11-09 19:42:14.201  3609  3609 V PackageManager: Enabling com.google.android.gms/com.google.android.gms.update.SystemUpdateService
11-09 19:42:14.201  3609  3609 W PackageManager: Unable to enable com.google.android.gms/com.google.android.gms.update.SystemUpdateService
11-09 19:42:14.260  3609  3609 I PackageManager.DexOptimizer: Running dexopt (dex2oat) on: /system/priv-app/TelephonyProvider/TelephonyProvider.apk pkg=com.android.providers.telephony isa=arm64 vmSafeMode=false debuggable=false target-filter=speed oatDir = null sharedLibraries=null
11-09 19:42:14.276  3834  3834 I dex2oat : /system/bin/dex2oat --compiler-filter=speed
11-09 19:42:14.489  3834  3834 I dex2oat : dex2oat took 213.530ms (threads: 8) arena alloc=5MB (6151824B) java alloc=262KB (269008B) native alloc=1912KB (1958672B) free=10MB (10624240B)
11-09 19:42:14.493  3609  3609 I PackageManager.DexOptimizer: Running dexopt (dex2oat) on: /system/priv-app/MmsService/MmsService.apk pkg=com.android.mms.service isa=arm64 vmSafeMode=false debuggable=false target-filter=speed oatDir = null sharedLibraries=null
11-09 19:42:14.508  3843  3843 I dex2oat : /system/bin/dex2oat --compiler-filter=speed
11-09 19:42:14.617  3843  3843 I dex2oat : dex2oat took 108.751ms (threads: 8) arena alloc=2MB (2175592B) java alloc=233KB (239104B) native alloc=1599KB (1637952B) free=4MB (4653504B)
11-09 19:42:14.620  3609  3609 I PackageManager.DexOptimizer: Running dexopt (dex2oat) on: /system/priv-app/DefaultContainerService/DefaultContainerService.apk pkg=com.android.defcontainer isa=arm64 vmSafeMode=false debuggable=false target-filter=speed oatDir = null sharedLibraries=null
11-09 19:42:14.636  3852  3852 I dex2oat : /system/bin/dex2oat --compiler-filter=speed
11-09 19:42:14.712  3852  3852 I dex2oat : dex2oat took 76.272ms (threads: 8) arena alloc=528KB (540752B) java alloc=101KB (104128B) native alloc=1118KB (1145680B) free=1953KB (2000048B)
11-09 19:42:14.715  3609  3609 I PackageManager.DexOptimizer: Running dexopt (dex2oat) on: /system/priv-app/SettingsProvider/SettingsProvider.apk pkg=com.android.providers.settings isa=arm64 vmSafeMode=false debuggable=false target-filter=speed oatDir = null sharedLibraries=null
11-09 19:42:14.731  3861  3861 I dex2oat : /system/bin/dex2oat --compiler-filter=speed
11-09 19:42:14.922  3861  3861 I dex2oat : dex2oat took 192.262ms (threads: 8) arena alloc=6MB (6535256B) java alloc=291KB (298288B) native alloc=1610KB (1649016B) free=9MB (10409608B)
11-09 19:42:14.926  3609  3609 I PackageManager.DexOptimizer: Running dexopt (dex2oat) on: /system/priv-app/InputDevices/InputDevices.apk pkg=com.android.inputdevices isa=arm64 vmSafeMode=false debuggable=false target-filter=speed oatDir = null sharedLibraries=null
11-09 19:42:14.942  3870  3870 I dex2oat : /system/bin/dex2oat --compiler-filter=speed
11-09 19:42:15.006  3870  3870 I dex2oat : dex2oat took 64.578ms (threads: 8) arena alloc=15KB (15632B) java alloc=32KB (33200B) native alloc=861KB (881936B) free=1698KB (1739504B)
11-09 19:42:15.009  3609  3609 I PackageManager.DexOptimizer: Running dexopt (dex2oat) on: /system/app/ExtShared/ExtShared.apk pkg=android.ext.shared isa=arm64 vmSafeMode=false debuggable=false target-filter=speed oatDir = null sharedLibraries=null
11-09 19:42:15.025  3879  3879 I dex2oat : /system/bin/dex2oat --compiler-filter=speed
11-09 19:42:15.089  3879  3879 I dex2oat : dex2oat took 64.823ms (threads: 8) arena alloc=78KB (79992B) java alloc=55KB (57056B) native alloc=890KB (911824B) free=2MB (2233904B)
11-09 19:42:15.092  3609  3609 I PackageManager.DexOptimizer: Running dexopt (dex2oat) on: /system/priv-app/Telecom/Telecom.apk pkg=com.android.server.telecom isa=arm64 vmSafeMode=false debuggable=false target-filter=speed oatDir = null sharedLibraries=null
11-09 19:42:15.108  3888  3888 I dex2oat : /system/bin/dex2oat --compiler-filter=speed
11-09 19:42:15.513  3888  3888 I dex2oat : dex2oat took 405.721ms (threads: 8) arena alloc=3MB (3882824B) java alloc=1029KB (1054568B) native alloc=3MB (4070520B) free=7MB (7463816B)
11-09 19:42:15.518  3609  3609 I PackageManager.DexOptimizer: Running dexopt (dex2oat) on: /system/priv-app/Dialer/Dialer.apk pkg=com.android.dialer isa=arm64 vmSafeMode=false debuggable=false target-filter=speed oatDir = null sharedLibraries=null
11-09 19:42:15.534  3897  3897 I dex2oat : /system/bin/dex2oat --compiler-filter=speed
11-09 19:42:15.731  3897  3905 W dex2oat : Before Android 4.1, method android.graphics.PorterDuffColorFilter android.support.graphics.drawable.VectorDrawableCompat.updateTintFilter(android.graphics.PorterDuffColorFilter, android.content.res.ColorStateList, android.graphics.PorterDuff$Mode) would have incorrectly overridden the package-private method in android.graphics.drawable.Drawable
11-09 19:42:15.743  3897  3897 W dex2oat : Before Android 4.1, method int android.support.v7.widget.ListViewCompat.lookForSelectablePosition(int, boolean) would have incorrectly overridden the package-private method in android.widget.ListView
11-09 19:42:17.019  3897  3897 I dex2oat : dex2oat took 1.485s (threads: 8) arena alloc=5MB (5520824B) java alloc=5MB (6082952B) native alloc=15MB (16186064B) free=8MB (8455472B)
11-09 19:42:17.024  3609  3609 I PackageManager.DexOptimizer: Running dexopt (dex2oat) on: /system/priv-app/ExtServices/ExtServices.apk pkg=android.ext.services isa=arm64 vmSafeMode=false debuggable=false target-filter=speed oatDir = null sharedLibraries=null
11-09 19:42:17.040  3907  3907 I dex2oat : /system/bin/dex2oat --compiler-filter=speed
11-09 19:42:17.116  3907  3907 I dex2oat : dex2oat took 75.853ms (threads: 8) arena alloc=339KB (347160B) java alloc=87KB (89968B) native alloc=1107KB (1134200B) free=3MB (3584392B)
11-09 19:42:17.119  3609  3609 I PackageManager.DexOptimizer: Running dexopt (dex2oat) on: /system/priv-app/CMSettingsProvider/CMSettingsProvider.apk pkg=org.cyanogenmod.cmsettings isa=arm64 vmSafeMode=false debuggable=false target-filter=speed oatDir = null sharedLibraries=null
11-09 19:42:17.134  3916  3916 I dex2oat : /system/bin/dex2oat --compiler-filter=speed
11-09 19:42:17.247  3916  3916 I dex2oat : dex2oat took 113.235ms (threads: 8) arena alloc=2MB (2235400B) java alloc=240KB (246400B) native alloc=1721KB (1763304B) free=4MB (4528152B)
11-09 19:42:17.250  3609  3609 I PackageManager.DexOptimizer: Running dexopt (dex2oat) on: /system/priv-app/PackageInstaller/PackageInstaller.apk pkg=com.android.packageinstaller isa=arm64 vmSafeMode=false debuggable=false target-filter=speed oatDir = null sharedLibraries=null
11-09 19:42:17.266  3925  3925 I dex2oat : /system/bin/dex2oat --compiler-filter=speed
11-09 19:42:17.367  3925  3929 W dex2oat : Before Android 4.1, method android.graphics.PorterDuffColorFilter android.support.graphics.drawable.VectorDrawableCompat.updateTintFilter(android.graphics.PorterDuffColorFilter, android.content.res.ColorStateList, android.graphics.PorterDuff$Mode) would have incorrectly overridden the package-private method in android.graphics.drawable.Drawable
11-09 19:42:17.383  3925  3930 W dex2oat : Before Android 4.1, method int android.support.v7.widget.ListViewCompat.lookForSelectablePosition(int, boolean) would have incorrectly overridden the package-private method in android.widget.ListView
11-09 19:42:17.940  3925  3925 I dex2oat : dex2oat took 674.453ms (threads: 8) arena alloc=4MB (4790160B) java alloc=3MB (3973520B) native alloc=6MB (7090624B) free=8MB (8638016B)
11-09 19:42:17.945  3609  3609 I PackageManager.DexOptimizer: Running dexopt (dex2oat) on: /system/priv-app/ProxyHandler/ProxyHandler.apk pkg=com.android.proxyhandler isa=arm64 vmSafeMode=false debuggable=false target-filter=speed oatDir = null sharedLibraries=null
11-09 19:42:17.961  3934  3934 I dex2oat : /system/bin/dex2oat --compiler-filter=speed
11-09 19:42:18.039  3934  3934 I dex2oat : dex2oat took 78.888ms (threads: 8) arena alloc=1264KB (1294936B) java alloc=106KB (108592B) native alloc=1181KB (1210312B) free=3MB (3508280B)
11-09 19:42:18.042  3609  3609 I PackageManager.DexOptimizer: Running dexopt (dex2oat) on: /system/app/LatinIME/LatinIME.apk pkg=com.android.inputmethod.latin isa=arm64 vmSafeMode=false debuggable=false target-filter=speed oatDir = null sharedLibraries=null
11-09 19:42:18.058  3943  3943 I dex2oat : /system/bin/dex2oat --compiler-filter=speed
11-09 19:42:18.505  3943  3943 I dex2oat : dex2oat took 446.787ms (threads: 8) arena alloc=3MB (3305856B) java alloc=1646KB (1685840B) native alloc=4MB (4526448B) free=6MB (6483600B)
11-09 19:42:18.509  3609  3609 I PackageManager.DexOptimizer: Running dexopt (dex2oat) on: /system/priv-app/Settings/Settings.apk pkg=com.android.settings isa=arm64 vmSafeMode=false debuggable=false target-filter=speed oatDir = null sharedLibraries=null
11-09 19:42:18.525  3953  3953 I dex2oat : /system/bin/dex2oat --compiler-filter=speed
11-09 19:42:18.710  3953  3953 W dex2oat : Before Android 4.1, method android.graphics.PorterDuffColorFilter android.support.graphics.drawable.VectorDrawableCompat.updateTintFilter(android.graphics.PorterDuffColorFilter, android.content.res.ColorStateList, android.graphics.PorterDuff$Mode) would have incorrectly overridden the package-private method in android.graphics.drawable.Drawable
11-09 19:42:18.721  3953  3953 W dex2oat : Before Android 4.1, method int android.support.v7.widget.ListViewCompat.lookForSelectablePosition(int, boolean) would have incorrectly overridden the package-private method in android.widget.ListView
11-09 19:42:20.038  3953  3953 I dex2oat : dex2oat took 1.513s (threads: 8) arena alloc=5MB (5585104B) java alloc=9MB (9748280B) native alloc=16MB (16829000B) free=7MB (8336824B)
11-09 19:42:20.044  3609  3609 I PackageManager.DexOptimizer: Running dexopt (dex2oat) on: /system/priv-app/TeleService/TeleService.apk pkg=com.android.phone isa=arm64 vmSafeMode=false debuggable=false target-filter=speed oatDir = null sharedLibraries=null
11-09 19:42:20.060  3962  3962 I dex2oat : /system/bin/dex2oat --compiler-filter=speed
11-09 19:42:20.799  3962  3962 I dex2oat : dex2oat took 739.044ms (threads: 8) arena alloc=10MB (11011032B) java alloc=2MB (2506496B) native alloc=7MB (8143112B) free=13MB (14401272B)
