09-15 09:38:28.781  3570  4885 I ActivityManager: Start proc 5408:com.cyanogenmod.settings.device/1000 for broadcast com.cyanogenmod.settings.device/.BootCompletedReceiver
09-15 09:38:28.804  3570  3650 I ActivityManager: Start proc 5422:com.android.carrierconfig/u0a4 for service com.android.carrierconfig/.DefaultCarrierConfigService
09-15 09:38:28.832  3570  5233 I ActivityManager: Start proc 5436:android.process.acore/u0a1 for content provider com.android.providers.contacts/.CallLogProvider
09-15 09:38:28.865  5337  5337 D WeatherUpdateService: onCreate
09-15 09:38:28.891  5337  5337 D WeatherUpdateService: Service started, but shouldn't update ... stopping
09-15 09:38:28.897  5337  5337 D WeatherUpdateService: onDestroy
09-15 09:38:28.903  3083  3083 W auditd  : type=1325 audit(0.0:163): table=filter family=2 entries=98
09-15 09:38:28.903  3083  3083 W auditd  : type=1320 audit(0.0:163): 
09-15 09:38:28.912  5408  5408 W System  : ClassLoader referenced unknown path: /system/app/AdvancedDisplay/lib/arm64
09-15 09:38:28.923  3083  3083 W auditd  : type=1325 audit(0.0:164): table=filter family=10 entries=109
09-15 09:38:28.923  3083  3083 W auditd  : type=1320 audit(0.0:164): 
09-15 09:38:28.946  5422  5422 W System  : ClassLoader referenced unknown path: /system/priv-app/CarrierConfig/lib/arm64
09-15 09:38:28.967  5436  5436 W System  : ClassLoader referenced unknown path: /system/priv-app/ContactsProvider/lib/arm64
09-15 09:38:29.004  5422  5422 D DefaultCarrierConfigService: Service created
09-15 09:38:29.007  5408  5408 I settings.device: type=1400 audit(0.0:165): avc: denied { write } for name="scenario" dev="sysfs" ino=33552 scontext=u:r:system_app:s0 tcontext=u:object_r:sysfs:s0 tclass=file permissive=1
09-15 09:38:29.007  5408  5408 W settings.device: type=1300 audit(0.0:165): arch=c00000b7 syscall=48 success=yes exit=0 a0=ffffff9c a1=7f87bcd100 a2=2 a3=0 items=0 ppid=3175 auid=4294967295 uid=1000 gid=1000 euid=1000 suid=1000 fsuid=1000 egid=1000 sgid=1000 fsgid=1000 tty=(none) ses=4294967295 exe="/system/bin/app_process64" subj=u:r:system_app:s0 key=(null)
09-15 09:38:29.007  3083  3083 W auditd  : type=1327 audit(0.0:165): proctitle="com.cyanogenmod.settings.device"
09-15 09:38:29.007  3083  3083 W auditd  : type=1320 audit(0.0:165): 
09-15 09:38:29.008  4847  4847 D CarrierConfigLoader: Connected to config app: com.android.carrierconfig/com.android.carrierconfig.DefaultCarrierConfigService
09-15 09:38:29.008  4847  4847 D CarrierConfigLoader: mHandler: 3 phoneId: 0
09-15 09:38:29.012  5422  5435 D DefaultCarrierConfigService: Config being fetched
09-15 09:38:29.016  5422  5435 D DefaultCarrierConfigService: java.io.FileNotFoundException: carrier_config_.xml
09-15 09:38:29.018  4847  4847 E CarrierConfigLoader: Cannot save config with null packageName or iccid.
09-15 09:38:29.025  4847  4847 D CarrierConfigLoader: mHandler: 5 phoneId: 0
09-15 09:38:29.026  4847  4847 E PhoneInterfaceManager: [PhoneIntfMgr] getCarrierPackageNamesForIntent: No UICC
09-15 09:38:29.092  3570  3649 I ActivityManager: Start proc 5460:com.android.calendar/u0a40 for broadcast com.android.calendar/.alerts.AlertReceiver
09-15 09:38:29.138  3570  3570 I Telecom : PhoneAccountRegistrar: SimCallManager queried, returning: null: TSI.gSCMFU@AAs
09-15 09:38:29.216  5202  5336 I SecHAL  : device_sleep: NFC can be going to sleep
09-15 09:38:29.217  5460  5460 W System  : ClassLoader referenced unknown path: /system/app/Calendar/lib/arm64
09-15 09:38:29.295  5436  5436 I ContactsPerf: VoicemailContentProvider.onCreate start
09-15 09:38:29.306  5436  5436 I ContactsPerf: VoicemailContentProvider.onCreate finish
09-15 09:38:29.317  5436  5436 W System  : ClassLoader referenced unknown path: /system/priv-app/BlockedNumberProvider/lib/arm64
09-15 09:38:29.319  5436  5436 D ApplicationLoaders: ignored Vulkan layer search path /system/priv-app/BlockedNumberProvider/lib/arm64:/system/lib64:/vendor/lib64 for namespace 0x7f95ebe0f0
09-15 09:38:29.333  5460  5460 D ExtensionsFactory: No custom extensions.
09-15 09:38:29.348  5436  5436 W System  : ClassLoader referenced unknown path: /system/app/UserDictionaryProvider/lib/arm64
09-15 09:38:29.353  5436  5436 D ApplicationLoaders: ignored Vulkan layer search path /system/app/UserDictionaryProvider/lib/arm64:/system/lib64:/vendor/lib64 for namespace 0x7f95ebe160
09-15 09:38:29.366  5460  5460 D AlertReceiver: onReceive: a=android.intent.action.BOOT_COMPLETED Intent { act=android.intent.action.BOOT_COMPLETED flg=0x9000010 cmp=com.android.calendar/.alerts.AlertReceiver (has extras) }
09-15 09:38:29.402  5138  5138 I AlarmClock: AlarmInitReceiver android.intent.action.BOOT_COMPLETED
09-15 09:38:29.444  5460  5484 D AlertService: 0 Action = android.intent.action.BOOT_COMPLETED
09-15 09:38:29.452  5460  5484 D AlertService: Scheduling next alarm with AlarmScheduler. sEventReminderReceived: null
09-15 09:38:29.506  3570  4885 I ActivityManager: Start proc 5487:com.android.providers.calendar/u0a5 for content provider com.android.providers.calendar/.CalendarProvider2
09-15 09:38:29.555  3570  3650 I ActivityManager: Start proc 5502:com.android.email/u0a52 for broadcast com.android.email/.service.EmailBroadcastReceiver
09-15 09:38:29.641  5487  5487 W System  : ClassLoader referenced unknown path: /system/priv-app/CalendarProvider/lib/arm64
09-15 09:38:29.656  5502  5502 W System  : ClassLoader referenced unknown path: /system/app/Email/lib/arm64
09-15 09:38:29.847  5487  5487 I CalendarProvider2: Created com.android.providers.calendar.CalendarAlarmManager@deb8a52(com.android.providers.calendar.CalendarProvider2@edb1123)
09-15 09:38:29.880  5202  5309 I BrcmNfcNfa: nfa_sys_ptim_timer_update expired: 8abecbb0
09-15 09:38:29.880  5202  5309 I BrcmNfcNfa: NFA got event 0x0216
09-15 09:38:29.880  5202  5309 I BrcmNfcNfa: nfa_ee_evt_hdlr (): Event NFA_EE_DISCV_TIMEOUT_EVT(0x216), State: INIT_DONE(1)
09-15 09:38:29.880  5202  5309 D NfcAdaptation: NfcAdaptation::HalWrite
09-15 09:38:29.880  5202  5309 I SecHAL  : nfc_hal_write: enter;
09-15 09:38:29.880  5202  5309 I SecHAL  : nfc_hal_write: exit;
09-15 09:38:29.880  5202  5309 I BrcmNfcNfa: nfa_hci_ee_info_cback (): 1
09-15 09:38:29.880  5202  5316 D SecHAL  : nfc_hal_task: Got a event: HAL_EVT_WRITE(3)
09-15 09:38:29.880  5202  5309 I BrcmNfcNfa: NFA_EeGetInfo em_state:1 cur_ee:2
09-15 09:38:29.880  5202  5316 D SecHAL  : nfc_hal_task: current state: SERVICE
09-15 09:38:29.880  5202  5309 I BrcmNfcNfa: xx:0 max_ret:3, num_ret:0 ee_status:0x0
09-15 09:38:29.880  5202  5309 I BrcmNfcNfa: xx:1 max_ret:3, num_ret:1 ee_status:0x1
09-15 09:38:29.880  5202  5309 I BrcmNfcNfa: num_ret:2
09-15 09:38:29.880  5202  5316 I SecHAL  : device_wakeup: Wakeup! in 80 ms
09-15 09:38:29.890  5202  5309 I BrcmNfcNfa: nfa_sys_ptim_timer_update expired: 8abed318
09-15 09:38:29.890  5202  5309 I BrcmNfcNfa: ptim timer stop
09-15 09:38:29.890  5202  5309 I BrcmNfcNfa: NFA got event 0x0812
09-15 09:38:29.890  5202  5309 I BrcmNfcNfa: nfa_hci_evt_hdlr state: WAIT_NETWK_ENABLE (2) event: RESPONSE_TIMEOUT_EVT (0x0812)
09-15 09:38:29.890  5202  5309 I BrcmNfcNfa: nfa_hci_rsp_timeout () State: 2  Cmd: 1
09-15 09:38:29.890  5202  5309 I BrcmNfcNfa: nfa_hciu_send_msg pipe_id:1   Type: COMMAND [0x00] Inst: ANY_GET_PARAMETER [0x02]   len:1
09-15 09:38:29.890  5202  5309 D BrcmHcpX: 810204
09-15 09:38:29.890  5202  5309 I BrcmNfcNfa: nfc_ncif_send_data :1, num_buff:1 qc:0
09-15 09:38:29.890  5202  5309 D NfcAdaptation: NfcAdaptation::HalWrite
09-15 09:38:29.890  5202  5309 I SecHAL  : nfc_hal_write: enter;
09-15 09:38:29.890  5202  5309 I SecHAL  : nfc_hal_write: exit;
09-15 09:38:29.890  5202  5309 I BrcmNfcNfa: nfa_sys_ptim_start_timer 8abed318
09-15 09:38:29.890  5202  5309 I BrcmNfcNfa: ptim timer start
09-15 09:38:29.960  5202  5316 I SecHAL  : device_wakeup: exit
09-15 09:38:29.960  5202  5316 I SecHAL  : OSI_timer_start: enter,osi_lock
09-15 09:38:29.960  5202  5316 I SecHAL  : OSI_timer_start: before pthread_create for timer thread
09-15 09:38:29.961  5202  5316 I SecHAL  : OSI_timer_start: after pthread_create for timer thread
09-15 09:38:29.961  5202  5316 I SecHAL  : OSI_timer_start: before osi_unlock
09-15 09:38:29.961  5202  5316 I SecHAL  : OSI_timer_start: exit
09-15 09:38:29.961  5202  5316 I SecHAL  : device_write: enter
09-15 09:38:29.961  5202  5316 I SecHAL  : device_write: before system call
09-15 09:38:29.961  5202  5316 I SecHAL  : device_write: after system call
09-15 09:38:29.961  5202  5316 D SecHAL  : data_trace:  Send(  4) 22 00 01   00 
09-15 09:38:29.961  5202  5316 I SecHAL  : device_write: exit
09-15 09:38:29.961  5202  5315 D SecHAL  : read_thread: Sent message to HAL message task, remind que: 3
09-15 09:38:29.961  5202  5316 D SecHAL  : nfc_hal_task: Got a event: HAL_EVT_WRITE(3)
09-15 09:38:29.961  5202  5316 D SecHAL  : nfc_hal_task: current state: SERVICE
09-15 09:38:29.961  5202  5316 I SecHAL  : OSI_timer_start: enter,osi_lock
09-15 09:38:29.961  5202  5316 I SecHAL  : OSI_timer_start: before osi_unlock
09-15 09:38:29.961  5202  5316 I SecHAL  : OSI_timer_start: exit
09-15 09:38:29.961  5202  5316 I SecHAL  : device_write: enter
09-15 09:38:29.962  5202  5316 I SecHAL  : device_write: before system call
09-15 09:38:29.962  5202  5316 I SecHAL  : device_write: after system call
09-15 09:38:29.962  5202  5316 D SecHAL  : data_trace:  Send(  6) 01 00 03   81 02 04 
09-15 09:38:29.962  5202  5316 I SecHAL  : device_write: exit
09-15 09:38:29.962  5202  5316 D SecHAL  : nfc_hal_task: Got a event: HAL_EVT_READ(4)
09-15 09:38:29.962  5202  5316 D SecHAL  : nfc_hal_task: current state: SERVICE
09-15 09:38:29.962  5202  5316 D SecHAL  : data_trace:  Recv(  5) 42 00 02   00 00 
09-15 09:38:29.962  5202  5316 I SecHAL  : OSI_timer_start: enter,osi_lock
09-15 09:38:29.962  5202  5316 I SecHAL  : OSI_timer_start: before osi_unlock
09-15 09:38:29.962  5202  5316 I SecHAL  : OSI_timer_start: exit
09-15 09:38:29.962  5202  5316 I SecHAL  : nfc_data_callback: !
09-15 09:38:29.962  5202  5316 D NfcAdaptation: NfcAdaptation::HalDeviceContextDataCallback: len=5
09-15 09:38:29.962  5202  5309 I BrcmNfcNfa: NFC received rsp gid:2
09-15 09:38:29.962  5202  5309 I BrcmNfcNfa: nci_proc_ee_management_rsp opcode:0x0
09-15 09:38:29.962  5202  5309 I BrcmNfcNfa: nfa_dm_nfc_response_cback () NFC_NFCEE_DISCOVER_REVT(0x5004)
09-15 09:38:29.963  5202  5309 I BrcmNfcNfa: nfa_ee_proc_evt: event=0x5004 int_event:0x20d
09-15 09:38:29.963  5202  5309 I BrcmNfcNfa: nfa_ee_evt_hdlr (): Event NCI_DISC_RSP(0x20d), State: INIT_DONE(1)
09-15 09:38:29.963  5202  5309 I BrcmNfcNfa: nfa_ee_nci_disc_rsp() em_state:1 cur_ee:2, num_nfcee:0
09-15 09:38:29.963  5202  5309 I BrcmNfcNfa: nfa_ee_report_disc_done() em_state:1 num_ee_expecting:0 notify_enable_done:0
09-15 09:38:29.963  5202  5309 I BrcmNfcNfa: nfa_ee_nci_disc_rsp() em_state:1 cur_ee:2 num_ee_expecting:0
09-15 09:38:29.964  5202  5315 D SecHAL  : read_thread: Sent message to HAL message task, remind que: 2
09-15 09:38:29.964  5202  5316 D SecHAL  : nfc_hal_task: Got a event: HAL_EVT_READ(4)
09-15 09:38:29.964  5202  5316 D SecHAL  : nfc_hal_task: current state: SERVICE
09-15 09:38:29.964  5202  5316 D SecHAL  : data_trace:  Recv(  9) 01 00 06   81 80 00 01 02 03 
09-15 09:38:29.964  5202  5316 I SecHAL  : OSI_timer_start: enter,osi_lock
09-15 09:38:29.964  5202  5316 I SecHAL  : OSI_timer_start: before osi_unlock
09-15 09:38:29.964  5202  5316 I SecHAL  : OSI_timer_start: exit
09-15 09:38:29.964  5202  5316 I SecHAL  : nfc_data_callback: !
09-15 09:38:29.964  5202  5316 D NfcAdaptation: NfcAdaptation::HalDeviceContextDataCallback: len=9
09-15 09:38:29.964  5202  5309 I BrcmNfcNfa: NFC received data
09-15 09:38:29.964  5202  5309 I BrcmNfcNfa: nfc_ncif_proc_data 0x010006
09-15 09:38:29.964  5202  5309 I BrcmNfcNfa: nfc_ncif_proc_data len:6
09-15 09:38:29.964  5202  5309 I BrcmNfcNfa: nfa_sys_ptim_stop_timer 8abed318
09-15 09:38:29.964  5202  5309 I BrcmNfcNfa: ptim timer stop
09-15 09:38:29.964  5202  5309 D BrcmHcpR: 818000010203
09-15 09:38:29.964  5202  5309 I BrcmNfcNfa: nfa_hci_conn_cback Recvd data pipe:1  Type: RESPONSE [0x02] Resp: ANY_OK [0x00]   chain:1  assmbl:0  len:6
09-15 09:38:29.964  5202  5309 I BrcmNfcNfa: nfa_hci_handle_admin_gate_rsp - LastCmdSent: ANY_GET_PARAMETER  App: 0x0000  Gate: 0x00  Pipe: 0x00
09-15 09:38:29.964  5202  5309 I BrcmNfcNfa: nfa_hci_startup_complete (): Status: 0
09-15 09:38:29.964  5202  5309 I BrcmNfcNfa: nfa_sys_ptim_stop_timer 8abed318
09-15 09:38:29.964  5202  5309 I BrcmNfcNfa: ptim timer stop
09-15 09:38:29.964  5202  5309 I BrcmNfcNfa: nfa_sys_cback_notify_enable_complete () enable_cplt_flags=0x1cc, enable_cplt_mask=0x1cc
09-15 09:38:29.964  5202  5309 D BrcmNfcJni: nfaDeviceManagementCallback: enter; event=0x0
09-15 09:38:29.964  5202  5309 D BrcmNfcJni: nfaDeviceManagementCallback: NFA_DM_ENABLE_EVT; status=0x0
09-15 09:38:29.965  5202  5309 I BrcmNfcNfa: NFA got event 0x0813
09-15 09:38:29.965  5202  5309 I BrcmNfcNfa: nfa_hci_evt_hdlr state: IDLE (3) event: CHECK_QUEUE (0x0813)
09-15 09:38:29.965  5202  5304 E         : bool CNxpNfcConfig::readConfig(const char *, bool) Cannot open config file /etc/libnfc-nxp.conf
09-15 09:38:29.965  5202  5304 E         : bool CNxpNfcConfig::readConfig(const char *, bool) Using default value for all settings
09-15 09:38:29.965  5202  5304 D         : phNxpLog_InitializeLogLevel: global =1, Fwdnld =1, extns =1,                 hal =1, tml =1, ncir =1,                 ncix =1
09-15 09:38:29.965  5202  5304 D BrcmNfcJni: RoutingManager::initialize(): try ee register
09-15 09:38:29.965  5202  5304 I BrcmNfcNfa: NFA_EeRegister()
09-15 09:38:29.965  5202  5315 D SecHAL  : read_thread: Sent message to HAL message task, remind que: 2
09-15 09:38:29.965  5202  5316 D SecHAL  : nfc_hal_task: Got a event: HAL_EVT_READ(4)
09-15 09:38:29.965  5202  5316 D SecHAL  : nfc_hal_task: current state: SERVICE
09-15 09:38:29.965  5202  5309 I BrcmNfcNfa: NFA got event 0x0201
09-15 09:38:29.965  5202  5309 I BrcmNfcNfa: nfa_ee_evt_hdlr (): Event API_REGISTER(0x201), State: INIT_DONE(1)
09-15 09:38:29.965  5202  5309 D BrcmNfcJni: RoutingManager::nfaEeCallback: NFA_EE_REGISTER_EVT; status=0
09-15 09:38:29.965  5202  5309 D BrcmNfcJni: nfaEeCallback: NFA_EE_DISCOVER_REQ_EVT; status=0x0; num ee=0
09-15 09:38:29.965  5202  5316 D SecHAL  : data_trace:  Recv(  6) 60 06 03   01 01 01 
09-15 09:38:29.965  5202  5316 I SecHAL  : OSI_timer_start: enter,osi_lock
09-15 09:38:29.965  5202  5316 I SecHAL  : OSI_timer_start: before osi_unlock
09-15 09:38:29.965  5202  5316 I SecHAL  : OSI_timer_start: exit
09-15 09:38:29.965  5202  5316 I SecHAL  : nfc_data_callback: !
09-15 09:38:29.965  5202  5316 D NfcAdaptation: NfcAdaptation::HalDeviceContextDataCallback: len=6
09-15 09:38:29.966  5202  5309 I BrcmNfcNfa: NFC received ntf gid:0
09-15 09:38:29.966  5202  5309 I BrcmNfcNfa: nci_proc_core_ntf opcode:0x6
09-15 09:38:29.966  5202  5309 I BrcmNfcNfa: nfc_ncif_send_data :1, num_buff:1 qc:0
09-15 09:38:29.966  5202  5304 D BrcmNfcJni: RoutingManager::initialize(): Technology Routing (NfcASe:0x02, NfcFSe:0x00)
09-15 09:38:29.966  5202  5304 D BrcmNfcJni: RoutingManager::initialize(): Number of EE is 0
09-15 09:38:29.966  5202  5304 I BrcmNfcNfa: NFA_CeSetIsoDepListenTech (): 0x1
09-15 09:38:29.966  5202  5304 I BrcmNfcNfa: NFA_CeRegisterAidOnDH ()
09-15 09:38:29.966  5202  5304 D BrcmNfcJni: nativeNfcTag_registerNdefTypeHandler
09-15 09:38:29.966  5202  5304 I BrcmNfcNfa: NFA_RegisterNDefTypeHandler (): handle whole ndef message: 1, tnf=0xff
09-15 09:38:29.966  5202  5304 D BrcmNfcJni: NfcTag::resetTechnologies
09-15 09:38:29.966  5202  5304 D NfcAdaptation: const CNfcParam *CNfcConfig::find(const char *) const found PRESENCE_CHECK_ALGORITHM=(0x5)
09-15 09:38:29.966  5202  5304 D BrcmNfcJni: PeerToPeer::initialize
09-15 09:38:29.966  5202  5304 D NfcAdaptation: const CNfcParam *CNfcConfig::find(const char *) const found P2P_LISTEN_TECH_MASK=(0xC4)
09-15 09:38:29.966  5202  5304 D BrcmNfcJni: PeerToPeer::handleNfcOnOff: enter; is on=1
09-15 09:38:29.966  5202  5304 D BrcmNfcJni: PeerToPeer::handleNfcOnOff: exit
09-15 09:38:29.966  5202  5304 D NfcAdaptation: const CNfcParam *CNfcConfig::find(const char *) const found POLLING_TECH_MASK=(0xEF)
09-15 09:38:29.966  5202  5304 D BrcmNfcJni: nfcManager_doInitialize: tag polling tech mask=0xEF
09-15 09:38:29.966  5202  5304 D NfcAdaptation: const CNfcParam *CNfcConfig::find(const char *) const found NFA_DM_DISC_DURATION_POLL=(0x1F4)
09-15 09:38:29.966  5202  5304 I BrcmNfcNfa: NFA_SetRfDiscoveryDuration ()
09-15 09:38:29.966  5202  5304 I BrcmNfcNfa: NFA_GetConfig (): num_ids: 1
09-15 09:38:29.966  5202  5309 I BrcmNfcNfa: NFA got event 0x0703
09-15 09:38:29.966  5202  5309 I BrcmNfcNfa: nfa_ce_handle_event event: NFA_CE_API_CFG_ISODEP_TECH_EVT (0x703), flags: 00000000
09-15 09:38:29.966  5202  5309 I BrcmNfcNfa: NFA got event 0x0701
09-15 09:38:29.966  5202  5309 I BrcmNfcNfa: nfa_ce_handle_event event: NFA_CE_API_REG_LISTEN_EVT (0x701), flags: 00000000
09-15 09:38:29.966  5202  5309 I BrcmNfcNfa: Registering UICC/Felica/Type-4 tag listener. Type=1
09-15 09:38:29.967  5202  5309 I BrcmNfcNfa: NFA_CE: adding listen_info entry 1
09-15 09:38:29.967  5202  5309 I BrcmNfcNfa: CE_T4tRegisterAID (): registering callback for wildcard AID 
09-15 09:38:29.967  5202  5309 I BrcmNfcNfa: CE_T4tRegisterAID (): handle 0x04 registered (for wildcard AID)
09-15 09:38:29.967  5202  5309 I BrcmNfcNfa: nfa_dm_add_rf_discover () disc_mask=0x40000
09-15 09:38:29.967  5202  5309 I BrcmNfcNfa: nfa_ce_api_reg_listen: registered handle 0x0301
09-15 09:38:29.967  5202  5309 D BrcmNfcJni: RoutingManager::stackCallback: event=0x15
09-15 09:38:29.967  5202  5309 D BrcmNfcJni: RoutingManager::stackCallback: NFA_CE_REGISTERED_EVT; status=0x0; h=0x301
09-15 09:38:29.967  5202  5309 I BrcmNfcNfa: NFA got event 0x0115
09-15 09:38:29.967  5202  5309 I BrcmNfcNfa: nfa_dm_evt_hdlr event: NFA_DM_API_REG_NDEF_HDLR_EVT (0x15)
09-15 09:38:29.967  5202  5309 I BrcmNfcNfa: Default NDEF handler successfully registered.
09-15 09:38:29.967  5202  5309 I BrcmNfcNfa: NDEF handler successfully registered. Handle=0x00000200
09-15 09:38:29.967  5202  5309 D BrcmNfcJni: ndefHandlerCallback: event=0, eventData=0x7f85700320
09-15 09:38:29.967  5202  5309 D BrcmNfcJni: ndefHandlerCallback: NFA_NDEF_REGISTER_EVT; status=0x0; h=0x200
09-15 09:38:29.967  5202  5309 I BrcmNfcNfa: NFA got event 0x0110
09-15 09:38:29.967  5202  5309 I BrcmNfcNfa: nfa_dm_evt_hdlr event: NFA_DM_API_SET_RF_DISC_DURATION_EVT (0x10)
09-15 09:38:29.967  5202  5309 I BrcmNfcNfa: NFA got event 0x0103
09-15 09:38:29.967  5202  5309 I BrcmNfcNfa: nfa_dm_evt_hdlr event: NFA_DM_API_GET_CONFIG_EVT (0x03)
09-15 09:38:29.967  5202  5309 D NfcAdaptation: NfcAdaptation::HalWrite
09-15 09:38:29.967  5202  5309 I SecHAL  : nfc_hal_write: enter;
09-15 09:38:29.967  5202  5309 I SecHAL  : nfc_hal_write: exit;
09-15 09:38:29.967  5202  5316 D SecHAL  : nfc_hal_task: Got a event: HAL_EVT_WRITE(3)
09-15 09:38:29.967  5202  5316 D SecHAL  : nfc_hal_task: current state: SERVICE
09-15 09:38:29.967  5202  5316 I SecHAL  : OSI_timer_start: enter,osi_lock
09-15 09:38:29.967  5202  5316 I SecHAL  : OSI_timer_start: before osi_unlock
09-15 09:38:29.967  5202  5316 I SecHAL  : OSI_timer_start: exit
09-15 09:38:29.967  5202  5316 I SecHAL  : device_write: enter
09-15 09:38:29.967  5202  5316 I SecHAL  : device_write: before system call
09-15 09:38:29.967  5202  5316 I SecHAL  : device_write: after system call
09-15 09:38:29.967  5202  5316 D SecHAL  : data_trace:  Send(  5) 20 03 02   01 52 
09-15 09:38:29.968  5202  5316 I SecHAL  : device_write: exit
09-15 09:38:29.969  5202  5315 D SecHAL  : read_thread: Sent message to HAL message task, remind que: 2
09-15 09:38:29.969  5202  5316 D SecHAL  : nfc_hal_task: Got a event: HAL_EVT_READ(4)
09-15 09:38:29.969  5202  5316 D SecHAL  : nfc_hal_task: current state: SERVICE
09-15 09:38:29.969  5202  5316 D SecHAL  : data_trace:  Recv(  8) 40 03 05   00 01 52 01 01 
09-15 09:38:29.969  5202  5316 I SecHAL  : OSI_timer_start: enter,osi_lock
09-15 09:38:29.969  5202  5316 I SecHAL  : OSI_timer_start: before osi_unlock
09-15 09:38:29.969  5202  5316 I SecHAL  : OSI_timer_start: exit
09-15 09:38:29.969  5202  5316 I SecHAL  : nfc_data_callback: !
09-15 09:38:29.969  5202  5316 D NfcAdaptation: NfcAdaptation::HalDeviceContextDataCallback: len=8
09-15 09:38:29.971  5202  5309 I BrcmNfcNfa: NFC received rsp gid:0
09-15 09:38:29.971  5202  5309 I BrcmNfcNfa: nci_proc_core_rsp opcode:0x3
09-15 09:38:29.971  5202  5309 I BrcmNfcNfa: nfa_dm_nfc_response_cback () NFC_GET_CONFIG_REVT(0x5003)
09-15 09:38:29.971  5202  5309 D BrcmNfcJni: nfaDeviceManagementCallback: enter; event=0x3
09-15 09:38:29.971  5202  5309 D BrcmNfcJni: nfaDeviceManagementCallback: NFA_DM_GET_CONFIG_EVT
09-15 09:38:29.972  5202  5304 D BrcmNfcJni: nfcManager_doInitialize: lfT3tMax=1
09-15 09:38:29.972  5202  5304 I BrcmNfcNfa: NFA_SetConfig (): param_id:0xC5
09-15 09:38:29.972  5202  5309 I BrcmNfcNfa: NFA got event 0x0102
09-15 09:38:29.972  5202  5309 I BrcmNfcNfa: nfa_dm_evt_hdlr event: NFA_DM_API_SET_CONFIG_EVT (0x02)
09-15 09:38:29.972  5202  5309 I BrcmNfcNfa: nfa_dm_check_set_config ()
09-15 09:38:29.972  5202  5309 D NfcAdaptation: NfcAdaptation::HalWrite
09-15 09:38:29.972  5202  5309 I SecHAL  : nfc_hal_write: enter;
09-15 09:38:29.972  5202  5309 I SecHAL  : nfc_hal_write: exit;
09-15 09:38:29.973  5202  5316 D SecHAL  : nfc_hal_task: Got a event: HAL_EVT_WRITE(3)
09-15 09:38:29.973  5202  5316 D SecHAL  : nfc_hal_task: current state: SERVICE
09-15 09:38:29.973  5202  5316 I SecHAL  : OSI_timer_start: enter,osi_lock
09-15 09:38:29.973  5202  5316 I SecHAL  : OSI_timer_start: before osi_unlock
09-15 09:38:29.973  5202  5316 I SecHAL  : OSI_timer_start: exit
09-15 09:38:29.973  5202  5316 I SecHAL  : device_write: enter
09-15 09:38:29.973  5202  5316 I SecHAL  : device_write: before system call
09-15 09:38:29.973  5202  5316 I SecHAL  : device_write: after system call
09-15 09:38:29.973  5202  5316 D SecHAL  : data_trace:  Send(  7) 20 02 04   01 c5 01 01 
09-15 09:38:29.973  5202  5316 I SecHAL  : device_write: exit
09-15 09:38:29.973  5202  5315 D SecHAL  : read_thread: Sent message to HAL message task, remind que: 2
09-15 09:38:29.973  5202  5316 D SecHAL  : nfc_hal_task: Got a event: HAL_EVT_READ(4)
09-15 09:38:29.973  5202  5316 D SecHAL  : nfc_hal_task: current state: SERVICE
09-15 09:38:29.973  5202  5316 D SecHAL  : data_trace:  Recv(  6) 40 02 03   09 01 c5 
09-15 09:38:29.974  5202  5316 I SecHAL  : OSI_timer_start: enter,osi_lock
09-15 09:38:29.974  5202  5316 I SecHAL  : OSI_timer_start: before osi_unlock
09-15 09:38:29.974  5202  5316 I SecHAL  : OSI_timer_start: exit
09-15 09:38:29.974  5202  5316 I SecHAL  : nfc_data_callback: !
09-15 09:38:29.974  5202  5316 D NfcAdaptation: NfcAdaptation::HalDeviceContextDataCallback: len=6
09-15 09:38:29.974  5202  5309 I BrcmNfcNfa: NFC received rsp gid:0
09-15 09:38:29.974  5202  5309 I BrcmNfcNfa: nci_proc_core_rsp opcode:0x2
09-15 09:38:29.974  5202  5309 I BrcmNfcNfa: nfa_dm_nfc_response_cback () NFC_SET_CONFIG_REVT(0x5002)
09-15 09:38:29.974  5202  5309 D BrcmNfcJni: nfaDeviceManagementCallback: enter; event=0x2
09-15 09:38:29.974  5202  5309 D BrcmNfcJni: nfaDeviceManagementCallback: NFA_DM_SET_CONFIG_EVT
09-15 09:38:29.974  5202  5304 D BrcmNfcJni: PowerSwitch::setLevel: level=PS-LOW-POWER (2)
09-15 09:38:29.974  5202  5304 D BrcmNfcJni: PowerSwitch::setLevel: actual power level=PS-FULL
09-15 09:38:29.974  5202  5304 D BrcmNfcJni: nfcManager_doInitialize: exit
09-15 09:38:29.984  5202  5304 D NdefPushServer: start, thread = null
09-15 09:38:29.984  5202  5524 D BrcmNfcJni: nfcManager_doCreateLlcpServiceSocket: enter: sap=4; name=urn:nfc:sn:snep; miu=1980; rw=2; buffLen=1024
09-15 09:38:29.984  5202  5304 D NdefPushServer: starting new server thread
09-15 09:38:29.984  5202  5524 D BrcmNfcJni: PeerToPeer::registerServer: enter; service name: urn:nfc:sn:snep  JNI handle: 1
09-15 09:38:29.984  5202  5524 D BrcmNfcJni: PeerToPeer::registerServer: added new p2p server  index: 0  handle: 1  name: urn:nfc:sn:snep
09-15 09:38:29.984  5202  5524 D BrcmNfcJni: P2pServer::registerWithStack: enter; service name: urn:nfc:sn:snep  JNI handle: 1
09-15 09:38:29.984  5202  5524 I BrcmNfcNfa: NFA_P2pSetLLCPConfig ():link_miu:2175, opt:0x03, wt:7, link_timeout:1000
09-15 09:38:29.984  5202  5524 I BrcmNfcNfa:                        inact_timeout(init:0, target:0), symm_delay:20, data_link_timeout:2000
09-15 09:38:29.984  5202  5524 I BrcmNfcNfa:                        delay_first_pdu_timeout:50
09-15 09:38:29.984  5202  5309 I BrcmNfcNfa: NFA got event 0x030C
09-15 09:38:29.985  5202  5309 I BrcmNfcNfa: nfa_p2p_evt_hdlr (): LLCP State [Link IDLE], Event [API_SET_LLCP_CFG_EVT]
09-15 09:38:29.985  5202  5309 I BrcmNfcNfa: LLCP_SetConfig () link_miu:2175, opt:0x03, wt:7, link_timeout:1000
09-15 09:38:29.985  5202  5309 I BrcmNfcNfa:                  inact_timeout (init:0,target:0), symm_delay:20, data_link_timeout:2000
09-15 09:38:29.985  5202  5309 I BrcmNfcNfa:                  delay_first_pdu_timeout:50
09-15 09:38:29.985  5202  5524 I BrcmNfcNfa: NFA_P2pRegisterServer (): server_sap:0x04, link_type:0x2, SN:<urn:nfc:sn:snep>
09-15 09:38:29.985  5202  5309 I BrcmNfcNfa: NFA got event 0x0300
09-15 09:38:29.985  5202  5309 I BrcmNfcNfa: nfa_p2p_evt_hdlr (): LLCP State [Link IDLE], Event [API_REG_SERVER]
09-15 09:38:29.985  5202  5309 I BrcmNfcNfa: nfa_p2p_reg_server ()
09-15 09:38:29.985  5202  5309 I BrcmNfcNfa: LLCP_RegisterServer (): SAP:0x4, link_type:0x2, ServiceName:<urn:nfc:sn:snep>
09-15 09:38:29.985  5202  5309 I BrcmNfcNfa: LLCP_RegisterServer (): Registered SAP = 0x04
09-15 09:38:29.985  5202  5309 I BrcmNfcNfa: nfa_p2p_enable_listening () sys_id = 3, update_wks = 1
09-15 09:38:29.985  5202  5309 D BrcmNfcJni: PeerToPeer::nfaServerCallback: enter; event=0x0
09-15 09:38:29.985  5202  5309 D BrcmNfcJni: PeerToPeer::nfaServerCallback: NFA_P2P_REG_SERVER_EVT; handle: 0x0504; service sap=0x04  name: urn:nfc:sn:snep
09-15 09:38:29.985  5202  5524 D BrcmNfcJni: P2pServer::registerWithStack: wait for listen-completion event
09-15 09:38:29.985  5202  5309 D BrcmNfcJni: PeerToPeer::nfaServerCallback: exit
09-15 09:38:29.985  5202  5524 D BrcmNfcJni: PeerToPeer::registerServer: got new p2p server h=0x504
09-15 09:38:29.985  5202  5524 D BrcmNfcJni: nfcManager_doCreateLlcpServiceSocket: socket Handle = 0x1
09-15 09:38:29.985  5202  5524 D BrcmNfcJni: nfcManager_doCreateLlcpServiceSocket: buffer length = 1024
09-15 09:38:29.985  5202  5524 D BrcmNfcJni: nfcManager_doCreateLlcpServiceSocket: MIU = 1980
09-15 09:38:29.985  5202  5524 D BrcmNfcJni: nfcManager_doCreateLlcpServiceSocket:  RW = 2
09-15 09:38:29.985  5202  5524 D BrcmNfcJni: nfcManager_doCreateLlcpServiceSocket: exit
09-15 09:38:29.985  5202  5524 D BrcmNfcJni: nativeLlcpServiceSocket_doAccept: enter
09-15 09:38:29.985  5202  5524 D BrcmNfcJni: PeerToPeer::accept: enter; server jni handle: 1; conn jni handle: 2; maxInfoUnit: 1980; recvWindow: 2
09-15 09:38:29.985  5202  5524 D BrcmNfcJni: P2pServer::accept: serverJniHandle: 1; connJniHandle: 2; wait for incoming connection
09-15 09:38:29.987  5202  5525 D NdefPushServer: about create LLCP service socket
09-15 09:38:29.987  5202  5525 D BrcmNfcJni: nfcManager_doCreateLlcpServiceSocket: enter: sap=16; name=com.android.npp; miu=248; rw=1; buffLen=1024
09-15 09:38:29.987  5202  5525 D BrcmNfcJni: PeerToPeer::registerServer: enter; service name: com.android.npp  JNI handle: 3
09-15 09:38:29.987  5202  5525 D BrcmNfcJni: PeerToPeer::registerServer: added new p2p server  index: 1  handle: 3  name: com.android.npp
09-15 09:38:29.987  5202  5525 D BrcmNfcJni: P2pServer::registerWithStack: enter; service name: com.android.npp  JNI handle: 3
09-15 09:38:29.987  5202  5525 I BrcmNfcNfa: NFA_P2pSetLLCPConfig ():link_miu:2175, opt:0x03, wt:7, link_timeout:1000
09-15 09:38:29.987  5202  5525 I BrcmNfcNfa:                        inact_timeout(init:0, target:0), symm_delay:20, data_link_timeout:2000
09-15 09:38:29.987  5202  5525 I BrcmNfcNfa:                        delay_first_pdu_timeout:50
09-15 09:38:29.987  5202  5309 I BrcmNfcNfa: NFA got event 0x030C
09-15 09:38:29.987  5202  5309 I BrcmNfcNfa: nfa_p2p_evt_hdlr (): LLCP State [Link IDLE], Event [API_SET_LLCP_CFG_EVT]
09-15 09:38:29.987  5202  5309 I BrcmNfcNfa: LLCP_SetConfig () link_miu:2175, opt:0x03, wt:7, link_timeout:1000
09-15 09:38:29.987  5202  5309 I BrcmNfcNfa:                  inact_timeout (init:0,target:0), symm_delay:20, data_link_timeout:2000
09-15 09:38:29.987  5202  5309 I BrcmNfcNfa:                  delay_first_pdu_timeout:50
09-15 09:38:29.987  5202  5525 I BrcmNfcNfa: NFA_P2pRegisterServer (): server_sap:0xff, link_type:0x2, SN:<com.android.npp>
09-15 09:38:29.987  5202  5309 I BrcmNfcNfa: NFA got event 0x0300
09-15 09:38:29.987  5202  5309 I BrcmNfcNfa: nfa_p2p_evt_hdlr (): LLCP State [Link IDLE], Event [API_REG_SERVER]
09-15 09:38:29.987  5202  5309 I BrcmNfcNfa: nfa_p2p_reg_server ()
09-15 09:38:29.988  5202  5309 I BrcmNfcNfa: LLCP_RegisterServer (): SAP:0xff, link_type:0x2, ServiceName:<com.android.npp>
09-15 09:38:29.988  5202  5309 I BrcmNfcNfa: LLCP_RegisterServer (): Registered SAP = 0x10
09-15 09:38:29.988  5202  5309 D BrcmNfcJni: PeerToPeer::nfaServerCallback: enter; event=0x0
09-15 09:38:29.988  5202  5309 D BrcmNfcJni: PeerToPeer::nfaServerCallback: NFA_P2P_REG_SERVER_EVT; handle: 0x0510; service sap=0x10  name: com.android.npp
09-15 09:38:29.988  5202  5525 D BrcmNfcJni: P2pServer::registerWithStack: wait for listen-completion event
09-15 09:38:29.988  5202  5309 D BrcmNfcJni: PeerToPeer::nfaServerCallback: exit
09-15 09:38:29.988  5202  5525 D BrcmNfcJni: PeerToPeer::registerServer: got new p2p server h=0x510
09-15 09:38:29.988  5202  5525 D BrcmNfcJni: nfcManager_doCreateLlcpServiceSocket: socket Handle = 0x3
09-15 09:38:29.988  5202  5525 D BrcmNfcJni: nfcManager_doCreateLlcpServiceSocket: buffer length = 1024
09-15 09:38:29.988  5202  5525 D BrcmNfcJni: nfcManager_doCreateLlcpServiceSocket: MIU = 248
09-15 09:38:29.988  5202  5525 D BrcmNfcJni: nfcManager_doCreateLlcpServiceSocket:  RW = 1
09-15 09:38:29.988  5202  5525 D BrcmNfcJni: nfcManager_doCreateLlcpServiceSocket: exit
09-15 09:38:29.988  5202  5525 D NdefPushServer: created LLCP service socket
09-15 09:38:29.988  5202  5525 D NdefPushServer: about to accept
09-15 09:38:29.988  5202  5525 D BrcmNfcJni: nativeLlcpServiceSocket_doAccept: enter
09-15 09:38:29.988  5202  5525 D BrcmNfcJni: PeerToPeer::accept: enter; server jni handle: 3; conn jni handle: 4; maxInfoUnit: 248; recvWindow: 1
09-15 09:38:29.988  5202  5525 D BrcmNfcJni: P2pServer::accept: serverJniHandle: 3; connJniHandle: 4; wait for incoming connection
09-15 09:38:29.995  3570  5224 I ActivityManager: Start proc 5526:com.android.exchange/u0a46 for service com.android.exchange/.service.EasService
09-15 09:38:30.009  5460  5484 D AlarmScheduler: No events found starting within 1 week.
09-15 09:38:30.015  5202  5527 D BrcmNfcJni: nfcManager_doCreateLlcpServiceSocket: enter: sap=20; name=urn:nfc:sn:handover; miu=128; rw=1; buffLen=1024
09-15 09:38:30.015  5202  5527 D BrcmNfcJni: PeerToPeer::registerServer: enter; service name: urn:nfc:sn:handover  JNI handle: 5
09-15 09:38:30.015  5202  5527 D BrcmNfcJni: PeerToPeer::registerServer: added new p2p server  index: 2  handle: 5  name: urn:nfc:sn:handover
09-15 09:38:30.015  5202  5527 D BrcmNfcJni: P2pServer::registerWithStack: enter; service name: urn:nfc:sn:handover  JNI handle: 5
09-15 09:38:30.015  5202  5527 I BrcmNfcNfa: NFA_P2pSetLLCPConfig ():link_miu:2175, opt:0x03, wt:7, link_timeout:1000
09-15 09:38:30.015  5202  5527 I BrcmNfcNfa:                        inact_timeout(init:0, target:0), symm_delay:20, data_link_timeout:2000
09-15 09:38:30.015  5202  5527 I BrcmNfcNfa:                        delay_first_pdu_timeout:50
09-15 09:38:30.015  5202  5309 I BrcmNfcNfa: NFA got event 0x030C
09-15 09:38:30.015  5202  5309 I BrcmNfcNfa: nfa_p2p_evt_hdlr (): LLCP State [Link IDLE], Event [API_SET_LLCP_CFG_EVT]
09-15 09:38:30.015  5202  5309 I BrcmNfcNfa: LLCP_SetConfig () link_miu:2175, opt:0x03, wt:7, link_timeout:1000
09-15 09:38:30.015  5202  5309 I BrcmNfcNfa:                  inact_timeout (init:0,target:0), symm_delay:20, data_link_timeout:2000
09-15 09:38:30.015  5202  5309 I BrcmNfcNfa:                  delay_first_pdu_timeout:50
09-15 09:38:30.015  5202  5527 I BrcmNfcNfa: NFA_P2pRegisterServer (): server_sap:0xff, link_type:0x2, SN:<urn:nfc:sn:handover>
09-15 09:38:30.015  5202  5309 I BrcmNfcNfa: NFA got event 0x0300
09-15 09:38:30.015  5202  5309 I BrcmNfcNfa: nfa_p2p_evt_hdlr (): LLCP State [Link IDLE], Event [API_REG_SERVER]
09-15 09:38:30.015  5202  5309 I BrcmNfcNfa: nfa_p2p_reg_server ()
09-15 09:38:30.015  5202  5309 I BrcmNfcNfa: LLCP_RegisterServer (): SAP:0xff, link_type:0x2, ServiceName:<urn:nfc:sn:handover>
09-15 09:38:30.015  5202  5309 I BrcmNfcNfa: LLCP_RegisterServer (): Registered SAP = 0x11
09-15 09:38:30.016  5202  5309 D BrcmNfcJni: PeerToPeer::nfaServerCallback: enter; event=0x0
09-15 09:38:30.016  5202  5309 D BrcmNfcJni: PeerToPeer::nfaServerCallback: NFA_P2P_REG_SERVER_EVT; handle: 0x0511; service sap=0x11  name: urn:nfc:sn:handover
09-15 09:38:30.016  5202  5527 D BrcmNfcJni: P2pServer::registerWithStack: wait for listen-completion event
09-15 09:38:30.016  5202  5309 D BrcmNfcJni: PeerToPeer::nfaServerCallback: exit
09-15 09:38:30.016  5202  5527 D BrcmNfcJni: PeerToPeer::registerServer: got new p2p server h=0x511
09-15 09:38:30.016  5202  5527 D BrcmNfcJni: nfcManager_doCreateLlcpServiceSocket: socket Handle = 0x5
09-15 09:38:30.016  5202  5527 D BrcmNfcJni: nfcManager_doCreateLlcpServiceSocket: buffer length = 1024
09-15 09:38:30.016  5202  5527 D BrcmNfcJni: nfcManager_doCreateLlcpServiceSocket: MIU = 128
09-15 09:38:30.016  5202  5527 D BrcmNfcJni: nfcManager_doCreateLlcpServiceSocket:  RW = 1
09-15 09:38:30.016  5202  5527 D BrcmNfcJni: nfcManager_doCreateLlcpServiceSocket: exit
09-15 09:38:30.016  5202  5527 D BrcmNfcJni: nativeLlcpServiceSocket_doAccept: enter
09-15 09:38:30.016  5202  5527 D BrcmNfcJni: PeerToPeer::accept: enter; server jni handle: 5; conn jni handle: 6; maxInfoUnit: 128; recvWindow: 1
09-15 09:38:30.016  5202  5527 D BrcmNfcJni: P2pServer::accept: serverJniHandle: 5; connJniHandle: 6; wait for incoming connection
09-15 09:38:30.017  5202  5304 D BrcmNfcJni: nfcManager_enableDiscovery: enter; tech_mask = 01
09-15 09:38:30.017  5202  5304 D BrcmNfcJni: PowerSwitch::setLevel: level=PS-FULL (1)
09-15 09:38:30.017  5202  5304 D BrcmNfcJni: stopPolling_rfDiscoveryDisabled: disable polling
09-15 09:38:30.017  5202  5304 I BrcmNfcNfa: NFA_DisablePolling ()
09-15 09:38:30.018  5202  5309 I BrcmNfcNfa: NFA got event 0x0107
09-15 09:38:30.018  5202  5309 I BrcmNfcNfa: nfa_dm_evt_hdlr event: NFA_DM_API_DISABLE_POLLING_EVT (0x07)
09-15 09:38:30.018  5202  5309 I BrcmNfcNfa: nfa_dm_act_disable_polling ()
09-15 09:38:30.018  5202  5309 D BrcmNfcJni: nfaConnectionCallback: event= 1
09-15 09:38:30.018  5202  5309 D BrcmNfcJni: nfaConnectionCallback: NFA_POLL_DISABLED_EVT: status = 3
09-15 09:38:30.020  5202  5540 E WVMExtractor: Failed to open libwvm.so: dlopen failed: library "libwvm.so" not found
09-15 09:38:30.030  5202  5304 I BrcmNfcNfa: NFA_GetConfig (): num_ids: 1
09-15 09:38:30.031  5202  5309 I BrcmNfcNfa: NFA got event 0x0103
09-15 09:38:30.031  5202  5309 I BrcmNfcNfa: nfa_dm_evt_hdlr event: NFA_DM_API_GET_CONFIG_EVT (0x03)
09-15 09:38:30.031  5202  5309 D NfcAdaptation: NfcAdaptation::HalWrite
09-15 09:38:30.031  5202  5309 I SecHAL  : nfc_hal_write: enter;
09-15 09:38:30.032  5202  5309 I SecHAL  : nfc_hal_write: exit;
09-15 09:38:30.032  5202  5316 D SecHAL  : nfc_hal_task: Got a event: HAL_EVT_WRITE(3)
09-15 09:38:30.032  5202  5316 D SecHAL  : nfc_hal_task: current state: SERVICE
09-15 09:38:30.032  5202  5316 I SecHAL  : OSI_timer_start: enter,osi_lock
09-15 09:38:30.032  5202  5316 I SecHAL  : OSI_timer_start: before osi_unlock
09-15 09:38:30.032  5202  5316 I SecHAL  : OSI_timer_start: exit
09-15 09:38:30.032  5202  5316 I SecHAL  : device_write: enter
09-15 09:38:30.032  5202  5316 I SecHAL  : device_write: before system call
09-15 09:38:30.032  5202  5316 I SecHAL  : device_write: after system call
09-15 09:38:30.032  5202  5316 D SecHAL  : data_trace:  Send(  5) 20 03 02   01 b9 
09-15 09:38:30.032  5202  5316 I SecHAL  : device_write: exit
09-15 09:38:30.032  5202  5316 D SecHAL  : nfc_hal_task: Got a event: HAL_EVT_READ(4)
09-15 09:38:30.032  5202  5315 D SecHAL  : read_thread: Sent message to HAL message task, remind que: 2
09-15 09:38:30.033  5202  5316 D SecHAL  : nfc_hal_task: current state: SERVICE
09-15 09:38:30.033  5202  5316 D SecHAL  : data_trace:  Recv(  7) 40 03 04   09 01 b9 00 
09-15 09:38:30.033  5202  5316 I SecHAL  : OSI_timer_start: enter,osi_lock
09-15 09:38:30.033  5202  5316 I SecHAL  : OSI_timer_start: before osi_unlock
09-15 09:38:30.033  5202  5316 I SecHAL  : OSI_timer_start: exit
09-15 09:38:30.033  5202  5316 I SecHAL  : nfc_data_callback: !
09-15 09:38:30.033  5202  5316 D NfcAdaptation: NfcAdaptation::HalDeviceContextDataCallback: len=7
09-15 09:38:30.033  5202  5309 I BrcmNfcNfa: NFC received rsp gid:0
09-15 09:38:30.033  5202  5309 I BrcmNfcNfa: nci_proc_core_rsp opcode:0x3
09-15 09:38:30.033  5202  5309 I BrcmNfcNfa: nfa_dm_nfc_response_cback () NFC_GET_CONFIG_REVT(0x5003)
09-15 09:38:30.033  5202  5309 D BrcmNfcJni: nfaDeviceManagementCallback: enter; event=0x3
09-15 09:38:30.033  5202  5309 D BrcmNfcJni: nfaDeviceManagementCallback: NFA_DM_GET_CONFIG_EVT
09-15 09:38:30.033  5202  5309 E BrcmNfcJni: nfaDeviceManagementCallback: NFA_DM_GET_CONFIG failed
09-15 09:38:30.034  5202  5304 E BrcmNfcJni: enableDisableLptd: Config TLV length 0 returned is too short
09-15 09:38:30.034  5202  5304 D BrcmNfcJni: startPolling_rfDiscoveryDisabled: enable polling
09-15 09:38:30.034  5202  5304 I BrcmNfcNfa: NFA_EnablePolling () 0x1
09-15 09:38:30.034  5202  5304 D BrcmNfcJni: startPolling_rfDiscoveryDisabled: wait for enable event
09-15 09:38:30.034  5202  5309 I BrcmNfcNfa: NFA got event 0x0106
09-15 09:38:30.034  5202  5309 I BrcmNfcNfa: nfa_dm_evt_hdlr event: NFA_DM_API_ENABLE_POLLING_EVT (0x06)
09-15 09:38:30.034  5202  5309 I BrcmNfcNfa: nfa_dm_act_enable_polling ()
09-15 09:38:30.034  5202  5309 I BrcmNfcNfa: nfa_dm_start_polling ()
09-15 09:38:30.034  5202  5309 I BrcmNfcNfa: nfa_dm_add_rf_discover () disc_mask=0x200f
09-15 09:38:30.034  5202  5309 D BrcmNfcJni: nfaConnectionCallback: event= 0
09-15 09:38:30.034  5202  5309 D BrcmNfcJni: nfaConnectionCallback: NFA_POLL_ENABLED_EVT: status = 0
09-15 09:38:30.035  5202  5304 D BrcmNfcJni: nfcManager_enableDiscovery: Enable p2pListening
09-15 09:38:30.036  5202  5304 I BrcmNfcNfa: NFA_EeSetDefaultTechRouting(): handle:<0x3>technology_mask:<0x1>/<0x0>/<0x0>
09-15 09:38:30.036  5202  5304 I BrcmNfcNfa: nfa_ee_find_ecb ()
09-15 09:38:30.036  5202  5304 E BrcmNfcNfa: Bad ee_handle
09-15 09:38:30.036  5202  5304 E BrcmNfcJni: Fail to set default tech routing for Nfc-A
09-15 09:38:30.036  5202  5304 I BrcmNfcNfa: NFA_EeSetDefaultProtoRouting(): handle:<0x3>protocol_mask:<0x8>/<0x0>/<0x0>
09-15 09:38:30.036  5202  5304 I BrcmNfcNfa: nfa_ee_find_ecb ()
09-15 09:38:30.036  5202  5304 E BrcmNfcNfa: Bad ee_handle
09-15 09:38:30.036  5202  5304 E BrcmNfcJni: Fail to set default proto routing for IsoDep
09-15 09:38:30.036  5202  5304 I BrcmNfcNfa: NFA_EeSetDefaultTechRouting(): handle:<0x0>technology_mask:<0x4>/<0x0>/<0x0>
09-15 09:38:30.036  5202  5304 I BrcmNfcNfa: nfa_ee_find_ecb ()
09-15 09:38:30.036  5202  5309 I BrcmNfcNfa: NFA got event 0x0204
09-15 09:38:30.036  5202  5309 I BrcmNfcNfa: nfa_ee_evt_hdlr (): Event API_SET_TECH_CFG(0x204), State: INIT_DONE(1)
09-15 09:38:30.036  5202  5309 I BrcmNfcNfa: nfa_ee_update_route_size nfcee_id:0x0 size_mask:5
09-15 09:38:30.036  5202  5309 I BrcmNfcNfa: nfa_ee_total_lmrt_size size:5
09-15 09:38:30.036  5202  5309 I BrcmNfcNfa: nfa_dm_is_active () flags:0x5
09-15 09:38:30.036  5202  5309 I BrcmNfcNfa: nfa_sys_ptim_start_timer 8abecb80
09-15 09:38:30.036  5202  5309 I BrcmNfcNfa: ptim timer start
09-15 09:38:30.036  5202  5309 D BrcmNfcJni: RoutingManager::nfaEeCallback: NFA_EE_SET_TECH_CFG_EVT; status=0x0
09-15 09:38:30.037  5202  5304 I BrcmNfcNfa: NFA_EeSetDefaultProtoRouting(): handle:<0x0>protocol_mask:<0x4>/<0x0>/<0x0>
09-15 09:38:30.037  5202  5304 I BrcmNfcNfa: nfa_ee_find_ecb ()
09-15 09:38:30.037  5202  5309 I BrcmNfcNfa: NFA got event 0x0205
09-15 09:38:30.038  5202  5309 I BrcmNfcNfa: nfa_ee_evt_hdlr (): Event API_SET_PROTO_CFG(0x205), State: INIT_DONE(1)
09-15 09:38:30.038  5202  5309 I BrcmNfcNfa: nfa_ee_update_route_size nfcee_id:0x0 size_mask:10
09-15 09:38:30.038  5202  5309 I BrcmNfcNfa: nfa_ee_total_lmrt_size size:10
09-15 09:38:30.038  5202  5309 I BrcmNfcNfa: nfa_dm_is_active () flags:0x5
09-15 09:38:30.038  5202  5309 I BrcmNfcNfa: nfa_sys_ptim_start_timer 8abecb80
09-15 09:38:30.038  5202  5309 D BrcmNfcJni: RoutingManager::nfaEeCallback: NFA_EE_SET_PROTO_CFG_EVT; status=0x0
09-15 09:38:30.039  5202  5304 D BrcmNfcJni: RoutingManager::commitRouting
09-15 09:38:30.039  5202  5304 I BrcmNfcNfa: NFA_EeUpdateNow()
09-15 09:38:30.039  5202  5309 I BrcmNfcNfa: NFA got event 0x0209
09-15 09:38:30.039  5202  5309 I BrcmNfcNfa: nfa_ee_evt_hdlr (): Event API_UPDATE_NOW(0x209), State: INIT_DONE(1)
09-15 09:38:30.039  5202  5309 I BrcmNfcNfa: nfa_sys_ptim_stop_timer 8abecb80
09-15 09:38:30.039  5202  5309 I BrcmNfcNfa: ptim timer stop
09-15 09:38:30.039  5202  5309 I BrcmNfcNfa: nfa_ee_rout_timeout()
09-15 09:38:30.039  5202  5309 I BrcmNfcNfa: nfa_ee_need_recfg() ee_cfged: 0x90 ee_cfg_sts: 0x00
09-15 09:38:30.039  5202  5309 I BrcmNfcNfa: 0: ecb_flags  : 0x06, mask: 0x10
09-15 09:38:30.039  5202  5309 I BrcmNfcNfa: nfa_ee_update_rout ee_cfg_sts:0x00
09-15 09:38:30.039  5202  5309 I BrcmNfcNfa: nfa_ee_evt_hdlr (): Event CFG_TO_NFCC(0x217), State: INIT_DONE(1)
09-15 09:38:30.039  5202  5309 I BrcmNfcNfa: last_active: 0x1
09-15 09:38:30.039  5202  5309 I BrcmNfcNfa: nfa_ee_route_add_one_ecb max_len:1070, max_tlv:253, cur_offset:0, more:1, num_tlv:0
09-15 09:38:30.039  5202  5309 I BrcmNfcNfa: nfa_ee_total_lmrt_size size:10
09-15 09:38:30.039  5202  5309 I BrcmNfcNfa: ee_cfg_sts:0x01 lmrt_size:10
09-15 09:38:30.039  5202  5309 I BrcmNfcNfa: nfcee_id:0x1, last_active: 0x1
09-15 09:38:30.039  5202  5309 I BrcmNfcNfa: nfa_ee_route_add_one_ecb max_len:1070, max_tlv:253, cur_offset:15, more:0, num_tlv:3
09-15 09:38:30.039  5202  5309 I BrcmNfcNfa: nfa_ee_total_lmrt_size size:10
09-15 09:38:30.039  5202  5309 I BrcmNfcNfa: ee_cfg_sts:0x01 lmrt_size:10
09-15 09:38:30.039  5202  5309 I BrcmNfcNfa: nfa_ee_route_add_one_ecb: set routing num_tlv:3 tlv_size:10
09-15 09:38:30.039  5202  5309 D NfcAdaptation: NfcAdaptation::HalWrite
09-15 09:38:30.039  5202  5309 I SecHAL  : nfc_hal_write: enter;
09-15 09:38:30.040  5202  5309 I SecHAL  : nfc_hal_write: exit;
09-15 09:38:30.040  5202  5309 I BrcmNfcNfa: nfa_ee_update_rout ee_cfg_sts:0x10 ee_cfged:0x10
09-15 09:38:30.040  5202  5316 D SecHAL  : nfc_hal_task: Got a event: HAL_EVT_WRITE(3)
09-15 09:38:30.040  5202  5316 D SecHAL  : nfc_hal_task: current state: SERVICE
09-15 09:38:30.040  5202  5316 I SecHAL  : OSI_timer_start: enter,osi_lock
09-15 09:38:30.040  5202  5316 I SecHAL  : OSI_timer_start: before osi_unlock
09-15 09:38:30.040  5202  5316 I SecHAL  : OSI_timer_start: exit
09-15 09:38:30.040  5202  5316 I SecHAL  : device_write: enter
09-15 09:38:30.040  5202  5316 I SecHAL  : device_write: before system call
09-15 09:38:30.040  5202  5316 I SecHAL  : device_write: after system call
09-15 09:38:30.040  5202  5316 D SecHAL  : data_trace:  Send( 20) 21 01 11   00 03 00 03 00 01 02 01 03 00 01 03 01 03 00 01 05 
09-15 09:38:30.041  5202  5316 I SecHAL  : device_write: exit
09-15 09:38:30.042  3184  3251 I MediaPlayerService: MediaPlayerService::getOMX
09-15 09:38:30.047  5502  5542 D ActivityThread: Loading provider com.android.email.provider;com.android.email.notifier: com.android.email.provider.EmailProvider
09-15 09:38:30.049  5202  5546 I OMXClient: MuxOMX ctor
09-15 09:38:30.051  3181  3181 I OMXMaster: makeComponentInstance(OMX.google.vorbis.decoder) in mediacodec process
09-15 09:38:30.054  5202  5315 D SecHAL  : read_thread: Sent message to HAL message task, remind que: 2
09-15 09:38:30.055  5202  5316 D SecHAL  : nfc_hal_task: Got a event: HAL_EVT_READ(4)
09-15 09:38:30.055  5202  5316 D SecHAL  : nfc_hal_task: current state: SERVICE
09-15 09:38:30.055  5202  5316 D SecHAL  : data_trace:  Recv(  4) 41 01 01   00 
09-15 09:38:30.055  5202  5316 I SecHAL  : OSI_timer_start: enter,osi_lock
09-15 09:38:30.055  5202  5316 I SecHAL  : OSI_timer_start: before osi_unlock
09-15 09:38:30.055  5202  5316 I SecHAL  : OSI_timer_start: exit
09-15 09:38:30.055  5202  5316 I SecHAL  : nfc_data_callback: !
09-15 09:38:30.055  5202  5316 D NfcAdaptation: NfcAdaptation::HalDeviceContextDataCallback: len=4
09-15 09:38:30.055  5202  5309 I BrcmNfcNfa: NFC received rsp gid:1
09-15 09:38:30.055  5202  5309 I BrcmNfcNfa: nfa_dm_nfc_response_cback () NFC_SET_ROUTING_REVT(0x500a)
09-15 09:38:30.056  5202  5309 I BrcmNfcNfa: nfa_ee_proc_evt: event=0x500a int_event:0x214
09-15 09:38:30.056  5202  5309 I BrcmNfcNfa: nfa_ee_evt_hdlr (): Event NCI_WAIT_RSP(0x214), State: INIT_DONE(1)
09-15 09:38:30.056  5202  5309 I BrcmNfcNfa: nfa_ee_nci_wait_rsp() ee_wait_evt:0x30 wait_rsp:1
09-15 09:38:30.056  5202  5309 I BrcmNfcNfa: nfa_ee_report_update_evt ee_wait_evt:0x30 wait_rsp:0
09-15 09:38:30.056  5202  5309 D BrcmNfcJni: RoutingManager::nfaEeCallback: NFA_EE_UPDATED_EVT
09-15 09:38:30.056  5202  5304 D BrcmNfcJni: startRfDiscovery: is start=1
09-15 09:38:30.056  5202  5304 I BrcmNfcNfa: NFA_StartRfDiscovery ()
09-15 09:38:30.060  5202  5309 I BrcmNfcNfa: NFA got event 0x010E
09-15 09:38:30.060  5202  5309 I BrcmNfcNfa: nfa_dm_evt_hdlr event: NFA_DM_API_START_RF_DISCOVERY_EVT (0x0e)
09-15 09:38:30.060  5202  5309 I BrcmNfcNfa: nfa_dm_act_start_rf_discovery ()
09-15 09:38:30.060  5202  5309 I BrcmNfcNfa: nfa_dm_start_rf_discover ()
09-15 09:38:30.060  5202  5309 I BrcmNfcNfa: nfa_ee_get_tech_route(): 1
09-15 09:38:30.060  5202  5309 I BrcmNfcNfa: 0x0, 0x0, 0x0, 0x0
09-15 09:38:30.060  5202  5309 I BrcmNfcNfa: nfa_dm_cb.disc_cb.entry[0].selected_disc_mask = 0x40000
09-15 09:38:30.060  5202  5309 I BrcmNfcNfa: nfa_dm_cb.disc_cb.entry[1].selected_disc_mask = 0x200f
09-15 09:38:30.060  5202  5309 I BrcmNfcNfa: nfa_p2p_set_config ()
09-15 09:38:30.060  5202  5309 I BrcmNfcNfa: LLCP_GetDiscoveryConfig ()
09-15 09:38:30.060  5202  5309 I BrcmNfcNfa: nfa_dm_check_set_config ()
09-15 09:38:30.060  5202  5309 D NfcAdaptation: NfcAdaptation::HalWrite
09-15 09:38:30.060  5202  5309 I SecHAL  : nfc_hal_write: enter;
09-15 09:38:30.060  5202  5309 I SecHAL  : nfc_hal_write: exit;
09-15 09:38:30.060  5202  5316 D SecHAL  : nfc_hal_task: Got a event: HAL_EVT_WRITE(3)
09-15 09:38:30.060  5202  5309 I BrcmNfcNfa: dm_disc_mask = 0x4200f
09-15 09:38:30.060  5202  5316 D SecHAL  : nfc_hal_task: current state: SERVICE
09-15 09:38:30.060  5202  5309 I BrcmNfcNfa: nfa_dm_set_rf_listen_mode_config () tech_proto_mask = 0x0004200F
09-15 09:38:30.060  5202  5316 I SecHAL  : OSI_timer_start: enter,osi_lock
09-15 09:38:30.060  5202  5309 I BrcmNfcNfa: nfa_dm_check_set_config ()
09-15 09:38:30.060  5202  5316 I SecHAL  : OSI_timer_start: before osi_unlock
09-15 09:38:30.060  5202  5309 I BrcmNfcNfa: nfa_dm_set_total_duration ()
09-15 09:38:30.060  5202  5316 I SecHAL  : OSI_timer_start: exit
09-15 09:38:30.060  5202  5309 I BrcmNfcNfa: nfa_dm_check_set_config ()
09-15 09:38:30.060  5202  5316 I SecHAL  : device_write: enter
09-15 09:38:30.060  5202  5309 I BrcmNfcNfa: NFC_DiscoveryStart
09-15 09:38:30.060  5202  5316 I SecHAL  : device_write: before system call
09-15 09:38:30.060  5202  5309 I BrcmNfcNfa: NFC_DiscoveryStart status: 0xe3
09-15 09:38:30.061  5202  5316 I SecHAL  : device_write: after system call
09-15 09:38:30.061  5202  5316 D SecHAL  : data_trace:  Send( 26) 20 02 17   01 29 14 46 66 6d 01 01 12 02 02 07 ff 03 02 00 13 04 01 64 07 01 03 
09-15 09:38:30.061  5202  5316 I SecHAL  : device_write: exit
09-15 09:38:30.061  5202  5315 D SecHAL  : read_thread: Sent message to HAL message task, remind que: 2
09-15 09:38:30.061  5202  5316 D SecHAL  : nfc_hal_task: Got a event: HAL_EVT_READ(4)
09-15 09:38:30.061  5202  5316 D SecHAL  : nfc_hal_task: current state: SERVICE
09-15 09:38:30.062  5202  5316 D SecHAL  : data_trace:  Recv(  5) 40 02 02   00 00 
09-15 09:38:30.062  5202  5316 I SecHAL  : OSI_timer_start: enter,osi_lock
09-15 09:38:30.062  5202  5316 I SecHAL  : OSI_timer_start: before osi_unlock
09-15 09:38:30.062  5202  5316 I SecHAL  : OSI_timer_start: exit
09-15 09:38:30.062  5202  5316 I SecHAL  : nfc_data_callback: !
09-15 09:38:30.062  5202  5316 D NfcAdaptation: NfcAdaptation::HalDeviceContextDataCallback: len=5
09-15 09:38:30.062  5202  5309 I BrcmNfcNfa: NFC received rsp gid:0
09-15 09:38:30.062  5202  5309 I BrcmNfcNfa: nci_proc_core_rsp opcode:0x2
09-15 09:38:30.062  5202  5309 I BrcmNfcNfa: nfa_dm_nfc_response_cback () NFC_SET_CONFIG_REVT(0x5002)
09-15 09:38:30.062  5202  5309 D NfcAdaptation: NfcAdaptation::HalWrite
09-15 09:38:30.062  5202  5309 I SecHAL  : nfc_hal_write: enter;
09-15 09:38:30.062  5202  5309 I SecHAL  : nfc_hal_write: exit;
09-15 09:38:30.062  5202  5316 D SecHAL  : nfc_hal_task: Got a event: HAL_EVT_WRITE(3)
09-15 09:38:30.062  5202  5316 D SecHAL  : nfc_hal_task: current state: SERVICE
09-15 09:38:30.062  5202  5316 I SecHAL  : OSI_timer_start: enter,osi_lock
09-15 09:38:30.062  5202  5316 I SecHAL  : OSI_timer_start: before osi_unlock
09-15 09:38:30.062  5202  5316 I SecHAL  : OSI_timer_start: exit
09-15 09:38:30.062  5202  5316 I SecHAL  : device_write: enter
