09-08 05:33:17.767  3565  3565 E WallpaperManagerService: Unable to apply new wallpaper
09-08 05:33:17.768  3565  3610 D MountService: Thinking about reset, mSystemReady=true, mDaemonConnected=true
09-08 05:33:17.768  3565  3610 D VoldConnector: SND -> {3 volume reset}
09-08 05:33:17.769  3565  3579 I ActivityManager: Force stopping com.android.providers.media appid=10010 user=-1: vold reset
09-08 05:33:17.770  3565  3611 D VoldConnector: RCV <- {651 emulated 7}
09-08 05:33:17.771  3565  3611 D VoldConnector: RCV <- {659 emulated}
09-08 05:33:17.772  3565  3611 D VoldConnector: RCV <- {650 emulated 2 "" ""}
09-08 05:33:17.773  3565  3611 D VoldConnector: RCV <- {654 emulated emulated}
09-08 05:33:17.774  3565  3611 D VoldConnector: RCV <- {651 emulated 0}
09-08 05:33:17.775  3565  3611 D VoldConnector: RCV <- {200 3 Command succeeded}
09-08 05:33:17.776  3565  3610 D VoldConnector: SND -> {4 volume user_added 0 0}
09-08 05:33:17.777  3565  3584 V MountService: Found primary storage at VolumeInfo{emulated}:
09-08 05:33:17.777  3565  3584 V MountService:     type=EMULATED diskId=null partGuid=null mountFlags=0 mountUserId=-1 
09-08 05:33:17.777  3565  3584 V MountService:     state=UNMOUNTED 
09-08 05:33:17.777  3565  3584 V MountService:     fsType=null fsUuid=null fsLabel=null 
09-08 05:33:17.777  3565  3584 V MountService:     path=null internalPath=null 
09-08 05:33:17.777  3565  3611 D VoldConnector: RCV <- {200 4 Command succeeded}
09-08 05:33:17.782  3565  3565 I ActivityManager: Start proc 3704:com.android.systemui/u0a33 for service com.android.systemui/.ImageWallpaper
09-08 05:33:17.787  3565  3610 D VoldConnector: SND -> {5 volume mount emulated 3 -1}
09-08 05:33:17.789  3066  3133 V vold    : Waiting for FUSE to spin up...
09-08 05:33:17.789  3565  3611 D VoldConnector: RCV <- {651 emulated 1}
09-08 05:33:17.791  3565  3631 D BluetoothManagerService: Trying to bind to profile: 1, while Bluetooth was disabled
09-08 05:33:17.793  3565  3611 D VoldConnector: RCV <- {656 emulated /data/media}
09-08 05:33:17.793  3565  3565 D UsbAlsaManager: Adding ALSA device AlsaDevice: [card: 0, device: 22, type: 1]
09-08 05:33:17.793  3565  3565 D UsbAlsaManager: Adding ALSA device AlsaDevice: [card: 0, device: 22, type: 2]
09-08 05:33:17.793  3565  3565 D UsbAlsaManager: Adding ALSA device AlsaDevice: [card: 0, device: 21, type: 2]
09-08 05:33:17.793  3565  3565 D UsbAlsaManager: Adding ALSA device AlsaDevice: [card: 0, device: 20, type: 2]
09-08 05:33:17.794  3565  3565 D UsbAlsaManager: Adding ALSA device AlsaDevice: [card: 0, device: 12, type: 2]
09-08 05:33:17.794  3565  3565 D UsbAlsaManager: Adding ALSA device AlsaDevice: [card: 0, device: 11, type: 2]
09-08 05:33:17.794  3565  3565 D UsbAlsaManager: Adding ALSA device AlsaDevice: [card: 0, device: 10, type: 2]
09-08 05:33:17.794  3565  3611 D VoldConnector: RCV <- {655 emulated /storage/emulated}
09-08 05:33:17.794  3565  3565 D UsbAlsaManager: Adding ALSA device AlsaDevice: [card: 0, device: 9, type: 2]
09-08 05:33:17.794  3565  3565 D UsbAlsaManager: Adding ALSA device AlsaDevice: [card: 0, device: 7, type: 1]
09-08 05:33:17.794  3565  3565 D UsbAlsaManager: Adding ALSA device AlsaDevice: [card: 0, device: 8, type: 2]
09-08 05:33:17.794  3565  3565 D UsbAlsaManager: Adding ALSA device AlsaDevice: [card: 0, device: 6, type: 1]
09-08 05:33:17.794  3565  3565 D UsbAlsaManager: Adding ALSA device AlsaDevice: [card: 0, device: 4, type: 1]
09-08 05:33:17.795  3565  3565 D UsbAlsaManager: Adding ALSA device AlsaDevice: [card: 0, device: 3, type: 1]
09-08 05:33:17.795  3565  3565 D UsbAlsaManager: Adding ALSA device AlsaDevice: [card: 0, device: 2, type: 1]
09-08 05:33:17.795  3565  3565 D UsbAlsaManager: Adding ALSA device AlsaDevice: [card: 0, device: 1, type: 1]
09-08 05:33:17.795  3565  3565 D UsbAlsaManager: Adding ALSA device AlsaDevice: [card: 0, device: 0, type: 1]
09-08 05:33:17.798  3565  3565 I SystemServer: WebViewFactory preparation
09-08 05:33:17.804  3565  3584 I UsbPortManager: USB port added: port=UsbPort{id=otg_default, supportedModes=dual}, status=UsbPortStatus{connected=true, currentMode=ufp, currentPowerRole=sink, currentDataRole=device, supportedRoleCombinations=[source:host, sink:device]}, canChangeMode=true, canChangePowerRole=false, canChangeDataRole=false
09-08 05:33:17.839  3565  3611 D VoldConnector: RCV <- {651 emulated 2}
09-08 05:33:17.840  3565  3611 D VoldConnector: RCV <- {200 5 Command succeeded}
09-08 05:33:18.026  3565  3565 W ActivityManager: Slow operation: 68ms so far, now at startProcess: returned from zygote!
09-08 05:33:18.027  3565  3565 W ActivityManager: Slow operation: 68ms so far, now at startProcess: done updating battery stats
09-08 05:33:18.027  3565  3565 W ActivityManager: Slow operation: 69ms so far, now at startProcess: building log message
09-08 05:33:18.027  3565  3565 I ActivityManager: Start proc 3739:WebViewLoader-armeabi-v7a/1037 [android.webkit.WebViewFactory$RelroFileCreator] for 
09-08 05:33:18.027  3565  3565 W ActivityManager: Slow operation: 69ms so far, now at startProcess: starting to update pids map
09-08 05:33:18.027  3565  3565 W ActivityManager: Slow operation: 69ms so far, now at startProcess: done updating pids map
09-08 05:33:18.027  3565  3565 W ActivityManager: Slow operation: 70ms so far, now at startProcess: done starting proc!
09-08 05:33:18.039  3565  3565 I ActivityManager: Start proc 3750:WebViewLoader-arm64-v8a/1037 [android.webkit.WebViewFactory$RelroFileCreator] for 
09-08 05:33:18.043  3565  3565 D NetworkManagement: enabling bandwidth control
09-08 05:33:18.172  3690  3795 E ActivityThread: Failed to find provider info for user_dictionary
09-08 05:33:18.216  3565  3565 D NetworkPolicy: setRestrictBackgroundUL(): false
09-08 05:33:18.334  3565  3565 I SystemServiceManager: Starting phase 600
09-08 05:33:18.361  3565  3565 D GestureLauncherService: Gesture launcher mEmergencyNumber = 112 hits = 3
09-08 05:33:18.362  3565  3565 D SensorNotificationService: Cannot obtain dynamic meta sensor, not supported.
09-08 05:33:18.369  3565  3565 D BrokerableCMSystemService: Third party apps ready
09-08 05:33:18.369  3565  3565 I BrokerableCMSystemService: Connecting to implementation
09-08 05:33:18.369  3565  3565 W ContextImpl: Calling a method in the system process without a qualified user: android.app.ContextImpl.bindService:1421 org.cyanogenmod.platform.internal.BrokerableCMSystemService.tryConnecting:199 org.cyanogenmod.platform.internal.BrokerableCMSystemService.onBootPhase:127 org.cyanogenmod.platform.internal.CMAudioServiceBroker.onBootPhase:58 com.android.server.SystemServiceManager.startBootPhase:143 
09-08 05:33:18.382  3565  3565 I ActivityManager: Start proc 3826:org.cyanogenmod.cmaudio.service/u0a0 for service org.cyanogenmod.cmaudio.service/.CMAudioService
09-08 05:33:18.422  3565  3565 W LocationManagerService: no network location provider found
09-08 05:33:18.429  3565  3565 E LocationManagerService: no geocoder provider found
09-08 05:33:18.429  3565  3565 D LocationManagerService: FLP HAL not supported
09-08 05:33:18.432  3565  3565 D LocationManagerService: Unable to bind FLP Geofence proxy.
09-08 05:33:18.433  3565  3565 D LocationManagerService: Hardware Activity-Recognition not supported.
09-08 05:33:18.435  3565  3565 D LocationManagerService: Unable to bind ActivityRecognitionProxy.
09-08 05:33:18.446  3565  3565 I MmsServiceBroker: Delay connecting to MmsService until an API is called
09-08 05:33:18.450  3565  3565 W VoiceInteractionManagerService: no available voice interaction services found for user 0
09-08 05:33:18.450  3565  3565 W VoiceInteractionManagerService: no available voice recognition services found for user 0
09-08 05:33:18.464  3565  3565 I ActivityManager: Start proc 3845:com.android.phone/1001 for added application com.android.phone
09-08 05:33:18.467  3565  3565 I ActivityManager: START u0 {act=android.intent.action.MAIN cat=[android.intent.category.HOME] flg=0x10000100 cmp=com.android.settings/.FallbackHome} from uid 0 on display 0
09-08 05:33:18.477  3565  3565 I ActivityManager: Loaded persisted task ids for user 0
09-08 05:33:18.492  3565  3565 I ActivityManager: Start proc 3863:com.android.settings/1000 for activity com.android.settings/.FallbackHome
09-08 05:33:18.500  3565  3565 I SystemServer: Enabled StrictMode for system server main thread.
09-08 05:33:18.593  3565  3722 W ActivityManager: Slow operation: 84ms so far, now at attachApplicationLocked: after mServices.attachApplicationLocked
09-08 05:33:18.601  3565  3565 D ConditionProviders.SCP: onConnected
09-08 05:33:18.610  3565  3565 D ZenLog  : set_zen_mode: off,readXml
09-08 05:33:18.626  3565  3565 D ConditionProviders: Subscribing to condition://android/schedule?days=6.7&start=23.30&end=10.0&exitAtAlarm=false with ComponentInfo{android/com.android.server.notification.ScheduleConditionProvider}
09-08 05:33:18.626  3565  3565 D ZenLog  : subscribe: condition://android/schedule?days=6.7&start=23.30&end=10.0&exitAtAlarm=false,ok
09-08 05:33:18.628  3565  3565 D ConditionProviders: Subscribing to condition://android/schedule?days=1.2.3.4.5&start=22.0&end=7.0&exitAtAlarm=false with ComponentInfo{android/com.android.server.notification.ScheduleConditionProvider}
09-08 05:33:18.629  3565  3565 D ZenLog  : subscribe: condition://android/schedule?days=1.2.3.4.5&start=22.0&end=7.0&exitAtAlarm=false,ok
09-08 05:33:18.630  3565  3565 D ConditionProviders: Subscribing to condition://android/event?userId=-10000&calendar=&reply=1 with ComponentInfo{android/com.android.server.notification.EventConditionProvider}
09-08 05:33:18.630  3565  3565 D ZenLog  : subscribe: condition://android/event?userId=-10000&calendar=&reply=1,ok
09-08 05:33:18.647  3565  3580 W WindowManager: Keyguard drawn timeout. Setting mKeyguardDrawComplete
09-08 05:33:18.647  3565  3586 W LocalDisplayAdapter: Unable to find color mode 0, ignoring request.
09-08 05:33:18.656  3565  3586 W LocalDisplayAdapter: Unable to find color mode 0, ignoring request.
09-08 05:33:18.664  3565  3565 W ContextImpl: Calling a method in the system process without a qualified user: android.app.ContextImpl.startService:1357 com.android.server.content.SyncManager$13.run:658 android.os.Handler.handleCallback:751 android.os.Handler.dispatchMessage:95 android.os.Looper.loop:154 
09-08 05:33:18.668  3565  3565 D ZenLog  : set_zen_mode: off,cleanUpZenRules
09-08 05:33:18.720  3565  3565 D BluetoothManagerService: Trying to bind to profile: 1, while Bluetooth was disabled
09-08 05:33:18.724  3565  3565 I Telecom : SystemStateProvider: Registering car mode receiver: android.content.IntentFilter@e8af3e5: TS.init@AAA
09-08 05:33:18.739  3565  3925 I Telecom : Telecom: Non-call EVENT: AUDIO_ROUTE, Entering state QuiescentEarpieceRoute
09-08 05:33:18.743  3565  3927 I Telecom : CallAudioModeStateMachine: Message received: null.: TS.init->CAMSM.pM_1@AAA_0
09-08 05:33:18.789  3565  3565 I Telecom : ViceNotificationImpl: ViceNotificationImpl: TS.init@AAA
09-08 05:33:18.793  3565  3937 E ActivityThread: Failed to find provider info for call_log
09-08 05:33:18.793  3565  3565 D BluetoothManagerService: Trying to bind to profile: 1, while Bluetooth was disabled
09-08 05:33:18.794  3565  3565 I Telecom : BluetoothPhoneService: Ignoring IBluetoothDsdaService class not found exception : TS.init@AAA
09-08 05:33:18.798  3565  3565 I Telecom : Class: TelecomSystem.INSTANCE being set
09-08 05:33:18.799  3565  3565 W ContextImpl: Calling a method in the system process without a qualified user: android.app.ContextImpl.startService:1357 android.content.ContextWrapper.startService:613 com.android.server.telecom.components.TelecomService.initializeTelecomSystem:196 com.android.server.telecom.components.TelecomService.onBind:64 android.app.ActivityThread.handleBindService:3243 
09-08 05:33:18.851  3565  3565 V WiredAccessoryManager: init()
--------- beginning of main
09-08 05:33:18.877  3170  3233 V FFmpegOMXPlugin: makeComponentInstance 'OMX.ffmpeg.wmv.decoder'
09-08 05:33:18.877  3170  3233 D SoftFFmpegVideo: SoftFFmpegVideo component: OMX.ffmpeg.wmv.decoder codingType=5 appData: 0xf6519540
09-08 05:33:18.878  3170  3170 E OMXNodeInstance: getExtensionIndex(c620036:ffmpeg.wmv.decoder, OMX.google.android.index.configureVideoTunnelMode) ERROR: UnsupportedIndex(0x8000101a)
09-08 05:33:18.879  3170  3740 W OMXNodeInstance: [c620036:ffmpeg.wmv.decoder] component does not support metadata mode; using fallback
09-08 05:33:18.881  3173  3173 I MediaPlayerService: MediaPlayerService::getOMX
09-08 05:33:18.882  3173  3173 I OMXClient: MuxOMX ctor
09-08 05:33:18.882  3173  3173 W MediaCodecList: unable to open media codecs configuration xml file: /etc/media_codecs_performance.xml
09-08 05:33:18.883  3173  3173 I MediaPlayerService: MediaPlayerService::getOMX
09-08 05:33:18.883  3173  3173 I OMXClient: MuxOMX ctor
09-08 05:33:18.883  3173  3173 W MediaCodecList: unable to open media codecs configuration xml file: /data/misc/media/media_codecs_profiling_results.xml
09-08 05:33:18.885  3173  3173 I MediaPlayerService: MediaPlayerService::getOMX
09-08 05:33:18.885  3173  3231 I MediaPlayerService: MediaPlayerService::getOMX
09-08 05:33:18.886  3704  3806 I OMXClient: MuxOMX ctor
09-08 05:33:18.886  3565  3732 I chatty  : uid=1000 system_server expire 1 line
09-08 05:33:18.888  3170  3233 I OMXMaster: makeComponentInstance(OMX.google.vorbis.decoder) in mediacodec process
09-08 05:33:18.890  3170  3170 I OMXMaster: makeComponentInstance(OMX.google.vorbis.decoder) in mediacodec process
09-08 05:33:18.913  3863  3977 I chatty  : uid=1000(system) RenderThread expire 8 lines
09-08 05:33:18.945  3173  3887 I MediaPlayerService: MediaPlayerService::getOMX
09-08 05:33:18.945  3565  3999 I chatty  : uid=1000 system_server expire 1 line
09-08 05:33:18.946  3170  3233 I OMXMaster: makeComponentInstance(OMX.google.vorbis.decoder) in mediacodec process
09-08 05:33:18.954  3565  3576 I StatusBarManagerService: registerStatusBar bar=com.android.internal.statusbar.IStatusBar$Stub$Proxy@f76888e
09-08 05:33:18.954  3565  3579 I chatty  : uid=1000(system) ActivityManager expire 2 lines
09-08 05:33:18.954  3565  3579 W KeyguardServiceDelegate: onScreenTurningOn(): no keyguard service!
09-08 05:33:18.955  3565  3586 I chatty  : uid=1000(system) android.display expire 7 lines
09-08 05:33:18.982  3173  3814 I MediaPlayerService: MediaPlayerService::getOMX
09-08 05:33:18.983  3565  4003 I chatty  : uid=1000 system_server expire 1 line
09-08 05:33:18.984  3170  3233 I OMXMaster: makeComponentInstance(OMX.google.vorbis.decoder) in mediacodec process
09-08 05:33:18.988  3173  3745 I MediaPlayerService: MediaPlayerService::getOMX
09-08 05:33:18.989  3704  4004 I OMXClient: MuxOMX ctor
09-08 05:33:18.995  3170  3233 I OMXMaster: makeComponentInstance(OMX.google.vorbis.decoder) in mediacodec process
09-08 05:33:19.014  3565  4012 I chatty  : uid=1000(system) Thread-5 expire 2 lines
09-08 05:33:19.043  3173  3173 I MediaPlayerService: MediaPlayerService::getOMX
09-08 05:33:19.046  3704  4020 I OMXClient: MuxOMX ctor
09-08 05:33:19.046  3173  3814 I MediaPlayerService: MediaPlayerService::getOMX
09-08 05:33:19.047  3565  4021 I chatty  : uid=1000 system_server expire 1 line
09-08 05:33:19.047  3565  3565 D ConditionProviders.SCP: onSubscribe condition://android/schedule?days=6.7&start=23.30&end=10.0&exitAtAlarm=false
09-08 05:33:19.047  3170  3170 I OMXMaster: makeComponentInstance(OMX.google.vorbis.decoder) in mediacodec process
09-08 05:33:19.048  3170  3740 I OMXMaster: makeComponentInstance(OMX.google.vorbis.decoder) in mediacodec process
09-08 05:33:19.049  3565  3565 D ConditionProviders.SCP: setRegistered true
09-08 05:33:19.050  3565  3565 D ConditionProviders.SCP: notifyCondition condition://android/schedule?days=6.7&start=23.30&end=10.0&exitAtAlarm=false STATE_FALSE reason=!meetsSchedule
09-08 05:33:19.051  4013  4013 I wpa_supplicant: Successfully initialized wpa_supplicant
09-08 05:33:19.053  3565  3565 D ConditionProviders.SCP: Scheduling evaluate for Fri Sep 08 10:00:00 GMT-03:00 2017 (1504875600000), in +4h26m40s951ms, now=Fri Sep 08 05:33:19 GMT-03:00 2017 (1504859599049)
09-08 05:33:19.055  4013  4013 I wpa_supplicant: rfkill: Cannot open RFKILL control device
09-08 05:33:19.066  3565  3579 I ActivityManager: Start proc 4027:com.android.cellbroadcastreceiver/u0a8 for broadcast com.android.cellbroadcastreceiver/.CellBroadcastReceiver
09-08 05:33:19.066  3565  3565 D ConditionProviders.SCP: onSubscribe condition://android/schedule?days=1.2.3.4.5&start=22.0&end=7.0&exitAtAlarm=false
09-08 05:33:19.068  3565  3565 D ConditionProviders.SCP: notifyCondition condition://android/schedule?days=6.7&start=23.30&end=10.0&exitAtAlarm=false STATE_FALSE reason=!meetsSchedule
09-08 05:33:19.070  3565  3565 D ConditionProviders.SCP: notifyCondition condition://android/schedule?days=1.2.3.4.5&start=22.0&end=7.0&exitAtAlarm=false STATE_TRUE reason=meetsSchedule
09-08 05:33:19.071  3565  3565 D ConditionProviders.SCP: Scheduling evaluate for Fri Sep 08 07:00:00 GMT-03:00 2017 (1504864800000), in +1h26m40s932ms, now=Fri Sep 08 05:33:19 GMT-03:00 2017 (1504859599068)
09-08 05:33:19.073  3565  3565 I BrokerableCMSystemService: Implementation service connected
09-08 05:33:19.075  3565  3565 I Telecom : WiredHeadsetManager: ACTION_HEADSET_PLUG event, plugged in: false, : WHC.oADA@AAE
09-08 05:33:19.077  3565  3630 E ActivityThread: Failed to find provider info for com.android.calendar
09-08 05:33:19.078  3565  3630 E ActivityThread: Failed to find provider info for com.android.calendar
09-08 05:33:19.079  3565  3565 I ActivityManager: user 0 is still locked. Cannot load recents
09-08 05:33:19.094  3704  3709 I art     : Do partial code cache collection, code=125KB, data=105KB
09-08 05:33:19.094  3704  3709 I art     : After code cache collection, code=123KB, data=104KB
09-08 05:33:19.094  3704  3709 I art     : Increasing code cache capacity to 512KB
09-08 05:33:19.111  3619  3619 I WifiStateMachin: type=1400 audit(0.0:166): avc: denied { write } for name="wpa_wlan0" dev="tmpfs" ino=1315 scontext=u:r:system_server:s0 tcontext=u:object_r:socket_device:s0 tclass=sock_file permissive=1
09-08 05:33:19.111  3619  3619 W WifiStateMachin: type=1300 audit(0.0:166): arch=c00000b7 syscall=203 success=yes exit=0 a0=bd a1=7f759d5988 a2=18 a3=7f959551f0 items=0 ppid=3164 auid=4294967295 uid=1000 gid=1000 euid=1000 suid=1000 fsuid=1000 egid=1000 sgid=1000 fsgid=1000 tty=(none) ses=4294967295 exe="/system/bin/app_process64" subj=u:r:system_server:s0 key=(null)
09-08 05:33:19.111  3074  3074 W auditd  : type=1327 audit(0.0:166): proctitle="system_server"
09-08 05:33:19.111  3074  3074 W auditd  : type=1320 audit(0.0:166): 
09-08 05:33:19.118  3173  3231 I MediaPlayerService: MediaPlayerService::getOMX
09-08 05:33:19.118  3565  4043 I chatty  : uid=1000 system_server expire 1 line
09-08 05:33:19.120  4027  4027 W System  : ClassLoader referenced unknown path: /system/priv-app/CellBroadcastReceiver/lib/arm64
09-08 05:33:19.121  3170  3740 I OMXMaster: makeComponentInstance(OMX.google.vorbis.decoder) in mediacodec process
09-08 05:33:19.200  3174  3529 D CommandListener: Setting iface cfg
09-08 05:33:19.206  3173  3745 I MediaPlayerService: MediaPlayerService::getOMX
09-08 05:33:19.207  3565  4054 I chatty  : uid=1000 system_server expire 1 line
09-08 05:33:19.208  3170  3170 I OMXMaster: makeComponentInstance(OMX.google.vorbis.decoder) in mediacodec process
09-08 05:33:19.210  3174  3529 D CommandListener: Trying to bring up p2p0
09-08 05:33:19.213  3565  3617 I chatty  : uid=1000(system) WifiP2pService expire 6 lines
09-08 05:33:19.224  4027  4027 D CellBroadcastReceiver: onReceive Intent { act=android.intent.action.SIM_STATE_CHANGED flg=0x4000010 cmp=com.android.cellbroadcastreceiver/.CellBroadcastReceiver (has extras) }
09-08 05:33:19.264  3845  3850 I chatty  : uid=1001(radio) Jit thread pool expire 20 lines
09-08 05:33:19.317  3704  3704 W System  : ClassLoader referenced unknown path: 
09-08 05:33:19.318  3704  3704 D ApplicationLoaders: ignored Vulkan layer search path /system/app/Camera2/lib/arm64:/system/app/Camera2/Camera2.apk!/lib/arm64-v8a:/system/lib64:/vendor/lib64 for namespace 0x7f95fe10f0
09-08 05:33:19.422  3565  3624 D ConnectivityService: Got NetworkFactory Messenger for PhoneSwitcherNetworkRequstListener
09-08 05:33:19.423  3704  3704 D ClockController: onTuningChanged key=cmsystem:status_bar_clock value=null
09-08 05:33:19.429  3704  3704 D ClockController: onTuningChanged key=cmsystem:status_bar_am_pm value=null
09-08 05:33:19.431  3704  3704 D ClockController: onTuningChanged key=clock_seconds value=null
09-08 05:33:19.433  3565  3624 D ConnectivityService: Got NetworkFactory Messenger for TelephonyNetworkFactory[0]
09-08 05:33:19.434  3565  3624 D ConnectivityService: Got NetworkFactory Messenger for TelephonyNetworkFactory[1]
09-08 05:33:19.451  3845  4066 E ActivityThread: Failed to find provider info for com.android.contacts
09-08 05:33:19.451  3845  4066 I chatty  : uid=1001(radio) com.android.phone expire 1 line
09-08 05:33:19.458  3565  3966 D BluetoothManagerService: Trying to bind to profile: 1, while Bluetooth was disabled
09-08 05:33:19.466  3704  3704 D LocalBluetoothProfileManager: Adding local MAP profile
09-08 05:33:19.470  3704  3704 D BluetoothMap: Create BluetoothMap proxy object
09-08 05:33:19.478  3704  3704 D LocalBluetoothProfileManager: LocalBluetoothProfileManager construction complete
09-08 05:33:19.498  3704  3704 I CameraManagerGlobal: Connecting to camera service
09-08 05:33:19.500  3158  3158 E CameraService: getCameraVendorTagDescriptor: camera hardware module doesn't exist
09-08 05:33:19.506  3704  3709 I art     : Do full code cache collection, code=252KB, data=207KB
09-08 05:33:19.507  3704  3709 I art     : Starting a blocking GC JitCodeCache
09-08 05:33:19.507  3704  3709 I art     : After code cache collection, code=241KB, data=179KB
09-08 05:33:19.541  3565  3719 I ActivityManager: Start proc 4071:org.cyanogenmod.weather.provider/u0a32 for content provider org.cyanogenmod.weather.provider/.WeatherContentProvider
09-08 05:33:19.569  4071  4071 W System  : ClassLoader referenced unknown path: /system/priv-app/WeatherProvider/lib/arm64
09-08 05:33:19.617  4027  4027 D CellBroadcastReceiver: onReceive Intent { act=android.intent.action.SIM_STATE_CHANGED flg=0x4000010 cmp=com.android.cellbroadcastreceiver/.CellBroadcastReceiver (has extras) }
09-08 05:33:19.643  3704  4093 E ActivityThread: Failed to find provider info for com.android.contacts
09-08 05:33:19.653  3704  3928 D OpenGLRenderer: profile bars disabled
09-08 05:33:19.653  3704  3928 D OpenGLRenderer: ambientRatio = 1.50
09-08 05:33:19.665  3704  3704 D PhoneStatusBar: disable: < EXPAND* icons alerts system_info BACK* HOME* RECENT* clock SEARCH* quick_settings >
09-08 05:33:19.817  3704  3704 D PhoneStatusBar: heads up is enabled
09-08 05:33:19.868  3565  3719 I Telecom : PhoneAccountRegistrar: New phone account registered: [[ ] PhoneAccount: ComponentInfo{com.android.phone/com.android.services.telephony.TelephonyConnectionService}, [e0184adedf913b076626646d3f52c3b49c39ad6d], UserHandle{0} Capabilities: CallProvider MultiUser PlaceEmerg SimSub  Audio Routes: BESW Schemes: tel voicemail  Extras: null GroupId: [da39a3ee5e6b4b0d3255bfef95601890afd80709]]: TSI.rPA@AAY
09-08 05:33:19.875  3565  3719 I Telecom : : Sending phone-account registered intent as user: TSI.rPA@AAY
09-08 05:33:19.876  3704  3709 I art     : Do partial code cache collection, code=250KB, data=201KB
09-08 05:33:19.876  3704  3709 I art     : After code cache collection, code=250KB, data=201KB
09-08 05:33:19.876  3704  3709 I art     : Increasing code cache capacity to 1024KB
09-08 05:33:19.891  3565  3722 W LocalDisplayAdapter: Unable to find color mode 0, ignoring request.
09-08 05:33:19.904  3565  3719 I chatty  : uid=1000(system) Binder:3565_3 expire 2 lines
09-08 05:33:19.907  3565  3580 W LocalDisplayAdapter: Unable to find color mode 0, ignoring request.
09-08 05:33:19.907  3704  3704 I Choreographer: Skipped 51 frames!  The application may be doing too much work on its main thread.
09-08 05:33:19.910  3565  3966 I Telecom : : Sending phone-account unregistered intent as user: TSI.uPA@AAg
09-08 05:33:19.935  3704  3704 D ViewRootImpl[StatusBar]: changeCanvasOpacity: opaque=true
09-08 05:33:19.950  4027  4027 D CellBroadcastReceiver: onReceive Intent { act=android.intent.action.SERVICE_STATE flg=0x10 cmp=com.android.cellbroadcastreceiver/.CellBroadcastReceiver (has extras) }
09-08 05:33:19.950  4027  4027 D CellBroadcastReceiver: Intent: android.intent.action.SERVICE_STATE
09-08 05:33:19.955  4027  4027 D CellBroadcastReceiver: Service state changed! 3 Full: 3 3 voice home data home null null null null null null  Unknown Unknown CSS not supported -1 -1 RoamInd=-1 DefRoamInd=-1 EmergOnly=false IsDataRoamingFromRegistration=false IsUsingCarrierAggregation=false Current state=-1
09-08 05:33:19.958  4027  4027 D CellBroadcastReceiver: onReceive Intent { act=android.intent.action.SERVICE_STATE flg=0x10 cmp=com.android.cellbroadcastreceiver/.CellBroadcastReceiver (has extras) }
09-08 05:33:19.958  4027  4027 D CellBroadcastReceiver: Intent: android.intent.action.SERVICE_STATE
09-08 05:33:19.960  4027  4027 D CellBroadcastReceiver: Service state changed! 1 Full: 1 1 voice home data home null null null null null null  UMTS Unknown CSS not supported 0 0 RoamInd=0 DefRoamInd=0 EmergOnly=false IsDataRoamingFromRegistration=false IsUsingCarrierAggregation=false Current state=3
09-08 05:33:19.960  3565  3586 W LocalDisplayAdapter: Unable to find color mode 0, ignoring request.
09-08 05:33:19.986  3565  3586 W LocalDisplayAdapter: Unable to find color mode 0, ignoring request.
09-08 05:33:19.997  4027  4027 D CellBroadcastReceiver: onReceive Intent { act=android.intent.action.SIM_STATE_CHANGED flg=0x4000010 cmp=com.android.cellbroadcastreceiver/.CellBroadcastReceiver (has extras) }
09-08 05:33:20.035  3565  3576 I Telecom : PhoneAccountRegistrar: [ComponentInfo{com.android.phone/com.android.services.telephony.TelephonyConnectionService}, [e0184adedf913b076626646d3f52c3b49c39ad6d], UserHandle{0}(icon: Icon(typ=BITMAP size=67x84) -> Icon(typ=BITMAP size=67x84))]: TSI.rPA@AAo
09-08 05:33:20.039  3565  3576 I Telecom : : Sending phone-account registered intent as user: TSI.rPA@AAo
09-08 05:33:20.079  4027  4027 D CellBroadcastReceiver: onReceive Intent { act=android.intent.action.SIM_STATE_CHANGED flg=0x4000010 cmp=com.android.cellbroadcastreceiver/.CellBroadcastReceiver (has extras) }
09-08 05:33:20.089  3565  3966 I Telecom : PhoneAccountRegistrar: [ComponentInfo{com.android.phone/com.android.services.telephony.TelephonyConnectionService}, [e0184adedf913b076626646d3f52c3b49c39ad6d], UserHandle{0}(icon: Icon(typ=BITMAP size=67x84) -> Icon(typ=BITMAP size=67x84))]: TSI.rPA@AA0
09-08 05:33:20.093  3565  3966 I Telecom : : Sending phone-account registered intent as user: TSI.rPA@AA0
09-08 05:33:20.106  3565  3577 I Telecom : PhoneAccountRegistrar: [ComponentInfo{com.android.phone/com.android.services.telephony.TelephonyConnectionService}, [e0184adedf913b076626646d3f52c3b49c39ad6d], UserHandle{0}(icon: Icon(typ=BITMAP size=67x84) -> Icon(typ=BITMAP size=67x84))]: TSI.rPA@AA4
09-08 05:33:20.110  3565  3577 I Telecom : : Sending phone-account registered intent as user: TSI.rPA@AA4
09-08 05:33:20.143  4027  4027 D CellBroadcastReceiver: onReceive Intent { act=android.intent.action.SERVICE_STATE flg=0x10 cmp=com.android.cellbroadcastreceiver/.CellBroadcastReceiver (has extras) }
09-08 05:33:20.143  4027  4027 D CellBroadcastReceiver: Intent: android.intent.action.SERVICE_STATE
09-08 05:33:20.148  4027  4027 D CellBroadcastReceiver: onReceive Intent { act=android.intent.action.SIM_STATE_CHANGED flg=0x4000010 cmp=com.android.cellbroadcastreceiver/.CellBroadcastReceiver (has extras) }
09-08 05:33:20.167  3565  3577 I Telecom : PhoneAccountRegistrar: [ComponentInfo{com.android.phone/com.android.services.telephony.TelephonyConnectionService}, [e0184adedf913b076626646d3f52c3b49c39ad6d], UserHandle{0}(icon: Icon(typ=BITMAP size=67x84) -> Icon(typ=BITMAP size=67x84))]: TSI.rPA@ABE
09-08 05:33:20.171  3565  3577 I Telecom : : Sending phone-account registered intent as user: TSI.rPA@ABE
09-08 05:33:20.190  3565  3576 I Telecom : PhoneAccountRegistrar: [ComponentInfo{com.android.phone/com.android.services.telephony.TelephonyConnectionService}, [e0184adedf913b076626646d3f52c3b49c39ad6d], UserHandle{0}(icon: Icon(typ=BITMAP size=67x84) -> Icon(typ=BITMAP size=67x84))]: TSI.rPA@ABI
09-08 05:33:20.194  3565  3576 I Telecom : : Sending phone-account registered intent as user: TSI.rPA@ABI
09-08 05:33:20.202  3704  3928 I OpenGLRenderer: Initialized EGL, version 1.4
09-08 05:33:20.202  3704  3928 D OpenGLRenderer: Swap behavior 1
09-08 05:33:20.206  3704  3928 D mali_winsys: EGLint new_window_surface(egl_winsys_display*, void*, EGLSurface, EGLConfig, egl_winsys_surface**, egl_color_buffer_format*, EGLBoolean) returns 0x3000,  [1440x84]-format:1
09-08 05:33:20.220  3565  3576 I Telecom : PhoneAccountRegistrar: [ComponentInfo{com.android.phone/com.android.services.telephony.TelephonyConnectionService}, [e0184adedf913b076626646d3f52c3b49c39ad6d], UserHandle{0}(icon: Icon(typ=BITMAP size=67x84) -> Icon(typ=BITMAP size=67x84))]: TSI.rPA@ABU
09-08 05:33:20.223  3565  3576 I Telecom : : Sending phone-account registered intent as user: TSI.rPA@ABU
09-08 05:33:20.246  4027  4027 D CellBroadcastReceiver: onReceive Intent { act=android.intent.action.SERVICE_STATE flg=0x10 cmp=com.android.cellbroadcastreceiver/.CellBroadcastReceiver (has extras) }
09-08 05:33:20.246  4027  4027 D CellBroadcastReceiver: Intent: android.intent.action.SERVICE_STATE
09-08 05:33:20.255  3704  3928 D mali_winsys: EGLint new_window_surface(egl_winsys_display*, void*, EGLSurface, EGLConfig, egl_winsys_surface**, egl_color_buffer_format*, EGLBoolean) returns 0x3000,  [1440x168]-format:1
09-08 05:33:20.298  3565  3618 D WifiService: New client listening to asynchronous messages
09-08 05:33:20.328  3151  3664 I SurfaceFlinger: Boot is finished (13808 ms)
09-08 05:33:20.332  3704  3704 W KeyguardUpdateMonitor: invalid subId in handleSimStateChange()
09-08 05:33:20.334  3704  3704 D mali_winsys: EGLint new_window_surface(egl_winsys_display*, void*, EGLSurface, EGLConfig, egl_winsys_surface**, egl_color_buffer_format*, EGLBoolean) returns 0x3000,  [1440x2960]-format:2
09-08 05:33:20.343  3704  3704 I ndroid.systemui: type=1400 audit(0.0:167): avc: denied { read write } for name="fimg2d" dev="tmpfs" ino=19544 scontext=u:r:platform_app:s0:c512,c768 tcontext=u:object_r:device:s0 tclass=chr_file permissive=1
09-08 05:33:20.343  3704  3704 I ndroid.systemui: type=1400 audit(0.0:167): avc: denied { open } for path="/dev/fimg2d" dev="tmpfs" ino=19544 scontext=u:r:platform_app:s0:c512,c768 tcontext=u:object_r:device:s0 tclass=chr_file permissive=1
09-08 05:33:20.343  3704  3704 W ndroid.systemui: type=1300 audit(0.0:167): arch=c00000b7 syscall=56 success=yes exit=82 a0=ffffff9c a1=7f86797703 a2=2 a3=0 items=0 ppid=3164 auid=4294967295 uid=10033 gid=10033 euid=10033 suid=10033 fsuid=10033 egid=10033 sgid=10033 fsgid=10033 tty=(none) ses=4294967295 exe="/system/bin/app_process64" subj=u:r:platform_app:s0:c512,c768 key=(null)
09-08 05:33:20.343  3074  3074 W auditd  : type=1327 audit(0.0:167): proctitle="com.android.systemui"
09-08 05:33:20.343  3074  3074 W auditd  : type=1320 audit(0.0:167): 
09-08 05:33:20.343  3704  3704 I ndroid.systemui: type=1400 audit(0.0:168): avc: denied { ioctl } for path="/dev/fimg2d" dev="tmpfs" ino=19544 ioctlcmd=4d04 scontext=u:r:platform_app:s0:c512,c768 tcontext=u:object_r:device:s0 tclass=chr_file permissive=1
09-08 05:33:20.343  3704  3704 W ndroid.systemui: type=1300 audit(0.0:168): arch=c00000b7 syscall=29 success=yes exit=0 a0=53 a1=c1104d04 a2=7f738226b0 a3=0 items=0 ppid=3164 auid=4294967295 uid=10033 gid=10033 euid=10033 suid=10033 fsuid=10033 egid=10033 sgid=10033 fsgid=10033 tty=(none) ses=4294967295 exe="/system/bin/app_process64" subj=u:r:platform_app:s0:c512,c768 key=(null)
09-08 05:33:20.343  3074  3074 W auditd  : type=1327 audit(0.0:168): proctitle="com.android.systemui"
09-08 05:33:20.343  3074  3074 W auditd  : type=1320 audit(0.0:168): 
09-08 05:33:20.411  3704  3704 D mali_winsys: EGLint new_window_surface(egl_winsys_display*, void*, EGLSurface, EGLConfig, egl_winsys_surface**, egl_color_buffer_format*, EGLBoolean) returns 0x3000,  [2160x2960]-format:2
09-08 05:33:20.428  3704  3704 D PhoneStatusBar: disable: < expand* icons alerts system_info back* home* recent* clock search* quick_settings >
09-08 05:33:20.443  3704  3704 W KeyguardUpdateMonitor: invalid subId in handleSimStateChange()
09-08 05:33:20.449  3704  3704 W KeyguardUpdateMonitor: invalid subId in handleServiceStateChange()
09-08 05:33:20.453  3704  3704 W KeyguardUpdateMonitor: invalid subId in handleServiceStateChange()
09-08 05:33:20.455  3845  3845 D MccTable: updateMccMncConfiguration mccmnc='72234' fromServiceState=false
09-08 05:33:20.456  3845  3845 D MccTable: updateMccMncConfiguration defaultMccMnc=
09-08 05:33:20.456  3845  3845 D MccTable: updateMccMncConfiguration: mcc=722, mnc=34
09-08 05:33:20.456  3845  3845 D MccTable: updateMccMncConfiguration updateConfig config={1.0 722mcc34mnc ?localeList ?layoutDir ?swdp ?wdp ?hdp ?density ?lsize ?long ?orien ?uimode ?night ?touch ?keyb/?/? ?nav/?}
09-08 05:33:20.457  3565  3576 I ActivityManager: Config changes=3 {1.0 722mcc34mnc [en_US] ldltr sw411dp w411dp h773dp 560dpi nrml long port finger -keyb/v/h -nav/h s.7}
09-08 05:33:20.469  3151  3181 D PermissionCache: checking android.permission.READ_FRAME_BUFFER for uid=1000 => granted (1368 us)
09-08 05:33:20.509  3704  3704 W KeyguardUpdateMonitor: invalid subId in handleSimStateChange()
09-08 05:33:20.509  3704  3704 W KeyguardUpdateMonitor: invalid subId in handleSimStateChange()
09-08 05:33:20.517  3704  3704 W KeyguardUpdateMonitor: invalid subId in handleServiceStateChange()
09-08 05:33:20.517  3704  3704 W KeyguardUpdateMonitor: invalid subId in handleSimStateChange()
09-08 05:33:20.521  3704  3704 W KeyguardUpdateMonitor: invalid subId in handleServiceStateChange()
09-08 05:33:20.559  3565  3586 I WindowManager: Screen frozen for +92ms due to Window{23af112 u0 com.android.settings/com.android.settings.FallbackHome}
09-08 05:33:20.757  3565  3722 I Telecom : PhoneAccountRegistrar: [ComponentInfo{com.android.phone/com.android.services.telephony.TelephonyConnectionService}, [e0184adedf913b076626646d3f52c3b49c39ad6d], UserHandle{0}(icon: Icon(typ=BITMAP size=67x84) -> Icon(typ=BITMAP size=67x84))]: TSI.rPA@ABY
09-08 05:33:20.761  3565  3722 I Telecom : : Sending phone-account registered intent as user: TSI.rPA@ABY
09-08 05:33:20.788  3565  3719 I Telecom : PhoneAccountRegistrar: [ComponentInfo{com.android.phone/com.android.services.telephony.TelephonyConnectionService}, [e0184adedf913b076626646d3f52c3b49c39ad6d], UserHandle{0}(icon: Icon(typ=BITMAP size=67x84) -> Icon(typ=BITMAP size=67x84))]: TSI.rPA@ABk
09-08 05:33:20.791  3565  3719 I Telecom : : Sending phone-account registered intent as user: TSI.rPA@ABk
09-08 05:33:20.802  3565  3577 I Telecom : PhoneAccountRegistrar: [ComponentInfo{com.android.phone/com.android.services.telephony.TelephonyConnectionService}, [e0184adedf913b076626646d3f52c3b49c39ad6d], UserHandle{0}(icon: Icon(typ=BITMAP size=67x84) -> Icon(typ=BITMAP size=67x84))]: TSI.rPA@ABo
09-08 05:33:20.805  3565  3577 I Telecom : : Sending phone-account registered intent as user: TSI.rPA@ABo
09-08 05:33:20.912  4027  4027 D CellBroadcastReceiver: onReceive Intent { act=android.intent.action.ACTION_DEFAULT_SMS_SUBSCRIPTION_CHANGED flg=0x20000010 cmp=com.android.cellbroadcastreceiver/.CellBroadcastReceiver (has extras) }
09-08 05:33:20.913  3845  3845 D MccTable: updateMccMncConfiguration mccmnc='72234' fromServiceState=false
09-08 05:33:20.913  4027  4027 D CellBroadcastReceiver: Start Cell Broadcast configuration.
09-08 05:33:20.914  3845  3845 D MccTable: updateMccMncConfiguration defaultMccMnc=72234
09-08 05:33:20.914  3845  3845 D MccTable: updateMccMncConfiguration: mcc=722, mnc=34
09-08 05:33:20.914  3845  3845 D MccTable: updateMccMncConfiguration updateConfig config={1.0 722mcc34mnc ?localeList ?layoutDir ?swdp ?wdp ?hdp ?density ?lsize ?long ?orien ?uimode ?night ?touch ?keyb/?/? ?nav/?}
09-08 05:33:20.922  3704  3704 D CarrierText: onSimStateChanged: Normal
09-08 05:33:20.931  4027  4120 D CellBroadcastConfigService: Enable CellBroadcast on sub 1
09-08 05:33:20.942  3704  3704 E SignalClusterView: Unexpected subscription 1
09-08 05:33:20.942  3704  3704 E SignalClusterView: Unexpected subscription 1
09-08 05:33:20.955  4027  4027 D CellBroadcastReceiver: onReceive Intent { act=android.intent.action.SIM_STATE_CHANGED flg=0x4000010 cmp=com.android.cellbroadcastreceiver/.CellBroadcastReceiver (has extras) }
09-08 05:33:20.963  4027  4027 D CellBroadcastReceiver: Default interval 0 did not change.
09-08 05:33:20.980  4027  4120 E CellBroadcastConfigService: exception enabling cell broadcast channels
09-08 05:33:20.980  4027  4120 E CellBroadcastConfigService: java.lang.NullPointerException: Attempt to invoke virtual method 'java.lang.String android.content.ComponentName.getPackageName()' on a null object reference
09-08 05:33:20.980  4027  4120 E CellBroadcastConfigService: 	at android.os.Parcel.readException(Parcel.java:1690)
09-08 05:33:20.980  4027  4120 E CellBroadcastConfigService: 	at android.os.Parcel.readException(Parcel.java:1637)
09-08 05:33:20.980  4027  4120 E CellBroadcastConfigService: 	at com.android.internal.telephony.ISms$Stub$Proxy.isSmsSimPickActivityNeeded(ISms.java:1409)
09-08 05:33:20.980  4027  4120 E CellBroadcastConfigService: 	at android.telephony.SmsManager.getSubscriptionId(SmsManager.java:828)
09-08 05:33:20.980  4027  4120 E CellBroadcastConfigService: 	at android.telephony.SmsManager.enableCellBroadcastRange(SmsManager.java:1098)
09-08 05:33:20.980  4027  4120 E CellBroadcastConfigService: 	at com.android.cellbroadcastreceiver.CellBroadcastConfigService.setCellBroadcastRange(CellBroadcastConfigService.java:387)
09-08 05:33:20.980  4027  4120 E CellBroadcastConfigService: 	at com.android.cellbroadcastreceiver.CellBroadcastConfigService.setCellBroadcastOnSub(CellBroadcastConfigService.java:217)
09-08 05:33:20.980  4027  4120 E CellBroadcastConfigService: 	at com.android.cellbroadcastreceiver.CellBroadcastConfigService.onHandleIntent(CellBroadcastConfigService.java:96)
09-08 05:33:20.980  4027  4120 E CellBroadcastConfigService: 	at android.app.IntentService$ServiceHandler.handleMessage(IntentService.java:68)
09-08 05:33:20.980  4027  4120 E CellBroadcastConfigService: 	at android.os.Handler.dispatchMessage(Handler.java:102)
09-08 05:33:20.980  4027  4120 E CellBroadcastConfigService: 	at android.os.Looper.loop(Looper.java:154)
09-08 05:33:20.980  4027  4120 E CellBroadcastConfigService: 	at android.os.HandlerThread.run(HandlerThread.java:61)
09-08 05:33:21.022  3565  4124 I Telecom : PhoneAccountRegistrar: [ComponentInfo{com.android.phone/com.android.services.telephony.TelephonyConnectionService}, [e0184adedf913b076626646d3f52c3b49c39ad6d], UserHandle{0}(icon: Icon(typ=BITMAP size=67x84) -> Icon(typ=BITMAP size=67x84))]: TSI.rPA@AB0
09-08 05:33:21.025  3565  4124 I Telecom : : Sending phone-account registered intent as user: TSI.rPA@AB0
09-08 05:33:21.270  3565  4124 I Telecom : PhoneAccountRegistrar: New phone account registered: [[ ] PhoneAccount: ComponentInfo{com.android.phone/com.android.services.telephony.TelephonyConnectionService}, [2628372b20c6b31a61c46f7f5a9328dbf0edaed6], UserHandle{0} Capabilities: CallProvider MultiUser PlaceEmerg SimSub  Audio Routes: BESW Schemes: tel voicemail  Extras: null GroupId: [da39a3ee5e6b4b0d3255bfef95601890afd80709]]: TSI.rPA@AB4
09-08 05:33:21.276  3565  4124 I Telecom : : Sending phone-account registered intent as user: TSI.rPA@AB4
09-08 05:33:21.290  3565  3576 I Telecom : : Sending phone-account unregistered intent as user: TSI.uPA@ACA
09-08 05:33:21.337  3565  3719 I Telecom : PhoneAccountRegistrar: [ComponentInfo{com.android.phone/com.android.services.telephony.TelephonyConnectionService}, [2628372b20c6b31a61c46f7f5a9328dbf0edaed6], UserHandle{0}(icon: Icon(typ=BITMAP size=84x84) -> Icon(typ=BITMAP size=84x84))]: TSI.rPA@ACI
09-08 05:33:21.341  3565  3719 I Telecom : : Sending phone-account registered intent as user: TSI.rPA@ACI
09-08 05:33:21.369  3565  3576 I Telecom : PhoneAccountRegistrar: [ComponentInfo{com.android.phone/com.android.services.telephony.TelephonyConnectionService}, [2628372b20c6b31a61c46f7f5a9328dbf0edaed6], UserHandle{0}(icon: Icon(typ=BITMAP size=84x84) -> Icon(typ=BITMAP size=84x84))]: TSI.rPA@ACU
09-08 05:33:21.373  3565  3576 I Telecom : : Sending phone-account registered intent as user: TSI.rPA@ACU
09-08 05:33:21.414  3565  4125 I ActivityManager: Start proc 4130:com.android.carrierconfig/u0a4 for service com.android.carrierconfig/.DefaultCarrierConfigService
09-08 05:33:21.431  4130  4130 W System  : ClassLoader referenced unknown path: /system/priv-app/CarrierConfig/lib/arm64
09-08 05:33:21.434  3565  3565 I chatty  : uid=1000 system_server expire 12 lines
09-08 05:33:21.438  3163  3163 D gpsd    : WakeLock(Acquire,GPSD)
09-08 05:33:21.438  3163  3163 D gpsd    : WakeLock(Release,GPSD)
09-08 05:33:21.439  3565  4145 I chatty  : uid=1000(system) IPC Thread expire 7 lines
09-08 05:33:21.439  3163  3163 D gpsd    : WakeLock(Acquire,GPSD)
09-08 05:33:21.439  3163  3163 D gpsd    : WakeLock(Release,GPSD)
09-08 05:33:21.439  3163  3163 D gpsd    : WakeLock(Acquire,GPSD)
09-08 05:33:21.439  3163  3163 D gpsd    : WakeLock(Release,GPSD)
09-08 05:33:21.439  3163  3163 D gpsd    : WakeLock(Acquire,GPSD)
09-08 05:33:21.439  3163  3163 D gpsd    : WakeLock(Release,GPSD)
09-08 05:33:21.440  3163  3163 D gpsd    : WakeLock(Acquire,GPSD)
09-08 05:33:21.440  3163  3163 D gpsd    : WakeLock(Release,GPSD)
09-08 05:33:21.440  3163  3163 D gpsd    : WakeLock(Acquire,GPSD)
09-08 05:33:21.440  3163  3163 D gpsd    : WakeLock(Release,GPSD)
09-08 05:33:21.440  3163  3163 D gpsd    : WakeLock(Acquire,GPSD)
09-08 05:33:21.440  3163  3163 D gpsd    : WakeLock(Release,GPSD)
09-08 05:33:21.453  4130  4130 D DefaultCarrierConfigService: Service created
09-08 05:33:21.488  3565  3577 I Telecom : PhoneAccountRegistrar: [ComponentInfo{com.android.phone/com.android.services.telephony.TelephonyConnectionService}, [2628372b20c6b31a61c46f7f5a9328dbf0edaed6], UserHandle{0}(icon: Icon(typ=BITMAP size=84x84) -> Icon(typ=BITMAP size=84x84))]: TSI.rPA@ACg
09-08 05:33:21.488  3163  3163 D gpsd    : WakeLock(Acquire,GPSD)
09-08 05:33:21.488  3163  3163 D gpsd    : WakeLock(Release,GPSD)
09-08 05:33:21.488  3163  3163 D gpsd    : WakeLock(Acquire,GPSD)
09-08 05:33:21.488  3163  3163 D gpsd    : WakeLock(Release,GPSD)
09-08 05:33:21.489  3163  3163 D gpsd    : WakeLock(Acquire,GPSD)
09-08 05:33:21.489  3163  3163 D gpsd    : WakeLock(Release,GPSD)
09-08 05:33:21.492  3565  3577 I Telecom : : Sending phone-account registered intent as user: TSI.rPA@ACg
09-08 05:33:21.510  3565  3578 I SyncManager: Got SyncJobService instance.
09-08 05:33:21.518  3163  3163 D gpsd    : WakeLock(Acquire,GPSD)
09-08 05:33:21.518  3163  3163 D gpsd    : WakeLock(Release,GPSD)
09-08 05:33:21.518  3163  3163 D gpsd    : WakeLock(Acquire,GPSD)
09-08 05:33:21.518  3163  3163 D gpsd    : WakeLock(Release,GPSD)
09-08 05:33:21.519  3163  3163 D gpsd    : WakeLock(Acquire,GPSD)
09-08 05:33:21.519  3163  3163 D gpsd    : WakeLock(Release,GPSD)
09-08 05:33:21.526  3163  3163 D gpsd    : WakeLock(Acquire,GPSD)
09-08 05:33:21.526  3163  3163 D gpsd    : WakeLock(Release,GPSD)
09-08 05:33:21.526  3163  3163 D gpsd    : WakeLock(Acquire,GPSD)
09-08 05:33:21.526  3163  3163 D gpsd    : WakeLock(Release,GPSD)
09-08 05:33:21.527  3163  3163 D gpsd    : WakeLock(Acquire,GPSD)
09-08 05:33:21.527  3163  3163 D gpsd    : WakeLock(Release,GPSD)
09-08 05:33:21.531  3565  3719 I Telecom : PhoneAccountRegistrar: [ComponentInfo{com.android.phone/com.android.services.telephony.TelephonyConnectionService}, [2628372b20c6b31a61c46f7f5a9328dbf0edaed6], UserHandle{0}(icon: Icon(typ=BITMAP size=84x84) -> Icon(typ=BITMAP size=84x84))]: TSI.rPA@ACs
09-08 05:33:21.535  3565  3719 I Telecom : : Sending phone-account registered intent as user: TSI.rPA@ACs
09-08 05:33:21.580  3565  4124 I Telecom : PhoneAccountRegistrar: [ComponentInfo{com.android.phone/com.android.services.telephony.TelephonyConnectionService}, [2628372b20c6b31a61c46f7f5a9328dbf0edaed6], UserHandle{0}(icon: Icon(typ=BITMAP size=84x84) -> Icon(typ=BITMAP size=84x84))]: TSI.rPA@AC4
09-08 05:33:21.584  3565  4124 I Telecom : : Sending phone-account registered intent as user: TSI.rPA@AC4
09-08 05:33:21.591  3163  3163 D gpsd    : WakeLock(Acquire,GPSD)
09-08 05:33:21.591  3163  3163 D gpsd    : WakeLock(Release,GPSD)
09-08 05:33:21.591  3163  3163 D gpsd    : WakeLock(Acquire,GPSD)
09-08 05:33:21.591  3163  3163 D gpsd    : WakeLock(Release,GPSD)
09-08 05:33:21.608  4149  4149 V lhd     : GlLhdInterface::Init(/system/etc/lhd.conf)
09-08 05:33:21.608  4149  4149 V lhd     : SetCfgValue: LHD config "LheSerialControl"="BBD:Serial=TTY"
09-08 05:33:21.608  4149  4149 V lhd     : SetCfgValue: LHD config "LhePatch"="/dev/bbd_patch"
09-08 05:33:21.608  4149  4149 V lhd     : SetCfgValue: LHD config "LheMaxMcuResetTries"="4"
09-08 05:33:21.608  4149  4149 V lhd     : SetCfgValue: LHD config "LheBbdPacket"="/dev/ttyBCM"
09-08 05:33:21.608  4149  4149 V lhd     : SetCfgValue: LHD config "LheBbdControl"="/dev/bbd_control"
09-08 05:33:21.608  4149  4149 V lhd     : SetCfgValue: LHD config "LheBbdSensor"="/dev/bbd_sensor"
09-08 05:33:21.608  4149  4149 V lhd     : SetCfgValue: LHD config "Lhe477xDebugFlags"="RPC:FACILITY=33:STDOUT_PUTS:STDOUT_LOG"
09-08 05:33:21.608  4149  4149 V lhd     : SetCfgValue: LHD config "LheAutoBaudDelayMS"="10"
09-08 05:33:21.608  4149  4149 V lhd     : SetCfgValue: LHD config "LheMaxMcuResetTries"="3"
09-08 05:33:21.609  4149  4149 E lhd     : OpenFirmwareFile: Fail to open /efs/sec_efs/sensorhub_urgent_fw.patch, errno 2
09-08 05:33:21.609  4149  4149 E lhd     : getCustPatchVersion: Fail to parse patch /efs/sec_efs/sensorhub_urgent_fw.patch
09-08 05:33:21.609  4149  4149 E lhd     : getCustPatchVersion: <CustomerVersion> not found
09-08 05:33:21.619  4130  4143 D DefaultCarrierConfigService: Config being fetched
09-08 05:33:21.621  4130  4143 D DefaultCarrierConfigService: java.io.FileNotFoundException: carrier_config_72234.xml
09-08 05:33:21.639  3845  3845 D MccTable: updateMccMncConfiguration mccmnc='72234' fromServiceState=true
09-08 05:33:21.640  3845  3845 D MccTable: updateMccMncConfiguration defaultMccMnc=72234
09-08 05:33:21.640  3845  3845 D MccTable: updateMccMncConfiguration: mcc=722, mnc=34
09-08 05:33:21.640  3845  3845 D MccTable: WIFI_COUNTRY_CODE set to ar
09-08 05:33:21.641  3565  3966 I WifiService: WifiService trying to set country code to ar with persist set to false
09-08 05:33:21.648  3163  3163 D gpsd    : WakeLock(Acquire,GPSD)
09-08 05:33:21.648  3163  3163 D gpsd    : WakeLock(Release,GPSD)
09-08 05:33:21.648  3163  3163 D gpsd    : WakeLock(Acquire,GPSD)
09-08 05:33:21.648  3163  3163 D gpsd    : WakeLock(Release,GPSD)
09-08 05:33:21.649  3163  3163 D gpsd    : WakeLock(Acquire,GPSD)
09-08 05:33:21.649  3163  3163 D gpsd    : WakeLock(Release,GPSD)
09-08 05:33:21.668  3163  3163 D gpsd    : WakeLock(Acquire,GPSD)
09-08 05:33:21.668  3163  3163 D gpsd    : WakeLock(Release,GPSD)
09-08 05:33:21.668  3163  3163 D gpsd    : WakeLock(Acquire,GPSD)
09-08 05:33:21.668  3163  3163 D gpsd    : WakeLock(Release,GPSD)
09-08 05:33:21.673  4149  4149 D lhd     : OnIpcConnect
09-08 05:33:21.713  4013  4013 I wpa_supplicant: wlan0: CTRL-EVENT-REGDOM-CHANGE init=USER type=COUNTRY alpha2=AR
09-08 05:33:21.715  3565  3966 I chatty  : uid=1000(system) Binder:3565_5 expire 1 line
09-08 05:33:21.727  3565  4125 I chatty  : uid=1000(system) Binder:3565_8 expire 1 line
09-08 05:33:21.735  4027  4027 D CellBroadcastReceiver: onReceive Intent { act=android.intent.action.SERVICE_STATE flg=0x10 cmp=com.android.cellbroadcastreceiver/.CellBroadcastReceiver (has extras) }
09-08 05:33:21.736  4027  4027 D CellBroadcastReceiver: Intent: android.intent.action.SERVICE_STATE
09-08 05:33:21.771  3565  3565 I Telecom : PhoneAccountRegistrar: SimCallManager queried, returning: null: TSI.gSCMFU@AC8
09-08 05:33:21.775  3845  3845 D CallNotifier: updatePhoneStateListeners: update CF notifications.
09-08 05:33:21.776  3845  3845 I NotificationMgr: updateMwi(): subId 1 update to false
09-08 05:33:21.777  3845  3845 I Telephony: PstnIncomingCallNotifier: Unregistering: Handler (com.android.internal.telephony.GsmCdmaPhone) {46ec4d3}
09-08 05:33:21.777  3845  3845 W Telephony: TelecomAccountRegistry: Failed to get status , slotId: 0 Exception: java.lang.NullPointerException: Attempt to invoke interface method 'int org.codeaurora.internal.IExtTelephony.getCurrentUiccCardProvisioningStatus(int)' on a null object reference
09-08 05:33:21.793  3565  3722 I Telecom : PhoneAccountRegistrar: [ComponentInfo{com.android.phone/com.android.services.telephony.TelephonyConnectionService}, [2628372b20c6b31a61c46f7f5a9328dbf0edaed6], UserHandle{0}(icon: Icon(typ=BITMAP size=84x84) -> Icon(typ=BITMAP size=84x84))]: TSI.rPA@ADA
09-08 05:33:21.797  3565  3722 I Telecom : : Sending phone-account registered intent as user: TSI.rPA@ADA
