09-18 23:42:05.190  3609  5738 W ActivityManager: Unbind failed: could not find connection for android.os.BinderProxy@acb1b4d
09-18 23:42:05.193  6518  6518 E ActivityThread: Service com.android.email.service.EmailBroadcastProcessorService has leaked ServiceConnection com.android.emailcommon.service.ServiceProxy$ProxyConnection@20b9569 that was originally bound here
09-18 23:42:05.193  6518  6518 E ActivityThread: android.app.ServiceConnectionLeaked: Service com.android.email.service.EmailBroadcastProcessorService has leaked ServiceConnection com.android.emailcommon.service.ServiceProxy$ProxyConnection@20b9569 that was originally bound here
09-18 23:42:05.193  6518  6518 E ActivityThread: 	at android.app.LoadedApk$ServiceDispatcher.<init>(LoadedApk.java:1336)
09-18 23:42:05.193  6518  6518 E ActivityThread: 	at android.app.LoadedApk.getServiceDispatcher(LoadedApk.java:1231)
09-18 23:42:05.193  6518  6518 E ActivityThread: 	at android.app.ContextImpl.bindServiceCommon(ContextImpl.java:1450)
09-18 23:42:05.193  6518  6518 E ActivityThread: 	at android.app.ContextImpl.bindService(ContextImpl.java:1422)
09-18 23:42:05.193  6518  6518 E ActivityThread: 	at android.content.ContextWrapper.bindService(ContextWrapper.java:636)
09-18 23:42:05.193  6518  6518 E ActivityThread: 	at com.android.emailcommon.service.ServiceProxy.setTask(ServiceProxy.java:238)
09-18 23:42:05.193  6518  6518 E ActivityThread: 	at com.android.emailcommon.service.ServiceProxy.test(ServiceProxy.java:283)
09-18 23:42:05.193  6518  6518 E ActivityThread: 	at com.android.email.service.EmailServiceUtils.isServiceAvailable(EmailServiceUtils.java:160)
09-18 23:42:05.193  6518  6518 E ActivityThread: 	at com.android.email.provider.AccountReconciler.reconcileAccountsInternal(AccountReconciler.java:171)
09-18 23:42:05.193  6518  6518 E ActivityThread: 	at com.android.email.provider.AccountReconciler.reconcileAccounts(AccountReconciler.java:115)
09-18 23:42:05.193  6518  6518 E ActivityThread: 	at com.android.email.service.EmailBroadcastProcessorService.reconcileAndStartServices(EmailBroadcastProcessorService.java:309)
09-18 23:42:05.193  6518  6518 E ActivityThread: 	at com.android.email.service.EmailBroadcastProcessorService.onSystemAccountChanged(EmailBroadcastProcessorService.java:373)
09-18 23:42:05.193  6518  6518 E ActivityThread: 	at com.android.email.service.EmailBroadcastProcessorService.onHandleIntent(EmailBroadcastProcessorService.java:132)
09-18 23:42:05.193  6518  6518 E ActivityThread: 	at android.app.IntentService$ServiceHandler.handleMessage(IntentService.java:68)
09-18 23:42:05.193  6518  6518 E ActivityThread: 	at android.os.Handler.dispatchMessage(Handler.java:102)
09-18 23:42:05.193  6518  6518 E ActivityThread: 	at android.os.Looper.loop(Looper.java:154)
09-18 23:42:05.193  6518  6518 E ActivityThread: 	at android.os.HandlerThread.run(HandlerThread.java:61)
09-18 23:42:05.233  3609  5782 W ActivityManager: Unbind failed: could not find connection for android.os.BinderProxy@a2ac04e
09-18 23:42:06.317  3609  5276 W ActivityManager: Unable to start service Intent { cmp=com.google.android.gm.exchange/com.android.exchange.service.EasService } U=0: not found
09-18 23:42:07.757  7361  7537 E ActivityThread: Failed to find provider info for com.google.android.wearable.settings
09-18 23:42:07.806  3609  5737 I ActivityManager: Start proc 12133:com.cyanogenmod.lockclock/u0a57 for broadcast com.cyanogenmod.lockclock/.ClockWidgetProvider
09-18 23:42:10.020  3609  3712 E SyncManager: Job params not found for 108313
09-18 23:42:12.807  7361  7537 E ActivityThread: Failed to find provider info for com.google.android.wearable.settings
09-18 23:42:15.719  3609  3711 D BluetoothManagerService: Registered for death of com.google.android.gms
09-18 23:42:15.719  3609  3711 D BluetoothManagerService: 1 registered Ble Apps
09-18 23:42:15.720  3609  5092 D BluetoothManagerService: enable(com.google.android.gms):  mBluetooth =null mBinding = false mState = OFF
09-18 23:42:15.720  3609  5092 D BluetoothManagerService: enable returning
09-18 23:42:15.807  3609  3719 D BluetoothManagerService: MESSAGE_ENABLE(0): mBluetooth = null
09-18 23:42:15.821  3609  3719 I ActivityManager: Start proc 12247:com.android.bluetooth/1002 for service com.android.bluetooth/.btservice.AdapterService
09-18 23:42:16.105  3609  3609 D BluetoothManagerService: BluetoothServiceConnection: com.android.bluetooth.btservice.AdapterService
09-18 23:42:16.110  3609  3609 D BluetoothManagerService: Bluetooth Adapter name changed to Samsung Galaxy S7 Edge
09-18 23:42:16.111  3609  3609 D BluetoothManagerService: Stored Bluetooth name: Samsung Galaxy S7 Edge
09-18 23:42:16.291  3609  3719 D BluetoothManagerService: MESSAGE_BLUETOOTH_SERVICE_CONNECTED: 1
09-18 23:42:16.293  3609  3719 D BluetoothManagerService: Broadcasting onBluetoothServiceUp() to 8 receivers.
09-18 23:42:16.517  3609  3719 D BluetoothManagerService: MESSAGE_BLUETOOTH_STATE_CHANGE: OFF > BLE_TURNING_ON
09-18 23:42:16.517  3609  3719 D BluetoothManagerService: Sending BLE State Change: OFF > BLE_TURNING_ON
09-18 23:42:16.656  3609  3609 D BluetoothManagerService: Bluetooth Adapter name changed to Samsung Galaxy S7 Edge
09-18 23:42:16.657  3609  3609 D BluetoothManagerService: Stored Bluetooth name: Samsung Galaxy S7 Edge
09-18 23:42:16.668  3609  3719 D BluetoothManagerService: MESSAGE_BLUETOOTH_STATE_CHANGE: BLE_TURNING_ON > BLE_ON
09-18 23:42:16.668  3609  3719 D BluetoothManagerService: Bluetooth is in LE only mode
09-18 23:42:16.668  3609  3719 D BluetoothManagerService: Binding Bluetooth GATT service
09-18 23:42:16.669  3609  3719 D BluetoothManagerService: Sending BLE State Change: BLE_TURNING_ON > BLE_ON
09-18 23:42:16.670  3609  3609 D BluetoothManagerService: BluetoothServiceConnection: com.android.bluetooth.gatt.GattService
09-18 23:42:16.670  3609  3719 D BluetoothManagerService: MESSAGE_BLUETOOTH_SERVICE_CONNECTED: 2
09-18 23:42:16.687  3609  3719 D BluetoothManagerService: BluetoothGatt Service is Up
09-18 23:42:16.689  3609  3719 D BluetoothManagerService: isBleAppPresent() count: 1
09-18 23:42:19.065  3609  3718 I UsbPortManager: USB port changed: port=UsbPort{id=otg_default, supportedModes=dual}, status=UsbPortStatus{connected=false, currentMode=none, currentPowerRole=no-power, currentDataRole=no-data, supportedRoleCombinations=[no-power:no-data]}, canChangeMode=true, canChangePowerRole=false, canChangeDataRole=false
09-18 23:42:19.173  3609  3716 E BatteryStatsService: no controller energy info supplied
09-18 23:42:19.229  3609  3716 I BatteryStatsImpl: Resetting battery stats: level=99 status=2 dischargeLevel=99 lowAmount=0 highAmount=0
09-18 23:42:20.092  3609  3718 I UsbDeviceManager: Setting USB config to adb
09-18 23:42:21.122  3609  3718 E UsbDeviceManager: waitForState(adb) FAILED: got none
09-18 23:42:21.122  3609  3718 E UsbDeviceManager: Failed to switch USB config to adb
09-18 23:42:21.122  3609  3718 E UsbDeviceManager: Failsafe 1: Restoring previous USB functions.
09-18 23:42:21.123  3609  3718 I UsbDeviceManager: Setting USB config to mtp,adb
09-18 23:42:22.547  3609  5782 I ActivityManager: Start proc 12335:com.google.android.apps.messaging/u0a80 for broadcast com.google.android.apps.messaging/.shared.experiments.BuglePhenotypeBroadcastReceiver
09-18 23:42:25.592  3609  6919 D MmsServiceBroker: getCarrierConfigValues() by com.google.android.apps.messaging
09-18 23:42:26.070  3609  6620 D MmsServiceBroker: getCarrierConfigValues() by com.google.android.apps.messaging
09-18 23:42:26.383  3609  3711 D MmsServiceBroker: getCarrierConfigValues() by com.google.android.apps.messaging
09-18 23:42:29.084  3609  3713 I ActivityManager: Waited long enough for: ServiceRecord{8ce554f u0 com.android.vending/com.google.android.finsky.verifier.impl.PackageVerificationService}
09-18 23:42:50.634  3609  5277 I ActivityManager: Killing 9892:com.google.android.configupdater/u0a35 (adj 906): empty #17
09-18 23:42:50.684  3609  6620 D ActivityManager: cleanUpApplicationRecord -- 9892
09-18 23:42:55.511  3609  7167 I ActivityManager: Killing 11241:com.android.settings/1000 (adj 906): empty #17
09-18 23:42:55.586  3609  7169 D ActivityManager: cleanUpApplicationRecord -- 11241
09-18 23:43:03.996  3609  6620 I ActivityManager: Setting hasTopUi=true for pid=5083
09-18 23:43:07.913  3609  6916 W InputMethodManagerService: Window already focused, ignoring focus gain of: com.android.internal.view.IInputMethodClient$Stub$Proxy@802d78e attribute=null, token = android.os.BinderProxy@bf8af4a
09-18 23:43:07.929  3609  5783 I ActivityManager: Setting hasTopUi=false for pid=5083
09-18 23:43:19.568  3609 12218 I ActivityManager: Setting hasTopUi=true for pid=5083
09-18 23:43:23.102  3609  7167 W InputMethodManagerService: Window already focused, ignoring focus gain of: com.android.internal.view.IInputMethodClient$Stub$Proxy@af5d6ef attribute=null, token = android.os.BinderProxy@bf8af4a
09-18 23:43:23.115  3609  5725 I ActivityManager: Setting hasTopUi=false for pid=5083
09-18 23:43:48.332  3609  8880 I ActivityManager: START u0 {flg=0x10804000 cmp=com.android.systemui/.recents.RecentsActivity} from uid 10029 on display 0
09-18 23:43:49.802  3609  5743 I ActivityManager: START u0 {act=android.intent.action.MAIN cat=[android.intent.category.HOME] flg=0x10200000 cmp=com.google.android.googlequicksearchbox/com.google.android.launcher.GEL} from uid 10029 on display 0
09-18 23:43:51.841  3609  5725 I ActivityManager: Killing 5753:com.cyanogenmod.setupwizard/1000 (adj 906): empty #17
09-18 23:43:51.917  3609  7169 D ActivityManager: cleanUpApplicationRecord -- 5753
09-18 23:43:55.813  3609  5092 I ActivityManager: START u0 {act=android.intent.action.MAIN cat=[android.intent.category.LAUNCHER] flg=0x10200000 cmp=com.google.android.apps.messaging/.ui.ConversationListActivity (has extras)} from uid 10042 on display 0
09-18 23:43:55.960  3609  5782 I ActivityManager: START u0 {cmp=com.google.android.apps.messaging/.ui.DefaultSmsAppCheckActivity (has extras)} from uid 10080 on display 0
09-18 23:43:58.432  3609  6916 I ActivityManager: START u0 {act=android.provider.Telephony.ACTION_CHANGE_DEFAULT cmp=com.android.settings/.SmsDefaultDialog (has extras)} from uid 10080 on display 0
09-18 23:43:58.456  3609  3710 I ActivityManager: Start proc 12562:com.android.settings/1000 for activity com.android.settings/.SmsDefaultDialog
09-18 23:44:02.177  3609  7169 I PackageManager: Replacing preferred activity com.google.android.apps.messaging/.ui.conversation.LaunchConversationActivity for user 0:
09-18 23:44:02.183  3609  3609 I PackageManager: Replacing preferred activity com.google.android.apps.messaging/.ui.conversation.LaunchConversationActivity for user 0:
09-18 23:44:02.186  3609  3609 I PackageManager: Replacing preferred activity com.google.android.apps.messaging/.ui.conversation.LaunchConversationActivity for user 0:
09-18 23:44:02.190  3609  3609 I PackageManager: Replacing preferred activity com.google.android.apps.messaging/.ui.conversation.LaunchConversationActivity for user 0:
09-18 23:44:02.236 12562 12562 W ContextImpl: Calling a method in the system process without a qualified user: android.app.ContextImpl.sendBroadcast:877 android.content.ContextWrapper.sendBroadcast:421 com.android.internal.telephony.SmsApplication.setDefaultApplicationInternal:620 com.android.internal.telephony.SmsApplication.setDefaultApplication:518 com.android.settings.SmsDefaultDialog.onClick:66 
09-18 23:44:02.323  3609  7169 I ActivityManager: START u0 {cmp=com.google.android.apps.messaging/.ui.conversationlist.ConversationListActivity (has extras)} from uid 10080 on display 0
09-18 23:44:02.354  3609  5277 W InputMethodManagerService: Window already focused, ignoring focus gain of: com.android.internal.view.IInputMethodClient$Stub$Proxy@505e03c attribute=null, token = android.os.BinderProxy@ba216d6
09-18 23:44:02.606  3609  5725 I ActivityManager: Start proc 12601:com.google.android.gms.feedback/u0a33 for service com.google.android.gms/.feedback.FeedbackService
09-18 23:44:05.223  3609  4141 I ActivityManager: START u0 {act=android.intent.action.MAIN cat=[android.intent.category.HOME] flg=0x10200000 cmp=com.google.android.googlequicksearchbox/com.google.android.launcher.GEL (has extras)} from uid 1000 on display 0
09-18 23:44:13.561  3609  5726 I ActivityManager: START u0 {act=android.intent.action.MAIN cat=[android.intent.category.LAUNCHER] flg=0x10200000 cmp=com.google.android.gm/.ConversationListActivityGmail (has extras)} from uid 10042 on display 0
09-18 23:44:15.115  3609  5782 W ActivityManager: Unable to start service Intent { cmp=com.google.android.gm.exchange/com.android.exchange.service.EasService } U=0: not found
09-18 23:44:16.282  3609  4141 I ActivityManager: START u0 {act=android.intent.action.MAIN cat=[android.intent.category.HOME] flg=0x10200000 cmp=com.google.android.googlequicksearchbox/com.google.android.launcher.GEL (has extras)} from uid 1000 on display 0
09-18 23:44:16.495  3609  5782 D WindowManager: relayoutVisibleWindow: Window{a5c50e0 u0 com.google.android.googlequicksearchbox/com.google.android.launcher.GEL EXITING} mAnimatingExit=true, mRemoveOnExit=false, mDestroying=false
09-18 23:44:19.202  3609  5277 I ActivityManager: START u0 {act=android.intent.action.MAIN cat=[android.intent.category.LAUNCHER] flg=0x10200000 cmp=com.google.android.youtube/.app.honeycomb.Shell$HomeActivity (has extras)} from uid 10042 on display 0
09-18 23:44:19.297  3609  5276 I ActivityManager: START u0 {act=android.intent.action.MAIN cat=[android.intent.category.LAUNCHER] flg=0x4000000 cmp=com.google.android.youtube/com.google.android.apps.youtube.app.WatchWhileActivity bnds=[443,2402][667,2626] (has extras)} from uid 10083 on display 0
09-18 23:44:38.574  3609  3710 I WindowManager: setAppOrientation token: Token{2855711 ActivityRecord{b489b38 u0 com.google.android.youtube/com.google.android.apps.youtube.app.WatchWhileActivity t12}} requestedOrientation: 6
09-18 23:44:38.596  3609  3710 W LocalDisplayAdapter: Unable to find color mode 0, ignoring request.
09-18 23:44:38.612  3609  3710 I ActivityManager: Config changes=480 {1.0 722mcc34mnc [es_ES] ldltr sw411dp w797dp h387dp 560dpi nrml long land finger -keyb/v/h -nav/h s.9}
09-18 23:44:38.911  3609  5783 I WindowManager: Screen frozen for +336ms due to Window{629bdf7 u0 SurfaceView - com.google.android.youtube/com.google.android.apps.youtube.app.WatchWhileActivity}
09-18 23:44:39.652  3609  5743 W InputMethodManagerService: Starting input on non-focused client com.android.internal.view.IInputMethodClient$Stub$Proxy@790e584 (uid=10083 pid=11938)
09-18 23:44:55.687  3609  3710 I WindowManager: setAppOrientation token: Token{2855711 ActivityRecord{b489b38 u0 com.google.android.youtube/com.google.android.apps.youtube.app.WatchWhileActivity t12}} requestedOrientation: 6
09-18 23:45:01.069  3609  6622 W LocalDisplayAdapter: Unable to find color mode 0, ignoring request.
09-18 23:45:01.093  3609  6916 I ActivityManager: Config changes=480 {1.0 722mcc34mnc [es_ES] ldltr sw411dp w411dp h773dp 560dpi nrml long port finger -keyb/v/h -nav/h s.10}
09-18 23:45:01.094  3609  3713 D CryptdConnector: SND -> {5 cryptfs setfield SystemLocale es-ES}
09-18 23:45:01.098  3609  4145 D CryptdConnector: RCV <- {200 5 0}
09-18 23:45:01.348  3609  3713 I ActivityManager: Killing 8903:com.google.android.gms.ui/u0a33 (adj 906): empty #17
09-18 23:45:01.349  3609  3713 I ActivityManager: Killing 11807:com.google.android.gms:car/u0a33 (adj 906): empty #18
09-18 23:45:01.349  3609  3713 I ActivityManager: Killing 11478:system:ui/1000 (adj 906): empty #19
09-18 23:45:01.396  3609  5782 D ActivityManager: cleanUpApplicationRecord -- 11807
09-18 23:45:01.400  3609  8879 D ActivityManager: cleanUpApplicationRecord -- 11478
09-18 23:45:01.436  3609 12051 I WindowManager: Screen frozen for +385ms due to Window{d61794 u0 StatusBar}
09-18 23:45:01.472  3609  7166 D ConnectivityService: ConnectivityService NetworkRequestInfo binderDied(NetworkRequest [ LISTEN id=22, [ Capabilities: INTERNET&NOT_RESTRICTED&TRUSTED] ], android.os.BinderProxy@fd9f6be)
09-18 23:45:01.472  3609  8879 D ActivityManager: cleanUpApplicationRecord -- 8903
09-18 23:45:01.479  3609  4988 E ConnectivityService: RemoteException caught trying to send a callback msg for NetworkRequest [ LISTEN id=22, [ Capabilities: INTERNET&NOT_RESTRICTED&TRUSTED] ]
09-18 23:45:14.645  3609  6622 I ActivityManager: START u0 {act=android.intent.action.MAIN cat=[android.intent.category.LAUNCHER] flg=0x10200000 cmp=com.android.vending/.AssetBrowserActivity (has extras)} from uid 10042 on display 0
09-18 23:45:14.756  3609  5100 I ActivityManager: START u0 {act=android.intent.action.MAIN cat=[android.intent.category.LAUNCHER] flg=0x10000000 cmp=com.android.vending/com.google.android.finsky.activities.MainActivity bnds=[443,2040][667,2264] (has extras)} from uid 10041 on display 0
09-18 23:45:19.710  3609  3716 E BatteryStatsService: no controller energy info supplied
09-18 23:45:25.536  3609  5092 I ActivityManager: START u0 {cmp=com.android.vending/com.google.android.finsky.billing.lightpurchase.LightPurchaseFlowActivity (has extras)} from uid 10041 on display 0
09-18 23:45:25.717  3609 12218 I ActivityManager: START u0 {cmp=com.android.vending/com.google.android.finsky.activities.AppsPermissionsActivity (has extras)} from uid 10041 on display 0
09-18 23:46:36.489  3609  3726 I ActivityManager: Start proc 12983:com.android.defcontainer/u0a6 for service com.android.defcontainer/.DefaultContainerService
09-18 23:46:39.715  3609  3726 W PackageManager: Permission com.android.chrome.permission.DEBUG from package com.android.chrome in an unknown group android.permission-group.DEVELOPMENT_TOOLS
09-18 23:46:40.206  3609  3726 W PackageManager: Unknown permission com.chrome.permission.DEVICE_EXTRAS in package com.android.chrome
09-18 23:46:40.206  3609  3726 W PackageManager: Unknown permission com.sec.enterprise.knox.MDM_CONTENT_PROVIDER in package com.android.chrome
09-18 23:46:40.673  3609  3726 V BackupManagerService: restoreAtInstall pkg=com.android.chrome token=1 restoreSet=0
09-18 23:46:40.674  3609  3726 V BackupManagerService: Finishing install immediately
09-18 23:46:40.882  3609  3713 I ActivityManager: Start proc 13020:com.android.gallery3d/u0a18 for broadcast com.android.gallery3d/.app.PackagesMonitor
09-18 23:46:40.979  3609  8880 W ActivityManager: Slow operation: 66ms so far, now at attachApplicationLocked: before bindApplication
09-18 23:46:40.979  3609  8880 W ActivityManager: Slow operation: 67ms so far, now at attachApplicationLocked: immediately before bindApplication
09-18 23:46:40.981  3609  8880 W ActivityManager: Slow operation: 69ms so far, now at attachApplicationLocked: immediately after bindApplication
09-18 23:46:40.982  3609  8880 W ActivityManager: Slow operation: 69ms so far, now at attachApplicationLocked: after updateLruProcessLocked
09-18 23:46:40.983  3609  8880 W ActivityManager: Slow operation: 70ms so far, now at attachApplicationLocked: after mServices.attachApplicationLocked
09-18 23:46:41.003  3609  8880 W ActivityManager: Slow operation: 90ms so far, now at attachApplicationLocked: after sendPendingBroadcastsLocked
09-18 23:46:41.309  3609  3712 E SyncManager: Couldn't find backoff values for fercadolibre@gmail.com/com.android.chrome:u0
09-18 23:46:41.541  3609  3712 I ActivityManager: Start proc 13039:com.android.chrome/u0a85 for service com.android.chrome/org.chromium.chrome.browser.invalidation.ChromeBrowserSyncAdapterService
09-18 23:46:42.190  3609 12218 I ActivityManager: Start proc 13061:com.google.android.partnersetup/u0a34 for broadcast com.google.android.partnersetup/.RlzPingBroadcastReceiver
09-18 23:46:42.581  3609  8879 I ActivityManager: Start proc 13088:com.svox.pico/u0a60 for broadcast com.svox.pico/.VoiceDataInstallerReceiver
09-18 23:46:42.609  3609  8880 I ActivityManager: Killing 5658:com.android.printspooler/u0a64 (adj 906): empty #17
09-18 23:46:42.649  3609  5725 D ActivityManager: cleanUpApplicationRecord -- 5658
09-18 23:46:42.779  3609  5726 I ActivityManager: Killing 10179:com.google.android.apps.photos/u0a84 (adj 906): empty #17
09-18 23:46:42.838  3609  6916 I ActivityManager: Start proc 13107:com.cyanogenmod.trebuchet/u0a26 for broadcast com.cyanogenmod.trebuchet/com.android.launcher3.InstallShortcutReceiver
09-18 23:46:42.846  3609  5726 D ActivityManager: cleanUpApplicationRecord -- 10179
09-18 23:46:43.368  3609  6919 I ActivityManager: Killing 11377:com.google.process.gapps/u0a68 (adj 906): empty #17
09-18 23:46:43.437  3609  5737 D ActivityManager: cleanUpApplicationRecord -- 11377
09-18 23:46:46.396  3609  3609 I ActivityManager: Start proc 13157:com.google.android.apps.photos/u0a84 for service com.google.android.apps.photos/com.google.android.libraries.social.mediamonitor.MediaMonitorJobSchedulerService
09-18 23:46:47.486  3609  5743 I ActivityManager: Killing 12133:com.cyanogenmod.lockclock/u0a57 (adj 906): empty #17
09-18 23:46:47.528  3609  7169 D ActivityManager: cleanUpApplicationRecord -- 12133
09-18 23:46:51.835  3609  3722 I PowerManagerService: Going to sleep due to screen timeout (uid 1000)...
09-18 23:46:51.838  3609  3722 I DreamManagerService: Entering dreamland.
09-18 23:46:51.840  3609  3722 I PowerManagerService: Dozing...
09-18 23:46:51.842  3609  3718 I DreamController: Starting dream: name=ComponentInfo{com.android.systemui/com.android.systemui.doze.DozeService}, isTest=false, canDoze=true, userId=0
09-18 23:46:52.039  3609  3713 I VrManagerService: VR mode is disallowed
09-18 23:46:52.069  3609  3720 I DisplayManagerService: Display device changed: DisplayDeviceInfo{"Pantalla integrada": uniqueId="local:0", 1440 x 2960, modeId 1, defaultModeId 1, supportedModes [{id=1, width=1440, height=2960, fps=60.000004}], colorMode -22, supportedColorModes [-22], HdrCapabilities android.view.Display$HdrCapabilities@a69d6308, density 560, 522.514 x 525.762 dpi, appVsyncOff 1000000, presDeadline 16666666, touch INTERNAL, rotation 0, type BUILT_IN, state OFF, FLAG_DEFAULT_DISPLAY, FLAG_ROTATES_WITH_CONTENT, FLAG_SECURE, FLAG_SUPPORTS_PROTECTED_BUFFERS}
09-18 23:46:52.074  3609  3720 W LocalDisplayAdapter: Unable to find color mode 0, ignoring request.
09-18 23:46:52.415  3609  3714 I WindowManager: OverscanTimeout run
09-18 23:46:53.019  3609  3712 I ActivityManager: Start proc 13202:com.android.printspooler/u0a64 for service com.android.printspooler/.model.PrintSpoolerService
09-18 23:46:54.680 10469 10491 F libc    : Fatal signal 6 (SIGABRT), code -6 in tid 10491 (AsyncTask #1)
09-18 23:46:54.755 13220 13220 F DEBUG   : *** *** *** *** *** *** *** *** *** *** *** *** *** *** *** ***
09-18 23:46:54.756 13220 13220 F DEBUG   : LineageOS Version: '14.1-20170918-UNOFFICIAL-dream2lte'
09-18 23:46:54.756 13220 13220 F DEBUG   : Build fingerprint: 'samsung/dream2ltexx/dream2lte:7.0/NRD90M/G955FXXU1AQH3:user/release-keys'
09-18 23:46:54.756 13220 13220 F DEBUG   : Revision: '0'
09-18 23:46:54.756 13220 13220 F DEBUG   : ABI: 'arm64'
09-18 23:46:54.756 13220 13220 F DEBUG   : pid: 10469, tid: 10491, name: AsyncTask #1  >>> com.android.nfc <<<
09-18 23:46:54.756 13220 13220 F DEBUG   : signal 6 (SIGABRT), code -6 (SI_TKILL), fault addr --------
09-18 23:46:54.756 13220 13220 F DEBUG   :     x0   0000000000000000  x1   00000000000028fb  x2   0000000000000006  x3   0000000000000008
09-18 23:46:54.756 13220 13220 F DEBUG   :     x4   000056646e6f4300  x5   0000000000000000  x6   0000007fa1657000  x7   0000000000000000
09-18 23:46:54.756 13220 13220 F DEBUG   :     x8   0000000000000083  x9   ffffffffffffffdf  x10  0000000000000000  x11  0000000000000001
09-18 23:46:54.756 13220 13220 F DEBUG   :     x12  ffffffffffffffff  x13  0000000000000000  x14  0000000000000000  x15  00288a9341e6e558
09-18 23:46:54.756 13220 13220 F DEBUG   :     x16  0000007f9df3cec8  x17  0000007f9dee6828  x18  0000007f95ffcc58  x19  0000007f827aa4f8
09-18 23:46:54.756 13220 13220 F DEBUG   :     x20  0000000000000006  x21  0000007f827aa450  x22  000000000000000b  x23  0000007f95ff8010
09-18 23:46:54.756 13220 13220 F DEBUG   :     x24  0000000000003e00  x25  0000000000004300  x26  0000000000000010  x27  0000000000000000
09-18 23:46:54.756 13220 13220 F DEBUG   :     x28  0000000000000018  x29  0000007f827aa040  x30  0000007f9dee3cd0
09-18 23:46:54.756 13220 13220 F DEBUG   :     sp   0000007f827aa020  pc   0000007f9dee6830  pstate 0000000060000000
09-18 23:46:54.762 13220 13220 F DEBUG   : 
09-18 23:46:54.762 13220 13220 F DEBUG   : backtrace:
09-18 23:46:54.762 13220 13220 F DEBUG   :     #00 pc 000000000006c830  /system/lib64/libc.so (tgkill+8)
09-18 23:46:54.762 13220 13220 F DEBUG   :     #01 pc 0000000000069ccc  /system/lib64/libc.so (pthread_kill+64)
09-18 23:46:54.762 13220 13220 F DEBUG   :     #02 pc 0000000000023ea0  /system/lib64/libc.so (raise+24)
09-18 23:46:54.762 13220 13220 F DEBUG   :     #03 pc 000000000001c924  /system/lib64/libc.so (abort+52)
09-18 23:46:54.762 13220 13220 F DEBUG   :     #04 pc 0000000000015948  /system/lib64/libnfc_nci_jni.so
09-18 23:46:54.762 13220 13220 F DEBUG   :     #05 pc 0000000000021574  /system/lib64/libnfc-nci.so
09-18 23:46:54.762 13220 13220 F DEBUG   :     #06 pc 000000000004e900  /system/lib64/libnfc-nci.so (nfc_ncif_cmd_timeout+96)
09-18 23:46:54.762 13220 13220 F DEBUG   :     #07 pc 0000000000050a0c  /system/lib64/libnfc-nci.so (nfc_process_timer_evt+104)
09-18 23:46:54.762 13220 13220 F DEBUG   :     #08 pc 0000000000050ef8  /system/lib64/libnfc-nci.so (nfc_task+360)
09-18 23:46:54.762 13220 13220 F DEBUG   :     #09 pc 000000000006b1c8  /system/lib64/libnfc-nci.so (gki_task_entry+44)
09-18 23:46:54.762 13220 13220 F DEBUG   :     #10 pc 00000000000694d4  /system/lib64/libc.so (_ZL15__pthread_startPv+196)
09-18 23:46:54.762 13220 13220 F DEBUG   :     #11 pc 000000000001db38  /system/lib64/libc.so (__start_thread+16)
09-18 23:46:55.206  3609  3717 I BootReceiver: Copying /data/tombstones/tombstone_03 to DropBox (SYSTEM_TOMBSTONE)
09-18 23:46:55.239  3609  5738 I ActivityManager: Process com.android.nfc (pid 10469) has died
09-18 23:46:55.240  3609  5738 D ActivityManager: cleanUpApplicationRecord -- 10469
09-18 23:46:55.253  3609  5738 W ActivityManager: Re-adding persistent process ProcessRecord{19f82f1 10469:com.android.nfc/1027}
09-18 23:46:55.272  3609  5738 I ActivityManager: Start proc 13226:com.android.nfc/1027 for restart com.android.nfc
09-18 23:46:56.895  3609  6916 D CryptdConnector: SND -> {6 cryptfs getpw}
09-18 23:46:56.898  3076  3144 D VoldCryptCmdListener: cryptfs getpw
09-18 23:46:56.899  3609  4145 D CryptdConnector: RCV <- {200 6 -1}
09-18 23:46:56.902  3609  6916 D CryptdConnector: SND -> {7 cryptfs clearpw}
09-18 23:46:56.906  3076  3144 D VoldCryptCmdListener: cryptfs clearpw
09-18 23:46:56.907  3609  4145 D CryptdConnector: RCV <- {200 7 0}
09-18 23:46:56.940  3609  5743 I ActivityManager: Setting hasTopUi=true for pid=5083
09-18 23:47:02.065  3609  4139 I ActivityManager: Killing 11886:com.android.providers.calendar/u0a5 (adj 906): empty #17
09-18 23:47:02.082  3609  5726 D ActivityManager: cleanUpApplicationRecord -- 11886
09-18 23:47:05.191  3609  3713 I ActivityManager: Waited long enough for: ServiceRecord{26ca23d u0 com.google.android.apps.photos/com.google.android.libraries.social.async.BackgroundTaskService}
09-18 23:47:11.718  3609  5100 I ActivityManager: Killing 12562:com.android.settings/1000 (adj 906): empty #17
09-18 23:47:11.772  3609  5276 D ActivityManager: cleanUpApplicationRecord -- 12562
09-18 23:47:25.288  3609  8880 I ActivityManager: Killing 11865:com.google.android.calendar/u0a81 (adj 906): empty #17
09-18 23:47:25.325  3609 12218 D ActivityManager: cleanUpApplicationRecord -- 11865
09-18 23:47:45.683  3609  4142 I PowerManagerService: Waking up from dozing (uid 1000)...
09-18 23:47:45.692  3609  3609 I ActivityManager: Killing 8405:com.google.android.gms.unstable/u0a33 (adj 904): empty #17
09-18 23:47:45.738  3609  3722 I DisplayPowerController: Blocking screen on until initial contents have been drawn.
09-18 23:47:45.749  3609  3720 I DisplayManagerService: Display device changed state: "Pantalla integrada", ON
09-18 23:47:45.751  3609  3720 W DisplayManagerService: Failed to notify process 8405 that displays changed, assuming it died.
09-18 23:47:45.751  3609  3720 W DisplayManagerService: android.os.DeadObjectException: Transaction failed on small parcel; remote process probably died
09-18 23:47:45.751  3609  3720 W DisplayManagerService: 	at android.os.BinderProxy.transactNative(Native Method)
09-18 23:47:45.751  3609  3720 W DisplayManagerService: 	at android.os.BinderProxy.transact(Binder.java:615)
09-18 23:47:45.751  3609  3720 W DisplayManagerService: 	at android.hardware.display.IDisplayManagerCallback$Stub$Proxy.onDisplayEvent(IDisplayManagerCallback.java:81)
09-18 23:47:45.751  3609  3720 W DisplayManagerService: 	at com.android.server.display.DisplayManagerService$CallbackRecord.notifyDisplayEventAsync(DisplayManagerService.java:1203)
09-18 23:47:45.751  3609  3720 W DisplayManagerService: 	at com.android.server.display.DisplayManagerService.deliverDisplayEvent(DisplayManagerService.java:1037)
09-18 23:47:45.751  3609  3720 W DisplayManagerService: 	at com.android.server.display.DisplayManagerService.-wrap6(DisplayManagerService.java)
09-18 23:47:45.751  3609  3720 W DisplayManagerService: 	at com.android.server.display.DisplayManagerService$DisplayManagerHandler.handleMessage(DisplayManagerService.java:1136)
09-18 23:47:45.751  3609  3720 W DisplayManagerService: 	at android.os.Handler.dispatchMessage(Handler.java:102)
09-18 23:47:45.751  3609  3720 W DisplayManagerService: 	at android.os.Looper.loop(Looper.java:154)
09-18 23:47:45.751  3609  3720 W DisplayManagerService: 	at android.os.HandlerThread.run(HandlerThread.java:61)
09-18 23:47:45.751  3609  3720 W DisplayManagerService: 	at com.android.server.ServiceThread.run(ServiceThread.java:46)
09-18 23:47:45.752  3609  3720 W LocalDisplayAdapter: Unable to find color mode 0, ignoring request.
09-18 23:47:45.758  3609  5277 D ActivityManager: cleanUpApplicationRecord -- 8405
09-18 23:47:45.800  3609  3722 I DisplayPowerController: Unblocked screen on after 60 ms
09-18 23:47:45.801  3609  3722 I DreamManagerService: Gently waking up from dream.
09-18 23:47:45.802  3609 12051 I DreamManagerService: Leaving dreamland.
09-18 23:47:45.802  3609  3718 I DreamController: Stopping dream: name=ComponentInfo{com.android.systemui/com.android.systemui.doze.DozeService}, isTest=false, canDoze=true, userId=0
09-18 23:47:50.666  3609  3713 I VrManagerService: VR mode is allowed
09-18 23:47:50.780  3609 12218 W InputMethodManagerService: Window already focused, ignoring focus gain of: com.android.internal.view.IInputMethodClient$Stub$Proxy@fc5a845 attribute=android.view.inputmethod.EditorInfo@acbdb9a, token = android.os.BinderProxy@885682
09-18 23:47:51.087  3609  5738 I ActivityManager: Setting hasTopUi=false for pid=5083
09-18 23:47:52.104  3609  8879 I ActivityManager: START u0 {act=android.intent.action.MAIN cat=[android.intent.category.LAUNCHER] flg=0x10000000 pkg=com.android.chrome cmp=com.android.chrome/com.google.android.apps.chrome.Main} from uid 10041 on display 0
09-18 23:47:52.207  3609  6919 I ActivityManager: START u0 {cmp=com.android.chrome/org.chromium.chrome.browser.firstrun.FirstRunActivity (has extras)} from uid 10085 on display 0
09-18 23:47:52.473  3609  5743 I ActivityManager: Start proc 13847:com.android.chrome:sandboxed_process0/u0i0 for service com.android.chrome/org.chromium.content.app.SandboxedProcessService0
09-18 23:47:53.407  3609  5738 I ActivityManager: Start proc 13906:com.android.chrome:privileged_process0/u0a85 for service com.android.chrome/org.chromium.content.app.PrivilegedProcessService0
09-18 23:47:58.376  3609  7167 I ActivityManager: START u0 {act=android.intent.action.MAIN cat=[android.intent.category.LAUNCHER] flg=0x10800000 pkg=com.android.chrome cmp=com.android.chrome/com.google.android.apps.chrome.Main (has extras)} from uid 10085 on display 0
09-18 23:47:58.482  3609  5737 I ActivityManager: START u0 {act=android.intent.action.MAIN cat=[android.intent.category.LAUNCHER] flg=0x14002000 pkg=com.android.chrome cmp=com.android.chrome/org.chromium.chrome.browser.ChromeTabbedActivity (has extras)} from uid 10085 on display 0
09-18 23:47:58.747  3609  5738 I ActivityManager: Start proc 13955:com.android.chrome:sandboxed_process1/u0i1 for service com.android.chrome/org.chromium.content.app.SandboxedProcessService1
09-18 23:48:00.883  3609 12051 I ActivityManager: Process com.android.chrome:sandboxed_process0 (pid 13847) has died
09-18 23:48:00.884  3609 12051 D ActivityManager: cleanUpApplicationRecord -- 13847
09-18 23:48:00.885  3609 12051 W ActivityManager: Scheduling restart of crashed service com.android.chrome/org.chromium.content.app.SandboxedProcessService0 in 1000ms
09-18 23:48:01.131  3609  6916 I ActivityManager: Start proc 14013:com.android.chrome:sandboxed_process2/u0i2 for service com.android.chrome/org.chromium.content.app.SandboxedProcessService2
09-18 23:48:01.921  3609 12218 I ActivityManager: Activity reported stop, but no longer stopping: ActivityRecord{c321b97 u0 com.android.chrome/org.chromium.chrome.browser.firstrun.FirstRunActivity t15 f}
09-18 23:48:06.529  3609 12218 I ActivityManager: Process com.android.chrome:sandboxed_process2 (pid 14013) has died
09-18 23:48:06.529  3609 12218 D ActivityManager: cleanUpApplicationRecord -- 14013
09-18 23:48:06.531  3609 12218 W ActivityManager: Scheduling restart of crashed service com.android.chrome/org.chromium.content.app.SandboxedProcessService2 in 1000ms
09-18 23:48:26.009 13226 13246 F libc    : Fatal signal 6 (SIGABRT), code -6 in tid 13246 (enableInternal)
09-18 23:48:26.079 14104 14104 F DEBUG   : *** *** *** *** *** *** *** *** *** *** *** *** *** *** *** ***
09-18 23:48:26.079 14104 14104 F DEBUG   : LineageOS Version: '14.1-20170918-UNOFFICIAL-dream2lte'
09-18 23:48:26.079 14104 14104 F DEBUG   : Build fingerprint: 'samsung/dream2ltexx/dream2lte:7.0/NRD90M/G955FXXU1AQH3:user/release-keys'
09-18 23:48:26.080 14104 14104 F DEBUG   : Revision: '0'
09-18 23:48:26.080 14104 14104 F DEBUG   : ABI: 'arm64'
09-18 23:48:26.080 14104 14104 F DEBUG   : pid: 13226, tid: 13246, name: enableInternal  >>> com.android.nfc <<<
09-18 23:48:26.080 14104 14104 F DEBUG   : signal 6 (SIGABRT), code -6 (SI_TKILL), fault addr --------
09-18 23:48:26.080 14104 14104 F DEBUG   :     x0   0000000000000000  x1   00000000000033be  x2   0000000000000006  x3   0000000000000008
09-18 23:48:26.080 14104 14104 F DEBUG   :     x4   0000000000000000  x5   0000000000000000  x6   0000007fa1657000  x7   0000000000000000
09-18 23:48:26.080 14104 14104 F DEBUG   :     x8   0000000000000083  x9   ffffffffffffffdf  x10  0000000000000000  x11  0000000000000001
09-18 23:48:26.080 14104 14104 F DEBUG   :     x12  ffffffffffffffff  x13  0000000000000000  x14  0000000000000000  x15  00008bb19b58fb7e
09-18 23:48:26.080 14104 14104 F DEBUG   :     x16  0000007f9df3cec8  x17  0000007f9dee6828  x18  0000007f9d2b18e0  x19  0000007f90d8c4f8
09-18 23:48:26.080 14104 14104 F DEBUG   :     x20  0000000000000006  x21  0000007f90d8c450  x22  000000000000006e  x23  0000007f9c325b50
09-18 23:48:26.080 14104 14104 F DEBUG   :     x24  0000000000000004  x25  c513d3000634c3c3  x26  0000007f9602dc98  x27  c513d3000634c3c3
09-18 23:48:26.080 14104 14104 F DEBUG   :     x28  0000007f90d8b720  x29  0000007f90d8b680  x30  0000007f9dee3cd0
09-18 23:48:26.080 14104 14104 F DEBUG   :     sp   0000007f90d8b660  pc   0000007f9dee6830  pstate 0000000060000000
09-18 23:48:26.089 14104 14104 F DEBUG   : 
09-18 23:48:26.089 14104 14104 F DEBUG   : backtrace:
09-18 23:48:26.089 14104 14104 F DEBUG   :     #00 pc 000000000006c830  /system/lib64/libc.so (tgkill+8)
09-18 23:48:26.089 14104 14104 F DEBUG   :     #01 pc 0000000000069ccc  /system/lib64/libc.so (pthread_kill+64)
09-18 23:48:26.089 14104 14104 F DEBUG   :     #02 pc 0000000000023ea0  /system/lib64/libc.so (raise+24)
09-18 23:48:26.089 14104 14104 F DEBUG   :     #03 pc 000000000001c924  /system/lib64/libc.so (abort+52)
09-18 23:48:26.089 14104 14104 F DEBUG   :     #04 pc 000000000001517c  /system/lib64/libnfc_nci_jni.so
09-18 23:48:26.089 14104 14104 F DEBUG   :     #05 pc 00000000000dbc90  /system/lib64/libart.so (art_quick_generic_jni_trampoline+144)
09-18 23:48:26.089 14104 14104 F DEBUG   :     #06 pc 00000000000d26b4  /system/lib64/libart.so (art_quick_invoke_stub+580)
09-18 23:48:26.089 14104 14104 F DEBUG   :     #07 pc 00000000000df380  /system/lib64/libart.so (_ZN3art9ArtMethod6InvokeEPNS_6ThreadEPjjPNS_6JValueEPKc+204)
09-18 23:48:26.089 14104 14104 F DEBUG   :     #08 pc 000000000028f0bc  /system/lib64/libart.so (_ZN3art11interpreter34ArtInterpreterToCompiledCodeBridgeEPNS_6ThreadEPNS_9ArtMethodEPKNS_7DexFile8CodeItemEPNS_11ShadowFrameEPNS_6JValueE+312)
09-18 23:48:26.089 14104 14104 F DEBUG   :     #09 pc 0000000000288098  /system/lib64/libart.so (_ZN3art11interpreter6DoCallILb0ELb0EEEbPNS_9ArtMethodEPNS_6ThreadERNS_11ShadowFrameEPKNS_11InstructionEtPNS_6JValueE+592)
09-18 23:48:26.089 14104 14104 F DEBUG   :     #10 pc 0000000000556688  /system/lib64/libart.so (MterpInvokeInterface+1208)
09-18 23:48:26.089 14104 14104 F DEBUG   :     #11 pc 00000000000c5294  /system/lib64/libart.so (ExecuteMterpImpl+14740)
09-18 23:48:26.635  3609  3717 I BootReceiver: Copying /data/tombstones/tombstone_04 to DropBox (SYSTEM_TOMBSTONE)
09-18 23:48:26.672  3609  7166 I ActivityManager: Process com.android.nfc (pid 13226) has died
09-18 23:48:26.672  3609  7166 D ActivityManager: cleanUpApplicationRecord -- 13226
09-18 23:48:26.690  3609  7166 W ActivityManager: Re-adding persistent process ProcessRecord{19f82f1 13226:com.android.nfc/1027}
09-18 23:48:26.723  3609  7166 I ActivityManager: Start proc 14120:com.android.nfc/1027 for restart com.android.nfc
09-18 23:48:30.293  3609  6916 I WindowManager: setAppOrientation token: Token{90e33e0 ActivityRecord{590bde3 u0 com.android.chrome/org.chromium.chrome.browser.ChromeTabbedActivity t17}} requestedOrientation: 6
09-18 23:48:30.316  3609  6916 W LocalDisplayAdapter: Unable to find color mode 0, ignoring request.
09-18 23:48:30.333  3609  6916 I ActivityManager: Config changes=480 {1.0 722mcc34mnc [es_ES] ldltr sw411dp w797dp h387dp 560dpi nrml long land finger -keyb/v/h -nav/h s.11}
09-18 23:48:30.772  3609  3720 I WindowManager: Screen frozen for +477ms due to Window{c60c7ed u0 SurfaceView - com.android.chrome/org.chromium.chrome.browser.ChromeTabbedActivity}
09-18 23:48:40.962  3609  6622 I ActivityManager: Start proc 14708:com.android.chrome:sandboxed_process3/u0i3 for service com.android.chrome/org.chromium.content.app.SandboxedProcessService3
09-18 23:48:41.352  3609  3711 I ActivityManager: moveTaskToBack: TaskRecord{932ac7 #17 A=com.android.chrome U=0 StackId=1 sz=1}
09-18 23:48:42.636  3609  4141 I ActivityManager: START u0 {act=android.intent.action.MAIN cat=[android.intent.category.HOME] flg=0x10200000 cmp=com.google.android.googlequicksearchbox/com.google.android.launcher.GEL (has extras)} from uid 1000 on display 0
09-18 23:48:42.851  3609  4141 W LocalDisplayAdapter: Unable to find color mode 0, ignoring request.
09-18 23:48:42.860  3609  4141 I ActivityManager: Config changes=480 {1.0 722mcc34mnc [es_ES] ldltr sw411dp w411dp h773dp 560dpi nrml long port finger -keyb/v/h -nav/h s.12}
09-18 23:48:43.456  3609  3720 I WindowManager: Screen frozen for +616ms due to Window{d61794 u0 StatusBar}
09-18 23:48:46.133  3609  5743 I ActivityManager: Process com.android.chrome:sandboxed_process3 (pid 14708) has died
09-18 23:48:46.133  3609  5743 D ActivityManager: cleanUpApplicationRecord -- 14708
09-18 23:48:46.135  3609  5743 W ActivityManager: Scheduling restart of crashed service com.android.chrome/org.chromium.content.app.SandboxedProcessService3 in 1000ms
09-18 23:49:20.502  3609  6916 I ActivityManager: START u0 {act=android.intent.action.MAIN cat=[android.intent.category.LAUNCHER] flg=0x10200000 cmp=com.android.gallery3d/.app.GalleryActivity (has extras)} from uid 10042 on display 0
09-18 23:49:20.644  3609  3711 I ActivityManager: START u0 {act=android.content.pm.action.REQUEST_PERMISSIONS pkg=com.android.packageinstaller cmp=com.android.packageinstaller/.permission.ui.GrantPermissionsActivity (has extras)} from uid 10018 on display 0
09-18 23:49:20.886  3609  5276 I ActivityManager: Start proc 14767:com.android.packageinstaller/u0a21 for activity com.android.packageinstaller/.permission.ui.GrantPermissionsActivity
09-18 23:49:22.758  3609  6620 D VoldConnector: SND -> {45 volume remount_uid 10018 default}
09-18 23:49:22.766  3076  3143 D vold    : Remounting 10018 as mode default
09-18 23:49:22.771  3076  3143 D vold    : Found matching PID 13020
09-18 23:49:22.832  3609  4144 D VoldConnector: RCV <- {200 45 Command succeeded}
09-18 23:49:22.834  3609  5100 D VoldConnector: SND -> {46 volume remount_uid 10018 default}
09-18 23:49:22.836  3076  3143 D vold    : Remounting 10018 as mode default
09-18 23:49:22.845  3076  3143 D vold    : Found matching PID 13020
09-18 23:49:22.901  3609  4144 D VoldConnector: RCV <- {200 46 Command succeeded}
09-18 23:49:25.118  3609  4141 I ActivityManager: START u0 {act=android.intent.action.MAIN cat=[android.intent.category.HOME] flg=0x10200000 cmp=com.google.android.googlequicksearchbox/com.google.android.launcher.GEL (has extras)} from uid 1000 on display 0
09-18 23:49:31.130  3609  7169 I ActivityManager: START u0 {flg=0x10804000 cmp=com.android.systemui/.recents.RecentsActivity} from uid 10029 on display 0
09-18 23:49:32.286  3609  6622 E ActivityManager: applyOptionsLocked: Unknown animationType=0
09-18 23:49:43.682  3609  3713 I ActivityManager: Waited long enough for: ServiceRecord{916b379 u0 com.google.android.apps.photos/com.google.android.libraries.social.async.BackgroundTaskService}
--------- beginning of main
09-18 23:49:46.523  3183  3183 D libexynosv4l2: try node: /dev/video6
09-18 23:49:46.523  3183  3183 I libexynosv4l2: node found for device s5p-mfc-dec: /dev/video6
09-18 23:49:46.565  3183  3183 I libexynosv4l2: open video device /dev/video6
09-18 23:49:46.578  3186 15074 D ACodec  : Setting [OMX.Exynos.AVC.Decoder] input port buffer number: 1
09-18 23:49:46.581  3186 15074 D ACodec  : Setting [OMX.Exynos.AVC.Decoder] output port buffer number: 1
09-18 23:49:46.582  3183  5183 E OMXNodeInstance: setParameter(c6f0060:Exynos.AVC.Decoder, ParamPortDefinition(0x2000001)) ERROR: BadParameter(0x80001005)
09-18 23:49:46.584  3186 15074 W ACodec  : Fail to set [OMX.Exynos.AVC.Decoder] output port buffer number: 1
09-18 23:49:46.601  3183  3183 E OMXNodeInstance: getConfig(c6f0060:Exynos.AVC.Decoder, ConfigCommonOutputCrop(0x700000f)) ERROR: NotReady(0x80001010)
09-18 23:49:46.607  3183 15075 I EXYNOS_BASE_COMP: [0xf4d0b880][Exynos_OMX_ComponentStateSet] current:(OMX_StateLoaded) dest:(OMX_StateIdle)
09-18 23:49:46.618  3183 15075 D libexynosv4l2: try node: /dev/video6
09-18 23:49:46.618  3183 15075 I libexynosv4l2: node found for device s5p-mfc-dec: /dev/video6
09-18 23:49:46.620  3185 13823 D MediaBufferGroup: creating MemoryDealer
09-18 23:49:46.651  3186  6950 W StagefrightMetadataRetriever: Timed out waiting for input
09-18 23:49:46.660  3183 15075 I libexynosv4l2: open video device /dev/video6
09-18 23:49:46.660  3183 15075 I EXYNOS_BASE_COMP: [0xf4d0b880][Exynos_OMX_ComponentStateSet] OMX_EventCmdComplete
09-18 23:49:46.662  3183 15075 I EXYNOS_BASE_COMP: [0xf4d0b880][Exynos_OMX_ComponentStateSet] current:(OMX_StateIdle) dest:(OMX_StateExecuting)
09-18 23:49:46.662  3183 15075 I EXYNOS_BASE_COMP: [0xf4d0b880][Exynos_OMX_ComponentStateSet] OMX_EventCmdComplete
09-18 23:49:46.664  3183 15080 D ExynosVideoDecoder: MFC_Decoder_ExtensionEnqueue_Inbuf: DATA with flags(0x20000000)
09-18 23:49:46.671  3183 15080 D ExynosVideoDecoder: MFC_Decoder_ExtensionEnqueue_Inbuf: DATA with flags(0x20000000)
09-18 23:49:46.673  3183 15080 D ExynosVideoDecoder: MFC_Decoder_ExtensionEnqueue_Inbuf: DATA with flags(0x20000000)
09-18 23:49:46.683  3183 15080 D ExynosVideoDecoder: MFC_Decoder_ExtensionEnqueue_Inbuf: DATA with flags(0x80000000)
09-18 23:49:46.692  3183 15075 I EXYNOS_BASE_COMP: [0xf4d0b880][Exynos_OMX_ComponentStateSet] current:(OMX_StateExecuting) dest:(OMX_StateIdle)
09-18 23:49:46.692  3183 15078 W libexynosv4l2: failed to ioctl: VIDIOC_DQBUF (22 - Invalid argument)
09-18 23:49:46.696  3183 15077 W libexynosv4l2: failed to ioctl: VIDIOC_DQBUF (22 - Invalid argument)
09-18 23:49:46.698  3183 15075 I EXYNOS_BASE_COMP: [0xf4d0b880][Exynos_OMX_ComponentStateSet] OMX_EventCmdComplete
09-18 23:49:46.700  3183 15075 I EXYNOS_BASE_COMP: [0xf4d0b880][Exynos_OMX_ComponentStateSet] current:(OMX_StateIdle) dest:(OMX_StateLoaded)
09-18 23:49:46.701  3183 15078 W libexynosv4l2: failed to ioctl: VIDIOC_DQBUF (22 - Invalid argument)
09-18 23:49:46.709  3183 15075 I EXYNOS_BASE_COMP: [0xf4d0b880][Exynos_OMX_ComponentStateSet] OMX_EventCmdComplete
09-18 23:49:46.772  3185  5135 I FFmpegExtractor: android-source:0xf357be00
09-18 23:49:46.780  3185  5135 D FFmpegExtractor: supported codec (h264) by official Stagefright
09-18 23:49:46.780  3185  5135 D FFmpegExtractor: supported codec (aac) by official Stagefright
09-18 23:49:46.780  3185  5135 D FFmpegExtractor: ffmpeg detected media content as 'video/mp4' with confidence 0.08
09-18 23:49:46.784  3186  3186 E MetadataRetrieverClient: failed to extract an album art
09-18 23:49:46.784 13020 14836 E MediaMetadataRetrieverJNI: getEmbeddedPicture: Call to getEmbeddedPicture failed.
09-18 23:49:46.788  3186 15082 I MediaPlayerService: MediaPlayerService::getOMX
09-18 23:49:46.788  3186 15082 I OMXClient: MuxOMX ctor
09-18 23:49:46.788  3183  3183 I OMXMaster: makeComponentInstance(OMX.Exynos.AVC.Decoder) in mediacodec process
09-18 23:49:46.791  3183  3183 D libexynosv4l2: try node: /dev/video6
09-18 23:49:46.791  3183  3183 I libexynosv4l2: node found for device s5p-mfc-dec: /dev/video6
09-18 23:49:46.833  3183  3183 I libexynosv4l2: open video device /dev/video6
09-18 23:49:46.837  3186 15082 D ACodec  : Setting [OMX.Exynos.AVC.Decoder] input port buffer number: 1
09-18 23:49:46.838  3186 15082 D ACodec  : Setting [OMX.Exynos.AVC.Decoder] output port buffer number: 1
09-18 23:49:46.838  3183  3210 E OMXNodeInstance: setParameter(c6f0061:Exynos.AVC.Decoder, ParamPortDefinition(0x2000001)) ERROR: BadParameter(0x80001005)
09-18 23:49:46.839  3186 15082 W ACodec  : Fail to set [OMX.Exynos.AVC.Decoder] output port buffer number: 1
09-18 23:49:46.841  3183  3183 E OMXNodeInstance: getConfig(c6f0061:Exynos.AVC.Decoder, ConfigCommonOutputCrop(0x700000f)) ERROR: NotReady(0x80001010)
09-18 23:49:46.843  3183 15083 I EXYNOS_BASE_COMP: [0xf4d0ae00][Exynos_OMX_ComponentStateSet] current:(OMX_StateLoaded) dest:(OMX_StateIdle)
09-18 23:49:46.846  3183 15083 D libexynosv4l2: try node: /dev/video6
09-18 23:49:46.847  3185  3185 D MediaBufferGroup: creating MemoryDealer
09-18 23:49:46.847  3183 15083 I libexynosv4l2: node found for device s5p-mfc-dec: /dev/video6
09-18 23:49:46.882  3186  5184 W StagefrightMetadataRetriever: Timed out waiting for input
09-18 23:49:46.885  3183 15083 I libexynosv4l2: open video device /dev/video6
09-18 23:49:46.886  3183 15083 I EXYNOS_BASE_COMP: [0xf4d0ae00][Exynos_OMX_ComponentStateSet] OMX_EventCmdComplete
09-18 23:49:46.886  3183 15083 I EXYNOS_BASE_COMP: [0xf4d0ae00][Exynos_OMX_ComponentStateSet] current:(OMX_StateIdle) dest:(OMX_StateExecuting)
09-18 23:49:46.886  3183 15083 I EXYNOS_BASE_COMP: [0xf4d0ae00][Exynos_OMX_ComponentStateSet] OMX_EventCmdComplete
09-18 23:49:46.890  3183 15088 D ExynosVideoDecoder: MFC_Decoder_ExtensionEnqueue_Inbuf: DATA with flags(0x20000000)
09-18 23:49:46.896  3183 15088 D ExynosVideoDecoder: MFC_Decoder_ExtensionEnqueue_Inbuf: DATA with flags(0x20000000)
09-18 23:49:46.898  3183 15088 D ExynosVideoDecoder: MFC_Decoder_ExtensionEnqueue_Inbuf: DATA with flags(0x20000000)
09-18 23:49:46.914  3183 15088 D ExynosVideoDecoder: MFC_Decoder_ExtensionEnqueue_Inbuf: DATA with flags(0x80000000)
09-18 23:49:46.923  3183 15083 I EXYNOS_BASE_COMP: [0xf4d0ae00][Exynos_OMX_ComponentStateSet] current:(OMX_StateExecuting) dest:(OMX_StateIdle)
09-18 23:49:46.924  3183 15086 W libexynosv4l2: failed to ioctl: VIDIOC_DQBUF (22 - Invalid argument)
09-18 23:49:46.927  3183 15085 W libexynosv4l2: failed to ioctl: VIDIOC_DQBUF (22 - Invalid argument)
09-18 23:49:46.929  3183 15083 I EXYNOS_BASE_COMP: [0xf4d0ae00][Exynos_OMX_ComponentStateSet] OMX_EventCmdComplete
09-18 23:49:46.930  3183 15083 I EXYNOS_BASE_COMP: [0xf4d0ae00][Exynos_OMX_ComponentStateSet] current:(OMX_StateIdle) dest:(OMX_StateLoaded)
09-18 23:49:46.931  3183 15086 W libexynosv4l2: failed to ioctl: VIDIOC_DQBUF (22 - Invalid argument)
09-18 23:49:46.937  3183 15083 I EXYNOS_BASE_COMP: [0xf4d0ae00][Exynos_OMX_ComponentStateSet] OMX_EventCmdComplete
09-18 23:49:49.087  5083  5093 I art     : Do full code cache collection, code=1514KB, data=1200KB
09-18 23:49:49.090  5083  5093 I art     : Starting a blocking GC JitCodeCache
09-18 23:49:49.090  5083  5093 I art     : After code cache collection, code=1378KB, data=1049KB
09-18 23:49:49.246 13020 13025 I art     : Do full code cache collection, code=244KB, data=236KB
09-18 23:49:49.247 13020 13025 I art     : Starting a blocking GC JitCodeCache
09-18 23:49:49.247 13020 13025 I art     : After code cache collection, code=175KB, data=155KB
09-18 23:49:50.765  9071 11599 W AudioPolicyIntefaceImpl: Skipped to add effects on session 25
09-18 23:49:50.765  9071 11599 I APM_AudioPolicyManager: startOutput() output 21, stream 1, session 25
09-18 23:49:50.766  9071  9109 D audio_hw_primary_abox: fast_out-set_audio_route: [PLAYBACK] current-device(none) new-device(speaker) in cur-mode(none) & new-mode(normal)!
