11-11 13:43:40.579  6491  6525 D bt_btif : BTA AG SCO State Change: [2] -> [5] after Event [5]
11-11 13:43:40.579  6491  6525 W bt_btm  : BTM: Local device role : 0x00
11-11 13:43:40.579  6491  6525 W bt_btm  : BTM: RemBdAddr: 0022a6666b99
11-11 13:43:40.579  6491  6514 D bt_btif : btif_hf_upstreams_evt: event=BTA_AG_AUDIO_OPEN_EVT
11-11 13:43:40.581  3171  3313 I chatty  : uid=1041(audioserver) Binder:3171_1 expire 5 lines
11-11 13:43:40.584  3614  3614 I Telecom : : mReceiver: HEADSET_AUDIO_STATE_CHANGED_ACTION: BM.oR@AVs
11-11 13:43:40.585  3614  3614 I Telecom : : ==> new state: 12: BM.oR@AVs
11-11 13:43:40.585  3614  3614 D BluetoothHeadset: getConnectedDevices()
11-11 13:43:40.590  3614  3614 D BluetoothHeadset: isAudioConnected()
11-11 13:43:40.607  6611  6611 D AccelerometerListener: orientation: horizontal
11-11 13:43:40.607  6611  6611 I InCall  : ProximitySensor - ProximitySensor{keybrd=0, dpad=0, offhook=1, hor=1, ui=1, aud=BLUETOOTH}
11-11 13:43:40.607  6611  6611 I InCall  : ProximitySensor - Proximity wake lock already released
11-11 13:43:41.760  4774  4863 I vol.Events: writeEvent level_changed STREAM_SYSTEM 5
11-11 13:43:41.762  6491  6532 D bt_btif : BTHF: volume_control
11-11 13:43:41.762  6491  6525 D bt_btif : bta_ag_api_result: p_scb 0xd9a54680 
11-11 13:43:41.762  6491  6525 D bt_btif : AG evt (hdl 0x0001): State 2, Event 0x0506
11-11 13:43:41.762  6491  6525 D bt_btif : bta_ag_hfp_result : res = 0
11-11 13:43:41.763  4774  4863 I vol.Events: writeEvent level_changed STREAM_BLUETOOTH_SCO 8
11-11 13:43:41.763  4774  4863 I vol.Events: writeEvent active_stream_changed STREAM_BLUETOOTH_SCO
11-11 13:43:41.764  4774  4863 I vol.Events: writeEvent key STREAM_BLUETOOTH_SCO 8
11-11 13:43:41.769  4774  4774 I vol.Events: writeEvent show_dialog volume_changed keyguard=false
11-11 13:43:41.789  4774  4872 D mali_winsys: EGLint new_window_surface(egl_winsys_display*, void*, EGLSurface, EGLConfig, egl_winsys_surface**, egl_color_buffer_format*, EGLBoolean) returns 0x3000,  [1664x467]-format:1
11-11 13:43:42.218  3614  4832 I Telecom : InCallController: Sending updateCall [TC@2, DIALING, com.android.phone/com.android.services.telephony.TelephonyConnectionService, tel:****, A, childs(0), has_parent(false), [Capabilities: CAPABILITY_SUPPORT_HOLD CAPABILITY_MUTE CAPABILITY_CANNOT_DOWNGRADE_VIDEO_TO_AUDIO], [Properties:]]: CSW.sSH@AWE
11-11 13:43:42.219  3614  4832 I Telecom : InCallController: Components updated: [ComponentInfo{com.android.dialer/com.android.incallui.InCallServiceImpl}]: CSW.sSH@AWE
11-11 13:43:42.219  6491  6532 D bt_btif : BTHF: volume_control
11-11 13:43:42.219  6491  6525 D bt_btif : bta_ag_api_result: p_scb 0xd9a54680 
11-11 13:43:42.219  6491  6525 D bt_btif : AG evt (hdl 0x0001): State 2, Event 0x0506
11-11 13:43:42.219  6491  6525 D bt_btif : bta_ag_hfp_result : res = 0
11-11 13:43:42.220  4774  4863 I vol.Events: writeEvent level_changed STREAM_BLUETOOTH_SCO 9
11-11 13:43:42.220  4774  4863 I vol.Events: writeEvent key STREAM_BLUETOOTH_SCO 9
11-11 13:43:42.614  6491  6532 D bt_btif : BTHF: device_status_notification
11-11 13:43:42.614  6491  6525 D bt_btif : AG evt (hdl 0x0001): State 2, Event 0x0506
11-11 13:43:42.614  6491  6525 D bt_btif : bta_ag_hfp_result : res = 5
11-11 13:43:42.614  6491  6525 D bt_btif : AG evt (hdl 0x0001): State 2, Event 0x0506
11-11 13:43:42.614  6491  6525 D bt_btif : bta_ag_hfp_result : res = 5
11-11 13:43:42.614  6491  6525 D bt_btif : AG evt (hdl 0x0001): State 2, Event 0x0506
11-11 13:43:42.614  6491  6525 D bt_btif : bta_ag_hfp_result : res = 5
11-11 13:43:42.614  6491  6525 D bt_btif : AG evt (hdl 0x0001): State 2, Event 0x0506
11-11 13:43:42.614  6491  6525 D bt_btif : bta_ag_hfp_result : res = 5
11-11 13:43:42.718  4774  4863 I vol.Events: writeEvent level_changed STREAM_BLUETOOTH_SCO 10
11-11 13:43:42.718  6491  6532 D bt_btif : BTHF: volume_control
11-11 13:43:42.718  4774  4863 I vol.Events: writeEvent key STREAM_BLUETOOTH_SCO 10
11-11 13:43:42.718  6491  6525 D bt_btif : bta_ag_api_result: p_scb 0xd9a54680 
11-11 13:43:42.718  6491  6525 D bt_btif : AG evt (hdl 0x0001): State 2, Event 0x0506
11-11 13:43:42.718  6491  6525 D bt_btif : bta_ag_hfp_result : res = 0
11-11 13:43:42.767  6491  6532 D bt_btif : BTHF: volume_control
11-11 13:43:42.767  4774  4863 I vol.Events: writeEvent level_changed STREAM_BLUETOOTH_SCO 11
11-11 13:43:42.767  6491  6525 D bt_btif : bta_ag_api_result: p_scb 0xd9a54680 
11-11 13:43:42.767  6491  6525 D bt_btif : AG evt (hdl 0x0001): State 2, Event 0x0506
11-11 13:43:42.767  6491  6525 D bt_btif : bta_ag_hfp_result : res = 0
11-11 13:43:42.768  4774  4863 I vol.Events: writeEvent key STREAM_BLUETOOTH_SCO 11
11-11 13:43:42.818  4774  4863 I vol.Events: writeEvent level_changed STREAM_BLUETOOTH_SCO 12
11-11 13:43:42.818  6491  6532 D bt_btif : BTHF: volume_control
11-11 13:43:42.818  6491  6525 D bt_btif : bta_ag_api_result: p_scb 0xd9a54680 
11-11 13:43:42.818  4774  4863 I vol.Events: writeEvent key STREAM_BLUETOOTH_SCO 12
11-11 13:43:42.818  6491  6525 D bt_btif : AG evt (hdl 0x0001): State 2, Event 0x0506
11-11 13:43:42.818  6491  6525 D bt_btif : bta_ag_hfp_result : res = 0
11-11 13:43:42.868  6491  6532 D bt_btif : BTHF: volume_control
11-11 13:43:42.868  4774  4863 I vol.Events: writeEvent level_changed STREAM_BLUETOOTH_SCO 13
11-11 13:43:42.868  6491  6525 D bt_btif : bta_ag_api_result: p_scb 0xd9a54680 
11-11 13:43:42.868  6491  6525 D bt_btif : AG evt (hdl 0x0001): State 2, Event 0x0506
11-11 13:43:42.868  6491  6525 D bt_btif : bta_ag_hfp_result : res = 0
11-11 13:43:42.868  4774  4863 I vol.Events: writeEvent key STREAM_BLUETOOTH_SCO 13
11-11 13:43:42.918  6491  6532 D bt_btif : BTHF: volume_control
11-11 13:43:42.918  6491  6525 D bt_btif : bta_ag_api_result: p_scb 0xd9a54680 
11-11 13:43:42.918  6491  6525 D bt_btif : AG evt (hdl 0x0001): State 2, Event 0x0506
11-11 13:43:42.918  6491  6525 D bt_btif : bta_ag_hfp_result : res = 0
11-11 13:43:42.919  4774  4863 I vol.Events: writeEvent level_changed STREAM_BLUETOOTH_SCO 14
11-11 13:43:42.919  4774  4863 I vol.Events: writeEvent key STREAM_BLUETOOTH_SCO 14
11-11 13:43:42.969  4774  4863 I vol.Events: writeEvent level_changed STREAM_BLUETOOTH_SCO 15
11-11 13:43:42.969  4774  4863 I vol.Events: writeEvent key STREAM_BLUETOOTH_SCO 15
11-11 13:43:42.969  6491  6532 D bt_btif : BTHF: volume_control
11-11 13:43:42.969  6491  6525 D bt_btif : bta_ag_api_result: p_scb 0xd9a54680 
11-11 13:43:42.969  6491  6525 D bt_btif : AG evt (hdl 0x0001): State 2, Event 0x0506
11-11 13:43:42.969  6491  6525 D bt_btif : bta_ag_hfp_result : res = 0
11-11 13:43:45.134  3614  3614 D BluetoothHeadset: getConnectedDevices()
11-11 13:43:45.137  3614  3614 D BluetoothHeadset: isAudioConnected()
11-11 13:43:45.139  3614  3614 D BluetoothHeadset: getConnectedDevices()
11-11 13:43:45.143  3614  3614 D BluetoothHeadset: isAudioConnected()
11-11 13:43:46.073  4774  4774 I vol.Events: writeEvent dismiss_dialog timeout
11-11 13:43:46.075  4774  4863 I vol.Events: writeEvent active_stream_changed UNKNOWN_STREAM_-1
11-11 13:43:46.157  3614  4783 I Telecom : InCallController: Sending updateCall [TC@2, DIALING, com.android.phone/com.android.services.telephony.TelephonyConnectionService, tel:****, A, childs(0), has_parent(false), [Capabilities: CAPABILITY_SUPPORT_HOLD CAPABILITY_MUTE CAPABILITY_CANNOT_DOWNGRADE_VIDEO_TO_AUDIO], [Properties:]]: CSW.sSH@AWI
11-11 13:43:46.157  3614  4783 I Telecom : InCallController: Components updated: [ComponentInfo{com.android.dialer/com.android.incallui.InCallServiceImpl}]: CSW.sSH@AWI
11-11 13:43:46.158  3614  4783 I Telecom : InCallController: Sending updateCall [TC@2, DIALING, com.android.phone/com.android.services.telephony.TelephonyConnectionService, tel:****, A, childs(0), has_parent(false), [Capabilities: CAPABILITY_SUPPORT_HOLD CAPABILITY_MUTE CAPABILITY_CANNOT_DOWNGRADE_VIDEO_TO_AUDIO], [Properties:]]: CSW.sCC@AWM
11-11 13:43:46.159  3614  4783 I Telecom : InCallController: Components updated: [ComponentInfo{com.android.dialer/com.android.incallui.InCallServiceImpl}]: CSW.sCC@AWM
11-11 13:43:46.161  3614  4783 I Telecom : CallsManager: setCallState DIALING -> DISCONNECTED, call: [TC@2, DIALING, com.android.phone/com.android.services.telephony.TelephonyConnectionService, tel:****, A, childs(0), has_parent(false), [Capabilities: CAPABILITY_SUPPORT_HOLD CAPABILITY_MUTE CAPABILITY_CANNOT_DOWNGRADE_VIDEO_TO_AUDIO], [Properties:]]: CSW.sDc@AWQ
11-11 13:43:46.161  3614  4783 I Telecom : Event: Call TC@2: SET_DISCONNECTED, disconnected set explicitly> DisconnectCause [ Code: (ERROR) Label: () Description: () Reason: (ERROR_UNSPECIFIED) Tone: (27) ]: CSW.sDc@AWQ
11-11 13:43:46.162  3614  4783 I Telecom : InCallController: onCanAddCallChanged : true: CSW.sDc@AWQ
11-11 13:43:46.163  3614  4783 I Telecom : InCallController: Sending updateCall [TC@2, DISCONNECTED, com.android.phone/com.android.services.telephony.TelephonyConnectionService, tel:****, A, childs(0), has_parent(false), [Capabilities: CAPABILITY_SUPPORT_HOLD CAPABILITY_MUTE CAPABILITY_CANNOT_DOWNGRADE_VIDEO_TO_AUDIO], [Properties:]]: CSW.sDc@AWQ
11-11 13:43:46.163  3614  4783 I Telecom : InCallController: Components updated: [ComponentInfo{com.android.dialer/com.android.incallui.InCallServiceImpl}]: CSW.sDc@AWQ
11-11 13:43:46.164  3614  4783 I Telecom : ViceNotificationImpl: onCallStateChanged newState = 7: CSW.sDc@AWQ
11-11 13:43:46.165  3614  4783 I Telecom : TelecomWakeLock: WakeLock already released with id: 26: CSW.sDc@AWQ
11-11 13:43:46.165  3614  4783 I Telecom : InCallWakeLockController: Releasing full wake lock: CSW.sDc@AWQ
11-11 13:43:46.165  3614  5178 I Telecom : CallAudioRouteStateMachine: Message received: UPDATE_SYSTEM_AUDIO_ROUTE=1201, arg1=0: CSW.sDc->CARSM.pM_UPDATE_SYSTEM_AUDIO_ROUTE@AWQ_0
11-11 13:43:46.165  3614  6756 D BluetoothHeadset: getConnectedDevices()
11-11 13:43:46.165  3614  5180 I Telecom : CallAudioModeStateMachine: Message received: TONE_STARTED_PLAYING.: CSW.sDc->CAMSM.pM_3001@AWQ_1
11-11 13:43:46.166  3614  5180 I Telecom : CallAudioModeStateMachine: Message received: NO_MORE_ACTIVE_OR_DIALING_CALLS.: CSW.sDc->CAMSM.pM_1001@AWQ_3
11-11 13:43:46.166  3614  5180 I Telecom : CallAudioModeStateMachine: Audio focus entering TONE/HOLDING state: CSW.sDc->CAMSM.pM_1001@AWQ_3
11-11 13:43:46.166  3614  5180 I MediaFocusControl:  AudioFocus  requestAudioFocus() from uid/pid 1000/3614 clientId=AudioFocus_For_Phone_Ring_And_Calls req=2 flags=0x4
11-11 13:43:46.168  3614  3614 I Telecom : MyHandler: MESSAGE_CALL_ENDED
11-11 13:43:46.168  3614  3614 I Telecom : ViceNotificationImpl: processNotification DEP null
11-11 13:43:46.169  4921  6755 D CallNotifier: SignalInfoTonePlayer.run(toneId = 98)...
11-11 13:43:46.170  4921  6755 D CallNotifier: mSignalInfoToneGenerator created already, hence skipping
11-11 13:43:46.172  3614  6756 D BluetoothHeadset: isAudioConnected()
11-11 13:43:46.179  6611  6611 E QtiImsExtUtils: getImsPhoneId failed. Exception = org.codeaurora.ims.QtiImsException: ImsService is not running
11-11 13:43:46.180  6611  6611 E QtiImsExtUtils: getConfigForPhoneId phoneId is invalid
11-11 13:43:46.180  6611  6611 E QtiImsExtUtils: isCarrierConfigEnabled bundle is null
11-11 13:43:46.180  6611  6611 E QtiImsExtUtils: getImsPhoneId failed. Exception = org.codeaurora.ims.QtiImsException: ImsService is not running
11-11 13:43:46.180  6611  6611 E QtiImsExtUtils: getConfigForPhoneId phoneId is invalid
11-11 13:43:46.180  6611  6611 E QtiImsExtUtils: isCarrierConfigEnabled bundle is null
11-11 13:43:46.185  3614  4783 W SensitivePhoneNumbers: Error parsing subId
11-11 13:43:46.186  3614  6756 D AudioTrack: Client defaulted notificationFrames to 960 for frameCount 1924
11-11 13:43:46.186  3614  4783 W ContextImpl: Calling a method in the system process without a qualified user: android.app.ContextImpl.sendBroadcast:892 android.content.ContextWrapper.sendBroadcast:426 com.android.server.telecom.CallLogManager.sendAddCallBroadcast:432 com.android.server.telecom.CallLogManager.logCall:279 com.android.server.telecom.CallLogManager.logCall:223 
11-11 13:43:46.188  3614  4783 I Telecom : BluetoothPhoneService: updateHeadsetWithCallState numActive 0, numHeld 0, callState 6, ringing number [da39a3ee5e6b4b0d3255bfef95601890afd80709], ringing type 128: CSW.sDc@AWQ
11-11 13:43:46.197  6611  6611 I InCall  : CallList - onDisconnect: [Call_1, DISCONNECTED, [Capabilities: CAPABILITY_SUPPORT_HOLD CAPABILITY_MUTE CAPABILITY_CANNOT_DOWNGRADE_VIDEO_TO_AUDIO], [Properties:], children:[], parent:null, conferenceable:[], videoState:Audio Only, mSessionModificationState:0, VideoSettings:(CameraDir:-1), mIsActivSub:false]
11-11 13:43:46.197  6611  6611 I InCall  : InCallCsRedialHandler - onDisconnect
11-11 13:43:46.197  6611  6611 I InCall  : InCallCsRedialHandler - checkForCsRetry failCause: -1
11-11 13:43:46.199  6611  6611 I InCall  : InCallPresenter - Phone switching state: OUTGOING -> INCALL
11-11 13:43:46.200  6491  6532 E HeadsetStateMachine: terminateScoUsingVirtualVoiceCall:No present call to terminate
11-11 13:43:46.200  6491  6532 D bt_btif : phone_state_change: idx = 0
11-11 13:43:46.200  6491  6532 D bt_btif : phone_state_change: num_active=0 [prev: 0]  num_held=0[prev: 0] call_setup=BTHF_CALL_STATE_IDLE [prev: BTHF_CALL_STATE_ALERTING]
11-11 13:43:46.201  6491  6525 D bt_btif : AG evt (hdl 0x0001): State 2, Event 0x0506
11-11 13:43:46.201  6491  6525 D bt_btif : bta_ag_hfp_result : res = 18
11-11 13:43:46.201  6491  6525 D bt_btif : bta_ag_sco_close: sco_inx = 0
11-11 13:43:46.201  6491  6525 D bt_btif : BTA ag sco evt (hdl 0x0000): State 5, Event 3
11-11 13:43:46.201  6491  6525 D bt_btif : ag remove sco: inx 0x0000, status:0x1
11-11 13:43:46.201  6491  6525 D bt_btif : BTA AG SCO State Change: [5] -> [6] after Event [3]
11-11 13:43:46.201  3614  3614 D GpsNetInitiatedHandler: onCallStateChanged(): state is 0
11-11 13:43:46.203  3614  4783 I Telecom : PhoneStateBroadcaster: Broadcasted state change: 0: CSW.sDc@AWQ
11-11 13:43:46.205  3614  5178 I Telecom : CallAudioRouteStateMachine: setSystemAudioState: changing from [AudioState isMuted: false, route: BLUETOOTH, supportedRouteMask: EARPIECE, BLUETOOTH, SPEAKER] to [AudioState isMuted: false, route: BLUETOOTH, supportedRouteMask: EARPIECE, BLUETOOTH, SPEAKER]: CSW.sDc->CARSM.pM_UPDATE_SYSTEM_AUDIO_ROUTE@AWQ_0
11-11 13:43:46.205  3614  5178 I Telecom : InCallController: Calling onAudioStateChanged, audioState: [AudioState isMuted: false, route: BLUETOOTH, supportedRouteMask: EARPIECE, BLUETOOTH, SPEAKER] -> [AudioState isMuted: false, route: BLUETOOTH, supportedRouteMask: EARPIECE, BLUETOOTH, SPEAKER]: CSW.sDc->CARSM.pM_UPDATE_SYSTEM_AUDIO_ROUTE@AWQ_0
11-11 13:43:46.205  3614  3674 W BroadcastQueue: Permission Denial: receiving Intent { act=android.intent.action.PHONE_STATE flg=0x10 (has extras) } to ProcessRecord{7e14768 4774:com.android.systemui/u0a33} (pid=4774, uid=10033) requires android.permission.READ_PHONE_STATE due to sender android (uid 1000)
11-11 13:43:46.206  3614  3674 W BroadcastQueue: Permission Denial: receiving Intent { act=android.intent.action.PHONE_STATE flg=0x10 (has extras) } to com.android.deskclock/.alarms.PhoneStateReceiver requires android.permission.READ_PRIVILEGED_PHONE_STATE due to sender android (uid 1000)
11-11 13:43:46.206  3614  3674 W BroadcastQueue: Permission Denial: receiving Intent { act=android.intent.action.PHONE_STATE flg=0x10 (has extras) } to com.android.deskclock/.alarms.PhoneStateReceiver requires android.permission.READ_PHONE_STATE due to sender android (uid 1000)
11-11 13:43:46.208  3614  4783 I Telecom : InCallController: Sending updateCall [TC@2, DISCONNECTED, com.android.phone/com.android.services.telephony.TelephonyConnectionService, tel:****, A, childs(0), has_parent(false), [Capabilities: CAPABILITY_SUPPORT_HOLD CAPABILITY_MUTE CAPABILITY_CANNOT_DOWNGRADE_VIDEO_TO_AUDIO], [Properties:]]: CSW.sCC@AWU
11-11 13:43:46.209  3614  4783 I Telecom : InCallController: Components updated: [ComponentInfo{com.android.dialer/com.android.incallui.InCallServiceImpl}]: CSW.sCC@AWU
11-11 13:43:46.210  3614  5551 I Telecom : ConnectionServiceWrapper: Service unbound ComponentInfo{com.android.phone/com.android.services.telephony.TelephonyConnectionService}, from unbind.: CSW.rC@AWg
11-11 13:43:46.214  3614  5551 I Telecom : Event: Call TC@2: DESTROYED, null: CSW.rC@AWg
11-11 13:43:46.214  3614  5551 I Telecom : InCallController: onCallRemoved: [TC@2, DISCONNECTED, null, tel:****, A, childs(0), has_parent(false), [Capabilities: CAPABILITY_SUPPORT_HOLD CAPABILITY_MUTE CAPABILITY_CANNOT_DOWNGRADE_VIDEO_TO_AUDIO], [Properties:]]: CSW.rC@AWg
11-11 13:43:46.219  3614  5551 I Telecom : TelecomWakeLock: WakeLock already released with id: 26: CSW.rC@AWg
11-11 13:43:46.219  3614  5551 I Telecom : InCallWakeLockController: Releasing full wake lock: CSW.rC@AWg
11-11 13:43:46.219  3614  5551 I Telecom : ProximitySensorManager: All calls removed, resetting proximity sensor to default state: CSW.rC@AWg
11-11 13:43:46.220  3614  5551 I Telecom : TelecomWakeLock: WakeLock already released with id: 32: CSW.rC@AWg
11-11 13:43:46.221  6491  6536 V Avrcp   : Active sessions changed, 0 sessions
11-11 13:43:46.221  6491  6536 D Avrcp   : Exit onActiveSessionsChanged()
11-11 13:43:46.226  5699  6728 E ContentValues: Cannot parse Integer value for 89543420816751226808 at key subscription_id
11-11 13:43:46.238  3614  5180 D BluetoothHeadset: stopVoiceRecognition()
11-11 13:43:46.251  3614  5178 I Telecom : CallAudioRouteStateMachine: Message received: SWITCH_FOCUS=4001, arg1=2: CSW.sDc->CAMSM.pM_1001->CARSM.pM_SWITCH_FOCUS@AWQ_3_2
11-11 13:43:46.274  6611  6611 D AccelerometerListener: enable(false)
11-11 13:43:46.279  6611  6611 I InCall  : ProximitySensor - ProximitySensor{keybrd=0, dpad=0, offhook=0, hor=0, ui=1, aud=BLUETOOTH}
11-11 13:43:46.279  6611  6611 I InCall  : ProximitySensor - Proximity wake lock already released
11-11 13:43:46.286  6491  6525 D bt_btif : bta_ag_sco_disc_cback(): sco_idx: 0x0  p_cur_scb: 0xd9a54680  sco.state: 6
11-11 13:43:46.286  6491  6525 D bt_btif : bta_ag_hdl_event: p_scb 0xd9a54680 
11-11 13:43:46.286  6491  6525 D bt_btif : AG evt (hdl 0x0001): State 2, Event 0x050d
11-11 13:43:46.286  6491  6525 D bt_btif : BTA ag sco evt (hdl 0xffff): State 6, Event 6
11-11 13:43:46.286  6491  6525 D bt_btif : ag create sco: orig 0, inx 0x0000, status 0x1, pkt types 0x038f
11-11 13:43:46.286  6491  6525 D bt_btif : BTA AG SCO State Change: [6] -> [1] after Event [6]
11-11 13:43:46.286  6491  6514 D bt_btif : btif_hf_upstreams_evt: event=BTA_AG_AUDIO_CLOSE_EVT
11-11 13:43:46.289  6491  6532 E HeadsetStateMachine: terminateScoUsingVirtualVoiceCall:No present call to terminate
11-11 13:43:46.293  6611  6611 I InCall  : CallList - onUpdate - [Call_1, DISCONNECTED, [Capabilities: CAPABILITY_SUPPORT_HOLD CAPABILITY_MUTE CAPABILITY_CANNOT_DOWNGRADE_VIDEO_TO_AUDIO], [Properties:], children:[], parent:null, conferenceable:[], videoState:Audio Only, mSessionModificationState:0, VideoSettings:(CameraDir:-1), mIsActivSub:false]
11-11 13:43:46.293  6611  6611 I InCall  : InCallPresenter - Phone switching state: INCALL -> INCALL
11-11 13:43:46.294  3614  6757 W AudioTrack: dead IAudioTrack, PCM, creating a new one from processAudioBuffer()
11-11 13:43:46.295  3614  3614 I Telecom : : mReceiver: HEADSET_AUDIO_STATE_CHANGED_ACTION: BM.oR@AXA
11-11 13:43:46.298  3614  3614 I Telecom : : ==> new state: 10: BM.oR@AXA
11-11 13:43:46.298  3614  3614 D BluetoothHeadset: getConnectedDevices()
11-11 13:43:46.305  3614  3614 D BluetoothHeadset: isAudioConnected()
11-11 13:43:46.313  3614  3614 D BluetoothHeadset: getConnectedDevices()
11-11 13:43:46.317  3614  3614 D BluetoothHeadset: getConnectionState(00:22:A6:66:6B:99)
11-11 13:43:46.322  3614  5178 I Telecom : CallAudioRouteStateMachine: Message received: BT_AUDIO_DISCONNECT=1006, arg1=0: BM.oR->CARSM.pM_BT_AUDIO_DISCONNECT@AXA_0
11-11 13:43:46.323  3614  5178 I Telecom : CallAudioRouteStateMachine: Message received: SWITCH_BASELINE_ROUTE=1005, arg1=0: BM.oR->CARSM.pM_BT_AUDIO_DISCONNECT->CARSM.pM_SWITCH_BASELINE_ROUTE@AXA_0_0
11-11 13:43:46.329  3614  5178 I Telecom : CallAudioRouteStateMachine: Message received: SWITCH_EARPIECE=1001, arg1=0: BM.oR->CARSM.pM_BT_AUDIO_DISCONNECT->CARSM.pM_SWITCH_BASELINE_ROUTE->CARSM.pM_SWITCH_EARPIECE@AXA_0_0_0
11-11 13:43:46.329  3614  5178 I Telecom : Telecom: Non-call EVENT: AUDIO_ROUTE, Leaving state ActiveBluetoothRoute: BM.oR->CARSM.pM_BT_AUDIO_DISCONNECT->CARSM.pM_SWITCH_BASELINE_ROUTE->CARSM.pM_SWITCH_EARPIECE@AXA_0_0_0
11-11 13:43:46.329  3614  5178 I Telecom : Telecom: Non-call EVENT: AUDIO_ROUTE, Entering state ActiveEarpieceRoute: BM.oR->CARSM.pM_BT_AUDIO_DISCONNECT->CARSM.pM_SWITCH_BASELINE_ROUTE->CARSM.pM_SWITCH_EARPIECE@AXA_0_0_0
11-11 13:43:46.330  3614  5178 D BluetoothHeadset: getConnectedDevices()
11-11 13:43:46.334  3614  5178 D BluetoothHeadset: getConnectionState(00:22:A6:66:6B:99)
11-11 13:43:46.337  3614  5178 D BluetoothHeadset: getConnectedDevices()
11-11 13:43:46.339  3614  5178 D BluetoothHeadset: isAudioConnected()
11-11 13:43:46.349  3614  5178 I Telecom : CallAudioRouteStateMachine: setNotificationsSuppressed: on=yes; suppressed=no: BM.oR->CARSM.pM_BT_AUDIO_DISCONNECT->CARSM.pM_SWITCH_BASELINE_ROUTE->CARSM.pM_SWITCH_EARPIECE@AXA_0_0_0
11-11 13:43:46.352  3614  5178 D ZenLog  : config: setInterruptionFilter,ZenModeConfig[user=0,allowCalls=true,allowRepeatCallers=false,allowMessages=false,allowCallsFrom=contacts,allowMessagesFrom=contacts,allowReminders=true,allowEvents=true,allowWhenScreenOff=true,allowWhenScreenOn=true,automaticRules={ffb62ba58d4e4a51957aa3b801cfdc0d=ZenRule[enabled=false,snoozing=false,name=Weeknight,zenMode=ZEN_MODE_ALARMS,conditionId=condition://android/schedule?days=1.2.3.4.5&start=22.0&end=7.0&exitAtAlarm=false,condition=Condition[id=condition://android/schedule?days=1.2.3.4.5&start=22.0&end=7.0&exitAtAlarm=false,summary=...,line1=...,line2=...,icon=0,state=STATE_FALSE,flags=2],component=ComponentInfo{android/com.android.server.notification.ScheduleConditionProvider},id=ffb62ba58d4e4a51957aa3b801cfdc0d,creationTime=1510418331774,enabler=null], f01002f02e2d42779707adc1249e6d56=ZenRule[enabled=false,snoozing=false,name=Event,zenMode=ZEN_MODE_ALARMS,conditionId=condition://android/event?userId=-10000&calendar=&reply=1,condition=Condition[id=condition://android/event?userId=-10000&calendar=&reply=1,summary=...,line1=...,line2=...,icon=0,state=STATE_FALSE,flags=2],component=ComponentInfo{android/com.android.server.notification.EventConditionProvider},id=f01002f02e2d42779707adc1249e6d56,creationTime=1510418331774,enabler=null], 32d9e42fae644db1a9ce1c921cb10902=ZenRule[enabled=false,snoozing=false,name=Weekend,zenMode=ZEN_MODE_ALARMS,conditionId=condition://android/schedule?days=6.7&start=23.30&end=10.0&exitAtAlarm=false,condition=Condition[id=condition://android/schedule?days=6.7&start=23.30&end=10.0&exitAtAlarm=false,summary=...,line1=...,line2=...,icon=0,state=STATE_FALSE,flags=2],component=ComponentInfo{android/com.android.server.notification.ScheduleConditionProvider},id=32d9e42fae644db1a9ce1c921cb10902,creationTime=1510418331774,enabler=null]},manualRule=ZenRule[enabled=true,snoozing=false,name=null,zenMode=ZEN_MODE_ALARMS,conditionId=null,condition=null,component=null,id=null,creationTime=0,enabler=com.android.server.telecom]],Diff[manualRule:insert]
11-11 13:43:46.352  3614  5178 I Telecom : CallAudioRouteStateMachine: setSystemAudioState: changing from [AudioState isMuted: false, route: BLUETOOTH, supportedRouteMask: EARPIECE, BLUETOOTH, SPEAKER] to [AudioState isMuted: false, route: EARPIECE, supportedRouteMask: EARPIECE, BLUETOOTH, SPEAKER]: BM.oR->CARSM.pM_BT_AUDIO_DISCONNECT->CARSM.pM_SWITCH_BASELINE_ROUTE->CARSM.pM_SWITCH_EARPIECE@AXA_0_0_0
11-11 13:43:46.353  3614  5178 I Telecom : Telecom: Non-call EVENT: AUDIO_ROUTE_EARPIECE, null: BM.oR->CARSM.pM_BT_AUDIO_DISCONNECT->CARSM.pM_SWITCH_BASELINE_ROUTE->CARSM.pM_SWITCH_EARPIECE@AXA_0_0_0
11-11 13:43:46.353  3614  5178 I Telecom : InCallController: Calling onAudioStateChanged, audioState: [AudioState isMuted: false, route: BLUETOOTH, supportedRouteMask: EARPIECE, BLUETOOTH, SPEAKER] -> [AudioState isMuted: false, route: EARPIECE, supportedRouteMask: EARPIECE, BLUETOOTH, SPEAKER]: BM.oR->CARSM.pM_BT_AUDIO_DISCONNECT->CARSM.pM_SWITCH_BASELINE_ROUTE->CARSM.pM_SWITCH_EARPIECE@AXA_0_0_0
11-11 13:43:46.377  6611  6611 I InCall  : InCallLowBatteryListener - onDetailsChanged call = [Call_1, DISCONNECTED, [Capabilities: CAPABILITY_SUPPORT_HOLD CAPABILITY_MUTE CAPABILITY_CANNOT_DOWNGRADE_VIDEO_TO_AUDIO], [Properties:], children:[], parent:null, conferenceable:[], videoState:Audio Only, mSessionModificationState:0, VideoSettings:(CameraDir:-1), mIsActivSub:false] details = [pa: ComponentInfo{com.android.phone/com.android.services.telephony.TelephonyConnectionService}, [2628372b20c6b31a61c46f7f5a9328dbf0edaed6], UserHandle{0}, hdl: tel:****, caps: [Capabilities: CAPABILITY_SUPPORT_HOLD CAPABILITY_MUTE CAPABILITY_CANNOT_DOWNGRADE_VIDEO_TO_AUDIO], props: [Properties:]]
11-11 13:43:46.377  6611  6611 I InCall  : InCallLowBatteryListener - onDetailsChanged: no primary call.Clear the map/dismiss low battery alert
11-11 13:43:46.377  3614  3614 D ZenLog  : set_zen_mode: alarms,setInterruptionFilter
11-11 13:43:46.378  6611  6611 W InCall  : CallList - Removing call not previously disconnected Call_1
11-11 13:43:46.384  3614  3614 D ZenLog  : set_ringer_mode_internal: ZenModeHelper,i:normal->silent,e:normal->silent
11-11 13:43:46.387  4774  4863 I vol.Events: writeEvent internal_ringer_mode_changed silent
11-11 13:43:46.387  4774  4863 I vol.Events: writeEvent mute_changed STREAM_RING true
11-11 13:43:46.388  4774  4863 I vol.Events: writeEvent mute_changed STREAM_SYSTEM true
11-11 13:43:46.388  4774  4863 I vol.Events: writeEvent external_ringer_mode_changed silent
11-11 13:43:46.404  4774  4863 I vol.Events: writeEvent zen_mode_changed alarms
11-11 13:43:46.406  6611  6611 I InCall  : ProximitySensor - ProximitySensor{keybrd=0, dpad=0, offhook=0, hor=0, ui=1, aud=EARPIECE}
11-11 13:43:46.406  6611  6611 I InCall  : ProximitySensor - Proximity wake lock already released
11-11 13:43:46.419  3614  3614 I Telecom : : interruptionFilterChanged - ignoring own change: CARSM.oR@AX8
11-11 13:43:46.631  3614  6757 D AudioTrack: Client defaulted notificationFrames to 480 for frameCount 1924
11-11 13:43:46.649  3171  3307 I chatty  : uid=1041(audioserver) AudioOut_15 expire 25 lines
11-11 13:43:46.658  3171  3305 I chatty  : uid=1041(audioserver) FastMixer expire 799 lines
11-11 13:43:46.743  3614  5180 I Telecom : CallAudioModeStateMachine: Message received: TONE_STOPPED_PLAYING.: CSW.sDc->ICTP.r->ICTP.cUTP->CAMSM.pM_3002@AWQ_2_0_0
11-11 13:43:46.744  3614  5180 I Telecom : CallAudioModeStateMachine: Abandoning audio focus: now UNFOCUSED: CSW.sDc->ICTP.r->ICTP.cUTP->CAMSM.pM_3002@AWQ_2_0_0
11-11 13:43:46.744  3614  5180 I MediaFocusControl:  AudioFocus  abandonAudioFocus() from uid/pid 1000/3614 clientId=AudioFocus_For_Phone_Ring_And_Calls
11-11 13:43:46.854  4774  4863 I vol.Events: writeEvent level_changed STREAM_SYSTEM 7
11-11 13:43:46.864  3614  5178 I Telecom : CallAudioRouteStateMachine: Message received: SWITCH_FOCUS=4001, arg1=1: CSW.sDc->ICTP.r->ICTP.cUTP->CAMSM.pM_3002->CARSM.pM_SWITCH_FOCUS@AWQ_2_0_0_2
11-11 13:43:46.864  3614  5178 D BluetoothHeadset: getConnectedDevices()
11-11 13:43:46.867  3614  5178 D BluetoothHeadset: getConnectionState(00:22:A6:66:6B:99)
11-11 13:43:46.868  4774  4863 I vol.Events: writeEvent level_changed STREAM_RING 7
11-11 13:43:46.870  3614  5178 I Telecom : Telecom: Non-call EVENT: UNMUTE, null: CSW.sDc->ICTP.r->ICTP.cUTP->CAMSM.pM_3002->CARSM.pM_SWITCH_FOCUS@AWQ_2_0_0_2
11-11 13:43:46.870  3614  5178 I Telecom : Telecom: Non-call EVENT: AUDIO_ROUTE, Leaving state ActiveEarpieceRoute: CSW.sDc->ICTP.r->ICTP.cUTP->CAMSM.pM_3002->CARSM.pM_SWITCH_FOCUS@AWQ_2_0_0_2
11-11 13:43:46.870  3614  5178 I Telecom : CallAudioRouteStateMachine: setNotificationsSuppressed: on=no; suppressed=yes: CSW.sDc->ICTP.r->ICTP.cUTP->CAMSM.pM_3002->CARSM.pM_SWITCH_FOCUS@AWQ_2_0_0_2
11-11 13:43:46.872  3614  5178 D ZenLog  : config: setInterruptionFilter,ZenModeConfig[user=0,allowCalls=true,allowRepeatCallers=false,allowMessages=false,allowCallsFrom=contacts,allowMessagesFrom=contacts,allowReminders=true,allowEvents=true,allowWhenScreenOff=true,allowWhenScreenOn=true,automaticRules={ffb62ba58d4e4a51957aa3b801cfdc0d=ZenRule[enabled=false,snoozing=false,name=Weeknight,zenMode=ZEN_MODE_ALARMS,conditionId=condition://android/schedule?days=1.2.3.4.5&start=22.0&end=7.0&exitAtAlarm=false,condition=Condition[id=condition://android/schedule?days=1.2.3.4.5&start=22.0&end=7.0&exitAtAlarm=false,summary=...,line1=...,line2=...,icon=0,state=STATE_FALSE,flags=2],component=ComponentInfo{android/com.android.server.notification.ScheduleConditionProvider},id=ffb62ba58d4e4a51957aa3b801cfdc0d,creationTime=1510418331774,enabler=null], f01002f02e2d42779707adc1249e6d56=ZenRule[enabled=false,snoozing=false,name=Event,zenMode=ZEN_MODE_ALARMS,conditionId=condition://android/event?userId=-10000&calendar=&reply=1,condition=Condition[id=condition://android/event?userId=-10000&calendar=&reply=1,summary=...,line1=...,line2=...,icon=0,state=STATE_FALSE,flags=2],component=ComponentInfo{android/com.android.server.notification.EventConditionProvider},id=f01002f02e2d42779707adc1249e6d56,creationTime=1510418331774,enabler=null], 32d9e42fae644db1a9ce1c921cb10902=ZenRule[enabled=false,snoozing=false,name=Weekend,zenMode=ZEN_MODE_ALARMS,conditionId=condition://android/schedule?days=6.7&start=23.30&end=10.0&exitAtAlarm=false,condition=Condition[id=condition://android/schedule?days=6.7&start=23.30&end=10.0&exitAtAlarm=false,summary=...,line1=...,line2=...,icon=0,state=STATE_FALSE,flags=2],component=ComponentInfo{android/com.android.server.notification.ScheduleConditionProvider},id=32d9e42fae644db1a9ce1c921cb10902,creationTime=1510418331774,enabler=null]},manualRule=null],Diff[manualRule:delete]
11-11 13:43:46.880  3614  5178 I Telecom : Telecom: Non-call EVENT: AUDIO_ROUTE, Entering state QuiescentBluetoothRoute: CSW.sDc->ICTP.r->ICTP.cUTP->CAMSM.pM_3002->CARSM.pM_SWITCH_FOCUS@AWQ_2_0_0_2
11-11 13:43:46.891  3614  3614 D ZenLog  : set_zen_mode: off,setInterruptionFilter
11-11 13:43:46.900  4774  4863 I vol.Events: writeEvent mute_changed STREAM_RING false
11-11 13:43:46.903  4774  4863 I vol.Events: writeEvent mute_changed STREAM_SYSTEM false
11-11 13:43:46.903  3614  3614 D ZenLog  : set_ringer_mode_internal: ZenModeHelper,i:silent->normal,e:silent->normal
11-11 13:43:46.903  4774  4863 I vol.Events: writeEvent internal_ringer_mode_changed normal
11-11 13:43:46.905  4774  4863 I vol.Events: writeEvent external_ringer_mode_changed normal
11-11 13:43:46.918  4774  4863 I vol.Events: writeEvent zen_mode_changed off
11-11 13:43:47.108  5439  5674 I chatty  : uid=10009(com.android.providers.media) MediaScannerSer expire 537 lines
11-11 13:43:48.211  6611  6611 I InCall  : InCallPresenter - Hide in call UI: true
11-11 13:43:48.216  6611  6611 I InCall  : InCallActivity - finish().  Dialog showing: false
11-11 13:43:48.216  3614  3614 I Telecom : EmergencyInCallServiceConnection: Disconnect forced!: CSW.rC->ICC.oCR@AWg_0
11-11 13:43:48.223  6611  6611 I InCall  : InCallPresenter - attemptCleanup? false
11-11 13:43:48.223  6611  6611 I InCall  : InCallPresenter - Phone switching state: INCALL -> NO_CALLS
11-11 13:43:48.234  6611  6611 I InCall  : InCallPresenter - setBoundAndWaitingForOutgoingCall: false
11-11 13:43:48.234  6611  6611 I InCall  : InCallPresenter - Phone switching state: NO_CALLS -> NO_CALLS
11-11 13:43:48.241  6611  6611 I InCall  : InCallPresenter - attemptCleanup? false
11-11 13:43:48.251  6611  6611 I InCall  : ProximitySensor - ProximitySensor{keybrd=0, dpad=0, offhook=0, hor=0, ui=0, aud=EARPIECE}
11-11 13:43:48.251  6611  6611 I InCall  : ProximitySensor - Proximity wake lock already released
11-11 13:43:48.254  6611  6611 I InCall  : InCallPresenter - UI Destroyed
11-11 13:43:48.254  6611  6611 I InCall  : InCallPresenter - Phone switching state: NO_CALLS -> NO_CALLS
11-11 13:43:48.262  6611  6611 I InCall  : InCallPresenter - attemptCleanup? true
11-11 13:43:48.262  6611  6611 D AccelerometerListener: enable(false)
11-11 13:43:48.263  6611  6611 I InCall  : ProximitySensor - Proximity wake lock already released
11-11 13:43:48.529  6611  6611 D DialpadFragment: Displaying normal Dialer UI.
11-11 13:43:48.536  6611  6611 D DialpadFragment: Displaying normal Dialer UI.
11-11 13:43:48.653  6611  6611 I InCall  : InCallPresenter - No InCallActivity currently set, no need to unset.
11-11 13:43:48.653  6611  6611 I art     : Starting a blocking GC Explicit
11-11 13:43:48.695  6611  6611 I art     : Explicit concurrent mark sweep GC freed 46383(2MB) AllocSpace objects, 24(1552KB) LOS objects, 38% free, 25MB/41MB, paused 381us total 42.092ms
11-11 13:43:48.704  6611  6611 I art     : Starting a blocking GC Explicit
11-11 13:43:48.734  6611  6611 I art     : Explicit concurrent mark sweep GC freed 8684(492KB) AllocSpace objects, 2(120KB) LOS objects, 39% free, 24MB/40MB, paused 132us total 29.505ms
11-11 13:43:50.279  6611  6611 D DialpadFragment: showDialConference false
11-11 13:43:50.280  3614  4684 W AudioTrack: dead IAudioTrack, PCM, creating a new one from start()
11-11 13:43:50.615  6491  6532 D bt_btif : BTHF: device_status_notification
11-11 13:43:50.616  6491  6525 D bt_btif : AG evt (hdl 0x0001): State 2, Event 0x0506
11-11 13:43:50.616  6491  6525 D bt_btif : bta_ag_hfp_result : res = 5
11-11 13:43:50.616  6491  6525 D bt_btif : AG evt (hdl 0x0001): State 2, Event 0x0506
11-11 13:43:50.616  6491  6525 D bt_btif : bta_ag_hfp_result : res = 5
11-11 13:43:50.616  6491  6525 D bt_btif : AG evt (hdl 0x0001): State 2, Event 0x0506
11-11 13:43:50.616  6491  6525 D bt_btif : bta_ag_hfp_result : res = 5
11-11 13:43:50.616  6491  6525 D bt_btif : AG evt (hdl 0x0001): State 2, Event 0x0506
11-11 13:43:50.616  6491  6525 D bt_btif : bta_ag_hfp_result : res = 5
11-11 13:43:50.698  6611  6633 W OpenGLRenderer: Incorrectly called buildLayer on View: AppCompatImageButton, destroying layer...
11-11 13:43:50.712  6611  6633 W OpenGLRenderer: Incorrectly called buildLayer on View: LinearLayout, destroying layer...
11-11 13:43:50.751  6611  6611 W IInputConnectionWrapper: finishComposingText on inactive InputConnection
11-11 13:43:51.115  6611  6633 W OpenGLRenderer: Incorrectly called buildLayer on View: AppCompatImageButton, destroying layer...
11-11 13:43:51.526  6611  6611 W AudioTrack: dead IAudioTrack, PCM, creating a new one from start()
11-11 13:43:51.528  6611  6611 D AudioTrack: Client defaulted notificationFrames to 480 for frameCount 960
11-11 13:43:55.637  3171  3307 I chatty  : uid=1041(audioserver) AudioOut_15 expire 7 lines
11-11 13:43:55.648  3171  3305 I chatty  : uid=1041(audioserver) FastMixer expire 143 lines
11-11 13:43:56.351  3614  3671 D AlarmManagerService: Kernel timezone updated to 180 minutes west of GMT
11-11 13:43:56.353  6491  6532 D bt_btif : BTHF: device_status_notification
11-11 13:43:56.353  6491  6525 D bt_btif : AG evt (hdl 0x0001): State 2, Event 0x0506
11-11 13:43:56.353  6491  6525 D bt_btif : bta_ag_hfp_result : res = 5
11-11 13:43:56.353  6491  6525 D bt_btif : AG evt (hdl 0x0001): State 2, Event 0x0506
11-11 13:43:56.353  6491  6525 D bt_btif : bta_ag_hfp_result : res = 5
11-11 13:43:56.353  6491  6525 D bt_btif : AG evt (hdl 0x0001): State 2, Event 0x0506
11-11 13:43:56.353  6491  6525 D bt_btif : bta_ag_hfp_result : res = 5
11-11 13:43:56.353  6491  6525 D bt_btif : AG evt (hdl 0x0001): State 2, Event 0x0506
11-11 13:43:56.353  6491  6525 D bt_btif : bta_ag_hfp_result : res = 5
11-11 13:43:56.357  6062  6062 D CellBroadcastReceiver: onReceive Intent { act=android.intent.action.SERVICE_STATE flg=0x10 cmp=com.android.cellbroadcastreceiver/.CellBroadcastReceiver (has extras) }
11-11 13:43:56.357  6062  6062 D CellBroadcastReceiver: Intent: android.intent.action.SERVICE_STATE
11-11 13:43:56.366  3614  4677 W ConnectivityExtension: ConnectivityExt jar file not present
11-11 13:43:56.425  3614  3614 I Telecom : CallIntentProcessor: onReceive - isUnknownCall: false: PCR.oR@AZ8
11-11 13:43:56.425  3614  3614 I Telecom : Class:  processOutgoingCallIntent isCallPull = false: PCR.oR@AZ8
11-11 13:43:56.425  3614  3614 I Telecom : Class:  processOutgoingCallIntent handle = tel:*111,scheme = tel, uriString = *111, isSkipSchemaParsing = false, isAddParticipant = false: PCR.oR@AZ8
11-11 13:43:56.427  3614  3614 I Telecom : Event: Call TC@3: CREATED, null: PCR.oR@AZ8
11-11 13:43:56.428  3614  3614 I Telecom : Event: Call TC@3: SET_CONNECTING, ComponentInfo{com.android.phone/com.android.services.telephony.TelephonyConnectionService}, [2628372b20c6b31a61c46f7f5a9328dbf0edaed6], UserHandle{0}: PCR.oR@AZ8
11-11 13:43:56.428  3614  3614 I Telecom : InCallController: onCanAddCallChanged : false: PCR.oR@AZ8
11-11 13:43:56.429  3614  3614 I Telecom : InCallController: defaultDialer: null: PCR.oR@AZ8
11-11 13:43:56.430  3614  3614 I Telecom : InCallController: defaultDialer: null: PCR.oR@AZ8
11-11 13:43:56.430  3614  3614 I Telecom : CarSwappingInCallServiceConnection: carmodechange: false => false: PCR.oR@AZ8
11-11 13:43:56.430  3614  3614 I Telecom : EmergencyInCallServiceConnection: Attempting to bind to InCall [ComponentInfo{com.android.dialer/com.android.incallui.InCallServiceImpl} supportsExternal? true], with Intent { act=android.telecom.InCallService cmp=com.android.dialer/com.android.incallui.InCallServiceImpl (has extras) }: PCR.oR@AZ8
11-11 13:43:56.432  3614  5178 I Telecom : CallAudioRouteStateMachine: Message received: UPDATE_SYSTEM_AUDIO_ROUTE=1201, arg1=0: PCR.oR->CARSM.pM_UPDATE_SYSTEM_AUDIO_ROUTE@AZ8_2
11-11 13:43:56.432  3614  3614 I Telecom : TelecomWakeLock: WakeLock already released with id: 26: PCR.oR@AZ8
11-11 13:43:56.432  3614  5180 I Telecom : CallAudioModeStateMachine: Message received: NEW_ACTIVE_OR_DIALING_CALL.: PCR.oR->CAMSM.pM_2001@AZ8_3
11-11 13:43:56.432  3614  3614 I Telecom : InCallWakeLockController: Releasing full wake lock: PCR.oR@AZ8
11-11 13:43:56.432  3614  5180 I Telecom : CallAudioModeStateMachine: Audio focus entering SIM CALL state: PCR.oR->CAMSM.pM_2001@AZ8_3
11-11 13:43:56.432  3614  5180 I MediaFocusControl:  AudioFocus  requestAudioFocus() from uid/pid 1000/3614 clientId=AudioFocus_For_Phone_Ring_And_Calls req=2 flags=0x4
11-11 13:43:56.433  3614  3614 I Telecom : BluetoothPhoneService: updateHeadsetWithCallState numActive 0, numHeld 0, callState 2, ringing number [da39a3ee5e6b4b0d3255bfef95601890afd80709], ringing type 128: PCR.oR@AZ8
11-11 13:43:56.433  3171  3171 I chatty  : uid=1041(audioserver) /system/bin/audioserver expire 16 lines
11-11 13:43:56.434  6491  6532 E HeadsetStateMachine: terminateScoUsingVirtualVoiceCall:No present call to terminate
11-11 13:43:56.434  3614  3614 I Telecom : BluetoothPhoneService: updateHeadsetWithCallState numActive 0, numHeld 0, callState 3, ringing number [da39a3ee5e6b4b0d3255bfef95601890afd80709], ringing type 128: PCR.oR@AZ8
11-11 13:43:56.434  6491  6532 D bt_btif : phone_state_change: idx = 0
11-11 13:43:56.434  6491  6532 D bt_btif : phone_state_change: num_active=0 [prev: 0]  num_held=0[prev: 0] call_setup=BTHF_CALL_STATE_DIALING [prev: BTHF_CALL_STATE_IDLE]
11-11 13:43:56.434  6491  6532 D bt_btif : phone_state_change: Call setup states changed. old: BTHF_CALL_STATE_IDLE new: BTHF_CALL_STATE_DIALING
11-11 13:43:56.434  6491  6532 D bt_btif : phone_state_change: Call setup state changed. res=14, audio_handle=1
11-11 13:43:56.434  6491  6525 D bt_btif : AG evt (hdl 0x0001): State 2, Event 0x0506
11-11 13:43:56.434  6491  6525 D bt_btif : bta_ag_hfp_result : res = 14
11-11 13:43:56.434  6491  6525 D bt_btif : BTA ag sco evt (hdl 0x0000): State 1, Event 1
11-11 13:43:56.434  6491  6525 D bt_btif : ag remove sco: inx 0x0000, status:0x0
11-11 13:43:56.435  6491  6525 I bt_hci_audio: set_audio_state handle:1 codec:0x1 state:3
11-11 13:43:56.435  6491  6525 D bt_btif : ag create sco: orig 1, inx 0x0000, status 0x1, pkt types 0x038f
11-11 13:43:56.435  6491  6525 D bt_btif : BTA AG SCO State Change: [1] -> [2] after Event [1]
11-11 13:43:56.435  6491  6519 I bt_hwcfg: SCO I2S interface change the sample rate to 8K
11-11 13:43:56.435  6491  6519 I bt_vendor: sco_audiostate_cb(status: 1)
11-11 13:43:56.435  6491  6532 E HeadsetStateMachine: terminateScoUsingVirtualVoiceCall:No present call to terminate
11-11 13:43:56.435  6491  6532 D bt_btif : phone_state_change: idx = 0
11-11 13:43:56.435  6491  6532 D bt_btif : phone_state_change: num_active=0 [prev: 0]  num_held=0[prev: 0] call_setup=BTHF_CALL_STATE_ALERTING [prev: BTHF_CALL_STATE_DIALING]
11-11 13:43:56.435  6491  6532 D bt_btif : phone_state_change: Call setup states changed. old: BTHF_CALL_STATE_DIALING new: BTHF_CALL_STATE_ALERTING
11-11 13:43:56.436  6491  6532 D bt_btif : phone_state_change: Call setup state changed. res=15, audio_handle=0
11-11 13:43:56.436  6491  6525 D bt_btif : AG evt (hdl 0x0001): State 2, Event 0x0506
11-11 13:43:56.436  6491  6525 D bt_btif : bta_ag_hfp_result : res = 15
11-11 13:43:56.437  3614  3614 I Telecom : NewOutgoingCallIntentBroadcaster: Sending NewOutgoingCallBroadcast for [TC@3, CONNECTING, null, tel:****, A, childs(0), has_parent(false), [Capabilities:], [Properties:]] to UserHandle{0}: PCR.oR@AZ8
11-11 13:43:56.438  3614  5178 I Telecom : CallAudioRouteStateMachine: setSystemAudioState: changing from [AudioState isMuted: false, route: BLUETOOTH, supportedRouteMask: EARPIECE, BLUETOOTH, SPEAKER] to [AudioState isMuted: false, route: BLUETOOTH, supportedRouteMask: EARPIECE, BLUETOOTH, SPEAKER]: PCR.oR->CARSM.pM_UPDATE_SYSTEM_AUDIO_ROUTE@AZ8_2
11-11 13:43:56.438  3614  5178 I Telecom : InCallController: Calling onAudioStateChanged, audioState: [AudioState isMuted: false, route: BLUETOOTH, supportedRouteMask: EARPIECE, BLUETOOTH, SPEAKER] -> [AudioState isMuted: false, route: BLUETOOTH, supportedRouteMask: EARPIECE, BLUETOOTH, SPEAKER]: PCR.oR->CARSM.pM_UPDATE_SYSTEM_AUDIO_ROUTE@AZ8_2
11-11 13:43:56.439  3614  3614 I Telecom : TelecomSystem: CallerInfoAsyncQuery.startQuery number=[48a4d86236decb4f577b6a6c5a07cf38f29fc499] cookie=PCR.oR->CILH.sL@AZ8_0_0: PCR.oR->CILH.sL@AZ8_0
11-11 13:43:56.447  3614  3614 V GpsNetInitiatedHandler: ACTION_NEW_OUTGOING_CALL - false
11-11 13:43:56.448  6491  6536 V Avrcp   : Active sessions changed, 1 sessions
11-11 13:43:56.448  6491  6536 V Avrcp   : Updating media controller to android.media.session.MediaController@97bc390
11-11 13:43:56.449  6491  6536 V Avrcp   : Metadata updated but no change!
11-11 13:43:56.450  6491  6536 V Avrcp   : updatePlayPauseState, state: null device: null
11-11 13:43:56.450  6491  6536 V Avrcp   : Device: no name: 
11-11 13:43:56.450  6491  6536 I Avrcp   : updatePlayStatusForDevice: device: null
11-11 13:43:56.450  6491  6536 V Avrcp   : Focus gained for player: com.android.server.telecom
11-11 13:43:56.450  6491  6536 D Avrcp   : Exit updateCurrentMediaController()
11-11 13:43:56.450  6491  6536 D Avrcp   : Exit onActiveSessionsChanged()
11-11 13:43:56.450  6491  6536 V Avrcp   : MSG_UPDATE_RCC_CHANGE
11-11 13:43:56.450  6491  6536 V Avrcp   : processRCCStateChange: com.android.server.telecom
11-11 13:43:56.450  6491  6536 V Avrcp   : updateAddressedMediaPlayer
11-11 13:43:56.450  6491  6536 V Avrcp   : current Player: 0
11-11 13:43:56.450  6491  6536 V Avrcp   : Requested Player: 0
11-11 13:43:56.451  6611  6611 E SpannableStringBuilder: SPAN_EXCLUSIVE_EXCLUSIVE spans cannot have a zero length
11-11 13:43:56.468  6611  6633 W OpenGLRenderer: Incorrectly called buildLayer on View: LinearLayout, destroying layer...
11-11 13:43:56.468  6611  6633 W OpenGLRenderer: Incorrectly called buildLayer on View: AppCompatImageButton, destroying layer...
11-11 13:43:56.468  3614  3614 I Telecom : CallerInfoLookupHelper: CI query for handle tel:**** has completed; notifying all listeners.: PCR.oR->CILH.sL->CILH.oQC@AZ8_0_0
11-11 13:43:56.468  3614  3614 I Telecom : Call: CallerInfo received for tel:****: com.android.internal.telephony.CallerInfo@f80d6dc { name null, phoneNumber non-null }: PCR.oR->CILH.sL->CILH.oQC@AZ8_0_0
11-11 13:43:56.468  3614  3614 I Telecom : CallerInfoLookupHelper: There is no photo for this contact, skipping photo query: PCR.oR->CILH.sL->CILH.oQC@AZ8_0_0
11-11 13:43:56.469  6611  6611 I InCall  : ProximitySensor - ProximitySensor{keybrd=0, dpad=0, offhook=0, hor=0, ui=0, aud=EARPIECE}
11-11 13:43:56.470  6611  6611 I InCall  : ProximitySensor - Proximity wake lock already released
11-11 13:43:56.470  6611  6611 I InCall  : InCallPresenter - Phone switching state: NO_CALLS -> NO_CALLS
11-11 13:43:56.475  6611  6611 I InCall  : InCallPresenter - setBoundAndWaitingForOutgoingCall: true
11-11 13:43:56.476  3614  4813 I ActivityManager: START u0 {act=android.intent.action.MAIN flg=0x10040000 cmp=com.android.dialer/com.android.incallui.InCallActivity (has extras)} from uid 10018 on display 0
11-11 13:43:56.481  3614  3614 I Telecom : InCallController: onConnected to ComponentInfo{com.android.dialer/com.android.incallui.InCallServiceImpl}: ICSBC.oSC@AaI
11-11 13:43:56.482  3614  3614 I Telecom : InCallController: Adding 1 calls to InCallService after onConnected: ComponentInfo{com.android.dialer/com.android.incallui.InCallServiceImpl}, including external calls: ICSBC.oSC@AaI
11-11 13:43:56.482  3614  3614 I Telecom : InCallController: 1 calls sent to InCallService.: ICSBC.oSC@AaI
11-11 13:43:56.483  3614  3614 I Telecom : NewOutgoingCallBroadcastIntentReceiver: Received new-outgoing-call-broadcast for [TC@3, CONNECTING, null, tel:****, A, childs(0), has_parent(false), [Capabilities:], [Properties:]] with data [48a4d86236decb4f577b6a6c5a07cf38f29fc499]: NOCBIR.oR@AaM
11-11 13:43:56.486  3614  3614 I Telecom : CallsManager: Creating a new outgoing call with handle: tel:****: NOCBIR.oR@AaM
11-11 13:43:56.491  3614  3614 I Telecom : PhoneAccountRegistrar: SimCallManager queried, returning: null: NOCBIR.oR@AaM
11-11 13:43:56.492  3614  3614 I Telecom : CreateConnectionProcessor: Trying attempt CallAttemptRecord(ComponentInfo{com.android.phone/com.android.services.telephony.TelephonyConnectionService}, [2628372b20c6b31a61c46f7f5a9328dbf0edaed6], UserHandle{0},ComponentInfo{com.android.phone/com.android.services.telephony.TelephonyConnectionService}, [2628372b20c6b31a61c46f7f5a9328dbf0edaed6], UserHandle{0}): NOCBIR.oR@AaM
11-11 13:43:56.492  3614  3614 I Telecom : Event: Call TC@3: BIND_CS, ComponentInfo{com.android.phone/com.android.services.telephony.TelephonyConnectionService}: NOCBIR.oR@AaM
11-11 13:43:56.498  3614  3614 I Telecom : ServiceBinderConnection: Service bound ComponentInfo{com.android.phone/com.android.services.telephony.TelephonyConnectionService}: SBC.oSC@AaU
11-11 13:43:56.498  3614  3614 I Telecom : Event: Call TC@3: CS_BOUND, ComponentInfo{com.android.phone/com.android.services.telephony.TelephonyConnectionService}: SBC.oSC@AaU
11-11 13:43:56.498  3614  3614 I Telecom : Event: Call TC@3: START_CONNECTION, tel:****: SBC.oSC@AaU
11-11 13:43:56.499  6611  6611 I InCall  : CallList - onUpdate - [Call_2, CONNECTING, [Capabilities:], [Properties:], children:[], parent:null, conferenceable:[], videoState:Audio Only, mSessionModificationState:0, VideoSettings:(CameraDir:-1), mIsActivSub:false]
11-11 13:43:56.499  6611  6611 I InCall  : InCallPresenter - Phone switching state: OUTGOING -> PENDING_OUTGOING
11-11 13:43:56.500  6611  6611 I InCall  : InCallPresenter - setBoundAndWaitingForOutgoingCall: false
11-11 13:43:56.500  6611  6611 I InCall  : ProximitySensor - ProximitySensor{keybrd=0, dpad=0, offhook=0, hor=0, ui=0, aud=BLUETOOTH}
11-11 13:43:56.500  6611  6611 I InCall  : ProximitySensor - Proximity wake lock already released
11-11 13:43:56.502  6491  6532 D bt_btif : BTHF: device_status_notification
11-11 13:43:56.502  6491  6525 D bt_btif : AG evt (hdl 0x0001): State 2, Event 0x0506
11-11 13:43:56.502  6491  6525 D bt_btif : bta_ag_hfp_result : res = 5
11-11 13:43:56.502  6491  6525 D bt_btif : AG evt (hdl 0x0001): State 2, Event 0x0506
11-11 13:43:56.502  6491  6525 D bt_btif : bta_ag_hfp_result : res = 5
11-11 13:43:56.502  6491  6525 D bt_btif : AG evt (hdl 0x0001): State 2, Event 0x0506
11-11 13:43:56.502  6491  6525 D bt_btif : bta_ag_hfp_result : res = 5
11-11 13:43:56.502  6491  6525 D bt_btif : AG evt (hdl 0x0001): State 2, Event 0x0506
11-11 13:43:56.502  6491  6525 D bt_btif : bta_ag_hfp_result : res = 5
11-11 13:43:56.505  3614  3671 I Telecom : PhoneAccountRegistrar: SimCallManager queried, returning: null: CSW.qRCS@AaY
11-11 13:43:56.506  4921  4921 I Telephony: TelephonyConnectionService: onCreateOutgoingConnection, request: ConnectionRequest xxxxxxxx Bundle[mParcelledData.dataSize=564]
11-11 13:43:56.513  6611  6611 I InCall  : InCallPresenter - UI Initialized
11-11 13:43:56.514  6611  6611 I InCall  : InCallPresenter - Phone switching state: PENDING_OUTGOING -> PENDING_OUTGOING
11-11 13:43:56.518  6611  6611 I InCall  : InCallActivity - onResume()...
11-11 13:43:56.522  6611  6611 I InCall  : ProximitySensor - ProximitySensor{keybrd=0, dpad=0, offhook=0, hor=0, ui=1, aud=BLUETOOTH}
11-11 13:43:56.522  6611  6611 I InCall  : ProximitySensor - Proximity wake lock already released
11-11 13:43:56.528  3614  5511 I Telecom : InCallController: Sending updateCall [TC@3, CONNECTING, com.android.phone/com.android.services.telephony.TelephonyConnectionService, tel:****, A, childs(0), has_parent(false), [Capabilities:], [Properties:]]: CSW.hCCC@Aag
11-11 13:43:56.529  3614  5511 I Telecom : InCallController: Components updated: [ComponentInfo{com.android.dialer/com.android.incallui.InCallServiceImpl}]: CSW.hCCC@Aag
