11-09 16:42:52.055  5311  5330 I AlarmClock: Instance table created
11-09 16:42:52.055  4912  4912 I Telephony: AccountEntry: Registered phoneAccount: [[ ] PhoneAccount: ComponentInfo{com.android.phone/com.android.services.telephony.TelephonyConnectionService}, [e0184adedf913b076626646d3f52c3b49c39ad6d], UserHandle{0} Capabilities: CallProvider MultiUser PlaceEmerg SimSub  Audio Routes: BESW Schemes: tel voicemail  Extras: null GroupId: [da39a3ee5e6b4b0d3255bfef95601890afd80709]] with handle: ComponentInfo{com.android.phone/com.android.services.telephony.TelephonyConnectionService}, [e0184adedf913b076626646d3f52c3b49c39ad6d], UserHandle{0}
11-09 16:42:52.056  5311  5330 I AlarmClock: Inserting default alarms
11-09 16:42:52.056  4912  4912 I Telephony: PstnIncomingCallNotifier: Registering: Handler (com.android.internal.telephony.GsmCdmaPhone) {2fa4a3}
11-09 16:42:52.065  4912  4912 E PhoneInterfaceManager: [PhoneIntfMgr] getIccId: No UICC
11-09 16:42:52.071  3609  3666 I Telecom : PhoneAccountRegistrar: [ComponentInfo{com.android.phone/com.android.services.telephony.TelephonyConnectionService}, [e0184adedf913b076626646d3f52c3b49c39ad6d], UserHandle{0}(icon: Icon(typ=BITMAP size=67x84) -> Icon(typ=BITMAP size=67x84))]: TSI.rPA@ABQ
11-09 16:42:52.075  3609  3666 I Telecom : : Sending phone-account registered intent as user: TSI.rPA@ABQ
11-09 16:42:52.115  5275  5275 D CellBroadcastReceiver: onReceive Intent { act=android.intent.action.SERVICE_STATE flg=0x10 cmp=com.android.cellbroadcastreceiver/.CellBroadcastReceiver (has extras) }
11-09 16:42:52.115  5275  5275 D CellBroadcastReceiver: Intent: android.intent.action.SERVICE_STATE
11-09 16:42:54.207  3440  3440 W         : eglTerminate 2662: PID Exeption @unknown
11-09 16:42:54.544  3174  3174 E         : Unable to unlink boot marker at /data//dalvik-cache/arm64/.booting, error=No such file or directory
11-09 16:42:54.544  3609  3676 W ActivityManager: Unable to mark boot complete for abi: arm64-v8a (Failed to execute markbootcomplete [arm64]: -1)
11-09 16:42:54.545  3174  3174 E         : Unable to unlink boot marker at /data//dalvik-cache/arm/.booting, error=No such file or directory
11-09 16:42:54.545  3609  3676 W ActivityManager: Unable to mark boot complete for abi: armeabi-v7a (Failed to execute markbootcomplete [arm]: -1)
11-09 16:42:54.547  3609  3676 I SystemServiceManager: Starting phase 1000
11-09 16:42:54.583  3077  3077 W auditd  : type=1325 audit(0.0:199): table=filter family=2 entries=100
11-09 16:42:54.583  3077  3077 W auditd  : type=1320 audit(0.0:199): 
11-09 16:42:54.595  3077  3077 W auditd  : type=1325 audit(0.0:200): table=filter family=10 entries=111
11-09 16:42:54.595  3077  3077 W auditd  : type=1320 audit(0.0:200): 
11-09 16:42:54.611  3077  3077 W auditd  : type=1325 audit(0.0:201): table=filter family=2 entries=99
11-09 16:42:54.611  3077  3077 W auditd  : type=1320 audit(0.0:201): 
11-09 16:42:54.623  3077  3077 W auditd  : type=1325 audit(0.0:202): table=filter family=10 entries=110
11-09 16:42:54.623  3077  3077 W auditd  : type=1320 audit(0.0:202): 
11-09 16:42:54.644  3609  4718 E LiveDisplay: Color temperature out of range: 0
11-09 16:42:54.666  3609  3676 I ActivityManager: Start proc 5343:android.ext.services/u0a11 for on-hold
11-09 16:42:54.670  3609  3676 D ActivityManager: Finishing user boot 0
11-09 16:42:54.672  3609  3676 D CryptdConnector: SND -> {3 cryptfs prepare_user_storage ! 0 0 2}
11-09 16:42:54.672  3067  3137 D vold    : e4crypt_prepare_user_storage for volume null, user 0, serial 0, flags 2
11-09 16:42:54.672  3067  3137 D vold    : Preparing: /data/system_ce/0
11-09 16:42:54.673  3067  3137 D vold    : Preparing: /data/misc_ce/0
11-09 16:42:54.673  3067  3137 D vold    : Preparing: /data/media/0
11-09 16:42:54.673  3067  3137 D vold    : Preparing: /data/data
11-09 16:42:54.674  3609  4035 D CryptdConnector: RCV <- {200 3 Command succeeded}
11-09 16:42:54.675  3609  3676 V UserManagerService: Found /data/user/0 with serial number 0
11-09 16:42:54.676  3609  3676 V UserManagerService: Found /data/system_ce/0 with serial number -1
11-09 16:42:54.676  3609  3676 D UserManagerService: Serial number missing on /data/system_ce/0; assuming current is valid
11-09 16:42:54.676  3609  3676 V PackageManager: reconcileAppsData for null u0 0x2
11-09 16:42:54.683  5349  5349 I bootstat: Service started: /system/bin/bootstat --record_boot_complete 
11-09 16:42:54.684  5349  5349 E bootstat: Failed to read /data/misc/bootstat/last_boot_time_utc: No such file or directory
11-09 16:42:54.684  5349  5349 E bootstat: Failed to parse boot time record: /data/misc/bootstat/last_boot_time_utc
11-09 16:42:54.685  5349  5349 E bootstat: Failed to read /data/misc/bootstat/build_date: No such file or directory
11-09 16:42:54.685  5349  5349 E bootstat: Failed to parse boot time record: /data/misc/bootstat/build_date
11-09 16:42:54.685  5349  5349 E bootstat: Failed to read /data/misc/bootstat/post_decrypt_time_elapsed: No such file or directory
11-09 16:42:54.685  5349  5349 E bootstat: Failed to parse boot time record: /data/misc/bootstat/post_decrypt_time_elapsed
11-09 16:42:54.700  5365  5365 I bootstat: Service started: /system/bin/bootstat --record_boot_reason 
11-09 16:42:54.700  5365  5365 I bootstat: Unknown boot reason: 
11-09 16:42:54.715  5368  5368 I bootstat: Service started: /system/bin/bootstat --record_time_since_factory_reset 
11-09 16:42:54.715  5368  5368 I bootstat: Logging histogram: factory_reset_current_time 1510256574
11-09 16:42:54.716  5368  5368 E bootstat: Failed to read /data/misc/bootstat/factory_reset: No such file or directory
11-09 16:42:54.716  5368  5368 E bootstat: Failed to parse boot time record: /data/misc/bootstat/factory_reset
11-09 16:42:54.730  5371  5371 I bootstat: Service started: /system/bin/bootstat -l 
11-09 16:42:54.730  5371  5371 I bootstat: Logging histogram: bootstat_mtime_matches_content 1
11-09 16:42:54.731  5371  5371 I bootstat: Logging histogram: bootstat_mtime_matches_content 1
11-09 16:42:54.731  5371  5371 I bootstat: Logging histogram: bootstat_mtime_matches_content 1
11-09 16:42:54.731  5371  5371 I bootstat: Logging histogram: bootstat_mtime_matches_content 1
11-09 16:42:54.731  5371  5371 I bootstat: Logging histogram: bootstat_mtime_matches_content 1
11-09 16:42:54.731  5371  5371 I bootstat: Logging histogram: bootstat_mtime_matches_content 1
11-09 16:42:54.731  5371  5371 I bootstat: Logging histogram: bootstat_mtime_matches_content 1
11-09 16:42:54.731  5371  5371 I bootstat: Logging histogram: last_boot_time_utc 1510256574
11-09 16:42:54.731  5371  5371 I bootstat: Logging histogram: build_date 1510196906
11-09 16:42:54.731  5371  5371 I bootstat: Logging histogram: ota_boot_complete_no_encryption 69
11-09 16:42:54.732  5371  5371 I bootstat: Logging histogram: ota_boot_complete 69
11-09 16:42:54.732  5371  5371 I bootstat: Logging histogram: boot_reason 1
11-09 16:42:54.732  5371  5371 I bootstat: Logging histogram: factory_reset_current_time 1510256574
11-09 16:42:54.732  5371  5371 I bootstat: Logging histogram: factory_reset 1510256574
11-09 16:42:54.802  3609  3676 V PackageManager: reconcileAppsData finished 91 packages
11-09 16:42:54.803  3609  3669 D BluetoothManagerService: User 0 unlocked
11-09 16:42:54.803  3609  3669 D MountService: onUnlockUser 0
11-09 16:42:54.803  3609  3669 D VoldConnector: SND -> {34 volume user_started 0}
11-09 16:42:54.804  3609  3675 D BluetoothManagerService: MESSAGE_USER_UNLOCKED
11-09 16:42:54.805  3067  3136 D vold    : Linking /storage/emulated/0 to /mnt/user/0/primary
11-09 16:42:54.806  3609  4034 D VoldConnector: RCV <- {200 34 Command succeeded}
11-09 16:42:54.808  3609  4033 D MountService: Volume emulated broadcasting mounted to UserHandle{0}
11-09 16:42:54.808  3609  4671 D ConnectivityService: Got NetworkFactory Messenger for WIFI
11-09 16:42:54.808  3609  4671 D ConnectivityService: Got NetworkFactory Messenger for WIFI_UT
11-09 16:42:54.819  3609  3609 I InputMethodManagerService: All the enabled IMEs are gone. Reset default enabled IMEs.
11-09 16:42:54.822  5311  5311 I AlarmClock: AlarmInitReceiver android.intent.action.LOCKED_BOOT_COMPLETED
11-09 16:42:54.853  5343  5343 W System  : ClassLoader referenced unknown path: /system/priv-app/ExtServices/lib/arm64
11-09 16:42:54.854  3609  3669 V BackupManagerService: No ancestral data
11-09 16:42:54.863  5343  5343 I id.ext.services: type=1400 audit(0.0:203): avc: denied { write } for name="android.ext.services" dev="sda24" ino=3121206 scontext=u:r:platform_app:s0:c512,c768 tcontext=u:object_r:system_data_file:s0 tclass=dir permissive=1
11-09 16:42:54.863  5343  5343 I id.ext.services: type=1400 audit(0.0:203): avc: denied { add_name } for name="cache" scontext=u:r:platform_app:s0:c512,c768 tcontext=u:object_r:system_data_file:s0 tclass=dir permissive=1
11-09 16:42:54.863  5343  5343 I id.ext.services: type=1400 audit(0.0:203): avc: denied { create } for name="cache" scontext=u:r:platform_app:s0:c512,c768 tcontext=u:object_r:system_data_file:s0:c512,c768 tclass=dir permissive=1
11-09 16:42:54.863  5343  5343 W id.ext.services: type=1300 audit(0.0:203): arch=c00000b7 syscall=34 success=yes exit=0 a0=ffffff9c a1=7f95b99470 a2=1f9 a3=2a items=0 ppid=3170 auid=4294967295 uid=10011 gid=10011 euid=10011 suid=10011 fsuid=10011 egid=10011 sgid=10011 fsgid=10011 tty=(none) ses=4294967295 exe="/system/bin/app_process64" subj=u:r:platform_app:s0:c512,c768 key=(null)
11-09 16:42:54.863  3077  3077 W auditd  : type=1327 audit(0.0:203): proctitle="android.ext.services"
11-09 16:42:54.863  3077  3077 W auditd  : type=1320 audit(0.0:203): 
11-09 16:42:54.863  5343  5343 I id.ext.services: type=1400 audit(0.0:204): avc: denied { setattr } for name="cache" dev="sda24" ino=3121299 scontext=u:r:platform_app:s0:c512,c768 tcontext=u:object_r:system_data_file:s0:c512,c768 tclass=dir permissive=1
11-09 16:42:54.863  5343  5343 W id.ext.services: type=1300 audit(0.0:204): arch=c00000b7 syscall=53 success=yes exit=0 a0=ffffff9c a1=7f95b99470 a2=1f9 a3=0 items=0 ppid=3170 auid=4294967295 uid=10011 gid=10011 euid=10011 suid=10011 fsuid=10011 egid=10011 sgid=10011 fsgid=10011 tty=(none) ses=4294967295 exe="/system/bin/app_process64" subj=u:r:platform_app:s0:c512,c768 key=(null)
11-09 16:42:54.863  3077  3077 W auditd  : type=1327 audit(0.0:204): proctitle="android.ext.services"
11-09 16:42:54.863  3077  3077 W auditd  : type=1320 audit(0.0:204): 
11-09 16:42:54.870  3609  3669 V BackupManagerService: Starting with transport com.google.android.gms/.backup.BackupTransportService
11-09 16:42:54.870  3609  3669 V BackupManagerService: Found transports: 1
11-09 16:42:54.874  3609  3669 I BackupManagerService: Backup enable apparently not migrated
11-09 16:42:54.874  3609  3669 I BackupManagerService: Migrating enable state false
11-09 16:42:54.875  3609  3669 I BackupManagerService: Backup enabled => false
11-09 16:42:54.906  3609  3669 W AppWidgetServiceImpl: Failed to read state: java.io.FileNotFoundException: /data/system/users/0/appwidgets.xml (No such file or directory)
11-09 16:42:54.906  3609  3669 V AppWidgetServiceImpl: Upgrading widget database from 0 to 1
11-09 16:42:54.913  3609  3669 W VoiceInteractionManagerService: no available voice interaction services found for user 0
11-09 16:42:54.913  3609  4865 I ActivityManager: Start proc 5386:android.process.media/u0a9 for broadcast com.android.providers.downloads/.DownloadReceiver
11-09 16:42:54.914  3609  3669 W VoiceInteractionManagerService: no available voice recognition services found for user 0
11-09 16:42:54.915  3609  3669 I BrokerableCMSystemService: Connecting to implementation
11-09 16:42:54.916  3609  3669 W ContextImpl: Calling a method in the system process without a qualified user: android.app.ContextImpl.bindService:1421 org.cyanogenmod.platform.internal.BrokerableCMSystemService.tryConnecting:199 org.cyanogenmod.platform.internal.WeatherManagerServiceBroker.onUnlockUser:97 com.android.server.SystemServiceManager.unlockUser:179 com.android.server.am.ActivityManagerService$MainHandler.handleMessage:2064 
11-09 16:42:54.918  3609  5375 V KeyValueBackupJob: Scheduling k/v pass in 242 minutes
11-09 16:42:54.931  3609  3669 I ActivityManager: Start proc 5404:org.cyanogenmod.weatherservice/u0a31 for service org.cyanogenmod.weatherservice/.WeatherManagerService
11-09 16:42:54.932  3609  3669 I ActivityManager: Loading recents for user 0 into memory.
11-09 16:42:54.951  3609  5398 I chatty  : uid=1000 system_server expire 11 lines
11-09 16:42:54.956  3609  3669 I ActivityManager: Start proc 5419:org.cyanogenmod.audiofx/u0a3 for added application org.cyanogenmod.audiofx
11-09 16:42:54.983  3609  3669 I ActivityManager: Start proc 5431:com.android.nfc/1027 for added application com.android.nfc
11-09 16:42:54.986  3609  3669 I PreBootBroadcaster: Pre-boot of {com.android.managedprovisioning/com.android.managedprovisioning.PreBootListener} for user 0
11-09 16:42:55.001  3609  3670 I ActivityManager: Config changes=20 {1.0 ?mcc?mnc [en_US] ldltr sw411dp w411dp h773dp 560dpi nrml long port finger -keyb/v/h -nav/h s.6}
11-09 16:42:55.044  5386  5386 W System  : ClassLoader referenced unknown path: /system/priv-app/DownloadProvider/lib/arm64
11-09 16:42:55.056  5404  5404 W System  : ClassLoader referenced unknown path: /system/priv-app/WeatherManagerService/lib/arm64
11-09 16:42:55.071  5404  5404 I .weatherservice: type=1400 audit(0.0:205): avc: denied { write } for name="org.cyanogenmod.weatherservice" dev="sda24" ino=3121243 scontext=u:r:priv_app:s0:c512,c768 tcontext=u:object_r:system_data_file:s0 tclass=dir permissive=1
11-09 16:42:55.071  5404  5404 I .weatherservice: type=1400 audit(0.0:205): avc: denied { add_name } for name="code_cache" scontext=u:r:priv_app:s0:c512,c768 tcontext=u:object_r:system_data_file:s0 tclass=dir permissive=1
11-09 16:42:55.077  4912  4912 D CarrierSvcBindHelper: Received android.intent.action.USER_UNLOCKED
11-09 16:42:55.079  4912  4912 D CarrierSvcBindHelper: No carrier app for: 0
11-09 16:42:55.097  5419  5419 W System  : ClassLoader referenced unknown path: /system/priv-app/AudioFX/lib/arm64
11-09 16:42:55.099  3609  3667 I ActivityManager: Start proc 5474:com.android.smspush/u0a58 for service com.android.smspush/.WapPushManager
11-09 16:42:55.102  3609  3609 V BackupManagerService: Connected to transport ComponentInfo{android/com.android.internal.backup.LocalTransportService}
11-09 16:42:55.102  3609  3609 V BackupManagerService: Registering transport android/com.android.internal.backup.LocalTransportService::android/com.android.internal.backup.LocalTransport = android.app.backup.BackupTransport$TransportImpl@c83740e
11-09 16:42:55.130  3609  5168 I ActivityManager: Start proc 5496:com.android.keychain/1000 for service com.android.keychain/.KeyChainService
11-09 16:42:55.137  5386  5386 W System  : ClassLoader referenced unknown path: /system/priv-app/MediaProvider/lib/arm64
11-09 16:42:55.139  5386  5386 D ApplicationLoaders: ignored Vulkan layer search path /system/priv-app/MediaProvider/lib/arm64:/system/priv-app/MediaProvider/MediaProvider.apk!/lib/arm64-v8a:/system/lib64:/vendor/lib64 for namespace 0x7fa3d440f0
11-09 16:42:55.141  5431  5431 I chatty  : uid=1027(nfc) com.android.nfc expire 30 lines
11-09 16:42:55.141  4912  4912 D CarrierConfigLoader: update config for phoneId: 0 simState: ABSENT
11-09 16:42:55.142  4912  4912 D CarrierSvcBindHelper: update binding for phoneId: 0 simState: ABSENT
11-09 16:42:55.148  4912  4912 I Telephony: PstnIncomingCallNotifier: Unregistering: Handler (com.android.internal.telephony.GsmCdmaPhone) {2fa4a3}
11-09 16:42:55.150  4968  4968 D FallbackHome: User unlocked and real home found; let's go!
11-09 16:42:55.153  4912  4912 E PhoneInterfaceManager: [PhoneIntfMgr] getIccId: No UICC
11-09 16:42:55.154  3609  4772 I WindowManager: Screen frozen for +144ms due to AppWindowToken{3410c6f token=Token{d65be49 ActivityRecord{c09bc50 u0 com.android.settings/.FallbackHome t2}}}
11-09 16:42:55.173  3609  5498 I Telecom : PhoneAccountRegistrar: [ComponentInfo{com.android.phone/com.android.services.telephony.TelephonyConnectionService}, [e0184adedf913b076626646d3f52c3b49c39ad6d], UserHandle{0}(icon: Icon(typ=BITMAP size=67x84) -> Icon(typ=BITMAP size=67x84))]: TSI.rPA@ABU
11-09 16:42:55.174  5474  5474 W System  : ClassLoader referenced unknown path: /system/app/WAPPushManager/lib/arm64
11-09 16:42:55.175  3609  3668 I ActivityManager: Start proc 5513:com.android.printspooler/u0a57 for service com.android.printspooler/.model.PrintSpoolerService
11-09 16:42:55.176  3609  5498 I Telecom : : Sending phone-account registered intent as user: TSI.rPA@ABU
11-09 16:42:55.178  4912  4912 I Telephony: AccountEntry: Registered phoneAccount: [[ ] PhoneAccount: ComponentInfo{com.android.phone/com.android.services.telephony.TelephonyConnectionService}, [e0184adedf913b076626646d3f52c3b49c39ad6d], UserHandle{0} Capabilities: CallProvider MultiUser PlaceEmerg SimSub  Audio Routes: BESW Schemes: tel voicemail  Extras: null GroupId: [da39a3ee5e6b4b0d3255bfef95601890afd80709]] with handle: ComponentInfo{com.android.phone/com.android.services.telephony.TelephonyConnectionService}, [e0184adedf913b076626646d3f52c3b49c39ad6d], UserHandle{0}
11-09 16:42:55.178  4912  4912 I Telephony: PstnIncomingCallNotifier: Registering: Handler (com.android.internal.telephony.GsmCdmaPhone) {2fa4a3}
11-09 16:42:55.187  3609  3667 I ActivityManager: START u0 {act=android.intent.action.MAIN cat=[android.intent.category.HOME] flg=0x10000100 cmp=com.cyanogenmod.setupwizard/.SetupWizardActivity} from uid 0 on display 0
11-09 16:42:55.190  4912  4912 D CarrierConfigLoader: mHandler: 0 phoneId: 0
11-09 16:42:55.192  4912  4912 E PhoneInterfaceManager: [PhoneIntfMgr] getIccId: No UICC
11-09 16:42:55.206  5496  5496 W System  : ClassLoader referenced unknown path: /system/app/KeyChain/lib/arm64
11-09 16:42:55.210  3609  3667 I ActivityManager: Start proc 5528:com.cyanogenmod.setupwizard/1000 for activity com.cyanogenmod.setupwizard/.SetupWizardActivity
11-09 16:42:55.212  3609  5490 I Telecom : PhoneAccountRegistrar: [ComponentInfo{com.android.phone/com.android.services.telephony.TelephonyConnectionService}, [e0184adedf913b076626646d3f52c3b49c39ad6d], UserHandle{0}(icon: Icon(typ=BITMAP size=67x84) -> Icon(typ=BITMAP size=67x84))]: TSI.rPA@ABk
11-09 16:42:55.215  3609  5490 I Telecom : : Sending phone-account registered intent as user: TSI.rPA@ABk
11-09 16:42:55.261  5528  5528 W System  : ClassLoader referenced unknown path: /system/priv-app/LineageSetupWizard/lib/arm64
11-09 16:42:55.285  4773  4773 W KeyguardUpdateMonitor: invalid subId in handleSimStateChange()
11-09 16:42:55.310  4773  4773 D PhoneStatusBar: disable: < expand icons ALERTS* system_info back home recent clock SEARCH* quick_settings >
11-09 16:42:55.311  4773  4773 D PhoneStatusBar: heads up is disabled
11-09 16:42:55.311  4773  4773 D PhoneStatusBar: dismissing any existing heads up notification on disable event
11-09 16:42:55.314  3609  4771 I ActivityManager: START u0 {act=com.android.wizard.LOAD flg=0x10000001 cmp=com.cyanogenmod.setupwizard/.wizardmanager.WizardManager (has extras)} from uid 1000 on display 0
11-09 16:42:55.339  3609  5490 I ActivityManager: START u0 {act=com.cyanogenmod.setupwizard.LINEAGE_WELCOME flg=0x4000000 cmp=com.cyanogenmod.setupwizard/.WelcomeActivity (has extras)} from uid 1000 on display 0
11-09 16:42:55.391  5528  5528 W ContextImpl: Calling a method in the system process without a qualified user: android.app.ContextImpl.bindService:1421 android.content.ContextWrapper.bindService:636 android.speech.tts.TextToSpeech.connectToEngine:810 android.speech.tts.TextToSpeech.initTts:780 android.speech.tts.TextToSpeech.<init>:733 
11-09 16:42:55.419  5386  5386 I DownloadManager: Upgrading downloads database from version 0 to version 110, which will destroy all old data
11-09 16:42:55.424  3609  4865 I ActivityManager: Start proc 5562:com.svox.pico/u0a52 for service com.svox.pico/.PicoService
11-09 16:42:55.425  5528  5528 I TextToSpeech: Sucessfully bound to com.svox.pico
11-09 16:42:55.435  5528  5528 E MediaPlayer-JNI: JNIMediaPlayerFactory: bIsQCMediaPlayerPresent 0
11-09 16:42:55.435  5528  5528 E MediaPlayer-JNI: JNIMediaPlayerFactory: bIsQCMediaPlayerPresent 0
11-09 16:42:55.442  5528  5528 W MediaPlayer: Couldn't open content://settings/system/notification_sound_cache: java.io.FileNotFoundException: No such file or directory
11-09 16:42:55.442  5528  5528 W MediaPlayer: Couldn't open null: java.lang.NullPointerException: uri
11-09 16:42:55.453  3609  3609 I BrokerableCMSystemService: Implementation service connected
11-09 16:42:55.466  3179  3253 E MediaPlayerService: Couldn't open fd for content://settings/system/notification_sound
11-09 16:42:55.466  5528  5528 E MediaPlayer: Unable to create media player
11-09 16:42:55.468  5528  5528 D Ringtone: Problem opening; delegating to remote player
11-09 16:42:55.472  5528  5528 E MediaPlayer-JNI: JNIMediaPlayerFactory: bIsQCMediaPlayerPresent 0
11-09 16:42:55.472  5528  5528 E MediaPlayer-JNI: JNIMediaPlayerFactory: bIsQCMediaPlayerPresent 0
11-09 16:42:55.476  5528  5528 W MediaPlayer: Couldn't open content://settings/system/notification_sound_cache: java.io.FileNotFoundException: No such file or directory
11-09 16:42:55.477  5528  5528 W MediaPlayer: Couldn't open null: java.lang.NullPointerException: uri
11-09 16:42:55.479  3179  3179 E MediaPlayerService: Couldn't open fd for content://settings/system/notification_sound
11-09 16:42:55.480  5528  5528 E MediaPlayer: Unable to create media player
11-09 16:42:55.482  5528  5528 D Ringtone: Problem opening; delegating to remote player
11-09 16:42:55.489  5431  5579 I chatty  : uid=1027(nfc) com.android.nfc expire 59 lines
11-09 16:42:55.497  5431  5583 I chatty  : uid=1027(nfc) AsyncTask #1 expire 2 lines
11-09 16:42:55.497  5431  5584 I chatty  : uid=1027(nfc) com.android.nfc expire 2 lines
11-09 16:42:55.497  5431  5585 I chatty  : uid=1027(nfc) AsyncTask #1 expire 217 lines
11-09 16:42:55.527  5562  5562 V SynthProxy: About to load libttspico.so, applyFilter=true
11-09 16:42:55.538  5528  5582 I OpenGLRenderer: Initialized EGL, version 1.4
11-09 16:42:55.538  5528  5582 D OpenGLRenderer: Swap behavior 1
11-09 16:42:55.540  4968  4968 W IInputConnectionWrapper: reportFullscreenMode on inexistent InputConnection
11-09 16:42:55.546  5528  5582 D mali_winsys: EGLint new_window_surface(egl_winsys_display*, void*, EGLSurface, EGLConfig, egl_winsys_surface**, egl_color_buffer_format*, EGLBoolean) returns 0x3000,  [1440x2960]-format:1
11-09 16:42:55.611  5386  5386 I d.process.media: type=1400 audit(0.0:223): avc: denied { write } for name="com.android.providers.media" dev="sda24" ino=2015243 scontext=u:r:priv_app:s0:c512,c768 tcontext=u:object_r:system_data_file:s0 tclass=dir permissive=1
11-09 16:42:55.611  5386  5386 I d.process.media: type=1400 audit(0.0:223): avc: denied { add_name } for name="databases" scontext=u:r:priv_app:s0:c512,c768 tcontext=u:object_r:system_data_file:s0 tclass=dir permissive=1
11-09 16:42:55.611  5386  5386 W d.process.media: type=1300 audit(0.0:223): arch=c00000b7 syscall=34 success=yes exit=0 a0=ffffff9c a1=7f95be2a00 a2=1f9 a3=32 items=0 ppid=3170 auid=4294967295 uid=10009 gid=10009 euid=10009 suid=10009 fsuid=10009 egid=10009 sgid=10009 fsgid=10009 tty=(none) ses=4294967295 exe="/system/bin/app_process64" subj=u:r:priv_app:s0:c512,c768 key=(null)
11-09 16:42:55.611  3077  3077 W auditd  : type=1327 audit(0.0:223): proctitle="android.process.media"
11-09 16:42:55.611  3077  3077 W auditd  : type=1320 audit(0.0:223): 
11-09 16:42:55.613  5562  5562 I SVOX Pico Engine: loaded en-US successfully
11-09 16:42:55.675  5386  5386 I d.process.media: type=1400 audit(0.0:224): avc: denied { remove_name } for name="external.db-journal" dev="sda24" ino=2015523 scontext=u:r:priv_app:s0:c512,c768 tcontext=u:object_r:system_data_file:s0:c512,c768 tclass=dir permissive=1
11-09 16:42:55.675  5386  5386 I d.process.media: type=1400 audit(0.0:224): avc: denied { unlink } for name="external.db-journal" dev="sda24" ino=2015523 scontext=u:r:priv_app:s0:c512,c768 tcontext=u:object_r:system_data_file:s0:c512,c768 tclass=file permissive=1
11-09 16:42:55.675  5386  5386 W d.process.media: type=1300 audit(0.0:224): arch=c00000b7 syscall=35 success=yes exit=0 a0=ffffff9c a1=7fa01e7f00 a2=0 a3=7fa01e7ea0 items=0 ppid=3170 auid=4294967295 uid=10009 gid=10009 euid=10009 suid=10009 fsuid=10009 egid=10009 sgid=10009 fsgid=10009 tty=(none) ses=4294967295 exe="/system/bin/app_process64" subj=u:r:priv_app:s0:c512,c768 key=(null)
11-09 16:42:55.675  3077  3077 W auditd  : type=1327 audit(0.0:224): proctitle="android.process.media"
11-09 16:42:55.675  3077  3077 W auditd  : type=1320 audit(0.0:224): 
11-09 16:42:55.677  5431  5604 I chatty  : uid=1027(nfc) AsyncTask #1 expire 22 lines
11-09 16:42:55.677  5431  5605 I chatty  : uid=1027(nfc) AsyncTask #1 expire 402 lines
11-09 16:42:55.703  5528  5528 I TextToSpeech: Connected to ComponentInfo{com.svox.pico/com.svox.pico.PicoService}
11-09 16:42:55.710  5528  5606 I TextToSpeech: Set up connection to ComponentInfo{com.svox.pico/com.svox.pico.PicoService}
11-09 16:42:55.720  4968  4968 I art     : Starting a blocking GC Explicit
11-09 16:42:55.735  5386  5386 I MediaProvider: Upgrading media database from version 0 to 800, which will destroy all old data
11-09 16:42:55.737  4968  4968 I art     : Explicit concurrent mark sweep GC freed 3555(318KB) AllocSpace objects, 0(0B) LOS objects, 24% free, 6MB/9MB, paused 247us total 16.608ms
11-09 16:42:55.740  4968  4968 I art     : Starting a blocking GC Explicit
11-09 16:42:55.776  4968  4968 I art     : Explicit concurrent mark sweep GC freed 275(10KB) AllocSpace objects, 0(0B) LOS objects, 25% free, 6MB/9MB, paused 270us total 35.601ms
11-09 16:42:55.902  5386  5386 D MediaProvider: Adjusting external storage paths to: /storage/emulated/0
11-09 16:42:55.957  5386  5386 E SQLiteLog: (1) no such table: album_info
11-09 16:42:56.101  5386  5386 D MediaScannerReceiver: action: android.intent.action.MEDIA_MOUNTED path: /storage/emulated/0
11-09 16:42:56.115  3609  4865 I ActivityManager: Start proc 5614:com.android.managedprovisioning/u0a16 for broadcast com.android.managedprovisioning/.PreBootListener
11-09 16:42:56.148  5614  5614 W System  : ClassLoader referenced unknown path: /system/priv-app/ManagedProvisioning/lib/arm64
11-09 16:42:56.155  5614  5614 I gedprovisioning: type=1400 audit(0.0:225): avc: denied { write } for name="com.android.managedprovisioning" dev="sda24" ino=3121214 scontext=u:r:platform_app:s0:c512,c768 tcontext=u:object_r:system_data_file:s0 tclass=dir permissive=1
11-09 16:42:56.155  5614  5614 I gedprovisioning: type=1400 audit(0.0:225): avc: denied { add_name } for name="code_cache" scontext=u:r:platform_app:s0:c512,c768 tcontext=u:object_r:system_data_file:s0 tclass=dir permissive=1
11-09 16:42:56.155  5614  5614 W gedprovisioning: type=1300 audit(0.0:225): arch=c00000b7 syscall=34 success=yes exit=0 a0=ffffff9c a1=7f95ada9c0 a2=1f9 a3=3a items=0 ppid=3170 auid=4294967295 uid=10016 gid=10016 euid=10016 suid=10016 fsuid=10016 egid=10016 sgid=10016 fsgid=10016 tty=(none) ses=4294967295 exe="/system/bin/app_process64" subj=u:r:platform_app:s0:c512,c768 key=(null)
11-09 16:42:56.155  3077  3077 W auditd  : type=1327 audit(0.0:225): proctitle="com.android.managedprovisioning"
11-09 16:42:56.155  3077  3077 W auditd  : type=1320 audit(0.0:225): 
11-09 16:42:56.173  3609  3667 I PreBootBroadcaster: Pre-boot of {com.android.providers.calendar/com.android.providers.calendar.CalendarUpgradeReceiver} for user 0
11-09 16:42:56.177  3609  3609 D ZenLog  : disable_effects: 0|android|0|PreBootBroadcaster|1000,booleanState
11-09 16:42:56.178  5275  5275 D CellBroadcastReceiver: onReceive Intent { act=android.intent.action.SIM_STATE_CHANGED flg=0x4000010 cmp=com.android.cellbroadcastreceiver/.CellBroadcastReceiver (has extras) }
11-09 16:42:56.184  4912  4912 I VvmSimChangeReceiver: Sim removed, removing inactive accounts
11-09 16:42:56.190  4968  4968 D SimSelectNotification:  no of slots 1 provision = false
11-09 16:42:56.203  3609  3667 I ActivityManager: Start proc 5631:android.process.acore/u0a0 for broadcast com.android.providers.contacts/.PhoneAccountRegistrationReceiver
11-09 16:42:56.238  5631  5631 W System  : ClassLoader referenced unknown path: /system/priv-app/ContactsProvider/lib/arm64
11-09 16:42:56.310  5631  5631 I ContactsPerf: VoicemailContentProvider.onCreate start
11-09 16:42:56.313  5631  5631 I ContactsPerf: VoicemailContentProvider.onCreate finish
11-09 16:42:56.320  5631  5631 W System  : ClassLoader referenced unknown path: /system/priv-app/BlockedNumberProvider/lib/arm64
11-09 16:42:56.321  5631  5631 D ApplicationLoaders: ignored Vulkan layer search path /system/priv-app/BlockedNumberProvider/lib/arm64:/system/lib64:/vendor/lib64 for namespace 0x7fa3d440f0
11-09 16:42:56.331  5631  5631 W System  : ClassLoader referenced unknown path: /system/app/UserDictionaryProvider/lib/arm64
11-09 16:42:56.333  5631  5631 D ApplicationLoaders: ignored Vulkan layer search path /system/app/UserDictionaryProvider/lib/arm64:/system/lib64:/vendor/lib64 for namespace 0x7fa3d44160
11-09 16:42:56.348  5631  5631 D StrictMode: StrictMode policy violation; ~duration=65 ms: android.os.StrictMode$StrictModeDiskWriteViolation: policy=65565 violation=1
11-09 16:42:56.348  5631  5631 D StrictMode: 	at android.os.StrictMode$AndroidBlockGuardPolicy.onWriteToDisk(StrictMode.java:1253)
11-09 16:42:56.348  5631  5631 D StrictMode: 	at libcore.io.BlockGuardOs.mkdir(BlockGuardOs.java:173)
11-09 16:42:56.348  5631  5631 D StrictMode: 	at android.system.Os.mkdir(Os.java:282)
11-09 16:42:56.348  5631  5631 D StrictMode: 	at android.app.ContextImpl.ensurePrivateDirExists(ContextImpl.java:514)
11-09 16:42:56.348  5631  5631 D StrictMode: 	at android.app.ContextImpl.getPreferencesDir(ContextImpl.java:468)
11-09 16:42:56.348  5631  5631 D StrictMode: 	at android.app.ContextImpl.getSharedPreferencesPath(ContextImpl.java:627)
11-09 16:42:56.348  5631  5631 D StrictMode: 	at android.app.ContextImpl.getSharedPreferences(ContextImpl.java:345)
11-09 16:42:56.348  5631  5631 D StrictMode: 	at android.content.ContextWrapper.getSharedPreferences(ContextWrapper.java:164)
11-09 16:42:56.348  5631  5631 D StrictMode: 	at android.preference.PreferenceManager.getDefaultSharedPreferences(PreferenceManager.java:487)
11-09 16:42:56.348  5631  5631 D StrictMode: 	at com.android.providers.contacts.FastScrollingIndexCache.getInstance(FastScrollingIndexCache.java:95)
11-09 16:42:56.348  5631  5631 D StrictMode: 	at com.android.providers.contacts.ContactsProvider2.initialize(ContactsProvider2.java:1600)
11-09 16:42:56.348  5631  5631 D StrictMode: 	at com.android.providers.contacts.ContactsProvider2.onCreate(ContactsProvider2.java:1575)
11-09 16:42:56.348  5631  5631 D StrictMode: 	at android.content.ContentProvider.attachInfo(ContentProvider.java:1751)
11-09 16:42:56.348  5631  5631 D StrictMode: 	at android.content.ContentProvider.attachInfo(ContentProvider.java:1726)
11-09 16:42:56.348  5631  5631 D StrictMode: 	at android.app.ActivityThread.installProvider(ActivityThread.java:5920)
11-09 16:42:56.348  5631  5631 D StrictMode: 	at android.app.ActivityThread.installContentProviders(ActivityThread.java:5490)
11-09 16:42:56.348  5631  5631 D StrictMode: 	at android.app.ActivityThread.handleBindApplication(ActivityThread.java:5429)
11-09 16:42:56.348  5631  5631 D StrictMode: 	at android.app.ActivityThread.-wrap2(ActivityThread.java)
11-09 16:42:56.348  5631  5631 D StrictMode: 	at android.app.ActivityThread$H.handleMessage(ActivityThread.java:1564)
11-09 16:42:56.348  5631  5631 D StrictMode: 	at android.os.Handler.dispatchMessage(Handler.java:102)
11-09 16:42:56.348  5631  5631 D StrictMode: 	at android.os.Looper.loop(Looper.java:154)
11-09 16:42:56.348  5631  5631 D StrictMode: 	at android.app.ActivityThread.main(ActivityThread.java:6186)
11-09 16:42:56.348  5631  5631 D StrictMode: 	at java.lang.reflect.Method.invoke(Native Method)
11-09 16:42:56.348  5631  5631 D StrictMode: 	at com.android.internal.os.ZygoteInit$MethodAndArgsCaller.run(ZygoteInit.java:889)
11-09 16:42:56.348  5631  5631 D StrictMode: 	at com.android.internal.os.ZygoteInit.main(ZygoteInit.java:779)
11-09 16:42:56.348  5631  5631 D StrictMode: StrictMode policy violation; ~duration=64 ms: android.os.StrictMode$StrictModeDiskWriteViolation: policy=65565 violation=1
11-09 16:42:56.348  5631  5631 D StrictMode: 	at android.os.StrictMode$AndroidBlockGuardPolicy.onWriteToDisk(StrictMode.java:1253)
11-09 16:42:56.348  5631  5631 D StrictMode: 	at libcore.io.BlockGuardOs.chmod(BlockGuardOs.java:73)
11-09 16:42:56.348  5631  5631 D StrictMode: 	at android.system.Os.chmod(Os.java:68)
11-09 16:42:56.348  5631  5631 D StrictMode: 	at android.app.ContextImpl.ensurePrivateDirExists(ContextImpl.java:515)
11-09 16:42:56.348  5631  5631 D StrictMode: 	at android.app.ContextImpl.getPreferencesDir(ContextImpl.java:468)
11-09 16:42:56.348  5631  5631 D StrictMode: 	at android.app.ContextImpl.getSharedPreferencesPath(ContextImpl.java:627)
11-09 16:42:56.348  5631  5631 D StrictMode: 	at android.app.ContextImpl.getSharedPreferences(ContextImpl.java:345)
11-09 16:42:56.348  5631  5631 D StrictMode: 	at android.content.ContextWrapper.getSharedPreferences(ContextWrapper.java:164)
11-09 16:42:56.348  5631  5631 D StrictMode: 	at android.preference.PreferenceManager.getDefaultSharedPreferences(PreferenceManager.java:487)
11-09 16:42:56.348  5631  5631 D StrictMode: 	at com.android.providers.contacts.FastScrollingIndexCache.getInstance(FastScrollingIndexCache.java:95)
11-09 16:42:56.348  5631  5631 D StrictMode: 	at com.android.providers.contacts.ContactsProvider2.initialize(ContactsProvider2.java:1600)
11-09 16:42:56.348  5631  5631 D StrictMode: 	at com.android.providers.contacts.ContactsProvider2.onCreate(ContactsProvider2.java:1575)
11-09 16:42:56.348  5631  5631 D StrictMode: 	at android.content.ContentProvider.attachInfo(ContentProvider.java:1751)
11-09 16:42:56.348  5631  5631 D StrictMode: 	at android.content.ContentProvider.attachInfo(ContentProvider.java:1726)
11-09 16:42:56.348  5631  5631 D StrictMode: 	at android.app.ActivityThread.installProvider(ActivityThread.java:5920)
11-09 16:42:56.348  5631  5631 D StrictMode: 	at android.app.ActivityThread.installContentProviders(ActivityThread.java:5490)
11-09 16:42:56.348  5631  5631 D StrictMode: 	at android.app.ActivityThread.handleBindApplication(ActivityThread.java:5429)
11-09 16:42:56.348  5631  5631 D StrictMode: 	at android.app.ActivityThread.-wrap2(ActivityThread.java)
11-09 16:42:56.348  5631  5631 D StrictMode: 	at android.app.ActivityThread$H.handleMessage(ActivityThread.java:1564)
11-09 16:42:56.348  5631  5631 D StrictMode: 	at android.os.Handler.dispatchMessage(Handler.java:102)
11-09 16:42:56.348  5631  5631 D StrictMode: 	at android.os.Looper.loop(Looper.java:154)
11-09 16:42:56.348  5631  5631 D StrictMode: 	at android.app.ActivityThread.main(ActivityThread.java:6186)
11-09 16:42:56.348  5631  5631 D StrictMode: 	at java.lang.reflect.Method.invoke(Native Method)
11-09 16:42:56.348  5631  5631 D StrictMode: 	at com.android.internal.os.ZygoteInit$MethodAndArgsCaller.run(ZygoteInit.java:889)
11-09 16:42:56.348  5631  5631 D StrictMode: 	at com.android.internal.os.ZygoteInit.main(ZygoteInit.java:779)
11-09 16:42:56.366  3609  5498 I ActivityManager: Start proc 5653:com.android.providers.calendar/u0a4 for broadcast com.android.providers.calendar/.CalendarUpgradeReceiver
11-09 16:42:56.400  5653  5653 W System  : ClassLoader referenced unknown path: /system/priv-app/CalendarProvider/lib/arm64
11-09 16:42:56.456  5631  5650 I ContactsDatabaseHelper: Bootstrapping database version: 1111
11-09 16:42:56.540  5653  5653 I CalendarDatabaseHelper: Bootstrapping database
11-09 16:42:56.661  5653  5653 I CalendarProvider2: Created com.android.providers.calendar.CalendarAlarmManager@459ede5(com.android.providers.calendar.CalendarProvider2@4e440ba)
11-09 16:42:56.690  5386  5391 I art     : Compiler allocated 4MB to compile android.database.Cursor com.android.providers.media.MediaProvider.query(android.net.Uri, java.lang.String[], java.lang.String, java.lang.String[], java.lang.String)
11-09 16:42:56.732  5631  5650 I ContactsProviderV1: Bootstrapping database legacy support
11-09 16:42:56.772  5653  5653 I CalendarUpgradeReceiver: Creating or opening calendar database
11-09 16:42:56.774  3609  5440 I PreBootBroadcaster: Pre-boot of {com.android.providers.contacts/com.android.providers.contacts.ContactsUpgradeReceiver} for user 0
11-09 16:42:56.780  3609  3609 D ZenLog  : disable_effects: 0|android|0|PreBootBroadcaster|1000,booleanState
11-09 16:42:57.137  5631  5631 I ContactsUpgradeReceiver: Creating or opening contacts database
11-09 16:42:57.234  5431  5610 I chatty  : uid=1027(nfc) com.android.nfc expire 1 line
11-09 16:42:57.377  5631  5652 W art     : Long monitor contention with owner ContactsProviderWorker (5650) at long android.database.sqlite.SQLiteConnection.nativePrepareStatement(long, java.lang.String)(SQLiteConnection.java:-2) waiters=0 in android.database.sqlite.SQLiteDatabase android.database.sqlite.SQLiteOpenHelper.getWritableDatabase() for 866ms
11-09 16:42:57.379  5631  5652 I CallLogDatabaseHelper: Migrating from old tables...
11-09 16:42:57.425  5631  5650 I ContactLocale: AddressBook Labels [[en_US]]: [, A, B, C, D, E, F, G, H, I, J, K, L, M, N, O, P, Q, R, S, T, U, V, W, X, Y, Z, , , , , , , , , , , , , , , , , , , , , , , , , , , , , , , , , , , , , , , , , , , , , , , , , , , , , , , , , , , , , , , , , , , , , , , , , , , , , , , , , , , , , , , , , , , , , , , , , , , , , , , , , , , , , , , , , , , , , , , , , , , , , , , , , , , , , , , , , , , , , , , , , , , , , , , , , , , , , , , , , , , , , , , , , , , , , , , , , , , , , , , , , , , #, ]
11-09 16:42:57.433  5631  5652 I CallLogDatabaseHelper: Source tables don't exist.
11-09 16:42:57.451  5386  5391 I art     : Do partial code cache collection, code=27KB, data=30KB
11-09 16:42:57.451  5386  5391 I art     : After code cache collection, code=27KB, data=30KB
11-09 16:42:57.451  5386  5391 I art     : Increasing code cache capacity to 128KB
11-09 16:42:57.514  5631  5631 I ContactsDatabaseHelper: Bootstrapping database version: 1111
11-09 16:42:57.640  5631  5652 I CallLogDatabaseHelper: Migrating from old tables...
11-09 16:42:57.679  5631  5652 I CallLogDatabaseHelper: Source tables don't exist.
11-09 16:42:57.679  5631  5631 I ContactsProviderV1: Bootstrapping database legacy support
11-09 16:42:57.694  5653  5653 I CalendarProvider2: Sending notification intent: Intent { act=android.intent.action.PROVIDER_CHANGED dat=content://com.android.calendar flg=0x20000000 }
11-09 16:42:57.694  5653  5653 W ContentResolver: Failed to get type for: content://com.android.calendar (Unknown URL content://com.android.calendar)
11-09 16:42:57.750  3609  3667 I PackageManager: Replacing preferred activity com.android.messaging/.ui.conversation.LaunchConversationActivity for user 0:
11-09 16:42:57.752  3609  5490 I PackageManager: Replacing preferred activity com.android.messaging/.ui.conversation.LaunchConversationActivity for user 0:
11-09 16:42:57.752  3609  5490 I chatty  : uid=1000(system) Binder:3609_8 expire 4 lines
11-09 16:42:57.754  3609  5437 I PackageManager: Replacing preferred activity com.android.messaging/.ui.conversation.LaunchConversationActivity for user 0:
11-09 16:42:57.754  3609  5437 I chatty  : uid=1000(system) Binder:3609_6 expire 4 lines
11-09 16:42:57.756  3609  3666 I PackageManager: Replacing preferred activity com.android.messaging/.ui.conversation.LaunchConversationActivity for user 0:
11-09 16:42:57.757  3609  3666 I chatty  : uid=1000(system) Binder:3609_1 expire 4 lines
11-09 16:42:57.802  4912  4912 D CarrierSvcBindHelper: No carrier app for: 0
11-09 16:42:57.830  4912  4912 D CarrierSvcBindHelper: No carrier app for: 0
11-09 16:42:57.852  4912  4912 D CarrierSvcBindHelper: No carrier app for: 0
11-09 16:42:57.937  5631  5631 I ContactsProvider: Locale has changed from null to [en_US]
11-09 16:42:57.939  5631  5631 I ContactsDatabaseHelper: Switching to locale [en_US] (ICU v56.1)
11-09 16:42:58.134  5631  5631 I ContactsDatabaseHelper: Locale change completed in 195ms
11-09 16:42:58.136  5631  5631 I ContactsDatabaseHelper: Switching to locale [en_US] (ICU v56.1)
11-09 16:42:58.167  5431  5585 I chatty  : uid=1027(nfc) AsyncTask #1 expire 1 line
11-09 16:42:58.167  5431  5579 I chatty  : uid=1027(nfc) com.android.nfc expire 2 lines
11-09 16:42:58.167  5431  5579 I BrcmNfcNfa: NFA_CeSetIsoDepListenTech (): 0x1
11-09 16:42:58.167  5431  5579 I BrcmNfcNfa: NFA_CeRegisterAidOnDH ()
11-09 16:42:58.167  5431  5605 D SecHAL  : data_trace:  Recv(  6) 60 06 03   01 01 01 
11-09 16:42:58.167  5431  5579 D BrcmNfcJni: nativeNfcTag_registerNdefTypeHandler
11-09 16:42:58.167  5431  5605 I SecHAL  : OSI_timer_start: enter,osi_lock
11-09 16:42:58.167  5431  5579 I BrcmNfcNfa: NFA_RegisterNDefTypeHandler (): handle whole ndef message: 1, tnf=0xff
11-09 16:42:58.167  5431  5605 I SecHAL  : OSI_timer_start: before osi_unlock
11-09 16:42:58.167  5431  5605 I SecHAL  : OSI_timer_start: exit
11-09 16:42:58.168  5431  5605 I SecHAL  : nfc_data_callback: !
11-09 16:42:58.168  5431  5579 D BrcmNfcJni: NfcTag::resetTechnologies
11-09 16:42:58.168  5431  5605 D NfcAdaptation: NfcAdaptation::HalDeviceContextDataCallback: len=6
11-09 16:42:58.168  5431  5579 D NfcAdaptation: const CNfcParam *CNfcConfig::find(const char *) const found PRESENCE_CHECK_ALGORITHM=(0x5)
11-09 16:42:58.168  5431  5579 D BrcmNfcJni: PeerToPeer::initialize
11-09 16:42:58.168  5431  5579 D NfcAdaptation: const CNfcParam *CNfcConfig::find(const char *) const found P2P_LISTEN_TECH_MASK=(0xC4)
11-09 16:42:58.168  5431  5579 D BrcmNfcJni: PeerToPeer::handleNfcOnOff: enter; is on=1
11-09 16:42:58.168  5431  5579 D BrcmNfcJni: PeerToPeer::handleNfcOnOff: exit
11-09 16:42:58.168  5431  5579 D NfcAdaptation: const CNfcParam *CNfcConfig::find(const char *) const found POLLING_TECH_MASK=(0xEF)
11-09 16:42:58.168  5431  5579 D BrcmNfcJni: nfcManager_doInitialize: tag polling tech mask=0xEF
11-09 16:42:58.168  5431  5579 D NfcAdaptation: const CNfcParam *CNfcConfig::find(const char *) const found NFA_DM_DISC_DURATION_POLL=(0x1F4)
11-09 16:42:58.168  5431  5579 I BrcmNfcNfa: NFA_SetRfDiscoveryDuration ()
11-09 16:42:58.168  5431  5579 I BrcmNfcNfa: NFA_GetConfig (): num_ids: 1
11-09 16:42:58.168  5431  5585 I BrcmNfcNfa: NFC received ntf gid:0
11-09 16:42:58.168  5431  5585 I BrcmNfcNfa: nci_proc_core_ntf opcode:0x6
11-09 16:42:58.168  5431  5585 I BrcmNfcNfa: nfc_ncif_send_data :1, num_buff:1 qc:0
11-09 16:42:58.168  5431  5585 I BrcmNfcNfa: NFA got event 0x0703
11-09 16:42:58.168  5431  5585 I BrcmNfcNfa: nfa_ce_handle_event event: NFA_CE_API_CFG_ISODEP_TECH_EVT (0x703), flags: 00000000
11-09 16:42:58.168  5431  5585 I BrcmNfcNfa: NFA got event 0x0701
11-09 16:42:58.168  5431  5585 I BrcmNfcNfa: nfa_ce_handle_event event: NFA_CE_API_REG_LISTEN_EVT (0x701), flags: 00000000
11-09 16:42:58.168  5431  5585 I BrcmNfcNfa: Registering UICC/Felica/Type-4 tag listener. Type=1
11-09 16:42:58.168  5431  5585 I BrcmNfcNfa: NFA_CE: adding listen_info entry 1
11-09 16:42:58.168  5431  5585 I BrcmNfcNfa: CE_T4tRegisterAID (): registering callback for wildcard AID 
11-09 16:42:58.168  5431  5585 I BrcmNfcNfa: CE_T4tRegisterAID (): handle 0x04 registered (for wildcard AID)
11-09 16:42:58.168  5431  5585 I BrcmNfcNfa: nfa_dm_add_rf_discover () disc_mask=0x40000
11-09 16:42:58.168  5431  5585 I BrcmNfcNfa: nfa_ce_api_reg_listen: registered handle 0x0301
11-09 16:42:58.168  5431  5585 D BrcmNfcJni: RoutingManager::stackCallback: event=0x15
11-09 16:42:58.168  5431  5585 D BrcmNfcJni: RoutingManager::stackCallback: NFA_CE_REGISTERED_EVT; status=0x0; h=0x301
11-09 16:42:58.168  5431  5585 I BrcmNfcNfa: NFA got event 0x0115
11-09 16:42:58.168  5431  5585 I BrcmNfcNfa: nfa_dm_evt_hdlr event: NFA_DM_API_REG_NDEF_HDLR_EVT (0x15)
11-09 16:42:58.168  5431  5585 I BrcmNfcNfa: Default NDEF handler successfully registered.
11-09 16:42:58.168  5431  5585 I BrcmNfcNfa: NDEF handler successfully registered. Handle=0x00000200
11-09 16:42:58.168  5431  5585 D BrcmNfcJni: ndefHandlerCallback: event=0, eventData=0x7f85605320
11-09 16:42:58.168  5431  5585 D BrcmNfcJni: ndefHandlerCallback: NFA_NDEF_REGISTER_EVT; status=0x0; h=0x200
11-09 16:42:58.168  5431  5585 I BrcmNfcNfa: NFA got event 0x0110
11-09 16:42:58.168  5431  5585 I BrcmNfcNfa: nfa_dm_evt_hdlr event: NFA_DM_API_SET_RF_DISC_DURATION_EVT (0x10)
11-09 16:42:58.168  5431  5585 I BrcmNfcNfa: NFA got event 0x0103
11-09 16:42:58.168  5431  5585 I BrcmNfcNfa: nfa_dm_evt_hdlr event: NFA_DM_API_GET_CONFIG_EVT (0x03)
11-09 16:42:58.168  5431  5585 D NfcAdaptation: NfcAdaptation::HalWrite
11-09 16:42:58.168  5431  5585 I SecHAL  : nfc_hal_write: enter;
11-09 16:42:58.169  5431  5585 I SecHAL  : nfc_hal_write: exit;
11-09 16:42:58.169  5431  5605 D SecHAL  : nfc_hal_task: Got a event: HAL_EVT_WRITE(3)
11-09 16:42:58.169  5431  5605 D SecHAL  : nfc_hal_task: current state: SERVICE
11-09 16:42:58.169  5431  5605 I SecHAL  : OSI_timer_start: enter,osi_lock
11-09 16:42:58.169  5431  5605 I SecHAL  : OSI_timer_start: before osi_unlock
11-09 16:42:58.169  5431  5605 I SecHAL  : OSI_timer_start: exit
11-09 16:42:58.169  5431  5605 I SecHAL  : device_write: enter
11-09 16:42:58.169  5431  5605 I SecHAL  : device_write: before system call
11-09 16:42:58.169  5431  5605 I SecHAL  : device_write: after system call
11-09 16:42:58.169  5431  5605 D SecHAL  : data_trace:  Send(  5) 20 03 02   01 52 
11-09 16:42:58.169  5431  5605 I SecHAL  : device_write: exit
11-09 16:42:58.169  5431  5604 D SecHAL  : read_thread: Sent message to HAL message task, remind que: 2
11-09 16:42:58.170  5431  5605 D SecHAL  : nfc_hal_task: Got a event: HAL_EVT_READ(4)
11-09 16:42:58.170  5431  5605 D SecHAL  : nfc_hal_task: current state: SERVICE
11-09 16:42:58.170  5431  5605 D SecHAL  : data_trace:  Recv(  8) 40 03 05   00 01 52 01 01 
11-09 16:42:58.170  5431  5605 I SecHAL  : OSI_timer_start: enter,osi_lock
11-09 16:42:58.170  5431  5605 I SecHAL  : OSI_timer_start: before osi_unlock
11-09 16:42:58.170  5431  5605 I SecHAL  : OSI_timer_start: exit
11-09 16:42:58.170  5431  5605 I SecHAL  : nfc_data_callback: !
11-09 16:42:58.170  5431  5605 D NfcAdaptation: NfcAdaptation::HalDeviceContextDataCallback: len=8
11-09 16:42:58.170  5431  5585 I BrcmNfcNfa: NFC received rsp gid:0
11-09 16:42:58.170  5431  5585 I BrcmNfcNfa: nci_proc_core_rsp opcode:0x3
11-09 16:42:58.170  5431  5585 I BrcmNfcNfa: nfa_dm_nfc_response_cback () NFC_GET_CONFIG_REVT(0x5003)
11-09 16:42:58.170  5431  5585 D BrcmNfcJni: nfaDeviceManagementCallback: enter; event=0x3
11-09 16:42:58.170  5431  5585 D BrcmNfcJni: nfaDeviceManagementCallback: NFA_DM_GET_CONFIG_EVT
11-09 16:42:58.170  5431  5579 D BrcmNfcJni: nfcManager_doInitialize: lfT3tMax=1
11-09 16:42:58.170  5431  5579 I BrcmNfcNfa: NFA_SetConfig (): param_id:0xC5
11-09 16:42:58.170  5431  5585 I BrcmNfcNfa: NFA got event 0x0102
11-09 16:42:58.170  5431  5585 I BrcmNfcNfa: nfa_dm_evt_hdlr event: NFA_DM_API_SET_CONFIG_EVT (0x02)
11-09 16:42:58.170  5431  5585 I BrcmNfcNfa: nfa_dm_check_set_config ()
11-09 16:42:58.170  5431  5585 D NfcAdaptation: NfcAdaptation::HalWrite
11-09 16:42:58.170  5431  5585 I SecHAL  : nfc_hal_write: enter;
11-09 16:42:58.171  5431  5585 I SecHAL  : nfc_hal_write: exit;
11-09 16:42:58.171  5431  5605 D SecHAL  : nfc_hal_task: Got a event: HAL_EVT_WRITE(3)
11-09 16:42:58.171  5431  5605 D SecHAL  : nfc_hal_task: current state: SERVICE
11-09 16:42:58.171  5431  5605 I SecHAL  : OSI_timer_start: enter,osi_lock
11-09 16:42:58.171  5431  5605 I SecHAL  : OSI_timer_start: before osi_unlock
11-09 16:42:58.171  5431  5605 I SecHAL  : OSI_timer_start: exit
11-09 16:42:58.171  5431  5605 I SecHAL  : device_write: enter
11-09 16:42:58.171  5431  5605 I SecHAL  : device_write: before system call
11-09 16:42:58.171  5431  5605 I SecHAL  : device_write: after system call
11-09 16:42:58.171  5431  5605 D SecHAL  : data_trace:  Send(  7) 20 02 04   01 c5 01 01 
11-09 16:42:58.171  5431  5605 I SecHAL  : device_write: exit
11-09 16:42:58.171  5431  5605 D SecHAL  : nfc_hal_task: Got a event: HAL_EVT_READ(4)
11-09 16:42:58.171  5431  5604 D SecHAL  : read_thread: Sent message to HAL message task, remind que: 2
11-09 16:42:58.171  5431  5605 D SecHAL  : nfc_hal_task: current state: SERVICE
11-09 16:42:58.172  5431  5605 D SecHAL  : data_trace:  Recv(  6) 40 02 03   09 01 c5 
11-09 16:42:58.172  5431  5605 I SecHAL  : OSI_timer_start: enter,osi_lock
11-09 16:42:58.172  5431  5605 I SecHAL  : OSI_timer_start: before osi_unlock
11-09 16:42:58.172  5431  5605 I SecHAL  : OSI_timer_start: exit
11-09 16:42:58.172  5431  5605 I SecHAL  : nfc_data_callback: !
11-09 16:42:58.172  5431  5605 D NfcAdaptation: NfcAdaptation::HalDeviceContextDataCallback: len=6
11-09 16:42:58.172  5431  5585 I BrcmNfcNfa: NFC received rsp gid:0
11-09 16:42:58.172  5431  5585 I BrcmNfcNfa: nci_proc_core_rsp opcode:0x2
11-09 16:42:58.172  5431  5585 I BrcmNfcNfa: nfa_dm_nfc_response_cback () NFC_SET_CONFIG_REVT(0x5002)
11-09 16:42:58.172  5431  5585 D BrcmNfcJni: nfaDeviceManagementCallback: enter; event=0x2
11-09 16:42:58.172  5431  5585 D BrcmNfcJni: nfaDeviceManagementCallback: NFA_DM_SET_CONFIG_EVT
11-09 16:42:58.172  5431  5579 D BrcmNfcJni: PowerSwitch::setLevel: level=PS-LOW-POWER (2)
11-09 16:42:58.172  5431  5579 D BrcmNfcJni: PowerSwitch::setLevel: actual power level=PS-FULL
11-09 16:42:58.172  5431  5579 D BrcmNfcJni: nfcManager_doInitialize: exit
11-09 16:42:58.174  5431  5579 D NdefPushServer: start, thread = null
