09-16 12:01:43.699  3686  3948 I PackageManager: /system/priv-app/Settings changed; collecting certs
09-16 12:01:43.786  3686  3686 D PackageManager: end scanDirLI:/system/priv-app
09-16 12:01:43.787  3686  3686 D PackageManager: start scanDirLI:/system/app
09-16 12:01:43.787  3686  3686 D PackageManager: max thread:6
09-16 12:01:43.794  3686  3947 I PackageManager: /system/app/BookmarkProvider changed; collecting certs
09-16 12:01:43.794  3686  3950 I PackageManager: /system/app/BluetoothMidiService changed; collecting certs
09-16 12:01:43.795  3686  3946 I PackageManager: /system/app/BasicDreams changed; collecting certs
09-16 12:01:43.798  3686  3949 I PackageManager: /system/app/AdvancedDisplay changed; collecting certs
09-16 12:01:43.810  3686  3947 I PackageManager: /system/app/CaptivePortalLogin changed; collecting certs
09-16 12:01:43.813  3686  3948 I PackageManager: /system/app/Calendar changed; collecting certs
09-16 12:01:43.813  3686  3951 W PackageParser: No actions in intent filter at /system/app/Bluetooth/Bluetooth.apk Binary XML file line #226
09-16 12:01:43.816  3686  3950 I PackageManager: /system/app/Camera2 changed; collecting certs
09-16 12:01:43.818  3686  3951 I PackageManager: /system/app/Bluetooth changed; collecting certs
09-16 12:01:43.820  3686  3947 I PackageManager: /system/app/CtsShimPrebuilt changed; collecting certs
09-16 12:01:43.826  3686  3947 W PackageManager: Non-privileged app; cap priority to 0; package: com.android.cts.ctsshim activity: com.android.cts.ctsshim.InstallPriority origPrio: 100
09-16 12:01:43.826  3686  3947 W PackageManager: Non-privileged app; cap priority to 0; package: com.android.cts.ctsshim activity: com.android.cts.ctsshim.InstallPriority origPrio: 100
09-16 12:01:43.826  3686  3947 W PackageManager: Non-privileged app; cap priority to 0; package: com.android.cts.ctsshim activity: com.android.cts.ctsshim.InstallPriority origPrio: 100
09-16 12:01:43.826  3686  3947 W PackageManager: Non-privileged app; cap priority to 0; package: com.android.cts.ctsshim activity: com.android.cts.ctsshim.InstallPriority origPrio: 100
09-16 12:01:43.826  3686  3947 W PackageManager: Non-privileged app; cap priority to 0; package: com.android.cts.ctsshim activity: com.android.cts.ctsshim.InstallPriority origPrio: 100
09-16 12:01:43.828  3686  3948 W PackageManager: Non-privileged app; cap priority to 0; package: com.android.calendar activity: com.android.calendar.GoogleCalendarUriIntentFilter origPrio: 50
09-16 12:01:43.829  3686  3946 I PackageManager: /system/app/CertInstaller changed; collecting certs
09-16 12:01:43.834  3686  3949 W PackageParser: Ignoring duplicate uses-permissions/uses-permissions-sdk-m: android.permission.WRITE_SETTINGS in package: com.android.deskclock at: Binary XML file line #45
09-16 12:01:43.838  3686  3948 I PackageManager: /system/app/DownloadProviderUi changed; collecting certs
09-16 12:01:43.846  3686  3949 I PackageManager: /system/app/DeskClock changed; collecting certs
09-16 12:01:43.849  3686  3947 I PackageManager: /system/app/Development changed; collecting certs
09-16 12:01:43.851  3686  3948 I PackageManager: /system/app/ExactCalculator changed; collecting certs
09-16 12:01:43.855  3686  3946 I PackageManager: /system/app/EasterEgg changed; collecting certs
09-16 12:01:43.859  3686  3947 I PackageManager: /system/app/ExtShared changed; collecting certs
09-16 12:01:43.867  3686  3950 I PackageManager: /system/app/Exchange2 changed; collecting certs
09-16 12:01:43.868  3686  3948 I PackageManager: /system/app/HTMLViewer changed; collecting certs
09-16 12:01:43.874  3686  3946 I PackageManager: /system/app/Jelly changed; collecting certs
09-16 12:01:43.879  3686  3949 I PackageManager: /system/app/KeyChain changed; collecting certs
09-16 12:01:43.890  3686  3948 I PackageManager: /system/app/LiveWallpapersPicker changed; collecting certs
09-16 12:01:43.890  3686  3949 I PackageManager: /system/app/PacProcessor changed; collecting certs
09-16 12:01:43.894  3686  3946 W PackageParser: Ignoring duplicate uses-permissions/uses-permissions-sdk-m: android.permission.CHANGE_WIFI_STATE in package: com.android.nfc at: Binary XML file line #47
09-16 12:01:43.894  3686  3946 W PackageParser: Ignoring duplicate uses-permissions/uses-permissions-sdk-m: android.permission.ACCESS_WIFI_STATE in package: com.android.nfc at: Binary XML file line #48
09-16 12:01:43.896  3686  3950 I PackageManager: /system/app/LockClock changed; collecting certs
09-16 12:01:43.899  3686  3946 I PackageManager: /system/app/NfcNci changed; collecting certs
09-16 12:01:43.902  3686  3951 I PackageManager: /system/app/Email changed; collecting certs
09-16 12:01:43.906  3686  3948 I PackageManager: /system/app/PicoTts changed; collecting certs
09-16 12:01:43.908  3686  3949 I PackageManager: /system/app/PhotoTable changed; collecting certs
09-16 12:01:43.917  3686  3946 I PackageManager: /system/app/PrintRecommendationService changed; collecting certs
09-16 12:01:43.921  3686  3947 I PackageManager: /system/app/LatinIME changed; collecting certs
09-16 12:01:43.923  3686  3950 I PackageManager: /system/app/Profiles changed; collecting certs
09-16 12:01:43.929  3686  3949 I PackageManager: /system/app/RootPA changed; collecting certs
09-16 12:01:43.933  3686  3948 I PackageManager: /system/app/PrintSpooler changed; collecting certs
09-16 12:01:43.938  3686  3951 W PackageManager: Permission com.android.email.permission.READ_ATTACHMENT from package com.android.email in an unknown group android.permission-group.MESSAGES
09-16 12:01:43.940  3686  3950 I PackageManager: /system/app/Terminal changed; collecting certs
09-16 12:01:43.941  3686  3946 I PackageManager: /system/app/Stk changed; collecting certs
09-16 12:01:43.947  3686  3948 I PackageManager: /system/app/WallpaperBackup changed; collecting certs
09-16 12:01:43.948  3686  3951 I PackageManager: /system/app/UserDictionaryProvider changed; collecting certs
09-16 12:01:43.949  3686  3949 I PackageManager: /system/app/WAPPushManager changed; collecting certs
09-16 12:01:43.953  3686  3950 W PackageManager: Failed to parse /system/app/mcRegistry: Missing base APK in /system/app/mcRegistry
09-16 12:01:43.955  3686  3946 I PackageManager: /system/app/WallpaperPicker changed; collecting certs
09-16 12:01:43.962  3686  3950 I PackageManager: /system/app/telresources changed; collecting certs
09-16 12:01:43.976  3686  3949 I PackageManager: /system/app/webview changed; collecting certs
09-16 12:01:43.989  3686  3948 I PackageManager: /system/app/messaging changed; collecting certs
09-16 12:01:44.297  3686  3686 D PackageManager: end scanDirLI:/system/app
09-16 12:01:44.297  3686  3686 D PackageManager: No files in app dir /system/vendor/app
09-16 12:01:44.297  3686  3686 D PackageManager: No files in app dir /oem/app
09-16 12:01:44.301  3686  3686 D PackageManager: No files in app dir /data/app
09-16 12:01:44.302  3686  3686 D PackageManager: No files in app dir /data/app-private
09-16 12:01:44.302  3686  3686 D PackageManager: No files in app dir /data/app-ephemeral
09-16 12:01:44.305  3686  3686 E PackageManager: There should probably be exactly one setup wizard; found 0: matches=[]
09-16 12:01:44.305  3686  3686 W PackageManager: Protected action; cap priority to 0; package: com.android.cts.priv.ctsshim activity: com.android.cts.priv.ctsshim.InstallPriority origPrio: 100
09-16 12:01:44.305  3686  3686 W PackageManager: Protected action; cap priority to 0; package: com.android.cts.priv.ctsshim activity: com.android.cts.priv.ctsshim.InstallPriority origPrio: 100
09-16 12:01:44.305  3686  3686 W PackageManager: Protected action; cap priority to 0; package: com.android.cts.priv.ctsshim activity: com.android.cts.priv.ctsshim.InstallPriority origPrio: 100
09-16 12:01:44.305  3686  3686 W PackageManager: Protected action; cap priority to 0; package: com.android.cts.priv.ctsshim activity: com.android.cts.priv.ctsshim.InstallPriority origPrio: 100
09-16 12:01:44.305  3686  3686 W PackageManager: Protected action; cap priority to 0; package: com.android.packageinstaller activity: com.android.packageinstaller.PackageInstallerActivity origPrio: 1
09-16 12:01:44.306  3686  3686 W PackageManager: Package com.android.gallery3d desires unavailable shared library com.google.android.media.effects; ignoring!
09-16 12:01:44.306  3686  3686 W PackageManager: Package com.android.gallery3d desires unavailable shared library com.google.android.media.effects; ignoring!
09-16 12:01:44.306  3686  3686 I PackageManager: Adjusting ABI for com.android.providers.downloads.ui to arm64-v8a (requirer=com.android.mtp, scannedPackage=null)
09-16 12:01:44.307  3686  3686 I PackageManager: Adjusting ABI for com.android.providers.downloads to arm64-v8a (requirer=com.android.mtp, scannedPackage=null)
09-16 12:01:44.307  3686  3686 I PackageManager: Adjusting ABI for com.android.providers.media to arm64-v8a (requirer=com.android.mtp, scannedPackage=null)
09-16 12:01:44.308  3686  3686 I PackageManager: Adjusting ABI for org.cyanogenmod.cmsettings to arm64-v8a (requirer=android, scannedPackage=null)
09-16 12:01:44.308  3686  3686 I PackageManager: Adjusting ABI for com.android.providers.settings to arm64-v8a (requirer=android, scannedPackage=null)
09-16 12:01:44.309  3686  3686 I PackageManager: Adjusting ABI for com.android.server.telecom to arm64-v8a (requirer=android, scannedPackage=null)
09-16 12:01:44.309  3686  3686 I PackageManager: Adjusting ABI for com.android.inputdevices to arm64-v8a (requirer=android, scannedPackage=null)
09-16 12:01:44.309  3686  3686 I PackageManager: Adjusting ABI for com.android.development to arm64-v8a (requirer=android, scannedPackage=null)
09-16 12:01:44.310  3686  3686 I PackageManager: Adjusting ABI for com.android.location.fused to arm64-v8a (requirer=android, scannedPackage=null)
09-16 12:01:44.310  3686  3686 I PackageManager: Adjusting ABI for com.android.keychain to arm64-v8a (requirer=android, scannedPackage=null)
09-16 12:01:44.310  3686  3686 I PackageManager: Adjusting ABI for com.android.wallpaperbackup to arm64-v8a (requirer=android, scannedPackage=null)
09-16 12:01:44.311  3686  3686 I PackageManager: Adjusting ABI for com.android.settings to arm64-v8a (requirer=android, scannedPackage=null)
09-16 12:01:44.311  3686  3686 I PackageManager: Adjusting ABI for org.cyanogenmod.cmparts to arm64-v8a (requirer=android, scannedPackage=null)
09-16 12:01:44.311  3686  3686 I PackageManager: Adjusting ABI for com.cyanogenmod.settings.device to arm64-v8a (requirer=android, scannedPackage=null)
09-16 12:01:44.312  3686  3686 I PackageManager: Adjusting ABI for com.cyanogenmod.setupwizard to arm64-v8a (requirer=android, scannedPackage=null)
09-16 12:01:44.312  3686  3686 I PackageManager: Adjusting ABI for cyanogenmod.platform to arm64-v8a (requirer=android, scannedPackage=null)
09-16 12:01:44.312  3277  3277 E         : invalid apk path '/system/framework/org.cyanogenmod.platform-res.apk' (bad prefix)
09-16 12:01:44.314  3686  3686 I PackageManager: Time to scan packages: 2.688 seconds
09-16 12:01:44.316  3686  3686 W PackageManager: Unknown permission com.google.android.googleapps.permission.GOOGLE_AUTH in package com.android.providers.calendar
09-16 12:01:44.316  3686  3686 W PackageManager: Unknown permission com.google.android.googleapps.permission.GOOGLE_AUTH.cl in package com.android.providers.calendar
09-16 12:01:44.321  3686  3686 W PackageManager: Unknown permission cyanogenmod.permission.LEGALESE in package com.cyanogenmod.setupwizard
09-16 12:01:44.324  3686  3686 W PackageManager: Unknown permission com.android.gallery3d.permission.STORAGE_CHANGE in package com.android.camera2
09-16 12:01:44.325  3686  3686 W PackageManager: Unknown permission android.permission.NFC_UNLOCK in package com.android.nfc
09-16 12:01:44.328  3686  3686 W PackageManager: Unknown permission com.google.android.googleapps.permission.GOOGLE_AUTH.mail in package com.android.calendar
09-16 12:01:44.329  3686  3686 W PackageManager: Unknown permission com.android.launcher.permission.READ_SETTINGS in package com.android.onetimeinitializer
09-16 12:01:44.329  3686  3686 W PackageManager: Unknown permission com.android.launcher.permission.WRITE_SETTINGS in package com.android.onetimeinitializer
09-16 12:01:44.335  3686  3686 W PackageManager: Unknown permission com.android.launcher.permission.READ_SETTINGS in package com.cyanogenmod.trebuchet
09-16 12:01:44.335  3686  3686 W PackageManager: Unknown permission com.android.launcher.permission.WRITE_SETTINGS in package com.cyanogenmod.trebuchet
09-16 12:01:44.336  3686  3686 W PackageManager: Unknown permission com.google.android.permission.INSTALL_WEARABLE_PACKAGES in package com.android.packageinstaller
09-16 12:01:44.336  3686  3686 W PackageManager: Not granting permission android.permission.DELETE_PACKAGES to package com.svox.pico (protectionLevel=18 flags=0x3808be45)
09-16 12:01:44.339  3686  3686 W PackageManager: Unknown permission com.google.android.gallery3d.permission.PICASA_STORE in package com.android.dreams.phototable
09-16 12:01:44.340  3686  3686 W PackageManager: Unknown permission com.google.android.googleapps.permission.GOOGLE_AUTH in package com.android.settings
09-16 12:01:44.341  3686  3686 W PackageManager: Unknown permission com.android.launcher.permission.READ_SETTINGS in package com.android.settings
09-16 12:01:44.341  3686  3686 W PackageManager: Unknown permission com.android.launcher.permission.WRITE_SETTINGS in package com.android.settings
09-16 12:01:44.356  3686  3686 W PackageManager: Not granting permission android.permission.MANAGE_DOCUMENTS to package com.android.deskclock (protectionLevel=2 flags=0x3c49be45)
09-16 12:01:44.356  3686  3686 W PackageManager: Unknown permission com.android.deskclock.worldclock.permissions.WRITE_DATABASE in package com.android.deskclock
09-16 12:01:44.356  3686  3686 W PackageManager: Unknown permission org.codeaurora.permission.POWER_ON_ALERT in package com.android.deskclock
09-16 12:01:44.356  3686  3686 W PackageManager: Not granting permission android.permission.WRITE_SECURE_SETTINGS to package com.android.deskclock (protectionLevel=50 flags=0x3c49be45)
09-16 12:01:44.362  3686  3686 W PackageManager: Unknown permission com.cyanogenmod.lockclock.permission.READ_WEATHER in package com.android.systemui
09-16 12:01:44.366  3686  3686 W PackageManager: Unknown permission com.google.android.gallery3d.permission.GALLERY_PROVIDER in package com.android.bluetooth
09-16 12:01:44.368  3686  3686 W PackageManager: Unknown permission com.google.android.googleapps.permission.ACCESS_GOOGLE_PASSWORD in package com.android.development
09-16 12:01:44.368  3686  3686 W PackageManager: Unknown permission com.google.android.googleapps.permission.GOOGLE_AUTH in package com.android.development
09-16 12:01:44.368  3686  3686 W PackageManager: Unknown permission com.google.android.googleapps.permission.GOOGLE_AUTH.ALL_SERVICES in package com.android.development
09-16 12:01:44.368  3686  3686 W PackageManager: Unknown permission com.google.android.googleapps.permission.GOOGLE_AUTH.YouTubeUser in package com.android.development
09-16 12:01:44.370  3686  3686 V PackageManager: reconcileAppsData for null u0 0x3
09-16 12:01:44.371  3277  3277 I SELinux : SELinux: Loaded file_contexts contexts from /file_contexts.bin.
09-16 12:01:44.372  3277  3277 D installd: Detected label change from u:object_r:system_data_file:s0 to u:object_r:app_data_file:s0:c512,c768 at /data/data/com.android.cts.priv.ctsshim; running recursive restorecon
09-16 12:01:44.373  3277  3277 D installd: Detected label change from u:object_r:system_data_file:s0 to u:object_r:app_data_file:s0:c512,c768 at /data/user_de/0/com.android.cts.priv.ctsshim; running recursive restorecon
09-16 12:01:44.375  3277  3277 D installd: Detected label change from u:object_r:system_data_file:s0 to u:object_r:app_data_file:s0:c512,c768 at /data/data/com.gd.mobicore.pa; running recursive restorecon
09-16 12:01:44.376  3277  3277 D installd: Detected label change from u:object_r:system_data_file:s0 to u:object_r:app_data_file:s0:c512,c768 at /data/user_de/0/com.gd.mobicore.pa; running recursive restorecon
09-16 12:01:44.378  3277  3277 D installd: Detected label change from u:object_r:system_data_file:s0 to u:object_r:radio_data_file:s0 at /data/data/com.android.providers.telephony; running recursive restorecon
09-16 12:01:44.378  3277  3277 D installd: Detected label change from u:object_r:system_data_file:s0 to u:object_r:radio_data_file:s0 at /data/user_de/0/com.android.providers.telephony; running recursive restorecon
09-16 12:01:44.380  3277  3277 D installd: Detected label change from u:object_r:system_data_file:s0 to u:object_r:app_data_file:s0:c512,c768 at /data/data/com.android.providers.calendar; running recursive restorecon
09-16 12:01:44.381  3277  3277 D installd: Detected label change from u:object_r:system_data_file:s0 to u:object_r:app_data_file:s0:c512,c768 at /data/user_de/0/com.android.providers.calendar; running recursive restorecon
09-16 12:01:44.383  3277  3277 D installd: Detected label change from u:object_r:system_data_file:s0 to u:object_r:app_data_file:s0:c512,c768 at /data/data/com.android.providers.media; running recursive restorecon
09-16 12:01:44.384  3277  3277 D installd: Detected label change from u:object_r:system_data_file:s0 to u:object_r:app_data_file:s0:c512,c768 at /data/user_de/0/com.android.providers.media; running recursive restorecon
09-16 12:01:44.386  3277  3277 D installd: Detected label change from u:object_r:system_data_file:s0 to u:object_r:app_data_file:s0:c512,c768 at /data/data/com.android.wallpapercropper; running recursive restorecon
09-16 12:01:44.386  3277  3277 D installd: Detected label change from u:object_r:system_data_file:s0 to u:object_r:app_data_file:s0:c512,c768 at /data/user_de/0/com.android.wallpapercropper; running recursive restorecon
09-16 12:01:44.388  3277  3277 D installd: Detected label change from u:object_r:system_data_file:s0 to u:object_r:app_data_file:s0:c512,c768 at /data/data/com.android.documentsui; running recursive restorecon
09-16 12:01:44.389  3277  3277 D installd: Detected label change from u:object_r:system_data_file:s0 to u:object_r:app_data_file:s0:c512,c768 at /data/user_de/0/com.android.documentsui; running recursive restorecon
09-16 12:01:44.391  3277  3277 D installd: Detected label change from u:object_r:system_data_file:s0 to u:object_r:app_data_file:s0:c512,c768 at /data/data/com.android.externalstorage; running recursive restorecon
09-16 12:01:44.392  3277  3277 D installd: Detected label change from u:object_r:system_data_file:s0 to u:object_r:app_data_file:s0:c512,c768 at /data/user_de/0/com.android.externalstorage; running recursive restorecon
09-16 12:01:44.394  3277  3277 D installd: Detected label change from u:object_r:system_data_file:s0 to u:object_r:app_data_file:s0:c512,c768 at /data/data/com.android.htmlviewer; running recursive restorecon
09-16 12:01:44.394  3277  3277 D installd: Detected label change from u:object_r:system_data_file:s0 to u:object_r:app_data_file:s0:c512,c768 at /data/user_de/0/com.android.htmlviewer; running recursive restorecon
09-16 12:01:44.396  3277  3277 D installd: Detected label change from u:object_r:system_data_file:s0 to u:object_r:radio_data_file:s0 at /data/data/com.android.mms.service; running recursive restorecon
09-16 12:01:44.397  3277  3277 D installd: Detected label change from u:object_r:system_data_file:s0 to u:object_r:radio_data_file:s0 at /data/user_de/0/com.android.mms.service; running recursive restorecon
09-16 12:01:44.398  3277  3277 D installd: Detected label change from u:object_r:system_data_file:s0 to u:object_r:app_data_file:s0:c512,c768 at /data/data/com.android.providers.downloads; running recursive restorecon
09-16 12:01:44.399  3277  3277 D installd: Detected label change from u:object_r:system_data_file:s0 to u:object_r:app_data_file:s0:c512,c768 at /data/user_de/0/com.android.providers.downloads; running recursive restorecon
09-16 12:01:44.401  3277  3277 D installd: Detected label change from u:object_r:system_data_file:s0 to u:object_r:app_data_file:s0:c512,c768 at /data/data/com.android.messaging; running recursive restorecon
09-16 12:01:44.402  3277  3277 D installd: Detected label change from u:object_r:system_data_file:s0 to u:object_r:app_data_file:s0:c512,c768 at /data/user_de/0/com.android.messaging; running recursive restorecon
09-16 12:01:44.404  3277  3277 D installd: Detected label change from u:object_r:system_data_file:s0 to u:object_r:app_data_file:s0:c512,c768 at /data/data/com.android.terminal; running recursive restorecon
09-16 12:01:44.405  3277  3277 D installd: Detected label change from u:object_r:system_data_file:s0 to u:object_r:app_data_file:s0:c512,c768 at /data/user_de/0/com.android.terminal; running recursive restorecon
09-16 12:01:44.407  3277  3277 D installd: Detected label change from u:object_r:system_data_file:s0 to u:object_r:app_data_file:s0:c512,c768 at /data/data/org.cyanogenmod.audiofx; running recursive restorecon
09-16 12:01:44.407  3277  3277 D installd: Detected label change from u:object_r:system_data_file:s0 to u:object_r:app_data_file:s0:c512,c768 at /data/user_de/0/org.cyanogenmod.audiofx; running recursive restorecon
09-16 12:01:44.409  3277  3277 D installd: Detected label change from u:object_r:system_data_file:s0 to u:object_r:app_data_file:s0:c512,c768 at /data/data/com.android.defcontainer; running recursive restorecon
09-16 12:01:44.410  3277  3277 D installd: Detected label change from u:object_r:system_data_file:s0 to u:object_r:app_data_file:s0:c512,c768 at /data/user_de/0/com.android.defcontainer; running recursive restorecon
09-16 12:01:44.412  3277  3277 D installd: Detected label change from u:object_r:system_data_file:s0 to u:object_r:system_app_data_file:s0 at /data/data/com.cyanogenmod.setupwizard; running recursive restorecon
09-16 12:01:44.412  3277  3277 D installd: Detected label change from u:object_r:system_data_file:s0 to u:object_r:system_app_data_file:s0 at /data/user_de/0/com.cyanogenmod.setupwizard; running recursive restorecon
09-16 12:01:44.414  3277  3277 D installd: Detected label change from u:object_r:system_data_file:s0 to u:object_r:app_data_file:s0:c512,c768 at /data/data/com.android.providers.downloads.ui; running recursive restorecon
09-16 12:01:44.415  3277  3277 D installd: Detected label change from u:object_r:system_data_file:s0 to u:object_r:app_data_file:s0:c512,c768 at /data/user_de/0/com.android.providers.downloads.ui; running recursive restorecon
09-16 12:01:44.417  3277  3277 D installd: Detected label change from u:object_r:system_data_file:s0 to u:object_r:app_data_file:s0:c512,c768 at /data/data/com.android.pacprocessor; running recursive restorecon
09-16 12:01:44.418  3277  3277 D installd: Detected label change from u:object_r:system_data_file:s0 to u:object_r:app_data_file:s0:c512,c768 at /data/user_de/0/com.android.pacprocessor; running recursive restorecon
09-16 12:01:44.420  3277  3277 D installd: Detected label change from u:object_r:system_data_file:s0 to u:object_r:app_data_file:s0:c512,c768 at /data/data/com.android.certinstaller; running recursive restorecon
09-16 12:01:44.420  3277  3277 D installd: Detected label change from u:object_r:system_data_file:s0 to u:object_r:app_data_file:s0:c512,c768 at /data/user_de/0/com.android.certinstaller; running recursive restorecon
09-16 12:01:44.422  3277  3277 D installd: Detected label change from u:object_r:system_data_file:s0 to u:object_r:app_data_file:s0:c512,c768 at /data/data/com.android.carrierconfig; running recursive restorecon
09-16 12:01:44.423  3277  3277 D installd: Detected label change from u:object_r:system_data_file:s0 to u:object_r:app_data_file:s0:c512,c768 at /data/user_de/0/com.android.carrierconfig; running recursive restorecon
09-16 12:01:44.425  3277  3277 D installd: Detected label change from u:object_r:system_data_file:s0 to u:object_r:system_app_data_file:s0 at /data/data/android; running recursive restorecon
09-16 12:01:44.425  3277  3277 D installd: Detected label change from u:object_r:system_data_file:s0 to u:object_r:system_app_data_file:s0 at /data/user_de/0/android; running recursive restorecon
09-16 12:01:44.427  3277  3277 D installd: Detected label change from u:object_r:system_data_file:s0 to u:object_r:app_data_file:s0:c512,c768 at /data/data/com.android.contacts; running recursive restorecon
09-16 12:01:44.428  3277  3277 D installd: Detected label change from u:object_r:system_data_file:s0 to u:object_r:app_data_file:s0:c512,c768 at /data/user_de/0/com.android.contacts; running recursive restorecon
09-16 12:01:44.430  3277  3277 D installd: Detected label change from u:object_r:system_data_file:s0 to u:object_r:app_data_file:s0:c512,c768 at /data/data/com.android.camera2; running recursive restorecon
09-16 12:01:44.430  3277  3277 D installd: Detected label change from u:object_r:system_data_file:s0 to u:object_r:app_data_file:s0:c512,c768 at /data/user_de/0/com.android.camera2; running recursive restorecon
09-16 12:01:44.432  3277  3277 D installd: Detected label change from u:object_r:system_data_file:s0 to u:object_r:app_data_file:s0:c512,c768 at /data/data/org.lineageos.recorder; running recursive restorecon
09-16 12:01:44.433  3277  3277 D installd: Detected label change from u:object_r:system_data_file:s0 to u:object_r:app_data_file:s0:c512,c768 at /data/user_de/0/org.lineageos.recorder; running recursive restorecon
09-16 12:01:44.435  3277  3277 D installd: Detected label change from u:object_r:system_data_file:s0 to u:object_r:system_app_data_file:s0 at /data/data/cyanogenmod.platform; running recursive restorecon
09-16 12:01:44.436  3277  3277 D installd: Detected label change from u:object_r:system_data_file:s0 to u:object_r:system_app_data_file:s0 at /data/user_de/0/cyanogenmod.platform; running recursive restorecon
09-16 12:01:44.438  3277  3277 D installd: Detected label change from u:object_r:system_data_file:s0 to u:object_r:app_data_file:s0:c512,c768 at /data/data/com.android.egg; running recursive restorecon
09-16 12:01:44.438  3277  3277 D installd: Detected label change from u:object_r:system_data_file:s0 to u:object_r:app_data_file:s0:c512,c768 at /data/user_de/0/com.android.egg; running recursive restorecon
09-16 12:01:44.440  3277  3277 D installd: Detected label change from u:object_r:system_data_file:s0 to u:object_r:app_data_file:s0:c512,c768 at /data/data/com.android.mtp; running recursive restorecon
09-16 12:01:44.441  3277  3277 D installd: Detected label change from u:object_r:system_data_file:s0 to u:object_r:app_data_file:s0:c512,c768 at /data/user_de/0/com.android.mtp; running recursive restorecon
09-16 12:01:44.443  3277  3277 D installd: Detected label change from u:object_r:system_data_file:s0 to u:object_r:nfc_data_file:s0 at /data/data/com.android.nfc; running recursive restorecon
09-16 12:01:44.443  3277  3277 D installd: Detected label change from u:object_r:system_data_file:s0 to u:object_r:nfc_data_file:s0 at /data/user_de/0/com.android.nfc; running recursive restorecon
09-16 12:01:44.445  3277  3277 D installd: Detected label change from u:object_r:system_data_file:s0 to u:object_r:radio_data_file:s0 at /data/data/com.android.stk; running recursive restorecon
09-16 12:01:44.446  3277  3277 D installd: Detected label change from u:object_r:system_data_file:s0 to u:object_r:radio_data_file:s0 at /data/user_de/0/com.android.stk; running recursive restorecon
09-16 12:01:44.447  3277  3277 D installd: Detected label change from u:object_r:system_data_file:s0 to u:object_r:app_data_file:s0:c512,c768 at /data/data/com.android.backupconfirm; running recursive restorecon
09-16 12:01:44.448  3277  3277 D installd: Detected label change from u:object_r:system_data_file:s0 to u:object_r:app_data_file:s0:c512,c768 at /data/user_de/0/com.android.backupconfirm; running recursive restorecon
09-16 12:01:44.450  3277  3277 D installd: Detected label change from u:object_r:system_data_file:s0 to u:object_r:app_data_file:s0:c512,c768 at /data/data/org.cyanogenmod.profiles; running recursive restorecon
09-16 12:01:44.451  3277  3277 D installd: Detected label change from u:object_r:system_data_file:s0 to u:object_r:app_data_file:s0:c512,c768 at /data/user_de/0/org.cyanogenmod.profiles; running recursive restorecon
09-16 12:01:44.453  3277  3277 D installd: Detected label change from u:object_r:system_data_file:s0 to u:object_r:app_data_file:s0:c512,c768 at /data/data/com.cyanogenmod.lockclock; running recursive restorecon
09-16 12:01:44.453  3277  3277 D installd: Detected label change from u:object_r:system_data_file:s0 to u:object_r:app_data_file:s0:c512,c768 at /data/user_de/0/com.cyanogenmod.lockclock; running recursive restorecon
09-16 12:01:44.455  3277  3277 D installd: Detected label change from u:object_r:system_data_file:s0 to u:object_r:app_data_file:s0:c512,c768 at /data/data/com.android.statementservice; running recursive restorecon
09-16 12:01:44.456  3277  3277 D installd: Detected label change from u:object_r:system_data_file:s0 to u:object_r:app_data_file:s0:c512,c768 at /data/user_de/0/com.android.statementservice; running recursive restorecon
09-16 12:01:44.458  3277  3277 D installd: Detected label change from u:object_r:system_data_file:s0 to u:object_r:system_app_data_file:s0 at /data/data/com.cyanogenmod.settings.device; running recursive restorecon
09-16 12:01:44.458  3277  3277 D installd: Detected label change from u:object_r:system_data_file:s0 to u:object_r:system_app_data_file:s0 at /data/user_de/0/com.cyanogenmod.settings.device; running recursive restorecon
09-16 12:01:44.460  3277  3277 D installd: Detected label change from u:object_r:system_data_file:s0 to u:object_r:app_data_file:s0:c512,c768 at /data/data/org.cyanogenmod.cmaudio.service; running recursive restorecon
09-16 12:01:44.461  3277  3277 D installd: Detected label change from u:object_r:system_data_file:s0 to u:object_r:app_data_file:s0:c512,c768 at /data/user_de/0/org.cyanogenmod.cmaudio.service; running recursive restorecon
09-16 12:01:44.463  3277  3277 D installd: Detected label change from u:object_r:system_data_file:s0 to u:object_r:app_data_file:s0:c512,c768 at /data/data/com.android.calendar; running recursive restorecon
09-16 12:01:44.464  3277  3277 D installd: Detected label change from u:object_r:system_data_file:s0 to u:object_r:app_data_file:s0:c512,c768 at /data/user_de/0/com.android.calendar; running recursive restorecon
09-16 12:01:44.465  3277  3277 D installd: Detected label change from u:object_r:system_data_file:s0 to u:object_r:system_app_data_file:s0 at /data/data/com.android.providers.settings; running recursive restorecon
09-16 12:01:44.466  3277  3277 D installd: Detected label change from u:object_r:system_data_file:s0 to u:object_r:system_app_data_file:s0 at /data/user_de/0/com.android.providers.settings; running recursive restorecon
09-16 12:01:44.468  3277  3277 D installd: Detected label change from u:object_r:system_data_file:s0 to u:object_r:app_data_file:s0:c512,c768 at /data/data/com.android.sharedstoragebackup; running recursive restorecon
09-16 12:01:44.469  3277  3277 D installd: Detected label change from u:object_r:system_data_file:s0 to u:object_r:app_data_file:s0:c512,c768 at /data/user_de/0/com.android.sharedstoragebackup; running recursive restorecon
09-16 12:01:44.471  3277  3277 D installd: Detected label change from u:object_r:system_data_file:s0 to u:object_r:app_data_file:s0:c512,c768 at /data/data/com.android.printspooler; running recursive restorecon
09-16 12:01:44.472  3277  3277 D installd: Detected label change from u:object_r:system_data_file:s0 to u:object_r:app_data_file:s0:c512,c768 at /data/user_de/0/com.android.printspooler; running recursive restorecon
09-16 12:01:44.474  3277  3277 D installd: Detected label change from u:object_r:system_data_file:s0 to u:object_r:app_data_file:s0:c512,c768 at /data/data/com.android.dreams.basic; running recursive restorecon
09-16 12:01:44.474  3277  3277 D installd: Detected label change from u:object_r:system_data_file:s0 to u:object_r:app_data_file:s0:c512,c768 at /data/user_de/0/com.android.dreams.basic; running recursive restorecon
09-16 12:01:44.476  3277  3277 D installd: Detected label change from u:object_r:system_data_file:s0 to u:object_r:app_data_file:s0:c512,c768 at /data/data/com.android.frameworks.telresources; running recursive restorecon
09-16 12:01:44.477  3277  3277 D installd: Detected label change from u:object_r:system_data_file:s0 to u:object_r:app_data_file:s0:c512,c768 at /data/user_de/0/com.android.frameworks.telresources; running recursive restorecon
09-16 12:01:44.479  3277  3277 D installd: Detected label change from u:object_r:system_data_file:s0 to u:object_r:app_data_file:s0:c512,c768 at /data/data/com.android.webview; running recursive restorecon
09-16 12:01:44.479  3277  3277 D installd: Detected label change from u:object_r:system_data_file:s0 to u:object_r:app_data_file:s0:c512,c768 at /data/user_de/0/com.android.webview; running recursive restorecon
09-16 12:01:44.482  3277  3277 D installd: Detected label change from u:object_r:system_data_file:s0 to u:object_r:system_app_data_file:s0 at /data/data/com.android.inputdevices; running recursive restorecon
09-16 12:01:44.482  3277  3277 D installd: Detected label change from u:object_r:system_data_file:s0 to u:object_r:system_app_data_file:s0 at /data/user_de/0/com.android.inputdevices; running recursive restorecon
09-16 12:01:44.485  3277  3277 D installd: Detected label change from u:object_r:system_data_file:s0 to u:object_r:app_data_file:s0:c512,c768 at /data/data/com.android.cellbroadcastreceiver; running recursive restorecon
09-16 12:01:44.485  3277  3277 D installd: Detected label change from u:object_r:system_data_file:s0 to u:object_r:app_data_file:s0:c512,c768 at /data/user_de/0/com.android.cellbroadcastreceiver; running recursive restorecon
09-16 12:01:44.487  3277  3277 D installd: Detected label change from u:object_r:system_data_file:s0 to u:object_r:app_data_file:s0:c512,c768 at /data/data/android.ext.shared; running recursive restorecon
09-16 12:01:44.488  3277  3277 D installd: Detected label change from u:object_r:system_data_file:s0 to u:object_r:app_data_file:s0:c512,c768 at /data/user_de/0/android.ext.shared; running recursive restorecon
09-16 12:01:44.490  3277  3277 D installd: Detected label change from u:object_r:system_data_file:s0 to u:object_r:app_data_file:s0:c512,c768 at /data/data/com.android.onetimeinitializer; running recursive restorecon
09-16 12:01:44.490  3277  3277 D installd: Detected label change from u:object_r:system_data_file:s0 to u:object_r:app_data_file:s0:c512,c768 at /data/user_de/0/com.android.onetimeinitializer; running recursive restorecon
09-16 12:01:44.492  3277  3277 D installd: Detected label change from u:object_r:system_data_file:s0 to u:object_r:system_app_data_file:s0 at /data/data/com.android.server.telecom; running recursive restorecon
09-16 12:01:44.493  3277  3277 D installd: Detected label change from u:object_r:system_data_file:s0 to u:object_r:system_app_data_file:s0 at /data/user_de/0/com.android.server.telecom; running recursive restorecon
09-16 12:01:44.495  3277  3277 D installd: Detected label change from u:object_r:system_data_file:s0 to u:object_r:system_app_data_file:s0 at /data/data/org.cyanogenmod.cmparts; running recursive restorecon
09-16 12:01:44.495  3277  3277 D installd: Detected label change from u:object_r:system_data_file:s0 to u:object_r:system_app_data_file:s0 at /data/user_de/0/org.cyanogenmod.cmparts; running recursive restorecon
09-16 12:01:44.497  3277  3277 D installd: Detected label change from u:object_r:system_data_file:s0 to u:object_r:system_app_data_file:s0 at /data/data/com.android.keychain; running recursive restorecon
09-16 12:01:44.498  3277  3277 D installd: Detected label change from u:object_r:system_data_file:s0 to u:object_r:system_app_data_file:s0 at /data/user_de/0/com.android.keychain; running recursive restorecon
09-16 12:01:44.500  3277  3277 D installd: Detected label change from u:object_r:system_data_file:s0 to u:object_r:app_data_file:s0:c512,c768 at /data/data/com.android.printservice.recommendation; running recursive restorecon
09-16 12:01:44.500  3277  3277 D installd: Detected label change from u:object_r:system_data_file:s0 to u:object_r:app_data_file:s0:c512,c768 at /data/user_de/0/com.android.printservice.recommendation; running recursive restorecon
09-16 12:01:44.503  3277  3277 D installd: Detected label change from u:object_r:system_data_file:s0 to u:object_r:app_data_file:s0:c512,c768 at /data/data/com.android.dialer; running recursive restorecon
09-16 12:01:44.503  3277  3277 D installd: Detected label change from u:object_r:system_data_file:s0 to u:object_r:app_data_file:s0:c512,c768 at /data/user_de/0/com.android.dialer; running recursive restorecon
09-16 12:01:44.505  3277  3277 D installd: Detected label change from u:object_r:system_data_file:s0 to u:object_r:app_data_file:s0:c512,c768 at /data/data/com.android.gallery3d; running recursive restorecon
09-16 12:01:44.506  3277  3277 D installd: Detected label change from u:object_r:system_data_file:s0 to u:object_r:app_data_file:s0:c512,c768 at /data/user_de/0/com.android.gallery3d; running recursive restorecon
09-16 12:01:44.508  3277  3277 D installd: Detected label change from u:object_r:system_data_file:s0 to u:object_r:app_data_file:s0:c512,c768 at /data/data/com.cyanogenmod.trebuchet; running recursive restorecon
09-16 12:01:44.509  3277  3277 D installd: Detected label change from u:object_r:system_data_file:s0 to u:object_r:app_data_file:s0:c512,c768 at /data/user_de/0/com.cyanogenmod.trebuchet; running recursive restorecon
09-16 12:01:44.511  3277  3277 D installd: Detected label change from u:object_r:system_data_file:s0 to u:object_r:app_data_file:s0:c512,c768 at /data/data/android.ext.services; running recursive restorecon
09-16 12:01:44.511  3277  3277 D installd: Detected label change from u:object_r:system_data_file:s0 to u:object_r:app_data_file:s0:c512,c768 at /data/user_de/0/android.ext.services; running recursive restorecon
09-16 12:01:44.513  3277  3277 D installd: Detected label change from u:object_r:system_data_file:s0 to u:object_r:system_app_data_file:s0 at /data/data/org.cyanogenmod.cmsettings; running recursive restorecon
09-16 12:01:44.514  3277  3277 D installd: Detected label change from u:object_r:system_data_file:s0 to u:object_r:system_app_data_file:s0 at /data/user_de/0/org.cyanogenmod.cmsettings; running recursive restorecon
09-16 12:01:44.516  3277  3277 D installd: Detected label change from u:object_r:system_data_file:s0 to u:object_r:app_data_file:s0:c512,c768 at /data/data/com.android.calllogbackup; running recursive restorecon
09-16 12:01:44.516  3277  3277 D installd: Detected label change from u:object_r:system_data_file:s0 to u:object_r:app_data_file:s0:c512,c768 at /data/user_de/0/com.android.calllogbackup; running recursive restorecon
09-16 12:01:44.519  3277  3277 D installd: Detected label change from u:object_r:system_data_file:s0 to u:object_r:app_data_file:s0:c512,c768 at /data/data/com.android.packageinstaller; running recursive restorecon
09-16 12:01:44.519  3277  3277 D installd: Detected label change from u:object_r:system_data_file:s0 to u:object_r:app_data_file:s0:c512,c768 at /data/user_de/0/com.android.packageinstaller; running recursive restorecon
09-16 12:01:44.521  3277  3277 D installd: Detected label change from u:object_r:system_data_file:s0 to u:object_r:app_data_file:s0:c512,c768 at /data/data/com.svox.pico; running recursive restorecon
09-16 12:01:44.522  3277  3277 D installd: Detected label change from u:object_r:system_data_file:s0 to u:object_r:app_data_file:s0:c512,c768 at /data/user_de/0/com.svox.pico; running recursive restorecon
09-16 12:01:44.524  3277  3277 D installd: Detected label change from u:object_r:system_data_file:s0 to u:object_r:app_data_file:s0:c512,c768 at /data/data/org.lineageos.jelly; running recursive restorecon
09-16 12:01:44.524  3277  3277 D installd: Detected label change from u:object_r:system_data_file:s0 to u:object_r:app_data_file:s0:c512,c768 at /data/user_de/0/org.lineageos.jelly; running recursive restorecon
09-16 12:01:44.526  3277  3277 D installd: Detected label change from u:object_r:system_data_file:s0 to u:object_r:app_data_file:s0:c512,c768 at /data/data/com.android.proxyhandler; running recursive restorecon
09-16 12:01:44.527  3277  3277 D installd: Detected label change from u:object_r:system_data_file:s0 to u:object_r:app_data_file:s0:c512,c768 at /data/user_de/0/com.android.proxyhandler; running recursive restorecon
09-16 12:01:44.529  3277  3277 D installd: Detected label change from u:object_r:system_data_file:s0 to u:object_r:app_data_file:s0:c512,c768 at /data/data/com.android.inputmethod.latin; running recursive restorecon
09-16 12:01:44.529  3277  3277 D installd: Detected label change from u:object_r:system_data_file:s0 to u:object_r:app_data_file:s0:c512,c768 at /data/user_de/0/com.android.inputmethod.latin; running recursive restorecon
09-16 12:01:44.531  3277  3277 D installd: Detected label change from u:object_r:system_data_file:s0 to u:object_r:app_data_file:s0:c512,c768 at /data/data/com.android.managedprovisioning; running recursive restorecon
09-16 12:01:44.532  3277  3277 D installd: Detected label change from u:object_r:system_data_file:s0 to u:object_r:app_data_file:s0:c512,c768 at /data/user_de/0/com.android.managedprovisioning; running recursive restorecon
09-16 12:01:44.534  3277  3277 D installd: Detected label change from u:object_r:system_data_file:s0 to u:object_r:app_data_file:s0:c512,c768 at /data/data/com.android.dreams.phototable; running recursive restorecon
09-16 12:01:44.534  3277  3277 D installd: Detected label change from u:object_r:system_data_file:s0 to u:object_r:app_data_file:s0:c512,c768 at /data/user_de/0/com.android.dreams.phototable; running recursive restorecon
09-16 12:01:44.536  3277  3277 D installd: Detected label change from u:object_r:system_data_file:s0 to u:object_r:app_data_file:s0:c512,c768 at /data/data/com.android.smspush; running recursive restorecon
09-16 12:01:44.537  3277  3277 D installd: Detected label change from u:object_r:system_data_file:s0 to u:object_r:app_data_file:s0:c512,c768 at /data/user_de/0/com.android.smspush; running recursive restorecon
09-16 12:01:44.539  3277  3277 D installd: Detected label change from u:object_r:system_data_file:s0 to u:object_r:app_data_file:s0:c512,c768 at /data/data/com.android.wallpaper.livepicker; running recursive restorecon
09-16 12:01:44.540  3277  3277 D installd: Detected label change from u:object_r:system_data_file:s0 to u:object_r:app_data_file:s0:c512,c768 at /data/user_de/0/com.android.wallpaper.livepicker; running recursive restorecon
09-16 12:01:44.542  3277  3277 D installd: Detected label change from u:object_r:system_data_file:s0 to u:object_r:app_data_file:s0:c512,c768 at /data/data/com.android.apps.tag; running recursive restorecon
09-16 12:01:44.542  3277  3277 D installd: Detected label change from u:object_r:system_data_file:s0 to u:object_r:app_data_file:s0:c512,c768 at /data/user_de/0/com.android.apps.tag; running recursive restorecon
09-16 12:01:44.544  3277  3277 D installd: Detected label change from u:object_r:system_data_file:s0 to u:object_r:app_data_file:s0:c512,c768 at /data/data/com.android.storagemanager; running recursive restorecon
09-16 12:01:44.545  3277  3277 D installd: Detected label change from u:object_r:system_data_file:s0 to u:object_r:app_data_file:s0:c512,c768 at /data/user_de/0/com.android.storagemanager; running recursive restorecon
09-16 12:01:44.547  3277  3277 D installd: Detected label change from u:object_r:system_data_file:s0 to u:object_r:app_data_file:s0:c512,c768 at /data/data/com.android.bookmarkprovider; running recursive restorecon
09-16 12:01:44.547  3277  3277 D installd: Detected label change from u:object_r:system_data_file:s0 to u:object_r:app_data_file:s0:c512,c768 at /data/user_de/0/com.android.bookmarkprovider; running recursive restorecon
09-16 12:01:44.549  3277  3277 D installd: Detected label change from u:object_r:system_data_file:s0 to u:object_r:system_app_data_file:s0 at /data/data/com.android.settings; running recursive restorecon
09-16 12:01:44.550  3277  3277 D installd: Detected label change from u:object_r:system_data_file:s0 to u:object_r:system_app_data_file:s0 at /data/user_de/0/com.android.settings; running recursive restorecon
09-16 12:01:44.552  3277  3277 D installd: Detected label change from u:object_r:system_data_file:s0 to u:object_r:app_data_file:s0:c512,c768 at /data/data/com.cyanogenmod.eleven; running recursive restorecon
09-16 12:01:44.553  3277  3277 D installd: Detected label change from u:object_r:system_data_file:s0 to u:object_r:app_data_file:s0:c512,c768 at /data/user_de/0/com.cyanogenmod.eleven; running recursive restorecon
09-16 12:01:44.555  3277  3277 D installd: Detected label change from u:object_r:system_data_file:s0 to u:object_r:app_data_file:s0:c512,c768 at /data/data/com.android.calculator2; running recursive restorecon
09-16 12:01:44.555  3277  3277 D installd: Detected label change from u:object_r:system_data_file:s0 to u:object_r:app_data_file:s0:c512,c768 at /data/user_de/0/com.android.calculator2; running recursive restorecon
09-16 12:01:44.557  3277  3277 D installd: Detected label change from u:object_r:system_data_file:s0 to u:object_r:app_data_file:s0:c512,c768 at /data/data/org.lineageos.updater; running recursive restorecon
09-16 12:01:44.558  3277  3277 D installd: Detected label change from u:object_r:system_data_file:s0 to u:object_r:app_data_file:s0:c512,c768 at /data/user_de/0/org.lineageos.updater; running recursive restorecon
09-16 12:01:44.560  3277  3277 D installd: Detected label change from u:object_r:system_data_file:s0 to u:object_r:app_data_file:s0:c512,c768 at /data/data/com.android.cts.ctsshim; running recursive restorecon
09-16 12:01:44.560  3277  3277 D installd: Detected label change from u:object_r:system_data_file:s0 to u:object_r:app_data_file:s0:c512,c768 at /data/user_de/0/com.android.cts.ctsshim; running recursive restorecon
09-16 12:01:44.562  3277  3277 D installd: Detected label change from u:object_r:system_data_file:s0 to u:object_r:app_data_file:s0:c512,c768 at /data/data/com.android.vpndialogs; running recursive restorecon
09-16 12:01:44.563  3277  3277 D installd: Detected label change from u:object_r:system_data_file:s0 to u:object_r:app_data_file:s0:c512,c768 at /data/user_de/0/com.android.vpndialogs; running recursive restorecon
09-16 12:01:44.565  3277  3277 D installd: Detected label change from u:object_r:system_data_file:s0 to u:object_r:app_data_file:s0:c512,c768 at /data/data/com.android.email; running recursive restorecon
09-16 12:01:44.565  3277  3277 D installd: Detected label change from u:object_r:system_data_file:s0 to u:object_r:app_data_file:s0:c512,c768 at /data/user_de/0/com.android.email; running recursive restorecon
09-16 12:01:44.568  3277  3277 D installd: Detected label change from u:object_r:system_data_file:s0 to u:object_r:radio_data_file:s0 at /data/data/com.android.phone; running recursive restorecon
09-16 12:01:44.568  3277  3277 D installd: Detected label change from u:object_r:system_data_file:s0 to u:object_r:radio_data_file:s0 at /data/user_de/0/com.android.phone; running recursive restorecon
09-16 12:01:44.570  3277  3277 D installd: Detected label change from u:object_r:system_data_file:s0 to u:object_r:shell_data_file:s0 at /data/data/com.android.shell; running recursive restorecon
09-16 12:01:44.571  3277  3277 D installd: Detected label change from u:object_r:system_data_file:s0 to u:object_r:shell_data_file:s0 at /data/user_de/0/com.android.shell; running recursive restorecon
09-16 12:01:44.573  3277  3277 D installd: Detected label change from u:object_r:system_data_file:s0 to u:object_r:system_app_data_file:s0 at /data/data/com.android.wallpaperbackup; running recursive restorecon
09-16 12:01:44.574  3277  3277 D installd: Detected label change from u:object_r:system_data_file:s0 to u:object_r:system_app_data_file:s0 at /data/user_de/0/com.android.wallpaperbackup; running recursive restorecon
09-16 12:01:44.575  3277  3277 D installd: Detected label change from u:object_r:system_data_file:s0 to u:object_r:app_data_file:s0:c512,c768 at /data/data/com.android.providers.blockednumber; running recursive restorecon
09-16 12:01:44.576  3277  3277 D installd: Detected label change from u:object_r:system_data_file:s0 to u:object_r:app_data_file:s0:c512,c768 at /data/user_de/0/com.android.providers.blockednumber; running recursive restorecon
09-16 12:01:44.578  3277  3277 D installd: Detected label change from u:object_r:system_data_file:s0 to u:object_r:app_data_file:s0:c512,c768 at /data/data/com.android.providers.userdictionary; running recursive restorecon
09-16 12:01:44.579  3277  3277 D installd: Detected label change from u:object_r:system_data_file:s0 to u:object_r:app_data_file:s0:c512,c768 at /data/user_de/0/com.android.providers.userdictionary; running recursive restorecon
09-16 12:01:44.581  3277  3277 D installd: Detected label change from u:object_r:system_data_file:s0 to u:object_r:app_data_file:s0:c512,c768 at /data/data/com.android.emergency; running recursive restorecon
09-16 12:01:44.581  3277  3277 D installd: Detected label change from u:object_r:system_data_file:s0 to u:object_r:app_data_file:s0:c512,c768 at /data/user_de/0/com.android.emergency; running recursive restorecon
