09-16 14:36:38.284  3180  3180 D PostProcessConvertor: PostProcessConvertorInit ++ OSR 192000, ISR 48000, CC 2, OBW 4, IBW 1 
09-16 14:36:38.284  3180  3180 D SoundAliveResampler: [SoundAliveResampler] Init+++
09-16 14:36:38.284  3180  3180 V audio_hw_primary_abox: fast_out-add_audio_usage: Added Audio Stream into Audio Usage list!
09-16 14:36:38.284  3180  3180 D audio_hw_primary_abox: device-adev_open_output_stream: Opened fast_out stream
09-16 14:36:38.284  3180  3180 V audio_hw_primary_abox: fast_out-out_get_format: exit with audio format = 0x1
09-16 14:36:38.284  3180  3180 V audio_hw_primary_abox: fast_out-out_get_channels: exit with channel mask = 0x3
09-16 14:36:38.284  3180  3180 V audio_hw_primary_abox: fast_out-out_get_sample_rate: exit with sample rate = 48000
09-16 14:36:38.284  3180  3180 V audio_hw_primary_abox: fast_out-out_get_channels: exit with channel mask = 0x3
09-16 14:36:38.284  3180  3180 V audio_hw_primary_abox: fast_out-out_get_format: exit with audio format = 0x1
09-16 14:36:38.284  3180  3180 V audio_hw_primary_abox: fast_out-out_get_format: exit with audio format = 0x1
09-16 14:36:38.284  3180  3180 V audio_hw_primary_abox: fast_out-out_get_format: exit with audio format = 0x1
09-16 14:36:38.284  3180  3180 V audio_hw_primary_abox: fast_out-out_get_channels: exit with channel mask = 0x3
09-16 14:36:38.284  3180  3180 V audio_hw_primary_abox: fast_out-out_get_buffer_size: Period Size = 192, Frame Size = 4
09-16 14:36:38.284  3180  3180 V audio_hw_primary_abox: fast_out-out_get_format: exit with audio format = 0x1
09-16 14:36:38.284  3180  3180 V audio_hw_primary_abox: fast_out-out_get_channels: exit with channel mask = 0x3
09-16 14:36:38.284  3180  3180 I AudioFlinger: HAL output buffer size 192 frames, normal sink buffer size 960 frames
09-16 14:36:38.284  3180  3180 V audio_hw_primary_abox: fast_out-out_get_format: exit with audio format = 0x1
09-16 14:36:38.284  3180  3180 V audio_hw_primary_abox: fast_out-out_get_channels: exit with channel mask = 0x3
09-16 14:36:38.284  3180  3180 V audio_hw_primary_abox: fast_out-out_get_buffer_size: Period Size = 192, Frame Size = 4
09-16 14:36:38.284  3180  3180 V audio_hw_primary_abox: fast_out-out_get_format: exit with audio format = 0x1
09-16 14:36:38.284  3180  3180 V audio_hw_primary_abox: fast_out-out_get_channels: exit with channel mask = 0x3
09-16 14:36:38.284  3180  3180 V audio_hw_primary_abox: fast_out-out_get_format: exit with audio format = 0x1
09-16 14:36:38.284  3180  3180 V audio_hw_primary_abox: fast_out-out_get_sample_rate: exit with sample rate = 48000
09-16 14:36:38.284  3180  3180 V audio_hw_primary_abox: fast_out-out_get_channels: exit with channel mask = 0x3
09-16 14:36:38.285  3180  3397 I AudioFlinger: AudioFlinger's thread 0xf5783f40 ready to run
09-16 14:36:38.285  3180  3397 W BatteryNotifier: batterystats service unavailable!
09-16 14:36:38.285  3180  3397 D audio_hw_primary_abox: fast_out-out_set_parameters: enter with param = routing=2
09-16 14:36:38.285  3180  3397 D audio_hw_primary_abox: fast_out-out_set_parameters: Requested to change route from 0x2 to 0x2
09-16 14:36:38.285  3180  3397 D audio_hw_primary_abox: fast_out-out_set_parameters: exit
09-16 14:36:38.285  3180  3397 V audio_hw_primary_abox: fast_out-out_standby: enter
09-16 14:36:38.285  3180  3397 V audio_hw_primary_abox: fast_out-out_standby: exit
09-16 14:36:38.285  3180  3397 W BatteryNotifier: batterystats service unavailable!
09-16 14:36:38.286  3180  3397 W BatteryNotifier: batterystats service unavailable!
09-16 14:36:38.286  3180  3397 W AudioFlinger: no wake lock to update, system not ready yet
09-16 14:36:38.286  3180  3180 D audio_hw_primary_abox: device-adev_open_input_stream: enter: io_handle (14), sample_rate(48000) channel_mask(0xc) devices(0x80000004) flags(0) source(1)
09-16 14:36:38.286  3180  3180 I audio_hw_primary_abox: device-adev_open_input_stream: requested input samplerate decides audio path of csvt and vowifi, sample_rate = 48000
09-16 14:36:38.286  3180  3180 D audio_hw_primary_abox: device-adev_open_input_stream: Requested open Primary input
09-16 14:36:38.286  3180  3180 I audio_hw_primary_abox: is_voice_wakeup : ret =  0  , wakeup_baby_cry_enabled = 0  ,  wakeup_mic_enabled = 0 
09-16 14:36:38.286  3180  3180 I audio_hw_primary_abox: primary_in-adev_open_input_stream: Transit to Standby
09-16 14:36:38.286  3180  3180 V audio_hw_primary_abox: primary_in-add_audio_usage: Added Audio Stream into Audio Usage list!
09-16 14:36:38.286  3180  3180 D audio_hw_primary_abox: adev_open_input_stream: preprocessing_latency = 0
09-16 14:36:38.286  3180  3180 I audio_hw_primary_abox: adev_open_input_stream: input is null, set new input stream
09-16 14:36:38.286  3180  3180 D audio_hw_primary_abox: device-adev_open_input_stream: Opened primary_in stream
09-16 14:36:38.287  3180  3398 I AudioFlinger: AudioFlinger's thread 0xf5483880 ready to run
09-16 14:36:38.287  3180  3180 D audio_hw_primary_abox: device-adev_close_input_stream: enter with Audio Usage(primary_in)
09-16 14:36:38.287  3180  3180 V audio_hw_primary_abox: stop_voice_note_recording
09-16 14:36:38.287  3180  3180 D audio_hw_primary_abox: primary_in-in_standby: enter
09-16 14:36:38.287  3180  3180 D audio_hw_primary_abox: primary_in-in_standby: exit
09-16 14:36:38.287  3180  3180 V audio_hw_primary_abox: primary_in-remove_audio_usage: Removed Audio Usage from Audio Usage list!
09-16 14:36:38.287  3180  3180 E audio_hw_primary_abox: adev_close_input_stream, set jack_in to null
09-16 14:36:38.287  3180  3180 D audio_hw_primary_abox: device-adev_close_input_stream: Closed primary_in stream
09-16 14:36:38.292  3180  3180 I bt_a2dp_hw: adev_open:  adev_open in A2dp_hw module
09-16 14:36:38.292  3180  3180 I AudioFlinger: loadHwModule() Loaded a2dp audio interface from A2DP Audio HW HAL (audio) handle 18
09-16 14:36:38.294  3180  3180 I AudioFlinger: loadHwModule() Loaded usb audio interface from USB audio HW HAL (audio) handle 26
09-16 14:36:38.295  3180  3180 I AudioFlinger: loadHwModule() Loaded tms audio interface from TMS Audio HW HAL (audio) handle 34
09-16 14:36:38.296  3180  3180 I r_submix: adev_open(name=audio_hw_if)
09-16 14:36:38.296  3180  3180 I r_submix: adev_init_check()
09-16 14:36:38.296  3180  3180 I AudioFlinger: loadHwModule() Loaded r_submix audio interface from Wifi Display audio HAL (audio) handle 42
09-16 14:36:38.296  3180  3180 D r_submix: adev_open_input_stream(addr=0)
09-16 14:36:38.296  3180  3180 D r_submix: submix_audio_device_create_pipe_l(addr=0, idx=9)
09-16 14:36:38.296  3180  3180 D r_submix:   now using address 0 for route 9
09-16 14:36:38.296  3180  3404 I AudioFlinger: AudioFlinger's thread 0xf5203c00 ready to run
09-16 14:36:38.296  3180  3404 I r_submix: in_standby()
09-16 14:36:38.296  3180  3404 W BatteryNotifier: batterystats service unavailable!
09-16 14:36:38.296  3180  3404 I r_submix: in_standby()
09-16 14:36:38.296  3180  3404 W BatteryNotifier: batterystats service unavailable!
09-16 14:36:38.296  3180  3404 W BatteryNotifier: batterystats service unavailable!
09-16 14:36:38.296  3180  3404 W BatteryNotifier: batterystats service unavailable!
09-16 14:36:38.297  3180  3180 D r_submix: adev_close_input_stream()
09-16 14:36:38.297  3180  3180 D r_submix: submix_audio_device_release_pipe_l(idx=9) addr=0
09-16 14:36:38.297  3180  3180 D r_submix: submix_audio_device_destroy_pipe_l(): pipe destroyed
09-16 14:36:38.298  3180  3180 I playback_record: adev_open(name=audio_hw_if)
09-16 14:36:38.298  3180  3180 I AudioFlinger: loadHwModule() Loaded playback_record audio interface from Playback record audio HAL (audio) handle 50
09-16 14:36:38.298  3180  3180 D playback_record: adev_open_input_stream()
09-16 14:36:38.298  3180  3405 I AudioFlinger: AudioFlinger's thread 0xf5183f40 ready to run
09-16 14:36:38.298  3180  3180 D playback_record: adev_close_input_stream()
09-16 14:36:38.298  3180  3257 D audio_hw_primary_abox: device-adev_set_parameters: enter with key(support_output_device=3)
09-16 14:36:38.298  3180  3257 I audio_hw_primary_abox: support output @audio_hw 3
09-16 14:36:38.298  3180  3257 I audio_hw_primary_abox: support reciever @audio_hw
09-16 14:36:38.299  3180  3257 D audio_hw_primary_abox: device-adev_set_parameters: exit
09-16 14:36:38.299  3180  3257 D audio_hw_primary_abox: device-adev_set_parameters: enter with key(support_input_device=-2078277180)
09-16 14:36:38.299  3180  3257 I audio_hw_primary_abox: support input @audio_hw -2078277180
09-16 14:36:38.299  3180  3257 I audio_hw_primary_abox: support backmic @audio_hw
09-16 14:36:38.299  3180  3257 I audio_hw_primary_abox: support thirdmic @audio_hw
09-16 14:36:38.299  3180  3257 D audio_hw_primary_abox: device-adev_set_parameters: exit
09-16 14:36:38.299  3180  3180 W VolumeCustomizer: createVolumeTable device=0
09-16 14:36:38.299  3180  3180 D AudioInfo: can not find AudioDataPath for fileName:/Volume.data
09-16 14:36:38.299  3180  3180 D VolumeCustomizer: volume tuning file does NOT exist!!! use default VolumeTable
09-16 14:36:38.299  3180  3180 W VolumeCustomizer: createVolumeTable device=1
09-16 14:36:38.299  3180  3180 D VolumeCustomizer: volume tuning file does NOT exist!!! use default VolumeTable
09-16 14:36:38.299  3180  3180 W VolumeCustomizer: createVolumeTable device=2
09-16 14:36:38.299  3180  3180 D VolumeCustomizer: volume tuning file does NOT exist!!! use default VolumeTable
09-16 14:36:38.299  3180  3180 W VolumeCustomizer: createVolumeTable device=3
09-16 14:36:38.299  3180  3180 D VolumeCustomizer: volume tuning file does NOT exist!!! use default VolumeTable
09-16 14:36:38.299  3180  3180 W VolumeCustomizer: createVolumeTable device=4
09-16 14:36:38.299  3180  3180 D VolumeCustomizer: volume tuning file does NOT exist!!! use default VolumeTable
09-16 14:36:38.299  3180  3180 W VolumeCustomizer: createVolumeTable device=5
09-16 14:36:38.299  3180  3180 D VolumeCustomizer: volume tuning file does NOT exist!!! use default VolumeTable
09-16 14:36:38.299  3180  3180 W VolumeCustomizer: createVolumeTable device=6
09-16 14:36:38.299  3180  3180 D VolumeCustomizer: volume tuning file does NOT exist!!! use default VolumeTable
09-16 14:36:38.299  3180  3257 D audio_hw_primary_abox: device-adev_set_parameters: enter with key(FixedRingVol=0.0354813375;FixedRingVolBt=0.0999999940)
09-16 14:36:38.300  3180  3257 D audio_hw_primary_abox: device-adev_set_parameters: exit
09-16 14:36:38.301  3180  3180 I APM_AudioPolicyManager: ENFORCED_AUDIBLE cannot be muted
09-16 14:36:38.301  3180  3257 D audio_hw_primary_abox: device-adev_set_parameters: enter with key(mCameraForced)
09-16 14:36:38.301  3180  3257 D audio_hw_primary_abox: device-adev_set_parameters: exit
09-16 14:36:38.301  3180  3180 I APM_AudioPolicyManager: Set the flinger 'ro.camera.sound.forced
09-16 14:36:38.302  3180  3180 I RadioService: RadioService
09-16 14:36:38.302  3180  3180 I RadioService: onFirstRef
09-16 14:36:38.302  3180  3180 E RadioService: couldn't load radio module radio.primary (No such file or directory)
09-16 14:36:38.306  3180  3180 E SoundTriggerHwService: couldn't load sound trigger module sound_trigger.primary (No such file or directory)
09-16 14:36:38.551  3177  3177 D wrapperGPS: wrapperConnect_RILD
09-16 14:36:38.568  3158  3158 D SurfaceFlinger: SF. shader cache generated - 26 shaders in 977.972473 ms
09-16 14:36:38.570  3158  3158 D SurfaceFlinger: Set power mode=2, type=0 flinger=0x7f98e48000
09-16 14:36:38.649  3191  3191 V NatController: runCmd(/system/bin/iptables -w -F natctrl_FORWARD) res=0
09-16 14:36:38.653  3191  3191 V NatController: runCmd(/system/bin/ip6tables -w -F natctrl_FORWARD) res=0
09-16 14:36:38.657  3191  3191 V NatController: runCmd(/system/bin/iptables -w -A natctrl_FORWARD -j DROP) res=0
09-16 14:36:38.661  3191  3191 V NatController: runCmd(/system/bin/iptables -w -t nat -F natctrl_nat_POSTROUTING) res=0
09-16 14:36:38.665  3191  3191 V NatController: runCmd(/system/bin/ip6tables -w -t raw -F natctrl_raw_PREROUTING) res=0
09-16 14:36:38.669  3191  3191 V NatController: runCmd(/system/bin/iptables -w -F natctrl_tether_counters) res=1
09-16 14:36:38.673  3191  3191 V NatController: runCmd(/system/bin/ip6tables -w -F natctrl_tether_counters) res=1
09-16 14:36:38.677  3191  3191 V NatController: runCmd(/system/bin/iptables -w -X natctrl_tether_counters) res=1
09-16 14:36:38.681  3191  3191 V NatController: runCmd(/system/bin/ip6tables -w -X natctrl_tether_counters) res=1
09-16 14:36:38.685  3191  3191 V NatController: runCmd(/system/bin/iptables -w -N natctrl_tether_counters) res=0
09-16 14:36:38.689  3191  3191 V NatController: runCmd(/system/bin/ip6tables -w -N natctrl_tether_counters) res=0
09-16 14:36:38.693  3191  3191 V NatController: runCmd(/system/bin/iptables -w -t mangle -A natctrl_mangle_FORWARD -p tcp --tcp-flags SYN SYN -j TCPMSS --clamp-mss-to-pmtu) res=0
09-16 14:36:38.753  3191  3191 E Netd    : cannot find interface dummy0
09-16 14:36:38.758  3191  3191 D MDnsDS  : MDnsSdListener::Hander starting up
09-16 14:36:38.758  3191  3523 D MDnsDS  : MDnsSdListener starting to monitor
09-16 14:36:38.758  3191  3523 D MDnsDS  : Going to poll with pollCount 1
09-16 14:36:38.791  3475  3531 D libEGL  : loaded /vendor/lib64/egl/libGLES_mali.so
09-16 14:36:38.796  3176  3176 I lhd     : Lhd::LHD Init took 1.364s
09-16 14:36:38.802  3475  3531 D mali_winsys: EGLint new_window_surface(egl_winsys_display*, void*, EGLSurface, EGLConfig, egl_winsys_surface**, egl_color_buffer_format*, EGLBoolean) returns 0x3000,  [1440x2960]-format:2
09-16 14:36:38.844  3172  3198 D Sensorhubs: readEvents: 2, 1, -43, 1
09-16 14:36:38.899  3531  3531 I BootAnimation: type=1400 audit(0.0:118): avc: denied { read write } for name="fimg2d" dev="tmpfs" ino=5425 scontext=u:r:bootanim:s0 tcontext=u:object_r:video_device:s0 tclass=chr_file permissive=1
09-16 14:36:38.899  3531  3531 I BootAnimation: type=1400 audit(0.0:118): avc: denied { open } for path="/dev/fimg2d" dev="tmpfs" ino=5425 scontext=u:r:bootanim:s0 tcontext=u:object_r:video_device:s0 tclass=chr_file permissive=1
09-16 14:36:38.899  3531  3531 W BootAnimation: type=1300 audit(0.0:118): arch=c00000b7 syscall=56 success=yes exit=14 a0=ffffff9c a1=7fafbb3703 a2=2 a3=0 items=0 ppid=1 auid=4294967295 uid=1003 gid=1003 euid=1003 suid=1003 fsuid=1003 egid=1003 sgid=1003 fsgid=1003 tty=(none) ses=4294967295 exe="/system/bin/bootanimation" subj=u:r:bootanim:s0 key=(null)
09-16 14:36:38.899  3083  3083 W auditd  : type=1327 audit(0.0:118): proctitle="/system/bin/bootanimation"
09-16 14:36:38.899  3083  3083 W auditd  : type=1320 audit(0.0:118): 
09-16 14:36:38.899  3531  3531 I BootAnimation: type=1400 audit(0.0:119): avc: denied { ioctl } for path="/dev/fimg2d" dev="tmpfs" ino=5425 ioctlcmd=4d04 scontext=u:r:bootanim:s0 tcontext=u:object_r:video_device:s0 tclass=chr_file permissive=1
09-16 14:36:38.899  3531  3531 W BootAnimation: type=1300 audit(0.0:119): arch=c00000b7 syscall=29 success=yes exit=0 a0=f a1=c1104d04 a2=7fabb0d2b0 a3=0 items=0 ppid=1 auid=4294967295 uid=1003 gid=1003 euid=1003 suid=1003 fsuid=1003 egid=1003 sgid=1003 fsgid=1003 tty=(none) ses=4294967295 exe="/system/bin/bootanimation" subj=u:r:bootanim:s0 key=(null)
09-16 14:36:38.899  3083  3083 W auditd  : type=1327 audit(0.0:119): proctitle="/system/bin/bootanimation"
09-16 14:36:38.899  3083  3083 W auditd  : type=1320 audit(0.0:119): 
09-16 14:36:39.551  3177  3177 D wrapperGPS: wrapperConnect_RILD
09-16 14:36:39.666  3335  3335 I dex2oat : Explicit concurrent mark sweep GC freed 7869(1469KB) AllocSpace objects, 0(0B) LOS objects, 66% free, 1825KB/5MB, paused 39us total 7.269ms
09-16 14:36:39.672  3321  3321 I dex2oat : Explicit concurrent mark sweep GC freed 7869(2MB) AllocSpace objects, 0(0B) LOS objects, 61% free, 2MB/6MB, paused 41us total 8.517ms
09-16 14:36:40.407  3335  3335 I dex2oat : dex2oat took 2.371s (threads: 8) arena alloc=0B (0B) java alloc=1829KB (1873040B) native alloc=7MB (7784816B) free=4MB (4798096B)
09-16 14:36:40.413  3321  3321 I dex2oat : dex2oat took 2.463s (threads: 8) arena alloc=0B (0B) java alloc=2MB (2608704B) native alloc=10MB (10597176B) free=5MB (5786824B)
09-16 14:36:40.433  3179  3179 D ICU     : No timezone override file found: /data/misc/zoneinfo/current/icu/icu_tzdata.dat
09-16 14:36:40.441  3178  3178 D ICU     : No timezone override file found: /data/misc/zoneinfo/current/icu/icu_tzdata.dat
09-16 14:36:40.462  3179  3179 W art     : Before Android 4.1, method double java.util.concurrent.ThreadLocalRandom.internalNextDouble(double, double) would have incorrectly overridden the package-private method in java.util.Random
09-16 14:36:40.462  3179  3179 W art     : Before Android 4.1, method int java.util.concurrent.ThreadLocalRandom.internalNextInt(int, int) would have incorrectly overridden the package-private method in java.util.Random
09-16 14:36:40.462  3179  3179 W art     : Before Android 4.1, method long java.util.concurrent.ThreadLocalRandom.internalNextLong(long, long) would have incorrectly overridden the package-private method in java.util.Random
09-16 14:36:40.466  3178  3178 W art     : Before Android 4.1, method double java.util.concurrent.ThreadLocalRandom.internalNextDouble(double, double) would have incorrectly overridden the package-private method in java.util.Random
09-16 14:36:40.466  3178  3178 W art     : Before Android 4.1, method int java.util.concurrent.ThreadLocalRandom.internalNextInt(int, int) would have incorrectly overridden the package-private method in java.util.Random
09-16 14:36:40.466  3178  3178 W art     : Before Android 4.1, method long java.util.concurrent.ThreadLocalRandom.internalNextLong(long, long) would have incorrectly overridden the package-private method in java.util.Random
09-16 14:36:40.552  3177  3177 D wrapperGPS: wrapperConnect_RILD
09-16 14:36:40.552  3177  3177 D gpsd    : WakeLock(Acquire,GPSD)
09-16 14:36:40.552  3177  3177 D gpsd    : WakeLock(Release,GPSD)
09-16 14:36:40.552  3177  3177 D gpsd    : WakeLock(Acquire,GPSD)
09-16 14:36:40.552  3177  3177 D gpsd    : WakeLock(Release,GPSD)
09-16 14:36:40.578  3179  3179 I Radio-JNI: register_android_hardware_Radio DONE
09-16 14:36:40.579  3178  3178 I Radio-JNI: register_android_hardware_Radio DONE
09-16 14:36:40.609  3178  3178 I SamplingProfilerIntegration: Profiling disabled.
09-16 14:36:40.610  3178  3178 D Zygote  : begin preload
09-16 14:36:40.610  3178  3178 I Zygote  : Installing ICU cache reference pinning...
09-16 14:36:40.610  3178  3178 I Zygote  : Preloading ICU data...
09-16 14:36:40.613  3179  3179 I SamplingProfilerIntegration: Profiling disabled.
09-16 14:36:40.614  3179  3179 D Zygote  : begin preload
09-16 14:36:40.614  3179  3179 I Zygote  : Installing ICU cache reference pinning...
09-16 14:36:40.614  3179  3179 I Zygote  : Preloading ICU data...
09-16 14:36:40.739  3178  3178 I Zygote  : Preloading classes...
09-16 14:36:40.745  3178  3178 W Zygote  : Class not found for preloading: [Landroid.view.Display$ColorTransform;
09-16 14:36:40.761  3179  3179 I Zygote  : Preloading classes...
09-16 14:36:40.768  3179  3179 W Zygote  : Class not found for preloading: [Landroid.view.Display$ColorTransform;
09-16 14:36:41.147  3178  3178 E Typeface: Error mapping font file /system/fonts/DroidSansFallback.ttf
09-16 14:36:41.149  3179  3179 E Typeface: Error mapping font file /system/fonts/DroidSansFallback.ttf
09-16 14:36:41.285  3180  3394 W BatteryNotifier: batterystats service unavailable!
09-16 14:36:41.296  3180  3397 W BatteryNotifier: batterystats service unavailable!
09-16 14:36:41.975  3178  3178 I art     : Thread[1,tid=3178,Native,Thread*=0x7fb0895a00,peer=0x12c420d0,"main"] recursive attempt to load library "/system/lib64/libmedia_jni.so"
09-16 14:36:41.975  3178  3178 D MtpDeviceJNI: register_android_mtp_MtpDevice
09-16 14:36:41.976  3178  3178 I art     : Thread[1,tid=3178,Native,Thread*=0x7fb0895a00,peer=0x12c420d0,"main"] recursive attempt to load library "/system/lib64/libmedia_jni.so"
09-16 14:36:41.977  3178  3178 I art     : Thread[1,tid=3178,Native,Thread*=0x7fb0895a00,peer=0x12c420d0,"main"] recursive attempt to load library "/system/lib64/libmedia_jni.so"
09-16 14:36:42.014  3178  3178 E FFMPEGSoftCodec: Failed to load FFMPEG plugin: (null)
09-16 14:36:42.102  3179  3179 I art     : Thread[1,tid=3179,Native,Thread*=0xf4485400,peer=0x12c04f70,"main"] recursive attempt to load library "/system/lib/libmedia_jni.so"
09-16 14:36:42.103  3179  3179 D MtpDeviceJNI: register_android_mtp_MtpDevice
09-16 14:36:42.104  3179  3179 I art     : Thread[1,tid=3179,Native,Thread*=0xf4485400,peer=0x12c04f70,"main"] recursive attempt to load library "/system/lib/libmedia_jni.so"
09-16 14:36:42.104  3179  3179 I art     : Thread[1,tid=3179,Native,Thread*=0xf4485400,peer=0x12c04f70,"main"] recursive attempt to load library "/system/lib/libmedia_jni.so"
09-16 14:36:42.144  3179  3179 E FFMPEGSoftCodec: Failed to load FFMPEG plugin: (null)
09-16 14:36:42.364  3178  3178 W Zygote  : Class not found for preloading: android.view.Display$ColorTransform
09-16 14:36:42.364  3178  3178 W Zygote  : Class not found for preloading: android.view.Display$ColorTransform$1
09-16 14:36:42.501  3179  3179 W Zygote  : Class not found for preloading: android.view.Display$ColorTransform
09-16 14:36:42.501  3179  3179 W Zygote  : Class not found for preloading: android.view.Display$ColorTransform$1
09-16 14:36:42.583  3178  3178 W System  : ClassLoader referenced unknown path: /system/framework/tcmclient.jar
09-16 14:36:42.754  3179  3179 W System  : ClassLoader referenced unknown path: /system/framework/tcmclient.jar
09-16 14:36:42.815  3178  3178 I System  : Loaded time zone names for "" in 56ms (27ms in ICU)
09-16 14:36:42.856  3178  3178 I System  : Loaded time zone names for "en_US" in 40ms (10ms in ICU)
09-16 14:36:43.006  3179  3179 I System  : Loaded time zone names for "" in 61ms (18ms in ICU)
09-16 14:36:43.061  3179  3179 I System  : Loaded time zone names for "en_US" in 54ms (10ms in ICU)
09-16 14:36:43.144  3178  3178 I Zygote  : ...preloaded 4158 classes in 2406ms.
09-16 14:36:43.144  3178  3178 I art     : VMRuntime.preloadDexCaches starting
09-16 14:36:43.187  3178  3178 I art     : VMRuntime.preloadDexCaches strings total=288446 before=12011 after=12011
09-16 14:36:43.187  3178  3178 I art     : VMRuntime.preloadDexCaches types total=23810 before=9280 after=11325
09-16 14:36:43.187  3178  3178 I art     : VMRuntime.preloadDexCaches fields total=113941 before=41160 after=54105
09-16 14:36:43.187  3178  3178 I art     : VMRuntime.preloadDexCaches methods total=199717 before=78591 after=96703
09-16 14:36:43.187  3178  3178 I art     : VMRuntime.preloadDexCaches finished
09-16 14:36:43.188  3178  3178 I Zygote  : Preloading resources...
09-16 14:36:43.223  3178  3178 W Resources: Preloaded drawable resource #0x108025c (android:drawable/dialog_background_material) that varies with configuration!!
09-16 14:36:43.231  3178  3178 W Resources: Preloaded color resource #0x10600ea (android:color/material_grey_800) that varies with configuration!!
09-16 14:36:43.232  3178  3178 W Resources: Preloaded drawable resource #0x10802c9 (android:drawable/floating_popup_background_dark) that varies with configuration!!
09-16 14:36:43.350  3178  3178 I Zygote  : ...preloaded 114 resources in 162ms.
09-16 14:36:43.358  3178  3178 W Resources: Preloaded color resource #0x1060114 (android:color/background_cache_hint_selector_material_dark) that varies with configuration!!
09-16 14:36:43.359  3178  3178 W Resources: Preloaded color resource #0x1060119 (android:color/btn_default_material_dark) that varies with configuration!!
09-16 14:36:43.361  3178  3178 I Zygote  : ...preloaded 41 resources in 11ms.
09-16 14:36:43.363  3178  3178 I Zygote  : ...preloaded 2 resource in 2ms.
09-16 14:36:43.371  3178  3178 D libEGL  : loaded /vendor/lib64/egl/libGLES_mali.so
09-16 14:36:43.380  3178  3178 I Zygote  : Preloading shared libraries...
09-16 14:36:43.403  3178  3178 I Zygote  : Uninstalled ICU cache reference pinning...
09-16 14:36:43.405  3179  3179 I Zygote  : ...preloaded 4158 classes in 2644ms.
09-16 14:36:43.405  3179  3179 I art     : VMRuntime.preloadDexCaches starting
09-16 14:36:43.411  3178  3178 I Zygote  : Installed AndroidKeyStoreProvider in 7ms.
09-16 14:36:43.464  3179  3179 I art     : VMRuntime.preloadDexCaches strings total=288446 before=12011 after=12011
09-16 14:36:43.464  3179  3179 I art     : VMRuntime.preloadDexCaches types total=23810 before=9280 after=11325
09-16 14:36:43.464  3179  3179 I art     : VMRuntime.preloadDexCaches fields total=113941 before=41160 after=54105
09-16 14:36:43.464  3179  3179 I art     : VMRuntime.preloadDexCaches methods total=199717 before=78591 after=96703
09-16 14:36:43.464  3179  3179 I art     : VMRuntime.preloadDexCaches finished
09-16 14:36:43.464  3179  3179 I Zygote  : Preloading resources...
09-16 14:36:43.498  3179  3179 W Resources: Preloaded drawable resource #0x108025c (android:drawable/dialog_background_material) that varies with configuration!!
09-16 14:36:43.506  3179  3179 W Resources: Preloaded color resource #0x10600ea (android:color/material_grey_800) that varies with configuration!!
09-16 14:36:43.506  3179  3179 W Resources: Preloaded drawable resource #0x10802c9 (android:drawable/floating_popup_background_dark) that varies with configuration!!
09-16 14:36:43.517  3178  3178 I Zygote  : Warmed up JCA providers in 106ms.
09-16 14:36:43.517  3178  3178 D Zygote  : end preload
09-16 14:36:43.517  3178  3178 I art     : Starting a blocking GC Explicit
09-16 14:36:43.527  3178  3178 I art     : Explicit concurrent mark sweep GC freed 3355(146KB) AllocSpace objects, 0(0B) LOS objects, 40% free, 10MB/17MB, paused 43us total 10.575ms
09-16 14:36:43.528  3178  3178 I art     : Starting a blocking GC Explicit
09-16 14:36:43.537  3178  3178 I art     : Explicit concurrent mark sweep GC freed 43(1504B) AllocSpace objects, 0(0B) LOS objects, 40% free, 10MB/17MB, paused 39us total 9.424ms
09-16 14:36:43.552  3178  3577 I art     : Starting a blocking GC HeapTrim
09-16 14:36:43.553  3178  3178 I art     : Starting a blocking GC Background
09-16 14:36:43.556  3177  3578 D wrapperGPS: onError: error 4
09-16 14:36:43.556  3177  3177 D gpsd    : WakeLock(Acquire,GPSD)
09-16 14:36:43.597  3178  3178 I Zygote  : System server process 3588 has been created
09-16 14:36:43.598  3178  3178 I Zygote  : Accepting command socket connections
09-16 14:36:43.649  3179  3179 I Zygote  : ...preloaded 114 resources in 184ms.
09-16 14:36:43.659  3179  3179 W Resources: Preloaded color resource #0x1060114 (android:color/background_cache_hint_selector_material_dark) that varies with configuration!!
09-16 14:36:43.660  3179  3179 W Resources: Preloaded color resource #0x1060119 (android:color/btn_default_material_dark) that varies with configuration!!
09-16 14:36:43.662  3179  3179 I Zygote  : ...preloaded 41 resources in 13ms.
09-16 14:36:43.665  3179  3179 I Zygote  : ...preloaded 2 resource in 3ms.
09-16 14:36:43.852  3179  3179 D libEGL  : loaded /vendor/lib/egl/libGLES_mali.so
09-16 14:36:43.864  3179  3179 I Zygote  : Preloading shared libraries...
09-16 14:36:43.889  3179  3179 I Zygote  : Uninstalled ICU cache reference pinning...
09-16 14:36:43.898  3179  3179 I Zygote  : Installed AndroidKeyStoreProvider in 8ms.
09-16 14:36:44.039  3179  3179 I Zygote  : Warmed up JCA providers in 141ms.
09-16 14:36:44.039  3179  3179 D Zygote  : end preload
09-16 14:36:44.039  3179  3179 I art     : Starting a blocking GC Explicit
09-16 14:36:44.050  3179  3179 I art     : Explicit concurrent mark sweep GC freed 3207(141KB) AllocSpace objects, 0(0B) LOS objects, 40% free, 9MB/16MB, paused 71us total 10.615ms
09-16 14:36:44.050  3179  3179 I art     : Starting a blocking GC Explicit
09-16 14:36:44.061  3179  3179 I art     : Explicit concurrent mark sweep GC freed 52(2152B) AllocSpace objects, 0(0B) LOS objects, 39% free, 9MB/16MB, paused 72us total 10.137ms
09-16 14:36:44.068  3179  3179 I Zygote  : Accepting command socket connections
09-16 14:36:44.071  3588  3588 I Zygote  : Process: zygote socket opened, supported ABIS: armeabi-v7a,armeabi
09-16 14:36:44.072  3588  3588 I InstallerConnection: connecting...
09-16 14:36:44.072  3182  3182 I         : new connection
09-16 14:36:44.090  3604  3604 I dex2oat : /system/bin/dex2oat --compiler-filter=speed
09-16 14:36:44.429  3604  3604 I dex2oat : dex2oat took 339.011ms (threads: 8) arena alloc=3MB (3242904B) java alloc=827KB (847440B) native alloc=3MB (3273912B) free=5MB (5638984B)
09-16 14:36:44.448  3613  3613 I dex2oat : /system/bin/dex2oat --compiler-filter=speed
09-16 14:36:44.533  3613  3613 I dex2oat : dex2oat took 85.241ms (threads: 8) arena alloc=701KB (717856B) java alloc=120KB (123840B) native alloc=1230KB (1260184B) free=3MB (3458408B)
09-16 14:36:44.551  3622  3622 I dex2oat : /system/bin/dex2oat --compiler-filter=speed
09-16 14:36:45.499  3622  3629 W dex2oat : Compilation of void com.android.server.SystemServer.startOtherServices() took 101.026ms
09-16 14:36:45.901  3622  3622 W dex2oat : Compilation of void com.android.server.am.BroadcastQueue.processNextBroadcast(boolean) took 117.312ms
09-16 14:36:46.899  3622  3625 W dex2oat : Compilation of void com.android.server.pm.DefaultPermissionGrantPolicy.grantDefaultSystemHandlerPermissions(int) took 213.720ms
09-16 14:36:47.517  3622  3626 W dex2oat : Compilation of android.content.pm.PackageParser$Package com.android.server.pm.PackageManagerService.scanPackageDirtyLI(android.content.pm.PackageParser$Package, int, int, long, android.os.UserHandle) took 110.779ms
09-16 14:36:47.727  3622  3626 W dex2oat : Compilation of void com.android.server.pm.PackageManagerService.dump(java.io.FileDescriptor, java.io.PrintWriter, java.lang.String[]) took 108.311ms
09-16 14:36:48.156  3622  3622 I dex2oat : dex2oat took 3.605s (threads: 8) arena alloc=13MB (14506592B) java alloc=3MB (4128128B) native alloc=34MB (36343568B) free=18MB (18968816B)
09-16 14:36:48.181  3662  3662 I dex2oat : /system/bin/dex2oat --compiler-filter=speed
09-16 14:36:48.457  3662  3662 I dex2oat : dex2oat took 277.161ms (threads: 8) arena alloc=984KB (1008344B) java alloc=227KB (232920B) native alloc=2MB (2335368B) free=4MB (4480376B)
09-16 14:36:48.477  3671  3671 I dex2oat : /system/bin/dex2oat --compiler-filter=speed
09-16 14:36:49.173  3671  3671 I dex2oat : dex2oat took 695.852ms (threads: 8) arena alloc=12MB (12635200B) java alloc=714KB (731896B) native alloc=5MB (6017912B) free=16MB (17312904B)
09-16 14:36:49.177  3588  3588 I InstallerConnection: disconnecting...
09-16 14:36:49.177  3182  3182 E         : eof
09-16 14:36:49.177  3182  3182 E         : failed to read size
09-16 14:36:49.177  3182  3182 I         : closing connection
09-16 14:36:49.182  3588  3588 W art     : Found duplicate classes, falling back to interpreter mode for /system/framework/wifi-service.jar
09-16 14:36:49.182  3588  3588 W art     : Found duplicated class when checking oat files: 'Lcom/google/protobuf/nano/MessageNano;' in /system/framework/services.jar and /system/framework/wifi-service.jar
09-16 14:36:49.205  3588  3588 I SystemServer: Entered the Android system server!
09-16 14:36:49.227  3588  3588 I SystemServiceManager: Starting com.android.server.pm.Installer
09-16 14:36:49.227  3588  3588 I Installer: Waiting for installd to be ready.
09-16 14:36:49.227  3588  3588 I InstallerConnection: connecting...
09-16 14:36:49.228  3182  3182 I         : new connection
09-16 14:36:49.228  3588  3588 I SystemServiceManager: Starting com.android.server.am.ActivityManagerService$Lifecycle
09-16 14:36:49.236  3588  3588 I ActivityManager: Memory class: 256
09-16 14:36:49.237  3588  3686 I ServiceThread: Enabled StrictMode logging for ActivityManager looper.
09-16 14:36:49.238  3588  3687 I ServiceThread: Enabled StrictMode logging for android.ui looper.
09-16 14:36:49.272  3588  3588 D BatteryStatsImpl: Reading daily items from /data/system/batterystats-daily.xml
09-16 14:36:49.303  3588  3588 I AppOps  : No existing app ops /data/system/appops.xml; starting empty
09-16 14:36:49.393  3588  3588 I IntentFirewall: Read new rules (A:0 B:0 S:0)
09-16 14:36:49.397  3588  3693 I ServiceThread: Enabled StrictMode logging for android.display looper.
09-16 14:36:49.407  3588  3588 D AppOps  : AppOpsService published
09-16 14:36:49.407  3588  3588 I SystemServiceManager: Starting com.android.server.power.PowerManagerService
09-16 14:36:49.408  3588  3695 I ServiceThread: Enabled StrictMode logging for PowerManagerService looper.
09-16 14:36:49.410  3588  3588 I SamsungPowerHAL: Initialized settings:
09-16 14:36:49.410  3588  3588 I SamsungPowerHAL: max_freqs: cluster[0]: 1690000, cluster[1]: 2496000
09-16 14:36:49.410  3588  3588 I SamsungPowerHAL: hispeed_freqs: cluster[0]: 1690000, cluster[1]: 2496000
09-16 14:36:49.410  3588  3588 I SamsungPowerHAL: boostpulse_fd: 62
09-16 14:36:49.411  3588  3588 I SamsungPowerHAL: touchscreen_power_path: /sys/class/input/input0/enabled
09-16 14:36:49.411  3588  3588 I SamsungPowerHAL: touchkey_power_path: NULL
09-16 14:36:49.411  3588  3588 W libsuspend: Error writing 'on' to /sys/power/state: Invalid argument
09-16 14:36:49.411  3588  3588 I libsuspend: Selected wakeup count
09-16 14:36:49.413  3588  3588 I SystemServiceManager: Starting com.android.server.lights.LightsService
09-16 14:36:49.414  3588  3588 I SystemServiceManager: Starting com.android.server.display.DisplayManagerService
09-16 14:36:49.416  3588  3588 I SystemServiceManager: Starting phase 100
09-16 14:36:49.417  3588  3693 W LocalDisplayAdapter: Unable to get active color mode for display device 0
09-16 14:36:49.417  3588  3693 E LocalDisplayAdapter: Default and active color mode is no longer available! Reverting to first available mode.
09-16 14:36:49.418  3158  3634 E SurfaceFlinger: getDefaultDisplay: id=2 is not a valid default display id
09-16 14:36:49.419  3588  3693 I DisplayManagerService: Display device added: DisplayDeviceInfo{"Built-in Screen": uniqueId="local:0", 1440 x 2960, modeId 1, defaultModeId 1, supportedModes [{id=1, width=1440, height=2960, fps=60.000004}], colorMode -22, supportedColorModes [-22], HdrCapabilities android.view.Display$HdrCapabilities@a69d6308, density 560, 522.514 x 525.762 dpi, appVsyncOff 1000000, presDeadline 16666666, touch INTERNAL, rotation 0, type BUILT_IN, state UNKNOWN, FLAG_DEFAULT_DISPLAY, FLAG_ROTATES_WITH_CONTENT, FLAG_SECURE, FLAG_SUPPORTS_PROTECTED_BUFFERS}
09-16 14:36:49.419  3158  3158 D SurfaceFlinger: Set power mode=2, type=0 flinger=0x7f98e48000
09-16 14:36:49.419  3158  3158 D SurfaceFlinger: Screen type=0 is already mode=2
09-16 14:36:49.451  3588  3693 I DisplayManagerService: Display device changed state: "Built-in Screen", ON
09-16 14:36:49.451  3588  3588 I SystemServer: StartPackageManagerService
09-16 14:36:49.456  3588  3588 W FileUtils: Failed to chmod(/data/system/packages.list): android.system.ErrnoException: chmod failed: ENOENT (No such file or directory)
09-16 14:36:49.566  3588  3588 D SELinuxMMAC: Using policy file /system/etc/security/mac_permissions.xml
09-16 14:36:49.573  3588  3588 I PackageManager: No settings file; creating initial state
09-16 14:36:49.594  3700  3700 I dex2oat : /system/bin/dex2oat --compiler-filter=speed
09-16 14:36:49.890  3700  3700 I dex2oat : dex2oat took 296.910ms (threads: 8) arena alloc=2MB (2225984B) java alloc=716KB (734152B) native alloc=2MB (2739392B) free=4MB (4600640B)
09-16 14:36:49.910  3709  3709 I dex2oat : /system/bin/dex2oat --compiler-filter=speed
09-16 14:36:49.987  3709  3709 I dex2oat : dex2oat took 76.965ms (threads: 8) arena alloc=379KB (388272B) java alloc=320KB (328144B) native alloc=1301KB (1332720B) free=2MB (2861584B)
09-16 14:36:50.006  3718  3718 I dex2oat : /system/bin/dex2oat --compiler-filter=speed
09-16 14:36:50.077  3718  3718 I dex2oat : dex2oat took 71.861ms (threads: 8) arena alloc=252KB (258320B) java alloc=48KB (49240B) native alloc=1093KB (1119728B) free=1466KB (1501712B)
09-16 14:36:50.095  3727  3727 I dex2oat : /system/bin/dex2oat --compiler-filter=speed
09-16 14:36:50.193  3727  3727 I dex2oat : dex2oat took 98.703ms (threads: 8) arena alloc=3MB (3453128B) java alloc=150KB (154368B) native alloc=1235KB (1265472B) free=5MB (6074560B)
09-16 14:36:50.211  3736  3736 I dex2oat : /system/bin/dex2oat --compiler-filter=speed
09-16 14:36:50.280  3736  3736 I dex2oat : dex2oat took 69.303ms (threads: 8) arena alloc=623KB (638048B) java alloc=75KB (77088B) native alloc=987KB (1011592B) free=3MB (3182712B)
09-16 14:36:50.298  3745  3745 I dex2oat : /system/bin/dex2oat --compiler-filter=speed
09-16 14:36:50.440  3745  3745 I dex2oat : dex2oat took 142.648ms (threads: 8) arena alloc=1576KB (1614704B) java alloc=442KB (453104B) native alloc=1305KB (1336952B) free=4MB (4954504B)
09-16 14:36:50.443  3588  3588 E art     : DexFile_getDexOptNeeded file '/system/framework/org.apache.http.legacy.jar' does not exist
09-16 14:36:50.443  3588  3588 W PackageManager: Library not found: /system/framework/org.apache.http.legacy.jar
09-16 14:36:50.459  3754  3754 I dex2oat : /system/bin/dex2oat --compiler-filter=speed
09-16 14:36:50.527  3754  3754 I dex2oat : dex2oat took 67.422ms (threads: 8) arena alloc=432KB (442464B) java alloc=121KB (124784B) native alloc=1174KB (1202496B) free=2MB (2467520B)
09-16 14:36:50.544  3763  3763 I dex2oat : /system/bin/dex2oat --compiler-filter=speed
09-16 14:36:50.610  3763  3763 I dex2oat : dex2oat took 66.503ms (threads: 8) arena alloc=294KB (301720B) java alloc=136KB (139928B) native alloc=1121KB (1148216B) free=2MB (2521800B)
09-16 14:36:50.628  3772  3772 I dex2oat : /system/bin/dex2oat --compiler-filter=speed
09-16 14:36:50.648  3772  3772 I dex2oat : dex2oat took 19.801ms (threads: 8) arena alloc=84KB (86488B) java alloc=59KB (61128B) native alloc=1045KB (1070792B) free=1514KB (1550648B)
09-16 14:36:50.665  3781  3781 I dex2oat : /system/bin/dex2oat --compiler-filter=speed
09-16 14:36:50.698  3781  3781 I dex2oat : dex2oat took 33.845ms (threads: 8) arena alloc=611KB (626520B) java alloc=253KB (259464B) native alloc=1324KB (1356040B) free=3MB (3886840B)
09-16 14:36:50.716  3790  3790 I dex2oat : /system/bin/dex2oat --compiler-filter=speed
09-16 14:36:50.739  3790  3790 I dex2oat : dex2oat took 24.119ms (threads: 8) arena alloc=262KB (268856B) java alloc=37KB (38472B) native alloc=1113KB (1139976B) free=1958KB (2005752B)
09-16 14:36:50.756  3799  3799 I dex2oat : /system/bin/dex2oat --compiler-filter=speed
09-16 14:36:50.813  3799  3799 I dex2oat : dex2oat took 57.473ms (threads: 8) arena alloc=3MB (3856616B) java alloc=103KB (106392B) native alloc=1316KB (1348504B) free=6MB (7040104B)
09-16 14:36:50.831  3808  3808 I dex2oat : /system/bin/dex2oat --compiler-filter=speed
09-16 14:36:50.931  3808  3808 I dex2oat : dex2oat took 100.413ms (threads: 8) arena alloc=2MB (2310768B) java alloc=457KB (468128B) native alloc=1429KB (1464080B) free=5MB (5875952B)
09-16 14:36:50.934  3588  3588 E art     : DexFile_getDexOptNeeded file '/system/framework/org.apache.http.legacy.jar' does not exist
09-16 14:36:50.934  3588  3588 W PackageManager: Library not found: /system/framework/org.apache.http.legacy.jar
09-16 14:36:50.950  3817  3817 I dex2oat : /system/bin/dex2oat --compiler-filter=speed
09-16 14:36:50.981  3817  3817 I dex2oat : dex2oat took 31.085ms (threads: 8) arena alloc=564KB (578536B) java alloc=72KB (74160B) native alloc=1147KB (1175464B) free=2MB (3018840B)
09-16 14:36:50.998  3826  3826 I dex2oat : /system/bin/dex2oat --compiler-filter=speed
09-16 14:36:51.022  3826  3826 I dex2oat : dex2oat took 24.412ms (threads: 8) arena alloc=323KB (331304B) java alloc=102KB (104576B) native alloc=1119KB (1146720B) free=1952KB (1999008B)
09-16 14:36:51.041  3835  3835 I dex2oat : /system/bin/dex2oat --compiler-filter=speed
09-16 14:36:51.062  3835  3835 I dex2oat : dex2oat took 21.418ms (threads: 8) arena alloc=102KB (105336B) java alloc=59KB (61384B) native alloc=1032KB (1057592B) free=2039KB (2088136B)
09-16 14:36:51.064  3588  3588 D PackageManager: No files in app dir /vendor/overlay
09-16 14:36:51.065  3588  3588 D PackageManager: start scanDirLI:/system/framework
09-16 14:36:51.065  3588  3588 D PackageManager: max thread:6
09-16 14:36:51.090  3588  3845 I PackageManager: /system/framework/org.cyanogenmod.platform-res.apk changed; collecting certs
09-16 14:36:51.102  3588  3845 W PackageManager: Permission cyanogenmod.permission.WRITE_ALARMS from package cyanogenmod.platform in an unknown group android.permission-group.SYSTEM_CLOCK
09-16 14:36:51.102  3588  3845 W PackageManager: Permission cyanogenmod.permission.MANAGE_ALARMS from package cyanogenmod.platform in an unknown group android.permission-group.SYSTEM_CLOCK
09-16 14:36:51.102  3588  3845 W PackageManager: Permission cyanogenmod.permission.READ_ALARMS from package cyanogenmod.platform in an unknown group android.permission-group.SYSTEM_CLOCK
09-16 14:36:51.151  3588  3844 I PackageManager: /system/framework/framework-res.apk changed; collecting certs
09-16 14:36:51.244  3588  3588 D PackageManager: end scanDirLI:/system/framework
09-16 14:36:51.246  3588  3588 D PackageManager: start scanDirLI:/system/priv-app
09-16 14:36:51.246  3588  3588 D PackageManager: max thread:6
09-16 14:36:51.255  3588  3844 I PackageManager: /system/priv-app/CMSettingsProvider changed; collecting certs
09-16 14:36:51.255  3588  3847 I PackageManager: /system/priv-app/BackupRestoreConfirmation changed; collecting certs
09-16 14:36:51.257  3588  3846 I PackageManager: /system/priv-app/AudioFX changed; collecting certs
09-16 14:36:51.259  3588  3848 I PackageManager: /system/priv-app/BlockedNumberProvider changed; collecting certs
09-16 14:36:51.261  3588  3849 I PackageManager: /system/priv-app/CMAudioService changed; collecting certs
09-16 14:36:51.266  3588  3848 I PackageManager: New shared user android.uid.shared: id=10003
09-16 14:36:51.267  3588  3844 I PackageManager: /system/priv-app/CallLogBackup changed; collecting certs
09-16 14:36:51.270  3588  3846 I PackageManager: /system/priv-app/CarrierConfig changed; collecting certs
09-16 14:36:51.271  3588  3847 I PackageManager: /system/priv-app/CalendarProvider changed; collecting certs
09-16 14:36:51.274  3588  3847 I PackageManager: New shared user android.uid.calendar: id=10005
09-16 14:36:51.279  3588  3849 I PackageManager: /system/priv-app/CellBroadcastReceiver changed; collecting certs
09-16 14:36:51.282  3588  3845 I PackageManager: /system/priv-app/CMParts changed; collecting certs
09-16 14:36:51.284  3588  3847 I PackageManager: /system/priv-app/DefaultContainerService changed; collecting certs
09-16 14:36:51.290  3588  3844 I PackageManager: /system/priv-app/ContactsProvider changed; collecting certs
09-16 14:36:51.293  3588  3846 I PackageManager: /system/priv-app/CtsShimPrivPrebuilt changed; collecting certs
09-16 14:36:51.314  3588  3844 I PackageManager: /system/priv-app/DocumentsUI changed; collecting certs
09-16 14:36:51.317  3588  3848 W PackageParser: No actions in intent filter at /system/priv-app/Contacts/Contacts.apk Binary XML file line #431
09-16 14:36:51.318  3588  3846 I PackageManager: /system/priv-app/Eleven changed; collecting certs
09-16 14:36:51.318  3588  3849 I PackageManager: /system/priv-app/DownloadProvider changed; collecting certs
09-16 14:36:51.324  3588  3848 I PackageManager: /system/priv-app/Contacts changed; collecting certs
09-16 14:36:51.328  3588  3845 I PackageManager: /system/priv-app/EmergencyInfo changed; collecting certs
09-16 14:36:51.329  3588  3849 I PackageManager: New shared user android.media: id=10010
09-16 14:36:51.332  3588  3849 W PackageManager: Permission android.permission.DOWNLOAD_WITHOUT_NOTIFICATION from package com.android.providers.downloads in an unknown group android.permission-group.NETWORK
09-16 14:36:51.334  3588  3844 I PackageManager: /system/priv-app/ExtServices changed; collecting certs
09-16 14:36:51.337  3588  3847 W PackageParser: No actions in intent filter at /system/priv-app/Dialer/Dialer.apk Binary XML file line #207
09-16 14:36:51.345  3588  3849 I PackageManager: /system/priv-app/ExternalStorageProvider changed; collecting certs
09-16 14:36:51.346  3588  3845 I PackageManager: New shared user com.android.emergency.uid: id=10012
09-16 14:36:51.348  3588  3847 I PackageManager: /system/priv-app/Dialer changed; collecting certs
09-16 14:36:51.350  3588  3844 I PackageManager: /system/priv-app/FusedLocation changed; collecting certs
09-16 14:36:51.361  3588  3846 I PackageManager: /system/priv-app/InputDevices changed; collecting certs
09-16 14:36:51.373  3588  3844 I PackageManager: /system/priv-app/ManagedProvisioning changed; collecting certs
09-16 14:36:51.377  3588  3849 I PackageManager: /system/priv-app/LineageSetupWizard changed; collecting certs
09-16 14:36:51.377  3588  3846 I PackageManager: /system/priv-app/MmsService changed; collecting certs
09-16 14:36:51.381  3588  3848 I PackageManager: /system/priv-app/MediaProvider changed; collecting certs
09-16 14:36:51.388  3588  3845 I PackageManager: /system/priv-app/Gallery2 changed; collecting certs
09-16 14:36:51.393  3588  3844 I PackageManager: /system/priv-app/OneTimeInitializer changed; collecting certs
09-16 14:36:51.395  3588  3846 I PackageManager: /system/priv-app/MtpDocumentsProvider changed; collecting certs
09-16 14:36:51.400  3588  3847 I PackageManager: /system/priv-app/ProxyHandler changed; collecting certs
09-16 14:36:51.412  3588  3847 I PackageManager: /system/priv-app/SharedStorageBackup changed; collecting certs
09-16 14:36:51.413  3588  3849 I PackageManager: /system/priv-app/Recorder changed; collecting certs
09-16 14:36:51.416  3588  3848 I PackageManager: /system/priv-app/PackageInstaller changed; collecting certs
09-16 14:36:51.419  3588  3846 I PackageManager: /system/priv-app/SettingsProvider changed; collecting certs
09-16 14:36:51.428  3588  3849 I PackageManager: /system/priv-app/StatementService changed; collecting certs
09-16 14:36:51.438  3588  3847 W PackageParser: Ignoring duplicate uses-permissions/uses-permissions-sdk-m: android.permission.INSTALL_GRANT_RUNTIME_PERMISSIONS in package: com.android.shell at: Binary XML file line #102
09-16 14:36:51.442  3588  3847 I PackageManager: /system/priv-app/Shell changed; collecting certs
09-16 14:36:51.442  3588  3846 I PackageManager: /system/priv-app/StorageManager changed; collecting certs
09-16 14:36:51.443  3588  3849 I PackageManager: /system/priv-app/Tag changed; collecting certs
09-16 14:36:51.463  3588  3849 I PackageManager: /system/priv-app/TelephonyProvider changed; collecting certs
09-16 14:36:51.471  3588  3845 W PackageParser: Ignoring duplicate uses-permissions/uses-permissions-sdk-m: android.permission.CONFIGURE_WIFI_DISPLAY in package: com.android.systemui at: Binary XML file line #117
09-16 14:36:51.479  3588  3846 I PackageManager: /system/priv-app/Trebuchet changed; collecting certs
09-16 14:36:51.482  3588  3847 I PackageManager: /system/priv-app/Telecom changed; collecting certs
09-16 14:36:51.484  3588  3845 I PackageManager: /system/priv-app/SystemUI changed; collecting certs
09-16 14:36:51.486  3588  3844 W PackageParser: Ignoring duplicate uses-permissions/uses-permissions-sdk-m: android.permission.USE_CREDENTIALS in package: com.android.settings at: Binary XML file line #56
09-16 14:36:51.486  3588  3844 W PackageParser: Ignoring duplicate uses-permissions/uses-permissions-sdk-m: android.permission.READ_SYNC_SETTINGS in package: com.android.settings at: Binary XML file line #61
09-16 14:36:51.487  3588  3844 W PackageParser: Ignoring duplicate uses-permissions/uses-permissions-sdk-m: android.permission.WRITE_SYNC_SETTINGS in package: com.android.settings at: Binary XML file line #62
09-16 14:36:51.488  3588  3849 I PackageManager: /system/priv-app/Updater changed; collecting certs
09-16 14:36:51.489  3588  3846 W PackageManager: Permission com.android.launcher.permission.INSTALL_SHORTCUT from package com.cyanogenmod.trebuchet in an unknown group android.permission-group.SYSTEM_TOOLS
09-16 14:36:51.490  3588  3846 W PackageManager: Permission com.android.launcher3.permission.READ_SETTINGS from package com.cyanogenmod.trebuchet in an unknown group android.permission-group.SYSTEM_TOOLS
09-16 14:36:51.490  3588  3846 W PackageManager: Permission com.android.launcher3.permission.WRITE_SETTINGS from package com.cyanogenmod.trebuchet in an unknown group android.permission-group.SYSTEM_TOOLS
09-16 14:36:51.497  3588  3846 I PackageManager: /system/priv-app/VpnDialogs changed; collecting certs
09-16 14:36:51.499  3588  3848 I PackageManager: /system/priv-app/TeleService changed; collecting certs
09-16 14:36:51.503  3588  3849 I PackageManager: /system/priv-app/WallpaperCropper changed; collecting certs
09-16 14:36:51.515  3588  3846 I PackageManager: /system/priv-app/WeatherManagerService changed; collecting certs
09-16 14:36:51.517  3588  3849 I PackageManager: /system/priv-app/WeatherProvider changed; collecting certs
09-16 14:36:51.531  3588  3845 I PackageManager: New shared user android.uid.systemui: id=10033
09-16 14:36:51.598  3588  3844 I PackageManager: /system/priv-app/Settings changed; collecting certs
09-16 14:36:51.688  3588  3588 D PackageManager: end scanDirLI:/system/priv-app
09-16 14:36:51.689  3588  3588 D PackageManager: start scanDirLI:/system/app
09-16 14:36:51.689  3588  3588 D PackageManager: max thread:6
09-16 14:36:51.696  3588  3846 I PackageManager: /system/app/BasicDreams changed; collecting certs
09-16 14:36:51.696  3588  3845 I PackageManager: /system/app/BluetoothMidiService changed; collecting certs
09-16 14:36:51.697  3588  3848 I PackageManager: /system/app/BookmarkProvider changed; collecting certs
09-16 14:36:51.703  3588  3847 I PackageManager: /system/app/AdvancedDisplay changed; collecting certs
