09-11 05:35:37.978  3836  3836 W Telephony: TelecomAccountRegistry: Failed to get status , slotId: 0 Exception: java.lang.NullPointerException: Attempt to invoke interface method 'int org.codeaurora.internal.IExtTelephony.getCurrentUiccCardProvisioningStatus(int)' on a null object reference
09-11 05:35:37.978  3836  3836 W Telephony: TelecomAccountRegistry: Failed to get status , slotId: 1 Exception: java.lang.NullPointerException: Attempt to invoke interface method 'int org.codeaurora.internal.IExtTelephony.getCurrentUiccCardProvisioningStatus(int)' on a null object reference
09-11 05:35:37.979  3836  3836 E PhoneInterfaceManager: [PhoneIntfMgr] getIccId: No UICC
09-11 05:35:37.981  3172  3807 I MediaPlayerService: MediaPlayerService::getOMX
09-11 05:35:37.982  3548  4132 I OMXClient: MuxOMX ctor
09-11 05:35:37.982  3168  3219 I OMXMaster: makeComponentInstance(OMX.google.vorbis.decoder) in mediacodec process
09-11 05:35:37.993  3548  3723 I Telecom : PhoneAccountRegistrar: New phone account registered: [[ ] PhoneAccount: ComponentInfo{com.android.phone/com.android.services.telephony.TelephonyConnectionService}, [e0184adedf913b076626646d3f52c3b49c39ad6d], UserHandle{0} Capabilities: CallProvider MultiUser PlaceEmerg SimSub  Audio Routes: BESW Schemes: tel voicemail  Extras: null GroupId: [da39a3ee5e6b4b0d3255bfef95601890afd80709]]: TSI.rPA@AAY
09-11 05:35:37.996  3548  3723 I Telecom : : Sending phone-account registered intent as user: TSI.rPA@AAY
09-11 05:35:37.997  3836  3836 I Telephony: AccountEntry: Registered phoneAccount: [[ ] PhoneAccount: ComponentInfo{com.android.phone/com.android.services.telephony.TelephonyConnectionService}, [e0184adedf913b076626646d3f52c3b49c39ad6d], UserHandle{0} Capabilities: CallProvider MultiUser PlaceEmerg SimSub  Audio Routes: BESW Schemes: tel voicemail  Extras: null GroupId: [da39a3ee5e6b4b0d3255bfef95601890afd80709]] with handle: ComponentInfo{com.android.phone/com.android.services.telephony.TelephonyConnectionService}, [e0184adedf913b076626646d3f52c3b49c39ad6d], UserHandle{0}
09-11 05:35:37.997  3836  3836 I Telephony: PstnIncomingCallNotifier: Registering: Handler (com.android.internal.telephony.GsmCdmaPhone) {e799348}
09-11 05:35:38.002  3836  3836 I Telephony: TelecomAccountRegistry: Unregistering phone account ComponentInfo{com.android.phone/com.android.services.telephony.TelephonyConnectionService}, [2628372b20c6b31a61c46f7f5a9328dbf0edaed6], UserHandle{0}.
09-11 05:35:38.004  3548  3723 I Telecom : : Sending phone-account unregistered intent as user: TSI.uPA@AAg
09-11 05:35:38.011  3172  3793 I MediaPlayerService: MediaPlayerService::getOMX
09-11 05:35:38.012  3548  4135 I OMXClient: MuxOMX ctor
09-11 05:35:38.012  3168  3219 I OMXMaster: makeComponentInstance(OMX.google.vorbis.decoder) in mediacodec process
09-11 05:35:38.040  3708  3880 I OpenGLRenderer: Initialized EGL, version 1.4
09-11 05:35:38.040  3708  3880 D OpenGLRenderer: Swap behavior 1
09-11 05:35:38.042  3836  3836 I Telephony: PstnIncomingCallNotifier: Unregistering: Handler (com.android.internal.telephony.GsmCdmaPhone) {e799348}
09-11 05:35:38.042  3836  3836 W Telephony: TelecomAccountRegistry: Failed to get status , slotId: 0 Exception: java.lang.NullPointerException: Attempt to invoke interface method 'int org.codeaurora.internal.IExtTelephony.getCurrentUiccCardProvisioningStatus(int)' on a null object reference
09-11 05:35:38.043  3836  3836 W Telephony: TelecomAccountRegistry: Failed to get status , slotId: 1 Exception: java.lang.NullPointerException: Attempt to invoke interface method 'int org.codeaurora.internal.IExtTelephony.getCurrentUiccCardProvisioningStatus(int)' on a null object reference
09-11 05:35:38.043  3836  3836 E PhoneInterfaceManager: [PhoneIntfMgr] getIccId: No UICC
09-11 05:35:38.045  3708  3880 D mali_winsys: EGLint new_window_surface(egl_winsys_display*, void*, EGLSurface, EGLConfig, egl_winsys_surface**, egl_color_buffer_format*, EGLBoolean) returns 0x3000,  [1440x2960]-format:1
09-11 05:35:38.047  3172  3172 I MediaPlayerService: MediaPlayerService::getOMX
09-11 05:35:38.047  3548  4150 I OMXClient: MuxOMX ctor
09-11 05:35:38.048  3168  3219 I OMXMaster: makeComponentInstance(OMX.google.vorbis.decoder) in mediacodec process
09-11 05:35:38.048  3548  3865 I Telecom : PhoneAccountRegistrar: [ComponentInfo{com.android.phone/com.android.services.telephony.TelephonyConnectionService}, [e0184adedf913b076626646d3f52c3b49c39ad6d], UserHandle{0}(icon: Icon(typ=BITMAP size=67x84) -> Icon(typ=BITMAP size=67x84))]: TSI.rPA@AAo
09-11 05:35:38.050  3548  3865 I Telecom : : Sending phone-account registered intent as user: TSI.rPA@AAo
09-11 05:35:38.051  3836  3836 I Telephony: AccountEntry: Registered phoneAccount: [[ ] PhoneAccount: ComponentInfo{com.android.phone/com.android.services.telephony.TelephonyConnectionService}, [e0184adedf913b076626646d3f52c3b49c39ad6d], UserHandle{0} Capabilities: CallProvider MultiUser PlaceEmerg SimSub  Audio Routes: BESW Schemes: tel voicemail  Extras: null GroupId: [da39a3ee5e6b4b0d3255bfef95601890afd80709]] with handle: ComponentInfo{com.android.phone/com.android.services.telephony.TelephonyConnectionService}, [e0184adedf913b076626646d3f52c3b49c39ad6d], UserHandle{0}
09-11 05:35:38.051  3836  3836 I Telephony: PstnIncomingCallNotifier: Registering: Handler (com.android.internal.telephony.GsmCdmaPhone) {e799348}
09-11 05:35:38.054  3851  3851 D SimSelectNotification:  no of slots 2 provision = true
09-11 05:35:38.055  3969  3969 D CellBroadcastReceiver: onReceive Intent { act=android.intent.action.SERVICE_STATE flg=0x10 cmp=com.android.cellbroadcastreceiver/.CellBroadcastReceiver (has extras) }
09-11 05:35:38.055  3969  3969 D CellBroadcastReceiver: Intent: android.intent.action.SERVICE_STATE
09-11 05:35:38.056  3969  3969 D CellBroadcastReceiver: Service state changed! 3 Full: 3 3 voice home data home null null null null null null  Unknown Unknown CSS not supported -1 -1 RoamInd=-1 DefRoamInd=-1 EmergOnly=false IsDataRoamingFromRegistration=false IsUsingCarrierAggregation=false Current state=-1
09-11 05:35:38.058  3969  3969 D CellBroadcastReceiver: onReceive Intent { act=android.intent.action.SERVICE_STATE flg=0x10 cmp=com.android.cellbroadcastreceiver/.CellBroadcastReceiver (has extras) }
09-11 05:35:38.058  3969  3969 D CellBroadcastReceiver: Intent: android.intent.action.SERVICE_STATE
09-11 05:35:38.067  3548  3631 D WifiService: New client listening to asynchronous messages
09-11 05:35:38.085  3836  3836 E PhoneInterfaceManager: [PhoneIntfMgr] getIccId: No UICC
09-11 05:35:38.088  3548  3722 I Telecom : PhoneAccountRegistrar: [ComponentInfo{com.android.phone/com.android.services.telephony.TelephonyConnectionService}, [e0184adedf913b076626646d3f52c3b49c39ad6d], UserHandle{0}(icon: Icon(typ=BITMAP size=67x84) -> Icon(typ=BITMAP size=67x84))]: TSI.rPA@AA0
09-11 05:35:38.089  3548  3722 I Telecom : : Sending phone-account registered intent as user: TSI.rPA@AA0
09-11 05:35:38.091  3548  3548 D WifiService: resetting networks because SIM was removed
09-11 05:35:38.091  3548  3548 D WifiService: resetting country code because SIM is removed
09-11 05:35:38.092  3969  3969 D CellBroadcastReceiver: onReceive Intent { act=android.intent.action.SIM_STATE_CHANGED flg=0x4000010 cmp=com.android.cellbroadcastreceiver/.CellBroadcastReceiver (has extras) }
09-11 05:35:38.092  3836  3836 D CarrierConfigLoader: update config for phoneId: 1 simState: ABSENT
09-11 05:35:38.092  3836  3836 D CarrierSvcBindHelper: update binding for phoneId: 1 simState: ABSENT
09-11 05:35:38.092  3836  3836 D CarrierConfigLoader: mHandler: 0 phoneId: 1
09-11 05:35:38.092  3836  3836 D CarrierSvcBindHelper: mHandler: 0
09-11 05:35:38.092  3836  3836 D CarrierSvcBindHelper: Rebinding if necessary for phoneId: 1
09-11 05:35:38.093  3836  3836 D CarrierSvcBindHelper: No carrier app for: 1
09-11 05:35:38.093  3836  3836 I VvmSimChangeReceiver: Sim removed, removing inactive accounts
09-11 05:35:38.095  3851  3851 D SimSelectNotification:  no of slots 2 provision = true
09-11 05:35:38.121  3708  3708 D mali_winsys: EGLint new_window_surface(egl_winsys_display*, void*, EGLSurface, EGLConfig, egl_winsys_surface**, egl_color_buffer_format*, EGLBoolean) returns 0x3000,  [1440x2960]-format:2
09-11 05:35:38.127  3708  3708 I ndroid.systemui: type=1400 audit(0.0:172): avc: denied { read write } for name="fimg2d" dev="tmpfs" ino=21587 scontext=u:r:platform_app:s0:c512,c768 tcontext=u:object_r:device:s0 tclass=chr_file permissive=1
09-11 05:35:38.127  3708  3708 I ndroid.systemui: type=1400 audit(0.0:172): avc: denied { open } for path="/dev/fimg2d" dev="tmpfs" ino=21587 scontext=u:r:platform_app:s0:c512,c768 tcontext=u:object_r:device:s0 tclass=chr_file permissive=1
09-11 05:35:38.127  3708  3708 W ndroid.systemui: type=1300 audit(0.0:172): arch=c00000b7 syscall=56 success=yes exit=83 a0=ffffff9c a1=7f7dc0d703 a2=2 a3=0 items=0 ppid=3161 auid=4294967295 uid=10033 gid=10033 euid=10033 suid=10033 fsuid=10033 egid=10033 sgid=10033 fsgid=10033 tty=(none) ses=4294967295 exe="/system/bin/app_process64" subj=u:r:platform_app:s0:c512,c768 key=(null)
09-11 05:35:38.127  3071  3071 W auditd  : type=1327 audit(0.0:172): proctitle="com.android.systemui"
09-11 05:35:38.127  3071  3071 W auditd  : type=1320 audit(0.0:172): 
09-11 05:35:38.127  3708  3708 I ndroid.systemui: type=1400 audit(0.0:173): avc: denied { ioctl } for path="/dev/fimg2d" dev="tmpfs" ino=21587 ioctlcmd=4d04 scontext=u:r:platform_app:s0:c512,c768 tcontext=u:object_r:device:s0 tclass=chr_file permissive=1
09-11 05:35:38.127  3708  3708 W ndroid.systemui: type=1300 audit(0.0:173): arch=c00000b7 syscall=29 success=yes exit=0 a0=54 a1=c1104d04 a2=7f66fda8b0 a3=0 items=0 ppid=3161 auid=4294967295 uid=10033 gid=10033 euid=10033 suid=10033 fsuid=10033 egid=10033 sgid=10033 fsgid=10033 tty=(none) ses=4294967295 exe="/system/bin/app_process64" subj=u:r:platform_app:s0:c512,c768 key=(null)
09-11 05:35:38.127  3071  3071 W auditd  : type=1327 audit(0.0:173): proctitle="com.android.systemui"
09-11 05:35:38.127  3071  3071 W auditd  : type=1320 audit(0.0:173): 
09-11 05:35:38.145  3708  3708 D PhoneStatusBar: disable: < expand* ICONS alerts SYSTEM_INFO back* HOME RECENT clock SEARCH quick_settings >
09-11 05:35:38.149  3548  3723 I ActivityManager: user 0 is still locked. Cannot load recents
09-11 05:35:38.150  3708  3708 W KeyguardUpdateMonitor: invalid subId in handleSimStateChange()
09-11 05:35:38.150  3708  3708 W KeyguardUpdateMonitor: invalid subId in handleSimStateChange()
09-11 05:35:38.152  3708  3708 W KeyguardUpdateMonitor: invalid subId in handleServiceStateChange()
09-11 05:35:38.154  3708  3708 W KeyguardUpdateMonitor: invalid subId in handleServiceStateChange()
09-11 05:35:38.186  3708  3708 D mali_winsys: EGLint new_window_surface(egl_winsys_display*, void*, EGLSurface, EGLConfig, egl_winsys_surface**, egl_color_buffer_format*, EGLBoolean) returns 0x3000,  [2160x2960]-format:2
09-11 05:35:38.201  3708  3708 W KeyguardUpdateMonitor: invalid subId in handleSimStateChange()
09-11 05:35:38.297  3548  3563 D libgps  : SendGpsExtensionMessage: Waiting for IPC connection - timeout
09-11 05:35:38.297  3548  3563 E libgps  : LIBGPS: Cannot communicate (write) with a GPSD
09-11 05:35:38.297  3548  3563 E libgps  : IPC Communication Error, ../../../../tmp/15194007_282637/allPartners/os/android/gps_interface/gpsi_client/GpsiClient.cpp:631 SendGpsExtensionMessage
09-11 05:35:38.297  3548  3563 D libgps  : agps_set_server: Waiting for IPC connection...
09-11 05:35:38.303  4158  4158 I init    : type=1400 audit(0.0:174): avc: denied { create } for name="wpa_wlan0" scontext=u:r:init:s0 tcontext=u:object_r:socket_device:s0 tclass=sock_file permissive=1
09-11 05:35:38.303  4158  4158 W init    : type=1300 audit(0.0:174): arch=c00000b7 syscall=200 success=yes exit=0 a0=9 a1=7fdf8e16c8 a2=6e a3=11 items=0 ppid=1 auid=4294967295 uid=0 gid=0 euid=0 suid=0 fsuid=0 egid=0 sgid=0 fsgid=0 tty=(none) ses=4294967295 exe="/init" subj=u:r:init:s0 key=(null)
09-11 05:35:38.303  3071  3071 W auditd  : type=1327 audit(0.0:174): proctitle=2F696E6974002D2D7365636F6E642D7374616765
09-11 05:35:38.303  3071  3071 W auditd  : type=1320 audit(0.0:174): 
09-11 05:35:38.303  4158  4158 I init    : type=1400 audit(0.0:175): avc: denied { setattr } for name="wpa_wlan0" dev="tmpfs" ino=25946 scontext=u:r:init:s0 tcontext=u:object_r:socket_device:s0 tclass=sock_file permissive=1
09-11 05:35:38.303  4158  4158 W init    : type=1300 audit(0.0:175): arch=c00000b7 syscall=54 success=yes exit=0 a0=ffffff9c a1=7fdf8e16ca a2=3f2 a3=3f2 items=0 ppid=1 auid=4294967295 uid=0 gid=0 euid=0 suid=0 fsuid=0 egid=0 sgid=0 fsgid=0 tty=(none) ses=4294967295 exe="/init" subj=u:r:init:s0 key=(null)
09-11 05:35:38.303  3071  3071 W auditd  : type=1327 audit(0.0:175): proctitle=2F696E6974002D2D7365636F6E642D7374616765
09-11 05:35:38.303  3071  3071 W auditd  : type=1320 audit(0.0:175): 
09-11 05:35:38.305  3548  3632 D wifi    : set interface wlan0 flags (UP)
09-11 05:35:38.305  3548  3632 I WifiHAL : Initializing wifi
09-11 05:35:38.305  3548  3632 I WifiHAL : Creating socket
09-11 05:35:38.305  3548  3632 I WifiHAL : Initialized Wifi HAL Successfully; vendor cmd = 103
09-11 05:35:38.305  3548  3632 D wifi    : Did set static halHandle = 0x7f87f0f120
09-11 05:35:38.305  3548  3632 D wifi    : halHandle = 0x7f87f0f120, mVM = 0x7f87ee7000, mCls = 0x111a
09-11 05:35:38.305  3548  3632 D wifi    : array field set
09-11 05:35:38.306  3548  4157 I WifiNative-HAL: Waiting for HAL events mWifiHalHandle=547741561120
09-11 05:35:38.306  3548  4157 D wifi    : waitForHalEvents called, vm = 0x7f87ee7000, obj = 0x111a, env = 0x7f6968f300
09-11 05:35:38.309  3548  3627 W ConnectivityExtension: ConnectivityExt jar file not present
09-11 05:35:38.338  4158  4158 I wpa_supplicant: Successfully initialized wpa_supplicant
09-11 05:35:38.341  4158  4158 I wpa_supplicant: rfkill: Cannot open RFKILL control device
09-11 05:35:38.403  3632  3632 I WifiStateMachin: type=1400 audit(0.0:176): avc: denied { write } for name="wpa_wlan0" dev="tmpfs" ino=25946 scontext=u:r:system_server:s0 tcontext=u:object_r:socket_device:s0 tclass=sock_file permissive=1
09-11 05:35:38.403  3632  3632 W WifiStateMachin: type=1300 audit(0.0:176): arch=c00000b7 syscall=203 success=yes exit=0 a0=cc a1=7f6c2f8868 a2=18 a3=7f889411f0 items=0 ppid=3161 auid=4294967295 uid=1000 gid=1000 euid=1000 suid=1000 fsuid=1000 egid=1000 sgid=1000 fsgid=1000 tty=(none) ses=4294967295 exe="/system/bin/app_process64" subj=u:r:system_server:s0 key=(null)
09-11 05:35:38.403  3071  3071 W auditd  : type=1327 audit(0.0:176): proctitle="system_server"
09-11 05:35:38.407  3548  3632 D WifiMonitor: startMonitoring(wlan0) with mConnected = false
09-11 05:35:38.408  3548  3632 D WifiConfigManager: Loading config and enabling all networks 
09-11 05:35:38.409  3548  3632 I WifiNetworkHistory: readNetworkHistory: no config file, java.io.FileNotFoundException: /data/misc/wifi/networkHistory.txt (No such file or directory)
09-11 05:35:38.409  3548  3632 D WifiConfigManager: loaded 0 passpoint configs
09-11 05:35:38.409  3548  3632 E IpConfigStore: Error parsing configuration: java.io.FileNotFoundException: /data/misc/wifi/ipconfig.txt (No such file or directory)
09-11 05:35:38.409  3548  3632 D WifiConfigManager: --- Begin /data/misc/wifi/wpa_supplicant.conf ---
09-11 05:35:38.409  3548  3632 D WifiConfigManager: disable_scan_offload=1
09-11 05:35:38.409  3548  3632 D WifiConfigManager: driver_param=use_p2p_group_interface=1p2p_device=1
09-11 05:35:38.409  3548  3632 D WifiConfigManager: update_config=1
09-11 05:35:38.409  3548  3632 D WifiConfigManager: device_name=lineage_dream2lte
09-11 05:35:38.409  3548  3632 D WifiConfigManager: manufacturer=samsung
09-11 05:35:38.409  3548  3632 D WifiConfigManager: model_name=SM-G955F
09-11 05:35:38.409  3548  3632 D WifiConfigManager: model_number=SM-G955F
09-11 05:35:38.409  3548  3632 D WifiConfigManager: serial_number=ce04171429780c810c
09-11 05:35:38.409  3548  3632 D WifiConfigManager: device_type=10-0050F204-5
09-11 05:35:38.409  3548  3632 D WifiConfigManager: config_methods=physical_display virtual_push_button
09-11 05:35:38.409  3548  3632 D WifiConfigManager: p2p_listen_reg_class=81
09-11 05:35:38.409  3548  3632 D WifiConfigManager: p2p_listen_channel=1
09-11 05:35:38.409  3548  3632 D WifiConfigManager: p2p_oper_reg_class=124
09-11 05:35:38.409  3548  3632 D WifiConfigManager: p2p_oper_channel=149
09-11 05:35:38.410  3548  3632 D WifiConfigManager: p2p_add_cli_chan=1
09-11 05:35:38.410  3548  3632 D WifiConfigManager: p2p_disabled=1
09-11 05:35:38.410  3548  3632 D WifiConfigManager: ip_addr_go=192.168.49.1
09-11 05:35:38.410  3548  3632 D WifiConfigManager: ip_addr_mask=255.255.255.0
09-11 05:35:38.410  3548  3632 D WifiConfigManager: ip_addr_start=192.168.49.200
09-11 05:35:38.410  3548  3632 D WifiConfigManager: ip_addr_end=192.168.49.254
09-11 05:35:38.410  3548  3632 D WifiConfigManager: pmf=1
09-11 05:35:38.410  3548  3632 D WifiConfigManager: external_sim=1
09-11 05:35:38.410  3548  3632 D WifiConfigManager: tdls_external_control=1
09-11 05:35:38.410  3548  3632 D WifiConfigManager: --- End /data/misc/wifi/wpa_supplicant.conf Contents ---
09-11 05:35:38.410  3548  3632 D WifiConfigManager: --- Begin /data/misc/wifi/wpa_supplicant.conf.tmp ---
09-11 05:35:38.410  3548  3632 W WifiConfigManager: Could not open /data/misc/wifi/wpa_supplicant.conf.tmp, java.io.FileNotFoundException: /data/misc/wifi/wpa_supplicant.conf.tmp (No such file or directory)
09-11 05:35:38.410  3548  3632 D WifiConfigManager: --- End /data/misc/wifi/wpa_supplicant.conf.tmp Contents ---
09-11 05:35:38.410  3548  3632 D WifiConfigManager: --- Begin /data/misc/wifi/networkHistory.txt ---
09-11 05:35:38.410  3548  3632 W WifiConfigManager: Could not open /data/misc/wifi/networkHistory.txt, java.io.FileNotFoundException: /data/misc/wifi/networkHistory.txt (No such file or directory)
09-11 05:35:38.410  3548  3632 D WifiConfigManager: --- End /data/misc/wifi/networkHistory.txt Contents ---
09-11 05:35:38.412  3548  3632 D WifiNative-HAL: Setting external_sim to 1
09-11 05:35:38.412  3548  3632 D wifi    : setting dfs flag to true, 0x7f6abfe3e0
09-11 05:35:38.412  3548  3632 D WifiStateMachine: Setting OUI to DA-A1-19
09-11 05:35:38.412  3548  3632 D wifi    : setting scan oui 0x7f6abfe3e0
09-11 05:35:38.412  3548  3632 D WifiHAL : Sending mac address OUI
09-11 05:35:38.415  3548  3632 I WifiConnectivityManager: PNO settings: min5GHzRssi -82 min24GHzRssi -85 currentConnectionBonus 16 sameNetworkBonus 24 secureNetworkBonus 80 initialScoreMax 100
09-11 05:35:38.415  3548  3632 I WifiConnectivityManager: ConnectivityScanManager initialized and disabled
09-11 05:35:38.415  3548  3632 I WifiConnectivityManager: setUntrustedConnectionAllowed: allowed=false
09-11 05:35:38.415  3548  3632 D wifi    : android_net_wifi_get_firmware_version = 0x7f6abfe3e0
09-11 05:35:38.415  3548  3632 E WifiHAL : Failed to register debug response; result = -95
09-11 05:35:38.415  3548  3632 E wifi    : Fail to get Firmware version
09-11 05:35:38.415  3548  3632 D wifi    : android_net_wifi_get_driver_version = 0x7f6abfe3e0
09-11 05:35:38.415  3548  3632 E WifiHAL : Failed to register debug response; result = -95
09-11 05:35:38.415  3548  3632 E wifi    : Fail to get driver version
09-11 05:35:38.415  3548  3632 D wifi    : android_net_wifi_set_log_handler = 0x7f6abfe3e0
09-11 05:35:38.415  3548  3632 D wifi    : android_net_wifi_get_ring_buffer_status = 0x7f6abfe3e0
09-11 05:35:38.415  3548  3632 E WifiHAL : Failed to register debug response; result = -95
09-11 05:35:38.415  3548  3632 E WifiLogger: no ring buffers found
09-11 05:35:38.415  3548  3632 D WifiHAL : Start get packet fate command
09-11 05:35:38.415  3548  3632 D WifiHAL : createRequest Monitor packet fate request
09-11 05:35:38.415  3548  3632 E WifiHAL : Failed to register get pkt fate response; result = -95
09-11 05:35:38.415  3548  3632 E WifiLogger: Failed to start packet fate monitoring
09-11 05:35:38.425  3548  3632 D wifi    : android_net_wifi_setLinkLayerStats: 1
09-11 05:35:38.425  3548  3632 I WifiConnectivityManager: Set WiFi enabled
09-11 05:35:38.425  3548  3632 I WifiConnectivityManager: scheduleWatchdogTimer
09-11 05:35:38.425  3548  3636 D wifi    : failed to get capabilities : -95
09-11 05:35:38.425  3548  3548 D RttService: SCAN_AVAILABLE : 3
09-11 05:35:38.425  3548  3637 D RttService: DefaultState got{ when=-1ms what=160512 target=com.android.internal.util.StateMachine$SmHandler }
09-11 05:35:38.426  3548  3632 D WifiStateMachine: resetting EAP-SIM/AKA/AKA' networks since SIM was changed
09-11 05:35:38.426  3174  3528 D CommandListener: Setting iface cfg
09-11 05:35:38.429  3548  3636 I WifiScanningService: wifi driver loaded with scan capabilities: max buckets=16
09-11 05:35:38.436  3174  3528 D CommandListener: Trying to bring up p2p0
09-11 05:35:38.437  3548  3630 D WifiMonitor: startMonitoring(p2p0) with mConnected = true
09-11 05:35:38.442  3548  3630 I wifi    : command 'P2P_SET conc_pref sta' returned 'UNKNOWN COMMAND
09-11 05:35:38.443  3548  3630 D WifiNative-HAL: p2pGetDeviceAddress
09-11 05:35:38.443  3548  3630 D WifiNative-HAL: p2pGetDeviceAddress returning 
09-11 05:35:38.443  3548  3630 I wifi    : command 'P2P_FLUSH' returned 'UNKNOWN COMMAND
09-11 05:35:38.443  3548  3630 I wifi    : command 'P2P_SERVICE_FLUSH' returned 'UNKNOWN COMMAND
09-11 05:35:38.590  3969  3969 D CellBroadcastReceiver: onReceive Intent { act=android.intent.action.SERVICE_STATE flg=0x10 cmp=com.android.cellbroadcastreceiver/.CellBroadcastReceiver (has extras) }
09-11 05:35:38.590  3969  3969 D CellBroadcastReceiver: Intent: android.intent.action.SERVICE_STATE
09-11 05:35:38.590  3969  3969 D CellBroadcastReceiver: Service state changed! 1 Full: 1 1 voice home data home null null null null null null  Unknown Unknown CSS not supported -1 -1 RoamInd=-1 DefRoamInd=-1 EmergOnly=false IsDataRoamingFromRegistration=false IsUsingCarrierAggregation=false Current state=3
09-11 05:35:38.595  3969  3969 D CellBroadcastReceiver: onReceive Intent { act=android.intent.action.SERVICE_STATE flg=0x10 cmp=com.android.cellbroadcastreceiver/.CellBroadcastReceiver (has extras) }
09-11 05:35:38.595  3969  3969 D CellBroadcastReceiver: Intent: android.intent.action.SERVICE_STATE
09-11 05:35:38.596  3836  3836 I Telephony: PstnIncomingCallNotifier: Unregistering: Handler (com.android.internal.telephony.GsmCdmaPhone) {e799348}
09-11 05:35:38.596  3836  3836 W Telephony: TelecomAccountRegistry: Failed to get status , slotId: 0 Exception: java.lang.NullPointerException: Attempt to invoke interface method 'int org.codeaurora.internal.IExtTelephony.getCurrentUiccCardProvisioningStatus(int)' on a null object reference
09-11 05:35:38.596  3836  3836 W Telephony: TelecomAccountRegistry: Failed to get status , slotId: 1 Exception: java.lang.NullPointerException: Attempt to invoke interface method 'int org.codeaurora.internal.IExtTelephony.getCurrentUiccCardProvisioningStatus(int)' on a null object reference
09-11 05:35:38.597  3836  3836 E PhoneInterfaceManager: [PhoneIntfMgr] getIccId: No UICC
09-11 05:35:38.599  3548  3866 I Telecom : PhoneAccountRegistrar: [ComponentInfo{com.android.phone/com.android.services.telephony.TelephonyConnectionService}, [e0184adedf913b076626646d3f52c3b49c39ad6d], UserHandle{0}(icon: Icon(typ=BITMAP size=67x84) -> Icon(typ=BITMAP size=67x84))]: TSI.rPA@AA4
09-11 05:35:38.600  3548  3866 I Telecom : : Sending phone-account registered intent as user: TSI.rPA@AA4
09-11 05:35:38.601  3836  3836 I Telephony: AccountEntry: Registered phoneAccount: [[ ] PhoneAccount: ComponentInfo{com.android.phone/com.android.services.telephony.TelephonyConnectionService}, [e0184adedf913b076626646d3f52c3b49c39ad6d], UserHandle{0} Capabilities: CallProvider MultiUser PlaceEmerg SimSub  Audio Routes: BESW Schemes: tel voicemail  Extras: null GroupId: [da39a3ee5e6b4b0d3255bfef95601890afd80709]] with handle: ComponentInfo{com.android.phone/com.android.services.telephony.TelephonyConnectionService}, [e0184adedf913b076626646d3f52c3b49c39ad6d], UserHandle{0}
09-11 05:35:38.601  3836  3836 I Telephony: PstnIncomingCallNotifier: Registering: Handler (com.android.internal.telephony.GsmCdmaPhone) {e799348}
09-11 05:35:38.602  3708  3708 W KeyguardUpdateMonitor: invalid subId in handleServiceStateChange()
09-11 05:35:38.604  3708  3708 W KeyguardUpdateMonitor: invalid subId in handleServiceStateChange()
09-11 05:35:38.605  3836  3836 I Telephony: PstnIncomingCallNotifier: Unregistering: Handler (com.android.internal.telephony.GsmCdmaPhone) {e799348}
09-11 05:35:38.605  3836  3836 W Telephony: TelecomAccountRegistry: Failed to get status , slotId: 0 Exception: java.lang.NullPointerException: Attempt to invoke interface method 'int org.codeaurora.internal.IExtTelephony.getCurrentUiccCardProvisioningStatus(int)' on a null object reference
09-11 05:35:38.606  3836  3836 W Telephony: TelecomAccountRegistry: Failed to get status , slotId: 1 Exception: java.lang.NullPointerException: Attempt to invoke interface method 'int org.codeaurora.internal.IExtTelephony.getCurrentUiccCardProvisioningStatus(int)' on a null object reference
09-11 05:35:38.606  3836  3836 E PhoneInterfaceManager: [PhoneIntfMgr] getIccId: No UICC
09-11 05:35:38.608  3548  3723 I Telecom : PhoneAccountRegistrar: [ComponentInfo{com.android.phone/com.android.services.telephony.TelephonyConnectionService}, [e0184adedf913b076626646d3f52c3b49c39ad6d], UserHandle{0}(icon: Icon(typ=BITMAP size=67x84) -> Icon(typ=BITMAP size=67x84))]: TSI.rPA@ABE
09-11 05:35:38.609  3548  3723 I Telecom : : Sending phone-account registered intent as user: TSI.rPA@ABE
09-11 05:35:38.609  3836  3836 I Telephony: AccountEntry: Registered phoneAccount: [[ ] PhoneAccount: ComponentInfo{com.android.phone/com.android.services.telephony.TelephonyConnectionService}, [e0184adedf913b076626646d3f52c3b49c39ad6d], UserHandle{0} Capabilities: CallProvider MultiUser PlaceEmerg SimSub  Audio Routes: BESW Schemes: tel voicemail  Extras: null GroupId: [da39a3ee5e6b4b0d3255bfef95601890afd80709]] with handle: ComponentInfo{com.android.phone/com.android.services.telephony.TelephonyConnectionService}, [e0184adedf913b076626646d3f52c3b49c39ad6d], UserHandle{0}
09-11 05:35:38.610  3836  3836 I Telephony: PstnIncomingCallNotifier: Registering: Handler (com.android.internal.telephony.GsmCdmaPhone) {e799348}
09-11 05:35:38.623  3836  3836 E PhoneInterfaceManager: [PhoneIntfMgr] getIccId: No UICC
09-11 05:35:38.626  3548  3561 I Telecom : PhoneAccountRegistrar: [ComponentInfo{com.android.phone/com.android.services.telephony.TelephonyConnectionService}, [e0184adedf913b076626646d3f52c3b49c39ad6d], UserHandle{0}(icon: Icon(typ=BITMAP size=67x84) -> Icon(typ=BITMAP size=67x84))]: TSI.rPA@ABQ
09-11 05:35:38.627  3548  3561 I Telecom : : Sending phone-account registered intent as user: TSI.rPA@ABQ
09-11 05:35:38.634  3708  3708 W KeyguardUpdateMonitor: invalid subId in handleSimStateChange()
09-11 05:35:38.635  3969  3969 D CellBroadcastReceiver: onReceive Intent { act=android.intent.action.SIM_STATE_CHANGED flg=0x4000010 cmp=com.android.cellbroadcastreceiver/.CellBroadcastReceiver (has extras) }
09-11 05:35:38.638  3851  3851 D SimSelectNotification:  no of slots 2 provision = true
09-11 05:35:38.641  3836  3836 W System  : ClassLoader referenced unknown path: /system/app/Stk/lib/arm64
09-11 05:35:38.641  3836  3836 D ApplicationLoaders: ignored Vulkan layer search path /system/app/Stk/lib/arm64:/system/lib64:/vendor/lib64 for namespace 0x7f8bbe5160
09-11 05:35:38.701  3708  3708 W KeyguardUpdateMonitor: invalid subId in handleSimStateChange()
09-11 05:35:38.702  3969  3969 D CellBroadcastReceiver: onReceive Intent { act=android.intent.action.SIM_STATE_CHANGED flg=0x4000010 cmp=com.android.cellbroadcastreceiver/.CellBroadcastReceiver (has extras) }
09-11 05:35:38.703  3851  3851 D SimSelectNotification:  no of slots 2 provision = true
09-11 05:35:38.939  3836  3836 D MccTable: updateMccMncConfiguration mccmnc='72234' fromServiceState=true
09-11 05:35:38.939  3836  3836 D MccTable: updateMccMncConfiguration defaultMccMnc=
09-11 05:35:38.939  3836  3836 D MccTable: updateMccMncConfiguration: mcc=722, mnc=34
09-11 05:35:38.939  3836  3836 D MccTable: WIFI_COUNTRY_CODE set to ar
09-11 05:35:38.941  3548  3723 I WifiService: WifiService trying to set country code to ar with persist set to false
09-11 05:35:38.978  4158  4158 I wpa_supplicant: wlan0: CTRL-EVENT-REGDOM-CHANGE init=USER type=COUNTRY alpha2=AR
09-11 05:35:38.979  3548  3723 D WifiCountryCode: Succeeded to set country code to: AR
09-11 05:35:38.981  3548  3560 D AlarmManagerService: Kernel timezone updated to 180 minutes west of GMT
09-11 05:35:38.982  3548  3561 D AlarmManagerService: Kernel timezone updated to 180 minutes west of GMT
09-11 05:35:38.984  3708  3708 W KeyguardUpdateMonitor: invalid subId in handleServiceStateChange()
09-11 05:35:38.985  3969  3969 D CellBroadcastReceiver: onReceive Intent { act=android.intent.action.SERVICE_STATE flg=0x10 cmp=com.android.cellbroadcastreceiver/.CellBroadcastReceiver (has extras) }
09-11 05:35:38.985  3969  3969 D CellBroadcastReceiver: Intent: android.intent.action.SERVICE_STATE
09-11 05:35:38.986  3836  3836 I Telephony: PstnIncomingCallNotifier: Unregistering: Handler (com.android.internal.telephony.GsmCdmaPhone) {e799348}
09-11 05:35:38.987  3836  3836 W Telephony: TelecomAccountRegistry: Failed to get status , slotId: 0 Exception: java.lang.NullPointerException: Attempt to invoke interface method 'int org.codeaurora.internal.IExtTelephony.getCurrentUiccCardProvisioningStatus(int)' on a null object reference
09-11 05:35:38.987  3836  3836 W Telephony: TelecomAccountRegistry: Failed to get status , slotId: 1 Exception: java.lang.NullPointerException: Attempt to invoke interface method 'int org.codeaurora.internal.IExtTelephony.getCurrentUiccCardProvisioningStatus(int)' on a null object reference
09-11 05:35:38.988  3836  3836 E PhoneInterfaceManager: [PhoneIntfMgr] getIccId: No UICC
09-11 05:35:38.989  3548  3865 I Telecom : PhoneAccountRegistrar: [ComponentInfo{com.android.phone/com.android.services.telephony.TelephonyConnectionService}, [e0184adedf913b076626646d3f52c3b49c39ad6d], UserHandle{0}(icon: Icon(typ=BITMAP size=67x84) -> Icon(typ=BITMAP size=67x84))]: TSI.rPA@ABU
09-11 05:35:38.991  3548  3865 I Telecom : : Sending phone-account registered intent as user: TSI.rPA@ABU
09-11 05:35:38.991  3836  3836 I Telephony: AccountEntry: Registered phoneAccount: [[ ] PhoneAccount: ComponentInfo{com.android.phone/com.android.services.telephony.TelephonyConnectionService}, [e0184adedf913b076626646d3f52c3b49c39ad6d], UserHandle{0} Capabilities: CallProvider MultiUser PlaceEmerg SimSub  Audio Routes: BESW Schemes: tel voicemail  Extras: null GroupId: [da39a3ee5e6b4b0d3255bfef95601890afd80709]] with handle: ComponentInfo{com.android.phone/com.android.services.telephony.TelephonyConnectionService}, [e0184adedf913b076626646d3f52c3b49c39ad6d], UserHandle{0}
09-11 05:35:38.991  3836  3836 I Telephony: PstnIncomingCallNotifier: Registering: Handler (com.android.internal.telephony.GsmCdmaPhone) {e799348}
09-11 05:35:38.995  3836  3836 E PhoneInterfaceManager: [PhoneIntfMgr] getIccId: No UICC
09-11 05:35:38.997  3548  3723 I Telecom : PhoneAccountRegistrar: [ComponentInfo{com.android.phone/com.android.services.telephony.TelephonyConnectionService}, [e0184adedf913b076626646d3f52c3b49c39ad6d], UserHandle{0}(icon: Icon(typ=BITMAP size=67x84) -> Icon(typ=BITMAP size=67x84))]: TSI.rPA@ABg
09-11 05:35:38.998  3548  3723 I Telecom : : Sending phone-account registered intent as user: TSI.rPA@ABg
09-11 05:35:39.181  3836  3836 D MccTable: updateMccMncConfiguration mccmnc='72234' fromServiceState=false
09-11 05:35:39.182  3836  3836 D MccTable: updateMccMncConfiguration defaultMccMnc=
09-11 05:35:39.182  3836  3836 D MccTable: updateMccMncConfiguration: mcc=722, mnc=34
09-11 05:35:39.182  3836  3836 D MccTable: updateMccMncConfiguration updateConfig config={1.0 722mcc34mnc ?localeList ?layoutDir ?swdp ?wdp ?hdp ?density ?lsize ?long ?orien ?uimode ?night ?touch ?keyb/?/? ?nav/?}
09-11 05:35:39.183  3548  3561 I ActivityManager: Config changes=3 {1.0 722mcc34mnc [en_US] ldltr sw411dp w411dp h773dp 560dpi nrml long port finger -keyb/v/h -nav/h s.7}
09-11 05:35:39.190  3148  3181 D PermissionCache: checking android.permission.READ_FRAME_BUFFER for uid=1000 => granted (808 us)
09-11 05:35:39.236  3851  3887 D mali_winsys: EGLint new_window_surface(egl_winsys_display*, void*, EGLSurface, EGLConfig, egl_winsys_surface**, egl_color_buffer_format*, EGLBoolean) returns 0x3000,  [1440x2960]-format:1
09-11 05:35:39.269  3548  3577 I WindowManager: Screen frozen for +83ms due to AppWindowToken{6664605 token=Token{5bfdc6f ActivityRecord{eba834e u0 com.android.settings/.FallbackHome t1}}}
09-11 05:35:39.299  3548  3563 D libgps  : agps_set_server: Waiting for IPC connection - timeout
09-11 05:35:39.299  3548  3563 E libgps  : LIBGPS: Cannot communicate (write) with a GPSD
09-11 05:35:39.299  3548  3563 E libgps  : IPC Communication Error, ../../../../tmp/15194007_282637/allPartners/os/android/gps_interface/gpsi_client/GpsiClient.cpp:1685 agps_set_server
09-11 05:35:39.299  3548  3563 D GnssLocationProvider: GPS configuration:
09-11 05:35:39.299  3548  3563 D GnssLocationProvider:  #Mon Sep 11 05:35:39 GMT-03:00 2017
09-11 05:35:39.299  3548  3563 D GnssLocationProvider: SUPL_VER=0x20000
09-11 05:35:39.299  3548  3563 D GnssLocationProvider: SUPL_PORT=7275
09-11 05:35:39.299  3548  3563 D GnssLocationProvider: XTRA_SERVER_2=http\://gllto2.glpals.com/4day/v4/latest/lto2.dat
09-11 05:35:39.299  3548  3563 D GnssLocationProvider: XTRA_SERVER_1=http\://gllto1.glpals.com/4day/v4/latest/lto2.dat
09-11 05:35:39.299  3548  3563 D GnssLocationProvider: SUPL_HOST=supl.google.com
09-11 05:35:39.299  3548  3563 D GnssLocationProvider: SUPL_MODE=1
09-11 05:35:39.299  3548  3563 D GnssLocationProvider: NTP_SERVER=north-america.pool.ntp.org
09-11 05:35:39.299  3548  3563 D libgps  : SendGpsExtensionMessage: Waiting for IPC connection...
09-11 05:35:39.414  3836  3836 I Telephony: PstnIncomingCallNotifier: Unregistering: Handler (com.android.internal.telephony.GsmCdmaPhone) {e799348}
09-11 05:35:39.414  3836  3836 W Telephony: TelecomAccountRegistry: Failed to get status , slotId: 0 Exception: java.lang.NullPointerException: Attempt to invoke interface method 'int org.codeaurora.internal.IExtTelephony.getCurrentUiccCardProvisioningStatus(int)' on a null object reference
09-11 05:35:39.414  3836  3836 W Telephony: TelecomAccountRegistry: Failed to get status , slotId: 1 Exception: java.lang.NullPointerException: Attempt to invoke interface method 'int org.codeaurora.internal.IExtTelephony.getCurrentUiccCardProvisioningStatus(int)' on a null object reference
09-11 05:35:39.415  3836  3836 E PhoneInterfaceManager: [PhoneIntfMgr] getIccId: No UICC
09-11 05:35:39.417  3548  3865 I Telecom : PhoneAccountRegistrar: [ComponentInfo{com.android.phone/com.android.services.telephony.TelephonyConnectionService}, [e0184adedf913b076626646d3f52c3b49c39ad6d], UserHandle{0}(icon: Icon(typ=BITMAP size=67x84) -> Icon(typ=BITMAP size=67x84))]: TSI.rPA@ABk
09-11 05:35:39.418  3548  3865 I Telecom : : Sending phone-account registered intent as user: TSI.rPA@ABk
09-11 05:35:39.419  3836  3836 I Telephony: AccountEntry: Registered phoneAccount: [[ ] PhoneAccount: ComponentInfo{com.android.phone/com.android.services.telephony.TelephonyConnectionService}, [e0184adedf913b076626646d3f52c3b49c39ad6d], UserHandle{0} Capabilities: CallProvider MultiUser PlaceEmerg SimSub  Audio Routes: BESW Schemes: tel voicemail  Extras: null GroupId: [da39a3ee5e6b4b0d3255bfef95601890afd80709]] with handle: ComponentInfo{com.android.phone/com.android.services.telephony.TelephonyConnectionService}, [e0184adedf913b076626646d3f52c3b49c39ad6d], UserHandle{0}
09-11 05:35:39.419  3836  3836 I Telephony: PstnIncomingCallNotifier: Registering: Handler (com.android.internal.telephony.GsmCdmaPhone) {e799348}
09-11 05:35:39.427  3836  3836 E PhoneInterfaceManager: [PhoneIntfMgr] getIccId: No UICC
09-11 05:35:39.429  3548  3561 I Telecom : PhoneAccountRegistrar: [ComponentInfo{com.android.phone/com.android.services.telephony.TelephonyConnectionService}, [e0184adedf913b076626646d3f52c3b49c39ad6d], UserHandle{0}(icon: Icon(typ=BITMAP size=67x84) -> Icon(typ=BITMAP size=67x84))]: TSI.rPA@ABw
09-11 05:35:39.430  3548  3561 I Telecom : : Sending phone-account registered intent as user: TSI.rPA@ABw
09-11 05:35:39.431  3836  3836 I Telephony: PstnIncomingCallNotifier: Unregistering: Handler (com.android.internal.telephony.GsmCdmaPhone) {e799348}
09-11 05:35:39.432  3836  3836 W Telephony: TelecomAccountRegistry: Failed to get status , slotId: 0 Exception: java.lang.NullPointerException: Attempt to invoke interface method 'int org.codeaurora.internal.IExtTelephony.getCurrentUiccCardProvisioningStatus(int)' on a null object reference
09-11 05:35:39.432  3836  3836 W Telephony: TelecomAccountRegistry: Failed to get status , slotId: 1 Exception: java.lang.NullPointerException: Attempt to invoke interface method 'int org.codeaurora.internal.IExtTelephony.getCurrentUiccCardProvisioningStatus(int)' on a null object reference
09-11 05:35:39.432  3836  3836 E PhoneInterfaceManager: [PhoneIntfMgr] getIccId: No UICC
09-11 05:35:39.435  3548  3561 I Telecom : PhoneAccountRegistrar: [ComponentInfo{com.android.phone/com.android.services.telephony.TelephonyConnectionService}, [e0184adedf913b076626646d3f52c3b49c39ad6d], UserHandle{0}(icon: Icon(typ=BITMAP size=67x84) -> Icon(typ=BITMAP size=67x84))]: TSI.rPA@AB0
09-11 05:35:39.436  3548  3561 I Telecom : : Sending phone-account registered intent as user: TSI.rPA@AB0
09-11 05:35:39.437  3836  3836 I Telephony: AccountEntry: Registered phoneAccount: [[ ] PhoneAccount: ComponentInfo{com.android.phone/com.android.services.telephony.TelephonyConnectionService}, [e0184adedf913b076626646d3f52c3b49c39ad6d], UserHandle{0} Capabilities: CallProvider MultiUser PlaceEmerg SimSub  Audio Routes: BESW Schemes: tel voicemail  Extras: null GroupId: [da39a3ee5e6b4b0d3255bfef95601890afd80709]] with handle: ComponentInfo{com.android.phone/com.android.services.telephony.TelephonyConnectionService}, [e0184adedf913b076626646d3f52c3b49c39ad6d], UserHandle{0}
09-11 05:35:39.437  3836  3836 I Telephony: PstnIncomingCallNotifier: Registering: Handler (com.android.internal.telephony.GsmCdmaPhone) {e799348}
09-11 05:35:39.499  3836  3836 D MccTable: updateMccMncConfiguration mccmnc='72234' fromServiceState=false
09-11 05:35:39.499  3969  3969 D CellBroadcastReceiver: onReceive Intent { act=android.intent.action.ACTION_DEFAULT_SMS_SUBSCRIPTION_CHANGED flg=0x20000010 cmp=com.android.cellbroadcastreceiver/.CellBroadcastReceiver (has extras) }
09-11 05:35:39.499  3836  3836 D MccTable: updateMccMncConfiguration defaultMccMnc=72234
09-11 05:35:39.500  3836  3836 D MccTable: updateMccMncConfiguration: mcc=722, mnc=34
09-11 05:35:39.500  3836  3836 D MccTable: updateMccMncConfiguration updateConfig config={1.0 722mcc34mnc ?localeList ?layoutDir ?swdp ?wdp ?hdp ?density ?lsize ?long ?orien ?uimode ?night ?touch ?keyb/?/? ?nav/?}
09-11 05:35:39.500  3969  3969 D CellBroadcastReceiver: Start Cell Broadcast configuration.
09-11 05:35:39.507  3708  3708 D CarrierText: onSimStateChanged: Normal
09-11 05:35:39.507  3969  4181 D CellBroadcastConfigService: Enable CellBroadcast on sub 1
09-11 05:35:39.511  3708  3708 D PhoneStatusBar: disable: < expand ICONS alerts SYSTEM_INFO back HOME RECENT clock SEARCH quick_settings >
09-11 05:35:39.520  3708  3708 E SignalClusterView: Unexpected subscription 1
09-11 05:35:39.520  3708  3708 E SignalClusterView: Unexpected subscription 1
09-11 05:35:39.524  3969  4181 E CellBroadcastConfigService: exception enabling cell broadcast channels
09-11 05:35:39.524  3969  4181 E CellBroadcastConfigService: java.lang.NullPointerException: Attempt to invoke virtual method 'java.lang.String android.content.ComponentName.getPackageName()' on a null object reference
09-11 05:35:39.524  3969  4181 E CellBroadcastConfigService: 	at android.os.Parcel.readException(Parcel.java:1690)
09-11 05:35:39.524  3969  4181 E CellBroadcastConfigService: 	at android.os.Parcel.readException(Parcel.java:1637)
09-11 05:35:39.524  3969  4181 E CellBroadcastConfigService: 	at com.android.internal.telephony.ISms$Stub$Proxy.isSmsSimPickActivityNeeded(ISms.java:1409)
09-11 05:35:39.524  3969  4181 E CellBroadcastConfigService: 	at android.telephony.SmsManager.getSubscriptionId(SmsManager.java:828)
09-11 05:35:39.524  3969  4181 E CellBroadcastConfigService: 	at android.telephony.SmsManager.enableCellBroadcastRange(SmsManager.java:1098)
09-11 05:35:39.524  3969  4181 E CellBroadcastConfigService: 	at com.android.cellbroadcastreceiver.CellBroadcastConfigService.setCellBroadcastRange(CellBroadcastConfigService.java:387)
09-11 05:35:39.524  3969  4181 E CellBroadcastConfigService: 	at com.android.cellbroadcastreceiver.CellBroadcastConfigService.setCellBroadcastOnSub(CellBroadcastConfigService.java:217)
09-11 05:35:39.524  3969  4181 E CellBroadcastConfigService: 	at com.android.cellbroadcastreceiver.CellBroadcastConfigService.onHandleIntent(CellBroadcastConfigService.java:96)
09-11 05:35:39.524  3969  4181 E CellBroadcastConfigService: 	at android.app.IntentService$ServiceHandler.handleMessage(IntentService.java:68)
09-11 05:35:39.524  3969  4181 E CellBroadcastConfigService: 	at android.os.Handler.dispatchMessage(Handler.java:102)
09-11 05:35:39.524  3969  4181 E CellBroadcastConfigService: 	at android.os.Looper.loop(Looper.java:154)
09-11 05:35:39.524  3969  4181 E CellBroadcastConfigService: 	at android.os.HandlerThread.run(HandlerThread.java:61)
09-11 05:35:39.527  3548  3548 D WifiService: resetting networks because SIM was loaded
09-11 05:35:39.528  3548  3632 D WifiStateMachine: resetting EAP-SIM/AKA/AKA' networks since SIM was changed
09-11 05:35:39.528  3836  3836 D CarrierConfigLoader: update config for phoneId: 0 simState: LOADED
09-11 05:35:39.528  3836  3836 D CarrierSvcBindHelper: update binding for phoneId: 0 simState: LOADED
09-11 05:35:39.528  3969  3969 D CellBroadcastReceiver: onReceive Intent { act=android.intent.action.SIM_STATE_CHANGED flg=0x4000010 cmp=com.android.cellbroadcastreceiver/.CellBroadcastReceiver (has extras) }
09-11 05:35:39.530  3969  3969 D CellBroadcastReceiver: Default interval 0 did not change.
09-11 05:35:39.542  3548  3722 I Telecom : PhoneAccountRegistrar: [ComponentInfo{com.android.phone/com.android.services.telephony.TelephonyConnectionService}, [e0184adedf913b076626646d3f52c3b49c39ad6d], UserHandle{0}(icon: Icon(typ=BITMAP size=67x84) -> Icon(typ=BITMAP size=67x84))]: TSI.rPA@ACA
09-11 05:35:39.544  3548  3722 I Telecom : : Sending phone-account registered intent as user: TSI.rPA@ACA
09-11 05:35:39.549  3836  3836 D TelephonyProvider: subIdString = 1 subId = 1
09-11 05:35:39.606  3836  3836 D TelephonyProvider: subIdString = 1 subId = 1
09-11 05:35:39.627  3836  3836 I Telephony: PstnIncomingCallNotifier: Unregistering: Handler (com.android.internal.telephony.GsmCdmaPhone) {e799348}
09-11 05:35:39.628  3836  3836 W Telephony: TelecomAccountRegistry: Failed to get status , slotId: 0 Exception: java.lang.NullPointerException: Attempt to invoke interface method 'int org.codeaurora.internal.IExtTelephony.getCurrentUiccCardProvisioningStatus(int)' on a null object reference
09-11 05:35:39.634  3548  3561 I Telecom : PhoneAccountRegistrar: New phone account registered: [[ ] PhoneAccount: ComponentInfo{com.android.phone/com.android.services.telephony.TelephonyConnectionService}, [2628372b20c6b31a61c46f7f5a9328dbf0edaed6], UserHandle{0} Capabilities: CallProvider MultiUser PlaceEmerg SimSub  Audio Routes: BESW Schemes: tel voicemail  Extras: null GroupId: [da39a3ee5e6b4b0d3255bfef95601890afd80709]]: TSI.rPA@ACE
09-11 05:35:39.637  3548  3561 I Telecom : : Sending phone-account registered intent as user: TSI.rPA@ACE
09-11 05:35:39.637  3836  3836 I Telephony: AccountEntry: Registered phoneAccount: [[ ] PhoneAccount: ComponentInfo{com.android.phone/com.android.services.telephony.TelephonyConnectionService}, [2628372b20c6b31a61c46f7f5a9328dbf0edaed6], UserHandle{0} Capabilities: CallProvider MultiUser PlaceEmerg SimSub  Audio Routes: BESW Schemes: tel voicemail  Extras: null GroupId: [da39a3ee5e6b4b0d3255bfef95601890afd80709]] with handle: ComponentInfo{com.android.phone/com.android.services.telephony.TelephonyConnectionService}, [2628372b20c6b31a61c46f7f5a9328dbf0edaed6], UserHandle{0}
09-11 05:35:39.637  3836  3836 I Telephony: PstnIncomingCallNotifier: Registering: Handler (com.android.internal.telephony.GsmCdmaPhone) {e799348}
09-11 05:35:39.638  3836  3836 W Telephony: TelecomAccountRegistry: Failed to get status , slotId: 1 Exception: java.lang.NullPointerException: Attempt to invoke interface method 'int org.codeaurora.internal.IExtTelephony.getCurrentUiccCardProvisioningStatus(int)' on a null object reference
09-11 05:35:39.640  3836  3836 I Telephony: TelecomAccountRegistry: Unregistering phone account ComponentInfo{com.android.phone/com.android.services.telephony.TelephonyConnectionService}, [e0184adedf913b076626646d3f52c3b49c39ad6d], UserHandle{0}.
09-11 05:35:39.642  3548  3560 I Telecom : : Sending phone-account unregistered intent as user: TSI.uPA@ACM
09-11 05:35:39.651  3836  3836 D CallNotifier: updatePhoneStateListeners: update CF notifications.
09-11 05:35:39.651  3836  3836 I Telephony: PstnIncomingCallNotifier: Unregistering: Handler (com.android.internal.telephony.GsmCdmaPhone) {e799348}
09-11 05:35:39.651  3836  3836 W Telephony: TelecomAccountRegistry: Failed to get status , slotId: 0 Exception: java.lang.NullPointerException: Attempt to invoke interface method 'int org.codeaurora.internal.IExtTelephony.getCurrentUiccCardProvisioningStatus(int)' on a null object reference
09-11 05:35:39.658  3548  3866 I Telecom : PhoneAccountRegistrar: [ComponentInfo{com.android.phone/com.android.services.telephony.TelephonyConnectionService}, [2628372b20c6b31a61c46f7f5a9328dbf0edaed6], UserHandle{0}(icon: Icon(typ=BITMAP size=84x84) -> Icon(typ=BITMAP size=84x84))]: TSI.rPA@ACU
09-11 05:35:39.660  3548  3866 I Telecom : : Sending phone-account registered intent as user: TSI.rPA@ACU
09-11 05:35:39.660  3836  3836 I Telephony: AccountEntry: Registered phoneAccount: [[ ] PhoneAccount: ComponentInfo{com.android.phone/com.android.services.telephony.TelephonyConnectionService}, [2628372b20c6b31a61c46f7f5a9328dbf0edaed6], UserHandle{0} Capabilities: CallProvider MultiUser PlaceEmerg SimSub  Audio Routes: BESW Schemes: tel voicemail  Extras: null GroupId: [da39a3ee5e6b4b0d3255bfef95601890afd80709]] with handle: ComponentInfo{com.android.phone/com.android.services.telephony.TelephonyConnectionService}, [2628372b20c6b31a61c46f7f5a9328dbf0edaed6], UserHandle{0}
09-11 05:35:39.660  3836  3836 I Telephony: PstnIncomingCallNotifier: Registering: Handler (com.android.internal.telephony.GsmCdmaPhone) {e799348}
09-11 05:35:39.661  3836  3836 W Telephony: TelecomAccountRegistry: Failed to get status , slotId: 1 Exception: java.lang.NullPointerException: Attempt to invoke interface method 'int org.codeaurora.internal.IExtTelephony.getCurrentUiccCardProvisioningStatus(int)' on a null object reference
09-11 05:35:39.671  3836  3836 D CallNotifier: updatePhoneStateListeners: update CF notifications.
09-11 05:35:39.671  3836  3836 I Telephony: PstnIncomingCallNotifier: Unregistering: Handler (com.android.internal.telephony.GsmCdmaPhone) {e799348}
09-11 05:35:39.671  3836  3836 W Telephony: TelecomAccountRegistry: Failed to get status , slotId: 0 Exception: java.lang.NullPointerException: Attempt to invoke interface method 'int org.codeaurora.internal.IExtTelephony.getCurrentUiccCardProvisioningStatus(int)' on a null object reference
09-11 05:35:39.677  3548  3560 I Telecom : PhoneAccountRegistrar: [ComponentInfo{com.android.phone/com.android.services.telephony.TelephonyConnectionService}, [2628372b20c6b31a61c46f7f5a9328dbf0edaed6], UserHandle{0}(icon: Icon(typ=BITMAP size=84x84) -> Icon(typ=BITMAP size=84x84))]: TSI.rPA@ACg
09-11 05:35:39.679  3548  3560 I Telecom : : Sending phone-account registered intent as user: TSI.rPA@ACg
09-11 05:35:39.679  3836  3836 I Telephony: AccountEntry: Registered phoneAccount: [[ ] PhoneAccount: ComponentInfo{com.android.phone/com.android.services.telephony.TelephonyConnectionService}, [2628372b20c6b31a61c46f7f5a9328dbf0edaed6], UserHandle{0} Capabilities: CallProvider MultiUser PlaceEmerg SimSub  Audio Routes: BESW Schemes: tel voicemail  Extras: null GroupId: [da39a3ee5e6b4b0d3255bfef95601890afd80709]] with handle: ComponentInfo{com.android.phone/com.android.services.telephony.TelephonyConnectionService}, [2628372b20c6b31a61c46f7f5a9328dbf0edaed6], UserHandle{0}
09-11 05:35:39.679  3836  3836 I Telephony: PstnIncomingCallNotifier: Registering: Handler (com.android.internal.telephony.GsmCdmaPhone) {e799348}
09-11 05:35:39.679  3836  3836 W Telephony: TelecomAccountRegistry: Failed to get status , slotId: 1 Exception: java.lang.NullPointerException: Attempt to invoke interface method 'int org.codeaurora.internal.IExtTelephony.getCurrentUiccCardProvisioningStatus(int)' on a null object reference
09-11 05:35:39.681  3836  3836 D CarrierConfigLoader: mHandler: 7 phoneId: 0
09-11 05:35:39.683  3836  3836 E CarrierConfigLoader: java.io.FileNotFoundException: /data/user_de/0/com.android.phone/files/carrierconfig-com.android.carrierconfig-89543420816751226808-72234.xml (No such file or directory)
09-11 05:35:39.683  3836  3836 D CarrierConfigLoader: Binding to com.android.carrierconfig for phone 0
