09-09 11:20:00.866  4933  5276 D IccSmsInterfaceManager: [IccSmsInterfaceManager] Added GSM cell broadcast subscription for MID range 4371 to 4372 from client com.android.cellbroadcastreceiver
09-09 11:20:00.867  4933  5276 D IccSmsInterfaceManager: [IccSmsInterfaceManager] Calling setCellBroadcastActivation(true)
09-09 11:20:00.891  4933  5263 D IccSmsInterfaceManager: [IccSmsInterfaceManager] Added GSM cell broadcast subscription for MID range 4373 to 4378 from client com.android.cellbroadcastreceiver
09-09 11:20:00.891  4933  5263 D IccSmsInterfaceManager: [IccSmsInterfaceManager] Calling setCellBroadcastActivation(true)
09-09 11:20:00.915  4933  4947 D IccSmsInterfaceManager: [IccSmsInterfaceManager] Added GSM cell broadcast subscription for MID range 4379 to 4379 from client com.android.cellbroadcastreceiver
09-09 11:20:00.915  4933  4947 D IccSmsInterfaceManager: [IccSmsInterfaceManager] Calling setCellBroadcastActivation(true)
09-09 11:20:00.943  4933  5237 D IccSmsInterfaceManager: [IccSmsInterfaceManager] Failed to remove GSM cell broadcast subscription for MID range 4380 to 4382 from client com.android.cellbroadcastreceiver
09-09 11:20:00.952  6144  6144 E QtiImsExtUtils: getImsPhoneId failed. Exception = org.codeaurora.ims.QtiImsException: ImsService is not running
09-09 11:20:00.952  6144  6144 E QtiImsExtUtils: getConfigForPhoneId phoneId is invalid
09-09 11:20:00.953  6144  6144 E QtiImsExtUtils: isCarrierConfigEnabled bundle is null
09-09 11:20:00.953  6144  6144 E QtiImsExtUtils: getImsPhoneId failed. Exception = org.codeaurora.ims.QtiImsException: ImsService is not running
09-09 11:20:00.953  6144  6144 E QtiImsExtUtils: getConfigForPhoneId phoneId is invalid
09-09 11:20:00.953  6144  6144 E QtiImsExtUtils: isCarrierConfigEnabled bundle is null
09-09 11:20:00.963  4933  5276 D IccSmsInterfaceManager: [IccSmsInterfaceManager] Added GSM cell broadcast subscription for MID range 4383 to 4383 from client com.android.cellbroadcastreceiver
09-09 11:20:00.963  4933  5276 D IccSmsInterfaceManager: [IccSmsInterfaceManager] Calling setCellBroadcastActivation(true)
09-09 11:20:00.983  4933  5263 D IccSmsInterfaceManager: [IccSmsInterfaceManager] Added GSM cell broadcast subscription for MID range 4384 to 4385 from client com.android.cellbroadcastreceiver
09-09 11:20:00.984  4933  5263 D IccSmsInterfaceManager: [IccSmsInterfaceManager] Calling setCellBroadcastActivation(true)
09-09 11:20:01.004  4933  4947 D IccSmsInterfaceManager: [IccSmsInterfaceManager] Added GSM cell broadcast subscription for MID range 4386 to 4391 from client com.android.cellbroadcastreceiver
09-09 11:20:01.004  4933  4947 D IccSmsInterfaceManager: [IccSmsInterfaceManager] Calling setCellBroadcastActivation(true)
09-09 11:20:01.029  4933  5276 D IccSmsInterfaceManager: [IccSmsInterfaceManager] Added GSM cell broadcast subscription for MID range 4392 to 4392 from client com.android.cellbroadcastreceiver
09-09 11:20:01.029  4933  5276 D IccSmsInterfaceManager: [IccSmsInterfaceManager] Calling setCellBroadcastActivation(true)
09-09 11:20:01.049  4933  5263 D IccSmsInterfaceManager: [IccSmsInterfaceManager] Failed to remove GSM cell broadcast subscription for MID range 4393 to 4395 from client com.android.cellbroadcastreceiver
09-09 11:20:01.066  4933  4947 D IccSmsInterfaceManager: [IccSmsInterfaceManager] Added GSM cell broadcast subscription for MID range 50 to 50 from client com.android.cellbroadcastreceiver
09-09 11:20:01.066  4933  4947 D IccSmsInterfaceManager: [IccSmsInterfaceManager] Calling setCellBroadcastActivation(true)
09-09 11:20:01.078  6144  6144 I InCall  : InCallLowBatteryListener - onDetailsChanged call = [Call_0, DIALING, [Capabilities: CAPABILITY_SUPPORT_HOLD CAPABILITY_MUTE CAPABILITY_CANNOT_DOWNGRADE_VIDEO_TO_AUDIO], [Properties:], children:[], parent:null, conferenceable:[], videoState:Audio Only, mSessionModificationState:0, VideoSettings:(CameraDir:-1), mIsActivSub:false] details = [pa: ComponentInfo{com.android.phone/com.android.services.telephony.TelephonyConnectionService}, [2628372b20c6b31a61c46f7f5a9328dbf0edaed6], UserHandle{0}, hdl: tel:****, caps: [Capabilities:], props: [Properties:]]
09-09 11:20:01.079  6144  6144 E QtiImsExtUtils: getImsPhoneId failed. Exception = org.codeaurora.ims.QtiImsException: ImsService is not running
09-09 11:20:01.079  6144  6144 E QtiImsExtUtils: getConfigForPhoneId phoneId is invalid
09-09 11:20:01.079  6144  6144 E QtiImsExtUtils: isCarrierConfigEnabled bundle is null
09-09 11:20:01.080  6144  6144 E QtiImsExtUtils: getImsPhoneId failed. Exception = org.codeaurora.ims.QtiImsException: ImsService is not running
09-09 11:20:01.080  6144  6144 E QtiImsExtUtils: getConfigForPhoneId phoneId is invalid
09-09 11:20:01.080  6144  6144 E QtiImsExtUtils: isCarrierConfigEnabled bundle is null
09-09 11:20:01.086  4933  5276 D IccSmsInterfaceManager: [IccSmsInterfaceManager] Added GSM cell broadcast subscription for MID range 60 to 60 from client com.android.cellbroadcastreceiver
09-09 11:20:01.087  4933  5276 D IccSmsInterfaceManager: [IccSmsInterfaceManager] Calling setCellBroadcastActivation(true)
09-09 11:20:01.117  6220  6239 D CellBroadcastOtherChannelsManager: No additional channels configured. subId = 1
09-09 11:20:01.175  6144  6144 I InCall  : CallList - onUpdate - [Call_0, DIALING, [Capabilities: CAPABILITY_SUPPORT_HOLD CAPABILITY_MUTE CAPABILITY_CANNOT_DOWNGRADE_VIDEO_TO_AUDIO], [Properties:], children:[], parent:null, conferenceable:[], videoState:Audio Only, mSessionModificationState:0, VideoSettings:(CameraDir:-1), mIsActivSub:false]
09-09 11:20:01.181  6144  6144 I InCall  : InCallLowBatteryListener - onDetailsChanged call = [Call_0, DIALING, [Capabilities: CAPABILITY_SUPPORT_HOLD CAPABILITY_MUTE CAPABILITY_CANNOT_DOWNGRADE_VIDEO_TO_AUDIO], [Properties:], children:[], parent:null, conferenceable:[], videoState:Audio Only, mSessionModificationState:0, VideoSettings:(CameraDir:-1), mIsActivSub:false] details = [pa: ComponentInfo{com.android.phone/com.android.services.telephony.TelephonyConnectionService}, [2628372b20c6b31a61c46f7f5a9328dbf0edaed6], UserHandle{0}, hdl: tel:****, caps: [Capabilities: CAPABILITY_SUPPORT_HOLD CAPABILITY_MUTE CAPABILITY_CANNOT_DOWNGRADE_VIDEO_TO_AUDIO], props: [Properties:]]
09-09 11:20:01.181  6144  6144 E QtiImsExtUtils: getImsPhoneId failed. Exception = org.codeaurora.ims.QtiImsException: ImsService is not running
09-09 11:20:01.182  6144  6144 E QtiImsExtUtils: getConfigForPhoneId phoneId is invalid
09-09 11:20:01.182  6144  6144 E QtiImsExtUtils: isCarrierConfigEnabled bundle is null
09-09 11:20:01.183  6144  6144 E QtiImsExtUtils: getImsPhoneId failed. Exception = org.codeaurora.ims.QtiImsException: ImsService is not running
09-09 11:20:01.183  6144  6144 E QtiImsExtUtils: getConfigForPhoneId phoneId is invalid
09-09 11:20:01.183  6144  6144 E QtiImsExtUtils: isCarrierConfigEnabled bundle is null
09-09 11:20:01.263  6144  6144 I InCall  : CallList - onUpdate - [Call_0, DIALING, [Capabilities: CAPABILITY_SUPPORT_HOLD CAPABILITY_MUTE CAPABILITY_CANNOT_DOWNGRADE_VIDEO_TO_AUDIO], [Properties:], children:[], parent:null, conferenceable:[], videoState:Audio Only, mSessionModificationState:0, VideoSettings:(CameraDir:-1), mIsActivSub:false]
09-09 11:20:01.268  6144  6144 I InCall  : InCallLowBatteryListener - onDetailsChanged call = [Call_0, DIALING, [Capabilities: CAPABILITY_SUPPORT_HOLD CAPABILITY_MUTE CAPABILITY_CANNOT_DOWNGRADE_VIDEO_TO_AUDIO], [Properties:], children:[], parent:null, conferenceable:[], videoState:Audio Only, mSessionModificationState:0, VideoSettings:(CameraDir:-1), mIsActivSub:false] details = [pa: ComponentInfo{com.android.phone/com.android.services.telephony.TelephonyConnectionService}, [2628372b20c6b31a61c46f7f5a9328dbf0edaed6], UserHandle{0}, hdl: tel:****, caps: [Capabilities: CAPABILITY_SUPPORT_HOLD CAPABILITY_MUTE CAPABILITY_CANNOT_DOWNGRADE_VIDEO_TO_AUDIO], props: [Properties:]]
09-09 11:20:01.269  6144  6144 E QtiImsExtUtils: getImsPhoneId failed. Exception = org.codeaurora.ims.QtiImsException: ImsService is not running
09-09 11:20:01.269  6144  6144 E QtiImsExtUtils: getConfigForPhoneId phoneId is invalid
09-09 11:20:01.269  6144  6144 E QtiImsExtUtils: isCarrierConfigEnabled bundle is null
09-09 11:20:01.270  6144  6144 E QtiImsExtUtils: getImsPhoneId failed. Exception = org.codeaurora.ims.QtiImsException: ImsService is not running
09-09 11:20:01.270  6144  6144 E QtiImsExtUtils: getConfigForPhoneId phoneId is invalid
09-09 11:20:01.271  6144  6144 E QtiImsExtUtils: isCarrierConfigEnabled bundle is null
09-09 11:20:01.357  6144  6144 I InCall  : CallList - onUpdate - [Call_0, DIALING, [Capabilities: CAPABILITY_SUPPORT_HOLD CAPABILITY_MUTE CAPABILITY_CANNOT_DOWNGRADE_VIDEO_TO_AUDIO], [Properties:], children:[], parent:null, conferenceable:[], videoState:Audio Only, mSessionModificationState:0, VideoSettings:(CameraDir:-1), mIsActivSub:false]
09-09 11:20:01.358  6144  6144 I Choreographer: Skipped 69 frames!  The application may be doing too much work on its main thread.
09-09 11:20:01.539  6144  6149 I art     : Do full code cache collection, code=504KB, data=440KB
09-09 11:20:01.540  6144  6149 I art     : Starting a blocking GC JitCodeCache
09-09 11:20:01.541  6144  6144 I InCall  : ProximitySensor - ProximitySensor{keybrd=0, dpad=0, offhook=1, hor=0, ui=0, aud=EARPIECE}
09-09 11:20:01.541  6144  6149 I art     : After code cache collection, code=463KB, data=331KB
09-09 11:20:01.548  6144  6144 W InCall  : String - An instance of CircularRevealFragment already exists
09-09 11:20:01.549  6144  6144 I InCall  : InCallActivity - onResume()...
09-09 11:20:01.566  6144  6144 I InCall  : ProximitySensor - ProximitySensor{keybrd=0, dpad=0, offhook=1, hor=0, ui=1, aud=EARPIECE}
09-09 11:20:01.666  6144  6144 V PhoneNumberUtil: getGeoDescription('[8397c069ad815dc4bec79bb3a95e163b6eb766a5]')...
09-09 11:20:01.670  6144  6144 V PhoneNumberUtil: parsing '[8397c069ad815dc4bec79bb3a95e163b6eb766a5]' for countryIso 'AR'...
09-09 11:20:01.672  6144  6144 V PhoneNumberUtil: - parsed number: [52a0d511ffaccfe4ebfc3b057235fe30ae59eba4]
09-09 11:20:01.672  6144  6144 V PhoneNumberUtil: - got description: ''
09-09 11:20:01.769  6144  6144 W InCall  : String -  Failed to complete animation
09-09 11:20:02.125  6144  6144 I InCall  : InCallPresenter - Phone switching state: OUTGOING -> OUTGOING
09-09 11:20:02.130  6144  6144 E QtiImsExtUtils: getImsPhoneId failed. Exception = org.codeaurora.ims.QtiImsException: ImsService is not running
09-09 11:20:02.130  6144  6144 E QtiImsExtUtils: getConfigForPhoneId phoneId is invalid
09-09 11:20:02.130  6144  6144 E QtiImsExtUtils: isCarrierConfigEnabled bundle is null
09-09 11:20:02.131  6144  6144 E QtiImsExtUtils: getImsPhoneId failed. Exception = org.codeaurora.ims.QtiImsException: ImsService is not running
09-09 11:20:02.131  6144  6144 E QtiImsExtUtils: getConfigForPhoneId phoneId is invalid
09-09 11:20:02.131  6144  6144 E QtiImsExtUtils: isCarrierConfigEnabled bundle is null
09-09 11:20:02.560  6144  6149 I art     : Do partial code cache collection, code=488KB, data=380KB
09-09 11:20:02.561  6144  6149 I art     : After code cache collection, code=487KB, data=379KB
09-09 11:20:02.561  6144  6149 I art     : Increasing code cache capacity to 2MB
09-09 11:20:02.561  6144  6149 I art     : Compiler allocated 6MB to compile void android.view.ViewRootImpl.performTraversals()
09-09 11:20:02.844  3166  3396 V audio_hw_primary_abox: fast_out-out_standby: enter
09-09 11:20:02.844  3166  3396 I audio_hw_primary_abox: fast_out-out_standby: Transit to Idle
09-09 11:20:02.864  3166  3396 I audio_hw_primary_abox: fast_out-do_close_output_stream: Closed PCM Device
09-09 11:20:02.864  3166  3396 D audio_hw_primary_abox: fast_out-set_audio_route: [PLAYBACK] current-device(handset) new-device(handset) in cur-mode(normal) & new-mode(normal)!
09-09 11:20:02.865  3166  3396 I audio_hw_primary_abox: USAGE_SPKAMP-do_close_spkamp_stream: Closed PCM Device is /dev/snd/pcmC0D7p
09-09 11:20:02.868  3166  3396 I audio_hw_primary_abox: USAGE_SPKAMP-do_close_spkamp_stream: Closed PCM Device is /dev/snd/pcmC0D11c
09-09 11:20:02.869  3166  3396 I audio_hw_primary_abox: USAGE_SPKAMP-do_close_spkamp_stream: Closed PCM Device is /dev/snd/pcmC0D12c
09-09 11:20:02.871  3166  3396 I audio_hw_primary_abox: USAGE_SPKAMP-do_close_spkamp_stream: Closed PCM Device is /dev/snd/pcmC0D6p
09-09 11:20:02.871  3166  3396 I audio_route: > audio_route_update_path + : "media-handset" reverse(1)
09-09 11:20:02.879  3166  3396 I audio_route: > audio_route_update_path - : changed(3)
09-09 11:20:02.879  3166  3396 D audio_hw_primary_abox: fast_out-do_set_route: Disabled Audio Route(media-handset)
09-09 11:20:02.879  3166  3396 I audio_route: > audio_route_update_path + : "gain-media-handset" reverse(1)
09-09 11:20:02.879  3166  3396 I audio_route: > audio_route_update_path - : changed(2)
09-09 11:20:02.879  3166  3396 D audio_hw_primary_abox: fast_out-do_set_route: Disabled Audio Gain(gain-media-handset)
09-09 11:20:02.879  3166  3396 I audio_hw_primary_abox: fast_out-out_standby: Transit to Standby
09-09 11:20:02.880  3166  3396 V audio_hw_primary_abox: fast_out-out_standby: exit
09-09 11:20:02.967  4797  4892 I vol.Events: writeEvent active_stream_changed STREAM_VOICE_CALL
09-09 11:20:02.969  3166  3235 D audio_hw_primary_abox: device-adev_set_voice_volume: enter with volume level(1.000000)
09-09 11:20:02.969  3166  3235 D audio_hw_primary_abox: device-adev_set_voice_volume: exit
09-09 11:20:02.971  4797  4892 I vol.Events: writeEvent level_changed STREAM_VOICE_CALL 5
09-09 11:20:02.972  4797  4892 I vol.Events: writeEvent key STREAM_VOICE_CALL 5
09-09 11:20:02.982  4797  4797 I vol.Events: writeEvent show_dialog volume_changed keyguard=false
09-09 11:20:03.039  4797  4946 D mali_winsys: EGLint new_window_surface(egl_winsys_display*, void*, EGLSurface, EGLConfig, egl_winsys_surface**, egl_color_buffer_format*, EGLBoolean) returns 0x3000,  [1664x467]-format:1
09-09 11:20:03.109  3591  3709 W ResourceType: Invalid package identifier when getting bag for resource number 0xffffffff
09-09 11:20:03.269  3591  3700 I ActivityManager: Killing 5857:com.android.gallery3d/u0a22 (adj 906): empty #17
09-09 11:20:03.295  3591  5413 D ActivityManager: cleanUpApplicationRecord -- 5857
09-09 11:20:03.853  3591  5430 D AlarmManagerService: Kernel timezone updated to 180 minutes west of GMT
09-09 11:20:03.872  6220  6220 D CellBroadcastReceiver: onReceive Intent { act=android.intent.action.SERVICE_STATE flg=0x10 cmp=com.android.cellbroadcastreceiver/.CellBroadcastReceiver (has extras) }
09-09 11:20:03.872  6220  6220 D CellBroadcastReceiver: Intent: android.intent.action.SERVICE_STATE
09-09 11:20:03.923  4933  4933 D TelephonyProvider: subIdString = 1 subId = 1
09-09 11:20:03.923  4933  4933 D TelephonyProvider: getPreferredApnIdFromApn: for subId 1
09-09 11:20:03.924  4933  4933 D TelephonyProvider: Preferred APN: -1
09-09 11:20:03.951  4933  4938 I art     : Do partial code cache collection, code=504KB, data=485KB
09-09 11:20:03.952  4933  4938 I art     : After code cache collection, code=502KB, data=484KB
09-09 11:20:03.952  4933  4938 I art     : Increasing code cache capacity to 2MB
09-09 11:20:03.953  4933  4938 I art     : Compiler allocated 6MB to compile boolean android.app.ApplicationThreadNative.onTransact(int, android.os.Parcel, android.os.Parcel, int)
09-09 11:20:04.249  3591  3702 I ActivityManager: Waited long enough for: ServiceRecord{5c6f503 u0 com.cyanogenmod.lockclock/.weather.WeatherSourceListenerService}
09-09 11:20:04.257  3591  3702 I ActivityManager: Waited long enough for: ServiceRecord{7af6c80 u0 com.cyanogenmod.lockclock/.DeviceStatusService}
09-09 11:20:06.394  4797  4797 I vol.Events: writeEvent dismiss_dialog timeout
09-09 11:20:06.396  4797  4892 I vol.Events: writeEvent active_stream_changed UNKNOWN_STREAM_-1
09-09 11:20:06.714  3591  5427 I Telecom : InCallController: Sending updateCall [TC@1, DIALING, com.android.phone/com.android.services.telephony.TelephonyConnectionService, tel:****, A, childs(0), has_parent(false), [Capabilities: CAPABILITY_SUPPORT_HOLD CAPABILITY_MUTE CAPABILITY_CANNOT_DOWNGRADE_VIDEO_TO_AUDIO], [Properties:]]: CSW.sSH@ALs
09-09 11:20:06.717  3591  5427 I Telecom : InCallController: Components updated: [ComponentInfo{com.android.dialer/com.android.incallui.InCallServiceImpl}]: CSW.sSH@ALs
09-09 11:20:06.728  3591  3700 I Telecom : InCallController: Sending updateCall [TC@1, DIALING, com.android.phone/com.android.services.telephony.TelephonyConnectionService, tel:****, A, childs(0), has_parent(false), [Capabilities: CAPABILITY_SUPPORT_HOLD CAPABILITY_MUTE CAPABILITY_CANNOT_DOWNGRADE_VIDEO_TO_AUDIO], [Properties:]]: CSW.sCC@ALw
09-09 11:20:06.731  3591  3700 I Telecom : InCallController: Components updated: [ComponentInfo{com.android.dialer/com.android.incallui.InCallServiceImpl}]: CSW.sCC@ALw
09-09 11:20:06.741  3591  3700 I Telecom : CallsManager: setCallState DIALING -> ACTIVE, call: [TC@1, DIALING, com.android.phone/com.android.services.telephony.TelephonyConnectionService, tel:****, A, childs(0), has_parent(false), [Capabilities: CAPABILITY_SUPPORT_HOLD CAPABILITY_MUTE CAPABILITY_CANNOT_DOWNGRADE_VIDEO_TO_AUDIO], [Properties:]]: CSW.sA@AL0
09-09 11:20:06.743  3591  3700 I Telecom : Event: Call TC@1: SET_ACTIVE, active set explicitly: CSW.sA@AL0
09-09 11:20:06.746  3591  3700 I Telecom : InCallController: onCanAddCallChanged : true: CSW.sA@AL0
09-09 11:20:06.753  3591  5170 I Telecom : CallAudioModeStateMachine: Message received: NEW_ACTIVE_OR_DIALING_CALL.: CSW.sA->CAMSM.pM_2001@AL0_0
09-09 11:20:06.756  3591  3700 I Telecom : ViceNotificationImpl: onCallStateChanged newState = 5: CSW.sA@AL0
09-09 11:20:06.757  6144  6144 E QtiImsExtUtils: getImsPhoneId failed. Exception = org.codeaurora.ims.QtiImsException: ImsService is not running
09-09 11:20:06.757  6144  6144 E QtiImsExtUtils: getConfigForPhoneId phoneId is invalid
09-09 11:20:06.757  6144  6144 E QtiImsExtUtils: isCarrierConfigEnabled bundle is null
09-09 11:20:06.757  3591  3591 I Telecom : MyHandler: MESSAGE_CALL_ENDED
09-09 11:20:06.757  3591  3700 I Telecom : TelecomWakeLock: WakeLock already released with id: 26: CSW.sA@AL0
09-09 11:20:06.757  6144  6144 E QtiImsExtUtils: getImsPhoneId failed. Exception = org.codeaurora.ims.QtiImsException: ImsService is not running
09-09 11:20:06.757  6144  6144 E QtiImsExtUtils: getConfigForPhoneId phoneId is invalid
09-09 11:20:06.758  6144  6144 E QtiImsExtUtils: isCarrierConfigEnabled bundle is null
09-09 11:20:06.758  3591  3700 I Telecom : InCallWakeLockController: Releasing full wake lock: CSW.sA@AL0
09-09 11:20:06.759  3591  3591 I Telecom : ViceNotificationImpl: processNotification DEP null
09-09 11:20:06.762  3591  3700 I Telecom : InCallController: Sending updateCall [TC@1, ACTIVE, com.android.phone/com.android.services.telephony.TelephonyConnectionService, tel:****, A, childs(0), has_parent(false), [Capabilities: CAPABILITY_SUPPORT_HOLD CAPABILITY_MUTE CAPABILITY_CANNOT_DOWNGRADE_VIDEO_TO_AUDIO], [Properties:]]: CSW.sA@AL0
09-09 11:20:06.765  3591  3700 I Telecom : InCallController: Components updated: [ComponentInfo{com.android.dialer/com.android.incallui.InCallServiceImpl}]: CSW.sA@AL0
09-09 11:20:06.770  3591  3700 I Telecom : InCallController: Sending updateCall [TC@1, ACTIVE, com.android.phone/com.android.services.telephony.TelephonyConnectionService, tel:****, A, childs(0), has_parent(false), [Capabilities: CAPABILITY_SUPPORT_HOLD CAPABILITY_MUTE CAPABILITY_CANNOT_DOWNGRADE_VIDEO_TO_AUDIO], [Properties:]]: CSW.sSH@AL4
09-09 11:20:06.772  3591  3700 I Telecom : InCallController: Components updated: [ComponentInfo{com.android.dialer/com.android.incallui.InCallServiceImpl}]: CSW.sSH@AL4
09-09 11:20:06.777  3591  3700 I Telecom : InCallController: Sending updateCall [TC@1, ACTIVE, com.android.phone/com.android.services.telephony.TelephonyConnectionService, tel:****, A, childs(0), has_parent(false), [Capabilities: CAPABILITY_HOLD CAPABILITY_SUPPORT_HOLD CAPABILITY_MUTE CAPABILITY_CANNOT_DOWNGRADE_VIDEO_TO_AUDIO], [Properties:]]: CSW.sCC@AL8
09-09 11:20:06.779  3591  3700 I Telecom : InCallController: Components updated: [ComponentInfo{com.android.dialer/com.android.incallui.InCallServiceImpl}]: CSW.sCC@AL8
09-09 11:20:06.782  3591  3700 I Telecom : Event: Call TC@1: CAPABILITY_CHANGE, Current: [[ hld sup_hld mut !v2a]], Removed [[]], Added [[ hld]]: CSW.sCC@AL8
09-09 11:20:06.790  6144  6144 I InCall  : CallList - onUpdate - [Call_0, ACTIVE, [Capabilities: CAPABILITY_SUPPORT_HOLD CAPABILITY_MUTE CAPABILITY_CANNOT_DOWNGRADE_VIDEO_TO_AUDIO], [Properties:], children:[], parent:null, conferenceable:[], videoState:Audio Only, mSessionModificationState:0, VideoSettings:(CameraDir:-1), mIsActivSub:false]
09-09 11:20:06.791  6144  6144 I InCall  : InCallPresenter - Phone switching state: OUTGOING -> INCALL
09-09 11:20:06.836  6144  6144 E QtiImsExtUtils: getImsPhoneId failed. Exception = org.codeaurora.ims.QtiImsException: ImsService is not running
09-09 11:20:06.837  6144  6144 E QtiImsExtUtils: getConfigForPhoneId phoneId is invalid
09-09 11:20:06.837  6144  6144 E QtiImsExtUtils: isCarrierConfigEnabled bundle is null
09-09 11:20:06.837  6144  6144 E QtiImsExtUtils: getImsPhoneId failed. Exception = org.codeaurora.ims.QtiImsException: ImsService is not running
09-09 11:20:06.837  6144  6144 E QtiImsExtUtils: getConfigForPhoneId phoneId is invalid
09-09 11:20:06.837  6144  6144 E QtiImsExtUtils: isCarrierConfigEnabled bundle is null
09-09 11:20:06.887  6144  6144 I InCall  : StatusBarNotifier - Displaying notification for 1
09-09 11:20:06.929  3591  3591 V NotificationService: pkg=com.android.dialer canInterrupt=false intercept=true
09-09 11:20:06.929  3591  3591 D ZenLog  : disable_effects: 0|com.android.dialer|1|null|10017,booleanState
09-09 11:20:06.981  3166  5178 D audio_hw_primary_abox: device-adev_get_parameters: enter with key(volume_boost)
09-09 11:20:06.981  3166  5178 D audio_hw_primary_abox: device-adev_get_parameters: exit with 
09-09 11:20:06.981  3166  5178 I hash_map_utils: key: 'volume_boost' value: ''
09-09 11:20:06.993  6144  6144 I InCall  : CallList - onUpdate - [Call_0, ACTIVE, [Capabilities: CAPABILITY_SUPPORT_HOLD CAPABILITY_MUTE CAPABILITY_CANNOT_DOWNGRADE_VIDEO_TO_AUDIO], [Properties:], children:[], parent:null, conferenceable:[], videoState:Audio Only, mSessionModificationState:0, VideoSettings:(CameraDir:-1), mIsActivSub:false]
09-09 11:20:06.994  6144  6144 I InCall  : InCallPresenter - Phone switching state: INCALL -> INCALL
09-09 11:20:06.997  6144  6144 E QtiImsExtUtils: getImsPhoneId failed. Exception = org.codeaurora.ims.QtiImsException: ImsService is not running
09-09 11:20:06.997  6144  6144 E QtiImsExtUtils: getConfigForPhoneId phoneId is invalid
09-09 11:20:06.998  6144  6144 E QtiImsExtUtils: isCarrierConfigEnabled bundle is null
09-09 11:20:06.998  6144  6144 E QtiImsExtUtils: getImsPhoneId failed. Exception = org.codeaurora.ims.QtiImsException: ImsService is not running
09-09 11:20:06.998  6144  6144 E QtiImsExtUtils: getConfigForPhoneId phoneId is invalid
09-09 11:20:06.998  6144  6144 E QtiImsExtUtils: isCarrierConfigEnabled bundle is null
09-09 11:20:07.067  3166  3405 D audio_hw_primary_abox: device-adev_get_parameters: enter with key(volume_boost)
09-09 11:20:07.067  3166  3405 D audio_hw_primary_abox: device-adev_get_parameters: exit with 
09-09 11:20:07.067  3166  3405 I hash_map_utils: key: 'volume_boost' value: ''
09-09 11:20:07.070  6144  6144 I InCall  : InCallLowBatteryListener - onDetailsChanged call = [Call_0, ACTIVE, [Capabilities: CAPABILITY_SUPPORT_HOLD CAPABILITY_MUTE CAPABILITY_CANNOT_DOWNGRADE_VIDEO_TO_AUDIO], [Properties:], children:[], parent:null, conferenceable:[], videoState:Audio Only, mSessionModificationState:0, VideoSettings:(CameraDir:-1), mIsActivSub:false] details = [pa: ComponentInfo{com.android.phone/com.android.services.telephony.TelephonyConnectionService}, [2628372b20c6b31a61c46f7f5a9328dbf0edaed6], UserHandle{0}, hdl: tel:****, caps: [Capabilities: CAPABILITY_SUPPORT_HOLD CAPABILITY_MUTE CAPABILITY_CANNOT_DOWNGRADE_VIDEO_TO_AUDIO], props: [Properties:]]
09-09 11:20:07.072  6144  6144 E QtiImsExtUtils: getImsPhoneId failed. Exception = org.codeaurora.ims.QtiImsException: ImsService is not running
09-09 11:20:07.072  6144  6144 E QtiImsExtUtils: getConfigForPhoneId phoneId is invalid
09-09 11:20:07.072  6144  6144 E QtiImsExtUtils: isCarrierConfigEnabled bundle is null
09-09 11:20:07.072  6144  6144 E QtiImsExtUtils: getImsPhoneId failed. Exception = org.codeaurora.ims.QtiImsException: ImsService is not running
09-09 11:20:07.072  6144  6144 E QtiImsExtUtils: getConfigForPhoneId phoneId is invalid
09-09 11:20:07.072  6144  6144 E QtiImsExtUtils: isCarrierConfigEnabled bundle is null
09-09 11:20:07.156  6144  6144 I InCall  : CallList - onUpdate - [Call_0, ACTIVE, [Capabilities: CAPABILITY_HOLD CAPABILITY_SUPPORT_HOLD CAPABILITY_MUTE CAPABILITY_CANNOT_DOWNGRADE_VIDEO_TO_AUDIO], [Properties:], children:[], parent:null, conferenceable:[], videoState:Audio Only, mSessionModificationState:0, VideoSettings:(CameraDir:-1), mIsActivSub:false]
09-09 11:20:07.156  6144  6144 I InCall  : InCallPresenter - Phone switching state: INCALL -> INCALL
09-09 11:20:07.160  6144  6144 E QtiImsExtUtils: getImsPhoneId failed. Exception = org.codeaurora.ims.QtiImsException: ImsService is not running
09-09 11:20:07.160  6144  6144 E QtiImsExtUtils: getConfigForPhoneId phoneId is invalid
09-09 11:20:07.160  6144  6144 E QtiImsExtUtils: isCarrierConfigEnabled bundle is null
09-09 11:20:07.161  6144  6144 E QtiImsExtUtils: getImsPhoneId failed. Exception = org.codeaurora.ims.QtiImsException: ImsService is not running
09-09 11:20:07.161  6144  6144 E QtiImsExtUtils: getConfigForPhoneId phoneId is invalid
09-09 11:20:07.161  6144  6144 E QtiImsExtUtils: isCarrierConfigEnabled bundle is null
09-09 11:20:07.235  3166  5177 D audio_hw_primary_abox: device-adev_get_parameters: enter with key(volume_boost)
09-09 11:20:07.235  3166  5177 D audio_hw_primary_abox: device-adev_get_parameters: exit with 
09-09 11:20:07.235  3166  5177 I hash_map_utils: key: 'volume_boost' value: ''
09-09 11:20:07.239  6144  6144 I InCall  : InCallLowBatteryListener - onDetailsChanged call = [Call_0, ACTIVE, [Capabilities: CAPABILITY_HOLD CAPABILITY_SUPPORT_HOLD CAPABILITY_MUTE CAPABILITY_CANNOT_DOWNGRADE_VIDEO_TO_AUDIO], [Properties:], children:[], parent:null, conferenceable:[], videoState:Audio Only, mSessionModificationState:0, VideoSettings:(CameraDir:-1), mIsActivSub:false] details = [pa: ComponentInfo{com.android.phone/com.android.services.telephony.TelephonyConnectionService}, [2628372b20c6b31a61c46f7f5a9328dbf0edaed6], UserHandle{0}, hdl: tel:****, caps: [Capabilities: CAPABILITY_HOLD CAPABILITY_SUPPORT_HOLD CAPABILITY_MUTE CAPABILITY_CANNOT_DOWNGRADE_VIDEO_TO_AUDIO], props: [Properties:]]
09-09 11:20:07.240  6144  6144 E QtiImsExtUtils: getImsPhoneId failed. Exception = org.codeaurora.ims.QtiImsException: ImsService is not running
09-09 11:20:07.240  6144  6144 E QtiImsExtUtils: getConfigForPhoneId phoneId is invalid
09-09 11:20:07.240  6144  6144 E QtiImsExtUtils: isCarrierConfigEnabled bundle is null
09-09 11:20:07.241  6144  6144 E QtiImsExtUtils: getImsPhoneId failed. Exception = org.codeaurora.ims.QtiImsException: ImsService is not running
09-09 11:20:07.241  6144  6144 E QtiImsExtUtils: getConfigForPhoneId phoneId is invalid
09-09 11:20:07.241  6144  6144 E QtiImsExtUtils: isCarrierConfigEnabled bundle is null
09-09 11:20:07.525  3591  3699 D AlarmManagerService: Kernel timezone updated to 180 minutes west of GMT
09-09 11:20:07.560  6220  6220 D CellBroadcastReceiver: onReceive Intent { act=android.intent.action.SERVICE_STATE flg=0x10 cmp=com.android.cellbroadcastreceiver/.CellBroadcastReceiver (has extras) }
09-09 11:20:07.560  6220  6220 D CellBroadcastReceiver: Intent: android.intent.action.SERVICE_STATE
09-09 11:20:07.991  5193  5193 I pool-1-thread-1: type=1400 audit(0.0:366): avc: denied { write } for name="shared_prefs" dev="sda24" ino=3121283 scontext=u:r:radio:s0 tcontext=u:object_r:system_data_file:s0 tclass=dir permissive=1
09-09 11:20:07.991  5193  5193 I pool-1-thread-1: type=1400 audit(0.0:366): avc: denied { add_name } for name="preferred-apn.xml" scontext=u:r:radio:s0 tcontext=u:object_r:system_data_file:s0 tclass=dir permissive=1
09-09 11:20:07.991  5193  5193 I pool-1-thread-1: type=1400 audit(0.0:366): avc: denied { create } for name="preferred-apn.xml" scontext=u:r:radio:s0 tcontext=u:object_r:system_data_file:s0 tclass=file permissive=1
09-09 11:20:07.991  5193  5193 W pool-1-thread-1: type=1300 audit(0.0:366): arch=c00000b7 syscall=56 success=yes exit=89 a0=ffffff9c a1=7f8e77a610 a2=241 a3=1b6 items=0 ppid=3164 auid=4294967295 uid=1001 gid=1001 euid=1001 suid=1001 fsuid=1001 egid=1001 sgid=1001 fsgid=1001 tty=(none) ses=4294967295 exe="/system/bin/app_process64" subj=u:r:radio:s0 key=(null)
09-09 11:20:07.991  3075  3075 W auditd  : type=1327 audit(0.0:366): proctitle="com.android.phone"
09-09 11:20:07.991  3075  3075 W auditd  : type=1320 audit(0.0:366): 
09-09 11:20:07.996  4933  4933 D TelephonyProvider: subIdString = 1 subId = 1
09-09 11:20:08.001  4933  4933 D TelephonyProvider: deletePreferredApn: for subId 1
09-09 11:20:08.003  4933  4933 D TelephonyProvider: subIdString = 1 subId = 1
09-09 11:20:08.007  5193  5193 I pool-1-thread-1: type=1400 audit(0.0:367): avc: denied { setattr } for name="preferred-apn.xml" dev="sda24" ino=3121353 scontext=u:r:radio:s0 tcontext=u:object_r:system_data_file:s0 tclass=file permissive=1
09-09 11:20:08.007  5193  5193 W pool-1-thread-1: type=1300 audit(0.0:367): arch=c00000b7 syscall=53 success=yes exit=0 a0=ffffff9c a1=7f8e77a610 a2=1b0 a3=0 items=0 ppid=3164 auid=4294967295 uid=1001 gid=1001 euid=1001 suid=1001 fsuid=1001 egid=1001 sgid=1001 fsgid=1001 tty=(none) ses=4294967295 exe="/system/bin/app_process64" subj=u:r:radio:s0 key=(null)
09-09 11:20:08.007  3075  3075 W auditd  : type=1327 audit(0.0:367): proctitle="com.android.phone"
09-09 11:20:08.007  3075  3075 W auditd  : type=1320 audit(0.0:367): 
09-09 11:20:08.007  5193  5193 I pool-1-thread-1: type=1400 audit(0.0:368): avc: denied { remove_name } for name="preferred-apn.xml" dev="sda24" ino=3121353 scontext=u:r:radio:s0 tcontext=u:object_r:system_data_file:s0 tclass=dir permissive=1
09-09 11:20:08.007  5193  5193 I pool-1-thread-1: type=1400 audit(0.0:368): avc: denied { rename } for name="preferred-apn.xml" dev="sda24" ino=3121353 scontext=u:r:radio:s0 tcontext=u:object_r:system_data_file:s0 tclass=file permissive=1
09-09 11:20:08.007  5193  5193 W pool-1-thread-1: type=1300 audit(0.0:368): arch=c00000b7 syscall=38 success=yes exit=0 a0=ffffff9c a1=7f8e77a610 a2=ffffff9c a3=7f8e7bacc0 items=0 ppid=3164 auid=4294967295 uid=1001 gid=1001 euid=1001 suid=1001 fsuid=1001 egid=1001 sgid=1001 fsgid=1001 tty=(none) ses=4294967295 exe="/system/bin/app_process64" subj=u:r:radio:s0 key=(null)
09-09 11:20:08.007  3075  3075 W auditd  : type=1327 audit(0.0:368): proctitle="com.android.phone"
09-09 11:20:08.007  3075  3075 W auditd  : type=1320 audit(0.0:368): 
09-09 11:20:08.011  3591  5430 D ConnectivityService: registerNetworkAgent NetworkAgentInfo{ ni{[type: MOBILE[HSPA+], state: CONNECTED/CONNECTED, reason: connected, extra: gprs.personal.com, failover: false, available: true, roaming: false, metered: true]}  network{100}  nethandle{429513165534}  lp{{InterfaceName: rmnet1 LinkAddresses: [186.127.9.36/32,]  Routes: [0.0.0.0/0 -> 186.127.9.1 rmnet1,] DnsAddresses: [181.88.86.164,181.88.86.156,] Domains: null MTU: 1500 TcpBufferSizes: 40778,244668,734003,16777,100663,301990}}  nc{[ Transports: CELLULAR Capabilities: SUPL&INTERNET&NOT_RESTRICTED&TRUSTED&NOT_VPN LinkUpBandwidth>=5898Kbps LinkDnBandwidth>=14336Kbps Specifier: <1>]}  Score{10}  everValidated{false}  lastValidated{false}  created{false} lingering{false} explicitlySelected{false} acceptUnvalidated{false} everCaptivePortalDetected{false} lastCaptivePortalDetected{false} }
09-09 11:20:08.012  3591  4700 D ConnectivityService: NetworkAgentInfo [MOBILE (HSPA+) - 100] EVENT_NETWORK_INFO_CHANGED, going from null to CONNECTED
09-09 11:20:08.019  5193  5193 I pool-1-thread-1: type=1400 audit(0.0:369): avc: denied { unlink } for name="preferred-apn.xml.bak" dev="sda24" ino=3121353 scontext=u:r:radio:s0 tcontext=u:object_r:system_data_file:s0 tclass=file permissive=1
09-09 11:20:08.019  5193  5193 W pool-1-thread-1: type=1300 audit(0.0:369): arch=c00000b7 syscall=35 success=yes exit=0 a0=ffffff9c a1=7f8e7bacc0 a2=0 a3=100 items=0 ppid=3164 auid=4294967295 uid=1001 gid=1001 euid=1001 suid=1001 fsuid=1001 egid=1001 sgid=1001 fsgid=1001 tty=(none) ses=4294967295 exe="/system/bin/app_process64" subj=u:r:radio:s0 key=(null)
09-09 11:20:08.019  3075  3075 W auditd  : type=1327 audit(0.0:369): proctitle="com.android.phone"
09-09 11:20:08.019  3075  3075 W auditd  : type=1320 audit(0.0:369): 
09-09 11:20:08.020  3591  4700 D ConnectivityService: Adding iface rmnet1 to network 100
09-09 11:20:08.031  3075  3075 W auditd  : type=1325 audit(0.0:370): table=mangle family=2 entries=17
09-09 11:20:08.031  3075  3075 W auditd  : type=1320 audit(0.0:370): 
09-09 11:20:08.043  3075  3075 W auditd  : type=1325 audit(0.0:371): table=mangle family=10 entries=16
09-09 11:20:08.043  3075  3075 W auditd  : type=1320 audit(0.0:371): 
09-09 11:20:08.069  3591  4700 D ConnectivityService: Setting DNS servers for network 100 to [/181.88.86.164, /181.88.86.156]
09-09 11:20:08.087  3591  4700 W ConnectivityExtension: ConnectivityExt jar file not present
09-09 11:20:08.105  3591  4700 W ConnectivityExtension: ConnectivityExt jar file not present
09-09 11:20:08.114  3591  4700 D ConnectivityService: Switching to new default network: NetworkAgentInfo{ ni{[type: MOBILE[HSPA+], state: CONNECTED/CONNECTED, reason: connected, extra: gprs.personal.com, failover: false, available: true, roaming: false, metered: true]}  network{100}  nethandle{429513165534}  lp{{InterfaceName: rmnet1 LinkAddresses: [186.127.9.36/32,]  Routes: [0.0.0.0/0 -> 186.127.9.1 rmnet1,] DnsAddresses: [181.88.86.164,181.88.86.156,] Domains: null MTU: 1500 TcpBufferSizes: 40778,244668,734003,16777,100663,301990}}  nc{[ Transports: CELLULAR Capabilities: SUPL&INTERNET&NOT_RESTRICTED&TRUSTED&NOT_VPN&FOREGROUND LinkUpBandwidth>=5898Kbps LinkDnBandwidth>=14336Kbps Specifier: <1>]}  Score{10}  everValidated{false}  lastValidated{false}  created{true} lingering{false} explicitlySelected{false} acceptUnvalidated{false} everCaptivePortalDetected{false} lastCaptivePortalDetected{false} }
09-09 11:20:08.127  3075  3075 W auditd  : type=1325 audit(0.0:372): table=raw family=2 entries=13
09-09 11:20:08.127  3075  3075 W auditd  : type=1320 audit(0.0:372): 
09-09 11:20:08.143  3075  3075 W auditd  : type=1325 audit(0.0:373): table=raw family=10 entries=13
09-09 11:20:08.143  3075  3075 W auditd  : type=1320 audit(0.0:373): 
09-09 11:20:08.148  3174  3522 V IdletimerController: runCmd(/system/bin/ip6tables -w -t raw -A idletimer_raw_PREROUTING -i rmnet1 -j IDLETIMER --timeout 10 --label 0 --send_nl_msg 1) res_ipv4=0, res_ipv6=0
09-09 11:20:08.155  3075  3075 W auditd  : type=1325 audit(0.0:374): table=mangle family=2 entries=18
09-09 11:20:08.155  3075  3075 W auditd  : type=1320 audit(0.0:374): 
09-09 11:20:08.175  3075  3075 W auditd  : type=1325 audit(0.0:375): table=mangle family=10 entries=17
09-09 11:20:08.175  3075  3075 W auditd  : type=1320 audit(0.0:375): 
09-09 11:20:08.180  3174  3522 V IdletimerController: runCmd(/system/bin/ip6tables -w -t mangle -A idletimer_mangle_POSTROUTING -o rmnet1 -j IDLETIMER --timeout 10 --label 0 --send_nl_msg 1) res_ipv4=0, res_ipv6=0
09-09 11:20:08.217  3591  4700 D ConnectivityService: Sending CONNECTED broadcast for type 0 NetworkAgentInfo [MOBILE (HSPA+) - 100] isDefaultNetwork=true
09-09 11:20:08.218  3591  4752 I GnssLocationProvider: WakeLock acquired by sendMessage(5, 0, null)
09-09 11:20:08.218  3591  4752 I GnssLocationProvider: WakeLock acquired by sendMessage(6, 0, null)
09-09 11:20:08.220  3591  3701 I GnssLocationProvider: WakeLock acquired by handleInjectNtpTime()
09-09 11:20:08.221  3591  3701 I GnssLocationProvider: WakeLock released by handleMessage(5, 0, null)
09-09 11:20:08.250  5741  5741 D WeatherUpdateService: onCreate
09-09 11:20:08.254  5741  5741 D WeatherUpdateService: Service started, but shouldn't update ... stopping
09-09 11:20:08.264  3591  3701 I GnssLocationProvider: WakeLock acquired by handleDownloadXtraData()
09-09 11:20:08.265  3591  3701 I GnssLocationProvider: WakeLock released by handleMessage(6, 0, null)
09-09 11:20:08.265  5741  5741 D WeatherUpdateService: onDestroy
09-09 11:20:08.266  3591  6268 W System  : ClassLoader referenced unknown path: /system/framework/tcmclient.jar
09-09 11:20:08.267  3591  4700 W ConnectivityExtension: ConnectivityExt jar file not present
09-09 11:20:08.308  5775  6270 D NetworkSecurityConfig: No Network Security Config specified, using platform default
09-09 11:20:08.310  5775  6270 W System  : ClassLoader referenced unknown path: /system/framework/tcmclient.jar
09-09 11:20:08.621  3591  6257 D NetworkMonitor/NetworkAgentInfo [MOBILE (HSPA+) - 100]: PROBE_DNS OK 497ms, connectivitycheck.gstatic.com=172.217.28.163
09-09 11:20:08.634  3591  6257 W System  : ClassLoader referenced unknown path: /system/framework/tcmclient.jar
09-09 11:20:12.681  3591  4707 D AudioService: Stream muted, skip playback
09-09 11:20:12.685  3591  5168 I Telecom : CallAudioRouteStateMachine: Message received: USER_SWITCH_SPEAKER=1104, arg1=0: ICA.sAR->CARSM.pM_USER_SWITCH_SPEAKER@AOE_0
09-09 11:20:12.686  3591  5168 I Telecom : Event: Call TC@1: AUDIO_ROUTE, Leaving state ActiveEarpieceRoute: ICA.sAR->CARSM.pM_USER_SWITCH_SPEAKER@AOE_0
09-09 11:20:12.687  3591  5168 I Telecom : CallAudioRouteStateMachine: setNotificationsSuppressed: on=no; suppressed=yes: ICA.sAR->CARSM.pM_USER_SWITCH_SPEAKER@AOE_0
09-09 11:20:12.699  3591  5168 D ZenLog  : config: setInterruptionFilter,ZenModeConfig[user=0,allowCalls=true,allowRepeatCallers=false,allowMessages=false,allowCallsFrom=contacts,allowMessagesFrom=contacts,allowReminders=true,allowEvents=true,allowWhenScreenOff=true,allowWhenScreenOn=true,automaticRules={15ca0e3f91ef48a1bb50e263a8f20b57=ZenRule[enabled=false,snoozing=false,name=Event,zenMode=ZEN_MODE_ALARMS,conditionId=condition://android/event?userId=-10000&calendar=&reply=1,condition=Condition[id=condition://android/event?userId=-10000&calendar=&reply=1,summary=...,line1=...,line2=...,icon=0,state=STATE_FALSE,flags=2],component=ComponentInfo{android/com.android.server.notification.EventConditionProvider},id=15ca0e3f91ef48a1bb50e263a8f20b57,creationTime=1504966726562,enabler=null], 8d6d8eeace7c46c9967d1f44f6f6cd82=ZenRule[enabled=false,snoozing=false,name=Weekend,zenMode=ZEN_MODE_ALARMS,conditionId=condition://android/schedule?days=6.7&start=23.30&end=10.0&exitAtAlarm=false,condition=Condition[id=condition://android/schedule?days=6.7&start=23.30&end=10.0&exitAtAlarm=false,summary=...,line1=...,line2=...,icon=0,state=STATE_FALSE,flags=2],component=ComponentInfo{android/com.android.server.notification.ScheduleConditionProvider},id=8d6d8eeace7c46c9967d1f44f6f6cd82,creationTime=1504966726561,enabler=null], a651458828a4434a9ef3b4cc36b60176=ZenRule[enabled=false,snoozing=false,name=Weeknight,zenMode=ZEN_MODE_ALARMS,conditionId=condition://android/schedule?days=1.2.3.4.5&start=22.0&end=7.0&exitAtAlarm=false,condition=Condition[id=condition://android/schedule?days=1.2.3.4.5&start=22.0&end=7.0&exitAtAlarm=false,summary=...,line1=...,line2=...,icon=0,state=STATE_FALSE,flags=2],component=ComponentInfo{android/com.android.server.notification.ScheduleConditionProvider},id=a651458828a4434a9ef3b4cc36b60176,creationTime=1504966726561,enabler=null]},manualRule=null],Diff[manualRule:delete]
09-09 11:20:12.702  3591  5168 I Telecom : Event: Call TC@1: AUDIO_ROUTE, Entering state ActiveSpeakerRoute: ICA.sAR->CARSM.pM_USER_SWITCH_SPEAKER@AOE_0
09-09 11:20:12.703  3591  5168 I Telecom : CallAudioRouteStateMachine: turning speaker phone true: ICA.sAR->CARSM.pM_USER_SWITCH_SPEAKER@AOE_0
09-09 11:20:12.707  3591  5168 I Telecom : CallAudioRouteStateMachine: setSystemAudioState: changing from [AudioState isMuted: false, route: EARPIECE, supportedRouteMask: EARPIECE, SPEAKER] to [AudioState isMuted: false, route: SPEAKER, supportedRouteMask: EARPIECE, SPEAKER]: ICA.sAR->CARSM.pM_USER_SWITCH_SPEAKER@AOE_0
09-09 11:20:12.708  3591  5168 I Telecom : Event: Call TC@1: AUDIO_ROUTE_SPEAKER, null: ICA.sAR->CARSM.pM_USER_SWITCH_SPEAKER@AOE_0
09-09 11:20:12.711  3591  5168 I Telecom : InCallController: Calling onAudioStateChanged, audioState: [AudioState isMuted: false, route: EARPIECE, supportedRouteMask: EARPIECE, SPEAKER] -> [AudioState isMuted: false, route: SPEAKER, supportedRouteMask: EARPIECE, SPEAKER]: ICA.sAR->CARSM.pM_USER_SWITCH_SPEAKER@AOE_0
09-09 11:20:12.712  6144  6144 I InCall  : ProximitySensor - ProximitySensor{keybrd=0, dpad=0, offhook=1, hor=0, ui=1, aud=SPEAKER}
09-09 11:20:12.713  3166  5178 D PermissionCache: checking android.permission.MODIFY_AUDIO_SETTINGS for uid=10017 => granted (927 us)
09-09 11:20:12.714  3166  5178 D audio_hw_primary_abox: device-adev_set_parameters: enter with key(volume_boost=off)
09-09 11:20:12.714  3166  5178 D audio_hw_primary_abox: device-adev_set_parameters: exit
09-09 11:20:12.714  3166  3405 D audio_hw_primary_abox: device-adev_get_parameters: enter with key(volume_boost)
09-09 11:20:12.714  3166  3405 D audio_hw_primary_abox: device-adev_get_parameters: exit with 
09-09 11:20:12.714  3166  3405 I hash_map_utils: key: 'volume_boost' value: ''
09-09 11:20:12.737  3591  3591 D ZenLog  : set_zen_mode: off,setInterruptionFilter
09-09 11:20:12.804  3166  3393 D audio_hw_primary_abox: primary_out-out_set_parameters: enter with param = routing=2
09-09 11:20:12.804  3166  3393 D audio_hw_primary_abox: primary_out-out_set_parameters: Requested to change route from 0x1 to 0x2
09-09 11:20:12.804  3166  3393 I audio_hw_primary_abox: fast_out-out_set_parameters: update out->devices:2 
09-09 11:20:12.805  3166  3393 D audio_hw_primary_abox: primary_out-out_set_parameters: exit
09-09 11:20:12.905  3166  3235 D audio_hw_primary_abox: device-adev_set_voice_volume: enter with volume level(0.800000)
09-09 11:20:12.906  3166  3235 D audio_hw_primary_abox: device-adev_set_voice_volume: exit
09-09 11:20:12.907  3166  3396 D audio_hw_primary_abox: fast_out-out_set_parameters: enter with param = routing=2
09-09 11:20:12.907  3166  3396 D audio_hw_primary_abox: fast_out-out_set_parameters: Requested to change route from 0x2 to 0x2
09-09 11:20:12.907  3166  3396 D audio_hw_primary_abox: fast_out-out_set_parameters: exit
09-09 11:20:12.921  4797  4892 I vol.Events: writeEvent level_changed STREAM_VOICE_CALL 4
09-09 11:20:12.932  3591  3591 D ZenLog  : set_ringer_mode_internal: ZenModeHelper,i:silent->normal,e:silent->normal
09-09 11:20:12.932  4797  4892 I vol.Events: writeEvent mute_changed STREAM_RING false
09-09 11:20:12.933  4797  4892 I vol.Events: writeEvent mute_changed STREAM_SYSTEM false
09-09 11:20:12.933  4797  4892 I vol.Events: writeEvent internal_ringer_mode_changed normal
09-09 11:20:12.937  4797  4892 I vol.Events: writeEvent external_ringer_mode_changed normal
09-09 11:20:12.955  4797  4892 I vol.Events: writeEvent zen_mode_changed off
09-09 11:20:13.893  3591  6264 D SntpClient: round trip: 4475ms, clock offset: 155ms
09-09 11:20:13.894  3591  6264 I GnssLocationProvider: WakeLock acquired by sendMessage(10, 0, null)
09-09 11:20:13.894  3591  6264 I GnssLocationProvider: WakeLock released by handleInjectNtpTime()
09-09 11:20:13.895  3591  3701 I GnssLocationProvider: WakeLock released by handleMessage(10, 0, null)
09-09 11:20:14.313  3163  3163 D gpsd    : WakeLock(Acquire,GPSD)
09-09 11:20:14.314  3163  3163 D gpsd    : WakeLock(Release,GPSD)
09-09 11:20:14.314  3163  3163 D gpsd    : WakeLock(Acquire,GPSD)
09-09 11:20:14.314  3163  3163 D gpsd    : WakeLock(Release,GPSD)
09-09 11:20:14.378  6283  6283 V lhd     : GlLhdInterface::Init(/system/etc/lhd.conf)
09-09 11:20:14.378  6283  6283 E lhd     : SetCfgValue: Critical Error. Unknown configuration parameter "FlpName"="tcp"
09-09 11:20:14.378  6283  6283 V lhd     : SetCfgValue: LHD config "LheSerialControl"="BBD:Serial=TTY"
09-09 11:20:14.378  6283  6283 E lhd     : SetCfgValue: Critical Error. Unknown configuration parameter "LheClockMHz"="100"
09-09 11:20:14.378  6283  6283 V lhd     : SetCfgValue: LHD config "LhePatch"="/dev/bbd_patch"
09-09 11:20:14.378  6283  6283 V lhd     : SetCfgValue: LHD config "LheMaxMcuResetTries"="4"
09-09 11:20:14.378  6283  6283 V lhd     : SetCfgValue: LHD config "LheBbdPacket"="/dev/ttyBCM"
09-09 11:20:14.378  6283  6283 V lhd     : SetCfgValue: LHD config "LheBbdControl"="/dev/bbd_control"
09-09 11:20:14.378  6283  6283 V lhd     : SetCfgValue: LHD config "LheBbdSensor"="/dev/bbd_sensor"
09-09 11:20:14.378  6283  6283 V lhd     : SetCfgValue: LHD config "Lhe477xDebugFlags"="RPC:FACILITY=33:STDOUT_PUTS:STDOUT_LOG"
09-09 11:20:14.378  6283  6283 E lhd     : SetCfgValue: Critical Error. Unknown configuration parameter "LheSensorIpc"="true"
09-09 11:20:14.378  6283  6283 E lhd     : SetCfgValue: Critical Error. Unknown configuration parameter "LhePinMux"="P17=M1"
09-09 11:20:14.378  6283  6283 V lhd     : SetCfgValue: LHD config "LheAutoBaudDelayMS"="10"
09-09 11:20:14.378  6283  6283 V lhd     : SetCfgValue: LHD config "LheMaxMcuResetTries"="3"
09-09 11:20:14.379  6283  6283 E lhd     : OpenFirmwareFile: Fail to open /efs/sec_efs/sensorhub_urgent_fw.patch, errno 2
09-09 11:20:14.379  6283  6283 E lhd     : getCustPatchVersion: Fail to parse patch /efs/sec_efs/sensorhub_urgent_fw.patch
09-09 11:20:14.379  6283  6283 E lhd     : getCustPatchVersion: <CustomerVersion> not found
09-09 11:20:14.423  3591  4693 D SntpClient: request time failed: java.net.SocketTimeoutException: Receive timed out
09-09 11:20:14.423  3591  4931 D SntpClient: request time failed: java.net.SocketTimeoutException: Receive timed out
09-09 11:20:14.423  3591  4931 D AlarmManagerService: Setting time of day to sec=1504966814
09-09 11:20:14.580  3591  4693 I NetworkPolicy: No policy for subscriber 722341275122680; generating default policy
09-09 11:20:14.593  3163  3163 D gpsd    : WakeLock(Acquire,GPSD)
09-09 11:20:14.594  3163  3163 D gpsd    : WakeLock(Release,GPSD)
09-09 11:20:14.594  3163  3163 D gpsd    : WakeLock(Acquire,GPSD)
09-09 11:20:14.594  3163  3163 D gpsd    : WakeLock(Release,GPSD)
09-09 11:20:14.597  6283  6283 D lhd     : OnIpcConnect
09-09 11:20:14.622  3591  3591 D ConditionProviders.SCP: onReceive android.intent.action.TIME_SET
09-09 11:20:14.624  3591  3591 D ConditionProviders.SCP: notifyCondition condition://android/schedule?days=6.7&start=23.30&end=10.0&exitAtAlarm=false STATE_FALSE reason=!meetsSchedule
09-09 11:20:14.637  5278  5278 I AlarmClock: AlarmInitReceiver android.intent.action.TIME_SET
09-09 11:20:14.657  3591  3591 D ConditionProviders.SCP: notifyCondition condition://android/schedule?days=1.2.3.4.5&start=22.0&end=7.0&exitAtAlarm=false STATE_FALSE reason=!meetsSchedule
09-09 11:20:14.672  3591  3591 D ConditionProviders.SCP: Scheduling evaluate for Sat Sep 09 22:00:00 GMT-03:00 2017 (1505005200000), in +10h39m45s378ms, now=Sat Sep 09 11:20:14 GMT-03:00 2017 (1504966814622)
09-09 11:20:14.684  5278  5278 I droid.deskclock: type=1400 audit(0.0:376): avc: denied { write } for name="shared_prefs" dev="sda24" ino=3121300 scontext=u:r:untrusted_app:s0:c512,c768 tcontext=u:object_r:system_data_file:s0:c512,c768 tclass=dir permissive=1
09-09 11:20:14.684  5278  5278 I droid.deskclock: type=1400 audit(0.0:376): avc: denied { remove_name } for name="com.android.deskclock_preferences.xml" dev="sda24" ino=3121346 scontext=u:r:untrusted_app:s0:c512,c768 tcontext=u:object_r:system_data_file:s0:c512,c768 tclass=dir permissive=1
09-09 11:20:14.684  5278  5278 I droid.deskclock: type=1400 audit(0.0:376): avc: denied { rename } for name="com.android.deskclock_preferences.xml" dev="sda24" ino=3121346 scontext=u:r:untrusted_app:s0:c512,c768 tcontext=u:object_r:system_data_file:s0:c512,c768 tclass=file permissive=1
09-09 11:20:14.684  5278  5278 I droid.deskclock: type=1400 audit(0.0:376): avc: denied { add_name } for name="com.android.deskclock_preferences.xml.bak" scontext=u:r:untrusted_app:s0:c512,c768 tcontext=u:object_r:system_data_file:s0:c512,c768 tclass=dir permissive=1
09-09 11:20:14.684  5278  5278 W droid.deskclock: type=1300 audit(0.0:376): arch=c00000b7 syscall=38 success=yes exit=0 a0=ffffff9c a1=7f8a21cb20 a2=ffffff9c a3=7f8a21cd60 items=0 ppid=3164 auid=4294967295 uid=10045 gid=10045 euid=10045 suid=10045 fsuid=10045 egid=10045 sgid=10045 fsgid=10045 tty=(none) ses=4294967295 exe="/system/bin/app_process64" subj=u:r:untrusted_app:s0:c512,c768 key=(null)
09-09 11:20:14.684  3075  3075 W auditd  : type=1327 audit(0.0:376): proctitle="com.android.deskclock"
09-09 11:20:14.684  3075  3075 W auditd  : type=1320 audit(0.0:376): 
09-09 11:20:14.684  5278  5278 I droid.deskclock: type=1400 audit(0.0:377): avc: denied { create } for name="com.android.deskclock_preferences.xml" scontext=u:r:untrusted_app:s0:c512,c768 tcontext=u:object_r:system_data_file:s0:c512,c768 tclass=file permissive=1
09-09 11:20:14.684  5278  5278 I droid.deskclock: type=1400 audit(0.0:377): avc: denied { write } for path="/data/user_de/0/com.android.deskclock/shared_prefs/com.android.deskclock_preferences.xml" dev="sda24" ino=3121353 scontext=u:r:untrusted_app:s0:c512,c768 tcontext=u:object_r:system_data_file:s0:c512,c768 tclass=file permissive=1
