09-13 21:07:02.091  5395  5395 W PackageManager: Unable to disable com.google.android.gms/com.google.android.gms.update.SystemUpdateService$Receiver
09-13 21:07:02.091  5395  5395 V PackageManager: Disabling com.google.android.gms/com.google.android.gms.update.SystemUpdateService$ActiveReceiver
09-13 21:07:02.091  5395  5395 W PackageManager: Unable to disable com.google.android.gms/com.google.android.gms.update.SystemUpdateService$ActiveReceiver
09-13 21:07:02.091  5395  5395 V PackageManager: Disabling com.google.android.gms/com.google.android.gms.update.SystemUpdateService$SecretCodeReceiver
09-13 21:07:02.091  5395  5395 W PackageManager: Unable to disable com.google.android.gms/com.google.android.gms.update.SystemUpdateService$SecretCodeReceiver
09-13 21:07:02.092  5395  5395 V PackageManager: Disabling com.google.android.gms/com.google.android.gms.update.SystemUpdateServiceReceiver
09-13 21:07:02.092  5395  5395 W PackageManager: Unable to disable com.google.android.gms/com.google.android.gms.update.SystemUpdateServiceReceiver
09-13 21:07:02.092  5395  5395 V PackageManager: Enabling com.google.android.gsf/com.google.android.gsf.update.SystemUpdateService
09-13 21:07:02.092  5395  5395 W PackageManager: Unable to enable com.google.android.gsf/com.google.android.gsf.update.SystemUpdateService
09-13 21:07:02.092  5395  5395 V PackageManager: Enabling com.google.android.gms/com.google.android.gms.update.SystemUpdateService
09-13 21:07:02.092  5395  5395 W PackageManager: Unable to enable com.google.android.gms/com.google.android.gms.update.SystemUpdateService
09-13 21:07:02.361  5395  5395 E PackageManager: There should probably be a verifier, but, none were found
09-13 21:07:02.364  5395  5395 D PackageManager: Ephemeral resolver NOT found; no matching intent filters
09-13 21:07:02.365  5395  5395 I PackageManager: Ephemeral deactivated; missing resolver and installer
09-13 21:07:02.365  5395  5395 I art     : Starting a blocking GC Explicit
09-13 21:07:02.383  5395  5395 I art     : Explicit concurrent mark sweep GC freed 33173(1850KB) AllocSpace objects, 4(80KB) LOS objects, 33% free, 9MB/13MB, paused 115us total 18.649ms
09-13 21:07:02.385  5395  5395 I SystemServer: StartOtaDexOptService
09-13 21:07:02.387  5395  5395 I SystemServer: StartUserManagerService
09-13 21:07:02.387  5395  5395 I SystemServiceManager: Starting com.android.server.pm.UserManagerService$LifeCycle
09-13 21:07:02.399  3158  3158 I lowmemorykiller: ActivityManager connected
09-13 21:07:02.400  5395  5395 I SystemServiceManager: Starting com.android.server.BatteryService
09-13 21:07:02.400  5395  5431 D SensorService: nuSensorService starting...
09-13 21:07:02.401  5395  5431 W MultiHal: No multihal config file found at /system/etc/sensors/hals.conf
09-13 21:07:02.408  5395  5395 I SystemServiceManager: Starting com.android.server.usage.UsageStatsService
09-13 21:07:02.413  5395  5395 I SystemServiceManager: Starting com.android.server.webkit.WebViewUpdateService
09-13 21:07:02.416  5395  5395 I SystemServer: Reading configuration...
09-13 21:07:02.416  5395  5395 I SystemServer: StartSchedulingPolicyService
09-13 21:07:02.417  5395  5395 I SystemServiceManager: Starting com.android.server.telecom.TelecomLoaderService
09-13 21:07:02.417  5395  5395 I SystemServer: StartTelephonyRegistry
09-13 21:07:02.420  5395  5395 I SystemServer: StartEntropyMixer
09-13 21:07:02.452  5395  5395 I EntropyMixer: Added HW RNG output to entropy pool
09-13 21:07:02.452  5395  5395 I EntropyMixer: Writing entropy...
09-13 21:07:02.481  5395  5395 I SystemServer: Camera Service
09-13 21:07:02.482  5395  5395 I SystemServiceManager: Starting com.android.server.camera.CameraService
09-13 21:07:02.487  5395  5432 I ServiceThread: Enabled StrictMode logging for CameraService_proxy looper.
09-13 21:07:02.494  5395  5395 I SystemServer: StartAccountManagerService
09-13 21:07:02.495  5395  5395 I SystemServiceManager: Starting com.android.server.accounts.AccountManagerService$Lifecycle
09-13 21:07:02.514  5395  5395 I SystemServer: StartContentService
09-13 21:07:02.515  5395  5395 I SystemServiceManager: Starting com.android.server.content.ContentService$Lifecycle
09-13 21:07:02.519  5395  5395 I SystemServer: InstallSystemProviders
09-13 21:07:02.527  5395  5395 W System  : ClassLoader referenced unknown path: /system/priv-app/CMSettingsProvider/lib/arm64
09-13 21:07:02.556  5395  5395 W System  : ClassLoader referenced unknown path: /system/priv-app/SettingsProvider/lib/arm64
09-13 21:07:02.558  5395  5395 D ApplicationLoaders: ignored Vulkan layer search path /system/priv-app/SettingsProvider/lib/arm64:/system/priv-app/SettingsProvider/SettingsProvider.apk!/lib/arm64-v8a:/system/lib64:/vendor/lib64 for namespace 0x7f77f4a160
09-13 21:07:02.632  5395  5395 I SystemServer: StartVibratorService
09-13 21:07:02.635  5395  5395 I SystemServer: StartConsumerIrService
09-13 21:07:02.636  5395  5395 E ConsumerIrService: Can't open consumer IR HW Module, error: -2
09-13 21:07:02.636  5395  5395 I SystemServer: StartAlarmManagerService
09-13 21:07:02.636  5395  5395 I SystemServiceManager: Starting com.android.server.AlarmManagerService
09-13 21:07:02.641  5395  5395 I SystemServer: InitWatchdog
09-13 21:07:02.641  5395  5395 I SystemServer: StartInputManagerService
09-13 21:07:02.642  5395  5395 I InputManager: Initializing input manager, mUseDevInputEventForAudioJack=false
09-13 21:07:02.643  5395  5395 I SystemServer: StartWindowManagerService
09-13 21:07:02.663  5395  5417 I WindowManager: No existing display settings /data/system/display_settings.xml; starting empty
09-13 21:07:02.704  5395  5410 I CameraManagerGlobal: Connecting to camera service
09-13 21:07:02.708  5157  5157 E CameraService: getCameraVendorTagDescriptor: camera hardware module doesn't exist
09-13 21:07:02.714  3180  3180 D gpsd    : WakeLock(Acquire,GPSD)
09-13 21:07:02.715  3180  3180 D gpsd    : WakeLock(Release,GPSD)
09-13 21:07:02.715  3180  3180 D gpsd    : WakeLock(Acquire,GPSD)
09-13 21:07:02.715  3180  3180 D gpsd    : WakeLock(Release,GPSD)
09-13 21:07:02.761  5437  5437 V lhd     : GlLhdInterface::Init(/system/etc/lhd.conf)
09-13 21:07:02.761  5437  5437 E lhd     : SetCfgValue: Critical Error. Unknown configuration parameter "FlpName"="tcp"
09-13 21:07:02.761  5437  5437 V lhd     : SetCfgValue: LHD config "LheSerialControl"="BBD:Serial=TTY"
09-13 21:07:02.761  5437  5437 E lhd     : SetCfgValue: Critical Error. Unknown configuration parameter "LheClockMHz"="100"
09-13 21:07:02.761  5437  5437 V lhd     : SetCfgValue: LHD config "LhePatch"="/dev/bbd_patch"
09-13 21:07:02.761  5437  5437 V lhd     : SetCfgValue: LHD config "LheMaxMcuResetTries"="4"
09-13 21:07:02.761  5437  5437 V lhd     : SetCfgValue: LHD config "LheBbdPacket"="/dev/ttyBCM"
09-13 21:07:02.762  5437  5437 V lhd     : SetCfgValue: LHD config "LheBbdControl"="/dev/bbd_control"
09-13 21:07:02.762  5437  5437 V lhd     : SetCfgValue: LHD config "LheBbdSensor"="/dev/bbd_sensor"
09-13 21:07:02.762  5437  5437 V lhd     : SetCfgValue: LHD config "Lhe477xDebugFlags"="RPC:FACILITY=33:STDOUT_PUTS:STDOUT_LOG"
09-13 21:07:02.762  5437  5437 E lhd     : SetCfgValue: Critical Error. Unknown configuration parameter "LheSensorIpc"="true"
09-13 21:07:02.762  5437  5437 E lhd     : SetCfgValue: Critical Error. Unknown configuration parameter "LhePinMux"="P17=M1"
09-13 21:07:02.762  5437  5437 V lhd     : SetCfgValue: LHD config "LheAutoBaudDelayMS"="10"
09-13 21:07:02.762  5437  5437 V lhd     : SetCfgValue: LHD config "LheMaxMcuResetTries"="3"
09-13 21:07:02.762  5437  5437 E lhd     : OpenFirmwareFile: Fail to open /efs/sec_efs/sensorhub_urgent_fw.patch, errno 2
09-13 21:07:02.762  5437  5437 E lhd     : getCustPatchVersion: Fail to parse patch /efs/sec_efs/sensorhub_urgent_fw.patch
09-13 21:07:02.762  5437  5437 E lhd     : getCustPatchVersion: <CustomerVersion> not found
09-13 21:07:02.803  5395  5410 W art     : Found duplicate classes, falling back to interpreter mode for /system/priv-app/CMParts/CMParts.apk
09-13 21:07:02.803  5395  5410 W art     : Found duplicated class when checking oat files: 'Lcyanogenmod/app/IProfileManager;' in /system/priv-app/CMParts/CMParts.apk and /system/framework/org.cyanogenmod.platform.jar
09-13 21:07:02.823  3180  3180 D gpsd    : WakeLock(Acquire,GPSD)
09-13 21:07:02.823  3180  3180 D gpsd    : WakeLock(Release,GPSD)
09-13 21:07:02.823  5437  5437 D lhd     : OnIpcConnect
09-13 21:07:02.823  3180  3180 D gpsd    : WakeLock(Acquire,GPSD)
09-13 21:07:02.823  3180  3180 D gpsd    : WakeLock(Release,GPSD)
09-13 21:07:02.849  5395  5395 I SystemServer: StartVrManagerService
09-13 21:07:02.849  5395  5395 I SystemServiceManager: Starting com.android.server.vr.VrManagerService
09-13 21:07:02.852  5395  5395 W VrManagerService: init_native: Could not open VR hardware module, error No such file or directory (-2).
09-13 21:07:02.857  5395  5395 I InputManager: Starting input manager
09-13 21:07:02.859  5395  5441 D EventHub: No input device configuration file found for device 'certify_hall'.
09-13 21:07:02.878  5395  5395 I SystemServiceManager: Starting com.android.server.BluetoothService
09-13 21:07:02.885  5395  5395 D BluetoothManagerService: Loading stored name and address
09-13 21:07:02.885  5395  5395 D BluetoothManagerService: Stored bluetooth Name=null,Address=null
09-13 21:07:02.885  5395  5395 D BluetoothManagerService: Bluetooth persisted state: 0
09-13 21:07:02.886  5395  5395 I SystemServer: ConnectivityMetricsLoggerService
09-13 21:07:02.886  5395  5395 I SystemServiceManager: Starting com.android.server.connectivity.MetricsLoggerService
09-13 21:07:02.886  5395  5395 I SystemServer: IpConnectivityMetrics
09-13 21:07:02.886  5395  5395 I SystemServiceManager: Starting com.android.server.connectivity.IpConnectivityMetrics
09-13 21:07:02.887  5395  5395 I SystemServer: PinnerService
09-13 21:07:02.887  5395  5395 I SystemServiceManager: Starting com.android.server.PinnerService
09-13 21:07:02.888  5395  5395 I SystemServiceManager: Starting com.android.server.InputMethodManagerService$Lifecycle
09-13 21:07:02.904  5395  5441 D EventHub: No input device configuration file found for device 'Headset'.
09-13 21:07:02.908  5395  5441 W EventHub: Unable to disable kernel key repeat for /dev/input/event15: Function not implemented
09-13 21:07:02.908  5395  5441 I EventHub: New device: id=2, fd=94, path='/dev/input/event15', name='Headset', classes=0x1, configuration='', keyLayout='/system/usr/keylayout/Generic.kl', keyCharacterMap='/system/usr/keychars/Generic.kcm', builtinKeyboard=false, wakeMechanism=EPOLLWAKEUP, usingClockIoctl=true
09-13 21:07:02.909  5395  5441 D EventHub: No input device configuration file found for device 'gpio_keys'.
09-13 21:07:02.912  5395  5441 W EventHub: Unable to disable kernel key repeat for /dev/input/event16: Function not implemented
09-13 21:07:02.912  5395  5441 I EventHub: New device: id=3, fd=95, path='/dev/input/event16', name='gpio_keys', classes=0x1, configuration='', keyLayout='/system/usr/keylayout/Generic.kl', keyCharacterMap='/system/usr/keychars/Generic.kcm', builtinKeyboard=false, wakeMechanism=EPOLLWAKEUP, usingClockIoctl=true
09-13 21:07:02.912  5395  5441 E EventHub: could not get driver version for /dev/input/mouse1, Not a typewriter
09-13 21:07:02.932  5395  5395 W System  : ClassLoader referenced unknown path: 
09-13 21:07:02.933  5395  5395 D ApplicationLoaders: ignored Vulkan layer search path /system/app/LatinIME/lib/arm64:/system/fake-libs64:/system/app/LatinIME/LatinIME.apk!/lib/arm64-v8a:/system/lib64:/vendor/lib64 for namespace 0x7f77f4a1d0
09-13 21:07:02.956  5395  5441 D EventHub: No input device configuration file found for device 'sec_touchpad'.
09-13 21:07:02.959  5395  5441 W EventHub: Unable to disable kernel key repeat for /dev/input/event1: Function not implemented
09-13 21:07:02.959  5395  5441 I EventHub: New device: id=4, fd=96, path='/dev/input/event1', name='sec_touchpad', classes=0x15, configuration='', keyLayout='/system/usr/keylayout/Generic.kl', keyCharacterMap='/system/usr/keychars/Generic.kcm', builtinKeyboard=false, wakeMechanism=EPOLLWAKEUP, usingClockIoctl=true
09-13 21:07:03.005  5395  5441 E EventHub: could not get driver version for /dev/input/mouse0, Not a typewriter
09-13 21:07:03.033  5395  5395 W InputMethodManagerService: No IME selected. Choose the most applicable IME.
09-13 21:07:03.039  5395  5395 I InputMethodManagerService: Default found, using com.android.inputmethod.latin/.LatinIME
09-13 21:07:03.041  5395  5395 I SystemServer: StartAccessibilityManagerService
09-13 21:07:03.051  5395  5395 I ActivityManager: Config changes=1df8 {1.0 ?mcc?mnc [en_US] ldltr sw411dp w411dp h845dp 560dpi nrml long port ?uimode ?night -touch -keyb/h/h -nav/h s.2}
09-13 21:07:03.061  5395  5417 I ActivityManager: Config changes=400 {1.0 ?mcc?mnc [en_US] ldltr sw411dp w411dp h773dp 560dpi nrml long port ?uimode ?night -touch -keyb/h/h -nav/h s.3}
09-13 21:07:03.076  5395  5441 W EventHub: Unable to disable kernel key repeat for /dev/input/event0: Function not implemented
09-13 21:07:03.076  5395  5441 I EventHub: New device: id=5, fd=97, path='/dev/input/event0', name='sec_touchscreen', classes=0x15, configuration='/system/usr/idc/sec_touchscreen.idc', keyLayout='/system/usr/keylayout/Generic.kl', keyCharacterMap='/system/usr/keychars/Generic.kcm', builtinKeyboard=false, wakeMechanism=EPOLLWAKEUP, usingClockIoctl=true
09-13 21:07:03.076  5395  5441 D EventHub: No input device configuration file found for device 'hall'.
09-13 21:07:03.077  5395  5408 I UsageStatsService: User[0] Rollover scheduled @ 2017-09-14 21:07:03(1505423223052)
09-13 21:07:03.078  5395  5408 E AppIdleHistory: Unable to read app idle file for user 0
09-13 21:07:03.091  5395  5417 W LocalDisplayAdapter: Unable to find color mode 0, ignoring request.
09-13 21:07:03.101  5395  5395 W LocalDisplayAdapter: Unable to find color mode 0, ignoring request.
09-13 21:07:03.102  5395  5395 I SystemServiceManager: Starting com.android.server.MountService$Lifecycle
09-13 21:07:03.112  5395  5441 D EventHub: No input device configuration file found for device 'ssp_context'.
09-13 21:07:03.121  5395  5395 I SystemServiceManager: Starting com.android.server.UiModeManagerService
09-13 21:07:03.122  5395  5444 D MountService: Thinking about init, mSystemReady=false, mDaemonConnected=true
09-13 21:07:03.122  5395  5444 D MountService: Thinking about reset, mSystemReady=false, mDaemonConnected=true
09-13 21:07:03.122  5395  5444 D MountService: Thinking about init, mSystemReady=false, mDaemonConnected=true
09-13 21:07:03.123  5395  5444 D MountService: Thinking about reset, mSystemReady=false, mDaemonConnected=true
09-13 21:07:03.124  5395  5444 D CryptdConnector: SND -> {1 cryptfs getfield SystemLocale}
09-13 21:07:03.125  5395  5395 I ActivityManager: Config changes=200 {1.0 ?mcc?mnc [en_US] ldltr sw411dp w411dp h773dp 560dpi nrml long port -touch -keyb/h/h -nav/h s.4}
09-13 21:07:03.129  5395  5446 D CryptdConnector: RCV <- {200 1 -1}
09-13 21:07:03.140  5395  5444 W MountService: No primary storage mounted!
09-13 21:07:03.141  5395  5444 D VoldConnector: SND -> {1 asec list}
09-13 21:07:03.144  5395  5395 I SystemServer: StartLockSettingsService
09-13 21:07:03.144  5395  5441 D EventHub: No input device configuration file found for device 'meta_event'.
09-13 21:07:03.144  5395  5395 I SystemServiceManager: Starting com.android.server.LockSettingsService$Lifecycle
09-13 21:07:03.145  5395  5445 D VoldConnector: RCV <- {200 1 asec operation succeeded}
09-13 21:07:03.151  5395  5444 I PackageManager: No secure containers found
09-13 21:07:03.159  5395  5444 W PackageManager: Unknown permission com.google.android.googleapps.permission.GOOGLE_AUTH in package com.android.providers.calendar
09-13 21:07:03.159  5395  5444 W PackageManager: Unknown permission com.google.android.googleapps.permission.GOOGLE_AUTH.cl in package com.android.providers.calendar
09-13 21:07:03.170  5395  5444 W PackageManager: Unknown permission cyanogenmod.permission.LEGALESE in package com.cyanogenmod.setupwizard
09-13 21:07:03.173  5395  5395 I SystemServiceManager: Starting com.android.server.DeviceIdleController
09-13 21:07:03.173  5395  5444 W PackageManager: Unknown permission com.android.gallery3d.permission.STORAGE_CHANGE in package com.android.camera2
09-13 21:07:03.174  5395  5444 W PackageManager: Unknown permission android.permission.NFC_UNLOCK in package com.android.nfc
09-13 21:07:03.175  5395  5444 W PackageManager: Unknown permission com.google.android.googleapps.permission.GOOGLE_AUTH.mail in package com.android.calendar
09-13 21:07:03.176  5395  5444 W PackageManager: Unknown permission com.android.launcher.permission.READ_SETTINGS in package com.android.onetimeinitializer
09-13 21:07:03.176  5395  5444 W PackageManager: Unknown permission com.android.launcher.permission.WRITE_SETTINGS in package com.android.onetimeinitializer
09-13 21:07:03.179  5395  5444 W PackageManager: Unknown permission com.android.launcher.permission.READ_SETTINGS in package com.cyanogenmod.trebuchet
09-13 21:07:03.179  5395  5444 W PackageManager: Unknown permission com.android.launcher.permission.WRITE_SETTINGS in package com.cyanogenmod.trebuchet
09-13 21:07:03.179  5395  5444 W PackageManager: Unknown permission com.google.android.permission.INSTALL_WEARABLE_PACKAGES in package com.android.packageinstaller
09-13 21:07:03.179  5395  5444 W PackageManager: Not granting permission android.permission.DELETE_PACKAGES to package com.svox.pico (protectionLevel=18 flags=0x3808be45)
09-13 21:07:03.180  5395  5444 W PackageManager: Unknown permission com.google.android.gallery3d.permission.PICASA_STORE in package com.android.dreams.phototable
09-13 21:07:03.181  5395  5444 W PackageManager: Unknown permission com.google.android.googleapps.permission.GOOGLE_AUTH in package com.android.settings
09-13 21:07:03.182  5395  5444 W PackageManager: Unknown permission com.android.launcher.permission.READ_SETTINGS in package com.android.settings
09-13 21:07:03.182  5395  5444 W PackageManager: Unknown permission com.android.launcher.permission.WRITE_SETTINGS in package com.android.settings
09-13 21:07:03.188  5395  5444 W PackageManager: Not granting permission android.permission.MANAGE_DOCUMENTS to package com.android.deskclock (protectionLevel=2 flags=0x3c49be45)
09-13 21:07:03.188  5395  5444 W PackageManager: Unknown permission com.android.deskclock.worldclock.permissions.WRITE_DATABASE in package com.android.deskclock
09-13 21:07:03.188  5395  5441 D EventHub: No input device configuration file found for device 'interrupt_gyro_sensor'.
09-13 21:07:03.188  5395  5444 W PackageManager: Unknown permission org.codeaurora.permission.POWER_ON_ALERT in package com.android.deskclock
09-13 21:07:03.188  5395  5444 W PackageManager: Not granting permission android.permission.WRITE_SECURE_SETTINGS to package com.android.deskclock (protectionLevel=50 flags=0x3c49be45)
09-13 21:07:03.190  5395  5444 W PackageManager: Unknown permission com.cyanogenmod.lockclock.permission.READ_WEATHER in package com.android.systemui
09-13 21:07:03.192  5395  5444 W PackageManager: Unknown permission com.google.android.gallery3d.permission.GALLERY_PROVIDER in package com.android.bluetooth
09-13 21:07:03.193  5395  5444 W PackageManager: Unknown permission com.google.android.googleapps.permission.ACCESS_GOOGLE_PASSWORD in package com.android.development
09-13 21:07:03.193  5395  5444 W PackageManager: Unknown permission com.google.android.googleapps.permission.GOOGLE_AUTH in package com.android.development
09-13 21:07:03.193  5395  5444 W PackageManager: Unknown permission com.google.android.googleapps.permission.GOOGLE_AUTH.ALL_SERVICES in package com.android.development
09-13 21:07:03.193  5395  5444 W PackageManager: Unknown permission com.google.android.googleapps.permission.GOOGLE_AUTH.YouTubeUser in package com.android.development
09-13 21:07:03.220  5395  5441 D EventHub: No input device configuration file found for device 'step_cnt_sensor'.
09-13 21:07:03.252  5395  5441 D EventHub: No input device configuration file found for device 'sig_motion_sensor'.
09-13 21:07:03.288  5395  5441 D EventHub: No input device configuration file found for device 'gesture_sensor'.
09-13 21:07:03.328  5395  5441 D EventHub: No input device configuration file found for device 'temp_humidity_sensor'.
09-13 21:07:03.368  5395  5441 D EventHub: No input device configuration file found for device 'proximity_alert_sensor'.
09-13 21:07:03.417  5395  5441 D EventHub: No input device configuration file found for device 'proximity_sensor'.
09-13 21:07:03.460  5395  5441 D EventHub: No input device configuration file found for device 'light_ir_sensor'.
09-13 21:07:03.490  5395  5444 W MountService: No primary storage defined yet; hacking together a stub
09-13 21:07:03.492  5395  5444 W MountService: No primary storage defined yet; hacking together a stub
09-13 21:07:03.494  5395  5444 W MountService: No primary storage mounted!
09-13 21:07:03.494  5395  5444 D VoldConnector: SND -> {2 asec list}
09-13 21:07:03.497  5395  5445 D VoldConnector: RCV <- {200 2 asec operation succeeded}
09-13 21:07:03.498  5395  5395 I SystemServiceManager: Starting com.android.server.devicepolicy.DevicePolicyManagerService$Lifecycle
09-13 21:07:03.508  5395  5441 D EventHub: No input device configuration file found for device 'light_sensor'.
09-13 21:07:03.513  5395  5395 I SystemServer: StartStatusBarManagerService
09-13 21:07:03.520  5395  5395 I SystemServer: StartClipboardService
09-13 21:07:03.525  5395  5395 I SystemServer: StartNetworkManagementService
09-13 21:07:03.531  5395  5448 I NetworkManagement: onDaemonConnected()
09-13 21:07:03.536  5395  5395 I SystemServiceManager: Starting com.android.server.TextServicesManagerService$Lifecycle
09-13 21:07:03.548  5395  5395 I SystemServer: StartNetworkScoreService
09-13 21:07:03.548  5395  5441 D EventHub: No input device configuration file found for device 'hrm_sensor'.
09-13 21:07:03.550  5395  5395 I SystemServer: StartNetworkStatsService
09-13 21:07:03.559  5395  5395 I SystemServer: StartNetworkPolicyManagerService
09-13 21:07:03.564  5395  5395 I SystemServer: No Wi-Fi NAN Service (NAN support Not Present)
09-13 21:07:03.565  5395  5395 I SystemServiceManager: Starting com.android.server.wifi.p2p.WifiP2pService
09-13 21:07:03.580  5395  5441 D EventHub: No input device configuration file found for device 'grip_sensor'.
09-13 21:07:03.620  5395  5441 E EventHub: could not get driver version for /dev/input/mice, Not a typewriter
09-13 21:07:03.623  5395  5395 I WifiP2pService: Registering wifip2p
09-13 21:07:03.624  5395  5395 I SystemServiceManager: Starting com.android.server.wifi.WifiService
09-13 21:07:03.672  5395  5395 D WifiStateMachine: fst disabled
09-13 21:07:03.680  5395  5395 D HS20    : Passpoint is enabled, false
09-13 21:07:03.682  5395  5441 I InputReader: Device added: id=-1, name='Virtual', sources=0x00000301
09-13 21:07:03.682  5395  5441 W InputReader: Invalid value for touch.size.calibration: 'normalized'
09-13 21:07:03.685  5395  5441 I InputReader:   Touch device 'sec_touchscreen' could not query the properties of its associated display.  The device will be inoperable until the display size becomes available.
09-13 21:07:03.685  5395  5441 I InputReader: Device added: id=5, name='sec_touchscreen', sources=0x00001103
09-13 21:07:03.686  5395  5441 I InputReader:   Touch device 'sec_touchpad' could not query the properties of its associated display.  The device will be inoperable until the display size becomes available.
09-13 21:07:03.686  5395  5441 I InputReader: Device added: id=4, name='sec_touchpad', sources=0x00002103
09-13 21:07:03.686  5395  5441 I InputReader: Device added: id=3, name='gpio_keys', sources=0x00000101
09-13 21:07:03.687  5395  5441 I InputReader: Device added: id=2, name='Headset', sources=0x00000101
09-13 21:07:03.690  5395  5441 I InputReader: Reconfiguring input devices.  changes=0x00000004
09-13 21:07:03.730  5395  5441 I InputReader: Device reconfigured: id=4, name='sec_touchpad', size 1440x2960, orientation 0, mode 4, display id 0
09-13 21:07:03.731  5395  5441 I InputReader: Device reconfigured: id=5, name='sec_touchscreen', size 1440x2960, orientation 0, mode 1, display id 0
09-13 21:07:03.733  5395  5440 I ActivityManager: Config changes=8 {1.0 ?mcc?mnc [en_US] ldltr sw411dp w411dp h773dp 560dpi nrml long port finger -keyb/h/h -nav/h s.5}
09-13 21:07:03.774  5159  5393 D CommandListener: Clearing all IP addresses on wlan0
09-13 21:07:03.970  5395  5395 W art     : Long monitor contention with owner WifiStateMachine (5454) at boolean com.android.server.wifi.WifiNative.unloadDriverNative()(WifiNative.java:-2) waiters=0 in java.lang.String com.android.server.wifi.WifiNative.doStringCommand(java.lang.String) for 201ms
09-13 21:07:03.970  5395  5395 E WifiLogger: no ring buffers found
09-13 21:07:03.970  5395  5395 E WifiLogger: Failed to start packet fate monitoring
09-13 21:07:03.978  5395  5454 D WifiApConfigStore: 2G band allowed channels are:1,6,11
09-13 21:07:04.007  5395  5395 D WifiController: isAirplaneModeOn = false, isWifiEnabled = true, isScanningAvailable = false
09-13 21:07:04.019  5395  5395 E WifiService: ensureConcurrencyFile template file doesnt existjava.io.FileNotFoundException: /etc/wifi/wifi_concurrency_cfg.txt (No such file or directory)
09-13 21:07:04.019  5395  5395 I WifiService: Registering wifi
09-13 21:07:04.021  5395  5395 I SystemServiceManager: Starting com.android.server.wifi.scanner.WifiScanningService
09-13 21:07:04.022  5395  5395 I WifiScanningService: Creating wifiscanner
09-13 21:07:04.029  5395  5395 I WifiScanningService: Publishing wifiscanner
09-13 21:07:04.031  5395  5395 I SystemServiceManager: Starting com.android.server.wifi.RttService
09-13 21:07:04.032  5395  5395 I RttService: Creating rttmanager
09-13 21:07:04.034  5395  5395 I RttService: Starting rttmanager
09-13 21:07:04.035  5395  5395 I SystemServiceManager: Starting com.android.server.ethernet.EthernetService
09-13 21:07:04.036  5395  5395 I EthernetServiceImpl: Creating EthernetConfigStore
09-13 21:07:04.037  5395  5395 E IpConfigStore: Error parsing configuration: java.io.FileNotFoundException: /data/misc/ethernet/ipconfig.txt (No such file or directory)
09-13 21:07:04.037  5395  5395 W EthernetConfigStore: No Ethernet configuration found. Using default.
09-13 21:07:04.037  5395  5395 I EthernetServiceImpl: Read stored IP configuration: IP assignment: DHCP
09-13 21:07:04.037  5395  5395 I EthernetServiceImpl: Proxy settings: NONE
09-13 21:07:04.038  5395  5395 I EthernetService: Registering service ethernet
09-13 21:07:04.038  5395  5395 I SystemServer: StartConnectivityService
09-13 21:07:04.070  5395  5395 D ConnectivityService: ConnectivityService starting up
09-13 21:07:04.078  5395  5395 D ConnectivityService: wifiOnly=false
09-13 21:07:04.094  5395  5395 I SystemServer: StartNsdService
09-13 21:07:04.097  5395  5395 I SystemServer: StartUpdateLockService
09-13 21:07:04.098  5395  5395 I SystemServiceManager: Starting com.android.server.RecoverySystemService
09-13 21:07:04.099  5395  5395 I SystemServiceManager: Starting com.android.server.notification.NotificationManagerService
09-13 21:07:04.112  5395  5395 D ConditionProviders.SCP: new ScheduleConditionProvider()
09-13 21:07:04.120  5395  5395 D ZenLog  : config: readXml,ZenModeConfig[user=0,allowCalls=true,allowRepeatCallers=false,allowMessages=false,allowCallsFrom=contacts,allowMessagesFrom=contacts,allowReminders=true,allowEvents=true,allowWhenScreenOff=true,allowWhenScreenOn=true,automaticRules={6e0439c1bba742268360070d95c73bbd=ZenRule[enabled=false,snoozing=false,name=Event,zenMode=ZEN_MODE_ALARMS,conditionId=condition://android/event?userId=-10000&calendar=&reply=1,condition=null,component=ComponentInfo{android/com.android.server.notification.EventConditionProvider},id=6e0439c1bba742268360070d95c73bbd,creationTime=1505336810982,enabler=null], 810c60ba3aa9477886485e277e49a1e6=ZenRule[enabled=false,snoozing=false,name=Weeknight,zenMode=ZEN_MODE_ALARMS,conditionId=condition://android/schedule?days=1.2.3.4.5&start=22.0&end=7.0&exitAtAlarm=false,condition=null,component=ComponentInfo{android/com.android.server.notification.ScheduleConditionProvider},id=810c60ba3aa9477886485e277e49a1e6,creationTime=1505336810981,enabler=null], c89e9665c1514465a311dafee1fd7170=ZenRule[enabled=false,snoozing=false,name=Weekend,zenMode=ZEN_MODE_ALARMS,conditionId=condition://android/schedule?days=6.7&start=23.30&end=10.0&exitAtAlarm=false,condition=null,component=ComponentInfo{android/com.android.server.notification.ScheduleConditionProvider},id=c89e9665c1514465a311dafee1fd7170,creationTime=1505336810981,enabler=null]},manualRule=null],Diff[automaticRule[c07a967e76df4f6fae667cd673b3e57b]:delete,automaticRule[6e0439c1bba742268360070d95c73bbd]:insert,automaticRule[fff159ab6cb9479690a4b9c90934c723]:delete,automaticRule[4ced3d3218e749f3bc311966a64598c8]:delete,automaticRule[810c60ba3aa9477886485e277e49a1e6]:insert,automaticRule[c89e9665c1514465a311dafee1fd7170]:insert]
09-13 21:07:04.151  5395  5395 D ZenLog  : set_zen_mode: off,init
09-13 21:07:04.165  5395  5395 I SystemServiceManager: Starting com.android.server.storage.DeviceStorageMonitorService
09-13 21:07:04.168  5395  5395 I SystemServer: StartLocationManagerService
09-13 21:07:04.169  5395  5395 I SystemServer: StartCountryDetectorService
09-13 21:07:04.170  5395  5395 I SystemServer: StartSearchManagerService
09-13 21:07:04.170  5395  5395 I SystemServiceManager: Starting com.android.server.search.SearchManagerService$Lifecycle
09-13 21:07:04.173  5395  5395 I SystemServiceManager: Starting com.android.server.DropBoxManagerService
09-13 21:07:04.174  5395  5395 I SystemServer: StartWallpaperManagerService
09-13 21:07:04.174  5395  5395 I SystemServiceManager: Starting com.android.server.wallpaper.WallpaperManagerService$Lifecycle
09-13 21:07:04.177  5395  5395 E BitmapFactory: Unable to decode stream: java.io.FileNotFoundException: /data/system/users/0/wallpaper_orig (No such file or directory)
09-13 21:07:04.177  5395  5395 E WallpaperManagerService: Invalid wallpaper data
09-13 21:07:04.177  5395  5395 E WallpaperManagerService: Unable to apply new wallpaper
09-13 21:07:04.177  5395  5395 W WallpaperManagerService: no current wallpaper -- first boot?
09-13 21:07:04.178  5395  5395 I SystemServer: StartAudioService
09-13 21:07:04.178  5395  5395 I SystemServiceManager: Starting com.android.server.audio.AudioService$Lifecycle
09-13 21:07:04.183  5395  5395 W TelecomManager: Telecom Service not found.
09-13 21:07:04.186  5158  5158 D PermissionCache: checking android.permission.MODIFY_AUDIO_SETTINGS for uid=1000 => granted (300 us)
09-13 21:07:04.186  5158  5256 D PermissionCache: checking android.permission.MODIFY_AUDIO_SETTINGS for uid=1000 => granted (2175 us)
09-13 21:07:04.186  5158  5256 I APM_AudioPolicyManager: setForceUse() usage 4, config 0, mPhoneState 0
09-13 21:07:04.186  5158  5256 W APM_AudioPolicyManager: setForceUse() usage 4, config 0 is Already setted
09-13 21:07:04.189  5158  5158 I APM_AudioPolicyManager: setForceUse() usage 3, config 8, mPhoneState 0
09-13 21:07:04.190  5158  5467 I APM_AudioPolicyManager: setForceUse() usage 6, config 0, mPhoneState 0
09-13 21:07:04.190  5158  5467 W APM_AudioPolicyManager: setForceUse() usage 6, config 0 is Already setted
09-13 21:07:04.191  5158  5250 W AudioFlinger: no wake lock to update, system not ready yet
09-13 21:07:04.191  5158  5252 W AudioFlinger: no wake lock to update, system not ready yet
09-13 21:07:04.231  5395  5395 I SystemServiceManager: Starting com.android.server.DockObserver
09-13 21:07:04.232  5395  5395 I SystemServer: StartWiredAccessoryManager
09-13 21:07:04.233  5395  5395 W WiredAccessoryManager: This kernel does not have usb audio support
09-13 21:07:04.234  5395  5395 I SystemServiceManager: Starting com.android.server.usb.UsbService$Lifecycle
09-13 21:07:04.237  5395  5395 E UsbDeviceManager: failed to write to /sys/class/android_usb/android0/f_rndis/ethaddr
