09-16 18:43:21.683  5360  5457 I BrcmNfcNfa: nfa_hci_evt_hdlr state: IDLE (3) event: CHECK_QUEUE (0x0813)
09-16 18:43:21.684  5360  5483 D SecHAL  : data_trace:  Recv(  6) 60 06 03   01 01 01 
09-16 18:43:21.684  5360  5457 D         : nfa_nv_co_write: bytes=288; file=/data/nfc/nfaStorage.bin1
09-16 18:43:21.684  5360  5483 I SecHAL  : OSI_timer_start: enter,osi_lock
09-16 18:43:21.684  5360  5483 I SecHAL  : OSI_timer_start: before osi_unlock
09-16 18:43:21.684  5360  5483 I SecHAL  : OSI_timer_start: exit
09-16 18:43:21.684  5360  5483 I SecHAL  : nfc_data_callback: !
09-16 18:43:21.684  5360  5452 E         : bool CNxpNfcConfig::readConfig(const char *, bool) Cannot open config file /etc/libnfc-nxp.conf
09-16 18:43:21.684  5360  5483 D NfcAdaptation: NfcAdaptation::HalDeviceContextDataCallback: len=6
09-16 18:43:21.684  5360  5452 E         : bool CNxpNfcConfig::readConfig(const char *, bool) Using default value for all settings
09-16 18:43:21.684  5360  5452 D         : phNxpLog_InitializeLogLevel: global =1, Fwdnld =1, extns =1,                 hal =1, tml =1, ncir =1,                 ncix =1
09-16 18:43:21.684  5360  5452 D BrcmNfcJni: RoutingManager::initialize(): try ee register
09-16 18:43:21.684  5360  5452 I BrcmNfcNfa: NFA_EeRegister()
09-16 18:43:21.684  5360  5457 D         : nfa_nv_co_write: 288 bytes written
09-16 18:43:21.684  5360  5457 I BrcmNfcNfa: NFA got event 0x0201
09-16 18:43:21.684  5360  5457 I BrcmNfcNfa: nfa_ee_evt_hdlr (): Event API_REGISTER(0x201), State: INIT_DONE(1)
09-16 18:43:21.684  5360  5457 D BrcmNfcJni: RoutingManager::nfaEeCallback: NFA_EE_REGISTER_EVT; status=0
09-16 18:43:21.684  5360  5457 D BrcmNfcJni: nfaEeCallback: NFA_EE_DISCOVER_REQ_EVT; status=0x0; num ee=0
09-16 18:43:21.684  5360  5457 I BrcmNfcNfa: NFA got event 0x0811
09-16 18:43:21.684  5360  5452 D BrcmNfcJni: RoutingManager::initialize(): Technology Routing (NfcASe:0x02, NfcFSe:0x00)
09-16 18:43:21.684  5360  5457 I BrcmNfcNfa: nfa_hci_evt_hdlr state: IDLE (3) event: NV_WRITE_EVT (0x0811)
09-16 18:43:21.684  5360  5452 D BrcmNfcJni: RoutingManager::initialize(): Number of EE is 0
09-16 18:43:21.684  5360  5457 I BrcmNfcNfa: NFC received ntf gid:0
09-16 18:43:21.684  5360  5452 I BrcmNfcNfa: NFA_CeSetIsoDepListenTech (): 0x1
09-16 18:43:21.684  5360  5457 I BrcmNfcNfa: nci_proc_core_ntf opcode:0x6
09-16 18:43:21.684  5360  5452 I BrcmNfcNfa: NFA_CeRegisterAidOnDH, num_buff:1
09-16 18:43:21.684  5360  5457 I BrcmNfcNfa: NFA_CeRegisterAidOnDH, num_buff:1 qc:0
09-16 18:43:21.684  5360  5452 D BrcmNfcJni: nativeNfcTag_registerNdefTypeHandler
09-16 18:43:21.684  5360  5457 I BrcmNfcNfa: NFA got event 0x0703
09-16 18:43:21.684  5360  5457 I BrcmNfcNfa: NFA_RegisterNDefTypeHandler (): handle whole ndef message: 1, tnf=0xff
09-16 18:43:21.684  5360  5452 I BrcmNfcNfa: NFA_RegisterNDefTypeHandler (): handle whole ndef message: 1, tnf=0xff
09-16 18:43:21.684  5360  5457 I BrcmNfcNfa: NFA got event 0x0701
09-16 18:43:21.684  5360  5457 I BrcmNfcNfa: nfa_ce_handle_event event: NFA_CE_API_REG_LISTEN_EVT (0x701), flags: 00000000
09-16 18:43:21.684  5360  5457 I BrcmNfcNfa: Registering UICC/Felica/Type-4 tag listener. Type=1
09-16 18:43:21.684  5360  5457 I BrcmNfcNfa: NFA_CE: adding listen_info entry 1
09-16 18:43:21.684  5360  5452 D BrcmNfcJni: NfcTag::resetTechnologies
09-16 18:43:21.684  5360  5457 I BrcmNfcNfa: CE_T4tRegisterAID (): registering callback for wildcard AID 
09-16 18:43:21.684  5360  5452 D NfcAdaptation: const CNfcParam *CNfcConfig::find(const char *) const found PRESENCE_CHECK_ALGORITHM=(0x5)
09-16 18:43:21.684  5360  5457 I BrcmNfcNfa: CE_T4tRegisterAID (): handle 0x04 registered (for wildcard AID)
09-16 18:43:21.684  5360  5452 D BrcmNfcJni: PeerToPeer::initialize
09-16 18:43:21.684  5360  5457 I BrcmNfcNfa: nfa_dm_add_rf_discover () disc_mask=0x40000
09-16 18:43:21.684  5360  5452 D NfcAdaptation: const CNfcParam *CNfcConfig::find(const char *) const found P2P_LISTEN_TECH_MASK=(0xC4)
09-16 18:43:21.684  5360  5457 I BrcmNfcNfa: nfa_ce_api_reg_listen: registered handle 0x0301
09-16 18:43:21.684  5360  5452 D BrcmNfcJni: PeerToPeer::handleNfcOnOff: enter; is on=1
09-16 18:43:21.684  5360  5457 D BrcmNfcJni: RoutingManager::stackCallback: event=0x15
09-16 18:43:21.684  5360  5452 D BrcmNfcJni: PeerToPeer::handleNfcOnOff: exit
09-16 18:43:21.684  5360  5457 D BrcmNfcJni: RoutingManager::stackCallback: NFA_CE_REGISTERED_EVT; status=0x0; h=0x301
09-16 18:43:21.684  5360  5457 I BrcmNfcNfa: NFA got event 0x0115
09-16 18:43:21.684  5360  5452 D NfcAdaptation: const CNfcParam *CNfcConfig::find(const char *) const found POLLING_TECH_MASK=(0xEF)
09-16 18:43:21.684  5360  5457 I BrcmNfcNfa: nfa_dm_evt_hdlr event: NFA_DM_API_REG_NDEF_HDLR_EVT (0x15)
09-16 18:43:21.685  5360  5452 D BrcmNfcJni: nfcManager_doInitialize: tag polling tech mask=0xEF
09-16 18:43:21.685  5360  5457 I BrcmNfcNfa: Default NDEF handler successfully registered.
09-16 18:43:21.685  5360  5452 D NfcAdaptation: const CNfcParam *CNfcConfig::find(const char *) const found NFA_DM_DISC_DURATION_POLL=(0x1F4)
09-16 18:43:21.685  5360  5457 I BrcmNfcNfa: NDEF handler successfully registered. Handle=0x00000200
09-16 18:43:21.685  5360  5452 I BrcmNfcNfa: NFA_SetRfDiscoveryDuration ()
09-16 18:43:21.685  5360  5457 D BrcmNfcJni: ndefHandlerCallback: event=0, eventData=0x7fa2979320
09-16 18:43:21.685  5360  5452 I BrcmNfcNfa: NFA_GetConfig (): num_ids: 1
09-16 18:43:21.685  5360  5457 D BrcmNfcJni: ndefHandlerCallback: NFA_NDEF_REGISTER_EVT; status=0x0; h=0x200
09-16 18:43:21.685  5360  5457 I BrcmNfcNfa: NFA got event 0x0110
09-16 18:43:21.685  5360  5457 I BrcmNfcNfa: nfa_dm_evt_hdlr event: NFA_DM_API_SET_RF_DISC_DURATION_EVT (0x10)
09-16 18:43:21.685  5360  5457 I BrcmNfcNfa: NFA got event 0x0103
09-16 18:43:21.685  5360  5457 I BrcmNfcNfa: nfa_dm_evt_hdlr event: NFA_DM_API_GET_CONFIG_EVT (0x03)
09-16 18:43:21.685  5360  5457 D NfcAdaptation: NfcAdaptation::HalWrite
09-16 18:43:21.685  5360  5457 I SecHAL  : nfc_hal_write: enter;
09-16 18:43:21.685  5360  5457 I SecHAL  : nfc_hal_write: exit;
09-16 18:43:21.685  5360  5483 D SecHAL  : nfc_hal_task: Got a event: HAL_EVT_WRITE(3)
09-16 18:43:21.685  5360  5483 D SecHAL  : nfc_hal_task: current state: SERVICE
09-16 18:43:21.685  5360  5483 I SecHAL  : OSI_timer_start: enter,osi_lock
09-16 18:43:21.685  5360  5483 I SecHAL  : OSI_timer_start: before osi_unlock
09-16 18:43:21.685  5360  5483 I SecHAL  : OSI_timer_start: exit
09-16 18:43:21.685  5360  5483 I SecHAL  : device_write: enter
09-16 18:43:21.685  5360  5483 I SecHAL  : device_write: before system call
09-16 18:43:21.685  5360  5483 I SecHAL  : device_write: after system call
09-16 18:43:21.685  5360  5483 D SecHAL  : data_trace:  Send(  5) 20 03 02   01 52 
09-16 18:43:21.685  5360  5483 I SecHAL  : device_write: exit
09-16 18:43:21.685  5360  5482 D SecHAL  : read_thread: Sent message to HAL message task, remind que: 2
09-16 18:43:21.685  5360  5483 D SecHAL  : nfc_hal_task: Got a event: HAL_EVT_READ(4)
09-16 18:43:21.685  5360  5483 D SecHAL  : nfc_hal_task: current state: SERVICE
09-16 18:43:21.686  5360  5483 D SecHAL  : data_trace:  Recv(  8) 40 03 05   00 01 52 01 01 
09-16 18:43:21.686  5360  5483 I SecHAL  : OSI_timer_start: enter,osi_lock
09-16 18:43:21.686  5360  5483 I SecHAL  : OSI_timer_start: before osi_unlock
09-16 18:43:21.686  5360  5483 I SecHAL  : OSI_timer_start: exit
09-16 18:43:21.686  5360  5483 I SecHAL  : nfc_data_callback: !
09-16 18:43:21.686  5360  5483 D NfcAdaptation: NfcAdaptation::HalDeviceContextDataCallback: len=8
09-16 18:43:21.686  5360  5457 I BrcmNfcNfa: NFC received rsp gid:0
09-16 18:43:21.686  5360  5457 I BrcmNfcNfa: nci_proc_core_rsp opcode:0x3
09-16 18:43:21.686  5360  5457 I BrcmNfcNfa: nfa_dm_nfc_response_cback () NFC_GET_CONFIG_REVT(0x5003)
09-16 18:43:21.686  5360  5457 D BrcmNfcJni: nfaDeviceManagementCallback: enter; event=0x3
09-16 18:43:21.686  5360  5457 D BrcmNfcJni: nfaDeviceManagementCallback: NFA_DM_GET_CONFIG_EVT
09-16 18:43:21.686  5360  5452 D BrcmNfcJni: nfcManager_doInitialize: lfT3tMax=1
09-16 18:43:21.686  5360  5452 I BrcmNfcNfa: NFA_SetConfig (): param_id:0xC5
09-16 18:43:21.686  5360  5457 I BrcmNfcNfa: NFA got event 0x0102
09-16 18:43:21.686  5360  5457 I BrcmNfcNfa: nfa_dm_evt_hdlr event: NFA_DM_API_SET_CONFIG_EVT (0x02)
09-16 18:43:21.686  5360  5457 I BrcmNfcNfa: nfa_dm_check_set_config ()
09-16 18:43:21.686  5360  5457 D NfcAdaptation: NfcAdaptation::HalWrite
09-16 18:43:21.686  5360  5457 I SecHAL  : nfc_hal_write: enter;
09-16 18:43:21.686  5360  5483 D SecHAL  : nfc_hal_task: Got a event: HAL_EVT_WRITE(3)
09-16 18:43:21.686  5360  5483 D SecHAL  : nfc_hal_task: current state: SERVICE
09-16 18:43:21.686  5360  5483 I SecHAL  : OSI_timer_start: enter,osi_lock
09-16 18:43:21.686  5360  5483 I SecHAL  : OSI_timer_start: before osi_unlock
09-16 18:43:21.686  5360  5483 I SecHAL  : OSI_timer_start: exit
09-16 18:43:21.686  5360  5483 I SecHAL  : device_write: enter
09-16 18:43:21.686  5360  5483 I SecHAL  : device_write: before system call
09-16 18:43:21.686  5360  5457 I SecHAL  : nfc_hal_write: exit;
09-16 18:43:21.687  5360  5483 I SecHAL  : device_write: after system call
09-16 18:43:21.687  5360  5483 D SecHAL  : data_trace:  Send(  7) 20 02 04   01 c5 01 01 
09-16 18:43:21.687  5360  5483 I SecHAL  : device_write: exit
09-16 18:43:21.687  5360  5482 D SecHAL  : read_thread: Sent message to HAL message task, remind que: 2
09-16 18:43:21.687  5360  5483 D SecHAL  : nfc_hal_task: Got a event: HAL_EVT_READ(4)
09-16 18:43:21.687  5360  5483 D SecHAL  : nfc_hal_task: current state: SERVICE
09-16 18:43:21.687  5360  5483 D SecHAL  : data_trace:  Recv(  6) 40 02 03   09 01 c5 
09-16 18:43:21.687  5360  5483 I SecHAL  : OSI_timer_start: enter,osi_lock
09-16 18:43:21.687  5360  5483 I SecHAL  : OSI_timer_start: before osi_unlock
09-16 18:43:21.687  5360  5483 I SecHAL  : OSI_timer_start: exit
09-16 18:43:21.687  5360  5483 I SecHAL  : nfc_data_callback: !
09-16 18:43:21.687  5360  5483 D NfcAdaptation: NfcAdaptation::HalDeviceContextDataCallback: len=6
09-16 18:43:21.687  5360  5457 I BrcmNfcNfa: NFC received rsp gid:0
09-16 18:43:21.687  5360  5457 I BrcmNfcNfa: nci_proc_core_rsp opcode:0x2
09-16 18:43:21.687  5360  5457 I BrcmNfcNfa: nfa_dm_nfc_response_cback () NFC_SET_CONFIG_REVT(0x5002)
09-16 18:43:21.687  5360  5457 D BrcmNfcJni: nfaDeviceManagementCallback: enter; event=0x2
09-16 18:43:21.687  5360  5457 D BrcmNfcJni: nfaDeviceManagementCallback: NFA_DM_SET_CONFIG_EVT
09-16 18:43:21.688  5360  5452 D BrcmNfcJni: PowerSwitch::setLevel: level=PS-LOW-POWER (2)
09-16 18:43:21.688  5360  5452 D BrcmNfcJni: PowerSwitch::setLevel: actual power level=PS-FULL
09-16 18:43:21.688  5360  5452 D BrcmNfcJni: nfcManager_doInitialize: exit
09-16 18:43:21.693  5360  5452 D NdefPushServer: start, thread = null
09-16 18:43:21.693  5360  5452 D NdefPushServer: starting new server thread
09-16 18:43:21.694  5526  5547 I CallLogDatabaseHelper: Migrating from old tables...
09-16 18:43:21.697  5360  5582 D NdefPushServer: about create LLCP service socket
09-16 18:43:21.698  5360  5582 D BrcmNfcJni: nfcManager_doCreateLlcpServiceSocket: enter: sap=16; name=com.android.npp; miu=248; rw=1; buffLen=1024
09-16 18:43:21.698  5360  5582 D BrcmNfcJni: PeerToPeer::registerServer: enter; service name: com.android.npp  JNI handle: 1
09-16 18:43:21.698  5360  5582 D BrcmNfcJni: PeerToPeer::registerServer: added new p2p server  index: 0  handle: 1  name: com.android.npp
09-16 18:43:21.698  5360  5582 D BrcmNfcJni: P2pServer::registerWithStack: enter; service name: com.android.npp  JNI handle: 1
09-16 18:43:21.698  5360  5582 I BrcmNfcNfa: NFA_P2pSetLLCPConfig ():link_miu:2175, opt:0x03, wt:7, link_timeout:1000
09-16 18:43:21.698  5360  5582 I BrcmNfcNfa:                        inact_timeout(init:0, target:0), symm_delay:20, data_link_timeout:2000
09-16 18:43:21.698  5360  5582 I BrcmNfcNfa:                        delay_first_pdu_timeout:50
09-16 18:43:21.698  5360  5457 I BrcmNfcNfa: NFA got event 0x030C
09-16 18:43:21.698  5360  5457 I BrcmNfcNfa: nfa_p2p_evt_hdlr (): LLCP State [Link IDLE], Event [API_SET_LLCP_CFG_EVT]
09-16 18:43:21.698  5360  5457 I BrcmNfcNfa: LLCP_SetConfig () link_miu:2175, opt:0x03, wt:7, link_timeout:1000
09-16 18:43:21.698  5360  5457 I BrcmNfcNfa:                  inact_timeout (init:0,target:0), symm_delay:20, data_link_timeout:2000
09-16 18:43:21.698  5360  5457 I BrcmNfcNfa:                  delay_first_pdu_timeout:50
09-16 18:43:21.698  5360  5582 I BrcmNfcNfa: NFA_P2pRegisterServer (): server_sap:0xff, link_type:0x2, SN:<com.android.npp>
09-16 18:43:21.699  5360  5457 I BrcmNfcNfa: NFA got event 0x0300
09-16 18:43:21.699  5360  5457 I BrcmNfcNfa: nfa_p2p_evt_hdlr (): LLCP State [Link IDLE], Event [API_REG_SERVER]
09-16 18:43:21.699  5360  5457 I BrcmNfcNfa: nfa_p2p_reg_server ()
09-16 18:43:21.699  5360  5457 I BrcmNfcNfa: LLCP_RegisterServer (): SAP:0xff, link_type:0x2, ServiceName:<com.android.npp>
09-16 18:43:21.699  5360  5457 I BrcmNfcNfa: LLCP_RegisterServer (): Registered SAP = 0x10
09-16 18:43:21.699  5360  5457 I BrcmNfcNfa: nfa_p2p_enable_listening () sys_id = 3, update_wks = 0
09-16 18:43:21.699  5360  5457 D BrcmNfcJni: PeerToPeer::nfaServerCallback: enter; event=0x0
09-16 18:43:21.699  5360  5457 D BrcmNfcJni: PeerToPeer::nfaServerCallback: NFA_P2P_REG_SERVER_EVT; handle: 0x0510; service sap=0x10  name: com.android.npp
09-16 18:43:21.699  5360  5582 D BrcmNfcJni: P2pServer::registerWithStack: wait for listen-completion event
09-16 18:43:21.699  5360  5457 D BrcmNfcJni: PeerToPeer::nfaServerCallback: exit
09-16 18:43:21.699  5360  5582 D BrcmNfcJni: PeerToPeer::registerServer: got new p2p server h=0x510
09-16 18:43:21.699  5360  5582 D BrcmNfcJni: nfcManager_doCreateLlcpServiceSocket: socket Handle = 0x1
09-16 18:43:21.699  5360  5582 D BrcmNfcJni: nfcManager_doCreateLlcpServiceSocket: buffer length = 1024
09-16 18:43:21.699  5360  5582 D BrcmNfcJni: nfcManager_doCreateLlcpServiceSocket: MIU = 248
09-16 18:43:21.699  5360  5582 D BrcmNfcJni: nfcManager_doCreateLlcpServiceSocket:  RW = 1
09-16 18:43:21.699  5360  5582 D BrcmNfcJni: nfcManager_doCreateLlcpServiceSocket: exit
09-16 18:43:21.699  5360  5582 D NdefPushServer: created LLCP service socket
09-16 18:43:21.699  5360  5582 D NdefPushServer: about to accept
09-16 18:43:21.699  5360  5582 D BrcmNfcJni: nativeLlcpServiceSocket_doAccept: enter
09-16 18:43:21.699  5360  5582 D BrcmNfcJni: PeerToPeer::accept: enter; server jni handle: 1; conn jni handle: 2; maxInfoUnit: 248; recvWindow: 1
09-16 18:43:21.699  5360  5582 D BrcmNfcJni: P2pServer::accept: serverJniHandle: 1; connJniHandle: 2; wait for incoming connection
09-16 18:43:21.700  5360  5583 D BrcmNfcJni: nfcManager_doCreateLlcpServiceSocket: enter: sap=20; name=urn:nfc:sn:handover; miu=128; rw=1; buffLen=1024
09-16 18:43:21.700  5360  5583 D BrcmNfcJni: PeerToPeer::registerServer: enter; service name: urn:nfc:sn:handover  JNI handle: 3
09-16 18:43:21.700  5360  5583 D BrcmNfcJni: PeerToPeer::registerServer: added new p2p server  index: 1  handle: 3  name: urn:nfc:sn:handover
09-16 18:43:21.700  5360  5583 D BrcmNfcJni: P2pServer::registerWithStack: enter; service name: urn:nfc:sn:handover  JNI handle: 3
09-16 18:43:21.700  5360  5583 I BrcmNfcNfa: NFA_P2pSetLLCPConfig ():link_miu:2175, opt:0x03, wt:7, link_timeout:1000
09-16 18:43:21.700  5360  5583 I BrcmNfcNfa:                        inact_timeout(init:0, target:0), symm_delay:20, data_link_timeout:2000
09-16 18:43:21.700  5360  5583 I BrcmNfcNfa:                        delay_first_pdu_timeout:50
09-16 18:43:21.700  5360  5457 I BrcmNfcNfa: NFA got event 0x030C
09-16 18:43:21.701  5360  5457 I BrcmNfcNfa: nfa_p2p_evt_hdlr (): LLCP State [Link IDLE], Event [API_SET_LLCP_CFG_EVT]
09-16 18:43:21.701  5360  5457 I BrcmNfcNfa: LLCP_SetConfig () link_miu:2175, opt:0x03, wt:7, link_timeout:1000
09-16 18:43:21.701  5360  5457 I BrcmNfcNfa:                  inact_timeout (init:0,target:0), symm_delay:20, data_link_timeout:2000
09-16 18:43:21.701  5360  5457 I BrcmNfcNfa:                  delay_first_pdu_timeout:50
09-16 18:43:21.701  5360  5583 I BrcmNfcNfa: NFA_P2pRegisterServer (): server_sap:0xff, link_type:0x2, SN:<urn:nfc:sn:handover>
09-16 18:43:21.701  5360  5457 I BrcmNfcNfa: NFA got event 0x0300
09-16 18:43:21.701  5360  5457 I BrcmNfcNfa: nfa_p2p_evt_hdlr (): LLCP State [Link IDLE], Event [API_REG_SERVER]
09-16 18:43:21.701  5360  5457 I BrcmNfcNfa: nfa_p2p_reg_server ()
09-16 18:43:21.701  5360  5457 I BrcmNfcNfa: LLCP_RegisterServer (): SAP:0xff, link_type:0x2, ServiceName:<urn:nfc:sn:handover>
09-16 18:43:21.701  5360  5457 I BrcmNfcNfa: LLCP_RegisterServer (): Registered SAP = 0x11
09-16 18:43:21.701  5360  5457 D BrcmNfcJni: PeerToPeer::nfaServerCallback: enter; event=0x0
09-16 18:43:21.701  5360  5457 D BrcmNfcJni: PeerToPeer::nfaServerCallback: NFA_P2P_REG_SERVER_EVT; handle: 0x0511; service sap=0x11  name: urn:nfc:sn:handover
09-16 18:43:21.701  5360  5583 D BrcmNfcJni: P2pServer::registerWithStack: wait for listen-completion event
09-16 18:43:21.701  5360  5457 D BrcmNfcJni: PeerToPeer::nfaServerCallback: exit
09-16 18:43:21.701  5360  5583 D BrcmNfcJni: PeerToPeer::registerServer: got new p2p server h=0x511
09-16 18:43:21.701  5360  5583 D BrcmNfcJni: nfcManager_doCreateLlcpServiceSocket: socket Handle = 0x3
09-16 18:43:21.701  5360  5583 D BrcmNfcJni: nfcManager_doCreateLlcpServiceSocket: buffer length = 1024
09-16 18:43:21.701  5360  5583 D BrcmNfcJni: nfcManager_doCreateLlcpServiceSocket: MIU = 128
09-16 18:43:21.701  5360  5583 D BrcmNfcJni: nfcManager_doCreateLlcpServiceSocket:  RW = 1
09-16 18:43:21.701  5360  5583 D BrcmNfcJni: nfcManager_doCreateLlcpServiceSocket: exit
09-16 18:43:21.701  5360  5583 D BrcmNfcJni: nativeLlcpServiceSocket_doAccept: enter
09-16 18:43:21.701  5360  5583 D BrcmNfcJni: PeerToPeer::accept: enter; server jni handle: 3; conn jni handle: 4; maxInfoUnit: 128; recvWindow: 1
09-16 18:43:21.701  5360  5583 D BrcmNfcJni: P2pServer::accept: serverJniHandle: 3; connJniHandle: 4; wait for incoming connection
09-16 18:43:21.703  5360  5581 D BrcmNfcJni: nfcManager_doCreateLlcpServiceSocket: enter: sap=4; name=urn:nfc:sn:snep; miu=1980; rw=2; buffLen=1024
09-16 18:43:21.703  5360  5581 D BrcmNfcJni: PeerToPeer::registerServer: enter; service name: urn:nfc:sn:snep  JNI handle: 5
09-16 18:43:21.703  5360  5581 D BrcmNfcJni: PeerToPeer::registerServer: added new p2p server  index: 2  handle: 5  name: urn:nfc:sn:snep
09-16 18:43:21.703  5360  5581 D BrcmNfcJni: P2pServer::registerWithStack: enter; service name: urn:nfc:sn:snep  JNI handle: 5
09-16 18:43:21.703  5360  5581 I BrcmNfcNfa: NFA_P2pSetLLCPConfig ():link_miu:2175, opt:0x03, wt:7, link_timeout:1000
09-16 18:43:21.703  5360  5581 I BrcmNfcNfa:                        inact_timeout(init:0, target:0), symm_delay:20, data_link_timeout:2000
09-16 18:43:21.703  5360  5581 I BrcmNfcNfa:                        delay_first_pdu_timeout:50
09-16 18:43:21.703  5360  5457 I BrcmNfcNfa: NFA got event 0x030C
09-16 18:43:21.703  5360  5457 I BrcmNfcNfa: nfa_p2p_evt_hdlr (): LLCP State [Link IDLE], Event [API_SET_LLCP_CFG_EVT]
09-16 18:43:21.703  5360  5457 I BrcmNfcNfa: LLCP_SetConfig () link_miu:2175, opt:0x03, wt:7, link_timeout:1000
09-16 18:43:21.703  5360  5457 I BrcmNfcNfa:                  inact_timeout (init:0,target:0), symm_delay:20, data_link_timeout:2000
09-16 18:43:21.703  5360  5457 I BrcmNfcNfa:                  delay_first_pdu_timeout:50
09-16 18:43:21.703  5360  5581 I BrcmNfcNfa: NFA_P2pRegisterServer (): server_sap:0x04, link_type:0x2, SN:<urn:nfc:sn:snep>
09-16 18:43:21.703  5360  5457 I BrcmNfcNfa: NFA got event 0x0300
09-16 18:43:21.703  5360  5457 I BrcmNfcNfa: nfa_p2p_evt_hdlr (): LLCP State [Link IDLE], Event [API_REG_SERVER]
09-16 18:43:21.704  5360  5457 I BrcmNfcNfa: nfa_p2p_reg_server ()
09-16 18:43:21.704  5360  5457 I BrcmNfcNfa: LLCP_RegisterServer (): SAP:0x4, link_type:0x2, ServiceName:<urn:nfc:sn:snep>
09-16 18:43:21.704  5360  5457 I BrcmNfcNfa: LLCP_RegisterServer (): Registered SAP = 0x04
09-16 18:43:21.704  5360  5457 I BrcmNfcNfa: nfa_p2p_enable_listening () sys_id = 3, update_wks = 1
09-16 18:43:21.704  5360  5457 D BrcmNfcJni: PeerToPeer::nfaServerCallback: enter; event=0x0
09-16 18:43:21.704  5360  5457 D BrcmNfcJni: PeerToPeer::nfaServerCallback: NFA_P2P_REG_SERVER_EVT; handle: 0x0504; service sap=0x04  name: urn:nfc:sn:snep
09-16 18:43:21.704  5360  5581 D BrcmNfcJni: P2pServer::registerWithStack: wait for listen-completion event
09-16 18:43:21.704  5360  5457 D BrcmNfcJni: PeerToPeer::nfaServerCallback: exit
09-16 18:43:21.704  5360  5581 D BrcmNfcJni: PeerToPeer::registerServer: got new p2p server h=0x504
09-16 18:43:21.704  5360  5581 D BrcmNfcJni: nfcManager_doCreateLlcpServiceSocket: socket Handle = 0x5
09-16 18:43:21.704  5360  5581 D BrcmNfcJni: nfcManager_doCreateLlcpServiceSocket: buffer length = 1024
09-16 18:43:21.704  5360  5581 D BrcmNfcJni: nfcManager_doCreateLlcpServiceSocket: MIU = 1980
09-16 18:43:21.704  5360  5581 D BrcmNfcJni: nfcManager_doCreateLlcpServiceSocket:  RW = 2
09-16 18:43:21.704  5360  5581 D BrcmNfcJni: nfcManager_doCreateLlcpServiceSocket: exit
09-16 18:43:21.704  5360  5581 D BrcmNfcJni: nativeLlcpServiceSocket_doAccept: enter
09-16 18:43:21.704  5360  5581 D BrcmNfcJni: PeerToPeer::accept: enter; server jni handle: 5; conn jni handle: 6; maxInfoUnit: 1980; recvWindow: 2
09-16 18:43:21.704  5360  5581 D BrcmNfcJni: P2pServer::accept: serverJniHandle: 5; connJniHandle: 6; wait for incoming connection
09-16 18:43:21.707  5545  5545 I ContactsProvide: type=1400 audit(0.0:240): avc: denied { write } for name="databases" dev="sda24" ino=2015533 scontext=u:r:priv_app:s0:c512,c768 tcontext=u:object_r:system_data_file:s0:c512,c768 tclass=dir permissive=1
09-16 18:43:21.707  5545  5545 I ContactsProvide: type=1400 audit(0.0:240): avc: denied { add_name } for name="profile.db" scontext=u:r:priv_app:s0:c512,c768 tcontext=u:object_r:system_data_file:s0:c512,c768 tclass=dir permissive=1
09-16 18:43:21.707  5545  5545 W ContactsProvide: type=1300 audit(0.0:240): arch=c00000b7 syscall=56 success=yes exit=47 a0=ffffff9c a1=7fa7d47ec0 a2=a0042 a3=180 items=0 ppid=3181 auid=4294967295 uid=10003 gid=10003 euid=10003 suid=10003 fsuid=10003 egid=10003 sgid=10003 fsgid=10003 tty=(none) ses=4294967295 exe="/system/bin/app_process64" subj=u:r:priv_app:s0:c512,c768 key=(null)
09-16 18:43:21.707  3086  3086 W auditd  : type=1327 audit(0.0:240): proctitle="android.process.acore"
09-16 18:43:21.707  3086  3086 W auditd  : type=1320 audit(0.0:240): 
09-16 18:43:21.708  5526  5547 I CallLogDatabaseHelper: Source tables don't exist.
09-16 18:43:21.728  5360  5585 E WVMExtractor: Failed to open libwvm.so: dlopen failed: library "libwvm.so" not found
09-16 18:43:21.730  5360  5452 W Settings: Setting device_provisioned has moved from android.provider.Settings.Secure to android.provider.Settings.Global.
09-16 18:43:21.733  5566  5566 W System  : ClassLoader referenced unknown path: /system/priv-app/CalendarProvider/lib/arm64
09-16 18:43:21.734  5360  5452 D BrcmNfcJni: nfcManager_enableDiscovery: enter; tech_mask = ef
09-16 18:43:21.734  5360  5452 D BrcmNfcJni: PowerSwitch::setLevel: level=PS-FULL (1)
09-16 18:43:21.734  5360  5452 D BrcmNfcJni: stopPolling_rfDiscoveryDisabled: disable polling
09-16 18:43:21.734  5360  5452 I BrcmNfcNfa: NFA_DisablePolling ()
09-16 18:43:21.734  5360  5457 I BrcmNfcNfa: NFA got event 0x0107
09-16 18:43:21.734  5360  5457 I BrcmNfcNfa: nfa_dm_evt_hdlr event: NFA_DM_API_DISABLE_POLLING_EVT (0x07)
09-16 18:43:21.734  5360  5457 I BrcmNfcNfa: nfa_dm_act_disable_polling ()
09-16 18:43:21.734  5360  5457 D BrcmNfcJni: nfaConnectionCallback: event= 1
09-16 18:43:21.734  5360  5457 D BrcmNfcJni: nfaConnectionCallback: NFA_POLL_DISABLED_EVT: status = 3
09-16 18:43:21.734  5360  5452 I BrcmNfcNfa: NFA_GetConfig (): num_ids: 1
09-16 18:43:21.734  5360  5457 I BrcmNfcNfa: NFA got event 0x0103
09-16 18:43:21.734  5360  5457 I BrcmNfcNfa: nfa_dm_evt_hdlr event: NFA_DM_API_GET_CONFIG_EVT (0x03)
09-16 18:43:21.734  5360  5457 D NfcAdaptation: NfcAdaptation::HalWrite
09-16 18:43:21.734  5360  5457 I SecHAL  : nfc_hal_write: enter;
09-16 18:43:21.734  5360  5457 I SecHAL  : nfc_hal_write: exit;
09-16 18:43:21.734  5360  5483 D SecHAL  : nfc_hal_task: Got a event: HAL_EVT_WRITE(3)
09-16 18:43:21.734  5360  5483 D SecHAL  : nfc_hal_task: current state: SERVICE
09-16 18:43:21.734  5360  5483 I SecHAL  : OSI_timer_start: enter,osi_lock
09-16 18:43:21.734  5360  5483 I SecHAL  : OSI_timer_start: before osi_unlock
09-16 18:43:21.734  5360  5483 I SecHAL  : OSI_timer_start: exit
09-16 18:43:21.734  5360  5483 I SecHAL  : device_write: enter
09-16 18:43:21.734  5360  5483 I SecHAL  : device_write: before system call
09-16 18:43:21.735  5360  5483 I SecHAL  : device_write: after system call
09-16 18:43:21.735  5360  5483 D SecHAL  : data_trace:  Send(  5) 20 03 02   01 b9 
09-16 18:43:21.735  5360  5483 I SecHAL  : device_write: exit
09-16 18:43:21.735  5360  5482 D SecHAL  : read_thread: Sent message to HAL message task, remind que: 2
09-16 18:43:21.735  5360  5483 D SecHAL  : nfc_hal_task: Got a event: HAL_EVT_READ(4)
09-16 18:43:21.735  5360  5483 D SecHAL  : nfc_hal_task: current state: SERVICE
09-16 18:43:21.739  5360  5483 D SecHAL  : data_trace:  Recv(  7) 40 03 04   09 01 b9 00 
09-16 18:43:21.739  5360  5483 I SecHAL  : OSI_timer_start: enter,osi_lock
09-16 18:43:21.739  5360  5483 I SecHAL  : OSI_timer_start: before osi_unlock
09-16 18:43:21.739  5360  5483 I SecHAL  : OSI_timer_start: exit
09-16 18:43:21.739  5360  5483 I SecHAL  : nfc_data_callback: !
09-16 18:43:21.739  5360  5483 D NfcAdaptation: NfcAdaptation::HalDeviceContextDataCallback: len=7
09-16 18:43:21.739  5360  5457 I BrcmNfcNfa: NFC received rsp gid:0
09-16 18:43:21.739  5360  5457 I BrcmNfcNfa: nci_proc_core_rsp opcode:0x3
09-16 18:43:21.739  5360  5457 I BrcmNfcNfa: nfa_dm_nfc_response_cback () NFC_GET_CONFIG_REVT(0x5003)
09-16 18:43:21.739  5360  5457 D BrcmNfcJni: nfaDeviceManagementCallback: enter; event=0x3
09-16 18:43:21.739  5360  5457 D BrcmNfcJni: nfaDeviceManagementCallback: NFA_DM_GET_CONFIG_EVT
09-16 18:43:21.739  5360  5457 E BrcmNfcJni: nfaDeviceManagementCallback: NFA_DM_GET_CONFIG failed
09-16 18:43:21.739  5360  5452 E BrcmNfcJni: enableDisableLptd: Config TLV length 0 returned is too short
09-16 18:43:21.739  5360  5452 D BrcmNfcJni: startPolling_rfDiscoveryDisabled: enable polling
09-16 18:43:21.739  5360  5452 I BrcmNfcNfa: NFA_EnablePolling () 0xEF
09-16 18:43:21.739  5360  5452 D BrcmNfcJni: startPolling_rfDiscoveryDisabled: wait for enable event
09-16 18:43:21.739  5360  5457 I BrcmNfcNfa: NFA got event 0x0106
09-16 18:43:21.739  5360  5457 I BrcmNfcNfa: nfa_dm_evt_hdlr event: NFA_DM_API_ENABLE_POLLING_EVT (0x06)
09-16 18:43:21.739  5360  5457 I BrcmNfcNfa: nfa_dm_act_enable_polling ()
09-16 18:43:21.739  5360  5457 I BrcmNfcNfa: nfa_dm_start_polling ()
09-16 18:43:21.739  5360  5457 I BrcmNfcNfa: nfa_dm_add_rf_discover () disc_mask=0x3d7f
09-16 18:43:21.739  5360  5457 D BrcmNfcJni: nfaConnectionCallback: event= 0
09-16 18:43:21.739  5360  5457 D BrcmNfcJni: nfaConnectionCallback: NFA_POLL_ENABLED_EVT: status = 0
09-16 18:43:21.739  5360  5452 D BrcmNfcJni: nfcManager_enableDiscovery: Enable p2pListening
09-16 18:43:21.739  5360  5452 D BrcmNfcJni: PeerToPeer::enableP2pListening: enter isEnable: 1  mIsP2pListening: 0
09-16 18:43:21.739  5360  5452 I BrcmNfcNfa: NFA_P2pSetListenTech (): tech_mask:0xC4
09-16 18:43:21.740  5360  5457 I BrcmNfcNfa: NFA got event 0x010D
09-16 18:43:21.740  5360  5457 I BrcmNfcNfa: nfa_dm_evt_hdlr event: NFA_DM_API_SET_P2P_LISTEN_TECH_EVT (0x0d)
09-16 18:43:21.740  5360  5457 I BrcmNfcNfa: nfa_dm_set_p2p_listen_tech ()  tech_mask = 196
09-16 18:43:21.740  5360  5457 I BrcmNfcNfa: nfa_p2p_update_listen_tech ()  tech_mask = 0xc4
09-16 18:43:21.740  5360  5457 I BrcmNfcNfa: nfa_p2p_enable_listening () sys_id = 3, update_wks = 0
09-16 18:43:21.740  5360  5457 I BrcmNfcNfa: nfa_dm_add_rf_discover () disc_mask=0xc400000
09-16 18:43:21.740  5360  5457 D BrcmNfcJni: nfaConnectionCallback: event= 33
09-16 18:43:21.740  5360  5457 D BrcmNfcJni: nfaConnectionCallback: NFA_SET_P2P_LISTEN_TECH_EVT
09-16 18:43:21.740  5360  5452 D BrcmNfcJni: PeerToPeer::enableP2pListening: exit; mIsP2pListening: 1
09-16 18:43:21.740  5360  5452 I BrcmNfcNfa: NFA_ResumeP2p ()
09-16 18:43:21.740  5360  5452 I BrcmNfcNfa: NFA_EeSetDefaultTechRouting(): handle:<0x3>technology_mask:<0x1>/<0x0>/<0x0>
09-16 18:43:21.740  5360  5452 I BrcmNfcNfa: nfa_ee_find_ecb ()
09-16 18:43:21.740  5360  5452 E BrcmNfcNfa: Bad ee_handle
09-16 18:43:21.740  5360  5452 E BrcmNfcJni: Fail to set default tech routing for Nfc-A
09-16 18:43:21.740  5360  5452 I BrcmNfcNfa: NFA_EeSetDefaultProtoRouting(): handle:<0x3>protocol_mask:<0x8>/<0x0>/<0x0>
09-16 18:43:21.740  5360  5452 I BrcmNfcNfa: nfa_ee_find_ecb ()
09-16 18:43:21.740  5360  5452 E BrcmNfcNfa: Bad ee_handle
09-16 18:43:21.740  5360  5452 E BrcmNfcJni: Fail to set default proto routing for IsoDep
09-16 18:43:21.740  5360  5452 I BrcmNfcNfa: NFA_EeSetDefaultTechRouting(): handle:<0x0>technology_mask:<0x4>/<0x0>/<0x0>
09-16 18:43:21.740  5360  5452 I BrcmNfcNfa: nfa_ee_find_ecb ()
09-16 18:43:21.741  5360  5457 I BrcmNfcNfa: NFA got event 0x010B
09-16 18:43:21.741  5360  5457 I BrcmNfcNfa: nfa_dm_evt_hdlr event: NFA_DM_API_RESUME_P2P_EVT (0x0b)
09-16 18:43:21.741  5360  5457 I BrcmNfcNfa: nfa_dm_act_resume_p2p ()
09-16 18:43:21.741  5360  5457 D BrcmNfcJni: nfaConnectionCallback: event= 39
09-16 18:43:21.741  5360  5457 E BrcmNfcJni: nfaConnectionCallback: unknown event ????
09-16 18:43:21.741  5360  5457 I BrcmNfcNfa: NFA got event 0x0204
09-16 18:43:21.741  5360  5457 I BrcmNfcNfa: nfa_ee_evt_hdlr (): Event API_SET_TECH_CFG(0x204), State: INIT_DONE(1)
09-16 18:43:21.741  5360  5457 I BrcmNfcNfa: nfa_ee_update_route_size nfcee_id:0x0 size_mask:5
09-16 18:43:21.741  5360  5457 I BrcmNfcNfa: nfa_ee_total_lmrt_size size:5
09-16 18:43:21.741  5360  5457 I BrcmNfcNfa: nfa_dm_is_active () flags:0x5
09-16 18:43:21.741  5360  5457 I BrcmNfcNfa: nfa_sys_ptim_start_timer a7f09b80
09-16 18:43:21.741  5360  5457 I BrcmNfcNfa: ptim timer start
09-16 18:43:21.741  5360  5457 D BrcmNfcJni: RoutingManager::nfaEeCallback: NFA_EE_SET_TECH_CFG_EVT; status=0x0
09-16 18:43:21.741  5360  5452 I BrcmNfcNfa: NFA_EeSetDefaultProtoRouting(): handle:<0x0>protocol_mask:<0x4>/<0x0>/<0x0>
09-16 18:43:21.741  5360  5452 I BrcmNfcNfa: nfa_ee_find_ecb ()
09-16 18:43:21.741  5360  5457 I BrcmNfcNfa: NFA got event 0x0205
09-16 18:43:21.741  5360  5457 I BrcmNfcNfa: nfa_ee_evt_hdlr (): Event API_SET_PROTO_CFG(0x205), State: INIT_DONE(1)
09-16 18:43:21.741  5360  5457 I BrcmNfcNfa: nfa_ee_update_route_size nfcee_id:0x0 size_mask:10
09-16 18:43:21.741  5360  5457 I BrcmNfcNfa: nfa_ee_total_lmrt_size size:10
09-16 18:43:21.741  5360  5457 I BrcmNfcNfa: nfa_dm_is_active () flags:0x5
09-16 18:43:21.742  5360  5457 I BrcmNfcNfa: nfa_sys_ptim_start_timer a7f09b80
09-16 18:43:21.742  5360  5457 D BrcmNfcJni: RoutingManager::nfaEeCallback: NFA_EE_SET_PROTO_CFG_EVT; status=0x0
09-16 18:43:21.742  5360  5452 D BrcmNfcJni: RoutingManager::commitRouting
09-16 18:43:21.742  5360  5452 I BrcmNfcNfa: NFA_EeUpdateNow()
09-16 18:43:21.742  5360  5457 I BrcmNfcNfa: NFA got event 0x0209
09-16 18:43:21.742  5360  5457 I BrcmNfcNfa: nfa_ee_evt_hdlr (): Event API_UPDATE_NOW(0x209), State: INIT_DONE(1)
09-16 18:43:21.742  5360  5457 I BrcmNfcNfa: nfa_sys_ptim_stop_timer a7f09b80
09-16 18:43:21.742  5360  5457 I BrcmNfcNfa: ptim timer stop
09-16 18:43:21.742  5360  5457 I BrcmNfcNfa: nfa_ee_rout_timeout()
09-16 18:43:21.742  5360  5457 I BrcmNfcNfa: nfa_ee_need_recfg() ee_cfged: 0x90 ee_cfg_sts: 0x00
09-16 18:43:21.742  5360  5457 I BrcmNfcNfa: 0: ecb_flags  : 0x06, mask: 0x10
09-16 18:43:21.742  5360  5457 I BrcmNfcNfa: nfa_ee_update_rout ee_cfg_sts:0x00
09-16 18:43:21.742  5360  5457 I BrcmNfcNfa: nfa_ee_evt_hdlr (): Event CFG_TO_NFCC(0x217), State: INIT_DONE(1)
09-16 18:43:21.742  5360  5457 I BrcmNfcNfa: last_active: 0x1
09-16 18:43:21.742  5360  5457 I BrcmNfcNfa: nfa_ee_route_add_one_ecb max_len:1070, max_tlv:253, cur_offset:0, more:1, num_tlv:0
09-16 18:43:21.742  5360  5457 I BrcmNfcNfa: nfa_ee_total_lmrt_size size:10
09-16 18:43:21.742  5360  5457 I BrcmNfcNfa: ee_cfg_sts:0x01 lmrt_size:10
09-16 18:43:21.742  5360  5457 I BrcmNfcNfa: nfcee_id:0x1, last_active: 0x1
09-16 18:43:21.742  5360  5457 I BrcmNfcNfa: nfa_ee_route_add_one_ecb max_len:1070, max_tlv:253, cur_offset:15, more:0, num_tlv:3
09-16 18:43:21.742  5360  5457 I BrcmNfcNfa: nfa_ee_total_lmrt_size size:10
09-16 18:43:21.743  5360  5457 I BrcmNfcNfa: ee_cfg_sts:0x01 lmrt_size:10
09-16 18:43:21.743  5360  5457 I BrcmNfcNfa: nfa_ee_route_add_one_ecb: set routing num_tlv:3 tlv_size:10
09-16 18:43:21.743  5360  5457 D NfcAdaptation: NfcAdaptation::HalWrite
09-16 18:43:21.743  5360  5457 I SecHAL  : nfc_hal_write: enter;
09-16 18:43:21.743  5360  5457 I SecHAL  : nfc_hal_write: exit;
09-16 18:43:21.743  5360  5457 I BrcmNfcNfa: nfa_ee_update_rout ee_cfg_sts:0x10 ee_cfged:0x10
09-16 18:43:21.743  5360  5483 D SecHAL  : nfc_hal_task: Got a event: HAL_EVT_WRITE(3)
09-16 18:43:21.743  5360  5483 D SecHAL  : nfc_hal_task: current state: SERVICE
09-16 18:43:21.743  5360  5483 I SecHAL  : OSI_timer_start: enter,osi_lock
09-16 18:43:21.743  5360  5483 I SecHAL  : OSI_timer_start: before osi_unlock
09-16 18:43:21.743  5360  5483 I SecHAL  : OSI_timer_start: exit
09-16 18:43:21.743  5360  5483 I SecHAL  : device_write: enter
09-16 18:43:21.743  5360  5483 I SecHAL  : device_write: before system call
09-16 18:43:21.744  5360  5483 I SecHAL  : device_write: after system call
09-16 18:43:21.744  5360  5483 D SecHAL  : data_trace:  Send( 20) 21 01 11   00 03 00 03 00 01 02 01 03 00 01 03 01 03 00 01 05 
09-16 18:43:21.744  5360  5483 I SecHAL  : device_write: exit
09-16 18:43:21.748  3190  4838 I MediaPlayerService: MediaPlayerService::getOMX
09-16 18:43:21.750  5360  5588 I OMXClient: MuxOMX ctor
09-16 18:43:21.752  3187  5089 I OMXMaster: makeComponentInstance(OMX.google.vorbis.decoder) in mediacodec process
09-16 18:43:21.757  5360  5482 D SecHAL  : read_thread: Sent message to HAL message task, remind que: 2
09-16 18:43:21.757  5360  5483 D SecHAL  : nfc_hal_task: Got a event: HAL_EVT_READ(4)
09-16 18:43:21.757  5360  5483 D SecHAL  : nfc_hal_task: current state: SERVICE
09-16 18:43:21.757  5360  5483 D SecHAL  : data_trace:  Recv(  4) 41 01 01   00 
09-16 18:43:21.758  5360  5483 I SecHAL  : OSI_timer_start: enter,osi_lock
09-16 18:43:21.758  5360  5483 I SecHAL  : OSI_timer_start: before osi_unlock
09-16 18:43:21.758  5360  5483 I SecHAL  : OSI_timer_start: exit
09-16 18:43:21.758  5360  5483 I SecHAL  : nfc_data_callback: !
09-16 18:43:21.758  5360  5483 D NfcAdaptation: NfcAdaptation::HalDeviceContextDataCallback: len=4
09-16 18:43:21.758  5360  5457 I BrcmNfcNfa: NFC received rsp gid:1
09-16 18:43:21.758  5360  5457 I BrcmNfcNfa: nfa_dm_nfc_response_cback () NFC_SET_ROUTING_REVT(0x500a)
09-16 18:43:21.758  5360  5457 I BrcmNfcNfa: nfa_ee_proc_evt: event=0x500a int_event:0x214
09-16 18:43:21.758  5360  5457 I BrcmNfcNfa: nfa_ee_evt_hdlr (): Event NCI_WAIT_RSP(0x214), State: INIT_DONE(1)
09-16 18:43:21.758  5360  5457 I BrcmNfcNfa: nfa_ee_nci_wait_rsp() ee_wait_evt:0x30 wait_rsp:1
09-16 18:43:21.758  5360  5457 I BrcmNfcNfa: nfa_ee_report_update_evt ee_wait_evt:0x30 wait_rsp:0
09-16 18:43:21.758  5360  5457 D BrcmNfcJni: RoutingManager::nfaEeCallback: NFA_EE_UPDATED_EVT
09-16 18:43:21.758  5360  5452 D BrcmNfcJni: startRfDiscovery: is start=1
09-16 18:43:21.758  5360  5452 I BrcmNfcNfa: NFA_StartRfDiscovery ()
09-16 18:43:21.758  5360  5457 I BrcmNfcNfa: NFA got event 0x010E
09-16 18:43:21.758  5360  5457 I BrcmNfcNfa: nfa_dm_evt_hdlr event: NFA_DM_API_START_RF_DISCOVERY_EVT (0x0e)
09-16 18:43:21.758  5360  5457 I BrcmNfcNfa: nfa_dm_act_start_rf_discovery ()
09-16 18:43:21.758  5360  5457 I BrcmNfcNfa: nfa_dm_start_rf_discover ()
09-16 18:43:21.758  5360  5457 I BrcmNfcNfa: nfa_ee_get_tech_route(): 1
09-16 18:43:21.758  5360  5457 I BrcmNfcNfa: 0x0, 0x0, 0x0, 0x0
09-16 18:43:21.758  5360  5457 I BrcmNfcNfa: nfa_dm_cb.disc_cb.entry[0].selected_disc_mask = 0x40000
09-16 18:43:21.758  5360  5457 I BrcmNfcNfa: nfa_dm_cb.disc_cb.entry[1].selected_disc_mask = 0x3d7f
09-16 18:43:21.758  5360  5457 I BrcmNfcNfa: nfa_dm_cb.disc_cb.entry[2].selected_disc_mask = 0xc400000
09-16 18:43:21.758  5360  5457 I BrcmNfcNfa: nfa_p2p_set_config ()
09-16 18:43:21.758  5360  5457 I BrcmNfcNfa: LLCP_GetDiscoveryConfig ()
09-16 18:43:21.758  5360  5457 I BrcmNfcNfa: nfa_dm_check_set_config ()
09-16 18:43:21.758  5360  5457 D NfcAdaptation: NfcAdaptation::HalWrite
09-16 18:43:21.758  5360  5457 I SecHAL  : nfc_hal_write: enter;
09-16 18:43:21.758  5360  5457 I SecHAL  : nfc_hal_write: exit;
09-16 18:43:21.758  5360  5457 I BrcmNfcNfa: nfa_dm_check_set_config ()
09-16 18:43:21.758  5360  5457 I BrcmNfcNfa: nfa_dm_check_set_config ()
09-16 18:43:21.758  5360  5457 I BrcmNfcNfa: dm_disc_mask = 0xc443d7f
09-16 18:43:21.758  5360  5457 I BrcmNfcNfa: nfa_dm_set_rf_listen_mode_config () tech_proto_mask = 0x0C443D7F
09-16 18:43:21.758  5360  5457 I BrcmNfcNfa: nfa_dm_check_set_config ()
09-16 18:43:21.758  5360  5457 I BrcmNfcNfa: nfa_dm_set_total_duration ()
09-16 18:43:21.758  5360  5457 I BrcmNfcNfa: nfa_dm_check_set_config ()
09-16 18:43:21.759  5360  5457 I BrcmNfcNfa: NFC_DiscoveryStart
09-16 18:43:21.759  5360  5457 I BrcmNfcNfa: NFC_DiscoveryStart status: 0xe3
09-16 18:43:21.759  5360  5483 D SecHAL  : nfc_hal_task: Got a event: HAL_EVT_WRITE(3)
09-16 18:43:21.759  5360  5483 D SecHAL  : nfc_hal_task: current state: SERVICE
09-16 18:43:21.759  5360  5483 I SecHAL  : OSI_timer_start: enter,osi_lock
09-16 18:43:21.759  5360  5483 I SecHAL  : OSI_timer_start: before osi_unlock
09-16 18:43:21.759  5360  5483 I SecHAL  : OSI_timer_start: exit
09-16 18:43:21.759  5360  5483 I SecHAL  : device_write: enter
09-16 18:43:21.759  5360  5483 I SecHAL  : device_write: before system call
09-16 18:43:21.760  5360  5483 I SecHAL  : device_write: after system call
09-16 18:43:21.760  5360  5483 D SecHAL  : data_trace:  Send( 26) 20 02 17   01 29 14 46 66 6d 01 01 12 02 02 07 ff 03 02 00 13 04 01 64 07 01 03 
09-16 18:43:21.760  5360  5483 I SecHAL  : device_write: exit
09-16 18:43:21.760  5360  5482 D SecHAL  : read_thread: Sent message to HAL message task, remind que: 2
09-16 18:43:21.760  5360  5483 D SecHAL  : nfc_hal_task: Got a event: HAL_EVT_READ(4)
09-16 18:43:21.760  5360  5483 D SecHAL  : nfc_hal_task: current state: SERVICE
09-16 18:43:21.760  5360  5483 D SecHAL  : data_trace:  Recv(  5) 40 02 02   00 00 
09-16 18:43:21.760  5360  5483 I SecHAL  : OSI_timer_start: enter,osi_lock
09-16 18:43:21.760  5360  5483 I SecHAL  : OSI_timer_start: before osi_unlock
09-16 18:43:21.760  5360  5483 I SecHAL  : OSI_timer_start: exit
09-16 18:43:21.760  5360  5483 I SecHAL  : nfc_data_callback: !
09-16 18:43:21.760  5360  5483 D NfcAdaptation: NfcAdaptation::HalDeviceContextDataCallback: len=5
09-16 18:43:21.761  5360  5457 I BrcmNfcNfa: NFC received rsp gid:0
09-16 18:43:21.761  5360  5457 I BrcmNfcNfa: nci_proc_core_rsp opcode:0x2
09-16 18:43:21.761  5360  5457 I BrcmNfcNfa: nfa_dm_nfc_response_cback () NFC_SET_CONFIG_REVT(0x5002)
09-16 18:43:21.761  5360  5457 D NfcAdaptation: NfcAdaptation::HalWrite
09-16 18:43:21.761  5360  5457 I SecHAL  : nfc_hal_write: enter;
09-16 18:43:21.761  5360  5457 I SecHAL  : nfc_hal_write: exit;
09-16 18:43:21.761  5360  5483 D SecHAL  : nfc_hal_task: Got a event: HAL_EVT_WRITE(3)
09-16 18:43:21.761  5360  5483 D SecHAL  : nfc_hal_task: current state: SERVICE
09-16 18:43:21.761  5360  5483 I SecHAL  : OSI_timer_start: enter,osi_lock
09-16 18:43:21.761  5360  5483 I SecHAL  : OSI_timer_start: before osi_unlock
09-16 18:43:21.761  5360  5483 I SecHAL  : OSI_timer_start: exit
09-16 18:43:21.761  5360  5483 I SecHAL  : device_write: enter
09-16 18:43:21.761  5360  5483 I SecHAL  : device_write: before system call
09-16 18:43:21.762  5360  5483 I SecHAL  : device_write: after system call
09-16 18:43:21.762  5360  5483 D SecHAL  : data_trace:  Send( 29) 20 02 1a   02 61 14 46 66 6d 01 01 12 02 02 07 ff 03 02 00 13 04 01 64 07 01 03 60 01 07 
09-16 18:43:21.762  5360  5483 I SecHAL  : device_write: exit
09-16 18:43:21.762  5360  5482 D SecHAL  : read_thread: Sent message to HAL message task, remind que: 2
09-16 18:43:21.762  5360  5483 D SecHAL  : nfc_hal_task: Got a event: HAL_EVT_READ(4)
09-16 18:43:21.762  5360  5483 D SecHAL  : nfc_hal_task: current state: SERVICE
09-16 18:43:21.763  5360  5483 D SecHAL  : data_trace:  Recv(  5) 40 02 02   00 00 
09-16 18:43:21.763  5360  5483 I SecHAL  : OSI_timer_start: enter,osi_lock
09-16 18:43:21.763  5360  5483 I SecHAL  : OSI_timer_start: before osi_unlock
09-16 18:43:21.763  5360  5483 I SecHAL  : OSI_timer_start: exit
09-16 18:43:21.763  5360  5483 I SecHAL  : nfc_data_callback: !
09-16 18:43:21.763  5360  5483 D NfcAdaptation: NfcAdaptation::HalDeviceContextDataCallback: len=5
09-16 18:43:21.763  5360  5457 I BrcmNfcNfa: NFC received rsp gid:0
09-16 18:43:21.763  5360  5457 I BrcmNfcNfa: nci_proc_core_rsp opcode:0x2
09-16 18:43:21.763  5360  5457 I BrcmNfcNfa: nfa_dm_nfc_response_cback () NFC_SET_CONFIG_REVT(0x5002)
09-16 18:43:21.763  5360  5457 D NfcAdaptation: NfcAdaptation::HalWrite
09-16 18:43:21.763  5360  5457 I SecHAL  : nfc_hal_write: enter;
09-16 18:43:21.763  5360  5457 I SecHAL  : nfc_hal_write: exit;
09-16 18:43:21.763  5360  5483 D SecHAL  : nfc_hal_task: Got a event: HAL_EVT_WRITE(3)
09-16 18:43:21.763  5360  5483 D SecHAL  : nfc_hal_task: current state: SERVICE
09-16 18:43:21.763  5360  5483 I SecHAL  : OSI_timer_start: enter,osi_lock
09-16 18:43:21.763  5360  5483 I SecHAL  : OSI_timer_start: before osi_unlock
09-16 18:43:21.763  5360  5483 I SecHAL  : OSI_timer_start: exit
09-16 18:43:21.763  5360  5483 I SecHAL  : device_write: enter
09-16 18:43:21.763  5360  5483 I SecHAL  : device_write: before system call
09-16 18:43:21.764  5360  5483 I SecHAL  : device_write: after system call
09-16 18:43:21.764  5360  5483 D SecHAL  : data_trace:  Send( 19) 20 02 10   05 30 01 04 31 01 00 32 01 20 38 01 00 50 01 02 
09-16 18:43:21.764  5360  5483 I SecHAL  : device_write: exit
09-16 18:43:21.764  5360  5482 D SecHAL  : read_thread: Sent message to HAL message task, remind que: 2
09-16 18:43:21.764  5360  5483 D SecHAL  : nfc_hal_task: Got a event: HAL_EVT_READ(4)
09-16 18:43:21.764  5360  5483 D SecHAL  : nfc_hal_task: current state: SERVICE
09-16 18:43:21.764  5360  5483 D SecHAL  : data_trace:  Recv(  5) 40 02 02   00 00 
09-16 18:43:21.764  5360  5483 I SecHAL  : OSI_timer_start: enter,osi_lock
09-16 18:43:21.765  5360  5483 I SecHAL  : OSI_timer_start: before osi_unlock
09-16 18:43:21.765  5360  5483 I SecHAL  : OSI_timer_start: exit
09-16 18:43:21.765  5360  5483 I SecHAL  : nfc_data_callback: !
09-16 18:43:21.765  5360  5483 D NfcAdaptation: NfcAdaptation::HalDeviceContextDataCallback: len=5
09-16 18:43:21.765  5360  5457 I BrcmNfcNfa: NFC received rsp gid:0
09-16 18:43:21.765  5360  5457 I BrcmNfcNfa: nci_proc_core_rsp opcode:0x2
09-16 18:43:21.765  5360  5457 I BrcmNfcNfa: nfa_dm_nfc_response_cback () NFC_SET_CONFIG_REVT(0x5002)
09-16 18:43:21.765  5360  5457 D NfcAdaptation: NfcAdaptation::HalWrite
09-16 18:43:21.765  5360  5457 I SecHAL  : nfc_hal_write: enter;
09-16 18:43:21.765  5360  5457 I SecHAL  : nfc_hal_write: exit;
09-16 18:43:21.766  5360  5483 D SecHAL  : nfc_hal_task: Got a event: HAL_EVT_WRITE(3)
09-16 18:43:21.766  5360  5483 D SecHAL  : nfc_hal_task: current state: SERVICE
09-16 18:43:21.766  5360  5483 I SecHAL  : OSI_timer_start: enter,osi_lock
09-16 18:43:21.766  5360  5483 I SecHAL  : OSI_timer_start: before osi_unlock
09-16 18:43:21.766  5360  5483 I SecHAL  : OSI_timer_start: exit
09-16 18:43:21.766  5360  5483 I SecHAL  : device_write: enter
09-16 18:43:21.766  5360  5483 I SecHAL  : device_write: before system call
09-16 18:43:21.766  5360  5483 I SecHAL  : device_write: after system call
09-16 18:43:21.766  5360  5483 D SecHAL  : data_trace:  Send(  8) 20 02 05   01 00 02 f4 01 
09-16 18:43:21.766  5360  5483 I SecHAL  : device_write: exit
09-16 18:43:21.766  5360  5482 D SecHAL  : read_thread: Sent message to HAL message task, remind que: 2
09-16 18:43:21.767  5360  5483 D SecHAL  : nfc_hal_task: Got a event: HAL_EVT_READ(4)
09-16 18:43:21.767  5360  5483 D SecHAL  : nfc_hal_task: current state: SERVICE
09-16 18:43:21.767  5360  5483 D SecHAL  : data_trace:  Recv(  5) 40 02 02   00 00 
09-16 18:43:21.767  5360  5483 I SecHAL  : OSI_timer_start: enter,osi_lock
09-16 18:43:21.767  5360  5483 I SecHAL  : OSI_timer_start: before osi_unlock
09-16 18:43:21.767  5360  5483 I SecHAL  : OSI_timer_start: exit
09-16 18:43:21.767  5360  5483 I SecHAL  : nfc_data_callback: !
09-16 18:43:21.767  5360  5483 D NfcAdaptation: NfcAdaptation::HalDeviceContextDataCallback: len=5
09-16 18:43:21.767  5360  5457 I BrcmNfcNfa: NFC received rsp gid:0
09-16 18:43:21.767  5360  5457 I BrcmNfcNfa: nci_proc_core_rsp opcode:0x2
09-16 18:43:21.767  5360  5457 I BrcmNfcNfa: nfa_dm_nfc_response_cback () NFC_SET_CONFIG_REVT(0x5002)
09-16 18:43:21.767  5360  5457 D NfcAdaptation: NfcAdaptation::HalPrediscover
09-16 18:43:21.767  5360  5457 I SecHAL  : nfc_hal_pre_discover: enter;
09-16 18:43:21.767  5360  5457 I SecHAL  : nfc_hal_pre_discover: exit;
09-16 18:43:21.767  5360  5457 D NfcAdaptation: NfcAdaptation::HalWrite
09-16 18:43:21.767  5360  5457 I SecHAL  : nfc_hal_write: enter;
09-16 18:43:21.767  5360  5457 I SecHAL  : nfc_hal_write: exit;
09-16 18:43:21.768  5360  5483 D SecHAL  : nfc_hal_task: Got a event: Uknown event.(2)
09-16 18:43:21.768  5360  5483 D SecHAL  : nfc_hal_task: current state: SERVICE
09-16 18:43:21.768  5360  5483 D SecHAL  : nfc_hal_task: Got a event: HAL_EVT_WRITE(3)
09-16 18:43:21.768  5360  5483 D SecHAL  : nfc_hal_task: current state: SERVICE
09-16 18:43:21.768  5360  5483 I SecHAL  : OSI_timer_start: enter,osi_lock
09-16 18:43:21.768  5360  5483 I SecHAL  : OSI_timer_start: before osi_unlock
09-16 18:43:21.768  5360  5483 I SecHAL  : OSI_timer_start: exit
09-16 18:43:21.768  5360  5483 I SecHAL  : device_write: enter
09-16 18:43:21.768  5360  5483 I SecHAL  : device_write: before system call
09-16 18:43:21.769  5360  5483 I SecHAL  : device_write: after system call
09-16 18:43:21.769  5360  5483 D SecHAL  : data_trace:  Send( 26) 21 03 17   0b 00 01 01 01 02 01 03 01 05 01 80 01 82 01 83 01 85 01 06 01 77 01 
09-16 18:43:21.769  5360  5483 I SecHAL  : device_write: exit
09-16 18:43:21.775  5591  5591 I pool-1-thread-1: type=1400 audit(0.0:241): avc: denied { write } for name="shared_prefs" dev="sda24" ino=2015521 scontext=u:r:nfc:s0 tcontext=u:object_r:system_data_file:s0 tclass=dir permissive=1
09-16 18:43:21.775  5591  5591 I pool-1-thread-1: type=1400 audit(0.0:241): avc: denied { add_name } for name="NfcServicePrefs.xml" scontext=u:r:nfc:s0 tcontext=u:object_r:system_data_file:s0 tclass=dir permissive=1
09-16 18:43:21.775  5591  5591 I pool-1-thread-1: type=1400 audit(0.0:241): avc: denied { create } for name="NfcServicePrefs.xml" scontext=u:r:nfc:s0 tcontext=u:object_r:system_data_file:s0 tclass=file permissive=1
09-16 18:43:21.775  5591  5591 I pool-1-thread-1: type=1400 audit(0.0:241): avc: denied { write } for path="/data/data/com.android.nfc/shared_prefs/NfcServicePrefs.xml" dev="sda24" ino=2015540 scontext=u:r:nfc:s0 tcontext=u:object_r:system_data_file:s0 tclass=file permissive=1
09-16 18:43:21.775  5591  5591 W pool-1-thread-1: type=1300 audit(0.0:241): arch=c00000b7 syscall=56 success=yes exit=49 a0=ffffff9c a1=7fa7c5ea00 a2=241 a3=1b6 items=0 ppid=3181 auid=4294967295 uid=1027 gid=1027 euid=1027 suid=1027 fsuid=1027 egid=1027 sgid=1027 fsgid=1027 tty=(none) ses=4294967295 exe="/system/bin/app_process64" subj=u:r:nfc:s0 key=(null)
09-16 18:43:21.777  5360  5482 D SecHAL  : read_thread: Sent message to HAL message task, remind que: 2
09-16 18:43:21.777  5360  5483 D SecHAL  : nfc_hal_task: Got a event: HAL_EVT_READ(4)
09-16 18:43:21.777  5360  5483 D SecHAL  : nfc_hal_task: current state: SERVICE
09-16 18:43:21.777  5360  5483 D SecHAL  : data_trace:  Recv(  4) 41 03 01   00 
09-16 18:43:21.777  5360  5483 I SecHAL  : OSI_timer_start: enter,osi_lock
09-16 18:43:21.777  5360  5483 I SecHAL  : OSI_timer_start: before osi_unlock
09-16 18:43:21.777  5360  5483 I SecHAL  : OSI_timer_start: exit
09-16 18:43:21.777  5360  5483 I SecHAL  : nfc_data_callback: !
09-16 18:43:21.777  5360  5483 D NfcAdaptation: NfcAdaptation::HalDeviceContextDataCallback: len=4
09-16 18:43:21.777  5360  5457 I BrcmNfcNfa: NFC received rsp gid:1
09-16 18:43:21.778  5360  5457 I BrcmNfcNfa: p2p priority is running under bail out mode ONLY.
09-16 18:43:21.778  5360  5457 I BrcmNfcNfa: nfa_dm_disc_discovery_cback (): event:0x4000
09-16 18:43:21.778  5360  5457 I BrcmNfcNfa: nfa_dm_disc_sm_execute (): state: IDLE (0), event: DISCOVER_RSP(1) disc_flags: 0x31
09-16 18:43:21.778  5360  5457 I BrcmNfcNfa: nfa_dm_disc_new_state (): old_state: IDLE (0), new_state: DISCOVERY (1) disc_flags: 0x11
09-16 18:43:21.778  5360  5457 I BrcmNfcNfa: nfa_ce_discovery_cback(): event:0x00
09-16 18:43:21.778  5360  5457 I BrcmNfcNfa: nfa_ce_handle_disc_start (status=0x0)
09-16 18:43:21.778  5360  5457 I BrcmNfcNfa: nfa_dm_poll_disc_cback (): event:0x00
09-16 18:43:21.778  5360  5457 I BrcmNfcNfa: nfa_p2p_discovery_cback (): event:0x00
09-16 18:43:21.778  5360  5457 D BrcmNfcJni: nfaConnectionCallback: event= 30
09-16 18:43:21.778  5360  5457 D BrcmNfcJni: nfaConnectionCallback: NFA_RF_DISCOVERY_STARTED_EVT: status = 0
09-16 18:43:21.778  5360  5457 I BrcmNfcNfa: nfa_dm_disc_sm_execute (): new state: DISCOVERY (1), disc_flags: 0x1
09-16 18:43:21.778  5360  5452 D BrcmNfcJni: PowerSwitch::setModeOn(activated=0x1) : mCurrActivity=0x1
