09-12 19:38:22.021  3853  4720 W System  : ClassLoader referenced unknown path: 
09-12 19:38:22.021  3853  4720 W System  : ClassLoader referenced unknown path: /system/priv-app/CellBroadcastReceiver/lib/arm64
09-12 19:38:22.022  3853  4720 D ApplicationLoaders: ignored Vulkan layer search path /system/priv-app/CellBroadcastReceiver/lib/arm64:/system/lib64:/vendor/lib64 for namespace 0x7f998940f0
09-12 19:38:22.042  4718  4718 D lhd     : OnIpcConnect
09-12 19:38:22.042  3178  3178 D gpsd    : WakeLock(Acquire,GPSD)
09-12 19:38:22.042  3178  3178 D gpsd    : WakeLock(Release,GPSD)
09-12 19:38:22.043  3178  3178 D gpsd    : WakeLock(Acquire,GPSD)
09-12 19:38:22.043  3178  3178 D gpsd    : WakeLock(Release,GPSD)
09-12 19:38:22.129  4387  4387 I Binder:4374_2: type=1400 audit(0.0:228): avc: denied { lock } for path="/data/user_de/0/org.cyanogenmod.cmparts/databases/contributors.db" dev="sda24" ino=3121336 scontext=u:r:system_app:s0 tcontext=u:object_r:system_data_file:s0 tclass=file permissive=1
09-12 19:38:22.129  4387  4387 W Binder:4374_2: type=1300 audit(0.0:228): arch=c00000b7 syscall=25 success=yes exit=0 a0=26 a1=6 a2=7f947e9c88 a3=d items=0 ppid=3179 auid=4294967295 uid=1000 gid=1000 euid=1000 suid=1000 fsuid=1000 egid=1000 sgid=1000 fsgid=1000 tty=(none) ses=4294967295 exe="/system/bin/app_process64" subj=u:r:system_app:s0 key=(null)
09-12 19:38:22.129  3083  3083 W auditd  : type=1327 audit(0.0:228): proctitle="org.cyanogenmod.cmparts"
09-12 19:38:22.129  3083  3083 W auditd  : type=1320 audit(0.0:228): 
09-12 19:38:22.141  3853  3865 W art     : Suspending all threads took: 6.154ms
09-12 19:38:22.143  3853  3865 I art     : Background sticky concurrent mark sweep GC freed 6691(1325KB) AllocSpace objects, 2(40KB) LOS objects, 14% free, 7MB/9MB, paused 6.785ms total 38.313ms
09-12 19:38:22.155  3853  4723 D LocalBluetoothProfileManager: Adding local MAP profile
09-12 19:38:22.160  3853  4723 D BluetoothMap: Create BluetoothMap proxy object
09-12 19:38:22.166  3853  4723 D LocalBluetoothProfileManager: LocalBluetoothProfileManager construction complete
09-12 19:38:22.173  3853  3983 D mali_winsys: EGLint new_window_surface(egl_winsys_display*, void*, EGLSurface, EGLConfig, egl_winsys_surface**, egl_color_buffer_format*, EGLBoolean) returns 0x3000,  [1440x2960]-format:1
09-12 19:38:22.212  3853  4729 W TileUtils: Found com.android.systemui.tuner.TunerActivity for intent Intent { act=com.android.settings.action.EXTRA_SETTINGS } missing metadata 
09-12 19:38:22.218  3853  3858 I art     : Do partial code cache collection, code=61KB, data=54KB
09-12 19:38:22.219  3853  3858 I art     : After code cache collection, code=61KB, data=54KB
09-12 19:38:22.219  3853  3858 I art     : Increasing code cache capacity to 256KB
09-12 19:38:22.269  3853  3853 D DashboardSummary: onConditionsChanged
09-12 19:38:22.274  3560  3581 I ActivityManager: Displayed com.android.settings/.Settings: +404ms
09-12 19:38:22.301  4729  4729 I com.android.settings: type=1400 audit(0.0:229): avc: denied { write } for comm=4173796E635461736B202334 name="search_index.db" dev="sda24" ino=3121346 scontext=u:r:system_app:s0 tcontext=u:object_r:system_data_file:s0 tclass=file permissive=1
09-12 19:38:22.301  4729  4729 W com.android.settings: type=1300 audit(0.0:229): arch=c00000b7 syscall=56 success=yes exit=68 a0=ffffff9c a1=7f8e31b2c0 a2=a0042 a3=180 items=0 ppid=3179 auid=4294967295 uid=1000 gid=1000 euid=1000 suid=1000 fsuid=1000 egid=1000 sgid=1000 fsgid=1000 tty=(none) ses=4294967295 comm=4173796E635461736B202334 exe="/system/bin/app_process64" subj=u:r:system_app:s0 key=(null)
09-12 19:38:22.301  3083  3083 W auditd  : type=1327 audit(0.0:229): proctitle="com.android.settings"
09-12 19:38:22.301  3083  3083 W auditd  : type=1320 audit(0.0:229): 
09-12 19:38:22.305  4729  4729 I com.android.settings: type=1400 audit(0.0:230): avc: denied { setattr } for comm=4173796E635461736B202334 name="search_index.db" dev="sda24" ino=3121346 scontext=u:r:system_app:s0 tcontext=u:object_r:system_data_file:s0 tclass=file permissive=1
09-12 19:38:22.305  4729  4729 W com.android.settings: type=1300 audit(0.0:230): arch=c00000b7 syscall=53 success=yes exit=0 a0=ffffff9c a1=7f8e2d7800 a2=1b0 a3=0 items=0 ppid=3179 auid=4294967295 uid=1000 gid=1000 euid=1000 suid=1000 fsuid=1000 egid=1000 sgid=1000 fsgid=1000 tty=(none) ses=4294967295 comm=4173796E635461736B202334 exe="/system/bin/app_process64" subj=u:r:system_app:s0 key=(null)
09-12 19:38:22.305  3083  3083 W auditd  : type=1327 audit(0.0:230): proctitle="com.android.settings"
09-12 19:38:22.305  3083  3083 W auditd  : type=1320 audit(0.0:230): 
09-12 19:38:22.310  3853  4729 I IndexDatabaseHelper: Using schema version: 115
09-12 19:38:22.311  3853  4729 I IndexDatabaseHelper: Index is fine
09-12 19:38:22.322  3853  4729 D Index   : Locale 'es_ES' is already indexed
09-12 19:38:22.342  3853  4729 D Index   : Indexing locale 'es_ES' took 19 millis
09-12 19:38:22.342  3560  4225 I ActivityManager: Setting hasTopUi=false for pid=3695
09-12 19:38:22.344  3695  3695 D PhoneStatusBar: disable: < expand icons* alerts system_info* back home recent clock search quick_settings >
09-12 19:38:22.365  3853  4729 D Index   : Indexing locale 'es_ES' took 9 millis
09-12 19:38:22.367  3853  3858 I art     : Compiler allocated 6MB to compile void android.widget.TextView.<init>(android.content.Context, android.util.AttributeSet, int, int)
09-12 19:38:22.375  3853  3858 I art     : Do full code cache collection, code=125KB, data=116KB
09-12 19:38:22.375  3853  3858 I art     : Starting a blocking GC JitCodeCache
09-12 19:38:22.375  3853  3858 I art     : After code cache collection, code=111KB, data=76KB
09-12 19:38:22.387  3695  3972 D mali_winsys: EGLint new_window_surface(egl_winsys_display*, void*, EGLSurface, EGLConfig, egl_winsys_surface**, egl_color_buffer_format*, EGLBoolean) returns 0x3000,  [1440x84]-format:1
09-12 19:38:22.473  3560  3709 I ProcessStatsService: Added stats: 2017-09-12-19-29-58, over +7m28s338ms
09-12 19:38:22.508  3853  3858 I art     : Do partial code cache collection, code=124KB, data=106KB
09-12 19:38:22.509  3853  3858 I art     : After code cache collection, code=122KB, data=104KB
09-12 19:38:22.509  3853  3858 I art     : Increasing code cache capacity to 512KB
09-12 19:38:22.521  3853  4723 W ProcStatsManager: No process com.android.providers.calendar/10004 for service com.android.providers.calendar.EmptyService
09-12 19:38:22.521  3853  4723 W ProcStatsManager: No process com.android.providers.calendar/10004 for service com.android.providers.calendar.CalendarProviderIntentService
09-12 19:38:22.522  3853  4723 W ProcStatsManager: No process com.android.messaging/10063 for service com.android.messaging.datamodel.action.BackgroundWorkerService
09-12 19:38:22.522  3853  4723 W ProcStatsManager: No process com.android.messaging/10063 for service com.android.messaging.datamodel.action.ActionServiceImpl
09-12 19:38:22.522  3853  4723 W ProcStatsManager: No process com.android.carrierconfig/10005 for service com.android.carrierconfig.DefaultCarrierConfigService
09-12 19:38:22.522  3853  4723 W ProcStatsManager: No process com.android.printspooler/10056 for service com.android.printspooler.model.PrintSpoolerService
09-12 19:38:22.522  3853  4723 W ProcStatsManager: No process com.android.cellbroadcastreceiver/10007 for service com.android.cellbroadcastreceiver.CellBroadcastConfigService
09-12 19:38:22.522  3853  4723 W ProcStatsManager: No process com.android.onetimeinitializer/10018 for service com.android.onetimeinitializer.OneTimeInitializerService
09-12 19:38:22.523  3853  4723 W ProcStatsManager: No process com.android.keychain/1000 for service com.android.keychain.KeyChainService
09-12 19:38:22.523  3853  4723 W ProcStatsManager: No process com.android.dialer/10016 for service com.android.dialer.calllog.CallLogNotificationsService
09-12 19:38:22.523  3853  4723 W ProcStatsManager: No process com.android.exchange/10047 for service com.android.exchange.service.EasService
09-12 19:38:22.523  3853  4723 W ProcStatsManager: No process com.android.bluetooth/1002 for service com.android.bluetooth.btservice.AdapterService
09-12 19:38:22.540  3560  4233 E BatteryStatsService: no controller energy info supplied
09-12 19:38:22.714  3853  3858 I art     : Do full code cache collection, code=252KB, data=224KB
09-12 19:38:22.714  3853  3858 I art     : Starting a blocking GC JitCodeCache
09-12 19:38:22.715  3853  3858 I art     : After code cache collection, code=183KB, data=138KB
09-12 19:38:23.772  3853  3858 I art     : Do partial code cache collection, code=206KB, data=204KB
09-12 19:38:23.772  3853  3858 I art     : After code cache collection, code=197KB, data=197KB
09-12 19:38:23.772  3853  3858 I art     : Increasing code cache capacity to 1024KB
09-12 19:38:23.772  3853  3858 I art     : Compiler allocated 6MB to compile void android.widget.TextView.<init>(android.content.Context, android.util.AttributeSet, int, int)
09-12 19:38:25.015  3181  3382 V audio_hw_primary_abox: fast_out-out_standby: enter
09-12 19:38:25.015  3181  3382 I audio_hw_primary_abox: fast_out-out_standby: Transit to Idle
09-12 19:38:25.023  3181  3382 I audio_hw_primary_abox: fast_out-do_close_output_stream: Closed PCM Device
09-12 19:38:25.023  3181  3382 D audio_hw_primary_abox: fast_out-set_audio_route: [PLAYBACK] current-device(speaker) new-device(speaker) in cur-mode(normal) & new-mode(normal)!
09-12 19:38:25.039  3181  3382 I audio_hw_primary_abox: USAGE_SPKAMP-do_close_spkamp_stream: Closed PCM Device is /dev/snd/pcmC0D7p
09-12 19:38:25.041  3181  3382 I audio_hw_primary_abox: USAGE_SPKAMP-do_close_spkamp_stream: Closed PCM Device is /dev/snd/pcmC0D11c
09-12 19:38:25.043  3181  3382 I audio_hw_primary_abox: USAGE_SPKAMP-do_close_spkamp_stream: Closed PCM Device is /dev/snd/pcmC0D12c
09-12 19:38:25.043  3181  3382 I audio_hw_primary_abox: USAGE_SPKAMP-do_close_spkamp_stream: Closed PCM Device is /dev/snd/pcmC0D6p
09-12 19:38:25.043  3181  3382 I audio_route: > audio_route_update_path + : "media-speaker" reverse(1)
09-12 19:38:25.045  3181  3382 I audio_route: > audio_route_update_path - : changed(3)
09-12 19:38:25.045  3181  3382 D audio_hw_primary_abox: fast_out-do_set_route: Disabled Audio Route(media-speaker)
09-12 19:38:25.045  3181  3382 I audio_route: > audio_route_update_path + : "gain-media-speaker" reverse(1)
09-12 19:38:25.045  3181  3382 I audio_route: > audio_route_update_path - : changed(0)
09-12 19:38:25.045  3181  3382 D audio_hw_primary_abox: fast_out-do_set_route: Disabled Audio Gain(gain-media-speaker)
09-12 19:38:25.045  3181  3382 I audio_hw_primary_abox: fast_out-out_standby: Transit to Standby
09-12 19:38:25.045  3181  3382 V audio_hw_primary_abox: fast_out-out_standby: exit
09-12 19:38:25.053  3181  3382 D audio_hw_primary_abox: fast_out-set_audio_route: [PLAYBACK] current-device(none) new-device(speaker) in cur-mode(none) & new-mode(normal)!
09-12 19:38:25.053  3181  3382 I audio_hw_primary_abox: is_voice_wakeup : ret =  0  , wakeup_baby_cry_enabled = 0  ,  wakeup_mic_enabled = 0 
09-12 19:38:25.053  3181  3382 I audio_route: > audio_route_apply_path : "media-speaker"
09-12 19:38:25.056  3560  4229 I ActivityManager: START u0 {flg=0x8000 cmp=com.android.settings/.Settings$DevelopmentSettingsActivity (has extras)} from uid 1000 on display 0
09-12 19:38:25.056  3181  3382 I audio_route: > audio_route_update_path + : "media-speaker" reverse(0)
09-12 19:38:25.056  3181  3382 I audio_route: > audio_route_update_path - : changed(0)
09-12 19:38:25.056  3181  3382 D audio_hw_primary_abox: fast_out-do_set_route: Enabled Audio Route(media-speaker)
09-12 19:38:25.056  3181  3382 I audio_route: > audio_route_apply_path : "gain-media-speaker"
09-12 19:38:25.056  3181  3382 I audio_route: > audio_route_update_path + : "gain-media-speaker" reverse(0)
09-12 19:38:25.056  3181  3382 I audio_route: > audio_route_update_path - : changed(0)
09-12 19:38:25.056  3181  3382 D audio_hw_primary_abox: fast_out-do_set_route: Enabled Audio Gain(gain-media-speaker)
09-12 19:38:25.058  3181  3382 I audio_hw_primary_abox: [do_open_spkamp_stream] Opened PCM Device(/dev/snd/pcmC0D7p) configured Info: Channels(2)  Smapling Rate(48000), Format: Default(0)
09-12 19:38:25.061  3181  3382 I audio_hw_primary_abox: [do_open_spkamp_stream] Opened PCM Device(/dev/snd/pcmC0D11c) configured Info: Channels(2)  Smapling Rate(48000), Format: Default(0)
09-12 19:38:25.062  3181  3382 I audio_hw_primary_abox: [do_open_spkamp_stream] Opened PCM Device(/dev/snd/pcmC0D12c) configured Info: Channels(2)  Smapling Rate(48000), Format: Default(0)
09-12 19:38:25.069  3181  3382 I audio_hw_primary_abox: [do_open_spkamp_stream] Opened PCM Device(/dev/snd/pcmC0D6p) configured Info: Channels(2)  Smapling Rate(48000), Format: Default(0)
09-12 19:38:25.088  3181  3382 I audio_hw_primary_abox: fast_out-do_open_output_stream: Opened PCM Device is /dev/snd/pcmC0D2p samplingRate(48000) pcmformat(0)
09-12 19:38:25.088  3181  3382 I audio_hw_primary_abox: fast_out-out_write: Transit to Idle
09-12 19:38:25.090  3181  3382 I audio_hw_primary_abox: fast_out-out_write: Transit to Playing
09-12 19:38:25.159  3853  3853 D ConstraintsHelper: construct key=advanced_reboot available=true
09-12 19:38:25.165  3853  3858 I art     : Compiler allocated 4MB to compile void android.view.View.<init>(android.content.Context, android.util.AttributeSet, int, int)
09-12 19:38:25.167  3560  4102 E UserRestrictionsUtils: Unknown restriction: null
09-12 19:38:25.168  3560  4230 E UserRestrictionsUtils: Unknown restriction: null
09-12 19:38:25.172  3853  3853 D ConstraintsHelper: construct key=adb_notify available=true
09-12 19:38:25.211  3853  3853 D ConstraintsHelper: construct key=kill_app_longpress_back available=true
09-12 19:38:25.217  3853  3858 I art     : Compiler allocated 7MB to compile void android.widget.TextView.<init>(android.content.Context, android.util.AttributeSet, int, int)
09-12 19:38:25.221  3560  3984 D CryptdConnector: SND -> {6 cryptfs isConvertibleToFBE}
09-12 19:38:25.222  3075  3144 D VoldCryptCmdListener: cryptfs isConvertibleToFBE
09-12 19:38:25.222  3560  3605 D CryptdConnector: RCV <- {200 6 0}
09-12 19:38:25.291  3853  4728 D Index   : Indexing locale 'es_ES' took 7 millis
09-12 19:38:25.293  3853  3858 I art     : Compiler allocated 4MB to compile void android.view.View.<init>(android.content.Context, android.util.AttributeSet, int, int)
09-12 19:38:25.302  3853  3853 W Settings: Setting bugreport_in_power_menu has moved from android.provider.Settings.Secure to android.provider.Settings.Global.
09-12 19:38:25.313  3853  4728 D Index   : Indexing locale 'es_ES' took 6 millis
09-12 19:38:25.333  3853  3853 W Settings: Setting bugreport_in_power_menu has moved from android.provider.Settings.Secure to android.provider.Settings.Global.
09-12 19:38:25.359  3853  4728 W TileUtils: Found com.android.systemui.tuner.TunerActivity for intent Intent { act=com.android.settings.action.EXTRA_SETTINGS } missing metadata 
09-12 19:38:25.417  3853  3983 D mali_winsys: EGLint new_window_surface(egl_winsys_display*, void*, EGLSurface, EGLConfig, egl_winsys_surface**, egl_color_buffer_format*, EGLBoolean) returns 0x3000,  [1440x2960]-format:1
09-12 19:38:25.488  3853  3858 I art     : Do full code cache collection, code=506KB, data=424KB
09-12 19:38:25.489  4728  4728 I com.android.settings: type=1400 audit(0.0:231): avc: denied { call } for comm=4173796E635461736B202333 scontext=u:r:system_app:s0 tcontext=u:r:netd:s0 tclass=binder permissive=1
09-12 19:38:25.489  4728  4728 W com.android.settings: type=1300 audit(0.0:231): arch=c00000b7 syscall=29 success=yes exit=0 a0=9 a1=c0306201 a2=7f74b5e168 a3=84 items=0 ppid=3179 auid=4294967295 uid=1000 gid=1000 euid=1000 suid=1000 fsuid=1000 egid=1000 sgid=1000 fsgid=1000 tty=(none) ses=4294967295 comm=4173796E635461736B202333 exe="/system/bin/app_process64" subj=u:r:system_app:s0 key=(null)
09-12 19:38:25.489  3083  3083 W auditd  : type=1327 audit(0.0:231): proctitle="com.android.settings"
09-12 19:38:25.489  3083  3083 W auditd  : type=1320 audit(0.0:231): 
09-12 19:38:25.489  3853  3858 I art     : Starting a blocking GC JitCodeCache
09-12 19:38:25.489  3853  3858 I art     : After code cache collection, code=354KB, data=264KB
09-12 19:38:25.493  3164  3164 E SELinux : avc:  denied  { find } for service=netd pid=3853 uid=1000 scontext=u:r:system_app:s0 tcontext=u:object_r:netd_service:s0 tclass=service_manager permissive=1
09-12 19:38:25.501  4728  4728 I com.android.settings: type=1400 audit(0.0:232): avc: denied { call } for comm=4173796E635461736B202333 scontext=u:r:system_app:s0 tcontext=u:r:fingerprintd:s0 tclass=binder permissive=1
09-12 19:38:25.501  4728  4728 W com.android.settings: type=1300 audit(0.0:232): arch=c00000b7 syscall=29 success=yes exit=0 a0=9 a1=c0306201 a2=7f74b5e168 a3=92 items=0 ppid=3179 auid=4294967295 uid=1000 gid=1000 euid=1000 suid=1000 fsuid=1000 egid=1000 sgid=1000 fsgid=1000 tty=(none) ses=4294967295 comm=4173796E635461736B202333 exe="/system/bin/app_process64" subj=u:r:system_app:s0 key=(null)
09-12 19:38:25.501  3083  3083 W auditd  : type=1327 audit(0.0:232): proctitle="com.android.settings"
09-12 19:38:25.501  3083  3083 W auditd  : type=1320 audit(0.0:232): 
09-12 19:38:25.537  3853  3858 I art     : Compiler allocated 6MB to compile void android.view.ViewRootImpl.performTraversals()
09-12 19:38:25.545  4002  4002 I mali-utility-wo: type=1400 audit(0.0:233): avc: denied { read write } for name="fimg2d" dev="tmpfs" ino=16292 scontext=u:r:system_app:s0 tcontext=u:object_r:device:s0 tclass=chr_file permissive=1
09-12 19:38:25.545  4002  4002 I mali-utility-wo: type=1400 audit(0.0:233): avc: denied { open } for path="/dev/fimg2d" dev="tmpfs" ino=16292 scontext=u:r:system_app:s0 tcontext=u:object_r:device:s0 tclass=chr_file permissive=1
09-12 19:38:25.545  4002  4002 W mali-utility-wo: type=1300 audit(0.0:233): arch=c00000b7 syscall=56 success=yes exit=73 a0=ffffff9c a1=7f8b61d703 a2=2 a3=0 items=0 ppid=3179 auid=4294967295 uid=1000 gid=1000 euid=1000 suid=1000 fsuid=1000 egid=1000 sgid=1000 fsgid=1000 tty=(none) ses=4294967295 exe="/system/bin/app_process64" subj=u:r:system_app:s0 key=(null)
09-12 19:38:25.545  3083  3083 W auditd  : type=1327 audit(0.0:233): proctitle="com.android.settings"
09-12 19:38:25.545  3083  3083 W auditd  : type=1320 audit(0.0:233): 
09-12 19:38:25.545  4002  4002 I mali-utility-wo: type=1400 audit(0.0:234): avc: denied { ioctl } for path="/dev/fimg2d" dev="tmpfs" ino=16292 ioctlcmd=4d04 scontext=u:r:system_app:s0 tcontext=u:object_r:device:s0 tclass=chr_file permissive=1
09-12 19:38:25.545  4002  4002 W mali-utility-wo: type=1300 audit(0.0:234): arch=c00000b7 syscall=29 success=yes exit=0 a0=4b a1=c1104d04 a2=7f52da84b0 a3=0 items=0 ppid=3179 auid=4294967295 uid=1000 gid=1000 euid=1000 suid=1000 fsuid=1000 egid=1000 sgid=1000 fsgid=1000 tty=(none) ses=4294967295 exe="/system/bin/app_process64" subj=u:r:system_app:s0 key=(null)
09-12 19:38:25.545  3083  3083 W auditd  : type=1327 audit(0.0:234): proctitle="com.android.settings"
09-12 19:38:25.545  3083  3083 W auditd  : type=1320 audit(0.0:234): 
09-12 19:38:25.634  3560  3581 I ActivityManager: Displayed com.android.settings/.Settings$DevelopmentSettingsActivity: +553ms
09-12 19:38:25.650  3853  3983 D OpenGLRenderer: endAllActiveAnimators on 0x7f760cec00 (RippleDrawable) with handle 0x7f760f9320
09-12 19:38:26.889  4446  4474 D InitAlarmsService: Clearing and rescheduling alarms.
09-12 19:38:26.905  4501  4501 I Binder:4489_1: type=1400 audit(0.0:235): avc: denied { lock } for path="/data/data/com.android.providers.calendar/databases/calendar.db" dev="sda24" ino=2015541 scontext=u:r:priv_app:s0:c512,c768 tcontext=u:object_r:system_data_file:s0:c512,c768 tclass=file permissive=1
09-12 19:38:26.905  4501  4501 W Binder:4489_1: type=1300 audit(0.0:235): arch=c00000b7 syscall=25 success=yes exit=0 a0=22 a1=6 a2=7f948ef6c8 a3=7f89c4b6c0 items=0 ppid=3179 auid=4294967295 uid=10004 gid=10004 euid=10004 suid=10004 fsuid=10004 egid=10004 sgid=10004 fsgid=10004 tty=(none) ses=4294967295 exe="/system/bin/app_process64" subj=u:r:priv_app:s0:c512,c768 key=(null)
09-12 19:38:26.905  3083  3083 W auditd  : type=1327 audit(0.0:235): proctitle="com.android.providers.calendar"
09-12 19:38:26.905  3083  3083 W auditd  : type=1320 audit(0.0:235): 
09-12 19:38:28.246  3181  3382 V audio_hw_primary_abox: fast_out-out_standby: enter
09-12 19:38:28.246  3181  3382 I audio_hw_primary_abox: fast_out-out_standby: Transit to Idle
09-12 19:38:28.255  3181  3382 I audio_hw_primary_abox: fast_out-do_close_output_stream: Closed PCM Device
09-12 19:38:28.255  3181  3382 D audio_hw_primary_abox: fast_out-set_audio_route: [PLAYBACK] current-device(speaker) new-device(speaker) in cur-mode(normal) & new-mode(normal)!
09-12 19:38:28.274  3181  3382 I audio_hw_primary_abox: USAGE_SPKAMP-do_close_spkamp_stream: Closed PCM Device is /dev/snd/pcmC0D7p
09-12 19:38:28.281  3181  3382 I audio_hw_primary_abox: USAGE_SPKAMP-do_close_spkamp_stream: Closed PCM Device is /dev/snd/pcmC0D11c
09-12 19:38:28.289  3181  3382 I audio_hw_primary_abox: USAGE_SPKAMP-do_close_spkamp_stream: Closed PCM Device is /dev/snd/pcmC0D12c
09-12 19:38:28.291  3181  3382 I audio_hw_primary_abox: USAGE_SPKAMP-do_close_spkamp_stream: Closed PCM Device is /dev/snd/pcmC0D6p
09-12 19:38:28.291  3181  3382 I audio_route: > audio_route_update_path + : "media-speaker" reverse(1)
09-12 19:38:28.297  3181  3382 I audio_route: > audio_route_update_path - : changed(3)
09-12 19:38:28.302  3181  3382 D audio_hw_primary_abox: fast_out-do_set_route: Disabled Audio Route(media-speaker)
09-12 19:38:28.303  3181  3382 I audio_route: > audio_route_update_path + : "gain-media-speaker" reverse(1)
09-12 19:38:28.303  3181  3382 I audio_route: > audio_route_update_path - : changed(0)
09-12 19:38:28.303  3181  3382 D audio_hw_primary_abox: fast_out-do_set_route: Disabled Audio Gain(gain-media-speaker)
09-12 19:38:28.303  3181  3382 I audio_hw_primary_abox: fast_out-out_standby: Transit to Standby
09-12 19:38:28.303  3181  3382 V audio_hw_primary_abox: fast_out-out_standby: exit
09-12 19:38:28.408  3181  3382 D audio_hw_primary_abox: fast_out-set_audio_route: [PLAYBACK] current-device(none) new-device(speaker) in cur-mode(none) & new-mode(normal)!
09-12 19:38:28.408  3181  3382 I audio_hw_primary_abox: is_voice_wakeup : ret =  0  , wakeup_baby_cry_enabled = 0  ,  wakeup_mic_enabled = 0 
09-12 19:38:28.409     1     1 I init    : type=1400 audit(0.0:236): avc: denied { write } for name="UDC" dev="configfs" ino=22367 scontext=u:r:init:s0 tcontext=u:object_r:configfs:s0 tclass=file permissive=1
09-12 19:38:28.409  3181  3382 I audio_route: > audio_route_apply_path : "media-speaker"
09-12 19:38:28.410  3181  3382 I audio_route: > audio_route_update_path + : "media-speaker" reverse(0)
09-12 19:38:28.410  3181  3382 I audio_route: > audio_route_update_path - : changed(0)
09-12 19:38:28.410  3181  3382 D audio_hw_primary_abox: fast_out-do_set_route: Enabled Audio Route(media-speaker)
09-12 19:38:28.411  3181  3382 I audio_route: > audio_route_apply_path : "gain-media-speaker"
09-12 19:38:28.411  3181  3382 I audio_route: > audio_route_update_path + : "gain-media-speaker" reverse(0)
09-12 19:38:28.411  3181  3382 I audio_route: > audio_route_update_path - : changed(0)
09-12 19:38:28.411  3181  3382 D audio_hw_primary_abox: fast_out-do_set_route: Enabled Audio Gain(gain-media-speaker)
09-12 19:38:28.412  3181  3382 I audio_hw_primary_abox: [do_open_spkamp_stream] Opened PCM Device(/dev/snd/pcmC0D7p) configured Info: Channels(2)  Smapling Rate(48000), Format: Default(0)
09-12 19:38:28.413  3560  3579 I UsbDeviceManager: Setting USB config to mtp
09-12 19:38:28.414  3181  3382 I audio_hw_primary_abox: [do_open_spkamp_stream] Opened PCM Device(/dev/snd/pcmC0D11c) configured Info: Channels(2)  Smapling Rate(48000), Format: Default(0)
09-12 19:38:28.415  4206  4213 W art     : Receiving file descriptor from ADB failed (socket 3): Connection reset by peer
09-12 19:38:28.415  4374  4381 W art     : Receiving file descriptor from ADB failed (socket 30): Connection reset by peer
09-12 19:38:28.415  3853  3860 W art     : Receiving file descriptor from ADB failed (socket 30): Connection reset by peer
09-12 19:38:28.416  4234  4241 W art     : Receiving file descriptor from ADB failed (socket 3): Connection reset by peer
09-12 19:38:28.417  4655  4662 W art     : Receiving file descriptor from ADB failed (socket 3): Connection reset by peer
09-12 19:38:28.417  3181  3382 I audio_hw_primary_abox: [do_open_spkamp_stream] Opened PCM Device(/dev/snd/pcmC0D12c) configured Info: Channels(2)  Smapling Rate(48000), Format: Default(0)
09-12 19:38:28.424  3181  3382 I audio_hw_primary_abox: [do_open_spkamp_stream] Opened PCM Device(/dev/snd/pcmC0D6p) configured Info: Channels(2)  Smapling Rate(48000), Format: Default(0)
09-12 19:38:28.444  3181  3382 I audio_hw_primary_abox: fast_out-do_open_output_stream: Opened PCM Device is /dev/snd/pcmC0D2p samplingRate(48000) pcmformat(0)
09-12 19:38:28.444  3181  3382 I audio_hw_primary_abox: fast_out-out_write: Transit to Idle
09-12 19:38:28.446  3181  3382 I audio_hw_primary_abox: fast_out-out_write: Transit to Playing
09-12 19:38:29.198  4292  4292 D MtpService: starting MTP server in MTP mode
09-12 19:38:29.204  4292  4297 I art     : Do partial code cache collection, code=61KB, data=57KB
09-12 19:38:29.205  4292  4297 I art     : After code cache collection, code=61KB, data=57KB
09-12 19:38:29.208  4292  4297 I art     : Increasing code cache capacity to 256KB
09-12 19:38:30.297  3853  3858 I art     : Do partial code cache collection, code=502KB, data=411KB
09-12 19:38:30.297  3853  3858 I art     : After code cache collection, code=482KB, data=396KB
09-12 19:38:30.297  3853  3858 I art     : Increasing code cache capacity to 2MB
09-12 19:38:30.332  3853  3983 D mali_winsys: EGLint new_window_surface(egl_winsys_display*, void*, EGLSurface, EGLConfig, egl_winsys_surface**, egl_color_buffer_format*, EGLBoolean) returns 0x3000,  [1590x1135]-format:1
09-12 19:38:33.375  3181  3382 V audio_hw_primary_abox: fast_out-out_standby: enter
09-12 19:38:33.375  3181  3382 I audio_hw_primary_abox: fast_out-out_standby: Transit to Idle
09-12 19:38:33.386  3181  3382 I audio_hw_primary_abox: fast_out-do_close_output_stream: Closed PCM Device
09-12 19:38:33.387  3181  3382 D audio_hw_primary_abox: fast_out-set_audio_route: [PLAYBACK] current-device(speaker) new-device(speaker) in cur-mode(normal) & new-mode(normal)!
09-12 19:38:33.408  3181  3382 I audio_hw_primary_abox: USAGE_SPKAMP-do_close_spkamp_stream: Closed PCM Device is /dev/snd/pcmC0D7p
09-12 19:38:33.415  3181  3382 I audio_hw_primary_abox: USAGE_SPKAMP-do_close_spkamp_stream: Closed PCM Device is /dev/snd/pcmC0D11c
09-12 19:38:33.421  3181  3382 I audio_hw_primary_abox: USAGE_SPKAMP-do_close_spkamp_stream: Closed PCM Device is /dev/snd/pcmC0D12c
09-12 19:38:33.423  3181  3382 I audio_hw_primary_abox: USAGE_SPKAMP-do_close_spkamp_stream: Closed PCM Device is /dev/snd/pcmC0D6p
09-12 19:38:33.423  3181  3382 I audio_route: > audio_route_update_path + : "media-speaker" reverse(1)
09-12 19:38:33.429  3181  3382 I audio_route: > audio_route_update_path - : changed(3)
09-12 19:38:33.429  3181  3382 D audio_hw_primary_abox: fast_out-do_set_route: Disabled Audio Route(media-speaker)
09-12 19:38:33.429  3181  3382 I audio_route: > audio_route_update_path + : "gain-media-speaker" reverse(1)
09-12 19:38:33.430  3181  3382 I audio_route: > audio_route_update_path - : changed(0)
09-12 19:38:33.430  3181  3382 D audio_hw_primary_abox: fast_out-do_set_route: Disabled Audio Gain(gain-media-speaker)
09-12 19:38:33.430  3181  3382 I audio_hw_primary_abox: fast_out-out_standby: Transit to Standby
09-12 19:38:33.430  3181  3382 V audio_hw_primary_abox: fast_out-out_standby: exit
09-12 19:38:37.062  3178  3178 D gpsd    : WakeLock(Acquire,GPSD)
09-12 19:38:37.063  3178  3178 D gpsd    : WakeLock(Release,GPSD)
09-12 19:38:37.063  3178  3178 D gpsd    : WakeLock(Acquire,GPSD)
09-12 19:38:37.063  3178  3178 D gpsd    : WakeLock(Release,GPSD)
09-12 19:38:37.132  4753  4753 V lhd     : GlLhdInterface::Init(/system/etc/lhd.conf)
09-12 19:38:37.132  4753  4753 E lhd     : SetCfgValue: Critical Error. Unknown configuration parameter "FlpName"="tcp"
09-12 19:38:37.132  4753  4753 V lhd     : SetCfgValue: LHD config "LheSerialControl"="BBD:Serial=TTY"
09-12 19:38:37.132  4753  4753 E lhd     : SetCfgValue: Critical Error. Unknown configuration parameter "LheClockMHz"="100"
09-12 19:38:37.132  4753  4753 V lhd     : SetCfgValue: LHD config "LhePatch"="/dev/bbd_patch"
09-12 19:38:37.132  4753  4753 V lhd     : SetCfgValue: LHD config "LheMaxMcuResetTries"="4"
09-12 19:38:37.132  4753  4753 V lhd     : SetCfgValue: LHD config "LheBbdPacket"="/dev/ttyBCM"
09-12 19:38:37.132  4753  4753 V lhd     : SetCfgValue: LHD config "LheBbdControl"="/dev/bbd_control"
09-12 19:38:37.132  4753  4753 V lhd     : SetCfgValue: LHD config "LheBbdSensor"="/dev/bbd_sensor"
09-12 19:38:37.132  4753  4753 V lhd     : SetCfgValue: LHD config "Lhe477xDebugFlags"="RPC:FACILITY=33:STDOUT_PUTS:STDOUT_LOG"
09-12 19:38:37.132  4753  4753 E lhd     : SetCfgValue: Critical Error. Unknown configuration parameter "LheSensorIpc"="true"
09-12 19:38:37.132  4753  4753 E lhd     : SetCfgValue: Critical Error. Unknown configuration parameter "LhePinMux"="P17=M1"
09-12 19:38:37.132  4753  4753 V lhd     : SetCfgValue: LHD config "LheAutoBaudDelayMS"="10"
09-12 19:38:37.132  4753  4753 V lhd     : SetCfgValue: LHD config "LheMaxMcuResetTries"="3"
09-12 19:38:37.133  4753  4753 E lhd     : OpenFirmwareFile: Fail to open /efs/sec_efs/sensorhub_urgent_fw.patch, errno 2
09-12 19:38:37.134  4753  4753 E lhd     : getCustPatchVersion: Fail to parse patch /efs/sec_efs/sensorhub_urgent_fw.patch
09-12 19:38:37.134  4753  4753 E lhd     : getCustPatchVersion: <CustomerVersion> not found
09-12 19:38:37.199  3178  3178 D gpsd    : WakeLock(Acquire,GPSD)
09-12 19:38:37.199  3178  3178 D gpsd    : WakeLock(Release,GPSD)
09-12 19:38:37.199  4753  4753 D lhd     : OnIpcConnect
09-12 19:38:37.200  3178  3178 D gpsd    : WakeLock(Acquire,GPSD)
09-12 19:38:37.200  3178  3178 D gpsd    : WakeLock(Release,GPSD)
09-12 19:38:39.810  3181  3382 D audio_hw_primary_abox: fast_out-set_audio_route: [PLAYBACK] current-device(none) new-device(speaker) in cur-mode(none) & new-mode(normal)!
09-12 19:38:39.810  3181  3382 I audio_hw_primary_abox: is_voice_wakeup : ret =  0  , wakeup_baby_cry_enabled = 0  ,  wakeup_mic_enabled = 0 
09-12 19:38:39.810  3181  3382 I audio_route: > audio_route_apply_path : "media-speaker"
09-12 19:38:39.812  3181  3382 I audio_route: > audio_route_update_path + : "media-speaker" reverse(0)
09-12 19:38:39.812  3181  3382 I audio_route: > audio_route_update_path - : changed(0)
09-12 19:38:39.812  3181  3382 D audio_hw_primary_abox: fast_out-do_set_route: Enabled Audio Route(media-speaker)
09-12 19:38:39.812  3181  3382 I audio_route: > audio_route_apply_path : "gain-media-speaker"
09-12 19:38:39.812  3181  3382 I audio_route: > audio_route_update_path + : "gain-media-speaker" reverse(0)
09-12 19:38:39.812  3181  3382 I audio_route: > audio_route_update_path - : changed(0)
09-12 19:38:39.812  3181  3382 D audio_hw_primary_abox: fast_out-do_set_route: Enabled Audio Gain(gain-media-speaker)
09-12 19:38:39.814  3181  3382 I audio_hw_primary_abox: [do_open_spkamp_stream] Opened PCM Device(/dev/snd/pcmC0D7p) configured Info: Channels(2)  Smapling Rate(48000), Format: Default(0)
09-12 19:38:39.817  3181  3382 I audio_hw_primary_abox: [do_open_spkamp_stream] Opened PCM Device(/dev/snd/pcmC0D11c) configured Info: Channels(2)  Smapling Rate(48000), Format: Default(0)
09-12 19:38:39.819  3181  3382 I audio_hw_primary_abox: [do_open_spkamp_stream] Opened PCM Device(/dev/snd/pcmC0D12c) configured Info: Channels(2)  Smapling Rate(48000), Format: Default(0)
09-12 19:38:39.822  3560  3579 I UsbDeviceManager: Setting USB config to adb
09-12 19:38:39.825  3181  3382 I audio_hw_primary_abox: [do_open_spkamp_stream] Opened PCM Device(/dev/snd/pcmC0D6p) configured Info: Channels(2)  Smapling Rate(48000), Format: Default(0)
09-12 19:38:39.842  3560  3572 W InputMethodManagerService: Window already focused, ignoring focus gain of: com.android.internal.view.IInputMethodClient$Stub$Proxy@da23643 attribute=null, token = android.os.BinderProxy@a8e6092
09-12 19:38:39.843  3181  3382 I audio_hw_primary_abox: fast_out-do_open_output_stream: Opened PCM Device is /dev/snd/pcmC0D2p samplingRate(48000) pcmformat(0)
09-12 19:38:39.843  3181  3382 I audio_hw_primary_abox: fast_out-out_write: Transit to Idle
09-12 19:38:39.846  3181  3382 I audio_hw_primary_abox: fast_out-out_write: Transit to Playing
09-12 19:38:40.885     1     1 I init    : type=1400 audit(0.0:237): avc: denied { write } for name="UDC" dev="configfs" ino=1511 scontext=u:r:init:s0 tcontext=u:object_r:configfs:s0 tclass=file permissive=1
09-12 19:38:40.888  3560  3579 E UsbDeviceManager: waitForState(adb) FAILED: got none
09-12 19:38:40.889  3560  3579 E UsbDeviceManager: Failed to switch USB config to adb
09-12 19:38:40.889  3560  3579 E UsbDeviceManager: Failsafe 1: Restoring previous USB functions.
09-12 19:38:40.890  3560  3579 I UsbDeviceManager: Setting USB config to mtp,adb
09-12 19:38:40.900  3837  3844 W art     : Receiving file descriptor from ADB failed (socket 3): Connection reset by peer
09-12 19:38:40.900  4374  4381 W art     : Receiving file descriptor from ADB failed (socket 30): Connection reset by peer
09-12 19:38:40.901  4130  4137 W art     : Receiving file descriptor from ADB failed (socket 3): Connection reset by peer
09-12 19:38:40.902  3815  3822 W art     : Receiving file descriptor from ADB failed (socket 3): Connection reset by peer
09-12 19:38:40.902  4192  4199 W art     : Receiving file descriptor from ADB failed (socket 3): Connection reset by peer
09-12 19:38:40.954  3560  3579 I UsbDeviceManager: Setting USB config to adb
09-12 19:38:42.022  3560  3579 E UsbDeviceManager: waitForState(adb) FAILED: got none
09-12 19:38:42.022  3560  3579 E UsbDeviceManager: Failed to switch USB config to adb
09-12 19:38:42.022  3560  3579 E UsbDeviceManager: Failsafe 1: Restoring previous USB functions.
09-12 19:38:42.023  3560  3579 I UsbDeviceManager: Setting USB config to mtp,adb
09-12 19:38:42.033  4206  4213 W art     : Receiving file descriptor from ADB failed (socket 3): Connection reset by peer
09-12 19:38:42.033  4234  4241 W art     : Receiving file descriptor from ADB failed (socket 3): Connection reset by peer
09-12 19:38:42.034  4323  4330 W art     : Receiving file descriptor from ADB failed (socket 3): Connection reset by peer
09-12 19:38:42.034  4192  4199 W art     : Receiving file descriptor from ADB failed (socket 3): Connection reset by peer
09-12 19:38:42.035  4446  4453 W art     : Receiving file descriptor from ADB failed (socket 3): Connection reset by peer
09-12 19:38:42.733  4292  4292 D MtpService: starting MTP server in MTP mode
09-12 19:38:42.995  3181  3382 V audio_hw_primary_abox: fast_out-out_standby: enter
09-12 19:38:42.995  3181  3382 I audio_hw_primary_abox: fast_out-out_standby: Transit to Idle
09-12 19:38:43.006  3181  3382 I audio_hw_primary_abox: fast_out-do_close_output_stream: Closed PCM Device
09-12 19:38:43.006  3181  3382 D audio_hw_primary_abox: fast_out-set_audio_route: [PLAYBACK] current-device(speaker) new-device(speaker) in cur-mode(normal) & new-mode(normal)!
09-12 19:38:43.027  3181  3382 I audio_hw_primary_abox: USAGE_SPKAMP-do_close_spkamp_stream: Closed PCM Device is /dev/snd/pcmC0D7p
09-12 19:38:43.034  3181  3382 I audio_hw_primary_abox: USAGE_SPKAMP-do_close_spkamp_stream: Closed PCM Device is /dev/snd/pcmC0D11c
09-12 19:38:43.040  3181  3382 I audio_hw_primary_abox: USAGE_SPKAMP-do_close_spkamp_stream: Closed PCM Device is /dev/snd/pcmC0D12c
09-12 19:38:43.042  3181  3382 I audio_hw_primary_abox: USAGE_SPKAMP-do_close_spkamp_stream: Closed PCM Device is /dev/snd/pcmC0D6p
09-12 19:38:43.042  3181  3382 I audio_route: > audio_route_update_path + : "media-speaker" reverse(1)
09-12 19:38:43.047  3181  3382 I audio_route: > audio_route_update_path - : changed(3)
09-12 19:38:43.047  3181  3382 D audio_hw_primary_abox: fast_out-do_set_route: Disabled Audio Route(media-speaker)
09-12 19:38:43.048  3181  3382 I audio_route: > audio_route_update_path + : "gain-media-speaker" reverse(1)
09-12 19:38:43.048  3181  3382 I audio_route: > audio_route_update_path - : changed(0)
09-12 19:38:43.048  3181  3382 D audio_hw_primary_abox: fast_out-do_set_route: Disabled Audio Gain(gain-media-speaker)
09-12 19:38:43.048  3181  3382 I audio_hw_primary_abox: fast_out-out_standby: Transit to Standby
09-12 19:38:43.048  3181  3382 V audio_hw_primary_abox: fast_out-out_standby: exit
09-12 22:37:35.503     1     1 I init    : type=1400 audit(0.0:15): avc: denied { write } for name="serialnumber" dev="configfs" ino=20240 scontext=u:r:init:s0 tcontext=u:object_r:configfs:s0 tclass=file permissive=1
09-12 19:38:46.913  4786  4786 I pool-1-thread-1: type=1400 audit(0.0:238): avc: denied { lock } for path="/data/data/com.android.email/databases/EmailProvider.db" dev="sda24" ino=2015561 scontext=u:r:untrusted_app:s0:c512,c768 tcontext=u:object_r:system_data_file:s0:c512,c768 tclass=file permissive=1
09-12 19:38:46.913  4786  4786 W pool-1-thread-1: type=1300 audit(0.0:238): arch=c00000b7 syscall=25 success=yes exit=0 a0=22 a1=6 a2=7f9456da78 a3=0 items=0 ppid=3179 auid=4294967295 uid=10058 gid=10058 euid=10058 suid=10058 fsuid=10058 egid=10058 sgid=10058 fsgid=10058 tty=(none) ses=4294967295 exe="/system/bin/app_process64" subj=u:r:untrusted_app:s0:c512,c768 key=(null)
09-12 19:38:46.913  3083  3083 W auditd  : type=1327 audit(0.0:238): proctitle="com.android.email"
09-12 19:38:46.913  3083  3083 W auditd  : type=1320 audit(0.0:238): 
09-12 19:38:46.913  4786  4786 I pool-1-thread-1: type=1400 audit(0.0:239): avc: denied { getattr } for path="/data/data/com.android.email/databases/EmailProvider.db-journal" dev="sda24" ino=2015562 scontext=u:r:untrusted_app:s0:c512,c768 tcontext=u:object_r:system_data_file:s0:c512,c768 tclass=file permissive=1
09-12 19:38:46.913  4786  4786 W pool-1-thread-1: type=1300 audit(0.0:239): arch=c00000b7 syscall=79 success=yes exit=0 a0=ffffff9c a1=7f95bfac7b a2=7f9456da58 a3=0 items=0 ppid=3179 auid=4294967295 uid=10058 gid=10058 euid=10058 suid=10058 fsuid=10058 egid=10058 sgid=10058 fsgid=10058 tty=(none) ses=4294967295 exe="/system/bin/app_process64" subj=u:r:untrusted_app:s0:c512,c768 key=(null)
09-12 19:38:46.913  3083  3083 W auditd  : type=1327 audit(0.0:239): proctitle="com.android.email"
09-12 19:38:46.913  3083  3083 W auditd  : type=1320 audit(0.0:239): 
09-12 19:38:46.913  4786  4786 I pool-1-thread-1: type=1400 audit(0.0:240): avc: denied { read } for name="EmailProvider.db-journal" dev="sda24" ino=2015562 scontext=u:r:untrusted_app:s0:c512,c768 tcontext=u:object_r:system_data_file:s0:c512,c768 tclass=file permissive=1
09-12 19:38:46.913  4786  4786 W pool-1-thread-1: type=1300 audit(0.0:240): arch=c00000b7 syscall=56 success=yes exit=49 a0=ffffff9c a1=7f95bfac7b a2=a0000 a3=0 items=0 ppid=3179 auid=4294967295 uid=10058 gid=10058 euid=10058 suid=10058 fsuid=10058 egid=10058 sgid=10058 fsgid=10058 tty=(none) ses=4294967295 exe="/system/bin/app_process64" subj=u:r:untrusted_app:s0:c512,c768 key=(null)
09-12 19:38:46.913  3083  3083 W auditd  : type=1327 audit(0.0:240): proctitle="com.android.email"
09-12 19:38:46.913  3083  3083 W auditd  : type=1320 audit(0.0:240): 
09-12 19:38:52.217  3178  3178 D gpsd    : WakeLock(Acquire,GPSD)
09-12 19:38:52.218  3178  3178 D gpsd    : WakeLock(Release,GPSD)
09-12 19:38:52.218  3178  3178 D gpsd    : WakeLock(Acquire,GPSD)
09-12 19:38:52.219  3178  3178 D gpsd    : WakeLock(Release,GPSD)
09-12 19:38:52.292  4789  4789 V lhd     : GlLhdInterface::Init(/system/etc/lhd.conf)
09-12 19:38:52.293  4789  4789 E lhd     : SetCfgValue: Critical Error. Unknown configuration parameter "FlpName"="tcp"
09-12 19:38:52.293  4789  4789 V lhd     : SetCfgValue: LHD config "LheSerialControl"="BBD:Serial=TTY"
09-12 19:38:52.294  4789  4789 E lhd     : SetCfgValue: Critical Error. Unknown configuration parameter "LheClockMHz"="100"
09-12 19:38:52.294  4789  4789 V lhd     : SetCfgValue: LHD config "LhePatch"="/dev/bbd_patch"
09-12 19:38:52.294  4789  4789 V lhd     : SetCfgValue: LHD config "LheMaxMcuResetTries"="4"
09-12 19:38:52.294  4789  4789 V lhd     : SetCfgValue: LHD config "LheBbdPacket"="/dev/ttyBCM"
09-12 19:38:52.294  4789  4789 V lhd     : SetCfgValue: LHD config "LheBbdControl"="/dev/bbd_control"
09-12 19:38:52.294  4789  4789 V lhd     : SetCfgValue: LHD config "LheBbdSensor"="/dev/bbd_sensor"
09-12 19:38:52.294  4789  4789 V lhd     : SetCfgValue: LHD config "Lhe477xDebugFlags"="RPC:FACILITY=33:STDOUT_PUTS:STDOUT_LOG"
09-12 19:38:52.294  4789  4789 E lhd     : SetCfgValue: Critical Error. Unknown configuration parameter "LheSensorIpc"="true"
09-12 19:38:52.294  4789  4789 E lhd     : SetCfgValue: Critical Error. Unknown configuration parameter "LhePinMux"="P17=M1"
09-12 19:38:52.294  4789  4789 V lhd     : SetCfgValue: LHD config "LheAutoBaudDelayMS"="10"
09-12 19:38:52.294  4789  4789 V lhd     : SetCfgValue: LHD config "LheMaxMcuResetTries"="3"
09-12 19:38:52.294  4789  4789 E lhd     : OpenFirmwareFile: Fail to open /efs/sec_efs/sensorhub_urgent_fw.patch, errno 2
09-12 19:38:52.294  4789  4789 E lhd     : getCustPatchVersion: Fail to parse patch /efs/sec_efs/sensorhub_urgent_fw.patch
09-12 19:38:52.294  4789  4789 E lhd     : getCustPatchVersion: <CustomerVersion> not found
09-12 19:38:52.360  3178  3178 D gpsd    : WakeLock(Acquire,GPSD)
09-12 19:38:52.360  4789  4789 D lhd     : OnIpcConnect
09-12 19:38:52.360  3178  3178 D gpsd    : WakeLock(Release,GPSD)
09-12 19:38:52.360  3178  3178 D gpsd    : WakeLock(Acquire,GPSD)
09-12 19:38:52.360  3178  3178 D gpsd    : WakeLock(Release,GPSD)
09-12 19:39:07.381  3178  3178 D gpsd    : WakeLock(Acquire,GPSD)
09-12 19:39:07.382  3178  3178 D gpsd    : WakeLock(Release,GPSD)
09-12 19:39:07.382  3178  3178 D gpsd    : WakeLock(Acquire,GPSD)
09-12 19:39:07.382  3178  3178 D gpsd    : WakeLock(Release,GPSD)
09-12 19:39:07.448  4794  4794 V lhd     : GlLhdInterface::Init(/system/etc/lhd.conf)
09-12 19:39:07.449  4794  4794 E lhd     : SetCfgValue: Critical Error. Unknown configuration parameter "FlpName"="tcp"
09-12 19:39:07.449  4794  4794 V lhd     : SetCfgValue: LHD config "LheSerialControl"="BBD:Serial=TTY"
09-12 19:39:07.449  4794  4794 E lhd     : SetCfgValue: Critical Error. Unknown configuration parameter "LheClockMHz"="100"
09-12 19:39:07.449  4794  4794 V lhd     : SetCfgValue: LHD config "LhePatch"="/dev/bbd_patch"
09-12 19:39:07.449  4794  4794 V lhd     : SetCfgValue: LHD config "LheMaxMcuResetTries"="4"
09-12 19:39:07.449  4794  4794 V lhd     : SetCfgValue: LHD config "LheBbdPacket"="/dev/ttyBCM"
09-12 19:39:07.450  4794  4794 V lhd     : SetCfgValue: LHD config "LheBbdControl"="/dev/bbd_control"
09-12 19:39:07.450  4794  4794 V lhd     : SetCfgValue: LHD config "LheBbdSensor"="/dev/bbd_sensor"
09-12 19:39:07.450  4794  4794 V lhd     : SetCfgValue: LHD config "Lhe477xDebugFlags"="RPC:FACILITY=33:STDOUT_PUTS:STDOUT_LOG"
09-12 19:39:07.450  4794  4794 E lhd     : SetCfgValue: Critical Error. Unknown configuration parameter "LheSensorIpc"="true"
09-12 19:39:07.450  4794  4794 E lhd     : SetCfgValue: Critical Error. Unknown configuration parameter "LhePinMux"="P17=M1"
09-12 19:39:07.450  4794  4794 V lhd     : SetCfgValue: LHD config "LheAutoBaudDelayMS"="10"
09-12 19:39:07.450  4794  4794 V lhd     : SetCfgValue: LHD config "LheMaxMcuResetTries"="3"
09-12 19:39:07.450  4794  4794 E lhd     : OpenFirmwareFile: Fail to open /efs/sec_efs/sensorhub_urgent_fw.patch, errno 2
09-12 19:39:07.450  4794  4794 E lhd     : getCustPatchVersion: Fail to parse patch /efs/sec_efs/sensorhub_urgent_fw.patch
09-12 19:39:07.450  4794  4794 E lhd     : getCustPatchVersion: <CustomerVersion> not found
09-12 19:39:07.516  3178  3178 D gpsd    : WakeLock(Acquire,GPSD)
09-12 19:39:07.516  4794  4794 D lhd     : OnIpcConnect
09-12 19:39:07.516  3178  3178 D gpsd    : WakeLock(Release,GPSD)
09-12 19:39:07.516  3178  3178 D gpsd    : WakeLock(Acquire,GPSD)
09-12 19:39:07.516  3178  3178 D gpsd    : WakeLock(Release,GPSD)
09-12 19:39:22.534  3178  3178 D gpsd    : WakeLock(Acquire,GPSD)
09-12 19:39:22.535  3178  3178 D gpsd    : WakeLock(Release,GPSD)
09-12 19:39:22.535  3178  3178 D gpsd    : WakeLock(Acquire,GPSD)
09-12 19:39:22.536  3178  3178 D gpsd    : WakeLock(Release,GPSD)
09-12 19:39:22.611  4798  4798 V lhd     : GlLhdInterface::Init(/system/etc/lhd.conf)
09-12 19:39:22.611  4798  4798 E lhd     : SetCfgValue: Critical Error. Unknown configuration parameter "FlpName"="tcp"
09-12 19:39:22.611  4798  4798 V lhd     : SetCfgValue: LHD config "LheSerialControl"="BBD:Serial=TTY"
09-12 19:39:22.611  4798  4798 E lhd     : SetCfgValue: Critical Error. Unknown configuration parameter "LheClockMHz"="100"
09-12 19:39:22.611  4798  4798 V lhd     : SetCfgValue: LHD config "LhePatch"="/dev/bbd_patch"
09-12 19:39:22.611  4798  4798 V lhd     : SetCfgValue: LHD config "LheMaxMcuResetTries"="4"
09-12 19:39:22.611  4798  4798 V lhd     : SetCfgValue: LHD config "LheBbdPacket"="/dev/ttyBCM"
09-12 19:39:22.611  4798  4798 V lhd     : SetCfgValue: LHD config "LheBbdControl"="/dev/bbd_control"
09-12 19:39:22.611  4798  4798 V lhd     : SetCfgValue: LHD config "LheBbdSensor"="/dev/bbd_sensor"
09-12 19:39:22.611  4798  4798 V lhd     : SetCfgValue: LHD config "Lhe477xDebugFlags"="RPC:FACILITY=33:STDOUT_PUTS:STDOUT_LOG"
09-12 19:39:22.611  4798  4798 E lhd     : SetCfgValue: Critical Error. Unknown configuration parameter "LheSensorIpc"="true"
09-12 19:39:22.611  4798  4798 E lhd     : SetCfgValue: Critical Error. Unknown configuration parameter "LhePinMux"="P17=M1"
09-12 19:39:22.611  4798  4798 V lhd     : SetCfgValue: LHD config "LheAutoBaudDelayMS"="10"
09-12 19:39:22.612  4798  4798 V lhd     : SetCfgValue: LHD config "LheMaxMcuResetTries"="3"
09-12 19:39:22.612  4798  4798 E lhd     : OpenFirmwareFile: Fail to open /efs/sec_efs/sensorhub_urgent_fw.patch, errno 2
09-12 19:39:22.612  4798  4798 E lhd     : getCustPatchVersion: Fail to parse patch /efs/sec_efs/sensorhub_urgent_fw.patch
09-12 19:39:22.612  4798  4798 E lhd     : getCustPatchVersion: <CustomerVersion> not found
09-12 19:39:22.676  3178  3178 D gpsd    : WakeLock(Acquire,GPSD)
09-12 19:39:22.677  4798  4798 D lhd     : OnIpcConnect
09-12 19:39:22.677  3178  3178 D gpsd    : WakeLock(Release,GPSD)
09-12 19:39:22.677  3178  3178 D gpsd    : WakeLock(Acquire,GPSD)
09-12 19:39:22.677  3178  3178 D gpsd    : WakeLock(Release,GPSD)
09-12 19:39:37.695  3178  3178 D gpsd    : WakeLock(Acquire,GPSD)
09-12 19:39:37.696  3178  3178 D gpsd    : WakeLock(Release,GPSD)
09-12 19:39:37.696  3178  3178 D gpsd    : WakeLock(Acquire,GPSD)
09-12 19:39:37.696  3178  3178 D gpsd    : WakeLock(Release,GPSD)
09-12 19:39:37.766  4831  4831 V lhd     : GlLhdInterface::Init(/system/etc/lhd.conf)
09-12 19:39:37.766  4831  4831 E lhd     : SetCfgValue: Critical Error. Unknown configuration parameter "FlpName"="tcp"
09-12 19:39:37.766  4831  4831 V lhd     : SetCfgValue: LHD config "LheSerialControl"="BBD:Serial=TTY"
09-12 19:39:37.766  4831  4831 E lhd     : SetCfgValue: Critical Error. Unknown configuration parameter "LheClockMHz"="100"
09-12 19:39:37.766  4831  4831 V lhd     : SetCfgValue: LHD config "LhePatch"="/dev/bbd_patch"
09-12 19:39:37.766  4831  4831 V lhd     : SetCfgValue: LHD config "LheMaxMcuResetTries"="4"
09-12 19:39:37.766  4831  4831 V lhd     : SetCfgValue: LHD config "LheBbdPacket"="/dev/ttyBCM"
09-12 19:39:37.766  4831  4831 V lhd     : SetCfgValue: LHD config "LheBbdControl"="/dev/bbd_control"
09-12 19:39:37.767  4831  4831 V lhd     : SetCfgValue: LHD config "LheBbdSensor"="/dev/bbd_sensor"
09-12 19:39:37.767  4831  4831 V lhd     : SetCfgValue: LHD config "Lhe477xDebugFlags"="RPC:FACILITY=33:STDOUT_PUTS:STDOUT_LOG"
09-12 19:39:37.767  4831  4831 E lhd     : SetCfgValue: Critical Error. Unknown configuration parameter "LheSensorIpc"="true"
09-12 19:39:37.767  4831  4831 E lhd     : SetCfgValue: Critical Error. Unknown configuration parameter "LhePinMux"="P17=M1"
09-12 19:39:37.767  4831  4831 V lhd     : SetCfgValue: LHD config "LheAutoBaudDelayMS"="10"
09-12 19:39:37.767  4831  4831 V lhd     : SetCfgValue: LHD config "LheMaxMcuResetTries"="3"
09-12 19:39:37.767  4831  4831 E lhd     : OpenFirmwareFile: Fail to open /efs/sec_efs/sensorhub_urgent_fw.patch, errno 2
09-12 19:39:37.767  4831  4831 E lhd     : getCustPatchVersion: Fail to parse patch /efs/sec_efs/sensorhub_urgent_fw.patch
09-12 19:39:37.767  4831  4831 E lhd     : getCustPatchVersion: <CustomerVersion> not found
09-12 19:39:37.832  3178  3178 D gpsd    : WakeLock(Acquire,GPSD)
09-12 19:39:37.832  4831  4831 D lhd     : OnIpcConnect
09-12 19:39:37.832  3178  3178 D gpsd    : WakeLock(Release,GPSD)
09-12 19:39:37.832  3178  3178 D gpsd    : WakeLock(Acquire,GPSD)
09-12 19:39:37.833  3178  3178 D gpsd    : WakeLock(Release,GPSD)
09-12 19:39:39.714  3560  3583 I PowerManagerService: Going to sleep due to screen timeout (uid 1000)...
09-12 19:39:39.722  3560  3583 I DreamManagerService: Entering dreamland.
09-12 19:39:39.728  3560  3583 I PowerManagerService: Dozing...
09-12 19:39:39.736  3560  3579 I DreamController: Starting dream: name=ComponentInfo{com.android.systemui/com.android.systemui.doze.DozeService}, isTest=false, canDoze=true, userId=0
09-12 19:39:39.797  3560  3574 I VrManagerService: VR mode is disallowed
