* daemon not running. starting it now at tcp:5037 *
* daemon started successfully *
--------- beginning of main
11-09 19:41:45.724  3077  3077 W auditd  : type=2000 audit(0.0:1): initialized
11-09 19:41:46.372  3077  3077 W auditd  : type=1325 audit(0.0:2): table=filter family=2 entries=0
11-09 19:41:46.372  3077  3077 W auditd  : type=1325 audit(0.0:3): table=mangle family=2 entries=0
11-09 19:41:46.372  3077  3077 W auditd  : type=1325 audit(0.0:4): table=nat family=2 entries=0
11-09 19:41:46.372  3077  3077 W auditd  : type=1325 audit(0.0:5): table=raw family=2 entries=0
11-09 19:41:46.372  3077  3077 W auditd  : type=1325 audit(0.0:6): table=security family=2 entries=0
11-09 19:41:46.372  3077  3077 W auditd  : type=1325 audit(0.0:7): table=filter family=3 entries=0
11-09 19:41:46.372  3077  3077 W auditd  : type=1325 audit(0.0:8): table=filter family=10 entries=0
11-09 19:41:46.372  3077  3077 W auditd  : type=1325 audit(0.0:9): table=mangle family=10 entries=0
11-09 19:41:46.372  3077  3077 W auditd  : type=1325 audit(0.0:10): table=raw family=10 entries=0
11-09 19:41:46.372  3077  3077 W auditd  : type=1325 audit(0.0:11): table=nat family=10 entries=0
11-09 19:41:46.551  3077  3077 I auditd  : type=1403 audit(0.0:12): policy loaded auid=4294967295 ses=4294967295
11-09 19:41:47.635  3064  3064 I logd    : type=1400 audit(0.0:13): avc: denied { dac_override } for capability=1 scontext=u:r:logd:s0 tcontext=u:r:logd:s0 tclass=capability permissive=1
11-09 19:41:47.635  3064  3064 W logd    : type=1300 audit(0.0:13): arch=c00000b7 syscall=48 success=yes exit=0 a0=ffffff9c a1=7fb71ea34a a2=0 a3=0 items=0 ppid=1 auid=4294967295 uid=0 gid=0 euid=0 suid=0 fsuid=0 egid=0 sgid=0 fsgid=0 tty=(none) ses=4294967295 exe="/system/bin/logd" subj=u:r:logd:s0 key=(null)
11-09 19:41:47.635  3077  3077 W auditd  : type=1327 audit(0.0:13): proctitle="/system/bin/logd"
11-09 19:41:47.635  3077  3077 W auditd  : type=1320 audit(0.0:13): 
11-09 19:41:47.639  3077  3077 W auditd  : type=1305 audit(0.0:14): audit_pid=3064 old=0 auid=4294967295 ses=4294967295 subj=u:r:logd:s0 res=1
11-09 19:41:47.639  3077  3077 W auditd  : type=1305 audit(0.0:15): audit_rate_limit=20 old=0 auid=4294967295 ses=4294967295 subj=u:r:logd:s0 res=1
--------- beginning of system
11-09 19:41:47.666  3067  3067 I vold    : Vold 3.0 (the awakening) firing up
11-09 19:41:47.666  3067  3067 V vold    : Detected support for: exfat ext4 f2fs ntfs vfat
11-09 19:41:47.668  3067  3067 W Vold    : Tearing down stale mount /mnt/secure/asec
11-09 19:41:47.672  3065  3065 I         : debuggerd: starting
11-09 19:41:47.681  3067  3067 W Vold    : Tearing down stale mount /mnt/secure
11-09 19:41:47.709  3067  3137 D vold    : e4crypt_init_user0
11-09 19:41:47.709  3067  3137 D vold    : e4crypt_prepare_user_storage for volume null, user 0, serial 0, flags 1
11-09 19:41:47.709  3067  3137 D vold    : Preparing: /data/system/users/0
11-09 19:41:47.709  3067  3137 D vold    : Preparing: /data/misc/profiles/cur/0
11-09 19:41:47.709  3067  3137 D vold    : Preparing: /data/misc/profiles/cur/0/foreign-dex
11-09 19:41:47.709  3067  3137 D vold    : Preparing: /data/system_de/0
11-09 19:41:47.709  3067  3137 D vold    : Preparing: /data/misc_de/0
11-09 19:41:47.709  3067  3137 D vold    : Preparing: /data/user_de/0
11-09 19:41:47.709  3067  3137 D vold    : e4crypt_unlock_user_key 0 serial=0 token_present=0
11-09 19:41:47.709  3067  3137 E vold    : Failed to chmod /data/system_ce/0: No such file or directory
11-09 19:41:47.709  3067  3137 E vold    : Failed to chmod /data/misc_ce/0: No such file or directory
11-09 19:41:47.710     1     1 I vdc     : 200 3069 Command succeeded
11-09 19:41:47.716  3138  3138 I /system/bin/tzdatacheck: tzdata file /data/misc/zoneinfo/current/tzdata does not exist. No action required.
11-09 19:41:47.728  3140  3140 D macloader: Deleting file /data/.cid.info
11-09 19:41:47.732  3141  3141 I TeeMcDaemon: Registry search paths: [hardware/samsung_slsi/exynos8895/mobicore_kinibi400/Daemon/src/MobiCoreDriverDaemon.cpp:212]
11-09 19:41:47.732  3141  3141 I TeeMcDaemon:   /data/misc/mcRegistry [hardware/samsung_slsi/exynos8895/mobicore_kinibi400/Daemon/src/MobiCoreDriverDaemon.cpp:214]
11-09 19:41:47.732  3141  3141 I TeeMcDaemon:   /efs/prov [hardware/samsung_slsi/exynos8895/mobicore_kinibi400/Daemon/src/MobiCoreDriverDaemon.cpp:214]
11-09 19:41:47.732  3141  3141 I TeeMcDaemon:   /vendor/app/mcRegistry [hardware/samsung_slsi/exynos8895/mobicore_kinibi400/Daemon/src/MobiCoreDriverDaemon.cpp:214]
11-09 19:41:47.732  3141  3141 I TeeMcDaemon:   /system/app/mcRegistry [hardware/samsung_slsi/exynos8895/mobicore_kinibi400/Daemon/src/MobiCoreDriverDaemon.cpp:214]
11-09 19:41:47.732  3141  3141 I TeeMcDaemon: partition paths rp:  /efs/TEE [hardware/samsung_slsi/exynos8895/mobicore_kinibi400/Daemon/src/MobiCoreDriverDaemon.cpp:223]
11-09 19:41:47.732  3141  3141 I TeeMcDaemon: Initialise Secure World [hardware/samsung_slsi/exynos8895/mobicore_kinibi400/Daemon/src/MobiCoreDriverDaemon.cpp:253]
11-09 19:41:47.735     1     1 I init    : type=1400 audit(0.0:16): avc: denied { write } for name="serialnumber" dev="configfs" ino=21073 scontext=u:r:init:s0 tcontext=u:object_r:configfs:s0 tclass=file permissive=1
11-09 19:41:47.735     1     1 I init    : type=1400 audit(0.0:17): avc: denied { create } for name="mtp.0" scontext=u:r:init:s0 tcontext=u:object_r:configfs:s0 tclass=lnk_file permissive=1
11-09 19:41:47.736  3141  3141 I TeeMcDaemon: driver version: v6.3 [hardware/samsung_slsi/exynos8895/mobicore_kinibi400/Daemon/src/SecureWorld.cpp:295]
11-09 19:41:47.748  3152  3152 I sysinit : Running /system/etc/init.d/00banner 
11-09 19:41:47.755  3146  3146 I lowmemorykiller: Using in-kernel low memory killer interface
11-09 19:41:47.759  3161  3161 I cm      : _ _                                        
11-09 19:41:47.772  3162  3162 I cm      : | (_)_ __   ___  __ _  __ _  ___  ___  ___  
11-09 19:41:47.775  3167  3167 D wifiloader: Trigger initcall of deferred modules
11-09 19:41:47.780  3148  3148 I SurfaceFlinger: SurfaceFlinger is starting
11-09 19:41:47.780  3148  3148 I SurfaceFlinger: SurfaceFlinger's main thread ready to run. Initializing graphics H/W...
11-09 19:41:47.795  3174  3174 I         : installd firing up
11-09 19:41:47.797  3183  3183 I perfprofd: starting Android Wide Profiling daemon
11-09 19:41:47.797  3183  3183 E perfprofd: unable to open configuration file /data/data/com.google.android.gms/files/perfprofd.conf
11-09 19:41:47.798  3183  3183 I perfprofd: random seed set to 4192173511
11-09 19:41:47.800  3168  3168 V lhd     : GlLhdInterface::Init(/system/etc/lhd.conf)
11-09 19:41:47.801  3164  3164 D SensorHubService: nuSensorHubService starting...
11-09 19:41:47.801  3168  3168 E lhd     : SetCfgValue: Critical Error. Unknown configuration parameter "FlpName"="tcp"
11-09 19:41:47.801  3168  3168 V lhd     : SetCfgValue: LHD config "LheSerialControl"="BBD:Serial=TTY"
11-09 19:41:47.801  3168  3168 E lhd     : SetCfgValue: Critical Error. Unknown configuration parameter "LheClockMHz"="100"
11-09 19:41:47.801  3168  3168 V lhd     : SetCfgValue: LHD config "LhePatch"="/system/bin/bcm_sensorhub_a1.patch"
11-09 19:41:47.801  3168  3168 V lhd     : SetCfgValue: LHD config "LhePatch"="/dev/bbd_patch"
11-09 19:41:47.802  3168  3168 V lhd     : SetCfgValue: LHD config "LheMaxMcuResetTries"="4"
11-09 19:41:47.802  3168  3168 V lhd     : SetCfgValue: LHD config "LheBbdPacket"="/dev/ttyBCM"
11-09 19:41:47.802  3168  3168 V lhd     : SetCfgValue: LHD config "LheBbdControl"="/dev/bbd_control"
11-09 19:41:47.802  3168  3168 V lhd     : SetCfgValue: LHD config "LheBbdSensor"="/dev/bbd_sensor"
11-09 19:41:47.802  3168  3168 V lhd     : SetCfgValue: LHD config "LheFailSafe"="ON"
11-09 19:41:47.802  3168  3168 V lhd     : SetCfgValue: LHD config "LheFailSafe"="BINFILE=/data/system/gps/esw-crash-dump.bin"
11-09 19:41:47.802  3168  3168 V lhd     : SetCfgValue: LHD config "LheFailSafe"="LOG"
11-09 19:41:47.802  3168  3168 V lhd     : SetCfgValue: LHD config "Lhe477xDebugFlags"="RPC:FACILITY=33:STDOUT_PUTS:STDOUT_LOG"
11-09 19:41:47.802  3168  3168 E lhd     : SetCfgValue: Critical Error. Unknown configuration parameter "LheSensorIpc"="true"
11-09 19:41:47.802  3168  3168 E lhd     : SetCfgValue: Critical Error. Unknown configuration parameter "LhePinMux"="P17=M1"
11-09 19:41:47.802  3168  3168 V lhd     : SetCfgValue: LHD config "LheAutoBaudDelayMS"="10"
11-09 19:41:47.802  3168  3168 V lhd     : SetCfgValue: LHD config "LheMaxMcuResetTries"="3"
11-09 19:41:47.802  3168  3168 E lhd     : OpenFirmwareFile: Fail to open /efs/sec_efs/sensorhub_urgent_fw.patch, errno 2
11-09 19:41:47.802  3168  3168 E lhd     : getCustPatchVersion: Fail to parse patch /efs/sec_efs/sensorhub_urgent_fw.patch
11-09 19:41:47.802  3168  3168 E lhd     : getCustPatchVersion: <CustomerVersion> not found
11-09 19:41:47.803  3189  3189 I cm      : | | | '_ \ / _ \/ _` |/ _` |/ _ \/ _ \/ __| 
11-09 19:41:47.803  3175  3175 I keystore: Found keymaster0 module Keymaster OpenSSL HAL, version 2
11-09 19:41:47.804  3175  3175 I SoftKeymaster: system/keymaster/soft_keymaster_device.cpp, Line 131: Creating device
11-09 19:41:47.804  3175  3175 D SoftKeymaster: system/keymaster/soft_keymaster_device.cpp, Line 132: Device address: 0x7f90c3e000
11-09 19:41:47.804  3175  3175 I keystore: Keymaster0 module is software-only.  Using SoftKeymasterDevice instead.
11-09 19:41:47.804  3175  3175 I SoftKeymaster: system/keymaster/soft_keymaster_device.cpp, Line 131: Creating device
11-09 19:41:47.804  3175  3175 D SoftKeymaster: system/keymaster/soft_keymaster_device.cpp, Line 132: Device address: 0x7f90c3e400
11-09 19:41:47.804  3164  3164 E Sensorhubs: !@check sensor_device, nodeNumber: 14, deviceName: ssp_context
11-09 19:41:47.804  3164  3164 E Sensorhubs: !@check sensor_device, matched ssp_context
11-09 19:41:47.804  3164  3164 I SensorHubService: HardwareSensorHub
11-09 19:41:47.804  3164  3164 I SensorHubService: HardwareSensorHub
11-09 19:41:47.804  3164  3190 D SensorHubService: nuSensorHubService thread starting...
11-09 19:41:47.805  3164  3164 I sensorhubservice: SensorHubService is starting now........................................
11-09 19:41:47.814  3181  3181 I fingerprintd: Starting fingerprintd
11-09 19:41:47.814  3180  3180 I Netd    : Netd 1.0 starting
11-09 19:41:47.815  3180  3180 D TetherController: Setting IP forward enable = 0
11-09 19:41:47.816  3191  3191 I cm      : | | | | | |  __/ (_| | (_| |  __/ (_) \__ \ 
11-09 19:41:47.818  3180  3180 I QtiConnectivityAdapter: Failed to open libconnctrl, some features may not be present.
11-09 19:41:47.818  3180  3180 E         : Failed to open libdatactrl, some features may not be present.
11-09 19:41:47.819  3180  3180 E         : Failed to open libcsm_data, some features may not be present.
11-09 19:41:47.826  3182  3182 I gatekeeperd: Starting gatekeeperd...
11-09 19:41:47.827  3182  3182 W gatekeeperd: falling back to software GateKeeper
11-09 19:41:47.827  3182  3182 I gatekeeperd: cold boot: clearing state
11-09 19:41:47.834  3193  3193 I cm      : |_|_|_| |_|\___|\__,_|\__, |\___|\___/|___/ 
11-09 19:41:47.836  3141  3141 I TeeMcDaemon: TEE is ready [hardware/samsung_slsi/exynos8895/mobicore_kinibi400/Daemon/src/SecureWorld.cpp:332]
11-09 19:41:47.838  3141  3141 I TeeMcDaemon: t-base-EXYNOS64-Android-400A-V011-20170203_131128_25330_57476 [hardware/samsung_slsi/exynos8895/mobicore_kinibi400/Daemon/src/MobiCoreDriverDaemon.cpp:280]
11-09 19:41:47.838  3141  3141 I TeeMcDaemon: Specific partition path used for Store_1.tf, stored in /efs/TEE [hardware/samsung_slsi/exynos8895/mobicore_kinibi400/Daemon/src/FSD2.cpp:340]
11-09 19:41:47.838  3141  3141 I TeeMcDaemon: Start services [hardware/samsung_slsi/exynos8895/mobicore_kinibi400/Daemon/src/MobiCoreDriverDaemon.cpp:304]
11-09 19:41:47.838  3141  3141 I TeeMcDaemon: * start secure world interface [hardware/samsung_slsi/exynos8895/mobicore_kinibi400/Daemon/src/MobiCoreDriverDaemon.cpp:308]
11-09 19:41:47.838  3141  3141 I TeeMcDaemon: * start filesystem [hardware/samsung_slsi/exynos8895/mobicore_kinibi400/Daemon/src/MobiCoreDriverDaemon.cpp:308]
11-09 19:41:47.839  3141  3141 I TeeMcDaemon: driver version: v6.3 [hardware/samsung_slsi/exynos8895/mobicore_kinibi400/ClientLib/src/driver.cpp:71]
11-09 19:41:47.839  3141  3141 I TeeMcDaemon: driver open [hardware/samsung_slsi/exynos8895/mobicore_kinibi400/ClientLib/src/driver.cpp:84]
11-09 19:41:47.839  3141  3141 I TeeMcDaemon: Kinibi access granted by the driver [hardware/samsung_slsi/exynos8895/mobicore_kinibi400/ClientLib/src/common.cpp:217]
11-09 19:41:47.845  3141  3197 I TeeMcDaemon: Start listening to secure world [hardware/samsung_slsi/exynos8895/mobicore_kinibi400/Daemon/src/SecureWorld.cpp:466]
11-09 19:41:47.847  3141  3197 W TeeMcDaemon: Cannot open trustlet /data/misc/mcRegistry/07050501000000000000000000000020.tlbin (No such file or directory) [hardware/samsung_slsi/exynos8895/mobicore_kinibi400/Daemon/src/SecureWorld.cpp:195]
11-09 19:41:47.849  3141  3141 I TeeMcDaemon: * start registry update [hardware/samsung_slsi/exynos8895/mobicore_kinibi400/Daemon/src/MobiCoreDriverDaemon.cpp:308]
11-09 19:41:47.849  3141  3141 I TeeMcDaemon: * start registry server [hardware/samsung_slsi/exynos8895/mobicore_kinibi400/Daemon/src/MobiCoreDriverDaemon.cpp:308]
11-09 19:41:47.850  3141  3141 I TeeMcDaemon: * start debug session [hardware/samsung_slsi/exynos8895/mobicore_kinibi400/Daemon/src/MobiCoreDriverDaemon.cpp:308]
11-09 19:41:47.850  3141  3197 W TeeMcDaemon: Cannot open trustlet /data/misc/mcRegistry/08050500000000000000000000000000.tlbin (No such file or directory) [hardware/samsung_slsi/exynos8895/mobicore_kinibi400/Daemon/src/SecureWorld.cpp:195]
11-09 19:41:47.851  3141  3141 I TeeMcDaemon: session opened [hardware/samsung_slsi/exynos8895/mobicore_kinibi400/Daemon/src/DebugSession.cpp:113]
11-09 19:41:47.851  3141  3141 I TeeMcDaemon: Load secure drivers [hardware/samsung_slsi/exynos8895/mobicore_kinibi400/Daemon/src/MobiCoreDriverDaemon.cpp:318]
11-09 19:41:47.851  3141  3141 I TeeMcDaemon: * loading /system/app/FFFFFFFF000000000000000000000001.drbin [hardware/samsung_slsi/exynos8895/mobicore_kinibi400/Daemon/src/MobiCoreDriverDaemon.cpp:323]
11-09 19:41:47.851  3141  3198 I TeeMcDaemon: void FileSystem::Impl::run(): Start listening for request from STH2 [hardware/samsung_slsi/exynos8895/mobicore_kinibi400/Daemon/src/FSD2.cpp:443]
11-09 19:41:47.852  3196  3196 I cm      :                       |___/ 
11-09 19:41:47.856  3141  3141 I TeeMcDaemon: * loading /system/app/mcRegistry/ffffffffd0000000000000000000000a.tlbin [hardware/samsung_slsi/exynos8895/mobicore_kinibi400/Daemon/src/MobiCoreDriverDaemon.cpp:323]
11-09 19:41:47.856  3141  3199 I TeeRegistryUpdate: Starting registry update open thread [hardware/samsung_slsi/exynos8895/mobicore_kinibi400/Daemon/src/RegistryUpdate.cpp:85]
11-09 19:41:47.857  3141  3200 I TeeMcDaemon: void RegistryServer::Impl::run(): Starting server [hardware/samsung_slsi/exynos8895/mobicore_kinibi400/Daemon/src/RegistryServer.cpp:230]
11-09 19:41:47.858  3141  3199 I TeeRegistryUpdate: Exiting registry update open thread [hardware/samsung_slsi/exynos8895/mobicore_kinibi400/Daemon/src/RegistryUpdate.cpp:143]
11-09 19:41:47.863  3148  3148 D libEGL  : loaded /vendor/lib64/egl/libGLES_mali.so
11-09 19:41:47.874  3165  3165 I cameraserver: ServiceManager: 0xf6719440
11-09 19:41:47.875  3165  3165 I CameraService: CameraService started (pid=3165)
11-09 19:41:47.875  3165  3165 I CameraService: CameraService process starting
11-09 19:41:47.875  3165  3165 W BatteryNotifier: batterystats service unavailable!
11-09 19:41:47.875  3165  3165 W BatteryNotifier: batterystats service unavailable!
11-09 19:41:47.876  3165  3165 E CameraService: Could not load camera HAL module: -2 (No such file or directory)
11-09 19:41:47.885  3176  3176 I mediacodec: @@@ mediacodecservice starting
11-09 19:41:47.886  3176  3176 W /system/bin/mediacodec: libminijail: allowing syscall: clock_gettime
11-09 19:41:47.886  3176  3176 W /system/bin/mediacodec: libminijail: allowing syscall: connect
11-09 19:41:47.886  3176  3176 W /system/bin/mediacodec: libminijail: allowing syscall: fcntl64
11-09 19:41:47.886  3176  3176 W /system/bin/mediacodec: libminijail: allowing syscall: socket
11-09 19:41:47.886  3176  3176 W /system/bin/mediacodec: libminijail: allowing syscall: writev
11-09 19:41:47.888  3176  3176 W /system/bin/mediacodec: libminijail: logging seccomp filter failures
11-09 19:41:47.890  3141  3141 I TeeMcDaemon: * loading /system/app/mcRegistry/ffffffffd00000000000000000000016.tlbin [hardware/samsung_slsi/exynos8895/mobicore_kinibi400/Daemon/src/MobiCoreDriverDaemon.cpp:323]
11-09 19:41:47.891  3172  3172 I         : sMaxFastTracks = 8
11-09 19:41:47.892  3172  3172 I audioserver: ServiceManager: 0xf6819440
11-09 19:41:47.892  3172  3172 W BatteryNotifier: batterystats service unavailable!
11-09 19:41:47.892  3172  3172 I AudioFlinger: Using default 3000 mSec as standby time.
11-09 19:41:47.892  3172  3172 I AudioPolicyService: AudioPolicyService CSTOR in new mode
11-09 19:41:47.899  3172  3172 I APM::ConfigParsingUtils: loadAudioPolicyConfig() loaded /vendor/etc/audio_policy.conf
11-09 19:41:47.900  3148  3148 I gralloc : using (id=)
11-09 19:41:47.900  3148  3148 I gralloc : xres         = 1440 px
11-09 19:41:47.900  3148  3148 I gralloc : yres         = 2960 px
11-09 19:41:47.900  3148  3148 I gralloc : width        = 70 mm (522.514282 dpi)
11-09 19:41:47.900  3148  3148 I gralloc : height       = 143 mm (525.762268 dpi)
11-09 19:41:47.900  3148  3148 I gralloc : refresh rate = 60.00 Hz
11-09 19:41:47.912  3225  3225 I cm      : Welcome to Android 7.1.2 / LineageOS-14.1-20171109_030826-UNOFFICIAL-dream2lte 
11-09 19:41:47.930  3227  3227 I sysinit : Running /system/etc/init.d/90userinit 
11-09 19:41:47.937  3148  3148 W hwcomposer: invalid refresh rate, assuming 60 Hz
11-09 19:41:47.937  3148  3148 D hwcomposer: using
11-09 19:41:47.937  3148  3148 D hwcomposer: xres         = 1440 px
11-09 19:41:47.937  3148  3148 D hwcomposer: yres         = 2960 px
11-09 19:41:47.937  3148  3148 D hwcomposer: width        = 70 mm (522.514000 dpi)
11-09 19:41:47.937  3148  3148 D hwcomposer: height       = 143 mm (525.762000 dpi)
11-09 19:41:47.937  3148  3148 D hwcomposer: refresh rate = 60 Hz
11-09 19:41:47.937  3148  3148 I hwcomposer: PSR info devname = /sys/devices/platform/12860000.decon_f/psr_info
11-09 19:41:47.938  3148  3148 I hwcomposer: PSR mode is 2(0: video mode, 1: DP PSR mode, 2: MIPI-DSI command mode)
11-09 19:41:47.938  3148  3148 I SurfaceFlinger: Using composer version 1.4
11-09 19:41:47.938  3148  3148 E display : unknown display attribute 6
11-09 19:41:47.938  3148  3148 I SurfaceFlinger: EGL information:
11-09 19:41:47.938  3148  3148 I SurfaceFlinger: vendor    : Android
11-09 19:41:47.938  3148  3148 I SurfaceFlinger: version   : 1.4 Android META-EGL
11-09 19:41:47.938  3148  3148 I SurfaceFlinger: extensions: EGL_KHR_get_all_proc_addresses EGL_ANDROID_presentation_time EGL_KHR_swap_buffers_with_damage EGL_ANDROID_create_native_client_buffer EGL_ANDROID_front_buffer_auto_refresh EGL_KHR_image EGL_KHR_image_base EGL_KHR_gl_texture_2D_image EGL_KHR_gl_texture_cubemap_image EGL_KHR_gl_renderbuffer_image EGL_KHR_fence_sync EGL_KHR_create_context EGL_KHR_config_attribs EGL_KHR_surfaceless_context EGL_EXT_create_context_robustness EGL_ANDROID_image_native_buffer EGL_KHR_wait_sync EGL_ANDROID_recordable EGL_KHR_partial_update EGL_KHR_mutable_render_buffer EGL_EXT_protected_content 
11-09 19:41:47.938  3148  3148 I SurfaceFlinger: Client API: OpenGL_ES
11-09 19:41:47.938  3148  3148 I SurfaceFlinger: EGLSurface: 8-8-8-8, config=0x7f9da69138
11-09 19:41:47.943  3169  3169 D gpsd    : WakeLock(Release,GPSD)
11-09 19:41:47.945  3168  3168 D lhd     : OnIpcConnect
11-09 19:41:47.947  3169  3169 D gpsd    : WakeLock(Release,SUPL)
11-09 19:41:47.947  3169  3169 I gpsd_d  : GNSS: 282637
11-09 19:41:47.948  3169  3169 I gpsd_d  : CustomerModule::Create chip info "Broadcom,BCM4774,282637" written into /data/system/gps//chip.info
11-09 19:41:47.948  3169  3169 D wrapperGPS: wrapperOpenClient_RILD
11-09 19:41:47.948  3169  3169 E wrapperGPS: wrapperOpenClient_RILD: RegisterUnsolicitedHandler() UNSOL_GPS_NOTI (11009)
11-09 19:41:47.948  3169  3169 D wrapperGPS: wrapperRegisterRequestCompleteHandler
11-09 19:41:47.948  3169  3169 D wrapperGPS: wrapperRegisterUnsolicitedHandler id(12009), handler(0x136f5dd30)
11-09 19:41:47.948  3169  3169 D wrapperGPS: wrapperRegisterErrorCallback
11-09 19:41:47.948  3169  3169 D wrapperGPS: wrapperConnect_RILD
11-09 19:41:47.949  3148  3148 I SurfaceFlinger: OpenGL ES informations:
11-09 19:41:47.949  3148  3148 I SurfaceFlinger: vendor    : ARM
11-09 19:41:47.949  3148  3148 I SurfaceFlinger: renderer  : Mali-G71
11-09 19:41:47.949  3148  3148 I SurfaceFlinger: version   : OpenGL ES 3.2 v1.r3p0-00rel0.52a2c5ce14e045eb8b9074c171442f91
11-09 19:41:47.949  3148  3148 I SurfaceFlinger: extensions: GL_EXT_debug_marker GL_ARM_rgba8 GL_ARM_mali_shader_binary GL_OES_depth24 GL_OES_depth_texture GL_OES_depth_texture_cube_map GL_OES_packed_depth_stencil GL_OES_rgb8_rgba8 GL_EXT_read_format_bgra GL_OES_compressed_paletted_texture GL_OES_compressed_ETC1_RGB8_texture GL_OES_standard_derivatives GL_OES_EGL_image GL_OES_EGL_image_external GL_OES_EGL_image_external_essl3 GL_OES_EGL_sync GL_OES_texture_npot GL_OES_vertex_half_float GL_OES_required_internalformat GL_OES_vertex_array_object GL_OES_mapbuffer GL_EXT_texture_format_BGRA8888 GL_EXT_texture_rg GL_EXT_texture_type_2_10_10_10_REV GL_OES_fbo_render_mipmap GL_OES_element_index_uint GL_EXT_shadow_samplers GL_OES_texture_compression_astc GL_KHR_texture_compression_astc_ldr GL_KHR_texture_compression_astc_hdr GL_KHR_texture_compression_astc_sliced_3d GL_KHR_debug GL_EXT_occlusion_query_boolean GL_EXT_disjoint_timer_query GL_EXT_blend_minmax GL_EXT_discard_framebuffer GL_OES_get_program_binary GL_OES_texture_3D GL_EXT_texture_storage GL_EXT_multisamp
11-09 19:41:47.949  3148  3148 I SurfaceFlinger: GL_MAX_TEXTURE_SIZE = 16384
11-09 19:41:47.949  3148  3148 I SurfaceFlinger: GL_MAX_VIEWPORT_DIMS = 16384
11-09 19:41:47.952  3148  3148 D mali_winsys: EGLint new_window_surface(egl_winsys_display*, void*, EGLSurface, EGLConfig, egl_winsys_surface**, egl_color_buffer_format*, EGLBoolean) returns 0x3000,  [1440x2960]-format:1
11-09 19:41:47.952  3141  3198 I TeeMcDaemon: TEEC_Result Partition::open(): Open storage file "/efs/TEE/Store_1.tf" [hardware/samsung_slsi/exynos8895/mobicore_kinibi400/Daemon/src/FSD2.cpp:157]
11-09 19:41:47.953  3141  3198 I TeeMcDaemon: TEEC_Result Partition::open(): storage file "/efs/TEE/Store_1.tf" successfully open (size: 23 KB / 23552 B)) [hardware/samsung_slsi/exynos8895/mobicore_kinibi400/Daemon/src/FSD2.cpp:166]
11-09 19:41:47.967  3077  3077 W auditd  : type=1325 audit(0.0:18): table=filter family=2 entries=4
11-09 19:41:47.967  3077  3077 W auditd  : type=1320 audit(0.0:18): 
11-09 19:41:47.975  3077  3077 W auditd  : type=1325 audit(0.0:19): table=filter family=10 entries=4
11-09 19:41:47.975  3077  3077 W auditd  : type=1320 audit(0.0:19): 
11-09 19:41:47.979  3177  3177 I mediaserver: ServiceManager: 0xf60994a0
11-09 19:41:47.989  3141  3141 I TeeMcDaemon: Daemon running [hardware/samsung_slsi/exynos8895/mobicore_kinibi400/Daemon/src/MobiCoreDriverDaemon.cpp:342]
11-09 19:41:47.999  3178  3178 V MediaUtils: physMem: 3645853696
11-09 19:41:47.999  3178  3178 V MediaUtils: requested limit: 729170720
11-09 19:41:47.999  3178  3178 V MediaUtils: actual limit: 729170720
11-09 19:41:47.999  3178  3178 V MediaUtils: original limits: 4294967295/4294967295
11-09 19:41:47.999  3178  3178 V MediaUtils: new limits: 729170720/4294967295
11-09 19:41:47.999  3178  3178 W /system/bin/mediaextractor: libminijail: allowing syscall: clock_gettime
11-09 19:41:47.999  3178  3178 W /system/bin/mediaextractor: libminijail: allowing syscall: connect
11-09 19:41:47.999  3178  3178 W /system/bin/mediaextractor: libminijail: allowing syscall: fcntl64
11-09 19:41:47.999  3178  3178 W /system/bin/mediaextractor: libminijail: allowing syscall: socket
11-09 19:41:47.999  3178  3178 W /system/bin/mediaextractor: libminijail: allowing syscall: writev
11-09 19:41:47.999  3179  3179 I mediaserver: ServiceManager: 0xf64994a0
11-09 19:41:48.000  3178  3178 W /system/bin/mediaextractor: libminijail: logging seccomp filter failures
11-09 19:41:48.003  3077  3077 W auditd  : type=1325 audit(0.0:20): table=filter family=2 entries=6
11-09 19:41:48.003  3077  3077 W auditd  : type=1320 audit(0.0:20): 
11-09 19:41:48.014  3179  3179 W BatteryNotifier: batterystats service unavailable!
11-09 19:41:48.015  3077  3077 W auditd  : type=1325 audit(0.0:21): table=filter family=10 entries=6
11-09 19:41:48.015  3077  3077 W auditd  : type=1320 audit(0.0:21): 
11-09 19:41:48.067  3077  3077 W auditd  : type=1325 audit(0.0:22): table=filter family=2 entries=7
11-09 19:41:48.067  3077  3077 W auditd  : type=1320 audit(0.0:22): 
11-09 19:41:48.075  3077  3077 W auditd  : type=1325 audit(0.0:23): table=filter family=10 entries=7
11-09 19:41:48.075  3077  3077 W auditd  : type=1320 audit(0.0:23): 
11-09 19:41:48.091  3077  3077 W auditd  : type=1325 audit(0.0:24): table=filter family=2 entries=9
11-09 19:41:48.091  3077  3077 W auditd  : type=1320 audit(0.0:24): 
11-09 19:41:48.099  3077  3077 W auditd  : type=1325 audit(0.0:25): table=filter family=10 entries=9
11-09 19:41:48.099  3077  3077 W auditd  : type=1320 audit(0.0:25): 
11-09 19:41:48.126  3167  3167 V wifiloader: /proc/deferred_initcalls=0
11-09 19:41:48.126  3167  3167 V wifiloader: 
11-09 19:41:48.187  3077  3077 W auditd  : type=1325 audit(0.0:26): table=filter family=2 entries=10
11-09 19:41:48.187  3077  3077 W auditd  : type=1320 audit(0.0:26): 
11-09 19:41:48.195  3077  3077 W auditd  : type=1325 audit(0.0:27): table=filter family=10 entries=10
11-09 19:41:48.195  3077  3077 W auditd  : type=1320 audit(0.0:27): 
11-09 19:41:48.199  3077  3077 W auditd  : type=1325 audit(0.0:28): table=filter family=2 entries=12
11-09 19:41:48.199  3077  3077 W auditd  : type=1320 audit(0.0:28): 
11-09 19:41:48.215  3077  3077 W auditd  : type=1325 audit(0.0:29): table=filter family=10 entries=12
11-09 19:41:48.215  3077  3077 W auditd  : type=1320 audit(0.0:29): 
11-09 19:41:48.247  3170  3170 D AndroidRuntime: >>>>>> START com.android.internal.os.ZygoteInit uid 0 <<<<<<
11-09 19:41:48.258  3170  3170 D AndroidRuntime: CheckJNI is OFF
11-09 19:41:48.263  3170  3170 I art     : option[0]=-Xzygote
11-09 19:41:48.263  3170  3170 I art     : option[1]=-Xstacktracefile:/data/anr/traces.txt
11-09 19:41:48.263  3170  3170 I art     : option[2]=exit
11-09 19:41:48.263  3170  3170 I art     : option[3]=vfprintf
11-09 19:41:48.263  3170  3170 I art     : option[4]=sensitiveThread
11-09 19:41:48.263  3170  3170 I art     : option[5]=-verbose:gc
11-09 19:41:48.263  3170  3170 I art     : option[6]=-Xms8m
11-09 19:41:48.263  3170  3170 I art     : option[7]=-Xmx512m
11-09 19:41:48.263  3170  3170 I art     : option[8]=-XX:HeapGrowthLimit=256m
11-09 19:41:48.263  3170  3170 I art     : option[9]=-XX:HeapMinFree=2m
11-09 19:41:48.263  3170  3170 I art     : option[10]=-XX:HeapMaxFree=8m
11-09 19:41:48.263  3170  3170 I art     : option[11]=-XX:HeapTargetUtilization=0.75
11-09 19:41:48.263  3170  3170 I art     : option[12]=-Xusejit:true
11-09 19:41:48.263  3170  3170 I art     : option[13]=-Xjitsaveprofilinginfo
11-09 19:41:48.263  3170  3170 I art     : option[14]=-agentlib:jdwp=transport=dt_android_adb,suspend=n,server=y
11-09 19:41:48.263  3170  3170 I art     : option[15]=-Xlockprofthreshold:500
11-09 19:41:48.263  3170  3170 I art     : option[16]=-Ximage-compiler-option
11-09 19:41:48.263  3170  3170 I art     : option[17]=--runtime-arg
11-09 19:41:48.263  3170  3170 I art     : option[18]=-Ximage-compiler-option
11-09 19:41:48.263  3170  3170 I art     : option[19]=-Xms64m
11-09 19:41:48.263  3170  3170 I art     : option[20]=-Ximage-compiler-option
11-09 19:41:48.263  3170  3170 I art     : option[21]=--runtime-arg
11-09 19:41:48.263  3170  3170 I art     : option[22]=-Ximage-compiler-option
11-09 19:41:48.263  3170  3170 I art     : option[23]=-Xmx64m
11-09 19:41:48.263  3170  3170 I art     : option[24]=-Ximage-compiler-option
11-09 19:41:48.263  3170  3170 I art     : option[25]=--image-classes=/system/etc/preloaded-classes
11-09 19:41:48.263  3170  3170 I art     : option[26]=-Ximage-compiler-option
11-09 19:41:48.263  3170  3170 I art     : option[27]=--compiled-classes=/system/etc/compiled-classes
11-09 19:41:48.263  3170  3170 I art     : option[28]=-Xcompiler-option
11-09 19:41:48.263  3170  3170 I art     : option[29]=--runtime-arg
11-09 19:41:48.263  3170  3170 I art     : option[30]=-Xcompiler-option
11-09 19:41:48.263  3170  3170 I art     : option[31]=-Xms64m
11-09 19:41:48.263  3170  3170 I art     : option[32]=-Xcompiler-option
11-09 19:41:48.263  3170  3170 I art     : option[33]=--runtime-arg
11-09 19:41:48.263  3170  3170 I art     : option[34]=-Xcompiler-option
11-09 19:41:48.263  3170  3170 I art     : option[35]=-Xmx512m
11-09 19:41:48.263  3170  3170 I art     : option[36]=-Ximage-compiler-option
11-09 19:41:48.263  3170  3170 I art     : option[37]=--instruction-set-variant=generic
11-09 19:41:48.263  3170  3170 I art     : option[38]=-Xcompiler-option
11-09 19:41:48.263  3170  3170 I art     : option[39]=--instruction-set-variant=generic
11-09 19:41:48.263  3170  3170 I art     : option[40]=-Ximage-compiler-option
11-09 19:41:48.263  3170  3170 I art     : option[41]=--instruction-set-features=default
11-09 19:41:48.263  3170  3170 I art     : option[42]=-Xcompiler-option
11-09 19:41:48.263  3170  3170 I art     : option[43]=--instruction-set-features=default
11-09 19:41:48.263  3170  3170 I art     : option[44]=-Duser.locale=en-US
11-09 19:41:48.263  3170  3170 I art     : option[45]=--cpu-abilist=arm64-v8a
11-09 19:41:48.263  3170  3170 I art     : option[46]=-Xfingerprint:samsung/dream2ltexx/dream2lte:7.0/NRD90M/G955FXXU1AQH3:user/release-keys
11-09 19:41:48.282  3170  3170 I art     : Pruning dalvik-cache since we are generating an image and will need to recompile
11-09 19:41:48.282  3170  3170 I art     : Using an offset of 0xd69000 from default art base address of 0x70000000
11-09 19:41:48.282  3170  3170 I art     : GenerateImage: /system/bin/dex2oat --image=/data/dalvik-cache/arm64/system@framework@boot.art --dex-file=/system/framework/core-oj.jar --dex-file=/system/framework/core-libart.jar --dex-file=/system/framework/conscrypt.jar --dex-file=/system/framework/okhttp.jar --dex-file=/system/framework/core-junit.jar --dex-file=/system/framework/bouncycastle.jar --dex-file=/system/framework/ext.jar --dex-file=/system/framework/framework.jar --dex-file=/system/framework/telephony-common.jar --dex-file=/system/framework/voip-common.jar --dex-file=/system/framework/ims-common.jar --dex-file=/system/framework/apache-xml.jar --dex-file=/system/framework/org.apache.http.legacy.boot.jar --dex-file=/system/framework/telephony-ext.jar --oat-file=/data/dalvik-cache/arm64/system@framework@boot.oat --instruction-set=arm64 --instruction-set-features=smp,a53 --base=0x70d69000 --runtime-arg -Xms64m --runtime-arg -Xmx64m --image-classes=/system/etc/preloaded-classes --compiled-classes=/system/etc/compiled-classes --instruction-set-vari
11-09 19:41:48.319  3171  3171 D AndroidRuntime: >>>>>> START com.android.internal.os.ZygoteInit uid 0 <<<<<<
11-09 19:41:48.332  3171  3171 D AndroidRuntime: CheckJNI is OFF
11-09 19:41:48.335  3077  3077 W auditd  : type=1325 audit(0.0:30): table=filter family=2 entries=13
11-09 19:41:48.335  3077  3077 W auditd  : type=1320 audit(0.0:30): 
11-09 19:41:48.336  3171  3171 I art     : option[0]=-Xzygote
11-09 19:41:48.336  3171  3171 I art     : option[1]=-Xstacktracefile:/data/anr/traces.txt
11-09 19:41:48.336  3171  3171 I art     : option[2]=exit
11-09 19:41:48.336  3171  3171 I art     : option[3]=vfprintf
11-09 19:41:48.336  3171  3171 I art     : option[4]=sensitiveThread
11-09 19:41:48.337  3171  3171 I art     : option[5]=-verbose:gc
11-09 19:41:48.337  3171  3171 I art     : option[6]=-Xms8m
11-09 19:41:48.337  3171  3171 I art     : option[7]=-Xmx512m
11-09 19:41:48.337  3171  3171 I art     : option[8]=-XX:HeapGrowthLimit=256m
11-09 19:41:48.337  3171  3171 I art     : option[9]=-XX:HeapMinFree=2m
11-09 19:41:48.337  3171  3171 I art     : option[10]=-XX:HeapMaxFree=8m
11-09 19:41:48.337  3171  3171 I art     : option[11]=-XX:HeapTargetUtilization=0.75
11-09 19:41:48.337  3171  3171 I art     : option[12]=-Xusejit:true
11-09 19:41:48.337  3171  3171 I art     : option[13]=-Xjitsaveprofilinginfo
11-09 19:41:48.337  3305  3305 I dex2oat : /system/bin/dex2oat --image=/data/dalvik-cache/arm64/system@framework@boot.art --dex-file=/system/framework/core-oj.jar --dex-file=/system/framework/core-libart.jar --dex-file=/system/framework/conscrypt.jar --dex-file=/system/framework/okhttp.jar --dex-file=/system/framework/core-junit.jar --dex-file=/system/framework/bouncycastle.jar --dex-file=/system/framework/ext.jar --dex-file=/system/framework/framework.jar --dex-file=/system/framework/telephony-common.jar --dex-file=/system/framework/voip-common.jar --dex-file=/system/framework/ims-common.jar --dex-file=/system/framework/apache-xml.jar --dex-file=/system/framework/org.apache.http.legacy.boot.jar --dex-file=/system/framework/telephony-ext.jar --oat-file=/data/dalvik-cache/arm64/system@framework@boot.oat --instruction-set=arm64 --instruction-set-features=smp,a53 --base=0x70d69000 --runtime-arg -Xms64m --runtime-arg -Xmx64m --image-classes=/system/etc/preloaded-classes --compiled-classes=/system/etc/compiled-classes --instruction-set-variant=generic --i
11-09 19:41:48.337  3171  3171 I art     : option[14]=-agentlib:jdwp=transport=dt_android_adb,suspend=n,server=y
11-09 19:41:48.337  3171  3171 I art     : option[15]=-Xlockprofthreshold:500
11-09 19:41:48.337  3171  3171 I art     : option[16]=-Ximage-compiler-option
11-09 19:41:48.337  3171  3171 I art     : option[17]=--runtime-arg
11-09 19:41:48.337  3171  3171 I art     : option[18]=-Ximage-compiler-option
11-09 19:41:48.337  3171  3171 I art     : option[19]=-Xms64m
11-09 19:41:48.337  3171  3171 I art     : option[20]=-Ximage-compiler-option
11-09 19:41:48.337  3171  3171 I art     : option[21]=--runtime-arg
11-09 19:41:48.337  3171  3171 I art     : option[22]=-Ximage-compiler-option
11-09 19:41:48.337  3171  3171 I art     : option[23]=-Xmx64m
11-09 19:41:48.337  3171  3171 I art     : option[24]=-Ximage-compiler-option
11-09 19:41:48.337  3171  3171 I art     : option[25]=--image-classes=/system/etc/preloaded-classes
11-09 19:41:48.337  3171  3171 I art     : option[26]=-Ximage-compiler-option
11-09 19:41:48.337  3171  3171 I art     : option[27]=--compiled-classes=/system/etc/compiled-classes
11-09 19:41:48.337  3171  3171 I art     : option[28]=-Xcompiler-option
11-09 19:41:48.337  3171  3171 I art     : option[29]=--runtime-arg
11-09 19:41:48.337  3171  3171 I art     : option[30]=-Xcompiler-option
11-09 19:41:48.337  3171  3171 I art     : option[31]=-Xms64m
11-09 19:41:48.337  3171  3171 I art     : option[32]=-Xcompiler-option
11-09 19:41:48.337  3171  3171 I art     : option[33]=--runtime-arg
11-09 19:41:48.337  3171  3171 I art     : option[34]=-Xcompiler-option
11-09 19:41:48.337  3171  3171 I art     : option[35]=-Xmx512m
11-09 19:41:48.337  3171  3171 I art     : option[36]=-Ximage-compiler-option
11-09 19:41:48.337  3171  3171 I art     : option[37]=--instruction-set-variant=cortex-a53.a57
11-09 19:41:48.337  3171  3171 I art     : option[38]=-Xcompiler-option
11-09 19:41:48.337  3171  3171 I art     : option[39]=--instruction-set-variant=cortex-a53.a57
11-09 19:41:48.338  3171  3171 I art     : option[40]=-Ximage-compiler-option
11-09 19:41:48.338  3171  3171 I art     : option[41]=--instruction-set-features=default
11-09 19:41:48.338  3171  3171 I art     : option[42]=-Xcompiler-option
11-09 19:41:48.338  3171  3171 I art     : option[43]=--instruction-set-features=default
11-09 19:41:48.338  3171  3171 I art     : option[44]=-Duser.locale=en-US
11-09 19:41:48.338  3171  3171 I art     : option[45]=--cpu-abilist=armeabi-v7a,armeabi
11-09 19:41:48.338  3171  3171 I art     : option[46]=-Xfingerprint:samsung/dream2ltexx/dream2lte:7.0/NRD90M/G955FXXU1AQH3:user/release-keys
11-09 19:41:48.359  3171  3171 I art     : Pruning dalvik-cache since we are generating an image and will need to recompile
11-09 19:41:48.361  3171  3171 I art     : Using an offset of 0xffc84000 from default art base address of 0x70000000
11-09 19:41:48.361  3171  3171 I art     : GenerateImage: /system/bin/dex2oat --image=/data/dalvik-cache/arm/system@framework@boot.art --dex-file=/system/framework/core-oj.jar --dex-file=/system/framework/core-libart.jar --dex-file=/system/framework/conscrypt.jar --dex-file=/system/framework/okhttp.jar --dex-file=/system/framework/core-junit.jar --dex-file=/system/framework/bouncycastle.jar --dex-file=/system/framework/ext.jar --dex-file=/system/framework/framework.jar --dex-file=/system/framework/telephony-common.jar --dex-file=/system/framework/voip-common.jar --dex-file=/system/framework/ims-common.jar --dex-file=/system/framework/apache-xml.jar --dex-file=/system/framework/org.apache.http.legacy.boot.jar --dex-file=/system/framework/telephony-ext.jar --oat-file=/data/dalvik-cache/arm/system@framework@boot.oat --instruction-set=arm --instruction-set-features=smp,div,atomic_ldrd_strd --base=0x6fc84000 --runtime-arg -Xms64m --runtime-arg -Xmx64m --image-classes=/system/etc/preloaded-classes --compiled-classes=/system/etc/compiled-classes --instructi
11-09 19:41:48.365  3305  3305 I dex2oat : setting boot class path to /system/framework/core-oj.jar:/system/framework/core-libart.jar:/system/framework/conscrypt.jar:/system/framework/okhttp.jar:/system/framework/core-junit.jar:/system/framework/bouncycastle.jar:/system/framework/ext.jar:/system/framework/framework.jar:/system/framework/telephony-common.jar:/system/framework/voip-common.jar:/system/framework/ims-common.jar:/system/framework/apache-xml.jar:/system/framework/org.apache.http.legacy.boot.jar:/system/framework/telephony-ext.jar
11-09 19:41:48.367  3077  3077 W auditd  : type=1325 audit(0.0:31): table=filter family=10 entries=13
11-09 19:41:48.367  3077  3077 W auditd  : type=1320 audit(0.0:31): 
11-09 19:41:48.375  3077  3077 W auditd  : type=1325 audit(0.0:32): table=filter family=2 entries=15
11-09 19:41:48.375  3077  3077 W auditd  : type=1320 audit(0.0:32): 
11-09 19:41:48.380  3315  3315 I dex2oat : /system/bin/dex2oat --image=/data/dalvik-cache/arm/system@framework@boot.art --dex-file=/system/framework/core-oj.jar --dex-file=/system/framework/core-libart.jar --dex-file=/system/framework/conscrypt.jar --dex-file=/system/framework/okhttp.jar --dex-file=/system/framework/core-junit.jar --dex-file=/system/framework/bouncycastle.jar --dex-file=/system/framework/ext.jar --dex-file=/system/framework/framework.jar --dex-file=/system/framework/telephony-common.jar --dex-file=/system/framework/voip-common.jar --dex-file=/system/framework/ims-common.jar --dex-file=/system/framework/apache-xml.jar --dex-file=/system/framework/org.apache.http.legacy.boot.jar --dex-file=/system/framework/telephony-ext.jar --oat-file=/data/dalvik-cache/arm/system@framework@boot.oat --instruction-set=arm --instruction-set-features=smp,div,atomic_ldrd_strd --base=0x6fc84000 --runtime-arg -Xms64m --runtime-arg -Xmx64m --image-classes=/system/etc/preloaded-classes --compiled-classes=/system/etc/compiled-classes --instruction-set-variant=
11-09 19:41:48.383  3077  3077 W auditd  : type=1325 audit(0.0:33): table=filter family=10 entries=15
11-09 19:41:48.383  3077  3077 W auditd  : type=1320 audit(0.0:33): 
11-09 19:41:48.400  3172  3172 E audio_route: Failed to open /system/etc/mixer_paths_0.xml
11-09 19:41:48.404  3315  3315 I dex2oat : setting boot class path to /system/framework/core-oj.jar:/system/framework/core-libart.jar:/system/framework/conscrypt.jar:/system/framework/okhttp.jar:/system/framework/core-junit.jar:/system/framework/bouncycastle.jar:/system/framework/ext.jar:/system/framework/framework.jar:/system/framework/telephony-common.jar:/system/framework/voip-common.jar:/system/framework/ims-common.jar:/system/framework/apache-xml.jar:/system/framework/org.apache.http.legacy.boot.jar:/system/framework/telephony-ext.jar
11-09 19:41:48.406  3172  3172 E audio_hw_primary: mixer_init: Failed to init audio route controls for card 0, aborting.
11-09 19:41:48.406  3172  3172 E audio_hw_primary: adev_open: Failed to init, aborting.
11-09 19:41:48.406  3172  3172 E AudioFlinger: int android::load_audio_interface(const char *, audio_hw_device_t **) couldn't open audio hw device in audio.primary (Invalid argument)
11-09 19:41:48.406  3172  3172 E AudioFlinger: loadHwModule() error -22 loading module primary
11-09 19:41:48.406  3172  3172 W APM_AudioPolicyManager: could not open HW module primary
11-09 19:41:48.408  3172  3172 I bt_a2dp_hw: adev_open:  adev_open in A2dp_hw module
11-09 19:41:48.408  3172  3172 I AudioFlinger: loadHwModule() Loaded a2dp audio interface from A2DP Audio HW HAL (audio) handle 10
11-09 19:41:48.409  3172  3172 I r_submix: adev_open(name=audio_hw_if)
11-09 19:41:48.409  3172  3172 I r_submix: adev_init_check()
11-09 19:41:48.409  3172  3172 I AudioFlinger: loadHwModule() Loaded r_submix audio interface from Wifi Display audio HAL (audio) handle 18
11-09 19:41:48.409  3172  3172 D r_submix: adev_open_input_stream(addr=0)
11-09 19:41:48.409  3172  3172 D r_submix: submix_audio_device_create_pipe_l(addr=0, idx=9)
11-09 19:41:48.409  3172  3172 D r_submix:   now using address 0 for route 9
11-09 19:41:48.409  3172  3323 I AudioFlinger: AudioFlinger's thread 0xf631ee40 ready to run
11-09 19:41:48.409  3172  3172 D r_submix: adev_close_input_stream()
11-09 19:41:48.409  3172  3172 D r_submix: submix_audio_device_release_pipe_l(idx=9) addr=0
11-09 19:41:48.409  3172  3172 D r_submix: submix_audio_device_destroy_pipe_l(): pipe destroyed
11-09 19:41:48.409  3172  3172 W APM_AudioPolicyManager: Output device 00000001 unreachable
11-09 19:41:48.409  3172  3172 W APM_AudioPolicyManager: Output device 00000002 unreachable
11-09 19:41:48.409  3172  3172 W APM_AudioPolicyManager: Input device 80000004 unreachable
11-09 19:41:48.409  3172  3172 W APM_AudioPolicyManager: Input device 80000080 unreachable
11-09 19:41:48.409  3172  3172 W APM_AudioPolicyManager: Input device 80000040 unreachable
11-09 19:41:48.409  3172  3172 E APM_AudioPolicyManager: Default device 00000002 is unreachable
11-09 19:41:48.409  3172  3172 E APM_AudioPolicyManager: Failed to open primary output
11-09 19:41:48.410  3172  3172 I RadioService: RadioService
11-09 19:41:48.410  3172  3172 I RadioService: onFirstRef
11-09 19:41:48.410  3172  3172 E RadioService: couldn't load radio module radio.primary (No such file or directory)
11-09 19:41:48.411  3172  3172 E SoundTriggerHwService: couldn't load sound trigger module sound_trigger.primary (No such file or directory)
11-09 19:41:48.431  3077  3077 W auditd  : type=1325 audit(0.0:34): table=filter family=2 entries=16
11-09 19:41:48.431  3077  3077 W auditd  : type=1320 audit(0.0:34): 
11-09 19:41:48.435  3077  3077 W auditd  : type=1325 audit(0.0:35): table=filter family=10 entries=16
11-09 19:41:48.435  3077  3077 W auditd  : type=1320 audit(0.0:35): 
11-09 19:41:48.439  3077  3077 W auditd  : type=1325 audit(0.0:36): table=filter family=2 entries=18
11-09 19:41:48.893  3148  3148 D SurfaceFlinger: SF. shader cache generated - 26 shaders in 922.441101 ms
11-09 19:41:48.896  3148  3148 D SurfaceFlinger: Set power mode=2, type=0 flinger=0x7f9da48000
11-09 19:41:48.948  3169  3169 D wrapperGPS: wrapperConnect_RILD
11-09 19:41:49.069  3180  3180 V NatController: runCmd(/system/bin/iptables -w -F natctrl_FORWARD) res=0
11-09 19:41:49.073  3180  3180 V NatController: runCmd(/system/bin/ip6tables -w -F natctrl_FORWARD) res=0
11-09 19:41:49.078  3180  3180 V NatController: runCmd(/system/bin/iptables -w -A natctrl_FORWARD -j DROP) res=0
11-09 19:41:49.084  3180  3180 V NatController: runCmd(/system/bin/iptables -w -t nat -F natctrl_nat_POSTROUTING) res=0
11-09 19:41:49.089  3180  3180 V NatController: runCmd(/system/bin/ip6tables -w -t raw -F natctrl_raw_PREROUTING) res=0
11-09 19:41:49.093  3180  3180 V NatController: runCmd(/system/bin/iptables -w -F natctrl_tether_counters) res=1
11-09 19:41:49.098  3180  3180 V NatController: runCmd(/system/bin/ip6tables -w -F natctrl_tether_counters) res=1
11-09 19:41:49.103  3180  3180 V NatController: runCmd(/system/bin/iptables -w -X natctrl_tether_counters) res=1
11-09 19:41:49.109  3180  3180 V NatController: runCmd(/system/bin/ip6tables -w -X natctrl_tether_counters) res=1
11-09 19:41:49.114  3180  3180 V NatController: runCmd(/system/bin/iptables -w -N natctrl_tether_counters) res=0
11-09 19:41:49.119  3180  3180 V NatController: runCmd(/system/bin/ip6tables -w -N natctrl_tether_counters) res=0
11-09 19:41:49.124  3440  3492 D libEGL  : loaded /vendor/lib64/egl/libGLES_mali.so
11-09 19:41:49.126  3180  3180 V NatController: runCmd(/system/bin/iptables -w -t mangle -A natctrl_mangle_FORWARD -p tcp --tcp-flags SYN SYN -j TCPMSS --clamp-mss-to-pmtu) res=0
11-09 19:41:49.139  3440  3492 D mali_winsys: EGLint new_window_surface(egl_winsys_display*, void*, EGLSurface, EGLConfig, egl_winsys_surface**, egl_color_buffer_format*, EGLBoolean) returns 0x3000,  [1440x2960]-format:2
11-09 19:41:49.168  3168  3168 I lhd     : Lhd::LHD Init took 1.367s
11-09 19:41:49.200  3180  3180 E Netd    : cannot find interface dummy0
11-09 19:41:49.201  3180  3180 D MDnsDS  : MDnsSdListener::Hander starting up
11-09 19:41:49.202  3180  3524 D MDnsDS  : MDnsSdListener starting to monitor
11-09 19:41:49.202  3180  3524 D MDnsDS  : Going to poll with pollCount 1
11-09 19:41:49.230  3164  3190 D Sensorhubs: readEvents: 2, 1, -43, 1
11-09 19:41:49.937  3315  3537 W dex2oat : Before Android 4.1, method double java.util.concurrent.ThreadLocalRandom.internalNextDouble(double, double) would have incorrectly overridden the package-private method in java.util.Random
11-09 19:41:49.937  3315  3537 W dex2oat : Before Android 4.1, method int java.util.concurrent.ThreadLocalRandom.internalNextInt(int, int) would have incorrectly overridden the package-private method in java.util.Random
11-09 19:41:49.937  3315  3537 W dex2oat : Before Android 4.1, method long java.util.concurrent.ThreadLocalRandom.internalNextLong(long, long) would have incorrectly overridden the package-private method in java.util.Random
11-09 19:41:49.948  3169  3169 D wrapperGPS: wrapperConnect_RILD
11-09 19:41:49.968  3305  3542 W dex2oat : Before Android 4.1, method double java.util.concurrent.ThreadLocalRandom.internalNextDouble(double, double) would have incorrectly overridden the package-private method in java.util.Random
11-09 19:41:49.968  3305  3542 W dex2oat : Before Android 4.1, method int java.util.concurrent.ThreadLocalRandom.internalNextInt(int, int) would have incorrectly overridden the package-private method in java.util.Random
11-09 19:41:49.968  3305  3542 W dex2oat : Before Android 4.1, method long java.util.concurrent.ThreadLocalRandom.internalNextLong(long, long) would have incorrectly overridden the package-private method in java.util.Random
11-09 19:41:50.173  3315  3540 W dex2oat : Skipping class com.android.framework.protobuf.nano.CodedOutputByteBufferNano from /system/framework/telephony-common.jar previously found in /system/framework/framework.jar:classes2.dex
11-09 19:41:50.173  3315  3536 W dex2oat : Skipping class com.android.framework.protobuf.nano.CodedOutputByteBufferNano$OutOfSpaceException from /system/framework/telephony-common.jar previously found in /system/framework/framework.jar:classes2.dex
11-09 19:41:50.173  3315  3536 W dex2oat : Skipping class com.android.framework.protobuf.nano.ExtendableMessageNano from /system/framework/telephony-common.jar previously found in /system/framework/framework.jar:classes2.dex
11-09 19:41:50.173  3315  3540 W dex2oat : Skipping class com.android.framework.protobuf.nano.MessageNano from /system/framework/telephony-common.jar previously found in /system/framework/framework.jar:classes2.dex
11-09 19:41:50.173  3315  3540 W dex2oat : Skipping class com.android.framework.protobuf.nano.Extension$PrimitiveExtension from /system/framework/telephony-common.jar previously found in /system/framework/framework.jar:classes2.dex
11-09 19:41:50.173  3315  3536 W dex2oat : Skipping class com.android.framework.protobuf.nano.Extension from /system/framework/telephony-common.jar previously found in /system/framework/framework.jar:classes2.dex
11-09 19:41:50.173  3315  3536 W dex2oat : Skipping class com.android.framework.protobuf.nano.FieldData from /system/framework/telephony-common.jar previously found in /system/framework/framework.jar:classes2.dex
11-09 19:41:50.173  3315  3540 W dex2oat : Skipping class com.android.framework.protobuf.nano.FieldArray from /system/framework/telephony-common.jar previously found in /system/framework/framework.jar:classes2.dex
11-09 19:41:50.173  3315  3537 W dex2oat : Skipping class com.android.framework.protobuf.nano.InvalidProtocolBufferNanoException from /system/framework/telephony-common.jar previously found in /system/framework/framework.jar:classes2.dex
11-09 19:41:50.173  3315  3536 W dex2oat : Skipping class com.android.framework.protobuf.nano.InternalNano from /system/framework/telephony-common.jar previously found in /system/framework/framework.jar:classes2.dex
