09-05 20:34:36.470  3560  3560 W PackageManager: Unable to disable com.google.android.gsf/com.google.android.gsf.update.SystemUpdateService$Receiver
09-05 20:34:36.470  3560  3560 V PackageManager: Disabling com.google.android.gsf/com.google.android.gsf.update.SystemUpdateService$SecretCodeReceiver
09-05 20:34:36.470  3560  3560 W PackageManager: Unable to disable com.google.android.gsf/com.google.android.gsf.update.SystemUpdateService$SecretCodeReceiver
09-05 20:34:36.470  3560  3560 V PackageManager: Disabling com.google.android.gsf/com.google.android.gsf.update.SystemUpdateServiceReceiver
09-05 20:34:36.470  3560  3560 W PackageManager: Unable to disable com.google.android.gsf/com.google.android.gsf.update.SystemUpdateServiceReceiver
09-05 20:34:36.470  3560  3560 V PackageManager: Disabling com.google.android.gms/com.google.android.gms.update.SystemUpdateActivity
09-05 20:34:36.471  3560  3560 W PackageManager: Unable to disable com.google.android.gms/com.google.android.gms.update.SystemUpdateActivity
09-05 20:34:36.471  3560  3560 V PackageManager: Disabling com.google.android.gms/com.google.android.gms.update.SystemUpdateService$Receiver
09-05 20:34:36.471  3560  3560 W PackageManager: Unable to disable com.google.android.gms/com.google.android.gms.update.SystemUpdateService$Receiver
09-05 20:34:36.471  3560  3560 V PackageManager: Disabling com.google.android.gms/com.google.android.gms.update.SystemUpdateService$ActiveReceiver
09-05 20:34:36.471  3560  3560 W PackageManager: Unable to disable com.google.android.gms/com.google.android.gms.update.SystemUpdateService$ActiveReceiver
09-05 20:34:36.471  3560  3560 V PackageManager: Disabling com.google.android.gms/com.google.android.gms.update.SystemUpdateService$SecretCodeReceiver
09-05 20:34:36.471  3560  3560 W PackageManager: Unable to disable com.google.android.gms/com.google.android.gms.update.SystemUpdateService$SecretCodeReceiver
09-05 20:34:36.471  3560  3560 V PackageManager: Disabling com.google.android.gms/com.google.android.gms.update.SystemUpdateServiceReceiver
09-05 20:34:36.472  3560  3560 W PackageManager: Unable to disable com.google.android.gms/com.google.android.gms.update.SystemUpdateServiceReceiver
09-05 20:34:36.472  3560  3560 V PackageManager: Enabling com.google.android.gsf/com.google.android.gsf.update.SystemUpdateService
09-05 20:34:36.472  3560  3560 W PackageManager: Unable to enable com.google.android.gsf/com.google.android.gsf.update.SystemUpdateService
09-05 20:34:36.472  3560  3560 V PackageManager: Enabling com.google.android.gms/com.google.android.gms.update.SystemUpdateService
09-05 20:34:36.472  3560  3560 W PackageManager: Unable to enable com.google.android.gms/com.google.android.gms.update.SystemUpdateService
09-05 20:34:36.529  3814  3814 V lhd     : GlLhdInterface::Init(/system/etc/lhd.conf)
09-05 20:34:36.530  3814  3814 E lhd     : SetCfgValue: Critical Error. Unknown configuration parameter "FlpName"="tcp"
09-05 20:34:36.530  3814  3814 V lhd     : SetCfgValue: LHD config "LheSerialControl"="BBD:Serial=TTY"
09-05 20:34:36.530  3814  3814 E lhd     : SetCfgValue: Critical Error. Unknown configuration parameter "LheClockMHz"="100"
09-05 20:34:36.530  3814  3814 V lhd     : SetCfgValue: LHD config "LhePatch"="/dev/bbd_patch"
09-05 20:34:36.530  3814  3814 V lhd     : SetCfgValue: LHD config "LheMaxMcuResetTries"="4"
09-05 20:34:36.530  3814  3814 V lhd     : SetCfgValue: LHD config "LheBbdPacket"="/dev/ttyBCM"
09-05 20:34:36.530  3814  3814 V lhd     : SetCfgValue: LHD config "LheBbdControl"="/dev/bbd_control"
09-05 20:34:36.530  3814  3814 V lhd     : SetCfgValue: LHD config "LheBbdSensor"="/dev/bbd_sensor"
09-05 20:34:36.530  3814  3814 V lhd     : SetCfgValue: LHD config "Lhe477xDebugFlags"="RPC:FACILITY=33:STDOUT_PUTS:STDOUT_LOG"
09-05 20:34:36.530  3814  3814 E lhd     : SetCfgValue: Critical Error. Unknown configuration parameter "LheSensorIpc"="true"
09-05 20:34:36.530  3814  3814 E lhd     : SetCfgValue: Critical Error. Unknown configuration parameter "LhePinMux"="P17=M1"
09-05 20:34:36.530  3814  3814 V lhd     : SetCfgValue: LHD config "LheAutoBaudDelayMS"="10"
09-05 20:34:36.530  3814  3814 V lhd     : SetCfgValue: LHD config "LheMaxMcuResetTries"="3"
09-05 20:34:36.530  3814  3814 E lhd     : OpenFirmwareFile: Fail to open /efs/sec_efs/sensorhub_urgent_fw.patch, errno 2
09-05 20:34:36.530  3814  3814 E lhd     : getCustPatchVersion: Fail to parse patch /efs/sec_efs/sensorhub_urgent_fw.patch
09-05 20:34:36.530  3814  3814 E lhd     : getCustPatchVersion: <CustomerVersion> not found
09-05 20:34:36.589  3814  3814 D lhd     : OnIpcConnect
09-05 20:34:36.632  3165  3165 D wrapperGPS: wrapperConnect_RILD
09-05 20:34:36.772  3560  3560 I PackageManager.DexOptimizer: Running dexopt (dex2oat) on: /system/priv-app/TelephonyProvider/TelephonyProvider.apk pkg=com.android.providers.telephony isa=arm64 vmSafeMode=false debuggable=false target-filter=speed oatDir = null sharedLibraries=null
09-05 20:34:36.788  3816  3816 I dex2oat : /system/bin/dex2oat --compiler-filter=speed
09-05 20:34:37.017  3816  3816 I dex2oat : dex2oat took 229.006ms (threads: 8) arena alloc=6MB (7337768B) java alloc=380KB (389944B) native alloc=1798KB (1841528B) free=11MB (12314248B)
09-05 20:34:37.020  3560  3560 I PackageManager.DexOptimizer: Running dexopt (dex2oat) on: /system/priv-app/MmsService/MmsService.apk pkg=com.android.mms.service isa=arm64 vmSafeMode=false debuggable=false target-filter=speed oatDir = null sharedLibraries=null
09-05 20:34:37.036  3825  3825 I dex2oat : /system/bin/dex2oat --compiler-filter=speed
09-05 20:34:37.144  3825  3825 I dex2oat : dex2oat took 108.227ms (threads: 8) arena alloc=2MB (2303328B) java alloc=278KB (284712B) native alloc=1603KB (1642216B) free=4MB (5173528B)
09-05 20:34:37.148  3560  3560 I PackageManager.DexOptimizer: Running dexopt (dex2oat) on: /system/priv-app/DefaultContainerService/DefaultContainerService.apk pkg=com.android.defcontainer isa=arm64 vmSafeMode=false debuggable=false target-filter=speed oatDir = null sharedLibraries=null
09-05 20:34:37.163  3834  3834 I dex2oat : /system/bin/dex2oat --compiler-filter=speed
09-05 20:34:37.240  3834  3834 I dex2oat : dex2oat took 76.709ms (threads: 8) arena alloc=536KB (549456B) java alloc=108KB (110976B) native alloc=1157KB (1184816B) free=2MB (2485200B)
09-05 20:34:37.243  3560  3560 I PackageManager.DexOptimizer: Running dexopt (dex2oat) on: /system/priv-app/SettingsProvider/SettingsProvider.apk pkg=com.android.providers.settings isa=arm64 vmSafeMode=false debuggable=false target-filter=speed oatDir = null sharedLibraries=null
09-05 20:34:37.258  3843  3843 I dex2oat : /system/bin/dex2oat --compiler-filter=speed
09-05 20:34:37.469  3843  3843 I dex2oat : dex2oat took 211.124ms (threads: 8) arena alloc=6MB (6933832B) java alloc=304KB (312112B) native alloc=1860KB (1905536B) free=10MB (10677376B)
09-05 20:34:37.473  3560  3560 I PackageManager.DexOptimizer: Running dexopt (dex2oat) on: /system/priv-app/InputDevices/InputDevices.apk pkg=com.android.inputdevices isa=arm64 vmSafeMode=false debuggable=false target-filter=speed oatDir = null sharedLibraries=null
09-05 20:34:37.489  3852  3852 I dex2oat : /system/bin/dex2oat --compiler-filter=speed
09-05 20:34:37.551  3852  3852 I dex2oat : dex2oat took 62.862ms (threads: 8) arena alloc=15KB (15632B) java alloc=32KB (33200B) native alloc=863KB (884000B) free=1696KB (1737440B)
09-05 20:34:37.554  3560  3560 I PackageManager.DexOptimizer: Running dexopt (dex2oat) on: /system/app/ExtShared/ExtShared.apk pkg=android.ext.shared isa=arm64 vmSafeMode=false debuggable=false target-filter=speed oatDir = null sharedLibraries=null
09-05 20:34:37.569  3861  3861 I dex2oat : /system/bin/dex2oat --compiler-filter=speed
09-05 20:34:37.632  3165  3165 D wrapperGPS: wrapperConnect_RILD
09-05 20:34:37.634  3861  3861 I dex2oat : dex2oat took 64.560ms (threads: 8) arena alloc=78KB (79992B) java alloc=55KB (57056B) native alloc=874KB (895408B) free=2MB (2250320B)
09-05 20:34:37.636  3560  3560 I PackageManager.DexOptimizer: Running dexopt (dex2oat) on: /system/priv-app/Telecom/Telecom.apk pkg=com.android.server.telecom isa=arm64 vmSafeMode=false debuggable=false target-filter=speed oatDir = null sharedLibraries=null
09-05 20:34:37.652  3870  3870 I dex2oat : /system/bin/dex2oat --compiler-filter=speed
09-05 20:34:38.058  3870  3870 I dex2oat : dex2oat took 407.088ms (threads: 8) arena alloc=3MB (3951264B) java alloc=1161KB (1189016B) native alloc=4MB (4745736B) free=6MB (7312888B)
09-05 20:34:38.063  3560  3560 I PackageManager.DexOptimizer: Running dexopt (dex2oat) on: /system/priv-app/Dialer/Dialer.apk pkg=com.android.dialer isa=arm64 vmSafeMode=false debuggable=false target-filter=speed oatDir = null sharedLibraries=null
09-05 20:34:38.079  3879  3879 I dex2oat : /system/bin/dex2oat --compiler-filter=speed
09-05 20:34:38.271  3879  3882 W dex2oat : Before Android 4.1, method android.graphics.PorterDuffColorFilter android.support.graphics.drawable.VectorDrawableCompat.updateTintFilter(android.graphics.PorterDuffColorFilter, android.content.res.ColorStateList, android.graphics.PorterDuff$Mode) would have incorrectly overridden the package-private method in android.graphics.drawable.Drawable
09-05 20:34:38.286  3879  3887 W dex2oat : Before Android 4.1, method int android.support.v7.widget.ListViewCompat.lookForSelectablePosition(int, boolean) would have incorrectly overridden the package-private method in android.widget.ListView
09-05 20:34:38.632  3165  3165 D wrapperGPS: wrapperConnect_RILD
09-05 20:34:39.633  3165  3165 D wrapperGPS: wrapperConnect_RILD
09-05 20:34:39.681  3879  3879 I dex2oat : dex2oat took 1.602s (threads: 8) arena alloc=4MB (4764640B) java alloc=6MB (6299296B) native alloc=16MB (17190728B) free=7MB (7975096B)
09-05 20:34:39.687  3560  3560 I PackageManager.DexOptimizer: Running dexopt (dex2oat) on: /system/priv-app/ExtServices/ExtServices.apk pkg=android.ext.services isa=arm64 vmSafeMode=false debuggable=false target-filter=speed oatDir = null sharedLibraries=null
09-05 20:34:39.702  3889  3889 I dex2oat : /system/bin/dex2oat --compiler-filter=speed
09-05 20:34:39.777  3889  3889 I dex2oat : dex2oat took 75.155ms (threads: 8) arena alloc=337KB (345992B) java alloc=103KB (106272B) native alloc=1109KB (1135824B) free=2MB (3058480B)
09-05 20:34:39.780  3560  3560 I PackageManager.DexOptimizer: Running dexopt (dex2oat) on: /system/priv-app/CMSettingsProvider/CMSettingsProvider.apk pkg=org.cyanogenmod.cmsettings isa=arm64 vmSafeMode=false debuggable=false target-filter=speed oatDir = null sharedLibraries=null
09-05 20:34:39.796  3898  3898 I dex2oat : /system/bin/dex2oat --compiler-filter=speed
09-05 20:34:39.904  3898  3898 I dex2oat : dex2oat took 108.351ms (threads: 8) arena alloc=2MB (2248704B) java alloc=246KB (252512B) native alloc=1674KB (1714600B) free=4MB (5101144B)
09-05 20:34:39.908  3560  3560 I PackageManager.DexOptimizer: Running dexopt (dex2oat) on: /system/priv-app/PackageInstaller/PackageInstaller.apk pkg=com.android.packageinstaller isa=arm64 vmSafeMode=false debuggable=false target-filter=speed oatDir = null sharedLibraries=null
09-05 20:34:39.923  3907  3907 I dex2oat : /system/bin/dex2oat --compiler-filter=speed
09-05 20:34:40.017  3907  3911 W dex2oat : Before Android 4.1, method android.graphics.PorterDuffColorFilter android.support.graphics.drawable.VectorDrawableCompat.updateTintFilter(android.graphics.PorterDuffColorFilter, android.content.res.ColorStateList, android.graphics.PorterDuff$Mode) would have incorrectly overridden the package-private method in android.graphics.drawable.Drawable
09-05 20:34:40.033  3907  3915 W dex2oat : Before Android 4.1, method int android.support.v7.widget.ListViewCompat.lookForSelectablePosition(int, boolean) would have incorrectly overridden the package-private method in android.widget.ListView
09-05 20:34:40.633  3165  3165 D wrapperGPS: wrapperConnect_RILD
09-05 20:34:40.682  3907  3907 I dex2oat : dex2oat took 759.490ms (threads: 8) arena alloc=4MB (4401720B) java alloc=3MB (4124344B) native alloc=7MB (7843728B) free=8MB (8409200B)
09-05 20:34:40.687  3560  3560 I PackageManager.DexOptimizer: Running dexopt (dex2oat) on: /system/priv-app/ProxyHandler/ProxyHandler.apk pkg=com.android.proxyhandler isa=arm64 vmSafeMode=false debuggable=false target-filter=speed oatDir = null sharedLibraries=null
09-05 20:34:40.703  3916  3916 I dex2oat : /system/bin/dex2oat --compiler-filter=speed
09-05 20:34:40.779  3916  3916 I dex2oat : dex2oat took 76.867ms (threads: 8) arena alloc=1271KB (1301752B) java alloc=119KB (122304B) native alloc=1142KB (1169992B) free=3MB (3548600B)
09-05 20:34:40.783  3560  3560 I PackageManager.DexOptimizer: Running dexopt (dex2oat) on: /system/app/LatinIME/LatinIME.apk pkg=com.android.inputmethod.latin isa=arm64 vmSafeMode=false debuggable=false target-filter=speed oatDir = null sharedLibraries=null
09-05 20:34:40.799  3926  3926 I dex2oat : /system/bin/dex2oat --compiler-filter=speed
09-05 20:34:41.288  3926  3926 I dex2oat : dex2oat took 489.589ms (threads: 8) arena alloc=3MB (3976288B) java alloc=1799KB (1843160B) native alloc=4MB (5092104B) free=7MB (8015096B)
09-05 20:34:41.292  3560  3560 I PackageManager.DexOptimizer: Running dexopt (dex2oat) on: /system/priv-app/Settings/Settings.apk pkg=com.android.settings isa=arm64 vmSafeMode=false debuggable=false target-filter=speed oatDir = null sharedLibraries=null
09-05 20:34:41.308  3935  3935 I dex2oat : /system/bin/dex2oat --compiler-filter=speed
09-05 20:34:41.490  3935  3943 W dex2oat : Before Android 4.1, method android.graphics.PorterDuffColorFilter android.support.graphics.drawable.VectorDrawableCompat.updateTintFilter(android.graphics.PorterDuffColorFilter, android.content.res.ColorStateList, android.graphics.PorterDuff$Mode) would have incorrectly overridden the package-private method in android.graphics.drawable.Drawable
09-05 20:34:41.501  3935  3935 W dex2oat : Before Android 4.1, method int android.support.v7.widget.ListViewCompat.lookForSelectablePosition(int, boolean) would have incorrectly overridden the package-private method in android.widget.ListView
09-05 20:34:41.633  3165  3165 D wrapperGPS: wrapperConnect_RILD
09-05 20:34:42.634  3165  3165 D wrapperGPS: wrapperConnect_RILD
09-05 20:34:42.908  3935  3935 I dex2oat : dex2oat took 1.599s (threads: 8) arena alloc=4MB (4857312B) java alloc=9MB (9997120B) native alloc=17MB (18029480B) free=8MB (8709208B)
09-05 20:34:42.914  3560  3560 I PackageManager.DexOptimizer: Running dexopt (dex2oat) on: /system/priv-app/TeleService/TeleService.apk pkg=com.android.phone isa=arm64 vmSafeMode=false debuggable=false target-filter=speed oatDir = null sharedLibraries=null
09-05 20:34:42.930  3944  3944 I dex2oat : /system/bin/dex2oat --compiler-filter=speed
09-05 20:34:43.635  3165  3165 D wrapperGPS: wrapperConnect_RILD
09-05 20:34:43.734  3944  3944 I dex2oat : dex2oat took 803.842ms (threads: 8) arena alloc=9MB (9555648B) java alloc=2MB (2714400B) native alloc=8MB (8912808B) free=12MB (13107288B)
09-05 20:34:43.739  3560  3560 I PackageManager.DexOptimizer: Running dexopt (dex2oat) on: /system/priv-app/Shell/Shell.apk pkg=com.android.shell isa=arm64 vmSafeMode=false debuggable=false target-filter=speed oatDir = null sharedLibraries=null
09-05 20:34:43.755  3953  3953 I dex2oat : /system/bin/dex2oat --compiler-filter=speed
09-05 20:34:43.915  3953  3953 I dex2oat : dex2oat took 159.478ms (threads: 8) arena alloc=2MB (2260848B) java alloc=318KB (325720B) native alloc=1839KB (1883184B) free=4MB (4932560B)
09-05 20:34:43.918  3560  3560 I PackageManager.DexOptimizer: Running dexopt (dex2oat) on: /system/priv-app/FusedLocation/FusedLocation.apk pkg=com.android.location.fused isa=arm64 vmSafeMode=false debuggable=false target-filter=speed oatDir = null sharedLibraries=/system/framework/com.android.location.provider.jar
09-05 20:34:43.934  3962  3962 I dex2oat : /system/bin/dex2oat --compiler-filter=speed
09-05 20:34:44.009  3962  3962 I dex2oat : dex2oat took 75.379ms (threads: 8) arena alloc=444KB (455384B) java alloc=147KB (150960B) native alloc=1291KB (1322000B) free=3MB (3396592B)
09-05 20:34:44.013  3560  3560 I PackageManager.DexOptimizer: Running dexopt (dex2oat) on: /system/priv-app/SystemUI/SystemUI.apk pkg=com.android.systemui isa=arm64 vmSafeMode=false debuggable=false target-filter=speed oatDir = null sharedLibraries=null
09-05 20:34:44.028  3971  3971 I dex2oat : /system/bin/dex2oat --compiler-filter=speed
09-05 20:34:44.231  3971  3975 W dex2oat : Before Android 4.1, method android.graphics.PorterDuffColorFilter android.support.graphics.drawable.VectorDrawableCompat.updateTintFilter(android.graphics.PorterDuffColorFilter, android.content.res.ColorStateList, android.graphics.PorterDuff$Mode) would have incorrectly overridden the package-private method in android.graphics.drawable.Drawable
09-05 20:34:44.247  3971  3976 W dex2oat : Before Android 4.1, method int android.support.v7.widget.ListViewCompat.lookForSelectablePosition(int, boolean) would have incorrectly overridden the package-private method in android.widget.ListView
09-05 20:34:44.635  3165  3165 D wrapperGPS: wrapperConnect_RILD
09-05 20:34:45.635  3165  3165 D wrapperGPS: wrapperConnect_RILD
09-05 20:34:45.774  3971  3971 I dex2oat : dex2oat took 1.746s (threads: 8) arena alloc=3MB (3167360B) java alloc=10MB (10610440B) native alloc=18MB (19031000B) free=6MB (6659112B)
09-05 20:34:45.781  3560  3560 I PackageManager.DexOptimizer: Running dexopt (dex2oat) on: /system/priv-app/WeatherManagerService/WeatherManagerService.apk pkg=org.cyanogenmod.weatherservice isa=arm64 vmSafeMode=false debuggable=false target-filter=speed oatDir = null sharedLibraries=null
09-05 20:34:45.798  3980  3980 I dex2oat : /system/bin/dex2oat --compiler-filter=speed
09-05 20:34:45.953  3980  3980 I dex2oat : dex2oat took 155.412ms (threads: 8) arena alloc=2MB (2160552B) java alloc=412KB (422504B) native alloc=1848KB (1893176B) free=6MB (6495432B)
09-05 20:34:45.957  3560  3560 E PackageManager: There should probably be a verifier, but, none were found
09-05 20:34:45.960  3560  3560 D PackageManager: Ephemeral resolver NOT found; no matching intent filters
09-05 20:34:45.961  3560  3560 I PackageManager: Ephemeral deactivated; missing resolver and installer
09-05 20:34:45.961  3560  3560 I art     : Starting a blocking GC Explicit
09-05 20:34:45.984  3560  3560 I art     : Explicit concurrent mark sweep GC freed 53376(3MB) AllocSpace objects, 44(2MB) LOS objects, 33% free, 9MB/13MB, paused 192us total 22.732ms
09-05 20:34:45.985  3560  3560 I SystemServer: StartOtaDexOptService
09-05 20:34:45.987  3560  3560 I SystemServer: StartUserManagerService
09-05 20:34:45.987  3560  3560 I SystemServiceManager: Starting com.android.server.pm.UserManagerService$LifeCycle
09-05 20:34:46.000  3145  3145 I lowmemorykiller: ActivityManager connected
09-05 20:34:46.000  3560  3560 I SystemServiceManager: Starting com.android.server.BatteryService
09-05 20:34:46.001  3560  3990 D SensorService: nuSensorService starting...
09-05 20:34:46.003  3560  3990 W MultiHal: No multihal config file found at /system/etc/sensors/hals.conf
09-05 20:34:46.004  3560  3990 I SensorService: Generated new HMAC key.
09-05 20:34:46.005  3560  3560 I SystemServiceManager: Starting com.android.server.usage.UsageStatsService
09-05 20:34:46.019  3560  3560 I SystemServiceManager: Starting com.android.server.webkit.WebViewUpdateService
09-05 20:34:46.022  3560  3560 I SystemServer: Reading configuration...
09-05 20:34:46.022  3560  3560 I SystemServer: StartSchedulingPolicyService
09-05 20:34:46.023  3560  3560 I SystemServiceManager: Starting com.android.server.telecom.TelecomLoaderService
09-05 20:34:46.023  3560  3560 I SystemServer: StartTelephonyRegistry
09-05 20:34:46.027  3560  3560 I SystemServer: StartEntropyMixer
09-05 20:34:46.028  3560  3560 W EntropyMixer: No existing entropy file -- first boot?
09-05 20:34:46.047  3560  3560 I EntropyMixer: Added HW RNG output to entropy pool
09-05 20:34:46.047  3560  3560 I EntropyMixer: Writing entropy...
09-05 20:34:46.069  3560  3560 I SystemServer: Camera Service
09-05 20:34:46.070  3560  3560 I SystemServiceManager: Starting com.android.server.camera.CameraService
09-05 20:34:46.071  3560  3991 I ServiceThread: Enabled StrictMode logging for CameraService_proxy looper.
09-05 20:34:46.072  3560  3560 I SystemServer: StartAccountManagerService
09-05 20:34:46.072  3560  3560 I SystemServiceManager: Starting com.android.server.accounts.AccountManagerService$Lifecycle
09-05 20:34:46.079  3560  3560 I SystemServer: StartContentService
09-05 20:34:46.079  3560  3560 I SystemServiceManager: Starting com.android.server.content.ContentService$Lifecycle
09-05 20:34:46.080  3560  3560 I SystemServer: InstallSystemProviders
09-05 20:34:46.083  3560  3560 W System  : ClassLoader referenced unknown path: /system/priv-app/CMSettingsProvider/lib/arm64
09-05 20:34:46.138  3560  3560 D ActivityThread: Loading provider settings: com.android.providers.settings.SettingsProvider
09-05 20:34:46.140  3560  3560 W System  : ClassLoader referenced unknown path: /system/priv-app/SettingsProvider/lib/arm64
09-05 20:34:46.141  3560  3560 D ApplicationLoaders: ignored Vulkan layer search path /system/priv-app/SettingsProvider/lib/arm64:/system/priv-app/SettingsProvider/SettingsProvider.apk!/lib/arm64-v8a:/system/lib64:/vendor/lib64 for namespace 0x7fa0378160
09-05 20:34:46.235  3560  3560 I SettingsState: No settings state /data/system/users/0/settings_system.xml
09-05 20:34:46.251  3560  3560 I SettingsState: No settings state /data/system/users/0/settings_secure.xml
09-05 20:34:46.255  3560  3560 D SettingsProvider: Generated and saved new ANDROID_ID [4469a43a44a7bd5d] for user 0
09-05 20:34:46.270  3560  3560 I SettingsState: No settings state /data/system/users/0/settings_global.xml
09-05 20:34:46.325  3560  3560 I SystemServer: StartVibratorService
09-05 20:34:46.328  3560  3560 I SystemServer: StartConsumerIrService
09-05 20:34:46.329  3560  3560 E ConsumerIrService: Can't open consumer IR HW Module, error: -2
09-05 20:34:46.329  3560  3560 I SystemServer: StartAlarmManagerService
09-05 20:34:46.330  3560  3560 I SystemServiceManager: Starting com.android.server.AlarmManagerService
09-05 20:34:46.335  3560  3560 I SystemServer: InitWatchdog
09-05 20:34:46.336  3560  3560 I SystemServer: StartInputManagerService
09-05 20:34:46.336  3560  3560 I InputManager: Initializing input manager, mUseDevInputEventForAudioJack=false
09-05 20:34:46.337  3560  3560 I SystemServer: StartWindowManagerService
09-05 20:34:46.345  3560  3656 I WindowManager: No existing display settings /data/system/display_settings.xml; starting empty
09-05 20:34:46.357  3560  3650 I CameraManagerGlobal: Connecting to camera service
09-05 20:34:46.359  3161  3161 E CameraService: getCameraVendorTagDescriptor: camera hardware module doesn't exist
09-05 20:34:46.636  3165  3165 D wrapperGPS: wrapperCloseClient_RILD
09-05 20:34:46.636  3165  3165 D gpsd    : WakeLock(Acquire,GPSD)
09-05 20:34:46.636  3165  3165 D gpsd    : WakeLock(Release,GPSD)
09-05 20:34:46.636  3165  3165 D gpsd    : WakeLock(Acquire,GPSD)
09-05 20:34:46.636  3165  3165 D gpsd    : WakeLock(Release,GPSD)
09-05 20:34:46.702  3560  3650 W art     : Long monitor contention with owner PackageManager (3662) at void com.android.server.pm.PackageManagerService$PackageHandler.doHandleMessage(android.os.Message)(PackageManagerService.java:1498) waiters=0 in boolean com.android.server.pm.PackageManagerService.isProtectedBroadcast(java.lang.String) for 299ms
09-05 20:34:46.752  3560  3560 I SystemServer: StartVrManagerService
09-05 20:34:46.752  3560  3560 I SystemServiceManager: Starting com.android.server.vr.VrManagerService
09-05 20:34:46.753  3560  3560 W VrManagerService: init_native: Could not open VR hardware module, error No such file or directory (-2).
09-05 20:34:46.756  3560  3560 I InputManager: Starting input manager
09-05 20:34:46.757  3560  3998 D EventHub: No input device configuration file found for device 'certify_hall'.
09-05 20:34:46.761  3560  3560 I SystemServiceManager: Starting com.android.server.BluetoothService
09-05 20:34:46.763  3560  3560 D BluetoothManagerService: Loading stored name and address
09-05 20:34:46.764  3560  3560 D BluetoothManagerService: Stored bluetooth Name=null,Address=null
09-05 20:34:46.764  3560  3560 D BluetoothManagerService: Bluetooth persisted state: 0
09-05 20:34:46.764  3560  3560 I SystemServer: ConnectivityMetricsLoggerService
09-05 20:34:46.764  3560  3560 I SystemServiceManager: Starting com.android.server.connectivity.MetricsLoggerService
09-05 20:34:46.764  3560  3560 I SystemServer: IpConnectivityMetrics
09-05 20:34:46.765  3560  3560 I SystemServiceManager: Starting com.android.server.connectivity.IpConnectivityMetrics
09-05 20:34:46.765  3560  3560 I SystemServer: PinnerService
09-05 20:34:46.765  3560  3560 I SystemServiceManager: Starting com.android.server.PinnerService
09-05 20:34:46.766  3560  3560 I SystemServiceManager: Starting com.android.server.InputMethodManagerService$Lifecycle
09-05 20:34:46.793  3560  3560 W System  : ClassLoader referenced unknown path: 
09-05 20:34:46.794  3560  3560 D ApplicationLoaders: ignored Vulkan layer search path /system/app/LatinIME/lib/arm64:/system/fake-libs64:/system/app/LatinIME/LatinIME.apk!/lib/arm64-v8a:/system/lib64:/vendor/lib64 for namespace 0x7fa03781d0
09-05 20:34:46.803  3560  3998 D EventHub: No input device configuration file found for device 'Headset'.
09-05 20:34:46.806  3560  3998 W EventHub: Unable to disable kernel key repeat for /dev/input/event15: Function not implemented
09-05 20:34:46.806  3560  3998 I EventHub: New device: id=2, fd=96, path='/dev/input/event15', name='Headset', classes=0x1, configuration='', keyLayout='/system/usr/keylayout/Generic.kl', keyCharacterMap='/system/usr/keychars/Generic.kcm', builtinKeyboard=false, wakeMechanism=EPOLLWAKEUP, usingClockIoctl=true
09-05 20:34:46.806  3560  3998 D EventHub: No input device configuration file found for device 'gpio_keys'.
09-05 20:34:46.808  3560  3998 W EventHub: Unable to disable kernel key repeat for /dev/input/event16: Function not implemented
09-05 20:34:46.808  3560  3998 I EventHub: New device: id=3, fd=97, path='/dev/input/event16', name='gpio_keys', classes=0x1, configuration='', keyLayout='/system/usr/keylayout/Generic.kl', keyCharacterMap='/system/usr/keychars/Generic.kcm', builtinKeyboard=false, wakeMechanism=EPOLLWAKEUP, usingClockIoctl=true
09-05 20:34:46.808  3560  3998 E EventHub: could not get driver version for /dev/input/mouse1, Not a typewriter
09-05 20:34:46.847  3560  3998 D EventHub: No input device configuration file found for device 'sec_touchpad'.
09-05 20:34:46.848  3560  3998 W EventHub: Unable to disable kernel key repeat for /dev/input/event1: Function not implemented
09-05 20:34:46.848  3560  3998 I EventHub: New device: id=4, fd=98, path='/dev/input/event1', name='sec_touchpad', classes=0x15, configuration='', keyLayout='/system/usr/keylayout/Generic.kl', keyCharacterMap='/system/usr/keychars/Generic.kcm', builtinKeyboard=false, wakeMechanism=EPOLLWAKEUP, usingClockIoctl=true
09-05 20:34:46.849  3560  3998 E EventHub: could not get driver version for /dev/input/mouse0, Not a typewriter
09-05 20:34:46.906  3560  3560 W InputMethodManagerService: No IME selected. Choose the most applicable IME.
09-05 20:34:46.912  3560  3560 I InputMethodManagerService: Default found, using com.android.inputmethod.latin/.LatinIME
09-05 20:34:46.914  3560  3560 I SystemServer: StartAccessibilityManagerService
09-05 20:34:46.922  3560  3998 W EventHub: Unable to disable kernel key repeat for /dev/input/event0: Function not implemented
09-05 20:34:46.922  3560  3998 I EventHub: New device: id=5, fd=99, path='/dev/input/event0', name='sec_touchscreen', classes=0x15, configuration='/system/usr/idc/sec_touchscreen.idc', keyLayout='/system/usr/keylayout/Generic.kl', keyCharacterMap='/system/usr/keychars/Generic.kcm', builtinKeyboard=false, wakeMechanism=EPOLLWAKEUP, usingClockIoctl=true
09-05 20:34:46.922  3560  3998 D EventHub: No input device configuration file found for device 'hall'.
09-05 20:34:46.923  3560  3560 I ActivityManager: Config changes=1df8 {1.0 ?mcc?mnc [en_US] ldltr sw411dp w411dp h845dp 560dpi nrml long port ?uimode ?night -touch -keyb/h/h -nav/h s.2}
09-05 20:34:46.925  3560  3648 I UsageStatsDatabase: Upgrading from version 0 to 3
09-05 20:34:46.925  3560  3648 I UsageStatsDatabase: Deleting all usage stats files
09-05 20:34:46.928  3560  3648 I UsageStatsService: User[0] Rollover scheduled @ 2017-09-06 20:34:46(1504730086923)
09-05 20:34:46.928  3560  3648 D UsageStatsService: Initializing defaults for system apps on user 0
09-05 20:34:46.947  3560  3648 E AppIdleHistory: Unable to read app idle file for user 0
09-05 20:34:46.947  3560  3656 I ActivityManager: Config changes=400 {1.0 ?mcc?mnc [en_US] ldltr sw411dp w411dp h773dp 560dpi nrml long port ?uimode ?night -touch -keyb/h/h -nav/h s.3}
09-05 20:34:46.953  3560  3656 W LocalDisplayAdapter: Unable to find color mode 0, ignoring request.
09-05 20:34:46.964  3560  3560 W LocalDisplayAdapter: Unable to find color mode 0, ignoring request.
09-05 20:34:46.965  3560  3560 I SystemServiceManager: Starting com.android.server.MountService$Lifecycle
09-05 20:34:46.967  3560  3998 D EventHub: No input device configuration file found for device 'ssp_context'.
09-05 20:34:46.971  3560  3560 I SystemServiceManager: Starting com.android.server.UiModeManagerService
09-05 20:34:46.971  3560  4000 D MountService: Thinking about init, mSystemReady=false, mDaemonConnected=true
09-05 20:34:46.971  3560  4000 D MountService: Thinking about reset, mSystemReady=false, mDaemonConnected=true
09-05 20:34:46.971  3560  4000 D MountService: Thinking about init, mSystemReady=false, mDaemonConnected=true
09-05 20:34:46.971  3560  4000 D MountService: Thinking about reset, mSystemReady=false, mDaemonConnected=true
09-05 20:34:46.971  3560  4000 D CryptdConnector: SND -> {1 cryptfs getfield SystemLocale}
09-05 20:34:46.973  3560  3560 I ActivityManager: Config changes=200 {1.0 ?mcc?mnc [en_US] ldltr sw411dp w411dp h773dp 560dpi nrml long port -touch -keyb/h/h -nav/h s.4}
09-05 20:34:46.974  3560  4002 D CryptdConnector: RCV <- {200 1 -1}
09-05 20:34:46.976  3560  4000 W MountService: No primary storage mounted!
09-05 20:34:46.977  3560  4000 D VoldConnector: SND -> {1 asec list}
09-05 20:34:46.978  3560  4001 D VoldConnector: RCV <- {200 1 asec operation succeeded}
09-05 20:34:46.979  3560  4000 I PackageManager: No secure containers found
09-05 20:34:46.981  3560  4000 W PackageManager: Unknown permission com.google.android.googleapps.permission.GOOGLE_AUTH in package com.android.providers.calendar
09-05 20:34:46.981  3560  4000 W PackageManager: Unknown permission com.google.android.googleapps.permission.GOOGLE_AUTH.cl in package com.android.providers.calendar
09-05 20:34:46.985  3560  4000 W PackageManager: Unknown permission cyanogenmod.permission.LEGALESE in package com.cyanogenmod.setupwizard
09-05 20:34:46.986  3560  4000 W PackageManager: Unknown permission com.android.gallery3d.permission.STORAGE_CHANGE in package com.android.camera2
09-05 20:34:46.987  3560  4000 W PackageManager: Unknown permission android.permission.NFC_UNLOCK in package com.android.nfc
09-05 20:34:46.990  3560  4000 W PackageManager: Unknown permission com.google.android.googleapps.permission.GOOGLE_AUTH.mail in package com.android.calendar
09-05 20:34:46.991  3560  4000 W PackageManager: Unknown permission com.android.launcher.permission.READ_SETTINGS in package com.android.onetimeinitializer
09-05 20:34:46.991  3560  4000 W PackageManager: Unknown permission com.android.launcher.permission.WRITE_SETTINGS in package com.android.onetimeinitializer
09-05 20:34:46.994  3560  4000 W PackageManager: Unknown permission com.android.launcher.permission.READ_SETTINGS in package com.cyanogenmod.trebuchet
09-05 20:34:46.994  3560  4000 W PackageManager: Unknown permission com.android.launcher.permission.WRITE_SETTINGS in package com.cyanogenmod.trebuchet
09-05 20:34:46.995  3560  4000 W PackageManager: Unknown permission com.google.android.permission.INSTALL_WEARABLE_PACKAGES in package com.android.packageinstaller
09-05 20:34:46.995  3560  4000 W PackageManager: Not granting permission android.permission.DELETE_PACKAGES to package com.svox.pico (protectionLevel=18 flags=0x3888be45)
09-05 20:34:46.997  3560  4000 W PackageManager: Unknown permission com.google.android.gallery3d.permission.PICASA_STORE in package com.android.dreams.phototable
09-05 20:34:46.998  3560  4000 W PackageManager: Unknown permission com.google.android.googleapps.permission.GOOGLE_AUTH in package com.android.settings
09-05 20:34:46.999  3560  4000 W PackageManager: Unknown permission com.android.launcher.permission.READ_SETTINGS in package com.android.settings
09-05 20:34:46.999  3560  4000 W PackageManager: Unknown permission com.android.launcher.permission.WRITE_SETTINGS in package com.android.settings
09-05 20:34:47.003  3560  3998 D EventHub: No input device configuration file found for device 'meta_event'.
09-05 20:34:47.008  3560  4000 W PackageManager: Not granting permission android.permission.MANAGE_DOCUMENTS to package com.android.deskclock (protectionLevel=2 flags=0x3cc9be45)
09-05 20:34:47.008  3560  4000 W PackageManager: Unknown permission com.android.deskclock.worldclock.permissions.WRITE_DATABASE in package com.android.deskclock
09-05 20:34:47.008  3560  4000 W PackageManager: Unknown permission org.codeaurora.permission.POWER_ON_ALERT in package com.android.deskclock
09-05 20:34:47.008  3560  4000 W PackageManager: Not granting permission android.permission.WRITE_SECURE_SETTINGS to package com.android.deskclock (protectionLevel=50 flags=0x3cc9be45)
09-05 20:34:47.012  3560  4000 W PackageManager: Unknown permission com.cyanogenmod.lockclock.permission.READ_WEATHER in package com.android.systemui
09-05 20:34:47.014  3560  4000 W PackageManager: Unknown permission com.google.android.gallery3d.permission.GALLERY_PROVIDER in package com.android.bluetooth
09-05 20:34:47.016  3560  4000 W PackageManager: Unknown permission com.google.android.googleapps.permission.ACCESS_GOOGLE_PASSWORD in package com.android.development
09-05 20:34:47.016  3560  4000 W PackageManager: Unknown permission com.google.android.googleapps.permission.GOOGLE_AUTH in package com.android.development
09-05 20:34:47.016  3560  4000 W PackageManager: Unknown permission com.google.android.googleapps.permission.GOOGLE_AUTH.ALL_SERVICES in package com.android.development
09-05 20:34:47.016  3560  4000 W PackageManager: Unknown permission com.google.android.googleapps.permission.GOOGLE_AUTH.YouTubeUser in package com.android.development
09-05 20:34:47.035  3560  3998 D EventHub: No input device configuration file found for device 'interrupt_gyro_sensor'.
09-05 20:34:47.063  3560  3998 D EventHub: No input device configuration file found for device 'step_cnt_sensor'.
09-05 20:34:47.099  3560  3998 D EventHub: No input device configuration file found for device 'sig_motion_sensor'.
09-05 20:34:47.131  3560  3998 D EventHub: No input device configuration file found for device 'gesture_sensor'.
09-05 20:34:47.171  3560  3998 D EventHub: No input device configuration file found for device 'temp_humidity_sensor'.
09-05 20:34:47.203  3560  3998 D EventHub: No input device configuration file found for device 'proximity_alert_sensor'.
09-05 20:34:47.240  3560  3998 D EventHub: No input device configuration file found for device 'proximity_sensor'.
09-05 20:34:47.279  3560  3998 D EventHub: No input device configuration file found for device 'light_ir_sensor'.
09-05 20:34:47.319  3560  3998 D EventHub: No input device configuration file found for device 'light_sensor'.
09-05 20:34:47.328  3560  4000 W MountService: No primary storage defined yet; hacking together a stub
09-05 20:34:47.329  3560  4000 W MountService: No primary storage defined yet; hacking together a stub
09-05 20:34:47.329  3560  4000 W MountService: No primary storage mounted!
09-05 20:34:47.329  3560  4000 D VoldConnector: SND -> {2 asec list}
09-05 20:34:47.331  3560  4001 D VoldConnector: RCV <- {200 2 asec operation succeeded}
09-05 20:34:47.337  3560  3560 I PackageManager.DexOptimizer: Running dexopt (dex2oat) on: /system/app/RootPA/RootPA.apk pkg=com.gd.mobicore.pa isa=arm64 vmSafeMode=false debuggable=false target-filter=verify-at-runtime oatDir = null sharedLibraries=null
09-05 20:34:47.353  4003  4003 I dex2oat : /system/bin/dex2oat --compiler-filter=verify-at-runtime
09-05 20:34:47.355  3560  3998 D EventHub: No input device configuration file found for device 'hrm_sensor'.
09-05 20:34:47.391  3560  3998 D EventHub: No input device configuration file found for device 'grip_sensor'.
09-05 20:34:47.416  4003  4003 I dex2oat : dex2oat took 63.671ms (threads: 8) arena alloc=0B (0B) java alloc=27KB (28240B) native alloc=1090KB (1116912B) free=1469KB (1504528B)
09-05 20:34:47.419  3560  3560 I PackageManager.DexOptimizer: Running dexopt (dex2oat) on: /system/priv-app/CalendarProvider/CalendarProvider.apk pkg=com.android.providers.calendar isa=arm64 vmSafeMode=false debuggable=false target-filter=verify-at-runtime oatDir = null sharedLibraries=/system/framework/android.test.runner.jar
09-05 20:34:47.427  3560  3998 E EventHub: could not get driver version for /dev/input/mice, Not a typewriter
09-05 20:34:47.435  4012  4012 I dex2oat : /system/bin/dex2oat --compiler-filter=verify-at-runtime
09-05 20:34:47.489  3560  3998 I InputReader: Device added: id=-1, name='Virtual', sources=0x00000301
09-05 20:34:47.489  3560  3998 W InputReader: Invalid value for touch.size.calibration: 'normalized'
09-05 20:34:47.489  3560  3998 I InputReader:   Touch device 'sec_touchscreen' could not query the properties of its associated display.  The device will be inoperable until the display size becomes available.
09-05 20:34:47.490  3560  3998 I InputReader: Device added: id=5, name='sec_touchscreen', sources=0x00001103
09-05 20:34:47.490  3560  3998 I InputReader:   Touch device 'sec_touchpad' could not query the properties of its associated display.  The device will be inoperable until the display size becomes available.
09-05 20:34:47.490  3560  3998 I InputReader: Device added: id=4, name='sec_touchpad', sources=0x00002103
09-05 20:34:47.490  3560  3998 I InputReader: Device added: id=3, name='gpio_keys', sources=0x00000101
09-05 20:34:47.490  3560  3998 I InputReader: Device added: id=2, name='Headset', sources=0x00000101
09-05 20:34:47.490  3560  3998 I InputReader: Reconfiguring input devices.  changes=0x00000004
09-05 20:34:47.497  3560  3998 I InputReader: Device reconfigured: id=4, name='sec_touchpad', size 1440x2960, orientation 0, mode 4, display id 0
09-05 20:34:47.497  3560  3998 I InputReader: Device reconfigured: id=5, name='sec_touchscreen', size 1440x2960, orientation 0, mode 1, display id 0
09-05 20:34:47.497  3560  3997 I ActivityManager: Config changes=8 {1.0 ?mcc?mnc [en_US] ldltr sw411dp w411dp h773dp 560dpi nrml long port finger -keyb/h/h -nav/h s.5}
09-05 20:34:47.539  4012  4012 I dex2oat : dex2oat took 104.255ms (threads: 8) arena alloc=0B (0B) java alloc=35KB (36168B) native alloc=1141KB (1169168B) free=1930KB (1976560B)
09-05 20:34:47.542  3560  3560 I PackageManager.DexOptimizer: Running dexopt (dex2oat) on: /system/priv-app/MediaProvider/MediaProvider.apk pkg=com.android.providers.media isa=arm64 vmSafeMode=false debuggable=false target-filter=verify-at-runtime oatDir = null sharedLibraries=null
09-05 20:34:47.557  4021  4021 I dex2oat : /system/bin/dex2oat --compiler-filter=verify-at-runtime
09-05 20:34:47.624  4021  4021 I dex2oat : dex2oat took 66.639ms (threads: 8) arena alloc=0B (0B) java alloc=31KB (32216B) native alloc=1100KB (1126480B) free=1459KB (1494960B)
09-05 20:34:47.626  3560  3560 I PackageManager.DexOptimizer: Running dexopt (dex2oat) on: /system/priv-app/WallpaperCropper/WallpaperCropper.apk pkg=com.android.wallpapercropper isa=arm64 vmSafeMode=false debuggable=false target-filter=verify-at-runtime oatDir = null sharedLibraries=null
09-05 20:34:47.642  4030  4030 I dex2oat : /system/bin/dex2oat --compiler-filter=verify-at-runtime
09-05 20:34:47.716  4030  4030 I dex2oat : dex2oat took 74.689ms (threads: 8) arena alloc=0B (0B) java alloc=31KB (32216B) native alloc=1070KB (1096560B) free=1489KB (1524880B)
09-05 20:34:47.719  3560  3560 I PackageManager.DexOptimizer: Running dexopt (dex2oat) on: /system/priv-app/DocumentsUI/DocumentsUI.apk pkg=com.android.documentsui isa=arm64 vmSafeMode=false debuggable=false target-filter=verify-at-runtime oatDir = null sharedLibraries=null
09-05 20:34:47.734  4039  4039 I dex2oat : /system/bin/dex2oat --compiler-filter=verify-at-runtime
09-05 20:34:47.858  4039  4039 I dex2oat : dex2oat took 124.414ms (threads: 8) arena alloc=0B (0B) java alloc=27KB (28240B) native alloc=510KB (523120B) free=2MB (2622608B)
09-05 20:34:47.861  3560  3560 I PackageManager.DexOptimizer: Running dexopt (dex2oat) on: /system/priv-app/ExternalStorageProvider/ExternalStorageProvider.apk pkg=com.android.externalstorage isa=arm64 vmSafeMode=false debuggable=false target-filter=verify-at-runtime oatDir = null sharedLibraries=null
09-05 20:34:47.877  4048  4048 I dex2oat : /system/bin/dex2oat --compiler-filter=verify-at-runtime
09-05 20:34:47.940  4048  4048 I dex2oat : dex2oat took 63.646ms (threads: 8) arena alloc=0B (0B) java alloc=27KB (28240B) native alloc=1061KB (1087376B) free=1498KB (1534064B)
09-05 20:34:47.943  3560  3560 I PackageManager.DexOptimizer: Running dexopt (dex2oat) on: /system/app/HTMLViewer/HTMLViewer.apk pkg=com.android.htmlviewer isa=arm64 vmSafeMode=false debuggable=false target-filter=verify-at-runtime oatDir = null sharedLibraries=null
09-05 20:34:47.958  4057  4057 I dex2oat : /system/bin/dex2oat --compiler-filter=verify-at-runtime
09-05 20:34:47.977  4057  4057 I dex2oat : dex2oat took 18.823ms (threads: 8) arena alloc=0B (0B) java alloc=27KB (28240B) native alloc=878KB (899152B) free=1169KB (1198000B)
09-05 20:34:47.979  3560  3560 I PackageManager.DexOptimizer: Running dexopt (dex2oat) on: /system/priv-app/DownloadProvider/DownloadProvider.apk pkg=com.android.providers.downloads isa=arm64 vmSafeMode=false debuggable=false target-filter=verify-at-runtime oatDir = null sharedLibraries=null
09-05 20:34:47.995  4066  4066 I dex2oat : /system/bin/dex2oat --compiler-filter=verify-at-runtime
09-05 20:34:48.036  4066  4066 I dex2oat : dex2oat took 41.934ms (threads: 8) arena alloc=0B (0B) java alloc=31KB (32216B) native alloc=1142KB (1170096B) free=1417KB (1451344B)
09-05 20:34:48.039  3560  3560 I PackageManager.DexOptimizer: Running dexopt (dex2oat) on: /system/app/messaging/messaging.apk pkg=com.android.messaging isa=arm64 vmSafeMode=false debuggable=false target-filter=verify-at-runtime oatDir = null sharedLibraries=null
09-05 20:34:48.055  4075  4075 I dex2oat : /system/bin/dex2oat --compiler-filter=verify-at-runtime
09-05 20:34:48.266  4075  4075 I dex2oat : dex2oat took 211.847ms (threads: 8) arena alloc=0B (0B) java alloc=27KB (28240B) native alloc=860KB (881288B) free=2MB (2919800B)
09-05 20:34:48.269  3560  3560 I PackageManager.DexOptimizer: Running dexopt (dex2oat) on: /system/app/Terminal/Terminal.apk pkg=com.android.terminal isa=arm64 vmSafeMode=false debuggable=false target-filter=verify-at-runtime oatDir = null sharedLibraries=null
09-05 20:34:48.285  4084  4084 I dex2oat : /system/bin/dex2oat --compiler-filter=verify-at-runtime
09-05 20:34:48.405  4084  4084 I dex2oat : dex2oat took 120.077ms (threads: 8) arena alloc=0B (0B) java alloc=27KB (28240B) native alloc=488KB (500208B) free=2MB (2645520B)
09-05 20:34:48.407  3560  3560 I PackageManager.DexOptimizer: Running dexopt (dex2oat) on: /system/priv-app/AudioFX/AudioFX.apk pkg=org.cyanogenmod.audiofx isa=arm64 vmSafeMode=false debuggable=false target-filter=verify-at-runtime oatDir = null sharedLibraries=null
09-05 20:34:48.423  4093  4093 I dex2oat : /system/bin/dex2oat --compiler-filter=verify-at-runtime
09-05 20:34:48.567  4093  4093 I dex2oat : dex2oat took 144.131ms (threads: 8) arena alloc=0B (0B) java alloc=27KB (28240B) native alloc=474KB (485512B) free=2MB (2660216B)
09-05 20:34:48.570  3560  3560 I PackageManager.DexOptimizer: Running dexopt (dex2oat) on: /system/priv-app/LineageSetupWizard/LineageSetupWizard.apk pkg=com.cyanogenmod.setupwizard isa=arm64 vmSafeMode=false debuggable=false target-filter=verify-at-runtime oatDir = null sharedLibraries=null
09-05 20:34:48.586  4102  4102 I dex2oat : /system/bin/dex2oat --compiler-filter=verify-at-runtime
09-05 20:34:48.667  4102  4102 I dex2oat : dex2oat took 81.482ms (threads: 8) arena alloc=0B (0B) java alloc=31KB (32208B) native alloc=1119KB (1146224B) free=1440KB (1475216B)
09-05 20:34:48.670  3560  3560 I PackageManager.DexOptimizer: Running dexopt (dex2oat) on: /system/app/DownloadProviderUi/DownloadProviderUi.apk pkg=com.android.providers.downloads.ui isa=arm64 vmSafeMode=false debuggable=false target-filter=verify-at-runtime oatDir = null sharedLibraries=null
09-05 20:34:48.685  4111  4111 I dex2oat : /system/bin/dex2oat --compiler-filter=verify-at-runtime
09-05 20:34:48.745  4111  4111 I dex2oat : dex2oat took 60.301ms (threads: 8) arena alloc=0B (0B) java alloc=31KB (32208B) native alloc=860KB (881232B) free=1187KB (1215920B)
09-05 20:34:48.748  3560  3560 I PackageManager.DexOptimizer: Running dexopt (dex2oat) on: /system/app/PacProcessor/PacProcessor.apk pkg=com.android.pacprocessor isa=arm64 vmSafeMode=false debuggable=false target-filter=verify-at-runtime oatDir = null sharedLibraries=null
09-05 20:34:48.764  4120  4120 I dex2oat : /system/bin/dex2oat --compiler-filter=verify-at-runtime
09-05 20:34:48.826  4120  4120 I dex2oat : dex2oat took 63.205ms (threads: 8) arena alloc=0B (0B) java alloc=27KB (28240B) native alloc=858KB (878608B) free=1189KB (1218544B)
09-05 20:34:48.829  3560  3560 I PackageManager.DexOptimizer: Running dexopt (dex2oat) on: /system/app/CertInstaller/CertInstaller.apk pkg=com.android.certinstaller isa=arm64 vmSafeMode=false debuggable=false target-filter=verify-at-runtime oatDir = null sharedLibraries=null
09-05 20:34:48.845  4129  4129 I dex2oat : /system/bin/dex2oat --compiler-filter=verify-at-runtime
09-05 20:34:48.916  4129  4129 I dex2oat : dex2oat took 71.173ms (threads: 8) arena alloc=0B (0B) java alloc=31KB (32216B) native alloc=1005KB (1030096B) free=1554KB (1591344B)
09-05 20:34:48.919  3560  3560 I PackageManager.DexOptimizer: Running dexopt (dex2oat) on: /system/priv-app/CarrierConfig/CarrierConfig.apk pkg=com.android.carrierconfig isa=arm64 vmSafeMode=false debuggable=false target-filter=verify-at-runtime oatDir = null sharedLibraries=null
09-05 20:34:48.934  4138  4138 I dex2oat : /system/bin/dex2oat --compiler-filter=verify-at-runtime
09-05 20:34:48.995  4138  4138 I dex2oat : dex2oat took 61.344ms (threads: 8) arena alloc=0B (0B) java alloc=31KB (32216B) native alloc=858KB (878672B) free=1189KB (1218480B)
09-05 20:34:48.998  3560  3560 I PackageManager.DexOptimizer: Running dexopt (dex2oat) on: /system/priv-app/Contacts/Contacts.apk pkg=com.android.contacts isa=arm64 vmSafeMode=false debuggable=false target-filter=verify-at-runtime oatDir = null sharedLibraries=null
09-05 20:34:49.014  4147  4147 I dex2oat : /system/bin/dex2oat --compiler-filter=verify-at-runtime
09-05 20:34:49.119  4147  4147 I dex2oat : dex2oat took 105.605ms (threads: 8) arena alloc=0B (0B) java alloc=27KB (28240B) native alloc=535KB (548024B) free=2MB (2597704B)
09-05 20:34:49.122  3560  3560 I PackageManager.DexOptimizer: Running dexopt (dex2oat) on: /system/app/Camera2/Camera2.apk pkg=com.android.camera2 isa=arm64 vmSafeMode=false debuggable=false target-filter=verify-at-runtime oatDir = null sharedLibraries=null
09-05 20:34:49.138  4156  4156 I dex2oat : /system/bin/dex2oat --compiler-filter=verify-at-runtime
09-05 20:34:49.251  4156  4156 I dex2oat : dex2oat took 113.499ms (threads: 8) arena alloc=0B (0B) java alloc=27KB (28240B) native alloc=422KB (432760B) free=2MB (2712968B)
09-05 20:34:49.254  3560  3560 I PackageManager.DexOptimizer: Running dexopt (dex2oat) on: /system/priv-app/Recorder/Recorder.apk pkg=org.lineageos.recorder isa=arm64 vmSafeMode=false debuggable=false target-filter=verify-at-runtime oatDir = null sharedLibraries=null
09-05 20:34:49.270  4165  4165 I dex2oat : /system/bin/dex2oat --compiler-filter=verify-at-runtime
09-05 20:34:49.343  4165  4165 I dex2oat : dex2oat took 73.788ms (threads: 8) arena alloc=0B (0B) java alloc=27KB (28240B) native alloc=498KB (510576B) free=2MB (2635152B)
09-05 20:34:49.346  3560  3560 I PackageManager.DexOptimizer: Running dexopt (dex2oat) on: /system/app/EasterEgg/EasterEgg.apk pkg=com.android.egg isa=arm64 vmSafeMode=false debuggable=false target-filter=verify-at-runtime oatDir = null sharedLibraries=null
09-05 20:34:49.361  4174  4174 I dex2oat : /system/bin/dex2oat --compiler-filter=verify-at-runtime
09-05 20:34:49.396  4174  4174 I dex2oat : dex2oat took 35.513ms (threads: 8) arena alloc=0B (0B) java alloc=27KB (28240B) native alloc=1099KB (1125744B) free=1460KB (1495696B)
09-05 20:34:49.399  3560  3560 I PackageManager.DexOptimizer: Running dexopt (dex2oat) on: /system/priv-app/MtpDocumentsProvider/MtpDocumentsProvider.apk pkg=com.android.mtp isa=arm64 vmSafeMode=false debuggable=false target-filter=verify-at-runtime oatDir = null sharedLibraries=null
09-05 20:34:49.415  4183  4183 I dex2oat : /system/bin/dex2oat --compiler-filter=verify-at-runtime
09-05 20:34:49.436  4183  4183 I dex2oat : dex2oat took 21.801ms (threads: 8) arena alloc=0B (0B) java alloc=31KB (32208B) native alloc=1022KB (1046896B) free=1537KB (1574544B)
