09-16 14:37:50.074  6498  6498 W ACodec  : do not know color format 0x7f000789 = 2130708361
09-16 14:37:50.079  6498  6498 I MediaPlayerService: MediaPlayerService::getOMX
09-16 14:37:50.079  6498  6498 I OMXClient: MuxOMX ctor
09-16 14:37:50.082  6498  6498 I MediaPlayerService: MediaPlayerService::getOMX
09-16 14:37:50.083  6498  6498 I OMXClient: MuxOMX ctor
09-16 14:37:50.086  6498  6498 I MediaPlayerService: MediaPlayerService::getOMX
09-16 14:37:50.087  6498  6498 I OMXClient: MuxOMX ctor
09-16 14:37:50.090  6498  6498 I MediaPlayerService: MediaPlayerService::getOMX
09-16 14:37:50.091  6498  6498 I OMXClient: MuxOMX ctor
09-16 14:37:50.095  6498  6498 I MediaPlayerService: MediaPlayerService::getOMX
09-16 14:37:50.096  6498  6498 I OMXClient: MuxOMX ctor
09-16 14:37:50.099  6498  6498 I MediaPlayerService: MediaPlayerService::getOMX
09-16 14:37:50.099  6498  6498 I OMXClient: MuxOMX ctor
09-16 14:37:50.102  6498  6498 I MediaPlayerService: MediaPlayerService::getOMX
09-16 14:37:50.102  6498  6498 I OMXClient: MuxOMX ctor
09-16 14:37:50.105  6498  6498 I MediaPlayerService: MediaPlayerService::getOMX
09-16 14:37:50.105  6498  6498 I OMXClient: MuxOMX ctor
09-16 14:37:50.108  6498  6498 I MediaPlayerService: MediaPlayerService::getOMX
09-16 14:37:50.108  6498  6498 I OMXClient: MuxOMX ctor
09-16 14:37:50.113  6498  6498 I MediaPlayerService: MediaPlayerService::getOMX
09-16 14:37:50.114  6498  6498 I OMXClient: MuxOMX ctor
09-16 14:37:50.118  6498  6498 I MediaPlayerService: MediaPlayerService::getOMX
09-16 14:37:50.119  6498  6498 I OMXClient: MuxOMX ctor
09-16 14:37:50.122  6498  6498 I MediaPlayerService: MediaPlayerService::getOMX
09-16 14:37:50.123  6498  6498 I OMXClient: MuxOMX ctor
09-16 14:37:50.126  6498  6498 I MediaPlayerService: MediaPlayerService::getOMX
09-16 14:37:50.126  6498  6498 I OMXClient: MuxOMX ctor
09-16 14:37:50.131  6498  6498 I MediaPlayerService: MediaPlayerService::getOMX
09-16 14:37:50.131  6498  6498 I OMXClient: MuxOMX ctor
09-16 14:37:50.134  6498  6498 I MediaPlayerService: MediaPlayerService::getOMX
09-16 14:37:50.134  6498  6498 I OMXClient: MuxOMX ctor
09-16 14:37:50.136  6498  6498 W ACodec  : component OMX.ffmpeg.aac.decoder doesn't support profile query.
09-16 14:37:50.137  6498  6498 I MediaPlayerService: MediaPlayerService::getOMX
09-16 14:37:50.137  6498  6498 I OMXClient: MuxOMX ctor
09-16 14:37:50.139  6498  6498 I MediaPlayerService: MediaPlayerService::getOMX
09-16 14:37:50.139  6498  6498 I OMXClient: MuxOMX ctor
09-16 14:37:50.141  6498  6498 I MediaPlayerService: MediaPlayerService::getOMX
09-16 14:37:50.141  6498  6498 I OMXClient: MuxOMX ctor
09-16 14:37:50.145  6498  6498 I MediaPlayerService: MediaPlayerService::getOMX
09-16 14:37:50.145  6498  6498 I OMXClient: MuxOMX ctor
09-16 14:37:50.148  6498  6498 I MediaPlayerService: MediaPlayerService::getOMX
09-16 14:37:50.149  6498  6498 I OMXClient: MuxOMX ctor
09-16 14:37:50.150  6498  6498 I MediaPlayerService: MediaPlayerService::getOMX
09-16 14:37:50.151  6498  6498 I OMXClient: MuxOMX ctor
09-16 14:37:50.153  6498  6498 I MediaPlayerService: MediaPlayerService::getOMX
09-16 14:37:50.153  6498  6498 I OMXClient: MuxOMX ctor
09-16 14:37:50.155  6498  6498 I MediaPlayerService: MediaPlayerService::getOMX
09-16 14:37:50.156  6498  6498 I OMXClient: MuxOMX ctor
09-16 14:37:50.157  6498  6498 I MediaPlayerService: MediaPlayerService::getOMX
09-16 14:37:50.158  6498  6498 I OMXClient: MuxOMX ctor
09-16 14:37:50.161  6498  6498 I MediaPlayerService: MediaPlayerService::getOMX
09-16 14:37:50.162  6498  6498 I OMXClient: MuxOMX ctor
09-16 14:37:50.166  6498  6498 I MediaPlayerService: MediaPlayerService::getOMX
09-16 14:37:50.166  6498  6498 I OMXClient: MuxOMX ctor
09-16 14:37:50.168  6498  6498 I MediaPlayerService: MediaPlayerService::getOMX
09-16 14:37:50.169  6498  6498 I OMXClient: MuxOMX ctor
09-16 14:37:50.171  6498  6498 I MediaPlayerService: MediaPlayerService::getOMX
09-16 14:37:50.172  6498  6498 I OMXClient: MuxOMX ctor
09-16 14:37:50.174  6498  6498 I MediaPlayerService: MediaPlayerService::getOMX
09-16 14:37:50.174  6498  6498 I OMXClient: MuxOMX ctor
09-16 14:37:50.179  6498  6498 I MediaPlayerService: MediaPlayerService::getOMX
09-16 14:37:50.179  6498  6498 I OMXClient: MuxOMX ctor
09-16 14:37:50.182  6498  6498 I MediaPlayerService: MediaPlayerService::getOMX
09-16 14:37:50.183  6498  6498 I OMXClient: MuxOMX ctor
09-16 14:37:50.186  6498  6498 I MediaPlayerService: MediaPlayerService::getOMX
09-16 14:37:50.186  6498  6498 I OMXClient: MuxOMX ctor
09-16 14:37:50.190  6498  6498 I MediaPlayerService: MediaPlayerService::getOMX
09-16 14:37:50.190  6498  6498 I OMXClient: MuxOMX ctor
09-16 14:37:50.190  6498  6498 W MediaCodecList: unable to open media codecs configuration xml file: /etc/media_codecs_performance.xml
09-16 14:37:50.191  6498  6498 I MediaPlayerService: MediaPlayerService::getOMX
09-16 14:37:50.191  6498  6498 I OMXClient: MuxOMX ctor
09-16 14:37:50.191  6498  6498 W MediaCodecList: unable to open media codecs configuration xml file: /data/misc/media/media_codecs_profiling_results.xml
09-16 14:37:50.194  6498  6950 I MediaPlayerService: MediaPlayerService::getOMX
09-16 14:37:50.195  6882  6964 I OMXClient: MuxOMX ctor
09-16 14:37:50.261  6498  6950 I MediaPlayerService: MediaPlayerService::getOMX
09-16 14:37:50.261  6882  7152 I OMXClient: MuxOMX ctor
09-16 14:37:50.331  6498  6950 I MediaPlayerService: MediaPlayerService::getOMX
09-16 14:37:50.332  6882  7155 I OMXClient: MuxOMX ctor
09-16 14:37:50.578  3156  3156 I lowmemorykiller: ActivityManager disconnected
09-16 14:37:50.578  3156  3156 I lowmemorykiller: Closing Activity Manager data connection
09-16 14:37:50.580  3182  3182 E         : eof
09-16 14:37:50.580  3182  3182 E         : failed to read size
09-16 14:37:50.580  3182  3182 I         : closing connection
09-16 14:37:50.583  6882  7068 W Sensors : sensorservice died [0x7f81a870e0]
09-16 14:37:50.585  6882  6882 D AndroidRuntime: Shutting down VM
09-16 14:37:50.586  7045  7045 W ActivityThread: remote exception occur while check the task and stack of activity:ActivityRecord{be17df5 token=android.os.BinderProxy@3e1778a {com.android.settings/com.android.settings.CryptKeeper}}
09-16 14:37:50.586  7045  7045 W ActivityThread: android.os.DeadObjectException
09-16 14:37:50.586  7045  7045 W ActivityThread: 	at android.os.BinderProxy.transactNative(Native Method)
09-16 14:37:50.586  7045  7045 W ActivityThread: 	at android.os.BinderProxy.transact(Binder.java:615)
09-16 14:37:50.586  7045  7045 W ActivityThread: 	at android.app.ActivityManagerProxy.getActivityStackId(ActivityManagerNative.java:6856)
09-16 14:37:50.586  7045  7045 W ActivityThread: 	at android.app.ActivityThread$ActivityClientRecord.isInStack(ActivityThread.java:387)
09-16 14:37:50.586  7045  7045 W ActivityThread: 	at android.app.ActivityThread.handleLaunchActivity(ActivityThread.java:2727)
09-16 14:37:50.586  7045  7045 W ActivityThread: 	at android.app.ActivityThread.-wrap12(ActivityThread.java)
09-16 14:37:50.586  7045  7045 W ActivityThread: 	at android.app.ActivityThread$H.handleMessage(ActivityThread.java:1496)
09-16 14:37:50.586  7045  7045 W ActivityThread: 	at android.os.Handler.dispatchMessage(Handler.java:102)
09-16 14:37:50.586  7045  7045 W ActivityThread: 	at android.os.Looper.loop(Looper.java:154)
09-16 14:37:50.586  7045  7045 W ActivityThread: 	at android.app.ActivityThread.main(ActivityThread.java:6186)
09-16 14:37:50.586  7045  7045 W ActivityThread: 	at java.lang.reflect.Method.invoke(Native Method)
09-16 14:37:50.586  7045  7045 W ActivityThread: 	at com.android.internal.os.ZygoteInit$MethodAndArgsCaller.run(ZygoteInit.java:889)
09-16 14:37:50.586  7045  7045 W ActivityThread: 	at com.android.internal.os.ZygoteInit.main(ZygoteInit.java:779)
09-16 14:37:50.586  7045  7045 W ActivityThread: handleLaunchActivity stack or task is invalid, can not launch it, r:ActivityRecord{be17df5 token=android.os.BinderProxy@3e1778a {com.android.settings/com.android.settings.CryptKeeper}}
09-16 14:37:50.586  6497  6497 E Zygote  : Exit zygote because system server (6735) has terminated
09-16 14:37:50.587  6882  6882 E AndroidRuntime: FATAL EXCEPTION: main
09-16 14:37:50.587  6882  6882 E AndroidRuntime: Process: com.android.systemui, PID: 6882
09-16 14:37:50.587  6882  6882 E AndroidRuntime: DeadSystemException: The system died; earlier logs will point to the root cause
09-16 14:37:50.597  6882  6882 I Process : Sending signal. PID: 6882 SIG: 9
09-16 14:37:50.728  7162  7162 I Netd    : Netd 1.0 starting
09-16 14:37:50.729  7162  7162 D TetherController: Setting IP forward enable = 0
09-16 14:37:50.732  7162  7162 I QtiConnectivityAdapter: Failed to open libconnctrl, some features may not be present.
09-16 14:37:50.732  7162  7162 E         : Failed to open libdatactrl, some features may not be present.
09-16 14:37:50.732  7162  7162 E         : Failed to open libcsm_data, some features may not be present.
09-16 14:37:50.739  3083  3083 W auditd  : type=1325 audit(0.0:922): table=filter family=2 entries=100
09-16 14:37:50.739  3083  3083 W auditd  : type=1320 audit(0.0:922): 
09-16 14:37:50.743  3083  3083 W auditd  : type=1325 audit(0.0:923): table=filter family=10 entries=111
09-16 14:37:50.743  3083  3083 W auditd  : type=1320 audit(0.0:923): 
09-16 14:37:50.755  3083  3083 W auditd  : type=1325 audit(0.0:924): table=filter family=2 entries=99
09-16 14:37:50.755  3083  3083 W auditd  : type=1320 audit(0.0:924): 
09-16 14:37:50.763  3083  3083 W auditd  : type=1325 audit(0.0:925): table=filter family=10 entries=110
09-16 14:37:50.763  3083  3083 W auditd  : type=1320 audit(0.0:925): 
09-16 14:37:50.771  3083  3083 W auditd  : type=1325 audit(0.0:926): table=filter family=2 entries=96
09-16 14:37:50.771  3083  3083 W auditd  : type=1320 audit(0.0:926): 
09-16 14:37:50.779  3083  3083 W auditd  : type=1325 audit(0.0:927): table=filter family=10 entries=107
09-16 14:37:50.779  3083  3083 W auditd  : type=1320 audit(0.0:927): 
09-16 14:37:50.787  3083  3083 W auditd  : type=1325 audit(0.0:928): table=filter family=2 entries=94
09-16 14:37:50.787  3083  3083 W auditd  : type=1320 audit(0.0:928): 
09-16 14:37:50.792  7159  7159 I cameraserver: ServiceManager: 0xf6699440
09-16 14:37:50.792  7159  7159 I CameraService: CameraService started (pid=7159)
09-16 14:37:50.792  7159  7159 I CameraService: CameraService process starting
09-16 14:37:50.792  7159  7159 W BatteryNotifier: batterystats service unavailable!
09-16 14:37:50.792  7159  7159 W BatteryNotifier: batterystats service unavailable!
09-16 14:37:50.793  7159  7159 E CameraService: Could not load camera HAL module: -2 (No such file or directory)
09-16 14:37:50.795  3083  3083 W auditd  : type=1325 audit(0.0:929): table=filter family=10 entries=105
09-16 14:37:50.795  3083  3083 W auditd  : type=1320 audit(0.0:929): 
09-16 14:37:50.798  7164  7164 I chatty  : uid=1041(audioserver) /system/bin/audioserver expire 130 lines
09-16 14:37:50.803  3083  3083 W auditd  : type=1325 audit(0.0:930): table=filter family=2 entries=96
09-16 14:37:50.803  3083  3083 W auditd  : type=1320 audit(0.0:930): 
09-16 14:37:50.815  3083  3083 W auditd  : type=1325 audit(0.0:931): table=filter family=10 entries=107
09-16 14:37:50.815  3083  3083 W auditd  : type=1320 audit(0.0:931): 
09-16 14:37:50.816  7163  7163 I mediaserver: ServiceManager: 0xf60994a0
09-16 14:37:50.816  7163  7163 W BatteryNotifier: batterystats service unavailable!
09-16 14:37:50.925  7161  7161 D AndroidRuntime: >>>>>> START com.android.internal.os.ZygoteInit uid 0 <<<<<<
09-16 14:37:50.927  7161  7161 D AndroidRuntime: CheckJNI is ON
09-16 14:37:50.927  7161  7161 I art     : option[0]=-Xzygote
09-16 14:37:50.927  7161  7161 I art     : option[1]=-Xcheck:jni
09-16 14:37:50.927  7161  7161 I art     : option[2]=-Xstacktracefile:/data/anr/traces.txt
09-16 14:37:50.927  7161  7161 I art     : option[3]=exit
09-16 14:37:50.927  7161  7161 I art     : option[4]=vfprintf
09-16 14:37:50.927  7161  7161 I art     : option[5]=sensitiveThread
09-16 14:37:50.927  7161  7161 I art     : option[6]=-verbose:gc
09-16 14:37:50.927  7161  7161 I art     : option[7]=-Xms8m
09-16 14:37:50.927  7161  7161 I art     : option[8]=-Xmx512m
09-16 14:37:50.927  7161  7161 I art     : option[9]=-XX:HeapGrowthLimit=256m
09-16 14:37:50.927  7161  7161 I art     : option[10]=-XX:HeapMinFree=2m
09-16 14:37:50.927  7161  7161 I art     : option[11]=-XX:HeapMaxFree=8m
09-16 14:37:50.927  7161  7161 I art     : option[12]=-XX:HeapTargetUtilization=0.75
09-16 14:37:50.927  7161  7161 I art     : option[13]=-Xusejit:true
09-16 14:37:50.927  7161  7161 I art     : option[14]=-Xjitsaveprofilinginfo
09-16 14:37:50.927  7161  7161 I art     : option[15]=-agentlib:jdwp=transport=dt_android_adb,suspend=n,server=y
09-16 14:37:50.927  7161  7161 I art     : option[16]=-Xlockprofthreshold:500
09-16 14:37:50.927  7161  7161 I art     : option[17]=-Ximage-compiler-option
09-16 14:37:50.927  7161  7161 I art     : option[18]=--runtime-arg
09-16 14:37:50.927  7161  7161 I art     : option[19]=-Ximage-compiler-option
09-16 14:37:50.927  7161  7161 I art     : option[20]=-Xms64m
09-16 14:37:50.927  7161  7161 I art     : option[21]=-Ximage-compiler-option
09-16 14:37:50.927  7161  7161 I art     : option[22]=--runtime-arg
09-16 14:37:50.927  7161  7161 I art     : option[23]=-Ximage-compiler-option
09-16 14:37:50.927  7161  7161 I art     : option[24]=-Xmx64m
09-16 14:37:50.927  7161  7161 I art     : option[25]=-Ximage-compiler-option
09-16 14:37:50.928  7161  7161 I art     : option[26]=--compiler-filter=verify-at-runtime
09-16 14:37:50.928  7161  7161 I art     : option[27]=-Ximage-compiler-option
09-16 14:37:50.928  7161  7161 I art     : option[28]=--image-classes=/system/etc/preloaded-classes
09-16 14:37:50.928  7161  7161 I art     : option[29]=-Ximage-compiler-option
09-16 14:37:50.928  7161  7161 I art     : option[30]=--compiled-classes=/system/etc/compiled-classes
09-16 14:37:50.928  7161  7161 I art     : option[31]=-Xcompiler-option
09-16 14:37:50.928  7161  7161 I art     : option[32]=--runtime-arg
09-16 14:37:50.928  7161  7161 I art     : option[33]=-Xcompiler-option
09-16 14:37:50.928  7161  7161 I art     : option[34]=-Xms64m
09-16 14:37:50.928  7161  7161 I art     : option[35]=-Xcompiler-option
09-16 14:37:50.928  7161  7161 I art     : option[36]=--runtime-arg
09-16 14:37:50.928  7161  7161 I art     : option[37]=-Xcompiler-option
09-16 14:37:50.928  7161  7161 I art     : option[38]=-Xmx512m
09-16 14:37:50.928  7161  7161 I art     : option[39]=-Ximage-compiler-option
09-16 14:37:50.928  7161  7161 I art     : option[40]=--instruction-set-variant=generic
09-16 14:37:50.928  7161  7161 I art     : option[41]=-Xcompiler-option
09-16 14:37:50.928  7161  7161 I art     : option[42]=--instruction-set-variant=generic
09-16 14:37:50.928  7161  7161 I art     : option[43]=-Ximage-compiler-option
09-16 14:37:50.928  7161  7161 I art     : option[44]=--instruction-set-features=default
09-16 14:37:50.928  7161  7161 I art     : option[45]=-Xcompiler-option
09-16 14:37:50.928  7161  7161 I art     : option[46]=--instruction-set-features=default
09-16 14:37:50.928  7161  7161 I art     : option[47]=-Duser.locale=en-US
09-16 14:37:50.928  7161  7161 I art     : option[48]=--cpu-abilist=arm64-v8a
09-16 14:37:50.928  7161  7161 I art     : option[49]=-Xfingerprint:samsung/dream2ltexx/dream2lte:7.0/NRD90M/G955FXXU1AQH3:user/release-keys
09-16 14:37:50.942  7161  7161 D ICU     : No timezone override file found: /data/misc/zoneinfo/current/icu/icu_tzdata.dat
09-16 14:37:50.963  7161  7161 W art     : Before Android 4.1, method double java.util.concurrent.ThreadLocalRandom.internalNextDouble(double, double) would have incorrectly overridden the package-private method in java.util.Random
09-16 14:37:50.963  7161  7161 W art     : Before Android 4.1, method int java.util.concurrent.ThreadLocalRandom.internalNextInt(int, int) would have incorrectly overridden the package-private method in java.util.Random
09-16 14:37:50.963  7161  7161 W art     : Before Android 4.1, method long java.util.concurrent.ThreadLocalRandom.internalNextLong(long, long) would have incorrectly overridden the package-private method in java.util.Random
09-16 14:37:51.057  7161  7161 I Radio-JNI: register_android_hardware_Radio DONE
09-16 14:37:51.085  7161  7161 I SamplingProfilerIntegration: Profiling disabled.
09-16 14:37:51.086  7161  7161 D Zygote  : begin preload
09-16 14:37:51.086  7161  7161 I Zygote  : Installing ICU cache reference pinning...
09-16 14:37:51.086  7161  7161 I Zygote  : Preloading ICU data...
09-16 14:37:51.206  7161  7161 I Zygote  : Preloading classes...
09-16 14:37:51.211  7161  7161 W Zygote  : Class not found for preloading: [Landroid.view.Display$ColorTransform;
09-16 14:37:51.366  7164  7234 I chatty  : uid=1041(audioserver) /system/bin/audioserver expire 10 lines
09-16 14:37:51.369  7164  7175 I chatty  : uid=1041(audioserver) /system/bin/audioserver expire 2 lines
09-16 14:37:51.371  7164  7237 I chatty  : uid=1041(audioserver) /system/bin/audioserver expire 10 lines
09-16 14:37:51.374  7164  7238 I chatty  : uid=1041(audioserver) /system/bin/audioserver expire 1 line
09-16 14:37:51.376  7164  7241 I chatty  : uid=1041(audioserver) /system/bin/audioserver expire 1 line
09-16 14:37:51.376  7164  7164 I chatty  : uid=1041(audioserver) /system/bin/audioserver expire 3 lines
09-16 14:37:51.377  7164  7242 I chatty  : uid=1041(audioserver) /system/bin/audioserver expire 1 line
09-16 14:37:51.377  7164  7175 I chatty  : uid=1041(audioserver) /system/bin/audioserver expire 13 lines
09-16 14:37:51.378  7164  7164 I chatty  : uid=1041(audioserver) /system/bin/audioserver expire 22 lines
09-16 14:37:51.529  7161  7161 E Typeface: Error mapping font file /system/fonts/DroidSansFallback.ttf
09-16 14:37:51.743  3083  3083 W auditd  : type=1325 audit(0.0:1016): table=filter family=2 entries=94
09-16 14:37:51.743  3083  3083 W auditd  : type=1320 audit(0.0:1016): 
09-16 14:37:51.759  3083  3083 W auditd  : type=1325 audit(0.0:1017): table=filter family=10 entries=106
09-16 14:37:51.759  3083  3083 W auditd  : type=1320 audit(0.0:1017): 
09-16 14:37:51.771  3083  3083 W auditd  : type=1325 audit(0.0:1018): table=filter family=2 entries=93
09-16 14:37:51.771  3083  3083 W auditd  : type=1320 audit(0.0:1018): 
09-16 14:37:51.783  3083  3083 W auditd  : type=1325 audit(0.0:1019): table=filter family=10 entries=105
09-16 14:37:51.783  3083  3083 W auditd  : type=1320 audit(0.0:1019): 
09-16 14:37:51.795  3083  3083 W auditd  : type=1325 audit(0.0:1020): table=filter family=2 entries=90
09-16 14:37:51.795  3083  3083 W auditd  : type=1320 audit(0.0:1020): 
09-16 14:37:51.807  3083  3083 W auditd  : type=1325 audit(0.0:1021): table=filter family=10 entries=102
09-16 14:37:51.807  3083  3083 W auditd  : type=1320 audit(0.0:1021): 
09-16 14:37:51.819  3083  3083 W auditd  : type=1325 audit(0.0:1022): table=filter family=2 entries=88
09-16 14:37:51.819  3083  3083 W auditd  : type=1320 audit(0.0:1022): 
09-16 14:37:51.827  3083  3083 W auditd  : type=1325 audit(0.0:1023): table=filter family=10 entries=100
09-16 14:37:51.827  3083  3083 W auditd  : type=1320 audit(0.0:1023): 
09-16 14:37:51.839  3083  3083 W auditd  : type=1325 audit(0.0:1024): table=filter family=2 entries=90
09-16 14:37:51.839  3083  3083 W auditd  : type=1320 audit(0.0:1024): 
09-16 14:37:51.847  3083  3083 W auditd  : type=1325 audit(0.0:1025): table=filter family=10 entries=102
09-16 14:37:51.847  3083  3083 W auditd  : type=1320 audit(0.0:1025): 
09-16 14:37:52.260  7161  7161 I art     : Thread[1,tid=7161,Native,Thread*=0x7fb3c95a00,peer=0x12c420d0,"main"] recursive attempt to load library "/system/lib64/libmedia_jni.so"
09-16 14:37:52.260  7161  7161 D MtpDeviceJNI: register_android_mtp_MtpDevice
09-16 14:37:52.261  7161  7161 I art     : Thread[1,tid=7161,Native,Thread*=0x7fb3c95a00,peer=0x12c420d0,"main"] recursive attempt to load library "/system/lib64/libmedia_jni.so"
09-16 14:37:52.261  7161  7161 I art     : Thread[1,tid=7161,Native,Thread*=0x7fb3c95a00,peer=0x12c420d0,"main"] recursive attempt to load library "/system/lib64/libmedia_jni.so"
09-16 14:37:52.285  7161  7161 E FFMPEGSoftCodec: Failed to load FFMPEG plugin: (null)
09-16 14:37:52.585  7161  7161 W Zygote  : Class not found for preloading: android.view.Display$ColorTransform
09-16 14:37:52.585  7161  7161 W Zygote  : Class not found for preloading: android.view.Display$ColorTransform$1
09-16 14:37:52.677  7162  7162 V NatController: runCmd(/system/bin/iptables -w -F natctrl_FORWARD) res=0
09-16 14:37:52.687  7162  7162 V NatController: runCmd(/system/bin/ip6tables -w -F natctrl_FORWARD) res=0
09-16 14:37:52.698  7162  7162 V NatController: runCmd(/system/bin/iptables -w -A natctrl_FORWARD -j DROP) res=0
09-16 14:37:52.707  7162  7162 V NatController: runCmd(/system/bin/iptables -w -t nat -F natctrl_nat_POSTROUTING) res=0
09-16 14:37:52.716  7162  7162 V NatController: runCmd(/system/bin/ip6tables -w -t raw -F natctrl_raw_PREROUTING) res=0
09-16 14:37:52.726  7162  7162 V NatController: runCmd(/system/bin/iptables -w -F natctrl_tether_counters) res=0
09-16 14:37:52.736  7162  7162 V NatController: runCmd(/system/bin/ip6tables -w -F natctrl_tether_counters) res=0
09-16 14:37:52.748  7162  7162 V NatController: runCmd(/system/bin/iptables -w -X natctrl_tether_counters) res=0
09-16 14:37:52.751  3083  3083 W auditd  : type=1325 audit(0.0:1110): table=filter family=10 entries=103
09-16 14:37:52.751  3083  3083 W auditd  : type=1320 audit(0.0:1110): 
09-16 14:37:52.758  7162  7162 V NatController: runCmd(/system/bin/ip6tables -w -X natctrl_tether_counters) res=0
09-16 14:37:52.763  3083  3083 W auditd  : type=1325 audit(0.0:1111): table=filter family=2 entries=90
09-16 14:37:52.763  3083  3083 W auditd  : type=1320 audit(0.0:1111): 
09-16 14:37:52.770  7162  7162 V NatController: runCmd(/system/bin/iptables -w -N natctrl_tether_counters) res=0
09-16 14:37:52.771  3083  3083 W auditd  : type=1325 audit(0.0:1112): table=filter family=10 entries=101
09-16 14:37:52.771  3083  3083 W auditd  : type=1320 audit(0.0:1112): 
09-16 14:37:52.780  7162  7162 V NatController: runCmd(/system/bin/ip6tables -w -N natctrl_tether_counters) res=0
09-16 14:37:52.783  3083  3083 W auditd  : type=1325 audit(0.0:1113): table=mangle family=2 entries=15
09-16 14:37:52.783  3083  3083 W auditd  : type=1320 audit(0.0:1113): 
09-16 14:37:52.789  7162  7162 V NatController: runCmd(/system/bin/iptables -w -t mangle -A natctrl_mangle_FORWARD -p tcp --tcp-flags SYN SYN -j TCPMSS --clamp-mss-to-pmtu) res=0
09-16 14:37:52.792  7161  7161 W System  : ClassLoader referenced unknown path: /system/framework/tcmclient.jar
09-16 14:37:52.811  3083  3083 W auditd  : type=1325 audit(0.0:1114): table=filter family=2 entries=92
09-16 14:37:52.811  3083  3083 W auditd  : type=1320 audit(0.0:1114): 
09-16 14:37:52.811  3083  3083 W auditd  : type=1325 audit(0.0:1115): table=raw family=2 entries=12
09-16 14:37:52.811  3083  3083 W auditd  : type=1320 audit(0.0:1115): 
09-16 14:37:52.811  3083  3083 W auditd  : type=1325 audit(0.0:1116): table=mangle family=2 entries=16
09-16 14:37:52.811  3083  3083 W auditd  : type=1320 audit(0.0:1116): 
09-16 14:37:52.823  3083  3083 W auditd  : type=1325 audit(0.0:1117): table=filter family=10 entries=103
09-16 14:37:52.823  3083  3083 W auditd  : type=1320 audit(0.0:1117): 
09-16 14:37:52.823  3083  3083 W auditd  : type=1325 audit(0.0:1118): table=raw family=10 entries=12
09-16 14:37:52.823  3083  3083 W auditd  : type=1320 audit(0.0:1118): 
09-16 14:37:52.823  3083  3083 W auditd  : type=1325 audit(0.0:1119): table=mangle family=10 entries=15
09-16 14:37:52.823  3083  3083 W auditd  : type=1320 audit(0.0:1119): 
09-16 14:37:52.918  7162  7162 E Netd    : cannot find interface dummy0
09-16 14:37:52.920  7162  7162 D MDnsDS  : MDnsSdListener::Hander starting up
09-16 14:37:52.920  7162  7394 D MDnsDS  : MDnsSdListener starting to monitor
09-16 14:37:52.921  7162  7394 D MDnsDS  : Going to poll with pollCount 1
09-16 14:37:52.990  7161  7161 I System  : Loaded time zone names for "" in 47ms (18ms in ICU)
09-16 14:37:53.028  7161  7161 I System  : Loaded time zone names for "en_US" in 38ms (9ms in ICU)
09-16 14:37:53.312  7161  7161 I Zygote  : ...preloaded 4158 classes in 2106ms.
09-16 14:37:53.312  7161  7161 I art     : VMRuntime.preloadDexCaches starting
09-16 14:37:53.354  7161  7161 I art     : VMRuntime.preloadDexCaches strings total=288446 before=12011 after=12011
09-16 14:37:53.354  7161  7161 I art     : VMRuntime.preloadDexCaches types total=23810 before=9280 after=11325
09-16 14:37:53.354  7161  7161 I art     : VMRuntime.preloadDexCaches fields total=113941 before=41160 after=54105
09-16 14:37:53.354  7161  7161 I art     : VMRuntime.preloadDexCaches methods total=199717 before=78591 after=96703
09-16 14:37:53.354  7161  7161 I art     : VMRuntime.preloadDexCaches finished
09-16 14:37:53.354  7161  7161 I Zygote  : Preloading resources...
09-16 14:37:53.380  7161  7161 W Resources: Preloaded drawable resource #0x108025c (android:drawable/dialog_background_material) that varies with configuration!!
09-16 14:37:53.386  7161  7161 W Resources: Preloaded color resource #0x10600ea (android:color/material_grey_800) that varies with configuration!!
09-16 14:37:53.386  7161  7161 W Resources: Preloaded drawable resource #0x10802c9 (android:drawable/floating_popup_background_dark) that varies with configuration!!
09-16 14:37:53.498  7161  7161 I Zygote  : ...preloaded 114 resources in 143ms.
09-16 14:37:53.505  7161  7161 W Resources: Preloaded color resource #0x1060114 (android:color/background_cache_hint_selector_material_dark) that varies with configuration!!
09-16 14:37:53.506  7161  7161 W Resources: Preloaded color resource #0x1060119 (android:color/btn_default_material_dark) that varies with configuration!!
09-16 14:37:53.508  7161  7161 I Zygote  : ...preloaded 41 resources in 10ms.
09-16 14:37:53.510  7161  7161 I Zygote  : ...preloaded 2 resource in 2ms.
09-16 14:37:53.519  7161  7161 D libEGL  : loaded /vendor/lib64/egl/libGLES_mali.so
09-16 14:37:53.527  7161  7161 I Zygote  : Preloading shared libraries...
09-16 14:37:53.546  7161  7161 I Zygote  : Uninstalled ICU cache reference pinning...
09-16 14:37:53.553  7161  7161 I Zygote  : Installed AndroidKeyStoreProvider in 7ms.
09-16 14:37:53.656  7161  7161 I Zygote  : Warmed up JCA providers in 103ms.
09-16 14:37:53.656  7161  7161 D Zygote  : end preload
09-16 14:37:53.656  7161  7161 I art     : Starting a blocking GC Explicit
09-16 14:37:53.666  7161  7161 I art     : Explicit concurrent mark sweep GC freed 8298(456KB) AllocSpace objects, 0(0B) LOS objects, 40% free, 10MB/17MB, paused 47us total 10.369ms
09-16 14:37:53.699  7161  7161 I art     : Starting a blocking GC Explicit
09-16 14:37:53.722  7161  7161 I art     : Explicit concurrent mark sweep GC freed 1498(53KB) AllocSpace objects, 0(0B) LOS objects, 39% free, 10MB/17MB, paused 101us total 22.001ms
09-16 14:37:53.768  7161  7200 I art     : Starting a blocking GC HeapTrim
09-16 14:37:53.774  7161  7161 I art     : Starting a blocking GC Background
09-16 14:37:53.858  7161  7161 I Zygote  : System server process 7400 has been created
09-16 14:37:53.859  7161  7161 I Zygote  : Accepting command socket connections
09-16 14:37:53.882  7400  7400 I chatty  : uid=1000 system_server expire 62 lines
09-16 14:37:53.884  7400  7400 I chatty  : uid=1000 system_server expire 76 lines
09-16 14:37:53.885  3182  3182 I         : new connection
09-16 14:37:53.891  3182  3182 E         : eof
09-16 14:37:53.891  3182  3182 E         : failed to read size
09-16 14:37:53.891  3182  3182 I         : closing connection
09-16 14:37:53.980  3182  3182 I         : new connection
09-16 14:37:53.990  7400  7414 I chatty  : uid=1000 system_server expire 1 line
09-16 14:37:53.991  7400  7415 I chatty  : uid=1000 system_server expire 1 line
09-16 14:37:54.148  7400  7421 I chatty  : uid=1000 system_server expire 5 lines
09-16 14:37:54.159  7400  7423 I chatty  : uid=1000 system_server expire 1 line
09-16 14:37:54.178  3158  5128 E SurfaceFlinger: getDefaultDisplay: id=2 is not a valid default display id
09-16 14:37:54.190  3158  3158 D SurfaceFlinger: Set power mode=2, type=0 flinger=0x7f98e48000
09-16 14:37:54.191  3158  3158 D SurfaceFlinger: Screen type=0 is already mode=2
09-16 14:37:55.391  7400  7429 I chatty  : uid=1000 system_server expire 6 lines
09-16 14:37:55.604  7400  7428 I chatty  : uid=1000 system_server expire 6 lines
09-16 14:37:55.621  7400  7432 I chatty  : uid=1000 system_server expire 1 line
09-16 14:37:55.677  7400  7431 I chatty  : uid=1000 system_server expire 6 lines
09-16 14:37:55.878  7400  7430 I chatty  : uid=1000 system_server expire 7 lines
09-16 14:37:56.027  3182  3182 E         : invalid apk path '/system/framework/org.cyanogenmod.platform-res.apk' (bad prefix)
09-16 14:37:56.402  7400  7400 I chatty  : uid=1000 system_server expire 18 lines
09-16 14:37:56.408  7400  7400 W PackageManager: Unable to enable com.google.android.gms/com.google.android.gms.update.SystemUpdateService
09-16 14:37:56.701  7400  7400 D PackageManager: Ephemeral resolver NOT found; no matching intent filters
09-16 14:37:56.701  7400  7400 I PackageManager: Ephemeral deactivated; missing resolver and installer
09-16 14:37:56.724  7400  7400 I SystemServer: StartOtaDexOptService
09-16 14:37:56.726  7400  7400 I SystemServer: StartUserManagerService
09-16 14:37:56.727  7400  7400 I SystemServiceManager: Starting com.android.server.pm.UserManagerService$LifeCycle
09-16 14:37:56.742  3156  3156 I lowmemorykiller: ActivityManager connected
09-16 14:37:56.742  7400  7400 I SystemServiceManager: Starting com.android.server.BatteryService
09-16 14:37:56.746  7400  7435 I chatty  : uid=1000 system_server expire 2 lines
09-16 14:37:56.751  7400  7400 I SystemServiceManager: Starting com.android.server.usage.UsageStatsService
09-16 14:37:56.755  7400  7400 I SystemServiceManager: Starting com.android.server.webkit.WebViewUpdateService
09-16 14:37:56.759  7400  7400 I SystemServer: Reading configuration...
09-16 14:37:56.759  7400  7400 I SystemServer: StartSchedulingPolicyService
09-16 14:37:56.762  7400  7400 I SystemServiceManager: Starting com.android.server.telecom.TelecomLoaderService
09-16 14:37:56.762  7400  7400 I SystemServer: StartTelephonyRegistry
09-16 14:37:56.767  7400  7400 I SystemServer: StartEntropyMixer
09-16 14:37:56.823  7400  7400 I EntropyMixer: Added HW RNG output to entropy pool
09-16 14:37:56.823  7400  7400 I EntropyMixer: Writing entropy...
09-16 14:37:56.853  7400  7400 I SystemServer: Camera Service
09-16 14:37:56.854  7400  7400 I SystemServiceManager: Starting com.android.server.camera.CameraService
09-16 14:37:56.860  7400  7436 I ServiceThread: Enabled StrictMode logging for CameraService_proxy looper.
09-16 14:37:56.865  7400  7400 I SystemServer: StartAccountManagerService
09-16 14:37:56.865  7400  7400 I SystemServiceManager: Starting com.android.server.accounts.AccountManagerService$Lifecycle
09-16 14:37:56.895  7400  7400 I SystemServer: StartContentService
09-16 14:37:56.896  7400  7400 I SystemServiceManager: Starting com.android.server.content.ContentService$Lifecycle
09-16 14:37:56.901  7400  7400 I SystemServer: InstallSystemProviders
09-16 14:37:57.004  7400  7400 I SystemServer: StartVibratorService
09-16 14:37:57.007  7400  7400 I SystemServer: StartConsumerIrService
09-16 14:37:57.010  7400  7400 I SystemServer: StartAlarmManagerService
09-16 14:37:57.010  7400  7400 I SystemServiceManager: Starting com.android.server.AlarmManagerService
09-16 14:37:57.016  7400  7400 I SystemServer: InitWatchdog
09-16 14:37:57.016  7400  7400 I SystemServer: StartInputManagerService
09-16 14:37:57.016  7400  7400 I InputManager: Initializing input manager, mUseDevInputEventForAudioJack=false
09-16 14:37:57.017  7400  7400 I SystemServer: StartWindowManagerService
09-16 14:37:57.073  7400  7421 I WindowManager: No existing display settings /data/system/display_settings.xml; starting empty
09-16 14:37:57.116  7400  7415 I chatty  : uid=1000 system_server expire 3 lines
09-16 14:37:57.121  7159  7159 E CameraService: getCameraVendorTagDescriptor: camera hardware module doesn't exist
09-16 14:37:57.266  7400  7400 I SystemServer: StartVrManagerService
09-16 14:37:57.266  7400  7400 I SystemServiceManager: Starting com.android.server.vr.VrManagerService
09-16 14:37:57.286  7400  7400 I InputManager: Starting input manager
09-16 14:37:57.288  7400  7442 I chatty  : uid=1000 system_server expire 40 lines
09-16 14:37:57.320  7400  7400 I SystemServiceManager: Starting com.android.server.BluetoothService
09-16 14:37:57.329  7400  7400 D BluetoothManagerService: Loading stored name and address
09-16 14:37:57.329  7400  7400 D BluetoothManagerService: Stored bluetooth Name=null,Address=null
09-16 14:37:57.330  7400  7400 D BluetoothManagerService: Bluetooth persisted state: 0
09-16 14:37:57.330  7400  7400 I SystemServer: ConnectivityMetricsLoggerService
09-16 14:37:57.331  7400  7400 I SystemServiceManager: Starting com.android.server.connectivity.MetricsLoggerService
09-16 14:37:57.332  7400  7400 I SystemServer: IpConnectivityMetrics
09-16 14:37:57.332  7400  7400 I SystemServiceManager: Starting com.android.server.connectivity.IpConnectivityMetrics
09-16 14:37:57.334  7400  7400 I SystemServer: PinnerService
09-16 14:37:57.335  7400  7400 I SystemServiceManager: Starting com.android.server.PinnerService
09-16 14:37:57.337  7400  7400 I SystemServiceManager: Starting com.android.server.InputMethodManagerService$Lifecycle
09-16 14:37:57.483  7400  7400 W InputMethodManagerService: No IME selected. Choose the most applicable IME.
09-16 14:37:57.489  7400  7400 I InputMethodManagerService: Default found, using com.android.inputmethod.latin/.LatinIME
09-16 14:37:57.491  7400  7400 I SystemServer: StartAccessibilityManagerService
09-16 14:37:57.503  7400  7400 I ActivityManager: Config changes=1df8 {1.0 ?mcc?mnc [en_US] ldltr sw411dp w411dp h845dp 560dpi nrml long port ?uimode ?night -touch -keyb/h/h -nav/h s.2}
09-16 14:37:57.509  7400  7400 I ActivityManager: Config changes=400 {1.0 ?mcc?mnc [en_US] ldltr sw411dp w411dp h773dp 560dpi nrml long port ?uimode ?night -touch -keyb/h/h -nav/h s.3}
09-16 14:37:57.514  7400  7400 W LocalDisplayAdapter: Unable to find color mode 0, ignoring request.
09-16 14:37:57.525  7400  7400 I SystemServiceManager: Starting com.android.server.MountService$Lifecycle
09-16 14:37:57.527  7400  7421 W LocalDisplayAdapter: Unable to find color mode 0, ignoring request.
09-16 14:37:57.533  7400  7400 I SystemServiceManager: Starting com.android.server.UiModeManagerService
09-16 14:37:57.533  7400  7444 D MountService: Thinking about init, mSystemReady=false, mDaemonConnected=true
09-16 14:37:57.534  7400  7413 I UsageStatsService: User[0] Rollover scheduled @ 2017-09-17 14:37:57(1505659077504)
09-16 14:37:57.534  7400  7444 D MountService: Thinking about reset, mSystemReady=false, mDaemonConnected=true
09-16 14:37:57.534  7400  7400 I ActivityManager: Config changes=200 {1.0 ?mcc?mnc [en_US] ldltr sw411dp w411dp h773dp 560dpi nrml long port -touch -keyb/h/h -nav/h s.4}
09-16 14:37:57.535  7400  7444 D MountService: Thinking about init, mSystemReady=false, mDaemonConnected=true
09-16 14:37:57.535  7400  7444 D MountService: Thinking about reset, mSystemReady=false, mDaemonConnected=true
09-16 14:37:57.536  7400  7413 E AppIdleHistory: Unable to read app idle file for user 0
09-16 14:37:57.536  7400  7444 D CryptdConnector: SND -> {1 cryptfs getfield SystemLocale}
09-16 14:37:57.540  7400  7446 D CryptdConnector: RCV <- {200 1 -1}
09-16 14:37:57.547  7400  7400 I SystemServer: StartLockSettingsService
09-16 14:37:57.547  7400  7400 I SystemServiceManager: Starting com.android.server.LockSettingsService$Lifecycle
09-16 14:37:57.548  7400  7444 W MountService: No primary storage mounted!
09-16 14:37:57.549  7400  7444 D VoldConnector: SND -> {1 asec list}
09-16 14:37:57.553  7400  7445 D VoldConnector: RCV <- {200 1 asec operation succeeded}
09-16 14:37:57.556  7400  7444 I chatty  : uid=1000 system_server expire 3 lines
09-16 14:37:57.565  7400  7444 W PackageManager: Unknown permission com.google.android.googleapps.permission.GOOGLE_AUTH in package com.android.providers.calendar
09-16 14:37:57.566  7400  7444 W PackageManager: Unknown permission com.google.android.googleapps.permission.GOOGLE_AUTH.cl in package com.android.providers.calendar
09-16 14:37:57.566  7400  7400 I SystemServiceManager: Starting com.android.server.DeviceIdleController
09-16 14:37:57.577  7400  7444 W PackageManager: Unknown permission cyanogenmod.permission.LEGALESE in package com.cyanogenmod.setupwizard
09-16 14:37:57.581  7400  7444 W PackageManager: Unknown permission com.android.gallery3d.permission.STORAGE_CHANGE in package com.android.camera2
09-16 14:37:57.582  7400  7444 W PackageManager: Unknown permission android.permission.NFC_UNLOCK in package com.android.nfc
09-16 14:37:57.584  7400  7444 W PackageManager: Unknown permission com.google.android.googleapps.permission.GOOGLE_AUTH.mail in package com.android.calendar
09-16 14:37:57.585  7400  7444 W PackageManager: Unknown permission com.android.launcher.permission.READ_SETTINGS in package com.android.onetimeinitializer
09-16 14:37:57.585  7400  7444 W PackageManager: Unknown permission com.android.launcher.permission.WRITE_SETTINGS in package com.android.onetimeinitializer
09-16 14:37:57.589  7400  7444 W PackageManager: Unknown permission com.android.launcher.permission.READ_SETTINGS in package com.cyanogenmod.trebuchet
09-16 14:37:57.589  7400  7444 W PackageManager: Unknown permission com.android.launcher.permission.WRITE_SETTINGS in package com.cyanogenmod.trebuchet
09-16 14:37:57.590  7400  7444 W PackageManager: Unknown permission com.google.android.permission.INSTALL_WEARABLE_PACKAGES in package com.android.packageinstaller
09-16 14:37:57.590  7400  7444 W PackageManager: Not granting permission android.permission.DELETE_PACKAGES to package com.svox.pico (protectionLevel=18 flags=0x3808be45)
09-16 14:37:57.592  7400  7444 W PackageManager: Unknown permission com.google.android.gallery3d.permission.PICASA_STORE in package com.android.dreams.phototable
09-16 14:37:57.593  7400  7444 W PackageManager: Unknown permission com.google.android.googleapps.permission.GOOGLE_AUTH in package com.android.settings
09-16 14:37:57.594  7400  7444 W PackageManager: Unknown permission com.android.launcher.permission.READ_SETTINGS in package com.android.settings
09-16 14:37:57.594  7400  7444 W PackageManager: Unknown permission com.android.launcher.permission.WRITE_SETTINGS in package com.android.settings
09-16 14:37:57.607  7400  7444 W PackageManager: Not granting permission android.permission.MANAGE_DOCUMENTS to package com.android.deskclock (protectionLevel=2 flags=0x3c49be45)
09-16 14:37:57.607  7400  7444 W PackageManager: Unknown permission com.android.deskclock.worldclock.permissions.WRITE_DATABASE in package com.android.deskclock
09-16 14:37:57.607  7400  7444 W PackageManager: Unknown permission org.codeaurora.permission.POWER_ON_ALERT in package com.android.deskclock
09-16 14:37:57.608  7400  7444 W PackageManager: Not granting permission android.permission.WRITE_SECURE_SETTINGS to package com.android.deskclock (protectionLevel=50 flags=0x3c49be45)
09-16 14:37:57.609  7400  7444 W PackageManager: Unknown permission com.cyanogenmod.lockclock.permission.READ_WEATHER in package com.android.systemui
09-16 14:37:57.611  7400  7444 W PackageManager: Unknown permission com.google.android.gallery3d.permission.GALLERY_PROVIDER in package com.android.bluetooth
09-16 14:37:57.612  7400  7444 W PackageManager: Unknown permission com.google.android.googleapps.permission.ACCESS_GOOGLE_PASSWORD in package com.android.development
09-16 14:37:57.612  7400  7444 W PackageManager: Unknown permission com.google.android.googleapps.permission.GOOGLE_AUTH in package com.android.development
09-16 14:37:57.612  7400  7444 W PackageManager: Unknown permission com.google.android.googleapps.permission.GOOGLE_AUTH.ALL_SERVICES in package com.android.development
09-16 14:37:57.612  7400  7444 W PackageManager: Unknown permission com.google.android.googleapps.permission.GOOGLE_AUTH.YouTubeUser in package com.android.development
09-16 14:37:57.925  7400  7444 W MountService: No primary storage mounted!
09-16 14:37:57.926  7400  7444 D VoldConnector: SND -> {2 asec list}
09-16 14:37:57.929  7400  7445 D VoldConnector: RCV <- {200 2 asec operation succeeded}
09-16 14:37:57.930  7400  7400 I SystemServiceManager: Starting com.android.server.devicepolicy.DevicePolicyManagerService$Lifecycle
09-16 14:37:57.943  7400  7400 I SystemServer: StartStatusBarManagerService
09-16 14:37:57.948  7400  7400 I SystemServer: StartClipboardService
09-16 14:37:57.953  7400  7400 I SystemServer: StartNetworkManagementService
09-16 14:37:57.959  7400  7447 I NetworkManagement: onDaemonConnected()
09-16 14:37:57.965  7400  7400 I SystemServiceManager: Starting com.android.server.TextServicesManagerService$Lifecycle
09-16 14:37:57.978  7400  7400 I SystemServer: StartNetworkScoreService
09-16 14:37:57.979  7400  7400 I SystemServer: StartNetworkStatsService
09-16 14:37:57.983  7400  7400 I SystemServer: StartNetworkPolicyManagerService
09-16 14:37:57.986  7400  7400 I SystemServer: No Wi-Fi NAN Service (NAN support Not Present)
09-16 14:37:57.987  7400  7400 I SystemServiceManager: Starting com.android.server.wifi.p2p.WifiP2pService
09-16 14:37:58.011  7400  7400 I SystemServiceManager: Starting com.android.server.wifi.WifiService
09-16 14:37:58.123  7162  7398 D CommandListener: Clearing all IP addresses on wlan0
09-16 14:37:58.131  7400  7441 I ActivityManager: Config changes=8 {1.0 ?mcc?mnc [en_US] ldltr sw411dp w411dp h773dp 560dpi nrml long port finger -keyb/h/h -nav/h s.5}
09-16 14:37:58.308  7400  7453 I chatty  : uid=1000 system_server expire 1 line
09-16 14:37:58.353  7400  7400 I SystemServiceManager: Starting com.android.server.wifi.scanner.WifiScanningService
09-16 14:37:58.362  7400  7400 I SystemServiceManager: Starting com.android.server.wifi.RttService
09-16 14:37:58.366  7400  7400 I SystemServiceManager: Starting com.android.server.ethernet.EthernetService
09-16 14:37:58.369  7400  7400 I SystemServer: StartConnectivityService
09-16 14:37:58.399  7400  7400 D ConnectivityService: ConnectivityService starting up
09-16 14:37:58.403  7400  7400 D ConnectivityService: wifiOnly=false
09-16 14:37:58.419  7400  7400 I SystemServer: StartNsdService
09-16 14:37:58.422  7400  7400 I SystemServer: StartUpdateLockService
09-16 14:37:58.423  7400  7400 I SystemServiceManager: Starting com.android.server.RecoverySystemService
09-16 14:37:58.424  7400  7400 I SystemServiceManager: Starting com.android.server.notification.NotificationManagerService
09-16 14:37:58.436  7400  7400 D ConditionProviders.SCP: new ScheduleConditionProvider()
09-16 14:37:58.444  7400  7400 D ZenLog  : config: readXml,ZenModeConfig[user=0,allowCalls=true,allowRepeatCallers=false,allowMessages=false,allowCallsFrom=contacts,allowMessagesFrom=contacts,allowReminders=true,allowEvents=true,allowWhenScreenOff=true,allowWhenScreenOn=true,automaticRules={c2f0f70af6ad4fc5ba671b9ad68b87c4=ZenRule[enabled=false,snoozing=false,name=Weeknight,zenMode=ZEN_MODE_ALARMS,conditionId=condition://android/schedule?days=1.2.3.4.5&start=22.0&end=7.0&exitAtAlarm=false,condition=null,component=ComponentInfo{android/com.android.server.notification.ScheduleConditionProvider},id=c2f0f70af6ad4fc5ba671b9ad68b87c4,creationTime=1505572629800,enabler=null], fd18ff2568a84e5982a79b86f57c30d9=ZenRule[enabled=false,snoozing=false,name=Weekend,zenMode=ZEN_MODE_ALARMS,conditionId=condition://android/schedule?days=6.7&start=23.30&end=10.0&exitAtAlarm=false,condition=null,component=ComponentInfo{android/com.android.server.notification.ScheduleConditionProvider},id=fd18ff2568a84e5982a79b86f57c30d9,creationTime=1505572629800,enabler=null], 1648cf2d78f840ba8278cab654693717=ZenRule[enabled=false,snoozing=false,name=Event,zenMode=ZEN_MODE_ALARMS,conditionId=condition://android/event?userId=-10000&calendar=&reply=1,condition=null,component=ComponentInfo{android/com.android.server.notification.EventConditionProvider},id=1648cf2d78f840ba8278cab654693717,creationTime=1505572629801,enabler=null]},manualRule=null],Diff[automaticRule[c2f0f70af6ad4fc5ba671b9ad68b87c4]:insert,automaticRule[1813609b671145a5be884aba22520a66]:delete,automaticRule[fd18ff2568a84e5982a79b86f57c30d9]:insert,automaticRule[1648cf2d78f840ba8278cab654693717]:insert,automaticRule[7fe23253a1ec4746aed792a3c3add530]:delete,automaticRule[23b2dad1d0e64ff08e8acf4fa85ffd90]:delete]
09-16 14:37:58.475  7400  7400 D ZenLog  : set_zen_mode: off,init
09-16 14:37:58.489  7400  7400 I SystemServiceManager: Starting com.android.server.storage.DeviceStorageMonitorService
09-16 14:37:58.492  7400  7400 I SystemServer: StartLocationManagerService
09-16 14:37:58.494  7400  7400 I SystemServer: StartCountryDetectorService
09-16 14:37:58.494  7400  7400 I SystemServer: StartSearchManagerService
09-16 14:37:58.494  7400  7400 I SystemServiceManager: Starting com.android.server.search.SearchManagerService$Lifecycle
09-16 14:37:58.497  7400  7400 I SystemServiceManager: Starting com.android.server.DropBoxManagerService
09-16 14:37:58.498  7400  7400 I SystemServer: StartWallpaperManagerService
09-16 14:37:58.498  7400  7400 I SystemServiceManager: Starting com.android.server.wallpaper.WallpaperManagerService$Lifecycle
09-16 14:37:58.501  7400  7400 E WallpaperManagerService: Invalid wallpaper data
09-16 14:37:58.501  7400  7400 E WallpaperManagerService: Unable to apply new wallpaper
09-16 14:37:58.501  7400  7400 W WallpaperManagerService: no current wallpaper -- first boot?
09-16 14:37:58.502  7400  7400 I SystemServer: StartAudioService
09-16 14:37:58.502  7400  7400 I SystemServiceManager: Starting com.android.server.audio.AudioService$Lifecycle
09-16 14:37:58.509  7164  7243 I chatty  : uid=1041(audioserver) /system/bin/audioserver expire 4 lines
09-16 14:37:58.514  7164  7237 I chatty  : uid=1041(audioserver) /system/bin/audioserver expire 1 line
09-16 14:37:58.515  7164  7234 I chatty  : uid=1041(audioserver) /system/bin/audioserver expire 1 line
09-16 14:37:58.516  7164  7467 I chatty  : uid=1041(audioserver) /system/bin/audioserver expire 3 lines
09-16 14:37:58.555  7400  7400 I SystemServiceManager: Starting com.android.server.DockObserver
09-16 14:37:58.556  7400  7400 I SystemServer: StartWiredAccessoryManager
09-16 14:37:58.557  7400  7400 W WiredAccessoryManager: This kernel does not have usb audio support
09-16 14:37:58.558  7400  7400 I SystemServiceManager: Starting com.android.server.usb.UsbService$Lifecycle
09-16 14:37:58.561  7400  7400 E UsbDeviceManager: failed to write to /sys/class/android_usb/android0/f_rndis/ethaddr
09-16 14:37:58.562  7400  7400 I UsbDeviceManager: Setting USB config to adb
09-16 14:37:59.635  7400  7400 E UsbDeviceManager: waitForState(adb) FAILED: got none
09-16 14:37:59.636  7400  7400 E UsbDeviceManager: Failed to switch USB config to adb
09-16 14:37:59.636  7400  7400 E UsbDeviceManager: Failsafe 1: Restoring previous USB functions.
09-16 14:37:59.637  7400  7400 I UsbDeviceManager: Setting USB config to mtp,adb
09-16 14:37:59.735  7400  7400 I SystemServer: StartSerialService
09-16 14:37:59.740  7400  7400 I SystemServiceManager: Starting com.android.server.twilight.TwilightService
09-16 14:37:59.743  7400  7400 I SystemServiceManager: Starting com.android.server.job.JobSchedulerService
09-16 14:37:59.761  7400  7400 I SystemServiceManager: Starting com.android.server.soundtrigger.SoundTriggerService
09-16 14:37:59.764  7400  7400 I SystemServiceManager: Starting com.android.server.backup.BackupManagerService$Lifecycle
09-16 14:37:59.769  7400  7400 I SystemServiceManager: Starting com.android.server.appwidget.AppWidgetService
09-16 14:37:59.778  7400  7400 I SystemServiceManager: Starting com.android.server.voiceinteraction.VoiceInteractionManagerService
09-16 14:37:59.782  7400  7400 I SystemServer: Gesture Launcher Service
09-16 14:37:59.782  7400  7400 I SystemServiceManager: Starting com.android.server.GestureLauncherService
09-16 14:37:59.785  7400  7400 I SystemServiceManager: Starting com.android.server.SensorNotificationService
09-16 14:37:59.785  7400  7400 I SystemServiceManager: Starting com.android.server.ContextHubSystemService
09-16 14:37:59.787  7400  7400 I SystemServer: StartDiskStatsService
09-16 14:37:59.790  7400  7400 I SystemServer: StartSamplingProfilerService
09-16 14:37:59.810  7400  7400 I SystemServer: StartNetworkTimeUpdateService
09-16 14:37:59.813  7400  7400 I SystemServer: StartCommonTimeManagementService
09-16 14:37:59.815  7400  7400 I SystemServer: CertBlacklister
09-16 14:37:59.819  7400  7400 I SystemServiceManager: Starting com.android.server.emergency.EmergencyAffordanceService
09-16 14:37:59.821  7400  7400 I SystemServiceManager: Starting com.android.server.dreams.DreamManagerService
09-16 14:37:59.826  7400  7400 I SystemServer: StartAssetAtlasService
09-16 14:37:59.848  7400  7400 I SystemServiceManager: Starting com.android.server.print.PrintManagerService
09-16 14:37:59.849  7400  7480 I chatty  : uid=1000 system_server expire 1 line
09-16 14:37:59.855  7400  7400 I SystemServiceManager: Starting com.android.server.restrictions.RestrictionsManagerService
09-16 14:37:59.859  7400  7400 I SystemServiceManager: Starting com.android.server.media.MediaSessionService
09-16 14:37:59.867  7400  7400 I SystemServer: StartMediaRouterService
09-16 14:37:59.870  7400  7400 I SystemServiceManager: Starting com.android.server.trust.TrustManagerService
