09-17 19:34:19.731  3643  3643 F libc    : CANNOT LINK EXECUTABLE "/system/bin/mediaserver": cannot locate symbol "_ZNK7android8hardware7camera26params19OutputConfiguration14getSurfaceTypeEv" referenced by "/system/lib/libcameraservice.so"...
09-17 19:34:19.731  3643  3643 F libc    : Fatal signal 6 (SIGABRT), code -6 in tid 3643 (mediaserver)
09-17 19:34:19.727  3087  3087 W auditd  : type=1325 audit(0.0:131): table=filter family=10 entries=12
09-17 19:34:19.727  3087  3087 W auditd  : type=1320 audit(0.0:131): 
09-17 19:34:19.731  3087  3087 W auditd  : type=1325 audit(0.0:132): table=filter family=2 entries=9
09-17 19:34:19.731  3087  3087 W auditd  : type=1320 audit(0.0:132): 
09-17 19:34:19.735  3087  3087 W auditd  : type=1325 audit(0.0:133): table=filter family=10 entries=11
09-17 19:34:19.735  3087  3087 W auditd  : type=1320 audit(0.0:133): 
09-17 19:34:19.739  3087  3087 W auditd  : type=1325 audit(0.0:134): table=filter family=2 entries=9
09-17 19:34:19.739  3087  3087 W auditd  : type=1320 audit(0.0:134): 
09-17 19:34:19.743  3087  3087 W auditd  : type=1325 audit(0.0:135): table=filter family=10 entries=11
09-17 19:34:19.743  3087  3087 W auditd  : type=1320 audit(0.0:135): 
09-17 19:34:19.747  3087  3087 W auditd  : type=1325 audit(0.0:136): table=filter family=2 entries=7
09-17 19:34:19.747  3087  3087 W auditd  : type=1320 audit(0.0:136): 
09-17 19:34:19.751  3087  3087 W auditd  : type=1325 audit(0.0:137): table=filter family=10 entries=9
09-17 19:34:19.751  3087  3087 W auditd  : type=1320 audit(0.0:137): 
09-17 19:34:19.755  3087  3087 W auditd  : type=1325 audit(0.0:138): table=filter family=2 entries=9
09-17 19:34:19.755  3087  3087 W auditd  : type=1320 audit(0.0:138): 
09-17 19:34:19.759  3087  3087 W auditd  : type=1325 audit(0.0:139): table=filter family=10 entries=11
09-17 19:34:19.759  3087  3087 W auditd  : type=1320 audit(0.0:139): 
09-17 19:34:19.767  3645  3645 F DEBUG   : *** *** *** *** *** *** *** *** *** *** *** *** *** *** *** ***
09-17 19:34:19.767  3645  3645 F DEBUG   : LineageOS Version: '14.1-20170917-UNOFFICIAL-dream2lte'
09-17 19:34:19.767  3645  3645 F DEBUG   : Build fingerprint: 'samsung/dream2ltexx/dream2lte:7.0/NRD90M/G955FXXU1AQH3:user/release-keys'
09-17 19:34:19.767  3645  3645 F DEBUG   : Revision: '0'
09-17 19:34:19.767  3645  3645 F DEBUG   : ABI: 'arm'
09-17 19:34:19.767  3645  3645 F DEBUG   : pid: 3639, tid: 3639, name: cameraserver  >>> /system/bin/cameraserver <<<
09-17 19:34:19.767  3645  3645 F DEBUG   : signal 6 (SIGABRT), code -6 (SI_TKILL), fault addr --------
09-17 19:34:19.767  3645  3645 F DEBUG   :     r0 00000000  r1 00000e37  r2 00000006  r3 00000008
09-17 19:34:19.767  3645  3645 F DEBUG   :     r4 f75e958c  r5 00000006  r6 f75e9534  r7 0000010c
09-17 19:34:19.767  3645  3645 F DEBUG   :     r8 ffeb4038  r9 00000001  sl ffeb4060  fp f7576010
09-17 19:34:19.767  3645  3645 F DEBUG   :     ip 00000000  sp ffeb3fd0  lr f75c8f8f  pc f75c99a8  cpsr 200f0010
09-17 19:34:19.771  3645  3645 F DEBUG   : 
09-17 19:34:19.771  3645  3645 F DEBUG   : backtrace:
09-17 19:34:19.771  3645  3645 F DEBUG   :     #00 pc 000469a8  /system/bin/linker (__dl_tgkill+12)
09-17 19:34:19.771  3645  3645 F DEBUG   :     #01 pc 00045f8b  /system/bin/linker (__dl_pthread_kill+34)
09-17 19:34:19.771  3645  3645 F DEBUG   :     #02 pc 0003e32f  /system/bin/linker (__dl_raise+10)
09-17 19:34:19.771  3645  3645 F DEBUG   :     #03 pc 0003cdeb  /system/bin/linker (__dl___libc_android_abort+34)
09-17 19:34:19.771  3645  3645 F DEBUG   :     #04 pc 0003bbbc  /system/bin/linker (__dl_abort+4)
09-17 19:34:19.771  3645  3645 F DEBUG   :     #05 pc 0003de2b  /system/bin/linker (__dl___libc_fatal+22)
09-17 19:34:19.771  3645  3645 F DEBUG   :     #06 pc 00009c43  /system/bin/linker (__dl__ZL29__linker_init_post_relocationR19KernelArgumentBlockj+3146)
09-17 19:34:19.771  3645  3645 F DEBUG   :     #07 pc 00008f63  /system/bin/linker (__dl___linker_init+358)
09-17 19:34:19.771  3645  3645 F DEBUG   :     #08 pc 000027c0  /system/bin/linker (_start+4)
09-17 19:34:19.779  3646  3646 F DEBUG   : *** *** *** *** *** *** *** *** *** *** *** *** *** *** *** ***
09-17 19:34:19.779  3646  3646 F DEBUG   : LineageOS Version: '14.1-20170917-UNOFFICIAL-dream2lte'
09-17 19:34:19.780  3646  3646 F DEBUG   : Build fingerprint: 'samsung/dream2ltexx/dream2lte:7.0/NRD90M/G955FXXU1AQH3:user/release-keys'
09-17 19:34:19.780  3646  3646 F DEBUG   : Revision: '0'
09-17 19:34:19.780  3646  3646 F DEBUG   : ABI: 'arm64'
09-17 19:34:19.780  3646  3646 F DEBUG   : pid: 3640, tid: 3640, name: app_process64  >>> /system/bin/app_process64 <<<
09-17 19:34:19.780  3646  3646 F DEBUG   : signal 6 (SIGABRT), code -6 (SI_TKILL), fault addr --------
09-17 19:34:19.780  3646  3646 F DEBUG   :     x0   0000000000000000  x1   0000000000000e38  x2   0000000000000006  x3   0000000000000008
09-17 19:34:19.780  3646  3646 F DEBUG   :     x4   0000000000000030  x5   00000000000000d0  x6   fefefefefefefeff  x7   7f7f7f7f7f7f7f7f
09-17 19:34:19.780  3646  3646 F DEBUG   :     x8   0000000000000083  x9   ffffffffffffffdf  x10  0000000000000000  x11  0000000000000001
09-17 19:34:19.780  3646  3646 F DEBUG   :     x12  ffffffffffffffff  x13  0000000000000000  x14  0000000000000000  x15  002b0aa1c3991b08
09-17 19:34:19.780  3646  3646 F DEBUG   :     x16  0000007fc0571df0  x17  0000007fc0571cbf  x18  00000000ffffffff  x19  0000007fb252ab40
09-17 19:34:19.780  3646  3646 F DEBUG   :     x20  0000000000000006  x21  0000007fb252aa98  x22  0000000000000000  x23  0000007fb2462010
09-17 19:34:19.780  3646  3646 F DEBUG   :     x24  000000000000000c  x25  0000007fc0572a50  x26  0000007fc0572ab0  x27  0000007fb24671b8
09-17 19:34:19.780  3646  3646 F DEBUG   :     x28  0000007fb2467010  x29  0000007fc05728c0  x30  0000007fb24ea334
09-17 19:34:19.780  3646  3646 F DEBUG   :     sp   0000007fc05728a0  pc   0000007fb24eae64  pstate 0000000060000000
09-17 19:34:19.783  3646  3646 F DEBUG   : 
09-17 19:34:19.783  3646  3646 F DEBUG   : backtrace:
09-17 19:34:19.783  3646  3646 F DEBUG   :     #00 pc 0000000000075e64  /system/bin/linker64 (__dl_tgkill+8)
09-17 19:34:19.783  3646  3646 F DEBUG   :     #01 pc 0000000000075330  /system/bin/linker64 (__dl_pthread_kill+64)
09-17 19:34:19.783  3646  3646 F DEBUG   :     #02 pc 0000000000068e24  /system/bin/linker64 (__dl_raise+24)
09-17 19:34:19.783  3646  3646 F DEBUG   :     #03 pc 00000000000667f8  /system/bin/linker64 (__dl_abort+52)
09-17 19:34:19.783  3646  3646 F DEBUG   :     #04 pc 00000000000689ac  /system/bin/linker64 (__dl___libc_fatal+104)
09-17 19:34:19.783  3646  3646 F DEBUG   :     #05 pc 0000000000010e3c  /system/bin/linker64 (__dl__ZL29__linker_init_post_relocationR19KernelArgumentBlocky+6216)
09-17 19:34:19.783  3642  3642 I         : sMaxFastTracks = 8
09-17 19:34:19.783  3646  3646 F DEBUG   :     #06 pc 000000000000f554  /system/bin/linker64 (__dl___linker_init+528)
09-17 19:34:19.783  3646  3646 F DEBUG   :     #07 pc 0000000000006cd0  /system/bin/linker64 (_start+4)
09-17 19:34:19.784  3642  3642 I audioserver: ServiceManager: 0xf6519440
09-17 19:34:19.784  3642  3642 W BatteryNotifier: batterystats service unavailable!
09-17 19:34:19.784  3642  3642 I AudioFlinger: Using default 3000 mSec as standby time.
09-17 19:34:19.784  3642  3642 I AudioPolicyService: AudioPolicyService CSTOR in new mode
09-17 19:34:19.784  3642  3642 D AudioInfo: MPS_CODE : SIN, get MPS_CODE
09-17 19:34:19.784  3642  3642 W APM_AudioPolicyManager: mkdir failed for AUDIO_TUNING_PATH
09-17 19:34:19.785  3642  3642 D APM::SoundKitchen: SoundKitchen created
09-17 19:34:19.785  3642  3642 I APM::ConfigParsingUtils: loadAudioPolicyConfig() loaded /vendor/etc/audio_policy.conf
09-17 19:34:19.791  3074  3074 W         : debuggerd: resuming target 3639
09-17 19:34:19.791  3074  3074 W         : debuggerd: handling request: pid=3641 uid=0 gid=0 tid=3641
09-17 19:34:19.798  3671  3671 E         : debuggerd: Unable to connect to activity manager (connect failed: No such file or directory)
09-17 19:34:19.813  3642  3642 V audio_hw_primary_abox: device-adev_open: enter
09-17 19:34:19.813  3642  3642 V DiamondVoice: + diamondvoice_open
09-17 19:34:19.813  3642  3642 D AudioInfo: can not find AudioDataPath for fileName:/DiamondVoice/
09-17 19:34:19.813  3642  3642 V DiamondVoice: There is no DiamondVoice tuning data in CSC 
09-17 19:34:19.813  3642  3642 V DiamondVoice: - diamondvoice_open
09-17 19:34:19.813  3642  3642 I AudioRil: ### mMultiSim : 1
09-17 19:34:19.813  3642  3642 D audio_hw_primary_abox: device-adev_open: Successed to init Voice Manager!
09-17 19:34:19.815  3075  3075 W         : debuggerd: resuming target 3640
09-17 19:34:19.817  3158  3158 I ServiceManager: service 'media.audio_flinger' died
09-17 19:34:19.848  3671  3671 F DEBUG   : *** *** *** *** *** *** *** *** *** *** *** *** *** *** *** ***
09-17 19:34:19.849  3671  3671 F DEBUG   : LineageOS Version: '14.1-20170917-UNOFFICIAL-dream2lte'
09-17 19:34:19.849  3671  3671 F DEBUG   : Build fingerprint: 'samsung/dream2ltexx/dream2lte:7.0/NRD90M/G955FXXU1AQH3:user/release-keys'
09-17 19:34:19.849  3671  3671 F DEBUG   : Revision: '0'
09-17 19:34:19.849  3671  3671 F DEBUG   : ABI: 'arm'
09-17 19:34:19.849  3671  3671 F DEBUG   : pid: 3641, tid: 3641, name: app_process32  >>> /system/bin/app_process32 <<<
09-17 19:34:19.849  3671  3671 F DEBUG   : signal 6 (SIGABRT), code -6 (SI_TKILL), fault addr --------
09-17 19:34:19.849  3671  3671 F DEBUG   :     r0 00000000  r1 00000e39  r2 00000006  r3 00000008
09-17 19:34:19.849  3671  3671 F DEBUG   :     r4 f725c58c  r5 00000006  r6 f725c534  r7 0000010c
09-17 19:34:19.849  3671  3671 F DEBUG   :     r8 ff9afe80  r9 00000001  sl ff9afeb0  fp f71e9010
09-17 19:34:19.849  3671  3671 F DEBUG   :     ip 00000000  sp ff9afe18  lr f723bf8f  pc f723c9a8  cpsr 200f0010
09-17 19:34:19.852  3671  3671 F DEBUG   : 
09-17 19:34:19.852  3671  3671 F DEBUG   : backtrace:
09-17 19:34:19.852  3671  3671 F DEBUG   :     #00 pc 000469a8  /system/bin/linker (__dl_tgkill+12)
09-17 19:34:19.853  3671  3671 F DEBUG   :     #01 pc 00045f8b  /system/bin/linker (__dl_pthread_kill+34)
09-17 19:34:19.853  3671  3671 F DEBUG   :     #02 pc 0003e32f  /system/bin/linker (__dl_raise+10)
09-17 19:34:19.853  3671  3671 F DEBUG   :     #03 pc 0003cdeb  /system/bin/linker (__dl___libc_android_abort+34)
09-17 19:34:19.853  3671  3671 F DEBUG   :     #04 pc 0003bbbc  /system/bin/linker (__dl_abort+4)
09-17 19:34:19.853  3671  3671 F DEBUG   :     #05 pc 0003de2b  /system/bin/linker (__dl___libc_fatal+22)
09-17 19:34:19.853  3671  3671 F DEBUG   :     #06 pc 00009c43  /system/bin/linker (__dl__ZL29__linker_init_post_relocationR19KernelArgumentBlockj+3146)
09-17 19:34:19.853  3671  3671 F DEBUG   :     #07 pc 00008f63  /system/bin/linker (__dl___linker_init+358)
09-17 19:34:19.853  3671  3671 F DEBUG   :     #08 pc 000027c0  /system/bin/linker (_start+4)
09-17 19:34:19.883  3074  3074 W         : debuggerd: resuming target 3641
09-17 19:34:19.883  3074  3074 E         : tid 3643 does not exist in pid 3643. ignoring debug request
09-17 19:34:22.675  3179  3179 D wrapperGPS: wrapperisConnected_RILD
09-17 19:34:22.675  3179  3179 D wrapperGPS: wrapperConnect_RILD
09-17 19:34:22.675  3179  3179 D gpsd    : WakeLock(Release,GPSD)
09-17 19:34:24.489  3690  3690 F libc    : CANNOT LINK EXECUTABLE "/system/bin/cameraserver": cannot locate symbol "_ZNK7android8hardware7camera26params19OutputConfiguration14getSurfaceTypeEv" referenced by "/system/lib/libcameraservice.so"...
09-17 19:34:24.490  3690  3690 F libc    : Fatal signal 6 (SIGABRT), code -6 in tid 3690 (cameraserver)
09-17 19:34:24.490  3074  3074 W         : debuggerd: handling request: pid=3690 uid=1047 gid=1023 tid=3690
09-17 19:34:24.494  3696  3696 E         : debuggerd: Unable to connect to activity manager (connect failed: No such file or directory)
09-17 19:34:24.495  3696  3696 F DEBUG   : *** *** *** *** *** *** *** *** *** *** *** *** *** *** *** ***
09-17 19:34:24.495  3696  3696 F DEBUG   : LineageOS Version: '14.1-20170917-UNOFFICIAL-dream2lte'
09-17 19:34:24.495  3696  3696 F DEBUG   : Build fingerprint: 'samsung/dream2ltexx/dream2lte:7.0/NRD90M/G955FXXU1AQH3:user/release-keys'
09-17 19:34:24.495  3696  3696 F DEBUG   : Revision: '0'
09-17 19:34:24.495  3696  3696 F DEBUG   : ABI: 'arm'
09-17 19:34:24.495  3696  3696 F DEBUG   : pid: 3690, tid: 3690, name: cameraserver  >>> /system/bin/cameraserver <<<
09-17 19:34:24.495  3696  3696 F DEBUG   : signal 6 (SIGABRT), code -6 (SI_TKILL), fault addr --------
09-17 19:34:24.495  3696  3696 F DEBUG   :     r0 00000000  r1 00000e6a  r2 00000006  r3 00000008
09-17 19:34:24.495  3696  3696 F DEBUG   :     r4 f756958c  r5 00000006  r6 f7569534  r7 0000010c
09-17 19:34:24.495  3696  3696 F DEBUG   :     r8 ffe6dbf8  r9 00000001  sl ffe6dc20  fp f74f6010
09-17 19:34:24.495  3696  3696 F DEBUG   :     ip 00000000  sp ffe6db90  lr f7548f8f  pc f75499a8  cpsr 200f0010
09-17 19:34:24.498  3696  3696 F DEBUG   : 
09-17 19:34:24.498  3696  3696 F DEBUG   : backtrace:
09-17 19:34:24.499  3696  3696 F DEBUG   :     #00 pc 000469a8  /system/bin/linker (__dl_tgkill+12)
09-17 19:34:24.499  3696  3696 F DEBUG   :     #01 pc 00045f8b  /system/bin/linker (__dl_pthread_kill+34)
09-17 19:34:24.499  3696  3696 F DEBUG   :     #02 pc 0003e32f  /system/bin/linker (__dl_raise+10)
09-17 19:34:24.499  3696  3696 F DEBUG   :     #03 pc 0003cdeb  /system/bin/linker (__dl___libc_android_abort+34)
09-17 19:34:24.499  3696  3696 F DEBUG   :     #04 pc 0003bbbc  /system/bin/linker (__dl_abort+4)
09-17 19:34:24.499  3696  3696 F DEBUG   :     #05 pc 0003de2b  /system/bin/linker (__dl___libc_fatal+22)
09-17 19:34:24.499  3696  3696 F DEBUG   :     #06 pc 00009c43  /system/bin/linker (__dl__ZL29__linker_init_post_relocationR19KernelArgumentBlockj+3146)
09-17 19:34:24.499  3696  3696 F DEBUG   :     #07 pc 00008f63  /system/bin/linker (__dl___linker_init+358)
09-17 19:34:24.499  3696  3696 F DEBUG   :     #08 pc 000027c0  /system/bin/linker (_start+4)
09-17 19:34:24.501  3694  3694 F libc    : CANNOT LINK EXECUTABLE "/system/bin/mediaserver": cannot locate symbol "_ZNK7android8hardware7camera26params19OutputConfiguration14getSurfaceTypeEv" referenced by "/system/lib/libcameraservice.so"...
09-17 19:34:24.501  3694  3694 F libc    : Fatal signal 6 (SIGABRT), code -6 in tid 3694 (mediaserver)
09-17 19:34:24.502  3691  3691 F libc    : CANNOT LINK EXECUTABLE "/system/bin/app_process64": cannot locate symbol "_ZN7android14CameraMetadata14getTagFromNameEPKcPKNS_19VendorTagDescriptorEPj" referenced by "/system/lib64/libandroid_runtime.so"...
09-17 19:34:24.502  3691  3691 F libc    : Fatal signal 6 (SIGABRT), code -6 in tid 3691 (app_process64)
09-17 19:34:24.502  3075  3075 W         : debuggerd: handling request: pid=3691 uid=0 gid=0 tid=3691
09-17 19:34:24.505  3692  3692 F libc    : CANNOT LINK EXECUTABLE "/system/bin/app_process32": cannot locate symbol "_ZN7android14CameraMetadata14getTagFromNameEPKcPKNS_19VendorTagDescriptorEPj" referenced by "/system/lib/libandroid_runtime.so"...
09-17 19:34:24.505  3692  3692 F libc    : Fatal signal 6 (SIGABRT), code -6 in tid 3692 (app_process32)
09-17 19:34:24.507  3695  3695 I Netd    : Netd 1.0 starting
09-17 19:34:24.507  3695  3695 D TetherController: Setting IP forward enable = 0
09-17 19:34:24.509  3695  3695 I QtiConnectivityAdapter: Failed to open libconnctrl, some features may not be present.
09-17 19:34:24.509  3695  3695 E         : Failed to open libdatactrl, some features may not be present.
09-17 19:34:24.509  3697  3697 E         : debuggerd: Unable to connect to activity manager (connect failed: No such file or directory)
09-17 19:34:24.509  3695  3695 E         : Failed to open libcsm_data, some features may not be present.
09-17 19:34:24.507  3087  3087 W auditd  : type=1325 audit(0.0:153): table=filter family=2 entries=10
09-17 19:34:24.507  3087  3087 W auditd  : type=1320 audit(0.0:153): 
09-17 19:34:24.511  3087  3087 W auditd  : type=1325 audit(0.0:154): table=filter family=10 entries=12
09-17 19:34:24.511  3087  3087 W auditd  : type=1320 audit(0.0:154): 
09-17 19:34:24.511  3690  3690 W cameraserver: type=1701 audit(0.0:155): auid=4294967295 uid=1047 gid=1023 ses=4294967295 subj=u:r:cameraserver:s0 exe="/system/bin/cameraserver" sig=6
09-17 19:34:24.519  3074  3074 W         : debuggerd: resuming target 3690
09-17 19:34:24.519  3074  3074 E         : debuggerd: failed to send signal 18 to target: No such process
09-17 19:34:24.520  3074  3074 W         : debuggerd: handling request: pid=3694 uid=1013 gid=1005 tid=3694
09-17 19:34:24.515  3087  3087 W auditd  : type=1325 audit(0.0:156): table=filter family=2 entries=9
09-17 19:34:24.515  3087  3087 W auditd  : type=1320 audit(0.0:156): 
09-17 19:34:24.524  3705  3705 E         : debuggerd: Unable to connect to activity manager (connect failed: No such file or directory)
09-17 19:34:24.519  3087  3087 W auditd  : type=1325 audit(0.0:157): table=filter family=10 entries=11
09-17 19:34:24.519  3087  3087 W auditd  : type=1320 audit(0.0:157): 
09-17 19:34:24.523  3087  3087 W auditd  : type=1325 audit(0.0:158): table=filter family=2 entries=9
09-17 19:34:24.523  3087  3087 W auditd  : type=1320 audit(0.0:158): 
09-17 19:34:24.527  3087  3087 W auditd  : type=1325 audit(0.0:159): table=filter family=10 entries=11
09-17 19:34:24.527  3087  3087 W auditd  : type=1320 audit(0.0:159): 
09-17 19:34:24.531  3087  3087 W auditd  : type=1325 audit(0.0:160): table=filter family=2 entries=7
09-17 19:34:24.531  3087  3087 W auditd  : type=1320 audit(0.0:160): 
09-17 19:34:24.535  3087  3087 W auditd  : type=1325 audit(0.0:161): table=filter family=10 entries=9
09-17 19:34:24.535  3087  3087 W auditd  : type=1320 audit(0.0:161): 
09-17 19:34:24.539  3087  3087 W auditd  : type=1325 audit(0.0:162): table=filter family=2 entries=9
09-17 19:34:24.539  3087  3087 W auditd  : type=1320 audit(0.0:162): 
09-17 19:34:24.543  3087  3087 W auditd  : type=1325 audit(0.0:163): table=filter family=10 entries=11
09-17 19:34:24.560  3697  3697 F DEBUG   : *** *** *** *** *** *** *** *** *** *** *** *** *** *** *** ***
09-17 19:34:24.560  3697  3697 F DEBUG   : LineageOS Version: '14.1-20170917-UNOFFICIAL-dream2lte'
09-17 19:34:24.560  3697  3697 F DEBUG   : Build fingerprint: 'samsung/dream2ltexx/dream2lte:7.0/NRD90M/G955FXXU1AQH3:user/release-keys'
09-17 19:34:24.560  3697  3697 F DEBUG   : Revision: '0'
09-17 19:34:24.560  3697  3697 F DEBUG   : ABI: 'arm64'
09-17 19:34:24.560  3697  3697 F DEBUG   : pid: 3691, tid: 3691, name: app_process64  >>> /system/bin/app_process64 <<<
09-17 19:34:24.560  3697  3697 F DEBUG   : signal 6 (SIGABRT), code -6 (SI_TKILL), fault addr --------
09-17 19:34:24.560  3697  3697 F DEBUG   :     x0   0000000000000000  x1   0000000000000e6b  x2   0000000000000006  x3   0000000000000008
09-17 19:34:24.560  3697  3697 F DEBUG   :     x4   0000000000000030  x5   00000000000000d0  x6   fefefefefefefeff  x7   7f7f7f7f7f7f7f7f
09-17 19:34:24.560  3697  3697 F DEBUG   :     x8   0000000000000083  x9   ffffffffffffffdf  x10  0000000000000000  x11  0000000000000001
09-17 19:34:24.560  3697  3697 F DEBUG   :     x12  ffffffffffffffff  x13  0000000000000000  x14  0000000000000000  x15  001df164d07c961a
09-17 19:34:24.560  3697  3697 F DEBUG   :     x16  0000007fecc71700  x17  0000007fecc715cf  x18  00000000ffffffff  x19  0000007fb5dc6b40
09-17 19:34:24.561  3697  3697 F DEBUG   :     x20  0000000000000006  x21  0000007fb5dc6a98  x22  0000000000000000  x23  0000007fb5cfe010
09-17 19:34:24.561  3697  3697 F DEBUG   :     x24  000000000000000c  x25  0000007fecc72360  x26  0000007fecc723c0  x27  0000007fb5d031b8
09-17 19:34:24.561  3697  3697 F DEBUG   :     x28  0000007fb5d03010  x29  0000007fecc721d0  x30  0000007fb5d86334
09-17 19:34:24.561  3697  3697 F DEBUG   :     sp   0000007fecc721b0  pc   0000007fb5d86e64  pstate 0000000060000000
09-17 19:34:24.561  3693  3693 I         : sMaxFastTracks = 8
09-17 19:34:24.562  3693  3693 I audioserver: ServiceManager: 0xf6919440
09-17 19:34:24.562  3693  3693 W BatteryNotifier: batterystats service unavailable!
09-17 19:34:24.562  3693  3693 I AudioFlinger: Using default 3000 mSec as standby time.
09-17 19:34:24.562  3693  3693 I AudioPolicyService: AudioPolicyService CSTOR in new mode
09-17 19:34:24.562  3693  3693 D AudioInfo: MPS_CODE : SIN, get MPS_CODE
09-17 19:34:24.562  3693  3693 W APM_AudioPolicyManager: mkdir failed for AUDIO_TUNING_PATH
09-17 19:34:24.562  3693  3693 D APM::SoundKitchen: SoundKitchen created
09-17 19:34:24.563  3693  3693 I APM::ConfigParsingUtils: loadAudioPolicyConfig() loaded /vendor/etc/audio_policy.conf
09-17 19:34:24.564  3697  3697 F DEBUG   : 
09-17 19:34:24.564  3697  3697 F DEBUG   : backtrace:
09-17 19:34:24.564  3697  3697 F DEBUG   :     #00 pc 0000000000075e64  /system/bin/linker64 (__dl_tgkill+8)
09-17 19:34:24.564  3697  3697 F DEBUG   :     #01 pc 0000000000075330  /system/bin/linker64 (__dl_pthread_kill+64)
09-17 19:34:24.564  3697  3697 F DEBUG   :     #02 pc 0000000000068e24  /system/bin/linker64 (__dl_raise+24)
09-17 19:34:24.564  3697  3697 F DEBUG   :     #03 pc 00000000000667f8  /system/bin/linker64 (__dl_abort+52)
09-17 19:34:24.564  3697  3697 F DEBUG   :     #04 pc 00000000000689ac  /system/bin/linker64 (__dl___libc_fatal+104)
09-17 19:34:24.564  3697  3697 F DEBUG   :     #05 pc 0000000000010e3c  /system/bin/linker64 (__dl__ZL29__linker_init_post_relocationR19KernelArgumentBlocky+6216)
09-17 19:34:24.564  3697  3697 F DEBUG   :     #06 pc 000000000000f554  /system/bin/linker64 (__dl___linker_init+528)
09-17 19:34:24.564  3697  3697 F DEBUG   :     #07 pc 0000000000006cd0  /system/bin/linker64 (_start+4)
09-17 19:34:24.575  3705  3705 F DEBUG   : *** *** *** *** *** *** *** *** *** *** *** *** *** *** *** ***
09-17 19:34:24.575  3705  3705 F DEBUG   : LineageOS Version: '14.1-20170917-UNOFFICIAL-dream2lte'
09-17 19:34:24.575  3705  3705 F DEBUG   : Build fingerprint: 'samsung/dream2ltexx/dream2lte:7.0/NRD90M/G955FXXU1AQH3:user/release-keys'
09-17 19:34:24.575  3705  3705 F DEBUG   : Revision: '0'
09-17 19:34:24.575  3705  3705 F DEBUG   : ABI: 'arm'
09-17 19:34:24.575  3705  3705 F DEBUG   : pid: 3694, tid: 3694, name: mediaserver  >>> /system/bin/mediaserver <<<
09-17 19:34:24.575  3705  3705 F DEBUG   : signal 6 (SIGABRT), code -6 (SI_TKILL), fault addr --------
09-17 19:34:24.576  3705  3705 F DEBUG   :     r0 00000000  r1 00000e6e  r2 00000006  r3 00000008
09-17 19:34:24.576  3705  3705 F DEBUG   :     r4 f725a58c  r5 00000006  r6 f725a534  r7 0000010c
09-17 19:34:24.576  3705  3705 F DEBUG   :     r8 ffc60a10  r9 00000001  sl ffc60a50  fp f71e7010
09-17 19:34:24.576  3705  3705 F DEBUG   :     ip 00000000  sp ffc609a8  lr f7239f8f  pc f723a9a8  cpsr 200f0010
09-17 19:34:24.579  3705  3705 F DEBUG   : 
09-17 19:34:24.579  3705  3705 F DEBUG   : backtrace:
09-17 19:34:24.579  3705  3705 F DEBUG   :     #00 pc 000469a8  /system/bin/linker (__dl_tgkill+12)
09-17 19:34:24.579  3705  3705 F DEBUG   :     #01 pc 00045f8b  /system/bin/linker (__dl_pthread_kill+34)
09-17 19:34:24.580  3705  3705 F DEBUG   :     #02 pc 0003e32f  /system/bin/linker (__dl_raise+10)
09-17 19:34:24.580  3705  3705 F DEBUG   :     #03 pc 0003cdeb  /system/bin/linker (__dl___libc_android_abort+34)
09-17 19:34:24.580  3705  3705 F DEBUG   :     #04 pc 0003bbbc  /system/bin/linker (__dl_abort+4)
09-17 19:34:24.580  3705  3705 F DEBUG   :     #05 pc 0003de2b  /system/bin/linker (__dl___libc_fatal+22)
09-17 19:34:24.580  3705  3705 F DEBUG   :     #06 pc 00009c43  /system/bin/linker (__dl__ZL29__linker_init_post_relocationR19KernelArgumentBlockj+3146)
09-17 19:34:24.580  3705  3705 F DEBUG   :     #07 pc 00008f63  /system/bin/linker (__dl___linker_init+358)
09-17 19:34:24.580  3705  3705 F DEBUG   :     #08 pc 000027c0  /system/bin/linker (_start+4)
09-17 19:34:24.592  3693  3693 V audio_hw_primary_abox: device-adev_open: enter
09-17 19:34:24.592  3693  3693 V DiamondVoice: + diamondvoice_open
09-17 19:34:24.592  3693  3693 D AudioInfo: can not find AudioDataPath for fileName:/DiamondVoice/
09-17 19:34:24.592  3693  3693 V DiamondVoice: There is no DiamondVoice tuning data in CSC 
09-17 19:34:24.592  3693  3693 V DiamondVoice: - diamondvoice_open
09-17 19:34:24.592  3693  3693 I AudioRil: ### mMultiSim : 1
09-17 19:34:24.592  3693  3693 D audio_hw_primary_abox: device-adev_open: Successed to init Voice Manager!
09-17 19:34:24.597  3075  3075 W         : debuggerd: resuming target 3691
09-17 19:34:24.599  3158  3158 I ServiceManager: service 'media.audio_flinger' died
09-17 19:34:24.602  3705  3705 E         : debuggerd: ptrace detach from 3694 failed: No such process
09-17 19:34:24.603  3074  3074 W         : debuggerd: resuming target 3694
09-17 19:34:24.603  3074  3074 W         : debuggerd: handling request: pid=3692 uid=0 gid=0 tid=3692
09-17 19:34:24.610  3739  3739 E         : debuggerd: Unable to connect to activity manager (connect failed: No such file or directory)
09-17 19:34:24.661  3739  3739 F DEBUG   : *** *** *** *** *** *** *** *** *** *** *** *** *** *** *** ***
09-17 19:34:24.661  3739  3739 F DEBUG   : LineageOS Version: '14.1-20170917-UNOFFICIAL-dream2lte'
09-17 19:34:24.661  3739  3739 F DEBUG   : Build fingerprint: 'samsung/dream2ltexx/dream2lte:7.0/NRD90M/G955FXXU1AQH3:user/release-keys'
09-17 19:34:24.661  3739  3739 F DEBUG   : Revision: '0'
09-17 19:34:24.661  3739  3739 F DEBUG   : ABI: 'arm'
09-17 19:34:24.661  3739  3739 F DEBUG   : pid: 3692, tid: 3692, name: app_process32  >>> /system/bin/app_process32 <<<
09-17 19:34:24.661  3739  3739 F DEBUG   : signal 6 (SIGABRT), code -6 (SI_TKILL), fault addr --------
09-17 19:34:24.661  3739  3739 F DEBUG   :     r0 00000000  r1 00000e6c  r2 00000006  r3 00000008
09-17 19:34:24.661  3739  3739 F DEBUG   :     r4 f75df58c  r5 00000006  r6 f75df534  r7 0000010c
09-17 19:34:24.661  3739  3739 F DEBUG   :     r8 ffccd030  r9 00000001  sl ffccd060  fp f756c010
09-17 19:34:24.661  3739  3739 F DEBUG   :     ip 00000000  sp ffcccfc8  lr f75bef8f  pc f75bf9a8  cpsr 200f0010
09-17 19:34:24.665  3739  3739 F DEBUG   : 
09-17 19:34:24.665  3739  3739 F DEBUG   : backtrace:
09-17 19:34:24.665  3739  3739 F DEBUG   :     #00 pc 000469a8  /system/bin/linker (__dl_tgkill+12)
09-17 19:34:24.665  3739  3739 F DEBUG   :     #01 pc 00045f8b  /system/bin/linker (__dl_pthread_kill+34)
09-17 19:34:24.665  3739  3739 F DEBUG   :     #02 pc 0003e32f  /system/bin/linker (__dl_raise+10)
09-17 19:34:24.665  3739  3739 F DEBUG   :     #03 pc 0003cdeb  /system/bin/linker (__dl___libc_android_abort+34)
09-17 19:34:24.665  3739  3739 F DEBUG   :     #04 pc 0003bbbc  /system/bin/linker (__dl_abort+4)
09-17 19:34:24.665  3739  3739 F DEBUG   :     #05 pc 0003de2b  /system/bin/linker (__dl___libc_fatal+22)
09-17 19:34:24.665  3739  3739 F DEBUG   :     #06 pc 00009c43  /system/bin/linker (__dl__ZL29__linker_init_post_relocationR19KernelArgumentBlockj+3146)
09-17 19:34:24.665  3739  3739 F DEBUG   :     #07 pc 00008f63  /system/bin/linker (__dl___linker_init+358)
09-17 19:34:24.665  3739  3739 F DEBUG   :     #08 pc 000027c0  /system/bin/linker (_start+4)
09-17 19:34:24.696  3074  3074 W         : debuggerd: resuming target 3692
09-17 19:34:29.713  3745  3745 F libc    : CANNOT LINK EXECUTABLE "/system/bin/cameraserver": cannot locate symbol "_ZNK7android8hardware7camera26params19OutputConfiguration14getSurfaceTypeEv" referenced by "/system/lib/libcameraservice.so"...
09-17 19:34:29.713  3745  3745 F libc    : Fatal signal 6 (SIGABRT), code -6 in tid 3745 (cameraserver)
09-17 19:34:29.713  3074  3074 W         : debuggerd: handling request: pid=3745 uid=1047 gid=1023 tid=3745
09-17 19:34:29.719  3751  3751 E         : debuggerd: Unable to connect to activity manager (connect failed: No such file or directory)
09-17 19:34:29.722  3750  3750 I Netd    : Netd 1.0 starting
09-17 19:34:29.722  3750  3750 D TetherController: Setting IP forward enable = 0
09-17 19:34:29.724  3750  3750 I QtiConnectivityAdapter: Failed to open libconnctrl, some features may not be present.
09-17 19:34:29.724  3750  3750 E         : Failed to open libdatactrl, some features may not be present.
09-17 19:34:29.724  3750  3750 E         : Failed to open libcsm_data, some features may not be present.
09-17 19:34:29.725  3749  3749 F libc    : CANNOT LINK EXECUTABLE "/system/bin/mediaserver": cannot locate symbol "_ZNK7android8hardware7camera26params19OutputConfiguration14getSurfaceTypeEv" referenced by "/system/lib/libcameraservice.so"...
09-17 19:34:29.725  3749  3749 F libc    : Fatal signal 6 (SIGABRT), code -6 in tid 3749 (mediaserver)
09-17 19:34:29.725  3746  3746 F libc    : CANNOT LINK EXECUTABLE "/system/bin/app_process64": cannot locate symbol "_ZN7android14CameraMetadata14getTagFromNameEPKcPKNS_19VendorTagDescriptorEPj" referenced by "/system/lib64/libandroid_runtime.so"...
09-17 19:34:29.726  3746  3746 F libc    : Fatal signal 6 (SIGABRT), code -6 in tid 3746 (app_process64)
09-17 19:34:29.726  3075  3075 W         : debuggerd: handling request: pid=3746 uid=0 gid=0 tid=3746
09-17 19:34:29.723  3087  3087 W auditd  : type=1325 audit(0.0:176): table=filter family=2 entries=10
09-17 19:34:29.723  3087  3087 W auditd  : type=1320 audit(0.0:176): 
09-17 19:34:29.729  3747  3747 F libc    : CANNOT LINK EXECUTABLE "/system/bin/app_process32": cannot locate symbol "_ZN7android14CameraMetadata14getTagFromNameEPKcPKNS_19VendorTagDescriptorEPj" referenced by "/system/lib/libandroid_runtime.so"...
09-17 19:34:29.729  3747  3747 F libc    : Fatal signal 6 (SIGABRT), code -6 in tid 3747 (app_process32)
09-17 19:34:29.727  3087  3087 W auditd  : type=1325 audit(0.0:177): table=filter family=10 entries=12
09-17 19:34:29.732  3753  3753 E         : debuggerd: Unable to connect to activity manager (connect failed: No such file or directory)
09-17 19:34:29.727  3087  3087 W auditd  : type=1320 audit(0.0:177): 
09-17 19:34:29.731  3087  3087 W auditd  : type=1325 audit(0.0:178): table=filter family=2 entries=9
09-17 19:34:29.731  3087  3087 W auditd  : type=1320 audit(0.0:178): 
09-17 19:34:29.735  3087  3087 W auditd  : type=1325 audit(0.0:179): table=filter family=10 entries=11
09-17 19:34:29.735  3087  3087 W auditd  : type=1320 audit(0.0:179): 
09-17 19:34:29.739  3087  3087 W auditd  : type=1325 audit(0.0:180): table=filter family=2 entries=9
09-17 19:34:29.739  3087  3087 W auditd  : type=1320 audit(0.0:180): 
09-17 19:34:29.743  3087  3087 W auditd  : type=1325 audit(0.0:181): table=filter family=10 entries=11
09-17 19:34:29.743  3087  3087 W auditd  : type=1320 audit(0.0:181): 
09-17 19:34:29.747  3087  3087 W auditd  : type=1325 audit(0.0:182): table=filter family=2 entries=7
09-17 19:34:29.747  3087  3087 W auditd  : type=1320 audit(0.0:182): 
09-17 19:34:29.751  3087  3087 W auditd  : type=1325 audit(0.0:183): table=filter family=10 entries=9
09-17 19:34:29.751  3087  3087 W auditd  : type=1320 audit(0.0:183): 
09-17 19:34:29.755  3087  3087 W auditd  : type=1325 audit(0.0:184): table=filter family=2 entries=9
09-17 19:34:29.755  3087  3087 W auditd  : type=1320 audit(0.0:184): 
09-17 19:34:29.759  3087  3087 W auditd  : type=1325 audit(0.0:185): table=filter family=10 entries=11
09-17 19:34:29.759  3087  3087 W auditd  : type=1320 audit(0.0:185): 
09-17 19:34:29.770  3751  3751 F DEBUG   : *** *** *** *** *** *** *** *** *** *** *** *** *** *** *** ***
09-17 19:34:29.770  3751  3751 F DEBUG   : LineageOS Version: '14.1-20170917-UNOFFICIAL-dream2lte'
09-17 19:34:29.770  3751  3751 F DEBUG   : Build fingerprint: 'samsung/dream2ltexx/dream2lte:7.0/NRD90M/G955FXXU1AQH3:user/release-keys'
09-17 19:34:29.770  3751  3751 F DEBUG   : Revision: '0'
09-17 19:34:29.770  3751  3751 F DEBUG   : ABI: 'arm'
09-17 19:34:29.770  3751  3751 F DEBUG   : pid: 3745, tid: 3745, name: cameraserver  >>> /system/bin/cameraserver <<<
09-17 19:34:29.770  3751  3751 F DEBUG   : signal 6 (SIGABRT), code -6 (SI_TKILL), fault addr --------
09-17 19:34:29.770  3751  3751 F DEBUG   :     r0 00000000  r1 00000ea1  r2 00000006  r3 00000008
09-17 19:34:29.770  3751  3751 F DEBUG   :     r4 f75d458c  r5 00000006  r6 f75d4534  r7 0000010c
09-17 19:34:29.771  3751  3751 F DEBUG   :     r8 ffe85988  r9 00000001  sl ffe859b0  fp f7561010
09-17 19:34:29.771  3751  3751 F DEBUG   :     ip 00000000  sp ffe85920  lr f75b3f8f  pc f75b49a8  cpsr 200f0010
09-17 19:34:29.774  3751  3751 F DEBUG   : 
09-17 19:34:29.774  3751  3751 F DEBUG   : backtrace:
09-17 19:34:29.774  3751  3751 F DEBUG   :     #00 pc 000469a8  /system/bin/linker (__dl_tgkill+12)
09-17 19:34:29.774  3751  3751 F DEBUG   :     #01 pc 00045f8b  /system/bin/linker (__dl_pthread_kill+34)
09-17 19:34:29.774  3751  3751 F DEBUG   :     #02 pc 0003e32f  /system/bin/linker (__dl_raise+10)
09-17 19:34:29.774  3751  3751 F DEBUG   :     #03 pc 0003cdeb  /system/bin/linker (__dl___libc_android_abort+34)
09-17 19:34:29.774  3751  3751 F DEBUG   :     #04 pc 0003bbbc  /system/bin/linker (__dl_abort+4)
09-17 19:34:29.774  3751  3751 F DEBUG   :     #05 pc 0003de2b  /system/bin/linker (__dl___libc_fatal+22)
09-17 19:34:29.774  3751  3751 F DEBUG   :     #06 pc 00009c43  /system/bin/linker (__dl__ZL29__linker_init_post_relocationR19KernelArgumentBlockj+3146)
09-17 19:34:29.774  3751  3751 F DEBUG   :     #07 pc 00008f63  /system/bin/linker (__dl___linker_init+358)
09-17 19:34:29.774  3751  3751 F DEBUG   :     #08 pc 000027c0  /system/bin/linker (_start+4)
09-17 19:34:29.783  3753  3753 F DEBUG   : *** *** *** *** *** *** *** *** *** *** *** *** *** *** *** ***
09-17 19:34:29.783  3753  3753 F DEBUG   : LineageOS Version: '14.1-20170917-UNOFFICIAL-dream2lte'
09-17 19:34:29.783  3753  3753 F DEBUG   : Build fingerprint: 'samsung/dream2ltexx/dream2lte:7.0/NRD90M/G955FXXU1AQH3:user/release-keys'
09-17 19:34:29.783  3753  3753 F DEBUG   : Revision: '0'
09-17 19:34:29.783  3753  3753 F DEBUG   : ABI: 'arm64'
09-17 19:34:29.783  3753  3753 F DEBUG   : pid: 3746, tid: 3746, name: app_process64  >>> /system/bin/app_process64 <<<
09-17 19:34:29.783  3753  3753 F DEBUG   : signal 6 (SIGABRT), code -6 (SI_TKILL), fault addr --------
09-17 19:34:29.783  3753  3753 F DEBUG   :     x0   0000000000000000  x1   0000000000000ea2  x2   0000000000000006  x3   0000000000000008
09-17 19:34:29.783  3753  3753 F DEBUG   :     x4   0000000000000030  x5   00000000000000d0  x6   fefefefefefefeff  x7   7f7f7f7f7f7f7f7f
09-17 19:34:29.783  3753  3753 F DEBUG   :     x8   0000000000000083  x9   ffffffffffffffdf  x10  0000000000000000  x11  0000000000000001
09-17 19:34:29.783  3753  3753 F DEBUG   :     x12  ffffffffffffffff  x13  0000000000000000  x14  0000000000000000  x15  002b45d046e77e9c
09-17 19:34:29.783  3753  3753 F DEBUG   :     x16  0000007fdc5d7880  x17  0000007fdc5d774f  x18  00000000ffffffff  x19  0000007f8934fb40
09-17 19:34:29.783  3753  3753 F DEBUG   :     x20  0000000000000006  x21  0000007f8934fa98  x22  0000000000000000  x23  0000007f89287010
09-17 19:34:29.783  3753  3753 F DEBUG   :     x24  000000000000000c  x25  0000007fdc5d84e0  x26  0000007fdc5d8540  x27  0000007f8928c1b8
09-17 19:34:29.783  3753  3753 F DEBUG   :     x28  0000007f8928c010  x29  0000007fdc5d8350  x30  0000007f8930f334
09-17 19:34:29.783  3753  3753 F DEBUG   :     sp   0000007fdc5d8330  pc   0000007f8930fe64  pstate 0000000060000000
09-17 19:34:29.786  3753  3753 F DEBUG   : 
09-17 19:34:29.786  3753  3753 F DEBUG   : backtrace:
09-17 19:34:29.786  3753  3753 F DEBUG   :     #00 pc 0000000000075e64  /system/bin/linker64 (__dl_tgkill+8)
09-17 19:34:29.786  3753  3753 F DEBUG   :     #01 pc 0000000000075330  /system/bin/linker64 (__dl_pthread_kill+64)
09-17 19:34:29.786  3753  3753 F DEBUG   :     #02 pc 0000000000068e24  /system/bin/linker64 (__dl_raise+24)
09-17 19:34:29.786  3753  3753 F DEBUG   :     #03 pc 00000000000667f8  /system/bin/linker64 (__dl_abort+52)
09-17 19:34:29.786  3753  3753 F DEBUG   :     #04 pc 00000000000689ac  /system/bin/linker64 (__dl___libc_fatal+104)
09-17 19:34:29.786  3753  3753 F DEBUG   :     #05 pc 0000000000010e3c  /system/bin/linker64 (__dl__ZL29__linker_init_post_relocationR19KernelArgumentBlocky+6216)
09-17 19:34:29.786  3753  3753 F DEBUG   :     #06 pc 000000000000f554  /system/bin/linker64 (__dl___linker_init+528)
09-17 19:34:29.786  3753  3753 F DEBUG   :     #07 pc 0000000000006cd0  /system/bin/linker64 (_start+4)
09-17 19:34:29.794  3748  3748 I         : sMaxFastTracks = 8
09-17 19:34:29.794  3748  3748 I audioserver: ServiceManager: 0xf6199440
09-17 19:34:29.794  3748  3748 W BatteryNotifier: batterystats service unavailable!
09-17 19:34:29.794  3748  3748 I AudioFlinger: Using default 3000 mSec as standby time.
09-17 19:34:29.794  3074  3074 W         : debuggerd: resuming target 3745
09-17 19:34:29.795  3074  3074 E         : debuggerd: failed to send signal 18 to target: No such process
09-17 19:34:29.795  3748  3748 I AudioPolicyService: AudioPolicyService CSTOR in new mode
09-17 19:34:29.795  3748  3748 D AudioInfo: MPS_CODE : SIN, get MPS_CODE
09-17 19:34:29.795  3074  3074 W         : debuggerd: handling request: pid=3749 uid=1013 gid=1005 tid=3749
09-17 19:34:29.795  3748  3748 W APM_AudioPolicyManager: mkdir failed for AUDIO_TUNING_PATH
09-17 19:34:29.795  3748  3748 D APM::SoundKitchen: SoundKitchen created
09-17 19:34:29.795  3748  3748 I APM::ConfigParsingUtils: loadAudioPolicyConfig() loaded /vendor/etc/audio_policy.conf
09-17 19:34:29.800  3777  3777 E         : debuggerd: Unable to connect to activity manager (connect failed: No such file or directory)
09-17 19:34:29.816  3075  3075 W         : debuggerd: resuming target 3746
09-17 19:34:29.821  3158  3158 I ServiceManager: service 'media.audio_flinger' died
09-17 19:34:29.850  3777  3777 E DEBUG   : unexpected waitpid response: n=3749, status=00000009
09-17 19:34:29.851  3777  3777 E         : debuggerd: timed out waiting for signal
09-17 19:34:29.851  3777  3777 E         : debuggerd: ptrace detach from 3749 failed: No such process
09-17 19:34:29.852  3074  3074 W         : debuggerd: resuming target 3749
09-17 19:34:29.852  3074  3074 E         : debuggerd: failed to send signal 18 to target: No such process
09-17 19:34:29.852  3074  3074 W         : debuggerd: handling request: pid=3747 uid=0 gid=0 tid=3747
09-17 19:34:29.859  3788  3788 E         : debuggerd: Unable to connect to activity manager (connect failed: No such file or directory)
09-17 19:34:29.909  3788  3788 F DEBUG   : *** *** *** *** *** *** *** *** *** *** *** *** *** *** *** ***
09-17 19:34:29.909  3788  3788 F DEBUG   : LineageOS Version: '14.1-20170917-UNOFFICIAL-dream2lte'
09-17 19:34:29.909  3788  3788 F DEBUG   : Build fingerprint: 'samsung/dream2ltexx/dream2lte:7.0/NRD90M/G955FXXU1AQH3:user/release-keys'
09-17 19:34:29.910  3788  3788 F DEBUG   : Revision: '0'
09-17 19:34:29.910  3788  3788 F DEBUG   : ABI: 'arm'
09-17 19:34:29.910  3788  3788 F DEBUG   : pid: 3747, tid: 3747, name: app_process32  >>> /system/bin/app_process32 <<<
09-17 19:34:29.910  3788  3788 F DEBUG   : signal 6 (SIGABRT), code -6 (SI_TKILL), fault addr --------
09-17 19:34:29.910  3788  3788 F DEBUG   :     r0 00000000  r1 00000ea3  r2 00000006  r3 00000008
09-17 19:34:29.910  3788  3788 F DEBUG   :     r4 f72c758c  r5 00000006  r6 f72c7534  r7 0000010c
09-17 19:34:29.910  3788  3788 F DEBUG   :     r8 ffd30850  r9 00000001  sl ffd30880  fp f7254010
09-17 19:34:29.910  3788  3788 F DEBUG   :     ip 00000000  sp ffd307e8  lr f72a6f8f  pc f72a79a8  cpsr 200f0010
09-17 19:34:29.914  3788  3788 F DEBUG   : 
09-17 19:34:29.914  3788  3788 F DEBUG   : backtrace:
09-17 19:34:29.914  3788  3788 F DEBUG   :     #00 pc 000469a8  /system/bin/linker (__dl_tgkill+12)
09-17 19:34:29.914  3788  3788 F DEBUG   :     #01 pc 00045f8b  /system/bin/linker (__dl_pthread_kill+34)
09-17 19:34:29.914  3788  3788 F DEBUG   :     #02 pc 0003e32f  /system/bin/linker (__dl_raise+10)
09-17 19:34:29.914  3788  3788 F DEBUG   :     #03 pc 0003cdeb  /system/bin/linker (__dl___libc_android_abort+34)
09-17 19:34:29.914  3788  3788 F DEBUG   :     #04 pc 0003bbbc  /system/bin/linker (__dl_abort+4)
09-17 19:34:29.914  3788  3788 F DEBUG   :     #05 pc 0003de2b  /system/bin/linker (__dl___libc_fatal+22)
09-17 19:34:29.914  3788  3788 F DEBUG   :     #06 pc 00009c43  /system/bin/linker (__dl__ZL29__linker_init_post_relocationR19KernelArgumentBlockj+3146)
09-17 19:34:29.914  3788  3788 F DEBUG   :     #07 pc 00008f63  /system/bin/linker (__dl___linker_init+358)
09-17 19:34:29.914  3788  3788 F DEBUG   :     #08 pc 000027c0  /system/bin/linker (_start+4)
09-17 19:34:29.945  3074  3074 W         : debuggerd: resuming target 3747
09-17 19:34:34.988  3794  3794 F libc    : CANNOT LINK EXECUTABLE "/system/bin/cameraserver": cannot locate symbol "_ZNK7android8hardware7camera26params19OutputConfiguration14getSurfaceTypeEv" referenced by "/system/lib/libcameraservice.so"...
09-17 19:34:34.988  3794  3794 F libc    : Fatal signal 6 (SIGABRT), code -6 in tid 3794 (cameraserver)
09-17 19:34:34.988  3074  3074 W         : debuggerd: handling request: pid=3794 uid=1047 gid=1023 tid=3794
09-17 19:34:34.991  3799  3799 I Netd    : Netd 1.0 starting
09-17 19:34:34.991  3799  3799 D TetherController: Setting IP forward enable = 0
09-17 19:34:34.994  3799  3799 I QtiConnectivityAdapter: Failed to open libconnctrl, some features may not be present.
09-17 19:34:34.994  3800  3800 E         : debuggerd: Unable to connect to activity manager (connect failed: No such file or directory)
09-17 19:34:34.994  3799  3799 E         : Failed to open libdatactrl, some features may not be present.
09-17 19:34:34.994  3799  3799 E         : Failed to open libcsm_data, some features may not be present.
09-17 19:34:34.997  3798  3798 F libc    : CANNOT LINK EXECUTABLE "/system/bin/mediaserver": cannot locate symbol "_ZNK7android8hardware7camera26params19OutputConfiguration14getSurfaceTypeEv" referenced by "/system/lib/libcameraservice.so"...
09-17 19:34:34.997  3798  3798 F libc    : Fatal signal 6 (SIGABRT), code -6 in tid 3798 (mediaserver)
09-17 19:34:35.001  3795  3795 F libc    : CANNOT LINK EXECUTABLE "/system/bin/app_process64": cannot locate symbol "_ZN7android14CameraMetadata14getTagFromNameEPKcPKNS_19VendorTagDescriptorEPj" referenced by "/system/lib64/libandroid_runtime.so"...
09-17 19:34:35.001  3795  3795 F libc    : Fatal signal 6 (SIGABRT), code -6 in tid 3795 (app_process64)
09-17 19:34:35.001  3075  3075 W         : debuggerd: handling request: pid=3795 uid=0 gid=0 tid=3795
09-17 19:34:34.995  3087  3087 W auditd  : type=1325 audit(0.0:200): table=filter family=2 entries=10
09-17 19:34:34.995  3087  3087 W auditd  : type=1320 audit(0.0:200): 
09-17 19:34:35.008  3802  3802 E         : debuggerd: Unable to connect to activity manager (connect failed: No such file or directory)
09-17 19:34:35.010  3796  3796 F libc    : CANNOT LINK EXECUTABLE "/system/bin/app_process32": cannot locate symbol "_ZN7android14CameraMetadata14getTagFromNameEPKcPKNS_19VendorTagDescriptorEPj" referenced by "/system/lib/libandroid_runtime.so"...
09-17 19:34:35.010  3796  3796 F libc    : Fatal signal 6 (SIGABRT), code -6 in tid 3796 (app_process32)
09-17 19:34:35.003  3087  3087 W auditd  : type=1325 audit(0.0:201): table=filter family=10 entries=12
09-17 19:34:35.003  3087  3087 W auditd  : type=1320 audit(0.0:201): 
09-17 19:34:35.015  3087  3087 W auditd  : type=1325 audit(0.0:202): table=filter family=2 entries=9
09-17 19:34:35.015  3087  3087 W auditd  : type=1320 audit(0.0:202): 
09-17 19:34:35.023  3087  3087 W auditd  : type=1325 audit(0.0:203): table=filter family=10 entries=11
09-17 19:34:35.023  3087  3087 W auditd  : type=1320 audit(0.0:203): 
09-17 19:34:35.031  3087  3087 W auditd  : type=1325 audit(0.0:204): table=filter family=2 entries=9
09-17 19:34:35.031  3087  3087 W auditd  : type=1320 audit(0.0:204): 
09-17 19:34:35.045  3800  3800 F DEBUG   : *** *** *** *** *** *** *** *** *** *** *** *** *** *** *** ***
09-17 19:34:35.045  3800  3800 F DEBUG   : LineageOS Version: '14.1-20170917-UNOFFICIAL-dream2lte'
09-17 19:34:35.045  3800  3800 F DEBUG   : Build fingerprint: 'samsung/dream2ltexx/dream2lte:7.0/NRD90M/G955FXXU1AQH3:user/release-keys'
09-17 19:34:35.045  3800  3800 F DEBUG   : Revision: '0'
09-17 19:34:35.045  3800  3800 F DEBUG   : ABI: 'arm'
09-17 19:34:35.045  3800  3800 F DEBUG   : pid: 3794, tid: 3794, name: cameraserver  >>> /system/bin/cameraserver <<<
09-17 19:34:35.045  3800  3800 F DEBUG   : signal 6 (SIGABRT), code -6 (SI_TKILL), fault addr --------
09-17 19:34:35.045  3800  3800 F DEBUG   :     r0 00000000  r1 00000ed2  r2 00000006  r3 00000008
09-17 19:34:35.045  3800  3800 F DEBUG   :     r4 f72b458c  r5 00000006  r6 f72b4534  r7 0000010c
09-17 19:34:35.045  3800  3800 F DEBUG   :     r8 ffe27bf8  r9 00000001  sl ffe27c20  fp f7241010
09-17 19:34:35.045  3800  3800 F DEBUG   :     ip 00000000  sp ffe27b90  lr f7293f8f  pc f72949a8  cpsr 200f0010
09-17 19:34:35.043  3087  3087 W auditd  : type=1325 audit(0.0:205): table=filter family=10 entries=11
09-17 19:34:35.043  3087  3087 W auditd  : type=1320 audit(0.0:205): 
09-17 19:34:35.049  3800  3800 F DEBUG   : 
09-17 19:34:35.049  3800  3800 F DEBUG   : backtrace:
09-17 19:34:35.049  3800  3800 F DEBUG   :     #00 pc 000469a8  /system/bin/linker (__dl_tgkill+12)
09-17 19:34:35.049  3800  3800 F DEBUG   :     #01 pc 00045f8b  /system/bin/linker (__dl_pthread_kill+34)
09-17 19:34:35.049  3800  3800 F DEBUG   :     #02 pc 0003e32f  /system/bin/linker (__dl_raise+10)
09-17 19:34:35.049  3800  3800 F DEBUG   :     #03 pc 0003cdeb  /system/bin/linker (__dl___libc_android_abort+34)
09-17 19:34:35.050  3800  3800 F DEBUG   :     #04 pc 0003bbbc  /system/bin/linker (__dl_abort+4)
09-17 19:34:35.050  3800  3800 F DEBUG   :     #05 pc 0003de2b  /system/bin/linker (__dl___libc_fatal+22)
09-17 19:34:35.050  3800  3800 F DEBUG   :     #06 pc 00009c43  /system/bin/linker (__dl__ZL29__linker_init_post_relocationR19KernelArgumentBlockj+3146)
09-17 19:34:35.050  3800  3800 F DEBUG   :     #07 pc 00008f63  /system/bin/linker (__dl___linker_init+358)
09-17 19:34:35.050  3800  3800 F DEBUG   :     #08 pc 000027c0  /system/bin/linker (_start+4)
09-17 19:34:35.056  3797  3797 I         : sMaxFastTracks = 8
09-17 19:34:35.057  3797  3797 I audioserver: ServiceManager: 0xf6799440
09-17 19:34:35.057  3797  3797 W BatteryNotifier: batterystats service unavailable!
09-17 19:34:35.057  3797  3797 I AudioFlinger: Using default 3000 mSec as standby time.
09-17 19:34:35.051  3087  3087 W auditd  : type=1325 audit(0.0:206): table=filter family=2 entries=7
09-17 19:34:35.051  3087  3087 W auditd  : type=1320 audit(0.0:206): 
09-17 19:34:35.057  3797  3797 D AudioInfo: MPS_CODE : SIN, get MPS_CODE
09-17 19:34:35.057  3797  3797 W APM_AudioPolicyManager: mkdir failed for AUDIO_TUNING_PATH
09-17 19:34:35.057  3797  3797 D APM::SoundKitchen: SoundKitchen created
09-17 19:34:35.058  3802  3802 F DEBUG   : *** *** *** *** *** *** *** *** *** *** *** *** *** *** *** ***
09-17 19:34:35.058  3797  3797 I APM::ConfigParsingUtils: loadAudioPolicyConfig() loaded /vendor/etc/audio_policy.conf
09-17 19:34:35.059  3802  3802 F DEBUG   : LineageOS Version: '14.1-20170917-UNOFFICIAL-dream2lte'
09-17 19:34:35.059  3802  3802 F DEBUG   : Build fingerprint: 'samsung/dream2ltexx/dream2lte:7.0/NRD90M/G955FXXU1AQH3:user/release-keys'
09-17 19:34:35.059  3802  3802 F DEBUG   : Revision: '0'
09-17 19:34:35.059  3802  3802 F DEBUG   : ABI: 'arm64'
09-17 19:34:35.059  3802  3802 F DEBUG   : pid: 3795, tid: 3795, name: app_process64  >>> /system/bin/app_process64 <<<
09-17 19:34:35.059  3802  3802 F DEBUG   : signal 6 (SIGABRT), code -6 (SI_TKILL), fault addr --------
09-17 19:34:35.059  3802  3802 F DEBUG   :     x0   0000000000000000  x1   0000000000000ed3  x2   0000000000000006  x3   0000000000000008
09-17 19:34:35.059  3802  3802 F DEBUG   :     x4   0000000000000030  x5   00000000000000d0  x6   fefefefefefefeff  x7   7f7f7f7f7f7f7f7f
09-17 19:34:35.059  3802  3802 F DEBUG   :     x8   0000000000000083  x9   ffffffffffffffdf  x10  0000000000000000  x11  0000000000000001
09-17 19:34:35.059  3802  3802 F DEBUG   :     x12  ffffffffffffffff  x13  003b9aca00000000  x14  0000000000000001  x15  003bb173b8fa2392
09-17 19:34:35.059  3802  3802 F DEBUG   :     x16  0000007ffee6e940  x17  0000007ffee6e80f  x18  00000000ffffffff  x19  0000007f8f3bdb40
09-17 19:34:35.059  3802  3802 F DEBUG   :     x20  0000000000000006  x21  0000007f8f3bda98  x22  0000000000000000  x23  0000007f8f2f5010
09-17 19:34:35.059  3802  3802 F DEBUG   :     x24  000000000000000c  x25  0000007ffee6f5a0  x26  0000007ffee6f600  x27  0000007f8f2fa1b8
09-17 19:34:35.059  3802  3802 F DEBUG   :     x28  0000007f8f2fa010  x29  0000007ffee6f410  x30  0000007f8f37d334
09-17 19:34:35.059  3802  3802 F DEBUG   :     sp   0000007ffee6f3f0  pc   0000007f8f37de64  pstate 0000000060000000
09-17 19:34:35.062  3802  3802 F DEBUG   : 
09-17 19:34:35.062  3802  3802 F DEBUG   : backtrace:
09-17 19:34:35.062  3802  3802 F DEBUG   :     #00 pc 0000000000075e64  /system/bin/linker64 (__dl_tgkill+8)
09-17 19:34:35.062  3802  3802 F DEBUG   :     #01 pc 0000000000075330  /system/bin/linker64 (__dl_pthread_kill+64)
09-17 19:34:35.062  3802  3802 F DEBUG   :     #02 pc 0000000000068e24  /system/bin/linker64 (__dl_raise+24)
09-17 19:34:35.062  3802  3802 F DEBUG   :     #03 pc 00000000000667f8  /system/bin/linker64 (__dl_abort+52)
09-17 19:34:35.062  3802  3802 F DEBUG   :     #04 pc 00000000000689ac  /system/bin/linker64 (__dl___libc_fatal+104)
09-17 19:34:35.062  3802  3802 F DEBUG   :     #05 pc 0000000000010e3c  /system/bin/linker64 (__dl__ZL29__linker_init_post_relocationR19KernelArgumentBlocky+6216)
09-17 19:34:35.062  3802  3802 F DEBUG   :     #06 pc 000000000000f554  /system/bin/linker64 (__dl___linker_init+528)
