09-15 09:40:16.908  5746  5746 E lhd     : getCustPatchVersion: Fail to parse patch /efs/sec_efs/sensorhub_urgent_fw.patch
09-15 09:40:16.908  5746  5746 E lhd     : getCustPatchVersion: <CustomerVersion> not found
09-15 09:40:16.973  3174  3174 D gpsd    : WakeLock(Acquire,GPSD)
09-15 09:40:16.973  5746  5746 D lhd     : OnIpcConnect
09-15 09:40:16.973  3174  3174 D gpsd    : WakeLock(Release,GPSD)
09-15 09:40:16.973  3174  3174 D gpsd    : WakeLock(Acquire,GPSD)
09-15 09:40:16.974  3174  3174 D gpsd    : WakeLock(Release,GPSD)
09-15 09:40:31.993  3174  3174 D gpsd    : WakeLock(Acquire,GPSD)
09-15 09:40:31.993  3174  3174 D gpsd    : WakeLock(Release,GPSD)
09-15 09:40:31.994  3174  3174 D gpsd    : WakeLock(Acquire,GPSD)
09-15 09:40:31.994  3174  3174 D gpsd    : WakeLock(Release,GPSD)
09-15 09:40:32.058  5750  5750 V lhd     : GlLhdInterface::Init(/system/etc/lhd.conf)
09-15 09:40:32.060  5750  5750 E lhd     : SetCfgValue: Critical Error. Unknown configuration parameter "FlpName"="tcp"
09-15 09:40:32.060  5750  5750 V lhd     : SetCfgValue: LHD config "LheSerialControl"="BBD:Serial=TTY"
09-15 09:40:32.060  5750  5750 E lhd     : SetCfgValue: Critical Error. Unknown configuration parameter "LheClockMHz"="100"
09-15 09:40:32.060  5750  5750 V lhd     : SetCfgValue: LHD config "LhePatch"="/dev/bbd_patch"
09-15 09:40:32.060  5750  5750 V lhd     : SetCfgValue: LHD config "LheMaxMcuResetTries"="4"
09-15 09:40:32.060  5750  5750 V lhd     : SetCfgValue: LHD config "LheBbdPacket"="/dev/ttyBCM"
09-15 09:40:32.060  5750  5750 V lhd     : SetCfgValue: LHD config "LheBbdControl"="/dev/bbd_control"
09-15 09:40:32.060  5750  5750 V lhd     : SetCfgValue: LHD config "LheBbdSensor"="/dev/bbd_sensor"
09-15 09:40:32.061  5750  5750 V lhd     : SetCfgValue: LHD config "Lhe477xDebugFlags"="RPC:FACILITY=33:STDOUT_PUTS:STDOUT_LOG"
09-15 09:40:32.061  5750  5750 E lhd     : SetCfgValue: Critical Error. Unknown configuration parameter "LheSensorIpc"="true"
09-15 09:40:32.061  5750  5750 E lhd     : SetCfgValue: Critical Error. Unknown configuration parameter "LhePinMux"="P17=M1"
09-15 09:40:32.061  5750  5750 V lhd     : SetCfgValue: LHD config "LheAutoBaudDelayMS"="10"
09-15 09:40:32.061  5750  5750 V lhd     : SetCfgValue: LHD config "LheMaxMcuResetTries"="3"
09-15 09:40:32.061  5750  5750 E lhd     : OpenFirmwareFile: Fail to open /efs/sec_efs/sensorhub_urgent_fw.patch, errno 2
09-15 09:40:32.061  5750  5750 E lhd     : getCustPatchVersion: Fail to parse patch /efs/sec_efs/sensorhub_urgent_fw.patch
09-15 09:40:32.061  5750  5750 E lhd     : getCustPatchVersion: <CustomerVersion> not found
09-15 09:40:32.126  3174  3174 D gpsd    : WakeLock(Acquire,GPSD)
09-15 09:40:32.126  3174  3174 D gpsd    : WakeLock(Release,GPSD)
09-15 09:40:32.126  3174  3174 D gpsd    : WakeLock(Acquire,GPSD)
09-15 09:40:32.126  5750  5750 D lhd     : OnIpcConnect
09-15 09:40:32.127  3174  3174 D gpsd    : WakeLock(Release,GPSD)
09-15 09:40:35.124  3570  3999 I PowerManagerService: Waking up from dozing (uid 1000)...
09-15 09:40:35.125  3570  3570 V KeyguardServiceDelegate: onStartedWakingUp()
09-15 09:40:35.125  3570  3661 I DisplayPowerController: Blocking screen on until initial contents have been drawn.
09-15 09:40:35.125  3570  3661 V KeyguardServiceDelegate: onScreenTurnedOn(showListener = com.android.server.policy.PhoneWindowManager$2@3e160dd)
09-15 09:40:35.142  3570  4886 V KeyguardServiceDelegate: **** SHOWN CALLED ****
09-15 09:40:35.173  3570  3999 D PowerManagerService-JNI: Excessive delay in setInteractive(true) while turning screen on: 48ms
09-15 09:40:35.174  3162  3162 D SurfaceFlinger: Set power mode=2, type=0 flinger=0x7f7dc48000
09-15 09:40:35.174  3570  3659 I DisplayManagerService: Display device changed state: "Built-in Screen", ON
09-15 09:40:35.176  3570  3659 W LocalDisplayAdapter: Unable to find color mode 0, ignoring request.
09-15 09:40:35.201  3570  3661 I DisplayPowerController: Unblocked screen on after 76 ms
09-15 09:40:35.201  3570  3661 V KeyguardServiceDelegate: onScreenTurnedOn()
09-15 09:40:35.201  3570  3661 I VrManagerService: VR mode is allowed
09-15 09:40:35.202  3570  3661 I DreamManagerService: Gently waking up from dream.
09-15 09:40:35.203  3570  3650 I DreamManagerService: Leaving dreamland.
09-15 09:40:35.204  3570  3657 I DreamController: Stopping dream: name=ComponentInfo{com.android.systemui/com.android.systemui.doze.DozeService}, isTest=false, canDoze=true, userId=0
09-15 09:40:35.249  5202  5755 D BrcmNfcJni: nfcManager_enableDiscovery: enter; tech_mask = 01
09-15 09:40:35.249  5202  5755 D BrcmNfcJni: PowerSwitch::setLevel: level=PS-FULL (1)
09-15 09:40:35.249  5202  5755 D BrcmNfcJni: stopPolling_rfDiscoveryDisabled: disable polling
09-15 09:40:35.249  5202  5755 I BrcmNfcNfa: NFA_DisablePolling ()
09-15 09:40:35.249  5202  5309 I BrcmNfcNfa: NFA got event 0x0107
09-15 09:40:35.249  5202  5309 I BrcmNfcNfa: nfa_dm_evt_hdlr event: NFA_DM_API_DISABLE_POLLING_EVT (0x07)
09-15 09:40:35.249  5202  5309 I BrcmNfcNfa: nfa_dm_act_disable_polling ()
09-15 09:40:35.249  5202  5309 D BrcmNfcJni: nfaConnectionCallback: event= 1
09-15 09:40:35.249  5202  5309 D BrcmNfcJni: nfaConnectionCallback: NFA_POLL_DISABLED_EVT: status = 3
09-15 09:40:35.249  5202  5755 D BrcmNfcJni: startPolling_rfDiscoveryDisabled: enable polling
09-15 09:40:35.249  5202  5755 I BrcmNfcNfa: NFA_EnablePolling () 0x1
09-15 09:40:35.249  5202  5755 D BrcmNfcJni: startPolling_rfDiscoveryDisabled: wait for enable event
09-15 09:40:35.249  5202  5309 I BrcmNfcNfa: NFA got event 0x0106
09-15 09:40:35.249  5202  5309 I BrcmNfcNfa: nfa_dm_evt_hdlr event: NFA_DM_API_ENABLE_POLLING_EVT (0x06)
09-15 09:40:35.249  5202  5309 I BrcmNfcNfa: nfa_dm_act_enable_polling ()
09-15 09:40:35.249  5202  5309 I BrcmNfcNfa: nfa_dm_start_polling ()
09-15 09:40:35.249  5202  5309 I BrcmNfcNfa: nfa_dm_add_rf_discover () disc_mask=0x200f
09-15 09:40:35.249  5202  5309 D BrcmNfcJni: nfaConnectionCallback: event= 0
09-15 09:40:35.249  5202  5309 D BrcmNfcJni: nfaConnectionCallback: NFA_POLL_ENABLED_EVT: status = 0
09-15 09:40:35.249  5202  5755 D BrcmNfcJni: nfcManager_enableDiscovery: Enable p2pListening
09-15 09:40:35.249  5202  5755 I BrcmNfcNfa: NFA_EeSetDefaultTechRouting(): handle:<0x3>technology_mask:<0x1>/<0x0>/<0x0>
09-15 09:40:35.249  5202  5755 I BrcmNfcNfa: nfa_ee_find_ecb ()
09-15 09:40:35.249  5202  5755 E BrcmNfcNfa: Bad ee_handle
09-15 09:40:35.249  5202  5755 E BrcmNfcJni: Fail to set default tech routing for Nfc-A
09-15 09:40:35.249  5202  5755 I BrcmNfcNfa: NFA_EeSetDefaultProtoRouting(): handle:<0x3>protocol_mask:<0x8>/<0x0>/<0x0>
09-15 09:40:35.249  5202  5755 I BrcmNfcNfa: nfa_ee_find_ecb ()
09-15 09:40:35.249  5202  5755 E BrcmNfcNfa: Bad ee_handle
09-15 09:40:35.249  5202  5755 E BrcmNfcJni: Fail to set default proto routing for IsoDep
09-15 09:40:35.249  5202  5755 I BrcmNfcNfa: NFA_EeSetDefaultTechRouting(): handle:<0x0>technology_mask:<0x4>/<0x0>/<0x0>
09-15 09:40:35.249  5202  5755 I BrcmNfcNfa: nfa_ee_find_ecb ()
09-15 09:40:35.249  5202  5309 I BrcmNfcNfa: NFA got event 0x0204
09-15 09:40:35.249  5202  5309 I BrcmNfcNfa: nfa_ee_evt_hdlr (): Event API_SET_TECH_CFG(0x204), State: INIT_DONE(1)
09-15 09:40:35.249  5202  5309 D BrcmNfcJni: RoutingManager::nfaEeCallback: NFA_EE_SET_TECH_CFG_EVT; status=0x0
09-15 09:40:35.249  5202  5755 I BrcmNfcNfa: NFA_EeSetDefaultProtoRouting(): handle:<0x0>protocol_mask:<0x4>/<0x0>/<0x0>
09-15 09:40:35.249  5202  5755 I BrcmNfcNfa: nfa_ee_find_ecb ()
09-15 09:40:35.249  5202  5309 I BrcmNfcNfa: NFA got event 0x0205
09-15 09:40:35.249  5202  5309 I BrcmNfcNfa: nfa_ee_evt_hdlr (): Event API_SET_PROTO_CFG(0x205), State: INIT_DONE(1)
09-15 09:40:35.249  5202  5309 D BrcmNfcJni: RoutingManager::nfaEeCallback: NFA_EE_SET_PROTO_CFG_EVT; status=0x0
09-15 09:40:35.249  5202  5755 D BrcmNfcJni: RoutingManager::commitRouting
09-15 09:40:35.249  5202  5755 I BrcmNfcNfa: NFA_EeUpdateNow()
09-15 09:40:35.249  5202  5309 I BrcmNfcNfa: NFA got event 0x0209
09-15 09:40:35.249  5202  5309 I BrcmNfcNfa: nfa_ee_evt_hdlr (): Event API_UPDATE_NOW(0x209), State: INIT_DONE(1)
09-15 09:40:35.249  5202  5309 I BrcmNfcNfa: nfa_sys_ptim_stop_timer 8abecb80
09-15 09:40:35.249  5202  5309 I BrcmNfcNfa: ptim timer stop
09-15 09:40:35.249  5202  5309 I BrcmNfcNfa: nfa_ee_rout_timeout()
09-15 09:40:35.249  5202  5309 I BrcmNfcNfa: nfa_ee_need_recfg() ee_cfged: 0x90 ee_cfg_sts: 0x10
09-15 09:40:35.249  5202  5309 I BrcmNfcNfa: 0: ecb_flags  : 0x00, mask: 0x10
09-15 09:40:35.249  5202  5309 I BrcmNfcNfa: 1: ecb_flags  : 0x00, mask: 0x01
09-15 09:40:35.249  5202  5309 I BrcmNfcNfa: 2: ecb_flags  : 0x00, mask: 0x02
09-15 09:40:35.249  5202  5309 I BrcmNfcNfa: nfa_ee_report_update_evt ee_wait_evt:0x10 wait_rsp:0
09-15 09:40:35.249  5202  5309 D BrcmNfcJni: RoutingManager::nfaEeCallback: NFA_EE_UPDATED_EVT
09-15 09:40:35.249  5202  5755 D BrcmNfcJni: startRfDiscovery: is start=1
09-15 09:40:35.249  5202  5755 I BrcmNfcNfa: NFA_StartRfDiscovery ()
09-15 09:40:35.250  5202  5309 I BrcmNfcNfa: NFA got event 0x010E
09-15 09:40:35.250  5202  5309 I BrcmNfcNfa: nfa_dm_evt_hdlr event: NFA_DM_API_START_RF_DISCOVERY_EVT (0x0e)
09-15 09:40:35.250  5202  5309 I BrcmNfcNfa: nfa_dm_act_start_rf_discovery ()
09-15 09:40:35.250  5202  5309 I BrcmNfcNfa: nfa_dm_start_rf_discover ()
09-15 09:40:35.250  5202  5309 I BrcmNfcNfa: nfa_ee_get_tech_route(): 1
09-15 09:40:35.250  5202  5309 I BrcmNfcNfa: 0x0, 0x0, 0x0, 0x0
09-15 09:40:35.250  5202  5309 I BrcmNfcNfa: nfa_dm_cb.disc_cb.entry[0].selected_disc_mask = 0x40000
09-15 09:40:35.250  5202  5309 I BrcmNfcNfa: nfa_dm_cb.disc_cb.entry[1].selected_disc_mask = 0x200f
09-15 09:40:35.250  5202  5309 I BrcmNfcNfa: nfa_p2p_set_config ()
09-15 09:40:35.250  5202  5309 I BrcmNfcNfa: LLCP_GetDiscoveryConfig ()
09-15 09:40:35.250  5202  5309 I BrcmNfcNfa: nfa_dm_check_set_config ()
09-15 09:40:35.250  5202  5309 I BrcmNfcNfa: dm_disc_mask = 0x4200f
09-15 09:40:35.250  5202  5309 I BrcmNfcNfa: nfa_dm_set_rf_listen_mode_config () tech_proto_mask = 0x0004200F
09-15 09:40:35.250  5202  5309 I BrcmNfcNfa: nfa_dm_check_set_config ()
09-15 09:40:35.250  5202  5309 I BrcmNfcNfa: nfa_dm_set_total_duration ()
09-15 09:40:35.250  5202  5309 I BrcmNfcNfa: nfa_dm_check_set_config ()
09-15 09:40:35.250  5202  5309 I BrcmNfcNfa: NFC_DiscoveryStart
09-15 09:40:35.250  5202  5309 D NfcAdaptation: NfcAdaptation::HalPrediscover
09-15 09:40:35.250  5202  5309 I SecHAL  : nfc_hal_pre_discover: enter;
09-15 09:40:35.250  5202  5309 I SecHAL  : nfc_hal_pre_discover: exit;
09-15 09:40:35.250  5202  5309 D NfcAdaptation: NfcAdaptation::HalWrite
09-15 09:40:35.250  5202  5316 D SecHAL  : nfc_hal_task: Got a event: Uknown event.(2)
09-15 09:40:35.250  5202  5309 I SecHAL  : nfc_hal_write: enter;
09-15 09:40:35.250  5202  5309 I SecHAL  : nfc_hal_write: exit;
09-15 09:40:35.250  5202  5316 D SecHAL  : nfc_hal_task: current state: SERVICE
09-15 09:40:35.250  5202  5316 D SecHAL  : nfc_hal_task: Got a event: HAL_EVT_WRITE(3)
09-15 09:40:35.250  5202  5309 I BrcmNfcNfa: NFC_DiscoveryStart status: 0xe3
09-15 09:40:35.250  5202  5316 D SecHAL  : nfc_hal_task: current state: SERVICE
09-15 09:40:35.250  5202  5316 I SecHAL  : device_wakeup: Wakeup! in 80 ms
09-15 09:40:35.330  5202  5316 I SecHAL  : device_wakeup: exit
09-15 09:40:35.330  5202  5316 I SecHAL  : OSI_timer_start: enter,osi_lock
09-15 09:40:35.330  5202  5316 I SecHAL  : OSI_timer_start: before pthread_create for timer thread
09-15 09:40:35.330  5202  5316 I SecHAL  : OSI_timer_start: after pthread_create for timer thread
09-15 09:40:35.330  5202  5316 I SecHAL  : OSI_timer_start: before osi_unlock
09-15 09:40:35.330  5202  5316 I SecHAL  : OSI_timer_start: exit
09-15 09:40:35.330  5202  5316 I SecHAL  : device_write: enter
09-15 09:40:35.330  5202  5316 I SecHAL  : device_write: before system call
09-15 09:40:35.330  5202  5316 I SecHAL  : device_write: after system call
09-15 09:40:35.331  5202  5316 D SecHAL  : data_trace:  Send(  8) 21 03 05   02 00 01 80 01 
09-15 09:40:35.331  5202  5316 I SecHAL  : device_write: exit
09-15 09:40:35.339  5202  5315 D SecHAL  : read_thread: Sent message to HAL message task, remind que: 2
09-15 09:40:35.339  5202  5316 D SecHAL  : nfc_hal_task: Got a event: HAL_EVT_READ(4)
09-15 09:40:35.339  5202  5316 D SecHAL  : nfc_hal_task: current state: SERVICE
09-15 09:40:35.339  5202  5316 D SecHAL  : data_trace:  Recv(  4) 41 03 01   00 
09-15 09:40:35.339  5202  5316 I SecHAL  : OSI_timer_start: enter,osi_lock
09-15 09:40:35.339  5202  5316 I SecHAL  : OSI_timer_start: before osi_unlock
09-15 09:40:35.339  5202  5316 I SecHAL  : OSI_timer_start: exit
09-15 09:40:35.339  5202  5316 I SecHAL  : nfc_data_callback: !
09-15 09:40:35.339  5202  5316 D NfcAdaptation: NfcAdaptation::HalDeviceContextDataCallback: len=4
09-15 09:40:35.339  5202  5309 I BrcmNfcNfa: NFC received rsp gid:1
09-15 09:40:35.339  5202  5309 I BrcmNfcNfa: p2p priority is running under bail out mode ONLY.
09-15 09:40:35.339  5202  5309 I BrcmNfcNfa: nfa_dm_disc_discovery_cback (): event:0x4000
09-15 09:40:35.339  5202  5309 I BrcmNfcNfa: nfa_dm_disc_sm_execute (): state: IDLE (0), event: DISCOVER_RSP(1) disc_flags: 0x31
09-15 09:40:35.339  5202  5309 I BrcmNfcNfa: nfa_dm_disc_new_state (): old_state: IDLE (0), new_state: DISCOVERY (1) disc_flags: 0x11
09-15 09:40:35.339  5202  5309 I BrcmNfcNfa: nfa_dm_poll_disc_cback (): event:0x00
09-15 09:40:35.339  5202  5309 D BrcmNfcJni: nfaConnectionCallback: event= 30
09-15 09:40:35.339  5202  5309 D BrcmNfcJni: nfaConnectionCallback: NFA_RF_DISCOVERY_STARTED_EVT: status = 0
09-15 09:40:35.339  5202  5309 I BrcmNfcNfa: nfa_dm_disc_sm_execute (): new state: DISCOVERY (1), disc_flags: 0x1
09-15 09:40:35.339  5202  5755 D BrcmNfcJni: PowerSwitch::setModeOn(activated=0x1) : mCurrActivity=0x1
09-15 09:40:35.339  5202  5755 D BrcmNfcJni: nfcManager_enableDiscovery: exit
09-15 09:40:36.315  4704  4704 D PhoneStatusBar: disable: < expand ICONS alerts SYSTEM_INFO back HOME RECENT clock SEARCH quick_settings >
09-15 09:40:36.349  3177  3357 W APM_AudioPolicyManager: getOutput() could not find output for stream 1, samplingRate 0,format 0, channels 3, flags 0
09-15 09:40:36.350  3177  3177 W APM_AudioPolicyManager: getOutput() could not find output for stream 1, samplingRate 0,format 0, channels 3, flags 0
09-15 09:40:36.351  3177  3177 W APM_AudioPolicyManager: getOutput() could not find output for stream 1, samplingRate 44100,format 1, channels 3, flags 4
09-15 09:40:36.352  4704  4704 E AudioTrack: Could not get audio output for session 9, stream type -1, usage 13, sample rate 44100, format 0x1, channel mask 0x3, flags 0x4
09-15 09:40:36.352  4704  4704 E SoundPool: Error creating AudioTrack
09-15 09:40:36.358  4704  4704 D PhoneStatusBar: disable: < expand icons* alerts system_info* back HOME RECENT clock SEARCH quick_settings >
09-15 09:40:36.375  5202  5783 D BrcmNfcJni: nfcManager_enableDiscovery: enter; tech_mask = ef
09-15 09:40:36.375  5202  5783 D BrcmNfcJni: PowerSwitch::setLevel: level=PS-FULL (1)
09-15 09:40:36.375  5202  5783 D BrcmNfcJni: startRfDiscovery: is start=0
09-15 09:40:36.376  5202  5783 I BrcmNfcNfa: NFA_StopRfDiscovery ()
09-15 09:40:36.376  5202  5309 I BrcmNfcNfa: NFA got event 0x010F
09-15 09:40:36.376  5202  5309 I BrcmNfcNfa: nfa_dm_evt_hdlr event: NFA_DM_API_STOP_RF_DISCOVERY_EVT (0x0f)
09-15 09:40:36.376  5202  5309 I BrcmNfcNfa: nfa_dm_act_stop_rf_discovery ()
09-15 09:40:36.376  5202  5309 I BrcmNfcNfa: nfa_dm_rf_deactivate () deactivate_type:0x0
09-15 09:40:36.376  5202  5309 I BrcmNfcNfa: nfa_dm_disc_sm_execute (): state: DISCOVERY (1), event: DEACTIVATE_CMD(6) disc_flags: 0x2
09-15 09:40:36.376  5202  5309 I BrcmNfcNfa: NFC_Deactivate 4 (IDLE) deactivate_type:0
09-15 09:40:36.376  5202  5309 D NfcAdaptation: NfcAdaptation::HalWrite
09-15 09:40:36.376  5202  5309 I SecHAL  : nfc_hal_write: enter;
09-15 09:40:36.376  5202  5309 I SecHAL  : nfc_hal_write: exit;
09-15 09:40:36.376  5202  5316 D SecHAL  : nfc_hal_task: Got a event: HAL_EVT_WRITE(3)
09-15 09:40:36.376  5202  5309 I BrcmNfcNfa: nfa_dm_disc_sm_execute (): new state: DISCOVERY (1), disc_flags: 0x22
09-15 09:40:36.376  5202  5316 D SecHAL  : nfc_hal_task: current state: SERVICE
09-15 09:40:36.376  5202  5309 I BrcmNfcNfa: nfa_sys_ptim_stop_timer 8abee010
09-15 09:40:36.376  5202  5316 I SecHAL  : OSI_timer_start: enter,osi_lock
09-15 09:40:36.376  5202  5309 I BrcmNfcNfa: ptim timer stop
09-15 09:40:36.376  5202  5309 I BrcmNfcNfa: Stopped presence check timer (if started)
09-15 09:40:36.376  5202  5316 I SecHAL  : OSI_timer_start: before osi_unlock
09-15 09:40:36.376  5202  5316 I SecHAL  : OSI_timer_start: exit
09-15 09:40:36.376  5202  5316 I SecHAL  : device_write: enter
09-15 09:40:36.376  5202  5316 I SecHAL  : device_write: before system call
09-15 09:40:36.376  5202  5316 I SecHAL  : device_write: after system call
09-15 09:40:36.376  5202  5316 D SecHAL  : data_trace:  Send(  4) 21 06 01   00 
09-15 09:40:36.376  5202  5316 I SecHAL  : device_write: exit
09-15 09:40:36.379  5202  5315 D SecHAL  : read_thread: Sent message to HAL message task, remind que: 2
09-15 09:40:36.379  5202  5316 D SecHAL  : nfc_hal_task: Got a event: HAL_EVT_READ(4)
09-15 09:40:36.379  5202  5316 D SecHAL  : nfc_hal_task: current state: SERVICE
09-15 09:40:36.379  5202  5316 D SecHAL  : data_trace:  Recv(  4) 41 06 01   00 
09-15 09:40:36.379  5202  5316 I SecHAL  : OSI_timer_start: enter,osi_lock
09-15 09:40:36.379  5202  5316 I SecHAL  : OSI_timer_start: before osi_unlock
09-15 09:40:36.379  5202  5316 I SecHAL  : OSI_timer_start: exit
09-15 09:40:36.379  5202  5316 I SecHAL  : nfc_data_callback: !
09-15 09:40:36.379  5202  5316 D NfcAdaptation: NfcAdaptation::HalDeviceContextDataCallback: len=4
09-15 09:40:36.379  5202  5309 I BrcmNfcNfa: NFC received rsp gid:1
09-15 09:40:36.379  5202  5309 I BrcmNfcNfa: p2p priority is running under bail out mode ONLY.
09-15 09:40:36.379  5202  5309 I BrcmNfcNfa: nfc_set_state 4 (IDLE)->4 (IDLE)
09-15 09:40:36.379  5202  5309 I BrcmNfcNfa: nfa_dm_disc_data_cback ()
09-15 09:40:36.379  5202  5309 I BrcmNfcNfa: nfa_dm_disc_discovery_cback (): event:0x4005
09-15 09:40:36.379  5202  5309 I BrcmNfcNfa: nfa_dm_disc_sm_execute (): state: DISCOVERY (1), event: DEACTIVATE_RSP(7) disc_flags: 0x22
09-15 09:40:36.379  5202  5309 I BrcmNfcNfa: nfa_dm_disc_new_state (): old_state: DISCOVERY (1), new_state: IDLE (0) disc_flags: 0x2
09-15 09:40:36.379  5202  5309 D BrcmNfcJni: nfaConnectionCallback: event= 31
09-15 09:40:36.379  5202  5309 D BrcmNfcJni: nfaConnectionCallback: NFA_RF_DISCOVERY_STOPPED_EVT: status = 0
09-15 09:40:36.379  5202  5309 I BrcmNfcNfa: nfa_dm_start_rf_discover ()
09-15 09:40:36.379  5202  5309 I BrcmNfcNfa: nfa_dm_disc_sm_execute (): new state: IDLE (0), disc_flags: 0x0
09-15 09:40:36.379  5202  5783 D BrcmNfcJni: stopPolling_rfDiscoveryDisabled: disable polling
09-15 09:40:36.379  5202  5783 I BrcmNfcNfa: NFA_DisablePolling ()
09-15 09:40:36.379  5202  5309 I BrcmNfcNfa: NFA got event 0x0107
09-15 09:40:36.379  5202  5309 I BrcmNfcNfa: nfa_dm_evt_hdlr event: NFA_DM_API_DISABLE_POLLING_EVT (0x07)
09-15 09:40:36.379  5202  5309 I BrcmNfcNfa: nfa_dm_act_disable_polling ()
09-15 09:40:36.379  5202  5309 I BrcmNfcNfa: nfa_dm_deactivate_polling ()
09-15 09:40:36.379  5202  5309 I BrcmNfcNfa: nfa_dm_delete_rf_discover () handle=0x1
09-15 09:40:36.379  5202  5309 D BrcmNfcJni: nfaConnectionCallback: event= 1
09-15 09:40:36.379  5202  5309 D BrcmNfcJni: nfaConnectionCallback: NFA_POLL_DISABLED_EVT: status = 0
09-15 09:40:36.379  5202  5783 D BrcmNfcJni: startPolling_rfDiscoveryDisabled: enable polling
09-15 09:40:36.379  5202  5783 I BrcmNfcNfa: NFA_EnablePolling () 0xEF
09-15 09:40:36.379  5202  5783 D BrcmNfcJni: startPolling_rfDiscoveryDisabled: wait for enable event
09-15 09:40:36.379  5202  5309 I BrcmNfcNfa: NFA got event 0x0106
09-15 09:40:36.379  5202  5309 I BrcmNfcNfa: nfa_dm_evt_hdlr event: NFA_DM_API_ENABLE_POLLING_EVT (0x06)
09-15 09:40:36.379  5202  5309 I BrcmNfcNfa: nfa_dm_act_enable_polling ()
09-15 09:40:36.379  5202  5309 I BrcmNfcNfa: nfa_dm_start_polling ()
09-15 09:40:36.379  5202  5309 I BrcmNfcNfa: nfa_dm_add_rf_discover () disc_mask=0x3d7f
09-15 09:40:36.379  5202  5309 D BrcmNfcJni: nfaConnectionCallback: event= 0
09-15 09:40:36.379  5202  5309 D BrcmNfcJni: nfaConnectionCallback: NFA_POLL_ENABLED_EVT: status = 0
09-15 09:40:36.379  5202  5783 D BrcmNfcJni: nfcManager_enableDiscovery: Enable p2pListening
09-15 09:40:36.379  5202  5783 D BrcmNfcJni: PeerToPeer::enableP2pListening: enter isEnable: 1  mIsP2pListening: 0
09-15 09:40:36.380  5202  5783 I BrcmNfcNfa: NFA_P2pSetListenTech (): tech_mask:0xC4
09-15 09:40:36.380  5202  5309 I BrcmNfcNfa: NFA got event 0x010D
09-15 09:40:36.380  5202  5309 I BrcmNfcNfa: nfa_dm_evt_hdlr event: NFA_DM_API_SET_P2P_LISTEN_TECH_EVT (0x0d)
09-15 09:40:36.380  5202  5309 I BrcmNfcNfa: nfa_dm_set_p2p_listen_tech ()  tech_mask = 196
09-15 09:40:36.380  5202  5309 I BrcmNfcNfa: nfa_p2p_update_listen_tech ()  tech_mask = 0xc4
09-15 09:40:36.380  5202  5309 I BrcmNfcNfa: nfa_p2p_enable_listening () sys_id = 3, update_wks = 0
09-15 09:40:36.380  5202  5309 I BrcmNfcNfa: nfa_dm_add_rf_discover () disc_mask=0xc400000
09-15 09:40:36.380  5202  5309 D BrcmNfcJni: nfaConnectionCallback: event= 33
09-15 09:40:36.380  5202  5309 D BrcmNfcJni: nfaConnectionCallback: NFA_SET_P2P_LISTEN_TECH_EVT
09-15 09:40:36.380  5202  5783 D BrcmNfcJni: PeerToPeer::enableP2pListening: exit; mIsP2pListening: 1
09-15 09:40:36.380  5202  5783 I BrcmNfcNfa: NFA_ResumeP2p ()
09-15 09:40:36.380  5202  5783 I BrcmNfcNfa: NFA_EeSetDefaultTechRouting(): handle:<0x3>technology_mask:<0x1>/<0x0>/<0x0>
09-15 09:40:36.380  5202  5783 I BrcmNfcNfa: nfa_ee_find_ecb ()
09-15 09:40:36.380  5202  5783 E BrcmNfcNfa: NFA got event
09-15 09:40:36.380  5202  5309 I BrcmNfcNfa: NFA got event 0x010B
09-15 09:40:36.380  5202  5783 E BrcmNfcJni: Fail to set default tech routing for Nfc-A
09-15 09:40:36.380  5202  5783 I BrcmNfcNfa: NFA_EeSetDefaultProtoRouting(): handle:<0x3>prot (0x0b)
09-15 09:40:36.380  5202  5309 I BrcmNfcNfa: NFA_EeSetDefaultProtoRouting(): handle:<0x3>prot (0x0b)
09-15 09:40:36.380  5202  5783 I BrcmNfcNfa: nfa_ee_find_ecb ()
09-15 09:40:36.380  5202  5783 E BrcmNfcNfa: Bad ee_handle
09-15 09:40:36.380  5202  5309 I BrcmNfcNfa: nfa_dm_act_resume_p2p ()
09-15 09:40:36.380  5202  5783 E BrcmNfcJni: Fail to set default proto routing for IsoDep
09-15 09:40:36.380  5202  5783 I BrcmNfcNfa: NFA_EeSetDefaultTechRouting(): handle:<0x0>technology_mask:<0x4>/<0x0>/<0x0>
09-15 09:40:36.380  5202  5783 I BrcmNfcNfa: nfa_ee_find_ecb ()
09-15 09:40:36.380  5202  5309 D BrcmNfcJni: nfaConnectionCallback: event= 39
09-15 09:40:36.380  5202  5309 E BrcmNfcJni: nfaConnectionCallback: unknown event ????
09-15 09:40:36.380  5202  5309 I BrcmNfcNfa: NFA got event 0x0204
09-15 09:40:36.380  5202  5309 I BrcmNfcNfa: nfa_ee_evt_hdlr (): Event API_SET_TECH_CFG(0x204), State: INIT_DONE(1)
09-15 09:40:36.380  5202  5309 D BrcmNfcJni: RoutingManager::nfaEeCallback: NFA_EE_SET_TECH_CFG_EVT; status=0x0
09-15 09:40:36.380  5202  5783 I BrcmNfcNfa: NFA_EeSetDefaultProtoRouting(): handle:<0x0>protocol_mask:<0x4>/<0x0>/<0x0>
09-15 09:40:36.380  5202  5783 I BrcmNfcNfa: nfa_ee_find_ecb ()
09-15 09:40:36.380  5202  5309 I BrcmNfcNfa: NFA got event 0x0205
09-15 09:40:36.380  5202  5309 I BrcmNfcNfa: nfa_ee_evt_hdlr (): Event API_SET_PROTO_CFG(0x205), State: INIT_DONE(1)
09-15 09:40:36.380  5202  5309 D BrcmNfcJni: RoutingManager::nfaEeCallback: NFA_EE_SET_PROTO_CFG_EVT; status=0x0
09-15 09:40:36.380  5202  5783 D BrcmNfcJni: RoutingManager::commitRouting
09-15 09:40:36.380  5202  5783 I BrcmNfcNfa: NFA_EeUpdateNow()
09-15 09:40:36.380  5202  5309 I BrcmNfcNfa: NFA got event 0x0209
09-15 09:40:36.380  5202  5309 I BrcmNfcNfa: nfa_ee_evt_hdlr (): Event API_UPDATE_NOW(0x209), State: INIT_DONE(1)
09-15 09:40:36.380  5202  5309 I BrcmNfcNfa: nfa_sys_ptim_stop_timer 8abecb80
09-15 09:40:36.380  5202  5309 I BrcmNfcNfa: ptim timer stop
09-15 09:40:36.380  5202  5309 I BrcmNfcNfa: nfa_ee_rout_timeout()
09-15 09:40:36.380  5202  5309 I BrcmNfcNfa: nfa_ee_need_recfg() ee_cfged: 0x90 ee_cfg_sts: 0x10
09-15 09:40:36.381  5202  5309 I BrcmNfcNfa: 0: ecb_flags  : 0x00, mask: 0x10
09-15 09:40:36.381  5202  5309 I BrcmNfcNfa: 1: ecb_flags  : 0x00, mask: 0x01
09-15 09:40:36.381  5202  5309 I BrcmNfcNfa: 2: ecb_flags  : 0x00, mask: 0x02
09-15 09:40:36.381  5202  5309 I BrcmNfcNfa: nfa_ee_report_update_evt ee_wait_evt:0x10 wait_rsp:0
09-15 09:40:36.381  5202  5309 D BrcmNfcJni: RoutingManager::nfaEeCallback: NFA_EE_UPDATED_EVT
09-15 09:40:36.381  5202  5783 D BrcmNfcJni: startRfDiscovery: is start=1
09-15 09:40:36.381  5202  5783 I BrcmNfcNfa: NFA_StartRfDiscovery ()
09-15 09:40:36.381  5202  5309 I BrcmNfcNfa: NFA got event 0x010E
09-15 09:40:36.381  5202  5309 I BrcmNfcNfa: nfa_dm_evt_hdlr event: NFA_DM_API_START_RF_DISCOVERY_EVT (0x0e)
09-15 09:40:36.381  5202  5309 I BrcmNfcNfa: nfa_dm_act_start_rf_discovery ()
09-15 09:40:36.381  5202  5309 I BrcmNfcNfa: nfa_dm_start_rf_discover ()
09-15 09:40:36.381  5202  5309 I BrcmNfcNfa: nfa_ee_get_tech_route(): 1
09-15 09:40:36.381  5202  5309 I BrcmNfcNfa: 0x0, 0x0, 0x0, 0x0
09-15 09:40:36.381  5202  5309 I BrcmNfcNfa: nfa_dm_cb.disc_cb.entry[0].selected_disc_mask = 0x40000
09-15 09:40:36.381  5202  5309 I BrcmNfcNfa: nfa_dm_cb.disc_cb.entry[1].selected_disc_mask = 0x3d7f
09-15 09:40:36.381  5202  5309 I BrcmNfcNfa: nfa_dm_cb.disc_cb.entry[2].selected_disc_mask = 0xc400000
09-15 09:40:36.381  5202  5309 I BrcmNfcNfa: nfa_p2p_set_config ()
09-15 09:40:36.381  5202  5309 I BrcmNfcNfa: LLCP_GetDiscoveryConfig ()
09-15 09:40:36.381  5202  5309 I BrcmNfcNfa: nfa_dm_check_set_config ()
09-15 09:40:36.381  5202  5309 I BrcmNfcNfa: nfa_dm_check_set_config ()
09-15 09:40:36.381  5202  5309 D NfcAdaptation: NfcAdaptation::HalWrite
09-15 09:40:36.381  5202  5309 I SecHAL  : nfc_hal_write: enter;
09-15 09:40:36.381  5202  5309 I SecHAL  : nfc_hal_write: exit;
09-15 09:40:36.381  5202  5316 D SecHAL  : nfc_hal_task: Got a event: HAL_EVT_WRITE(3)
09-15 09:40:36.381  5202  5309 I BrcmNfcNfa: nfa_dm_check_set_config ()
09-15 09:40:36.381  5202  5309 I BrcmNfcNfa: dm_disc_mask = 0xc443d7f
09-15 09:40:36.381  5202  5316 D SecHAL  : nfc_hal_task: current state: SERVICE
09-15 09:40:36.381  5202  5309 I BrcmNfcNfa: nfa_dm_set_rf_listen_mode_config () tech_proto_mask = 0x0C443D7F
09-15 09:40:36.381  5202  5316 I SecHAL  : OSI_timer_start: enter,osi_lock
09-15 09:40:36.381  5202  5309 I BrcmNfcNfa: nfa_dm_check_set_config ()
09-15 09:40:36.381  5202  5316 I SecHAL  : OSI_timer_start: before osi_unlock
09-15 09:40:36.381  5202  5309 I BrcmNfcNfa: nfa_dm_set_total_duration ()
09-15 09:40:36.381  5202  5316 I SecHAL  : OSI_timer_start: exit
09-15 09:40:36.381  5202  5309 I BrcmNfcNfa: nfa_dm_check_set_config ()
09-15 09:40:36.381  5202  5316 I SecHAL  : device_write: enter
09-15 09:40:36.381  5202  5309 I BrcmNfcNfa: NFC_DiscoveryStart
09-15 09:40:36.381  5202  5316 I SecHAL  : device_write: before system call
09-15 09:40:36.381  5202  5309 I BrcmNfcNfa: NFC_DiscoveryStart status: 0xe3
09-15 09:40:36.382  5202  5316 I SecHAL  : device_write: after system call
09-15 09:40:36.382  5202  5316 D SecHAL  : data_trace:  Send( 29) 20 02 1a   02 61 14 46 66 6d 01 01 12 02 02 07 ff 03 02 00 13 04 01 64 07 01 03 60 01 07 
09-15 09:40:36.382  5202  5316 I SecHAL  : device_write: exit
09-15 09:40:36.382  5202  5315 D SecHAL  : read_thread: Sent message to HAL message task, remind que: 2
09-15 09:40:36.382  5202  5316 D SecHAL  : nfc_hal_task: Got a event: HAL_EVT_READ(4)
09-15 09:40:36.382  5202  5316 D SecHAL  : nfc_hal_task: current state: SERVICE
09-15 09:40:36.382  5202  5316 D SecHAL  : data_trace:  Recv(  5) 40 02 02   00 00 
09-15 09:40:36.382  5202  5316 I SecHAL  : OSI_timer_start: enter,osi_lock
09-15 09:40:36.382  5202  5316 I SecHAL  : OSI_timer_start: before osi_unlock
09-15 09:40:36.382  5202  5316 I SecHAL  : OSI_timer_start: exit
09-15 09:40:36.382  5202  5316 I SecHAL  : nfc_data_callback: !
09-15 09:40:36.382  5202  5316 D NfcAdaptation: NfcAdaptation::HalDeviceContextDataCallback: len=5
09-15 09:40:36.382  5202  5309 I BrcmNfcNfa: NFC received rsp gid:0
09-15 09:40:36.382  5202  5309 I BrcmNfcNfa: nci_proc_core_rsp opcode:0x2
09-15 09:40:36.382  5202  5309 I BrcmNfcNfa: nfa_dm_nfc_response_cback () NFC_SET_CONFIG_REVT(0x5002)
09-15 09:40:36.382  5202  5309 D NfcAdaptation: NfcAdaptation::HalWrite
09-15 09:40:36.382  5202  5309 I SecHAL  : nfc_hal_write: enter;
09-15 09:40:36.382  5202  5309 I SecHAL  : nfc_hal_write: exit;
09-15 09:40:36.382  5202  5316 D SecHAL  : nfc_hal_task: Got a event: HAL_EVT_WRITE(3)
09-15 09:40:36.382  5202  5316 D SecHAL  : nfc_hal_task: current state: SERVICE
09-15 09:40:36.383  5202  5316 I SecHAL  : OSI_timer_start: enter,osi_lock
09-15 09:40:36.383  5202  5316 I SecHAL  : OSI_timer_start: before osi_unlock
09-15 09:40:36.383  5202  5316 I SecHAL  : OSI_timer_start: exit
09-15 09:40:36.383  5202  5316 I SecHAL  : device_write: enter
09-15 09:40:36.383  5202  5316 I SecHAL  : device_write: before system call
09-15 09:40:36.383  5202  5316 I SecHAL  : device_write: after system call
09-15 09:40:36.383  5202  5316 D SecHAL  : data_trace:  Send(  7) 20 02 04   01 50 01 02 
09-15 09:40:36.383  5202  5316 I SecHAL  : device_write: exit
09-15 09:40:36.383  5202  5316 D SecHAL  : nfc_hal_task: Got a event: HAL_EVT_READ(4)
09-15 09:40:36.383  5202  5315 D SecHAL  : read_thread: Sent message to HAL message task, remind que: 2
09-15 09:40:36.383  5202  5316 D SecHAL  : nfc_hal_task: current state: SERVICE
09-15 09:40:36.383  5202  5316 D SecHAL  : data_trace:  Recv(  5) 40 02 02   00 00 
09-15 09:40:36.383  5202  5316 I SecHAL  : OSI_timer_start: enter,osi_lock
09-15 09:40:36.383  5202  5316 I SecHAL  : OSI_timer_start: before osi_unlock
09-15 09:40:36.383  5202  5316 I SecHAL  : OSI_timer_start: exit
09-15 09:40:36.383  5202  5316 I SecHAL  : nfc_data_callback: !
09-15 09:40:36.383  5202  5316 D NfcAdaptation: NfcAdaptation::HalDeviceContextDataCallback: len=5
09-15 09:40:36.383  5202  5309 I BrcmNfcNfa: NFC received rsp gid:0
09-15 09:40:36.383  5202  5309 I BrcmNfcNfa: nci_proc_core_rsp opcode:0x2
09-15 09:40:36.383  5202  5309 I BrcmNfcNfa: nfa_dm_nfc_response_cback () NFC_SET_CONFIG_REVT(0x5002)
09-15 09:40:36.383  5202  5309 D NfcAdaptation: NfcAdaptation::HalPrediscover
09-15 09:40:36.383  5202  5309 I SecHAL  : nfc_hal_pre_discover: enter;
09-15 09:40:36.383  5202  5309 I SecHAL  : nfc_hal_pre_discover: exit;
09-15 09:40:36.383  5202  5316 D SecHAL  : nfc_hal_task: Got a event: Uknown event.(2)
09-15 09:40:36.383  5202  5309 D NfcAdaptation: NfcAdaptation::HalWrite
09-15 09:40:36.383  5202  5316 D SecHAL  : nfc_hal_task: current state: SERVICE
09-15 09:40:36.383  5202  5309 I SecHAL  : nfc_hal_write: enter;
09-15 09:40:36.383  5202  5309 I SecHAL  : nfc_hal_write: exit;
09-15 09:40:36.383  5202  5316 D SecHAL  : nfc_hal_task: Got a event: HAL_EVT_WRITE(3)
09-15 09:40:36.383  5202  5316 D SecHAL  : nfc_hal_task: current state: SERVICE
09-15 09:40:36.383  5202  5316 I SecHAL  : OSI_timer_start: enter,osi_lock
09-15 09:40:36.383  5202  5316 I SecHAL  : OSI_timer_start: before osi_unlock
09-15 09:40:36.383  5202  5316 I SecHAL  : OSI_timer_start: exit
09-15 09:40:36.383  5202  5316 I SecHAL  : device_write: enter
09-15 09:40:36.383  5202  5316 I SecHAL  : device_write: before system call
09-15 09:40:36.384  5202  5316 I SecHAL  : device_write: after system call
09-15 09:40:36.384  5202  5316 D SecHAL  : data_trace:  Send( 26) 21 03 17   0b 00 01 01 01 02 01 03 01 05 01 80 01 82 01 83 01 85 01 06 01 77 01 
09-15 09:40:36.384  5202  5316 I SecHAL  : device_write: exit
09-15 09:40:36.388  5263  5263 W System  : ClassLoader referenced unknown path: 
09-15 09:40:36.388  5263  5263 W System  : ClassLoader referenced unknown path: /system/app/LockClock/lib/arm64
09-15 09:40:36.388  5263  5263 D ApplicationLoaders: ignored Vulkan layer search path /system/app/LockClock/lib/arm64:/system/lib64:/vendor/lib64 for namespace 0x7f95ebe0f0
09-15 09:40:36.391  5202  5315 D SecHAL  : read_thread: Sent message to HAL message task, remind que: 2
09-15 09:40:36.391  5202  5316 D SecHAL  : nfc_hal_task: Got a event: HAL_EVT_READ(4)
09-15 09:40:36.392  5202  5316 D SecHAL  : nfc_hal_task: current state: SERVICE
09-15 09:40:36.392  5202  5316 D SecHAL  : data_trace:  Recv(  4) 41 03 01   00 
09-15 09:40:36.392  5202  5316 I SecHAL  : OSI_timer_start: enter,osi_lock
09-15 09:40:36.392  5202  5316 I SecHAL  : OSI_timer_start: before osi_unlock
09-15 09:40:36.392  5202  5316 I SecHAL  : OSI_timer_start: exit
09-15 09:40:36.392  5202  5316 I SecHAL  : nfc_data_callback: !
09-15 09:40:36.392  5202  5316 D NfcAdaptation: NfcAdaptation::HalDeviceContextDataCallback: len=4
09-15 09:40:36.392  5202  5309 I BrcmNfcNfa: NFC received rsp gid:1
09-15 09:40:36.392  5202  5309 I BrcmNfcNfa: p2p priority is running under bail out mode ONLY.
09-15 09:40:36.392  5202  5309 I BrcmNfcNfa: nfa_dm_disc_discovery_cback (): event:0x4000
09-15 09:40:36.392  5202  5309 I BrcmNfcNfa: nfa_dm_disc_sm_execute (): state: IDLE (0), event: DISCOVER_RSP(1) disc_flags: 0x31
09-15 09:40:36.392  5202  5309 I BrcmNfcNfa: nfa_dm_disc_new_state (): old_state: IDLE (0), new_state: DISCOVERY (1) disc_flags: 0x11
09-15 09:40:36.392  5202  5309 I BrcmNfcNfa: nfa_dm_poll_disc_cback (): event:0x00
09-15 09:40:36.392  5202  5309 I BrcmNfcNfa: nfa_p2p_discovery_cback (): event:0x00
09-15 09:40:36.392  5202  5309 D BrcmNfcJni: nfaConnectionCallback: event= 30
09-15 09:40:36.392  5202  5309 D BrcmNfcJni: nfaConnectionCallback: NFA_RF_DISCOVERY_STARTED_EVT: status = 0
09-15 09:40:36.392  5202  5309 I BrcmNfcNfa: nfa_dm_disc_sm_execute (): new state: DISCOVERY (1), disc_flags: 0x1
09-15 09:40:36.392  5202  5783 D BrcmNfcJni: PowerSwitch::setModeOn(activated=0x1) : mCurrActivity=0x1
09-15 09:40:36.392  5202  5783 D BrcmNfcJni: nfcManager_enableDiscovery: exit
09-15 09:40:36.393  4704  4704 D PhoneStatusBar: disable: < expand icons alerts system_info back home* recent* clock search* quick_settings >
09-15 09:40:36.422  4704  4924 D mali_winsys: EGLint new_window_surface(egl_winsys_display*, void*, EGLSurface, EGLConfig, egl_winsys_surface**, egl_color_buffer_format*, EGLBoolean) returns 0x3000,  [1440x168]-format:1
09-15 09:40:36.581  4704  4709 I art     : Compiler allocated 6MB to compile void android.view.ViewRootImpl.performTraversals()
09-15 09:40:36.583  5263  5263 D android.widget.GridLayout: vertical constraints: y2-y0>=462, y2-y0<=448, y2-y1<=182 are inconsistent; permanently removing: y2-y0<=448. 
09-15 09:40:36.830  3570  5235 I ActivityManager: Setting hasTopUi=false for pid=4704
09-15 09:40:36.890  4704  4924 D mali_winsys: EGLint new_window_surface(egl_winsys_display*, void*, EGLSurface, EGLConfig, egl_winsys_surface**, egl_color_buffer_format*, EGLBoolean) returns 0x3000,  [1440x84]-format:1
09-15 09:40:36.918  3570  5233 I ActivityManager: Setting hasTopUi=true for pid=4704
09-15 09:40:36.919  4704  4704 D PhoneStatusBar: disable: < expand ICONS* alerts SYSTEM_INFO* back home recent clock search quick_settings >
09-15 09:40:36.946  4704  4924 D mali_winsys: EGLint new_window_surface(egl_winsys_display*, void*, EGLSurface, EGLConfig, egl_winsys_surface**, egl_color_buffer_format*, EGLBoolean) returns 0x3000,  [1440x2960]-format:1
09-15 09:40:37.510  5202  5761 I SecHAL  : device_sleep: NFC can be going to sleep
09-15 09:40:37.639  4704  4704 D InputEventConsistencyVerifier: TouchEvent: ACTION_DOWN but pointers are already down.  Probably missing ACTION_UP from previous gesture.
09-15 09:40:37.639  4704  4704 D InputEventConsistencyVerifier:   in android.view.ScaleGestureDetector@dd9f873
09-15 09:40:37.639  4704  4704 D InputEventConsistencyVerifier:   0: sent at 174229965000, MotionEvent { action=ACTION_DOWN, actionButton=0, id[0]=0, x[0]=1163.0, y[0]=52.0, toolType[0]=TOOL_TYPE_FINGER, buttonState=0, metaState=0, flags=0x0, edgeFlags=0x0, pointerCount=1, historySize=0, eventTime=174229, downTime=174229, deviceId=5, source=0x1002 }
09-15 09:40:37.639  4704  4704 D InputEventConsistencyVerifier:   -- recent events --
09-15 09:40:37.639  4704  4704 D InputEventConsistencyVerifier:   1: sent at 174229965000, MotionEvent { action=ACTION_DOWN, actionButton=0, id[0]=0, x[0]=1163.0, y[0]=52.0, toolType[0]=TOOL_TYPE_FINGER, buttonState=0, metaState=0, flags=0x0, edgeFlags=0x0, pointerCount=1, historySize=0, eventTime=174229, downTime=174229, deviceId=5, source=0x1002 }
09-15 09:40:37.710  3177  5015 W APM_AudioPolicyManager: getOutput() could not find output for stream 1, samplingRate 0,format 0, channels 3, flags 0
09-15 09:40:37.711  3177  3357 W APM_AudioPolicyManager: getOutput() could not find output for stream 1, samplingRate 0,format 0, channels 3, flags 0
09-15 09:40:37.713  3177  5015 W APM_AudioPolicyManager: getOutput() could not find output for stream 1, samplingRate 48000,format 1, channels 3, flags 4
09-15 09:40:37.713  3570  4654 E AudioTrack: Could not get audio output for session 17, stream type -1, usage 13, sample rate 48000, format 0x1, channel mask 0x3, flags 0x4
09-15 09:40:37.714  3570  4654 E SoundPool: Error creating AudioTrack
09-15 09:40:37.719  3570  3650 I ActivityManager: START u0 {act=android.settings.SETTINGS flg=0x14000000 cmp=com.android.settings/.Settings} from uid 10033 on display 0
09-15 09:40:37.732  3570  3649 W InputMethodManagerService: Window already focused, ignoring focus gain of: com.android.internal.view.IInputMethodClient$Stub$Proxy@58efe80 attribute=null, token = android.os.BinderProxy@3b27b15
09-15 09:40:37.742  3570  4886 E ActivityManager: applyOptionsLocked: Unknown animationType=0
09-15 09:40:37.825  4867  4867 W TileUtils: Found com.android.settings.Settings$PaymentSettingsActivity for intent Intent { act=com.android.settings.action.SETTINGS pkg=com.android.settings } missing metadata com.android.settings.category
09-15 09:40:37.841  4867  4867 W TileUtils: Found com.android.systemui.tuner.TunerActivity for intent Intent { act=com.android.settings.action.EXTRA_SETTINGS } missing metadata 
09-15 09:40:37.848  4867  4872 I art     : Do partial code cache collection, code=26KB, data=24KB
09-15 09:40:37.848  4867  4872 I art     : After code cache collection, code=26KB, data=24KB
09-15 09:40:37.848  4867  4872 I art     : Increasing code cache capacity to 128KB
09-15 09:40:37.872  4867  5798 W System  : ClassLoader referenced unknown path: 
09-15 09:40:37.872  4867  5798 W System  : ClassLoader referenced unknown path: /system/priv-app/CellBroadcastReceiver/lib/arm64
09-15 09:40:37.874  4867  5798 D ApplicationLoaders: ignored Vulkan layer search path /system/priv-app/CellBroadcastReceiver/lib/arm64:/system/lib64:/vendor/lib64 for namespace 0x7f95ebe0f0
09-15 09:40:37.975  4867  5800 D LocalBluetoothProfileManager: Adding local MAP profile
09-15 09:40:37.981  4867  5800 D BluetoothMap: Create BluetoothMap proxy object
09-15 09:40:37.991  4867  5800 D LocalBluetoothProfileManager: LocalBluetoothProfileManager construction complete
09-15 09:40:37.998  4867  4940 D mali_winsys: EGLint new_window_surface(egl_winsys_display*, void*, EGLSurface, EGLConfig, egl_winsys_surface**, egl_color_buffer_format*, EGLBoolean) returns 0x3000,  [1440x2960]-format:1
09-15 09:40:38.058  4867  4867 D DashboardSummary: onConditionsChanged
09-15 09:40:38.064  3570  3659 I ActivityManager: Displayed com.android.settings/.Settings: +322ms
09-15 09:40:38.089  4867  5806 W TileUtils: Found com.android.settings.Settings$PaymentSettingsActivity for intent Intent { act=com.android.settings.action.SETTINGS pkg=com.android.settings } missing metadata com.android.settings.category
09-15 09:40:38.093  3570  4885 I ActivityManager: Setting hasTopUi=false for pid=4704
09-15 09:40:38.094  4704  4704 D PhoneStatusBar: disable: < expand icons* alerts system_info* back home recent clock search quick_settings >
09-15 09:40:38.096  4867  5806 W TileUtils: Found com.android.systemui.tuner.TunerActivity for intent Intent { act=com.android.settings.action.EXTRA_SETTINGS } missing metadata 
09-15 09:40:38.102  4867  5800 W ProcStatsManager: No process com.android.providers.calendar/10005 for service com.android.providers.calendar.EmptyService
09-15 09:40:38.102  4867  5800 W ProcStatsManager: No process com.android.providers.calendar/10005 for service com.android.providers.calendar.CalendarProviderIntentService
09-15 09:40:38.102  4867  5800 W ProcStatsManager: No process android.process.media/10009 for service com.android.providers.media.MediaScannerService
09-15 09:40:38.102  4867  5800 W ProcStatsManager: No process com.android.messaging/10063 for service com.android.messaging.datamodel.action.BackgroundWorkerService
09-15 09:40:38.102  4867  5800 W ProcStatsManager: No process com.android.messaging/10063 for service com.android.messaging.datamodel.action.ActionServiceImpl
09-15 09:40:38.102  4867  5800 W ProcStatsManager: No process com.android.carrierconfig/10004 for service com.android.carrierconfig.DefaultCarrierConfigService
09-15 09:40:38.102  4867  5800 W ProcStatsManager: No process com.android.calendar/10040 for service com.android.calendar.alerts.InitAlarmsService
09-15 09:40:38.103  4867  5800 W ProcStatsManager: No process com.android.calendar/10040 for service com.android.calendar.alerts.AlertService
09-15 09:40:38.103  4867  5800 W ProcStatsManager: No process com.android.printspooler/10058 for service com.android.printspooler.model.PrintSpoolerService
09-15 09:40:38.103  4867  5800 W ProcStatsManager: No process com.android.onetimeinitializer/10018 for service com.android.onetimeinitializer.OneTimeInitializerService
09-15 09:40:38.103  4867  5800 W ProcStatsManager: No process com.android.keychain/1000 for service com.android.keychain.KeyChainService
09-15 09:40:38.103  4867  5800 W ProcStatsManager: No process com.android.dialer/10016 for service com.android.dialer.calllog.CallLogNotificationsService
09-15 09:40:38.103  4867  5800 W ProcStatsManager: No process com.android.exchange/10046 for service com.android.exchange.service.EasService
09-15 09:40:38.108  4867  4872 I art     : Do partial code cache collection, code=59KB, data=60KB
09-15 09:40:38.111  4867  4872 I art     : After code cache collection, code=59KB, data=60KB
09-15 09:40:38.111  4867  4872 I art     : Increasing code cache capacity to 256KB
09-15 09:40:38.134  4704  4924 D mali_winsys: EGLint new_window_surface(egl_winsys_display*, void*, EGLSurface, EGLConfig, egl_winsys_surface**, egl_color_buffer_format*, EGLBoolean) returns 0x3000,  [1440x84]-format:1
09-15 09:40:38.207  4867  4872 I art     : Compiler allocated 6MB to compile void android.widget.TextView.<init>(android.content.Context, android.util.AttributeSet, int, int)
09-15 09:40:38.217  4867  4872 I art     : Do full code cache collection, code=125KB, data=113KB
09-15 09:40:38.217  4867  4872 I art     : Starting a blocking GC JitCodeCache
09-15 09:40:38.217  4867  4872 I art     : After code cache collection, code=113KB, data=76KB
09-15 09:40:38.224  4867  5798 I IndexDatabaseHelper: Using schema version: 115
09-15 09:40:38.229  4867  5798 I IndexDatabaseHelper: Index is fine
09-15 09:40:38.230  4867  5800 W DataUsageController: Failed to get data usage, no subscriber id
09-15 09:40:38.238  4867  5798 D Index   : Locale 'en_US' is already indexed
09-15 09:40:38.283  4867  4872 I art     : Do partial code cache collection, code=116KB, data=91KB
09-15 09:40:38.283  4867  4872 I art     : After code cache collection, code=95KB, data=81KB
09-15 09:40:38.283  4867  4872 I art     : Increasing code cache capacity to 512KB
09-15 09:40:38.288  4867  5804 D Index   : Indexing locale 'en_US' took 44 millis
09-15 09:40:38.333  4867  5804 D Index   : Indexing locale 'en_US' took 23 millis
09-15 09:40:38.384  3570  4886 E BatteryStatsService: no controller energy info supplied
09-15 09:40:39.439  4867  4872 I art     : Do full code cache collection, code=251KB, data=221KB
09-15 09:40:39.439  4867  4872 I art     : Starting a blocking GC JitCodeCache
09-15 09:40:39.439  4867  4872 I art     : After code cache collection, code=243KB, data=184KB
09-15 09:40:39.730  4867  4872 I art     : Do partial code cache collection, code=246KB, data=191KB
09-15 09:40:39.730  4867  4872 I art     : After code cache collection, code=245KB, data=191KB
09-15 09:40:39.730  4867  4872 I art     : Increasing code cache capacity to 1024KB
09-15 09:40:40.385  3570  4886 W BatteryStatsService: Timeout reading modem stats
09-15 09:40:40.471  3177  5015 W APM_AudioPolicyManager: getOutput() could not find output for stream 1, samplingRate 0,format 0, channels 3, flags 0
09-15 09:40:40.471  3177  3357 W APM_AudioPolicyManager: getOutput() could not find output for stream 1, samplingRate 0,format 0, channels 3, flags 0
09-15 09:40:40.471  3177  5015 W APM_AudioPolicyManager: getOutput() could not find output for stream 1, samplingRate 48000,format 1, channels 3, flags 4
09-15 09:40:40.471  3570  4654 E AudioTrack: Could not get audio output for session 25, stream type -1, usage 13, sample rate 48000, format 0x1, channel mask 0x3, flags 0x4
09-15 09:40:40.472  3570  4654 E SoundPool: Error creating AudioTrack
09-15 09:40:40.472  3570  5224 I ActivityManager: START u0 {flg=0x8000 cmp=com.android.settings/.Settings$DevelopmentSettingsActivity (has extras)} from uid 1000 on display 0
09-15 09:40:40.538  4867  4867 D ConstraintsHelper: construct key=advanced_reboot available=true
09-15 09:40:40.547  3570  5235 E UserRestrictionsUtils: Unknown restriction: null
09-15 09:40:40.549  3570  5224 E UserRestrictionsUtils: Unknown restriction: null
09-15 09:40:40.552  4867  4867 D ConstraintsHelper: construct key=adb_notify available=true
09-15 09:40:40.567  4867  4867 D ConstraintsHelper: construct key=kill_app_longpress_back available=true
09-15 09:40:40.574  4867  4872 I art     : Compiler allocated 7MB to compile void android.widget.TextView.<init>(android.content.Context, android.util.AttributeSet, int, int)
09-15 09:40:40.575  3570  5224 D CryptdConnector: SND -> {6 cryptfs isConvertibleToFBE}
09-15 09:40:40.576  3075  3144 D VoldCryptCmdListener: cryptfs isConvertibleToFBE
09-15 09:40:40.576  3570  4002 D CryptdConnector: RCV <- {200 6 0}
09-15 09:40:40.642  4867  5806 D Index   : Indexing locale 'en_US' took 6 millis
09-15 09:40:40.649  4867  4867 W Settings: Setting bugreport_in_power_menu has moved from android.provider.Settings.Secure to android.provider.Settings.Global.
09-15 09:40:40.655  3162  4686 D PermissionCache: checking android.permission.HARDWARE_TEST for uid=1000 => granted (1079 us)
09-15 09:40:40.664  4867  5805 D Index   : Indexing locale 'en_US' took 6 millis
09-15 09:40:40.723  4867  5805 W TileUtils: Found com.android.settings.Settings$PaymentSettingsActivity for intent Intent { act=com.android.settings.action.SETTINGS pkg=com.android.settings } missing metadata com.android.settings.category
09-15 09:40:40.727  4867  5805 W TileUtils: Found com.android.systemui.tuner.TunerActivity for intent Intent { act=com.android.settings.action.EXTRA_SETTINGS } missing metadata 
09-15 09:40:40.739  4867  4940 D mali_winsys: EGLint new_window_surface(egl_winsys_display*, void*, EGLSurface, EGLConfig, egl_winsys_surface**, egl_color_buffer_format*, EGLBoolean) returns 0x3000,  [1440x2960]-format:1
09-15 09:40:40.863  5805  5805 I com.android.settings: type=1400 audit(0.0:166): avc: denied { call } for comm=4173796E635461736B202333 scontext=u:r:system_app:s0 tcontext=u:r:netd:s0 tclass=binder permissive=1
09-15 09:40:40.863  5805  5805 W com.android.settings: type=1300 audit(0.0:166): arch=c00000b7 syscall=29 success=yes exit=0 a0=9 a1=c0306201 a2=7f70614168 a3=83 items=0 ppid=3175 auid=4294967295 uid=1000 gid=1000 euid=1000 suid=1000 fsuid=1000 egid=1000 sgid=1000 fsgid=1000 tty=(none) ses=4294967295 comm=4173796E635461736B202333 exe="/system/bin/app_process64" subj=u:r:system_app:s0 key=(null)
09-15 09:40:40.863  3083  3083 W auditd  : type=1327 audit(0.0:166): proctitle="com.android.settings"
09-15 09:40:40.863  3083  3083 W auditd  : type=1320 audit(0.0:166): 
09-15 09:40:40.866  3161  3161 E SELinux : avc:  denied  { find } for service=netd pid=4867 uid=1000 scontext=u:r:system_app:s0 tcontext=u:object_r:netd_service:s0 tclass=service_manager permissive=1
09-15 09:40:40.871  4957  4957 I mali-utility-wo: type=1400 audit(0.0:167): avc: denied { read write } for name="fimg2d" dev="tmpfs" ino=2417 scontext=u:r:system_app:s0 tcontext=u:object_r:fimg2d_video_device:s0 tclass=chr_file permissive=1
09-15 09:40:40.871  4957  4957 I mali-utility-wo: type=1400 audit(0.0:167): avc: denied { open } for path="/dev/fimg2d" dev="tmpfs" ino=2417 scontext=u:r:system_app:s0 tcontext=u:object_r:fimg2d_video_device:s0 tclass=chr_file permissive=1
09-15 09:40:40.871  4957  4957 W mali-utility-wo: type=1300 audit(0.0:167): arch=c00000b7 syscall=56 success=yes exit=72 a0=ffffff9c a1=7f86676703 a2=2 a3=0 items=0 ppid=3175 auid=4294967295 uid=1000 gid=1000 euid=1000 suid=1000 fsuid=1000 egid=1000 sgid=1000 fsgid=1000 tty=(none) ses=4294967295 exe="/system/bin/app_process64" subj=u:r:system_app:s0 key=(null)
09-15 09:40:40.871  3083  3083 W auditd  : type=1327 audit(0.0:167): proctitle="com.android.settings"
09-15 09:40:40.871  3083  3083 W auditd  : type=1320 audit(0.0:167): 
09-15 09:40:40.871  4957  4957 I mali-utility-wo: type=1400 audit(0.0:168): avc: denied { ioctl } for path="/dev/fimg2d" dev="tmpfs" ino=2417 ioctlcmd=4d04 scontext=u:r:system_app:s0 tcontext=u:object_r:fimg2d_video_device:s0 tclass=chr_file permissive=1
