09-16 19:08:48.908  5597  5632 D AlertService: Beginning updateAlertNotification
09-16 19:08:48.942  3584  5389 D ActivityManager: cleanUpApplicationRecord -- 5184
09-16 19:08:48.970  5955  5955 W System  : ClassLoader referenced unknown path: /system/priv-app/Updater/lib/arm64
09-16 22:08:34.835  5233  5233 I droid.deskclock: type=1400 audit(0.0:188): avc: denied { write } for name="com.android.deskclock" dev="sda24" ino=3121237 scontext=u:r:untrusted_app:s0:c512,c768 tcontext=u:object_r:system_data_file:s0 tclass=dir permissive=1
09-16 19:08:49.004  5597  5632 D AlertService: No fired or scheduled alerts
09-16 19:08:49.006  3584  4787 W NativeCrashListener: Couldn't find ProcessRecord for pid 3181
09-16 19:08:49.011  4776  5168 W AudioSystem: AudioPolicyService server died!
09-16 19:08:49.011  3073  3073 W         : debuggerd: resuming target 3181
09-16 19:08:49.011  5404  5421 W AudioSystem: AudioFlinger server died!
09-16 19:08:49.011  4899  4911 E CMAudioService-JNI: AudioSystem::listAudioSessions error -32
09-16 19:08:49.011  4899  4911 E CMAudioService: Error retrieving audio sessions! status=-6
09-16 19:08:49.011  4899  4911 W AudioSystem: AudioPolicyService server died!
09-16 19:08:49.012  3584  3690 I BootReceiver: Copying /data/tombstones/tombstone_00 to DropBox (SYSTEM_TOMBSTONE)
09-16 19:08:49.013  3584  4952 W SoundTrigger: Sound trigger service died!
09-16 19:08:49.013  3584  4952 W AudioSystem: AudioFlinger server died!
09-16 19:08:49.013  3584  4952 W AudioSystem: AudioPolicyService server died!
09-16 19:08:49.013  3158  3158 I ServiceManager: service 'media.sound_trigger_hw' died
09-16 19:08:49.014  3158  3158 I ServiceManager: service 'media.radio' died
09-16 19:08:49.014  3158  3158 I ServiceManager: service 'media.audio_flinger' died
09-16 19:08:49.014  3158  3158 I ServiceManager: service 'media.audio_policy' died
09-16 19:08:49.014  5368  5388 W AudioSystem: AudioFlinger server died!
09-16 19:08:49.014  5368  5388 W AudioSystem: AudioPolicyService server died!
09-16 19:08:49.016  3584  3584 I ServiceManager: Waiting for service media.audio_policy...
09-16 19:08:49.016  3584  4685 E AudioService: Audioserver died.
09-16 19:08:49.095  5328  5904 W MediaProvider: Missing volume for /system; assuming invalid
09-16 19:08:49.103  5328  5904 W MediaProvider: Missing volume for /system/media; assuming invalid
09-16 19:08:49.106  5597  5632 D AlertService: Scheduling next alarm with AlarmScheduler. sEventReminderReceived: null
09-16 19:08:49.108  5368  5368 I ServiceManager: Waiting for service media.audio_policy...
09-16 19:08:49.120  5328  5904 W MediaProvider: Missing volume for /system/media/audio; assuming invalid
09-16 19:08:49.128  5955  5955 D Utils   : Cleaning /data/lineageos_updates
09-16 19:08:49.131  5328  5904 W MediaProvider: Missing volume for /system/media/audio/alarms; assuming invalid
09-16 19:08:49.134  5974  5974 I         : sMaxFastTracks = 8
09-16 19:08:49.134  5974  5974 I audioserver: ServiceManager: 0xf6219440
09-16 19:08:49.136  5974  5974 I AudioFlinger: Using default 3000 mSec as standby time.
09-16 19:08:49.136  5974  5974 I AudioPolicyService: AudioPolicyService CSTOR in new mode
09-16 19:08:49.136  5974  5974 D AudioInfo: MPS_CODE : ARO, get MPS_CODE
09-16 19:08:49.136  5974  5974 W APM_AudioPolicyManager: mkdir failed for AUDIO_TUNING_PATH
09-16 19:08:49.136  5974  5974 D APM::SoundKitchen: SoundKitchen created
09-16 19:08:49.137  5974  5974 I APM::ConfigParsingUtils: loadAudioPolicyConfig() loaded /vendor/etc/audio_policy.conf
09-16 19:08:49.146  5597  5632 D AlarmScheduler: No events found starting within 1 week.
09-16 19:08:49.160  5597  5632 D AlertService: 0 Action = android.intent.action.BOOT_COMPLETED
09-16 19:08:49.173  5597  5632 D AlertService: Scheduling next alarm with AlarmScheduler. sEventReminderReceived: null
09-16 19:08:49.190  3188  4831 E MetadataRetrieverClient: failed to extract an album art
09-16 19:08:49.192  5328  5904 W MediaProvider: Missing volume for /system/media/audio/alarms/Alarm_Beep_01.ogg; assuming invalid
09-16 19:08:49.206  5328  5904 W MediaProvider: Missing volume for /system/media/audio/alarms/Alarm_Beep_02.ogg; assuming invalid
09-16 19:08:49.208  5597  5632 D AlarmScheduler: No events found starting within 1 week.
09-16 19:08:49.218  5328  5904 W MediaProvider: Missing volume for /system/media/audio/alarms/Alarm_Beep_03.ogg; assuming invalid
09-16 19:08:49.229  5328  5904 W MediaProvider: Missing volume for /system/media/audio/alarms/Alarm_Buzzer.ogg; assuming invalid
09-16 19:08:49.239  5328  5904 W MediaProvider: Missing volume for /system/media/audio/alarms/Alarm_Rooster_02.ogg; assuming invalid
09-16 19:08:49.248  5328  5904 W MediaProvider: Missing volume for /system/media/audio/alarms/Argon.ogg; assuming invalid
09-16 19:08:49.257  5328  5904 W MediaProvider: Missing volume for /system/media/audio/alarms/Barium.ogg; assuming invalid
09-16 19:08:49.266  5328  5904 W MediaProvider: Missing volume for /system/media/audio/alarms/Carbon.ogg; assuming invalid
09-16 19:08:49.271  5974  5974 V audio_hw_primary_abox: device-adev_open: enter
09-16 19:08:49.271  5974  5974 V DiamondVoice: + diamondvoice_open
09-16 19:08:49.272  5974  5974 D AudioInfo: can not find AudioDataPath for fileName:/DiamondVoice/
09-16 19:08:49.272  5974  5974 V DiamondVoice: There is no DiamondVoice tuning data in CSC 
09-16 19:08:49.272  5974  5974 V DiamondVoice: - diamondvoice_open
09-16 19:08:49.272  5974  5974 I AudioRil: ### mMultiSim : 0
09-16 19:08:49.273  5974  5974 D audio_hw_primary_abox: device-adev_open: Successed to init Voice Manager!
09-16 19:08:49.283  5328  5904 W MediaProvider: Missing volume for /system/media/audio/alarms/CyanAlarm.ogg; assuming invalid
09-16 19:08:49.298  5955  5955 D UpdatesCheckReceiver: Setting daily updates check: Sun Sep 17 19:09:45 GMT-03:00 2017
09-16 19:08:49.302  5328  5904 W MediaProvider: Missing volume for /system/media/audio/alarms/Hassium.ogg; assuming invalid
09-16 19:08:49.312  5955  5955 D NetworkSecurityConfig: No Network Security Config specified, using platform default
09-16 19:08:49.325  3584  3684 I ActivityManager: Killing 4992:com.android.settings/1000 (adj 906): empty #17
09-16 19:08:49.351  3584  3684 I ActivityManager: Start proc 5986:com.android.cellbroadcastreceiver/u0a8 for broadcast com.android.cellbroadcastreceiver/.CellBroadcastReceiver
09-16 19:08:49.367  4789  4789 I Binder:3584_3: type=1400 audit(0.0:343): avc: denied { write } for path="/data/system_de/0/ringtones/alarm_alert_cache" dev="sda24" ino=1490950 scontext=u:r:priv_app:s0:c512,c768 tcontext=u:object_r:system_data_file:s0 tclass=file permissive=1
09-16 19:08:49.367  4789  4789 W Binder:3584_3: type=1300 audit(0.0:343): arch=c00000b7 syscall=29 success=yes exit=0 a0=9 a1=c0306201 a2=7f8b870fc8 a3=ffffffff items=0 ppid=3179 auid=4294967295 uid=1000 gid=1000 euid=1000 suid=1000 fsuid=1000 egid=1000 sgid=1000 fsgid=1000 tty=(none) ses=4294967295 exe="/system/bin/app_process64" subj=u:r:system_server:s0 key=(null)
09-16 19:08:49.367  3083  3083 W auditd  : type=1327 audit(0.0:343): proctitle="system_server"
09-16 19:08:49.367  3083  3083 W auditd  : type=1320 audit(0.0:343): 
09-16 19:08:49.387  5328  5904 I MediaScanner: forcing rescan of /system/media/audio/alarms/Krypton.ogg since build fingerprint changed
09-16 19:08:49.389  3584  5391 D GraphicsStats: Buffer count: 2
09-16 19:08:49.389  3584  4952 D ActivityManager: cleanUpApplicationRecord -- 4992
09-16 19:08:49.417  5986  5986 W System  : ClassLoader referenced unknown path: /system/priv-app/CellBroadcastReceiver/lib/arm64
09-16 19:08:49.430  5328  5904 I MediaScanner: forcing rescan of /system/media/audio/alarms/Neon.ogg since build fingerprint changed
09-16 19:08:49.460  5328  5904 I MediaScanner: forcing rescan of /system/media/audio/alarms/NuclearLaunch.ogg since build fingerprint changed
09-16 19:08:49.487  5328  5904 I MediaScanner: forcing rescan of /system/media/audio/alarms/Osmium.ogg since build fingerprint changed
09-16 19:08:49.494  5986  5986 D CellBroadcastReceiver: onReceive Intent { act=android.intent.action.SERVICE_STATE flg=0x10 cmp=com.android.cellbroadcastreceiver/.CellBroadcastReceiver (has extras) }
09-16 19:08:49.494  5986  5986 D CellBroadcastReceiver: Intent: android.intent.action.SERVICE_STATE
09-16 19:08:49.498  5986  5986 D CellBroadcastReceiver: Service state changed! 0 Full: 0 0 voice home data home PERSONAL AR TP 72234 PERSONAL AR TP 72234  UMTS HSPAP CSS not supported -1 -1 RoamInd=-1 DefRoamInd=-1 EmergOnly=false IsDataRoamingFromRegistration=false IsUsingCarrierAggregation=false Current state=-1
09-16 19:08:49.500  5986  5986 D CellBroadcastReceiver: Start Cell Broadcast configuration.
09-16 19:08:49.505  5328  5904 I MediaScanner: forcing rescan of /system/media/audio/alarms/Platinum.ogg since build fingerprint changed
09-16 19:08:49.516  4921  4921 D VvmSimChangeReceiver: Carrier config changed
09-16 19:08:49.518  3584  4685 E AudioService: Audioserver started.
09-16 19:08:49.520  5986  6003 D CellBroadcastConfigService: Enable CellBroadcast on sub 1
09-16 19:08:49.522  4921  4921 D VvmSimChangeReceiver: visual voicemail not supported for carrier 72234 on subId 1
09-16 19:08:49.576  4921  5215 D IccSmsInterfaceManager: [IccSmsInterfaceManager] Calling setCdmaBroadcastConfig with 1 configurations
09-16 19:08:49.579  5328  5904 I MediaScanner: forcing rescan of /system/media/audio/alarms/Scandium.ogg since build fingerprint changed
09-16 19:08:49.604  5328  5904 I MediaScanner: forcing rescan of /system/media/audio/alarms/Timer.ogg since build fingerprint changed
09-16 19:08:49.612  4921  5215 D IccSmsInterfaceManager: [IccSmsInterfaceManager] Failed to add cdma broadcast subscription for MID range 4096 to 4096 from client com.android.cellbroadcastreceiver
09-16 19:08:49.632  4921  5207 D IccSmsInterfaceManager: [IccSmsInterfaceManager] Calling setCdmaBroadcastConfig with 1 configurations
09-16 19:08:49.640  4921  6005 D SIP     : [SipPreferences] isReceivingCallsEnabled, option not set; use default value, exception: android.provider.Settings$SettingNotFoundException: sip_receive_calls
09-16 19:08:49.665  5328  5904 I MediaScanner: forcing rescan of /system/media/audio/notifications/Adara.ogg since build fingerprint changed
09-16 19:08:49.686  4921  5207 D IccSmsInterfaceManager: [IccSmsInterfaceManager] Failed to add cdma broadcast subscription for MID range 4097 to 4097 from client com.android.cellbroadcastreceiver
09-16 19:08:49.686  5328  5904 I MediaScanner: forcing rescan of /system/media/audio/notifications/Aldebaran.ogg since build fingerprint changed
09-16 19:08:49.700  4921  4933 D IccSmsInterfaceManager: [IccSmsInterfaceManager] Calling setCdmaBroadcastConfig with 1 configurations
09-16 19:08:49.703  4921  4933 D IccSmsInterfaceManager: [IccSmsInterfaceManager] Failed to add cdma broadcast subscription for MID range 4098 to 4098 from client com.android.cellbroadcastreceiver
09-16 19:08:49.708  5328  5904 I MediaScanner: forcing rescan of /system/media/audio/notifications/Altair.ogg since build fingerprint changed
09-16 19:08:49.711  5974  5974 V audio_route: Control 'VTS VoiceTrigger Value' is to be controled by user
09-16 19:08:49.715  5974  5974 I audio_route: > audio_route_update_mixer : +
09-16 19:08:49.715  5974  5974 I audio_route: > audio_route_update_mixer : changed(0) -
09-16 19:08:49.715  5974  5974 D audio_hw_primary_abox: device-adev_open: Successed to init Route!
09-16 19:08:49.715  5974  5974 D audio_hw_primary_abox: device-adev_open: Opened Audio Primary HW Device
09-16 19:08:49.715  5974  5974 V audio_hw_primary_abox: device-adev_init_check: Audio Primary HW Device is already opened & initialized
09-16 19:08:49.715  5974  5974 D audio_hw_primary_abox: device-adev_get_master_volume: enter
09-16 19:08:49.715  5974  5974 D audio_hw_primary_abox: device-adev_get_master_volume: exit, Not supported Master Volume by AudioHAL
09-16 19:08:49.715  5974  5974 D audio_hw_primary_abox: device-adev_get_master_mute: enter
09-16 19:08:49.715  5974  5974 D audio_hw_primary_abox: device-adev_get_master_mute: exit, Not supported Master Mute by AudioHAL
09-16 19:08:49.715  5974  5974 D audio_hw_primary_abox: device-adev_set_master_volume: enter with volume level(1.000000)
09-16 19:08:49.715  5974  5974 D audio_hw_primary_abox: device-adev_set_master_volume: exit, Not supported Master Volume by AudioHAL
09-16 19:08:49.715  5974  5974 D audio_hw_primary_abox: device-adev_set_master_mute: enter with mute statue(0)
09-16 19:08:49.715  5974  5974 D audio_hw_primary_abox: device-adev_set_master_mute: exit, Not supported Master Mute by AudioHAL
09-16 19:08:49.715  5974  5974 I AudioFlinger: loadHwModule() Loaded primary audio interface from Exynos Primary AudioHAL (audio) handle 10
09-16 19:08:49.715  5974  5974 I AudioFlinger: openOutput(), module 10 Device 2, SamplingRate 48000, Format 0x000001, Channels 3, flags a
09-16 19:08:49.715  5974  5974 D audio_hw_primary_abox: device-adev_open_output_stream: enter: io_handle (13), sample_rate(48000) channel_mask(0x3) devices(0x2) flags(0xa)
09-16 19:08:49.715  5974  5974 D audio_hw_primary_abox: device-adev_open_output_stream: Requested open Primary output
09-16 19:08:49.715  5974  5974 I audio_hw_primary_abox: Check PCM Channel Count: Default(2), Request(2)
09-16 19:08:49.715  5974  5974 I audio_hw_primary_abox: Check PCM Smapling Rate: Default(48000), Request(48000)
09-16 19:08:49.715  5974  5974 I audio_hw_primary_abox: Check PCM Format: Default(0), Request(0)
09-16 19:08:49.715  5974  5974 I audio_hw_primary_abox: primary_out-adev_open_output_stream: Transit to Standby
09-16 19:08:49.715  5974  5974 D audio_hw_primary_abox: primary_out-add_audio_usage: Primary Playback Usage initialized with out_dev(none), in_dev(none), out_mode(normal), in_mode(normal)
09-16 19:08:49.715  5974  5974 V audio_hw_primary_abox: primary_out-add_audio_usage: Added Audio Stream into Audio Usage list!
09-16 19:08:49.715  5974  5974 D audio_hw_primary_abox: device-adev_open_output_stream: Opened primary_out stream
09-16 19:08:49.715  5974  5974 V audio_hw_primary_abox: primary_out-out_get_format: exit with audio format = 0x1
09-16 19:08:49.715  5974  5974 V audio_hw_primary_abox: primary_out-out_get_channels: exit with channel mask = 0x3
09-16 19:08:49.715  5974  5974 V audio_hw_primary_abox: primary_out-out_get_sample_rate: exit with sample rate = 48000
09-16 19:08:49.715  5974  5974 V audio_hw_primary_abox: primary_out-out_get_channels: exit with channel mask = 0x3
09-16 19:08:49.715  5974  5974 V audio_hw_primary_abox: primary_out-out_get_format: exit with audio format = 0x1
09-16 19:08:49.715  5974  5974 V audio_hw_primary_abox: primary_out-out_get_format: exit with audio format = 0x1
09-16 19:08:49.715  5974  5974 V audio_hw_primary_abox: primary_out-out_get_format: exit with audio format = 0x1
09-16 19:08:49.715  5974  5974 V audio_hw_primary_abox: primary_out-out_get_channels: exit with channel mask = 0x3
09-16 19:08:49.715  5974  5974 V audio_hw_primary_abox: primary_out-out_get_buffer_size: Period Size = 960, Frame Size = 4
09-16 19:08:49.715  5974  5974 V audio_hw_primary_abox: primary_out-out_get_format: exit with audio format = 0x1
09-16 19:08:49.715  5974  5974 V audio_hw_primary_abox: primary_out-out_get_channels: exit with channel mask = 0x3
09-16 19:08:49.715  5974  5974 I AudioFlinger: HAL output buffer size 960 frames, normal sink buffer size 960 frames
09-16 19:08:49.717  4921  5215 D IccSmsInterfaceManager: [IccSmsInterfaceManager] Calling setCdmaBroadcastConfig with 1 configurations
09-16 19:08:49.719  5974  5974 W EffectsFactory: loadLibrary() failed to open /system/lib/libmyspaceplus.so
09-16 19:08:49.720  4921  5215 D IccSmsInterfaceManager: [IccSmsInterfaceManager] Failed to add cdma broadcast subscription for MID range 4099 to 4099 from client com.android.cellbroadcastreceiver
09-16 19:08:49.721  5974  5974 W EffectsFactory: loadEffect() could not get library myspaceplus
09-16 19:08:49.721  5974  5974 W EffectsFactory: loadEffect() could not get library myspaceplus
09-16 19:08:49.721  5974  5974 W EffectsFactory: loadEffect() could not get library myspaceplus
09-16 19:08:49.721  5974  5974 I BufferProvider: found effect "Multichannel Downmix To Stereo" from The Android Open Source Project
09-16 19:08:49.721  5974  5974 V audio_hw_primary_abox: primary_out-out_get_format: exit with audio format = 0x1
09-16 19:08:49.721  5974  5974 V audio_hw_primary_abox: primary_out-out_get_channels: exit with channel mask = 0x3
09-16 19:08:49.721  5974  5974 V audio_hw_primary_abox: primary_out-out_get_buffer_size: Period Size = 960, Frame Size = 4
09-16 19:08:49.722  5974  5974 V audio_hw_primary_abox: primary_out-out_get_format: exit with audio format = 0x1
09-16 19:08:49.722  5974  5974 V audio_hw_primary_abox: primary_out-out_get_channels: exit with channel mask = 0x3
09-16 19:08:49.722  5974  5974 V audio_hw_primary_abox: primary_out-out_get_format: exit with audio format = 0x1
09-16 19:08:49.722  5974  5974 V audio_hw_primary_abox: primary_out-out_get_sample_rate: exit with sample rate = 48000
09-16 19:08:49.722  5974  5974 V audio_hw_primary_abox: primary_out-out_get_channels: exit with channel mask = 0x3
09-16 19:08:49.722  5974  5974 I AudioFlinger: Using module 10 has the primary audio interface
09-16 19:08:49.722  5974  5974 D audio_hw_primary_abox: device-adev_set_mode: enter with mode = 0, previous mode = 0
09-16 19:08:49.722  5974  5974 D audio_hw_primary_abox: device-adev_set_mode: exit
09-16 19:08:49.722  5974  6006 I AudioFlinger: AudioFlinger's thread 0xf5a03440 ready to run
09-16 19:08:49.726  5974  6006 D audio_hw_primary_abox: primary_out-out_set_parameters: enter with param = routing=2
09-16 19:08:49.726  5974  6006 D audio_hw_primary_abox: primary_out-out_set_parameters: Requested to change route from 0x2 to 0x2
09-16 19:08:49.726  5974  6006 D audio_hw_primary_abox: primary_out-out_set_parameters: exit
09-16 19:08:49.726  5974  6006 V audio_hw_primary_abox: primary_out-out_standby: enter
09-16 19:08:49.726  5974  6006 V audio_hw_primary_abox: primary_out-out_standby: exit
09-16 19:08:49.728  5974  5979 D audio_hw_primary_abox: device-adev_set_voice_volume: enter with volume level(1.000000)
09-16 19:08:49.728  5974  5979 D audio_hw_primary_abox: device-adev_set_voice_volume: exit
09-16 19:08:49.729  5974  5974 I AudioFlinger: openOutput(), module 10 Device 2, SamplingRate 48000, Format 0x000001, Channels 3, flags 4
09-16 19:08:49.729  5974  5974 D audio_hw_primary_abox: device-adev_open_output_stream: enter: io_handle (21), sample_rate(48000) channel_mask(0x3) devices(0x2) flags(0x4)
09-16 19:08:49.729  5974  5974 D audio_hw_primary_abox: device-adev_open_output_stream: Requested open fast output
09-16 19:08:49.729  5974  5974 I audio_hw_primary_abox: Check PCM Channel Count: Default(2), Request(2)
09-16 19:08:49.729  5974  5974 I audio_hw_primary_abox: Check PCM Smapling Rate: Default(48000), Request(48000)
09-16 19:08:49.729  5974  5974 I audio_hw_primary_abox: Check PCM Format: Default(0), Request(0)
09-16 19:08:49.729  5974  5974 I audio_hw_primary_abox: fast_out-adev_open_output_stream: Transit to Standby
09-16 19:08:49.729  5974  5974 D PostProcessConvertor: PostProcessConvertorInit ++ OSR 192000, ISR 48000, CC 2, OBW 4, IBW 1 
09-16 19:08:49.729  5974  5974 D SoundAliveResampler: [SoundAliveResampler] Init+++
09-16 19:08:49.729  5974  5974 V audio_hw_primary_abox: fast_out-add_audio_usage: Added Audio Stream into Audio Usage list!
09-16 19:08:49.729  5974  5974 D audio_hw_primary_abox: device-adev_open_output_stream: Opened fast_out stream
09-16 19:08:49.729  5974  5974 V audio_hw_primary_abox: fast_out-out_get_format: exit with audio format = 0x1
09-16 19:08:49.729  5974  5974 V audio_hw_primary_abox: fast_out-out_get_channels: exit with channel mask = 0x3
09-16 19:08:49.729  5974  5974 V audio_hw_primary_abox: fast_out-out_get_sample_rate: exit with sample rate = 48000
09-16 19:08:49.729  5974  5974 V audio_hw_primary_abox: fast_out-out_get_channels: exit with channel mask = 0x3
09-16 19:08:49.729  5974  5974 V audio_hw_primary_abox: fast_out-out_get_format: exit with audio format = 0x1
09-16 19:08:49.729  5974  5974 V audio_hw_primary_abox: fast_out-out_get_format: exit with audio format = 0x1
09-16 19:08:49.729  5974  5974 V audio_hw_primary_abox: fast_out-out_get_format: exit with audio format = 0x1
09-16 19:08:49.729  5974  5974 V audio_hw_primary_abox: fast_out-out_get_channels: exit with channel mask = 0x3
09-16 19:08:49.729  5974  5974 V audio_hw_primary_abox: fast_out-out_get_buffer_size: Period Size = 192, Frame Size = 4
09-16 19:08:49.729  5974  5974 V audio_hw_primary_abox: fast_out-out_get_format: exit with audio format = 0x1
09-16 19:08:49.729  5974  5974 V audio_hw_primary_abox: fast_out-out_get_channels: exit with channel mask = 0x3
09-16 19:08:49.729  5974  5974 I AudioFlinger: HAL output buffer size 192 frames, normal sink buffer size 960 frames
09-16 19:08:49.729  5974  5974 V audio_hw_primary_abox: fast_out-out_get_format: exit with audio format = 0x1
09-16 19:08:49.729  5974  5974 V audio_hw_primary_abox: fast_out-out_get_channels: exit with channel mask = 0x3
09-16 19:08:49.729  5974  5974 V audio_hw_primary_abox: fast_out-out_get_buffer_size: Period Size = 192, Frame Size = 4
09-16 19:08:49.729  5974  5974 V audio_hw_primary_abox: fast_out-out_get_format: exit with audio format = 0x1
09-16 19:08:49.729  5974  5974 V audio_hw_primary_abox: fast_out-out_get_channels: exit with channel mask = 0x3
09-16 19:08:49.729  5974  5974 V audio_hw_primary_abox: fast_out-out_get_format: exit with audio format = 0x1
09-16 19:08:49.729  5974  5974 V audio_hw_primary_abox: fast_out-out_get_sample_rate: exit with sample rate = 48000
09-16 19:08:49.729  5974  5974 V audio_hw_primary_abox: fast_out-out_get_channels: exit with channel mask = 0x3
09-16 19:08:49.730  5974  6008 I AudioFlinger: AudioFlinger's thread 0xf5483240 ready to run
09-16 19:08:49.730  5328  5904 I MediaScanner: forcing rescan of /system/media/audio/notifications/Alya.ogg since build fingerprint changed
09-16 19:08:49.732  5974  6006 W AudioFlinger: no wake lock to update, system not ready yet
09-16 19:08:49.732  5974  6008 V audio_hw_primary_abox: fast_out-out_standby: enter
09-16 19:08:49.732  5974  6008 V audio_hw_primary_abox: fast_out-out_standby: exit
09-16 19:08:49.732  5974  6008 D audio_hw_primary_abox: fast_out-out_set_parameters: enter with param = routing=2
09-16 19:08:49.732  5974  6008 D audio_hw_primary_abox: fast_out-out_set_parameters: Requested to change route from 0x2 to 0x2
09-16 19:08:49.732  5974  6008 D audio_hw_primary_abox: fast_out-out_set_parameters: exit
09-16 19:08:49.732  5974  6008 W AudioFlinger: no wake lock to update, system not ready yet
09-16 19:08:49.733  5974  5974 D audio_hw_primary_abox: device-adev_open_input_stream: enter: io_handle (14), sample_rate(48000) channel_mask(0xc) devices(0x80000004) flags(0) source(1)
09-16 19:08:49.733  5974  5974 I audio_hw_primary_abox: device-adev_open_input_stream: requested input samplerate decides audio path of csvt and vowifi, sample_rate = 48000
09-16 19:08:49.733  5974  5974 D audio_hw_primary_abox: device-adev_open_input_stream: Requested open Primary input
09-16 19:08:49.733  5974  5974 I audio_hw_primary_abox: is_voice_wakeup : ret =  0  , wakeup_baby_cry_enabled = 0  ,  wakeup_mic_enabled = 0 
09-16 19:08:49.733  5974  5974 I audio_hw_primary_abox: primary_in-adev_open_input_stream: Transit to Standby
09-16 19:08:49.733  5974  5974 V audio_hw_primary_abox: primary_in-add_audio_usage: Added Audio Stream into Audio Usage list!
09-16 19:08:49.733  5974  5974 D audio_hw_primary_abox: adev_open_input_stream: preprocessing_latency = 0
09-16 19:08:49.733  5974  5974 I audio_hw_primary_abox: adev_open_input_stream: input is null, set new input stream
09-16 19:08:49.733  5974  5974 D audio_hw_primary_abox: device-adev_open_input_stream: Opened primary_in stream
09-16 19:08:49.734  5974  6009 I AudioFlinger: AudioFlinger's thread 0xf51836c0 ready to run
09-16 19:08:49.734  5974  5974 D audio_hw_primary_abox: device-adev_close_input_stream: enter with Audio Usage(primary_in)
09-16 19:08:49.734  5974  5974 V audio_hw_primary_abox: stop_voice_note_recording
09-16 19:08:49.734  5974  5974 D audio_hw_primary_abox: primary_in-in_standby: enter
09-16 19:08:49.734  5974  5974 D audio_hw_primary_abox: primary_in-in_standby: exit
09-16 19:08:49.734  5974  5974 V audio_hw_primary_abox: primary_in-remove_audio_usage: Removed Audio Usage from Audio Usage list!
09-16 19:08:49.734  5974  5974 E audio_hw_primary_abox: adev_close_input_stream, set jack_in to null
09-16 19:08:49.734  5974  5974 D audio_hw_primary_abox: device-adev_close_input_stream: Closed primary_in stream
09-16 19:08:49.734  5974  5974 I bt_a2dp_hw: adev_open:  adev_open in A2dp_hw module
09-16 19:08:49.734  5974  5974 I AudioFlinger: loadHwModule() Loaded a2dp audio interface from A2DP Audio HW HAL (audio) handle 18
09-16 19:08:49.735  4921  5207 D IccSmsInterfaceManager: [IccSmsInterfaceManager] Failed to remove cdma broadcast subscription for MID range 4100 to 4100 from client com.android.cellbroadcastreceiver
09-16 19:08:49.735  5974  5974 I r_submix: adev_open(name=audio_hw_if)
09-16 19:08:49.735  5974  5974 I r_submix: adev_init_check()
09-16 19:08:49.735  5974  5974 I AudioFlinger: loadHwModule() Loaded r_submix audio interface from Wifi Display audio HAL (audio) handle 26
09-16 19:08:49.735  5974  5974 D r_submix: adev_open_input_stream(addr=0)
09-16 19:08:49.735  5974  5974 D r_submix: submix_audio_device_create_pipe_l(addr=0, idx=9)
09-16 19:08:49.735  5974  5974 D r_submix:   now using address 0 for route 9
09-16 19:08:49.735  5974  6010 I AudioFlinger: AudioFlinger's thread 0xf5103240 ready to run
09-16 19:08:49.735  5974  5974 D r_submix: adev_close_input_stream()
09-16 19:08:49.735  5974  5974 D r_submix: submix_audio_device_release_pipe_l(idx=9) addr=0
09-16 19:08:49.735  5974  5974 D r_submix: submix_audio_device_destroy_pipe_l(): pipe destroyed
09-16 19:08:49.735  5974  5979 D audio_hw_primary_abox: device-adev_set_parameters: enter with key(support_output_device=3)
09-16 19:08:49.735  5974  5979 I audio_hw_primary_abox: support output @audio_hw 3
09-16 19:08:49.736  5974  5979 I audio_hw_primary_abox: support reciever @audio_hw
09-16 19:08:49.736  5974  5979 D audio_hw_primary_abox: device-adev_set_parameters: exit
09-16 19:08:49.736  5974  5979 D audio_hw_primary_abox: device-adev_set_parameters: enter with key(support_input_device=-2145386044)
09-16 19:08:49.736  5974  5979 I audio_hw_primary_abox: support input @audio_hw -2145386044
09-16 19:08:49.736  5974  5979 I audio_hw_primary_abox: support backmic @audio_hw
09-16 19:08:49.736  5974  5979 I audio_hw_primary_abox: support thirdmic @audio_hw
09-16 19:08:49.736  5974  5979 D audio_hw_primary_abox: device-adev_set_parameters: exit
09-16 19:08:49.736  5974  5974 W VolumeCustomizer: createVolumeTable device=0
09-16 19:08:49.736  5974  5974 D AudioInfo: can not find AudioDataPath for fileName:/Volume.data
09-16 19:08:49.736  5974  5974 D VolumeCustomizer: volume tuning file does NOT exist!!! use default VolumeTable
09-16 19:08:49.736  5974  5974 W VolumeCustomizer: createVolumeTable device=1
09-16 19:08:49.736  5974  5974 D VolumeCustomizer: volume tuning file does NOT exist!!! use default VolumeTable
09-16 19:08:49.736  5974  5974 W VolumeCustomizer: createVolumeTable device=2
09-16 19:08:49.736  5974  5974 D VolumeCustomizer: volume tuning file does NOT exist!!! use default VolumeTable
09-16 19:08:49.736  5974  5974 W VolumeCustomizer: createVolumeTable device=3
09-16 19:08:49.736  5974  5974 D VolumeCustomizer: volume tuning file does NOT exist!!! use default VolumeTable
09-16 19:08:49.736  5974  5974 W VolumeCustomizer: createVolumeTable device=4
09-16 19:08:49.736  5974  5974 D VolumeCustomizer: volume tuning file does NOT exist!!! use default VolumeTable
09-16 19:08:49.736  5974  5974 W VolumeCustomizer: createVolumeTable device=5
09-16 19:08:49.736  5974  5974 D VolumeCustomizer: volume tuning file does NOT exist!!! use default VolumeTable
09-16 19:08:49.736  5974  5974 W VolumeCustomizer: createVolumeTable device=6
09-16 19:08:49.736  5974  5974 D VolumeCustomizer: volume tuning file does NOT exist!!! use default VolumeTable
09-16 19:08:49.736  5974  5979 D audio_hw_primary_abox: device-adev_set_parameters: enter with key(FixedRingVol=0.0354813375;FixedRingVolBt=0.0999999940)
09-16 19:08:49.736  5974  5979 D audio_hw_primary_abox: device-adev_set_parameters: exit
09-16 19:08:49.737  5974  5974 I APM_AudioPolicyManager: ENFORCED_AUDIBLE cannot be muted
09-16 19:08:49.737  5974  5979 D audio_hw_primary_abox: device-adev_set_parameters: enter with key(mCameraForced)
09-16 19:08:49.737  5974  5979 D audio_hw_primary_abox: device-adev_set_parameters: exit
09-16 19:08:49.737  5974  5974 I APM_AudioPolicyManager: Set the flinger 'ro.camera.sound.forced
09-16 19:08:49.737  5974  5974 I RadioService: RadioService
09-16 19:08:49.737  5974  5974 I RadioService: onFirstRef
09-16 19:08:49.737  5974  5974 E RadioService: couldn't load radio module radio.primary (No such file or directory)
09-16 19:08:49.738  5974  5974 E SoundTriggerHwService: couldn't load sound trigger module sound_trigger.primary (No such file or directory)
09-16 19:08:49.740  5974  5974 D PermissionCache: checking android.permission.MODIFY_AUDIO_SETTINGS for uid=1000 => granted (797 us)
09-16 19:08:49.740  5974  5974 D audio_hw_primary_abox: device-adev_set_parameters: enter with key(restarting=true)
09-16 19:08:49.740  5974  5974 D audio_hw_primary_abox: device-adev_set_parameters: exit
09-16 19:08:49.750  5328  5904 I MediaScanner: forcing rescan of /system/media/audio/notifications/Antares.ogg since build fingerprint changed
09-16 19:08:49.753  4921  4933 D IccSmsInterfaceManager: [IccSmsInterfaceManager] Calling setGsmBroadcastConfig with 1 configurations
09-16 19:08:49.760  4921  4933 D IccSmsInterfaceManager: [IccSmsInterfaceManager] Added GSM cell broadcast subscription for MID range 4352 to 4354 from client com.android.cellbroadcastreceiver
09-16 19:08:49.761  4921  4933 D IccSmsInterfaceManager: [IccSmsInterfaceManager] Calling setCellBroadcastActivation(true)
09-16 19:08:49.771  5328  5904 I MediaScanner: forcing rescan of /system/media/audio/notifications/Antimony.ogg since build fingerprint changed
09-16 19:08:49.777  4921  5215 D IccSmsInterfaceManager: [IccSmsInterfaceManager] Calling setGsmBroadcastConfig with 2 configurations
09-16 19:08:49.785  4921  5215 D IccSmsInterfaceManager: [IccSmsInterfaceManager] Added GSM cell broadcast subscription for MID range 4356 to 4356 from client com.android.cellbroadcastreceiver
09-16 19:08:49.785  4921  5215 D IccSmsInterfaceManager: [IccSmsInterfaceManager] Calling setCellBroadcastActivation(true)
09-16 19:08:49.790  5328  5904 I MediaScanner: forcing rescan of /system/media/audio/notifications/Arcturus.ogg since build fingerprint changed
09-16 19:08:49.804  4921  5207 D IccSmsInterfaceManager: [IccSmsInterfaceManager] Failed to remove GSM cell broadcast subscription for MID range 4355 to 4355 from client com.android.cellbroadcastreceiver
09-16 19:08:49.806  5328  5904 W MediaScanner: forcing rescan of /system/media/audio/notifications/Argon.oggsince ringtone setting didn't finish
09-16 19:08:49.820  4921  4933 D IccSmsInterfaceManager: [IccSmsInterfaceManager] Calling setGsmBroadcastConfig with 3 configurations
09-16 19:08:49.823  5328  5904 W MediaProvider: Missing volume for /system/media/audio/notifications; assuming invalid
09-16 19:08:49.828  4921  4933 D IccSmsInterfaceManager: [IccSmsInterfaceManager] Added GSM cell broadcast subscription for MID range 4370 to 4370 from client com.android.cellbroadcastreceiver
09-16 19:08:49.828  4921  4933 D IccSmsInterfaceManager: [IccSmsInterfaceManager] Calling setCellBroadcastActivation(true)
09-16 19:08:49.843  5328  5904 W MediaProvider: Missing volume for /system/media/audio/alarms/Krypton.ogg; assuming invalid
09-16 19:08:49.844  4921  5215 D IccSmsInterfaceManager: [IccSmsInterfaceManager] Calling setGsmBroadcastConfig with 4 configurations
09-16 19:08:49.851  5328  5904 W MediaProvider: Missing volume for /system/media/audio/alarms/Neon.ogg; assuming invalid
09-16 19:08:49.852  4921  5215 D IccSmsInterfaceManager: [IccSmsInterfaceManager] Added GSM cell broadcast subscription for MID range 4371 to 4372 from client com.android.cellbroadcastreceiver
09-16 19:08:49.852  4921  5215 D IccSmsInterfaceManager: [IccSmsInterfaceManager] Calling setCellBroadcastActivation(true)
09-16 19:08:49.860  5328  5904 W MediaProvider: Missing volume for /system/media/audio/alarms/NuclearLaunch.ogg; assuming invalid
09-16 19:08:49.867  4921  5207 D IccSmsInterfaceManager: [IccSmsInterfaceManager] Calling setGsmBroadcastConfig with 4 configurations
09-16 19:08:49.869  5328  5904 W MediaProvider: Missing volume for /system/media/audio/alarms/Osmium.ogg; assuming invalid
09-16 19:08:49.876  4921  5207 D IccSmsInterfaceManager: [IccSmsInterfaceManager] Added GSM cell broadcast subscription for MID range 4373 to 4378 from client com.android.cellbroadcastreceiver
09-16 19:08:49.876  4921  5207 D IccSmsInterfaceManager: [IccSmsInterfaceManager] Calling setCellBroadcastActivation(true)
09-16 19:08:49.878  5328  5904 W MediaProvider: Missing volume for /system/media/audio/alarms/Platinum.ogg; assuming invalid
09-16 19:08:49.888  5328  5904 W MediaProvider: Missing volume for /system/media/audio/alarms/Scandium.ogg; assuming invalid
09-16 19:08:49.892  4921  4933 D IccSmsInterfaceManager: [IccSmsInterfaceManager] Calling setGsmBroadcastConfig with 4 configurations
09-16 19:08:49.897  5328  5904 W MediaProvider: Missing volume for /system/media/audio/alarms/Timer.ogg; assuming invalid
09-16 19:08:49.899  4921  4933 D IccSmsInterfaceManager: [IccSmsInterfaceManager] Added GSM cell broadcast subscription for MID range 4379 to 4379 from client com.android.cellbroadcastreceiver
09-16 19:08:49.899  4921  4933 D IccSmsInterfaceManager: [IccSmsInterfaceManager] Calling setCellBroadcastActivation(true)
09-16 19:08:49.916  3188  3188 E MetadataRetrieverClient: failed to extract an album art
09-16 19:08:49.918  4921  5215 D IccSmsInterfaceManager: [IccSmsInterfaceManager] Failed to remove GSM cell broadcast subscription for MID range 4380 to 4382 from client com.android.cellbroadcastreceiver
09-16 19:08:49.918  5328  5904 W MediaProvider: Missing volume for /system/media/audio/notifications/Adara.ogg; assuming invalid
09-16 19:08:49.932  4921  5207 D IccSmsInterfaceManager: [IccSmsInterfaceManager] Calling setGsmBroadcastConfig with 4 configurations
09-16 19:08:49.935  5328  5904 W MediaProvider: Missing volume for /system/media/audio/notifications/Aldebaran.ogg; assuming invalid
09-16 19:08:49.940  4921  5207 D IccSmsInterfaceManager: [IccSmsInterfaceManager] Added GSM cell broadcast subscription for MID range 4383 to 4383 from client com.android.cellbroadcastreceiver
09-16 19:08:49.940  4921  5207 D IccSmsInterfaceManager: [IccSmsInterfaceManager] Calling setCellBroadcastActivation(true)
09-16 19:08:49.950  5328  5904 W MediaProvider: Missing volume for /system/media/audio/notifications/Altair.ogg; assuming invalid
09-16 19:08:49.958  5328  5904 W MediaProvider: Missing volume for /system/media/audio/notifications/Alya.ogg; assuming invalid
09-16 19:08:49.961  4921  4933 D IccSmsInterfaceManager: [IccSmsInterfaceManager] Calling setGsmBroadcastConfig with 5 configurations
09-16 19:08:49.967  5328  5904 W MediaProvider: Missing volume for /system/media/audio/notifications/Antares.ogg; assuming invalid
09-16 19:08:49.969  4921  4933 D IccSmsInterfaceManager: [IccSmsInterfaceManager] Added GSM cell broadcast subscription for MID range 4384 to 4385 from client com.android.cellbroadcastreceiver
09-16 19:08:49.969  4921  4933 D IccSmsInterfaceManager: [IccSmsInterfaceManager] Calling setCellBroadcastActivation(true)
09-16 19:08:49.975  5328  5904 W MediaProvider: Missing volume for /system/media/audio/notifications/Antimony.ogg; assuming invalid
09-16 19:08:49.985  4921  5215 D IccSmsInterfaceManager: [IccSmsInterfaceManager] Calling setGsmBroadcastConfig with 5 configurations
09-16 19:08:49.990  5328  5904 W MediaProvider: Missing volume for /system/media/audio/notifications/Arcturus.ogg; assuming invalid
09-16 19:08:49.992  4921  5215 D IccSmsInterfaceManager: [IccSmsInterfaceManager] Added GSM cell broadcast subscription for MID range 4386 to 4391 from client com.android.cellbroadcastreceiver
09-16 19:08:49.992  4921  5215 D IccSmsInterfaceManager: [IccSmsInterfaceManager] Calling setCellBroadcastActivation(true)
09-16 19:08:50.006  5328  5904 W MediaProvider: Missing volume for /system/media/audio/notifications/Argon.ogg; assuming invalid
09-16 19:08:50.008  4921  5207 D IccSmsInterfaceManager: [IccSmsInterfaceManager] Calling setGsmBroadcastConfig with 5 configurations
09-16 19:08:50.017  5974  6011 D audio_hw_primary_abox: device-adev_set_mode: enter with mode = 0, previous mode = 0
09-16 19:08:50.017  5974  6011 D audio_hw_primary_abox: device-adev_set_mode: exit
09-16 19:08:50.017  5974  6011 I APM_AudioPolicyManager: setPhoneState() state 0
09-16 19:08:50.017  5974  6011 W APM::AudioPolicyEngine: setPhoneState() setting same state 0
09-16 19:08:50.017  5974  6011 W APM_AudioPolicyManager: setPhoneState() invalid or same state 0
09-16 19:08:50.017  5974  6012 I APM_AudioPolicyManager: setForceUse() usage 0, config 0, mPhoneState 0
09-16 19:08:50.017  5974  6012 W APM_AudioPolicyManager: setForceUse() usage 0, config 0 is Already setted
09-16 19:08:50.018  5974  6012 I APM_AudioPolicyManager: setForceUse() usage 2, config 0, mPhoneState 0
09-16 19:08:50.018  5974  6012 W APM_AudioPolicyManager: setForceUse() usage 2, config 0 is Already setted
09-16 19:08:50.018  5974  6012 I APM_AudioPolicyManager: setForceUse() usage 4, config 0, mPhoneState 0
09-16 19:08:50.018  5974  6012 W APM_AudioPolicyManager: setForceUse() usage 4, config 0 is Already setted
09-16 19:08:50.018  4921  5207 D IccSmsInterfaceManager: [IccSmsInterfaceManager] Added GSM cell broadcast subscription for MID range 4392 to 4392 from client com.android.cellbroadcastreceiver
09-16 19:08:50.019  4921  5207 D IccSmsInterfaceManager: [IccSmsInterfaceManager] Calling setCellBroadcastActivation(true)
09-16 19:08:50.022  3584  3584 E AudioManager: updatePortConfig port not found for handle: 0
09-16 19:08:50.022  3584  3584 E AudioManager: updatePortConfig port not found for handle: 0
09-16 19:08:50.023  3584  3584 E AudioManager: updatePortConfig port not found for handle: -7495631
09-16 19:08:50.023  3584  3584 E AudioManager: updatePortConfig port not found for handle: -165673616
09-16 19:08:50.023  3584  3584 E AudioManager: updatePortConfig port not found for handle: -173015040
09-16 19:08:50.023  3584  3584 E AudioManager: updatePortConfig port not found for handle: -160789584
09-16 19:08:50.024  3584  3584 E AudioManager: updatePortConfig port not found for handle: 778530668
09-16 19:08:50.024  3584  3584 E AudioManager: updatePortConfig port not found for handle: -152724910
09-16 19:08:50.024  3584  3584 E AudioManager: updatePortConfig port not found for handle: 874538356
09-16 19:08:50.024  3584  3584 E AudioManager: updatePortConfig port not found for handle: -254941815
09-16 19:08:50.024  3584  3584 E AudioManager: updatePortConfig port not found for handle: -7495113
09-16 19:08:50.024  5974  6012 I APM_AudioPolicyManager: setForceUse() usage 1, config 10, mPhoneState 0
09-16 19:08:50.024  3584  3584 E AudioManager: updatePortConfig port not found for handle: -254941815
09-16 19:08:50.025  3584  3584 E AudioManager: updatePortConfig port not found for handle: 0
09-16 19:08:50.025  5974  6011 I APM_AudioPolicyManager: setForceUse() usage 3, config 8, mPhoneState 0
09-16 19:08:50.025  3584  3584 E AudioManager: updatePortConfig port not found for handle: 0
09-16 19:08:50.025  3584  3584 E AudioManager: updatePortConfig port not found for handle: 0
09-16 19:08:50.025  5974  6012 I AudioFlinger: systemReady
09-16 19:08:50.026  5974  6012 D audio_hw_primary_abox: device-adev_set_parameters: enter with key(restarting=false)
09-16 19:08:50.026  5974  6012 D audio_hw_primary_abox: device-adev_set_parameters: exit
09-16 19:08:50.026  5974  6012 I APM_AudioPolicyManager: setForceUse() usage 6, config 0, mPhoneState 0
09-16 19:08:50.026  5974  6012 W APM_AudioPolicyManager: setForceUse() usage 6, config 0 is Already setted
09-16 19:08:50.031  5233  5233 I AlarmClock: Detected change to system default alarm ringtone; clearing caches
09-16 19:08:50.044  4921  4933 D IccSmsInterfaceManager: [IccSmsInterfaceManager] Failed to remove GSM cell broadcast subscription for MID range 4393 to 4395 from client com.android.cellbroadcastreceiver
09-16 19:08:50.057  4921  5215 D IccSmsInterfaceManager: [IccSmsInterfaceManager] Calling setGsmBroadcastConfig with 5 configurations
09-16 19:08:50.066  5328  5904 I MediaScanner: forcing rescan of /system/media/audio/notifications/Ariel.ogg since build fingerprint changed
09-16 19:08:50.067  4921  5215 D IccSmsInterfaceManager: [IccSmsInterfaceManager] Added GSM cell broadcast subscription for MID range 50 to 50 from client com.android.cellbroadcastreceiver
09-16 19:08:50.067  4921  5215 D IccSmsInterfaceManager: [IccSmsInterfaceManager] Calling setCellBroadcastActivation(true)
09-16 19:08:50.084  4921  5207 D IccSmsInterfaceManager: [IccSmsInterfaceManager] Calling setGsmBroadcastConfig with 6 configurations
09-16 19:08:50.091  5328  5904 I MediaScanner: forcing rescan of /system/media/audio/notifications/Beat_Box_Android.ogg since build fingerprint changed
09-16 19:08:50.094  4921  5207 D IccSmsInterfaceManager: [IccSmsInterfaceManager] Added GSM cell broadcast subscription for MID range 60 to 60 from client com.android.cellbroadcastreceiver
09-16 19:08:50.094  4921  5207 D IccSmsInterfaceManager: [IccSmsInterfaceManager] Calling setCellBroadcastActivation(true)
09-16 19:08:50.104  5986  6003 D CellBroadcastOtherChannelsManager: No additional channels configured. subId = 1
09-16 19:08:50.110  5328  5904 I MediaScanner: forcing rescan of /system/media/audio/notifications/Bellatrix.ogg since build fingerprint changed
09-16 19:08:50.114  5368  5368 E AudioManager: updatePortConfig port not found for handle: 0
09-16 19:08:50.115  5368  5368 E AudioManager: updatePortConfig port not found for handle: 0
09-16 19:08:50.115  5368  5368 E AudioManager: updatePortConfig port not found for handle: -7495631
09-16 19:08:50.115  5368  5368 E AudioManager: updatePortConfig port not found for handle: -165673616
09-16 19:08:50.115  5368  5368 E AudioManager: updatePortConfig port not found for handle: -173015040
09-16 19:08:50.116  5368  5368 E AudioManager: updatePortConfig port not found for handle: -160789584
09-16 19:08:50.116  5368  5368 E AudioManager: updatePortConfig port not found for handle: 778530668
09-16 19:08:50.116  5368  5368 E AudioManager: updatePortConfig port not found for handle: -152724910
09-16 19:08:50.116  5368  5368 E AudioManager: updatePortConfig port not found for handle: 874538356
09-16 19:08:50.116  5368  5368 E AudioManager: updatePortConfig port not found for handle: -254941815
09-16 19:08:50.116  3584  4790 I ActivityManager: Killing 5713:com.android.dialer/u0a16 (adj 906): empty #17
09-16 19:08:50.117  5368  5368 E AudioManager: updatePortConfig port not found for handle: -7495113
09-16 19:08:50.117  5368  5368 E AudioManager: updatePortConfig port not found for handle: -254941815
09-16 19:08:50.117  5368  5368 E AudioManager: updatePortConfig port not found for handle: 202116108
09-16 19:08:50.117  5368  5368 E AudioManager: updatePortConfig port not found for handle: 202116108
09-16 19:08:50.117  5368  5368 E AudioManager: updatePortConfig port not found for handle: 202116108
09-16 19:08:50.144  5328  5904 I MediaScanner: forcing rescan of /system/media/audio/notifications/Beryllium.ogg since build fingerprint changed
09-16 19:08:50.149  3584  4789 D ActivityManager: cleanUpApplicationRecord -- 5713
09-16 19:08:50.160  5328  5904 I MediaScanner: forcing rescan of /system/media/audio/notifications/Betelgeuse.ogg since build fingerprint changed
09-16 19:08:50.173  5328  5904 I MediaScanner: forcing rescan of /system/media/audio/notifications/CaffeineSnake.ogg since build fingerprint changed
09-16 19:08:50.186  5328  5904 I MediaScanner: forcing rescan of /system/media/audio/notifications/Canopus.ogg since build fingerprint changed
09-16 19:08:50.197  5328  5904 I MediaScanner: forcing rescan of /system/media/audio/notifications/Capella.ogg since build fingerprint changed
09-16 19:08:50.210  5328  5904 I MediaScanner: forcing rescan of /system/media/audio/notifications/Carme.ogg since build fingerprint changed
09-16 19:08:50.225  5328  5904 I MediaScanner: forcing rescan of /system/media/audio/notifications/Castor.ogg since build fingerprint changed
09-16 19:08:50.244  5328  5904 I MediaScanner: forcing rescan of /system/media/audio/notifications/Ceres.ogg since build fingerprint changed
09-16 19:08:50.267  5328  5904 I MediaScanner: forcing rescan of /system/media/audio/notifications/CetiAlpha.ogg since build fingerprint changed
09-16 19:08:50.285  5328  5904 I MediaScanner: forcing rescan of /system/media/audio/notifications/Cobalt.ogg since build fingerprint changed
09-16 19:08:50.304  5328  5904 I MediaScanner: forcing rescan of /system/media/audio/notifications/Cricket.ogg since build fingerprint changed
09-16 19:08:50.321  5328  5904 I MediaScanner: forcing rescan of /system/media/audio/notifications/CyanDoink.ogg since build fingerprint changed
09-16 19:08:50.338  5328  5904 I MediaScanner: forcing rescan of /system/media/audio/notifications/CyanMail.ogg since build fingerprint changed
09-16 19:08:50.395  5328  5904 I MediaScanner: forcing rescan of /system/media/audio/notifications/CyanMessage.ogg since build fingerprint changed
09-16 19:08:50.412  5691  5700 E StrictMode: A resource was acquired at attached stack trace but never released. See java.io.Closeable for information on avoiding resource leaks.
09-16 19:08:50.412  5691  5700 E StrictMode: java.lang.Throwable: Explicit termination method 'close' not called
09-16 19:08:50.412  5691  5700 E StrictMode: 	at dalvik.system.CloseGuard.open(CloseGuard.java:180)
09-16 19:08:50.412  5691  5700 E StrictMode: 	at java.io.FileOutputStream.<init>(FileOutputStream.java:222)
09-16 19:08:50.412  5691  5700 E StrictMode: 	at java.io.FileOutputStream.<init>(FileOutputStream.java:169)
09-16 19:08:50.412  5691  5700 E StrictMode: 	at org.cyanogenmod.cmparts.contributors.ContributorsCloudFragment.extractContributorsCloudDatabase(ContributorsCloudFragment.java:786)
09-16 19:08:50.412  5691  5700 E StrictMode: 	at org.cyanogenmod.cmparts.BootReceiver.onReceive(BootReceiver.java:45)
09-16 19:08:50.412  5691  5700 E StrictMode: 	at android.app.ActivityThread.handleReceiver(ActivityThread.java:3065)
09-16 19:08:50.412  5691  5700 E StrictMode: 	at android.app.ActivityThread.-wrap18(ActivityThread.java)
09-16 19:08:50.412  5691  5700 E StrictMode: 	at android.app.ActivityThread$H.handleMessage(ActivityThread.java:1580)
09-16 19:08:50.412  5691  5700 E StrictMode: 	at android.os.Handler.dispatchMessage(Handler.java:102)
09-16 19:08:50.412  5691  5700 E StrictMode: 	at android.os.Looper.loop(Looper.java:154)
09-16 19:08:50.412  5691  5700 E StrictMode: 	at android.app.ActivityThread.main(ActivityThread.java:6186)
09-16 19:08:50.412  5691  5700 E StrictMode: 	at java.lang.reflect.Method.invoke(Native Method)
09-16 19:08:50.412  5691  5700 E StrictMode: 	at com.android.internal.os.ZygoteInit$MethodAndArgsCaller.run(ZygoteInit.java:889)
09-16 19:08:50.412  5691  5700 E StrictMode: 	at com.android.internal.os.ZygoteInit.main(ZygoteInit.java:779)
09-16 19:08:50.445  5328  5904 I MediaScanner: forcing rescan of /system/media/audio/notifications/DearDeer.ogg since build fingerprint changed
09-16 19:08:50.458  5328  5904 I MediaScanner: forcing rescan of /system/media/audio/notifications/Deneb.ogg since build fingerprint changed
09-16 19:08:50.470  5328  5904 I MediaScanner: forcing rescan of /system/media/audio/notifications/Doink.ogg since build fingerprint changed
09-16 19:08:50.483  5328  5904 I MediaScanner: forcing rescan of /system/media/audio/notifications/DontPanic.ogg since build fingerprint changed
09-16 19:08:50.497  5328  5904 I MediaScanner: forcing rescan of /system/media/audio/notifications/Drip.ogg since build fingerprint changed
09-16 19:08:50.501  5328  5333 I art     : Do partial code cache collection, code=61KB, data=51KB
09-16 19:08:50.501  5328  5333 I art     : After code cache collection, code=61KB, data=51KB
09-16 19:08:50.501  5328  5333 I art     : Increasing code cache capacity to 256KB
09-16 19:08:50.511  5328  5904 I MediaScanner: forcing rescan of /system/media/audio/notifications/Elara.ogg since build fingerprint changed
09-16 19:08:50.528  5328  5904 I MediaScanner: forcing rescan of /system/media/audio/notifications/Electra.ogg since build fingerprint changed
09-16 19:08:50.543  5328  5904 I MediaScanner: forcing rescan of /system/media/audio/notifications/Europa.ogg since build fingerprint changed
09-16 19:08:50.567  5328  5904 I MediaScanner: forcing rescan of /system/media/audio/notifications/F1_New_SMS.ogg since build fingerprint changed
09-16 19:08:50.587  5328  5904 I MediaScanner: forcing rescan of /system/media/audio/notifications/Fluorine.ogg since build fingerprint changed
09-16 19:08:50.616  5328  5904 I MediaScanner: forcing rescan of /system/media/audio/notifications/Fomalhaut.ogg since build fingerprint changed
09-16 19:08:50.648  5328  5904 I MediaScanner: forcing rescan of /system/media/audio/notifications/Gallium.ogg since build fingerprint changed
