09-04 16:27:06.429  3825  3825 E audio_route: Control 'HP Switch' doesn't exist - skipping
09-04 16:27:06.429  3825  3825 E audio_route: Control 'ISRC2DEC1 Input' doesn't exist - skipping
09-04 16:27:06.429  3825  3825 E audio_route: Control 'ISRC2DEC2 Input' doesn't exist - skipping
09-04 16:27:06.429  3825  3825 E audio_route: Control 'DSP4 Rate' doesn't exist - skipping
09-04 16:27:06.429  3825  3825 E audio_route: Control 'ASRC1IN2L Input' doesn't exist - skipping
09-04 16:27:06.429  3825  3825 E audio_route: Control 'DSP4 Firmware' doesn't exist - skipping
09-04 16:27:06.429  3825  3825 E audio_route: Control 'DSP4 Aux 1' doesn't exist - skipping
09-04 16:27:06.429  3825  3825 E audio_route: Control 'DSP4 Aux 2' doesn't exist - skipping
09-04 16:27:06.429  3825  3825 E audio_route: Control 'DSP4 Aux 3' doesn't exist - skipping
09-04 16:27:06.429  3825  3825 E audio_route: Control 'ISRC2INT1 Input' doesn't exist - skipping
09-04 16:27:06.429  3825  3825 E audio_route: Control 'RCV Switch' doesn't exist - skipping
09-04 16:27:06.429  3825  3825 E audio_route: Control 'DSP4 Rate' doesn't exist - skipping
09-04 16:27:06.429  3825  3825 E audio_route: Control 'DSP5 Rate' doesn't exist - skipping
09-04 16:27:06.429  3825  3825 E audio_route: Control 'ASRC1IN2L Input' doesn't exist - skipping
09-04 16:27:06.429  3825  3825 E audio_route: Control 'DSP4 Firmware' doesn't exist - skipping
09-04 16:27:06.429  3825  3825 E audio_route: Control 'DSP4 Aux 1' doesn't exist - skipping
09-04 16:27:06.429  3825  3825 E audio_route: Control 'DSP4 Aux 2' doesn't exist - skipping
09-04 16:27:06.429  3825  3825 E audio_route: Control 'DSP4 Aux 3' doesn't exist - skipping
09-04 16:27:06.429  3825  3825 E audio_route: Control 'ISRC2INT1 Input' doesn't exist - skipping
09-04 16:27:06.430  3825  3825 E audio_route: Control 'ASRC2IN1L Input' doesn't exist - skipping
09-04 16:27:06.430  3825  3825 E audio_route: Control 'ASRC2IN1R Input' doesn't exist - skipping
09-04 16:27:06.430  3825  3825 E audio_route: Control 'DSP5L Input 1' doesn't exist - skipping
09-04 16:27:06.430  3825  3825 E audio_route: Control 'DSP5L Input 2' doesn't exist - skipping
09-04 16:27:06.430  3825  3825 E audio_route: Control 'AIF4TX1 Input 1' doesn't exist - skipping
09-04 16:27:06.430  3825  3825 E audio_route: Control 'AIF4TX2 Input 1' doesn't exist - skipping
09-04 16:27:06.430  3825  3825 E audio_route: Control 'DSP5 Aux 2' doesn't exist - skipping
09-04 16:27:06.430  3825  3825 E audio_route: Control 'DSP5 Aux 3' doesn't exist - skipping
09-04 16:27:06.430  3825  3825 E audio_route: Control 'VI SENSING Switch' doesn't exist - skipping
09-04 16:27:06.430  3825  3825 E audio_route: Control 'SPK Switch' doesn't exist - skipping
09-04 16:27:06.430  3825  3825 E audio_route: Control 'DSP4 Rate' doesn't exist - skipping
09-04 16:27:06.430  3825  3825 E audio_route: Control 'ASRC1IN2L Input' doesn't exist - skipping
09-04 16:27:06.430  3825  3825 E audio_route: Control 'DSP4 Firmware' doesn't exist - skipping
09-04 16:27:06.430  3825  3825 E audio_route: Control 'DSP4 Aux 1' doesn't exist - skipping
09-04 16:27:06.430  3825  3825 E audio_route: Control 'DSP4 Aux 2' doesn't exist - skipping
09-04 16:27:06.430  3825  3825 E audio_route: Control 'ISRC2INT1 Input' doesn't exist - skipping
09-04 16:27:06.430  3825  3825 E audio_route: Control 'HP Switch' doesn't exist - skipping
09-04 16:27:06.430  3825  3825 E audio_route: Control 'ISRC2DEC1 Input' doesn't exist - skipping
09-04 16:27:06.430  3825  3825 E audio_route: Control 'ISRC2DEC2 Input' doesn't exist - skipping
09-04 16:27:06.430  3825  3825 E audio_route: Control 'ISRC2DEC3 Input' doesn't exist - skipping
09-04 16:27:06.430  3825  3825 E audio_route: Control 'ISRC2DEC4 Input' doesn't exist - skipping
09-04 16:27:06.430  3825  3825 E audio_route: Control 'ASRC1IN2L Input' doesn't exist - skipping
09-04 16:27:06.430  3825  3825 E audio_route: Control 'ASRC1IN2R Input' doesn't exist - skipping
09-04 16:27:06.430  3825  3825 E audio_route: Control 'DSP4 Rate' doesn't exist - skipping
09-04 16:27:06.430  3825  3825 E audio_route: Control 'ASRC1IN2L Input' doesn't exist - skipping
09-04 16:27:06.430  3825  3825 E audio_route: Control 'DSP4 Firmware' doesn't exist - skipping
09-04 16:27:06.430  3825  3825 E audio_route: Control 'DSP4 Aux 1' doesn't exist - skipping
09-04 16:27:06.430  3825  3825 E audio_route: Control 'DSP4 Aux 2' doesn't exist - skipping
09-04 16:27:06.430  3825  3825 E audio_route: Control 'DSP4 Aux 3' doesn't exist - skipping
09-04 16:27:06.430  3825  3825 E audio_route: Control 'ISRC2INT1 Input' doesn't exist - skipping
09-04 16:27:06.430  3825  3825 E audio_route: Control 'RCV Switch' doesn't exist - skipping
09-04 16:27:06.431  3825  3825 E audio_route: Control 'DSP4 Rate' doesn't exist - skipping
09-04 16:27:06.431  3825  3825 E audio_route: Control 'DSP5 Rate' doesn't exist - skipping
09-04 16:27:06.431  3825  3825 E audio_route: Control 'ASRC1IN2L Input' doesn't exist - skipping
09-04 16:27:06.431  3825  3825 E audio_route: Control 'DSP4 Firmware' doesn't exist - skipping
09-04 16:27:06.431  3825  3825 E audio_route: Control 'DSP4 Aux 1' doesn't exist - skipping
09-04 16:27:06.431  3825  3825 E audio_route: Control 'DSP4 Aux 2' doesn't exist - skipping
09-04 16:27:06.431  3825  3825 E audio_route: Control 'DSP4 Aux 3' doesn't exist - skipping
09-04 16:27:06.431  3825  3825 E audio_route: Control 'ISRC2INT1 Input' doesn't exist - skipping
09-04 16:27:06.431  3825  3825 E audio_route: Control 'ASRC2IN1L Input' doesn't exist - skipping
09-04 16:27:06.431  3825  3825 E audio_route: Control 'ASRC2IN1R Input' doesn't exist - skipping
09-04 16:27:06.431  3825  3825 E audio_route: Control 'DSP5L Input 1' doesn't exist - skipping
09-04 16:27:06.431  3825  3825 E audio_route: Control 'DSP5L Input 2' doesn't exist - skipping
09-04 16:27:06.431  3825  3825 E audio_route: Control 'AIF4TX1 Input 1' doesn't exist - skipping
09-04 16:27:06.431  3825  3825 E audio_route: Control 'AIF4TX2 Input 1' doesn't exist - skipping
09-04 16:27:06.431  3825  3825 E audio_route: Control 'DSP5 Aux 2' doesn't exist - skipping
09-04 16:27:06.431  3825  3825 E audio_route: Control 'DSP5 Aux 3' doesn't exist - skipping
09-04 16:27:06.431  3825  3825 E audio_route: Control 'VI SENSING Switch' doesn't exist - skipping
09-04 16:27:06.431  3825  3825 E audio_route: Control 'SPK Switch' doesn't exist - skipping
09-04 16:27:06.431  3825  3825 E audio_route: Control 'ISRC2DEC1 Input' doesn't exist - skipping
09-04 16:27:06.431  3825  3825 E audio_route: Control 'ISRC2DEC2 Input' doesn't exist - skipping
09-04 16:27:06.431  3825  3825 E audio_route: Control 'ISRC2DEC3 Input' doesn't exist - skipping
09-04 16:27:06.431  3825  3825 E audio_route: Control 'ISRC2DEC4 Input' doesn't exist - skipping
09-04 16:27:06.431  3825  3825 E audio_route: Control 'ASRC1IN2L Input' doesn't exist - skipping
09-04 16:27:06.431  3825  3825 E audio_route: Control 'ASRC1IN2R Input' doesn't exist - skipping
09-04 16:27:06.431  3825  3825 E audio_route: Control 'Main Mic Switch' doesn't exist - skipping
09-04 16:27:06.431  3825  3825 E audio_route: Control 'Sub Mic Switch' doesn't exist - skipping
09-04 16:27:06.431  3825  3825 E audio_route: Control 'ISRC2INT1 Input' doesn't exist - skipping
09-04 16:27:06.431  3825  3825 E audio_route: Control 'ISRC2INT2 Input' doesn't exist - skipping
09-04 16:27:06.431  3825  3825 E audio_route: Control 'Headset Mic Switch' doesn't exist - skipping
09-04 16:27:06.431  3825  3825 E audio_route: Control 'Main Mic Switch' doesn't exist - skipping
09-04 16:27:06.431  3825  3825 E audio_route: Control 'Sub Mic Switch' doesn't exist - skipping
09-04 16:27:06.431  3825  3825 E audio_route: Control 'ISRC3 FSL' doesn't exist - skipping
09-04 16:27:06.431  3825  3825 E audio_route: Control 'ISRC3 FSH' doesn't exist - skipping
09-04 16:27:06.431  3825  3825 E audio_route: Control 'ISRC1DEC1 Input' doesn't exist - skipping
09-04 16:27:06.432  3825  3825 E audio_route: Control 'ISRC1DEC2 Input' doesn't exist - skipping
09-04 16:27:06.432  3825  3825 E audio_route: Control 'ISRC2DEC1 Input' doesn't exist - skipping
09-04 16:27:06.432  3825  3825 E audio_route: Control 'ISRC2DEC2 Input' doesn't exist - skipping
09-04 16:27:06.432  3825  3825 E audio_route: Control 'ISRC1DEC4 Input' doesn't exist - skipping
09-04 16:27:06.432  3825  3825 E audio_route: Control 'DSP2 Firmware' doesn't exist - skipping
09-04 16:27:06.432  3825  3825 E audio_route: Control 'DSP3 Firmware' doesn't exist - skipping
09-04 16:27:06.432  3825  3825 E audio_route: Control 'DSP2 Virtual Input' doesn't exist - skipping
09-04 16:27:06.432  3825  3825 E audio_route: Control 'DSP3 Virtual Input' doesn't exist - skipping
09-04 16:27:06.432  3825  3825 E audio_route: Control 'DSP3L Input 1' doesn't exist - skipping
09-04 16:27:06.432  3825  3825 E audio_route: Control 'DSP3R Input 1' doesn't exist - skipping
09-04 16:27:06.432  3825  3825 E audio_route: Control 'DSP3 Aux 1' doesn't exist - skipping
09-04 16:27:06.432  3825  3825 E audio_route: Control 'ISRC3INT1 Input' doesn't exist - skipping
09-04 16:27:06.432  3825  3825 E audio_route: Control 'ASRC1IN1L Input' doesn't exist - skipping
09-04 16:27:06.432  3825  3825 E audio_route: Control 'ASRC1IN1R Input' doesn't exist - skipping
09-04 16:27:06.432  3825  3825 E audio_route: Control 'ISRC1INT1 Input' doesn't exist - skipping
09-04 16:27:06.432  3825  3825 E audio_route: Control 'Headset Mic Switch' doesn't exist - skipping
09-04 16:27:06.432  3825  3825 E audio_route: Control 'Main Mic Switch' doesn't exist - skipping
09-04 16:27:06.432  3825  3825 E audio_route: Control 'Sub Mic Switch' doesn't exist - skipping
09-04 16:27:06.432  3825  3825 E audio_route: Control 'ISRC3 FSL' doesn't exist - skipping
09-04 16:27:06.432  3825  3825 E audio_route: Control 'ISRC3 FSH' doesn't exist - skipping
09-04 16:27:06.432  3825  3825 E audio_route: Control 'ISRC1DEC1 Input' doesn't exist - skipping
09-04 16:27:06.432  3825  3825 E audio_route: Control 'ISRC1DEC2 Input' doesn't exist - skipping
09-04 16:27:06.432  3825  3825 E audio_route: Control 'ISRC2DEC1 Input' doesn't exist - skipping
09-04 16:27:06.432  3825  3825 E audio_route: Control 'ISRC2DEC2 Input' doesn't exist - skipping
09-04 16:27:06.432  3825  3825 E audio_route: Control 'ISRC1DEC4 Input' doesn't exist - skipping
09-04 16:27:06.432  3825  3825 E audio_route: Control 'ASRC2IN2L Input' doesn't exist - skipping
09-04 16:27:06.432  3825  3825 E audio_route: Control 'DSP2 Firmware' doesn't exist - skipping
09-04 16:27:06.432  3825  3825 E audio_route: Control 'DSP3 Firmware' doesn't exist - skipping
09-04 16:27:06.432  3825  3825 E audio_route: Control 'DSP2 Virtual Input' doesn't exist - skipping
09-04 16:27:06.432  3825  3825 E audio_route: Control 'DSP3 Virtual Input' doesn't exist - skipping
09-04 16:27:06.432  3825  3825 E audio_route: Control 'DSP3L Input 1' doesn't exist - skipping
09-04 16:27:06.432  3825  3825 E audio_route: Control 'DSP3R Input 1' doesn't exist - skipping
09-04 16:27:06.432  3825  3825 E audio_route: Control 'DSP3 Aux 1' doesn't exist - skipping
09-04 16:27:06.432  3825  3825 E audio_route: Control 'ISRC3INT1 Input' doesn't exist - skipping
09-04 16:27:06.433  3825  3825 E audio_route: Control 'ASRC1IN1L Input' doesn't exist - skipping
09-04 16:27:06.433  3825  3825 E audio_route: Control 'ASRC1IN1R Input' doesn't exist - skipping
09-04 16:27:06.433  3825  3825 E audio_route: Control 'ISRC1INT1 Input' doesn't exist - skipping
09-04 16:27:06.433  3825  3825 E audio_route: Control 'Headset Mic Switch' doesn't exist - skipping
09-04 16:27:06.433  3825  3825 E audio_route: Control 'ISRC2DEC1 Input' doesn't exist - skipping
09-04 16:27:06.433  3825  3825 E audio_route: Control 'ASRC1IN1L Input' doesn't exist - skipping
09-04 16:27:06.433  3825  3825 E audio_route: Control 'Main Mic Switch' doesn't exist - skipping
09-04 16:27:06.433  3825  3825 E audio_route: Control 'ISRC2DEC1 Input' doesn't exist - skipping
09-04 16:27:06.433  3825  3825 E audio_route: Control 'ASRC1IN1L Input' doesn't exist - skipping
09-04 16:27:06.433  3825  3825 E audio_route: Control 'ISRC2INT1 Input' doesn't exist - skipping
09-04 16:27:06.433  3825  3825 E audio_route: Control 'ISRC2INT2 Input' doesn't exist - skipping
09-04 16:27:06.433  3825  3825 E audio_route: Control 'ASRC1IN1L Input' doesn't exist - skipping
09-04 16:27:06.433  3825  3825 E audio_route: Control 'ASRC1IN1R Input' doesn't exist - skipping
09-04 16:27:06.433  3825  3825 E audio_route: Control 'Headset Mic Switch' doesn't exist - skipping
09-04 16:27:06.433  3825  3825 E audio_route: Control 'Main Mic Switch' doesn't exist - skipping
09-04 16:27:06.433  3825  3825 E audio_route: Control 'Sub Mic Switch' doesn't exist - skipping
09-04 16:27:06.433  3825  3825 E audio_route: Control 'ISRC2DEC1 Input' doesn't exist - skipping
09-04 16:27:06.433  3825  3825 E audio_route: Control 'ISRC2DEC2 Input' doesn't exist - skipping
09-04 16:27:06.433  3825  3825 E audio_route: Control 'ISRC2DEC4 Input' doesn't exist - skipping
09-04 16:27:06.433  3825  3825 E audio_route: Control 'DSP2 Firmware' doesn't exist - skipping
09-04 16:27:06.433  3825  3825 E audio_route: Control 'DSP3 Firmware' doesn't exist - skipping
09-04 16:27:06.433  3825  3825 E audio_route: Control 'DSP2 Virtual Input' doesn't exist - skipping
09-04 16:27:06.433  3825  3825 E audio_route: Control 'DSP3 Virtual Input' doesn't exist - skipping
09-04 16:27:06.433  3825  3825 E audio_route: Control 'DSP3L Input 1' doesn't exist - skipping
09-04 16:27:06.433  3825  3825 E audio_route: Control 'DSP3R Input 1' doesn't exist - skipping
09-04 16:27:06.433  3825  3825 E audio_route: Control 'DSP3 Aux 1' doesn't exist - skipping
09-04 16:27:06.433  3825  3825 E audio_route: Control 'ASRC1IN1L Input' doesn't exist - skipping
09-04 16:27:06.433  3825  3825 E audio_route: Control 'ASRC1IN1R Input' doesn't exist - skipping
09-04 16:27:06.433  3825  3825 E audio_route: Control 'ISRC2INT2 Input' doesn't exist - skipping
09-04 16:27:06.434  3825  3825 E audio_route: Control 'Headset Mic Switch' doesn't exist - skipping
09-04 16:27:06.434  3825  3825 E audio_route: Control 'Main Mic Switch' doesn't exist - skipping
09-04 16:27:06.434  3825  3825 E audio_route: Control 'Sub Mic Switch' doesn't exist - skipping
09-04 16:27:06.434  3825  3825 E audio_route: Control 'ISRC2DEC1 Input' doesn't exist - skipping
09-04 16:27:06.434  3825  3825 E audio_route: Control 'ISRC2DEC2 Input' doesn't exist - skipping
09-04 16:27:06.434  3825  3825 E audio_route: Control 'ISRC2DEC4 Input' doesn't exist - skipping
09-04 16:27:06.434  3825  3825 E audio_route: Control 'ASRC2IN2L Input' doesn't exist - skipping
09-04 16:27:06.434  3825  3825 E audio_route: Control 'DSP2 Firmware' doesn't exist - skipping
09-04 16:27:06.434  3825  3825 E audio_route: Control 'DSP3 Firmware' doesn't exist - skipping
09-04 16:27:06.434  3825  3825 E audio_route: Control 'DSP2 Virtual Input' doesn't exist - skipping
09-04 16:27:06.434  3825  3825 E audio_route: Control 'DSP3 Virtual Input' doesn't exist - skipping
09-04 16:27:06.434  3825  3825 E audio_route: Control 'DSP3L Input 1' doesn't exist - skipping
09-04 16:27:06.434  3825  3825 E audio_route: Control 'DSP3R Input 1' doesn't exist - skipping
09-04 16:27:06.434  3825  3825 E audio_route: Control 'DSP3 Aux 1' doesn't exist - skipping
09-04 16:27:06.434  3825  3825 E audio_route: Control 'ASRC1IN1L Input' doesn't exist - skipping
09-04 16:27:06.434  3825  3825 E audio_route: Control 'ASRC1IN1R Input' doesn't exist - skipping
09-04 16:27:06.434  3825  3825 E audio_route: Control 'ISRC2INT2 Input' doesn't exist - skipping
09-04 16:27:06.434  3825  3825 E audio_route: Control 'ISRC2INT1 Input' doesn't exist - skipping
09-04 16:27:06.434  3825  3825 E audio_route: Control 'ISRC2INT2 Input' doesn't exist - skipping
09-04 16:27:06.434  3825  3825 E audio_route: Control 'ASRC1IN1L Input' doesn't exist - skipping
09-04 16:27:06.434  3825  3825 E audio_route: Control 'ASRC1IN1R Input' doesn't exist - skipping
09-04 16:27:06.434  3825  3825 E audio_route: Control 'AIF4TX1 Input 1 Volume' doesn't exist - skipping
09-04 16:27:06.434  3825  3825 E audio_route: Control 'AIF4TX2 Input 1 Volume' doesn't exist - skipping
09-04 16:27:06.434  3825  3825 E audio_route: Control 'HPOUT1L Impedance Volume' doesn't exist - skipping
09-04 16:27:06.434  3825  3825 E audio_route: Control 'HPOUT1R Impedance Volume' doesn't exist - skipping
09-04 16:27:06.434  3825  3825 E audio_route: Control 'HPOUT1L Impedance Volume' doesn't exist - skipping
09-04 16:27:06.434  3825  3825 E audio_route: Control 'HPOUT1R Impedance Volume' doesn't exist - skipping
09-04 16:27:06.434  3825  3825 E audio_route: Control 'DSP4 XM f010:0' doesn't exist - skipping
09-04 16:27:06.434  3825  3825 E audio_route: Control 'DSP4 XM f010:1' doesn't exist - skipping
09-04 16:27:06.434  3825  3825 E audio_route: Control 'DSP4 XM f010:0' doesn't exist - skipping
09-04 16:27:06.435  3825  3825 E audio_route: Control 'DSP4 XM f010:1' doesn't exist - skipping
09-04 16:27:06.435  3825  3825 E audio_route: Control 'HPOUT1L Impedance Volume' doesn't exist - skipping
09-04 16:27:06.435  3825  3825 E audio_route: Control 'HPOUT1R Impedance Volume' doesn't exist - skipping
09-04 16:27:06.435  3825  3825 E audio_route: Control 'DSP4 XM f010:0' doesn't exist - skipping
09-04 16:27:06.435  3825  3825 E audio_route: Control 'DSP4 XM f010:1' doesn't exist - skipping
09-04 16:27:06.435  3825  3825 E audio_route: Control 'HPOUT1L Impedance Volume' doesn't exist - skipping
09-04 16:27:06.435  3825  3825 E audio_route: Control 'HPOUT1R Impedance Volume' doesn't exist - skipping
09-04 16:27:06.435  3825  3825 E audio_route: Control 'DSP4 XM f010:0' doesn't exist - skipping
09-04 16:27:06.435  3825  3825 E audio_route: Control 'DSP4 XM f010:1' doesn't exist - skipping
09-04 16:27:06.435  3825  3825 E audio_route: Control 'DSP4 XM f010:0' doesn't exist - skipping
09-04 16:27:06.435  3825  3825 E audio_route: Control 'DSP4 XM f010:1' doesn't exist - skipping
09-04 16:27:06.435  3825  3825 E audio_route: Control 'DSP4 XM f010:0' doesn't exist - skipping
09-04 16:27:06.435  3825  3825 E audio_route: Control 'DSP4 XM f010:1' doesn't exist - skipping
09-04 16:27:06.435  3825  3825 E audio_route: Control 'HPOUT1L Impedance Volume' doesn't exist - skipping
09-04 16:27:06.435  3825  3825 E audio_route: Control 'HPOUT1R Impedance Volume' doesn't exist - skipping
09-04 16:27:06.435  3825  3825 E audio_route: Control 'DSP4 XM f010:0' doesn't exist - skipping
09-04 16:27:06.435  3825  3825 E audio_route: Control 'DSP4 XM f010:1' doesn't exist - skipping
09-04 16:27:06.435  3825  3825 E audio_route: Control 'HPOUT1L Impedance Volume' doesn't exist - skipping
09-04 16:27:06.435  3825  3825 E audio_route: Control 'HPOUT1R Impedance Volume' doesn't exist - skipping
09-04 16:27:06.435  3825  3825 E audio_route: Control 'DSP4 XM f010:0' doesn't exist - skipping
09-04 16:27:06.435  3825  3825 E audio_route: Control 'DSP4 XM f010:1' doesn't exist - skipping
09-04 16:27:06.435  3825  3825 E audio_route: Control 'DSP3 XM f007:0' doesn't exist - skipping
09-04 16:27:06.435  3825  3825 E audio_route: Control 'DSP3 XM f007:1' doesn't exist - skipping
09-04 16:27:06.435  3825  3825 E audio_route: Control 'DSP3 XM f007:0' doesn't exist - skipping
09-04 16:27:06.436  3825  3825 E audio_route: Control 'DSP3 XM f007:1' doesn't exist - skipping
09-04 16:27:06.436  3825  3825 E audio_route: Control 'DSP3 XM f007:0' doesn't exist - skipping
09-04 16:27:06.436  3825  3825 E audio_route: Control 'DSP3 XM f007:1' doesn't exist - skipping
09-04 16:27:06.436  3825  3825 E audio_route: Control 'DSP3 XM f007:0' doesn't exist - skipping
09-04 16:27:06.436  3825  3825 E audio_route: Control 'DSP3 XM f007:1' doesn't exist - skipping
09-04 16:27:06.436  3825  3825 E audio_route: Control 'Headset Mic Switch' doesn't exist - skipping
09-04 16:27:06.436  3825  3825 E audio_route: Control 'Headset Mic Switch' doesn't exist - skipping
09-04 16:27:06.436  3825  3825 V audio_hw_voice: voice_session_init: Forcing voice config: wide
09-04 16:27:06.436  3825  3825 I AudioFlinger: loadHwModule() Loaded primary audio interface from Samsung Audio HAL (audio) handle 10
09-04 16:27:06.436  3825  3825 I AudioFlinger: openOutput(), module 10 Device 2, SamplingRate 48000, Format 0x000001, Channels 3, flags a
09-04 16:27:06.436  3825  3825 I AudioFlinger: HAL output buffer size 480 frames, normal sink buffer size 960 frames
09-04 16:27:06.438  3825  3825 W EffectsFactory: loadLibrary() failed to open /system/vendor/lib/soundfx/libswdap.so
09-04 16:27:06.438  3825  3825 W EffectsFactory: loadLibrary() failed to open /system/vendor/lib/soundfx/libhwdap.so
09-04 16:27:06.438  3825  3825 W EffectsFactory: loadEffect() could not get library proxy
09-04 16:27:06.438  3825  3825 I BufferProvider: found effect "Multichannel Downmix To Stereo" from The Android Open Source Project
09-04 16:27:06.438  3825  3825 I AudioFlinger: Using module 10 has the primary audio interface
09-04 16:27:06.438  3825  3935 I AudioFlinger: AudioFlinger's thread 0xf5d038c0 ready to run
09-04 16:27:06.438  3825  3935 W BatteryNotifier: batterystats service unavailable!
09-04 16:27:06.439  3825  3935 W BatteryNotifier: batterystats service unavailable!
09-04 16:27:06.439  3825  3935 W BatteryNotifier: batterystats service unavailable!
09-04 16:27:06.439  3825  3935 W AudioFlinger: no wake lock to update, system not ready yet
09-04 16:27:06.439  3825  3825 I AudioFlinger: openOutput(), module 10 Device 2, SamplingRate 48000, Format 0x000001, Channels 3, flags 4
09-04 16:27:06.440  3825  3825 I AudioFlinger: HAL output buffer size 256 frames, normal sink buffer size 768 frames
09-04 16:27:06.440  3825  3937 I AudioFlinger: AudioFlinger's thread 0xf5903e80 ready to run
09-04 16:27:06.440  3825  3937 W BatteryNotifier: batterystats service unavailable!
09-04 16:27:06.440  3825  3937 W BatteryNotifier: batterystats service unavailable!
09-04 16:27:06.440  3825  3937 W BatteryNotifier: batterystats service unavailable!
09-04 16:27:06.441  3825  3937 W AudioFlinger: no wake lock to update, system not ready yet
09-04 16:27:06.441  3825  3939 I AudioFlinger: AudioFlinger's thread 0xf5603180 ready to run
09-04 16:27:06.442  3825  3825 I bt_a2dp_hw: adev_open:  adev_open in A2dp_hw module
09-04 16:27:06.442  3825  3825 I AudioFlinger: loadHwModule() Loaded a2dp audio interface from A2DP Audio HW HAL (audio) handle 18
09-04 16:27:06.442  3825  3825 I AudioFlinger: loadHwModule() Loaded usb audio interface from USB audio HW HAL (audio) handle 26
09-04 16:27:06.443  3825  3825 I r_submix: adev_open(name=audio_hw_if)
09-04 16:27:06.443  3825  3825 I r_submix: adev_init_check()
09-04 16:27:06.443  3825  3825 I AudioFlinger: loadHwModule() Loaded r_submix audio interface from Wifi Display audio HAL (audio) handle 34
09-04 16:27:06.443  3825  3825 D r_submix: adev_open_input_stream(addr=0)
09-04 16:27:06.443  3825  3825 D r_submix: submix_audio_device_create_pipe_l(addr=0, idx=9)
09-04 16:27:06.443  3825  3825 D r_submix:   now using address 0 for route 9
09-04 16:27:06.443  3825  3940 I AudioFlinger: AudioFlinger's thread 0xf5583600 ready to run
09-04 16:27:06.443  3825  3825 D r_submix: adev_close_input_stream()
09-04 16:27:06.443  3825  3825 D r_submix: submix_audio_device_release_pipe_l(idx=9) addr=0
09-04 16:27:06.443  3825  3825 D r_submix: submix_audio_device_destroy_pipe_l(): pipe destroyed
09-04 16:27:06.444  3825  3825 I RadioService: RadioService
09-04 16:27:06.444  3825  3825 I RadioService: onFirstRef
09-04 16:27:06.444  3825  3825 E RadioService: couldn't load radio module radio.primary (No such file or directory)
09-04 16:27:06.444  3825  3825 E SoundTriggerHwService: couldn't load sound trigger module sound_trigger.primary (No such file or directory)
09-04 16:27:06.464  3824  3824 I Zygote  : Preloading classes...
09-04 16:27:06.470  3824  3824 W Zygote  : Class not found for preloading: [Landroid.view.Display$ColorTransform;
09-04 16:27:06.594  3160  3160 D wrapperGPS: wrapperConnect_RILD
09-04 16:27:06.791  3827  3827 V NatController: runCmd(/system/bin/iptables -w -F natctrl_FORWARD) res=0
09-04 16:27:06.795  3824  3824 E Typeface: Error mapping font file /system/fonts/DroidSansFallback.ttf
09-04 16:27:06.796  3827  3827 V NatController: runCmd(/system/bin/ip6tables -w -F natctrl_FORWARD) res=0
09-04 16:27:06.801  3827  3827 V NatController: runCmd(/system/bin/iptables -w -A natctrl_FORWARD -j DROP) res=0
09-04 16:27:06.805  3827  3827 V NatController: runCmd(/system/bin/iptables -w -t nat -F natctrl_nat_POSTROUTING) res=0
09-04 16:27:06.810  3827  3827 V NatController: runCmd(/system/bin/ip6tables -w -t raw -F natctrl_raw_PREROUTING) res=0
09-04 16:27:06.815  3827  3827 V NatController: runCmd(/system/bin/iptables -w -F natctrl_tether_counters) res=0
09-04 16:27:06.819  3827  3827 V NatController: runCmd(/system/bin/ip6tables -w -F natctrl_tether_counters) res=0
09-04 16:27:06.824  3827  3827 V NatController: runCmd(/system/bin/iptables -w -X natctrl_tether_counters) res=0
09-04 16:27:06.829  3827  3827 V NatController: runCmd(/system/bin/ip6tables -w -X natctrl_tether_counters) res=0
09-04 16:27:06.834  3827  3827 V NatController: runCmd(/system/bin/iptables -w -N natctrl_tether_counters) res=0
09-04 16:27:06.839  3827  3827 V NatController: runCmd(/system/bin/ip6tables -w -N natctrl_tether_counters) res=0
09-04 16:27:06.844  3827  3827 V NatController: runCmd(/system/bin/iptables -w -t mangle -A natctrl_mangle_FORWARD -p tcp --tcp-flags SYN SYN -j TCPMSS --clamp-mss-to-pmtu) res=0
09-04 16:27:06.905  3827  3827 E Netd    : cannot find interface dummy0
09-04 16:27:06.905  3827  3827 D MDnsDS  : MDnsSdListener::Hander starting up
09-04 16:27:06.905  3827  4056 D MDnsDS  : MDnsSdListener starting to monitor
09-04 16:27:06.905  3827  4056 D MDnsDS  : Going to poll with pollCount 1
09-04 16:27:06.970  3815  3815 I ServiceManager: Waiting for service SurfaceFlinger...
09-04 16:27:07.542  3824  3824 I art     : Thread[1,tid=3824,Native,Thread*=0x7f94695a00,peer=0x12c420d0,"main"] recursive attempt to load library "/system/lib64/libmedia_jni.so"
09-04 16:27:07.542  3824  3824 D MtpDeviceJNI: register_android_mtp_MtpDevice
09-04 16:27:07.543  3824  3824 I art     : Thread[1,tid=3824,Native,Thread*=0x7f94695a00,peer=0x12c420d0,"main"] recursive attempt to load library "/system/lib64/libmedia_jni.so"
09-04 16:27:07.543  3824  3824 I art     : Thread[1,tid=3824,Native,Thread*=0x7f94695a00,peer=0x12c420d0,"main"] recursive attempt to load library "/system/lib64/libmedia_jni.so"
09-04 16:27:07.568  3824  3824 E FFMPEGSoftCodec: Failed to load FFMPEG plugin: (null)
09-04 16:27:07.594  3160  3160 D wrapperGPS: wrapperConnect_RILD
09-04 16:27:07.856  3824  3824 W Zygote  : Class not found for preloading: android.view.Display$ColorTransform
09-04 16:27:07.856  3824  3824 W Zygote  : Class not found for preloading: android.view.Display$ColorTransform$1
09-04 16:27:07.955  4090  4090 I SurfaceFlinger: SurfaceFlinger is starting
09-04 16:27:07.955  4090  4090 I SurfaceFlinger: SurfaceFlinger's main thread ready to run. Initializing graphics H/W...
09-04 16:27:07.976  4090  4090 D libEGL  : loaded /vendor/lib64/egl/libGLES_mali.so
09-04 16:27:08.000  4090  4090 I gralloc : using (id=)
09-04 16:27:08.000  4090  4090 I gralloc : xres         = 1440 px
09-04 16:27:08.000  4090  4090 I gralloc : yres         = 2960 px
09-04 16:27:08.000  4090  4090 I gralloc : width        = 70 mm (522.514282 dpi)
09-04 16:27:08.000  4090  4090 I gralloc : height       = 143 mm (525.762268 dpi)
09-04 16:27:08.000  4090  4090 I gralloc : refresh rate = 60.00 Hz
09-04 16:27:08.006  4090  4090 W hwcomposer: invalid refresh rate, assuming 60 Hz
09-04 16:27:08.006  4090  4090 D hwcomposer: using
09-04 16:27:08.006  4090  4090 D hwcomposer: xres         = 1440 px
09-04 16:27:08.006  4090  4090 D hwcomposer: yres         = 2960 px
09-04 16:27:08.006  4090  4090 D hwcomposer: width        = 70 mm (522.514000 dpi)
09-04 16:27:08.006  4090  4090 D hwcomposer: height       = 143 mm (525.762000 dpi)
09-04 16:27:08.006  4090  4090 D hwcomposer: refresh rate = 60 Hz
09-04 16:27:08.007  4090  4090 I hwcomposer: Failed to open vsync attribute at /sys/devices/platform12860000.decon_f/vsync
09-04 16:27:08.007  4090  4090 I hwcomposer: Retrying with /sys/devices/platform12860000.decon_f/vsync
09-04 16:27:08.007  4090  4090 E hwcomposer: failed to open vsync attribute
09-04 16:27:08.007  4090  4090 E SurfaceFlinger: composer device failed to initialize (Operation not permitted)
09-04 16:27:08.007  4090  4090 I SurfaceFlinger: EGL information:
09-04 16:27:08.007  4090  4090 I SurfaceFlinger: vendor    : Android
09-04 16:27:08.007  4090  4090 I SurfaceFlinger: version   : 1.4 Android META-EGL
09-04 16:27:08.007  4090  4090 I SurfaceFlinger: extensions: EGL_KHR_get_all_proc_addresses EGL_ANDROID_presentation_time EGL_KHR_swap_buffers_with_damage EGL_ANDROID_create_native_client_buffer EGL_ANDROID_front_buffer_auto_refresh EGL_KHR_image EGL_KHR_image_base EGL_KHR_gl_texture_2D_image EGL_KHR_gl_texture_cubemap_image EGL_KHR_gl_renderbuffer_image EGL_KHR_fence_sync EGL_KHR_create_context EGL_KHR_config_attribs EGL_KHR_surfaceless_context EGL_EXT_create_context_robustness EGL_ANDROID_image_native_buffer EGL_KHR_wait_sync EGL_ANDROID_recordable EGL_KHR_partial_update EGL_KHR_mutable_render_buffer EGL_EXT_protected_content 
09-04 16:27:08.007  4090  4090 I SurfaceFlinger: Client API: OpenGL_ES
09-04 16:27:08.007  4090  4090 I SurfaceFlinger: EGLSurface: 8-8-8-8, config=0x7fad26a138
09-04 16:27:08.010  4090  4090 I SurfaceFlinger: OpenGL ES informations:
09-04 16:27:08.010  4090  4090 I SurfaceFlinger: vendor    : ARM
09-04 16:27:08.010  4090  4090 I SurfaceFlinger: renderer  : Mali-G71
09-04 16:27:08.010  4090  4090 I SurfaceFlinger: version   : OpenGL ES 3.2 v1.r3p0-00rel0.52a2c5ce14e045eb8b9074c171442f91
09-04 16:27:08.010  4090  4090 I SurfaceFlinger: extensions: GL_EXT_debug_marker GL_ARM_rgba8 GL_ARM_mali_shader_binary GL_OES_depth24 GL_OES_depth_texture GL_OES_depth_texture_cube_map GL_OES_packed_depth_stencil GL_OES_rgb8_rgba8 GL_EXT_read_format_bgra GL_OES_compressed_paletted_texture GL_OES_compressed_ETC1_RGB8_texture GL_OES_standard_derivatives GL_OES_EGL_image GL_OES_EGL_image_external GL_OES_EGL_image_external_essl3 GL_OES_EGL_sync GL_OES_texture_npot GL_OES_vertex_half_float GL_OES_required_internalformat GL_OES_vertex_array_object GL_OES_mapbuffer GL_EXT_texture_format_BGRA8888 GL_EXT_texture_rg GL_EXT_texture_type_2_10_10_10_REV GL_OES_fbo_render_mipmap GL_OES_element_index_uint GL_EXT_shadow_samplers GL_OES_texture_compression_astc GL_KHR_texture_compression_astc_ldr GL_KHR_texture_compression_astc_hdr GL_KHR_texture_compression_astc_sliced_3d GL_KHR_debug GL_EXT_occlusion_query_boolean GL_EXT_disjoint_timer_query GL_EXT_blend_minmax GL_EXT_discard_framebuffer GL_OES_get_program_binary GL_OES_texture_3D GL_EXT_texture_storage GL_EXT_multisamp
09-04 16:27:08.010  4090  4090 I SurfaceFlinger: GL_MAX_TEXTURE_SIZE = 16384
09-04 16:27:08.010  4090  4090 I SurfaceFlinger: GL_MAX_VIEWPORT_DIMS = 16384
09-04 16:27:08.011  4090  4090 D mali_winsys: EGLint new_window_surface(egl_winsys_display*, void*, EGLSurface, EGLConfig, egl_winsys_surface**, egl_color_buffer_format*, EGLBoolean) returns 0x3000,  [1440x2960]-format:1
09-04 16:27:08.074  3824  3824 W System  : ClassLoader referenced unknown path: /system/framework/tcmclient.jar
09-04 16:27:08.221  3815  3815 I ServiceManager: Waiting for service SurfaceFlinger...
09-04 16:27:08.297  3824  3824 I System  : Loaded time zone names for "" in 52ms (19ms in ICU)
09-04 16:27:08.342  3824  3824 I System  : Loaded time zone names for "en_US" in 44ms (10ms in ICU)
09-04 16:27:08.595  3160  3160 D wrapperGPS: wrapperConnect_RILD
09-04 16:27:08.661  3824  3824 I Zygote  : ...preloaded 4158 classes in 2197ms.
09-04 16:27:08.661  3824  3824 I art     : VMRuntime.preloadDexCaches starting
09-04 16:27:08.706  3824  3824 I art     : VMRuntime.preloadDexCaches strings total=288444 before=12011 after=12011
09-04 16:27:08.706  3824  3824 I art     : VMRuntime.preloadDexCaches types total=23810 before=9280 after=11325
09-04 16:27:08.706  3824  3824 I art     : VMRuntime.preloadDexCaches fields total=113941 before=41160 after=54105
09-04 16:27:08.706  3824  3824 I art     : VMRuntime.preloadDexCaches methods total=199717 before=78591 after=96703
09-04 16:27:08.706  3824  3824 I art     : VMRuntime.preloadDexCaches finished
09-04 16:27:08.706  3824  3824 I Zygote  : Preloading resources...
09-04 16:27:08.736  3824  3824 W Resources: Preloaded drawable resource #0x108025c (android:drawable/dialog_background_material) that varies with configuration!!
09-04 16:27:08.743  3824  3824 W Resources: Preloaded color resource #0x10600ea (android:color/material_grey_800) that varies with configuration!!
09-04 16:27:08.743  3824  3824 W Resources: Preloaded drawable resource #0x10802c9 (android:drawable/floating_popup_background_dark) that varies with configuration!!
09-04 16:27:08.846  4090  4090 D SurfaceFlinger: SF. shader cache generated - 26 shaders in 833.324463 ms
09-04 16:27:08.848  4090  4090 D SurfaceFlinger: Set power mode=2, type=0 flinger=0x7fad248000
09-04 16:27:08.855  4090  4090 E gralloc : invalid gralloc handle (at 0x0)
09-04 16:27:08.856  4090  4090 F libc    : Fatal signal 11 (SIGSEGV), code 1, fault addr 0x7fe76ef000 in tid 4090 (surfaceflinger)
09-04 16:27:08.856  3065  3065 W         : debuggerd: handling request: pid=4090 uid=1000 gid=1003 tid=4090
09-04 16:27:08.862  3824  3824 I Zygote  : ...preloaded 114 resources in 156ms.
09-04 16:27:08.863  4131  4131 E         : debuggerd: Unable to connect to activity manager (connect failed: No such file or directory)
09-04 16:27:08.870  3824  3824 W Resources: Preloaded color resource #0x1060114 (android:color/background_cache_hint_selector_material_dark) that varies with configuration!!
09-04 16:27:08.871  3824  3824 W Resources: Preloaded color resource #0x1060119 (android:color/btn_default_material_dark) that varies with configuration!!
09-04 16:27:08.873  3824  3824 I Zygote  : ...preloaded 41 resources in 11ms.
09-04 16:27:08.875  3824  3824 I Zygote  : ...preloaded 2 resource in 2ms.
09-04 16:27:08.884  3824  3824 D libEGL  : loaded /vendor/lib64/egl/libGLES_mali.so
09-04 16:27:08.892  3824  3824 I Zygote  : Preloading shared libraries...
09-04 16:27:08.914  4131  4131 F DEBUG   : *** *** *** *** *** *** *** *** *** *** *** *** *** *** *** ***
09-04 16:27:08.914  3824  3824 I Zygote  : Uninstalled ICU cache reference pinning...
09-04 16:27:08.914  4131  4131 F DEBUG   : LineageOS Version: '14.1-20170904-UNOFFICIAL-dream2lte'
09-04 16:27:08.914  4131  4131 F DEBUG   : Build fingerprint: 'samsung/dream2ltexx/dream2lte:7.0/NRD90M/G955FXXU1AQH3:user/release-keys'
09-04 16:27:08.914  4131  4131 F DEBUG   : Revision: '0'
09-04 16:27:08.914  4131  4131 F DEBUG   : ABI: 'arm64'
09-04 16:27:08.914  4131  4131 F DEBUG   : pid: 4090, tid: 4090, name: surfaceflinger  >>>  <<<
09-04 16:27:08.914  4131  4131 F DEBUG   : signal 11 (SIGSEGV), code 1 (SEGV_MAPERR), fault addr 0x7fe76ef000
09-04 16:27:08.914  4131  4131 F DEBUG   :     x0   0000007fe76ed570  x1   0000007f9dbbbac0  x2   0000000001040cf0  x3   0000007fe76eeff0
09-04 16:27:08.914  4131  4131 F DEBUG   :     x4   0000007f9ebfc800  x5   0000007fe872fd70  x6   0000000000000000  x7   0000000000000000
09-04 16:27:08.914  4131  4131 F DEBUG   :     x8   0000000000000000  x9   0000000000000000  x10  0000000000000000  x11  0000000000000000
09-04 16:27:08.914  4131  4131 F DEBUG   :     x12  0000000000000000  x13  0000000000000000  x14  0000000000000000  x15  0032f86395eea128
09-04 16:27:08.915  4131  4131 F DEBUG   :     x16  0000007fadba0fb8  x17  0000007fad8b79a8  x18  0000000000000000  x19  0000007fad245b20
09-04 16:27:08.915  4131  4131 F DEBUG   :     x20  0000007fadba1010  x21  dcc5ad64eda6bb12  x22  0000007fa95d4010  x23  0000000000000000
09-04 16:27:08.915  4131  4131 F DEBUG   :     x24  0000007fadb4f040  x25  0000000000000000  x26  0000000000000002  x27  dcc5ad64eda6bb12
09-04 16:27:08.915  4131  4131 F DEBUG   :     x28  0000007fadb4f34c  x29  0000007fe76ed570  x30  0000007fadb9d694
09-04 16:27:08.915  4131  4131 F DEBUG   :     sp   0000007fe76ed530  pc   0000007fad8b7ac0  pstate 0000000020000000
09-04 16:27:08.916  4131  4131 F DEBUG   : 
09-04 16:27:08.916  4131  4131 F DEBUG   : backtrace:
09-04 16:27:08.916  4131  4131 F DEBUG   :     #00 pc 000000000001aac0  /system/lib64/libc.so (memcpy+280)
09-04 16:27:08.916  4131  4131 F DEBUG   :     #01 pc 0000000000002690  /system/lib64/hw/gralloc.exynos5.so
09-04 16:27:08.921  3824  3824 I Zygote  : Installed AndroidKeyStoreProvider in 7ms.
09-04 16:27:09.030  3824  3824 I Zygote  : Warmed up JCA providers in 109ms.
09-04 16:27:09.030  3824  3824 D Zygote  : end preload
09-04 16:27:09.031  3824  3824 I art     : Starting a blocking GC Explicit
09-04 16:27:09.027  4090  4090 W surfaceflinger: type=1701 audit(0.0:536): auid=4294967295 uid=1000 gid=1003 ses=4294967295 subj=u:r:surfaceflinger:s0 exe="/system/bin/surfaceflinger" sig=11
09-04 16:27:09.033  3065  3065 W         : debuggerd: resuming target 4090
09-04 16:27:09.041  3824  3824 I art     : Explicit concurrent mark sweep GC freed 3453(155KB) AllocSpace objects, 0(0B) LOS objects, 39% free, 10MB/17MB, paused 47us total 10.422ms
09-04 16:27:09.042  3824  3824 I art     : Starting a blocking GC Explicit
09-04 16:27:09.052  3824  3824 I art     : Explicit concurrent mark sweep GC freed 43(1504B) AllocSpace objects, 0(0B) LOS objects, 40% free, 10MB/17MB, paused 46us total 9.824ms
09-04 16:27:09.062  3145  3145 I ServiceManager: service 'gpu' died
09-04 16:27:09.062  3145  3145 I ServiceManager: service 'SurfaceFlinger' died
09-04 16:27:09.094  3145  3145 I ServiceManager: service 'media.camera' died
09-04 16:27:09.096  3145  3145 I ServiceManager: service 'media.player' died
09-04 16:27:09.096  3145  3145 I ServiceManager: service 'media.resource_manager' died
09-04 16:27:09.100  3145  3145 I ServiceManager: service 'media.sound_trigger_hw' died
09-04 16:27:09.100  3145  3145 I ServiceManager: service 'media.radio' died
09-04 16:27:09.100  3145  3145 I ServiceManager: service 'media.audio_flinger' died
09-04 16:27:09.100  3145  3145 I ServiceManager: service 'media.audio_policy' died
09-04 16:27:09.100  3145  3145 I ServiceManager: service 'netd' died
09-04 16:27:09.223  3815  3815 I ServiceManager: Waiting for service SurfaceFlinger...
09-04 16:27:09.595  3160  3160 D wrapperGPS: wrapperConnect_RILD
09-04 16:27:10.224  3815  3815 I ServiceManager: Waiting for service SurfaceFlinger...
09-04 16:27:10.596  3160  3160 D wrapperGPS: wrapperConnect_RILD
09-04 16:27:11.127  4140  4140 I Netd    : Netd 1.0 starting
09-04 16:27:11.128  4140  4140 D TetherController: Setting IP forward enable = 0
09-04 16:27:11.131  4140  4140 I QtiConnectivityAdapter: Failed to open libconnctrl, some features may not be present.
09-04 16:27:11.131  4140  4140 E         : Failed to open libdatactrl, some features may not be present.
09-04 16:27:11.131  4140  4140 E         : Failed to open libcsm_data, some features may not be present.
09-04 16:27:11.139  3074  3074 W auditd  : type=1325 audit(0.0:537): table=filter family=2 entries=76
09-04 16:27:11.139  3074  3074 W auditd  : type=1320 audit(0.0:537): 
09-04 16:27:11.147  3074  3074 W auditd  : type=1325 audit(0.0:538): table=filter family=10 entries=87
09-04 16:27:11.152  4136  4136 I cameraserver: ServiceManager: 0xf6699440
09-04 16:27:11.152  4136  4136 I CameraService: CameraService started (pid=4136)
09-04 16:27:11.152  4136  4136 I CameraService: CameraService process starting
09-04 16:27:11.152  4136  4136 W BatteryNotifier: batterystats service unavailable!
09-04 16:27:11.147  3074  3074 W auditd  : type=1320 audit(0.0:538): 
09-04 16:27:11.152  4136  4136 W BatteryNotifier: batterystats service unavailable!
09-04 16:27:11.153  4136  4136 E CameraService: Could not load camera HAL module: -2 (No such file or directory)
09-04 16:27:11.159  3074  3074 W auditd  : type=1325 audit(0.0:539): table=filter family=2 entries=75
09-04 16:27:11.159  3074  3074 W auditd  : type=1320 audit(0.0:539): 
09-04 16:27:11.167  3074  3074 W auditd  : type=1325 audit(0.0:540): table=filter family=10 entries=86
09-04 16:27:11.168  4138  4138 I         : sMaxFastTracks = 8
09-04 16:27:11.167  3074  3074 W auditd  : type=1320 audit(0.0:540): 
09-04 16:27:11.169  4138  4138 I audioserver: ServiceManager: 0xf6799440
09-04 16:27:11.169  4138  4138 W BatteryNotifier: batterystats service unavailable!
09-04 16:27:11.169  4138  4138 I AudioFlinger: Using default 3000 mSec as standby time.
09-04 16:27:11.169  4138  4138 I AudioPolicyService: AudioPolicyService CSTOR in new mode
09-04 16:27:11.170  4138  4138 W APM::ConfigParsingUtils: loadOutput() invalid supported devices
09-04 16:27:11.170  4138  4138 W APM::ConfigParsingUtils: loadInput() invalid supported devices
09-04 16:27:11.170  4138  4138 W APM::ConfigParsingUtils: loadInput() invalid supported devices
09-04 16:27:11.170  4138  4138 I APM::ConfigParsingUtils: loadAudioPolicyConfig() loaded /system/etc/audio_policy.conf
09-04 16:27:11.175  3074  3074 W auditd  : type=1325 audit(0.0:541): table=filter family=2 entries=73
09-04 16:27:11.175  3074  3074 W auditd  : type=1320 audit(0.0:541): 
09-04 16:27:11.183  3074  3074 W auditd  : type=1325 audit(0.0:542): table=filter family=10 entries=84
09-04 16:27:11.183  3074  3074 W auditd  : type=1320 audit(0.0:542): 
09-04 16:27:11.188  4139  4139 I mediaserver: ServiceManager: 0xf63194a0
09-04 16:27:11.189  4139  4139 W BatteryNotifier: batterystats service unavailable!
09-04 16:27:11.191  3074  3074 W auditd  : type=1325 audit(0.0:543): table=filter family=2 entries=71
09-04 16:27:11.191  3074  3074 W auditd  : type=1320 audit(0.0:543): 
09-04 16:27:11.195  3074  3074 W auditd  : type=1325 audit(0.0:544): table=filter family=10 entries=82
09-04 16:27:11.195  3074  3074 W auditd  : type=1320 audit(0.0:544): 
09-04 16:27:11.199  3074  3074 W auditd  : type=1325 audit(0.0:545): table=filter family=2 entries=73
09-04 16:27:11.199  3074  3074 W auditd  : type=1320 audit(0.0:545): 
09-04 16:27:11.203  3074  3074 W auditd  : type=1325 audit(0.0:546): table=filter family=10 entries=84
09-04 16:27:11.203  3074  3074 W auditd  : type=1320 audit(0.0:546): 
09-04 16:27:11.207  3074  3074 W auditd  : type=1325 audit(0.0:547): table=filter family=2 entries=74
09-04 16:27:11.207  3074  3074 W auditd  : type=1320 audit(0.0:547): 
09-04 16:27:11.211  3074  3074 W auditd  : type=1325 audit(0.0:548): table=filter family=10 entries=85
09-04 16:27:11.211  3074  3074 W auditd  : type=1320 audit(0.0:548): 
09-04 16:27:11.215  3074  3074 W auditd  : type=1325 audit(0.0:549): table=filter family=2 entries=73
09-04 16:27:11.215  3074  3074 W auditd  : type=1320 audit(0.0:549): 
09-04 16:27:11.219  3074  3074 W auditd  : type=1325 audit(0.0:550): table=filter family=10 entries=84
09-04 16:27:11.219  3074  3074 W auditd  : type=1320 audit(0.0:550): 
09-04 16:27:11.224  3815  3815 I ServiceManager: Waiting for service SurfaceFlinger...
09-04 16:27:11.227  3074  3074 W auditd  : type=1325 audit(0.0:551): table=filter family=2 entries=73
09-04 16:27:11.227  3074  3074 W auditd  : type=1320 audit(0.0:551): 
09-04 16:27:11.231  3074  3074 W auditd  : type=1325 audit(0.0:552): table=filter family=10 entries=84
09-04 16:27:11.231  3074  3074 W auditd  : type=1320 audit(0.0:552): 
09-04 16:27:11.235  3074  3074 W auditd  : type=1325 audit(0.0:553): table=filter family=2 entries=71
09-04 16:27:11.235  3074  3074 W auditd  : type=1320 audit(0.0:553): 
09-04 16:27:11.243  3074  3074 W auditd  : type=1325 audit(0.0:554): table=filter family=10 entries=82
09-04 16:27:11.243  3074  3074 W auditd  : type=1320 audit(0.0:554): 
09-04 16:27:11.247  3074  3074 W auditd  : type=1325 audit(0.0:555): table=filter family=2 entries=73
09-04 16:27:11.247  3074  3074 W auditd  : type=1320 audit(0.0:555): 
09-04 16:27:11.251  3074  3074 W auditd  : type=1325 audit(0.0:556): table=filter family=10 entries=84
09-04 16:27:11.322  4137  4137 D AndroidRuntime: >>>>>> START com.android.internal.os.ZygoteInit uid 0 <<<<<<
09-04 16:27:11.324  4137  4137 D AndroidRuntime: CheckJNI is ON
09-04 16:27:11.324  4137  4137 I art     : option[0]=-Xzygote
09-04 16:27:11.324  4137  4137 I art     : option[1]=-Xcheck:jni
09-04 16:27:11.324  4137  4137 I art     : option[2]=-Xstacktracefile:/data/anr/traces.txt
09-04 16:27:11.324  4137  4137 I art     : option[3]=exit
09-04 16:27:11.324  4137  4137 I art     : option[4]=vfprintf
09-04 16:27:11.324  4137  4137 I art     : option[5]=sensitiveThread
09-04 16:27:11.324  4137  4137 I art     : option[6]=-verbose:gc
09-04 16:27:11.324  4137  4137 I art     : option[7]=-Xms8m
09-04 16:27:11.324  4137  4137 I art     : option[8]=-Xmx512m
09-04 16:27:11.324  4137  4137 I art     : option[9]=-XX:HeapGrowthLimit=256m
09-04 16:27:11.324  4137  4137 I art     : option[10]=-XX:HeapMinFree=2m
09-04 16:27:11.324  4137  4137 I art     : option[11]=-XX:HeapMaxFree=8m
09-04 16:27:11.324  4137  4137 I art     : option[12]=-XX:HeapTargetUtilization=0.75
09-04 16:27:11.324  4137  4137 I art     : option[13]=-Xusejit:true
09-04 16:27:11.324  4137  4137 I art     : option[14]=-Xjitsaveprofilinginfo
09-04 16:27:11.324  4137  4137 I art     : option[15]=-agentlib:jdwp=transport=dt_android_adb,suspend=n,server=y
09-04 16:27:11.324  4137  4137 I art     : option[16]=-Xlockprofthreshold:500
09-04 16:27:11.324  4137  4137 I art     : option[17]=-Ximage-compiler-option
09-04 16:27:11.324  4137  4137 I art     : option[18]=--runtime-arg
09-04 16:27:11.324  4137  4137 I art     : option[19]=-Ximage-compiler-option
09-04 16:27:11.324  4137  4137 I art     : option[20]=-Xms64m
09-04 16:27:11.324  4137  4137 I art     : option[21]=-Ximage-compiler-option
09-04 16:27:11.324  4137  4137 I art     : option[22]=--runtime-arg
09-04 16:27:11.324  4137  4137 I art     : option[23]=-Ximage-compiler-option
09-04 16:27:11.324  4137  4137 I art     : option[24]=-Xmx64m
09-04 16:27:11.324  4137  4137 I art     : option[25]=-Ximage-compiler-option
09-04 16:27:11.324  4137  4137 I art     : option[26]=--compiler-filter=verify-at-runtime
09-04 16:27:11.324  4137  4137 I art     : option[27]=-Ximage-compiler-option
09-04 16:27:11.324  4137  4137 I art     : option[28]=--image-classes=/system/etc/preloaded-classes
09-04 16:27:11.324  4137  4137 I art     : option[29]=-Ximage-compiler-option
09-04 16:27:11.324  4137  4137 I art     : option[30]=--compiled-classes=/system/etc/compiled-classes
09-04 16:27:11.324  4137  4137 I art     : option[31]=-Xcompiler-option
09-04 16:27:11.324  4137  4137 I art     : option[32]=--runtime-arg
09-04 16:27:11.324  4137  4137 I art     : option[33]=-Xcompiler-option
09-04 16:27:11.324  4137  4137 I art     : option[34]=-Xms64m
09-04 16:27:11.324  4137  4137 I art     : option[35]=-Xcompiler-option
09-04 16:27:11.324  4137  4137 I art     : option[36]=--runtime-arg
09-04 16:27:11.324  4137  4137 I art     : option[37]=-Xcompiler-option
09-04 16:27:11.324  4137  4137 I art     : option[38]=-Xmx512m
09-04 16:27:11.324  4137  4137 I art     : option[39]=-Ximage-compiler-option
09-04 16:27:11.324  4137  4137 I art     : option[40]=--instruction-set-variant=generic
09-04 16:27:11.324  4137  4137 I art     : option[41]=-Xcompiler-option
09-04 16:27:11.324  4137  4137 I art     : option[42]=--instruction-set-variant=generic
09-04 16:27:11.324  4137  4137 I art     : option[43]=-Ximage-compiler-option
09-04 16:27:11.324  4137  4137 I art     : option[44]=--instruction-set-features=default
09-04 16:27:11.325  4137  4137 I art     : option[45]=-Xcompiler-option
09-04 16:27:11.325  4137  4137 I art     : option[46]=--instruction-set-features=default
09-04 16:27:11.325  4137  4137 I art     : option[47]=-Duser.locale=en-US
09-04 16:27:11.325  4137  4137 I art     : option[48]=--cpu-abilist=arm64-v8a
09-04 16:27:11.325  4137  4137 I art     : option[49]=-Xfingerprint:samsung/dream2ltexx/dream2lte:7.0/NRD90M/G955FXXU1AQH3:user/release-keys
09-04 16:27:11.340  4137  4137 D ICU     : No timezone override file found: /data/misc/zoneinfo/current/icu/icu_tzdata.dat
09-04 16:27:11.362  4137  4137 W art     : Before Android 4.1, method double java.util.concurrent.ThreadLocalRandom.internalNextDouble(double, double) would have incorrectly overridden the package-private method in java.util.Random
09-04 16:27:11.362  4137  4137 W art     : Before Android 4.1, method int java.util.concurrent.ThreadLocalRandom.internalNextInt(int, int) would have incorrectly overridden the package-private method in java.util.Random
09-04 16:27:11.362  4137  4137 W art     : Before Android 4.1, method long java.util.concurrent.ThreadLocalRandom.internalNextLong(long, long) would have incorrectly overridden the package-private method in java.util.Random
09-04 16:27:11.464  4137  4137 I Radio-JNI: register_android_hardware_Radio DONE
09-04 16:27:11.496  4137  4137 I SamplingProfilerIntegration: Profiling disabled.
09-04 16:27:11.496  4137  4137 D Zygote  : begin preload
09-04 16:27:11.496  4137  4137 I Zygote  : Installing ICU cache reference pinning...
09-04 16:27:11.497  4137  4137 I Zygote  : Preloading ICU data...
09-04 16:27:11.579  4138  4138 E audio_route: Control 'HP Switch' doesn't exist - skipping
09-04 16:27:11.579  4138  4138 E audio_route: Control 'SPK Switch' doesn't exist - skipping
09-04 16:27:11.579  4138  4138 E audio_route: Control 'RCV Switch' doesn't exist - skipping
09-04 16:27:11.579  4138  4138 E audio_route: Control 'Main Mic Switch' doesn't exist - skipping
09-04 16:27:11.579  4138  4138 E audio_route: Control 'Sub Mic Switch' doesn't exist - skipping
