09-11 05:35:39.695  3548  3561 I ActivityManager: Start proc 4187:com.android.carrierconfig/u0a5 for service com.android.carrierconfig/.DefaultCarrierConfigService
09-11 05:35:39.697  3836  3836 D CarrierSvcBindHelper: mHandler: 0
09-11 05:35:39.697  3836  3836 D CarrierSvcBindHelper: Rebinding if necessary for phoneId: 0
09-11 05:35:39.698  3836  3836 D CarrierSvcBindHelper: No carrier app for: 0
09-11 05:35:39.699  3851  3851 D SimSelectNotification:  no of slots 2 provision = true
09-11 05:35:39.711  3836  3836 I m.android.phone: type=1400 audit(0.0:177): avc: denied { lock } for path="/data/user_de/0/com.android.providers.telephony/databases/telephony.db" dev="sda24" ino=3121278 scontext=u:r:radio:s0 tcontext=u:object_r:system_data_file:s0 tclass=file permissive=1
09-11 05:35:39.711  3836  3836 W m.android.phone: type=1300 audit(0.0:177): arch=c00000b7 syscall=25 success=yes exit=0 a0=24 a1=6 a2=7ff02811b8 a3=0 items=0 ppid=3161 auid=4294967295 uid=1001 gid=1001 euid=1001 suid=1001 fsuid=1001 egid=1001 sgid=1001 fsgid=1001 tty=(none) ses=4294967295 exe="/system/bin/app_process64" subj=u:r:radio:s0 key=(null)
09-11 05:35:39.711  3071  3071 W auditd  : type=1327 audit(0.0:177): proctitle="com.android.phone"
09-11 05:35:39.711  3071  3071 W auditd  : type=1320 audit(0.0:177): 
09-11 05:35:39.711  3836  3836 D CallNotifier: updatePhoneStateListeners: update CF notifications.
09-11 05:35:39.711  3836  3836 I Telephony: PstnIncomingCallNotifier: Unregistering: Handler (com.android.internal.telephony.GsmCdmaPhone) {e799348}
09-11 05:35:39.712  3836  3836 W Telephony: TelecomAccountRegistry: Failed to get status , slotId: 0 Exception: java.lang.NullPointerException: Attempt to invoke interface method 'int org.codeaurora.internal.IExtTelephony.getCurrentUiccCardProvisioningStatus(int)' on a null object reference
09-11 05:35:39.713  4187  4187 W System  : ClassLoader referenced unknown path: /system/priv-app/CarrierConfig/lib/arm64
09-11 05:35:39.721  4187  4187 D DefaultCarrierConfigService: Service created
09-11 05:35:39.721  3548  3866 I Telecom : PhoneAccountRegistrar: [ComponentInfo{com.android.phone/com.android.services.telephony.TelephonyConnectionService}, [2628372b20c6b31a61c46f7f5a9328dbf0edaed6], UserHandle{0}(icon: Icon(typ=BITMAP size=84x84) -> Icon(typ=BITMAP size=84x84))]: TSI.rPA@ACs
09-11 05:35:39.723  3548  3866 I Telecom : : Sending phone-account registered intent as user: TSI.rPA@ACs
09-11 05:35:39.723  3836  3836 I Telephony: AccountEntry: Registered phoneAccount: [[ ] PhoneAccount: ComponentInfo{com.android.phone/com.android.services.telephony.TelephonyConnectionService}, [2628372b20c6b31a61c46f7f5a9328dbf0edaed6], UserHandle{0} Capabilities: CallProvider MultiUser PlaceEmerg SimSub  Audio Routes: BESW Schemes: tel voicemail  Extras: null GroupId: [da39a3ee5e6b4b0d3255bfef95601890afd80709]] with handle: ComponentInfo{com.android.phone/com.android.services.telephony.TelephonyConnectionService}, [2628372b20c6b31a61c46f7f5a9328dbf0edaed6], UserHandle{0}
09-11 05:35:39.723  3836  3836 I Telephony: PstnIncomingCallNotifier: Registering: Handler (com.android.internal.telephony.GsmCdmaPhone) {e799348}
09-11 05:35:39.724  3836  3836 W Telephony: TelecomAccountRegistry: Failed to get status , slotId: 1 Exception: java.lang.NullPointerException: Attempt to invoke interface method 'int org.codeaurora.internal.IExtTelephony.getCurrentUiccCardProvisioningStatus(int)' on a null object reference
09-11 05:35:39.731  3836  3836 D CallNotifier: updatePhoneStateListeners: update CF notifications.
09-11 05:35:39.731  3836  3836 I Telephony: PstnIncomingCallNotifier: Unregistering: Handler (com.android.internal.telephony.GsmCdmaPhone) {e799348}
09-11 05:35:39.731  3836  3836 W Telephony: TelecomAccountRegistry: Failed to get status , slotId: 0 Exception: java.lang.NullPointerException: Attempt to invoke interface method 'int org.codeaurora.internal.IExtTelephony.getCurrentUiccCardProvisioningStatus(int)' on a null object reference
09-11 05:35:39.739  3548  3560 I Telecom : PhoneAccountRegistrar: [ComponentInfo{com.android.phone/com.android.services.telephony.TelephonyConnectionService}, [2628372b20c6b31a61c46f7f5a9328dbf0edaed6], UserHandle{0}(icon: Icon(typ=BITMAP size=84x84) -> Icon(typ=BITMAP size=84x84))]: TSI.rPA@AC4
09-11 05:35:39.740  3548  3560 I Telecom : : Sending phone-account registered intent as user: TSI.rPA@AC4
09-11 05:35:39.741  3836  3836 I Telephony: AccountEntry: Registered phoneAccount: [[ ] PhoneAccount: ComponentInfo{com.android.phone/com.android.services.telephony.TelephonyConnectionService}, [2628372b20c6b31a61c46f7f5a9328dbf0edaed6], UserHandle{0} Capabilities: CallProvider MultiUser PlaceEmerg SimSub  Audio Routes: BESW Schemes: tel voicemail  Extras: null GroupId: [da39a3ee5e6b4b0d3255bfef95601890afd80709]] with handle: ComponentInfo{com.android.phone/com.android.services.telephony.TelephonyConnectionService}, [2628372b20c6b31a61c46f7f5a9328dbf0edaed6], UserHandle{0}
09-11 05:35:39.741  3836  3836 I Telephony: PstnIncomingCallNotifier: Registering: Handler (com.android.internal.telephony.GsmCdmaPhone) {e799348}
09-11 05:35:39.741  3836  3836 W Telephony: TelecomAccountRegistry: Failed to get status , slotId: 1 Exception: java.lang.NullPointerException: Attempt to invoke interface method 'int org.codeaurora.internal.IExtTelephony.getCurrentUiccCardProvisioningStatus(int)' on a null object reference
09-11 05:35:39.750  3836  3836 E ActivityThread: Failed to find provider info for com.android.voicemail
09-11 05:35:39.750  3836  3836 I NotificationMgr: updateMwi(): subId 1 update to true
09-11 05:35:39.759  3836  3836 D CarrierConfigLoader: Connected to config app: com.android.carrierconfig/com.android.carrierconfig.DefaultCarrierConfigService
09-11 05:35:39.762  3708  4204 E MediaPlayer-JNI: JNIMediaPlayerFactory: bIsQCMediaPlayerPresent 0
09-11 05:35:39.762  3708  4204 E MediaPlayer-JNI: JNIMediaPlayerFactory: bIsQCMediaPlayerPresent 0
09-11 05:35:39.765  3548  3723 E SELinux : selinux_android_file_context_handle: Error getting file context handle (No such file or directory)
09-11 05:35:39.768  3548  3722 I Telecom : PhoneAccountRegistrar: [ComponentInfo{com.android.phone/com.android.services.telephony.TelephonyConnectionService}, [2628372b20c6b31a61c46f7f5a9328dbf0edaed6], UserHandle{0}(icon: Icon(typ=BITMAP size=84x84) -> Icon(typ=BITMAP size=84x84))]: TSI.rPA@ADE
09-11 05:35:39.770  3548  3722 I Telecom : : Sending phone-account registered intent as user: TSI.rPA@ADE
09-11 05:35:39.771  3172  4206 E WVMExtractor: Failed to open libwvm.so: dlopen failed: library "libwvm.so" not found
09-11 05:35:39.773  3548  3643 D NotificationSQLiteLog: Pruned event entries: 0
09-11 05:35:39.783  3836  3836 D CarrierConfigLoader: mHandler: 3 phoneId: 0
09-11 05:35:39.784  3172  4205 D NuPlayerDriver: notifyListener_l(0xf4d8c180), (1, 0, 0), loop setting(0, 0)
09-11 05:35:39.784  3708  4204 D MediaPlayer: setSubtitleAnchor in MediaPlayer
09-11 05:35:39.784  4187  4200 D DefaultCarrierConfigService: Config being fetched
09-11 05:35:39.784  4187  4200 D DefaultCarrierConfigService: java.io.FileNotFoundException: carrier_config_72234.xml
09-11 05:35:39.790  3548  3865 I MediaFocusControl:  AudioFocus  requestAudioFocus() from uid/pid 10033/3708 clientId=android.media.AudioManager@957d1b9 req=3 flags=0x0
09-11 05:35:39.791  3172  3172 D NuPlayerDriver: start(0xf4d8c180), state is 4, eos is 0
09-11 05:35:39.791  3172  4205 I GenericSource: start
09-11 05:35:39.791  3836  3836 D CarrierConfigLoader: mHandler: 5 phoneId: 0
09-11 05:35:39.793  3172  4205 W Utils   : track of type 'audio/vorbis' does not publish channel mask, channel count 2
09-11 05:35:39.794  3172  4205 W Utils   : track of type 'audio/vorbis' does not publish channel mask, channel count 2
09-11 05:35:39.795  3172  4210 I MediaPlayerService: MediaPlayerService::getOMX
09-11 05:35:39.796  3172  4210 I OMXClient: MuxOMX ctor
09-11 05:35:39.796  3168  3219 I OMXMaster: makeComponentInstance(OMX.google.vorbis.decoder) in mediacodec process
09-11 05:35:39.797  3168  3168 E OMXNodeInstance: setConfig(c600040:google.vorbis.decoder, ConfigPriority(0x6f800002)) ERROR: Undefined(0x80001001)
09-11 05:35:39.797  3172  4210 I ACodec  : codec does not support config priority (err -2147483648)
09-11 05:35:39.798  3548  3548 I Telecom : PhoneAccountRegistrar: SimCallManager queried, returning: null: TSI.gSCMFU@ADI
09-11 05:35:39.798  3172  4210 I MediaCodec: MediaCodec will operate in async mode
09-11 05:35:39.808  3836  3836 D VvmSimChangeReceiver: Carrier config changed
09-11 05:35:39.808  3836  3836 D VvmSimChangeReceiver: User locked, activation request delayed until unlock
09-11 05:35:39.810  3172  4208 D AudioTrack: Client defaulted notificationFrames to 7350 for frameCount 22050
09-11 05:35:39.986  3164  3888 D audio_hw_primary_abox: device-adev_set_parameters: enter with key(A2dpSuspended=false)
09-11 05:35:39.986  3164  3888 D audio_hw_primary_abox: device-adev_set_parameters: exit
09-11 05:35:40.010  3164  3389 D audio_hw_primary_abox: primary_out-set_audio_route: [PLAYBACK] current-device(none) new-device(speaker) in cur-mode(normal) & new-mode(normal)!
09-11 05:35:40.010  3172  4205 D NuPlayerDriver: notifyListener_l(0xf4d8c180), (6, 0, 0), loop setting(0, 0)
09-11 05:35:40.010  3164  3389 I audio_hw_primary_abox: is_voice_wakeup : ret =  0  , wakeup_baby_cry_enabled = 0  ,  wakeup_mic_enabled = 0 
09-11 05:35:40.010  3164  3389 I audio_route: > audio_route_apply_path : "media-speaker"
09-11 05:35:40.011  3164  3389 I audio_route: > audio_route_update_path + : "media-speaker" reverse(0)
09-11 05:35:40.011  3164  3389 I audio_route: > audio_route_update_path - : changed(0)
09-11 05:35:40.011  3164  3389 D audio_hw_primary_abox: primary_out-do_set_route: Enabled Audio Route(media-speaker)
09-11 05:35:40.011  3164  3389 I audio_route: > audio_route_apply_path : "gain-media-speaker"
09-11 05:35:40.011  3164  3389 I audio_route: > audio_route_update_path + : "gain-media-speaker" reverse(0)
09-11 05:35:40.011  3164  3389 I audio_route: > audio_route_update_path - : changed(0)
09-11 05:35:40.011  3164  3389 D audio_hw_primary_abox: primary_out-do_set_route: Enabled Audio Gain(gain-media-speaker)
09-11 05:35:40.012  3164  3389 I audio_hw_primary_abox: [do_open_spkamp_stream] Opened PCM Device(/dev/snd/pcmC0D7p) configured Info: Channels(2)  Smapling Rate(48000), Format: Default(0)
09-11 05:35:40.013  3164  3389 I audio_hw_primary_abox: [do_open_spkamp_stream] Opened PCM Device(/dev/snd/pcmC0D11c) configured Info: Channels(2)  Smapling Rate(48000), Format: Default(0)
09-11 05:35:40.015  3164  3389 I audio_hw_primary_abox: [do_open_spkamp_stream] Opened PCM Device(/dev/snd/pcmC0D12c) configured Info: Channels(2)  Smapling Rate(48000), Format: Default(0)
09-11 05:35:40.021  3164  3389 I audio_hw_primary_abox: [do_open_spkamp_stream] Opened PCM Device(/dev/snd/pcmC0D6p) configured Info: Channels(2)  Smapling Rate(48000), Format: Default(0)
09-11 05:35:40.039  3164  3389 I audio_hw_primary_abox: primary_out-do_open_output_stream: Opened PCM Device is /dev/snd/pcmC0D0p samplingRate(48000) pcmformat(0)
09-11 05:35:40.039  3164  3389 I audio_hw_primary_abox: primary_out-out_write: Transit to Idle
09-11 05:35:40.041  3164  3389 I audio_hw_primary_abox: primary_out-out_write: Transit to Playing
09-11 05:35:40.112  3164  3389 D audio_hw_primary_abox: primary_out-out_set_parameters: enter with param = routing=2
09-11 05:35:40.112  3164  3389 D audio_hw_primary_abox: primary_out-out_set_parameters: Requested to change route from 0x2 to 0x2
09-11 05:35:40.112  3164  3389 D audio_hw_primary_abox: primary_out-set_audio_route: [PLAYBACK] current-device(speaker) new-device(speaker) in cur-mode(normal) & new-mode(normal)!
09-11 05:35:40.112  3164  3389 D audio_hw_primary_abox: primary_out-set_audio_route: Request Audio Route [media-speaker] is already setup
09-11 05:35:40.112  3164  3389 D audio_hw_primary_abox: primary_out-out_set_parameters: exit
09-11 05:35:40.123  3164  3389 D audio_hw_primary_abox: primary_out-out_set_parameters: enter with param = routing=2
09-11 05:35:40.123  3164  3389 D audio_hw_primary_abox: primary_out-out_set_parameters: Requested to change route from 0x2 to 0x2
09-11 05:35:40.123  3164  3389 D audio_hw_primary_abox: primary_out-set_audio_route: [PLAYBACK] current-device(speaker) new-device(speaker) in cur-mode(normal) & new-mode(normal)!
09-11 05:35:40.123  3164  3389 D audio_hw_primary_abox: primary_out-set_audio_route: Request Audio Route [media-speaker] is already setup
09-11 05:35:40.123  3164  3389 D audio_hw_primary_abox: primary_out-out_set_parameters: exit
09-11 05:35:40.135  3164  3389 D AudioFlinger: mixer(0xf6283a00) throttle end: throttle time(78)
09-11 05:35:40.301  3548  3563 D libgps  : SendGpsExtensionMessage: Waiting for IPC connection - timeout
09-11 05:35:40.301  3548  3563 E libgps  : LIBGPS: Cannot communicate (write) with a GPSD
09-11 05:35:40.301  3548  3563 E libgps  : IPC Communication Error, ../../../../tmp/15194007_282637/allPartners/os/android/gps_interface/gpsi_client/GpsiClient.cpp:631 SendGpsExtensionMessage
09-11 05:35:40.302  3548  3548 I GnssLocationProvider: WakeLock acquired by sendMessage(12, 0, null)
09-11 05:35:40.305  3548  3563 I GnssLocationProvider: WakeLock released by handleMessage(13, 0, null)
09-11 05:35:40.311  3548  3563 I SyncManager: Got SyncJobService instance.
09-11 05:35:40.312  3548  3548 I FusedLocation: engine started (com.android.location.fused)
09-11 05:35:40.322  3548  3563 D libgps  : SendGpsExtensionMessage: Waiting for IPC connection...
09-11 05:35:40.776  3172  4209 I NuPlayerDecoder: [audio] saw output EOS
09-11 05:35:41.255  3172  4205 D NuPlayerDriver: notifyListener_l(0xf4d8c180), (2, 0, 0), loop setting(0, 0)
09-11 05:35:41.256  3548  3865 I MediaFocusControl:  AudioFocus  abandonAudioFocus() from uid/pid 10033/3708 clientId=android.media.AudioManager@957d1b9
09-11 05:35:41.273  3548  3577 I art     : Starting a blocking GC Explicit
09-11 05:35:41.294  3548  3577 I art     : Explicit concurrent mark sweep GC freed 10860(584KB) AllocSpace objects, 6(6MB) LOS objects, 33% free, 12MB/19MB, paused 359us total 20.840ms
09-11 05:35:41.324  3548  3563 D libgps  : SendGpsExtensionMessage: Waiting for IPC connection - timeout
09-11 05:35:41.324  3548  3563 E libgps  : LIBGPS: Cannot communicate (write) with a GPSD
09-11 05:35:41.324  3548  3563 E libgps  : IPC Communication Error, ../../../../tmp/15194007_282637/allPartners/os/android/gps_interface/gpsi_client/GpsiClient.cpp:631 SendGpsExtensionMessage
09-11 05:35:41.324  3548  3563 D libgps  : agps_set_server: Waiting for IPC connection...
09-11 05:35:41.675  3532  3532 I BootAnimation: type=1400 audit(0.0:178): avc: denied { read write } for name="fimg2d" dev="tmpfs" ino=21587 scontext=u:r:bootanim:s0 tcontext=u:object_r:device:s0 tclass=chr_file permissive=1
09-11 05:35:41.675  3532  3532 I BootAnimation: type=1400 audit(0.0:178): avc: denied { open } for path="/dev/fimg2d" dev="tmpfs" ino=21587 scontext=u:r:bootanim:s0 tcontext=u:object_r:device:s0 tclass=chr_file permissive=1
09-11 05:35:41.675  3532  3532 W BootAnimation: type=1300 audit(0.0:178): arch=c00000b7 syscall=56 success=yes exit=14 a0=ffffff9c a1=7fb6587703 a2=2 a3=0 items=0 ppid=1 auid=4294967295 uid=1003 gid=1003 euid=1003 suid=1003 fsuid=1003 egid=1003 sgid=1003 fsgid=1003 tty=(none) ses=4294967295 exe="/system/bin/bootanimation" subj=u:r:bootanim:s0 key=(null)
09-11 05:35:41.675  3071  3071 W auditd  : type=1327 audit(0.0:178): proctitle="/system/bin/bootanimation"
09-11 05:35:41.675  3071  3071 W auditd  : type=1320 audit(0.0:178): 
09-11 05:35:41.675  3532  3532 I BootAnimation: type=1400 audit(0.0:179): avc: denied { ioctl } for path="/dev/fimg2d" dev="tmpfs" ino=21587 ioctlcmd=4d04 scontext=u:r:bootanim:s0 tcontext=u:object_r:device:s0 tclass=chr_file permissive=1
09-11 05:35:41.675  3532  3532 W BootAnimation: type=1300 audit(0.0:179): arch=c00000b7 syscall=29 success=yes exit=0 a0=13 a1=c1104d04 a2=7fb250d4b0 a3=0 items=0 ppid=1 auid=4294967295 uid=1003 gid=1003 euid=1003 suid=1003 fsuid=1003 egid=1003 sgid=1003 fsgid=1003 tty=(none) ses=4294967295 exe="/system/bin/bootanimation" subj=u:r:bootanim:s0 key=(null)
09-11 05:35:41.675  3071  3071 W auditd  : type=1327 audit(0.0:179): proctitle="/system/bin/bootanimation"
09-11 05:35:41.675  3071  3071 W auditd  : type=1320 audit(0.0:179): 
09-11 05:35:42.143  3510  3510 W         : eglTerminate 2662: PID Exeption @unknown
09-11 05:35:42.311  3548  3577 I SystemServiceManager: Starting phase 1000
09-11 05:35:42.325  3548  3679 E LiveDisplay: Color temperature out of range: 0
09-11 05:35:42.326  3548  3563 D libgps  : agps_set_server: Waiting for IPC connection - timeout
09-11 05:35:42.326  3548  3563 E libgps  : LIBGPS: Cannot communicate (write) with a GPSD
09-11 05:35:42.326  3548  3563 E libgps  : IPC Communication Error, ../../../../tmp/15194007_282637/allPartners/os/android/gps_interface/gpsi_client/GpsiClient.cpp:1685 agps_set_server
09-11 05:35:42.326  3548  3563 D GnssLocationProvider: GPS configuration:
09-11 05:35:42.326  3548  3563 D GnssLocationProvider:  #Mon Sep 11 05:35:42 GMT-03:00 2017
09-11 05:35:42.326  3548  3563 D GnssLocationProvider: SUPL_VER=0x20000
09-11 05:35:42.326  3548  3563 D GnssLocationProvider: SUPL_PORT=7275
09-11 05:35:42.326  3548  3563 D GnssLocationProvider: XTRA_SERVER_2=http\://gllto2.glpals.com/4day/v4/latest/lto2.dat
09-11 05:35:42.326  3548  3563 D GnssLocationProvider: XTRA_SERVER_1=http\://gllto1.glpals.com/4day/v4/latest/lto2.dat
09-11 05:35:42.326  3548  3563 D GnssLocationProvider: SUPL_HOST=supl.google.com
09-11 05:35:42.326  3548  3563 D GnssLocationProvider: SUPL_MODE=1
09-11 05:35:42.326  3548  3563 D GnssLocationProvider: NTP_SERVER=north-america.pool.ntp.org
09-11 05:35:42.326  3548  3563 D libgps  : SendGpsExtensionMessage: Waiting for IPC connection...
09-11 05:35:42.335  3148  3621 D PermissionCache: checking android.permission.HARDWARE_TEST for uid=1000 => granted (63 us)
09-11 05:35:42.339  3548  3577 I ActivityManager: Start proc 4217:android.ext.services/u0a11 for on-hold
09-11 05:35:42.339  3548  3577 D ActivityManager: Finishing user boot 0
09-11 05:35:42.340  3548  3577 D CryptdConnector: SND -> {5 cryptfs prepare_user_storage ! 0 0 2}
09-11 05:35:42.341  3063  3129 D vold    : e4crypt_prepare_user_storage for volume null, user 0, serial 0, flags 2
09-11 05:35:42.341  3063  3129 D vold    : Preparing: /data/system_ce/0
09-11 05:35:42.341  3063  3129 D vold    : Preparing: /data/misc_ce/0
09-11 05:35:42.341  3063  3129 D vold    : Preparing: /data/media/0
09-11 05:35:42.341  3063  3129 D vold    : Preparing: /data/data
09-11 05:35:42.341  3548  3625 D CryptdConnector: RCV <- {200 5 Command succeeded}
09-11 05:35:42.342  3548  3577 V UserManagerService: Found /data/user/0 with serial number 0
09-11 05:35:42.342  3548  3577 V UserManagerService: Found /data/system_ce/0 with serial number 0
09-11 05:35:42.342  3548  3577 V PackageManager: reconcileAppsData for null u0 0x2
09-11 05:35:42.354  4238  4238 I bootstat: Service started: /system/bin/bootstat --record_boot_complete 
09-11 05:35:42.357  4238  4238 I bootstat: Logging histogram: bootstat_mtime_matches_content 1
09-11 05:35:42.359  4238  4238 I bootstat: Logging histogram: bootstat_mtime_matches_content 1
09-11 05:35:42.359  4238  4238 E bootstat: Failed to read /data/misc/bootstat/post_decrypt_time_elapsed: No such file or directory
09-11 05:35:42.359  4238  4238 E bootstat: Failed to parse boot time record: /data/misc/bootstat/post_decrypt_time_elapsed
09-11 05:35:42.364  4242  4242 I bootstat: Service started: /system/bin/bootstat --record_boot_reason 
09-11 05:35:42.364  4242  4242 I bootstat: Unknown boot reason: 
09-11 05:35:42.368  4243  4243 I bootstat: Service started: /system/bin/bootstat --record_time_since_factory_reset 
09-11 05:35:42.368  4243  4243 I bootstat: Logging histogram: factory_reset_current_time 1505118942
09-11 05:35:42.369  4243  4243 I bootstat: Logging histogram: bootstat_mtime_matches_content 1
09-11 05:35:42.369  4243  4243 I bootstat: Logging histogram: factory_reset_record_value 1504995921
09-11 05:35:42.376  3548  3577 V PackageManager: reconcileAppsData finished 91 packages
09-11 05:35:42.376  4244  4244 I bootstat: Service started: /system/bin/bootstat -l 
09-11 05:35:42.376  3548  3577 D WindowManager: Sending cover change broadcast, mLidState=-1
09-11 05:35:42.376  4244  4244 I bootstat: Logging histogram: bootstat_mtime_matches_content 1
09-11 05:35:42.376  3548  3564 D BluetoothManagerService: User 0 unlocked
09-11 05:35:42.376  3548  3564 D MountService: onUnlockUser 0
09-11 05:35:42.376  3548  3564 D VoldConnector: SND -> {6 volume user_started 0}
09-11 05:35:42.376  4244  4244 I bootstat: Logging histogram: bootstat_mtime_matches_content 1
09-11 05:35:42.376  3548  3576 D BluetoothManagerService: MESSAGE_USER_UNLOCKED
09-11 05:35:42.376  4244  4244 I bootstat: Logging histogram: bootstat_mtime_matches_content 1
09-11 05:35:42.377  4244  4244 I bootstat: Logging histogram: bootstat_mtime_matches_content 1
09-11 05:35:42.377  4244  4244 I bootstat: Logging histogram: bootstat_mtime_matches_content 1
09-11 05:35:42.377  4244  4244 I bootstat: Logging histogram: bootstat_mtime_matches_content 1
09-11 05:35:42.377  4244  4244 I bootstat: Logging histogram: bootstat_mtime_matches_content 1
09-11 05:35:42.377  4244  4244 I bootstat: Logging histogram: bootstat_mtime_matches_content 1
09-11 05:35:42.377  4244  4244 I bootstat: Logging histogram: bootstat_mtime_matches_content 1
09-11 05:35:42.377  4244  4244 I bootstat: Logging histogram: bootstat_mtime_matches_content 1
09-11 05:35:42.377  3548  3632 D WIFI    : Registering NetworkFactory
09-11 05:35:42.377  4244  4244 I bootstat: Logging histogram: bootstat_mtime_matches_content 1
09-11 05:35:42.377  4244  4244 I bootstat: Logging histogram: bootstat_mtime_matches_content 1
09-11 05:35:42.377  4244  4244 I bootstat: Logging histogram: last_boot_time_utc 1505118942
09-11 05:35:42.377  3063  3128 D vold    : Linking /storage/emulated/0 to /mnt/user/0/primary
09-11 05:35:42.377  4244  4244 I bootstat: Logging histogram: build_date 1504973533
09-11 05:35:42.377  4244  4244 I bootstat: Logging histogram: ota_boot_complete_no_encryption 71
09-11 05:35:42.377  3548  3638 D ConnectivityService: Got NetworkFactory Messenger for WIFI
09-11 05:35:42.377  4244  4244 I bootstat: Logging histogram: ota_boot_complete 71
09-11 05:35:42.377  4244  4244 I bootstat: Logging histogram: boot_reason 1
09-11 05:35:42.377  4244  4244 I bootstat: Logging histogram: factory_reset_current_time 1505118942
09-11 05:35:42.377  4244  4244 I bootstat: Logging histogram: factory_reset 1504995921
09-11 05:35:42.377  4244  4244 I bootstat: Logging histogram: time_since_last_boot 114
09-11 05:35:42.377  4244  4244 I bootstat: Logging histogram: boot_complete_no_encryption 11
09-11 05:35:42.377  4244  4244 I bootstat: Logging histogram: boot_complete 11
09-11 05:35:42.377  4244  4244 I bootstat: Logging histogram: factory_reset_record_value 1504995921
09-11 05:35:42.377  4244  4244 I bootstat: Logging histogram: time_since_factory_reset 123021
09-11 05:35:42.377  3548  3632 D WIFI_UT : Registering NetworkFactory
09-11 05:35:42.378  3548  3638 D ConnectivityService: Got NetworkFactory Messenger for WIFI_UT
09-11 05:35:42.378  3548  3624 D VoldConnector: RCV <- {200 6 Command succeeded}
09-11 05:35:42.378  3548  3632 D WIFI    : got request NetworkRequest [ REQUEST id=1, [ Capabilities: INTERNET&NOT_RESTRICTED&TRUSTED&NOT_VPN] ] with score 0
09-11 05:35:42.378  3548  3632 I WifiConnectivityManager: Set WiFiConnectivityManager enabled
09-11 05:35:42.379  3548  3623 D MountService: Volume emulated broadcasting mounted to UserHandle{0}
09-11 05:35:42.385  4217  4217 W System  : ClassLoader referenced unknown path: /system/priv-app/ExtServices/lib/arm64
09-11 05:35:42.390  3548  3548 I ActivityManager: Start proc 4247:com.android.deskclock/u0a46 for broadcast com.android.deskclock/.AlarmInitReceiver
09-11 05:35:42.392  3548  3632 D WIFI_UT : got request NetworkRequest [ REQUEST id=1, [ Capabilities: INTERNET&NOT_RESTRICTED&TRUSTED&NOT_VPN] ] with score 0
09-11 05:35:42.395  3548  3564 V BackupManagerService: No ancestral data
09-11 05:35:42.400  3548  3564 V BackupManagerService: Starting with transport com.google.android.gms/.backup.BackupTransportService
09-11 05:35:42.400  3548  3564 V BackupManagerService: Found transports: 1
09-11 05:35:42.401  3694  3694 W InputAttributes: No editor info for this field. Bug?
09-11 05:35:42.403  3548  3548 V BackupManagerService: Connected to transport ComponentInfo{android/com.android.internal.backup.LocalTransportService}
09-11 05:35:42.404  3548  3548 V BackupManagerService: Registering transport android/com.android.internal.backup.LocalTransportService::android/com.android.internal.backup.LocalTransport = android.app.backup.BackupTransport$TransportImpl@8d8ab4f
09-11 05:35:42.413  4247  4247 W System  : ClassLoader referenced unknown path: /system/app/DeskClock/lib/arm64
09-11 05:35:42.420  3548  3564 I BackupManagerService: Backup enabled => false
09-11 05:35:42.443  4285  4285 I SharedPreferenc: type=1400 audit(0.0:180): avc: denied { read } for name="com.android.deskclock_preferences.xml" dev="sda24" ino=3121337 scontext=u:r:untrusted_app:s0:c512,c768 tcontext=u:object_r:system_data_file:s0:c512,c768 tclass=file permissive=1
09-11 05:35:42.443  4285  4285 W SharedPreferenc: type=1300 audit(0.0:180): arch=c00000b7 syscall=48 success=yes exit=0 a0=ffffff9c a1=7f80439000 a2=4 a3=0 items=0 ppid=3161 auid=4294967295 uid=10046 gid=10046 euid=10046 suid=10046 fsuid=10046 egid=10046 sgid=10046 fsgid=10046 tty=(none) ses=4294967295 exe="/system/bin/app_process64" subj=u:r:untrusted_app:s0:c512,c768 key=(null)
09-11 05:35:42.443  3071  3071 W auditd  : type=1327 audit(0.0:180): proctitle="com.android.deskclock"
09-11 05:35:42.443  3071  3071 W auditd  : type=1320 audit(0.0:180): 
09-11 05:35:42.443  4285  4285 I SharedPreferenc: type=1400 audit(0.0:181): avc: denied { getattr } for path="/data/user_de/0/com.android.deskclock/shared_prefs/com.android.deskclock_preferences.xml" dev="sda24" ino=3121337 scontext=u:r:untrusted_app:s0:c512,c768 tcontext=u:object_r:system_data_file:s0:c512,c768 tclass=file permissive=1
09-11 05:35:42.443  4285  4285 W SharedPreferenc: type=1300 audit(0.0:181): arch=c00000b7 syscall=79 success=yes exit=0 a0=ffffff9c a1=7f80439000 a2=7f807d0bf8 a3=0 items=0 ppid=3161 auid=4294967295 uid=10046 gid=10046 euid=10046 suid=10046 fsuid=10046 egid=10046 sgid=10046 fsgid=10046 tty=(none) ses=4294967295 exe="/system/bin/app_process64" subj=u:r:untrusted_app:s0:c512,c768 key=(null)
09-11 05:35:42.443  3071  3071 W auditd  : type=1327 audit(0.0:181): proctitle="com.android.deskclock"
09-11 05:35:42.443  3071  3071 W auditd  : type=1320 audit(0.0:181): 
09-11 05:35:42.457  4247  4247 I AlarmClock: AlarmInitReceiver android.intent.action.LOCKED_BOOT_COMPLETED
09-11 05:35:42.460  3548  4246 V KeyValueBackupJob: Scheduling k/v pass in 242 minutes
09-11 05:35:42.463  4247  4247 I droid.deskclock: type=1400 audit(0.0:182): avc: denied { write } for name="shared_prefs" dev="sda24" ino=3121297 scontext=u:r:untrusted_app:s0:c512,c768 tcontext=u:object_r:system_data_file:s0:c512,c768 tclass=dir permissive=1
09-11 05:35:42.463  4247  4247 I droid.deskclock: type=1400 audit(0.0:182): avc: denied { remove_name } for name="com.android.deskclock_preferences.xml" dev="sda24" ino=3121337 scontext=u:r:untrusted_app:s0:c512,c768 tcontext=u:object_r:system_data_file:s0:c512,c768 tclass=dir permissive=1
09-11 05:35:42.463  4247  4247 I droid.deskclock: type=1400 audit(0.0:182): avc: denied { rename } for name="com.android.deskclock_preferences.xml" dev="sda24" ino=3121337 scontext=u:r:untrusted_app:s0:c512,c768 tcontext=u:object_r:system_data_file:s0:c512,c768 tclass=file permissive=1
09-11 05:35:42.463  4247  4247 I droid.deskclock: type=1400 audit(0.0:182): avc: denied { add_name } for name="com.android.deskclock_preferences.xml.bak" scontext=u:r:untrusted_app:s0:c512,c768 tcontext=u:object_r:system_data_file:s0:c512,c768 tclass=dir permissive=1
09-11 05:35:42.463  4247  4247 W droid.deskclock: type=1300 audit(0.0:182): arch=c00000b7 syscall=38 success=yes exit=0 a0=ffffff9c a1=7f7db69880 a2=ffffff9c a3=7f7db698e0 items=0 ppid=3161 auid=4294967295 uid=10046 gid=10046 euid=10046 suid=10046 fsuid=10046 egid=10046 sgid=10046 fsgid=10046 tty=(none) ses=4294967295 exe="/system/bin/app_process64" subj=u:r:untrusted_app:s0:c512,c768 key=(null)
09-11 05:35:42.463  3071  3071 W auditd  : type=1327 audit(0.0:182): proctitle="com.android.deskclock"
09-11 05:35:42.463  3071  3071 W auditd  : type=1320 audit(0.0:182): 
09-11 05:35:42.467  4247  4247 I droid.deskclock: type=1400 audit(0.0:183): avc: denied { create } for name="com.android.deskclock_preferences.xml" scontext=u:r:untrusted_app:s0:c512,c768 tcontext=u:object_r:system_data_file:s0:c512,c768 tclass=file permissive=1
09-11 05:35:42.467  4247  4247 I droid.deskclock: type=1400 audit(0.0:183): avc: denied { write } for path="/data/user_de/0/com.android.deskclock/shared_prefs/com.android.deskclock_preferences.xml" dev="sda24" ino=3121371 scontext=u:r:untrusted_app:s0:c512,c768 tcontext=u:object_r:system_data_file:s0:c512,c768 tclass=file permissive=1
09-11 05:35:42.467  4247  4247 W droid.deskclock: type=1300 audit(0.0:183): arch=c00000b7 syscall=56 success=yes exit=34 a0=ffffff9c a1=7f7db69880 a2=241 a3=1b6 items=0 ppid=3161 auid=4294967295 uid=10046 gid=10046 euid=10046 suid=10046 fsuid=10046 egid=10046 sgid=10046 fsgid=10046 tty=(none) ses=4294967295 exe="/system/bin/app_process64" subj=u:r:untrusted_app:s0:c512,c768 key=(null)
09-11 05:35:42.467  3071  3071 W auditd  : type=1327 audit(0.0:183): proctitle="com.android.deskclock"
09-11 05:35:42.467  3071  3071 W auditd  : type=1320 audit(0.0:183): 
09-11 05:35:42.471  3548  4246 V KeyValueBackupJob: Scheduling k/v pass in 243 minutes
09-11 05:35:42.475  4247  4247 I droid.deskclock: type=1400 audit(0.0:184): avc: denied { setattr } for name="com.android.deskclock_preferences.xml" dev="sda24" ino=3121371 scontext=u:r:untrusted_app:s0:c512,c768 tcontext=u:object_r:system_data_file:s0:c512,c768 tclass=file permissive=1
09-11 05:35:42.475  4247  4247 W droid.deskclock: type=1300 audit(0.0:184): arch=c00000b7 syscall=53 success=yes exit=0 a0=ffffff9c a1=7f7db69880 a2=1b0 a3=0 items=0 ppid=3161 auid=4294967295 uid=10046 gid=10046 euid=10046 suid=10046 fsuid=10046 egid=10046 sgid=10046 fsgid=10046 tty=(none) ses=4294967295 exe="/system/bin/app_process64" subj=u:r:untrusted_app:s0:c512,c768 key=(null)
09-11 05:35:42.475  3071  3071 W auditd  : type=1327 audit(0.0:184): proctitle="com.android.deskclock"
09-11 05:35:42.475  3071  3071 W auditd  : type=1320 audit(0.0:184): 
09-11 05:35:42.479  4247  4247 I droid.deskclock: type=1400 audit(0.0:185): avc: denied { unlink } for name="com.android.deskclock_preferences.xml.bak" dev="sda24" ino=3121337 scontext=u:r:untrusted_app:s0:c512,c768 tcontext=u:object_r:system_data_file:s0:c512,c768 tclass=file permissive=1
09-11 05:35:42.479  4247  4247 W droid.deskclock: type=1300 audit(0.0:185): arch=c00000b7 syscall=35 success=yes exit=0 a0=ffffff9c a1=7f7db69880 a2=0 a3=100 items=0 ppid=3161 auid=4294967295 uid=10046 gid=10046 euid=10046 suid=10046 fsuid=10046 egid=10046 sgid=10046 fsgid=10046 tty=(none) ses=4294967295 exe="/system/bin/app_process64" subj=u:r:untrusted_app:s0:c512,c768 key=(null)
09-11 05:35:42.479  3071  3071 W auditd  : type=1327 audit(0.0:185): proctitle="com.android.deskclock"
09-11 05:35:42.497  3548  3564 W VoiceInteractionManagerService: no available voice interaction services found for user 0
09-11 05:35:42.497  3548  3564 W VoiceInteractionManagerService: no available voice recognition services found for user 0
09-11 05:35:42.497  3548  3564 I BrokerableCMSystemService: Connecting to implementation
09-11 05:35:42.497  3548  3564 W ContextImpl: Calling a method in the system process without a qualified user: android.app.ContextImpl.bindService:1421 org.cyanogenmod.platform.internal.BrokerableCMSystemService.tryConnecting:199 org.cyanogenmod.platform.internal.WeatherManagerServiceBroker.onUnlockUser:97 com.android.server.SystemServiceManager.unlockUser:179 com.android.server.am.ActivityManagerService$MainHandler.handleMessage:2067 
09-11 05:35:42.506  3548  4246 I BackupManagerService: Found stale backup journal, scheduling
09-11 05:35:42.508  3548  3564 I ActivityManager: Start proc 4294:org.cyanogenmod.weatherservice/u0a30 for service org.cyanogenmod.weatherservice/.WeatherManagerService
09-11 05:35:42.508  3548  3564 I ActivityManager: Loading recents for user 0 into memory.
09-11 05:35:42.520  4294  4294 W System  : ClassLoader referenced unknown path: /system/priv-app/WeatherManagerService/lib/arm64
09-11 05:35:42.524  3548  3564 I ActivityManager: Start proc 4308:org.cyanogenmod.audiofx/u0a2 for added application org.cyanogenmod.audiofx
09-11 05:35:42.535  3548  3564 I ActivityManager: Start proc 4323:com.android.nfc/1027 for added application com.android.nfc
09-11 05:35:42.536  3548  3564 D ActivityManager: Sending BOOT_COMPLETE user #0
09-11 05:35:42.543  4308  4308 W System  : ClassLoader referenced unknown path: /system/priv-app/AudioFX/lib/arm64
09-11 05:35:42.548  3548  3866 I ActivityManager: Start proc 4347:android.process.media/u0a10 for broadcast com.android.providers.downloads/.DownloadReceiver
09-11 05:35:42.552  3851  3851 D FallbackHome: User unlocked and real home found; let's go!
09-11 05:35:42.558  3548  3548 I AccountManagerService: User 0 is unlocked - opening CE database
09-11 05:35:42.562  3548  3646 I ActivityManager: Start proc 4374:com.android.keychain/1000 for service com.android.keychain/.KeyChainService
09-11 05:35:42.569  3548  4368 I ActivityManager: START u0 {act=android.intent.action.MAIN cat=[android.intent.category.HOME] flg=0x10000100 cmp=com.cyanogenmod.trebuchet/com.android.launcher3.Launcher} from uid 0 on display 0
09-11 05:35:42.577  4347  4347 W System  : ClassLoader referenced unknown path: /system/priv-app/DownloadProvider/lib/arm64
09-11 05:35:42.580  3548  3548 D WifiService: resetting networks because SIM was loaded
09-11 05:35:42.580  3548  3632 D WifiStateMachine: resetting EAP-SIM/AKA/AKA' networks since SIM was changed
09-11 05:35:42.584  3548  3866 I ActivityManager: Start proc 4391:com.android.smspush/u0a57 for service com.android.smspush/.WapPushManager
09-11 05:35:42.585  3836  3836 D CarrierSvcBindHelper: Received android.intent.action.USER_UNLOCKED
09-11 05:35:42.588  3836  3836 D CarrierSvcBindHelper: No carrier app for: 0
09-11 05:35:42.588  3836  3836 D CarrierSvcBindHelper: No carrier app for: 1
09-11 05:35:42.596  3548  4372 I ActivityManager: Start proc 4419:com.cyanogenmod.trebuchet/u0a29 for activity com.cyanogenmod.trebuchet/com.android.launcher3.Launcher
09-11 05:35:42.601  3548  3564 I VrManagerService: VR mode is allowed
09-11 05:35:42.601  3548  3548 D WifiService: resetting networks because SIM was removed
09-11 05:35:42.601  3548  3548 D WifiService: resetting country code because SIM is removed
09-11 05:35:42.601  3548  3632 D WifiStateMachine: resetting EAP-SIM/AKA/AKA' networks since SIM was changed
09-11 05:35:42.605  4374  4374 W System  : ClassLoader referenced unknown path: /system/app/KeyChain/lib/arm64
09-11 05:35:42.605  4323  4323 I NfcService: Starting NFC service
09-11 05:35:42.606  3708  3708 W KeyguardUpdateMonitor: invalid subId in handleSimStateChange()
09-11 05:35:42.611  4419  4419 W System  : ClassLoader referenced unknown path: /system/priv-app/Trebuchet/lib/arm64
09-11 05:35:42.612  3548  3548 I BrokerableCMSystemService: Implementation service connected
09-11 05:35:42.612  4391  4391 W System  : ClassLoader referenced unknown path: /system/app/WAPPushManager/lib/arm64
09-11 05:35:42.614  4347  4347 W System  : ClassLoader referenced unknown path: /system/priv-app/MediaProvider/lib/arm64
09-11 05:35:42.616  4347  4347 D ApplicationLoaders: ignored Vulkan layer search path /system/priv-app/MediaProvider/lib/arm64:/system/priv-app/MediaProvider/MediaProvider.apk!/lib/arm64-v8a:/system/lib64:/vendor/lib64 for namespace 0x7f8bbe50f0
09-11 05:35:42.617  4323  4323 D BrcmNfcJni: JNI_OnLoad: enter
09-11 05:35:42.617  4323  4323 I BrcmNfcJni: NFC Service: loading nci JNI
09-11 05:35:42.617  4323  4323 D BrcmNfcJni: register_com_android_nfc_NativeNfcManager: enter
09-11 05:35:42.617  4323  4323 D BrcmNfcJni: PowerSwitch::initialize: level=PS-UNKNOWN (0)
09-11 05:35:42.617  4323  4323 D NfcAdaptation: bool CNfcConfig::readConfig(const char *, bool) Opened base config /etc/libnfc-brcm.conf
09-11 05:35:42.624  4323  4323 D NfcAdaptation: const CNfcParam *CNfcConfig::find(const char *) const found SCREEN_OFF_POWER_STATE=(0x3)
09-11 05:35:42.624  4323  4323 D BrcmNfcJni: PowerSwitch::initialize: desired screen-off state=3
09-11 05:35:42.624  4323  4323 D BrcmNfcJni: register_com_android_nfc_NativeNfcManager: exit
09-11 05:35:42.624  4323  4323 D BrcmNfcJni: register_com_android_nfc_NativeNfcTag
09-11 05:35:42.624  4323  4323 D NfcAdaptation: const CNfcParam *CNfcConfig::find(const char *) const found ACTIVE_SE=(0x2)
09-11 05:35:42.624  4323  4323 D BrcmNfcJni: RoutingManager::RoutingManager(): Active SE for Nfc-F is 0x00
09-11 05:35:42.624  4323  4323 D NfcAdaptation: const CNfcParam *CNfcConfig::find(const char *) const found DEFAULT_ISODEP_ROUTE=(0x3)
09-11 05:35:42.624  4323  4323 D BrcmNfcJni: RoutingManager::RoutingManager(): default route is 0x03
09-11 05:35:42.624  4323  4323 D BrcmNfcJni: RoutingManager::RoutingManager(): default route for Nfc-F is 0x00
09-11 05:35:42.624  4323  4323 D NfcAdaptation: const CNfcParam *CNfcConfig::find(const char *) const found AID_MATCHING_MODE=(0x1)
09-11 05:35:42.624  4323  4323 D BrcmNfcJni: RoutingManager::RoutingManager(): mOffHostEe=0xF4
09-11 05:35:42.624  4323  4323 D BrcmNfcJni: RoutingManager::registerJniFunctions
09-11 05:35:42.624  4323  4323 D BrcmNfcJni: JNI_OnLoad: exit
09-11 05:35:42.624  4323  4323 D BrcmNfcJni: nfcManager_initNativeStruc: enter
09-11 05:35:42.624  4323  4323 D BrcmNfcJni: nfcManager_initNativeStruc: exit
09-11 05:35:42.626  4323  4323 W Settings: Setting device_provisioned has moved from android.provider.Settings.Secure to android.provider.Settings.Global.
09-11 05:35:42.644  4419  4419 V Launcher: LauncherAppState inited
09-11 05:35:42.648  4323  4323 I NfceeAccess: read 5 signature(s) for NFCEE access
09-11 05:35:42.656  3548  3722 W Searchables: No global search activity found
09-11 05:35:42.659  4323  4323 D RegisteredT3tIdentifiersCache: RegisteredT3tIdentifiersCache
09-11 05:35:42.666  4419  4419 D Launcher.Model: Old launcher provider: content://com.android.launcher2.settings/favorites?notify=true
09-11 05:35:42.666  4419  4419 D Launcher.Model: Old launcher provider does not exist.
09-11 05:35:42.667  4323  4323 D RegisteredServicesCache: Dynamic AIDs file does not exist.
09-11 05:35:42.668  4323  4323 D RegisteredNfcFServicesCache: Dynamic System Code, NFCID2 file does not exist.
09-11 05:35:42.669  4323  4323 D RegisteredNfcFServicesCache: Service unchanged, not updating
09-11 05:35:42.670  4323  4443 D NfcService: checking on firmware download
09-11 05:35:42.670  4323  4443 D NfcService: NFC is off.  Checking firmware version
09-11 05:35:42.670  4323  4443 D BrcmNfcJni: nfcManager_doDownload: enter
09-11 05:35:42.670  4323  4443 D NfcAdaptation: NfcAdaptation::Initialize: enter
09-11 05:35:42.670  4323  4443 E NfcAdaptation: NfcAdaptation::Initialize: ver=NFCDROID-AOSP_N_00.01 nfa=NFA_PI_1.03.66+
09-11 05:35:42.670  4323  4443 D NfcAdaptation: const CNfcParam *CNfcConfig::find(const char *) const found NFA_STORAGE=/data/nfc
09-11 05:35:42.670  4323  4443 D NfcAdaptation: const CNfcParam *CNfcConfig::find(const char *) const found PROTOCOL_TRACE_LEVEL=(0xFFFFFFFF)
09-11 05:35:42.670  4323  4443 D NfcAdaptation: const CNfcParam *CNfcConfig::find(const char *) const found APPL_TRACE_LEVEL=(0xFF)
09-11 05:35:42.670  4323  4443 D BrcmNfcJni: initializeGlobalAppLogLevel: level=5
09-11 05:35:42.670  4323  4443 D         : verify_stack_non_volatile_store
09-11 05:35:42.670  4323  4443 D NfcNciHal: crcChecksumVerifyIntegrity: filename=/data/nfc/nfaStorage.bin1
09-11 05:35:42.670  4323  4443 D NfcNciHal: crcChecksumVerifyIntegrity: data size=288
09-11 05:35:42.671  4323  4443 D NfcNciHal: crcChecksumVerifyIntegrity: filename=/data/nfc/nfaStorage.bin2
09-11 05:35:42.671  4323  4443 D NfcNciHal: crcChecksumVerifyIntegrity: filename=/data/nfc/nfaStorage.bin3
09-11 05:35:42.671  4323  4443 D NfcNciHal: crcChecksumVerifyIntegrity: filename=/data/nfc/nfaStorage.bin4
09-11 05:35:42.671  4323  4443 D NfcNciHal: crcChecksumVerifyIntegrity: filename=/data/nfc/nfaStorage.bin5
09-11 05:35:42.671  4323  4443 D NfcAdaptation: const CNfcParam *CNfcConfig::find(const char *) const found PRESERVE_STORAGE=(0x1)
09-11 05:35:42.671  4323  4443 D NfcAdaptation: Initialize: preserve stack NV store
09-11 05:35:42.671  4323  4445 D NfcAdaptation: NfcAdaptation::NFCA_TASK: enter
09-11 05:35:42.671  4323  4445 I BrcmNfcNfa: GKI_run(): Start/Stop GKI_timer_update_registered!
09-11 05:35:42.671  4323  4446 D NfcAdaptation: NfcAdaptation::Thread: enter
09-11 05:35:42.672  4323  4447 I BrcmNfcNfa: NFC_TASK started.
09-11 05:35:42.672  4323  4446 D NfcAdaptation: NfcAdaptation::Thread: exit
09-11 05:35:42.672  4323  4443 D NfcAdaptation: NfcAdaptation::InitializeHalDeviceContext: enter
09-11 05:35:42.672  4323  4443 D NfcAdaptation: const CNfcParam *CNfcConfig::find(const char *) const found NCI_HAL_MODULE=nfc_nci
09-11 05:35:42.675  3548  3548 I GnssLocationProvider: WakeLock acquired by sendMessage(12, 0, null)
09-11 05:35:42.675  4323  4443 D NfcNciHal: nfc_open: enter; name=nci
09-11 05:35:42.675  4323  4443 I SecHAL  : nfc_hal_init: enter;
09-11 05:35:42.676  4323  4443 D SecHAL  : __get_config_int: Get config TRACE_LEVEL: 2(0x2)
09-11 05:35:42.676  4323  4443 D SecHAL  : __get_config_int: Get config DATA_TRACE: 2(0x2)
09-11 05:35:42.676  4323  4443 D SecHAL  : __get_config_int: Get config SLEEP_TIMEOUT: 1000(0x3e8)
09-11 05:35:42.676  4323  4443 D SecHAL  : setSleepTimeout: Sleep timeout is 1000 ms
09-11 05:35:42.676  4323  4443 I SecHAL  : device_npt_control: device_npt_control: NFC Wake up for NPT.
09-11 05:35:42.676  4323  4443 I SecHAL  : nfc_hal_init: succeed;
09-11 05:35:42.676  4323  4443 D NfcNciHal: nfc_open: exit 0
09-11 05:35:42.676  4323  4443 D NfcAdaptation: NfcAdaptation::InitializeHalDeviceContext: exit
09-11 05:35:42.676  4323  4443 D NfcAdaptation: NfcAdaptation::Initialize: exit
09-11 05:35:42.676  4323  4443 D NfcAdaptation: NfcAdaptation::DownloadFirmware: enter
09-11 05:35:42.676  4323  4443 D NfcAdaptation: NfcAdaptation::HalInitialize
09-11 05:35:42.676  4323  4443 D NfcAdaptation: NfcAdaptation::DownloadFirmware: try open HAL
09-11 05:35:42.676  4323  4443 D NfcAdaptation: NfcAdaptation::HalOpen
09-11 05:35:42.676  4323  4443 I SecHAL  : nfc_hal_open: enter;
09-11 05:35:42.676  4323  4443 D SecHAL  : get_config_string: Get config POWER_DRIVER: /dev/sec-nfc
09-11 05:35:42.676  4323  4443 D SecHAL  : get_config_string: Get config TRANS_DRIVER: /dev/sec-nfc
09-11 05:35:42.676  4323  4443 E SecHAL  : device_open: pw_driver: 37, tr_driver: 37
09-11 05:35:42.676  4323  4443 I SecHAL  : device_set_mode: device mode chage: 0 -> 2
09-11 05:35:42.676  3836  3836 D CarrierConfigLoader: update config for phoneId: 1 simState: ABSENT
09-11 05:35:42.676  3836  3836 D CarrierSvcBindHelper: update binding for phoneId: 1 simState: ABSENT
09-11 05:35:42.684  3708  3708 E SignalClusterView: Unexpected subscription 1
09-11 05:35:42.684  3708  3708 E SignalClusterView: Unexpected subscription 1
09-11 05:35:42.702  3548  4369 I ActivityManager: Start proc 4452:android.process.acore/u0a3 for content provider com.android.providers.contacts/.VoicemailContentProvider
09-11 05:35:42.712  4452  4452 W System  : ClassLoader referenced unknown path: /system/priv-app/ContactsProvider/lib/arm64
09-11 05:35:42.722  4347  4347 D MediaScannerReceiver: action: android.intent.action.MEDIA_MOUNTED path: /storage/emulated/0
09-11 05:35:42.735  3548  4373 I ActivityManager: Start proc 4469:com.cyanogenmod.eleven/u0a15 for broadcast com.cyanogenmod.eleven/.appwidgets.AppWidgetLarge
09-11 05:35:42.742  4452  4452 I ContactsPerf: VoicemailContentProvider.onCreate start
09-11 05:35:42.743  4452  4452 I ContactsPerf: VoicemailContentProvider.onCreate finish
09-11 05:35:42.746  4452  4452 W System  : ClassLoader referenced unknown path: /system/priv-app/BlockedNumberProvider/lib/arm64
09-11 05:35:42.746  4452  4452 D ApplicationLoaders: ignored Vulkan layer search path /system/priv-app/BlockedNumberProvider/lib/arm64:/system/lib64:/vendor/lib64 for namespace 0x7f8bbe50f0
09-11 05:35:42.749  4419  4442 W Launcher: setApplicationContext called twice! old=android.app.Application@f8adb37 new=android.app.Application@f8adb37
09-11 05:35:42.752  4452  4452 W System  : ClassLoader referenced unknown path: /system/app/UserDictionaryProvider/lib/arm64
09-11 05:35:42.753  4452  4452 D ApplicationLoaders: ignored Vulkan layer search path /system/app/UserDictionaryProvider/lib/arm64:/system/lib64:/vendor/lib64 for namespace 0x7f8bbe5160
09-11 05:35:42.770  3851  3851 I art     : Starting a blocking GC Explicit
09-11 05:35:42.777  3836  3836 I NotificationMgr: updateMwi(): subId 1 update to true
09-11 05:35:42.785  3172  3794 D NuPlayerDriver: stop(0xf4d8c180)
09-11 05:35:42.785  3172  3794 D NuPlayerDriver: notifyListener_l(0xf4d8c180), (8, 0, 0), loop setting(0, 0)
09-11 05:35:42.786  3708  3721 W MessageQueue: Handler (android.media.MediaPlayer$EventHandler) {1e1f3c3} sending message to a Handler on a dead thread
09-11 05:35:42.786  3708  3721 W MessageQueue: java.lang.IllegalStateException: Handler (android.media.MediaPlayer$EventHandler) {1e1f3c3} sending message to a Handler on a dead thread
09-11 05:35:42.786  3708  3721 W MessageQueue: 	at android.os.MessageQueue.enqueueMessage(MessageQueue.java:543)
09-11 05:35:42.786  3708  3721 W MessageQueue: 	at android.os.Handler.enqueueMessage(Handler.java:643)
09-11 05:35:42.786  3708  3721 W MessageQueue: 	at android.os.Handler.sendMessageAtTime(Handler.java:612)
09-11 05:35:42.786  3708  3721 W MessageQueue: 	at android.os.Handler.sendMessageDelayed(Handler.java:582)
09-11 05:35:42.786  3708  3721 W MessageQueue: 	at android.os.Handler.sendMessage(Handler.java:519)
09-11 05:35:42.786  3708  3721 W MessageQueue: 	at android.media.MediaPlayer.postEventFromNative(MediaPlayer.java:3060)
09-11 05:35:42.786  3172  3807 D NuPlayerDriver: reset(0xf4d8c180) at state 8
09-11 05:35:42.786  3851  3851 I art     : Explicit concurrent mark sweep GC freed 3718(329KB) AllocSpace objects, 0(0B) LOS objects, 25% free, 6MB/9MB, paused 262us total 15.933ms
09-11 05:35:42.788  3851  3851 I art     : Starting a blocking GC Explicit
09-11 05:35:42.788  4452  4484 I ContactLocale: AddressBook Labels [[en_US]]: [, A, B, C, D, E, F, G, H, I, J, K, L, M, N, O, P, Q, R, S, T, U, V, W, X, Y, Z, , , , , , , , , , , , , , , , , , , , , , , , , , , , , , , , , , , , , , , , , , , , , , , , , , , , , , , , , , , , , , , , , , , , , , , , , , , , , , , , , , , , , , , , , , , , , , , , , , , , , , , , , , , , , , , , , , , , , , , , , , , , , , , , , , , , , , , , , , , , , , , , , , , , , , , , , , , , , , , , , , , , , , , , , , , , , , , , , , , , , , , , , , , #, ]
09-11 05:35:42.791  3172  4205 W AMessage: failed to post message as target looper for handler 0 is gone.
09-11 05:35:42.792  3172  4205 D NuPlayerDriver: notifyResetComplete(0xf4d8c180)
09-11 05:35:42.793  3836  3836 D CallNotifier: updatePhoneStateListeners: update CF notifications.
09-11 05:35:42.801  4419  4508 I OpenGLRenderer: Initialized EGL, version 1.4
09-11 05:35:42.801  4419  4508 D OpenGLRenderer: Swap behavior 1
09-11 05:35:42.804  3851  3851 I art     : Explicit concurrent mark sweep GC freed 712(36KB) AllocSpace objects, 0(0B) LOS objects, 25% free, 6MB/9MB, paused 237us total 16.058ms
09-11 05:35:42.806  4419  4508 D mali_winsys: EGLint new_window_surface(egl_winsys_display*, void*, EGLSurface, EGLConfig, egl_winsys_surface**, egl_color_buffer_format*, EGLBoolean) returns 0x3000,  [1440x2960]-format:1
09-11 05:35:42.814  3548  3722 I ActivityManager: Start proc 4529:com.cyanogenmod.lockclock/u0a52 for broadcast com.cyanogenmod.lockclock/.ClockWidgetProvider
09-11 05:35:42.817  3836  3836 I NotificationMgr: updateMwi(): subId 1 update to true
09-11 05:35:42.830  3836  3836 I Telephony: PstnIncomingCallNotifier: Unregistering: Handler (com.android.internal.telephony.GsmCdmaPhone) {e799348}
09-11 05:35:42.830  3836  3836 W Telephony: TelecomAccountRegistry: Failed to get status , slotId: 0 Exception: java.lang.NullPointerException: Attempt to invoke interface method 'int org.codeaurora.internal.IExtTelephony.getCurrentUiccCardProvisioningStatus(int)' on a null object reference
09-11 05:35:42.833  4323  4443 D SecHAL  : __get_config_int: Get config WAKEUP_DELAY: 80(0x50)
09-11 05:35:42.834  4323  4443 I SecHAL  : nfc_hal_open: exit;
09-11 05:35:42.834  4323  4545 I SecHAL  : read_thread: enter
09-11 05:35:42.834  3708  4544 E MediaPlayer-JNI: JNIMediaPlayerFactory: bIsQCMediaPlayerPresent 0
09-11 05:35:42.834  4323  4546 I SecHAL  : nfc_hal_task: enter!
09-11 05:35:42.834  4323  4546 D SecHAL  : nfc_hal_task: Got a event: HAL_EVT_OPEN(0)
09-11 05:35:42.834  3708  4544 E MediaPlayer-JNI: JNIMediaPlayerFactory: bIsQCMediaPlayerPresent 0
09-11 05:35:42.834  4323  4546 D SecHAL  : nfc_hal_task: current state: OPEN
09-11 05:35:42.834  4323  4546 I SecHAL  : device_set_mode: device mode chage: 2 -> 2
09-11 05:35:42.834  4323  4546 D SecHAL  : nfc_hal_open_sm: Get Bootloader information.
