--------- beginning of system
11-14 19:20:10.694  3067  3067 I vold    : Vold 3.0 (the awakening) firing up
11-14 19:20:10.694  3067  3067 V vold    : Detected support for: exfat ext4 f2fs ntfs vfat
11-14 19:20:10.696  3067  3067 W Vold    : Tearing down stale mount /mnt/secure/asec
11-14 19:20:10.705  3067  3067 W Vold    : Tearing down stale mount /mnt/secure
11-14 19:20:10.731  3067  3134 D vold    : e4crypt_init_user0
11-14 19:20:10.731  3067  3134 D vold    : e4crypt_prepare_user_storage for volume null, user 0, serial 0, flags 1
11-14 19:20:10.731  3067  3134 D vold    : Preparing: /data/system/users/0
11-14 19:20:10.732  3067  3134 D vold    : Preparing: /data/misc/profiles/cur/0
11-14 19:20:10.732  3067  3134 D vold    : Preparing: /data/misc/profiles/cur/0/foreign-dex
11-14 19:20:10.732  3067  3134 D vold    : Preparing: /data/system_de/0
11-14 19:20:10.732  3067  3134 D vold    : Preparing: /data/misc_de/0
11-14 19:20:10.732  3067  3134 D vold    : Preparing: /data/user_de/0
11-14 19:20:10.732  3067  3134 D vold    : e4crypt_unlock_user_key 0 serial=0 token_present=0
11-14 19:20:10.732  3067  3134 E vold    : Failed to chmod /data/system_ce/0: No such file or directory
11-14 19:20:10.732  3067  3134 E vold    : Failed to chmod /data/misc_ce/0: No such file or directory
11-14 19:20:29.984  3613  3613 I InstallerConnection: connecting...
11-14 19:20:35.003  3613  3613 I InstallerConnection: disconnecting...
11-14 19:20:35.032  3613  3613 I SystemServer: Entered the Android system server!
11-14 19:20:35.053  3613  3613 I SystemServiceManager: Starting com.android.server.pm.Installer
11-14 19:20:35.053  3613  3613 I Installer: Waiting for installd to be ready.
11-14 19:20:35.053  3613  3613 I InstallerConnection: connecting...
11-14 19:20:35.053  3613  3613 I SystemServiceManager: Starting com.android.server.am.ActivityManagerService$Lifecycle
11-14 19:20:35.059  3613  3613 I ActivityManager: Memory class: 256
11-14 19:20:35.060  3613  3672 I ServiceThread: Enabled StrictMode logging for ActivityManager looper.
11-14 19:20:35.060  3613  3673 I ServiceThread: Enabled StrictMode logging for android.ui looper.
11-14 19:20:35.065  3613  3613 D BatteryStatsImpl: Reading daily items from /data/system/batterystats-daily.xml
11-14 19:20:35.087  3613  3613 I AppOps  : No existing app ops /data/system/appops.xml; starting empty
11-14 19:20:35.120  3613  3613 I IntentFirewall: Read new rules (A:0 B:0 S:0)
11-14 19:20:35.122  3613  3679 I ServiceThread: Enabled StrictMode logging for android.display looper.
11-14 19:20:35.124  3613  3613 D AppOps  : AppOpsService published
11-14 19:20:35.125  3613  3613 I SystemServiceManager: Starting com.android.server.power.PowerManagerService
11-14 19:20:35.125  3613  3681 I ServiceThread: Enabled StrictMode logging for PowerManagerService looper.
11-14 19:20:35.130  3613  3613 I SystemServiceManager: Starting com.android.server.lights.LightsService
11-14 19:20:35.131  3613  3613 I SystemServiceManager: Starting com.android.server.display.DisplayManagerService
11-14 19:20:35.133  3613  3613 I SystemServiceManager: Starting phase 100
11-14 19:20:35.134  3613  3679 W LocalDisplayAdapter: Unable to get active color mode for display device 0
11-14 19:20:35.134  3613  3679 E LocalDisplayAdapter: Default and active color mode is no longer available! Reverting to first available mode.
11-14 19:20:35.135  3613  3679 I DisplayManagerService: Display device added: DisplayDeviceInfo{"Built-in Screen": uniqueId="local:0", 1440 x 2960, modeId 1, defaultModeId 1, supportedModes [{id=1, width=1440, height=2960, fps=60.000004}], colorMode -22, supportedColorModes [-22], HdrCapabilities android.view.Display$HdrCapabilities@a69d6308, density 560, 522.514 x 525.762 dpi, appVsyncOff 1000000, presDeadline 16666666, touch INTERNAL, rotation 0, type BUILT_IN, state UNKNOWN, FLAG_DEFAULT_DISPLAY, FLAG_ROTATES_WITH_CONTENT, FLAG_SECURE, FLAG_SUPPORTS_PROTECTED_BUFFERS}
11-14 19:20:35.145  3613  3679 I DisplayManagerService: Display device changed state: "Built-in Screen", ON
11-14 19:20:35.145  3613  3613 I SystemServer: StartPackageManagerService
11-14 19:20:35.149  3613  3613 W FileUtils: Failed to chmod(/data/system/packages.list): android.system.ErrnoException: chmod failed: ENOENT (No such file or directory)
11-14 19:20:35.198  3613  3613 D SELinuxMMAC: Using policy file /system/etc/security/mac_permissions.xml
11-14 19:20:35.199  3613  3613 I PackageManager: No settings file; creating initial state
11-14 19:20:36.078  3613  3613 W PackageManager: Library not found: /system/framework/org.apache.http.legacy.jar
11-14 19:20:36.590  3613  3613 W PackageManager: Library not found: /system/framework/org.apache.http.legacy.jar
11-14 19:20:36.731  3613  3831 I PackageManager: /system/framework/org.cyanogenmod.platform-res.apk changed; collecting certs
11-14 19:20:36.737  3613  3831 W PackageManager: Permission cyanogenmod.permission.WRITE_ALARMS from package cyanogenmod.platform in an unknown group android.permission-group.SYSTEM_CLOCK
11-14 19:20:36.737  3613  3831 W PackageManager: Permission cyanogenmod.permission.MANAGE_ALARMS from package cyanogenmod.platform in an unknown group android.permission-group.SYSTEM_CLOCK
11-14 19:20:36.737  3613  3831 W PackageManager: Permission cyanogenmod.permission.READ_ALARMS from package cyanogenmod.platform in an unknown group android.permission-group.SYSTEM_CLOCK
11-14 19:20:36.737  3613  3830 I PackageManager: /system/framework/framework-res.apk changed; collecting certs
11-14 19:20:36.808  3613  3834 I PackageManager: /system/priv-app/BlockedNumberProvider changed; collecting certs
11-14 19:20:36.808  3613  3830 I PackageManager: /system/priv-app/CMSettingsProvider changed; collecting certs
11-14 19:20:36.810  3613  3833 I PackageManager: /system/priv-app/BackupRestoreConfirmation changed; collecting certs
11-14 19:20:36.810  3613  3832 I PackageManager: /system/priv-app/AudioFX changed; collecting certs
11-14 19:20:36.812  3613  3835 I PackageManager: /system/priv-app/CMAudioService changed; collecting certs
11-14 19:20:36.816  3613  3830 I PackageManager: /system/priv-app/CallLogBackup changed; collecting certs
11-14 19:20:36.819  3613  3834 I PackageManager: /system/priv-app/CalendarProvider changed; collecting certs
11-14 19:20:36.822  3613  3831 I PackageManager: /system/priv-app/CMParts changed; collecting certs
11-14 19:20:36.823  3613  3833 I PackageManager: /system/priv-app/CarrierConfig changed; collecting certs
11-14 19:20:36.825  3613  3835 I PackageManager: /system/priv-app/CellBroadcastReceiver changed; collecting certs
11-14 19:20:36.826  3613  3834 I PackageManager: /system/priv-app/CtsShimPrivPrebuilt changed; collecting certs
11-14 19:20:36.828  3613  3830 I PackageManager: /system/priv-app/ContactsProvider changed; collecting certs
11-14 19:20:36.837  3613  3833 I PackageManager: /system/priv-app/DefaultContainerService changed; collecting certs
11-14 19:20:36.840  3613  3832 W PackageParser: No actions in intent filter at /system/priv-app/Contacts/Contacts.apk Binary XML file line #431
11-14 19:20:36.841  3613  3832 I PackageManager: /system/priv-app/Contacts changed; collecting certs
11-14 19:20:36.846  3613  3835 I PackageManager: /system/priv-app/DownloadProvider changed; collecting certs
11-14 19:20:36.846  3613  3830 I PackageManager: /system/priv-app/DocumentsUI changed; collecting certs
11-14 19:20:36.853  3613  3831 I PackageManager: /system/priv-app/Eleven changed; collecting certs
11-14 19:20:36.854  3613  3835 W PackageManager: Permission android.permission.DOWNLOAD_WITHOUT_NOTIFICATION from package com.android.providers.downloads in an unknown group android.permission-group.NETWORK
11-14 19:20:36.860  3613  3835 I PackageManager: /system/priv-app/ExtServices changed; collecting certs
11-14 19:20:36.860  3613  3833 I PackageManager: /system/priv-app/EmergencyInfo changed; collecting certs
11-14 19:20:36.870  3613  3830 I PackageManager: /system/priv-app/ExternalStorageProvider changed; collecting certs
11-14 19:20:36.870  3613  3834 W PackageParser: No actions in intent filter at /system/priv-app/Dialer/Dialer.apk Binary XML file line #207
11-14 19:20:36.872  3613  3834 I PackageManager: /system/priv-app/Dialer changed; collecting certs
11-14 19:20:36.873  3613  3835 I PackageManager: /system/priv-app/FusedLocation changed; collecting certs
11-14 19:20:36.889  3613  3835 I PackageManager: /system/priv-app/LineageSetupWizard changed; collecting certs
11-14 19:20:36.889  3613  3830 I PackageManager: /system/priv-app/InputDevices changed; collecting certs
11-14 19:20:36.889  3613  3831 I PackageManager: /system/priv-app/MediaProvider changed; collecting certs
11-14 19:20:36.897  3613  3831 I PackageManager: /system/priv-app/MmsService changed; collecting certs
11-14 19:20:36.898  3613  3833 I PackageManager: /system/priv-app/ManagedProvisioning changed; collecting certs
11-14 19:20:36.901  3613  3832 I PackageManager: /system/priv-app/Gallery2 changed; collecting certs
11-14 19:20:36.903  3613  3830 I PackageManager: /system/priv-app/MtpDocumentsProvider changed; collecting certs
11-14 19:20:36.906  3613  3831 I PackageManager: /system/priv-app/OneTimeInitializer changed; collecting certs
11-14 19:20:36.908  3613  3833 I PackageManager: /system/priv-app/ProxyHandler changed; collecting certs
11-14 19:20:36.915  3613  3833 I PackageManager: /system/priv-app/SharedStorageBackup changed; collecting certs
11-14 19:20:36.917  3613  3834 I PackageManager: /system/priv-app/Recorder changed; collecting certs
11-14 19:20:36.919  3613  3831 I PackageManager: /system/priv-app/SettingsProvider changed; collecting certs
11-14 19:20:36.923  3613  3835 I PackageManager: /system/priv-app/PackageInstaller changed; collecting certs
11-14 19:20:36.925  3613  3831 I PackageManager: /system/priv-app/StatementService changed; collecting certs
11-14 19:20:36.925  3613  3833 W PackageParser: Ignoring duplicate uses-permissions/uses-permissions-sdk-m: android.permission.INSTALL_GRANT_RUNTIME_PERMISSIONS in package: com.android.shell at: Binary XML file line #102
11-14 19:20:36.926  3613  3833 I PackageManager: /system/priv-app/Shell changed; collecting certs
11-14 19:20:36.940  3613  3833 I PackageManager: /system/priv-app/Tag changed; collecting certs
11-14 19:20:36.941  3613  3834 I PackageManager: /system/priv-app/StorageManager changed; collecting certs
11-14 19:20:36.952  3613  3833 I PackageManager: /system/priv-app/TelephonyProvider changed; collecting certs
11-14 19:20:36.961  3613  3832 I PackageManager: /system/priv-app/Telecom changed; collecting certs
11-14 19:20:36.963  3613  3831 W PackageParser: Ignoring duplicate uses-permissions/uses-permissions-sdk-m: android.permission.CONFIGURE_WIFI_DISPLAY in package: com.android.systemui at: Binary XML file line #117
11-14 19:20:36.967  3613  3833 I PackageManager: /system/priv-app/Trebuchet changed; collecting certs
11-14 19:20:36.969  3613  3831 I PackageManager: /system/priv-app/SystemUI changed; collecting certs
11-14 19:20:36.969  3613  3834 I PackageManager: /system/priv-app/Updater changed; collecting certs
11-14 19:20:36.975  3613  3833 W PackageManager: Permission com.android.launcher.permission.INSTALL_SHORTCUT from package com.cyanogenmod.trebuchet in an unknown group android.permission-group.SYSTEM_TOOLS
11-14 19:20:36.975  3613  3833 W PackageManager: Permission com.android.launcher3.permission.READ_SETTINGS from package com.cyanogenmod.trebuchet in an unknown group android.permission-group.SYSTEM_TOOLS
11-14 19:20:36.975  3613  3833 W PackageManager: Permission com.android.launcher3.permission.WRITE_SETTINGS from package com.cyanogenmod.trebuchet in an unknown group android.permission-group.SYSTEM_TOOLS
11-14 19:20:36.980  3613  3832 I PackageManager: /system/priv-app/VpnDialogs changed; collecting certs
11-14 19:20:36.981  3613  3834 I PackageManager: /system/priv-app/WallpaperCropper changed; collecting certs
11-14 19:20:36.981  3613  3833 I PackageManager: /system/priv-app/WeatherManagerService changed; collecting certs
11-14 19:20:36.984  3613  3835 I PackageManager: /system/priv-app/TeleService changed; collecting certs
11-14 19:20:36.986  3613  3832 I PackageManager: /system/priv-app/WeatherProvider changed; collecting certs
11-14 19:20:37.009  3613  3830 W PackageParser: Ignoring duplicate uses-permissions/uses-permissions-sdk-m: android.permission.USE_CREDENTIALS in package: com.android.settings at: Binary XML file line #56
11-14 19:20:37.009  3613  3830 W PackageParser: Ignoring duplicate uses-permissions/uses-permissions-sdk-m: android.permission.READ_SYNC_SETTINGS in package: com.android.settings at: Binary XML file line #61
11-14 19:20:37.009  3613  3830 W PackageParser: Ignoring duplicate uses-permissions/uses-permissions-sdk-m: android.permission.WRITE_SYNC_SETTINGS in package: com.android.settings at: Binary XML file line #62
11-14 19:20:37.020  3613  3830 I PackageManager: /system/priv-app/Settings changed; collecting certs
11-14 19:20:37.094  3613  3831 I PackageManager: /system/app/BookmarkProvider changed; collecting certs
11-14 19:20:37.094  3613  3834 I PackageManager: /system/app/BasicDreams changed; collecting certs
11-14 19:20:37.095  3613  3835 I PackageManager: /system/app/BluetoothMidiService changed; collecting certs
11-14 19:20:37.100  3613  3832 W PackageParser: No actions in intent filter at /system/app/Bluetooth/Bluetooth.apk Binary XML file line #226
11-14 19:20:37.101  3613  3830 I PackageManager: /system/app/Calendar changed; collecting certs
11-14 19:20:37.101  3613  3832 I PackageManager: /system/app/Bluetooth changed; collecting certs
11-14 19:20:37.102  3613  3833 I PackageManager: /system/app/AdvancedDisplay changed; collecting certs
11-14 19:20:37.104  3613  3834 I PackageManager: /system/app/CaptivePortalLogin changed; collecting certs
11-14 19:20:37.109  3613  3831 I PackageManager: /system/app/CertInstaller changed; collecting certs
11-14 19:20:37.112  3613  3835 I PackageManager: /system/app/Camera2 changed; collecting certs
11-14 19:20:37.118  3613  3830 W PackageManager: Non-privileged app; cap priority to 0; package: com.android.calendar activity: com.android.calendar.GoogleCalendarUriIntentFilter origPrio: 50
11-14 19:20:37.118  3613  3834 I PackageManager: /system/app/CtsShimPrebuilt changed; collecting certs
11-14 19:20:37.120  3613  3834 W PackageManager: Non-privileged app; cap priority to 0; package: com.android.cts.ctsshim activity: com.android.cts.ctsshim.InstallPriority origPrio: 100
11-14 19:20:37.120  3613  3834 W PackageManager: Non-privileged app; cap priority to 0; package: com.android.cts.ctsshim activity: com.android.cts.ctsshim.InstallPriority origPrio: 100
11-14 19:20:37.120  3613  3834 W PackageManager: Non-privileged app; cap priority to 0; package: com.android.cts.ctsshim activity: com.android.cts.ctsshim.InstallPriority origPrio: 100
11-14 19:20:37.120  3613  3834 W PackageManager: Non-privileged app; cap priority to 0; package: com.android.cts.ctsshim activity: com.android.cts.ctsshim.InstallPriority origPrio: 100
11-14 19:20:37.120  3613  3834 W PackageManager: Non-privileged app; cap priority to 0; package: com.android.cts.ctsshim activity: com.android.cts.ctsshim.InstallPriority origPrio: 100
11-14 19:20:37.126  3613  3831 I PackageManager: /system/app/Development changed; collecting certs
11-14 19:20:37.127  3613  3833 I PackageManager: /system/app/EasterEgg changed; collecting certs
11-14 19:20:37.128  3613  3830 I PackageManager: /system/app/DownloadProviderUi changed; collecting certs
11-14 19:20:37.129  3613  3832 W PackageParser: Ignoring duplicate uses-permissions/uses-permissions-sdk-m: android.permission.WRITE_SETTINGS in package: com.android.deskclock at: Binary XML file line #45
11-14 19:20:37.133  3613  3832 I PackageManager: /system/app/DeskClock changed; collecting certs
11-14 19:20:37.136  3613  3833 I PackageManager: /system/app/ExtShared changed; collecting certs
11-14 19:20:37.138  3613  3835 I PackageManager: /system/app/HTMLViewer changed; collecting certs
11-14 19:20:37.139  3613  3830 I PackageManager: /system/app/Exchange2 changed; collecting certs
11-14 19:20:37.143  3613  3831 I PackageManager: /system/app/ExactCalculator changed; collecting certs
11-14 19:20:37.143  3613  3834 I PackageManager: /system/app/Email changed; collecting certs
11-14 19:20:37.146  3613  3835 I PackageManager: /system/app/KeyChain changed; collecting certs
11-14 19:20:37.156  3613  3833 I PackageManager: /system/app/Jelly changed; collecting certs
11-14 19:20:37.160  3613  3835 W PackageParser: Ignoring duplicate uses-permissions/uses-permissions-sdk-m: android.permission.CHANGE_WIFI_STATE in package: com.android.nfc at: Binary XML file line #47
11-14 19:20:37.160  3613  3835 W PackageParser: Ignoring duplicate uses-permissions/uses-permissions-sdk-m: android.permission.ACCESS_WIFI_STATE in package: com.android.nfc at: Binary XML file line #48
11-14 19:20:37.160  3613  3832 I PackageManager: /system/app/LockClock changed; collecting certs
11-14 19:20:37.161  3613  3830 I PackageManager: /system/app/LiveWallpapersPicker changed; collecting certs
11-14 19:20:37.163  3613  3835 I PackageManager: /system/app/NfcNci changed; collecting certs
11-14 19:20:37.166  3613  3834 W PackageManager: Permission com.android.email.permission.READ_ATTACHMENT from package com.android.email in an unknown group android.permission-group.MESSAGES
11-14 19:20:37.170  3613  3833 I PackageManager: /system/app/PacProcessor changed; collecting certs
11-14 19:20:37.172  3613  3834 I PackageManager: /system/app/PhotoTable changed; collecting certs
11-14 19:20:37.174  3613  3835 I PackageManager: /system/app/PrintRecommendationService changed; collecting certs
11-14 19:20:37.175  3613  3830 I PackageManager: /system/app/PicoTts changed; collecting certs
11-14 19:20:37.179  3613  3831 I PackageManager: /system/app/LatinIME changed; collecting certs
11-14 19:20:37.181  3613  3832 I PackageManager: /system/app/Profiles changed; collecting certs
11-14 19:20:37.182  3613  3830 I PackageManager: /system/app/Terminal changed; collecting certs
11-14 19:20:37.183  3613  3833 I PackageManager: /system/app/PrintSpooler changed; collecting certs
11-14 19:20:37.183  3613  3834 I PackageManager: /system/app/UserDictionaryProvider changed; collecting certs
11-14 19:20:37.186  3613  3835 I PackageManager: /system/app/Stk changed; collecting certs
11-14 19:20:37.187  3613  3830 W PackageManager: Failed to parse /system/app/mcRegistry: Missing base APK in /system/app/mcRegistry
11-14 19:20:37.189  3613  3832 I PackageManager: /system/app/WAPPushManager changed; collecting certs
11-14 19:20:37.192  3613  3834 I PackageManager: /system/app/WallpaperBackup changed; collecting certs
11-14 19:20:37.194  3613  3833 I PackageManager: /system/app/WallpaperPicker changed; collecting certs
11-14 19:20:37.205  3613  3835 I PackageManager: /system/app/webview changed; collecting certs
11-14 19:20:37.218  3613  3830 I PackageManager: /system/app/messaging changed; collecting certs
11-14 19:20:37.537  3613  3613 E PackageManager: There should probably be exactly one setup wizard; found 0: matches=[]
11-14 19:20:37.537  3613  3613 W PackageManager: Protected action; cap priority to 0; package: com.android.cts.priv.ctsshim activity: com.android.cts.priv.ctsshim.InstallPriority origPrio: 100
11-14 19:20:37.537  3613  3613 W PackageManager: Protected action; cap priority to 0; package: com.android.cts.priv.ctsshim activity: com.android.cts.priv.ctsshim.InstallPriority origPrio: 100
11-14 19:20:37.537  3613  3613 W PackageManager: Protected action; cap priority to 0; package: com.android.cts.priv.ctsshim activity: com.android.cts.priv.ctsshim.InstallPriority origPrio: 100
11-14 19:20:37.537  3613  3613 W PackageManager: Protected action; cap priority to 0; package: com.android.cts.priv.ctsshim activity: com.android.cts.priv.ctsshim.InstallPriority origPrio: 100
11-14 19:20:37.537  3613  3613 W PackageManager: Protected action; cap priority to 0; package: com.android.packageinstaller activity: com.android.packageinstaller.PackageInstallerActivity origPrio: 1
11-14 19:20:37.537  3613  3613 W PackageManager: Package com.android.gallery3d desires unavailable shared library com.google.android.media.effects; ignoring!
11-14 19:20:37.537  3613  3613 W PackageManager: Package com.android.gallery3d desires unavailable shared library com.google.android.media.effects; ignoring!
11-14 19:20:37.537  3613  3613 I PackageManager: Adjusting ABI for com.android.providers.downloads.ui to arm64-v8a (requirer=com.android.mtp, scannedPackage=null)
11-14 19:20:37.537  3613  3613 I PackageManager: Adjusting ABI for com.android.providers.downloads to arm64-v8a (requirer=com.android.mtp, scannedPackage=null)
11-14 19:20:37.538  3613  3613 I PackageManager: Adjusting ABI for com.android.providers.media to arm64-v8a (requirer=com.android.mtp, scannedPackage=null)
11-14 19:20:37.538  3613  3613 I PackageManager: Adjusting ABI for com.android.server.telecom to arm64-v8a (requirer=android, scannedPackage=null)
11-14 19:20:37.538  3613  3613 I PackageManager: Adjusting ABI for com.android.keychain to arm64-v8a (requirer=android, scannedPackage=null)
11-14 19:20:37.538  3613  3613 I PackageManager: Adjusting ABI for com.cyanogenmod.setupwizard to arm64-v8a (requirer=android, scannedPackage=null)
11-14 19:20:37.538  3613  3613 I PackageManager: Adjusting ABI for org.cyanogenmod.cmparts to arm64-v8a (requirer=android, scannedPackage=null)
11-14 19:20:37.538  3613  3613 I PackageManager: Adjusting ABI for com.android.providers.settings to arm64-v8a (requirer=android, scannedPackage=null)
11-14 19:20:37.538  3613  3613 I PackageManager: Adjusting ABI for com.android.development to arm64-v8a (requirer=android, scannedPackage=null)
11-14 19:20:37.539  3613  3613 I PackageManager: Adjusting ABI for com.android.settings to arm64-v8a (requirer=android, scannedPackage=null)
11-14 19:20:37.539  3613  3613 I PackageManager: Adjusting ABI for com.android.inputdevices to arm64-v8a (requirer=android, scannedPackage=null)
11-14 19:20:37.539  3613  3613 I PackageManager: Adjusting ABI for com.android.wallpaperbackup to arm64-v8a (requirer=android, scannedPackage=null)
11-14 19:20:37.539  3613  3613 I PackageManager: Adjusting ABI for org.cyanogenmod.cmsettings to arm64-v8a (requirer=android, scannedPackage=null)
11-14 19:20:37.539  3613  3613 I PackageManager: Adjusting ABI for com.cyanogenmod.settings.device to arm64-v8a (requirer=android, scannedPackage=null)
11-14 19:20:37.539  3613  3613 I PackageManager: Adjusting ABI for com.android.location.fused to arm64-v8a (requirer=android, scannedPackage=null)
11-14 19:20:37.540  3613  3613 I PackageManager: Adjusting ABI for cyanogenmod.platform to arm64-v8a (requirer=android, scannedPackage=null)
11-14 19:20:37.541  3613  3613 I PackageManager: Time to scan packages: 2.34 seconds
11-14 19:20:37.541  3613  3613 W PackageManager: Unknown permission com.google.android.googleapps.permission.GOOGLE_AUTH in package com.android.providers.calendar
11-14 19:20:37.541  3613  3613 W PackageManager: Unknown permission com.google.android.googleapps.permission.GOOGLE_AUTH.cl in package com.android.providers.calendar
11-14 19:20:37.542  3613  3613 W PackageManager: Unknown permission cyanogenmod.permission.LEGALESE in package com.cyanogenmod.setupwizard
11-14 19:20:37.542  3613  3613 W PackageManager: Unknown permission com.android.gallery3d.permission.STORAGE_CHANGE in package com.android.camera2
11-14 19:20:37.542  3613  3613 W PackageManager: Unknown permission android.permission.NFC_UNLOCK in package com.android.nfc
11-14 19:20:37.542  3613  3613 W PackageManager: Unknown permission com.google.android.googleapps.permission.GOOGLE_AUTH.mail in package com.android.calendar
11-14 19:20:37.542  3613  3613 W PackageManager: Unknown permission com.android.launcher.permission.READ_SETTINGS in package com.android.onetimeinitializer
11-14 19:20:37.542  3613  3613 W PackageManager: Unknown permission com.android.launcher.permission.WRITE_SETTINGS in package com.android.onetimeinitializer
11-14 19:20:37.543  3613  3613 W PackageManager: Unknown permission com.android.launcher.permission.READ_SETTINGS in package com.cyanogenmod.trebuchet
11-14 19:20:37.543  3613  3613 W PackageManager: Unknown permission com.android.launcher.permission.WRITE_SETTINGS in package com.cyanogenmod.trebuchet
11-14 19:20:37.543  3613  3613 W PackageManager: Unknown permission com.google.android.permission.INSTALL_WEARABLE_PACKAGES in package com.android.packageinstaller
11-14 19:20:37.543  3613  3613 W PackageManager: Not granting permission android.permission.DELETE_PACKAGES to package com.svox.pico (protectionLevel=18 flags=0x3808be45)
11-14 19:20:37.543  3613  3613 W PackageManager: Unknown permission com.google.android.gallery3d.permission.PICASA_STORE in package com.android.dreams.phototable
11-14 19:20:37.543  3613  3613 W PackageManager: Unknown permission com.google.android.googleapps.permission.GOOGLE_AUTH in package com.android.settings
11-14 19:20:37.543  3613  3613 W PackageManager: Unknown permission com.android.launcher.permission.READ_SETTINGS in package com.android.settings
11-14 19:20:37.543  3613  3613 W PackageManager: Unknown permission com.android.launcher.permission.WRITE_SETTINGS in package com.android.settings
11-14 19:20:37.544  3613  3613 W PackageManager: Not granting permission android.permission.MANAGE_DOCUMENTS to package com.android.deskclock (protectionLevel=2 flags=0x3c49be45)
11-14 19:20:37.544  3613  3613 W PackageManager: Unknown permission com.android.deskclock.worldclock.permissions.WRITE_DATABASE in package com.android.deskclock
11-14 19:20:37.544  3613  3613 W PackageManager: Unknown permission org.codeaurora.permission.POWER_ON_ALERT in package com.android.deskclock
11-14 19:20:37.544  3613  3613 W PackageManager: Not granting permission android.permission.WRITE_SECURE_SETTINGS to package com.android.deskclock (protectionLevel=50 flags=0x3c49be45)
11-14 19:20:37.545  3613  3613 W PackageManager: Unknown permission com.cyanogenmod.lockclock.permission.READ_WEATHER in package com.android.systemui
11-14 19:20:37.545  3613  3613 W PackageManager: Unknown permission com.google.android.gallery3d.permission.GALLERY_PROVIDER in package com.android.bluetooth
11-14 19:20:37.545  3613  3613 W PackageManager: Unknown permission com.google.android.googleapps.permission.ACCESS_GOOGLE_PASSWORD in package com.android.development
11-14 19:20:37.545  3613  3613 W PackageManager: Unknown permission com.google.android.googleapps.permission.GOOGLE_AUTH in package com.android.development
11-14 19:20:37.545  3613  3613 W PackageManager: Unknown permission com.google.android.googleapps.permission.GOOGLE_AUTH.ALL_SERVICES in package com.android.development
11-14 19:20:37.545  3613  3613 W PackageManager: Unknown permission com.google.android.googleapps.permission.GOOGLE_AUTH.YouTubeUser in package com.android.development
11-14 19:20:37.545  3613  3613 V PackageManager: reconcileAppsData for null u0 0x3
11-14 19:20:37.608  3613  3613 V PackageManager: reconcileAppsData finished 91 packages
11-14 19:20:37.608  3613  3613 V PackageManager: Disabling com.google.android.gsf/com.google.android.gsf.update.SystemUpdateActivity
11-14 19:20:37.608  3613  3613 W PackageManager: Unable to disable com.google.android.gsf/com.google.android.gsf.update.SystemUpdateActivity
11-14 19:20:37.608  3613  3613 V PackageManager: Disabling com.google.android.gsf/com.google.android.gsf.update.SystemUpdateService$Receiver
11-14 19:20:37.608  3613  3613 W PackageManager: Unable to disable com.google.android.gsf/com.google.android.gsf.update.SystemUpdateService$Receiver
11-14 19:20:37.608  3613  3613 V PackageManager: Disabling com.google.android.gsf/com.google.android.gsf.update.SystemUpdateService$SecretCodeReceiver
11-14 19:20:37.609  3613  3613 W PackageManager: Unable to disable com.google.android.gsf/com.google.android.gsf.update.SystemUpdateService$SecretCodeReceiver
11-14 19:20:37.609  3613  3613 V PackageManager: Disabling com.google.android.gsf/com.google.android.gsf.update.SystemUpdateServiceReceiver
11-14 19:20:37.609  3613  3613 W PackageManager: Unable to disable com.google.android.gsf/com.google.android.gsf.update.SystemUpdateServiceReceiver
11-14 19:20:37.609  3613  3613 V PackageManager: Disabling com.google.android.gms/com.google.android.gms.update.SystemUpdateActivity
11-14 19:20:37.609  3613  3613 W PackageManager: Unable to disable com.google.android.gms/com.google.android.gms.update.SystemUpdateActivity
11-14 19:20:37.609  3613  3613 V PackageManager: Disabling com.google.android.gms/com.google.android.gms.update.SystemUpdateService$Receiver
11-14 19:20:37.609  3613  3613 W PackageManager: Unable to disable com.google.android.gms/com.google.android.gms.update.SystemUpdateService$Receiver
11-14 19:20:37.609  3613  3613 V PackageManager: Disabling com.google.android.gms/com.google.android.gms.update.SystemUpdateService$ActiveReceiver
11-14 19:20:37.609  3613  3613 W PackageManager: Unable to disable com.google.android.gms/com.google.android.gms.update.SystemUpdateService$ActiveReceiver
11-14 19:20:37.609  3613  3613 V PackageManager: Disabling com.google.android.gms/com.google.android.gms.update.SystemUpdateService$SecretCodeReceiver
11-14 19:20:37.609  3613  3613 W PackageManager: Unable to disable com.google.android.gms/com.google.android.gms.update.SystemUpdateService$SecretCodeReceiver
11-14 19:20:37.609  3613  3613 V PackageManager: Disabling com.google.android.gms/com.google.android.gms.update.SystemUpdateServiceReceiver
11-14 19:20:37.609  3613  3613 W PackageManager: Unable to disable com.google.android.gms/com.google.android.gms.update.SystemUpdateServiceReceiver
11-14 19:20:37.609  3613  3613 V PackageManager: Enabling com.google.android.gsf/com.google.android.gsf.update.SystemUpdateService
11-14 19:20:37.609  3613  3613 W PackageManager: Unable to enable com.google.android.gsf/com.google.android.gsf.update.SystemUpdateService
11-14 19:20:37.609  3613  3613 V PackageManager: Enabling com.google.android.gms/com.google.android.gms.update.SystemUpdateService
11-14 19:20:37.609  3613  3613 W PackageManager: Unable to enable com.google.android.gms/com.google.android.gms.update.SystemUpdateService
11-14 19:20:46.497  3613  3613 D PackageManager: Ephemeral resolver NOT found; no matching intent filters
11-14 19:20:46.497  3613  3613 I PackageManager: Ephemeral deactivated; missing resolver and installer
11-14 19:20:46.511  3613  3613 I SystemServer: StartOtaDexOptService
11-14 19:20:46.511  3613  3613 I SystemServer: StartUserManagerService
11-14 19:20:46.512  3613  3613 I SystemServiceManager: Starting com.android.server.pm.UserManagerService$LifeCycle
11-14 19:20:46.519  3613  3613 I SystemServiceManager: Starting com.android.server.BatteryService
11-14 19:20:46.523  3613  3613 I SystemServiceManager: Starting com.android.server.usage.UsageStatsService
11-14 19:20:46.546  3613  3613 I SystemServiceManager: Starting com.android.server.webkit.WebViewUpdateService
11-14 19:20:46.549  3613  3613 I SystemServer: Reading configuration...
11-14 19:20:46.549  3613  3613 I SystemServer: StartSchedulingPolicyService
11-14 19:20:46.550  3613  3613 I SystemServiceManager: Starting com.android.server.telecom.TelecomLoaderService
11-14 19:20:46.550  3613  3613 I SystemServer: StartTelephonyRegistry
11-14 19:20:46.551  3613  3613 I SystemServer: StartEntropyMixer
11-14 19:20:46.552  3613  3613 W EntropyMixer: No existing entropy file -- first boot?
11-14 19:20:46.570  3613  3613 I EntropyMixer: Added HW RNG output to entropy pool
11-14 19:20:46.571  3613  3613 I EntropyMixer: Writing entropy...
11-14 19:20:46.592  3613  3613 I SystemServer: Camera Service
11-14 19:20:46.593  3613  3613 I SystemServiceManager: Starting com.android.server.camera.CameraService
11-14 19:20:46.593  3613  4014 I ServiceThread: Enabled StrictMode logging for CameraService_proxy looper.
11-14 19:20:46.594  3613  3613 I SystemServer: StartAccountManagerService
11-14 19:20:46.594  3613  3613 I SystemServiceManager: Starting com.android.server.accounts.AccountManagerService$Lifecycle
11-14 19:20:46.597  3613  3613 I SystemServer: StartContentService
11-14 19:20:46.597  3613  3613 I SystemServiceManager: Starting com.android.server.content.ContentService$Lifecycle
11-14 19:20:46.598  3613  3613 I SystemServer: InstallSystemProviders
11-14 19:20:46.601  3613  4011 E ActivityManager: No such permission: com.samsung.permission.HRM_EXT
11-14 19:20:46.601  3613  4011 E ActivityManager: android.content.pm.PackageManager$NameNotFoundException: com.samsung.permission.HRM_EXT
11-14 19:20:46.601  3613  4011 E ActivityManager: 	at android.app.ApplicationPackageManager.getPermissionInfo(ApplicationPackageManager.java:271)
11-14 19:20:46.601  3613  4011 E ActivityManager: 	at com.android.server.am.ActivityManagerService$PermissionController.isRuntimePermission(ActivityManagerService.java:7911)
11-14 19:20:46.601  3613  4011 E ActivityManager: 	at android.os.IPermissionController$Stub.onTransact(IPermissionController.java:75)
11-14 19:20:46.601  3613  4011 E ActivityManager: 	at android.os.Binder.execTransact(Binder.java:565)
11-14 19:20:46.602  3613  4011 E ActivityManager: No such permission: com.samsung.permission.HRM_EXT
11-14 19:20:46.602  3613  4011 E ActivityManager: android.content.pm.PackageManager$NameNotFoundException: com.samsung.permission.HRM_EXT
11-14 19:20:46.602  3613  4011 E ActivityManager: 	at android.app.ApplicationPackageManager.getPermissionInfo(ApplicationPackageManager.java:271)
11-14 19:20:46.602  3613  4011 E ActivityManager: 	at com.android.server.am.ActivityManagerService$PermissionController.isRuntimePermission(ActivityManagerService.java:7911)
11-14 19:20:46.602  3613  4011 E ActivityManager: 	at android.os.IPermissionController$Stub.onTransact(IPermissionController.java:75)
11-14 19:20:46.602  3613  4011 E ActivityManager: 	at android.os.Binder.execTransact(Binder.java:565)
11-14 19:20:46.603  3613  4011 E ActivityManager: No such permission: com.samsung.permission.SSENSOR
11-14 19:20:46.603  3613  4011 E ActivityManager: android.content.pm.PackageManager$NameNotFoundException: com.samsung.permission.SSENSOR
11-14 19:20:46.603  3613  4011 E ActivityManager: 	at android.app.ApplicationPackageManager.getPermissionInfo(ApplicationPackageManager.java:271)
11-14 19:20:46.603  3613  4011 E ActivityManager: 	at com.android.server.am.ActivityManagerService$PermissionController.isRuntimePermission(ActivityManagerService.java:7911)
11-14 19:20:46.603  3613  4011 E ActivityManager: 	at android.os.IPermissionController$Stub.onTransact(IPermissionController.java:75)
11-14 19:20:46.603  3613  4011 E ActivityManager: 	at android.os.Binder.execTransact(Binder.java:565)
11-14 19:20:46.603  3613  4011 E ActivityManager: No such permission: com.samsung.permission.SSENSOR
11-14 19:20:46.603  3613  4011 E ActivityManager: android.content.pm.PackageManager$NameNotFoundException: com.samsung.permission.SSENSOR
11-14 19:20:46.603  3613  4011 E ActivityManager: 	at android.app.ApplicationPackageManager.getPermissionInfo(ApplicationPackageManager.java:271)
11-14 19:20:46.603  3613  4011 E ActivityManager: 	at com.android.server.am.ActivityManagerService$PermissionController.isRuntimePermission(ActivityManagerService.java:7911)
11-14 19:20:46.603  3613  4011 E ActivityManager: 	at android.os.IPermissionController$Stub.onTransact(IPermissionController.java:75)
11-14 19:20:46.603  3613  4011 E ActivityManager: 	at android.os.Binder.execTransact(Binder.java:565)
11-14 19:20:46.603  3613  4011 E ActivityManager: No such permission: com.samsung.permission.SSENSOR
11-14 19:20:46.603  3613  4011 E ActivityManager: android.content.pm.PackageManager$NameNotFoundException: com.samsung.permission.SSENSOR
11-14 19:20:46.603  3613  4011 E ActivityManager: 	at android.app.ApplicationPackageManager.getPermissionInfo(ApplicationPackageManager.java:271)
11-14 19:20:46.603  3613  4011 E ActivityManager: 	at com.android.server.am.ActivityManagerService$PermissionController.isRuntimePermission(ActivityManagerService.java:7911)
11-14 19:20:46.603  3613  4011 E ActivityManager: 	at android.os.IPermissionController$Stub.onTransact(IPermissionController.java:75)
11-14 19:20:46.603  3613  4011 E ActivityManager: 	at android.os.Binder.execTransact(Binder.java:565)
11-14 19:20:46.615  3613  4011 E ActivityManager: No such permission: com.samsung.permission.SSENSOR
11-14 19:20:46.615  3613  4011 E ActivityManager: android.content.pm.PackageManager$NameNotFoundException: com.samsung.permission.SSENSOR
11-14 19:20:46.615  3613  4011 E ActivityManager: 	at android.app.ApplicationPackageManager.getPermissionInfo(ApplicationPackageManager.java:271)
11-14 19:20:46.615  3613  4011 E ActivityManager: 	at com.android.server.am.ActivityManagerService$PermissionController.isRuntimePermission(ActivityManagerService.java:7911)
11-14 19:20:46.615  3613  4011 E ActivityManager: 	at android.os.IPermissionController$Stub.onTransact(IPermissionController.java:75)
11-14 19:20:46.615  3613  4011 E ActivityManager: 	at android.os.Binder.execTransact(Binder.java:565)
11-14 19:20:46.644  3613  3613 D ActivityThread: Loading provider settings: com.android.providers.settings.SettingsProvider
11-14 19:20:46.711  3613  3613 I SettingsState: No settings state /data/system/users/0/settings_system.xml
11-14 19:20:46.722  3613  3613 I SettingsState: No settings state /data/system/users/0/settings_secure.xml
11-14 19:20:46.723  3613  3613 D SettingsProvider: Generated and saved new ANDROID_ID [c90030030b2cd1cb] for user 0
11-14 19:20:46.734  3613  3613 I SettingsState: No settings state /data/system/users/0/settings_global.xml
11-14 19:20:46.772  3613  3613 I SystemServer: StartVibratorService
11-14 19:20:46.775  3613  3613 I SystemServer: StartConsumerIrService
11-14 19:20:46.775  3613  3613 I SystemServer: StartAlarmManagerService
11-14 19:20:46.775  3613  3613 I SystemServiceManager: Starting com.android.server.AlarmManagerService
11-14 19:20:46.778  3613  3613 I SystemServer: InitWatchdog
11-14 19:20:46.778  3613  3613 I SystemServer: StartInputManagerService
11-14 19:20:46.778  3613  3613 I InputManager: Initializing input manager, mUseDevInputEventForAudioJack=false
11-14 19:20:46.779  3613  3613 I SystemServer: StartWindowManagerService
11-14 19:20:46.784  3613  3679 I WindowManager: No existing display settings /data/system/display_settings.xml; starting empty
11-14 19:20:46.850  3613  3613 I SystemServer: StartVrManagerService
11-14 19:20:46.850  3613  3613 I SystemServiceManager: Starting com.android.server.vr.VrManagerService
11-14 19:20:46.852  3613  3613 I InputManager: Starting input manager
11-14 19:20:46.854  3613  3613 I SystemServiceManager: Starting com.android.server.BluetoothService
11-14 19:20:46.855  3613  3613 D BluetoothManagerService: Loading stored name and address
11-14 19:20:46.855  3613  3613 D BluetoothManagerService: Stored bluetooth Name=null,Address=null
11-14 19:20:46.855  3613  3613 D BluetoothManagerService: Bluetooth persisted state: 0
11-14 19:20:46.855  3613  3613 I SystemServer: ConnectivityMetricsLoggerService
11-14 19:20:46.856  3613  3613 I SystemServiceManager: Starting com.android.server.connectivity.MetricsLoggerService
11-14 19:20:46.856  3613  3613 I SystemServer: IpConnectivityMetrics
11-14 19:20:46.856  3613  3613 I SystemServiceManager: Starting com.android.server.connectivity.IpConnectivityMetrics
11-14 19:20:46.856  3613  3613 I SystemServer: PinnerService
11-14 19:20:46.857  3613  3613 I SystemServiceManager: Starting com.android.server.PinnerService
11-14 19:20:46.857  3613  3613 I SystemServiceManager: Starting com.android.server.InputMethodManagerService$Lifecycle
11-14 19:20:46.885  3613  3613 W InputMethodManagerService: No IME selected. Choose the most applicable IME.
11-14 19:20:46.886  3613  3613 I InputMethodManagerService: Default found, using com.android.inputmethod.latin/.LatinIME
11-14 19:20:46.887  3613  3613 I SystemServer: StartAccessibilityManagerService
11-14 19:20:46.890  3613  3613 I ActivityManager: Config changes=1df8 {1.0 ?mcc?mnc [en_US] ldltr sw411dp w411dp h845dp 560dpi nrml long port ?uimode ?night -touch -keyb/h/h -nav/h s.2}
11-14 19:20:46.891  3613  3671 I UsageStatsDatabase: Upgrading from version 0 to 3
11-14 19:20:46.891  3613  3671 I UsageStatsDatabase: Deleting all usage stats files
11-14 19:20:46.892  3613  3671 I UsageStatsService: User[0] Rollover scheduled @ 2017-11-15 22:20:46(1510784446890)
11-14 19:20:46.892  3613  3671 D UsageStatsService: Initializing defaults for system apps on user 0
11-14 19:20:46.893  3613  3679 I ActivityManager: Config changes=400 {1.0 ?mcc?mnc [en_US] ldltr sw411dp w411dp h773dp 560dpi nrml long port ?uimode ?night -touch -keyb/h/h -nav/h s.3}
11-14 19:20:46.893  3613  3671 E AppIdleHistory: Unable to read app idle file for user 0
11-14 19:20:46.896  3613  3679 W LocalDisplayAdapter: Unable to find color mode 0, ignoring request.
11-14 19:20:46.897  3613  3613 W LocalDisplayAdapter: Unable to find color mode 0, ignoring request.
11-14 19:20:46.898  3613  3613 I SystemServiceManager: Starting com.android.server.MountService$Lifecycle
11-14 19:20:46.908  3613  4036 D MountService: Thinking about init, mSystemReady=false, mDaemonConnected=true
11-14 19:20:46.908  3613  3613 I SystemServiceManager: Starting com.android.server.UiModeManagerService
11-14 19:20:46.908  3613  4036 D MountService: Thinking about reset, mSystemReady=false, mDaemonConnected=true
11-14 19:20:46.908  3613  4036 D MountService: Thinking about init, mSystemReady=false, mDaemonConnected=true
11-14 19:20:46.908  3613  4036 D MountService: Thinking about reset, mSystemReady=false, mDaemonConnected=true
11-14 19:20:46.908  3613  4036 D CryptdConnector: SND -> {1 cryptfs getfield SystemLocale}
11-14 19:20:46.909  3613  3613 I ActivityManager: Config changes=200 {1.0 ?mcc?mnc [en_US] ldltr sw411dp w411dp h773dp 560dpi nrml long port -touch -keyb/h/h -nav/h s.4}
11-14 19:20:46.909  3613  4038 D CryptdConnector: RCV <- {200 1 -1}
11-14 19:20:46.910  3613  4036 W MountService: No primary storage mounted!
11-14 19:20:46.910  3613  4036 D VoldConnector: SND -> {1 asec list}
11-14 19:20:46.911  3613  4037 D VoldConnector: RCV <- {200 1 asec operation succeeded}
11-14 19:20:46.911  3613  4036 W PackageManager: Unknown permission com.google.android.googleapps.permission.GOOGLE_AUTH in package com.android.providers.calendar
11-14 19:20:46.911  3613  4036 W PackageManager: Unknown permission com.google.android.googleapps.permission.GOOGLE_AUTH.cl in package com.android.providers.calendar
11-14 19:20:46.911  3613  4036 W PackageManager: Unknown permission cyanogenmod.permission.LEGALESE in package com.cyanogenmod.setupwizard
11-14 19:20:46.911  3613  4036 W PackageManager: Unknown permission com.android.gallery3d.permission.STORAGE_CHANGE in package com.android.camera2
11-14 19:20:46.911  3613  4036 W PackageManager: Unknown permission android.permission.NFC_UNLOCK in package com.android.nfc
11-14 19:20:46.911  3613  4036 W PackageManager: Unknown permission com.google.android.googleapps.permission.GOOGLE_AUTH.mail in package com.android.calendar
11-14 19:20:46.911  3613  4036 W PackageManager: Unknown permission com.android.launcher.permission.READ_SETTINGS in package com.android.onetimeinitializer
11-14 19:20:46.912  3613  4036 W PackageManager: Unknown permission com.android.launcher.permission.WRITE_SETTINGS in package com.android.onetimeinitializer
11-14 19:20:46.912  3613  4036 W PackageManager: Unknown permission com.android.launcher.permission.READ_SETTINGS in package com.cyanogenmod.trebuchet
11-14 19:20:46.912  3613  4036 W PackageManager: Unknown permission com.android.launcher.permission.WRITE_SETTINGS in package com.cyanogenmod.trebuchet
11-14 19:20:46.912  3613  4036 W PackageManager: Unknown permission com.google.android.permission.INSTALL_WEARABLE_PACKAGES in package com.android.packageinstaller
11-14 19:20:46.912  3613  4036 W PackageManager: Not granting permission android.permission.DELETE_PACKAGES to package com.svox.pico (protectionLevel=18 flags=0x3888be45)
11-14 19:20:46.912  3613  4036 W PackageManager: Unknown permission com.google.android.gallery3d.permission.PICASA_STORE in package com.android.dreams.phototable
11-14 19:20:46.912  3613  4036 W PackageManager: Unknown permission com.google.android.googleapps.permission.GOOGLE_AUTH in package com.android.settings
11-14 19:20:46.912  3613  4036 W PackageManager: Unknown permission com.android.launcher.permission.READ_SETTINGS in package com.android.settings
11-14 19:20:46.912  3613  4036 W PackageManager: Unknown permission com.android.launcher.permission.WRITE_SETTINGS in package com.android.settings
11-14 19:20:46.913  3613  4036 W PackageManager: Not granting permission android.permission.MANAGE_DOCUMENTS to package com.android.deskclock (protectionLevel=2 flags=0x3cc9be45)
11-14 19:20:46.913  3613  4036 W PackageManager: Unknown permission com.android.deskclock.worldclock.permissions.WRITE_DATABASE in package com.android.deskclock
11-14 19:20:46.913  3613  4036 W PackageManager: Unknown permission org.codeaurora.permission.POWER_ON_ALERT in package com.android.deskclock
11-14 19:20:46.913  3613  4036 W PackageManager: Not granting permission android.permission.WRITE_SECURE_SETTINGS to package com.android.deskclock (protectionLevel=50 flags=0x3cc9be45)
11-14 19:20:46.913  3613  4036 W PackageManager: Unknown permission com.cyanogenmod.lockclock.permission.READ_WEATHER in package com.android.systemui
11-14 19:20:46.913  3613  4036 W PackageManager: Unknown permission com.google.android.gallery3d.permission.GALLERY_PROVIDER in package com.android.bluetooth
11-14 19:20:46.913  3613  4036 W PackageManager: Unknown permission com.google.android.googleapps.permission.ACCESS_GOOGLE_PASSWORD in package com.android.development
11-14 19:20:46.913  3613  4036 W PackageManager: Unknown permission com.google.android.googleapps.permission.GOOGLE_AUTH in package com.android.development
11-14 19:20:46.913  3613  4036 W PackageManager: Unknown permission com.google.android.googleapps.permission.GOOGLE_AUTH.ALL_SERVICES in package com.android.development
11-14 19:20:46.913  3613  4036 W PackageManager: Unknown permission com.google.android.googleapps.permission.GOOGLE_AUTH.YouTubeUser in package com.android.development
11-14 19:20:46.979  3613  4036 W MountService: No primary storage mounted!
11-14 19:20:46.979  3613  4036 D VoldConnector: SND -> {2 asec list}
11-14 19:20:46.979  3613  4037 D VoldConnector: RCV <- {200 2 asec operation succeeded}
11-14 19:20:47.372  3613  4034 I ActivityManager: Config changes=8 {1.0 ?mcc?mnc [en_US] ldltr sw411dp w411dp h773dp 560dpi nrml long port finger -keyb/h/h -nav/h s.5}
11-14 19:21:07.095  3613  3613 W PackageManager: No disk maintenance in 1510698067095; running immediately
11-14 19:21:07.095  3613  3613 I SystemServer: StartLockSettingsService
11-14 19:21:07.095  3613  4036 I MountService: Running fstrim idle maintenance
11-14 19:21:07.096  3613  3613 I SystemServiceManager: Starting com.android.server.LockSettingsService$Lifecycle
11-14 19:21:07.096  3613  4036 D VoldConnector: SND -> {3 fstrim dotrim}
11-14 19:21:07.098  3613  4037 D VoldConnector: RCV <- {200 3 Command succeeded}
11-14 19:21:07.100  3067  4663 D vold    : Starting trim of /cache
11-14 19:21:07.108  3613  3613 I SystemServiceManager: Starting com.android.server.DeviceIdleController
11-14 19:21:07.115  3613  3613 I SystemServiceManager: Starting com.android.server.devicepolicy.DevicePolicyManagerService$Lifecycle
11-14 19:21:07.124  3613  3613 I SystemServer: StartStatusBarManagerService
11-14 19:21:07.127  3613  3613 I SystemServer: StartClipboardService
11-14 19:21:07.131  3613  3613 I SystemServer: StartNetworkManagementService
11-14 19:21:07.136  3067  4663 I vold    : Trimmed 507375616 bytes on /cache in 35ms
11-14 19:21:07.136  3613  4037 D VoldConnector: RCV <- {662 /cache 507375616 35482423}
11-14 19:21:07.136  3613  4664 I NetworkManagement: onDaemonConnected()
11-14 19:21:07.137  3067  4663 D vold    : Starting trim of /data
11-14 19:21:07.141  3613  3613 I SystemServiceManager: Starting com.android.server.TextServicesManagerService$Lifecycle
11-14 19:21:07.150  3613  3613 I SystemServer: StartNetworkScoreService
11-14 19:21:07.153  3613  3613 I SystemServer: StartNetworkStatsService
11-14 19:21:07.159  3613  3613 I SystemServer: StartNetworkPolicyManagerService
11-14 19:21:07.164  3613  3613 I SystemServer: No Wi-Fi NAN Service (NAN support Not Present)
11-14 19:21:07.165  3613  3613 I SystemServiceManager: Starting com.android.server.wifi.p2p.WifiP2pService
11-14 19:21:07.207  3613  3613 I SystemServiceManager: Starting com.android.server.wifi.WifiService
11-14 19:21:07.488  3613  3613 I SystemServiceManager: Starting com.android.server.wifi.scanner.WifiScanningService
11-14 19:21:07.495  3613  3613 I SystemServiceManager: Starting com.android.server.wifi.RttService
11-14 19:21:07.500  3613  3613 I SystemServiceManager: Starting com.android.server.ethernet.EthernetService
11-14 19:21:07.503  3613  3613 I SystemServer: StartConnectivityService
11-14 19:21:07.509  3613  3613 D ConnectivityService: ConnectivityService starting up
11-14 19:21:07.517  3613  3613 D ConnectivityService: wifiOnly=false
11-14 19:21:07.524  3613  3613 I SystemServer: StartNsdService
11-14 19:21:07.526  3613  3613 I SystemServer: StartUpdateLockService
11-14 19:21:07.527  3613  3613 I SystemServiceManager: Starting com.android.server.RecoverySystemService
11-14 19:21:07.528  3613  3613 I SystemServiceManager: Starting com.android.server.notification.NotificationManagerService
11-14 19:21:07.533  3613  3613 D ConditionProviders.SCP: new ScheduleConditionProvider()
