09-16 01:08:38.749  3580  3841 I PackageManager: /system/app/PrintSpooler changed; collecting certs
09-16 01:08:38.752  3580  3843 I PackageManager: /system/app/Profiles changed; collecting certs
09-16 01:08:38.761  3580  3838 I PackageManager: /system/app/Stk changed; collecting certs
09-16 01:08:38.763  3580  3842 I PackageManager: /system/app/Terminal changed; collecting certs
09-16 01:08:38.764  3580  3841 I PackageManager: /system/app/WallpaperBackup changed; collecting certs
09-16 01:08:38.769  3580  3839 I PackageManager: /system/app/UserDictionaryProvider changed; collecting certs
09-16 01:08:38.770  3580  3841 W PackageManager: Failed to parse /system/app/mcRegistry: Missing base APK in /system/app/mcRegistry
09-16 01:08:38.774  3580  3843 I PackageManager: /system/app/WAPPushManager changed; collecting certs
09-16 01:08:38.776  3580  3838 I PackageManager: /system/app/WallpaperPicker changed; collecting certs
09-16 01:08:38.777  3580  3841 I PackageManager: /system/app/telresources changed; collecting certs
09-16 01:08:38.796  3580  3839 I PackageManager: /system/app/webview changed; collecting certs
09-16 01:08:38.812  3580  3842 I PackageManager: /system/app/messaging changed; collecting certs
09-16 01:08:39.135  3580  3580 D PackageManager: end scanDirLI:/system/app
09-16 01:08:39.136  3580  3580 D PackageManager: No files in app dir /system/vendor/app
09-16 01:08:39.136  3580  3580 D PackageManager: No files in app dir /oem/app
09-16 01:08:39.140  3580  3580 D PackageManager: No files in app dir /data/app
09-16 01:08:39.140  3580  3580 D PackageManager: No files in app dir /data/app-private
09-16 01:08:39.140  3580  3580 D PackageManager: No files in app dir /data/app-ephemeral
09-16 01:08:39.142  3580  3580 E PackageManager: There should probably be exactly one setup wizard; found 0: matches=[]
09-16 01:08:39.143  3580  3580 W PackageManager: Protected action; cap priority to 0; package: com.android.cts.priv.ctsshim activity: com.android.cts.priv.ctsshim.InstallPriority origPrio: 100
09-16 01:08:39.143  3580  3580 W PackageManager: Protected action; cap priority to 0; package: com.android.cts.priv.ctsshim activity: com.android.cts.priv.ctsshim.InstallPriority origPrio: 100
09-16 01:08:39.143  3580  3580 W PackageManager: Protected action; cap priority to 0; package: com.android.cts.priv.ctsshim activity: com.android.cts.priv.ctsshim.InstallPriority origPrio: 100
09-16 01:08:39.143  3580  3580 W PackageManager: Protected action; cap priority to 0; package: com.android.cts.priv.ctsshim activity: com.android.cts.priv.ctsshim.InstallPriority origPrio: 100
09-16 01:08:39.143  3580  3580 W PackageManager: Protected action; cap priority to 0; package: com.android.packageinstaller activity: com.android.packageinstaller.PackageInstallerActivity origPrio: 1
09-16 01:08:39.144  3580  3580 W PackageManager: Package com.android.gallery3d desires unavailable shared library com.google.android.media.effects; ignoring!
09-16 01:08:39.144  3580  3580 W PackageManager: Package com.android.gallery3d desires unavailable shared library com.google.android.media.effects; ignoring!
09-16 01:08:39.144  3580  3580 I PackageManager: Adjusting ABI for com.android.providers.downloads.ui to arm64-v8a (requirer=com.android.mtp, scannedPackage=null)
09-16 01:08:39.144  3580  3580 I PackageManager: Adjusting ABI for com.android.providers.downloads to arm64-v8a (requirer=com.android.mtp, scannedPackage=null)
09-16 01:08:39.145  3580  3580 I PackageManager: Adjusting ABI for com.android.providers.media to arm64-v8a (requirer=com.android.mtp, scannedPackage=null)
09-16 01:08:39.145  3580  3580 I PackageManager: Adjusting ABI for com.cyanogenmod.settings.device to arm64-v8a (requirer=android, scannedPackage=null)
09-16 01:08:39.146  3580  3580 I PackageManager: Adjusting ABI for com.cyanogenmod.setupwizard to arm64-v8a (requirer=android, scannedPackage=null)
09-16 01:08:39.146  3580  3580 I PackageManager: Adjusting ABI for com.android.wallpaperbackup to arm64-v8a (requirer=android, scannedPackage=null)
09-16 01:08:39.147  3580  3580 I PackageManager: Adjusting ABI for org.cyanogenmod.cmparts to arm64-v8a (requirer=android, scannedPackage=null)
09-16 01:08:39.147  3580  3580 I PackageManager: Adjusting ABI for com.android.location.fused to arm64-v8a (requirer=android, scannedPackage=null)
09-16 01:08:39.147  3580  3580 I PackageManager: Adjusting ABI for org.cyanogenmod.cmsettings to arm64-v8a (requirer=android, scannedPackage=null)
09-16 01:08:39.148  3580  3580 I PackageManager: Adjusting ABI for cyanogenmod.platform to arm64-v8a (requirer=android, scannedPackage=null)
09-16 01:08:39.148  3180  3180 E         : invalid apk path '/system/framework/org.cyanogenmod.platform-res.apk' (bad prefix)
09-16 01:08:39.148  3580  3580 I PackageManager: Adjusting ABI for com.android.development to arm64-v8a (requirer=android, scannedPackage=null)
09-16 01:08:39.148  3580  3580 I PackageManager: Adjusting ABI for com.android.server.telecom to arm64-v8a (requirer=android, scannedPackage=null)
09-16 01:08:39.149  3580  3580 I PackageManager: Adjusting ABI for com.android.inputdevices to arm64-v8a (requirer=android, scannedPackage=null)
09-16 01:08:39.149  3580  3580 I PackageManager: Adjusting ABI for com.android.keychain to arm64-v8a (requirer=android, scannedPackage=null)
09-16 01:08:39.149  3580  3580 I PackageManager: Adjusting ABI for com.android.settings to arm64-v8a (requirer=android, scannedPackage=null)
09-16 01:08:39.150  3580  3580 I PackageManager: Adjusting ABI for com.android.providers.settings to arm64-v8a (requirer=android, scannedPackage=null)
09-16 01:08:39.151  3580  3580 I PackageManager: Time to scan packages: 2.66 seconds
09-16 01:08:39.153  3580  3580 W PackageManager: Unknown permission com.google.android.googleapps.permission.GOOGLE_AUTH in package com.android.providers.calendar
09-16 01:08:39.153  3580  3580 W PackageManager: Unknown permission com.google.android.googleapps.permission.GOOGLE_AUTH.cl in package com.android.providers.calendar
09-16 01:08:39.158  3580  3580 W PackageManager: Unknown permission cyanogenmod.permission.LEGALESE in package com.cyanogenmod.setupwizard
09-16 01:08:39.160  3580  3580 W PackageManager: Unknown permission com.android.gallery3d.permission.STORAGE_CHANGE in package com.android.camera2
09-16 01:08:39.161  3580  3580 W PackageManager: Unknown permission android.permission.NFC_UNLOCK in package com.android.nfc
09-16 01:08:39.164  3580  3580 W PackageManager: Unknown permission com.google.android.googleapps.permission.GOOGLE_AUTH.mail in package com.android.calendar
09-16 01:08:39.165  3580  3580 W PackageManager: Unknown permission com.android.launcher.permission.READ_SETTINGS in package com.android.onetimeinitializer
09-16 01:08:39.165  3580  3580 W PackageManager: Unknown permission com.android.launcher.permission.WRITE_SETTINGS in package com.android.onetimeinitializer
09-16 01:08:39.171  3580  3580 W PackageManager: Unknown permission com.android.launcher.permission.READ_SETTINGS in package com.cyanogenmod.trebuchet
09-16 01:08:39.171  3580  3580 W PackageManager: Unknown permission com.android.launcher.permission.WRITE_SETTINGS in package com.cyanogenmod.trebuchet
09-16 01:08:39.172  3580  3580 W PackageManager: Unknown permission com.google.android.permission.INSTALL_WEARABLE_PACKAGES in package com.android.packageinstaller
09-16 01:08:39.172  3580  3580 W PackageManager: Not granting permission android.permission.DELETE_PACKAGES to package com.svox.pico (protectionLevel=18 flags=0x3808be45)
09-16 01:08:39.174  3580  3580 W PackageManager: Unknown permission com.google.android.gallery3d.permission.PICASA_STORE in package com.android.dreams.phototable
09-16 01:08:39.176  3580  3580 W PackageManager: Unknown permission com.google.android.googleapps.permission.GOOGLE_AUTH in package com.android.settings
09-16 01:08:39.176  3580  3580 W PackageManager: Unknown permission com.android.launcher.permission.READ_SETTINGS in package com.android.settings
09-16 01:08:39.176  3580  3580 W PackageManager: Unknown permission com.android.launcher.permission.WRITE_SETTINGS in package com.android.settings
09-16 01:08:39.189  3580  3580 W PackageManager: Not granting permission android.permission.MANAGE_DOCUMENTS to package com.android.deskclock (protectionLevel=2 flags=0x3c49be45)
09-16 01:08:39.189  3580  3580 W PackageManager: Unknown permission com.android.deskclock.worldclock.permissions.WRITE_DATABASE in package com.android.deskclock
09-16 01:08:39.189  3580  3580 W PackageManager: Unknown permission org.codeaurora.permission.POWER_ON_ALERT in package com.android.deskclock
09-16 01:08:39.189  3580  3580 W PackageManager: Not granting permission android.permission.WRITE_SECURE_SETTINGS to package com.android.deskclock (protectionLevel=50 flags=0x3c49be45)
09-16 01:08:39.194  3580  3580 W PackageManager: Unknown permission com.cyanogenmod.lockclock.permission.READ_WEATHER in package com.android.systemui
09-16 01:08:39.197  3580  3580 W PackageManager: Unknown permission com.google.android.gallery3d.permission.GALLERY_PROVIDER in package com.android.bluetooth
09-16 01:08:39.199  3580  3580 W PackageManager: Unknown permission com.google.android.googleapps.permission.ACCESS_GOOGLE_PASSWORD in package com.android.development
09-16 01:08:39.199  3580  3580 W PackageManager: Unknown permission com.google.android.googleapps.permission.GOOGLE_AUTH in package com.android.development
09-16 01:08:39.199  3580  3580 W PackageManager: Unknown permission com.google.android.googleapps.permission.GOOGLE_AUTH.ALL_SERVICES in package com.android.development
09-16 01:08:39.199  3580  3580 W PackageManager: Unknown permission com.google.android.googleapps.permission.GOOGLE_AUTH.YouTubeUser in package com.android.development
09-16 01:08:39.200  3580  3580 V PackageManager: reconcileAppsData for null u0 0x3
09-16 01:08:39.202  3180  3180 E SELinux : selinux_android_file_context_handle: Error getting file context handle (No such file or directory)
09-16 01:08:39.333  3580  3580 V PackageManager: reconcileAppsData finished 93 packages
09-16 01:08:39.334  3580  3580 V PackageManager: Disabling com.google.android.gsf/com.google.android.gsf.update.SystemUpdateActivity
09-16 01:08:39.334  3580  3580 W PackageManager: Unable to disable com.google.android.gsf/com.google.android.gsf.update.SystemUpdateActivity
09-16 01:08:39.334  3580  3580 V PackageManager: Disabling com.google.android.gsf/com.google.android.gsf.update.SystemUpdateService$Receiver
09-16 01:08:39.334  3580  3580 W PackageManager: Unable to disable com.google.android.gsf/com.google.android.gsf.update.SystemUpdateService$Receiver
09-16 01:08:39.334  3580  3580 V PackageManager: Disabling com.google.android.gsf/com.google.android.gsf.update.SystemUpdateService$SecretCodeReceiver
09-16 01:08:39.334  3580  3580 W PackageManager: Unable to disable com.google.android.gsf/com.google.android.gsf.update.SystemUpdateService$SecretCodeReceiver
09-16 01:08:39.334  3580  3580 V PackageManager: Disabling com.google.android.gsf/com.google.android.gsf.update.SystemUpdateServiceReceiver
09-16 01:08:39.334  3580  3580 W PackageManager: Unable to disable com.google.android.gsf/com.google.android.gsf.update.SystemUpdateServiceReceiver
09-16 01:08:39.334  3580  3580 V PackageManager: Disabling com.google.android.gms/com.google.android.gms.update.SystemUpdateActivity
09-16 01:08:39.335  3580  3580 W PackageManager: Unable to disable com.google.android.gms/com.google.android.gms.update.SystemUpdateActivity
09-16 01:08:39.335  3580  3580 V PackageManager: Disabling com.google.android.gms/com.google.android.gms.update.SystemUpdateService$Receiver
09-16 01:08:39.335  3580  3580 W PackageManager: Unable to disable com.google.android.gms/com.google.android.gms.update.SystemUpdateService$Receiver
09-16 01:08:39.335  3580  3580 V PackageManager: Disabling com.google.android.gms/com.google.android.gms.update.SystemUpdateService$ActiveReceiver
09-16 01:08:39.335  3580  3580 W PackageManager: Unable to disable com.google.android.gms/com.google.android.gms.update.SystemUpdateService$ActiveReceiver
09-16 01:08:39.335  3580  3580 V PackageManager: Disabling com.google.android.gms/com.google.android.gms.update.SystemUpdateService$SecretCodeReceiver
09-16 01:08:39.335  3580  3580 W PackageManager: Unable to disable com.google.android.gms/com.google.android.gms.update.SystemUpdateService$SecretCodeReceiver
09-16 01:08:39.335  3580  3580 V PackageManager: Disabling com.google.android.gms/com.google.android.gms.update.SystemUpdateServiceReceiver
09-16 01:08:39.335  3580  3580 W PackageManager: Unable to disable com.google.android.gms/com.google.android.gms.update.SystemUpdateServiceReceiver
09-16 01:08:39.336  3580  3580 V PackageManager: Enabling com.google.android.gsf/com.google.android.gsf.update.SystemUpdateService
09-16 01:08:39.336  3580  3580 W PackageManager: Unable to enable com.google.android.gsf/com.google.android.gsf.update.SystemUpdateService
09-16 01:08:39.336  3580  3580 V PackageManager: Enabling com.google.android.gms/com.google.android.gms.update.SystemUpdateService
09-16 01:08:39.336  3580  3580 W PackageManager: Unable to enable com.google.android.gms/com.google.android.gms.update.SystemUpdateService
09-16 01:08:39.532  3845  3845 V lhd     : GlLhdInterface::Init(/system/etc/lhd.conf)
09-16 01:08:39.532  3845  3845 E lhd     : SetCfgValue: Critical Error. Unknown configuration parameter "FlpName"="tcp"
09-16 01:08:39.532  3845  3845 V lhd     : SetCfgValue: LHD config "LheSerialControl"="BBD:Serial=TTY"
09-16 01:08:39.532  3845  3845 E lhd     : SetCfgValue: Critical Error. Unknown configuration parameter "LheClockMHz"="100"
09-16 01:08:39.532  3845  3845 V lhd     : SetCfgValue: LHD config "LhePatch"="/dev/bbd_patch"
09-16 01:08:39.532  3845  3845 V lhd     : SetCfgValue: LHD config "LheMaxMcuResetTries"="4"
09-16 01:08:39.532  3845  3845 V lhd     : SetCfgValue: LHD config "LheBbdPacket"="/dev/ttyBCM"
09-16 01:08:39.532  3845  3845 V lhd     : SetCfgValue: LHD config "LheBbdControl"="/dev/bbd_control"
09-16 01:08:39.532  3845  3845 V lhd     : SetCfgValue: LHD config "LheBbdSensor"="/dev/bbd_sensor"
09-16 01:08:39.532  3845  3845 V lhd     : SetCfgValue: LHD config "Lhe477xDebugFlags"="RPC:FACILITY=33:STDOUT_PUTS:STDOUT_LOG"
09-16 01:08:39.532  3845  3845 E lhd     : SetCfgValue: Critical Error. Unknown configuration parameter "LheSensorIpc"="true"
09-16 01:08:39.532  3845  3845 E lhd     : SetCfgValue: Critical Error. Unknown configuration parameter "LhePinMux"="P17=M1"
09-16 01:08:39.532  3845  3845 V lhd     : SetCfgValue: LHD config "LheAutoBaudDelayMS"="10"
09-16 01:08:39.532  3845  3845 V lhd     : SetCfgValue: LHD config "LheMaxMcuResetTries"="3"
09-16 01:08:39.532  3845  3845 E lhd     : OpenFirmwareFile: Fail to open /efs/sec_efs/sensorhub_urgent_fw.patch, errno 2
09-16 01:08:39.532  3845  3845 E lhd     : getCustPatchVersion: Fail to parse patch /efs/sec_efs/sensorhub_urgent_fw.patch
09-16 01:08:39.532  3845  3845 E lhd     : getCustPatchVersion: <CustomerVersion> not found
09-16 01:08:39.591  3845  3845 D lhd     : OnIpcConnect
09-16 01:08:39.666  3580  3580 I PackageManager.DexOptimizer: Running dexopt (dex2oat) on: /system/priv-app/TelephonyProvider/TelephonyProvider.apk pkg=com.android.providers.telephony isa=arm64 vmSafeMode=false debuggable=false target-filter=speed oatDir = null sharedLibraries=null
09-16 01:08:39.681  3847  3847 I dex2oat : /system/bin/dex2oat --compiler-filter=speed
09-16 01:08:39.914  3847  3847 I dex2oat : dex2oat took 233.519ms (threads: 8) arena alloc=7MB (7668448B) java alloc=388KB (397824B) native alloc=1877KB (1922496B) free=11MB (12233280B)
09-16 01:08:39.918  3580  3580 I PackageManager.DexOptimizer: Running dexopt (dex2oat) on: /system/priv-app/MmsService/MmsService.apk pkg=com.android.mms.service isa=arm64 vmSafeMode=false debuggable=false target-filter=speed oatDir = null sharedLibraries=null
09-16 01:08:39.933  3856  3856 I dex2oat : /system/bin/dex2oat --compiler-filter=speed
09-16 01:08:40.042  3856  3856 I dex2oat : dex2oat took 109.476ms (threads: 8) arena alloc=2MB (2223928B) java alloc=289KB (296592B) native alloc=1592KB (1631080B) free=4MB (5184664B)
09-16 01:08:40.045  3580  3580 I PackageManager.DexOptimizer: Running dexopt (dex2oat) on: /system/priv-app/DefaultContainerService/DefaultContainerService.apk pkg=com.android.defcontainer isa=arm64 vmSafeMode=false debuggable=false target-filter=speed oatDir = null sharedLibraries=null
09-16 01:08:40.060  3865  3865 I dex2oat : /system/bin/dex2oat --compiler-filter=speed
09-16 01:08:40.134  3865  3865 I dex2oat : dex2oat took 74.601ms (threads: 8) arena alloc=536KB (549456B) java alloc=108KB (110976B) native alloc=1165KB (1193008B) free=1906KB (1952720B)
09-16 01:08:40.137  3580  3580 I PackageManager.DexOptimizer: Running dexopt (dex2oat) on: /system/priv-app/SettingsProvider/SettingsProvider.apk pkg=com.android.providers.settings isa=arm64 vmSafeMode=false debuggable=false target-filter=speed oatDir = null sharedLibraries=null
09-16 01:08:40.152  3874  3874 I dex2oat : /system/bin/dex2oat --compiler-filter=speed
09-16 01:08:40.357  3874  3874 I dex2oat : dex2oat took 204.593ms (threads: 8) arena alloc=6MB (6933832B) java alloc=308KB (316200B) native alloc=1868KB (1913800B) free=10MB (10669112B)
09-16 01:08:40.360  3580  3580 I PackageManager.DexOptimizer: Running dexopt (dex2oat) on: /system/priv-app/InputDevices/InputDevices.apk pkg=com.android.inputdevices isa=arm64 vmSafeMode=false debuggable=false target-filter=speed oatDir = null sharedLibraries=null
09-16 01:08:40.375  3884  3884 I dex2oat : /system/bin/dex2oat --compiler-filter=speed
09-16 01:08:40.437  3884  3884 I dex2oat : dex2oat took 61.724ms (threads: 8) arena alloc=15KB (15632B) java alloc=32KB (33200B) native alloc=863KB (883984B) free=1696KB (1737456B)
09-16 01:08:40.439  3580  3580 I PackageManager.DexOptimizer: Running dexopt (dex2oat) on: /system/app/ExtShared/ExtShared.apk pkg=android.ext.shared isa=arm64 vmSafeMode=false debuggable=false target-filter=speed oatDir = null sharedLibraries=null
09-16 01:08:40.454  3893  3893 I dex2oat : /system/bin/dex2oat --compiler-filter=speed
09-16 01:08:40.517  3893  3893 I dex2oat : dex2oat took 62.861ms (threads: 8) arena alloc=78KB (79992B) java alloc=55KB (57056B) native alloc=894KB (915944B) free=2MB (2229784B)
09-16 01:08:40.519  3580  3580 I PackageManager.DexOptimizer: Running dexopt (dex2oat) on: /system/priv-app/Telecom/Telecom.apk pkg=com.android.server.telecom isa=arm64 vmSafeMode=false debuggable=false target-filter=speed oatDir = null sharedLibraries=null
09-16 01:08:40.534  3902  3902 I dex2oat : /system/bin/dex2oat --compiler-filter=speed
09-16 01:08:40.947  3902  3902 I dex2oat : dex2oat took 413.481ms (threads: 8) arena alloc=3MB (4007888B) java alloc=1161KB (1189392B) native alloc=4MB (4613624B) free=7MB (7445000B)
09-16 01:08:40.952  3580  3580 I PackageManager.DexOptimizer: Running dexopt (dex2oat) on: /system/priv-app/Dialer/Dialer.apk pkg=com.android.dialer isa=arm64 vmSafeMode=false debuggable=false target-filter=speed oatDir = null sharedLibraries=null
09-16 01:08:40.967  3911  3911 I dex2oat : /system/bin/dex2oat --compiler-filter=speed
09-16 01:08:41.155  3911  3911 W dex2oat : Before Android 4.1, method android.graphics.PorterDuffColorFilter android.support.graphics.drawable.VectorDrawableCompat.updateTintFilter(android.graphics.PorterDuffColorFilter, android.content.res.ColorStateList, android.graphics.PorterDuff$Mode) would have incorrectly overridden the package-private method in android.graphics.drawable.Drawable
09-16 01:08:41.167  3911  3918 W dex2oat : Before Android 4.1, method int android.support.v7.widget.ListViewCompat.lookForSelectablePosition(int, boolean) would have incorrectly overridden the package-private method in android.widget.ListView
09-16 01:08:42.522  3911  3911 I dex2oat : dex2oat took 1.554s (threads: 8) arena alloc=5MB (5370424B) java alloc=6MB (6331408B) native alloc=16MB (17202704B) free=8MB (8487408B)
09-16 01:08:42.528  3580  3580 I PackageManager.DexOptimizer: Running dexopt (dex2oat) on: /system/priv-app/ExtServices/ExtServices.apk pkg=android.ext.services isa=arm64 vmSafeMode=false debuggable=false target-filter=speed oatDir = null sharedLibraries=null
09-16 01:08:42.544  3920  3920 I dex2oat : /system/bin/dex2oat --compiler-filter=speed
09-16 01:08:42.620  3920  3920 I dex2oat : dex2oat took 75.940ms (threads: 8) arena alloc=337KB (345992B) java alloc=111KB (114192B) native alloc=1117KB (1143992B) free=2MB (2526024B)
09-16 01:08:42.623  3580  3580 I PackageManager.DexOptimizer: Running dexopt (dex2oat) on: /system/priv-app/CMSettingsProvider/CMSettingsProvider.apk pkg=org.cyanogenmod.cmsettings isa=arm64 vmSafeMode=false debuggable=false target-filter=speed oatDir = null sharedLibraries=null
09-16 01:08:42.639  3929  3929 I dex2oat : /system/bin/dex2oat --compiler-filter=speed
09-16 01:08:42.748  3929  3929 I dex2oat : dex2oat took 109.303ms (threads: 8) arena alloc=1980KB (2027896B) java alloc=250KB (256576B) native alloc=1673KB (1713584B) free=4MB (4577872B)
09-16 01:08:42.751  3580  3580 I PackageManager.DexOptimizer: Running dexopt (dex2oat) on: /system/priv-app/PackageInstaller/PackageInstaller.apk pkg=com.android.packageinstaller isa=arm64 vmSafeMode=false debuggable=false target-filter=speed oatDir = null sharedLibraries=null
09-16 01:08:42.767  3938  3938 I dex2oat : /system/bin/dex2oat --compiler-filter=speed
09-16 01:08:42.862  3938  3944 W dex2oat : Before Android 4.1, method android.graphics.PorterDuffColorFilter android.support.graphics.drawable.VectorDrawableCompat.updateTintFilter(android.graphics.PorterDuffColorFilter, android.content.res.ColorStateList, android.graphics.PorterDuff$Mode) would have incorrectly overridden the package-private method in android.graphics.drawable.Drawable
09-16 01:08:42.879  3938  3940 W dex2oat : Before Android 4.1, method int android.support.v7.widget.ListViewCompat.lookForSelectablePosition(int, boolean) would have incorrectly overridden the package-private method in android.widget.ListView
09-16 01:08:43.527  3938  3938 I dex2oat : dex2oat took 760.429ms (threads: 8) arena alloc=3MB (3899272B) java alloc=3MB (4140104B) native alloc=7MB (7853272B) free=7MB (7351080B)
09-16 01:08:43.531  3580  3580 I PackageManager.DexOptimizer: Running dexopt (dex2oat) on: /system/priv-app/ProxyHandler/ProxyHandler.apk pkg=com.android.proxyhandler isa=arm64 vmSafeMode=false debuggable=false target-filter=speed oatDir = null sharedLibraries=null
09-16 01:08:43.547  3947  3947 I dex2oat : /system/bin/dex2oat --compiler-filter=speed
09-16 01:08:43.625  3947  3947 I dex2oat : dex2oat took 78.010ms (threads: 8) arena alloc=1271KB (1301752B) java alloc=103KB (106400B) native alloc=1130KB (1157720B) free=3MB (3560872B)
09-16 01:08:43.628  3580  3580 I PackageManager.DexOptimizer: Running dexopt (dex2oat) on: /system/app/LatinIME/LatinIME.apk pkg=com.android.inputmethod.latin isa=arm64 vmSafeMode=false debuggable=false target-filter=speed oatDir = null sharedLibraries=null
09-16 01:08:43.644  3956  3956 I dex2oat : /system/bin/dex2oat --compiler-filter=speed
09-16 01:08:44.127  3956  3956 I dex2oat : dex2oat took 483.976ms (threads: 8) arena alloc=2MB (3038496B) java alloc=1808KB (1851760B) native alloc=4MB (5090704B) free=6MB (6967920B)
09-16 01:08:44.132  3580  3580 I PackageManager.DexOptimizer: Running dexopt (dex2oat) on: /system/priv-app/Settings/Settings.apk pkg=com.android.settings isa=arm64 vmSafeMode=false debuggable=false target-filter=speed oatDir = null sharedLibraries=null
09-16 01:08:44.147  3966  3966 I dex2oat : /system/bin/dex2oat --compiler-filter=speed
09-16 01:08:44.329  3966  3970 W dex2oat : Before Android 4.1, method android.graphics.PorterDuffColorFilter android.support.graphics.drawable.VectorDrawableCompat.updateTintFilter(android.graphics.PorterDuffColorFilter, android.content.res.ColorStateList, android.graphics.PorterDuff$Mode) would have incorrectly overridden the package-private method in android.graphics.drawable.Drawable
09-16 01:08:44.341  3966  3966 W dex2oat : Before Android 4.1, method int android.support.v7.widget.ListViewCompat.lookForSelectablePosition(int, boolean) would have incorrectly overridden the package-private method in android.widget.ListView
09-16 01:08:45.719  3966  3966 I dex2oat : dex2oat took 1.571s (threads: 8) arena alloc=5MB (5633600B) java alloc=9MB (9985048B) native alloc=17MB (18052400B) free=8MB (8686288B)
09-16 01:08:45.725  3580  3580 I PackageManager.DexOptimizer: Running dexopt (dex2oat) on: /system/priv-app/TeleService/TeleService.apk pkg=com.android.phone isa=arm64 vmSafeMode=false debuggable=false target-filter=speed oatDir = null sharedLibraries=null
09-16 01:08:45.741  3975  3975 I dex2oat : /system/bin/dex2oat --compiler-filter=speed
09-16 01:08:46.175  3975  3977 W dex2oat : Compilation of void com.android.phone.PhoneInterfaceManager$MainThreadHandler.handleMessage(android.os.Message) took 117.848ms
09-16 01:08:46.522  3975  3975 I dex2oat : dex2oat took 780.721ms (threads: 8) arena alloc=11MB (12065376B) java alloc=2MB (2722712B) native alloc=8MB (8918672B) free=14MB (15722864B)
09-16 01:08:46.527  3580  3580 I PackageManager.DexOptimizer: Running dexopt (dex2oat) on: /system/priv-app/Shell/Shell.apk pkg=com.android.shell isa=arm64 vmSafeMode=false debuggable=false target-filter=speed oatDir = null sharedLibraries=null
09-16 01:08:46.543  3984  3984 I dex2oat : /system/bin/dex2oat --compiler-filter=speed
09-16 01:08:46.703  3984  3984 I dex2oat : dex2oat took 160.876ms (threads: 8) arena alloc=1651KB (1691240B) java alloc=352KB (361416B) native alloc=1774KB (1817512B) free=3MB (3949656B)
09-16 01:08:46.707  3580  3580 I PackageManager.DexOptimizer: Running dexopt (dex2oat) on: /system/priv-app/FusedLocation/FusedLocation.apk pkg=com.android.location.fused isa=arm64 vmSafeMode=false debuggable=false target-filter=speed oatDir = null sharedLibraries=/system/framework/com.android.location.provider.jar
09-16 01:08:46.722  3993  3993 I dex2oat : /system/bin/dex2oat --compiler-filter=speed
09-16 01:08:46.799  3993  3993 I dex2oat : dex2oat took 76.936ms (threads: 8) arena alloc=445KB (456488B) java alloc=139KB (143096B) native alloc=1299KB (1330280B) free=4MB (4436888B)
09-16 01:08:46.803  3580  3580 I PackageManager.DexOptimizer: Running dexopt (dex2oat) on: /system/priv-app/SystemUI/SystemUI.apk pkg=com.android.systemui isa=arm64 vmSafeMode=false debuggable=false target-filter=speed oatDir = null sharedLibraries=null
09-16 01:08:46.819  4002  4002 I dex2oat : /system/bin/dex2oat --compiler-filter=speed
09-16 01:08:47.020  4002  4009 W dex2oat : Before Android 4.1, method android.graphics.PorterDuffColorFilter android.support.graphics.drawable.VectorDrawableCompat.updateTintFilter(android.graphics.PorterDuffColorFilter, android.content.res.ColorStateList, android.graphics.PorterDuff$Mode) would have incorrectly overridden the package-private method in android.graphics.drawable.Drawable
09-16 01:08:47.037  4002  4004 W dex2oat : Before Android 4.1, method int android.support.v7.widget.ListViewCompat.lookForSelectablePosition(int, boolean) would have incorrectly overridden the package-private method in android.widget.ListView
09-16 01:08:48.497  4002  4002 I dex2oat : dex2oat took 1.678s (threads: 8) arena alloc=3MB (3201752B) java alloc=10MB (10599896B) native alloc=18MB (19030000B) free=6MB (6660112B)
09-16 01:08:48.504  3580  3580 I PackageManager.DexOptimizer: Running dexopt (dex2oat) on: /system/priv-app/WeatherManagerService/WeatherManagerService.apk pkg=org.cyanogenmod.weatherservice isa=arm64 vmSafeMode=false debuggable=false target-filter=speed oatDir = null sharedLibraries=null
09-16 01:08:48.519  4011  4011 I dex2oat : /system/bin/dex2oat --compiler-filter=speed
09-16 01:08:48.657  4011  4011 I dex2oat : dex2oat took 138.074ms (threads: 8) arena alloc=2MB (2311504B) java alloc=389KB (398704B) native alloc=1529KB (1565992B) free=5MB (5249752B)
09-16 01:08:48.661  3580  3580 E PackageManager: There should probably be a verifier, but, none were found
09-16 01:08:48.664  3580  3580 D PackageManager: Ephemeral resolver NOT found; no matching intent filters
09-16 01:08:48.665  3580  3580 I PackageManager: Ephemeral deactivated; missing resolver and installer
09-16 01:08:48.665  3580  3580 I art     : Starting a blocking GC Explicit
09-16 01:08:48.687  3580  3580 I art     : Explicit concurrent mark sweep GC freed 53520(3MB) AllocSpace objects, 44(2MB) LOS objects, 33% free, 9MB/13MB, paused 140us total 21.719ms
09-16 01:08:48.688  3580  3580 I SystemServer: StartOtaDexOptService
09-16 01:08:48.690  3580  3580 I SystemServer: StartUserManagerService
09-16 01:08:48.690  3580  3580 I SystemServiceManager: Starting com.android.server.pm.UserManagerService$LifeCycle
09-16 01:08:48.702  3156  3156 I lowmemorykiller: ActivityManager connected
09-16 01:08:48.703  3580  3580 I SystemServiceManager: Starting com.android.server.BatteryService
09-16 01:08:48.703  3580  4021 D SensorService: nuSensorService starting...
09-16 01:08:48.706  3580  4021 W MultiHal: No multihal config file found at /system/etc/sensors/hals.conf
09-16 01:08:48.706  3580  4021 I SensorService: Generated new HMAC key.
09-16 01:08:48.707  3580  3580 I SystemServiceManager: Starting com.android.server.usage.UsageStatsService
09-16 01:08:48.722  3580  3580 I SystemServiceManager: Starting com.android.server.webkit.WebViewUpdateService
09-16 01:08:48.725  3580  3580 I SystemServer: Reading configuration...
09-16 01:08:48.725  3580  3580 I SystemServer: StartSchedulingPolicyService
09-16 01:08:48.726  3580  3580 I SystemServiceManager: Starting com.android.server.telecom.TelecomLoaderService
09-16 01:08:48.726  3580  3580 I SystemServer: StartTelephonyRegistry
09-16 01:08:48.729  3580  3580 I SystemServer: StartEntropyMixer
09-16 01:08:48.730  3580  3580 W EntropyMixer: No existing entropy file -- first boot?
09-16 01:08:48.749  3580  3580 I EntropyMixer: Added HW RNG output to entropy pool
09-16 01:08:48.749  3580  3580 I EntropyMixer: Writing entropy...
09-16 01:08:48.772  3580  3580 I SystemServer: Camera Service
09-16 01:08:48.772  3580  3580 I SystemServiceManager: Starting com.android.server.camera.CameraService
09-16 01:08:48.773  3580  4022 I ServiceThread: Enabled StrictMode logging for CameraService_proxy looper.
09-16 01:08:48.774  3580  3580 I SystemServer: StartAccountManagerService
09-16 01:08:48.775  3580  3580 I SystemServiceManager: Starting com.android.server.accounts.AccountManagerService$Lifecycle
09-16 01:08:48.781  3580  3580 I SystemServer: StartContentService
09-16 01:08:48.781  3580  3580 I SystemServiceManager: Starting com.android.server.content.ContentService$Lifecycle
09-16 01:08:48.783  3580  3580 I SystemServer: InstallSystemProviders
09-16 01:08:48.786  3580  3580 W System  : ClassLoader referenced unknown path: /system/priv-app/CMSettingsProvider/lib/arm64
09-16 01:08:48.837  3580  3580 D ActivityThread: Loading provider settings: com.android.providers.settings.SettingsProvider
09-16 01:08:48.839  3580  3580 W System  : ClassLoader referenced unknown path: /system/priv-app/SettingsProvider/lib/arm64
09-16 01:08:48.840  3580  3580 D ApplicationLoaders: ignored Vulkan layer search path /system/priv-app/SettingsProvider/lib/arm64:/system/priv-app/SettingsProvider/SettingsProvider.apk!/lib/arm64-v8a:/system/lib64:/vendor/lib64 for namespace 0x7f868f9160
09-16 01:08:48.936  3580  3580 I SettingsState: No settings state /data/system/users/0/settings_system.xml
09-16 01:08:48.952  3580  3580 I SettingsState: No settings state /data/system/users/0/settings_secure.xml
09-16 01:08:48.956  3580  3580 D SettingsProvider: Generated and saved new ANDROID_ID [cb3df6ce969f1b5e] for user 0
09-16 01:08:48.970  3580  3580 I SettingsState: No settings state /data/system/users/0/settings_global.xml
09-16 01:08:49.026  3580  3580 I SystemServer: StartVibratorService
09-16 01:08:49.030  3580  3580 I SystemServer: StartConsumerIrService
09-16 01:08:49.030  3580  3580 E ConsumerIrService: Can't open consumer IR HW Module, error: -2
09-16 01:08:49.031  3580  3580 I SystemServer: StartAlarmManagerService
09-16 01:08:49.031  3580  3580 I SystemServiceManager: Starting com.android.server.AlarmManagerService
09-16 01:08:49.037  3580  3580 I SystemServer: InitWatchdog
09-16 01:08:49.037  3580  3580 I SystemServer: StartInputManagerService
09-16 01:08:49.037  3580  3580 I InputManager: Initializing input manager, mUseDevInputEventForAudioJack=false
09-16 01:08:49.038  3580  3580 I SystemServer: StartWindowManagerService
09-16 01:08:49.047  3580  3687 I WindowManager: No existing display settings /data/system/display_settings.xml; starting empty
09-16 01:08:49.058  3580  3681 I CameraManagerGlobal: Connecting to camera service
09-16 01:08:49.060  3171  3171 E CameraService: getCameraVendorTagDescriptor: camera hardware module doesn't exist
09-16 01:08:49.137  3580  3580 I SystemServer: StartVrManagerService
09-16 01:08:49.137  3580  3580 I SystemServiceManager: Starting com.android.server.vr.VrManagerService
09-16 01:08:49.138  3580  3580 W VrManagerService: init_native: Could not open VR hardware module, error No such file or directory (-2).
09-16 01:08:49.140  3580  3580 I InputManager: Starting input manager
09-16 01:08:49.142  3580  4029 D EventHub: No input device configuration file found for device 'certify_hall'.
09-16 01:08:49.146  3580  3580 I SystemServiceManager: Starting com.android.server.BluetoothService
09-16 01:08:49.148  3580  3580 D BluetoothManagerService: Loading stored name and address
09-16 01:08:49.148  3580  3580 D BluetoothManagerService: Stored bluetooth Name=null,Address=null
09-16 01:08:49.148  3580  3580 D BluetoothManagerService: Bluetooth persisted state: 0
09-16 01:08:49.148  3580  3580 I SystemServer: ConnectivityMetricsLoggerService
09-16 01:08:49.148  3580  3580 I SystemServiceManager: Starting com.android.server.connectivity.MetricsLoggerService
09-16 01:08:49.149  3580  3580 I SystemServer: IpConnectivityMetrics
09-16 01:08:49.149  3580  3580 I SystemServiceManager: Starting com.android.server.connectivity.IpConnectivityMetrics
09-16 01:08:49.150  3580  3580 I SystemServer: PinnerService
09-16 01:08:49.150  3580  3580 I SystemServiceManager: Starting com.android.server.PinnerService
09-16 01:08:49.151  3580  3580 I SystemServiceManager: Starting com.android.server.InputMethodManagerService$Lifecycle
09-16 01:08:49.178  3580  3580 W System  : ClassLoader referenced unknown path: 
09-16 01:08:49.179  3580  3580 D ApplicationLoaders: ignored Vulkan layer search path /system/app/LatinIME/lib/arm64:/system/fake-libs64:/system/app/LatinIME/LatinIME.apk!/lib/arm64-v8a:/system/lib64:/vendor/lib64 for namespace 0x7f868f91d0
09-16 01:08:49.190  3580  4029 D EventHub: No input device configuration file found for device 'Headset'.
09-16 01:08:49.193  3580  4029 W EventHub: Unable to disable kernel key repeat for /dev/input/event15: Function not implemented
09-16 01:08:49.193  3580  4029 I EventHub: New device: id=2, fd=96, path='/dev/input/event15', name='Headset', classes=0x1, configuration='', keyLayout='/system/usr/keylayout/Generic.kl', keyCharacterMap='/system/usr/keychars/Generic.kcm', builtinKeyboard=false, wakeMechanism=EPOLLWAKEUP, usingClockIoctl=true
09-16 01:08:49.193  3580  4029 D EventHub: No input device configuration file found for device 'gpio_keys'.
09-16 01:08:49.194  3580  4029 W EventHub: Unable to disable kernel key repeat for /dev/input/event16: Function not implemented
09-16 01:08:49.194  3580  4029 I EventHub: New device: id=3, fd=98, path='/dev/input/event16', name='gpio_keys', classes=0x1, configuration='', keyLayout='/system/usr/keylayout/Generic.kl', keyCharacterMap='/system/usr/keychars/Generic.kcm', builtinKeyboard=false, wakeMechanism=EPOLLWAKEUP, usingClockIoctl=true
09-16 01:08:49.194  3580  4029 E EventHub: could not get driver version for /dev/input/mouse1, Not a typewriter
09-16 01:08:49.238  3580  4029 D EventHub: No input device configuration file found for device 'sec_touchpad'.
09-16 01:08:49.239  3580  4029 W EventHub: Unable to disable kernel key repeat for /dev/input/event1: Function not implemented
09-16 01:08:49.239  3580  4029 I EventHub: New device: id=4, fd=97, path='/dev/input/event1', name='sec_touchpad', classes=0x15, configuration='', keyLayout='/system/usr/keylayout/Generic.kl', keyCharacterMap='/system/usr/keychars/Generic.kcm', builtinKeyboard=false, wakeMechanism=EPOLLWAKEUP, usingClockIoctl=true
09-16 01:08:49.239  3580  4029 E EventHub: could not get driver version for /dev/input/mouse0, Not a typewriter
09-16 01:08:49.292  3580  3580 W InputMethodManagerService: No IME selected. Choose the most applicable IME.
09-16 01:08:49.298  3580  3580 I InputMethodManagerService: Default found, using com.android.inputmethod.latin/.LatinIME
09-16 01:08:49.299  3580  3580 I SystemServer: StartAccessibilityManagerService
09-16 01:08:49.354  3580  4029 W EventHub: Unable to disable kernel key repeat for /dev/input/event0: Function not implemented
09-16 01:08:49.354  3580  4029 I EventHub: New device: id=5, fd=100, path='/dev/input/event0', name='sec_touchscreen', classes=0x15, configuration='/system/usr/idc/sec_touchscreen.idc', keyLayout='/system/usr/keylayout/Generic.kl', keyCharacterMap='/system/usr/keychars/Generic.kcm', builtinKeyboard=false, wakeMechanism=EPOLLWAKEUP, usingClockIoctl=true
09-16 01:08:49.354  3580  4029 D EventHub: No input device configuration file found for device 'hall'.
09-16 01:08:49.394  3580  4029 D EventHub: No input device configuration file found for device 'ssp_context'.
09-16 01:08:49.438  3580  4029 D EventHub: No input device configuration file found for device 'meta_event'.
09-16 01:08:49.470  3580  4029 D EventHub: No input device configuration file found for device 'interrupt_gyro_sensor'.
09-16 01:08:49.514  3580  4029 D EventHub: No input device configuration file found for device 'step_cnt_sensor'.
09-16 01:08:49.550  3580  4029 D EventHub: No input device configuration file found for device 'sig_motion_sensor'.
09-16 01:08:49.553  3580  3580 W art     : Long monitor contention with owner PackageManager (3693) at void com.android.server.pm.PackageManagerService$PackageHandler.doHandleMessage(android.os.Message)(PackageManagerService.java:1498) waiters=0 in android.content.pm.ProviderInfo com.android.server.pm.PackageManagerService.resolveContentProvider(java.lang.String, int, int) for 252ms
09-16 01:08:49.560  3580  3580 I ActivityManager: Config changes=1df8 {1.0 ?mcc?mnc [en_US] ldltr sw411dp w411dp h845dp 560dpi nrml long port ?uimode ?night -touch -keyb/h/h -nav/h s.2}
09-16 01:08:49.562  3580  3679 I UsageStatsDatabase: Upgrading from version 0 to 3
09-16 01:08:49.562  3580  3679 I UsageStatsDatabase: Deleting all usage stats files
09-16 01:08:49.565  3580  3679 I UsageStatsService: User[0] Rollover scheduled @ 2017-09-17 01:08:49(1505610529560)
09-16 01:08:49.565  3580  3679 D UsageStatsService: Initializing defaults for system apps on user 0
09-16 01:08:49.583  3580  3679 E AppIdleHistory: Unable to read app idle file for user 0
09-16 01:08:49.583  3580  3687 I ActivityManager: Config changes=400 {1.0 ?mcc?mnc [en_US] ldltr sw411dp w411dp h773dp 560dpi nrml long port ?uimode ?night -touch -keyb/h/h -nav/h s.3}
09-16 01:08:49.586  3580  4029 D EventHub: No input device configuration file found for device 'gesture_sensor'.
09-16 01:08:49.588  3580  3687 W LocalDisplayAdapter: Unable to find color mode 0, ignoring request.
09-16 01:08:49.600  3580  3580 W LocalDisplayAdapter: Unable to find color mode 0, ignoring request.
09-16 01:08:49.600  3580  3580 I SystemServiceManager: Starting com.android.server.MountService$Lifecycle
09-16 01:08:49.608  3580  3580 I SystemServiceManager: Starting com.android.server.UiModeManagerService
09-16 01:08:49.608  3580  4030 D MountService: Thinking about init, mSystemReady=false, mDaemonConnected=true
09-16 01:08:49.608  3580  4030 D MountService: Thinking about reset, mSystemReady=false, mDaemonConnected=true
09-16 01:08:49.609  3580  4030 D MountService: Thinking about init, mSystemReady=false, mDaemonConnected=true
09-16 01:08:49.609  3580  4030 D MountService: Thinking about reset, mSystemReady=false, mDaemonConnected=true
09-16 01:08:49.609  3580  4030 D CryptdConnector: SND -> {1 cryptfs getfield SystemLocale}
09-16 01:08:49.610  3580  3580 I ActivityManager: Config changes=200 {1.0 ?mcc?mnc [en_US] ldltr sw411dp w411dp h773dp 560dpi nrml long port -touch -keyb/h/h -nav/h s.4}
09-16 01:08:49.610  3580  4032 D CryptdConnector: RCV <- {200 1 -1}
09-16 01:08:49.613  3580  4030 W MountService: No primary storage mounted!
09-16 01:08:49.613  3580  4030 D VoldConnector: SND -> {1 asec list}
09-16 01:08:49.614  3580  4031 D VoldConnector: RCV <- {200 1 asec operation succeeded}
09-16 01:08:49.615  3580  4030 I PackageManager: No secure containers found
09-16 01:08:49.621  3580  4030 W PackageManager: Unknown permission com.google.android.googleapps.permission.GOOGLE_AUTH in package com.android.providers.calendar
09-16 01:08:49.621  3580  4030 W PackageManager: Unknown permission com.google.android.googleapps.permission.GOOGLE_AUTH.cl in package com.android.providers.calendar
09-16 01:08:49.622  3580  4029 D EventHub: No input device configuration file found for device 'temp_humidity_sensor'.
09-16 01:08:49.625  3580  4030 W PackageManager: Unknown permission cyanogenmod.permission.LEGALESE in package com.cyanogenmod.setupwizard
09-16 01:08:49.627  3580  4030 W PackageManager: Unknown permission com.android.gallery3d.permission.STORAGE_CHANGE in package com.android.camera2
09-16 01:08:49.627  3580  4030 W PackageManager: Unknown permission android.permission.NFC_UNLOCK in package com.android.nfc
09-16 01:08:49.630  3580  4030 W PackageManager: Unknown permission com.google.android.googleapps.permission.GOOGLE_AUTH.mail in package com.android.calendar
09-16 01:08:49.631  3580  4030 W PackageManager: Unknown permission com.android.launcher.permission.READ_SETTINGS in package com.android.onetimeinitializer
09-16 01:08:49.631  3580  4030 W PackageManager: Unknown permission com.android.launcher.permission.WRITE_SETTINGS in package com.android.onetimeinitializer
09-16 01:08:49.634  3580  4030 W PackageManager: Unknown permission com.android.launcher.permission.READ_SETTINGS in package com.cyanogenmod.trebuchet
09-16 01:08:49.634  3580  4030 W PackageManager: Unknown permission com.android.launcher.permission.WRITE_SETTINGS in package com.cyanogenmod.trebuchet
09-16 01:08:49.635  3580  4030 W PackageManager: Unknown permission com.google.android.permission.INSTALL_WEARABLE_PACKAGES in package com.android.packageinstaller
09-16 01:08:49.635  3580  4030 W PackageManager: Not granting permission android.permission.DELETE_PACKAGES to package com.svox.pico (protectionLevel=18 flags=0x3888be45)
09-16 01:08:49.637  3580  4030 W PackageManager: Unknown permission com.google.android.gallery3d.permission.PICASA_STORE in package com.android.dreams.phototable
09-16 01:08:49.639  3580  4030 W PackageManager: Unknown permission com.google.android.googleapps.permission.GOOGLE_AUTH in package com.android.settings
09-16 01:08:49.639  3580  4030 W PackageManager: Unknown permission com.android.launcher.permission.READ_SETTINGS in package com.android.settings
09-16 01:08:49.640  3580  4030 W PackageManager: Unknown permission com.android.launcher.permission.WRITE_SETTINGS in package com.android.settings
09-16 01:08:49.650  3580  4030 W PackageManager: Not granting permission android.permission.MANAGE_DOCUMENTS to package com.android.deskclock (protectionLevel=2 flags=0x3cc9be45)
09-16 01:08:49.650  3580  4030 W PackageManager: Unknown permission com.android.deskclock.worldclock.permissions.WRITE_DATABASE in package com.android.deskclock
09-16 01:08:49.650  3580  4030 W PackageManager: Unknown permission org.codeaurora.permission.POWER_ON_ALERT in package com.android.deskclock
09-16 01:08:49.650  3580  4030 W PackageManager: Not granting permission android.permission.WRITE_SECURE_SETTINGS to package com.android.deskclock (protectionLevel=50 flags=0x3cc9be45)
09-16 01:08:49.655  3580  4030 W PackageManager: Unknown permission com.cyanogenmod.lockclock.permission.READ_WEATHER in package com.android.systemui
09-16 01:08:49.657  3580  4030 W PackageManager: Unknown permission com.google.android.gallery3d.permission.GALLERY_PROVIDER in package com.android.bluetooth
09-16 01:08:49.659  3580  4030 W PackageManager: Unknown permission com.google.android.googleapps.permission.ACCESS_GOOGLE_PASSWORD in package com.android.development
09-16 01:08:49.659  3580  4030 W PackageManager: Unknown permission com.google.android.googleapps.permission.GOOGLE_AUTH in package com.android.development
09-16 01:08:49.659  3580  4030 W PackageManager: Unknown permission com.google.android.googleapps.permission.GOOGLE_AUTH.ALL_SERVICES in package com.android.development
09-16 01:08:49.659  3580  4030 W PackageManager: Unknown permission com.google.android.googleapps.permission.GOOGLE_AUTH.YouTubeUser in package com.android.development
09-16 01:08:49.662  3580  4029 D EventHub: No input device configuration file found for device 'proximity_alert_sensor'.
09-16 01:08:49.694  3580  4029 D EventHub: No input device configuration file found for device 'proximity_sensor'.
09-16 01:08:49.726  3580  4029 D EventHub: No input device configuration file found for device 'light_ir_sensor'.
09-16 01:08:49.758  3580  4029 D EventHub: No input device configuration file found for device 'light_sensor'.
09-16 01:08:49.790  3580  4029 D EventHub: No input device configuration file found for device 'hrm_sensor'.
09-16 01:08:49.830  3580  4029 D EventHub: No input device configuration file found for device 'grip_sensor'.
09-16 01:08:49.874  3580  4029 E EventHub: could not get driver version for /dev/input/mice, Not a typewriter
09-16 01:08:49.931  3580  4029 I InputReader: Device added: id=-1, name='Virtual', sources=0x00000301
09-16 01:08:49.931  3580  4029 W InputReader: Invalid value for touch.size.calibration: 'normalized'
09-16 01:08:49.932  3580  4029 I InputReader:   Touch device 'sec_touchscreen' could not query the properties of its associated display.  The device will be inoperable until the display size becomes available.
09-16 01:08:49.932  3580  4029 I InputReader: Device added: id=5, name='sec_touchscreen', sources=0x00001103
09-16 01:08:49.932  3580  4029 I InputReader:   Touch device 'sec_touchpad' could not query the properties of its associated display.  The device will be inoperable until the display size becomes available.
09-16 01:08:49.932  3580  4029 I InputReader: Device added: id=4, name='sec_touchpad', sources=0x00002103
09-16 01:08:49.932  3580  4029 I InputReader: Device added: id=3, name='gpio_keys', sources=0x00000101
09-16 01:08:49.932  3580  4029 I InputReader: Device added: id=2, name='Headset', sources=0x00000101
09-16 01:08:49.933  3580  4029 I InputReader: Reconfiguring input devices.  changes=0x00000004
09-16 01:08:49.938  3580  4029 I InputReader: Device reconfigured: id=4, name='sec_touchpad', size 1440x2960, orientation 0, mode 4, display id 0
09-16 01:08:49.938  3580  4029 I InputReader: Device reconfigured: id=5, name='sec_touchscreen', size 1440x2960, orientation 0, mode 1, display id 0
09-16 01:08:49.939  3580  4028 I ActivityManager: Config changes=8 {1.0 ?mcc?mnc [en_US] ldltr sw411dp w411dp h773dp 560dpi nrml long port finger -keyb/h/h -nav/h s.5}
09-16 01:08:49.971  3580  4030 W MountService: No primary storage defined yet; hacking together a stub
09-16 01:08:49.971  3580  4030 W MountService: No primary storage defined yet; hacking together a stub
09-16 01:08:49.972  3580  4030 W MountService: No primary storage mounted!
09-16 01:08:49.972  3580  4030 D VoldConnector: SND -> {2 asec list}
09-16 01:08:49.974  3580  4031 D VoldConnector: RCV <- {200 2 asec operation succeeded}
09-16 01:08:49.979  3580  3580 I PackageManager.DexOptimizer: Running dexopt (dex2oat) on: /system/app/RootPA/RootPA.apk pkg=com.gd.mobicore.pa isa=arm64 vmSafeMode=false debuggable=false target-filter=verify-at-runtime oatDir = null sharedLibraries=null
09-16 01:08:49.995  4033  4033 I dex2oat : /system/bin/dex2oat --compiler-filter=verify-at-runtime
09-16 01:08:50.057  4033  4033 I dex2oat : dex2oat took 62.191ms (threads: 8) arena alloc=0B (0B) java alloc=27KB (28240B) native alloc=1090KB (1116976B) free=1469KB (1504464B)
09-16 01:08:50.059  3580  3580 I PackageManager.DexOptimizer: Running dexopt (dex2oat) on: /system/priv-app/CalendarProvider/CalendarProvider.apk pkg=com.android.providers.calendar isa=arm64 vmSafeMode=false debuggable=false target-filter=verify-at-runtime oatDir = null sharedLibraries=/system/framework/android.test.runner.jar
09-16 01:08:50.074  4042  4042 I dex2oat : /system/bin/dex2oat --compiler-filter=verify-at-runtime
09-16 01:08:50.171  4042  4042 I dex2oat : dex2oat took 97.828ms (threads: 8) arena alloc=0B (0B) java alloc=35KB (36168B) native alloc=1141KB (1169264B) free=1930KB (1976464B)
09-16 01:08:50.174  3580  3580 I PackageManager.DexOptimizer: Running dexopt (dex2oat) on: /system/priv-app/MediaProvider/MediaProvider.apk pkg=com.android.providers.media isa=arm64 vmSafeMode=false debuggable=false target-filter=verify-at-runtime oatDir = null sharedLibraries=null
09-16 01:08:50.189  4051  4051 I dex2oat : /system/bin/dex2oat --compiler-filter=verify-at-runtime
09-16 01:08:50.254  4051  4051 I dex2oat : dex2oat took 65.238ms (threads: 8) arena alloc=0B (0B) java alloc=31KB (32216B) native alloc=1100KB (1126544B) free=1459KB (1494896B)
