09-05 01:20:48.919  3076  3076 W auditd  : type=1320 audit(0.0:124): 
09-05 01:20:49.493  3298  3298 I dex2oat : Explicit concurrent mark sweep GC freed 7869(2MB) AllocSpace objects, 0(0B) LOS objects, 61% free, 2MB/6MB, paused 63us total 9.336ms
09-05 01:20:49.550  3315  3315 I dex2oat : Explicit concurrent mark sweep GC freed 7869(1469KB) AllocSpace objects, 0(0B) LOS objects, 66% free, 1825KB/5MB, paused 41us total 8.319ms
09-05 01:20:49.640  3162  3162 D wrapperGPS: wrapperConnect_RILD
09-05 01:20:50.220  3298  3298 I dex2oat : dex2oat took 2.248s (threads: 8) arena alloc=0B (0B) java alloc=2MB (2608704B) native alloc=10MB (10597096B) free=5MB (5262616B)
09-05 01:20:50.220  3315  3315 I dex2oat : dex2oat took 2.199s (threads: 8) arena alloc=0B (0B) java alloc=1829KB (1873040B) native alloc=7MB (7784736B) free=4MB (4273888B)
09-05 01:20:50.246  3164  3164 D ICU     : No timezone override file found: /data/misc/zoneinfo/current/icu/icu_tzdata.dat
09-05 01:20:50.249  3163  3163 D ICU     : No timezone override file found: /data/misc/zoneinfo/current/icu/icu_tzdata.dat
09-05 01:20:50.274  3164  3164 W art     : Before Android 4.1, method double java.util.concurrent.ThreadLocalRandom.internalNextDouble(double, double) would have incorrectly overridden the package-private method in java.util.Random
09-05 01:20:50.274  3163  3163 W art     : Before Android 4.1, method double java.util.concurrent.ThreadLocalRandom.internalNextDouble(double, double) would have incorrectly overridden the package-private method in java.util.Random
09-05 01:20:50.274  3164  3164 W art     : Before Android 4.1, method int java.util.concurrent.ThreadLocalRandom.internalNextInt(int, int) would have incorrectly overridden the package-private method in java.util.Random
09-05 01:20:50.274  3163  3163 W art     : Before Android 4.1, method int java.util.concurrent.ThreadLocalRandom.internalNextInt(int, int) would have incorrectly overridden the package-private method in java.util.Random
09-05 01:20:50.275  3163  3163 W art     : Before Android 4.1, method long java.util.concurrent.ThreadLocalRandom.internalNextLong(long, long) would have incorrectly overridden the package-private method in java.util.Random
09-05 01:20:50.275  3164  3164 W art     : Before Android 4.1, method long java.util.concurrent.ThreadLocalRandom.internalNextLong(long, long) would have incorrectly overridden the package-private method in java.util.Random
09-05 01:20:50.388  3163  3163 I Radio-JNI: register_android_hardware_Radio DONE
09-05 01:20:50.390  3164  3164 I Radio-JNI: register_android_hardware_Radio DONE
09-05 01:20:50.418  3163  3163 I SamplingProfilerIntegration: Profiling disabled.
09-05 01:20:50.418  3163  3163 D Zygote  : begin preload
09-05 01:20:50.418  3163  3163 I Zygote  : Installing ICU cache reference pinning...
09-05 01:20:50.419  3163  3163 I Zygote  : Preloading ICU data...
09-05 01:20:50.425  3164  3164 I SamplingProfilerIntegration: Profiling disabled.
09-05 01:20:50.426  3164  3164 D Zygote  : begin preload
09-05 01:20:50.426  3164  3164 I Zygote  : Installing ICU cache reference pinning...
09-05 01:20:50.426  3164  3164 I Zygote  : Preloading ICU data...
09-05 01:20:50.562  3163  3163 I Zygote  : Preloading classes...
09-05 01:20:50.568  3163  3163 W Zygote  : Class not found for preloading: [Landroid.view.Display$ColorTransform;
09-05 01:20:50.592  3164  3164 I Zygote  : Preloading classes...
09-05 01:20:50.599  3164  3164 W Zygote  : Class not found for preloading: [Landroid.view.Display$ColorTransform;
09-05 01:20:50.640  3162  3162 D wrapperGPS: wrapperConnect_RILD
09-05 01:20:50.694  3561  3561 I         : sMaxFastTracks = 8
09-05 01:20:50.694  3561  3561 I audioserver: ServiceManager: 0xf6419440
09-05 01:20:50.695  3561  3561 W BatteryNotifier: batterystats service unavailable!
09-05 01:20:50.695  3561  3561 I AudioFlinger: Using default 3000 mSec as standby time.
09-05 01:20:50.695  3561  3561 I AudioPolicyService: AudioPolicyService CSTOR in new mode
09-05 01:20:50.695  3561  3561 W APM::ConfigParsingUtils: loadOutput() invalid supported devices
09-05 01:20:50.695  3561  3561 W APM::ConfigParsingUtils: loadInput() invalid supported devices
09-05 01:20:50.696  3561  3561 W APM::ConfigParsingUtils: loadInput() invalid supported devices
09-05 01:20:50.696  3561  3561 I APM::ConfigParsingUtils: loadAudioPolicyConfig() loaded /system/etc/audio_policy.conf
09-05 01:20:51.011  3164  3164 E Typeface: Error mapping font file /system/fonts/DroidSansFallback.ttf
09-05 01:20:51.011  3163  3163 E Typeface: Error mapping font file /system/fonts/DroidSansFallback.ttf
09-05 01:20:51.147  3561  3561 F libc    : Fatal signal 11 (SIGSEGV), code 1, fault addr 0x0 in tid 3561 (audioserver)
09-05 01:20:51.147  3065  3065 W         : debuggerd: handling request: pid=3561 uid=1041 gid=1005 tid=3561
09-05 01:20:51.155  3565  3565 E         : debuggerd: Unable to connect to activity manager (connect failed: No such file or directory)
09-05 01:20:51.205  3565  3565 F DEBUG   : *** *** *** *** *** *** *** *** *** *** *** *** *** *** *** ***
09-05 01:20:51.205  3565  3565 F DEBUG   : LineageOS Version: '14.1-20170905-UNOFFICIAL-dream2lte'
09-05 01:20:51.205  3565  3565 F DEBUG   : Build fingerprint: 'samsung/dream2ltexx/dream2lte:7.0/NRD90M/G955FXXU1AQH3:user/release-keys'
09-05 01:20:51.205  3565  3565 F DEBUG   : Revision: '0'
09-05 01:20:51.205  3565  3565 F DEBUG   : ABI: 'arm'
09-05 01:20:51.205  3565  3565 F DEBUG   : pid: 3561, tid: 3561, name: audioserver  >>> /system/bin/audioserver <<<
09-05 01:20:51.205  3565  3565 F DEBUG   : signal 11 (SIGSEGV), code 1 (SEGV_MAPERR), fault addr 0x0
09-05 01:20:51.206  3565  3565 F DEBUG   :     r0 00000000  r1 00000000  r2 00000000  r3 65736400
09-05 01:20:51.206  3565  3565 F DEBUG   :     r4 00000000  r5 00000000  r6 00000000  r7 f6405423
09-05 01:20:51.206  3565  3565 F DEBUG   :     r8 00000000  r9 f64746f8  sl f6452314  fp 00000000
09-05 01:20:51.206  3565  3565 F DEBUG   :     ip f7078fc4  sp ff8aa328  lr f7074981  pc f6adb6a6  cpsr 800b0030
09-05 01:20:51.209  3565  3565 F DEBUG   : 
09-05 01:20:51.209  3565  3565 F DEBUG   : backtrace:
09-05 01:20:51.209  3565  3565 F DEBUG   :     #00 pc 000466a6  /system/lib/libc.so (strtol+25)
09-05 01:20:51.209  3565  3565 F DEBUG   :     #01 pc 0000197d  /system/lib/libaudioroute.so
09-05 01:20:51.209  3565  3565 F DEBUG   :     #02 pc 000067d1  /system/lib/libexpat.so
09-05 01:20:51.209  3565  3565 F DEBUG   :     #03 pc 00005b97  /system/lib/libexpat.so
09-05 01:20:51.209  3565  3565 F DEBUG   :     #04 pc 00003f23  /system/lib/libexpat.so (XML_ParseBuffer+82)
09-05 01:20:51.209  3565  3565 F DEBUG   :     #05 pc 000015f7  /system/lib/libaudioroute.so (audio_route_init+398)
09-05 01:20:51.209  3565  3565 F DEBUG   :     #06 pc 00004344  /system/lib/hw/audio.primary.universal8895.so
09-05 01:20:51.209  3565  3565 F DEBUG   :     #07 pc 0002488f  /system/lib/libaudioflinger.so
09-05 01:20:51.209  3565  3565 F DEBUG   :     #08 pc 0002800b  /system/lib/libaudioflinger.so
09-05 01:20:51.209  3565  3565 F DEBUG   :     #09 pc 0000baef  /system/lib/libaudiopolicyservice.so
09-05 01:20:51.209  3565  3565 F DEBUG   :     #10 pc 00024385  /system/lib/libaudiopolicymanagerdefault.so (_ZN7android18AudioPolicyManagerC1EPNS_26AudioPolicyClientInterfaceE+692)
09-05 01:20:51.209  3565  3565 F DEBUG   :     #11 pc 0000082f  /system/lib/libaudiopolicymanager.so (createAudioPolicyManager+14)
09-05 01:20:51.209  3565  3565 F DEBUG   :     #12 pc 0000603f  /system/lib/libaudiopolicyservice.so
09-05 01:20:51.209  3565  3565 F DEBUG   :     #13 pc 00001d8f  /system/bin/audioserver
09-05 01:20:51.209  3565  3565 F DEBUG   :     #14 pc 0000182b  /system/bin/audioserver
09-05 01:20:51.209  3565  3565 F DEBUG   :     #15 pc 00016c8d  /system/lib/libc.so (__libc_init+48)
09-05 01:20:51.209  3565  3565 F DEBUG   :     #16 pc 0000156c  /system/bin/audioserver
09-05 01:20:51.243  3561  3561 W audioserver: type=1701 audit(0.0:125): auid=4294967295 uid=1041 gid=1005 ses=4294967295 subj=u:r:audioserver:s0 exe="/system/bin/audioserver" sig=11
09-05 01:20:51.252  3065  3065 W         : debuggerd: resuming target 3561
09-05 01:20:51.253  3145  3145 I ServiceManager: service 'media.audio_flinger' died
09-05 01:20:51.640  3162  3162 D wrapperGPS: wrapperConnect_RILD
09-05 01:20:51.842  3163  3163 I art     : Thread[1,tid=3163,Native,Thread*=0x7f96095a00,peer=0x12c420d0,"main"] recursive attempt to load library "/system/lib64/libmedia_jni.so"
09-05 01:20:51.842  3163  3163 D MtpDeviceJNI: register_android_mtp_MtpDevice
09-05 01:20:51.843  3163  3163 I art     : Thread[1,tid=3163,Native,Thread*=0x7f96095a00,peer=0x12c420d0,"main"] recursive attempt to load library "/system/lib64/libmedia_jni.so"
09-05 01:20:51.844  3163  3163 I art     : Thread[1,tid=3163,Native,Thread*=0x7f96095a00,peer=0x12c420d0,"main"] recursive attempt to load library "/system/lib64/libmedia_jni.so"
09-05 01:20:51.880  3163  3163 E FFMPEGSoftCodec: Failed to load FFMPEG plugin: (null)
09-05 01:20:51.984  3164  3164 I art     : Thread[1,tid=3164,Native,Thread*=0xf4705400,peer=0x12c04f70,"main"] recursive attempt to load library "/system/lib/libmedia_jni.so"
09-05 01:20:51.984  3164  3164 D MtpDeviceJNI: register_android_mtp_MtpDevice
09-05 01:20:51.986  3164  3164 I art     : Thread[1,tid=3164,Native,Thread*=0xf4705400,peer=0x12c04f70,"main"] recursive attempt to load library "/system/lib/libmedia_jni.so"
09-05 01:20:51.986  3164  3164 I art     : Thread[1,tid=3164,Native,Thread*=0xf4705400,peer=0x12c04f70,"main"] recursive attempt to load library "/system/lib/libmedia_jni.so"
09-05 01:20:52.028  3164  3164 E FFMPEGSoftCodec: Failed to load FFMPEG plugin: (null)
09-05 01:20:52.240  3163  3163 W Zygote  : Class not found for preloading: android.view.Display$ColorTransform
09-05 01:20:52.240  3163  3163 W Zygote  : Class not found for preloading: android.view.Display$ColorTransform$1
09-05 01:20:52.412  3164  3164 W Zygote  : Class not found for preloading: android.view.Display$ColorTransform
09-05 01:20:52.412  3164  3164 W Zygote  : Class not found for preloading: android.view.Display$ColorTransform$1
09-05 01:20:52.474  3163  3163 W System  : ClassLoader referenced unknown path: /system/framework/tcmclient.jar
09-05 01:20:52.641  3162  3162 D wrapperGPS: wrapperConnect_RILD
09-05 01:20:52.679  3164  3164 W System  : ClassLoader referenced unknown path: /system/framework/tcmclient.jar
09-05 01:20:52.714  3163  3163 I System  : Loaded time zone names for "" in 59ms (27ms in ICU)
09-05 01:20:52.757  3163  3163 I System  : Loaded time zone names for "en_US" in 42ms (10ms in ICU)
09-05 01:20:52.952  3164  3164 I System  : Loaded time zone names for "" in 67ms (19ms in ICU)
09-05 01:20:53.011  3164  3164 I System  : Loaded time zone names for "en_US" in 58ms (11ms in ICU)
09-05 01:20:53.069  3163  3163 I Zygote  : ...preloaded 4158 classes in 2507ms.
09-05 01:20:53.069  3163  3163 I art     : VMRuntime.preloadDexCaches starting
09-05 01:20:53.114  3163  3163 I art     : VMRuntime.preloadDexCaches strings total=288444 before=12011 after=12011
09-05 01:20:53.115  3163  3163 I art     : VMRuntime.preloadDexCaches types total=23810 before=9280 after=11325
09-05 01:20:53.115  3163  3163 I art     : VMRuntime.preloadDexCaches fields total=113941 before=41160 after=54105
09-05 01:20:53.115  3163  3163 I art     : VMRuntime.preloadDexCaches methods total=199717 before=78591 after=96703
09-05 01:20:53.115  3163  3163 I art     : VMRuntime.preloadDexCaches finished
09-05 01:20:53.115  3163  3163 I Zygote  : Preloading resources...
09-05 01:20:53.153  3163  3163 W Resources: Preloaded drawable resource #0x108025c (android:drawable/dialog_background_material) that varies with configuration!!
09-05 01:20:53.161  3163  3163 W Resources: Preloaded color resource #0x10600ea (android:color/material_grey_800) that varies with configuration!!
09-05 01:20:53.162  3163  3163 W Resources: Preloaded drawable resource #0x10802c9 (android:drawable/floating_popup_background_dark) that varies with configuration!!
09-05 01:20:53.287  3163  3163 I Zygote  : ...preloaded 114 resources in 172ms.
09-05 01:20:53.295  3163  3163 W Resources: Preloaded color resource #0x1060114 (android:color/background_cache_hint_selector_material_dark) that varies with configuration!!
09-05 01:20:53.296  3163  3163 W Resources: Preloaded color resource #0x1060119 (android:color/btn_default_material_dark) that varies with configuration!!
09-05 01:20:53.298  3163  3163 I Zygote  : ...preloaded 41 resources in 11ms.
09-05 01:20:53.300  3163  3163 I Zygote  : ...preloaded 2 resource in 2ms.
09-05 01:20:53.309  3163  3163 D libEGL  : loaded /vendor/lib64/egl/libGLES_mali.so
09-05 01:20:53.318  3163  3163 I Zygote  : Preloading shared libraries...
09-05 01:20:53.346  3163  3163 I Zygote  : Uninstalled ICU cache reference pinning...
09-05 01:20:53.354  3163  3163 I Zygote  : Installed AndroidKeyStoreProvider in 8ms.
09-05 01:20:53.378  3164  3164 I Zygote  : ...preloaded 4158 classes in 2786ms.
09-05 01:20:53.378  3164  3164 I art     : VMRuntime.preloadDexCaches starting
09-05 01:20:53.437  3164  3164 I art     : VMRuntime.preloadDexCaches strings total=288444 before=12011 after=12011
09-05 01:20:53.437  3164  3164 I art     : VMRuntime.preloadDexCaches types total=23810 before=9280 after=11325
09-05 01:20:53.437  3164  3164 I art     : VMRuntime.preloadDexCaches fields total=113941 before=41160 after=54105
09-05 01:20:53.437  3164  3164 I art     : VMRuntime.preloadDexCaches methods total=199717 before=78591 after=96703
09-05 01:20:53.437  3164  3164 I art     : VMRuntime.preloadDexCaches finished
09-05 01:20:53.438  3164  3164 I Zygote  : Preloading resources...
09-05 01:20:53.468  3163  3163 I Zygote  : Warmed up JCA providers in 114ms.
09-05 01:20:53.468  3163  3163 D Zygote  : end preload
09-05 01:20:53.468  3163  3163 I art     : Starting a blocking GC Explicit
09-05 01:20:53.474  3164  3164 W Resources: Preloaded drawable resource #0x108025c (android:drawable/dialog_background_material) that varies with configuration!!
09-05 01:20:53.479  3163  3163 I art     : Explicit concurrent mark sweep GC freed 3476(155KB) AllocSpace objects, 0(0B) LOS objects, 40% free, 10MB/17MB, paused 45us total 10.735ms
09-05 01:20:53.479  3163  3163 I art     : Starting a blocking GC Explicit
09-05 01:20:53.483  3164  3164 W Resources: Preloaded color resource #0x10600ea (android:color/material_grey_800) that varies with configuration!!
09-05 01:20:53.483  3164  3164 W Resources: Preloaded drawable resource #0x10802c9 (android:drawable/floating_popup_background_dark) that varies with configuration!!
09-05 01:20:53.489  3163  3163 I art     : Explicit concurrent mark sweep GC freed 41(1424B) AllocSpace objects, 0(0B) LOS objects, 40% free, 10MB/17MB, paused 46us total 9.755ms
09-05 01:20:53.508  3163  3560 I art     : Starting a blocking GC HeapTrim
09-05 01:20:53.510  3163  3163 I art     : Starting a blocking GC Background
09-05 01:20:53.547  3574  3574 I main    : type=1400 audit(0.0:126): avc: denied { sys_nice } for capability=23 scontext=u:r:zygote:s0 tcontext=u:r:zygote:s0 tclass=capability permissive=1
09-05 01:20:53.547  3574  3574 W main    : type=1300 audit(0.0:126): arch=c00000b7 syscall=119 success=yes exit=0 a0=df6 a1=0 a2=7fc3f91b00 a3=0 items=0 ppid=3163 auid=4294967295 uid=1000 gid=1000 euid=1000 suid=1000 fsuid=1000 egid=1000 sgid=1000 fsgid=1000 tty=(none) ses=4294967295 exe="/system/bin/app_process64" subj=u:r:zygote:s0 key=(null)
09-05 01:20:53.547  3076  3076 W auditd  : type=1327 audit(0.0:126): proctitle="zygote64"
09-05 01:20:53.547  3076  3076 W auditd  : type=1320 audit(0.0:126): 
09-05 01:20:53.554  3163  3163 I Zygote  : System server process 3574 has been created
09-05 01:20:53.554  3163  3163 I Zygote  : Accepting command socket connections
09-05 01:20:53.623  3164  3164 I Zygote  : ...preloaded 114 resources in 185ms.
09-05 01:20:53.632  3164  3164 W Resources: Preloaded color resource #0x1060114 (android:color/background_cache_hint_selector_material_dark) that varies with configuration!!
09-05 01:20:53.633  3164  3164 W Resources: Preloaded color resource #0x1060119 (android:color/btn_default_material_dark) that varies with configuration!!
09-05 01:20:53.635  3164  3164 I Zygote  : ...preloaded 41 resources in 12ms.
09-05 01:20:53.638  3164  3164 I Zygote  : ...preloaded 2 resource in 2ms.
09-05 01:20:53.641  3162  3162 D wrapperGPS: wrapperConnect_RILD
09-05 01:20:53.672  3164  3164 D libEGL  : loaded /vendor/lib/egl/libGLES_mali.so
09-05 01:20:53.685  3164  3164 I Zygote  : Preloading shared libraries...
09-05 01:20:53.711  3164  3164 I Zygote  : Uninstalled ICU cache reference pinning...
09-05 01:20:53.721  3164  3164 I Zygote  : Installed AndroidKeyStoreProvider in 10ms.
09-05 01:20:53.872  3164  3164 I Zygote  : Warmed up JCA providers in 152ms.
09-05 01:20:53.873  3164  3164 D Zygote  : end preload
09-05 01:20:53.873  3164  3164 I art     : Starting a blocking GC Explicit
09-05 01:20:53.884  3164  3164 I art     : Explicit concurrent mark sweep GC freed 3225(142KB) AllocSpace objects, 0(0B) LOS objects, 40% free, 9MB/16MB, paused 72us total 11.385ms
09-05 01:20:53.885  3164  3164 I art     : Starting a blocking GC Explicit
09-05 01:20:53.895  3164  3164 I art     : Explicit concurrent mark sweep GC freed 48(2032B) AllocSpace objects, 0(0B) LOS objects, 39% free, 9MB/16MB, paused 68us total 10.457ms
09-05 01:20:53.904  3164  3164 I Zygote  : Accepting command socket connections
09-05 01:20:53.915  3574  3574 I Zygote  : Process: zygote socket opened, supported ABIS: armeabi-v7a,armeabi
09-05 01:20:53.916  3574  3574 I InstallerConnection: connecting...
09-05 01:20:53.917  3167  3167 I         : new connection
09-05 01:20:53.935  3585  3585 I dex2oat : /system/bin/dex2oat --compiler-filter=speed
09-05 01:20:54.250  3585  3585 I dex2oat : dex2oat took 315.792ms (threads: 8) arena alloc=2MB (2823696B) java alloc=819KB (838944B) native alloc=3MB (3276304B) free=5MB (5636592B)
09-05 01:20:54.270  3594  3594 I dex2oat : /system/bin/dex2oat --compiler-filter=speed
09-05 01:20:54.354  3594  3594 I dex2oat : dex2oat took 85.163ms (threads: 8) arena alloc=700KB (717624B) java alloc=120KB (123840B) native alloc=1265KB (1296128B) free=3MB (3422464B)
09-05 01:20:54.373  3603  3603 I dex2oat : /system/bin/dex2oat --compiler-filter=speed
09-05 01:20:54.641  3162  3162 D wrapperGPS: wrapperConnect_RILD
09-05 01:20:55.345  3613  3613 I         : sMaxFastTracks = 8
09-05 01:20:55.346  3613  3613 I audioserver: ServiceManager: 0xf6519440
09-05 01:20:55.346  3613  3613 W BatteryNotifier: batterystats service unavailable!
09-05 01:20:55.346  3613  3613 I AudioFlinger: Using default 3000 mSec as standby time.
09-05 01:20:55.347  3613  3613 I AudioPolicyService: AudioPolicyService CSTOR in new mode
09-05 01:20:55.347  3613  3613 W APM::ConfigParsingUtils: loadOutput() invalid supported devices
09-05 01:20:55.347  3613  3613 W APM::ConfigParsingUtils: loadInput() invalid supported devices
09-05 01:20:55.347  3613  3613 W APM::ConfigParsingUtils: loadInput() invalid supported devices
09-05 01:20:55.347  3613  3613 I APM::ConfigParsingUtils: loadAudioPolicyConfig() loaded /system/etc/audio_policy.conf
09-05 01:20:55.383  3603  3609 W dex2oat : Compilation of void com.android.server.SystemServer.startOtherServices() took 125.336ms
09-05 01:20:55.641  3162  3162 D wrapperGPS: wrapperConnect_RILD
09-05 01:20:56.027  3603  3610 W dex2oat : Compilation of void com.android.server.am.ActivityManagerService.dumpProcessesLocked(java.io.FileDescriptor, java.io.PrintWriter, java.lang.String[], int, boolean, java.lang.String) took 111.416ms
09-05 01:20:56.325  3613  3613 F libc    : Fatal signal 11 (SIGSEGV), code 1, fault addr 0x0 in tid 3613 (audioserver)
09-05 01:20:56.326  3065  3065 W         : debuggerd: handling request: pid=3613 uid=1041 gid=1005 tid=3613
09-05 01:20:56.336  3617  3617 E         : debuggerd: Unable to connect to activity manager (connect failed: No such file or directory)
09-05 01:20:56.337  3617  3617 F DEBUG   : *** *** *** *** *** *** *** *** *** *** *** *** *** *** *** ***
09-05 01:20:56.338  3617  3617 F DEBUG   : LineageOS Version: '14.1-20170905-UNOFFICIAL-dream2lte'
09-05 01:20:56.339  3617  3617 F DEBUG   : Build fingerprint: 'samsung/dream2ltexx/dream2lte:7.0/NRD90M/G955FXXU1AQH3:user/release-keys'
09-05 01:20:56.340  3617  3617 F DEBUG   : Revision: '0'
09-05 01:20:56.340  3617  3617 F DEBUG   : ABI: 'arm'
09-05 01:20:56.340  3617  3617 F DEBUG   : pid: 3613, tid: 3613, name: audioserver  >>> /system/bin/audioserver <<<
09-05 01:20:56.340  3617  3617 F DEBUG   : signal 11 (SIGSEGV), code 1 (SEGV_MAPERR), fault addr 0x0
09-05 01:20:56.340  3617  3617 F DEBUG   :     r0 00000000  r1 00000000  r2 00000000  r3 65736400
09-05 01:20:56.340  3617  3617 F DEBUG   :     r4 00000000  r5 00000000  r6 00000000  r7 f6505423
09-05 01:20:56.340  3617  3617 F DEBUG   :     r8 00000000  r9 f65746f8  sl f6552314  fp 00000000
09-05 01:20:56.340  3617  3617 F DEBUG   :     ip f71aefc4  sp ffb5f688  lr f71aa981  pc f68ae6a6  cpsr 800b0030
09-05 01:20:56.347  3617  3617 F DEBUG   : 
09-05 01:20:56.347  3617  3617 F DEBUG   : backtrace:
09-05 01:20:56.348  3617  3617 F DEBUG   :     #00 pc 000466a6  /system/lib/libc.so (strtol+25)
09-05 01:20:56.348  3617  3617 F DEBUG   :     #01 pc 0000197d  /system/lib/libaudioroute.so
09-05 01:20:56.348  3617  3617 F DEBUG   :     #02 pc 000067d1  /system/lib/libexpat.so
09-05 01:20:56.348  3617  3617 F DEBUG   :     #03 pc 00005b97  /system/lib/libexpat.so
09-05 01:20:56.348  3617  3617 F DEBUG   :     #04 pc 00003f23  /system/lib/libexpat.so (XML_ParseBuffer+82)
09-05 01:20:56.348  3617  3617 F DEBUG   :     #05 pc 000015f7  /system/lib/libaudioroute.so (audio_route_init+398)
09-05 01:20:56.348  3617  3617 F DEBUG   :     #06 pc 00004344  /system/lib/hw/audio.primary.universal8895.so
09-05 01:20:56.348  3617  3617 F DEBUG   :     #07 pc 0002488f  /system/lib/libaudioflinger.so
09-05 01:20:56.348  3617  3617 F DEBUG   :     #08 pc 0002800b  /system/lib/libaudioflinger.so
09-05 01:20:56.348  3617  3617 F DEBUG   :     #09 pc 0000baef  /system/lib/libaudiopolicyservice.so
09-05 01:20:56.348  3617  3617 F DEBUG   :     #10 pc 00024385  /system/lib/libaudiopolicymanagerdefault.so (_ZN7android18AudioPolicyManagerC1EPNS_26AudioPolicyClientInterfaceE+692)
09-05 01:20:56.348  3617  3617 F DEBUG   :     #11 pc 0000082f  /system/lib/libaudiopolicymanager.so (createAudioPolicyManager+14)
09-05 01:20:56.348  3617  3617 F DEBUG   :     #12 pc 0000603f  /system/lib/libaudiopolicyservice.so
09-05 01:20:56.348  3617  3617 F DEBUG   :     #13 pc 00001d8f  /system/bin/audioserver
09-05 01:20:56.348  3617  3617 F DEBUG   :     #14 pc 0000182b  /system/bin/audioserver
09-05 01:20:56.348  3617  3617 F DEBUG   :     #15 pc 00016c8d  /system/lib/libc.so (__libc_init+48)
09-05 01:20:56.348  3617  3617 F DEBUG   :     #16 pc 0000156c  /system/bin/audioserver
09-05 01:20:56.403  3613  3613 W audioserver: type=1701 audit(0.0:127): auid=4294967295 uid=1041 gid=1005 ses=4294967295 subj=u:r:audioserver:s0 exe="/system/bin/audioserver" sig=11
09-05 01:20:56.409  3065  3065 W         : debuggerd: resuming target 3613
09-05 01:20:56.412  3145  3145 I ServiceManager: service 'media.audio_flinger' died
09-05 01:20:56.642  3162  3162 D wrapperGPS: wrapperConnect_RILD
09-05 01:20:56.937  3603  3608 W dex2oat : Compilation of void com.android.server.pm.DefaultPermissionGrantPolicy.grantDefaultSystemHandlerPermissions(int) took 200.118ms
09-05 01:20:57.560  3603  3605 W dex2oat : Compilation of android.content.pm.PackageParser$Package com.android.server.pm.PackageManagerService.scanPackageDirtyLI(android.content.pm.PackageParser$Package, int, int, long, android.os.UserHandle) took 154.914ms
09-05 01:20:57.642  3162  3162 D wrapperGPS: wrapperConnect_RILD
09-05 01:20:57.781  3603  3605 W dex2oat : Compilation of void com.android.server.pm.PackageManagerService.dump(java.io.FileDescriptor, java.io.PrintWriter, java.lang.String[]) took 114.558ms
09-05 01:20:58.244  3603  3603 I dex2oat : dex2oat took 3.871s (threads: 8) arena alloc=13MB (14036112B) java alloc=3MB (4130720B) native alloc=34MB (36347352B) free=17MB (18440744B)
09-05 01:20:58.268  3653  3653 I dex2oat : /system/bin/dex2oat --compiler-filter=speed
09-05 01:20:58.549  3653  3653 I dex2oat : dex2oat took 281.419ms (threads: 8) arena alloc=1015KB (1039888B) java alloc=231KB (236856B) native alloc=2MB (2343408B) free=4MB (4472336B)
09-05 01:20:58.569  3662  3662 I dex2oat : /system/bin/dex2oat --compiler-filter=speed
09-05 01:20:58.642  3162  3162 D wrapperGPS: wrapperConnect_RILD
09-05 01:20:59.270  3662  3662 I dex2oat : dex2oat took 701.136ms (threads: 8) arena alloc=10MB (10786456B) java alloc=717KB (734872B) native alloc=5MB (6019848B) free=15MB (15738104B)
09-05 01:20:59.275  3574  3574 I InstallerConnection: disconnecting...
09-05 01:20:59.275  3167  3167 E         : eof
09-05 01:20:59.275  3167  3167 E         : failed to read size
09-05 01:20:59.275  3167  3167 I         : closing connection
09-05 01:20:59.279  3574  3574 W art     : Found duplicate classes, falling back to interpreter mode for /system/framework/wifi-service.jar
09-05 01:20:59.279  3574  3574 W art     : Found duplicated class when checking oat files: 'Lcom/google/protobuf/nano/MessageNano;' in /system/framework/services.jar and /system/framework/wifi-service.jar
09-05 01:20:59.303  3574  3574 I SystemServer: Entered the Android system server!
09-05 01:20:59.325  3574  3574 I SystemServiceManager: Starting com.android.server.pm.Installer
09-05 01:20:59.325  3574  3574 I Installer: Waiting for installd to be ready.
09-05 01:20:59.325  3574  3574 I InstallerConnection: connecting...
09-05 01:20:59.325  3167  3167 I         : new connection
09-05 01:20:59.325  3574  3574 I SystemServiceManager: Starting com.android.server.am.ActivityManagerService$Lifecycle
09-05 01:20:59.334  3574  3574 I ActivityManager: Memory class: 256
09-05 01:20:59.335  3574  3674 I ServiceThread: Enabled StrictMode logging for ActivityManager looper.
09-05 01:20:59.335  3574  3675 I ServiceThread: Enabled StrictMode logging for android.ui looper.
09-05 01:20:59.369  3574  3574 D BatteryStatsImpl: Reading daily items from /data/system/batterystats-daily.xml
09-05 01:20:59.400  3574  3574 I AppOps  : No existing app ops /data/system/appops.xml; starting empty
09-05 01:20:59.488  3574  3574 I IntentFirewall: Read new rules (A:0 B:0 S:0)
09-05 01:20:59.492  3574  3681 I ServiceThread: Enabled StrictMode logging for android.display looper.
09-05 01:20:59.501  3574  3574 D AppOps  : AppOpsService published
09-05 01:20:59.502  3574  3574 I SystemServiceManager: Starting com.android.server.power.PowerManagerService
09-05 01:20:59.503  3574  3683 I ServiceThread: Enabled StrictMode logging for PowerManagerService looper.
09-05 01:20:59.505  3574  3574 I SamsungPowerHAL: Initialized settings:
09-05 01:20:59.505  3574  3574 I SamsungPowerHAL: max_freqs: cluster[0]: 1690000, cluster[1]: 2314000
09-05 01:20:59.505  3574  3574 I SamsungPowerHAL: hispeed_freqs: cluster[0]: 1690000, cluster[1]: 2496000
09-05 01:20:59.505  3574  3574 I SamsungPowerHAL: boostpulse_fd: 62
09-05 01:20:59.506  3574  3574 I SamsungPowerHAL: touchscreen_power_path: /sys/class/input/input0/enabled
09-05 01:20:59.506  3574  3574 I SamsungPowerHAL: touchkey_power_path: NULL
09-05 01:20:59.506  3574  3574 W libsuspend: Error writing 'on' to /sys/power/state: Invalid argument
09-05 01:20:59.506  3574  3574 I libsuspend: Selected wakeup count
09-05 01:20:59.508  3574  3574 I SystemServiceManager: Starting com.android.server.lights.LightsService
09-05 01:20:59.509  3574  3574 I SystemServiceManager: Starting com.android.server.display.DisplayManagerService
09-05 01:20:59.511  3574  3574 I SystemServiceManager: Starting phase 100
09-05 01:20:59.512  3574  3681 W LocalDisplayAdapter: Unable to get active color mode for display device 0
09-05 01:20:59.512  3574  3681 E LocalDisplayAdapter: Default and active color mode is no longer available! Reverting to first available mode.
09-05 01:20:59.513  3146  3178 E SurfaceFlinger: getDefaultDisplay: id=2 is not a valid default display id
09-05 01:20:59.514  3574  3681 I DisplayManagerService: Display device added: DisplayDeviceInfo{"Built-in Screen": uniqueId="local:0", 1440 x 2960, modeId 1, defaultModeId 1, supportedModes [{id=1, width=1440, height=2960, fps=60.000004}], colorMode -22, supportedColorModes [-22], HdrCapabilities android.view.Display$HdrCapabilities@a69d6308, density 560, 522.514 x 525.762 dpi, appVsyncOff 1000000, presDeadline 16666666, touch INTERNAL, rotation 0, type BUILT_IN, state UNKNOWN, FLAG_DEFAULT_DISPLAY, FLAG_ROTATES_WITH_CONTENT, FLAG_SECURE, FLAG_SUPPORTS_PROTECTED_BUFFERS}
09-05 01:20:59.515  3146  3146 D SurfaceFlinger: Set power mode=2, type=0 flinger=0x7f98848000
09-05 01:20:59.515  3146  3146 D SurfaceFlinger: Screen type=0 is already mode=2
09-05 01:20:59.527  3574  3681 I DisplayManagerService: Display device changed state: "Built-in Screen", ON
09-05 01:20:59.528  3574  3574 I SystemServer: StartPackageManagerService
09-05 01:20:59.532  3574  3574 W FileUtils: Failed to chmod(/data/system/packages.list): android.system.ErrnoException: chmod failed: ENOENT (No such file or directory)
09-05 01:20:59.643  3162  3162 D wrapperGPS: wrapperConnect_RILD
09-05 01:20:59.661  3574  3574 D SELinuxMMAC: Using policy file /system/etc/security/mac_permissions.xml
09-05 01:20:59.668  3574  3574 I PackageManager: No settings file; creating initial state
09-05 01:20:59.690  3688  3688 I dex2oat : /system/bin/dex2oat --compiler-filter=speed
09-05 01:20:59.995  3688  3688 I dex2oat : dex2oat took 305.187ms (threads: 8) arena alloc=2MB (2152800B) java alloc=721KB (738720B) native alloc=2MB (2717056B) free=5MB (5671552B)
09-05 01:21:00.015  3697  3697 I dex2oat : /system/bin/dex2oat --compiler-filter=speed
09-05 01:21:00.093  3697  3697 I dex2oat : dex2oat took 79.141ms (threads: 8) arena alloc=607KB (622064B) java alloc=301KB (308264B) native alloc=1317KB (1349232B) free=2MB (2845072B)
09-05 01:21:00.112  3706  3706 I dex2oat : /system/bin/dex2oat --compiler-filter=speed
09-05 01:21:00.176  3706  3706 I dex2oat : dex2oat took 64.834ms (threads: 8) arena alloc=252KB (258320B) java alloc=51KB (53128B) native alloc=1101KB (1127760B) free=1458KB (1493680B)
09-05 01:21:00.195  3715  3715 I dex2oat : /system/bin/dex2oat --compiler-filter=speed
09-05 01:21:00.301  3715  3715 I dex2oat : dex2oat took 106.563ms (threads: 8) arena alloc=3MB (3453096B) java alloc=150KB (154400B) native alloc=1242KB (1272064B) free=6MB (6592256B)
09-05 01:21:00.320  3724  3724 I dex2oat : /system/bin/dex2oat --compiler-filter=speed
09-05 01:21:00.381  3725  3725 I         : sMaxFastTracks = 8
09-05 01:21:00.382  3725  3725 I audioserver: ServiceManager: 0xf6399440
09-05 01:21:00.383  3725  3725 I AudioFlinger: Using default 3000 mSec as standby time.
09-05 01:21:00.383  3725  3725 I AudioPolicyService: AudioPolicyService CSTOR in new mode
09-05 01:21:00.384  3725  3725 W APM::ConfigParsingUtils: loadOutput() invalid supported devices
09-05 01:21:00.384  3725  3725 W APM::ConfigParsingUtils: loadInput() invalid supported devices
09-05 01:21:00.384  3725  3725 W APM::ConfigParsingUtils: loadInput() invalid supported devices
09-05 01:21:00.384  3725  3725 I APM::ConfigParsingUtils: loadAudioPolicyConfig() loaded /system/etc/audio_policy.conf
09-05 01:21:00.392  3724  3724 I dex2oat : dex2oat took 72.497ms (threads: 8) arena alloc=680KB (696632B) java alloc=79KB (81064B) native alloc=972KB (995776B) free=3MB (3722816B)
09-05 01:21:00.411  3737  3737 I dex2oat : /system/bin/dex2oat --compiler-filter=speed
09-05 01:21:00.575  3737  3737 I dex2oat : dex2oat took 164.238ms (threads: 8) arena alloc=1679KB (1719400B) java alloc=426KB (437208B) native alloc=1530KB (1567648B) free=4MB (4723808B)
09-05 01:21:00.578  3574  3574 E art     : DexFile_getDexOptNeeded file '/system/framework/org.apache.http.legacy.jar' does not exist
09-05 01:21:00.578  3574  3574 W PackageManager: Library not found: /system/framework/org.apache.http.legacy.jar
09-05 01:21:00.595  3746  3746 I dex2oat : /system/bin/dex2oat --compiler-filter=speed
09-05 01:21:00.643  3162  3162 D wrapperGPS: wrapperConnect_RILD
09-05 01:21:00.665  3746  3746 I dex2oat : dex2oat took 70.438ms (threads: 8) arena alloc=432KB (442464B) java alloc=110KB (112976B) native alloc=1166KB (1194184B) free=2MB (3000120B)
09-05 01:21:00.684  3755  3755 I dex2oat : /system/bin/dex2oat --compiler-filter=speed
09-05 01:21:00.753  3755  3755 I dex2oat : dex2oat took 69.402ms (threads: 8) arena alloc=294KB (301720B) java alloc=136KB (139928B) native alloc=1112KB (1139352B) free=2MB (2530664B)
09-05 01:21:00.771  3764  3764 I dex2oat : /system/bin/dex2oat --compiler-filter=speed
09-05 01:21:00.817  3725  3725 F libc    : Fatal signal 11 (SIGSEGV), code 1, fault addr 0x0 in tid 3725 (audioserver)
09-05 01:21:00.817  3065  3065 W         : debuggerd: handling request: pid=3725 uid=1041 gid=1005 tid=3725
09-05 01:21:00.828  3773  3773 E         : debuggerd: Unable to connect to activity manager (connect failed: No such file or directory)
09-05 01:21:00.834  3764  3764 I dex2oat : dex2oat took 63.018ms (threads: 8) arena alloc=84KB (86488B) java alloc=67KB (69064B) native alloc=1025KB (1050440B) free=1534KB (1571000B)
09-05 01:21:00.853  3774  3774 I dex2oat : /system/bin/dex2oat --compiler-filter=speed
09-05 01:21:00.878  3773  3773 F DEBUG   : *** *** *** *** *** *** *** *** *** *** *** *** *** *** *** ***
09-05 01:21:00.879  3773  3773 F DEBUG   : LineageOS Version: '14.1-20170905-UNOFFICIAL-dream2lte'
09-05 01:21:00.879  3773  3773 F DEBUG   : Build fingerprint: 'samsung/dream2ltexx/dream2lte:7.0/NRD90M/G955FXXU1AQH3:user/release-keys'
09-05 01:21:00.879  3773  3773 F DEBUG   : Revision: '0'
09-05 01:21:00.879  3773  3773 F DEBUG   : ABI: 'arm'
09-05 01:21:00.879  3773  3773 F DEBUG   : pid: 3725, tid: 3725, name: audioserver  >>> /system/bin/audioserver <<<
09-05 01:21:00.879  3773  3773 F DEBUG   : signal 11 (SIGSEGV), code 1 (SEGV_MAPERR), fault addr 0x0
09-05 01:21:00.879  3773  3773 F DEBUG   :     r0 00000000  r1 00000000  r2 00000000  r3 65736400
09-05 01:21:00.879  3773  3773 F DEBUG   :     r4 00000000  r5 00000000  r6 00000000  r7 f6385423
09-05 01:21:00.879  3773  3773 F DEBUG   :     r8 00000000  r9 f63f4710  sl f63d2314  fp 00000000
09-05 01:21:00.879  3773  3773 F DEBUG   :     ip f6fb3fc4  sp ff9289d8  lr f6faf981  pc f69c06a6  cpsr 800b0030
09-05 01:21:00.883  3773  3773 F DEBUG   : 
09-05 01:21:00.883  3773  3773 F DEBUG   : backtrace:
09-05 01:21:00.883  3773  3773 F DEBUG   :     #00 pc 000466a6  /system/lib/libc.so (strtol+25)
09-05 01:21:00.884  3773  3773 F DEBUG   :     #01 pc 0000197d  /system/lib/libaudioroute.so
09-05 01:21:00.884  3773  3773 F DEBUG   :     #02 pc 000067d1  /system/lib/libexpat.so
09-05 01:21:00.884  3773  3773 F DEBUG   :     #03 pc 00005b97  /system/lib/libexpat.so
09-05 01:21:00.884  3773  3773 F DEBUG   :     #04 pc 00003f23  /system/lib/libexpat.so (XML_ParseBuffer+82)
09-05 01:21:00.884  3773  3773 F DEBUG   :     #05 pc 000015f7  /system/lib/libaudioroute.so (audio_route_init+398)
09-05 01:21:00.884  3773  3773 F DEBUG   :     #06 pc 00004344  /system/lib/hw/audio.primary.universal8895.so
09-05 01:21:00.884  3773  3773 F DEBUG   :     #07 pc 0002488f  /system/lib/libaudioflinger.so
09-05 01:21:00.884  3773  3773 F DEBUG   :     #08 pc 0002800b  /system/lib/libaudioflinger.so
09-05 01:21:00.884  3773  3773 F DEBUG   :     #09 pc 0000baef  /system/lib/libaudiopolicyservice.so
09-05 01:21:00.884  3773  3773 F DEBUG   :     #10 pc 00024385  /system/lib/libaudiopolicymanagerdefault.so (_ZN7android18AudioPolicyManagerC1EPNS_26AudioPolicyClientInterfaceE+692)
09-05 01:21:00.884  3773  3773 F DEBUG   :     #11 pc 0000082f  /system/lib/libaudiopolicymanager.so (createAudioPolicyManager+14)
09-05 01:21:00.884  3773  3773 F DEBUG   :     #12 pc 0000603f  /system/lib/libaudiopolicyservice.so
09-05 01:21:00.884  3773  3773 F DEBUG   :     #13 pc 00001d8f  /system/bin/audioserver
09-05 01:21:00.885  3773  3773 F DEBUG   :     #14 pc 0000182b  /system/bin/audioserver
09-05 01:21:00.885  3773  3773 F DEBUG   :     #15 pc 00016c8d  /system/lib/libc.so (__libc_init+48)
09-05 01:21:00.885  3773  3773 F DEBUG   :     #16 pc 0000156c  /system/bin/audioserver
09-05 01:21:00.932  3774  3774 I dex2oat : dex2oat took 79.572ms (threads: 8) arena alloc=642KB (657520B) java alloc=268KB (275416B) native alloc=1293KB (1324224B) free=2MB (2870080B)
09-05 01:21:00.951  3784  3784 I dex2oat : /system/bin/dex2oat --compiler-filter=speed
09-05 01:21:00.947  3725  3725 W audioserver: type=1701 audit(0.0:128): auid=4294967295 uid=1041 gid=1005 ses=4294967295 subj=u:r:audioserver:s0 exe="/system/bin/audioserver" sig=11
09-05 01:21:00.956  3065  3065 W         : debuggerd: resuming target 3725
09-05 01:21:00.956  3145  3145 I ServiceManager: service 'media.audio_flinger' died
09-05 01:21:01.015  3784  3784 I dex2oat : dex2oat took 64.846ms (threads: 8) arena alloc=262KB (268856B) java alloc=37KB (38472B) native alloc=1117KB (1143912B) free=1442KB (1477528B)
09-05 01:21:01.034  3796  3796 I dex2oat : /system/bin/dex2oat --compiler-filter=speed
09-05 01:21:01.135  3796  3796 I dex2oat : dex2oat took 101.582ms (threads: 8) arena alloc=3MB (3855408B) java alloc=123KB (126208B) native alloc=1328KB (1360760B) free=6MB (7027848B)
09-05 01:21:01.154  3805  3805 I dex2oat : /system/bin/dex2oat --compiler-filter=speed
09-05 01:21:01.309  3805  3805 I dex2oat : dex2oat took 155.705ms (threads: 8) arena alloc=2043KB (2092760B) java alloc=449KB (459984B) native alloc=1419KB (1453456B) free=4MB (4838000B)
09-05 01:21:01.313  3574  3574 E art     : DexFile_getDexOptNeeded file '/system/framework/org.apache.http.legacy.jar' does not exist
09-05 01:21:01.313  3574  3574 W PackageManager: Library not found: /system/framework/org.apache.http.legacy.jar
09-05 01:21:01.328  3814  3814 I dex2oat : /system/bin/dex2oat --compiler-filter=speed
09-05 01:21:01.359  3814  3814 I dex2oat : dex2oat took 30.434ms (threads: 8) arena alloc=567KB (581288B) java alloc=84KB (86064B) native alloc=1181KB (1209592B) free=3MB (3509000B)
09-05 01:21:01.376  3823  3823 I dex2oat : /system/bin/dex2oat --compiler-filter=speed
09-05 01:21:01.401  3823  3823 I dex2oat : dex2oat took 24.809ms (threads: 8) arena alloc=254KB (260448B) java alloc=109KB (112560B) native alloc=1107KB (1134520B) free=2MB (3059784B)
09-05 01:21:01.419  3832  3832 I dex2oat : /system/bin/dex2oat --compiler-filter=speed
09-05 01:21:01.442  3832  3832 I dex2oat : dex2oat took 23.259ms (threads: 8) arena alloc=102KB (105336B) java alloc=67KB (69312B) native alloc=1040KB (1065696B) free=2MB (2604320B)
09-05 01:21:01.444  3574  3574 D PackageManager: No files in app dir /vendor/overlay
09-05 01:21:01.445  3574  3574 D PackageManager: start scanDirLI:/system/framework
09-05 01:21:01.445  3574  3574 D PackageManager: max thread:6
09-05 01:21:01.471  3574  3842 I PackageManager: /system/framework/org.cyanogenmod.platform-res.apk changed; collecting certs
09-05 01:21:01.484  3574  3842 W PackageManager: Permission cyanogenmod.permission.WRITE_ALARMS from package cyanogenmod.platform in an unknown group android.permission-group.SYSTEM_CLOCK
09-05 01:21:01.484  3574  3842 W PackageManager: Permission cyanogenmod.permission.MANAGE_ALARMS from package cyanogenmod.platform in an unknown group android.permission-group.SYSTEM_CLOCK
09-05 01:21:01.484  3574  3842 W PackageManager: Permission cyanogenmod.permission.READ_ALARMS from package cyanogenmod.platform in an unknown group android.permission-group.SYSTEM_CLOCK
09-05 01:21:01.537  3574  3841 I PackageManager: /system/framework/framework-res.apk changed; collecting certs
09-05 01:21:01.630  3574  3574 D PackageManager: end scanDirLI:/system/framework
09-05 01:21:01.632  3574  3574 D PackageManager: start scanDirLI:/system/priv-app
09-05 01:21:01.632  3574  3574 D PackageManager: max thread:6
09-05 01:21:01.643  3162  3162 D wrapperGPS: wrapperConnect_RILD
09-05 01:21:01.647  3574  3845 I PackageManager: /system/priv-app/BlockedNumberProvider changed; collecting certs
09-05 01:21:01.647  3574  3841 I PackageManager: /system/priv-app/CMSettingsProvider changed; collecting certs
09-05 01:21:01.648  3574  3846 I PackageManager: /system/priv-app/CMAudioService changed; collecting certs
09-05 01:21:01.649  3574  3844 I PackageManager: /system/priv-app/BackupRestoreConfirmation changed; collecting certs
09-05 01:21:01.650  3574  3843 I PackageManager: /system/priv-app/AudioFX changed; collecting certs
09-05 01:21:01.652  3574  3845 I PackageManager: New shared user android.uid.shared: id=10000
09-05 01:21:01.660  3574  3845 I PackageManager: /system/priv-app/CallLogBackup changed; collecting certs
09-05 01:21:01.667  3574  3841 I PackageManager: /system/priv-app/CalendarProvider changed; collecting certs
09-05 01:21:01.669  3574  3842 I PackageManager: /system/priv-app/CMParts changed; collecting certs
09-05 01:21:01.669  3574  3844 I PackageManager: /system/priv-app/CarrierConfig changed; collecting certs
09-05 01:21:01.672  3574  3841 I PackageManager: New shared user android.uid.calendar: id=10004
09-05 01:21:01.675  3574  3846 I PackageManager: /system/priv-app/CellBroadcastReceiver changed; collecting certs
09-05 01:21:01.684  3574  3845 I PackageManager: /system/priv-app/ContactsProvider changed; collecting certs
09-05 01:21:01.688  3574  3841 I PackageManager: /system/priv-app/CtsShimPrivPrebuilt changed; collecting certs
09-05 01:21:01.688  3574  3844 I PackageManager: /system/priv-app/DefaultContainerService changed; collecting certs
09-05 01:21:01.704  3574  3843 W PackageParser: No actions in intent filter at /system/priv-app/Contacts/Contacts.apk Binary XML file line #431
09-05 01:21:01.708  3574  3846 I PackageManager: /system/priv-app/DocumentsUI changed; collecting certs
09-05 01:21:01.710  3574  3843 I PackageManager: /system/priv-app/Contacts changed; collecting certs
09-05 01:21:01.713  3574  3845 I PackageManager: /system/priv-app/Eleven changed; collecting certs
09-05 01:21:01.717  3574  3841 I PackageManager: /system/priv-app/DownloadProvider changed; collecting certs
09-05 01:21:01.717  3574  3844 I PackageManager: /system/priv-app/EmergencyInfo changed; collecting certs
09-05 01:21:01.722  3574  3841 I PackageManager: New shared user android.media: id=10010
09-05 01:21:01.724  3574  3841 W PackageManager: Permission android.permission.DOWNLOAD_WITHOUT_NOTIFICATION from package com.android.providers.downloads in an unknown group android.permission-group.NETWORK
09-05 01:21:01.726  3574  3846 I PackageManager: /system/priv-app/ExtServices changed; collecting certs
09-05 01:21:01.730  3574  3842 W PackageParser: No actions in intent filter at /system/priv-app/Dialer/Dialer.apk Binary XML file line #207
09-05 01:21:01.737  3574  3844 I PackageManager: New shared user com.android.emergency.uid: id=10012
09-05 01:21:01.738  3574  3842 I PackageManager: /system/priv-app/Dialer changed; collecting certs
09-05 01:21:01.738  3574  3841 I PackageManager: /system/priv-app/ExternalStorageProvider changed; collecting certs
09-05 01:21:01.747  3574  3846 I PackageManager: /system/priv-app/FusedLocation changed; collecting certs
09-05 01:21:01.757  3574  3841 I PackageManager: /system/priv-app/InputDevices changed; collecting certs
09-05 01:21:01.764  3574  3846 I PackageManager: /system/priv-app/MediaProvider changed; collecting certs
09-05 01:21:01.769  3574  3843 I PackageManager: /system/priv-app/LineageSetupWizard changed; collecting certs
09-05 01:21:01.773  3574  3844 I PackageManager: /system/priv-app/Gallery2 changed; collecting certs
09-05 01:21:01.778  3574  3845 I PackageManager: /system/priv-app/ManagedProvisioning changed; collecting certs
09-05 01:21:01.780  3574  3841 I PackageManager: /system/priv-app/MmsService changed; collecting certs
09-05 01:21:01.783  3574  3846 I PackageManager: /system/priv-app/MtpDocumentsProvider changed; collecting certs
09-05 01:21:01.790  3574  3842 I PackageManager: /system/priv-app/OneTimeInitializer changed; collecting certs
09-05 01:21:01.794  3574  3843 I PackageManager: /system/priv-app/ProxyHandler changed; collecting certs
09-05 01:21:01.803  3574  3842 I PackageManager: /system/priv-app/SettingsProvider changed; collecting certs
09-05 01:21:01.804  3574  3843 I PackageManager: /system/priv-app/SharedStorageBackup changed; collecting certs
09-05 01:21:01.806  3574  3841 I PackageManager: /system/priv-app/Recorder changed; collecting certs
09-05 01:21:01.815  3574  3845 I PackageManager: /system/priv-app/PackageInstaller changed; collecting certs
09-05 01:21:01.816  3574  3842 I PackageManager: /system/priv-app/StatementService changed; collecting certs
09-05 01:21:01.827  3574  3843 W PackageParser: Ignoring duplicate uses-permissions/uses-permissions-sdk-m: android.permission.INSTALL_GRANT_RUNTIME_PERMISSIONS in package: com.android.shell at: Binary XML file line #102
09-05 01:21:01.832  3574  3843 I PackageManager: /system/priv-app/Shell changed; collecting certs
09-05 01:21:01.837  3574  3844 I PackageManager: /system/priv-app/Tag changed; collecting certs
09-05 01:21:01.837  3574  3841 I PackageManager: /system/priv-app/StorageManager changed; collecting certs
09-05 01:21:01.855  3574  3844 I PackageManager: /system/priv-app/TelephonyProvider changed; collecting certs
09-05 01:21:01.863  3574  3843 I PackageManager: /system/priv-app/Telecom changed; collecting certs
09-05 01:21:01.866  3574  3842 W PackageParser: Ignoring duplicate uses-permissions/uses-permissions-sdk-m: android.permission.CONFIGURE_WIFI_DISPLAY in package: com.android.systemui at: Binary XML file line #117
09-05 01:21:01.873  3574  3841 I PackageManager: /system/priv-app/Trebuchet changed; collecting certs
09-05 01:21:01.874  3574  3844 I PackageManager: /system/priv-app/Updater changed; collecting certs
09-05 01:21:01.884  3574  3842 I PackageManager: /system/priv-app/SystemUI changed; collecting certs
09-05 01:21:01.885  3574  3846 W PackageParser: Ignoring duplicate uses-permissions/uses-permissions-sdk-m: android.permission.USE_CREDENTIALS in package: com.android.settings at: Binary XML file line #56
09-05 01:21:01.886  3574  3846 W PackageParser: Ignoring duplicate uses-permissions/uses-permissions-sdk-m: android.permission.READ_SYNC_SETTINGS in package: com.android.settings at: Binary XML file line #61
09-05 01:21:01.886  3574  3846 W PackageParser: Ignoring duplicate uses-permissions/uses-permissions-sdk-m: android.permission.WRITE_SYNC_SETTINGS in package: com.android.settings at: Binary XML file line #62
09-05 01:21:01.891  3574  3844 I PackageManager: /system/priv-app/VpnDialogs changed; collecting certs
09-05 01:21:01.893  3574  3841 W PackageManager: Permission com.android.launcher.permission.INSTALL_SHORTCUT from package com.cyanogenmod.trebuchet in an unknown group android.permission-group.SYSTEM_TOOLS
09-05 01:21:01.893  3574  3841 W PackageManager: Permission com.android.launcher3.permission.READ_SETTINGS from package com.cyanogenmod.trebuchet in an unknown group android.permission-group.SYSTEM_TOOLS
09-05 01:21:01.894  3574  3841 W PackageManager: Permission com.android.launcher3.permission.WRITE_SETTINGS from package com.cyanogenmod.trebuchet in an unknown group android.permission-group.SYSTEM_TOOLS
09-05 01:21:01.895  3574  3843 I PackageManager: /system/priv-app/WallpaperCropper changed; collecting certs
09-05 01:21:01.905  3574  3841 I PackageManager: /system/priv-app/WeatherManagerService changed; collecting certs
09-05 01:21:01.908  3574  3844 I PackageManager: /system/priv-app/WeatherProvider changed; collecting certs
09-05 01:21:01.908  3574  3845 I PackageManager: /system/priv-app/TeleService changed; collecting certs
09-05 01:21:01.930  3574  3842 I PackageManager: New shared user android.uid.systemui: id=10033
09-05 01:21:02.003  3574  3846 I PackageManager: /system/priv-app/Settings changed; collecting certs
09-05 01:21:02.094  3574  3574 D PackageManager: end scanDirLI:/system/priv-app
09-05 01:21:02.095  3574  3574 D PackageManager: start scanDirLI:/system/app
09-05 01:21:02.095  3574  3574 D PackageManager: max thread:6
09-05 01:21:02.104  3574  3841 I PackageManager: /system/app/BasicDreams changed; collecting certs
09-05 01:21:02.104  3574  3842 I PackageManager: /system/app/BluetoothMidiService changed; collecting certs
09-05 01:21:02.106  3574  3845 I PackageManager: /system/app/BookmarkProvider changed; collecting certs
09-05 01:21:02.110  3574  3843 I PackageManager: /system/app/AdvancedDisplay changed; collecting certs
09-05 01:21:02.116  3574  3844 W PackageParser: No actions in intent filter at /system/app/Bluetooth/Bluetooth.apk Binary XML file line #226
09-05 01:21:02.119  3574  3845 I PackageManager: /system/app/CaptivePortalLogin changed; collecting certs
09-05 01:21:02.122  3574  3844 I PackageManager: /system/app/Bluetooth changed; collecting certs
09-05 01:21:02.125  3574  3846 I PackageManager: /system/app/Calendar changed; collecting certs
09-05 01:21:02.128  3574  3841 I PackageManager: /system/app/Camera2 changed; collecting certs
09-05 01:21:02.135  3574  3842 I PackageManager: /system/app/CertInstaller changed; collecting certs
09-05 01:21:02.137  3574  3845 I PackageManager: /system/app/CtsShimPrebuilt changed; collecting certs
09-05 01:21:02.142  3574  3845 W PackageManager: Non-privileged app; cap priority to 0; package: com.android.cts.ctsshim activity: com.android.cts.ctsshim.InstallPriority origPrio: 100
09-05 01:21:02.142  3574  3845 W PackageManager: Non-privileged app; cap priority to 0; package: com.android.cts.ctsshim activity: com.android.cts.ctsshim.InstallPriority origPrio: 100
