09-26 16:46:50.344  3561  3747 I SensorService: Skipped sensor Proximity Alert Sensor because it requires permission com.samsung.permission.SSENSOR and app op 10538742
09-26 16:46:50.345  3561  3747 E SensorService: getSensorList a sensor (HRM Sensor) without enabled required app op: 127
09-26 16:46:50.345  3561  3747 I SensorService: Skipped sensor HRM Sensor because it requires permission com.samsung.permission.SSENSOR and app op 127
09-26 16:46:50.507  3880  4984 D Index   : Indexing locale 'es_ES' took 538 millis
09-26 16:46:50.562  3880  4984 D Index   : Indexing locale 'es_ES' took 6 millis
09-26 16:46:50.588  3880  4984 D Index   : Indexing locale 'es_ES' took 3 millis
09-26 16:46:50.902  3561  4437 E BatteryStatsService: no controller energy info supplied
09-26 16:46:52.914  4835  4849 V audio_hw_primary_abox: fast_out-out_standby: enter
09-26 16:46:52.914  4835  4849 I audio_hw_primary_abox: fast_out-out_standby: Transit to Idle
09-26 16:46:52.923  4835  4849 I audio_hw_primary_abox: fast_out-do_close_output_stream: Closed PCM Device
09-26 16:46:52.923  4835  4849 D audio_hw_primary_abox: fast_out-set_audio_route: [PLAYBACK] current-device(speaker) new-device(speaker) in cur-mode(normal) & new-mode(normal)!
09-26 16:46:52.942  4835  4849 I audio_hw_primary_abox: USAGE_SPKAMP-do_close_spkamp_stream: Closed PCM Device is /dev/snd/pcmC0D7p
09-26 16:46:52.947  4835  4849 I audio_hw_primary_abox: USAGE_SPKAMP-do_close_spkamp_stream: Closed PCM Device is /dev/snd/pcmC0D11c
09-26 16:46:52.949  4835  4849 I audio_hw_primary_abox: USAGE_SPKAMP-do_close_spkamp_stream: Closed PCM Device is /dev/snd/pcmC0D12c
09-26 16:46:52.950  4835  4849 I audio_hw_primary_abox: USAGE_SPKAMP-do_close_spkamp_stream: Closed PCM Device is /dev/snd/pcmC0D6p
09-26 16:46:52.950  4835  4849 I audio_route: > audio_route_update_path + : "media-speaker" reverse(1)
09-26 16:46:52.952  4835  4849 I audio_route: > audio_route_update_path - : changed(3)
09-26 16:46:52.952  4835  4849 D audio_hw_primary_abox: fast_out-do_set_route: Disabled Audio Route(media-speaker)
09-26 16:46:52.952  4835  4849 I audio_route: > audio_route_update_path + : "gain-media-speaker" reverse(1)
09-26 16:46:52.952  4835  4849 I audio_route: > audio_route_update_path - : changed(0)
09-26 16:46:52.952  4835  4849 D audio_hw_primary_abox: fast_out-do_set_route: Disabled Audio Gain(gain-media-speaker)
09-26 16:46:52.952  4835  4849 I audio_hw_primary_abox: fast_out-out_standby: Transit to Standby
09-26 16:46:52.952  4835  4849 V audio_hw_primary_abox: fast_out-out_standby: exit
09-26 16:46:54.209  4835  4835 W AudioPolicyIntefaceImpl: Skipped to add effects on session 17
09-26 16:46:54.209  4835  4835 I APM_AudioPolicyManager: startOutput() output 21, stream 1, session 17
09-26 16:46:54.210  4835  4849 D audio_hw_primary_abox: fast_out-set_audio_route: [PLAYBACK] current-device(none) new-device(speaker) in cur-mode(none) & new-mode(normal)!
09-26 16:46:54.210  4835  4849 I audio_hw_primary_abox: is_voice_wakeup : ret =  0  , wakeup_baby_cry_enabled = 0  ,  wakeup_mic_enabled = 0 
09-26 16:46:54.210  4835  4849 I audio_route: > audio_route_apply_path : "media-speaker"
09-26 16:46:54.212  3561  3747 I ActivityManager: START u0 {flg=0x8000 cmp=com.android.settings/.Settings$DeviceInfoSettingsActivity (has extras)} from uid 1000 on display 0
09-26 16:46:54.212  4835  4849 I audio_route: > audio_route_update_path + : "media-speaker" reverse(0)
09-26 16:46:54.212  4835  4849 I audio_route: > audio_route_update_path - : changed(0)
09-26 16:46:54.212  4835  4849 D audio_hw_primary_abox: fast_out-do_set_route: Enabled Audio Route(media-speaker)
09-26 16:46:54.212  4835  4849 I audio_route: > audio_route_apply_path : "gain-media-speaker"
09-26 16:46:54.212  4835  4849 I audio_route: > audio_route_update_path + : "gain-media-speaker" reverse(0)
09-26 16:46:54.212  4835  4849 I audio_route: > audio_route_update_path - : changed(0)
09-26 16:46:54.212  4835  4849 D audio_hw_primary_abox: fast_out-do_set_route: Enabled Audio Gain(gain-media-speaker)
09-26 16:46:54.213  4835  4849 I audio_hw_primary_abox: [do_open_spkamp_stream] Opened PCM Device(/dev/snd/pcmC0D7p) configured Info: Channels(2)  Smapling Rate(48000), Format: Default(0)
09-26 16:46:54.216  4835  4849 I audio_hw_primary_abox: [do_open_spkamp_stream] Opened PCM Device(/dev/snd/pcmC0D11c) configured Info: Channels(2)  Smapling Rate(48000), Format: Default(0)
09-26 16:46:54.218  4835  4849 I audio_hw_primary_abox: [do_open_spkamp_stream] Opened PCM Device(/dev/snd/pcmC0D12c) configured Info: Channels(2)  Smapling Rate(48000), Format: Default(0)
09-26 16:46:54.223  4835  4849 I audio_hw_primary_abox: [do_open_spkamp_stream] Opened PCM Device(/dev/snd/pcmC0D6p) configured Info: Channels(2)  Smapling Rate(48000), Format: Default(0)
09-26 16:46:54.243  4835  4849 I audio_hw_primary_abox: fast_out-do_open_output_stream: Opened PCM Device is /dev/snd/pcmC0D2p samplingRate(48000) pcmformat(0)
09-26 16:46:54.244  4835  4849 I audio_hw_primary_abox: fast_out-out_write: Transit to Idle
09-26 16:46:54.246  4835  4849 I audio_hw_primary_abox: fast_out-out_write: Transit to Playing
09-26 16:46:54.248  3880  3880 D ConstraintsHelper: construct key=cm_updates available=true
09-26 16:46:54.248  3880  3880 D ConstraintsHelper: construct key=contributors available=true
09-26 16:46:54.257  3880  3880 D DeviceInfoSettings: Property 'ro.url.safetylegal' missing and no 'safetylegal' preference
09-26 16:46:54.301  3880  3880 D RemotePreference: ResolveInfo ResolveInfo{3ecb189 org.cyanogenmod.cmparts/.PartsActivity m=0x0}
09-26 16:46:54.312  3880  4976 D Index   : Indexing locale 'es_ES' took 5 millis
09-26 16:46:54.340  3880  4976 D Index   : Indexing locale 'es_ES' took 4 millis
09-26 16:46:54.343  3880  3918 D mali_winsys: EGLint new_window_surface(egl_winsys_display*, void*, EGLSurface, EGLConfig, egl_winsys_surface**, egl_color_buffer_format*, EGLBoolean) returns 0x3000,  [1440x2960]-format:1
09-26 16:46:54.379  3880  4976 W TileUtils: Found com.android.settings.Settings$PaymentSettingsActivity for intent Intent { act=com.android.settings.action.SETTINGS pkg=com.android.settings } missing metadata com.android.settings.category
09-26 16:46:54.381  3880  4976 W TileUtils: Found com.android.systemui.tuner.TunerActivity for intent Intent { act=com.android.settings.action.EXTRA_SETTINGS } missing metadata 
09-26 16:46:54.413  3561  3588 I ActivityManager: Displayed com.android.settings/.Settings$DeviceInfoSettingsActivity: +195ms
09-26 16:46:54.423  4835  4838 I APM_AudioPolicyManager: stopOutput() output 21, stream 1, session 17
09-26 16:46:54.460  3880  3918 D OpenGLRenderer: endAllActiveAnimators on 0x7f72c51800 (RippleDrawable) with handle 0x7f864ac0e0
09-26 16:46:56.227  4835  4853 W AudioPolicyIntefaceImpl: Skipped to add effects on session 17
09-26 16:46:56.228  4835  4853 I APM_AudioPolicyManager: startOutput() output 21, stream 1, session 17
09-26 16:46:56.381  4835  4838 I APM_AudioPolicyManager: stopOutput() output 21, stream 1, session 17
09-26 16:46:56.394  4835  4852 W AudioPolicyIntefaceImpl: Skipped to add effects on session 17
09-26 16:46:56.394  4835  4852 I APM_AudioPolicyManager: startOutput() output 21, stream 1, session 17
09-26 16:46:56.562  3880  3918 D mali_winsys: EGLint new_window_surface(egl_winsys_display*, void*, EGLSurface, EGLConfig, egl_winsys_surface**, egl_color_buffer_format*, EGLBoolean) returns 0x3000,  [1120x220]-format:1
09-26 16:46:56.632  4835  4838 I APM_AudioPolicyManager: stopOutput() output 21, stream 1, session 17
09-26 16:46:56.677  4835  4853 W AudioPolicyIntefaceImpl: Skipped to add effects on session 17
09-26 16:46:56.677  4835  4853 I APM_AudioPolicyManager: startOutput() output 21, stream 1, session 17
09-26 16:46:56.685  3561  4437 I NotificationService: cancelToast pkg=com.android.settings callback=android.app.ITransientNotification$Stub$Proxy@7dc04a6
09-26 16:46:56.686  3561  4437 W WindowManager: Attempted to remove non-existing token: android.os.Binder@c4c89ce
09-26 16:46:56.712  3880  3918 D mali_winsys: EGLint new_window_surface(egl_winsys_display*, void*, EGLSurface, EGLConfig, egl_winsys_surface**, egl_color_buffer_format*, EGLBoolean) returns 0x3000,  [1120x220]-format:1
09-26 16:46:56.817  3561  4436 I NotificationService: cancelToast pkg=com.android.settings callback=android.app.ITransientNotification$Stub$Proxy@233c532
09-26 16:46:56.818  3561  4436 W WindowManager: Attempted to remove non-existing token: android.os.Binder@7375d0b
09-26 16:46:56.846  3880  3918 D mali_winsys: EGLint new_window_surface(egl_winsys_display*, void*, EGLSurface, EGLConfig, egl_winsys_surface**, egl_color_buffer_format*, EGLBoolean) returns 0x3000,  [1120x220]-format:1
09-26 16:46:56.915  4835  4838 I APM_AudioPolicyManager: stopOutput() output 21, stream 1, session 17
09-26 16:46:56.979  4835  4835 W AudioPolicyIntefaceImpl: Skipped to add effects on session 17
09-26 16:46:56.979  4835  4835 I APM_AudioPolicyManager: startOutput() output 21, stream 1, session 17
09-26 16:46:57.002  3561  3572 I NotificationService: cancelToast pkg=com.android.settings callback=android.app.ITransientNotification$Stub$Proxy@5d5027e
09-26 16:46:57.003  3561  3572 W WindowManager: Attempted to remove non-existing token: android.os.Binder@e0b593d
09-26 16:46:57.046  3880  3918 D mali_winsys: EGLint new_window_surface(egl_winsys_display*, void*, EGLSurface, EGLConfig, egl_winsys_surface**, egl_color_buffer_format*, EGLBoolean) returns 0x3000,  [1120x220]-format:1
09-26 16:46:57.110  3880  4983 W TileUtils: Found com.android.settings.Settings$PaymentSettingsActivity for intent Intent { act=com.android.settings.action.SETTINGS pkg=com.android.settings } missing metadata com.android.settings.category
09-26 16:46:57.112  3880  4983 W TileUtils: Found com.android.systemui.tuner.TunerActivity for intent Intent { act=com.android.settings.action.EXTRA_SETTINGS } missing metadata 
09-26 16:46:57.117  3880  4983 D Index   : Deleting data for locale 'es_ES' took 2 millis
09-26 16:46:57.119  3561  3747 I NotificationService: cancelToast pkg=com.android.settings callback=android.app.ITransientNotification$Stub$Proxy@8bac88a
09-26 16:46:57.120  3561  3747 W WindowManager: Attempted to remove non-existing token: android.os.Binder@3d94c39
09-26 16:46:57.161  3880  3918 D mali_winsys: EGLint new_window_surface(egl_winsys_display*, void*, EGLSurface, EGLConfig, egl_winsys_surface**, egl_color_buffer_format*, EGLBoolean) returns 0x3000,  [1051x154]-format:1
09-26 16:46:57.167  3880  4983 D Index   : Indexing locale 'es_ES' took 50 millis
09-26 16:46:57.260  4835  4838 I APM_AudioPolicyManager: stopOutput() output 21, stream 1, session 17
09-26 16:46:57.277  4835  4852 W AudioPolicyIntefaceImpl: Skipped to add effects on session 17
09-26 16:46:57.277  4835  4852 I APM_AudioPolicyManager: startOutput() output 21, stream 1, session 17
09-26 16:46:57.551  4835  4853 W AudioPolicyIntefaceImpl: Skipped to add effects on session 17
09-26 16:46:57.551  4835  4853 I APM_AudioPolicyManager: startOutput() output 21, stream 1, session 17
09-26 16:46:57.551  4835  4838 I APM_AudioPolicyManager: stopOutput() output 21, stream 1, session 17
09-26 16:46:57.698  4835  4852 W AudioPolicyIntefaceImpl: Skipped to add effects on session 17
09-26 16:46:57.698  4835  4852 I APM_AudioPolicyManager: startOutput() output 21, stream 1, session 17
09-26 16:46:57.698  4835  4838 I APM_AudioPolicyManager: stopOutput() output 21, stream 1, session 17
09-26 16:46:57.861  4835  4838 I APM_AudioPolicyManager: stopOutput() output 21, stream 1, session 17
09-26 16:46:58.361  4835  4835 W AudioPolicyIntefaceImpl: Skipped to add effects on session 17
09-26 16:46:58.361  4835  4835 I APM_AudioPolicyManager: startOutput() output 21, stream 1, session 17
09-26 16:46:58.432  3732  3732 I SlideTouchEvent: vel=467.0308, MinimumFlingVelocity=175
09-26 16:46:58.432  3732  3732 I SlideTouchEvent: Sliding distance is too short, can not trigger the single hand mode
09-26 16:46:58.447  3880  4984 D Index   : Indexing locale 'es_ES' took 5 millis
09-26 16:46:58.453  3880  3918 D mali_winsys: EGLint new_window_surface(egl_winsys_display*, void*, EGLSurface, EGLConfig, egl_winsys_surface**, egl_color_buffer_format*, EGLBoolean) returns 0x3000,  [1440x2960]-format:1
09-26 16:46:58.457  3880  3880 D DashboardSummary: onConditionsChanged
09-26 16:46:58.494  3880  4978 W ProcStatsManager: No process com.android.providers.calendar/10004 for service com.android.providers.calendar.EmptyService
09-26 16:46:58.494  3880  4978 W ProcStatsManager: No process com.android.providers.calendar/10004 for service com.android.providers.calendar.CalendarProviderIntentService
09-26 16:46:58.494  3880  4978 W ProcStatsManager: No process android.process.media/10009 for service com.android.providers.media.MediaScannerService
09-26 16:46:58.495  3880  4978 W ProcStatsManager: No process com.android.messaging/10061 for service com.android.messaging.datamodel.action.BackgroundWorkerService
09-26 16:46:58.495  3880  4978 W ProcStatsManager: No process com.android.messaging/10061 for service com.android.messaging.datamodel.action.ActionServiceImpl
09-26 16:46:58.495  3880  4978 W ProcStatsManager: No process com.android.carrierconfig/10005 for service com.android.carrierconfig.DefaultCarrierConfigService
09-26 16:46:58.495  3880  4978 W ProcStatsManager: No process com.android.phone/1001 for service com.android.stk.StkAppService
09-26 16:46:58.495  3880  4978 W ProcStatsManager: No process com.android.printspooler/10059 for service com.android.printspooler.model.PrintSpoolerService
09-26 16:46:58.495  3880  4978 W ProcStatsManager: No process com.android.onetimeinitializer/10018 for service com.android.onetimeinitializer.OneTimeInitializerService
09-26 16:46:58.495  3880  4978 W ProcStatsManager: No process system/1000 for service com.android.server.telecom.components.BluetoothPhoneService
09-26 16:46:58.495  3880  4978 W ProcStatsManager: No process system/1000 for service com.android.server.telecom.components.TelecomService
09-26 16:46:58.495  3880  4978 W ProcStatsManager: No process com.android.keychain/1000 for service com.android.keychain.KeyChainService
09-26 16:46:58.495  3880  4978 W ProcStatsManager: No process com.android.dialer/10017 for service com.android.dialer.calllog.CallLogNotificationsService
09-26 16:46:58.495  3880  4978 W ProcStatsManager: No process system/1000 for service com.android.location.fused.FusedLocationService
09-26 16:46:58.495  3880  4978 W ProcStatsManager: No process com.android.exchange/10047 for service com.android.exchange.service.EasService
09-26 16:46:58.497  3880  3918 D OpenGLRenderer: endAllActiveAnimators on 0x7f8379bc00 (RippleDrawable) with handle 0x7f8632f200
09-26 16:46:58.508  3880  4984 W TileUtils: Found com.android.settings.Settings$PaymentSettingsActivity for intent Intent { act=com.android.settings.action.SETTINGS pkg=com.android.settings } missing metadata com.android.settings.category
09-26 16:46:58.510  3880  4984 W TileUtils: Found com.android.systemui.tuner.TunerActivity for intent Intent { act=com.android.settings.action.EXTRA_SETTINGS } missing metadata 
09-26 16:46:58.520  4835  4838 I APM_AudioPolicyManager: stopOutput() output 21, stream 1, session 17
09-26 16:46:58.562  3561  4437 E BatteryStatsService: no controller energy info supplied
09-26 16:46:59.748  4835  4835 W AudioPolicyIntefaceImpl: Skipped to add effects on session 17
09-26 16:46:59.748  4835  4835 I APM_AudioPolicyManager: startOutput() output 21, stream 1, session 17
09-26 16:46:59.748  3561  4461 I ActivityManager: START u0 {flg=0x8000 cmp=com.android.settings/.Settings$DevelopmentSettingsActivity (has extras)} from uid 1000 on display 0
09-26 16:46:59.808  3880  3880 D ConstraintsHelper: construct key=advanced_reboot available=true
09-26 16:46:59.813  3561  4437 E UserRestrictionsUtils: Unknown restriction: null
09-26 16:46:59.814  3561  4461 E UserRestrictionsUtils: Unknown restriction: null
09-26 16:46:59.815  3880  3880 D ConstraintsHelper: construct key=adb_notify available=true
09-26 16:46:59.845  3880  3880 D ConstraintsHelper: construct key=kill_app_longpress_back available=true
09-26 16:46:59.851  3561  4374 D CryptdConnector: SND -> {6 cryptfs isConvertibleToFBE}
09-26 16:46:59.851  3079  3151 D VoldCryptCmdListener: cryptfs isConvertibleToFBE
09-26 16:46:59.852  3561  3636 D CryptdConnector: RCV <- {200 6 0}
09-26 16:46:59.882  3880  4983 D Index   : Indexing locale 'es_ES' took 5 millis
09-26 16:46:59.883  3880  3880 W Settings: Setting bugreport_in_power_menu has moved from android.provider.Settings.Secure to android.provider.Settings.Global.
09-26 16:46:59.889  3176  3209 D PermissionCache: checking android.permission.HARDWARE_TEST for uid=1000 => granted (176 us)
09-26 16:46:59.900  3880  4983 D Index   : Indexing locale 'es_ES' took 4 millis
09-26 16:46:59.901  4835  4838 I APM_AudioPolicyManager: stopOutput() output 21, stream 1, session 17
09-26 16:46:59.905  3880  3880 W Settings: Setting bugreport_in_power_menu has moved from android.provider.Settings.Secure to android.provider.Settings.Global.
09-26 16:46:59.949  3880  4983 W TileUtils: Found com.android.settings.Settings$PaymentSettingsActivity for intent Intent { act=com.android.settings.action.SETTINGS pkg=com.android.settings } missing metadata com.android.settings.category
09-26 16:46:59.950  3880  3918 D mali_winsys: EGLint new_window_surface(egl_winsys_display*, void*, EGLSurface, EGLConfig, egl_winsys_surface**, egl_color_buffer_format*, EGLBoolean) returns 0x3000,  [1440x2960]-format:1
09-26 16:46:59.951  3880  4983 W TileUtils: Found com.android.systemui.tuner.TunerActivity for intent Intent { act=com.android.settings.action.EXTRA_SETTINGS } missing metadata 
09-26 16:47:00.013  3561  3633 I InputReader: Reconfiguring input devices.  changes=0x00000010
09-26 16:47:00.016  3561  3575 W ResourceType: No known package when getting value for resource number 0x7f020125
09-26 16:47:00.016  3561  3575 W ResourceType: No known package when getting value for resource number 0x7f0c050c
09-26 16:47:00.016  3561  3575 W ResourceType: No known package when getting value for resource number 0x7f020124
09-26 16:47:00.016  3561  3575 W ResourceType: No known package when getting value for resource number 0x7f0c0a9d
09-26 16:47:00.016  3561  3575 W ResourceType: No known package when getting value for resource number 0x7f020123
09-26 16:47:00.016  3561  3575 W ResourceType: No known package when getting value for resource number 0x7f0c0957
09-26 16:47:00.017  4375  4375 D RegisteredNfcFServicesCache: Service unchanged, not updating
09-26 16:47:00.023  3561  3575 W Searchables: No global search activity found
09-26 16:47:00.026  3864  3864 D CarrierSvcBindHelper: No carrier app for: 0
09-26 16:47:00.026  3864  3864 E PhoneInterfaceManager: [PhoneIntfMgr] getCarrierPackageNamesForIntent: No UICC
09-26 16:47:00.026  3864  3864 D CarrierSvcBindHelper: No carrier app for: 1
09-26 16:47:00.047  4983  4983 I com.android.settings: type=1400 audit(0.0:217): avc: denied { call } for comm=4173796E635461736B202333 scontext=u:r:system_app:s0 tcontext=u:r:netd:s0 tclass=binder permissive=1
09-26 16:47:00.047  4983  4983 W com.android.settings: type=1300 audit(0.0:217): arch=c00000b7 syscall=29 success=yes exit=0 a0=9 a1=c0306201 a2=7f8435d7e8 a3=8d items=0 ppid=3186 auid=4294967295 uid=1000 gid=1000 euid=1000 suid=1000 fsuid=1000 egid=1000 sgid=1000 fsgid=1000 tty=(none) ses=4294967295 comm=4173796E635461736B202333 exe="/system/bin/app_process64" subj=u:r:system_app:s0 key=(null)
09-26 16:47:00.047  3090  3090 W auditd  : type=1327 audit(0.0:217): proctitle="com.android.settings"
09-26 16:47:00.047  3090  3090 W auditd  : type=1320 audit(0.0:217): 
09-26 16:47:00.051  4983  4983 I com.android.settings: type=1400 audit(0.0:218): avc: denied { call } for comm=4173796E635461736B202333 scontext=u:r:system_app:s0 tcontext=u:r:sensorhubservice:s0 tclass=binder permissive=1
09-26 16:47:00.051  4983  4983 W com.android.settings: type=1300 audit(0.0:218): arch=c00000b7 syscall=29 success=yes exit=0 a0=9 a1=c0306201 a2=7f8435d7e8 a3=97 items=0 ppid=3186 auid=4294967295 uid=1000 gid=1000 euid=1000 suid=1000 fsuid=1000 egid=1000 sgid=1000 fsgid=1000 tty=(none) ses=4294967295 comm=4173796E635461736B202333 exe="/system/bin/app_process64" subj=u:r:system_app:s0 key=(null)
09-26 16:47:00.051  3090  3090 W auditd  : type=1327 audit(0.0:218): proctitle="com.android.settings"
09-26 16:47:00.051  3090  3090 W auditd  : type=1320 audit(0.0:218): 
09-26 16:47:00.051  3175  3175 E SELinux : avc:  denied  { find } for service=netd pid=3880 uid=1000 scontext=u:r:system_app:s0 tcontext=u:object_r:netd_service:s0 tclass=service_manager permissive=1
09-26 16:47:00.055  4983  4983 I com.android.settings: type=1400 audit(0.0:219): avc: denied { call } for comm=4173796E635461736B202333 scontext=u:r:system_app:s0 tcontext=u:r:fingerprintd:s0 tclass=binder permissive=1
09-26 16:47:00.055  4983  4983 W com.android.settings: type=1300 audit(0.0:219): arch=c00000b7 syscall=29 success=yes exit=0 a0=9 a1=c0306201 a2=7f8435d7e8 a3=99 items=0 ppid=3186 auid=4294967295 uid=1000 gid=1000 euid=1000 suid=1000 fsuid=1000 egid=1000 sgid=1000 fsgid=1000 tty=(none) ses=4294967295 comm=4173796E635461736B202333 exe="/system/bin/app_process64" subj=u:r:system_app:s0 key=(null)
09-26 16:47:00.055  3090  3090 W auditd  : type=1327 audit(0.0:219): proctitle="com.android.settings"
09-26 16:47:00.055  3090  3090 W auditd  : type=1320 audit(0.0:219): 
09-26 16:47:00.075  3561  3588 I ActivityManager: Displayed com.android.settings/.Settings$DevelopmentSettingsActivity: +311ms
09-26 16:47:00.091  3880  4976 W TileUtils: Found com.android.settings.Settings$PaymentSettingsActivity for intent Intent { act=com.android.settings.action.SETTINGS pkg=com.android.settings } missing metadata com.android.settings.category
09-26 16:47:00.091  3880  4976 W TileUtils: Found com.android.systemui.tuner.TunerActivity for intent Intent { act=com.android.settings.action.EXTRA_SETTINGS } missing metadata 
09-26 16:47:00.093  3880  3918 D OpenGLRenderer: endAllActiveAnimators on 0x7f72c51800 (RippleDrawable) with handle 0x7f71e83100
09-26 16:47:00.131  4500  4500 I launcher-loader: type=1400 audit(0.0:220): avc: denied { lock } for path="/data/data/com.cyanogenmod.trebuchet/databases/app_icons.db" dev="sda24" ino=2015594 scontext=u:r:platform_app:s0:c512,c768 tcontext=u:object_r:system_data_file:s0:c512,c768 tclass=file permissive=1
09-26 16:47:00.131  4500  4500 W launcher-loader: type=1300 audit(0.0:220): arch=c00000b7 syscall=25 success=yes exit=0 a0=2c a1=6 a2=7f9e046eb8 a3=10 items=0 ppid=3186 auid=4294967295 uid=10027 gid=10027 euid=10027 suid=10027 fsuid=10027 egid=10027 sgid=10027 fsgid=10027 tty=(none) ses=4294967295 exe="/system/bin/app_process64" subj=u:r:platform_app:s0:c512,c768 key=(null)
09-26 16:47:00.131  3090  3090 W auditd  : type=1327 audit(0.0:220): proctitle="com.cyanogenmod.trebuchet"
09-26 16:47:00.131  3090  3090 W auditd  : type=1320 audit(0.0:220): 
09-26 16:47:00.163  4500  4500 I launcher-loader: type=1400 audit(0.0:221): avc: denied { write } for name="launcher.db-journal" dev="sda24" ino=2015592 scontext=u:r:platform_app:s0:c512,c768 tcontext=u:object_r:system_data_file:s0:c512,c768 tclass=file permissive=1
09-26 16:47:00.163  4500  4500 W launcher-loader: type=1300 audit(0.0:221): arch=c00000b7 syscall=56 success=yes exit=56 a0=ffffff9c a1=7f9b198efe a2=a0042 a3=1b0 items=0 ppid=3186 auid=4294967295 uid=10027 gid=10027 euid=10027 suid=10027 fsuid=10027 egid=10027 sgid=10027 fsgid=10027 tty=(none) ses=4294967295 exe="/system/bin/app_process64" subj=u:r:platform_app:s0:c512,c768 key=(null)
09-26 16:47:00.163  3090  3090 W auditd  : type=1327 audit(0.0:221): proctitle="com.cyanogenmod.trebuchet"
09-26 16:47:00.163  3090  3090 W auditd  : type=1320 audit(0.0:221): 
09-26 16:47:00.624  3561  3561 W WindowManager: Attempted to remove non-existing token: android.os.Binder@bf972f5
09-26 16:47:02.868  4835  4849 V audio_hw_primary_abox: fast_out-out_standby: enter
09-26 16:47:02.868  4835  4849 I audio_hw_primary_abox: fast_out-out_standby: Transit to Idle
09-26 16:47:02.879  4835  4849 I audio_hw_primary_abox: fast_out-do_close_output_stream: Closed PCM Device
09-26 16:47:02.879  4835  4849 D audio_hw_primary_abox: fast_out-set_audio_route: [PLAYBACK] current-device(speaker) new-device(speaker) in cur-mode(normal) & new-mode(normal)!
09-26 16:47:02.896  4835  4849 I audio_hw_primary_abox: USAGE_SPKAMP-do_close_spkamp_stream: Closed PCM Device is /dev/snd/pcmC0D7p
09-26 16:47:02.898  4835  4849 I audio_hw_primary_abox: USAGE_SPKAMP-do_close_spkamp_stream: Closed PCM Device is /dev/snd/pcmC0D11c
09-26 16:47:02.900  4835  4849 I audio_hw_primary_abox: USAGE_SPKAMP-do_close_spkamp_stream: Closed PCM Device is /dev/snd/pcmC0D12c
09-26 16:47:02.901  4835  4849 I audio_hw_primary_abox: USAGE_SPKAMP-do_close_spkamp_stream: Closed PCM Device is /dev/snd/pcmC0D6p
09-26 16:47:02.901  4835  4849 I audio_route: > audio_route_update_path + : "media-speaker" reverse(1)
09-26 16:47:02.903  4835  4849 I audio_route: > audio_route_update_path - : changed(3)
09-26 16:47:02.903  4835  4849 D audio_hw_primary_abox: fast_out-do_set_route: Disabled Audio Route(media-speaker)
09-26 16:47:02.903  4835  4849 I audio_route: > audio_route_update_path + : "gain-media-speaker" reverse(1)
09-26 16:47:02.903  4835  4849 I audio_route: > audio_route_update_path - : changed(0)
09-26 16:47:02.903  4835  4849 D audio_hw_primary_abox: fast_out-do_set_route: Disabled Audio Gain(gain-media-speaker)
09-26 16:47:02.903  4835  4849 I audio_hw_primary_abox: fast_out-out_standby: Transit to Standby
09-26 16:47:02.903  4835  4849 V audio_hw_primary_abox: fast_out-out_standby: exit
09-26 16:47:03.536  4835  4852 W AudioPolicyIntefaceImpl: Skipped to add effects on session 17
09-26 16:47:03.536  4835  4852 I APM_AudioPolicyManager: startOutput() output 21, stream 1, session 17
09-26 16:47:03.537  4835  4849 D audio_hw_primary_abox: fast_out-set_audio_route: [PLAYBACK] current-device(none) new-device(speaker) in cur-mode(none) & new-mode(normal)!
09-26 16:47:03.538  4835  4849 I audio_hw_primary_abox: is_voice_wakeup : ret =  0  , wakeup_baby_cry_enabled = 0  ,  wakeup_mic_enabled = 0 
09-26 16:47:03.538  4835  4849 I audio_route: > audio_route_apply_path : "media-speaker"
09-26 16:47:03.539  4835  4849 I audio_route: > audio_route_update_path + : "media-speaker" reverse(0)
09-26 16:47:03.539  4835  4849 I audio_route: > audio_route_update_path - : changed(0)
09-26 16:47:03.540  4835  4849 D audio_hw_primary_abox: fast_out-do_set_route: Enabled Audio Route(media-speaker)
09-26 16:47:03.540  4835  4849 I audio_route: > audio_route_apply_path : "gain-media-speaker"
09-26 16:47:03.540  4835  4849 I audio_route: > audio_route_update_path + : "gain-media-speaker" reverse(0)
09-26 16:47:03.540  4835  4849 I audio_route: > audio_route_update_path - : changed(0)
09-26 16:47:03.540  4835  4849 D audio_hw_primary_abox: fast_out-do_set_route: Enabled Audio Gain(gain-media-speaker)
09-26 16:47:03.541  4835  4849 I audio_hw_primary_abox: [do_open_spkamp_stream] Opened PCM Device(/dev/snd/pcmC0D7p) configured Info: Channels(2)  Smapling Rate(48000), Format: Default(0)
09-26 16:47:03.543     1     1 I init    : type=1400 audit(0.0:222): avc: denied { write } for name="UDC" dev="configfs" ino=28069 scontext=u:r:init:s0 tcontext=u:object_r:configfs:s0 tclass=file permissive=1
09-26 16:47:03.543  4835  4849 I audio_hw_primary_abox: [do_open_spkamp_stream] Opened PCM Device(/dev/snd/pcmC0D11c) configured Info: Channels(2)  Smapling Rate(48000), Format: Default(0)
09-26 16:47:03.544  4835  4849 I audio_hw_primary_abox: [do_open_spkamp_stream] Opened PCM Device(/dev/snd/pcmC0D12c) configured Info: Channels(2)  Smapling Rate(48000), Format: Default(0)
09-26 16:47:03.547  3561  3586 I UsbDeviceManager: Setting USB config to mtp
09-26 16:47:03.550  4835  4849 I audio_hw_primary_abox: [do_open_spkamp_stream] Opened PCM Device(/dev/snd/pcmC0D6p) configured Info: Channels(2)  Smapling Rate(48000), Format: Default(0)
09-26 16:47:03.552  4375  4382 W art     : Receiving file descriptor from ADB failed (socket 3): Connection reset by peer
09-26 16:47:03.553  4564  4572 W art     : Receiving file descriptor from ADB failed (socket 30): Connection reset by peer
09-26 16:47:03.554  4448  4455 W art     : Receiving file descriptor from ADB failed (socket 3): Connection reset by peer
09-26 16:47:03.567  4835  4849 I audio_hw_primary_abox: fast_out-do_open_output_stream: Opened PCM Device is /dev/snd/pcmC0D2p samplingRate(48000) pcmformat(0)
09-26 16:47:03.567  4835  4849 I audio_hw_primary_abox: fast_out-out_write: Transit to Idle
09-26 16:47:03.569  4835  4849 I audio_hw_primary_abox: fast_out-out_write: Transit to Playing
09-26 16:47:03.736  4835  4838 I APM_AudioPolicyManager: stopOutput() output 21, stream 1, session 17
09-26 16:47:04.223  4406  4406 I d.process.media: type=1400 audit(0.0:223): avc: denied { lock } for path="/data/data/com.android.providers.media/databases/external.db-shm" dev="sda24" ino=2015523 scontext=u:r:priv_app:s0:c512,c768 tcontext=u:object_r:system_data_file:s0:c512,c768 tclass=file permissive=1
09-26 16:47:04.223  4406  4406 W d.process.media: type=1300 audit(0.0:223): arch=c00000b7 syscall=25 success=yes exit=0 a0=26 a1=6 a2=7ff9d80dd8 a3=6 items=0 ppid=3186 auid=4294967295 uid=10009 gid=10009 euid=10009 suid=10009 fsuid=10009 egid=10009 sgid=10009 fsgid=10009 tty=(none) ses=4294967295 exe="/system/bin/app_process64" subj=u:r:priv_app:s0:c512,c768 key=(null)
09-26 16:47:04.223  3090  3090 W auditd  : type=1327 audit(0.0:223): proctitle="android.process.media"
09-26 16:47:04.223  3090  3090 W auditd  : type=1320 audit(0.0:223): 
09-26 16:47:04.248  4406  4406 D MtpService: starting MTP server in MTP mode
09-26 16:47:04.320  3561  3579 E BatteryStatsService: no controller energy info supplied
09-26 16:47:05.104  4835  4853 W AudioPolicyIntefaceImpl: Skipped to add effects on session 17
09-26 16:47:05.104  4835  4853 I APM_AudioPolicyManager: startOutput() output 21, stream 1, session 17
09-26 16:47:05.154  3880  3918 D mali_winsys: EGLint new_window_surface(egl_winsys_display*, void*, EGLSurface, EGLConfig, egl_winsys_surface**, egl_color_buffer_format*, EGLBoolean) returns 0x3000,  [1590x1135]-format:1
09-26 16:47:05.256  4835  4838 I APM_AudioPolicyManager: stopOutput() output 21, stream 1, session 17
09-26 16:47:05.889  4835  4835 W AudioPolicyIntefaceImpl: Skipped to add effects on session 17
09-26 16:47:05.889  4835  4835 I APM_AudioPolicyManager: startOutput() output 21, stream 1, session 17
09-26 16:47:05.892  3561  3586 I UsbDeviceManager: Setting USB config to adb
09-26 16:47:05.907  3561  4438 W InputMethodManagerService: Window already focused, ignoring focus gain of: com.android.internal.view.IInputMethodClient$Stub$Proxy@dcc1447 attribute=null, token = android.os.BinderProxy@a310f4a
09-26 16:47:06.057  4835  4838 I APM_AudioPolicyManager: stopOutput() output 21, stream 1, session 17
09-26 16:47:06.957  3561  3586 E UsbDeviceManager: waitForState(adb) FAILED: got none
09-26 16:47:06.957  3561  3586 E UsbDeviceManager: Failed to switch USB config to adb
09-26 16:47:06.957  3561  3586 E UsbDeviceManager: Failsafe 1: Restoring previous USB functions.
09-26 16:47:06.957  3561  3586 I UsbDeviceManager: Setting USB config to mtp,adb
09-26 16:47:07.014  3561  3586 I UsbDeviceManager: Setting USB config to adb
09-26 16:47:07.406  4835  4852 W AudioPolicyIntefaceImpl: Skipped to add effects on session 17
09-26 16:47:07.407  4835  4852 I APM_AudioPolicyManager: startOutput() output 21, stream 1, session 17
09-26 16:47:07.439  3880  3918 D mali_winsys: EGLint new_window_surface(egl_winsys_display*, void*, EGLSurface, EGLConfig, egl_winsys_surface**, egl_color_buffer_format*, EGLBoolean) returns 0x3000,  [1590x1409]-format:1
09-26 16:47:07.556  4835  4838 I APM_AudioPolicyManager: stopOutput() output 21, stream 1, session 17
09-26 16:47:08.075  3561  3586 E UsbDeviceManager: waitForState(adb) FAILED: got none
09-26 16:47:08.075  3561  3586 E UsbDeviceManager: Failed to switch USB config to adb
09-26 16:47:08.075  3561  3586 E UsbDeviceManager: Failsafe 1: Restoring previous USB functions.
09-26 16:47:08.075  3561  3586 I UsbDeviceManager: Setting USB config to mtp,adb
09-26 16:47:08.079  4675  4682 W art     : Receiving file descriptor from ADB failed (socket 3): Connection reset by peer
09-26 16:47:08.079  3995  4002 W art     : Receiving file descriptor from ADB failed (socket 3): Connection reset by peer
09-26 16:47:08.079  4448  4455 W art     : Receiving file descriptor from ADB failed (socket 3): Connection reset by peer
09-26 16:47:08.079  4778  4787 W art     : Receiving file descriptor from ADB failed (socket 3): Connection reset by peer
09-26 16:47:08.080  4711  4718 W art     : Receiving file descriptor from ADB failed (socket 3): Connection reset by peer
09-26 16:47:08.583  4406  4406 D MtpService: starting MTP server in MTP mode
09-26 16:47:08.944  4835  4853 W AudioPolicyIntefaceImpl: Skipped to add effects on session 17
09-26 16:47:08.944  4835  4853 I APM_AudioPolicyManager: startOutput() output 21, stream 1, session 17
09-26 16:47:08.966  3561  4373 W InputMethodManagerService: Window already focused, ignoring focus gain of: com.android.internal.view.IInputMethodClient$Stub$Proxy@87bfc2f attribute=null, token = android.os.BinderProxy@a310f4a
09-26 16:47:08.991  3880  3918 D mali_winsys: EGLint new_window_surface(egl_winsys_display*, void*, EGLSurface, EGLConfig, egl_winsys_surface**, egl_color_buffer_format*, EGLBoolean) returns 0x3000,  [1590x937]-format:1
09-26 16:47:09.093  4835  4838 I APM_AudioPolicyManager: stopOutput() output 21, stream 1, session 17
09-26 19:45:54.479     1     1 I init    : type=1400 audit(0.0:18): avc: denied { write } for name="battery" dev="sysfs" ino=35647 scontext=u:r:init:s0 tcontext=u:object_r:sysfs:s0 tclass=dir permissive=1
09-26 16:47:09.674  4835  4835 W AudioPolicyIntefaceImpl: Skipped to add effects on session 17
09-26 16:47:09.675  4835  4835 I APM_AudioPolicyManager: startOutput() output 21, stream 1, session 17
09-26 16:47:09.698  3561  4437 W InputMethodManagerService: Window already focused, ignoring focus gain of: com.android.internal.view.IInputMethodClient$Stub$Proxy@efae23c attribute=null, token = android.os.BinderProxy@a310f4a
09-26 16:47:09.837  4835  4838 I APM_AudioPolicyManager: stopOutput() output 21, stream 1, session 17
09-26 16:47:11.455  5045  5045 I DeferredSaveThr: type=1400 audit(0.0:224): avc: denied { unlink } for name="com.android.opengl.shaders_cache" dev="sda24" ino=3129484 scontext=u:r:system_app:s0 tcontext=u:object_r:system_data_file:s0 tclass=file permissive=1
09-26 16:47:11.455  5045  5045 W DeferredSaveThr: type=1300 audit(0.0:224): arch=c00000b7 syscall=35 success=yes exit=0 a0=ffffff9c a1=7fa5431c58 a2=0 a3=0 items=0 ppid=3186 auid=4294967295 uid=1000 gid=1000 euid=1000 suid=1000 fsuid=1000 egid=1000 sgid=1000 fsgid=1000 tty=(none) ses=4294967295 exe="/system/bin/app_process64" subj=u:r:system_app:s0 key=(null)
09-26 16:47:11.455  3090  3090 W auditd  : type=1327 audit(0.0:224): proctitle="com.android.settings"
09-26 16:47:11.455  3090  3090 W auditd  : type=1320 audit(0.0:224): 
09-26 16:47:11.455  5045  5045 I DeferredSaveThr: type=1400 audit(0.0:225): avc: denied { create } for name="com.android.opengl.shaders_cache" scontext=u:r:system_app:s0 tcontext=u:object_r:system_data_file:s0 tclass=file permissive=1
09-26 16:47:11.455  5045  5045 I DeferredSaveThr: type=1400 audit(0.0:225): avc: denied { write } for path="/data/user_de/0/com.android.settings/code_cache/com.android.opengl.shaders_cache" dev="sda24" ino=3129484 scontext=u:r:system_app:s0 tcontext=u:object_r:system_data_file:s0 tclass=file permissive=1
09-26 16:47:11.455  5045  5045 W DeferredSaveThr: type=1300 audit(0.0:225): arch=c00000b7 syscall=56 success=yes exit=64 a0=ffffff9c a1=7fa5431c58 a2=c2 a3=0 items=0 ppid=3186 auid=4294967295 uid=1000 gid=1000 euid=1000 suid=1000 fsuid=1000 egid=1000 sgid=1000 fsgid=1000 tty=(none) ses=4294967295 exe="/system/bin/app_process64" subj=u:r:system_app:s0 key=(null)
09-26 16:47:11.455  3090  3090 W auditd  : type=1327 audit(0.0:225): proctitle="com.android.settings"
09-26 16:47:11.455  3090  3090 W auditd  : type=1320 audit(0.0:225): 
09-26 16:47:11.459  5045  5045 I DeferredSaveThr: type=1400 audit(0.0:226): avc: denied { setattr } for name="com.android.opengl.shaders_cache" dev="sda24" ino=3129484 scontext=u:r:system_app:s0 tcontext=u:object_r:system_data_file:s0 tclass=file permissive=1
09-26 16:47:11.459  5045  5045 W DeferredSaveThr: type=1300 audit(0.0:226): arch=c00000b7 syscall=52 success=yes exit=0 a0=40 a1=100 a2=29 a3=0 items=0 ppid=3186 auid=4294967295 uid=1000 gid=1000 euid=1000 suid=1000 fsuid=1000 egid=1000 sgid=1000 fsgid=1000 tty=(none) ses=4294967295 exe="/system/bin/app_process64" subj=u:r:system_app:s0 key=(null)
09-26 16:47:11.459  3090  3090 W auditd  : type=1327 audit(0.0:226): proctitle="com.android.settings"
09-26 16:47:11.459  3090  3090 W auditd  : type=1320 audit(0.0:226): 
09-26 16:47:12.813  4835  4849 V audio_hw_primary_abox: fast_out-out_standby: enter
09-26 16:47:12.813  4835  4849 I audio_hw_primary_abox: fast_out-out_standby: Transit to Idle
09-26 16:47:12.826  4835  4849 I audio_hw_primary_abox: fast_out-do_close_output_stream: Closed PCM Device
09-26 16:47:12.826  4835  4849 D audio_hw_primary_abox: fast_out-set_audio_route: [PLAYBACK] current-device(speaker) new-device(speaker) in cur-mode(normal) & new-mode(normal)!
09-26 16:47:12.847  4835  4849 I audio_hw_primary_abox: USAGE_SPKAMP-do_close_spkamp_stream: Closed PCM Device is /dev/snd/pcmC0D7p
09-26 16:47:12.854  4835  4849 I audio_hw_primary_abox: USAGE_SPKAMP-do_close_spkamp_stream: Closed PCM Device is /dev/snd/pcmC0D11c
09-26 16:47:12.861  4835  4849 I audio_hw_primary_abox: USAGE_SPKAMP-do_close_spkamp_stream: Closed PCM Device is /dev/snd/pcmC0D12c
09-26 16:47:12.863  4835  4849 I audio_hw_primary_abox: USAGE_SPKAMP-do_close_spkamp_stream: Closed PCM Device is /dev/snd/pcmC0D6p
09-26 16:47:12.863  4835  4849 I audio_route: > audio_route_update_path + : "media-speaker" reverse(1)
09-26 16:47:12.869  4835  4849 I audio_route: > audio_route_update_path - : changed(3)
09-26 16:47:12.869  4835  4849 D audio_hw_primary_abox: fast_out-do_set_route: Disabled Audio Route(media-speaker)
09-26 16:47:12.870  4835  4849 I audio_route: > audio_route_update_path + : "gain-media-speaker" reverse(1)
09-26 16:47:12.870  4835  4849 I audio_route: > audio_route_update_path - : changed(0)
09-26 16:47:12.870  4835  4849 D audio_hw_primary_abox: fast_out-do_set_route: Disabled Audio Gain(gain-media-speaker)
09-26 16:47:12.870  4835  4849 I audio_hw_primary_abox: fast_out-out_standby: Transit to Standby
09-26 16:47:12.870  4835  4849 V audio_hw_primary_abox: fast_out-out_standby: exit
09-26 16:48:09.730  3561  3705 D LightsService: Excessive delay setting light: 52ms
09-26 16:49:11.143  3561  3590 I PowerManagerService: Going to sleep due to screen timeout (uid 1000)...
09-26 16:49:11.145  3561  3590 I DreamManagerService: Entering dreamland.
09-26 16:49:11.147  3561  3590 I PowerManagerService: Dozing...
09-26 16:49:11.149  3561  3586 I DreamController: Starting dream: name=ComponentInfo{com.android.systemui/com.android.systemui.doze.DozeService}, isTest=false, canDoze=true, userId=0
09-26 16:49:11.224  3561  3576 I VrManagerService: VR mode is disallowed
09-26 16:49:11.272  3561  3590 I Sensors : Acc old sensor_state 1, new sensor_state : 0 en : 0
09-26 16:49:11.275  3561  3590 V KeyguardServiceDelegate: onScreenTurnedOff()
09-26 16:49:11.276  3561  3588 I DisplayManagerService: Display device changed state: "Pantalla integrada", OFF
09-26 16:49:11.276  3176  3176 D SurfaceFlinger: Set power mode=0, type=0 flinger=0x7f8a448000
09-26 16:49:11.278  3561  3588 W LocalDisplayAdapter: Unable to find color mode 0, ignoring request.
09-26 16:49:11.405  3561  3705 D SurfaceControl: Excessive delay in setPowerMode(): 129ms
09-26 16:49:11.411  4835  4853 D audio_hw_primary_abox: device-adev_set_parameters: enter with key(screen_state=off)
09-26 16:49:11.411  4835  4853 D audio_hw_primary_abox: device-adev_set_parameters: exit
09-26 16:49:11.434  4375  5182 D BrcmNfcJni: nfcManager_disableDiscovery: enter;
09-26 16:49:11.434  4375  5182 D BrcmNfcJni: pn544InteropAbortNow
09-26 16:49:11.435  4375  5182 D BrcmNfcJni: startRfDiscovery: is start=0
09-26 16:49:11.435  4375  5182 I BrcmNfcNfa: NFA_StopRfDiscovery ()
09-26 16:49:11.435  4375  4506 I BrcmNfcNfa: NFA got event 0x010F
09-26 16:49:11.435  4375  4506 I BrcmNfcNfa: nfa_dm_evt_hdlr event: NFA_DM_API_STOP_RF_DISCOVERY_EVT (0x0f)
09-26 16:49:11.435  4375  4506 I BrcmNfcNfa: nfa_dm_act_stop_rf_discovery ()
09-26 16:49:11.435  4375  4506 I BrcmNfcNfa: nfa_dm_rf_deactivate () deactivate_type:0x0
09-26 16:49:11.435  4375  4506 I BrcmNfcNfa: nfa_dm_disc_sm_execute (): state: DISCOVERY (1), event: DEACTIVATE_CMD(6) disc_flags: 0x2
09-26 16:49:11.435  4375  4506 I BrcmNfcNfa: NFC_Deactivate 4 (IDLE) deactivate_type:0
09-26 16:49:11.435  4375  4506 D NfcAdaptation: NfcAdaptation::HalWrite
09-26 16:49:11.435  4375  4506 I SecHAL  : nfc_hal_write: enter;
09-26 16:49:11.435  4375  4506 I SecHAL  : nfc_hal_write: exit;
09-26 16:49:11.435  4375  4560 D SecHAL  : nfc_hal_task: Got a event: HAL_EVT_WRITE(3)
09-26 16:49:11.435  4375  4506 I BrcmNfcNfa: nfa_dm_disc_sm_execute (): new state: DISCOVERY (1), disc_flags: 0x22
09-26 16:49:11.435  4375  4560 D SecHAL  : nfc_hal_task: current state: SERVICE
09-26 16:49:11.435  4375  4506 I BrcmNfcNfa: nfa_sys_ptim_stop_timer 9dfaf010
09-26 16:49:11.435  4375  4506 I BrcmNfcNfa: ptim timer stop
09-26 16:49:11.435  4375  4560 I SecHAL  : device_wakeup: Wakeup! in 80 ms
09-26 16:49:11.435  4375  4506 I BrcmNfcNfa: Stopped presence check timer (if started)
09-26 16:49:11.515  4375  4560 I SecHAL  : device_wakeup: exit
09-26 16:49:11.515  4375  4560 I SecHAL  : OSI_timer_start: enter,osi_lock
09-26 16:49:11.515  4375  4560 I SecHAL  : OSI_timer_start: before pthread_create for timer thread
09-26 16:49:11.516  4375  4560 I SecHAL  : OSI_timer_start: after pthread_create for timer thread
09-26 16:49:11.516  4375  4560 I SecHAL  : OSI_timer_start: before osi_unlock
09-26 16:49:11.516  4375  4560 I SecHAL  : OSI_timer_start: exit
09-26 16:49:11.516  4375  4560 I SecHAL  : device_write: enter
09-26 16:49:11.516  4375  4560 I SecHAL  : device_write: before system call
09-26 16:49:11.516  4375  4560 I SecHAL  : device_write: after system call
09-26 16:49:11.516  4375  4560 D SecHAL  : data_trace:  Send(  4) 21 06 01   00 
09-26 16:49:11.516  4375  4560 I SecHAL  : device_write: exit
09-26 16:49:11.520  4375  4559 D SecHAL  : read_thread: Sent message to HAL message task, remind que: 2
09-26 16:49:11.520  4375  4560 D SecHAL  : nfc_hal_task: Got a event: HAL_EVT_READ(4)
09-26 16:49:11.520  4375  4560 D SecHAL  : nfc_hal_task: current state: SERVICE
09-26 16:49:11.520  4375  4560 D SecHAL  : data_trace:  Recv(  4) 41 06 01   00 
09-26 16:49:11.520  4375  4560 I SecHAL  : OSI_timer_start: enter,osi_lock
09-26 16:49:11.520  4375  4560 I SecHAL  : OSI_timer_start: before osi_unlock
09-26 16:49:11.520  4375  4560 I SecHAL  : OSI_timer_start: exit
09-26 16:49:11.520  4375  4560 I SecHAL  : nfc_data_callback: !
09-26 16:49:11.520  4375  4560 D NfcAdaptation: NfcAdaptation::HalDeviceContextDataCallback: len=4
09-26 16:49:11.520  4375  4506 I BrcmNfcNfa: NFC received rsp gid:1
09-26 16:49:11.520  4375  4506 I BrcmNfcNfa: p2p priority is running under bail out mode ONLY.
09-26 16:49:11.520  4375  4506 I BrcmNfcNfa: nfc_set_state 4 (IDLE)->4 (IDLE)
09-26 16:49:11.520  4375  4506 I BrcmNfcNfa: nfa_dm_disc_data_cback ()
09-26 16:49:11.520  4375  4506 I BrcmNfcNfa: nfa_dm_disc_discovery_cback (): event:0x4005
09-26 16:49:11.521  4375  4506 I BrcmNfcNfa: nfa_dm_disc_sm_execute (): state: DISCOVERY (1), event: DEACTIVATE_RSP(7) disc_flags: 0x22
09-26 16:49:11.521  4375  4506 I BrcmNfcNfa: nfa_dm_disc_new_state (): old_state: DISCOVERY (1), new_state: IDLE (0) disc_flags: 0x2
09-26 16:49:11.521  4375  4506 D BrcmNfcJni: nfaConnectionCallback: event= 31
09-26 16:49:11.521  4375  4506 D BrcmNfcJni: nfaConnectionCallback: NFA_RF_DISCOVERY_STOPPED_EVT: status = 0
09-26 16:49:11.521  4375  4506 I BrcmNfcNfa: nfa_dm_start_rf_discover ()
09-26 16:49:11.521  4375  4506 I BrcmNfcNfa: nfa_dm_disc_sm_execute (): new state: IDLE (0), disc_flags: 0x0
09-26 16:49:11.521  4375  5182 D BrcmNfcJni: stopPolling_rfDiscoveryDisabled: disable polling
09-26 16:49:11.521  4375  5182 I BrcmNfcNfa: NFA_DisablePolling ()
09-26 16:49:11.521  4375  4506 I BrcmNfcNfa: NFA got event 0x0107
09-26 16:49:11.521  4375  4506 I BrcmNfcNfa: nfa_dm_evt_hdlr event: NFA_DM_API_DISABLE_POLLING_EVT (0x07)
09-26 16:49:11.521  4375  4506 I BrcmNfcNfa: nfa_dm_act_disable_polling ()
09-26 16:49:11.521  4375  4506 I BrcmNfcNfa: nfa_dm_deactivate_polling ()
09-26 16:49:11.521  4375  4506 I BrcmNfcNfa: nfa_dm_delete_rf_discover () handle=0x1
09-26 16:49:11.521  4375  4506 D BrcmNfcJni: nfaConnectionCallback: event= 1
09-26 16:49:11.521  4375  4506 D BrcmNfcJni: nfaConnectionCallback: NFA_POLL_DISABLED_EVT: status = 0
09-26 16:49:11.522  4375  5182 D BrcmNfcJni: PeerToPeer::enableP2pListening: enter isEnable: 0  mIsP2pListening: 1
09-26 16:49:11.522  4375  5182 I BrcmNfcNfa: NFA_P2pSetListenTech (): tech_mask:0x0
09-26 16:49:11.522  4375  4506 I BrcmNfcNfa: NFA got event 0x010D
09-26 16:49:11.522  4375  4506 I BrcmNfcNfa: nfa_dm_evt_hdlr event: NFA_DM_API_SET_P2P_LISTEN_TECH_EVT (0x0d)
09-26 16:49:11.522  4375  4506 I BrcmNfcNfa: nfa_dm_set_p2p_listen_tech ()  tech_mask = 0
09-26 16:49:11.522  4375  4506 I BrcmNfcNfa: nfa_p2p_update_listen_tech ()  tech_mask = 0x0
09-26 16:49:11.522  4375  4506 I BrcmNfcNfa: nfa_dm_delete_rf_discover () handle=0x2
09-26 16:49:11.522  4375  4506 I BrcmNfcNfa: nfa_p2p_enable_listening () sys_id = 3, update_wks = 0
09-26 16:49:11.522  4375  4506 D BrcmNfcJni: nfaConnectionCallback: event= 33
09-26 16:49:11.522  4375  4506 D BrcmNfcJni: nfaConnectionCallback: NFA_SET_P2P_LISTEN_TECH_EVT
09-26 16:49:11.522  4375  5182 D BrcmNfcJni: PeerToPeer::enableP2pListening: exit; mIsP2pListening: 0
09-26 16:49:11.522  4375  5182 D BrcmNfcJni: PowerSwitch::setModeOff(deactivated=0x1) : mCurrActivity=0x0
09-26 16:49:11.522  4375  5182 D BrcmNfcJni: PowerSwitch::setLevel: level=PS-LOW-POWER (2)
09-26 16:49:11.523  4375  5182 D BrcmNfcJni: PowerSwitch::setLevel: actual power level=PS-FULL
09-26 16:49:11.523  4375  5182 D BrcmNfcJni: nfcManager_disableDiscovery: exit
09-26 16:49:11.606  3561  3577 I WindowManager: OverscanTimeout run
09-26 16:49:12.800  4375  5184 I SecHAL  : device_sleep: NFC can be going to sleep
09-26 16:49:16.189  3561  4440 I ActivityManager: Setting hasTopUi=true for pid=3732
09-26 16:49:16.281  3732  3732 D PhoneStatusBar: disable: < expand ICONS* alerts SYSTEM_INFO* back home recent clock search quick_settings >
09-26 16:49:16.394  3732  3902 D mali_winsys: EGLint new_window_surface(egl_winsys_display*, void*, EGLSurface, EGLConfig, egl_winsys_surface**, egl_color_buffer_format*, EGLBoolean) returns 0x3000,  [1440x2960]-format:1
09-26 16:49:16.396  3732  3732 W View    : requestLayout() improperly called by com.android.systemui.statusbar.ExpandableNotificationRow{6c85938 VFE...C.. ......ID 0,0-1440,517} during layout: running second layout pass
09-26 16:49:16.413  3732  3732 D PhoneStatusBar: disable: < expand ICONS alerts SYSTEM_INFO back HOME* RECENT* clock SEARCH* quick_settings >
09-26 16:50:51.796  3561  3633 I PowerManagerService: Waking up from dozing (uid 1000)...
09-26 16:50:51.796  3561  3561 V KeyguardServiceDelegate: onStartedWakingUp()
09-26 16:50:51.796  3561  3590 I DisplayPowerController: Blocking screen on until initial contents have been drawn.
09-26 16:50:51.797  3561  3590 V KeyguardServiceDelegate: onScreenTurnedOn(showListener = com.android.server.policy.PhoneWindowManager$2@31c2311)
09-26 16:50:51.803  3561  4436 D Sensors : M requested delay = 20000000, modified delay = 0
09-26 16:50:51.803  3561  4436 I Sensors : Proximity old sensor_state 0, new sensor_state : 128 en : 1
09-26 16:50:51.811  3561  3572 V KeyguardServiceDelegate: **** SHOWN CALLED ****
09-26 16:50:51.850  3561  3633 D PowerManagerService-JNI: Excessive delay in setInteractive(true) while turning screen on: 53ms
09-26 16:50:51.851  3561  3588 I DisplayManagerService: Display device changed state: "Pantalla integrada", ON
09-26 16:50:51.851  3176  3176 D SurfaceFlinger: Set power mode=2, type=0 flinger=0x7f8a448000
09-26 16:50:51.853  4835  4835 D audio_hw_primary_abox: device-adev_set_parameters: enter with key(screen_state=on)
09-26 16:50:51.853  4835  4835 D audio_hw_primary_abox: device-adev_set_parameters: exit
09-26 16:50:51.854  3561  3588 W LocalDisplayAdapter: Unable to find color mode 0, ignoring request.
09-26 16:50:51.864  3561  3612 I Sensors : ProximitySensor - 8(cm)
09-26 16:50:51.864  3561  3612 I Sensors : ProximitySensor TS_H - 69, RES - 296352743424
09-26 16:50:51.864  3561  3612 I Sensors : ProximitySensor TS_L - -958022040, RES - 299689688680
09-26 16:50:51.864  3561  3612 I Sensors : ProximitySensor Sync
09-26 16:50:51.874  3561  3577 I Sensors : Acc old sensor_state 128, new sensor_state : 129 en : 1
09-26 16:50:51.876  3561  3590 I DisplayPowerController: Unblocked screen on after 80 ms
09-26 16:50:51.876  3561  3590 V KeyguardServiceDelegate: onScreenTurnedOn()
09-26 16:50:51.877  3561  3590 I DreamManagerService: Gently waking up from dream.
09-26 16:50:51.879  3561  3863 I DreamManagerService: Leaving dreamland.
