09-12 19:37:46.856  3185  3185 I OMXMaster: makeComponentInstance(OMX.google.h263.decoder) in mediacodec process
09-12 19:37:46.857  3560  3560 D RttService: SCAN_AVAILABLE : 1
09-12 19:37:46.857  3560  3614 I WifiScanningService: wifi driver unloaded
09-12 19:37:46.858  3560  3560 D ZenLog  : set_zen_mode: off,cleanUpZenRules
09-12 19:37:46.858  3560  3615 D RttService: DefaultState got{ when=-1ms what=160513 target=com.android.internal.util.StateMachine$SmHandler }
09-12 19:37:46.866  3185  3230 E OMXNodeInstance: getExtensionIndex(c71000e:google.h263.decoder, OMX.google.android.index.configureVideoTunnelMode) ERROR: UnsupportedIndex(0x8000101a)
09-12 19:37:46.867  3185  3185 W OMXNodeInstance: [c71000e:google.h263.decoder] component does not support metadata mode; using fallback
09-12 19:37:46.868  3188  3188 I MediaPlayerService: MediaPlayerService::getOMX
09-12 19:37:46.870  3188  3188 I OMXClient: MuxOMX ctor
09-12 19:37:46.871  3185  3185 I OMXMaster: makeComponentInstance(OMX.google.h264.decoder) in mediacodec process
09-12 19:37:46.871  3853  3853 W System  : ClassLoader referenced unknown path: /system/priv-app/Settings/lib/arm64
09-12 19:37:46.883  3695  3700 I art     : Do full code cache collection, code=124KB, data=104KB
09-12 19:37:46.887  3560  3560 W System  : ClassLoader referenced unknown path: /system/priv-app/Telecom/lib/arm64
09-12 19:37:46.888  3560  3560 D ApplicationLoaders: ignored Vulkan layer search path /system/priv-app/Telecom/lib/arm64:/system/priv-app/Telecom/Telecom.apk!/lib/arm64-v8a:/system/lib64:/vendor/lib64 for namespace 0x7f999c5240
09-12 19:37:46.890  3188  3188 W ACodec  : [OMX.google.h264.decoder] stopping checking profiles after 32: 2/8000
09-12 19:37:46.890  3185  3230 E OMXNodeInstance: getExtensionIndex(c71000f:google.h264.decoder, OMX.google.android.index.configureVideoTunnelMode) ERROR: UnsupportedIndex(0x8000101a)
09-12 19:37:46.890  3185  3185 W OMXNodeInstance: [c71000f:google.h264.decoder] component does not support metadata mode; using fallback
09-12 19:37:46.891  3188  3188 I MediaPlayerService: MediaPlayerService::getOMX
09-12 19:37:46.892  3188  3188 I OMXClient: MuxOMX ctor
09-12 19:37:46.892  3185  3185 I OMXMaster: makeComponentInstance(OMX.google.hevc.decoder) in mediacodec process
09-12 19:37:46.900  3185  3185 E OMXNodeInstance: getExtensionIndex(c710010:google.hevc.decoder, OMX.google.android.index.configureVideoTunnelMode) ERROR: UnsupportedIndex(0x8000101a)
09-12 19:37:46.900  3185  3230 W OMXNodeInstance: [c710010:google.hevc.decoder] component does not support metadata mode; using fallback
09-12 19:37:46.901  3188  3188 I MediaPlayerService: MediaPlayerService::getOMX
09-12 19:37:46.901  3188  3188 I OMXClient: MuxOMX ctor
09-12 19:37:46.901  3185  3230 I OMXMaster: makeComponentInstance(OMX.google.vp8.decoder) in mediacodec process
09-12 19:37:46.920  3185  3185 E OMXNodeInstance: getExtensionIndex(c710011:google.vp8.decoder, OMX.google.android.index.configureVideoTunnelMode) ERROR: UnsupportedIndex(0x8000101a)
09-12 19:37:46.920  3185  3230 W OMXNodeInstance: [c710011:google.vp8.decoder] component does not support metadata mode; using fallback
09-12 19:37:46.922  3188  3188 I MediaPlayerService: MediaPlayerService::getOMX
09-12 19:37:46.922  3188  3188 I OMXClient: MuxOMX ctor
09-12 19:37:46.922  3185  3230 I OMXMaster: makeComponentInstance(OMX.google.vp9.decoder) in mediacodec process
09-12 19:37:46.925  3185  3230 E OMXNodeInstance: getExtensionIndex(c710012:google.vp9.decoder, OMX.google.android.index.configureVideoTunnelMode) ERROR: UnsupportedIndex(0x8000101a)
09-12 19:37:46.925  3185  3185 W OMXNodeInstance: [c710012:google.vp9.decoder] component does not support metadata mode; using fallback
09-12 19:37:46.926  3188  3188 I MediaPlayerService: MediaPlayerService::getOMX
09-12 19:37:46.926  3188  3188 I OMXClient: MuxOMX ctor
09-12 19:37:46.927  3185  3185 I OMXMaster: makeComponentInstance(OMX.google.h263.encoder) in mediacodec process
09-12 19:37:46.937  3560  3560 D BluetoothManagerService: Trying to bind to profile: 1, while Bluetooth was disabled
09-12 19:37:46.942  3560  3560 I Telecom : SystemStateProvider: Registering car mode receiver: android.content.IntentFilter@67dedd6: TS.init@AAA
09-12 19:37:46.947  3560  3883 I Telecom : Telecom: Non-call EVENT: AUDIO_ROUTE, Entering state QuiescentEarpieceRoute
09-12 19:37:46.948  3185  3185 I SoftMPEG4Encoder: Construct SoftMPEG4Encoder
09-12 19:37:46.949  3188  3188 W ACodec  : do not know color format 0x7f000789 = 2130708361
09-12 19:37:46.949  3185  3185 E OMXNodeInstance: getConfig(c710013:google.h263.encoder, ConfigAndroidIntraRefresh(0x6f60000a)) ERROR: Undefined(0x80001001)
09-12 19:37:46.950  3188  3188 I MediaPlayerService: MediaPlayerService::getOMX
09-12 19:37:46.950  3188  3188 I OMXClient: MuxOMX ctor
09-12 19:37:46.950  3185  3230 I OMXMaster: makeComponentInstance(OMX.google.h264.encoder) in mediacodec process
09-12 19:37:46.960  3560  3887 I Telecom : CallAudioModeStateMachine: Message received: null.: TS.init->CAMSM.pM_1@AAA_0
09-12 19:37:46.966  3695  3700 I art     : Starting a blocking GC JitCodeCache
09-12 19:37:46.966  3695  3700 I art     : After code cache collection, code=103KB, data=72KB
09-12 19:37:46.971  3695  3810 I vol.Events: writeEvent level_changed STREAM_ALARM 6
09-12 19:37:46.974  3695  3810 I vol.Events: writeEvent level_changed STREAM_BLUETOOTH_SCO 7
09-12 19:37:46.977  3695  3810 I vol.Events: writeEvent level_changed STREAM_MUSIC 11
09-12 19:37:46.981  3188  3188 W ACodec  : do not know color format 0x7f000789 = 2130708361
09-12 19:37:46.982  3695  3810 I vol.Events: writeEvent level_changed STREAM_RING 5
09-12 19:37:46.983  3188  3188 I MediaPlayerService: MediaPlayerService::getOMX
09-12 19:37:46.983  3188  3188 I OMXClient: MuxOMX ctor
09-12 19:37:46.983  3185  3230 I OMXMaster: makeComponentInstance(OMX.google.mpeg4.encoder) in mediacodec process
09-12 19:37:46.983  3695  3810 I vol.Events: writeEvent level_changed STREAM_SYSTEM 5
09-12 19:37:46.984  3185  3230 I SoftMPEG4Encoder: Construct SoftMPEG4Encoder
09-12 19:37:46.985  3837  3837 W System  : ClassLoader referenced unknown path: /system/priv-app/TelephonyProvider/lib/arm64
09-12 19:37:46.986  3837  3837 D ApplicationLoaders: ignored Vulkan layer search path /system/priv-app/TelephonyProvider/lib/arm64:/system/lib64:/vendor/lib64 for namespace 0x7f998940f0
09-12 19:37:46.986  3188  3188 W ACodec  : do not know color format 0x7f000789 = 2130708361
09-12 19:37:46.987  3185  3185 E OMXNodeInstance: getConfig(c710015:google.mpeg4.encoder, ConfigAndroidIntraRefresh(0x6f60000a)) ERROR: Undefined(0x80001001)
09-12 19:37:46.989  3188  3188 I MediaPlayerService: MediaPlayerService::getOMX
09-12 19:37:46.990  3695  3810 I vol.Events: writeEvent level_changed STREAM_VOICE_CALL 4
09-12 19:37:46.990  3188  3188 I OMXClient: MuxOMX ctor
09-12 19:37:46.991  3185  3185 I OMXMaster: makeComponentInstance(OMX.google.vp8.encoder) in mediacodec process
09-12 19:37:46.991  3560  3560 I Telecom : ViceNotificationImpl: ViceNotificationImpl: TS.init@AAA
09-12 19:37:46.995  3560  3894 E ActivityThread: Failed to find provider info for call_log
09-12 19:37:46.996  3560  3560 D BluetoothManagerService: Trying to bind to profile: 1, while Bluetooth was disabled
09-12 19:37:46.999  3560  3560 I Telecom : Class: TelecomSystem.INSTANCE being set
09-12 19:37:46.999  3560  3560 W ContextImpl: Calling a method in the system process without a qualified user: android.app.ContextImpl.startService:1357 android.content.ContextWrapper.startService:613 com.android.server.telecom.components.TelecomService.initializeTelecomSystem:196 com.android.server.telecom.components.TelecomService.onBind:64 android.app.ActivityThread.handleBindService:3243 
09-12 19:37:47.002  3188  3188 W ACodec  : do not know color format 0x7f000789 = 2130708361
09-12 19:37:47.002  3185  3230 E OMXNodeInstance: getConfig(c710016:google.vp8.encoder, ConfigAndroidIntraRefresh(0x6f60000a)) ERROR: Undefined(0x80001001)
09-12 19:37:47.009  3188  3188 I MediaPlayerService: MediaPlayerService::getOMX
09-12 19:37:47.009  3188  3188 I OMXClient: MuxOMX ctor
09-12 19:37:47.010  3185  3185 I OMXMaster: makeComponentInstance(OMX.google.mp3.decoder) in mediacodec process
09-12 19:37:47.019  3188  3188 I MediaPlayerService: MediaPlayerService::getOMX
09-12 19:37:47.019  3188  3188 I OMXClient: MuxOMX ctor
09-12 19:37:47.019  3185  3185 I OMXMaster: makeComponentInstance(OMX.google.amrnb.decoder) in mediacodec process
09-12 19:37:47.022  3188  3188 I MediaPlayerService: MediaPlayerService::getOMX
09-12 19:37:47.022  3188  3188 I OMXClient: MuxOMX ctor
09-12 19:37:47.022  3185  3185 I OMXMaster: makeComponentInstance(OMX.google.amrwb.decoder) in mediacodec process
09-12 19:37:47.023  3188  3188 I MediaPlayerService: MediaPlayerService::getOMX
09-12 19:37:47.024  3188  3188 I OMXClient: MuxOMX ctor
09-12 19:37:47.024  3185  3185 I OMXMaster: makeComponentInstance(OMX.google.aac.decoder) in mediacodec process
09-12 19:37:47.027  3188  3188 I MediaPlayerService: MediaPlayerService::getOMX
09-12 19:37:47.027  3188  3188 I OMXClient: MuxOMX ctor
09-12 19:37:47.027  3185  3185 I OMXMaster: makeComponentInstance(OMX.google.g711.alaw.decoder) in mediacodec process
09-12 19:37:47.028  3188  3188 I MediaPlayerService: MediaPlayerService::getOMX
09-12 19:37:47.029  3188  3188 I OMXClient: MuxOMX ctor
09-12 19:37:47.029  3185  3185 I OMXMaster: makeComponentInstance(OMX.google.g711.mlaw.decoder) in mediacodec process
09-12 19:37:47.030  3188  3188 I MediaPlayerService: MediaPlayerService::getOMX
09-12 19:37:47.030  3188  3188 I OMXClient: MuxOMX ctor
09-12 19:37:47.030  3185  3185 I OMXMaster: makeComponentInstance(OMX.google.vorbis.decoder) in mediacodec process
09-12 19:37:47.031  3188  3188 I MediaPlayerService: MediaPlayerService::getOMX
09-12 19:37:47.032  3188  3188 I OMXClient: MuxOMX ctor
09-12 19:37:47.032  3185  3185 I OMXMaster: makeComponentInstance(OMX.google.opus.decoder) in mediacodec process
09-12 19:37:47.033  3188  3188 I MediaPlayerService: MediaPlayerService::getOMX
09-12 19:37:47.033  3188  3188 I OMXClient: MuxOMX ctor
09-12 19:37:47.033  3185  3185 I OMXMaster: makeComponentInstance(OMX.google.raw.decoder) in mediacodec process
09-12 19:37:47.033  3560  3575 W WindowManager: Keyguard drawn timeout. Setting mKeyguardDrawComplete
09-12 19:37:47.034  3560  3581 W LocalDisplayAdapter: Unable to find color mode 0, ignoring request.
09-12 19:37:47.035  3188  3188 I MediaPlayerService: MediaPlayerService::getOMX
09-12 19:37:47.035  3188  3188 I OMXClient: MuxOMX ctor
09-12 19:37:47.035  3185  3185 I OMXMaster: makeComponentInstance(OMX.google.aac.encoder) in mediacodec process
09-12 19:37:47.039  3188  3188 I MediaPlayerService: MediaPlayerService::getOMX
09-12 19:37:47.039  3188  3188 I OMXClient: MuxOMX ctor
09-12 19:37:47.039  3185  3185 I OMXMaster: makeComponentInstance(OMX.google.amrnb.encoder) in mediacodec process
09-12 19:37:47.040  3560  3581 W LocalDisplayAdapter: Unable to find color mode 0, ignoring request.
09-12 19:37:47.042  3188  3188 I MediaPlayerService: MediaPlayerService::getOMX
09-12 19:37:47.042  3188  3188 I OMXClient: MuxOMX ctor
09-12 19:37:47.042  3185  3185 I OMXMaster: makeComponentInstance(OMX.google.amrwb.encoder) in mediacodec process
09-12 19:37:47.044  3188  3188 I MediaPlayerService: MediaPlayerService::getOMX
09-12 19:37:47.044  3188  3188 I OMXClient: MuxOMX ctor
09-12 19:37:47.044  3185  3185 I OMXMaster: makeComponentInstance(OMX.google.flac.encoder) in mediacodec process
09-12 19:37:47.054  3188  3188 I MediaPlayerService: MediaPlayerService::getOMX
09-12 19:37:47.055  3188  3188 I OMXClient: MuxOMX ctor
09-12 19:37:47.055  3185  3185 I OMXMaster: makeComponentInstance(OMX.google.gsm.decoder) in mediacodec process
09-12 19:37:47.071  3188  3188 I MediaPlayerService: MediaPlayerService::getOMX
09-12 19:37:47.071  3188  3188 I OMXClient: MuxOMX ctor
09-12 19:37:47.071  3185  3185 I OMXMaster: makeComponentInstance(OMX.ffmpeg.aac.decoder) in mediacodec process
09-12 19:37:47.071  3185  3185 V FFmpegOMXPlugin: makeComponentInstance 'OMX.ffmpeg.aac.decoder'
09-12 19:37:47.071  3185  3185 D SoftFFmpegAudio: SoftFFmpegAudio component: OMX.ffmpeg.aac.decoder mCodingType: 21
09-12 19:37:47.088  3185  3185 E OMXNodeInstance: getParameter(c710025:ffmpeg.aac.decoder, ??(0x6f400005)) ERROR: UnsupportedIndex(0x8000101a)
09-12 19:37:47.088  3188  3188 W ACodec  : component OMX.ffmpeg.aac.decoder doesn't support profile query.
09-12 19:37:47.088  3188  3188 I MediaPlayerService: MediaPlayerService::getOMX
09-12 19:37:47.088  3188  3188 I OMXClient: MuxOMX ctor
09-12 19:37:47.089  3185  3230 I OMXMaster: makeComponentInstance(OMX.ffmpeg.ac3.decoder) in mediacodec process
09-12 19:37:47.089  3185  3230 V FFmpegOMXPlugin: makeComponentInstance 'OMX.ffmpeg.ac3.decoder'
09-12 19:37:47.089  3185  3230 D SoftFFmpegAudio: SoftFFmpegAudio component: OMX.ffmpeg.ac3.decoder mCodingType: 2130706434
09-12 19:37:47.089  3188  3188 I MediaPlayerService: MediaPlayerService::getOMX
09-12 19:37:47.089  3188  3188 I OMXClient: MuxOMX ctor
09-12 19:37:47.089  3185  3230 I OMXMaster: makeComponentInstance(OMX.ffmpeg.alac.decoder) in mediacodec process
09-12 19:37:47.089  3185  3230 V FFmpegOMXPlugin: makeComponentInstance 'OMX.ffmpeg.alac.decoder'
09-12 19:37:47.090  3185  3230 D SoftFFmpegAudio: SoftFFmpegAudio component: OMX.ffmpeg.alac.decoder mCodingType: 2130706437
09-12 19:37:47.090  3188  3188 I MediaPlayerService: MediaPlayerService::getOMX
09-12 19:37:47.090  3188  3188 I OMXClient: MuxOMX ctor
09-12 19:37:47.090  3185  3230 I OMXMaster: makeComponentInstance(OMX.ffmpeg.ape.decoder) in mediacodec process
09-12 19:37:47.090  3185  3230 V FFmpegOMXPlugin: makeComponentInstance 'OMX.ffmpeg.ape.decoder'
09-12 19:37:47.091  3185  3230 D SoftFFmpegAudio: SoftFFmpegAudio component: OMX.ffmpeg.ape.decoder mCodingType: 2130706435
09-12 19:37:47.091  3188  3188 I MediaPlayerService: MediaPlayerService::getOMX
09-12 19:37:47.092  3188  3188 I OMXClient: MuxOMX ctor
09-12 19:37:47.092  3185  3230 I OMXMaster: makeComponentInstance(OMX.ffmpeg.atrial.decoder) in mediacodec process
09-12 19:37:47.092  3185  3230 V FFmpegOMXPlugin: makeComponentInstance 'OMX.ffmpeg.atrial.decoder'
09-12 19:37:47.092  3185  3230 D SoftFFmpegAudio: SoftFFmpegAudio component: OMX.ffmpeg.atrial.decoder mCodingType: 1
09-12 19:37:47.092  3188  3188 I MediaPlayerService: MediaPlayerService::getOMX
09-12 19:37:47.093  3188  3188 I OMXClient: MuxOMX ctor
09-12 19:37:47.093  3185  3230 I OMXMaster: makeComponentInstance(OMX.ffmpeg.dts.decoder) in mediacodec process
09-12 19:37:47.093  3185  3230 V FFmpegOMXPlugin: makeComponentInstance 'OMX.ffmpeg.dts.decoder'
09-12 19:37:47.093  3185  3230 D SoftFFmpegAudio: SoftFFmpegAudio component: OMX.ffmpeg.dts.decoder mCodingType: 2130706436
09-12 19:37:47.093  3188  3188 I MediaPlayerService: MediaPlayerService::getOMX
09-12 19:37:47.093  3188  3188 I OMXClient: MuxOMX ctor
09-12 19:37:47.094  3185  3230 I OMXMaster: makeComponentInstance(OMX.ffmpeg.flac.decoder) in mediacodec process
09-12 19:37:47.094  3185  3230 V FFmpegOMXPlugin: makeComponentInstance 'OMX.ffmpeg.flac.decoder'
09-12 19:37:47.094  3185  3230 D SoftFFmpegAudio: SoftFFmpegAudio component: OMX.ffmpeg.flac.decoder mCodingType: 28
09-12 19:37:47.094  3188  3188 I MediaPlayerService: MediaPlayerService::getOMX
09-12 19:37:47.094  3188  3188 I OMXClient: MuxOMX ctor
09-12 19:37:47.094  3185  3230 I OMXMaster: makeComponentInstance(OMX.ffmpeg.mp2.decoder) in mediacodec process
09-12 19:37:47.094  3185  3230 V FFmpegOMXPlugin: makeComponentInstance 'OMX.ffmpeg.mp2.decoder'
09-12 19:37:47.095  3185  3230 D SoftFFmpegAudio: SoftFFmpegAudio component: OMX.ffmpeg.mp2.decoder mCodingType: 2130706433
09-12 19:37:47.095  3188  3188 I MediaPlayerService: MediaPlayerService::getOMX
09-12 19:37:47.095  3188  3188 I OMXClient: MuxOMX ctor
09-12 19:37:47.095  3185  3230 I OMXMaster: makeComponentInstance(OMX.ffmpeg.ra.decoder) in mediacodec process
09-12 19:37:47.095  3185  3230 V FFmpegOMXPlugin: makeComponentInstance 'OMX.ffmpeg.ra.decoder'
09-12 19:37:47.095  3185  3230 D SoftFFmpegAudio: SoftFFmpegAudio component: OMX.ffmpeg.ra.decoder mCodingType: 26
09-12 19:37:47.096  3188  3188 I MediaPlayerService: MediaPlayerService::getOMX
09-12 19:37:47.096  3188  3188 I OMXClient: MuxOMX ctor
09-12 19:37:47.096  3185  3230 I OMXMaster: makeComponentInstance(OMX.ffmpeg.wma.decoder) in mediacodec process
09-12 19:37:47.096  3185  3230 V FFmpegOMXPlugin: makeComponentInstance 'OMX.ffmpeg.wma.decoder'
09-12 19:37:47.096  3185  3230 D SoftFFmpegAudio: SoftFFmpegAudio component: OMX.ffmpeg.wma.decoder mCodingType: 25
09-12 19:37:47.097  3188  3188 I MediaPlayerService: MediaPlayerService::getOMX
09-12 19:37:47.097  3188  3188 I OMXClient: MuxOMX ctor
09-12 19:37:47.097  3185  3230 I OMXMaster: makeComponentInstance(OMX.ffmpeg.divx.decoder) in mediacodec process
09-12 19:37:47.097  3185  3230 V FFmpegOMXPlugin: makeComponentInstance 'OMX.ffmpeg.divx.decoder'
09-12 19:37:47.097  3185  3230 D SoftFFmpegVideo: SoftFFmpegVideo component: OMX.ffmpeg.divx.decoder codingType=2130706435 appData: 0xf67b2000
09-12 19:37:47.097  3185  3185 E OMXNodeInstance: getExtensionIndex(c71002f:ffmpeg.divx.decoder, OMX.google.android.index.configureVideoTunnelMode) ERROR: UnsupportedIndex(0x8000101a)
09-12 19:37:47.098  3185  3230 W OMXNodeInstance: [c71002f:ffmpeg.divx.decoder] component does not support metadata mode; using fallback
09-12 19:37:47.098  3188  3188 I MediaPlayerService: MediaPlayerService::getOMX
09-12 19:37:47.098  3188  3188 I OMXClient: MuxOMX ctor
09-12 19:37:47.098  3185  3230 I OMXMaster: makeComponentInstance(OMX.ffmpeg.flv1.decoder) in mediacodec process
09-12 19:37:47.098  3185  3230 V FFmpegOMXPlugin: makeComponentInstance 'OMX.ffmpeg.flv1.decoder'
09-12 19:37:47.098  3185  3230 D SoftFFmpegVideo: SoftFFmpegVideo component: OMX.ffmpeg.flv1.decoder codingType=2130706434 appData: 0xf67b2000
09-12 19:37:47.099  3185  3185 E OMXNodeInstance: getExtensionIndex(c710030:ffmpeg.flv1.decoder, OMX.google.android.index.configureVideoTunnelMode) ERROR: UnsupportedIndex(0x8000101a)
09-12 19:37:47.099  3185  3230 W OMXNodeInstance: [c710030:ffmpeg.flv1.decoder] component does not support metadata mode; using fallback
09-12 19:37:47.099  3188  3188 I MediaPlayerService: MediaPlayerService::getOMX
09-12 19:37:47.099  3188  3188 I OMXClient: MuxOMX ctor
09-12 19:37:47.099  3185  3230 I OMXMaster: makeComponentInstance(OMX.ffmpeg.mpeg2.decoder) in mediacodec process
09-12 19:37:47.099  3185  3230 V FFmpegOMXPlugin: makeComponentInstance 'OMX.ffmpeg.mpeg2.decoder'
09-12 19:37:47.099  3185  3230 D SoftFFmpegVideo: SoftFFmpegVideo component: OMX.ffmpeg.mpeg2.decoder codingType=2 appData: 0xf67b2000
09-12 19:37:47.100  3185  3185 E OMXNodeInstance: getExtensionIndex(c710031:ffmpeg.mpeg2.decoder, OMX.google.android.index.configureVideoTunnelMode) ERROR: UnsupportedIndex(0x8000101a)
09-12 19:37:47.100  3185  3230 W OMXNodeInstance: [c710031:ffmpeg.mpeg2.decoder] component does not support metadata mode; using fallback
09-12 19:37:47.100  3188  3188 I MediaPlayerService: MediaPlayerService::getOMX
09-12 19:37:47.100  3188  3188 I OMXClient: MuxOMX ctor
09-12 19:37:47.100  3185  3230 I OMXMaster: makeComponentInstance(OMX.ffmpeg.mpeg4.decoder) in mediacodec process
09-12 19:37:47.100  3185  3230 V FFmpegOMXPlugin: makeComponentInstance 'OMX.ffmpeg.mpeg4.decoder'
09-12 19:37:47.100  3185  3230 D SoftFFmpegVideo: SoftFFmpegVideo component: OMX.ffmpeg.mpeg4.decoder codingType=4 appData: 0xf67b2000
09-12 19:37:47.101  3185  3185 E OMXNodeInstance: getExtensionIndex(c710032:ffmpeg.mpeg4.decoder, OMX.google.android.index.configureVideoTunnelMode) ERROR: UnsupportedIndex(0x8000101a)
09-12 19:37:47.101  3185  3230 W OMXNodeInstance: [c710032:ffmpeg.mpeg4.decoder] component does not support metadata mode; using fallback
09-12 19:37:47.101  3188  3188 I MediaPlayerService: MediaPlayerService::getOMX
09-12 19:37:47.101  3188  3188 I OMXClient: MuxOMX ctor
09-12 19:37:47.101  3185  3230 I OMXMaster: makeComponentInstance(OMX.ffmpeg.rv.decoder) in mediacodec process
09-12 19:37:47.101  3185  3230 V FFmpegOMXPlugin: makeComponentInstance 'OMX.ffmpeg.rv.decoder'
09-12 19:37:47.102  3185  3230 D SoftFFmpegVideo: SoftFFmpegVideo component: OMX.ffmpeg.rv.decoder codingType=6 appData: 0xf67b2000
09-12 19:37:47.102  3185  3185 E OMXNodeInstance: getExtensionIndex(c710033:ffmpeg.rv.decoder, OMX.google.android.index.configureVideoTunnelMode) ERROR: UnsupportedIndex(0x8000101a)
09-12 19:37:47.102  3185  3230 W OMXNodeInstance: [c710033:ffmpeg.rv.decoder] component does not support metadata mode; using fallback
09-12 19:37:47.102  3188  3188 I MediaPlayerService: MediaPlayerService::getOMX
09-12 19:37:47.102  3188  3188 I OMXClient: MuxOMX ctor
09-12 19:37:47.103  3185  3230 I OMXMaster: makeComponentInstance(OMX.ffmpeg.vc1.decoder) in mediacodec process
09-12 19:37:47.103  3185  3230 V FFmpegOMXPlugin: makeComponentInstance 'OMX.ffmpeg.vc1.decoder'
09-12 19:37:47.103  3185  3230 D SoftFFmpegVideo: SoftFFmpegVideo component: OMX.ffmpeg.vc1.decoder codingType=2130706433 appData: 0xf67b2000
09-12 19:37:47.103  3185  3185 E OMXNodeInstance: getExtensionIndex(c710034:ffmpeg.vc1.decoder, OMX.google.android.index.configureVideoTunnelMode) ERROR: UnsupportedIndex(0x8000101a)
09-12 19:37:47.103  3185  3230 W OMXNodeInstance: [c710034:ffmpeg.vc1.decoder] component does not support metadata mode; using fallback
09-12 19:37:47.103  3188  3188 I MediaPlayerService: MediaPlayerService::getOMX
09-12 19:37:47.103  3188  3188 I OMXClient: MuxOMX ctor
09-12 19:37:47.104  3185  3230 I OMXMaster: makeComponentInstance(OMX.ffmpeg.vtrial.decoder) in mediacodec process
09-12 19:37:47.104  3185  3230 V FFmpegOMXPlugin: makeComponentInstance 'OMX.ffmpeg.vtrial.decoder'
09-12 19:37:47.104  3185  3230 D SoftFFmpegVideo: SoftFFmpegVideo component: OMX.ffmpeg.vtrial.decoder codingType=1 appData: 0xf67b2000
09-12 19:37:47.104  3185  3185 E OMXNodeInstance: getExtensionIndex(c710035:ffmpeg.vtrial.decoder, OMX.google.android.index.configureVideoTunnelMode) ERROR: UnsupportedIndex(0x8000101a)
09-12 19:37:47.104  3185  3230 W OMXNodeInstance: [c710035:ffmpeg.vtrial.decoder] component does not support metadata mode; using fallback
09-12 19:37:47.105  3188  3188 I MediaPlayerService: MediaPlayerService::getOMX
09-12 19:37:47.105  3188  3188 I OMXClient: MuxOMX ctor
09-12 19:37:47.105  3185  3230 I OMXMaster: makeComponentInstance(OMX.ffmpeg.wmv.decoder) in mediacodec process
09-12 19:37:47.105  3185  3230 V FFmpegOMXPlugin: makeComponentInstance 'OMX.ffmpeg.wmv.decoder'
09-12 19:37:47.105  3185  3230 D SoftFFmpegVideo: SoftFFmpegVideo component: OMX.ffmpeg.wmv.decoder codingType=5 appData: 0xf67b2000
09-12 19:37:47.105  3185  3185 E OMXNodeInstance: getExtensionIndex(c710036:ffmpeg.wmv.decoder, OMX.google.android.index.configureVideoTunnelMode) ERROR: UnsupportedIndex(0x8000101a)
09-12 19:37:47.105  3185  3230 W OMXNodeInstance: [c710036:ffmpeg.wmv.decoder] component does not support metadata mode; using fallback
09-12 19:37:47.107  3188  3188 I MediaPlayerService: MediaPlayerService::getOMX
09-12 19:37:47.108  3188  3188 I OMXClient: MuxOMX ctor
09-12 19:37:47.108  3188  3188 W MediaCodecList: unable to open media codecs configuration xml file: /etc/media_codecs_performance.xml
09-12 19:37:47.108  3188  3188 I MediaPlayerService: MediaPlayerService::getOMX
09-12 19:37:47.108  3188  3188 I OMXClient: MuxOMX ctor
09-12 19:37:47.112  3188  3188 W MediaCodecList: unable to open media codecs configuration xml file: /data/misc/media/media_codecs_profiling_results.xml
09-12 19:37:47.113  3188  3188 I MediaPlayerService: MediaPlayerService::getOMX
09-12 19:37:47.113  3188  3251 I MediaPlayerService: MediaPlayerService::getOMX
09-12 19:37:47.113  3560  3723 I OMXClient: MuxOMX ctor
09-12 19:37:47.114  3695  3787 I OMXClient: MuxOMX ctor
09-12 19:37:47.114  3185  3230 I OMXMaster: makeComponentInstance(OMX.google.vorbis.decoder) in mediacodec process
09-12 19:37:47.114  3185  3185 I OMXMaster: makeComponentInstance(OMX.google.vorbis.decoder) in mediacodec process
09-12 19:37:47.142  3188  3188 I MediaPlayerService: MediaPlayerService::getOMX
09-12 19:37:47.143  3560  3968 I OMXClient: MuxOMX ctor
09-12 19:37:47.144  3185  3230 I OMXMaster: makeComponentInstance(OMX.google.vorbis.decoder) in mediacodec process
09-12 19:37:47.145  3560  3560 W System  : ClassLoader referenced unknown path: /system/priv-app/FusedLocation/lib/arm64
09-12 19:37:47.146  3560  3560 D ApplicationLoaders: ignored Vulkan layer search path /system/priv-app/FusedLocation/lib/arm64:/system/priv-app/FusedLocation/FusedLocation.apk!/lib/arm64-v8a:/system/lib64:/vendor/lib64 for namespace 0x7f999c52b0
09-12 19:37:47.148  3188  3251 I MediaPlayerService: MediaPlayerService::getOMX
09-12 19:37:47.148  3695  3971 I OMXClient: MuxOMX ctor
09-12 19:37:47.149  3185  3185 I OMXMaster: makeComponentInstance(OMX.google.vorbis.decoder) in mediacodec process
09-12 19:37:47.156  3560  3560 D GpsNetInitiatedHandler: location enabled :false
09-12 19:37:47.156  3560  3560 V WiredAccessoryManager: init()
09-12 19:37:47.175  3837  3837 D TelephonyProvider: dbh.onOpen: ok, queried table=siminfo
09-12 19:37:47.176  3837  3837 D TelephonyProvider: dbh.onOpen: ok, queried table=carriers
09-12 19:37:47.188  3695  3695 D StorageNotification: Notifying about private volume: VolumeInfo{private}:
09-12 19:37:47.188  3695  3695 D StorageNotification:     type=PRIVATE diskId=null partGuid=null mountFlags=0 mountUserId=-1 
09-12 19:37:47.188  3695  3695 D StorageNotification:     state=MOUNTED 
09-12 19:37:47.188  3695  3695 D StorageNotification:     fsType=null fsUuid=null fsLabel=null 
09-12 19:37:47.188  3695  3695 D StorageNotification:     path=/data internalPath=null 
09-12 19:37:47.191  3695  3695 D StorageNotification: Notifying about public volume: VolumeInfo{public:179_1}:
09-12 19:37:47.191  3695  3695 D StorageNotification:     type=PUBLIC diskId=disk:179_0 partGuid=null mountFlags=0 mountUserId=0 
09-12 19:37:47.191  3695  3695 D StorageNotification:     state=MOUNTED 
09-12 19:37:47.191  3695  3695 D StorageNotification:     fsType=vfat fsUuid=4753-1B02 fsLabel=sdcard 
09-12 19:37:47.191  3695  3695 D StorageNotification:     path=/mnt/media_rw/4753-1B02 internalPath=/mnt/media_rw/4753-1B02 
09-12 19:37:47.193  3188  3805 I MediaPlayerService: MediaPlayerService::getOMX
09-12 19:37:47.195  3560  3978 I OMXClient: MuxOMX ctor
09-12 19:37:47.196  3185  3230 I OMXMaster: makeComponentInstance(OMX.google.vorbis.decoder) in mediacodec process
09-12 19:37:47.200  3188  3794 I MediaPlayerService: MediaPlayerService::getOMX
09-12 19:37:47.203  3695  3981 I OMXClient: MuxOMX ctor
09-12 19:37:47.207  3185  3961 I OMXMaster: makeComponentInstance(OMX.google.vorbis.decoder) in mediacodec process
09-12 19:37:47.218  3837  3837 W System  : ClassLoader referenced unknown path: /system/framework/qti-telephony-common.jar
09-12 19:37:47.219  3837  3837 W System.err: java.lang.ClassNotFoundException: com.qualcomm.qti.internal.telephony.QtiTelephonyComponentFactory
09-12 19:37:47.220  3837  3837 W System.err: 	at java.lang.Class.classForName(Native Method)
09-12 19:37:47.220  3837  3837 W System.err: 	at java.lang.Class.forName(Class.java:400)
09-12 19:37:47.220  3837  3837 W System.err: 	at com.android.internal.telephony.TelephonyComponentFactory.getInstance(TelephonyComponentFactory.java:71)
09-12 19:37:47.220  3837  3837 W System.err: 	at com.android.internal.telephony.PhoneFactory.makeDefaultPhone(PhoneFactory.java:133)
09-12 19:37:47.220  3837  3837 W System.err: 	at com.android.internal.telephony.PhoneFactory.makeDefaultPhones(PhoneFactory.java:91)
09-12 19:37:47.220  3837  3837 W System.err: 	at com.android.phone.PhoneGlobals.onCreate(PhoneGlobals.java:282)
09-12 19:37:47.220  3837  3837 W System.err: 	at com.android.phone.PhoneApp.onCreate(PhoneApp.java:41)
09-12 19:37:47.220  3837  3837 W System.err: 	at android.app.Instrumentation.callApplicationOnCreate(Instrumentation.java:1025)
09-12 19:37:47.220  3837  3837 W System.err: 	at android.app.ActivityThread.handleBindApplication(ActivityThread.java:5448)
09-12 19:37:47.220  3837  3837 W System.err: 	at android.app.ActivityThread.-wrap2(ActivityThread.java)
09-12 19:37:47.220  3837  3837 W System.err: 	at android.app.ActivityThread$H.handleMessage(ActivityThread.java:1564)
09-12 19:37:47.220  3837  3837 W System.err: 	at android.os.Handler.dispatchMessage(Handler.java:102)
09-12 19:37:47.220  3837  3837 W System.err: 	at android.os.Looper.loop(Looper.java:154)
09-12 19:37:47.220  3837  3837 W System.err: 	at android.app.ActivityThread.main(ActivityThread.java:6186)
09-12 19:37:47.220  3837  3837 W System.err: 	at java.lang.reflect.Method.invoke(Native Method)
09-12 19:37:47.220  3837  3837 W System.err: 	at com.android.internal.os.ZygoteInit$MethodAndArgsCaller.run(ZygoteInit.java:889)
09-12 19:37:47.220  3837  3837 W System.err: 	at com.android.internal.os.ZygoteInit.main(ZygoteInit.java:779)
09-12 19:37:47.221  3837  3837 W System.err: Caused by: java.lang.ClassNotFoundException: Didn't find class "com.qualcomm.qti.internal.telephony.QtiTelephonyComponentFactory" on path: DexPathList[[],nativeLibraryDirectories=[/system/lib64, /vendor/lib64]]
09-12 19:37:47.221  3837  3837 W System.err: 	at dalvik.system.BaseDexClassLoader.findClass(BaseDexClassLoader.java:56)
09-12 19:37:47.221  3837  3837 W System.err: 	at java.lang.ClassLoader.loadClass(ClassLoader.java:380)
09-12 19:37:47.221  3837  3837 W System.err: 	at java.lang.ClassLoader.loadClass(ClassLoader.java:312)
09-12 19:37:47.221  3837  3837 W System.err: 	... 17 more
09-12 19:37:47.234  3188  3774 I MediaPlayerService: MediaPlayerService::getOMX
09-12 19:37:47.234  3560  3988 I OMXClient: MuxOMX ctor
09-12 19:37:47.235  3185  3185 I OMXMaster: makeComponentInstance(OMX.google.vorbis.decoder) in mediacodec process
09-12 19:37:47.253  3853  3983 I OpenGLRenderer: Initialized EGL, version 1.4
09-12 19:37:47.253  3853  3983 D OpenGLRenderer: Swap behavior 1
09-12 19:37:47.267  3853  3983 D mali_winsys: EGLint new_window_surface(egl_winsys_display*, void*, EGLSurface, EGLConfig, egl_winsys_surface**, egl_color_buffer_format*, EGLBoolean) returns 0x3000,  [1440x2960]-format:1
09-12 19:37:47.288  3188  3251 I MediaPlayerService: MediaPlayerService::getOMX
09-12 19:37:47.290  3560  4006 I OMXClient: MuxOMX ctor
09-12 19:37:47.291  3185  3962 I OMXMaster: makeComponentInstance(OMX.google.vorbis.decoder) in mediacodec process
09-12 19:37:47.307  3560  3581 I ActivityManager: Displayed com.android.settings/.FallbackHome: +563ms
09-12 19:37:47.309  3560  3575 V KeyguardServiceDelegate: *** Keyguard connected (yay!)
09-12 19:37:47.309  3560  3574 V KeyguardServiceDelegate: *** Keyguard started
09-12 19:37:47.309  3560  3574 W KeyguardServiceDelegate: onScreenTurningOn(): no keyguard service!
09-12 19:37:47.325  3560  3709 D CryptdConnector: SND -> {3 cryptfs getpw}
09-12 19:37:47.327  3075  3144 D VoldCryptCmdListener: cryptfs getpw
09-12 19:37:47.328  3560  3605 D CryptdConnector: RCV <- {200 3 -1}
09-12 19:37:47.333  3560  3560 E CMHardwareService: Vibrator is not supported
09-12 19:37:47.334  3560  3709 D CryptdConnector: SND -> {4 cryptfs clearpw}
09-12 19:37:47.337  3560  3560 E CMHardwareService: Vibrator is not supported
09-12 19:37:47.337  3075  3144 D VoldCryptCmdListener: cryptfs clearpw
09-12 19:37:47.338  3560  3605 D CryptdConnector: RCV <- {200 4 0}
09-12 19:37:47.348  3560  3560 I BrokerableCMSystemService: Implementation service connected
09-12 19:37:47.348  3560  3560 D ConditionProviders.SCP: onSubscribe condition://android/schedule?days=1.2.3.4.5&start=22.0&end=7.0&exitAtAlarm=false
09-12 19:37:47.350  3560  3560 D ConditionProviders.SCP: setRegistered true
09-12 19:37:47.351  3560  3560 D ConditionProviders.SCP: notifyCondition condition://android/schedule?days=1.2.3.4.5&start=22.0&end=7.0&exitAtAlarm=false STATE_FALSE reason=!meetsSchedule
09-12 19:37:47.353  3165  3677 I SurfaceFlinger: Boot is finished (11814 ms)
09-12 19:37:47.354  3560  3560 D ConditionProviders.SCP: Scheduling evaluate for Tue Sep 12 22:00:00 GMT-03:00 2017 (1505264400000), in +2h22m12s650ms, now=Tue Sep 12 19:37:47 GMT-03:00 2017 (1505255867350)
09-12 19:37:47.355  3560  3560 D ConditionProviders.SCP: onSubscribe condition://android/schedule?days=6.7&start=23.30&end=10.0&exitAtAlarm=false
09-12 19:37:47.356  3560  3560 D ConditionProviders.SCP: notifyCondition condition://android/schedule?days=6.7&start=23.30&end=10.0&exitAtAlarm=false STATE_FALSE reason=!meetsSchedule
09-12 19:37:47.358  3560  3560 D ConditionProviders.SCP: notifyCondition condition://android/schedule?days=1.2.3.4.5&start=22.0&end=7.0&exitAtAlarm=false STATE_FALSE reason=!meetsSchedule
09-12 19:37:47.360  3560  3560 D ConditionProviders.SCP: Scheduling evaluate for Tue Sep 12 22:00:00 GMT-03:00 2017 (1505264400000), in +2h22m12s644ms, now=Tue Sep 12 19:37:47 GMT-03:00 2017 (1505255867356)
09-12 19:37:47.362  3560  3560 I Telecom : WiredHeadsetManager: ACTION_HEADSET_PLUG event, plugged in: false, : WHC.oADA@AAE
09-12 19:37:47.367  3560  3560 I ActivityManager: user 0 is still locked. Cannot load recents
09-12 19:37:47.370  3560  3622 E ActivityThread: Failed to find provider info for com.android.calendar
09-12 19:37:47.372  3560  3622 E ActivityThread: Failed to find provider info for com.android.calendar
09-12 19:37:47.378  3188  3794 I MediaPlayerService: MediaPlayerService::getOMX
09-12 19:37:47.379  3560  4016 I OMXClient: MuxOMX ctor
09-12 19:37:47.379  3185  3185 I OMXMaster: makeComponentInstance(OMX.google.vorbis.decoder) in mediacodec process
09-12 19:37:47.405  3560  3710 I StatusBarManagerService: registerStatusBar bar=com.android.internal.statusbar.IStatusBar$Stub$Proxy@b588d25
09-12 19:37:47.412  3560  3621 D NotificationSQLiteLog: Pruned event entries: 0
09-12 19:37:47.422  3560  3574 I ActivityManager: Start proc 4024:com.android.cellbroadcastreceiver/u0a7 for broadcast com.android.cellbroadcastreceiver/.CellBroadcastReceiver
09-12 19:37:47.430  3560  3612 D wifi    : set interface wlan0 flags (UP)
09-12 19:37:47.430  3560  3612 I WifiHAL : Initializing wifi
09-12 19:37:47.430  3560  3612 I WifiHAL : Creating socket
09-12 19:37:47.431  4040  4040 I init    : type=1400 audit(0.0:172): avc: denied { create } for name="wpa_wlan0" scontext=u:r:init:s0 tcontext=u:object_r:socket_device:s0 tclass=sock_file permissive=1
09-12 19:37:47.431  4040  4040 W init    : type=1300 audit(0.0:172): arch=c00000b7 syscall=200 success=yes exit=0 a0=9 a1=7ffb394b78 a2=6e a3=11 items=0 ppid=1 auid=4294967295 uid=0 gid=0 euid=0 suid=0 fsuid=0 egid=0 sgid=0 fsgid=0 tty=(none) ses=4294967295 exe="/init" subj=u:r:init:s0 key=(null)
09-12 19:37:47.431  3083  3083 W auditd  : type=1327 audit(0.0:172): proctitle=2F696E6974002D2D7365636F6E642D7374616765
09-12 19:37:47.431  3083  3083 W auditd  : type=1320 audit(0.0:172): 
09-12 19:37:47.431  4040  4040 I init    : type=1400 audit(0.0:173): avc: denied { setattr } for name="wpa_wlan0" dev="tmpfs" ino=27654 scontext=u:r:init:s0 tcontext=u:object_r:socket_device:s0 tclass=sock_file permissive=1
09-12 19:37:47.431  4040  4040 W init    : type=1300 audit(0.0:173): arch=c00000b7 syscall=54 success=yes exit=0 a0=ffffff9c a1=7ffb394b7a a2=3f2 a3=3f2 items=0 ppid=1 auid=4294967295 uid=0 gid=0 euid=0 suid=0 fsuid=0 egid=0 sgid=0 fsgid=0 tty=(none) ses=4294967295 exe="/init" subj=u:r:init:s0 key=(null)
09-12 19:37:47.431  3083  3083 W auditd  : type=1327 audit(0.0:173): proctitle=2F696E6974002D2D7365636F6E642D7374616765
09-12 19:37:47.431  3083  3083 W auditd  : type=1320 audit(0.0:173): 
09-12 19:37:47.431  3560  3612 I WifiHAL : Initialized Wifi HAL Successfully; vendor cmd = 103
09-12 19:37:47.431  3560  3612 D wifi    : Did set static halHandle = 0x7f7af42ce0
09-12 19:37:47.431  3560  3612 D wifi    : halHandle = 0x7f7af42ce0, mVM = 0x7f95ae7000, mCls = 0x100d06
09-12 19:37:47.431  3560  3612 D wifi    : array field set
09-12 19:37:47.432  3560  4039 I WifiNative-HAL: Waiting for HAL events mWifiHalHandle=547523669216
09-12 19:37:47.432  3560  4039 D wifi    : waitForHalEvents called, vm = 0x7f95ae7000, obj = 0x100d06, env = 0x7f78b51cc0
09-12 19:37:47.445  3560  3607 W ConnectivityExtension: ConnectivityExt jar file not present
09-12 19:37:47.459  4024  4024 W System  : ClassLoader referenced unknown path: /system/priv-app/CellBroadcastReceiver/lib/arm64
09-12 19:37:47.465  4040  4040 I wpa_supplicant: Successfully initialized wpa_supplicant
09-12 19:37:47.473  4040  4040 I wpa_supplicant: rfkill: Cannot open RFKILL control device
09-12 19:37:47.511  3695  3700 I art     : Do partial code cache collection, code=124KB, data=104KB
09-12 19:37:47.511  3695  3700 I art     : After code cache collection, code=122KB, data=102KB
09-12 19:37:47.511  3695  3700 I art     : Increasing code cache capacity to 512KB
09-12 19:37:47.526  4024  4024 D CellBroadcastReceiver: onReceive Intent { act=android.intent.action.SIM_STATE_CHANGED flg=0x4000010 cmp=com.android.cellbroadcastreceiver/.CellBroadcastReceiver (has extras) }
09-12 19:37:47.531  3612  3612 I WifiStateMachin: type=1400 audit(0.0:174): avc: denied { write } for name="wpa_wlan0" dev="tmpfs" ino=27654 scontext=u:r:system_server:s0 tcontext=u:object_r:socket_device:s0 tclass=sock_file permissive=1
09-12 19:37:47.531  3612  3612 W WifiStateMachin: type=1300 audit(0.0:174): arch=c00000b7 syscall=203 success=yes exit=0 a0=cf a1=7f78fd5988 a2=18 a3=7f990011f0 items=0 ppid=3179 auid=4294967295 uid=1000 gid=1000 euid=1000 suid=1000 fsuid=1000 egid=1000 sgid=1000 fsgid=1000 tty=(none) ses=4294967295 exe="/system/bin/app_process64" subj=u:r:system_server:s0 key=(null)
09-12 19:37:47.531  3083  3083 W auditd  : type=1327 audit(0.0:174): proctitle="system_server"
09-12 19:37:47.531  3083  3083 W auditd  : type=1320 audit(0.0:174): 
09-12 19:37:47.533  3560  3612 D WifiMonitor: startMonitoring(wlan0) with mConnected = false
09-12 19:37:47.548  3560  3612 D WifiConfigManager: Loading config and enabling all networks 
09-12 19:37:47.554  3837  3842 I art     : Do partial code cache collection, code=30KB, data=28KB
09-12 19:37:47.554  3837  3842 I art     : After code cache collection, code=30KB, data=28KB
09-12 19:37:47.554  3837  3842 I art     : Increasing code cache capacity to 128KB
09-12 19:37:47.570  3560  3612 W WifiNetworkHistory: Upgrading network 0 to android.uid.system:1000
09-12 19:37:47.574  3560  3612 D WifiConfigManager: loaded 0 passpoint configs
09-12 19:37:47.593  3560  3612 D WifiNative-HAL: Setting external_sim to 1
09-12 19:37:47.595  3560  3612 D wifi    : setting dfs flag to true, 0x7f95adef40
09-12 19:37:47.595  3560  3612 D WifiStateMachine: Setting OUI to DA-A1-19
09-12 19:37:47.595  3560  3612 D wifi    : setting scan oui 0x7f95adef40
09-12 19:37:47.595  3560  3612 D WifiHAL : Sending mac address OUI
09-12 19:37:47.609  3560  3612 I WifiConnectivityManager: PNO settings: min5GHzRssi -82 min24GHzRssi -85 currentConnectionBonus 16 sameNetworkBonus 24 secureNetworkBonus 80 initialScoreMax 100
09-12 19:37:47.609  3560  3612 I WifiConnectivityManager: ConnectivityScanManager initialized and disabled
09-12 19:37:47.609  3560  3612 I WifiConnectivityManager: setUntrustedConnectionAllowed: allowed=false
09-12 19:37:47.609  3560  3612 D wifi    : android_net_wifi_get_firmware_version = 0x7f95adef40
09-12 19:37:47.609  3560  3612 E WifiHAL : Failed to register debug response; result = -95
09-12 19:37:47.610  3560  3612 E wifi    : Fail to get Firmware version
09-12 19:37:47.610  3560  3612 D wifi    : android_net_wifi_get_driver_version = 0x7f95adef40
09-12 19:37:47.610  3560  3612 E WifiHAL : Failed to register debug response; result = -95
09-12 19:37:47.610  3560  3612 E wifi    : Fail to get driver version
09-12 19:37:47.610  3560  3612 D wifi    : android_net_wifi_set_log_handler = 0x7f95adef40
09-12 19:37:47.610  3560  3612 D wifi    : android_net_wifi_get_ring_buffer_status = 0x7f95adef40
09-12 19:37:47.610  3560  3612 E WifiHAL : Failed to register debug response; result = -95
09-12 19:37:47.610  3560  3612 E WifiLogger: no ring buffers found
09-12 19:37:47.610  3560  3612 D WifiHAL : Start get packet fate command
09-12 19:37:47.610  3560  3612 D WifiHAL : createRequest Monitor packet fate request
09-12 19:37:47.610  3560  3612 E WifiHAL : Failed to register get pkt fate response; result = -95
09-12 19:37:47.610  3560  3612 E WifiLogger: Failed to start packet fate monitoring
09-12 19:37:47.613  3837  3842 I art     : Compiler allocated 8MB to compile void com.android.server.SystemConfig.readPermissionsFromXml(java.io.File, int)
09-12 19:37:47.623  3837  3842 I art     : Do partial code cache collection, code=58KB, data=59KB
09-12 19:37:47.623  3837  3842 I art     : After code cache collection, code=58KB, data=59KB
09-12 19:37:47.623  3837  3842 I art     : Increasing code cache capacity to 256KB
09-12 19:37:47.628  3837  3837 D PhoneSwitcherNetworkRequstListener: Registering NetworkFactory
09-12 19:37:47.629  3560  3616 D ConnectivityService: Got NetworkFactory Messenger for PhoneSwitcherNetworkRequstListener
09-12 19:37:47.640  3560  3616 D ConnectivityService: Got NetworkFactory Messenger for TelephonyNetworkFactory[0]
09-12 19:37:47.648  3560  3612 D wifi    : android_net_wifi_setLinkLayerStats: 1
09-12 19:37:47.649  3560  3560 D RttService: SCAN_AVAILABLE : 3
09-12 19:37:47.649  3560  3615 D RttService: DefaultState got{ when=0 what=160512 target=com.android.internal.util.StateMachine$SmHandler }
09-12 19:37:47.649  3560  3614 D wifi    : failed to get capabilities : -95
09-12 19:37:47.654  3560  3614 I WifiScanningService: wifi driver loaded with scan capabilities: max buckets=16
09-12 19:37:47.654  3189  3527 D CommandListener: Setting iface cfg
09-12 19:37:47.655  3189  3527 D CommandListener: Trying to bring up p2p0
09-12 19:37:47.655  3560  3612 I WifiConnectivityManager: Set WiFi enabled
09-12 19:37:47.656  3560  3612 I WifiConnectivityManager: scheduleWatchdogTimer
09-12 19:37:47.658  3560  3610 D WifiMonitor: startMonitoring(p2p0) with mConnected = true
09-12 19:37:47.664  3837  4048 E ActivityThread: Failed to find provider info for com.android.contacts
09-12 19:37:47.665  3837  4048 W CallerInfoCache: cursor is null
09-12 19:37:47.667  3837  3837 D CarrierConfigLoader: CarrierConfigLoader has started
09-12 19:37:47.678  3560  3709 D BluetoothManagerService: Trying to bind to profile: 1, while Bluetooth was disabled
09-12 19:37:47.684  3560  3610 I wifi    : command 'P2P_SET conc_pref sta' returned 'UNKNOWN COMMAND
09-12 19:37:47.685  3560  3610 D WifiNative-HAL: p2pGetDeviceAddress
09-12 19:37:47.685  3560  3610 D WifiNative-HAL: p2pGetDeviceAddress returning 
09-12 19:37:47.686  3560  3573 D libgps  : SendGpsExtensionMessage: Waiting for IPC connection - timeout
09-12 19:37:47.687  3560  3573 E libgps  : LIBGPS: Cannot communicate (write) with a GPSD
09-12 19:37:47.687  3560  3573 E libgps  : IPC Communication Error, ../../../../tmp/15194007_282637/allPartners/os/android/gps_interface/gpsi_client/GpsiClient.cpp:631 SendGpsExtensionMessage
09-12 19:37:47.687  3560  3573 D libgps  : agps_set_server: Waiting for IPC connection...
09-12 19:37:47.687  3560  3610 I wifi    : command 'P2P_FLUSH' returned 'UNKNOWN COMMAND
09-12 19:37:47.689  3560  3610 I wifi    : command 'P2P_SERVICE_FLUSH' returned 'UNKNOWN COMMAND
09-12 19:37:47.708  3837  3837 I Telephony: TtyManager: updateUiTtyMode -1 -> 0
09-12 19:37:47.727  3695  3695 W System  : ClassLoader referenced unknown path: 
09-12 19:37:47.728  3695  3695 D ApplicationLoaders: ignored Vulkan layer search path /system/app/Camera2/lib/arm64:/system/app/Camera2/Camera2.apk!/lib/arm64-v8a:/system/lib64:/vendor/lib64 for namespace 0x7f998940f0
09-12 19:37:47.857  3695  3695 D ClockController: onTuningChanged key=cmsystem:status_bar_clock value=null
09-12 19:37:47.862  3695  3695 D ClockController: onTuningChanged key=cmsystem:status_bar_am_pm value=null
09-12 19:37:47.863  3695  3695 D ClockController: onTuningChanged key=clock_seconds value=null
09-12 19:37:47.897  3695  3695 D LocalBluetoothProfileManager: Adding local MAP profile
09-12 19:37:47.901  3695  3695 D BluetoothMap: Create BluetoothMap proxy object
09-12 19:37:47.902  3837  3837 D PhoneSwitcherNetworkRequstListener: got request NetworkRequest [ REQUEST id=1, [ Capabilities: INTERNET&NOT_RESTRICTED&TRUSTED&NOT_VPN] ] with score 0
09-12 19:37:47.903  3837  3837 D TelephonyDebugService: TelephonyDebugService()
09-12 19:37:47.904  3837  3837 D CarrierConfigLoader: mHandler: 12 phoneId: 0
09-12 19:37:47.908  3853  3853 D SimSelectNotification:  no of slots 1 provision = true
09-12 19:37:47.910  3695  3695 D LocalBluetoothProfileManager: LocalBluetoothProfileManager construction complete
09-12 19:37:47.912  3837  3837 E PhoneInterfaceManager: [PhoneIntfMgr] getIccId: No UICC
09-12 19:37:47.913  4024  4024 D CellBroadcastReceiver: onReceive Intent { act=android.intent.action.SERVICE_STATE flg=0x10 cmp=com.android.cellbroadcastreceiver/.CellBroadcastReceiver (has extras) }
09-12 19:37:47.913  4024  4024 D CellBroadcastReceiver: Intent: android.intent.action.SERVICE_STATE
09-12 19:37:47.918  4024  4024 D CellBroadcastReceiver: Service state changed! 3 Full: 3 3 voice home data home null null null null null null  Unknown Unknown CSS not supported -1 -1 RoamInd=-1 DefRoamInd=-1 EmergOnly=false IsDataRoamingFromRegistration=false IsUsingCarrierAggregation=false Current state=-1
09-12 19:37:47.920  3695  3700 I art     : Do full code cache collection, code=252KB, data=209KB
09-12 19:37:47.920  3695  3700 I art     : Starting a blocking GC JitCodeCache
09-12 19:37:47.920  3695  3700 I art     : After code cache collection, code=236KB, data=170KB
09-12 19:37:47.922  3560  3984 I Telecom : PhoneAccountRegistrar: New phone account registered: [[ ] PhoneAccount: ComponentInfo{com.android.phone/com.android.services.telephony.TelephonyConnectionService}, [e0184adedf913b076626646d3f52c3b49c39ad6d], UserHandle{0} Capabilities: CallProvider MultiUser PlaceEmerg SimSub  Audio Routes: BESW Schemes: tel voicemail  Extras: null GroupId: [da39a3ee5e6b4b0d3255bfef95601890afd80709]]: TSI.rPA@AAM
09-12 19:37:47.929  3560  3984 I Telecom : : Sending phone-account registered intent as user: TSI.rPA@AAM
09-12 19:37:47.930  3695  3695 I CameraManagerGlobal: Connecting to camera service
09-12 19:37:47.930  3837  3837 I Telephony: AccountEntry: Registered phoneAccount: [[ ] PhoneAccount: ComponentInfo{com.android.phone/com.android.services.telephony.TelephonyConnectionService}, [e0184adedf913b076626646d3f52c3b49c39ad6d], UserHandle{0} Capabilities: CallProvider MultiUser PlaceEmerg SimSub  Audio Routes: BESW Schemes: tel voicemail  Extras: null GroupId: [da39a3ee5e6b4b0d3255bfef95601890afd80709]] with handle: ComponentInfo{com.android.phone/com.android.services.telephony.TelephonyConnectionService}, [e0184adedf913b076626646d3f52c3b49c39ad6d], UserHandle{0}
09-12 19:37:47.932  3174  3260 E CameraService: getCameraVendorTagDescriptor: camera hardware module doesn't exist
09-12 19:37:47.939  3837  3837 I Telephony: PstnIncomingCallNotifier: Registering: Handler (com.android.internal.telephony.GsmCdmaPhone) {d784167}
09-12 19:37:47.950  3837  3837 I Telephony: TelecomAccountRegistry: Unregistering phone account ComponentInfo{com.android.phone/com.android.services.telephony.TelephonyConnectionService}, [2628372b20c6b31a61c46f7f5a9328dbf0edaed6], UserHandle{0}.
09-12 19:37:47.954  3560  3572 I Telecom : : Sending phone-account unregistered intent as user: TSI.uPA@AAY
09-12 19:37:47.963  3560  3709 I ActivityManager: Start proc 4056:org.cyanogenmod.weather.provider/u0a31 for content provider org.cyanogenmod.weather.provider/.WeatherContentProvider
09-12 19:37:47.982  4056  4056 W System  : ClassLoader referenced unknown path: /system/priv-app/WeatherProvider/lib/arm64
09-12 19:37:48.027  3837  3842 I art     : Do full code cache collection, code=121KB, data=111KB
09-12 19:37:48.028  3837  3842 I art     : Starting a blocking GC JitCodeCache
09-12 19:37:48.028  3837  3842 I art     : After code cache collection, code=93KB, data=65KB
09-12 19:37:48.065  3695  4076 E ActivityThread: Failed to find provider info for com.android.contacts
09-12 19:37:48.080  3837  3842 I art     : Do partial code cache collection, code=124KB, data=88KB
09-12 19:37:48.080  3837  3842 I art     : After code cache collection, code=123KB, data=87KB
09-12 19:37:48.080  3837  3842 I art     : Increasing code cache capacity to 512KB
09-12 19:37:48.082  3837  3837 E PhoneInterfaceManager: [PhoneIntfMgr] getIccId: No UICC
09-12 19:37:48.082  3695  3972 D OpenGLRenderer: profile bars disabled
09-12 19:37:48.083  3695  3972 D OpenGLRenderer: ambientRatio = 1.50
09-12 19:37:48.091  3560  3572 I Telecom : PhoneAccountRegistrar: [ComponentInfo{com.android.phone/com.android.services.telephony.TelephonyConnectionService}, [e0184adedf913b076626646d3f52c3b49c39ad6d], UserHandle{0}(icon: Icon(typ=BITMAP size=67x84) -> Icon(typ=BITMAP size=67x84))]: TSI.rPA@AAk
09-12 19:37:48.094  3560  3572 I Telecom : : Sending phone-account registered intent as user: TSI.rPA@AAk
09-12 19:37:48.104  3695  3695 D PhoneStatusBar: disable: < EXPAND* icons alerts system_info BACK* HOME* RECENT* clock SEARCH* quick_settings >
09-12 19:37:48.123  3695  3700 I art     : Do partial code cache collection, code=245KB, data=188KB
09-12 19:37:48.123  3695  3700 I art     : After code cache collection, code=240KB, data=186KB
09-12 19:37:48.123  3695  3700 I art     : Increasing code cache capacity to 1024KB
09-12 19:37:48.126  4024  4024 D CellBroadcastReceiver: onReceive Intent { act=android.intent.action.SIM_STATE_CHANGED flg=0x4000010 cmp=com.android.cellbroadcastreceiver/.CellBroadcastReceiver (has extras) }
