09-19 02:30:31.811  3609  3609 I PackageManager.DexOptimizer: Running dexopt (dex2oat) on: /system/priv-app/ContactsProvider/ContactsProvider.apk pkg=com.android.providers.contacts isa=arm64 vmSafeMode=false debuggable=false target-filter=verify-at-runtime oatDir = null sharedLibraries=null
09-19 02:30:31.868  4949  4949 I dex2oat : /system/bin/dex2oat --compiler-filter=verify-at-runtime
09-19 02:30:32.029  4949  4949 I dex2oat : dex2oat took 161.473ms (threads: 8) arena alloc=0B (0B) java alloc=31KB (32216B) native alloc=1133KB (1160656B) free=1938KB (1985072B)
09-19 02:30:32.037  3609  3609 I PackageManager.DexOptimizer: Running dexopt (dex2oat) on: /system/app/CaptivePortalLogin/CaptivePortalLogin.apk pkg=com.android.captiveportallogin isa=arm64 vmSafeMode=false debuggable=false target-filter=verify-at-runtime oatDir = null sharedLibraries=null
09-19 02:30:32.088  4958  4958 I dex2oat : /system/bin/dex2oat --compiler-filter=verify-at-runtime
09-19 02:30:32.173  4958  4958 I dex2oat : dex2oat took 85.860ms (threads: 8) arena alloc=0B (0B) java alloc=31KB (32208B) native alloc=858KB (878832B) free=1189KB (1218320B)
09-19 02:30:32.180  3609  3609 I PackageManager.DexOptimizer: Running dexopt (dex2oat) on: /system/priv-app/WeatherProvider/WeatherProvider.apk pkg=org.cyanogenmod.weather.provider isa=arm64 vmSafeMode=false debuggable=false target-filter=verify-at-runtime oatDir = null sharedLibraries=null
09-19 02:30:32.220  4968  4968 I dex2oat : /system/bin/dex2oat --compiler-filter=verify-at-runtime
09-19 02:30:32.310  4968  4968 I dex2oat : dex2oat took 91.301ms (threads: 8) arena alloc=0B (0B) java alloc=31KB (32216B) native alloc=1070KB (1095920B) free=1489KB (1525520B)
09-19 02:30:32.320  3609  3609 W PackageManager: No disk maintenance in 1505788232320; running immediately
09-19 02:30:32.321  3609  3609 I SystemServer: StartLockSettingsService
09-19 02:30:32.322  3609  3609 I SystemServiceManager: Starting com.android.server.LockSettingsService$Lifecycle
09-19 02:30:32.322  3609  4143 I MountService: Running fstrim idle maintenance
09-19 02:30:32.323  3609  4143 D VoldConnector: SND -> {3 fstrim dotrim}
09-19 02:30:32.327  3609  4144 D VoldConnector: RCV <- {200 3 Command succeeded}
09-19 02:30:32.333  3076  4977 D vold    : Starting trim of /cache
09-19 02:30:32.369  3076  4977 I vold    : Trimmed 507326464 bytes on /cache in 35ms
09-19 02:30:32.369  3076  4977 D vold    : Starting trim of /data
09-19 02:30:32.369  3609  3609 I SystemServiceManager: Starting com.android.server.DeviceIdleController
09-19 02:30:32.370  3609  4144 D VoldConnector: RCV <- {662 /cache 507326464 35688423}
09-19 02:30:32.380  3609  3609 I SystemServiceManager: Starting com.android.server.devicepolicy.DevicePolicyManagerService$Lifecycle
09-19 02:30:32.391  3609  3609 I SystemServer: StartStatusBarManagerService
09-19 02:30:32.396  3609  3609 I SystemServer: StartClipboardService
09-19 02:30:32.399  3609  3609 I SystemServer: StartNetworkManagementService
09-19 02:30:32.403  3609  4978 I NetworkManagement: onDaemonConnected()
09-19 02:30:32.409  3609  3609 I SystemServiceManager: Starting com.android.server.TextServicesManagerService$Lifecycle
09-19 02:30:32.426  3609  3609 I SystemServer: StartNetworkScoreService
09-19 02:30:32.429  3609  3609 I SystemServer: StartNetworkStatsService
09-19 02:30:32.439  3609  3609 I SystemServer: StartNetworkPolicyManagerService
09-19 02:30:32.446  3609  3609 I SystemServer: No Wi-Fi NAN Service (NAN support Not Present)
09-19 02:30:32.447  3609  3609 I SystemServiceManager: Starting com.android.server.wifi.p2p.WifiP2pService
09-19 02:30:32.510  3609  3609 I WifiP2pService: Registering wifip2p
09-19 02:30:32.512  3609  3609 I SystemServiceManager: Starting com.android.server.wifi.WifiService
09-19 02:30:32.558  3609  3609 D WifiStateMachine: fst disabled
09-19 02:30:32.566  3609  3609 D HS20    : Passpoint is enabled, false
09-19 02:30:32.599  3189  3556 D CommandListener: Clearing all IP addresses on wlan0
09-19 02:30:32.794  3609  3609 E WifiLogger: no ring buffers found
09-19 02:30:32.794  3609  3609 E WifiLogger: Failed to start packet fate monitoring
09-19 02:30:32.796  3609  4984 D WifiApConfigStore: 2G band allowed channels are:1,6,11
09-19 02:30:32.809  3609  4984 E WifiApConfigStore: Error reading hotspot configuration java.io.FileNotFoundException: /data/misc/wifi/softap.conf (No such file or directory)
09-19 02:30:32.810  3609  4984 D WifiApConfigStore: Fallback to use default AP configuration
09-19 02:30:32.815  3609  3609 D WifiController: isAirplaneModeOn = false, isWifiEnabled = true, isScanningAvailable = false
09-19 02:30:32.834  3609  3609 E WifiService: ensureConcurrencyFile template file doesnt existjava.io.FileNotFoundException: /etc/wifi/wifi_concurrency_cfg.txt (No such file or directory)
09-19 02:30:32.835  3609  3609 I WifiService: Registering wifi
09-19 02:30:32.837  3609  3609 I SystemServiceManager: Starting com.android.server.wifi.scanner.WifiScanningService
09-19 02:30:32.837  3609  3609 I WifiScanningService: Creating wifiscanner
09-19 02:30:32.847  3609  3609 I WifiScanningService: Publishing wifiscanner
09-19 02:30:32.849  3609  3609 I SystemServiceManager: Starting com.android.server.wifi.RttService
09-19 02:30:32.851  3609  3609 I RttService: Creating rttmanager
09-19 02:30:32.853  3609  3609 I RttService: Starting rttmanager
09-19 02:30:32.855  3609  3609 I SystemServiceManager: Starting com.android.server.ethernet.EthernetService
09-19 02:30:32.856  3609  3609 I EthernetServiceImpl: Creating EthernetConfigStore
09-19 02:30:32.857  3609  3609 E IpConfigStore: Error parsing configuration: java.io.FileNotFoundException: /data/misc/ethernet/ipconfig.txt (No such file or directory)
09-19 02:30:32.857  3609  3609 W EthernetConfigStore: No Ethernet configuration found. Using default.
09-19 02:30:32.857  3609  3609 I EthernetServiceImpl: Read stored IP configuration: IP assignment: DHCP
09-19 02:30:32.857  3609  3609 I EthernetServiceImpl: Proxy settings: NONE
09-19 02:30:32.858  3609  3609 I EthernetService: Registering service ethernet
09-19 02:30:32.860  3609  3609 I SystemServer: StartConnectivityService
09-19 02:30:32.892  3609  3609 D ConnectivityService: ConnectivityService starting up
09-19 02:30:32.904  3609  3609 D ConnectivityService: wifiOnly=false
09-19 02:30:32.941  3609  3609 I SystemServer: StartNsdService
09-19 02:30:32.947  3609  3609 I SystemServer: StartUpdateLockService
09-19 02:30:32.949  3609  3609 I SystemServiceManager: Starting com.android.server.RecoverySystemService
09-19 02:30:32.951  3609  3609 I SystemServiceManager: Starting com.android.server.notification.NotificationManagerService
09-19 02:30:32.974  3609  3609 D ConditionProviders.SCP: new ScheduleConditionProvider()
09-19 02:30:33.027  3609  3609 D ZenLog  : set_zen_mode: off,init
09-19 02:30:33.042  3609  3609 I SystemServiceManager: Starting com.android.server.storage.DeviceStorageMonitorService
09-19 02:30:33.044  3609  3609 I SystemServer: StartLocationManagerService
09-19 02:30:33.046  3609  3609 I SystemServer: StartCountryDetectorService
09-19 02:30:33.047  3609  3609 I SystemServer: StartSearchManagerService
09-19 02:30:33.047  3609  3609 I SystemServiceManager: Starting com.android.server.search.SearchManagerService$Lifecycle
09-19 02:30:33.049  3609  3609 I SystemServiceManager: Starting com.android.server.DropBoxManagerService
09-19 02:30:33.051  3609  3609 I SystemServer: StartWallpaperManagerService
09-19 02:30:33.051  3609  3609 I SystemServiceManager: Starting com.android.server.wallpaper.WallpaperManagerService$Lifecycle
09-19 02:30:33.053  3609  3609 E BitmapFactory: Unable to decode stream: java.io.FileNotFoundException: /data/system/users/0/wallpaper_orig (No such file or directory)
09-19 02:30:33.053  3609  3609 E WallpaperManagerService: Invalid wallpaper data
09-19 02:30:33.053  3609  3609 E WallpaperManagerService: Unable to apply new wallpaper
09-19 02:30:33.053  3609  3609 W WallpaperManagerService: no current wallpaper -- first boot?
09-19 02:30:33.054  3609  3609 I SystemServer: StartAudioService
09-19 02:30:33.054  3609  3609 I SystemServiceManager: Starting com.android.server.audio.AudioService$Lifecycle
09-19 02:30:33.060  3609  3609 W TelecomManager: Telecom Service not found.
09-19 02:30:33.060  3178  3400 D PermissionCache: checking android.permission.MODIFY_AUDIO_SETTINGS for uid=1000 => granted (1475 us)
09-19 02:30:33.060  3178  3400 I APM_AudioPolicyManager: setForceUse() usage 4, config 0, mPhoneState 0
09-19 02:30:33.060  3178  3400 W APM_AudioPolicyManager: setForceUse() usage 4, config 0 is Already setted
09-19 02:30:33.061  3178  3178 I APM_AudioPolicyManager: setForceUse() usage 3, config 8, mPhoneState 0
09-19 02:30:33.061  3178  3400 I APM_AudioPolicyManager: setForceUse() usage 6, config 0, mPhoneState 0
09-19 02:30:33.061  3178  3400 W APM_AudioPolicyManager: setForceUse() usage 6, config 0 is Already setted
09-19 02:30:33.065  3178  3391 W AudioFlinger: no wake lock to update, system not ready yet
09-19 02:30:33.065  3178  3389 W AudioFlinger: no wake lock to update, system not ready yet
09-19 02:30:33.100  3609  3609 I SystemServiceManager: Starting com.android.server.DockObserver
09-19 02:30:33.102  3609  3609 I SystemServer: StartWiredAccessoryManager
09-19 02:30:33.103  3609  3609 W WiredAccessoryManager: This kernel does not have usb audio support
09-19 02:30:33.103  3609  3609 I SystemServiceManager: Starting com.android.server.usb.UsbService$Lifecycle
09-19 02:30:33.107  3609  3609 E UsbDeviceManager: failed to write to /sys/class/android_usb/android0/f_rndis/ethaddr
