09-08 13:56:10.161  3594  3594 I SystemServiceManager: Starting com.android.server.fingerprint.FingerprintService
09-08 13:56:10.188  3594  3594 V FingerprintService: Fingerprint HAL id: 547648471552
09-08 13:56:10.189  3594  3594 I SystemServer: StartBackgroundDexOptService
09-08 13:56:10.190  3594  3594 I SystemServiceManager: Starting com.android.server.pm.ShortcutService$Lifecycle
09-08 13:56:10.194  3594  3594 I SystemServiceManager: Starting com.android.server.pm.LauncherAppsService
09-08 13:56:10.195  3594  3594 I SystemServiceManager: Starting com.android.server.media.projection.MediaProjectionManagerService
09-08 13:56:10.242  3594  3594 I SyncManager: No initial accounts
09-08 13:56:10.242  3594  3594 I SyncManager: No initial status
09-08 13:56:10.242  3594  3594 I SyncManager: No initial statistics
09-08 13:56:10.317  3594  3594 I SystemServiceManager: Starting com.android.server.MmsServiceBroker
09-08 13:56:10.321  3594  3594 I CMSystemServer: Attempting to start service org.cyanogenmod.platform.internal.CMStatusBarManagerService
09-08 13:56:10.329  3594  3594 I CMSystemServer: Starting service org.cyanogenmod.platform.internal.CMStatusBarManagerService
09-08 13:56:10.329  3594  3594 I SystemServiceManager: Starting org.cyanogenmod.platform.internal.CMStatusBarManagerService
09-08 13:56:10.333  3594  3594 I CMSystemServer: Attempting to start service org.cyanogenmod.platform.internal.ProfileManagerService
09-08 13:56:10.340  3594  3594 I CMSystemServer: Starting service org.cyanogenmod.platform.internal.ProfileManagerService
09-08 13:56:10.340  3594  3594 I SystemServiceManager: Starting org.cyanogenmod.platform.internal.ProfileManagerService
09-08 13:56:10.358  3594  3594 I CMSystemServer: Attempting to start service org.cyanogenmod.platform.internal.CMTelephonyManagerService
09-08 13:56:10.359  3594  3594 I CMSystemServer: Starting service org.cyanogenmod.platform.internal.CMTelephonyManagerService
09-08 13:56:10.359  3594  3594 I SystemServiceManager: Starting org.cyanogenmod.platform.internal.CMTelephonyManagerService
09-08 13:56:10.360  3594  3594 I CMSystemServer: Attempting to start service org.cyanogenmod.platform.internal.CMHardwareService
09-08 13:56:10.374  3594  3594 I CMSystemServer: Starting service org.cyanogenmod.platform.internal.CMHardwareService
09-08 13:56:10.374  3594  3594 I SystemServiceManager: Starting org.cyanogenmod.platform.internal.CMHardwareService
09-08 13:56:10.378  3594  3594 I CMSystemServer: Attempting to start service org.cyanogenmod.platform.internal.PerformanceManagerService
09-08 13:56:10.381  3594  4728 I ServiceThread: Enabled StrictMode logging for PerformanceManager looper.
09-08 13:56:10.382  3594  3594 I CMSystemServer: Starting service org.cyanogenmod.platform.internal.PerformanceManagerService
09-08 13:56:10.382  3594  3594 I SystemServiceManager: Starting org.cyanogenmod.platform.internal.PerformanceManagerService
09-08 13:56:10.383  3594  4729 I ServiceThread: Enabled StrictMode logging for PerformanceManager looper.
09-08 13:56:10.384  3594  3594 I CMSystemServer: Attempting to start service org.cyanogenmod.platform.internal.WeatherManagerServiceBroker
09-08 13:56:10.385  3594  3594 I CMSystemServer: Starting service org.cyanogenmod.platform.internal.WeatherManagerServiceBroker
09-08 13:56:10.385  3594  3594 I SystemServiceManager: Starting org.cyanogenmod.platform.internal.WeatherManagerServiceBroker
09-08 13:56:10.386  3594  3594 I CMSystemServer: Attempting to start service org.cyanogenmod.platform.internal.display.LiveDisplayService
09-08 13:56:10.390  3594  4730 I ServiceThread: Enabled StrictMode logging for LiveDisplay looper.
09-08 13:56:10.393  3594  3594 I CMSystemServer: Starting service org.cyanogenmod.platform.internal.display.LiveDisplayService
09-08 13:56:10.393  3594  3594 I SystemServiceManager: Starting org.cyanogenmod.platform.internal.display.LiveDisplayService
09-08 13:56:10.394  3594  4731 I ServiceThread: Enabled StrictMode logging for LiveDisplay looper.
09-08 13:56:10.396  3594  3594 I CMSystemServer: Attempting to start service org.cyanogenmod.platform.internal.CMAudioServiceBroker
09-08 13:56:10.397  3594  3594 I CMSystemServer: Starting service org.cyanogenmod.platform.internal.CMAudioServiceBroker
09-08 13:56:10.397  3594  3594 I SystemServiceManager: Starting org.cyanogenmod.platform.internal.CMAudioServiceBroker
09-08 13:56:10.397  3594  3594 I SystemServiceManager: Starting com.android.server.retaildemo.RetailDemoModeService
09-08 13:56:10.398  3594  4732 I ServiceThread: Enabled StrictMode logging for RetailDemoModeService looper.
09-08 13:56:10.540  3594  3594 I LockSettingsService: Migrated lock settings to new location
09-08 13:56:10.557  3594  3594 I LockSettingsService: Migrated per-user lock settings to new location
09-08 13:56:10.590  3594  3594 I LockSettingsService: Migrated biometric weak to use the fallback instead
09-08 13:56:10.606  3594  3594 I LockSettingsService: Migrated lockscreen disabled flag
09-08 13:56:10.614  3594  3594 E LockSettingsStorage: Cannot read file java.io.FileNotFoundException: /data/system/gatekeeper.password.key: open failed: ENOENT (No such file or directory)
09-08 13:56:10.614  3594  3594 E LockSettingsStorage: Cannot read file java.io.FileNotFoundException: /data/system/password.key: open failed: ENOENT (No such file or directory)
09-08 13:56:10.615  3594  3594 E LockSettingsStorage: Cannot read file java.io.FileNotFoundException: /data/system/gatekeeper.pattern.key: open failed: ENOENT (No such file or directory)
09-08 13:56:10.615  3594  3594 E LockSettingsStorage: Cannot read file java.io.FileNotFoundException: /data/system/gatekeeper.gesture.key: open failed: ENOENT (No such file or directory)
09-08 13:56:10.615  3594  3594 E LockSettingsStorage: Cannot read file java.io.FileNotFoundException: /data/system/gesture.key: open failed: ENOENT (No such file or directory)
09-08 13:56:10.616  3594  3594 I SystemServiceManager: Starting phase 480
09-08 13:56:10.619  3594  3594 I SystemServiceManager: Starting phase 500
09-08 13:56:10.630  3594  3594 I WifiService: WifiService starting up with Wi-Fi enabled
09-08 13:56:10.632  3594  3594 D WifiService: setWifiEnabled: true pid=3594, uid=1000
09-08 13:56:10.643  3594  4696 D ConnectivityService: Got NetworkFactory Messenger for Ethernet
09-08 13:56:10.663  3594  3594 D ZenLog  : config: cleanUpZenRules,ZenModeConfig[user=0,allowCalls=true,allowRepeatCallers=false,allowMessages=false,allowCallsFrom=contacts,allowMessagesFrom=contacts,allowReminders=true,allowEvents=true,allowWhenScreenOff=true,allowWhenScreenOn=true,automaticRules={9b5a96d2dc7c42309581ee41e8b57a2e=ZenRule[enabled=false,snoozing=false,name=Weekend,zenMode=ZEN_MODE_ALARMS,conditionId=condition://android/schedule?days=6.7&start=23.30&end=10.0&exitAtAlarm=false,condition=null,component=ComponentInfo{android/com.android.server.notification.ScheduleConditionProvider},id=9b5a96d2dc7c42309581ee41e8b57a2e,creationTime=1504889768810,enabler=null], ded883ae95c347bd820374e0333a9326=ZenRule[enabled=false,snoozing=false,name=Weeknight,zenMode=ZEN_MODE_ALARMS,conditionId=condition://android/schedule?days=1.2.3.4.5&start=22.0&end=7.0&exitAtAlarm=false,condition=null,component=ComponentInfo{android/com.android.server.notification.ScheduleConditionProvider},id=ded883ae95c347bd820374e0333a9326,creationTime=1504889768809,enabler=null], ad020fc4bb324286938ae704c6941c06=ZenRule[enabled=false,snoozing=false,name=Event,zenMode=ZEN_MODE_ALARMS,conditionId=condition://android/event?userId=-10000&calendar=&reply=1,condition=null,component=ComponentInfo{android/com.android.server.notification.EventConditionProvider},id=ad020fc4bb324286938ae704c6941c06,creationTime=1504889768810,enabler=null]},manualRule=null],Diff[]
09-08 13:56:10.664  3594  3594 D ZenLog  : set_zen_mode: off,onSystemReady
09-08 13:56:10.667  3594  3594 W SoundTriggerHelper: listModules status=0, # of modules=0
09-08 13:56:10.672  3594  3594 E PerformanceManager: System is not ready, dropping profile request
09-08 13:56:10.737  3594  3701 W LocalDisplayAdapter: Unable to find color mode 0, ignoring request.
09-08 13:56:10.738  3594  3594 D VoldConnector: SND -> {4 volume remount_uid 1001 none}
09-08 13:56:10.739  3066  3131 D vold    : Remounting 1001 as mode none
09-08 13:56:10.742  3066  3131 D vold    : Found matching PID 3584
09-08 13:56:10.742  3066  3131 W vold    : Skipping due to root namespace
09-08 13:56:10.742  3066  3131 D vold    : Found matching PID 3585
09-08 13:56:10.742  3066  3131 W vold    : Skipping due to root namespace
09-08 13:56:10.742  3066  3131 D vold    : Found matching PID 3614
09-08 13:56:10.742  3066  3131 W vold    : Skipping due to root namespace
09-08 13:56:10.743  3594  4048 D VoldConnector: RCV <- {200 4 Command succeeded}
09-08 13:56:10.744  3594  3594 D VoldConnector: SND -> {5 volume remount_uid 1001 none}
09-08 13:56:10.745  3066  3131 D vold    : Remounting 1001 as mode none
09-08 13:56:10.748  3066  3131 D vold    : Found matching PID 3584
09-08 13:56:10.748  3066  3131 W vold    : Skipping due to root namespace
09-08 13:56:10.748  3066  3131 D vold    : Found matching PID 3585
09-08 13:56:10.748  3066  3131 W vold    : Skipping due to root namespace
09-08 13:56:10.748  3066  3131 D vold    : Found matching PID 3614
09-08 13:56:10.748  3066  3131 W vold    : Skipping due to root namespace
09-08 13:56:10.749  3594  4048 D VoldConnector: RCV <- {200 5 Command succeeded}
09-08 13:56:10.751  3594  3594 D VoldConnector: SND -> {6 volume remount_uid 1027 none}
09-08 13:56:10.752  3066  3131 D vold    : Remounting 1027 as mode none
09-08 13:56:10.755  3594  4048 D VoldConnector: RCV <- {200 6 Command succeeded}
09-08 13:56:10.757  3594  3594 D VoldConnector: SND -> {7 volume remount_uid 1027 none}
09-08 13:56:10.758  3066  3131 D vold    : Remounting 1027 as mode none
09-08 13:56:10.761  3594  4048 D VoldConnector: RCV <- {200 7 Command succeeded}
09-08 13:56:10.763  3594  3594 D VoldConnector: SND -> {8 volume remount_uid 1000 none}
09-08 13:56:10.764  3066  3131 D vold    : Remounting 1000 as mode none
09-08 13:56:10.766  3066  3131 D vold    : Found matching PID 3135
09-08 13:56:10.766  3066  3131 W vold    : Skipping due to root namespace
09-08 13:56:10.766  3066  3131 D vold    : Found matching PID 3144
09-08 13:56:10.766  3066  3131 W vold    : Skipping due to root namespace
09-08 13:56:10.766  3066  3131 D vold    : Found matching PID 3145
09-08 13:56:10.767  3066  3131 W vold    : Skipping due to root namespace
09-08 13:56:10.767  3066  3131 D vold    : Found matching PID 3176
09-08 13:56:10.767  3066  3131 W vold    : Skipping due to root namespace
09-08 13:56:10.767  3066  3131 D vold    : Found matching PID 3177
09-08 13:56:10.767  3066  3131 W vold    : Skipping due to root namespace
09-08 13:56:10.767  3066  3131 D vold    : Found matching PID 3594
09-08 13:56:10.808  3594  4048 D VoldConnector: RCV <- {200 8 Command succeeded}
09-08 13:56:10.810  3594  3594 D VoldConnector: SND -> {9 volume remount_uid 1000 none}
09-08 13:56:10.811  3066  3131 D vold    : Remounting 1000 as mode none
09-08 13:56:10.813  3066  3131 D vold    : Found matching PID 3135
09-08 13:56:10.813  3066  3131 W vold    : Skipping due to root namespace
09-08 13:56:10.813  3066  3131 D vold    : Found matching PID 3144
09-08 13:56:10.813  3066  3131 W vold    : Skipping due to root namespace
09-08 13:56:10.813  3066  3131 D vold    : Found matching PID 3145
09-08 13:56:10.813  3066  3131 W vold    : Skipping due to root namespace
09-08 13:56:10.813  3066  3131 D vold    : Found matching PID 3176
09-08 13:56:10.813  3066  3131 W vold    : Skipping due to root namespace
09-08 13:56:10.814  3066  3131 D vold    : Found matching PID 3177
09-08 13:56:10.814  3066  3131 W vold    : Skipping due to root namespace
09-08 13:56:10.814  3066  3131 D vold    : Found matching PID 3594
09-08 13:56:10.815  3594  4048 D VoldConnector: RCV <- {200 9 Command succeeded}
09-08 13:56:10.824  3594  3594 D VoldConnector: SND -> {10 volume remount_uid 2000 none}
09-08 13:56:10.825  3066  3131 D vold    : Remounting 2000 as mode none
09-08 13:56:10.828  3594  4048 D VoldConnector: RCV <- {200 10 Command succeeded}
09-08 13:56:10.829  3594  3594 D VoldConnector: SND -> {11 volume remount_uid 2000 none}
09-08 13:56:10.830  3066  3131 D vold    : Remounting 2000 as mode none
09-08 13:56:10.834  3594  4048 D VoldConnector: RCV <- {200 11 Command succeeded}
09-08 13:56:10.836  3594  3594 D VoldConnector: SND -> {12 volume remount_uid 10033 none}
09-08 13:56:10.837  3066  3131 D vold    : Remounting 10033 as mode none
09-08 13:56:10.840  3594  4048 D VoldConnector: RCV <- {200 12 Command succeeded}
09-08 13:56:10.841  3594  3594 D VoldConnector: SND -> {13 volume remount_uid 10033 none}
09-08 13:56:10.842  3066  3131 D vold    : Remounting 10033 as mode none
09-08 13:56:10.845  3594  4048 D VoldConnector: RCV <- {200 13 Command succeeded}
09-08 13:56:10.849  3594  3594 D VoldConnector: SND -> {14 volume remount_uid 1002 none}
09-08 13:56:10.850  3066  3131 D vold    : Remounting 1002 as mode none
09-08 13:56:10.853  3594  4048 D VoldConnector: RCV <- {200 14 Command succeeded}
09-08 13:56:10.854  3594  3594 D VoldConnector: SND -> {15 volume remount_uid 1002 none}
09-08 13:56:10.855  3066  3131 D vold    : Remounting 1002 as mode none
09-08 13:56:10.858  3594  4048 D VoldConnector: RCV <- {200 15 Command succeeded}
09-08 13:56:10.862  3594  3594 W VoiceInteractionManagerService: no available voice interaction services found for user 0
09-08 13:56:10.862  3594  3594 W VoiceInteractionManagerService: no available voice recognition services found for user 0
09-08 13:56:10.894  3594  3703 W KeyguardServiceDelegate: onScreenTurningOn(): no keyguard service!
09-08 13:56:10.902  3594  3594 D VoldConnector: SND -> {16 volume remount_uid 10024 none}
09-08 13:56:10.903  3066  3131 D vold    : Remounting 10024 as mode none
09-08 13:56:10.906  3594  4048 D VoldConnector: RCV <- {200 16 Command succeeded}
09-08 13:56:10.909  3594  3594 D VoldConnector: SND -> {17 volume remount_uid 10042 none}
09-08 13:56:10.910  3066  3131 D vold    : Remounting 10042 as mode none
09-08 13:56:10.913  3594  4048 D VoldConnector: RCV <- {200 17 Command succeeded}
09-08 13:56:10.915  3594  3594 D VoldConnector: SND -> {18 volume remount_uid 10042 none}
09-08 13:56:10.916  3066  3131 D vold    : Remounting 10042 as mode none
09-08 13:56:10.919  3594  4048 D VoldConnector: RCV <- {200 18 Command succeeded}
09-08 13:56:10.920  3594  3594 D VoldConnector: SND -> {19 volume remount_uid 10009 none}
09-08 13:56:10.921  3066  3131 D vold    : Remounting 10009 as mode none
09-08 13:56:10.924  3594  4048 D VoldConnector: RCV <- {200 19 Command succeeded}
09-08 13:56:10.926  3594  3594 D VoldConnector: SND -> {20 volume remount_uid 10009 none}
09-08 13:56:10.926  3066  3131 D vold    : Remounting 10009 as mode none
09-08 13:56:10.929  3594  4048 D VoldConnector: RCV <- {200 20 Command succeeded}
09-08 13:56:10.931  3594  3594 D VoldConnector: SND -> {21 volume remount_uid 10012 none}
09-08 13:56:10.932  3066  3131 D vold    : Remounting 10012 as mode none
09-08 13:56:10.935  3594  4048 D VoldConnector: RCV <- {200 21 Command succeeded}
09-08 13:56:10.937  3594  3594 D VoldConnector: SND -> {22 volume remount_uid 10012 none}
09-08 13:56:10.938  3066  3131 D vold    : Remounting 10012 as mode none
09-08 13:56:10.941  3594  4048 D VoldConnector: RCV <- {200 22 Command succeeded}
09-08 13:56:10.953  3594  3594 D VoldConnector: SND -> {23 volume remount_uid 10005 none}
09-08 13:56:10.954  3066  3131 D vold    : Remounting 10005 as mode none
09-08 13:56:10.957  3594  4048 D VoldConnector: RCV <- {200 23 Command succeeded}
09-08 13:56:10.959  3594  3594 D VoldConnector: SND -> {24 volume remount_uid 10005 none}
09-08 13:56:10.959  3066  3131 D vold    : Remounting 10005 as mode none
09-08 13:56:10.962  3594  4048 D VoldConnector: RCV <- {200 24 Command succeeded}
09-08 13:56:10.973  3594  3594 D VoldConnector: SND -> {25 volume remount_uid 10021 none}
09-08 13:56:10.974  3066  3131 D vold    : Remounting 10021 as mode none
09-08 13:56:10.978  3594  4048 D VoldConnector: RCV <- {200 25 Command succeeded}
09-08 13:56:10.979  3594  3594 D VoldConnector: SND -> {26 volume remount_uid 10021 none}
09-08 13:56:10.980  3066  3131 D vold    : Remounting 10021 as mode none
09-08 13:56:10.983  3594  4048 D VoldConnector: RCV <- {200 26 Command succeeded}
09-08 13:56:10.990  3594  3594 D VoldConnector: SND -> {27 volume remount_uid 10013 none}
09-08 13:56:10.990  3066  3131 D vold    : Remounting 10013 as mode none
09-08 13:56:10.993  3594  4048 D VoldConnector: RCV <- {200 27 Command succeeded}
09-08 13:56:10.995  3594  3594 D VoldConnector: SND -> {28 volume remount_uid 10013 none}
09-08 13:56:10.996  3066  3131 D vold    : Remounting 10013 as mode none
09-08 13:56:10.999  3594  4048 D VoldConnector: RCV <- {200 28 Command succeeded}
09-08 13:56:11.002  3594  3594 D VoldConnector: SND -> {29 volume remount_uid 10026 none}
09-08 13:56:11.003  3066  3131 D vold    : Remounting 10026 as mode none
09-08 13:56:11.006  3594  4048 D VoldConnector: RCV <- {200 29 Command succeeded}
09-08 13:56:11.008  3594  3594 D VoldConnector: SND -> {30 volume remount_uid 10026 none}
09-08 13:56:11.009  3066  3131 D vold    : Remounting 10026 as mode none
09-08 13:56:11.012  3594  4048 D VoldConnector: RCV <- {200 30 Command succeeded}
09-08 13:56:11.014  3594  3594 V UserManagerService: Found /data/user_de/0 with serial number -1
09-08 13:56:11.014  3594  3594 D UserManagerService: Serial number missing on /data/user_de/0; assuming current is valid
09-08 13:56:11.015  3594  3594 V UserManagerService: Found /data/user/0 with serial number -1
09-08 13:56:11.015  3594  3594 D UserManagerService: Serial number missing on /data/user/0; assuming current is valid
09-08 13:56:11.015  3594  3594 V UserManagerService: Found /data/system_de/0 with serial number -1
09-08 13:56:11.015  3594  3594 D UserManagerService: Serial number missing on /data/system_de/0; assuming current is valid
09-08 13:56:11.016  3594  3594 I ActivityManager: System now ready
09-08 13:56:11.027  3594  3594 I SystemServer: Making services ready
09-08 13:56:11.027  3594  3594 I SystemServiceManager: Starting phase 550
09-08 13:56:11.031  3594  3594 D BluetoothManagerService: Bluetooth boot completed
09-08 13:56:11.031  3594  3594 D BluetoothManagerService: Getting adapter name and address
09-08 13:56:11.031  3594  3700 D BluetoothManagerService: MESSAGE_GET_NAME_AND_ADDRESS
09-08 13:56:11.031  3594  3700 D BluetoothManagerService: Binding to service to get name and address
09-08 13:56:11.104  3594  3700 W ActivityManager: Slow operation: 71ms so far, now at startProcess: returned from zygote!
09-08 13:56:11.104  3594  3700 W ActivityManager: Slow operation: 71ms so far, now at startProcess: done updating battery stats
09-08 13:56:11.104  3594  3700 W ActivityManager: Slow operation: 72ms so far, now at startProcess: building log message
09-08 13:56:11.104  3594  3700 I ActivityManager: Start proc 4754:com.android.bluetooth/1002 for service com.android.bluetooth/.btservice.AdapterService
09-08 13:56:11.104  3594  3700 W ActivityManager: Slow operation: 72ms so far, now at startProcess: starting to update pids map
09-08 13:56:11.104  3594  3700 W ActivityManager: Slow operation: 72ms so far, now at startProcess: done updating pids map
09-08 13:56:11.104  3594  3700 W ActivityManager: Slow operation: 73ms so far, now at startProcess: done starting proc!
09-08 13:56:11.116  3594  3594 E InputMethodManagerService: Ignoring updateSystemUiLocked due to an invalid token. uid:1000 token:null
09-08 13:56:11.219  3594  3594 W InputMethodManagerService: Reset the default IME as "Resource" is ready here.
09-08 13:56:11.301  3594  3594 I InputMethodManagerService: Default found, using com.android.inputmethod.latin/.LatinIME
09-08 13:56:11.303  3594  3594 W InputMethodManagerService: Illegal subtype state: old subtype = null, new subtype = android.view.inputmethod.InputMethodSubtype@c9194f98
09-08 13:56:11.318  3594  3594 I ActivityManager: Start proc 4778:com.android.inputmethod.latin/u0a64 for service com.android.inputmethod.latin/.LatinIME
09-08 13:56:11.319  3594  3594 V InputMethodManagerService: Adding window token: android.os.Binder@399f3d2
09-08 13:56:11.319  3594  4047 D MountService: Thinking about init, mSystemReady=true, mDaemonConnected=true
09-08 13:56:11.319  3594  4047 D MountService: Setting up emulation state, initlocked=false
09-08 13:56:11.319  3594  4047 D CryptdConnector: SND -> {2 cryptfs unlock_user_key 0 0 ! !}
09-08 13:56:11.320  3066  3132 D vold    : e4crypt_unlock_user_key 0 serial=0 token_present=0
09-08 13:56:11.320  3066  3132 E vold    : Failed to chmod /data/system_ce/0: No such file or directory
09-08 13:56:11.320  3066  3132 E vold    : Failed to chmod /data/misc_ce/0: No such file or directory
09-08 13:56:11.321  3594  4049 D CryptdConnector: RCV <- {200 2 Command succeeded}
09-08 13:56:11.322  3594  4047 D MountService: Thinking about reset, mSystemReady=true, mDaemonConnected=true
09-08 13:56:11.322  3594  4047 D VoldConnector: SND -> {31 volume reset}
09-08 13:56:11.322  3594  3694 I ActivityManager: Force stopping com.android.providers.media appid=10009 user=-1: vold reset
09-08 13:56:11.323  3594  3594 D UsbAlsaManager: Adding ALSA device AlsaDevice: [card: 0, device: 22, type: 1]
09-08 13:56:11.323  3594  3594 D UsbAlsaManager: Adding ALSA device AlsaDevice: [card: 0, device: 22, type: 2]
09-08 13:56:11.323  3594  3594 D UsbAlsaManager: Adding ALSA device AlsaDevice: [card: 0, device: 21, type: 2]
09-08 13:56:11.323  3594  3594 D UsbAlsaManager: Adding ALSA device AlsaDevice: [card: 0, device: 20, type: 2]
09-08 13:56:11.324  3594  3594 D UsbAlsaManager: Adding ALSA device AlsaDevice: [card: 0, device: 12, type: 2]
09-08 13:56:11.324  3594  4048 D VoldConnector: RCV <- {651 emulated 7}
09-08 13:56:11.324  3594  3594 D UsbAlsaManager: Adding ALSA device AlsaDevice: [card: 0, device: 11, type: 2]
09-08 13:56:11.324  3594  3594 D UsbAlsaManager: Adding ALSA device AlsaDevice: [card: 0, device: 10, type: 2]
09-08 13:56:11.324  3594  3594 D UsbAlsaManager: Adding ALSA device AlsaDevice: [card: 0, device: 9, type: 2]
09-08 13:56:11.324  3594  3594 D UsbAlsaManager: Adding ALSA device AlsaDevice: [card: 0, device: 7, type: 1]
09-08 13:56:11.324  3594  3594 D UsbAlsaManager: Adding ALSA device AlsaDevice: [card: 0, device: 8, type: 2]
09-08 13:56:11.324  3594  3594 D UsbAlsaManager: Adding ALSA device AlsaDevice: [card: 0, device: 6, type: 1]
09-08 13:56:11.324  3594  3594 D UsbAlsaManager: Adding ALSA device AlsaDevice: [card: 0, device: 4, type: 1]
09-08 13:56:11.324  3594  3594 D UsbAlsaManager: Adding ALSA device AlsaDevice: [card: 0, device: 3, type: 1]
09-08 13:56:11.325  3594  3594 D UsbAlsaManager: Adding ALSA device AlsaDevice: [card: 0, device: 2, type: 1]
09-08 13:56:11.325  3594  3594 D UsbAlsaManager: Adding ALSA device AlsaDevice: [card: 0, device: 1, type: 1]
09-08 13:56:11.325  3594  3594 D UsbAlsaManager: Adding ALSA device AlsaDevice: [card: 0, device: 0, type: 1]
09-08 13:56:11.325  3594  4703 D BluetoothManagerService: Trying to bind to profile: 1, while Bluetooth was disabled
09-08 13:56:11.326  3594  4048 D VoldConnector: RCV <- {659 emulated}
09-08 13:56:11.330  3594  4048 D VoldConnector: RCV <- {650 emulated 2 "" ""}
09-08 13:56:11.332  3594  4048 D VoldConnector: RCV <- {654 emulated emulated}
09-08 13:56:11.333  3594  4048 D VoldConnector: RCV <- {651 emulated 0}
09-08 13:56:11.333  3594  4048 D VoldConnector: RCV <- {200 31 Command succeeded}
09-08 13:56:11.335  3594  4047 D VoldConnector: SND -> {32 volume user_added 0 0}
09-08 13:56:11.336  3594  4048 D VoldConnector: RCV <- {200 32 Command succeeded}
09-08 13:56:11.339  3594  3594 I ActivityManager: Start proc 4793:com.android.systemui/u0a33 for service com.android.systemui/.keyguard.KeyguardService
09-08 13:56:11.340  3594  3594 I SystemServer: WebViewFactory preparation
09-08 13:56:11.349  3594  3699 I UsbPortManager: USB port added: port=UsbPort{id=otg_default, supportedModes=dual}, status=UsbPortStatus{connected=true, currentMode=ufp, currentPowerRole=sink, currentDataRole=device, supportedRoleCombinations=[source:host, sink:device]}, canChangeMode=true, canChangePowerRole=false, canChangeDataRole=false
09-08 13:56:11.353  3594  3699 V MountService: Found primary storage at VolumeInfo{emulated}:
09-08 13:56:11.353  3594  3699 V MountService:     type=EMULATED diskId=null partGuid=null mountFlags=0 mountUserId=-1 
09-08 13:56:11.353  3594  3699 V MountService:     state=UNMOUNTED 
09-08 13:56:11.353  3594  3699 V MountService:     fsType=null fsUuid=null fsLabel=null 
09-08 13:56:11.353  3594  3699 V MountService:     path=null internalPath=null 
09-08 13:56:11.353  3594  4047 D VoldConnector: SND -> {33 volume mount emulated 3 -1}
09-08 13:56:11.355  3594  4048 D VoldConnector: RCV <- {651 emulated 1}
09-08 13:56:11.356  3594  4048 D VoldConnector: RCV <- {656 emulated /data/media}
09-08 13:56:11.357  3594  4048 D VoldConnector: RCV <- {655 emulated /storage/emulated}
09-08 13:56:11.358  3066  3131 V vold    : Waiting for FUSE to spin up...
09-08 13:56:11.406  3594  3594 I ActivityManager: Start proc 4822:WebViewLoader-armeabi-v7a/1037 [android.webkit.WebViewFactory$RelroFileCreator] for 
09-08 13:56:11.409  3594  4048 D VoldConnector: RCV <- {651 emulated 2}
09-08 13:56:11.412  3594  4048 D VoldConnector: RCV <- {200 33 Command succeeded}
09-08 13:56:11.418  3594  3594 I ActivityManager: Start proc 4837:WebViewLoader-arm64-v8a/1037 [android.webkit.WebViewFactory$RelroFileCreator] for 
09-08 13:56:11.421  3594  3594 D NetworkManagement: enabling bandwidth control
09-08 13:56:11.653  3594  3594 D NetworkPolicy: setRestrictBackgroundUL(): false
09-08 13:56:11.673  4778  4885 E ActivityThread: Failed to find provider info for user_dictionary
09-08 13:56:11.806  3594  3594 I SystemServiceManager: Starting phase 600
09-08 13:56:11.833  3594  3594 D GestureLauncherService: Gesture launcher mEmergencyNumber = 112 hits = 3
09-08 13:56:11.835  3594  3594 D SensorNotificationService: Cannot obtain dynamic meta sensor, not supported.
09-08 13:56:11.842  3594  3594 D BrokerableCMSystemService: Third party apps ready
09-08 13:56:11.842  3594  3594 I BrokerableCMSystemService: Connecting to implementation
09-08 13:56:11.842  3594  3594 W ContextImpl: Calling a method in the system process without a qualified user: android.app.ContextImpl.bindService:1421 org.cyanogenmod.platform.internal.BrokerableCMSystemService.tryConnecting:199 org.cyanogenmod.platform.internal.BrokerableCMSystemService.onBootPhase:127 org.cyanogenmod.platform.internal.CMAudioServiceBroker.onBootPhase:58 com.android.server.SystemServiceManager.startBootPhase:143 
09-08 13:56:11.855  3594  3594 I ActivityManager: Start proc 4906:org.cyanogenmod.cmaudio.service/u0a1 for service org.cyanogenmod.cmaudio.service/.CMAudioService
09-08 13:56:11.888  3594  3594 W LocationManagerService: no network location provider found
09-08 13:56:11.895  3594  3695 W WindowManager: Keyguard drawn timeout. Setting mKeyguardDrawComplete
09-08 13:56:11.896  3594  3701 W LocalDisplayAdapter: Unable to find color mode 0, ignoring request.
09-08 13:56:11.896  3594  3594 E LocationManagerService: no geocoder provider found
09-08 13:56:11.897  3594  3594 D LocationManagerService: FLP HAL not supported
09-08 13:56:11.900  3594  3594 D LocationManagerService: Unable to bind FLP Geofence proxy.
09-08 13:56:11.902  3594  3594 D LocationManagerService: Hardware Activity-Recognition not supported.
09-08 13:56:11.904  3594  3594 D LocationManagerService: Unable to bind ActivityRecognitionProxy.
09-08 13:56:11.914  3594  3594 I MmsServiceBroker: Delay connecting to MmsService until an API is called
09-08 13:56:11.915  3594  3701 W LocalDisplayAdapter: Unable to find color mode 0, ignoring request.
09-08 13:56:11.918  3594  3594 W VoiceInteractionManagerService: no available voice interaction services found for user 0
09-08 13:56:11.918  3594  3594 W VoiceInteractionManagerService: no available voice recognition services found for user 0
09-08 13:56:11.932  3594  3594 I ActivityManager: Start proc 4924:com.android.phone/1001 for added application com.android.phone
09-08 13:56:11.934  3594  3594 I ActivityManager: START u0 {act=android.intent.action.MAIN cat=[android.intent.category.HOME] flg=0x10000100 cmp=com.android.settings/.CryptKeeper} from uid 0 on display 0
09-08 13:56:11.942  3594  3594 I ActivityManager: Loaded persisted task ids for user 0
09-08 13:56:11.963  3594  3594 I ActivityManager: Start proc 4938:com.android.settings:CryptKeeper/1000 for activity com.android.settings/.CryptKeeper
09-08 13:56:11.967  3594  3594 I SystemServer: Enabled StrictMode for system server main thread.
09-08 13:56:11.977  3594  3594 D ConditionProviders.SCP: onConnected
09-08 13:56:12.057  3594  3594 W ContextImpl: Calling a method in the system process without a qualified user: android.app.ContextImpl.startService:1357 com.android.server.content.SyncManager$13.run:658 android.os.Handler.handleCallback:751 android.os.Handler.dispatchMessage:95 android.os.Looper.loop:154 
09-08 13:56:12.063  3594  3594 D ZenLog  : set_zen_mode: off,cleanUpZenRules
09-08 13:56:12.073  3594  3594 D ConditionProviders: Subscribing to condition://android/schedule?days=6.7&start=23.30&end=10.0&exitAtAlarm=false with ComponentInfo{android/com.android.server.notification.ScheduleConditionProvider}
09-08 13:56:12.074  3594  3594 D ZenLog  : subscribe: condition://android/schedule?days=6.7&start=23.30&end=10.0&exitAtAlarm=false,ok
09-08 13:56:12.077  3594  3594 D ConditionProviders: Subscribing to condition://android/schedule?days=1.2.3.4.5&start=22.0&end=7.0&exitAtAlarm=false with ComponentInfo{android/com.android.server.notification.ScheduleConditionProvider}
09-08 13:56:12.078  3594  3594 D ZenLog  : subscribe: condition://android/schedule?days=1.2.3.4.5&start=22.0&end=7.0&exitAtAlarm=false,ok
09-08 13:56:12.078  3594  3594 D ConditionProviders: Subscribing to condition://android/event?userId=-10000&calendar=&reply=1 with ComponentInfo{android/com.android.server.notification.EventConditionProvider}
09-08 13:56:12.078  3594  3594 D ZenLog  : subscribe: condition://android/event?userId=-10000&calendar=&reply=1,ok
09-08 13:56:12.079  3594  3701 I SingleHandAdapter: onChange..
09-08 13:56:12.080  3594  3701 I SingleHandAdapter: updateSingleHandMode value:  cur: 
09-08 13:56:12.129  3594  4809 I WindowManager: Screen frozen for +108ms due to AppWindowToken{b9e655d token=Token{5b0a607 ActivityRecord{a09446 u0 com.android.settings/.CryptKeeper t1}}}
09-08 13:56:12.139  3594  3692 I ActivityManager: START u0 {act=android.intent.action.MAIN cat=[android.intent.category.HOME] flg=0x10000100 cmp=com.android.settings/.FallbackHome} from uid 0 on display 0
09-08 13:56:12.156  3594  3692 I ActivityManager: Start proc 4986:com.android.settings/1000 for activity com.android.settings/.FallbackHome
09-08 13:56:12.257  3594  3692 I StatusBarManagerService: registerStatusBar bar=com.android.internal.statusbar.IStatusBar$Stub$Proxy@19372e3
09-08 13:56:12.365  3594  3694 W KeyguardServiceDelegate: onScreenTurningOn(): no keyguard service!
09-08 13:56:12.380  3594  3701 I WindowManager: Screen frozen for +217ms due to AppWindowToken{620fe29 token=Token{762e6f3 ActivityRecord{18d562 u0 com.android.settings/.FallbackHome t2}}}
09-08 13:56:12.676  3594  3691 W WallpaperManagerService: no current wallpaper -- first boot?
09-08 13:56:12.777  3594  4808 I ActivityManager: Start proc 5124:org.cyanogenmod.weather.provider/u0a30 for content provider org.cyanogenmod.weather.provider/.WeatherContentProvider
09-08 13:56:12.877  4793  5141 E ActivityThread: Failed to find provider info for com.android.contacts
09-08 13:56:13.084  3594  4808 I ActivityManager: user 0 is still locked. Cannot load recents
09-08 13:56:13.345  3594  3691 W LocalDisplayAdapter: Unable to find color mode 0, ignoring request.
09-08 13:56:13.383  3594  4808 W LocalDisplayAdapter: Unable to find color mode 0, ignoring request.
09-08 13:56:13.389  3594  3695 W WindowManager: Keyguard drawn timeout. Setting mKeyguardDrawComplete
09-08 13:56:13.477  3594  3701 W LocalDisplayAdapter: Unable to find color mode 0, ignoring request.
09-08 13:56:13.480  3594  4691 D WifiService: New client listening to asynchronous messages
09-08 13:56:13.492  3594  3701 W LocalDisplayAdapter: Unable to find color mode 0, ignoring request.
09-08 13:56:13.878  3594  3594 D BluetoothManagerService: Trying to bind to profile: 1, while Bluetooth was disabled
09-08 13:56:13.887  3594  3594 I Telecom : SystemStateProvider: Registering car mode receiver: android.content.IntentFilter@7d5d32d: TS.init@AAA
09-08 13:56:13.893  3594  5163 I Telecom : Telecom: Non-call EVENT: AUDIO_ROUTE, Entering state QuiescentEarpieceRoute
09-08 13:56:13.900  3594  5165 I Telecom : CallAudioModeStateMachine: Message received: null.: TS.init->CAMSM.pM_1@AAA_0
09-08 13:56:13.935  3594  3594 I Telecom : ViceNotificationImpl: ViceNotificationImpl: TS.init@AAA
09-08 13:56:13.939  3594  3594 D BluetoothManagerService: Trying to bind to profile: 1, while Bluetooth was disabled
09-08 13:56:13.940  3594  5166 E ActivityThread: Failed to find provider info for call_log
09-08 13:56:13.941  3594  3594 I Telecom : BluetoothPhoneService: Ignoring IBluetoothDsdaService class not found exception : TS.init@AAA
09-08 13:56:13.944  3594  3594 I Telecom : Class: TelecomSystem.INSTANCE being set
09-08 13:56:13.944  3594  3594 W ContextImpl: Calling a method in the system process without a qualified user: android.app.ContextImpl.startService:1357 android.content.ContextWrapper.startService:613 com.android.server.telecom.components.TelecomService.initializeTelecomSystem:196 com.android.server.telecom.components.TelecomService.onBind:64 android.app.ActivityThread.handleBindService:3243 
09-08 13:56:13.954  3594  3594 D BluetoothManagerService: Bluetooth Adapter name changed to Samsung Galaxy S7 Edge
09-08 13:56:13.955  3594  3594 D BluetoothManagerService: Stored Bluetooth name: Samsung Galaxy S7 Edge
09-08 13:56:13.955  3594  3594 D BluetoothManagerService: BluetoothServiceConnection: com.android.bluetooth.btservice.AdapterService
09-08 13:56:13.956  3594  3700 D BluetoothManagerService: MESSAGE_BLUETOOTH_SERVICE_CONNECTED: 1
09-08 13:56:13.960  3594  3700 D BluetoothManagerService: MESSAGE_GET_NAME_AND_ADDRESS
09-08 13:56:13.981  3594  3594 V WiredAccessoryManager: init()
09-08 13:56:13.993  3594  3700 D BluetoothManagerService: Stored Bluetooth name: Samsung Galaxy S7 Edge
09-08 13:56:13.994  3594  3700 D BluetoothManagerService: Stored Bluetoothaddress: F0:EE:10:4B:C6:7D
09-08 13:56:13.996  3594  3700 D BluetoothManagerService: unbindAndFinish(): android.bluetooth.IBluetooth$Stub$Proxy@fdcbc1e mBinding = false mUnbinding = false
09-08 13:56:14.111  3594  3691 I ActivityManager: Process com.android.bluetooth (pid 4754) has died
09-08 13:56:14.111  3594  3691 D ActivityManager: cleanUpApplicationRecord -- 4754
09-08 13:56:14.165  3594  3594 I BrokerableCMSystemService: Implementation service connected
09-08 13:56:14.166  3594  3594 D ConditionProviders.SCP: onSubscribe condition://android/schedule?days=6.7&start=23.30&end=10.0&exitAtAlarm=false
09-08 13:56:14.168  3594  3594 D ConditionProviders.SCP: setRegistered true
09-08 13:56:14.169  3594  3594 D ConditionProviders.SCP: notifyCondition condition://android/schedule?days=6.7&start=23.30&end=10.0&exitAtAlarm=false STATE_FALSE reason=!meetsSchedule
09-08 13:56:14.171  3594  3594 D ConditionProviders.SCP: Scheduling evaluate for Fri Sep 08 23:30:00 GMT+00:00 2017 (1504913400000), in +6h33m45s832ms, now=Fri Sep 08 16:56:14 GMT+00:00 2017 (1504889774168)
09-08 13:56:14.171  3594  3594 D ConditionProviders.SCP: onSubscribe condition://android/schedule?days=1.2.3.4.5&start=22.0&end=7.0&exitAtAlarm=false
09-08 13:56:14.173  3594  3594 D ConditionProviders.SCP: notifyCondition condition://android/schedule?days=6.7&start=23.30&end=10.0&exitAtAlarm=false STATE_FALSE reason=!meetsSchedule
09-08 13:56:14.174  3594  3594 D ConditionProviders.SCP: notifyCondition condition://android/schedule?days=1.2.3.4.5&start=22.0&end=7.0&exitAtAlarm=false STATE_FALSE reason=!meetsSchedule
09-08 13:56:14.175  3594  3594 D ConditionProviders.SCP: Scheduling evaluate for Fri Sep 08 22:00:00 GMT+00:00 2017 (1504908000000), in +5h3m45s828ms, now=Fri Sep 08 16:56:14 GMT+00:00 2017 (1504889774172)
09-08 13:56:14.203  3594  4702 E ActivityThread: Failed to find provider info for com.android.calendar
09-08 13:56:14.204  3594  4702 E ActivityThread: Failed to find provider info for com.android.calendar
09-08 13:56:14.258  3594  3594 I Telecom : WiredHeadsetManager: ACTION_HEADSET_PLUG event, plugged in: false, : WHC.oADA@AAE
09-08 13:56:14.262  3594  3594 I ActivityManager: user 0 is still locked. Cannot load recents
09-08 13:56:14.338  3594  3594 I Telecom : PhoneAccountRegistrar: SimCallManager queried, returning: null: TSI.gSCM@AAM
09-08 13:56:14.363  3594  3594 D ZenLog  : config: conditionChanged,ZenModeConfig[user=0,allowCalls=true,allowRepeatCallers=false,allowMessages=false,allowCallsFrom=contacts,allowMessagesFrom=contacts,allowReminders=true,allowEvents=true,allowWhenScreenOff=true,allowWhenScreenOn=true,automaticRules={9b5a96d2dc7c42309581ee41e8b57a2e=ZenRule[enabled=false,snoozing=false,name=Weekend,zenMode=ZEN_MODE_ALARMS,conditionId=condition://android/schedule?days=6.7&start=23.30&end=10.0&exitAtAlarm=false,condition=Condition[id=condition://android/schedule?days=6.7&start=23.30&end=10.0&exitAtAlarm=false,summary=...,line1=...,line2=...,icon=0,state=STATE_FALSE,flags=2],component=ComponentInfo{android/com.android.server.notification.ScheduleConditionProvider},id=9b5a96d2dc7c42309581ee41e8b57a2e,creationTime=1504889768810,enabler=null], ded883ae95c347bd820374e0333a9326=ZenRule[enabled=false,snoozing=false,name=Weeknight,zenMode=ZEN_MODE_ALARMS,conditionId=condition://android/schedule?days=1.2.3.4.5&start=22.0&end=7.0&exitAtAlarm=false,condition=null,component=ComponentInfo{android/com.android.server.notification.ScheduleConditionProvider},id=ded883ae95c347bd820374e0333a9326,creationTime=1504889768809,enabler=null], ad020fc4bb324286938ae704c6941c06=ZenRule[enabled=false,snoozing=false,name=Event,zenMode=ZEN_MODE_ALARMS,conditionId=condition://android/event?userId=-10000&calendar=&reply=1,condition=null,component=ComponentInfo{android/com.android.server.notification.EventConditionProvider},id=ad020fc4bb324286938ae704c6941c06,creationTime=1504889768810,enabler=null]},manualRule=null],Diff[automaticRule[9b5a96d2dc7c42309581ee41e8b57a2e].condition:null->Condition[id=condition://android/schedule?days=6.7&start=23.30&end=10.0&exitAtAlarm=false,summary=...,line1=...,line2=...,icon=0,state=STATE_FALSE,flags=2]]
09-08 13:56:14.370  3594  3594 D ZenLog  : config: conditionChanged,ZenModeConfig[user=0,allowCalls=true,allowRepeatCallers=false,allowMessages=false,allowCallsFrom=contacts,allowMessagesFrom=contacts,allowReminders=true,allowEvents=true,allowWhenScreenOff=true,allowWhenScreenOn=true,automaticRules={9b5a96d2dc7c42309581ee41e8b57a2e=ZenRule[enabled=false,snoozing=false,name=Weekend,zenMode=ZEN_MODE_ALARMS,conditionId=condition://android/schedule?days=6.7&start=23.30&end=10.0&exitAtAlarm=false,condition=Condition[id=condition://android/schedule?days=6.7&start=23.30&end=10.0&exitAtAlarm=false,summary=...,line1=...,line2=...,icon=0,state=STATE_FALSE,flags=2],component=ComponentInfo{android/com.android.server.notification.ScheduleConditionProvider},id=9b5a96d2dc7c42309581ee41e8b57a2e,creationTime=1504889768810,enabler=null], ded883ae95c347bd820374e0333a9326=ZenRule[enabled=false,snoozing=false,name=Weeknight,zenMode=ZEN_MODE_ALARMS,conditionId=condition://android/schedule?days=1.2.3.4.5&start=22.0&end=7.0&exitAtAlarm=false,condition=Condition[id=condition://android/schedule?days=1.2.3.4.5&start=22.0&end=7.0&exitAtAlarm=false,summary=...,line1=...,line2=...,icon=0,state=STATE_FALSE,flags=2],component=ComponentInfo{android/com.android.server.notification.ScheduleConditionProvider},id=ded883ae95c347bd820374e0333a9326,creationTime=1504889768809,enabler=null], ad020fc4bb324286938ae704c6941c06=ZenRule[enabled=false,snoozing=false,name=Event,zenMode=ZEN_MODE_ALARMS,conditionId=condition://android/event?userId=-10000&calendar=&reply=1,condition=null,component=ComponentInfo{android/com.android.server.notification.EventConditionProvider},id=ad020fc4bb324286938ae704c6941c06,creationTime=1504889768810,enabler=null]},manualRule=null],Diff[automaticRule[ded883ae95c347bd820374e0333a9326].condition:null->Condition[id=condition://android/schedule?days=1.2.3.4.5&start=22.0&end=7.0&exitAtAlarm=false,summary=...,line1=...,line2=...,icon=0,state=STATE_FALSE,flags=2]]
09-08 13:56:14.376  3594  3594 D ZenLog  : config: conditionChanged,ZenModeConfig[user=0,allowCalls=true,allowRepeatCallers=false,allowMessages=false,allowCallsFrom=contacts,allowMessagesFrom=contacts,allowReminders=true,allowEvents=true,allowWhenScreenOff=true,allowWhenScreenOn=true,automaticRules={9b5a96d2dc7c42309581ee41e8b57a2e=ZenRule[enabled=false,snoozing=false,name=Weekend,zenMode=ZEN_MODE_ALARMS,conditionId=condition://android/schedule?days=6.7&start=23.30&end=10.0&exitAtAlarm=false,condition=Condition[id=condition://android/schedule?days=6.7&start=23.30&end=10.0&exitAtAlarm=false,summary=...,line1=...,line2=...,icon=0,state=STATE_FALSE,flags=2],component=ComponentInfo{android/com.android.server.notification.ScheduleConditionProvider},id=9b5a96d2dc7c42309581ee41e8b57a2e,creationTime=1504889768810,enabler=null], ded883ae95c347bd820374e0333a9326=ZenRule[enabled=false,snoozing=false,name=Weeknight,zenMode=ZEN_MODE_ALARMS,conditionId=condition://android/schedule?days=1.2.3.4.5&start=22.0&end=7.0&exitAtAlarm=false,condition=Condition[id=condition://android/schedule?days=1.2.3.4.5&start=22.0&end=7.0&exitAtAlarm=false,summary=...,line1=...,line2=...,icon=0,state=STATE_FALSE,flags=2],component=ComponentInfo{android/com.android.server.notification.ScheduleConditionProvider},id=ded883ae95c347bd820374e0333a9326,creationTime=1504889768809,enabler=null], ad020fc4bb324286938ae704c6941c06=ZenRule[enabled=false,snoozing=false,name=Event,zenMode=ZEN_MODE_ALARMS,conditionId=condition://android/event?userId=-10000&calendar=&reply=1,condition=Condition[id=condition://android/event?userId=-10000&calendar=&reply=1,summary=...,line1=...,line2=...,icon=0,state=STATE_FALSE,flags=2],component=ComponentInfo{android/com.android.server.notification.EventConditionProvider},id=ad020fc4bb324286938ae704c6941c06,creationTime=1504889768810,enabler=null]},manualRule=null],Diff[automaticRule[ad020fc4bb324286938ae704c6941c06].condition:null->Condition[id=condition://android/event?userId=-10000&calendar=&reply=1,summary=...,line1=...,line2=...,icon=0,state=STATE_FALSE,flags=2]]
09-08 13:56:14.378  3594  3594 D ZenLog  : set_zen_mode: off,conditionChanged
09-08 13:56:14.384  3594  3594 D ZenLog  : set_zen_mode: off,conditionChanged
09-08 13:56:14.414  3594  3594 D ZenLog  : set_zen_mode: off,conditionChanged
09-08 13:56:14.737  3066  4685 I vold    : Trimmed 56731623424 bytes on /data in 6328ms
09-08 13:56:14.737  3066  4685 D vold    : Starting trim of /efs
09-08 13:56:14.738  3594  4048 D VoldConnector: RCV <- {662 /data 56731623424 6328793995}
09-08 13:56:14.758  3066  4685 I vold    : Trimmed 7028736 bytes on /efs in 19ms
09-08 13:56:14.759  3594  4048 D VoldConnector: RCV <- {662 /efs 7028736 19560962}
09-08 13:56:14.927  3594  3694 I ActivityManager: Start proc 5205:com.android.cellbroadcastreceiver/u0a8 for broadcast com.android.cellbroadcastreceiver/.CellBroadcastReceiver
09-08 13:56:15.064  3594  3693 I SyncManager: Got SyncJobService instance.
09-08 13:56:15.628  3594  4696 D ConnectivityService: Got NetworkFactory Messenger for PhoneSwitcherNetworkRequstListener
09-08 13:56:15.637  3594  4696 D ConnectivityService: Got NetworkFactory Messenger for TelephonyNetworkFactory[0]
09-08 13:56:15.638  3594  4696 D ConnectivityService: Got NetworkFactory Messenger for TelephonyNetworkFactory[1]
09-08 13:56:15.673  4924  5255 E ActivityThread: Failed to find provider info for com.android.contacts
09-08 13:56:15.674  3594  3692 D BluetoothManagerService: Trying to bind to profile: 1, while Bluetooth was disabled
09-08 13:56:17.358  3594  3692 I Telecom : PhoneAccountRegistrar: New phone account registered: [[ ] PhoneAccount: ComponentInfo{com.android.phone/com.android.services.telephony.TelephonyConnectionService}, [e0184adedf913b076626646d3f52c3b49c39ad6d], UserHandle{0} Capabilities: CallProvider MultiUser PlaceEmerg SimSub  Audio Routes: BESW Schemes: tel voicemail  Extras: null GroupId: [da39a3ee5e6b4b0d3255bfef95601890afd80709]]: TSI.rPA@AAY
09-08 13:56:17.370  3594  3692 I Telecom : : Sending phone-account registered intent as user: TSI.rPA@AAY
09-08 13:56:17.406  3594  4949 I Telecom : PhoneAccountRegistrar: getUserSelVoicePhoneAccount, voice subId = -1: TSI.gUSOPA@AAg
09-08 13:56:17.408  3594  4949 I Telecom : PhoneAccountRegistrar: getUserSelVoicePhoneAccount, emergency account : TSI.gUSOPA@AAg
09-08 13:56:17.534  3594  4809 I Telecom : PhoneAccountRegistrar: [ComponentInfo{com.android.phone/com.android.services.telephony.TelephonyConnectionService}, [e0184adedf913b076626646d3f52c3b49c39ad6d], UserHandle{0}(icon: Icon(typ=BITMAP size=67x84) -> Icon(typ=BITMAP size=67x84))]: TSI.rPA@AAk
09-08 13:56:17.543  3594  4809 I Telecom : : Sending phone-account registered intent as user: TSI.rPA@AAk
09-08 13:56:17.569  3594  3692 I Telecom : PhoneAccountRegistrar: getUserSelVoicePhoneAccount, voice subId = -1: TSI.gUSOPA@AAs
09-08 13:56:17.571  3594  3692 I Telecom : PhoneAccountRegistrar: getUserSelVoicePhoneAccount, emergency account : TSI.gUSOPA@AAs
09-08 13:56:17.861  3594  4809 I Telecom : PhoneAccountRegistrar: [ComponentInfo{com.android.phone/com.android.services.telephony.TelephonyConnectionService}, [e0184adedf913b076626646d3f52c3b49c39ad6d], UserHandle{0}(icon: Icon(typ=BITMAP size=67x84) -> Icon(typ=BITMAP size=67x84))]: TSI.rPA@AAw
09-08 13:56:17.871  3594  4809 I Telecom : : Sending phone-account registered intent as user: TSI.rPA@AAw
09-08 13:56:17.962  3594  4808 I Telecom : PhoneAccountRegistrar: [ComponentInfo{com.android.phone/com.android.services.telephony.TelephonyConnectionService}, [e0184adedf913b076626646d3f52c3b49c39ad6d], UserHandle{0}(icon: Icon(typ=BITMAP size=67x84) -> Icon(typ=BITMAP size=67x84))]: TSI.rPA@AA0
09-08 13:56:17.972  3594  4808 I Telecom : : Sending phone-account registered intent as user: TSI.rPA@AA0
09-08 13:56:17.995  3594  3691 I Telecom : PhoneAccountRegistrar: getUserSelVoicePhoneAccount, voice subId = -1: TSI.gUSOPA@AA8
09-08 13:56:17.996  3594  3691 I Telecom : PhoneAccountRegistrar: getUserSelVoicePhoneAccount, emergency account : TSI.gUSOPA@AA8
09-08 13:56:18.039  3594  4949 I Telecom : PhoneAccountRegistrar: [ComponentInfo{com.android.phone/com.android.services.telephony.TelephonyConnectionService}, [e0184adedf913b076626646d3f52c3b49c39ad6d], UserHandle{0}(icon: Icon(typ=BITMAP size=67x84) -> Icon(typ=BITMAP size=67x84))]: TSI.rPA@ABA
09-08 13:56:18.048  3594  4949 I Telecom : : Sending phone-account registered intent as user: TSI.rPA@ABA
09-08 13:56:18.078  3594  3692 I Telecom : PhoneAccountRegistrar: getUserSelVoicePhoneAccount, voice subId = -1: TSI.gUSOPA@ABI
09-08 13:56:18.080  3594  3692 I Telecom : PhoneAccountRegistrar: getUserSelVoicePhoneAccount, emergency account : TSI.gUSOPA@ABI
09-08 13:56:18.169  4924  4924 D MccTable: updateMccMncConfiguration mccmnc='72234' fromServiceState=true
09-08 13:56:18.170  4924  4924 D MccTable: updateMccMncConfiguration defaultMccMnc=
09-08 13:56:18.171  4924  4924 D MccTable: updateMccMncConfiguration: mcc=722, mnc=34
09-08 13:56:18.190  4924  4924 D MccTable: timezone set to America/Argentina/Buenos_Aires
09-08 13:56:18.190  4924  4924 D MccTable: WIFI_COUNTRY_CODE set to ar
09-08 13:56:18.195  3594  4963 I WifiService: WifiService trying to set country code to ar with persist set to false
09-08 13:56:18.198  3594  3594 D ConditionProviders.SCP: onReceive android.intent.action.TIMEZONE_CHANGED
09-08 13:56:18.203  3594  3594 D ConditionProviders.SCP: notifyCondition condition://android/schedule?days=6.7&start=23.30&end=10.0&exitAtAlarm=false STATE_FALSE reason=!meetsSchedule
09-08 13:56:18.206  3594  3594 D ConditionProviders.SCP: notifyCondition condition://android/schedule?days=1.2.3.4.5&start=22.0&end=7.0&exitAtAlarm=false STATE_FALSE reason=!meetsSchedule
09-08 13:56:18.211  3594  3594 D ConditionProviders.SCP: Scheduling evaluate for Fri Sep 08 22:00:00 GMT-03:00 2017 (1504918800000), in +8h3m41s799ms, now=Fri Sep 08 13:56:18 GMT-03:00 2017 (1504889778201)
09-08 13:56:18.218  3594  4702 E ActivityThread: Failed to find provider info for com.android.calendar
09-08 13:56:18.220  3594  4702 E ActivityThread: Failed to find provider info for com.android.calendar
09-08 13:56:18.558  3594  4808 I Telecom : PhoneAccountRegistrar: [ComponentInfo{com.android.phone/com.android.services.telephony.TelephonyConnectionService}, [e0184adedf913b076626646d3f52c3b49c39ad6d], UserHandle{0}(icon: Icon(typ=BITMAP size=67x84) -> Icon(typ=BITMAP size=67x84))]: TSI.rPA@ABM
09-08 13:56:18.566  3594  4808 I Telecom : : Sending phone-account registered intent as user: TSI.rPA@ABM
09-08 13:56:18.598  3594  4808 I Telecom : PhoneAccountRegistrar: [ComponentInfo{com.android.phone/com.android.services.telephony.TelephonyConnectionService}, [e0184adedf913b076626646d3f52c3b49c39ad6d], UserHandle{0}(icon: Icon(typ=BITMAP size=67x84) -> Icon(typ=BITMAP size=67x84))]: TSI.rPA@ABQ
09-08 13:56:18.607  3594  4808 I Telecom : : Sending phone-account registered intent as user: TSI.rPA@ABQ
