09-05 21:03:24.148  3343  3343 I dex2oat : dex2oat took 2.129s (threads: 8) arena alloc=0B (0B) java alloc=1829KB (1873040B) native alloc=7MB (7784736B) free=4MB (4798176B)
09-05 21:03:24.174  3165  3165 D ICU     : No timezone override file found: /data/misc/zoneinfo/current/icu/icu_tzdata.dat
09-05 21:03:24.178  3164  3164 D ICU     : No timezone override file found: /data/misc/zoneinfo/current/icu/icu_tzdata.dat
09-05 21:03:24.203  3164  3164 W art     : Before Android 4.1, method double java.util.concurrent.ThreadLocalRandom.internalNextDouble(double, double) would have incorrectly overridden the package-private method in java.util.Random
09-05 21:03:24.203  3164  3164 W art     : Before Android 4.1, method int java.util.concurrent.ThreadLocalRandom.internalNextInt(int, int) would have incorrectly overridden the package-private method in java.util.Random
09-05 21:03:24.203  3165  3165 W art     : Before Android 4.1, method double java.util.concurrent.ThreadLocalRandom.internalNextDouble(double, double) would have incorrectly overridden the package-private method in java.util.Random
09-05 21:03:24.203  3164  3164 W art     : Before Android 4.1, method long java.util.concurrent.ThreadLocalRandom.internalNextLong(long, long) would have incorrectly overridden the package-private method in java.util.Random
09-05 21:03:24.203  3165  3165 W art     : Before Android 4.1, method int java.util.concurrent.ThreadLocalRandom.internalNextInt(int, int) would have incorrectly overridden the package-private method in java.util.Random
09-05 21:03:24.203  3165  3165 W art     : Before Android 4.1, method long java.util.concurrent.ThreadLocalRandom.internalNextLong(long, long) would have incorrectly overridden the package-private method in java.util.Random
09-05 21:03:24.316  3164  3164 I Radio-JNI: register_android_hardware_Radio DONE
09-05 21:03:24.321  3165  3165 I Radio-JNI: register_android_hardware_Radio DONE
09-05 21:03:24.346  3164  3164 I SamplingProfilerIntegration: Profiling disabled.
09-05 21:03:24.347  3164  3164 D Zygote  : begin preload
09-05 21:03:24.347  3164  3164 I Zygote  : Installing ICU cache reference pinning...
09-05 21:03:24.347  3164  3164 I Zygote  : Preloading ICU data...
09-05 21:03:24.356  3165  3165 I SamplingProfilerIntegration: Profiling disabled.
09-05 21:03:24.357  3165  3165 D Zygote  : begin preload
09-05 21:03:24.357  3165  3165 I Zygote  : Installing ICU cache reference pinning...
09-05 21:03:24.358  3165  3165 I Zygote  : Preloading ICU data...
09-05 21:03:24.476  3164  3164 I Zygote  : Preloading classes...
09-05 21:03:24.482  3164  3164 W Zygote  : Class not found for preloading: [Landroid.view.Display$ColorTransform;
09-05 21:03:24.504  3165  3165 I Zygote  : Preloading classes...
09-05 21:03:24.510  3165  3165 W Zygote  : Class not found for preloading: [Landroid.view.Display$ColorTransform;
09-05 21:03:24.675  3163  3163 D wrapperGPS: wrapperConnect_RILD
09-05 21:03:24.879  3164  3164 E Typeface: Error mapping font file /system/fonts/DroidSansFallback.ttf
09-05 21:03:24.879  3165  3165 E Typeface: Error mapping font file /system/fonts/DroidSansFallback.ttf
09-05 21:03:25.649  3164  3164 I art     : Thread[1,tid=3164,Native,Thread*=0x7fa2e95a00,peer=0x12c420d0,"main"] recursive attempt to load library "/system/lib64/libmedia_jni.so"
09-05 21:03:25.650  3164  3164 D MtpDeviceJNI: register_android_mtp_MtpDevice
09-05 21:03:25.650  3164  3164 I art     : Thread[1,tid=3164,Native,Thread*=0x7fa2e95a00,peer=0x12c420d0,"main"] recursive attempt to load library "/system/lib64/libmedia_jni.so"
09-05 21:03:25.651  3164  3164 I art     : Thread[1,tid=3164,Native,Thread*=0x7fa2e95a00,peer=0x12c420d0,"main"] recursive attempt to load library "/system/lib64/libmedia_jni.so"
09-05 21:03:25.675  3163  3163 D wrapperGPS: wrapperConnect_RILD
09-05 21:03:25.687  3164  3164 E FFMPEGSoftCodec: Failed to load FFMPEG plugin: (null)
09-05 21:03:25.777  3165  3165 I art     : Thread[1,tid=3165,Native,Thread*=0xf4785400,peer=0x12c04f70,"main"] recursive attempt to load library "/system/lib/libmedia_jni.so"
09-05 21:03:25.778  3165  3165 D MtpDeviceJNI: register_android_mtp_MtpDevice
09-05 21:03:25.779  3165  3165 I art     : Thread[1,tid=3165,Native,Thread*=0xf4785400,peer=0x12c04f70,"main"] recursive attempt to load library "/system/lib/libmedia_jni.so"
09-05 21:03:25.779  3165  3165 I art     : Thread[1,tid=3165,Native,Thread*=0xf4785400,peer=0x12c04f70,"main"] recursive attempt to load library "/system/lib/libmedia_jni.so"
09-05 21:03:25.818  3165  3165 E FFMPEGSoftCodec: Failed to load FFMPEG plugin: (null)
09-05 21:03:26.025  3164  3164 W Zygote  : Class not found for preloading: android.view.Display$ColorTransform
09-05 21:03:26.025  3164  3164 W Zygote  : Class not found for preloading: android.view.Display$ColorTransform$1
09-05 21:03:26.180  3165  3165 W Zygote  : Class not found for preloading: android.view.Display$ColorTransform
09-05 21:03:26.180  3165  3165 W Zygote  : Class not found for preloading: android.view.Display$ColorTransform$1
09-05 21:03:26.256  3164  3164 W System  : ClassLoader referenced unknown path: /system/framework/tcmclient.jar
09-05 21:03:26.442  3165  3165 W System  : ClassLoader referenced unknown path: /system/framework/tcmclient.jar
09-05 21:03:26.485  3164  3164 I System  : Loaded time zone names for "" in 56ms (26ms in ICU)
09-05 21:03:26.525  3164  3164 I System  : Loaded time zone names for "en_US" in 39ms (10ms in ICU)
09-05 21:03:26.675  3163  3163 D wrapperGPS: wrapperConnect_RILD
09-05 21:03:26.693  3165  3165 I System  : Loaded time zone names for "" in 62ms (18ms in ICU)
09-05 21:03:26.748  3165  3165 I System  : Loaded time zone names for "en_US" in 54ms (11ms in ICU)
09-05 21:03:26.815  3164  3164 I Zygote  : ...preloaded 4158 classes in 2339ms.
09-05 21:03:26.815  3164  3164 I art     : VMRuntime.preloadDexCaches starting
09-05 21:03:26.860  3164  3164 I art     : VMRuntime.preloadDexCaches strings total=288444 before=12011 after=12011
09-05 21:03:26.860  3164  3164 I art     : VMRuntime.preloadDexCaches types total=23810 before=9280 after=11325
09-05 21:03:26.860  3164  3164 I art     : VMRuntime.preloadDexCaches fields total=113941 before=41160 after=54105
09-05 21:03:26.860  3164  3164 I art     : VMRuntime.preloadDexCaches methods total=199717 before=78591 after=96703
09-05 21:03:26.860  3164  3164 I art     : VMRuntime.preloadDexCaches finished
09-05 21:03:26.861  3164  3164 I Zygote  : Preloading resources...
09-05 21:03:26.897  3164  3164 W Resources: Preloaded drawable resource #0x108025c (android:drawable/dialog_background_material) that varies with configuration!!
09-05 21:03:26.906  3164  3164 W Resources: Preloaded color resource #0x10600ea (android:color/material_grey_800) that varies with configuration!!
09-05 21:03:26.906  3164  3164 W Resources: Preloaded drawable resource #0x10802c9 (android:drawable/floating_popup_background_dark) that varies with configuration!!
09-05 21:03:27.028  3164  3164 I Zygote  : ...preloaded 114 resources in 167ms.
09-05 21:03:27.036  3164  3164 W Resources: Preloaded color resource #0x1060114 (android:color/background_cache_hint_selector_material_dark) that varies with configuration!!
09-05 21:03:27.037  3164  3164 W Resources: Preloaded color resource #0x1060119 (android:color/btn_default_material_dark) that varies with configuration!!
09-05 21:03:27.039  3164  3164 I Zygote  : ...preloaded 41 resources in 11ms.
09-05 21:03:27.041  3164  3164 I Zygote  : ...preloaded 2 resource in 2ms.
09-05 21:03:27.050  3164  3164 D libEGL  : loaded /vendor/lib64/egl/libGLES_mali.so
09-05 21:03:27.058  3164  3164 I Zygote  : Preloading shared libraries...
09-05 21:03:27.081  3164  3164 I Zygote  : Uninstalled ICU cache reference pinning...
09-05 21:03:27.089  3164  3164 I Zygote  : Installed AndroidKeyStoreProvider in 8ms.
09-05 21:03:27.092  3165  3165 I Zygote  : ...preloaded 4158 classes in 2588ms.
09-05 21:03:27.092  3165  3165 I art     : VMRuntime.preloadDexCaches starting
09-05 21:03:27.149  3165  3165 I art     : VMRuntime.preloadDexCaches strings total=288444 before=12011 after=12011
09-05 21:03:27.149  3165  3165 I art     : VMRuntime.preloadDexCaches types total=23810 before=9280 after=11325
09-05 21:03:27.149  3165  3165 I art     : VMRuntime.preloadDexCaches fields total=113941 before=41160 after=54105
09-05 21:03:27.149  3165  3165 I art     : VMRuntime.preloadDexCaches methods total=199717 before=78591 after=96703
09-05 21:03:27.149  3165  3165 I art     : VMRuntime.preloadDexCaches finished
09-05 21:03:27.150  3165  3165 I Zygote  : Preloading resources...
09-05 21:03:27.184  3165  3165 W Resources: Preloaded drawable resource #0x108025c (android:drawable/dialog_background_material) that varies with configuration!!
09-05 21:03:27.192  3165  3165 W Resources: Preloaded color resource #0x10600ea (android:color/material_grey_800) that varies with configuration!!
09-05 21:03:27.192  3165  3165 W Resources: Preloaded drawable resource #0x10802c9 (android:drawable/floating_popup_background_dark) that varies with configuration!!
09-05 21:03:27.195  3164  3164 I Zygote  : Warmed up JCA providers in 105ms.
09-05 21:03:27.195  3164  3164 D Zygote  : end preload
09-05 21:03:27.195  3164  3164 I art     : Starting a blocking GC Explicit
09-05 21:03:27.205  3164  3164 I art     : Explicit concurrent mark sweep GC freed 3371(147KB) AllocSpace objects, 0(0B) LOS objects, 39% free, 10MB/17MB, paused 48us total 10.070ms
09-05 21:03:27.205  3164  3164 I art     : Starting a blocking GC Explicit
09-05 21:03:27.215  3164  3164 I art     : Explicit concurrent mark sweep GC freed 41(1424B) AllocSpace objects, 0(0B) LOS objects, 39% free, 10MB/17MB, paused 44us total 9.558ms
09-05 21:03:27.233  3164  3554 I art     : Starting a blocking GC HeapTrim
09-05 21:03:27.234  3164  3164 I art     : Starting a blocking GC Background
09-05 21:03:27.275  3562  3562 I main    : type=1400 audit(0.0:124): avc: denied { sys_nice } for capability=23 scontext=u:r:zygote:s0 tcontext=u:r:zygote:s0 tclass=capability permissive=1
09-05 21:03:27.275  3562  3562 W main    : type=1300 audit(0.0:124): arch=c00000b7 syscall=119 success=yes exit=0 a0=dea a1=0 a2=7ffe1bf070 a3=0 items=0 ppid=3164 auid=4294967295 uid=1000 gid=1000 euid=1000 suid=1000 fsuid=1000 egid=1000 sgid=1000 fsgid=1000 tty=(none) ses=4294967295 exe="/system/bin/app_process64" subj=u:r:zygote:s0 key=(null)
09-05 21:03:27.275  3077  3077 W auditd  : type=1327 audit(0.0:124): proctitle="zygote64"
09-05 21:03:27.275  3077  3077 W auditd  : type=1320 audit(0.0:124): 
09-05 21:03:27.276  3164  3164 I Zygote  : System server process 3562 has been created
09-05 21:03:27.277  3164  3164 I Zygote  : Accepting command socket connections
09-05 21:03:27.323  3165  3165 I Zygote  : ...preloaded 114 resources in 173ms.
09-05 21:03:27.332  3165  3165 W Resources: Preloaded color resource #0x1060114 (android:color/background_cache_hint_selector_material_dark) that varies with configuration!!
09-05 21:03:27.333  3165  3165 W Resources: Preloaded color resource #0x1060119 (android:color/btn_default_material_dark) that varies with configuration!!
09-05 21:03:27.335  3165  3165 I Zygote  : ...preloaded 41 resources in 12ms.
09-05 21:03:27.337  3165  3165 I Zygote  : ...preloaded 2 resource in 2ms.
09-05 21:03:27.370  3165  3165 D libEGL  : loaded /vendor/lib/egl/libGLES_mali.so
09-05 21:03:27.383  3165  3165 I Zygote  : Preloading shared libraries...
09-05 21:03:27.406  3165  3165 I Zygote  : Uninstalled ICU cache reference pinning...
09-05 21:03:27.415  3165  3165 I Zygote  : Installed AndroidKeyStoreProvider in 9ms.
09-05 21:03:27.556  3165  3165 I Zygote  : Warmed up JCA providers in 141ms.
09-05 21:03:27.556  3165  3165 D Zygote  : end preload
09-05 21:03:27.556  3165  3165 I art     : Starting a blocking GC Explicit
09-05 21:03:27.567  3165  3165 I art     : Explicit concurrent mark sweep GC freed 3209(141KB) AllocSpace objects, 0(0B) LOS objects, 40% free, 9MB/16MB, paused 68us total 10.326ms
09-05 21:03:27.567  3165  3165 I art     : Starting a blocking GC Explicit
09-05 21:03:27.578  3165  3165 I art     : Explicit concurrent mark sweep GC freed 52(2152B) AllocSpace objects, 0(0B) LOS objects, 39% free, 9MB/16MB, paused 69us total 10.212ms
09-05 21:03:27.596  3165  3165 I Zygote  : Accepting command socket connections
09-05 21:03:27.598  3562  3562 I Zygote  : Process: zygote socket opened, supported ABIS: armeabi-v7a,armeabi
09-05 21:03:27.599  3562  3562 I InstallerConnection: connecting...
09-05 21:03:27.599  3168  3168 I         : new connection
09-05 21:03:27.617  3573  3573 I dex2oat : /system/bin/dex2oat --compiler-filter=speed
09-05 21:03:27.676  3163  3163 D wrapperGPS: wrapperConnect_RILD
09-05 21:03:27.938  3573  3573 I dex2oat : dex2oat took 322.031ms (threads: 8) arena alloc=2MB (2745744B) java alloc=819KB (839176B) native alloc=3MB (3283144B) free=5MB (5629752B)
09-05 21:03:27.958  3582  3582 I dex2oat : /system/bin/dex2oat --compiler-filter=speed
09-05 21:03:28.044  3582  3582 I dex2oat : dex2oat took 85.716ms (threads: 8) arena alloc=614KB (629744B) java alloc=113KB (115904B) native alloc=1235KB (1265280B) free=4MB (4501888B)
09-05 21:03:28.063  3591  3591 I dex2oat : /system/bin/dex2oat --compiler-filter=speed
09-05 21:03:28.676  3163  3163 D wrapperGPS: wrapperConnect_RILD
09-05 21:03:29.201  3591  3598 W dex2oat : Compilation of void com.android.server.SystemServer.startOtherServices() took 237.584ms
09-05 21:03:29.676  3163  3163 D wrapperGPS: wrapperConnect_RILD
09-05 21:03:30.485  3591  3591 W dex2oat : Compilation of void com.android.server.pm.PackageManagerService.<init>(android.content.Context, com.android.server.pm.Installer, boolean, boolean) took 153.213ms
09-05 21:03:30.677  3163  3163 D wrapperGPS: wrapperConnect_RILD
09-05 21:03:31.022  3591  3591 W dex2oat : Compilation of android.content.pm.PackageParser$Package com.android.server.pm.PackageManagerService.scanPackageDirtyLI(android.content.pm.PackageParser$Package, int, int, long, android.os.UserHandle) took 118.639ms
09-05 21:03:31.235  3591  3591 W dex2oat : Compilation of void com.android.server.pm.PackageManagerService.dump(java.io.FileDescriptor, java.io.PrintWriter, java.lang.String[]) took 109.418ms
09-05 21:03:31.677  3163  3163 D wrapperGPS: wrapperConnect_RILD
09-05 21:03:31.700  3591  3591 I dex2oat : dex2oat took 3.637s (threads: 8) arena alloc=20MB (21848136B) java alloc=3MB (4123200B) native alloc=34MB (36343928B) free=25MB (26832776B)
09-05 21:03:31.725  3605  3605 I dex2oat : /system/bin/dex2oat --compiler-filter=speed
09-05 21:03:32.007  3605  3605 I dex2oat : dex2oat took 281.663ms (threads: 8) arena alloc=1070KB (1096064B) java alloc=242KB (248712B) native alloc=2MB (2335312B) free=3MB (3956144B)
09-05 21:03:32.027  3640  3640 I dex2oat : /system/bin/dex2oat --compiler-filter=speed
09-05 21:03:32.678  3163  3163 D wrapperGPS: wrapperConnect_RILD
09-05 21:03:32.723  3640  3640 I dex2oat : dex2oat took 696.290ms (threads: 8) arena alloc=13MB (13955816B) java alloc=713KB (730696B) native alloc=5MB (6020928B) free=18MB (19407040B)
09-05 21:03:32.727  3562  3562 I InstallerConnection: disconnecting...
09-05 21:03:32.727  3168  3168 E         : eof
09-05 21:03:32.727  3168  3168 E         : failed to read size
09-05 21:03:32.727  3168  3168 I         : closing connection
09-05 21:03:32.732  3562  3562 W art     : Found duplicate classes, falling back to interpreter mode for /system/framework/wifi-service.jar
09-05 21:03:32.732  3562  3562 W art     : Found duplicated class when checking oat files: 'Lcom/google/protobuf/nano/MessageNano;' in /system/framework/services.jar and /system/framework/wifi-service.jar
09-05 21:03:32.755  3562  3562 I SystemServer: Entered the Android system server!
09-05 21:03:32.777  3562  3562 I SystemServiceManager: Starting com.android.server.pm.Installer
09-05 21:03:32.777  3562  3562 I Installer: Waiting for installd to be ready.
09-05 21:03:32.777  3562  3562 I InstallerConnection: connecting...
09-05 21:03:32.777  3168  3168 I         : new connection
09-05 21:03:32.778  3562  3562 I SystemServiceManager: Starting com.android.server.am.ActivityManagerService$Lifecycle
09-05 21:03:32.786  3562  3562 I ActivityManager: Memory class: 256
09-05 21:03:32.787  3562  3652 I ServiceThread: Enabled StrictMode logging for ActivityManager looper.
09-05 21:03:32.788  3562  3653 I ServiceThread: Enabled StrictMode logging for android.ui looper.
09-05 21:03:32.821  3562  3562 D BatteryStatsImpl: Reading daily items from /data/system/batterystats-daily.xml
09-05 21:03:32.852  3562  3562 I AppOps  : No existing app ops /data/system/appops.xml; starting empty
09-05 21:03:32.940  3562  3562 I IntentFirewall: Read new rules (A:0 B:0 S:0)
09-05 21:03:32.944  3562  3659 I ServiceThread: Enabled StrictMode logging for android.display looper.
09-05 21:03:32.954  3562  3562 D AppOps  : AppOpsService published
09-05 21:03:32.954  3562  3562 I SystemServiceManager: Starting com.android.server.power.PowerManagerService
09-05 21:03:32.955  3562  3661 I ServiceThread: Enabled StrictMode logging for PowerManagerService looper.
09-05 21:03:32.958  3562  3562 I SamsungPowerHAL: Initialized settings:
09-05 21:03:32.958  3562  3562 I SamsungPowerHAL: max_freqs: cluster[0]: 1690000, cluster[1]: 2314000
09-05 21:03:32.958  3562  3562 I SamsungPowerHAL: hispeed_freqs: cluster[0]: 1690000, cluster[1]: 2496000
09-05 21:03:32.958  3562  3562 I SamsungPowerHAL: boostpulse_fd: 62
09-05 21:03:32.958  3562  3562 I SamsungPowerHAL: touchscreen_power_path: /sys/class/input/input0/enabled
09-05 21:03:32.958  3562  3562 I SamsungPowerHAL: touchkey_power_path: NULL
09-05 21:03:32.958  3562  3562 W libsuspend: Error writing 'on' to /sys/power/state: Invalid argument
09-05 21:03:32.958  3562  3562 I libsuspend: Selected wakeup count
09-05 21:03:32.960  3562  3562 I SystemServiceManager: Starting com.android.server.lights.LightsService
09-05 21:03:32.961  3562  3562 I SystemServiceManager: Starting com.android.server.display.DisplayManagerService
09-05 21:03:32.963  3562  3562 I SystemServiceManager: Starting phase 100
09-05 21:03:32.964  3562  3659 W LocalDisplayAdapter: Unable to get active color mode for display device 0
09-05 21:03:32.965  3562  3659 E LocalDisplayAdapter: Default and active color mode is no longer available! Reverting to first available mode.
09-05 21:03:32.965  3146  3560 E SurfaceFlinger: getDefaultDisplay: id=2 is not a valid default display id
09-05 21:03:32.966  3562  3659 I DisplayManagerService: Display device added: DisplayDeviceInfo{"Built-in Screen": uniqueId="local:0", 1440 x 2960, modeId 1, defaultModeId 1, supportedModes [{id=1, width=1440, height=2960, fps=60.000004}], colorMode -22, supportedColorModes [-22], HdrCapabilities android.view.Display$HdrCapabilities@a69d6308, density 560, 522.514 x 525.762 dpi, appVsyncOff 1000000, presDeadline 16666666, touch INTERNAL, rotation 0, type BUILT_IN, state UNKNOWN, FLAG_DEFAULT_DISPLAY, FLAG_ROTATES_WITH_CONTENT, FLAG_SECURE, FLAG_SUPPORTS_PROTECTED_BUFFERS}
09-05 21:03:32.967  3146  3146 D SurfaceFlinger: Set power mode=2, type=0 flinger=0x7fa8a48000
09-05 21:03:32.967  3146  3146 D SurfaceFlinger: Screen type=0 is already mode=2
09-05 21:03:32.972  3562  3659 I DisplayManagerService: Display device changed state: "Built-in Screen", ON
09-05 21:03:32.973  3562  3562 I SystemServer: StartPackageManagerService
09-05 21:03:32.978  3562  3562 W FileUtils: Failed to chmod(/data/system/packages.list): android.system.ErrnoException: chmod failed: ENOENT (No such file or directory)
09-05 21:03:33.107  3562  3562 D SELinuxMMAC: Using policy file /system/etc/security/mac_permissions.xml
09-05 21:03:33.114  3562  3562 I PackageManager: No settings file; creating initial state
09-05 21:03:33.136  3666  3666 I dex2oat : /system/bin/dex2oat --compiler-filter=speed
09-05 21:03:33.432  3666  3666 I dex2oat : dex2oat took 296.849ms (threads: 8) arena alloc=2MB (2120320B) java alloc=717KB (734336B) native alloc=2MB (2719392B) free=5MB (5669216B)
09-05 21:03:33.452  3675  3675 I dex2oat : /system/bin/dex2oat --compiler-filter=speed
09-05 21:03:33.526  3675  3675 I dex2oat : dex2oat took 74.228ms (threads: 8) arena alloc=368KB (377568B) java alloc=327KB (335816B) native alloc=1313KB (1344560B) free=3MB (3374032B)
09-05 21:03:33.545  3684  3684 I dex2oat : /system/bin/dex2oat --compiler-filter=speed
09-05 21:03:33.617  3684  3684 I dex2oat : dex2oat took 73.059ms (threads: 8) arena alloc=252KB (258320B) java alloc=51KB (53128B) native alloc=1073KB (1099024B) free=1486KB (1522416B)
09-05 21:03:33.636  3693  3693 I dex2oat : /system/bin/dex2oat --compiler-filter=speed
09-05 21:03:33.678  3163  3163 D wrapperGPS: wrapperConnect_RILD
09-05 21:03:33.737  3693  3693 I dex2oat : dex2oat took 101.759ms (threads: 8) arena alloc=3MB (3846152B) java alloc=158KB (162488B) native alloc=1221KB (1251152B) free=6MB (6613168B)
09-05 21:03:33.755  3702  3702 I dex2oat : /system/bin/dex2oat --compiler-filter=speed
09-05 21:03:33.827  3702  3702 I dex2oat : dex2oat took 72.060ms (threads: 8) arena alloc=612KB (627472B) java alloc=79KB (81072B) native alloc=987KB (1011232B) free=4MB (4755936B)
09-05 21:03:33.847  3711  3711 I dex2oat : /system/bin/dex2oat --compiler-filter=speed
09-05 21:03:33.997  3711  3711 I dex2oat : dex2oat took 150.629ms (threads: 8) arena alloc=1706KB (1747672B) java alloc=492KB (504416B) native alloc=1834KB (1878336B) free=4MB (4413120B)
09-05 21:03:34.000  3562  3562 E art     : DexFile_getDexOptNeeded file '/system/framework/org.apache.http.legacy.jar' does not exist
09-05 21:03:34.000  3562  3562 W PackageManager: Library not found: /system/framework/org.apache.http.legacy.jar
09-05 21:03:34.016  3720  3720 I dex2oat : /system/bin/dex2oat --compiler-filter=speed
09-05 21:03:34.084  3720  3720 I dex2oat : dex2oat took 67.795ms (threads: 8) arena alloc=493KB (505128B) java alloc=125KB (128896B) native alloc=1183KB (1211648B) free=3MB (3506944B)
09-05 21:03:34.102  3729  3729 I dex2oat : /system/bin/dex2oat --compiler-filter=speed
09-05 21:03:34.174  3729  3729 I dex2oat : dex2oat took 72.036ms (threads: 8) arena alloc=294KB (301720B) java alloc=136KB (139928B) native alloc=1101KB (1127464B) free=1970KB (2018264B)
09-05 21:03:34.192  3738  3738 I dex2oat : /system/bin/dex2oat --compiler-filter=speed
09-05 21:03:34.212  3738  3738 I dex2oat : dex2oat took 20.465ms (threads: 8) arena alloc=84KB (86488B) java alloc=59KB (61128B) native alloc=1029KB (1054384B) free=2042KB (2091344B)
09-05 21:03:34.231  3747  3747 I dex2oat : /system/bin/dex2oat --compiler-filter=speed
09-05 21:03:34.266  3747  3747 I dex2oat : dex2oat took 35.432ms (threads: 8) arena alloc=445KB (456608B) java alloc=238KB (243808B) native alloc=1317KB (1348880B) free=3MB (3894000B)
09-05 21:03:34.284  3756  3756 I dex2oat : /system/bin/dex2oat --compiler-filter=speed
09-05 21:03:34.309  3756  3756 I dex2oat : dex2oat took 25.195ms (threads: 8) arena alloc=262KB (268856B) java alloc=37KB (38472B) native alloc=1109KB (1135736B) free=1450KB (1485704B)
09-05 21:03:34.327  3765  3765 I dex2oat : /system/bin/dex2oat --compiler-filter=speed
09-05 21:03:34.399  3765  3765 I dex2oat : dex2oat took 72.748ms (threads: 8) arena alloc=3MB (3463496B) java alloc=123KB (126224B) native alloc=1358KB (1390744B) free=6MB (6473576B)
09-05 21:03:34.418  3774  3774 I dex2oat : /system/bin/dex2oat --compiler-filter=speed
09-05 21:03:34.532  3774  3774 I dex2oat : dex2oat took 114.679ms (threads: 8) arena alloc=2MB (2156064B) java alloc=441KB (452152B) native alloc=1422KB (1456440B) free=5MB (5359304B)
09-05 21:03:34.535  3562  3562 E art     : DexFile_getDexOptNeeded file '/system/framework/org.apache.http.legacy.jar' does not exist
09-05 21:03:34.535  3562  3562 W PackageManager: Library not found: /system/framework/org.apache.http.legacy.jar
09-05 21:03:34.551  3783  3783 I dex2oat : /system/bin/dex2oat --compiler-filter=speed
09-05 21:03:34.579  3783  3783 I dex2oat : dex2oat took 28.611ms (threads: 8) arena alloc=564KB (578200B) java alloc=87KB (90048B) native alloc=1164KB (1191936B) free=3MB (3526656B)
09-05 21:03:34.597  3792  3792 I dex2oat : /system/bin/dex2oat --compiler-filter=speed
09-05 21:03:34.625  3792  3792 I dex2oat : dex2oat took 27.772ms (threads: 8) arena alloc=323KB (331304B) java alloc=109KB (112560B) native alloc=1115KB (1142624B) free=2MB (2527392B)
09-05 21:03:34.643  3801  3801 I dex2oat : /system/bin/dex2oat --compiler-filter=speed
09-05 21:03:34.664  3801  3801 I dex2oat : dex2oat took 21.253ms (threads: 8) arena alloc=102KB (105336B) java alloc=59KB (61384B) native alloc=1036KB (1061632B) free=2035KB (2084096B)
09-05 21:03:34.666  3562  3562 D PackageManager: No files in app dir /vendor/overlay
09-05 21:03:34.667  3562  3562 D PackageManager: start scanDirLI:/system/framework
09-05 21:03:34.667  3562  3562 D PackageManager: max thread:6
09-05 21:03:34.678  3163  3163 D wrapperGPS: wrapperConnect_RILD
09-05 21:03:34.694  3562  3811 I PackageManager: /system/framework/org.cyanogenmod.platform-res.apk changed; collecting certs
09-05 21:03:34.707  3562  3811 W PackageManager: Permission cyanogenmod.permission.WRITE_ALARMS from package cyanogenmod.platform in an unknown group android.permission-group.SYSTEM_CLOCK
09-05 21:03:34.708  3562  3811 W PackageManager: Permission cyanogenmod.permission.MANAGE_ALARMS from package cyanogenmod.platform in an unknown group android.permission-group.SYSTEM_CLOCK
09-05 21:03:34.708  3562  3811 W PackageManager: Permission cyanogenmod.permission.READ_ALARMS from package cyanogenmod.platform in an unknown group android.permission-group.SYSTEM_CLOCK
09-05 21:03:34.763  3562  3810 I PackageManager: /system/framework/framework-res.apk changed; collecting certs
09-05 21:03:34.856  3562  3562 D PackageManager: end scanDirLI:/system/framework
09-05 21:03:34.858  3562  3562 D PackageManager: start scanDirLI:/system/priv-app
09-05 21:03:34.859  3562  3562 D PackageManager: max thread:6
09-05 21:03:34.872  3562  3813 I PackageManager: /system/priv-app/BackupRestoreConfirmation changed; collecting certs
09-05 21:03:34.873  3562  3810 I PackageManager: /system/priv-app/CMSettingsProvider changed; collecting certs
09-05 21:03:34.874  3562  3814 I PackageManager: /system/priv-app/BlockedNumberProvider changed; collecting certs
09-05 21:03:34.875  3562  3815 I PackageManager: /system/priv-app/CMAudioService changed; collecting certs
09-05 21:03:34.881  3562  3812 I PackageManager: /system/priv-app/AudioFX changed; collecting certs
09-05 21:03:34.884  3562  3814 I PackageManager: New shared user android.uid.shared: id=10002
09-05 21:03:34.885  3562  3810 I PackageManager: /system/priv-app/CallLogBackup changed; collecting certs
09-05 21:03:34.889  3562  3813 I PackageManager: /system/priv-app/CalendarProvider changed; collecting certs
09-05 21:03:34.890  3562  3815 I PackageManager: /system/priv-app/CarrierConfig changed; collecting certs
09-05 21:03:34.893  3562  3813 I PackageManager: New shared user android.uid.calendar: id=10004
09-05 21:03:34.897  3562  3811 I PackageManager: /system/priv-app/CMParts changed; collecting certs
09-05 21:03:34.901  3562  3815 I PackageManager: /system/priv-app/DefaultContainerService changed; collecting certs
09-05 21:03:34.904  3562  3810 I PackageManager: /system/priv-app/ContactsProvider changed; collecting certs
09-05 21:03:34.905  3562  3813 I PackageManager: /system/priv-app/CtsShimPrivPrebuilt changed; collecting certs
09-05 21:03:34.910  3562  3814 I PackageManager: /system/priv-app/CellBroadcastReceiver changed; collecting certs
09-05 21:03:34.935  3562  3810 I PackageManager: /system/priv-app/DownloadProvider changed; collecting certs
09-05 21:03:34.936  3562  3812 W PackageParser: No actions in intent filter at /system/priv-app/Contacts/Contacts.apk Binary XML file line #431
09-05 21:03:34.938  3562  3811 I PackageManager: /system/priv-app/Eleven changed; collecting certs
09-05 21:03:34.940  3562  3813 I PackageManager: /system/priv-app/DocumentsUI changed; collecting certs
09-05 21:03:34.941  3562  3810 I PackageManager: New shared user android.media: id=10009
09-05 21:03:34.942  3562  3812 I PackageManager: /system/priv-app/Contacts changed; collecting certs
09-05 21:03:34.943  3562  3814 I PackageManager: /system/priv-app/EmergencyInfo changed; collecting certs
09-05 21:03:34.943  3562  3815 W PackageParser: No actions in intent filter at /system/priv-app/Dialer/Dialer.apk Binary XML file line #207
09-05 21:03:34.946  3562  3810 W PackageManager: Permission android.permission.DOWNLOAD_WITHOUT_NOTIFICATION from package com.android.providers.downloads in an unknown group android.permission-group.NETWORK
09-05 21:03:34.949  3562  3815 I PackageManager: /system/priv-app/Dialer changed; collecting certs
09-05 21:03:34.954  3562  3810 I PackageManager: /system/priv-app/ExtServices changed; collecting certs
09-05 21:03:34.961  3562  3814 I PackageManager: New shared user com.android.emergency.uid: id=10012
09-05 21:03:34.969  3562  3813 I PackageManager: /system/priv-app/ExternalStorageProvider changed; collecting certs
09-05 21:03:34.970  3562  3810 I PackageManager: /system/priv-app/FusedLocation changed; collecting certs
09-05 21:03:34.979  3562  3811 I PackageManager: /system/priv-app/InputDevices changed; collecting certs
09-05 21:03:34.990  3562  3811 I PackageManager: /system/priv-app/MmsService changed; collecting certs
09-05 21:03:34.994  3562  3810 I PackageManager: /system/priv-app/ManagedProvisioning changed; collecting certs
09-05 21:03:34.999  3562  3813 I PackageManager: /system/priv-app/LineageSetupWizard changed; collecting certs
09-05 21:03:35.000  3562  3811 I PackageManager: /system/priv-app/OneTimeInitializer changed; collecting certs
09-05 21:03:35.000  3562  3812 I PackageManager: /system/priv-app/MediaProvider changed; collecting certs
09-05 21:03:35.001  3562  3815 I PackageManager: /system/priv-app/MtpDocumentsProvider changed; collecting certs
09-05 21:03:35.011  3562  3811 I PackageManager: /system/priv-app/ProxyHandler changed; collecting certs
09-05 21:03:35.016  3562  3814 I PackageManager: /system/priv-app/Gallery2 changed; collecting certs
09-05 21:03:35.021  3562  3812 I PackageManager: /system/priv-app/Recorder changed; collecting certs
09-05 21:03:35.022  3562  3815 I PackageManager: /system/priv-app/SettingsProvider changed; collecting certs
09-05 21:03:35.026  3562  3810 I PackageManager: /system/priv-app/PackageInstaller changed; collecting certs
09-05 21:03:35.029  3562  3811 I PackageManager: /system/priv-app/SharedStorageBackup changed; collecting certs
09-05 21:03:35.041  3562  3812 I PackageManager: /system/priv-app/StatementService changed; collecting certs
09-05 21:03:35.043  3562  3815 W PackageParser: Ignoring duplicate uses-permissions/uses-permissions-sdk-m: android.permission.INSTALL_GRANT_RUNTIME_PERMISSIONS in package: com.android.shell at: Binary XML file line #102
09-05 21:03:35.048  3562  3815 I PackageManager: /system/priv-app/Shell changed; collecting certs
09-05 21:03:35.055  3562  3811 I PackageManager: /system/priv-app/StorageManager changed; collecting certs
09-05 21:03:35.061  3562  3810 I PackageManager: /system/priv-app/Tag changed; collecting certs
09-05 21:03:35.078  3562  3810 I PackageManager: /system/priv-app/TelephonyProvider changed; collecting certs
09-05 21:03:35.083  3562  3814 I PackageManager: /system/priv-app/Telecom changed; collecting certs
09-05 21:03:35.087  3562  3812 W PackageParser: Ignoring duplicate uses-permissions/uses-permissions-sdk-m: android.permission.CONFIGURE_WIFI_DISPLAY in package: com.android.systemui at: Binary XML file line #117
09-05 21:03:35.091  3562  3811 I PackageManager: /system/priv-app/Trebuchet changed; collecting certs
09-05 21:03:35.097  3562  3810 I PackageManager: /system/priv-app/Updater changed; collecting certs
09-05 21:03:35.105  3562  3813 W PackageParser: Ignoring duplicate uses-permissions/uses-permissions-sdk-m: android.permission.USE_CREDENTIALS in package: com.android.settings at: Binary XML file line #56
09-05 21:03:35.106  3562  3813 W PackageParser: Ignoring duplicate uses-permissions/uses-permissions-sdk-m: android.permission.READ_SYNC_SETTINGS in package: com.android.settings at: Binary XML file line #61
09-05 21:03:35.106  3562  3813 W PackageParser: Ignoring duplicate uses-permissions/uses-permissions-sdk-m: android.permission.WRITE_SYNC_SETTINGS in package: com.android.settings at: Binary XML file line #62
09-05 21:03:35.107  3562  3811 W PackageManager: Permission com.android.launcher.permission.INSTALL_SHORTCUT from package com.cyanogenmod.trebuchet in an unknown group android.permission-group.SYSTEM_TOOLS
09-05 21:03:35.107  3562  3811 W PackageManager: Permission com.android.launcher3.permission.READ_SETTINGS from package com.cyanogenmod.trebuchet in an unknown group android.permission-group.SYSTEM_TOOLS
09-05 21:03:35.107  3562  3811 W PackageManager: Permission com.android.launcher3.permission.WRITE_SETTINGS from package com.cyanogenmod.trebuchet in an unknown group android.permission-group.SYSTEM_TOOLS
09-05 21:03:35.108  3562  3814 I PackageManager: /system/priv-app/VpnDialogs changed; collecting certs
09-05 21:03:35.114  3562  3812 I PackageManager: /system/priv-app/SystemUI changed; collecting certs
09-05 21:03:35.118  3562  3814 I PackageManager: /system/priv-app/WeatherProvider changed; collecting certs
09-05 21:03:35.119  3562  3815 I PackageManager: /system/priv-app/TeleService changed; collecting certs
09-05 21:03:35.119  3562  3810 I PackageManager: /system/priv-app/WeatherManagerService changed; collecting certs
09-05 21:03:35.124  3562  3811 I PackageManager: /system/priv-app/WallpaperCropper changed; collecting certs
09-05 21:03:35.154  3562  3812 I PackageManager: New shared user android.uid.systemui: id=10033
09-05 21:03:35.214  3562  3813 I PackageManager: /system/priv-app/Settings changed; collecting certs
09-05 21:03:35.303  3562  3562 D PackageManager: end scanDirLI:/system/priv-app
09-05 21:03:35.304  3562  3562 D PackageManager: start scanDirLI:/system/app
09-05 21:03:35.304  3562  3562 D PackageManager: max thread:6
09-05 21:03:35.311  3562  3812 I PackageManager: /system/app/BookmarkProvider changed; collecting certs
09-05 21:03:35.311  3562  3811 I PackageManager: /system/app/BasicDreams changed; collecting certs
09-05 21:03:35.311  3562  3815 I PackageManager: /system/app/BluetoothMidiService changed; collecting certs
09-05 21:03:35.320  3562  3814 I PackageManager: /system/app/AdvancedDisplay changed; collecting certs
09-05 21:03:35.324  3562  3810 W PackageParser: No actions in intent filter at /system/app/Bluetooth/Bluetooth.apk Binary XML file line #226
09-05 21:03:35.328  3562  3811 I PackageManager: /system/app/CaptivePortalLogin changed; collecting certs
09-05 21:03:35.328  3562  3813 I PackageManager: /system/app/Calendar changed; collecting certs
09-05 21:03:35.328  3562  3810 I PackageManager: /system/app/Bluetooth changed; collecting certs
09-05 21:03:35.337  3562  3815 I PackageManager: /system/app/Camera2 changed; collecting certs
09-05 21:03:35.338  3562  3812 I PackageManager: /system/app/CertInstaller changed; collecting certs
09-05 21:03:35.342  3562  3811 I PackageManager: /system/app/CtsShimPrebuilt changed; collecting certs
09-05 21:03:35.345  3562  3813 W PackageManager: Non-privileged app; cap priority to 0; package: com.android.calendar activity: com.android.calendar.GoogleCalendarUriIntentFilter origPrio: 50
09-05 21:03:35.348  3562  3811 W PackageManager: Non-privileged app; cap priority to 0; package: com.android.cts.ctsshim activity: com.android.cts.ctsshim.InstallPriority origPrio: 100
09-05 21:03:35.348  3562  3811 W PackageManager: Non-privileged app; cap priority to 0; package: com.android.cts.ctsshim activity: com.android.cts.ctsshim.InstallPriority origPrio: 100
09-05 21:03:35.348  3562  3811 W PackageManager: Non-privileged app; cap priority to 0; package: com.android.cts.ctsshim activity: com.android.cts.ctsshim.InstallPriority origPrio: 100
09-05 21:03:35.348  3562  3811 W PackageManager: Non-privileged app; cap priority to 0; package: com.android.cts.ctsshim activity: com.android.cts.ctsshim.InstallPriority origPrio: 100
09-05 21:03:35.348  3562  3811 W PackageManager: Non-privileged app; cap priority to 0; package: com.android.cts.ctsshim activity: com.android.cts.ctsshim.InstallPriority origPrio: 100
09-05 21:03:35.356  3562  3814 W PackageParser: Ignoring duplicate uses-permissions/uses-permissions-sdk-m: android.permission.WRITE_SETTINGS in package: com.android.deskclock at: Binary XML file line #45
09-05 21:03:35.359  3562  3812 I PackageManager: /system/app/EasterEgg changed; collecting certs
09-05 21:03:35.362  3562  3813 I PackageManager: /system/app/Development changed; collecting certs
09-05 21:03:35.368  3562  3814 I PackageManager: /system/app/DeskClock changed; collecting certs
09-05 21:03:35.369  3562  3815 I PackageManager: /system/app/ExactCalculator changed; collecting certs
09-05 21:03:35.371  3562  3811 I PackageManager: /system/app/DownloadProviderUi changed; collecting certs
09-05 21:03:35.378  3562  3812 I PackageManager: /system/app/ExtShared changed; collecting certs
09-05 21:03:35.384  3562  3813 I PackageManager: /system/app/Exchange2 changed; collecting certs
09-05 21:03:35.392  3562  3811 I PackageManager: /system/app/Jelly changed; collecting certs
09-05 21:03:35.392  3562  3815 I PackageManager: /system/app/HTMLViewer changed; collecting certs
09-05 21:03:35.399  3562  3814 I PackageManager: /system/app/KeyChain changed; collecting certs
09-05 21:03:35.404  3562  3813 I PackageManager: /system/app/LiveWallpapersPicker changed; collecting certs
09-05 21:03:35.412  3562  3815 I PackageManager: /system/app/LockClock changed; collecting certs
09-05 21:03:35.415  3562  3810 I PackageManager: /system/app/Email changed; collecting certs
09-05 21:03:35.417  3562  3811 W PackageParser: Ignoring duplicate uses-permissions/uses-permissions-sdk-m: android.permission.CHANGE_WIFI_STATE in package: com.android.nfc at: Binary XML file line #47
09-05 21:03:35.418  3562  3811 W PackageParser: Ignoring duplicate uses-permissions/uses-permissions-sdk-m: android.permission.ACCESS_WIFI_STATE in package: com.android.nfc at: Binary XML file line #48
09-05 21:03:35.418  3562  3814 I PackageManager: /system/app/PacProcessor changed; collecting certs
09-05 21:03:35.422  3562  3811 I PackageManager: /system/app/NfcNci changed; collecting certs
09-05 21:03:35.424  3562  3812 I PackageManager: /system/app/LatinIME changed; collecting certs
09-05 21:03:35.430  3562  3813 I PackageManager: /system/app/PhotoTable changed; collecting certs
09-05 21:03:35.435  3562  3814 I PackageManager: /system/app/PicoTts changed; collecting certs
09-05 21:03:35.439  3562  3815 I PackageManager: /system/app/PrintRecommendationService changed; collecting certs
09-05 21:03:35.451  3562  3810 W PackageManager: Permission com.android.email.permission.READ_ATTACHMENT from package com.android.email in an unknown group android.permission-group.MESSAGES
09-05 21:03:35.451  3562  3813 I PackageManager: /system/app/RootPA changed; collecting certs
09-05 21:03:35.451  3562  3814 I PackageManager: /system/app/Profiles changed; collecting certs
09-05 21:03:35.453  3562  3811 I PackageManager: /system/app/PrintSpooler changed; collecting certs
09-05 21:03:35.459  3562  3810 I PackageManager: /system/app/Terminal changed; collecting certs
09-05 21:03:35.459  3562  3815 I PackageManager: /system/app/Stk changed; collecting certs
09-05 21:03:35.468  3562  3813 I PackageManager: /system/app/WAPPushManager changed; collecting certs
09-05 21:03:35.472  3562  3814 I PackageManager: /system/app/UserDictionaryProvider changed; collecting certs
09-05 21:03:35.473  3562  3811 I PackageManager: /system/app/WallpaperBackup changed; collecting certs
09-05 21:03:35.474  3562  3810 W PackageManager: Failed to parse /system/app/mcRegistry: Missing base APK in /system/app/mcRegistry
09-05 21:03:35.480  3562  3815 I PackageManager: /system/app/WallpaperPicker changed; collecting certs
09-05 21:03:35.487  3562  3813 I PackageManager: /system/app/telresources changed; collecting certs
09-05 21:03:35.501  3562  3814 I PackageManager: /system/app/webview changed; collecting certs
09-05 21:03:35.516  3562  3810 I PackageManager: /system/app/messaging changed; collecting certs
09-05 21:03:35.678  3163  3163 D wrapperGPS: wrapperConnect_RILD
09-05 21:03:35.857  3562  3562 D PackageManager: end scanDirLI:/system/app
09-05 21:03:35.857  3562  3562 D PackageManager: No files in app dir /system/vendor/app
09-05 21:03:35.857  3562  3562 D PackageManager: No files in app dir /oem/app
09-05 21:03:35.861  3562  3562 D PackageManager: No files in app dir /data/app
09-05 21:03:35.861  3562  3562 D PackageManager: No files in app dir /data/app-private
09-05 21:03:35.861  3562  3562 D PackageManager: No files in app dir /data/app-ephemeral
09-05 21:03:35.864  3562  3562 E PackageManager: There should probably be exactly one setup wizard; found 0: matches=[]
09-05 21:03:35.864  3562  3562 W PackageManager: Protected action; cap priority to 0; package: com.android.cts.priv.ctsshim activity: com.android.cts.priv.ctsshim.InstallPriority origPrio: 100
09-05 21:03:35.865  3562  3562 W PackageManager: Protected action; cap priority to 0; package: com.android.cts.priv.ctsshim activity: com.android.cts.priv.ctsshim.InstallPriority origPrio: 100
09-05 21:03:35.865  3562  3562 W PackageManager: Protected action; cap priority to 0; package: com.android.cts.priv.ctsshim activity: com.android.cts.priv.ctsshim.InstallPriority origPrio: 100
09-05 21:03:35.865  3562  3562 W PackageManager: Protected action; cap priority to 0; package: com.android.cts.priv.ctsshim activity: com.android.cts.priv.ctsshim.InstallPriority origPrio: 100
09-05 21:03:35.865  3562  3562 W PackageManager: Protected action; cap priority to 0; package: com.android.packageinstaller activity: com.android.packageinstaller.PackageInstallerActivity origPrio: 1
09-05 21:03:35.865  3562  3562 W PackageManager: Package com.android.gallery3d desires unavailable shared library com.google.android.media.effects; ignoring!
09-05 21:03:35.865  3562  3562 W PackageManager: Package com.android.gallery3d desires unavailable shared library com.google.android.media.effects; ignoring!
09-05 21:03:35.866  3562  3562 I PackageManager: Adjusting ABI for com.android.providers.media to arm64-v8a (requirer=com.android.mtp, scannedPackage=null)
09-05 21:03:35.866  3562  3562 I PackageManager: Adjusting ABI for com.android.providers.downloads.ui to arm64-v8a (requirer=com.android.mtp, scannedPackage=null)
09-05 21:03:35.867  3562  3562 I PackageManager: Adjusting ABI for com.android.providers.downloads to arm64-v8a (requirer=com.android.mtp, scannedPackage=null)
09-05 21:03:35.867  3562  3562 I PackageManager: Adjusting ABI for com.android.development to arm64-v8a (requirer=android, scannedPackage=null)
09-05 21:03:35.868  3562  3562 I PackageManager: Adjusting ABI for com.android.inputdevices to arm64-v8a (requirer=android, scannedPackage=null)
09-05 21:03:35.868  3562  3562 I PackageManager: Adjusting ABI for com.android.settings to arm64-v8a (requirer=android, scannedPackage=null)
09-05 21:03:35.869  3562  3562 I PackageManager: Adjusting ABI for org.cyanogenmod.cmparts to arm64-v8a (requirer=android, scannedPackage=null)
09-05 21:03:35.869  3562  3562 I PackageManager: Adjusting ABI for com.cyanogenmod.settings.device to arm64-v8a (requirer=android, scannedPackage=null)
09-05 21:03:35.869  3562  3562 I PackageManager: Adjusting ABI for com.android.location.fused to arm64-v8a (requirer=android, scannedPackage=null)
09-05 21:03:35.870  3562  3562 I PackageManager: Adjusting ABI for cyanogenmod.platform to arm64-v8a (requirer=android, scannedPackage=null)
09-05 21:03:35.870  3168  3168 E         : invalid apk path '/system/framework/org.cyanogenmod.platform-res.apk' (bad prefix)
09-05 21:03:35.870  3562  3562 I PackageManager: Adjusting ABI for com.android.keychain to arm64-v8a (requirer=android, scannedPackage=null)
09-05 21:03:35.871  3562  3562 I PackageManager: Adjusting ABI for com.android.wallpaperbackup to arm64-v8a (requirer=android, scannedPackage=null)
09-05 21:03:35.871  3562  3562 I PackageManager: Adjusting ABI for com.cyanogenmod.setupwizard to arm64-v8a (requirer=android, scannedPackage=null)
09-05 21:03:35.871  3562  3562 I PackageManager: Adjusting ABI for org.cyanogenmod.cmsettings to arm64-v8a (requirer=android, scannedPackage=null)
09-05 21:03:35.872  3562  3562 I PackageManager: Adjusting ABI for com.android.providers.settings to arm64-v8a (requirer=android, scannedPackage=null)
09-05 21:03:35.872  3562  3562 I PackageManager: Adjusting ABI for com.android.server.telecom to arm64-v8a (requirer=android, scannedPackage=null)
09-05 21:03:35.874  3562  3562 I PackageManager: Time to scan packages: 2.754 seconds
09-05 21:03:35.876  3562  3562 W PackageManager: Unknown permission com.google.android.googleapps.permission.GOOGLE_AUTH in package com.android.providers.calendar
09-05 21:03:35.876  3562  3562 W PackageManager: Unknown permission com.google.android.googleapps.permission.GOOGLE_AUTH.cl in package com.android.providers.calendar
09-05 21:03:35.881  3562  3562 W PackageManager: Unknown permission cyanogenmod.permission.LEGALESE in package com.cyanogenmod.setupwizard
09-05 21:03:35.884  3562  3562 W PackageManager: Unknown permission com.android.gallery3d.permission.STORAGE_CHANGE in package com.android.camera2
09-05 21:03:35.884  3562  3562 W PackageManager: Unknown permission android.permission.NFC_UNLOCK in package com.android.nfc
09-05 21:03:35.888  3562  3562 W PackageManager: Unknown permission com.google.android.googleapps.permission.GOOGLE_AUTH.mail in package com.android.calendar
09-05 21:03:35.889  3562  3562 W PackageManager: Unknown permission com.android.launcher.permission.READ_SETTINGS in package com.android.onetimeinitializer
09-05 21:03:35.889  3562  3562 W PackageManager: Unknown permission com.android.launcher.permission.WRITE_SETTINGS in package com.android.onetimeinitializer
09-05 21:03:35.894  3562  3562 W PackageManager: Unknown permission com.android.launcher.permission.READ_SETTINGS in package com.cyanogenmod.trebuchet
09-05 21:03:35.894  3562  3562 W PackageManager: Unknown permission com.android.launcher.permission.WRITE_SETTINGS in package com.cyanogenmod.trebuchet
09-05 21:03:35.896  3562  3562 W PackageManager: Unknown permission com.google.android.permission.INSTALL_WEARABLE_PACKAGES in package com.android.packageinstaller
09-05 21:03:35.896  3562  3562 W PackageManager: Not granting permission android.permission.DELETE_PACKAGES to package com.svox.pico (protectionLevel=18 flags=0x3808be45)
09-05 21:03:35.898  3562  3562 W PackageManager: Unknown permission com.google.android.gallery3d.permission.PICASA_STORE in package com.android.dreams.phototable
09-05 21:03:35.899  3562  3562 W PackageManager: Unknown permission com.google.android.googleapps.permission.GOOGLE_AUTH in package com.android.settings
09-05 21:03:35.900  3562  3562 W PackageManager: Unknown permission com.android.launcher.permission.READ_SETTINGS in package com.android.settings
09-05 21:03:35.901  3562  3562 W PackageManager: Unknown permission com.android.launcher.permission.WRITE_SETTINGS in package com.android.settings
09-05 21:03:35.915  3562  3562 W PackageManager: Not granting permission android.permission.MANAGE_DOCUMENTS to package com.android.deskclock (protectionLevel=2 flags=0x3c49be45)
09-05 21:03:35.916  3562  3562 W PackageManager: Unknown permission com.android.deskclock.worldclock.permissions.WRITE_DATABASE in package com.android.deskclock
09-05 21:03:35.916  3562  3562 W PackageManager: Unknown permission org.codeaurora.permission.POWER_ON_ALERT in package com.android.deskclock
09-05 21:03:35.916  3562  3562 W PackageManager: Not granting permission android.permission.WRITE_SECURE_SETTINGS to package com.android.deskclock (protectionLevel=50 flags=0x3c49be45)
09-05 21:03:35.921  3562  3562 W PackageManager: Unknown permission com.cyanogenmod.lockclock.permission.READ_WEATHER in package com.android.systemui
09-05 21:03:35.924  3562  3562 W PackageManager: Unknown permission com.google.android.gallery3d.permission.GALLERY_PROVIDER in package com.android.bluetooth
09-05 21:03:35.926  3562  3562 W PackageManager: Unknown permission com.google.android.googleapps.permission.ACCESS_GOOGLE_PASSWORD in package com.android.development
09-05 21:03:35.926  3562  3562 W PackageManager: Unknown permission com.google.android.googleapps.permission.GOOGLE_AUTH in package com.android.development
09-05 21:03:35.926  3562  3562 W PackageManager: Unknown permission com.google.android.googleapps.permission.GOOGLE_AUTH.ALL_SERVICES in package com.android.development
09-05 21:03:35.926  3562  3562 W PackageManager: Unknown permission com.google.android.googleapps.permission.GOOGLE_AUTH.YouTubeUser in package com.android.development
09-05 21:03:35.928  3562  3562 V PackageManager: reconcileAppsData for null u0 0x3
09-05 21:03:35.929  3168  3168 E SELinux : selinux_android_file_context_handle: Error getting file context handle (No such file or directory)
09-05 21:03:36.070  3562  3562 V PackageManager: reconcileAppsData finished 93 packages
09-05 21:03:36.071  3562  3562 V PackageManager: Disabling com.google.android.gsf/com.google.android.gsf.update.SystemUpdateActivity
09-05 21:03:36.071  3562  3562 W PackageManager: Unable to disable com.google.android.gsf/com.google.android.gsf.update.SystemUpdateActivity
09-05 21:03:36.071  3562  3562 V PackageManager: Disabling com.google.android.gsf/com.google.android.gsf.update.SystemUpdateService$Receiver
