09-12 19:33:27.204  3580  4032 D VoldConnector: RCV <- {653 public:179_1 FCC5-74BE}
09-12 19:33:27.205  3580  4032 D VoldConnector: RCV <- {654 public:179_1 sdcard}
09-12 19:33:27.206  3580  4032 D VoldConnector: RCV <- {656 public:179_1 /mnt/media_rw/FCC5-74BE}
09-12 19:33:27.207  3580  4032 D VoldConnector: RCV <- {655 public:179_1 /mnt/media_rw/FCC5-74BE}
09-12 19:33:27.210  3075  3144 I fsck_msdos: ** /dev/block/vold/public:179_1
09-12 19:33:27.212  6595  6595 D fsck_msdos: sectors Per cluster :8 
09-12 19:33:27.212  6595  6595 D fsck_msdos: boot->ClusterOffset :29508 
09-12 19:33:27.212  6595  6595 I fsck_msdos: FAT32 Filesystem
09-12 19:33:27.212  6595  6595 D fsck_msdos: Using cluster_chain_descriptor
09-12 19:33:27.212  6595  6595 I fsck_msdos: Total clusters 1887383 
09-12 19:33:27.212  3075  3144 I fsck_msdos: ** Phase 1 - Read FAT (compare skipped)
09-12 19:33:27.212  3075  3144 I fsck_msdos: Attempting to allocate 7373 KB for FAT
09-12 19:33:27.567  6595  6595 I fsck_msdos: ** Phase 2 - Check Cluster Chains 
09-12 19:33:27.567  6595  6595 I fsck_msdos: Begin to handle the cluster chain
09-12 19:33:27.630  6595  6595 D fsck_msdos: rootDir->head :2
09-12 19:33:27.630  3075  3144 I fsck_msdos: ** Phase 3 - Checking Directories
09-12 19:33:27.633  6595  6595 D fsck_msdos: Verify Filesystem information
09-12 19:33:27.633  6595  6595 W fsck_msdos: 2 files, 3355212 free (1887379 clusters)
09-12 19:33:27.633  6595  6595 I fsck_msdos: free_rb_tree 
09-12 19:33:27.633  6595  6595 I fsck_msdos: free_fragment_tree
09-12 19:33:27.633  6595  6595 I fsck_msdos: free_fragment_tree
09-12 19:33:27.633  6595  6595 I fsck_msdos: free_fragment_tree: rb_tree is empty 
09-12 19:33:27.633  3075  3144 I fsck_msdos: ** Phase 4 - Checking for Lost Files
09-12 19:33:27.636  3075  3144 I Vold    : Filesystem check completed OK
09-12 19:33:27.647  3580  4032 D VoldConnector: RCV <- {651 public:179_1 2}
09-12 19:33:27.655  3580  4032 D VoldConnector: RCV <- {200 38 Command succeeded}
09-12 19:33:27.667  3580  5405 E VoldConnector: NDC Command {38 volume mount public:179_1 0 0} took too long (790ms)
09-12 19:33:27.675  4778  4778 D StorageNotification: Notifying about public volume: VolumeInfo{public:179_1}:
09-12 19:33:27.675  4778  4778 D StorageNotification:     type=PUBLIC diskId=disk:179_0 partGuid=null mountFlags=0 mountUserId=0 
09-12 19:33:27.675  4778  4778 D StorageNotification:     state=MOUNTED 
09-12 19:33:27.675  4778  4778 D StorageNotification:     fsType=vfat fsUuid=FCC5-74BE fsLabel=sdcard 
09-12 19:33:27.675  4778  4778 D StorageNotification:     path=/mnt/media_rw/FCC5-74BE internalPath=/mnt/media_rw/FCC5-74BE 
09-12 19:33:27.726  3580  3580 D ZenLog  : disable_effects: -1|com.android.systemui|1397773634|public:179_1|10033,booleanState
09-12 19:33:27.730  6336  6336 D ExternalStorage: After updating volumes, found 3 active roots
09-12 19:33:27.814  4778  4778 W View    : requestLayout() improperly called by com.android.internal.widget.NotificationExpandButton{5e1900 V.ED..C.. ......ID 455,56-504,109 #10203b5 android:id/expand_button} during layout: running second layout pass
09-12 19:33:27.814  4778  4778 W View    : requestLayout() improperly called by com.android.internal.widget.NotificationExpandButton{9aed539 V.ED..C.. ......ID 455,56-504,109 #10203b5 android:id/expand_button} during layout: running second layout pass
09-12 19:33:27.814  4778  4778 W View    : requestLayout() improperly called by com.android.internal.widget.NotificationExpandButton{77e577e V.ED..C.. ......ID 455,56-504,109 #10203b5 android:id/expand_button} during layout: running second layout pass
09-12 19:33:30.284  3580  3580 W WindowManager: Attempted to remove non-existing token: android.os.Binder@7069206
09-12 19:33:33.337  3177  3177 D gpsd    : WakeLock(Acquire,GPSD)
09-12 19:33:33.337  3177  3177 D gpsd    : WakeLock(Release,GPSD)
09-12 19:33:33.337  3177  3177 D gpsd    : WakeLock(Acquire,GPSD)
09-12 19:33:33.337  3177  3177 D gpsd    : WakeLock(Release,GPSD)
09-12 19:33:33.397  6600  6600 V lhd     : GlLhdInterface::Init(/system/etc/lhd.conf)
09-12 19:33:33.398  6600  6600 E lhd     : SetCfgValue: Critical Error. Unknown configuration parameter "FlpName"="tcp"
09-12 19:33:33.398  6600  6600 V lhd     : SetCfgValue: LHD config "LheSerialControl"="BBD:Serial=TTY"
09-12 19:33:33.398  6600  6600 E lhd     : SetCfgValue: Critical Error. Unknown configuration parameter "LheClockMHz"="100"
09-12 19:33:33.398  6600  6600 V lhd     : SetCfgValue: LHD config "LhePatch"="/dev/bbd_patch"
09-12 19:33:33.398  6600  6600 V lhd     : SetCfgValue: LHD config "LheMaxMcuResetTries"="4"
09-12 19:33:33.398  6600  6600 V lhd     : SetCfgValue: LHD config "LheBbdPacket"="/dev/ttyBCM"
09-12 19:33:33.398  6600  6600 V lhd     : SetCfgValue: LHD config "LheBbdControl"="/dev/bbd_control"
09-12 19:33:33.398  6600  6600 V lhd     : SetCfgValue: LHD config "LheBbdSensor"="/dev/bbd_sensor"
09-12 19:33:33.398  6600  6600 V lhd     : SetCfgValue: LHD config "Lhe477xDebugFlags"="RPC:FACILITY=33:STDOUT_PUTS:STDOUT_LOG"
09-12 19:33:33.398  6600  6600 E lhd     : SetCfgValue: Critical Error. Unknown configuration parameter "LheSensorIpc"="true"
09-12 19:33:33.398  6600  6600 E lhd     : SetCfgValue: Critical Error. Unknown configuration parameter "LhePinMux"="P17=M1"
09-12 19:33:33.398  6600  6600 V lhd     : SetCfgValue: LHD config "LheAutoBaudDelayMS"="10"
09-12 19:33:33.398  6600  6600 V lhd     : SetCfgValue: LHD config "LheMaxMcuResetTries"="3"
09-12 19:33:33.399  6600  6600 E lhd     : OpenFirmwareFile: Fail to open /efs/sec_efs/sensorhub_urgent_fw.patch, errno 2
09-12 19:33:33.399  6600  6600 E lhd     : getCustPatchVersion: Fail to parse patch /efs/sec_efs/sensorhub_urgent_fw.patch
09-12 19:33:33.399  6600  6600 E lhd     : getCustPatchVersion: <CustomerVersion> not found
09-12 19:33:33.464  3177  3177 D gpsd    : WakeLock(Acquire,GPSD)
09-12 19:33:33.464  3177  3177 D gpsd    : WakeLock(Release,GPSD)
09-12 19:33:33.464  6600  6600 D lhd     : OnIpcConnect
09-12 19:33:33.464  3177  3177 D gpsd    : WakeLock(Acquire,GPSD)
09-12 19:33:33.464  3177  3177 D gpsd    : WakeLock(Release,GPSD)
09-12 19:33:44.472  3180  3351 I chatty  : uid=1041(audioserver) AudioOut_15 expire 33 lines
09-12 19:33:44.473  3580  3678 I ActivityManager: START u0 {flg=0x8000 cmp=com.android.settings/.Settings$StorageSettingsActivity (has extras)} from uid 1000 on display 0
09-12 19:33:44.598  6604  6604 I com.android.settings: type=1400 audit(0.0:496): avc: denied { lock } for comm=4173796E635461736B20233137 path="/data/user_de/0/com.android.settings/databases/search_index.db" dev="sda24" ino=3121346 scontext=u:r:system_app:s0 tcontext=u:object_r:system_data_file:s0 tclass=file permissive=1
09-12 19:33:44.598  6604  6604 W com.android.settings: type=1300 audit(0.0:496): arch=c00000b7 syscall=25 success=yes exit=0 a0=36 a1=6 a2=7f813fb848 a3=7f82095100 items=0 ppid=3178 auid=4294967295 uid=1000 gid=1000 euid=1000 suid=1000 fsuid=1000 egid=1000 sgid=1000 fsgid=1000 tty=(none) ses=4294967295 comm=4173796E635461736B20233137 exe="/system/bin/app_process64" subj=u:r:system_app:s0 key=(null)
09-12 19:33:44.598  3083  3083 W auditd  : type=1327 audit(0.0:496): proctitle="com.android.settings"
09-12 19:33:44.598  3083  3083 W auditd  : type=1320 audit(0.0:496): 
09-12 19:33:44.606  6604  6604 I com.android.settings: type=1400 audit(0.0:497): avc: denied { write } for comm=4173796E635461736B20233137 name="search_index.db-journal" dev="sda24" ino=3121347 scontext=u:r:system_app:s0 tcontext=u:object_r:system_data_file:s0 tclass=file permissive=1
09-12 19:33:44.606  6604  6604 W com.android.settings: type=1300 audit(0.0:497): arch=c00000b7 syscall=56 success=yes exit=30 a0=ffffff9c a1=7f96b1b300 a2=a0042 a3=1b0 items=0 ppid=3178 auid=4294967295 uid=1000 gid=1000 euid=1000 suid=1000 fsuid=1000 egid=1000 sgid=1000 fsgid=1000 tty=(none) ses=4294967295 comm=4173796E635461736B20233137 exe="/system/bin/app_process64" subj=u:r:system_app:s0 key=(null)
09-12 19:33:44.606  3083  3083 W auditd  : type=1327 audit(0.0:497): proctitle="com.android.settings"
09-12 19:33:44.606  3083  3083 W auditd  : type=1320 audit(0.0:497): 
09-12 19:33:44.618  4998  6604 I chatty  : uid=1000(system) com.android.settings expire 9 lines
09-12 19:33:45.144  4998  4998 I chatty  : uid=1000(system) com.android.settings expire 13 lines
09-12 19:33:45.523  3580  4794 I ActivityManager: START u0 {act=android.provider.action.BROWSE cat=[android.intent.category.DEFAULT] dat=content://com.android.externalstorage.documents/root/FCC5-74BE typ=vnd.android.document/root cmp=com.android.documentsui/.FilesActivity (has extras)} from uid 1000 on display 0
09-12 19:33:45.728  4998  6593 I chatty  : uid=1000(system) com.android.settings expire 7 lines
09-12 19:33:48.477  3177  3177 D gpsd    : WakeLock(Acquire,GPSD)
09-12 19:33:48.478  3177  3177 D gpsd    : WakeLock(Release,GPSD)
09-12 19:33:48.478  3177  3177 D gpsd    : WakeLock(Acquire,GPSD)
09-12 19:33:48.478  3177  3177 D gpsd    : WakeLock(Release,GPSD)
09-12 19:33:48.539  6608  6608 V lhd     : GlLhdInterface::Init(/system/etc/lhd.conf)
09-12 19:33:48.539  6608  6608 E lhd     : SetCfgValue: Critical Error. Unknown configuration parameter "FlpName"="tcp"
09-12 19:33:48.539  6608  6608 V lhd     : SetCfgValue: LHD config "LheSerialControl"="BBD:Serial=TTY"
09-12 19:33:48.539  6608  6608 E lhd     : SetCfgValue: Critical Error. Unknown configuration parameter "LheClockMHz"="100"
09-12 19:33:48.539  6608  6608 V lhd     : SetCfgValue: LHD config "LhePatch"="/dev/bbd_patch"
09-12 19:33:48.539  6608  6608 V lhd     : SetCfgValue: LHD config "LheMaxMcuResetTries"="4"
09-12 19:33:48.539  6608  6608 V lhd     : SetCfgValue: LHD config "LheBbdPacket"="/dev/ttyBCM"
09-12 19:33:48.539  6608  6608 V lhd     : SetCfgValue: LHD config "LheBbdControl"="/dev/bbd_control"
09-12 19:33:48.539  6608  6608 V lhd     : SetCfgValue: LHD config "LheBbdSensor"="/dev/bbd_sensor"
09-12 19:33:48.539  6608  6608 V lhd     : SetCfgValue: LHD config "Lhe477xDebugFlags"="RPC:FACILITY=33:STDOUT_PUTS:STDOUT_LOG"
09-12 19:33:48.539  6608  6608 E lhd     : SetCfgValue: Critical Error. Unknown configuration parameter "LheSensorIpc"="true"
09-12 19:33:48.539  6608  6608 E lhd     : SetCfgValue: Critical Error. Unknown configuration parameter "LhePinMux"="P17=M1"
09-12 19:33:48.539  6608  6608 V lhd     : SetCfgValue: LHD config "LheAutoBaudDelayMS"="10"
09-12 19:33:48.539  6608  6608 V lhd     : SetCfgValue: LHD config "LheMaxMcuResetTries"="3"
09-12 19:33:48.539  6608  6608 E lhd     : OpenFirmwareFile: Fail to open /efs/sec_efs/sensorhub_urgent_fw.patch, errno 2
09-12 19:33:48.539  6608  6608 E lhd     : getCustPatchVersion: Fail to parse patch /efs/sec_efs/sensorhub_urgent_fw.patch
09-12 19:33:48.539  6608  6608 E lhd     : getCustPatchVersion: <CustomerVersion> not found
09-12 19:33:48.580  3580  5375 I ActivityManager: START u0 {cmp=com.android.settings/.deviceinfo.StorageWizardFormatConfirm (has extras)} from uid 1000 on display 0
09-12 19:33:48.600  3177  3177 D gpsd    : WakeLock(Acquire,GPSD)
09-12 19:33:48.600  3177  3177 D gpsd    : WakeLock(Release,GPSD)
09-12 19:33:48.600  3177  3177 D gpsd    : WakeLock(Acquire,GPSD)
09-12 19:33:48.600  3177  3177 D gpsd    : WakeLock(Release,GPSD)
09-12 19:33:48.602  6608  6608 D lhd     : OnIpcConnect
09-12 19:33:48.754  4998  5051 I chatty  : uid=1000(system) RenderThread expire 10 lines
09-12 19:33:53.980  3180  3351 D audio_hw_primary_abox: fast_out-set_audio_route: [PLAYBACK] current-device(none) new-device(speaker) in cur-mode(none) & new-mode(normal)!
09-12 19:33:53.980  3180  3351 I audio_hw_primary_abox: is_voice_wakeup : ret =  0  , wakeup_baby_cry_enabled = 0  ,  wakeup_mic_enabled = 0 
09-12 19:33:53.980  3180  3351 I audio_route: > audio_route_apply_path : "media-speaker"
09-12 19:33:53.981  3580  5375 I ActivityManager: START u0 {cmp=com.android.settings/.deviceinfo.StorageWizardFormatProgress (has extras)} from uid 1000 on display 0
09-12 19:33:53.982  3180  3351 I audio_route: > audio_route_update_path + : "media-speaker" reverse(0)
09-12 19:33:53.983  3180  3351 I audio_route: > audio_route_update_path - : changed(0)
09-12 19:33:53.983  3180  3351 D audio_hw_primary_abox: fast_out-do_set_route: Enabled Audio Route(media-speaker)
09-12 19:33:53.983  3180  3351 I audio_route: > audio_route_apply_path : "gain-media-speaker"
09-12 19:33:53.983  3180  3351 I audio_route: > audio_route_update_path + : "gain-media-speaker" reverse(0)
09-12 19:33:53.983  3180  3351 I audio_route: > audio_route_update_path - : changed(0)
09-12 19:33:53.983  3180  3351 D audio_hw_primary_abox: fast_out-do_set_route: Enabled Audio Gain(gain-media-speaker)
09-12 19:33:53.984  3180  3351 I audio_hw_primary_abox: [do_open_spkamp_stream] Opened PCM Device(/dev/snd/pcmC0D7p) configured Info: Channels(2)  Smapling Rate(48000), Format: Default(0)
09-12 19:33:53.988  3180  3351 I audio_hw_primary_abox: [do_open_spkamp_stream] Opened PCM Device(/dev/snd/pcmC0D11c) configured Info: Channels(2)  Smapling Rate(48000), Format: Default(0)
09-12 19:33:53.989  3180  3351 I audio_hw_primary_abox: [do_open_spkamp_stream] Opened PCM Device(/dev/snd/pcmC0D12c) configured Info: Channels(2)  Smapling Rate(48000), Format: Default(0)
09-12 19:33:53.996  3180  3351 I audio_hw_primary_abox: [do_open_spkamp_stream] Opened PCM Device(/dev/snd/pcmC0D6p) configured Info: Channels(2)  Smapling Rate(48000), Format: Default(0)
09-12 19:33:54.011  3180  3351 I audio_hw_primary_abox: fast_out-do_open_output_stream: Opened PCM Device is /dev/snd/pcmC0D2p samplingRate(48000) pcmformat(0)
09-12 19:33:54.011  3180  3351 I audio_hw_primary_abox: fast_out-out_write: Transit to Idle
09-12 19:33:54.012  3180  3351 I audio_hw_primary_abox: fast_out-out_write: Transit to Playing
09-12 19:33:54.074  3580  5375 D VoldConnector: SND -> {39 volume partition disk:179_0 public}
09-12 19:33:54.077  3580  4032 D VoldConnector: RCV <- {651 public:179_1 5}
09-12 19:33:54.084  4778  4778 D StorageNotification: Notifying about public volume: VolumeInfo{public:179_1}:
09-12 19:33:54.084  4778  4778 D StorageNotification:     type=PUBLIC diskId=disk:179_0 partGuid=null mountFlags=0 mountUserId=0 
09-12 19:33:54.084  4778  4778 D StorageNotification:     state=EJECTING 
09-12 19:33:54.084  4778  4778 D StorageNotification:     fsType=vfat fsUuid=FCC5-74BE fsLabel=sdcard 
09-12 19:33:54.084  4778  4778 D StorageNotification:     path=/mnt/media_rw/FCC5-74BE internalPath=/mnt/media_rw/FCC5-74BE 
09-12 19:33:54.094  3580  3580 D ZenLog  : disable_effects: -1|com.android.systemui|1397773634|public:179_1|10033,booleanState
09-12 19:33:54.098  6336  6336 D ExternalStorage: After updating volumes, found 2 active roots
09-12 19:33:54.202  3144  3144 I vold    : type=1400 audit(0.0:498): avc: denied { unlink } for name="public:179_1" dev="tmpfs" ino=31154 scontext=u:r:vold:s0 tcontext=u:object_r:block_device:s0 tclass=blk_file permissive=1
09-12 19:33:54.202  3144  3144 W vold    : type=1300 audit(0.0:498): arch=c00000b7 syscall=35 success=yes exit=0 a0=ffffff9c a1=7f83628fb0 a2=0 a3=2 items=0 ppid=1 auid=4294967295 uid=0 gid=0 euid=0 suid=0 fsuid=0 egid=0 sgid=0 fsgid=0 tty=(none) ses=4294967295 exe="/system/bin/vold" subj=u:r:vold:s0 key=(null)
09-12 19:33:54.202  3083  3083 W auditd  : type=1327 audit(0.0:498): proctitle=2F73797374656D2F62696E2F766F6C64002D2D626C6B69645F636F6E746578743D753A723A626C6B69643A7330002D2D626C6B69645F756E747275737465645F636F6E746578743D753A723A626C6B69645F756E747275737465643A7330002D2D6673636B5F636F6E746578743D753A723A6673636B3A7330002D2D6673636B
09-12 19:33:54.202  3083  3083 W auditd  : type=1320 audit(0.0:498): 
09-12 19:33:54.210  3075  3144 V vold    : /system/bin/sgdisk
09-12 19:33:54.210  3075  3144 V vold    :     --android-dump
09-12 19:33:54.210  3075  3144 V vold    :     /dev/block/vold/disk:179_0
09-12 19:33:54.210  3580  4032 D VoldConnector: RCV <- {651 public:179_1 0}
09-12 19:33:54.211  3580  4032 D VoldConnector: RCV <- {651 public:179_1 8}
09-12 19:33:54.212  3580  4032 D VoldConnector: RCV <- {659 public:179_1}
09-12 19:33:54.213  4778  4778 D StorageNotification: Notifying about public volume: VolumeInfo{public:179_1}:
09-12 19:33:54.213  4778  4778 D StorageNotification:     type=PUBLIC diskId=disk:179_0 partGuid=null mountFlags=0 mountUserId=0 
09-12 19:33:54.213  4778  4778 D StorageNotification:     state=UNMOUNTED 
09-12 19:33:54.213  4778  4778 D StorageNotification:     fsType=vfat fsUuid=FCC5-74BE fsLabel=sdcard 
09-12 19:33:54.213  4778  4778 D StorageNotification:     path=/mnt/media_rw/FCC5-74BE internalPath=/mnt/media_rw/FCC5-74BE 
09-12 19:33:54.214  4778  4778 D StorageNotification: Notifying about public volume: VolumeInfo{public:179_1}:
09-12 19:33:54.214  4778  4778 D StorageNotification:     type=PUBLIC diskId=disk:179_0 partGuid=null mountFlags=0 mountUserId=0 
09-12 19:33:54.214  4778  4778 D StorageNotification:     state=BAD_REMOVAL 
09-12 19:33:54.214  4778  4778 D StorageNotification:     fsType=vfat fsUuid=FCC5-74BE fsLabel=sdcard 
09-12 19:33:54.214  4778  4778 D StorageNotification:     path=/mnt/media_rw/FCC5-74BE internalPath=/mnt/media_rw/FCC5-74BE 
09-12 19:33:54.220  3075  3144 V vold    : DISK mbr
09-12 19:33:54.220  3075  3144 V vold    : 
09-12 19:33:54.220  3075  3144 V vold    : PART 1 c
09-12 19:33:54.220  3075  3144 V vold    : 
09-12 19:33:54.220  3075  3144 I vold    : skip first disk change event due to MBR -> GPT switch
09-12 19:33:54.220  3075  3144 V vold    : /system/bin/sgdisk
09-12 19:33:54.220  3075  3144 V vold    :     --zap-all
09-12 19:33:54.220  3075  3144 V vold    :     /dev/block/vold/disk:179_0
09-12 19:33:54.227  6336  6336 D ExternalStorage: After updating volumes, found 2 active roots
09-12 19:33:54.227  3075  3144 I sgdisk  : 
09-12 19:33:54.227  3075  3144 I sgdisk  : ***************************************************************
09-12 19:33:54.227  3075  3144 I sgdisk  : Found invalid GPT and valid MBR; converting MBR to GPT format
09-12 19:33:54.227  3075  3144 I sgdisk  : in memory. 
09-12 19:33:54.227  3075  3144 I sgdisk  : ***************************************************************
09-12 19:33:54.227  3075  3144 I sgdisk  : 
09-12 19:33:54.228  3075  3144 I sgdisk  : 
09-12 19:33:54.228  3075  3144 I sgdisk  : Warning! Secondary partition table overlaps the last partition by
09-12 19:33:54.228  3075  3144 I sgdisk  : 33 blocks!
09-12 19:33:54.228  3075  3144 I sgdisk  : You will need to delete this partition or resize it in another utility.
09-12 19:33:54.243  6336  6336 D ExternalStorage: After updating volumes, found 2 active roots
09-12 19:33:55.980  3075  3144 I sgdisk  : GPT data structures destroyed! You may now partition the disk using fdisk or
09-12 19:33:55.980  3075  3144 I sgdisk  : other utilities.
09-12 19:33:55.986  3075  3144 I config_mbr: Configuring pentry. status=0x80 type=0xc start_lba=2048 len_lba=15128576
09-12 19:33:55.988  3075  3144 I config_mbr: Configuring pentry. status=0x0 type=0x0 start_lba=0 len_lba=0
09-12 19:33:55.988  3075  3144 I config_mbr: Configuring pentry. status=0x0 type=0x0 start_lba=0 len_lba=0
09-12 19:33:55.988  3075  3144 I config_mbr: Configuring pentry. status=0x0 type=0x0 start_lba=0 len_lba=0
09-12 19:33:56.007  3075  3087 D vold    : Disk at 179:0 changed
09-12 19:33:56.007  3075  3087 I vold    : Skip first change
09-12 19:33:56.007  3075  3087 D vold    : Disk at 179:0 changed
09-12 19:33:56.007  3580  4032 D VoldConnector: RCV <- {200 39 Command succeeded}
09-12 19:33:56.008  3075  3087 V vold    : /system/bin/sgdisk
09-12 19:33:56.008  3075  3087 V vold    :     --android-dump
09-12 19:33:56.008  3075  3087 V vold    :     /dev/block/vold/disk:179_0
09-12 19:33:56.016  3580  5375 E VoldConnector: NDC Command {39 volume partition disk:179_0 public} took too long (1942ms)
09-12 19:33:56.016  3580  4032 D VoldConnector: RCV <- {641 disk:179_0 7746879488}
09-12 19:33:56.024  3580  4032 D VoldConnector: RCV <- {642 disk:179_0 SanDisk}
09-12 19:33:56.036  3580  4032 D VoldConnector: RCV <- {644 disk:179_0 /sys//devices/platform/11500000.dwmmc2/mmc_host/mmc0/mmc0:0007/block/mmcblk0}
09-12 19:33:56.042  3087  3087 I vold    : type=1400 audit(0.0:499): avc: denied { create } for name="public:179_1" scontext=u:r:vold:s0 tcontext=u:object_r:block_device:s0 tclass=blk_file permissive=1
09-12 19:33:56.042  3087  3087 W vold    : type=1300 audit(0.0:499): arch=c00000b7 syscall=33 success=yes exit=0 a0=ffffff9c a1=7f8321c1e0 a2=61b0 a3=b301 items=0 ppid=1 auid=4294967295 uid=0 gid=0 euid=0 suid=0 fsuid=0 egid=0 sgid=0 fsgid=0 tty=(none) ses=4294967295 exe="/system/bin/vold" subj=u:r:vold:s0 key=(null)
09-12 19:33:56.042  3083  3083 W auditd  : type=1327 audit(0.0:499): proctitle=2F73797374656D2F62696E2F766F6C64002D2D626C6B69645F636F6E746578743D753A723A626C6B69643A7330002D2D626C6B69645F756E747275737465645F636F6E746578743D753A723A626C6B69645F756E747275737465643A7330002D2D6673636B5F636F6E746578743D753A723A6673636B3A7330002D2D6673636B
09-12 19:33:56.042  3083  3083 W auditd  : type=1320 audit(0.0:499): 
09-12 19:33:56.042  3087  3087 I vold    : type=1400 audit(0.0:500): avc: denied { read write } for name="public:179_1" dev="tmpfs" ino=39645 scontext=u:r:vold:s0 tcontext=u:object_r:block_device:s0 tclass=blk_file permissive=1
09-12 19:33:56.042  3087  3087 I vold    : type=1400 audit(0.0:500): avc: denied { open } for path="/dev/block/vold/public:179_1" dev="tmpfs" ino=39645 scontext=u:r:vold:s0 tcontext=u:object_r:block_device:s0 tclass=blk_file permissive=1
09-12 19:33:56.042  3087  3087 W vold    : type=1300 audit(0.0:500): arch=c00000b7 syscall=56 success=yes exit=18 a0=ffffff9c a1=7f8321c1e0 a2=80002 a3=0 items=0 ppid=1 auid=4294967295 uid=0 gid=0 euid=0 suid=0 fsuid=0 egid=0 sgid=0 fsgid=0 tty=(none) ses=4294967295 exe="/system/bin/vold" subj=u:r:vold:s0 key=(null)
09-12 19:33:56.042  3083  3083 W auditd  : type=1327 audit(0.0:500): proctitle=2F73797374656D2F62696E2F766F6C64002D2D626C6B69645F636F6E746578743D753A723A626C6B69643A7330002D2D626C6B69645F756E747275737465645F636F6E746578743D753A723A626C6B69645F756E747275737465643A7330002D2D6673636B5F636F6E746578743D753A723A6673636B3A7330002D2D6673636B
09-12 19:33:56.042  3083  3083 W auditd  : type=1320 audit(0.0:500): 
09-12 19:33:56.042  3087  3087 I vold    : type=1400 audit(0.0:501): avc: denied { ioctl } for path="/dev/block/vold/public:179_1" dev="tmpfs" ino=39645 ioctlcmd=1260 scontext=u:r:vold:s0 tcontext=u:object_r:block_device:s0 tclass=blk_file permissive=1
09-12 19:33:56.042  3087  3087 W vold    : type=1300 audit(0.0:501): arch=c00000b7 syscall=29 success=yes exit=0 a0=12 a1=1260 a2=7f835ded30 a3=0 items=0 ppid=1 auid=4294967295 uid=0 gid=0 euid=0 suid=0 fsuid=0 egid=0 sgid=0 fsgid=0 tty=(none) ses=4294967295 exe="/system/bin/vold" subj=u:r:vold:s0 key=(null)
09-12 19:33:56.042  3083  3083 W auditd  : type=1327 audit(0.0:501): proctitle=2F73797374656D2F62696E2F766F6C64002D2D626C6B69645F636F6E746578743D753A723A626C6B69643A7330002D2D626C6B69645F756E747275737465645F636F6E746578743D753A723A626C6B69645F756E747275737465643A7330002D2D6673636B5F636F6E746578743D753A723A6673636B3A7330002D2D6673636B
09-12 19:33:56.042  3083  3083 W auditd  : type=1320 audit(0.0:501): 
09-12 19:33:56.047  3075  3087 V vold    : DISK mbr
09-12 19:33:56.047  3075  3087 V vold    : 
09-12 19:33:56.047  3075  3087 V vold    : PART 1 c
09-12 19:33:56.047  3075  3087 V vold    : 
09-12 19:33:56.047  3075  3087 D vold    : Device just partitioned; silently formatting
09-12 19:33:56.048  3075  3087 I vold    : About to discard 7745830912 on /dev/block/vold/public:179_1
09-12 19:33:57.152  3180  3351 V audio_hw_primary_abox: fast_out-out_standby: enter
09-12 19:33:57.152  3180  3351 I audio_hw_primary_abox: fast_out-out_standby: Transit to Idle
09-12 19:33:57.161  3180  3351 I audio_hw_primary_abox: fast_out-do_close_output_stream: Closed PCM Device
09-12 19:33:57.161  3180  3351 D audio_hw_primary_abox: fast_out-set_audio_route: [PLAYBACK] current-device(speaker) new-device(speaker) in cur-mode(normal) & new-mode(normal)!
09-12 19:33:57.177  3180  3351 I audio_hw_primary_abox: USAGE_SPKAMP-do_close_spkamp_stream: Closed PCM Device is /dev/snd/pcmC0D7p
09-12 19:33:57.180  3180  3351 I audio_hw_primary_abox: USAGE_SPKAMP-do_close_spkamp_stream: Closed PCM Device is /dev/snd/pcmC0D11c
09-12 19:33:57.183  3180  3351 I audio_hw_primary_abox: USAGE_SPKAMP-do_close_spkamp_stream: Closed PCM Device is /dev/snd/pcmC0D12c
09-12 19:33:57.185  3180  3351 I audio_hw_primary_abox: USAGE_SPKAMP-do_close_spkamp_stream: Closed PCM Device is /dev/snd/pcmC0D6p
09-12 19:33:57.185  3180  3351 I audio_route: > audio_route_update_path + : "media-speaker" reverse(1)
09-12 19:33:57.187  3180  3351 I audio_route: > audio_route_update_path - : changed(3)
09-12 19:33:57.187  3180  3351 D audio_hw_primary_abox: fast_out-do_set_route: Disabled Audio Route(media-speaker)
09-12 19:33:57.187  3180  3351 I audio_route: > audio_route_update_path + : "gain-media-speaker" reverse(1)
09-12 19:33:57.187  3180  3351 I audio_route: > audio_route_update_path - : changed(0)
09-12 19:33:57.187  3180  3351 D audio_hw_primary_abox: fast_out-do_set_route: Disabled Audio Gain(gain-media-speaker)
09-12 19:33:57.187  3180  3351 I audio_hw_primary_abox: fast_out-out_standby: Transit to Standby
09-12 19:33:57.187  3180  3351 V audio_hw_primary_abox: fast_out-out_standby: exit
09-12 19:33:57.958  6611  6611 I DeferredSaveThr: type=1400 audit(0.0:502): avc: denied { write } for name="code_cache" dev="sda24" ino=3121273 scontext=u:r:system_app:s0 tcontext=u:object_r:system_data_file:s0 tclass=dir permissive=1
09-12 19:33:57.958  6611  6611 I DeferredSaveThr: type=1400 audit(0.0:502): avc: denied { remove_name } for name="com.android.opengl.shaders_cache" dev="sda24" ino=3121295 scontext=u:r:system_app:s0 tcontext=u:object_r:system_data_file:s0 tclass=dir permissive=1
09-12 19:33:57.958  6611  6611 I DeferredSaveThr: type=1400 audit(0.0:502): avc: denied { unlink } for name="com.android.opengl.shaders_cache" dev="sda24" ino=3121295 scontext=u:r:system_app:s0 tcontext=u:object_r:system_data_file:s0 tclass=file permissive=1
09-12 19:33:57.958  6611  6611 W DeferredSaveThr: type=1300 audit(0.0:502): arch=c00000b7 syscall=35 success=yes exit=0 a0=ffffff9c a1=7fa3c32e78 a2=0 a3=0 items=0 ppid=3178 auid=4294967295 uid=1000 gid=1000 euid=1000 suid=1000 fsuid=1000 egid=1000 sgid=1000 fsgid=1000 tty=(none) ses=4294967295 exe="/system/bin/app_process64" subj=u:r:system_app:s0 key=(null)
09-12 19:33:57.958  3083  3083 W auditd  : type=1327 audit(0.0:502): proctitle="com.android.settings"
09-12 19:33:57.958  3083  3083 W auditd  : type=1320 audit(0.0:502): 
09-12 19:33:57.958  6611  6611 I DeferredSaveThr: type=1400 audit(0.0:503): avc: denied { add_name } for name="com.android.opengl.shaders_cache" scontext=u:r:system_app:s0 tcontext=u:object_r:system_data_file:s0 tclass=dir permissive=1
09-12 19:33:57.958  6611  6611 I DeferredSaveThr: type=1400 audit(0.0:503): avc: denied { create } for name="com.android.opengl.shaders_cache" scontext=u:r:system_app:s0 tcontext=u:object_r:system_data_file:s0 tclass=file permissive=1
09-12 19:33:57.958  6611  6611 W DeferredSaveThr: type=1300 audit(0.0:503): arch=c00000b7 syscall=56 success=yes exit=30 a0=ffffff9c a1=7fa3c32e78 a2=c2 a3=0 items=0 ppid=3178 auid=4294967295 uid=1000 gid=1000 euid=1000 suid=1000 fsuid=1000 egid=1000 sgid=1000 fsgid=1000 tty=(none) ses=4294967295 exe="/system/bin/app_process64" subj=u:r:system_app:s0 key=(null)
09-12 19:33:57.958  3083  3083 W auditd  : type=1327 audit(0.0:503): proctitle="com.android.settings"
09-12 19:33:57.958  3083  3083 W auditd  : type=1320 audit(0.0:503): 
09-12 19:33:57.962  6611  6611 I DeferredSaveThr: type=1400 audit(0.0:504): avc: denied { setattr } for name="com.android.opengl.shaders_cache" dev="sda24" ino=3121295 scontext=u:r:system_app:s0 tcontext=u:object_r:system_data_file:s0 tclass=file permissive=1
09-12 19:33:57.962  6611  6611 W DeferredSaveThr: type=1300 audit(0.0:504): arch=c00000b7 syscall=52 success=yes exit=0 a0=1e a1=100 a2=2b a3=0 items=0 ppid=3178 auid=4294967295 uid=1000 gid=1000 euid=1000 suid=1000 fsuid=1000 egid=1000 sgid=1000 fsgid=1000 tty=(none) ses=4294967295 exe="/system/bin/app_process64" subj=u:r:system_app:s0 key=(null)
09-12 19:33:57.962  3083  3083 W auditd  : type=1327 audit(0.0:504): proctitle="com.android.settings"
09-12 19:33:57.962  3083  3083 W auditd  : type=1320 audit(0.0:504): 
09-12 19:33:58.797  3075  3087 I vold    : Discard success on /dev/block/vold/public:179_1
09-12 19:33:58.798  3075  3087 V vold    : /system/bin/newfs_msdos
09-12 19:33:58.798  3075  3087 V vold    :     -F
09-12 19:33:58.798  3075  3087 V vold    :     32
09-12 19:33:58.798  3075  3087 V vold    :     -O
09-12 19:33:58.798  3075  3087 V vold    :     android
09-12 19:33:58.798  3075  3087 V vold    :     -c
09-12 19:33:58.798  3075  3087 V vold    :     64
09-12 19:33:58.798  3075  3087 V vold    :     -A
09-12 19:33:58.798  3075  3087 V vold    :     /dev/block/vold/public:179_1
09-12 19:33:58.814  3075  3087 I newfs_msdos: /system/bin/newfs_msdos: warning, /dev/block/vold/public:179_1 is not a character device
09-12 19:33:58.815  3075  3087 I newfs_msdos: /system/bin/newfs_msdos: Skipping mount checks
09-12 19:33:58.815  3075  3087 I newfs_msdos: /dev/block/vold/public:179_1: 15121088 sectors in 236267 FAT32 clusters (32768 bytes/cluster)
09-12 19:33:58.815  3075  3087 I newfs_msdos: bps=512 spc=64 res=82 nft=2 mid=0xf0 spt=16 hds=4 hid=0 bsec=15128576 bspf=1847 rdcl=2 infs=1 bkbs=2
09-12 19:33:59.447  3075  3087 I Vold    : Filesystem formatted OK
09-12 19:33:59.448  3580  4032 D VoldConnector: RCV <- {650 public:179_1 0 "disk:179_0" ""}
09-12 19:33:59.451  3580  4032 D VoldConnector: RCV <- {654 public:179_1 sdcard}
09-12 19:33:59.452  3580  4031 D VoldConnector: SND -> {40 volume mount public:179_1 0 0}
09-12 19:33:59.454  3580  4032 D VoldConnector: RCV <- {651 public:179_1 0}
09-12 19:33:59.457  3075  3144 V vold    : /system/bin/blkid
09-12 19:33:59.458  3075  3144 V vold    :     -c
09-12 19:33:59.458  3075  3144 V vold    :     /dev/null
09-12 19:33:59.458  3075  3144 V vold    :     -s
09-12 19:33:59.458  3075  3144 V vold    :     TYPE
09-12 19:33:59.458  3075  3144 V vold    :     -s
09-12 19:33:59.458  3075  3144 V vold    :     UUID
09-12 19:33:59.458  3075  3144 V vold    :     -s
09-12 19:33:59.458  3075  3144 V vold    :     LABEL
09-12 19:33:59.458  3075  3144 V vold    :     /dev/block/vold/public:179_1
09-12 19:33:59.460  3580  4032 D VoldConnector: RCV <- {643 disk:179_0}
09-12 19:33:59.463  4778  4778 D StorageNotification: Notifying about public volume: VolumeInfo{public:179_1}:
09-12 19:33:59.463  4778  4778 D StorageNotification:     type=PUBLIC diskId=disk:179_0 partGuid=null mountFlags=0 mountUserId=0 
09-12 19:33:59.463  4778  4778 D StorageNotification:     state=UNMOUNTED 
09-12 19:33:59.463  4778  4778 D StorageNotification:     fsType=null fsUuid=null fsLabel=sdcard 
09-12 19:33:59.463  4778  4778 D StorageNotification:     path=null internalPath=null 
09-12 19:33:59.464  3580  4032 D VoldConnector: RCV <- {651 public:179_1 1}
09-12 19:33:59.471  3580  5431 I ActivityManager: START u0 {cmp=com.android.settings/.deviceinfo.StorageWizardReady (has extras)} from uid 1000 on display 0
09-12 19:33:59.473  4778  4778 D StorageNotification: Notifying about public volume: VolumeInfo{public:179_1}:
09-12 19:33:59.473  4778  4778 D StorageNotification:     type=PUBLIC diskId=disk:179_0 partGuid=null mountFlags=0 mountUserId=0 
09-12 19:33:59.473  4778  4778 D StorageNotification:     state=CHECKING 
09-12 19:33:59.473  4778  4778 D StorageNotification:     fsType=null fsUuid=null fsLabel=sdcard 
09-12 19:33:59.473  4778  4778 D StorageNotification:     path=null internalPath=null 
09-12 19:33:59.490  6627  6627 I blkid   : type=1400 audit(0.0:505): avc: denied { read } for name="public:179_1" dev="tmpfs" ino=43438 scontext=u:r:blkid_untrusted:s0 tcontext=u:object_r:block_device:s0 tclass=blk_file permissive=1
09-12 19:33:59.490  6627  6627 I blkid   : type=1400 audit(0.0:505): avc: denied { open } for path="/dev/block/vold/public:179_1" dev="tmpfs" ino=43438 scontext=u:r:blkid_untrusted:s0 tcontext=u:object_r:block_device:s0 tclass=blk_file permissive=1
09-12 19:33:59.490  6627  6627 W blkid   : type=1300 audit(0.0:505): arch=c00000b7 syscall=56 success=yes exit=3 a0=ffffff9c a1=7f9222bf60 a2=0 a3=0 items=0 ppid=3075 auid=4294967295 uid=0 gid=0 euid=0 suid=0 fsuid=0 egid=0 sgid=0 fsgid=0 tty=(none) ses=4294967295 exe="/system/bin/blkid" subj=u:r:blkid_untrusted:s0 key=(null)
09-12 19:33:59.490  3083  3083 W auditd  : type=1327 audit(0.0:505): proctitle=2F73797374656D2F62696E2F626C6B6964002D63002F6465762F6E756C6C002D730054595045002D730055554944002D73004C4142454C002F6465762F626C6F636B2F766F6C642F7075626C69633A3137395F31
09-12 19:33:59.490  3083  3083 W auditd  : type=1320 audit(0.0:505): 
09-12 19:33:59.490  6627  6627 I blkid   : type=1400 audit(0.0:506): avc: denied { ioctl } for path="/dev/block/vold/public:179_1" dev="tmpfs" ino=43438 ioctlcmd=1272 scontext=u:r:blkid_untrusted:s0 tcontext=u:object_r:block_device:s0 tclass=blk_file permissive=1
09-12 19:33:59.490  6627  6627 W blkid   : type=1300 audit(0.0:506): arch=c00000b7 syscall=29 success=yes exit=0 a0=3 a1=80081272 a2=7ff6a62488 a3=0 items=0 ppid=3075 auid=4294967295 uid=0 gid=0 euid=0 suid=0 fsuid=0 egid=0 sgid=0 fsgid=0 tty=(none) ses=4294967295 exe="/system/bin/blkid" subj=u:r:blkid_untrusted:s0 key=(null)
09-12 19:33:59.490  3083  3083 W auditd  : type=1327 audit(0.0:506): proctitle=2F73797374656D2F62696E2F626C6B6964002D63002F6465762F6E756C6C002D730054595045002D730055554944002D73004C4142454C002F6465762F626C6F636B2F766F6C642F7075626C69633A3137395F31
09-12 19:33:59.490  3083  3083 W auditd  : type=1320 audit(0.0:506): 
09-12 19:33:59.503  3580  3580 D ZenLog  : disable_effects: -1|com.android.systemui|1397773634|public:179_1|10033,booleanState
09-12 19:33:59.528  3075  3144 V vold    : /dev/block/vold/public:179_1: UUID="4753-1B02" TYPE="vfat" 
09-12 19:33:59.528  3075  3144 V vold    : 
09-12 19:33:59.529  3075  3144 V vold    : /system/bin/fsck_msdos
09-12 19:33:59.529  3075  3144 V vold    :     -p
09-12 19:33:59.529  3075  3144 V vold    :     -f
09-12 19:33:59.529  3075  3144 V vold    :     /dev/block/vold/public:179_1
09-12 19:33:59.530  3580  4032 D VoldConnector: RCV <- {652 public:179_1 vfat}
09-12 19:33:59.534  6628  6628 I fsck_msdos: type=1400 audit(0.0:507): avc: denied { read write } for name="public:179_1" dev="tmpfs" ino=43438 scontext=u:r:fsck_untrusted:s0 tcontext=u:object_r:block_device:s0 tclass=blk_file permissive=1
09-12 19:33:59.534  6628  6628 I fsck_msdos: type=1400 audit(0.0:507): avc: denied { open } for path="/dev/block/vold/public:179_1" dev="tmpfs" ino=43438 scontext=u:r:fsck_untrusted:s0 tcontext=u:object_r:block_device:s0 tclass=blk_file permissive=1
09-12 19:33:59.534  6628  6628 W fsck_msdos: type=1300 audit(0.0:507): arch=c00000b7 syscall=56 success=yes exit=3 a0=ffffff9c a1=7fc0604b72 a2=2 a3=0 items=0 ppid=3075 auid=4294967295 uid=0 gid=0 euid=0 suid=0 fsuid=0 egid=0 sgid=0 fsgid=0 tty=(none) ses=4294967295 exe="/system/bin/fsck_msdos" subj=u:r:fsck_untrusted:s0 key=(null)
09-12 19:33:59.534  3083  3083 W auditd  : type=1327 audit(0.0:507): proctitle=2F73797374656D2F62696E2F6673636B5F6D73646F73002D70002D66002F6465762F626C6F636B2F766F6C642F7075626C69633A3137395F31
09-12 19:33:59.534  3083  3083 W auditd  : type=1320 audit(0.0:507): 
09-12 19:33:59.534  3580  4032 D VoldConnector: RCV <- {653 public:179_1 4753-1B02}
09-12 19:33:59.539  3580  4032 D VoldConnector: RCV <- {654 public:179_1 sdcard}
09-12 19:33:59.541  3075  3144 I fsck_msdos: ** /dev/block/vold/public:179_1
09-12 19:33:59.543  6628  6628 D fsck_msdos: sectors Per cluster :64 
09-12 19:33:59.543  6628  6628 D fsck_msdos: boot->ClusterOffset :3648 
09-12 19:33:59.543  6628  6628 I fsck_msdos: FAT32 Filesystem
09-12 19:33:59.543  6628  6628 D fsck_msdos: Using cluster_chain_descriptor
09-12 19:33:59.543  6628  6628 I fsck_msdos: Total clusters 236327 
09-12 19:33:59.544  3075  3144 I fsck_msdos: ** Phase 1 - Read and Compare FATs
09-12 19:33:59.544  3075  3144 I fsck_msdos: Attempting to allocate 923 KB for FAT
09-12 19:33:59.547  3580  4032 D VoldConnector: RCV <- {656 public:179_1 /mnt/media_rw/4753-1B02}
09-12 19:33:59.550  3580  4032 D VoldConnector: RCV <- {655 public:179_1 /mnt/media_rw/4753-1B02}
09-12 19:33:59.594  3075  3144 I fsck_msdos: Attempting to allocate 923 KB for FAT
09-12 19:33:59.642  6628  6628 I fsck_msdos: Begin to compare FAT
09-12 19:33:59.646  6628  6628 I fsck_msdos: ** Phase 2 - Check Cluster Chains 
09-12 19:33:59.646  6628  6628 I fsck_msdos: Begin to handle the cluster chain
09-12 19:33:59.658  6628  6628 D fsck_msdos: rootDir->head :2
09-12 19:33:59.658  3075  3144 I fsck_msdos: ** Phase 3 - Checking Directories
09-12 19:33:59.658  6628  6628 D fsck_msdos: Verify Filesystem information
09-12 19:33:59.658  3075  3144 I fsck_msdos: ** Phase 4 - Checking for Lost Files
09-12 19:33:59.658  6628  6628 W fsck_msdos: Free space in FSInfo block (-1) not correct (236324)
09-12 19:33:59.658  6628  6628 I fsck_msdos: Fix ? 
09-12 19:33:59.659  3075  3144 I fsck_msdos: FIXED
09-12 19:33:59.659  6628  6628 W fsck_msdos: 1 files, 3368064 free (236324 clusters)
09-12 19:33:59.659  6628  6628 I fsck_msdos: free_rb_tree 
09-12 19:33:59.659  6628  6628 I fsck_msdos: free_fragment_tree
09-12 19:33:59.659  6628  6628 I fsck_msdos: free_fragment_tree
09-12 19:33:59.659  6628  6628 I fsck_msdos: free_fragment_tree: rb_tree is empty 
09-12 19:33:59.664  3075  3144 I Vold    : Filesystem check completed OK
09-12 19:33:59.816  3580  4032 D VoldConnector: RCV <- {651 public:179_1 2}
09-12 19:33:59.820  3580  4032 D VoldConnector: RCV <- {200 40 Command succeeded}
09-12 19:33:59.837  4778  4778 D StorageNotification: Notifying about public volume: VolumeInfo{public:179_1}:
09-12 19:33:59.837  4778  4778 D StorageNotification:     type=PUBLIC diskId=disk:179_0 partGuid=null mountFlags=0 mountUserId=0 
09-12 19:33:59.837  4778  4778 D StorageNotification:     state=MOUNTED 
09-12 19:33:59.837  4778  4778 D StorageNotification:     fsType=vfat fsUuid=4753-1B02 fsLabel=sdcard 
09-12 19:33:59.837  4778  4778 D StorageNotification:     path=/mnt/media_rw/4753-1B02 internalPath=/mnt/media_rw/4753-1B02 
09-12 19:33:59.856  6336  6336 D ExternalStorage: After updating volumes, found 3 active roots
09-12 19:33:59.867  3580  3580 D ZenLog  : disable_effects: -1|com.android.systemui|1397773634|public:179_1|10033,booleanState
09-12 19:33:59.905  6336  6336 D ExternalStorage: After updating volumes, found 3 active roots
09-12 19:33:59.963  4778  4778 W View    : requestLayout() improperly called by com.android.internal.widget.NotificationExpandButton{c3ef831 V.ED..C.. ......ID 455,56-504,109 #10203b5 android:id/expand_button} during layout: running second layout pass
09-12 19:33:59.963  4778  4778 W View    : requestLayout() improperly called by com.android.internal.widget.NotificationExpandButton{d54cb16 V.ED..C.. ......ID 455,56-504,109 #10203b5 android:id/expand_button} during layout: running second layout pass
09-12 19:33:59.963  4778  4778 W View    : requestLayout() improperly called by com.android.internal.widget.NotificationExpandButton{bff5c97 V.ED..C.. ......ID 455,56-504,109 #10203b5 android:id/expand_button} during layout: running second layout pass
09-12 19:34:01.933  3180  3351 D audio_hw_primary_abox: fast_out-set_audio_route: [PLAYBACK] current-device(none) new-device(speaker) in cur-mode(none) & new-mode(normal)!
09-12 19:34:01.933  3180  3351 I audio_hw_primary_abox: is_voice_wakeup : ret =  0  , wakeup_baby_cry_enabled = 0  ,  wakeup_mic_enabled = 0 
09-12 19:34:01.934  3180  3351 I audio_route: > audio_route_apply_path : "media-speaker"
09-12 19:34:01.936  3180  3351 I audio_route: > audio_route_update_path + : "media-speaker" reverse(0)
09-12 19:34:01.936  3180  3351 I audio_route: > audio_route_update_path - : changed(0)
09-12 19:34:01.936  3180  3351 D audio_hw_primary_abox: fast_out-do_set_route: Enabled Audio Route(media-speaker)
09-12 19:34:01.936  3180  3351 I audio_route: > audio_route_apply_path : "gain-media-speaker"
09-12 19:34:01.936  3180  3351 I audio_route: > audio_route_update_path + : "gain-media-speaker" reverse(0)
09-12 19:34:01.936  3180  3351 I audio_route: > audio_route_update_path - : changed(0)
09-12 19:34:01.936  3180  3351 D audio_hw_primary_abox: fast_out-do_set_route: Enabled Audio Gain(gain-media-speaker)
09-12 19:34:01.938  3180  3351 I audio_hw_primary_abox: [do_open_spkamp_stream] Opened PCM Device(/dev/snd/pcmC0D7p) configured Info: Channels(2)  Smapling Rate(48000), Format: Default(0)
09-12 19:34:01.942  3180  3351 I audio_hw_primary_abox: [do_open_spkamp_stream] Opened PCM Device(/dev/snd/pcmC0D11c) configured Info: Channels(2)  Smapling Rate(48000), Format: Default(0)
09-12 19:34:01.944  3180  3351 I audio_hw_primary_abox: [do_open_spkamp_stream] Opened PCM Device(/dev/snd/pcmC0D12c) configured Info: Channels(2)  Smapling Rate(48000), Format: Default(0)
09-12 19:34:01.950  3180  3351 I audio_hw_primary_abox: [do_open_spkamp_stream] Opened PCM Device(/dev/snd/pcmC0D6p) configured Info: Channels(2)  Smapling Rate(48000), Format: Default(0)
09-12 19:34:01.969  3180  3351 I audio_hw_primary_abox: fast_out-do_open_output_stream: Opened PCM Device is /dev/snd/pcmC0D2p samplingRate(48000) pcmformat(0)
09-12 19:34:01.969  3180  3351 I audio_hw_primary_abox: fast_out-out_write: Transit to Idle
09-12 19:34:01.971  3180  3351 I audio_hw_primary_abox: fast_out-out_write: Transit to Playing
09-12 19:34:01.975  4998  6603 I chatty  : uid=1000(system) com.android.settings expire 4 lines
09-12 19:34:03.615  3177  3177 D gpsd    : WakeLock(Acquire,GPSD)
09-12 19:34:03.616  3177  3177 D gpsd    : WakeLock(Release,GPSD)
09-12 19:34:03.616  3177  3177 D gpsd    : WakeLock(Acquire,GPSD)
09-12 19:34:03.617  3177  3177 D gpsd    : WakeLock(Release,GPSD)
09-12 19:34:03.741  6633  6633 V lhd     : GlLhdInterface::Init(/system/etc/lhd.conf)
09-12 19:34:03.742  6633  6633 E lhd     : SetCfgValue: Critical Error. Unknown configuration parameter "FlpName"="tcp"
09-12 19:34:03.742  6633  6633 V lhd     : SetCfgValue: LHD config "LheSerialControl"="BBD:Serial=TTY"
09-12 19:34:03.742  6633  6633 E lhd     : SetCfgValue: Critical Error. Unknown configuration parameter "LheClockMHz"="100"
09-12 19:34:03.742  6633  6633 V lhd     : SetCfgValue: LHD config "LhePatch"="/dev/bbd_patch"
09-12 19:34:03.742  6633  6633 V lhd     : SetCfgValue: LHD config "LheMaxMcuResetTries"="4"
09-12 19:34:03.742  6633  6633 V lhd     : SetCfgValue: LHD config "LheBbdPacket"="/dev/ttyBCM"
09-12 19:34:03.742  6633  6633 V lhd     : SetCfgValue: LHD config "LheBbdControl"="/dev/bbd_control"
09-12 19:34:03.742  6633  6633 V lhd     : SetCfgValue: LHD config "LheBbdSensor"="/dev/bbd_sensor"
09-12 19:34:03.742  6633  6633 V lhd     : SetCfgValue: LHD config "Lhe477xDebugFlags"="RPC:FACILITY=33:STDOUT_PUTS:STDOUT_LOG"
09-12 19:34:03.742  6633  6633 E lhd     : SetCfgValue: Critical Error. Unknown configuration parameter "LheSensorIpc"="true"
09-12 19:34:03.742  6633  6633 E lhd     : SetCfgValue: Critical Error. Unknown configuration parameter "LhePinMux"="P17=M1"
09-12 19:34:03.742  6633  6633 V lhd     : SetCfgValue: LHD config "LheAutoBaudDelayMS"="10"
09-12 19:34:03.742  6633  6633 V lhd     : SetCfgValue: LHD config "LheMaxMcuResetTries"="3"
09-12 19:34:03.742  6633  6633 E lhd     : OpenFirmwareFile: Fail to open /efs/sec_efs/sensorhub_urgent_fw.patch, errno 2
09-12 19:34:03.742  6633  6633 E lhd     : getCustPatchVersion: Fail to parse patch /efs/sec_efs/sensorhub_urgent_fw.patch
09-12 19:34:03.742  6633  6633 E lhd     : getCustPatchVersion: <CustomerVersion> not found
09-12 19:34:03.803  3177  3177 D gpsd    : WakeLock(Acquire,GPSD)
09-12 19:34:03.804  6633  6633 D lhd     : OnIpcConnect
09-12 19:34:03.804  3177  3177 D gpsd    : WakeLock(Release,GPSD)
09-12 19:34:03.804  3177  3177 D gpsd    : WakeLock(Acquire,GPSD)
09-12 19:34:03.804  3177  3177 D gpsd    : WakeLock(Release,GPSD)
09-12 19:34:03.942  4778  4778 I SlideTouchEvent: vel=43.48235, MinimumFlingVelocity=175
09-12 19:34:07.028  3180  3351 V audio_hw_primary_abox: fast_out-out_standby: enter
09-12 19:34:07.028  3180  3351 I audio_hw_primary_abox: fast_out-out_standby: Transit to Idle
09-12 19:34:07.040  3180  3351 I audio_hw_primary_abox: fast_out-do_close_output_stream: Closed PCM Device
09-12 19:34:07.040  3180  3351 D audio_hw_primary_abox: fast_out-set_audio_route: [PLAYBACK] current-device(speaker) new-device(speaker) in cur-mode(normal) & new-mode(normal)!
09-12 19:34:07.061  3180  3351 I audio_hw_primary_abox: USAGE_SPKAMP-do_close_spkamp_stream: Closed PCM Device is /dev/snd/pcmC0D7p
09-12 19:34:07.067  3180  3351 I audio_hw_primary_abox: USAGE_SPKAMP-do_close_spkamp_stream: Closed PCM Device is /dev/snd/pcmC0D11c
09-12 19:34:07.073  3180  3351 I audio_hw_primary_abox: USAGE_SPKAMP-do_close_spkamp_stream: Closed PCM Device is /dev/snd/pcmC0D12c
09-12 19:34:07.076  3180  3351 I audio_hw_primary_abox: USAGE_SPKAMP-do_close_spkamp_stream: Closed PCM Device is /dev/snd/pcmC0D6p
09-12 19:34:07.076  3180  3351 I audio_route: > audio_route_update_path + : "media-speaker" reverse(1)
09-12 19:34:07.081  3180  3351 I audio_route: > audio_route_update_path - : changed(3)
09-12 19:34:07.081  3180  3351 D audio_hw_primary_abox: fast_out-do_set_route: Disabled Audio Route(media-speaker)
09-12 19:34:07.082  3180  3351 I audio_route: > audio_route_update_path + : "gain-media-speaker" reverse(1)
09-12 19:34:07.082  3180  3351 I audio_route: > audio_route_update_path - : changed(0)
09-12 19:34:07.082  3180  3351 D audio_hw_primary_abox: fast_out-do_set_route: Disabled Audio Gain(gain-media-speaker)
09-12 19:34:07.082  3180  3351 I audio_hw_primary_abox: fast_out-out_standby: Transit to Standby
09-12 19:34:07.082  3180  3351 V audio_hw_primary_abox: fast_out-out_standby: exit
09-12 19:34:08.347  3180  3351 D audio_hw_primary_abox: fast_out-set_audio_route: [PLAYBACK] current-device(none) new-device(speaker) in cur-mode(none) & new-mode(normal)!
09-12 19:34:08.347  3180  3351 I audio_hw_primary_abox: is_voice_wakeup : ret =  0  , wakeup_baby_cry_enabled = 0  ,  wakeup_mic_enabled = 0 
09-12 19:34:08.347  3180  3351 I audio_route: > audio_route_apply_path : "media-speaker"
09-12 19:34:08.349  3180  3351 I audio_route: > audio_route_update_path + : "media-speaker" reverse(0)
09-12 19:34:08.349  3180  3351 I audio_route: > audio_route_update_path - : changed(0)
09-12 19:34:08.349  3180  3351 D audio_hw_primary_abox: fast_out-do_set_route: Enabled Audio Route(media-speaker)
09-12 19:34:08.349  3180  3351 I audio_route: > audio_route_apply_path : "gain-media-speaker"
09-12 19:34:08.349  3180  3351 I audio_route: > audio_route_update_path + : "gain-media-speaker" reverse(0)
09-12 19:34:08.349  3180  3351 I audio_route: > audio_route_update_path - : changed(0)
09-12 19:34:08.349  3180  3351 D audio_hw_primary_abox: fast_out-do_set_route: Enabled Audio Gain(gain-media-speaker)
09-12 19:34:08.350  3180  3351 I audio_hw_primary_abox: [do_open_spkamp_stream] Opened PCM Device(/dev/snd/pcmC0D7p) configured Info: Channels(2)  Smapling Rate(48000), Format: Default(0)
09-12 19:34:08.355  3180  3351 I audio_hw_primary_abox: [do_open_spkamp_stream] Opened PCM Device(/dev/snd/pcmC0D11c) configured Info: Channels(2)  Smapling Rate(48000), Format: Default(0)
09-12 19:34:08.357  3180  3351 I audio_hw_primary_abox: [do_open_spkamp_stream] Opened PCM Device(/dev/snd/pcmC0D12c) configured Info: Channels(2)  Smapling Rate(48000), Format: Default(0)
09-12 19:34:08.363  3180  3351 I audio_hw_primary_abox: [do_open_spkamp_stream] Opened PCM Device(/dev/snd/pcmC0D6p) configured Info: Channels(2)  Smapling Rate(48000), Format: Default(0)
09-12 19:34:08.381  3180  3351 I audio_hw_primary_abox: fast_out-do_open_output_stream: Opened PCM Device is /dev/snd/pcmC0D2p samplingRate(48000) pcmformat(0)
09-12 19:34:08.381  3180  3351 I audio_hw_primary_abox: fast_out-out_write: Transit to Idle
09-12 19:34:08.383  3180  3351 I audio_hw_primary_abox: fast_out-out_write: Transit to Playing
09-12 19:34:08.384  4778  4778 I SlideTouchEvent: vel=22.543962, MinimumFlingVelocity=175
09-12 19:34:08.504  4998  6428 I chatty  : uid=1000(system) SummaryLoader expire 12 lines
09-12 19:34:08.621  3580  4793 E BatteryStatsService: no controller energy info supplied
09-12 19:34:11.540  3180  3351 V audio_hw_primary_abox: fast_out-out_standby: enter
09-12 19:34:11.540  3180  3351 I audio_hw_primary_abox: fast_out-out_standby: Transit to Idle
09-12 19:34:11.548  3180  3351 I audio_hw_primary_abox: fast_out-do_close_output_stream: Closed PCM Device
09-12 19:34:11.549  3180  3351 D audio_hw_primary_abox: fast_out-set_audio_route: [PLAYBACK] current-device(speaker) new-device(speaker) in cur-mode(normal) & new-mode(normal)!
09-12 19:34:11.565  3180  3351 I audio_hw_primary_abox: USAGE_SPKAMP-do_close_spkamp_stream: Closed PCM Device is /dev/snd/pcmC0D7p
09-12 19:34:11.568  3180  3351 I audio_hw_primary_abox: USAGE_SPKAMP-do_close_spkamp_stream: Closed PCM Device is /dev/snd/pcmC0D11c
09-12 19:34:11.571  3180  3351 I audio_hw_primary_abox: USAGE_SPKAMP-do_close_spkamp_stream: Closed PCM Device is /dev/snd/pcmC0D12c
09-12 19:34:11.571  3180  3351 I audio_hw_primary_abox: USAGE_SPKAMP-do_close_spkamp_stream: Closed PCM Device is /dev/snd/pcmC0D6p
09-12 19:34:11.571  3180  3351 I audio_route: > audio_route_update_path + : "media-speaker" reverse(1)
09-12 19:34:11.574  3180  3351 I audio_route: > audio_route_update_path - : changed(3)
09-12 19:34:11.574  3180  3351 D audio_hw_primary_abox: fast_out-do_set_route: Disabled Audio Route(media-speaker)
