09-16 19:36:58.487  3668  3922 I PackageManager: /system/priv-app/DefaultContainerService changed; collecting certs
09-16 19:36:58.491  3668  3917 I PackageManager: /system/priv-app/CtsShimPrivPrebuilt changed; collecting certs
09-16 19:36:58.502  3668  3919 I PackageManager: /system/priv-app/ContactsProvider changed; collecting certs
09-16 19:36:58.514  3668  3920 W PackageParser: No actions in intent filter at /system/priv-app/Contacts/Contacts.apk Binary XML file line #431
09-16 19:36:58.517  3668  3917 I PackageManager: /system/priv-app/DocumentsUI changed; collecting certs
09-16 19:36:58.519  3668  3918 I PackageManager: /system/priv-app/Eleven changed; collecting certs
09-16 19:36:58.521  3668  3920 I PackageManager: /system/priv-app/Contacts changed; collecting certs
09-16 19:36:58.526  3668  3921 I PackageManager: /system/priv-app/DownloadProvider changed; collecting certs
09-16 19:36:58.526  3668  3922 W PackageParser: No actions in intent filter at /system/priv-app/Dialer/Dialer.apk Binary XML file line #207
09-16 19:36:58.529  3668  3919 I PackageManager: /system/priv-app/EmergencyInfo changed; collecting certs
09-16 19:36:58.531  3668  3921 I PackageManager: New shared user android.media: id=10010
09-16 19:36:58.532  3668  3922 I PackageManager: /system/priv-app/Dialer changed; collecting certs
09-16 19:36:58.536  3668  3921 W PackageManager: Permission android.permission.DOWNLOAD_WITHOUT_NOTIFICATION from package com.android.providers.downloads in an unknown group android.permission-group.NETWORK
09-16 19:36:58.537  3668  3917 I PackageManager: /system/priv-app/ExtServices changed; collecting certs
09-16 19:36:58.544  3668  3919 I PackageManager: New shared user com.android.emergency.uid: id=10013
09-16 19:36:58.547  3668  3917 I PackageManager: /system/priv-app/FusedLocation changed; collecting certs
09-16 19:36:58.547  3668  3921 I PackageManager: /system/priv-app/ExternalStorageProvider changed; collecting certs
09-16 19:36:58.562  3668  3919 I PackageManager: /system/priv-app/InputDevices changed; collecting certs
09-16 19:36:58.574  3668  3920 I PackageManager: /system/priv-app/MediaProvider changed; collecting certs
09-16 19:36:58.575  3668  3919 I PackageManager: /system/priv-app/MmsService changed; collecting certs
09-16 19:36:58.578  3668  3921 I PackageManager: /system/priv-app/LineageSetupWizard changed; collecting certs
09-16 19:36:58.584  3668  3917 I PackageManager: /system/priv-app/ManagedProvisioning changed; collecting certs
09-16 19:36:58.585  3668  3918 I PackageManager: /system/priv-app/Gallery2 changed; collecting certs
09-16 19:36:58.589  3668  3919 I PackageManager: /system/priv-app/MtpDocumentsProvider changed; collecting certs
09-16 19:36:58.594  3668  3920 I PackageManager: /system/priv-app/OneTimeInitializer changed; collecting certs
09-16 19:36:58.596  3668  3921 I PackageManager: /system/priv-app/ProxyHandler changed; collecting certs
09-16 19:36:58.608  3668  3921 I PackageManager: /system/priv-app/SharedStorageBackup changed; collecting certs
09-16 19:36:58.612  3668  3922 I PackageManager: /system/priv-app/PackageInstaller changed; collecting certs
09-16 19:36:58.613  3668  3917 I PackageManager: /system/priv-app/Recorder changed; collecting certs
09-16 19:36:58.614  3668  3920 I PackageManager: /system/priv-app/SettingsProvider changed; collecting certs
09-16 19:36:58.628  3668  3920 I PackageManager: /system/priv-app/StatementService changed; collecting certs
09-16 19:36:58.633  3668  3921 W PackageParser: Ignoring duplicate uses-permissions/uses-permissions-sdk-m: android.permission.INSTALL_GRANT_RUNTIME_PERMISSIONS in package: com.android.shell at: Binary XML file line #102
09-16 19:36:58.637  3668  3921 I PackageManager: /system/priv-app/Shell changed; collecting certs
09-16 19:36:58.639  3668  3922 I PackageManager: /system/priv-app/Tag changed; collecting certs
09-16 19:36:58.642  3668  3917 I PackageManager: /system/priv-app/StorageManager changed; collecting certs
09-16 19:36:58.657  3668  3922 I PackageManager: /system/priv-app/TelephonyProvider changed; collecting certs
09-16 19:36:58.663  3668  3921 I PackageManager: /system/priv-app/Telecom changed; collecting certs
09-16 19:36:58.667  3668  3918 W PackageParser: Ignoring duplicate uses-permissions/uses-permissions-sdk-m: android.permission.CONFIGURE_WIFI_DISPLAY in package: com.android.systemui at: Binary XML file line #117
09-16 19:36:58.680  3668  3918 I PackageManager: /system/priv-app/SystemUI changed; collecting certs
09-16 19:36:58.684  3668  3921 I PackageManager: /system/priv-app/VpnDialogs changed; collecting certs
09-16 19:36:58.685  3668  3917 I PackageManager: /system/priv-app/Updater changed; collecting certs
09-16 19:36:58.693  3668  3919 W PackageParser: Ignoring duplicate uses-permissions/uses-permissions-sdk-m: android.permission.USE_CREDENTIALS in package: com.android.settings at: Binary XML file line #56
09-16 19:36:58.694  3668  3919 W PackageParser: Ignoring duplicate uses-permissions/uses-permissions-sdk-m: android.permission.READ_SYNC_SETTINGS in package: com.android.settings at: Binary XML file line #61
09-16 19:36:58.694  3668  3919 W PackageParser: Ignoring duplicate uses-permissions/uses-permissions-sdk-m: android.permission.WRITE_SYNC_SETTINGS in package: com.android.settings at: Binary XML file line #62
09-16 19:36:58.694  3668  3920 I PackageManager: /system/priv-app/TeleService changed; collecting certs
09-16 19:36:58.695  3668  3922 I PackageManager: /system/priv-app/Trebuchet changed; collecting certs
09-16 19:36:58.701  3668  3921 I PackageManager: /system/priv-app/WallpaperCropper changed; collecting certs
09-16 19:36:58.704  3668  3917 I PackageManager: /system/priv-app/WeatherManagerService changed; collecting certs
09-16 19:36:58.712  3668  3922 W PackageManager: Permission com.android.launcher.permission.INSTALL_SHORTCUT from package com.cyanogenmod.trebuchet in an unknown group android.permission-group.SYSTEM_TOOLS
09-16 19:36:58.712  3668  3922 W PackageManager: Permission com.android.launcher3.permission.READ_SETTINGS from package com.cyanogenmod.trebuchet in an unknown group android.permission-group.SYSTEM_TOOLS
09-16 19:36:58.712  3668  3922 W PackageManager: Permission com.android.launcher3.permission.WRITE_SETTINGS from package com.cyanogenmod.trebuchet in an unknown group android.permission-group.SYSTEM_TOOLS
09-16 19:36:58.717  3668  3921 I PackageManager: /system/priv-app/WeatherProvider changed; collecting certs
09-16 19:36:58.720  3668  3918 I PackageManager: New shared user android.uid.systemui: id=10032
09-16 19:36:58.805  3668  3919 I PackageManager: /system/priv-app/Settings changed; collecting certs
09-16 19:36:58.886  3668  3668 D PackageManager: end scanDirLI:/system/priv-app
09-16 19:36:58.887  3668  3668 D PackageManager: start scanDirLI:/system/app
09-16 19:36:58.887  3668  3668 D PackageManager: max thread:6
09-16 19:36:58.894  3668  3920 I PackageManager: /system/app/BookmarkProvider changed; collecting certs
09-16 19:36:58.895  3668  3922 I PackageManager: /system/app/BasicDreams changed; collecting certs
09-16 19:36:58.895  3668  3921 I PackageManager: /system/app/BluetoothMidiService changed; collecting certs
09-16 19:36:58.899  3668  3917 I PackageManager: /system/app/AdvancedDisplay changed; collecting certs
09-16 19:36:58.906  3668  3921 I PackageManager: /system/app/CaptivePortalLogin changed; collecting certs
09-16 19:36:58.911  3668  3918 W PackageParser: No actions in intent filter at /system/app/Bluetooth/Bluetooth.apk Binary XML file line #226
09-16 19:36:58.912  3668  3919 I PackageManager: /system/app/Calendar changed; collecting certs
09-16 19:36:58.916  3668  3918 I PackageManager: /system/app/Bluetooth changed; collecting certs
09-16 19:36:58.916  3668  3921 I PackageManager: /system/app/CtsShimPrebuilt changed; collecting certs
09-16 19:36:58.921  3668  3921 W PackageManager: Non-privileged app; cap priority to 0; package: com.android.cts.ctsshim activity: com.android.cts.ctsshim.InstallPriority origPrio: 100
09-16 19:36:58.921  3668  3921 W PackageManager: Non-privileged app; cap priority to 0; package: com.android.cts.ctsshim activity: com.android.cts.ctsshim.InstallPriority origPrio: 100
09-16 19:36:58.921  3668  3921 W PackageManager: Non-privileged app; cap priority to 0; package: com.android.cts.ctsshim activity: com.android.cts.ctsshim.InstallPriority origPrio: 100
09-16 19:36:58.921  3668  3921 W PackageManager: Non-privileged app; cap priority to 0; package: com.android.cts.ctsshim activity: com.android.cts.ctsshim.InstallPriority origPrio: 100
09-16 19:36:58.921  3668  3921 W PackageManager: Non-privileged app; cap priority to 0; package: com.android.cts.ctsshim activity: com.android.cts.ctsshim.InstallPriority origPrio: 100
09-16 19:36:58.924  3668  3922 I PackageManager: /system/app/CertInstaller changed; collecting certs
09-16 19:36:58.926  3668  3919 W PackageManager: Non-privileged app; cap priority to 0; package: com.android.calendar activity: com.android.calendar.GoogleCalendarUriIntentFilter origPrio: 50
09-16 19:36:58.929  3668  3920 I PackageManager: /system/app/Camera2 changed; collecting certs
09-16 19:36:58.937  3668  3917 W PackageParser: Ignoring duplicate uses-permissions/uses-permissions-sdk-m: android.permission.WRITE_SETTINGS in package: com.android.deskclock at: Binary XML file line #45
09-16 19:36:58.940  3668  3921 I PackageManager: /system/app/Development changed; collecting certs
09-16 19:36:58.940  3668  3922 I PackageManager: /system/app/EasterEgg changed; collecting certs
09-16 19:36:58.942  3668  3919 I PackageManager: /system/app/DownloadProviderUi changed; collecting certs
09-16 19:36:58.947  3668  3917 I PackageManager: /system/app/DeskClock changed; collecting certs
09-16 19:36:58.955  3668  3921 I PackageManager: /system/app/ExtShared changed; collecting certs
09-16 19:36:58.960  3668  3922 I PackageManager: /system/app/ExactCalculator changed; collecting certs
09-16 19:36:58.962  3668  3920 I PackageManager: /system/app/HTMLViewer changed; collecting certs
09-16 19:36:58.962  3668  3919 I PackageManager: /system/app/Exchange2 changed; collecting certs
09-16 19:36:58.976  3668  3917 I PackageManager: /system/app/KeyChain changed; collecting certs
09-16 19:36:58.980  3668  3922 I PackageManager: /system/app/LiveWallpapersPicker changed; collecting certs
09-16 19:36:58.982  3668  3919 I PackageManager: /system/app/LockClock changed; collecting certs
09-16 19:36:58.987  3668  3921 I PackageManager: /system/app/Jelly changed; collecting certs
09-16 19:36:58.991  3668  3918 I PackageManager: /system/app/Email changed; collecting certs
09-16 19:36:58.993  3668  3917 W PackageParser: Ignoring duplicate uses-permissions/uses-permissions-sdk-m: android.permission.CHANGE_WIFI_STATE in package: com.android.nfc at: Binary XML file line #47
09-16 19:36:58.993  3668  3917 W PackageParser: Ignoring duplicate uses-permissions/uses-permissions-sdk-m: android.permission.ACCESS_WIFI_STATE in package: com.android.nfc at: Binary XML file line #48
09-16 19:36:58.996  3668  3922 I PackageManager: /system/app/PacProcessor changed; collecting certs
09-16 19:36:59.000  3668  3917 I PackageManager: /system/app/NfcNci changed; collecting certs
09-16 19:36:59.012  3668  3922 I PackageManager: /system/app/PicoTts changed; collecting certs
09-16 19:36:59.013  3668  3921 I PackageManager: /system/app/PhotoTable changed; collecting certs
09-16 19:36:59.013  3668  3920 I PackageManager: /system/app/LatinIME changed; collecting certs
09-16 19:36:59.015  3668  3919 I PackageManager: /system/app/PrintRecommendationService changed; collecting certs
09-16 19:36:59.023  3668  3918 W PackageManager: Permission com.android.email.permission.READ_ATTACHMENT from package com.android.email in an unknown group android.permission-group.MESSAGES
09-16 19:36:59.024  3668  3917 I PackageManager: /system/app/PrintSpooler changed; collecting certs
09-16 19:36:59.024  3668  3922 I PackageManager: /system/app/Profiles changed; collecting certs
09-16 19:36:59.031  3668  3918 I PackageManager: /system/app/RootPA changed; collecting certs
09-16 19:36:59.035  3668  3919 I PackageManager: /system/app/UserDictionaryProvider changed; collecting certs
09-16 19:36:59.039  3668  3922 I PackageManager: /system/app/Terminal changed; collecting certs
09-16 19:36:59.041  3668  3921 I PackageManager: /system/app/Stk changed; collecting certs
09-16 19:36:59.044  3668  3918 I PackageManager: /system/app/WallpaperBackup changed; collecting certs
09-16 19:36:59.044  3668  3917 I PackageManager: /system/app/WAPPushManager changed; collecting certs
09-16 19:36:59.048  3668  3922 W PackageManager: Failed to parse /system/app/mcRegistry: Missing base APK in /system/app/mcRegistry
09-16 19:36:59.055  3668  3919 I PackageManager: /system/app/WallpaperPicker changed; collecting certs
09-16 19:36:59.055  3668  3922 I PackageManager: /system/app/telresources changed; collecting certs
09-16 19:36:59.067  3668  3918 I PackageManager: /system/app/webview changed; collecting certs
09-16 19:36:59.087  3668  3921 I PackageManager: /system/app/messaging changed; collecting certs
09-16 19:36:59.397  3668  3668 D PackageManager: end scanDirLI:/system/app
09-16 19:36:59.397  3668  3668 D PackageManager: No files in app dir /system/vendor/app
09-16 19:36:59.397  3668  3668 D PackageManager: No files in app dir /oem/app
09-16 19:36:59.401  3668  3668 D PackageManager: No files in app dir /data/app
09-16 19:36:59.401  3668  3668 D PackageManager: No files in app dir /data/app-private
09-16 19:36:59.401  3668  3668 D PackageManager: No files in app dir /data/app-ephemeral
09-16 19:36:59.403  3668  3668 E PackageManager: There should probably be exactly one setup wizard; found 0: matches=[]
09-16 19:36:59.404  3668  3668 W PackageManager: Protected action; cap priority to 0; package: com.android.cts.priv.ctsshim activity: com.android.cts.priv.ctsshim.InstallPriority origPrio: 100
09-16 19:36:59.404  3668  3668 W PackageManager: Protected action; cap priority to 0; package: com.android.cts.priv.ctsshim activity: com.android.cts.priv.ctsshim.InstallPriority origPrio: 100
09-16 19:36:59.404  3668  3668 W PackageManager: Protected action; cap priority to 0; package: com.android.cts.priv.ctsshim activity: com.android.cts.priv.ctsshim.InstallPriority origPrio: 100
09-16 19:36:59.404  3668  3668 W PackageManager: Protected action; cap priority to 0; package: com.android.cts.priv.ctsshim activity: com.android.cts.priv.ctsshim.InstallPriority origPrio: 100
09-16 19:36:59.404  3668  3668 W PackageManager: Protected action; cap priority to 0; package: com.android.packageinstaller activity: com.android.packageinstaller.PackageInstallerActivity origPrio: 1
09-16 19:36:59.405  3668  3668 W PackageManager: Package com.android.gallery3d desires unavailable shared library com.google.android.media.effects; ignoring!
09-16 19:36:59.405  3668  3668 W PackageManager: Package com.android.gallery3d desires unavailable shared library com.google.android.media.effects; ignoring!
09-16 19:36:59.405  3668  3668 I PackageManager: Adjusting ABI for com.android.providers.downloads to arm64-v8a (requirer=com.android.mtp, scannedPackage=null)
09-16 19:36:59.406  3668  3668 I PackageManager: Adjusting ABI for com.android.providers.media to arm64-v8a (requirer=com.android.mtp, scannedPackage=null)
09-16 19:36:59.406  3668  3668 I PackageManager: Adjusting ABI for com.android.providers.downloads.ui to arm64-v8a (requirer=com.android.mtp, scannedPackage=null)
09-16 19:36:59.407  3668  3668 I PackageManager: Adjusting ABI for com.android.settings to arm64-v8a (requirer=android, scannedPackage=null)
09-16 19:36:59.407  3668  3668 I PackageManager: Adjusting ABI for com.android.development to arm64-v8a (requirer=android, scannedPackage=null)
09-16 19:36:59.407  3668  3668 I PackageManager: Adjusting ABI for com.android.keychain to arm64-v8a (requirer=android, scannedPackage=null)
09-16 19:36:59.408  3668  3668 I PackageManager: Adjusting ABI for com.cyanogenmod.setupwizard to arm64-v8a (requirer=android, scannedPackage=null)
09-16 19:36:59.408  3668  3668 I PackageManager: Adjusting ABI for com.android.server.telecom to arm64-v8a (requirer=android, scannedPackage=null)
09-16 19:36:59.408  3668  3668 I PackageManager: Adjusting ABI for org.cyanogenmod.cmparts to arm64-v8a (requirer=android, scannedPackage=null)
09-16 19:36:59.409  3668  3668 I PackageManager: Adjusting ABI for cyanogenmod.platform to arm64-v8a (requirer=android, scannedPackage=null)
09-16 19:36:59.409  3187  3187 E         : invalid apk path '/system/framework/org.cyanogenmod.platform-res.apk' (bad prefix)
09-16 19:36:59.409  3668  3668 I PackageManager: Adjusting ABI for com.android.location.fused to arm64-v8a (requirer=android, scannedPackage=null)
09-16 19:36:59.410  3668  3668 I PackageManager: Adjusting ABI for com.android.inputdevices to arm64-v8a (requirer=android, scannedPackage=null)
09-16 19:36:59.410  3668  3668 I PackageManager: Adjusting ABI for com.android.providers.settings to arm64-v8a (requirer=android, scannedPackage=null)
09-16 19:36:59.410  3668  3668 I PackageManager: Adjusting ABI for com.cyanogenmod.settings.device to arm64-v8a (requirer=android, scannedPackage=null)
09-16 19:36:59.411  3668  3668 I PackageManager: Adjusting ABI for org.cyanogenmod.cmsettings to arm64-v8a (requirer=android, scannedPackage=null)
09-16 19:36:59.411  3668  3668 I PackageManager: Adjusting ABI for com.android.wallpaperbackup to arm64-v8a (requirer=android, scannedPackage=null)
09-16 19:36:59.412  3668  3668 I PackageManager: Time to scan packages: 2.665 seconds
09-16 19:36:59.414  3668  3668 W PackageManager: Unknown permission com.google.android.googleapps.permission.GOOGLE_AUTH in package com.android.providers.calendar
09-16 19:36:59.414  3668  3668 W PackageManager: Unknown permission com.google.android.googleapps.permission.GOOGLE_AUTH.cl in package com.android.providers.calendar
09-16 19:36:59.419  3668  3668 W PackageManager: Unknown permission cyanogenmod.permission.LEGALESE in package com.cyanogenmod.setupwizard
09-16 19:36:59.422  3668  3668 W PackageManager: Unknown permission com.android.gallery3d.permission.STORAGE_CHANGE in package com.android.camera2
09-16 19:36:59.423  3668  3668 W PackageManager: Unknown permission android.permission.NFC_UNLOCK in package com.android.nfc
09-16 19:36:59.426  3668  3668 W PackageManager: Unknown permission com.google.android.googleapps.permission.GOOGLE_AUTH.mail in package com.android.calendar
09-16 19:36:59.427  3668  3668 W PackageManager: Unknown permission com.android.launcher.permission.READ_SETTINGS in package com.android.onetimeinitializer
09-16 19:36:59.427  3668  3668 W PackageManager: Unknown permission com.android.launcher.permission.WRITE_SETTINGS in package com.android.onetimeinitializer
09-16 19:36:59.433  3668  3668 W PackageManager: Unknown permission com.android.launcher.permission.READ_SETTINGS in package com.cyanogenmod.trebuchet
09-16 19:36:59.433  3668  3668 W PackageManager: Unknown permission com.android.launcher.permission.WRITE_SETTINGS in package com.cyanogenmod.trebuchet
09-16 19:36:59.434  3668  3668 W PackageManager: Unknown permission com.google.android.permission.INSTALL_WEARABLE_PACKAGES in package com.android.packageinstaller
09-16 19:36:59.434  3668  3668 W PackageManager: Not granting permission android.permission.DELETE_PACKAGES to package com.svox.pico (protectionLevel=18 flags=0x3808be45)
09-16 19:36:59.436  3668  3668 W PackageManager: Unknown permission com.google.android.gallery3d.permission.PICASA_STORE in package com.android.dreams.phototable
09-16 19:36:59.438  3668  3668 W PackageManager: Unknown permission com.google.android.googleapps.permission.GOOGLE_AUTH in package com.android.settings
09-16 19:36:59.439  3668  3668 W PackageManager: Unknown permission com.android.launcher.permission.READ_SETTINGS in package com.android.settings
09-16 19:36:59.439  3668  3668 W PackageManager: Unknown permission com.android.launcher.permission.WRITE_SETTINGS in package com.android.settings
09-16 19:36:59.452  3668  3668 W PackageManager: Not granting permission android.permission.MANAGE_DOCUMENTS to package com.android.deskclock (protectionLevel=2 flags=0x3c49be45)
09-16 19:36:59.453  3668  3668 W PackageManager: Unknown permission com.android.deskclock.worldclock.permissions.WRITE_DATABASE in package com.android.deskclock
09-16 19:36:59.453  3668  3668 W PackageManager: Unknown permission org.codeaurora.permission.POWER_ON_ALERT in package com.android.deskclock
09-16 19:36:59.453  3668  3668 W PackageManager: Not granting permission android.permission.WRITE_SECURE_SETTINGS to package com.android.deskclock (protectionLevel=50 flags=0x3c49be45)
09-16 19:36:59.459  3668  3668 W PackageManager: Unknown permission com.cyanogenmod.lockclock.permission.READ_WEATHER in package com.android.systemui
09-16 19:36:59.462  3668  3668 W PackageManager: Unknown permission com.google.android.gallery3d.permission.GALLERY_PROVIDER in package com.android.bluetooth
09-16 19:36:59.463  3668  3668 W PackageManager: Unknown permission com.google.android.googleapps.permission.ACCESS_GOOGLE_PASSWORD in package com.android.development
09-16 19:36:59.463  3668  3668 W PackageManager: Unknown permission com.google.android.googleapps.permission.GOOGLE_AUTH in package com.android.development
09-16 19:36:59.464  3668  3668 W PackageManager: Unknown permission com.google.android.googleapps.permission.GOOGLE_AUTH.ALL_SERVICES in package com.android.development
09-16 19:36:59.464  3668  3668 W PackageManager: Unknown permission com.google.android.googleapps.permission.GOOGLE_AUTH.YouTubeUser in package com.android.development
09-16 19:36:59.465  3668  3668 V PackageManager: reconcileAppsData for null u0 0x3
09-16 19:36:59.466  3187  3187 E SELinux : selinux_android_file_context_handle: Error getting file context handle (No such file or directory)
09-16 19:36:59.597  3668  3668 V PackageManager: reconcileAppsData finished 93 packages
09-16 19:36:59.598  3668  3668 V PackageManager: Disabling com.google.android.gsf/com.google.android.gsf.update.SystemUpdateActivity
09-16 19:36:59.598  3668  3668 W PackageManager: Unable to disable com.google.android.gsf/com.google.android.gsf.update.SystemUpdateActivity
09-16 19:36:59.598  3668  3668 V PackageManager: Disabling com.google.android.gsf/com.google.android.gsf.update.SystemUpdateService$Receiver
09-16 19:36:59.598  3668  3668 W PackageManager: Unable to disable com.google.android.gsf/com.google.android.gsf.update.SystemUpdateService$Receiver
09-16 19:36:59.598  3668  3668 V PackageManager: Disabling com.google.android.gsf/com.google.android.gsf.update.SystemUpdateService$SecretCodeReceiver
09-16 19:36:59.598  3668  3668 W PackageManager: Unable to disable com.google.android.gsf/com.google.android.gsf.update.SystemUpdateService$SecretCodeReceiver
09-16 19:36:59.599  3668  3668 V PackageManager: Disabling com.google.android.gsf/com.google.android.gsf.update.SystemUpdateServiceReceiver
09-16 19:36:59.599  3668  3668 W PackageManager: Unable to disable com.google.android.gsf/com.google.android.gsf.update.SystemUpdateServiceReceiver
09-16 19:36:59.599  3668  3668 V PackageManager: Disabling com.google.android.gms/com.google.android.gms.update.SystemUpdateActivity
09-16 19:36:59.599  3668  3668 W PackageManager: Unable to disable com.google.android.gms/com.google.android.gms.update.SystemUpdateActivity
09-16 19:36:59.599  3668  3668 V PackageManager: Disabling com.google.android.gms/com.google.android.gms.update.SystemUpdateService$Receiver
09-16 19:36:59.599  3668  3668 W PackageManager: Unable to disable com.google.android.gms/com.google.android.gms.update.SystemUpdateService$Receiver
09-16 19:36:59.599  3668  3668 V PackageManager: Disabling com.google.android.gms/com.google.android.gms.update.SystemUpdateService$ActiveReceiver
09-16 19:36:59.599  3668  3668 W PackageManager: Unable to disable com.google.android.gms/com.google.android.gms.update.SystemUpdateService$ActiveReceiver
09-16 19:36:59.599  3668  3668 V PackageManager: Disabling com.google.android.gms/com.google.android.gms.update.SystemUpdateService$SecretCodeReceiver
09-16 19:36:59.600  3668  3668 W PackageManager: Unable to disable com.google.android.gms/com.google.android.gms.update.SystemUpdateService$SecretCodeReceiver
09-16 19:36:59.600  3668  3668 V PackageManager: Disabling com.google.android.gms/com.google.android.gms.update.SystemUpdateServiceReceiver
09-16 19:36:59.600  3668  3668 W PackageManager: Unable to disable com.google.android.gms/com.google.android.gms.update.SystemUpdateServiceReceiver
09-16 19:36:59.600  3668  3668 V PackageManager: Enabling com.google.android.gsf/com.google.android.gsf.update.SystemUpdateService
09-16 19:36:59.600  3668  3668 W PackageManager: Unable to enable com.google.android.gsf/com.google.android.gsf.update.SystemUpdateService
09-16 19:36:59.600  3668  3668 V PackageManager: Enabling com.google.android.gms/com.google.android.gms.update.SystemUpdateService
09-16 19:36:59.600  3668  3668 W PackageManager: Unable to enable com.google.android.gms/com.google.android.gms.update.SystemUpdateService
09-16 19:36:59.930  3668  3668 I PackageManager.DexOptimizer: Running dexopt (dex2oat) on: /system/priv-app/TelephonyProvider/TelephonyProvider.apk pkg=com.android.providers.telephony isa=arm64 vmSafeMode=false debuggable=false target-filter=speed oatDir = null sharedLibraries=null
09-16 19:36:59.945  3923  3923 I dex2oat : /system/bin/dex2oat --compiler-filter=speed
09-16 19:37:00.156  3923  3923 I dex2oat : dex2oat took 211.227ms (threads: 8) arena alloc=5MB (6277320B) java alloc=365KB (373920B) native alloc=1835KB (1879600B) free=10MB (10703312B)
09-16 19:37:00.159  3668  3668 I PackageManager.DexOptimizer: Running dexopt (dex2oat) on: /system/priv-app/MmsService/MmsService.apk pkg=com.android.mms.service isa=arm64 vmSafeMode=false debuggable=false target-filter=speed oatDir = null sharedLibraries=null
09-16 19:37:00.174  3932  3932 I dex2oat : /system/bin/dex2oat --compiler-filter=speed
09-16 19:37:00.282  3932  3932 I dex2oat : dex2oat took 108.112ms (threads: 8) arena alloc=2MB (2825160B) java alloc=270KB (276800B) native alloc=1624KB (1663848B) free=5MB (5676184B)
09-16 19:37:00.285  3668  3668 I PackageManager.DexOptimizer: Running dexopt (dex2oat) on: /system/priv-app/DefaultContainerService/DefaultContainerService.apk pkg=com.android.defcontainer isa=arm64 vmSafeMode=false debuggable=false target-filter=speed oatDir = null sharedLibraries=null
09-16 19:37:00.300  3941  3941 I dex2oat : /system/bin/dex2oat --compiler-filter=speed
09-16 19:37:00.377  3941  3941 I dex2oat : dex2oat took 76.921ms (threads: 8) arena alloc=536KB (549456B) java alloc=120KB (122928B) native alloc=1149KB (1176816B) free=1922KB (1968912B)
09-16 19:37:00.380  3668  3668 I PackageManager.DexOptimizer: Running dexopt (dex2oat) on: /system/priv-app/SettingsProvider/SettingsProvider.apk pkg=com.android.providers.settings isa=arm64 vmSafeMode=false debuggable=false target-filter=speed oatDir = null sharedLibraries=null
09-16 19:37:00.395  3950  3950 I dex2oat : /system/bin/dex2oat --compiler-filter=speed
09-16 19:37:00.582  3950  3950 I dex2oat : dex2oat took 187.167ms (threads: 8) arena alloc=6MB (6933832B) java alloc=300KB (308112B) native alloc=1868KB (1913800B) free=10MB (10669112B)
09-16 19:37:00.585  3668  3668 I PackageManager.DexOptimizer: Running dexopt (dex2oat) on: /system/priv-app/InputDevices/InputDevices.apk pkg=com.android.inputdevices isa=arm64 vmSafeMode=false debuggable=false target-filter=speed oatDir = null sharedLibraries=null
09-16 19:37:00.600  3959  3959 I dex2oat : /system/bin/dex2oat --compiler-filter=speed
09-16 19:37:00.662  3959  3959 I dex2oat : dex2oat took 62.725ms (threads: 8) arena alloc=15KB (15632B) java alloc=32KB (33200B) native alloc=863KB (883984B) free=1696KB (1737456B)
09-16 19:37:00.665  3668  3668 I PackageManager.DexOptimizer: Running dexopt (dex2oat) on: /system/app/ExtShared/ExtShared.apk pkg=android.ext.shared isa=arm64 vmSafeMode=false debuggable=false target-filter=speed oatDir = null sharedLibraries=null
09-16 19:37:00.680  3968  3968 I dex2oat : /system/bin/dex2oat --compiler-filter=speed
09-16 19:37:00.745  3968  3968 I dex2oat : dex2oat took 65.449ms (threads: 8) arena alloc=78KB (79992B) java alloc=55KB (57056B) native alloc=886KB (907752B) free=2MB (2237976B)
09-16 19:37:00.748  3668  3668 I PackageManager.DexOptimizer: Running dexopt (dex2oat) on: /system/priv-app/Telecom/Telecom.apk pkg=com.android.server.telecom isa=arm64 vmSafeMode=false debuggable=false target-filter=speed oatDir = null sharedLibraries=null
09-16 19:37:00.763  3977  3977 I dex2oat : /system/bin/dex2oat --compiler-filter=speed
09-16 19:37:01.157  3977  3977 I dex2oat : dex2oat took 394.951ms (threads: 8) arena alloc=3MB (3777368B) java alloc=1153KB (1180896B) native alloc=4MB (4751952B) free=7MB (7830960B)
09-16 19:37:01.162  3668  3668 I PackageManager.DexOptimizer: Running dexopt (dex2oat) on: /system/priv-app/Dialer/Dialer.apk pkg=com.android.dialer isa=arm64 vmSafeMode=false debuggable=false target-filter=speed oatDir = null sharedLibraries=null
09-16 19:37:01.178  3986  3986 I dex2oat : /system/bin/dex2oat --compiler-filter=speed
09-16 19:37:01.362  3986  3986 W dex2oat : Before Android 4.1, method android.graphics.PorterDuffColorFilter android.support.graphics.drawable.VectorDrawableCompat.updateTintFilter(android.graphics.PorterDuffColorFilter, android.content.res.ColorStateList, android.graphics.PorterDuff$Mode) would have incorrectly overridden the package-private method in android.graphics.drawable.Drawable
09-16 19:37:01.374  3986  3991 W dex2oat : Before Android 4.1, method int android.support.v7.widget.ListViewCompat.lookForSelectablePosition(int, boolean) would have incorrectly overridden the package-private method in android.widget.ListView
09-16 19:37:02.715  3986  3986 I dex2oat : dex2oat took 1.537s (threads: 8) arena alloc=4MB (4600784B) java alloc=6MB (6308264B) native alloc=16MB (17192976B) free=7MB (7972848B)
09-16 19:37:02.721  3668  3668 I PackageManager.DexOptimizer: Running dexopt (dex2oat) on: /system/priv-app/ExtServices/ExtServices.apk pkg=android.ext.services isa=arm64 vmSafeMode=false debuggable=false target-filter=speed oatDir = null sharedLibraries=null
09-16 19:37:02.736  3996  3996 I dex2oat : /system/bin/dex2oat --compiler-filter=speed
09-16 19:37:02.811  3996  3996 I dex2oat : dex2oat took 74.955ms (threads: 8) arena alloc=337KB (345992B) java alloc=95KB (98256B) native alloc=1120KB (1147888B) free=2MB (3046416B)
09-16 19:37:02.814  3668  3668 I PackageManager.DexOptimizer: Running dexopt (dex2oat) on: /system/priv-app/CMSettingsProvider/CMSettingsProvider.apk pkg=org.cyanogenmod.cmsettings isa=arm64 vmSafeMode=false debuggable=false target-filter=speed oatDir = null sharedLibraries=null
09-16 19:37:02.830  4005  4005 I dex2oat : /system/bin/dex2oat --compiler-filter=speed
09-16 19:37:02.935  4005  4005 I dex2oat : dex2oat took 105.593ms (threads: 8) arena alloc=1938KB (1984576B) java alloc=246KB (252616B) native alloc=1667KB (1707592B) free=4MB (4583864B)
09-16 19:37:02.938  3668  3668 I PackageManager.DexOptimizer: Running dexopt (dex2oat) on: /system/priv-app/PackageInstaller/PackageInstaller.apk pkg=com.android.packageinstaller isa=arm64 vmSafeMode=false debuggable=false target-filter=speed oatDir = null sharedLibraries=null
09-16 19:37:02.953  4014  4014 I dex2oat : /system/bin/dex2oat --compiler-filter=speed
09-16 19:37:03.042  4014  4022 W dex2oat : Before Android 4.1, method android.graphics.PorterDuffColorFilter android.support.graphics.drawable.VectorDrawableCompat.updateTintFilter(android.graphics.PorterDuffColorFilter, android.content.res.ColorStateList, android.graphics.PorterDuff$Mode) would have incorrectly overridden the package-private method in android.graphics.drawable.Drawable
09-16 19:37:03.057  4014  4021 W dex2oat : Before Android 4.1, method int android.support.v7.widget.ListViewCompat.lookForSelectablePosition(int, boolean) would have incorrectly overridden the package-private method in android.widget.ListView
09-16 19:37:03.693  4014  4014 I dex2oat : dex2oat took 740.219ms (threads: 8) arena alloc=4MB (4704544B) java alloc=3MB (4128168B) native alloc=7MB (7852216B) free=8MB (8400712B)
09-16 19:37:03.698  3668  3668 I PackageManager.DexOptimizer: Running dexopt (dex2oat) on: /system/priv-app/ProxyHandler/ProxyHandler.apk pkg=com.android.proxyhandler isa=arm64 vmSafeMode=false debuggable=false target-filter=speed oatDir = null sharedLibraries=null
09-16 19:37:03.714  4023  4023 I dex2oat : /system/bin/dex2oat --compiler-filter=speed
09-16 19:37:03.791  4023  4023 I dex2oat : dex2oat took 78.004ms (threads: 8) arena alloc=1271KB (1301752B) java alloc=103KB (106400B) native alloc=1138KB (1165920B) free=2MB (3028384B)
09-16 19:37:03.795  3668  3668 I PackageManager.DexOptimizer: Running dexopt (dex2oat) on: /system/app/LatinIME/LatinIME.apk pkg=com.android.inputmethod.latin isa=arm64 vmSafeMode=false debuggable=false target-filter=speed oatDir = null sharedLibraries=null
09-16 19:37:03.811  4032  4032 I dex2oat : /system/bin/dex2oat --compiler-filter=speed
09-16 19:37:04.267  4032  4032 I dex2oat : dex2oat took 456.868ms (threads: 8) arena alloc=2MB (3124816B) java alloc=1804KB (1847864B) native alloc=4MB (5090608B) free=6MB (6443728B)
09-16 19:37:04.272  3668  3668 I PackageManager.DexOptimizer: Running dexopt (dex2oat) on: /system/priv-app/Settings/Settings.apk pkg=com.android.settings isa=arm64 vmSafeMode=false debuggable=false target-filter=speed oatDir = null sharedLibraries=null
09-16 19:37:04.288  4041  4041 I dex2oat : /system/bin/dex2oat --compiler-filter=speed
09-16 19:37:04.469  4041  4044 W dex2oat : Before Android 4.1, method android.graphics.PorterDuffColorFilter android.support.graphics.drawable.VectorDrawableCompat.updateTintFilter(android.graphics.PorterDuffColorFilter, android.content.res.ColorStateList, android.graphics.PorterDuff$Mode) would have incorrectly overridden the package-private method in android.graphics.drawable.Drawable
09-16 19:37:04.479  4041  4044 W dex2oat : Before Android 4.1, method int android.support.v7.widget.ListViewCompat.lookForSelectablePosition(int, boolean) would have incorrectly overridden the package-private method in android.widget.ListView
09-16 19:37:05.839  4041  4041 I dex2oat : dex2oat took 1.551s (threads: 8) arena alloc=4MB (5080512B) java alloc=9MB (9991448B) native alloc=17MB (18036632B) free=8MB (8702056B)
09-16 19:37:05.845  3668  3668 I PackageManager.DexOptimizer: Running dexopt (dex2oat) on: /system/priv-app/TeleService/TeleService.apk pkg=com.android.phone isa=arm64 vmSafeMode=false debuggable=false target-filter=speed oatDir = null sharedLibraries=null
09-16 19:37:05.861  4050  4050 I dex2oat : /system/bin/dex2oat --compiler-filter=speed
09-16 19:37:06.647  4050  4050 I dex2oat : dex2oat took 786.021ms (threads: 8) arena alloc=8MB (8983112B) java alloc=2MB (2734304B) native alloc=8MB (8916024B) free=12MB (13104072B)
09-16 19:37:06.652  3668  3668 I PackageManager.DexOptimizer: Running dexopt (dex2oat) on: /system/priv-app/Shell/Shell.apk pkg=com.android.shell isa=arm64 vmSafeMode=false debuggable=false target-filter=speed oatDir = null sharedLibraries=null
09-16 19:37:06.667  4059  4059 I dex2oat : /system/bin/dex2oat --compiler-filter=speed
09-16 19:37:06.830  4059  4059 I dex2oat : dex2oat took 162.583ms (threads: 8) arena alloc=1651KB (1691288B) java alloc=345KB (353840B) native alloc=1844KB (1889016B) free=3MB (3878152B)
09-16 19:37:06.833  3668  3668 I PackageManager.DexOptimizer: Running dexopt (dex2oat) on: /system/priv-app/FusedLocation/FusedLocation.apk pkg=com.android.location.fused isa=arm64 vmSafeMode=false debuggable=false target-filter=speed oatDir = null sharedLibraries=/system/framework/com.android.location.provider.jar
09-16 19:37:06.849  4068  4068 I dex2oat : /system/bin/dex2oat --compiler-filter=speed
09-16 19:37:06.923  4068  4068 I dex2oat : dex2oat took 74.905ms (threads: 8) arena alloc=444KB (455384B) java alloc=147KB (150960B) native alloc=1299KB (1330240B) free=3MB (3912640B)
09-16 19:37:06.927  3668  3668 I PackageManager.DexOptimizer: Running dexopt (dex2oat) on: /system/priv-app/SystemUI/SystemUI.apk pkg=com.android.systemui isa=arm64 vmSafeMode=false debuggable=false target-filter=speed oatDir = null sharedLibraries=null
09-16 19:37:06.943  4077  4077 I dex2oat : /system/bin/dex2oat --compiler-filter=speed
09-16 19:37:07.141  4077  4080 W dex2oat : Before Android 4.1, method android.graphics.PorterDuffColorFilter android.support.graphics.drawable.VectorDrawableCompat.updateTintFilter(android.graphics.PorterDuffColorFilter, android.content.res.ColorStateList, android.graphics.PorterDuff$Mode) would have incorrectly overridden the package-private method in android.graphics.drawable.Drawable
09-16 19:37:07.157  4077  4080 W dex2oat : Before Android 4.1, method int android.support.v7.widget.ListViewCompat.lookForSelectablePosition(int, boolean) would have incorrectly overridden the package-private method in android.widget.ListView
09-16 19:37:08.577  3182  3182 D wrapperGPS: wrapperisConnected_RILD
09-16 19:37:08.577  3182  3182 D wrapperGPS: wrapperConnect_RILD
09-16 19:37:08.577  3182  3182 D gpsd    : WakeLock(Release,GPSD)
09-16 19:37:08.620  4077  4077 I dex2oat : dex2oat took 1.678s (threads: 8) arena alloc=2MB (2995624B) java alloc=10MB (10610368B) native alloc=18MB (19029688B) free=6MB (6660424B)
09-16 19:37:08.627  3668  3668 I PackageManager.DexOptimizer: Running dexopt (dex2oat) on: /system/priv-app/WeatherManagerService/WeatherManagerService.apk pkg=org.cyanogenmod.weatherservice isa=arm64 vmSafeMode=false debuggable=false target-filter=speed oatDir = null sharedLibraries=null
09-16 19:37:08.643  4089  4089 I dex2oat : /system/bin/dex2oat --compiler-filter=speed
09-16 19:37:08.787  4089  4089 I dex2oat : dex2oat took 144.826ms (threads: 8) arena alloc=2MB (2459704B) java alloc=397KB (406576B) native alloc=1519KB (1556056B) free=5MB (5783976B)
09-16 19:37:08.791  3668  3668 E PackageManager: There should probably be a verifier, but, none were found
09-16 19:37:08.794  3668  3668 D PackageManager: Ephemeral resolver NOT found; no matching intent filters
09-16 19:37:08.795  3668  3668 I PackageManager: Ephemeral deactivated; missing resolver and installer
09-16 19:37:08.795  3668  3668 I art     : Starting a blocking GC Explicit
09-16 19:37:08.817  3668  3668 I art     : Explicit concurrent mark sweep GC freed 54082(3MB) AllocSpace objects, 46(2MB) LOS objects, 33% free, 9MB/13MB, paused 169us total 21.899ms
09-16 19:37:08.818  3668  3668 I SystemServer: StartOtaDexOptService
09-16 19:37:08.820  3668  3668 I SystemServer: StartUserManagerService
09-16 19:37:08.820  3668  3668 I SystemServiceManager: Starting com.android.server.pm.UserManagerService$LifeCycle
09-16 19:37:08.834  3158  3158 I lowmemorykiller: ActivityManager connected
09-16 19:37:08.834  3668  3668 I SystemServiceManager: Starting com.android.server.BatteryService
09-16 19:37:08.835  3668  4099 D SensorService: nuSensorService starting...
09-16 19:37:08.838  3668  4099 W MultiHal: No multihal config file found at /system/etc/sensors/hals.conf
09-16 19:37:08.838  3668  4099 I SensorService: Generated new HMAC key.
09-16 19:37:08.839  3668  3668 I SystemServiceManager: Starting com.android.server.usage.UsageStatsService
09-16 19:37:08.853  3668  3668 I SystemServiceManager: Starting com.android.server.webkit.WebViewUpdateService
09-16 19:37:08.857  3668  3668 I SystemServer: Reading configuration...
09-16 19:37:08.857  3668  3668 I SystemServer: StartSchedulingPolicyService
09-16 19:37:08.859  3668  3668 I SystemServiceManager: Starting com.android.server.telecom.TelecomLoaderService
09-16 19:37:08.859  3668  3668 I SystemServer: StartTelephonyRegistry
09-16 19:37:08.863  3668  3668 I SystemServer: StartEntropyMixer
09-16 19:37:08.863  3668  3668 W EntropyMixer: No existing entropy file -- first boot?
09-16 19:37:08.883  3668  3668 I EntropyMixer: Added HW RNG output to entropy pool
09-16 19:37:08.883  3668  3668 I EntropyMixer: Writing entropy...
09-16 19:37:08.905  3668  3668 I SystemServer: Camera Service
09-16 19:37:08.905  3668  3668 I SystemServiceManager: Starting com.android.server.camera.CameraService
09-16 19:37:08.907  3668  4100 I ServiceThread: Enabled StrictMode logging for CameraService_proxy looper.
09-16 19:37:08.908  3668  3668 I SystemServer: StartAccountManagerService
09-16 19:37:08.908  3668  3668 I SystemServiceManager: Starting com.android.server.accounts.AccountManagerService$Lifecycle
09-16 19:37:08.915  3668  3668 I SystemServer: StartContentService
09-16 19:37:08.915  3668  3668 I SystemServiceManager: Starting com.android.server.content.ContentService$Lifecycle
09-16 19:37:08.916  3668  3668 I SystemServer: InstallSystemProviders
09-16 19:37:08.919  3668  3668 W System  : ClassLoader referenced unknown path: /system/priv-app/CMSettingsProvider/lib/arm64
09-16 19:37:08.971  3668  3668 D ActivityThread: Loading provider settings: com.android.providers.settings.SettingsProvider
09-16 19:37:08.973  3668  3668 W System  : ClassLoader referenced unknown path: /system/priv-app/SettingsProvider/lib/arm64
09-16 19:37:08.973  3668  3668 D ApplicationLoaders: ignored Vulkan layer search path /system/priv-app/SettingsProvider/lib/arm64:/system/priv-app/SettingsProvider/SettingsProvider.apk!/lib/arm64-v8a:/system/lib64:/vendor/lib64 for namespace 0x7fb23f9160
09-16 19:37:09.067  3668  3668 I SettingsState: No settings state /data/system/users/0/settings_system.xml
09-16 19:37:09.083  3668  3668 I SettingsState: No settings state /data/system/users/0/settings_secure.xml
09-16 19:37:09.087  3668  3668 D SettingsProvider: Generated and saved new ANDROID_ID [d76795ba69622ed1] for user 0
09-16 19:37:09.102  3668  3668 I SettingsState: No settings state /data/system/users/0/settings_global.xml
09-16 19:37:09.154  3668  3668 I SystemServer: StartVibratorService
09-16 19:37:09.158  3668  3668 I SystemServer: StartConsumerIrService
09-16 19:37:09.158  3668  3668 E ConsumerIrService: Can't open consumer IR HW Module, error: -2
09-16 19:37:09.159  3668  3668 I SystemServer: StartAlarmManagerService
09-16 19:37:09.159  3668  3668 I SystemServiceManager: Starting com.android.server.AlarmManagerService
09-16 19:37:09.164  3668  3668 I SystemServer: InitWatchdog
09-16 19:37:09.165  3668  3668 I SystemServer: StartInputManagerService
09-16 19:37:09.165  3668  3668 I InputManager: Initializing input manager, mUseDevInputEventForAudioJack=false
09-16 19:37:09.166  3668  3668 I SystemServer: StartWindowManagerService
09-16 19:37:09.174  3668  3766 I WindowManager: No existing display settings /data/system/display_settings.xml; starting empty
09-16 19:37:09.185  3668  3757 I CameraManagerGlobal: Connecting to camera service
09-16 19:37:09.187  3348  3348 E CameraService: getCameraVendorTagDescriptor: camera hardware module doesn't exist
09-16 19:37:09.259  3668  3668 I SystemServer: StartVrManagerService
09-16 19:37:09.259  3668  3668 I SystemServiceManager: Starting com.android.server.vr.VrManagerService
09-16 19:37:09.260  3668  3668 W VrManagerService: init_native: Could not open VR hardware module, error No such file or directory (-2).
09-16 19:37:09.262  3668  3668 I InputManager: Starting input manager
09-16 19:37:09.264  3668  4107 D EventHub: No input device configuration file found for device 'certify_hall'.
09-16 19:37:09.267  3668  3668 I SystemServiceManager: Starting com.android.server.BluetoothService
09-16 19:37:09.269  3668  3668 D BluetoothManagerService: Loading stored name and address
09-16 19:37:09.269  3668  3668 D BluetoothManagerService: Stored bluetooth Name=null,Address=null
09-16 19:37:09.269  3668  3668 D BluetoothManagerService: Bluetooth persisted state: 0
09-16 19:37:09.269  3668  3668 I SystemServer: ConnectivityMetricsLoggerService
09-16 19:37:09.270  3668  3668 I SystemServiceManager: Starting com.android.server.connectivity.MetricsLoggerService
09-16 19:37:09.270  3668  3668 I SystemServer: IpConnectivityMetrics
09-16 19:37:09.270  3668  3668 I SystemServiceManager: Starting com.android.server.connectivity.IpConnectivityMetrics
09-16 19:37:09.271  3668  3668 I SystemServer: PinnerService
09-16 19:37:09.271  3668  3668 I SystemServiceManager: Starting com.android.server.PinnerService
09-16 19:37:09.272  3668  3668 I SystemServiceManager: Starting com.android.server.InputMethodManagerService$Lifecycle
09-16 19:37:09.299  3668  3668 W System  : ClassLoader referenced unknown path: 
09-16 19:37:09.300  3668  3668 D ApplicationLoaders: ignored Vulkan layer search path /system/app/LatinIME/lib/arm64:/system/fake-libs64:/system/app/LatinIME/LatinIME.apk!/lib/arm64-v8a:/system/lib64:/vendor/lib64 for namespace 0x7fb23f91d0
09-16 19:37:09.305  3668  4107 D EventHub: No input device configuration file found for device 'Headset'.
09-16 19:37:09.307  3668  4107 W EventHub: Unable to disable kernel key repeat for /dev/input/event15: Function not implemented
09-16 19:37:09.307  3668  4107 I EventHub: New device: id=2, fd=96, path='/dev/input/event15', name='Headset', classes=0x1, configuration='', keyLayout='/system/usr/keylayout/Generic.kl', keyCharacterMap='/system/usr/keychars/Generic.kcm', builtinKeyboard=false, wakeMechanism=EPOLLWAKEUP, usingClockIoctl=true
09-16 19:37:09.308  3668  4107 D EventHub: No input device configuration file found for device 'gpio_keys'.
09-16 19:37:09.309  3668  4107 W EventHub: Unable to disable kernel key repeat for /dev/input/event16: Function not implemented
09-16 19:37:09.309  3668  4107 I EventHub: New device: id=3, fd=97, path='/dev/input/event16', name='gpio_keys', classes=0x1, configuration='', keyLayout='/system/usr/keylayout/Generic.kl', keyCharacterMap='/system/usr/keychars/Generic.kcm', builtinKeyboard=false, wakeMechanism=EPOLLWAKEUP, usingClockIoctl=true
09-16 19:37:09.309  3668  4107 E EventHub: could not get driver version for /dev/input/mouse1, Not a typewriter
09-16 19:37:09.353  3668  4107 D EventHub: No input device configuration file found for device 'sec_touchpad'.
09-16 19:37:09.354  3668  4107 W EventHub: Unable to disable kernel key repeat for /dev/input/event1: Function not implemented
09-16 19:37:09.354  3668  4107 I EventHub: New device: id=4, fd=99, path='/dev/input/event1', name='sec_touchpad', classes=0x15, configuration='', keyLayout='/system/usr/keylayout/Generic.kl', keyCharacterMap='/system/usr/keychars/Generic.kcm', builtinKeyboard=false, wakeMechanism=EPOLLWAKEUP, usingClockIoctl=true
09-16 19:37:09.354  3668  4107 E EventHub: could not get driver version for /dev/input/mouse0, Not a typewriter
09-16 19:37:09.411  3668  3668 W InputMethodManagerService: No IME selected. Choose the most applicable IME.
09-16 19:37:09.416  3668  3668 I InputMethodManagerService: Default found, using com.android.inputmethod.latin/.LatinIME
09-16 19:37:09.418  3668  3668 I SystemServer: StartAccessibilityManagerService
09-16 19:37:09.420  3668  4107 W EventHub: Unable to disable kernel key repeat for /dev/input/event0: Function not implemented
09-16 19:37:09.420  3668  4107 I EventHub: New device: id=5, fd=98, path='/dev/input/event0', name='sec_touchscreen', classes=0x15, configuration='/system/usr/idc/sec_touchscreen.idc', keyLayout='/system/usr/keylayout/Generic.kl', keyCharacterMap='/system/usr/keychars/Generic.kcm', builtinKeyboard=false, wakeMechanism=EPOLLWAKEUP, usingClockIoctl=true
09-16 19:37:09.420  3668  4107 D EventHub: No input device configuration file found for device 'hall'.
09-16 19:37:09.426  3668  3668 I ActivityManager: Config changes=1df8 {1.0 ?mcc?mnc [en_US] ldltr sw411dp w411dp h845dp 560dpi nrml long port ?uimode ?night -touch -keyb/h/h -nav/h s.2}
09-16 19:37:09.428  3668  3755 I UsageStatsDatabase: Upgrading from version 0 to 3
09-16 19:37:09.428  3668  3755 I UsageStatsDatabase: Deleting all usage stats files
09-16 19:37:09.431  3668  3755 I UsageStatsService: User[0] Rollover scheduled @ 2017-09-17 19:37:09(1505677029426)
09-16 19:37:09.431  3668  3755 D UsageStatsService: Initializing defaults for system apps on user 0
09-16 19:37:09.450  3668  3755 E AppIdleHistory: Unable to read app idle file for user 0
09-16 19:37:09.450  3668  3766 I ActivityManager: Config changes=400 {1.0 ?mcc?mnc [en_US] ldltr sw411dp w411dp h773dp 560dpi nrml long port ?uimode ?night -touch -keyb/h/h -nav/h s.3}
09-16 19:37:09.456  3668  3766 W LocalDisplayAdapter: Unable to find color mode 0, ignoring request.
09-16 19:37:09.458  3668  3668 W LocalDisplayAdapter: Unable to find color mode 0, ignoring request.
09-16 19:37:09.458  3668  3668 I SystemServiceManager: Starting com.android.server.MountService$Lifecycle
09-16 19:37:09.461  3668  4107 D EventHub: No input device configuration file found for device 'ssp_context'.
09-16 19:37:09.467  3668  4108 D MountService: Thinking about init, mSystemReady=false, mDaemonConnected=true
09-16 19:37:09.467  3668  3668 I SystemServiceManager: Starting com.android.server.UiModeManagerService
09-16 19:37:09.467  3668  4108 D MountService: Thinking about reset, mSystemReady=false, mDaemonConnected=true
09-16 19:37:09.467  3668  4108 D MountService: Thinking about init, mSystemReady=false, mDaemonConnected=true
09-16 19:37:09.467  3668  4108 D MountService: Thinking about reset, mSystemReady=false, mDaemonConnected=true
09-16 19:37:09.467  3668  4108 D CryptdConnector: SND -> {1 cryptfs getfield SystemLocale}
09-16 19:37:09.469  3668  3668 I ActivityManager: Config changes=200 {1.0 ?mcc?mnc [en_US] ldltr sw411dp w411dp h773dp 560dpi nrml long port -touch -keyb/h/h -nav/h s.4}
09-16 19:37:09.469  3668  4110 D CryptdConnector: RCV <- {200 1 -1}
09-16 19:37:09.471  3668  4108 W MountService: No primary storage mounted!
