09-09 09:30:58.883  3076  3076 W auditd  : type=1327 audit(0.0:276): proctitle="com.android.messaging"
09-09 09:30:58.883  3076  3076 W auditd  : type=1320 audit(0.0:276): 
09-09 09:30:58.906  4936  5307 D IccSmsInterfaceManager: [IccSmsInterfaceManager] Calling setGsmBroadcastConfig with 4 configurations
09-09 09:30:58.917  4936  5307 D IccSmsInterfaceManager: [IccSmsInterfaceManager] Added GSM cell broadcast subscription for MID range 4371 to 4372 from client com.android.cellbroadcastreceiver
09-09 09:30:58.917  4936  5307 D IccSmsInterfaceManager: [IccSmsInterfaceManager] Calling setCellBroadcastActivation(true)
09-09 09:30:58.924  5630  5648 I MessagingApp: Upgrading shared prefs from -1 to 1
09-09 09:30:58.947  4936  4949 D IccSmsInterfaceManager: [IccSmsInterfaceManager] Calling setGsmBroadcastConfig with 4 configurations
09-09 09:30:58.962  4936  4949 D IccSmsInterfaceManager: [IccSmsInterfaceManager] Added GSM cell broadcast subscription for MID range 4373 to 4378 from client com.android.cellbroadcastreceiver
09-09 09:30:58.962  4936  4949 D IccSmsInterfaceManager: [IccSmsInterfaceManager] Calling setCellBroadcastActivation(true)
09-09 09:30:58.992  4936  4936 D VvmSimChangeReceiver: Carrier config changed
09-09 09:30:58.993  4936  5307 D IccSmsInterfaceManager: [IccSmsInterfaceManager] Calling setGsmBroadcastConfig with 4 configurations
09-09 09:30:59.011  5374  5593 I SecHAL  : device_sleep: NFC can be going to sleep
09-09 09:30:59.016  4936  4936 D VvmSimChangeReceiver: visual voicemail not supported for carrier 72234 on subId 1
09-09 09:30:59.023  5649  5649 I com.android.messaging: type=1400 audit(0.0:277): avc: denied { lock } for comm=4173796E635461736B202331 path="/data/data/com.android.messaging/databases/bugle_db" dev="sda24" ino=2015542 scontext=u:r:platform_app:s0:c512,c768 tcontext=u:object_r:system_data_file:s0:c512,c768 tclass=file permissive=1
09-09 09:30:59.023  5649  5649 W com.android.messaging: type=1300 audit(0.0:277): arch=c00000b7 syscall=25 success=yes exit=0 a0=24 a1=6 a2=7f745eeeb8 a3=d items=0 ppid=3168 auid=4294967295 uid=10063 gid=10063 euid=10063 suid=10063 fsuid=10063 egid=10063 sgid=10063 fsgid=10063 tty=(none) ses=4294967295 comm=4173796E635461736B202331 exe="/system/bin/app_process64" subj=u:r:platform_app:s0:c512,c768 key=(null)
09-09 09:30:59.023  3076  3076 W auditd  : type=1327 audit(0.0:277): proctitle="com.android.messaging"
09-09 09:30:59.023  3076  3076 W auditd  : type=1320 audit(0.0:277): 
09-09 09:30:59.023  5630  5630 I MessagingApp: Carrier config changed. Reloading MMS config.
09-09 09:30:59.051  5590  5590 I ContactsProvide: type=1400 audit(0.0:278): avc: denied { write } for name="contacts2.db-journal" dev="sda24" ino=2015535 scontext=u:r:priv_app:s0:c512,c768 tcontext=u:object_r:system_data_file:s0:c512,c768 tclass=file permissive=1
09-09 09:30:59.051  5590  5590 W ContactsProvide: type=1300 audit(0.0:278): arch=c00000b7 syscall=56 success=yes exit=42 a0=ffffff9c a1=7f7485db04 a2=a0042 a3=1b0 items=0 ppid=3168 auid=4294967295 uid=10001 gid=10001 euid=10001 suid=10001 fsuid=10001 egid=10001 sgid=10001 fsgid=10001 tty=(none) ses=4294967295 exe="/system/bin/app_process64" subj=u:r:priv_app:s0:c512,c768 key=(null)
09-09 09:30:59.051  3076  3076 W auditd  : type=1327 audit(0.0:278): proctitle="android.process.acore"
09-09 09:30:59.051  3076  3076 W auditd  : type=1320 audit(0.0:278): 
09-09 09:30:59.075  5647  5647 I pool-2-thread-1: type=1400 audit(0.0:279): avc: denied { remove_name } for name="bugle.xml" dev="sda24" ino=2015540 scontext=u:r:platform_app:s0:c512,c768 tcontext=u:object_r:system_data_file:s0:c512,c768 tclass=dir permissive=1
09-09 09:30:59.098  5630  5651 W MessagingApp: canonicalizeMccMnc: invalid mccmnc:null ,null
09-09 09:30:59.118  3588  4951 D MmsServiceBroker: getCarrierConfigValues() by com.android.messaging
09-09 09:30:59.118  3588  4951 W MmsServiceBroker: MmsService not connected. Try connecting...
09-09 09:30:59.119  3588  3588 I MmsServiceBroker: Connecting to MmsService
09-09 09:30:59.120  3588  3588 W ContextImpl: Calling a method in the system process without a qualified user: android.app.ContextImpl.bindService:1421 com.android.server.MmsServiceBroker.tryConnecting:241 com.android.server.MmsServiceBroker.-wrap3:-1 com.android.server.MmsServiceBroker$1.handleMessage:83 android.os.Handler.dispatchMessage:102 
09-09 09:30:59.199  5630  5649 W MessagingApp: Rebuilt databases: reseting related state
09-09 09:30:59.285  5630  5650 I MessagingAppDataModel: Fixup: Send failed - 0 Download failed - 0
09-09 09:30:59.336  5571  5592 W art     : Long monitor contention with owner ContactsProviderWorker (5590) at long android.database.sqlite.SQLiteConnection.nativePrepareStatement(long, java.lang.String)(SQLiteConnection.java:-2) waiters=0 in android.database.sqlite.SQLiteDatabase android.database.sqlite.SQLiteOpenHelper.getWritableDatabase() for 1.533s
09-09 09:30:59.338  5571  5592 I CallLogDatabaseHelper: Migrating from old tables...
09-09 09:30:59.339  5571  5592 I CallLogDatabaseHelper: Source tables don't exist.
09-09 09:30:59.448  5630  5656 I MessagingAppDataModel: SyncMessagesAction: Starting batch for messages from -1 to 1504960258880 (message update limit = 80, message scan limit = 4000)
09-09 09:30:59.449  5571  5576 I art     : Do partial code cache collection, code=61KB, data=48KB
09-09 09:30:59.449  5571  5576 I art     : After code cache collection, code=61KB, data=48KB
09-09 09:30:59.449  5571  5576 I art     : Increasing code cache capacity to 256KB
09-09 09:30:59.467  5571  5590 I ContactLocale: AddressBook Labels [[en_US]]: [, A, B, C, D, E, F, G, H, I, J, K, L, M, N, O, P, Q, R, S, T, U, V, W, X, Y, Z, , , , , , , , , , , , , , , , , , , , , , , , , , , , , , , , , , , , , , , , , , , , , , , , , , , , , , , , , , , , , , , , , , , , , , , , , , , , , , , , , , , , , , , , , , , , , , , , , , , , , , , , , , , , , , , , , , , , , , , , , , , , , , , , , , , , , , , , , , , , , , , , , , , , , , , , , , , , , , , , , , , , , , , , , , , , , , , , , , , , , , , , , , , #, ]
09-09 09:30:59.496  5225  5225 D CellBroadcastReceiver: onReceive Intent { act=android.intent.action.SERVICE_STATE flg=0x10 cmp=com.android.cellbroadcastreceiver/.CellBroadcastReceiver (has extras) }
09-09 09:30:59.496  5225  5225 D CellBroadcastReceiver: Intent: android.intent.action.SERVICE_STATE
09-09 09:30:59.549  3588  5412 I ActivityManager: Start proc 5659:com.android.providers.calendar/u0a5 for broadcast com.android.providers.calendar/.CalendarUpgradeReceiver
09-09 09:30:59.564  5571  5592 I CallLogDatabaseHelper: Migrating from old tables...
09-09 09:30:59.565  5571  5592 I CallLogDatabaseHelper: Source tables don't exist.
09-09 09:30:59.591  4936  5307 D IccSmsInterfaceManager: [IccSmsInterfaceManager] Added GSM cell broadcast subscription for MID range 4379 to 4379 from client com.android.cellbroadcastreceiver
09-09 09:30:59.591  4936  5307 D IccSmsInterfaceManager: [IccSmsInterfaceManager] Calling setCellBroadcastActivation(true)
09-09 09:30:59.598  4936  4936 W System  : ClassLoader referenced unknown path: /system/priv-app/MmsService/lib/arm64
09-09 09:30:59.600  4936  4936 D ApplicationLoaders: ignored Vulkan layer search path /system/priv-app/MmsService/lib/arm64:/system/lib64:/vendor/lib64 for namespace 0x7f7fd681d0
09-09 09:30:59.622  4936  4936 D MmsService: onCreate
09-09 09:30:59.648  3588  3588 I MmsServiceBroker: MmsService connected
09-09 09:30:59.650  5571  5590 I ContactsDatabaseHelper: Bootstrapping database version: 1111
09-09 09:30:59.652  4936  5309 D MmsService: getCarrierConfigValues
09-09 09:30:59.652  4936  5309 I MmsService: mms config for sub 1: null
09-09 09:30:59.654  5659  5659 W System  : ClassLoader referenced unknown path: /system/priv-app/CalendarProvider/lib/arm64
09-09 09:30:59.657  5630  5651 I MessagingApp: Carrier configs loaded: Bundle[{smsToMmsTextThreshold=-1, maxMessageTextSize=-1, recipientLimit=-1, maxImageHeight=480, maxMessageSize=307200, maxImageWidth=640, enabledMMS=true, enableMultipartSMS=true}] from resources+system for subId=1
09-09 09:30:59.657  5630  5653 W art     : Long monitor contention with owner AsyncTask #2 (5651) at boolean android.os.BinderProxy.transactNative(int, android.os.Parcel, android.os.Parcel, int)(Binder.java:-2) waiters=0 in void com.android.messaging.sms.MmsConfig.load() for 623ms
09-09 09:30:59.660  4936  4936 I MmsService: MmsConfigManager receiver action: android.intent.action.SIM_STATE_CHANGED
09-09 09:30:59.661  4936  4936 I MmsService: MmsConfigManager receiver action: android.telephony.action.CARRIER_CONFIG_CHANGED
09-09 09:30:59.663  4936  5675 I MmsService: MmsConfigManager loads in background mcc/mnc: 722/34
09-09 09:30:59.664  4936  5677 I MmsService: MmsConfigManager loads in background mcc/mnc: 722/34
09-09 09:30:59.675  4936  5676 I MmsService: MmsConfigManager loads in background mcc/mnc: 722/34
09-09 09:30:59.686  4936  5266 D IccSmsInterfaceManager: [IccSmsInterfaceManager] Failed to remove GSM cell broadcast subscription for MID range 4380 to 4382 from client com.android.cellbroadcastreceiver
09-09 09:30:59.716  4936  5309 D IccSmsInterfaceManager: [IccSmsInterfaceManager] Calling setGsmBroadcastConfig with 4 configurations
09-09 09:30:59.731  4936  5309 D IccSmsInterfaceManager: [IccSmsInterfaceManager] Added GSM cell broadcast subscription for MID range 4383 to 4383 from client com.android.cellbroadcastreceiver
09-09 09:30:59.731  4936  5309 D IccSmsInterfaceManager: [IccSmsInterfaceManager] Calling setCellBroadcastActivation(true)
09-09 09:30:59.753  4936  5266 D IccSmsInterfaceManager: [IccSmsInterfaceManager] Calling setGsmBroadcastConfig with 5 configurations
09-09 09:30:59.767  4936  5266 D IccSmsInterfaceManager: [IccSmsInterfaceManager] Added GSM cell broadcast subscription for MID range 4384 to 4385 from client com.android.cellbroadcastreceiver
09-09 09:30:59.768  4936  5266 D IccSmsInterfaceManager: [IccSmsInterfaceManager] Calling setCellBroadcastActivation(true)
09-09 09:30:59.815  4936  5258 D IccSmsInterfaceManager: [IccSmsInterfaceManager] Calling setGsmBroadcastConfig with 5 configurations
09-09 09:30:59.822  5630  5653 W MessagingApp: canonicalizeMccMnc: invalid mccmnc:null ,null
09-09 09:30:59.833  4936  5258 D IccSmsInterfaceManager: [IccSmsInterfaceManager] Added GSM cell broadcast subscription for MID range 4386 to 4391 from client com.android.cellbroadcastreceiver
09-09 09:30:59.833  4936  5258 D IccSmsInterfaceManager: [IccSmsInterfaceManager] Calling setCellBroadcastActivation(true)
09-09 09:30:59.856  3588  4950 D MmsServiceBroker: getCarrierConfigValues() by com.android.messaging
09-09 09:30:59.857  4936  5308 D MmsService: getCarrierConfigValues
09-09 09:30:59.857  4936  5308 I MmsService: mms config for sub 1: Bundle[{httpSocketTimeout=60000, aliasMinChars=2, smsToMmsTextThreshold=-1, enableSMSDeliveryReports=true, maxMessageTextSize=-1, supportMmsContentDisposition=true, enabledTransID=false, aliasEnabled=false, supportHttpCharsetHeader=false, allowAttachAudio=true, smsToMmsTextLengthThreshold=-1, recipientLimit=2147483647, uaProfTagName=x-wap-profile, aliasMaxChars=48, maxImageHeight=480, enableMMSDeliveryReports=false, userAgent=, mmsCloseConnection=false, config_cellBroadcastAppLinks=true, maxSubjectLength=40, httpParams=, enableGroupMms=true, emailGatewayNumber=, maxMessageSize=307200, naiSuffix=, enableMMSReadReports=false, maxImageWidth=640, uaProfUrl=, enabledMMS=true, enabledNotifyWapMMSC=false, sendMultipartSmsAsSeparateMessages=false, enableMultipartSMS=true}]
09-09 09:30:59.865  5630  5653 I MessagingApp: Carrier configs loaded: Bundle[{httpSocketTimeout=60000, aliasMinChars=2, smsToMmsTextThreshold=-1, enableSMSDeliveryReports=true, maxMessageTextSize=-1, supportMmsContentDisposition=true, enabledTransID=false, aliasEnabled=false, supportHttpCharsetHeader=false, allowAttachAudio=true, smsToMmsTextLengthThreshold=-1, recipientLimit=2147483647, uaProfTagName=x-wap-profile, aliasMaxChars=48, maxImageHeight=480, enableMMSDeliveryReports=false, userAgent=, mmsCloseConnection=false, config_cellBroadcastAppLinks=true, maxSubjectLength=40, httpParams=, enableGroupMms=true, emailGatewayNumber=, maxMessageSize=307200, naiSuffix=, enableMMSReadReports=false, maxImageWidth=640, uaProfUrl=, enabledMMS=true, enabledNotifyWapMMSC=false, sendMultipartSmsAsSeparateMessages=false, enableMultipartSMS=true}] from resources+system for subId=1
09-09 09:30:59.867  5630  5648 W art     : Long monitor contention with owner AsyncTask #2 (5651) at boolean android.os.BinderProxy.transactNative(int, android.os.Parcel, android.os.Parcel, int)(Binder.java:-2) waiters=1 in void com.android.messaging.sms.MmsConfig.load() for 786ms
09-09 09:30:59.873  4936  4948 D IccSmsInterfaceManager: [IccSmsInterfaceManager] Calling setGsmBroadcastConfig with 5 configurations
09-09 09:30:59.886  4936  4948 D IccSmsInterfaceManager: [IccSmsInterfaceManager] Added GSM cell broadcast subscription for MID range 4392 to 4392 from client com.android.cellbroadcastreceiver
09-09 09:30:59.886  4936  4948 D IccSmsInterfaceManager: [IccSmsInterfaceManager] Calling setCellBroadcastActivation(true)
09-09 09:30:59.911  5659  5659 I CalendarDatabaseHelper: Bootstrapping database
09-09 09:30:59.920  4936  5308 D IccSmsInterfaceManager: [IccSmsInterfaceManager] Failed to remove GSM cell broadcast subscription for MID range 4393 to 4395 from client com.android.cellbroadcastreceiver
09-09 09:30:59.961  4936  4948 D IccSmsInterfaceManager: [IccSmsInterfaceManager] Calling setGsmBroadcastConfig with 5 configurations
09-09 09:30:59.976  4936  4948 D IccSmsInterfaceManager: [IccSmsInterfaceManager] Added GSM cell broadcast subscription for MID range 50 to 50 from client com.android.cellbroadcastreceiver
09-09 09:30:59.976  4936  4948 D IccSmsInterfaceManager: [IccSmsInterfaceManager] Calling setCellBroadcastActivation(true)
09-09 09:30:59.992  5630  5680 I MessagingAppDataModel: SyncMessagesAction: All messages now in sync
09-09 09:31:00.012  4936  4949 D IccSmsInterfaceManager: [IccSmsInterfaceManager] Calling setGsmBroadcastConfig with 6 configurations
09-09 09:31:00.024  4936  4949 D IccSmsInterfaceManager: [IccSmsInterfaceManager] Added GSM cell broadcast subscription for MID range 60 to 60 from client com.android.cellbroadcastreceiver
09-09 09:31:00.024  4936  4949 D IccSmsInterfaceManager: [IccSmsInterfaceManager] Calling setCellBroadcastActivation(true)
09-09 09:31:00.036  5630  5648 W MessagingApp: canonicalizeMccMnc: invalid mccmnc:null ,null
09-09 09:31:00.045  5225  5629 D CellBroadcastOtherChannelsManager: No additional channels configured. subId = 1
09-09 09:31:00.064  5659  5659 I CalendarProvider2: Created com.android.providers.calendar.CalendarAlarmManager@4db9dcf(com.android.providers.calendar.CalendarProvider2@8b1735c)
09-09 09:31:00.076  3588  5412 D MmsServiceBroker: getCarrierConfigValues() by com.android.messaging
09-09 09:31:00.076  4936  5307 D MmsService: getCarrierConfigValues
09-09 09:31:00.077  4936  5307 I MmsService: mms config for sub 1: Bundle[{httpSocketTimeout=60000, aliasMinChars=2, smsToMmsTextThreshold=-1, enableSMSDeliveryReports=true, maxMessageTextSize=-1, supportMmsContentDisposition=true, enabledTransID=false, aliasEnabled=false, supportHttpCharsetHeader=false, allowAttachAudio=true, smsToMmsTextLengthThreshold=-1, recipientLimit=2147483647, uaProfTagName=x-wap-profile, aliasMaxChars=48, maxImageHeight=480, enableMMSDeliveryReports=false, userAgent=, mmsCloseConnection=false, config_cellBroadcastAppLinks=true, maxSubjectLength=40, httpParams=, enableGroupMms=true, emailGatewayNumber=, maxMessageSize=307200, naiSuffix=, enableMMSReadReports=false, maxImageWidth=640, uaProfUrl=, enabledMMS=true, enabledNotifyWapMMSC=false, sendMultipartSmsAsSeparateMessages=false, enableMultipartSMS=true}]
09-09 09:31:00.080  5630  5648 I MessagingApp: Carrier configs loaded: Bundle[{httpSocketTimeout=60000, aliasMinChars=2, smsToMmsTextThreshold=-1, enableSMSDeliveryReports=true, maxMessageTextSize=-1, supportMmsContentDisposition=true, enabledTransID=false, aliasEnabled=false, supportHttpCharsetHeader=false, allowAttachAudio=true, smsToMmsTextLengthThreshold=-1, recipientLimit=2147483647, uaProfTagName=x-wap-profile, aliasMaxChars=48, maxImageHeight=480, enableMMSDeliveryReports=false, userAgent=, mmsCloseConnection=false, config_cellBroadcastAppLinks=true, maxSubjectLength=40, httpParams=, enableGroupMms=true, emailGatewayNumber=, maxMessageSize=307200, naiSuffix=, enableMMSReadReports=false, maxImageWidth=640, uaProfUrl=, enabledMMS=true, enabledNotifyWapMMSC=false, sendMultipartSmsAsSeparateMessages=false, enableMultipartSMS=true}] from resources+system for subId=1
09-09 09:31:00.207  5659  5659 I CalendarUpgradeReceiver: Creating or opening calendar database
09-09 09:31:00.209  3588  4951 I PreBootBroadcaster: Pre-boot of {com.android.providers.contacts/com.android.providers.contacts.ContactsUpgradeReceiver} for user 0
09-09 09:31:00.234  3588  3588 D ZenLog  : disable_effects: 0|android|0|PreBootBroadcaster|1000,booleanState
09-09 09:31:00.342  5571  5571 I ContactsUpgradeReceiver: Creating or opening contacts database
09-09 09:31:00.454  5571  5590 I ContactsProviderV1: Bootstrapping database legacy support
09-09 09:31:00.679  5571  5571 I ContactsProvider: Locale has changed from null to [en_US]
09-09 09:31:00.686  5571  5571 I ContactsDatabaseHelper: Switching to locale [en_US] (ICU v56.1)
09-09 09:31:00.999  5571  5571 I d.process.acore: type=1400 audit(0.0:287): avc: denied { remove_name } for name="contacts2.db-mjBF26819B5" dev="sda24" ino=2015557 scontext=u:r:priv_app:s0:c512,c768 tcontext=u:object_r:system_data_file:s0:c512,c768 tclass=dir permissive=1
09-09 09:31:00.999  5571  5571 I d.process.acore: type=1400 audit(0.0:287): avc: denied { unlink } for name="contacts2.db-mjBF26819B5" dev="sda24" ino=2015557 scontext=u:r:priv_app:s0:c512,c768 tcontext=u:object_r:system_data_file:s0:c512,c768 tclass=file permissive=1
09-09 09:31:00.999  5571  5571 W d.process.acore: type=1300 audit(0.0:287): arch=c00000b7 syscall=35 success=yes exit=0 a0=ffffff9c a1=7f74858120 a2=0 a3=7 items=0 ppid=3168 auid=4294967295 uid=10001 gid=10001 euid=10001 suid=10001 fsuid=10001 egid=10001 sgid=10001 fsgid=10001 tty=(none) ses=4294967295 exe="/system/bin/app_process64" subj=u:r:priv_app:s0:c512,c768 key=(null)
09-09 09:31:00.999  3076  3076 W auditd  : type=1327 audit(0.0:287): proctitle="android.process.acore"
09-09 09:31:00.999  3076  3076 W auditd  : type=1320 audit(0.0:287): 
09-09 09:31:01.016  5571  5571 I ContactsDatabaseHelper: Locale change completed in 329ms
09-09 09:31:01.018  5571  5571 I ContactsDatabaseHelper: Switching to locale [en_US] (ICU v56.1)
09-09 09:31:01.152  5659  5659 I CalendarProvider2: Sending notification intent: Intent { act=android.intent.action.PROVIDER_CHANGED dat=content://com.android.calendar flg=0x20000000 }
09-09 09:31:01.153  5659  5659 W ContentResolver: Failed to get type for: content://com.android.calendar (Unknown URL content://com.android.calendar)
09-09 09:31:01.183  5571  5571 I ContactsDatabaseHelper: Locale change completed in 164ms
09-09 09:31:01.197  5571  5590 D ContactDirectoryManager: Found com.android.exchange.directory.provider
09-09 09:31:01.224  3588  3694 I ActivityManager: Start proc 5685:com.android.exchange/u0a46 for content provider com.android.exchange/.provider.ExchangeDirectoryProvider
09-09 09:31:01.255  5571  5571 I d.process.acore: type=1400 audit(0.0:288): avc: denied { rename } for name="com.android.providers.contacts_preferences.xml" dev="sda24" ino=2015556 scontext=u:r:priv_app:s0:c512,c768 tcontext=u:object_r:system_data_file:s0:c512,c768 tclass=file permissive=1
09-09 09:31:01.255  5571  5571 W d.process.acore: type=1300 audit(0.0:288): arch=c00000b7 syscall=38 success=yes exit=0 a0=ffffff9c a1=7f7c034de0 a2=ffffff9c a3=7f7c035010 items=0 ppid=3168 auid=4294967295 uid=10001 gid=10001 euid=10001 suid=10001 fsuid=10001 egid=10001 sgid=10001 fsgid=10001 tty=(none) ses=4294967295 exe="/system/bin/app_process64" subj=u:r:priv_app:s0:c512,c768 key=(null)
09-09 09:31:01.255  3076  3076 W auditd  : type=1327 audit(0.0:288): proctitle="android.process.acore"
09-09 09:31:01.255  3076  3076 W auditd  : type=1320 audit(0.0:288): 
09-09 09:31:01.278  3588  4950 I PreBootBroadcaster: Pre-boot of {com.android.providers.media/com.android.providers.media.MediaUpgradeReceiver} for user 0
09-09 09:31:01.290  5685  5685 W System  : ClassLoader referenced unknown path: /system/app/Exchange2/lib/arm64
09-09 09:31:01.303  3588  4950 I ActivityManager: Start proc 5699:com.android.calendar/u0a38 for broadcast com.android.calendar/.alerts.AlertReceiver
09-09 09:31:01.315  3588  3588 D ZenLog  : disable_effects: 0|android|0|PreBootBroadcaster|1000,booleanState
09-09 09:31:01.335  5685  5685 I ndroid.exchange: type=1400 audit(0.0:289): avc: denied { write } for name="com.android.exchange" dev="sda24" ino=3121239 scontext=u:r:untrusted_app:s0:c512,c768 tcontext=u:object_r:system_data_file:s0 tclass=dir permissive=1
09-09 09:31:01.335  5685  5685 I ndroid.exchange: type=1400 audit(0.0:289): avc: denied { add_name } for name="code_cache" scontext=u:r:untrusted_app:s0:c512,c768 tcontext=u:object_r:system_data_file:s0 tclass=dir permissive=1
09-09 09:31:01.335  5685  5685 I ndroid.exchange: type=1400 audit(0.0:289): avc: denied { create } for name="code_cache" scontext=u:r:untrusted_app:s0:c512,c768 tcontext=u:object_r:system_data_file:s0:c512,c768 tclass=dir permissive=1
09-09 09:31:01.335  5685  5685 W ndroid.exchange: type=1300 audit(0.0:289): arch=c00000b7 syscall=34 success=yes exit=0 a0=ffffff9c a1=7f6ee21360 a2=1f9 a3=7f7bf4f514 items=0 ppid=3168 auid=4294967295 uid=10046 gid=10046 euid=10046 suid=10046 fsuid=10046 egid=10046 sgid=10046 fsgid=10046 tty=(none) ses=4294967295 exe="/system/bin/app_process64" subj=u:r:untrusted_app:s0:c512,c768 key=(null)
09-09 09:31:01.335  3076  3076 W auditd  : type=1327 audit(0.0:289): proctitle="com.android.exchange"
09-09 09:31:01.335  3076  3076 W auditd  : type=1320 audit(0.0:289): 
09-09 09:31:01.343  5685  5685 I ndroid.exchange: type=1400 audit(0.0:290): avc: denied { setattr } for name="code_cache" dev="sda24" ino=3121326 scontext=u:r:untrusted_app:s0:c512,c768 tcontext=u:object_r:system_data_file:s0:c512,c768 tclass=dir permissive=1
09-09 09:31:01.343  5685  5685 W ndroid.exchange: type=1300 audit(0.0:290): arch=c00000b7 syscall=53 success=yes exit=0 a0=ffffff9c a1=7f6ee21360 a2=1f9 a3=0 items=0 ppid=3168 auid=4294967295 uid=10046 gid=10046 euid=10046 suid=10046 fsuid=10046 egid=10046 sgid=10046 fsgid=10046 tty=(none) ses=4294967295 exe="/system/bin/app_process64" subj=u:r:untrusted_app:s0:c512,c768 key=(null)
09-09 09:31:01.343  3076  3076 W auditd  : type=1327 audit(0.0:290): proctitle="com.android.exchange"
09-09 09:31:01.343  3076  3076 W auditd  : type=1320 audit(0.0:290): 
09-09 09:31:01.435  5699  5699 W System  : ClassLoader referenced unknown path: /system/app/Calendar/lib/arm64
09-09 09:31:01.444  3588  5412 I ActivityManager: Start proc 5715:com.android.email/u0a55 for content provider com.android.email/.provider.EmailProvider
09-09 09:31:01.459  5571  5590 I ContactDirectoryManager: deleted 0 stale rows which don't have any relevant directory
09-09 09:31:01.482  5571  5590 I ContactDirectoryManager: Discovered 0 contact directories in 458ms
09-09 09:31:01.522  5571  5590 I ContactsProvider: Upgrading aggregation algorithm
09-09 09:31:01.529  5715  5715 W System  : ClassLoader referenced unknown path: /system/app/Email/lib/arm64
09-09 09:31:01.539  5571  5590 I ContactAggregator: Marked all visible contacts for aggregation: 0 raw contacts, 3 ms
09-09 09:31:01.567  5734  5734 I pool-1-thread-1: type=1400 audit(0.0:291): avc: denied { write } for name="shared_prefs" dev="sda24" ino=2015556 scontext=u:r:untrusted_app:s0:c512,c768 tcontext=u:object_r:system_data_file:s0:c512,c768 tclass=dir permissive=1
09-09 09:31:01.582  5699  5699 D ExtensionsFactory: No custom extensions.
09-09 09:31:01.617  5571  5590 I ContactsProvider: Aggregation algorithm upgraded for 0 raw contacts in 95ms
09-09 09:31:01.631  5699  5699 D AlertReceiver: onReceive: a=android.intent.action.PROVIDER_CHANGED Intent { act=android.intent.action.PROVIDER_CHANGED dat=content://com.android.calendar flg=0x20000010 cmp=com.android.calendar/.alerts.AlertReceiver }
09-09 09:31:01.685  5699  5699 D AlertUtils: Flushing old alerts from shared prefs table
09-09 09:31:01.700  5571  5590 I ContactsFTS: Rebuild contact search index in 69ms, 0 contacts
09-09 09:31:01.716  5699  5737 D AlertService: 0 Action = android.intent.action.PROVIDER_CHANGED
09-09 09:31:01.748  3588  3694 I ActivityManager: Start proc 5743:com.cyanogenmod.lockclock/u0a51 for broadcast com.cyanogenmod.lockclock/.ClockWidgetProvider
09-09 09:31:01.830  5743  5743 W System  : ClassLoader referenced unknown path: /system/app/LockClock/lib/arm64
09-09 09:31:01.876  5715  5759 D ActivityThread: Loading provider com.android.email.provider;com.android.email.notifier: com.android.email.provider.EmailProvider
09-09 09:31:01.904  5715  5763 D ActivityThread: Loading provider com.android.email.provider;com.android.email.notifier: com.android.email.provider.EmailProvider
09-09 09:31:01.914  5715  5715 D ActivityThread: Loading provider com.android.email.provider;com.android.email.notifier: com.android.email.provider.EmailProvider
09-09 09:31:01.932  5715  5760 D ActivityThread: Loading provider com.android.email.provider;com.android.email.notifier: com.android.email.provider.EmailProvider
09-09 09:31:02.027  5547  5547 I MediaUpgradeReceiver: ---> Start upgrade of media database external.db
09-09 09:31:02.073  5547  5547 I MediaUpgradeReceiver: <--- Finished upgrade of media database external.db in 46ms
09-09 09:31:02.075  3588  4810 I PreBootBroadcaster: Pre-boot of {com.android.settings/com.android.settings.SettingsInitialize} for user 0
09-09 09:31:02.096  3588  3588 D ZenLog  : disable_effects: 0|android|0|PreBootBroadcaster|1000,booleanState
09-09 09:31:02.389  3588  5411 W ActivityManager: Unable to start service Intent { act=com.android.mail.action.BACKUP_DATA_CHANGED pkg=com.android.email } U=0: not found
09-09 09:31:02.398  3588  4951 W ActivityManager: Unable to start service Intent { act=com.android.mail.action.BACKUP_DATA_CHANGED pkg=com.android.email } U=0: not found
09-09 09:31:02.406  3588  5396 W ActivityManager: Unable to start service Intent { act=com.android.mail.action.BACKUP_DATA_CHANGED pkg=com.android.email } U=0: not found
09-09 09:31:02.416  3588  4951 W ActivityManager: Unable to start service Intent { act=com.android.mail.action.BACKUP_DATA_CHANGED pkg=com.android.email } U=0: not found
09-09 09:31:02.425  3588  5411 W ActivityManager: Unable to start service Intent { act=com.android.mail.action.BACKUP_DATA_CHANGED pkg=com.android.email } U=0: not found
09-09 09:31:02.434  3588  4810 W ActivityManager: Unable to start service Intent { act=com.android.mail.action.BACKUP_DATA_CHANGED pkg=com.android.email } U=0: not found
09-09 09:31:02.445  3588  5413 W ActivityManager: Unable to start service Intent { act=com.android.mail.action.BACKUP_DATA_CHANGED pkg=com.android.email } U=0: not found
09-09 09:31:02.463  5715  5759 W art     : Long monitor contention with owner main (5715) at com.google.common.collect.ImmutableSet com.google.common.collect.ImmutableMap.createKeySet()(ImmutableMap.java:411) waiters=0 in com.android.mail.preferences.MailPrefs com.android.mail.preferences.MailPrefs.get(android.content.Context) for 566ms
09-09 09:31:02.466  5715  5763 W art     : Long monitor contention with owner main (5715) at com.google.common.collect.ImmutableSet com.google.common.collect.ImmutableMap.createKeySet()(ImmutableMap.java:411) waiters=1 in com.android.mail.preferences.MailPrefs com.android.mail.preferences.MailPrefs.get(android.content.Context) for 538ms
09-09 09:31:02.468  5715  5760 W art     : Long monitor contention with owner main (5715) at com.google.common.collect.ImmutableSet com.google.common.collect.ImmutableMap.createKeySet()(ImmutableMap.java:411) waiters=2 in com.android.mail.preferences.MailPrefs com.android.mail.preferences.MailPrefs.get(android.content.Context) for 523ms
09-09 09:31:02.484  3588  5413 W ActivityManager: Unable to start service Intent { cmp=com.android.email/.service.AttachmentService } U=0: not found
09-09 09:31:02.493  3588  5411 W ActivityManager: Unable to start service Intent { cmp=com.android.email/.service.AttachmentService } U=0: not found
09-09 09:31:02.507  5715  5764 W art     : Long monitor contention with owner AsyncTask #2 (5760) at void java.lang.Object.<init>()(Object.java:38) waiters=0 in void com.android.email.provider.AccountReconciler.reconcileAccounts(android.content.Context) for 608ms
09-09 09:31:02.530  5715  5770 I Email   : Observing account changes for notifications
09-09 09:31:02.550  3588  4950 W ActivityManager: Unable to start service Intent { cmp=com.android.email/.service.AttachmentService } U=0: not found
09-09 09:31:02.562  3588  5412 W ActivityManager: Unable to start service Intent { cmp=com.android.email/.service.AttachmentService } U=0: not found
09-09 09:31:02.566  5685  5685 I Exchange: EasService.onCreate
09-09 09:31:02.626  3588  5413 W ActivityManager: Unable to start service Intent { cmp=com.android.email/.service.AttachmentService } U=0: not found
09-09 09:31:02.628  5685  5772 I Exchange: RestartPingTask
09-09 09:31:02.677  3588  3694 I PreBootBroadcaster: Pre-boot of {org.cyanogenmod.cmsettings/org.cyanogenmod.cmsettings.PreBootReceiver} for user 0
09-09 09:31:02.696  3588  3588 D ZenLog  : disable_effects: 0|android|0|PreBootBroadcaster|1000,booleanState
09-09 09:31:02.741  5685  5685 I Exchange: RestartPingsTask did not start any pings.
09-09 09:31:02.742  5685  5685 I Exchange: PSS stopIfIdle
09-09 09:31:02.742  5685  5685 I Exchange: PSS has no active accounts; stopping service.
09-09 09:31:02.775  3588  3588 D ActivityManager: Sending BOOT_COMPLETE user #0
09-09 09:31:02.796  3588  3588 I ActivityManager: Start proc 5776:org.cyanogenmod.cmparts/1000 for broadcast org.cyanogenmod.cmparts/.BootReceiver
09-09 09:31:02.814  5685  5685 I Exchange: onDestroy
09-09 09:31:02.872  5776  5776 W System  : ClassLoader referenced unknown path: /system/priv-app/CMParts/lib/arm64
09-09 09:31:02.891  5776  5776 I ogenmod.cmparts: type=1400 audit(0.0:298): avc: denied { create } for name="cache" scontext=u:r:system_app:s0 tcontext=u:object_r:system_data_file:s0 tclass=dir permissive=1
09-09 09:31:02.891  5776  5776 W ogenmod.cmparts: type=1300 audit(0.0:298): arch=c00000b7 syscall=34 success=yes exit=0 a0=ffffff9c a1=7f6ee21a80 a2=1f9 a3=7f7bf4f514 items=0 ppid=3168 auid=4294967295 uid=1000 gid=1000 euid=1000 suid=1000 fsuid=1000 egid=1000 sgid=1000 fsgid=1000 tty=(none) ses=4294967295 exe="/system/bin/app_process64" subj=u:r:system_app:s0 key=(null)
09-09 09:31:02.891  3076  3076 W auditd  : type=1327 audit(0.0:298): proctitle="org.cyanogenmod.cmparts"
09-09 09:31:02.891  3076  3076 W auditd  : type=1320 audit(0.0:298): 
09-09 09:31:02.895  5776  5776 I ogenmod.cmparts: type=1400 audit(0.0:299): avc: denied { setattr } for name="cache" dev="sda24" ino=3121331 scontext=u:r:system_app:s0 tcontext=u:object_r:system_data_file:s0 tclass=dir permissive=1
09-09 09:31:02.895  5776  5776 W ogenmod.cmparts: type=1300 audit(0.0:299): arch=c00000b7 syscall=53 success=yes exit=0 a0=ffffff9c a1=7f6ee21360 a2=1f9 a3=0 items=0 ppid=3168 auid=4294967295 uid=1000 gid=1000 euid=1000 suid=1000 fsuid=1000 egid=1000 sgid=1000 fsgid=1000 tty=(none) ses=4294967295 exe="/system/bin/app_process64" subj=u:r:system_app:s0 key=(null)
09-09 09:31:02.895  3076  3076 W auditd  : type=1327 audit(0.0:299): proctitle="org.cyanogenmod.cmparts"
09-09 09:31:02.895  3076  3076 W auditd  : type=1320 audit(0.0:299): 
09-09 09:31:03.156  3588  5794 E BootReceiver: Error reading /data/system/last-header.txt
09-09 09:31:03.156  3588  5794 E BootReceiver: java.io.FileNotFoundException: /data/system/last-header.txt (No such file or directory)
09-09 09:31:03.156  3588  5794 E BootReceiver: 	at java.io.FileInputStream.open(Native Method)
09-09 09:31:03.156  3588  5794 E BootReceiver: 	at java.io.FileInputStream.<init>(FileInputStream.java:146)
09-09 09:31:03.156  3588  5794 E BootReceiver: 	at android.os.FileUtils.readTextFile(FileUtils.java:263)
09-09 09:31:03.156  3588  5794 E BootReceiver: 	at com.android.server.BootReceiver.getPreviousBootHeaders(BootReceiver.java:121)
09-09 09:31:03.156  3588  5794 E BootReceiver: 	at com.android.server.BootReceiver.getBootHeadersToLogAndUpdate(BootReceiver.java:143)
09-09 09:31:03.156  3588  5794 E BootReceiver: 	at com.android.server.BootReceiver.logBootEvents(BootReceiver.java:163)
09-09 09:31:03.156  3588  5794 E BootReceiver: 	at com.android.server.BootReceiver.-wrap2(BootReceiver.java)
09-09 09:31:03.156  3588  5794 E BootReceiver: 	at com.android.server.BootReceiver$1.run(BootReceiver.java:93)
09-09 09:31:03.168  3588  3588 I ActivityManager: Start proc 5795:com.android.dialer/u0a16 for broadcast com.android.dialer/.calllog.CallLogReceiver
09-09 09:31:03.175  3588  5794 E RecoverySystem: Failed to read lines in last_install
09-09 09:31:03.175  3588  5794 E RecoverySystem: java.io.FileNotFoundException: /cache/recovery/last_install (No such file or directory)
09-09 09:31:03.175  3588  5794 E RecoverySystem: 	at java.io.FileInputStream.open(Native Method)
09-09 09:31:03.175  3588  5794 E RecoverySystem: 	at java.io.FileInputStream.<init>(FileInputStream.java:146)
09-09 09:31:03.175  3588  5794 E RecoverySystem: 	at java.io.FileReader.<init>(FileReader.java:72)
09-09 09:31:03.175  3588  5794 E RecoverySystem: 	at android.os.RecoverySystem.parseLastInstallLog(RecoverySystem.java:725)
09-09 09:31:03.175  3588  5794 E RecoverySystem: 	at android.os.RecoverySystem.handleAftermath(RecoverySystem.java:818)
09-09 09:31:03.175  3588  5794 E RecoverySystem: 	at com.android.server.BootReceiver.logBootEvents(BootReceiver.java:166)
09-09 09:31:03.175  3588  5794 E RecoverySystem: 	at com.android.server.BootReceiver.-wrap2(BootReceiver.java)
09-09 09:31:03.175  3588  5794 E RecoverySystem: 	at com.android.server.BootReceiver$1.run(BootReceiver.java:93)
09-09 09:31:03.178  3588  5794 I RecoverySystem: Deleted: /cache/recovery/.version
09-09 09:31:03.178  3588  5794 I RecoverySystem: Deleted: /cache/recovery/recovery.fstab
09-09 09:31:03.179  3588  5794 I RecoverySystem: Deleted: /cache/recovery/storage.fstab
09-09 09:31:03.180  3588  5794 I RecoverySystem: Deleted: /cache/recovery/log
09-09 09:31:03.181  3588  5794 I RecoverySystem: Deleted: /cache/recovery/intent
09-09 09:31:03.192  4794  4799 I art     : Compiler allocated 5MB to compile boolean android.app.ApplicationThreadNative.onTransact(int, android.os.Parcel, android.os.Parcel, int)
09-09 09:31:03.207  3588  5794 I BootReceiver: No existing last log timestamp file /data/system/log-files.xml; starting empty
09-09 09:31:03.213  3588  5794 I BootReceiver: Copying /proc/last_kmsg to DropBox (SYSTEM_LAST_KMSG)
09-09 09:31:03.238  5795  5795 W System  : ClassLoader referenced unknown path: /system/priv-app/Dialer/lib/arm64
09-09 09:31:03.243  3588  5794 I BootReceiver: Copying audit failures to DropBox
09-09 09:31:03.315  5795  5795 I BlockedNumbersAuto: Updating state as already checked for auto-migrate.
09-09 09:31:03.317  5795  5795 I BlockedNumbersAuto: Attempting to auto-migrate.
09-09 09:31:03.367  3588  5794 I BootReceiver: Copied 0 worth of audits to DropBox
09-09 09:31:03.376  3588  5794 I BootReceiver: Checking for fsck errors
09-09 09:31:03.376  4936  4936 V OtaStartupReceiver: onOtaspChanged: mOtaspMode=3
09-09 09:31:03.379  5795  5815 W CountryDetector: No location permissions, not registering for location updates.
09-09 09:31:03.379  4936  4936 D CarrierConfigLoader: mHandler: 13 phoneId: 0
09-09 09:31:03.379  4936  4936 D CarrierConfigLoader: mHandler: 7 phoneId: 0
09-09 09:31:03.385  4936  4936 E CarrierConfigLoader: java.io.FileNotFoundException: /data/user_de/0/com.android.phone/files/carrierconfig-com.android.carrierconfig-89543420816751226808-72234.xml (No such file or directory)
09-09 09:31:03.385  4936  4936 D CarrierConfigLoader: Binding to com.android.carrierconfig for phone 0
09-09 09:31:03.397  5453  5453 D DefaultCarrierConfigService: Service created
09-09 09:31:03.397  4936  4936 D CarrierConfigLoader: mHandler: 7 phoneId: 1
09-09 09:31:03.399  4936  4936 E CarrierConfigLoader: Cannot restore config with null packageName or iccid.
09-09 09:31:03.399  4936  4936 D CarrierConfigLoader: Binding to com.android.carrierconfig for phone 1
09-09 09:31:03.407  4936  4936 D CarrierConfigLoader: Connected to config app: com.android.carrierconfig/com.android.carrierconfig.DefaultCarrierConfigService
09-09 09:31:03.407  4936  4936 D CarrierConfigLoader: Connected to config app: com.android.carrierconfig/com.android.carrierconfig.DefaultCarrierConfigService
09-09 09:31:03.408  4936  4936 D CarrierConfigLoader: mHandler: 3 phoneId: 0
09-09 09:31:03.408  5453  5468 D DefaultCarrierConfigService: Config being fetched
09-09 09:31:03.409  5453  5468 D DefaultCarrierConfigService: java.io.FileNotFoundException: carrier_config_72234.xml
09-09 09:31:03.415  3076  3076 W auditd  : type=1325 audit(0.0:300): table=filter family=2 entries=98
09-09 09:31:03.415  3076  3076 W auditd  : type=1320 audit(0.0:300): 
09-09 09:31:03.435  3076  3076 W auditd  : type=1325 audit(0.0:301): table=filter family=10 entries=109
09-09 09:31:03.435  3076  3076 W auditd  : type=1320 audit(0.0:301): 
09-09 09:31:03.441  3588  3694 I ActivityManager: Start proc 5819:com.cyanogenmod.settings.device/1000 for broadcast com.cyanogenmod.settings.device/.BootCompletedReceiver
09-09 09:31:03.467  4936  4936 D CarrierConfigLoader: mHandler: 3 phoneId: 1
09-09 09:31:03.469  5453  5467 D DefaultCarrierConfigService: Config being fetched
09-09 09:31:03.469  5453  5467 D DefaultCarrierConfigService: java.io.FileNotFoundException: carrier_config_.xml
09-09 09:31:03.470  4936  4936 E CarrierConfigLoader: Cannot save config with null packageName or iccid.
09-09 09:31:03.495  5795  5795 I BlockedNumbersAuto: Auto-migrating: no blocked numbers.
09-09 09:31:03.496  4936  4936 D CarrierConfigLoader: mHandler: 5 phoneId: 0
09-09 09:31:03.522  5819  5819 W System  : ClassLoader referenced unknown path: /system/app/AdvancedDisplay/lib/arm64
09-09 09:31:03.533  4936  4936 D CarrierConfigLoader: mHandler: 5 phoneId: 1
09-09 09:31:03.594  5630  5630 I MessagingApp: Carrier config changed. Reloading MMS config.
09-09 09:31:03.601  5630  5630 I MessagingApp: Carrier config changed. Reloading MMS config.
09-09 09:31:03.607  3588  3588 I Telecom : PhoneAccountRegistrar: SimCallManager queried, returning: null: TSI.gSCMFU@AFA
09-09 09:31:03.631  5819  5819 I settings.device: type=1400 audit(0.0:302): avc: denied { write } for name="scenario" dev="sysfs" ino=33552 scontext=u:r:system_app:s0 tcontext=u:object_r:sysfs:s0 tclass=file permissive=1
09-09 09:31:03.631  5819  5819 W settings.device: type=1300 audit(0.0:302): arch=c00000b7 syscall=48 success=yes exit=0 a0=ffffff9c a1=7f719cd1a0 a2=2 a3=0 items=0 ppid=3168 auid=4294967295 uid=1000 gid=1000 euid=1000 suid=1000 fsuid=1000 egid=1000 sgid=1000 fsgid=1000 tty=(none) ses=4294967295 exe="/system/bin/app_process64" subj=u:r:system_app:s0 key=(null)
09-09 09:31:03.631  3076  3076 W auditd  : type=1327 audit(0.0:302): proctitle="com.cyanogenmod.settings.device"
09-09 09:31:03.631  3076  3076 W auditd  : type=1320 audit(0.0:302): 
09-09 09:31:03.640  4936  4936 I MmsService: MmsConfigManager receiver action: android.telephony.action.CARRIER_CONFIG_CHANGED
09-09 09:31:03.641  4936  5835 I MmsService: MmsConfigManager loads in background mcc/mnc: 722/34
09-09 09:31:03.669  3588  3588 I Telecom : PhoneAccountRegistrar: SimCallManager queried, returning: null: TSI.gSCMFU@AFE
09-09 09:31:03.682  5630  5651 W MessagingApp: canonicalizeMccMnc: invalid mccmnc:null ,null
09-09 09:31:03.686  4936  4936 I MmsService: MmsConfigManager receiver action: android.telephony.action.CARRIER_CONFIG_CHANGED
09-09 09:31:03.687  4936  5837 I MmsService: MmsConfigManager loads in background mcc/mnc: 722/34
09-09 09:31:03.699  5699  5699 D AlertReceiver: onReceive: a=android.intent.action.BOOT_COMPLETED Intent { act=android.intent.action.BOOT_COMPLETED flg=0x9000010 cmp=com.android.calendar/.alerts.AlertReceiver (has extras) }
09-09 09:31:03.717  3588  4810 D MmsServiceBroker: getCarrierConfigValues() by com.android.messaging
09-09 09:31:03.718  4936  5258 D MmsService: getCarrierConfigValues
09-09 09:31:03.718  4936  5258 I MmsService: mms config for sub 1: Bundle[{httpSocketTimeout=60000, aliasMinChars=2, smsToMmsTextThreshold=-1, enableSMSDeliveryReports=true, maxMessageTextSize=-1, supportMmsContentDisposition=true, enabledTransID=false, aliasEnabled=false, supportHttpCharsetHeader=false, allowAttachAudio=true, smsToMmsTextLengthThreshold=-1, recipientLimit=2147483647, uaProfTagName=x-wap-profile, aliasMaxChars=48, maxImageHeight=480, enableMMSDeliveryReports=false, userAgent=, mmsCloseConnection=false, config_cellBroadcastAppLinks=true, maxSubjectLength=40, httpParams=, enableGroupMms=true, emailGatewayNumber=, maxMessageSize=307200, naiSuffix=, enableMMSReadReports=false, maxImageWidth=640, uaProfUrl=, enabledMMS=true, enabledNotifyWapMMSC=false, sendMultipartSmsAsSeparateMessages=false, enableMultipartSMS=true}]
09-09 09:31:03.721  5630  5651 I MessagingApp: Carrier configs loaded: Bundle[{httpSocketTimeout=60000, aliasMinChars=2, smsToMmsTextThreshold=-1, enableSMSDeliveryReports=true, maxMessageTextSize=-1, supportMmsContentDisposition=true, enabledTransID=false, aliasEnabled=false, supportHttpCharsetHeader=false, allowAttachAudio=true, smsToMmsTextLengthThreshold=-1, recipientLimit=2147483647, uaProfTagName=x-wap-profile, aliasMaxChars=48, maxImageHeight=480, enableMMSDeliveryReports=false, userAgent=, mmsCloseConnection=false, config_cellBroadcastAppLinks=true, maxSubjectLength=40, httpParams=, enableGroupMms=true, emailGatewayNumber=, maxMessageSize=307200, naiSuffix=, enableMMSReadReports=false, maxImageWidth=640, uaProfUrl=, enabledMMS=true, enabledNotifyWapMMSC=false, sendMultipartSmsAsSeparateMessages=false, enableMultipartSMS=true}] from resources+system for subId=1
09-09 09:31:03.740  3588  4951 I ActivityManager: Start proc 5838:com.android.camera2/u0a42 for broadcast com.android.camera2/com.android.camera.DisableCameraReceiver
09-09 09:31:03.824  5630  5653 W MessagingApp: canonicalizeMccMnc: invalid mccmnc:null ,null
09-09 09:31:03.854  3588  3693 D MmsServiceBroker: getCarrierConfigValues() by com.android.messaging
09-09 09:31:03.855  4936  5266 D MmsService: getCarrierConfigValues
09-09 09:31:03.855  4936  5266 I MmsService: mms config for sub 1: Bundle[{httpSocketTimeout=60000, aliasMinChars=2, smsToMmsTextThreshold=-1, enableSMSDeliveryReports=true, maxMessageTextSize=-1, supportMmsContentDisposition=true, enabledTransID=false, aliasEnabled=false, supportHttpCharsetHeader=false, allowAttachAudio=true, smsToMmsTextLengthThreshold=-1, recipientLimit=2147483647, uaProfTagName=x-wap-profile, aliasMaxChars=48, maxImageHeight=480, enableMMSDeliveryReports=false, userAgent=, mmsCloseConnection=false, config_cellBroadcastAppLinks=true, maxSubjectLength=40, httpParams=, enableGroupMms=true, emailGatewayNumber=, maxMessageSize=307200, naiSuffix=, enableMMSReadReports=false, maxImageWidth=640, uaProfUrl=, enabledMMS=true, enabledNotifyWapMMSC=false, sendMultipartSmsAsSeparateMessages=false, enableMultipartSMS=true}]
09-09 09:31:03.858  5630  5653 I MessagingApp: Carrier configs loaded: Bundle[{httpSocketTimeout=60000, aliasMinChars=2, smsToMmsTextThreshold=-1, enableSMSDeliveryReports=true, maxMessageTextSize=-1, supportMmsContentDisposition=true, enabledTransID=false, aliasEnabled=false, supportHttpCharsetHeader=false, allowAttachAudio=true, smsToMmsTextLengthThreshold=-1, recipientLimit=2147483647, uaProfTagName=x-wap-profile, aliasMaxChars=48, maxImageHeight=480, enableMMSDeliveryReports=false, userAgent=, mmsCloseConnection=false, config_cellBroadcastAppLinks=true, maxSubjectLength=40, httpParams=, enableGroupMms=true, emailGatewayNumber=, maxMessageSize=307200, naiSuffix=, enableMMSReadReports=false, maxImageWidth=640, uaProfUrl=, enabledMMS=true, enabledNotifyWapMMSC=false, sendMultipartSmsAsSeparateMessages=false, enableMultipartSMS=true}] from resources+system for subId=1
09-09 09:31:03.913  5838  5838 I CAM_Profiler: [ 17.986ms][ui] GUARD: FirstRunDetector getTimeOfFirstRun - STOP
09-09 09:31:03.916  5838  5838 I CAM_Profiler: [ 26.503ms][ui] GUARD: CameraApp onCreate() - [26.503ms] initializeTimeOfFirstRun
09-09 09:31:03.928  5838  5838 I CAM_Profiler: [ 36.945ms][ui] GUARD: CameraApp onCreate() - STOP
09-09 09:31:03.954  5838  5838 I CAM_DisableCamRcver: number of camera: 0
09-09 09:31:03.954  5838  5838 I CAM_DisableCamRcver: disable all camera activities
09-09 09:31:03.973  5277  5277 I AlarmClock: AlarmInitReceiver android.intent.action.BOOT_COMPLETED
09-09 09:31:04.096  5715  5715 D BluetoothEmailBroadcastReceiver: Received android.intent.action.BOOT_COMPLETED
09-09 09:31:04.119  3588  5411 I ActivityManager: Start proc 5858:com.android.gallery3d/u0a21 for broadcast com.android.gallery3d/com.android.camera.DisableCameraReceiver
09-09 09:31:04.129  5715  5857 I Email   : Onetime initialization: 1
09-09 09:31:04.134  5715  5857 I Email   : Onetime initialization: 2
09-09 09:31:04.147  5715  5857 I Email   : Onetime initialization: completed.
09-09 09:31:04.187  5685  5685 I Exchange: EasService.onCreate
09-09 09:31:04.217  5685  5873 I Exchange: RestartPingTask
09-09 09:31:04.311  5685  5685 I Exchange: RestartPingsTask did not start any pings.
09-09 09:31:04.311  5685  5685 I Exchange: PSS stopIfIdle
09-09 09:31:04.311  5685  5685 I Exchange: PSS has no active accounts; stopping service.
09-09 09:31:04.315  5685  5685 I Exchange: onDestroy
09-09 09:31:04.366  5858  5858 I G:DisableCameraReceiver: no back camera
09-09 09:31:04.366  5858  5858 I G:DisableCameraReceiver: disable all camera activities
09-09 09:31:04.383  4779  4779 I SystemBroadcastReceiver: Boot has been completed
09-09 09:31:04.384  4779  4779 I SystemBroadcastReceiver: toggleAppIcon() : FLAG_SYSTEM = true
09-09 09:31:04.513  3588  4809 I ActivityManager: Start proc 5876:com.android.onetimeinitializer/u0a18 for broadcast com.android.onetimeinitializer/.OneTimeInitializerReceiver
09-09 09:31:04.563  5875  5875 I IntentService[A: type=1400 audit(0.0:303): avc: denied { lock } for path="/data/data/com.android.messaging/databases/bugle_db" dev="sda24" ino=2015542 scontext=u:r:platform_app:s0:c512,c768 tcontext=u:object_r:system_data_file:s0:c512,c768 tclass=file permissive=1
09-09 09:31:04.563  5875  5875 W IntentService[A: type=1300 audit(0.0:303): arch=c00000b7 syscall=25 success=yes exit=0 a0=24 a1=6 a2=7f746f47c8 a3=0 items=0 ppid=3168 auid=4294967295 uid=10063 gid=10063 euid=10063 suid=10063 fsuid=10063 egid=10063 sgid=10063 fsgid=10063 tty=(none) ses=4294967295 exe="/system/bin/app_process64" subj=u:r:platform_app:s0:c512,c768 key=(null)
09-09 09:31:04.563  3076  3076 W auditd  : type=1327 audit(0.0:303): proctitle="com.android.messaging"
09-09 09:31:04.563  3076  3076 W auditd  : type=1320 audit(0.0:303): 
09-09 09:31:04.584  5876  5876 W System  : ClassLoader referenced unknown path: /system/priv-app/OneTimeInitializer/lib/arm64
09-09 09:31:04.658  5876  5876 V OneTimeInitializerRece: OneTimeInitializerReceiver.onReceive
09-09 09:31:04.683  4936  4936 I m.android.phone: type=1400 audit(0.0:304): avc: denied { write } for name="com.android.phone" dev="sda24" ino=2015461 scontext=u:r:radio:s0 tcontext=u:object_r:system_data_file:s0 tclass=dir permissive=1
09-09 09:31:04.683  4936  4936 I m.android.phone: type=1400 audit(0.0:304): avc: denied { add_name } for name="files" scontext=u:r:radio:s0 tcontext=u:object_r:system_data_file:s0 tclass=dir permissive=1
09-09 09:31:04.683  4936  4936 I m.android.phone: type=1400 audit(0.0:304): avc: denied { create } for name="files" scontext=u:r:radio:s0 tcontext=u:object_r:system_data_file:s0 tclass=dir permissive=1
09-09 09:31:04.683  4936  4936 W m.android.phone: type=1300 audit(0.0:304): arch=c00000b7 syscall=34 success=yes exit=0 a0=ffffff9c a1=7f748bb4e0 a2=1f9 a3=7f7bf4f514 items=0 ppid=3168 auid=4294967295 uid=1001 gid=1001 euid=1001 suid=1001 fsuid=1001 egid=1001 sgid=1001 fsgid=1001 tty=(none) ses=4294967295 exe="/system/bin/app_process64" subj=u:r:radio:s0 key=(null)
09-09 09:31:04.683  3076  3076 W auditd  : type=1327 audit(0.0:304): proctitle="com.android.phone"
09-09 09:31:04.683  3076  3076 W auditd  : type=1320 audit(0.0:304): 
09-09 09:31:04.687  4936  4936 I m.android.phone: type=1400 audit(0.0:305): avc: denied { setattr } for name="files" dev="sda24" ino=2015589 scontext=u:r:radio:s0 tcontext=u:object_r:system_data_file:s0 tclass=dir permissive=1
09-09 09:31:04.687  4936  4936 W m.android.phone: type=1300 audit(0.0:305): arch=c00000b7 syscall=53 success=yes exit=0 a0=ffffff9c a1=7f7489fdc0 a2=1f9 a3=0 items=0 ppid=3168 auid=4294967295 uid=1001 gid=1001 euid=1001 suid=1001 fsuid=1001 egid=1001 sgid=1001 fsgid=1001 tty=(none) ses=4294967295 exe="/system/bin/app_process64" subj=u:r:radio:s0 key=(null)
09-09 09:31:04.687  3076  3076 W auditd  : type=1327 audit(0.0:305): proctitle="com.android.phone"
09-09 09:31:04.687  3076  3076 W auditd  : type=1320 audit(0.0:305): 
09-09 09:31:04.728  5876  5892 I OneTimeInitializerServ: Updating to version 1.
09-09 09:31:04.747  5876  5892 E ActivityThread: Failed to find provider info for com.android.launcher2.settings
09-09 09:31:04.774  3588  5413 I ActivityManager: Killing 4953:com.android.settings:CryptKeeper/1000 (adj 906): empty #17
