09-08 08:26:18.350  4948  4948 W System.err: Caused by: java.lang.ClassNotFoundException: Didn't find class "com.qualcomm.qti.internal.telephony.QtiTelephonyComponentFactory" on path: DexPathList[[],nativeLibraryDirectories=[/system/lib64, /vendor/lib64]]
09-08 08:26:18.350  4948  4948 W System.err: 	at dalvik.system.BaseDexClassLoader.findClass(BaseDexClassLoader.java:56)
09-08 08:26:18.350  4948  4948 W System.err: 	at java.lang.ClassLoader.loadClass(ClassLoader.java:380)
09-08 08:26:18.350  4948  4948 W System.err: 	at java.lang.ClassLoader.loadClass(ClassLoader.java:312)
09-08 08:26:18.350  4948  4948 W System.err: 	... 17 more
09-08 08:26:18.361  4779  4897 I LatinIME:LogUtils: Dictionary info: dictionary = main:en ; version = 54 ; date = 1414726273
09-08 08:26:18.392  4779  4897 I LatinIME:LogUtils: Dictionary info: dictionary = main:en ; version = 54 ; date = 1414726273
09-08 08:26:18.432  4779  4897 I LatinIME:LogUtils: Dictionary info: dictionary = main:en ; version = 54 ; date = 1414726273
09-08 08:26:18.465  4779  4897 I LatinIME:LogUtils: Dictionary info: dictionary = main:en ; version = 54 ; date = 1414726273
09-08 08:26:18.492  4779  4897 I LatinIME:LogUtils: Dictionary info: dictionary = main:en ; version = 54 ; date = 1414726273
09-08 08:26:18.525  4779  4897 I LatinIME:LogUtils: Dictionary info: dictionary = main:en ; version = 54 ; date = 1414726273
09-08 08:26:18.536  4779  4784 I art     : Do partial code cache collection, code=29KB, data=22KB
09-08 08:26:18.536  4779  4784 I art     : After code cache collection, code=26KB, data=21KB
09-08 08:26:18.536  4779  4784 I art     : Increasing code cache capacity to 128KB
09-08 08:26:18.558  4779  4897 I LatinIME:LogUtils: Dictionary info: dictionary = main:en ; version = 54 ; date = 1414726273
09-08 08:26:18.562  4794  4794 W KeyguardUpdateMonitor: invalid subId in handleSimStateChange()
09-08 08:26:18.591  3589  3697 I ActivityManager: Start proc 5216:com.android.cellbroadcastreceiver/u0a6 for broadcast com.android.cellbroadcastreceiver/.CellBroadcastReceiver
09-08 08:26:18.594  4779  4897 I LatinIME:LogUtils: Dictionary info: dictionary = main:en ; version = 54 ; date = 1414726273
09-08 08:26:18.628  4779  4897 I LatinIME:LogUtils: Dictionary info: dictionary = main:en ; version = 54 ; date = 1414726273
09-08 08:26:18.659  4779  4897 I LatinIME:LogUtils: Dictionary info: dictionary = main:en ; version = 54 ; date = 1414726273
09-08 08:26:18.672  5216  5216 W System  : ClassLoader referenced unknown path: /system/priv-app/CellBroadcastReceiver/lib/arm64
09-08 08:26:18.686  4779  4897 I LatinIME:LogUtils: Dictionary info: dictionary = main:en ; version = 54 ; date = 1414726273
09-08 08:26:18.717  4779  4897 I LatinIME:LogUtils: Dictionary info: dictionary = main:en ; version = 54 ; date = 1414726273
09-08 08:26:18.749  4779  4897 I LatinIME:LogUtils: Dictionary info: dictionary = main:en ; version = 54 ; date = 1414726273
09-08 08:26:18.772  3589  3696 D libgps  : SendGpsExtensionMessage: Waiting for IPC connection - timeout
09-08 08:26:18.772  3589  3696 E libgps  : LIBGPS: Cannot communicate (write) with a GPSD
09-08 08:26:18.772  3589  3696 E libgps  : IPC Communication Error, ../../../../tmp/15194007_282637/allPartners/os/android/gps_interface/gpsi_client/GpsiClient.cpp:631 SendGpsExtensionMessage
09-08 08:26:18.796  4779  4897 I LatinIME:LogUtils: Dictionary info: dictionary = main:en ; version = 54 ; date = 1414726273
09-08 08:26:18.812  3589  3696 I GnssLocationProvider: WakeLock released by handleMessage(13, 0, null)
09-08 08:26:18.813  3589  3696 D libgps  : Init: created thread tid(0x6c4a1450)
09-08 08:26:18.813  3589  3696 D libgps  : SendGpsExtensionMessage: Waiting for IPC connection...
09-08 08:26:18.814  3589  5243 D libgps  : ipc_thread_proc: IPC thread started by Java framework
09-08 08:26:18.814  3165  3165 D gpsd    : WakeLock(Acquire,GPSD)
09-08 08:26:18.814  3165  3165 D gpsd    : WakeLock(Release,GPSD)
09-08 08:26:18.815  3589  5243 D libgps  : OnIpcConnectionEstablished:
09-08 08:26:18.816  3589  5243 D libgps  : Restore last known AGPS server state
09-08 08:26:18.816  3589  5243 D libgps  : GeofenceControllerStateWaitForConnection: EXIT
09-08 08:26:18.816  3589  5243 D libgps  : GeofenceControllerStateConnected: ENTRY
09-08 08:26:18.816  3165  3165 D gpsd    : WakeLock(Acquire,GPSD)
09-08 08:26:18.816  3165  3165 D gpsd    : WakeLock(Release,GPSD)
09-08 08:26:18.817  3165  3165 D gpsd    : WakeLock(Acquire,GPSD)
09-08 08:26:18.818  3165  3165 D gpsd    : WakeLock(Release,GPSD)
09-08 08:26:18.818  3165  3165 D gpsd    : WakeLock(Acquire,GPSD)
09-08 08:26:18.818  3165  3165 D gpsd    : WakeLock(Release,GPSD)
09-08 08:26:18.818  3165  3165 D gpsd    : WakeLock(Acquire,GPSD)
09-08 08:26:18.818  3165  3165 D gpsd    : WakeLock(Release,GPSD)
09-08 08:26:18.819  3165  3165 D gpsd    : WakeLock(Acquire,GPSD)
09-08 08:26:18.819  3165  3165 D gpsd    : WakeLock(Release,GPSD)
09-08 08:26:18.819  3165  3165 D gpsd    : WakeLock(Acquire,GPSD)
09-08 08:26:18.819  3165  3165 D gpsd    : WakeLock(Release,GPSD)
09-08 08:26:18.819  3589  5243 D GnssLocationProvider: set_capabilities_callback: 38u
09-08 08:26:18.819  3589  5243 D GnssLocationProvider: set_system_info_callback: year_of_hw=0
09-08 08:26:18.835  5245  5245 I pool-1-thread-1: type=1400 audit(0.0:199): avc: denied { write } for name="shared_prefs" dev="sda24" ino=3121289 scontext=u:r:platform_app:s0:c512,c768 tcontext=u:object_r:system_data_file:s0:c512,c768 tclass=dir permissive=1
09-08 08:26:18.835  5245  5245 I pool-1-thread-1: type=1400 audit(0.0:199): avc: denied { add_name } for name="com.android.cellbroadcastreceiver_preferences.xml" scontext=u:r:platform_app:s0:c512,c768 tcontext=u:object_r:system_data_file:s0:c512,c768 tclass=dir permissive=1
09-08 08:26:18.835  5245  5245 I pool-1-thread-1: type=1400 audit(0.0:199): avc: denied { create } for name="com.android.cellbroadcastreceiver_preferences.xml" scontext=u:r:platform_app:s0:c512,c768 tcontext=u:object_r:system_data_file:s0:c512,c768 tclass=file permissive=1
09-08 08:26:18.835  5245  5245 I pool-1-thread-1: type=1400 audit(0.0:199): avc: denied { write } for path="/data/user_de/0/com.android.cellbroadcastreceiver/shared_prefs/com.android.cellbroadcastreceiver_preferences.xml" dev="sda24" ino=3121290 scontext=u:r:platform_app:s0:c512,c768 tcontext=u:object_r:system_data_file:s0:c512,c768 tclass=file permissive=1
09-08 08:26:18.835  5245  5245 W pool-1-thread-1: type=1300 audit(0.0:199): arch=c00000b7 syscall=56 success=yes exit=34 a0=ffffff9c a1=7f84c24600 a2=241 a3=1b6 items=0 ppid=3166 auid=4294967295 uid=10006 gid=10006 euid=10006 suid=10006 fsuid=10006 egid=10006 sgid=10006 fsgid=10006 tty=(none) ses=4294967295 exe="/system/bin/app_process64" subj=u:r:platform_app:s0:c512,c768 key=(null)
09-08 08:26:18.835  3075  3075 W auditd  : type=1327 audit(0.0:199): proctitle="com.android.cellbroadcastreceiver"
09-08 08:26:18.835  3075  3075 W auditd  : type=1320 audit(0.0:199): 
09-08 08:26:18.847  4779  4897 I LatinIME:LogUtils: Dictionary info: dictionary = main:en ; version = 54 ; date = 1414726273
09-08 08:26:18.855  5245  5245 I pool-1-thread-1: type=1400 audit(0.0:200): avc: denied { setattr } for name="com.android.cellbroadcastreceiver_preferences.xml" dev="sda24" ino=3121290 scontext=u:r:platform_app:s0:c512,c768 tcontext=u:object_r:system_data_file:s0:c512,c768 tclass=file permissive=1
09-08 08:26:18.855  5245  5245 W pool-1-thread-1: type=1300 audit(0.0:200): arch=c00000b7 syscall=53 success=yes exit=0 a0=ffffff9c a1=7f84c24600 a2=1b0 a3=0 items=0 ppid=3166 auid=4294967295 uid=10006 gid=10006 euid=10006 suid=10006 fsuid=10006 egid=10006 sgid=10006 fsgid=10006 tty=(none) ses=4294967295 exe="/system/bin/app_process64" subj=u:r:platform_app:s0:c512,c768 key=(null)
09-08 08:26:18.855  3075  3075 W auditd  : type=1327 audit(0.0:200): proctitle="com.android.cellbroadcastreceiver"
09-08 08:26:18.855  3075  3075 W auditd  : type=1320 audit(0.0:200): 
09-08 08:26:18.865  3589  3696 I GnssLocationProvider: WakeLock released by handleMessage(2, 1, null)
09-08 08:26:18.865  3165  3165 D gpsd    : WakeLock(Acquire,GPSD)
09-08 08:26:18.865  3165  3165 D gpsd    : WakeLock(Release,GPSD)
09-08 08:26:18.865  3165  3165 D gpsd    : WakeLock(Acquire,GPSD)
09-08 08:26:18.865  3165  3165 D gpsd    : WakeLock(Release,GPSD)
09-08 08:26:18.866  3165  3165 D gpsd    : WakeLock(Acquire,GPSD)
09-08 08:26:18.866  3165  3165 D gpsd    : WakeLock(Release,GPSD)
09-08 08:26:18.886  4779  4897 I LatinIME:LogUtils: Dictionary info: dictionary = main:en ; version = 54 ; date = 1414726273
09-08 08:26:18.892  3589  3696 I SyncManager: Got SyncJobService instance.
09-08 08:26:18.893  3589  3589 I FusedLocation: engine started (com.android.location.fused)
09-08 08:26:18.910  5216  5216 D CellBroadcastReceiver: onReceive Intent { act=android.intent.action.SIM_STATE_CHANGED flg=0x4000010 cmp=com.android.cellbroadcastreceiver/.CellBroadcastReceiver (has extras) }
09-08 08:26:19.002  4794  4794 W KeyguardUpdateMonitor: invalid subId in handleSimStateChange()
09-08 08:26:19.155  3523  3523 I BootAnimation: type=1400 audit(0.0:201): avc: denied { read write } for name="fimg2d" dev="tmpfs" ino=2360 scontext=u:r:bootanim:s0 tcontext=u:object_r:device:s0 tclass=chr_file permissive=1
09-08 08:26:19.155  3523  3523 I BootAnimation: type=1400 audit(0.0:201): avc: denied { open } for path="/dev/fimg2d" dev="tmpfs" ino=2360 scontext=u:r:bootanim:s0 tcontext=u:object_r:device:s0 tclass=chr_file permissive=1
09-08 08:26:19.155  3523  3523 W BootAnimation: type=1300 audit(0.0:201): arch=c00000b7 syscall=56 success=yes exit=14 a0=ffffff9c a1=7fa522a703 a2=2 a3=0 items=0 ppid=1 auid=4294967295 uid=1003 gid=1003 euid=1003 suid=1003 fsuid=1003 egid=1003 sgid=1003 fsgid=1003 tty=(none) ses=4294967295 exe="/system/bin/bootanimation" subj=u:r:bootanim:s0 key=(null)
09-08 08:26:19.155  3075  3075 W auditd  : type=1327 audit(0.0:201): proctitle="/system/bin/bootanimation"
09-08 08:26:19.155  3075  3075 W auditd  : type=1320 audit(0.0:201): 
09-08 08:26:19.155  3523  3523 I BootAnimation: type=1400 audit(0.0:202): avc: denied { ioctl } for path="/dev/fimg2d" dev="tmpfs" ino=2360 ioctlcmd=4d04 scontext=u:r:bootanim:s0 tcontext=u:object_r:device:s0 tclass=chr_file permissive=1
09-08 08:26:19.155  3523  3523 W BootAnimation: type=1300 audit(0.0:202): arch=c00000b7 syscall=29 success=yes exit=0 a0=13 a1=c1104d04 a2=7f9d2a80b0 a3=0 items=0 ppid=1 auid=4294967295 uid=1003 gid=1003 euid=1003 suid=1003 fsuid=1003 egid=1003 sgid=1003 fsgid=1003 tty=(none) ses=4294967295 exe="/system/bin/bootanimation" subj=u:r:bootanim:s0 key=(null)
09-08 08:26:19.155  3075  3075 W auditd  : type=1327 audit(0.0:202): proctitle="/system/bin/bootanimation"
09-08 08:26:19.155  3075  3075 W auditd  : type=1320 audit(0.0:202): 
09-08 08:26:19.267  4948  4948 D PhoneSwitcherNetworkRequstListener: Registering NetworkFactory
09-08 08:26:19.268  3589  4697 D ConnectivityService: Got NetworkFactory Messenger for PhoneSwitcherNetworkRequstListener
09-08 08:26:19.279  3589  4697 D ConnectivityService: Got NetworkFactory Messenger for TelephonyNetworkFactory[0]
09-08 08:26:19.281  3589  4697 D ConnectivityService: Got NetworkFactory Messenger for TelephonyNetworkFactory[1]
09-08 08:26:19.287  4948  4955 I art     : Compiler allocated 8MB to compile void com.android.server.SystemConfig.readPermissionsFromXml(java.io.File, int)
09-08 08:26:19.303  4948  5258 E ActivityThread: Failed to find provider info for com.android.contacts
09-08 08:26:19.303  4948  5258 W CallerInfoCache: cursor is null
09-08 08:26:19.304  4948  4948 D CarrierConfigLoader: CarrierConfigLoader has started
09-08 08:26:19.311  3589  3695 D BluetoothManagerService: Trying to bind to profile: 1, while Bluetooth was disabled
09-08 08:26:19.349  4948  4948 I Telephony: TtyManager: updateUiTtyMode -1 -> 0
09-08 08:26:19.367  4948  4948 I Telephony: TtyManager: updateUiTtyMode -1 -> 0
09-08 08:26:19.454  3589  3589 I GnssLocationProvider: WakeLock acquired by sendMessage(12, 0, null)
09-08 08:26:19.500  4794  4794 W KeyguardUpdateMonitor: invalid subId in handleServiceStateChange()
09-08 08:26:19.506  3589  3696 I GnssLocationProvider: WakeLock released by handleMessage(12, 0, null)
09-08 08:26:20.114  5001  5001 D SimSelectNotification:  no of slots 2 provision = false
09-08 08:26:20.133  5216  5216 D CellBroadcastReceiver: onReceive Intent { act=android.intent.action.SIM_STATE_CHANGED flg=0x4000010 cmp=com.android.cellbroadcastreceiver/.CellBroadcastReceiver (has extras) }
09-08 08:26:20.165  3589  3589 I GnssLocationProvider: WakeLock acquired by sendMessage(12, 0, null)
09-08 08:26:20.183  5053  5053 I DeferredSaveThr: type=1400 audit(0.0:203): avc: denied { create } for name="com.android.opengl.shaders_cache" scontext=u:r:system_app:s0 tcontext=u:object_r:system_data_file:s0 tclass=file permissive=1
09-08 08:26:20.183  5053  5053 I DeferredSaveThr: type=1400 audit(0.0:203): avc: denied { write } for path="/data/user_de/0/com.android.settings/code_cache/com.android.opengl.shaders_cache" dev="sda24" ino=3121293 scontext=u:r:system_app:s0 tcontext=u:object_r:system_data_file:s0 tclass=file permissive=1
09-08 08:26:20.183  5053  5053 W DeferredSaveThr: type=1300 audit(0.0:203): arch=c00000b7 syscall=56 success=yes exit=54 a0=ffffff9c a1=7f8c432e78 a2=c2 a3=0 items=0 ppid=3166 auid=4294967295 uid=1000 gid=1000 euid=1000 suid=1000 fsuid=1000 egid=1000 sgid=1000 fsgid=1000 tty=(none) ses=4294967295 exe="/system/bin/app_process64" subj=u:r:system_app:s0 key=(null)
09-08 08:26:20.183  3075  3075 W auditd  : type=1327 audit(0.0:203): proctitle="com.android.settings"
09-08 08:26:20.183  3075  3075 W auditd  : type=1320 audit(0.0:203): 
09-08 08:26:20.187  5053  5053 I DeferredSaveThr: type=1400 audit(0.0:204): avc: denied { setattr } for name="com.android.opengl.shaders_cache" dev="sda24" ino=3121293 scontext=u:r:system_app:s0 tcontext=u:object_r:system_data_file:s0 tclass=file permissive=1
09-08 08:26:20.187  5053  5053 W DeferredSaveThr: type=1300 audit(0.0:204): arch=c00000b7 syscall=52 success=yes exit=0 a0=36 a1=100 a2=7f6c600000 a3=1c items=0 ppid=3166 auid=4294967295 uid=1000 gid=1000 euid=1000 suid=1000 fsuid=1000 egid=1000 sgid=1000 fsgid=1000 tty=(none) ses=4294967295 exe="/system/bin/app_process64" subj=u:r:system_app:s0 key=(null)
09-08 08:26:20.187  3075  3075 W auditd  : type=1327 audit(0.0:204): proctitle="com.android.settings"
09-08 08:26:20.187  3075  3075 W auditd  : type=1320 audit(0.0:204): 
09-08 08:26:20.201  4794  4794 W KeyguardUpdateMonitor: invalid subId in handleServiceStateChange()
09-08 08:26:20.224  3589  3696 I GnssLocationProvider: WakeLock released by handleMessage(12, 0, null)
09-08 08:26:20.815  4948  4948 D PhoneSwitcherNetworkRequstListener: got request NetworkRequest [ REQUEST id=1, [ Capabilities: INTERNET&NOT_RESTRICTED&TRUSTED&NOT_VPN] ] with score 0
09-08 08:26:20.822  4948  4948 D TelephonyDebugService: TelephonyDebugService()
09-08 08:26:20.827  4948  4948 D CarrierConfigLoader: mHandler: 12 phoneId: 0
09-08 08:26:20.828  4948  4948 D CarrierConfigLoader: Build fingerprint changed. old: null new: lineage_dream2lte-eng 7.1.2 NJH47F 2d38dc7344 test-keys
09-08 08:26:20.865  4948  4955 I art     : Do full code cache collection, code=250KB, data=211KB
09-08 08:26:20.865  4948  4955 I art     : Starting a blocking GC JitCodeCache
09-08 08:26:20.866  4948  4955 I art     : After code cache collection, code=233KB, data=176KB
09-08 08:26:21.093  4948  4948 W Telephony: TelecomAccountRegistry: Failed to get status , slotId: 0 Exception: java.lang.NullPointerException: Attempt to invoke interface method 'int org.codeaurora.internal.IExtTelephony.getCurrentUiccCardProvisioningStatus(int)' on a null object reference
09-08 08:26:21.095  4948  4948 W Telephony: TelecomAccountRegistry: Failed to get status , slotId: 1 Exception: java.lang.NullPointerException: Attempt to invoke interface method 'int org.codeaurora.internal.IExtTelephony.getCurrentUiccCardProvisioningStatus(int)' on a null object reference
09-08 08:26:21.100  4948  4948 E PhoneInterfaceManager: [PhoneIntfMgr] getIccId: No UICC
09-08 08:26:21.142  3589  4814 I Telecom : PhoneAccountRegistrar: New phone account registered: [[ ] PhoneAccount: ComponentInfo{com.android.phone/com.android.services.telephony.TelephonyConnectionService}, [e0184adedf913b076626646d3f52c3b49c39ad6d], UserHandle{0} Capabilities: CallProvider MultiUser PlaceEmerg SimSub  Audio Routes: BESW Schemes: tel voicemail  Extras: null GroupId: [da39a3ee5e6b4b0d3255bfef95601890afd80709]]: TSI.rPA@AAY
09-08 08:26:21.156  3589  4814 I Telecom : : Sending phone-account registered intent as user: TSI.rPA@AAY
09-08 08:26:21.162  4948  4948 I Telephony: AccountEntry: Registered phoneAccount: [[ ] PhoneAccount: ComponentInfo{com.android.phone/com.android.services.telephony.TelephonyConnectionService}, [e0184adedf913b076626646d3f52c3b49c39ad6d], UserHandle{0} Capabilities: CallProvider MultiUser PlaceEmerg SimSub  Audio Routes: BESW Schemes: tel voicemail  Extras: null GroupId: [da39a3ee5e6b4b0d3255bfef95601890afd80709]] with handle: ComponentInfo{com.android.phone/com.android.services.telephony.TelephonyConnectionService}, [e0184adedf913b076626646d3f52c3b49c39ad6d], UserHandle{0}
09-08 08:26:21.164  4948  4948 I Telephony: PstnIncomingCallNotifier: Registering: Handler (com.android.internal.telephony.GsmCdmaPhone) {1002449}
09-08 08:26:21.198  3589  4985 I Telecom : PhoneAccountRegistrar: getUserSelVoicePhoneAccount, voice subId = -1: TSI.gUSOPA@AAg
09-08 08:26:21.200  3589  4985 I Telecom : PhoneAccountRegistrar: getUserSelVoicePhoneAccount, emergency account : TSI.gUSOPA@AAg
09-08 08:26:21.317  4948  4955 I art     : Do partial code cache collection, code=237KB, data=193KB
09-08 08:26:21.317  5001  5001 D SimSelectNotification:  no of slots 2 provision = false
09-08 08:26:21.317  4948  4948 I Telephony: PstnIncomingCallNotifier: Unregistering: Handler (com.android.internal.telephony.GsmCdmaPhone) {1002449}
09-08 08:26:21.317  4948  4955 I art     : After code cache collection, code=236KB, data=193KB
09-08 08:26:21.318  4948  4955 I art     : Increasing code cache capacity to 1024KB
09-08 08:26:21.319  4948  4948 W Telephony: TelecomAccountRegistry: Failed to get status , slotId: 0 Exception: java.lang.NullPointerException: Attempt to invoke interface method 'int org.codeaurora.internal.IExtTelephony.getCurrentUiccCardProvisioningStatus(int)' on a null object reference
09-08 08:26:21.320  4948  4948 W Telephony: TelecomAccountRegistry: Failed to get status , slotId: 1 Exception: java.lang.NullPointerException: Attempt to invoke interface method 'int org.codeaurora.internal.IExtTelephony.getCurrentUiccCardProvisioningStatus(int)' on a null object reference
09-08 08:26:21.324  4948  4948 E PhoneInterfaceManager: [PhoneIntfMgr] getIccId: No UICC
09-08 08:26:21.329  5216  5216 D CellBroadcastReceiver: onReceive Intent { act=android.intent.action.SERVICE_STATE flg=0x10 cmp=com.android.cellbroadcastreceiver/.CellBroadcastReceiver (has extras) }
09-08 08:26:21.329  5216  5216 D CellBroadcastReceiver: Intent: android.intent.action.SERVICE_STATE
09-08 08:26:21.335  5216  5216 D CellBroadcastReceiver: Service state changed! 3 Full: 3 3 voice home data home null null null null null null  Unknown Unknown CSS not supported -1 -1 RoamInd=-1 DefRoamInd=-1 EmergOnly=false IsDataRoamingFromRegistration=false IsUsingCarrierAggregation=false Current state=-1
09-08 08:26:21.344  5216  5216 D CellBroadcastReceiver: onReceive Intent { act=android.intent.action.SERVICE_STATE flg=0x10 cmp=com.android.cellbroadcastreceiver/.CellBroadcastReceiver (has extras) }
09-08 08:26:21.345  5216  5216 D CellBroadcastReceiver: Intent: android.intent.action.SERVICE_STATE
09-08 08:26:21.351  3589  3694 I Telecom : PhoneAccountRegistrar: [ComponentInfo{com.android.phone/com.android.services.telephony.TelephonyConnectionService}, [e0184adedf913b076626646d3f52c3b49c39ad6d], UserHandle{0}(icon: Icon(typ=BITMAP size=67x84) -> Icon(typ=BITMAP size=67x84))]: TSI.rPA@AAk
09-08 08:26:21.360  3589  3694 I Telecom : : Sending phone-account registered intent as user: TSI.rPA@AAk
09-08 08:26:21.364  4948  4948 I Telephony: AccountEntry: Registered phoneAccount: [[ ] PhoneAccount: ComponentInfo{com.android.phone/com.android.services.telephony.TelephonyConnectionService}, [e0184adedf913b076626646d3f52c3b49c39ad6d], UserHandle{0} Capabilities: CallProvider MultiUser PlaceEmerg SimSub  Audio Routes: BESW Schemes: tel voicemail  Extras: null GroupId: [da39a3ee5e6b4b0d3255bfef95601890afd80709]] with handle: ComponentInfo{com.android.phone/com.android.services.telephony.TelephonyConnectionService}, [e0184adedf913b076626646d3f52c3b49c39ad6d], UserHandle{0}
09-08 08:26:21.364  4948  4948 I Telephony: PstnIncomingCallNotifier: Registering: Handler (com.android.internal.telephony.GsmCdmaPhone) {1002449}
09-08 08:26:21.387  3589  4984 I Telecom : PhoneAccountRegistrar: getUserSelVoicePhoneAccount, voice subId = -1: TSI.gUSOPA@AAs
09-08 08:26:21.389  3589  4984 I Telecom : PhoneAccountRegistrar: getUserSelVoicePhoneAccount, emergency account : TSI.gUSOPA@AAs
09-08 08:26:21.465  4794  4794 W KeyguardUpdateMonitor: invalid subId in handleSimStateChange()
09-08 08:26:21.474  5216  5216 D CellBroadcastReceiver: onReceive Intent { act=android.intent.action.SIM_STATE_CHANGED flg=0x4000010 cmp=com.android.cellbroadcastreceiver/.CellBroadcastReceiver (has extras) }
09-08 08:26:21.488  3589  3589 D WifiService: resetting networks because SIM was removed
09-08 08:26:21.489  3589  4693 D WifiStateMachine: resetting EAP-SIM/AKA/AKA' networks since SIM was changed
09-08 08:26:21.489  3589  3589 D WifiService: resetting country code because SIM is removed
09-08 08:26:21.490  4794  4794 W KeyguardUpdateMonitor: invalid subId in handleSimStateChange()
09-08 08:26:21.591  3589  3589 I GnssLocationProvider: WakeLock acquired by sendMessage(12, 0, null)
09-08 08:26:21.625  3589  3696 I GnssLocationProvider: WakeLock released by handleMessage(12, 0, null)
09-08 08:26:21.626  4948  4948 E PhoneInterfaceManager: [PhoneIntfMgr] getIccId: No UICC
09-08 08:26:21.636  4794  4794 W KeyguardUpdateMonitor: invalid subId in handleServiceStateChange()
09-08 08:26:21.656  3589  3694 I Telecom : PhoneAccountRegistrar: [ComponentInfo{com.android.phone/com.android.services.telephony.TelephonyConnectionService}, [e0184adedf913b076626646d3f52c3b49c39ad6d], UserHandle{0}(icon: Icon(typ=BITMAP size=67x84) -> Icon(typ=BITMAP size=67x84))]: TSI.rPA@AAw
09-08 08:26:21.666  3589  3694 I Telecom : : Sending phone-account registered intent as user: TSI.rPA@AAw
09-08 08:26:21.695  5001  5001 D SimSelectNotification:  no of slots 2 provision = false
09-08 08:26:21.704  5216  5216 D CellBroadcastReceiver: onReceive Intent { act=android.intent.action.SIM_STATE_CHANGED flg=0x4000010 cmp=com.android.cellbroadcastreceiver/.CellBroadcastReceiver (has extras) }
09-08 08:26:21.727  4948  4948 I Telephony: PstnIncomingCallNotifier: Unregistering: Handler (com.android.internal.telephony.GsmCdmaPhone) {1002449}
09-08 08:26:21.728  4948  4948 W Telephony: TelecomAccountRegistry: Failed to get status , slotId: 0 Exception: java.lang.NullPointerException: Attempt to invoke interface method 'int org.codeaurora.internal.IExtTelephony.getCurrentUiccCardProvisioningStatus(int)' on a null object reference
09-08 08:26:21.730  4948  4948 W Telephony: TelecomAccountRegistry: Failed to get status , slotId: 1 Exception: java.lang.NullPointerException: Attempt to invoke interface method 'int org.codeaurora.internal.IExtTelephony.getCurrentUiccCardProvisioningStatus(int)' on a null object reference
09-08 08:26:21.733  4948  4948 E PhoneInterfaceManager: [PhoneIntfMgr] getIccId: No UICC
09-08 08:26:21.760  3589  4814 I Telecom : PhoneAccountRegistrar: [ComponentInfo{com.android.phone/com.android.services.telephony.TelephonyConnectionService}, [e0184adedf913b076626646d3f52c3b49c39ad6d], UserHandle{0}(icon: Icon(typ=BITMAP size=67x84) -> Icon(typ=BITMAP size=67x84))]: TSI.rPA@AA0
09-08 08:26:21.770  3589  4814 I Telecom : : Sending phone-account registered intent as user: TSI.rPA@AA0
09-08 08:26:21.774  4948  4948 I Telephony: AccountEntry: Registered phoneAccount: [[ ] PhoneAccount: ComponentInfo{com.android.phone/com.android.services.telephony.TelephonyConnectionService}, [e0184adedf913b076626646d3f52c3b49c39ad6d], UserHandle{0} Capabilities: CallProvider MultiUser PlaceEmerg SimSub  Audio Routes: BESW Schemes: tel voicemail  Extras: null GroupId: [da39a3ee5e6b4b0d3255bfef95601890afd80709]] with handle: ComponentInfo{com.android.phone/com.android.services.telephony.TelephonyConnectionService}, [e0184adedf913b076626646d3f52c3b49c39ad6d], UserHandle{0}
09-08 08:26:21.774  4948  4948 I Telephony: PstnIncomingCallNotifier: Registering: Handler (com.android.internal.telephony.GsmCdmaPhone) {1002449}
09-08 08:26:21.799  3589  4863 I Telecom : PhoneAccountRegistrar: getUserSelVoicePhoneAccount, voice subId = -1: TSI.gUSOPA@AA8
09-08 08:26:21.800  3589  4863 I Telecom : PhoneAccountRegistrar: getUserSelVoicePhoneAccount, emergency account : TSI.gUSOPA@AA8
09-08 08:26:21.815  4948  4948 D CarrierConfigLoader: update config for phoneId: 1 simState: ABSENT
09-08 08:26:21.815  4948  4948 D CarrierSvcBindHelper: update binding for phoneId: 1 simState: ABSENT
09-08 08:26:21.829  4794  4794 W KeyguardUpdateMonitor: invalid subId in handleSimStateChange()
09-08 08:26:21.843  3589  3589 I GnssLocationProvider: WakeLock acquired by sendMessage(12, 0, null)
09-08 08:26:21.865  4948  4948 D MccTable: updateMccMncConfiguration mccmnc='72234' fromServiceState=true
09-08 08:26:21.866  3589  3696 I GnssLocationProvider: WakeLock released by handleMessage(12, 0, null)
09-08 08:26:21.868  4948  4948 D MccTable: updateMccMncConfiguration defaultMccMnc=
09-08 08:26:21.868  4948  4948 D MccTable: updateMccMncConfiguration: mcc=722, mnc=34
09-08 08:26:21.887  3589  4947 D AlarmManagerService: Kernel timezone updated to 180 minutes west of GMT
09-08 05:26:21.894  4948  4948 D MccTable: timezone set to America/Argentina/Buenos_Aires
09-08 05:26:21.894  4948  4948 D MccTable: WIFI_COUNTRY_CODE set to ar
09-08 05:26:21.896  3589  3695 I WifiService: WifiService trying to set country code to ar with persist set to false
09-08 05:26:21.901  3589  3589 D ConditionProviders.SCP: onReceive android.intent.action.TIMEZONE_CHANGED
09-08 05:26:21.904  3589  3589 D ConditionProviders.SCP: notifyCondition condition://android/schedule?days=6.7&start=23.30&end=10.0&exitAtAlarm=false STATE_FALSE reason=!meetsSchedule
09-08 05:26:21.908  3589  3589 D ConditionProviders.SCP: notifyCondition condition://android/schedule?days=1.2.3.4.5&start=22.0&end=7.0&exitAtAlarm=false STATE_TRUE reason=meetsSchedule
09-08 05:26:21.913  3589  3589 D ConditionProviders.SCP: Scheduling evaluate for Fri Sep 08 07:00:00 GMT-03:00 2017 (1504864800000), in +1h33m38s98ms, now=Fri Sep 08 05:26:21 GMT-03:00 2017 (1504859181902)
09-08 05:26:21.940  3589  4703 E ActivityThread: Failed to find provider info for com.android.calendar
09-08 05:26:21.942  3589  3589 D ZenLog  : config: conditionChanged,ZenModeConfig[user=0,allowCalls=true,allowRepeatCallers=false,allowMessages=false,allowCallsFrom=contacts,allowMessagesFrom=contacts,allowReminders=true,allowEvents=true,allowWhenScreenOff=true,allowWhenScreenOn=true,automaticRules={4febaa8c8c754839ba7bf99aeb70cd8d=ZenRule[enabled=false,snoozing=false,name=Weekend,zenMode=ZEN_MODE_ALARMS,conditionId=condition://android/schedule?days=6.7&start=23.30&end=10.0&exitAtAlarm=false,condition=Condition[id=condition://android/schedule?days=6.7&start=23.30&end=10.0&exitAtAlarm=false,summary=...,line1=...,line2=...,icon=0,state=STATE_FALSE,flags=2],component=ComponentInfo{android/com.android.server.notification.ScheduleConditionProvider},id=4febaa8c8c754839ba7bf99aeb70cd8d,creationTime=1504859172565,enabler=null], 497cc8c4bd144a459b829fbcc7e045f8=ZenRule[enabled=false,snoozing=false,name=Event,zenMode=ZEN_MODE_ALARMS,conditionId=condition://android/event?userId=-10000&calendar=&reply=1,condition=Condition[id=condition://android/event?userId=-10000&calendar=&reply=1,summary=...,line1=...,line2=...,icon=0,state=STATE_FALSE,flags=2],component=ComponentInfo{android/com.android.server.notification.EventConditionProvider},id=497cc8c4bd144a459b829fbcc7e045f8,creationTime=1504859172566,enabler=null], 2032611221d94b65b65ced525903016c=ZenRule[enabled=false,snoozing=false,name=Weeknight,zenMode=ZEN_MODE_ALARMS,conditionId=condition://android/schedule?days=1.2.3.4.5&start=22.0&end=7.0&exitAtAlarm=false,condition=Condition[id=condition://android/schedule?days=1.2.3.4.5&start=22.0&end=7.0&exitAtAlarm=false,summary=...,line1=...,line2=...,icon=0,state=STATE_TRUE,flags=2],component=ComponentInfo{android/com.android.server.notification.ScheduleConditionProvider},id=2032611221d94b65b65ced525903016c,creationTime=1504859172565,enabler=null]},manualRule=null],Diff[automaticRule[2032611221d94b65b65ced525903016c].condition:Condition[id=condition://android/schedule?days=1.2.3.4.5&start=22.0&end=7.0&exitAtAlarm=false,summary=...,line1=...,line2=...,icon=0,state=STATE_FALSE,flags=2]->Condition[id=condition://android/schedule?days=1.2.3.4.5&start=22.0&end=7.0&exitAtAlarm=false,summary=...,line1=...,line2=...,icon=0,state=STATE_TRUE,flags=2]]
09-08 05:26:21.943  3589  4703 E ActivityThread: Failed to find provider info for com.android.calendar
09-08 05:26:21.980  3589  3589 D ZenLog  : set_zen_mode: off,conditionChanged
09-08 05:26:21.990  4794  4799 I art     : Do full code cache collection, code=504KB, data=421KB
09-08 05:26:21.991  4794  4799 I art     : Starting a blocking GC JitCodeCache
09-08 05:26:21.991  4794  4799 I art     : After code cache collection, code=481KB, data=352KB
09-08 05:26:22.098  4966  4966 I wpa_supplicant: wlan0: CTRL-EVENT-REGDOM-CHANGE init=USER type=COUNTRY alpha2=AR
09-08 05:26:22.117  3589  3695 D WifiCountryCode: Succeeded to set country code to: AR
09-08 05:26:22.159  3589  4985 D AlarmManagerService: Kernel timezone updated to 180 minutes west of GMT
09-08 05:26:22.166  3589  4984 D AlarmManagerService: Kernel timezone updated to 180 minutes west of GMT
09-08 05:26:22.186  4794  4794 W KeyguardUpdateMonitor: invalid subId in handleServiceStateChange()
09-08 05:26:22.202  4948  4948 I VvmSimChangeReceiver: Sim removed, removing inactive accounts
09-08 05:26:22.212  5001  5001 D SimSelectNotification:  no of slots 2 provision = false
09-08 05:26:22.222  5216  5216 D CellBroadcastReceiver: onReceive Intent { act=android.intent.action.SERVICE_STATE flg=0x10 cmp=com.android.cellbroadcastreceiver/.CellBroadcastReceiver (has extras) }
09-08 05:26:22.222  5216  5216 D CellBroadcastReceiver: Intent: android.intent.action.SERVICE_STATE
09-08 05:26:22.224  5216  5216 D CellBroadcastReceiver: Service state changed! 1 Full: 1 1 voice home data home null null null null null null  Unknown Unknown CSS not supported -1 -1 RoamInd=-1 DefRoamInd=-1 EmergOnly=false IsDataRoamingFromRegistration=false IsUsingCarrierAggregation=false Current state=3
09-08 05:26:22.234  5216  5216 D CellBroadcastReceiver: onReceive Intent { act=android.intent.action.SIM_STATE_CHANGED flg=0x4000010 cmp=com.android.cellbroadcastreceiver/.CellBroadcastReceiver (has extras) }
09-08 05:26:22.254  4948  4948 E PhoneInterfaceManager: [PhoneIntfMgr] getIccId: No UICC
09-08 05:26:22.277  3589  4985 I Telecom : PhoneAccountRegistrar: [ComponentInfo{com.android.phone/com.android.services.telephony.TelephonyConnectionService}, [e0184adedf913b076626646d3f52c3b49c39ad6d], UserHandle{0}(icon: Icon(typ=BITMAP size=67x84) -> Icon(typ=BITMAP size=67x84))]: TSI.rPA@ABA
09-08 05:26:22.285  3589  4985 I Telecom : : Sending phone-account registered intent as user: TSI.rPA@ABA
09-08 05:26:22.295  4948  4948 D CarrierConfigLoader: mHandler: 0 phoneId: 1
09-08 05:26:22.295  4948  4948 D CarrierSvcBindHelper: mHandler: 0
09-08 05:26:22.295  4948  4948 D CarrierSvcBindHelper: Rebinding if necessary for phoneId: 1
09-08 05:26:22.296  4948  4948 D CarrierSvcBindHelper: No carrier app for: 1
09-08 05:26:22.311  4948  4948 I Telephony: PstnIncomingCallNotifier: Unregistering: Handler (com.android.internal.telephony.GsmCdmaPhone) {1002449}
09-08 05:26:22.313  4948  4948 W Telephony: TelecomAccountRegistry: Failed to get status , slotId: 0 Exception: java.lang.NullPointerException: Attempt to invoke interface method 'int org.codeaurora.internal.IExtTelephony.getCurrentUiccCardProvisioningStatus(int)' on a null object reference
09-08 05:26:22.315  4948  4948 W Telephony: TelecomAccountRegistry: Failed to get status , slotId: 1 Exception: java.lang.NullPointerException: Attempt to invoke interface method 'int org.codeaurora.internal.IExtTelephony.getCurrentUiccCardProvisioningStatus(int)' on a null object reference
09-08 05:26:22.319  4948  4948 E PhoneInterfaceManager: [PhoneIntfMgr] getIccId: No UICC
09-08 05:26:22.342  3589  3695 I Telecom : PhoneAccountRegistrar: [ComponentInfo{com.android.phone/com.android.services.telephony.TelephonyConnectionService}, [e0184adedf913b076626646d3f52c3b49c39ad6d], UserHandle{0}(icon: Icon(typ=BITMAP size=67x84) -> Icon(typ=BITMAP size=67x84))]: TSI.rPA@ABE
09-08 05:26:22.351  3589  3695 I Telecom : : Sending phone-account registered intent as user: TSI.rPA@ABE
09-08 05:26:22.355  4948  4948 I Telephony: AccountEntry: Registered phoneAccount: [[ ] PhoneAccount: ComponentInfo{com.android.phone/com.android.services.telephony.TelephonyConnectionService}, [e0184adedf913b076626646d3f52c3b49c39ad6d], UserHandle{0} Capabilities: CallProvider MultiUser PlaceEmerg SimSub  Audio Routes: BESW Schemes: tel voicemail  Extras: null GroupId: [da39a3ee5e6b4b0d3255bfef95601890afd80709]] with handle: ComponentInfo{com.android.phone/com.android.services.telephony.TelephonyConnectionService}, [e0184adedf913b076626646d3f52c3b49c39ad6d], UserHandle{0}
09-08 05:26:22.355  4948  4948 I Telephony: PstnIncomingCallNotifier: Registering: Handler (com.android.internal.telephony.GsmCdmaPhone) {1002449}
09-08 05:26:22.378  3589  4863 I Telecom : PhoneAccountRegistrar: getUserSelVoicePhoneAccount, voice subId = -1: TSI.gUSOPA@ABM
09-08 05:26:22.380  3589  4863 I Telecom : PhoneAccountRegistrar: getUserSelVoicePhoneAccount, emergency account : TSI.gUSOPA@ABM
09-08 05:26:22.398  5001  5001 D SimSelectNotification:  no of slots 2 provision = false
09-08 05:26:22.400  4948  4948 E PhoneInterfaceManager: [PhoneIntfMgr] getIccId: No UICC
09-08 05:26:22.429  3589  4985 I ActivityManager: Start proc 5277:com.android.deskclock/u0a45 for broadcast com.android.deskclock/.AlarmInitReceiver
09-08 05:26:22.430  3589  4984 I Telecom : PhoneAccountRegistrar: [ComponentInfo{com.android.phone/com.android.services.telephony.TelephonyConnectionService}, [e0184adedf913b076626646d3f52c3b49c39ad6d], UserHandle{0}(icon: Icon(typ=BITMAP size=67x84) -> Icon(typ=BITMAP size=67x84))]: TSI.rPA@ABQ
09-08 05:26:22.444  3589  4984 I Telecom : : Sending phone-account registered intent as user: TSI.rPA@ABQ
09-08 05:26:22.454  4948  4948 D MccTable: updateMccMncConfiguration mccmnc='72234' fromServiceState=false
09-08 05:26:22.464  4948  4948 D MccTable: updateMccMncConfiguration defaultMccMnc=
09-08 05:26:22.464  4948  4948 D MccTable: updateMccMncConfiguration: mcc=722, mnc=34
09-08 05:26:22.465  4948  4948 D MccTable: updateMccMncConfiguration updateConfig config={1.0 722mcc34mnc ?localeList ?layoutDir ?swdp ?wdp ?hdp ?density ?lsize ?long ?orien ?uimode ?night ?touch ?keyb/?/? ?nav/?}
09-08 05:26:22.468  3589  4984 I ActivityManager: Config changes=3 {1.0 722mcc34mnc [en_US] ldltr sw411dp w411dp h773dp 560dpi nrml long port finger -keyb/h/h -nav/h s.6}
09-08 05:26:22.536  5277  5277 W System  : ClassLoader referenced unknown path: /system/app/DeskClock/lib/arm64
09-08 05:26:22.542  4948  4955 I art     : Compiler allocated 7MB to compile void com.android.internal.telephony.uicc.SIMRecords.handleMessage(android.os.Message)
09-08 05:26:22.571  4794  4892 I vol.Events: writeEvent level_changed STREAM_MUSIC 10
09-08 08:26:22.591  5277  5277 I droid.deskclock: type=1400 audit(0.0:205): avc: denied { write } for name="com.android.deskclock" dev="sda24" ino=3121237 scontext=u:r:untrusted_app:s0:c512,c768 tcontext=u:object_r:system_data_file:s0 tclass=dir permissive=1
09-08 05:26:22.591  5277  5277 I droid.deskclock: type=1400 audit(0.0:205): avc: denied { add_name } for name="code_cache" scontext=u:r:untrusted_app:s0:c512,c768 tcontext=u:object_r:system_data_file:s0 tclass=dir permissive=1
09-08 05:26:22.591  5277  5277 I droid.deskclock: type=1400 audit(0.0:205): avc: denied { create } for name="code_cache" scontext=u:r:untrusted_app:s0:c512,c768 tcontext=u:object_r:system_data_file:s0:c512,c768 tclass=dir permissive=1
09-08 05:26:22.591  5277  5277 W droid.deskclock: type=1300 audit(0.0:205): arch=c00000b7 syscall=34 success=yes exit=0 a0=ffffff9c a1=7f81ffa040 a2=1f9 a3=7f8c34f514 items=0 ppid=3166 auid=4294967295 uid=10045 gid=10045 euid=10045 suid=10045 fsuid=10045 egid=10045 sgid=10045 fsgid=10045 tty=(none) ses=4294967295 exe="/system/bin/app_process64" subj=u:r:untrusted_app:s0:c512,c768 key=(null)
09-08 05:26:22.591  3075  3075 W auditd  : type=1327 audit(0.0:205): proctitle="com.android.deskclock"
09-08 05:26:22.591  3075  3075 W auditd  : type=1320 audit(0.0:205): 
09-08 05:26:22.595  4948  4948 W System  : ClassLoader referenced unknown path: /system/app/Stk/lib/arm64
09-08 05:26:22.596  4948  4948 D ApplicationLoaders: ignored Vulkan layer search path /system/app/Stk/lib/arm64:/system/lib64:/vendor/lib64 for namespace 0x7f901fb160
09-08 05:26:22.595  5277  5277 I droid.deskclock: type=1400 audit(0.0:206): avc: denied { setattr } for name="code_cache" dev="sda24" ino=3121298 scontext=u:r:untrusted_app:s0:c512,c768 tcontext=u:object_r:system_data_file:s0:c512,c768 tclass=dir permissive=1
09-08 05:26:22.595  5277  5277 W droid.deskclock: type=1300 audit(0.0:206): arch=c00000b7 syscall=53 success=yes exit=0 a0=ffffff9c a1=7f81ffa080 a2=1f9 a3=0 items=0 ppid=3166 auid=4294967295 uid=10045 gid=10045 euid=10045 suid=10045 fsuid=10045 egid=10045 sgid=10045 fsgid=10045 tty=(none) ses=4294967295 exe="/system/bin/app_process64" subj=u:r:untrusted_app:s0:c512,c768 key=(null)
09-08 05:26:22.595  3075  3075 W auditd  : type=1327 audit(0.0:206): proctitle="com.android.deskclock"
09-08 05:26:22.595  3075  3075 W auditd  : type=1320 audit(0.0:206): 
09-08 05:26:22.670  5001  5034 D mali_winsys: EGLint new_window_surface(egl_winsys_display*, void*, EGLSurface, EGLConfig, egl_winsys_surface**, egl_color_buffer_format*, EGLBoolean) returns 0x3000,  [1440x2960]-format:1
09-08 05:26:22.675  5297  5297 I pool-1-thread-1: type=1400 audit(0.0:207): avc: denied { write } for name="shared_prefs" dev="sda24" ino=3121300 scontext=u:r:untrusted_app:s0:c512,c768 tcontext=u:object_r:system_data_file:s0:c512,c768 tclass=dir permissive=1
09-08 05:26:22.675  5297  5297 I pool-1-thread-1: type=1400 audit(0.0:207): avc: denied { add_name } for name="com.android.deskclock_preferences.xml" scontext=u:r:untrusted_app:s0:c512,c768 tcontext=u:object_r:system_data_file:s0:c512,c768 tclass=dir permissive=1
09-08 05:26:22.675  5297  5297 I pool-1-thread-1: type=1400 audit(0.0:207): avc: denied { create } for name="com.android.deskclock_preferences.xml" scontext=u:r:untrusted_app:s0:c512,c768 tcontext=u:object_r:system_data_file:s0:c512,c768 tclass=file permissive=1
09-08 05:26:22.675  5297  5297 I pool-1-thread-1: type=1400 audit(0.0:207): avc: denied { write } for path="/data/user_de/0/com.android.deskclock/shared_prefs/com.android.deskclock_preferences.xml" dev="sda24" ino=3121301 scontext=u:r:untrusted_app:s0:c512,c768 tcontext=u:object_r:system_data_file:s0:c512,c768 tclass=file permissive=1
09-08 05:26:22.675  5297  5297 W pool-1-thread-1: type=1300 audit(0.0:207): arch=c00000b7 syscall=56 success=yes exit=34 a0=ffffff9c a1=7f84c4c000 a2=241 a3=1b6 items=0 ppid=3166 auid=4294967295 uid=10045 gid=10045 euid=10045 suid=10045 fsuid=10045 egid=10045 sgid=10045 fsgid=10045 tty=(none) ses=4294967295 exe="/system/bin/app_process64" subj=u:r:untrusted_app:s0:c512,c768 key=(null)
09-08 05:26:22.675  3075  3075 W auditd  : type=1327 audit(0.0:207): proctitle="com.android.deskclock"
09-08 05:26:22.675  3075  3075 W auditd  : type=1320 audit(0.0:207): 
09-08 05:26:22.675  5297  5297 I pool-1-thread-1: type=1400 audit(0.0:208): avc: denied { getattr } for path="/data/user_de/0/com.android.deskclock/shared_prefs/com.android.deskclock_preferences.xml" dev="sda24" ino=3121301 scontext=u:r:untrusted_app:s0:c512,c768 tcontext=u:object_r:system_data_file:s0:c512,c768 tclass=file permissive=1
09-08 05:26:22.675  5297  5297 W pool-1-thread-1: type=1300 audit(0.0:208): arch=c00000b7 syscall=80 success=yes exit=0 a0=22 a1=7f7fd3ca38 a2=241 a3=1b6 items=0 ppid=3166 auid=4294967295 uid=10045 gid=10045 euid=10045 suid=10045 fsuid=10045 egid=10045 sgid=10045 fsgid=10045 tty=(none) ses=4294967295 exe="/system/bin/app_process64" subj=u:r:untrusted_app:s0:c512,c768 key=(null)
09-08 05:26:22.675  3075  3075 W auditd  : type=1327 audit(0.0:208): proctitle="com.android.deskclock"
09-08 05:26:22.675  3075  3075 W auditd  : type=1320 audit(0.0:208): 
09-08 05:26:22.699  5297  5297 I pool-1-thread-1: type=1400 audit(0.0:209): avc: denied { setattr } for name="com.android.deskclock_preferences.xml" dev="sda24" ino=3121301 scontext=u:r:untrusted_app:s0:c512,c768 tcontext=u:object_r:system_data_file:s0:c512,c768 tclass=file permissive=1
09-08 05:26:22.699  5297  5297 W pool-1-thread-1: type=1300 audit(0.0:209): arch=c00000b7 syscall=53 success=yes exit=0 a0=ffffff9c a1=7f84c4c000 a2=1b0 a3=0 items=0 ppid=3166 auid=4294967295 uid=10045 gid=10045 euid=10045 suid=10045 fsuid=10045 egid=10045 sgid=10045 fsgid=10045 tty=(none) ses=4294967295 exe="/system/bin/app_process64" subj=u:r:untrusted_app:s0:c512,c768 key=(null)
09-08 05:26:22.699  3075  3075 W auditd  : type=1327 audit(0.0:209): proctitle="com.android.deskclock"
09-08 05:26:22.699  3075  3075 W auditd  : type=1320 audit(0.0:209): 
09-08 05:26:22.762  3589  3704 I WindowManager: Screen frozen for +263ms due to Window{adf2139 u0 com.android.settings/com.android.settings.FallbackHome}
09-08 05:26:22.796  5277  5277 I AlarmClock: AlarmInitReceiver android.intent.action.TIMEZONE_CHANGED
09-08 05:26:22.867  5277  5277 I droid.deskclock: type=1400 audit(0.0:210): avc: denied { remove_name } for name="com.android.deskclock_preferences.xml" dev="sda24" ino=3121301 scontext=u:r:untrusted_app:s0:c512,c768 tcontext=u:object_r:system_data_file:s0:c512,c768 tclass=dir permissive=1
09-08 05:26:22.867  5277  5277 I droid.deskclock: type=1400 audit(0.0:210): avc: denied { rename } for name="com.android.deskclock_preferences.xml" dev="sda24" ino=3121301 scontext=u:r:untrusted_app:s0:c512,c768 tcontext=u:object_r:system_data_file:s0:c512,c768 tclass=file permissive=1
09-08 05:26:22.867  5277  5277 W droid.deskclock: type=1300 audit(0.0:210): arch=c00000b7 syscall=38 success=yes exit=0 a0=ffffff9c a1=7f8061ce80 a2=ffffff9c a3=7f8061cee0 items=0 ppid=3166 auid=4294967295 uid=10045 gid=10045 euid=10045 suid=10045 fsuid=10045 egid=10045 sgid=10045 fsgid=10045 tty=(none) ses=4294967295 exe="/system/bin/app_process64" subj=u:r:untrusted_app:s0:c512,c768 key=(null)
09-08 05:26:22.867  3075  3075 W auditd  : type=1327 audit(0.0:210): proctitle="com.android.deskclock"
09-08 05:26:22.867  3075  3075 W auditd  : type=1320 audit(0.0:210): 
09-08 05:26:22.887  5277  5277 I droid.deskclock: type=1400 audit(0.0:211): avc: denied { unlink } for name="com.android.deskclock_preferences.xml.bak" dev="sda24" ino=3121301 scontext=u:r:untrusted_app:s0:c512,c768 tcontext=u:object_r:system_data_file:s0:c512,c768 tclass=file permissive=1
09-08 05:26:22.887  5277  5277 W droid.deskclock: type=1300 audit(0.0:211): arch=c00000b7 syscall=35 success=yes exit=0 a0=ffffff9c a1=7f8061ce80 a2=0 a3=100 items=0 ppid=3166 auid=4294967295 uid=10045 gid=10045 euid=10045 suid=10045 fsuid=10045 egid=10045 sgid=10045 fsgid=10045 tty=(none) ses=4294967295 exe="/system/bin/app_process64" subj=u:r:untrusted_app:s0:c512,c768 key=(null)
09-08 05:26:22.968  5277  5299 I AlarmClock: Alarms Table created
09-08 05:26:22.971  5277  5299 I AlarmClock: Instance table created
09-08 05:26:22.971  5277  5299 I AlarmClock: Inserting default alarms
09-08 05:26:23.042  5216  5216 D CellBroadcastReceiver: onReceive Intent { act=android.intent.action.SERVICE_STATE flg=0x10 cmp=com.android.cellbroadcastreceiver/.CellBroadcastReceiver (has extras) }
09-08 05:26:23.043  5216  5216 D CellBroadcastReceiver: Intent: android.intent.action.SERVICE_STATE
09-08 05:26:23.044  5216  5216 D CellBroadcastReceiver: Service state changed! 0 Full: 0 1 voice home data home PERSONAL AR TP 72234 PERSONAL AR TP 72234  UMTS Unknown CSS not supported -1 -1 RoamInd=-1 DefRoamInd=-1 EmergOnly=false IsDataRoamingFromRegistration=false IsUsingCarrierAggregation=false Current state=1
09-08 05:26:23.046  5216  5216 D CellBroadcastReceiver: Start Cell Broadcast configuration.
09-08 05:26:23.120  5216  5301 E CellBroadcastConfigService: exception enabling cell broadcast channels
09-08 05:26:23.120  5216  5301 E CellBroadcastConfigService: java.lang.NullPointerException: Attempt to invoke virtual method 'java.lang.String android.content.ComponentName.getPackageName()' on a null object reference
09-08 05:26:23.120  5216  5301 E CellBroadcastConfigService: 	at android.os.Parcel.readException(Parcel.java:1690)
09-08 05:26:23.120  5216  5301 E CellBroadcastConfigService: 	at android.os.Parcel.readException(Parcel.java:1637)
09-08 05:26:23.120  5216  5301 E CellBroadcastConfigService: 	at com.android.internal.telephony.ISms$Stub$Proxy.isSmsSimPickActivityNeeded(ISms.java:1409)
09-08 05:26:23.120  5216  5301 E CellBroadcastConfigService: 	at android.telephony.SmsManager.getSubscriptionId(SmsManager.java:828)
09-08 05:26:23.120  5216  5301 E CellBroadcastConfigService: 	at android.telephony.SmsManager.enableCellBroadcastRange(SmsManager.java:1098)
09-08 05:26:23.120  5216  5301 E CellBroadcastConfigService: 	at com.android.cellbroadcastreceiver.CellBroadcastConfigService.setCellBroadcastRange(CellBroadcastConfigService.java:387)
09-08 05:26:23.120  5216  5301 E CellBroadcastConfigService: 	at com.android.cellbroadcastreceiver.CellBroadcastConfigService.setCellBroadcastOnSub(CellBroadcastConfigService.java:217)
09-08 05:26:23.120  5216  5301 E CellBroadcastConfigService: 	at com.android.cellbroadcastreceiver.CellBroadcastConfigService.onHandleIntent(CellBroadcastConfigService.java:112)
09-08 05:26:23.120  5216  5301 E CellBroadcastConfigService: 	at android.app.IntentService$ServiceHandler.handleMessage(IntentService.java:68)
09-08 05:26:23.120  5216  5301 E CellBroadcastConfigService: 	at android.os.Handler.dispatchMessage(Handler.java:102)
09-08 05:26:23.120  5216  5301 E CellBroadcastConfigService: 	at android.os.Looper.loop(Looper.java:154)
09-08 05:26:23.120  5216  5301 E CellBroadcastConfigService: 	at android.os.HandlerThread.run(HandlerThread.java:61)
09-08 05:26:23.393  3589  3589 I GnssLocationProvider: WakeLock acquired by sendMessage(12, 0, null)
09-08 05:26:23.422  3589  3696 I GnssLocationProvider: WakeLock released by handleMessage(12, 0, null)
09-08 05:26:23.434  4948  4948 I Telephony: PstnIncomingCallNotifier: Unregistering: Handler (com.android.internal.telephony.GsmCdmaPhone) {1002449}
09-08 05:26:23.435  4948  4948 W Telephony: TelecomAccountRegistry: Failed to get status , slotId: 0 Exception: java.lang.NullPointerException: Attempt to invoke interface method 'int org.codeaurora.internal.IExtTelephony.getCurrentUiccCardProvisioningStatus(int)' on a null object reference
09-08 05:26:23.437  4948  4948 W Telephony: TelecomAccountRegistry: Failed to get status , slotId: 1 Exception: java.lang.NullPointerException: Attempt to invoke interface method 'int org.codeaurora.internal.IExtTelephony.getCurrentUiccCardProvisioningStatus(int)' on a null object reference
09-08 05:26:23.448  4948  4948 E PhoneInterfaceManager: [PhoneIntfMgr] getIccId: No UICC
09-08 05:26:23.474  3589  4985 I Telecom : PhoneAccountRegistrar: [ComponentInfo{com.android.phone/com.android.services.telephony.TelephonyConnectionService}, [e0184adedf913b076626646d3f52c3b49c39ad6d], UserHandle{0}(icon: Icon(typ=BITMAP size=67x84) -> Icon(typ=BITMAP size=67x84))]: TSI.rPA@ABU
09-08 05:26:23.485  3589  4985 I Telecom : : Sending phone-account registered intent as user: TSI.rPA@ABU
09-08 05:26:23.490  4948  4948 I Telephony: AccountEntry: Registered phoneAccount: [[ ] PhoneAccount: ComponentInfo{com.android.phone/com.android.services.telephony.TelephonyConnectionService}, [e0184adedf913b076626646d3f52c3b49c39ad6d], UserHandle{0} Capabilities: CallProvider MultiUser PlaceEmerg SimSub  Audio Routes: BESW Schemes: tel voicemail  Extras: null GroupId: [da39a3ee5e6b4b0d3255bfef95601890afd80709]] with handle: ComponentInfo{com.android.phone/com.android.services.telephony.TelephonyConnectionService}, [e0184adedf913b076626646d3f52c3b49c39ad6d], UserHandle{0}
09-08 05:26:23.491  4948  4948 I Telephony: PstnIncomingCallNotifier: Registering: Handler (com.android.internal.telephony.GsmCdmaPhone) {1002449}
09-08 05:26:23.513  3589  4947 I Telecom : PhoneAccountRegistrar: getUserSelVoicePhoneAccount, voice subId = -1: TSI.gUSOPA@ABc
09-08 05:26:23.514  3589  4947 I Telecom : PhoneAccountRegistrar: getUserSelVoicePhoneAccount, emergency account : TSI.gUSOPA@ABc
09-08 05:26:23.548  3589  3589 I GnssLocationProvider: WakeLock acquired by sendMessage(12, 0, null)
09-08 05:26:23.557  4948  4948 E PhoneInterfaceManager: [PhoneIntfMgr] getIccId: No UICC
09-08 05:26:23.572  3589  3696 I GnssLocationProvider: WakeLock released by handleMessage(12, 0, null)
