09-16 12:23:47.385  4063  4063 I dex2oat : dex2oat took 76.229ms (threads: 8) arena alloc=0B (0B) java alloc=31KB (32216B) native alloc=1071KB (1096720B) free=1488KB (1524720B)
09-16 12:23:47.388  3586  3586 I PackageManager.DexOptimizer: Running dexopt (dex2oat) on: /system/priv-app/DocumentsUI/DocumentsUI.apk pkg=com.android.documentsui isa=arm64 vmSafeMode=false debuggable=false target-filter=verify-at-runtime oatDir = null sharedLibraries=null
09-16 12:23:47.404  4072  4072 I dex2oat : /system/bin/dex2oat --compiler-filter=verify-at-runtime
09-16 12:23:47.530  4072  4072 I dex2oat : dex2oat took 126.433ms (threads: 8) arena alloc=0B (0B) java alloc=27KB (28240B) native alloc=510KB (523216B) free=2MB (2622512B)
09-16 12:23:47.532  3586  3586 I PackageManager.DexOptimizer: Running dexopt (dex2oat) on: /system/priv-app/ExternalStorageProvider/ExternalStorageProvider.apk pkg=com.android.externalstorage isa=arm64 vmSafeMode=false debuggable=false target-filter=verify-at-runtime oatDir = null sharedLibraries=null
09-16 12:23:47.548  4081  4081 I dex2oat : /system/bin/dex2oat --compiler-filter=verify-at-runtime
09-16 12:23:47.602  3180  3180 D wrapperGPS: wrapperisConnected_RILD
09-16 12:23:47.602  3180  3180 D wrapperGPS: wrapperConnect_RILD
09-16 12:23:47.602  3180  3180 D gpsd    : WakeLock(Release,GPSD)
09-16 12:23:47.611  4081  4081 I dex2oat : dex2oat took 63.666ms (threads: 8) arena alloc=0B (0B) java alloc=27KB (28240B) native alloc=1062KB (1087536B) free=1497KB (1533904B)
09-16 12:23:47.614  3586  3586 I PackageManager.DexOptimizer: Running dexopt (dex2oat) on: /system/app/HTMLViewer/HTMLViewer.apk pkg=com.android.htmlviewer isa=arm64 vmSafeMode=false debuggable=false target-filter=verify-at-runtime oatDir = null sharedLibraries=null
09-16 12:23:47.629  4091  4091 I dex2oat : /system/bin/dex2oat --compiler-filter=verify-at-runtime
09-16 12:23:47.648  4091  4091 I dex2oat : dex2oat took 19.168ms (threads: 8) arena alloc=0B (0B) java alloc=27KB (28240B) native alloc=878KB (899248B) free=1169KB (1197904B)
09-16 12:23:47.650  3586  3586 I PackageManager.DexOptimizer: Running dexopt (dex2oat) on: /system/priv-app/DownloadProvider/DownloadProvider.apk pkg=com.android.providers.downloads isa=arm64 vmSafeMode=false debuggable=false target-filter=verify-at-runtime oatDir = null sharedLibraries=null
09-16 12:23:47.666  4100  4100 I dex2oat : /system/bin/dex2oat --compiler-filter=verify-at-runtime
09-16 12:23:47.705  4100  4100 I dex2oat : dex2oat took 39.697ms (threads: 8) arena alloc=0B (0B) java alloc=31KB (32216B) native alloc=1142KB (1170256B) free=1417KB (1451184B)
09-16 12:23:47.708  3586  3586 I PackageManager.DexOptimizer: Running dexopt (dex2oat) on: /system/app/messaging/messaging.apk pkg=com.android.messaging isa=arm64 vmSafeMode=false debuggable=false target-filter=verify-at-runtime oatDir = null sharedLibraries=null
09-16 12:23:47.724  4109  4109 I dex2oat : /system/bin/dex2oat --compiler-filter=verify-at-runtime
09-16 12:23:47.933  4109  4109 I dex2oat : dex2oat took 209.523ms (threads: 8) arena alloc=0B (0B) java alloc=27KB (28240B) native alloc=860KB (881336B) free=2MB (2919752B)
09-16 12:23:47.936  3586  3586 I PackageManager.DexOptimizer: Running dexopt (dex2oat) on: /system/app/Terminal/Terminal.apk pkg=com.android.terminal isa=arm64 vmSafeMode=false debuggable=false target-filter=verify-at-runtime oatDir = null sharedLibraries=null
09-16 12:23:47.952  4118  4118 I dex2oat : /system/bin/dex2oat --compiler-filter=verify-at-runtime
09-16 12:23:48.071  4118  4118 I dex2oat : dex2oat took 119.125ms (threads: 8) arena alloc=0B (0B) java alloc=27KB (28240B) native alloc=486KB (498512B) free=2MB (2647216B)
09-16 12:23:48.073  3586  3586 I PackageManager.DexOptimizer: Running dexopt (dex2oat) on: /system/priv-app/AudioFX/AudioFX.apk pkg=org.cyanogenmod.audiofx isa=arm64 vmSafeMode=false debuggable=false target-filter=verify-at-runtime oatDir = null sharedLibraries=null
09-16 12:23:48.089  4127  4127 I dex2oat : /system/bin/dex2oat --compiler-filter=verify-at-runtime
09-16 12:23:48.232  4127  4127 I dex2oat : dex2oat took 143.476ms (threads: 8) arena alloc=0B (0B) java alloc=27KB (28240B) native alloc=474KB (485560B) free=2MB (2660168B)
09-16 12:23:48.235  3586  3586 I PackageManager.DexOptimizer: Running dexopt (dex2oat) on: /system/priv-app/LineageSetupWizard/LineageSetupWizard.apk pkg=com.cyanogenmod.setupwizard isa=arm64 vmSafeMode=false debuggable=false target-filter=verify-at-runtime oatDir = null sharedLibraries=null
09-16 12:23:48.250  4136  4136 I dex2oat : /system/bin/dex2oat --compiler-filter=verify-at-runtime
09-16 12:23:48.331  4136  4136 I dex2oat : dex2oat took 81.520ms (threads: 8) arena alloc=0B (0B) java alloc=31KB (32208B) native alloc=1119KB (1146384B) free=1440KB (1475056B)
09-16 12:23:48.333  3586  3586 I PackageManager.DexOptimizer: Running dexopt (dex2oat) on: /system/app/DownloadProviderUi/DownloadProviderUi.apk pkg=com.android.providers.downloads.ui isa=arm64 vmSafeMode=false debuggable=false target-filter=verify-at-runtime oatDir = null sharedLibraries=null
09-16 12:23:48.348  4145  4145 I dex2oat : /system/bin/dex2oat --compiler-filter=verify-at-runtime
09-16 12:23:48.408  4145  4145 I dex2oat : dex2oat took 60.347ms (threads: 8) arena alloc=0B (0B) java alloc=31KB (32208B) native alloc=860KB (881392B) free=1187KB (1215760B)
09-16 12:23:48.411  3586  3586 I PackageManager.DexOptimizer: Running dexopt (dex2oat) on: /system/app/PacProcessor/PacProcessor.apk pkg=com.android.pacprocessor isa=arm64 vmSafeMode=false debuggable=false target-filter=verify-at-runtime oatDir = null sharedLibraries=null
09-16 12:23:48.426  4154  4154 I dex2oat : /system/bin/dex2oat --compiler-filter=verify-at-runtime
09-16 12:23:48.486  4154  4154 I dex2oat : dex2oat took 60.230ms (threads: 8) arena alloc=0B (0B) java alloc=27KB (28240B) native alloc=858KB (878768B) free=1189KB (1218384B)
09-16 12:23:48.488  3586  3586 I PackageManager.DexOptimizer: Running dexopt (dex2oat) on: /system/app/CertInstaller/CertInstaller.apk pkg=com.android.certinstaller isa=arm64 vmSafeMode=false debuggable=false target-filter=verify-at-runtime oatDir = null sharedLibraries=null
09-16 12:23:48.503  4163  4163 I dex2oat : /system/bin/dex2oat --compiler-filter=verify-at-runtime
09-16 12:23:48.574  4163  4163 I dex2oat : dex2oat took 71.821ms (threads: 8) arena alloc=0B (0B) java alloc=31KB (32216B) native alloc=1006KB (1030256B) free=1553KB (1591184B)
09-16 12:23:48.577  3586  3586 I PackageManager.DexOptimizer: Running dexopt (dex2oat) on: /system/priv-app/CarrierConfig/CarrierConfig.apk pkg=com.android.carrierconfig isa=arm64 vmSafeMode=false debuggable=false target-filter=verify-at-runtime oatDir = null sharedLibraries=null
09-16 12:23:48.592  4172  4172 I dex2oat : /system/bin/dex2oat --compiler-filter=verify-at-runtime
09-16 12:23:48.653  4172  4172 I dex2oat : dex2oat took 61.133ms (threads: 8) arena alloc=0B (0B) java alloc=31KB (32216B) native alloc=858KB (878832B) free=1189KB (1218320B)
09-16 12:23:48.656  3586  3586 I PackageManager.DexOptimizer: Running dexopt (dex2oat) on: /system/priv-app/Contacts/Contacts.apk pkg=com.android.contacts isa=arm64 vmSafeMode=false debuggable=false target-filter=verify-at-runtime oatDir = null sharedLibraries=null
09-16 12:23:48.670  4181  4181 I dex2oat : /system/bin/dex2oat --compiler-filter=verify-at-runtime
09-16 12:23:48.770  4181  4181 I dex2oat : dex2oat took 100.263ms (threads: 8) arena alloc=0B (0B) java alloc=27KB (28240B) native alloc=535KB (548072B) free=2MB (2597656B)
09-16 12:23:48.773  3586  3586 I PackageManager.DexOptimizer: Running dexopt (dex2oat) on: /system/app/Camera2/Camera2.apk pkg=com.android.camera2 isa=arm64 vmSafeMode=false debuggable=false target-filter=verify-at-runtime oatDir = null sharedLibraries=null
09-16 12:23:48.787  4190  4190 I dex2oat : /system/bin/dex2oat --compiler-filter=verify-at-runtime
09-16 12:23:48.895  4190  4190 I dex2oat : dex2oat took 107.987ms (threads: 8) arena alloc=0B (0B) java alloc=27KB (28240B) native alloc=422KB (432824B) free=2MB (2712904B)
09-16 12:23:48.898  3586  3586 I PackageManager.DexOptimizer: Running dexopt (dex2oat) on: /system/priv-app/Recorder/Recorder.apk pkg=org.lineageos.recorder isa=arm64 vmSafeMode=false debuggable=false target-filter=verify-at-runtime oatDir = null sharedLibraries=null
09-16 12:23:48.913  4199  4199 I dex2oat : /system/bin/dex2oat --compiler-filter=verify-at-runtime
09-16 12:23:48.981  4199  4199 I dex2oat : dex2oat took 68.655ms (threads: 8) arena alloc=0B (0B) java alloc=27KB (28240B) native alloc=498KB (510672B) free=2MB (2635056B)
09-16 12:23:48.983  3586  3586 I PackageManager.DexOptimizer: Running dexopt (dex2oat) on: /system/app/EasterEgg/EasterEgg.apk pkg=com.android.egg isa=arm64 vmSafeMode=false debuggable=false target-filter=verify-at-runtime oatDir = null sharedLibraries=null
09-16 12:23:48.998  4208  4208 I dex2oat : /system/bin/dex2oat --compiler-filter=verify-at-runtime
09-16 12:23:49.031  4208  4208 I dex2oat : dex2oat took 33.129ms (threads: 8) arena alloc=0B (0B) java alloc=27KB (28240B) native alloc=1099KB (1125840B) free=1460KB (1495600B)
09-16 12:23:49.033  3586  3586 I PackageManager.DexOptimizer: Running dexopt (dex2oat) on: /system/priv-app/MtpDocumentsProvider/MtpDocumentsProvider.apk pkg=com.android.mtp isa=arm64 vmSafeMode=false debuggable=false target-filter=verify-at-runtime oatDir = null sharedLibraries=null
09-16 12:23:49.048  4217  4217 I dex2oat : /system/bin/dex2oat --compiler-filter=verify-at-runtime
09-16 12:23:49.070  4217  4217 I dex2oat : dex2oat took 22.290ms (threads: 8) arena alloc=0B (0B) java alloc=31KB (32208B) native alloc=1022KB (1047056B) free=1537KB (1574384B)
09-16 12:23:49.073  3586  3586 I PackageManager.DexOptimizer: Running dexopt (dex2oat) on: /system/app/NfcNci/NfcNci.apk pkg=com.android.nfc isa=arm64 vmSafeMode=false debuggable=false target-filter=verify-at-runtime oatDir = null sharedLibraries=null
09-16 12:23:49.087  4226  4226 I dex2oat : /system/bin/dex2oat --compiler-filter=verify-at-runtime
09-16 12:23:49.174  4226  4226 I dex2oat : dex2oat took 87.388ms (threads: 8) arena alloc=0B (0B) java alloc=27KB (28240B) native alloc=504KB (517096B) free=2MB (2628632B)
09-16 12:23:49.177  3586  3586 I PackageManager.DexOptimizer: Running dexopt (dex2oat) on: /system/app/Stk/Stk.apk pkg=com.android.stk isa=arm64 vmSafeMode=false debuggable=false target-filter=verify-at-runtime oatDir = null sharedLibraries=null
09-16 12:23:49.192  4235  4235 I dex2oat : /system/bin/dex2oat --compiler-filter=verify-at-runtime
09-16 12:23:49.213  4235  4235 I dex2oat : dex2oat took 21.222ms (threads: 8) arena alloc=0B (0B) java alloc=27KB (28240B) native alloc=1042KB (1067760B) free=1517KB (1553680B)
09-16 12:23:49.215  3586  3586 I PackageManager.DexOptimizer: Running dexopt (dex2oat) on: /system/priv-app/BackupRestoreConfirmation/BackupRestoreConfirmation.apk pkg=com.android.backupconfirm isa=arm64 vmSafeMode=false debuggable=false target-filter=verify-at-runtime oatDir = null sharedLibraries=null
09-16 12:23:49.230  4244  4244 I dex2oat : /system/bin/dex2oat --compiler-filter=verify-at-runtime
09-16 12:23:49.250  4244  4244 I dex2oat : dex2oat took 20.199ms (threads: 8) arena alloc=0B (0B) java alloc=31KB (32240B) native alloc=858KB (878896B) free=1189KB (1218256B)
09-16 12:23:49.252  3586  3586 I PackageManager.DexOptimizer: Running dexopt (dex2oat) on: /system/app/Profiles/Profiles.apk pkg=org.cyanogenmod.profiles isa=arm64 vmSafeMode=false debuggable=false target-filter=verify-at-runtime oatDir = null sharedLibraries=null
09-16 12:23:49.267  4253  4253 I dex2oat : /system/bin/dex2oat --compiler-filter=verify-at-runtime
09-16 12:23:49.292  4253  4253 I dex2oat : dex2oat took 25.498ms (threads: 8) arena alloc=0B (0B) java alloc=27KB (28240B) native alloc=1130KB (1157296B) free=1429KB (1464144B)
09-16 12:23:49.294  3586  3586 I PackageManager.DexOptimizer: Running dexopt (dex2oat) on: /system/app/LockClock/LockClock.apk pkg=com.cyanogenmod.lockclock isa=arm64 vmSafeMode=false debuggable=false target-filter=verify-at-runtime oatDir = null sharedLibraries=null
09-16 12:23:49.309  4262  4262 I dex2oat : /system/bin/dex2oat --compiler-filter=verify-at-runtime
09-16 12:23:49.339  4262  4262 I dex2oat : dex2oat took 30.699ms (threads: 8) arena alloc=0B (0B) java alloc=27KB (28240B) native alloc=1079KB (1105296B) free=1480KB (1516144B)
09-16 12:23:49.342  3586  3586 I PackageManager.DexOptimizer: Running dexopt (dex2oat) on: /system/priv-app/StatementService/StatementService.apk pkg=com.android.statementservice isa=arm64 vmSafeMode=false debuggable=false target-filter=verify-at-runtime oatDir = null sharedLibraries=null
09-16 12:23:49.356  4271  4271 I dex2oat : /system/bin/dex2oat --compiler-filter=verify-at-runtime
09-16 12:23:49.377  4271  4271 I dex2oat : dex2oat took 21.257ms (threads: 8) arena alloc=0B (0B) java alloc=31KB (32216B) native alloc=1092KB (1118672B) free=1467KB (1502768B)
09-16 12:23:49.380  3586  3586 I PackageManager.DexOptimizer: Running dexopt (dex2oat) on: /system/app/AdvancedDisplay/AdvancedDisplay.apk pkg=com.cyanogenmod.settings.device isa=arm64 vmSafeMode=false debuggable=false target-filter=verify-at-runtime oatDir = null sharedLibraries=null
09-16 12:23:49.395  4280  4280 I dex2oat : /system/bin/dex2oat --compiler-filter=verify-at-runtime
09-16 12:23:49.460  4280  4280 I dex2oat : dex2oat took 65.954ms (threads: 8) arena alloc=0B (0B) java alloc=31KB (32216B) native alloc=497KB (509520B) free=2MB (2636208B)
09-16 12:23:49.463  3586  3586 I PackageManager.DexOptimizer: Running dexopt (dex2oat) on: /system/priv-app/CMAudioService/CMAudioService.apk pkg=org.cyanogenmod.cmaudio.service isa=arm64 vmSafeMode=false debuggable=false target-filter=verify-at-runtime oatDir = null sharedLibraries=null
09-16 12:23:49.477  4289  4289 I dex2oat : /system/bin/dex2oat --compiler-filter=verify-at-runtime
09-16 12:23:49.515  4289  4289 I dex2oat : dex2oat took 38.135ms (threads: 8) arena alloc=0B (0B) java alloc=31KB (32216B) native alloc=1141KB (1168976B) free=1418KB (1452464B)
09-16 12:23:49.518  3586  3586 I PackageManager.DexOptimizer: Running dexopt (dex2oat) on: /system/app/Calendar/Calendar.apk pkg=com.android.calendar isa=arm64 vmSafeMode=false debuggable=false target-filter=verify-at-runtime oatDir = null sharedLibraries=null
09-16 12:23:49.532  4298  4298 I dex2oat : /system/bin/dex2oat --compiler-filter=verify-at-runtime
09-16 12:23:49.591  4298  4298 I dex2oat : dex2oat took 58.775ms (threads: 8) arena alloc=0B (0B) java alloc=27KB (28240B) native alloc=566KB (579664B) free=2MB (2566064B)
09-16 12:23:49.593  3586  3586 I PackageManager.DexOptimizer: Running dexopt (dex2oat) on: /system/priv-app/SharedStorageBackup/SharedStorageBackup.apk pkg=com.android.sharedstoragebackup isa=arm64 vmSafeMode=false debuggable=false target-filter=verify-at-runtime oatDir = null sharedLibraries=null
09-16 12:23:49.608  4307  4307 I dex2oat : /system/bin/dex2oat --compiler-filter=verify-at-runtime
09-16 12:23:49.627  4307  4307 I dex2oat : dex2oat took 19.557ms (threads: 8) arena alloc=0B (0B) java alloc=31KB (32208B) native alloc=858KB (878896B) free=1189KB (1218256B)
09-16 12:23:49.630  3586  3586 I PackageManager.DexOptimizer: Running dexopt (dex2oat) on: /system/app/PrintSpooler/PrintSpooler.apk pkg=com.android.printspooler isa=arm64 vmSafeMode=false debuggable=false target-filter=verify-at-runtime oatDir = null sharedLibraries=null
09-16 12:23:49.645  4316  4316 I dex2oat : /system/bin/dex2oat --compiler-filter=verify-at-runtime
09-16 12:23:49.685  4316  4316 I dex2oat : dex2oat took 40.347ms (threads: 8) arena alloc=0B (0B) java alloc=27KB (28240B) native alloc=1138KB (1165392B) free=1421KB (1456048B)
09-16 12:23:49.687  3586  3586 I PackageManager.DexOptimizer: Running dexopt (dex2oat) on: /system/app/BasicDreams/BasicDreams.apk pkg=com.android.dreams.basic isa=arm64 vmSafeMode=false debuggable=false target-filter=verify-at-runtime oatDir = null sharedLibraries=null
09-16 12:23:49.702  4325  4325 I dex2oat : /system/bin/dex2oat --compiler-filter=verify-at-runtime
09-16 12:23:49.721  4325  4325 I dex2oat : dex2oat took 20.020ms (threads: 8) arena alloc=0B (0B) java alloc=27KB (28240B) native alloc=898KB (919728B) free=1149KB (1177424B)
09-16 12:23:49.724  3586  3586 I PackageManager.DexOptimizer: Running dexopt (dex2oat) on: /system/app/webview/webview.apk pkg=com.android.webview isa=arm vmSafeMode=false debuggable=false target-filter=verify-at-runtime oatDir = null sharedLibraries=null
09-16 12:23:49.739  4334  4334 I dex2oat : /system/bin/dex2oat --compiler-filter=verify-at-runtime
09-16 12:23:49.833  4334  4334 I dex2oat : dex2oat took 94.629ms (threads: 8) arena alloc=0B (0B) java alloc=27KB (28240B) native alloc=385KB (395192B) free=2MB (2750536B)
09-16 12:23:49.836  3586  3586 I PackageManager.DexOptimizer: Running dexopt (dex2oat) on: /system/app/webview/webview.apk pkg=com.android.webview isa=arm64 vmSafeMode=false debuggable=false target-filter=verify-at-runtime oatDir = null sharedLibraries=null
09-16 12:23:49.850  4343  4343 I dex2oat : /system/bin/dex2oat --compiler-filter=verify-at-runtime
09-16 12:23:49.947  4343  4343 I dex2oat : dex2oat took 97.177ms (threads: 8) arena alloc=0B (0B) java alloc=27KB (28240B) native alloc=517KB (530296B) free=2MB (2615432B)
09-16 12:23:49.950  3586  3586 I PackageManager.DexOptimizer: Running dexopt (dex2oat) on: /system/priv-app/CellBroadcastReceiver/CellBroadcastReceiver.apk pkg=com.android.cellbroadcastreceiver isa=arm64 vmSafeMode=false debuggable=false target-filter=verify-at-runtime oatDir = null sharedLibraries=null
09-16 12:23:49.965  4352  4352 I dex2oat : /system/bin/dex2oat --compiler-filter=verify-at-runtime
09-16 12:23:49.987  4352  4352 I dex2oat : dex2oat took 23.079ms (threads: 8) arena alloc=0B (0B) java alloc=27KB (28240B) native alloc=1105KB (1132144B) free=1454KB (1489296B)
09-16 12:23:49.990  3586  3586 I PackageManager.DexOptimizer: Running dexopt (dex2oat) on: /system/priv-app/OneTimeInitializer/OneTimeInitializer.apk pkg=com.android.onetimeinitializer isa=arm64 vmSafeMode=false debuggable=false target-filter=verify-at-runtime oatDir = null sharedLibraries=null
09-16 12:23:50.004  4361  4361 I dex2oat : /system/bin/dex2oat --compiler-filter=verify-at-runtime
09-16 12:23:50.024  4361  4361 I dex2oat : dex2oat took 19.793ms (threads: 8) arena alloc=0B (0B) java alloc=31KB (32208B) native alloc=1018KB (1043184B) free=1541KB (1578256B)
09-16 12:23:50.026  3586  3586 I PackageManager.DexOptimizer: Running dexopt (dex2oat) on: /system/priv-app/CMParts/CMParts.apk pkg=org.cyanogenmod.cmparts isa=arm64 vmSafeMode=false debuggable=false target-filter=verify-at-runtime oatDir = null sharedLibraries=null
09-16 12:23:50.041  4370  4370 I dex2oat : /system/bin/dex2oat --compiler-filter=verify-at-runtime
09-16 12:23:50.130  4370  4370 I dex2oat : dex2oat took 89.378ms (threads: 8) arena alloc=0B (0B) java alloc=27KB (28240B) native alloc=525KB (538056B) free=2MB (2607672B)
09-16 12:23:50.133  3586  3586 I PackageManager.DexOptimizer: Running dexopt (dex2oat) on: /system/app/KeyChain/KeyChain.apk pkg=com.android.keychain isa=arm64 vmSafeMode=false debuggable=false target-filter=verify-at-runtime oatDir = null sharedLibraries=null
09-16 12:23:50.147  4379  4379 I dex2oat : /system/bin/dex2oat --compiler-filter=verify-at-runtime
09-16 12:23:50.170  4379  4379 I dex2oat : dex2oat took 23.180ms (threads: 8) arena alloc=0B (0B) java alloc=27KB (28240B) native alloc=1003KB (1027504B) free=1556KB (1593936B)
09-16 12:23:50.173  3586  3586 I PackageManager.DexOptimizer: Running dexopt (dex2oat) on: /system/app/PrintRecommendationService/PrintRecommendationService.apk pkg=com.android.printservice.recommendation isa=arm64 vmSafeMode=false debuggable=false target-filter=verify-at-runtime oatDir = null sharedLibraries=null
09-16 12:23:50.187  4388  4388 I dex2oat : /system/bin/dex2oat --compiler-filter=verify-at-runtime
09-16 12:23:50.207  4388  4388 I dex2oat : dex2oat took 20.438ms (threads: 8) arena alloc=0B (0B) java alloc=31KB (32240B) native alloc=1057KB (1082672B) free=1502KB (1538768B)
09-16 12:23:50.210  3586  3586 I PackageManager.DexOptimizer: Running dexopt (dex2oat) on: /system/priv-app/Gallery2/Gallery2.apk pkg=com.android.gallery3d isa=arm vmSafeMode=false debuggable=false target-filter=verify-at-runtime oatDir = null sharedLibraries=null
09-16 12:23:50.225  4397  4397 I dex2oat : /system/bin/dex2oat --compiler-filter=verify-at-runtime
09-16 12:23:50.361  4397  4397 I dex2oat : dex2oat took 136.354ms (threads: 8) arena alloc=0B (0B) java alloc=27KB (28240B) native alloc=541KB (554520B) free=2MB (2591208B)
09-16 12:23:50.364  3586  3586 I PackageManager.DexOptimizer: Running dexopt (dex2oat) on: /system/priv-app/Trebuchet/Trebuchet.apk pkg=com.cyanogenmod.trebuchet isa=arm64 vmSafeMode=false debuggable=false target-filter=verify-at-runtime oatDir = null sharedLibraries=null
09-16 12:23:50.378  4406  4406 I dex2oat : /system/bin/dex2oat --compiler-filter=verify-at-runtime
09-16 12:23:50.446  4406  4406 I dex2oat : dex2oat took 68.205ms (threads: 8) arena alloc=0B (0B) java alloc=27KB (28240B) native alloc=558KB (571984B) free=2MB (2573744B)
09-16 12:23:50.449  3586  3586 I PackageManager.DexOptimizer: Running dexopt (dex2oat) on: /system/priv-app/CallLogBackup/CallLogBackup.apk pkg=com.android.calllogbackup isa=arm64 vmSafeMode=false debuggable=false target-filter=verify-at-runtime oatDir = null sharedLibraries=null
09-16 12:23:50.463  4415  4415 I dex2oat : /system/bin/dex2oat --compiler-filter=verify-at-runtime
09-16 12:23:50.482  4415  4415 I dex2oat : dex2oat took 18.913ms (threads: 8) arena alloc=0B (0B) java alloc=31KB (32216B) native alloc=878KB (899312B) free=1169KB (1197840B)
09-16 12:23:50.484  3586  3586 I PackageManager.DexOptimizer: Running dexopt (dex2oat) on: /system/app/PicoTts/PicoTts.apk pkg=com.svox.pico isa=arm64 vmSafeMode=false debuggable=false target-filter=verify-at-runtime oatDir = null sharedLibraries=null
09-16 12:23:50.499  4424  4424 I dex2oat : /system/bin/dex2oat --compiler-filter=verify-at-runtime
09-16 12:23:50.517  4424  4424 I dex2oat : dex2oat took 18.676ms (threads: 8) arena alloc=0B (0B) java alloc=27KB (28240B) native alloc=880KB (901808B) free=1167KB (1195344B)
09-16 12:23:50.519  3586  3586 I PackageManager.DexOptimizer: Running dexopt (dex2oat) on: /system/app/Jelly/Jelly.apk pkg=org.lineageos.jelly isa=arm64 vmSafeMode=false debuggable=false target-filter=verify-at-runtime oatDir = null sharedLibraries=null
09-16 12:23:50.534  4433  4433 I dex2oat : /system/bin/dex2oat --compiler-filter=verify-at-runtime
09-16 12:23:50.602  4433  4433 I dex2oat : dex2oat took 68.104ms (threads: 8) arena alloc=0B (0B) java alloc=27KB (28240B) native alloc=501KB (513040B) free=2MB (2632688B)
09-16 12:23:50.604  3586  3586 I PackageManager.DexOptimizer: Running dexopt (dex2oat) on: /system/priv-app/ManagedProvisioning/ManagedProvisioning.apk pkg=com.android.managedprovisioning isa=arm64 vmSafeMode=false debuggable=false target-filter=verify-at-runtime oatDir = null sharedLibraries=null
09-16 12:23:50.619  4442  4442 I dex2oat : /system/bin/dex2oat --compiler-filter=verify-at-runtime
09-16 12:23:50.650  4442  4442 I dex2oat : dex2oat took 30.955ms (threads: 8) arena alloc=0B (0B) java alloc=31KB (32208B) native alloc=1078KB (1104848B) free=1481KB (1516592B)
09-16 12:23:50.652  3586  3586 I PackageManager.DexOptimizer: Running dexopt (dex2oat) on: /system/app/PhotoTable/PhotoTable.apk pkg=com.android.dreams.phototable isa=arm64 vmSafeMode=false debuggable=false target-filter=verify-at-runtime oatDir = null sharedLibraries=null
09-16 12:23:50.667  4451  4451 I dex2oat : /system/bin/dex2oat --compiler-filter=verify-at-runtime
09-16 12:23:50.688  4451  4451 I dex2oat : dex2oat took 21.537ms (threads: 8) arena alloc=0B (0B) java alloc=27KB (28240B) native alloc=1052KB (1077424B) free=1507KB (1544016B)
09-16 12:23:50.691  3586  3586 I PackageManager.DexOptimizer: Running dexopt (dex2oat) on: /system/app/WAPPushManager/WAPPushManager.apk pkg=com.android.smspush isa=arm64 vmSafeMode=false debuggable=false target-filter=verify-at-runtime oatDir = null sharedLibraries=null
09-16 12:23:50.706  4460  4460 I dex2oat : /system/bin/dex2oat --compiler-filter=verify-at-runtime
09-16 12:23:50.726  4460  4460 I dex2oat : dex2oat took 20.594ms (threads: 8) arena alloc=0B (0B) java alloc=31KB (32216B) native alloc=1030KB (1055472B) free=1529KB (1565968B)
09-16 12:23:50.729  3586  3586 I PackageManager.DexOptimizer: Running dexopt (dex2oat) on: /system/app/LiveWallpapersPicker/LiveWallpapersPicker.apk pkg=com.android.wallpaper.livepicker isa=arm64 vmSafeMode=false debuggable=false target-filter=verify-at-runtime oatDir = null sharedLibraries=null
09-16 12:23:50.744  4469  4469 I dex2oat : /system/bin/dex2oat --compiler-filter=verify-at-runtime
09-16 12:23:50.803  4469  4469 I dex2oat : dex2oat took 59.983ms (threads: 8) arena alloc=0B (0B) java alloc=31KB (32208B) native alloc=521KB (534096B) free=2MB (2611632B)
09-16 12:23:50.806  3586  3586 I PackageManager.DexOptimizer: Running dexopt (dex2oat) on: /system/priv-app/Tag/Tag.apk pkg=com.android.apps.tag isa=arm64 vmSafeMode=false debuggable=false target-filter=verify-at-runtime oatDir = null sharedLibraries=null
09-16 12:23:50.821  4478  4478 I dex2oat : /system/bin/dex2oat --compiler-filter=verify-at-runtime
09-16 12:23:50.855  4478  4478 I dex2oat : dex2oat took 34.961ms (threads: 8) arena alloc=0B (0B) java alloc=27KB (28240B) native alloc=1141KB (1168720B) free=1418KB (1452720B)
09-16 12:23:50.858  3586  3586 I PackageManager.DexOptimizer: Running dexopt (dex2oat) on: /system/priv-app/StorageManager/StorageManager.apk pkg=com.android.storagemanager isa=arm64 vmSafeMode=false debuggable=false target-filter=verify-at-runtime oatDir = null sharedLibraries=null
09-16 12:23:50.873  4488  4488 I dex2oat : /system/bin/dex2oat --compiler-filter=verify-at-runtime
09-16 12:23:50.946  4488  4488 I dex2oat : dex2oat took 72.736ms (threads: 8) arena alloc=0B (0B) java alloc=31KB (32216B) native alloc=500KB (512848B) free=2MB (2632880B)
09-16 12:23:50.948  3586  3586 I PackageManager.DexOptimizer: Running dexopt (dex2oat) on: /system/app/BookmarkProvider/BookmarkProvider.apk pkg=com.android.bookmarkprovider isa=arm64 vmSafeMode=false debuggable=false target-filter=verify-at-runtime oatDir = null sharedLibraries=null
09-16 12:23:50.963  4497  4497 I dex2oat : /system/bin/dex2oat --compiler-filter=verify-at-runtime
09-16 12:23:50.981  4497  4497 I dex2oat : dex2oat took 18.650ms (threads: 8) arena alloc=0B (0B) java alloc=31KB (32216B) native alloc=878KB (899312B) free=1169KB (1197840B)
09-16 12:23:50.984  3586  3586 I PackageManager.DexOptimizer: Running dexopt (dex2oat) on: /system/priv-app/Eleven/Eleven.apk pkg=com.cyanogenmod.eleven isa=arm64 vmSafeMode=false debuggable=false target-filter=verify-at-runtime oatDir = null sharedLibraries=null
09-16 12:23:50.998  4506  4506 I dex2oat : /system/bin/dex2oat --compiler-filter=verify-at-runtime
09-16 12:23:51.204  4506  4506 I dex2oat : dex2oat took 206.266ms (threads: 8) arena alloc=0B (0B) java alloc=27KB (28240B) native alloc=806KB (825736B) free=2MB (2451064B)
09-16 12:23:51.207  3586  3586 I PackageManager.DexOptimizer: Running dexopt (dex2oat) on: /system/app/ExactCalculator/ExactCalculator.apk pkg=com.android.calculator2 isa=arm64 vmSafeMode=false debuggable=false target-filter=verify-at-runtime oatDir = null sharedLibraries=null
09-16 12:23:51.222  4515  4515 I dex2oat : /system/bin/dex2oat --compiler-filter=verify-at-runtime
09-16 12:23:51.299  4515  4515 I dex2oat : dex2oat took 77.248ms (threads: 8) arena alloc=0B (0B) java alloc=31KB (32216B) native alloc=1107KB (1133712B) free=1452KB (1487728B)
09-16 12:23:51.302  3586  3586 I PackageManager.DexOptimizer: Running dexopt (dex2oat) on: /system/priv-app/Updater/Updater.apk pkg=org.lineageos.updater isa=arm64 vmSafeMode=false debuggable=false target-filter=verify-at-runtime oatDir = null sharedLibraries=null
09-16 12:23:51.316  4524  4524 I dex2oat : /system/bin/dex2oat --compiler-filter=verify-at-runtime
09-16 12:23:51.450  4524  4524 I dex2oat : dex2oat took 134.137ms (threads: 8) arena alloc=0B (0B) java alloc=27KB (28240B) native alloc=534KB (546952B) free=2MB (2598776B)
09-16 12:23:51.453  3586  3586 I PackageManager.DexOptimizer: Running dexopt (dex2oat) on: /system/priv-app/VpnDialogs/VpnDialogs.apk pkg=com.android.vpndialogs isa=arm64 vmSafeMode=false debuggable=false target-filter=verify-at-runtime oatDir = null sharedLibraries=null
09-16 12:23:51.467  4533  4533 I dex2oat : /system/bin/dex2oat --compiler-filter=verify-at-runtime
09-16 12:23:51.529  4533  4533 I dex2oat : dex2oat took 61.705ms (threads: 8) arena alloc=0B (0B) java alloc=27KB (28240B) native alloc=858KB (878768B) free=1189KB (1218384B)
09-16 12:23:51.531  3586  3586 I PackageManager.DexOptimizer: Running dexopt (dex2oat) on: /system/app/Email/Email.apk pkg=com.android.email isa=arm64 vmSafeMode=false debuggable=false target-filter=verify-at-runtime oatDir = null sharedLibraries=null
09-16 12:23:51.546  4542  4542 I dex2oat : /system/bin/dex2oat --compiler-filter=verify-at-runtime
09-16 12:23:51.766  4542  4542 I dex2oat : dex2oat took 220.040ms (threads: 8) arena alloc=0B (0B) java alloc=27KB (28240B) native alloc=637KB (653240B) free=2MB (3016776B)
09-16 12:23:51.769  3586  3586 I PackageManager.DexOptimizer: Running dexopt (dex2oat) on: /system/app/WallpaperBackup/WallpaperBackup.apk pkg=com.android.wallpaperbackup isa=arm64 vmSafeMode=false debuggable=false target-filter=verify-at-runtime oatDir = null sharedLibraries=null
09-16 12:23:51.784  4551  4551 I dex2oat : /system/bin/dex2oat --compiler-filter=verify-at-runtime
09-16 12:23:51.846  4551  4551 I dex2oat : dex2oat took 63.024ms (threads: 8) arena alloc=0B (0B) java alloc=31KB (32216B) native alloc=861KB (881904B) free=1186KB (1215248B)
09-16 12:23:51.849  3586  3586 I PackageManager.DexOptimizer: Running dexopt (dex2oat) on: /system/priv-app/BlockedNumberProvider/BlockedNumberProvider.apk pkg=com.android.providers.blockednumber isa=arm64 vmSafeMode=false debuggable=false target-filter=verify-at-runtime oatDir = null sharedLibraries=null
09-16 12:23:51.864  4560  4560 I dex2oat : /system/bin/dex2oat --compiler-filter=verify-at-runtime
09-16 12:23:51.942  4560  4560 I dex2oat : dex2oat took 79.253ms (threads: 8) arena alloc=0B (0B) java alloc=27KB (28240B) native alloc=1094KB (1121104B) free=1465KB (1500336B)
09-16 12:23:51.945  3586  3586 I PackageManager.DexOptimizer: Running dexopt (dex2oat) on: /system/app/UserDictionaryProvider/UserDictionaryProvider.apk pkg=com.android.providers.userdictionary isa=arm64 vmSafeMode=false debuggable=false target-filter=verify-at-runtime oatDir = null sharedLibraries=null
09-16 12:23:51.960  4569  4569 I dex2oat : /system/bin/dex2oat --compiler-filter=verify-at-runtime
09-16 12:23:52.025  4569  4569 I dex2oat : dex2oat took 64.838ms (threads: 8) arena alloc=0B (0B) java alloc=27KB (28240B) native alloc=886KB (907568B) free=1161KB (1189584B)
09-16 12:23:52.027  3586  3586 I PackageManager.DexOptimizer: Running dexopt (dex2oat) on: /system/priv-app/EmergencyInfo/EmergencyInfo.apk pkg=com.android.emergency isa=arm64 vmSafeMode=false debuggable=false target-filter=verify-at-runtime oatDir = null sharedLibraries=null
09-16 12:23:52.042  4578  4578 I dex2oat : /system/bin/dex2oat --compiler-filter=verify-at-runtime
09-16 12:23:52.143  4578  4578 I dex2oat : dex2oat took 101.605ms (threads: 8) arena alloc=0B (0B) java alloc=31KB (32216B) native alloc=684KB (700624B) free=2MB (2445104B)
09-16 12:23:52.146  3586  3586 I PackageManager.DexOptimizer: Running dexopt (dex2oat) on: /system/app/DeskClock/DeskClock.apk pkg=com.android.deskclock isa=arm64 vmSafeMode=false debuggable=false target-filter=verify-at-runtime oatDir = null sharedLibraries=null
09-16 12:23:52.161  4587  4587 I dex2oat : /system/bin/dex2oat --compiler-filter=verify-at-runtime
09-16 12:23:52.297  4587  4587 I dex2oat : dex2oat took 136.364ms (threads: 8) arena alloc=0B (0B) java alloc=27KB (28240B) native alloc=438KB (449368B) free=2MB (2696360B)
09-16 12:23:52.300  3586  3586 I PackageManager.DexOptimizer: Running dexopt (dex2oat) on: /system/app/Exchange2/Exchange2.apk pkg=com.android.exchange isa=arm64 vmSafeMode=false debuggable=false target-filter=verify-at-runtime oatDir = null sharedLibraries=null
09-16 12:23:52.314  4596  4596 I dex2oat : /system/bin/dex2oat --compiler-filter=verify-at-runtime
09-16 12:23:52.494  4596  4596 I dex2oat : dex2oat took 180.220ms (threads: 8) arena alloc=0B (0B) java alloc=27KB (28240B) native alloc=559KB (572968B) free=2MB (2572760B)
09-16 12:23:52.497  3586  3586 I PackageManager.DexOptimizer: Running dexopt (dex2oat) on: /system/app/BluetoothMidiService/BluetoothMidiService.apk pkg=com.android.bluetoothmidiservice isa=arm64 vmSafeMode=false debuggable=false target-filter=verify-at-runtime oatDir = null sharedLibraries=null
09-16 12:23:52.512  4605  4605 I dex2oat : /system/bin/dex2oat --compiler-filter=verify-at-runtime
09-16 12:23:52.575  4605  4605 I dex2oat : dex2oat took 62.811ms (threads: 8) arena alloc=0B (0B) java alloc=31KB (32208B) native alloc=858KB (879088B) free=1189KB (1218064B)
09-16 12:23:52.577  3586  3586 I PackageManager.DexOptimizer: Running dexopt (dex2oat) on: /system/app/Bluetooth/Bluetooth.apk pkg=com.android.bluetooth isa=arm vmSafeMode=false debuggable=false target-filter=verify-at-runtime oatDir = null sharedLibraries=/system/framework/javax.obex.jar
09-16 12:23:52.592  4614  4614 I dex2oat : /system/bin/dex2oat --compiler-filter=verify-at-runtime
09-16 12:23:52.873  4614  4614 I dex2oat : dex2oat took 281.391ms (threads: 8) arena alloc=0B (0B) java alloc=31KB (32240B) native alloc=694KB (711464B) free=2MB (2958552B)
09-16 12:23:52.876  3586  3586 I PackageManager.DexOptimizer: Running dexopt (dex2oat) on: /system/app/Development/Development.apk pkg=com.android.development isa=arm64 vmSafeMode=false debuggable=false target-filter=verify-at-runtime oatDir = null sharedLibraries=/system/framework/android.test.runner.jar
09-16 12:23:52.892  4623  4623 I dex2oat : /system/bin/dex2oat --compiler-filter=verify-at-runtime
09-16 12:23:52.959  4623  4623 I dex2oat : dex2oat took 68.217ms (threads: 8) arena alloc=0B (0B) java alloc=31KB (32192B) native alloc=1072KB (1098128B) free=1487KB (1523312B)
09-16 12:23:52.962  3586  3586 I PackageManager.DexOptimizer: Running dexopt (dex2oat) on: /system/app/WallpaperPicker/WallpaperPicker.apk pkg=com.android.wallpaperpicker isa=arm64 vmSafeMode=false debuggable=false target-filter=verify-at-runtime oatDir = null sharedLibraries=null
09-16 12:23:52.977  4632  4632 I dex2oat : /system/bin/dex2oat --compiler-filter=verify-at-runtime
09-16 12:23:53.043  4632  4632 I dex2oat : dex2oat took 66.904ms (threads: 8) arena alloc=0B (0B) java alloc=31KB (32216B) native alloc=1074KB (1099792B) free=1485KB (1521648B)
09-16 12:23:53.046  3586  3586 I PackageManager.DexOptimizer: Running dexopt (dex2oat) on: /system/priv-app/ContactsProvider/ContactsProvider.apk pkg=com.android.providers.contacts isa=arm64 vmSafeMode=false debuggable=false target-filter=verify-at-runtime oatDir = null sharedLibraries=null
09-16 12:23:53.061  4641  4641 I dex2oat : /system/bin/dex2oat --compiler-filter=verify-at-runtime
09-16 12:23:53.157  4641  4641 I dex2oat : dex2oat took 96.408ms (threads: 8) arena alloc=0B (0B) java alloc=31KB (32216B) native alloc=1133KB (1160656B) free=1938KB (1985072B)
09-16 12:23:53.159  3586  3586 I PackageManager.DexOptimizer: Running dexopt (dex2oat) on: /system/app/CaptivePortalLogin/CaptivePortalLogin.apk pkg=com.android.captiveportallogin isa=arm64 vmSafeMode=false debuggable=false target-filter=verify-at-runtime oatDir = null sharedLibraries=null
09-16 12:23:53.174  4650  4650 I dex2oat : /system/bin/dex2oat --compiler-filter=verify-at-runtime
09-16 12:23:53.235  4650  4650 I dex2oat : dex2oat took 61.572ms (threads: 8) arena alloc=0B (0B) java alloc=31KB (32208B) native alloc=858KB (878832B) free=1189KB (1218320B)
09-16 12:23:53.238  3586  3586 I PackageManager.DexOptimizer: Running dexopt (dex2oat) on: /system/priv-app/WeatherProvider/WeatherProvider.apk pkg=org.cyanogenmod.weather.provider isa=arm64 vmSafeMode=false debuggable=false target-filter=verify-at-runtime oatDir = null sharedLibraries=null
09-16 12:23:53.252  4659  4659 I dex2oat : /system/bin/dex2oat --compiler-filter=verify-at-runtime
09-16 12:23:53.316  4659  4659 I dex2oat : dex2oat took 63.797ms (threads: 8) arena alloc=0B (0B) java alloc=31KB (32216B) native alloc=1070KB (1095920B) free=1489KB (1525520B)
09-16 12:23:53.319  3586  3586 W PackageManager: No disk maintenance in 1505564633319; running immediately
09-16 12:23:53.319  3586  3586 I SystemServer: StartLockSettingsService
09-16 12:23:53.320  3586  4033 I MountService: Running fstrim idle maintenance
09-16 12:23:53.320  3586  3586 I SystemServiceManager: Starting com.android.server.LockSettingsService$Lifecycle
09-16 12:23:53.320  3586  4033 D VoldConnector: SND -> {3 fstrim dotrim}
09-16 12:23:53.321  3586  4034 D VoldConnector: RCV <- {200 3 Command succeeded}
09-16 12:23:53.321  3079  4668 D vold    : Starting trim of /cache
09-16 12:23:53.333  3586  3586 I SystemServiceManager: Starting com.android.server.DeviceIdleController
09-16 12:23:53.336  3586  3586 I SystemServiceManager: Starting com.android.server.devicepolicy.DevicePolicyManagerService$Lifecycle
09-16 12:23:53.340  3586  3586 I SystemServer: StartStatusBarManagerService
09-16 12:23:53.342  3586  3586 I SystemServer: StartClipboardService
09-16 12:23:53.343  3586  3586 I SystemServer: StartNetworkManagementService
09-16 12:23:53.345  3586  4669 I NetworkManagement: onDaemonConnected()
09-16 12:23:53.347  3586  3586 I SystemServiceManager: Starting com.android.server.TextServicesManagerService$Lifecycle
09-16 12:23:53.354  3586  3586 I SystemServer: StartNetworkScoreService
09-16 12:23:53.355  3079  4668 I vold    : Trimmed 507375616 bytes on /cache in 33ms
09-16 12:23:53.355  3079  4668 D vold    : Starting trim of /data
09-16 12:23:53.355  3586  4034 D VoldConnector: RCV <- {662 /cache 507375616 33541000}
09-16 12:23:53.355  3586  3586 I SystemServer: StartNetworkStatsService
09-16 12:23:53.360  3586  3586 I SystemServer: StartNetworkPolicyManagerService
09-16 12:23:53.363  3586  3586 I SystemServer: No Wi-Fi NAN Service (NAN support Not Present)
09-16 12:23:53.363  3586  3586 I SystemServiceManager: Starting com.android.server.wifi.p2p.WifiP2pService
09-16 12:23:53.393  3586  3586 I WifiP2pService: Registering wifip2p
09-16 12:23:53.394  3586  3586 I SystemServiceManager: Starting com.android.server.wifi.WifiService
09-16 12:23:53.444  3586  3586 D WifiStateMachine: fst disabled
09-16 12:23:53.452  3586  3586 D HS20    : Passpoint is enabled, false
09-16 12:23:53.478  3194  3532 D CommandListener: Clearing all IP addresses on wlan0
09-16 12:23:53.679  3586  3586 E WifiLogger: no ring buffers found
09-16 12:23:53.679  3586  3586 E WifiLogger: Failed to start packet fate monitoring
09-16 12:23:53.680  3586  4675 D WifiApConfigStore: 2G band allowed channels are:1,6,11
09-16 12:23:53.683  3586  4675 E WifiApConfigStore: Error reading hotspot configuration java.io.FileNotFoundException: /data/misc/wifi/softap.conf (No such file or directory)
09-16 12:23:53.683  3586  4675 D WifiApConfigStore: Fallback to use default AP configuration
09-16 12:23:53.686  3586  3586 D WifiController: isAirplaneModeOn = false, isWifiEnabled = true, isScanningAvailable = false
09-16 12:23:53.690  3586  3586 E WifiService: ensureConcurrencyFile template file doesnt existjava.io.FileNotFoundException: /etc/wifi/wifi_concurrency_cfg.txt (No such file or directory)
09-16 12:23:53.690  3586  3586 I WifiService: Registering wifi
09-16 12:23:53.692  3586  3586 I SystemServiceManager: Starting com.android.server.wifi.scanner.WifiScanningService
09-16 12:23:53.692  3586  3586 I WifiScanningService: Creating wifiscanner
09-16 12:23:53.694  3586  3586 I WifiScanningService: Publishing wifiscanner
09-16 12:23:53.695  3586  3586 I SystemServiceManager: Starting com.android.server.wifi.RttService
09-16 12:23:53.695  3586  3586 I RttService: Creating rttmanager
09-16 12:23:53.696  3586  3586 I RttService: Starting rttmanager
09-16 12:23:53.697  3586  3586 I SystemServiceManager: Starting com.android.server.ethernet.EthernetService
09-16 12:23:53.697  3586  3586 I EthernetServiceImpl: Creating EthernetConfigStore
09-16 12:23:53.697  3586  3586 E IpConfigStore: Error parsing configuration: java.io.FileNotFoundException: /data/misc/ethernet/ipconfig.txt (No such file or directory)
09-16 12:23:53.697  3586  3586 W EthernetConfigStore: No Ethernet configuration found. Using default.
09-16 12:23:53.697  3586  3586 I EthernetServiceImpl: Read stored IP configuration: IP assignment: DHCP
09-16 12:23:53.697  3586  3586 I EthernetServiceImpl: Proxy settings: NONE
09-16 12:23:53.698  3586  3586 I EthernetService: Registering service ethernet
09-16 12:23:53.698  3586  3586 I SystemServer: StartConnectivityService
09-16 12:23:53.709  3586  3586 D ConnectivityService: ConnectivityService starting up
09-16 12:23:53.714  3586  3586 D ConnectivityService: wifiOnly=false
09-16 12:23:53.731  3586  3586 I SystemServer: StartNsdService
09-16 12:23:53.734  3586  3586 I SystemServer: StartUpdateLockService
09-16 12:23:53.735  3586  3586 I SystemServiceManager: Starting com.android.server.RecoverySystemService
09-16 12:23:53.736  3586  3586 I SystemServiceManager: Starting com.android.server.notification.NotificationManagerService
09-16 12:23:53.749  3586  3586 D ConditionProviders.SCP: new ScheduleConditionProvider()
09-16 12:23:53.776  3586  3586 D ZenLog  : set_zen_mode: off,init
09-16 12:23:53.789  3586  3586 I SystemServiceManager: Starting com.android.server.storage.DeviceStorageMonitorService
09-16 12:23:53.792  3586  3586 I SystemServer: StartLocationManagerService
09-16 12:23:53.794  3586  3586 I SystemServer: StartCountryDetectorService
09-16 12:23:53.795  3586  3586 I SystemServer: StartSearchManagerService
09-16 12:23:53.795  3586  3586 I SystemServiceManager: Starting com.android.server.search.SearchManagerService$Lifecycle
09-16 12:23:53.798  3586  3586 I SystemServiceManager: Starting com.android.server.DropBoxManagerService
09-16 12:23:53.799  3586  3586 I SystemServer: StartWallpaperManagerService
09-16 12:23:53.799  3586  3586 I SystemServiceManager: Starting com.android.server.wallpaper.WallpaperManagerService$Lifecycle
09-16 12:23:53.802  3586  3586 E BitmapFactory: Unable to decode stream: java.io.FileNotFoundException: /data/system/users/0/wallpaper_orig (No such file or directory)
09-16 12:23:53.802  3586  3586 E WallpaperManagerService: Invalid wallpaper data
09-16 12:23:53.802  3586  3586 E WallpaperManagerService: Unable to apply new wallpaper
09-16 12:23:53.802  3586  3586 W WallpaperManagerService: no current wallpaper -- first boot?
09-16 12:23:53.803  3586  3586 I SystemServer: StartAudioService
09-16 12:23:53.803  3586  3586 I SystemServiceManager: Starting com.android.server.audio.AudioService$Lifecycle
09-16 12:23:53.807  3183  3383 D PermissionCache: checking android.permission.MODIFY_AUDIO_SETTINGS for uid=1000 => granted (569 us)
09-16 12:23:53.808  3586  3586 W TelecomManager: Telecom Service not found.
09-16 12:23:53.813  3183  3372 W AudioFlinger: no wake lock to update, system not ready yet
09-16 12:23:53.813  3183  3377 W AudioFlinger: no wake lock to update, system not ready yet
09-16 12:23:53.848  3586  3586 I SystemServiceManager: Starting com.android.server.DockObserver
09-16 12:23:53.850  3586  3586 I SystemServer: StartWiredAccessoryManager
09-16 12:23:53.851  3586  3586 W WiredAccessoryManager: This kernel does not have usb audio support
09-16 12:23:53.852  3586  3586 I SystemServiceManager: Starting com.android.server.usb.UsbService$Lifecycle
09-16 12:23:53.855  3586  3586 E UsbDeviceManager: failed to write to /sys/class/android_usb/android0/f_rndis/ethaddr
