11-10 13:32:28.268  4445  4445 W dex2oat : Before Android 4.1, method int android.support.v7.widget.ListViewCompat.lookForSelectablePosition(int, boolean) would have incorrectly overridden the package-private method in android.widget.ListView
11-10 13:32:28.547  4445  4445 I dex2oat : dex2oat took 488.934ms (threads: 8) arena alloc=19KB (20352B) java alloc=3MB (3429984B) native alloc=3MB (3407264B) free=3MB (3408480B)
11-10 13:32:28.551  3648  3648 I PackageManager.DexOptimizer: Running dexopt (dex2oat) on: /system/app/KeyChain/KeyChain.apk pkg=com.android.keychain isa=arm64 vmSafeMode=false debuggable=false target-filter=interpret-only oatDir = null sharedLibraries=null
11-10 13:32:28.585  4454  4454 I dex2oat : /system/bin/dex2oat --compiler-filter=interpret-only
11-10 13:32:28.693  4454  4454 I dex2oat : dex2oat took 109.668ms (threads: 8) arena alloc=13KB (14272B) java alloc=207KB (211992B) native alloc=1173KB (1201328B) free=3MB (3517264B)
11-10 13:32:28.699  3648  3648 I PackageManager.DexOptimizer: Running dexopt (dex2oat) on: /system/app/PrintRecommendationService/PrintRecommendationService.apk pkg=com.android.printservice.recommendation isa=arm64 vmSafeMode=false debuggable=false target-filter=interpret-only oatDir = null sharedLibraries=null
11-10 13:32:28.736  4463  4463 I dex2oat : /system/bin/dex2oat --compiler-filter=interpret-only
11-10 13:32:28.843  4463  4463 I dex2oat : dex2oat took 107.585ms (threads: 8) arena alloc=18KB (18960B) java alloc=231KB (237504B) native alloc=1243KB (1273640B) free=3MB (3444952B)
11-10 13:32:28.850  3648  3648 I PackageManager.DexOptimizer: Running dexopt (dex2oat) on: /system/priv-app/Gallery2/Gallery2.apk pkg=com.android.gallery3d isa=arm vmSafeMode=false debuggable=false target-filter=interpret-only oatDir = null sharedLibraries=null
11-10 13:32:28.887  4472  4472 I dex2oat : /system/bin/dex2oat --compiler-filter=interpret-only
11-10 13:32:29.085  4472  4474 W dex2oat : Before Android 4.1, method android.graphics.PorterDuffColorFilter android.support.graphics.drawable.VectorDrawableCompat.updateTintFilter(android.graphics.PorterDuffColorFilter, android.content.res.ColorStateList, android.graphics.PorterDuff$Mode) would have incorrectly overridden the package-private method in android.graphics.drawable.Drawable
11-10 13:32:29.523  4472  4472 I dex2oat : dex2oat took 636.888ms (threads: 8) arena alloc=8KB (9184B) java alloc=3MB (3655680B) native alloc=5MB (5682992B) free=3MB (3229904B)
11-10 13:32:29.529  3648  3648 I PackageManager.DexOptimizer: Running dexopt (dex2oat) on: /system/priv-app/Trebuchet/Trebuchet.apk pkg=com.cyanogenmod.trebuchet isa=arm64 vmSafeMode=false debuggable=false target-filter=interpret-only oatDir = null sharedLibraries=null
11-10 13:32:29.583  4481  4481 I dex2oat : /system/bin/dex2oat --compiler-filter=interpret-only
11-10 13:32:29.957  4481  4481 I dex2oat : dex2oat took 374.478ms (threads: 8) arena alloc=57KB (58584B) java alloc=2MB (2253328B) native alloc=2MB (2624128B) free=2MB (2618752B)
11-10 13:32:29.961  3648  3648 I PackageManager.DexOptimizer: Running dexopt (dex2oat) on: /system/priv-app/CallLogBackup/CallLogBackup.apk pkg=com.android.calllogbackup isa=arm64 vmSafeMode=false debuggable=false target-filter=interpret-only oatDir = null sharedLibraries=null
11-10 13:32:30.003  4490  4490 I dex2oat : /system/bin/dex2oat --compiler-filter=interpret-only
11-10 13:32:30.085  4490  4490 I dex2oat : dex2oat took 83.067ms (threads: 8) arena alloc=8KB (8512B) java alloc=83KB (85352B) native alloc=1031KB (1055808B) free=1528KB (1565632B)
11-10 13:32:30.091  3648  3648 I PackageManager.DexOptimizer: Running dexopt (dex2oat) on: /system/app/PicoTts/PicoTts.apk pkg=com.svox.pico isa=arm vmSafeMode=false debuggable=false target-filter=interpret-only oatDir = null sharedLibraries=null
11-10 13:32:30.143  4499  4499 I dex2oat : /system/bin/dex2oat --compiler-filter=interpret-only
11-10 13:32:30.243  4499  4499 I dex2oat : dex2oat took 100.799ms (threads: 8) arena alloc=20KB (21304B) java alloc=216KB (221576B) native alloc=1070KB (1095968B) free=4MB (4671200B)
11-10 13:32:30.250  3648  3648 I PackageManager.DexOptimizer: Running dexopt (dex2oat) on: /system/app/Jelly/Jelly.apk pkg=org.lineageos.jelly isa=arm64 vmSafeMode=false debuggable=false target-filter=interpret-only oatDir = null sharedLibraries=null
11-10 13:32:30.295  4508  4508 I dex2oat : /system/bin/dex2oat --compiler-filter=interpret-only
11-10 13:32:30.444  4508  4508 W dex2oat : Before Android 4.1, method android.graphics.PorterDuffColorFilter android.support.graphics.drawable.VectorDrawableCompat.updateTintFilter(android.graphics.PorterDuffColorFilter, android.content.res.ColorStateList, android.graphics.PorterDuff$Mode) would have incorrectly overridden the package-private method in android.graphics.drawable.Drawable
11-10 13:32:30.499  4508  4516 W dex2oat : Before Android 4.1, method int android.support.v7.widget.ListViewCompat.lookForSelectablePosition(int, boolean) would have incorrectly overridden the package-private method in android.widget.ListView
11-10 13:32:30.702  4508  4508 I dex2oat : dex2oat took 407.560ms (threads: 8) arena alloc=14KB (14608B) java alloc=2MB (2832432B) native alloc=2MB (2857912B) free=2MB (2909256B)
11-10 13:32:30.706  3648  3648 I PackageManager.DexOptimizer: Running dexopt (dex2oat) on: /system/priv-app/ManagedProvisioning/ManagedProvisioning.apk pkg=com.android.managedprovisioning isa=arm64 vmSafeMode=false debuggable=false target-filter=interpret-only oatDir = null sharedLibraries=null
11-10 13:32:30.726  4517  4517 I         : sMaxFastTracks = 8
11-10 13:32:30.727  4517  4517 I audioserver: ServiceManager: 0xf6a19440
11-10 13:32:30.727  4517  4517 I AudioFlinger: Using default 3000 mSec as standby time.
11-10 13:32:30.728  4517  4517 I AudioPolicyService: AudioPolicyService CSTOR in new mode
11-10 13:32:30.728  4517  4517 I APM::ConfigParsingUtils: loadAudioPolicyConfig() loaded /vendor/etc/audio_policy.conf
11-10 13:32:30.731  4517  4517 D audio_hw_primary: voice_init: Successed to open SMI RIL Client Interface!
11-10 13:32:30.731  4517  4517 D audio_hw_primary: device-adev_open: Successed to init Voice Manager!
11-10 13:32:30.745  4518  4518 I dex2oat : /system/bin/dex2oat --compiler-filter=interpret-only
11-10 13:32:30.858  4518  4518 I dex2oat : dex2oat took 113.815ms (threads: 8) arena alloc=15KB (15824B) java alloc=788KB (807192B) native alloc=900KB (922400B) free=3MB (3271904B)
11-10 13:32:30.862  3648  3648 I PackageManager.DexOptimizer: Running dexopt (dex2oat) on: /system/app/PhotoTable/PhotoTable.apk pkg=com.android.dreams.phototable isa=arm64 vmSafeMode=false debuggable=false target-filter=interpret-only oatDir = null sharedLibraries=null
11-10 13:32:30.898  4530  4530 I dex2oat : /system/bin/dex2oat --compiler-filter=interpret-only
11-10 13:32:30.958  4517  4517 F libc    : Fatal signal 11 (SIGSEGV), code 1, fault addr 0x0 in tid 4517 (audioserver)
11-10 13:32:30.959  3065  3065 W         : debuggerd: handling request: pid=4517 uid=1041 gid=1005 tid=4517
11-10 13:32:30.965  4539  4539 E         : debuggerd: Unable to connect to activity manager (connect failed: No such file or directory)
11-10 13:32:30.991  4530  4530 I dex2oat : dex2oat took 93.231ms (threads: 8) arena alloc=33KB (34512B) java alloc=365KB (373960B) native alloc=1281KB (1312352B) free=2MB (2357664B)
11-10 13:32:30.997  3648  3648 I PackageManager.DexOptimizer: Running dexopt (dex2oat) on: /system/app/WAPPushManager/WAPPushManager.apk pkg=com.android.smspush isa=arm64 vmSafeMode=false debuggable=false target-filter=interpret-only oatDir = null sharedLibraries=null
11-10 13:32:31.015  4539  4539 F DEBUG   : *** *** *** *** *** *** *** *** *** *** *** *** *** *** *** ***
11-10 13:32:31.016  4539  4539 F DEBUG   : LineageOS Version: '14.1-20171110_043127-UNOFFICIAL-dream2lte'
11-10 13:32:31.016  4539  4539 F DEBUG   : Build fingerprint: 'samsung/dream2ltexx/dream2lte:7.0/NRD90M/G955FXXU1AQH3:user/release-keys'
11-10 13:32:31.016  4539  4539 F DEBUG   : Revision: '0'
11-10 13:32:31.016  4539  4539 F DEBUG   : ABI: 'arm'
11-10 13:32:31.016  4539  4539 F DEBUG   : pid: 4517, tid: 4517, name: audioserver  >>> /system/bin/audioserver <<<
11-10 13:32:31.016  4539  4539 F DEBUG   : signal 11 (SIGSEGV), code 1 (SEGV_MAPERR), fault addr 0x0
11-10 13:32:31.016  4539  4539 F DEBUG   :     r0 00000000  r1 00000000  r2 00000000  r3 65736400
11-10 13:32:31.016  4539  4539 F DEBUG   :     r4 00000000  r5 00000000  r6 00000000  r7 f6a05423
11-10 13:32:31.016  4539  4539 F DEBUG   :     r8 00000000  r9 f6a14ac8  sl f6a52214  fp 00000000
11-10 13:32:31.016  4539  4539 F DEBUG   :     ip f76a4fc4  sp ffb55268  lr f76a0981  pc f74036a6  cpsr 800b0030
11-10 13:32:31.020  4539  4539 F DEBUG   : 
11-10 13:32:31.020  4539  4539 F DEBUG   : backtrace:
11-10 13:32:31.020  4539  4539 F DEBUG   :     #00 pc 000466a6  /system/lib/libc.so (strtol+25)
11-10 13:32:31.020  4539  4539 F DEBUG   :     #01 pc 0000197d  /system/lib/libaudioroute.so
11-10 13:32:31.020  4539  4539 F DEBUG   :     #02 pc 000067d1  /system/lib/libexpat.so
11-10 13:32:31.020  4539  4539 F DEBUG   :     #03 pc 00005b97  /system/lib/libexpat.so
11-10 13:32:31.020  4539  4539 F DEBUG   :     #04 pc 00003f23  /system/lib/libexpat.so (XML_ParseBuffer+82)
11-10 13:32:31.020  4539  4539 F DEBUG   :     #05 pc 000015f7  /system/lib/libaudioroute.so (audio_route_init+398)
11-10 13:32:31.020  4539  4539 F DEBUG   :     #06 pc 00002c75  /system/lib/hw/audio.primary.universal8895.so
11-10 13:32:31.020  4539  4539 F DEBUG   :     #07 pc 000248cf  /system/lib/libaudioflinger.so
11-10 13:32:31.020  4539  4539 F DEBUG   :     #08 pc 0002804b  /system/lib/libaudioflinger.so
11-10 13:32:31.020  4539  4539 F DEBUG   :     #09 pc 0000baef  /system/lib/libaudiopolicyservice.so
11-10 13:32:31.020  4539  4539 F DEBUG   :     #10 pc 00024385  /system/lib/libaudiopolicymanagerdefault.so (_ZN7android18AudioPolicyManagerC1EPNS_26AudioPolicyClientInterfaceE+692)
11-10 13:32:31.020  4539  4539 F DEBUG   :     #11 pc 0000082f  /system/lib/libaudiopolicymanager.so (createAudioPolicyManager+14)
11-10 13:32:31.020  4539  4539 F DEBUG   :     #12 pc 0000603f  /system/lib/libaudiopolicyservice.so
11-10 13:32:31.021  4539  4539 F DEBUG   :     #13 pc 00001d8f  /system/bin/audioserver
11-10 13:32:31.021  4539  4539 F DEBUG   :     #14 pc 0000182b  /system/bin/audioserver
11-10 13:32:31.021  4539  4539 F DEBUG   :     #15 pc 00016c8d  /system/lib/libc.so (__libc_init+48)
11-10 13:32:31.021  4539  4539 F DEBUG   :     #16 pc 0000156c  /system/bin/audioserver
11-10 13:32:31.035  4540  4540 I dex2oat : /system/bin/dex2oat --compiler-filter=interpret-only
11-10 13:32:31.079  4517  4517 W audioserver: type=1701 audit(0.0:129): auid=4294967295 uid=1041 gid=1005 ses=4294967295 subj=u:r:audioserver:s0 exe="/system/bin/audioserver" sig=11
11-10 13:32:31.081  3065  3065 W         : debuggerd: resuming target 4517
11-10 13:32:31.084  3144  3144 I ServiceManager: service 'media.audio_flinger' died
11-10 13:32:31.141  4540  4540 I dex2oat : dex2oat took 106.901ms (threads: 8) arena alloc=36KB (37296B) java alloc=173KB (177280B) native alloc=1220KB (1249656B) free=2MB (2944648B)
11-10 13:32:31.151  3648  3648 I PackageManager.DexOptimizer: Running dexopt (dex2oat) on: /system/app/LiveWallpapersPicker/LiveWallpapersPicker.apk pkg=com.android.wallpaper.livepicker isa=arm64 vmSafeMode=false debuggable=false target-filter=interpret-only oatDir = null sharedLibraries=null
11-10 13:32:31.197  4553  4553 I dex2oat : /system/bin/dex2oat --compiler-filter=interpret-only
11-10 13:32:31.328  4553  4553 W dex2oat : Before Android 4.1, method android.graphics.PorterDuffColorFilter android.support.graphics.drawable.VectorDrawableCompat.updateTintFilter(android.graphics.PorterDuffColorFilter, android.content.res.ColorStateList, android.graphics.PorterDuff$Mode) would have incorrectly overridden the package-private method in android.graphics.drawable.Drawable
11-10 13:32:31.364  4553  4553 W dex2oat : Before Android 4.1, method int android.support.v7.widget.ListViewCompat.lookForSelectablePosition(int, boolean) would have incorrectly overridden the package-private method in android.widget.ListView
11-10 13:32:31.556  4553  4553 I dex2oat : dex2oat took 360.808ms (threads: 8) arena alloc=9KB (10008B) java alloc=2MB (2974840B) native alloc=2MB (2337664B) free=2MB (2905216B)
11-10 13:32:31.562  3648  3648 I PackageManager.DexOptimizer: Running dexopt (dex2oat) on: /system/priv-app/Tag/Tag.apk pkg=com.android.apps.tag isa=arm64 vmSafeMode=false debuggable=false target-filter=interpret-only oatDir = null sharedLibraries=null
11-10 13:32:31.612  4562  4562 I dex2oat : /system/bin/dex2oat --compiler-filter=interpret-only
11-10 13:32:31.851  4562  4562 I dex2oat : dex2oat took 240.223ms (threads: 8) arena alloc=12KB (12744B) java alloc=740KB (757904B) native alloc=1288KB (1318992B) free=3MB (3399600B)
11-10 13:32:31.858  3648  3648 I PackageManager.DexOptimizer: Running dexopt (dex2oat) on: /system/priv-app/StorageManager/StorageManager.apk pkg=com.android.storagemanager isa=arm64 vmSafeMode=false debuggable=false target-filter=interpret-only oatDir = null sharedLibraries=null
11-10 13:32:31.896  4571  4571 I dex2oat : /system/bin/dex2oat --compiler-filter=interpret-only
11-10 13:32:32.047  4571  4571 W dex2oat : Before Android 4.1, method android.graphics.PorterDuffColorFilter android.support.graphics.drawable.VectorDrawableCompat.updateTintFilter(android.graphics.PorterDuffColorFilter, android.content.res.ColorStateList, android.graphics.PorterDuff$Mode) would have incorrectly overridden the package-private method in android.graphics.drawable.Drawable
11-10 13:32:32.078  4571  4578 W dex2oat : Before Android 4.1, method int android.support.v7.widget.ListViewCompat.lookForSelectablePosition(int, boolean) would have incorrectly overridden the package-private method in android.widget.ListView
11-10 13:32:32.244  4571  4571 I dex2oat : dex2oat took 350.306ms (threads: 8) arena alloc=11KB (11312B) java alloc=2MB (3021976B) native alloc=2MB (2932936B) free=2MB (2834232B)
11-10 13:32:32.248  3648  3648 I PackageManager.DexOptimizer: Running dexopt (dex2oat) on: /system/app/BookmarkProvider/BookmarkProvider.apk pkg=com.android.bookmarkprovider isa=arm64 vmSafeMode=false debuggable=false target-filter=interpret-only oatDir = null sharedLibraries=null
11-10 13:32:32.285  4581  4581 I dex2oat : /system/bin/dex2oat --compiler-filter=interpret-only
11-10 13:32:32.358  4581  4581 I dex2oat : dex2oat took 73.462ms (threads: 8) arena alloc=864B (864B) java alloc=42KB (43240B) native alloc=1007KB (1031216B) free=1552KB (1590224B)
11-10 13:32:32.363  3648  3648 I PackageManager.DexOptimizer: Running dexopt (dex2oat) on: /system/priv-app/Eleven/Eleven.apk pkg=com.cyanogenmod.eleven isa=arm64 vmSafeMode=false debuggable=false target-filter=interpret-only oatDir = null sharedLibraries=null
11-10 13:32:32.400  4590  4590 I dex2oat : /system/bin/dex2oat --compiler-filter=interpret-only
11-10 13:32:33.242  4590  4590 I dex2oat : dex2oat took 843.144ms (threads: 8) arena alloc=7KB (7544B) java alloc=4MB (5166112B) native alloc=8MB (8817232B) free=2MB (2848176B)
11-10 13:32:33.249  3648  3648 I PackageManager.DexOptimizer: Running dexopt (dex2oat) on: /system/app/ExactCalculator/ExactCalculator.apk pkg=com.android.calculator2 isa=arm64 vmSafeMode=false debuggable=false target-filter=interpret-only oatDir = null sharedLibraries=null
11-10 13:32:33.323  4599  4599 I dex2oat : /system/bin/dex2oat --compiler-filter=interpret-only
11-10 13:32:33.545  4599  4599 I dex2oat : dex2oat took 222.498ms (threads: 8) arena alloc=13KB (13448B) java alloc=626KB (641376B) native alloc=1172KB (1200160B) free=2MB (2994144B)
11-10 13:32:33.551  3648  3648 I PackageManager.DexOptimizer: Running dexopt (dex2oat) on: /system/priv-app/Updater/Updater.apk pkg=org.lineageos.updater isa=arm64 vmSafeMode=false debuggable=false target-filter=interpret-only oatDir = null sharedLibraries=null
11-10 13:32:33.589  4608  4608 I dex2oat : /system/bin/dex2oat --compiler-filter=interpret-only
11-10 13:32:33.732  4608  4612 W dex2oat : Before Android 4.1, method android.graphics.PorterDuffColorFilter android.support.graphics.drawable.VectorDrawableCompat.updateTintFilter(android.graphics.PorterDuffColorFilter, android.content.res.ColorStateList, android.graphics.PorterDuff$Mode) would have incorrectly overridden the package-private method in android.graphics.drawable.Drawable
11-10 13:32:33.754  4608  4615 W dex2oat : Before Android 4.1, method int android.support.v7.widget.ListViewCompat.lookForSelectablePosition(int, boolean) would have incorrectly overridden the package-private method in android.widget.ListView
11-10 13:32:33.933  4608  4608 I dex2oat : dex2oat took 345.275ms (threads: 8) arena alloc=8KB (8312B) java alloc=2MB (3114176B) native alloc=2MB (3098472B) free=2MB (2668696B)
11-10 13:32:33.937  3648  3648 I PackageManager.DexOptimizer: Running dexopt (dex2oat) on: /system/priv-app/VpnDialogs/VpnDialogs.apk pkg=com.android.vpndialogs isa=arm64 vmSafeMode=false debuggable=false target-filter=interpret-only oatDir = null sharedLibraries=null
11-10 13:32:33.972  4617  4617 I dex2oat : /system/bin/dex2oat --compiler-filter=interpret-only
11-10 13:32:34.051  4617  4617 I dex2oat : dex2oat took 80.263ms (threads: 8) arena alloc=7KB (7960B) java alloc=95KB (98128B) native alloc=989KB (1013152B) free=1570KB (1608288B)
11-10 13:32:34.057  3648  3648 I PackageManager.DexOptimizer: Running dexopt (dex2oat) on: /system/app/Email/Email.apk pkg=com.android.email isa=arm64 vmSafeMode=false debuggable=false target-filter=interpret-only oatDir = null sharedLibraries=null
11-10 13:32:34.098  4626  4626 I dex2oat : /system/bin/dex2oat --compiler-filter=interpret-only
11-10 13:32:34.340  4626  4626 W dex2oat : Before Android 4.1, method android.graphics.PorterDuffColorFilter android.support.graphics.drawable.VectorDrawableCompat.updateTintFilter(android.graphics.PorterDuffColorFilter, android.content.res.ColorStateList, android.graphics.PorterDuff$Mode) would have incorrectly overridden the package-private method in android.graphics.drawable.Drawable
11-10 13:32:34.375  4626  4626 W dex2oat : Before Android 4.1, method int android.support.v7.widget.ListViewCompat.lookForSelectablePosition(int, boolean) would have incorrectly overridden the package-private method in android.widget.ListView
11-10 13:32:34.807  4626  4626 I dex2oat : dex2oat took 712.133ms (threads: 8) arena alloc=461KB (472320B) java alloc=6MB (6874912B) native alloc=6MB (6718384B) free=2MB (2718800B)
11-10 13:32:34.814  3648  3648 I PackageManager.DexOptimizer: Running dexopt (dex2oat) on: /system/app/WallpaperBackup/WallpaperBackup.apk pkg=com.android.wallpaperbackup isa=arm64 vmSafeMode=false debuggable=false target-filter=interpret-only oatDir = null sharedLibraries=null
11-10 13:32:34.874  4635  4635 I dex2oat : /system/bin/dex2oat --compiler-filter=interpret-only
11-10 13:32:34.968  4635  4635 I dex2oat : dex2oat took 94.038ms (threads: 8) arena alloc=7KB (7960B) java alloc=43KB (44536B) native alloc=991KB (1015280B) free=1568KB (1606160B)
11-10 13:32:34.975  3648  3648 I PackageManager.DexOptimizer: Running dexopt (dex2oat) on: /system/priv-app/BlockedNumberProvider/BlockedNumberProvider.apk pkg=com.android.providers.blockednumber isa=arm64 vmSafeMode=false debuggable=false target-filter=interpret-only oatDir = null sharedLibraries=null
11-10 13:32:35.022  4644  4644 I dex2oat : /system/bin/dex2oat --compiler-filter=interpret-only
11-10 13:32:35.269  4644  4644 I dex2oat : dex2oat took 247.568ms (threads: 8) arena alloc=10KB (10960B) java alloc=739KB (757680B) native alloc=1229KB (1259456B) free=2MB (2934848B)
11-10 13:32:35.277  3648  3648 I PackageManager.DexOptimizer: Running dexopt (dex2oat) on: /system/app/UserDictionaryProvider/UserDictionaryProvider.apk pkg=com.android.providers.userdictionary isa=arm64 vmSafeMode=false debuggable=false target-filter=interpret-only oatDir = null sharedLibraries=null
11-10 13:32:35.319  4653  4653 I dex2oat : /system/bin/dex2oat --compiler-filter=interpret-only
11-10 13:32:35.413  4653  4653 I dex2oat : dex2oat took 94.346ms (threads: 8) arena alloc=11KB (11480B) java alloc=71KB (73504B) native alloc=1030KB (1054864B) free=1529KB (1566576B)
11-10 13:32:35.419  3648  3648 I PackageManager.DexOptimizer: Running dexopt (dex2oat) on: /system/priv-app/EmergencyInfo/EmergencyInfo.apk pkg=com.android.emergency isa=arm64 vmSafeMode=false debuggable=false target-filter=interpret-only oatDir = null sharedLibraries=null
11-10 13:32:35.457  4662  4662 I dex2oat : /system/bin/dex2oat --compiler-filter=interpret-only
11-10 13:32:35.569  4662  4662 W dex2oat : Before Android 4.1, method android.graphics.PorterDuffColorFilter android.support.graphics.drawable.VectorDrawableCompat.updateTintFilter(android.graphics.PorterDuffColorFilter, android.content.res.ColorStateList, android.graphics.PorterDuff$Mode) would have incorrectly overridden the package-private method in android.graphics.drawable.Drawable
11-10 13:32:35.754  4662  4662 I dex2oat : dex2oat took 299.109ms (threads: 8) arena alloc=10KB (10760B) java alloc=2MB (2343232B) native alloc=2MB (2166144B) free=3MB (3601024B)
11-10 13:32:35.762  3648  3648 I PackageManager.DexOptimizer: Running dexopt (dex2oat) on: /system/app/DeskClock/DeskClock.apk pkg=com.android.deskclock isa=arm64 vmSafeMode=false debuggable=false target-filter=interpret-only oatDir = null sharedLibraries=null
11-10 13:32:35.802  4671  4671 I dex2oat : /system/bin/dex2oat --compiler-filter=interpret-only
11-10 13:32:35.961  4671  4676 W dex2oat : Before Android 4.1, method android.graphics.PorterDuffColorFilter android.support.graphics.drawable.VectorDrawableCompat.updateTintFilter(android.graphics.PorterDuffColorFilter, android.content.res.ColorStateList, android.graphics.PorterDuff$Mode) would have incorrectly overridden the package-private method in android.graphics.drawable.Drawable
11-10 13:32:36.008  4671  4676 W dex2oat : Before Android 4.1, method int android.support.v7.widget.ListViewCompat.lookForSelectablePosition(int, boolean) would have incorrectly overridden the package-private method in android.widget.ListView
11-10 13:32:36.206  4680  4680 I         : sMaxFastTracks = 8
11-10 13:32:36.206  4680  4680 I audioserver: ServiceManager: 0xf6819440
11-10 13:32:36.206  4680  4680 I AudioFlinger: Using default 3000 mSec as standby time.
11-10 13:32:36.207  4680  4680 I AudioPolicyService: AudioPolicyService CSTOR in new mode
11-10 13:32:36.207  4680  4680 I APM::ConfigParsingUtils: loadAudioPolicyConfig() loaded /vendor/etc/audio_policy.conf
11-10 13:32:36.209  4680  4680 D audio_hw_primary: voice_init: Successed to open SMI RIL Client Interface!
11-10 13:32:36.209  4680  4680 D audio_hw_primary: device-adev_open: Successed to init Voice Manager!
11-10 13:32:36.291  4671  4671 I dex2oat : dex2oat took 489.476ms (threads: 8) arena alloc=34KB (35712B) java alloc=3MB (4041928B) native alloc=3MB (3624480B) free=2MB (2666976B)
11-10 13:32:36.295  3648  3648 I PackageManager.DexOptimizer: Running dexopt (dex2oat) on: /system/app/Exchange2/Exchange2.apk pkg=com.android.exchange isa=arm64 vmSafeMode=false debuggable=false target-filter=interpret-only oatDir = null sharedLibraries=null
11-10 13:32:36.329  4684  4684 I dex2oat : /system/bin/dex2oat --compiler-filter=interpret-only
11-10 13:32:36.422  4680  4680 F libc    : Fatal signal 11 (SIGSEGV), code 1, fault addr 0x0 in tid 4680 (audioserver)
11-10 13:32:36.422  3065  3065 W         : debuggerd: handling request: pid=4680 uid=1041 gid=1005 tid=4680
11-10 13:32:36.428  4686  4686 E         : debuggerd: Unable to connect to activity manager (connect failed: No such file or directory)
11-10 13:32:36.479  4686  4686 F DEBUG   : *** *** *** *** *** *** *** *** *** *** *** *** *** *** *** ***
11-10 13:32:36.479  4686  4686 F DEBUG   : LineageOS Version: '14.1-20171110_043127-UNOFFICIAL-dream2lte'
11-10 13:32:36.479  4686  4686 F DEBUG   : Build fingerprint: 'samsung/dream2ltexx/dream2lte:7.0/NRD90M/G955FXXU1AQH3:user/release-keys'
11-10 13:32:36.480  4686  4686 F DEBUG   : Revision: '0'
11-10 13:32:36.480  4686  4686 F DEBUG   : ABI: 'arm'
11-10 13:32:36.480  4686  4686 F DEBUG   : pid: 4680, tid: 4680, name: audioserver  >>> /system/bin/audioserver <<<
11-10 13:32:36.480  4686  4686 F DEBUG   : signal 11 (SIGSEGV), code 1 (SEGV_MAPERR), fault addr 0x0
11-10 13:32:36.480  4686  4686 F DEBUG   :     r0 00000000  r1 00000000  r2 00000000  r3 65736400
11-10 13:32:36.480  4686  4686 F DEBUG   :     r4 00000000  r5 00000000  r6 00000000  r7 f6805423
11-10 13:32:36.481  4686  4686 F DEBUG   :     r8 00000000  r9 f6814ac8  sl f6852214  fp 00000000
11-10 13:32:36.481  4686  4686 F DEBUG   :     ip f7418fc4  sp ffe8fbb8  lr f7414981  pc f6fe46a6  cpsr 800b0030
11-10 13:32:36.490  4686  4686 F DEBUG   : 
11-10 13:32:36.490  4686  4686 F DEBUG   : backtrace:
11-10 13:32:36.491  4686  4686 F DEBUG   :     #00 pc 000466a6  /system/lib/libc.so (strtol+25)
11-10 13:32:36.491  4686  4686 F DEBUG   :     #01 pc 0000197d  /system/lib/libaudioroute.so
11-10 13:32:36.491  4686  4686 F DEBUG   :     #02 pc 000067d1  /system/lib/libexpat.so
11-10 13:32:36.491  4686  4686 F DEBUG   :     #03 pc 00005b97  /system/lib/libexpat.so
11-10 13:32:36.491  4686  4686 F DEBUG   :     #04 pc 00003f23  /system/lib/libexpat.so (XML_ParseBuffer+82)
11-10 13:32:36.491  4686  4686 F DEBUG   :     #05 pc 000015f7  /system/lib/libaudioroute.so (audio_route_init+398)
11-10 13:32:36.491  4686  4686 F DEBUG   :     #06 pc 00002c75  /system/lib/hw/audio.primary.universal8895.so
11-10 13:32:36.492  4686  4686 F DEBUG   :     #07 pc 000248cf  /system/lib/libaudioflinger.so
11-10 13:32:36.492  4686  4686 F DEBUG   :     #08 pc 0002804b  /system/lib/libaudioflinger.so
11-10 13:32:36.492  4686  4686 F DEBUG   :     #09 pc 0000baef  /system/lib/libaudiopolicyservice.so
11-10 13:32:36.492  4686  4686 F DEBUG   :     #10 pc 00024385  /system/lib/libaudiopolicymanagerdefault.so (_ZN7android18AudioPolicyManagerC1EPNS_26AudioPolicyClientInterfaceE+692)
11-10 13:32:36.492  4686  4686 F DEBUG   :     #11 pc 0000082f  /system/lib/libaudiopolicymanager.so (createAudioPolicyManager+14)
11-10 13:32:36.492  4686  4686 F DEBUG   :     #12 pc 0000603f  /system/lib/libaudiopolicyservice.so
11-10 13:32:36.492  4686  4686 F DEBUG   :     #13 pc 00001d8f  /system/bin/audioserver
11-10 13:32:36.493  4686  4686 F DEBUG   :     #14 pc 0000182b  /system/bin/audioserver
11-10 13:32:36.493  4686  4686 F DEBUG   :     #15 pc 00016c8d  /system/lib/libc.so (__libc_init+48)
11-10 13:32:36.493  4686  4686 F DEBUG   :     #16 pc 0000156c  /system/bin/audioserver
11-10 13:32:36.555  4680  4680 W audioserver: type=1701 audit(0.0:130): auid=4294967295 uid=1041 gid=1005 ses=4294967295 subj=u:r:audioserver:s0 exe="/system/bin/audioserver" sig=11
11-10 13:32:36.558  3065  3065 W         : debuggerd: resuming target 4680
11-10 13:32:36.564  3144  3144 I ServiceManager: service 'media.audio_flinger' died
11-10 13:32:36.964  4684  4684 I dex2oat : dex2oat took 635.549ms (threads: 8) arena alloc=20KB (21064B) java alloc=3MB (3652656B) native alloc=5MB (5813992B) free=2MB (2574616B)
11-10 13:32:36.969  3648  3648 I PackageManager.DexOptimizer: Running dexopt (dex2oat) on: /system/app/BluetoothMidiService/BluetoothMidiService.apk pkg=com.android.bluetoothmidiservice isa=arm64 vmSafeMode=false debuggable=false target-filter=interpret-only oatDir = null sharedLibraries=null
11-10 13:32:37.021  4698  4698 I dex2oat : /system/bin/dex2oat --compiler-filter=interpret-only
11-10 13:32:37.123  4698  4698 I dex2oat : dex2oat took 103.235ms (threads: 8) arena alloc=48KB (49552B) java alloc=160KB (164080B) native alloc=1022KB (1046832B) free=4MB (4196048B)
11-10 13:32:37.131  3648  3648 I PackageManager.DexOptimizer: Running dexopt (dex2oat) on: /system/app/Bluetooth/Bluetooth.apk pkg=com.android.bluetooth isa=arm vmSafeMode=false debuggable=false target-filter=interpret-only oatDir = null sharedLibraries=/system/framework/javax.obex.jar
11-10 13:32:37.185  4707  4707 I dex2oat : /system/bin/dex2oat --compiler-filter=interpret-only
11-10 13:32:38.188  4707  4707 I dex2oat : dex2oat took 1.003s (threads: 8) arena alloc=21KB (22416B) java alloc=3MB (3408760B) native alloc=8MB (9355832B) free=4MB (4799944B)
11-10 13:32:38.194  3648  3648 I PackageManager.DexOptimizer: Running dexopt (dex2oat) on: /system/app/Development/Development.apk pkg=com.android.development isa=arm64 vmSafeMode=false debuggable=false target-filter=interpret-only oatDir = null sharedLibraries=/system/framework/android.test.runner.jar
11-10 13:32:38.253  4716  4716 I dex2oat : /system/bin/dex2oat --compiler-filter=interpret-only
11-10 13:32:38.395  4716  4716 I dex2oat : dex2oat took 141.926ms (threads: 8) arena alloc=62KB (64160B) java alloc=618KB (632960B) native alloc=1338KB (1370448B) free=2MB (2299568B)
11-10 13:32:38.401  3648  3648 I PackageManager.DexOptimizer: Running dexopt (dex2oat) on: /system/app/WallpaperPicker/WallpaperPicker.apk pkg=com.android.wallpaperpicker isa=arm64 vmSafeMode=false debuggable=false target-filter=interpret-only oatDir = null sharedLibraries=null
11-10 13:32:38.443  4725  4725 I dex2oat : /system/bin/dex2oat --compiler-filter=interpret-only
11-10 13:32:38.596  4725  4725 I dex2oat : dex2oat took 154.221ms (threads: 8) arena alloc=12KB (12384B) java alloc=515KB (527440B) native alloc=1506KB (1542744B) free=2MB (2651560B)
11-10 13:32:38.603  3648  3648 I PackageManager.DexOptimizer: Running dexopt (dex2oat) on: /system/priv-app/ContactsProvider/ContactsProvider.apk pkg=com.android.providers.contacts isa=arm64 vmSafeMode=false debuggable=false target-filter=interpret-only oatDir = null sharedLibraries=null
11-10 13:32:38.639  4735  4735 I dex2oat : /system/bin/dex2oat --compiler-filter=interpret-only
11-10 13:32:38.904  4735  4735 I dex2oat : dex2oat took 265.028ms (threads: 8) arena alloc=10KB (11224B) java alloc=938KB (960640B) native alloc=1568KB (1606368B) free=3MB (3636512B)
11-10 13:32:38.908  3648  3648 I PackageManager.DexOptimizer: Running dexopt (dex2oat) on: /system/app/CaptivePortalLogin/CaptivePortalLogin.apk pkg=com.android.captiveportallogin isa=arm64 vmSafeMode=false debuggable=false target-filter=interpret-only oatDir = null sharedLibraries=null
11-10 13:32:38.946  4744  4744 I dex2oat : /system/bin/dex2oat --compiler-filter=interpret-only
11-10 13:32:39.036  4744  4744 I dex2oat : dex2oat took 90.215ms (threads: 8) arena alloc=14KB (14336B) java alloc=110KB (113160B) native alloc=1006KB (1030728B) free=3MB (3687864B)
11-10 13:32:39.043  3648  3648 I PackageManager.DexOptimizer: Running dexopt (dex2oat) on: /system/priv-app/WeatherProvider/WeatherProvider.apk pkg=org.cyanogenmod.weather.provider isa=arm64 vmSafeMode=false debuggable=false target-filter=interpret-only oatDir = null sharedLibraries=null
11-10 13:32:39.090  4753  4753 I dex2oat : /system/bin/dex2oat --compiler-filter=interpret-only
11-10 13:32:39.221  4753  4753 I dex2oat : dex2oat took 134.770ms (threads: 8) arena alloc=41KB (42584B) java alloc=190KB (194632B) native alloc=1291KB (1322680B) free=2MB (2871624B)
11-10 13:32:39.230  3648  3648 W PackageManager: No disk maintenance in 1510320759230; running immediately
11-10 13:32:39.230  3648  3648 I SystemServer: StartLockSettingsService
11-10 13:32:39.230  3648  4098 I MountService: Running fstrim idle maintenance
11-10 13:32:39.231  3648  3648 I SystemServiceManager: Starting com.android.server.LockSettingsService$Lifecycle
11-10 13:32:39.231  3648  4098 D VoldConnector: SND -> {3 fstrim dotrim}
11-10 13:32:39.233  3648  4099 D VoldConnector: RCV <- {200 3 Command succeeded}
11-10 13:32:39.234  3067  4762 D vold    : Starting trim of /cache
11-10 13:32:39.246  3648  3648 I SystemServiceManager: Starting com.android.server.DeviceIdleController
11-10 13:32:39.253  3648  3648 I SystemServiceManager: Starting com.android.server.devicepolicy.DevicePolicyManagerService$Lifecycle
11-10 13:32:39.265  3648  3648 I SystemServer: StartStatusBarManagerService
11-10 13:32:39.269  3648  3648 I SystemServer: StartClipboardService
11-10 13:32:39.271  3067  4762 I vold    : Trimmed 507375616 bytes on /cache in 36ms
11-10 13:32:39.271  3067  4762 D vold    : Starting trim of /data
11-10 13:32:39.271  3648  4099 D VoldConnector: RCV <- {662 /cache 507375616 36308269}
11-10 13:32:39.274  3648  3648 I SystemServer: StartNetworkManagementService
11-10 13:32:39.279  3648  4763 I NetworkManagement: onDaemonConnected()
11-10 13:32:39.284  3648  3648 I SystemServiceManager: Starting com.android.server.TextServicesManagerService$Lifecycle
11-10 13:32:39.296  3648  3648 I SystemServer: StartNetworkScoreService
11-10 13:32:39.299  3648  3648 I SystemServer: StartNetworkStatsService
11-10 13:32:39.308  3648  3648 I SystemServer: StartNetworkPolicyManagerService
11-10 13:32:39.313  3648  3648 I SystemServer: No Wi-Fi NAN Service (NAN support Not Present)
11-10 13:32:39.314  3648  3648 I SystemServiceManager: Starting com.android.server.wifi.p2p.WifiP2pService
11-10 13:32:39.359  3648  3648 I WifiP2pService: Registering wifip2p
11-10 13:32:39.360  3648  3648 I SystemServiceManager: Starting com.android.server.wifi.WifiService
11-10 13:32:39.389  3648  3648 D WifiStateMachine: fst disabled
11-10 13:32:39.396  3648  3648 D HS20    : Passpoint is enabled, false
11-10 13:32:39.415  3178  3531 D CommandListener: Clearing all IP addresses on wlan0
11-10 13:32:39.615  3648  3648 E WifiLogger: no ring buffers found
11-10 13:32:39.615  3648  3648 E WifiLogger: Failed to start packet fate monitoring
11-10 13:32:39.617  3648  4769 D WifiApConfigStore: 2G band allowed channels are:1,6,11
11-10 13:32:39.619  3648  4769 E WifiApConfigStore: Error reading hotspot configuration java.io.FileNotFoundException: /data/misc/wifi/softap.conf (No such file or directory)
11-10 13:32:39.619  3648  4769 D WifiApConfigStore: Fallback to use default AP configuration
11-10 13:32:39.635  3648  3648 D WifiController: isAirplaneModeOn = false, isWifiEnabled = true, isScanningAvailable = false
11-10 13:32:39.642  3648  3648 E WifiService: ensureConcurrencyFile template file doesnt existjava.io.FileNotFoundException: /etc/wifi/wifi_concurrency_cfg.txt (No such file or directory)
11-10 13:32:39.643  3648  3648 I WifiService: Registering wifi
11-10 13:32:39.646  3648  3648 I SystemServiceManager: Starting com.android.server.wifi.scanner.WifiScanningService
11-10 13:32:39.646  3648  3648 I WifiScanningService: Creating wifiscanner
11-10 13:32:39.652  3648  3648 I WifiScanningService: Publishing wifiscanner
11-10 13:32:39.654  3648  3648 I SystemServiceManager: Starting com.android.server.wifi.RttService
11-10 13:32:39.655  3648  3648 I RttService: Creating rttmanager
11-10 13:32:39.657  3648  3648 I RttService: Starting rttmanager
11-10 13:32:39.660  3648  3648 I SystemServiceManager: Starting com.android.server.ethernet.EthernetService
11-10 13:32:39.660  3648  3648 I EthernetServiceImpl: Creating EthernetConfigStore
11-10 13:32:39.661  3648  3648 E IpConfigStore: Error parsing configuration: java.io.FileNotFoundException: /data/misc/ethernet/ipconfig.txt (No such file or directory)
11-10 13:32:39.661  3648  3648 W EthernetConfigStore: No Ethernet configuration found. Using default.
11-10 13:32:39.661  3648  3648 I EthernetServiceImpl: Read stored IP configuration: IP assignment: DHCP
11-10 13:32:39.661  3648  3648 I EthernetServiceImpl: Proxy settings: NONE
11-10 13:32:39.661  3648  3648 I EthernetService: Registering service ethernet
11-10 13:32:39.662  3648  3648 I SystemServer: StartConnectivityService
11-10 13:32:39.668  3648  3648 D ConnectivityService: ConnectivityService starting up
11-10 13:32:39.673  3648  3648 D ConnectivityService: wifiOnly=false
11-10 13:32:39.683  3648  3648 I SystemServer: StartNsdService
11-10 13:32:39.686  3648  3648 I SystemServer: StartUpdateLockService
11-10 13:32:39.687  3648  3648 I SystemServiceManager: Starting com.android.server.RecoverySystemService
11-10 13:32:39.689  3648  3648 I SystemServiceManager: Starting com.android.server.notification.NotificationManagerService
11-10 13:32:39.701  3648  3648 D ConditionProviders.SCP: new ScheduleConditionProvider()
11-10 13:32:39.710  3648  3648 D ZenLog  : set_zen_mode: off,init
11-10 13:32:39.720  3648  3648 I SystemServiceManager: Starting com.android.server.storage.DeviceStorageMonitorService
11-10 13:32:39.722  3648  3648 I SystemServer: StartLocationManagerService
11-10 13:32:39.726  3648  3648 I SystemServer: StartCountryDetectorService
11-10 13:32:39.727  3648  3648 I SystemServer: StartSearchManagerService
11-10 13:32:39.727  3648  3648 I SystemServiceManager: Starting com.android.server.search.SearchManagerService$Lifecycle
11-10 13:32:39.729  3648  3648 I SystemServiceManager: Starting com.android.server.DropBoxManagerService
11-10 13:32:39.731  3648  3648 I SystemServer: StartWallpaperManagerService
11-10 13:32:39.731  3648  3648 I SystemServiceManager: Starting com.android.server.wallpaper.WallpaperManagerService$Lifecycle
11-10 13:32:39.733  3648  3648 E BitmapFactory: Unable to decode stream: java.io.FileNotFoundException: /data/system/users/0/wallpaper_orig (No such file or directory)
11-10 13:32:39.733  3648  3648 E WallpaperManagerService: Invalid wallpaper data
11-10 13:32:39.733  3648  3648 E WallpaperManagerService: Unable to apply new wallpaper
11-10 13:32:39.734  3648  3648 W WallpaperManagerService: no current wallpaper -- first boot?
11-10 13:32:39.735  3648  3648 I SystemServer: StartAudioService
11-10 13:32:39.735  3648  3648 I SystemServiceManager: Starting com.android.server.audio.AudioService$Lifecycle
11-10 13:32:39.739  3648  4780 E AudioService: Audioserver died.
11-10 13:32:39.740  3648  4780 I ServiceManager: Waiting for service media.audio_policy...
11-10 13:32:39.741  3648  3648 W TelecomManager: Telecom Service not found.
11-10 13:32:40.740  3648  4780 I ServiceManager: Waiting for service media.audio_policy...
11-10 13:32:40.782  4782  4782 I         : sMaxFastTracks = 8
11-10 13:32:40.782  4782  4782 I audioserver: ServiceManager: 0xf6419440
11-10 13:32:40.783  4782  4782 I AudioFlinger: Using default 3000 mSec as standby time.
11-10 13:32:40.783  4782  4782 I AudioPolicyService: AudioPolicyService CSTOR in new mode
11-10 13:32:40.783  4782  4782 I APM::ConfigParsingUtils: loadAudioPolicyConfig() loaded /vendor/etc/audio_policy.conf
11-10 13:32:40.785  4782  4782 D audio_hw_primary: voice_init: Successed to open SMI RIL Client Interface!
11-10 13:32:40.785  4782  4782 D audio_hw_primary: device-adev_open: Successed to init Voice Manager!
11-10 13:32:40.997  4782  4782 F libc    : Fatal signal 11 (SIGSEGV), code 1, fault addr 0x0 in tid 4782 (audioserver)
11-10 13:32:40.997  3065  3065 W         : debuggerd: handling request: pid=4782 uid=1041 gid=1005 tid=4782
11-10 13:32:41.003  4786  4786 E         : debuggerd: Unable to connect to activity manager (connect failed: No such file or directory)
11-10 13:32:41.053  4786  4786 F DEBUG   : *** *** *** *** *** *** *** *** *** *** *** *** *** *** *** ***
11-10 13:32:41.054  4786  4786 F DEBUG   : LineageOS Version: '14.1-20171110_043127-UNOFFICIAL-dream2lte'
11-10 13:32:41.054  4786  4786 F DEBUG   : Build fingerprint: 'samsung/dream2ltexx/dream2lte:7.0/NRD90M/G955FXXU1AQH3:user/release-keys'
11-10 13:32:41.054  4786  4786 F DEBUG   : Revision: '0'
11-10 13:32:41.054  4786  4786 F DEBUG   : ABI: 'arm'
11-10 13:32:41.054  4786  4786 F DEBUG   : pid: 4782, tid: 4782, name: audioserver  >>> /system/bin/audioserver <<<
11-10 13:32:41.054  4786  4786 F DEBUG   : signal 11 (SIGSEGV), code 1 (SEGV_MAPERR), fault addr 0x0
11-10 13:32:41.055  4786  4786 F DEBUG   :     r0 00000000  r1 00000000  r2 00000000  r3 65736400
11-10 13:32:41.055  4786  4786 F DEBUG   :     r4 00000000  r5 00000000  r6 00000000  r7 f6405423
11-10 13:32:41.055  4786  4786 F DEBUG   :     r8 00000000  r9 f6414ac8  sl f6452214  fp 00000000
11-10 13:32:41.055  4786  4786 F DEBUG   :     ip f703ffc4  sp ff9e1cf8  lr f703b981  pc f6bfc6a6  cpsr 800b0030
11-10 13:32:41.059  4786  4786 F DEBUG   : 
11-10 13:32:41.059  4786  4786 F DEBUG   : backtrace:
11-10 13:32:41.059  4786  4786 F DEBUG   :     #00 pc 000466a6  /system/lib/libc.so (strtol+25)
11-10 13:32:41.059  4786  4786 F DEBUG   :     #01 pc 0000197d  /system/lib/libaudioroute.so
11-10 13:32:41.059  4786  4786 F DEBUG   :     #02 pc 000067d1  /system/lib/libexpat.so
11-10 13:32:41.059  4786  4786 F DEBUG   :     #03 pc 00005b97  /system/lib/libexpat.so
11-10 13:32:41.059  4786  4786 F DEBUG   :     #04 pc 00003f23  /system/lib/libexpat.so (XML_ParseBuffer+82)
11-10 13:32:41.059  4786  4786 F DEBUG   :     #05 pc 000015f7  /system/lib/libaudioroute.so (audio_route_init+398)
11-10 13:32:41.059  4786  4786 F DEBUG   :     #06 pc 00002c75  /system/lib/hw/audio.primary.universal8895.so
11-10 13:32:41.059  4786  4786 F DEBUG   :     #07 pc 000248cf  /system/lib/libaudioflinger.so
11-10 13:32:41.059  4786  4786 F DEBUG   :     #08 pc 0002804b  /system/lib/libaudioflinger.so
11-10 13:32:41.059  4786  4786 F DEBUG   :     #09 pc 0000baef  /system/lib/libaudiopolicyservice.so
11-10 13:32:41.059  4786  4786 F DEBUG   :     #10 pc 00024385  /system/lib/libaudiopolicymanagerdefault.so (_ZN7android18AudioPolicyManagerC1EPNS_26AudioPolicyClientInterfaceE+692)
11-10 13:32:41.060  4786  4786 F DEBUG   :     #11 pc 0000082f  /system/lib/libaudiopolicymanager.so (createAudioPolicyManager+14)
11-10 13:32:41.060  4786  4786 F DEBUG   :     #12 pc 0000603f  /system/lib/libaudiopolicyservice.so
11-10 13:32:41.060  4786  4786 F DEBUG   :     #13 pc 00001d8f  /system/bin/audioserver
11-10 13:32:41.060  4786  4786 F DEBUG   :     #14 pc 0000182b  /system/bin/audioserver
11-10 13:32:41.060  4786  4786 F DEBUG   :     #15 pc 00016c8d  /system/lib/libc.so (__libc_init+48)
11-10 13:32:41.060  4786  4786 F DEBUG   :     #16 pc 0000156c  /system/bin/audioserver
11-10 13:32:41.099  4782  4782 W audioserver: type=1701 audit(0.0:131): auid=4294967295 uid=1041 gid=1005 ses=4294967295 subj=u:r:audioserver:s0 exe="/system/bin/audioserver" sig=11
11-10 13:32:41.104  3065  3065 W         : debuggerd: resuming target 4782
11-10 13:32:41.106  3144  3144 I ServiceManager: service 'media.audio_flinger' died
11-10 13:32:41.741  3648  4780 I ServiceManager: Waiting for service media.audio_policy...
11-10 13:32:42.741  3648  4780 I ServiceManager: Waiting for service media.audio_policy...
11-10 13:32:43.742  3648  4780 W AudioSystem: AudioPolicyService not published, waiting...
11-10 13:32:44.244  3648  4780 I ServiceManager: Waiting for service media.audio_policy...
11-10 13:32:45.245  3648  4780 I ServiceManager: Waiting for service media.audio_policy...
11-10 13:32:46.221  4792  4792 I         : sMaxFastTracks = 8
11-10 13:32:46.222  4792  4792 I audioserver: ServiceManager: 0xf6419440
11-10 13:32:46.223  4792  4792 I AudioFlinger: Using default 3000 mSec as standby time.
11-10 13:32:46.223  4792  4792 I AudioPolicyService: AudioPolicyService CSTOR in new mode
11-10 13:32:46.223  4792  4792 I APM::ConfigParsingUtils: loadAudioPolicyConfig() loaded /vendor/etc/audio_policy.conf
11-10 13:32:46.225  4792  4792 D audio_hw_primary: voice_init: Successed to open SMI RIL Client Interface!
11-10 13:32:46.225  4792  4792 D audio_hw_primary: device-adev_open: Successed to init Voice Manager!
11-10 13:32:46.246  3648  4780 I ServiceManager: Waiting for service media.audio_policy...
11-10 13:32:46.437  4792  4792 F libc    : Fatal signal 11 (SIGSEGV), code 1, fault addr 0x0 in tid 4792 (audioserver)
11-10 13:32:46.437  3065  3065 W         : debuggerd: handling request: pid=4792 uid=1041 gid=1005 tid=4792
11-10 13:32:46.443  4796  4796 E         : debuggerd: Unable to connect to activity manager (connect failed: No such file or directory)
11-10 13:32:46.494  4796  4796 F DEBUG   : *** *** *** *** *** *** *** *** *** *** *** *** *** *** *** ***
11-10 13:32:46.494  4796  4796 F DEBUG   : LineageOS Version: '14.1-20171110_043127-UNOFFICIAL-dream2lte'
11-10 13:32:46.494  4796  4796 F DEBUG   : Build fingerprint: 'samsung/dream2ltexx/dream2lte:7.0/NRD90M/G955FXXU1AQH3:user/release-keys'
11-10 13:32:46.494  4796  4796 F DEBUG   : Revision: '0'
11-10 13:32:46.494  4796  4796 F DEBUG   : ABI: 'arm'
11-10 13:32:46.495  4796  4796 F DEBUG   : pid: 4792, tid: 4792, name: audioserver  >>> /system/bin/audioserver <<<
11-10 13:32:46.495  4796  4796 F DEBUG   : signal 11 (SIGSEGV), code 1 (SEGV_MAPERR), fault addr 0x0
11-10 13:32:46.495  4796  4796 F DEBUG   :     r0 00000000  r1 00000000  r2 00000000  r3 65736400
11-10 13:32:46.495  4796  4796 F DEBUG   :     r4 00000000  r5 00000000  r6 00000000  r7 f6405423
11-10 13:32:46.495  4796  4796 F DEBUG   :     r8 00000000  r9 f6414ac8  sl f6452214  fp 00000000
11-10 13:32:46.495  4796  4796 F DEBUG   :     ip f706dfc4  sp ffb9f568  lr f7069981  pc f68206a6  cpsr 800b0030
11-10 13:32:46.500  4796  4796 F DEBUG   : 
11-10 13:32:46.500  4796  4796 F DEBUG   : backtrace:
11-10 13:32:46.500  4796  4796 F DEBUG   :     #00 pc 000466a6  /system/lib/libc.so (strtol+25)
11-10 13:32:46.500  4796  4796 F DEBUG   :     #01 pc 0000197d  /system/lib/libaudioroute.so
11-10 13:32:46.500  4796  4796 F DEBUG   :     #02 pc 000067d1  /system/lib/libexpat.so
11-10 13:32:46.500  4796  4796 F DEBUG   :     #03 pc 00005b97  /system/lib/libexpat.so
11-10 13:32:46.500  4796  4796 F DEBUG   :     #04 pc 00003f23  /system/lib/libexpat.so (XML_ParseBuffer+82)
11-10 13:32:46.500  4796  4796 F DEBUG   :     #05 pc 000015f7  /system/lib/libaudioroute.so (audio_route_init+398)
11-10 13:32:46.500  4796  4796 F DEBUG   :     #06 pc 00002c75  /system/lib/hw/audio.primary.universal8895.so
11-10 13:32:46.500  4796  4796 F DEBUG   :     #07 pc 000248cf  /system/lib/libaudioflinger.so
11-10 13:32:46.501  4796  4796 F DEBUG   :     #08 pc 0002804b  /system/lib/libaudioflinger.so
11-10 13:32:46.501  4796  4796 F DEBUG   :     #09 pc 0000baef  /system/lib/libaudiopolicyservice.so
11-10 13:32:46.501  4796  4796 F DEBUG   :     #10 pc 00024385  /system/lib/libaudiopolicymanagerdefault.so (_ZN7android18AudioPolicyManagerC1EPNS_26AudioPolicyClientInterfaceE+692)
11-10 13:32:46.501  4796  4796 F DEBUG   :     #11 pc 0000082f  /system/lib/libaudiopolicymanager.so (createAudioPolicyManager+14)
11-10 13:32:46.501  4796  4796 F DEBUG   :     #12 pc 0000603f  /system/lib/libaudiopolicyservice.so
11-10 13:32:46.501  4796  4796 F DEBUG   :     #13 pc 00001d8f  /system/bin/audioserver
11-10 13:32:46.501  4796  4796 F DEBUG   :     #14 pc 0000182b  /system/bin/audioserver
11-10 13:32:46.501  4796  4796 F DEBUG   :     #15 pc 00016c8d  /system/lib/libc.so (__libc_init+48)
11-10 13:32:46.501  4796  4796 F DEBUG   :     #16 pc 0000156c  /system/bin/audioserver
11-10 13:32:46.547  4792  4792 W audioserver: type=1701 audit(0.0:132): auid=4294967295 uid=1041 gid=1005 ses=4294967295 subj=u:r:audioserver:s0 exe="/system/bin/audioserver" sig=11
11-10 13:32:46.550  3065  3065 W         : debuggerd: resuming target 4792
11-10 13:32:46.552  3144  3144 I ServiceManager: service 'media.audio_flinger' died
11-10 13:32:47.246  3648  4780 I ServiceManager: Waiting for service media.audio_policy...
11-10 13:32:48.247  3648  4780 W AudioSystem: AudioPolicyService not published, waiting...
11-10 13:32:48.747  3648  4780 I ServiceManager: Waiting for service media.audio_policy...
11-10 13:32:49.037  3067  4762 I vold    : Trimmed 40582647808 bytes on /data in 9766ms
11-10 13:32:49.038  3067  4762 D vold    : Starting trim of /efs
11-10 13:32:49.038  3648  4099 D VoldConnector: RCV <- {662 /data 40582647808 9766188954}
11-10 13:32:49.058  3067  4762 I vold    : Trimmed 4812800 bytes on /efs in 20ms
11-10 13:32:49.059  3648  4099 D VoldConnector: RCV <- {662 /efs 4812800 20558192}
11-10 13:32:49.749  3648  4780 I ServiceManager: Waiting for service media.audio_policy...
11-10 13:32:50.690  4801  4801 I         : sMaxFastTracks = 8
11-10 13:32:50.691  4801  4801 I audioserver: ServiceManager: 0xf6419440
11-10 13:32:50.692  4801  4801 I AudioFlinger: Using default 3000 mSec as standby time.
11-10 13:32:50.693  4801  4801 I AudioPolicyService: AudioPolicyService CSTOR in new mode
11-10 13:32:50.694  4801  4801 I APM::ConfigParsingUtils: loadAudioPolicyConfig() loaded /vendor/etc/audio_policy.conf
11-10 13:32:50.696  4801  4801 D audio_hw_primary: voice_init: Successed to open SMI RIL Client Interface!
11-10 13:32:50.696  4801  4801 D audio_hw_primary: device-adev_open: Successed to init Voice Manager!
11-10 13:32:50.749  3648  4780 I ServiceManager: Waiting for service media.audio_policy...
11-10 13:32:50.908  4801  4801 F libc    : Fatal signal 11 (SIGSEGV), code 1, fault addr 0x0 in tid 4801 (audioserver)
11-10 13:32:50.908  3065  3065 W         : debuggerd: handling request: pid=4801 uid=1041 gid=1005 tid=4801
11-10 13:32:50.929  4805  4805 E         : debuggerd: Unable to connect to activity manager (connect failed: No such file or directory)
11-10 13:32:50.980  4805  4805 F DEBUG   : *** *** *** *** *** *** *** *** *** *** *** *** *** *** *** ***
11-10 13:32:50.982  4805  4805 F DEBUG   : LineageOS Version: '14.1-20171110_043127-UNOFFICIAL-dream2lte'
11-10 13:32:50.982  4805  4805 F DEBUG   : Build fingerprint: 'samsung/dream2ltexx/dream2lte:7.0/NRD90M/G955FXXU1AQH3:user/release-keys'
11-10 13:32:50.982  4805  4805 F DEBUG   : Revision: '0'
11-10 13:32:50.982  4805  4805 F DEBUG   : ABI: 'arm'
11-10 13:32:50.983  4805  4805 F DEBUG   : pid: 4801, tid: 4801, name: audioserver  >>> /system/bin/audioserver <<<
11-10 13:32:50.983  4805  4805 F DEBUG   : signal 11 (SIGSEGV), code 1 (SEGV_MAPERR), fault addr 0x0
11-10 13:32:50.983  4805  4805 F DEBUG   :     r0 00000000  r1 00000000  r2 00000000  r3 65736400
