09-16 00:54:32.072  3586  4031 W art     : Long monitor contention with owner PackageManager (3695) at void com.android.server.pm.PackageManagerService$PackageHandler.doHandleMessage(android.os.Message)(PackageManagerService.java:1498) waiters=1 in int com.android.server.pm.PackageManagerService.getPackageUid(java.lang.String, int, int) for 279ms
09-16 00:54:32.072  3586  4031 W MountService: No primary storage defined yet; hacking together a stub
09-16 00:54:32.075  3586  4031 W MountService: No primary storage mounted!
09-16 00:54:32.075  3586  4031 D VoldConnector: SND -> {2 asec list}
09-16 00:54:32.077  3586  4032 D VoldConnector: RCV <- {200 2 asec operation succeeded}
09-16 00:54:32.082  3586  3586 I PackageManager.DexOptimizer: Running dexopt (dex2oat) on: /system/app/RootPA/RootPA.apk pkg=com.gd.mobicore.pa isa=arm64 vmSafeMode=false debuggable=false target-filter=verify-at-runtime oatDir = null sharedLibraries=null
09-16 00:54:32.099  4034  4034 I dex2oat : /system/bin/dex2oat --compiler-filter=verify-at-runtime
09-16 00:54:32.189  4034  4034 I dex2oat : dex2oat took 90.874ms (threads: 8) arena alloc=0B (0B) java alloc=27KB (28240B) native alloc=1090KB (1116976B) free=1469KB (1504464B)
09-16 00:54:32.192  3586  3586 I PackageManager.DexOptimizer: Running dexopt (dex2oat) on: /system/priv-app/CalendarProvider/CalendarProvider.apk pkg=com.android.providers.calendar isa=arm64 vmSafeMode=false debuggable=false target-filter=verify-at-runtime oatDir = null sharedLibraries=/system/framework/android.test.runner.jar
09-16 00:54:32.207  4043  4043 I dex2oat : /system/bin/dex2oat --compiler-filter=verify-at-runtime
09-16 00:54:32.296  4043  4043 I dex2oat : dex2oat took 90.012ms (threads: 8) arena alloc=0B (0B) java alloc=35KB (36168B) native alloc=1141KB (1169264B) free=1930KB (1976464B)
09-16 00:54:32.299  3586  3586 I PackageManager.DexOptimizer: Running dexopt (dex2oat) on: /system/priv-app/MediaProvider/MediaProvider.apk pkg=com.android.providers.media isa=arm64 vmSafeMode=false debuggable=false target-filter=verify-at-runtime oatDir = null sharedLibraries=null
09-16 00:54:32.313  4052  4052 I dex2oat : /system/bin/dex2oat --compiler-filter=verify-at-runtime
09-16 00:54:32.378  4052  4052 I dex2oat : dex2oat took 64.704ms (threads: 8) arena alloc=0B (0B) java alloc=31KB (32216B) native alloc=1100KB (1126544B) free=1459KB (1494896B)
09-16 00:54:32.380  3586  3586 I PackageManager.DexOptimizer: Running dexopt (dex2oat) on: /system/priv-app/WallpaperCropper/WallpaperCropper.apk pkg=com.android.wallpapercropper isa=arm64 vmSafeMode=false debuggable=false target-filter=verify-at-runtime oatDir = null sharedLibraries=null
09-16 00:54:32.395  4061  4061 I dex2oat : /system/bin/dex2oat --compiler-filter=verify-at-runtime
09-16 00:54:32.470  4061  4061 I dex2oat : dex2oat took 75.657ms (threads: 8) arena alloc=0B (0B) java alloc=31KB (32216B) native alloc=1070KB (1096624B) free=1489KB (1524816B)
09-16 00:54:32.473  3586  3586 I PackageManager.DexOptimizer: Running dexopt (dex2oat) on: /system/priv-app/DocumentsUI/DocumentsUI.apk pkg=com.android.documentsui isa=arm64 vmSafeMode=false debuggable=false target-filter=verify-at-runtime oatDir = null sharedLibraries=null
09-16 00:54:32.488  4070  4070 I dex2oat : /system/bin/dex2oat --compiler-filter=verify-at-runtime
09-16 00:54:32.582  3177  3177 D wrapperGPS: wrapperisConnected_RILD
09-16 00:54:32.582  3177  3177 D wrapperGPS: wrapperConnect_RILD
09-16 00:54:32.583  3177  3177 D gpsd    : WakeLock(Release,GPSD)
09-16 00:54:32.609  4070  4070 I dex2oat : dex2oat took 121.238ms (threads: 8) arena alloc=0B (0B) java alloc=27KB (28240B) native alloc=510KB (523120B) free=2MB (2622608B)
09-16 00:54:32.612  3586  3586 I PackageManager.DexOptimizer: Running dexopt (dex2oat) on: /system/priv-app/ExternalStorageProvider/ExternalStorageProvider.apk pkg=com.android.externalstorage isa=arm64 vmSafeMode=false debuggable=false target-filter=verify-at-runtime oatDir = null sharedLibraries=null
09-16 00:54:32.627  4080  4080 I dex2oat : /system/bin/dex2oat --compiler-filter=verify-at-runtime
09-16 00:54:32.689  4080  4080 I dex2oat : dex2oat took 62.512ms (threads: 8) arena alloc=0B (0B) java alloc=27KB (28240B) native alloc=1061KB (1087440B) free=1498KB (1534000B)
09-16 00:54:32.691  3586  3586 I PackageManager.DexOptimizer: Running dexopt (dex2oat) on: /system/app/HTMLViewer/HTMLViewer.apk pkg=com.android.htmlviewer isa=arm64 vmSafeMode=false debuggable=false target-filter=verify-at-runtime oatDir = null sharedLibraries=null
09-16 00:54:32.706  4089  4089 I dex2oat : /system/bin/dex2oat --compiler-filter=verify-at-runtime
09-16 00:54:32.765  4089  4089 I dex2oat : dex2oat took 59.788ms (threads: 8) arena alloc=0B (0B) java alloc=27KB (28240B) native alloc=878KB (899152B) free=1169KB (1198000B)
09-16 00:54:32.768  3586  3586 I PackageManager.DexOptimizer: Running dexopt (dex2oat) on: /system/priv-app/DownloadProvider/DownloadProvider.apk pkg=com.android.providers.downloads isa=arm64 vmSafeMode=false debuggable=false target-filter=verify-at-runtime oatDir = null sharedLibraries=null
09-16 00:54:32.783  4098  4098 I dex2oat : /system/bin/dex2oat --compiler-filter=verify-at-runtime
09-16 00:54:32.819  4098  4098 I dex2oat : dex2oat took 37.305ms (threads: 8) arena alloc=0B (0B) java alloc=31KB (32216B) native alloc=1142KB (1170160B) free=1417KB (1451280B)
09-16 00:54:32.822  3586  3586 I PackageManager.DexOptimizer: Running dexopt (dex2oat) on: /system/app/messaging/messaging.apk pkg=com.android.messaging isa=arm64 vmSafeMode=false debuggable=false target-filter=verify-at-runtime oatDir = null sharedLibraries=null
09-16 00:54:32.837  4107  4107 I dex2oat : /system/bin/dex2oat --compiler-filter=verify-at-runtime
09-16 00:54:33.042  4107  4107 I dex2oat : dex2oat took 205.681ms (threads: 8) arena alloc=0B (0B) java alloc=27KB (28240B) native alloc=860KB (881312B) free=2MB (2919776B)
09-16 00:54:33.045  3586  3586 I PackageManager.DexOptimizer: Running dexopt (dex2oat) on: /system/app/Terminal/Terminal.apk pkg=com.android.terminal isa=arm64 vmSafeMode=false debuggable=false target-filter=verify-at-runtime oatDir = null sharedLibraries=null
09-16 00:54:33.060  4116  4116 I dex2oat : /system/bin/dex2oat --compiler-filter=verify-at-runtime
09-16 00:54:33.178  4116  4116 I dex2oat : dex2oat took 118.032ms (threads: 8) arena alloc=0B (0B) java alloc=27KB (28240B) native alloc=486KB (498416B) free=2MB (2647312B)
09-16 00:54:33.180  3586  3586 I PackageManager.DexOptimizer: Running dexopt (dex2oat) on: /system/priv-app/AudioFX/AudioFX.apk pkg=org.cyanogenmod.audiofx isa=arm64 vmSafeMode=false debuggable=false target-filter=verify-at-runtime oatDir = null sharedLibraries=null
09-16 00:54:33.195  4125  4125 I dex2oat : /system/bin/dex2oat --compiler-filter=verify-at-runtime
09-16 00:54:33.334  4125  4125 I dex2oat : dex2oat took 139.163ms (threads: 8) arena alloc=0B (0B) java alloc=27KB (28240B) native alloc=474KB (485488B) free=2MB (2660240B)
09-16 00:54:33.337  3586  3586 I PackageManager.DexOptimizer: Running dexopt (dex2oat) on: /system/priv-app/LineageSetupWizard/LineageSetupWizard.apk pkg=com.cyanogenmod.setupwizard isa=arm64 vmSafeMode=false debuggable=false target-filter=verify-at-runtime oatDir = null sharedLibraries=null
09-16 00:54:33.352  4134  4134 I dex2oat : /system/bin/dex2oat --compiler-filter=verify-at-runtime
09-16 00:54:33.435  4134  4134 I dex2oat : dex2oat took 83.044ms (threads: 8) arena alloc=0B (0B) java alloc=31KB (32208B) native alloc=1119KB (1146288B) free=1440KB (1475152B)
09-16 00:54:33.437  3586  3586 I PackageManager.DexOptimizer: Running dexopt (dex2oat) on: /system/app/DownloadProviderUi/DownloadProviderUi.apk pkg=com.android.providers.downloads.ui isa=arm64 vmSafeMode=false debuggable=false target-filter=verify-at-runtime oatDir = null sharedLibraries=null
09-16 00:54:33.452  4143  4143 I dex2oat : /system/bin/dex2oat --compiler-filter=verify-at-runtime
09-16 00:54:33.513  4143  4143 I dex2oat : dex2oat took 61.266ms (threads: 8) arena alloc=0B (0B) java alloc=31KB (32208B) native alloc=860KB (881296B) free=1187KB (1215856B)
09-16 00:54:33.515  3586  3586 I PackageManager.DexOptimizer: Running dexopt (dex2oat) on: /system/app/PacProcessor/PacProcessor.apk pkg=com.android.pacprocessor isa=arm64 vmSafeMode=false debuggable=false target-filter=verify-at-runtime oatDir = null sharedLibraries=null
09-16 00:54:33.530  4152  4152 I dex2oat : /system/bin/dex2oat --compiler-filter=verify-at-runtime
09-16 00:54:33.592  4152  4152 I dex2oat : dex2oat took 61.915ms (threads: 8) arena alloc=0B (0B) java alloc=27KB (28240B) native alloc=858KB (878672B) free=1189KB (1218480B)
09-16 00:54:33.594  3586  3586 I PackageManager.DexOptimizer: Running dexopt (dex2oat) on: /system/app/CertInstaller/CertInstaller.apk pkg=com.android.certinstaller isa=arm64 vmSafeMode=false debuggable=false target-filter=verify-at-runtime oatDir = null sharedLibraries=null
09-16 00:54:33.609  4161  4161 I dex2oat : /system/bin/dex2oat --compiler-filter=verify-at-runtime
09-16 00:54:33.681  4161  4161 I dex2oat : dex2oat took 72.435ms (threads: 8) arena alloc=0B (0B) java alloc=31KB (32216B) native alloc=1006KB (1030160B) free=1553KB (1591280B)
09-16 00:54:33.684  3586  3586 I PackageManager.DexOptimizer: Running dexopt (dex2oat) on: /system/priv-app/CarrierConfig/CarrierConfig.apk pkg=com.android.carrierconfig isa=arm64 vmSafeMode=false debuggable=false target-filter=verify-at-runtime oatDir = null sharedLibraries=null
09-16 00:54:33.698  4170  4170 I dex2oat : /system/bin/dex2oat --compiler-filter=verify-at-runtime
09-16 00:54:33.759  4170  4170 I dex2oat : dex2oat took 61.582ms (threads: 8) arena alloc=0B (0B) java alloc=31KB (32216B) native alloc=858KB (878736B) free=1189KB (1218416B)
09-16 00:54:33.762  3586  3586 I PackageManager.DexOptimizer: Running dexopt (dex2oat) on: /system/priv-app/Contacts/Contacts.apk pkg=com.android.contacts isa=arm64 vmSafeMode=false debuggable=false target-filter=verify-at-runtime oatDir = null sharedLibraries=null
09-16 00:54:33.777  4179  4179 I dex2oat : /system/bin/dex2oat --compiler-filter=verify-at-runtime
09-16 00:54:33.877  4179  4179 I dex2oat : dex2oat took 100.605ms (threads: 8) arena alloc=0B (0B) java alloc=27KB (28240B) native alloc=535KB (548000B) free=2MB (2597728B)
09-16 00:54:33.880  3586  3586 I PackageManager.DexOptimizer: Running dexopt (dex2oat) on: /system/app/Camera2/Camera2.apk pkg=com.android.camera2 isa=arm64 vmSafeMode=false debuggable=false target-filter=verify-at-runtime oatDir = null sharedLibraries=null
09-16 00:54:33.895  4188  4188 I dex2oat : /system/bin/dex2oat --compiler-filter=verify-at-runtime
09-16 00:54:34.003  4188  4188 I dex2oat : dex2oat took 108.028ms (threads: 8) arena alloc=0B (0B) java alloc=27KB (28240B) native alloc=422KB (432800B) free=2MB (2712928B)
09-16 00:54:34.005  3586  3586 I PackageManager.DexOptimizer: Running dexopt (dex2oat) on: /system/priv-app/Recorder/Recorder.apk pkg=org.lineageos.recorder isa=arm64 vmSafeMode=false debuggable=false target-filter=verify-at-runtime oatDir = null sharedLibraries=null
09-16 00:54:34.020  4197  4197 I dex2oat : /system/bin/dex2oat --compiler-filter=verify-at-runtime
09-16 00:54:34.090  4197  4197 I dex2oat : dex2oat took 70.839ms (threads: 8) arena alloc=0B (0B) java alloc=27KB (28240B) native alloc=498KB (510576B) free=2MB (2635152B)
09-16 00:54:34.093  3586  3586 I PackageManager.DexOptimizer: Running dexopt (dex2oat) on: /system/app/EasterEgg/EasterEgg.apk pkg=com.android.egg isa=arm64 vmSafeMode=false debuggable=false target-filter=verify-at-runtime oatDir = null sharedLibraries=null
09-16 00:54:34.108  4206  4206 I dex2oat : /system/bin/dex2oat --compiler-filter=verify-at-runtime
09-16 00:54:34.141  4206  4206 I dex2oat : dex2oat took 33.277ms (threads: 8) arena alloc=0B (0B) java alloc=27KB (28240B) native alloc=1099KB (1125744B) free=1460KB (1495696B)
09-16 00:54:34.143  3586  3586 I PackageManager.DexOptimizer: Running dexopt (dex2oat) on: /system/priv-app/MtpDocumentsProvider/MtpDocumentsProvider.apk pkg=com.android.mtp isa=arm64 vmSafeMode=false debuggable=false target-filter=verify-at-runtime oatDir = null sharedLibraries=null
09-16 00:54:34.158  4215  4215 I dex2oat : /system/bin/dex2oat --compiler-filter=verify-at-runtime
09-16 00:54:34.181  4215  4215 I dex2oat : dex2oat took 23.476ms (threads: 8) arena alloc=0B (0B) java alloc=31KB (32208B) native alloc=1022KB (1046960B) free=1537KB (1574480B)
09-16 00:54:34.183  3586  3586 I PackageManager.DexOptimizer: Running dexopt (dex2oat) on: /system/app/NfcNci/NfcNci.apk pkg=com.android.nfc isa=arm64 vmSafeMode=false debuggable=false target-filter=verify-at-runtime oatDir = null sharedLibraries=null
09-16 00:54:34.198  4224  4224 I dex2oat : /system/bin/dex2oat --compiler-filter=verify-at-runtime
09-16 00:54:34.280  4224  4224 I dex2oat : dex2oat took 82.129ms (threads: 8) arena alloc=0B (0B) java alloc=27KB (28240B) native alloc=516KB (529360B) free=2MB (2616368B)
09-16 00:54:34.283  3586  3586 I PackageManager.DexOptimizer: Running dexopt (dex2oat) on: /system/app/Stk/Stk.apk pkg=com.android.stk isa=arm64 vmSafeMode=false debuggable=false target-filter=verify-at-runtime oatDir = null sharedLibraries=null
09-16 00:54:34.297  4233  4233 I dex2oat : /system/bin/dex2oat --compiler-filter=verify-at-runtime
09-16 00:54:34.321  4233  4233 I dex2oat : dex2oat took 23.509ms (threads: 8) arena alloc=0B (0B) java alloc=27KB (28240B) native alloc=1042KB (1067664B) free=1517KB (1553776B)
09-16 00:54:34.323  3586  3586 I PackageManager.DexOptimizer: Running dexopt (dex2oat) on: /system/priv-app/BackupRestoreConfirmation/BackupRestoreConfirmation.apk pkg=com.android.backupconfirm isa=arm64 vmSafeMode=false debuggable=false target-filter=verify-at-runtime oatDir = null sharedLibraries=null
09-16 00:54:34.338  4242  4242 I dex2oat : /system/bin/dex2oat --compiler-filter=verify-at-runtime
09-16 00:54:34.357  4242  4242 I dex2oat : dex2oat took 19.314ms (threads: 8) arena alloc=0B (0B) java alloc=31KB (32240B) native alloc=858KB (878800B) free=1189KB (1218352B)
09-16 00:54:34.359  3586  3586 I PackageManager.DexOptimizer: Running dexopt (dex2oat) on: /system/app/Profiles/Profiles.apk pkg=org.cyanogenmod.profiles isa=arm64 vmSafeMode=false debuggable=false target-filter=verify-at-runtime oatDir = null sharedLibraries=null
09-16 00:54:34.374  4251  4251 I dex2oat : /system/bin/dex2oat --compiler-filter=verify-at-runtime
09-16 00:54:34.398  4251  4251 I dex2oat : dex2oat took 24.509ms (threads: 8) arena alloc=0B (0B) java alloc=27KB (28240B) native alloc=1130KB (1157200B) free=1429KB (1464240B)
09-16 00:54:34.400  3586  3586 I PackageManager.DexOptimizer: Running dexopt (dex2oat) on: /system/app/LockClock/LockClock.apk pkg=com.cyanogenmod.lockclock isa=arm64 vmSafeMode=false debuggable=false target-filter=verify-at-runtime oatDir = null sharedLibraries=null
09-16 00:54:34.415  4260  4260 I dex2oat : /system/bin/dex2oat --compiler-filter=verify-at-runtime
09-16 00:54:34.444  4260  4260 I dex2oat : dex2oat took 28.844ms (threads: 8) arena alloc=0B (0B) java alloc=27KB (28240B) native alloc=1079KB (1105200B) free=1480KB (1516240B)
09-16 00:54:34.446  3586  3586 I PackageManager.DexOptimizer: Running dexopt (dex2oat) on: /system/priv-app/StatementService/StatementService.apk pkg=com.android.statementservice isa=arm64 vmSafeMode=false debuggable=false target-filter=verify-at-runtime oatDir = null sharedLibraries=null
09-16 00:54:34.461  4269  4269 I dex2oat : /system/bin/dex2oat --compiler-filter=verify-at-runtime
09-16 00:54:34.482  4269  4269 I dex2oat : dex2oat took 21.194ms (threads: 8) arena alloc=0B (0B) java alloc=31KB (32216B) native alloc=1092KB (1118576B) free=1467KB (1502864B)
09-16 00:54:34.484  3586  3586 I PackageManager.DexOptimizer: Running dexopt (dex2oat) on: /system/app/AdvancedDisplay/AdvancedDisplay.apk pkg=com.cyanogenmod.settings.device isa=arm64 vmSafeMode=false debuggable=false target-filter=verify-at-runtime oatDir = null sharedLibraries=null
09-16 00:54:34.499  4278  4278 I dex2oat : /system/bin/dex2oat --compiler-filter=verify-at-runtime
09-16 00:54:34.569  4278  4278 I dex2oat : dex2oat took 70.333ms (threads: 8) arena alloc=0B (0B) java alloc=31KB (32216B) native alloc=497KB (509424B) free=2MB (2636304B)
09-16 00:54:34.571  3586  3586 I PackageManager.DexOptimizer: Running dexopt (dex2oat) on: /system/priv-app/CMAudioService/CMAudioService.apk pkg=org.cyanogenmod.cmaudio.service isa=arm64 vmSafeMode=false debuggable=false target-filter=verify-at-runtime oatDir = null sharedLibraries=null
09-16 00:54:34.586  4287  4287 I dex2oat : /system/bin/dex2oat --compiler-filter=verify-at-runtime
09-16 00:54:34.624  4287  4287 I dex2oat : dex2oat took 38.125ms (threads: 8) arena alloc=0B (0B) java alloc=31KB (32216B) native alloc=1141KB (1168880B) free=1418KB (1452560B)
09-16 00:54:34.626  3586  3586 I PackageManager.DexOptimizer: Running dexopt (dex2oat) on: /system/app/Calendar/Calendar.apk pkg=com.android.calendar isa=arm64 vmSafeMode=false debuggable=false target-filter=verify-at-runtime oatDir = null sharedLibraries=null
09-16 00:54:34.641  4296  4296 I dex2oat : /system/bin/dex2oat --compiler-filter=verify-at-runtime
09-16 00:54:34.697  4296  4296 I dex2oat : dex2oat took 56.492ms (threads: 8) arena alloc=0B (0B) java alloc=27KB (28240B) native alloc=565KB (579568B) free=2MB (2566160B)
09-16 00:54:34.699  3586  3586 I PackageManager.DexOptimizer: Running dexopt (dex2oat) on: /system/priv-app/SharedStorageBackup/SharedStorageBackup.apk pkg=com.android.sharedstoragebackup isa=arm64 vmSafeMode=false debuggable=false target-filter=verify-at-runtime oatDir = null sharedLibraries=null
09-16 00:54:34.714  4305  4305 I dex2oat : /system/bin/dex2oat --compiler-filter=verify-at-runtime
09-16 00:54:34.735  4305  4305 I dex2oat : dex2oat took 21.564ms (threads: 8) arena alloc=0B (0B) java alloc=31KB (32208B) native alloc=858KB (878800B) free=1189KB (1218352B)
09-16 00:54:34.737  3586  3586 I PackageManager.DexOptimizer: Running dexopt (dex2oat) on: /system/app/PrintSpooler/PrintSpooler.apk pkg=com.android.printspooler isa=arm64 vmSafeMode=false debuggable=false target-filter=verify-at-runtime oatDir = null sharedLibraries=null
09-16 00:54:34.752  4314  4314 I dex2oat : /system/bin/dex2oat --compiler-filter=verify-at-runtime
09-16 00:54:34.793  4314  4314 I dex2oat : dex2oat took 41.042ms (threads: 8) arena alloc=0B (0B) java alloc=27KB (28240B) native alloc=1137KB (1165296B) free=1422KB (1456144B)
09-16 00:54:34.795  3586  3586 I PackageManager.DexOptimizer: Running dexopt (dex2oat) on: /system/app/BasicDreams/BasicDreams.apk pkg=com.android.dreams.basic isa=arm64 vmSafeMode=false debuggable=false target-filter=verify-at-runtime oatDir = null sharedLibraries=null
09-16 00:54:34.810  4323  4323 I dex2oat : /system/bin/dex2oat --compiler-filter=verify-at-runtime
09-16 00:54:34.829  4323  4323 I dex2oat : dex2oat took 19.236ms (threads: 8) arena alloc=0B (0B) java alloc=27KB (28240B) native alloc=898KB (919632B) free=1149KB (1177520B)
09-16 00:54:34.831  3586  3586 I PackageManager.DexOptimizer: Running dexopt (dex2oat) on: /system/app/webview/webview.apk pkg=com.android.webview isa=arm vmSafeMode=false debuggable=false target-filter=verify-at-runtime oatDir = null sharedLibraries=null
09-16 00:54:34.846  4332  4332 I dex2oat : /system/bin/dex2oat --compiler-filter=verify-at-runtime
09-16 00:54:34.942  4332  4332 I dex2oat : dex2oat took 96.625ms (threads: 8) arena alloc=0B (0B) java alloc=27KB (28240B) native alloc=385KB (395168B) free=2MB (2750560B)
09-16 00:54:34.945  3586  3586 I PackageManager.DexOptimizer: Running dexopt (dex2oat) on: /system/app/webview/webview.apk pkg=com.android.webview isa=arm64 vmSafeMode=false debuggable=false target-filter=verify-at-runtime oatDir = null sharedLibraries=null
09-16 00:54:34.960  4341  4341 I dex2oat : /system/bin/dex2oat --compiler-filter=verify-at-runtime
09-16 00:54:35.059  4341  4341 I dex2oat : dex2oat took 99.972ms (threads: 8) arena alloc=0B (0B) java alloc=27KB (28240B) native alloc=517KB (530272B) free=2MB (2615456B)
09-16 00:54:35.062  3586  3586 I PackageManager.DexOptimizer: Running dexopt (dex2oat) on: /system/priv-app/CellBroadcastReceiver/CellBroadcastReceiver.apk pkg=com.android.cellbroadcastreceiver isa=arm64 vmSafeMode=false debuggable=false target-filter=verify-at-runtime oatDir = null sharedLibraries=null
09-16 00:54:35.077  4350  4350 I dex2oat : /system/bin/dex2oat --compiler-filter=verify-at-runtime
09-16 00:54:35.102  4350  4350 I dex2oat : dex2oat took 26.070ms (threads: 8) arena alloc=0B (0B) java alloc=27KB (28240B) native alloc=1105KB (1132048B) free=1454KB (1489392B)
09-16 00:54:35.105  3586  3586 I PackageManager.DexOptimizer: Running dexopt (dex2oat) on: /system/priv-app/OneTimeInitializer/OneTimeInitializer.apk pkg=com.android.onetimeinitializer isa=arm64 vmSafeMode=false debuggable=false target-filter=verify-at-runtime oatDir = null sharedLibraries=null
09-16 00:54:35.119  4359  4359 I dex2oat : /system/bin/dex2oat --compiler-filter=verify-at-runtime
09-16 00:54:35.140  4359  4359 I dex2oat : dex2oat took 20.638ms (threads: 8) arena alloc=0B (0B) java alloc=31KB (32208B) native alloc=1018KB (1043088B) free=1541KB (1578352B)
09-16 00:54:35.142  3586  3586 I PackageManager.DexOptimizer: Running dexopt (dex2oat) on: /system/priv-app/CMParts/CMParts.apk pkg=org.cyanogenmod.cmparts isa=arm64 vmSafeMode=false debuggable=false target-filter=verify-at-runtime oatDir = null sharedLibraries=null
09-16 00:54:35.157  4368  4368 I dex2oat : /system/bin/dex2oat --compiler-filter=verify-at-runtime
09-16 00:54:35.241  4368  4368 I dex2oat : dex2oat took 84.687ms (threads: 8) arena alloc=0B (0B) java alloc=27KB (28240B) native alloc=525KB (537984B) free=2MB (2607744B)
09-16 00:54:35.244  3586  3586 I PackageManager.DexOptimizer: Running dexopt (dex2oat) on: /system/app/KeyChain/KeyChain.apk pkg=com.android.keychain isa=arm64 vmSafeMode=false debuggable=false target-filter=verify-at-runtime oatDir = null sharedLibraries=null
09-16 00:54:35.259  4377  4377 I dex2oat : /system/bin/dex2oat --compiler-filter=verify-at-runtime
09-16 00:54:35.281  4377  4377 I dex2oat : dex2oat took 22.027ms (threads: 8) arena alloc=0B (0B) java alloc=27KB (28240B) native alloc=1003KB (1027408B) free=1556KB (1594032B)
09-16 00:54:35.283  3586  3586 I PackageManager.DexOptimizer: Running dexopt (dex2oat) on: /system/app/PrintRecommendationService/PrintRecommendationService.apk pkg=com.android.printservice.recommendation isa=arm64 vmSafeMode=false debuggable=false target-filter=verify-at-runtime oatDir = null sharedLibraries=null
09-16 00:54:35.298  4386  4386 I dex2oat : /system/bin/dex2oat --compiler-filter=verify-at-runtime
09-16 00:54:35.318  4386  4386 I dex2oat : dex2oat took 20.737ms (threads: 8) arena alloc=0B (0B) java alloc=31KB (32240B) native alloc=1057KB (1082576B) free=1502KB (1538864B)
09-16 00:54:35.321  3586  3586 I PackageManager.DexOptimizer: Running dexopt (dex2oat) on: /system/priv-app/Gallery2/Gallery2.apk pkg=com.android.gallery3d isa=arm vmSafeMode=false debuggable=false target-filter=verify-at-runtime oatDir = null sharedLibraries=null
09-16 00:54:35.335  4395  4395 I dex2oat : /system/bin/dex2oat --compiler-filter=verify-at-runtime
09-16 00:54:35.475  4395  4395 I dex2oat : dex2oat took 139.615ms (threads: 8) arena alloc=0B (0B) java alloc=27KB (28240B) native alloc=541KB (554464B) free=2MB (2591264B)
09-16 00:54:35.478  3586  3586 I PackageManager.DexOptimizer: Running dexopt (dex2oat) on: /system/priv-app/Trebuchet/Trebuchet.apk pkg=com.cyanogenmod.trebuchet isa=arm64 vmSafeMode=false debuggable=false target-filter=verify-at-runtime oatDir = null sharedLibraries=null
09-16 00:54:35.493  4404  4404 I dex2oat : /system/bin/dex2oat --compiler-filter=verify-at-runtime
09-16 00:54:35.560  4404  4404 I dex2oat : dex2oat took 67.731ms (threads: 8) arena alloc=0B (0B) java alloc=27KB (28240B) native alloc=558KB (571888B) free=2MB (2573840B)
09-16 00:54:35.562  3586  3586 I PackageManager.DexOptimizer: Running dexopt (dex2oat) on: /system/priv-app/CallLogBackup/CallLogBackup.apk pkg=com.android.calllogbackup isa=arm64 vmSafeMode=false debuggable=false target-filter=verify-at-runtime oatDir = null sharedLibraries=null
09-16 00:54:35.577  4413  4413 I dex2oat : /system/bin/dex2oat --compiler-filter=verify-at-runtime
09-16 00:54:35.597  4413  4413 I dex2oat : dex2oat took 19.737ms (threads: 8) arena alloc=0B (0B) java alloc=31KB (32216B) native alloc=878KB (899216B) free=1169KB (1197936B)
09-16 00:54:35.599  3586  3586 I PackageManager.DexOptimizer: Running dexopt (dex2oat) on: /system/app/PicoTts/PicoTts.apk pkg=com.svox.pico isa=arm64 vmSafeMode=false debuggable=false target-filter=verify-at-runtime oatDir = null sharedLibraries=null
09-16 00:54:35.613  4422  4422 I dex2oat : /system/bin/dex2oat --compiler-filter=verify-at-runtime
09-16 00:54:35.633  4422  4422 I dex2oat : dex2oat took 20.426ms (threads: 8) arena alloc=0B (0B) java alloc=27KB (28240B) native alloc=880KB (901712B) free=1167KB (1195440B)
09-16 00:54:35.636  3586  3586 I PackageManager.DexOptimizer: Running dexopt (dex2oat) on: /system/app/Jelly/Jelly.apk pkg=org.lineageos.jelly isa=arm64 vmSafeMode=false debuggable=false target-filter=verify-at-runtime oatDir = null sharedLibraries=null
09-16 00:54:35.650  4431  4431 I dex2oat : /system/bin/dex2oat --compiler-filter=verify-at-runtime
09-16 00:54:35.721  4431  4431 I dex2oat : dex2oat took 71.282ms (threads: 8) arena alloc=0B (0B) java alloc=27KB (28240B) native alloc=500KB (512944B) free=2MB (2632784B)
09-16 00:54:35.724  3586  3586 I PackageManager.DexOptimizer: Running dexopt (dex2oat) on: /system/priv-app/ManagedProvisioning/ManagedProvisioning.apk pkg=com.android.managedprovisioning isa=arm64 vmSafeMode=false debuggable=false target-filter=verify-at-runtime oatDir = null sharedLibraries=null
09-16 00:54:35.739  4440  4440 I dex2oat : /system/bin/dex2oat --compiler-filter=verify-at-runtime
09-16 00:54:35.764  4440  4440 I dex2oat : dex2oat took 26.145ms (threads: 8) arena alloc=0B (0B) java alloc=31KB (32208B) native alloc=1078KB (1104752B) free=1481KB (1516688B)
09-16 00:54:35.767  3586  3586 I PackageManager.DexOptimizer: Running dexopt (dex2oat) on: /system/app/PhotoTable/PhotoTable.apk pkg=com.android.dreams.phototable isa=arm64 vmSafeMode=false debuggable=false target-filter=verify-at-runtime oatDir = null sharedLibraries=null
09-16 00:54:35.781  4449  4449 I dex2oat : /system/bin/dex2oat --compiler-filter=verify-at-runtime
09-16 00:54:35.805  4449  4449 I dex2oat : dex2oat took 24.433ms (threads: 8) arena alloc=0B (0B) java alloc=27KB (28240B) native alloc=1052KB (1077328B) free=1507KB (1544112B)
09-16 00:54:35.808  3586  3586 I PackageManager.DexOptimizer: Running dexopt (dex2oat) on: /system/app/WAPPushManager/WAPPushManager.apk pkg=com.android.smspush isa=arm64 vmSafeMode=false debuggable=false target-filter=verify-at-runtime oatDir = null sharedLibraries=null
09-16 00:54:35.823  4458  4458 I dex2oat : /system/bin/dex2oat --compiler-filter=verify-at-runtime
09-16 00:54:35.843  4458  4458 I dex2oat : dex2oat took 19.879ms (threads: 8) arena alloc=0B (0B) java alloc=31KB (32216B) native alloc=1030KB (1055376B) free=1529KB (1566064B)
09-16 00:54:35.845  3586  3586 I PackageManager.DexOptimizer: Running dexopt (dex2oat) on: /system/app/LiveWallpapersPicker/LiveWallpapersPicker.apk pkg=com.android.wallpaper.livepicker isa=arm64 vmSafeMode=false debuggable=false target-filter=verify-at-runtime oatDir = null sharedLibraries=null
09-16 00:54:35.860  4468  4468 I dex2oat : /system/bin/dex2oat --compiler-filter=verify-at-runtime
09-16 00:54:35.926  4468  4468 I dex2oat : dex2oat took 66.038ms (threads: 8) arena alloc=0B (0B) java alloc=31KB (32208B) native alloc=521KB (534000B) free=2MB (2611728B)
09-16 00:54:35.928  3586  3586 I PackageManager.DexOptimizer: Running dexopt (dex2oat) on: /system/priv-app/Tag/Tag.apk pkg=com.android.apps.tag isa=arm64 vmSafeMode=false debuggable=false target-filter=verify-at-runtime oatDir = null sharedLibraries=null
09-16 00:54:35.943  4477  4477 I dex2oat : /system/bin/dex2oat --compiler-filter=verify-at-runtime
09-16 00:54:35.980  4477  4477 I dex2oat : dex2oat took 36.887ms (threads: 8) arena alloc=0B (0B) java alloc=27KB (28240B) native alloc=1141KB (1168624B) free=1418KB (1452816B)
09-16 00:54:35.982  3586  3586 I PackageManager.DexOptimizer: Running dexopt (dex2oat) on: /system/priv-app/StorageManager/StorageManager.apk pkg=com.android.storagemanager isa=arm64 vmSafeMode=false debuggable=false target-filter=verify-at-runtime oatDir = null sharedLibraries=null
09-16 00:54:35.997  4486  4486 I dex2oat : /system/bin/dex2oat --compiler-filter=verify-at-runtime
09-16 00:54:36.071  4486  4486 I dex2oat : dex2oat took 74.299ms (threads: 8) arena alloc=0B (0B) java alloc=31KB (32216B) native alloc=500KB (512752B) free=2MB (2632976B)
09-16 00:54:36.073  3586  3586 I PackageManager.DexOptimizer: Running dexopt (dex2oat) on: /system/app/BookmarkProvider/BookmarkProvider.apk pkg=com.android.bookmarkprovider isa=arm64 vmSafeMode=false debuggable=false target-filter=verify-at-runtime oatDir = null sharedLibraries=null
09-16 00:54:36.088  4495  4495 I dex2oat : /system/bin/dex2oat --compiler-filter=verify-at-runtime
09-16 00:54:36.107  4495  4495 I dex2oat : dex2oat took 19.247ms (threads: 8) arena alloc=0B (0B) java alloc=31KB (32216B) native alloc=878KB (899216B) free=1169KB (1197936B)
09-16 00:54:36.109  3586  3586 I PackageManager.DexOptimizer: Running dexopt (dex2oat) on: /system/priv-app/Eleven/Eleven.apk pkg=com.cyanogenmod.eleven isa=arm64 vmSafeMode=false debuggable=false target-filter=verify-at-runtime oatDir = null sharedLibraries=null
09-16 00:54:36.124  4504  4504 I dex2oat : /system/bin/dex2oat --compiler-filter=verify-at-runtime
09-16 00:54:36.334  4504  4504 I dex2oat : dex2oat took 209.960ms (threads: 8) arena alloc=0B (0B) java alloc=27KB (28240B) native alloc=806KB (825584B) free=2MB (2451216B)
09-16 00:54:36.337  3586  3586 I PackageManager.DexOptimizer: Running dexopt (dex2oat) on: /system/app/ExactCalculator/ExactCalculator.apk pkg=com.android.calculator2 isa=arm64 vmSafeMode=false debuggable=false target-filter=verify-at-runtime oatDir = null sharedLibraries=null
09-16 00:54:36.351  4513  4513 I dex2oat : /system/bin/dex2oat --compiler-filter=verify-at-runtime
09-16 00:54:36.430  4513  4513 I dex2oat : dex2oat took 78.780ms (threads: 8) arena alloc=0B (0B) java alloc=31KB (32216B) native alloc=1107KB (1133616B) free=1452KB (1487824B)
09-16 00:54:36.432  3586  3586 I PackageManager.DexOptimizer: Running dexopt (dex2oat) on: /system/priv-app/Updater/Updater.apk pkg=org.lineageos.updater isa=arm64 vmSafeMode=false debuggable=false target-filter=verify-at-runtime oatDir = null sharedLibraries=null
09-16 00:54:36.447  4522  4522 I dex2oat : /system/bin/dex2oat --compiler-filter=verify-at-runtime
09-16 00:54:36.580  4522  4522 I dex2oat : dex2oat took 132.932ms (threads: 8) arena alloc=0B (0B) java alloc=27KB (28240B) native alloc=534KB (546928B) free=2MB (2598800B)
09-16 00:54:36.582  3586  3586 I PackageManager.DexOptimizer: Running dexopt (dex2oat) on: /system/priv-app/VpnDialogs/VpnDialogs.apk pkg=com.android.vpndialogs isa=arm64 vmSafeMode=false debuggable=false target-filter=verify-at-runtime oatDir = null sharedLibraries=null
09-16 00:54:36.592  3177  3177 D gpsd    : WakeLock(Acquire,GPSD)
09-16 00:54:36.592  3177  3177 D gpsd    : WakeLock(Release,GPSD)
09-16 00:54:36.592  3177  3177 D gpsd    : WakeLock(Acquire,GPSD)
09-16 00:54:36.592  3177  3177 D gpsd    : WakeLock(Release,GPSD)
09-16 00:54:36.605  4531  4531 I dex2oat : /system/bin/dex2oat --compiler-filter=verify-at-runtime
09-16 00:54:36.607  4533  4533 V lhd     : GlLhdInterface::Init(/system/etc/lhd.conf)
09-16 00:54:36.607  4533  4533 E lhd     : SetCfgValue: Critical Error. Unknown configuration parameter "FlpName"="tcp"
09-16 00:54:36.607  4533  4533 V lhd     : SetCfgValue: LHD config "LheSerialControl"="BBD:Serial=TTY"
09-16 00:54:36.607  4533  4533 E lhd     : SetCfgValue: Critical Error. Unknown configuration parameter "LheClockMHz"="100"
09-16 00:54:36.607  4533  4533 V lhd     : SetCfgValue: LHD config "LhePatch"="/dev/bbd_patch"
09-16 00:54:36.607  4533  4533 V lhd     : SetCfgValue: LHD config "LheMaxMcuResetTries"="4"
09-16 00:54:36.607  4533  4533 V lhd     : SetCfgValue: LHD config "LheBbdPacket"="/dev/ttyBCM"
09-16 00:54:36.607  4533  4533 V lhd     : SetCfgValue: LHD config "LheBbdControl"="/dev/bbd_control"
09-16 00:54:36.607  4533  4533 V lhd     : SetCfgValue: LHD config "LheBbdSensor"="/dev/bbd_sensor"
09-16 00:54:36.607  4533  4533 V lhd     : SetCfgValue: LHD config "Lhe477xDebugFlags"="RPC:FACILITY=33:STDOUT_PUTS:STDOUT_LOG"
09-16 00:54:36.607  4533  4533 E lhd     : SetCfgValue: Critical Error. Unknown configuration parameter "LheSensorIpc"="true"
09-16 00:54:36.607  4533  4533 E lhd     : SetCfgValue: Critical Error. Unknown configuration parameter "LhePinMux"="P17=M1"
09-16 00:54:36.607  4533  4533 V lhd     : SetCfgValue: LHD config "LheAutoBaudDelayMS"="10"
09-16 00:54:36.607  4533  4533 V lhd     : SetCfgValue: LHD config "LheMaxMcuResetTries"="3"
09-16 00:54:36.608  4533  4533 E lhd     : OpenFirmwareFile: Fail to open /efs/sec_efs/sensorhub_urgent_fw.patch, errno 2
09-16 00:54:36.608  4533  4533 E lhd     : getCustPatchVersion: Fail to parse patch /efs/sec_efs/sensorhub_urgent_fw.patch
09-16 00:54:36.608  4533  4533 E lhd     : getCustPatchVersion: <CustomerVersion> not found
09-16 00:54:36.667  4531  4531 I dex2oat : dex2oat took 62.839ms (threads: 8) arena alloc=0B (0B) java alloc=27KB (28240B) native alloc=858KB (878672B) free=1189KB (1218480B)
09-16 00:54:36.667  4533  4533 D lhd     : OnIpcConnect
09-16 00:54:36.667  3177  3177 D gpsd    : WakeLock(Acquire,GPSD)
09-16 00:54:36.667  3177  3177 D gpsd    : WakeLock(Release,GPSD)
09-16 00:54:36.667  3177  3177 D gpsd    : WakeLock(Acquire,GPSD)
09-16 00:54:36.667  3177  3177 D gpsd    : WakeLock(Release,GPSD)
09-16 00:54:36.670  3586  3586 I PackageManager.DexOptimizer: Running dexopt (dex2oat) on: /system/app/Email/Email.apk pkg=com.android.email isa=arm64 vmSafeMode=false debuggable=false target-filter=verify-at-runtime oatDir = null sharedLibraries=null
09-16 00:54:36.685  4543  4543 I dex2oat : /system/bin/dex2oat --compiler-filter=verify-at-runtime
09-16 00:54:36.906  4543  4543 I dex2oat : dex2oat took 221.321ms (threads: 8) arena alloc=0B (0B) java alloc=27KB (28240B) native alloc=637KB (653184B) free=2MB (3016832B)
09-16 00:54:36.909  3586  3586 I PackageManager.DexOptimizer: Running dexopt (dex2oat) on: /system/app/WallpaperBackup/WallpaperBackup.apk pkg=com.android.wallpaperbackup isa=arm64 vmSafeMode=false debuggable=false target-filter=verify-at-runtime oatDir = null sharedLibraries=null
09-16 00:54:36.923  4552  4552 I dex2oat : /system/bin/dex2oat --compiler-filter=verify-at-runtime
09-16 00:54:36.985  4552  4552 I dex2oat : dex2oat took 61.714ms (threads: 8) arena alloc=0B (0B) java alloc=31KB (32216B) native alloc=861KB (881808B) free=1186KB (1215344B)
09-16 00:54:36.987  3586  3586 I PackageManager.DexOptimizer: Running dexopt (dex2oat) on: /system/priv-app/BlockedNumberProvider/BlockedNumberProvider.apk pkg=com.android.providers.blockednumber isa=arm64 vmSafeMode=false debuggable=false target-filter=verify-at-runtime oatDir = null sharedLibraries=null
09-16 00:54:37.002  4561  4561 I dex2oat : /system/bin/dex2oat --compiler-filter=verify-at-runtime
09-16 00:54:37.084  4561  4561 I dex2oat : dex2oat took 81.871ms (threads: 8) arena alloc=0B (0B) java alloc=27KB (28240B) native alloc=1094KB (1121008B) free=1465KB (1500432B)
09-16 00:54:37.086  3586  3586 I PackageManager.DexOptimizer: Running dexopt (dex2oat) on: /system/app/UserDictionaryProvider/UserDictionaryProvider.apk pkg=com.android.providers.userdictionary isa=arm64 vmSafeMode=false debuggable=false target-filter=verify-at-runtime oatDir = null sharedLibraries=null
09-16 00:54:37.101  4570  4570 I dex2oat : /system/bin/dex2oat --compiler-filter=verify-at-runtime
09-16 00:54:37.163  4570  4570 I dex2oat : dex2oat took 62.334ms (threads: 8) arena alloc=0B (0B) java alloc=27KB (28240B) native alloc=886KB (907472B) free=1161KB (1189680B)
09-16 00:54:37.166  3586  3586 I PackageManager.DexOptimizer: Running dexopt (dex2oat) on: /system/priv-app/EmergencyInfo/EmergencyInfo.apk pkg=com.android.emergency isa=arm64 vmSafeMode=false debuggable=false target-filter=verify-at-runtime oatDir = null sharedLibraries=null
09-16 00:54:37.180  4579  4579 I dex2oat : /system/bin/dex2oat --compiler-filter=verify-at-runtime
09-16 00:54:37.287  4579  4579 I dex2oat : dex2oat took 106.844ms (threads: 8) arena alloc=0B (0B) java alloc=31KB (32216B) native alloc=684KB (700528B) free=2MB (2445200B)
09-16 00:54:37.290  3586  3586 I PackageManager.DexOptimizer: Running dexopt (dex2oat) on: /system/app/DeskClock/DeskClock.apk pkg=com.android.deskclock isa=arm64 vmSafeMode=false debuggable=false target-filter=verify-at-runtime oatDir = null sharedLibraries=null
09-16 00:54:37.304  4588  4588 I dex2oat : /system/bin/dex2oat --compiler-filter=verify-at-runtime
09-16 00:54:37.442  4588  4588 I dex2oat : dex2oat took 137.912ms (threads: 8) arena alloc=0B (0B) java alloc=27KB (28240B) native alloc=438KB (449344B) free=2MB (2696384B)
09-16 00:54:37.445  3586  3586 I PackageManager.DexOptimizer: Running dexopt (dex2oat) on: /system/app/Exchange2/Exchange2.apk pkg=com.android.exchange isa=arm64 vmSafeMode=false debuggable=false target-filter=verify-at-runtime oatDir = null sharedLibraries=null
09-16 00:54:37.459  4597  4597 I dex2oat : /system/bin/dex2oat --compiler-filter=verify-at-runtime
09-16 00:54:37.641  4597  4597 I dex2oat : dex2oat took 182.125ms (threads: 8) arena alloc=0B (0B) java alloc=27KB (28240B) native alloc=587KB (601568B) free=2MB (2544160B)
09-16 00:54:37.644  3586  3586 I PackageManager.DexOptimizer: Running dexopt (dex2oat) on: /system/app/BluetoothMidiService/BluetoothMidiService.apk pkg=com.android.bluetoothmidiservice isa=arm64 vmSafeMode=false debuggable=false target-filter=verify-at-runtime oatDir = null sharedLibraries=null
09-16 00:54:37.659  4606  4606 I dex2oat : /system/bin/dex2oat --compiler-filter=verify-at-runtime
09-16 00:54:37.720  4606  4606 I dex2oat : dex2oat took 61.412ms (threads: 8) arena alloc=0B (0B) java alloc=31KB (32208B) native alloc=858KB (878992B) free=1189KB (1218160B)
09-16 00:54:37.722  3586  3586 I PackageManager.DexOptimizer: Running dexopt (dex2oat) on: /system/app/Bluetooth/Bluetooth.apk pkg=com.android.bluetooth isa=arm vmSafeMode=false debuggable=false target-filter=verify-at-runtime oatDir = null sharedLibraries=/system/framework/javax.obex.jar
09-16 00:54:37.737  4615  4615 I dex2oat : /system/bin/dex2oat --compiler-filter=verify-at-runtime
09-16 00:54:38.021  4615  4615 I dex2oat : dex2oat took 284.160ms (threads: 8) arena alloc=0B (0B) java alloc=31KB (32240B) native alloc=694KB (711392B) free=2MB (2958624B)
09-16 00:54:38.024  3586  3586 I PackageManager.DexOptimizer: Running dexopt (dex2oat) on: /system/app/Development/Development.apk pkg=com.android.development isa=arm64 vmSafeMode=false debuggable=false target-filter=verify-at-runtime oatDir = null sharedLibraries=/system/framework/android.test.runner.jar
09-16 00:54:38.038  4624  4624 I dex2oat : /system/bin/dex2oat --compiler-filter=verify-at-runtime
09-16 00:54:38.105  4624  4624 I dex2oat : dex2oat took 67.378ms (threads: 8) arena alloc=0B (0B) java alloc=31KB (32192B) native alloc=1072KB (1098128B) free=1487KB (1523312B)
09-16 00:54:38.108  3586  3586 I PackageManager.DexOptimizer: Running dexopt (dex2oat) on: /system/app/WallpaperPicker/WallpaperPicker.apk pkg=com.android.wallpaperpicker isa=arm64 vmSafeMode=false debuggable=false target-filter=verify-at-runtime oatDir = null sharedLibraries=null
09-16 00:54:38.123  4633  4633 I dex2oat : /system/bin/dex2oat --compiler-filter=verify-at-runtime
09-16 00:54:38.189  4633  4633 I dex2oat : dex2oat took 67.100ms (threads: 8) arena alloc=0B (0B) java alloc=31KB (32216B) native alloc=1073KB (1099696B) free=1486KB (1521744B)
09-16 00:54:38.192  3586  3586 I PackageManager.DexOptimizer: Running dexopt (dex2oat) on: /system/priv-app/ContactsProvider/ContactsProvider.apk pkg=com.android.providers.contacts isa=arm64 vmSafeMode=false debuggable=false target-filter=verify-at-runtime oatDir = null sharedLibraries=null
09-16 00:54:38.208  4642  4642 I dex2oat : /system/bin/dex2oat --compiler-filter=verify-at-runtime
09-16 00:54:38.307  4642  4642 I dex2oat : dex2oat took 100.242ms (threads: 8) arena alloc=0B (0B) java alloc=31KB (32216B) native alloc=1133KB (1160560B) free=1938KB (1985168B)
09-16 00:54:38.310  3586  3586 I PackageManager.DexOptimizer: Running dexopt (dex2oat) on: /system/app/CaptivePortalLogin/CaptivePortalLogin.apk pkg=com.android.captiveportallogin isa=arm64 vmSafeMode=false debuggable=false target-filter=verify-at-runtime oatDir = null sharedLibraries=null
09-16 00:54:38.325  4651  4651 I dex2oat : /system/bin/dex2oat --compiler-filter=verify-at-runtime
09-16 00:54:38.387  4651  4651 I dex2oat : dex2oat took 62.152ms (threads: 8) arena alloc=0B (0B) java alloc=31KB (32208B) native alloc=858KB (878736B) free=1189KB (1218416B)
09-16 00:54:38.389  3586  3586 I PackageManager.DexOptimizer: Running dexopt (dex2oat) on: /system/priv-app/WeatherProvider/WeatherProvider.apk pkg=org.cyanogenmod.weather.provider isa=arm64 vmSafeMode=false debuggable=false target-filter=verify-at-runtime oatDir = null sharedLibraries=null
09-16 00:54:38.404  4660  4660 I dex2oat : /system/bin/dex2oat --compiler-filter=verify-at-runtime
09-16 00:54:38.468  4660  4660 I dex2oat : dex2oat took 64.067ms (threads: 8) arena alloc=0B (0B) java alloc=31KB (32216B) native alloc=1070KB (1095824B) free=1489KB (1525616B)
09-16 00:54:38.471  3586  3586 W PackageManager: No disk maintenance in 1505523278471; running immediately
09-16 00:54:38.471  3586  3586 I SystemServer: StartLockSettingsService
09-16 00:54:38.471  3586  4031 I MountService: Running fstrim idle maintenance
09-16 00:54:38.471  3586  3586 I SystemServiceManager: Starting com.android.server.LockSettingsService$Lifecycle
09-16 00:54:38.472  3586  4031 D VoldConnector: SND -> {3 fstrim dotrim}
09-16 00:54:38.473  3586  4032 D VoldConnector: RCV <- {200 3 Command succeeded}
09-16 00:54:38.473  3074  4669 D vold    : Starting trim of /cache
09-16 00:54:38.485  3586  3586 I SystemServiceManager: Starting com.android.server.DeviceIdleController
09-16 00:54:38.488  3586  3586 I SystemServiceManager: Starting com.android.server.devicepolicy.DevicePolicyManagerService$Lifecycle
09-16 00:54:38.492  3586  3586 I SystemServer: StartStatusBarManagerService
09-16 00:54:38.494  3586  3586 I SystemServer: StartClipboardService
09-16 00:54:38.495  3586  3586 I SystemServer: StartNetworkManagementService
09-16 00:54:38.497  3586  4670 I NetworkManagement: onDaemonConnected()
09-16 00:54:38.499  3586  3586 I SystemServiceManager: Starting com.android.server.TextServicesManagerService$Lifecycle
09-16 00:54:38.506  3586  3586 I SystemServer: StartNetworkScoreService
09-16 00:54:38.507  3074  4669 I vold    : Trimmed 507375616 bytes on /cache in 33ms
09-16 00:54:38.507  3074  4669 D vold    : Starting trim of /data
09-16 00:54:38.507  3586  4032 D VoldConnector: RCV <- {662 /cache 507375616 33972038}
09-16 00:54:38.508  3586  3586 I SystemServer: StartNetworkStatsService
09-16 00:54:38.512  3586  3586 I SystemServer: StartNetworkPolicyManagerService
09-16 00:54:38.515  3586  3586 I SystemServer: No Wi-Fi NAN Service (NAN support Not Present)
09-16 00:54:38.515  3586  3586 I SystemServiceManager: Starting com.android.server.wifi.p2p.WifiP2pService
09-16 00:54:38.556  3586  3586 I WifiP2pService: Registering wifip2p
09-16 00:54:38.558  3586  3586 I SystemServiceManager: Starting com.android.server.wifi.WifiService
09-16 00:54:38.608  3586  3586 D WifiStateMachine: fst disabled
09-16 00:54:38.616  3586  3586 D HS20    : Passpoint is enabled, false
09-16 00:54:38.642  3189  3518 D CommandListener: Clearing all IP addresses on wlan0
09-16 00:54:38.843  3586  3586 W art     : Long monitor contention with owner WifiStateMachine (4676) at boolean com.android.server.wifi.WifiNative.unloadDriverNative()(WifiNative.java:-2) waiters=0 in java.lang.String com.android.server.wifi.WifiNative.doStringCommand(java.lang.String) for 200ms
09-16 00:54:38.843  3586  3586 E WifiLogger: no ring buffers found
09-16 00:54:38.843  3586  3586 E WifiLogger: Failed to start packet fate monitoring
09-16 00:54:38.844  3586  4676 D WifiApConfigStore: 2G band allowed channels are:1,6,11
09-16 00:54:38.848  3586  4676 E WifiApConfigStore: Error reading hotspot configuration java.io.FileNotFoundException: /data/misc/wifi/softap.conf (No such file or directory)
09-16 00:54:38.848  3586  4676 D WifiApConfigStore: Fallback to use default AP configuration
09-16 00:54:38.850  3586  3586 D WifiController: isAirplaneModeOn = false, isWifiEnabled = true, isScanningAvailable = false
09-16 00:54:38.854  3586  3586 E WifiService: ensureConcurrencyFile template file doesnt existjava.io.FileNotFoundException: /etc/wifi/wifi_concurrency_cfg.txt (No such file or directory)
09-16 00:54:38.854  3586  3586 I WifiService: Registering wifi
09-16 00:54:38.855  3586  3586 I SystemServiceManager: Starting com.android.server.wifi.scanner.WifiScanningService
09-16 00:54:38.855  3586  3586 I WifiScanningService: Creating wifiscanner
09-16 00:54:38.857  3586  3586 I WifiScanningService: Publishing wifiscanner
09-16 00:54:38.858  3586  3586 I SystemServiceManager: Starting com.android.server.wifi.RttService
09-16 00:54:38.859  3586  3586 I RttService: Creating rttmanager
09-16 00:54:38.859  3586  3586 I RttService: Starting rttmanager
09-16 00:54:38.860  3586  3586 I SystemServiceManager: Starting com.android.server.ethernet.EthernetService
09-16 00:54:38.860  3586  3586 I EthernetServiceImpl: Creating EthernetConfigStore
09-16 00:54:38.861  3586  3586 E IpConfigStore: Error parsing configuration: java.io.FileNotFoundException: /data/misc/ethernet/ipconfig.txt (No such file or directory)
09-16 00:54:38.861  3586  3586 W EthernetConfigStore: No Ethernet configuration found. Using default.
09-16 00:54:38.861  3586  3586 I EthernetServiceImpl: Read stored IP configuration: IP assignment: DHCP
09-16 00:54:38.861  3586  3586 I EthernetServiceImpl: Proxy settings: NONE
09-16 00:54:38.861  3586  3586 I EthernetService: Registering service ethernet
09-16 00:54:38.862  3586  3586 I SystemServer: StartConnectivityService
09-16 00:54:38.873  3586  3586 D ConnectivityService: ConnectivityService starting up
09-16 00:54:38.878  3586  3586 D ConnectivityService: wifiOnly=false
09-16 00:54:38.894  3586  3586 I SystemServer: StartNsdService
09-16 00:54:38.897  3586  3586 I SystemServer: StartUpdateLockService
09-16 00:54:38.899  3586  3586 I SystemServiceManager: Starting com.android.server.RecoverySystemService
09-16 00:54:38.900  3586  3586 I SystemServiceManager: Starting com.android.server.notification.NotificationManagerService
09-16 00:54:38.912  3586  3586 D ConditionProviders.SCP: new ScheduleConditionProvider()
09-16 00:54:38.939  3586  3586 D ZenLog  : set_zen_mode: off,init
09-16 00:54:38.952  3586  3586 I SystemServiceManager: Starting com.android.server.storage.DeviceStorageMonitorService
09-16 00:54:38.955  3586  3586 I SystemServer: StartLocationManagerService
09-16 00:54:38.957  3586  3586 I SystemServer: StartCountryDetectorService
09-16 00:54:38.958  3586  3586 I SystemServer: StartSearchManagerService
09-16 00:54:38.958  3586  3586 I SystemServiceManager: Starting com.android.server.search.SearchManagerService$Lifecycle
09-16 00:54:38.960  3586  3586 I SystemServiceManager: Starting com.android.server.DropBoxManagerService
09-16 00:54:38.962  3586  3586 I SystemServer: StartWallpaperManagerService
09-16 00:54:38.962  3586  3586 I SystemServiceManager: Starting com.android.server.wallpaper.WallpaperManagerService$Lifecycle
09-16 00:54:38.965  3586  3586 E BitmapFactory: Unable to decode stream: java.io.FileNotFoundException: /data/system/users/0/wallpaper_orig (No such file or directory)
09-16 00:54:38.965  3586  3586 E WallpaperManagerService: Invalid wallpaper data
09-16 00:54:38.965  3586  3586 E WallpaperManagerService: Unable to apply new wallpaper
09-16 00:54:38.965  3586  3586 W WallpaperManagerService: no current wallpaper -- first boot?
09-16 00:54:38.966  3586  3586 I SystemServer: StartAudioService
09-16 00:54:38.966  3586  3586 I SystemServiceManager: Starting com.android.server.audio.AudioService$Lifecycle
09-16 00:54:38.970  3180  3463 D PermissionCache: checking android.permission.MODIFY_AUDIO_SETTINGS for uid=1000 => granted (536 us)
09-16 00:54:38.971  3586  3586 W TelecomManager: Telecom Service not found.
09-16 00:54:38.976  3180  3434 W AudioFlinger: no wake lock to update, system not ready yet
09-16 00:54:38.976  3180  3431 W AudioFlinger: no wake lock to update, system not ready yet
09-16 00:54:39.010  3586  3586 I SystemServiceManager: Starting com.android.server.DockObserver
09-16 00:54:39.011  3586  3586 I SystemServer: StartWiredAccessoryManager
09-16 00:54:39.012  3586  3586 W WiredAccessoryManager: This kernel does not have usb audio support
09-16 00:54:39.013  3586  3586 I SystemServiceManager: Starting com.android.server.usb.UsbService$Lifecycle
09-16 00:54:39.017  3586  3586 E UsbDeviceManager: failed to write to /sys/class/android_usb/android0/f_rndis/ethaddr
