09-11 15:58:46.895  3178  3178 I MediaPlayerService: MediaPlayerService::getOMX
09-11 15:58:46.895  3621  3621 D ConditionProviders.SCP: Scheduling evaluate for Mon Sep 11 22:00:00 GMT-03:00 2017 (1505178000000), in +6h1m13s106ms, now=Mon Sep 11 15:58:46 GMT-03:00 2017 (1505156326894)
09-11 15:58:46.895  3178  3178 I OMXClient: MuxOMX ctor
09-11 15:58:46.896  3175  3225 I OMXMaster: makeComponentInstance(OMX.google.hevc.decoder) in mediacodec process
09-11 15:58:46.902  3621  3688 W LocalDisplayAdapter: Unable to find color mode 0, ignoring request.
09-11 15:58:46.903  3621  3621 I Telecom : WiredHeadsetManager: ACTION_HEADSET_PLUG event, plugged in: false, : WHC.oADA@AAE
09-11 15:58:46.903  3621  3621 I BrokerableCMSystemService: Implementation service connected
09-11 15:58:46.906  3621  3621 I ActivityManager: user 0 is still locked. Cannot load recents
09-11 15:58:46.909  3621  4671 I chatty  : uid=1000(system) NetworkStats expire 2 lines
09-11 15:58:46.916  3621  4686 E ActivityThread: Failed to find provider info for com.android.calendar
09-11 15:58:46.921  3621  4686 E ActivityThread: Failed to find provider info for com.android.calendar
09-11 15:58:46.929  3621  3681 I chatty  : uid=1000(system) ActivityManager expire 1 line
09-11 15:58:46.930  3621  3681 W KeyguardServiceDelegate: onScreenTurningOn(): no keyguard service!
09-11 15:58:46.930  3621  3688 I chatty  : uid=1000(system) android.display expire 3 lines
09-11 15:58:46.933  3175  4852 E OMXNodeInstance: getExtensionIndex(c670010:google.hevc.decoder, OMX.google.android.index.configureVideoTunnelMode) ERROR: UnsupportedIndex(0x8000101a)
09-11 15:58:46.933  3175  3175 W OMXNodeInstance: [c670010:google.hevc.decoder] component does not support metadata mode; using fallback
09-11 15:58:46.937  3178  3178 I MediaPlayerService: MediaPlayerService::getOMX
09-11 15:58:46.938  3178  3178 I OMXClient: MuxOMX ctor
09-11 15:58:46.938  3175  3225 I OMXMaster: makeComponentInstance(OMX.google.vp8.decoder) in mediacodec process
09-11 15:58:46.946  4885  4885 W System.err: Caused by: java.lang.ClassNotFoundException: Didn't find class "com.qualcomm.qti.internal.telephony.QtiTelephonyComponentFactory" on path: DexPathList[[],nativeLibraryDirectories=[/system/lib64, /vendor/lib64]]
09-11 15:58:46.946  4885  4885 W System.err: 	at dalvik.system.BaseDexClassLoader.findClass(BaseDexClassLoader.java:56)
09-11 15:58:46.946  4885  4885 W System.err: 	at java.lang.ClassLoader.loadClass(ClassLoader.java:380)
09-11 15:58:46.946  4885  4885 W System.err: 	at java.lang.ClassLoader.loadClass(ClassLoader.java:312)
09-11 15:58:46.946  4885  4885 W System.err: 	... 17 more
09-11 15:58:46.950  3175  4852 E OMXNodeInstance: getExtensionIndex(c670011:google.vp8.decoder, OMX.google.android.index.configureVideoTunnelMode) ERROR: UnsupportedIndex(0x8000101a)
09-11 15:58:46.950  3175  3175 W OMXNodeInstance: [c670011:google.vp8.decoder] component does not support metadata mode; using fallback
09-11 15:58:46.959  3621  3679 D CryptdConnector: SND -> {3 cryptfs getpw}
09-11 15:58:46.960  3178  3178 I MediaPlayerService: MediaPlayerService::getOMX
09-11 15:58:46.960  3065  3135 D VoldCryptCmdListener: cryptfs getpw
09-11 15:58:46.961  3621  4043 D CryptdConnector: RCV <- {200 3 -1}
09-11 15:58:46.961  3178  3178 I OMXClient: MuxOMX ctor
09-11 15:58:46.961  3621  3679 D CryptdConnector: SND -> {4 cryptfs clearpw}
09-11 15:58:46.962  3065  3135 D VoldCryptCmdListener: cryptfs clearpw
09-11 15:58:46.963  3621  4043 D CryptdConnector: RCV <- {200 4 0}
09-11 15:58:46.964  3175  3225 I OMXMaster: makeComponentInstance(OMX.google.vp9.decoder) in mediacodec process
09-11 15:58:46.966  4744  4744 D ClockController: onTuningChanged key=cmsystem:status_bar_clock value=null
09-11 15:58:46.972  3175  3175 E OMXNodeInstance: getExtensionIndex(c670012:google.vp9.decoder, OMX.google.android.index.configureVideoTunnelMode) ERROR: UnsupportedIndex(0x8000101a)
09-11 15:58:46.973  3175  3225 W OMXNodeInstance: [c670012:google.vp9.decoder] component does not support metadata mode; using fallback
09-11 15:58:46.977  4744  4744 D ClockController: onTuningChanged key=cmsystem:status_bar_am_pm value=null
09-11 15:58:46.979  4744  4744 D ClockController: onTuningChanged key=clock_seconds value=null
09-11 15:58:46.986  3178  3178 I MediaPlayerService: MediaPlayerService::getOMX
09-11 15:58:46.987  3178  3178 I OMXClient: MuxOMX ctor
09-11 15:58:46.987  3175  4852 I OMXMaster: makeComponentInstance(OMX.google.h263.encoder) in mediacodec process
09-11 15:58:47.009  3175  4852 I SoftMPEG4Encoder: Construct SoftMPEG4Encoder
09-11 15:58:47.012  3178  3178 W ACodec  : do not know color format 0x7f000789 = 2130708361
09-11 15:58:47.012  3175  4852 E OMXNodeInstance: getConfig(c670013:google.h263.encoder, ConfigAndroidIntraRefresh(0x6f60000a)) ERROR: Undefined(0x80001001)
09-11 15:58:47.017  3178  3178 I MediaPlayerService: MediaPlayerService::getOMX
09-11 15:58:47.018  3178  3178 I OMXClient: MuxOMX ctor
09-11 15:58:47.018  4744  4744 D LocalBluetoothProfileManager: Adding local MAP profile
09-11 15:58:47.018  3175  4852 I OMXMaster: makeComponentInstance(OMX.google.h264.encoder) in mediacodec process
09-11 15:58:47.019  4744  4744 D BluetoothMap: Create BluetoothMap proxy object
09-11 15:58:47.022  4744  4744 D LocalBluetoothProfileManager: LocalBluetoothProfileManager construction complete
09-11 15:58:47.050  4744  4744 I CameraManagerGlobal: Connecting to camera service
09-11 15:58:47.055  3578  3579 E CameraService: getCameraVendorTagDescriptor: camera hardware module doesn't exist
09-11 15:58:47.070  3178  3178 W ACodec  : do not know color format 0x7f000789 = 2130708361
09-11 15:58:47.073  3178  3178 I MediaPlayerService: MediaPlayerService::getOMX
09-11 15:58:47.073  3178  3178 I OMXClient: MuxOMX ctor
09-11 15:58:47.074  3175  4852 I OMXMaster: makeComponentInstance(OMX.google.mpeg4.encoder) in mediacodec process
09-11 15:58:47.076  3175  4852 I SoftMPEG4Encoder: Construct SoftMPEG4Encoder
09-11 15:58:47.078  3178  3178 W ACodec  : do not know color format 0x7f000789 = 2130708361
09-11 15:58:47.078  3175  3225 E OMXNodeInstance: getConfig(c670015:google.mpeg4.encoder, ConfigAndroidIntraRefresh(0x6f60000a)) ERROR: Undefined(0x80001001)
09-11 15:58:47.087  3178  3178 I MediaPlayerService: MediaPlayerService::getOMX
09-11 15:58:47.089  3178  3178 I OMXClient: MuxOMX ctor
09-11 15:58:47.090  3175  3225 I OMXMaster: makeComponentInstance(OMX.google.vp8.encoder) in mediacodec process
09-11 15:58:47.104  3178  3178 W ACodec  : do not know color format 0x7f000789 = 2130708361
09-11 15:58:47.105  3175  3175 E OMXNodeInstance: getConfig(c670016:google.vp8.encoder, ConfigAndroidIntraRefresh(0x6f60000a)) ERROR: Undefined(0x80001001)
09-11 15:58:47.107  3178  3178 I MediaPlayerService: MediaPlayerService::getOMX
09-11 15:58:47.108  3178  3178 I OMXClient: MuxOMX ctor
09-11 15:58:47.108  3175  3175 I OMXMaster: makeComponentInstance(OMX.google.mp3.decoder) in mediacodec process
09-11 15:58:47.110  3621  3679 I ActivityManager: Start proc 5038:org.cyanogenmod.weather.provider/u0a32 for content provider org.cyanogenmod.weather.provider/.WeatherContentProvider
09-11 15:58:47.124  3178  3178 I MediaPlayerService: MediaPlayerService::getOMX
09-11 15:58:47.125  3178  3178 I OMXClient: MuxOMX ctor
09-11 15:58:47.126  3175  3225 I OMXMaster: makeComponentInstance(OMX.google.amrnb.decoder) in mediacodec process
09-11 15:58:47.136  3178  3178 I MediaPlayerService: MediaPlayerService::getOMX
09-11 15:58:47.137  3178  3178 I OMXClient: MuxOMX ctor
09-11 15:58:47.138  3175  4852 I OMXMaster: makeComponentInstance(OMX.google.amrwb.decoder) in mediacodec process
09-11 15:58:47.140  3621  3681 I ActivityManager: Start proc 5055:com.android.cellbroadcastreceiver/u0a8 for broadcast com.android.cellbroadcastreceiver/.CellBroadcastReceiver
09-11 15:58:47.150  3178  3178 I MediaPlayerService: MediaPlayerService::getOMX
09-11 15:58:47.151  3178  3178 I OMXClient: MuxOMX ctor
09-11 15:58:47.152  3175  3225 I OMXMaster: makeComponentInstance(OMX.google.aac.decoder) in mediacodec process
09-11 15:58:47.166  3178  3178 I MediaPlayerService: MediaPlayerService::getOMX
09-11 15:58:47.168  3178  3178 I OMXClient: MuxOMX ctor
09-11 15:58:47.169  3175  3175 I OMXMaster: makeComponentInstance(OMX.google.g711.alaw.decoder) in mediacodec process
09-11 15:58:47.177  3178  3178 I MediaPlayerService: MediaPlayerService::getOMX
09-11 15:58:47.178  3178  3178 I OMXClient: MuxOMX ctor
09-11 15:58:47.179  5038  5038 W System  : ClassLoader referenced unknown path: /system/priv-app/WeatherProvider/lib/arm64
09-11 15:58:47.179  3175  4852 I OMXMaster: makeComponentInstance(OMX.google.g711.mlaw.decoder) in mediacodec process
09-11 15:58:47.186  3178  3178 I MediaPlayerService: MediaPlayerService::getOMX
09-11 15:58:47.187  3178  3178 I OMXClient: MuxOMX ctor
09-11 15:58:47.187  3175  3225 I OMXMaster: makeComponentInstance(OMX.google.vorbis.decoder) in mediacodec process
09-11 15:58:47.196  3178  3178 I MediaPlayerService: MediaPlayerService::getOMX
09-11 15:58:47.197  3178  3178 I OMXClient: MuxOMX ctor
09-11 15:58:47.198  3175  3175 I OMXMaster: makeComponentInstance(OMX.google.opus.decoder) in mediacodec process
09-11 15:58:47.209  3178  3178 I MediaPlayerService: MediaPlayerService::getOMX
09-11 15:58:47.212  3178  3178 I OMXClient: MuxOMX ctor
09-11 15:58:47.212  3175  4852 I OMXMaster: makeComponentInstance(OMX.google.raw.decoder) in mediacodec process
09-11 15:58:47.213  5055  5055 W System  : ClassLoader referenced unknown path: /system/priv-app/CellBroadcastReceiver/lib/arm64
09-11 15:58:47.222  3178  3178 I MediaPlayerService: MediaPlayerService::getOMX
09-11 15:58:47.223  3178  3178 I OMXClient: MuxOMX ctor
09-11 15:58:47.223  3175  3225 I OMXMaster: makeComponentInstance(OMX.google.aac.encoder) in mediacodec process
09-11 15:58:47.235  3178  3178 I MediaPlayerService: MediaPlayerService::getOMX
09-11 15:58:47.236  3178  3178 I OMXClient: MuxOMX ctor
09-11 15:58:47.237  3175  3175 I OMXMaster: makeComponentInstance(OMX.google.amrnb.encoder) in mediacodec process
09-11 15:58:47.251  3178  3178 I MediaPlayerService: MediaPlayerService::getOMX
09-11 15:58:47.252  3178  3178 I OMXClient: MuxOMX ctor
09-11 15:58:47.252  3175  4852 I OMXMaster: makeComponentInstance(OMX.google.amrwb.encoder) in mediacodec process
09-11 15:58:47.261  3178  3178 I MediaPlayerService: MediaPlayerService::getOMX
09-11 15:58:47.262  3178  3178 I OMXClient: MuxOMX ctor
09-11 15:58:47.262  3175  3225 I OMXMaster: makeComponentInstance(OMX.google.flac.encoder) in mediacodec process
09-11 15:58:47.275  5055  5055 D CellBroadcastReceiver: onReceive Intent { act=android.intent.action.SIM_STATE_CHANGED flg=0x4000010 cmp=com.android.cellbroadcastreceiver/.CellBroadcastReceiver (has extras) }
09-11 15:58:47.275  3178  3178 I MediaPlayerService: MediaPlayerService::getOMX
09-11 15:58:47.275  3178  3178 I OMXClient: MuxOMX ctor
09-11 15:58:47.276  3175  3175 I OMXMaster: makeComponentInstance(OMX.google.gsm.decoder) in mediacodec process
09-11 15:58:47.292  3178  3178 I MediaPlayerService: MediaPlayerService::getOMX
09-11 15:58:47.293  3178  3178 I OMXClient: MuxOMX ctor
09-11 15:58:47.294  3175  4852 I OMXMaster: makeComponentInstance(OMX.ffmpeg.aac.decoder) in mediacodec process
09-11 15:58:47.294  3175  4852 V FFmpegOMXPlugin: makeComponentInstance 'OMX.ffmpeg.aac.decoder'
09-11 15:58:47.295  3175  4852 D SoftFFmpegAudio: SoftFFmpegAudio component: OMX.ffmpeg.aac.decoder mCodingType: 21
09-11 15:58:47.306  4744  5108 E ActivityThread: Failed to find provider info for com.android.contacts
09-11 15:58:47.318  4744  4847 D OpenGLRenderer: profile bars disabled
09-11 15:58:47.318  4744  4847 D OpenGLRenderer: ambientRatio = 1.50
09-11 15:58:47.321  3175  3175 E OMXNodeInstance: getParameter(c670025:ffmpeg.aac.decoder, ??(0x6f400005)) ERROR: UnsupportedIndex(0x8000101a)
09-11 15:58:47.322  3178  3178 W ACodec  : component OMX.ffmpeg.aac.decoder doesn't support profile query.
09-11 15:58:47.326  3178  3178 I MediaPlayerService: MediaPlayerService::getOMX
09-11 15:58:47.327  3178  3178 I OMXClient: MuxOMX ctor
09-11 15:58:47.327  3175  3175 I OMXMaster: makeComponentInstance(OMX.ffmpeg.ac3.decoder) in mediacodec process
09-11 15:58:47.327  3175  3175 V FFmpegOMXPlugin: makeComponentInstance 'OMX.ffmpeg.ac3.decoder'
09-11 15:58:47.328  3175  3175 D SoftFFmpegAudio: SoftFFmpegAudio component: OMX.ffmpeg.ac3.decoder mCodingType: 2130706434
09-11 15:58:47.331  3178  3178 I MediaPlayerService: MediaPlayerService::getOMX
09-11 15:58:47.331  3178  3178 I OMXClient: MuxOMX ctor
09-11 15:58:47.332  3175  4852 I OMXMaster: makeComponentInstance(OMX.ffmpeg.alac.decoder) in mediacodec process
09-11 15:58:47.332  3175  4852 V FFmpegOMXPlugin: makeComponentInstance 'OMX.ffmpeg.alac.decoder'
09-11 15:58:47.332  3175  4852 D SoftFFmpegAudio: SoftFFmpegAudio component: OMX.ffmpeg.alac.decoder mCodingType: 2130706437
09-11 15:58:47.336  4744  4744 D PhoneStatusBar: disable: < EXPAND* icons alerts system_info BACK* HOME* RECENT* clock SEARCH* quick_settings >
09-11 15:58:47.337  3178  3178 I MediaPlayerService: MediaPlayerService::getOMX
09-11 15:58:47.338  3178  3178 I OMXClient: MuxOMX ctor
09-11 15:58:47.338  3175  3225 I OMXMaster: makeComponentInstance(OMX.ffmpeg.ape.decoder) in mediacodec process
09-11 15:58:47.339  3175  3225 V FFmpegOMXPlugin: makeComponentInstance 'OMX.ffmpeg.ape.decoder'
09-11 15:58:47.339  3175  3225 D SoftFFmpegAudio: SoftFFmpegAudio component: OMX.ffmpeg.ape.decoder mCodingType: 2130706435
09-11 15:58:47.343  3178  3178 I MediaPlayerService: MediaPlayerService::getOMX
09-11 15:58:47.344  3178  3178 I OMXClient: MuxOMX ctor
09-11 15:58:47.345  3175  3175 I OMXMaster: makeComponentInstance(OMX.ffmpeg.atrial.decoder) in mediacodec process
09-11 15:58:47.345  3175  3175 V FFmpegOMXPlugin: makeComponentInstance 'OMX.ffmpeg.atrial.decoder'
09-11 15:58:47.346  3175  3175 D SoftFFmpegAudio: SoftFFmpegAudio component: OMX.ffmpeg.atrial.decoder mCodingType: 1
09-11 15:58:47.351  3178  3178 I MediaPlayerService: MediaPlayerService::getOMX
09-11 15:58:47.352  3178  3178 I OMXClient: MuxOMX ctor
09-11 15:58:47.353  3175  4852 I OMXMaster: makeComponentInstance(OMX.ffmpeg.dts.decoder) in mediacodec process
09-11 15:58:47.353  3175  4852 V FFmpegOMXPlugin: makeComponentInstance 'OMX.ffmpeg.dts.decoder'
09-11 15:58:47.353  3175  4852 D SoftFFmpegAudio: SoftFFmpegAudio component: OMX.ffmpeg.dts.decoder mCodingType: 2130706436
09-11 15:58:47.358  3178  3178 I MediaPlayerService: MediaPlayerService::getOMX
09-11 15:58:47.359  3178  3178 I OMXClient: MuxOMX ctor
09-11 15:58:47.359  3175  3225 I OMXMaster: makeComponentInstance(OMX.ffmpeg.flac.decoder) in mediacodec process
09-11 15:58:47.360  3175  3225 V FFmpegOMXPlugin: makeComponentInstance 'OMX.ffmpeg.flac.decoder'
09-11 15:58:47.360  3175  3225 D SoftFFmpegAudio: SoftFFmpegAudio component: OMX.ffmpeg.flac.decoder mCodingType: 28
09-11 15:58:47.363  3178  3178 I MediaPlayerService: MediaPlayerService::getOMX
09-11 15:58:47.364  3178  3178 I OMXClient: MuxOMX ctor
09-11 15:58:47.368  3175  3175 I OMXMaster: makeComponentInstance(OMX.ffmpeg.mp2.decoder) in mediacodec process
09-11 15:58:47.368  3175  3175 V FFmpegOMXPlugin: makeComponentInstance 'OMX.ffmpeg.mp2.decoder'
09-11 15:58:47.368  3175  3175 D SoftFFmpegAudio: SoftFFmpegAudio component: OMX.ffmpeg.mp2.decoder mCodingType: 2130706433
09-11 15:58:47.376  3178  3178 I MediaPlayerService: MediaPlayerService::getOMX
09-11 15:58:47.377  3178  3178 I OMXClient: MuxOMX ctor
09-11 15:58:47.377  3175  4852 I OMXMaster: makeComponentInstance(OMX.ffmpeg.ra.decoder) in mediacodec process
09-11 15:58:47.377  3175  4852 V FFmpegOMXPlugin: makeComponentInstance 'OMX.ffmpeg.ra.decoder'
09-11 15:58:47.378  3175  4852 D SoftFFmpegAudio: SoftFFmpegAudio component: OMX.ffmpeg.ra.decoder mCodingType: 26
09-11 15:58:47.382  3178  3178 I MediaPlayerService: MediaPlayerService::getOMX
09-11 15:58:47.384  3178  3178 I OMXClient: MuxOMX ctor
09-11 15:58:47.385  3175  3225 I OMXMaster: makeComponentInstance(OMX.ffmpeg.wma.decoder) in mediacodec process
09-11 15:58:47.385  3175  3225 V FFmpegOMXPlugin: makeComponentInstance 'OMX.ffmpeg.wma.decoder'
09-11 15:58:47.385  3175  3225 D SoftFFmpegAudio: SoftFFmpegAudio component: OMX.ffmpeg.wma.decoder mCodingType: 25
09-11 15:58:47.391  3178  3178 I MediaPlayerService: MediaPlayerService::getOMX
09-11 15:58:47.392  3178  3178 I OMXClient: MuxOMX ctor
09-11 15:58:47.392  3175  3175 I OMXMaster: makeComponentInstance(OMX.ffmpeg.divx.decoder) in mediacodec process
09-11 15:58:47.392  3175  3175 V FFmpegOMXPlugin: makeComponentInstance 'OMX.ffmpeg.divx.decoder'
09-11 15:58:47.393  3175  3175 D SoftFFmpegVideo: SoftFFmpegVideo component: OMX.ffmpeg.divx.decoder codingType=2130706435 appData: 0xf672a2a0
09-11 15:58:47.398  3175  4852 E OMXNodeInstance: getExtensionIndex(c67002f:ffmpeg.divx.decoder, OMX.google.android.index.configureVideoTunnelMode) ERROR: UnsupportedIndex(0x8000101a)
09-11 15:58:47.398  3175  3225 W OMXNodeInstance: [c67002f:ffmpeg.divx.decoder] component does not support metadata mode; using fallback
09-11 15:58:47.400  3178  3178 I MediaPlayerService: MediaPlayerService::getOMX
09-11 15:58:47.401  3178  3178 I OMXClient: MuxOMX ctor
09-11 15:58:47.401  3175  3175 I OMXMaster: makeComponentInstance(OMX.ffmpeg.flv1.decoder) in mediacodec process
09-11 15:58:47.401  3175  3175 V FFmpegOMXPlugin: makeComponentInstance 'OMX.ffmpeg.flv1.decoder'
09-11 15:58:47.402  3175  3175 D SoftFFmpegVideo: SoftFFmpegVideo component: OMX.ffmpeg.flv1.decoder codingType=2130706434 appData: 0xf672a460
09-11 15:58:47.407  3175  4852 E OMXNodeInstance: getExtensionIndex(c670030:ffmpeg.flv1.decoder, OMX.google.android.index.configureVideoTunnelMode) ERROR: UnsupportedIndex(0x8000101a)
09-11 15:58:47.408  3175  3225 W OMXNodeInstance: [c670030:ffmpeg.flv1.decoder] component does not support metadata mode; using fallback
09-11 15:58:47.412  3178  3178 I MediaPlayerService: MediaPlayerService::getOMX
09-11 15:58:47.413  3178  3178 I OMXClient: MuxOMX ctor
09-11 15:58:47.414  3175  3175 I OMXMaster: makeComponentInstance(OMX.ffmpeg.mpeg2.decoder) in mediacodec process
09-11 15:58:47.414  3175  3175 V FFmpegOMXPlugin: makeComponentInstance 'OMX.ffmpeg.mpeg2.decoder'
09-11 15:58:47.414  3175  3175 D SoftFFmpegVideo: SoftFFmpegVideo component: OMX.ffmpeg.mpeg2.decoder codingType=2 appData: 0xf69b2380
09-11 15:58:47.423  3175  4852 E OMXNodeInstance: getExtensionIndex(c670031:ffmpeg.mpeg2.decoder, OMX.google.android.index.configureVideoTunnelMode) ERROR: UnsupportedIndex(0x8000101a)
09-11 15:58:47.424  3175  3225 W OMXNodeInstance: [c670031:ffmpeg.mpeg2.decoder] component does not support metadata mode; using fallback
09-11 15:58:47.426  3178  3178 I MediaPlayerService: MediaPlayerService::getOMX
09-11 15:58:47.427  3178  3178 I OMXClient: MuxOMX ctor
09-11 15:58:47.428  3175  3175 I OMXMaster: makeComponentInstance(OMX.ffmpeg.mpeg4.decoder) in mediacodec process
09-11 15:58:47.428  3175  3175 V FFmpegOMXPlugin: makeComponentInstance 'OMX.ffmpeg.mpeg4.decoder'
09-11 15:58:47.428  3175  3175 D SoftFFmpegVideo: SoftFFmpegVideo component: OMX.ffmpeg.mpeg4.decoder codingType=4 appData: 0xf672a000
09-11 15:58:47.433  3175  3175 E OMXNodeInstance: getExtensionIndex(c670032:ffmpeg.mpeg4.decoder, OMX.google.android.index.configureVideoTunnelMode) ERROR: UnsupportedIndex(0x8000101a)
09-11 15:58:47.434  3175  4852 W OMXNodeInstance: [c670032:ffmpeg.mpeg4.decoder] component does not support metadata mode; using fallback
09-11 15:58:47.437  3178  3178 I MediaPlayerService: MediaPlayerService::getOMX
09-11 15:58:47.438  3178  3178 I OMXClient: MuxOMX ctor
09-11 15:58:47.438  3175  3175 I OMXMaster: makeComponentInstance(OMX.ffmpeg.rv.decoder) in mediacodec process
09-11 15:58:47.438  3175  3175 V FFmpegOMXPlugin: makeComponentInstance 'OMX.ffmpeg.rv.decoder'
09-11 15:58:47.438  3175  3175 D SoftFFmpegVideo: SoftFFmpegVideo component: OMX.ffmpeg.rv.decoder codingType=6 appData: 0xf69b2000
09-11 15:58:47.443  3621  5142 I chatty  : uid=1000(system) Thread-6 expire 2 lines
09-11 15:58:47.447  5143  5143 I init    : type=1400 audit(0.0:167): avc: denied { create } for name="wpa_wlan0" scontext=u:r:init:s0 tcontext=u:object_r:socket_device:s0 tclass=sock_file permissive=1
09-11 15:58:47.447  5143  5143 W init    : type=1300 audit(0.0:167): arch=c00000b7 syscall=200 success=yes exit=0 a0=9 a1=7fd9e3b128 a2=6e a3=11 items=0 ppid=1 auid=4294967295 uid=0 gid=0 euid=0 suid=0 fsuid=0 egid=0 sgid=0 fsgid=0 tty=(none) ses=4294967295 exe="/init" subj=u:r:init:s0 key=(null)
09-11 15:58:47.447  3074  3074 W auditd  : type=1327 audit(0.0:167): proctitle=2F696E6974002D2D7365636F6E642D7374616765
09-11 15:58:47.447  3074  3074 W auditd  : type=1320 audit(0.0:167): 
09-11 15:58:47.447  5143  5143 I init    : type=1400 audit(0.0:168): avc: denied { setattr } for name="wpa_wlan0" dev="tmpfs" ino=1965 scontext=u:r:init:s0 tcontext=u:object_r:socket_device:s0 tclass=sock_file permissive=1
09-11 15:58:47.447  5143  5143 W init    : type=1300 audit(0.0:168): arch=c00000b7 syscall=54 success=yes exit=0 a0=ffffff9c a1=7fd9e3b12a a2=3f2 a3=3f2 items=0 ppid=1 auid=4294967295 uid=0 gid=0 euid=0 suid=0 fsuid=0 egid=0 sgid=0 fsgid=0 tty=(none) ses=4294967295 exe="/init" subj=u:r:init:s0 key=(null)
09-11 15:58:47.447  3074  3074 W auditd  : type=1327 audit(0.0:168): proctitle=2F696E6974002D2D7365636F6E642D7374616765
09-11 15:58:47.447  3074  3074 W auditd  : type=1320 audit(0.0:168): 
09-11 15:58:47.453  3175  4852 E OMXNodeInstance: getExtensionIndex(c670033:ffmpeg.rv.decoder, OMX.google.android.index.configureVideoTunnelMode) ERROR: UnsupportedIndex(0x8000101a)
09-11 15:58:47.453  3175  3225 W OMXNodeInstance: [c670033:ffmpeg.rv.decoder] component does not support metadata mode; using fallback
09-11 15:58:47.455  3178  3178 I MediaPlayerService: MediaPlayerService::getOMX
09-11 15:58:47.455  3178  3178 I OMXClient: MuxOMX ctor
09-11 15:58:47.456  3175  3175 I OMXMaster: makeComponentInstance(OMX.ffmpeg.vc1.decoder) in mediacodec process
09-11 15:58:47.456  3175  3175 V FFmpegOMXPlugin: makeComponentInstance 'OMX.ffmpeg.vc1.decoder'
09-11 15:58:47.456  3175  3175 D SoftFFmpegVideo: SoftFFmpegVideo component: OMX.ffmpeg.vc1.decoder codingType=2130706433 appData: 0xf69b21c0
09-11 15:58:47.458  3175  4852 E OMXNodeInstance: getExtensionIndex(c670034:ffmpeg.vc1.decoder, OMX.google.android.index.configureVideoTunnelMode) ERROR: UnsupportedIndex(0x8000101a)
09-11 15:58:47.458  3175  3225 W OMXNodeInstance: [c670034:ffmpeg.vc1.decoder] component does not support metadata mode; using fallback
09-11 15:58:47.465  4885  4885 D PhoneSwitcherNetworkRequstListener: Registering NetworkFactory
09-11 15:58:47.466  3178  3178 I MediaPlayerService: MediaPlayerService::getOMX
09-11 15:58:47.467  3621  4680 D ConnectivityService: Got NetworkFactory Messenger for PhoneSwitcherNetworkRequstListener
09-11 15:58:47.467  3178  3178 I OMXClient: MuxOMX ctor
09-11 15:58:47.468  3175  3175 I OMXMaster: makeComponentInstance(OMX.ffmpeg.vtrial.decoder) in mediacodec process
09-11 15:58:47.468  3175  3175 V FFmpegOMXPlugin: makeComponentInstance 'OMX.ffmpeg.vtrial.decoder'
09-11 15:58:47.468  3175  3175 D SoftFFmpegVideo: SoftFFmpegVideo component: OMX.ffmpeg.vtrial.decoder codingType=1 appData: 0xf69b22a0
09-11 15:58:47.470  3175  4852 E OMXNodeInstance: getExtensionIndex(c670035:ffmpeg.vtrial.decoder, OMX.google.android.index.configureVideoTunnelMode) ERROR: UnsupportedIndex(0x8000101a)
09-11 15:58:47.470  3621  4680 D ConnectivityService: Got NetworkFactory Messenger for TelephonyNetworkFactory[0]
09-11 15:58:47.470  3175  3225 W OMXNodeInstance: [c670035:ffmpeg.vtrial.decoder] component does not support metadata mode; using fallback
09-11 15:58:47.470  3621  4680 D ConnectivityService: Got NetworkFactory Messenger for TelephonyNetworkFactory[1]
09-11 15:58:47.473  3178  3178 I MediaPlayerService: MediaPlayerService::getOMX
09-11 15:58:47.475  3178  3178 I OMXClient: MuxOMX ctor
09-11 15:58:47.475  3175  3175 I OMXMaster: makeComponentInstance(OMX.ffmpeg.wmv.decoder) in mediacodec process
09-11 15:58:47.475  3175  3175 V FFmpegOMXPlugin: makeComponentInstance 'OMX.ffmpeg.wmv.decoder'
09-11 15:58:47.475  3175  3175 D SoftFFmpegVideo: SoftFFmpegVideo component: OMX.ffmpeg.wmv.decoder codingType=5 appData: 0xf69b20e0
09-11 15:58:47.476  3175  4852 E OMXNodeInstance: getExtensionIndex(c670036:ffmpeg.wmv.decoder, OMX.google.android.index.configureVideoTunnelMode) ERROR: UnsupportedIndex(0x8000101a)
09-11 15:58:47.477  3175  3225 W OMXNodeInstance: [c670036:ffmpeg.wmv.decoder] component does not support metadata mode; using fallback
09-11 15:58:47.485  3178  3178 I MediaPlayerService: MediaPlayerService::getOMX
09-11 15:58:47.485  3178  3178 I OMXClient: MuxOMX ctor
09-11 15:58:47.486  3178  3178 W MediaCodecList: unable to open media codecs configuration xml file: /etc/media_codecs_performance.xml
09-11 15:58:47.486  3178  3178 I MediaPlayerService: MediaPlayerService::getOMX
09-11 15:58:47.488  4885  5151 E ActivityThread: Failed to find provider info for com.android.contacts
09-11 15:58:47.488  4885  5151 W CallerInfoCache: cursor is null
09-11 15:58:47.488  3178  3178 I OMXClient: MuxOMX ctor
09-11 15:58:47.489  4885  4885 D CarrierConfigLoader: CarrierConfigLoader has started
09-11 15:58:47.489  3178  3178 W MediaCodecList: unable to open media codecs configuration xml file: /data/misc/media/media_codecs_profiling_results.xml
09-11 15:58:47.490  3178  3178 I MediaPlayerService: MediaPlayerService::getOMX
09-11 15:58:47.491  3178  3242 I MediaPlayerService: MediaPlayerService::getOMX
09-11 15:58:47.492  3621  4778 I chatty  : uid=1000 system_server expire 1 line
09-11 15:58:47.492  4744  4823 I OMXClient: MuxOMX ctor
09-11 15:58:47.493  3621  4758 D BluetoothManagerService: Trying to bind to profile: 1, while Bluetooth was disabled
09-11 15:58:47.494  3175  3175 I OMXMaster: makeComponentInstance(OMX.google.vorbis.decoder) in mediacodec process
09-11 15:58:47.498  3175  3175 I OMXMaster: makeComponentInstance(OMX.google.vorbis.decoder) in mediacodec process
09-11 15:58:47.504  5143  5143 I wpa_supplicant: Successfully initialized wpa_supplicant
09-11 15:58:47.508  5143  5143 I wpa_supplicant: rfkill: Cannot open RFKILL control device
09-11 15:58:47.543  4676  4676 I WifiStateMachin: type=1400 audit(0.0:169): avc: denied { write } for name="wpa_wlan0" dev="tmpfs" ino=1965 scontext=u:r:system_server:s0 tcontext=u:object_r:socket_device:s0 tclass=sock_file permissive=1
09-11 15:58:47.543  4676  4676 W WifiStateMachin: type=1300 audit(0.0:169): arch=c00000b7 syscall=203 success=yes exit=0 a0=d4 a1=7f75afb868 a2=18 a3=7f935cf1f0 items=0 ppid=3166 auid=4294967295 uid=1000 gid=1000 euid=1000 suid=1000 fsuid=1000 egid=1000 sgid=1000 fsgid=1000 tty=(none) ses=4294967295 exe="/system/bin/app_process64" subj=u:r:system_server:s0 key=(null)
09-11 15:58:47.543  3074  3074 W auditd  : type=1327 audit(0.0:169): proctitle="system_server"
09-11 15:58:47.543  3074  3074 W auditd  : type=1320 audit(0.0:169): 
09-11 15:58:47.544  4744  4744 D PhoneStatusBar: heads up is enabled
09-11 15:58:47.559  4885  4885 I Telephony: TtyManager: updateUiTtyMode -1 -> 0
09-11 15:58:47.571  4885  4885 I Telephony: TtyManager: updateUiTtyMode -1 -> 0
09-11 15:58:47.577  4744  4744 I Choreographer: Skipped 62 frames!  The application may be doing too much work on its main thread.
09-11 15:58:47.611  3178  5076 I MediaPlayerService: MediaPlayerService::getOMX
09-11 15:58:47.613  3621  5162 I chatty  : uid=1000 system_server expire 1 line
09-11 15:58:47.615  3178  5076 I MediaPlayerService: MediaPlayerService::getOMX
09-11 15:58:47.619  4744  5163 I OMXClient: MuxOMX ctor
09-11 15:58:47.625  3175  5157 I OMXMaster: makeComponentInstance(OMX.google.vorbis.decoder) in mediacodec process
09-11 15:58:47.627  4744  4744 D ViewRootImpl[StatusBar]: changeCanvasOpacity: opaque=true
09-11 15:58:47.628  3175  3225 I OMXMaster: makeComponentInstance(OMX.google.vorbis.decoder) in mediacodec process
09-11 15:58:47.676  4744  4763 W art     : Suspending all threads took: 6.530ms
09-11 15:58:47.684  4744  4763 I art     : Background partial concurrent mark sweep GC freed 23979(3MB) AllocSpace objects, 5(128KB) LOS objects, 39% free, 10MB/16MB, paused 7.502ms total 68.111ms
09-11 15:58:47.725  3179  3527 D CommandListener: Setting iface cfg
09-11 15:58:47.731  3179  3527 D CommandListener: Trying to bring up p2p0
09-11 15:58:47.735  3621  4674 I chatty  : uid=1000(system) WifiP2pService expire 6 lines
09-11 15:58:47.798  3178  5076 I MediaPlayerService: MediaPlayerService::getOMX
09-11 15:58:47.799  3621  5174 I chatty  : uid=1000 system_server expire 1 line
09-11 15:58:47.802  3175  4852 I OMXMaster: makeComponentInstance(OMX.google.vorbis.decoder) in mediacodec process
09-11 15:58:47.805  3178  3242 I MediaPlayerService: MediaPlayerService::getOMX
09-11 15:58:47.806  4744  5175 I OMXClient: MuxOMX ctor
09-11 15:58:47.809  3175  3175 I OMXMaster: makeComponentInstance(OMX.google.vorbis.decoder) in mediacodec process
09-11 15:58:47.867  3621  4915 W LocalDisplayAdapter: Unable to find color mode 0, ignoring request.
09-11 15:58:47.878  4744  4847 I OpenGLRenderer: Initialized EGL, version 1.4
09-11 15:58:47.878  4744  4847 D OpenGLRenderer: Swap behavior 1
09-11 15:58:47.884  3178  4824 I MediaPlayerService: MediaPlayerService::getOMX
09-11 15:58:47.887  3621  5193 I chatty  : uid=1000 system_server expire 1 line
09-11 15:58:47.889  3175  4852 I OMXMaster: makeComponentInstance(OMX.google.vorbis.decoder) in mediacodec process
09-11 15:58:47.889  4744  4847 D mali_winsys: EGLint new_window_surface(egl_winsys_display*, void*, EGLSurface, EGLConfig, egl_winsys_surface**, egl_color_buffer_format*, EGLBoolean) returns 0x3000,  [1440x84]-format:1
09-11 15:58:47.938  3621  3682 W WindowManager: Keyguard drawn timeout. Setting mKeyguardDrawComplete
09-11 15:58:47.942  3621  3688 W LocalDisplayAdapter: Unable to find color mode 0, ignoring request.
09-11 15:58:47.952  4744  4847 D mali_winsys: EGLint new_window_surface(egl_winsys_display*, void*, EGLSurface, EGLConfig, egl_winsys_surface**, egl_color_buffer_format*, EGLBoolean) returns 0x3000,  [1440x168]-format:1
09-11 15:58:47.977  5055  5055 D CellBroadcastReceiver: onReceive Intent { act=android.intent.action.SIM_STATE_CHANGED flg=0x4000010 cmp=com.android.cellbroadcastreceiver/.CellBroadcastReceiver (has extras) }
09-11 15:58:47.995  3178  3178 I MediaPlayerService: MediaPlayerService::getOMX
09-11 15:58:47.997  3621  5198 I chatty  : uid=1000 system_server expire 1 line
09-11 15:58:48.004  3175  4852 I OMXMaster: makeComponentInstance(OMX.google.vorbis.decoder) in mediacodec process
09-11 15:58:48.039  3621  4914 I ActivityManager: Setting hasTopUi=true for pid=4744
09-11 15:58:48.078  4744  4744 D PhoneStatusBar: disable: < EXPAND ICONS* alerts SYSTEM_INFO* BACK HOME RECENT clock SEARCH quick_settings >
09-11 15:58:48.092  4744  4744 D PhoneStatusBar: disable: < EXPAND ICONS alerts SYSTEM_INFO BACK HOME RECENT clock SEARCH quick_settings >
09-11 15:58:48.101  3621  3681 I VrManagerService: VR mode is disallowed
09-11 15:58:48.113  3621  3678 I chatty  : uid=1000(system) Binder:3621_1 expire 2 lines
09-11 15:58:48.117  3621  4675 D WifiService: New client listening to asynchronous messages
09-11 15:58:48.122  3178  3242 I MediaPlayerService: MediaPlayerService::getOMX
09-11 15:58:48.125  3621  5205 I chatty  : uid=1000 system_server expire 1 line
09-11 15:58:48.127  3175  5157 I OMXMaster: makeComponentInstance(OMX.google.vorbis.decoder) in mediacodec process
09-11 15:58:48.133  4744  4744 I Choreographer: Skipped 33 frames!  The application may be doing too much work on its main thread.
09-11 15:58:48.152  4744  4847 D mali_winsys: EGLint new_window_surface(egl_winsys_display*, void*, EGLSurface, EGLConfig, egl_winsys_surface**, egl_color_buffer_format*, EGLBoolean) returns 0x3000,  [1440x2960]-format:1
09-11 15:58:48.221  4885  4885 D PhoneSwitcherNetworkRequstListener: got request NetworkRequest [ REQUEST id=1, [ Capabilities: INTERNET&NOT_RESTRICTED&TRUSTED&NOT_VPN] ] with score 0
09-11 15:58:48.223  4885  4885 D TelephonyDebugService: TelephonyDebugService()
09-11 15:58:48.224  4885  4885 D CarrierConfigLoader: mHandler: 12 phoneId: 0
09-11 15:58:48.255  4885  4885 W Telephony: TelecomAccountRegistry: Failed to get status , slotId: 0 Exception: java.lang.NullPointerException: Attempt to invoke interface method 'int org.codeaurora.internal.IExtTelephony.getCurrentUiccCardProvisioningStatus(int)' on a null object reference
09-11 15:58:48.255  4885  4885 W Telephony: TelecomAccountRegistry: Failed to get status , slotId: 1 Exception: java.lang.NullPointerException: Attempt to invoke interface method 'int org.codeaurora.internal.IExtTelephony.getCurrentUiccCardProvisioningStatus(int)' on a null object reference
09-11 15:58:48.256  4885  4885 E PhoneInterfaceManager: [PhoneIntfMgr] getIccId: No UICC
09-11 15:58:48.261  3153  3580 I SurfaceFlinger: Boot is finished (50699 ms)
09-11 15:58:48.263  3621  4758 I Telecom : PhoneAccountRegistrar: New phone account registered: [[ ] PhoneAccount: ComponentInfo{com.android.phone/com.android.services.telephony.TelephonyConnectionService}, [e0184adedf913b076626646d3f52c3b49c39ad6d], UserHandle{0} Capabilities: CallProvider MultiUser PlaceEmerg SimSub  Audio Routes: BESW Schemes: tel voicemail  Extras: null GroupId: [da39a3ee5e6b4b0d3255bfef95601890afd80709]]: TSI.rPA@AAY
09-11 15:58:48.271  4744  4744 D mali_winsys: EGLint new_window_surface(egl_winsys_display*, void*, EGLSurface, EGLConfig, egl_winsys_surface**, egl_color_buffer_format*, EGLBoolean) returns 0x3000,  [1440x2960]-format:2
09-11 15:58:48.273  3621  4758 I Telecom : : Sending phone-account registered intent as user: TSI.rPA@AAY
09-11 15:58:48.274  4885  4885 I Telephony: AccountEntry: Registered phoneAccount: [[ ] PhoneAccount: ComponentInfo{com.android.phone/com.android.services.telephony.TelephonyConnectionService}, [e0184adedf913b076626646d3f52c3b49c39ad6d], UserHandle{0} Capabilities: CallProvider MultiUser PlaceEmerg SimSub  Audio Routes: BESW Schemes: tel voicemail  Extras: null GroupId: [da39a3ee5e6b4b0d3255bfef95601890afd80709]] with handle: ComponentInfo{com.android.phone/com.android.services.telephony.TelephonyConnectionService}, [e0184adedf913b076626646d3f52c3b49c39ad6d], UserHandle{0}
09-11 15:58:48.274  4885  4885 I Telephony: PstnIncomingCallNotifier: Registering: Handler (com.android.internal.telephony.GsmCdmaPhone) {afc4627}
09-11 15:58:48.286  4885  4885 I Telephony: TelecomAccountRegistry: Unregistering phone account ComponentInfo{com.android.phone/com.android.services.telephony.TelephonyConnectionService}, [2628372b20c6b31a61c46f7f5a9328dbf0edaed6], UserHandle{0}.
09-11 15:58:48.291  3621  3678 I Telecom : : Sending phone-account unregistered intent as user: TSI.uPA@AAg
09-11 15:58:48.299  4744  4744 I ndroid.systemui: type=1400 audit(0.0:170): avc: denied { read write } for name="fimg2d" dev="tmpfs" ino=5556 scontext=u:r:platform_app:s0:c512,c768 tcontext=u:object_r:device:s0 tclass=chr_file permissive=1
09-11 15:58:48.299  4744  4744 I ndroid.systemui: type=1400 audit(0.0:170): avc: denied { open } for path="/dev/fimg2d" dev="tmpfs" ino=5556 scontext=u:r:platform_app:s0:c512,c768 tcontext=u:object_r:device:s0 tclass=chr_file permissive=1
09-11 15:58:48.299  4744  4744 W ndroid.systemui: type=1300 audit(0.0:170): arch=c00000b7 syscall=56 success=yes exit=83 a0=ffffff9c a1=7f86f46703 a2=2 a3=0 items=0 ppid=3166 auid=4294967295 uid=10033 gid=10033 euid=10033 suid=10033 fsuid=10033 egid=10033 sgid=10033 fsgid=10033 tty=(none) ses=4294967295 exe="/system/bin/app_process64" subj=u:r:platform_app:s0:c512,c768 key=(null)
09-11 15:58:48.299  3074  3074 W auditd  : type=1327 audit(0.0:170): proctitle="com.android.systemui"
09-11 15:58:48.299  3074  3074 W auditd  : type=1320 audit(0.0:170): 
09-11 15:58:48.299  4744  4744 I ndroid.systemui: type=1400 audit(0.0:171): avc: denied { ioctl } for path="/dev/fimg2d" dev="tmpfs" ino=5556 ioctlcmd=4d04 scontext=u:r:platform_app:s0:c512,c768 tcontext=u:object_r:device:s0 tclass=chr_file permissive=1
09-11 15:58:48.299  4744  4744 W ndroid.systemui: type=1300 audit(0.0:171): arch=c00000b7 syscall=29 success=yes exit=0 a0=54 a1=c1104d04 a2=7f749c20b0 a3=0 items=0 ppid=3166 auid=4294967295 uid=10033 gid=10033 euid=10033 suid=10033 fsuid=10033 egid=10033 sgid=10033 fsgid=10033 tty=(none) ses=4294967295 exe="/system/bin/app_process64" subj=u:r:platform_app:s0:c512,c768 key=(null)
09-11 15:58:48.299  3074  3074 W auditd  : type=1327 audit(0.0:171): proctitle="com.android.systemui"
09-11 15:58:48.339  4744  4744 D PhoneStatusBar: disable: < expand* ICONS alerts SYSTEM_INFO back* HOME RECENT clock SEARCH quick_settings >
09-11 15:58:48.339  4744  4744 W KeyguardUpdateMonitor: invalid subId in handleSimStateChange()
09-11 15:58:48.339  4744  4744 W KeyguardUpdateMonitor: invalid subId in handleSimStateChange()
09-11 15:58:48.382  5055  5055 D CellBroadcastReceiver: onReceive Intent { act=android.intent.action.SERVICE_STATE flg=0x10 cmp=com.android.cellbroadcastreceiver/.CellBroadcastReceiver (has extras) }
09-11 15:58:48.382  5055  5055 D CellBroadcastReceiver: Intent: android.intent.action.SERVICE_STATE
09-11 15:58:48.383  5055  5055 D CellBroadcastReceiver: Service state changed! 3 Full: 3 3 voice home data home null null null null null null  Unknown Unknown CSS not supported -1 -1 RoamInd=-1 DefRoamInd=-1 EmergOnly=false IsDataRoamingFromRegistration=false IsUsingCarrierAggregation=false Current state=-1
09-11 15:58:48.384  4885  4885 I Telephony: PstnIncomingCallNotifier: Unregistering: Handler (com.android.internal.telephony.GsmCdmaPhone) {afc4627}
09-11 15:58:48.387  5055  5055 D CellBroadcastReceiver: onReceive Intent { act=android.intent.action.SERVICE_STATE flg=0x10 cmp=com.android.cellbroadcastreceiver/.CellBroadcastReceiver (has extras) }
09-11 15:58:48.387  5055  5055 D CellBroadcastReceiver: Intent: android.intent.action.SERVICE_STATE
09-11 15:58:48.391  4885  4885 W Telephony: TelecomAccountRegistry: Failed to get status , slotId: 0 Exception: java.lang.NullPointerException: Attempt to invoke interface method 'int org.codeaurora.internal.IExtTelephony.getCurrentUiccCardProvisioningStatus(int)' on a null object reference
09-11 15:58:48.391  4885  4885 W Telephony: TelecomAccountRegistry: Failed to get status , slotId: 1 Exception: java.lang.NullPointerException: Attempt to invoke interface method 'int org.codeaurora.internal.IExtTelephony.getCurrentUiccCardProvisioningStatus(int)' on a null object reference
09-11 15:58:48.394  3621  4758 I ActivityManager: user 0 is still locked. Cannot load recents
09-11 15:58:48.394  4885  4885 E PhoneInterfaceManager: [PhoneIntfMgr] getIccId: No UICC
09-11 15:58:48.402  3621  4831 I Telecom : PhoneAccountRegistrar: [ComponentInfo{com.android.phone/com.android.services.telephony.TelephonyConnectionService}, [e0184adedf913b076626646d3f52c3b49c39ad6d], UserHandle{0}(icon: Icon(typ=BITMAP size=67x84) -> Icon(typ=BITMAP size=67x84))]: TSI.rPA@AAo
09-11 15:58:48.406  3621  4831 I Telecom : : Sending phone-account registered intent as user: TSI.rPA@AAo
09-11 15:58:48.407  4744  4744 D mali_winsys: EGLint new_window_surface(egl_winsys_display*, void*, EGLSurface, EGLConfig, egl_winsys_surface**, egl_color_buffer_format*, EGLBoolean) returns 0x3000,  [2160x2960]-format:2
09-11 15:58:48.409  4885  4885 I Telephony: AccountEntry: Registered phoneAccount: [[ ] PhoneAccount: ComponentInfo{com.android.phone/com.android.services.telephony.TelephonyConnectionService}, [e0184adedf913b076626646d3f52c3b49c39ad6d], UserHandle{0} Capabilities: CallProvider MultiUser PlaceEmerg SimSub  Audio Routes: BESW Schemes: tel voicemail  Extras: null GroupId: [da39a3ee5e6b4b0d3255bfef95601890afd80709]] with handle: ComponentInfo{com.android.phone/com.android.services.telephony.TelephonyConnectionService}, [e0184adedf913b076626646d3f52c3b49c39ad6d], UserHandle{0}
09-11 15:58:48.409  4885  4885 I Telephony: PstnIncomingCallNotifier: Registering: Handler (com.android.internal.telephony.GsmCdmaPhone) {afc4627}
09-11 15:58:48.456  4744  4744 W KeyguardUpdateMonitor: invalid subId in handleServiceStateChange()
09-11 15:58:48.460  4744  4744 W KeyguardUpdateMonitor: invalid subId in handleServiceStateChange()
09-11 15:58:48.521  4744  4744 W KeyguardUpdateMonitor: invalid subId in handleSimStateChange()
09-11 15:58:48.523  5055  5055 D CellBroadcastReceiver: onReceive Intent { act=android.intent.action.SIM_STATE_CHANGED flg=0x4000010 cmp=com.android.cellbroadcastreceiver/.CellBroadcastReceiver (has extras) }
09-11 15:58:48.525  4744  4744 W KeyguardUpdateMonitor: invalid subId in handleSimStateChange()
09-11 15:58:48.576  4744  4744 W KeyguardUpdateMonitor: invalid subId in handleServiceStateChange()
09-11 15:58:48.579  4885  4885 E PhoneInterfaceManager: [PhoneIntfMgr] getIccId: No UICC
09-11 15:58:48.594  3621  3678 I Telecom : PhoneAccountRegistrar: [ComponentInfo{com.android.phone/com.android.services.telephony.TelephonyConnectionService}, [e0184adedf913b076626646d3f52c3b49c39ad6d], UserHandle{0}(icon: Icon(typ=BITMAP size=67x84) -> Icon(typ=BITMAP size=67x84))]: TSI.rPA@AA0
09-11 15:58:48.598  3621  3678 I Telecom : : Sending phone-account registered intent as user: TSI.rPA@AA0
09-11 15:58:48.629  4744  4744 W KeyguardUpdateMonitor: invalid subId in handleServiceStateChange()
09-11 15:58:48.631  3621  3688 W WindowManager: App freeze timeout expired.
09-11 15:58:48.648  4885  4885 I Telephony: PstnIncomingCallNotifier: Unregistering: Handler (com.android.internal.telephony.GsmCdmaPhone) {afc4627}
09-11 15:58:48.648  5055  5055 D CellBroadcastReceiver: onReceive Intent { act=android.intent.action.SIM_STATE_CHANGED flg=0x4000010 cmp=com.android.cellbroadcastreceiver/.CellBroadcastReceiver (has extras) }
09-11 15:58:48.650  4885  4885 W Telephony: TelecomAccountRegistry: Failed to get status , slotId: 0 Exception: java.lang.NullPointerException: Attempt to invoke interface method 'int org.codeaurora.internal.IExtTelephony.getCurrentUiccCardProvisioningStatus(int)' on a null object reference
09-11 15:58:48.652  4885  4885 W Telephony: TelecomAccountRegistry: Failed to get status , slotId: 1 Exception: java.lang.NullPointerException: Attempt to invoke interface method 'int org.codeaurora.internal.IExtTelephony.getCurrentUiccCardProvisioningStatus(int)' on a null object reference
09-11 15:58:48.654  4885  4885 E PhoneInterfaceManager: [PhoneIntfMgr] getIccId: No UICC
09-11 15:58:48.662  3621  4915 I Telecom : PhoneAccountRegistrar: [ComponentInfo{com.android.phone/com.android.services.telephony.TelephonyConnectionService}, [e0184adedf913b076626646d3f52c3b49c39ad6d], UserHandle{0}(icon: Icon(typ=BITMAP size=67x84) -> Icon(typ=BITMAP size=67x84))]: TSI.rPA@AA4
09-11 15:58:48.666  3621  4915 I Telecom : : Sending phone-account registered intent as user: TSI.rPA@AA4
09-11 15:58:48.668  4885  4885 I Telephony: AccountEntry: Registered phoneAccount: [[ ] PhoneAccount: ComponentInfo{com.android.phone/com.android.services.telephony.TelephonyConnectionService}, [e0184adedf913b076626646d3f52c3b49c39ad6d], UserHandle{0} Capabilities: CallProvider MultiUser PlaceEmerg SimSub  Audio Routes: BESW Schemes: tel voicemail  Extras: null GroupId: [da39a3ee5e6b4b0d3255bfef95601890afd80709]] with handle: ComponentInfo{com.android.phone/com.android.services.telephony.TelephonyConnectionService}, [e0184adedf913b076626646d3f52c3b49c39ad6d], UserHandle{0}
09-11 15:58:48.669  4885  4885 I Telephony: PstnIncomingCallNotifier: Registering: Handler (com.android.internal.telephony.GsmCdmaPhone) {afc4627}
09-11 15:58:48.682  4885  4885 I Telephony: PstnIncomingCallNotifier: Unregistering: Handler (com.android.internal.telephony.GsmCdmaPhone) {afc4627}
09-11 15:58:48.683  4885  4885 W Telephony: TelecomAccountRegistry: Failed to get status , slotId: 0 Exception: java.lang.NullPointerException: Attempt to invoke interface method 'int org.codeaurora.internal.IExtTelephony.getCurrentUiccCardProvisioningStatus(int)' on a null object reference
09-11 15:58:48.685  4885  4885 W Telephony: TelecomAccountRegistry: Failed to get status , slotId: 1 Exception: java.lang.NullPointerException: Attempt to invoke interface method 'int org.codeaurora.internal.IExtTelephony.getCurrentUiccCardProvisioningStatus(int)' on a null object reference
09-11 15:58:48.687  4885  4885 E PhoneInterfaceManager: [PhoneIntfMgr] getIccId: No UICC
09-11 15:58:48.694  3621  4831 I Telecom : PhoneAccountRegistrar: [ComponentInfo{com.android.phone/com.android.services.telephony.TelephonyConnectionService}, [e0184adedf913b076626646d3f52c3b49c39ad6d], UserHandle{0}(icon: Icon(typ=BITMAP size=67x84) -> Icon(typ=BITMAP size=67x84))]: TSI.rPA@ABE
09-11 15:58:48.698  3621  4831 I Telecom : : Sending phone-account registered intent as user: TSI.rPA@ABE
09-11 15:58:48.699  4885  4885 I Telephony: AccountEntry: Registered phoneAccount: [[ ] PhoneAccount: ComponentInfo{com.android.phone/com.android.services.telephony.TelephonyConnectionService}, [e0184adedf913b076626646d3f52c3b49c39ad6d], UserHandle{0} Capabilities: CallProvider MultiUser PlaceEmerg SimSub  Audio Routes: BESW Schemes: tel voicemail  Extras: null GroupId: [da39a3ee5e6b4b0d3255bfef95601890afd80709]] with handle: ComponentInfo{com.android.phone/com.android.services.telephony.TelephonyConnectionService}, [e0184adedf913b076626646d3f52c3b49c39ad6d], UserHandle{0}
09-11 15:58:48.700  4885  4885 I Telephony: PstnIncomingCallNotifier: Registering: Handler (com.android.internal.telephony.GsmCdmaPhone) {afc4627}
09-11 15:58:48.711  4885  4885 D CarrierConfigLoader: update config for phoneId: 1 simState: ABSENT
09-11 15:58:48.711  4885  4885 D CarrierSvcBindHelper: update binding for phoneId: 1 simState: ABSENT
09-11 15:58:48.714  4744  4744 W KeyguardUpdateMonitor: invalid subId in handleSimStateChange()
09-11 15:58:48.715  4885  4885 I VvmSimChangeReceiver: Sim removed, removing inactive accounts
09-11 15:58:48.724  5055  5055 D CellBroadcastReceiver: onReceive Intent { act=android.intent.action.SERVICE_STATE flg=0x10 cmp=com.android.cellbroadcastreceiver/.CellBroadcastReceiver (has extras) }
09-11 15:58:48.724  5055  5055 D CellBroadcastReceiver: Intent: android.intent.action.SERVICE_STATE
09-11 15:58:48.724  5055  5055 D CellBroadcastReceiver: Service state changed! 1 Full: 1 1 voice home data home null null null null null null  LTE Unknown CSS not supported -1 -1 RoamInd=-1 DefRoamInd=-1 EmergOnly=false IsDataRoamingFromRegistration=false IsUsingCarrierAggregation=false Current state=3
09-11 15:58:48.726  5055  5055 D CellBroadcastReceiver: onReceive Intent { act=android.intent.action.SERVICE_STATE flg=0x10 cmp=com.android.cellbroadcastreceiver/.CellBroadcastReceiver (has extras) }
09-11 15:58:48.727  5055  5055 D CellBroadcastReceiver: Intent: android.intent.action.SERVICE_STATE
09-11 15:58:48.729  5055  5055 D CellBroadcastReceiver: onReceive Intent { act=android.intent.action.SIM_STATE_CHANGED flg=0x4000010 cmp=com.android.cellbroadcastreceiver/.CellBroadcastReceiver (has extras) }
09-11 15:58:48.732  4885  4885 E PhoneInterfaceManager: [PhoneIntfMgr] getIccId: No UICC
09-11 15:58:48.740  3621  4831 I Telecom : PhoneAccountRegistrar: [ComponentInfo{com.android.phone/com.android.services.telephony.TelephonyConnectionService}, [e0184adedf913b076626646d3f52c3b49c39ad6d], UserHandle{0}(icon: Icon(typ=BITMAP size=67x84) -> Icon(typ=BITMAP size=67x84))]: TSI.rPA@ABQ
09-11 15:58:48.743  3621  4831 I Telecom : : Sending phone-account registered intent as user: TSI.rPA@ABQ
09-11 15:58:48.745  4885  4885 D CarrierConfigLoader: mHandler: 0 phoneId: 1
09-11 15:58:48.745  4885  4885 D CarrierSvcBindHelper: mHandler: 0
09-11 15:58:48.745  4885  4885 D CarrierSvcBindHelper: Rebinding if necessary for phoneId: 1
09-11 15:58:48.745  4885  4885 D CarrierSvcBindHelper: No carrier app for: 1
09-11 15:58:48.756  4885  4885 W System  : ClassLoader referenced unknown path: /system/app/Stk/lib/arm64
09-11 15:58:48.757  4885  4885 D ApplicationLoaders: ignored Vulkan layer search path /system/app/Stk/lib/arm64:/system/lib64:/vendor/lib64 for namespace 0x7f9642a160
09-11 15:58:48.949  4885  4885 D MccTable: updateMccMncConfiguration mccmnc='72234' fromServiceState=false
09-11 15:58:48.954  4885  4885 D MccTable: updateMccMncConfiguration defaultMccMnc=
09-11 15:58:48.954  3168  4690 D audio_hw_primary_abox: device-adev_set_parameters: enter with key(A2dpSuspended=false)
09-11 15:58:48.954  4885  4885 D MccTable: updateMccMncConfiguration: mcc=722, mnc=34
09-11 15:58:48.954  3168  4690 D audio_hw_primary_abox: device-adev_set_parameters: exit
09-11 15:58:48.954  4885  4885 D MccTable: updateMccMncConfiguration updateConfig config={1.0 722mcc34mnc ?localeList ?layoutDir ?swdp ?wdp ?hdp ?density ?lsize ?long ?orien ?uimode ?night ?touch ?keyb/?/? ?nav/?}
09-11 15:58:48.956  3621  4831 I ActivityManager: Config changes=3 {1.0 722mcc34mnc [es_ES] ldltr sw411dp w411dp h773dp 560dpi nrml long port finger -keyb/v/h -nav/h s.7}
09-11 15:58:48.998  3153  4721 D PermissionCache: checking android.permission.READ_FRAME_BUFFER for uid=1000 => granted (2499 us)
09-11 15:58:49.102  4885  4885 D MccTable: updateMccMncConfiguration mccmnc='72234' fromServiceState=true
09-11 15:58:49.105  4885  4885 D MccTable: updateMccMncConfiguration defaultMccMnc=
09-11 15:58:49.106  4885  4885 D MccTable: updateMccMncConfiguration: mcc=722, mnc=34
09-11 15:58:49.106  4885  4885 D MccTable: WIFI_COUNTRY_CODE set to ar
09-11 15:58:49.111  3621  4831 I WifiService: WifiService trying to set country code to ar with persist set to false
09-11 15:58:49.156  3621  3688 I WindowManager: Screen frozen for +170ms due to Window{7db7ab2 u0 com.android.systemui.ImageWallpaper}
