09-08 01:23:47.141  4249  4249 F DEBUG   :     #04 pc 0003bbbc  /system/bin/linker (__dl_abort+4)
09-08 01:23:47.141  4249  4249 F DEBUG   :     #05 pc 0003de2b  /system/bin/linker (__dl___libc_fatal+22)
09-08 01:23:47.141  4249  4249 F DEBUG   :     #06 pc 00009c43  /system/bin/linker (__dl__ZL29__linker_init_post_relocationR19KernelArgumentBlockj+3146)
09-08 01:23:47.141  4249  4249 F DEBUG   :     #07 pc 00008f63  /system/bin/linker (__dl___linker_init+358)
09-08 01:23:47.141  4249  4249 F DEBUG   :     #08 pc 000027c0  /system/bin/linker (_start+4)
09-08 01:23:47.145  4214  4214 W art     : Before Android 4.1, method double java.util.concurrent.ThreadLocalRandom.internalNextDouble(double, double) would have incorrectly overridden the package-private method in java.util.Random
09-08 01:23:47.145  4214  4214 W art     : Before Android 4.1, method int java.util.concurrent.ThreadLocalRandom.internalNextInt(int, int) would have incorrectly overridden the package-private method in java.util.Random
09-08 01:23:47.145  4214  4214 W art     : Before Android 4.1, method long java.util.concurrent.ThreadLocalRandom.internalNextLong(long, long) would have incorrectly overridden the package-private method in java.util.Random
09-08 01:23:47.177  3068  3068 W         : debuggerd: resuming target 4215
09-08 01:23:47.205  3149  3149 I ServiceManager: service 'media.audio_flinger' died
09-08 01:23:52.273  4270  4270 F libc    : CANNOT LINK EXECUTABLE "/system/bin/cameraserver": cannot locate symbol "_ZNK7android8hardware7camera26params19OutputConfiguration14getSurfaceTypeEv" referenced by "/system/lib/libcameraservice.so"...
09-08 01:23:52.273  4270  4270 F libc    : Fatal signal 6 (SIGABRT), code -6 in tid 4270 (cameraserver)
09-08 01:23:52.273  3068  3068 W         : debuggerd: handling request: pid=4270 uid=1047 gid=1023 tid=4270
09-08 01:23:52.279  4275  4275 I Netd    : Netd 1.0 starting
09-08 01:23:52.279  4275  4275 D TetherController: Setting IP forward enable = 0
09-08 01:23:52.281  4276  4276 E         : debuggerd: Unable to connect to activity manager (connect failed: No such file or directory)
09-08 01:23:52.284  4275  4275 I QtiConnectivityAdapter: Failed to open libconnctrl, some features may not be present.
09-08 01:23:52.285  4275  4275 E         : Failed to open libdatactrl, some features may not be present.
09-08 01:23:52.285  4275  4275 E         : Failed to open libcsm_data, some features may not be present.
09-08 01:23:52.291  3078  3078 W auditd  : type=1325 audit(0.0:520): table=filter family=2 entries=18
09-08 01:23:52.291  3078  3078 W auditd  : type=1320 audit(0.0:520): 
09-08 01:23:52.297  4274  4274 F libc    : CANNOT LINK EXECUTABLE "/system/bin/mediaserver": cannot locate symbol "_ZNK7android8hardware7camera26params19OutputConfiguration14getSurfaceTypeEv" referenced by "/system/lib/libcameraservice.so"...
09-08 01:23:52.297  4274  4274 F libc    : Fatal signal 6 (SIGABRT), code -6 in tid 4274 (mediaserver)
09-08 01:23:52.295  3078  3078 W auditd  : type=1325 audit(0.0:521): table=filter family=10 entries=18
09-08 01:23:52.295  3078  3078 W auditd  : type=1320 audit(0.0:521): 
09-08 01:23:52.307  3078  3078 W auditd  : type=1325 audit(0.0:522): table=filter family=2 entries=17
09-08 01:23:52.307  3078  3078 W auditd  : type=1320 audit(0.0:522): 
09-08 01:23:52.311  4272  4272 F libc    : CANNOT LINK EXECUTABLE "/system/bin/app_process32": cannot locate symbol "_ZN7android14CameraMetadata14getTagFromNameEPKcPKNS_19VendorTagDescriptorEPj" referenced by "/system/lib/libandroid_runtime.so"...
09-08 01:23:52.311  4272  4272 F libc    : Fatal signal 6 (SIGABRT), code -6 in tid 4272 (app_process32)
09-08 01:23:52.319  3078  3078 W auditd  : type=1325 audit(0.0:523): table=filter family=10 entries=17
09-08 01:23:52.319  3078  3078 W auditd  : type=1320 audit(0.0:523): 
09-08 01:23:52.327  3078  3078 W auditd  : type=1325 audit(0.0:524): table=filter family=2 entries=17
09-08 01:23:52.332  4276  4276 F DEBUG   : *** *** *** *** *** *** *** *** *** *** *** *** *** *** *** ***
09-08 01:23:52.327  3078  3078 W auditd  : type=1320 audit(0.0:524): 
09-08 01:23:52.332  4276  4276 F DEBUG   : LineageOS Version: '14.1-20170907-UNOFFICIAL-dream2lte'
09-08 01:23:52.332  4276  4276 F DEBUG   : Build fingerprint: 'samsung/dream2ltexx/dream2lte:7.0/NRD90M/G955FXXU1AQH3:user/release-keys'
09-08 01:23:52.332  4276  4276 F DEBUG   : Revision: '0'
09-08 01:23:52.333  4276  4276 F DEBUG   : ABI: 'arm'
09-08 01:23:52.333  4276  4276 F DEBUG   : pid: 4270, tid: 4270, name: cameraserver  >>> /system/bin/cameraserver <<<
09-08 01:23:52.333  4276  4276 F DEBUG   : signal 6 (SIGABRT), code -6 (SI_TKILL), fault addr --------
09-08 01:23:52.333  4276  4276 F DEBUG   :     r0 00000000  r1 000010ae  r2 00000006  r3 00000008
09-08 01:23:52.333  4276  4276 F DEBUG   :     r4 f763558c  r5 00000006  r6 f7635534  r7 0000010c
09-08 01:23:52.333  4276  4276 F DEBUG   :     r8 ffa48288  r9 00000001  sl ffa482b0  fp f75c2010
09-08 01:23:52.333  4276  4276 F DEBUG   :     ip 00000000  sp ffa48220  lr f7614f8f  pc f76159a8  cpsr 200f0010
09-08 01:23:52.336  4276  4276 F DEBUG   : 
09-08 01:23:52.336  4276  4276 F DEBUG   : backtrace:
09-08 01:23:52.336  4276  4276 F DEBUG   :     #00 pc 000469a8  /system/bin/linker (__dl_tgkill+12)
09-08 01:23:52.336  4276  4276 F DEBUG   :     #01 pc 00045f8b  /system/bin/linker (__dl_pthread_kill+34)
09-08 01:23:52.336  4276  4276 F DEBUG   :     #02 pc 0003e32f  /system/bin/linker (__dl_raise+10)
09-08 01:23:52.336  4276  4276 F DEBUG   :     #03 pc 0003cdeb  /system/bin/linker (__dl___libc_android_abort+34)
09-08 01:23:52.336  4276  4276 F DEBUG   :     #04 pc 0003bbbc  /system/bin/linker (__dl_abort+4)
09-08 01:23:52.336  4276  4276 F DEBUG   :     #05 pc 0003de2b  /system/bin/linker (__dl___libc_fatal+22)
09-08 01:23:52.336  4276  4276 F DEBUG   :     #06 pc 00009c43  /system/bin/linker (__dl__ZL29__linker_init_post_relocationR19KernelArgumentBlockj+3146)
09-08 01:23:52.337  4276  4276 F DEBUG   :     #07 pc 00008f63  /system/bin/linker (__dl___linker_init+358)
09-08 01:23:52.337  4276  4276 F DEBUG   :     #08 pc 000027c0  /system/bin/linker (_start+4)
09-08 01:23:52.339  3078  3078 W auditd  : type=1325 audit(0.0:525): table=filter family=10 entries=17
09-08 01:23:52.339  3078  3078 W auditd  : type=1320 audit(0.0:525): 
09-08 01:23:52.347  3078  3078 W auditd  : type=1325 audit(0.0:526): table=filter family=2 entries=15
09-08 01:23:52.347  3078  3078 W auditd  : type=1320 audit(0.0:526): 
09-08 01:23:52.352  4273  4273 I         : sMaxFastTracks = 8
09-08 01:23:52.353  4273  4273 I audioserver: ServiceManager: 0xf6499440
09-08 01:23:52.353  4273  4273 W BatteryNotifier: batterystats service unavailable!
09-08 01:23:52.353  4273  4273 I AudioFlinger: Using default 3000 mSec as standby time.
09-08 01:23:52.355  4273  4273 I AudioPolicyService: AudioPolicyService CSTOR in new mode
09-08 01:23:52.357  4273  4273 W APM::ConfigParsingUtils: loadOutput() invalid supported devices
09-08 01:23:52.357  4273  4273 W APM::ConfigParsingUtils: loadInput() invalid supported devices
09-08 01:23:52.357  4273  4273 W APM::ConfigParsingUtils: loadInput() invalid supported devices
09-08 01:23:52.357  4273  4273 I APM::ConfigParsingUtils: loadAudioPolicyConfig() loaded /system/etc/audio_policy.conf
09-08 01:23:52.355  4270  4270 W cameraserver: type=1701 audit(0.0:527): auid=4294967295 uid=1047 gid=1023 ses=4294967295 subj=u:r:cameraserver:s0 exe="/system/bin/cameraserver" sig=6
09-08 01:23:52.360  3068  3068 W         : debuggerd: resuming target 4270
09-08 01:23:52.360  3068  3068 E         : debuggerd: failed to send signal 18 to target: No such process
09-08 01:23:52.360  3068  3068 W         : debuggerd: handling request: pid=4274 uid=1013 gid=1005 tid=4274
09-08 01:23:52.359  3078  3078 W auditd  : type=1325 audit(0.0:528): table=filter family=10 entries=15
09-08 01:23:52.359  3078  3078 W auditd  : type=1320 audit(0.0:528): 
09-08 01:23:52.365  4292  4292 E         : debuggerd: Unable to connect to activity manager (connect failed: No such file or directory)
09-08 01:23:52.367  3078  3078 W auditd  : type=1325 audit(0.0:529): table=filter family=2 entries=17
09-08 01:23:52.367  3078  3078 W auditd  : type=1320 audit(0.0:529): 
09-08 01:23:52.379  3078  3078 W auditd  : type=1325 audit(0.0:530): table=filter family=10 entries=17
09-08 01:23:52.416  4292  4292 F DEBUG   : *** *** *** *** *** *** *** *** *** *** *** *** *** *** *** ***
09-08 01:23:52.416  4292  4292 F DEBUG   : LineageOS Version: '14.1-20170907-UNOFFICIAL-dream2lte'
09-08 01:23:52.416  4292  4292 F DEBUG   : Build fingerprint: 'samsung/dream2ltexx/dream2lte:7.0/NRD90M/G955FXXU1AQH3:user/release-keys'
09-08 01:23:52.416  4292  4292 F DEBUG   : Revision: '0'
09-08 01:23:52.416  4292  4292 F DEBUG   : ABI: 'arm'
09-08 01:23:52.416  4292  4292 F DEBUG   : pid: 4274, tid: 4274, name: mediaserver  >>> /system/bin/mediaserver <<<
09-08 01:23:52.416  4292  4292 F DEBUG   : signal 6 (SIGABRT), code -6 (SI_TKILL), fault addr --------
09-08 01:23:52.416  4292  4292 F DEBUG   :     r0 00000000  r1 000010b2  r2 00000006  r3 00000008
09-08 01:23:52.416  4292  4292 F DEBUG   :     r4 f76f658c  r5 00000006  r6 f76f6534  r7 0000010c
09-08 01:23:52.416  4292  4292 F DEBUG   :     r8 ffa2d1c0  r9 00000001  sl ffa2d200  fp f7683010
09-08 01:23:52.416  4292  4292 F DEBUG   :     ip 00000000  sp ffa2d158  lr f76d5f8f  pc f76d69a8  cpsr 200f0010
09-08 01:23:52.420  4292  4292 F DEBUG   : 
09-08 01:23:52.420  4292  4292 F DEBUG   : backtrace:
09-08 01:23:52.420  4292  4292 F DEBUG   :     #00 pc 000469a8  /system/bin/linker (__dl_tgkill+12)
09-08 01:23:52.420  4292  4292 F DEBUG   :     #01 pc 00045f8b  /system/bin/linker (__dl_pthread_kill+34)
09-08 01:23:52.420  4292  4292 F DEBUG   :     #02 pc 0003e32f  /system/bin/linker (__dl_raise+10)
09-08 01:23:52.420  4292  4292 F DEBUG   :     #03 pc 0003cdeb  /system/bin/linker (__dl___libc_android_abort+34)
09-08 01:23:52.420  4292  4292 F DEBUG   :     #04 pc 0003bbbc  /system/bin/linker (__dl_abort+4)
09-08 01:23:52.420  4292  4292 F DEBUG   :     #05 pc 0003de2b  /system/bin/linker (__dl___libc_fatal+22)
09-08 01:23:52.420  4292  4292 F DEBUG   :     #06 pc 00009c43  /system/bin/linker (__dl__ZL29__linker_init_post_relocationR19KernelArgumentBlockj+3146)
09-08 01:23:52.421  4292  4292 F DEBUG   :     #07 pc 00008f63  /system/bin/linker (__dl___linker_init+358)
09-08 01:23:52.421  4292  4292 F DEBUG   :     #08 pc 000027c0  /system/bin/linker (_start+4)
09-08 01:23:52.445  3068  3068 W         : debuggerd: resuming target 4274
09-08 01:23:52.445  3068  3068 W         : debuggerd: handling request: pid=4272 uid=0 gid=0 tid=4272
09-08 01:23:52.453  4306  4306 E         : debuggerd: Unable to connect to activity manager (connect failed: No such file or directory)
09-08 01:23:52.493  4271  4271 D AndroidRuntime: >>>>>> START com.android.internal.os.ZygoteInit uid 0 <<<<<<
09-08 01:23:52.495  4271  4271 D AndroidRuntime: CheckJNI is ON
09-08 01:23:52.496  4271  4271 I art     : option[0]=-Xzygote
09-08 01:23:52.496  4271  4271 I art     : option[1]=-Xcheck:jni
09-08 01:23:52.496  4271  4271 I art     : option[2]=-Xstacktracefile:/data/anr/traces.txt
09-08 01:23:52.496  4271  4271 I art     : option[3]=exit
09-08 01:23:52.496  4271  4271 I art     : option[4]=vfprintf
09-08 01:23:52.496  4271  4271 I art     : option[5]=sensitiveThread
09-08 01:23:52.496  4271  4271 I art     : option[6]=-verbose:gc
09-08 01:23:52.496  4271  4271 I art     : option[7]=-Xms8m
09-08 01:23:52.496  4271  4271 I art     : option[8]=-Xmx512m
09-08 01:23:52.496  4271  4271 I art     : option[9]=-XX:HeapGrowthLimit=256m
09-08 01:23:52.496  4271  4271 I art     : option[10]=-XX:HeapMinFree=2m
09-08 01:23:52.496  4271  4271 I art     : option[11]=-XX:HeapMaxFree=8m
09-08 01:23:52.496  4271  4271 I art     : option[12]=-XX:HeapTargetUtilization=0.75
09-08 01:23:52.496  4271  4271 I art     : option[13]=-Xusejit:true
09-08 01:23:52.496  4271  4271 I art     : option[14]=-Xjitsaveprofilinginfo
09-08 01:23:52.496  4271  4271 I art     : option[15]=-agentlib:jdwp=transport=dt_android_adb,suspend=n,server=y
09-08 01:23:52.496  4271  4271 I art     : option[16]=-Xlockprofthreshold:500
09-08 01:23:52.496  4271  4271 I art     : option[17]=-Ximage-compiler-option
09-08 01:23:52.496  4271  4271 I art     : option[18]=--runtime-arg
09-08 01:23:52.496  4271  4271 I art     : option[19]=-Ximage-compiler-option
09-08 01:23:52.496  4271  4271 I art     : option[20]=-Xms64m
09-08 01:23:52.496  4271  4271 I art     : option[21]=-Ximage-compiler-option
09-08 01:23:52.496  4271  4271 I art     : option[22]=--runtime-arg
09-08 01:23:52.496  4271  4271 I art     : option[23]=-Ximage-compiler-option
09-08 01:23:52.496  4271  4271 I art     : option[24]=-Xmx64m
09-08 01:23:52.496  4271  4271 I art     : option[25]=-Ximage-compiler-option
09-08 01:23:52.496  4271  4271 I art     : option[26]=--compiler-filter=verify-at-runtime
09-08 01:23:52.496  4271  4271 I art     : option[27]=-Ximage-compiler-option
09-08 01:23:52.496  4271  4271 I art     : option[28]=--image-classes=/system/etc/preloaded-classes
09-08 01:23:52.496  4271  4271 I art     : option[29]=-Ximage-compiler-option
09-08 01:23:52.496  4271  4271 I art     : option[30]=--compiled-classes=/system/etc/compiled-classes
09-08 01:23:52.496  4271  4271 I art     : option[31]=-Xcompiler-option
09-08 01:23:52.496  4271  4271 I art     : option[32]=--runtime-arg
09-08 01:23:52.496  4271  4271 I art     : option[33]=-Xcompiler-option
09-08 01:23:52.496  4271  4271 I art     : option[34]=-Xms64m
09-08 01:23:52.496  4271  4271 I art     : option[35]=-Xcompiler-option
09-08 01:23:52.496  4271  4271 I art     : option[36]=--runtime-arg
09-08 01:23:52.496  4271  4271 I art     : option[37]=-Xcompiler-option
09-08 01:23:52.496  4271  4271 I art     : option[38]=-Xmx512m
09-08 01:23:52.496  4271  4271 I art     : option[39]=-Ximage-compiler-option
09-08 01:23:52.496  4271  4271 I art     : option[40]=--instruction-set-variant=generic
09-08 01:23:52.496  4271  4271 I art     : option[41]=-Xcompiler-option
09-08 01:23:52.496  4271  4271 I art     : option[42]=--instruction-set-variant=generic
09-08 01:23:52.496  4271  4271 I art     : option[43]=-Ximage-compiler-option
09-08 01:23:52.496  4271  4271 I art     : option[44]=--instruction-set-features=default
09-08 01:23:52.496  4271  4271 I art     : option[45]=-Xcompiler-option
09-08 01:23:52.496  4271  4271 I art     : option[46]=--instruction-set-features=default
09-08 01:23:52.496  4271  4271 I art     : option[47]=-Duser.locale=en-US
09-08 01:23:52.496  4271  4271 I art     : option[48]=--cpu-abilist=arm64-v8a
09-08 01:23:52.496  4271  4271 I art     : option[49]=-Xfingerprint:samsung/dream2ltexx/dream2lte:7.0/NRD90M/G955FXXU1AQH3:user/release-keys
09-08 01:23:52.503  4306  4306 F DEBUG   : *** *** *** *** *** *** *** *** *** *** *** *** *** *** *** ***
09-08 01:23:52.503  4306  4306 F DEBUG   : LineageOS Version: '14.1-20170907-UNOFFICIAL-dream2lte'
09-08 01:23:52.503  4306  4306 F DEBUG   : Build fingerprint: 'samsung/dream2ltexx/dream2lte:7.0/NRD90M/G955FXXU1AQH3:user/release-keys'
09-08 01:23:52.503  4306  4306 F DEBUG   : Revision: '0'
09-08 01:23:52.504  4306  4306 F DEBUG   : ABI: 'arm'
09-08 01:23:52.504  4306  4306 F DEBUG   : pid: 4272, tid: 4272, name: app_process32  >>> /system/bin/app_process32 <<<
09-08 01:23:52.504  4306  4306 F DEBUG   : signal 6 (SIGABRT), code -6 (SI_TKILL), fault addr --------
09-08 01:23:52.504  4306  4306 F DEBUG   :     r0 00000000  r1 000010b0  r2 00000006  r3 00000008
09-08 01:23:52.504  4306  4306 F DEBUG   :     r4 f75c158c  r5 00000006  r6 f75c1534  r7 0000010c
09-08 01:23:52.504  4306  4306 F DEBUG   :     r8 ffebc7b0  r9 00000001  sl ffebc7e0  fp f754e010
09-08 01:23:52.504  4306  4306 F DEBUG   :     ip 00000000  sp ffebc748  lr f75a0f8f  pc f75a19a8  cpsr 200f0010
09-08 01:23:52.507  4306  4306 F DEBUG   : 
09-08 01:23:52.507  4306  4306 F DEBUG   : backtrace:
09-08 01:23:52.508  4306  4306 F DEBUG   :     #00 pc 000469a8  /system/bin/linker (__dl_tgkill+12)
09-08 01:23:52.508  4306  4306 F DEBUG   :     #01 pc 00045f8b  /system/bin/linker (__dl_pthread_kill+34)
09-08 01:23:52.508  4306  4306 F DEBUG   :     #02 pc 0003e32f  /system/bin/linker (__dl_raise+10)
09-08 01:23:52.508  4306  4306 F DEBUG   :     #03 pc 0003cdeb  /system/bin/linker (__dl___libc_android_abort+34)
09-08 01:23:52.508  4306  4306 F DEBUG   :     #04 pc 0003bbbc  /system/bin/linker (__dl_abort+4)
09-08 01:23:52.508  4306  4306 F DEBUG   :     #05 pc 0003de2b  /system/bin/linker (__dl___libc_fatal+22)
09-08 01:23:52.508  4306  4306 F DEBUG   :     #06 pc 00009c43  /system/bin/linker (__dl__ZL29__linker_init_post_relocationR19KernelArgumentBlockj+3146)
09-08 01:23:52.508  4306  4306 F DEBUG   :     #07 pc 00008f63  /system/bin/linker (__dl___linker_init+358)
09-08 01:23:52.508  4306  4306 F DEBUG   :     #08 pc 000027c0  /system/bin/linker (_start+4)
09-08 01:23:52.511  4271  4271 D ICU     : No timezone override file found: /data/misc/zoneinfo/current/icu/icu_tzdata.dat
09-08 01:23:52.531  4271  4271 W art     : Before Android 4.1, method double java.util.concurrent.ThreadLocalRandom.internalNextDouble(double, double) would have incorrectly overridden the package-private method in java.util.Random
09-08 01:23:52.531  4271  4271 W art     : Before Android 4.1, method int java.util.concurrent.ThreadLocalRandom.internalNextInt(int, int) would have incorrectly overridden the package-private method in java.util.Random
09-08 01:23:52.532  4271  4271 W art     : Before Android 4.1, method long java.util.concurrent.ThreadLocalRandom.internalNextLong(long, long) would have incorrectly overridden the package-private method in java.util.Random
09-08 01:23:52.548  3068  3068 W         : debuggerd: resuming target 4272
09-08 01:23:52.555  3149  3149 I ServiceManager: service 'media.audio_flinger' died
