09-16 08:05:26.994  5318  5441 I SecHAL  : OSI_timer_start: exit
09-16 08:05:26.994  5318  5441 I SecHAL  : nfc_data_callback: !
09-16 08:05:26.994  5318  5441 D NfcAdaptation: NfcAdaptation::HalDeviceContextDataCallback: len=5
09-16 08:05:26.994  5318  5422 I BrcmNfcNfa: NFC received rsp gid:0
09-16 08:05:26.994  5318  5422 I BrcmNfcNfa: nci_proc_core_rsp opcode:0x2
09-16 08:05:26.994  5318  5422 I BrcmNfcNfa: nfa_dm_nfc_response_cback () NFC_SET_CONFIG_REVT(0x5002)
09-16 08:05:26.994  5318  5422 D NfcAdaptation: NfcAdaptation::HalWrite
09-16 08:05:26.994  5318  5422 I SecHAL  : nfc_hal_write: enter;
09-16 08:05:26.994  5318  5422 I SecHAL  : nfc_hal_write: exit;
09-16 08:05:26.994  5318  5441 D SecHAL  : nfc_hal_task: Got a event: HAL_EVT_WRITE(3)
09-16 08:05:26.994  5318  5441 D SecHAL  : nfc_hal_task: current state: SERVICE
09-16 08:05:26.994  5318  5441 I SecHAL  : OSI_timer_start: enter,osi_lock
09-16 08:05:26.994  5318  5441 I SecHAL  : OSI_timer_start: before osi_unlock
09-16 08:05:26.994  5318  5441 I SecHAL  : OSI_timer_start: exit
09-16 08:05:26.994  5318  5441 I SecHAL  : device_write: enter
09-16 08:05:26.994  5318  5441 I SecHAL  : device_write: before system call
09-16 08:05:26.995  5318  5441 I SecHAL  : device_write: after system call
09-16 08:05:26.995  5318  5441 D SecHAL  : data_trace:  Send( 29) 20 02 1a   02 61 14 46 66 6d 01 01 12 02 02 07 ff 03 02 00 13 04 01 64 07 01 03 60 01 07 
09-16 08:05:26.995  5318  5440 D SecHAL  : read_thread: Sent message to HAL message task, remind que: 2
09-16 08:05:26.995  5318  5441 I SecHAL  : device_write: exit
09-16 08:05:26.995  5318  5441 D SecHAL  : nfc_hal_task: Got a event: HAL_EVT_READ(4)
09-16 08:05:26.995  5318  5441 D SecHAL  : nfc_hal_task: current state: SERVICE
09-16 08:05:26.996  5318  5441 D SecHAL  : data_trace:  Recv(  5) 40 02 02   00 00 
09-16 08:05:26.996  5318  5441 I SecHAL  : OSI_timer_start: enter,osi_lock
09-16 08:05:26.996  5318  5441 I SecHAL  : OSI_timer_start: before osi_unlock
09-16 08:05:26.996  5318  5441 I SecHAL  : OSI_timer_start: exit
09-16 08:05:26.996  5318  5441 I SecHAL  : nfc_data_callback: !
09-16 08:05:26.996  5318  5441 D NfcAdaptation: NfcAdaptation::HalDeviceContextDataCallback: len=5
09-16 08:05:26.996  5318  5422 I BrcmNfcNfa: NFC received rsp gid:0
09-16 08:05:26.996  5318  5422 I BrcmNfcNfa: nci_proc_core_rsp opcode:0x2
09-16 08:05:26.996  5318  5422 I BrcmNfcNfa: nfa_dm_nfc_response_cback () NFC_SET_CONFIG_REVT(0x5002)
09-16 08:05:26.996  5318  5422 D NfcAdaptation: NfcAdaptation::HalWrite
09-16 08:05:26.996  5318  5422 I SecHAL  : nfc_hal_write: enter;
09-16 08:05:26.996  5318  5422 I SecHAL  : nfc_hal_write: exit;
09-16 08:05:26.996  5318  5441 D SecHAL  : nfc_hal_task: Got a event: HAL_EVT_WRITE(3)
09-16 08:05:26.996  5318  5441 D SecHAL  : nfc_hal_task: current state: SERVICE
09-16 08:05:26.996  5318  5441 I SecHAL  : OSI_timer_start: enter,osi_lock
09-16 08:05:26.996  5318  5441 I SecHAL  : OSI_timer_start: before osi_unlock
09-16 08:05:26.996  5318  5441 I SecHAL  : OSI_timer_start: exit
09-16 08:05:26.996  5318  5441 I SecHAL  : device_write: enter
09-16 08:05:26.996  5318  5441 I SecHAL  : device_write: before system call
09-16 08:05:26.997  5318  5441 I SecHAL  : device_write: after system call
09-16 08:05:26.997  5318  5441 D SecHAL  : data_trace:  Send( 19) 20 02 10   05 30 01 04 31 01 00 32 01 20 38 01 00 50 01 02 
09-16 08:05:26.997  5318  5441 I SecHAL  : device_write: exit
09-16 08:05:26.997  5318  5440 D SecHAL  : read_thread: Sent message to HAL message task, remind que: 2
09-16 08:05:26.997  5318  5441 D SecHAL  : nfc_hal_task: Got a event: HAL_EVT_READ(4)
09-16 08:05:26.997  5318  5441 D SecHAL  : nfc_hal_task: current state: SERVICE
09-16 08:05:26.998  5318  5441 D SecHAL  : data_trace:  Recv(  5) 40 02 02   00 00 
09-16 08:05:26.998  5318  5441 I SecHAL  : OSI_timer_start: enter,osi_lock
09-16 08:05:26.998  5318  5441 I SecHAL  : OSI_timer_start: before osi_unlock
09-16 08:05:26.998  5318  5441 I SecHAL  : OSI_timer_start: exit
09-16 08:05:26.998  5318  5441 I SecHAL  : nfc_data_callback: !
09-16 08:05:26.998  5318  5441 D NfcAdaptation: NfcAdaptation::HalDeviceContextDataCallback: len=5
09-16 08:05:26.998  5318  5422 I BrcmNfcNfa: NFC received rsp gid:0
09-16 08:05:26.998  5318  5422 I BrcmNfcNfa: nci_proc_core_rsp opcode:0x2
09-16 08:05:26.998  5318  5422 I BrcmNfcNfa: nfa_dm_nfc_response_cback () NFC_SET_CONFIG_REVT(0x5002)
09-16 08:05:26.998  5318  5422 D NfcAdaptation: NfcAdaptation::HalWrite
09-16 08:05:26.998  5318  5422 I SecHAL  : nfc_hal_write: enter;
09-16 08:05:26.998  5318  5422 I SecHAL  : nfc_hal_write: exit;
09-16 08:05:26.998  5318  5441 D SecHAL  : nfc_hal_task: Got a event: HAL_EVT_WRITE(3)
09-16 08:05:26.998  5318  5441 D SecHAL  : nfc_hal_task: current state: SERVICE
09-16 08:05:26.998  5318  5441 I SecHAL  : OSI_timer_start: enter,osi_lock
09-16 08:05:26.998  5318  5441 I SecHAL  : OSI_timer_start: before osi_unlock
09-16 08:05:26.998  5318  5441 I SecHAL  : OSI_timer_start: exit
09-16 08:05:26.998  5318  5441 I SecHAL  : device_write: enter
09-16 08:05:26.998  5318  5441 I SecHAL  : device_write: before system call
09-16 08:05:26.999  5318  5441 I SecHAL  : device_write: after system call
09-16 08:05:26.999  5318  5441 D SecHAL  : data_trace:  Send(  8) 20 02 05   01 00 02 f4 01 
09-16 08:05:26.999  5318  5441 I SecHAL  : device_write: exit
09-16 08:05:26.999  5318  5440 D SecHAL  : read_thread: Sent message to HAL message task, remind que: 2
09-16 08:05:26.999  5318  5441 D SecHAL  : nfc_hal_task: Got a event: HAL_EVT_READ(4)
09-16 08:05:26.999  5318  5441 D SecHAL  : nfc_hal_task: current state: SERVICE
09-16 08:05:26.999  5318  5441 D SecHAL  : data_trace:  Recv(  5) 40 02 02   00 00 
09-16 08:05:26.999  5318  5441 I SecHAL  : OSI_timer_start: enter,osi_lock
09-16 08:05:26.999  5318  5441 I SecHAL  : OSI_timer_start: before osi_unlock
09-16 08:05:26.999  5318  5441 I SecHAL  : OSI_timer_start: exit
09-16 08:05:26.999  5318  5441 I SecHAL  : nfc_data_callback: !
09-16 08:05:26.999  5318  5441 D NfcAdaptation: NfcAdaptation::HalDeviceContextDataCallback: len=5
09-16 08:05:26.999  5318  5422 I BrcmNfcNfa: NFC received rsp gid:0
09-16 08:05:26.999  5318  5422 I BrcmNfcNfa: nci_proc_core_rsp opcode:0x2
09-16 08:05:26.999  5318  5422 I BrcmNfcNfa: nfa_dm_nfc_response_cback () NFC_SET_CONFIG_REVT(0x5002)
09-16 08:05:26.999  5318  5422 D NfcAdaptation: NfcAdaptation::HalPrediscover
09-16 08:05:26.999  5318  5422 I SecHAL  : nfc_hal_pre_discover: enter;
09-16 08:05:27.000  5318  5422 I SecHAL  : nfc_hal_pre_discover: exit;
09-16 08:05:27.000  5318  5422 D NfcAdaptation: NfcAdaptation::HalWrite
09-16 08:05:27.000  5318  5422 I SecHAL  : nfc_hal_write: enter;
09-16 08:05:27.000  5318  5422 I SecHAL  : nfc_hal_write: exit;
09-16 08:05:27.000  5318  5441 D SecHAL  : nfc_hal_task: Got a event: Uknown event.(2)
09-16 08:05:27.000  5318  5441 D SecHAL  : nfc_hal_task: current state: SERVICE
09-16 08:05:27.000  5318  5441 D SecHAL  : nfc_hal_task: Got a event: HAL_EVT_WRITE(3)
09-16 08:05:27.000  5318  5441 D SecHAL  : nfc_hal_task: current state: SERVICE
09-16 08:05:27.000  5318  5441 I SecHAL  : OSI_timer_start: enter,osi_lock
09-16 08:05:27.000  5318  5441 I SecHAL  : OSI_timer_start: before osi_unlock
09-16 08:05:27.000  5318  5441 I SecHAL  : OSI_timer_start: exit
09-16 08:05:27.000  5318  5441 I SecHAL  : device_write: enter
09-16 08:05:27.000  5318  5441 I SecHAL  : device_write: before system call
09-16 08:05:27.001  5318  5441 I SecHAL  : device_write: after system call
09-16 08:05:27.001  5318  5441 D SecHAL  : data_trace:  Send( 26) 21 03 17   0b 00 01 01 01 02 01 03 01 05 01 80 01 82 01 83 01 85 01 06 01 77 01 
09-16 08:05:27.001  5318  5441 I SecHAL  : device_write: exit
09-16 08:05:27.006  3280  4933 I MediaPlayerService: MediaPlayerService::getOMX
09-16 08:05:27.007  5318  5535 I OMXClient: MuxOMX ctor
09-16 08:05:27.008  5318  5535 E ACodec  : Unable to instantiate a decoder for type 'audio/vorbis' with err 0xfffffffe.
09-16 08:05:27.008  5318  5535 E ACodec  : signalError(omxError 0xfffffffe, internalError -2)
09-16 08:05:27.008  5318  5535 E MediaCodec: Codec reported err 0xfffffffe, actionCode 0, while in state 1
09-16 08:05:27.009  5318  5440 D SecHAL  : read_thread: Sent message to HAL message task, remind que: 2
09-16 08:05:27.009  5318  5532 E SoundPool: Unable to load sample
09-16 08:05:27.009  5318  5441 D SecHAL  : nfc_hal_task: Got a event: HAL_EVT_READ(4)
09-16 08:05:27.009  5318  5441 D SecHAL  : nfc_hal_task: current state: SERVICE
09-16 08:05:27.009  5318  5441 D SecHAL  : data_trace:  Recv(  4) 41 03 01   00 
09-16 08:05:27.010  5318  5441 I SecHAL  : OSI_timer_start: enter,osi_lock
09-16 08:05:27.010  5318  5441 I SecHAL  : OSI_timer_start: before osi_unlock
09-16 08:05:27.010  5318  5441 I SecHAL  : OSI_timer_start: exit
09-16 08:05:27.010  5318  5441 I SecHAL  : nfc_data_callback: !
09-16 08:05:27.010  5318  5441 D NfcAdaptation: NfcAdaptation::HalDeviceContextDataCallback: len=4
09-16 08:05:27.010  5318  5422 I BrcmNfcNfa: NFC received rsp gid:1
09-16 08:05:27.010  5318  5422 I BrcmNfcNfa: p2p priority is running under bail out mode ONLY.
09-16 08:05:27.010  5318  5422 I BrcmNfcNfa: nfa_dm_disc_discovery_cback (): event:0x4000
09-16 08:05:27.010  5318  5422 I BrcmNfcNfa: nfa_dm_disc_sm_execute (): state: IDLE (0), event: DISCOVER_RSP(1) disc_flags: 0x31
09-16 08:05:27.010  5318  5422 I BrcmNfcNfa: nfa_dm_disc_new_state (): old_state: IDLE (0), new_state: DISCOVERY (1) disc_flags: 0x11
09-16 08:05:27.010  5318  5422 I BrcmNfcNfa: nfa_ce_discovery_cback(): event:0x00
09-16 08:05:27.010  5318  5422 I BrcmNfcNfa: nfa_ce_handle_disc_start (status=0x0)
09-16 08:05:27.010  5318  5422 I BrcmNfcNfa: nfa_dm_poll_disc_cback (): event:0x00
09-16 08:05:27.010  5318  5422 I BrcmNfcNfa: nfa_p2p_discovery_cback (): event:0x00
09-16 08:05:27.010  5318  5422 D BrcmNfcJni: nfaConnectionCallback: event= 30
09-16 08:05:27.010  5318  5422 D BrcmNfcJni: nfaConnectionCallback: NFA_RF_DISCOVERY_STARTED_EVT: status = 0
09-16 08:05:27.010  5318  5422 I BrcmNfcNfa: nfa_dm_disc_sm_execute (): new state: DISCOVERY (1), disc_flags: 0x1
09-16 08:05:27.010  5318  5418 D BrcmNfcJni: PowerSwitch::setModeOn(activated=0x1) : mCurrActivity=0x1
09-16 08:05:27.010  5318  5418 D BrcmNfcJni: nfcManager_enableDiscovery: exit
09-16 08:05:27.010  5318  5418 I NfcService: First Boot
09-16 08:05:27.022  3280  3353 I MediaPlayerService: MediaPlayerService::getOMX
09-16 08:05:27.023  5318  5537 I OMXClient: MuxOMX ctor
09-16 08:05:27.024  5318  5537 E ACodec  : Unable to instantiate a decoder for type 'audio/vorbis' with err 0xfffffffe.
09-16 08:05:27.024  5318  5537 E ACodec  : signalError(omxError 0xfffffffe, internalError -2)
09-16 08:05:27.024  5318  5537 E MediaCodec: Codec reported err 0xfffffffe, actionCode 0, while in state 1
09-16 08:05:27.025  5318  5532 E SoundPool: Unable to load sample
09-16 08:05:27.060  5506  5511 I art     : Do partial code cache collection, code=26KB, data=26KB
09-16 08:05:27.061  5506  5511 I art     : After code cache collection, code=26KB, data=26KB
09-16 08:05:27.061  5506  5511 I art     : Increasing code cache capacity to 128KB
09-16 08:05:27.199  5506  5523 I ContactsProviderV1: Bootstrapping database legacy support
09-16 08:05:27.449  5506  5506 W art     : Long monitor contention with owner ContactsProviderWorker (5523) at java.lang.Object java.lang.ref.Reference.getReferent!()(Reference.java:-2) waiters=0 in android.database.sqlite.SQLiteDatabase android.database.sqlite.SQLiteOpenHelper.getWritableDatabase() for 867ms
09-16 08:05:27.450  5506  5525 W art     : Long monitor contention with owner ContactsProviderWorker (5523) at java.lang.Object java.lang.ref.Reference.getReferent!()(Reference.java:-2) waiters=1 in android.database.sqlite.SQLiteDatabase android.database.sqlite.SQLiteOpenHelper.getWritableDatabase() for 858ms
09-16 08:05:27.453  5506  5525 I CallLogDatabaseHelper: Migrating from old tables...
09-16 08:05:27.455  5506  5525 I CallLogDatabaseHelper: Source tables don't exist.
09-16 08:05:27.595  5506  5506 I ContactsDatabaseHelper: Bootstrapping database version: 1111
09-16 08:05:27.688  5506  5525 I CallLogDatabaseHelper: Migrating from old tables...
09-16 08:05:27.690  5506  5525 I CallLogDatabaseHelper: Source tables don't exist.
09-16 08:05:27.699  5506  5511 I art     : Do partial code cache collection, code=54KB, data=55KB
09-16 08:05:27.700  5506  5511 I art     : After code cache collection, code=54KB, data=55KB
09-16 08:05:27.700  5506  5511 I art     : Increasing code cache capacity to 256KB
09-16 08:05:27.902  5506  5523 I ContactLocale: AddressBook Labels [[en_US]]: [, A, B, C, D, E, F, G, H, I, J, K, L, M, N, O, P, Q, R, S, T, U, V, W, X, Y, Z, , , , , , , , , , , , , , , , , , , , , , , , , , , , , , , , , , , , , , , , , , , , , , , , , , , , , , , , , , , , , , , , , , , , , , , , , , , , , , , , , , , , , , , , , , , , , , , , , , , , , , , , , , , , , , , , , , , , , , , , , , , , , , , , , , , , , , , , , , , , , , , , , , , , , , , , , , , , , , , , , , , , , , , , , , , , , , , , , , , , , , , , , , , #, ]
09-16 08:05:27.922  5506  5506 I ContactsProviderV1: Bootstrapping database legacy support
09-16 08:05:28.125  5506  5506 I ContactsProvider: Locale has changed from null to [en_US]
09-16 08:05:28.127  5506  5506 I ContactsDatabaseHelper: Switching to locale [en_US] (ICU v56.1)
09-16 08:05:28.211  5318  5527 I SecHAL  : device_sleep: NFC can be going to sleep
09-16 08:05:28.244  3657  4863 D AlarmManagerService: Kernel timezone updated to 180 minutes west of GMT
09-16 08:05:28.366  4975  4975 D TelephonyProvider: subIdString = 1 subId = 1
09-16 08:05:28.367  4975  4975 D TelephonyProvider: deletePreferredApn: for subId 1
09-16 08:05:28.369  4975  4975 D TelephonyProvider: subIdString = 1 subId = 1
09-16 08:05:28.377  5506  5506 I ContactsDatabaseHelper: Locale change completed in 250ms
09-16 08:05:28.380  5506  5506 I ContactsDatabaseHelper: Switching to locale [en_US] (ICU v56.1)
09-16 08:05:28.399  3657  3721 D ConnectivityService: registerNetworkAgent NetworkAgentInfo{ ni{[type: MOBILE[HSPA+], state: CONNECTED/CONNECTED, reason: connected, extra: gprs.personal.com, failover: false, available: true, roaming: false, metered: true]}  network{100}  nethandle{429513165534}  lp{{InterfaceName: rmnet1 LinkAddresses: [186.127.81.187/32,]  Routes: [0.0.0.0/0 -> 186.127.81.1 rmnet1,] DnsAddresses: [181.88.86.164,181.88.86.156,] Domains: null MTU: 1500 TcpBufferSizes: 40778,244668,734003,16777,100663,301990}}  nc{[ Transports: CELLULAR Capabilities: SUPL&INTERNET&NOT_RESTRICTED&TRUSTED&NOT_VPN LinkUpBandwidth>=5898Kbps LinkDnBandwidth>=14336Kbps Specifier: <1>]}  Score{10}  everValidated{false}  lastValidated{false}  created{false} lingering{false} explicitlySelected{false} acceptUnvalidated{false} everCaptivePortalDetected{false} lastCaptivePortalDetected{false} }
09-16 08:05:28.400  3657  4748 D ConnectivityService: NetworkAgentInfo [MOBILE (HSPA+) - 100] EVENT_NETWORK_INFO_CHANGED, going from null to CONNECTED
09-16 08:05:28.408  3657  4748 D ConnectivityService: Adding iface rmnet1 to network 100
09-16 08:05:28.423  3085  3085 W auditd  : type=1325 audit(0.0:153): table=mangle family=2 entries=17
09-16 08:05:28.423  3085  3085 W auditd  : type=1320 audit(0.0:153): 
09-16 08:05:28.435  3085  3085 W auditd  : type=1325 audit(0.0:154): table=mangle family=10 entries=16
09-16 08:05:28.435  3085  3085 W auditd  : type=1320 audit(0.0:154): 
09-16 08:05:28.468  3657  4748 D ConnectivityService: Setting DNS servers for network 100 to [/181.88.86.164, /181.88.86.156]
09-16 08:05:28.493  3657  4748 W ConnectivityExtension: ConnectivityExt jar file not present
09-16 08:05:28.514  3657  4748 W ConnectivityExtension: ConnectivityExt jar file not present
09-16 08:05:28.522  3657  4748 D ConnectivityService: Switching to new default network: NetworkAgentInfo{ ni{[type: MOBILE[HSPA+], state: CONNECTED/CONNECTED, reason: connected, extra: gprs.personal.com, failover: false, available: true, roaming: false, metered: true]}  network{100}  nethandle{429513165534}  lp{{InterfaceName: rmnet1 LinkAddresses: [186.127.81.187/32,]  Routes: [0.0.0.0/0 -> 186.127.81.1 rmnet1,] DnsAddresses: [181.88.86.164,181.88.86.156,] Domains: null MTU: 1500 TcpBufferSizes: 40778,244668,734003,16777,100663,301990}}  nc{[ Transports: CELLULAR Capabilities: SUPL&INTERNET&NOT_RESTRICTED&TRUSTED&NOT_VPN&FOREGROUND LinkUpBandwidth>=5898Kbps LinkDnBandwidth>=14336Kbps Specifier: <1>]}  Score{10}  everValidated{false}  lastValidated{false}  created{true} lingering{false} explicitlySelected{false} acceptUnvalidated{false} everCaptivePortalDetected{false} lastCaptivePortalDetected{false} }
09-16 08:05:28.531  3085  3085 W auditd  : type=1325 audit(0.0:155): table=raw family=2 entries=13
09-16 08:05:28.531  3085  3085 W auditd  : type=1320 audit(0.0:155): 
09-16 08:05:28.543  3085  3085 W auditd  : type=1325 audit(0.0:156): table=raw family=10 entries=13
09-16 08:05:28.543  3085  3085 W auditd  : type=1320 audit(0.0:156): 
09-16 08:05:28.547  3281  3647 V IdletimerController: runCmd(/system/bin/ip6tables -w -t raw -A idletimer_raw_PREROUTING -i rmnet1 -j IDLETIMER --timeout 10 --label 0 --send_nl_msg 1) res_ipv4=0, res_ipv6=0
09-16 08:05:28.551  3085  3085 W auditd  : type=1325 audit(0.0:157): table=mangle family=2 entries=18
09-16 08:05:28.551  3085  3085 W auditd  : type=1320 audit(0.0:157): 
09-16 08:05:28.563  3085  3085 W auditd  : type=1325 audit(0.0:158): table=mangle family=10 entries=17
09-16 08:05:28.563  3085  3085 W auditd  : type=1320 audit(0.0:158): 
09-16 08:05:28.568  3281  3647 V IdletimerController: runCmd(/system/bin/ip6tables -w -t mangle -A idletimer_mangle_POSTROUTING -o rmnet1 -j IDLETIMER --timeout 10 --label 0 --send_nl_msg 1) res_ipv4=0, res_ipv6=0
09-16 08:05:28.570  5506  5506 I ContactsDatabaseHelper: Locale change completed in 191ms
09-16 08:05:28.593  3657  4802 I GnssLocationProvider: WakeLock acquired by sendMessage(5, 0, null)
09-16 08:05:28.594  3657  4802 I GnssLocationProvider: WakeLock acquired by sendMessage(6, 0, null)
09-16 08:05:28.594  3657  4748 D ConnectivityService: Sending CONNECTED broadcast for type 0 NetworkAgentInfo [MOBILE (HSPA+) - 100] isDefaultNetwork=true
09-16 08:05:28.595  3657  3723 I GnssLocationProvider: WakeLock acquired by handleInjectNtpTime()
09-16 08:05:28.595  3657  3723 I GnssLocationProvider: WakeLock released by handleMessage(5, 0, null)
09-16 08:05:28.596  3657  3723 I GnssLocationProvider: WakeLock acquired by handleDownloadXtraData()
09-16 08:05:28.596  3657  3723 I GnssLocationProvider: WakeLock released by handleMessage(6, 0, null)
09-16 08:05:28.606  3657  4756 W System  : ClassLoader referenced unknown path: /system/framework/tcmclient.jar
09-16 08:05:28.633  3657  4748 W ConnectivityExtension: ConnectivityExt jar file not present
09-16 08:05:28.676  3657  5363 I PreBootBroadcaster: Pre-boot of {com.android.providers.media/com.android.providers.media.MediaUpgradeReceiver} for user 0
09-16 08:05:28.694  3657  5363 I ActivityManager: Start proc 5552:com.android.calendar/u0a39 for broadcast com.android.calendar/.alerts.AlertReceiver
09-16 08:05:28.695  3657  3657 D ZenLog  : disable_effects: 0|android|0|PreBootBroadcaster|1000,booleanState
09-16 08:05:28.822  5552  5552 W System  : ClassLoader referenced unknown path: /system/app/Calendar/lib/arm64
09-16 08:05:28.866  5506  5523 D ContactDirectoryManager: Found com.android.exchange.directory.provider
09-16 08:05:28.890  3657  5289 I ActivityManager: Start proc 5569:com.android.exchange/u0a46 for content provider com.android.exchange/.provider.ExchangeDirectoryProvider
09-16 08:05:28.942  5569  5569 W System  : ClassLoader referenced unknown path: /system/app/Exchange2/lib/arm64
09-16 08:05:28.947  5552  5552 D ExtensionsFactory: No custom extensions.
09-16 08:05:28.984  5552  5552 D AlertReceiver: onReceive: a=android.intent.action.PROVIDER_CHANGED Intent { act=android.intent.action.PROVIDER_CHANGED dat=content://com.android.calendar flg=0x20000010 cmp=com.android.calendar/.alerts.AlertReceiver }
09-16 08:05:29.035  5552  5552 D AlertUtils: Flushing old alerts from shared prefs table
09-16 08:05:29.044  3657  5289 I ActivityManager: Start proc 5592:com.android.email/u0a58 for content provider com.android.email/.provider.EmailProvider
09-16 08:05:29.057  5552  5590 D AlertService: 0 Action = android.intent.action.PROVIDER_CHANGED
09-16 08:05:29.069  5506  5523 I ContactDirectoryManager: deleted 0 stale rows which don't have any relevant directory
09-16 08:05:29.086  5506  5523 I ContactDirectoryManager: Discovered 0 contact directories in 422ms
09-16 08:05:29.102  3657  5333 I ActivityManager: Start proc 5608:com.cyanogenmod.lockclock/u0a50 for broadcast com.cyanogenmod.lockclock/.ClockWidgetProvider
09-16 08:05:29.105  5592  5592 W System  : ClassLoader referenced unknown path: /system/app/Email/lib/arm64
09-16 08:05:29.159  5506  5523 I ContactsProvider: Upgrading aggregation algorithm
09-16 08:05:29.174  5608  5608 W System  : ClassLoader referenced unknown path: /system/app/LockClock/lib/arm64
09-16 08:05:29.196  5506  5523 I ContactAggregator: Marked all visible contacts for aggregation: 0 raw contacts, 2 ms
09-16 08:05:29.246  3657  5541 D NetworkMonitor/NetworkAgentInfo [MOBILE (HSPA+) - 100]: PROBE_DNS OK 716ms, www.google.com=64.233.186.103,64.233.186.105,64.233.186.106,64.233.186.147,64.233.186.104,64.233.186.99
09-16 08:05:29.250  3657  5541 W System  : ClassLoader referenced unknown path: /system/framework/tcmclient.jar
09-16 08:05:29.295  5506  5523 I ContactsProvider: Aggregation algorithm upgraded for 0 raw contacts in 136ms
09-16 08:05:29.302  5148  5148 D CellBroadcastReceiver: onReceive Intent { act=android.intent.action.SERVICE_STATE flg=0x10 cmp=com.android.cellbroadcastreceiver/.CellBroadcastReceiver (has extras) }
09-16 08:05:29.302  5148  5148 D CellBroadcastReceiver: Intent: android.intent.action.SERVICE_STATE
09-16 08:05:29.362  5334  5334 I MediaUpgradeReceiver: ---> Start upgrade of media database external.db
09-16 08:05:29.391  5506  5523 I ContactsFTS: Rebuild contact search index in 53ms, 0 contacts
09-16 08:05:29.392  5592  5631 D ActivityThread: Loading provider com.android.email.provider;com.android.email.notifier: com.android.email.provider.EmailProvider
09-16 08:05:29.405  5334  5334 I MediaUpgradeReceiver: <--- Finished upgrade of media database external.db in 43ms
09-16 08:05:29.407  3657  4862 I PreBootBroadcaster: Pre-boot of {com.android.settings/com.android.settings.SettingsInitialize} for user 0
09-16 08:05:29.408  5592  5592 D ActivityThread: Loading provider com.android.email.provider;com.android.email.notifier: com.android.email.provider.EmailProvider
09-16 08:05:29.425  5592  5632 D ActivityThread: Loading provider com.android.email.provider;com.android.email.notifier: com.android.email.provider.EmailProvider
09-16 08:05:29.427  3657  3657 D ZenLog  : disable_effects: 0|android|0|PreBootBroadcaster|1000,booleanState
09-16 08:05:29.464  5592  5634 D ActivityThread: Loading provider com.android.email.provider;com.android.email.notifier: com.android.email.provider.EmailProvider
09-16 08:05:29.801  3657  5332 W ActivityManager: Unable to start service Intent { act=com.android.mail.action.BACKUP_DATA_CHANGED pkg=com.android.email } U=0: not found
09-16 08:05:29.809  3657  4863 W ActivityManager: Unable to start service Intent { act=com.android.mail.action.BACKUP_DATA_CHANGED pkg=com.android.email } U=0: not found
09-16 08:05:29.816  3657  5363 W ActivityManager: Unable to start service Intent { act=com.android.mail.action.BACKUP_DATA_CHANGED pkg=com.android.email } U=0: not found
09-16 08:05:29.823  3657  5348 W ActivityManager: Unable to start service Intent { act=com.android.mail.action.BACKUP_DATA_CHANGED pkg=com.android.email } U=0: not found
09-16 08:05:29.830  3657  5333 W ActivityManager: Unable to start service Intent { act=com.android.mail.action.BACKUP_DATA_CHANGED pkg=com.android.email } U=0: not found
09-16 08:05:29.837  3657  3722 W ActivityManager: Unable to start service Intent { act=com.android.mail.action.BACKUP_DATA_CHANGED pkg=com.android.email } U=0: not found
09-16 08:05:29.848  3657  5332 W ActivityManager: Unable to start service Intent { act=com.android.mail.action.BACKUP_DATA_CHANGED pkg=com.android.email } U=0: not found
09-16 08:05:29.866  5592  5634 W art     : Long monitor contention with owner main (5592) at boolean android.os.BinderProxy.transactNative(int, android.os.Parcel, android.os.Parcel, int)(Binder.java:-2) waiters=1 in com.android.mail.preferences.MailPrefs com.android.mail.preferences.MailPrefs.get(android.content.Context) for 391ms
09-16 08:05:29.868  5592  5632 W art     : Long monitor contention with owner main (5592) at boolean android.os.BinderProxy.transactNative(int, android.os.Parcel, android.os.Parcel, int)(Binder.java:-2) waiters=2 in com.android.mail.preferences.MailPrefs com.android.mail.preferences.MailPrefs.get(android.content.Context) for 390ms
09-16 08:05:29.880  3657  5348 W ActivityManager: Unable to start service Intent { cmp=com.android.email/.service.AttachmentService } U=0: not found
09-16 08:05:29.881  3657  5196 W ActivityManager: Unable to start service Intent { cmp=com.android.email/.service.AttachmentService } U=0: not found
09-16 08:05:29.903  5592  5635 W art     : Long monitor contention with owner AsyncTask #2 (5632) at boolean android.os.BinderProxy.transactNative(int, android.os.Parcel, android.os.Parcel, int)(Binder.java:-2) waiters=0 in void com.android.email.provider.AccountReconciler.reconcileAccounts(android.content.Context) for 482ms
09-16 08:05:29.919  3657  5348 W ActivityManager: Unable to start service Intent { cmp=com.android.email/.service.AttachmentService } U=0: not found
09-16 08:05:29.926  5592  5641 I Email   : Observing account changes for notifications
09-16 08:05:29.940  3657  5363 W ActivityManager: Unable to start service Intent { cmp=com.android.email/.service.AttachmentService } U=0: not found
09-16 08:05:29.957  5569  5569 I Exchange: EasService.onCreate
09-16 08:05:29.974  3657  5332 I PreBootBroadcaster: Pre-boot of {org.cyanogenmod.cmsettings/org.cyanogenmod.cmsettings.PreBootReceiver} for user 0
09-16 08:05:29.988  3657  3657 D ZenLog  : disable_effects: 0|android|0|PreBootBroadcaster|1000,booleanState
09-16 08:05:30.002  5569  5643 I Exchange: RestartPingTask
09-16 08:05:30.028  3657  5003 W ActivityManager: Unable to start service Intent { cmp=com.android.email/.service.AttachmentService } U=0: not found
09-16 08:05:30.117  5569  5569 I Exchange: RestartPingsTask did not start any pings.
09-16 08:05:30.117  5569  5569 I Exchange: PSS stopIfIdle
09-16 08:05:30.118  5569  5569 I Exchange: PSS has no active accounts; stopping service.
09-16 08:05:30.144  3657  3657 D ActivityManager: Sending BOOT_COMPLETE user #0
09-16 08:05:30.144  5569  5569 I Exchange: onDestroy
09-16 08:05:30.160  3657  3657 I ActivityManager: Start proc 5648:org.cyanogenmod.cmparts/1000 for broadcast org.cyanogenmod.cmparts/.BootReceiver
09-16 08:05:30.172  5569  5569 I Exchange: EasService.onCreate
09-16 08:05:30.210  5569  5662 I Exchange: RestartPingTask
09-16 08:05:30.223  5648  5648 W System  : ClassLoader referenced unknown path: /system/priv-app/CMParts/lib/arm64
09-16 08:05:30.242  5569  5569 I Exchange: RestartPingsTask did not start any pings.
09-16 08:05:30.242  5569  5569 I Exchange: PSS stopIfIdle
09-16 08:05:30.242  5569  5569 I Exchange: PSS has no active accounts; stopping service.
09-16 08:05:30.246  5569  5569 I Exchange: onDestroy
09-16 08:05:30.479  3657  5667 E BootReceiver: Error reading /data/system/last-header.txt
09-16 08:05:30.479  3657  5667 E BootReceiver: java.io.FileNotFoundException: /data/system/last-header.txt (No such file or directory)
09-16 08:05:30.479  3657  5667 E BootReceiver: 	at java.io.FileInputStream.open(Native Method)
09-16 08:05:30.479  3657  5667 E BootReceiver: 	at java.io.FileInputStream.<init>(FileInputStream.java:146)
09-16 08:05:30.479  3657  5667 E BootReceiver: 	at android.os.FileUtils.readTextFile(FileUtils.java:263)
09-16 08:05:30.479  3657  5667 E BootReceiver: 	at com.android.server.BootReceiver.getPreviousBootHeaders(BootReceiver.java:121)
09-16 08:05:30.479  3657  5667 E BootReceiver: 	at com.android.server.BootReceiver.getBootHeadersToLogAndUpdate(BootReceiver.java:143)
09-16 08:05:30.479  3657  5667 E BootReceiver: 	at com.android.server.BootReceiver.logBootEvents(BootReceiver.java:163)
09-16 08:05:30.479  3657  5667 E BootReceiver: 	at com.android.server.BootReceiver.-wrap2(BootReceiver.java)
09-16 08:05:30.479  3657  5667 E BootReceiver: 	at com.android.server.BootReceiver$1.run(BootReceiver.java:93)
09-16 08:05:30.493  3657  3657 I ActivityManager: Start proc 5668:com.android.dialer/u0a17 for broadcast com.android.dialer/.calllog.CallLogReceiver
09-16 08:05:30.498  3657  5667 E RecoverySystem: Failed to read lines in last_install
09-16 08:05:30.498  3657  5667 E RecoverySystem: java.io.FileNotFoundException: /cache/recovery/last_install (No such file or directory)
09-16 08:05:30.498  3657  5667 E RecoverySystem: 	at java.io.FileInputStream.open(Native Method)
09-16 08:05:30.498  3657  5667 E RecoverySystem: 	at java.io.FileInputStream.<init>(FileInputStream.java:146)
09-16 08:05:30.498  3657  5667 E RecoverySystem: 	at java.io.FileReader.<init>(FileReader.java:72)
09-16 08:05:30.498  3657  5667 E RecoverySystem: 	at android.os.RecoverySystem.parseLastInstallLog(RecoverySystem.java:725)
09-16 08:05:30.498  3657  5667 E RecoverySystem: 	at android.os.RecoverySystem.handleAftermath(RecoverySystem.java:818)
09-16 08:05:30.498  3657  5667 E RecoverySystem: 	at com.android.server.BootReceiver.logBootEvents(BootReceiver.java:166)
09-16 08:05:30.498  3657  5667 E RecoverySystem: 	at com.android.server.BootReceiver.-wrap2(BootReceiver.java)
09-16 08:05:30.498  3657  5667 E RecoverySystem: 	at com.android.server.BootReceiver$1.run(BootReceiver.java:93)
09-16 08:05:30.500  3657  5667 I RecoverySystem: Deleted: /cache/recovery/.version
09-16 08:05:30.501  3657  5667 I RecoverySystem: Deleted: /cache/recovery/recovery.fstab
09-16 08:05:30.502  3657  5667 I RecoverySystem: Deleted: /cache/recovery/storage.fstab
09-16 08:05:30.502  3657  5667 I RecoverySystem: Deleted: /cache/recovery/log
09-16 08:05:30.503  3657  5667 I RecoverySystem: Deleted: /cache/recovery/intent
09-16 08:05:30.530  3657  5667 I BootReceiver: No existing last log timestamp file /data/system/log-files.xml; starting empty
09-16 08:05:30.537  3657  5667 I BootReceiver: Copying /proc/last_kmsg to DropBox (SYSTEM_LAST_KMSG)
09-16 08:05:30.554  5668  5668 W System  : ClassLoader referenced unknown path: /system/priv-app/Dialer/lib/arm64
09-16 08:05:30.582  3657  5667 I BootReceiver: Copying audit failures to DropBox
09-16 08:05:30.599  3657  4756 I GnssLocationProvider: WakeLock acquired by sendMessage(11, 0, null)
09-16 08:05:30.599  3270  3270 D gpsd    : WakeLock(Acquire,GPSD)
09-16 08:05:30.599  3657  4756 I GnssLocationProvider: WakeLock released by handleDownloadXtraData()
09-16 08:05:30.600  3657  3723 I GnssLocationProvider: WakeLock released by handleMessage(11, 0, null)
09-16 08:05:30.600  3270  3270 D gpsd    : WakeLock(Release,GPSD)
09-16 08:05:30.600  3270  3270 D gpsd    : WakeLock(Acquire,GPSD)
09-16 08:05:30.600  3270  3270 D gpsd    : WakeLock(Release,GPSD)
09-16 08:05:30.625  5668  5668 I BlockedNumbersAuto: Updating state as already checked for auto-migrate.
09-16 08:05:30.627  5668  5668 I BlockedNumbersAuto: Attempting to auto-migrate.
09-16 08:05:30.684  4975  4975 V OtaStartupReceiver: onOtaspChanged: mOtaspMode=3
09-16 08:05:30.686  4975  4975 D CarrierConfigLoader: mHandler: 13 phoneId: 0
09-16 08:05:30.686  4975  4975 D CarrierConfigLoader: mHandler: 7 phoneId: 0
09-16 08:05:30.689  3657  5667 I BootReceiver: Copied 6464 worth of audits to DropBox
09-16 08:05:30.692  4975  4975 E CarrierConfigLoader: java.io.FileNotFoundException: /data/user_de/0/com.android.phone/files/carrierconfig-com.android.carrierconfig-89543420816751226808-72234.xml (No such file or directory)
09-16 08:05:30.692  4975  4975 D CarrierConfigLoader: Binding to com.android.carrierconfig for phone 0
09-16 08:05:30.693  5668  5689 W CountryDetector: No location permissions, not registering for location updates.
09-16 08:05:30.702  3657  5667 I BootReceiver: Checking for fsck errors
09-16 08:05:30.704  3657  5667 I BootReceiver: Copying /data/tombstones/tombstone_00 to DropBox (SYSTEM_TOMBSTONE)
09-16 08:05:30.704  5219  5219 D DefaultCarrierConfigService: Service created
09-16 08:05:30.730  3657  4862 I ActivityManager: Start proc 5690:com.cyanogenmod.settings.device/1000 for broadcast com.cyanogenmod.settings.device/.BootCompletedReceiver
09-16 08:05:30.733  4975  4975 D CarrierConfigLoader: Connected to config app: com.android.carrierconfig/com.android.carrierconfig.DefaultCarrierConfigService
09-16 08:05:30.733  4975  4975 D CarrierConfigLoader: mHandler: 3 phoneId: 0
09-16 08:05:30.735  5219  5231 D DefaultCarrierConfigService: Config being fetched
09-16 08:05:30.735  5219  5231 D DefaultCarrierConfigService: java.io.FileNotFoundException: carrier_config_72234.xml
09-16 08:05:30.765  4975  4975 D CarrierConfigLoader: mHandler: 5 phoneId: 0
09-16 08:05:30.783  3085  3085 W auditd  : type=1325 audit(0.0:159): table=filter family=2 entries=98
09-16 08:05:30.783  3085  3085 W auditd  : type=1320 audit(0.0:159): 
09-16 08:05:30.797  5668  5668 I BlockedNumbersAuto: Auto-migrating: no blocked numbers.
09-16 08:05:30.803  3085  3085 W auditd  : type=1325 audit(0.0:160): table=filter family=10 entries=109
09-16 08:05:30.803  3085  3085 W auditd  : type=1320 audit(0.0:160): 
09-16 08:05:30.827  5690  5690 W System  : ClassLoader referenced unknown path: /system/app/AdvancedDisplay/lib/arm64
09-16 08:05:30.848  3657  3657 I Telecom : PhoneAccountRegistrar: SimCallManager queried, returning: null: TSI.gSCMFU@ADI
09-16 08:05:30.907  5690  5690 I settings.device: type=1400 audit(0.0:161): avc: denied { write } for name="scenario" dev="sysfs" ino=33552 scontext=u:r:system_app:s0 tcontext=u:object_r:sysfs:s0 tclass=file permissive=1
09-16 08:05:30.907  5690  5690 W settings.device: type=1300 audit(0.0:161): arch=c00000b7 syscall=48 success=yes exit=0 a0=ffffff9c a1=7f8fd7a2c0 a2=2 a3=0 items=0 ppid=3271 auid=4294967295 uid=1000 gid=1000 euid=1000 suid=1000 fsuid=1000 egid=1000 sgid=1000 fsgid=1000 tty=(none) ses=4294967295 exe="/system/bin/app_process64" subj=u:r:system_app:s0 key=(null)
09-16 08:05:30.907  3085  3085 W auditd  : type=1327 audit(0.0:161): proctitle="com.cyanogenmod.settings.device"
09-16 08:05:30.907  3085  3085 W auditd  : type=1320 audit(0.0:161): 
09-16 08:05:30.964  5552  5552 D AlertReceiver: onReceive: a=android.intent.action.BOOT_COMPLETED Intent { act=android.intent.action.BOOT_COMPLETED flg=0x9000010 cmp=com.android.calendar/.alerts.AlertReceiver (has extras) }
09-16 08:05:30.994  3657  5332 I ActivityManager: Start proc 5711:com.android.camera2/u0a42 for broadcast com.android.camera2/com.android.camera.DisableCameraReceiver
09-16 08:05:31.148  5711  5711 I CAM_Profiler: [ 16.159ms][ui] GUARD: FirstRunDetector getTimeOfFirstRun - STOP
09-16 08:05:31.150  5711  5711 I CAM_Profiler: [ 23.643ms][ui] GUARD: CameraApp onCreate() - [23.643ms] initializeTimeOfFirstRun
09-16 08:05:31.161  5711  5711 I CAM_Profiler: [ 32.435ms][ui] GUARD: CameraApp onCreate() - STOP
09-16 08:05:31.183  5711  5711 I CAM_DisableCamRcver: number of camera: 0
09-16 08:05:31.183  5711  5711 I CAM_DisableCamRcver: disable all camera activities
09-16 08:05:31.197  5182  5182 I AlarmClock: AlarmInitReceiver android.intent.action.BOOT_COMPLETED
09-16 08:05:31.294  5592  5592 D BluetoothEmailBroadcastReceiver: Received android.intent.action.BOOT_COMPLETED
09-16 08:05:31.315  3657  5332 I ActivityManager: Start proc 5733:com.android.gallery3d/u0a21 for broadcast com.android.gallery3d/com.android.camera.DisableCameraReceiver
09-16 08:05:31.322  5592  5732 I Email   : Onetime initialization: 1
09-16 08:05:31.330  5592  5732 I Email   : Onetime initialization: 2
09-16 08:05:31.340  5592  5732 I Email   : Onetime initialization: completed.
09-16 08:05:31.382  5569  5569 I Exchange: EasService.onCreate
09-16 08:05:31.403  5569  5747 I Exchange: RestartPingTask
09-16 08:05:31.469  5569  5569 I Exchange: RestartPingsTask did not start any pings.
09-16 08:05:31.470  5569  5569 I Exchange: PSS stopIfIdle
09-16 08:05:31.470  5569  5569 I Exchange: PSS has no active accounts; stopping service.
09-16 08:05:31.476  5569  5569 I Exchange: onDestroy
09-16 08:05:31.528  5733  5733 I G:DisableCameraReceiver: no back camera
09-16 08:05:31.528  5733  5733 I G:DisableCameraReceiver: disable all camera activities
09-16 08:05:31.542  4832  4832 I SystemBroadcastReceiver: Boot has been completed
09-16 08:05:31.542  4832  4832 I SystemBroadcastReceiver: toggleAppIcon() : FLAG_SYSTEM = true
09-16 08:05:31.616  3657  3721 I ActivityManager: Start proc 5751:com.android.messaging/u0a63 for broadcast com.android.messaging/.receiver.BootAndPackageReplacedReceiver
09-16 08:05:31.672  5751  5751 W System  : ClassLoader referenced unknown path: /system/app/messaging/lib/arm64
09-16 08:05:31.862  5751  5772 I MessagingApp: Upgrading shared prefs from -1 to 1
09-16 08:05:31.913  3657  5372 I ActivityManager: Start proc 5774:com.android.onetimeinitializer/u0a18 for broadcast com.android.onetimeinitializer/.OneTimeInitializerReceiver
09-16 08:05:31.948  5751  5751 I MessagingApp: Carrier config changed. Reloading MMS config.
09-16 08:05:31.964  5774  5774 W System  : ClassLoader referenced unknown path: /system/priv-app/OneTimeInitializer/lib/arm64
09-16 08:05:32.005  5751  5788 W MessagingApp: canonicalizeMccMnc: invalid mccmnc:null ,null
09-16 08:05:32.024  3657  3721 D MmsServiceBroker: getCarrierConfigValues() by com.android.messaging
09-16 08:05:32.025  3657  3721 W MmsServiceBroker: MmsService not connected. Try connecting...
09-16 08:05:32.025  3657  3657 I MmsServiceBroker: Connecting to MmsService
09-16 08:05:32.026  3657  3657 W ContextImpl: Calling a method in the system process without a qualified user: android.app.ContextImpl.bindService:1421 com.android.server.MmsServiceBroker.tryConnecting:241 com.android.server.MmsServiceBroker.-wrap3:-1 com.android.server.MmsServiceBroker$1.handleMessage:83 android.os.Handler.dispatchMessage:102 
09-16 08:05:32.036  4975  4975 W System  : ClassLoader referenced unknown path: /system/priv-app/MmsService/lib/arm64
09-16 08:05:32.038  4975  4975 D ApplicationLoaders: ignored Vulkan layer search path /system/priv-app/MmsService/lib/arm64:/system/lib64:/vendor/lib64 for namespace 0x7f939991d0
09-16 08:05:32.049  5751  5773 W MessagingApp: Rebuilt databases: reseting related state
09-16 08:05:32.052  4975  4975 D MmsService: onCreate
09-16 08:05:32.056  5774  5774 V OneTimeInitializerRece: OneTimeInitializerReceiver.onReceive
09-16 08:05:32.068  3657  3657 I MmsServiceBroker: MmsService connected
09-16 08:05:32.069  4975  5173 D MmsService: getCarrierConfigValues
09-16 08:05:32.069  4975  5173 I MmsService: mms config for sub 1: null
09-16 08:05:32.070  4975  4975 I MmsService: MmsConfigManager receiver action: android.intent.action.SIM_STATE_CHANGED
09-16 08:05:32.071  4975  4975 I MmsService: MmsConfigManager receiver action: android.telephony.action.CARRIER_CONFIG_CHANGED
09-16 08:05:32.072  4975  5795 I MmsService: MmsConfigManager loads in background mcc/mnc: 722/34
09-16 08:05:32.073  5751  5788 I MessagingApp: Carrier configs loaded: Bundle[{smsToMmsTextThreshold=-1, maxMessageTextSize=-1, recipientLimit=-1, maxImageHeight=480, maxMessageSize=307200, maxImageWidth=640, enabledMMS=true, enableMultipartSMS=true}] from resources+system for subId=1
09-16 08:05:32.079  4975  5796 I MmsService: MmsConfigManager loads in background mcc/mnc: 722/34
09-16 08:05:32.085  4975  5794 I MmsService: MmsConfigManager loads in background mcc/mnc: 722/34
09-16 08:05:32.104  5751  5773 I MessagingAppDataModel: Fixup: Send failed - 0 Download failed - 0
09-16 08:05:32.134  5774  5793 I OneTimeInitializerServ: Updating to version 1.
09-16 08:05:32.140  5774  5793 E ActivityThread: Failed to find provider info for com.android.launcher2.settings
09-16 08:05:32.162  5751  5790 W MessagingApp: canonicalizeMccMnc: invalid mccmnc:null ,null
09-16 08:05:32.205  3657  3722 D MmsServiceBroker: getCarrierConfigValues() by com.android.messaging
09-16 08:05:32.206  4975  5174 D MmsService: getCarrierConfigValues
09-16 08:05:32.206  4975  5174 I MmsService: mms config for sub 1: Bundle[{httpSocketTimeout=60000, aliasMinChars=2, smsToMmsTextThreshold=-1, enableSMSDeliveryReports=true, maxMessageTextSize=-1, supportMmsContentDisposition=true, enabledTransID=false, aliasEnabled=false, supportHttpCharsetHeader=false, allowAttachAudio=true, smsToMmsTextLengthThreshold=-1, recipientLimit=2147483647, uaProfTagName=x-wap-profile, aliasMaxChars=48, maxImageHeight=480, enableMMSDeliveryReports=false, userAgent=, mmsCloseConnection=false, config_cellBroadcastAppLinks=true, maxSubjectLength=40, httpParams=, enableGroupMms=true, emailGatewayNumber=, maxMessageSize=307200, naiSuffix=, enableMMSReadReports=false, maxImageWidth=640, uaProfUrl=, enabledMMS=true, enabledNotifyWapMMSC=false, sendMultipartSmsAsSeparateMessages=false, enableMultipartSMS=true}]
09-16 08:05:32.209  5751  5790 I MessagingApp: Carrier configs loaded: Bundle[{httpSocketTimeout=60000, aliasMinChars=2, smsToMmsTextThreshold=-1, enableSMSDeliveryReports=true, maxMessageTextSize=-1, supportMmsContentDisposition=true, enabledTransID=false, aliasEnabled=false, supportHttpCharsetHeader=false, allowAttachAudio=true, smsToMmsTextLengthThreshold=-1, recipientLimit=2147483647, uaProfTagName=x-wap-profile, aliasMaxChars=48, maxImageHeight=480, enableMMSDeliveryReports=false, userAgent=, mmsCloseConnection=false, config_cellBroadcastAppLinks=true, maxSubjectLength=40, httpParams=, enableGroupMms=true, emailGatewayNumber=, maxMessageSize=307200, naiSuffix=, enableMMSReadReports=false, maxImageWidth=640, uaProfUrl=, enabledMMS=true, enabledNotifyWapMMSC=false, sendMultipartSmsAsSeparateMessages=false, enableMultipartSMS=true}] from resources+system for subId=1
09-16 08:05:32.234  3657  5538 D NetworkMonitor/NetworkAgentInfo [MOBILE (HSPA+) - 100]: PROBE_FALLBACK http://www.google.com/gen_204 time=705ms ret=302 request={User-Agent=[Mozilla/5.0 (X11; Linux x86_64) AppleWebKit/537.36 (KHTML, like Gecko) Chrome/52.0.2743.82 Safari/537.36]} headers={null=[HTTP/1.1 302 Found], Cache-Control=[no-cache], Connection=[Close], Content-Length=[165], Content-Type=[text/html; charset=UTF-8], Location=[http://masinternet.personal.com.ar/], X-Android-Received-Millis=[1505559932228], X-Android-Response-Source=[NETWORK 302], X-Android-Selected-Protocol=[http/1.1], X-Android-Sent-Millis=[1505559931768]}
09-16 08:05:32.240  3657  4748 D ConnectivityService: NetworkAgentInfo [MOBILE (HSPA+) - 100] validation failed with redirect to http://masinternet.personal.com.ar/
09-16 08:05:32.241  4975  5163 D DcNetworkAgent: NetworkAgent: validation status: 2 with redirection URL: http://masinternet.personal.com.ar/
09-16 08:05:32.259  3657  4748 D NetworkNotificationManager: showNotification tag=ConnectivityNotification:100 event=SIGN_IN transport=cellular data extraInfo=gprs.personal.com highPrioriy=false
09-16 08:05:32.303  3657  3657 D ZenLog  : disable_effects: -1|android|740|ConnectivityNotification:100|1000,booleanState
09-16 08:05:32.318  5751  5800 I MessagingAppDataModel: SyncMessagesAction: Starting batch for messages from -1 to 1505559931836 (message update limit = 80, message scan limit = 4000)
09-16 08:05:32.379  5751  5772 W MessagingApp: canonicalizeMccMnc: invalid mccmnc:null ,null
09-16 08:05:32.380  4975  4975 V VvmBootCompletedRcvr: processing subId list
09-16 08:05:32.412  4975  4975 V VvmBootCompletedRcvr: processing subId 1
09-16 08:05:32.413  3657  5348 D MmsServiceBroker: getCarrierConfigValues() by com.android.messaging
09-16 08:05:32.413  4975  5174 D MmsService: getCarrierConfigValues
09-16 08:05:32.414  4975  5174 I MmsService: mms config for sub 1: Bundle[{httpSocketTimeout=60000, aliasMinChars=2, smsToMmsTextThreshold=-1, enableSMSDeliveryReports=true, maxMessageTextSize=-1, supportMmsContentDisposition=true, enabledTransID=false, aliasEnabled=false, supportHttpCharsetHeader=false, allowAttachAudio=true, smsToMmsTextLengthThreshold=-1, recipientLimit=2147483647, uaProfTagName=x-wap-profile, aliasMaxChars=48, maxImageHeight=480, enableMMSDeliveryReports=false, userAgent=, mmsCloseConnection=false, config_cellBroadcastAppLinks=true, maxSubjectLength=40, httpParams=, enableGroupMms=true, emailGatewayNumber=, maxMessageSize=307200, naiSuffix=, enableMMSReadReports=false, maxImageWidth=640, uaProfUrl=, enabledMMS=true, enabledNotifyWapMMSC=false, sendMultipartSmsAsSeparateMessages=false, enableMultipartSMS=true}]
09-16 08:05:32.422  4975  4975 D VvmSimChangeReceiver: visual voicemail not supported for carrier 72234 on subId 1
09-16 08:05:32.423  5751  5772 I MessagingApp: Carrier configs loaded: Bundle[{httpSocketTimeout=60000, aliasMinChars=2, smsToMmsTextThreshold=-1, enableSMSDeliveryReports=true, maxMessageTextSize=-1, supportMmsContentDisposition=true, enabledTransID=false, aliasEnabled=false, supportHttpCharsetHeader=false, allowAttachAudio=true, smsToMmsTextLengthThreshold=-1, recipientLimit=2147483647, uaProfTagName=x-wap-profile, aliasMaxChars=48, maxImageHeight=480, enableMMSDeliveryReports=false, userAgent=, mmsCloseConnection=false, config_cellBroadcastAppLinks=true, maxSubjectLength=40, httpParams=, enableGroupMms=true, emailGatewayNumber=, maxMessageSize=307200, naiSuffix=, enableMMSReadReports=false, maxImageWidth=640, uaProfUrl=, enabledMMS=true, enabledNotifyWapMMSC=false, sendMultipartSmsAsSeparateMessages=false, enableMultipartSMS=true}] from resources+system for subId=1
09-16 08:05:32.618  5506  5506 I BootCompletedReceiver: Boot complete, newly created contact database detected. Pref Time:  DB Time: 1505559926575
09-16 08:05:32.652  5506  5506 I ContactsProvider: onContactsDbCreated
09-16 08:05:32.690  5751  5803 I MessagingAppDataModel: SyncMessagesAction: All messages now in sync
09-16 08:05:32.725  3657  5289 I ActivityManager: Killing 4989:com.android.settings:CryptKeeper/1000 (adj 906): empty #17
09-16 08:05:32.756  3657  5288 D ActivityManager: cleanUpApplicationRecord -- 4989
09-16 08:05:32.952  5334  5805 I chatty  : uid=10010(com.android.providers.media) android.process.media expire 110 lines
09-16 08:05:32.991  3657  4862 I ActivityManager: Start proc 5811:com.cyanogenmod.trebuchet/u0a29 for broadcast com.cyanogenmod.trebuchet/com.android.launcher3.StartupReceiver
09-16 08:05:33.062  5811  5811 W System  : ClassLoader referenced unknown path: /system/priv-app/Trebuchet/lib/arm64
09-16 08:05:33.311  3657  5372 I ActivityManager: Killing 5395:com.android.keychain/1000 (adj 906): empty #17
09-16 08:05:33.344  5303  5832 D AudioFx-AudioOutputChangeListener: onAudioOutputChanged id: 2 type: 2 name: SM-G955F address:  [android.media.AudioDeviceInfo@9835ae3]
09-16 08:05:33.350  3657  4863 D ActivityManager: cleanUpApplicationRecord -- 5395
09-16 08:05:33.368  5303  5303 D AudioFxService: rebuilding presets due to preference upgrade from 0 to 4
09-16 08:05:33.394  3273  4757 D PermissionCache: checking android.permission.MODIFY_AUDIO_SETTINGS for uid=10003 => granted (3213 us)
09-16 08:05:33.395  3273  4757 D AudioSAEffect: EffectCreate start - session 0
09-16 08:05:33.395  3273  4757 D AudioSAEffect: EffectCreate - Allocating SessionNo 0 for SessionId 0
09-16 08:05:33.395  3273  4757 D AudioSAEffect: EffectCreate - This is the first effect in current sessionId 0 sessionNo 0
09-16 08:05:33.395  3273  4757 D AudioSAEffect: AudioSAEffect::AudioSAEffect ctor nPresets=10
09-16 08:05:33.395  3273  4757 D AudioSA : AudioSA::Init 
09-16 08:05:33.397  5303  5303 W Equalizer: WARNING: attaching an Equalizer to global output mix is deprecated!
09-16 08:05:33.406  3657  5332 I ActivityManager: Start proc 5837:org.cyanogenmod.profiles/u0a55 for broadcast org.cyanogenmod.profiles/.StartUpReceiver
09-16 08:05:33.411  3273  4757 D AudioSAEffect: EffectCreate start - session 0
09-16 08:05:33.411  3273  4757 D AudioSAEffect: EffectCreate - Allocating SessionNo 0 for SessionId 0
09-16 08:05:33.411  3273  4757 D AudioSAEffect: EffectCreate - Assigning memory for previously created effect on sessionNo 0
09-16 08:05:33.414  5303  5303 W BassBoost: WARNING: attaching a BassBoost to global output mix is deprecated!
09-16 08:05:33.416  3273  4757 D AudioSAEffect: EffectCreate start - session 0
09-16 08:05:33.416  3273  4757 D AudioSAEffect: EffectCreate - Allocating SessionNo 0 for SessionId 0
09-16 08:05:33.416  3273  4757 D AudioSAEffect: EffectCreate - Assigning memory for previously created effect on sessionNo 0
09-16 08:05:33.418  5303  5303 W Virtualizer: WARNING: attaching a Virtualizer to global output mix is deprecated!
09-16 08:05:33.466  5837  5837 W System  : ClassLoader referenced unknown path: /system/app/Profiles/lib/arm64
09-16 08:05:33.478  3273  4758 D AudioSA : AudioSA::Close 
09-16 08:05:33.514  5648  5851 D ReportingServiceManager: Next sync attempt in : 23 hours
09-16 08:05:33.591  3657  3721 I ActivityManager: Start proc 5855:org.lineageos.updater/u0a27 for broadcast org.lineageos.updater/.UpdatesCheckReceiver
09-16 08:05:33.602  3657  3721 I ActivityManager: Killing 5148:com.android.cellbroadcastreceiver/u0a8 (adj 906): empty #17
09-16 08:05:33.638  3657  3721 D ActivityManager: cleanUpApplicationRecord -- 5148
09-16 08:05:33.658  5855  5855 W System  : ClassLoader referenced unknown path: /system/priv-app/Updater/lib/arm64
09-16 08:05:33.725  3280  4931 E MetadataRetrieverClient: failed to extract an album art
