09-09 20:45:06.279  5553  5656 I BrcmNfcNfa: NFC_Deactivate 4 (IDLE) deactivate_type:0
09-09 20:45:06.279  5553  5656 D NfcAdaptation: NfcAdaptation::HalWrite
09-09 20:45:06.279  5553  5656 I SecHAL  : nfc_hal_write: enter;
09-09 20:45:06.280  5553  5656 I SecHAL  : nfc_hal_write: exit;
09-09 20:45:06.280  5553  5656 I BrcmNfcNfa: nfa_dm_disc_sm_execute (): new state: DISCOVERY (1), disc_flags: 0x22
09-09 20:45:06.280  5553  5656 I BrcmNfcNfa: nfa_sys_ptim_stop_timer 86149010
09-09 20:45:06.280  5553  5656 I BrcmNfcNfa: ptim timer stop
09-09 20:45:06.280  5553  5656 I BrcmNfcNfa: Stopped presence check timer (if started)
09-09 20:45:06.280  5553  5658 D SecHAL  : nfc_hal_task: Got a event: HAL_EVT_WRITE(3)
09-09 20:45:06.281  5553  5658 D SecHAL  : nfc_hal_task: current state: SERVICE
09-09 20:45:06.281  5553  5658 I SecHAL  : device_wakeup: Wakeup! in 80 ms
09-09 20:45:06.361  5553  5658 I SecHAL  : device_wakeup: exit
09-09 20:45:06.362  5553  5658 I SecHAL  : OSI_timer_start: enter,osi_lock
09-09 20:45:06.362  5553  5658 I SecHAL  : OSI_timer_start: before pthread_create for timer thread
09-09 20:45:06.362  5553  5658 I SecHAL  : OSI_timer_start: after pthread_create for timer thread
09-09 20:45:06.362  5553  5658 I SecHAL  : OSI_timer_start: before osi_unlock
09-09 20:45:06.362  5553  5658 I SecHAL  : OSI_timer_start: exit
09-09 20:45:06.362  5553  5658 I SecHAL  : device_write: enter
09-09 20:45:06.363  5553  5658 I SecHAL  : device_write: before system call
09-09 20:45:06.363  5553  5658 I SecHAL  : device_write: after system call
09-09 20:45:06.363  5553  5658 D SecHAL  : data_trace:  Send(  4) 21 06 01   00 
09-09 20:45:06.363  5553  5658 I SecHAL  : device_write: exit
09-09 20:45:06.367  5553  5657 D SecHAL  : read_thread: Sent message to HAL message task, remind que: 2
09-09 20:45:06.367  5553  5658 D SecHAL  : nfc_hal_task: Got a event: HAL_EVT_READ(4)
09-09 20:45:06.367  5553  5658 D SecHAL  : nfc_hal_task: current state: SERVICE
09-09 20:45:06.368  5553  5658 D SecHAL  : data_trace:  Recv(  4) 41 06 01   00 
09-09 20:45:06.368  5553  5658 I SecHAL  : OSI_timer_start: enter,osi_lock
09-09 20:45:06.368  5553  5658 I SecHAL  : OSI_timer_start: before osi_unlock
09-09 20:45:06.368  5553  5658 I SecHAL  : OSI_timer_start: exit
09-09 20:45:06.368  5553  5658 I SecHAL  : nfc_data_callback: !
09-09 20:45:06.368  5553  5658 D NfcAdaptation: NfcAdaptation::HalDeviceContextDataCallback: len=4
09-09 20:45:06.368  5553  5656 I BrcmNfcNfa: NFC received rsp gid:1
09-09 20:45:06.368  5553  5656 I BrcmNfcNfa: p2p priority is running under bail out mode ONLY.
09-09 20:45:06.369  5553  5656 I BrcmNfcNfa: nfc_set_state 4 (IDLE)->4 (IDLE)
09-09 20:45:06.369  5553  5656 I BrcmNfcNfa: nfa_dm_disc_data_cback ()
09-09 20:45:06.369  5553  5656 I BrcmNfcNfa: nfa_dm_disc_discovery_cback (): event:0x4005
09-09 20:45:06.369  5553  5656 I BrcmNfcNfa: nfa_dm_disc_sm_execute (): state: DISCOVERY (1), event: DEACTIVATE_RSP(7) disc_flags: 0x22
09-09 20:45:06.369  5553  5656 I BrcmNfcNfa: nfa_dm_disc_new_state (): old_state: DISCOVERY (1), new_state: IDLE (0) disc_flags: 0x2
09-09 20:45:06.369  5553  5656 D BrcmNfcJni: nfaConnectionCallback: event= 31
09-09 20:45:06.369  5553  5656 D BrcmNfcJni: nfaConnectionCallback: NFA_RF_DISCOVERY_STOPPED_EVT: status = 0
09-09 20:45:06.369  5553  5656 I BrcmNfcNfa: nfa_dm_start_rf_discover ()
09-09 20:45:06.369  5553  8382 D BrcmNfcJni: stopPolling_rfDiscoveryDisabled: disable polling
09-09 20:45:06.369  5553  5656 I BrcmNfcNfa: nfa_dm_disc_sm_execute (): new state: IDLE (0), disc_flags: 0x0
09-09 20:45:06.369  5553  8382 I BrcmNfcNfa: NFA_DisablePolling ()
09-09 20:45:06.370  5553  5656 I BrcmNfcNfa: NFA got event 0x0107
09-09 20:45:06.370  5553  5656 I BrcmNfcNfa: nfa_dm_evt_hdlr event: NFA_DM_API_DISABLE_POLLING_EVT (0x07)
09-09 20:45:06.370  5553  5656 I BrcmNfcNfa: nfa_dm_act_disable_polling ()
09-09 20:45:06.370  5553  5656 I BrcmNfcNfa: nfa_dm_deactivate_polling ()
09-09 20:45:06.370  5553  5656 I BrcmNfcNfa: nfa_dm_delete_rf_discover () handle=0x1
09-09 20:45:06.370  5553  5656 D BrcmNfcJni: nfaConnectionCallback: event= 1
09-09 20:45:06.370  5553  5656 D BrcmNfcJni: nfaConnectionCallback: NFA_POLL_DISABLED_EVT: status = 0
09-09 20:45:06.370  5553  8382 D BrcmNfcJni: PeerToPeer::enableP2pListening: enter isEnable: 0  mIsP2pListening: 1
09-09 20:45:06.370  5553  8382 I BrcmNfcNfa: NFA_P2pSetListenTech (): tech_mask:0x0
09-09 20:45:06.371  5553  5656 I BrcmNfcNfa: NFA got event 0x010D
09-09 20:45:06.371  5553  5656 I BrcmNfcNfa: nfa_dm_evt_hdlr event: NFA_DM_API_SET_P2P_LISTEN_TECH_EVT (0x0d)
09-09 20:45:06.371  5553  5656 I BrcmNfcNfa: nfa_dm_set_p2p_listen_tech ()  tech_mask = 0
09-09 20:45:06.371  5553  5656 I BrcmNfcNfa: nfa_p2p_update_listen_tech ()  tech_mask = 0x0
09-09 20:45:06.371  5553  5656 I BrcmNfcNfa: nfa_dm_delete_rf_discover () handle=0x2
09-09 20:45:06.371  5553  5656 I BrcmNfcNfa: nfa_p2p_enable_listening () sys_id = 3, update_wks = 0
09-09 20:45:06.371  5553  5656 D BrcmNfcJni: nfaConnectionCallback: event= 33
09-09 20:45:06.371  5553  5656 D BrcmNfcJni: nfaConnectionCallback: NFA_SET_P2P_LISTEN_TECH_EVT
09-09 20:45:06.371  5553  8382 D BrcmNfcJni: PeerToPeer::enableP2pListening: exit; mIsP2pListening: 0
09-09 20:45:06.371  5553  8382 D BrcmNfcJni: PowerSwitch::setModeOff(deactivated=0x1) : mCurrActivity=0x0
09-09 20:45:06.372  5553  8382 D BrcmNfcJni: PowerSwitch::setLevel: level=PS-LOW-POWER (2)
09-09 20:45:06.372  5553  8382 D BrcmNfcJni: PowerSwitch::setLevel: actual power level=PS-FULL
09-09 20:45:06.372  5553  8382 D BrcmNfcJni: nfcManager_disableDiscovery: exit
09-09 20:45:06.399  3642  3702 I WindowManager: OverscanTimeout run
09-09 20:45:07.648  5553  8384 I SecHAL  : device_sleep: NFC can be going to sleep
09-09 20:45:10.988  3642  6443 I ActivityManager: Setting hasTopUi=true for pid=4807
09-09 20:45:11.094  4807  4807 D PhoneStatusBar: disable: < expand ICONS* ALERTS SYSTEM_INFO* back home recent clock SEARCH quick_settings >
09-09 20:45:11.166  4807  4912 D mali_winsys: EGLint new_window_surface(egl_winsys_display*, void*, EGLSurface, EGLConfig, egl_winsys_surface**, egl_color_buffer_format*, EGLBoolean) returns 0x3000,  [1440x2960]-format:1
09-09 20:45:11.179  4807  4807 D PhoneStatusBar: disable: < expand ICONS ALERTS SYSTEM_INFO back HOME* RECENT* clock SEARCH quick_settings >
09-09 20:45:11.208  3642  3708 W LocalDisplayAdapter: Unable to find color mode 0, ignoring request.
09-09 20:45:11.210  3642  3708 W LocalDisplayAdapter: Unable to find color mode 0, ignoring request.
09-09 20:55:09.844  3642  4704 I WifiConnectivityManager: start a single scan from watchdogHandler
09-09 20:55:09.844  3642  4704 I WifiConnectivityManager: scheduleWatchdogTimer
09-09 20:55:09.859  3642  4699 W ConnectivityExtension: ConnectivityExt jar file not present
09-09 21:01:10.061  3167  3167 I chatty  : uid=1021(gps) /system/bin/gpsd expire 12 lines
09-09 21:01:10.111  8390  8390 I chatty  : uid=1021(gps) /system/bin/lhd expire 18 lines
09-09 21:04:00.092  3642  5598 D AlarmManagerService: Kernel timezone updated to 180 minutes west of GMT
09-09 21:04:00.103  6138  6138 D CellBroadcastReceiver: onReceive Intent { act=android.intent.action.SERVICE_STATE flg=0x10 cmp=com.android.cellbroadcastreceiver/.CellBroadcastReceiver (has extras) }
09-09 21:04:00.104  6138  6138 D CellBroadcastReceiver: Intent: android.intent.action.SERVICE_STATE
09-09 21:04:00.122  3642  4708 W ConnectivityExtension: ConnectivityExt jar file not present
09-09 21:07:11.128  8400  8400 I chatty  : uid=1021(gps) /system/bin/lhd expire 18 lines
09-09 21:07:11.192  3167  3167 I chatty  : uid=1021(gps) /system/bin/gpsd expire 12 lines
09-09 21:15:54.068  3642  3704 E BatteryStatsService: power: Missing API
09-09 21:15:54.105  3642  3704 E BatteryStatsService: no controller energy info supplied
09-09 21:16:02.140  3642  4993 D AlarmManagerService: Kernel timezone updated to 180 minutes west of GMT
09-09 21:16:02.151  6138  6138 D CellBroadcastReceiver: onReceive Intent { act=android.intent.action.SERVICE_STATE flg=0x10 cmp=com.android.cellbroadcastreceiver/.CellBroadcastReceiver (has extras) }
09-09 21:16:02.151  6138  6138 D CellBroadcastReceiver: Intent: android.intent.action.SERVICE_STATE
09-09 21:16:02.167  3642  4708 W ConnectivityExtension: ConnectivityExt jar file not present
09-09 21:16:13.122  8411  8411 I chatty  : uid=1021(gps) /system/bin/lhd expire 18 lines
09-09 21:25:24.430  3642  4704 I WifiConnectivityManager: start a single scan from watchdogHandler
09-09 21:25:24.430  3642  4704 I WifiConnectivityManager: scheduleWatchdogTimer
09-09 21:25:24.452  3642  4699 W ConnectivityExtension: ConnectivityExt jar file not present
09-09 21:25:30.077  3167  3167 I chatty  : uid=1021(gps) /system/bin/gpsd expire 28 lines
09-09 21:25:30.123  8424  8424 I chatty  : uid=1021(gps) /system/bin/lhd expire 18 lines
09-09 21:25:33.059  6106  8417 D DownloadClient: Downloading
09-09 21:25:33.059  6106  8417 E DownloadClient: The server replied with code 404
09-09 21:25:33.059  6106  8417 E UpdatesCheckReceiver: Could not download updates list, scheduling new check
09-09 21:25:33.068  6106  8417 D UpdatesCheckReceiver: Setting one-shot updates check: Sat Sep 09 23:25:33 GMT-03:00 2017
09-09 21:31:25.278  8436  8436 I chatty  : uid=1021(gps) /system/bin/lhd expire 18 lines
09-09 21:43:25.171  8445  8445 I chatty  : uid=1021(gps) /system/bin/lhd expire 18 lines
09-09 21:56:06.174  8452  8452 I chatty  : uid=1021(gps) /system/bin/lhd expire 17 lines
09-09 21:56:06.219  3642  4704 I WifiConnectivityManager: start a single scan from watchdogHandler
09-09 21:56:06.219  3642  4704 I WifiConnectivityManager: scheduleWatchdogTimer
09-09 21:56:06.244  3167  3167 I chatty  : uid=1021(gps) /system/bin/gpsd expire 246 lines
09-09 21:56:06.244  3642  4699 W ConnectivityExtension: ConnectivityExt jar file not present
09-09 21:56:06.254  8452  8452 I chatty  : uid=1021(gps) /system/bin/lhd expire 1 line
09-09 22:00:01.136  3642  3642 D ConditionProviders.SCP: onReceive ScheduleConditionProvider.EVALUATE
09-09 22:00:01.137  3642  3642 D ConditionProviders.SCP: notifyCondition condition://android/schedule?days=6.7&start=23.30&end=10.0&exitAtAlarm=false STATE_FALSE reason=!meetsSchedule
09-09 22:00:01.138  3642  3642 D ConditionProviders.SCP: notifyCondition condition://android/schedule?days=1.2.3.4.5&start=22.0&end=7.0&exitAtAlarm=false STATE_FALSE reason=!meetsSchedule
09-09 22:00:01.139  3642  3642 D ConditionProviders.SCP: Scheduling evaluate for Sat Sep 09 23:30:00 GMT-03:00 2017 (1505010600000), in +1h29m58s864ms, now=Sat Sep 09 22:00:01 GMT-03:00 2017 (1505005201136)
09-09 22:08:07.132  8459  8459 I chatty  : uid=1021(gps) /system/bin/lhd expire 18 lines
09-09 22:21:27.197  8467  8467 I chatty  : uid=1021(gps) /system/bin/lhd expire 18 lines
09-09 22:21:30.082  3642  4817 D AlarmManagerService: Kernel timezone updated to 180 minutes west of GMT
09-09 22:21:30.095  6138  6138 D CellBroadcastReceiver: onReceive Intent { act=android.intent.action.SERVICE_STATE flg=0x10 cmp=com.android.cellbroadcastreceiver/.CellBroadcastReceiver (has extras) }
09-09 22:21:30.095  6138  6138 D CellBroadcastReceiver: Intent: android.intent.action.SERVICE_STATE
09-09 22:21:30.113  3642  4708 W ConnectivityExtension: ConnectivityExt jar file not present
09-09 22:26:07.089  3642  4704 I WifiConnectivityManager: start a single scan from watchdogHandler
09-09 22:26:07.089  3642  4704 I WifiConnectivityManager: scheduleWatchdogTimer
09-09 22:26:07.102  3642  4699 W ConnectivityExtension: ConnectivityExt jar file not present
09-09 22:32:07.072  3642  3704 E BatteryStatsService: power: Missing API
09-09 22:32:07.103  3642  3704 E BatteryStatsService: no controller energy info supplied
09-09 22:32:07.109  3167  3167 I chatty  : uid=1021(gps) /system/bin/gpsd expire 12 lines
09-09 22:32:07.154  8476  8476 I chatty  : uid=1021(gps) /system/bin/lhd expire 18 lines
09-09 22:33:35.106  3642  3698 D AlarmManagerService: Kernel timezone updated to 180 minutes west of GMT
09-09 22:33:35.120  6138  6138 D CellBroadcastReceiver: onReceive Intent { act=android.intent.action.SERVICE_STATE flg=0x10 cmp=com.android.cellbroadcastreceiver/.CellBroadcastReceiver (has extras) }
09-09 22:33:35.120  6138  6138 D CellBroadcastReceiver: Intent: android.intent.action.SERVICE_STATE
09-09 22:33:35.138  3642  4708 W ConnectivityExtension: ConnectivityExt jar file not present
09-09 22:33:35.185  8486  8486 I chatty  : uid=1021(gps) /system/bin/lhd expire 18 lines
09-09 22:33:35.247  3167  3167 I chatty  : uid=1021(gps) /system/bin/gpsd expire 12 lines
09-09 22:43:14.124  8493  8493 I chatty  : uid=1021(gps) /system/bin/lhd expire 18 lines
09-09 22:56:08.056  3642  4704 I WifiConnectivityManager: start a single scan from watchdogHandler
09-09 22:56:08.056  3642  4704 I WifiConnectivityManager: scheduleWatchdogTimer
09-09 22:56:08.075  3167  3167 I chatty  : uid=1021(gps) /system/bin/gpsd expire 4 lines
09-09 22:56:08.077  3642  4699 W ConnectivityExtension: ConnectivityExt jar file not present
09-09 22:56:09.136  8500  8500 I chatty  : uid=1021(gps) /system/bin/lhd expire 18 lines
09-09 22:56:09.201  3167  3167 I chatty  : uid=1021(gps) /system/bin/gpsd expire 12 lines
09-09 23:13:13.119  8507  8507 I chatty  : uid=1021(gps) /system/bin/lhd expire 18 lines
09-09 23:14:08.086  3642  3701 W ProcessCpuTracker: Skipping unknown process pid 8510
09-09 23:26:08.111  3642  4704 I WifiConnectivityManager: start a single scan from watchdogHandler
09-09 23:26:08.111  3642  4704 I WifiConnectivityManager: scheduleWatchdogTimer
09-09 23:26:08.122  3642  4699 W ConnectivityExtension: ConnectivityExt jar file not present
09-09 23:26:08.141  3167  3167 I chatty  : uid=1021(gps) /system/bin/gpsd expire 24 lines
09-09 23:26:08.189  8517  8517 I chatty  : uid=1021(gps) /system/bin/lhd expire 18 lines
09-09 23:26:12.719  6106  8514 D DownloadClient: Downloading
09-09 23:26:12.719  6106  8514 E DownloadClient: The server replied with code 404
09-09 23:26:12.719  6106  8514 E UpdatesCheckReceiver: Could not download updates list, scheduling new check
09-09 23:26:12.724  6106  8514 D UpdatesCheckReceiver: Setting one-shot updates check: Sun Sep 10 01:26:12 GMT-03:00 2017
09-09 23:27:30.115  8529  8529 I chatty  : uid=1021(gps) /system/bin/lhd expire 18 lines
09-09 23:30:01.148  3642  3642 D ConditionProviders.SCP: onReceive ScheduleConditionProvider.EVALUATE
09-09 23:30:01.149  3642  3642 D ConditionProviders.SCP: notifyCondition condition://android/schedule?days=6.7&start=23.30&end=10.0&exitAtAlarm=false STATE_TRUE reason=meetsSchedule
09-09 23:30:01.149  3642  3642 D ConditionProviders.SCP: notifyCondition condition://android/schedule?days=1.2.3.4.5&start=22.0&end=7.0&exitAtAlarm=false STATE_FALSE reason=!meetsSchedule
09-09 23:30:01.150  3642  3642 D ConditionProviders.SCP: Scheduling evaluate for Sun Sep 10 07:00:00 GMT-03:00 2017 (1505037600000), in +7h29m58s852ms, now=Sat Sep 09 23:30:01 GMT-03:00 2017 (1505010601148)
09-09 23:30:01.153  3642  3642 D ZenLog  : config: conditionChanged,ZenModeConfig[user=0,allowCalls=true,allowRepeatCallers=false,allowMessages=false,allowCallsFrom=contacts,allowMessagesFrom=contacts,allowReminders=true,allowEvents=true,allowWhenScreenOff=true,allowWhenScreenOn=true,automaticRules={5e245dc02a6840ba8d68684988cca6b8=ZenRule[enabled=false,snoozing=false,name=Weekend,zenMode=ZEN_MODE_ALARMS,conditionId=condition://android/schedule?days=6.7&start=23.30&end=10.0&exitAtAlarm=false,condition=Condition[id=condition://android/schedule?days=6.7&start=23.30&end=10.0&exitAtAlarm=false,summary=...,line1=...,line2=...,icon=0,state=STATE_TRUE,flags=2],component=ComponentInfo{android/com.android.server.notification.ScheduleConditionProvider},id=5e245dc02a6840ba8d68684988cca6b8,creationTime=1504995908689,enabler=null], 9d0cf04b17164c64b06d46a3ea6734c5=ZenRule[enabled=false,snoozing=false,name=Weeknight,zenMode=ZEN_MODE_ALARMS,conditionId=condition://android/schedule?days=1.2.3.4.5&start=22.0&end=7.0&exitAtAlarm=false,condition=Condition[id=condition://android/schedule?days=1.2.3.4.5&start=22.0&end=7.0&exitAtAlarm=false,summary=...,line1=...,line2=...,icon=0,state=STATE_FALSE,flags=2],component=ComponentInfo{android/com.android.server.notification.ScheduleConditionProvider},id=9d0cf04b17164c64b06d46a3ea6734c5,creationTime=1504995908689,enabler=null], 2b071ad08ddc45b1a6833eecc1894438=ZenRule[enabled=false,snoozing=false,name=Event,zenMode=ZEN_MODE_ALARMS,conditionId=condition://android/event?userId=-10000&calendar=&reply=1,condition=Condition[id=condition://android/event?userId=-10000&calendar=&reply=1,summary=...,line1=...,line2=...,icon=0,state=STATE_FALSE,flags=2],component=ComponentInfo{android/com.android.server.notification.EventConditionProvider},id=2b071ad08ddc45b1a6833eecc1894438,creationTime=1504995908690,enabler=null]},manualRule=null],Diff[automaticRule[5e245dc02a6840ba8d68684988cca6b8].condition:Condition[id=condition://android/schedule?days=6.7&start=23.30&end=10.0&exitAtAlarm=false,summary=...,line1=...,line2=...,icon=0,state=STATE_FALSE,flags=2]->Condition[id=condition://android/schedule?days=6.7&start=23.30&end=10.0&exitAtAlarm=false,summary=...,line1=...,line2=...,icon=0,state=STATE_TRUE,flags=2]]
09-09 23:30:01.184  3642  3642 D ZenLog  : set_zen_mode: off,conditionChanged
09-09 23:43:13.107  8538  8538 I chatty  : uid=1021(gps) /system/bin/lhd expire 18 lines
09-09 23:51:05.060  3642  3704 E BatteryStatsService: power: Missing API
09-09 23:51:05.090  3642  3704 E BatteryStatsService: no controller energy info supplied
09-09 23:53:13.156  3167  3167 I chatty  : uid=1021(gps) /system/bin/gpsd expire 24 lines
09-09 23:53:13.221  8550  8550 I chatty  : uid=1021(gps) /system/bin/lhd expire 18 lines
09-10 00:00:00.057  3642  4704 I WifiConnectivityManager: start a single scan from watchdogHandler
09-10 00:00:00.057  3642  4704 I WifiConnectivityManager: scheduleWatchdogTimer
09-10 00:00:00.069  3642  3642 W AlarmManager: Unrecognized alarm listener com.android.server.job.controllers.TimeController$2@b620e8d
09-10 00:00:00.069  3642  3642 W AlarmManager: Unrecognized alarm listener com.android.server.job.controllers.TimeController$2@b620e8d
09-10 00:00:00.074  3642  4699 W ConnectivityExtension: ConnectivityExt jar file not present
09-10 00:00:00.088  3642  3642 D AlarmManagerService: Kernel timezone updated to 180 minutes west of GMT
09-10 00:00:00.101  6200  6200 I Binder:5731_3: type=1400 audit(0.0:529): avc: denied { lock } for path="/data/data/com.android.providers.calendar/databases/calendar.db" dev="sda24" ino=2015538 scontext=u:r:priv_app:s0:c512,c768 tcontext=u:object_r:system_data_file:s0:c512,c768 tclass=file permissive=1
09-10 00:00:00.101  6200  6200 W Binder:5731_3: type=1300 audit(0.0:529): arch=c00000b7 syscall=25 success=yes exit=0 a0=22 a1=6 a2=7f85f664b8 a3=0 items=0 ppid=3168 auid=4294967295 uid=10004 gid=10004 euid=10004 suid=10004 fsuid=10004 egid=10004 sgid=10004 fsgid=10004 tty=(none) ses=4294967295 exe="/system/bin/app_process64" subj=u:r:priv_app:s0:c512,c768 key=(null)
09-10 00:00:00.101  3075  3075 W auditd  : type=1327 audit(0.0:529): proctitle="com.android.providers.calendar"
09-10 00:00:00.101  3075  3075 W auditd  : type=1320 audit(0.0:529): 
09-10 00:00:00.105  8556  8556 I pool-1-thread-1: type=1400 audit(0.0:530): avc: denied { lock } for path="/data/user_de/0/com.android.inputmethod.latin/databases/pendingUpdates" dev="sda24" ino=3121262 scontext=u:r:untrusted_app:s0:c512,c768 tcontext=u:object_r:system_data_file:s0:c512,c768 tclass=file permissive=1
09-10 00:00:00.105  8556  8556 W pool-1-thread-1: type=1300 audit(0.0:530): arch=c00000b7 syscall=25 success=yes exit=0 a0=24 a1=6 a2=7f86035e68 a3=0 items=0 ppid=3168 auid=4294967295 uid=10062 gid=10062 euid=10062 suid=10062 fsuid=10062 egid=10062 sgid=10062 fsgid=10062 tty=(none) ses=4294967295 exe="/system/bin/app_process64" subj=u:r:untrusted_app:s0:c512,c768 key=(null)
09-10 00:00:00.105  3075  3075 W auditd  : type=1327 audit(0.0:530): proctitle="com.android.inputmethod.latin"
09-10 00:00:00.105  3075  3075 W auditd  : type=1320 audit(0.0:530): 
09-10 00:00:00.105  8556  8556 I pool-1-thread-1: type=1400 audit(0.0:531): avc: denied { getattr } for path="/data/user_de/0/com.android.inputmethod.latin/databases/pendingUpdates-journal" dev="sda24" ino=3121263 scontext=u:r:untrusted_app:s0:c512,c768 tcontext=u:object_r:system_data_file:s0:c512,c768 tclass=file permissive=1
09-10 00:00:00.105  8556  8556 W pool-1-thread-1: type=1300 audit(0.0:531): arch=c00000b7 syscall=79 success=yes exit=0 a0=ffffff9c a1=7f85af9308 a2=7f86035e48 a3=0 items=0 ppid=3168 auid=4294967295 uid=10062 gid=10062 euid=10062 suid=10062 fsuid=10062 egid=10062 sgid=10062 fsgid=10062 tty=(none) ses=4294967295 exe="/system/bin/app_process64" subj=u:r:untrusted_app:s0:c512,c768 key=(null)
09-10 00:00:00.105  3075  3075 W auditd  : type=1327 audit(0.0:531): proctitle="com.android.inputmethod.latin"
09-10 00:00:00.105  3075  3075 W auditd  : type=1320 audit(0.0:531): 
09-10 00:00:00.105  8556  8556 I pool-1-thread-1: type=1400 audit(0.0:532): avc: denied { read } for name="pendingUpdates-journal" dev="sda24" ino=3121263 scontext=u:r:untrusted_app:s0:c512,c768 tcontext=u:object_r:system_data_file:s0:c512,c768 tclass=file permissive=1
09-10 00:00:00.105  8556  8556 W pool-1-thread-1: type=1300 audit(0.0:532): arch=c00000b7 syscall=56 success=yes exit=55 a0=ffffff9c a1=7f85af9308 a2=a0000 a3=0 items=0 ppid=3168 auid=4294967295 uid=10062 gid=10062 euid=10062 suid=10062 fsuid=10062 egid=10062 sgid=10062 fsgid=10062 tty=(none) ses=4294967295 exe="/system/bin/app_process64" subj=u:r:untrusted_app:s0:c512,c768 key=(null)
09-10 00:00:00.105  3075  3075 W auditd  : type=1327 audit(0.0:532): proctitle="com.android.inputmethod.latin"
09-10 00:00:00.105  3075  3075 W auditd  : type=1320 audit(0.0:532): 
09-10 00:08:02.190  8564  8564 I chatty  : uid=1021(gps) /system/bin/lhd expire 18 lines
09-10 00:13:13.135  8572  8572 I chatty  : uid=1021(gps) /system/bin/lhd expire 18 lines
09-10 00:25:10.058  3642  4704 I WifiConnectivityManager: start a single scan from watchdogHandler
09-10 00:25:10.058  3642  4704 I WifiConnectivityManager: scheduleWatchdogTimer
09-10 00:25:10.075  3642  4699 W ConnectivityExtension: ConnectivityExt jar file not present
09-10 00:31:10.084  3167  3167 I chatty  : uid=1021(gps) /system/bin/gpsd expire 16 lines
09-10 00:31:10.131  8578  8578 I chatty  : uid=1021(gps) /system/bin/lhd expire 18 lines
09-10 00:43:14.745  8587  8587 I chatty  : uid=1021(gps) /system/bin/lhd expire 18 lines
09-10 00:55:10.123  3642  4704 I WifiConnectivityManager: start a single scan from watchdogHandler
09-10 00:55:10.123  3642  4704 I WifiConnectivityManager: scheduleWatchdogTimer
09-10 00:55:10.134  3642  4699 W ConnectivityExtension: ConnectivityExt jar file not present
09-10 01:03:13.093  3167  3167 I chatty  : uid=1021(gps) /system/bin/gpsd expire 24 lines
09-10 01:03:13.139  8596  8596 I chatty  : uid=1021(gps) /system/bin/lhd expire 18 lines
09-10 01:03:36.068  3642  3704 E BatteryStatsService: power: Missing API
09-10 01:03:36.096  3642  3704 E BatteryStatsService: no controller energy info supplied
09-10 01:03:40.098  3642  4817 D AlarmManagerService: Kernel timezone updated to 180 minutes west of GMT
09-10 01:03:40.110  6138  6138 D CellBroadcastReceiver: onReceive Intent { act=android.intent.action.SERVICE_STATE flg=0x10 cmp=com.android.cellbroadcastreceiver/.CellBroadcastReceiver (has extras) }
09-10 01:03:40.110  6138  6138 D CellBroadcastReceiver: Intent: android.intent.action.SERVICE_STATE
09-10 01:03:40.130  3642  4708 W ConnectivityExtension: ConnectivityExt jar file not present
09-10 01:03:52.193  8608  8608 I chatty  : uid=1021(gps) /system/bin/lhd expire 18 lines
09-10 01:13:12.155  8614  8614 I chatty  : uid=1021(gps) /system/bin/lhd expire 18 lines
09-10 01:15:41.082  3642  3701 W ProcessCpuTracker: Skipping unknown process pid 8618
09-10 01:15:47.095  3642  4814 D AlarmManagerService: Kernel timezone updated to 180 minutes west of GMT
09-10 01:15:47.109  6138  6138 D CellBroadcastReceiver: onReceive Intent { act=android.intent.action.SERVICE_STATE flg=0x10 cmp=com.android.cellbroadcastreceiver/.CellBroadcastReceiver (has extras) }
09-10 01:15:47.110  6138  6138 D CellBroadcastReceiver: Intent: android.intent.action.SERVICE_STATE
09-10 01:15:47.120  3642  4708 W ConnectivityExtension: ConnectivityExt jar file not present
09-10 01:15:57.060  3167  3167 I chatty  : uid=1021(gps) /system/bin/gpsd expire 16 lines
09-10 01:15:57.110  8624  8624 I chatty  : uid=1021(gps) /system/bin/lhd expire 18 lines
09-10 01:26:13.046  3642  4704 I WifiConnectivityManager: start a single scan from watchdogHandler
09-10 01:26:13.046  3642  4704 I WifiConnectivityManager: scheduleWatchdogTimer
09-10 01:26:13.055  3642  4699 W ConnectivityExtension: ConnectivityExt jar file not present
09-10 01:26:25.144  8635  8635 I chatty  : uid=1021(gps) /system/bin/lhd expire 18 lines
09-10 01:32:17.515  6106  8629 D DownloadClient: Downloading
09-10 01:32:17.515  6106  8629 E DownloadClient: The server replied with code 404
09-10 01:32:17.515  6106  8629 E UpdatesCheckReceiver: Could not download updates list, scheduling new check
09-10 01:32:17.520  6106  8629 D UpdatesCheckReceiver: Setting one-shot updates check: Sun Sep 10 03:32:17 GMT-03:00 2017
09-10 01:33:14.081  3167  3167 I chatty  : uid=1021(gps) /system/bin/gpsd expire 16 lines
09-10 01:33:14.125  8648  8648 I chatty  : uid=1021(gps) /system/bin/lhd expire 18 lines
09-10 01:43:14.164  8658  8658 I chatty  : uid=1021(gps) /system/bin/lhd expire 18 lines
09-10 01:56:16.073  3642  4704 I WifiConnectivityManager: start a single scan from watchdogHandler
09-10 01:56:16.074  3642  4704 I WifiConnectivityManager: scheduleWatchdogTimer
09-10 01:56:16.087  3167  3167 I chatty  : uid=1021(gps) /system/bin/gpsd expire 16 lines
09-10 01:56:16.092  3642  4699 W ConnectivityExtension: ConnectivityExt jar file not present
09-10 01:56:17.150  8666  8666 I chatty  : uid=1021(gps) /system/bin/lhd expire 18 lines
09-10 02:08:27.156  8676  8676 I chatty  : uid=1021(gps) /system/bin/lhd expire 18 lines
09-10 02:20:18.067  3642  3704 E BatteryStatsService: power: Missing API
09-10 02:20:18.099  3642  3704 E BatteryStatsService: no controller energy info supplied
09-10 02:23:14.150  3167  3167 I chatty  : uid=1021(gps) /system/bin/gpsd expire 4 lines
09-10 02:23:14.195  8683  8683 I chatty  : uid=1021(gps) /system/bin/lhd expire 18 lines
09-10 02:23:14.261  3167  3167 I chatty  : uid=1021(gps) /system/bin/gpsd expire 28 lines
09-10 02:26:18.710  3642  4704 I WifiConnectivityManager: start a single scan from watchdogHandler
09-10 02:26:18.710  3642  4704 I WifiConnectivityManager: scheduleWatchdogTimer
09-10 02:26:18.732  3642  4699 W ConnectivityExtension: ConnectivityExt jar file not present
09-10 02:26:44.130  8695  8695 I chatty  : uid=1021(gps) /system/bin/lhd expire 18 lines
09-10 02:33:24.123  8708  8708 I chatty  : uid=1021(gps) /system/bin/lhd expire 18 lines
09-10 02:53:13.164  8716  8716 I chatty  : uid=1021(gps) /system/bin/lhd expire 18 lines
09-10 02:56:21.083  3642  4704 I WifiConnectivityManager: start a single scan from watchdogHandler
09-10 02:56:21.083  3642  4704 I WifiConnectivityManager: scheduleWatchdogTimer
09-10 02:56:21.094  3642  4699 W ConnectivityExtension: ConnectivityExt jar file not present
09-10 03:03:14.069  3167  3167 I chatty  : uid=1021(gps) /system/bin/gpsd expire 16 lines
09-10 03:03:14.114  8727  8727 I chatty  : uid=1021(gps) /system/bin/lhd expire 18 lines
09-10 03:23:13.240  8737  8737 I chatty  : uid=1021(gps) /system/bin/lhd expire 18 lines
09-10 03:26:21.130  3642  4704 I WifiConnectivityManager: start a single scan from watchdogHandler
09-10 03:26:21.130  3642  4704 I WifiConnectivityManager: scheduleWatchdogTimer
09-10 03:26:21.141  3642  4699 W ConnectivityExtension: ConnectivityExt jar file not present
09-10 03:32:24.320  6106  8744 D DownloadClient: Downloading
09-10 03:32:24.320  6106  8744 E DownloadClient: The server replied with code 404
09-10 03:32:24.320  6106  8744 E UpdatesCheckReceiver: Could not download updates list, scheduling new check
09-10 03:32:24.326  6106  8744 D UpdatesCheckReceiver: Setting one-shot updates check: Sun Sep 10 05:32:24 GMT-03:00 2017
09-10 03:32:34.111  3167  3167 I chatty  : uid=1021(gps) /system/bin/gpsd expire 16 lines
09-10 03:32:34.153  8751  8751 I chatty  : uid=1021(gps) /system/bin/lhd expire 18 lines
09-10 03:33:41.126  8763  8763 I chatty  : uid=1021(gps) /system/bin/lhd expire 18 lines
09-10 03:39:23.056  3642  3704 E BatteryStatsService: power: Missing API
09-10 03:39:23.102  3642  3704 E BatteryStatsService: no controller energy info supplied
09-10 03:45:23.074  3167  3167 I chatty  : uid=1021(gps) /system/bin/gpsd expire 20 lines
09-10 03:53:13.163  8773  8773 I chatty  : uid=1021(gps) /system/bin/lhd expire 18 lines
09-10 03:55:10.059  3642  4704 I WifiConnectivityManager: start a single scan from watchdogHandler
09-10 03:55:10.059  3642  4704 I WifiConnectivityManager: scheduleWatchdogTimer
09-10 03:55:10.079  3642  4699 W ConnectivityExtension: ConnectivityExt jar file not present
09-10 04:03:24.132  8784  8784 I chatty  : uid=1021(gps) /system/bin/lhd expire 18 lines
09-10 04:23:13.113  8792  8792 I chatty  : uid=1021(gps) /system/bin/lhd expire 18 lines
09-10 04:23:13.177  3167  3167 I chatty  : uid=1021(gps) /system/bin/gpsd expire 20 lines
09-10 04:25:13.052  3642  4704 I WifiConnectivityManager: start a single scan from watchdogHandler
09-10 04:25:13.053  3642  4704 I WifiConnectivityManager: scheduleWatchdogTimer
09-10 04:25:13.062  3642  4699 W ConnectivityExtension: ConnectivityExt jar file not present
09-10 04:33:13.178  8802  8802 I chatty  : uid=1021(gps) /system/bin/lhd expire 18 lines
09-10 04:53:13.195  8811  8811 I chatty  : uid=1021(gps) /system/bin/lhd expire 18 lines
09-10 04:55:15.052  3642  4704 I WifiConnectivityManager: start a single scan from watchdogHandler
09-10 04:55:15.052  3642  4704 I WifiConnectivityManager: scheduleWatchdogTimer
09-10 04:55:15.066  3642  4699 W ConnectivityExtension: ConnectivityExt jar file not present
09-10 04:55:15.088  3642  3704 E BatteryStatsService: power: Missing API
09-10 04:55:15.135  3642  3704 E BatteryStatsService: no controller energy info supplied
09-10 05:03:13.088  3167  3167 I chatty  : uid=1021(gps) /system/bin/gpsd expire 16 lines
09-10 05:03:13.133  8821  8821 I chatty  : uid=1021(gps) /system/bin/lhd expire 18 lines
09-10 05:23:14.128  8830  8830 I chatty  : uid=1021(gps) /system/bin/lhd expire 18 lines
09-10 05:25:15.131  3642  4704 I WifiConnectivityManager: start a single scan from watchdogHandler
09-10 05:25:15.131  3642  4704 I WifiConnectivityManager: scheduleWatchdogTimer
09-10 05:25:15.143  3642  4699 W ConnectivityExtension: ConnectivityExt jar file not present
09-10 05:32:27.596  6106  8836 D DownloadClient: Downloading
09-10 05:32:27.596  6106  8836 E DownloadClient: The server replied with code 404
09-10 05:32:27.597  6106  8836 E UpdatesCheckReceiver: Could not download updates list, scheduling new check
09-10 05:32:27.602  6106  8836 D UpdatesCheckReceiver: Setting one-shot updates check: Sun Sep 10 07:32:27 GMT-03:00 2017
09-10 05:32:49.149  3167  3167 I chatty  : uid=1021(gps) /system/bin/gpsd expire 16 lines
09-10 05:32:49.199  8846  8846 I chatty  : uid=1021(gps) /system/bin/lhd expire 18 lines
09-10 05:43:13.175  8857  8857 I chatty  : uid=1021(gps) /system/bin/lhd expire 18 lines
09-10 05:56:26.085  3642  4704 I WifiConnectivityManager: start a single scan from watchdogHandler
09-10 05:56:26.085  3642  4704 I WifiConnectivityManager: scheduleWatchdogTimer
09-10 05:56:26.096  3642  4699 W ConnectivityExtension: ConnectivityExt jar file not present
09-10 05:56:26.131  3167  3167 I chatty  : uid=1021(gps) /system/bin/gpsd expire 16 lines
09-10 05:56:26.182  8866  8866 I chatty  : uid=1021(gps) /system/bin/lhd expire 18 lines
09-10 06:03:24.184  8877  8877 I chatty  : uid=1021(gps) /system/bin/lhd expire 18 lines
09-10 06:13:13.056  3642  3704 E BatteryStatsService: power: Missing API
09-10 06:13:13.090  3642  3704 E BatteryStatsService: no controller energy info supplied
09-10 06:20:27.131  3167  3167 I chatty  : uid=1021(gps) /system/bin/gpsd expire 10 lines
09-10 06:23:13.257  8886  8886 I chatty  : uid=1021(gps) /system/bin/lhd expire 18 lines
09-10 06:26:27.082  3642  4704 I WifiConnectivityManager: start a single scan from watchdogHandler
09-10 06:26:27.083  3642  4704 I WifiConnectivityManager: scheduleWatchdogTimer
09-10 06:26:27.096  3642  4699 W ConnectivityExtension: ConnectivityExt jar file not present
09-10 06:32:28.105  3167  3167 I chatty  : uid=1021(gps) /system/bin/gpsd expire 14 lines
09-10 06:32:28.147  8896  8896 I chatty  : uid=1021(gps) /system/bin/lhd expire 18 lines
09-10 06:50:28.239  8905  8905 I chatty  : uid=1021(gps) /system/bin/lhd expire 18 lines
09-10 06:56:28.090  3642  4704 I WifiConnectivityManager: start a single scan from watchdogHandler
09-10 06:56:28.091  3642  4704 I WifiConnectivityManager: scheduleWatchdogTimer
09-10 06:56:28.105  3642  4699 W ConnectivityExtension: ConnectivityExt jar file not present
09-10 07:00:00.134  3642  3642 D ConditionProviders.SCP: onReceive ScheduleConditionProvider.EVALUATE
09-10 07:00:00.134  3642  3642 D ConditionProviders.SCP: notifyCondition condition://android/schedule?days=6.7&start=23.30&end=10.0&exitAtAlarm=false STATE_TRUE reason=meetsSchedule
09-10 07:00:00.134  3642  3642 D ConditionProviders.SCP: notifyCondition condition://android/schedule?days=1.2.3.4.5&start=22.0&end=7.0&exitAtAlarm=false STATE_FALSE reason=!meetsSchedule
09-10 07:00:00.135  3642  3642 D ConditionProviders.SCP: Scheduling evaluate for Sun Sep 10 10:00:00 GMT-03:00 2017 (1505048400000), in +2h59m59s866ms, now=Sun Sep 10 07:00:00 GMT-03:00 2017 (1505037600134)
09-10 07:02:28.128  3167  3167 I chatty  : uid=1021(gps) /system/bin/gpsd expire 16 lines
09-10 07:02:28.175  8913  8913 I chatty  : uid=1021(gps) /system/bin/lhd expire 18 lines
09-10 07:14:28.177  8921  8921 I chatty  : uid=1021(gps) /system/bin/lhd expire 18 lines
09-10 07:21:27.080  3642  4817 D AlarmManagerService: Kernel timezone updated to 180 minutes west of GMT
09-10 07:21:27.094  6138  6138 D CellBroadcastReceiver: onReceive Intent { act=android.intent.action.SERVICE_STATE flg=0x10 cmp=com.android.cellbroadcastreceiver/.CellBroadcastReceiver (has extras) }
09-10 07:21:27.095  6138  6138 D CellBroadcastReceiver: Intent: android.intent.action.SERVICE_STATE
09-10 07:21:27.111  3642  4708 W ConnectivityExtension: ConnectivityExt jar file not present
09-10 07:23:14.139  3167  3167 I chatty  : uid=1021(gps) /system/bin/gpsd expire 16 lines
09-10 07:26:28.138  3642  4704 I WifiConnectivityManager: start a single scan from watchdogHandler
09-10 07:26:28.139  3642  4704 I WifiConnectivityManager: scheduleWatchdogTimer
09-10 07:26:28.150  3642  4699 W ConnectivityExtension: ConnectivityExt jar file not present
09-10 07:26:28.240  8931  8931 I chatty  : uid=1021(gps) /system/bin/lhd expire 18 lines
09-10 07:32:28.064  3642  3704 E BatteryStatsService: power: Missing API
09-10 07:32:28.096  3642  3704 E BatteryStatsService: no controller energy info supplied
09-10 07:32:32.327  6106  8934 D DownloadClient: Downloading
09-10 07:32:32.328  6106  8934 E DownloadClient: The server replied with code 404
09-10 07:32:32.328  6106  8934 E UpdatesCheckReceiver: Could not download updates list, scheduling new check
09-10 07:32:32.331  6106  8934 D UpdatesCheckReceiver: Setting one-shot updates check: Sun Sep 10 09:32:32 GMT-03:00 2017
09-10 07:33:14.122  8941  8941 I chatty  : uid=1021(gps) /system/bin/lhd expire 18 lines
09-10 07:33:38.140  3642  5598 D AlarmManagerService: Kernel timezone updated to 180 minutes west of GMT
09-10 07:33:38.153  6138  6138 D CellBroadcastReceiver: onReceive Intent { act=android.intent.action.SERVICE_STATE flg=0x10 cmp=com.android.cellbroadcastreceiver/.CellBroadcastReceiver (has extras) }
09-10 07:33:38.153  6138  6138 D CellBroadcastReceiver: Intent: android.intent.action.SERVICE_STATE
09-10 07:33:38.174  3642  4708 W ConnectivityExtension: ConnectivityExt jar file not present
09-10 07:33:49.088  3167  3167 I chatty  : uid=1021(gps) /system/bin/gpsd expire 16 lines
09-10 07:33:49.131  8957  8957 I chatty  : uid=1021(gps) /system/bin/lhd expire 18 lines
09-10 07:44:30.196  8969  8969 I chatty  : uid=1021(gps) /system/bin/lhd expire 18 lines
09-10 07:56:30.089  3642  4704 I WifiConnectivityManager: start a single scan from watchdogHandler
09-10 07:56:30.090  3642  4704 I WifiConnectivityManager: scheduleWatchdogTimer
09-10 07:56:30.103  3642  4699 W ConnectivityExtension: ConnectivityExt jar file not present
09-10 08:02:30.081  3167  3167 I chatty  : uid=1021(gps) /system/bin/gpsd expire 12 lines
09-10 08:02:30.126  8976  8976 I chatty  : uid=1021(gps) /system/bin/lhd expire 18 lines
09-10 08:13:24.175  8987  8987 I chatty  : uid=1021(gps) /system/bin/lhd expire 18 lines
09-10 08:13:24.239  3167  3167 I chatty  : uid=1021(gps) /system/bin/gpsd expire 20 lines
09-10 08:26:31.080  3642  4704 I WifiConnectivityManager: start a single scan from watchdogHandler
09-10 08:26:31.080  3642  4704 I WifiConnectivityManager: scheduleWatchdogTimer
09-10 08:26:31.092  3642  4699 W ConnectivityExtension: ConnectivityExt jar file not present
09-10 08:26:32.169  8994  8994 I chatty  : uid=1021(gps) /system/bin/lhd expire 18 lines
09-10 08:43:13.157  9002  9002 I chatty  : uid=1021(gps) /system/bin/lhd expire 18 lines
09-10 08:50:32.110  3642  3704 E BatteryStatsService: power: Missing API
09-10 08:50:32.139  3642  3704 E BatteryStatsService: no controller energy info supplied
09-10 08:56:32.083  3642  4704 I WifiConnectivityManager: start a single scan from watchdogHandler
09-10 08:56:32.083  3642  4704 I WifiConnectivityManager: scheduleWatchdogTimer
09-10 08:56:32.098  3642  4699 W ConnectivityExtension: ConnectivityExt jar file not present
09-10 08:56:32.111  3167  3167 I chatty  : uid=1021(gps) /system/bin/gpsd expire 24 lines
09-10 08:56:32.156  9009  9009 I chatty  : uid=1021(gps) /system/bin/lhd expire 18 lines
09-10 09:08:12.090  3642  4814 D AlarmManagerService: Kernel timezone updated to 180 minutes west of GMT
09-10 09:08:12.102  6138  6138 D CellBroadcastReceiver: onReceive Intent { act=android.intent.action.SERVICE_STATE flg=0x10 cmp=com.android.cellbroadcastreceiver/.CellBroadcastReceiver (has extras) }
09-10 09:08:12.102  6138  6138 D CellBroadcastReceiver: Intent: android.intent.action.SERVICE_STATE
09-10 09:08:12.116  3642  4708 W ConnectivityExtension: ConnectivityExt jar file not present
09-10 09:08:12.734  9019  9019 I chatty  : uid=1021(gps) /system/bin/lhd expire 18 lines
09-10 09:14:33.136  9029  9029 I chatty  : uid=1021(gps) /system/bin/lhd expire 18 lines
09-10 09:20:17.108  3642  5598 D AlarmManagerService: Kernel timezone updated to 180 minutes west of GMT
09-10 09:20:17.122  6138  6138 D CellBroadcastReceiver: onReceive Intent { act=android.intent.action.SERVICE_STATE flg=0x10 cmp=com.android.cellbroadcastreceiver/.CellBroadcastReceiver (has extras) }
09-10 09:20:17.122  6138  6138 D CellBroadcastReceiver: Intent: android.intent.action.SERVICE_STATE
09-10 09:20:17.135  3642  4708 W ConnectivityExtension: ConnectivityExt jar file not present
09-10 09:20:28.081  3167  3167 I chatty  : uid=1021(gps) /system/bin/gpsd expire 16 lines
09-10 09:20:28.133  9038  9038 I chatty  : uid=1021(gps) /system/bin/lhd expire 18 lines
09-10 09:26:34.078  3642  4704 I WifiConnectivityManager: start a single scan from watchdogHandler
09-10 09:26:34.078  3642  4704 I WifiConnectivityManager: scheduleWatchdogTimer
09-10 09:26:34.088  3642  4699 W ConnectivityExtension: ConnectivityExt jar file not present
09-10 09:32:34.114  9045  9045 I chatty  : uid=1021(gps) /system/bin/lhd expire 18 lines
09-10 09:32:38.083  3642  3704 E BatteryStatsService: no controller energy info supplied
09-10 09:32:40.323  6106  9046 D DownloadClient: Downloading
09-10 09:32:40.324  6106  9046 E DownloadClient: The server replied with code 404
09-10 09:32:40.324  6106  9046 E UpdatesCheckReceiver: Could not download updates list, scheduling new check
09-10 09:32:40.329  6106  9046 D UpdatesCheckReceiver: Setting one-shot updates check: Sun Sep 10 11:32:40 GMT-03:00 2017
09-10 09:33:14.152  3167  3167 I chatty  : uid=1021(gps) /system/bin/gpsd expire 16 lines
09-10 09:33:14.194  9061  9061 I chatty  : uid=1021(gps) /system/bin/lhd expire 18 lines
09-10 09:43:15.186  9070  9070 I chatty  : uid=1021(gps) /system/bin/lhd expire 18 lines
09-10 09:56:35.096  3642  4704 I WifiConnectivityManager: start a single scan from watchdogHandler
09-10 09:56:35.097  3642  4704 I WifiConnectivityManager: scheduleWatchdogTimer
09-10 09:56:35.112  3642  4699 W ConnectivityExtension: ConnectivityExt jar file not present
09-10 09:56:35.137  3167  3167 I chatty  : uid=1021(gps) /system/bin/gpsd expire 4 lines
09-10 09:56:35.181  9079  9079 I chatty  : uid=1021(gps) /system/bin/lhd expire 18 lines
09-10 09:56:35.245  3167  3167 I chatty  : uid=1021(gps) /system/bin/gpsd expire 8 lines
09-10 10:00:00.074  3642  3704 E BatteryStatsService: power: Missing API
09-10 10:00:00.113  3642  3704 E BatteryStatsService: no controller energy info supplied
09-10 10:00:00.162  3642  3642 D ConditionProviders.SCP: onReceive ScheduleConditionProvider.EVALUATE
09-10 10:00:00.162  3642  3642 D ConditionProviders.SCP: notifyCondition condition://android/schedule?days=6.7&start=23.30&end=10.0&exitAtAlarm=false STATE_FALSE reason=!meetsSchedule
09-10 10:00:00.163  3642  3642 D ConditionProviders.SCP: notifyCondition condition://android/schedule?days=1.2.3.4.5&start=22.0&end=7.0&exitAtAlarm=false STATE_FALSE reason=!meetsSchedule
09-10 10:00:00.164  3642  3642 D ConditionProviders.SCP: Scheduling evaluate for Sun Sep 10 22:00:00 GMT-03:00 2017 (1505091600000), in +11h59m59s838ms, now=Sun Sep 10 10:00:00 GMT-03:00 2017 (1505048400162)
09-10 10:00:00.167  3642  3642 D ZenLog  : config: conditionChanged,ZenModeConfig[user=0,allowCalls=true,allowRepeatCallers=false,allowMessages=false,allowCallsFrom=contacts,allowMessagesFrom=contacts,allowReminders=true,allowEvents=true,allowWhenScreenOff=true,allowWhenScreenOn=true,automaticRules={5e245dc02a6840ba8d68684988cca6b8=ZenRule[enabled=false,snoozing=false,name=Weekend,zenMode=ZEN_MODE_ALARMS,conditionId=condition://android/schedule?days=6.7&start=23.30&end=10.0&exitAtAlarm=false,condition=Condition[id=condition://android/schedule?days=6.7&start=23.30&end=10.0&exitAtAlarm=false,summary=...,line1=...,line2=...,icon=0,state=STATE_FALSE,flags=2],component=ComponentInfo{android/com.android.server.notification.ScheduleConditionProvider},id=5e245dc02a6840ba8d68684988cca6b8,creationTime=1504995908689,enabler=null], 9d0cf04b17164c64b06d46a3ea6734c5=ZenRule[enabled=false,snoozing=false,name=Weeknight,zenMode=ZEN_MODE_ALARMS,conditionId=condition://android/schedule?days=1.2.3.4.5&start=22.0&end=7.0&exitAtAlarm=false,condition=Condition[id=condition://android/schedule?days=1.2.3.4.5&start=22.0&end=7.0&exitAtAlarm=false,summary=...,line1=...,line2=...,icon=0,state=STATE_FALSE,flags=2],component=ComponentInfo{android/com.android.server.notification.ScheduleConditionProvider},id=9d0cf04b17164c64b06d46a3ea6734c5,creationTime=1504995908689,enabler=null], 2b071ad08ddc45b1a6833eecc1894438=ZenRule[enabled=false,snoozing=false,name=Event,zenMode=ZEN_MODE_ALARMS,conditionId=condition://android/event?userId=-10000&calendar=&reply=1,condition=Condition[id=condition://android/event?userId=-10000&calendar=&reply=1,summary=...,line1=...,line2=...,icon=0,state=STATE_FALSE,flags=2],component=ComponentInfo{android/com.android.server.notification.EventConditionProvider},id=2b071ad08ddc45b1a6833eecc1894438,creationTime=1504995908690,enabler=null]},manualRule=null],Diff[automaticRule[5e245dc02a6840ba8d68684988cca6b8].condition:Condition[id=condition://android/schedule?days=6.7&start=23.30&end=10.0&exitAtAlarm=false,summary=...,line1=...,line2=...,icon=0,state=STATE_TRUE,flags=2]->Condition[id=condition://android/schedule?days=6.7&start=23.30&end=10.0&exitAtAlarm=false,summary=...,line1=...,line2=...,icon=0,state=STATE_FALSE,flags=2]]
09-10 10:00:00.192  3642  3642 D ZenLog  : set_zen_mode: off,conditionChanged
09-10 10:08:35.121  9088  9088 I chatty  : uid=1021(gps) /system/bin/lhd expire 17 lines
09-10 10:08:35.183  3167  3167 I chatty  : uid=1021(gps) /system/bin/gpsd expire 6 lines
09-10 10:08:35.184  9088  9088 I chatty  : uid=1021(gps) /system/bin/lhd expire 1 line
09-10 10:08:35.184  3167  3167 I chatty  : uid=1021(gps) /system/bin/gpsd expire 200 lines
09-10 10:08:46.083  3642  3701 W ProcessCpuTracker: Skipping unknown process pid 9092
09-10 10:20:35.211  9097  9097 I chatty  : uid=1021(gps) /system/bin/lhd expire 18 lines
09-10 10:20:35.278  3167  3167 I chatty  : uid=1021(gps) /system/bin/gpsd expire 8 lines
09-10 10:26:35.150  3642  4704 I WifiConnectivityManager: start a single scan from watchdogHandler
09-10 10:26:35.150  3642  4704 I WifiConnectivityManager: scheduleWatchdogTimer
09-10 10:26:35.165  3642  3701 I ProcessStatsService: Prepared write state in 2ms
09-10 10:26:35.169  3642  4699 W ConnectivityExtension: ConnectivityExt jar file not present
09-10 10:33:13.108  9104  9104 I chatty  : uid=1021(gps) /system/bin/lhd expire 17 lines
09-10 10:33:13.171  3167  3167 I chatty  : uid=1021(gps) /system/bin/gpsd expire 3 lines
09-10 10:33:13.171  9104  9104 I chatty  : uid=1021(gps) /system/bin/lhd expire 1 line
09-10 10:33:13.171  3167  3167 I chatty  : uid=1021(gps) /system/bin/gpsd expire 5 lines
09-10 10:50:35.119  9114  9114 I chatty  : uid=1021(gps) /system/bin/lhd expire 18 lines
09-10 10:50:35.181  3167  3167 I chatty  : uid=1021(gps) /system/bin/gpsd expire 8 lines
09-10 10:56:35.233  3642  4704 I WifiConnectivityManager: start a single scan from watchdogHandler
09-10 10:56:35.233  3642  4704 I WifiConnectivityManager: scheduleWatchdogTimer
09-10 10:56:35.259  3642  4699 W ConnectivityExtension: ConnectivityExt jar file not present
09-10 11:03:13.189  9122  9122 I chatty  : uid=1021(gps) /system/bin/lhd expire 18 lines
09-10 11:03:13.253  3167  3167 I chatty  : uid=1021(gps) /system/bin/gpsd expire 12 lines
09-10 11:03:33.095  3642  4993 D AlarmManagerService: Kernel timezone updated to 180 minutes west of GMT
09-10 11:03:33.106  6138  6138 D CellBroadcastReceiver: onReceive Intent { act=android.intent.action.SERVICE_STATE flg=0x10 cmp=com.android.cellbroadcastreceiver/.CellBroadcastReceiver (has extras) }
09-10 11:03:33.106  6138  6138 D CellBroadcastReceiver: Intent: android.intent.action.SERVICE_STATE
09-10 11:03:33.131  3642  4708 W ConnectivityExtension: ConnectivityExt jar file not present
09-10 11:08:37.185  9133  9133 I chatty  : uid=1021(gps) /system/bin/lhd expire 18 lines
09-10 11:13:14.105  3642  3704 E BatteryStatsService: power: Missing API
09-10 11:13:14.136  3642  3704 E BatteryStatsService: no controller energy info supplied
09-10 11:15:38.124  3167  3167 I chatty  : uid=1021(gps) /system/bin/gpsd expire 12 lines
09-10 11:15:38.144  3642  3699 D AlarmManagerService: Kernel timezone updated to 180 minutes west of GMT
09-10 11:15:38.157  6138  6138 D CellBroadcastReceiver: onReceive Intent { act=android.intent.action.SERVICE_STATE flg=0x10 cmp=com.android.cellbroadcastreceiver/.CellBroadcastReceiver (has extras) }
09-10 11:15:38.157  6138  6138 D CellBroadcastReceiver: Intent: android.intent.action.SERVICE_STATE
09-10 11:15:38.174  9142  9142 I chatty  : uid=1021(gps) /system/bin/lhd expire 18 lines
09-10 11:15:38.174  3642  4708 W ConnectivityExtension: ConnectivityExt jar file not present
09-10 11:26:39.077  3642  4704 I WifiConnectivityManager: start a single scan from watchdogHandler
09-10 11:26:39.078  3642  4704 I WifiConnectivityManager: scheduleWatchdogTimer
09-10 11:26:39.094  3642  4699 W ConnectivityExtension: ConnectivityExt jar file not present
09-10 11:26:39.152  9151  9151 I chatty  : uid=1021(gps) /system/bin/lhd expire 17 lines
09-10 11:26:39.214  3167  3167 I chatty  : uid=1021(gps) /system/bin/gpsd expire 4 lines
09-10 11:26:39.215  9151  9151 I chatty  : uid=1021(gps) /system/bin/lhd expire 1 line
09-10 11:32:44.877  6106  9154 D DownloadClient: Downloading
09-10 11:32:44.878  6106  9154 E DownloadClient: The server replied with code 404
09-10 11:32:44.878  6106  9154 E UpdatesCheckReceiver: Could not download updates list, scheduling new check
09-10 11:32:44.883  6106  9154 D UpdatesCheckReceiver: Setting one-shot updates check: Sun Sep 10 13:32:44 GMT-03:00 2017
09-10 11:32:56.087  3642  3701 W ProcessCpuTracker: Skipping unknown process pid 9161
09-10 11:33:14.073  3167  3167 I chatty  : uid=1021(gps) /system/bin/gpsd expire 4 lines
09-10 11:33:14.118  9163  9163 I chatty  : uid=1021(gps) /system/bin/lhd expire 18 lines
09-10 11:33:14.182  3167  3167 I chatty  : uid=1021(gps) /system/bin/gpsd expire 12 lines
09-10 11:43:14.124  9173  9173 I chatty  : uid=1021(gps) /system/bin/lhd expire 18 lines
09-10 11:44:40.363  3642  3642 I ActivityManager: Killing 6088:org.cyanogenmod.profiles/u0a56 (adj 904): empty for 1800s
09-10 11:44:40.364  3642  3642 I ActivityManager: Killing 6038:com.android.onetimeinitializer/u0a17 (adj 904): empty for 1800s
09-10 11:44:40.413  3642  4817 D ActivityManager: cleanUpApplicationRecord -- 6038
09-10 11:44:40.417  3642  4814 D ActivityManager: cleanUpApplicationRecord -- 6088
09-10 11:55:10.059  3642  4704 I WifiConnectivityManager: start a single scan from watchdogHandler
09-10 11:55:10.059  3642  4704 I WifiConnectivityManager: scheduleWatchdogTimer
09-10 11:55:10.085  3642  4699 W ConnectivityExtension: ConnectivityExt jar file not present
09-10 11:55:21.147  3167  3167 I chatty  : uid=1021(gps) /system/bin/gpsd expire 16 lines
