09-26 17:51:47.476  4224  4353 D BrcmNfcJni: nfaConnectionCallback: event= 30
09-26 17:51:47.476  4224  4353 D BrcmNfcJni: nfaConnectionCallback: NFA_RF_DISCOVERY_STARTED_EVT: status = 0
09-26 17:51:47.476  4224  4353 I BrcmNfcNfa: nfa_dm_disc_sm_execute (): new state: DISCOVERY (1), disc_flags: 0x1
09-26 17:51:47.476  4224  4747 D BrcmNfcJni: PowerSwitch::setModeOn(activated=0x1) : mCurrActivity=0x1
09-26 17:51:47.476  4224  4747 D BrcmNfcJni: nfcManager_enableDiscovery: exit
09-26 17:51:47.854  3571  4271 I ActivityManager: Setting hasTopUi=false for pid=3718
09-26 17:51:47.877  3718  3880 D mali_winsys: EGLint new_window_surface(egl_winsys_display*, void*, EGLSurface, EGLConfig, egl_winsys_surface**, egl_color_buffer_format*, EGLBoolean) returns 0x3000,  [1440x84]-format:1
09-26 17:51:48.167  3571  3584 D libgps  : SendGpsExtensionMessage: Waiting for IPC connection - timeout
09-26 17:51:48.167  3571  3584 E libgps  : LIBGPS: Cannot communicate (write) with a GPSD
09-26 17:51:48.167  3571  3584 E libgps  : IPC Communication Error, ../../../../tmp/15194007_282637/allPartners/os/android/gps_interface/gpsi_client/GpsiClient.cpp:631 SendGpsExtensionMessage
09-26 17:51:48.167  3571  3584 D libgps  : agps_set_server: Waiting for IPC connection...
09-26 17:51:48.191  3571  3583 I ActivityManager: Setting hasTopUi=true for pid=3718
09-26 17:51:48.192  3718  3718 D PhoneStatusBar: disable: < expand ICONS* alerts SYSTEM_INFO* back home recent clock search quick_settings >
09-26 17:51:48.224  3718  3880 D mali_winsys: EGLint new_window_surface(egl_winsys_display*, void*, EGLSurface, EGLConfig, egl_winsys_surface**, egl_color_buffer_format*, EGLBoolean) returns 0x3000,  [1440x2960]-format:1
09-26 17:51:48.547  4224  4737 I SecHAL  : device_sleep: NFC can be going to sleep
09-26 17:51:49.026  3571  4294 I ActivityManager: START u0 {act=android.settings.SETTINGS flg=0x14000000 cmp=com.android.settings/.Settings} from uid 10033 on display 0
09-26 17:51:49.029  3199  3801 I MediaPlayerService: MediaPlayerService::getOMX
09-26 17:51:49.030  3571  4765 I OMXClient: MuxOMX ctor
09-26 17:51:49.030  3571  4765 E ACodec  : Unable to instantiate a decoder for type 'audio/vorbis' with err 0xfffffffe.
09-26 17:51:49.030  3571  4765 E ACodec  : signalError(omxError 0xfffffffe, internalError -2)
09-26 17:51:49.030  3571  4765 E MediaCodec: Codec reported err 0xfffffffe, actionCode 0, while in state 1
09-26 17:51:49.031  3571  4763 E SoundPool: Unable to load sample
09-26 17:51:49.031  3571  3659 W AudioService: onLoadSoundEffects(), Error -2147483648 while loading samples
09-26 17:51:49.031  3571  3583 E ActivityManager: applyOptionsLocked: Unknown animationType=0
09-26 17:51:49.036  3199  3803 I MediaPlayerService: MediaPlayerService::getOMX
09-26 17:51:49.037  3571  4766 I OMXClient: MuxOMX ctor
09-26 17:51:49.037  3571  4766 E ACodec  : Unable to instantiate a decoder for type 'audio/vorbis' with err 0xfffffffe.
09-26 17:51:49.037  3571  4766 E ACodec  : signalError(omxError 0xfffffffe, internalError -2)
09-26 17:51:49.037  3571  4766 E MediaCodec: Codec reported err 0xfffffffe, actionCode 0, while in state 1
09-26 17:51:49.037  3571  4763 E SoundPool: Unable to load sample
09-26 17:51:49.079  3860  3860 W TileUtils: Found com.android.settings.Settings$PaymentSettingsActivity for intent Intent { act=com.android.settings.action.SETTINGS pkg=com.android.settings } missing metadata com.android.settings.category
09-26 17:51:49.082  3860  3860 W TileUtils: Found com.android.systemui.tuner.TunerActivity for intent Intent { act=com.android.settings.action.EXTRA_SETTINGS } missing metadata 
09-26 17:51:49.087  3860  3860 I ndroid.settings: type=1400 audit(0.0:212): avc: denied { write } for name="com.android.settings" dev="sda24" ino=3129413 scontext=u:r:system_app:s0 tcontext=u:object_r:system_data_file:s0 tclass=dir permissive=1
09-26 17:51:49.087  3860  3860 I ndroid.settings: type=1400 audit(0.0:212): avc: denied { add_name } for name="files" scontext=u:r:system_app:s0 tcontext=u:object_r:system_data_file:s0 tclass=dir permissive=1
09-26 17:51:49.087  3860  3860 I ndroid.settings: type=1400 audit(0.0:212): avc: denied { create } for name="files" scontext=u:r:system_app:s0 tcontext=u:object_r:system_data_file:s0 tclass=dir permissive=1
09-26 17:51:49.087  3860  3860 W ndroid.settings: type=1300 audit(0.0:212): arch=c00000b7 syscall=34 success=yes exit=0 a0=ffffff9c a1=7f865ee240 a2=1f9 a3=2a items=0 ppid=3187 auid=4294967295 uid=1000 gid=1000 euid=1000 suid=1000 fsuid=1000 egid=1000 sgid=1000 fsgid=1000 tty=(none) ses=4294967295 exe="/system/bin/app_process64" subj=u:r:system_app:s0 key=(null)
09-26 17:51:49.087  3090  3090 W auditd  : type=1327 audit(0.0:212): proctitle="com.android.settings"
09-26 17:51:49.087  3090  3090 W auditd  : type=1320 audit(0.0:212): 
09-26 17:51:49.087  3860  3860 I ndroid.settings: type=1400 audit(0.0:213): avc: denied { setattr } for name="files" dev="sda24" ino=3129544 scontext=u:r:system_app:s0 tcontext=u:object_r:system_data_file:s0 tclass=dir permissive=1
09-26 17:51:49.087  3860  3860 W ndroid.settings: type=1300 audit(0.0:213): arch=c00000b7 syscall=53 success=yes exit=0 a0=ffffff9c a1=7f865ee240 a2=1f9 a3=0 items=0 ppid=3187 auid=4294967295 uid=1000 gid=1000 euid=1000 suid=1000 fsuid=1000 egid=1000 sgid=1000 fsgid=1000 tty=(none) ses=4294967295 exe="/system/bin/app_process64" subj=u:r:system_app:s0 key=(null)
09-26 17:51:49.087  3090  3090 W auditd  : type=1327 audit(0.0:213): proctitle="com.android.settings"
09-26 17:51:49.087  3090  3090 W auditd  : type=1320 audit(0.0:213): 
09-26 17:51:49.099  3860  4768 W System  : ClassLoader referenced unknown path: 
09-26 17:51:49.099  3860  4768 W System  : ClassLoader referenced unknown path: /system/priv-app/CellBroadcastReceiver/lib/arm64
09-26 17:51:49.100  3860  4768 D ApplicationLoaders: ignored Vulkan layer search path /system/priv-app/CellBroadcastReceiver/lib/arm64:/system/lib64:/vendor/lib64 for namespace 0x7f947720f0
09-26 17:51:49.123  4423  4423 I Binder:4408_2: type=1400 audit(0.0:214): avc: denied { lock } for path="/data/user_de/0/org.cyanogenmod.cmparts/databases/contributors.db" dev="sda24" ino=3129523 scontext=u:r:system_app:s0 tcontext=u:object_r:system_data_file:s0 tclass=file permissive=1
09-26 17:51:49.123  4423  4423 W Binder:4408_2: type=1300 audit(0.0:214): arch=c00000b7 syscall=25 success=yes exit=0 a0=27 a1=6 a2=7f8f6da9c8 a3=d items=0 ppid=3187 auid=4294967295 uid=1000 gid=1000 euid=1000 suid=1000 fsuid=1000 egid=1000 sgid=1000 fsgid=1000 tty=(none) ses=4294967295 exe="/system/bin/app_process64" subj=u:r:system_app:s0 key=(null)
09-26 17:51:49.123  3090  3090 W auditd  : type=1327 audit(0.0:214): proctitle="org.cyanogenmod.cmparts"
09-26 17:51:49.123  3090  3090 W auditd  : type=1320 audit(0.0:214): 
09-26 17:51:49.151  3860  4769 D LocalBluetoothProfileManager: Adding local MAP profile
09-26 17:51:49.151  3860  4769 D BluetoothMap: Create BluetoothMap proxy object
09-26 17:51:49.153  3860  4769 D LocalBluetoothProfileManager: LocalBluetoothProfileManager construction complete
09-26 17:51:49.170  3571  3584 D libgps  : agps_set_server: Waiting for IPC connection - timeout
09-26 17:51:49.170  3571  3584 E libgps  : LIBGPS: Cannot communicate (write) with a GPSD
09-26 17:51:49.170  3571  3584 E libgps  : IPC Communication Error, ../../../../tmp/15194007_282637/allPartners/os/android/gps_interface/gpsi_client/GpsiClient.cpp:1685 agps_set_server
09-26 17:51:49.170  3571  3584 D GnssLocationProvider: GPS configuration:
09-26 17:51:49.170  3571  3584 D GnssLocationProvider:  #Tue Sep 26 17:51:49 GMT-03:00 2017
09-26 17:51:49.170  3571  3584 D GnssLocationProvider: SUPL_VER=0x20000
09-26 17:51:49.170  3571  3584 D GnssLocationProvider: SUPL_PORT=7275
09-26 17:51:49.170  3571  3584 D GnssLocationProvider: XTRA_SERVER_2=http\://gllto2.glpals.com/4day/v4/latest/lto2.dat
09-26 17:51:49.170  3571  3584 D GnssLocationProvider: XTRA_SERVER_1=http\://gllto1.glpals.com/4day/v4/latest/lto2.dat
09-26 17:51:49.170  3571  3584 D GnssLocationProvider: SUPL_HOST=supl.google.com
09-26 17:51:49.170  3571  3584 D GnssLocationProvider: SUPL_MODE=1
09-26 17:51:49.170  3571  3584 D GnssLocationProvider: NTP_SERVER=north-america.pool.ntp.org
09-26 17:51:49.170  3571  3584 D libgps  : SendGpsExtensionMessage: Waiting for IPC connection...
09-26 17:51:49.175  3860  4773 W TileUtils: Found com.android.settings.Settings$PaymentSettingsActivity for intent Intent { act=com.android.settings.action.SETTINGS pkg=com.android.settings } missing metadata com.android.settings.category
09-26 17:51:49.177  3860  4773 W TileUtils: Found com.android.systemui.tuner.TunerActivity for intent Intent { act=com.android.settings.action.EXTRA_SETTINGS } missing metadata 
09-26 17:51:49.184  3571  4277 I ProcessStatsService: Added stats: 2017-09-26-17-47-08, over +4m12s113ms
09-26 17:51:49.187  4773  4773 I com.android.settings: type=1400 audit(0.0:215): avc: denied { write } for comm=4173796E635461736B202334 name="search_index.db" dev="sda24" ino=3129540 scontext=u:r:system_app:s0 tcontext=u:object_r:system_data_file:s0 tclass=file permissive=1
09-26 17:51:49.187  4773  4773 W com.android.settings: type=1300 audit(0.0:215): arch=c00000b7 syscall=56 success=yes exit=61 a0=ffffff9c a1=7f7107dac0 a2=a0042 a3=180 items=0 ppid=3187 auid=4294967295 uid=1000 gid=1000 euid=1000 suid=1000 fsuid=1000 egid=1000 sgid=1000 fsgid=1000 tty=(none) ses=4294967295 comm=4173796E635461736B202334 exe="/system/bin/app_process64" subj=u:r:system_app:s0 key=(null)
09-26 17:51:49.187  3090  3090 W auditd  : type=1327 audit(0.0:215): proctitle="com.android.settings"
09-26 17:51:49.187  3090  3090 W auditd  : type=1320 audit(0.0:215): 
09-26 17:51:49.187  4773  4773 I com.android.settings: type=1400 audit(0.0:216): avc: denied { setattr } for comm=4173796E635461736B202334 name="search_index.db" dev="sda24" ino=3129540 scontext=u:r:system_app:s0 tcontext=u:object_r:system_data_file:s0 tclass=file permissive=1
09-26 17:51:49.187  4773  4773 W com.android.settings: type=1300 audit(0.0:216): arch=c00000b7 syscall=53 success=yes exit=0 a0=ffffff9c a1=7f71054700 a2=1b0 a3=0 items=0 ppid=3187 auid=4294967295 uid=1000 gid=1000 euid=1000 suid=1000 fsuid=1000 egid=1000 sgid=1000 fsgid=1000 tty=(none) ses=4294967295 comm=4173796E635461736B202334 exe="/system/bin/app_process64" subj=u:r:system_app:s0 key=(null)
09-26 17:51:49.191  3860  3895 D mali_winsys: EGLint new_window_surface(egl_winsys_display*, void*, EGLSurface, EGLConfig, egl_winsys_surface**, egl_color_buffer_format*, EGLBoolean) returns 0x3000,  [1440x2960]-format:1
09-26 17:51:49.192  3860  4769 W ProcStatsManager: No process com.android.providers.calendar/10004 for service com.android.providers.calendar.EmptyService
09-26 17:51:49.192  3860  4769 W ProcStatsManager: No process com.android.providers.calendar/10004 for service com.android.providers.calendar.CalendarProviderIntentService
09-26 17:51:49.192  3860  4769 W ProcStatsManager: No process com.android.messaging/10061 for service com.android.messaging.datamodel.action.BackgroundWorkerService
09-26 17:51:49.192  3860  4769 W ProcStatsManager: No process com.android.messaging/10061 for service com.android.messaging.datamodel.action.ActionServiceImpl
09-26 17:51:49.192  3860  4769 W ProcStatsManager: No process com.android.carrierconfig/10005 for service com.android.carrierconfig.DefaultCarrierConfigService
09-26 17:51:49.192  3860  4769 W ProcStatsManager: No process com.cyanogenmod.lockclock/10051 for service com.cyanogenmod.lockclock.ClockWidgetService
09-26 17:51:49.192  3860  4769 W ProcStatsManager: No process com.cyanogenmod.lockclock/10051 for service com.cyanogenmod.lockclock.weather.WeatherUpdateService
09-26 17:51:49.192  3860  4769 W ProcStatsManager: No process com.cyanogenmod.lockclock/10051 for service com.cyanogenmod.lockclock.DeviceStatusService
09-26 17:51:49.192  3860  4769 W ProcStatsManager: No process com.cyanogenmod.lockclock/10051 for service com.cyanogenmod.lockclock.weather.WeatherSourceListenerService
09-26 17:51:49.192  3860  4769 W ProcStatsManager: No process com.android.printspooler/10056 for service com.android.printspooler.model.PrintSpoolerService
09-26 17:51:49.192  3860  4769 W ProcStatsManager: No process com.android.cellbroadcastreceiver/10008 for service com.android.cellbroadcastreceiver.CellBroadcastConfigService
09-26 17:51:49.192  3860  4769 W ProcStatsManager: No process com.android.onetimeinitializer/10018 for service com.android.onetimeinitializer.OneTimeInitializerService
09-26 17:51:49.192  3860  4769 W ProcStatsManager: No process org.cyanogenmod.cmparts/1000 for service org.cyanogenmod.cmparts.cmstats.StatsUploadJobService
09-26 17:51:49.192  3860  4769 W ProcStatsManager: No process org.cyanogenmod.cmparts/1000 for service org.cyanogenmod.cmparts.cmstats.ReportingService
09-26 17:51:49.192  3860  4769 W ProcStatsManager: No process com.android.keychain/1000 for service com.android.keychain.KeyChainService
09-26 17:51:49.192  3860  4769 W ProcStatsManager: No process com.android.dialer/10017 for service com.android.dialer.calllog.CallLogNotificationsService
09-26 17:51:49.192  3860  4769 W ProcStatsManager: No process com.android.exchange/10046 for service com.android.exchange.service.EasService
09-26 17:51:49.192  3860  4769 W ProcStatsManager: No process com.android.bluetooth/1002 for service com.android.bluetooth.btservice.AdapterService
09-26 17:51:49.194  3860  4773 I IndexDatabaseHelper: Using schema version: 115
09-26 17:51:49.195  3860  4773 I IndexDatabaseHelper: Index is fine
09-26 17:51:49.240  3571  3592 I ActivityManager: Displayed com.android.settings/.Settings: +209ms
09-26 17:51:49.247  3860  3860 D DashboardSummary: onConditionsChanged
09-26 17:51:49.336  3860  4773 D ConstraintsHelper: construct key=weather_settings available=true
09-26 17:51:49.406  3571  4278 I ActivityManager: Setting hasTopUi=false for pid=3718
09-26 17:51:49.406  3718  3718 D PhoneStatusBar: disable: < expand icons* alerts system_info* back home recent clock search quick_settings >
09-26 17:51:49.445  3718  3880 D mali_winsys: EGLint new_window_surface(egl_winsys_display*, void*, EGLSurface, EGLConfig, egl_winsys_surface**, egl_color_buffer_format*, EGLBoolean) returns 0x3000,  [1440x84]-format:1
09-26 17:51:49.480  3571  4275 D PermissionCache: checking com.samsung.permission.HRM_EXT for uid=1000 => granted (46 us)
09-26 17:51:49.480  3571  4275 E SensorService: getSensorList a sensor (Rear Proximity detecting) without enabled required app op: 1768911460
09-26 17:51:49.481  3571  4275 I SensorService: Skipped sensor Rear Proximity detecting because it requires permission com.samsung.permission.HRM_EXT and app op 1768911460
09-26 17:51:49.481  3571  4275 D PermissionCache: checking com.samsung.permission.SSENSOR for uid=1000 => granted (7 us)
09-26 17:51:49.481  3571  4275 E SensorService: getSensorList a sensor (ADPD143RI) without enabled required app op: 1768911460
09-26 17:51:49.481  3571  4275 I SensorService: Skipped sensor ADPD143RI because it requires permission com.samsung.permission.SSENSOR and app op 1768911460
09-26 17:51:49.482  3571  4275 E SensorService: getSensorList a sensor (HRM Sensor) without enabled required app op: 127
09-26 17:51:49.482  3571  4275 I SensorService: Skipped sensor HRM Sensor because it requires permission com.samsung.permission.SSENSOR and app op 127
09-26 17:51:49.633  3860  4773 D Index   : Indexing locale 'es_ES' took 438 millis
09-26 17:51:49.674  3860  4773 D Index   : Indexing locale 'es_ES' took 3 millis
09-26 17:51:49.690  3860  4773 D Index   : Indexing locale 'es_ES' took 2 millis
09-26 17:51:49.842  3571  4273 E BatteryStatsService: no controller energy info supplied
09-26 17:51:50.173  3571  3584 D libgps  : SendGpsExtensionMessage: Waiting for IPC connection - timeout
09-26 17:51:50.173  3571  3584 E libgps  : LIBGPS: Cannot communicate (write) with a GPSD
09-26 17:51:50.173  3571  3584 E libgps  : IPC Communication Error, ../../../../tmp/15194007_282637/allPartners/os/android/gps_interface/gpsi_client/GpsiClient.cpp:631 SendGpsExtensionMessage
09-26 17:51:50.186  3571  3584 D libgps  : SendGpsExtensionMessage: Waiting for IPC connection...
09-26 17:51:51.189  3571  3584 D libgps  : SendGpsExtensionMessage: Waiting for IPC connection - timeout
09-26 17:51:51.189  3571  3584 E libgps  : LIBGPS: Cannot communicate (write) with a GPSD
09-26 17:51:51.189  3571  3584 E libgps  : IPC Communication Error, ../../../../tmp/15194007_282637/allPartners/os/android/gps_interface/gpsi_client/GpsiClient.cpp:631 SendGpsExtensionMessage
09-26 17:51:51.189  3571  3584 D libgps  : agps_set_server: Waiting for IPC connection...
09-26 17:51:51.471  4757  4757 I DeferredSaveThr: type=1400 audit(0.0:224): avc: denied { write } for name="code_cache" dev="sda24" ino=3129448 scontext=u:r:platform_app:s0:c512,c768 tcontext=u:object_r:system_data_file:s0:c512,c768 tclass=dir permissive=1
09-26 17:51:51.471  4757  4757 I DeferredSaveThr: type=1400 audit(0.0:224): avc: denied { remove_name } for name="com.android.opengl.shaders_cache" dev="sda24" ino=3129484 scontext=u:r:platform_app:s0:c512,c768 tcontext=u:object_r:system_data_file:s0:c512,c768 tclass=dir permissive=1
09-26 17:51:51.471  4757  4757 I DeferredSaveThr: type=1400 audit(0.0:224): avc: denied { unlink } for name="com.android.opengl.shaders_cache" dev="sda24" ino=3129484 scontext=u:r:platform_app:s0:c512,c768 tcontext=u:object_r:system_data_file:s0:c512,c768 tclass=file permissive=1
09-26 17:51:51.471  4757  4757 W DeferredSaveThr: type=1300 audit(0.0:224): arch=c00000b7 syscall=35 success=yes exit=0 a0=ffffff9c a1=7f90a31c58 a2=0 a3=0 items=0 ppid=3187 auid=4294967295 uid=10033 gid=10033 euid=10033 suid=10033 fsuid=10033 egid=10033 sgid=10033 fsgid=10033 tty=(none) ses=4294967295 exe="/system/bin/app_process64" subj=u:r:platform_app:s0:c512,c768 key=(null)
09-26 17:51:51.471  3090  3090 W auditd  : type=1327 audit(0.0:224): proctitle="com.android.systemui"
09-26 17:51:51.471  3090  3090 W auditd  : type=1320 audit(0.0:224): 
09-26 17:51:51.471  4757  4757 I DeferredSaveThr: type=1400 audit(0.0:225): avc: denied { add_name } for name="com.android.opengl.shaders_cache" scontext=u:r:platform_app:s0:c512,c768 tcontext=u:object_r:system_data_file:s0:c512,c768 tclass=dir permissive=1
09-26 17:51:51.471  4757  4757 I DeferredSaveThr: type=1400 audit(0.0:225): avc: denied { create } for name="com.android.opengl.shaders_cache" scontext=u:r:platform_app:s0:c512,c768 tcontext=u:object_r:system_data_file:s0:c512,c768 tclass=file permissive=1
09-26 17:51:51.471  4757  4757 I DeferredSaveThr: type=1400 audit(0.0:225): avc: denied { write } for path="/data/user_de/0/com.android.systemui/code_cache/com.android.opengl.shaders_cache" dev="sda24" ino=3129484 scontext=u:r:platform_app:s0:c512,c768 tcontext=u:object_r:system_data_file:s0:c512,c768 tclass=file permissive=1
09-26 17:51:51.471  4757  4757 W DeferredSaveThr: type=1300 audit(0.0:225): arch=c00000b7 syscall=56 success=yes exit=80 a0=ffffff9c a1=7f90a31c58 a2=c2 a3=0 items=0 ppid=3187 auid=4294967295 uid=10033 gid=10033 euid=10033 suid=10033 fsuid=10033 egid=10033 sgid=10033 fsgid=10033 tty=(none) ses=4294967295 exe="/system/bin/app_process64" subj=u:r:platform_app:s0:c512,c768 key=(null)
09-26 17:51:51.471  3090  3090 W auditd  : type=1327 audit(0.0:225): proctitle="com.android.systemui"
09-26 17:51:51.471  3090  3090 W auditd  : type=1320 audit(0.0:225): 
09-26 17:51:51.471  4757  4757 I DeferredSaveThr: type=1400 audit(0.0:226): avc: denied { setattr } for name="com.android.opengl.shaders_cache" dev="sda24" ino=3129484 scontext=u:r:platform_app:s0:c512,c768 tcontext=u:object_r:system_data_file:s0:c512,c768 tclass=file permissive=1
09-26 17:51:51.471  4757  4757 W DeferredSaveThr: type=1300 audit(0.0:226): arch=c00000b7 syscall=52 success=yes exit=0 a0=50 a1=100 a2=27 a3=0 items=0 ppid=3187 auid=4294967295 uid=10033 gid=10033 euid=10033 suid=10033 fsuid=10033 egid=10033 sgid=10033 fsgid=10033 tty=(none) ses=4294967295 exe="/system/bin/app_process64" subj=u:r:platform_app:s0:c512,c768 key=(null)
09-26 17:51:51.471  3090  3090 W auditd  : type=1327 audit(0.0:226): proctitle="com.android.systemui"
09-26 17:51:51.471  3090  3090 W auditd  : type=1320 audit(0.0:226): 
09-26 17:51:51.475  3571  4275 I ActivityManager: START u0 {flg=0x8000 cmp=com.android.settings/.Settings$DeviceInfoSettingsActivity (has extras)} from uid 1000 on display 0
09-26 17:51:51.481  3199  3199 I MediaPlayerService: MediaPlayerService::getOMX
09-26 17:51:51.481  3571  4784 I OMXClient: MuxOMX ctor
09-26 17:51:51.481  3571  4784 E ACodec  : Unable to instantiate a decoder for type 'audio/vorbis' with err 0xfffffffe.
09-26 17:51:51.481  3571  4784 E ACodec  : signalError(omxError 0xfffffffe, internalError -2)
09-26 17:51:51.481  3571  4784 E MediaCodec: Codec reported err 0xfffffffe, actionCode 0, while in state 1
09-26 17:51:51.481  3571  4782 E SoundPool: Unable to load sample
09-26 17:51:51.482  3571  3659 W AudioService: onLoadSoundEffects(), Error -2147483648 while loading samples
09-26 17:51:51.485  3199  3247 I MediaPlayerService: MediaPlayerService::getOMX
09-26 17:51:51.485  3571  4785 I OMXClient: MuxOMX ctor
09-26 17:51:51.485  3571  4785 E ACodec  : Unable to instantiate a decoder for type 'audio/vorbis' with err 0xfffffffe.
09-26 17:51:51.485  3571  4785 E ACodec  : signalError(omxError 0xfffffffe, internalError -2)
09-26 17:51:51.486  3571  4785 E MediaCodec: Codec reported err 0xfffffffe, actionCode 0, while in state 1
09-26 17:51:51.486  3571  4782 E SoundPool: Unable to load sample
09-26 17:51:51.488  4495  4698 I GlobalDismissManager: no sender configured
09-26 17:51:51.488  4495  4698 D AlertService: Beginning updateAlertNotification
09-26 17:51:51.498  4495  4698 D AlertService: No fired or scheduled alerts
09-26 17:51:51.501  4495  4698 D AlertService: Scheduling next alarm with AlarmScheduler. sEventReminderReceived: null
09-26 17:51:51.503  3860  3860 D ConstraintsHelper: construct key=cm_updates available=true
09-26 17:51:51.503  3860  3860 D ConstraintsHelper: construct key=contributors available=true
09-26 17:51:51.508  3860  3860 D DeviceInfoSettings: Property 'ro.url.safetylegal' missing and no 'safetylegal' preference
09-26 17:51:51.511  4495  4698 D AlarmScheduler: No events found starting within 1 week.
09-26 17:51:51.530  3860  3860 D RemotePreference: ResolveInfo ResolveInfo{f3af14d org.cyanogenmod.cmparts/.PartsActivity m=0x0}
09-26 17:51:51.536  3860  4768 D Index   : Indexing locale 'es_ES' took 3 millis
09-26 17:51:51.558  3860  3895 D mali_winsys: EGLint new_window_surface(egl_winsys_display*, void*, EGLSurface, EGLConfig, egl_winsys_surface**, egl_color_buffer_format*, EGLBoolean) returns 0x3000,  [1440x2960]-format:1
09-26 17:51:51.568  3860  4768 D Index   : Indexing locale 'es_ES' took 10 millis
09-26 17:51:51.585  3860  4768 W TileUtils: Found com.android.settings.Settings$PaymentSettingsActivity for intent Intent { act=com.android.settings.action.SETTINGS pkg=com.android.settings } missing metadata com.android.settings.category
09-26 17:51:51.586  3860  4768 W TileUtils: Found com.android.systemui.tuner.TunerActivity for intent Intent { act=com.android.settings.action.EXTRA_SETTINGS } missing metadata 
09-26 17:51:51.597  3571  3592 I ActivityManager: Displayed com.android.settings/.Settings$DeviceInfoSettingsActivity: +118ms
09-26 17:51:51.622  3860  3895 D OpenGLRenderer: endAllActiveAnimators on 0x7f55639000 (RippleDrawable) with handle 0x7f5562f840
09-26 17:51:52.191  3571  3584 D libgps  : agps_set_server: Waiting for IPC connection - timeout
09-26 17:51:52.191  3571  3584 E libgps  : LIBGPS: Cannot communicate (write) with a GPSD
09-26 17:51:52.191  3571  3584 E libgps  : IPC Communication Error, ../../../../tmp/15194007_282637/allPartners/os/android/gps_interface/gpsi_client/GpsiClient.cpp:1685 agps_set_server
09-26 17:51:52.191  3571  3584 D GnssLocationProvider: GPS configuration:
09-26 17:51:52.191  3571  3584 D GnssLocationProvider:  #Tue Sep 26 17:51:52 GMT-03:00 2017
09-26 17:51:52.191  3571  3584 D GnssLocationProvider: SUPL_VER=0x20000
09-26 17:51:52.191  3571  3584 D GnssLocationProvider: SUPL_PORT=7275
09-26 17:51:52.191  3571  3584 D GnssLocationProvider: XTRA_SERVER_2=http\://gllto2.glpals.com/4day/v4/latest/lto2.dat
09-26 17:51:52.191  3571  3584 D GnssLocationProvider: XTRA_SERVER_1=http\://gllto1.glpals.com/4day/v4/latest/lto2.dat
09-26 17:51:52.191  3571  3584 D GnssLocationProvider: SUPL_HOST=supl.google.com
09-26 17:51:52.191  3571  3584 D GnssLocationProvider: SUPL_MODE=1
09-26 17:51:52.191  3571  3584 D GnssLocationProvider: NTP_SERVER=north-america.pool.ntp.org
09-26 17:51:52.191  3571  3584 D libgps  : SendGpsExtensionMessage: Waiting for IPC connection...
09-26 17:51:53.196  3571  3584 D libgps  : SendGpsExtensionMessage: Waiting for IPC connection - timeout
09-26 17:51:53.196  3571  3584 E libgps  : LIBGPS: Cannot communicate (write) with a GPSD
09-26 17:51:53.196  3571  3584 E libgps  : IPC Communication Error, ../../../../tmp/15194007_282637/allPartners/os/android/gps_interface/gpsi_client/GpsiClient.cpp:631 SendGpsExtensionMessage
09-26 17:51:53.202  3571  3584 D libgps  : SendGpsExtensionMessage: Waiting for IPC connection...
09-26 17:51:54.207  3571  3584 D libgps  : SendGpsExtensionMessage: Waiting for IPC connection - timeout
09-26 17:51:54.207  3571  3584 E libgps  : LIBGPS: Cannot communicate (write) with a GPSD
09-26 17:51:54.207  3571  3584 E libgps  : IPC Communication Error, ../../../../tmp/15194007_282637/allPartners/os/android/gps_interface/gpsi_client/GpsiClient.cpp:631 SendGpsExtensionMessage
09-26 17:51:54.207  3571  3584 D libgps  : agps_set_server: Waiting for IPC connection...
09-26 17:51:54.663  3199  3801 I MediaPlayerService: MediaPlayerService::getOMX
09-26 17:51:54.664  3571  4794 I OMXClient: MuxOMX ctor
09-26 17:51:54.664  3571  4794 E ACodec  : Unable to instantiate a decoder for type 'audio/vorbis' with err 0xfffffffe.
09-26 17:51:54.664  3571  4794 E ACodec  : signalError(omxError 0xfffffffe, internalError -2)
09-26 17:51:54.664  3571  4794 E MediaCodec: Codec reported err 0xfffffffe, actionCode 0, while in state 1
09-26 17:51:54.664  3571  4792 E SoundPool: Unable to load sample
09-26 17:51:54.664  3571  3659 W AudioService: onLoadSoundEffects(), Error -2147483648 while loading samples
09-26 17:51:54.668  3199  3803 I MediaPlayerService: MediaPlayerService::getOMX
09-26 17:51:54.668  3571  4795 I OMXClient: MuxOMX ctor
09-26 17:51:54.668  3571  4795 E ACodec  : Unable to instantiate a decoder for type 'audio/vorbis' with err 0xfffffffe.
09-26 17:51:54.668  3571  4795 E ACodec  : signalError(omxError 0xfffffffe, internalError -2)
09-26 17:51:54.668  3571  4795 E MediaCodec: Codec reported err 0xfffffffe, actionCode 0, while in state 1
09-26 17:51:54.668  3571  4792 E SoundPool: Unable to load sample
09-26 17:51:54.796  3199  3199 I MediaPlayerService: MediaPlayerService::getOMX
09-26 17:51:54.796  3571  4799 I OMXClient: MuxOMX ctor
09-26 17:51:54.796  3571  4799 E ACodec  : Unable to instantiate a decoder for type 'audio/vorbis' with err 0xfffffffe.
09-26 17:51:54.796  3571  4799 E ACodec  : signalError(omxError 0xfffffffe, internalError -2)
09-26 17:51:54.796  3571  4799 E MediaCodec: Codec reported err 0xfffffffe, actionCode 0, while in state 1
09-26 17:51:54.796  3571  4797 E SoundPool: Unable to load sample
09-26 17:51:54.797  3571  3659 W AudioService: onLoadSoundEffects(), Error -2147483648 while loading samples
09-26 17:51:54.800  3199  3247 I MediaPlayerService: MediaPlayerService::getOMX
09-26 17:51:54.800  3571  4800 I OMXClient: MuxOMX ctor
09-26 17:51:54.800  3571  4800 E ACodec  : Unable to instantiate a decoder for type 'audio/vorbis' with err 0xfffffffe.
09-26 17:51:54.800  3571  4800 E ACodec  : signalError(omxError 0xfffffffe, internalError -2)
09-26 17:51:54.801  3571  4800 E MediaCodec: Codec reported err 0xfffffffe, actionCode 0, while in state 1
09-26 17:51:54.801  3571  4797 E SoundPool: Unable to load sample
09-26 17:51:54.929  3199  3801 I MediaPlayerService: MediaPlayerService::getOMX
09-26 17:51:54.930  3571  4804 I OMXClient: MuxOMX ctor
09-26 17:51:54.930  3571  4804 E ACodec  : Unable to instantiate a decoder for type 'audio/vorbis' with err 0xfffffffe.
09-26 17:51:54.930  3571  4804 E ACodec  : signalError(omxError 0xfffffffe, internalError -2)
09-26 17:51:54.930  3571  4804 E MediaCodec: Codec reported err 0xfffffffe, actionCode 0, while in state 1
09-26 17:51:54.930  3571  4802 E SoundPool: Unable to load sample
09-26 17:51:54.931  3571  3659 W AudioService: onLoadSoundEffects(), Error -2147483648 while loading samples
09-26 17:51:54.934  3199  3803 I MediaPlayerService: MediaPlayerService::getOMX
09-26 17:51:54.934  3571  4805 I OMXClient: MuxOMX ctor
09-26 17:51:54.934  3571  4805 E ACodec  : Unable to instantiate a decoder for type 'audio/vorbis' with err 0xfffffffe.
09-26 17:51:54.934  3571  4805 E ACodec  : signalError(omxError 0xfffffffe, internalError -2)
09-26 17:51:54.934  3571  4805 E MediaCodec: Codec reported err 0xfffffffe, actionCode 0, while in state 1
09-26 17:51:54.934  3571  4802 E SoundPool: Unable to load sample
09-26 17:51:54.959  3860  3895 D mali_winsys: EGLint new_window_surface(egl_winsys_display*, void*, EGLSurface, EGLConfig, egl_winsys_surface**, egl_color_buffer_format*, EGLBoolean) returns 0x3000,  [1120x220]-format:1
09-26 17:51:55.096  3199  3199 I MediaPlayerService: MediaPlayerService::getOMX
09-26 17:51:55.096  3571  4295 I NotificationService: cancelToast pkg=com.android.settings callback=android.app.ITransientNotification$Stub$Proxy@d8b3dd8
09-26 17:51:55.097  3571  4295 W WindowManager: Attempted to remove non-existing token: android.os.Binder@6112043
09-26 17:51:55.097  3571  4817 I OMXClient: MuxOMX ctor
09-26 17:51:55.097  3571  4817 E ACodec  : Unable to instantiate a decoder for type 'audio/vorbis' with err 0xfffffffe.
09-26 17:51:55.097  3571  4817 E ACodec  : signalError(omxError 0xfffffffe, internalError -2)
09-26 17:51:55.097  3571  4817 E MediaCodec: Codec reported err 0xfffffffe, actionCode 0, while in state 1
09-26 17:51:55.098  3571  4815 E SoundPool: Unable to load sample
09-26 17:51:55.098  3571  3659 W AudioService: onLoadSoundEffects(), Error -2147483648 while loading samples
09-26 17:51:55.101  3199  3247 I MediaPlayerService: MediaPlayerService::getOMX
09-26 17:51:55.102  3571  4818 I OMXClient: MuxOMX ctor
09-26 17:51:55.102  3571  4818 E ACodec  : Unable to instantiate a decoder for type 'audio/vorbis' with err 0xfffffffe.
09-26 17:51:55.102  3571  4818 E ACodec  : signalError(omxError 0xfffffffe, internalError -2)
09-26 17:51:55.102  3571  4818 E MediaCodec: Codec reported err 0xfffffffe, actionCode 0, while in state 1
09-26 17:51:55.102  3571  4815 E SoundPool: Unable to load sample
09-26 17:51:55.125  3860  3895 D mali_winsys: EGLint new_window_surface(egl_winsys_display*, void*, EGLSurface, EGLConfig, egl_winsys_surface**, egl_color_buffer_format*, EGLBoolean) returns 0x3000,  [1120x220]-format:1
09-26 17:51:55.209  3571  3584 D libgps  : agps_set_server: Waiting for IPC connection - timeout
09-26 17:51:55.209  3571  3584 E libgps  : LIBGPS: Cannot communicate (write) with a GPSD
09-26 17:51:55.209  3571  3584 E libgps  : IPC Communication Error, ../../../../tmp/15194007_282637/allPartners/os/android/gps_interface/gpsi_client/GpsiClient.cpp:1685 agps_set_server
09-26 17:51:55.210  3571  3584 D GnssLocationProvider: GPS configuration:
09-26 17:51:55.210  3571  3584 D GnssLocationProvider:  #Tue Sep 26 17:51:55 GMT-03:00 2017
09-26 17:51:55.210  3571  3584 D GnssLocationProvider: SUPL_VER=0x20000
09-26 17:51:55.210  3571  3584 D GnssLocationProvider: SUPL_PORT=7275
09-26 17:51:55.210  3571  3584 D GnssLocationProvider: XTRA_SERVER_2=http\://gllto2.glpals.com/4day/v4/latest/lto2.dat
09-26 17:51:55.210  3571  3584 D GnssLocationProvider: XTRA_SERVER_1=http\://gllto1.glpals.com/4day/v4/latest/lto2.dat
09-26 17:51:55.210  3571  3584 D GnssLocationProvider: SUPL_HOST=supl.google.com
09-26 17:51:55.210  3571  3584 D GnssLocationProvider: SUPL_MODE=1
09-26 17:51:55.210  3571  3584 D GnssLocationProvider: NTP_SERVER=north-america.pool.ntp.org
09-26 17:51:55.210  3571  3584 D libgps  : SendGpsExtensionMessage: Waiting for IPC connection...
09-26 17:51:55.246  3571  3843 I NotificationService: cancelToast pkg=com.android.settings callback=android.app.ITransientNotification$Stub$Proxy@e15136d
09-26 17:51:55.246  3199  3801 I MediaPlayerService: MediaPlayerService::getOMX
09-26 17:51:55.247  3571  3843 W WindowManager: Attempted to remove non-existing token: android.os.Binder@d5242b5
09-26 17:51:55.247  3571  4822 I OMXClient: MuxOMX ctor
09-26 17:51:55.247  3571  4822 E ACodec  : Unable to instantiate a decoder for type 'audio/vorbis' with err 0xfffffffe.
09-26 17:51:55.247  3571  4822 E ACodec  : signalError(omxError 0xfffffffe, internalError -2)
09-26 17:51:55.247  3571  4822 E MediaCodec: Codec reported err 0xfffffffe, actionCode 0, while in state 1
09-26 17:51:55.247  3571  4820 E SoundPool: Unable to load sample
09-26 17:51:55.248  3571  3659 W AudioService: onLoadSoundEffects(), Error -2147483648 while loading samples
09-26 17:51:55.251  3199  3803 I MediaPlayerService: MediaPlayerService::getOMX
09-26 17:51:55.251  3571  4823 I OMXClient: MuxOMX ctor
09-26 17:51:55.251  3571  4823 E ACodec  : Unable to instantiate a decoder for type 'audio/vorbis' with err 0xfffffffe.
09-26 17:51:55.252  3571  4823 E ACodec  : signalError(omxError 0xfffffffe, internalError -2)
09-26 17:51:55.252  3571  4823 E MediaCodec: Codec reported err 0xfffffffe, actionCode 0, while in state 1
09-26 17:51:55.252  3571  4820 E SoundPool: Unable to load sample
09-26 17:51:55.275  3860  3895 D mali_winsys: EGLint new_window_surface(egl_winsys_display*, void*, EGLSurface, EGLConfig, egl_winsys_surface**, egl_color_buffer_format*, EGLBoolean) returns 0x3000,  [1120x220]-format:1
09-26 17:51:55.397  3571  3735 I NotificationService: cancelToast pkg=com.android.settings callback=android.app.ITransientNotification$Stub$Proxy@cb3dfee
09-26 17:51:55.398  3571  3735 W WindowManager: Attempted to remove non-existing token: android.os.Binder@3625f84
09-26 17:51:55.399  3199  3199 I MediaPlayerService: MediaPlayerService::getOMX
09-26 17:51:55.400  3571  4827 I OMXClient: MuxOMX ctor
09-26 17:51:55.400  3571  4827 E ACodec  : Unable to instantiate a decoder for type 'audio/vorbis' with err 0xfffffffe.
09-26 17:51:55.400  3571  4827 E ACodec  : signalError(omxError 0xfffffffe, internalError -2)
09-26 17:51:55.400  3571  4827 E MediaCodec: Codec reported err 0xfffffffe, actionCode 0, while in state 1
09-26 17:51:55.400  3571  4825 E SoundPool: Unable to load sample
09-26 17:51:55.400  3571  3659 W AudioService: onLoadSoundEffects(), Error -2147483648 while loading samples
09-26 17:51:55.403  3199  3247 I MediaPlayerService: MediaPlayerService::getOMX
09-26 17:51:55.404  3571  4828 I OMXClient: MuxOMX ctor
09-26 17:51:55.404  3571  4828 E ACodec  : Unable to instantiate a decoder for type 'audio/vorbis' with err 0xfffffffe.
09-26 17:51:55.404  3571  4828 E ACodec  : signalError(omxError 0xfffffffe, internalError -2)
09-26 17:51:55.404  3571  4828 E MediaCodec: Codec reported err 0xfffffffe, actionCode 0, while in state 1
09-26 17:51:55.404  3571  4825 E SoundPool: Unable to load sample
09-26 17:51:55.426  3860  3895 D mali_winsys: EGLint new_window_surface(egl_winsys_display*, void*, EGLSurface, EGLConfig, egl_winsys_surface**, egl_color_buffer_format*, EGLBoolean) returns 0x3000,  [1120x220]-format:1
09-26 17:51:55.550  3571  4295 I NotificationService: cancelToast pkg=com.android.settings callback=android.app.ITransientNotification$Stub$Proxy@a2fe2ab
09-26 17:51:55.550  3199  3801 I MediaPlayerService: MediaPlayerService::getOMX
09-26 17:51:55.550  3571  4295 W WindowManager: Attempted to remove non-existing token: android.os.Binder@4fc7969
09-26 17:51:55.551  3571  4833 I OMXClient: MuxOMX ctor
09-26 17:51:55.552  3571  4833 E ACodec  : Unable to instantiate a decoder for type 'audio/vorbis' with err 0xfffffffe.
09-26 17:51:55.552  3571  4833 E ACodec  : signalError(omxError 0xfffffffe, internalError -2)
09-26 17:51:55.552  3571  4833 E MediaCodec: Codec reported err 0xfffffffe, actionCode 0, while in state 1
09-26 17:51:55.552  3571  4830 E SoundPool: Unable to load sample
09-26 17:51:55.552  3571  3659 W AudioService: onLoadSoundEffects(), Error -2147483648 while loading samples
09-26 17:51:55.557  3860  4773 W TileUtils: Found com.android.settings.Settings$PaymentSettingsActivity for intent Intent { act=com.android.settings.action.SETTINGS pkg=com.android.settings } missing metadata com.android.settings.category
09-26 17:51:55.557  3199  3803 I MediaPlayerService: MediaPlayerService::getOMX
09-26 17:51:55.557  3571  4834 I OMXClient: MuxOMX ctor
09-26 17:51:55.557  3571  4834 E ACodec  : Unable to instantiate a decoder for type 'audio/vorbis' with err 0xfffffffe.
09-26 17:51:55.557  3571  4834 E ACodec  : signalError(omxError 0xfffffffe, internalError -2)
09-26 17:51:55.557  3571  4834 E MediaCodec: Codec reported err 0xfffffffe, actionCode 0, while in state 1
09-26 17:51:55.558  3571  4830 E SoundPool: Unable to load sample
09-26 17:51:55.562  3860  4773 W TileUtils: Found com.android.systemui.tuner.TunerActivity for intent Intent { act=com.android.settings.action.EXTRA_SETTINGS } missing metadata 
09-26 17:51:55.565  3860  4773 D Index   : Deleting data for locale 'es_ES' took 2 millis
09-26 17:51:55.577  3860  3895 D mali_winsys: EGLint new_window_surface(egl_winsys_display*, void*, EGLSurface, EGLConfig, egl_winsys_surface**, egl_color_buffer_format*, EGLBoolean) returns 0x3000,  [1051x154]-format:1
09-26 17:51:55.603  3860  4773 D Index   : Indexing locale 'es_ES' took 38 millis
09-26 17:51:55.693  3199  3199 I MediaPlayerService: MediaPlayerService::getOMX
09-26 17:51:55.694  3571  4838 I OMXClient: MuxOMX ctor
09-26 17:51:55.694  3571  4838 E ACodec  : Unable to instantiate a decoder for type 'audio/vorbis' with err 0xfffffffe.
09-26 17:51:55.694  3571  4838 E ACodec  : signalError(omxError 0xfffffffe, internalError -2)
09-26 17:51:55.694  3571  4838 E MediaCodec: Codec reported err 0xfffffffe, actionCode 0, while in state 1
09-26 17:51:55.694  3571  4836 E SoundPool: Unable to load sample
09-26 17:51:55.695  3571  3659 W AudioService: onLoadSoundEffects(), Error -2147483648 while loading samples
09-26 17:51:55.698  3199  3247 I MediaPlayerService: MediaPlayerService::getOMX
09-26 17:51:55.698  3571  4839 I OMXClient: MuxOMX ctor
09-26 17:51:55.698  3571  4839 E ACodec  : Unable to instantiate a decoder for type 'audio/vorbis' with err 0xfffffffe.
09-26 17:51:55.698  3571  4839 E ACodec  : signalError(omxError 0xfffffffe, internalError -2)
09-26 17:51:55.698  3571  4839 E MediaCodec: Codec reported err 0xfffffffe, actionCode 0, while in state 1
09-26 17:51:55.698  3571  4836 E SoundPool: Unable to load sample
09-26 17:51:55.813  3199  3801 I MediaPlayerService: MediaPlayerService::getOMX
09-26 17:51:55.813  3571  4843 I OMXClient: MuxOMX ctor
09-26 17:51:55.813  3571  4843 E ACodec  : Unable to instantiate a decoder for type 'audio/vorbis' with err 0xfffffffe.
09-26 17:51:55.813  3571  4843 E ACodec  : signalError(omxError 0xfffffffe, internalError -2)
09-26 17:51:55.813  3571  4843 E MediaCodec: Codec reported err 0xfffffffe, actionCode 0, while in state 1
09-26 17:51:55.814  3571  4841 E SoundPool: Unable to load sample
09-26 17:51:55.814  3571  3659 W AudioService: onLoadSoundEffects(), Error -2147483648 while loading samples
09-26 17:51:55.817  3199  3803 I MediaPlayerService: MediaPlayerService::getOMX
09-26 17:51:55.817  3571  4844 I OMXClient: MuxOMX ctor
09-26 17:51:55.817  3571  4844 E ACodec  : Unable to instantiate a decoder for type 'audio/vorbis' with err 0xfffffffe.
09-26 17:51:55.817  3571  4844 E ACodec  : signalError(omxError 0xfffffffe, internalError -2)
09-26 17:51:55.817  3571  4844 E MediaCodec: Codec reported err 0xfffffffe, actionCode 0, while in state 1
09-26 17:51:55.818  3571  4841 E SoundPool: Unable to load sample
09-26 17:51:55.965  3199  3199 I MediaPlayerService: MediaPlayerService::getOMX
09-26 17:51:55.966  3571  4848 I OMXClient: MuxOMX ctor
09-26 17:51:55.966  3571  4848 E ACodec  : Unable to instantiate a decoder for type 'audio/vorbis' with err 0xfffffffe.
09-26 17:51:55.966  3571  4848 E ACodec  : signalError(omxError 0xfffffffe, internalError -2)
09-26 17:51:55.966  3571  4848 E MediaCodec: Codec reported err 0xfffffffe, actionCode 0, while in state 1
09-26 17:51:55.966  3571  4846 E SoundPool: Unable to load sample
09-26 17:51:55.966  3571  3659 W AudioService: onLoadSoundEffects(), Error -2147483648 while loading samples
09-26 17:51:55.969  3199  3247 I MediaPlayerService: MediaPlayerService::getOMX
09-26 17:51:55.970  3571  4849 I OMXClient: MuxOMX ctor
09-26 17:51:55.970  3571  4849 E ACodec  : Unable to instantiate a decoder for type 'audio/vorbis' with err 0xfffffffe.
09-26 17:51:55.970  3571  4849 E ACodec  : signalError(omxError 0xfffffffe, internalError -2)
09-26 17:51:55.970  3571  4849 E MediaCodec: Codec reported err 0xfffffffe, actionCode 0, while in state 1
09-26 17:51:55.970  3571  4846 E SoundPool: Unable to load sample
09-26 17:51:56.211  3571  3584 D libgps  : SendGpsExtensionMessage: Waiting for IPC connection - timeout
09-26 17:51:56.211  3571  3584 E libgps  : LIBGPS: Cannot communicate (write) with a GPSD
09-26 17:51:56.211  3571  3584 E libgps  : IPC Communication Error, ../../../../tmp/15194007_282637/allPartners/os/android/gps_interface/gpsi_client/GpsiClient.cpp:631 SendGpsExtensionMessage
09-26 17:51:56.212  3571  3584 I GnssLocationProvider: WakeLock released by handleMessage(12, 0, null)
09-26 17:51:56.698  3199  3801 I MediaPlayerService: MediaPlayerService::getOMX
09-26 17:51:56.699  3571  4854 I OMXClient: MuxOMX ctor
09-26 17:51:56.699  3571  4854 E ACodec  : Unable to instantiate a decoder for type 'audio/vorbis' with err 0xfffffffe.
09-26 17:51:56.699  3571  4854 E ACodec  : signalError(omxError 0xfffffffe, internalError -2)
09-26 17:51:56.699  3571  4854 E MediaCodec: Codec reported err 0xfffffffe, actionCode 0, while in state 1
09-26 17:51:56.699  3571  4852 E SoundPool: Unable to load sample
09-26 17:51:56.699  3571  3659 W AudioService: onLoadSoundEffects(), Error -2147483648 while loading samples
09-26 17:51:56.703  3199  3803 I MediaPlayerService: MediaPlayerService::getOMX
09-26 17:51:56.703  3571  4855 I OMXClient: MuxOMX ctor
09-26 17:51:56.703  3571  4855 E ACodec  : Unable to instantiate a decoder for type 'audio/vorbis' with err 0xfffffffe.
09-26 17:51:56.703  3571  4855 E ACodec  : signalError(omxError 0xfffffffe, internalError -2)
09-26 17:51:56.703  3571  4855 E MediaCodec: Codec reported err 0xfffffffe, actionCode 0, while in state 1
09-26 17:51:56.703  3571  4852 E SoundPool: Unable to load sample
09-26 17:51:56.750  3718  3718 I SlideTouchEvent: vel=78.41928, MinimumFlingVelocity=175
09-26 17:51:56.759  3860  4772 D Index   : Indexing locale 'es_ES' took 3 millis
09-26 17:51:56.766  3571  4271 I ProcessStatsService: Added stats: 2017-09-26-17-47-08, over +4m12s113ms
09-26 17:51:56.766  3860  3860 D DashboardSummary: onConditionsChanged
09-26 17:51:56.766  3860  3895 D mali_winsys: EGLint new_window_surface(egl_winsys_display*, void*, EGLSurface, EGLConfig, egl_winsys_surface**, egl_color_buffer_format*, EGLBoolean) returns 0x3000,  [1440x2960]-format:1
09-26 17:51:56.771  3860  4769 W ProcStatsManager: No process com.android.providers.calendar/10004 for service com.android.providers.calendar.EmptyService
09-26 17:51:56.771  3860  4769 W ProcStatsManager: No process com.android.providers.calendar/10004 for service com.android.providers.calendar.CalendarProviderIntentService
09-26 17:51:56.771  3860  4769 W ProcStatsManager: No process com.android.messaging/10061 for service com.android.messaging.datamodel.action.BackgroundWorkerService
09-26 17:51:56.771  3860  4769 W ProcStatsManager: No process com.android.messaging/10061 for service com.android.messaging.datamodel.action.ActionServiceImpl
09-26 17:51:56.771  3860  4769 W ProcStatsManager: No process com.android.carrierconfig/10005 for service com.android.carrierconfig.DefaultCarrierConfigService
09-26 17:51:56.771  3860  4769 W ProcStatsManager: No process com.cyanogenmod.lockclock/10051 for service com.cyanogenmod.lockclock.ClockWidgetService
09-26 17:51:56.771  3860  4769 W ProcStatsManager: No process com.cyanogenmod.lockclock/10051 for service com.cyanogenmod.lockclock.weather.WeatherUpdateService
09-26 17:51:56.771  3860  4769 W ProcStatsManager: No process com.cyanogenmod.lockclock/10051 for service com.cyanogenmod.lockclock.DeviceStatusService
09-26 17:51:56.771  3860  4769 W ProcStatsManager: No process com.cyanogenmod.lockclock/10051 for service com.cyanogenmod.lockclock.weather.WeatherSourceListenerService
09-26 17:51:56.772  3860  4769 W ProcStatsManager: No process com.android.printspooler/10056 for service com.android.printspooler.model.PrintSpoolerService
09-26 17:51:56.772  3860  4769 W ProcStatsManager: No process com.android.cellbroadcastreceiver/10008 for service com.android.cellbroadcastreceiver.CellBroadcastConfigService
09-26 17:51:56.772  3860  4769 W ProcStatsManager: No process com.android.onetimeinitializer/10018 for service com.android.onetimeinitializer.OneTimeInitializerService
09-26 17:51:56.772  3860  4769 W ProcStatsManager: No process org.cyanogenmod.cmparts/1000 for service org.cyanogenmod.cmparts.cmstats.StatsUploadJobService
09-26 17:51:56.772  3860  4769 W ProcStatsManager: No process org.cyanogenmod.cmparts/1000 for service org.cyanogenmod.cmparts.cmstats.ReportingService
09-26 17:51:56.772  3860  4769 W ProcStatsManager: No process com.android.keychain/1000 for service com.android.keychain.KeyChainService
09-26 17:51:56.772  3860  4769 W ProcStatsManager: No process com.android.dialer/10017 for service com.android.dialer.calllog.CallLogNotificationsService
09-26 17:51:56.772  3860  4769 W ProcStatsManager: No process com.android.exchange/10046 for service com.android.exchange.service.EasService
09-26 17:51:56.772  3860  4769 W ProcStatsManager: No process com.android.bluetooth/1002 for service com.android.bluetooth.btservice.AdapterService
09-26 17:51:56.780  3860  4772 W TileUtils: Found com.android.settings.Settings$PaymentSettingsActivity for intent Intent { act=com.android.settings.action.SETTINGS pkg=com.android.settings } missing metadata com.android.settings.category
09-26 17:51:56.782  3860  4772 W TileUtils: Found com.android.systemui.tuner.TunerActivity for intent Intent { act=com.android.settings.action.EXTRA_SETTINGS } missing metadata 
09-26 17:51:56.811  3860  3895 D OpenGLRenderer: endAllActiveAnimators on 0x7f710e4800 (RippleDrawable) with handle 0x7f6ec765c0
09-26 17:51:56.847  3571  4275 E BatteryStatsService: no controller energy info supplied
09-26 17:51:59.053  3571  3571 W WindowManager: Attempted to remove non-existing token: android.os.Binder@e020cfa
09-26 17:51:59.224  3571  3584 W ResourceType: No known package when getting value for resource number 0x7f020125
09-26 17:51:59.224  3571  3584 W ResourceType: No known package when getting value for resource number 0x7f0c050c
09-26 17:51:59.224  3571  3584 W ResourceType: No known package when getting value for resource number 0x7f020124
09-26 17:51:59.224  3571  3584 W ResourceType: No known package when getting value for resource number 0x7f0c0a9d
09-26 17:51:59.224  3571  3584 W ResourceType: No known package when getting value for resource number 0x7f020123
09-26 17:51:59.224  3571  3584 W ResourceType: No known package when getting value for resource number 0x7f0c0957
09-26 17:51:59.226  3571  3635 I InputReader: Reconfiguring input devices.  changes=0x00000010
09-26 17:51:59.227  4350  4350 I launcher-loader: type=1400 audit(0.0:227): avc: denied { lock } for path="/data/data/com.cyanogenmod.trebuchet/databases/app_icons.db" dev="sda24" ino=2015594 scontext=u:r:platform_app:s0:c512,c768 tcontext=u:object_r:system_data_file:s0:c512,c768 tclass=file permissive=1
09-26 17:51:59.227  4350  4350 W launcher-loader: type=1300 audit(0.0:227): arch=c00000b7 syscall=25 success=yes exit=0 a0=2c a1=6 a2=7f89586348 a3=7f7365ecc0 items=0 ppid=3187 auid=4294967295 uid=10028 gid=10028 euid=10028 suid=10028 fsuid=10028 egid=10028 sgid=10028 fsgid=10028 tty=(none) ses=4294967295 exe="/system/bin/app_process64" subj=u:r:platform_app:s0:c512,c768 key=(null)
09-26 17:51:59.227  3090  3090 W auditd  : type=1327 audit(0.0:227): proctitle="com.cyanogenmod.trebuchet"
09-26 17:51:59.227  3090  3090 W auditd  : type=1320 audit(0.0:227): 
09-26 17:51:59.229  3860  4771 W TileUtils: Found com.android.settings.Settings$PaymentSettingsActivity for intent Intent { act=com.android.settings.action.SETTINGS pkg=com.android.settings } missing metadata com.android.settings.category
09-26 17:51:59.231  4224  4224 D RegisteredNfcFServicesCache: Service unchanged, not updating
09-26 17:51:59.231  3860  4771 W TileUtils: Found com.android.systemui.tuner.TunerActivity for intent Intent { act=com.android.settings.action.EXTRA_SETTINGS } missing metadata 
09-26 17:51:59.231  3571  3584 W Searchables: No global search activity found
09-26 17:51:59.239  3846  3846 D CarrierSvcBindHelper: No carrier app for: 0
09-26 17:51:59.239  3846  3846 D CarrierSvcBindHelper: No carrier app for: 1
09-26 17:51:59.930  3571  3585 I ActivityManager: Waited long enough for: ServiceRecord{7cd4f87 u0 com.cyanogenmod.lockclock/.weather.WeatherSourceListenerService}
09-26 17:51:59.931  3571  3585 I ActivityManager: Waited long enough for: ServiceRecord{a102eb4 u0 com.cyanogenmod.lockclock/.DeviceStatusService}
