09-16 11:59:44.565  3263  3263 D installd: Detected label change from u:object_r:system_data_file:s0 to u:object_r:app_data_file:s0:c512,c768 at /data/data/com.svox.pico; running recursive restorecon
09-16 11:59:44.566  3263  3263 D installd: Detected label change from u:object_r:system_data_file:s0 to u:object_r:app_data_file:s0:c512,c768 at /data/user_de/0/com.svox.pico; running recursive restorecon
09-16 11:59:44.567  3263  3263 D installd: Detected label change from u:object_r:system_data_file:s0 to u:object_r:app_data_file:s0:c512,c768 at /data/data/org.lineageos.jelly; running recursive restorecon
09-16 11:59:44.568  3263  3263 D installd: Detected label change from u:object_r:system_data_file:s0 to u:object_r:app_data_file:s0:c512,c768 at /data/user_de/0/org.lineageos.jelly; running recursive restorecon
09-16 11:59:44.570  3263  3263 D installd: Detected label change from u:object_r:system_data_file:s0 to u:object_r:app_data_file:s0:c512,c768 at /data/data/com.android.proxyhandler; running recursive restorecon
09-16 11:59:44.570  3263  3263 D installd: Detected label change from u:object_r:system_data_file:s0 to u:object_r:app_data_file:s0:c512,c768 at /data/user_de/0/com.android.proxyhandler; running recursive restorecon
09-16 11:59:44.572  3263  3263 D installd: Detected label change from u:object_r:system_data_file:s0 to u:object_r:app_data_file:s0:c512,c768 at /data/data/com.android.inputmethod.latin; running recursive restorecon
09-16 11:59:44.573  3263  3263 D installd: Detected label change from u:object_r:system_data_file:s0 to u:object_r:app_data_file:s0:c512,c768 at /data/user_de/0/com.android.inputmethod.latin; running recursive restorecon
09-16 11:59:44.575  3263  3263 D installd: Detected label change from u:object_r:system_data_file:s0 to u:object_r:app_data_file:s0:c512,c768 at /data/data/com.android.managedprovisioning; running recursive restorecon
09-16 11:59:44.575  3263  3263 D installd: Detected label change from u:object_r:system_data_file:s0 to u:object_r:app_data_file:s0:c512,c768 at /data/user_de/0/com.android.managedprovisioning; running recursive restorecon
09-16 11:59:44.577  3263  3263 D installd: Detected label change from u:object_r:system_data_file:s0 to u:object_r:app_data_file:s0:c512,c768 at /data/data/com.android.dreams.phototable; running recursive restorecon
09-16 11:59:44.578  3263  3263 D installd: Detected label change from u:object_r:system_data_file:s0 to u:object_r:app_data_file:s0:c512,c768 at /data/user_de/0/com.android.dreams.phototable; running recursive restorecon
09-16 11:59:44.580  3263  3263 D installd: Detected label change from u:object_r:system_data_file:s0 to u:object_r:app_data_file:s0:c512,c768 at /data/data/com.android.smspush; running recursive restorecon
09-16 11:59:44.581  3263  3263 D installd: Detected label change from u:object_r:system_data_file:s0 to u:object_r:app_data_file:s0:c512,c768 at /data/user_de/0/com.android.smspush; running recursive restorecon
09-16 11:59:44.583  3263  3263 D installd: Detected label change from u:object_r:system_data_file:s0 to u:object_r:app_data_file:s0:c512,c768 at /data/data/com.android.wallpaper.livepicker; running recursive restorecon
09-16 11:59:44.583  3263  3263 D installd: Detected label change from u:object_r:system_data_file:s0 to u:object_r:app_data_file:s0:c512,c768 at /data/user_de/0/com.android.wallpaper.livepicker; running recursive restorecon
09-16 11:59:44.585  3263  3263 D installd: Detected label change from u:object_r:system_data_file:s0 to u:object_r:app_data_file:s0:c512,c768 at /data/data/com.android.apps.tag; running recursive restorecon
09-16 11:59:44.586  3263  3263 D installd: Detected label change from u:object_r:system_data_file:s0 to u:object_r:app_data_file:s0:c512,c768 at /data/user_de/0/com.android.apps.tag; running recursive restorecon
09-16 11:59:44.588  3263  3263 D installd: Detected label change from u:object_r:system_data_file:s0 to u:object_r:app_data_file:s0:c512,c768 at /data/data/com.android.storagemanager; running recursive restorecon
09-16 11:59:44.588  3263  3263 D installd: Detected label change from u:object_r:system_data_file:s0 to u:object_r:app_data_file:s0:c512,c768 at /data/user_de/0/com.android.storagemanager; running recursive restorecon
09-16 11:59:44.590  3263  3263 D installd: Detected label change from u:object_r:system_data_file:s0 to u:object_r:app_data_file:s0:c512,c768 at /data/data/com.android.bookmarkprovider; running recursive restorecon
09-16 11:59:44.591  3263  3263 D installd: Detected label change from u:object_r:system_data_file:s0 to u:object_r:app_data_file:s0:c512,c768 at /data/user_de/0/com.android.bookmarkprovider; running recursive restorecon
09-16 11:59:44.592  3263  3263 D installd: Detected label change from u:object_r:system_data_file:s0 to u:object_r:system_app_data_file:s0 at /data/data/com.android.settings; running recursive restorecon
09-16 11:59:44.593  3263  3263 D installd: Detected label change from u:object_r:system_data_file:s0 to u:object_r:system_app_data_file:s0 at /data/user_de/0/com.android.settings; running recursive restorecon
09-16 11:59:44.595  3263  3263 D installd: Detected label change from u:object_r:system_data_file:s0 to u:object_r:app_data_file:s0:c512,c768 at /data/data/com.cyanogenmod.eleven; running recursive restorecon
09-16 11:59:44.596  3263  3263 D installd: Detected label change from u:object_r:system_data_file:s0 to u:object_r:app_data_file:s0:c512,c768 at /data/user_de/0/com.cyanogenmod.eleven; running recursive restorecon
09-16 11:59:44.598  3263  3263 D installd: Detected label change from u:object_r:system_data_file:s0 to u:object_r:app_data_file:s0:c512,c768 at /data/data/com.android.calculator2; running recursive restorecon
09-16 11:59:44.599  3263  3263 D installd: Detected label change from u:object_r:system_data_file:s0 to u:object_r:app_data_file:s0:c512,c768 at /data/user_de/0/com.android.calculator2; running recursive restorecon
09-16 11:59:44.600  3263  3263 D installd: Detected label change from u:object_r:system_data_file:s0 to u:object_r:app_data_file:s0:c512,c768 at /data/data/org.lineageos.updater; running recursive restorecon
09-16 11:59:44.601  3263  3263 D installd: Detected label change from u:object_r:system_data_file:s0 to u:object_r:app_data_file:s0:c512,c768 at /data/user_de/0/org.lineageos.updater; running recursive restorecon
09-16 11:59:44.603  3263  3263 D installd: Detected label change from u:object_r:system_data_file:s0 to u:object_r:app_data_file:s0:c512,c768 at /data/data/com.android.cts.ctsshim; running recursive restorecon
09-16 11:59:44.604  3263  3263 D installd: Detected label change from u:object_r:system_data_file:s0 to u:object_r:app_data_file:s0:c512,c768 at /data/user_de/0/com.android.cts.ctsshim; running recursive restorecon
09-16 11:59:44.605  3263  3263 D installd: Detected label change from u:object_r:system_data_file:s0 to u:object_r:app_data_file:s0:c512,c768 at /data/data/com.android.vpndialogs; running recursive restorecon
09-16 11:59:44.606  3263  3263 D installd: Detected label change from u:object_r:system_data_file:s0 to u:object_r:app_data_file:s0:c512,c768 at /data/user_de/0/com.android.vpndialogs; running recursive restorecon
09-16 11:59:44.608  3263  3263 D installd: Detected label change from u:object_r:system_data_file:s0 to u:object_r:app_data_file:s0:c512,c768 at /data/data/com.android.email; running recursive restorecon
09-16 11:59:44.609  3263  3263 D installd: Detected label change from u:object_r:system_data_file:s0 to u:object_r:app_data_file:s0:c512,c768 at /data/user_de/0/com.android.email; running recursive restorecon
09-16 11:59:44.611  3263  3263 D installd: Detected label change from u:object_r:system_data_file:s0 to u:object_r:radio_data_file:s0 at /data/data/com.android.phone; running recursive restorecon
09-16 11:59:44.611  3263  3263 D installd: Detected label change from u:object_r:system_data_file:s0 to u:object_r:radio_data_file:s0 at /data/user_de/0/com.android.phone; running recursive restorecon
09-16 11:59:44.613  3263  3263 D installd: Detected label change from u:object_r:system_data_file:s0 to u:object_r:shell_data_file:s0 at /data/data/com.android.shell; running recursive restorecon
09-16 11:59:44.614  3263  3263 D installd: Detected label change from u:object_r:system_data_file:s0 to u:object_r:shell_data_file:s0 at /data/user_de/0/com.android.shell; running recursive restorecon
09-16 11:59:44.616  3263  3263 D installd: Detected label change from u:object_r:system_data_file:s0 to u:object_r:system_app_data_file:s0 at /data/data/com.android.wallpaperbackup; running recursive restorecon
09-16 11:59:44.616  3263  3263 D installd: Detected label change from u:object_r:system_data_file:s0 to u:object_r:system_app_data_file:s0 at /data/user_de/0/com.android.wallpaperbackup; running recursive restorecon
09-16 11:59:44.618  3263  3263 D installd: Detected label change from u:object_r:system_data_file:s0 to u:object_r:app_data_file:s0:c512,c768 at /data/data/com.android.providers.blockednumber; running recursive restorecon
09-16 11:59:44.619  3263  3263 D installd: Detected label change from u:object_r:system_data_file:s0 to u:object_r:app_data_file:s0:c512,c768 at /data/user_de/0/com.android.providers.blockednumber; running recursive restorecon
09-16 11:59:44.621  3263  3263 D installd: Detected label change from u:object_r:system_data_file:s0 to u:object_r:app_data_file:s0:c512,c768 at /data/data/com.android.providers.userdictionary; running recursive restorecon
09-16 11:59:44.621  3263  3263 D installd: Detected label change from u:object_r:system_data_file:s0 to u:object_r:app_data_file:s0:c512,c768 at /data/user_de/0/com.android.providers.userdictionary; running recursive restorecon
09-16 11:59:44.623  3263  3263 D installd: Detected label change from u:object_r:system_data_file:s0 to u:object_r:app_data_file:s0:c512,c768 at /data/data/com.android.emergency; running recursive restorecon
09-16 11:59:44.624  3263  3263 D installd: Detected label change from u:object_r:system_data_file:s0 to u:object_r:app_data_file:s0:c512,c768 at /data/user_de/0/com.android.emergency; running recursive restorecon
09-16 11:59:44.626  3263  3263 D installd: Detected label change from u:object_r:system_data_file:s0 to u:object_r:system_app_data_file:s0 at /data/data/com.android.location.fused; running recursive restorecon
09-16 11:59:44.626  3263  3263 D installd: Detected label change from u:object_r:system_data_file:s0 to u:object_r:system_app_data_file:s0 at /data/user_de/0/com.android.location.fused; running recursive restorecon
09-16 11:59:44.628  3263  3263 D installd: Detected label change from u:object_r:system_data_file:s0 to u:object_r:app_data_file:s0:c512,c768 at /data/data/com.android.deskclock; running recursive restorecon
09-16 11:59:44.629  3263  3263 D installd: Detected label change from u:object_r:system_data_file:s0 to u:object_r:app_data_file:s0:c512,c768 at /data/user_de/0/com.android.deskclock; running recursive restorecon
09-16 11:59:44.631  3263  3263 D installd: Detected label change from u:object_r:system_data_file:s0 to u:object_r:app_data_file:s0:c512,c768 at /data/data/com.android.systemui; running recursive restorecon
09-16 11:59:44.631  3263  3263 D installd: Detected label change from u:object_r:system_data_file:s0 to u:object_r:app_data_file:s0:c512,c768 at /data/user_de/0/com.android.systemui; running recursive restorecon
09-16 11:59:44.633  3263  3263 D installd: Detected label change from u:object_r:system_data_file:s0 to u:object_r:app_data_file:s0:c512,c768 at /data/data/com.android.exchange; running recursive restorecon
09-16 11:59:44.634  3263  3263 D installd: Detected label change from u:object_r:system_data_file:s0 to u:object_r:app_data_file:s0:c512,c768 at /data/user_de/0/com.android.exchange; running recursive restorecon
09-16 11:59:44.635  3263  3263 D installd: Detected label change from u:object_r:system_data_file:s0 to u:object_r:app_data_file:s0:c512,c768 at /data/data/com.android.bluetoothmidiservice; running recursive restorecon
09-16 11:59:44.636  3263  3263 D installd: Detected label change from u:object_r:system_data_file:s0 to u:object_r:app_data_file:s0:c512,c768 at /data/user_de/0/com.android.bluetoothmidiservice; running recursive restorecon
09-16 11:59:44.638  3263  3263 D installd: Detected label change from u:object_r:system_data_file:s0 to u:object_r:bluetooth_data_file:s0 at /data/data/com.android.bluetooth; running recursive restorecon
09-16 11:59:44.638  3263  3263 D installd: Detected label change from u:object_r:system_data_file:s0 to u:object_r:bluetooth_data_file:s0 at /data/user_de/0/com.android.bluetooth; running recursive restorecon
09-16 11:59:44.641  3263  3263 D installd: Detected label change from u:object_r:system_data_file:s0 to u:object_r:system_app_data_file:s0 at /data/data/com.android.development; running recursive restorecon
09-16 11:59:44.641  3263  3263 D installd: Detected label change from u:object_r:system_data_file:s0 to u:object_r:system_app_data_file:s0 at /data/user_de/0/com.android.development; running recursive restorecon
09-16 11:59:44.643  3263  3263 D installd: Detected label change from u:object_r:system_data_file:s0 to u:object_r:app_data_file:s0:c512,c768 at /data/data/com.android.wallpaperpicker; running recursive restorecon
09-16 11:59:44.644  3263  3263 D installd: Detected label change from u:object_r:system_data_file:s0 to u:object_r:app_data_file:s0:c512,c768 at /data/user_de/0/com.android.wallpaperpicker; running recursive restorecon
09-16 11:59:44.646  3263  3263 D installd: Detected label change from u:object_r:system_data_file:s0 to u:object_r:app_data_file:s0:c512,c768 at /data/data/com.android.providers.contacts; running recursive restorecon
09-16 11:59:44.646  3263  3263 D installd: Detected label change from u:object_r:system_data_file:s0 to u:object_r:app_data_file:s0:c512,c768 at /data/user_de/0/com.android.providers.contacts; running recursive restorecon
09-16 11:59:44.648  3263  3263 D installd: Detected label change from u:object_r:system_data_file:s0 to u:object_r:app_data_file:s0:c512,c768 at /data/data/org.cyanogenmod.weatherservice; running recursive restorecon
09-16 11:59:44.649  3263  3263 D installd: Detected label change from u:object_r:system_data_file:s0 to u:object_r:app_data_file:s0:c512,c768 at /data/user_de/0/org.cyanogenmod.weatherservice; running recursive restorecon
09-16 11:59:44.651  3263  3263 D installd: Detected label change from u:object_r:system_data_file:s0 to u:object_r:app_data_file:s0:c512,c768 at /data/data/com.android.captiveportallogin; running recursive restorecon
09-16 11:59:44.651  3263  3263 D installd: Detected label change from u:object_r:system_data_file:s0 to u:object_r:app_data_file:s0:c512,c768 at /data/user_de/0/com.android.captiveportallogin; running recursive restorecon
09-16 11:59:44.653  3263  3263 D installd: Detected label change from u:object_r:system_data_file:s0 to u:object_r:app_data_file:s0:c512,c768 at /data/data/org.cyanogenmod.weather.provider; running recursive restorecon
09-16 11:59:44.654  3263  3263 D installd: Detected label change from u:object_r:system_data_file:s0 to u:object_r:app_data_file:s0:c512,c768 at /data/user_de/0/org.cyanogenmod.weather.provider; running recursive restorecon
09-16 11:59:44.655  3692  3692 V PackageManager: reconcileAppsData finished 93 packages
09-16 11:59:44.655  3692  3692 V PackageManager: Disabling com.google.android.gsf/com.google.android.gsf.update.SystemUpdateActivity
09-16 11:59:44.656  3692  3692 W PackageManager: Unable to disable com.google.android.gsf/com.google.android.gsf.update.SystemUpdateActivity
09-16 11:59:44.656  3692  3692 V PackageManager: Disabling com.google.android.gsf/com.google.android.gsf.update.SystemUpdateService$Receiver
09-16 11:59:44.656  3692  3692 W PackageManager: Unable to disable com.google.android.gsf/com.google.android.gsf.update.SystemUpdateService$Receiver
09-16 11:59:44.656  3692  3692 V PackageManager: Disabling com.google.android.gsf/com.google.android.gsf.update.SystemUpdateService$SecretCodeReceiver
09-16 11:59:44.656  3692  3692 W PackageManager: Unable to disable com.google.android.gsf/com.google.android.gsf.update.SystemUpdateService$SecretCodeReceiver
09-16 11:59:44.656  3692  3692 V PackageManager: Disabling com.google.android.gsf/com.google.android.gsf.update.SystemUpdateServiceReceiver
09-16 11:59:44.656  3692  3692 W PackageManager: Unable to disable com.google.android.gsf/com.google.android.gsf.update.SystemUpdateServiceReceiver
09-16 11:59:44.656  3692  3692 V PackageManager: Disabling com.google.android.gms/com.google.android.gms.update.SystemUpdateActivity
09-16 11:59:44.656  3692  3692 W PackageManager: Unable to disable com.google.android.gms/com.google.android.gms.update.SystemUpdateActivity
09-16 11:59:44.657  3692  3692 V PackageManager: Disabling com.google.android.gms/com.google.android.gms.update.SystemUpdateService$Receiver
09-16 11:59:44.657  3692  3692 W PackageManager: Unable to disable com.google.android.gms/com.google.android.gms.update.SystemUpdateService$Receiver
09-16 11:59:44.657  3692  3692 V PackageManager: Disabling com.google.android.gms/com.google.android.gms.update.SystemUpdateService$ActiveReceiver
09-16 11:59:44.657  3692  3692 W PackageManager: Unable to disable com.google.android.gms/com.google.android.gms.update.SystemUpdateService$ActiveReceiver
09-16 11:59:44.657  3692  3692 V PackageManager: Disabling com.google.android.gms/com.google.android.gms.update.SystemUpdateService$SecretCodeReceiver
09-16 11:59:44.657  3692  3692 W PackageManager: Unable to disable com.google.android.gms/com.google.android.gms.update.SystemUpdateService$SecretCodeReceiver
09-16 11:59:44.657  3692  3692 V PackageManager: Disabling com.google.android.gms/com.google.android.gms.update.SystemUpdateServiceReceiver
09-16 11:59:44.657  3692  3692 W PackageManager: Unable to disable com.google.android.gms/com.google.android.gms.update.SystemUpdateServiceReceiver
09-16 11:59:44.657  3692  3692 V PackageManager: Enabling com.google.android.gsf/com.google.android.gsf.update.SystemUpdateService
09-16 11:59:44.658  3692  3692 W PackageManager: Unable to enable com.google.android.gsf/com.google.android.gsf.update.SystemUpdateService
09-16 11:59:44.658  3692  3692 V PackageManager: Enabling com.google.android.gms/com.google.android.gms.update.SystemUpdateService
09-16 11:59:44.658  3692  3692 W PackageManager: Unable to enable com.google.android.gms/com.google.android.gms.update.SystemUpdateService
09-16 11:59:44.973  3692  3692 I PackageManager.DexOptimizer: Running dexopt (dex2oat) on: /system/priv-app/TelephonyProvider/TelephonyProvider.apk pkg=com.android.providers.telephony isa=arm64 vmSafeMode=false debuggable=false target-filter=speed oatDir = null sharedLibraries=null
09-16 11:59:44.988  3970  3970 I dex2oat : /system/bin/dex2oat --compiler-filter=speed
09-16 11:59:45.215  3970  3970 I dex2oat : dex2oat took 226.583ms (threads: 8) arena alloc=6MB (6877864B) java alloc=369KB (378096B) native alloc=2MB (2101856B) free=10MB (11005344B)
09-16 11:59:45.218  3692  3692 I PackageManager.DexOptimizer: Running dexopt (dex2oat) on: /system/priv-app/MmsService/MmsService.apk pkg=com.android.mms.service isa=arm64 vmSafeMode=false debuggable=false target-filter=speed oatDir = null sharedLibraries=null
09-16 11:59:45.234  3979  3979 I dex2oat : /system/bin/dex2oat --compiler-filter=speed
09-16 11:59:45.338  3979  3979 I dex2oat : dex2oat took 104.711ms (threads: 8) arena alloc=2MB (2306280B) java alloc=274KB (280640B) native alloc=1619KB (1658240B) free=4MB (4633216B)
09-16 11:59:45.341  3692  3692 I PackageManager.DexOptimizer: Running dexopt (dex2oat) on: /system/priv-app/DefaultContainerService/DefaultContainerService.apk pkg=com.android.defcontainer isa=arm64 vmSafeMode=false debuggable=false target-filter=speed oatDir = null sharedLibraries=null
09-16 11:59:45.357  3988  3988 I dex2oat : /system/bin/dex2oat --compiler-filter=speed
09-16 11:59:45.430  3988  3988 I dex2oat : dex2oat took 73.176ms (threads: 8) arena alloc=536KB (549456B) java alloc=108KB (110976B) native alloc=1153KB (1181096B) free=2MB (2488920B)
09-16 11:59:45.433  3692  3692 I PackageManager.DexOptimizer: Running dexopt (dex2oat) on: /system/priv-app/SettingsProvider/SettingsProvider.apk pkg=com.android.providers.settings isa=arm64 vmSafeMode=false debuggable=false target-filter=speed oatDir = null sharedLibraries=null
09-16 11:59:45.448  3997  3997 I dex2oat : /system/bin/dex2oat --compiler-filter=speed
09-16 11:59:45.665  3997  3997 I dex2oat : dex2oat took 216.718ms (threads: 8) arena alloc=6MB (6933832B) java alloc=312KB (319824B) native alloc=1860KB (1904848B) free=10MB (10678064B)
09-16 11:59:45.669  3692  3692 I PackageManager.DexOptimizer: Running dexopt (dex2oat) on: /system/priv-app/InputDevices/InputDevices.apk pkg=com.android.inputdevices isa=arm64 vmSafeMode=false debuggable=false target-filter=speed oatDir = null sharedLibraries=null
09-16 11:59:45.685  4006  4006 I dex2oat : /system/bin/dex2oat --compiler-filter=speed
09-16 11:59:45.750  4006  4006 I dex2oat : dex2oat took 65.465ms (threads: 8) arena alloc=15KB (15632B) java alloc=32KB (33200B) native alloc=867KB (887912B) free=1180KB (1209240B)
09-16 11:59:45.752  3692  3692 I PackageManager.DexOptimizer: Running dexopt (dex2oat) on: /system/app/ExtShared/ExtShared.apk pkg=android.ext.shared isa=arm64 vmSafeMode=false debuggable=false target-filter=speed oatDir = null sharedLibraries=null
09-16 11:59:45.768  4015  4015 I dex2oat : /system/bin/dex2oat --compiler-filter=speed
09-16 11:59:45.830  4015  4015 I dex2oat : dex2oat took 62.196ms (threads: 8) arena alloc=78KB (79992B) java alloc=55KB (57056B) native alloc=894KB (916232B) free=1665KB (1705208B)
09-16 11:59:45.833  3692  3692 I PackageManager.DexOptimizer: Running dexopt (dex2oat) on: /system/priv-app/Telecom/Telecom.apk pkg=com.android.server.telecom isa=arm64 vmSafeMode=false debuggable=false target-filter=speed oatDir = null sharedLibraries=null
09-16 11:59:45.847  4024  4024 I dex2oat : /system/bin/dex2oat --compiler-filter=speed
09-16 11:59:46.250  4024  4024 I dex2oat : dex2oat took 402.695ms (threads: 8) arena alloc=3MB (3336584B) java alloc=1153KB (1181592B) native alloc=4MB (4753352B) free=6MB (7305272B)
09-16 11:59:46.254  3692  3692 I PackageManager.DexOptimizer: Running dexopt (dex2oat) on: /system/priv-app/Dialer/Dialer.apk pkg=com.android.dialer isa=arm64 vmSafeMode=false debuggable=false target-filter=speed oatDir = null sharedLibraries=null
09-16 11:59:46.270  4033  4033 I dex2oat : /system/bin/dex2oat --compiler-filter=speed
09-16 11:59:46.461  4033  4039 W dex2oat : Before Android 4.1, method android.graphics.PorterDuffColorFilter android.support.graphics.drawable.VectorDrawableCompat.updateTintFilter(android.graphics.PorterDuffColorFilter, android.content.res.ColorStateList, android.graphics.PorterDuff$Mode) would have incorrectly overridden the package-private method in android.graphics.drawable.Drawable
09-16 11:59:46.472  4033  4040 W dex2oat : Before Android 4.1, method int android.support.v7.widget.ListViewCompat.lookForSelectablePosition(int, boolean) would have incorrectly overridden the package-private method in android.widget.ListView
09-16 11:59:46.547  4042  4042 F libc    : CANNOT LINK EXECUTABLE "/system/bin/sensorhubservice": library "libsensorhub.so" not found
09-16 11:59:46.547  4042  4042 F libc    : Fatal signal 6 (SIGABRT), code -6 in tid 4042 (sensorhubservic)
09-16 11:59:46.547  3076  3076 W         : debuggerd: handling request: pid=4042 uid=1000 gid=1004 tid=4042
09-16 11:59:46.550  4043  4043 E         : debuggerd: Unable to connect to activity manager (connect failed: No such file or directory)
09-16 11:59:46.600  4043  4043 F DEBUG   : *** *** *** *** *** *** *** *** *** *** *** *** *** *** *** ***
09-16 11:59:46.600  4043  4043 F DEBUG   : LineageOS Version: '14.1-20170916-UNOFFICIAL-dream2lte'
09-16 11:59:46.601  4043  4043 F DEBUG   : Build fingerprint: 'samsung/dream2ltexx/dream2lte:7.0/NRD90M/G955FXXU1AQH3:user/release-keys'
09-16 11:59:46.601  4043  4043 F DEBUG   : Revision: '0'
09-16 11:59:46.601  4043  4043 F DEBUG   : ABI: 'arm64'
09-16 11:59:46.601  4043  4043 F DEBUG   : pid: 4042, tid: 4042, name: sensorhubservic  >>> /system/bin/sensorhubservice <<<
09-16 11:59:46.601  4043  4043 F DEBUG   : signal 6 (SIGABRT), code -6 (SI_TKILL), fault addr --------
09-16 11:59:46.601  4043  4043 F DEBUG   :     x0   0000000000000000  x1   0000000000000fca  x2   0000000000000006  x3   0000000000000008
09-16 11:59:46.601  4043  4043 F DEBUG   :     x4   0000000000000010  x5   0000000000000060  x6   3f0f03003f0f0300  x7   7f7f7f7f7f7f7f7f
09-16 11:59:46.601  4043  4043 F DEBUG   :     x8   0000000000000083  x9   ffffffffffffffdf  x10  0000000000000000  x11  0000000000000001
09-16 11:59:46.601  4043  4043 F DEBUG   :     x12  ffffffffffffffff  x13  0000000000000000  x14  0000000000000000  x15  0020a3c250d66efe
09-16 11:59:46.601  4043  4043 F DEBUG   :     x16  0000007fd3e16270  x17  0000007fd3e1613f  x18  00000000ffffffff  x19  0000007f8bb24b40
09-16 11:59:46.601  4043  4043 F DEBUG   :     x20  0000000000000006  x21  0000007f8bb24a98  x22  0000000000000002  x23  0000007f8ba5c010
09-16 11:59:46.601  4043  4043 F DEBUG   :     x24  0000000000000009  x25  0000007fd3e16ed0  x26  0000007fd3e16f20  x27  0000007f8ba611b8
09-16 11:59:46.601  4043  4043 F DEBUG   :     x28  0000007f8ba61010  x29  0000007fd3e16d40  x30  0000007f8bae4334
09-16 11:59:46.601  4043  4043 F DEBUG   :     sp   0000007fd3e16d20  pc   0000007f8bae4e64  pstate 0000000060000000
09-16 11:59:46.603  4043  4043 F DEBUG   : 
09-16 11:59:46.603  4043  4043 F DEBUG   : backtrace:
09-16 11:59:46.603  4043  4043 F DEBUG   :     #00 pc 0000000000075e64  /system/bin/linker64 (__dl_tgkill+8)
09-16 11:59:46.603  4043  4043 F DEBUG   :     #01 pc 0000000000075330  /system/bin/linker64 (__dl_pthread_kill+64)
09-16 11:59:46.604  4043  4043 F DEBUG   :     #02 pc 0000000000068e24  /system/bin/linker64 (__dl_raise+24)
09-16 11:59:46.604  4043  4043 F DEBUG   :     #03 pc 00000000000667f8  /system/bin/linker64 (__dl_abort+52)
09-16 11:59:46.604  4043  4043 F DEBUG   :     #04 pc 00000000000689ac  /system/bin/linker64 (__dl___libc_fatal+104)
09-16 11:59:46.604  4043  4043 F DEBUG   :     #05 pc 0000000000010e3c  /system/bin/linker64 (__dl__ZL29__linker_init_post_relocationR19KernelArgumentBlocky+6216)
09-16 11:59:46.604  4043  4043 F DEBUG   :     #06 pc 000000000000f554  /system/bin/linker64 (__dl___linker_init+528)
09-16 11:59:46.604  4043  4043 F DEBUG   :     #07 pc 0000000000006cd0  /system/bin/linker64 (_start+4)
09-16 11:59:46.611  4042  4042 W sensorhubservic: type=1701 audit(0.0:120): auid=4294967295 uid=1000 gid=1004 ses=4294967295 subj=u:r:sensorhubservice:s0 exe="/system/bin/sensorhubservice" sig=6
09-16 11:59:46.620  3076  3076 W         : debuggerd: resuming target 4042
09-16 11:59:46.620  3076  3076 E         : debuggerd: failed to send signal 18 to target: No such process
09-16 11:59:47.818  4033  4033 I dex2oat : dex2oat took 1.548s (threads: 8) arena alloc=4MB (4869904B) java alloc=6MB (6335840B) native alloc=16MB (17190768B) free=8MB (8499344B)
09-16 11:59:47.824  3692  3692 I PackageManager.DexOptimizer: Running dexopt (dex2oat) on: /system/priv-app/ExtServices/ExtServices.apk pkg=android.ext.services isa=arm64 vmSafeMode=false debuggable=false target-filter=speed oatDir = null sharedLibraries=null
09-16 11:59:47.840  4049  4049 I dex2oat : /system/bin/dex2oat --compiler-filter=speed
09-16 11:59:47.916  4049  4049 I dex2oat : dex2oat took 76.018ms (threads: 8) arena alloc=337KB (345992B) java alloc=103KB (106272B) native alloc=1129KB (1156408B) free=2MB (3037896B)
09-16 11:59:47.919  3692  3692 I PackageManager.DexOptimizer: Running dexopt (dex2oat) on: /system/priv-app/CMSettingsProvider/CMSettingsProvider.apk pkg=org.cyanogenmod.cmsettings isa=arm64 vmSafeMode=false debuggable=false target-filter=speed oatDir = null sharedLibraries=null
09-16 11:59:47.935  4058  4058 I dex2oat : /system/bin/dex2oat --compiler-filter=speed
09-16 11:59:48.043  4058  4058 I dex2oat : dex2oat took 108.423ms (threads: 8) arena alloc=2MB (2511096B) java alloc=238KB (244632B) native alloc=1713KB (1755048B) free=4MB (5060696B)
09-16 11:59:48.046  3692  3692 I PackageManager.DexOptimizer: Running dexopt (dex2oat) on: /system/priv-app/PackageInstaller/PackageInstaller.apk pkg=com.android.packageinstaller isa=arm64 vmSafeMode=false debuggable=false target-filter=speed oatDir = null sharedLibraries=null
09-16 11:59:48.062  4067  4067 I dex2oat : /system/bin/dex2oat --compiler-filter=speed
09-16 11:59:48.159  4067  4071 W dex2oat : Before Android 4.1, method android.graphics.PorterDuffColorFilter android.support.graphics.drawable.VectorDrawableCompat.updateTintFilter(android.graphics.PorterDuffColorFilter, android.content.res.ColorStateList, android.graphics.PorterDuff$Mode) would have incorrectly overridden the package-private method in android.graphics.drawable.Drawable
09-16 11:59:48.176  4067  4074 W dex2oat : Before Android 4.1, method int android.support.v7.widget.ListViewCompat.lookForSelectablePosition(int, boolean) would have incorrectly overridden the package-private method in android.widget.ListView
09-16 11:59:48.807  4067  4067 I dex2oat : dex2oat took 745.252ms (threads: 8) arena alloc=4MB (4464320B) java alloc=3MB (4132112B) native alloc=7MB (7838672B) free=7MB (7889968B)
09-16 11:59:48.812  3692  3692 I PackageManager.DexOptimizer: Running dexopt (dex2oat) on: /system/priv-app/ProxyHandler/ProxyHandler.apk pkg=com.android.proxyhandler isa=arm64 vmSafeMode=false debuggable=false target-filter=speed oatDir = null sharedLibraries=null
09-16 11:59:48.827  4077  4077 I dex2oat : /system/bin/dex2oat --compiler-filter=speed
09-16 11:59:48.906  4077  4077 I dex2oat : dex2oat took 78.790ms (threads: 8) arena alloc=1271KB (1301752B) java alloc=119KB (122304B) native alloc=1138KB (1165744B) free=3MB (3552848B)
09-16 11:59:48.909  3692  3692 I PackageManager.DexOptimizer: Running dexopt (dex2oat) on: /system/app/LatinIME/LatinIME.apk pkg=com.android.inputmethod.latin isa=arm64 vmSafeMode=false debuggable=false target-filter=speed oatDir = null sharedLibraries=null
09-16 11:59:48.925  4086  4086 I dex2oat : /system/bin/dex2oat --compiler-filter=speed
09-16 11:59:49.420  4086  4086 I dex2oat : dex2oat took 495.633ms (threads: 8) arena alloc=4MB (4335024B) java alloc=1804KB (1847632B) native alloc=4MB (5096816B) free=7MB (8010384B)
09-16 11:59:49.425  3692  3692 I PackageManager.DexOptimizer: Running dexopt (dex2oat) on: /system/priv-app/Settings/Settings.apk pkg=com.android.settings isa=arm64 vmSafeMode=false debuggable=false target-filter=speed oatDir = null sharedLibraries=null
09-16 11:59:49.441  4095  4095 I dex2oat : /system/bin/dex2oat --compiler-filter=speed
09-16 11:59:49.621  4095  4098 W dex2oat : Before Android 4.1, method android.graphics.PorterDuffColorFilter android.support.graphics.drawable.VectorDrawableCompat.updateTintFilter(android.graphics.PorterDuffColorFilter, android.content.res.ColorStateList, android.graphics.PorterDuff$Mode) would have incorrectly overridden the package-private method in android.graphics.drawable.Drawable
09-16 11:59:49.632  4095  4095 W dex2oat : Before Android 4.1, method int android.support.v7.widget.ListViewCompat.lookForSelectablePosition(int, boolean) would have incorrectly overridden the package-private method in android.widget.ListView
09-16 11:59:50.991  4095  4095 I dex2oat : dex2oat took 1.550s (threads: 8) arena alloc=5MB (5720856B) java alloc=9MB (10012912B) native alloc=17MB (18042504B) free=8MB (8696184B)
09-16 11:59:50.998  3692  3692 I PackageManager.DexOptimizer: Running dexopt (dex2oat) on: /system/priv-app/TeleService/TeleService.apk pkg=com.android.phone isa=arm64 vmSafeMode=false debuggable=false target-filter=speed oatDir = null sharedLibraries=null
09-16 11:59:51.014  4104  4104 I dex2oat : /system/bin/dex2oat --compiler-filter=speed
09-16 11:59:51.609  4113  4113 F libc    : CANNOT LINK EXECUTABLE "/system/bin/sensorhubservice": library "libsensorhub.so" not found
09-16 11:59:51.609  4113  4113 F libc    : Fatal signal 6 (SIGABRT), code -6 in tid 4113 (sensorhubservic)
09-16 11:59:51.610  3076  3076 W         : debuggerd: handling request: pid=4113 uid=1000 gid=1004 tid=4113
09-16 11:59:51.614  4114  4114 E         : debuggerd: Unable to connect to activity manager (connect failed: No such file or directory)
09-16 11:59:51.616  4114  4114 F DEBUG   : *** *** *** *** *** *** *** *** *** *** *** *** *** *** *** ***
09-16 11:59:51.616  4114  4114 F DEBUG   : LineageOS Version: '14.1-20170916-UNOFFICIAL-dream2lte'
09-16 11:59:51.616  4114  4114 F DEBUG   : Build fingerprint: 'samsung/dream2ltexx/dream2lte:7.0/NRD90M/G955FXXU1AQH3:user/release-keys'
09-16 11:59:51.617  4114  4114 F DEBUG   : Revision: '0'
09-16 11:59:51.617  4114  4114 F DEBUG   : ABI: 'arm64'
09-16 11:59:51.617  4114  4114 F DEBUG   : pid: 4113, tid: 4113, name: sensorhubservic  >>> /system/bin/sensorhubservice <<<
09-16 11:59:51.617  4114  4114 F DEBUG   : signal 6 (SIGABRT), code -6 (SI_TKILL), fault addr --------
09-16 11:59:51.617  4114  4114 F DEBUG   :     x0   0000000000000000  x1   0000000000001011  x2   0000000000000006  x3   0000000000000008
09-16 11:59:51.617  4114  4114 F DEBUG   :     x4   0000000000000010  x5   0000000000000060  x6   3f0f03003f0f0300  x7   7f7f7f7f7f7f7f7f
09-16 11:59:51.617  4114  4114 F DEBUG   :     x8   0000000000000083  x9   ffffffffffffffdf  x10  0000000000000000  x11  0000000000000001
09-16 11:59:51.617  4114  4114 F DEBUG   :     x12  ffffffffffffffff  x13  0000000000000000  x14  0000000000000000  x15  00244d000badd02c
09-16 11:59:51.617  4114  4114 F DEBUG   :     x16  0000007ffa8d0790  x17  0000007ffa8d065f  x18  00000000ffffffff  x19  0000007f80c12b40
09-16 11:59:51.618  4114  4114 F DEBUG   :     x20  0000000000000006  x21  0000007f80c12a98  x22  0000000000000002  x23  0000007f80b4a010
09-16 11:59:51.618  4114  4114 F DEBUG   :     x24  0000000000000009  x25  0000007ffa8d13f0  x26  0000007ffa8d1440  x27  0000007f80b4f1b8
09-16 11:59:51.618  4114  4114 F DEBUG   :     x28  0000007f80b4f010  x29  0000007ffa8d1260  x30  0000007f80bd2334
09-16 11:59:51.618  4114  4114 F DEBUG   :     sp   0000007ffa8d1240  pc   0000007f80bd2e64  pstate 0000000060000000
09-16 11:59:51.621  4114  4114 F DEBUG   : 
09-16 11:59:51.621  4114  4114 F DEBUG   : backtrace:
09-16 11:59:51.621  4114  4114 F DEBUG   :     #00 pc 0000000000075e64  /system/bin/linker64 (__dl_tgkill+8)
09-16 11:59:51.621  4114  4114 F DEBUG   :     #01 pc 0000000000075330  /system/bin/linker64 (__dl_pthread_kill+64)
09-16 11:59:51.621  4114  4114 F DEBUG   :     #02 pc 0000000000068e24  /system/bin/linker64 (__dl_raise+24)
09-16 11:59:51.621  4114  4114 F DEBUG   :     #03 pc 00000000000667f8  /system/bin/linker64 (__dl_abort+52)
09-16 11:59:51.621  4114  4114 F DEBUG   :     #04 pc 00000000000689ac  /system/bin/linker64 (__dl___libc_fatal+104)
09-16 11:59:51.621  4114  4114 F DEBUG   :     #05 pc 0000000000010e3c  /system/bin/linker64 (__dl__ZL29__linker_init_post_relocationR19KernelArgumentBlocky+6216)
09-16 11:59:51.621  4114  4114 F DEBUG   :     #06 pc 000000000000f554  /system/bin/linker64 (__dl___linker_init+528)
09-16 11:59:51.621  4114  4114 F DEBUG   :     #07 pc 0000000000006cd0  /system/bin/linker64 (_start+4)
09-16 11:59:51.631  4113  4113 W sensorhubservic: type=1701 audit(0.0:121): auid=4294967295 uid=1000 gid=1004 ses=4294967295 subj=u:r:sensorhubservice:s0 exe="/system/bin/sensorhubservice" sig=6
09-16 11:59:51.638  3076  3076 W         : debuggerd: resuming target 4113
09-16 11:59:51.638  3076  3076 E         : debuggerd: failed to send signal 18 to target: No such process
09-16 11:59:51.788  4104  4104 I dex2oat : dex2oat took 775.032ms (threads: 8) arena alloc=8MB (8476536B) java alloc=2MB (2726976B) native alloc=8MB (8887240B) free=11MB (12084280B)
09-16 11:59:51.793  3692  3692 I PackageManager.DexOptimizer: Running dexopt (dex2oat) on: /system/priv-app/Shell/Shell.apk pkg=com.android.shell isa=arm64 vmSafeMode=false debuggable=false target-filter=speed oatDir = null sharedLibraries=null
09-16 11:59:51.809  4119  4119 I dex2oat : /system/bin/dex2oat --compiler-filter=speed
09-16 11:59:51.966  4119  4119 I dex2oat : dex2oat took 157.500ms (threads: 8) arena alloc=2MB (2329072B) java alloc=333KB (341584B) native alloc=1751KB (1793312B) free=4MB (5022432B)
09-16 11:59:51.970  3692  3692 I PackageManager.DexOptimizer: Running dexopt (dex2oat) on: /system/priv-app/FusedLocation/FusedLocation.apk pkg=com.android.location.fused isa=arm64 vmSafeMode=false debuggable=false target-filter=speed oatDir = null sharedLibraries=/system/framework/com.android.location.provider.jar
09-16 11:59:51.986  4128  4128 I dex2oat : /system/bin/dex2oat --compiler-filter=speed
09-16 11:59:52.060  4128  4128 I dex2oat : dex2oat took 74.977ms (threads: 8) arena alloc=446KB (456944B) java alloc=143KB (146944B) native alloc=1303KB (1334704B) free=3MB (3383888B)
09-16 11:59:52.064  3692  3692 I PackageManager.DexOptimizer: Running dexopt (dex2oat) on: /system/priv-app/SystemUI/SystemUI.apk pkg=com.android.systemui isa=arm64 vmSafeMode=false debuggable=false target-filter=speed oatDir = null sharedLibraries=null
09-16 11:59:52.079  4137  4137 I dex2oat : /system/bin/dex2oat --compiler-filter=speed
09-16 11:59:52.279  4137  4139 W dex2oat : Before Android 4.1, method android.graphics.PorterDuffColorFilter android.support.graphics.drawable.VectorDrawableCompat.updateTintFilter(android.graphics.PorterDuffColorFilter, android.content.res.ColorStateList, android.graphics.PorterDuff$Mode) would have incorrectly overridden the package-private method in android.graphics.drawable.Drawable
09-16 11:59:52.295  4137  4142 W dex2oat : Before Android 4.1, method int android.support.v7.widget.ListViewCompat.lookForSelectablePosition(int, boolean) would have incorrectly overridden the package-private method in android.widget.ListView
09-16 11:59:53.791  4137  4137 I dex2oat : dex2oat took 1.711s (threads: 8) arena alloc=3MB (3603528B) java alloc=10MB (10611264B) native alloc=18MB (19032760B) free=6MB (6657352B)
09-16 11:59:53.798  3692  3692 I PackageManager.DexOptimizer: Running dexopt (dex2oat) on: /system/priv-app/WeatherManagerService/WeatherManagerService.apk pkg=org.cyanogenmod.weatherservice isa=arm64 vmSafeMode=false debuggable=false target-filter=speed oatDir = null sharedLibraries=null
09-16 11:59:53.814  4146  4146 I dex2oat : /system/bin/dex2oat --compiler-filter=speed
09-16 11:59:53.949  4146  4146 I dex2oat : dex2oat took 135.930ms (threads: 8) arena alloc=1957KB (2004328B) java alloc=408KB (418400B) native alloc=1577KB (1614864B) free=4MB (5200880B)
09-16 11:59:53.953  3692  3692 E PackageManager: There should probably be a verifier, but, none were found
09-16 11:59:53.956  3692  3692 D PackageManager: Ephemeral resolver NOT found; no matching intent filters
09-16 11:59:53.956  3692  3692 I PackageManager: Ephemeral deactivated; missing resolver and installer
09-16 11:59:53.957  3692  3692 I art     : Starting a blocking GC Explicit
09-16 11:59:53.978  3692  3692 I art     : Explicit concurrent mark sweep GC freed 53283(3MB) AllocSpace objects, 44(2MB) LOS objects, 33% free, 9MB/13MB, paused 158us total 21.642ms
09-16 11:59:53.980  3692  3692 I SystemServer: StartOtaDexOptService
09-16 11:59:53.982  3692  3692 I SystemServer: StartUserManagerService
09-16 11:59:53.982  3692  3692 I SystemServiceManager: Starting com.android.server.pm.UserManagerService$LifeCycle
09-16 11:59:53.994  3224  3224 I lowmemorykiller: ActivityManager connected
09-16 11:59:53.995  3692  3692 I SystemServiceManager: Starting com.android.server.BatteryService
09-16 11:59:53.995  3692  4156 D SensorService: nuSensorService starting...
09-16 11:59:53.998  3692  4156 W MultiHal: No multihal config file found at /system/etc/sensors/hals.conf
09-16 11:59:53.998  3692  4156 I SensorService: Generated new HMAC key.
09-16 11:59:53.999  3692  3692 I SystemServiceManager: Starting com.android.server.usage.UsageStatsService
09-16 11:59:54.014  3692  3692 I SystemServiceManager: Starting com.android.server.webkit.WebViewUpdateService
09-16 11:59:54.017  3692  3692 I SystemServer: Reading configuration...
09-16 11:59:54.017  3692  3692 I SystemServer: StartSchedulingPolicyService
09-16 11:59:54.018  3692  3692 I SystemServiceManager: Starting com.android.server.telecom.TelecomLoaderService
09-16 11:59:54.018  3692  3692 I SystemServer: StartTelephonyRegistry
09-16 11:59:54.021  3692  3692 I SystemServer: StartEntropyMixer
09-16 11:59:54.022  3692  3692 W EntropyMixer: No existing entropy file -- first boot?
09-16 11:59:54.042  3692  3692 I EntropyMixer: Added HW RNG output to entropy pool
09-16 11:59:54.042  3692  3692 I EntropyMixer: Writing entropy...
09-16 11:59:54.064  3692  3692 I SystemServer: Camera Service
09-16 11:59:54.064  3692  3692 I SystemServiceManager: Starting com.android.server.camera.CameraService
09-16 11:59:54.066  3692  4157 I ServiceThread: Enabled StrictMode logging for CameraService_proxy looper.
09-16 11:59:54.067  3692  3692 I SystemServer: StartAccountManagerService
09-16 11:59:54.067  3692  3692 I SystemServiceManager: Starting com.android.server.accounts.AccountManagerService$Lifecycle
09-16 11:59:54.073  3692  3692 I SystemServer: StartContentService
09-16 11:59:54.074  3692  3692 I SystemServiceManager: Starting com.android.server.content.ContentService$Lifecycle
09-16 11:59:54.075  3692  3692 I SystemServer: InstallSystemProviders
09-16 11:59:54.078  3692  3692 W System  : ClassLoader referenced unknown path: /system/priv-app/CMSettingsProvider/lib/arm64
09-16 11:59:54.131  3692  3692 D ActivityThread: Loading provider settings: com.android.providers.settings.SettingsProvider
09-16 11:59:54.133  3692  3692 W System  : ClassLoader referenced unknown path: /system/priv-app/SettingsProvider/lib/arm64
09-16 11:59:54.134  3692  3692 D ApplicationLoaders: ignored Vulkan layer search path /system/priv-app/SettingsProvider/lib/arm64:/system/priv-app/SettingsProvider/SettingsProvider.apk!/lib/arm64-v8a:/system/lib64:/vendor/lib64 for namespace 0x7f892f9160
09-16 11:59:54.229  3692  3692 I SettingsState: No settings state /data/system/users/0/settings_system.xml
09-16 11:59:54.245  3692  3692 I SettingsState: No settings state /data/system/users/0/settings_secure.xml
09-16 11:59:54.249  3692  3692 D SettingsProvider: Generated and saved new ANDROID_ID [e4a548d99978f6e9] for user 0
09-16 11:59:54.263  3692  3692 I SettingsState: No settings state /data/system/users/0/settings_global.xml
09-16 11:59:54.319  3692  3692 I SystemServer: StartVibratorService
09-16 11:59:54.323  3692  3692 I SystemServer: StartConsumerIrService
09-16 11:59:54.323  3692  3692 E ConsumerIrService: Can't open consumer IR HW Module, error: -2
09-16 11:59:54.324  3692  3692 I SystemServer: StartAlarmManagerService
09-16 11:59:54.324  3692  3692 I SystemServiceManager: Starting com.android.server.AlarmManagerService
09-16 11:59:54.329  3692  3692 I SystemServer: InitWatchdog
09-16 11:59:54.330  3692  3692 I SystemServer: StartInputManagerService
09-16 11:59:54.330  3692  3692 I InputManager: Initializing input manager, mUseDevInputEventForAudioJack=false
09-16 11:59:54.331  3692  3692 I SystemServer: StartWindowManagerService
09-16 11:59:54.340  3692  3809 I WindowManager: No existing display settings /data/system/display_settings.xml; starting empty
09-16 11:59:54.351  3692  3801 I CameraManagerGlobal: Connecting to camera service
09-16 11:59:54.353  3254  3254 E CameraService: getCameraVendorTagDescriptor: camera hardware module doesn't exist
09-16 11:59:54.430  3692  3692 I SystemServer: StartVrManagerService
09-16 11:59:54.430  3692  3692 I SystemServiceManager: Starting com.android.server.vr.VrManagerService
09-16 11:59:54.430  3692  3692 W VrManagerService: init_native: Could not open VR hardware module, error No such file or directory (-2).
09-16 11:59:54.433  3692  3692 I InputManager: Starting input manager
09-16 11:59:54.434  3692  4164 D EventHub: No input device configuration file found for device 'certify_hall'.
09-16 11:59:54.438  3692  3692 I SystemServiceManager: Starting com.android.server.BluetoothService
09-16 11:59:54.440  3692  3692 D BluetoothManagerService: Loading stored name and address
09-16 11:59:54.441  3692  3692 D BluetoothManagerService: Stored bluetooth Name=null,Address=null
09-16 11:59:54.441  3692  3692 D BluetoothManagerService: Bluetooth persisted state: 0
09-16 11:59:54.441  3692  3692 I SystemServer: ConnectivityMetricsLoggerService
09-16 11:59:54.441  3692  3692 I SystemServiceManager: Starting com.android.server.connectivity.MetricsLoggerService
09-16 11:59:54.441  3692  3692 I SystemServer: IpConnectivityMetrics
09-16 11:59:54.442  3692  3692 I SystemServiceManager: Starting com.android.server.connectivity.IpConnectivityMetrics
09-16 11:59:54.442  3692  3692 I SystemServer: PinnerService
09-16 11:59:54.442  3692  3692 I SystemServiceManager: Starting com.android.server.PinnerService
09-16 11:59:54.443  3692  3692 I SystemServiceManager: Starting com.android.server.InputMethodManagerService$Lifecycle
09-16 11:59:54.468  3692  4164 D EventHub: No input device configuration file found for device 'Headset'.
09-16 11:59:54.470  3692  4164 W EventHub: Unable to disable kernel key repeat for /dev/input/event15: Function not implemented
09-16 11:59:54.470  3692  4164 I EventHub: New device: id=2, fd=96, path='/dev/input/event15', name='Headset', classes=0x1, configuration='', keyLayout='/system/usr/keylayout/Generic.kl', keyCharacterMap='/system/usr/keychars/Generic.kcm', builtinKeyboard=false, wakeMechanism=EPOLLWAKEUP, usingClockIoctl=true
09-16 11:59:54.470  3692  4164 D EventHub: No input device configuration file found for device 'gpio_keys'.
09-16 11:59:54.471  3692  4164 W EventHub: Unable to disable kernel key repeat for /dev/input/event16: Function not implemented
09-16 11:59:54.471  3692  4164 I EventHub: New device: id=3, fd=98, path='/dev/input/event16', name='gpio_keys', classes=0x1, configuration='', keyLayout='/system/usr/keylayout/Generic.kl', keyCharacterMap='/system/usr/keychars/Generic.kcm', builtinKeyboard=false, wakeMechanism=EPOLLWAKEUP, usingClockIoctl=true
09-16 11:59:54.471  3692  4164 E EventHub: could not get driver version for /dev/input/mouse1, Not a typewriter
09-16 11:59:54.496  3692  4164 D EventHub: No input device configuration file found for device 'sec_touchpad'.
09-16 11:59:54.497  3692  4164 W EventHub: Unable to disable kernel key repeat for /dev/input/event1: Function not implemented
09-16 11:59:54.497  3692  4164 I EventHub: New device: id=4, fd=100, path='/dev/input/event1', name='sec_touchpad', classes=0x15, configuration='', keyLayout='/system/usr/keylayout/Generic.kl', keyCharacterMap='/system/usr/keychars/Generic.kcm', builtinKeyboard=false, wakeMechanism=EPOLLWAKEUP, usingClockIoctl=true
09-16 11:59:54.497  3692  4164 E EventHub: could not get driver version for /dev/input/mouse0, Not a typewriter
09-16 11:59:54.555  3692  4164 W EventHub: Unable to disable kernel key repeat for /dev/input/event0: Function not implemented
09-16 11:59:54.555  3692  4164 I EventHub: New device: id=5, fd=101, path='/dev/input/event0', name='sec_touchscreen', classes=0x15, configuration='/system/usr/idc/sec_touchscreen.idc', keyLayout='/system/usr/keylayout/Generic.kl', keyCharacterMap='/system/usr/keychars/Generic.kcm', builtinKeyboard=false, wakeMechanism=EPOLLWAKEUP, usingClockIoctl=true
09-16 11:59:54.555  3692  4164 D EventHub: No input device configuration file found for device 'hall'.
09-16 11:59:54.596  3692  4164 D EventHub: No input device configuration file found for device 'ssp_context'.
09-16 11:59:54.628  3692  4164 D EventHub: No input device configuration file found for device 'meta_event'.
09-16 11:59:54.660  3692  4164 D EventHub: No input device configuration file found for device 'interrupt_gyro_sensor'.
09-16 11:59:54.692  3692  4164 D EventHub: No input device configuration file found for device 'step_cnt_sensor'.
09-16 11:59:54.732  3692  4164 D EventHub: No input device configuration file found for device 'sig_motion_sensor'.
09-16 11:59:54.780  3692  4164 D EventHub: No input device configuration file found for device 'gesture_sensor'.
09-16 11:59:54.795  3692  3692 W System  : ClassLoader referenced unknown path: 
09-16 11:59:54.797  3692  3692 D ApplicationLoaders: ignored Vulkan layer search path /system/app/LatinIME/lib/arm64:/system/fake-libs64:/system/app/LatinIME/LatinIME.apk!/lib/arm64-v8a:/system/lib64:/vendor/lib64 for namespace 0x7f892f91d0
09-16 11:59:54.812  3692  4164 D EventHub: No input device configuration file found for device 'temp_humidity_sensor'.
09-16 11:59:54.856  3692  4164 D EventHub: No input device configuration file found for device 'proximity_alert_sensor'.
09-16 11:59:54.900  3692  4164 D EventHub: No input device configuration file found for device 'proximity_sensor'.
09-16 11:59:54.911  3692  3692 W InputMethodManagerService: No IME selected. Choose the most applicable IME.
09-16 11:59:54.917  3692  3692 I InputMethodManagerService: Default found, using com.android.inputmethod.latin/.LatinIME
09-16 11:59:54.918  3692  3692 I SystemServer: StartAccessibilityManagerService
09-16 11:59:54.927  3692  3692 I ActivityManager: Config changes=1df8 {1.0 ?mcc?mnc [en_US] ldltr sw411dp w411dp h845dp 560dpi nrml long port ?uimode ?night -touch -keyb/h/h -nav/h s.2}
09-16 11:59:54.929  3692  3799 I UsageStatsDatabase: Upgrading from version 0 to 3
09-16 11:59:54.929  3692  3799 I UsageStatsDatabase: Deleting all usage stats files
09-16 11:59:54.933  3692  3799 I UsageStatsService: User[0] Rollover scheduled @ 2017-09-17 11:59:54(1505649594927)
