09-04 16:21:12.260  4087  4087 E audio_route: Control 'ASRC1IN2L Input' doesn't exist - skipping
09-04 16:21:12.260  4087  4087 E audio_route: Control 'DSP4 Firmware' doesn't exist - skipping
09-04 16:21:12.261  4087  4087 E audio_route: Control 'DSP4 Aux 1' doesn't exist - skipping
09-04 16:21:12.261  4087  4087 E audio_route: Control 'DSP4 Aux 2' doesn't exist - skipping
09-04 16:21:12.261  4087  4087 E audio_route: Control 'ISRC2INT1 Input' doesn't exist - skipping
09-04 16:21:12.261  4087  4087 E audio_route: Control 'HP Switch' doesn't exist - skipping
09-04 16:21:12.261  4087  4087 E audio_route: Control 'ISRC2DEC1 Input' doesn't exist - skipping
09-04 16:21:12.261  4087  4087 E audio_route: Control 'ISRC2DEC2 Input' doesn't exist - skipping
09-04 16:21:12.261  4087  4087 E audio_route: Control 'ISRC2DEC3 Input' doesn't exist - skipping
09-04 16:21:12.261  4087  4087 E audio_route: Control 'ISRC2DEC4 Input' doesn't exist - skipping
09-04 16:21:12.261  4087  4087 E audio_route: Control 'ASRC1IN2L Input' doesn't exist - skipping
09-04 16:21:12.261  4087  4087 E audio_route: Control 'ASRC1IN2R Input' doesn't exist - skipping
09-04 16:21:12.261  4087  4087 E audio_route: Control 'DSP4 Rate' doesn't exist - skipping
09-04 16:21:12.261  4087  4087 E audio_route: Control 'ASRC1IN2L Input' doesn't exist - skipping
09-04 16:21:12.261  4087  4087 E audio_route: Control 'DSP4 Firmware' doesn't exist - skipping
09-04 16:21:12.261  4087  4087 E audio_route: Control 'DSP4 Aux 1' doesn't exist - skipping
09-04 16:21:12.261  4087  4087 E audio_route: Control 'DSP4 Aux 2' doesn't exist - skipping
09-04 16:21:12.261  4087  4087 E audio_route: Control 'DSP4 Aux 3' doesn't exist - skipping
09-04 16:21:12.261  4087  4087 E audio_route: Control 'ISRC2INT1 Input' doesn't exist - skipping
09-04 16:21:12.261  4087  4087 E audio_route: Control 'RCV Switch' doesn't exist - skipping
09-04 16:21:12.261  4087  4087 E audio_route: Control 'DSP4 Rate' doesn't exist - skipping
09-04 16:21:12.261  4087  4087 E audio_route: Control 'DSP5 Rate' doesn't exist - skipping
09-04 16:21:12.261  4087  4087 E audio_route: Control 'ASRC1IN2L Input' doesn't exist - skipping
09-04 16:21:12.261  4087  4087 E audio_route: Control 'DSP4 Firmware' doesn't exist - skipping
09-04 16:21:12.261  4087  4087 E audio_route: Control 'DSP4 Aux 1' doesn't exist - skipping
09-04 16:21:12.261  4087  4087 E audio_route: Control 'DSP4 Aux 2' doesn't exist - skipping
09-04 16:21:12.261  4087  4087 E audio_route: Control 'DSP4 Aux 3' doesn't exist - skipping
09-04 16:21:12.261  4087  4087 E audio_route: Control 'ISRC2INT1 Input' doesn't exist - skipping
09-04 16:21:12.262  4087  4087 E audio_route: Control 'ASRC2IN1L Input' doesn't exist - skipping
09-04 16:21:12.262  4087  4087 E audio_route: Control 'ASRC2IN1R Input' doesn't exist - skipping
09-04 16:21:12.262  4087  4087 E audio_route: Control 'DSP5L Input 1' doesn't exist - skipping
09-04 16:21:12.262  4087  4087 E audio_route: Control 'DSP5L Input 2' doesn't exist - skipping
09-04 16:21:12.262  4087  4087 E audio_route: Control 'AIF4TX1 Input 1' doesn't exist - skipping
09-04 16:21:12.262  4087  4087 E audio_route: Control 'AIF4TX2 Input 1' doesn't exist - skipping
09-04 16:21:12.262  4087  4087 E audio_route: Control 'DSP5 Aux 2' doesn't exist - skipping
09-04 16:21:12.262  4087  4087 E audio_route: Control 'DSP5 Aux 3' doesn't exist - skipping
09-04 16:21:12.262  4087  4087 E audio_route: Control 'VI SENSING Switch' doesn't exist - skipping
09-04 16:21:12.262  4087  4087 E audio_route: Control 'SPK Switch' doesn't exist - skipping
09-04 16:21:12.262  4087  4087 E audio_route: Control 'ISRC2DEC1 Input' doesn't exist - skipping
09-04 16:21:12.262  4087  4087 E audio_route: Control 'ISRC2DEC2 Input' doesn't exist - skipping
09-04 16:21:12.262  4087  4087 E audio_route: Control 'ISRC2DEC3 Input' doesn't exist - skipping
09-04 16:21:12.262  4087  4087 E audio_route: Control 'ISRC2DEC4 Input' doesn't exist - skipping
09-04 16:21:12.262  4087  4087 E audio_route: Control 'ASRC1IN2L Input' doesn't exist - skipping
09-04 16:21:12.262  4087  4087 E audio_route: Control 'ASRC1IN2R Input' doesn't exist - skipping
09-04 16:21:12.262  4087  4087 E audio_route: Control 'Main Mic Switch' doesn't exist - skipping
09-04 16:21:12.262  4087  4087 E audio_route: Control 'Sub Mic Switch' doesn't exist - skipping
09-04 16:21:12.262  4087  4087 E audio_route: Control 'ISRC2INT1 Input' doesn't exist - skipping
09-04 16:21:12.262  4087  4087 E audio_route: Control 'ISRC2INT2 Input' doesn't exist - skipping
09-04 16:21:12.262  4087  4087 E audio_route: Control 'Headset Mic Switch' doesn't exist - skipping
09-04 16:21:12.262  4087  4087 E audio_route: Control 'Main Mic Switch' doesn't exist - skipping
09-04 16:21:12.262  4087  4087 E audio_route: Control 'Sub Mic Switch' doesn't exist - skipping
09-04 16:21:12.262  4087  4087 E audio_route: Control 'ISRC3 FSL' doesn't exist - skipping
09-04 16:21:12.262  4087  4087 E audio_route: Control 'ISRC3 FSH' doesn't exist - skipping
09-04 16:21:12.262  4087  4087 E audio_route: Control 'ISRC1DEC1 Input' doesn't exist - skipping
09-04 16:21:12.262  4087  4087 E audio_route: Control 'ISRC1DEC2 Input' doesn't exist - skipping
09-04 16:21:12.262  4087  4087 E audio_route: Control 'ISRC2DEC1 Input' doesn't exist - skipping
09-04 16:21:12.262  4087  4087 E audio_route: Control 'ISRC2DEC2 Input' doesn't exist - skipping
09-04 16:21:12.263  4087  4087 E audio_route: Control 'ISRC1DEC4 Input' doesn't exist - skipping
09-04 16:21:12.263  4087  4087 E audio_route: Control 'DSP2 Firmware' doesn't exist - skipping
09-04 16:21:12.263  4087  4087 E audio_route: Control 'DSP3 Firmware' doesn't exist - skipping
09-04 16:21:12.263  4087  4087 E audio_route: Control 'DSP2 Virtual Input' doesn't exist - skipping
09-04 16:21:12.263  4087  4087 E audio_route: Control 'DSP3 Virtual Input' doesn't exist - skipping
09-04 16:21:12.263  4087  4087 E audio_route: Control 'DSP3L Input 1' doesn't exist - skipping
09-04 16:21:12.263  4087  4087 E audio_route: Control 'DSP3R Input 1' doesn't exist - skipping
09-04 16:21:12.263  4087  4087 E audio_route: Control 'DSP3 Aux 1' doesn't exist - skipping
09-04 16:21:12.263  4087  4087 E audio_route: Control 'ISRC3INT1 Input' doesn't exist - skipping
09-04 16:21:12.263  4087  4087 E audio_route: Control 'ASRC1IN1L Input' doesn't exist - skipping
09-04 16:21:12.263  4087  4087 E audio_route: Control 'ASRC1IN1R Input' doesn't exist - skipping
09-04 16:21:12.263  4087  4087 E audio_route: Control 'ISRC1INT1 Input' doesn't exist - skipping
09-04 16:21:12.263  4087  4087 E audio_route: Control 'Headset Mic Switch' doesn't exist - skipping
09-04 16:21:12.263  4087  4087 E audio_route: Control 'Main Mic Switch' doesn't exist - skipping
09-04 16:21:12.263  4087  4087 E audio_route: Control 'Sub Mic Switch' doesn't exist - skipping
09-04 16:21:12.263  4087  4087 E audio_route: Control 'ISRC3 FSL' doesn't exist - skipping
09-04 16:21:12.263  4087  4087 E audio_route: Control 'ISRC3 FSH' doesn't exist - skipping
09-04 16:21:12.263  4087  4087 E audio_route: Control 'ISRC1DEC1 Input' doesn't exist - skipping
09-04 16:21:12.263  4087  4087 E audio_route: Control 'ISRC1DEC2 Input' doesn't exist - skipping
09-04 16:21:12.263  4087  4087 E audio_route: Control 'ISRC2DEC1 Input' doesn't exist - skipping
09-04 16:21:12.263  4087  4087 E audio_route: Control 'ISRC2DEC2 Input' doesn't exist - skipping
09-04 16:21:12.263  4087  4087 E audio_route: Control 'ISRC1DEC4 Input' doesn't exist - skipping
09-04 16:21:12.263  4087  4087 E audio_route: Control 'ASRC2IN2L Input' doesn't exist - skipping
09-04 16:21:12.263  4087  4087 E audio_route: Control 'DSP2 Firmware' doesn't exist - skipping
09-04 16:21:12.263  4087  4087 E audio_route: Control 'DSP3 Firmware' doesn't exist - skipping
09-04 16:21:12.263  4087  4087 E audio_route: Control 'DSP2 Virtual Input' doesn't exist - skipping
09-04 16:21:12.263  4087  4087 E audio_route: Control 'DSP3 Virtual Input' doesn't exist - skipping
09-04 16:21:12.263  4087  4087 E audio_route: Control 'DSP3L Input 1' doesn't exist - skipping
09-04 16:21:12.263  4087  4087 E audio_route: Control 'DSP3R Input 1' doesn't exist - skipping
09-04 16:21:12.263  4087  4087 E audio_route: Control 'DSP3 Aux 1' doesn't exist - skipping
09-04 16:21:12.263  4087  4087 E audio_route: Control 'ISRC3INT1 Input' doesn't exist - skipping
09-04 16:21:12.263  4087  4087 E audio_route: Control 'ASRC1IN1L Input' doesn't exist - skipping
09-04 16:21:12.263  4087  4087 E audio_route: Control 'ASRC1IN1R Input' doesn't exist - skipping
09-04 16:21:12.263  4087  4087 E audio_route: Control 'ISRC1INT1 Input' doesn't exist - skipping
09-04 16:21:12.264  4087  4087 E audio_route: Control 'Headset Mic Switch' doesn't exist - skipping
09-04 16:21:12.264  4087  4087 E audio_route: Control 'ISRC2DEC1 Input' doesn't exist - skipping
09-04 16:21:12.264  4087  4087 E audio_route: Control 'ASRC1IN1L Input' doesn't exist - skipping
09-04 16:21:12.264  4087  4087 E audio_route: Control 'Main Mic Switch' doesn't exist - skipping
09-04 16:21:12.264  4087  4087 E audio_route: Control 'ISRC2DEC1 Input' doesn't exist - skipping
09-04 16:21:12.264  4087  4087 E audio_route: Control 'ASRC1IN1L Input' doesn't exist - skipping
09-04 16:21:12.264  4087  4087 E audio_route: Control 'ISRC2INT1 Input' doesn't exist - skipping
09-04 16:21:12.264  4087  4087 E audio_route: Control 'ISRC2INT2 Input' doesn't exist - skipping
09-04 16:21:12.264  4087  4087 E audio_route: Control 'ASRC1IN1L Input' doesn't exist - skipping
09-04 16:21:12.264  4087  4087 E audio_route: Control 'ASRC1IN1R Input' doesn't exist - skipping
09-04 16:21:12.264  4087  4087 E audio_route: Control 'Headset Mic Switch' doesn't exist - skipping
09-04 16:21:12.264  4087  4087 E audio_route: Control 'Main Mic Switch' doesn't exist - skipping
09-04 16:21:12.264  4087  4087 E audio_route: Control 'Sub Mic Switch' doesn't exist - skipping
09-04 16:21:12.264  4087  4087 E audio_route: Control 'ISRC2DEC1 Input' doesn't exist - skipping
09-04 16:21:12.264  4087  4087 E audio_route: Control 'ISRC2DEC2 Input' doesn't exist - skipping
09-04 16:21:12.264  4087  4087 E audio_route: Control 'ISRC2DEC4 Input' doesn't exist - skipping
09-04 16:21:12.264  4087  4087 E audio_route: Control 'DSP2 Firmware' doesn't exist - skipping
09-04 16:21:12.264  4087  4087 E audio_route: Control 'DSP3 Firmware' doesn't exist - skipping
09-04 16:21:12.264  4087  4087 E audio_route: Control 'DSP2 Virtual Input' doesn't exist - skipping
09-04 16:21:12.264  4087  4087 E audio_route: Control 'DSP3 Virtual Input' doesn't exist - skipping
09-04 16:21:12.264  4087  4087 E audio_route: Control 'DSP3L Input 1' doesn't exist - skipping
09-04 16:21:12.264  4087  4087 E audio_route: Control 'DSP3R Input 1' doesn't exist - skipping
09-04 16:21:12.264  4087  4087 E audio_route: Control 'DSP3 Aux 1' doesn't exist - skipping
09-04 16:21:12.264  4087  4087 E audio_route: Control 'ASRC1IN1L Input' doesn't exist - skipping
09-04 16:21:12.264  4087  4087 E audio_route: Control 'ASRC1IN1R Input' doesn't exist - skipping
09-04 16:21:12.265  4087  4087 E audio_route: Control 'ISRC2INT2 Input' doesn't exist - skipping
09-04 16:21:12.265  4087  4087 E audio_route: Control 'Headset Mic Switch' doesn't exist - skipping
09-04 16:21:12.265  4087  4087 E audio_route: Control 'Main Mic Switch' doesn't exist - skipping
09-04 16:21:12.265  4087  4087 E audio_route: Control 'Sub Mic Switch' doesn't exist - skipping
09-04 16:21:12.265  4087  4087 E audio_route: Control 'ISRC2DEC1 Input' doesn't exist - skipping
09-04 16:21:12.265  4087  4087 E audio_route: Control 'ISRC2DEC2 Input' doesn't exist - skipping
09-04 16:21:12.265  4087  4087 E audio_route: Control 'ISRC2DEC4 Input' doesn't exist - skipping
09-04 16:21:12.265  4087  4087 E audio_route: Control 'ASRC2IN2L Input' doesn't exist - skipping
09-04 16:21:12.265  4087  4087 E audio_route: Control 'DSP2 Firmware' doesn't exist - skipping
09-04 16:21:12.265  4087  4087 E audio_route: Control 'DSP3 Firmware' doesn't exist - skipping
09-04 16:21:12.265  4087  4087 E audio_route: Control 'DSP2 Virtual Input' doesn't exist - skipping
09-04 16:21:12.265  4087  4087 E audio_route: Control 'DSP3 Virtual Input' doesn't exist - skipping
09-04 16:21:12.265  4087  4087 E audio_route: Control 'DSP3L Input 1' doesn't exist - skipping
09-04 16:21:12.265  4087  4087 E audio_route: Control 'DSP3R Input 1' doesn't exist - skipping
09-04 16:21:12.265  4087  4087 E audio_route: Control 'DSP3 Aux 1' doesn't exist - skipping
09-04 16:21:12.265  4087  4087 E audio_route: Control 'ASRC1IN1L Input' doesn't exist - skipping
09-04 16:21:12.265  4087  4087 E audio_route: Control 'ASRC1IN1R Input' doesn't exist - skipping
09-04 16:21:12.265  4087  4087 E audio_route: Control 'ISRC2INT2 Input' doesn't exist - skipping
09-04 16:21:12.265  4087  4087 E audio_route: Control 'ISRC2INT1 Input' doesn't exist - skipping
09-04 16:21:12.265  4087  4087 E audio_route: Control 'ISRC2INT2 Input' doesn't exist - skipping
09-04 16:21:12.265  4087  4087 E audio_route: Control 'ASRC1IN1L Input' doesn't exist - skipping
09-04 16:21:12.265  4087  4087 E audio_route: Control 'ASRC1IN1R Input' doesn't exist - skipping
09-04 16:21:12.265  4087  4087 E audio_route: Control 'AIF4TX1 Input 1 Volume' doesn't exist - skipping
09-04 16:21:12.265  4087  4087 E audio_route: Control 'AIF4TX2 Input 1 Volume' doesn't exist - skipping
09-04 16:21:12.265  4087  4087 E audio_route: Control 'HPOUT1L Impedance Volume' doesn't exist - skipping
09-04 16:21:12.265  4087  4087 E audio_route: Control 'HPOUT1R Impedance Volume' doesn't exist - skipping
09-04 16:21:12.265  4087  4087 E audio_route: Control 'HPOUT1L Impedance Volume' doesn't exist - skipping
09-04 16:21:12.266  4087  4087 E audio_route: Control 'HPOUT1R Impedance Volume' doesn't exist - skipping
09-04 16:21:12.266  4087  4087 E audio_route: Control 'DSP4 XM f010:0' doesn't exist - skipping
09-04 16:21:12.266  4087  4087 E audio_route: Control 'DSP4 XM f010:1' doesn't exist - skipping
09-04 16:21:12.266  4087  4087 E audio_route: Control 'DSP4 XM f010:0' doesn't exist - skipping
09-04 16:21:12.266  4087  4087 E audio_route: Control 'DSP4 XM f010:1' doesn't exist - skipping
09-04 16:21:12.266  4087  4087 E audio_route: Control 'HPOUT1L Impedance Volume' doesn't exist - skipping
09-04 16:21:12.266  4087  4087 E audio_route: Control 'HPOUT1R Impedance Volume' doesn't exist - skipping
09-04 16:21:12.266  4087  4087 E audio_route: Control 'DSP4 XM f010:0' doesn't exist - skipping
09-04 16:21:12.266  4087  4087 E audio_route: Control 'DSP4 XM f010:1' doesn't exist - skipping
09-04 16:21:12.266  4087  4087 E audio_route: Control 'HPOUT1L Impedance Volume' doesn't exist - skipping
09-04 16:21:12.266  4087  4087 E audio_route: Control 'HPOUT1R Impedance Volume' doesn't exist - skipping
09-04 16:21:12.266  4087  4087 E audio_route: Control 'DSP4 XM f010:0' doesn't exist - skipping
09-04 16:21:12.266  4087  4087 E audio_route: Control 'DSP4 XM f010:1' doesn't exist - skipping
09-04 16:21:12.266  4087  4087 E audio_route: Control 'DSP4 XM f010:0' doesn't exist - skipping
09-04 16:21:12.266  4087  4087 E audio_route: Control 'DSP4 XM f010:1' doesn't exist - skipping
09-04 16:21:12.266  4087  4087 E audio_route: Control 'DSP4 XM f010:0' doesn't exist - skipping
09-04 16:21:12.266  4087  4087 E audio_route: Control 'DSP4 XM f010:1' doesn't exist - skipping
09-04 16:21:12.266  4087  4087 E audio_route: Control 'HPOUT1L Impedance Volume' doesn't exist - skipping
09-04 16:21:12.266  4087  4087 E audio_route: Control 'HPOUT1R Impedance Volume' doesn't exist - skipping
09-04 16:21:12.266  4087  4087 E audio_route: Control 'DSP4 XM f010:0' doesn't exist - skipping
09-04 16:21:12.266  4087  4087 E audio_route: Control 'DSP4 XM f010:1' doesn't exist - skipping
09-04 16:21:12.266  4087  4087 E audio_route: Control 'HPOUT1L Impedance Volume' doesn't exist - skipping
09-04 16:21:12.266  4087  4087 E audio_route: Control 'HPOUT1R Impedance Volume' doesn't exist - skipping
09-04 16:21:12.266  4087  4087 E audio_route: Control 'DSP4 XM f010:0' doesn't exist - skipping
09-04 16:21:12.266  4087  4087 E audio_route: Control 'DSP4 XM f010:1' doesn't exist - skipping
09-04 16:21:12.267  4087  4087 E audio_route: Control 'DSP3 XM f007:0' doesn't exist - skipping
09-04 16:21:12.267  4087  4087 E audio_route: Control 'DSP3 XM f007:1' doesn't exist - skipping
09-04 16:21:12.267  4087  4087 E audio_route: Control 'DSP3 XM f007:0' doesn't exist - skipping
09-04 16:21:12.267  4087  4087 E audio_route: Control 'DSP3 XM f007:1' doesn't exist - skipping
09-04 16:21:12.267  4087  4087 E audio_route: Control 'DSP3 XM f007:0' doesn't exist - skipping
09-04 16:21:12.267  4087  4087 E audio_route: Control 'DSP3 XM f007:1' doesn't exist - skipping
09-04 16:21:12.267  4087  4087 E audio_route: Control 'DSP3 XM f007:0' doesn't exist - skipping
09-04 16:21:12.267  4087  4087 E audio_route: Control 'DSP3 XM f007:1' doesn't exist - skipping
09-04 16:21:12.267  4087  4087 E audio_route: Control 'Headset Mic Switch' doesn't exist - skipping
09-04 16:21:12.267  4087  4087 E audio_route: Control 'Headset Mic Switch' doesn't exist - skipping
09-04 16:21:12.268  4087  4087 V audio_hw_voice: voice_session_init: Forcing voice config: wide
09-04 16:21:12.268  4087  4087 I AudioFlinger: loadHwModule() Loaded primary audio interface from Samsung Audio HAL (audio) handle 10
09-04 16:21:12.268  4087  4087 I AudioFlinger: openOutput(), module 10 Device 2, SamplingRate 48000, Format 0x000001, Channels 3, flags a
09-04 16:21:12.268  4087  4087 I AudioFlinger: HAL output buffer size 480 frames, normal sink buffer size 960 frames
09-04 16:21:12.269  4087  4087 W EffectsFactory: loadLibrary() failed to open /system/vendor/lib/soundfx/libswdap.so
09-04 16:21:12.269  4087  4087 W EffectsFactory: loadLibrary() failed to open /system/vendor/lib/soundfx/libhwdap.so
09-04 16:21:12.269  4087  4087 W EffectsFactory: loadEffect() could not get library proxy
09-04 16:21:12.269  4087  4087 I BufferProvider: found effect "Multichannel Downmix To Stereo" from The Android Open Source Project
09-04 16:21:12.269  4087  4087 I AudioFlinger: Using module 10 has the primary audio interface
09-04 16:21:12.272  4087  4187 I AudioFlinger: AudioFlinger's thread 0xf5f83140 ready to run
09-04 16:21:12.272  4087  4187 W BatteryNotifier: batterystats service unavailable!
09-04 16:21:12.273  4087  4187 W BatteryNotifier: batterystats service unavailable!
09-04 16:21:12.273  4087  4187 W BatteryNotifier: batterystats service unavailable!
09-04 16:21:12.273  4087  4187 W AudioFlinger: no wake lock to update, system not ready yet
09-04 16:21:12.273  4080  4080 W System  : ClassLoader referenced unknown path: /system/framework/tcmclient.jar
09-04 16:21:12.274  4087  4087 I AudioFlinger: openOutput(), module 10 Device 2, SamplingRate 48000, Format 0x000001, Channels 3, flags 4
09-04 16:21:12.274  4087  4087 I AudioFlinger: HAL output buffer size 256 frames, normal sink buffer size 768 frames
09-04 16:21:12.277  4087  4190 I AudioFlinger: AudioFlinger's thread 0xf5b83080 ready to run
09-04 16:21:12.277  4087  4190 W BatteryNotifier: batterystats service unavailable!
09-04 16:21:12.278  4087  4190 W BatteryNotifier: batterystats service unavailable!
09-04 16:21:12.278  4087  4190 W BatteryNotifier: batterystats service unavailable!
09-04 16:21:12.278  4087  4190 W AudioFlinger: no wake lock to update, system not ready yet
09-04 16:21:12.280  4087  4192 I AudioFlinger: AudioFlinger's thread 0xf58834c0 ready to run
09-04 16:21:12.281  4087  4087 I bt_a2dp_hw: adev_open:  adev_open in A2dp_hw module
09-04 16:21:12.281  4087  4087 I AudioFlinger: loadHwModule() Loaded a2dp audio interface from A2DP Audio HW HAL (audio) handle 18
09-04 16:21:12.281  4087  4087 I AudioFlinger: loadHwModule() Loaded usb audio interface from USB audio HW HAL (audio) handle 26
09-04 16:21:12.282  4087  4087 I r_submix: adev_open(name=audio_hw_if)
09-04 16:21:12.282  4087  4087 I r_submix: adev_init_check()
09-04 16:21:12.282  4087  4087 I AudioFlinger: loadHwModule() Loaded r_submix audio interface from Wifi Display audio HAL (audio) handle 34
09-04 16:21:12.282  4087  4087 D r_submix: adev_open_input_stream(addr=0)
09-04 16:21:12.282  4087  4087 D r_submix: submix_audio_device_create_pipe_l(addr=0, idx=9)
09-04 16:21:12.282  4087  4087 D r_submix:   now using address 0 for route 9
09-04 16:21:12.282  4087  4193 I AudioFlinger: AudioFlinger's thread 0xf5803780 ready to run
09-04 16:21:12.282  4087  4087 D r_submix: adev_close_input_stream()
09-04 16:21:12.282  4087  4087 D r_submix: submix_audio_device_release_pipe_l(idx=9) addr=0
09-04 16:21:12.282  4087  4087 D r_submix: submix_audio_device_destroy_pipe_l(): pipe destroyed
09-04 16:21:12.283  4087  4087 I RadioService: RadioService
09-04 16:21:12.283  4087  4087 I RadioService: onFirstRef
09-04 16:21:12.283  4087  4087 E RadioService: couldn't load radio module radio.primary (No such file or directory)
09-04 16:21:12.284  4087  4087 E SoundTriggerHwService: couldn't load sound trigger module sound_trigger.primary (No such file or directory)
09-04 16:21:12.311  4086  4086 I Zygote  : Preloading classes...
09-04 16:21:12.318  4086  4086 W Zygote  : Class not found for preloading: [Landroid.view.Display$ColorTransform;
09-04 16:21:12.552  4080  4080 I System  : Loaded time zone names for "" in 68ms (20ms in ICU)
09-04 16:21:12.613  4080  4080 I System  : Loaded time zone names for "en_US" in 60ms (12ms in ICU)
09-04 16:21:12.621  3166  3166 D wrapperGPS: wrapperConnect_RILD
09-04 16:21:12.663  4086  4086 E Typeface: Error mapping font file /system/fonts/DroidSansFallback.ttf
09-04 16:21:12.701  4089  4089 V NatController: runCmd(/system/bin/iptables -w -F natctrl_FORWARD) res=0
09-04 16:21:12.706  4089  4089 V NatController: runCmd(/system/bin/ip6tables -w -F natctrl_FORWARD) res=0
09-04 16:21:12.710  4089  4089 V NatController: runCmd(/system/bin/iptables -w -A natctrl_FORWARD -j DROP) res=0
09-04 16:21:12.715  4089  4089 V NatController: runCmd(/system/bin/iptables -w -t nat -F natctrl_nat_POSTROUTING) res=0
09-04 16:21:12.719  4089  4089 V NatController: runCmd(/system/bin/ip6tables -w -t raw -F natctrl_raw_PREROUTING) res=0
09-04 16:21:12.724  4089  4089 V NatController: runCmd(/system/bin/iptables -w -F natctrl_tether_counters) res=0
09-04 16:21:12.728  4089  4089 V NatController: runCmd(/system/bin/ip6tables -w -F natctrl_tether_counters) res=0
09-04 16:21:12.733  4089  4089 V NatController: runCmd(/system/bin/iptables -w -X natctrl_tether_counters) res=0
09-04 16:21:12.738  4089  4089 V NatController: runCmd(/system/bin/ip6tables -w -X natctrl_tether_counters) res=0
09-04 16:21:12.743  4089  4089 V NatController: runCmd(/system/bin/iptables -w -N natctrl_tether_counters) res=0
09-04 16:21:12.747  4089  4089 V NatController: runCmd(/system/bin/ip6tables -w -N natctrl_tether_counters) res=0
09-04 16:21:12.752  4089  4089 V NatController: runCmd(/system/bin/iptables -w -t mangle -A natctrl_mangle_FORWARD -p tcp --tcp-flags SYN SYN -j TCPMSS --clamp-mss-to-pmtu) res=0
09-04 16:21:12.809  4089  4089 E Netd    : cannot find interface dummy0
09-04 16:21:12.809  4089  4089 D MDnsDS  : MDnsSdListener::Hander starting up
09-04 16:21:12.809  4089  4317 D MDnsDS  : MDnsSdListener starting to monitor
09-04 16:21:12.810  4089  4317 D MDnsDS  : Going to poll with pollCount 1
09-04 16:21:12.980  4080  4080 I Zygote  : ...preloaded 4158 classes in 2636ms.
09-04 16:21:12.980  4080  4080 I art     : VMRuntime.preloadDexCaches starting
09-04 16:21:13.040  4080  4080 I art     : VMRuntime.preloadDexCaches strings total=288444 before=12011 after=12011
09-04 16:21:13.040  4080  4080 I art     : VMRuntime.preloadDexCaches types total=23810 before=9280 after=11325
09-04 16:21:13.040  4080  4080 I art     : VMRuntime.preloadDexCaches fields total=113941 before=41160 after=54105
09-04 16:21:13.040  4080  4080 I art     : VMRuntime.preloadDexCaches methods total=199717 before=78591 after=96703
09-04 16:21:13.040  4080  4080 I art     : VMRuntime.preloadDexCaches finished
09-04 16:21:13.041  4080  4080 I Zygote  : Preloading resources...
09-04 16:21:13.075  4080  4080 W Resources: Preloaded drawable resource #0x108025c (android:drawable/dialog_background_material) that varies with configuration!!
09-04 16:21:13.082  4080  4080 W Resources: Preloaded color resource #0x10600ea (android:color/material_grey_800) that varies with configuration!!
09-04 16:21:13.083  4080  4080 W Resources: Preloaded drawable resource #0x10802c9 (android:drawable/floating_popup_background_dark) that varies with configuration!!
09-04 16:21:13.216  4080  4080 I Zygote  : ...preloaded 114 resources in 175ms.
09-04 16:21:13.226  4080  4080 W Resources: Preloaded color resource #0x1060114 (android:color/background_cache_hint_selector_material_dark) that varies with configuration!!
09-04 16:21:13.226  4080  4080 W Resources: Preloaded color resource #0x1060119 (android:color/btn_default_material_dark) that varies with configuration!!
09-04 16:21:13.229  4080  4080 I Zygote  : ...preloaded 41 resources in 13ms.
09-04 16:21:13.231  4080  4080 I Zygote  : ...preloaded 2 resource in 3ms.
09-04 16:21:13.232  4080  4080 E libEGL  : load_driver(/vendor/lib/egl/libGLES_mali.so): dlopen failed: library "libacryl.so" not found
09-04 16:21:13.232  4080  4080 F libEGL  : couldn't find an OpenGL ES implementation
09-04 16:21:13.232  4080  4080 F libc    : Fatal signal 6 (SIGABRT), code -6 in tid 4080 (main)
09-04 16:21:13.233  3063  3063 W         : debuggerd: handling request: pid=4080 uid=0 gid=0 tid=4080
09-04 16:21:13.244  4322  4322 E         : debuggerd: Unable to connect to activity manager (connect failed: No such file or directory)
09-04 16:21:13.295  4322  4322 F DEBUG   : *** *** *** *** *** *** *** *** *** *** *** *** *** *** *** ***
09-04 16:21:13.295  4322  4322 F DEBUG   : LineageOS Version: '14.1-20170904-UNOFFICIAL-dream2lte'
09-04 16:21:13.295  4322  4322 F DEBUG   : Build fingerprint: 'samsung/dream2ltexx/dream2lte:7.0/NRD90M/G955FXXU1AQH3:user/release-keys'
09-04 16:21:13.295  4322  4322 F DEBUG   : Revision: '0'
09-04 16:21:13.295  4322  4322 F DEBUG   : ABI: 'arm'
09-04 16:21:13.295  4322  4322 F DEBUG   : pid: 4080, tid: 4080, name: main  >>> zygote <<<
09-04 16:21:13.295  4322  4322 F DEBUG   : signal 6 (SIGABRT), code -6 (SI_TKILL), fault addr --------
09-04 16:21:13.300  4322  4322 F DEBUG   : Abort message: 'couldn't find an OpenGL ES implementation'
09-04 16:21:13.300  4322  4322 F DEBUG   :     r0 00000000  r1 00000ff0  r2 00000006  r3 00000008
09-04 16:21:13.300  4322  4322 F DEBUG   :     r4 f74f858c  r5 00000006  r6 f74f8534  r7 0000010c
09-04 16:21:13.300  4322  4322 F DEBUG   :     r8 ffecd7a8  r9 f4805400  sl ffecd6b0  fp f4805400
09-04 16:21:13.300  4322  4322 F DEBUG   :     ip 00000002  sp ffecd180  lr f5069127  pc f506b984  cpsr 200f0010
09-04 16:21:13.316  4322  4322 F DEBUG   : 
09-04 16:21:13.316  4322  4322 F DEBUG   : backtrace:
09-04 16:21:13.316  4322  4322 F DEBUG   :     #00 pc 0004a984  /system/lib/libc.so (tgkill+12)
09-04 16:21:13.316  4322  4322 F DEBUG   :     #01 pc 00048123  /system/lib/libc.so (pthread_kill+34)
09-04 16:21:13.316  4322  4322 F DEBUG   :     #02 pc 0001d985  /system/lib/libc.so (raise+10)
09-04 16:21:13.316  4322  4322 F DEBUG   :     #03 pc 000194d1  /system/lib/libc.so (__libc_android_abort+34)
09-04 16:21:13.316  4322  4322 F DEBUG   :     #04 pc 00017118  /system/lib/libc.so (abort+4)
09-04 16:21:13.317  4322  4322 F DEBUG   :     #05 pc 0000c3b5  /system/lib/libcutils.so (__android_log_assert+112)
09-04 16:21:13.317  4322  4322 F DEBUG   :     #06 pc 00010327  /system/lib/libEGL.so
09-04 16:21:13.317  4322  4322 F DEBUG   :     #07 pc 0000c507  /system/lib/libEGL.so
09-04 16:21:13.317  4322  4322 F DEBUG   :     #08 pc 0000c71f  /system/lib/libEGL.so (eglGetDisplay+70)
09-04 16:21:13.317  4322  4322 F DEBUG   :     #09 pc 0006ba3f  /system/lib/libandroid_runtime.so
09-04 16:21:13.317  4322  4322 F DEBUG   :     #10 pc 000ae399  /system/lib/libart.so (art_quick_generic_jni_trampoline+40)
09-04 16:21:13.317  4322  4322 F DEBUG   :     #11 pc 000a99c1  /system/lib/libart.so (art_quick_invoke_stub_internal+64)
09-04 16:21:13.317  4322  4322 F DEBUG   :     #12 pc 004053f9  /system/lib/libart.so (art_quick_invoke_static_stub+228)
09-04 16:21:13.317  4322  4322 F DEBUG   :     #13 pc 000b0c7f  /system/lib/libart.so (_ZN3art9ArtMethod6InvokeEPNS_6ThreadEPjjPNS_6JValueEPKc+178)
09-04 16:21:13.317  4322  4322 F DEBUG   :     #14 pc 001ed0d5  /system/lib/libart.so (_ZN3art11interpreter34ArtInterpreterToCompiledCodeBridgeEPNS_6ThreadEPNS_9ArtMethodEPKNS_7DexFile8CodeItemEPNS_11ShadowFrameEPNS_6JValueE+200)
09-04 16:21:13.317  4322  4322 F DEBUG   :     #15 pc 001e7685  /system/lib/libart.so (_ZN3art11interpreter6DoCallILb0ELb0EEEbPNS_9ArtMethodEPNS_6ThreadERNS_11ShadowFrameEPKNS_11InstructionEtPNS_6JValueE+492)
09-04 16:21:13.317  4322  4322 F DEBUG   :     #16 pc 003fdf09  /system/lib/libart.so (MterpInvokeStatic+236)
09-04 16:21:13.317  4322  4322 F DEBUG   :     #17 pc 0009c994  /system/lib/libart.so (ExecuteMterpImpl+14612)
09-04 16:21:13.317  4322  4322 F DEBUG   :     #18 pc 001ca9af  /system/lib/libart.so (_ZN3art11interpreterL7ExecuteEPNS_6ThreadEPKNS_7DexFile8CodeItemERNS_11ShadowFrameENS_6JValueEb+290)
09-04 16:21:13.317  4322  4322 F DEBUG   :     #19 pc 001cf517  /system/lib/libart.so (_ZN3art11interpreter33ArtInterpreterToInterpreterBridgeEPNS_6ThreadEPKNS_7DexFile8CodeItemEPNS_11ShadowFrameEPNS_6JValueE+114)
09-04 16:21:13.317  4322  4322 F DEBUG   :     #20 pc 001e766b  /system/lib/libart.so (_ZN3art11interpreter6DoCallILb0ELb0EEEbPNS_9ArtMethodEPNS_6ThreadERNS_11ShadowFrameEPKNS_11InstructionEtPNS_6JValueE+466)
09-04 16:21:13.317  4322  4322 F DEBUG   :     #21 pc 003fdf09  /system/lib/libart.so (MterpInvokeStatic+236)
09-04 16:21:13.317  4322  4322 F DEBUG   :     #22 pc 0009c994  /system/lib/libart.so (ExecuteMterpImpl+14612)
09-04 16:21:13.317  4322  4322 F DEBUG   :     #23 pc 001ca9af  /system/lib/libart.so (_ZN3art11interpreterL7ExecuteEPNS_6ThreadEPKNS_7DexFile8CodeItemERNS_11ShadowFrameENS_6JValueEb+290)
09-04 16:21:13.317  4322  4322 F DEBUG   :     #24 pc 001cf517  /system/lib/libart.so (_ZN3art11interpreter33ArtInterpreterToInterpreterBridgeEPNS_6ThreadEPKNS_7DexFile8CodeItemEPNS_11ShadowFrameEPNS_6JValueE+114)
09-04 16:21:13.317  4322  4322 F DEBUG   :     #25 pc 001e766b  /system/lib/libart.so (_ZN3art11interpreter6DoCallILb0ELb0EEEbPNS_9ArtMethodEPNS_6ThreadERNS_11ShadowFrameEPKNS_11InstructionEtPNS_6JValueE+466)
09-04 16:21:13.317  4322  4322 F DEBUG   :     #26 pc 003fdf09  /system/lib/libart.so (MterpInvokeStatic+236)
09-04 16:21:13.317  4322  4322 F DEBUG   :     #27 pc 0009c994  /system/lib/libart.so (ExecuteMterpImpl+14612)
09-04 16:21:13.317  4322  4322 F DEBUG   :     #28 pc 001ca9af  /system/lib/libart.so (_ZN3art11interpreterL7ExecuteEPNS_6ThreadEPKNS_7DexFile8CodeItemERNS_11ShadowFrameENS_6JValueEb+290)
09-04 16:21:13.318  4322  4322 F DEBUG   :     #29 pc 001cf481  /system/lib/libart.so (_ZN3art11interpreter30EnterInterpreterFromEntryPointEPNS_6ThreadEPKNS_7DexFile8CodeItemEPNS_11ShadowFrameE+92)
09-04 16:21:13.318  4322  4322 F DEBUG   :     #30 pc 003f47f7  /system/lib/libart.so (artQuickToInterpreterBridge+706)
09-04 16:21:13.318  4322  4322 F DEBUG   :     #31 pc 000ae413  /system/lib/libart.so (art_quick_to_interpreter_bridge+34)
09-04 16:21:13.318  4322  4322 F DEBUG   :     #32 pc 000a99c1  /system/lib/libart.so (art_quick_invoke_stub_internal+64)
09-04 16:21:13.318  4322  4322 F DEBUG   :     #33 pc 004053f9  /system/lib/libart.so (art_quick_invoke_static_stub+228)
09-04 16:21:13.318  4322  4322 F DEBUG   :     #34 pc 000b0c7f  /system/lib/libart.so (_ZN3art9ArtMethod6InvokeEPNS_6ThreadEPjjPNS_6JValueEPKc+178)
09-04 16:21:13.318  4322  4322 F DEBUG   :     #35 pc 00315ef9  /system/lib/libart.so (_ZN3artL18InvokeWithArgArrayERKNS_33ScopedObjectAccessAlreadyRunnableEPNS_9ArtMethodEPNS_8ArgArrayEPNS_6JValueEPKc+56)
09-04 16:21:13.318  4322  4322 F DEBUG   :     #36 pc 00315d0b  /system/lib/libart.so (_ZN3art17InvokeWithVarArgsERKNS_33ScopedObjectAccessAlreadyRunnableEP8_jobjectP10_jmethodIDSt9__va_list+266)
09-04 16:21:13.318  4322  4322 F DEBUG   :     #37 pc 00277b97  /system/lib/libart.so (_ZN3art3JNI21CallStaticVoidMethodVEP7_JNIEnvP7_jclassP10_jmethodIDSt9__va_list+426)
09-04 16:21:13.318  4322  4322 F DEBUG   :     #38 pc 000ccc79  /system/lib/libart.so (_ZN3art8CheckJNI11CallMethodVEPKcP7_JNIEnvP8_jobjectP7_jclassP10_jmethodIDSt9__va_listNS_9Primitive4TypeENS_10InvokeTypeE+2452)
09-04 16:21:13.318  4322  4322 F DEBUG   :     #39 pc 000c3fb1  /system/lib/libart.so (_ZN3art8CheckJNI21CallStaticVoidMethodVEP7_JNIEnvP7_jclassP10_jmethodIDSt9__va_list+40)
09-04 16:21:13.318  4322  4322 F DEBUG   :     #40 pc 00066e55  /system/lib/libandroid_runtime.so
09-04 16:21:13.318  4322  4322 F DEBUG   :     #41 pc 00068727  /system/lib/libandroid_runtime.so (_ZN7android14AndroidRuntime5startEPKcRKNS_6VectorINS_7String8EEEb+498)
09-04 16:21:13.318  4322  4322 F DEBUG   :     #42 pc 00001947  /system/bin/app_process32
09-04 16:21:13.318  4322  4322 F DEBUG   :     #43 pc 00016c8d  /system/lib/libc.so (__libc_init+48)
09-04 16:21:13.318  4322  4322 F DEBUG   :     #44 pc 00001564  /system/bin/app_process32
09-04 16:21:13.467  4086  4086 I art     : Thread[1,tid=4086,Native,Thread*=0x7f96e95a00,peer=0x12c420d0,"main"] recursive attempt to load library "/system/lib64/libmedia_jni.so"
09-04 16:21:13.467  4086  4086 D MtpDeviceJNI: register_android_mtp_MtpDevice
09-04 16:21:13.468  4086  4086 I art     : Thread[1,tid=4086,Native,Thread*=0x7f96e95a00,peer=0x12c420d0,"main"] recursive attempt to load library "/system/lib64/libmedia_jni.so"
09-04 16:21:13.469  4086  4086 I art     : Thread[1,tid=4086,Native,Thread*=0x7f96e95a00,peer=0x12c420d0,"main"] recursive attempt to load library "/system/lib64/libmedia_jni.so"
09-04 16:21:13.495  4086  4086 E FFMPEGSoftCodec: Failed to load FFMPEG plugin: (null)
09-04 16:21:13.507  4080  4080 W main    : type=1701 audit(0.0:747): auid=4294967295 uid=0 gid=0 ses=4294967295 subj=u:r:zygote:s0 exe="/system/bin/app_process32" sig=6
09-04 16:21:13.513  3063  3063 W         : debuggerd: resuming target 4080
09-04 16:21:13.555  4327  4327 I SurfaceFlinger: SurfaceFlinger is starting
09-04 16:21:13.556  4327  4327 I SurfaceFlinger: SurfaceFlinger's main thread ready to run. Initializing graphics H/W...
09-04 16:21:13.557  4327  4327 E libEGL  : load_driver(/vendor/lib64/egl/libGLES_mali.so): dlopen failed: library "libacryl.so" not found
09-04 16:21:13.557  4327  4327 F libEGL  : couldn't find an OpenGL ES implementation
09-04 16:21:13.557  4327  4327 F libc    : Fatal signal 6 (SIGABRT), code -6 in tid 4327 (surfaceflinger)
09-04 16:21:13.559  3143  3143 I ServiceManager: service 'netd' died
09-04 16:21:13.559  3143  3143 I ServiceManager: service 'media.player' died
09-04 16:21:13.559  3143  3143 I ServiceManager: service 'media.resource_manager' died
09-04 16:21:13.559  3143  3143 I ServiceManager: service 'media.camera' died
09-04 16:21:13.559  3143  3143 I ServiceManager: service 'media.sound_trigger_hw' died
09-04 16:21:13.559  3143  3143 I ServiceManager: service 'media.radio' died
09-04 16:21:13.559  3143  3143 I ServiceManager: service 'media.audio_flinger' died
09-04 16:21:13.559  3143  3143 I ServiceManager: service 'media.audio_policy' died
09-04 16:21:13.560  3064  3064 W         : debuggerd: handling request: pid=4327 uid=1000 gid=1003 tid=4327
09-04 16:21:13.563  4331  4331 E         : debuggerd: Unable to connect to activity manager (connect failed: No such file or directory)
09-04 16:21:13.614  4331  4331 F DEBUG   : *** *** *** *** *** *** *** *** *** *** *** *** *** *** *** ***
09-04 16:21:13.614  4331  4331 F DEBUG   : LineageOS Version: '14.1-20170904-UNOFFICIAL-dream2lte'
09-04 16:21:13.614  4331  4331 F DEBUG   : Build fingerprint: 'samsung/dream2ltexx/dream2lte:7.0/NRD90M/G955FXXU1AQH3:user/release-keys'
09-04 16:21:13.614  4331  4331 F DEBUG   : Revision: '0'
09-04 16:21:13.614  4331  4331 F DEBUG   : ABI: 'arm64'
09-04 16:21:13.614  4331  4331 F DEBUG   : pid: 4327, tid: 4327, name: surfaceflinger  >>> /system/bin/surfaceflinger <<<
09-04 16:21:13.614  4331  4331 F DEBUG   : signal 6 (SIGABRT), code -6 (SI_TKILL), fault addr --------
09-04 16:21:13.616  4331  4331 F DEBUG   : Abort message: 'couldn't find an OpenGL ES implementation'
09-04 16:21:13.616  4331  4331 F DEBUG   :     x0   0000000000000000  x1   00000000000010e7  x2   0000000000000006  x3   0000000000000008
09-04 16:21:13.616  4331  4331 F DEBUG   :     x4   782520726f727265  x5   0080000000000000  x6   0000007fab825000  x7   0000000000000000
09-04 16:21:13.616  4331  4331 F DEBUG   :     x8   0000000000000083  x9   ffffffffffffffdf  x10  0000000000000000  x11  0000000000000001
09-04 16:21:13.616  4331  4331 F DEBUG   :     x12  ffffffffffffffff  x13  0000000000000000  x14  0000000000000000  x15  00213de9a6c8d596
09-04 16:21:13.616  4331  4331 F DEBUG   :     x16  0000007fab3eeec8  x17  0000007fab398828  x18  00000000ffffffff  x19  0000007fab8dcb40
09-04 16:21:13.616  4331  4331 F DEBUG   :     x20  0000000000000006  x21  0000007fab8dca98  x22  0000000000000002  x23  2c30328f9ee6eea0
09-04 16:21:13.616  4331  4331 F DEBUG   :     x24  0000007fab6ec34c  x25  0000007fab6ec040  x26  0000000000000000  x27  0000000000000000
09-04 16:21:13.616  4331  4331 F DEBUG   :     x28  0000000000000000  x29  0000007ff269fa00  x30  0000007fab395cd0
09-04 16:21:13.616  4331  4331 F DEBUG   :     sp   0000007ff269f9e0  pc   0000007fab398830  pstate 0000000060000000
09-04 16:21:13.619  4331  4331 F DEBUG   : 
09-04 16:21:13.619  4331  4331 F DEBUG   : backtrace:
09-04 16:21:13.620  4331  4331 F DEBUG   :     #00 pc 000000000006c830  /system/lib64/libc.so (tgkill+8)
09-04 16:21:13.620  4331  4331 F DEBUG   :     #01 pc 0000000000069ccc  /system/lib64/libc.so (pthread_kill+64)
09-04 16:21:13.620  4331  4331 F DEBUG   :     #02 pc 0000000000023ea0  /system/lib64/libc.so (raise+24)
09-04 16:21:13.620  4331  4331 F DEBUG   :     #03 pc 000000000001c924  /system/lib64/libc.so (abort+52)
09-04 16:21:13.620  4331  4331 F DEBUG   :     #04 pc 0000000000010c48  /system/lib64/libcutils.so (__android_log_assert+232)
09-04 16:21:13.620  4331  4331 F DEBUG   :     #05 pc 000000000001a2c8  /system/lib64/libEGL.so
09-04 16:21:13.620  4331  4331 F DEBUG   :     #06 pc 0000000000014934  /system/lib64/libEGL.so
09-04 16:21:13.620  4331  4331 F DEBUG   :     #07 pc 0000000000014ba4  /system/lib64/libEGL.so (eglGetDisplay+104)
09-04 16:21:13.620  4331  4331 F DEBUG   :     #08 pc 00000000000442f0  /system/lib64/libsurfaceflinger.so (_ZN7android14SurfaceFlinger4initEv+92)
09-04 16:21:13.620  4331  4331 F DEBUG   :     #09 pc 00000000000013cc  /system/bin/surfaceflinger
09-04 16:21:13.620  4331  4331 F DEBUG   :     #10 pc 000000000001a654  /system/lib64/libc.so (__libc_init+88)
09-04 16:21:13.620  4331  4331 F DEBUG   :     #11 pc 000000000000126c  /system/bin/surfaceflinger
09-04 16:21:13.621  3166  3166 D wrapperGPS: wrapperConnect_RILD
09-04 16:21:13.647  4327  4327 W surfaceflinger: type=1701 audit(0.0:748): auid=4294967295 uid=1000 gid=1003 ses=4294967295 subj=u:r:surfaceflinger:s0 exe="/system/bin/surfaceflinger" sig=6
09-04 16:21:13.652  3064  3064 W         : debuggerd: resuming target 4327
09-04 16:21:14.621  3166  3166 D wrapperGPS: wrapperConnect_RILD
09-04 16:21:14.945  4336  4336 D AndroidRuntime: >>>>>> START com.android.internal.os.ZygoteInit uid 0 <<<<<<
09-04 16:21:14.947  4336  4336 D AndroidRuntime: CheckJNI is ON
09-04 16:21:14.947  4336  4336 I art     : option[0]=-Xzygote
09-04 16:21:14.947  4336  4336 I art     : option[1]=-Xcheck:jni
09-04 16:21:14.947  4336  4336 I art     : option[2]=-Xstacktracefile:/data/anr/traces.txt
09-04 16:21:14.948  4336  4336 I art     : option[3]=exit
09-04 16:21:14.948  4336  4336 I art     : option[4]=vfprintf
09-04 16:21:14.948  4336  4336 I art     : option[5]=sensitiveThread
09-04 16:21:14.948  4336  4336 I art     : option[6]=-verbose:gc
09-04 16:21:14.948  4336  4336 I art     : option[7]=-Xms8m
09-04 16:21:14.948  4336  4336 I art     : option[8]=-Xmx512m
09-04 16:21:14.948  4336  4336 I art     : option[9]=-XX:HeapGrowthLimit=256m
09-04 16:21:14.948  4336  4336 I art     : option[10]=-XX:HeapMinFree=2m
09-04 16:21:14.948  4336  4336 I art     : option[11]=-XX:HeapMaxFree=8m
09-04 16:21:14.948  4336  4336 I art     : option[12]=-XX:HeapTargetUtilization=0.75
09-04 16:21:14.948  4336  4336 I art     : option[13]=-Xusejit:true
09-04 16:21:14.948  4336  4336 I art     : option[14]=-Xjitsaveprofilinginfo
09-04 16:21:14.948  4336  4336 I art     : option[15]=-agentlib:jdwp=transport=dt_android_adb,suspend=n,server=y
09-04 16:21:14.948  4336  4336 I art     : option[16]=-Xlockprofthreshold:500
09-04 16:21:14.948  4336  4336 I art     : option[17]=-Ximage-compiler-option
09-04 16:21:14.948  4336  4336 I art     : option[18]=--runtime-arg
09-04 16:21:14.948  4336  4336 I art     : option[19]=-Ximage-compiler-option
09-04 16:21:14.948  4336  4336 I art     : option[20]=-Xms64m
09-04 16:21:14.948  4336  4336 I art     : option[21]=-Ximage-compiler-option
09-04 16:21:14.948  4336  4336 I art     : option[22]=--runtime-arg
09-04 16:21:14.948  4336  4336 I art     : option[23]=-Ximage-compiler-option
09-04 16:21:14.948  4336  4336 I art     : option[24]=-Xmx64m
09-04 16:21:14.948  4336  4336 I art     : option[25]=-Ximage-compiler-option
09-04 16:21:14.948  4336  4336 I art     : option[26]=--compiler-filter=verify-at-runtime
09-04 16:21:14.948  4336  4336 I art     : option[27]=-Ximage-compiler-option
09-04 16:21:14.948  4336  4336 I art     : option[28]=--image-classes=/system/etc/preloaded-classes
09-04 16:21:14.948  4336  4336 I art     : option[29]=-Ximage-compiler-option
09-04 16:21:14.948  4336  4336 I art     : option[30]=--compiled-classes=/system/etc/compiled-classes
09-04 16:21:14.948  4336  4336 I art     : option[31]=-Xcompiler-option
09-04 16:21:14.948  4336  4336 I art     : option[32]=--runtime-arg
09-04 16:21:14.948  4336  4336 I art     : option[33]=-Xcompiler-option
09-04 16:21:14.948  4336  4336 I art     : option[34]=-Xms64m
09-04 16:21:14.948  4336  4336 I art     : option[35]=-Xcompiler-option
09-04 16:21:14.948  4336  4336 I art     : option[36]=--runtime-arg
09-04 16:21:14.948  4336  4336 I art     : option[37]=-Xcompiler-option
09-04 16:21:14.948  4336  4336 I art     : option[38]=-Xmx512m
09-04 16:21:14.948  4336  4336 I art     : option[39]=-Ximage-compiler-option
09-04 16:21:14.948  4336  4336 I art     : option[40]=--instruction-set-variant=cortex-a53.a57
09-04 16:21:14.948  4336  4336 I art     : option[41]=-Xcompiler-option
09-04 16:21:14.948  4336  4336 I art     : option[42]=--instruction-set-variant=cortex-a53.a57
09-04 16:21:14.948  4336  4336 I art     : option[43]=-Ximage-compiler-option
09-04 16:21:14.948  4336  4336 I art     : option[44]=--instruction-set-features=default
09-04 16:21:14.948  4336  4336 I art     : option[45]=-Xcompiler-option
09-04 16:21:14.948  4336  4336 I art     : option[46]=--instruction-set-features=default
09-04 16:21:14.948  4336  4336 I art     : option[47]=-Duser.locale=en-US
09-04 16:21:14.948  4336  4336 I art     : option[48]=--cpu-abilist=armeabi-v7a,armeabi
09-04 16:21:14.948  4336  4336 I art     : option[49]=-Xfingerprint:samsung/dream2ltexx/dream2lte:7.0/NRD90M/G955FXXU1AQH3:user/release-keys
09-04 16:21:14.965  4336  4336 D ICU     : No timezone override file found: /data/misc/zoneinfo/current/icu/icu_tzdata.dat
09-04 16:21:14.990  4336  4336 W art     : Before Android 4.1, method double java.util.concurrent.ThreadLocalRandom.internalNextDouble(double, double) would have incorrectly overridden the package-private method in java.util.Random
09-04 16:21:14.990  4336  4336 W art     : Before Android 4.1, method int java.util.concurrent.ThreadLocalRandom.internalNextInt(int, int) would have incorrectly overridden the package-private method in java.util.Random
09-04 16:21:14.990  4336  4336 W art     : Before Android 4.1, method long java.util.concurrent.ThreadLocalRandom.internalNextLong(long, long) would have incorrectly overridden the package-private method in java.util.Random
09-04 16:21:15.098  4336  4336 I Radio-JNI: register_android_hardware_Radio DONE
09-04 16:21:15.131  4336  4336 I SamplingProfilerIntegration: Profiling disabled.
09-04 16:21:15.132  4336  4336 D Zygote  : begin preload
09-04 16:21:15.132  4336  4336 I Zygote  : Installing ICU cache reference pinning...
09-04 16:21:15.133  4336  4336 I Zygote  : Preloading ICU data...
09-04 16:21:15.276  4336  4336 I Zygote  : Preloading classes...
09-04 16:21:15.282  4336  4336 W Zygote  : Class not found for preloading: [Landroid.view.Display$ColorTransform;
09-04 16:21:15.621  3166  3166 D wrapperGPS: wrapperConnect_RILD
09-04 16:21:15.623  4336  4336 E Typeface: Error mapping font file /system/fonts/DroidSansFallback.ttf
09-04 16:21:16.511  4336  4336 I art     : Thread[1,tid=4336,Native,Thread*=0xf4485400,peer=0x12c04f70,"main"] recursive attempt to load library "/system/lib/libmedia_jni.so"
09-04 16:21:16.511  4336  4336 D MtpDeviceJNI: register_android_mtp_MtpDevice
09-04 16:21:16.512  4336  4336 I art     : Thread[1,tid=4336,Native,Thread*=0xf4485400,peer=0x12c04f70,"main"] recursive attempt to load library "/system/lib/libmedia_jni.so"
09-04 16:21:16.512  4336  4336 I art     : Thread[1,tid=4336,Native,Thread*=0xf4485400,peer=0x12c04f70,"main"] recursive attempt to load library "/system/lib/libmedia_jni.so"
09-04 16:21:16.541  4336  4336 E FFMPEGSoftCodec: Failed to load FFMPEG plugin: (null)
09-04 16:21:16.622  3166  3166 D wrapperGPS: wrapperConnect_RILD
09-04 16:21:16.690  4345  4345 I Netd    : Netd 1.0 starting
09-04 16:21:16.690  4345  4345 D TetherController: Setting IP forward enable = 0
09-04 16:21:16.693  4345  4345 I QtiConnectivityAdapter: Failed to open libconnctrl, some features may not be present.
09-04 16:21:16.693  4345  4345 E         : Failed to open libdatactrl, some features may not be present.
09-04 16:21:16.693  4345  4345 E         : Failed to open libcsm_data, some features may not be present.
09-04 16:21:16.699  3072  3072 W auditd  : type=1325 audit(0.0:749): table=filter family=2 entries=76
09-04 16:21:16.699  3072  3072 W auditd  : type=1320 audit(0.0:749): 
09-04 16:21:16.709  4341  4341 I cameraserver: ServiceManager: 0xf6599440
09-04 16:21:16.709  4341  4341 I CameraService: CameraService started (pid=4341)
09-04 16:21:16.709  4341  4341 I CameraService: CameraService process starting
09-04 16:21:16.709  4341  4341 W BatteryNotifier: batterystats service unavailable!
09-04 16:21:16.709  4341  4341 W BatteryNotifier: batterystats service unavailable!
09-04 16:21:16.710  4341  4341 E CameraService: Could not load camera HAL module: -2 (No such file or directory)
09-04 16:21:16.711  3072  3072 W auditd  : type=1325 audit(0.0:750): table=filter family=10 entries=87
09-04 16:21:16.711  3072  3072 W auditd  : type=1320 audit(0.0:750): 
09-04 16:21:16.719  3072  3072 W auditd  : type=1325 audit(0.0:751): table=filter family=2 entries=75
09-04 16:21:16.719  3072  3072 W auditd  : type=1320 audit(0.0:751): 
09-04 16:21:16.727  3072  3072 W auditd  : type=1325 audit(0.0:752): table=filter family=10 entries=86
09-04 16:21:16.727  3072  3072 W auditd  : type=1320 audit(0.0:752): 
09-04 16:21:16.727  4343  4343 I         : sMaxFastTracks = 8
09-04 16:21:16.728  4343  4343 I audioserver: ServiceManager: 0xf6399440
09-04 16:21:16.728  4343  4343 W BatteryNotifier: batterystats service unavailable!
09-04 16:21:16.728  4343  4343 I AudioFlinger: Using default 3000 mSec as standby time.
09-04 16:21:16.732  4343  4343 I AudioPolicyService: AudioPolicyService CSTOR in new mode
09-04 16:21:16.732  4343  4343 W APM::ConfigParsingUtils: loadOutput() invalid supported devices
09-04 16:21:16.732  4343  4343 W APM::ConfigParsingUtils: loadInput() invalid supported devices
09-04 16:21:16.732  4343  4343 W APM::ConfigParsingUtils: loadInput() invalid supported devices
09-04 16:21:16.732  4343  4343 I APM::ConfigParsingUtils: loadAudioPolicyConfig() loaded /system/etc/audio_policy.conf
09-04 16:21:16.735  3072  3072 W auditd  : type=1325 audit(0.0:753): table=filter family=2 entries=73
09-04 16:21:16.735  3072  3072 W auditd  : type=1320 audit(0.0:753): 
09-04 16:21:16.743  3072  3072 W auditd  : type=1325 audit(0.0:754): table=filter family=10 entries=84
09-04 16:21:16.743  3072  3072 W auditd  : type=1320 audit(0.0:754): 
09-04 16:21:16.751  3072  3072 W auditd  : type=1325 audit(0.0:755): table=filter family=2 entries=71
09-04 16:21:16.751  3072  3072 W auditd  : type=1320 audit(0.0:755): 
09-04 16:21:16.756  4344  4344 I mediaserver: ServiceManager: 0xf63194a0
09-04 16:21:16.757  4344  4344 W BatteryNotifier: batterystats service unavailable!
09-04 16:21:16.759  3072  3072 W auditd  : type=1325 audit(0.0:756): table=filter family=10 entries=82
09-04 16:21:16.759  3072  3072 W auditd  : type=1320 audit(0.0:756): 
09-04 16:21:16.767  3072  3072 W auditd  : type=1325 audit(0.0:757): table=filter family=2 entries=73
09-04 16:21:16.767  3072  3072 W auditd  : type=1320 audit(0.0:757): 
09-04 16:21:16.775  3072  3072 W auditd  : type=1325 audit(0.0:758): table=filter family=10 entries=84
09-04 16:21:16.775  3072  3072 W auditd  : type=1320 audit(0.0:758): 
09-04 16:21:16.783  3072  3072 W auditd  : type=1325 audit(0.0:759): table=filter family=2 entries=74
09-04 16:21:16.783  3072  3072 W auditd  : type=1320 audit(0.0:759): 
09-04 16:21:16.791  3072  3072 W auditd  : type=1325 audit(0.0:760): table=filter family=10 entries=85
09-04 16:21:16.791  3072  3072 W auditd  : type=1320 audit(0.0:760): 
09-04 16:21:16.799  3072  3072 W auditd  : type=1325 audit(0.0:761): table=filter family=2 entries=73
