--------- beginning of main
09-09 14:26:02.724  3074  3074 W auditd  : type=2000 audit(0.0:1): initialized
09-09 14:26:03.372  3074  3074 W auditd  : type=1325 audit(0.0:2): table=filter family=2 entries=0
09-09 14:26:03.372  3074  3074 W auditd  : type=1325 audit(0.0:3): table=mangle family=2 entries=0
09-09 14:26:03.372  3074  3074 W auditd  : type=1325 audit(0.0:4): table=nat family=2 entries=0
09-09 14:26:03.372  3074  3074 W auditd  : type=1325 audit(0.0:5): table=raw family=2 entries=0
09-09 14:26:03.372  3074  3074 W auditd  : type=1325 audit(0.0:6): table=security family=2 entries=0
09-09 14:26:03.372  3074  3074 W auditd  : type=1325 audit(0.0:7): table=filter family=3 entries=0
09-09 14:26:03.372  3074  3074 W auditd  : type=1325 audit(0.0:8): table=filter family=10 entries=0
09-09 14:26:03.372  3074  3074 W auditd  : type=1325 audit(0.0:9): table=mangle family=10 entries=0
09-09 14:26:03.372  3074  3074 W auditd  : type=1325 audit(0.0:10): table=raw family=10 entries=0
09-09 14:26:03.372  3074  3074 W auditd  : type=1325 audit(0.0:11): table=nat family=10 entries=0
09-09 14:26:03.551  3074  3074 I auditd  : type=1403 audit(0.0:12): policy loaded auid=4294967295 ses=4294967295
09-09 14:26:04.327  3074  3074 W auditd  : type=1305 audit(0.0:13): audit_pid=3063 old=0 auid=4294967295 ses=4294967295 subj=u:r:logd:s0 res=1
09-09 14:26:04.327  3074  3074 W auditd  : type=1305 audit(0.0:14): audit_rate_limit=20 old=0 auid=4294967295 ses=4294967295 subj=u:r:logd:s0 res=1
--------- beginning of system
09-09 14:26:04.348  3066  3066 I vold    : Vold 3.0 (the awakening) firing up
09-09 14:26:04.348  3066  3066 V vold    : Detected support for: exfat ext4 f2fs ntfs vfat
09-09 14:26:04.349  3066  3066 W Vold    : Tearing down stale mount /mnt/secure/asec
09-09 14:26:04.363  3064  3064 I         : debuggerd: starting
09-09 14:26:04.370  3066  3066 W Vold    : Tearing down stale mount /mnt/secure
09-09 14:26:04.391  3066  3134 D vold    : e4crypt_init_user0
09-09 14:26:04.391  3066  3134 D vold    : e4crypt_prepare_user_storage for volume null, user 0, serial 0, flags 1
09-09 14:26:04.391  3066  3134 D vold    : Preparing: /data/system/users/0
09-09 14:26:04.391  3066  3134 D vold    : Preparing: /data/misc/profiles/cur/0
09-09 14:26:04.391  3066  3134 D vold    : Preparing: /data/misc/profiles/cur/0/foreign-dex
09-09 14:26:04.391  3066  3134 D vold    : Preparing: /data/system_de/0
09-09 14:26:04.391  3066  3134 D vold    : Preparing: /data/misc_de/0
09-09 14:26:04.391  3066  3134 D vold    : Preparing: /data/user_de/0
09-09 14:26:04.391  3066  3134 D vold    : e4crypt_unlock_user_key 0 serial=0 token_present=0
09-09 14:26:04.391  3066  3134 E vold    : Failed to chmod /data/system_ce/0: No such file or directory
09-09 14:26:04.391  3066  3134 E vold    : Failed to chmod /data/misc_ce/0: No such file or directory
09-09 14:26:04.392     1     1 I vdc     : 200 3067 Command succeeded
09-09 14:26:04.398  3135  3135 I /system/bin/tzdatacheck: tzdata file /data/misc/zoneinfo/current/tzdata does not exist. No action required.
09-09 14:26:04.411  3136  3136 D macloader: Deleting file /data/.cid.info
09-09 14:26:04.415     1     1 I init    : type=1400 audit(0.0:15): avc: denied { write } for name="serialnumber" dev="configfs" ino=21638 scontext=u:r:init:s0 tcontext=u:object_r:configfs:s0 tclass=file permissive=1
09-09 14:26:04.415     1     1 I init    : type=1400 audit(0.0:16): avc: denied { create } for name="mtp.0" scontext=u:r:init:s0 tcontext=u:object_r:configfs:s0 tclass=lnk_file permissive=1
09-09 14:26:04.415  3137  3137 I TeeMcDaemon: Registry search paths: [hardware/samsung_slsi/exynos8895/mobicore_kinibi400/Daemon/src/MobiCoreDriverDaemon.cpp:212]
09-09 14:26:04.415  3137  3137 I TeeMcDaemon:   /data/misc/mcRegistry [hardware/samsung_slsi/exynos8895/mobicore_kinibi400/Daemon/src/MobiCoreDriverDaemon.cpp:214]
09-09 14:26:04.415  3137  3137 I TeeMcDaemon:   /efs/prov [hardware/samsung_slsi/exynos8895/mobicore_kinibi400/Daemon/src/MobiCoreDriverDaemon.cpp:214]
09-09 14:26:04.415  3137  3137 I TeeMcDaemon:   /vendor/app/mcRegistry [hardware/samsung_slsi/exynos8895/mobicore_kinibi400/Daemon/src/MobiCoreDriverDaemon.cpp:214]
09-09 14:26:04.415  3137  3137 I TeeMcDaemon:   /system/app/mcRegistry [hardware/samsung_slsi/exynos8895/mobicore_kinibi400/Daemon/src/MobiCoreDriverDaemon.cpp:214]
09-09 14:26:04.415  3137  3137 I TeeMcDaemon: partition paths rp:  /efs/TEE [hardware/samsung_slsi/exynos8895/mobicore_kinibi400/Daemon/src/MobiCoreDriverDaemon.cpp:223]
09-09 14:26:04.415  3137  3137 I TeeMcDaemon: Initialise Secure World [hardware/samsung_slsi/exynos8895/mobicore_kinibi400/Daemon/src/MobiCoreDriverDaemon.cpp:253]
09-09 14:26:04.417  3137  3137 I TeeMcDaemon: driver version: v6.3 [hardware/samsung_slsi/exynos8895/mobicore_kinibi400/Daemon/src/SecureWorld.cpp:295]
09-09 14:26:04.419     1     1 I init    : type=1400 audit(0.0:17): avc: denied { write } for name="battery" dev="sysfs" ino=35512 scontext=u:r:init:s0 tcontext=u:object_r:sysfs:s0 tclass=dir permissive=1
09-09 14:26:04.425  3148  3148 I sysinit : Running /system/etc/init.d/00banner
09-09 14:26:04.435  3159  3159 I init    : type=1400 audit(0.0:18): avc: denied { entrypoint } for path="/system/bin/cbd" dev="sda17" ino=192 scontext=u:r:cbd:s0 tcontext=u:object_r:cpboot-daemon_exec:s0 tclass=file permissive=1
09-09 14:26:04.435  3159  3159 W cbd     : type=1300 audit(0.0:18): arch=c00000b7 syscall=221 success=yes exit=0 a0=7f877181c1 a1=7f87624680 a2=544098 a3=4 items=0 ppid=1 auid=4294967295 uid=0 gid=1001 euid=0 suid=0 fsuid=0 egid=1001 sgid=1001 fsgid=1001 tty=(none) ses=4294967295 exe="/system/bin/cbd" subj=u:r:cbd:s0 key=(null)
09-09 14:26:04.435  3074  3074 W auditd  : type=1327 audit(0.0:18): proctitle=2F73797374656D2F62696E2F636264002D64002D747373333130002D626D002D6D6D002D5000706C6174666F726D2F31313132303030302E7566732F62792D6E616D652F524144494F002D6300706C6174666F726D2F31313132303030302E7566732F62792D6E616D652F43505F4445425547
09-09 14:26:04.435  3074  3074 W auditd  : type=1320 audit(0.0:18): 
09-09 14:26:04.435  3154  3154 I cm      : _ _                                       
09-09 14:26:04.436  3142  3142 I lowmemorykiller: Using in-kernel low memory killer interface
09-09 14:26:04.441  3158  3158 I cm      : | (_)_ __   ___  __ _  __ _  ___  ___  ___ 
09-09 14:26:04.446  3162  3162 D wifiloader: Trigger initcall of deferred modules
09-09 14:26:04.451  3159  3159 I cbd     : type=1400 audit(0.0:19): avc: denied { read } for path="/system/bin/cbd" dev="sda17" ino=192 scontext=u:r:cbd:s0 tcontext=u:object_r:cpboot-daemon_exec:s0 tclass=file permissive=1
09-09 14:26:04.451  3159  3159 W cbd     : type=1300 audit(0.0:19): arch=c00000b7 syscall=226 success=yes exit=0 a0=493000 a1=3000 a2=1 a3=1 items=0 ppid=1 auid=4294967295 uid=0 gid=1001 euid=0 suid=0 fsuid=0 egid=1001 sgid=1001 fsgid=1001 tty=(none) ses=4294967295 exe="/system/bin/cbd" subj=u:r:cbd:s0 key=(null)
09-09 14:26:04.451  3074  3074 W auditd  : type=1327 audit(0.0:19): proctitle=2F73797374656D2F62696E2F636264002D64002D747373333130002D626D002D6D6D002D5000706C6174666F726D2F31313132303030302E7566732F62792D6E616D652F524144494F002D6300706C6174666F726D2F31313132303030302E7566732F62792D6E616D652F43505F4445425547
09-09 14:26:04.451  3074  3074 W auditd  : type=1320 audit(0.0:19): 
09-09 14:26:04.454  3168  3168 I cm      : | | | '_ \ / _ \/ _` |/ _` |/ _ \/ _ \/ __|
09-09 14:26:04.463  3170  3170 I         : installd firing up
09-09 14:26:04.470  3144  3144 I SurfaceFlinger: SurfaceFlinger is starting
09-09 14:26:04.471  3144  3144 I SurfaceFlinger: SurfaceFlinger's main thread ready to run. Initializing graphics H/W...
09-09 14:26:04.473  3180  3180 I perfprofd: starting Android Wide Profiling daemon
09-09 14:26:04.474  3180  3180 E perfprofd: unable to open configuration file /data/data/com.google.android.gms/files/perfprofd.conf
09-09 14:26:04.474  3180  3180 I perfprofd: random seed set to 2410465858
09-09 14:26:04.479  3171  3171 I keystore: Found keymaster0 module Keymaster OpenSSL HAL, version 2
09-09 14:26:04.479  3171  3171 I SoftKeymaster: system/keymaster/soft_keymaster_device.cpp, Line 131: Creating device
09-09 14:26:04.479  3171  3171 D SoftKeymaster: system/keymaster/soft_keymaster_device.cpp, Line 132: Device address: 0x7f9bc3e000
09-09 14:26:04.479  3171  3171 I keystore: Keymaster0 module is software-only.  Using SoftKeymasterDevice instead.
09-09 14:26:04.479  3171  3171 I SoftKeymaster: system/keymaster/soft_keymaster_device.cpp, Line 131: Creating device
09-09 14:26:04.479  3171  3171 D SoftKeymaster: system/keymaster/soft_keymaster_device.cpp, Line 132: Device address: 0x7f9bc3e400
09-09 14:26:04.481  3182  3182 I cm      : | | | | | |  __/ (_| | (_| |  __/ (_) \__ \
09-09 14:26:04.485  3176  3176 I Netd    : Netd 1.0 starting
09-09 14:26:04.485  3176  3176 D TetherController: Setting IP forward enable = 0
09-09 14:26:04.488  3176  3176 I QtiConnectivityAdapter: Failed to open libconnctrl, some features may not be present.
09-09 14:26:04.488  3176  3176 E         : Failed to open libdatactrl, some features may not be present.
09-09 14:26:04.488  3176  3176 E         : Failed to open libcsm_data, some features may not be present.
09-09 14:26:04.491  3177  3177 I fingerprintd: Starting fingerprintd
09-09 14:26:04.494  3163  3163 V lhd     : GlLhdInterface::Init(/system/etc/lhd.conf)
09-09 14:26:04.496  3163  3163 E lhd     : SetCfgValue: Critical Error. Unknown configuration parameter "FlpName"="tcp"
09-09 14:26:04.496  3163  3163 V lhd     : SetCfgValue: LHD config "LheSerialControl"="BBD:Serial=TTY"
09-09 14:26:04.496  3163  3163 E lhd     : SetCfgValue: Critical Error. Unknown configuration parameter "LheClockMHz"="100"
09-09 14:26:04.499  3186  3186 I cm      : |_|_|_| |_|\___|\__,_|\__, |\___|\___/|___/
09-09 14:26:04.510  3178  3178 I gatekeeperd: Starting gatekeeperd...
09-09 14:26:04.511  3178  3178 W gatekeeperd: falling back to software GateKeeper
09-09 14:26:04.511  3178  3178 I gatekeeperd: cold boot: clearing state
09-09 14:26:04.514  3163  3163 V lhd     : SetCfgValue: LHD config "LhePatch"="/dev/bbd_patch"
09-09 14:26:04.514  3163  3163 V lhd     : SetCfgValue: LHD config "LheMaxMcuResetTries"="4"
09-09 14:26:04.514  3163  3163 V lhd     : SetCfgValue: LHD config "LheBbdPacket"="/dev/ttyBCM"
09-09 14:26:04.514  3163  3163 V lhd     : SetCfgValue: LHD config "LheBbdControl"="/dev/bbd_control"
09-09 14:26:04.514  3163  3163 V lhd     : SetCfgValue: LHD config "LheBbdSensor"="/dev/bbd_sensor"
09-09 14:26:04.514  3163  3163 V lhd     : SetCfgValue: LHD config "Lhe477xDebugFlags"="RPC:FACILITY=33:STDOUT_PUTS:STDOUT_LOG"
09-09 14:26:04.514  3163  3163 E lhd     : SetCfgValue: Critical Error. Unknown configuration parameter "LheSensorIpc"="true"
09-09 14:26:04.514  3163  3163 E lhd     : SetCfgValue: Critical Error. Unknown configuration parameter "LhePinMux"="P17=M1"
09-09 14:26:04.514  3163  3163 V lhd     : SetCfgValue: LHD config "LheAutoBaudDelayMS"="10"
09-09 14:26:04.514  3163  3163 V lhd     : SetCfgValue: LHD config "LheMaxMcuResetTries"="3"
09-09 14:26:04.515  3163  3163 E lhd     : OpenFirmwareFile: Fail to open /efs/sec_efs/sensorhub_urgent_fw.patch, errno 2
09-09 14:26:04.515  3163  3163 E lhd     : getCustPatchVersion: Fail to parse patch /efs/sec_efs/sensorhub_urgent_fw.patch
09-09 14:26:04.515  3163  3163 E lhd     : getCustPatchVersion: <CustomerVersion> not found
09-09 14:26:04.517  3137  3137 I TeeMcDaemon: TEE is ready [hardware/samsung_slsi/exynos8895/mobicore_kinibi400/Daemon/src/SecureWorld.cpp:332]
09-09 14:26:04.519  3137  3137 I TeeMcDaemon: t-base-EXYNOS64-Android-400A-V011-20170203_131128_25330_57476 [hardware/samsung_slsi/exynos8895/mobicore_kinibi400/Daemon/src/MobiCoreDriverDaemon.cpp:280]
09-09 14:26:04.520  3188  3188 I cm      :                       |___/
09-09 14:26:04.520  3137  3137 I TeeMcDaemon: Specific partition path used for Store_1.tf, stored in /efs/TEE [hardware/samsung_slsi/exynos8895/mobicore_kinibi400/Daemon/src/FSD2.cpp:340]
09-09 14:26:04.520  3137  3137 I TeeMcDaemon: Start services [hardware/samsung_slsi/exynos8895/mobicore_kinibi400/Daemon/src/MobiCoreDriverDaemon.cpp:304]
09-09 14:26:04.520  3137  3137 I TeeMcDaemon: * start secure world interface [hardware/samsung_slsi/exynos8895/mobicore_kinibi400/Daemon/src/MobiCoreDriverDaemon.cpp:308]
09-09 14:26:04.520  3137  3137 I TeeMcDaemon: * start filesystem [hardware/samsung_slsi/exynos8895/mobicore_kinibi400/Daemon/src/MobiCoreDriverDaemon.cpp:308]
09-09 14:26:04.520  3137  3137 I TeeMcDaemon: driver version: v6.3 [hardware/samsung_slsi/exynos8895/mobicore_kinibi400/ClientLib/src/driver.cpp:71]
09-09 14:26:04.520  3137  3137 I TeeMcDaemon: driver open [hardware/samsung_slsi/exynos8895/mobicore_kinibi400/ClientLib/src/driver.cpp:84]
09-09 14:26:04.520  3137  3137 I TeeMcDaemon: Kinibi access granted by the driver [hardware/samsung_slsi/exynos8895/mobicore_kinibi400/ClientLib/src/common.cpp:217]
09-09 14:26:04.521  3137  3191 I TeeMcDaemon: Start listening to secure world [hardware/samsung_slsi/exynos8895/mobicore_kinibi400/Daemon/src/SecureWorld.cpp:466]
09-09 14:26:04.526  3137  3191 W TeeMcDaemon: Cannot open trustlet /data/misc/mcRegistry/07050501000000000000000000000020.tlbin (No such file or directory) [hardware/samsung_slsi/exynos8895/mobicore_kinibi400/Daemon/src/SecureWorld.cpp:195]
09-09 14:26:04.527  3137  3137 I TeeMcDaemon: * start registry update [hardware/samsung_slsi/exynos8895/mobicore_kinibi400/Daemon/src/MobiCoreDriverDaemon.cpp:308]
09-09 14:26:04.527  3137  3137 I TeeMcDaemon: * start registry server [hardware/samsung_slsi/exynos8895/mobicore_kinibi400/Daemon/src/MobiCoreDriverDaemon.cpp:308]
09-09 14:26:04.528  3137  3137 I TeeMcDaemon: * start debug session [hardware/samsung_slsi/exynos8895/mobicore_kinibi400/Daemon/src/MobiCoreDriverDaemon.cpp:308]
09-09 14:26:04.528  3137  3191 W TeeMcDaemon: Cannot open trustlet /data/misc/mcRegistry/08050500000000000000000000000000.tlbin (No such file or directory) [hardware/samsung_slsi/exynos8895/mobicore_kinibi400/Daemon/src/SecureWorld.cpp:195]
09-09 14:26:04.529  3137  3137 I TeeMcDaemon: session opened [hardware/samsung_slsi/exynos8895/mobicore_kinibi400/Daemon/src/DebugSession.cpp:113]
09-09 14:26:04.529  3137  3137 I TeeMcDaemon: Load secure drivers [hardware/samsung_slsi/exynos8895/mobicore_kinibi400/Daemon/src/MobiCoreDriverDaemon.cpp:318]
09-09 14:26:04.529  3137  3137 I TeeMcDaemon: * loading /system/app/FFFFFFFF000000000000000000000001.drbin [hardware/samsung_slsi/exynos8895/mobicore_kinibi400/Daemon/src/MobiCoreDriverDaemon.cpp:323]
09-09 14:26:04.533  3137  3137 I TeeMcDaemon: * loading /system/app/mcRegistry/ffffffffd0000000000000000000000a.tlbin [hardware/samsung_slsi/exynos8895/mobicore_kinibi400/Daemon/src/MobiCoreDriverDaemon.cpp:323]
09-09 14:26:04.542  3137  3194 I TeeRegistryUpdate: Starting registry update open thread [hardware/samsung_slsi/exynos8895/mobicore_kinibi400/Daemon/src/RegistryUpdate.cpp:85]
09-09 14:26:04.542  3137  3195 I TeeMcDaemon: void RegistryServer::Impl::run(): Starting server [hardware/samsung_slsi/exynos8895/mobicore_kinibi400/Daemon/src/RegistryServer.cpp:230]
09-09 14:26:04.542  3137  3193 I TeeMcDaemon: void FileSystem::Impl::run(): Start listening for request from STH2 [hardware/samsung_slsi/exynos8895/mobicore_kinibi400/Daemon/src/FSD2.cpp:443]
09-09 14:26:04.544  3144  3144 D libEGL  : loaded /vendor/lib64/egl/libGLES_mali.so
09-09 14:26:04.550  3160  3160 I cameraserver: ServiceManager: 0xf6a19440
09-09 14:26:04.550  3160  3160 I CameraService: CameraService started (pid=3160)
09-09 14:26:04.550  3160  3160 I CameraService: CameraService process starting
09-09 14:26:04.556  3160  3160 W BatteryNotifier: batterystats service unavailable!
09-09 14:26:04.556  3160  3160 W BatteryNotifier: batterystats service unavailable!
09-09 14:26:04.558  3160  3160 E CameraService: Could not load camera HAL module: -2 (No such file or directory)
09-09 14:26:04.564  3137  3137 I TeeMcDaemon: * loading /system/app/mcRegistry/ffffffffd00000000000000000000016.tlbin [hardware/samsung_slsi/exynos8895/mobicore_kinibi400/Daemon/src/MobiCoreDriverDaemon.cpp:323]
09-09 14:26:04.564  3137  3194 I TeeRegistryUpdate: Exiting registry update open thread [hardware/samsung_slsi/exynos8895/mobicore_kinibi400/Daemon/src/RegistryUpdate.cpp:143]
09-09 14:26:04.583  3144  3144 I gralloc : using (id=)
09-09 14:26:04.583  3144  3144 I gralloc : xres         = 1440 px
09-09 14:26:04.583  3144  3144 I gralloc : yres         = 2960 px
09-09 14:26:04.583  3144  3144 I gralloc : width        = 70 mm (522.514282 dpi)
09-09 14:26:04.583  3144  3144 I gralloc : height       = 143 mm (525.762268 dpi)
09-09 14:26:04.583  3144  3144 I gralloc : refresh rate = 60.00 Hz
09-09 14:26:04.598  3172  3172 I mediacodec: @@@ mediacodecservice starting
09-09 14:26:04.606  3172  3172 W /system/bin/mediacodec: libminijail: allowing syscall: clock_gettime
09-09 14:26:04.606  3172  3172 W /system/bin/mediacodec: libminijail: allowing syscall: connect
09-09 14:26:04.606  3172  3172 W /system/bin/mediacodec: libminijail: allowing syscall: fcntl64
09-09 14:26:04.606  3172  3172 W /system/bin/mediacodec: libminijail: allowing syscall: socket
09-09 14:26:04.606  3172  3172 W /system/bin/mediacodec: libminijail: allowing syscall: writev
09-09 14:26:04.606  3172  3172 W /system/bin/mediacodec: libminijail: logging seccomp filter failures
09-09 14:26:04.615  3144  3144 W hwcomposer: invalid refresh rate, assuming 60 Hz
09-09 14:26:04.615  3144  3144 D hwcomposer: using
09-09 14:26:04.615  3144  3144 D hwcomposer: xres         = 1440 px
09-09 14:26:04.615  3144  3144 D hwcomposer: yres         = 2960 px
09-09 14:26:04.615  3144  3144 D hwcomposer: width        = 70 mm (522.514000 dpi)
09-09 14:26:04.615  3144  3144 D hwcomposer: height       = 143 mm (525.762000 dpi)
09-09 14:26:04.615  3144  3144 D hwcomposer: refresh rate = 60 Hz
09-09 14:26:04.616  3144  3144 I hwcomposer: PSR info devname = /sys/devices/platform/12860000.decon_f/psr_info
09-09 14:26:04.616  3144  3144 I hwcomposer: PSR mode is 2(0: video mode, 1: DP PSR mode, 2: MIPI-DSI command mode)
09-09 14:26:04.616  3144  3144 I SurfaceFlinger: Using composer version 1.4
09-09 14:26:04.616  3144  3144 E display : unknown display attribute 6
09-09 14:26:04.616  3144  3144 I SurfaceFlinger: EGL information:
09-09 14:26:04.616  3144  3144 I SurfaceFlinger: vendor    : Android
09-09 14:26:04.616  3144  3144 I SurfaceFlinger: version   : 1.4 Android META-EGL
09-09 14:26:04.616  3144  3144 I SurfaceFlinger: extensions: EGL_KHR_get_all_proc_addresses EGL_ANDROID_presentation_time EGL_KHR_swap_buffers_with_damage EGL_ANDROID_create_native_client_buffer EGL_ANDROID_front_buffer_auto_refresh EGL_KHR_image EGL_KHR_image_base EGL_KHR_gl_texture_2D_image EGL_KHR_gl_texture_cubemap_image EGL_KHR_gl_renderbuffer_image EGL_KHR_fence_sync EGL_KHR_create_context EGL_KHR_config_attribs EGL_KHR_surfaceless_context EGL_EXT_create_context_robustness EGL_ANDROID_image_native_buffer EGL_KHR_wait_sync EGL_ANDROID_recordable EGL_KHR_partial_update EGL_KHR_mutable_render_buffer EGL_EXT_protected_content 
09-09 14:26:04.616  3144  3144 I SurfaceFlinger: Client API: OpenGL_ES
09-09 14:26:04.616  3144  3144 I SurfaceFlinger: EGLSurface: 8-8-8-8, config=0x7f96a6a138
09-09 14:26:04.618  3219  3219 I cm      : Welcome to Android 7.1.2 / LineageOS-14.1-20170909-UNOFFICIAL-dream2lte
09-09 14:26:04.619  3074  3074 W auditd  : type=1325 audit(0.0:20): table=filter family=2 entries=4
09-09 14:26:04.619  3074  3074 W auditd  : type=1320 audit(0.0:20): 
09-09 14:26:04.620  3174  3174 V MediaUtils: physMem: 3645853696
09-09 14:26:04.620  3174  3174 V MediaUtils: requested limit: 729170720
09-09 14:26:04.620  3174  3174 V MediaUtils: actual limit: 729170720
09-09 14:26:04.620  3174  3174 V MediaUtils: original limits: 4294967295/4294967295
09-09 14:26:04.620  3174  3174 V MediaUtils: new limits: 729170720/4294967295
09-09 14:26:04.620  3174  3174 W /system/bin/mediaextractor: libminijail: allowing syscall: clock_gettime
09-09 14:26:04.620  3174  3174 W /system/bin/mediaextractor: libminijail: allowing syscall: connect
09-09 14:26:04.620  3174  3174 W /system/bin/mediaextractor: libminijail: allowing syscall: fcntl64
09-09 14:26:04.620  3174  3174 W /system/bin/mediaextractor: libminijail: allowing syscall: socket
09-09 14:26:04.620  3174  3174 W /system/bin/mediaextractor: libminijail: allowing syscall: writev
09-09 14:26:04.620  3174  3174 W /system/bin/mediaextractor: libminijail: logging seccomp filter failures
09-09 14:26:04.627  3144  3144 I SurfaceFlinger: OpenGL ES informations:
09-09 14:26:04.627  3144  3144 I SurfaceFlinger: vendor    : ARM
09-09 14:26:04.627  3144  3144 I SurfaceFlinger: renderer  : Mali-G71
09-09 14:26:04.627  3144  3144 I SurfaceFlinger: version   : OpenGL ES 3.2 v1.r3p0-00rel0.52a2c5ce14e045eb8b9074c171442f91
09-09 14:26:04.627  3144  3144 I SurfaceFlinger: extensions: GL_EXT_debug_marker GL_ARM_rgba8 GL_ARM_mali_shader_binary GL_OES_depth24 GL_OES_depth_texture GL_OES_depth_texture_cube_map GL_OES_packed_depth_stencil GL_OES_rgb8_rgba8 GL_EXT_read_format_bgra GL_OES_compressed_paletted_texture GL_OES_compressed_ETC1_RGB8_texture GL_OES_standard_derivatives GL_OES_EGL_image GL_OES_EGL_image_external GL_OES_EGL_image_external_essl3 GL_OES_EGL_sync GL_OES_texture_npot GL_OES_vertex_half_float GL_OES_required_internalformat GL_OES_vertex_array_object GL_OES_mapbuffer GL_EXT_texture_format_BGRA8888 GL_EXT_texture_rg GL_EXT_texture_type_2_10_10_10_REV GL_OES_fbo_render_mipmap GL_OES_element_index_uint GL_EXT_shadow_samplers GL_OES_texture_compression_astc GL_KHR_texture_compression_astc_ldr GL_KHR_texture_compression_astc_hdr GL_KHR_texture_compression_astc_sliced_3d GL_KHR_debug GL_EXT_occlusion_query_boolean GL_EXT_disjoint_timer_query GL_EXT_blend_minmax GL_EXT_discard_framebuffer GL_OES_get_program_binary GL_OES_texture_3D GL_EXT_texture_storage GL_EXT_multisamp
09-09 14:26:04.627  3144  3144 I SurfaceFlinger: GL_MAX_TEXTURE_SIZE = 16384
09-09 14:26:04.628  3144  3144 I SurfaceFlinger: GL_MAX_VIEWPORT_DIMS = 16384
09-09 14:26:04.629  3144  3144 D mali_winsys: EGLint new_window_surface(egl_winsys_display*, void*, EGLSurface, EGLConfig, egl_winsys_surface**, egl_color_buffer_format*, EGLBoolean) returns 0x3000,  [1440x2960]-format:1
09-09 14:26:04.630  3175  3175 I mediaserver: ServiceManager: 0xf60994a0
09-09 14:26:04.630  3175  3175 W BatteryNotifier: batterystats service unavailable!
09-09 14:26:04.631  3074  3074 W auditd  : type=1325 audit(0.0:21): table=filter family=10 entries=4
09-09 14:26:04.631  3074  3074 W auditd  : type=1320 audit(0.0:21): 
--------- beginning of crash
09-09 14:26:04.634  3166  3166 F libc    : Fatal signal 11 (SIGSEGV), code 1, fault addr 0x0 in tid 3166 (app_process32)
09-09 14:26:04.638  3064  3064 W         : debuggerd: handling request: pid=3166 uid=0 gid=0 tid=3166
09-09 14:26:04.639  3137  3193 I TeeMcDaemon: TEEC_Result Partition::open(): Open storage file "/efs/TEE/Store_1.tf" [hardware/samsung_slsi/exynos8895/mobicore_kinibi400/Daemon/src/FSD2.cpp:157]
09-09 14:26:04.640  3137  3193 I TeeMcDaemon: TEEC_Result Partition::open(): storage file "/efs/TEE/Store_1.tf" successfully open (size: 23 KB / 23552 B)) [hardware/samsung_slsi/exynos8895/mobicore_kinibi400/Daemon/src/FSD2.cpp:166]
09-09 14:26:04.642  3173  3173 I mediaserver: ServiceManager: 0xf60194a0
09-09 14:26:04.643  3074  3074 W auditd  : type=1325 audit(0.0:22): table=filter family=2 entries=6
09-09 14:26:04.643  3074  3074 W auditd  : type=1320 audit(0.0:22): 
09-09 14:26:04.646  3224  3224 I sysinit : Running /system/etc/init.d/90userinit
09-09 14:26:04.647  3164  3164 D gpsd    : WakeLock(Release,GPSD)
09-09 14:26:04.647  3163  3163 D lhd     : OnIpcConnect
09-09 14:26:04.655  3074  3074 W auditd  : type=1325 audit(0.0:23): table=filter family=10 entries=6
09-09 14:26:04.655  3074  3074 W auditd  : type=1320 audit(0.0:23): 
09-09 14:26:04.655  3164  3164 D gpsd    : WakeLock(Release,SUPL)
09-09 14:26:04.655  3164  3164 I gpsd_d  : GNSS: 282637
09-09 14:26:04.655  3164  3164 I gpsd_d  : CustomerModule::Create chip info "Broadcom,BCM4774,282637" written into /data/system/gps//chip.info
09-09 14:26:04.655  3164  3164 D wrapperGPS: wrapperOpenClient_RILD
09-09 14:26:04.655  3164  3164 E wrapperGPS: wrapperOpenClient_RILD: RegisterUnsolicitedHandler() UNSOL_GPS_NOTI (11009)
09-09 14:26:04.655  3164  3164 D wrapperGPS: wrapperRegisterRequestCompleteHandler
09-09 14:26:04.655  3164  3164 D wrapperGPS: wrapperRegisterUnsolicitedHandler id(12009), handler(0x132ca6d30)
09-09 14:26:04.655  3164  3164 D wrapperGPS: wrapperRegisterErrorCallback
09-09 14:26:04.655  3164  3164 D wrapperGPS: wrapperConnect_RILD
09-09 14:26:04.658  3229  3229 E         : debuggerd: Unable to connect to activity manager (connect failed: No such file or directory)
09-09 14:26:04.659  3137  3137 I mcDriverDaemon: type=1400 audit(0.0:24): avc: denied { read } for name="t-base-tui" dev="tmpfs" ino=17285 scontext=u:r:tee:s0 tcontext=u:object_r:device:s0 tclass=chr_file permissive=1
09-09 14:26:04.659  3137  3137 I mcDriverDaemon: type=1400 audit(0.0:24): avc: denied { open } for path="/dev/t-base-tui" dev="tmpfs" ino=17285 scontext=u:r:tee:s0 tcontext=u:object_r:device:s0 tclass=chr_file permissive=1
09-09 14:26:04.659  3137  3137 W mcDriverDaemon: type=1300 audit(0.0:24): arch=c00000b7 syscall=56 success=yes exit=9 a0=ffffff9c a1=4a89cb a2=0 a3=0 items=0 ppid=1 auid=4294967295 uid=1000 gid=1000 euid=1000 suid=1000 fsuid=1000 egid=1000 sgid=1000 fsgid=1000 tty=(none) ses=4294967295 exe="/system/bin/mcDriverDaemon" subj=u:r:tee:s0 key=(null)
09-09 14:26:04.659  3074  3074 W auditd  : type=1327 audit(0.0:24): proctitle=2F73797374656D2F62696E2F6D634472697665724461656D6F6E002D72002F73797374656D2F6170702F46464646464646463030303030303030303030303030303030303030303030312E647262696E002D72002F73797374656D2F6170702F6D6352656769737472792F666666666666666664303030303030303030303030
09-09 14:26:04.659  3074  3074 W auditd  : type=1320 audit(0.0:24): 
09-09 14:26:04.659  3137  3137 I mcDriverDaemon: type=1400 audit(0.0:25): avc: denied { ioctl } for path="/dev/t-base-tui" dev="tmpfs" ino=17285 ioctlcmd=7404 scontext=u:r:tee:s0 tcontext=u:object_r:device:s0 tclass=chr_file permissive=1
09-09 14:26:04.659  3137  3137 W mcDriverDaemon: type=1300 audit(0.0:25): arch=c00000b7 syscall=29 success=yes exit=0 a0=9 a1=7404 a2=0 a3=0 items=0 ppid=1 auid=4294967295 uid=1000 gid=1000 euid=1000 suid=1000 fsuid=1000 egid=1000 sgid=1000 fsgid=1000 tty=(none) ses=4294967295 exe="/system/bin/mcDriverDaemon" subj=u:r:tee:s0 key=(null)
09-09 14:26:04.659  3074  3074 W auditd  : type=1327 audit(0.0:25): proctitle=2F73797374656D2F62696E2F6D634472697665724461656D6F6E002D72002F73797374656D2F6170702F46464646464646463030303030303030303030303030303030303030303030312E647262696E002D72002F73797374656D2F6170702F6D6352656769737472792F666666666666666664303030303030303030303030
09-09 14:26:04.659  3074  3074 W auditd  : type=1320 audit(0.0:25): 
09-09 14:26:04.660  3167  3167 I         : sMaxFastTracks = 8
09-09 14:26:04.661  3167  3167 I audioserver: ServiceManager: 0xf6599440
09-09 14:26:04.661  3167  3167 W BatteryNotifier: batterystats service unavailable!
09-09 14:26:04.661  3167  3167 I AudioFlinger: Using default 3000 mSec as standby time.
09-09 14:26:04.662  3167  3167 I AudioPolicyService: AudioPolicyService CSTOR in new mode
09-09 14:26:04.662  3167  3167 W APM::ConfigParsingUtils: loadOutput() invalid supported devices
09-09 14:26:04.662  3167  3167 W APM::ConfigParsingUtils: loadInput() invalid supported devices
09-09 14:26:04.662  3167  3167 W APM::ConfigParsingUtils: loadInput() invalid supported devices
09-09 14:26:04.662  3167  3167 I APM::ConfigParsingUtils: loadAudioPolicyConfig() loaded /vendor/etc/audio_policy.conf
09-09 14:26:04.664  3137  3137 I TeeMcDaemon: Daemon running [hardware/samsung_slsi/exynos8895/mobicore_kinibi400/Daemon/src/MobiCoreDriverDaemon.cpp:342]
09-09 14:26:04.687  3167  3167 I audioserver: type=1400 audit(0.0:26): avc: denied { read } for name="mps_code.dat" dev="sda3" ino=86 scontext=u:r:audioserver:s0 tcontext=u:object_r:imei_efs_file:s0 tclass=file permissive=1
09-09 14:26:04.687  3167  3167 I audioserver: type=1400 audit(0.0:26): avc: denied { open } for path="/efs/imei/mps_code.dat" dev="sda3" ino=86 scontext=u:r:audioserver:s0 tcontext=u:object_r:imei_efs_file:s0 tclass=file permissive=1
09-09 14:26:04.687  3167  3167 W audioserver: type=1300 audit(0.0:26): arch=40000028 syscall=322 per=8 success=yes exit=6 a0=ffffff9c a1=f7133245 a2=20000 a3=0 items=0 ppid=1 auid=4294967295 uid=1041 gid=1005 euid=1041 suid=1041 fsuid=1041 egid=1005 sgid=1005 fsgid=1005 tty=(none) ses=4294967295 exe="/system/bin/audioserver" subj=u:r:audioserver:s0 key=(null)
09-09 14:26:04.687  3074  3074 W auditd  : type=1327 audit(0.0:26): proctitle="/system/bin/audioserver"
09-09 14:26:04.687  3074  3074 W auditd  : type=1320 audit(0.0:26): 
09-09 14:26:04.687  3167  3167 I audioserver: type=1400 audit(0.0:27): avc: denied { getattr } for path="/efs/imei/mps_code.dat" dev="sda3" ino=86 scontext=u:r:audioserver:s0 tcontext=u:object_r:imei_efs_file:s0 tclass=file permissive=1
09-09 14:26:04.687  3167  3167 W audioserver: type=1300 audit(0.0:27): arch=40000028 syscall=197 per=8 success=yes exit=0 a0=6 a1=ffd647e0 a2=ffd64864 a3=c5f items=0 ppid=1 auid=4294967295 uid=1041 gid=1005 euid=1041 suid=1041 fsuid=1041 egid=1005 sgid=1005 fsgid=1005 tty=(none) ses=4294967295 exe="/system/bin/audioserver" subj=u:r:audioserver:s0 key=(null)
09-09 14:26:04.687  3074  3074 W auditd  : type=1327 audit(0.0:27): proctitle="/system/bin/audioserver"
09-09 14:26:04.687  3074  3074 W auditd  : type=1320 audit(0.0:27): 
09-09 14:26:04.687  3167  3167 I audioserver: type=1400 audit(0.0:28): avc: denied { connectto } for path="/dev/socket/property_service" scontext=u:r:audioserver:s0 tcontext=u:r:init:s0 tclass=unix_stream_socket permissive=1
09-09 14:26:04.687  3167  3167 W audioserver: type=1300 audit(0.0:28): arch=40000028 syscall=283 per=8 success=yes exit=0 a0=6 a1=ffd647c0 a2=1f a3=f684e030 items=0 ppid=1 auid=4294967295 uid=1041 gid=1005 euid=1041 suid=1041 fsuid=1041 egid=1005 sgid=1005 fsgid=1005 tty=(none) ses=4294967295 exe="/system/bin/audioserver" subj=u:r:audioserver:s0 key=(null)
09-09 14:26:04.689  3167  3167 V audio_hw_primary_abox: device-adev_open: enter
09-09 14:26:04.689  3167  3167 V DiamondVoice: + diamondvoice_open
09-09 14:26:04.690  3167  3167 D AudioInfo: MPS_CODE : SIN, get MPS_CODE
09-09 14:26:04.695  3167  3167 D AudioInfo: first OMC setting
09-09 14:26:04.695  3167  3167 D AudioInfo: can not find AudioDataPath for fileName:/DiamondVoice/
09-09 14:26:04.695  3167  3167 V DiamondVoice: There is no DiamondVoice tuning data in CSC 
09-09 14:26:04.695  3167  3167 V DiamondVoice: - diamondvoice_open
09-09 14:26:04.695  3167  3167 E AudioRil: Connect_RILD() error
09-09 14:26:04.695  3167  3167 E AudioRil: audio secril init failed.
09-09 14:26:04.695  3167  3167 I AudioRil: ### mMultiSim : 1
09-09 14:26:04.695  3167  3167 E AudioRil: Connect_RILD() error
09-09 14:26:04.695  3167  3167 E AudioRil: Connect_RILD_Second() error
09-09 14:26:04.695  3167  3167 D audio_hw_primary_abox: device-adev_open: Successed to init Voice Manager!
09-09 14:26:04.709  3229  3229 F DEBUG   : *** *** *** *** *** *** *** *** *** *** *** *** *** *** *** ***
09-09 14:26:04.709  3229  3229 F DEBUG   : LineageOS Version: '14.1-20170909-UNOFFICIAL-dream2lte'
09-09 14:26:04.709  3229  3229 F DEBUG   : Build fingerprint: 'samsung/dream2ltexx/dream2lte:7.0/NRD90M/G955FXXU1AQH3:user/release-keys'
09-09 14:26:04.709  3229  3229 F DEBUG   : Revision: '0'
09-09 14:26:04.709  3229  3229 F DEBUG   : ABI: 'arm'
09-09 14:26:04.709  3229  3229 F DEBUG   : pid: 3166, tid: 3166, name: app_process32  >>> /system/bin/app_process32 <<<
09-09 14:26:04.710  3229  3229 F DEBUG   : signal 11 (SIGSEGV), code 1 (SEGV_MAPERR), fault addr 0x0
09-09 14:26:04.710  3229  3229 F DEBUG   :     r0 00000000  r1 00000000  r2 00000000  r3 f77cd600
09-09 14:26:04.710  3229  3229 F DEBUG   :     r4 ff901d78  r5 3dc8c34a  r6 00000000  r7 3dc8c34a
09-09 14:26:04.710  3229  3229 F DEBUG   :     r8 ff901d44  r9 00000000  sl ff901d7c  fp f775e010
09-09 14:26:04.710  3229  3229 F DEBUG   :     ip 00000001  sp ff901d08  lr f776dc1b  pc f776dc96  cpsr 600e0030
09-09 14:26:04.716  3229  3229 F DEBUG   : 
09-09 14:26:04.716  3229  3229 F DEBUG   : backtrace:
09-09 14:26:04.716  3229  3229 F DEBUG   :     #00 pc 00003c96  /system/bin/linker (__dl__ZNK6soinfo10gnu_lookupER10SymbolNamePK12version_infoPj+93)
09-09 14:26:04.716  3229  3229 F DEBUG   :     #01 pc 00003c17  /system/bin/linker (__dl__ZNK6soinfo19find_symbol_by_nameER10SymbolNamePK12version_infoPPK9elf32_sym+34)
09-09 14:26:04.716  3229  3229 F DEBUG   :     #02 pc 000044b9  /system/bin/linker (__dl__Z16soinfo_do_lookupP6soinfoPKcPK12version_infoPS0_RK10LinkedListIS_19SoinfoListAllocatorESB_PPK9elf32_sym+316)
09-09 14:26:04.716  3229  3229 F DEBUG   :     #03 pc 00008031  /system/bin/linker (__dl__ZN6soinfo8relocateI21packed_reloc_iteratorI15sleb128_decoderEEEbRK14VersionTrackerOT_RK10LinkedListIS_19SoinfoListAllocatorESD_+248)
09-09 14:26:04.716  3229  3229 F DEBUG   :     #04 pc 00007ab3  /system/bin/linker (__dl__ZN6soinfo10link_imageERK10LinkedListIS_19SoinfoListAllocatorES4_PK17android_dlextinfo+826)
09-09 14:26:04.716  3229  3229 F DEBUG   :     #05 pc 0000ab7b  /system/bin/linker (__dl__ZL14find_librariesP19android_namespace_tP6soinfoPKPKcjPS2_PNSt3__16vectorIS2_NS8_9allocatorIS2_EEEEjiPK17android_dlextinfob+2218)
09-09 14:26:04.716  3229  3229 F DEBUG   :     #06 pc 00009c2b  /system/bin/linker (__dl__ZL29__linker_init_post_relocationR19KernelArgumentBlockj+3122)
09-09 14:26:04.716  3229  3229 F DEBUG   :     #07 pc 00008f63  /system/bin/linker (__dl___linker_init+358)
09-09 14:26:04.716  3229  3229 F DEBUG   :     #08 pc 000027c0  /system/bin/linker (_start+4)
09-09 14:26:04.798  3162  3162 V wifiloader: /proc/deferred_initcalls=0
09-09 14:26:04.798  3162  3162 V wifiloader: 
09-09 14:26:04.800  3064  3064 W         : debuggerd: resuming target 3166
09-09 14:26:04.806  3143  3143 I ServiceManager: service 'media.camera' died
09-09 14:26:04.806  3143  3143 I ServiceManager: service 'media.player' died
09-09 14:26:04.806  3143  3143 I ServiceManager: service 'media.resource_manager' died
09-09 14:26:04.806  3143  3143 I ServiceManager: service 'media.audio_flinger' died
09-09 14:26:05.555  3144  3144 D SurfaceFlinger: SF. shader cache generated - 26 shaders in 904.546936 ms
09-09 14:26:05.558  3144  3144 D SurfaceFlinger: Set power mode=2, type=0 flinger=0x7f96a48000
09-09 14:26:05.656  3164  3164 D wrapperGPS: wrapperConnect_RILD
09-09 14:26:05.802  3337  3344 D libEGL  : loaded /vendor/lib64/egl/libGLES_mali.so
09-09 14:26:05.812  3337  3344 D mali_winsys: EGLint new_window_surface(egl_winsys_display*, void*, EGLSurface, EGLConfig, egl_winsys_surface**, egl_color_buffer_format*, EGLBoolean) returns 0x3000,  [1440x2960]-format:2
09-09 14:26:05.895  3344  3344 I BootAnimation: type=1400 audit(0.0:39): avc: denied { read write } for name="fimg2d" dev="tmpfs" ino=17218 scontext=u:r:bootanim:s0 tcontext=u:object_r:device:s0 tclass=chr_file permissive=1
09-09 14:26:05.895  3344  3344 I BootAnimation: type=1400 audit(0.0:39): avc: denied { open } for path="/dev/fimg2d" dev="tmpfs" ino=17218 scontext=u:r:bootanim:s0 tcontext=u:object_r:device:s0 tclass=chr_file permissive=1
09-09 14:26:05.895  3344  3344 W BootAnimation: type=1300 audit(0.0:39): arch=c00000b7 syscall=56 success=yes exit=14 a0=ffffff9c a1=7f80329703 a2=2 a3=0 items=0 ppid=1 auid=4294967295 uid=1003 gid=1003 euid=1003 suid=1003 fsuid=1003 egid=1003 sgid=1003 fsgid=1003 tty=(none) ses=4294967295 exe="/system/bin/bootanimation" subj=u:r:bootanim:s0 key=(null)
09-09 14:26:05.895  3074  3074 W auditd  : type=1327 audit(0.0:39): proctitle="/system/bin/bootanimation"
09-09 14:26:05.895  3074  3074 W auditd  : type=1320 audit(0.0:39): 
09-09 14:26:05.895  3344  3344 I BootAnimation: type=1400 audit(0.0:40): avc: denied { ioctl } for path="/dev/fimg2d" dev="tmpfs" ino=17218 ioctlcmd=4d04 scontext=u:r:bootanim:s0 tcontext=u:object_r:device:s0 tclass=chr_file permissive=1
09-09 14:26:05.895  3344  3344 W BootAnimation: type=1300 audit(0.0:40): arch=c00000b7 syscall=29 success=yes exit=0 a0=f a1=c1104d04 a2=7f7c30d2b0 a3=0 items=0 ppid=1 auid=4294967295 uid=1003 gid=1003 euid=1003 suid=1003 fsuid=1003 egid=1003 sgid=1003 fsgid=1003 tty=(none) ses=4294967295 exe="/system/bin/bootanimation" subj=u:r:bootanim:s0 key=(null)
09-09 14:26:05.895  3074  3074 W auditd  : type=1327 audit(0.0:40): proctitle="/system/bin/bootanimation"
09-09 14:26:05.895  3074  3074 W auditd  : type=1320 audit(0.0:40): 
09-09 14:26:06.656  3164  3164 D wrapperGPS: wrapperConnect_RILD
09-09 14:26:07.656  3164  3164 D wrapperGPS: wrapperConnect_RILD
09-09 14:26:07.656  3164  3164 D gpsd    : WakeLock(Acquire,GPSD)
09-09 14:26:07.656  3164  3164 D gpsd    : WakeLock(Release,GPSD)
09-09 14:26:07.656  3164  3164 D gpsd    : WakeLock(Acquire,GPSD)
09-09 14:26:07.656  3164  3164 D gpsd    : WakeLock(Release,GPSD)
09-09 14:26:07.727  3344  3344 I BootAnimation: type=1400 audit(0.0:41): avc: denied { read write } for name="fimg2d" dev="tmpfs" ino=17218 scontext=u:r:bootanim:s0 tcontext=u:object_r:device:s0 tclass=chr_file permissive=1
09-09 14:26:07.727  3344  3344 I BootAnimation: type=1400 audit(0.0:41): avc: denied { open } for path="/dev/fimg2d" dev="tmpfs" ino=17218 scontext=u:r:bootanim:s0 tcontext=u:object_r:device:s0 tclass=chr_file permissive=1
09-09 14:26:07.727  3344  3344 W BootAnimation: type=1300 audit(0.0:41): arch=c00000b7 syscall=56 success=yes exit=14 a0=ffffff9c a1=7f80329703 a2=2 a3=0 items=0 ppid=1 auid=4294967295 uid=1003 gid=1003 euid=1003 suid=1003 fsuid=1003 egid=1003 sgid=1003 fsgid=1003 tty=(none) ses=4294967295 exe="/system/bin/bootanimation" subj=u:r:bootanim:s0 key=(null)
09-09 14:26:07.727  3074  3074 W auditd  : type=1327 audit(0.0:41): proctitle="/system/bin/bootanimation"
09-09 14:26:07.727  3074  3074 W auditd  : type=1320 audit(0.0:41): 
09-09 14:26:07.727  3344  3344 I BootAnimation: type=1400 audit(0.0:42): avc: denied { ioctl } for path="/dev/fimg2d" dev="tmpfs" ino=17218 ioctlcmd=4d04 scontext=u:r:bootanim:s0 tcontext=u:object_r:device:s0 tclass=chr_file permissive=1
09-09 14:26:07.727  3344  3344 W BootAnimation: type=1300 audit(0.0:42): arch=c00000b7 syscall=29 success=yes exit=0 a0=13 a1=c1104d04 a2=7f7c30d4b0 a3=0 items=0 ppid=1 auid=4294967295 uid=1003 gid=1003 euid=1003 suid=1003 fsuid=1003 egid=1003 sgid=1003 fsgid=1003 tty=(none) ses=4294967295 exe="/system/bin/bootanimation" subj=u:r:bootanim:s0 key=(null)
09-09 14:26:07.727  3074  3074 W auditd  : type=1327 audit(0.0:42): proctitle="/system/bin/bootanimation"
09-09 14:26:07.727  3074  3074 W auditd  : type=1320 audit(0.0:42): 
09-09 14:26:07.753  3381  3381 I Netd    : Netd 1.0 starting
09-09 14:26:07.753  3381  3381 D TetherController: Setting IP forward enable = 0
09-09 14:26:07.756  3381  3381 I QtiConnectivityAdapter: Failed to open libconnctrl, some features may not be present.
09-09 14:26:07.756  3381  3381 E         : Failed to open libdatactrl, some features may not be present.
09-09 14:26:07.757  3381  3381 E         : Failed to open libcsm_data, some features may not be present.
09-09 14:26:07.759  3074  3074 W auditd  : type=1325 audit(0.0:43): table=filter family=2 entries=13
09-09 14:26:07.759  3074  3074 W auditd  : type=1320 audit(0.0:43): 
09-09 14:26:07.778  3376  3376 I cameraserver: ServiceManager: 0xf6999440
09-09 14:26:07.778  3376  3376 I CameraService: CameraService started (pid=3376)
09-09 14:26:07.778  3376  3376 I CameraService: CameraService process starting
09-09 14:26:07.779  3074  3074 W auditd  : type=1325 audit(0.0:44): table=filter family=10 entries=13
09-09 14:26:07.779  3074  3074 W auditd  : type=1320 audit(0.0:44): 
09-09 14:26:07.779  3376  3376 W BatteryNotifier: batterystats service unavailable!
09-09 14:26:07.779  3376  3376 W BatteryNotifier: batterystats service unavailable!
09-09 14:26:07.779  3376  3376 E CameraService: Could not load camera HAL module: -2 (No such file or directory)
09-09 14:26:07.787  3074  3074 W auditd  : type=1325 audit(0.0:45): table=filter family=2 entries=12
09-09 14:26:07.787  3074  3074 W auditd  : type=1320 audit(0.0:45): 
09-09 14:26:07.795  3074  3074 W auditd  : type=1325 audit(0.0:46): table=filter family=10 entries=12
09-09 14:26:07.795  3074  3074 W auditd  : type=1320 audit(0.0:46): 
09-09 14:26:07.797  3379  3379 I         : sMaxFastTracks = 8
09-09 14:26:07.801  3379  3379 I audioserver: ServiceManager: 0xf6819440
09-09 14:26:07.802  3379  3379 W BatteryNotifier: batterystats service unavailable!
09-09 14:26:07.802  3379  3379 I AudioFlinger: Using default 3000 mSec as standby time.
09-09 14:26:07.802  3379  3379 I AudioPolicyService: AudioPolicyService CSTOR in new mode
09-09 14:26:07.803  3074  3074 W auditd  : type=1325 audit(0.0:47): table=filter family=2 entries=12
09-09 14:26:07.803  3074  3074 W auditd  : type=1320 audit(0.0:47): 
09-09 14:26:07.803  3379  3379 W APM::ConfigParsingUtils: loadOutput() invalid supported devices
09-09 14:26:07.803  3379  3379 W APM::ConfigParsingUtils: loadInput() invalid supported devices
09-09 14:26:07.804  3379  3379 W APM::ConfigParsingUtils: loadInput() invalid supported devices
09-09 14:26:07.804  3379  3379 I APM::ConfigParsingUtils: loadAudioPolicyConfig() loaded /vendor/etc/audio_policy.conf
09-09 14:26:07.807  3379  3379 I audioserver: type=1400 audit(0.0:48): avc: denied { read } for name="mps_code.dat" dev="sda3" ino=86 scontext=u:r:audioserver:s0 tcontext=u:object_r:imei_efs_file:s0 tclass=file permissive=1
09-09 14:26:07.807  3379  3379 I audioserver: type=1400 audit(0.0:48): avc: denied { open } for path="/efs/imei/mps_code.dat" dev="sda3" ino=86 scontext=u:r:audioserver:s0 tcontext=u:object_r:imei_efs_file:s0 tclass=file permissive=1
09-09 14:26:07.807  3379  3379 W audioserver: type=1300 audit(0.0:48): arch=40000028 syscall=322 per=8 success=yes exit=6 a0=ffffff9c a1=f734b245 a2=20000 a3=0 items=0 ppid=1 auid=4294967295 uid=1041 gid=1005 euid=1041 suid=1041 fsuid=1041 egid=1005 sgid=1005 fsgid=1005 tty=(none) ses=4294967295 exe="/system/bin/audioserver" subj=u:r:audioserver:s0 key=(null)
09-09 14:26:07.807  3074  3074 W auditd  : type=1327 audit(0.0:48): proctitle="/system/bin/audioserver"
09-09 14:26:07.807  3074  3074 W auditd  : type=1320 audit(0.0:48): 
09-09 14:26:07.807  3379  3379 I audioserver: type=1400 audit(0.0:49): avc: denied { getattr } for path="/efs/imei/mps_code.dat" dev="sda3" ino=86 scontext=u:r:audioserver:s0 tcontext=u:object_r:imei_efs_file:s0 tclass=file permissive=1
09-09 14:26:07.807  3379  3379 W audioserver: type=1300 audit(0.0:49): arch=40000028 syscall=197 per=8 success=yes exit=0 a0=6 a1=ff896cc0 a2=ff896d44 a3=d33 items=0 ppid=1 auid=4294967295 uid=1041 gid=1005 euid=1041 suid=1041 fsuid=1041 egid=1005 sgid=1005 fsgid=1005 tty=(none) ses=4294967295 exe="/system/bin/audioserver" subj=u:r:audioserver:s0 key=(null)
09-09 14:26:07.807  3074  3074 W auditd  : type=1327 audit(0.0:49): proctitle="/system/bin/audioserver"
09-09 14:26:07.807  3074  3074 W auditd  : type=1320 audit(0.0:49): 
09-09 14:26:07.812  3379  3379 V audio_hw_primary_abox: device-adev_open: enter
09-09 14:26:07.812  3379  3379 V DiamondVoice: + diamondvoice_open
09-09 14:26:07.813  3379  3379 D AudioInfo: MPS_CODE : SIN, get MPS_CODE
09-09 14:26:07.813  3379  3379 D AudioInfo: can not find AudioDataPath for fileName:/DiamondVoice/
09-09 14:26:07.813  3379  3379 V DiamondVoice: There is no DiamondVoice tuning data in CSC 
09-09 14:26:07.813  3379  3379 V DiamondVoice: - diamondvoice_open
09-09 14:26:07.813  3379  3379 I AudioRil: ### mMultiSim : 1
09-09 14:26:07.814  3379  3379 D audio_hw_primary_abox: device-adev_open: Successed to init Voice Manager!
09-09 14:26:07.815  3074  3074 W auditd  : type=1325 audit(0.0:50): table=filter family=10 entries=12
09-09 14:26:07.815  3074  3074 W auditd  : type=1320 audit(0.0:50): 
09-09 14:26:07.823  3074  3074 W auditd  : type=1325 audit(0.0:51): table=filter family=2 entries=10
09-09 14:26:07.833  3380  3380 I mediaserver: ServiceManager: 0xf65194a0
09-09 14:26:07.834  3380  3380 W BatteryNotifier: batterystats service unavailable!
09-09 14:26:07.947  3377  3377 D AndroidRuntime: >>>>>> START com.android.internal.os.ZygoteInit uid 0 <<<<<<
09-09 14:26:07.958  3377  3377 D AndroidRuntime: CheckJNI is ON
09-09 14:26:07.961  3377  3377 I art     : option[0]=-Xzygote
09-09 14:26:07.961  3377  3377 I art     : option[1]=-Xcheck:jni
09-09 14:26:07.961  3377  3377 I art     : option[2]=-Xstacktracefile:/data/anr/traces.txt
09-09 14:26:07.961  3377  3377 I art     : option[3]=exit
09-09 14:26:07.961  3377  3377 I art     : option[4]=vfprintf
09-09 14:26:07.961  3377  3377 I art     : option[5]=sensitiveThread
09-09 14:26:07.961  3377  3377 I art     : option[6]=-verbose:gc
09-09 14:26:07.961  3377  3377 I art     : option[7]=-Xms8m
09-09 14:26:07.961  3377  3377 I art     : option[8]=-Xmx512m
09-09 14:26:07.961  3377  3377 I art     : option[9]=-XX:HeapGrowthLimit=256m
09-09 14:26:07.961  3377  3377 I art     : option[10]=-XX:HeapMinFree=2m
09-09 14:26:07.961  3377  3377 I art     : option[11]=-XX:HeapMaxFree=8m
09-09 14:26:07.961  3377  3377 I art     : option[12]=-XX:HeapTargetUtilization=0.75
09-09 14:26:07.961  3377  3377 I art     : option[13]=-Xusejit:true
09-09 14:26:07.961  3377  3377 I art     : option[14]=-Xjitsaveprofilinginfo
09-09 14:26:07.961  3377  3377 I art     : option[15]=-agentlib:jdwp=transport=dt_android_adb,suspend=n,server=y
09-09 14:26:07.961  3377  3377 I art     : option[16]=-Xlockprofthreshold:500
09-09 14:26:07.961  3377  3377 I art     : option[17]=-Ximage-compiler-option
09-09 14:26:07.962  3377  3377 I art     : option[18]=--runtime-arg
09-09 14:26:07.962  3377  3377 I art     : option[19]=-Ximage-compiler-option
09-09 14:26:07.962  3377  3377 I art     : option[20]=-Xms64m
09-09 14:26:07.962  3377  3377 I art     : option[21]=-Ximage-compiler-option
09-09 14:26:07.962  3377  3377 I art     : option[22]=--runtime-arg
09-09 14:26:07.962  3377  3377 I art     : option[23]=-Ximage-compiler-option
09-09 14:26:07.962  3377  3377 I art     : option[24]=-Xmx64m
09-09 14:26:07.962  3377  3377 I art     : option[25]=-Ximage-compiler-option
09-09 14:26:07.962  3377  3377 I art     : option[26]=--compiler-filter=verify-at-runtime
09-09 14:26:07.962  3377  3377 I art     : option[27]=-Ximage-compiler-option
09-09 14:26:07.962  3377  3377 I art     : option[28]=--image-classes=/system/etc/preloaded-classes
09-09 14:26:07.962  3377  3377 I art     : option[29]=-Ximage-compiler-option
09-09 14:26:07.962  3377  3377 I art     : option[30]=--compiled-classes=/system/etc/compiled-classes
09-09 14:26:07.962  3377  3377 I art     : option[31]=-Xcompiler-option
09-09 14:26:07.962  3377  3377 I art     : option[32]=--runtime-arg
09-09 14:26:07.962  3377  3377 I art     : option[33]=-Xcompiler-option
09-09 14:26:07.962  3377  3377 I art     : option[34]=-Xms64m
09-09 14:26:07.962  3377  3377 I art     : option[35]=-Xcompiler-option
09-09 14:26:07.962  3377  3377 I art     : option[36]=--runtime-arg
09-09 14:26:07.962  3377  3377 I art     : option[37]=-Xcompiler-option
09-09 14:26:07.962  3377  3377 I art     : option[38]=-Xmx512m
09-09 14:26:07.962  3377  3377 I art     : option[39]=-Ximage-compiler-option
09-09 14:26:07.962  3377  3377 I art     : option[40]=--instruction-set-variant=generic
09-09 14:26:07.962  3377  3377 I art     : option[41]=-Xcompiler-option
09-09 14:26:07.962  3377  3377 I art     : option[42]=--instruction-set-variant=generic
09-09 14:26:07.962  3377  3377 I art     : option[43]=-Ximage-compiler-option
09-09 14:26:07.962  3377  3377 I art     : option[44]=--instruction-set-features=default
09-09 14:26:07.962  3377  3377 I art     : option[45]=-Xcompiler-option
09-09 14:26:07.962  3377  3377 I art     : option[46]=--instruction-set-features=default
09-09 14:26:07.962  3377  3377 I art     : option[47]=-Duser.locale=en-US
09-09 14:26:07.962  3377  3377 I art     : option[48]=--cpu-abilist=arm64-v8a
09-09 14:26:07.962  3377  3377 I art     : option[49]=-Xfingerprint:samsung/dream2ltexx/dream2lte:7.0/NRD90M/G955FXXU1AQH3:user/release-keys
09-09 14:26:08.014  3377  3377 I art     : Pruning dalvik-cache since we are generating an image and will need to recompile
09-09 14:26:08.014  3377  3377 I art     : Using an offset of 0xa8b000 from default art base address of 0x70000000
09-09 14:26:08.014  3377  3377 I art     : GenerateImage: /system/bin/dex2oat --image=/data/dalvik-cache/arm64/system@framework@boot.art --dex-file=/system/framework/core-oj.jar --dex-file=/system/framework/core-libart.jar --dex-file=/system/framework/conscrypt.jar --dex-file=/system/framework/okhttp.jar --dex-file=/system/framework/core-junit.jar --dex-file=/system/framework/bouncycastle.jar --dex-file=/system/framework/ext.jar --dex-file=/system/framework/framework.jar --dex-file=/system/framework/telephony-common.jar --dex-file=/system/framework/voip-common.jar --dex-file=/system/framework/ims-common.jar --dex-file=/system/framework/apache-xml.jar --dex-file=/system/framework/org.apache.http.legacy.boot.jar --dex-file=/system/framework/telephony-ext.jar --oat-file=/data/dalvik-cache/arm64/system@framework@boot.oat --instruction-set=arm64 --instruction-set-features=smp,a53 --base=0x70a8b000 --runtime-arg -Xms64m --runtime-arg -Xmx64m --compiler-filter=verify-at-runtime --image-classes=/system/etc/preloaded-classes --compiled-classes=/system/etc/com
