09-07 20:39:04.561  3582  3582 I SystemServer: StartLocationManagerService
09-07 20:39:04.563  3582  3582 I SystemServer: StartCountryDetectorService
09-07 20:39:04.564  3582  3582 I SystemServer: StartSearchManagerService
09-07 20:39:04.564  3582  3582 I SystemServiceManager: Starting com.android.server.search.SearchManagerService$Lifecycle
09-07 20:39:04.567  3582  3582 I SystemServiceManager: Starting com.android.server.DropBoxManagerService
09-07 20:39:04.568  3582  3582 I SystemServer: StartWallpaperManagerService
09-07 20:39:04.569  3582  3582 I SystemServiceManager: Starting com.android.server.wallpaper.WallpaperManagerService$Lifecycle
09-07 20:39:04.571  3582  3582 E WallpaperManagerService: Invalid wallpaper data
09-07 20:39:04.571  3582  3582 E WallpaperManagerService: Unable to apply new wallpaper
09-07 20:39:04.571  3582  3582 W WallpaperManagerService: no current wallpaper -- first boot?
09-07 20:39:04.572  3582  3582 I SystemServer: StartAudioService
09-07 20:39:04.572  3582  3582 I SystemServiceManager: Starting com.android.server.audio.AudioService$Lifecycle
09-07 20:39:04.577  3172  3383 D PermissionCache: checking android.permission.MODIFY_AUDIO_SETTINGS for uid=1000 => granted (711 us)
09-07 20:39:04.583  3172  3377 W AudioFlinger: no wake lock to update, system not ready yet
09-07 20:39:04.583  3172  3374 W AudioFlinger: no wake lock to update, system not ready yet
09-07 20:39:04.620  3582  3582 I SystemServiceManager: Starting com.android.server.DockObserver
09-07 20:39:04.622  3582  3582 I SystemServer: StartWiredAccessoryManager
09-07 20:39:04.623  3582  3582 W WiredAccessoryManager: This kernel does not have usb audio support
09-07 20:39:04.623  3582  3582 I SystemServiceManager: Starting com.android.server.usb.UsbService$Lifecycle
09-07 20:39:04.628  3582  3582 E UsbDeviceManager: failed to write to /sys/class/android_usb/android0/f_rndis/ethaddr
09-07 20:39:04.650  3582  3582 I UsbDeviceManager: Setting USB config to adb
09-07 20:39:04.647     1     1 I init    : type=1400 audit(0.0:127): avc: denied { write } for name="UDC" dev="configfs" ino=29961 scontext=u:r:init:s0 tcontext=u:object_r:configfs:s0 tclass=file permissive=1
09-07 20:39:04.652  3582  3588 I chatty  : uid=1000 system_server expire 1 line
09-07 20:39:05.705  3582  3582 E UsbDeviceManager: waitForState(adb) FAILED: got none
09-07 20:39:05.705  3582  3582 E UsbDeviceManager: Failed to switch USB config to adb
09-07 20:39:05.705  3582  3582 E UsbDeviceManager: Failsafe 1: Restoring previous USB functions.
09-07 20:39:05.705  3582  3582 I UsbDeviceManager: Setting USB config to mtp,adb
09-07 20:39:05.763  3582  3582 I SystemServer: StartSerialService
09-07 20:39:05.765  3582  3582 I SystemServiceManager: Starting com.android.server.twilight.TwilightService
09-07 20:39:05.766  3582  3582 I SystemServiceManager: Starting com.android.server.job.JobSchedulerService
09-07 20:39:05.771  3582  3582 I SystemServiceManager: Starting com.android.server.soundtrigger.SoundTriggerService
09-07 20:39:05.772  3582  3582 I SystemServiceManager: Starting com.android.server.backup.BackupManagerService$Lifecycle
09-07 20:39:05.774  3582  3582 I SystemServiceManager: Starting com.android.server.appwidget.AppWidgetService
09-07 20:39:05.779  3582  3582 I SystemServiceManager: Starting com.android.server.voiceinteraction.VoiceInteractionManagerService
09-07 20:39:05.782  3582  3582 I SystemServer: Gesture Launcher Service
09-07 20:39:05.782  3582  3582 I SystemServiceManager: Starting com.android.server.GestureLauncherService
09-07 20:39:05.782  3582  3582 I SystemServiceManager: Starting com.android.server.SensorNotificationService
09-07 20:39:05.782  3582  3582 I SystemServiceManager: Starting com.android.server.ContextHubSystemService
09-07 20:39:05.783  3582  3582 I SystemServer: StartDiskStatsService
09-07 20:39:05.785  3582  3582 I SystemServer: StartSamplingProfilerService
09-07 20:39:05.826  3582  3582 I SystemServer: StartNetworkTimeUpdateService
09-07 20:39:05.827  3582  3582 I SystemServer: StartCommonTimeManagementService
09-07 20:39:05.828  3582  3582 I SystemServer: CertBlacklister
09-07 20:39:05.830  3582  3582 I SystemServiceManager: Starting com.android.server.emergency.EmergencyAffordanceService
09-07 20:39:05.830  3582  3582 I SystemServiceManager: Starting com.android.server.dreams.DreamManagerService
09-07 20:39:05.832  3582  3582 I SystemServer: StartAssetAtlasService
09-07 20:39:05.838  3582  4695 I chatty  : uid=1000 system_server expire 4 lines
09-07 20:39:05.839  3582  4697 I chatty  : uid=1000 system_server expire 1 line
09-07 20:39:05.839  3582  4696 I chatty  : uid=1000 system_server expire 1 line
09-07 20:39:05.839  3582  4698 I chatty  : uid=1000 system_server expire 1 line
09-07 20:39:05.840  3582  4699 I chatty  : uid=1000 system_server expire 1 line
09-07 20:39:05.840  3582  3582 I SystemServiceManager: Starting com.android.server.print.PrintManagerService
09-07 20:39:05.841  3582  4700 I chatty  : uid=1000 system_server expire 1 line
09-07 20:39:05.841  3582  4701 I chatty  : uid=1000 system_server expire 1 line
09-07 20:39:05.843  3582  3582 I SystemServiceManager: Starting com.android.server.restrictions.RestrictionsManagerService
09-07 20:39:05.843  3582  4703 I chatty  : uid=1000 system_server expire 1 line
09-07 20:39:05.846  3582  3582 I SystemServiceManager: Starting com.android.server.media.MediaSessionService
09-07 20:39:05.848  3582  3582 I SystemServer: StartMediaRouterService
09-07 20:39:05.850  3582  3582 I SystemServiceManager: Starting com.android.server.trust.TrustManagerService
09-07 20:39:05.851  3582  4702 I chatty  : uid=1000 system_server expire 1 line
09-07 20:39:05.851  3582  3582 I SystemServiceManager: Starting com.android.server.fingerprint.FingerprintService
09-07 20:39:05.855  3183  3183 D PermissionCache: checking android.permission.MANAGE_FINGERPRINT for uid=1000 => granted (894 us)
09-07 20:39:05.856  3183  3183 V fingerprintd: nativeOpenHal()
09-07 20:39:05.870  3183  3183 D bauth_service: BAuthService, 155
09-07 20:39:05.870  3183  3183 D bauth_service: BAuthService, 54
09-07 20:39:05.870  3183  3183 D bauth_service: BAuthService, 85
09-07 20:39:05.870  3183  3183 D bauth_service: BAuthService, 197
09-07 20:39:05.871  3183  3183 D bauth_FPBAuthService: FPBAuthService, 8045
09-07 20:39:05.871  3183  3183 D bauth_FPBAuthService: 5, 7
09-07 20:39:05.871  3183  3183 D bauth_FPBAuthService: w1, s0
09-07 20:39:05.871  3183  3183 D bauth_FPBAuthSensorControl: FPBAuthSensorControl, 59
09-07 20:39:05.871  3183  3183 D bauth_FPBAuthService: FPBAuthService, 248
09-07 20:39:05.871  3183  3183 D bauth_FPBAuthService: FPBAuthService, 7971
09-07 20:39:05.871  3183  3183 D bauth_FPBAuthService: -1, 3
09-07 20:39:05.871  3183  3183 D bauth_FPBAuthService: FPBAuthService, 649
09-07 20:39:05.872  3183  3183 D bauth_FPBAuthSensorControl: FPBAuthSensorControl, 304
09-07 20:39:05.872  3183  3183 D bauth_FPBAuthService: FPBAuthService, 666
09-07 20:39:05.872  3183  3183 D bauth_FPBAuthService: FPBAuthService, 7879
09-07 20:39:05.872  3183  3183 I TLC_BAUTH: FUNC ID 0x1 is completed;437
09-07 20:39:05.872  3183  3183 I TLC_BAUTH: Call FUNC ID 0x3 , 5;477
09-07 20:39:05.872  3183  3183 I tlc_communication: tlc_open() called;82
09-07 20:39:05.872  3183  3183 I tlc_communication: Opening MobiCore device;86
09-07 20:39:05.872  3137  3153 E TeeMcDaemon: Insufficient data arrived [hardware/samsung_slsi/exynos8895/mobicore_kinibi400/Daemon/src/RegistryServer.cpp:404]
09-07 20:39:05.872  3183  3183 E McClient:   *****************************
09-07 20:39:05.872  3183  3183 E McClient:   *** ERROR: reading from Daemon failed
09-07 20:39:05.872  3183  3183 E McClient:   *** Detected in getDaemonVersion/1472()
09-07 20:39:05.872  3183  3183 E McClient:   *****************************
09-07 20:39:05.872  3183  3183 E tlc_communication:   *****************************
09-07 20:39:05.872  3183  3183 E tlc_communication:   *** ERROR: Opening MobiCore device is failed : 15
09-07 20:39:05.872  3183  3183 E tlc_communication:   *** Detected in tlc_open/94()
09-07 20:39:05.872  3183  3183 E tlc_communication:   *****************************
09-07 20:39:05.872  3183  3183 E TLC_BAUTH:   *****************************
09-07 20:39:05.872  3183  3183 E TLC_BAUTH:   *** ERROR: Open Trustlet Session is failed!!!
09-07 20:39:05.872  3183  3183 E TLC_BAUTH:   *** Detected in BAuth_SessionOpen/531()
09-07 20:39:05.872  3183  3183 E TLC_BAUTH:   *****************************
09-07 20:39:05.872  3183  3183 I tlc_communication: tlc_close() called;149
09-07 20:39:05.872  3183  3183 I tlc_communication: Closing the session;153
09-07 20:39:05.872  3183  3183 E McClient:   *****************************
09-07 20:39:05.872  3183  3183 E McClient:   *** ERROR: Device has not been found
09-07 20:39:05.872  3183  3183 E McClient:   *** Detected in mcCloseSession/906()
09-07 20:39:05.872  3183  3183 E McClient:   *****************************
09-07 20:39:05.872  3183  3183 E tlc_communication:   *****************************
09-07 20:39:05.872  3183  3183 E tlc_communication:   *** ERROR: Closing the Driver session is failed : 7
09-07 20:39:05.872  3183  3183 E tlc_communication:   *** Detected in tlc_close/157()
09-07 20:39:05.872  3183  3183 E tlc_communication:   *****************************
09-07 20:39:05.873  3183  3183 E McClient:   *****************************
09-07 20:39:05.873  3183  3183 E McClient:   *** ERROR: Device has not been found
09-07 20:39:05.873  3183  3183 E McClient:   *** Detected in mcCloseSession/906()
09-07 20:39:05.873  3183  3183 E McClient:   *****************************
09-07 20:39:05.873  3183  3183 E tlc_communication:   *****************************
09-07 20:39:05.873  3183  3183 E tlc_communication:   *** ERROR: Closing the Trustlet session is failed : 7
09-07 20:39:05.873  3183  3183 E tlc_communication:   *** Detected in tlc_close/164()
09-07 20:39:05.873  3183  3183 E tlc_communication:   *****************************
09-07 20:39:05.873  3183  3183 I tlc_communication: Free WSM;171
09-07 20:39:05.873  3183  3183 E McClient:   *****************************
09-07 20:39:05.873  3183  3183 E McClient:   *** ERROR: Device has not been found
09-07 20:39:05.873  3183  3183 E McClient:   *** Detected in mcFreeWsm/1143()
09-07 20:39:05.873  3183  3183 E McClient:   *****************************
09-07 20:39:05.873  3183  3183 E tlc_communication:   *****************************
09-07 20:39:05.873  3183  3183 E tlc_communication:   *** ERROR: Free WSM for Trustlet is failed : 7
09-07 20:39:05.873  3183  3183 E tlc_communication:   *** Detected in tlc_close/175()
09-07 20:39:05.873  3183  3183 E tlc_communication:   *****************************
09-07 20:39:05.873  3183  3183 E McClient:   *****************************
09-07 20:39:05.873  3183  3183 E McClient:   *** ERROR: Device has not been found
09-07 20:39:05.873  3183  3183 E McClient:   *** Detected in mcFreeWsm/1143()
09-07 20:39:05.873  3183  3183 E McClient:   *****************************
09-07 20:39:05.873  3183  3183 E tlc_communication:   *****************************
09-07 20:39:05.873  3183  3183 E tlc_communication:   *** ERROR: Free WSM for Driver is failed : 7
09-07 20:39:05.873  3183  3183 E tlc_communication:   *** Detected in tlc_close/182()
09-07 20:39:05.873  3183  3183 E tlc_communication:   *****************************
09-07 20:39:05.873  3183  3183 I tlc_communication: Closing MobiCore device;189
09-07 20:39:05.873  3183  3183 E McClient:   *****************************
09-07 20:39:05.873  3183  3183 E McClient:   *** ERROR: Device not open
09-07 20:39:05.873  3183  3183 E McClient:   *** Detected in mcCloseDevice/292()
09-07 20:39:05.873  3183  3183 E McClient:   *****************************
09-07 20:39:05.873  3183  3183 E tlc_communication:   *****************************
09-07 20:39:05.873  3183  3183 E tlc_communication:   *** ERROR: Closing MobiCore device is failed : 33
09-07 20:39:05.873  3183  3183 E tlc_communication:   *** Detected in tlc_close/197()
09-07 20:39:05.873  3183  3183 E tlc_communication:   *****************************
09-07 20:39:05.873  3183  3183 I tlc_communication: tlc_close() successed;202
09-07 20:39:05.873  3183  3183 E bauth_FPBAuthService: BAuthSessionOpen Fail
09-07 20:39:05.873  3183  3183 I TLC_BAUTH: Call FUNC ID 0x4;696
09-07 20:39:05.873  3183  3183 I TLC_BAUTH: Trustlet Session is not opened. status : 0;822
09-07 20:39:05.873  3183  3183 I TLC_BAUTH: FUNC ID 0x4 is completed;828
09-07 20:39:05.873  3183  3183 I TLC_BAUTH: FUNC ID 0x2 is completed;463
09-07 20:39:05.873  3183  3183 D bauth_FPBAuthSensorControl: FPBAuthSensorControl, 304
09-07 20:39:05.873  3183  3183 D bauth_FPBAuthService: FPBAuthService, 688
09-07 20:39:05.873  3183  3183 D bauth_FPBAuthService: FPBAuthService, 7939
09-07 20:39:05.873  3183  3183 E bauth_FPBAuthService: sensor_type error : -1
09-07 20:39:05.873  3183  3183 D bauth_FPBAuthSensorControl: FPBAuthSensorControl, 839
09-07 20:39:05.873  3183  3183 D bauth_FPBAuthService: FPBAuthService, 278
09-07 20:39:05.873  3183  3183 D bauth_FPBAuthService: FPBAuthService, 628
09-07 20:39:05.874  3183  3183 D bauth_FPBAuthService: FPBAuthService, 1864
09-07 20:39:05.874  3183  3183 D bauth_FPBAuthService: FPBAuthService, 649
09-07 20:39:05.874  3183  3183 D bauth_FPBAuthSensorControl: FPBAuthSensorControl, 304
09-07 20:39:05.874  3183  3183 D bauth_FPBAuthService: FPBAuthService, 666
09-07 20:39:05.874  3183  3183 D bauth_FPBAuthService: FPBAuthService, 1886
09-07 20:39:05.874  3183  3183 I TLC_BAUTH: FUNC ID 0x1 is completed;437
09-07 20:39:05.874  3183  3183 I TLC_BAUTH: Call FUNC ID 0x3 , 5;477
09-07 20:39:05.874  3183  3183 I tlc_communication: tlc_open() called;82
09-07 20:39:05.874  3183  3183 I tlc_communication: Opening MobiCore device;86
09-07 20:39:05.874  3137  3153 E TeeMcDaemon: Insufficient data arrived [hardware/samsung_slsi/exynos8895/mobicore_kinibi400/Daemon/src/RegistryServer.cpp:404]
09-07 20:39:05.874  3183  3183 E McClient:   *****************************
09-07 20:39:05.874  3183  3183 E McClient:   *** ERROR: reading from Daemon failed
09-07 20:39:05.874  3183  3183 E McClient:   *** Detected in getDaemonVersion/1472()
09-07 20:39:05.874  3183  3183 E McClient:   *****************************
09-07 20:39:05.874  3183  3183 E tlc_communication:   *****************************
09-07 20:39:05.874  3183  3183 E tlc_communication:   *** ERROR: Opening MobiCore device is failed : 15
09-07 20:39:05.874  3183  3183 E tlc_communication:   *** Detected in tlc_open/94()
09-07 20:39:05.874  3183  3183 E tlc_communication:   *****************************
09-07 20:39:05.874  3183  3183 E TLC_BAUTH:   *****************************
09-07 20:39:05.874  3183  3183 E TLC_BAUTH:   *** ERROR: Open Trustlet Session is failed!!!
09-07 20:39:05.874  3183  3183 E TLC_BAUTH:   *** Detected in BAuth_SessionOpen/531()
09-07 20:39:05.874  3183  3183 E TLC_BAUTH:   *****************************
09-07 20:39:05.874  3183  3183 I tlc_communication: tlc_close() called;149
09-07 20:39:05.874  3183  3183 I tlc_communication: Closing the session;153
09-07 20:39:05.874  3183  3183 E McClient:   *****************************
09-07 20:39:05.874  3183  3183 E McClient:   *** ERROR: Device has not been found
09-07 20:39:05.874  3183  3183 E McClient:   *** Detected in mcCloseSession/906()
09-07 20:39:05.874  3183  3183 E McClient:   *****************************
09-07 20:39:05.874  3183  3183 E tlc_communication:   *****************************
09-07 20:39:05.874  3183  3183 E tlc_communication:   *** ERROR: Closing the Driver session is failed : 7
09-07 20:39:05.874  3183  3183 E tlc_communication:   *** Detected in tlc_close/157()
09-07 20:39:05.874  3183  3183 E tlc_communication:   *****************************
09-07 20:39:05.874  3183  3183 E McClient:   *****************************
09-07 20:39:05.874  3183  3183 E McClient:   *** ERROR: Device has not been found
09-07 20:39:05.874  3183  3183 E McClient:   *** Detected in mcCloseSession/906()
09-07 20:39:05.874  3183  3183 E McClient:   *****************************
09-07 20:39:05.875  3183  3183 E tlc_communication:   *****************************
09-07 20:39:05.875  3183  3183 E tlc_communication:   *** ERROR: Closing the Trustlet session is failed : 7
09-07 20:39:05.875  3183  3183 E tlc_communication:   *** Detected in tlc_close/164()
09-07 20:39:05.875  3183  3183 E tlc_communication:   *****************************
09-07 20:39:05.875  3183  3183 I tlc_communication: Free WSM;171
09-07 20:39:05.875  3183  3183 E McClient:   *****************************
09-07 20:39:05.875  3183  3183 E McClient:   *** ERROR: Device has not been found
09-07 20:39:05.875  3183  3183 E McClient:   *** Detected in mcFreeWsm/1143()
09-07 20:39:05.875  3183  3183 E McClient:   *****************************
09-07 20:39:05.875  3183  3183 E tlc_communication:   *****************************
09-07 20:39:05.875  3183  3183 E tlc_communication:   *** ERROR: Free WSM for Trustlet is failed : 7
09-07 20:39:05.875  3183  3183 E tlc_communication:   *** Detected in tlc_close/175()
09-07 20:39:05.875  3183  3183 E tlc_communication:   *****************************
09-07 20:39:05.875  3183  3183 E McClient:   *****************************
09-07 20:39:05.875  3183  3183 E McClient:   *** ERROR: Device has not been found
09-07 20:39:05.875  3183  3183 E McClient:   *** Detected in mcFreeWsm/1143()
09-07 20:39:05.875  3183  3183 E McClient:   *****************************
09-07 20:39:05.875  3183  3183 E tlc_communication:   *****************************
09-07 20:39:05.875  3183  3183 E tlc_communication:   *** ERROR: Free WSM for Driver is failed : 7
09-07 20:39:05.875  3183  3183 E tlc_communication:   *** Detected in tlc_close/182()
09-07 20:39:05.875  3183  3183 E tlc_communication:   *****************************
09-07 20:39:05.875  3183  3183 I tlc_communication: Closing MobiCore device;189
09-07 20:39:05.875  3183  3183 E McClient:   *****************************
09-07 20:39:05.875  3183  3183 E McClient:   *** ERROR: Device not open
09-07 20:39:05.875  3183  3183 E McClient:   *** Detected in mcCloseDevice/292()
09-07 20:39:05.875  3183  3183 E McClient:   *****************************
09-07 20:39:05.875  3183  3183 E tlc_communication:   *****************************
09-07 20:39:05.875  3183  3183 E tlc_communication:   *** ERROR: Closing MobiCore device is failed : 33
09-07 20:39:05.875  3183  3183 E tlc_communication:   *** Detected in tlc_close/197()
09-07 20:39:05.875  3183  3183 E tlc_communication:   *****************************
09-07 20:39:05.875  3183  3183 I tlc_communication: tlc_close() successed;202
09-07 20:39:05.875  3183  3183 E bauth_FPBAuthService: BAuthSessionOpen Fail
09-07 20:39:05.875  3183  3183 D bauth_FPBAuthService: thread id : 3, preenroll_flag : 0, nd cnt : 0
09-07 20:39:05.875  3183  3183 D bauth_FPBAuthService: FPBAuthService, 7282
09-07 20:39:05.876  3183  3183 D bauth_service: BAuthService, 248
09-07 20:39:05.876  3183  3183 E fingerprintd: Wrong fp version. Expected 513, got 512
09-07 20:39:05.876  3183  3183 D bauth_service: BAuthService, 1692
09-07 20:39:05.876  3183  3183 D bauth_FPBAuthService: FPBAUTH setNotifyCallback
09-07 20:39:05.876  3183  3183 D bauth_FPBAuthService: thread id : 3, preenroll_flag : 0, nd cnt : 0
09-07 20:39:05.876  3183  3183 D bauth_service: BAuthService, 1711
09-07 20:39:05.876  3183  3183 V fingerprintd: fingerprint HAL successfully initialized
09-07 20:39:05.877  3183  3183 V fingerprintd: setActiveGroup(0, /data/system/users/0/fpdata, 27)
09-07 20:39:05.877  3183  3183 D bauth_service: BAuthService, 1718
09-07 20:39:05.878  3183  3183 E bauth_FPBAuthService: active_group path is diff : /data/system/users/0/fpdata
09-07 20:39:05.878  3183  3183 D bauth_FPBAuthService: FPBAuthService, 4229
09-07 20:39:05.878  3183  3183 D bauth_FPBAuthService: FPBAuthService, 5217
09-07 20:39:05.878  3183  3183 D bauth_FPBAuthService: FPBAuthService, 5221
09-07 20:39:05.878  3183  3183 D bauth_FPBAuthService: FPBAuthService, 5264
09-07 20:39:05.879  3183  3183 E bauth_FPBAuthServiceStorage: UserID Directory is not existed
09-07 20:39:05.879  3183  3183 E bauth_FPBAuthService: getEnrolledBioIdxList num templates is in DB is 0
09-07 20:39:05.879  3183  3183 D bauth_FPBAuthService: FPBAuthService, 5224
09-07 20:39:05.879  3183  3183 D bauth_FPBAuthService: enumerate bioidxList.length==0 or 1
09-07 20:39:05.879  3183  3183 D bauth_FPBAuthService: FPBAuthService, 5264
09-07 20:39:05.880  3183  3183 E bauth_FPBAuthServiceStorage: UserID Directory is not existed
09-07 20:39:05.880  3183  3183 E bauth_FPBAuthService: getEnrolledBioIdxList num templates is in DB is 0
09-07 20:39:05.880  3183  3183 D bauth_FPBAuthService: FPBAuthService, 5255
09-07 20:39:05.880  3183  3183 D bauth_FPBAuthService: BAuthSessionOpen Skip
09-07 20:39:05.880  3183  3183 E bauth_FPBAuthServiceStorage: FPBAuthServiceStorage::readCALIBRATIONMetaData VERSION file isn't exist
09-07 20:39:05.880  3183  3183 E bauth_FPBAuthService: Version file isn't exist
09-07 20:39:05.880  3183  3183 E bauth_FPBAuthServiceStorage:  FPBAuthServiceStorage::readSEC_AUTH_IDMetaData fileopen error : 2
09-07 20:39:05.880  3183  3183 D bauth_FPBAuthService: SEC_AUTH_ID file isn't exist
09-07 20:39:05.880  3183  3183 I TLC_BAUTH: Call FP cmd 0xc (45);1562
09-07 20:39:05.880  3183  3183 I TLC_BAUTH: status : 0, cmd : 0x0x0 rsp : 0x0x0;1599
09-07 20:39:05.880  3183  3183 E TLC_BAUTH:   *****************************
09-07 20:39:05.880  3183  3183 E TLC_BAUTH:   *** ERROR: TZ Session is not opened properly - Ignore
09-07 20:39:05.880  3183  3183 E TLC_BAUTH:   *** Detected in BAuth_Control_OP/1599()
09-07 20:39:05.880  3183  3183 E TLC_BAUTH:   *****************************
09-07 20:39:05.880  3183  3183 E bauth_FPBAuthService: set_active_group BAUTH_OP_CODE_SAVE_SECAUTH_ID fail : 29
09-07 20:39:05.880  3183  3183 D bauth_FPBAuthService: FPBAuthService, 4462
09-07 20:39:05.880  3183  3183 D bauth_FPBAuthService: thread id : 3, preenroll_flag : 0, nd cnt : 0
09-07 20:39:05.880  3183  3183 D bauth_service: BAuthService, 1739
09-07 20:39:05.880  3183  3183 D bauth_service: BAuthService, 371
09-07 20:39:05.880  3183  3183 D bauth_FPBAuthService: get_aid val : 0
09-07 20:39:05.880  3183  3183 D bauth_FPBAuthService: thread id : 3, preenroll_flag : 0, nd cnt : 0
09-07 20:39:05.880  3183  3183 D bauth_service: BAuthService, 390
09-07 20:39:05.881  3183  3183 D bauth_service: BAuthService, 371
09-07 20:39:05.881  3183  3183 D bauth_FPBAuthService: get_aid val : 0
09-07 20:39:05.881  3183  3183 D bauth_FPBAuthService: thread id : 3, preenroll_flag : 0, nd cnt : 0
09-07 20:39:05.881  3183  3183 D bauth_service: BAuthService, 390
09-07 20:39:05.881  3582  3582 V FingerprintService: Fingerprint HAL id: 548109844992
09-07 20:39:05.881  3582  3582 I SystemServer: StartBackgroundDexOptService
09-07 20:39:05.882  3582  3582 I SystemServiceManager: Starting com.android.server.pm.ShortcutService$Lifecycle
09-07 20:39:05.885  3582  3582 I SystemServiceManager: Starting com.android.server.pm.LauncherAppsService
09-07 20:39:05.887  3582  3582 I SystemServiceManager: Starting com.android.server.media.projection.MediaProjectionManagerService
09-07 20:39:05.940  3582  3582 I SyncManager: No initial accounts
09-07 20:39:05.940  3582  3582 I SyncManager: No initial status
09-07 20:39:05.940  3582  3582 I SyncManager: No initial statistics
09-07 20:39:06.024  3582  3582 I SystemServiceManager: Starting com.android.server.MmsServiceBroker
09-07 20:39:06.028  3582  3582 I CMSystemServer: Attempting to start service org.cyanogenmod.platform.internal.CMStatusBarManagerService
09-07 20:39:06.033  3582  3582 I CMSystemServer: Starting service org.cyanogenmod.platform.internal.CMStatusBarManagerService
09-07 20:39:06.033  3582  3582 I SystemServiceManager: Starting org.cyanogenmod.platform.internal.CMStatusBarManagerService
09-07 20:39:06.037  3582  3582 I CMSystemServer: Attempting to start service org.cyanogenmod.platform.internal.ProfileManagerService
09-07 20:39:06.044  3582  3582 I CMSystemServer: Starting service org.cyanogenmod.platform.internal.ProfileManagerService
09-07 20:39:06.044  3582  3582 I SystemServiceManager: Starting org.cyanogenmod.platform.internal.ProfileManagerService
09-07 20:39:06.045  3145  3145 E ServiceManager: add_service('profile',6d) uid=1000 - ALREADY REGISTERED, OVERRIDE
09-07 20:39:06.045  3145  3145 I ServiceManager: service 'profile' died
09-07 20:39:06.062  3582  3582 I CMSystemServer: Attempting to start service org.cyanogenmod.platform.internal.CMTelephonyManagerService
09-07 20:39:06.062  3582  3582 I CMSystemServer: Starting service org.cyanogenmod.platform.internal.CMTelephonyManagerService
09-07 20:39:06.062  3582  3582 I SystemServiceManager: Starting org.cyanogenmod.platform.internal.CMTelephonyManagerService
09-07 20:39:06.063  3582  3582 I CMSystemServer: Attempting to start service org.cyanogenmod.platform.internal.CMHardwareService
09-07 20:39:06.076  3582  3582 I CMSystemServer: Starting service org.cyanogenmod.platform.internal.CMHardwareService
09-07 20:39:06.076  3582  3582 I SystemServiceManager: Starting org.cyanogenmod.platform.internal.CMHardwareService
09-07 20:39:06.079  3145  3145 E ServiceManager: add_service('cmhardware',6f) uid=1000 - ALREADY REGISTERED, OVERRIDE
09-07 20:39:06.079  3145  3145 I ServiceManager: service 'cmhardware' died
09-07 20:39:06.079  3582  3582 I CMSystemServer: Attempting to start service org.cyanogenmod.platform.internal.PerformanceManagerService
09-07 20:39:06.082  3582  4708 I ServiceThread: Enabled StrictMode logging for PerformanceManager looper.
09-07 20:39:06.082  3582  3582 I CMSystemServer: Starting service org.cyanogenmod.platform.internal.PerformanceManagerService
09-07 20:39:06.082  3582  3582 I SystemServiceManager: Starting org.cyanogenmod.platform.internal.PerformanceManagerService
09-07 20:39:06.083  3582  4709 I ServiceThread: Enabled StrictMode logging for PerformanceManager looper.
09-07 20:39:06.084  3582  3582 I CMSystemServer: Attempting to start service org.cyanogenmod.platform.internal.WeatherManagerServiceBroker
09-07 20:39:06.085  3582  3582 I CMSystemServer: Starting service org.cyanogenmod.platform.internal.WeatherManagerServiceBroker
09-07 20:39:06.085  3582  3582 I SystemServiceManager: Starting org.cyanogenmod.platform.internal.WeatherManagerServiceBroker
09-07 20:39:06.086  3582  3582 I CMSystemServer: Attempting to start service org.cyanogenmod.platform.internal.display.LiveDisplayService
09-07 20:39:06.089  3582  4710 I ServiceThread: Enabled StrictMode logging for LiveDisplay looper.
09-07 20:39:06.093  3582  3582 I CMSystemServer: Starting service org.cyanogenmod.platform.internal.display.LiveDisplayService
09-07 20:39:06.093  3582  3582 I SystemServiceManager: Starting org.cyanogenmod.platform.internal.display.LiveDisplayService
09-07 20:39:06.094  3582  4711 I ServiceThread: Enabled StrictMode logging for LiveDisplay looper.
09-07 20:39:06.097  3582  3582 I CMSystemServer: Attempting to start service org.cyanogenmod.platform.internal.CMAudioServiceBroker
09-07 20:39:06.098  3582  3582 I CMSystemServer: Starting service org.cyanogenmod.platform.internal.CMAudioServiceBroker
09-07 20:39:06.098  3582  3582 I SystemServiceManager: Starting org.cyanogenmod.platform.internal.CMAudioServiceBroker
09-07 20:39:06.099  3582  3582 I SystemServiceManager: Starting com.android.server.retaildemo.RetailDemoModeService
09-07 20:39:06.104  3582  4712 I ServiceThread: Enabled StrictMode logging for RetailDemoModeService looper.
09-07 20:39:06.115  4695  4695 I Thread-2: type=1400 audit(0.0:128): avc: denied { read write } for name="fimg2d" dev="tmpfs" ino=17127 scontext=u:r:system_server:s0 tcontext=u:object_r:device:s0 tclass=chr_file permissive=1
09-07 20:39:06.115  4695  4695 I Thread-2: type=1400 audit(0.0:128): avc: denied { open } for path="/dev/fimg2d" dev="tmpfs" ino=17127 scontext=u:r:system_server:s0 tcontext=u:object_r:device:s0 tclass=chr_file permissive=1
09-07 20:39:06.115  4695  4695 W Thread-2: type=1300 audit(0.0:128): arch=c00000b7 syscall=56 success=yes exit=161 a0=ffffff9c a1=7f9ae7c703 a2=2 a3=0 items=0 ppid=3170 auid=4294967295 uid=1000 gid=1000 euid=1000 suid=1000 fsuid=1000 egid=1000 sgid=1000 fsgid=1000 tty=(none) ses=4294967295 exe="/system/bin/app_process64" subj=u:r:system_server:s0 key=(null)
09-07 20:39:06.115  3074  3074 W auditd  : type=1327 audit(0.0:128): proctitle="system_server"
09-07 20:39:06.115  3074  3074 W auditd  : type=1320 audit(0.0:128): 
09-07 20:39:06.115  4695  4695 I Thread-2: type=1400 audit(0.0:129): avc: denied { ioctl } for path="/dev/fimg2d" dev="tmpfs" ino=17127 ioctlcmd=4d04 scontext=u:r:system_server:s0 tcontext=u:object_r:device:s0 tclass=chr_file permissive=1
09-07 20:39:06.115  4695  4695 W Thread-2: type=1300 audit(0.0:129): arch=c00000b7 syscall=29 success=yes exit=0 a0=a2 a1=c1104d04 a2=7f8ca552b0 a3=0 items=0 ppid=3170 auid=4294967295 uid=1000 gid=1000 euid=1000 suid=1000 fsuid=1000 egid=1000 sgid=1000 fsgid=1000 tty=(none) ses=4294967295 exe="/system/bin/app_process64" subj=u:r:system_server:s0 key=(null)
09-07 20:39:06.115  3074  3074 W auditd  : type=1327 audit(0.0:129): proctitle="system_server"
09-07 20:39:06.115  3074  3074 W auditd  : type=1320 audit(0.0:129): 
09-07 20:39:06.285  3582  3582 I LockSettingsService: Migrated lock settings to new location
09-07 20:39:06.306  3582  3582 I LockSettingsService: Migrated per-user lock settings to new location
09-07 20:39:06.349  3582  3582 I LockSettingsService: Migrated biometric weak to use the fallback instead
09-07 20:39:06.370  3582  3582 I LockSettingsService: Migrated lockscreen disabled flag
09-07 20:39:06.377  3582  3582 E LockSettingsStorage: Cannot read file java.io.FileNotFoundException: /data/system/gatekeeper.password.key: open failed: ENOENT (No such file or directory)
09-07 20:39:06.377  3582  3582 E LockSettingsStorage: Cannot read file java.io.FileNotFoundException: /data/system/password.key: open failed: ENOENT (No such file or directory)
09-07 20:39:06.378  3582  3582 E LockSettingsStorage: Cannot read file java.io.FileNotFoundException: /data/system/gatekeeper.pattern.key: open failed: ENOENT (No such file or directory)
09-07 20:39:06.378  3582  3582 E LockSettingsStorage: Cannot read file java.io.FileNotFoundException: /data/system/gatekeeper.gesture.key: open failed: ENOENT (No such file or directory)
09-07 20:39:06.378  3582  3582 E LockSettingsStorage: Cannot read file java.io.FileNotFoundException: /data/system/gesture.key: open failed: ENOENT (No such file or directory)
09-07 20:39:06.379  3582  3582 I SystemServiceManager: Starting phase 480
09-07 20:39:06.383  3582  3582 I SystemServiceManager: Starting phase 500
09-07 20:39:06.393  3582  3582 I WifiService: WifiService starting up with Wi-Fi enabled
09-07 20:39:06.395  3582  3582 D WifiService: setWifiEnabled: true pid=3582, uid=1000
09-07 20:39:06.397  3582  4670 I chatty  : uid=1000(system) WifiService expire 2 lines
09-07 20:39:06.405  3582  4675 D ConnectivityService: Got NetworkFactory Messenger for Ethernet
09-07 20:39:06.406  3582  4728 I chatty  : uid=1000(system) EthernetService expire 1 line
09-07 20:39:06.426  3582  3582 D ZenLog  : config: cleanUpZenRules,ZenModeConfig[user=0,allowCalls=true,allowRepeatCallers=false,allowMessages=false,allowCallsFrom=contacts,allowMessagesFrom=contacts,allowReminders=true,allowEvents=true,allowWhenScreenOff=true,allowWhenScreenOn=true,automaticRules={7cdf785d97a143b6b5f605088f28a868=ZenRule[enabled=false,snoozing=false,name=Weekend,zenMode=ZEN_MODE_ALARMS,conditionId=condition://android/schedule?days=6.7&start=23.30&end=10.0&exitAtAlarm=false,condition=null,component=ComponentInfo{android/com.android.server.notification.ScheduleConditionProvider},id=7cdf785d97a143b6b5f605088f28a868,creationTime=1504816744512,enabler=null], 2eb5d332b7b84e97a1bf22d75a7c05c2=ZenRule[enabled=false,snoozing=false,name=Weeknight,zenMode=ZEN_MODE_ALARMS,conditionId=condition://android/schedule?days=1.2.3.4.5&start=22.0&end=7.0&exitAtAlarm=false,condition=null,component=ComponentInfo{android/com.android.server.notification.ScheduleConditionProvider},id=2eb5d332b7b84e97a1bf22d75a7c05c2,creationTime=1504816744512,enabler=null], 68ebde91777047a5b20b1dd0f47d200e=ZenRule[enabled=false,snoozing=false,name=Event,zenMode=ZEN_MODE_ALARMS,conditionId=condition://android/event?userId=-10000&calendar=&reply=1,condition=null,component=ComponentInfo{android/com.android.server.notification.EventConditionProvider},id=68ebde91777047a5b20b1dd0f47d200e,creationTime=1504816744513,enabler=null]},manualRule=null],Diff[]
09-07 20:39:06.427  3582  3582 D ZenLog  : set_zen_mode: off,onSystemReady
09-07 20:39:06.430  3172  3383 D PermissionCache: checking android.permission.CAPTURE_AUDIO_HOTWORD for uid=1000 => granted (168 us)
09-07 20:39:06.430  3582  3582 W SoundTriggerHelper: listModules status=0, # of modules=0
09-07 20:39:06.435  3582  3582 E PerformanceManager: System is not ready, dropping profile request
09-07 20:39:06.506  3582  3678 W LocalDisplayAdapter: Unable to find color mode 0, ignoring request.
09-07 20:39:06.508  3582  3582 D VoldConnector: SND -> {4 volume remount_uid 1001 none}
09-07 20:39:06.509  3066  3133 D vold    : Remounting 1001 as mode none
09-07 20:39:06.513  3066  3133 D vold    : Found matching PID 3166
09-07 20:39:06.513  3066  3133 W vold    : Skipping due to root namespace
09-07 20:39:06.514  3066  3133 D vold    : Found matching PID 3204
09-07 20:39:06.514  3066  3133 W vold    : Skipping due to root namespace
09-07 20:39:06.514  3582  4023 D VoldConnector: RCV <- {200 4 Command succeeded}
09-07 20:39:06.516  3582  3582 D VoldConnector: SND -> {5 volume remount_uid 1001 none}
09-07 20:39:06.517  3066  3133 D vold    : Remounting 1001 as mode none
09-07 20:39:06.519  3066  3133 D vold    : Found matching PID 3166
09-07 20:39:06.519  3066  3133 W vold    : Skipping due to root namespace
09-07 20:39:06.519  3066  3133 D vold    : Found matching PID 3204
09-07 20:39:06.519  3066  3133 W vold    : Skipping due to root namespace
09-07 20:39:06.520  3582  4023 D VoldConnector: RCV <- {200 5 Command succeeded}
09-07 20:39:06.522  3582  3582 D VoldConnector: SND -> {6 volume remount_uid 1027 none}
09-07 20:39:06.523  3066  3133 D vold    : Remounting 1027 as mode none
09-07 20:39:06.526  3582  4023 D VoldConnector: RCV <- {200 6 Command succeeded}
09-07 20:39:06.528  3582  3582 D VoldConnector: SND -> {7 volume remount_uid 1027 none}
09-07 20:39:06.529  3066  3133 D vold    : Remounting 1027 as mode none
09-07 20:39:06.532  3582  4023 D VoldConnector: RCV <- {200 7 Command succeeded}
09-07 20:39:06.534  3582  3582 D VoldConnector: SND -> {8 volume remount_uid 1000 none}
09-07 20:39:06.535  3066  3133 D vold    : Remounting 1000 as mode none
09-07 20:39:06.537  3066  3133 D vold    : Found matching PID 3137
09-07 20:39:06.537  3066  3133 W vold    : Skipping due to root namespace
09-07 20:39:06.537  3066  3133 D vold    : Found matching PID 3145
09-07 20:39:06.537  3066  3133 W vold    : Skipping due to root namespace
09-07 20:39:06.537  3066  3133 D vold    : Found matching PID 3146
09-07 20:39:06.538  3066  3133 W vold    : Skipping due to root namespace
09-07 20:39:06.538  3066  3133 D vold    : Found matching PID 3183
09-07 20:39:06.538  3066  3133 W vold    : Skipping due to root namespace
09-07 20:39:06.538  3066  3133 D vold    : Found matching PID 3184
09-07 20:39:06.538  3066  3133 W vold    : Skipping due to root namespace
09-07 20:39:06.538  3066  3133 D vold    : Found matching PID 3582
09-07 20:39:06.584  3582  4023 D VoldConnector: RCV <- {200 8 Command succeeded}
09-07 20:39:06.585  3582  3582 D VoldConnector: SND -> {9 volume remount_uid 1000 none}
09-07 20:39:06.586  3066  3133 D vold    : Remounting 1000 as mode none
09-07 20:39:06.589  3066  3133 D vold    : Found matching PID 3137
09-07 20:39:06.589  3066  3133 W vold    : Skipping due to root namespace
09-07 20:39:06.589  3066  3133 D vold    : Found matching PID 3145
09-07 20:39:06.589  3066  3133 W vold    : Skipping due to root namespace
09-07 20:39:06.589  3066  3133 D vold    : Found matching PID 3146
09-07 20:39:06.589  3066  3133 W vold    : Skipping due to root namespace
09-07 20:39:06.589  3066  3133 D vold    : Found matching PID 3183
09-07 20:39:06.589  3066  3133 W vold    : Skipping due to root namespace
09-07 20:39:06.589  3066  3133 D vold    : Found matching PID 3184
09-07 20:39:06.589  3066  3133 W vold    : Skipping due to root namespace
09-07 20:39:06.589  3066  3133 D vold    : Found matching PID 3582
09-07 20:39:06.591  3582  4023 D VoldConnector: RCV <- {200 9 Command succeeded}
09-07 20:39:06.600  3582  3582 D VoldConnector: SND -> {10 volume remount_uid 2000 none}
09-07 20:39:06.601  3066  3133 D vold    : Remounting 2000 as mode none
09-07 20:39:06.604  3582  4023 D VoldConnector: RCV <- {200 10 Command succeeded}
09-07 20:39:06.606  3582  3582 D VoldConnector: SND -> {11 volume remount_uid 2000 none}
09-07 20:39:06.606  3066  3133 D vold    : Remounting 2000 as mode none
09-07 20:39:06.610  3582  4023 D VoldConnector: RCV <- {200 11 Command succeeded}
09-07 20:39:06.612  3582  3582 D VoldConnector: SND -> {12 volume remount_uid 10033 none}
09-07 20:39:06.613  3066  3133 D vold    : Remounting 10033 as mode none
09-07 20:39:06.616  3582  4023 D VoldConnector: RCV <- {200 12 Command succeeded}
09-07 20:39:06.618  3582  3582 D VoldConnector: SND -> {13 volume remount_uid 10033 none}
09-07 20:39:06.618  3066  3133 D vold    : Remounting 10033 as mode none
09-07 20:39:06.622  3582  4023 D VoldConnector: RCV <- {200 13 Command succeeded}
09-07 20:39:06.625  3582  3582 D VoldConnector: SND -> {14 volume remount_uid 1002 none}
09-07 20:39:06.626  3066  3133 D vold    : Remounting 1002 as mode none
09-07 20:39:06.629  3582  4023 D VoldConnector: RCV <- {200 14 Command succeeded}
09-07 20:39:06.631  3582  3582 D VoldConnector: SND -> {15 volume remount_uid 1002 none}
09-07 20:39:06.632  3066  3133 D vold    : Remounting 1002 as mode none
09-07 20:39:06.634  3582  4023 D VoldConnector: RCV <- {200 15 Command succeeded}
09-07 20:39:06.638  3582  3582 W VoiceInteractionManagerService: no available voice interaction services found for user 0
09-07 20:39:06.638  3582  3582 W VoiceInteractionManagerService: no available voice recognition services found for user 0
09-07 20:39:06.654  3582  3680 I chatty  : uid=1000(system) PowerManagerSer expire 1 line
09-07 20:39:06.654  3582  3680 W KeyguardServiceDelegate: onScreenTurningOn(): no keyguard service!
09-07 20:39:06.669  3582  3582 D VoldConnector: SND -> {16 volume remount_uid 10024 none}
09-07 20:39:06.670  3066  3133 D vold    : Remounting 10024 as mode none
09-07 20:39:06.674  3582  4023 D VoldConnector: RCV <- {200 16 Command succeeded}
09-07 20:39:06.676  3582  3582 D VoldConnector: SND -> {17 volume remount_uid 10041 none}
09-07 20:39:06.677  3066  3133 D vold    : Remounting 10041 as mode none
09-07 20:39:06.680  3582  4023 D VoldConnector: RCV <- {200 17 Command succeeded}
09-07 20:39:06.682  3582  3582 D VoldConnector: SND -> {18 volume remount_uid 10041 none}
09-07 20:39:06.683  3066  3133 D vold    : Remounting 10041 as mode none
09-07 20:39:06.685  3582  4023 D VoldConnector: RCV <- {200 18 Command succeeded}
09-07 20:39:06.687  3582  3582 D VoldConnector: SND -> {19 volume remount_uid 10010 none}
09-07 20:39:06.688  3066  3133 D vold    : Remounting 10010 as mode none
09-07 20:39:06.691  3582  4023 D VoldConnector: RCV <- {200 19 Command succeeded}
09-07 20:39:06.692  3582  3582 D VoldConnector: SND -> {20 volume remount_uid 10010 none}
09-07 20:39:06.693  3066  3133 D vold    : Remounting 10010 as mode none
09-07 20:39:06.696  3582  4023 D VoldConnector: RCV <- {200 20 Command succeeded}
09-07 20:39:06.698  3582  3582 D VoldConnector: SND -> {21 volume remount_uid 10012 none}
09-07 20:39:06.699  3066  3133 D vold    : Remounting 10012 as mode none
09-07 20:39:06.702  3582  4023 D VoldConnector: RCV <- {200 21 Command succeeded}
09-07 20:39:06.704  3582  3582 D VoldConnector: SND -> {22 volume remount_uid 10012 none}
09-07 20:39:06.704  3066  3133 D vold    : Remounting 10012 as mode none
09-07 20:39:06.707  3582  4023 D VoldConnector: RCV <- {200 22 Command succeeded}
09-07 20:39:06.719  3582  3582 D VoldConnector: SND -> {23 volume remount_uid 10004 none}
09-07 20:39:06.720  3066  3133 D vold    : Remounting 10004 as mode none
09-07 20:39:06.723  3582  4023 D VoldConnector: RCV <- {200 23 Command succeeded}
09-07 20:39:06.725  3582  3582 D VoldConnector: SND -> {24 volume remount_uid 10004 none}
09-07 20:39:06.726  3066  3133 D vold    : Remounting 10004 as mode none
09-07 20:39:06.729  3582  4023 D VoldConnector: RCV <- {200 24 Command succeeded}
09-07 20:39:06.741  3582  3582 D VoldConnector: SND -> {25 volume remount_uid 10022 none}
09-07 20:39:06.742  3066  3133 D vold    : Remounting 10022 as mode none
09-07 20:39:06.745  3582  4023 D VoldConnector: RCV <- {200 25 Command succeeded}
09-07 20:39:06.746  3582  3582 D VoldConnector: SND -> {26 volume remount_uid 10022 none}
09-07 20:39:06.747  3066  3133 D vold    : Remounting 10022 as mode none
09-07 20:39:06.750  3582  4023 D VoldConnector: RCV <- {200 26 Command succeeded}
09-07 20:39:06.756  3582  3582 D VoldConnector: SND -> {27 volume remount_uid 10014 none}
09-07 20:39:06.757  3066  3133 D vold    : Remounting 10014 as mode none
09-07 20:39:06.760  3582  4023 D VoldConnector: RCV <- {200 27 Command succeeded}
09-07 20:39:06.762  3582  3582 D VoldConnector: SND -> {28 volume remount_uid 10014 none}
09-07 20:39:06.763  3066  3133 D vold    : Remounting 10014 as mode none
09-07 20:39:06.766  3582  4023 D VoldConnector: RCV <- {200 28 Command succeeded}
09-07 20:39:06.769  3582  3582 D VoldConnector: SND -> {29 volume remount_uid 10026 none}
09-07 20:39:06.770  3066  3133 D vold    : Remounting 10026 as mode none
09-07 20:39:06.773  3582  4023 D VoldConnector: RCV <- {200 29 Command succeeded}
09-07 20:39:06.774  3582  3582 D VoldConnector: SND -> {30 volume remount_uid 10026 none}
09-07 20:39:06.775  3066  3133 D vold    : Remounting 10026 as mode none
09-07 20:39:06.778  3582  4023 D VoldConnector: RCV <- {200 30 Command succeeded}
09-07 20:39:06.781  3582  3582 V UserManagerService: Found /data/user_de/0 with serial number -1
09-07 20:39:06.781  3582  3582 D UserManagerService: Serial number missing on /data/user_de/0; assuming current is valid
09-07 20:39:06.781  3582  3582 V UserManagerService: Found /data/user/0 with serial number -1
09-07 20:39:06.781  3582  3582 D UserManagerService: Serial number missing on /data/user/0; assuming current is valid
09-07 20:39:06.782  3582  3582 V UserManagerService: Found /data/system_de/0 with serial number -1
09-07 20:39:06.782  3582  3582 D UserManagerService: Serial number missing on /data/system_de/0; assuming current is valid
09-07 20:39:06.783  3582  3582 I ActivityManager: System now ready
09-07 20:39:06.786  3582  3582 I SystemServer: Making services ready
09-07 20:39:06.786  3582  3582 I SystemServiceManager: Starting phase 550
09-07 20:39:06.790  3582  3582 D BluetoothManagerService: Bluetooth boot completed
09-07 20:39:06.790  3582  3582 D BluetoothManagerService: Getting adapter name and address
09-07 20:39:06.790  3582  3677 D BluetoothManagerService: MESSAGE_GET_NAME_AND_ADDRESS
09-07 20:39:06.790  3582  3677 D BluetoothManagerService: Binding to service to get name and address
09-07 20:39:06.804  3582  3677 I chatty  : uid=1000(system) android.io expire 2 lines
09-07 20:39:06.817  3171  3171 I art     : Starting a blocking GC Background
09-07 20:39:06.862  3582  3677 W ActivityManager: Slow operation: 71ms so far, now at startProcess: returned from zygote!
09-07 20:39:06.863  3582  3677 W ActivityManager: Slow operation: 71ms so far, now at startProcess: done updating battery stats
09-07 20:39:06.863  3582  3677 W ActivityManager: Slow operation: 72ms so far, now at startProcess: building log message
09-07 20:39:06.863  3582  3677 I ActivityManager: Start proc 4734:com.android.bluetooth/1002 for service com.android.bluetooth/.btservice.AdapterService
09-07 20:39:06.863  3582  3677 W ActivityManager: Slow operation: 72ms so far, now at startProcess: starting to update pids map
09-07 20:39:06.863  3582  3677 W ActivityManager: Slow operation: 72ms so far, now at startProcess: done updating pids map
09-07 20:39:06.863  3582  3677 W ActivityManager: Slow operation: 72ms so far, now at startProcess: done starting proc!
09-07 20:39:06.875  3582  3582 E InputMethodManagerService: Ignoring updateSystemUiLocked due to an invalid token. uid:1000 token:null
09-07 20:39:06.881  3183  4704 D bauth_FPBAuthService: pcf : 0x1011
09-07 20:39:06.881  3183  4704 E bauth_FPBAuthServiceStorage:  FPBAuthServiceStorage::readCALIBRATIONMetaData fileopen error : 2
09-07 20:39:06.881  3183  4704 E bauth_FPBAuthService: retrieveMetaData is not existed : 262
09-07 20:39:06.881  3183  4704 I TLC_BAUTH: Call FP cmd 0xc (30);1562
09-07 20:39:06.881  3183  4704 I TLC_BAUTH: status : 0, cmd : 0x0x0 rsp : 0x0x0;1599
09-07 20:39:06.881  3183  4704 E TLC_BAUTH:   *****************************
09-07 20:39:06.881  3183  4704 E TLC_BAUTH:   *** ERROR: TZ Session is not opened properly - Ignore
09-07 20:39:06.881  3183  4704 E TLC_BAUTH:   *** Detected in BAuth_Control_OP/1599()
09-07 20:39:06.881  3183  4704 E TLC_BAUTH:   *****************************
09-07 20:39:06.881  3183  4704 D bauth_FPBAuthService: check_opcode status = 5, opcode = 30, func_ret_val = 29, function_status = 0, timeout = 0
09-07 20:39:06.881  3183  4704 E bauth_FPBAuthService: check_opcode func_ret_val error = 29
09-07 20:39:06.881  3183  4704 I TLC_BAUTH: Call FUNC ID 0x4;696
09-07 20:39:06.881  3183  4704 I TLC_BAUTH: Trustlet Session is not opened. status : 0;822
09-07 20:39:06.881  3183  4704 I TLC_BAUTH: FUNC ID 0x4 is completed;828
09-07 20:39:06.881  3183  4704 D bauth_FPBAuthSensorControl: FPBAuthSensorControl, 304
09-07 20:39:06.881  3183  4704 D bauth_FPBAuthService: FPBAuthService, 688
09-07 20:39:06.881  3183  4704 D bauth_FPBAuthService: FPBAuthService, 7477
09-07 20:39:06.881  3183  4704 D bauth_service: BAuthService, 85
09-07 20:39:06.881  3183  4704 D bauth_FPBAuthService: FPBAuthService, 7272
09-07 20:39:06.895  4734  4734 I droid.bluetooth: type=1400 audit(0.0:130): avc: denied { write } for name="com.android.bluetooth" dev="sda24" ino=3121241 scontext=u:r:bluetooth:s0 tcontext=u:object_r:system_data_file:s0 tclass=dir permissive=1
09-07 20:39:06.895  4734  4734 I droid.bluetooth: type=1400 audit(0.0:130): avc: denied { add_name } for name="cache" scontext=u:r:bluetooth:s0 tcontext=u:object_r:system_data_file:s0 tclass=dir permissive=1
09-07 20:39:06.895  4734  4734 I droid.bluetooth: type=1400 audit(0.0:130): avc: denied { create } for name="cache" scontext=u:r:bluetooth:s0 tcontext=u:object_r:system_data_file:s0 tclass=dir permissive=1
09-07 20:39:06.895  4734  4734 W droid.bluetooth: type=1300 audit(0.0:130): arch=40000028 syscall=323 per=8 success=yes exit=0 a0=ffffff9c a1=f440e4e0 a2=1f9 a3=f43321c0 items=0 ppid=3171 auid=4294967295 uid=1002 gid=1002 euid=1002 suid=1002 fsuid=1002 egid=1002 sgid=1002 fsgid=1002 tty=(none) ses=4294967295 exe="/system/bin/app_process32" subj=u:r:bluetooth:s0 key=(null)
09-07 20:39:06.895  3074  3074 W auditd  : type=1327 audit(0.0:130): proctitle="com.android.bluetooth"
09-07 20:39:06.895  3074  3074 W auditd  : type=1320 audit(0.0:130): 
09-07 20:39:06.895  4734  4734 I droid.bluetooth: type=1400 audit(0.0:131): avc: denied { setattr } for name="cache" dev="sda24" ino=3121253 scontext=u:r:bluetooth:s0 tcontext=u:object_r:system_data_file:s0 tclass=dir permissive=1
09-07 20:39:06.895  4734  4734 W droid.bluetooth: type=1300 audit(0.0:131): arch=40000028 syscall=333 per=8 success=yes exit=0 a0=ffffff9c a1=f440e510 a2=1f9 a3=0 items=0 ppid=3171 auid=4294967295 uid=1002 gid=1002 euid=1002 suid=1002 fsuid=1002 egid=1002 sgid=1002 fsgid=1002 tty=(none) ses=4294967295 exe="/system/bin/app_process32" subj=u:r:bluetooth:s0 key=(null)
09-07 20:39:06.895  3074  3074 W auditd  : type=1327 audit(0.0:131): proctitle="com.android.bluetooth"
09-07 20:39:06.895  3074  3074 W auditd  : type=1320 audit(0.0:131): 
09-07 20:39:06.932  4734  4734 E BluetoothVendorJni: register_com_android_bluetooth_btservice_vendor:
09-07 20:39:06.938  3582  3668 I chatty  : uid=1000(system) Binder:3582_1 expire 1 line
09-07 20:39:06.949  4734  4734 D AdapterServiceConfig: addA2dpProfile: isA2dpSinkEnabled = falseisHfpClientEnabled false serviceName HeadsetService
09-07 20:39:06.949  4734  4734 D AdapterServiceConfig: Adding HeadsetService
09-07 20:39:06.949  4734  4734 D AdapterServiceConfig: addA2dpProfile: isA2dpSinkEnabled = falseisHfpClientEnabled false serviceName A2dpService
09-07 20:39:06.949  4734  4734 D AdapterServiceConfig: Adding A2dpService
09-07 20:39:06.949  4734  4734 D AdapterServiceConfig: addA2dpProfile: isA2dpSinkEnabled = falseisHfpClientEnabled false serviceName HidService
09-07 20:39:06.949  4734  4734 D AdapterServiceConfig: Adding HidService
09-07 20:39:06.949  4734  4734 D AdapterServiceConfig: addA2dpProfile: isA2dpSinkEnabled = falseisHfpClientEnabled false serviceName HealthService
09-07 20:39:06.949  4734  4734 D AdapterServiceConfig: Adding HealthService
09-07 20:39:06.950  4734  4734 D AdapterServiceConfig: addA2dpProfile: isA2dpSinkEnabled = falseisHfpClientEnabled false serviceName PanService
09-07 20:39:06.950  4734  4734 D AdapterServiceConfig: Adding PanService
09-07 20:39:06.950  4734  4734 D AdapterServiceConfig: addA2dpProfile: isA2dpSinkEnabled = falseisHfpClientEnabled false serviceName GattService
09-07 20:39:06.950  4734  4734 D AdapterServiceConfig: Adding GattService
