09-16 19:30:16.791  5204  5271 E CellBroadcastConfigService: 	at android.telephony.SmsManager.getSubscriptionId(SmsManager.java:828)
09-16 19:30:16.791  5204  5271 E CellBroadcastConfigService: 	at android.telephony.SmsManager.enableCellBroadcastRange(SmsManager.java:1098)
09-16 19:30:16.791  5204  5271 E CellBroadcastConfigService: 	at com.android.cellbroadcastreceiver.CellBroadcastConfigService.setCellBroadcastRange(CellBroadcastConfigService.java:387)
09-16 19:30:16.791  5204  5271 E CellBroadcastConfigService: 	at com.android.cellbroadcastreceiver.CellBroadcastConfigService.setCellBroadcastOnSub(CellBroadcastConfigService.java:217)
09-16 19:30:16.791  5204  5271 E CellBroadcastConfigService: 	at com.android.cellbroadcastreceiver.CellBroadcastConfigService.onHandleIntent(CellBroadcastConfigService.java:96)
09-16 19:30:16.791  5204  5271 E CellBroadcastConfigService: 	at android.app.IntentService$ServiceHandler.handleMessage(IntentService.java:68)
09-16 19:30:16.791  5204  5271 E CellBroadcastConfigService: 	at android.os.Handler.dispatchMessage(Handler.java:102)
09-16 19:30:16.791  5204  5271 E CellBroadcastConfigService: 	at android.os.Looper.loop(Looper.java:154)
09-16 19:30:16.791  5204  5271 E CellBroadcastConfigService: 	at android.os.HandlerThread.run(HandlerThread.java:61)
09-16 19:30:16.835  3174  3174 D gpsd    : WakeLock(Acquire,GPSD)
09-16 19:30:16.835  3174  3174 D gpsd    : WakeLock(Release,GPSD)
09-16 19:30:16.836  3174  3174 D gpsd    : WakeLock(Acquire,GPSD)
09-16 19:30:16.836  3174  3174 D gpsd    : WakeLock(Release,GPSD)
09-16 19:30:16.837  3587  3686 D GnssLocationProvider: GPS configuration:
09-16 19:30:16.837  3587  3686 D GnssLocationProvider:  #Sat Sep 16 19:30:16 GMT-03:00 2017
09-16 19:30:16.837  3587  3686 D GnssLocationProvider: SUPL_VER=0x20000
09-16 19:30:16.837  3587  3686 D GnssLocationProvider: SUPL_PORT=7275
09-16 19:30:16.837  3587  3686 D GnssLocationProvider: XTRA_SERVER_2=http\://gllto2.glpals.com/4day/v4/latest/lto2.dat
09-16 19:30:16.837  3587  3686 D GnssLocationProvider: XTRA_SERVER_1=http\://gllto1.glpals.com/4day/v4/latest/lto2.dat
09-16 19:30:16.837  3587  3686 D GnssLocationProvider: SUPL_HOST=supl.google.com
09-16 19:30:16.837  3587  3686 D GnssLocationProvider: SUPL_MODE=1
09-16 19:30:16.837  3587  3686 D GnssLocationProvider: NTP_SERVER=north-america.pool.ntp.org
09-16 19:30:16.838  3174  3174 D gpsd    : WakeLock(Acquire,GPSD)
09-16 19:30:16.838  3174  3174 D gpsd    : WakeLock(Release,GPSD)
09-16 19:30:16.838  3587  3686 I GnssLocationProvider: WakeLock released by handleMessage(12, 0, null)
09-16 19:30:16.858  4778  4778 E SignalClusterView: Unexpected subscription 1
09-16 19:30:16.858  4778  4778 E SignalClusterView: Unexpected subscription 1
09-16 19:30:16.863  3587  3587 I GnssLocationProvider: WakeLock acquired by sendMessage(12, 0, null)
09-16 19:30:16.892  3174  3174 D gpsd    : WakeLock(Acquire,GPSD)
09-16 19:30:16.893  3174  3174 D gpsd    : WakeLock(Release,GPSD)
09-16 19:30:16.893  3174  3174 D gpsd    : WakeLock(Acquire,GPSD)
09-16 19:30:16.893  3174  3174 D gpsd    : WakeLock(Release,GPSD)
09-16 19:30:16.908  3587  3686 D GnssLocationProvider: GPS configuration:
09-16 19:30:16.908  3587  3686 D GnssLocationProvider:  #Sat Sep 16 19:30:16 GMT-03:00 2017
09-16 19:30:16.908  3587  3686 D GnssLocationProvider: SUPL_VER=0x20000
09-16 19:30:16.908  3587  3686 D GnssLocationProvider: SUPL_PORT=7275
09-16 19:30:16.908  3587  3686 D GnssLocationProvider: XTRA_SERVER_2=http\://gllto2.glpals.com/4day/v4/latest/lto2.dat
09-16 19:30:16.908  3587  3686 D GnssLocationProvider: XTRA_SERVER_1=http\://gllto1.glpals.com/4day/v4/latest/lto2.dat
09-16 19:30:16.908  3587  3686 D GnssLocationProvider: SUPL_HOST=supl.google.com
09-16 19:30:16.908  3587  3686 D GnssLocationProvider: SUPL_MODE=1
09-16 19:30:16.908  3587  3686 D GnssLocationProvider: NTP_SERVER=north-america.pool.ntp.org
09-16 19:30:16.909  3174  3174 D gpsd    : WakeLock(Acquire,GPSD)
09-16 19:30:16.909  3174  3174 D gpsd    : WakeLock(Release,GPSD)
09-16 19:30:16.909  3587  3686 I GnssLocationProvider: WakeLock released by handleMessage(12, 0, null)
09-16 19:30:16.918  3587  3587 D WifiService: resetting networks because SIM was loaded
09-16 19:30:16.920  3587  4676 D WifiStateMachine: resetting EAP-SIM/AKA/AKA' networks since SIM was changed
09-16 19:30:16.930  4920  4920 D CarrierConfigLoader: update config for phoneId: 0 simState: LOADED
09-16 19:30:16.932  5204  5204 D CellBroadcastReceiver: onReceive Intent { act=android.intent.action.SIM_STATE_CHANGED flg=0x4000010 cmp=com.android.cellbroadcastreceiver/.CellBroadcastReceiver (has extras) }
09-16 19:30:16.934  4920  4920 D CarrierSvcBindHelper: update binding for phoneId: 0 simState: LOADED
09-16 19:30:16.935  5204  5204 D CellBroadcastReceiver: Default interval 0 did not change.
09-16 19:30:16.956  3174  3174 D gpsd    : WakeLock(Acquire,GPSD)
09-16 19:30:16.957  3174  3174 D gpsd    : WakeLock(Release,GPSD)
09-16 19:30:16.957  3174  3174 D gpsd    : WakeLock(Acquire,GPSD)
09-16 19:30:16.957  3174  3174 D gpsd    : WakeLock(Release,GPSD)
09-16 19:30:16.958  3587  3686 D GnssLocationProvider: GPS configuration:
09-16 19:30:16.958  3587  3686 D GnssLocationProvider:  #Sat Sep 16 19:30:16 GMT-03:00 2017
09-16 19:30:16.958  3587  3686 D GnssLocationProvider: SUPL_VER=0x20000
09-16 19:30:16.958  3587  3686 D GnssLocationProvider: SUPL_PORT=7275
09-16 19:30:16.958  3587  3686 D GnssLocationProvider: XTRA_SERVER_2=http\://gllto2.glpals.com/4day/v4/latest/lto2.dat
09-16 19:30:16.958  3587  3686 D GnssLocationProvider: XTRA_SERVER_1=http\://gllto1.glpals.com/4day/v4/latest/lto2.dat
09-16 19:30:16.958  3587  3686 D GnssLocationProvider: SUPL_HOST=supl.google.com
09-16 19:30:16.958  3587  3686 D GnssLocationProvider: SUPL_MODE=1
09-16 19:30:16.958  3587  3686 D GnssLocationProvider: NTP_SERVER=north-america.pool.ntp.org
09-16 19:30:16.960  3174  3174 D gpsd    : WakeLock(Acquire,GPSD)
09-16 19:30:16.960  3174  3174 D gpsd    : WakeLock(Release,GPSD)
09-16 19:30:16.989  4778  4783 I art     : Do partial code cache collection, code=491KB, data=397KB
09-16 19:30:16.990  4778  4783 I art     : After code cache collection, code=491KB, data=396KB
09-16 19:30:16.990  4778  4783 I art     : Increasing code cache capacity to 2MB
09-16 19:30:17.166  3587  4868 I Telecom : PhoneAccountRegistrar: [ComponentInfo{com.android.phone/com.android.services.telephony.TelephonyConnectionService}, [e0184adedf913b076626646d3f52c3b49c39ad6d], UserHandle{0}(icon: Icon(typ=BITMAP size=67x84) -> Icon(typ=BITMAP size=67x84))]: TSI.rPA@ABQ
09-16 19:30:17.175  3587  4868 I Telecom : : Sending phone-account registered intent as user: TSI.rPA@ABQ
09-16 19:30:17.239  3587  3587 I GnssLocationProvider: WakeLock acquired by sendMessage(12, 0, null)
09-16 19:30:17.245  4920  4920 D MccTable: updateMccMncConfiguration mccmnc='72234' fromServiceState=true
09-16 19:30:17.246  4920  4920 D MccTable: updateMccMncConfiguration defaultMccMnc=72234
09-16 19:30:17.247  4920  4920 D MccTable: updateMccMncConfiguration: mcc=722, mnc=34
09-16 19:30:17.247  4920  4920 D MccTable: WIFI_COUNTRY_CODE set to ar
09-16 19:30:17.258  3587  4794 I WifiService: WifiService trying to set country code to ar with persist set to false
09-16 19:30:17.273  3587  3686 D GnssLocationProvider: GPS configuration:
09-16 19:30:17.273  3587  3686 D GnssLocationProvider:  #Sat Sep 16 19:30:17 GMT-03:00 2017
09-16 19:30:17.273  3587  3686 D GnssLocationProvider: SUPL_VER=0x20000
09-16 19:30:17.273  3587  3686 D GnssLocationProvider: SUPL_PORT=7275
09-16 19:30:17.273  3587  3686 D GnssLocationProvider: XTRA_SERVER_2=http\://gllto2.glpals.com/4day/v4/latest/lto2.dat
09-16 19:30:17.273  3587  3686 D GnssLocationProvider: XTRA_SERVER_1=http\://gllto1.glpals.com/4day/v4/latest/lto2.dat
09-16 19:30:17.273  3587  3686 D GnssLocationProvider: SUPL_HOST=supl.google.com
09-16 19:30:17.273  3587  3686 D GnssLocationProvider: SUPL_MODE=1
09-16 19:30:17.273  3587  3686 D GnssLocationProvider: NTP_SERVER=north-america.pool.ntp.org
09-16 19:30:17.274  3174  3174 D gpsd    : WakeLock(Acquire,GPSD)
09-16 19:30:17.274  3174  3174 D gpsd    : WakeLock(Release,GPSD)
09-16 19:30:17.274  3174  3174 D gpsd    : WakeLock(Acquire,GPSD)
09-16 19:30:17.274  3174  3174 D gpsd    : WakeLock(Release,GPSD)
09-16 19:30:17.274  3174  3174 D gpsd    : WakeLock(Acquire,GPSD)
09-16 19:30:17.275  3174  3174 D gpsd    : WakeLock(Release,GPSD)
09-16 19:30:17.275  3587  3686 I GnssLocationProvider: WakeLock released by handleMessage(12, 0, null)
09-16 19:30:17.463  4990  4990 I wpa_supplicant: wlan0: CTRL-EVENT-REGDOM-CHANGE init=USER type=COUNTRY alpha2=AR
09-16 19:30:17.473  3587  4794 D WifiCountryCode: Succeeded to set country code to: AR
09-16 19:30:17.496  3587  4951 D AlarmManagerService: Kernel timezone updated to 180 minutes west of GMT
09-16 19:30:17.504  3587  3685 D AlarmManagerService: Kernel timezone updated to 180 minutes west of GMT
09-16 19:30:17.590  4920  4920 D TelephonyProvider: subIdString = 1 subId = 1
09-16 19:30:17.599  4920  4920 D TelephonyProvider: getPreferredApnIdFromApn: for subId 1
09-16 19:30:17.607  4920  4920 D TelephonyProvider: Preferred APN: -1
09-16 19:30:17.948  3587  3587 I GnssLocationProvider: WakeLock acquired by sendMessage(12, 0, null)
09-16 19:30:18.010  3174  3174 D gpsd    : WakeLock(Acquire,GPSD)
09-16 19:30:18.010  3174  3174 D gpsd    : WakeLock(Release,GPSD)
09-16 19:30:18.010  3174  3174 D gpsd    : WakeLock(Acquire,GPSD)
09-16 19:30:18.010  3174  3174 D gpsd    : WakeLock(Release,GPSD)
09-16 19:30:18.013  3587  3686 D GnssLocationProvider: GPS configuration:
09-16 19:30:18.013  3587  3686 D GnssLocationProvider:  #Sat Sep 16 19:30:18 GMT-03:00 2017
09-16 19:30:18.013  3587  3686 D GnssLocationProvider: SUPL_VER=0x20000
09-16 19:30:18.013  3587  3686 D GnssLocationProvider: SUPL_PORT=7275
09-16 19:30:18.013  3587  3686 D GnssLocationProvider: XTRA_SERVER_2=http\://gllto2.glpals.com/4day/v4/latest/lto2.dat
09-16 19:30:18.013  3587  3686 D GnssLocationProvider: XTRA_SERVER_1=http\://gllto1.glpals.com/4day/v4/latest/lto2.dat
09-16 19:30:18.013  3587  3686 D GnssLocationProvider: SUPL_HOST=supl.google.com
09-16 19:30:18.013  3587  3686 D GnssLocationProvider: SUPL_MODE=1
09-16 19:30:18.013  3587  3686 D GnssLocationProvider: NTP_SERVER=north-america.pool.ntp.org
09-16 19:30:18.013  3174  3174 D gpsd    : WakeLock(Acquire,GPSD)
09-16 19:30:18.014  3174  3174 D gpsd    : WakeLock(Release,GPSD)
09-16 19:30:18.023  3587  3686 I GnssLocationProvider: WakeLock released by handleMessage(12, 0, null)
09-16 19:30:18.133  4920  4920 I Telephony: PstnIncomingCallNotifier: Unregistering: Handler (com.android.internal.telephony.GsmCdmaPhone) {c5a35dd}
09-16 19:30:18.158  3587  3694 I art     : Starting a blocking GC Explicit
09-16 19:30:18.205  3587  4951 I Telecom : PhoneAccountRegistrar: New phone account registered: [[ ] PhoneAccount: ComponentInfo{com.android.phone/com.android.services.telephony.TelephonyConnectionService}, [2628372b20c6b31a61c46f7f5a9328dbf0edaed6], UserHandle{0} Capabilities: CallProvider MultiUser PlaceEmerg SimSub  Audio Routes: BESW Schemes: tel voicemail  Extras: null GroupId: [da39a3ee5e6b4b0d3255bfef95601890afd80709]]: TSI.rPA@ABU
09-16 19:30:18.221  3587  4951 I Telecom : : Sending phone-account registered intent as user: TSI.rPA@ABU
09-16 19:30:18.224  3587  3694 I art     : Explicit concurrent mark sweep GC freed 22370(2MB) AllocSpace objects, 43(1772KB) LOS objects, 33% free, 12MB/18MB, paused 494us total 66.219ms
09-16 19:30:18.224  4920  4920 I Telephony: AccountEntry: Registered phoneAccount: [[ ] PhoneAccount: ComponentInfo{com.android.phone/com.android.services.telephony.TelephonyConnectionService}, [2628372b20c6b31a61c46f7f5a9328dbf0edaed6], UserHandle{0} Capabilities: CallProvider MultiUser PlaceEmerg SimSub  Audio Routes: BESW Schemes: tel voicemail  Extras: null GroupId: [da39a3ee5e6b4b0d3255bfef95601890afd80709]] with handle: ComponentInfo{com.android.phone/com.android.services.telephony.TelephonyConnectionService}, [2628372b20c6b31a61c46f7f5a9328dbf0edaed6], UserHandle{0}
09-16 19:30:18.225  4920  4920 I Telephony: PstnIncomingCallNotifier: Registering: Handler (com.android.internal.telephony.GsmCdmaPhone) {c5a35dd}
09-16 19:30:18.256  4920  4920 I Telephony: TelecomAccountRegistry: Unregistering phone account ComponentInfo{com.android.phone/com.android.services.telephony.TelephonyConnectionService}, [e0184adedf913b076626646d3f52c3b49c39ad6d], UserHandle{0}.
09-16 19:30:18.268  3587  5255 I Telecom : : Sending phone-account unregistered intent as user: TSI.uPA@ABc
09-16 19:30:18.339  4920  4920 D TelephonyProvider: subIdString = 1 subId = 1
09-16 19:30:18.340  4920  4920 D TelephonyProvider: getPreferredApnIdFromApn: for subId 1
09-16 19:30:18.340  4920  4920 D TelephonyProvider: Preferred APN: -1
09-16 19:30:18.603  4920  4920 D CallNotifier: updatePhoneStateListeners: update CF notifications.
09-16 19:30:18.606  4920  4920 I Telephony: PstnIncomingCallNotifier: Unregistering: Handler (com.android.internal.telephony.GsmCdmaPhone) {c5a35dd}
09-16 19:30:18.695  3587  4951 I Telecom : PhoneAccountRegistrar: [ComponentInfo{com.android.phone/com.android.services.telephony.TelephonyConnectionService}, [2628372b20c6b31a61c46f7f5a9328dbf0edaed6], UserHandle{0}(icon: Icon(typ=BITMAP size=67x84) -> Icon(typ=BITMAP size=67x84))]: TSI.rPA@ABk
09-16 19:30:18.704  3587  4951 I Telecom : : Sending phone-account registered intent as user: TSI.rPA@ABk
09-16 19:30:18.707  4920  4920 I Telephony: AccountEntry: Registered phoneAccount: [[ ] PhoneAccount: ComponentInfo{com.android.phone/com.android.services.telephony.TelephonyConnectionService}, [2628372b20c6b31a61c46f7f5a9328dbf0edaed6], UserHandle{0} Capabilities: CallProvider MultiUser PlaceEmerg SimSub  Audio Routes: BESW Schemes: tel voicemail  Extras: null GroupId: [da39a3ee5e6b4b0d3255bfef95601890afd80709]] with handle: ComponentInfo{com.android.phone/com.android.services.telephony.TelephonyConnectionService}, [2628372b20c6b31a61c46f7f5a9328dbf0edaed6], UserHandle{0}
09-16 19:30:18.707  4920  4920 I Telephony: PstnIncomingCallNotifier: Registering: Handler (com.android.internal.telephony.GsmCdmaPhone) {c5a35dd}
09-16 19:30:18.785  4920  4920 I Telephony: PstnIncomingCallNotifier: Unregistering: Handler (com.android.internal.telephony.GsmCdmaPhone) {c5a35dd}
09-16 19:30:18.850  3587  5255 I Telecom : PhoneAccountRegistrar: [ComponentInfo{com.android.phone/com.android.services.telephony.TelephonyConnectionService}, [2628372b20c6b31a61c46f7f5a9328dbf0edaed6], UserHandle{0}(icon: Icon(typ=BITMAP size=67x84) -> Icon(typ=BITMAP size=67x84))]: TSI.rPA@ABw
09-16 19:30:18.859  3587  5255 I Telecom : : Sending phone-account registered intent as user: TSI.rPA@ABw
09-16 19:30:18.863  4920  4920 I Telephony: AccountEntry: Registered phoneAccount: [[ ] PhoneAccount: ComponentInfo{com.android.phone/com.android.services.telephony.TelephonyConnectionService}, [2628372b20c6b31a61c46f7f5a9328dbf0edaed6], UserHandle{0} Capabilities: CallProvider MultiUser PlaceEmerg SimSub  Audio Routes: BESW Schemes: tel voicemail  Extras: null GroupId: [da39a3ee5e6b4b0d3255bfef95601890afd80709]] with handle: ComponentInfo{com.android.phone/com.android.services.telephony.TelephonyConnectionService}, [2628372b20c6b31a61c46f7f5a9328dbf0edaed6], UserHandle{0}
09-16 19:30:18.863  4920  4920 I Telephony: PstnIncomingCallNotifier: Registering: Handler (com.android.internal.telephony.GsmCdmaPhone) {c5a35dd}
09-16 19:30:18.866  3459  3459 W         : eglTerminate 2662: PID Exeption @unknown
09-16 19:30:18.909  4920  4920 D CallNotifier: updatePhoneStateListeners: update CF notifications.
09-16 19:30:18.912  4920  4920 D CarrierConfigLoader: mHandler: 7 phoneId: 0
09-16 19:30:18.918  4920  4920 E CarrierConfigLoader: java.io.FileNotFoundException: /data/user_de/0/com.android.phone/files/carrierconfig-com.android.carrierconfig-89543420816751226808-72234.xml (No such file or directory)
09-16 19:30:18.918  4920  4920 D CarrierConfigLoader: Binding to com.android.carrierconfig for phone 0
09-16 19:30:18.939  3587  4794 I ActivityManager: Start proc 5279:com.android.carrierconfig/u0a4 for service com.android.carrierconfig/.DefaultCarrierConfigService
09-16 19:30:18.969  4920  4920 D CarrierSvcBindHelper: mHandler: 0
09-16 19:30:18.969  4920  4920 D CarrierSvcBindHelper: Rebinding if necessary for phoneId: 0
09-16 19:30:18.977  4920  4920 D CarrierSvcBindHelper: No carrier app for: 0
09-16 19:30:18.996  4973  4973 D SimSelectNotification:  no of slots 1 provision = false
09-16 19:30:19.005  5204  5204 D CellBroadcastReceiver: onReceive Intent { act=android.intent.action.SERVICE_STATE flg=0x10 cmp=com.android.cellbroadcastreceiver/.CellBroadcastReceiver (has extras) }
09-16 19:30:19.005  5204  5204 D CellBroadcastReceiver: Intent: android.intent.action.SERVICE_STATE
09-16 19:30:19.006  5204  5204 D CellBroadcastReceiver: Service state changed! 0 Full: 0 1 voice home data home PERSONAL AR TP 72234 PERSONAL AR TP 72234  UMTS Unknown CSS not supported -1 -1 RoamInd=-1 DefRoamInd=-1 EmergOnly=false IsDataRoamingFromRegistration=false IsUsingCarrierAggregation=false Current state=1
09-16 19:30:19.006  5204  5204 D CellBroadcastReceiver: Start Cell Broadcast configuration.
09-16 19:30:19.026  5279  5279 W System  : ClassLoader referenced unknown path: /system/priv-app/CarrierConfig/lib/arm64
09-16 19:30:19.027  5204  5294 D CellBroadcastConfigService: Enable CellBroadcast on sub 1
09-16 19:30:19.035  4920  4920 D CallNotifier: updatePhoneStateListeners: update CF notifications.
09-16 19:30:19.036  4920  4920 I Telephony: PstnIncomingCallNotifier: Unregistering: Handler (com.android.internal.telephony.GsmCdmaPhone) {c5a35dd}
09-16 19:30:19.035  5279  5279 I d.carrierconfig: type=1400 audit(0.0:200): avc: denied { create } for name="code_cache" scontext=u:r:platform_app:s0:c512,c768 tcontext=u:object_r:system_data_file:s0:c512,c768 tclass=dir permissive=1
09-16 19:30:19.035  5279  5279 W d.carrierconfig: type=1300 audit(0.0:200): arch=c00000b7 syscall=34 success=yes exit=0 a0=ffffff9c a1=7fa1de7180 a2=1f9 a3=7fac14f514 items=0 ppid=3175 auid=4294967295 uid=10004 gid=10004 euid=10004 suid=10004 fsuid=10004 egid=10004 sgid=10004 fsgid=10004 tty=(none) ses=4294967295 exe="/system/bin/app_process64" subj=u:r:platform_app:s0:c512,c768 key=(null)
09-16 19:30:19.035  3083  3083 W auditd  : type=1327 audit(0.0:200): proctitle="com.android.carrierconfig"
09-16 19:30:19.035  3083  3083 W auditd  : type=1320 audit(0.0:200): 
09-16 19:30:19.035  5279  5279 I d.carrierconfig: type=1400 audit(0.0:201): avc: denied { setattr } for name="code_cache" dev="sda24" ino=3121303 scontext=u:r:platform_app:s0:c512,c768 tcontext=u:object_r:system_data_file:s0:c512,c768 tclass=dir permissive=1
09-16 19:30:19.035  5279  5279 W d.carrierconfig: type=1300 audit(0.0:201): arch=c00000b7 syscall=53 success=yes exit=0 a0=ffffff9c a1=7fa1de71c0 a2=1f9 a3=0 items=0 ppid=3175 auid=4294967295 uid=10004 gid=10004 euid=10004 suid=10004 fsuid=10004 egid=10004 sgid=10004 fsgid=10004 tty=(none) ses=4294967295 exe="/system/bin/app_process64" subj=u:r:platform_app:s0:c512,c768 key=(null)
09-16 19:30:19.035  3083  3083 W auditd  : type=1327 audit(0.0:201): proctitle="com.android.carrierconfig"
09-16 19:30:19.035  3083  3083 W auditd  : type=1320 audit(0.0:201): 
09-16 19:30:19.070  5204  5294 E CellBroadcastConfigService: exception enabling cell broadcast channels
09-16 19:30:19.070  5204  5294 E CellBroadcastConfigService: java.lang.NullPointerException: Attempt to invoke virtual method 'java.lang.String android.content.ComponentName.getPackageName()' on a null object reference
09-16 19:30:19.070  5204  5294 E CellBroadcastConfigService: 	at android.os.Parcel.readException(Parcel.java:1690)
09-16 19:30:19.070  5204  5294 E CellBroadcastConfigService: 	at android.os.Parcel.readException(Parcel.java:1637)
09-16 19:30:19.070  5204  5294 E CellBroadcastConfigService: 	at com.android.internal.telephony.ISms$Stub$Proxy.isSmsSimPickActivityNeeded(ISms.java:1409)
09-16 19:30:19.070  5204  5294 E CellBroadcastConfigService: 	at android.telephony.SmsManager.getSubscriptionId(SmsManager.java:828)
09-16 19:30:19.070  5204  5294 E CellBroadcastConfigService: 	at android.telephony.SmsManager.enableCellBroadcastRange(SmsManager.java:1098)
09-16 19:30:19.070  5204  5294 E CellBroadcastConfigService: 	at com.android.cellbroadcastreceiver.CellBroadcastConfigService.setCellBroadcastRange(CellBroadcastConfigService.java:387)
09-16 19:30:19.070  5204  5294 E CellBroadcastConfigService: 	at com.android.cellbroadcastreceiver.CellBroadcastConfigService.setCellBroadcastOnSub(CellBroadcastConfigService.java:217)
09-16 19:30:19.070  5204  5294 E CellBroadcastConfigService: 	at com.android.cellbroadcastreceiver.CellBroadcastConfigService.onHandleIntent(CellBroadcastConfigService.java:96)
09-16 19:30:19.070  5204  5294 E CellBroadcastConfigService: 	at android.app.IntentService$ServiceHandler.handleMessage(IntentService.java:68)
09-16 19:30:19.070  5204  5294 E CellBroadcastConfigService: 	at android.os.Handler.dispatchMessage(Handler.java:102)
09-16 19:30:19.070  5204  5294 E CellBroadcastConfigService: 	at android.os.Looper.loop(Looper.java:154)
09-16 19:30:19.070  5204  5294 E CellBroadcastConfigService: 	at android.os.HandlerThread.run(HandlerThread.java:61)
09-16 19:30:19.072  5279  5279 D DefaultCarrierConfigService: Service created
09-16 19:30:19.103  3587  5255 I Telecom : PhoneAccountRegistrar: [ComponentInfo{com.android.phone/com.android.services.telephony.TelephonyConnectionService}, [2628372b20c6b31a61c46f7f5a9328dbf0edaed6], UserHandle{0}(icon: Icon(typ=BITMAP size=67x84) -> Icon(typ=BITMAP size=67x84))]: TSI.rPA@AB8
09-16 19:30:19.111  3587  5255 I Telecom : : Sending phone-account registered intent as user: TSI.rPA@AB8
09-16 19:30:19.114  4920  4920 I Telephony: AccountEntry: Registered phoneAccount: [[ ] PhoneAccount: ComponentInfo{com.android.phone/com.android.services.telephony.TelephonyConnectionService}, [2628372b20c6b31a61c46f7f5a9328dbf0edaed6], UserHandle{0} Capabilities: CallProvider MultiUser PlaceEmerg SimSub  Audio Routes: BESW Schemes: tel voicemail  Extras: null GroupId: [da39a3ee5e6b4b0d3255bfef95601890afd80709]] with handle: ComponentInfo{com.android.phone/com.android.services.telephony.TelephonyConnectionService}, [2628372b20c6b31a61c46f7f5a9328dbf0edaed6], UserHandle{0}
09-16 19:30:19.114  4920  4920 I Telephony: PstnIncomingCallNotifier: Registering: Handler (com.android.internal.telephony.GsmCdmaPhone) {c5a35dd}
09-16 19:30:19.152  4920  4920 I Telephony: PstnIncomingCallNotifier: Unregistering: Handler (com.android.internal.telephony.GsmCdmaPhone) {c5a35dd}
09-16 19:30:19.157  3180  3180 E         : Unable to unlink boot marker at /data//dalvik-cache/arm64/.booting, error=No such file or directory
09-16 19:30:19.158  3587  3694 W ActivityManager: Unable to mark boot complete for abi: arm64-v8a (Failed to execute markbootcomplete [arm64]: -1)
09-16 19:30:19.159  3180  3180 E         : Unable to unlink boot marker at /data//dalvik-cache/arm/.booting, error=No such file or directory
09-16 19:30:19.162  3587  3694 W ActivityManager: Unable to mark boot complete for abi: armeabi-v7a (Failed to execute markbootcomplete [arm]: -1)
09-16 19:30:19.166  3587  3694 I SystemServiceManager: Starting phase 1000
09-16 19:30:19.220  3587  4868 I Telecom : PhoneAccountRegistrar: [ComponentInfo{com.android.phone/com.android.services.telephony.TelephonyConnectionService}, [2628372b20c6b31a61c46f7f5a9328dbf0edaed6], UserHandle{0}(icon: Icon(typ=BITMAP size=67x84) -> Icon(typ=BITMAP size=67x84))]: TSI.rPA@ACI
09-16 19:30:19.229  3587  4868 I Telecom : : Sending phone-account registered intent as user: TSI.rPA@ACI
09-16 19:30:19.231  4920  4920 I Telephony: AccountEntry: Registered phoneAccount: [[ ] PhoneAccount: ComponentInfo{com.android.phone/com.android.services.telephony.TelephonyConnectionService}, [2628372b20c6b31a61c46f7f5a9328dbf0edaed6], UserHandle{0} Capabilities: CallProvider MultiUser PlaceEmerg SimSub  Audio Routes: BESW Schemes: tel voicemail  Extras: null GroupId: [da39a3ee5e6b4b0d3255bfef95601890afd80709]] with handle: ComponentInfo{com.android.phone/com.android.services.telephony.TelephonyConnectionService}, [2628372b20c6b31a61c46f7f5a9328dbf0edaed6], UserHandle{0}
09-16 19:30:19.232  4920  4920 I Telephony: PstnIncomingCallNotifier: Registering: Handler (com.android.internal.telephony.GsmCdmaPhone) {c5a35dd}
09-16 19:30:19.239  3083  3083 W auditd  : type=1325 audit(0.0:202): table=filter family=2 entries=100
09-16 19:30:19.239  3083  3083 W auditd  : type=1320 audit(0.0:202): 
09-16 19:30:19.251  3083  3083 W auditd  : type=1325 audit(0.0:203): table=filter family=10 entries=111
09-16 19:30:19.251  3083  3083 W auditd  : type=1320 audit(0.0:203): 
09-16 19:30:19.263  3083  3083 W auditd  : type=1325 audit(0.0:204): table=filter family=2 entries=99
09-16 19:30:19.263  3083  3083 W auditd  : type=1320 audit(0.0:204): 
09-16 19:30:19.275  3083  3083 W auditd  : type=1325 audit(0.0:205): table=filter family=10 entries=110
09-16 19:30:19.275  3083  3083 W auditd  : type=1320 audit(0.0:205): 
09-16 19:30:19.387  3587  3694 I ActivityManager: Start proc 5311:android.ext.services/u0a11 for on-hold
09-16 19:30:19.389  3587  3694 D ActivityManager: Finishing user boot 0
09-16 19:30:19.394  3587  3694 D CryptdConnector: SND -> {3 cryptfs prepare_user_storage ! 0 0 2}
09-16 19:30:19.397  3076  3144 D vold    : e4crypt_prepare_user_storage for volume null, user 0, serial 0, flags 2
09-16 19:30:19.397  3076  3144 D vold    : Preparing: /data/system_ce/0
09-16 19:30:19.398  3076  3144 D vold    : Preparing: /data/misc_ce/0
09-16 19:30:19.398  3076  3144 D vold    : Preparing: /data/media/0
09-16 19:30:19.398  3076  3144 D vold    : Preparing: /data/data
09-16 19:30:19.399  3587  4036 D CryptdConnector: RCV <- {200 3 Command succeeded}
09-16 19:30:19.402  3587  3694 V UserManagerService: Found /data/user/0 with serial number 0
09-16 19:30:19.403  3587  3694 V UserManagerService: Found /data/system_ce/0 with serial number -1
09-16 19:30:19.404  3587  3694 D UserManagerService: Serial number missing on /data/system_ce/0; assuming current is valid
09-16 19:30:19.405  3587  3694 V PackageManager: reconcileAppsData for null u0 0x2
09-16 19:30:19.405  5317  5317 I bootstat: Service started: /system/bin/bootstat --record_boot_complete 
09-16 19:30:19.406  5317  5317 E bootstat: Failed to read /data/misc/bootstat/last_boot_time_utc: No such file or directory
09-16 19:30:19.406  5317  5317 E bootstat: Failed to parse boot time record: /data/misc/bootstat/last_boot_time_utc
09-16 19:30:19.406  5317  5317 E bootstat: Failed to read /data/misc/bootstat/build_date: No such file or directory
09-16 19:30:19.406  5317  5317 E bootstat: Failed to parse boot time record: /data/misc/bootstat/build_date
09-16 19:30:19.407  5317  5317 E bootstat: Failed to read /data/misc/bootstat/post_decrypt_time_elapsed: No such file or directory
09-16 19:30:19.407  5317  5317 E bootstat: Failed to parse boot time record: /data/misc/bootstat/post_decrypt_time_elapsed
09-16 19:30:19.412  3158  3586 D PermissionCache: checking android.permission.HARDWARE_TEST for uid=1000 => granted (380 us)
09-16 19:30:19.423  5319  5319 I bootstat: Service started: /system/bin/bootstat --record_boot_reason 
09-16 19:30:19.423  5319  5319 I bootstat: Unknown boot reason: 
09-16 19:30:19.436  5327  5327 I bootstat: Service started: /system/bin/bootstat --record_time_since_factory_reset 
09-16 19:30:19.436  5327  5327 I bootstat: Logging histogram: factory_reset_current_time 1505601019
09-16 19:30:19.437  5327  5327 E bootstat: Failed to read /data/misc/bootstat/factory_reset: No such file or directory
09-16 19:30:19.438  5327  5327 E bootstat: Failed to parse boot time record: /data/misc/bootstat/factory_reset
09-16 19:30:19.450  5328  5328 I bootstat: Service started: /system/bin/bootstat -l 
09-16 19:30:19.450  5328  5328 I bootstat: Logging histogram: bootstat_mtime_matches_content 1
09-16 19:30:19.451  5328  5328 I bootstat: Logging histogram: bootstat_mtime_matches_content 1
09-16 19:30:19.452  5328  5328 I bootstat: Logging histogram: bootstat_mtime_matches_content 1
09-16 19:30:19.452  5328  5328 I bootstat: Logging histogram: bootstat_mtime_matches_content 1
09-16 19:30:19.452  5328  5328 I bootstat: Logging histogram: bootstat_mtime_matches_content 1
09-16 19:30:19.452  5328  5328 I bootstat: Logging histogram: bootstat_mtime_matches_content 1
09-16 19:30:19.452  5328  5328 I bootstat: Logging histogram: bootstat_mtime_matches_content 1
09-16 19:30:19.452  5328  5328 I bootstat: Logging histogram: last_boot_time_utc 1505601019
09-16 19:30:19.452  5328  5328 I bootstat: Logging histogram: build_date 1505598553
09-16 19:30:19.452  5328  5328 I bootstat: Logging histogram: ota_boot_complete_no_encryption 45
09-16 19:30:19.452  5328  5328 I bootstat: Logging histogram: ota_boot_complete 45
09-16 19:30:19.452  5328  5328 I bootstat: Logging histogram: boot_reason 1
09-16 19:30:19.452  5328  5328 I bootstat: Logging histogram: factory_reset_current_time 1505601019
09-16 19:30:19.452  5328  5328 I bootstat: Logging histogram: factory_reset 1505601019
09-16 19:30:19.595  3587  3694 V PackageManager: reconcileAppsData finished 93 packages
09-16 19:30:19.596  3587  3694 D WindowManager: Sending cover change broadcast, mLidState=-1
09-16 19:30:19.606  3587  4676 D WIFI    : Registering NetworkFactory
09-16 19:30:19.606  3587  3687 D BluetoothManagerService: User 0 unlocked
09-16 19:30:19.607  3587  3687 D MountService: onUnlockUser 0
09-16 19:30:19.607  3587  4676 D WIFI_UT : Registering NetworkFactory
09-16 19:30:19.607  3587  3687 D VoldConnector: SND -> {35 volume user_started 0}
09-16 19:30:19.608  3587  3693 D BluetoothManagerService: MESSAGE_USER_UNLOCKED
09-16 19:30:19.609  3587  4680 D ConnectivityService: Got NetworkFactory Messenger for WIFI
09-16 19:30:19.609  3587  4680 D ConnectivityService: Got NetworkFactory Messenger for WIFI_UT
09-16 19:30:19.610  3587  4676 D WIFI    : got request NetworkRequest [ REQUEST id=1, [ Capabilities: INTERNET&NOT_RESTRICTED&TRUSTED&NOT_VPN] ] with score 0
09-16 19:30:19.611  3587  4676 I WifiConnectivityManager: Set WiFiConnectivityManager enabled
09-16 19:30:19.613  3076  3143 D vold    : Linking /storage/emulated/0 to /mnt/user/0/primary
09-16 19:30:19.613  3587  4035 D VoldConnector: RCV <- {200 35 Command succeeded}
09-16 19:30:19.614  5241  5241 I AlarmClock: AlarmInitReceiver android.intent.action.LOCKED_BOOT_COMPLETED
09-16 19:30:19.625  3587  4034 D MountService: Volume emulated broadcasting mounted to UserHandle{0}
09-16 19:30:19.655  3587  4676 D WIFI_UT : got request NetworkRequest [ REQUEST id=1, [ Capabilities: INTERNET&NOT_RESTRICTED&TRUSTED&NOT_VPN] ] with score 0
09-16 19:30:19.660  3587  3587 I InputMethodManagerService: All the enabled IMEs are gone. Reset default enabled IMEs.
09-16 19:30:19.679  5311  5311 W System  : ClassLoader referenced unknown path: /system/priv-app/ExtServices/lib/arm64
09-16 19:30:19.683  3587  3687 V BackupManagerService: No ancestral data
09-16 19:30:19.687  5241  5241 I droid.deskclock: type=1400 audit(0.0:206): avc: denied { write } for name="shared_prefs" dev="sda24" ino=3121298 scontext=u:r:untrusted_app:s0:c512,c768 tcontext=u:object_r:system_data_file:s0:c512,c768 tclass=dir permissive=1
09-16 19:30:19.687  5241  5241 I droid.deskclock: type=1400 audit(0.0:206): avc: denied { remove_name } for name="com.android.deskclock_preferences.xml" dev="sda24" ino=3121300 scontext=u:r:untrusted_app:s0:c512,c768 tcontext=u:object_r:system_data_file:s0:c512,c768 tclass=dir permissive=1
09-16 19:30:19.687  5241  5241 I droid.deskclock: type=1400 audit(0.0:206): avc: denied { rename } for name="com.android.deskclock_preferences.xml" dev="sda24" ino=3121300 scontext=u:r:untrusted_app:s0:c512,c768 tcontext=u:object_r:system_data_file:s0:c512,c768 tclass=file permissive=1
09-16 19:30:19.687  5241  5241 I droid.deskclock: type=1400 audit(0.0:206): avc: denied { add_name } for name="com.android.deskclock_preferences.xml.bak" scontext=u:r:untrusted_app:s0:c512,c768 tcontext=u:object_r:system_data_file:s0:c512,c768 tclass=dir permissive=1
09-16 19:30:19.745  3587  3687 V BackupManagerService: Starting with transport com.google.android.gms/.backup.BackupTransportService
09-16 19:30:19.745  3587  3687 V BackupManagerService: Found transports: 1
09-16 19:30:19.748  3587  3686 W Searchables: No global search activity found
09-16 19:30:19.749  3587  3687 I BackupManagerService: Backup enable apparently not migrated
09-16 19:30:19.749  3587  3687 I BackupManagerService: Migrating enable state false
09-16 19:30:19.750  3587  3687 I BackupManagerService: Backup enabled => false
09-16 19:30:19.775  3587  5329 V KeyValueBackupJob: Scheduling k/v pass in 247 minutes
09-16 19:30:19.790  3587  5329 V KeyValueBackupJob: Scheduling k/v pass in 247 minutes
09-16 19:30:19.794  3587  3687 W AppWidgetServiceImpl: Failed to read state: java.io.FileNotFoundException: /data/system/users/0/appwidgets.xml (No such file or directory)
09-16 19:30:19.794  3587  3687 V AppWidgetServiceImpl: Upgrading widget database from 0 to 1
09-16 19:30:19.795  3587  3687 W VoiceInteractionManagerService: no available voice interaction services found for user 0
09-16 19:30:19.795  3587  3687 W VoiceInteractionManagerService: no available voice recognition services found for user 0
09-16 19:30:19.796  3587  3687 I BrokerableCMSystemService: Connecting to implementation
09-16 19:30:19.796  3587  3687 W ContextImpl: Calling a method in the system process without a qualified user: android.app.ContextImpl.bindService:1421 org.cyanogenmod.platform.internal.BrokerableCMSystemService.tryConnecting:199 org.cyanogenmod.platform.internal.WeatherManagerServiceBroker.onUnlockUser:97 com.android.server.SystemServiceManager.unlockUser:179 com.android.server.am.ActivityManagerService$MainHandler.handleMessage:2067 
09-16 19:30:19.806  3587  4951 I ActivityManager: Start proc 5332:android.process.media/u0a9 for broadcast com.android.providers.downloads/.DownloadReceiver
09-16 19:30:19.863  3587  3687 I ActivityManager: Start proc 5346:org.cyanogenmod.weatherservice/u0a31 for service org.cyanogenmod.weatherservice/.WeatherManagerService
09-16 19:30:19.863  3587  5331 W ResourceType: No known package when getting value for resource number 0x7f020125
09-16 19:30:19.863  3587  5331 W ResourceType: No known package when getting value for resource number 0x7f0c050a
09-16 19:30:19.863  3587  3687 I ActivityManager: Loading recents for user 0 into memory.
09-16 19:30:19.865  3587  5331 W ResourceType: No known package when getting value for resource number 0x7f020124
09-16 19:30:19.865  3587  5331 W ResourceType: No known package when getting value for resource number 0x7f0c0a9b
09-16 19:30:19.865  3587  5331 W ResourceType: No known package when getting value for resource number 0x7f020123
09-16 19:30:19.865  3587  5331 W ResourceType: No known package when getting value for resource number 0x7f0c0955
09-16 19:30:19.867  4920  4920 D CallNotifier: updatePhoneStateListeners: update CF notifications.
09-16 19:30:19.869  4920  4920 I Telephony: PstnIncomingCallNotifier: Unregistering: Handler (com.android.internal.telephony.GsmCdmaPhone) {c5a35dd}
09-16 19:30:19.873  3587  5331 W ResourceType: No known package when getting value for resource number 0x7f020078
09-16 19:30:19.873  3587  5331 W ResourceType: No known package when getting value for resource number 0x7f0d006d
09-16 19:30:19.873  3587  5331 W ResourceType: No known package when getting value for resource number 0x7f0d006d
09-16 19:30:19.890  3587  3687 I ActivityManager: Start proc 5360:org.cyanogenmod.audiofx/u0a2 for added application org.cyanogenmod.audiofx
09-16 19:30:19.893  3587  5331 W ResourceType: No known package when getting value for resource number 0x7f020022
09-16 19:30:19.893  3587  5331 W ResourceType: No known package when getting value for resource number 0x7f0b01f7
09-16 19:30:19.912  3587  3687 I ActivityManager: Start proc 5375:com.android.nfc/1027 for added application com.android.nfc
09-16 19:30:19.971  5332  5332 W System  : ClassLoader referenced unknown path: /system/priv-app/DownloadProvider/lib/arm64
09-16 19:30:19.973  5360  5360 W System  : ClassLoader referenced unknown path: /system/priv-app/AudioFX/lib/arm64
09-16 19:30:19.979  3587  3687 V ActivityManager: Installing ContentProviderInfo{name=com.android.deskclock.worldclock.db className=com.android.deskclock.worldclock.db.DbCityProvider}
09-16 19:30:19.981  5346  5346 W System  : ClassLoader referenced unknown path: /system/priv-app/WeatherManagerService/lib/arm64
09-16 19:30:19.982  3587  3687 I PreBootBroadcaster: Pre-boot of {com.android.managedprovisioning/com.android.managedprovisioning.PreBootListener} for user 0
09-16 19:30:20.029  3587  3686 I ActivityManager: Start proc 5393:com.android.printspooler/u0a56 for service com.android.printspooler/.model.PrintSpoolerService
09-16 19:30:20.047  4973  4973 D FallbackHome: User unlocked and real home found; let's go!
09-16 19:30:20.096  3587  3684 I ActivityManager: START u0 {act=android.intent.action.MAIN cat=[android.intent.category.HOME] flg=0x10000100 cmp=com.cyanogenmod.setupwizard/.SetupWizardActivity} from uid 0 on display 0
09-16 19:30:20.107  5332  5332 W System  : ClassLoader referenced unknown path: /system/priv-app/MediaProvider/lib/arm64
09-16 19:30:20.111  5332  5332 D ApplicationLoaders: ignored Vulkan layer search path /system/priv-app/MediaProvider/lib/arm64:/system/priv-app/MediaProvider/MediaProvider.apk!/lib/arm64-v8a:/system/lib64:/vendor/lib64 for namespace 0x7faffca0f0
09-16 19:30:20.107  5375  5375 I com.android.nfc: type=1400 audit(0.0:217): avc: denied { write } for name="com.android.nfc" dev="sda24" ino=3121182 scontext=u:r:nfc:s0 tcontext=u:object_r:system_data_file:s0 tclass=dir permissive=1
09-16 19:30:20.107  5375  5375 I com.android.nfc: type=1400 audit(0.0:217): avc: denied { add_name } for name="code_cache" scontext=u:r:nfc:s0 tcontext=u:object_r:system_data_file:s0 tclass=dir permissive=1
09-16 19:30:20.107  5375  5375 I com.android.nfc: type=1400 audit(0.0:217): avc: denied { create } for name="code_cache" scontext=u:r:nfc:s0 tcontext=u:object_r:system_data_file:s0 tclass=dir permissive=1
09-16 19:30:20.107  5375  5375 W com.android.nfc: type=1300 audit(0.0:217): arch=c00000b7 syscall=34 success=yes exit=0 a0=ffffff9c a1=7fa04219f0 a2=1f9 a3=7fac14f514 items=0 ppid=3175 auid=4294967295 uid=1027 gid=1027 euid=1027 suid=1027 fsuid=1027 egid=1027 sgid=1027 fsgid=1027 tty=(none) ses=4294967295 exe="/system/bin/app_process64" subj=u:r:nfc:s0 key=(null)
09-16 19:30:20.107  3083  3083 W auditd  : type=1327 audit(0.0:217): proctitle="com.android.nfc"
09-16 19:30:20.107  3083  3083 W auditd  : type=1320 audit(0.0:217): 
09-16 19:30:20.111  5375  5375 I com.android.nfc: type=1400 audit(0.0:218): avc: denied { setattr } for name="code_cache" dev="sda24" ino=3121310 scontext=u:r:nfc:s0 tcontext=u:object_r:system_data_file:s0 tclass=dir permissive=1
09-16 19:30:20.111  5375  5375 W com.android.nfc: type=1300 audit(0.0:218): arch=c00000b7 syscall=53 success=yes exit=0 a0=ffffff9c a1=7fa0421480 a2=1f9 a3=0 items=0 ppid=3175 auid=4294967295 uid=1027 gid=1027 euid=1027 suid=1027 fsuid=1027 egid=1027 sgid=1027 fsgid=1027 tty=(none) ses=4294967295 exe="/system/bin/app_process64" subj=u:r:nfc:s0 key=(null)
09-16 19:30:20.111  3083  3083 W auditd  : type=1327 audit(0.0:218): proctitle="com.android.nfc"
09-16 19:30:20.111  3083  3083 W auditd  : type=1320 audit(0.0:218): 
09-16 19:30:20.138  3587  5410 I Telecom : PhoneAccountRegistrar: [ComponentInfo{com.android.phone/com.android.services.telephony.TelephonyConnectionService}, [2628372b20c6b31a61c46f7f5a9328dbf0edaed6], UserHandle{0}(icon: Icon(typ=BITMAP size=67x84) -> Icon(typ=BITMAP size=67x84))]: TSI.rPA@ACY
09-16 19:30:20.147  3587  3684 I ActivityManager: Start proc 5412:com.cyanogenmod.setupwizard/1000 for activity com.cyanogenmod.setupwizard/.SetupWizardActivity
09-16 19:30:20.151  3587  5410 I Telecom : : Sending phone-account registered intent as user: TSI.rPA@ACY
09-16 19:30:20.154  4920  4920 I Telephony: AccountEntry: Registered phoneAccount: [[ ] PhoneAccount: ComponentInfo{com.android.phone/com.android.services.telephony.TelephonyConnectionService}, [2628372b20c6b31a61c46f7f5a9328dbf0edaed6], UserHandle{0} Capabilities: CallProvider MultiUser PlaceEmerg SimSub  Audio Routes: BESW Schemes: tel voicemail  Extras: null GroupId: [da39a3ee5e6b4b0d3255bfef95601890afd80709]] with handle: ComponentInfo{com.android.phone/com.android.services.telephony.TelephonyConnectionService}, [2628372b20c6b31a61c46f7f5a9328dbf0edaed6], UserHandle{0}
09-16 19:30:20.155  4920  4920 I Telephony: PstnIncomingCallNotifier: Registering: Handler (com.android.internal.telephony.GsmCdmaPhone) {c5a35dd}
09-16 19:30:20.155  3587  3688 I ActivityManager: Config changes=20 {1.0 722mcc34mnc [en_US] ldltr sw411dp w411dp h773dp 560dpi nrml long port finger -keyb/v/h -nav/h s.7}
09-16 19:30:20.163  5393  5393 I id.printspooler: type=1400 audit(0.0:219): avc: denied { write } for name="com.android.printspooler" dev="sda24" ino=3121193 scontext=u:r:untrusted_app:s0:c512,c768 tcontext=u:object_r:system_data_file:s0 tclass=dir permissive=1
09-16 19:30:20.163  5393  5393 I id.printspooler: type=1400 audit(0.0:219): avc: denied { add_name } for name="code_cache" scontext=u:r:untrusted_app:s0:c512,c768 tcontext=u:object_r:system_data_file:s0 tclass=dir permissive=1
09-16 19:30:20.163  5393  5393 I id.printspooler: type=1400 audit(0.0:219): avc: denied { create } for name="code_cache" scontext=u:r:untrusted_app:s0:c512,c768 tcontext=u:object_r:system_data_file:s0:c512,c768 tclass=dir permissive=1
09-16 19:30:20.163  5393  5393 W id.printspooler: type=1300 audit(0.0:219): arch=c00000b7 syscall=34 success=yes exit=0 a0=ffffff9c a1=7fa040cc40 a2=1f9 a3=7fac14f514 items=0 ppid=3175 auid=4294967295 uid=10056 gid=10056 euid=10056 suid=10056 fsuid=10056 egid=10056 sgid=10056 fsgid=10056 tty=(none) ses=4294967295 exe="/system/bin/app_process64" subj=u:r:untrusted_app:s0:c512,c768 key=(null)
09-16 19:30:20.163  3083  3083 W auditd  : type=1327 audit(0.0:219): proctitle="com.android.printspooler"
09-16 19:30:20.163  3083  3083 W auditd  : type=1320 audit(0.0:219): 
09-16 19:30:20.163  5393  5393 I id.printspooler: type=1400 audit(0.0:220): avc: denied { setattr } for name="code_cache" dev="sda24" ino=3121312 scontext=u:r:untrusted_app:s0:c512,c768 tcontext=u:object_r:system_data_file:s0:c512,c768 tclass=dir permissive=1
09-16 19:30:20.163  5393  5393 W id.printspooler: type=1300 audit(0.0:220): arch=c00000b7 syscall=53 success=yes exit=0 a0=ffffff9c a1=7fa040cc80 a2=1f9 a3=0 items=0 ppid=3175 auid=4294967295 uid=10056 gid=10056 euid=10056 suid=10056 fsuid=10056 egid=10056 sgid=10056 fsgid=10056 tty=(none) ses=4294967295 exe="/system/bin/app_process64" subj=u:r:untrusted_app:s0:c512,c768 key=(null)
09-16 19:30:20.163  3083  3083 W auditd  : type=1327 audit(0.0:220): proctitle="com.android.printspooler"
09-16 19:30:20.219  4920  4920 I NotificationMgr: updateMwi(): subId 1 update to false
09-16 19:30:20.230  3587  3587 I AccountManagerService: User 0 is unlocked - opening CE database
09-16 19:30:20.163  3083  3083 W auditd  : type=1320 audit(0.0:220): 
09-16 19:30:20.267  4920  4920 D CarrierConfigLoader: Connected to config app: com.android.carrierconfig/com.android.carrierconfig.DefaultCarrierConfigService
09-16 19:30:20.271  3587  5160 I ActivityManager: Start proc 5429:com.android.keychain/1000 for service com.android.keychain/.KeyChainService
09-16 19:30:20.301  5375  5375 I NfcService: Starting NFC service
09-16 19:30:20.320  3587  5410 I ActivityManager: Start proc 5444:com.android.smspush/u0a59 for service com.android.smspush/.WapPushManager
09-16 19:30:20.324  4920  4920 D CarrierSvcBindHelper: Received android.intent.action.USER_UNLOCKED
09-16 19:30:20.328  5412  5412 W System  : ClassLoader referenced unknown path: /system/priv-app/LineageSetupWizard/lib/arm64
09-16 19:30:20.357  4920  4920 D CarrierSvcBindHelper: No carrier app for: 0
09-16 19:30:20.384  5375  5375 D BrcmNfcJni: JNI_OnLoad: enter
09-16 19:30:20.384  5375  5375 I BrcmNfcJni: NFC Service: loading nci JNI
09-16 19:30:20.384  5375  5375 D BrcmNfcJni: register_com_android_nfc_NativeNfcManager: enter
09-16 19:30:20.384  5375  5375 D BrcmNfcJni: PowerSwitch::initialize: level=PS-UNKNOWN (0)
09-16 19:30:20.384  5375  5375 D NfcAdaptation: bool CNfcConfig::readConfig(const char *, bool) Opened base config /etc/libnfc-brcm.conf
09-16 19:30:20.385  5332  5332 I DownloadManager: Upgrading downloads database from version 0 to version 110, which will destroy all old data
09-16 19:30:20.390  5375  5375 D NfcAdaptation: const CNfcParam *CNfcConfig::find(const char *) const found SCREEN_OFF_POWER_STATE=(0x3)
09-16 19:30:20.390  5375  5375 D BrcmNfcJni: PowerSwitch::initialize: desired screen-off state=3
09-16 19:30:20.390  5375  5375 D BrcmNfcJni: register_com_android_nfc_NativeNfcManager: exit
09-16 19:30:20.390  5375  5375 D BrcmNfcJni: register_com_android_nfc_NativeNfcTag
09-16 19:30:20.391  5375  5375 D NfcAdaptation: const CNfcParam *CNfcConfig::find(const char *) const found ACTIVE_SE=(0x2)
09-16 19:30:20.391  5375  5375 D BrcmNfcJni: RoutingManager::RoutingManager(): Active SE for Nfc-F is 0x00
09-16 19:30:20.391  5375  5375 D NfcAdaptation: const CNfcParam *CNfcConfig::find(const char *) const found DEFAULT_ISODEP_ROUTE=(0x3)
09-16 19:30:20.391  5375  5375 D BrcmNfcJni: RoutingManager::RoutingManager(): default route is 0x03
09-16 19:30:20.391  5375  5375 D BrcmNfcJni: RoutingManager::RoutingManager(): default route for Nfc-F is 0x00
09-16 19:30:20.391  5375  5375 D NfcAdaptation: const CNfcParam *CNfcConfig::find(const char *) const found AID_MATCHING_MODE=(0x1)
09-16 19:30:20.391  5375  5375 D BrcmNfcJni: RoutingManager::RoutingManager(): mOffHostEe=0xF4
09-16 19:30:20.391  5375  5375 D BrcmNfcJni: RoutingManager::registerJniFunctions
09-16 19:30:20.391  5375  5375 D BrcmNfcJni: JNI_OnLoad: exit
09-16 19:30:20.391  5375  5375 D BrcmNfcJni: nfcManager_initNativeStruc: enter
09-16 19:30:20.392  5375  5375 D BrcmNfcJni: nfcManager_initNativeStruc: exit
09-16 19:30:20.396  5375  5375 W Settings: Setting device_provisioned has moved from android.provider.Settings.Secure to android.provider.Settings.Global.
09-16 19:30:20.409  3587  3587 I AccountManagerService: Creating CE database /data/system_ce/0/accounts_ce.db
09-16 19:30:20.425  5429  5429 W System  : ClassLoader referenced unknown path: /system/app/KeyChain/lib/arm64
09-16 19:30:20.459  5444  5444 W System  : ClassLoader referenced unknown path: /system/app/WAPPushManager/lib/arm64
09-16 19:30:20.486  3587  5255 I Telecom : PhoneAccountRegistrar: [ComponentInfo{com.android.phone/com.android.services.telephony.TelephonyConnectionService}, [2628372b20c6b31a61c46f7f5a9328dbf0edaed6], UserHandle{0}(icon: Icon(typ=BITMAP size=67x84) -> Icon(typ=BITMAP size=67x84))]: TSI.rPA@ACk
09-16 19:30:20.498  3587  5255 I Telecom : : Sending phone-account registered intent as user: TSI.rPA@ACk
09-16 19:30:20.513  5375  5375 I NfceeAccess: read 5 signature(s) for NFCEE access
09-16 19:30:20.516  4778  4783 I art     : Compiler allocated 6MB to compile void android.view.ViewRootImpl.performTraversals()
09-16 19:30:20.523  3587  4794 I ActivityManager: START u0 {act=com.android.wizard.LOAD flg=0x10000001 cmp=com.cyanogenmod.setupwizard/.wizardmanager.WizardManager (has extras)} from uid 1000 on display 0
09-16 19:30:20.535  3587  3587 V BackupManagerService: Connected to transport ComponentInfo{android/com.android.internal.backup.LocalTransportService}
09-16 19:30:20.535  3587  3587 V BackupManagerService: Registering transport android/com.android.internal.backup.LocalTransportService::android/com.android.internal.backup.LocalTransport = android.app.backup.BackupTransport$TransportImpl@a318c64
09-16 19:30:20.552  3587  3587 D WifiService: resetting networks because SIM was loaded
09-16 19:30:20.552  3587  3587 I BrokerableCMSystemService: Implementation service connected
09-16 19:30:20.552  3587  4676 D WifiStateMachine: resetting EAP-SIM/AKA/AKA' networks since SIM was changed
09-16 19:30:20.581  5375  5375 D RegisteredT3tIdentifiersCache: RegisteredT3tIdentifiersCache
09-16 19:30:20.584  5375  5381 I art     : Do partial code cache collection, code=26KB, data=21KB
09-16 19:30:20.585  5375  5381 I art     : After code cache collection, code=22KB, data=19KB
09-16 19:30:20.585  5375  5381 I art     : Increasing code cache capacity to 128KB
09-16 19:30:20.625  3174  3174 D gpsd    : WakeLock(Acquire,GPSD)
09-16 19:30:20.625  3587  3686 D GnssLocationProvider: GPS configuration:
09-16 19:30:20.625  3587  3686 D GnssLocationProvider:  #Sat Sep 16 19:30:20 GMT-03:00 2017
09-16 19:30:20.625  3587  3686 D GnssLocationProvider: SUPL_VER=0x20000
09-16 19:30:20.625  3587  3686 D GnssLocationProvider: SUPL_PORT=7275
09-16 19:30:20.625  3587  3686 D GnssLocationProvider: XTRA_SERVER_2=http\://gllto2.glpals.com/4day/v4/latest/lto2.dat
09-16 19:30:20.625  3587  3686 D GnssLocationProvider: XTRA_SERVER_1=http\://gllto1.glpals.com/4day/v4/latest/lto2.dat
09-16 19:30:20.625  3587  3686 D GnssLocationProvider: SUPL_HOST=supl.google.com
09-16 19:30:20.625  3587  3686 D GnssLocationProvider: SUPL_MODE=1
09-16 19:30:20.625  3587  3686 D GnssLocationProvider: NTP_SERVER=north-america.pool.ntp.org
09-16 19:30:20.625  3174  3174 D gpsd    : WakeLock(Release,GPSD)
09-16 19:30:20.629  3174  3174 D gpsd    : WakeLock(Acquire,GPSD)
09-16 19:30:20.629  3174  3174 D gpsd    : WakeLock(Release,GPSD)
09-16 19:30:20.629  3174  3174 D gpsd    : WakeLock(Acquire,GPSD)
09-16 19:30:20.629  3174  3174 D gpsd    : WakeLock(Release,GPSD)
