09-12 20:52:53.995  3066  3131 D vold    : Remounting 1001 as mode none
09-12 20:52:53.998  3066  3131 D vold    : Found matching PID 3618
09-12 20:52:53.998  3066  3131 W vold    : Skipping due to root namespace
09-12 20:52:53.998  3066  3131 D vold    : Found matching PID 3619
09-12 20:52:53.998  3066  3131 W vold    : Skipping due to root namespace
09-12 20:52:53.999  3629  4071 D VoldConnector: RCV <- {200 4 Command succeeded}
09-12 20:52:54.001  3629  3629 D VoldConnector: SND -> {5 volume remount_uid 1001 none}
09-12 20:52:54.001  3066  3131 D vold    : Remounting 1001 as mode none
09-12 20:52:54.004  3066  3131 D vold    : Found matching PID 3618
09-12 20:52:54.004  3066  3131 W vold    : Skipping due to root namespace
09-12 20:52:54.004  3066  3131 D vold    : Found matching PID 3619
09-12 20:52:54.004  3066  3131 W vold    : Skipping due to root namespace
09-12 20:52:54.004  3629  4071 D VoldConnector: RCV <- {200 5 Command succeeded}
09-12 20:52:54.007  3629  3629 D VoldConnector: SND -> {6 volume remount_uid 1027 none}
09-12 20:52:54.008  3066  3131 D vold    : Remounting 1027 as mode none
09-12 20:52:54.011  3629  4071 D VoldConnector: RCV <- {200 6 Command succeeded}
09-12 20:52:54.012  3629  3629 D VoldConnector: SND -> {7 volume remount_uid 1027 none}
09-12 20:52:54.013  3066  3131 D vold    : Remounting 1027 as mode none
09-12 20:52:54.015  3629  4071 D VoldConnector: RCV <- {200 7 Command succeeded}
09-12 20:52:54.017  3629  3629 D VoldConnector: SND -> {8 volume remount_uid 1000 none}
09-12 20:52:54.018  3066  3131 D vold    : Remounting 1000 as mode none
09-12 20:52:54.021  3066  3131 D vold    : Found matching PID 3135
09-12 20:52:54.021  3066  3131 W vold    : Skipping due to root namespace
09-12 20:52:54.021  3066  3131 D vold    : Found matching PID 3174
09-12 20:52:54.021  3066  3131 W vold    : Skipping due to root namespace
09-12 20:52:54.021  3066  3131 D vold    : Found matching PID 3177
09-12 20:52:54.021  3066  3131 W vold    : Skipping due to root namespace
09-12 20:52:54.021  3066  3131 D vold    : Found matching PID 3526
09-12 20:52:54.021  3066  3131 W vold    : Skipping due to root namespace
09-12 20:52:54.021  3066  3131 D vold    : Found matching PID 3527
09-12 20:52:54.021  3066  3131 W vold    : Skipping due to root namespace
09-12 20:52:54.021  3066  3131 D vold    : Found matching PID 3629
09-12 20:52:54.051  3629  4071 D VoldConnector: RCV <- {200 8 Command succeeded}
09-12 20:52:54.052  3629  3629 D VoldConnector: SND -> {9 volume remount_uid 1000 none}
09-12 20:52:54.053  3066  3131 D vold    : Remounting 1000 as mode none
09-12 20:52:54.055  3066  3131 D vold    : Found matching PID 3135
09-12 20:52:54.055  3066  3131 W vold    : Skipping due to root namespace
09-12 20:52:54.056  3066  3131 D vold    : Found matching PID 3174
09-12 20:52:54.056  3066  3131 W vold    : Skipping due to root namespace
09-12 20:52:54.056  3066  3131 D vold    : Found matching PID 3177
09-12 20:52:54.056  3066  3131 W vold    : Skipping due to root namespace
09-12 20:52:54.056  3066  3131 D vold    : Found matching PID 3526
09-12 20:52:54.056  3066  3131 W vold    : Skipping due to root namespace
09-12 20:52:54.056  3066  3131 D vold    : Found matching PID 3527
09-12 20:52:54.056  3066  3131 W vold    : Skipping due to root namespace
09-12 20:52:54.056  3066  3131 D vold    : Found matching PID 3629
09-12 20:52:54.057  3629  4071 D VoldConnector: RCV <- {200 9 Command succeeded}
09-12 20:52:54.065  3629  3629 D VoldConnector: SND -> {10 volume remount_uid 2000 none}
09-12 20:52:54.066  3066  3131 D vold    : Remounting 2000 as mode none
09-12 20:52:54.069  3629  4071 D VoldConnector: RCV <- {200 10 Command succeeded}
09-12 20:52:54.070  3629  3629 D VoldConnector: SND -> {11 volume remount_uid 2000 none}
09-12 20:52:54.071  3066  3131 D vold    : Remounting 2000 as mode none
09-12 20:52:54.074  3629  4071 D VoldConnector: RCV <- {200 11 Command succeeded}
09-12 20:52:54.077  3629  3629 D VoldConnector: SND -> {12 volume remount_uid 10033 none}
09-12 20:52:54.077  3066  3131 D vold    : Remounting 10033 as mode none
09-12 20:52:54.080  3629  4071 D VoldConnector: RCV <- {200 12 Command succeeded}
09-12 20:52:54.082  3629  3629 D VoldConnector: SND -> {13 volume remount_uid 10033 none}
09-12 20:52:54.082  3066  3131 D vold    : Remounting 10033 as mode none
09-12 20:52:54.085  3629  4071 D VoldConnector: RCV <- {200 13 Command succeeded}
09-12 20:52:54.088  3629  3629 D VoldConnector: SND -> {14 volume remount_uid 1002 none}
09-12 20:52:54.089  3066  3131 D vold    : Remounting 1002 as mode none
09-12 20:52:54.092  3629  4071 D VoldConnector: RCV <- {200 14 Command succeeded}
09-12 20:52:54.094  3629  3629 D VoldConnector: SND -> {15 volume remount_uid 1002 none}
09-12 20:52:54.094  3066  3131 D vold    : Remounting 1002 as mode none
09-12 20:52:54.097  3629  4071 D VoldConnector: RCV <- {200 15 Command succeeded}
09-12 20:52:54.101  3629  3629 W VoiceInteractionManagerService: no available voice interaction services found for user 0
09-12 20:52:54.101  3629  3629 W VoiceInteractionManagerService: no available voice recognition services found for user 0
09-12 20:52:54.116  3629  3728 W KeyguardServiceDelegate: onScreenTurningOn(): no keyguard service!
09-12 20:52:54.142  3629  3629 D VoldConnector: SND -> {16 volume remount_uid 10024 none}
09-12 20:52:54.143  3066  3131 D vold    : Remounting 10024 as mode none
09-12 20:52:54.146  3629  4071 D VoldConnector: RCV <- {200 16 Command succeeded}
09-12 20:52:54.149  3629  3629 D VoldConnector: SND -> {17 volume remount_uid 10042 none}
09-12 20:52:54.149  3066  3131 D vold    : Remounting 10042 as mode none
09-12 20:52:54.152  3629  4071 D VoldConnector: RCV <- {200 17 Command succeeded}
09-12 20:52:54.153  3629  3629 D VoldConnector: SND -> {18 volume remount_uid 10042 none}
09-12 20:52:54.154  3066  3131 D vold    : Remounting 10042 as mode none
09-12 20:52:54.157  3629  4071 D VoldConnector: RCV <- {200 18 Command succeeded}
09-12 20:52:54.159  3629  3629 D VoldConnector: SND -> {19 volume remount_uid 10009 none}
09-12 20:52:54.159  3066  3131 D vold    : Remounting 10009 as mode none
09-12 20:52:54.162  3629  4071 D VoldConnector: RCV <- {200 19 Command succeeded}
09-12 20:52:54.163  3629  3629 D VoldConnector: SND -> {20 volume remount_uid 10009 none}
09-12 20:52:54.164  3066  3131 D vold    : Remounting 10009 as mode none
09-12 20:52:54.167  3629  4071 D VoldConnector: RCV <- {200 20 Command succeeded}
09-12 20:52:54.169  3629  3629 D VoldConnector: SND -> {21 volume remount_uid 10015 none}
09-12 20:52:54.170  3066  3131 D vold    : Remounting 10015 as mode none
09-12 20:52:54.173  3629  4071 D VoldConnector: RCV <- {200 21 Command succeeded}
09-12 20:52:54.174  3629  3629 D VoldConnector: SND -> {22 volume remount_uid 10015 none}
09-12 20:52:54.175  3066  3131 D vold    : Remounting 10015 as mode none
09-12 20:52:54.178  3629  4071 D VoldConnector: RCV <- {200 22 Command succeeded}
09-12 20:52:54.189  3629  3629 D VoldConnector: SND -> {23 volume remount_uid 10005 none}
09-12 20:52:54.190  3066  3131 D vold    : Remounting 10005 as mode none
09-12 20:52:54.193  3629  4071 D VoldConnector: RCV <- {200 23 Command succeeded}
09-12 20:52:54.194  3629  3629 D VoldConnector: SND -> {24 volume remount_uid 10005 none}
09-12 20:52:54.195  3066  3131 D vold    : Remounting 10005 as mode none
09-12 20:52:54.198  3629  4071 D VoldConnector: RCV <- {200 24 Command succeeded}
09-12 20:52:54.208  3629  3629 D VoldConnector: SND -> {25 volume remount_uid 10020 none}
09-12 20:52:54.209  3066  3131 D vold    : Remounting 10020 as mode none
09-12 20:52:54.212  3629  4071 D VoldConnector: RCV <- {200 25 Command succeeded}
09-12 20:52:54.214  3629  3629 D VoldConnector: SND -> {26 volume remount_uid 10020 none}
09-12 20:52:54.215  3066  3131 D vold    : Remounting 10020 as mode none
09-12 20:52:54.217  3629  4071 D VoldConnector: RCV <- {200 26 Command succeeded}
09-12 20:52:54.223  3629  3629 D VoldConnector: SND -> {27 volume remount_uid 10013 none}
09-12 20:52:54.224  3066  3131 D vold    : Remounting 10013 as mode none
09-12 20:52:54.227  3629  4071 D VoldConnector: RCV <- {200 27 Command succeeded}
09-12 20:52:54.229  3629  3629 D VoldConnector: SND -> {28 volume remount_uid 10013 none}
09-12 20:52:54.229  3066  3131 D vold    : Remounting 10013 as mode none
09-12 20:52:54.232  3629  4071 D VoldConnector: RCV <- {200 28 Command succeeded}
09-12 20:52:54.235  3629  3629 D VoldConnector: SND -> {29 volume remount_uid 10026 none}
09-12 20:52:54.236  3066  3131 D vold    : Remounting 10026 as mode none
09-12 20:52:54.239  3629  4071 D VoldConnector: RCV <- {200 29 Command succeeded}
09-12 20:52:54.240  3629  3629 D VoldConnector: SND -> {30 volume remount_uid 10026 none}
09-12 20:52:54.241  3066  3131 D vold    : Remounting 10026 as mode none
09-12 20:52:54.244  3629  4071 D VoldConnector: RCV <- {200 30 Command succeeded}
09-12 20:52:54.247  3629  3629 V UserManagerService: Found /data/user_de/0 with serial number -1
09-12 20:52:54.247  3629  3629 D UserManagerService: Serial number missing on /data/user_de/0; assuming current is valid
09-12 20:52:54.247  3629  3629 V UserManagerService: Found /data/user/0 with serial number -1
09-12 20:52:54.247  3629  3629 D UserManagerService: Serial number missing on /data/user/0; assuming current is valid
09-12 20:52:54.247  3629  3629 V UserManagerService: Found /data/system_de/0 with serial number -1
09-12 20:52:54.247  3629  3629 D UserManagerService: Serial number missing on /data/system_de/0; assuming current is valid
09-12 20:52:54.248  3629  3629 I ActivityManager: System now ready
09-12 20:52:54.251  3629  3629 I SystemServer: Making services ready
09-12 20:52:54.251  3629  3629 I SystemServiceManager: Starting phase 550
09-12 20:52:54.255  3629  3629 D BluetoothManagerService: Bluetooth boot completed
09-12 20:52:54.255  3629  3629 D BluetoothManagerService: Getting adapter name and address
09-12 20:52:54.255  3629  3725 D BluetoothManagerService: MESSAGE_GET_NAME_AND_ADDRESS
09-12 20:52:54.255  3629  3725 D BluetoothManagerService: Binding to service to get name and address
09-12 20:52:54.268  3629  3725 I chatty  : uid=1000 system_server expire 2 lines
09-12 20:52:54.281  3163  3163 I art     : Starting a blocking GC Background
09-12 20:52:54.327  3629  3725 W ActivityManager: Slow operation: 71ms so far, now at startProcess: returned from zygote!
09-12 20:52:54.327  3629  3725 W ActivityManager: Slow operation: 71ms so far, now at startProcess: done updating battery stats
09-12 20:52:54.328  3629  3725 W ActivityManager: Slow operation: 72ms so far, now at startProcess: building log message
09-12 20:52:54.328  3629  3725 I ActivityManager: Start proc 4775:com.android.bluetooth/1002 for service com.android.bluetooth/.btservice.AdapterService
09-12 20:52:54.328  3629  3725 W ActivityManager: Slow operation: 72ms so far, now at startProcess: starting to update pids map
09-12 20:52:54.328  3629  3725 W ActivityManager: Slow operation: 72ms so far, now at startProcess: done updating pids map
09-12 20:52:54.328  3629  3725 W ActivityManager: Slow operation: 72ms so far, now at startProcess: done starting proc!
09-12 20:52:54.339  3629  3629 E InputMethodManagerService: Ignoring updateSystemUiLocked due to an invalid token. uid:1000 token:null
09-12 20:52:54.359  4775  4775 I droid.bluetooth: type=1400 audit(0.0:148): avc: denied { write } for name="com.android.bluetooth" dev="sda24" ino=3121241 scontext=u:r:bluetooth:s0 tcontext=u:object_r:system_data_file:s0 tclass=dir permissive=1
09-12 20:52:54.359  4775  4775 I droid.bluetooth: type=1400 audit(0.0:148): avc: denied { add_name } for name="cache" scontext=u:r:bluetooth:s0 tcontext=u:object_r:system_data_file:s0 tclass=dir permissive=1
09-12 20:52:54.359  4775  4775 I droid.bluetooth: type=1400 audit(0.0:148): avc: denied { create } for name="cache" scontext=u:r:bluetooth:s0 tcontext=u:object_r:system_data_file:s0 tclass=dir permissive=1
09-12 20:52:54.359  4775  4775 W droid.bluetooth: type=1300 audit(0.0:148): arch=40000028 syscall=323 per=8 success=yes exit=0 a0=ffffff9c a1=f460e4e0 a2=1f9 a3=f45321c0 items=0 ppid=3163 auid=4294967295 uid=1002 gid=1002 euid=1002 suid=1002 fsuid=1002 egid=1002 sgid=1002 fsgid=1002 tty=(none) ses=4294967295 exe="/system/bin/app_process32" subj=u:r:bluetooth:s0 key=(null)
09-12 20:52:54.359  3074  3074 W auditd  : type=1327 audit(0.0:148): proctitle="com.android.bluetooth"
09-12 20:52:54.359  3074  3074 W auditd  : type=1320 audit(0.0:148): 
09-12 20:52:54.359  4775  4775 I droid.bluetooth: type=1400 audit(0.0:149): avc: denied { setattr } for name="cache" dev="sda24" ino=3121253 scontext=u:r:bluetooth:s0 tcontext=u:object_r:system_data_file:s0 tclass=dir permissive=1
09-12 20:52:54.359  4775  4775 W droid.bluetooth: type=1300 audit(0.0:149): arch=40000028 syscall=333 per=8 success=yes exit=0 a0=ffffff9c a1=f460e510 a2=1f9 a3=0 items=0 ppid=3163 auid=4294967295 uid=1002 gid=1002 euid=1002 suid=1002 fsuid=1002 egid=1002 sgid=1002 fsgid=1002 tty=(none) ses=4294967295 exe="/system/bin/app_process32" subj=u:r:bluetooth:s0 key=(null)
09-12 20:52:54.359  3074  3074 W auditd  : type=1327 audit(0.0:149): proctitle="com.android.bluetooth"
09-12 20:52:54.359  3074  3074 W auditd  : type=1320 audit(0.0:149): 
09-12 20:52:54.385  4775  4775 E BluetoothVendorJni: register_com_android_bluetooth_btservice_vendor:
09-12 20:52:54.391  3629  3716 I chatty  : uid=1000 system_server expire 1 line
09-12 20:52:54.402  4775  4775 D AdapterServiceConfig: addA2dpProfile: isA2dpSinkEnabled = falseisHfpClientEnabled false serviceName HeadsetService
09-12 20:52:54.402  4775  4775 D AdapterServiceConfig: Adding HeadsetService
09-12 20:52:54.402  4775  4775 D AdapterServiceConfig: addA2dpProfile: isA2dpSinkEnabled = falseisHfpClientEnabled false serviceName A2dpService
09-12 20:52:54.402  4775  4775 D AdapterServiceConfig: Adding A2dpService
09-12 20:52:54.402  4775  4775 D AdapterServiceConfig: addA2dpProfile: isA2dpSinkEnabled = falseisHfpClientEnabled false serviceName HidService
09-12 20:52:54.402  4775  4775 D AdapterServiceConfig: Adding HidService
09-12 20:52:54.402  4775  4775 D AdapterServiceConfig: addA2dpProfile: isA2dpSinkEnabled = falseisHfpClientEnabled false serviceName HealthService
09-12 20:52:54.402  4775  4775 D AdapterServiceConfig: Adding HealthService
09-12 20:52:54.403  4775  4775 D AdapterServiceConfig: addA2dpProfile: isA2dpSinkEnabled = falseisHfpClientEnabled false serviceName PanService
09-12 20:52:54.403  4775  4775 D AdapterServiceConfig: Adding PanService
09-12 20:52:54.403  4775  4775 D AdapterServiceConfig: addA2dpProfile: isA2dpSinkEnabled = falseisHfpClientEnabled false serviceName GattService
09-12 20:52:54.403  4775  4775 D AdapterServiceConfig: Adding GattService
09-12 20:52:54.403  4775  4775 D AdapterServiceConfig: addA2dpProfile: isA2dpSinkEnabled = falseisHfpClientEnabled false serviceName BluetoothMapService
09-12 20:52:54.403  4775  4775 D AdapterServiceConfig: Adding BluetoothMapService
09-12 20:52:54.430  4775  4775 E BluetoothVendorJni: register_com_android_bluetooth_btservice_vendor:
09-12 20:52:54.438  3629  3629 W InputMethodManagerService: Reset the default IME as "Resource" is ready here.
09-12 20:52:54.456  4775  4775 D BluetoothAdapterService: onCreate()
09-12 20:52:54.458  4775  4775 I BluetoothVendorJni: classInitNative: succeeds
09-12 20:52:54.460  4775  4775 D BluetoothAdapterState: make() - Creating AdapterState
09-12 20:52:54.463  4775  4792 I BluetoothAdapterState: Entering OffState
09-12 20:52:54.463  4775  4775 I bt_btif : init
09-12 20:52:54.463  4775  4793 W bt_osi_thread: run_thread: thread id 4793, thread name stack_manager started
09-12 20:52:54.463  4775  4793 I bt_stack_manager: event_init_stack is initializing the stack
09-12 20:52:54.463  4775  4793 I bt_core_module: module_init Initializing module "osi_module"
09-12 20:52:54.463  4775  4793 I bt_core_module: module_init Initialized module "osi_module"
09-12 20:52:54.463  4775  4793 I bt_core_module: module_init Initializing module "bt_utils_module"
09-12 20:52:54.464  4775  4793 I bt_utils: init_soc_type
09-12 20:52:54.464  4775  4793 I bt_utils: qcom.bluetooth.soc set to rome
09-12 20:52:54.464  4775  4793 I bt_core_module: module_init Initialized module "bt_utils_module"
09-12 20:52:54.464  4775  4793 I bt_core_module: module_init Initializing module "btif_config_module"
09-12 20:52:54.490  4775  4793 E bt_osi_config: config_new unable to open file '/data/misc/bluedroid/bt_config.conf': No such file or directory
09-12 20:52:54.490  4775  4793 W %s unable to load config file: %s; using backup.: init
09-12 20:52:54.490  4775  4793 E bt_osi_config: config_new unable to open file '/data/misc/bluedroid/bt_config.bak': No such file or directory
09-12 20:52:54.490  4775  4793 W %s unable to load backup; attempting to transcode legacy file.: init
09-12 20:52:54.490  4775  4793 E %s unable to load XML file '%s': %d: config_t *btif_config_transcode(const char *)
09-12 20:52:54.490  4775  4793 E %s unable to transcode legacy file; creating empty config.: init
09-12 20:52:54.490  4775  4796 W bt_osi_thread: run_thread: thread id 4796, thread name alarm_default_ca started
09-12 20:52:54.490  4775  4797 W bt_osi_thread: run_thread: thread id 4797, thread name alarm_dispatcher started
09-12 20:52:54.490  4775  4793 I bt_core_module: module_init Initialized module "btif_config_module"
09-12 20:52:54.490  4775  4793 I bt_core_module: module_init Initializing module "interop_module"
09-12 20:52:54.490  4775  4793 I bt_core_module: module_init Initialized module "interop_module"
09-12 20:52:54.490  4775  4793 I bt_core_module: module_init Initializing module "stack_config_module"
09-12 20:52:54.490  4775  4793 I bt_stack_config: init attempt to load stack conf from /etc/bluetooth/bt_stack.conf
09-12 20:52:54.491  4775  4793 I bt_core_module: module_init Initialized module "stack_config_module"
09-12 20:52:54.492  4775  4798 W bt_osi_thread: run_thread: thread id 4798, thread name bt_jni_workqueue started
09-12 20:52:54.492  4775  4793 I bt_stack_manager: event_init_stack finished
09-12 20:52:54.492  4775  4775 I bt_btif : get_profile_interface socket
09-12 20:52:54.495  4775  4798 D BluetoothAdapterProperties: Address is:90:06:28:83:34:F4
09-12 20:52:54.496  4775  4798 D BluetoothAdapterProperties: Name is: Samsung Galaxy S7 Edge
09-12 20:52:54.498  4775  4775 I bt_btif : get_profile_interface sdp
09-12 20:52:54.500  3310  3576 D SoftapController: Softap fwReload - Ok
09-12 20:52:54.502  4775  4775 I bt_btif : get_profile_interface vendor
09-12 20:52:54.502  4775  4775 D BluetoothAdapterService: setAdapterService() - set to: null
09-12 20:52:54.502  4775  4775 D BluetoothAdapterService: onBind()
09-12 20:52:54.506  3310  3576 D CommandListener: Setting iface cfg
09-12 20:52:54.506  3310  3576 D CommandListener: Trying to bring down wlan0
09-12 20:52:54.508  3310  3576 D CommandListener: Clearing all IP addresses on wlan0
09-12 20:52:54.517  3629  3629 I InputMethodManagerService: Default found, using com.android.inputmethod.latin/.LatinIME
09-12 20:52:54.518  3629  3629 W InputMethodManagerService: Illegal subtype state: old subtype = null, new subtype = android.view.inputmethod.InputMethodSubtype@c9194f98
09-12 20:52:54.534  3629  3629 I ActivityManager: Start proc 4799:com.android.inputmethod.latin/u0a64 for service com.android.inputmethod.latin/.LatinIME
09-12 20:52:54.534  3629  3629 V InputMethodManagerService: Adding window token: android.os.Binder@f65ff34
09-12 20:52:54.534  3629  4070 D MountService: Thinking about init, mSystemReady=true, mDaemonConnected=true
09-12 20:52:54.535  3629  4070 D MountService: Setting up emulation state, initlocked=false
09-12 20:52:54.535  3629  4070 D CryptdConnector: SND -> {2 cryptfs unlock_user_key 0 0 ! !}
09-12 20:52:54.535  3629  3629 E LockSettingsStorage: Cannot read file java.io.FileNotFoundException: /data/system/gatekeeper.password.key: open failed: ENOENT (No such file or directory)
09-12 20:52:54.535  3629  3629 E LockSettingsStorage: Cannot read file java.io.FileNotFoundException: /data/system/password.key: open failed: ENOENT (No such file or directory)
09-12 20:52:54.536  3629  3629 E LockSettingsStorage: Cannot read file java.io.FileNotFoundException: /data/system/gatekeeper.pattern.key: open failed: ENOENT (No such file or directory)
09-12 20:52:54.536  3066  3132 D vold    : e4crypt_unlock_user_key 0 serial=0 token_present=0
09-12 20:52:54.536  3066  3132 E vold    : Failed to chmod /data/system_ce/0: No such file or directory
09-12 20:52:54.536  3066  3132 E vold    : Failed to chmod /data/misc_ce/0: No such file or directory
09-12 20:52:54.536  3629  3629 E LockSettingsStorage: Cannot read file java.io.FileNotFoundException: /data/system/gatekeeper.gesture.key: open failed: ENOENT (No such file or directory)
09-12 20:52:54.536  3629  4072 D CryptdConnector: RCV <- {200 2 Command succeeded}
09-12 20:52:54.537  3629  3629 E LockSettingsStorage: Cannot read file java.io.FileNotFoundException: /data/system/gesture.key: open failed: ENOENT (No such file or directory)
09-12 20:52:54.537  3629  4070 D MountService: Thinking about reset, mSystemReady=true, mDaemonConnected=true
09-12 20:52:54.538  3629  4070 D VoldConnector: SND -> {31 volume reset}
09-12 20:52:54.538  3629  3719 I ActivityManager: Force stopping com.android.providers.media appid=10009 user=-1: vold reset
09-12 20:52:54.539  3629  4071 D VoldConnector: RCV <- {651 emulated 7}
09-12 20:52:54.540  3307  3307 I chatty  : uid=1041(audioserver) /system/bin/audioserver expire 2 lines
09-12 20:52:54.540  3629  4071 D VoldConnector: RCV <- {659 emulated}
09-12 20:52:54.541  3629  3629 D UsbAlsaManager: Adding ALSA device AlsaDevice: [card: 0, device: 22, type: 1]
09-12 20:52:54.541  3629  3629 D UsbAlsaManager: Adding ALSA device AlsaDevice: [card: 0, device: 22, type: 2]
09-12 20:52:54.541  3629  3629 D UsbAlsaManager: Adding ALSA device AlsaDevice: [card: 0, device: 21, type: 2]
09-12 20:52:54.541  3629  4071 D VoldConnector: RCV <- {650 emulated 2 "" ""}
09-12 20:52:54.541  3629  3629 D UsbAlsaManager: Adding ALSA device AlsaDevice: [card: 0, device: 20, type: 2]
09-12 20:52:54.541  3629  3629 D UsbAlsaManager: Adding ALSA device AlsaDevice: [card: 0, device: 12, type: 2]
09-12 20:52:54.541  3629  3629 D UsbAlsaManager: Adding ALSA device AlsaDevice: [card: 0, device: 11, type: 2]
09-12 20:52:54.542  3629  3629 D UsbAlsaManager: Adding ALSA device AlsaDevice: [card: 0, device: 10, type: 2]
09-12 20:52:54.542  3629  3629 D UsbAlsaManager: Adding ALSA device AlsaDevice: [card: 0, device: 9, type: 2]
09-12 20:52:54.542  3629  3629 D UsbAlsaManager: Adding ALSA device AlsaDevice: [card: 0, device: 7, type: 1]
09-12 20:52:54.542  3629  3629 D UsbAlsaManager: Adding ALSA device AlsaDevice: [card: 0, device: 8, type: 2]
09-12 20:52:54.542  3629  3629 D UsbAlsaManager: Adding ALSA device AlsaDevice: [card: 0, device: 6, type: 1]
09-12 20:52:54.542  3629  4071 D VoldConnector: RCV <- {654 emulated emulated}
09-12 20:52:54.542  3629  3629 D UsbAlsaManager: Adding ALSA device AlsaDevice: [card: 0, device: 4, type: 1]
09-12 20:52:54.542  3629  3629 D UsbAlsaManager: Adding ALSA device AlsaDevice: [card: 0, device: 3, type: 1]
09-12 20:52:54.542  3629  3629 D UsbAlsaManager: Adding ALSA device AlsaDevice: [card: 0, device: 2, type: 1]
09-12 20:52:54.542  3629  3629 D UsbAlsaManager: Adding ALSA device AlsaDevice: [card: 0, device: 1, type: 1]
09-12 20:52:54.543  3629  3629 D UsbAlsaManager: Adding ALSA device AlsaDevice: [card: 0, device: 0, type: 1]
09-12 20:52:54.543  3629  4071 D VoldConnector: RCV <- {651 emulated 0}
09-12 20:52:54.544  3629  4071 D VoldConnector: RCV <- {200 31 Command succeeded}
09-12 20:52:54.545  3629  4070 D VoldConnector: SND -> {32 volume user_added 0 0}
09-12 20:52:54.546  3629  4071 D VoldConnector: RCV <- {200 32 Command succeeded}
09-12 20:52:54.546  3629  4725 D BluetoothManagerService: Trying to bind to profile: 1, while Bluetooth was disabled
09-12 20:52:54.550  3629  3724 V MountService: Found primary storage at VolumeInfo{emulated}:
09-12 20:52:54.550  3629  3724 V MountService:     type=EMULATED diskId=null partGuid=null mountFlags=0 mountUserId=-1 
09-12 20:52:54.550  3629  3724 V MountService:     state=UNMOUNTED 
09-12 20:52:54.550  3629  3724 V MountService:     fsType=null fsUuid=null fsLabel=null 
09-12 20:52:54.550  3629  3724 V MountService:     path=null internalPath=null 
09-12 20:52:54.552  3629  4070 D VoldConnector: SND -> {33 volume mount emulated 3 -1}
09-12 20:52:54.553  3629  4071 D VoldConnector: RCV <- {651 emulated 1}
09-12 20:52:54.554  3066  3131 V vold    : Waiting for FUSE to spin up...
09-12 20:52:54.555  3629  4071 D VoldConnector: RCV <- {656 emulated /data/media}
09-12 20:52:54.556  3629  4071 D VoldConnector: RCV <- {655 emulated /storage/emulated}
09-12 20:52:54.566  3629  3629 I ActivityManager: Start proc 4815:com.android.systemui/u0a33 for service com.android.systemui/.keyguard.KeyguardService
09-12 20:52:54.567  3629  3629 I SystemServer: WebViewFactory preparation
09-12 20:52:54.571  3629  3724 I UsbPortManager: USB port added: port=UsbPort{id=otg_default, supportedModes=dual}, status=UsbPortStatus{connected=true, currentMode=ufp, currentPowerRole=sink, currentDataRole=device, supportedRoleCombinations=[source:host, sink:device]}, canChangeMode=true, canChangePowerRole=false, canChangeDataRole=false
09-12 20:52:54.575  4799  4799 I putmethod.latin: type=1400 audit(0.0:150): avc: denied { write } for name="com.android.inputmethod.latin" dev="sda24" ino=3121215 scontext=u:r:untrusted_app:s0:c512,c768 tcontext=u:object_r:system_data_file:s0 tclass=dir permissive=1
09-12 20:52:54.575  4799  4799 I putmethod.latin: type=1400 audit(0.0:150): avc: denied { add_name } for name="cache" scontext=u:r:untrusted_app:s0:c512,c768 tcontext=u:object_r:system_data_file:s0 tclass=dir permissive=1
09-12 20:52:54.575  4799  4799 I putmethod.latin: type=1400 audit(0.0:150): avc: denied { create } for name="cache" scontext=u:r:untrusted_app:s0:c512,c768 tcontext=u:object_r:system_data_file:s0:c512,c768 tclass=dir permissive=1
09-12 20:52:54.575  4799  4799 W putmethod.latin: type=1300 audit(0.0:150): arch=c00000b7 syscall=34 success=yes exit=0 a0=ffffff9c a1=7faf555b80 a2=1f9 a3=7faf34f514 items=0 ppid=3306 auid=4294967295 uid=10064 gid=10064 euid=10064 suid=10064 fsuid=10064 egid=10064 sgid=10064 fsgid=10064 tty=(none) ses=4294967295 exe="/system/bin/app_process64" subj=u:r:untrusted_app:s0:c512,c768 key=(null)
09-12 20:52:54.575  3074  3074 W auditd  : type=1327 audit(0.0:150): proctitle="com.android.inputmethod.latin"
09-12 20:52:54.575  3074  3074 W auditd  : type=1320 audit(0.0:150): 
09-12 20:52:54.575  4799  4799 I putmethod.latin: type=1400 audit(0.0:151): avc: denied { setattr } for name="cache" dev="sda24" ino=3121255 scontext=u:r:untrusted_app:s0:c512,c768 tcontext=u:object_r:system_data_file:s0:c512,c768 tclass=dir permissive=1
09-12 20:52:54.575  4799  4799 W putmethod.latin: type=1300 audit(0.0:151): arch=c00000b7 syscall=53 success=yes exit=0 a0=ffffff9c a1=7faf555bc0 a2=1f9 a3=0 items=0 ppid=3306 auid=4294967295 uid=10064 gid=10064 euid=10064 suid=10064 fsuid=10064 egid=10064 sgid=10064 fsgid=10064 tty=(none) ses=4294967295 exe="/system/bin/app_process64" subj=u:r:untrusted_app:s0:c512,c768 key=(null)
09-12 20:52:54.575  3074  3074 W auditd  : type=1327 audit(0.0:151): proctitle="com.android.inputmethod.latin"
09-12 20:52:54.575  3074  3074 W auditd  : type=1320 audit(0.0:151): 
09-12 20:52:54.578  4814  4814 W sdcard  : Device explicitly disabled sdcardfs
09-12 20:52:54.587  4815  4815 W System  : ClassLoader referenced unknown path: /system/priv-app/SystemUI/lib/arm64
09-12 20:52:54.591  4815  4815 I ndroid.systemui: type=1400 audit(0.0:152): avc: denied { write } for name="com.android.systemui" dev="sda24" ino=3121238 scontext=u:r:platform_app:s0:c512,c768 tcontext=u:object_r:system_data_file:s0 tclass=dir permissive=1
09-12 20:52:54.591  4815  4815 I ndroid.systemui: type=1400 audit(0.0:152): avc: denied { add_name } for name="cache" scontext=u:r:platform_app:s0:c512,c768 tcontext=u:object_r:system_data_file:s0 tclass=dir permissive=1
09-12 20:52:54.591  4815  4815 I ndroid.systemui: type=1400 audit(0.0:152): avc: denied { create } for name="cache" scontext=u:r:platform_app:s0:c512,c768 tcontext=u:object_r:system_data_file:s0:c512,c768 tclass=dir permissive=1
09-12 20:52:54.591  4815  4815 W ndroid.systemui: type=1300 audit(0.0:152): arch=c00000b7 syscall=34 success=yes exit=0 a0=ffffff9c a1=7fa3621b10 a2=1f9 a3=7faf34f514 items=0 ppid=3306 auid=4294967295 uid=10033 gid=10033 euid=10033 suid=10033 fsuid=10033 egid=10033 sgid=10033 fsgid=10033 tty=(none) ses=4294967295 exe="/system/bin/app_process64" subj=u:r:platform_app:s0:c512,c768 key=(null)
09-12 20:52:54.591  3074  3074 W auditd  : type=1327 audit(0.0:152): proctitle="com.android.systemui"
09-12 20:52:54.591  3074  3074 W auditd  : type=1320 audit(0.0:152): 
09-12 20:52:54.605  3629  4071 D VoldConnector: RCV <- {651 emulated 2}
09-12 20:52:54.607  3629  4071 D VoldConnector: RCV <- {200 33 Command succeeded}
09-12 20:52:54.609  3629  4831 I chatty  : uid=1000 system_server expire 1 line
09-12 20:52:54.611  3163  4779 I art     : Starting a blocking GC HeapTrim
09-12 20:52:54.620  3629  3629 I ActivityManager: Start proc 4842:WebViewLoader-armeabi-v7a/1037 [android.webkit.WebViewFactory$RelroFileCreator] for 
09-12 20:52:54.622  4842  4842 V WebViewFactory: RelroFileCreator (64bit = false),  32-bit lib: /system/app/webview/webview.apk!/lib/armeabi-v7a/libwebviewchromium.so, 64-bit lib: /system/app/webview/webview.apk!/lib/arm64-v8a/libwebviewchromium.so
09-12 20:52:54.631  3629  3629 I ActivityManager: Start proc 4856:WebViewLoader-arm64-v8a/1037 [android.webkit.WebViewFactory$RelroFileCreator] for 
09-12 20:52:54.636  3629  3629 D NetworkManagement: enabling bandwidth control
09-12 20:52:54.639  4842  4842 I art     : System.exit called, status: 0
09-12 20:52:54.639  4842  4842 I AndroidRuntime: VM exiting with result code 0, cleanup skipped.
09-12 20:52:54.639  4856  4856 V WebViewFactory: RelroFileCreator (64bit = true),  32-bit lib: /system/app/webview/webview.apk!/lib/armeabi-v7a/libwebviewchromium.so, 64-bit lib: /system/app/webview/webview.apk!/lib/arm64-v8a/libwebviewchromium.so
09-12 20:52:54.643  3309  3309 I MediaPlayerService: MediaPlayerService::getOMX
09-12 20:52:54.651  4815  4815 V SystemUIService: Starting SystemUI services for user 0.
09-12 20:52:54.662  4856  4856 I art     : System.exit called, status: 0
09-12 20:52:54.662  4856  4856 I AndroidRuntime: VM exiting with result code 0, cleanup skipped.
09-12 20:52:54.672  4815  4815 V MediaRouter: Adding route: RouteInfo{ name=Phone, description=null, status=null, category=RouteCategory{ name=null types=ROUTE_TYPE_LIVE_AUDIO ROUTE_TYPE_LIVE_VIDEO  groupable=false }, supportedTypes=ROUTE_TYPE_LIVE_AUDIO ROUTE_TYPE_LIVE_VIDEO , presentationDisplay=null }
09-12 20:52:54.676  4815  4815 V MediaRouter: Updating audio routes: AudioRoutesInfo{ type=SPEAKER }
09-12 20:52:54.677  4815  4815 V MediaRouter: Selecting route: RouteInfo{ name=Phone, description=null, status=null, category=RouteCategory{ name=null types=ROUTE_TYPE_LIVE_AUDIO ROUTE_TYPE_LIVE_VIDEO  groupable=false }, supportedTypes=ROUTE_TYPE_LIVE_AUDIO ROUTE_TYPE_LIVE_VIDEO , presentationDisplay=null }
09-12 20:52:54.682  3309  3309 I EXYNOS_COMP_REGS: Loading the library: libOMX.Exynos.AVC.Decoder.so
09-12 20:52:54.683  4799  4799 I LatinIME: Hardware accelerated drawing: true
09-12 20:52:54.704  3629  3629 W SystemServer: ***********************************************
09-12 20:52:54.705  3629  3629 E SystemServer: BOOT FAILURE making Network Managment Service ready
09-12 20:52:54.705  3629  3629 E SystemServer: java.lang.NullPointerException: Attempt to invoke interface method 'int android.security.IKeystoreService.exist(java.lang.String, int)' on a null object reference
09-12 20:52:54.705  3629  3629 E SystemServer: 	at android.security.KeyStore.contains(KeyStore.java:200)
09-12 20:52:54.705  3629  3629 E SystemServer: 	at android.security.KeyStore.contains(KeyStore.java:208)
09-12 20:52:54.705  3629  3629 E SystemServer: 	at com.android.server.net.LockdownVpnTracker.isEnabled(LockdownVpnTracker.java:90)
09-12 20:52:54.705  3629  3629 E SystemServer: 	at com.android.server.NetworkManagementService.prepareNativeDaemon(NetworkManagementService.java:722)
09-12 20:52:54.705  3629  3629 E SystemServer: 	at com.android.server.NetworkManagementService.systemReady(NetworkManagementService.java:366)
09-12 20:52:54.705  3629  3629 E SystemServer: 	at com.android.server.SystemServer$2.run(SystemServer.java:1504)
09-12 20:52:54.705  3629  3629 E SystemServer: 	at com.android.server.am.ActivityManagerService.systemReady(ActivityManagerService.java:13584)
09-12 20:52:54.705  3629  3629 E SystemServer: 	at com.android.server.SystemServer.startOtherServices(SystemServer.java:1465)
09-12 20:52:54.705  3629  3629 E SystemServer: 	at com.android.server.SystemServer.run(SystemServer.java:368)
09-12 20:52:54.705  3629  3629 E SystemServer: 	at com.android.server.SystemServer.main(SystemServer.java:237)
09-12 20:52:54.705  3629  3629 E SystemServer: 	at java.lang.reflect.Method.invoke(Native Method)
09-12 20:52:54.705  3629  3629 E SystemServer: 	at com.android.internal.os.ZygoteInit$MethodAndArgsCaller.run(ZygoteInit.java:889)
09-12 20:52:54.705  3629  3629 E SystemServer: 	at com.android.internal.os.ZygoteInit.main(ZygoteInit.java:779)
09-12 20:52:54.718  4815  4889 E WVMExtractor: Failed to open libwvm.so: dlopen failed: library "libwvm.so" not found
09-12 20:52:54.766  3309  3309 I EXYNOS_COMP_REGS: Loading the library: libOMX.Exynos.AVC.Encoder.so
09-12 20:52:54.787  3629  3629 D NetworkPolicy: setRestrictBackgroundUL(): false
09-12 20:52:54.788  3309  3309 I EXYNOS_COMP_REGS: Loading the library: libOMX.Exynos.HEVC.Decoder.so
09-12 20:52:54.797  3309  3309 I EXYNOS_COMP_REGS: Loading the library: libOMX.Exynos.HEVC.Encoder.so
09-12 20:52:54.816  3309  3309 I EXYNOS_COMP_REGS: Loading the library: libOMX.Exynos.MPEG4.Decoder.so
09-12 20:52:54.823  4815  4815 I vol.Events: writeEvent collection_started
09-12 20:52:54.832  3309  3309 I EXYNOS_COMP_REGS: Loading the library: libOMX.Exynos.MPEG4.Encoder.so
09-12 20:52:54.844  4815  4902 I vol.Events: writeEvent external_ringer_mode_changed normal
09-12 20:52:54.845  4815  4902 I vol.Events: writeEvent internal_ringer_mode_changed normal
09-12 20:52:54.847  3309  3309 I EXYNOS_COMP_REGS: Loading the library: libOMX.Exynos.VP8.Decoder.so
09-12 20:52:54.848  4799  4799 W InputAttributes: No editor info for this field. Bug?
09-12 20:52:54.866  3309  3309 I EXYNOS_COMP_REGS: Loading the library: libOMX.Exynos.VP8.Encoder.so
09-12 20:52:54.868  4815  4820 I art     : Do partial code cache collection, code=30KB, data=25KB
09-12 20:52:54.869  4799  4909 I LatinIME:LogUtils: Dictionary info: dictionary = userunigram.en_US ; version = 1505249574 ; date = ?
09-12 20:52:54.869  4815  4820 I art     : After code cache collection, code=30KB, data=25KB
09-12 20:52:54.869  4815  4820 I art     : Increasing code cache capacity to 128KB
09-12 20:52:54.870  3629  3629 W SystemServer: ***********************************************
09-12 20:52:54.871  3629  3629 E SystemServer: BOOT FAILURE making Connectivity Service ready
09-12 20:52:54.871  3629  3629 E SystemServer: java.lang.NullPointerException: Attempt to invoke interface method 'int android.security.IKeystoreService.exist(java.lang.String, int)' on a null object reference
09-12 20:52:54.871  3629  3629 E SystemServer: 	at android.security.KeyStore.contains(KeyStore.java:200)
09-12 20:52:54.871  3629  3629 E SystemServer: 	at android.security.KeyStore.contains(KeyStore.java:208)
09-12 20:52:54.871  3629  3629 E SystemServer: 	at com.android.server.net.LockdownVpnTracker.isEnabled(LockdownVpnTracker.java:90)
09-12 20:52:54.871  3629  3629 E SystemServer: 	at com.android.server.ConnectivityService.updateLockdownVpn(ConnectivityService.java:3710)
09-12 20:52:54.871  3629  3629 E SystemServer: 	at com.android.server.ConnectivityService.systemReady(ConnectivityService.java:1759)
09-12 20:52:54.871  3629  3629 E SystemServer: 	at com.android.server.SystemServer$2.run(SystemServer.java:1525)
09-12 20:52:54.871  3629  3629 E SystemServer: 	at com.android.server.am.ActivityManagerService.systemReady(ActivityManagerService.java:13584)
09-12 20:52:54.871  3629  3629 E SystemServer: 	at com.android.server.SystemServer.startOtherServices(SystemServer.java:1465)
09-12 20:52:54.871  3629  3629 E SystemServer: 	at com.android.server.SystemServer.run(SystemServer.java:368)
09-12 20:52:54.871  3629  3629 E SystemServer: 	at com.android.server.SystemServer.main(SystemServer.java:237)
09-12 20:52:54.871  3629  3629 E SystemServer: 	at java.lang.reflect.Method.invoke(Native Method)
09-12 20:52:54.871  3629  3629 E SystemServer: 	at com.android.internal.os.ZygoteInit$MethodAndArgsCaller.run(ZygoteInit.java:889)
09-12 20:52:54.871  3629  3629 E SystemServer: 	at com.android.internal.os.ZygoteInit.main(ZygoteInit.java:779)
09-12 20:52:54.872  4799  4909 E ActivityThread: Failed to find provider info for user_dictionary
09-12 20:52:54.873  3629  3629 I SystemServiceManager: Starting phase 600
09-12 20:52:54.877  4799  4909 I LatinIME:LogUtils: Dictionary info: dictionary = UserHistoryDictionary.en_US ; version = 1505249574 ; date = ?
09-12 20:52:54.887  3309  3309 I EXYNOS_COMP_REGS: Loading the library: libOMX.Exynos.VP9.Decoder.so
09-12 20:52:54.905  3309  3309 I EXYNOS_COMP_REGS: Loading the library: libOMX.Exynos.VP9.Encoder.so
09-12 20:52:54.909  3629  3629 D GestureLauncherService: Gesture launcher mEmergencyNumber = 112 hits = 3
09-12 20:52:54.911  3629  3629 D SensorNotificationService: Cannot obtain dynamic meta sensor, not supported.
09-12 20:52:54.914  3629  3629 D BrokerableCMSystemService: Third party apps ready
09-12 20:52:54.914  3629  3629 I BrokerableCMSystemService: Connecting to implementation
09-12 20:52:54.915  3629  3629 W ContextImpl: Calling a method in the system process without a qualified user: android.app.ContextImpl.bindService:1421 org.cyanogenmod.platform.internal.BrokerableCMSystemService.tryConnecting:199 org.cyanogenmod.platform.internal.BrokerableCMSystemService.onBootPhase:127 org.cyanogenmod.platform.internal.CMAudioServiceBroker.onBootPhase:58 com.android.server.SystemServiceManager.startBootPhase:143 
09-12 20:52:54.927  3309  3309 I EXYNOS_COMP_REGS: Loading the library: libOMX.Exynos.WMV.Decoder.so
09-12 20:52:54.930  3629  3629 I ActivityManager: Start proc 4914:org.cyanogenmod.cmaudio.service/u0a2 for service org.cyanogenmod.cmaudio.service/.CMAudioService
09-12 20:52:54.944  3629  4709 I chatty  : uid=1000 system_server expire 2 lines
09-12 20:52:54.956  3629  3718 I chatty  : uid=1000 system_server expire 1 line
09-12 20:52:54.959  3629  3629 W LocationManagerService: no network location provider found
09-12 20:52:54.967  3629  3629 E LocationManagerService: no geocoder provider found
09-12 20:52:54.967  3629  3629 D LocationManagerService: FLP HAL not supported
09-12 20:52:54.971  3629  3629 D LocationManagerService: Unable to bind FLP Geofence proxy.
09-12 20:52:54.972  3629  3629 D LocationManagerService: Hardware Activity-Recognition not supported.
09-12 20:52:54.974  3629  3629 D LocationManagerService: Unable to bind ActivityRecognitionProxy.
09-12 20:52:54.977  4815  4820 I art     : Do partial code cache collection, code=48KB, data=50KB
09-12 20:52:54.978  4815  4820 I art     : After code cache collection, code=46KB, data=49KB
09-12 20:52:54.978  4815  4820 I art     : Increasing code cache capacity to 256KB
09-12 20:52:54.982  3629  4069 I chatty  : uid=1000 system_server expire 2 lines
09-12 20:52:54.982  3629  3629 I MmsServiceBroker: Delay connecting to MmsService until an API is called
09-12 20:52:54.987  3629  3629 W VoiceInteractionManagerService: no available voice interaction services found for user 0
09-12 20:52:54.987  3629  3629 W VoiceInteractionManagerService: no available voice recognition services found for user 0
09-12 20:52:54.989  3309  3309 I ServiceManager: Waiting for service media.codec...
09-12 20:52:54.990  4815  4820 I art     : Compiler allocated 7MB to compile void android.widget.TextView.<init>(android.content.Context, android.util.AttributeSet, int, int)
09-12 20:52:55.001  3629  3629 I ActivityManager: Start proc 4931:com.android.phone/1001 for added application com.android.phone
09-12 20:52:55.004  3629  3629 I ActivityManager: START u0 {act=android.intent.action.MAIN cat=[android.intent.category.HOME] flg=0x10000100 cmp=com.android.settings/.CryptKeeper} from uid 0 on display 0
09-12 20:52:55.012  3629  3629 I ActivityManager: Loaded persisted task ids for user 0
09-12 20:52:55.029  3629  3629 I ActivityManager: Start proc 4945:com.android.settings:CryptKeeper/1000 for activity com.android.settings/.CryptKeeper
09-12 20:52:55.032  3629  3629 I SystemServer: Enabled StrictMode for system server main thread.
09-12 20:52:55.050  4931  4931 I chatty  : uid=1001(radio) com.android.phone expire 235 lines
09-12 20:52:55.065  3629  3629 D ConditionProviders.SCP: onConnected
09-12 20:52:55.068  4815  4820 I art     : Do full code cache collection, code=125KB, data=102KB
09-12 20:52:55.068  4945  4945 W System  : ClassLoader referenced unknown path: /system/priv-app/Settings/lib/arm64
09-12 20:52:55.068  4815  4820 I art     : Starting a blocking GC JitCodeCache
09-12 20:52:55.068  4815  4820 I art     : After code cache collection, code=104KB, data=72KB
09-12 20:52:55.088  4815  4902 I vol.Events: writeEvent level_changed STREAM_ALARM 6
09-12 20:52:55.090  4815  4902 I vol.Events: writeEvent level_changed STREAM_BLUETOOTH_SCO 7
09-12 20:52:55.095  4815  4902 I vol.Events: writeEvent level_changed STREAM_MUSIC 11
09-12 20:52:55.107  4815  4902 I vol.Events: writeEvent level_changed STREAM_RING 5
09-12 20:52:55.110  4815  4902 I vol.Events: writeEvent level_changed STREAM_SYSTEM 5
09-12 20:52:55.116  4815  4902 I vol.Events: writeEvent level_changed STREAM_VOICE_CALL 4
09-12 20:52:55.117  3629  3720 W WindowManager: Keyguard drawn timeout. Setting mKeyguardDrawComplete
09-12 20:52:55.126  3629  3629 W ContextImpl: Calling a method in the system process without a qualified user: android.app.ContextImpl.startService:1357 com.android.server.content.SyncManager$13.run:658 android.os.Handler.handleCallback:751 android.os.Handler.dispatchMessage:95 android.os.Looper.loop:154 
09-12 20:52:55.129  3629  4716 I chatty  : uid=1000 system_server expire 1 line
09-12 20:52:55.130  3629  4717 I chatty  : uid=1000 system_server expire 1 line
09-12 20:52:55.130  3629  3629 D ZenLog  : set_zen_mode: off,cleanUpZenRules
09-12 20:52:55.133  4945  4945 D CryptKeeper: Disabling component ComponentInfo{com.android.settings/com.android.settings.CryptKeeper}
09-12 20:52:55.136  3629  3629 D ConditionProviders: Subscribing to condition://android/schedule?days=1.2.3.4.5&start=22.0&end=7.0&exitAtAlarm=false with ComponentInfo{android/com.android.server.notification.ScheduleConditionProvider}
09-12 20:52:55.136  3629  3629 D ZenLog  : subscribe: condition://android/schedule?days=1.2.3.4.5&start=22.0&end=7.0&exitAtAlarm=false,ok
09-12 20:52:55.137  3629  3629 D ConditionProviders: Subscribing to condition://android/schedule?days=6.7&start=23.30&end=10.0&exitAtAlarm=false with ComponentInfo{android/com.android.server.notification.ScheduleConditionProvider}
09-12 20:52:55.137  3629  3629 D ZenLog  : subscribe: condition://android/schedule?days=6.7&start=23.30&end=10.0&exitAtAlarm=false,ok
09-12 20:52:55.137  3629  3629 D ConditionProviders: Subscribing to condition://android/event?userId=-10000&calendar=&reply=1 with ComponentInfo{android/com.android.server.notification.EventConditionProvider}
09-12 20:52:55.137  3629  3629 D ZenLog  : subscribe: condition://android/event?userId=-10000&calendar=&reply=1,ok
09-12 20:52:55.144  3629  3726 W LocalDisplayAdapter: Unable to find color mode 0, ignoring request.
09-12 20:52:55.145  3629  3726 I SingleHandAdapter: onChange..
09-12 20:52:55.145  3629  3726 I SingleHandAdapter: updateSingleHandMode value:  cur: 
09-12 20:52:55.146  3629  4959 I ActivityManager: START u0 {act=android.intent.action.MAIN cat=[android.intent.category.HOME] flg=0x10000100 cmp=com.android.settings/.FallbackHome} from uid 0 on display 0
09-12 20:52:55.158  4799  4909 I BinaryDictionaryFileDumper: reinitializeClientRecordInDictionaryContentProvider() : MetadataFileUri = 
09-12 20:52:55.165  3629  4959 I ActivityManager: Start proc 4965:com.android.settings/1000 for activity com.android.settings/.FallbackHome
09-12 20:52:55.167  3629  3726 W LocalDisplayAdapter: Unable to find color mode 0, ignoring request.
09-12 20:52:55.198  4815  4815 D StorageNotification: Notifying about private volume: VolumeInfo{private}:
09-12 20:52:55.198  4815  4815 D StorageNotification:     type=PRIVATE diskId=null partGuid=null mountFlags=0 mountUserId=-1 
09-12 20:52:55.198  4815  4815 D StorageNotification:     state=MOUNTED 
09-12 20:52:55.198  4815  4815 D StorageNotification:     fsType=null fsUuid=null fsLabel=null 
09-12 20:52:55.198  4815  4815 D StorageNotification:     path=/data internalPath=null 
09-12 20:52:55.201  4965  4965 W System  : ClassLoader referenced unknown path: /system/priv-app/Settings/lib/arm64
09-12 20:52:55.290  4965  4981 I OpenGLRenderer: Initialized EGL, version 1.4
09-12 20:52:55.290  4965  4981 D OpenGLRenderer: Swap behavior 1
09-12 20:52:55.300  4965  4981 D mali_winsys: EGLint new_window_surface(egl_winsys_display*, void*, EGLSurface, EGLConfig, egl_winsys_surface**, egl_color_buffer_format*, EGLBoolean) returns 0x3000,  [1440x2960]-format:1
09-12 20:52:55.323  4931  4936 I chatty  : uid=1001(radio) com.android.phone expire 9 lines
09-12 20:52:55.326  3629  4910 I StatusBarManagerService: registerStatusBar bar=com.android.internal.statusbar.IStatusBar$Stub$Proxy@4fc2d9d
09-12 20:52:55.379  3629  4999 I chatty  : uid=1000 system_server expire 2 lines
09-12 20:52:55.382  3629  3726 I chatty  : uid=1000 system_server expire 1 line
09-12 20:52:55.383  4815  4820 I art     : Do partial code cache collection, code=123KB, data=100KB
09-12 20:52:55.383  3629  3719 I chatty  : uid=1000 system_server expire 1 line
09-12 20:52:55.384  3629  3719 W KeyguardServiceDelegate: onScreenTurningOn(): no keyguard service!
09-12 20:52:55.385  3629  3726 I WindowManager: Screen frozen for +211ms due to AppWindowToken{3cc76a1 token=Token{76c6d1c ActivityRecord{a6b61ee u0 com.android.settings/.FallbackHome t2}}}
09-12 20:52:55.387  5000  5000 I init    : type=1400 audit(0.0:202): avc: denied { create } for name="wpa_wlan0" scontext=u:r:init:s0 tcontext=u:object_r:socket_device:s0 tclass=sock_file permissive=1
09-12 20:52:55.387  5000  5000 W init    : type=1300 audit(0.0:202): arch=c00000b7 syscall=200 success=yes exit=0 a0=9 a1=7fcb0e7eb8 a2=6e a3=11 items=0 ppid=1 auid=4294967295 uid=0 gid=0 euid=0 suid=0 fsuid=0 egid=0 sgid=0 fsgid=0 tty=(none) ses=4294967295 exe="/init" subj=u:r:init:s0 key=(null)
09-12 20:52:55.387  3074  3074 W auditd  : type=1327 audit(0.0:202): proctitle=2F696E6974002D2D7365636F6E642D7374616765
09-12 20:52:55.387  3074  3074 W auditd  : type=1320 audit(0.0:202): 
09-12 20:52:55.387  5000  5000 I init    : type=1400 audit(0.0:203): avc: denied { setattr } for name="wpa_wlan0" dev="tmpfs" ino=33070 scontext=u:r:init:s0 tcontext=u:object_r:socket_device:s0 tclass=sock_file permissive=1
09-12 20:52:55.387  5000  5000 W init    : type=1300 audit(0.0:203): arch=c00000b7 syscall=54 success=yes exit=0 a0=ffffff9c a1=7fcb0e7eba a2=3f2 a3=3f2 items=0 ppid=1 auid=4294967295 uid=0 gid=0 euid=0 suid=0 fsuid=0 egid=0 sgid=0 fsgid=0 tty=(none) ses=4294967295 exe="/init" subj=u:r:init:s0 key=(null)
09-12 20:52:55.387  3074  3074 W auditd  : type=1327 audit(0.0:203): proctitle=2F696E6974002D2D7365636F6E642D7374616765
09-12 20:52:55.387  3074  3074 W auditd  : type=1320 audit(0.0:203): 
09-12 20:52:55.387  4815  4820 I art     : After code cache collection, code=122KB, data=100KB
09-12 20:52:55.387  4815  4820 I art     : Increasing code cache capacity to 512KB
09-12 20:52:55.448  5000  5000 I wpa_supplicant: Successfully initialized wpa_supplicant
09-12 20:52:55.451  5000  5000 I wpa_supplicant: rfkill: Cannot open RFKILL control device
09-12 20:52:55.492  5000  5000 I wpa_supplicant: rfkill: Cannot get wiphy information
09-12 20:52:55.495  4714  4714 I WifiStateMachin: type=1400 audit(0.0:204): avc: denied { write } for name="wpa_wlan0" dev="tmpfs" ino=33070 scontext=u:r:system_server:s0 tcontext=u:object_r:socket_device:s0 tclass=sock_file permissive=1
09-12 20:52:55.495  4714  4714 W WifiStateMachin: type=1300 audit(0.0:204): arch=c00000b7 syscall=203 success=yes exit=0 a0=cd a1=7f938fa988 a2=18 a3=7fb1d021f0 items=0 ppid=3306 auid=4294967295 uid=1000 gid=1000 euid=1000 suid=1000 fsuid=1000 egid=1000 sgid=1000 fsgid=1000 tty=(none) ses=4294967295 exe="/system/bin/app_process64" subj=u:r:system_server:s0 key=(null)
09-12 20:52:55.495  3074  3074 W auditd  : type=1327 audit(0.0:204): proctitle="system_server"
09-12 20:52:55.495  3074  3074 W auditd  : type=1320 audit(0.0:204): 
09-12 20:52:55.510  3629  4714 I chatty  : uid=1000 system_server expire 2 lines
09-12 20:52:55.510  3629  4714 D WifiConfigManager: ap_scan=1
09-12 20:52:55.510  3629  4714 D WifiConfigManager: fast_reauth=1
09-12 20:52:55.510  3629  4714 D WifiConfigManager: pmf=1
09-12 20:52:55.510  3629  4714 D WifiConfigManager: --- End /data/misc/wifi/wpa_supplicant.conf Contents ---
09-12 20:52:55.511  3629  4714 D WifiConfigManager: --- Begin /data/misc/wifi/wpa_supplicant.conf.tmp ---
