09-12 20:53:06.732  5278  5278 I CMSystemServer: Starting service org.cyanogenmod.platform.internal.PerformanceManagerService
09-12 20:53:06.732  5278  5278 I SystemServiceManager: Starting org.cyanogenmod.platform.internal.PerformanceManagerService
09-12 20:53:06.736  5278  5378 I ServiceThread: Enabled StrictMode logging for PerformanceManager looper.
09-12 20:53:06.738  5278  5278 I CMSystemServer: Attempting to start service org.cyanogenmod.platform.internal.WeatherManagerServiceBroker
09-12 20:53:06.742  5278  5278 I CMSystemServer: Starting service org.cyanogenmod.platform.internal.WeatherManagerServiceBroker
09-12 20:53:06.742  5278  5278 I SystemServiceManager: Starting org.cyanogenmod.platform.internal.WeatherManagerServiceBroker
09-12 20:53:06.744  5278  5278 I CMSystemServer: Attempting to start service org.cyanogenmod.platform.internal.display.LiveDisplayService
09-12 20:53:06.752  5278  5379 I ServiceThread: Enabled StrictMode logging for LiveDisplay looper.
09-12 20:53:06.761  5278  5278 I CMSystemServer: Starting service org.cyanogenmod.platform.internal.display.LiveDisplayService
09-12 20:53:06.761  5278  5278 I SystemServiceManager: Starting org.cyanogenmod.platform.internal.display.LiveDisplayService
09-12 20:53:06.764  5278  5380 I ServiceThread: Enabled StrictMode logging for LiveDisplay looper.
09-12 20:53:06.768  5278  5278 I CMSystemServer: Attempting to start service org.cyanogenmod.platform.internal.CMAudioServiceBroker
09-12 20:53:06.770  5278  5278 I CMSystemServer: Starting service org.cyanogenmod.platform.internal.CMAudioServiceBroker
09-12 20:53:06.771  5278  5278 I SystemServiceManager: Starting org.cyanogenmod.platform.internal.CMAudioServiceBroker
09-12 20:53:06.771  5278  5278 I SystemServiceManager: Starting com.android.server.retaildemo.RetailDemoModeService
09-12 20:53:06.778  5278  5381 I ServiceThread: Enabled StrictMode logging for RetailDemoModeService looper.
09-12 20:53:06.815  5278  5278 W SystemServer: ***********************************************
09-12 20:53:06.817  5278  5278 E SystemServer: BOOT FAILURE making Lock Settings Service ready
09-12 20:53:06.817  5278  5278 E SystemServer: java.lang.NullPointerException: Attempt to invoke interface method 'int android.security.IKeystoreService.exist(java.lang.String, int)' on a null object reference
09-12 20:53:06.817  5278  5278 E SystemServer: 	at android.security.KeyStore.contains(KeyStore.java:200)
09-12 20:53:06.817  5278  5278 E SystemServer: 	at android.security.keystore.AndroidKeyStoreSpi.engineContainsAlias(AndroidKeyStoreSpi.java:804)
09-12 20:53:06.817  5278  5278 E SystemServer: 	at java.security.KeyStore.containsAlias(KeyStore.java:1056)
09-12 20:53:06.817  5278  5278 E SystemServer: 	at com.android.server.LockSettingsService.migrateOldData(LockSettingsService.java:594)
09-12 20:53:06.817  5278  5278 E SystemServer: 	at com.android.server.LockSettingsService.systemReady(LockSettingsService.java:453)
09-12 20:53:06.817  5278  5278 E SystemServer: 	at com.android.server.SystemServer.startOtherServices(SystemServer.java:1350)
09-12 20:53:06.817  5278  5278 E SystemServer: 	at com.android.server.SystemServer.run(SystemServer.java:368)
09-12 20:53:06.817  5278  5278 E SystemServer: 	at com.android.server.SystemServer.main(SystemServer.java:237)
09-12 20:53:06.817  5278  5278 E SystemServer: 	at java.lang.reflect.Method.invoke(Native Method)
09-12 20:53:06.817  5278  5278 E SystemServer: 	at com.android.internal.os.ZygoteInit$MethodAndArgsCaller.run(ZygoteInit.java:889)
09-12 20:53:06.817  5278  5278 E SystemServer: 	at com.android.internal.os.ZygoteInit.main(ZygoteInit.java:779)
09-12 20:53:06.818  5278  5278 I SystemServiceManager: Starting phase 480
09-12 20:53:06.821  5278  5278 I SystemServiceManager: Starting phase 500
09-12 20:53:06.830  5278  5278 D ConnectivityMetricsLoggerService: onBootPhase: PHASE_SYSTEM_SERVICES_READY
09-12 20:53:06.836  5278  5278 I WifiService: WifiService starting up with Wi-Fi enabled
09-12 20:53:06.838  5278  5278 D WifiService: setWifiEnabled: true pid=5278, uid=1000
09-12 20:53:06.838  5278  5278 I WifiScanningService: Starting wifiscanner
09-12 20:53:06.845  5278  5278 I RttService: Registering rttmanager
09-12 20:53:06.846  5278  5278 I EthernetServiceImpl: Starting Ethernet service
09-12 20:53:06.848  5278  5278 D Ethernet: Registering NetworkFactory
09-12 20:53:06.849  5278  5339 D ConnectivityService: Got NetworkFactory Messenger for Ethernet
09-12 20:53:06.851  5278  5334 D WifiController: WifiController msg { when=-3ms what=155656 target=com.android.internal.util.StateMachine$SmHandler } deferred for 499ms
09-12 20:53:06.860  5278  5385 D Ethernet: got request NetworkRequest [ REQUEST id=1, [ Capabilities: INTERNET&NOT_RESTRICTED&TRUSTED&NOT_VPN] ] with score 0
09-12 20:53:06.922  5278  5278 D ZenLog  : config: cleanUpZenRules,ZenModeConfig[user=0,allowCalls=true,allowRepeatCallers=false,allowMessages=false,allowCallsFrom=contacts,allowMessagesFrom=contacts,allowReminders=true,allowEvents=true,allowWhenScreenOff=true,allowWhenScreenOn=true,automaticRules={6b5cb3468e67452cbf5823635f320e3a=ZenRule[enabled=false,snoozing=false,name=Weeknight,zenMode=ZEN_MODE_ALARMS,conditionId=condition://android/schedule?days=1.2.3.4.5&start=22.0&end=7.0&exitAtAlarm=false,condition=null,component=ComponentInfo{android/com.android.server.notification.ScheduleConditionProvider},id=6b5cb3468e67452cbf5823635f320e3a,creationTime=1505249572042,enabler=null], 83718c4a2df846019ee24a8789510884=ZenRule[enabled=false,snoozing=false,name=Weekend,zenMode=ZEN_MODE_ALARMS,conditionId=condition://android/schedule?days=6.7&start=23.30&end=10.0&exitAtAlarm=false,condition=null,component=ComponentInfo{android/com.android.server.notification.ScheduleConditionProvider},id=83718c4a2df846019ee24a8789510884,creationTime=1505249572042,enabler=null], 3a90e6435b8d40d1bbff172fc163522d=ZenRule[enabled=false,snoozing=false,name=Event,zenMode=ZEN_MODE_ALARMS,conditionId=condition://android/event?userId=-10000&calendar=&reply=1,condition=null,component=ComponentInfo{android/com.android.server.notification.EventConditionProvider},id=3a90e6435b8d40d1bbff172fc163522d,creationTime=1505249572043,enabler=null]},manualRule=null],Diff[]
09-12 20:53:06.923  5278  5278 D ZenLog  : set_zen_mode: off,onSystemReady
09-12 20:53:06.930  5045  5348 D PermissionCache: checking android.permission.CAPTURE_AUDIO_HOTWORD for uid=1000 => granted (361 us)
09-12 20:53:06.930  5278  5278 W SoundTriggerHelper: listModules status=0, # of modules=0
09-12 20:53:06.930  5278  5278 D ContextHubSystemService: onBootPhase: PHASE_SYSTEM_SERVICES_READY
09-12 20:53:06.944  5278  5278 E PerformanceManager: System is not ready, dropping profile request
09-12 20:53:07.069  5278  5278 V UserManagerService: Found /data/user_de/0 with serial number 0
09-12 20:53:07.069  5278  5278 V UserManagerService: Found /data/user/0 with serial number 0
09-12 20:53:07.069  5278  5278 V UserManagerService: Found /data/system_de/0 with serial number 0
09-12 20:53:07.070  5278  5299 W LocalDisplayAdapter: Unable to find color mode 0, ignoring request.
09-12 20:53:07.071  5278  5278 I ActivityManager: System now ready
09-12 20:53:07.082  5278  5278 I SystemServer: Making services ready
09-12 20:53:07.082  5278  5278 I SystemServiceManager: Starting phase 550
09-12 20:53:07.089  5278  5278 D BluetoothManagerService: Bluetooth boot completed
09-12 20:53:07.089  5278  5278 D BluetoothManagerService: Getting adapter name and address
09-12 20:53:07.089  5278  5298 D BluetoothManagerService: MESSAGE_GET_NAME_AND_ADDRESS
09-12 20:53:07.089  5278  5298 D BluetoothManagerService: Binding to service to get name and address
09-12 20:53:07.108  5278  5298 I Zygote  : Process: zygote socket opened, supported ABIS: arm64-v8a
09-12 20:53:07.115  5278  5298 I Zygote  : Process: zygote socket opened, supported ABIS: armeabi-v7a,armeabi
09-12 20:53:07.136  5278  5298 I ActivityManager: Start proc 5389:com.android.bluetooth/1002 for service com.android.bluetooth/.btservice.AdapterService
09-12 20:53:07.166  5278  5301 W KeyguardServiceDelegate: onScreenTurningOn(): no keyguard service!
09-12 20:53:07.178  5278  5278 E InputMethodManagerService: Ignoring updateSystemUiLocked due to an invalid token. uid:1000 token:null
09-12 20:53:07.239  5389  5389 E BluetoothVendorJni: register_com_android_bluetooth_btservice_vendor:
09-12 20:53:07.247  5278  5289 W MountService: No primary storage defined yet; hacking together a stub
09-12 20:53:07.264  5389  5389 D AdapterServiceConfig: addA2dpProfile: isA2dpSinkEnabled = falseisHfpClientEnabled false serviceName HeadsetService
09-12 20:53:07.264  5389  5389 D AdapterServiceConfig: Adding HeadsetService
09-12 20:53:07.264  5389  5389 D AdapterServiceConfig: addA2dpProfile: isA2dpSinkEnabled = falseisHfpClientEnabled false serviceName A2dpService
09-12 20:53:07.264  5389  5389 D AdapterServiceConfig: Adding A2dpService
09-12 20:53:07.264  5389  5389 D AdapterServiceConfig: addA2dpProfile: isA2dpSinkEnabled = falseisHfpClientEnabled false serviceName HidService
09-12 20:53:07.264  5389  5389 D AdapterServiceConfig: Adding HidService
09-12 20:53:07.264  5389  5389 D AdapterServiceConfig: addA2dpProfile: isA2dpSinkEnabled = falseisHfpClientEnabled false serviceName HealthService
09-12 20:53:07.264  5389  5389 D AdapterServiceConfig: Adding HealthService
09-12 20:53:07.264  5389  5389 D AdapterServiceConfig: addA2dpProfile: isA2dpSinkEnabled = falseisHfpClientEnabled false serviceName PanService
09-12 20:53:07.265  5389  5389 D AdapterServiceConfig: Adding PanService
09-12 20:53:07.265  5389  5389 D AdapterServiceConfig: addA2dpProfile: isA2dpSinkEnabled = falseisHfpClientEnabled false serviceName GattService
09-12 20:53:07.265  5389  5389 D AdapterServiceConfig: Adding GattService
09-12 20:53:07.265  5389  5389 D AdapterServiceConfig: addA2dpProfile: isA2dpSinkEnabled = falseisHfpClientEnabled false serviceName BluetoothMapService
09-12 20:53:07.265  5389  5389 D AdapterServiceConfig: Adding BluetoothMapService
09-12 20:53:07.272  5278  5278 W InputMethodManagerService: Reset the default IME as "Resource" is ready here.
09-12 20:53:07.303  5389  5389 E BluetoothVendorJni: register_com_android_bluetooth_btservice_vendor:
09-12 20:53:07.318  5389  5389 D BluetoothAdapterService: onCreate()
09-12 20:53:07.320  5389  5389 I BluetoothVendorJni: classInitNative: succeeds
09-12 20:53:07.321  5389  5389 D BluetoothAdapterState: make() - Creating AdapterState
09-12 20:53:07.324  5389  5389 I bt_btif : init
09-12 20:53:07.324  5389  5406 I BluetoothAdapterState: Entering OffState
09-12 20:53:07.324  5389  5407 W bt_osi_thread: run_thread: thread id 5407, thread name stack_manager started
09-12 20:53:07.324  5389  5407 I bt_stack_manager: event_init_stack is initializing the stack
09-12 20:53:07.325  5389  5407 I bt_core_module: module_init Initializing module "osi_module"
09-12 20:53:07.325  5389  5407 I bt_core_module: module_init Initialized module "osi_module"
09-12 20:53:07.325  5389  5407 I bt_core_module: module_init Initializing module "bt_utils_module"
09-12 20:53:07.325  5389  5407 I bt_utils: init_soc_type
09-12 20:53:07.325  5389  5407 I bt_utils: qcom.bluetooth.soc set to rome
09-12 20:53:07.325  5389  5407 I bt_core_module: module_init Initialized module "bt_utils_module"
09-12 20:53:07.325  5389  5407 I bt_core_module: module_init Initializing module "btif_config_module"
09-12 20:53:07.326  5389  5410 W bt_osi_thread: run_thread: thread id 5410, thread name alarm_default_ca started
09-12 20:53:07.326  5389  5411 W bt_osi_thread: run_thread: thread id 5411, thread name alarm_dispatcher started
09-12 20:53:07.327  5389  5407 I bt_core_module: module_init Initialized module "btif_config_module"
09-12 20:53:07.327  5389  5407 I bt_core_module: module_init Initializing module "interop_module"
09-12 20:53:07.327  5389  5407 I bt_core_module: module_init Initialized module "interop_module"
09-12 20:53:07.327  5389  5407 I bt_core_module: module_init Initializing module "stack_config_module"
09-12 20:53:07.327  5389  5407 I bt_stack_config: init attempt to load stack conf from /etc/bluetooth/bt_stack.conf
09-12 20:53:07.327  5389  5407 I bt_core_module: module_init Initialized module "stack_config_module"
09-12 20:53:07.328  5389  5412 W bt_osi_thread: run_thread: thread id 5412, thread name bt_jni_workqueue started
09-12 20:53:07.328  5389  5407 I bt_stack_manager: event_init_stack finished
09-12 20:53:07.328  5389  5389 I bt_btif : get_profile_interface socket
09-12 20:53:07.333  5389  5389 I bt_btif : get_profile_interface sdp
09-12 20:53:07.334  5389  5412 D BluetoothAdapterProperties: Address is:90:06:28:83:34:F4
09-12 20:53:07.337  5389  5412 D BluetoothAdapterProperties: Name is: Samsung Galaxy S7 Edge
09-12 20:53:07.340  5389  5389 I bt_btif : get_profile_interface vendor
09-12 20:53:07.340  5389  5389 D BluetoothAdapterService: setAdapterService() - set to: null
09-12 20:53:07.340  5389  5389 D BluetoothAdapterService: onBind()
09-12 20:53:07.350  5278  5278 I InputMethodManagerService: Default found, using com.android.inputmethod.latin/.LatinIME
09-12 20:53:07.351  5278  5278 W InputMethodManagerService: Illegal subtype state: old subtype = null, new subtype = android.view.inputmethod.InputMethodSubtype@c9194f98
09-12 20:53:07.356  5278  5334 D WifiController: DEFERRED_TOGGLE handled
09-12 20:53:07.357  5278  5335 E WifiMonitor: killSupplicant p2ptrue init.svc.wpa_supplicant=unknown init.svc.p2p_supplicant=unknown
09-12 20:53:07.373  5278  5278 I ActivityManager: Start proc 5413:com.android.inputmethod.latin/u0a64 for service com.android.inputmethod.latin/.LatinIME
09-12 20:53:07.373  5278  5278 V InputMethodManagerService: Adding window token: android.os.Binder@879f2f1
09-12 20:53:07.373  5278  5326 D MountService: Thinking about init, mSystemReady=true, mDaemonConnected=true
09-12 20:53:07.373  5278  5326 D MountService: Setting up emulation state, initlocked=false
09-12 20:53:07.374  5278  5278 E LockSettingsStorage: Cannot read file java.io.FileNotFoundException: /data/system/gatekeeper.password.key: open failed: ENOENT (No such file or directory)
09-12 20:53:07.374  5278  5326 D CryptdConnector: SND -> {2 cryptfs unlock_user_key 0 0 ! !}
09-12 20:53:07.374  5278  5278 E LockSettingsStorage: Cannot read file java.io.FileNotFoundException: /data/system/password.key: open failed: ENOENT (No such file or directory)
09-12 20:53:07.374  5278  5278 E LockSettingsStorage: Cannot read file java.io.FileNotFoundException: /data/system/gatekeeper.pattern.key: open failed: ENOENT (No such file or directory)
09-12 20:53:07.375  5278  5278 E LockSettingsStorage: Cannot read file java.io.FileNotFoundException: /data/system/gatekeeper.gesture.key: open failed: ENOENT (No such file or directory)
09-12 20:53:07.375  3066  3132 D vold    : e4crypt_unlock_user_key 0 serial=0 token_present=0
09-12 20:53:07.375  3066  3132 E vold    : Failed to chmod /data/system_ce/0: No such file or directory
09-12 20:53:07.375  5278  5278 E LockSettingsStorage: Cannot read file java.io.FileNotFoundException: /data/system/gesture.key: open failed: ENOENT (No such file or directory)
09-12 20:53:07.375  3066  3132 E vold    : Failed to chmod /data/misc_ce/0: No such file or directory
09-12 20:53:07.376  5278  5328 D CryptdConnector: RCV <- {200 2 Command succeeded}
09-12 20:53:07.378  5045  5045 D audio_hw_primary_abox: device-adev_set_parameters: enter with key(A2dpSuspended=false)
09-12 20:53:07.379  5045  5045 D audio_hw_primary_abox: device-adev_set_parameters: exit
09-12 20:53:07.380  5278  5278 D UsbAlsaManager: Adding ALSA device AlsaDevice: [card: 0, device: 22, type: 1]
09-12 20:53:07.380  5278  5278 D UsbAlsaManager: Adding ALSA device AlsaDevice: [card: 0, device: 22, type: 2]
09-12 20:53:07.380  5278  5278 D UsbAlsaManager: Adding ALSA device AlsaDevice: [card: 0, device: 21, type: 2]
09-12 20:53:07.380  5278  5278 D UsbAlsaManager: Adding ALSA device AlsaDevice: [card: 0, device: 20, type: 2]
09-12 20:53:07.380  5278  5278 D UsbAlsaManager: Adding ALSA device AlsaDevice: [card: 0, device: 12, type: 2]
09-12 20:53:07.380  5278  5278 D UsbAlsaManager: Adding ALSA device AlsaDevice: [card: 0, device: 11, type: 2]
09-12 20:53:07.380  5278  5278 D UsbAlsaManager: Adding ALSA device AlsaDevice: [card: 0, device: 10, type: 2]
09-12 20:53:07.380  5278  5278 D UsbAlsaManager: Adding ALSA device AlsaDevice: [card: 0, device: 9, type: 2]
09-12 20:53:07.380  5278  5278 D UsbAlsaManager: Adding ALSA device AlsaDevice: [card: 0, device: 7, type: 1]
09-12 20:53:07.380  5278  5278 D UsbAlsaManager: Adding ALSA device AlsaDevice: [card: 0, device: 8, type: 2]
09-12 20:53:07.381  5278  5278 D UsbAlsaManager: Adding ALSA device AlsaDevice: [card: 0, device: 6, type: 1]
09-12 20:53:07.381  5278  5278 D UsbAlsaManager: Adding ALSA device AlsaDevice: [card: 0, device: 4, type: 1]
09-12 20:53:07.381  5278  5278 D UsbAlsaManager: Adding ALSA device AlsaDevice: [card: 0, device: 3, type: 1]
09-12 20:53:07.381  5278  5278 D UsbAlsaManager: Adding ALSA device AlsaDevice: [card: 0, device: 2, type: 1]
09-12 20:53:07.381  5278  5278 D UsbAlsaManager: Adding ALSA device AlsaDevice: [card: 0, device: 1, type: 1]
09-12 20:53:07.381  5278  5278 D UsbAlsaManager: Adding ALSA device AlsaDevice: [card: 0, device: 0, type: 1]
09-12 20:53:07.382  5278  5326 D MountService: Thinking about reset, mSystemReady=true, mDaemonConnected=true
09-12 20:53:07.382  5278  5278 W MountService: No primary storage defined yet; hacking together a stub
09-12 20:53:07.384  5278  5326 D VoldConnector: SND -> {3 volume reset}
09-12 20:53:07.391  5278  5346 D BluetoothManagerService: Trying to bind to profile: 1, while Bluetooth was disabled
09-12 20:53:07.391  5278  5327 D VoldConnector: RCV <- {651 emulated 5}
09-12 20:53:07.407  5278  5278 I ActivityManager: Start proc 5421:com.android.systemui/u0a33 for service com.android.systemui/.keyguard.KeyguardService
09-12 20:53:07.407  5278  5278 I SystemServer: WebViewFactory preparation
09-12 20:53:07.408  5278  5292 I ActivityManager: Force stopping com.android.providers.media appid=10009 user=-1: vold reset
09-12 20:53:07.412  5278  5278 D WebViewFactory: Setting new address space to 126533072
09-12 20:53:07.445  5278  5278 I ActivityManager: Start proc 5441:WebViewLoader-armeabi-v7a/1037 [android.webkit.WebViewFactory$RelroFileCreator] for 
09-12 20:53:07.447     1     1 I init    : type=1400 audit(0.0:418): avc: denied { unlink } for name="wpa_wlan0" dev="tmpfs" ino=33070 scontext=u:r:init:s0 tcontext=u:object_r:socket_device:s0 tclass=sock_file permissive=1
09-12 20:53:07.464  5044  5276 D SoftapController: Softap fwReload - Ok
09-12 20:53:07.484  5278  5278 I ActivityManager: Start proc 5451:WebViewLoader-arm64-v8a/1037 [android.webkit.WebViewFactory$RelroFileCreator] for 
09-12 20:53:07.489  5278  5278 D NetworkManagement: enabling bandwidth control
09-12 20:53:07.502  5045  5113 I AudioFlinger: systemReady
09-12 20:53:07.503  5278  5297 I UsbPortManager: USB port added: port=UsbPort{id=otg_default, supportedModes=dual}, status=UsbPortStatus{connected=true, currentMode=ufp, currentPowerRole=sink, currentDataRole=device, supportedRoleCombinations=[source:host, sink:device]}, canChangeMode=true, canChangePowerRole=false, canChangeDataRole=false
09-12 20:53:07.503  5441  5441 V WebViewFactory: RelroFileCreator (64bit = false),  32-bit lib: /system/app/webview/webview.apk!/lib/armeabi-v7a/libwebviewchromium.so, 64-bit lib: /system/app/webview/webview.apk!/lib/arm64-v8a/libwebviewchromium.so
09-12 20:53:07.529  5278  5465 E WVMExtractor: Failed to open libwvm.so: dlopen failed: library "libwvm.so" not found
09-12 20:53:07.531  3074  3074 W auditd  : type=1325 audit(0.0:419): table=filter family=2 entries=96
09-12 20:53:07.531  3074  3074 W auditd  : type=1320 audit(0.0:419): 
09-12 20:53:07.531  3074  3074 W auditd  : type=1325 audit(0.0:420): table=raw family=2 entries=13
09-12 20:53:07.531  3074  3074 W auditd  : type=1320 audit(0.0:420): 
09-12 20:53:07.531  3074  3074 W auditd  : type=1325 audit(0.0:421): table=mangle family=2 entries=17
09-12 20:53:07.531  3074  3074 W auditd  : type=1320 audit(0.0:421): 
09-12 20:53:07.532  5421  5421 W System  : ClassLoader referenced unknown path: /system/priv-app/SystemUI/lib/arm64
09-12 20:53:07.541  5043  5043 I MediaPlayerService: MediaPlayerService::getOMX
09-12 20:53:07.543  5043  5043 I EXYNOS_COMP_REGS: Loading the library: libOMX.Exynos.AVC.Decoder.so
09-12 20:53:07.549  5441  5441 I art     : System.exit called, status: 0
09-12 20:53:07.549  5441  5441 I AndroidRuntime: VM exiting with result code 0, cleanup skipped.
09-12 20:53:07.549  5451  5451 V WebViewFactory: RelroFileCreator (64bit = true),  32-bit lib: /system/app/webview/webview.apk!/lib/armeabi-v7a/libwebviewchromium.so, 64-bit lib: /system/app/webview/webview.apk!/lib/arm64-v8a/libwebviewchromium.so
09-12 20:53:07.555  3074  3074 W auditd  : type=1325 audit(0.0:422): table=filter family=10 entries=107
09-12 20:53:07.555  3074  3074 W auditd  : type=1320 audit(0.0:422): 
09-12 20:53:07.555  3074  3074 W auditd  : type=1325 audit(0.0:423): table=raw family=10 entries=13
09-12 20:53:07.555  3074  3074 W auditd  : type=1320 audit(0.0:423): 
09-12 20:53:07.555  3074  3074 W auditd  : type=1325 audit(0.0:424): table=mangle family=10 entries=16
09-12 20:53:07.555  3074  3074 W auditd  : type=1320 audit(0.0:424): 
09-12 20:53:07.558  4814  4838 E sdcard  : [0] someone stole our marbles!
09-12 20:53:07.560  5043  5043 I EXYNOS_COMP_REGS: Loading the library: libOMX.Exynos.AVC.Encoder.so
09-12 20:53:07.565  5043  5043 I EXYNOS_COMP_REGS: Loading the library: libOMX.Exynos.HEVC.Decoder.so
09-12 20:53:07.571  5451  5451 I art     : System.exit called, status: 0
09-12 20:53:07.571  5451  5451 I AndroidRuntime: VM exiting with result code 0, cleanup skipped.
09-12 20:53:07.572  5043  5043 I EXYNOS_COMP_REGS: Loading the library: libOMX.Exynos.HEVC.Encoder.so
09-12 20:53:07.577  5043  5043 I EXYNOS_COMP_REGS: Loading the library: libOMX.Exynos.MPEG4.Decoder.so
09-12 20:53:07.579  3074  3074 W auditd  : type=1325 audit(0.0:425): table=filter family=2 entries=85
09-12 20:53:07.579  3074  3074 W auditd  : type=1320 audit(0.0:425): 
09-12 20:53:07.580  5421  5421 V SystemUIService: Starting SystemUI services for user 0.
09-12 20:53:07.583  3074  3074 W auditd  : type=1325 audit(0.0:426): table=raw family=2 entries=12
09-12 20:53:07.583  3074  3074 W auditd  : type=1320 audit(0.0:426): 
09-12 20:53:07.583  3074  3074 W auditd  : type=1325 audit(0.0:427): table=mangle family=2 entries=16
09-12 20:53:07.583  3074  3074 W auditd  : type=1320 audit(0.0:427): 
09-12 20:53:07.583  5043  5043 I EXYNOS_COMP_REGS: Loading the library: libOMX.Exynos.MPEG4.Encoder.so
09-12 20:53:07.585  5043  5043 I EXYNOS_COMP_REGS: Loading the library: libOMX.Exynos.VP8.Decoder.so
09-12 20:53:07.587  5043  5043 I EXYNOS_COMP_REGS: Loading the library: libOMX.Exynos.VP8.Encoder.so
09-12 20:53:07.588  5043  5043 I EXYNOS_COMP_REGS: Loading the library: libOMX.Exynos.VP9.Decoder.so
09-12 20:53:07.589  5413  5413 I LatinIME: Hardware accelerated drawing: true
09-12 20:53:07.590  5043  5043 I EXYNOS_COMP_REGS: Loading the library: libOMX.Exynos.VP9.Encoder.so
09-12 20:53:07.592  5043  5043 I EXYNOS_COMP_REGS: Loading the library: libOMX.Exynos.WMV.Decoder.so
09-12 20:53:07.595  5278  5327 D VoldConnector: RCV <- {651 emulated 0}
09-12 20:53:07.598  5278  5327 D VoldConnector: RCV <- {651 emulated 8}
09-12 20:53:07.598  5043  5043 I ServiceManager: Waiting for service media.codec...
09-12 20:53:07.607  3074  3074 W auditd  : type=1325 audit(0.0:428): table=filter family=10 entries=96
09-12 20:53:07.607  3074  3074 W auditd  : type=1320 audit(0.0:428): 
09-12 20:53:07.607  5278  5327 D VoldConnector: RCV <- {659 emulated}
09-12 20:53:07.610  5278  5327 D VoldConnector: RCV <- {650 emulated 2 "" ""}
09-12 20:53:07.611  3074  3074 W auditd  : type=1325 audit(0.0:429): table=raw family=10 entries=12
09-12 20:53:07.611  3074  3074 W auditd  : type=1320 audit(0.0:429): 
09-12 20:53:07.611  3074  3074 W auditd  : type=1325 audit(0.0:430): table=mangle family=10 entries=15
09-12 20:53:07.611  3074  3074 W auditd  : type=1320 audit(0.0:430): 
09-12 20:53:07.612  5278  5327 D VoldConnector: RCV <- {654 emulated emulated}
09-12 20:53:07.615  5278  5327 D VoldConnector: RCV <- {651 emulated 0}
09-12 20:53:07.618  5278  5327 D VoldConnector: RCV <- {200 3 Command succeeded}
09-12 20:53:07.619  5421  5421 V MediaRouter: Adding route: RouteInfo{ name=Phone, description=null, status=null, category=RouteCategory{ name=null types=ROUTE_TYPE_LIVE_AUDIO ROUTE_TYPE_LIVE_VIDEO  groupable=false }, supportedTypes=ROUTE_TYPE_LIVE_AUDIO ROUTE_TYPE_LIVE_VIDEO , presentationDisplay=null }
09-12 20:53:07.622  5278  5297 V MountService: Found primary storage at VolumeInfo{emulated}:
09-12 20:53:07.622  5278  5297 V MountService:     type=EMULATED diskId=null partGuid=null mountFlags=0 mountUserId=-1 
09-12 20:53:07.622  5278  5297 V MountService:     state=UNMOUNTED 
09-12 20:53:07.622  5278  5297 V MountService:     fsType=null fsUuid=null fsLabel=null 
09-12 20:53:07.622  5278  5297 V MountService:     path=null internalPath=null 
09-12 20:53:07.628  5278  5326 D VoldConnector: SND -> {4 volume user_added 0 0}
09-12 20:53:07.632  5278  5327 D VoldConnector: RCV <- {200 4 Command succeeded}
09-12 20:53:07.634  5421  5421 V MediaRouter: Updating audio routes: AudioRoutesInfo{ type=SPEAKER }
09-12 20:53:07.635  3074  3074 W auditd  : type=1325 audit(0.0:431): table=filter family=2 entries=96
09-12 20:53:07.635  3074  3074 W auditd  : type=1320 audit(0.0:431): 
09-12 20:53:07.640  5278  5326 D VoldConnector: SND -> {5 volume mount emulated 3 -1}
09-12 20:53:07.643  5278  5327 D VoldConnector: RCV <- {651 emulated 1}
09-12 20:53:07.644  3066  3131 V vold    : Waiting for FUSE to spin up...
09-12 20:53:07.644  5278  5327 D VoldConnector: RCV <- {656 emulated /data/media}
09-12 20:53:07.645  5421  5421 V MediaRouter: Selecting route: RouteInfo{ name=Phone, description=null, status=null, category=RouteCategory{ name=null types=ROUTE_TYPE_LIVE_AUDIO ROUTE_TYPE_LIVE_VIDEO  groupable=false }, supportedTypes=ROUTE_TYPE_LIVE_AUDIO ROUTE_TYPE_LIVE_VIDEO , presentationDisplay=null }
09-12 20:53:07.645  5278  5327 D VoldConnector: RCV <- {655 emulated /storage/emulated}
09-12 20:53:07.647  3074  3074 W auditd  : type=1325 audit(0.0:432): table=filter family=10 entries=107
09-12 20:53:07.647  3074  3074 W auditd  : type=1320 audit(0.0:432): 
09-12 20:53:07.661  5492  5492 W sdcard  : Device explicitly disabled sdcardfs
09-12 20:53:07.663  3074  3074 W auditd  : type=1325 audit(0.0:433): table=filter family=2 entries=84
09-12 20:53:07.683  5044  5276 D CommandListener: Setting iface cfg
09-12 20:53:07.684  5044  5276 D CommandListener: Trying to bring down wlan0
09-12 20:53:07.688  5278  5278 W NetworkManagement: setDataSaverMode(): already false
09-12 20:53:07.689  5278  5278 W SystemServer: ***********************************************
09-12 20:53:07.694  5278  5278 E SystemServer: BOOT FAILURE making Network Managment Service ready
09-12 20:53:07.694  5278  5278 E SystemServer: java.lang.NullPointerException: Attempt to invoke interface method 'int android.security.IKeystoreService.exist(java.lang.String, int)' on a null object reference
09-12 20:53:07.694  5278  5278 E SystemServer: 	at android.security.KeyStore.contains(KeyStore.java:200)
09-12 20:53:07.694  5278  5278 E SystemServer: 	at android.security.KeyStore.contains(KeyStore.java:208)
09-12 20:53:07.694  5278  5278 E SystemServer: 	at com.android.server.net.LockdownVpnTracker.isEnabled(LockdownVpnTracker.java:90)
09-12 20:53:07.694  5278  5278 E SystemServer: 	at com.android.server.NetworkManagementService.prepareNativeDaemon(NetworkManagementService.java:722)
09-12 20:53:07.694  5278  5278 E SystemServer: 	at com.android.server.NetworkManagementService.systemReady(NetworkManagementService.java:366)
09-12 20:53:07.694  5278  5278 E SystemServer: 	at com.android.server.SystemServer$2.run(SystemServer.java:1504)
09-12 20:53:07.694  5278  5278 E SystemServer: 	at com.android.server.am.ActivityManagerService.systemReady(ActivityManagerService.java:13584)
09-12 20:53:07.694  5278  5278 E SystemServer: 	at com.android.server.SystemServer.startOtherServices(SystemServer.java:1465)
09-12 20:53:07.694  5278  5278 E SystemServer: 	at com.android.server.SystemServer.run(SystemServer.java:368)
09-12 20:53:07.694  5278  5278 E SystemServer: 	at com.android.server.SystemServer.main(SystemServer.java:237)
09-12 20:53:07.694  5278  5278 E SystemServer: 	at java.lang.reflect.Method.invoke(Native Method)
09-12 20:53:07.694  5278  5278 E SystemServer: 	at com.android.internal.os.ZygoteInit$MethodAndArgsCaller.run(ZygoteInit.java:889)
09-12 20:53:07.694  5278  5278 E SystemServer: 	at com.android.internal.os.ZygoteInit.main(ZygoteInit.java:779)
09-12 20:53:07.695  5278  5327 D VoldConnector: RCV <- {651 emulated 2}
09-12 20:53:07.696  5278  5327 D VoldConnector: RCV <- {200 5 Command succeeded}
09-12 20:53:07.718  5421  5502 E WVMExtractor: Failed to open libwvm.so: dlopen failed: library "libwvm.so" not found
09-12 20:53:07.808  5413  5413 W InputAttributes: No editor info for this field. Bug?
09-12 20:53:07.814  5421  5421 I vol.Events: writeEvent collection_started
09-12 20:53:07.825  5413  5511 I LatinIME:LogUtils: Dictionary info: dictionary = userunigram.en_US ; version = 1505249587 ; date = ?
09-12 20:53:07.828  5413  5511 E ActivityThread: Failed to find provider info for user_dictionary
09-12 20:53:07.829  5413  5511 I LatinIME:LogUtils: Dictionary info: dictionary = UserHistoryDictionary.en_US ; version = 1505249587 ; date = ?
09-12 20:53:07.832  5421  5508 I vol.Events: writeEvent external_ringer_mode_changed normal
09-12 20:53:07.833  5421  5508 I vol.Events: writeEvent internal_ringer_mode_changed normal
09-12 20:53:07.848  5421  5433 I art     : Do partial code cache collection, code=28KB, data=24KB
09-12 20:53:07.848  5421  5433 I art     : After code cache collection, code=28KB, data=24KB
09-12 20:53:07.848  5421  5433 I art     : Increasing code cache capacity to 128KB
09-12 20:53:07.874  5413  5511 I LatinIME:LogUtils: Dictionary info: dictionary = main:en ; version = 54 ; date = 1414726273
09-12 20:53:07.921  5044  5276 D CommandListener: Clearing all IP addresses on wlan0
09-12 20:53:07.926  5278  5278 W ConnectivityExtension: ConnectivityExt jar file not present
09-12 20:53:07.931  5421  5433 I art     : Do partial code cache collection, code=46KB, data=48KB
09-12 20:53:07.931  5421  5433 I art     : After code cache collection, code=44KB, data=47KB
09-12 20:53:07.931  5421  5433 I art     : Increasing code cache capacity to 256KB
09-12 20:53:07.933  5421  5433 I art     : Compiler allocated 7MB to compile void android.widget.TextView.<init>(android.content.Context, android.util.AttributeSet, int, int)
09-12 20:53:07.983  5421  5433 I art     : Do full code cache collection, code=125KB, data=104KB
09-12 20:53:07.983  5421  5433 I art     : Starting a blocking GC JitCodeCache
09-12 20:53:07.983  5421  5433 I art     : After code cache collection, code=105KB, data=72KB
09-12 20:53:07.990  5421  5508 I vol.Events: writeEvent level_changed STREAM_ALARM 6
09-12 20:53:07.993  5421  5508 I vol.Events: writeEvent level_changed STREAM_BLUETOOTH_SCO 7
09-12 20:53:07.999  5421  5508 I vol.Events: writeEvent level_changed STREAM_MUSIC 11
09-12 20:53:08.003  5278  5278 D NetworkPolicy: setRestrictBackgroundUL(): false
09-12 20:53:08.011  5278  5278 W NetworkManagement: setDataSaverMode(): already false
09-12 20:53:08.012  5421  5508 I vol.Events: writeEvent level_changed STREAM_RING 5
09-12 20:53:08.015  5421  5508 I vol.Events: writeEvent level_changed STREAM_SYSTEM 5
09-12 20:53:08.025  5421  5508 I vol.Events: writeEvent level_changed STREAM_VOICE_CALL 4
09-12 20:53:08.083  5421  5421 D StorageNotification: Notifying about private volume: VolumeInfo{private}:
09-12 20:53:08.083  5421  5421 D StorageNotification:     type=PRIVATE diskId=null partGuid=null mountFlags=0 mountUserId=-1 
09-12 20:53:08.083  5421  5421 D StorageNotification:     state=MOUNTED 
09-12 20:53:08.083  5421  5421 D StorageNotification:     fsType=null fsUuid=null fsLabel=null 
09-12 20:53:08.083  5421  5421 D StorageNotification:     path=/data internalPath=null 
09-12 20:53:08.145  5278  5278 W SystemServer: ***********************************************
09-12 20:53:08.149  5278  5278 E SystemServer: BOOT FAILURE making Connectivity Service ready
09-12 20:53:08.149  5278  5278 E SystemServer: java.lang.NullPointerException: Attempt to invoke interface method 'int android.security.IKeystoreService.exist(java.lang.String, int)' on a null object reference
09-12 20:53:08.149  5278  5278 E SystemServer: 	at android.security.KeyStore.contains(KeyStore.java:200)
09-12 20:53:08.149  5278  5278 E SystemServer: 	at android.security.KeyStore.contains(KeyStore.java:208)
09-12 20:53:08.149  5278  5278 E SystemServer: 	at com.android.server.net.LockdownVpnTracker.isEnabled(LockdownVpnTracker.java:90)
09-12 20:53:08.149  5278  5278 E SystemServer: 	at com.android.server.ConnectivityService.updateLockdownVpn(ConnectivityService.java:3710)
09-12 20:53:08.149  5278  5278 E SystemServer: 	at com.android.server.ConnectivityService.systemReady(ConnectivityService.java:1759)
09-12 20:53:08.149  5278  5278 E SystemServer: 	at com.android.server.SystemServer$2.run(SystemServer.java:1525)
09-12 20:53:08.149  5278  5278 E SystemServer: 	at com.android.server.am.ActivityManagerService.systemReady(ActivityManagerService.java:13584)
09-12 20:53:08.149  5278  5278 E SystemServer: 	at com.android.server.SystemServer.startOtherServices(SystemServer.java:1465)
09-12 20:53:08.149  5278  5278 E SystemServer: 	at com.android.server.SystemServer.run(SystemServer.java:368)
09-12 20:53:08.149  5278  5278 E SystemServer: 	at com.android.server.SystemServer.main(SystemServer.java:237)
09-12 20:53:08.149  5278  5278 E SystemServer: 	at java.lang.reflect.Method.invoke(Native Method)
09-12 20:53:08.149  5278  5278 E SystemServer: 	at com.android.internal.os.ZygoteInit$MethodAndArgsCaller.run(ZygoteInit.java:889)
09-12 20:53:08.149  5278  5278 E SystemServer: 	at com.android.internal.os.ZygoteInit.main(ZygoteInit.java:779)
09-12 20:53:08.156  5278  5278 I SystemServiceManager: Starting phase 600
09-12 20:53:08.167  5278  5293 W WindowManager: Keyguard drawn timeout. Setting mKeyguardDrawComplete
09-12 20:53:08.171  5278  5299 W LocalDisplayAdapter: Unable to find color mode 0, ignoring request.
09-12 20:53:08.195  5278  5299 W LocalDisplayAdapter: Unable to find color mode 0, ignoring request.
09-12 20:53:08.242  5278  5278 D GestureLauncherService: Gesture launcher mEmergencyNumber = 112 hits = 3
09-12 20:53:08.245  5278  5278 D SensorNotificationService: Cannot obtain dynamic meta sensor, not supported.
09-12 20:53:08.248  5278  5278 D BrokerableCMSystemService: Third party apps ready
09-12 20:53:08.248  5278  5278 I BrokerableCMSystemService: Connecting to implementation
09-12 20:53:08.248  5278  5278 W ContextImpl: Calling a method in the system process without a qualified user: android.app.ContextImpl.bindService:1421 org.cyanogenmod.platform.internal.BrokerableCMSystemService.tryConnecting:199 org.cyanogenmod.platform.internal.BrokerableCMSystemService.onBootPhase:127 org.cyanogenmod.platform.internal.CMAudioServiceBroker.onBootPhase:58 com.android.server.SystemServiceManager.startBootPhase:143 
09-12 20:53:08.264  5278  5278 I ActivityManager: Start proc 5532:org.cyanogenmod.cmaudio.service/u0a2 for service org.cyanogenmod.cmaudio.service/.CMAudioService
09-12 20:53:08.276  5278  5278 I GnssLocationProvider: WakeLock acquired by sendMessage(13, 0, null)
09-12 20:53:08.278  5278  5278 W ServiceWatcher: com.google.android.gms not found
09-12 20:53:08.279  5278  5291 D libgps  : SendGpsExtensionMessage: Waiting for IPC connection...
09-12 20:53:08.281  5278  5278 W ServiceWatcher: com.google.android.gms not found
09-12 20:53:08.282  5278  5278 W LocationManagerService: no network location provider found
09-12 20:53:08.283  5278  5278 W ServiceWatcher: com.google.android.gms not found
09-12 20:53:08.288  5278  5278 W ServiceWatcher: com.google.android.gms not found
09-12 20:53:08.289  5278  5278 E LocationManagerService: no geocoder provider found
09-12 20:53:08.289  5278  5278 E FlpHardwareProvider: Error hw_get_module 'flp': -2
09-12 20:53:08.289  5278  5278 D LocationManagerService: FLP HAL not supported
09-12 20:53:08.290  5278  5278 W ServiceWatcher: com.google.android.gms not found
09-12 20:53:08.297  5278  5278 D LocationManagerService: Unable to bind FLP Geofence proxy.
09-12 20:53:08.298  5278  5278 E ActivityRecognitionHardware: Error hw_get_module: -2
09-12 20:53:08.298  5278  5278 D LocationManagerService: Hardware Activity-Recognition not supported.
09-12 20:53:08.298  5278  5278 W ServiceWatcher: com.google.android.gms not found
09-12 20:53:08.300  5278  5278 E ActivityRecognitionProxy: ServiceWatcher could not start.
09-12 20:53:08.300  5278  5278 D LocationManagerService: Unable to bind ActivityRecognitionProxy.
09-12 20:53:08.300  5278  5278 I GnssLocationProvider: WakeLock acquired by sendMessage(2, 1, null)
09-12 20:53:08.306  5278  5278 I CommonTimeManagementService: No common time service detected on this platform.  Common time services will be unavailable.
09-12 20:53:08.308  5278  5278 I MmsServiceBroker: Delay connecting to MmsService until an API is called
09-12 20:53:08.311  5278  5325 I InputReader: Reconfiguring input devices.  changes=0x00000020
09-12 20:53:08.311  5278  5278 W VoiceInteractionManagerService: no available voice interaction services found for user 0
09-12 20:53:08.311  5278  5278 W VoiceInteractionManagerService: no available voice recognition services found for user 0
09-12 20:53:08.328  5278  5278 I ActivityManager: Start proc 5548:com.android.phone/1001 for added application com.android.phone
09-12 20:53:08.331  5278  5278 I ActivityManager: START u0 {act=android.intent.action.MAIN cat=[android.intent.category.HOME] flg=0x10000100 cmp=com.android.settings/.CryptKeeper} from uid 0 on display 0
09-12 20:53:08.337  5278  5325 I InputReader: Reconfiguring input devices.  changes=0x00000010
09-12 20:53:08.337  5278  5278 I ActivityManager: Loaded persisted task ids for user 0
09-12 20:53:08.357  5278  5278 I ActivityManager: Start proc 5562:com.android.settings:CryptKeeper/1000 for activity com.android.settings/.CryptKeeper
09-12 20:53:08.361  5278  5278 I SystemServer: Enabled StrictMode for system server main thread.
09-12 20:53:08.369  5278  5278 D ConditionProviders.SCP: onConnected
09-12 20:53:08.370  5278  5278 D ZenLog  : set_zen_mode: off,readXml
09-12 20:53:08.378  5278  5278 D ConditionProviders: Subscribing to condition://android/schedule?days=1.2.3.4.5&start=22.0&end=7.0&exitAtAlarm=false with ComponentInfo{android/com.android.server.notification.ScheduleConditionProvider}
09-12 20:53:08.378  5278  5278 D ZenLog  : subscribe: condition://android/schedule?days=1.2.3.4.5&start=22.0&end=7.0&exitAtAlarm=false,ok
09-12 20:53:08.390  5278  5278 D ConditionProviders: Subscribing to condition://android/schedule?days=6.7&start=23.30&end=10.0&exitAtAlarm=false with ComponentInfo{android/com.android.server.notification.ScheduleConditionProvider}
09-12 20:53:08.390  5278  5278 D ZenLog  : subscribe: condition://android/schedule?days=6.7&start=23.30&end=10.0&exitAtAlarm=false,ok
09-12 20:53:08.396  5278  5278 D ConditionProviders: Subscribing to condition://android/event?userId=-10000&calendar=&reply=1 with ComponentInfo{android/com.android.server.notification.EventConditionProvider}
09-12 20:53:08.396  5278  5278 D ZenLog  : subscribe: condition://android/event?userId=-10000&calendar=&reply=1,ok
09-12 20:53:08.436  5278  5289 I StatusBarManagerService: registerStatusBar bar=com.android.internal.statusbar.IStatusBar$Stub$Proxy@c5b40
09-12 20:53:08.446  5548  5548 I chatty  : uid=1001(radio) com.android.phone expire 125 lines
09-12 20:53:08.512  5278  5349 W ActivityManager: Slow operation: 104ms so far, now at attachApplicationLocked: after mServices.attachApplicationLocked
09-12 20:53:08.518  5278  5278 W ContextImpl: Calling a method in the system process without a qualified user: android.app.ContextImpl.startService:1357 com.android.server.content.SyncManager$13.run:658 android.os.Handler.handleCallback:751 android.os.Handler.dispatchMessage:95 android.os.Looper.loop:154 
09-12 20:53:08.535  5278  5278 D RttService: SCAN_AVAILABLE : 1
09-12 20:53:08.535  5278  5337 I WifiScanningService: wifi driver unloaded
09-12 20:53:08.536  5278  5338 D RttService: DefaultState got{ when=-1ms what=160513 target=com.android.internal.util.StateMachine$SmHandler }
09-12 20:53:08.536  5278  5278 D ZenLog  : set_zen_mode: off,cleanUpZenRules
09-12 20:53:08.542  5562  5562 W System  : ClassLoader referenced unknown path: /system/priv-app/Settings/lib/arm64
09-12 20:53:08.565  5278  5278 W System  : ClassLoader referenced unknown path: /system/priv-app/Telecom/lib/arm64
09-12 20:53:08.566  5278  5278 D ApplicationLoaders: ignored Vulkan layer search path /system/priv-app/Telecom/lib/arm64:/system/priv-app/Telecom/Telecom.apk!/lib/arm64-v8a:/system/lib64:/vendor/lib64 for namespace 0x7f7ba7a240
09-12 20:53:08.588  5278  5278 D BluetoothManagerService: Trying to bind to profile: 1, while Bluetooth was disabled
09-12 20:53:08.594  5278  5278 I Telecom : SystemStateProvider: Registering car mode receiver: android.content.IntentFilter@3cbe719: TS.init@AAA
09-12 20:53:08.599  5043  5043 I ServiceManager: Waiting for service media.codec...
09-12 20:53:08.604  5278  5583 I Telecom : Telecom: Non-call EVENT: AUDIO_ROUTE, Entering state QuiescentEarpieceRoute
09-12 20:53:08.609  5278  5585 I Telecom : CallAudioModeStateMachine: Message received: null.: TS.init->CAMSM.pM_1@AAA_0
09-12 20:53:08.610  5548  5554 I chatty  : uid=1001(radio) com.android.phone expire 6 lines
09-12 20:53:08.621  5562  5562 D CryptKeeper: Disabling component ComponentInfo{com.android.settings/com.android.settings.CryptKeeper}
09-12 20:53:08.625  5421  5433 I art     : Do partial code cache collection, code=125KB, data=100KB
09-12 20:53:08.625  5421  5433 I art     : After code cache collection, code=124KB, data=100KB
09-12 20:53:08.625  5421  5433 I art     : Increasing code cache capacity to 512KB
09-12 20:53:08.625  5278  5510 I WindowManager: Screen frozen for +169ms due to AppWindowToken{36da26a token=Token{5ff70c ActivityRecord{9c8223f u0 com.android.settings/.CryptKeeper t1}}}
09-12 20:53:08.642  5278  5278 I Telecom : ViceNotificationImpl: ViceNotificationImpl: TS.init@AAA
09-12 20:53:08.648  5278  5349 I ActivityManager: START u0 {act=android.intent.action.MAIN cat=[android.intent.category.HOME] flg=0x10000100 cmp=com.android.settings/.FallbackHome} from uid 0 on display 0
09-12 20:53:08.680  5278  5349 I ActivityManager: Start proc 5586:com.android.settings/1000 for activity com.android.settings/.FallbackHome
09-12 20:53:08.688  5278  5278 D BluetoothManagerService: Trying to bind to profile: 1, while Bluetooth was disabled
09-12 20:53:08.692  5278  5278 I Telecom : Class: TelecomSystem.INSTANCE being set
09-12 20:53:08.692  5278  5278 W ContextImpl: Calling a method in the system process without a qualified user: android.app.ContextImpl.startService:1357 android.content.ContextWrapper.startService:613 com.android.server.telecom.components.TelecomService.initializeTelecomSystem:196 com.android.server.telecom.components.TelecomService.onBind:64 android.app.ActivityThread.handleBindService:3243 
09-12 20:53:08.694  5278  5594 E ActivityThread: Failed to find provider info for call_log
09-12 20:53:08.701  5278  5278 D BluetoothManagerService: Bluetooth Adapter name changed to Samsung Galaxy S7 Edge
09-12 20:53:08.701  5278  5278 D BluetoothManagerService: Stored Bluetooth name: Samsung Galaxy S7 Edge
09-12 20:53:08.701  5278  5278 D BluetoothManagerService: BluetoothServiceConnection: com.android.bluetooth.btservice.AdapterService
09-12 20:53:08.702  5278  5298 D BluetoothManagerService: MESSAGE_BLUETOOTH_SERVICE_CONNECTED: 1
09-12 20:53:08.706  5278  5298 D BluetoothManagerService: MESSAGE_GET_NAME_AND_ADDRESS
09-12 20:53:08.711  5278  5278 W System  : ClassLoader referenced unknown path: /system/priv-app/FusedLocation/lib/arm64
09-12 20:53:08.712  5278  5278 D ApplicationLoaders: ignored Vulkan layer search path /system/priv-app/FusedLocation/lib/arm64:/system/priv-app/FusedLocation/FusedLocation.apk!/lib/arm64-v8a:/system/lib64:/vendor/lib64 for namespace 0x7f7ba7a2b0
09-12 20:53:08.716  5278  5298 D BluetoothManagerService: Stored Bluetooth name: Samsung Galaxy S7 Edge
09-12 20:53:08.717  5278  5298 D BluetoothManagerService: Stored Bluetoothaddress: 90:06:28:83:34:F4
09-12 20:53:08.718  5278  5298 D BluetoothManagerService: unbindAndFinish(): android.bluetooth.IBluetooth$Stub$Proxy@b1f346f mBinding = false mUnbinding = false
09-12 20:53:08.751  5389  5389 W BluetoothAdapterService: onUnbind, calling cleanup
09-12 20:53:08.751  5389  5389 D BluetoothAdapterService: cleanup()
09-12 20:53:08.753  5278  5278 D GpsNetInitiatedHandler: location enabled :true
09-12 20:53:08.753  5278  5278 V WiredAccessoryManager: init()
09-12 20:53:08.756  5389  5389 W BluetoothSdpJni: Cleaning up Bluetooth SDP Interface...
09-12 20:53:08.756  5389  5389 W BluetoothSdpJni: Cleaning up Bluetooth SDP object
09-12 20:53:08.756  5389  5389 D BluetoothAdapterService: cleanup() - Cleaning up adapter native
09-12 20:53:08.758  5389  5407 I bt_stack_manager: event_clean_up_stack is cleaning up the stack
09-12 20:53:08.758  5389  5407 E BluetoothServiceJni: Callback env check fail: env: 0x0, callback: 0xed285850
09-12 20:53:08.758  5389  5407 E BluetoothServiceJni: Callback: 'callback_thread_event' is not called on the correct thread
09-12 20:53:08.758  5389  5412 W bt_osi_thread: run_thread: thread id 5412, thread name bt_jni_workqueue exited
09-12 20:53:08.759  5389  5407 I bt_core_module: module_clean_up Cleaning up module "stack_config_module"
09-12 20:53:08.759  5389  5407 I bt_core_module: module_clean_up Cleanup of module "stack_config_module" completed
09-12 20:53:08.759  5389  5407 I bt_core_module: module_clean_up Cleaning up module "interop_module"
09-12 20:53:08.759  5389  5407 I bt_core_module: module_clean_up Cleanup of module "interop_module" completed
09-12 20:53:08.759  5389  5407 I bt_core_module: module_clean_up Cleaning up module "btif_config_module"
09-12 20:53:08.776  5586  5586 W System  : ClassLoader referenced unknown path: /system/priv-app/Settings/lib/arm64
09-12 20:53:08.790  5278  5278 D AndroidRuntime: Shutting down VM
09-12 20:53:08.792  5278  5278 E AndroidRuntime: *** FATAL EXCEPTION IN SYSTEM PROCESS: main
09-12 20:53:08.792  5278  5278 E AndroidRuntime: java.lang.RuntimeException: Error receiving broadcast Intent { act=android.intent.action.USER_STARTED flg=0x50000010 (has extras) } in com.android.server.ConnectivityService$3@d7f21e4
09-12 20:53:08.792  5278  5278 E AndroidRuntime: 	at android.app.LoadedApk$ReceiverDispatcher$Args.run(LoadedApk.java:1132)
09-12 20:53:08.792  5278  5278 E AndroidRuntime: 	at android.os.Handler.handleCallback(Handler.java:751)
09-12 20:53:08.792  5278  5278 E AndroidRuntime: 	at android.os.Handler.dispatchMessage(Handler.java:95)
09-12 20:53:08.792  5278  5278 E AndroidRuntime: 	at android.os.Looper.loop(Looper.java:154)
09-12 20:53:08.792  5278  5278 E AndroidRuntime: 	at com.android.server.SystemServer.run(SystemServer.java:383)
09-12 20:53:08.792  5278  5278 E AndroidRuntime: 	at com.android.server.SystemServer.main(SystemServer.java:237)
09-12 20:53:08.792  5278  5278 E AndroidRuntime: 	at java.lang.reflect.Method.invoke(Native Method)
09-12 20:53:08.792  5278  5278 E AndroidRuntime: 	at com.android.internal.os.ZygoteInit$MethodAndArgsCaller.run(ZygoteInit.java:889)
09-12 20:53:08.792  5278  5278 E AndroidRuntime: 	at com.android.internal.os.ZygoteInit.main(ZygoteInit.java:779)
09-12 20:53:08.792  5278  5278 E AndroidRuntime: Caused by: java.lang.NullPointerException: Attempt to invoke interface method 'int android.security.IKeystoreService.exist(java.lang.String, int)' on a null object reference
09-12 20:53:08.792  5278  5278 E AndroidRuntime: 	at android.security.KeyStore.contains(KeyStore.java:200)
09-12 20:53:08.792  5278  5278 E AndroidRuntime: 	at android.security.KeyStore.contains(KeyStore.java:208)
09-12 20:53:08.792  5278  5278 E AndroidRuntime: 	at com.android.server.net.LockdownVpnTracker.isEnabled(LockdownVpnTracker.java:90)
09-12 20:53:08.792  5278  5278 E AndroidRuntime: 	at com.android.server.ConnectivityService.onUserStart(ConnectivityService.java:3984)
09-12 20:53:08.792  5278  5278 E AndroidRuntime: 	at com.android.server.ConnectivityService.-wrap27(ConnectivityService.java)
09-12 20:53:08.792  5278  5278 E AndroidRuntime: 	at com.android.server.ConnectivityService$3.onReceive(ConnectivityService.java:4038)
09-12 20:53:08.792  5278  5278 E AndroidRuntime: 	at android.app.LoadedApk$ReceiverDispatcher$Args.run(LoadedApk.java:1122)
09-12 20:53:08.792  5278  5278 E AndroidRuntime: 	... 8 more
09-12 20:53:08.795  5389  5407 I bt_core_module: module_clean_up Cleanup of module "btif_config_module" completed
09-12 20:53:08.795  5389  5407 I bt_core_module: module_clean_up Cleaning up module "bt_utils_module"
09-12 20:53:08.795  5389  5407 I bt_core_module: module_clean_up Cleanup of module "bt_utils_module" completed
09-12 20:53:08.795  5389  5407 I bt_core_module: module_clean_up Cleaning up module "osi_module"
09-12 20:53:08.795  5389  5411 D bt_osi_alarm: callback_dispatch Callback thread exited
09-12 20:53:08.795  5389  5411 W bt_osi_thread: run_thread: thread id 5411, thread name alarm_dispatcher exited
