09-12 18:55:03.321  5842  5950 E AutoInstalls: 	at com.android.launcher3.DefaultLayoutParser$ResolveParser.parseAndAdd(DefaultLayoutParser.java:222)
09-12 18:55:03.321  5842  5950 E AutoInstalls: 	at com.android.launcher3.AutoInstallsLayout.parseAndAddNode(AutoInstallsLayout.java:272)
09-12 18:55:03.321  5842  5950 E AutoInstalls: 	at com.android.launcher3.AutoInstallsLayout.parseLayout(AutoInstallsLayout.java:217)
09-12 18:55:03.321  5842  5950 E AutoInstalls: 	at com.android.launcher3.AutoInstallsLayout.loadLayout(AutoInstallsLayout.java:193)
09-12 18:55:03.321  5842  5950 E AutoInstalls: 	at com.android.launcher3.LauncherProvider$DatabaseHelper.loadFavorites(LauncherProvider.java:1292)
09-12 18:55:03.321  5842  5950 E AutoInstalls: 	at com.android.launcher3.LauncherProvider.loadDefaultFavoritesIfNecessary(LauncherProvider.java:406)
09-12 18:55:03.321  5842  5950 E AutoInstalls: 	at com.android.launcher3.LauncherModel$LoaderTask.loadWorkspace(LauncherModel.java:1964)
09-12 18:55:03.321  5842  5950 E AutoInstalls: 	at com.android.launcher3.LauncherModel$LoaderTask.loadAndBindWorkspace(LauncherModel.java:1555)
09-12 18:55:03.321  5842  5950 E AutoInstalls: 	at com.android.launcher3.LauncherModel$LoaderTask.run(LauncherModel.java:1652)
09-12 18:55:03.321  5842  5950 E AutoInstalls: 	at android.os.Handler.handleCallback(Handler.java:751)
09-12 18:55:03.321  5842  5950 E AutoInstalls: 	at android.os.Handler.dispatchMessage(Handler.java:95)
09-12 18:55:03.321  5842  5950 E AutoInstalls: 	at android.os.Looper.loop(Looper.java:154)
09-12 18:55:03.321  5842  5950 E AutoInstalls: 	at android.os.HandlerThread.run(HandlerThread.java:61)
09-12 18:55:03.324  5842  5950 E AutoInstalls: Unable to add favorite: com.android.browser/com.android.browser.BrowserActivity
09-12 18:55:03.324  5842  5950 E AutoInstalls: android.content.pm.PackageManager$NameNotFoundException: ComponentInfo{com.android.browser/com.android.browser.BrowserActivity}
09-12 18:55:03.324  5842  5950 E AutoInstalls: 	at android.app.ApplicationPackageManager.getActivityInfo(ApplicationPackageManager.java:391)
09-12 18:55:03.324  5842  5950 E AutoInstalls: 	at com.android.launcher3.AutoInstallsLayout$AppShortcutParser.parseAndAdd(AutoInstallsLayout.java:347)
09-12 18:55:03.324  5842  5950 E AutoInstalls: 	at com.android.launcher3.DefaultLayoutParser$ResolveParser.parseAndAdd(DefaultLayoutParser.java:222)
09-12 18:55:03.324  5842  5950 E AutoInstalls: 	at com.android.launcher3.AutoInstallsLayout.parseAndAddNode(AutoInstallsLayout.java:272)
09-12 18:55:03.324  5842  5950 E AutoInstalls: 	at com.android.launcher3.AutoInstallsLayout.parseLayout(AutoInstallsLayout.java:217)
09-12 18:55:03.324  5842  5950 E AutoInstalls: 	at com.android.launcher3.AutoInstallsLayout.loadLayout(AutoInstallsLayout.java:193)
09-12 18:55:03.324  5842  5950 E AutoInstalls: 	at com.android.launcher3.LauncherProvider$DatabaseHelper.loadFavorites(LauncherProvider.java:1292)
09-12 18:55:03.324  5842  5950 E AutoInstalls: 	at com.android.launcher3.LauncherProvider.loadDefaultFavoritesIfNecessary(LauncherProvider.java:406)
09-12 18:55:03.324  5842  5950 E AutoInstalls: 	at com.android.launcher3.LauncherModel$LoaderTask.loadWorkspace(LauncherModel.java:1964)
09-12 18:55:03.324  5842  5950 E AutoInstalls: 	at com.android.launcher3.LauncherModel$LoaderTask.loadAndBindWorkspace(LauncherModel.java:1555)
09-12 18:55:03.324  5842  5950 E AutoInstalls: 	at com.android.launcher3.LauncherModel$LoaderTask.run(LauncherModel.java:1652)
09-12 18:55:03.324  5842  5950 E AutoInstalls: 	at android.os.Handler.handleCallback(Handler.java:751)
09-12 18:55:03.324  5842  5950 E AutoInstalls: 	at android.os.Handler.dispatchMessage(Handler.java:95)
09-12 18:55:03.324  5842  5950 E AutoInstalls: 	at android.os.Looper.loop(Looper.java:154)
09-12 18:55:03.324  5842  5950 E AutoInstalls: 	at android.os.HandlerThread.run(HandlerThread.java:61)
09-12 18:55:03.328  5842  5950 E AutoInstalls: Unable to add favorite: com.cyngn.browser/com.android.browser.BrowserLauncher
09-12 18:55:03.328  5842  5950 E AutoInstalls: android.content.pm.PackageManager$NameNotFoundException: ComponentInfo{com.cyngn.browser/com.android.browser.BrowserLauncher}
09-12 18:55:03.328  5842  5950 E AutoInstalls: 	at android.app.ApplicationPackageManager.getActivityInfo(ApplicationPackageManager.java:391)
09-12 18:55:03.328  5842  5950 E AutoInstalls: 	at com.android.launcher3.AutoInstallsLayout$AppShortcutParser.parseAndAdd(AutoInstallsLayout.java:347)
09-12 18:55:03.328  5842  5950 E AutoInstalls: 	at com.android.launcher3.DefaultLayoutParser$ResolveParser.parseAndAdd(DefaultLayoutParser.java:222)
09-12 18:55:03.328  5842  5950 E AutoInstalls: 	at com.android.launcher3.AutoInstallsLayout.parseAndAddNode(AutoInstallsLayout.java:272)
09-12 18:55:03.328  5842  5950 E AutoInstalls: 	at com.android.launcher3.AutoInstallsLayout.parseLayout(AutoInstallsLayout.java:217)
09-12 18:55:03.328  5842  5950 E AutoInstalls: 	at com.android.launcher3.AutoInstallsLayout.loadLayout(AutoInstallsLayout.java:193)
09-12 18:55:03.328  5842  5950 E AutoInstalls: 	at com.android.launcher3.LauncherProvider$DatabaseHelper.loadFavorites(LauncherProvider.java:1292)
09-12 18:55:03.328  5842  5950 E AutoInstalls: 	at com.android.launcher3.LauncherProvider.loadDefaultFavoritesIfNecessary(LauncherProvider.java:406)
09-12 18:55:03.328  5842  5950 E AutoInstalls: 	at com.android.launcher3.LauncherModel$LoaderTask.loadWorkspace(LauncherModel.java:1964)
09-12 18:55:03.328  5842  5950 E AutoInstalls: 	at com.android.launcher3.LauncherModel$LoaderTask.loadAndBindWorkspace(LauncherModel.java:1555)
09-12 18:55:03.328  5842  5950 E AutoInstalls: 	at com.android.launcher3.LauncherModel$LoaderTask.run(LauncherModel.java:1652)
09-12 18:55:03.328  5842  5950 E AutoInstalls: 	at android.os.Handler.handleCallback(Handler.java:751)
09-12 18:55:03.328  5842  5950 E AutoInstalls: 	at android.os.Handler.dispatchMessage(Handler.java:95)
09-12 18:55:03.328  5842  5950 E AutoInstalls: 	at android.os.Looper.loop(Looper.java:154)
09-12 18:55:03.328  5842  5950 E AutoInstalls: 	at android.os.HandlerThread.run(HandlerThread.java:61)
09-12 18:55:03.333  5357  5357 I art     : Starting a blocking GC Explicit
09-12 18:55:03.335  5842  5950 E AutoInstalls: Unable to add favorite: com.android.chrome/com.google.android.apps.chrome.Main
09-12 18:55:03.335  5842  5950 E AutoInstalls: android.content.pm.PackageManager$NameNotFoundException: ComponentInfo{com.android.chrome/com.google.android.apps.chrome.Main}
09-12 18:55:03.335  5842  5950 E AutoInstalls: 	at android.app.ApplicationPackageManager.getActivityInfo(ApplicationPackageManager.java:391)
09-12 18:55:03.335  5842  5950 E AutoInstalls: 	at com.android.launcher3.AutoInstallsLayout$AppShortcutParser.parseAndAdd(AutoInstallsLayout.java:347)
09-12 18:55:03.335  5842  5950 E AutoInstalls: 	at com.android.launcher3.DefaultLayoutParser$ResolveParser.parseAndAdd(DefaultLayoutParser.java:222)
09-12 18:55:03.335  5842  5950 E AutoInstalls: 	at com.android.launcher3.AutoInstallsLayout.parseAndAddNode(AutoInstallsLayout.java:272)
09-12 18:55:03.335  5842  5950 E AutoInstalls: 	at com.android.launcher3.AutoInstallsLayout.parseLayout(AutoInstallsLayout.java:217)
09-12 18:55:03.335  5842  5950 E AutoInstalls: 	at com.android.launcher3.AutoInstallsLayout.loadLayout(AutoInstallsLayout.java:193)
09-12 18:55:03.335  5842  5950 E AutoInstalls: 	at com.android.launcher3.LauncherProvider$DatabaseHelper.loadFavorites(LauncherProvider.java:1292)
09-12 18:55:03.335  5842  5950 E AutoInstalls: 	at com.android.launcher3.LauncherProvider.loadDefaultFavoritesIfNecessary(LauncherProvider.java:406)
09-12 18:55:03.335  5842  5950 E AutoInstalls: 	at com.android.launcher3.LauncherModel$LoaderTask.loadWorkspace(LauncherModel.java:1964)
09-12 18:55:03.335  5842  5950 E AutoInstalls: 	at com.android.launcher3.LauncherModel$LoaderTask.loadAndBindWorkspace(LauncherModel.java:1555)
09-12 18:55:03.335  5842  5950 E AutoInstalls: 	at com.android.launcher3.LauncherModel$LoaderTask.run(LauncherModel.java:1652)
09-12 18:55:03.335  5842  5950 E AutoInstalls: 	at android.os.Handler.handleCallback(Handler.java:751)
09-12 18:55:03.335  5842  5950 E AutoInstalls: 	at android.os.Handler.dispatchMessage(Handler.java:95)
09-12 18:55:03.335  5842  5950 E AutoInstalls: 	at android.os.Looper.loop(Looper.java:154)
09-12 18:55:03.335  5842  5950 E AutoInstalls: 	at android.os.HandlerThread.run(HandlerThread.java:61)
09-12 18:55:03.358  3567  4935 I ActivityManager: Killing 5716:com.cyanogenmod.settings.device/1000 (adj 906): empty #17
09-12 18:55:03.359  3567  4935 I ActivityManager: Killing 5674:com.android.dialer/u0a17 (adj 906): empty #18
09-12 18:55:03.365  5842  5950 E AutoInstalls: Unable to add favorite: com.cyngn.cameranext/com.android.camera.CameraLauncher
09-12 18:55:03.365  5842  5950 E AutoInstalls: android.content.pm.PackageManager$NameNotFoundException: ComponentInfo{com.cyngn.cameranext/com.android.camera.CameraLauncher}
09-12 18:55:03.365  5842  5950 E AutoInstalls: 	at android.app.ApplicationPackageManager.getActivityInfo(ApplicationPackageManager.java:391)
09-12 18:55:03.365  5842  5950 E AutoInstalls: 	at com.android.launcher3.AutoInstallsLayout$AppShortcutParser.parseAndAdd(AutoInstallsLayout.java:347)
09-12 18:55:03.365  5842  5950 E AutoInstalls: 	at com.android.launcher3.DefaultLayoutParser$ResolveParser.parseAndAdd(DefaultLayoutParser.java:222)
09-12 18:55:03.365  5842  5950 E AutoInstalls: 	at com.android.launcher3.AutoInstallsLayout.parseAndAddNode(AutoInstallsLayout.java:272)
09-12 18:55:03.365  5842  5950 E AutoInstalls: 	at com.android.launcher3.AutoInstallsLayout.parseLayout(AutoInstallsLayout.java:217)
09-12 18:55:03.365  5842  5950 E AutoInstalls: 	at com.android.launcher3.AutoInstallsLayout.loadLayout(AutoInstallsLayout.java:193)
09-12 18:55:03.365  5842  5950 E AutoInstalls: 	at com.android.launcher3.LauncherProvider$DatabaseHelper.loadFavorites(LauncherProvider.java:1292)
09-12 18:55:03.365  5842  5950 E AutoInstalls: 	at com.android.launcher3.LauncherProvider.loadDefaultFavoritesIfNecessary(LauncherProvider.java:406)
09-12 18:55:03.365  5842  5950 E AutoInstalls: 	at com.android.launcher3.LauncherModel$LoaderTask.loadWorkspace(LauncherModel.java:1964)
09-12 18:55:03.365  5842  5950 E AutoInstalls: 	at com.android.launcher3.LauncherModel$LoaderTask.loadAndBindWorkspace(LauncherModel.java:1555)
09-12 18:55:03.365  5842  5950 E AutoInstalls: 	at com.android.launcher3.LauncherModel$LoaderTask.run(LauncherModel.java:1652)
09-12 18:55:03.365  5842  5950 E AutoInstalls: 	at android.os.Handler.handleCallback(Handler.java:751)
09-12 18:55:03.365  5842  5950 E AutoInstalls: 	at android.os.Handler.dispatchMessage(Handler.java:95)
09-12 18:55:03.365  5842  5950 E AutoInstalls: 	at android.os.Looper.loop(Looper.java:154)
09-12 18:55:03.365  5842  5950 E AutoInstalls: 	at android.os.HandlerThread.run(HandlerThread.java:61)
09-12 18:55:03.368  5842  5950 E AutoInstalls: Unable to add favorite: org.cyanogenmod.snap/com.android.camera.CameraLauncher
09-12 18:55:03.368  5842  5950 E AutoInstalls: android.content.pm.PackageManager$NameNotFoundException: ComponentInfo{org.cyanogenmod.snap/com.android.camera.CameraLauncher}
09-12 18:55:03.368  5842  5950 E AutoInstalls: 	at android.app.ApplicationPackageManager.getActivityInfo(ApplicationPackageManager.java:391)
09-12 18:55:03.368  5842  5950 E AutoInstalls: 	at com.android.launcher3.AutoInstallsLayout$AppShortcutParser.parseAndAdd(AutoInstallsLayout.java:347)
09-12 18:55:03.368  5842  5950 E AutoInstalls: 	at com.android.launcher3.DefaultLayoutParser$ResolveParser.parseAndAdd(DefaultLayoutParser.java:222)
09-12 18:55:03.368  5842  5950 E AutoInstalls: 	at com.android.launcher3.AutoInstallsLayout.parseAndAddNode(AutoInstallsLayout.java:272)
09-12 18:55:03.368  5842  5950 E AutoInstalls: 	at com.android.launcher3.AutoInstallsLayout.parseLayout(AutoInstallsLayout.java:217)
09-12 18:55:03.368  5842  5950 E AutoInstalls: 	at com.android.launcher3.AutoInstallsLayout.loadLayout(AutoInstallsLayout.java:193)
09-12 18:55:03.368  5842  5950 E AutoInstalls: 	at com.android.launcher3.LauncherProvider$DatabaseHelper.loadFavorites(LauncherProvider.java:1292)
09-12 18:55:03.368  5842  5950 E AutoInstalls: 	at com.android.launcher3.LauncherProvider.loadDefaultFavoritesIfNecessary(LauncherProvider.java:406)
09-12 18:55:03.368  5842  5950 E AutoInstalls: 	at com.android.launcher3.LauncherModel$LoaderTask.loadWorkspace(LauncherModel.java:1964)
09-12 18:55:03.368  5842  5950 E AutoInstalls: 	at com.android.launcher3.LauncherModel$LoaderTask.loadAndBindWorkspace(LauncherModel.java:1555)
09-12 18:55:03.368  5842  5950 E AutoInstalls: 	at com.android.launcher3.LauncherModel$LoaderTask.run(LauncherModel.java:1652)
09-12 18:55:03.368  5842  5950 E AutoInstalls: 	at android.os.Handler.handleCallback(Handler.java:751)
09-12 18:55:03.368  5842  5950 E AutoInstalls: 	at android.os.Handler.dispatchMessage(Handler.java:95)
09-12 18:55:03.368  5842  5950 E AutoInstalls: 	at android.os.Looper.loop(Looper.java:154)
09-12 18:55:03.368  5842  5950 E AutoInstalls: 	at android.os.HandlerThread.run(HandlerThread.java:61)
09-12 18:55:03.379  5842  5950 E AutoInstalls: Unable to add favorite: com.android.camera2/com.android.camera.CameraLauncher
09-12 18:55:03.379  5842  5950 E AutoInstalls: android.content.pm.PackageManager$NameNotFoundException: ComponentInfo{com.android.camera2/com.android.camera.CameraLauncher}
09-12 18:55:03.379  5842  5950 E AutoInstalls: 	at android.app.ApplicationPackageManager.getActivityInfo(ApplicationPackageManager.java:391)
09-12 18:55:03.379  5842  5950 E AutoInstalls: 	at com.android.launcher3.AutoInstallsLayout$AppShortcutParser.parseAndAdd(AutoInstallsLayout.java:347)
09-12 18:55:03.379  5842  5950 E AutoInstalls: 	at com.android.launcher3.DefaultLayoutParser$ResolveParser.parseAndAdd(DefaultLayoutParser.java:222)
09-12 18:55:03.379  5842  5950 E AutoInstalls: 	at com.android.launcher3.AutoInstallsLayout.parseAndAddNode(AutoInstallsLayout.java:272)
09-12 18:55:03.379  5842  5950 E AutoInstalls: 	at com.android.launcher3.AutoInstallsLayout.parseLayout(AutoInstallsLayout.java:217)
09-12 18:55:03.379  5842  5950 E AutoInstalls: 	at com.android.launcher3.AutoInstallsLayout.loadLayout(AutoInstallsLayout.java:193)
09-12 18:55:03.379  5842  5950 E AutoInstalls: 	at com.android.launcher3.LauncherProvider$DatabaseHelper.loadFavorites(LauncherProvider.java:1292)
09-12 18:55:03.379  5842  5950 E AutoInstalls: 	at com.android.launcher3.LauncherProvider.loadDefaultFavoritesIfNecessary(LauncherProvider.java:406)
09-12 18:55:03.379  5842  5950 E AutoInstalls: 	at com.android.launcher3.LauncherModel$LoaderTask.loadWorkspace(LauncherModel.java:1964)
09-12 18:55:03.379  5842  5950 E AutoInstalls: 	at com.android.launcher3.LauncherModel$LoaderTask.loadAndBindWorkspace(LauncherModel.java:1555)
09-12 18:55:03.379  5842  5950 E AutoInstalls: 	at com.android.launcher3.LauncherModel$LoaderTask.run(LauncherModel.java:1652)
09-12 18:55:03.379  5842  5950 E AutoInstalls: 	at android.os.Handler.handleCallback(Handler.java:751)
09-12 18:55:03.379  5842  5950 E AutoInstalls: 	at android.os.Handler.dispatchMessage(Handler.java:95)
09-12 18:55:03.379  5842  5950 E AutoInstalls: 	at android.os.Looper.loop(Looper.java:154)
09-12 18:55:03.379  5842  5950 E AutoInstalls: 	at android.os.HandlerThread.run(HandlerThread.java:61)
09-12 18:55:03.406  3567  4937 D ActivityManager: cleanUpApplicationRecord -- 5674
09-12 18:55:03.415  5950  5950 I launcher-loader: type=1400 audit(0.0:325): avc: denied { write } for name="shared_prefs" dev="sda24" ino=2015599 scontext=u:r:platform_app:s0:c512,c768 tcontext=u:object_r:system_data_file:s0:c512,c768 tclass=dir permissive=1
09-12 18:55:03.415  5950  5950 I launcher-loader: type=1400 audit(0.0:325): avc: denied { remove_name } for name="com.android.launcher3.prefs.xml" dev="sda24" ino=2015600 scontext=u:r:platform_app:s0:c512,c768 tcontext=u:object_r:system_data_file:s0:c512,c768 tclass=dir permissive=1
09-12 18:55:03.415  5950  5950 I launcher-loader: type=1400 audit(0.0:325): avc: denied { add_name } for name="com.android.launcher3.prefs.xml.bak" scontext=u:r:platform_app:s0:c512,c768 tcontext=u:object_r:system_data_file:s0:c512,c768 tclass=dir permissive=1
09-12 18:55:03.415  5950  5950 W launcher-loader: type=1300 audit(0.0:325): arch=c00000b7 syscall=38 success=yes exit=0 a0=ffffff9c a1=7f784ccb00 a2=ffffff9c a3=7f784ccb60 items=0 ppid=3163 auid=4294967295 uid=10028 gid=10028 euid=10028 suid=10028 fsuid=10028 egid=10028 sgid=10028 fsgid=10028 tty=(none) ses=4294967295 exe="/system/bin/app_process64" subj=u:r:platform_app:s0:c512,c768 key=(null)
09-12 18:55:03.415  3075  3075 W auditd  : type=1327 audit(0.0:325): proctitle="com.cyanogenmod.trebuchet"
09-12 18:55:03.415  3075  3075 W auditd  : type=1320 audit(0.0:325): 
09-12 18:55:03.421  3567  5351 D ActivityManager: cleanUpApplicationRecord -- 5716
09-12 18:55:03.429  5357  5357 I art     : Explicit concurrent mark sweep GC freed 3636(440KB) AllocSpace objects, 2(15MB) LOS objects, 25% free, 19MB/25MB, paused 374us total 95.753ms
09-12 18:55:03.441  5842  5950 W Launcher: setApplicationContext called twice! old=android.app.Application@8c691db new=android.app.Application@8c691db
09-12 18:55:03.493  5357  5357 I art     : Starting a blocking GC Explicit
09-12 18:55:03.557  5357  5357 I art     : Explicit concurrent mark sweep GC freed 15273(869KB) AllocSpace objects, 1(372KB) LOS objects, 24% free, 18MB/24MB, paused 347us total 63.486ms
09-12 18:55:03.568  5357  5357 I art     : Starting a blocking GC Explicit
09-12 18:55:03.585  5842  5847 I art     : Do full code cache collection, code=124KB, data=104KB
09-12 18:55:03.585  5842  5847 I art     : Starting a blocking GC JitCodeCache
09-12 18:55:03.585  5842  5847 I art     : After code cache collection, code=120KB, data=84KB
09-12 18:55:03.600  5357  5357 I art     : Explicit concurrent mark sweep GC freed 485(16KB) AllocSpace objects, 0(0B) LOS objects, 25% free, 18MB/24MB, paused 245us total 31.420ms
09-12 18:55:03.600  5357  5357 I art     : Starting a blocking GC Explicit
09-12 18:55:03.632  5357  5357 I art     : Explicit concurrent mark sweep GC freed 5(128B) AllocSpace objects, 0(0B) LOS objects, 25% free, 18MB/24MB, paused 243us total 30.890ms
09-12 18:55:03.643  5357  5357 E StrictMode: class com.cyanogenmod.setupwizard.wizardmanager.WizardManager; instances=2; limit=1
09-12 18:55:03.643  5357  5357 E StrictMode: android.os.StrictMode$InstanceCountViolation: class com.cyanogenmod.setupwizard.wizardmanager.WizardManager; instances=2; limit=1
09-12 18:55:03.643  5357  5357 E StrictMode: 	at android.os.StrictMode.setClassInstanceLimit(StrictMode.java:1)
09-12 18:55:03.668  5842  5950 E Launcher.Model: Error loading shortcut ShortcutInfo(title=Musicintent=Intent { act=android.intent.action.MAIN cat=[android.intent.category.LAUNCHER] flg=0x10200000 cmp=com.cyanogenmod.eleven/.ui.activities.HomeActivity (has extras) }id=7 type=0 container=-100 screen=2 cellX=0 cellY=4 spanX=1 spanY=1 dropPos=null user=UserHandle{0}) into cell (2-2:0,4) occupied by ShortcutInfo(title=Emailintent=Intent { act=android.intent.action.MAIN cat=[android.intent.category.LAUNCHER] flg=0x10200000 cmp=com.android.email/.activity.Welcome (has extras) }id=5 type=0 container=-100 screen=2 cellX=0 cellY=4 spanX=1 spanY=1 dropPos=null user=UserHandle{0})
09-12 18:55:03.840  5842  5842 W System  : ClassLoader referenced unknown path: 
09-12 18:55:03.840  5842  5842 W System  : ClassLoader referenced unknown path: /system/app/LockClock/lib/arm64
09-12 18:55:03.840  5842  5842 D ApplicationLoaders: ignored Vulkan layer search path /system/app/LockClock/lib/arm64:/system/lib64:/vendor/lib64 for namespace 0x7f987d80f0
09-12 18:55:03.878  5842  5847 I art     : Do partial code cache collection, code=124KB, data=101KB
09-12 18:55:03.879  5842  5847 I art     : After code cache collection, code=124KB, data=102KB
09-12 18:55:03.879  5842  5847 I art     : Increasing code cache capacity to 512KB
09-12 18:55:03.883  5611  5611 D WeatherUpdateService: onCreate
09-12 18:55:03.913  5611  5611 D WeatherUpdateService: Service started, but shouldn't update ... stopping
09-12 18:55:03.941  5611  5611 D WeatherUpdateService: onDestroy
09-12 18:55:04.049  5842  5842 D android.widget.GridLayout: vertical constraints: y2-y0>=462, y2-y0<=448, y2-y1<=182 are inconsistent; permanently removing: y2-y0<=448. 
09-12 18:55:05.477  3567  3667 I ActivityManager: Waited long enough for: ServiceRecord{bd5088c u0 com.android.email/.service.LegacyImapSyncAdapterService}
09-12 18:55:07.446  3567  3667 I ActivityManager: Waited long enough for: ServiceRecord{dbabd84 u0 com.android.calendar/.alerts.InitAlarmsService}
09-12 18:55:11.931  3567  4017 I InputReader: Reconfiguring input devices.  changes=0x00000010
09-12 18:55:11.942  5304  5304 D RegisteredNfcFServicesCache: Service unchanged, not updating
09-12 18:55:11.956  3567  3666 W Searchables: No global search activity found
09-12 18:55:11.992  4905  4905 D CarrierSvcBindHelper: No carrier app for: 0
09-12 18:55:12.915  3162  3162 D gpsd    : WakeLock(Acquire,GPSD)
09-12 18:55:12.916  3162  3162 D gpsd    : WakeLock(Release,GPSD)
09-12 18:55:12.916  3162  3162 D gpsd    : WakeLock(Acquire,GPSD)
09-12 18:55:12.916  3162  3162 D gpsd    : WakeLock(Release,GPSD)
09-12 18:55:12.989  6005  6005 V lhd     : GlLhdInterface::Init(/system/etc/lhd.conf)
09-12 18:55:12.990  6005  6005 E lhd     : SetCfgValue: Critical Error. Unknown configuration parameter "FlpName"="tcp"
09-12 18:55:12.990  6005  6005 V lhd     : SetCfgValue: LHD config "LheSerialControl"="BBD:Serial=TTY"
09-12 18:55:12.990  6005  6005 E lhd     : SetCfgValue: Critical Error. Unknown configuration parameter "LheClockMHz"="100"
09-12 18:55:12.990  6005  6005 V lhd     : SetCfgValue: LHD config "LhePatch"="/dev/bbd_patch"
09-12 18:55:12.990  6005  6005 V lhd     : SetCfgValue: LHD config "LheMaxMcuResetTries"="4"
09-12 18:55:12.990  6005  6005 V lhd     : SetCfgValue: LHD config "LheBbdPacket"="/dev/ttyBCM"
09-12 18:55:12.990  6005  6005 V lhd     : SetCfgValue: LHD config "LheBbdControl"="/dev/bbd_control"
09-12 18:55:12.990  6005  6005 V lhd     : SetCfgValue: LHD config "LheBbdSensor"="/dev/bbd_sensor"
09-12 18:55:12.990  6005  6005 V lhd     : SetCfgValue: LHD config "Lhe477xDebugFlags"="RPC:FACILITY=33:STDOUT_PUTS:STDOUT_LOG"
09-12 18:55:12.990  6005  6005 E lhd     : SetCfgValue: Critical Error. Unknown configuration parameter "LheSensorIpc"="true"
09-12 18:55:12.990  6005  6005 E lhd     : SetCfgValue: Critical Error. Unknown configuration parameter "LhePinMux"="P17=M1"
09-12 18:55:12.990  6005  6005 V lhd     : SetCfgValue: LHD config "LheAutoBaudDelayMS"="10"
09-12 18:55:12.990  6005  6005 V lhd     : SetCfgValue: LHD config "LheMaxMcuResetTries"="3"
09-12 18:55:12.990  6005  6005 E lhd     : OpenFirmwareFile: Fail to open /efs/sec_efs/sensorhub_urgent_fw.patch, errno 2
09-12 18:55:12.990  6005  6005 E lhd     : getCustPatchVersion: Fail to parse patch /efs/sec_efs/sensorhub_urgent_fw.patch
09-12 18:55:12.991  6005  6005 E lhd     : getCustPatchVersion: <CustomerVersion> not found
09-12 18:55:13.056  3162  3162 D gpsd    : WakeLock(Acquire,GPSD)
09-12 18:55:13.056  3162  3162 D gpsd    : WakeLock(Release,GPSD)
09-12 18:55:13.056  6005  6005 D lhd     : OnIpcConnect
09-12 18:55:13.056  3162  3162 D gpsd    : WakeLock(Acquire,GPSD)
09-12 18:55:13.056  3162  3162 D gpsd    : WakeLock(Release,GPSD)
09-12 18:55:17.051  3567  5340 I ActivityManager: Killing 5740:com.android.camera2/u0a41 (adj 906): empty #17
09-12 18:55:17.053  3567  5340 I ActivityManager: Killing 5702:com.android.carrierconfig/u0a5 (adj 906): empty #18
09-12 18:55:17.088  3567  5352 D ActivityManager: cleanUpApplicationRecord -- 5740
09-12 18:55:17.097  3567  3664 D ActivityManager: cleanUpApplicationRecord -- 5702
09-12 18:55:17.907  3567  3667 I ActivityManager: Waited long enough for: ServiceRecord{7f7c05b u0 com.cyanogenmod.lockclock/.weather.WeatherSourceListenerService}
09-12 18:55:17.914  3567  3667 I ActivityManager: Waited long enough for: ServiceRecord{27ad0f8 u0 com.cyanogenmod.lockclock/.DeviceStatusService}
09-12 18:55:22.458  5554  5858 D InitAlarmsService: Clearing and rescheduling alarms.
09-12 18:55:22.487  5524  5524 I Binder:5512_1: type=1400 audit(0.0:326): avc: denied { lock } for path="/data/data/com.android.providers.calendar/databases/calendar.db" dev="sda24" ino=2015539 scontext=u:r:priv_app:s0:c512,c768 tcontext=u:object_r:system_data_file:s0:c512,c768 tclass=file permissive=1
09-12 18:55:22.487  5524  5524 W Binder:5512_1: type=1300 audit(0.0:326): arch=c00000b7 syscall=25 success=yes exit=0 a0=22 a1=6 a2=7f937ef6c8 a3=7f88c24dc0 items=0 ppid=3163 auid=4294967295 uid=10004 gid=10004 euid=10004 suid=10004 fsuid=10004 egid=10004 sgid=10004 fsgid=10004 tty=(none) ses=4294967295 exe="/system/bin/app_process64" subj=u:r:priv_app:s0:c512,c768 key=(null)
09-12 18:55:22.487  3075  3075 W auditd  : type=1327 audit(0.0:326): proctitle="com.android.providers.calendar"
09-12 18:55:22.487  3075  3075 W auditd  : type=1320 audit(0.0:326): 
09-12 18:55:27.568  4762  4769 I art     : Compiler allocated 5MB to compile boolean android.app.ApplicationThreadNative.onTransact(int, android.os.Parcel, android.os.Parcel, int)
09-12 18:55:27.602  4762  4769 I art     : Compiler allocated 6MB to compile void android.view.ViewRootImpl.performTraversals()
09-12 18:55:28.075  3162  3162 D gpsd    : WakeLock(Acquire,GPSD)
09-12 18:55:28.075  3162  3162 D gpsd    : WakeLock(Release,GPSD)
09-12 18:55:28.076  3162  3162 D gpsd    : WakeLock(Acquire,GPSD)
09-12 18:55:28.076  3162  3162 D gpsd    : WakeLock(Release,GPSD)
09-12 18:55:28.149  6012  6012 V lhd     : GlLhdInterface::Init(/system/etc/lhd.conf)
09-12 18:55:28.149  6012  6012 E lhd     : SetCfgValue: Critical Error. Unknown configuration parameter "FlpName"="tcp"
09-12 18:55:28.149  6012  6012 V lhd     : SetCfgValue: LHD config "LheSerialControl"="BBD:Serial=TTY"
09-12 18:55:28.149  6012  6012 E lhd     : SetCfgValue: Critical Error. Unknown configuration parameter "LheClockMHz"="100"
09-12 18:55:28.149  6012  6012 V lhd     : SetCfgValue: LHD config "LhePatch"="/dev/bbd_patch"
09-12 18:55:28.149  6012  6012 V lhd     : SetCfgValue: LHD config "LheMaxMcuResetTries"="4"
09-12 18:55:28.149  6012  6012 V lhd     : SetCfgValue: LHD config "LheBbdPacket"="/dev/ttyBCM"
09-12 18:55:28.149  6012  6012 V lhd     : SetCfgValue: LHD config "LheBbdControl"="/dev/bbd_control"
09-12 18:55:28.149  6012  6012 V lhd     : SetCfgValue: LHD config "LheBbdSensor"="/dev/bbd_sensor"
09-12 18:55:28.149  6012  6012 V lhd     : SetCfgValue: LHD config "Lhe477xDebugFlags"="RPC:FACILITY=33:STDOUT_PUTS:STDOUT_LOG"
09-12 18:55:28.149  6012  6012 E lhd     : SetCfgValue: Critical Error. Unknown configuration parameter "LheSensorIpc"="true"
09-12 18:55:28.149  6012  6012 E lhd     : SetCfgValue: Critical Error. Unknown configuration parameter "LhePinMux"="P17=M1"
09-12 18:55:28.150  6012  6012 V lhd     : SetCfgValue: LHD config "LheAutoBaudDelayMS"="10"
09-12 18:55:28.150  6012  6012 V lhd     : SetCfgValue: LHD config "LheMaxMcuResetTries"="3"
09-12 18:55:28.150  6012  6012 E lhd     : OpenFirmwareFile: Fail to open /efs/sec_efs/sensorhub_urgent_fw.patch, errno 2
09-12 18:55:28.150  6012  6012 E lhd     : getCustPatchVersion: Fail to parse patch /efs/sec_efs/sensorhub_urgent_fw.patch
09-12 18:55:28.150  6012  6012 E lhd     : getCustPatchVersion: <CustomerVersion> not found
09-12 18:55:28.215  6012  6012 D lhd     : OnIpcConnect
09-12 18:55:28.215  3162  3162 D gpsd    : WakeLock(Acquire,GPSD)
09-12 18:55:28.215  3162  3162 D gpsd    : WakeLock(Release,GPSD)
09-12 18:55:28.215  3162  3162 D gpsd    : WakeLock(Acquire,GPSD)
09-12 18:55:28.215  3162  3162 D gpsd    : WakeLock(Release,GPSD)
09-12 18:55:41.332  3567  3577 I art     : Background sticky concurrent mark sweep GC freed 44403(4MB) AllocSpace objects, 28(844KB) LOS objects, 30% free, 13MB/19MB, paused 6.557ms total 50.423ms
09-12 18:55:43.231  3162  3162 D gpsd    : WakeLock(Acquire,GPSD)
09-12 18:55:43.232  3162  3162 D gpsd    : WakeLock(Release,GPSD)
09-12 18:55:43.232  3162  3162 D gpsd    : WakeLock(Acquire,GPSD)
09-12 18:55:43.232  3162  3162 D gpsd    : WakeLock(Release,GPSD)
09-12 18:55:43.298  6017  6017 V lhd     : GlLhdInterface::Init(/system/etc/lhd.conf)
09-12 18:55:43.299  6017  6017 E lhd     : SetCfgValue: Critical Error. Unknown configuration parameter "FlpName"="tcp"
09-12 18:55:43.299  6017  6017 V lhd     : SetCfgValue: LHD config "LheSerialControl"="BBD:Serial=TTY"
09-12 18:55:43.299  6017  6017 E lhd     : SetCfgValue: Critical Error. Unknown configuration parameter "LheClockMHz"="100"
09-12 18:55:43.299  6017  6017 V lhd     : SetCfgValue: LHD config "LhePatch"="/dev/bbd_patch"
09-12 18:55:43.299  6017  6017 V lhd     : SetCfgValue: LHD config "LheMaxMcuResetTries"="4"
09-12 18:55:43.300  6017  6017 V lhd     : SetCfgValue: LHD config "LheBbdPacket"="/dev/ttyBCM"
09-12 18:55:43.300  6017  6017 V lhd     : SetCfgValue: LHD config "LheBbdControl"="/dev/bbd_control"
09-12 18:55:43.300  6017  6017 V lhd     : SetCfgValue: LHD config "LheBbdSensor"="/dev/bbd_sensor"
09-12 18:55:43.300  6017  6017 V lhd     : SetCfgValue: LHD config "Lhe477xDebugFlags"="RPC:FACILITY=33:STDOUT_PUTS:STDOUT_LOG"
09-12 18:55:43.300  6017  6017 E lhd     : SetCfgValue: Critical Error. Unknown configuration parameter "LheSensorIpc"="true"
09-12 18:55:43.300  6017  6017 E lhd     : SetCfgValue: Critical Error. Unknown configuration parameter "LhePinMux"="P17=M1"
09-12 18:55:43.300  6017  6017 V lhd     : SetCfgValue: LHD config "LheAutoBaudDelayMS"="10"
09-12 18:55:43.300  6017  6017 V lhd     : SetCfgValue: LHD config "LheMaxMcuResetTries"="3"
09-12 18:55:43.300  6017  6017 E lhd     : OpenFirmwareFile: Fail to open /efs/sec_efs/sensorhub_urgent_fw.patch, errno 2
09-12 18:55:43.300  6017  6017 E lhd     : getCustPatchVersion: Fail to parse patch /efs/sec_efs/sensorhub_urgent_fw.patch
09-12 18:55:43.300  6017  6017 E lhd     : getCustPatchVersion: <CustomerVersion> not found
09-12 18:55:43.365  3162  3162 D gpsd    : WakeLock(Acquire,GPSD)
09-12 18:55:43.366  6017  6017 D lhd     : OnIpcConnect
09-12 18:55:43.366  3162  3162 D gpsd    : WakeLock(Release,GPSD)
09-12 18:55:43.366  3162  3162 D gpsd    : WakeLock(Acquire,GPSD)
09-12 18:55:43.366  3162  3162 D gpsd    : WakeLock(Release,GPSD)
09-12 18:55:58.383  3162  3162 D gpsd    : WakeLock(Acquire,GPSD)
09-12 18:55:58.384  3162  3162 D gpsd    : WakeLock(Release,GPSD)
09-12 18:55:58.384  3162  3162 D gpsd    : WakeLock(Acquire,GPSD)
09-12 18:55:58.385  3162  3162 D gpsd    : WakeLock(Release,GPSD)
09-12 18:55:58.475  6050  6050 V lhd     : GlLhdInterface::Init(/system/etc/lhd.conf)
09-12 18:55:58.476  6050  6050 E lhd     : SetCfgValue: Critical Error. Unknown configuration parameter "FlpName"="tcp"
09-12 18:55:58.476  6050  6050 V lhd     : SetCfgValue: LHD config "LheSerialControl"="BBD:Serial=TTY"
09-12 18:55:58.476  6050  6050 E lhd     : SetCfgValue: Critical Error. Unknown configuration parameter "LheClockMHz"="100"
09-12 18:55:58.476  6050  6050 V lhd     : SetCfgValue: LHD config "LhePatch"="/dev/bbd_patch"
09-12 18:55:58.476  6050  6050 V lhd     : SetCfgValue: LHD config "LheMaxMcuResetTries"="4"
09-12 18:55:58.476  6050  6050 V lhd     : SetCfgValue: LHD config "LheBbdPacket"="/dev/ttyBCM"
09-12 18:55:58.476  6050  6050 V lhd     : SetCfgValue: LHD config "LheBbdControl"="/dev/bbd_control"
09-12 18:55:58.476  6050  6050 V lhd     : SetCfgValue: LHD config "LheBbdSensor"="/dev/bbd_sensor"
09-12 18:55:58.476  6050  6050 V lhd     : SetCfgValue: LHD config "Lhe477xDebugFlags"="RPC:FACILITY=33:STDOUT_PUTS:STDOUT_LOG"
09-12 18:55:58.476  6050  6050 E lhd     : SetCfgValue: Critical Error. Unknown configuration parameter "LheSensorIpc"="true"
09-12 18:55:58.476  6050  6050 E lhd     : SetCfgValue: Critical Error. Unknown configuration parameter "LhePinMux"="P17=M1"
09-12 18:55:58.476  6050  6050 V lhd     : SetCfgValue: LHD config "LheAutoBaudDelayMS"="10"
09-12 18:55:58.476  6050  6050 V lhd     : SetCfgValue: LHD config "LheMaxMcuResetTries"="3"
09-12 18:55:58.476  6050  6050 E lhd     : OpenFirmwareFile: Fail to open /efs/sec_efs/sensorhub_urgent_fw.patch, errno 2
09-12 18:55:58.476  6050  6050 E lhd     : getCustPatchVersion: Fail to parse patch /efs/sec_efs/sensorhub_urgent_fw.patch
09-12 18:55:58.476  6050  6050 E lhd     : getCustPatchVersion: <CustomerVersion> not found
09-12 18:55:58.540  3162  3162 D gpsd    : WakeLock(Acquire,GPSD)
09-12 18:55:58.540  6050  6050 D lhd     : OnIpcConnect
09-12 18:55:58.540  3162  3162 D gpsd    : WakeLock(Release,GPSD)
09-12 18:55:58.540  3162  3162 D gpsd    : WakeLock(Acquire,GPSD)
09-12 18:55:58.541  3162  3162 D gpsd    : WakeLock(Release,GPSD)
09-12 18:55:58.725  3567  3676 I PowerManagerService: Going to sleep due to screen timeout (uid 1000)...
09-12 18:55:58.733  3567  3676 I DreamManagerService: Entering dreamland.
09-12 18:55:58.738  3567  3676 I PowerManagerService: Dozing...
09-12 18:55:58.745  3567  3672 I DreamController: Starting dream: name=ComponentInfo{com.android.systemui/com.android.systemui.doze.DozeService}, isTest=false, canDoze=true, userId=0
09-12 18:55:58.772  3567  3672 I ActivityManager: Killing 5221:com.android.deskclock/u0a48 (adj 906): empty #17
09-12 18:55:58.820  3567  4780 D ActivityManager: cleanUpApplicationRecord -- 5221
09-12 18:55:58.857  3567  3667 I VrManagerService: VR mode is disallowed
09-12 18:55:58.911  3567  3676 V KeyguardServiceDelegate: onScreenTurnedOff()
09-12 18:55:58.913  3146  3146 D SurfaceFlinger: Set power mode=0, type=0 flinger=0x7fb0848000
09-12 18:55:58.913  3567  3674 I DisplayManagerService: Display device changed state: "Built-in Screen", OFF
09-12 18:55:58.919  3567  3674 W LocalDisplayAdapter: Unable to find color mode 0, ignoring request.
09-12 18:55:59.048  3567  4721 D SurfaceControl: Excessive delay in setPowerMode(): 135ms
09-12 18:55:59.100  3165  5141 D audio_hw_primary_abox: device-adev_set_parameters: enter with key(screen_state=on)
09-12 18:55:59.100  3165  5141 D audio_hw_primary_abox: device-adev_set_parameters: exit
09-12 18:55:59.137  5304  6053 D NfcService: Discovery configuration equal, not updating.
09-12 18:55:59.181  3165  5142 D audio_hw_primary_abox: device-adev_set_parameters: enter with key(screen_state=off)
09-12 18:55:59.181  3165  5142 D audio_hw_primary_abox: device-adev_set_parameters: exit
09-12 18:55:59.221  5304  6056 D BrcmNfcJni: nfcManager_disableDiscovery: enter;
09-12 18:55:59.221  5304  6056 D BrcmNfcJni: pn544InteropAbortNow
09-12 18:55:59.221  5304  6056 D BrcmNfcJni: startRfDiscovery: is start=0
09-12 18:55:59.221  5304  6056 I BrcmNfcNfa: NFA_StopRfDiscovery ()
09-12 18:55:59.221  5304  5423 I BrcmNfcNfa: NFA got event 0x010F
09-12 18:55:59.221  5304  5423 I BrcmNfcNfa: nfa_dm_evt_hdlr event: NFA_DM_API_STOP_RF_DISCOVERY_EVT (0x0f)
09-12 18:55:59.221  5304  5423 I BrcmNfcNfa: nfa_dm_act_stop_rf_discovery ()
09-12 18:55:59.221  5304  5423 I BrcmNfcNfa: nfa_dm_rf_deactivate () deactivate_type:0x0
09-12 18:55:59.221  5304  5423 I BrcmNfcNfa: nfa_dm_disc_sm_execute (): state: DISCOVERY (1), event: DEACTIVATE_CMD(6) disc_flags: 0x2
09-12 18:55:59.222  5304  5423 I BrcmNfcNfa: NFC_Deactivate 4 (IDLE) deactivate_type:0
09-12 18:55:59.222  5304  5423 D NfcAdaptation: NfcAdaptation::HalWrite
09-12 18:55:59.222  5304  5423 I SecHAL  : nfc_hal_write: enter;
09-12 18:55:59.222  5304  5423 I SecHAL  : nfc_hal_write: exit;
09-12 18:55:59.222  5304  5442 D SecHAL  : nfc_hal_task: Got a event: HAL_EVT_WRITE(3)
09-12 18:55:59.222  5304  5423 I BrcmNfcNfa: nfa_dm_disc_sm_execute (): new state: DISCOVERY (1), disc_flags: 0x22
09-12 18:55:59.222  5304  5442 D SecHAL  : nfc_hal_task: current state: SERVICE
09-12 18:55:59.222  5304  5423 I BrcmNfcNfa: nfa_sys_ptim_stop_timer 8d1ff010
09-12 18:55:59.222  5304  5423 I BrcmNfcNfa: ptim timer stop
09-12 18:55:59.222  5304  5423 I BrcmNfcNfa: Stopped presence check timer (if started)
09-12 18:55:59.222  5304  5442 I SecHAL  : device_wakeup: Wakeup! in 80 ms
09-12 18:55:59.252  3567  3668 I WindowManager: OverscanTimeout run
09-12 18:55:59.302  5304  5442 I SecHAL  : device_wakeup: exit
09-12 18:55:59.302  5304  5442 I SecHAL  : OSI_timer_start: enter,osi_lock
09-12 18:55:59.302  5304  5442 I SecHAL  : OSI_timer_start: before pthread_create for timer thread
09-12 18:55:59.302  5304  5442 I SecHAL  : OSI_timer_start: after pthread_create for timer thread
09-12 18:55:59.302  5304  5442 I SecHAL  : OSI_timer_start: before osi_unlock
09-12 18:55:59.302  5304  5442 I SecHAL  : OSI_timer_start: exit
09-12 18:55:59.302  5304  5442 I SecHAL  : device_write: enter
09-12 18:55:59.302  5304  5442 I SecHAL  : device_write: before system call
09-12 18:55:59.303  5304  5442 I SecHAL  : device_write: after system call
09-12 18:55:59.303  5304  5442 D SecHAL  : data_trace:  Send(  4) 21 06 01   00 
09-12 18:55:59.303  5304  5442 I SecHAL  : device_write: exit
09-12 18:55:59.306  5304  5441 D SecHAL  : read_thread: Sent message to HAL message task, remind que: 2
09-12 18:55:59.307  5304  5442 D SecHAL  : nfc_hal_task: Got a event: HAL_EVT_READ(4)
09-12 18:55:59.307  5304  5442 D SecHAL  : nfc_hal_task: current state: SERVICE
09-12 18:55:59.307  5304  5442 D SecHAL  : data_trace:  Recv(  4) 41 06 01   00 
09-12 18:55:59.307  5304  5442 I SecHAL  : OSI_timer_start: enter,osi_lock
09-12 18:55:59.307  5304  5442 I SecHAL  : OSI_timer_start: before osi_unlock
09-12 18:55:59.307  5304  5442 I SecHAL  : OSI_timer_start: exit
09-12 18:55:59.307  5304  5442 I SecHAL  : nfc_data_callback: !
09-12 18:55:59.307  5304  5442 D NfcAdaptation: NfcAdaptation::HalDeviceContextDataCallback: len=4
09-12 18:55:59.307  5304  5423 I BrcmNfcNfa: NFC received rsp gid:1
09-12 18:55:59.307  5304  5423 I BrcmNfcNfa: p2p priority is running under bail out mode ONLY.
09-12 18:55:59.307  5304  5423 I BrcmNfcNfa: nfc_set_state 4 (IDLE)->4 (IDLE)
09-12 18:55:59.307  5304  5423 I BrcmNfcNfa: nfa_dm_disc_data_cback ()
09-12 18:55:59.307  5304  5423 I BrcmNfcNfa: nfa_dm_disc_discovery_cback (): event:0x4005
09-12 18:55:59.307  5304  5423 I BrcmNfcNfa: nfa_dm_disc_sm_execute (): state: DISCOVERY (1), event: DEACTIVATE_RSP(7) disc_flags: 0x22
09-12 18:55:59.307  5304  5423 I BrcmNfcNfa: nfa_dm_disc_new_state (): old_state: DISCOVERY (1), new_state: IDLE (0) disc_flags: 0x2
09-12 18:55:59.307  5304  5423 D BrcmNfcJni: nfaConnectionCallback: event= 31
09-12 18:55:59.307  5304  5423 D BrcmNfcJni: nfaConnectionCallback: NFA_RF_DISCOVERY_STOPPED_EVT: status = 0
09-12 18:55:59.307  5304  5423 I BrcmNfcNfa: nfa_dm_start_rf_discover ()
09-12 18:55:59.307  5304  5423 I BrcmNfcNfa: nfa_dm_disc_sm_execute (): new state: IDLE (0), disc_flags: 0x0
09-12 18:55:59.308  5304  6056 D BrcmNfcJni: stopPolling_rfDiscoveryDisabled: disable polling
09-12 18:55:59.308  5304  6056 I BrcmNfcNfa: NFA_DisablePolling ()
09-12 18:55:59.308  5304  5423 I BrcmNfcNfa: NFA got event 0x0107
09-12 18:55:59.308  5304  5423 I BrcmNfcNfa: nfa_dm_evt_hdlr event: NFA_DM_API_DISABLE_POLLING_EVT (0x07)
09-12 18:55:59.308  5304  5423 I BrcmNfcNfa: nfa_dm_act_disable_polling ()
09-12 18:55:59.308  5304  5423 I BrcmNfcNfa: nfa_dm_deactivate_polling ()
09-12 18:55:59.308  5304  5423 I BrcmNfcNfa: nfa_dm_delete_rf_discover () handle=0x1
09-12 18:55:59.308  5304  5423 D BrcmNfcJni: nfaConnectionCallback: event= 1
09-12 18:55:59.308  5304  5423 D BrcmNfcJni: nfaConnectionCallback: NFA_POLL_DISABLED_EVT: status = 0
09-12 18:55:59.308  5304  6056 D BrcmNfcJni: PeerToPeer::enableP2pListening: enter isEnable: 0  mIsP2pListening: 1
09-12 18:55:59.308  5304  6056 I BrcmNfcNfa: NFA_P2pSetListenTech (): tech_mask:0x0
09-12 18:55:59.308  5304  5423 I BrcmNfcNfa: NFA got event 0x010D
09-12 18:55:59.308  5304  5423 I BrcmNfcNfa: nfa_dm_evt_hdlr event: NFA_DM_API_SET_P2P_LISTEN_TECH_EVT (0x0d)
09-12 18:55:59.308  5304  5423 I BrcmNfcNfa: nfa_dm_set_p2p_listen_tech ()  tech_mask = 0
09-12 18:55:59.308  5304  5423 I BrcmNfcNfa: nfa_p2p_update_listen_tech ()  tech_mask = 0x0
09-12 18:55:59.308  5304  5423 I BrcmNfcNfa: nfa_dm_delete_rf_discover () handle=0x2
09-12 18:55:59.308  5304  5423 I BrcmNfcNfa: nfa_p2p_enable_listening () sys_id = 3, update_wks = 0
09-12 18:55:59.308  5304  5423 D BrcmNfcJni: nfaConnectionCallback: event= 33
09-12 18:55:59.308  5304  5423 D BrcmNfcJni: nfaConnectionCallback: NFA_SET_P2P_LISTEN_TECH_EVT
09-12 18:55:59.308  5304  6056 D BrcmNfcJni: PeerToPeer::enableP2pListening: exit; mIsP2pListening: 0
09-12 18:55:59.308  5304  6056 D BrcmNfcJni: PowerSwitch::setModeOff(deactivated=0x1) : mCurrActivity=0x0
09-12 18:55:59.308  5304  6056 D BrcmNfcJni: PowerSwitch::setLevel: level=PS-LOW-POWER (2)
09-12 18:55:59.308  5304  6056 D BrcmNfcJni: PowerSwitch::setLevel: actual power level=PS-FULL
09-12 18:55:59.309  5304  6056 D BrcmNfcJni: nfcManager_disableDiscovery: exit
09-12 18:56:00.581  5304  6058 I SecHAL  : device_sleep: NFC can be going to sleep
09-12 18:56:03.893  5842  5847 I art     : Do full code cache collection, code=251KB, data=212KB
09-12 18:56:03.894  5842  5847 I art     : Starting a blocking GC JitCodeCache
09-12 18:56:03.895  5842  5847 I art     : After code cache collection, code=224KB, data=156KB
09-12 18:56:03.939  3567  4937 D CryptdConnector: SND -> {4 cryptfs getpw}
09-12 18:56:03.941  3067  3133 D VoldCryptCmdListener: cryptfs getpw
09-12 18:56:03.942  3567  4020 D CryptdConnector: RCV <- {200 4 -1}
09-12 18:56:03.948  3567  4937 D CryptdConnector: SND -> {5 cryptfs clearpw}
09-12 18:56:03.953  3067  3133 D VoldCryptCmdListener: cryptfs clearpw
09-12 18:56:03.955  3567  4020 D CryptdConnector: RCV <- {200 5 0}
09-12 18:56:03.999  3567  5340 I ActivityManager: Setting hasTopUi=true for pid=4762
09-12 18:56:04.116  4762  4762 D PhoneStatusBar: disable: < expand ICONS* ALERTS SYSTEM_INFO* back home recent clock SEARCH quick_settings >
09-12 18:56:04.278  4762  4762 D PhoneStatusBar: disable: < expand ICONS ALERTS SYSTEM_INFO back home recent clock SEARCH quick_settings >
09-12 18:56:04.412  4762  4878 D mali_winsys: EGLint new_window_surface(egl_winsys_display*, void*, EGLSurface, EGLConfig, egl_winsys_surface**, egl_color_buffer_format*, EGLBoolean) returns 0x3000,  [1440x2960]-format:1
09-12 18:56:04.449  3567  3664 W LocalDisplayAdapter: Unable to find color mode 0, ignoring request.
09-12 18:56:04.493  4762  4762 D PhoneStatusBar: disable: < expand ICONS ALERTS SYSTEM_INFO back HOME* RECENT* clock SEARCH quick_settings >
09-12 18:56:04.757  3567  3674 W LocalDisplayAdapter: Unable to find color mode 0, ignoring request.
09-12 18:56:13.558  3162  3162 D gpsd    : WakeLock(Acquire,GPSD)
09-12 18:56:13.559  3162  3162 D gpsd    : WakeLock(Release,GPSD)
09-12 18:56:13.560  3162  3162 D gpsd    : WakeLock(Acquire,GPSD)
09-12 18:56:13.560  3162  3162 D gpsd    : WakeLock(Release,GPSD)
09-12 18:56:13.632  6067  6067 V lhd     : GlLhdInterface::Init(/system/etc/lhd.conf)
09-12 18:56:13.633  6067  6067 E lhd     : SetCfgValue: Critical Error. Unknown configuration parameter "FlpName"="tcp"
09-12 18:56:13.633  6067  6067 V lhd     : SetCfgValue: LHD config "LheSerialControl"="BBD:Serial=TTY"
09-12 18:56:13.633  6067  6067 E lhd     : SetCfgValue: Critical Error. Unknown configuration parameter "LheClockMHz"="100"
09-12 18:56:13.633  6067  6067 V lhd     : SetCfgValue: LHD config "LhePatch"="/dev/bbd_patch"
09-12 18:56:13.633  6067  6067 V lhd     : SetCfgValue: LHD config "LheMaxMcuResetTries"="4"
09-12 18:56:13.633  6067  6067 V lhd     : SetCfgValue: LHD config "LheBbdPacket"="/dev/ttyBCM"
09-12 18:56:13.633  6067  6067 V lhd     : SetCfgValue: LHD config "LheBbdControl"="/dev/bbd_control"
09-12 18:56:13.633  6067  6067 V lhd     : SetCfgValue: LHD config "LheBbdSensor"="/dev/bbd_sensor"
09-12 18:56:13.633  6067  6067 V lhd     : SetCfgValue: LHD config "Lhe477xDebugFlags"="RPC:FACILITY=33:STDOUT_PUTS:STDOUT_LOG"
09-12 18:56:13.633  6067  6067 E lhd     : SetCfgValue: Critical Error. Unknown configuration parameter "LheSensorIpc"="true"
09-12 18:56:13.633  6067  6067 E lhd     : SetCfgValue: Critical Error. Unknown configuration parameter "LhePinMux"="P17=M1"
09-12 18:56:13.633  6067  6067 V lhd     : SetCfgValue: LHD config "LheAutoBaudDelayMS"="10"
09-12 18:56:13.633  6067  6067 V lhd     : SetCfgValue: LHD config "LheMaxMcuResetTries"="3"
09-12 18:56:13.633  6067  6067 E lhd     : OpenFirmwareFile: Fail to open /efs/sec_efs/sensorhub_urgent_fw.patch, errno 2
09-12 18:56:13.633  6067  6067 E lhd     : getCustPatchVersion: Fail to parse patch /efs/sec_efs/sensorhub_urgent_fw.patch
09-12 18:56:13.634  6067  6067 E lhd     : getCustPatchVersion: <CustomerVersion> not found
09-12 18:56:13.699  3162  3162 D gpsd    : WakeLock(Acquire,GPSD)
09-12 18:56:13.699  6067  6067 D lhd     : OnIpcConnect
09-12 18:56:13.699  3162  3162 D gpsd    : WakeLock(Release,GPSD)
09-12 18:56:13.699  3162  3162 D gpsd    : WakeLock(Acquire,GPSD)
09-12 18:56:13.699  3162  3162 D gpsd    : WakeLock(Release,GPSD)
09-12 18:56:28.716  3162  3162 D gpsd    : WakeLock(Acquire,GPSD)
09-12 18:56:28.717  3162  3162 D gpsd    : WakeLock(Release,GPSD)
09-12 18:56:28.717  3162  3162 D gpsd    : WakeLock(Acquire,GPSD)
09-12 18:56:28.718  3162  3162 D gpsd    : WakeLock(Release,GPSD)
09-12 18:56:28.789  6072  6072 V lhd     : GlLhdInterface::Init(/system/etc/lhd.conf)
09-12 18:56:28.789  6072  6072 E lhd     : SetCfgValue: Critical Error. Unknown configuration parameter "FlpName"="tcp"
09-12 18:56:28.789  6072  6072 V lhd     : SetCfgValue: LHD config "LheSerialControl"="BBD:Serial=TTY"
09-12 18:56:28.789  6072  6072 E lhd     : SetCfgValue: Critical Error. Unknown configuration parameter "LheClockMHz"="100"
09-12 18:56:28.789  6072  6072 V lhd     : SetCfgValue: LHD config "LhePatch"="/dev/bbd_patch"
09-12 18:56:28.790  6072  6072 V lhd     : SetCfgValue: LHD config "LheMaxMcuResetTries"="4"
09-12 18:56:28.790  6072  6072 V lhd     : SetCfgValue: LHD config "LheBbdPacket"="/dev/ttyBCM"
09-12 18:56:28.790  6072  6072 V lhd     : SetCfgValue: LHD config "LheBbdControl"="/dev/bbd_control"
09-12 18:56:28.790  6072  6072 V lhd     : SetCfgValue: LHD config "LheBbdSensor"="/dev/bbd_sensor"
09-12 18:56:28.790  6072  6072 V lhd     : SetCfgValue: LHD config "Lhe477xDebugFlags"="RPC:FACILITY=33:STDOUT_PUTS:STDOUT_LOG"
09-12 18:56:28.790  6072  6072 E lhd     : SetCfgValue: Critical Error. Unknown configuration parameter "LheSensorIpc"="true"
09-12 18:56:28.790  6072  6072 E lhd     : SetCfgValue: Critical Error. Unknown configuration parameter "LhePinMux"="P17=M1"
09-12 18:56:28.790  6072  6072 V lhd     : SetCfgValue: LHD config "LheAutoBaudDelayMS"="10"
09-12 18:56:28.790  6072  6072 V lhd     : SetCfgValue: LHD config "LheMaxMcuResetTries"="3"
09-12 18:56:28.790  6072  6072 E lhd     : OpenFirmwareFile: Fail to open /efs/sec_efs/sensorhub_urgent_fw.patch, errno 2
09-12 18:56:28.790  6072  6072 E lhd     : getCustPatchVersion: Fail to parse patch /efs/sec_efs/sensorhub_urgent_fw.patch
09-12 18:56:28.790  6072  6072 E lhd     : getCustPatchVersion: <CustomerVersion> not found
09-12 18:56:28.855  3162  3162 D gpsd    : WakeLock(Acquire,GPSD)
09-12 18:56:28.855  6072  6072 D lhd     : OnIpcConnect
09-12 18:56:28.855  3162  3162 D gpsd    : WakeLock(Release,GPSD)
09-12 18:56:28.855  3162  3162 D gpsd    : WakeLock(Acquire,GPSD)
09-12 18:56:28.856  3162  3162 D gpsd    : WakeLock(Release,GPSD)
09-12 18:56:43.874  3162  3162 D gpsd    : WakeLock(Acquire,GPSD)
09-12 18:56:43.875  3162  3162 D gpsd    : WakeLock(Release,GPSD)
09-12 18:56:43.875  3162  3162 D gpsd    : WakeLock(Acquire,GPSD)
09-12 18:56:43.876  3162  3162 D gpsd    : WakeLock(Release,GPSD)
09-12 18:56:43.948  6076  6076 V lhd     : GlLhdInterface::Init(/system/etc/lhd.conf)
09-12 18:56:43.948  6076  6076 E lhd     : SetCfgValue: Critical Error. Unknown configuration parameter "FlpName"="tcp"
09-12 18:56:43.948  6076  6076 V lhd     : SetCfgValue: LHD config "LheSerialControl"="BBD:Serial=TTY"
09-12 18:56:43.948  6076  6076 E lhd     : SetCfgValue: Critical Error. Unknown configuration parameter "LheClockMHz"="100"
09-12 18:56:43.948  6076  6076 V lhd     : SetCfgValue: LHD config "LhePatch"="/dev/bbd_patch"
09-12 18:56:43.948  6076  6076 V lhd     : SetCfgValue: LHD config "LheMaxMcuResetTries"="4"
09-12 18:56:43.948  6076  6076 V lhd     : SetCfgValue: LHD config "LheBbdPacket"="/dev/ttyBCM"
09-12 18:56:43.948  6076  6076 V lhd     : SetCfgValue: LHD config "LheBbdControl"="/dev/bbd_control"
09-12 18:56:43.948  6076  6076 V lhd     : SetCfgValue: LHD config "LheBbdSensor"="/dev/bbd_sensor"
09-12 18:56:43.948  6076  6076 V lhd     : SetCfgValue: LHD config "Lhe477xDebugFlags"="RPC:FACILITY=33:STDOUT_PUTS:STDOUT_LOG"
09-12 18:56:43.948  6076  6076 E lhd     : SetCfgValue: Critical Error. Unknown configuration parameter "LheSensorIpc"="true"
09-12 18:56:43.948  6076  6076 E lhd     : SetCfgValue: Critical Error. Unknown configuration parameter "LhePinMux"="P17=M1"
09-12 18:56:43.948  6076  6076 V lhd     : SetCfgValue: LHD config "LheAutoBaudDelayMS"="10"
09-12 18:56:43.948  6076  6076 V lhd     : SetCfgValue: LHD config "LheMaxMcuResetTries"="3"
09-12 18:56:43.949  6076  6076 E lhd     : OpenFirmwareFile: Fail to open /efs/sec_efs/sensorhub_urgent_fw.patch, errno 2
09-12 18:56:43.949  6076  6076 E lhd     : getCustPatchVersion: Fail to parse patch /efs/sec_efs/sensorhub_urgent_fw.patch
09-12 18:56:43.949  6076  6076 E lhd     : getCustPatchVersion: <CustomerVersion> not found
09-12 18:56:44.014  3162  3162 D gpsd    : WakeLock(Acquire,GPSD)
09-12 18:56:44.014  3162  3162 D gpsd    : WakeLock(Release,GPSD)
09-12 18:56:44.014  6076  6076 D lhd     : OnIpcConnect
09-12 18:56:44.015  3162  3162 D gpsd    : WakeLock(Acquire,GPSD)
09-12 18:56:44.015  3162  3162 D gpsd    : WakeLock(Release,GPSD)
