11-14 00:07:24.643  6170  6205 W TileUtils: Found com.android.settings.Settings$PaymentSettingsActivity for intent Intent { act=com.android.settings.action.SETTINGS pkg=com.android.settings } missing metadata com.android.settings.category
11-14 00:07:24.653  6170  6205 W TileUtils: Found com.android.settings.Settings$PaymentSettingsActivity for intent Intent { act=com.android.settings.action.SETTINGS pkg=com.android.settings } missing metadata com.android.settings.category
11-14 00:07:24.668  6170  6205 W TileUtils: Found com.android.settings.Settings$PaymentSettingsActivity for intent Intent { act=com.android.settings.action.SETTINGS pkg=com.android.settings } missing metadata com.android.settings.category
11-14 00:07:24.681  6170  6205 W TileUtils: Found com.android.settings.Settings$PaymentSettingsActivity for intent Intent { act=com.android.settings.action.SETTINGS pkg=com.android.settings } missing metadata com.android.settings.category
11-14 00:07:24.695  6170  6188 W TileUtils: Found com.android.settings.Settings$PaymentSettingsActivity for intent Intent { act=com.android.settings.action.SETTINGS pkg=com.android.settings } missing metadata com.android.settings.category
11-14 00:07:24.708  6170  6188 W TileUtils: Found com.android.settings.Settings$PaymentSettingsActivity for intent Intent { act=com.android.settings.action.SETTINGS pkg=com.android.settings } missing metadata com.android.settings.category
11-14 00:07:24.722  6170  6188 W TileUtils: Found com.android.settings.Settings$PaymentSettingsActivity for intent Intent { act=com.android.settings.action.SETTINGS pkg=com.android.settings } missing metadata com.android.settings.category
11-14 00:07:24.738  6170  6188 W TileUtils: Found com.android.settings.Settings$PaymentSettingsActivity for intent Intent { act=com.android.settings.action.SETTINGS pkg=com.android.settings } missing metadata com.android.settings.category
11-14 00:07:24.755  6170  6188 W TileUtils: Found com.android.settings.Settings$PaymentSettingsActivity for intent Intent { act=com.android.settings.action.SETTINGS pkg=com.android.settings } missing metadata com.android.settings.category
11-14 00:07:24.771  6170  6188 W TileUtils: Found com.android.settings.Settings$PaymentSettingsActivity for intent Intent { act=com.android.settings.action.SETTINGS pkg=com.android.settings } missing metadata com.android.settings.category
11-14 00:07:24.789  6170  6188 W TileUtils: Found com.android.settings.Settings$PaymentSettingsActivity for intent Intent { act=com.android.settings.action.SETTINGS pkg=com.android.settings } missing metadata com.android.settings.category
11-14 00:07:24.808  6170  6188 W TileUtils: Found com.android.settings.Settings$PaymentSettingsActivity for intent Intent { act=com.android.settings.action.SETTINGS pkg=com.android.settings } missing metadata com.android.settings.category
11-14 00:07:24.823  6170  6188 W TileUtils: Found com.android.settings.Settings$PaymentSettingsActivity for intent Intent { act=com.android.settings.action.SETTINGS pkg=com.android.settings } missing metadata com.android.settings.category
11-14 00:07:24.836  6170  6188 W TileUtils: Found com.android.settings.Settings$PaymentSettingsActivity for intent Intent { act=com.android.settings.action.SETTINGS pkg=com.android.settings } missing metadata com.android.settings.category
11-14 00:07:25.307  5447  5447 I art     : Starting a blocking GC Explicit
11-14 00:07:25.363  5447  5447 I art     : Explicit concurrent mark sweep GC freed 1127(77KB) AllocSpace objects, 0(0B) LOS objects, 25% free, 7MB/10MB, paused 350us total 54.940ms
11-14 00:07:25.364  5447  5447 I art     : Starting a blocking GC Explicit
11-14 00:07:25.382  5447  5447 I art     : Explicit concurrent mark sweep GC freed 537(37KB) AllocSpace objects, 0(0B) LOS objects, 25% free, 7MB/10MB, paused 300us total 17.297ms
11-14 00:07:26.352  3180  3180 I MediaPlayerService: MediaPlayerService::getOMX
11-14 00:07:26.353  3611  6219 I chatty  : uid=1000 system_server expire 4 lines
11-14 00:07:26.353  3611  6217 I chatty  : uid=1000 system_server expire 2 lines
11-14 00:07:26.353  3611  4680 I chatty  : uid=1000(system) AudioService expire 1 line
11-14 00:07:26.362  3180  4865 I MediaPlayerService: MediaPlayerService::getOMX
11-14 00:07:26.362  3611  6220 I chatty  : uid=1000 system_server expire 4 lines
11-14 00:07:26.438  6170  6192 D mali_winsys: EGLint new_window_surface(egl_winsys_display*, void*, EGLSurface, EGLConfig, egl_winsys_surface**, egl_color_buffer_format*, EGLBoolean) returns 0x3000,  [1590x1363]-format:1
11-14 00:07:26.463  5541  5541 I MediaScannerSer: type=1400 audit(0.0:348): avc: denied { lock } for path="/data/data/com.android.providers.media/databases/external.db-shm" dev="sda24" ino=2015524 scontext=u:r:priv_app:s0:c512,c768 tcontext=u:object_r:system_data_file:s0:c512,c768 tclass=file permissive=1
11-14 00:07:26.463  5541  5541 W MediaScannerSer: type=1300 audit(0.0:348): arch=c00000b7 syscall=25 success=yes exit=0 a0=26 a1=6 a2=7f7d3fb4a8 a3=6 items=0 ppid=3170 auid=4294967295 uid=10009 gid=10009 euid=10009 suid=10009 fsuid=10009 egid=10009 sgid=10009 fsgid=10009 tty=(none) ses=4294967295 exe="/system/bin/app_process64" subj=u:r:priv_app:s0:c512,c768 key=(null)
11-14 00:07:26.463  3075  3075 W auditd  : type=1327 audit(0.0:348): proctitle="android.process.media"
11-14 00:07:26.463  3075  3075 W auditd  : type=1320 audit(0.0:348): 
11-14 00:07:27.472  6170  6170 D WifiSetupActivity: finishing, resultCode=1
11-14 00:07:27.484  3180  3248 I MediaPlayerService: MediaPlayerService::getOMX
11-14 00:07:27.484  3611  6228 I chatty  : uid=1000 system_server expire 4 lines
11-14 00:07:27.486  3611  6226 I chatty  : uid=1000 system_server expire 1 line
11-14 00:07:27.486  3611  4680 I chatty  : uid=1000(system) AudioService expire 1 line
11-14 00:07:27.495  3180  4868 I MediaPlayerService: MediaPlayerService::getOMX
11-14 00:07:27.496  3611  6230 I chatty  : uid=1000 system_server expire 4 lines
11-14 00:07:27.497  3611  6226 I chatty  : uid=1000 system_server expire 1 line
11-14 00:07:27.507  5447  5447 I SubBaseActivity: subactivity result {(0), RESULT_SKIP(1), null}
11-14 00:07:27.508  3611  4778 I ActivityManager: START u0 {act=com.android.wizard.NEXT cmp=com.cyanogenmod.setupwizard/.wizardmanager.WizardManager (has extras)} from uid 1000 on display 0
11-14 00:07:27.527  5447  5502 D mali_winsys: EGLint new_window_surface(egl_winsys_display*, void*, EGLSurface, EGLConfig, egl_winsys_surface**, egl_color_buffer_format*, EGLBoolean) returns 0x3000,  [1440x2960]-format:1
11-14 00:07:27.532  5447  5502 D mali_winsys: EGLint new_window_surface(egl_winsys_display*, void*, EGLSurface, EGLConfig, egl_winsys_surface**, egl_color_buffer_format*, EGLBoolean) returns 0x3000,  [1440x2960]-format:1
11-14 00:07:27.551  5447  5502 D mali_winsys: EGLint new_window_surface(egl_winsys_display*, void*, EGLSurface, EGLConfig, egl_winsys_surface**, egl_color_buffer_format*, EGLBoolean) returns 0x3000,  [1440x2960]-format:1
11-14 00:07:27.580  5447  5502 D mali_winsys: EGLint new_window_surface(egl_winsys_display*, void*, EGLSurface, EGLConfig, egl_winsys_surface**, egl_color_buffer_format*, EGLBoolean) returns 0x3000,  [1440x2960]-format:1
11-14 00:07:27.708  3611  5400 I ActivityManager: START u0 {act=com.cyanogenmod.setupwizard.LINEAGE_SIM_MISSING flg=0x4000000 cmp=com.cyanogenmod.setupwizard/.SimMissingActivity (has extras)} from uid 1000 on display 0
11-14 00:07:27.733  3611  3669 I ActivityManager: START u0 {act=com.android.wizard.NEXT cmp=com.cyanogenmod.setupwizard/.wizardmanager.WizardManager (has extras)} from uid 1000 on display 0
11-14 00:07:27.743  3611  3668 I ActivityManager: START u0 {act=com.cyanogenmod.setupwizard.LINEAGE_ENABLE_MOBILE_DATA flg=0x4000000 cmp=com.cyanogenmod.setupwizard/.MobileDataActivity (has extras)} from uid 1000 on display 0
11-14 00:07:27.794  5447  5502 D mali_winsys: EGLint new_window_surface(egl_winsys_display*, void*, EGLSurface, EGLConfig, egl_winsys_surface**, egl_color_buffer_format*, EGLBoolean) returns 0x3000,  [1440x2960]-format:1
11-14 00:07:27.886  3611  3678 I chatty  : uid=1000(system) android.display expire 1 line
11-14 00:07:28.213  5447  5447 I art     : Starting a blocking GC Explicit
11-14 00:07:28.216  3611  3671 I ActivityManager: Killing 5787:com.android.gallery3d/u0a20 (adj 906): empty #17
11-14 00:07:28.241  5447  5447 I art     : Explicit concurrent mark sweep GC freed 2746(237KB) AllocSpace objects, 1(28KB) LOS objects, 40% free, 8MB/13MB, paused 345us total 27.449ms
11-14 00:07:28.243  5447  5447 I art     : Starting a blocking GC Explicit
11-14 00:07:28.251  3611  5371 D ActivityManager: cleanUpApplicationRecord -- 5787
11-14 00:07:28.261  5447  5447 I art     : Explicit concurrent mark sweep GC freed 545(36KB) AllocSpace objects, 0(0B) LOS objects, 40% free, 8MB/13MB, paused 250us total 18.188ms
11-14 00:07:28.275  5447  5447 I art     : Starting a blocking GC Explicit
11-14 00:07:28.288  5447  5447 I art     : Explicit concurrent mark sweep GC freed 35(1696B) AllocSpace objects, 0(0B) LOS objects, 40% free, 8MB/13MB, paused 94us total 13.154ms
11-14 00:07:28.289  5447  5447 I art     : Starting a blocking GC Explicit
11-14 00:07:28.297  5447  5447 I art     : Explicit concurrent mark sweep GC freed 5(128B) AllocSpace objects, 0(0B) LOS objects, 40% free, 8MB/13MB, paused 96us total 8.721ms
11-14 00:07:28.509  3611  4796 I ActivityManager: START u0 {act=com.android.wizard.NEXT cmp=com.cyanogenmod.setupwizard/.wizardmanager.WizardManager (has extras)} from uid 1000 on display 0
11-14 00:07:28.511  5541  5541 I MediaScannerSer: type=1400 audit(0.0:349): avc: denied { write } for name="external.db-wal" dev="sda24" ino=2015523 scontext=u:r:priv_app:s0:c512,c768 tcontext=u:object_r:system_data_file:s0:c512,c768 tclass=file permissive=1
11-14 00:07:28.511  5541  5541 W MediaScannerSer: type=1300 audit(0.0:349): arch=c00000b7 syscall=46 success=yes exit=0 a0=25 a1=a1f38 a2=1000 a3=a0f38 items=0 ppid=3170 auid=4294967295 uid=10009 gid=10009 euid=10009 suid=10009 fsuid=10009 egid=10009 sgid=10009 fsgid=10009 tty=(none) ses=4294967295 exe="/system/bin/app_process64" subj=u:r:priv_app:s0:c512,c768 key=(null)
11-14 00:07:28.511  3075  3075 W auditd  : type=1327 audit(0.0:349): proctitle="android.process.media"
11-14 00:07:28.511  3075  3075 W auditd  : type=1320 audit(0.0:349): 
11-14 00:07:28.517  3180  3180 I MediaPlayerService: MediaPlayerService::getOMX
11-14 00:07:28.517  3611  6241 I chatty  : uid=1000 system_server expire 4 lines
11-14 00:07:28.518  3611  6239 I chatty  : uid=1000 system_server expire 1 line
11-14 00:07:28.519  3611  4680 I chatty  : uid=1000(system) AudioService expire 1 line
11-14 00:07:28.526  3611  5371 I ActivityManager: START u0 {act=com.cyanogenmod.setupwizard.LINEAGE_LOCATION_SETTINGS flg=0x4000000 cmp=com.cyanogenmod.setupwizard/.LocationSettingsActivity (has extras)} from uid 1000 on display 0
11-14 00:07:28.527  3180  4865 I MediaPlayerService: MediaPlayerService::getOMX
11-14 00:07:28.528  3611  6242 I chatty  : uid=1000 system_server expire 2 lines
11-14 00:07:28.528  3611  6242 E ACodec  : signalError(omxError 0xfffffffe, internalError -2)
11-14 00:07:28.528  3611  6242 E MediaCodec: Codec reported err 0xfffffffe, actionCode 0, while in state 1
11-14 00:07:28.529  3611  6239 E SoundPool: Unable to load sample
11-14 00:07:28.562  5447  5447 I LocationSettingsActivi: Location mode has been changed
11-14 00:07:28.606  5447  5502 D mali_winsys: EGLint new_window_surface(egl_winsys_display*, void*, EGLSurface, EGLConfig, egl_winsys_surface**, egl_color_buffer_format*, EGLBoolean) returns 0x3000,  [1440x2960]-format:1
11-14 00:07:28.646  3611  3678 I ActivityManager: Displayed com.cyanogenmod.setupwizard/.LocationSettingsActivity: +112ms (total +130ms)
11-14 00:07:28.972  5447  5447 I art     : Starting a blocking GC Explicit
11-14 00:07:28.994  5447  5447 I art     : Explicit concurrent mark sweep GC freed 1572(110KB) AllocSpace objects, 0(0B) LOS objects, 39% free, 8MB/13MB, paused 268us total 21.520ms
11-14 00:07:28.996  5447  5447 I art     : Starting a blocking GC Explicit
11-14 00:07:29.005  5447  5447 I art     : Explicit concurrent mark sweep GC freed 1536(129KB) AllocSpace objects, 1(372KB) LOS objects, 40% free, 7MB/13MB, paused 103us total 9.388ms
11-14 00:07:29.110  3611  4796 I ActivityManager: START u0 {act=com.android.wizard.NEXT cmp=com.cyanogenmod.setupwizard/.wizardmanager.WizardManager (has extras)} from uid 1000 on display 0
11-14 00:07:29.119  3180  3248 I MediaPlayerService: MediaPlayerService::getOMX
11-14 00:07:29.119  3611  6246 I OMXClient: MuxOMX ctor
11-14 00:07:29.119  3611  6246 E ACodec  : Unable to instantiate a decoder for type 'audio/vorbis' with err 0xfffffffe.
11-14 00:07:29.119  3611  6246 E ACodec  : signalError(omxError 0xfffffffe, internalError -2)
11-14 00:07:29.120  3611  6246 E MediaCodec: Codec reported err 0xfffffffe, actionCode 0, while in state 1
11-14 00:07:29.120  3611  6244 E SoundPool: Unable to load sample
11-14 00:07:29.120  3611  4680 W AudioService: onLoadSoundEffects(), Error -2147483648 while loading samples
11-14 00:07:29.125  3611  4946 I ActivityManager: START u0 {act=com.cyanogenmod.setupwizard.LINEAGE_SETTINGS flg=0x4000000 cmp=com.cyanogenmod.setupwizard/.LineageSettingsActivity (has extras)} from uid 1000 on display 0
11-14 00:07:29.131  3180  4868 I MediaPlayerService: MediaPlayerService::getOMX
11-14 00:07:29.131  3611  6247 I OMXClient: MuxOMX ctor
11-14 00:07:29.132  3611  6247 E ACodec  : Unable to instantiate a decoder for type 'audio/vorbis' with err 0xfffffffe.
11-14 00:07:29.132  3611  6247 E ACodec  : signalError(omxError 0xfffffffe, internalError -2)
11-14 00:07:29.132  3611  6247 E MediaCodec: Codec reported err 0xfffffffe, actionCode 0, while in state 1
11-14 00:07:29.132  3611  6244 E SoundPool: Unable to load sample
11-14 00:07:29.217  5447  5502 D mali_winsys: EGLint new_window_surface(egl_winsys_display*, void*, EGLSurface, EGLConfig, egl_winsys_surface**, egl_color_buffer_format*, EGLBoolean) returns 0x3000,  [1440x2960]-format:1
11-14 00:07:29.268  3611  3678 I ActivityManager: Displayed com.cyanogenmod.setupwizard/.LineageSettingsActivity: +135ms (total +153ms)
11-14 00:07:29.656  5447  5447 I art     : Starting a blocking GC Explicit
11-14 00:07:29.677  5447  5447 I art     : Explicit concurrent mark sweep GC freed 1872(170KB) AllocSpace objects, 0(0B) LOS objects, 40% free, 8MB/13MB, paused 217us total 20.498ms
11-14 00:07:29.678  5447  5447 I art     : Starting a blocking GC Explicit
11-14 00:07:29.694  5447  5447 I art     : Explicit concurrent mark sweep GC freed 402(29KB) AllocSpace objects, 0(0B) LOS objects, 40% free, 8MB/13MB, paused 192us total 15.953ms
11-14 00:07:29.768  3611  5400 I ActivityManager: START u0 {act=com.android.wizard.NEXT cmp=com.cyanogenmod.setupwizard/.wizardmanager.WizardManager (has extras)} from uid 1000 on display 0
11-14 00:07:29.776  3180  3180 I MediaPlayerService: MediaPlayerService::getOMX
11-14 00:07:29.777  3611  6251 I OMXClient: MuxOMX ctor
11-14 00:07:29.777  3611  6251 E ACodec  : Unable to instantiate a decoder for type 'audio/vorbis' with err 0xfffffffe.
11-14 00:07:29.777  3611  6251 E ACodec  : signalError(omxError 0xfffffffe, internalError -2)
11-14 00:07:29.777  3611  6251 E MediaCodec: Codec reported err 0xfffffffe, actionCode 0, while in state 1
11-14 00:07:29.778  3611  6249 E SoundPool: Unable to load sample
11-14 00:07:29.778  3611  4680 W AudioService: onLoadSoundEffects(), Error -2147483648 while loading samples
11-14 00:07:29.786  3180  4865 I MediaPlayerService: MediaPlayerService::getOMX
11-14 00:07:29.787  3611  6252 I OMXClient: MuxOMX ctor
11-14 00:07:29.787  3611  6252 E ACodec  : Unable to instantiate a decoder for type 'audio/vorbis' with err 0xfffffffe.
11-14 00:07:29.787  3611  6252 E ACodec  : signalError(omxError 0xfffffffe, internalError -2)
11-14 00:07:29.787  3611  6252 E MediaCodec: Codec reported err 0xfffffffe, actionCode 0, while in state 1
11-14 00:07:29.788  3611  6249 E SoundPool: Unable to load sample
11-14 00:07:29.793  3611  3669 I ActivityManager: START u0 {act=com.cyanogenmod.setupwizard.LINEAGE_LOCKSCREEN_SETTINGS flg=0x4000000 cmp=com.cyanogenmod.setupwizard/.ScreenLockActivity (has extras)} from uid 1000 on display 0
11-14 00:07:29.854  5447  5502 D mali_winsys: EGLint new_window_surface(egl_winsys_display*, void*, EGLSurface, EGLConfig, egl_winsys_surface**, egl_color_buffer_format*, EGLBoolean) returns 0x3000,  [1440x2960]-format:1
11-14 00:07:29.953  3611  3678 I ActivityManager: Displayed com.cyanogenmod.setupwizard/.ScreenLockActivity: +153ms (total +176ms)
11-14 00:07:30.288  5447  5447 I art     : Starting a blocking GC Explicit
11-14 00:07:30.312  5447  5447 I art     : Explicit concurrent mark sweep GC freed 987(72KB) AllocSpace objects, 0(0B) LOS objects, 40% free, 8MB/13MB, paused 404us total 24.341ms
11-14 00:07:30.313  5447  5447 I art     : Starting a blocking GC Explicit
11-14 00:07:30.333  5447  5447 I art     : Explicit concurrent mark sweep GC freed 363(30KB) AllocSpace objects, 0(0B) LOS objects, 40% free, 8MB/13MB, paused 250us total 19.806ms
11-14 00:07:30.643  3611  3668 I ActivityManager: START u0 {act=com.android.wizard.NEXT cmp=com.cyanogenmod.setupwizard/.wizardmanager.WizardManager (has extras)} from uid 1000 on display 0
11-14 00:07:30.652  3180  3248 I MediaPlayerService: MediaPlayerService::getOMX
11-14 00:07:30.653  3611  6257 I OMXClient: MuxOMX ctor
11-14 00:07:30.654  3611  6257 E ACodec  : Unable to instantiate a decoder for type 'audio/vorbis' with err 0xfffffffe.
11-14 00:07:30.654  3611  6257 E ACodec  : signalError(omxError 0xfffffffe, internalError -2)
11-14 00:07:30.654  3611  6257 E MediaCodec: Codec reported err 0xfffffffe, actionCode 0, while in state 1
11-14 00:07:30.654  3611  6255 E SoundPool: Unable to load sample
11-14 00:07:30.660  3611  4680 W AudioService: onLoadSoundEffects(), Error -2147483648 while loading samples
11-14 00:07:30.661  3611  3668 I ActivityManager: START u0 {act=com.cyanogenmod.setupwizard.LINEAGE_SETUP_COMPLETE flg=0x4000000 cmp=com.cyanogenmod.setupwizard/.FinishActivity (has extras)} from uid 1000 on display 0
11-14 00:07:30.663  3180  4868 I MediaPlayerService: MediaPlayerService::getOMX
11-14 00:07:30.664  3611  6258 I OMXClient: MuxOMX ctor
11-14 00:07:30.664  3611  6258 E ACodec  : Unable to instantiate a decoder for type 'audio/vorbis' with err 0xfffffffe.
11-14 00:07:30.664  3611  6258 E ACodec  : signalError(omxError 0xfffffffe, internalError -2)
11-14 00:07:30.664  3611  6258 E MediaCodec: Codec reported err 0xfffffffe, actionCode 0, while in state 1
11-14 00:07:30.664  3611  6255 E SoundPool: Unable to load sample
11-14 00:07:30.720  5447  5502 D mali_winsys: EGLint new_window_surface(egl_winsys_display*, void*, EGLSurface, EGLConfig, egl_winsys_surface**, egl_color_buffer_format*, EGLBoolean) returns 0x3000,  [1440x2960]-format:1
11-14 00:07:30.763  3611  3678 I ActivityManager: Displayed com.cyanogenmod.setupwizard/.FinishActivity: +94ms (total +114ms)
11-14 00:07:31.089  5447  5447 I art     : Starting a blocking GC Explicit
11-14 00:07:31.110  5447  5447 I art     : Explicit concurrent mark sweep GC freed 802(78KB) AllocSpace objects, 0(0B) LOS objects, 40% free, 8MB/13MB, paused 214us total 20.805ms
11-14 00:07:31.111  5447  5447 I art     : Starting a blocking GC Explicit
11-14 00:07:31.130  5447  5447 I art     : Explicit concurrent mark sweep GC freed 335(27KB) AllocSpace objects, 0(0B) LOS objects, 40% free, 8MB/13MB, paused 220us total 19.371ms
11-14 00:07:31.484  3180  3180 I MediaPlayerService: MediaPlayerService::getOMX
11-14 00:07:31.485  3611  6262 I OMXClient: MuxOMX ctor
11-14 00:07:31.486  3611  6262 E ACodec  : Unable to instantiate a decoder for type 'audio/vorbis' with err 0xfffffffe.
11-14 00:07:31.486  3611  6262 E ACodec  : signalError(omxError 0xfffffffe, internalError -2)
11-14 00:07:31.486  3611  6262 E MediaCodec: Codec reported err 0xfffffffe, actionCode 0, while in state 1
11-14 00:07:31.486  3611  6260 E SoundPool: Unable to load sample
11-14 00:07:31.487  3611  4680 W AudioService: onLoadSoundEffects(), Error -2147483648 while loading samples
11-14 00:07:31.499  3180  4865 I MediaPlayerService: MediaPlayerService::getOMX
11-14 00:07:31.499  3611  6263 I OMXClient: MuxOMX ctor
11-14 00:07:31.500  3611  6263 E ACodec  : Unable to instantiate a decoder for type 'audio/vorbis' with err 0xfffffffe.
11-14 00:07:31.500  3611  6263 E ACodec  : signalError(omxError 0xfffffffe, internalError -2)
11-14 00:07:31.500  3611  6263 E MediaCodec: Codec reported err 0xfffffffe, actionCode 0, while in state 1
11-14 00:07:31.500  3611  6260 E SoundPool: Unable to load sample
11-14 00:07:32.560  3611  4796 W ActivityManager: Finishing task with all activities already finished
11-14 00:07:32.560  3611  4796 W ActivityManager: Duplicate finish request for ActivityRecord{c585b72 u0 com.cyanogenmod.setupwizard/.FinishActivity t4 f}
11-14 00:07:32.566  3611  4778 I ActivityManager: START u0 {act=com.android.wizard.NEXT cmp=com.cyanogenmod.setupwizard/.wizardmanager.WizardManager (has extras)} from uid 1000 on display 0
11-14 00:07:32.567  3611  4778 W ActivityManager: startActivity called from finishing ActivityRecord{c585b72 u0 com.cyanogenmod.setupwizard/.FinishActivity t4 f}; forcing Intent.FLAG_ACTIVITY_NEW_TASK for: Intent { act=com.android.wizard.NEXT flg=0x800000 cmp=com.cyanogenmod.setupwizard/.wizardmanager.WizardManager (has extras) }
11-14 00:07:33.056  3611  3678 W art     : Long monitor contention with owner Binder:3611_5 (4946) at android.graphics.Bitmap com.android.server.wm.WindowManagerService.screenshotApplicationsInner(android.os.IBinder, int, int, int, boolean, float, android.graphics.Bitmap$Config, boolean)(WindowManagerService.java:6509) waiters=0 in void com.android.server.wm.WindowAnimator$1.doFrame(long) for 151ms
11-14 00:07:33.069  3611  4946 I WindowManager: Failed to capture screenshot of Token{260673f ActivityRecord{9ce375e u0 com.cyanogenmod.setupwizard/.LocationSettingsActivity t4 f}} appWin=Window{ac26b6a u0 com.cyanogenmod.setupwizard/com.cyanogenmod.setupwizard.LocationSettingsActivity} drawState=4
11-14 00:07:33.070  3611  4946 I WindowManager: Failed to capture screenshot of Token{a1dae61 ActivityRecord{b597dc8 u0 com.cyanogenmod.setupwizard/.MobileDataActivity t4 f}} appWin=Window{f6cae74 u0 com.cyanogenmod.setupwizard/com.cyanogenmod.setupwizard.MobileDataActivity} drawState=4
11-14 00:07:33.070  3611  4946 I WindowManager: Failed to capture screenshot of Token{3782db4 ActivityRecord{be9ea87 u0 com.cyanogenmod.setupwizard/.WifiSetupActivity t4 f}} appWin=Window{661c329 u0 com.cyanogenmod.setupwizard/com.cyanogenmod.setupwizard.WifiSetupActivity} drawState=4
11-14 00:07:33.083  3611  3611 W art     : Long monitor contention with owner Binder:3611_5 (4946) at void com.android.server.am.ActivityManagerService.activityPaused(android.os.IBinder)(ActivityManagerService.java:7131) waiters=1 in int com.android.server.am.ActivityManagerService.broadcastIntent(android.app.IApplicationThread, android.content.Intent, java.lang.String, android.content.IIntentReceiver, int, java.lang.String, android.os.Bundle, java.lang.String[], int, android.os.Bundle, boolean, boolean, int) for 322ms
11-14 00:07:33.132  3611  4796 I ActivityManager: START u0 {act=com.cyanogenmod.setupwizard.EXIT flg=0x4000000 cmp=com.cyanogenmod.setupwizard/.SetupWizardExitActivity (has extras)} from uid 1000 on display 0
11-14 00:07:33.161  5447  5447 I SetupWizardApp: Enabling notfications - StatusBarManager
11-14 00:07:33.166  3611  3668 I ActivityManager: START u0 {act=android.intent.action.MAIN cat=[android.intent.category.HOME] flg=0x10008000 cmp=com.cyanogenmod.setupwizard/.SetupWizardActivity} from uid 1000 on display 0
11-14 00:07:33.174  5447  5447 W ContextImpl: Calling a method in the system process without a qualified user: android.app.ContextImpl.startService:1357 android.content.ContextWrapper.startService:613 com.cyanogenmod.setupwizard.SetupWizardExitActivity.onCreate:53 android.app.Activity.performCreate:6684 android.app.Instrumentation.callActivityOnCreate:1119 
11-14 00:07:33.203  3611  4947 I ActivityManager: START u0 {act=com.android.wizard.LOAD flg=0x10000001 cmp=com.cyanogenmod.setupwizard/.wizardmanager.WizardManager (has extras)} from uid 1000 on display 0
11-14 00:07:33.222  3611  3670 I RetailDemoModeService: Deleting contents of /data/preloads
11-14 00:07:33.234  4906  4906 D TelephonyProvider: subIdString = 1 subId = 1
11-14 00:07:33.237  3611  3611 I DevicePolicyManagerService: Set ro.device_owner property to false
11-14 00:07:33.247  3611  5371 I ActivityManager: START u0 {act=com.cyanogenmod.setupwizard.LINEAGE_WELCOME flg=0x4000000 cmp=com.cyanogenmod.setupwizard/.WelcomeActivity (has extras)} from uid 1000 on display 0
11-14 00:07:33.247  5364  6271 W Settings: Setting device_provisioned has moved from android.provider.Settings.Secure to android.provider.Settings.Global.
11-14 00:07:33.249  5364  6271 D NfcService: Discovery configuration equal, not updating.
11-14 00:07:33.341  5447  5447 I BaseSetupWizardActivity: Starting activity with USER_SETUP_COMPLETE=true
11-14 00:07:33.345  3611  3669 I ActivityManager: START u0 {cmp=com.cyanogenmod.setupwizard/.SetupWizardExitActivity (has extras)} from uid 1000 on display 0
11-14 00:07:33.356  3611  4947 I ActivityManager: START u0 {act=android.intent.action.MAIN cat=[android.intent.category.HOME] flg=0x10000100 cmp=com.cyanogenmod.trebuchet/com.android.launcher3.Launcher} from uid 0 on display 0
11-14 00:07:33.368  3611  3668 W ActivityManager: Finishing task with all activities already finished
11-14 00:07:33.369  3611  3668 W ActivityManager: Duplicate finish request for ActivityRecord{6e3dbcd u0 com.cyanogenmod.setupwizard/.WelcomeActivity t7 f}
11-14 00:07:33.439  3075  3075 W auditd  : type=1327 audit(0.0:350): proctitle="com.cyanogenmod.trebuchet"
11-14 00:07:33.439  3075  3075 W auditd  : type=1320 audit(0.0:350): 
11-14 00:07:33.443  3075  3075 W auditd  : type=1327 audit(0.0:351): proctitle="com.cyanogenmod.trebuchet"
11-14 00:07:33.443  3075  3075 W auditd  : type=1320 audit(0.0:351): 
11-14 00:07:33.595  6288  6288 I chatty  : uid=10027(com.cyanogenmod.trebuchet) launcher-loader expire 2 lines
11-14 00:07:33.595  3075  3075 W auditd  : type=1327 audit(0.0:352): proctitle="com.cyanogenmod.trebuchet"
11-14 00:07:33.595  3075  3075 W auditd  : type=1320 audit(0.0:352): 
11-14 00:07:33.597  5864  6288 I chatty  : uid=10027(com.cyanogenmod.trebuchet) launcher-loader expire 8 lines
11-14 00:07:33.684  5864  6291 I chatty  : uid=10027(com.cyanogenmod.trebuchet) RenderThread expire 3 lines
11-14 00:07:33.789  5864  6288 I chatty  : uid=10027(com.cyanogenmod.trebuchet) launcher-loader expire 2 lines
11-14 00:07:33.795  5864  6288 E AutoInstalls: Unable to add favorite: com.google.android.calendar/com.android.calendar.AllInOneActivity
11-14 00:07:33.795  5864  6288 E AutoInstalls: android.content.pm.PackageManager$NameNotFoundException: ComponentInfo{com.google.android.calendar/com.android.calendar.AllInOneActivity}
11-14 00:07:33.795  5864  6288 E AutoInstalls: 	at android.app.ApplicationPackageManager.getActivityInfo(ApplicationPackageManager.java:391)
11-14 00:07:33.795  5864  6288 E AutoInstalls: 	at com.android.launcher3.AutoInstallsLayout$AppShortcutParser.parseAndAdd(AutoInstallsLayout.java:347)
11-14 00:07:33.795  5864  6288 E AutoInstalls: 	at com.android.launcher3.AutoInstallsLayout$FolderParser.parseAndAdd(AutoInstallsLayout.java:595)
11-14 00:07:33.795  5864  6288 E AutoInstalls: 	at com.android.launcher3.DefaultLayoutParser$MyFolderParser.parseAndAdd(DefaultLayoutParser.java:271)
11-14 00:07:33.795  5864  6288 E AutoInstalls: 	at com.android.launcher3.AutoInstallsLayout.parseAndAddNode(AutoInstallsLayout.java:272)
11-14 00:07:33.795  5864  6288 E AutoInstalls: 	at com.android.launcher3.AutoInstallsLayout.parseLayout(AutoInstallsLayout.java:217)
11-14 00:07:33.795  5864  6288 E AutoInstalls: 	at com.android.launcher3.AutoInstallsLayout.loadLayout(AutoInstallsLayout.java:193)
11-14 00:07:33.795  5864  6288 E AutoInstalls: 	at com.android.launcher3.LauncherProvider$DatabaseHelper.loadFavorites(LauncherProvider.java:1292)
11-14 00:07:33.795  5864  6288 E AutoInstalls: 	at com.android.launcher3.LauncherProvider.loadDefaultFavoritesIfNecessary(LauncherProvider.java:406)
11-14 00:07:33.795  5864  6288 E AutoInstalls: 	at com.android.launcher3.LauncherModel$LoaderTask.loadWorkspace(LauncherModel.java:1964)
11-14 00:07:33.795  5864  6288 E AutoInstalls: 	at com.android.launcher3.LauncherModel$LoaderTask.loadAndBindWorkspace(LauncherModel.java:1555)
11-14 00:07:33.795  5864  6288 E AutoInstalls: 	at com.android.launcher3.LauncherModel$LoaderTask.run(LauncherModel.java:1652)
11-14 00:07:33.795  5864  6288 E AutoInstalls: 	at android.os.Handler.handleCallback(Handler.java:751)
11-14 00:07:33.795  5864  6288 E AutoInstalls: 	at android.os.Handler.dispatchMessage(Handler.java:95)
11-14 00:07:33.795  5864  6288 E AutoInstalls: 	at android.os.Looper.loop(Looper.java:154)
11-14 00:07:33.795  5864  6288 E AutoInstalls: 	at android.os.HandlerThread.run(HandlerThread.java:61)
11-14 00:07:33.799  5864  6288 E AutoInstalls: Unable to add favorite: com.google.android.apps.plus/com.google.android.apps.plus.phone.HomeActivity
11-14 00:07:33.799  5864  6288 E AutoInstalls: android.content.pm.PackageManager$NameNotFoundException: ComponentInfo{com.google.android.apps.plus/com.google.android.apps.plus.phone.HomeActivity}
11-14 00:07:33.799  5864  6288 E AutoInstalls: 	at android.app.ApplicationPackageManager.getActivityInfo(ApplicationPackageManager.java:391)
11-14 00:07:33.799  5864  6288 E AutoInstalls: 	at com.android.launcher3.AutoInstallsLayout$AppShortcutParser.parseAndAdd(AutoInstallsLayout.java:347)
11-14 00:07:33.799  5864  6288 E AutoInstalls: 	at com.android.launcher3.AutoInstallsLayout$FolderParser.parseAndAdd(AutoInstallsLayout.java:595)
11-14 00:07:33.799  5864  6288 E AutoInstalls: 	at com.android.launcher3.DefaultLayoutParser$MyFolderParser.parseAndAdd(DefaultLayoutParser.java:271)
11-14 00:07:33.799  5864  6288 E AutoInstalls: 	at com.android.launcher3.AutoInstallsLayout.parseAndAddNode(AutoInstallsLayout.java:272)
11-14 00:07:33.799  5864  6288 E AutoInstalls: 	at com.android.launcher3.AutoInstallsLayout.parseLayout(AutoInstallsLayout.java:217)
11-14 00:07:33.799  5864  6288 E AutoInstalls: 	at com.android.launcher3.AutoInstallsLayout.loadLayout(AutoInstallsLayout.java:193)
11-14 00:07:33.799  5864  6288 E AutoInstalls: 	at com.android.launcher3.LauncherProvider$DatabaseHelper.loadFavorites(LauncherProvider.java:1292)
11-14 00:07:33.799  5864  6288 E AutoInstalls: 	at com.android.launcher3.LauncherProvider.loadDefaultFavoritesIfNecessary(LauncherProvider.java:406)
11-14 00:07:33.799  5864  6288 E AutoInstalls: 	at com.android.launcher3.LauncherModel$LoaderTask.loadWorkspace(LauncherModel.java:1964)
11-14 00:07:33.799  5864  6288 E AutoInstalls: 	at com.android.launcher3.LauncherModel$LoaderTask.loadAndBindWorkspace(LauncherModel.java:1555)
11-14 00:07:33.799  5864  6288 E AutoInstalls: 	at com.android.launcher3.LauncherModel$LoaderTask.run(LauncherModel.java:1652)
11-14 00:07:33.799  5864  6288 E AutoInstalls: 	at android.os.Handler.handleCallback(Handler.java:751)
11-14 00:07:33.799  5864  6288 E AutoInstalls: 	at android.os.Handler.dispatchMessage(Handler.java:95)
11-14 00:07:33.799  5864  6288 E AutoInstalls: 	at android.os.Looper.loop(Looper.java:154)
11-14 00:07:33.799  5864  6288 E AutoInstalls: 	at android.os.HandlerThread.run(HandlerThread.java:61)
11-14 00:07:33.829  5864  6288 E AutoInstalls: Unable to add favorite: com.google.android.music/com.android.music.activitymanagement.TopLevelActivity
11-14 00:07:33.829  5864  6288 E AutoInstalls: android.content.pm.PackageManager$NameNotFoundException: ComponentInfo{com.google.android.music/com.android.music.activitymanagement.TopLevelActivity}
11-14 00:07:33.829  5864  6288 E AutoInstalls: 	at android.app.ApplicationPackageManager.getActivityInfo(ApplicationPackageManager.java:391)
11-14 00:07:33.829  5864  6288 E AutoInstalls: 	at com.android.launcher3.AutoInstallsLayout$AppShortcutParser.parseAndAdd(AutoInstallsLayout.java:347)
11-14 00:07:33.829  5864  6288 E AutoInstalls: 	at com.android.launcher3.AutoInstallsLayout$FolderParser.parseAndAdd(AutoInstallsLayout.java:595)
11-14 00:07:33.829  5864  6288 E AutoInstalls: 	at com.android.launcher3.DefaultLayoutParser$MyFolderParser.parseAndAdd(DefaultLayoutParser.java:271)
11-14 00:07:33.829  5864  6288 E AutoInstalls: 	at com.android.launcher3.AutoInstallsLayout.parseAndAddNode(AutoInstallsLayout.java:272)
11-14 00:07:33.829  5864  6288 E AutoInstalls: 	at com.android.launcher3.AutoInstallsLayout.parseLayout(AutoInstallsLayout.java:217)
11-14 00:07:33.829  5864  6288 E AutoInstalls: 	at com.android.launcher3.AutoInstallsLayout.loadLayout(AutoInstallsLayout.java:193)
11-14 00:07:33.829  5864  6288 E AutoInstalls: 	at com.android.launcher3.LauncherProvider$DatabaseHelper.loadFavorites(LauncherProvider.java:1292)
11-14 00:07:33.829  5864  6288 E AutoInstalls: 	at com.android.launcher3.LauncherProvider.loadDefaultFavoritesIfNecessary(LauncherProvider.java:406)
11-14 00:07:33.829  5864  6288 E AutoInstalls: 	at com.android.launcher3.LauncherModel$LoaderTask.loadWorkspace(LauncherModel.java:1964)
11-14 00:07:33.829  5864  6288 E AutoInstalls: 	at com.android.launcher3.LauncherModel$LoaderTask.loadAndBindWorkspace(LauncherModel.java:1555)
11-14 00:07:33.829  5864  6288 E AutoInstalls: 	at com.android.launcher3.LauncherModel$LoaderTask.run(LauncherModel.java:1652)
11-14 00:07:33.829  5864  6288 E AutoInstalls: 	at android.os.Handler.handleCallback(Handler.java:751)
11-14 00:07:33.829  5864  6288 E AutoInstalls: 	at android.os.Handler.dispatchMessage(Handler.java:95)
11-14 00:07:33.829  5864  6288 E AutoInstalls: 	at android.os.Looper.loop(Looper.java:154)
11-14 00:07:33.829  5864  6288 E AutoInstalls: 	at android.os.HandlerThread.run(HandlerThread.java:61)
11-14 00:07:33.831  5864  6288 E AutoInstalls: Unable to add favorite: com.google.android.videos/com.google.android.youtube.videos.EntryPoint
11-14 00:07:33.831  5864  6288 E AutoInstalls: android.content.pm.PackageManager$NameNotFoundException: ComponentInfo{com.google.android.videos/com.google.android.youtube.videos.EntryPoint}
11-14 00:07:33.831  5864  6288 E AutoInstalls: 	at android.app.ApplicationPackageManager.getActivityInfo(ApplicationPackageManager.java:391)
11-14 00:07:33.831  5864  6288 E AutoInstalls: 	at com.android.launcher3.AutoInstallsLayout$AppShortcutParser.parseAndAdd(AutoInstallsLayout.java:347)
11-14 00:07:33.831  5864  6288 E AutoInstalls: 	at com.android.launcher3.AutoInstallsLayout$FolderParser.parseAndAdd(AutoInstallsLayout.java:595)
11-14 00:07:33.831  5864  6288 E AutoInstalls: 	at com.android.launcher3.DefaultLayoutParser$MyFolderParser.parseAndAdd(DefaultLayoutParser.java:271)
11-14 00:07:33.831  5864  6288 E AutoInstalls: 	at com.android.launcher3.AutoInstallsLayout.parseAndAddNode(AutoInstallsLayout.java:272)
11-14 00:07:33.831  5864  6288 E AutoInstalls: 	at com.android.launcher3.AutoInstallsLayout.parseLayout(AutoInstallsLayout.java:217)
11-14 00:07:33.831  5864  6288 E AutoInstalls: 	at com.android.launcher3.AutoInstallsLayout.loadLayout(AutoInstallsLayout.java:193)
11-14 00:07:33.831  5864  6288 E AutoInstalls: 	at com.android.launcher3.LauncherProvider$DatabaseHelper.loadFavorites(LauncherProvider.java:1292)
11-14 00:07:33.831  5864  6288 E AutoInstalls: 	at com.android.launcher3.LauncherProvider.loadDefaultFavoritesIfNecessary(LauncherProvider.java:406)
11-14 00:07:33.831  5864  6288 E AutoInstalls: 	at com.android.launcher3.LauncherModel$LoaderTask.loadWorkspace(LauncherModel.java:1964)
11-14 00:07:33.831  5864  6288 E AutoInstalls: 	at com.android.launcher3.LauncherModel$LoaderTask.loadAndBindWorkspace(LauncherModel.java:1555)
11-14 00:07:33.831  5864  6288 E AutoInstalls: 	at com.android.launcher3.LauncherModel$LoaderTask.run(LauncherModel.java:1652)
11-14 00:07:33.831  5864  6288 E AutoInstalls: 	at android.os.Handler.handleCallback(Handler.java:751)
11-14 00:07:33.831  5864  6288 E AutoInstalls: 	at android.os.Handler.dispatchMessage(Handler.java:95)
11-14 00:07:33.831  5864  6288 E AutoInstalls: 	at android.os.Looper.loop(Looper.java:154)
11-14 00:07:33.831  5864  6288 E AutoInstalls: 	at android.os.HandlerThread.run(HandlerThread.java:61)
11-14 00:07:33.833  5864  6288 E AutoInstalls: Unable to add favorite: com.google.android.play.games/com.google.android.gms.games.ui.destination.main.MainActivity
11-14 00:07:33.833  5864  6288 E AutoInstalls: android.content.pm.PackageManager$NameNotFoundException: ComponentInfo{com.google.android.play.games/com.google.android.gms.games.ui.destination.main.MainActivity}
11-14 00:07:33.833  5864  6288 E AutoInstalls: 	at android.app.ApplicationPackageManager.getActivityInfo(ApplicationPackageManager.java:391)
11-14 00:07:33.833  5864  6288 E AutoInstalls: 	at com.android.launcher3.AutoInstallsLayout$AppShortcutParser.parseAndAdd(AutoInstallsLayout.java:347)
11-14 00:07:33.833  5864  6288 E AutoInstalls: 	at com.android.launcher3.AutoInstallsLayout$FolderParser.parseAndAdd(AutoInstallsLayout.java:595)
11-14 00:07:33.833  5864  6288 E AutoInstalls: 	at com.android.launcher3.DefaultLayoutParser$MyFolderParser.parseAndAdd(DefaultLayoutParser.java:271)
11-14 00:07:33.833  5864  6288 E AutoInstalls: 	at com.android.launcher3.AutoInstallsLayout.parseAndAddNode(AutoInstallsLayout.java:272)
11-14 00:07:33.833  5864  6288 E AutoInstalls: 	at com.android.launcher3.AutoInstallsLayout.parseLayout(AutoInstallsLayout.java:217)
11-14 00:07:33.833  5864  6288 E AutoInstalls: 	at com.android.launcher3.AutoInstallsLayout.loadLayout(AutoInstallsLayout.java:193)
11-14 00:07:33.833  5864  6288 E AutoInstalls: 	at com.android.launcher3.LauncherProvider$DatabaseHelper.loadFavorites(LauncherProvider.java:1292)
11-14 00:07:33.833  5864  6288 E AutoInstalls: 	at com.android.launcher3.LauncherProvider.loadDefaultFavoritesIfNecessary(LauncherProvider.java:406)
11-14 00:07:33.833  5864  6288 E AutoInstalls: 	at com.android.launcher3.LauncherModel$LoaderTask.loadWorkspace(LauncherModel.java:1964)
11-14 00:07:33.833  5864  6288 E AutoInstalls: 	at com.android.launcher3.LauncherModel$LoaderTask.loadAndBindWorkspace(LauncherModel.java:1555)
11-14 00:07:33.833  5864  6288 E AutoInstalls: 	at com.android.launcher3.LauncherModel$LoaderTask.run(LauncherModel.java:1652)
11-14 00:07:33.833  5864  6288 E AutoInstalls: 	at android.os.Handler.handleCallback(Handler.java:751)
11-14 00:07:33.833  5864  6288 E AutoInstalls: 	at android.os.Handler.dispatchMessage(Handler.java:95)
11-14 00:07:33.833  5864  6288 E AutoInstalls: 	at android.os.Looper.loop(Looper.java:154)
11-14 00:07:33.833  5864  6288 E AutoInstalls: 	at android.os.HandlerThread.run(HandlerThread.java:61)
11-14 00:07:33.835  5864  6288 E AutoInstalls: Unable to add favorite: com.google.android.apps.books/com.google.android.apps.books.app.BooksActivity
11-14 00:07:33.835  5864  6288 E AutoInstalls: android.content.pm.PackageManager$NameNotFoundException: ComponentInfo{com.google.android.apps.books/com.google.android.apps.books.app.BooksActivity}
11-14 00:07:33.835  5864  6288 E AutoInstalls: 	at android.app.ApplicationPackageManager.getActivityInfo(ApplicationPackageManager.java:391)
11-14 00:07:33.835  5864  6288 E AutoInstalls: 	at com.android.launcher3.AutoInstallsLayout$AppShortcutParser.parseAndAdd(AutoInstallsLayout.java:347)
11-14 00:07:33.835  5864  6288 E AutoInstalls: 	at com.android.launcher3.AutoInstallsLayout$FolderParser.parseAndAdd(AutoInstallsLayout.java:595)
11-14 00:07:33.835  5864  6288 E AutoInstalls: 	at com.android.launcher3.DefaultLayoutParser$MyFolderParser.parseAndAdd(DefaultLayoutParser.java:271)
11-14 00:07:33.835  5864  6288 E AutoInstalls: 	at com.android.launcher3.AutoInstallsLayout.parseAndAddNode(AutoInstallsLayout.java:272)
11-14 00:07:33.835  5864  6288 E AutoInstalls: 	at com.android.launcher3.AutoInstallsLayout.parseLayout(AutoInstallsLayout.java:217)
11-14 00:07:33.835  5864  6288 E AutoInstalls: 	at com.android.launcher3.AutoInstallsLayout.loadLayout(AutoInstallsLayout.java:193)
11-14 00:07:33.835  5864  6288 E AutoInstalls: 	at com.android.launcher3.LauncherProvider$DatabaseHelper.loadFavorites(LauncherProvider.java:1292)
11-14 00:07:33.835  5864  6288 E AutoInstalls: 	at com.android.launcher3.LauncherProvider.loadDefaultFavoritesIfNecessary(LauncherProvider.java:406)
11-14 00:07:33.835  5864  6288 E AutoInstalls: 	at com.android.launcher3.LauncherModel$LoaderTask.loadWorkspace(LauncherModel.java:1964)
11-14 00:07:33.835  5864  6288 E AutoInstalls: 	at com.android.launcher3.LauncherModel$LoaderTask.loadAndBindWorkspace(LauncherModel.java:1555)
11-14 00:07:33.835  5864  6288 E AutoInstalls: 	at com.android.launcher3.LauncherModel$LoaderTask.run(LauncherModel.java:1652)
11-14 00:07:33.835  5864  6288 E AutoInstalls: 	at android.os.Handler.handleCallback(Handler.java:751)
11-14 00:07:33.835  5864  6288 E AutoInstalls: 	at android.os.Handler.dispatchMessage(Handler.java:95)
11-14 00:07:33.835  5864  6288 E AutoInstalls: 	at android.os.Looper.loop(Looper.java:154)
11-14 00:07:33.835  5864  6288 E AutoInstalls: 	at android.os.HandlerThread.run(HandlerThread.java:61)
11-14 00:07:33.838  5864  6288 E AutoInstalls: Unable to add favorite: com.google.android.apps.magazines/com.google.apps.dots.android.app.activity.CurrentsStartActivity
11-14 00:07:33.838  5864  6288 E AutoInstalls: android.content.pm.PackageManager$NameNotFoundException: ComponentInfo{com.google.android.apps.magazines/com.google.apps.dots.android.app.activity.CurrentsStartActivity}
11-14 00:07:33.838  5864  6288 E AutoInstalls: 	at android.app.ApplicationPackageManager.getActivityInfo(ApplicationPackageManager.java:391)
11-14 00:07:33.838  5864  6288 E AutoInstalls: 	at com.android.launcher3.AutoInstallsLayout$AppShortcutParser.parseAndAdd(AutoInstallsLayout.java:347)
11-14 00:07:33.838  5864  6288 E AutoInstalls: 	at com.android.launcher3.AutoInstallsLayout$FolderParser.parseAndAdd(AutoInstallsLayout.java:595)
11-14 00:07:33.838  5864  6288 E AutoInstalls: 	at com.android.launcher3.DefaultLayoutParser$MyFolderParser.parseAndAdd(DefaultLayoutParser.java:271)
11-14 00:07:33.838  5864  6288 E AutoInstalls: 	at com.android.launcher3.AutoInstallsLayout.parseAndAddNode(AutoInstallsLayout.java:272)
11-14 00:07:33.838  5864  6288 E AutoInstalls: 	at com.android.launcher3.AutoInstallsLayout.parseLayout(AutoInstallsLayout.java:217)
11-14 00:07:33.838  5864  6288 E AutoInstalls: 	at com.android.launcher3.AutoInstallsLayout.loadLayout(AutoInstallsLayout.java:193)
11-14 00:07:33.838  5864  6288 E AutoInstalls: 	at com.android.launcher3.LauncherProvider$DatabaseHelper.loadFavorites(LauncherProvider.java:1292)
11-14 00:07:33.838  5864  6288 E AutoInstalls: 	at com.android.launcher3.LauncherProvider.loadDefaultFavoritesIfNecessary(LauncherProvider.java:406)
11-14 00:07:33.838  5864  6288 E AutoInstalls: 	at com.android.launcher3.LauncherModel$LoaderTask.loadWorkspace(LauncherModel.java:1964)
11-14 00:07:33.838  5864  6288 E AutoInstalls: 	at com.android.launcher3.LauncherModel$LoaderTask.loadAndBindWorkspace(LauncherModel.java:1555)
11-14 00:07:33.838  5864  6288 E AutoInstalls: 	at com.android.launcher3.LauncherModel$LoaderTask.run(LauncherModel.java:1652)
11-14 00:07:33.838  5864  6288 E AutoInstalls: 	at android.os.Handler.handleCallback(Handler.java:751)
11-14 00:07:33.838  5864  6288 E AutoInstalls: 	at android.os.Handler.dispatchMessage(Handler.java:95)
11-14 00:07:33.838  5864  6288 E AutoInstalls: 	at android.os.Looper.loop(Looper.java:154)
11-14 00:07:33.838  5864  6288 E AutoInstalls: 	at android.os.HandlerThread.run(HandlerThread.java:61)
11-14 00:07:33.852  5864  6288 E AutoInstalls: Unable to add favorite: com.cyngn.themestore/com.cyngn.themestore.ui.StoreActivity
11-14 00:07:33.852  5864  6288 E AutoInstalls: android.content.pm.PackageManager$NameNotFoundException: ComponentInfo{com.cyngn.themestore/com.cyngn.themestore.ui.StoreActivity}
11-14 00:07:33.852  5864  6288 E AutoInstalls: 	at android.app.ApplicationPackageManager.getActivityInfo(ApplicationPackageManager.java:391)
11-14 00:07:33.852  5864  6288 E AutoInstalls: 	at com.android.launcher3.AutoInstallsLayout$AppShortcutParser.parseAndAdd(AutoInstallsLayout.java:347)
11-14 00:07:33.852  5864  6288 E AutoInstalls: 	at com.android.launcher3.AutoInstallsLayout.parseAndAddNode(AutoInstallsLayout.java:272)
11-14 00:07:33.852  5864  6288 E AutoInstalls: 	at com.android.launcher3.AutoInstallsLayout.parseLayout(AutoInstallsLayout.java:217)
11-14 00:07:33.852  5864  6288 E AutoInstalls: 	at com.android.launcher3.AutoInstallsLayout.loadLayout(AutoInstallsLayout.java:193)
11-14 00:07:33.852  5864  6288 E AutoInstalls: 	at com.android.launcher3.LauncherProvider$DatabaseHelper.loadFavorites(LauncherProvider.java:1292)
11-14 00:07:33.852  5864  6288 E AutoInstalls: 	at com.android.launcher3.LauncherProvider.loadDefaultFavoritesIfNecessary(LauncherProvider.java:406)
11-14 00:07:33.852  5864  6288 E AutoInstalls: 	at com.android.launcher3.LauncherModel$LoaderTask.loadWorkspace(LauncherModel.java:1964)
11-14 00:07:33.852  5864  6288 E AutoInstalls: 	at com.android.launcher3.LauncherModel$LoaderTask.loadAndBindWorkspace(LauncherModel.java:1555)
11-14 00:07:33.852  5864  6288 E AutoInstalls: 	at com.android.launcher3.LauncherModel$LoaderTask.run(LauncherModel.java:1652)
11-14 00:07:33.852  5864  6288 E AutoInstalls: 	at android.os.Handler.handleCallback(Handler.java:751)
11-14 00:07:33.852  5864  6288 E AutoInstalls: 	at android.os.Handler.dispatchMessage(Handler.java:95)
11-14 00:07:33.852  5864  6288 E AutoInstalls: 	at android.os.Looper.loop(Looper.java:154)
11-14 00:07:33.852  5864  6288 E AutoInstalls: 	at android.os.HandlerThread.run(HandlerThread.java:61)
11-14 00:07:33.854  5864  6288 E AutoInstalls: Unable to add favorite: com.android.vending/com.android.vending.AssetBrowserActivity
11-14 00:07:33.854  5864  6288 E AutoInstalls: android.content.pm.PackageManager$NameNotFoundException: ComponentInfo{com.android.vending/com.android.vending.AssetBrowserActivity}
11-14 00:07:33.854  5864  6288 E AutoInstalls: 	at android.app.ApplicationPackageManager.getActivityInfo(ApplicationPackageManager.java:391)
11-14 00:07:33.854  5864  6288 E AutoInstalls: 	at com.android.launcher3.AutoInstallsLayout$AppShortcutParser.parseAndAdd(AutoInstallsLayout.java:347)
11-14 00:07:33.854  5864  6288 E AutoInstalls: 	at com.android.launcher3.DefaultLayoutParser$ResolveParser.parseAndAdd(DefaultLayoutParser.java:222)
11-14 00:07:33.854  5864  6288 E AutoInstalls: 	at com.android.launcher3.AutoInstallsLayout.parseAndAddNode(AutoInstallsLayout.java:272)
11-14 00:07:33.854  5864  6288 E AutoInstalls: 	at com.android.launcher3.AutoInstallsLayout.parseLayout(AutoInstallsLayout.java:217)
11-14 00:07:33.854  5864  6288 E AutoInstalls: 	at com.android.launcher3.AutoInstallsLayout.loadLayout(AutoInstallsLayout.java:193)
11-14 00:07:33.854  5864  6288 E AutoInstalls: 	at com.android.launcher3.LauncherProvider$DatabaseHelper.loadFavorites(LauncherProvider.java:1292)
11-14 00:07:33.854  5864  6288 E AutoInstalls: 	at com.android.launcher3.LauncherProvider.loadDefaultFavoritesIfNecessary(LauncherProvider.java:406)
11-14 00:07:33.854  5864  6288 E AutoInstalls: 	at com.android.launcher3.LauncherModel$LoaderTask.loadWorkspace(LauncherModel.java:1964)
11-14 00:07:33.854  5864  6288 E AutoInstalls: 	at com.android.launcher3.LauncherModel$LoaderTask.loadAndBindWorkspace(LauncherModel.java:1555)
11-14 00:07:33.854  5864  6288 E AutoInstalls: 	at com.android.launcher3.LauncherModel$LoaderTask.run(LauncherModel.java:1652)
11-14 00:07:33.854  5864  6288 E AutoInstalls: 	at android.os.Handler.handleCallback(Handler.java:751)
11-14 00:07:33.854  5864  6288 E AutoInstalls: 	at android.os.Handler.dispatchMessage(Handler.java:95)
11-14 00:07:33.854  5864  6288 E AutoInstalls: 	at android.os.Looper.loop(Looper.java:154)
11-14 00:07:33.854  5864  6288 E AutoInstalls: 	at android.os.HandlerThread.run(HandlerThread.java:61)
11-14 00:07:33.856  5864  6288 E AutoInstalls: Unable to add favorite: org.cyanogenmod.theme.chooser/org.cyanogenmod.theme.chooser.ChooserActivity
11-14 00:07:33.856  5864  6288 E AutoInstalls: android.content.pm.PackageManager$NameNotFoundException: ComponentInfo{org.cyanogenmod.theme.chooser/org.cyanogenmod.theme.chooser.ChooserActivity}
11-14 00:07:33.856  5864  6288 E AutoInstalls: 	at android.app.ApplicationPackageManager.getActivityInfo(ApplicationPackageManager.java:391)
11-14 00:07:33.856  5864  6288 E AutoInstalls: 	at com.android.launcher3.AutoInstallsLayout$AppShortcutParser.parseAndAdd(AutoInstallsLayout.java:347)
11-14 00:07:33.856  5864  6288 E AutoInstalls: 	at com.android.launcher3.DefaultLayoutParser$ResolveParser.parseAndAdd(DefaultLayoutParser.java:222)
11-14 00:07:33.856  5864  6288 E AutoInstalls: 	at com.android.launcher3.AutoInstallsLayout.parseAndAddNode(AutoInstallsLayout.java:272)
11-14 00:07:33.856  5864  6288 E AutoInstalls: 	at com.android.launcher3.AutoInstallsLayout.parseLayout(AutoInstallsLayout.java:217)
11-14 00:07:33.856  5864  6288 E AutoInstalls: 	at com.android.launcher3.AutoInstallsLayout.loadLayout(AutoInstallsLayout.java:193)
11-14 00:07:33.856  5864  6288 E AutoInstalls: 	at com.android.launcher3.LauncherProvider$DatabaseHelper.loadFavorites(LauncherProvider.java:1292)
11-14 00:07:33.856  5864  6288 E AutoInstalls: 	at com.android.launcher3.LauncherProvider.loadDefaultFavoritesIfNecessary(LauncherProvider.java:406)
11-14 00:07:33.856  5864  6288 E AutoInstalls: 	at com.android.launcher3.LauncherModel$LoaderTask.loadWorkspace(LauncherModel.java:1964)
