09-08 20:41:30.384  3593  3593 D ZenLog  : config: conditionChanged,ZenModeConfig[user=0,allowCalls=true,allowRepeatCallers=false,allowMessages=false,allowCallsFrom=contacts,allowMessagesFrom=contacts,allowReminders=true,allowEvents=true,allowWhenScreenOff=true,allowWhenScreenOn=true,automaticRules={e3a9d8653993410b93e592ca9a6a6929=ZenRule[enabled=false,snoozing=false,name=Weekend,zenMode=ZEN_MODE_ALARMS,conditionId=condition://android/schedule?days=6.7&start=23.30&end=10.0&exitAtAlarm=false,condition=Condition[id=condition://android/schedule?days=6.7&start=23.30&end=10.0&exitAtAlarm=false,summary=...,line1=...,line2=...,icon=0,state=STATE_FALSE,flags=2],component=ComponentInfo{android/com.android.server.notification.ScheduleConditionProvider},id=e3a9d8653993410b93e592ca9a6a6929,creationTime=1504914080771,enabler=null], bb03f3a4580b4bc494355707550af699=ZenRule[enabled=false,snoozing=false,name=Weeknight,zenMode=ZEN_MODE_ALARMS,conditionId=condition://android/schedule?days=1.2.3.4.5&start=22.0&end=7.0&exitAtAlarm=false,condition=Condition[id=condition://android/schedule?days=1.2.3.4.5&start=22.0&end=7.0&exitAtAlarm=false,summary=...,line1=...,line2=...,icon=0,state=STATE_FALSE,flags=2],component=ComponentInfo{android/com.android.server.notification.ScheduleConditionProvider},id=bb03f3a4580b4bc494355707550af699,creationTime=1504914080771,enabler=null], e253d524642c4c8ba559c3f47acef14c=ZenRule[enabled=false,snoozing=false,name=Event,zenMode=ZEN_MODE_ALARMS,conditionId=condition://android/event?userId=-10000&calendar=&reply=1,condition=Condition[id=condition://android/event?userId=-10000&calendar=&reply=1,summary=...,line1=...,line2=...,icon=0,state=STATE_FALSE,flags=2],component=ComponentInfo{android/com.android.server.notification.EventConditionProvider},id=e253d524642c4c8ba559c3f47acef14c,creationTime=1504914080772,enabler=null]},manualRule=null],Diff[automaticRule[e3a9d8653993410b93e592ca9a6a6929].condition:Condition[id=condition://android/schedule?days=6.7&start=23.30&end=10.0&exitAtAlarm=false,summary=...,line1=...,line2=...,icon=0,state=STATE_TRUE,flags=2]->Condition[id=condition://android/schedule?days=6.7&start=23.30&end=10.0&exitAtAlarm=false,summary=...,line1=...,line2=...,icon=0,state=STATE_FALSE,flags=2]]
09-08 20:41:30.425  3593  3593 D ZenLog  : set_zen_mode: off,conditionChanged
09-08 20:41:30.694  3593  4811 I Telecom : PhoneAccountRegistrar: [ComponentInfo{com.android.phone/com.android.services.telephony.TelephonyConnectionService}, [e0184adedf913b076626646d3f52c3b49c39ad6d], UserHandle{0}(icon: Icon(typ=BITMAP size=67x84) -> Icon(typ=BITMAP size=67x84))]: TSI.rPA@ABA
09-08 20:41:30.703  3593  4811 I Telecom : : Sending phone-account registered intent as user: TSI.rPA@ABA
09-08 20:41:30.764  3593  4977 I Telecom : PhoneAccountRegistrar: [ComponentInfo{com.android.phone/com.android.services.telephony.TelephonyConnectionService}, [e0184adedf913b076626646d3f52c3b49c39ad6d], UserHandle{0}(icon: Icon(typ=BITMAP size=67x84) -> Icon(typ=BITMAP size=67x84))]: TSI.rPA@ABE
09-08 20:41:30.774  3593  4977 I Telecom : : Sending phone-account registered intent as user: TSI.rPA@ABE
09-08 20:41:30.803  3593  3695 I Telecom : PhoneAccountRegistrar: getUserSelVoicePhoneAccount, voice subId = -1: TSI.gUSOPA@ABM
09-08 20:41:30.806  3593  3695 I Telecom : PhoneAccountRegistrar: getUserSelVoicePhoneAccount, emergency account : TSI.gUSOPA@ABM
09-08 20:41:30.858  3593  4931 I ActivityManager: Start proc 5278:com.android.deskclock/u0a43 for broadcast com.android.deskclock/.AlarmInitReceiver
09-08 20:41:30.870  3593  3694 I Telecom : PhoneAccountRegistrar: [ComponentInfo{com.android.phone/com.android.services.telephony.TelephonyConnectionService}, [e0184adedf913b076626646d3f52c3b49c39ad6d], UserHandle{0}(icon: Icon(typ=BITMAP size=67x84) -> Icon(typ=BITMAP size=67x84))]: TSI.rPA@ABQ
09-08 20:41:30.880  3593  3694 I Telecom : : Sending phone-account registered intent as user: TSI.rPA@ABQ
09-08 20:41:30.890  4940  4940 D MccTable: updateMccMncConfiguration mccmnc='72234' fromServiceState=false
09-08 20:41:30.894  4940  4940 D MccTable: updateMccMncConfiguration defaultMccMnc=
09-08 20:41:30.894  4940  4940 D MccTable: updateMccMncConfiguration: mcc=722, mnc=34
09-08 20:41:30.895  4940  4940 D MccTable: updateMccMncConfiguration updateConfig config={1.0 722mcc34mnc ?localeList ?layoutDir ?swdp ?wdp ?hdp ?density ?lsize ?long ?orien ?uimode ?night ?touch ?keyb/?/? ?nav/?}
09-08 20:41:30.902  3593  4939 I ActivityManager: Config changes=3 {1.0 722mcc34mnc [en_US] ldltr sw411dp w411dp h773dp 560dpi nrml long port finger -keyb/h/h -nav/h s.6}
09-08 20:41:31.216  3593  3704 I WindowManager: Screen frozen for +266ms due to Window{4ecd255 u0 com.android.settings/com.android.settings.FallbackHome}
09-08 20:41:31.317  3593  4931 I Telecom : PhoneAccountRegistrar: [ComponentInfo{com.android.phone/com.android.services.telephony.TelephonyConnectionService}, [e0184adedf913b076626646d3f52c3b49c39ad6d], UserHandle{0}(icon: Icon(typ=BITMAP size=67x84) -> Icon(typ=BITMAP size=67x84))]: TSI.rPA@ABU
09-08 20:41:31.345  3593  4931 I Telecom : : Sending phone-account registered intent as user: TSI.rPA@ABU
09-08 20:41:31.380  3593  4977 I Telecom : PhoneAccountRegistrar: getUserSelVoicePhoneAccount, voice subId = -1: TSI.gUSOPA@ABc
09-08 20:41:31.381  3593  4977 I Telecom : PhoneAccountRegistrar: getUserSelVoicePhoneAccount, emergency account : TSI.gUSOPA@ABc
09-08 20:41:31.485  3593  3695 I Telecom : PhoneAccountRegistrar: [ComponentInfo{com.android.phone/com.android.services.telephony.TelephonyConnectionService}, [e0184adedf913b076626646d3f52c3b49c39ad6d], UserHandle{0}(icon: Icon(typ=BITMAP size=67x84) -> Icon(typ=BITMAP size=67x84))]: TSI.rPA@ABg
09-08 20:41:31.495  3593  3695 I Telecom : : Sending phone-account registered intent as user: TSI.rPA@ABg
09-08 20:41:31.549  3593  4811 I Telecom : PhoneAccountRegistrar: [ComponentInfo{com.android.phone/com.android.services.telephony.TelephonyConnectionService}, [e0184adedf913b076626646d3f52c3b49c39ad6d], UserHandle{0}(icon: Icon(typ=BITMAP size=67x84) -> Icon(typ=BITMAP size=67x84))]: TSI.rPA@ABk
09-08 20:41:31.559  3593  4811 I Telecom : : Sending phone-account registered intent as user: TSI.rPA@ABk
09-08 20:41:31.603  3593  4939 I Telecom : PhoneAccountRegistrar: getUserSelVoicePhoneAccount, voice subId = -1: TSI.gUSOPA@ABs
09-08 20:41:31.605  3593  4939 I Telecom : PhoneAccountRegistrar: getUserSelVoicePhoneAccount, emergency account : TSI.gUSOPA@ABs
09-08 20:41:31.697  4940  4940 D MccTable: updateMccMncConfiguration mccmnc='72234' fromServiceState=false
09-08 20:41:31.699  4940  4940 D MccTable: updateMccMncConfiguration defaultMccMnc=72234
09-08 20:41:31.699  4940  4940 D MccTable: updateMccMncConfiguration: mcc=722, mnc=34
09-08 20:41:31.699  4940  4940 D MccTable: updateMccMncConfiguration updateConfig config={1.0 722mcc34mnc ?localeList ?layoutDir ?swdp ?wdp ?hdp ?density ?lsize ?long ?orien ?uimode ?night ?touch ?keyb/?/? ?nav/?}
09-08 20:41:31.854  4940  4940 D MccTable: updateMccMncConfiguration mccmnc='72234' fromServiceState=false
09-08 20:41:31.856  4940  4940 D MccTable: updateMccMncConfiguration defaultMccMnc=72234
09-08 20:41:31.856  4940  4940 D MccTable: updateMccMncConfiguration: mcc=722, mnc=34
09-08 20:41:31.856  4940  4940 D MccTable: updateMccMncConfiguration updateConfig config={1.0 722mcc34mnc ?localeList ?layoutDir ?swdp ?wdp ?hdp ?density ?lsize ?long ?orien ?uimode ?night ?touch ?keyb/?/? ?nav/?}
09-08 20:41:32.063  3593  3704 W ActivityManager: Unable to mark boot complete for abi: arm64-v8a (Failed to execute markbootcomplete [arm64]: -1)
09-08 20:41:32.065  3593  3704 W ActivityManager: Unable to mark boot complete for abi: armeabi-v7a (Failed to execute markbootcomplete [arm]: -1)
09-08 20:41:32.079  3593  3704 I SystemServiceManager: Starting phase 1000
09-08 20:41:32.228  3593  3695 I Telecom : PhoneAccountRegistrar: [ComponentInfo{com.android.phone/com.android.services.telephony.TelephonyConnectionService}, [e0184adedf913b076626646d3f52c3b49c39ad6d], UserHandle{0}(icon: Icon(typ=BITMAP size=67x84) -> Icon(typ=BITMAP size=67x84))]: TSI.rPA@ABw
09-08 20:41:32.238  3593  3695 I Telecom : : Sending phone-account registered intent as user: TSI.rPA@ABw
09-08 20:41:32.305  3593  3704 I ActivityManager: Start proc 5325:android.ext.services/u0a12 for on-hold
09-08 20:41:32.308  3593  3704 D ActivityManager: Finishing user boot 0
09-08 20:41:32.314  3593  3704 D CryptdConnector: SND -> {3 cryptfs prepare_user_storage ! 0 0 2}
09-08 20:41:32.317  3066  3134 D vold    : e4crypt_prepare_user_storage for volume null, user 0, serial 0, flags 2
09-08 20:41:32.318  3066  3134 D vold    : Preparing: /data/system_ce/0
09-08 20:41:32.318  3066  3134 D vold    : Preparing: /data/misc_ce/0
09-08 20:41:32.318  3066  3134 D vold    : Preparing: /data/media/0
09-08 20:41:32.318  3066  3134 D vold    : Preparing: /data/data
09-08 20:41:32.319  3593  4049 D CryptdConnector: RCV <- {200 3 Command succeeded}
09-08 20:41:32.323  3593  3704 V UserManagerService: Found /data/user/0 with serial number 0
09-08 20:41:32.324  3593  3704 V UserManagerService: Found /data/system_ce/0 with serial number -1
09-08 20:41:32.324  3593  3704 D UserManagerService: Serial number missing on /data/system_ce/0; assuming current is valid
09-08 20:41:32.325  3593  3704 V PackageManager: reconcileAppsData for null u0 0x2
09-08 20:41:32.356  3593  3695 I Telecom : PhoneAccountRegistrar: New phone account registered: [[ ] PhoneAccount: ComponentInfo{com.android.phone/com.android.services.telephony.TelephonyConnectionService}, [2628372b20c6b31a61c46f7f5a9328dbf0edaed6], UserHandle{0} Capabilities: CallProvider MultiUser PlaceEmerg SimSub  Audio Routes: BESW Schemes: tel voicemail  Extras: null GroupId: [da39a3ee5e6b4b0d3255bfef95601890afd80709]]: TSI.rPA@AB0
09-08 20:41:32.373  3593  3695 I Telecom : : Sending phone-account registered intent as user: TSI.rPA@AB0
09-08 20:41:32.534  3593  3704 V PackageManager: reconcileAppsData finished 93 packages
09-08 20:41:32.537  3593  3697 D BluetoothManagerService: User 0 unlocked
09-08 20:41:32.538  3593  3697 D MountService: onUnlockUser 0
09-08 20:41:32.538  3593  3697 D VoldConnector: SND -> {34 volume user_started 0}
09-08 20:41:32.538  3593  3703 D BluetoothManagerService: MESSAGE_USER_UNLOCKED
09-08 20:41:32.547  3066  3133 D vold    : Linking /storage/emulated/0 to /mnt/user/0/primary
09-08 20:41:32.548  3593  4048 D VoldConnector: RCV <- {200 34 Command succeeded}
09-08 20:41:32.567  3593  4047 D MountService: Volume emulated broadcasting mounted to UserHandle{0}
09-08 20:41:32.572  3593  3593 I InputMethodManagerService: All the enabled IMEs are gone. Reset default enabled IMEs.
09-08 20:41:32.604  3593  3697 V BackupManagerService: No ancestral data
09-08 20:41:32.609  3593  4931 I Telecom : : Sending phone-account unregistered intent as user: TSI.uPA@AB8
09-08 20:41:32.655  3593  3697 V BackupManagerService: Starting with transport com.google.android.gms/.backup.BackupTransportService
09-08 20:41:32.655  3593  3697 V BackupManagerService: Found transports: 1
09-08 20:41:32.658  3593  3697 I BackupManagerService: Backup enable apparently not migrated
09-08 20:41:32.658  3593  3697 I BackupManagerService: Migrating enable state false
09-08 20:41:32.658  3593  3695 I Telecom : PhoneAccountRegistrar: getUserSelVoicePhoneAccount, voice subId = 1: TSI.gUSOPA@ACA
09-08 20:41:32.659  3593  3697 I BackupManagerService: Backup enabled => false
09-08 20:41:32.661  3593  3695 W Telecom : PhoneAccountRegistrar: getUserSelectedVoicePhoneAccount, accountHandle ID = 89543420816751226808: TSI.gUSOPA@ACA
09-08 20:41:32.672  3593  5343 V KeyValueBackupJob: Scheduling k/v pass in 245 minutes
09-08 20:41:32.688  3593  3697 W AppWidgetServiceImpl: Failed to read state: java.io.FileNotFoundException: /data/system/users/0/appwidgets.xml (No such file or directory)
09-08 20:41:32.688  3593  3697 V AppWidgetServiceImpl: Upgrading widget database from 0 to 1
09-08 20:41:32.690  3593  3697 W VoiceInteractionManagerService: no available voice interaction services found for user 0
09-08 20:41:32.690  3593  3697 W VoiceInteractionManagerService: no available voice recognition services found for user 0
09-08 20:41:32.691  3593  3697 I BrokerableCMSystemService: Connecting to implementation
09-08 20:41:32.692  3593  3697 W ContextImpl: Calling a method in the system process without a qualified user: android.app.ContextImpl.bindService:1421 org.cyanogenmod.platform.internal.BrokerableCMSystemService.tryConnecting:199 org.cyanogenmod.platform.internal.WeatherManagerServiceBroker.onUnlockUser:97 com.android.server.SystemServiceManager.unlockUser:179 com.android.server.am.ActivityManagerService$MainHandler.handleMessage:2067 
09-08 20:41:32.709  3593  3697 I ActivityManager: Start proc 5348:org.cyanogenmod.weatherservice/u0a30 for service org.cyanogenmod.weatherservice/.WeatherManagerService
09-08 20:41:32.709  3593  3697 I ActivityManager: Loading recents for user 0 into memory.
09-08 20:41:32.761  3593  3697 I ActivityManager: Start proc 5363:org.cyanogenmod.audiofx/u0a3 for added application org.cyanogenmod.audiofx
09-08 20:41:32.789  3593  3697 I ActivityManager: Start proc 5376:com.android.nfc/1027 for added application com.android.nfc
09-08 20:41:32.811  3593  3697 I PreBootBroadcaster: Pre-boot of {com.android.managedprovisioning/com.android.managedprovisioning.PreBootListener} for user 0
09-08 20:41:32.845  3593  3696 I ActivityManager: Start proc 5391:com.android.printspooler/u0a56 for service com.android.printspooler/.model.PrintSpoolerService
09-08 20:41:32.846  3593  3698 I ActivityManager: Config changes=20 {1.0 722mcc34mnc [en_US] ldltr sw411dp w411dp h773dp 560dpi nrml long port finger -keyb/v/h -nav/h s.7}
09-08 20:41:32.847  3593  4939 W ContextImpl: Calling a method in the system process without a qualified user: android.app.ContextImpl.sendBroadcast:877 android.content.ContextWrapper.sendBroadcast:421 com.android.server.telecom.PhoneAccountRegistrar.fireDefaultOutgoingChanged:753 com.android.server.telecom.PhoneAccountRegistrar.setUserSelectedOutgoingPhoneAccount:369 com.android.server.telecom.TelecomServiceImpl$1.setUserSelectedOutgoingPhoneAccount:164 
09-08 20:41:33.014  3593  3593 V BackupManagerService: Connected to transport ComponentInfo{android/com.android.internal.backup.LocalTransportService}
09-08 20:41:33.014  3593  3593 V BackupManagerService: Registering transport android/com.android.internal.backup.LocalTransportService::android/com.android.internal.backup.LocalTransport = android.app.backup.BackupTransport$TransportImpl@b1c8fee
09-08 20:41:33.074  3593  5167 I ActivityManager: Start proc 5416:com.android.keychain/1000 for service com.android.keychain/.KeyChainService
09-08 20:41:33.130  3593  5406 I WindowManager: Screen frozen for +275ms due to AppWindowToken{961a3e token=Token{2dbedc0 ActivityRecord{6fee0f2 u0 com.android.settings/.FallbackHome t2}}}
09-08 20:41:33.192  3593  3695 I ActivityManager: START u0 {act=android.intent.action.MAIN cat=[android.intent.category.HOME] flg=0x10000100 cmp=com.cyanogenmod.setupwizard/.SetupWizardActivity} from uid 0 on display 0
09-08 20:41:33.224  3593  3695 I ActivityManager: Start proc 5435:com.cyanogenmod.setupwizard/1000 for activity com.cyanogenmod.setupwizard/.SetupWizardActivity
09-08 20:41:33.262  3593  3593 I BrokerableCMSystemService: Implementation service connected
09-08 20:41:33.623  3593  5432 I ActivityManager: START u0 {act=com.android.wizard.LOAD flg=0x10000001 cmp=com.cyanogenmod.setupwizard/.wizardmanager.WizardManager (has extras)} from uid 1000 on display 0
09-08 20:41:33.822  3593  5407 I ActivityManager: START u0 {act=com.cyanogenmod.setupwizard.LINEAGE_WELCOME flg=0x4000000 cmp=com.cyanogenmod.setupwizard/.WelcomeActivity (has extras)} from uid 1000 on display 0
09-08 20:41:33.991  5435  5435 W ContextImpl: Calling a method in the system process without a qualified user: android.app.ContextImpl.bindService:1421 android.content.ContextWrapper.bindService:636 android.speech.tts.TextToSpeech.connectToEngine:810 android.speech.tts.TextToSpeech.initTts:780 android.speech.tts.TextToSpeech.<init>:733 
09-08 20:41:34.008  3593  4939 I ActivityManager: Start proc 5465:com.svox.pico/u0a52 for service com.svox.pico/.PicoService
09-08 20:41:34.160  3593  5406 I Telecom : PhoneAccountRegistrar: [ComponentInfo{com.android.phone/com.android.services.telephony.TelephonyConnectionService}, [2628372b20c6b31a61c46f7f5a9328dbf0edaed6], UserHandle{0}(icon: Icon(typ=BITMAP size=84x84) -> Icon(typ=BITMAP size=84x84))]: TSI.rPA@ACg
09-08 20:41:34.172  3593  5406 I Telecom : : Sending phone-account registered intent as user: TSI.rPA@ACg
09-08 20:41:34.484  3593  3695 I Telecom : PhoneAccountRegistrar: [ComponentInfo{com.android.phone/com.android.services.telephony.TelephonyConnectionService}, [2628372b20c6b31a61c46f7f5a9328dbf0edaed6], UserHandle{0}(icon: Icon(typ=BITMAP size=84x84) -> Icon(typ=BITMAP size=84x84))]: TSI.rPA@ACs
09-08 20:41:34.508  3593  3695 I Telecom : : Sending phone-account registered intent as user: TSI.rPA@ACs
09-08 20:41:34.647  3593  3694 I Telecom : PhoneAccountRegistrar: [ComponentInfo{com.android.phone/com.android.services.telephony.TelephonyConnectionService}, [2628372b20c6b31a61c46f7f5a9328dbf0edaed6], UserHandle{0}(icon: Icon(typ=BITMAP size=84x84) -> Icon(typ=BITMAP size=84x84))]: TSI.rPA@AC4
09-08 20:41:34.661  3593  3694 I Telecom : : Sending phone-account registered intent as user: TSI.rPA@AC4
09-08 20:41:34.768  3593  3694 I ActivityManager: Start proc 5508:com.android.carrierconfig/u0a4 for service com.android.carrierconfig/.DefaultCarrierConfigService
09-08 20:41:34.892  3593  4811 I ActivityManager: Start proc 5529:com.android.smspush/u0a60 for service com.android.smspush/.WapPushManager
09-08 20:41:35.240  3593  4939 I Telecom : PhoneAccountRegistrar: [ComponentInfo{com.android.phone/com.android.services.telephony.TelephonyConnectionService}, [2628372b20c6b31a61c46f7f5a9328dbf0edaed6], UserHandle{0}(icon: Icon(typ=BITMAP size=84x84) -> Icon(typ=BITMAP size=84x84))]: TSI.rPA@ADE
09-08 20:41:35.256  3593  4939 I Telecom : : Sending phone-account registered intent as user: TSI.rPA@ADE
09-08 20:41:35.530  3593  4931 I Telecom : PhoneAccountRegistrar: [ComponentInfo{com.android.phone/com.android.services.telephony.TelephonyConnectionService}, [2628372b20c6b31a61c46f7f5a9328dbf0edaed6], UserHandle{0}(icon: Icon(typ=BITMAP size=84x84) -> Icon(typ=BITMAP size=84x84))]: TSI.rPA@ADQ
09-08 20:41:35.546  3593  4931 I Telecom : : Sending phone-account registered intent as user: TSI.rPA@ADQ
09-08 20:41:35.659  3593  4931 I PackageManager: Replacing preferred activity com.android.messaging/.ui.conversation.LaunchConversationActivity for user 0:
09-08 20:41:35.673  3593  5406 I PackageManager: Replacing preferred activity com.android.messaging/.ui.conversation.LaunchConversationActivity for user 0:
09-08 20:41:35.685  3593  5403 I PackageManager: Replacing preferred activity com.android.messaging/.ui.conversation.LaunchConversationActivity for user 0:
09-08 20:41:35.693  3593  3593 I PackageManager: Replacing preferred activity com.android.messaging/.ui.conversation.LaunchConversationActivity for user 0:
09-08 20:41:36.070  3593  4699 D ConnectivityService: Got NetworkFactory Messenger for WIFI
09-08 20:41:36.071  3593  4699 D ConnectivityService: Got NetworkFactory Messenger for WIFI_UT
09-08 20:41:36.230  3593  5403 I Telecom : PhoneAccountRegistrar: [ComponentInfo{com.android.phone/com.android.services.telephony.TelephonyConnectionService}, [2628372b20c6b31a61c46f7f5a9328dbf0edaed6], UserHandle{0}(icon: Icon(typ=BITMAP size=84x84) -> Icon(typ=BITMAP size=84x84))]: TSI.rPA@ADc
09-08 20:41:36.242  3593  5403 I Telecom : : Sending phone-account registered intent as user: TSI.rPA@ADc
09-08 20:41:36.260  3593  5407 I ActivityManager: Start proc 5546:android.process.acore/u0a0 for broadcast com.android.providers.contacts/.PhoneAccountRegistrationReceiver
--------- beginning of main
09-08 20:41:36.327  5376  5564 D BrcmNfcJni: PeerToPeer::registerServer: added new p2p server  index: 2  handle: 5  name: urn:nfc:sn:handover
09-08 20:41:36.327  5376  5564 D BrcmNfcJni: P2pServer::registerWithStack: enter; service name: urn:nfc:sn:handover  JNI handle: 5
09-08 20:41:36.327  5376  5564 I BrcmNfcNfa: NFA_P2pSetLLCPConfig ():link_miu:2175, opt:0x03, wt:7, link_timeout:1000
09-08 20:41:36.327  5376  5564 I BrcmNfcNfa:                        inact_timeout(init:0, target:0), symm_delay:20, data_link_timeout:2000
09-08 20:41:36.327  5376  5564 I BrcmNfcNfa:                        delay_first_pdu_timeout:50
09-08 20:41:36.327  5376  5462 I BrcmNfcNfa: NFA got event 0x030C
09-08 20:41:36.327  5376  5462 I BrcmNfcNfa: nfa_p2p_evt_hdlr (): LLCP State [Link IDLE], Event [API_SET_LLCP_CFG_EVT]
09-08 20:41:36.327  5376  5462 I BrcmNfcNfa: LLCP_SetConfig () link_miu:2175, opt:0x03, wt:7, link_timeout:1000
09-08 20:41:36.327  5376  5462 I BrcmNfcNfa:                  inact_timeout (init:0,target:0), symm_delay:20, data_link_timeout:2000
09-08 20:41:36.327  5376  5462 I BrcmNfcNfa:                  delay_first_pdu_timeout:50
09-08 20:41:36.327  5376  5564 I BrcmNfcNfa: NFA_P2pRegisterServer (): server_sap:0xff, link_type:0x2, SN:<urn:nfc:sn:handover>
09-08 20:41:36.327  5376  5462 I BrcmNfcNfa: NFA got event 0x0300
09-08 20:41:36.328  5376  5462 I BrcmNfcNfa: nfa_p2p_evt_hdlr (): LLCP State [Link IDLE], Event [API_REG_SERVER]
09-08 20:41:36.328  5376  5462 I BrcmNfcNfa: nfa_p2p_reg_server ()
09-08 20:41:36.328  5376  5462 I BrcmNfcNfa: LLCP_RegisterServer (): SAP:0xff, link_type:0x2, ServiceName:<urn:nfc:sn:handover>
09-08 20:41:36.328  5376  5462 I BrcmNfcNfa: LLCP_RegisterServer (): Registered SAP = 0x11
09-08 20:41:36.328  5376  5462 D BrcmNfcJni: PeerToPeer::nfaServerCallback: enter; event=0x0
09-08 20:41:36.328  5376  5462 D BrcmNfcJni: PeerToPeer::nfaServerCallback: NFA_P2P_REG_SERVER_EVT; handle: 0x0511; service sap=0x11  name: urn:nfc:sn:handover
09-08 20:41:36.328  5376  5564 D BrcmNfcJni: P2pServer::registerWithStack: wait for listen-completion event
09-08 20:41:36.328  5376  5564 D BrcmNfcJni: PeerToPeer::registerServer: got new p2p server h=0x511
09-08 20:41:36.328  5376  5462 D BrcmNfcJni: PeerToPeer::nfaServerCallback: exit
09-08 20:41:36.328  5376  5564 D BrcmNfcJni: nfcManager_doCreateLlcpServiceSocket: socket Handle = 0x5
09-08 20:41:36.328  5376  5564 D BrcmNfcJni: nfcManager_doCreateLlcpServiceSocket: buffer length = 1024
09-08 20:41:36.328  5376  5564 D BrcmNfcJni: nfcManager_doCreateLlcpServiceSocket: MIU = 128
09-08 20:41:36.328  5376  5564 D BrcmNfcJni: nfcManager_doCreateLlcpServiceSocket:  RW = 1
09-08 20:41:36.328  5376  5564 D BrcmNfcJni: nfcManager_doCreateLlcpServiceSocket: exit
09-08 20:41:36.328  5376  5564 D BrcmNfcJni: nativeLlcpServiceSocket_doAccept: enter
09-08 20:41:36.328  5376  5564 D BrcmNfcJni: PeerToPeer::accept: enter; server jni handle: 5; conn jni handle: 6; maxInfoUnit: 128; recvWindow: 1
09-08 20:41:36.328  5376  5564 D BrcmNfcJni: P2pServer::accept: serverJniHandle: 5; connJniHandle: 6; wait for incoming connection
09-08 20:41:36.350  5376  5456 W Settings: Setting device_provisioned has moved from android.provider.Settings.Secure to android.provider.Settings.Global.
09-08 20:41:36.352  5376  5566 E WVMExtractor: Failed to open libwvm.so: dlopen failed: library "libwvm.so" not found
09-08 20:41:36.354  5376  5456 D BrcmNfcJni: nfcManager_enableDiscovery: enter; tech_mask = ef
09-08 20:41:36.354  5376  5456 D BrcmNfcJni: PowerSwitch::setLevel: level=PS-FULL (1)
09-08 20:41:36.354  5376  5456 D BrcmNfcJni: stopPolling_rfDiscoveryDisabled: disable polling
09-08 20:41:36.354  5376  5456 I BrcmNfcNfa: NFA_DisablePolling ()
09-08 20:41:36.355  5376  5462 I BrcmNfcNfa: NFA got event 0x0107
09-08 20:41:36.355  5376  5462 I BrcmNfcNfa: nfa_dm_evt_hdlr event: NFA_DM_API_DISABLE_POLLING_EVT (0x07)
09-08 20:41:36.355  5376  5462 I BrcmNfcNfa: nfa_dm_act_disable_polling ()
09-08 20:41:36.355  5376  5462 D BrcmNfcJni: nfaConnectionCallback: event= 1
09-08 20:41:36.355  5376  5462 D BrcmNfcJni: nfaConnectionCallback: NFA_POLL_DISABLED_EVT: status = 3
09-08 20:41:36.355  5376  5456 I BrcmNfcNfa: NFA_GetConfig (): num_ids: 1
09-08 20:41:36.355  5376  5462 I BrcmNfcNfa: NFA got event 0x0103
09-08 20:41:36.355  5376  5462 I BrcmNfcNfa: nfa_dm_evt_hdlr event: NFA_DM_API_GET_CONFIG_EVT (0x03)
09-08 20:41:36.355  5376  5462 D NfcAdaptation: NfcAdaptation::HalWrite
09-08 20:41:36.355  5376  5462 I SecHAL  : nfc_hal_write: enter;
09-08 20:41:36.355  5376  5462 I SecHAL  : nfc_hal_write: exit;
09-08 20:41:36.355  5376  5464 D SecHAL  : nfc_hal_task: Got a event: HAL_EVT_WRITE(3)
09-08 20:41:36.355  5376  5464 D SecHAL  : nfc_hal_task: current state: SERVICE
09-08 20:41:36.355  5376  5464 I SecHAL  : OSI_timer_start: enter,osi_lock
09-08 20:41:36.355  5376  5464 I SecHAL  : OSI_timer_start: before osi_unlock
09-08 20:41:36.355  5376  5464 I SecHAL  : OSI_timer_start: exit
09-08 20:41:36.355  5376  5464 I SecHAL  : device_write: enter
09-08 20:41:36.355  5376  5464 I SecHAL  : device_write: before system call
09-08 20:41:36.356  5376  5464 I SecHAL  : device_write: after system call
09-08 20:41:36.356  5376  5464 D SecHAL  : data_trace:  Send(  5) 20 03 02   01 b9 
09-08 20:41:36.356  5376  5464 I SecHAL  : device_write: exit
09-08 20:41:36.356  5376  5463 D SecHAL  : read_thread: Sent message to HAL message task, remind que: 2
09-08 20:41:36.356  5376  5464 D SecHAL  : nfc_hal_task: Got a event: HAL_EVT_READ(4)
09-08 20:41:36.356  5376  5464 D SecHAL  : nfc_hal_task: current state: SERVICE
09-08 20:41:36.356  5376  5464 D SecHAL  : data_trace:  Recv(  7) 40 03 04   09 01 b9 00 
09-08 20:41:36.356  5376  5464 I SecHAL  : OSI_timer_start: enter,osi_lock
09-08 20:41:36.356  5376  5464 I SecHAL  : OSI_timer_start: before osi_unlock
09-08 20:41:36.356  5376  5464 I SecHAL  : OSI_timer_start: exit
09-08 20:41:36.356  5376  5464 I SecHAL  : nfc_data_callback: !
09-08 20:41:36.356  5376  5464 D NfcAdaptation: NfcAdaptation::HalDeviceContextDataCallback: len=7
09-08 20:41:36.357  5376  5462 I BrcmNfcNfa: NFC received rsp gid:0
09-08 20:41:36.357  5376  5462 I BrcmNfcNfa: nci_proc_core_rsp opcode:0x3
09-08 20:41:36.357  5376  5462 I BrcmNfcNfa: nfa_dm_nfc_response_cback () NFC_GET_CONFIG_REVT(0x5003)
09-08 20:41:36.357  5376  5462 D BrcmNfcJni: nfaDeviceManagementCallback: enter; event=0x3
09-08 20:41:36.357  5376  5462 D BrcmNfcJni: nfaDeviceManagementCallback: NFA_DM_GET_CONFIG_EVT
09-08 20:41:36.357  5376  5462 E BrcmNfcJni: nfaDeviceManagementCallback: NFA_DM_GET_CONFIG failed
09-08 20:41:36.358  5376  5456 E BrcmNfcJni: enableDisableLptd: Config TLV length 0 returned is too short
09-08 20:41:36.358  5376  5456 D BrcmNfcJni: startPolling_rfDiscoveryDisabled: enable polling
09-08 20:41:36.358  5376  5456 I BrcmNfcNfa: NFA_EnablePolling () 0xEF
09-08 20:41:36.358  5376  5462 I BrcmNfcNfa: NFA got event 0x0106
09-08 20:41:36.358  5376  5462 I BrcmNfcNfa: nfa_dm_evt_hdlr event: NFA_DM_API_ENABLE_POLLING_EVT (0x06)
09-08 20:41:36.358  5376  5462 I BrcmNfcNfa: nfa_dm_act_enable_polling ()
09-08 20:41:36.358  5376  5462 I BrcmNfcNfa: nfa_dm_start_polling ()
09-08 20:41:36.358  5376  5462 I BrcmNfcNfa: nfa_dm_add_rf_discover () disc_mask=0x3d7f
09-08 20:41:36.358  5376  5462 D BrcmNfcJni: nfaConnectionCallback: event= 0
09-08 20:41:36.358  5376  5462 D BrcmNfcJni: nfaConnectionCallback: NFA_POLL_ENABLED_EVT: status = 0
09-08 20:41:36.359  5376  5456 D BrcmNfcJni: startPolling_rfDiscoveryDisabled: wait for enable event
09-08 20:41:36.360  5376  5456 D BrcmNfcJni: nfcManager_enableDiscovery: Enable p2pListening
09-08 20:41:36.360  5376  5456 D BrcmNfcJni: PeerToPeer::enableP2pListening: enter isEnable: 1  mIsP2pListening: 0
09-08 20:41:36.360  5376  5456 I BrcmNfcNfa: NFA_P2pSetListenTech (): tech_mask:0xC4
09-08 20:41:36.360  5376  5462 I BrcmNfcNfa: NFA got event 0x010D
09-08 20:41:36.360  5376  5462 I BrcmNfcNfa: nfa_dm_evt_hdlr event: NFA_DM_API_SET_P2P_LISTEN_TECH_EVT (0x0d)
09-08 20:41:36.360  5376  5462 I BrcmNfcNfa: nfa_dm_set_p2p_listen_tech ()  tech_mask = 196
09-08 20:41:36.360  5376  5462 I BrcmNfcNfa: nfa_p2p_update_listen_tech ()  tech_mask = 0xc4
09-08 20:41:36.360  5376  5462 I BrcmNfcNfa: nfa_p2p_enable_listening () sys_id = 3, update_wks = 0
09-08 20:41:36.360  5376  5462 I BrcmNfcNfa: nfa_dm_add_rf_discover () disc_mask=0xc400000
09-08 20:41:36.360  5376  5462 D BrcmNfcJni: nfaConnectionCallback: event= 33
09-08 20:41:36.360  5376  5462 D BrcmNfcJni: nfaConnectionCallback: NFA_SET_P2P_LISTEN_TECH_EVT
09-08 20:41:36.360  5376  5456 D BrcmNfcJni: PeerToPeer::enableP2pListening: exit; mIsP2pListening: 1
09-08 20:41:36.360  5376  5456 I BrcmNfcNfa: NFA_ResumeP2p ()
09-08 20:41:36.360  5376  5462 I BrcmNfcNfa: NFA got event 0x010B
09-08 20:41:36.360  5376  5462 I BrcmNfcNfa: nfa_dm_evt_hdlr event: NFA_DM_API_RESUME_P2P_EVT (0x0b)
09-08 20:41:36.360  5376  5462 I BrcmNfcNfa: nfa_dm_act_resume_p2p ()
09-08 20:41:36.360  5376  5462 D BrcmNfcJni: nfaConnectionCallback: event= 39
09-08 20:41:36.360  5376  5462 E BrcmNfcJni: nfaConnectionCallback: unknown event ????
09-08 20:41:36.360  5376  5456 I BrcmNfcNfa: NFA_EeSetDefaultTechRouting(): handle:<0x3>technology_mask:<0x1>/<0x0>/<0x0>
09-08 20:41:36.360  5376  5456 I BrcmNfcNfa: nfa_ee_find_ecb ()
09-08 20:41:36.360  5376  5456 E BrcmNfcNfa: Bad ee_handle
09-08 20:41:36.360  5376  5456 E BrcmNfcJni: Fail to set default tech routing for Nfc-A
09-08 20:41:36.360  5376  5456 I BrcmNfcNfa: NFA_EeSetDefaultProtoRouting(): handle:<0x3>protocol_mask:<0x8>/<0x0>/<0x0>
09-08 20:41:36.360  5376  5456 I BrcmNfcNfa: nfa_ee_find_ecb ()
09-08 20:41:36.360  5376  5456 E BrcmNfcNfa: Bad ee_handle
09-08 20:41:36.360  5376  5456 E BrcmNfcJni: Fail to set default proto routing for IsoDep
09-08 20:41:36.360  5376  5456 I BrcmNfcNfa: NFA_EeSetDefaultTechRouting(): handle:<0x0>technology_mask:<0x4>/<0x0>/<0x0>
09-08 20:41:36.360  5376  5456 I BrcmNfcNfa: nfa_ee_find_ecb ()
09-08 20:41:36.361  5376  5462 I BrcmNfcNfa: NFA got event 0x0204
09-08 20:41:36.361  5376  5462 I BrcmNfcNfa: nfa_ee_evt_hdlr (): Event API_SET_TECH_CFG(0x204), State: INIT_DONE(1)
09-08 20:41:36.361  5376  5462 I BrcmNfcNfa: nfa_ee_update_route_size nfcee_id:0x0 size_mask:5
09-08 20:41:36.361  5376  5462 I BrcmNfcNfa: nfa_ee_total_lmrt_size size:5
09-08 20:41:36.361  5376  5462 I BrcmNfcNfa: nfa_dm_is_active () flags:0x5
09-08 20:41:36.361  5376  5462 I BrcmNfcNfa: nfa_sys_ptim_start_timer 89bfdb80
09-08 20:41:36.361  5376  5462 I BrcmNfcNfa: ptim timer start
09-08 20:41:36.361  5376  5462 D BrcmNfcJni: RoutingManager::nfaEeCallback: NFA_EE_SET_TECH_CFG_EVT; status=0x0
09-08 20:41:36.361  5376  5456 I BrcmNfcNfa: NFA_EeSetDefaultProtoRouting(): handle:<0x0>protocol_mask:<0x4>/<0x0>/<0x0>
09-08 20:41:36.361  5376  5456 I BrcmNfcNfa: nfa_ee_find_ecb ()
09-08 20:41:36.361  5376  5462 I BrcmNfcNfa: NFA got event 0x0205
09-08 20:41:36.361  5376  5462 I BrcmNfcNfa: nfa_ee_evt_hdlr (): Event API_SET_PROTO_CFG(0x205), State: INIT_DONE(1)
09-08 20:41:36.361  5376  5462 I BrcmNfcNfa: nfa_ee_update_route_size nfcee_id:0x0 size_mask:10
09-08 20:41:36.361  5376  5462 I BrcmNfcNfa: nfa_ee_total_lmrt_size size:10
09-08 20:41:36.361  5376  5462 I BrcmNfcNfa: nfa_dm_is_active () flags:0x5
09-08 20:41:36.361  5376  5462 I BrcmNfcNfa: nfa_sys_ptim_start_timer 89bfdb80
09-08 20:41:36.361  5376  5462 D BrcmNfcJni: RoutingManager::nfaEeCallback: NFA_EE_SET_PROTO_CFG_EVT; status=0x0
09-08 20:41:36.361  5376  5456 D BrcmNfcJni: RoutingManager::commitRouting
09-08 20:41:36.362  5376  5456 I BrcmNfcNfa: NFA_EeUpdateNow()
09-08 20:41:36.362  5376  5462 I BrcmNfcNfa: NFA got event 0x0209
09-08 20:41:36.362  5376  5462 I BrcmNfcNfa: nfa_ee_evt_hdlr (): Event API_UPDATE_NOW(0x209), State: INIT_DONE(1)
09-08 20:41:36.362  5376  5462 I BrcmNfcNfa: nfa_sys_ptim_stop_timer 89bfdb80
09-08 20:41:36.362  5376  5462 I BrcmNfcNfa: ptim timer stop
09-08 20:41:36.362  5376  5462 I BrcmNfcNfa: nfa_ee_rout_timeout()
09-08 20:41:36.362  5376  5462 I BrcmNfcNfa: nfa_ee_need_recfg() ee_cfged: 0x90 ee_cfg_sts: 0x00
09-08 20:41:36.362  5376  5462 I BrcmNfcNfa: 0: ecb_flags  : 0x06, mask: 0x10
09-08 20:41:36.362  5376  5462 I BrcmNfcNfa: nfa_ee_update_rout ee_cfg_sts:0x00
09-08 20:41:36.362  5376  5462 I BrcmNfcNfa: nfa_ee_evt_hdlr (): Event CFG_TO_NFCC(0x217), State: INIT_DONE(1)
09-08 20:41:36.362  5376  5462 I BrcmNfcNfa: last_active: 0x1
09-08 20:41:36.362  5376  5462 I BrcmNfcNfa: nfa_ee_route_add_one_ecb max_len:1070, max_tlv:253, cur_offset:0, more:1, num_tlv:0
09-08 20:41:36.362  5376  5462 I BrcmNfcNfa: nfa_ee_total_lmrt_size size:10
09-08 20:41:36.362  5376  5462 I BrcmNfcNfa: ee_cfg_sts:0x01 lmrt_size:10
09-08 20:41:36.362  5376  5462 I BrcmNfcNfa: nfcee_id:0x1, last_active: 0x1
09-08 20:41:36.362  5376  5462 I BrcmNfcNfa: nfa_ee_route_add_one_ecb max_len:1070, max_tlv:253, cur_offset:15, more:0, num_tlv:3
09-08 20:41:36.362  5376  5462 I BrcmNfcNfa: nfa_ee_total_lmrt_size size:10
09-08 20:41:36.362  5376  5462 I BrcmNfcNfa: ee_cfg_sts:0x01 lmrt_size:10
09-08 20:41:36.362  5376  5462 I BrcmNfcNfa: nfa_ee_route_add_one_ecb: set routing num_tlv:3 tlv_size:10
09-08 20:41:36.362  5376  5462 D NfcAdaptation: NfcAdaptation::HalWrite
09-08 20:41:36.362  5376  5462 I SecHAL  : nfc_hal_write: enter;
09-08 20:41:36.362  5376  5462 I SecHAL  : nfc_hal_write: exit;
09-08 20:41:36.362  5376  5464 D SecHAL  : nfc_hal_task: Got a event: HAL_EVT_WRITE(3)
09-08 20:41:36.362  5376  5462 I BrcmNfcNfa: nfa_ee_update_rout ee_cfg_sts:0x10 ee_cfged:0x10
09-08 20:41:36.362  5376  5464 D SecHAL  : nfc_hal_task: current state: SERVICE
09-08 20:41:36.362  5376  5464 I SecHAL  : OSI_timer_start: enter,osi_lock
09-08 20:41:36.362  5376  5464 I SecHAL  : OSI_timer_start: before osi_unlock
09-08 20:41:36.362  5376  5464 I SecHAL  : OSI_timer_start: exit
09-08 20:41:36.362  5376  5464 I SecHAL  : device_write: enter
09-08 20:41:36.362  5376  5464 I SecHAL  : device_write: before system call
09-08 20:41:36.363  5376  5464 I SecHAL  : device_write: after system call
09-08 20:41:36.363  5376  5464 D SecHAL  : data_trace:  Send( 20) 21 01 11   00 03 00 03 00 01 02 01 03 00 01 03 01 03 00 01 05 
09-08 20:41:36.363  5376  5464 I SecHAL  : device_write: exit
09-08 20:41:36.364  5546  5546 W System  : ClassLoader referenced unknown path: /system/priv-app/ContactsProvider/lib/arm64
09-08 20:41:36.376  3182  3182 I MediaPlayerService: MediaPlayerService::getOMX
09-08 20:41:36.376  5376  5463 D SecHAL  : read_thread: Sent message to HAL message task, remind que: 2
09-08 20:41:36.376  5376  5464 D SecHAL  : nfc_hal_task: Got a event: HAL_EVT_READ(4)
09-08 20:41:36.376  5376  5464 D SecHAL  : nfc_hal_task: current state: SERVICE
09-08 20:41:36.377  5376  5464 D SecHAL  : data_trace:  Recv(  4) 41 01 01   00 
09-08 20:41:36.377  5376  5464 I SecHAL  : OSI_timer_start: enter,osi_lock
09-08 20:41:36.377  5376  5464 I SecHAL  : OSI_timer_start: before osi_unlock
09-08 20:41:36.377  5376  5464 I SecHAL  : OSI_timer_start: exit
09-08 20:41:36.377  5376  5464 I SecHAL  : nfc_data_callback: !
09-08 20:41:36.377  5376  5464 D NfcAdaptation: NfcAdaptation::HalDeviceContextDataCallback: len=4
09-08 20:41:36.377  5376  5462 I BrcmNfcNfa: NFC received rsp gid:1
09-08 20:41:36.377  5376  5462 I BrcmNfcNfa: nfa_dm_nfc_response_cback () NFC_SET_ROUTING_REVT(0x500a)
09-08 20:41:36.377  5376  5462 I BrcmNfcNfa: nfa_ee_proc_evt: event=0x500a int_event:0x214
09-08 20:41:36.377  5376  5462 I BrcmNfcNfa: nfa_ee_evt_hdlr (): Event NCI_WAIT_RSP(0x214), State: INIT_DONE(1)
09-08 20:41:36.377  5376  5462 I BrcmNfcNfa: nfa_ee_nci_wait_rsp() ee_wait_evt:0x30 wait_rsp:1
09-08 20:41:36.377  5376  5462 I BrcmNfcNfa: nfa_ee_report_update_evt ee_wait_evt:0x30 wait_rsp:0
09-08 20:41:36.377  5376  5462 D BrcmNfcJni: RoutingManager::nfaEeCallback: NFA_EE_UPDATED_EVT
09-08 20:41:36.377  5376  5456 D BrcmNfcJni: startRfDiscovery: is start=1
09-08 20:41:36.377  5376  5456 I BrcmNfcNfa: NFA_StartRfDiscovery ()
09-08 20:41:36.377  5376  5462 I BrcmNfcNfa: NFA got event 0x010E
09-08 20:41:36.377  5376  5462 I BrcmNfcNfa: nfa_dm_evt_hdlr event: NFA_DM_API_START_RF_DISCOVERY_EVT (0x0e)
09-08 20:41:36.377  5376  5462 I BrcmNfcNfa: nfa_dm_act_start_rf_discovery ()
09-08 20:41:36.377  5376  5462 I BrcmNfcNfa: nfa_dm_start_rf_discover ()
09-08 20:41:36.377  5376  5462 I BrcmNfcNfa: nfa_ee_get_tech_route(): 1
09-08 20:41:36.377  5376  5462 I BrcmNfcNfa: 0x0, 0x0, 0x0, 0x0
09-08 20:41:36.377  5376  5462 I BrcmNfcNfa: nfa_dm_cb.disc_cb.entry[0].selected_disc_mask = 0x40000
09-08 20:41:36.377  5376  5462 I BrcmNfcNfa: nfa_dm_cb.disc_cb.entry[1].selected_disc_mask = 0x3d7f
09-08 20:41:36.377  5376  5462 I BrcmNfcNfa: nfa_dm_cb.disc_cb.entry[2].selected_disc_mask = 0xc400000
09-08 20:41:36.377  5376  5462 I BrcmNfcNfa: nfa_p2p_set_config ()
09-08 20:41:36.377  5376  5462 I BrcmNfcNfa: LLCP_GetDiscoveryConfig ()
09-08 20:41:36.377  5376  5462 I BrcmNfcNfa: nfa_dm_check_set_config ()
09-08 20:41:36.377  5376  5462 D NfcAdaptation: NfcAdaptation::HalWrite
09-08 20:41:36.377  5376  5462 I SecHAL  : nfc_hal_write: enter;
09-08 20:41:36.377  5376  5462 I SecHAL  : nfc_hal_write: exit;
09-08 20:41:36.377  5376  5462 I BrcmNfcNfa: nfa_dm_check_set_config ()
09-08 20:41:36.377  5376  5462 I BrcmNfcNfa: nfa_dm_check_set_config ()
09-08 20:41:36.377  5376  5462 I BrcmNfcNfa: dm_disc_mask = 0xc443d7f
09-08 20:41:36.377  5376  5462 I BrcmNfcNfa: nfa_dm_set_rf_listen_mode_config () tech_proto_mask = 0x0C443D7F
09-08 20:41:36.377  5376  5462 I BrcmNfcNfa: nfa_dm_check_set_config ()
09-08 20:41:36.377  5376  5462 I BrcmNfcNfa: nfa_dm_set_total_duration ()
09-08 20:41:36.377  5376  5462 I BrcmNfcNfa: nfa_dm_check_set_config ()
09-08 20:41:36.377  5376  5462 I BrcmNfcNfa: NFC_DiscoveryStart
09-08 20:41:36.378  5376  5462 I BrcmNfcNfa: NFC_DiscoveryStart status: 0xe3
09-08 20:41:36.378  5376  5464 D SecHAL  : nfc_hal_task: Got a event: HAL_EVT_WRITE(3)
09-08 20:41:36.378  5376  5464 D SecHAL  : nfc_hal_task: current state: SERVICE
09-08 20:41:36.378  5376  5464 I SecHAL  : OSI_timer_start: enter,osi_lock
09-08 20:41:36.378  5376  5464 I SecHAL  : OSI_timer_start: before osi_unlock
09-08 20:41:36.378  5376  5464 I SecHAL  : OSI_timer_start: exit
09-08 20:41:36.378  5376  5464 I SecHAL  : device_write: enter
09-08 20:41:36.378  5376  5464 I SecHAL  : device_write: before system call
09-08 20:41:36.378  5376  5464 I SecHAL  : device_write: after system call
09-08 20:41:36.378  5376  5464 D SecHAL  : data_trace:  Send( 26) 20 02 17   01 29 14 46 66 6d 01 01 12 02 02 07 ff 03 02 00 13 04 01 64 07 01 03 
09-08 20:41:36.379  5376  5464 I SecHAL  : device_write: exit
09-08 20:41:36.379  5376  5463 D SecHAL  : read_thread: Sent message to HAL message task, remind que: 2
09-08 20:41:36.379  5376  5464 D SecHAL  : nfc_hal_task: Got a event: HAL_EVT_READ(4)
09-08 20:41:36.379  5376  5464 D SecHAL  : nfc_hal_task: current state: SERVICE
09-08 20:41:36.379  5376  5464 D SecHAL  : data_trace:  Recv(  5) 40 02 02   00 00 
09-08 20:41:36.379  5376  5464 I SecHAL  : OSI_timer_start: enter,osi_lock
09-08 20:41:36.379  5376  5464 I SecHAL  : OSI_timer_start: before osi_unlock
09-08 20:41:36.379  5376  5464 I SecHAL  : OSI_timer_start: exit
09-08 20:41:36.379  5376  5464 I SecHAL  : nfc_data_callback: !
09-08 20:41:36.380  5376  5464 D NfcAdaptation: NfcAdaptation::HalDeviceContextDataCallback: len=5
09-08 20:41:36.380  5376  5462 I BrcmNfcNfa: NFC received rsp gid:0
09-08 20:41:36.380  5376  5462 I BrcmNfcNfa: nci_proc_core_rsp opcode:0x2
09-08 20:41:36.380  5376  5462 I BrcmNfcNfa: nfa_dm_nfc_response_cback () NFC_SET_CONFIG_REVT(0x5002)
09-08 20:41:36.380  5376  5462 D NfcAdaptation: NfcAdaptation::HalWrite
09-08 20:41:36.380  5376  5462 I SecHAL  : nfc_hal_write: enter;
09-08 20:41:36.380  5376  5462 I SecHAL  : nfc_hal_write: exit;
09-08 20:41:36.380  5376  5464 D SecHAL  : nfc_hal_task: Got a event: HAL_EVT_WRITE(3)
09-08 20:41:36.380  5376  5464 D SecHAL  : nfc_hal_task: current state: SERVICE
09-08 20:41:36.380  5376  5464 I SecHAL  : OSI_timer_start: enter,osi_lock
09-08 20:41:36.380  5376  5464 I SecHAL  : OSI_timer_start: before osi_unlock
09-08 20:41:36.380  5376  5464 I SecHAL  : OSI_timer_start: exit
09-08 20:41:36.380  5376  5464 I SecHAL  : device_write: enter
09-08 20:41:36.380  5376  5464 I SecHAL  : device_write: before system call
09-08 20:41:36.381  5376  5464 I SecHAL  : device_write: after system call
09-08 20:41:36.381  5376  5464 D SecHAL  : data_trace:  Send( 29) 20 02 1a   02 61 14 46 66 6d 01 01 12 02 02 07 ff 03 02 00 13 04 01 64 07 01 03 60 01 07 
09-08 20:41:36.381  5376  5464 I SecHAL  : device_write: exit
09-08 20:41:36.381  5376  5463 D SecHAL  : read_thread: Sent message to HAL message task, remind que: 2
09-08 20:41:36.381  5376  5464 D SecHAL  : nfc_hal_task: Got a event: HAL_EVT_READ(4)
09-08 20:41:36.381  5376  5464 D SecHAL  : nfc_hal_task: current state: SERVICE
09-08 20:41:36.381  5376  5464 D SecHAL  : data_trace:  Recv(  5) 40 02 02   00 00 
09-08 20:41:36.381  5376  5464 I SecHAL  : OSI_timer_start: enter,osi_lock
09-08 20:41:36.381  5376  5464 I SecHAL  : OSI_timer_start: before osi_unlock
09-08 20:41:36.381  5376  5464 I SecHAL  : OSI_timer_start: exit
09-08 20:41:36.381  5376  5464 I SecHAL  : nfc_data_callback: !
09-08 20:41:36.382  5376  5464 D NfcAdaptation: NfcAdaptation::HalDeviceContextDataCallback: len=5
09-08 20:41:36.382  5376  5462 I BrcmNfcNfa: NFC received rsp gid:0
09-08 20:41:36.382  5376  5462 I BrcmNfcNfa: nci_proc_core_rsp opcode:0x2
09-08 20:41:36.382  5376  5462 I BrcmNfcNfa: nfa_dm_nfc_response_cback () NFC_SET_CONFIG_REVT(0x5002)
09-08 20:41:36.382  5376  5462 D NfcAdaptation: NfcAdaptation::HalWrite
09-08 20:41:36.382  5376  5462 I SecHAL  : nfc_hal_write: enter;
09-08 20:41:36.382  5376  5462 I SecHAL  : nfc_hal_write: exit;
09-08 20:41:36.382  5376  5464 D SecHAL  : nfc_hal_task: Got a event: HAL_EVT_WRITE(3)
09-08 20:41:36.382  5376  5464 D SecHAL  : nfc_hal_task: current state: SERVICE
09-08 20:41:36.382  5376  5464 I SecHAL  : OSI_timer_start: enter,osi_lock
09-08 20:41:36.382  5376  5464 I SecHAL  : OSI_timer_start: before osi_unlock
09-08 20:41:36.382  5376  5464 I SecHAL  : OSI_timer_start: exit
09-08 20:41:36.382  5376  5464 I SecHAL  : device_write: enter
09-08 20:41:36.382  5376  5464 I SecHAL  : device_write: before system call
09-08 20:41:36.382  5376  5464 I SecHAL  : device_write: after system call
09-08 20:41:36.383  5376  5464 D SecHAL  : data_trace:  Send( 19) 20 02 10   05 30 01 04 31 01 00 32 01 20 38 01 00 50 01 02 
09-08 20:41:36.383  5376  5464 I SecHAL  : device_write: exit
09-08 20:41:36.383  5376  5463 D SecHAL  : read_thread: Sent message to HAL message task, remind que: 2
09-08 20:41:36.384  5376  5464 D SecHAL  : nfc_hal_task: Got a event: HAL_EVT_READ(4)
09-08 20:41:36.384  5376  5464 D SecHAL  : nfc_hal_task: current state: SERVICE
09-08 20:41:36.384  5376  5464 D SecHAL  : data_trace:  Recv(  5) 40 02 02   00 00 
09-08 20:41:36.384  5376  5464 I SecHAL  : OSI_timer_start: enter,osi_lock
09-08 20:41:36.384  5376  5464 I SecHAL  : OSI_timer_start: before osi_unlock
09-08 20:41:36.384  5376  5464 I SecHAL  : OSI_timer_start: exit
09-08 20:41:36.384  5376  5464 I SecHAL  : nfc_data_callback: !
09-08 20:41:36.384  5376  5464 D NfcAdaptation: NfcAdaptation::HalDeviceContextDataCallback: len=5
09-08 20:41:36.384  5376  5462 I BrcmNfcNfa: NFC received rsp gid:0
09-08 20:41:36.384  5376  5462 I BrcmNfcNfa: nci_proc_core_rsp opcode:0x2
09-08 20:41:36.384  5376  5462 I BrcmNfcNfa: nfa_dm_nfc_response_cback () NFC_SET_CONFIG_REVT(0x5002)
09-08 20:41:36.384  5376  5462 D NfcAdaptation: NfcAdaptation::HalWrite
09-08 20:41:36.384  5376  5462 I SecHAL  : nfc_hal_write: enter;
09-08 20:41:36.384  5376  5462 I SecHAL  : nfc_hal_write: exit;
09-08 20:41:36.384  5376  5464 D SecHAL  : nfc_hal_task: Got a event: HAL_EVT_WRITE(3)
09-08 20:41:36.384  5376  5464 D SecHAL  : nfc_hal_task: current state: SERVICE
09-08 20:41:36.384  5376  5464 I SecHAL  : OSI_timer_start: enter,osi_lock
09-08 20:41:36.384  5376  5464 I SecHAL  : OSI_timer_start: before osi_unlock
09-08 20:41:36.384  5376  5464 I SecHAL  : OSI_timer_start: exit
09-08 20:41:36.384  5376  5464 I SecHAL  : device_write: enter
09-08 20:41:36.384  5376  5464 I SecHAL  : device_write: before system call
09-08 20:41:36.384  5376  5568 I OMXClient: MuxOMX ctor
09-08 20:41:36.385  5376  5464 I SecHAL  : device_write: after system call
09-08 20:41:36.385  5376  5464 D SecHAL  : data_trace:  Send(  8) 20 02 05   01 00 02 f4 01 
09-08 20:41:36.385  5376  5464 I SecHAL  : device_write: exit
09-08 20:41:36.385  5376  5463 D SecHAL  : read_thread: Sent message to HAL message task, remind que: 2
09-08 20:41:36.385  5376  5464 D SecHAL  : nfc_hal_task: Got a event: HAL_EVT_READ(4)
09-08 20:41:36.385  5376  5464 D SecHAL  : nfc_hal_task: current state: SERVICE
09-08 20:41:36.386  5376  5464 D SecHAL  : data_trace:  Recv(  5) 40 02 02   00 00 
09-08 20:41:36.386  5376  5464 I SecHAL  : OSI_timer_start: enter,osi_lock
09-08 20:41:36.386  5376  5464 I SecHAL  : OSI_timer_start: before osi_unlock
09-08 20:41:36.386  5376  5464 I SecHAL  : OSI_timer_start: exit
09-08 20:41:36.386  5376  5464 I SecHAL  : nfc_data_callback: !
09-08 20:41:36.386  5376  5464 D NfcAdaptation: NfcAdaptation::HalDeviceContextDataCallback: len=5
09-08 20:41:36.386  5376  5462 I BrcmNfcNfa: NFC received rsp gid:0
09-08 20:41:36.386  5376  5462 I BrcmNfcNfa: nci_proc_core_rsp opcode:0x2
09-08 20:41:36.386  5376  5462 I BrcmNfcNfa: nfa_dm_nfc_response_cback () NFC_SET_CONFIG_REVT(0x5002)
09-08 20:41:36.386  5376  5462 D NfcAdaptation: NfcAdaptation::HalPrediscover
09-08 20:41:36.386  5376  5462 I SecHAL  : nfc_hal_pre_discover: enter;
09-08 20:41:36.386  5376  5462 I SecHAL  : nfc_hal_pre_discover: exit;
09-08 20:41:36.387  5376  5462 D NfcAdaptation: NfcAdaptation::HalWrite
09-08 20:41:36.387  5376  5462 I SecHAL  : nfc_hal_write: enter;
09-08 20:41:36.387  5376  5462 I SecHAL  : nfc_hal_write: exit;
09-08 20:41:36.387  5376  5464 D SecHAL  : nfc_hal_task: Got a event: Uknown event.(2)
09-08 20:41:36.387  5376  5464 D SecHAL  : nfc_hal_task: current state: SERVICE
09-08 20:41:36.387  5376  5464 D SecHAL  : nfc_hal_task: Got a event: HAL_EVT_WRITE(3)
09-08 20:41:36.387  5376  5464 D SecHAL  : nfc_hal_task: current state: SERVICE
09-08 20:41:36.387  5376  5464 I SecHAL  : OSI_timer_start: enter,osi_lock
09-08 20:41:36.387  5376  5464 I SecHAL  : OSI_timer_start: before osi_unlock
09-08 20:41:36.387  5376  5464 I SecHAL  : OSI_timer_start: exit
09-08 20:41:36.387  5376  5464 I SecHAL  : device_write: enter
09-08 20:41:36.387  5376  5464 I SecHAL  : device_write: before system call
09-08 20:41:36.388  5376  5464 I SecHAL  : device_write: after system call
09-08 20:41:36.388  5376  5464 D SecHAL  : data_trace:  Send( 26) 21 03 17   0b 00 01 01 01 02 01 03 01 05 01 80 01 82 01 83 01 85 01 06 01 77 01 
09-08 20:41:36.388  5376  5464 I SecHAL  : device_write: exit
09-08 20:41:36.390  3178  5106 I OMXMaster: makeComponentInstance(OMX.google.vorbis.decoder) in mediacodec process
09-08 20:41:36.396  5376  5463 D SecHAL  : read_thread: Sent message to HAL message task, remind que: 2
09-08 20:41:36.396  5376  5464 D SecHAL  : nfc_hal_task: Got a event: HAL_EVT_READ(4)
09-08 20:41:36.396  5376  5464 D SecHAL  : nfc_hal_task: current state: SERVICE
09-08 20:41:36.396  5376  5464 D SecHAL  : data_trace:  Recv(  4) 41 03 01   00 
09-08 20:41:36.396  5376  5464 I SecHAL  : OSI_timer_start: enter,osi_lock
09-08 20:41:36.396  5376  5464 I SecHAL  : OSI_timer_start: before osi_unlock
09-08 20:41:36.396  5376  5464 I SecHAL  : OSI_timer_start: exit
09-08 20:41:36.396  5376  5464 I SecHAL  : nfc_data_callback: !
09-08 20:41:36.396  5376  5464 D NfcAdaptation: NfcAdaptation::HalDeviceContextDataCallback: len=4
09-08 20:41:36.397  5376  5462 I BrcmNfcNfa: NFC received rsp gid:1
09-08 20:41:36.397  5376  5462 I BrcmNfcNfa: p2p priority is running under bail out mode ONLY.
09-08 20:41:36.397  5376  5462 I BrcmNfcNfa: nfa_dm_disc_discovery_cback (): event:0x4000
09-08 20:41:36.397  5376  5462 I BrcmNfcNfa: nfa_dm_disc_sm_execute (): state: IDLE (0), event: DISCOVER_RSP(1) disc_flags: 0x31
09-08 20:41:36.397  5376  5462 I BrcmNfcNfa: nfa_dm_disc_new_state (): old_state: IDLE (0), new_state: DISCOVERY (1) disc_flags: 0x11
09-08 20:41:36.397  5376  5462 I BrcmNfcNfa: nfa_ce_discovery_cback(): event:0x00
09-08 20:41:36.397  5376  5462 I BrcmNfcNfa: nfa_ce_handle_disc_start (status=0x0)
09-08 20:41:36.397  5376  5462 I BrcmNfcNfa: nfa_dm_poll_disc_cback (): event:0x00
09-08 20:41:36.397  5376  5462 I BrcmNfcNfa: nfa_p2p_discovery_cback (): event:0x00
09-08 20:41:36.397  5376  5462 D BrcmNfcJni: nfaConnectionCallback: event= 30
09-08 20:41:36.397  5376  5462 D BrcmNfcJni: nfaConnectionCallback: NFA_RF_DISCOVERY_STARTED_EVT: status = 0
09-08 20:41:36.397  5376  5462 I BrcmNfcNfa: nfa_dm_disc_sm_execute (): new state: DISCOVERY (1), disc_flags: 0x1
09-08 20:41:36.397  5376  5456 D BrcmNfcJni: PowerSwitch::setModeOn(activated=0x1) : mCurrActivity=0x1
09-08 20:41:36.397  5376  5456 D BrcmNfcJni: nfcManager_enableDiscovery: exit
09-08 20:41:36.398  5376  5456 I NfcService: First Boot
09-08 20:41:36.593  3182  4984 I MediaPlayerService: MediaPlayerService::getOMX
09-08 20:41:36.594  5376  5574 I OMXClient: MuxOMX ctor
09-08 20:41:36.596  3178  3222 I OMXMaster: makeComponentInstance(OMX.google.vorbis.decoder) in mediacodec process
09-08 20:41:36.708  5546  5546 I ContactsPerf: VoicemailContentProvider.onCreate start
09-08 20:41:36.713  3593  3593 I chatty  : uid=1000 system_server expire 1 line
09-08 20:41:36.721  4940  4940 D CarrierConfigLoader: update config for phoneId: 1 simState: ABSENT
09-08 20:41:36.722  4940  4940 D CarrierSvcBindHelper: update binding for phoneId: 1 simState: ABSENT
