11-14 00:07:05.068  5923  5923 D CellBroadcastReceiver: Intent: android.intent.action.SERVICE_STATE
11-14 00:07:05.068  5923  5923 D CellBroadcastReceiver: Service state changed! 1 Full: 1 1 voice home data home null null 72234 null null 72234  LTE Unknown CSS not supported -1 -1 RoamInd=-1 DefRoamInd=-1 EmergOnly=true IsDataRoamingFromRegistration=false IsUsingCarrierAggregation=false Current state=0
11-14 00:07:05.070  3181  3518 V IdletimerController: runCmd(/system/bin/ip6tables -w -t mangle -D idletimer_mangle_POSTROUTING -o rmnet1 -j IDLETIMER --timeout 10 --label 0 --send_nl_msg 1) res_ipv4=0, res_ipv6=0
11-14 00:07:05.073  3611  4673 D ConnectivityService: Sending DISCONNECTED broadcast for type 0 NetworkAgentInfo [MOBILE (LTE) - 100] isDefaultNetwork=true
11-14 00:07:05.075  5825  5825 I com.android.messaging: type=1400 audit(0.0:284): avc: denied { lock } for comm=4173796E635461736B202331 path="/data/data/com.android.messaging/databases/bugle_db" dev="sda24" ino=2015583 scontext=u:r:platform_app:s0:c512,c768 tcontext=u:object_r:system_data_file:s0:c512,c768 tclass=file permissive=1
11-14 00:07:05.075  5825  5825 W com.android.messaging: type=1300 audit(0.0:284): arch=c00000b7 syscall=25 success=yes exit=0 a0=25 a1=6 a2=7f6a3bf238 a3=7f84cf5600 items=0 ppid=3170 auid=4294967295 uid=10061 gid=10061 euid=10061 suid=10061 fsuid=10061 egid=10061 sgid=10061 fsgid=10061 tty=(none) ses=4294967295 comm=4173796E635461736B202331 exe="/system/bin/app_process64" subj=u:r:platform_app:s0:c512,c768 key=(null)
11-14 00:07:05.075  3075  3075 W auditd  : type=1327 audit(0.0:284): proctitle="com.android.messaging"
11-14 00:07:05.075  3075  3075 W auditd  : type=1320 audit(0.0:284): 
11-14 00:07:05.079  5645  5645 I Email   : Unregister all idle mailboxes
11-14 00:07:05.087  3075  3075 W auditd  : type=1325 audit(0.0:285): table=mangle family=2 entries=18
11-14 00:07:05.087  3075  3075 W auditd  : type=1320 audit(0.0:285): 
11-14 00:07:05.117  5804  5997 W MessagingApp: canonicalizeMccMnc: invalid mccmnc:null ,null
11-14 00:07:05.119  3075  3075 W auditd  : type=1325 audit(0.0:286): table=mangle family=10 entries=17
11-14 00:07:05.119  3075  3075 W auditd  : type=1320 audit(0.0:286): 
11-14 00:07:05.128  3611  4796 D MmsServiceBroker: getCarrierConfigValues() by com.android.messaging
11-14 00:07:05.128  4906  4926 D MmsService: getCarrierConfigValues
11-14 00:07:05.128  4906  4926 I MmsService: mms config for sub 1: Bundle[{httpSocketTimeout=60000, aliasMinChars=2, smsToMmsTextThreshold=-1, enableSMSDeliveryReports=true, maxMessageTextSize=-1, supportMmsContentDisposition=true, enabledTransID=false, aliasEnabled=false, supportHttpCharsetHeader=false, allowAttachAudio=true, smsToMmsTextLengthThreshold=-1, recipientLimit=2147483647, uaProfTagName=x-wap-profile, aliasMaxChars=48, maxImageHeight=480, enableMMSDeliveryReports=false, userAgent=, mmsCloseConnection=false, config_cellBroadcastAppLinks=true, maxSubjectLength=40, httpParams=, enableGroupMms=true, emailGatewayNumber=, maxMessageSize=307200, naiSuffix=, enableMMSReadReports=false, maxImageWidth=640, uaProfUrl=, enabledMMS=true, enabledNotifyWapMMSC=false, sendMultipartSmsAsSeparateMessages=false, enableMultipartSMS=true}]
11-14 00:07:05.129  5804  5997 I MessagingApp: Carrier configs loaded: Bundle[{httpSocketTimeout=60000, aliasMinChars=2, smsToMmsTextThreshold=-1, enableSMSDeliveryReports=true, maxMessageTextSize=-1, supportMmsContentDisposition=true, enabledTransID=false, aliasEnabled=false, supportHttpCharsetHeader=false, allowAttachAudio=true, smsToMmsTextLengthThreshold=-1, recipientLimit=2147483647, uaProfTagName=x-wap-profile, aliasMaxChars=48, maxImageHeight=480, enableMMSDeliveryReports=false, userAgent=, mmsCloseConnection=false, config_cellBroadcastAppLinks=true, maxSubjectLength=40, httpParams=, enableGroupMms=true, emailGatewayNumber=, maxMessageSize=307200, naiSuffix=, enableMMSReadReports=false, maxImageWidth=640, uaProfUrl=, enabledMMS=true, enabledNotifyWapMMSC=false, sendMultipartSmsAsSeparateMessages=false, enableMultipartSMS=true}] from resources+system for subId=1
11-14 00:07:05.130  4906  4906 D CallNotifier: updatePhoneStateListeners: update CF notifications.
11-14 00:07:05.133  4906  4906 I NotificationMgr: updateMwi(): subId 1 update to false
11-14 00:07:05.134  4906  4906 I Telephony: PstnIncomingCallNotifier: Unregistering: Handler (com.android.internal.telephony.GsmCdmaPhone) {fa2a19e}
11-14 00:07:05.162  3611  4946 I Telecom : PhoneAccountRegistrar: [ComponentInfo{com.android.phone/com.android.services.telephony.TelephonyConnectionService}, [2628372b20c6b31a61c46f7f5a9328dbf0edaed6], UserHandle{0}(icon: Icon(typ=BITMAP size=67x84) -> Icon(typ=BITMAP size=67x84))(lbl:  -> PERSONAL)(desc:  -> PERSONAL)]: TSI.rPA@AFw
11-14 00:07:05.165  3611  4946 I Telecom : : Sending phone-account registered intent as user: TSI.rPA@AFw
11-14 00:07:05.168  3181  3518 E Netd    : netlink response contains error (No such file or directory)
11-14 00:07:05.169  4906  4906 I Telephony: AccountEntry: Registered phoneAccount: [[ ] PhoneAccount: ComponentInfo{com.android.phone/com.android.services.telephony.TelephonyConnectionService}, [2628372b20c6b31a61c46f7f5a9328dbf0edaed6], UserHandle{0} Capabilities: CallProvider MultiUser PlaceEmerg SimSub  Audio Routes: BESW Schemes: tel voicemail  Extras: null GroupId: [da39a3ee5e6b4b0d3255bfef95601890afd80709]] with handle: ComponentInfo{com.android.phone/com.android.services.telephony.TelephonyConnectionService}, [2628372b20c6b31a61c46f7f5a9328dbf0edaed6], UserHandle{0}
11-14 00:07:05.169  4906  4906 I Telephony: PstnIncomingCallNotifier: Registering: Handler (com.android.internal.telephony.GsmCdmaPhone) {fa2a19e}
11-14 00:07:05.178  3611  4673 D NetworkNotificationManager: clearing notification tag=ConnectivityNotification:100 event=SIGN_IN
11-14 00:07:05.183  3611  4019 V WiredAccessoryManager: Headset UEVENT: {SUBSYSTEM=switch, SEQNUM=2933, ACTION=change, SWITCH_STATE=0, SWITCH_NAME=h2w, DEVPATH=/devices/virtual/switch/h2w}
11-14 00:07:05.183  3611  4019 V WiredAccessoryManager: newName=h2w newState=0 headsetState=0 prev headsetState=1
11-14 00:07:05.184  3611  4019 I chatty  : uid=1000(system) UEventObserver expire 2 lines
11-14 00:07:05.184  3611  3611 V WiredAccessoryManager: headsetName:  disconnected
11-14 00:07:05.206  4906  6007 I MmsService: MmsConfigManager loads in background mcc/mnc: 722/34
11-14 00:07:05.207  5349  5349 D AudioFxService: rebuilding presets due to preference upgrade from 0 to 4
11-14 00:07:05.208  3172  3172 W AudioFlinger: createEffect() effect not found
11-14 00:07:05.209  5349  6006 D AudioFx-AudioOutputChangeListener: onAudioOutputChanged id: 9 type: 3 name: SM-G955F address:  [android.media.AudioDeviceInfo@3cf6ad5]
11-14 00:07:05.210  3611  3668 I ActivityManager: Start proc 6008:com.cyanogenmod.eleven/u0a13 for broadcast com.cyanogenmod.eleven/.MediaButtonIntentReceiver
11-14 00:07:05.212  5349  5349 E AudioEffect: set(): AudioFlinger could not create effect, status: -22
11-14 00:07:05.212  5349  5349 E AudioEffects-JNI: AudioEffect initCheck failed -3
11-14 00:07:05.212  5349  5349 E AudioEffect-JAVA: Error code -3 when initializing AudioEffect.
11-14 00:07:05.213  5349  5349 E AudioFx-EffectSet: error creatingEffectSet (AndroidEffects) [  mSessionId: 0 mDeviceInfo: null mGlobalEnabled: false ], releasing and throwing!
11-14 00:07:05.215  5349  5349 E AudioFxService: Failed to initialize defaults!
11-14 00:07:05.215  5349  5349 E AudioFxService: java.lang.RuntimeException: Cannot initialize effect engine for type: 0bed4300-ddd6-11db-8f34-0002a5d5c51b Error: -3
11-14 00:07:05.215  5349  5349 E AudioFxService: 	at android.media.audiofx.AudioEffect.<init>(AudioEffect.java:411)
11-14 00:07:05.215  5349  5349 E AudioFxService: 	at android.media.audiofx.Equalizer.<init>(Equalizer.java:139)
11-14 00:07:05.215  5349  5349 E AudioFxService: 	at org.cyanogenmod.audiofx.backends.EffectSetWithAndroidEq.onCreate(EffectSetWithAndroidEq.java:39)
11-14 00:07:05.215  5349  5349 E AudioFxService: 	at org.cyanogenmod.audiofx.backends.AndroidEffects.onCreate(AndroidEffects.java:53)
11-14 00:07:05.215  5349  5349 E AudioFxService: 	at org.cyanogenmod.audiofx.backends.EffectSet.<init>(EffectSet.java:41)
11-14 00:07:05.215  5349  5349 E AudioFxService: 	at org.cyanogenmod.audiofx.backends.EffectSetWithAndroidEq.<init>(EffectSetWithAndroidEq.java:34)
11-14 00:07:05.215  5349  5349 E AudioFxService: 	at org.cyanogenmod.audiofx.backends.AndroidEffects.<init>(AndroidEffects.java:48)
11-14 00:07:05.215  5349  5349 E AudioFxService: 	at org.cyanogenmod.audiofx.backends.EffectsFactory.createEffectSet(EffectsFactory.java:22)
11-14 00:07:05.215  5349  5349 E AudioFxService: 	at org.cyanogenmod.audiofx.service.DevicePreferenceManager.saveAndApplyDefaults(DevicePreferenceManager.java:141)
11-14 00:07:05.215  5349  5349 E AudioFxService: 	at org.cyanogenmod.audiofx.service.DevicePreferenceManager.initDefaults(DevicePreferenceManager.java:81)
11-14 00:07:05.215  5349  5349 E AudioFxService: 	at org.cyanogenmod.audiofx.service.AudioFxService.onCreate(AudioFxService.java:143)
11-14 00:07:05.215  5349  5349 E AudioFxService: 	at android.app.ActivityThread.handleCreateService(ActivityThread.java:3216)
11-14 00:07:05.215  5349  5349 E AudioFxService: 	at android.app.ActivityThread.-wrap5(ActivityThread.java)
11-14 00:07:05.215  5349  5349 E AudioFxService: 	at android.app.ActivityThread$H.handleMessage(ActivityThread.java:1586)
11-14 00:07:05.215  5349  5349 E AudioFxService: 	at android.os.Handler.dispatchMessage(Handler.java:102)
11-14 00:07:05.215  5349  5349 E AudioFxService: 	at android.os.Looper.loop(Looper.java:154)
11-14 00:07:05.215  5349  5349 E AudioFxService: 	at android.app.ActivityThread.main(ActivityThread.java:6186)
11-14 00:07:05.215  5349  5349 E AudioFxService: 	at java.lang.reflect.Method.invoke(Native Method)
11-14 00:07:05.215  5349  5349 E AudioFxService: 	at com.android.internal.os.ZygoteInit$MethodAndArgsCaller.run(ZygoteInit.java:889)
11-14 00:07:05.215  5349  5349 E AudioFxService: 	at com.android.internal.os.ZygoteInit.main(ZygoteInit.java:779)
11-14 00:07:05.290  3611  4946 I ActivityManager: Start proc 6024:com.cyanogenmod.eleven:main/u0a13 for service com.cyanogenmod.eleven/.MusicPlaybackService
11-14 00:07:05.300  3611  4946 I ActivityManager: Killing 5225:com.android.carrierconfig/u0a4 (adj 906): empty #17
11-14 00:07:05.318  4906  4906 D TelephonyProvider: subIdString = 1 subId = 1
11-14 00:07:05.338  3611  4796 D ActivityManager: cleanUpApplicationRecord -- 5225
11-14 00:07:05.382  6024  6024 V RenderScript_jni: RS native mode
11-14 00:07:05.391  6024  6024 V RenderScript_jni: Unable to load libRSSupportIO.so, USAGE_IO not supported
11-14 00:07:05.450  3611  4778 I Telecom : PhoneAccountRegistrar: [ComponentInfo{com.android.phone/com.android.services.telephony.TelephonyConnectionService}, [2628372b20c6b31a61c46f7f5a9328dbf0edaed6], UserHandle{0}(icon: Icon(typ=BITMAP size=67x84) -> Icon(typ=BITMAP size=67x84))]: TSI.rPA@AGA
11-14 00:07:05.454  3611  4778 I Telecom : : Sending phone-account registered intent as user: TSI.rPA@AGA
11-14 00:07:05.475  6024  6024 E MediaPlayer-JNI: JNIMediaPlayerFactory: bIsQCMediaPlayerPresent 0
11-14 00:07:05.475  6024  6024 E MediaPlayer-JNI: JNIMediaPlayerFactory: bIsQCMediaPlayerPresent 0
11-14 00:07:05.569  6024  6055 D LocaleSetManager: Locale Changed from: null to null
11-14 00:07:05.613  6024  6055 I MusicLocale: AddressBook Labels [en-US]: [, A, B, C, D, E, F, G, H, I, J, K, L, M, N, O, P, Q, R, S, T, U, V, W, X, Y, Z, , , , , , , , , , , , , , , , , , , , , , , , , , , , , , , , , , , , , , , , , , , , , , , , , , , , , , , , , , , , , , , , , , , , , , , , , , , , , , , , , , , , , , , , , , , , , , , , , , , , , , , , , , , , , , , , , , , , , , , , , , , , , , , , , , , , , , , , , , , , , , , , , , , , , , , , , , , , , , , , , , , , , , , , , , , , , , , , , , , , , , , , , , , #, ]
11-14 00:07:05.625  6024  6055 I MusicLocale: AddressBook Labels [en-US]: [, A, B, C, D, E, F, G, H, I, J, K, L, M, N, O, P, Q, R, S, T, U, V, W, X, Y, Z, , , , , , , , , , , , , , , , , , , , , , , , , , , , , , , , , , , , , , , , , , , , , , , , , , , , , , , , , , , , , , , , , , , , , , , , , , , , , , , , , , , , , , , , , , , , , , , , , , , , , , , , , , , , , , , , , , , , , , , , , , , , , , , , , , , , , , , , , , , , , , , , , , , , , , , , , , , , , , , , , , , , , , , , , , , , , , , , , , , , , , , , , , , #, ]
11-14 00:07:05.626  6024  6055 D LocaleSetManager: Locale Changed from: null to en-US
11-14 00:07:05.870  6024  6024 W WakefulBroadcastReceiver: No active wake lock id #1
11-14 00:07:05.895  4771  4771 V MediaRouter: Updating audio routes: AudioRoutesInfo{ type=SPEAKER }
11-14 00:07:05.896  4771  4771 V MediaRouter: Dispatching route change: RouteInfo{ name=Phone, description=null, status=null, category=RouteCategory{ name=null types=ROUTE_TYPE_LIVE_AUDIO ROUTE_TYPE_LIVE_VIDEO  groupable=false }, supportedTypes=ROUTE_TYPE_LIVE_AUDIO ROUTE_TYPE_LIVE_VIDEO , presentationDisplay=null }
11-14 00:07:05.900  3611  3611 I Telecom : WiredHeadsetManager: ACTION_HEADSET_PLUG event, plugged in: true, : WHC.oADR@AGI
11-14 00:07:05.908  4771  4851 I vol.Events: writeEvent level_changed STREAM_MUSIC 11
11-14 00:07:05.917  3611  3611 I Telecom : WiredHeadsetManager: ACTION_HEADSET_PLUG event, plugged in: false, : WHC.oADR@AGM
11-14 00:07:05.917  3611  5044 I Telecom : CallAudioRouteStateMachine: Message received: DISCONNECT_WIRED_HEADSET=2, arg1=0: WHC.oADR->CARSM.pM_DISCONNECT_WIRED_HEADSET@AGM_0
11-14 00:07:05.918  3611  5044 I Telecom : Telecom: Non-call EVENT: AUDIO_ROUTE, Wired headset disconnected: WHC.oADR->CARSM.pM_DISCONNECT_WIRED_HEADSET@AGM_0
11-14 00:07:05.918  3611  5044 I Telecom : CallAudioRouteStateMachine: Message received: SWITCH_BASELINE_ROUTE=1005, arg1=0: WHC.oADR->CARSM.pM_DISCONNECT_WIRED_HEADSET->CARSM.pM_SWITCH_BASELINE_ROUTE@AGM_0_0
11-14 00:07:05.919  3611  5044 I Telecom : CallAudioRouteStateMachine: Message received: SWITCH_EARPIECE=1001, arg1=0: WHC.oADR->CARSM.pM_DISCONNECT_WIRED_HEADSET->CARSM.pM_SWITCH_BASELINE_ROUTE->CARSM.pM_SWITCH_EARPIECE@AGM_0_0_0
11-14 00:07:05.919  3611  5044 I Telecom : Telecom: Non-call EVENT: AUDIO_ROUTE, Leaving state QuiescentHeadsetRoute: WHC.oADR->CARSM.pM_DISCONNECT_WIRED_HEADSET->CARSM.pM_SWITCH_BASELINE_ROUTE->CARSM.pM_SWITCH_EARPIECE@AGM_0_0_0
11-14 00:07:05.919  3611  5044 I Telecom : Telecom: Non-call EVENT: AUDIO_ROUTE, Entering state QuiescentEarpieceRoute: WHC.oADR->CARSM.pM_DISCONNECT_WIRED_HEADSET->CARSM.pM_SWITCH_BASELINE_ROUTE->CARSM.pM_SWITCH_EARPIECE@AGM_0_0_0
11-14 00:07:06.457  4771  4851 I vol.Events: writeEvent active_stream_changed STREAM_RING
11-14 00:07:06.458  4771  4851 I vol.Events: writeEvent key STREAM_RING 3
11-14 00:07:06.462  4771  4771 I vol.Events: writeEvent show_dialog volume_changed keyguard=false
11-14 00:07:06.488  4771  4870 D mali_winsys: EGLint new_window_surface(egl_winsys_display*, void*, EGLSurface, EGLConfig, egl_winsys_surface**, egl_color_buffer_format*, EGLBoolean) returns 0x3000,  [1664x467]-format:1
11-14 00:07:06.890  3611  3671 I ActivityManager: Waited long enough for: ServiceRecord{2e72b76 u0 com.android.calendar/.alerts.InitAlarmsService}
11-14 00:07:07.196  4771  4851 I vol.Events: writeEvent level_changed STREAM_RING 4
11-14 00:07:07.197  4771  4851 I vol.Events: writeEvent key STREAM_RING 4
11-14 00:07:07.197  4771  4851 I vol.Events: writeEvent level_changed STREAM_SYSTEM 4
11-14 00:07:07.442  4771  4851 I vol.Events: writeEvent level_changed STREAM_SYSTEM 5
11-14 00:07:07.446  4771  4851 I vol.Events: writeEvent level_changed STREAM_RING 5
11-14 00:07:07.446  4771  4851 I vol.Events: writeEvent key STREAM_RING 5
11-14 00:07:07.855  3172  3235 W AudioFlinger: createEffect() error -2 from EffectGetDescriptor
11-14 00:07:07.856  3172  3235 E AudioEffect: set(): AudioFlinger could not create effect, status: -2
11-14 00:07:07.856  3172  3235 E AudioPolicyEffects: addOutputSessionEffects(): failed to create Fx  sa3d on session 25
11-14 00:07:08.402  4771  4851 I vol.Events: writeEvent level_changed STREAM_SYSTEM 6
11-14 00:07:08.404  4771  4851 I vol.Events: writeEvent level_changed STREAM_RING 6
11-14 00:07:08.404  4771  4851 I vol.Events: writeEvent key STREAM_RING 6
11-14 00:07:08.543  4771  4851 I vol.Events: writeEvent level_changed STREAM_RING 7
11-14 00:07:08.543  4771  4851 I vol.Events: writeEvent key STREAM_RING 7
11-14 00:07:08.543  4771  4851 I vol.Events: writeEvent level_changed STREAM_SYSTEM 7
11-14 00:07:08.974  3172  3235 W AudioFlinger: createEffect() error -2 from EffectGetDescriptor
11-14 00:07:08.974  3172  3235 E AudioEffect: set(): AudioFlinger could not create effect, status: -2
11-14 00:07:08.974  3172  3235 E AudioPolicyEffects: addOutputSessionEffects(): failed to create Fx  sa3d on session 25
11-14 00:07:09.607  3075  3075 W auditd  : type=1325 audit(0.0:290): table=filter family=2 entries=98
11-14 00:07:09.607  3075  3075 W auditd  : type=1320 audit(0.0:290): 
11-14 00:07:09.619  3075  3075 W auditd  : type=1325 audit(0.0:291): table=filter family=10 entries=109
11-14 00:07:09.619  3075  3075 W auditd  : type=1320 audit(0.0:291): 
11-14 00:07:09.627  3075  3075 W auditd  : type=1325 audit(0.0:292): table=filter family=2 entries=100
11-14 00:07:09.627  3075  3075 W auditd  : type=1320 audit(0.0:292): 
11-14 00:07:09.635  3075  3075 W auditd  : type=1325 audit(0.0:293): table=filter family=10 entries=111
11-14 00:07:09.635  3075  3075 W auditd  : type=1320 audit(0.0:293): 
11-14 00:07:09.663  3075  3075 W auditd  : type=1325 audit(0.0:294): table=filter family=2 entries=101
11-14 00:07:09.663  3075  3075 W auditd  : type=1320 audit(0.0:294): 
11-14 00:07:09.671  3075  3075 W auditd  : type=1325 audit(0.0:295): table=filter family=10 entries=112
11-14 00:07:09.671  3075  3075 W auditd  : type=1320 audit(0.0:295): 
11-14 00:07:09.699  3075  3075 W auditd  : type=1325 audit(0.0:296): table=filter family=2 entries=102
11-14 00:07:09.699  3075  3075 W auditd  : type=1320 audit(0.0:296): 
11-14 00:07:09.707  3075  3075 W auditd  : type=1325 audit(0.0:297): table=filter family=10 entries=113
11-14 00:07:09.707  3075  3075 W auditd  : type=1320 audit(0.0:297): 
11-14 00:07:09.717  4771  4851 I vol.Events: writeEvent level_changed STREAM_SYSTEM 6
11-14 00:07:09.720  4771  4851 I vol.Events: writeEvent level_changed STREAM_RING 6
11-14 00:07:09.720  4771  4851 I vol.Events: writeEvent key STREAM_RING 6
11-14 00:07:09.731  3075  3075 W auditd  : type=1325 audit(0.0:298): table=filter family=2 entries=103
11-14 00:07:09.731  3075  3075 W auditd  : type=1320 audit(0.0:298): 
11-14 00:07:09.743  3075  3075 W auditd  : type=1325 audit(0.0:299): table=filter family=10 entries=114
11-14 00:07:09.743  3075  3075 W auditd  : type=1320 audit(0.0:299): 
11-14 00:07:09.974  4771  4851 I vol.Events: writeEvent level_changed STREAM_SYSTEM 5
11-14 00:07:09.977  4771  4851 I vol.Events: writeEvent level_changed STREAM_RING 5
11-14 00:07:09.977  4771  4851 I vol.Events: writeEvent key STREAM_RING 5
11-14 00:07:10.278  3172  3235 W AudioFlinger: createEffect() error -2 from EffectGetDescriptor
11-14 00:07:10.279  3172  3235 E AudioEffect: set(): AudioFlinger could not create effect, status: -2
11-14 00:07:10.279  3172  3235 E AudioPolicyEffects: addOutputSessionEffects(): failed to create Fx  sa3d on session 25
11-14 00:07:10.490  3611  4796 I ActivityManager: Killing 5747:com.cyanogenmod.settings.device/1000 (adj 906): empty #17
11-14 00:07:10.526  3611  4946 D ActivityManager: cleanUpApplicationRecord -- 5747
11-14 00:07:10.591  4771  4851 I vol.Events: writeEvent level_changed STREAM_SYSTEM 4
11-14 00:07:10.593  4771  4851 I vol.Events: writeEvent level_changed STREAM_RING 4
11-14 00:07:10.593  4771  4851 I vol.Events: writeEvent key STREAM_RING 4
11-14 00:07:10.896  3172  3235 W AudioFlinger: createEffect() error -2 from EffectGetDescriptor
11-14 00:07:10.896  3172  3235 E AudioEffect: set(): AudioFlinger could not create effect, status: -2
11-14 00:07:10.896  3172  3235 E AudioPolicyEffects: addOutputSessionEffects(): failed to create Fx  sa3d on session 25
11-14 00:07:13.601  4771  4771 I vol.Events: writeEvent dismiss_dialog timeout
11-14 00:07:13.604  4771  4851 I vol.Events: writeEvent active_stream_changed UNKNOWN_STREAM_-1
11-14 00:07:15.549  3611  3668 I ActivityManager: Killing 5767:com.android.camera2/u0a44 (adj 906): empty #17
11-14 00:07:15.610  3611  3668 D ActivityManager: cleanUpApplicationRecord -- 5767
11-14 00:07:17.501  3611  4019 V WiredAccessoryManager: Headset UEVENT: {SUBSYSTEM=switch, SEQNUM=2935, ACTION=change, SWITCH_STATE=1, SWITCH_NAME=h2w, DEVPATH=/devices/virtual/switch/h2w}
11-14 00:07:17.502  3611  4019 V WiredAccessoryManager: newName=h2w newState=1 headsetState=1 prev headsetState=0
11-14 00:07:17.504  3611  3611 V WiredAccessoryManager: headsetName:  connected
11-14 00:07:17.524  3611  3611 I Telecom : WiredHeadsetManager: ACTION_HEADSET_PLUG event, plugged in: true, : WHC.oADA@AHU
11-14 00:07:17.527  3611  5044 I Telecom : CallAudioRouteStateMachine: Message received: CONNECT_WIRED_HEADSET=1, arg1=0: WHC.oADA->CARSM.pM_CONNECT_WIRED_HEADSET@AHU_0
11-14 00:07:17.527  3611  5044 I Telecom : Telecom: Non-call EVENT: AUDIO_ROUTE, Wired headset connected: WHC.oADA->CARSM.pM_CONNECT_WIRED_HEADSET@AHU_0
11-14 00:07:17.529  3611  5044 I Telecom : CallAudioRouteStateMachine: Message received: SWITCH_HEADSET=1003, arg1=0: WHC.oADA->CARSM.pM_CONNECT_WIRED_HEADSET->CARSM.pM_SWITCH_HEADSET@AHU_0_0
11-14 00:07:17.529  3611  5044 I Telecom : Telecom: Non-call EVENT: AUDIO_ROUTE, Leaving state QuiescentEarpieceRoute: WHC.oADA->CARSM.pM_CONNECT_WIRED_HEADSET->CARSM.pM_SWITCH_HEADSET@AHU_0_0
11-14 00:07:17.530  3611  5044 I Telecom : Telecom: Non-call EVENT: AUDIO_ROUTE, Entering state QuiescentHeadsetRoute: WHC.oADA->CARSM.pM_CONNECT_WIRED_HEADSET->CARSM.pM_SWITCH_HEADSET@AHU_0_0
11-14 00:07:17.533  3172  6121 I AudioFlinger: AudioFlinger's thread 0xf4f03a40 ready to run
11-14 00:07:17.543  4771  4771 V MediaRouter: Updating audio routes: AudioRoutesInfo{ type=HEADSET }
11-14 00:07:17.544  4771  4771 V MediaRouter: Dispatching route change: RouteInfo{ name=Headphones, description=null, status=null, category=RouteCategory{ name=null types=ROUTE_TYPE_LIVE_AUDIO ROUTE_TYPE_LIVE_VIDEO  groupable=false }, supportedTypes=ROUTE_TYPE_LIVE_AUDIO ROUTE_TYPE_LIVE_VIDEO , presentationDisplay=null }
11-14 00:07:17.547  3611  3611 I Telecom : WiredHeadsetManager: ACTION_HEADSET_PLUG event, plugged in: true, : WHC.oADA@AHY
11-14 00:07:17.566  4771  4851 I vol.Events: writeEvent level_changed STREAM_SYSTEM 3
11-14 00:07:17.569  4771  4851 I vol.Events: writeEvent level_changed STREAM_MUSIC 10
11-14 00:07:19.113  3611  4778 I ActivityManager: START u0 {act=com.android.wizard.NEXT cmp=com.cyanogenmod.setupwizard/.wizardmanager.WizardManager (has extras)} from uid 1000 on display 0
11-14 00:07:19.124  3180  3248 I MediaPlayerService: MediaPlayerService::getOMX
11-14 00:07:19.125  3611  6127 I chatty  : uid=1000 system_server expire 4 lines
11-14 00:07:19.126  3611  6124 I chatty  : uid=1000 system_server expire 2 lines
11-14 00:07:19.132  3180  4868 I MediaPlayerService: MediaPlayerService::getOMX
11-14 00:07:19.132  3611  6128 I chatty  : uid=1000 system_server expire 4 lines
11-14 00:07:19.160  3611  4947 I ActivityManager: START u0 {act=com.cyanogenmod.setupwizard.LINEAGE_LOCALE flg=0x4000000 cmp=com.cyanogenmod.setupwizard/.LocaleActivity (has extras)} from uid 1000 on display 0
11-14 00:07:19.225  5447  6129 D MccTable: defaultLanguageForMcc(722): country ar uses es
11-14 00:07:19.225  5447  6129 D MccTable: getLocaleFromMcc(es, ar, 722
11-14 00:07:19.227  5447  6129 D MccTable: getLocaleForLanguageCountry: got a language-only match: es-ES
11-14 00:07:19.233  5447  6130 D MccTable: defaultLanguageForMcc(722): country ar uses es
11-14 00:07:19.233  5447  6130 D MccTable: getLocaleFromMcc(es, ar, 722
11-14 00:07:19.235  5447  6130 D MccTable: getLocaleForLanguageCountry: got a language-only match: es-ES
11-14 00:07:19.242  5447  5502 D mali_winsys: EGLint new_window_surface(egl_winsys_display*, void*, EGLSurface, EGLConfig, egl_winsys_surface**, egl_color_buffer_format*, EGLBoolean) returns 0x3000,  [1440x2960]-format:1
11-14 00:07:19.326  5447  5502 D mali_winsys: EGLint new_window_surface(egl_winsys_display*, void*, EGLSurface, EGLConfig, egl_winsys_surface**, egl_color_buffer_format*, EGLBoolean) returns 0x3000,  [831x154]-format:1
11-14 00:07:19.648  5447  5447 I art     : Starting a blocking GC Explicit
11-14 00:07:19.676  5447  5447 I art     : Explicit concurrent mark sweep GC freed 11590(479KB) AllocSpace objects, 2(56KB) LOS objects, 40% free, 7MB/12MB, paused 320us total 27.008ms
11-14 00:07:19.677  5447  5457 E System  : Uncaught exception thrown by finalizer
11-14 00:07:19.678  5447  5457 E System  : java.lang.IllegalStateException: Binder has been finalized!
11-14 00:07:19.678  5447  5457 E System  : 	at android.os.BinderProxy.transactNative(Native Method)
11-14 00:07:19.678  5447  5457 E System  : 	at android.os.BinderProxy.transact(Binder.java:615)
11-14 00:07:19.678  5447  5457 E System  : 	at com.android.internal.app.IAppOpsService$Stub$Proxy.stopWatchingMode(IAppOpsService.java:479)
11-14 00:07:19.678  5447  5457 E System  : 	at android.media.PlayerBase.baseRelease(PlayerBase.java:136)
11-14 00:07:19.678  5447  5457 E System  : 	at android.media.MediaPlayer.finalize(MediaPlayer.java:2810)
11-14 00:07:19.678  5447  5457 E System  : 	at java.lang.Daemons$FinalizerDaemon.doFinalize(Daemons.java:222)
11-14 00:07:19.678  5447  5457 E System  : 	at java.lang.Daemons$FinalizerDaemon.run(Daemons.java:209)
11-14 00:07:19.678  5447  5457 E System  : 	at java.lang.Thread.run(Thread.java:761)
11-14 00:07:19.679  5447  5447 I art     : Starting a blocking GC Explicit
11-14 00:07:19.696  5447  5447 I art     : Explicit concurrent mark sweep GC freed 876(72KB) AllocSpace objects, 0(0B) LOS objects, 40% free, 7MB/12MB, paused 444us total 17.240ms
11-14 00:07:20.273  3611  4796 I ActivityManager: Config changes=2004 {1.0 722mcc34mnc [es_ES] ldltr sw411dp w411dp h773dp 560dpi nrml long port finger -keyb/v/h -nav/h s.8}
11-14 00:07:20.276  3611  3671 D CryptdConnector: SND -> {4 cryptfs setfield SystemLocale es-ES}
11-14 00:07:20.370  3611  4036 D CryptdConnector: RCV <- {200 4 0}
11-14 00:07:20.376  5591  5591 D AlertReceiver: onReceive: a=android.intent.action.LOCALE_CHANGED Intent { act=android.intent.action.LOCALE_CHANGED flg=0x10000010 cmp=com.android.calendar/.alerts.AlertReceiver }
11-14 00:07:20.385  5181  5181 I AlarmClock: AlarmInitReceiver android.intent.action.LOCALE_CHANGED
11-14 00:07:20.391  5181  5181 I droid.deskclock: type=1400 audit(0.0:334): avc: denied { write } for name="shared_prefs" dev="sda24" ino=3121296 scontext=u:r:untrusted_app:s0:c512,c768 tcontext=u:object_r:system_data_file:s0:c512,c768 tclass=dir permissive=1
11-14 00:07:20.391  5181  5181 I droid.deskclock: type=1400 audit(0.0:334): avc: denied { remove_name } for name="com.android.deskclock_preferences.xml" dev="sda24" ino=3121336 scontext=u:r:untrusted_app:s0:c512,c768 tcontext=u:object_r:system_data_file:s0:c512,c768 tclass=dir permissive=1
11-14 00:07:20.391  5181  5181 I droid.deskclock: type=1400 audit(0.0:334): avc: denied { rename } for name="com.android.deskclock_preferences.xml" dev="sda24" ino=3121336 scontext=u:r:untrusted_app:s0:c512,c768 tcontext=u:object_r:system_data_file:s0:c512,c768 tclass=file permissive=1
11-14 00:07:20.391  5181  5181 I droid.deskclock: type=1400 audit(0.0:334): avc: denied { add_name } for name="com.android.deskclock_preferences.xml.bak" scontext=u:r:untrusted_app:s0:c512,c768 tcontext=u:object_r:system_data_file:s0:c512,c768 tclass=dir permissive=1
11-14 00:07:20.391  5181  5181 W droid.deskclock: type=1300 audit(0.0:334): arch=c00000b7 syscall=38 success=yes exit=0 a0=ffffff9c a1=7f7a9686a0 a2=ffffff9c a3=7f7a9688e0 items=0 ppid=3170 auid=4294967295 uid=10046 gid=10046 euid=10046 suid=10046 fsuid=10046 egid=10046 sgid=10046 fsgid=10046 tty=(none) ses=4294967295 exe="/system/bin/app_process64" subj=u:r:untrusted_app:s0:c512,c768 key=(null)
11-14 00:07:20.391  3075  3075 W auditd  : type=1327 audit(0.0:334): proctitle="com.android.deskclock"
11-14 00:07:20.391  3075  3075 W auditd  : type=1320 audit(0.0:334): 
11-14 00:07:20.391  5181  5181 I droid.deskclock: type=1400 audit(0.0:335): avc: denied { create } for name="com.android.deskclock_preferences.xml" scontext=u:r:untrusted_app:s0:c512,c768 tcontext=u:object_r:system_data_file:s0:c512,c768 tclass=file permissive=1
11-14 00:07:20.391  5181  5181 I droid.deskclock: type=1400 audit(0.0:335): avc: denied { write } for path="/data/user_de/0/com.android.deskclock/shared_prefs/com.android.deskclock_preferences.xml" dev="sda24" ino=3121344 scontext=u:r:untrusted_app:s0:c512,c768 tcontext=u:object_r:system_data_file:s0:c512,c768 tclass=file permissive=1
11-14 00:07:20.391  5181  5181 W droid.deskclock: type=1300 audit(0.0:335): arch=c00000b7 syscall=56 success=yes exit=37 a0=ffffff9c a1=7f7a9686a0 a2=241 a3=1b6 items=0 ppid=3170 auid=4294967295 uid=10046 gid=10046 euid=10046 suid=10046 fsuid=10046 egid=10046 sgid=10046 fsgid=10046 tty=(none) ses=4294967295 exe="/system/bin/app_process64" subj=u:r:untrusted_app:s0:c512,c768 key=(null)
11-14 00:07:20.391  3075  3075 W auditd  : type=1327 audit(0.0:335): proctitle="com.android.deskclock"
11-14 00:07:20.391  3075  3075 W auditd  : type=1320 audit(0.0:335): 
11-14 00:07:20.391  5181  5181 I droid.deskclock: type=1400 audit(0.0:336): avc: denied { getattr } for path="/data/user_de/0/com.android.deskclock/shared_prefs/com.android.deskclock_preferences.xml" dev="sda24" ino=3121344 scontext=u:r:untrusted_app:s0:c512,c768 tcontext=u:object_r:system_data_file:s0:c512,c768 tclass=file permissive=1
11-14 00:07:20.391  5181  5181 W droid.deskclock: type=1300 audit(0.0:336): arch=c00000b7 syscall=80 success=yes exit=0 a0=25 a1=7fe24d6708 a2=241 a3=1b6 items=0 ppid=3170 auid=4294967295 uid=10046 gid=10046 euid=10046 suid=10046 fsuid=10046 egid=10046 sgid=10046 fsgid=10046 tty=(none) ses=4294967295 exe="/system/bin/app_process64" subj=u:r:untrusted_app:s0:c512,c768 key=(null)
11-14 00:07:20.391  3075  3075 W auditd  : type=1327 audit(0.0:336): proctitle="com.android.deskclock"
11-14 00:07:20.391  3075  3075 W auditd  : type=1320 audit(0.0:336): 
11-14 00:07:20.409  5591  6141 D AlertService: 0 Action = android.intent.action.LOCALE_CHANGED
11-14 00:07:20.409  5591  6141 I GlobalDismissManager: no sender configured
11-14 00:07:20.409  5591  6141 D AlertService: Beginning updateAlertNotification
11-14 00:07:20.411  5181  5181 I droid.deskclock: type=1400 audit(0.0:337): avc: denied { setattr } for name="com.android.deskclock_preferences.xml" dev="sda24" ino=3121344 scontext=u:r:untrusted_app:s0:c512,c768 tcontext=u:object_r:system_data_file:s0:c512,c768 tclass=file permissive=1
11-14 00:07:20.411  5181  5181 W droid.deskclock: type=1300 audit(0.0:337): arch=c00000b7 syscall=53 success=yes exit=0 a0=ffffff9c a1=7f7a9686a0 a2=1b0 a3=0 items=0 ppid=3170 auid=4294967295 uid=10046 gid=10046 euid=10046 suid=10046 fsuid=10046 egid=10046 sgid=10046 fsgid=10046 tty=(none) ses=4294967295 exe="/system/bin/app_process64" subj=u:r:untrusted_app:s0:c512,c768 key=(null)
11-14 00:07:20.411  3075  3075 W auditd  : type=1327 audit(0.0:337): proctitle="com.android.deskclock"
11-14 00:07:20.411  3075  3075 W auditd  : type=1320 audit(0.0:337): 
11-14 00:07:20.456  3611  3611 I InputMethodManagerService: Default found, using com.android.inputmethod.latin/.LatinIME
11-14 00:07:20.457  3611  3611 W InputMethodManagerService: Illegal subtype state: old subtype = null, new subtype = android.view.inputmethod.InputMethodSubtype@30a6e00e
11-14 00:07:20.458  3611  3611 I chatty  : uid=1000 system_server expire 6 lines
11-14 00:07:20.504  5645  5645 D BluetoothEmailBroadcastReceiver: Received android.intent.action.LOCALE_CHANGED
11-14 00:07:20.510  4758  4758 I SystemBroadcastReceiver: System locale changed
11-14 00:07:20.511  4906  4906 D CallNotifier: updatePhoneStateListeners: update CF notifications.
11-14 00:07:20.515  3169  3169 D gpsd    : WakeLock(Acquire,GPSD)
11-14 00:07:20.515  3611  3670 I chatty  : uid=1000(system) android.bg expire 2 lines
11-14 00:07:20.516  3169  3169 D gpsd    : WakeLock(Release,GPSD)
11-14 00:07:20.516  3169  3169 D gpsd    : WakeLock(Acquire,GPSD)
11-14 00:07:20.516  5591  6141 D AlertService: No fired or scheduled alerts
11-14 00:07:20.516  3169  3169 D gpsd    : WakeLock(Release,GPSD)
11-14 00:07:20.516  3169  3169 D gpsd    : WakeLock(Acquire,GPSD)
11-14 00:07:20.516  3169  3169 D gpsd    : WakeLock(Release,GPSD)
11-14 00:07:20.517  4906  4906 I NotificationMgr: updateMwi(): subId 1 update to false
11-14 00:07:20.520  4906  4906 I Telephony: PstnIncomingCallNotifier: Unregistering: Handler (com.android.internal.telephony.GsmCdmaPhone) {fa2a19e}
11-14 00:07:20.523  5447  5502 D mali_winsys: EGLint new_window_surface(egl_winsys_display*, void*, EGLSurface, EGLConfig, egl_winsys_surface**, egl_color_buffer_format*, EGLBoolean) returns 0x3000,  [1440x2960]-format:1
11-14 00:07:20.533  5447  5502 D mali_winsys: EGLint new_window_surface(egl_winsys_display*, void*, EGLSurface, EGLConfig, egl_winsys_surface**, egl_color_buffer_format*, EGLBoolean) returns 0x3000,  [1440x2960]-format:1
11-14 00:07:20.545  4771  4771 W View    : requestLayout() improperly called by com.android.systemui.statusbar.AlphaOptimizedButton{5153997 IFED..C.. ......I. 0,0-0,0 #7f12010c app:id/alarm_status} during layout: running second layout pass
11-14 00:07:20.546  4771  4771 W View    : requestLayout() improperly called by com.android.systemui.statusbar.AlphaOptimizedImageView{35fb784 I.ED..C.. ......I. 0,0-0,0 #7f12026a app:id/alarm_status_collapsed} during layout: running second layout pass
11-14 00:07:20.567  5804  6147 W MessagingApp: canonicalizeMccMnc: invalid mccmnc:null ,null
11-14 00:07:20.590  5645  6155 I NotifUtils: resendNotifications cancelExisting: true, account: null, folder: null
11-14 00:07:20.601  3611  5400 D MmsServiceBroker: getCarrierConfigValues() by com.android.messaging
11-14 00:07:20.603  4906  6000 D MmsService: getCarrierConfigValues
11-14 00:07:20.603  4906  6000 I MmsService: mms config for sub 1: Bundle[{httpSocketTimeout=60000, aliasMinChars=2, smsToMmsTextThreshold=-1, enableSMSDeliveryReports=true, maxMessageTextSize=-1, supportMmsContentDisposition=true, enabledTransID=false, aliasEnabled=false, supportHttpCharsetHeader=false, allowAttachAudio=true, smsToMmsTextLengthThreshold=-1, recipientLimit=2147483647, uaProfTagName=x-wap-profile, aliasMaxChars=48, maxImageHeight=480, enableMMSDeliveryReports=false, userAgent=, mmsCloseConnection=false, config_cellBroadcastAppLinks=true, maxSubjectLength=40, httpParams=, enableGroupMms=true, emailGatewayNumber=, maxMessageSize=307200, naiSuffix=, enableMMSReadReports=false, maxImageWidth=640, uaProfUrl=, enabledMMS=true, enabledNotifyWapMMSC=false, sendMultipartSmsAsSeparateMessages=false, enableMultipartSMS=true}]
11-14 00:07:20.610  5804  6147 I MessagingApp: Carrier configs loaded: Bundle[{httpSocketTimeout=60000, aliasMinChars=2, smsToMmsTextThreshold=-1, enableSMSDeliveryReports=true, maxMessageTextSize=-1, supportMmsContentDisposition=true, enabledTransID=false, aliasEnabled=false, supportHttpCharsetHeader=false, allowAttachAudio=true, smsToMmsTextLengthThreshold=-1, recipientLimit=2147483647, uaProfTagName=x-wap-profile, aliasMaxChars=48, maxImageHeight=480, enableMMSDeliveryReports=false, userAgent=, mmsCloseConnection=false, config_cellBroadcastAppLinks=true, maxSubjectLength=40, httpParams=, enableGroupMms=true, emailGatewayNumber=, maxMessageSize=307200, naiSuffix=, enableMMSReadReports=false, maxImageWidth=640, uaProfUrl=, enabledMMS=true, enabledNotifyWapMMSC=false, sendMultipartSmsAsSeparateMessages=false, enableMultipartSMS=true}] from resources+system for subId=1
11-14 00:07:20.614  5645  6155 I NotifUtils: resendNotifications cancelExisting: true, account: null, folder: null
11-14 00:07:20.620  3611  4778 I Telecom : PhoneAccountRegistrar: [ComponentInfo{com.android.phone/com.android.services.telephony.TelephonyConnectionService}, [2628372b20c6b31a61c46f7f5a9328dbf0edaed6], UserHandle{0}(icon: Icon(typ=BITMAP size=67x84) -> Icon(typ=BITMAP size=67x84))]: TSI.rPA@AHc
11-14 00:07:20.623  3611  4778 I Telecom : : Sending phone-account registered intent as user: TSI.rPA@AHc
11-14 00:07:20.624  4906  4906 I Telephony: AccountEntry: Registered phoneAccount: [[ ] PhoneAccount: ComponentInfo{com.android.phone/com.android.services.telephony.TelephonyConnectionService}, [2628372b20c6b31a61c46f7f5a9328dbf0edaed6], UserHandle{0} Capabilities: CallProvider MultiUser PlaceEmerg SimSub  Audio Routes: BESW Schemes: tel voicemail  Extras: null GroupId: [da39a3ee5e6b4b0d3255bfef95601890afd80709]] with handle: ComponentInfo{com.android.phone/com.android.services.telephony.TelephonyConnectionService}, [2628372b20c6b31a61c46f7f5a9328dbf0edaed6], UserHandle{0}
11-14 00:07:20.624  4906  4906 I Telephony: PstnIncomingCallNotifier: Registering: Handler (com.android.internal.telephony.GsmCdmaPhone) {fa2a19e}
11-14 00:07:20.636  5591  6141 D AlertService: Scheduling next alarm with AlarmScheduler. sEventReminderReceived: null
11-14 00:07:20.650  3611  3669 I WindowManager: Screen frozen for +340ms due to Window{fd892c0 u0 com.cyanogenmod.setupwizard/com.cyanogenmod.setupwizard.WelcomeActivity}
11-14 00:07:20.656  4906  6156 I MmsService: MmsConfigManager loads in background mcc/mnc: 722/34
11-14 00:07:20.721  5591  6141 D AlarmScheduler: No events found starting within 1 week.
11-14 00:07:20.723  3611  4947 I Telecom : PhoneAccountRegistrar: [ComponentInfo{com.android.phone/com.android.services.telephony.TelephonyConnectionService}, [2628372b20c6b31a61c46f7f5a9328dbf0edaed6], UserHandle{0}(icon: Icon(typ=BITMAP size=67x84) -> Icon(typ=BITMAP size=67x84))]: TSI.rPA@AHs
11-14 00:07:20.727  5569  5587 I ContactLocale: AddressBook Labels [[es_ES]]: [, A, B, C, D, E, F, G, H, I, J, K, L, M, N, , O, P, Q, R, S, T, U, V, W, X, Y, Z, , , , , , , , , , , , , , , , , , , , , , , , , , , , , , , , , , , , , , , , , , , , , , , , , , , , , , , , , , , , , , , , , , , , , , , , , , , , , , , , , , , , , , , , , , , , , , , , , , , , , , , , , , , , , , , , , , , , , , , , , , , , , , , , , , , , , , , , , , , , , , , , , , , , , , , , , , , , , , , , , , , , , , , , , , , , , , , , , , , , , , , , , , , #, ]
11-14 00:07:20.729  3611  4947 I Telecom : : Sending phone-account registered intent as user: TSI.rPA@AHs
11-14 00:07:20.791  6008  6157 D LocaleSetManager: Locale Changed from: null to en-US
11-14 00:07:20.798  5569  5587 I ContactsProvider: Locale has changed from [en_US] to [es_ES]
11-14 00:07:20.803  5569  5587 I ContactsDatabaseHelper: Switching to locale [es_ES] (ICU v56.1)
11-14 00:07:20.864  6008  6157 I MusicLocale: AddressBook Labels [es-ES]: [, A, B, C, D, E, F, G, H, I, J, K, L, M, N, , O, P, Q, R, S, T, U, V, W, X, Y, Z, , , , , , , , , , , , , , , , , , , , , , , , , , , , , , , , , , , , , , , , , , , , , , , , , , , , , , , , , , , , , , , , , , , , , , , , , , , , , , , , , , , , , , , , , , , , , , , , , , , , , , , , , , , , , , , , , , , , , , , , , , , , , , , , , , , , , , , , , , , , , , , , , , , , , , , , , , , , , , , , , , , , , , , , , , , , , , , , , , , , , , , , , , , #, ]
11-14 00:07:20.916  6008  6157 I MusicLocale: AddressBook Labels [en-US]: [, A, B, C, D, E, F, G, H, I, J, K, L, M, N, O, P, Q, R, S, T, U, V, W, X, Y, Z, , , , , , , , , , , , , , , , , , , , , , , , , , , , , , , , , , , , , , , , , , , , , , , , , , , , , , , , , , , , , , , , , , , , , , , , , , , , , , , , , , , , , , , , , , , , , , , , , , , , , , , , , , , , , , , , , , , , , , , , , , , , , , , , , , , , , , , , , , , , , , , , , , , , , , , , , , , , , , , , , , , , , , , , , , , , , , , , , , , , , , , , , , , #, ]
11-14 00:07:20.923  6008  6157 D LocaleSetManager: Locale Changed from: en-US to es-ES
11-14 00:07:20.945  6008  6157 I MusicLocale: AddressBook Labels [es-ES]: [, A, B, C, D, E, F, G, H, I, J, K, L, M, N, , O, P, Q, R, S, T, U, V, W, X, Y, Z, , , , , , , , , , , , , , , , , , , , , , , , , , , , , , , , , , , , , , , , , , , , , , , , , , , , , , , , , , , , , , , , , , , , , , , , , , , , , , , , , , , , , , , , , , , , , , , , , , , , , , , , , , , , , , , , , , , , , , , , , , , , , , , , , , , , , , , , , , , , , , , , , , , , , , , , , , , , , , , , , , , , , , , , , , , , , , , , , , , , , , , , , , , #, ]
11-14 00:07:21.014  5569  5587 I ContactsDatabaseHelper: Locale change completed in 211ms
11-14 00:07:21.015  5569  5587 I ContactsDatabaseHelper: Switching to locale [es_ES] (ICU v56.1)
11-14 00:07:21.093  5569  5587 I ContactsDatabaseHelper: Locale change completed in 78ms
11-14 00:07:21.131  5569  5587 I ContactsFTS: Rebuild contact search index in 20ms, 0 contacts
11-14 00:07:21.249  3611  3611 W WindowManager: Attempted to remove non-existing token: android.os.Binder@49a07a9
11-14 00:07:21.706  3611  5400 I ActivityManager: START u0 {act=com.android.wizard.NEXT cmp=com.cyanogenmod.setupwizard/.wizardmanager.WizardManager (has extras)} from uid 1000 on display 0
11-14 00:07:21.717  3180  3180 I MediaPlayerService: MediaPlayerService::getOMX
11-14 00:07:21.718  3611  6162 I chatty  : uid=1000 system_server expire 4 lines
11-14 00:07:21.718  3611  6160 I chatty  : uid=1000 system_server expire 2 lines
11-14 00:07:21.724  3611  3668 I ActivityManager: START u0 {act=com.cyanogenmod.setupwizard.LINEAGE_DATETIME flg=0x4000000 cmp=com.cyanogenmod.setupwizard/.DateTimeActivity (has extras)} from uid 1000 on display 0
11-14 00:07:21.729  3180  4865 I MediaPlayerService: MediaPlayerService::getOMX
11-14 00:07:21.730  3611  6163 I chatty  : uid=1000 system_server expire 4 lines
11-14 00:07:21.787  5447  5502 D mali_winsys: EGLint new_window_surface(egl_winsys_display*, void*, EGLSurface, EGLConfig, egl_winsys_surface**, egl_color_buffer_format*, EGLBoolean) returns 0x3000,  [1440x2960]-format:1
11-14 00:07:21.867  3611  3678 I chatty  : uid=1000(system) android.display expire 5 lines
11-14 00:07:21.892  5591  5973 D InitAlarmsService: Clearing and rescheduling alarms.
11-14 00:07:22.192  5447  5447 I art     : Starting a blocking GC Explicit
11-14 00:07:22.212  5447  5447 I art     : Explicit concurrent mark sweep GC freed 8271(561KB) AllocSpace objects, 0(0B) LOS objects, 40% free, 7MB/12MB, paused 263us total 20.119ms
11-14 00:07:22.216  5447  5447 I art     : Starting a blocking GC Explicit
11-14 00:07:22.232  5447  5447 I art     : Explicit concurrent mark sweep GC freed 2717(158KB) AllocSpace objects, 0(0B) LOS objects, 39% free, 7MB/12MB, paused 294us total 16.282ms
11-14 00:07:23.107  6122  6122 I DeferredSaveThr: type=1400 audit(0.0:343): avc: denied { write } for name="code_cache" dev="sda24" ino=3121314 scontext=u:r:system_app:s0 tcontext=u:object_r:system_data_file:s0 tclass=dir permissive=1
11-14 00:07:23.107  6122  6122 I DeferredSaveThr: type=1400 audit(0.0:343): avc: denied { remove_name } for name="com.android.opengl.shaders_cache" dev="sda24" ino=3121339 scontext=u:r:system_app:s0 tcontext=u:object_r:system_data_file:s0 tclass=dir permissive=1
11-14 00:07:23.107  6122  6122 W DeferredSaveThr: type=1300 audit(0.0:343): arch=c00000b7 syscall=35 success=yes exit=0 a0=ffffff9c a1=7f84c31e18 a2=0 a3=0 items=0 ppid=3170 auid=4294967295 uid=1000 gid=1000 euid=1000 suid=1000 fsuid=1000 egid=1000 sgid=1000 fsgid=1000 tty=(none) ses=4294967295 exe="/system/bin/app_process64" subj=u:r:system_app:s0 key=(null)
11-14 00:07:23.107  3075  3075 W auditd  : type=1327 audit(0.0:343): proctitle="com.cyanogenmod.setupwizard"
11-14 00:07:23.107  3075  3075 W auditd  : type=1320 audit(0.0:343): 
11-14 00:07:23.107  6122  6122 I DeferredSaveThr: type=1400 audit(0.0:344): avc: denied { add_name } for name="com.android.opengl.shaders_cache" scontext=u:r:system_app:s0 tcontext=u:object_r:system_data_file:s0 tclass=dir permissive=1
11-14 00:07:23.107  6122  6122 W DeferredSaveThr: type=1300 audit(0.0:344): arch=c00000b7 syscall=56 success=yes exit=60 a0=ffffff9c a1=7f84c31e18 a2=c2 a3=0 items=0 ppid=3170 auid=4294967295 uid=1000 gid=1000 euid=1000 suid=1000 fsuid=1000 egid=1000 sgid=1000 fsgid=1000 tty=(none) ses=4294967295 exe="/system/bin/app_process64" subj=u:r:system_app:s0 key=(null)
11-14 00:07:23.107  3075  3075 W auditd  : type=1327 audit(0.0:344): proctitle="com.cyanogenmod.setupwizard"
11-14 00:07:23.107  3075  3075 W auditd  : type=1320 audit(0.0:344): 
11-14 00:07:23.729  3611  4946 I ActivityManager: START u0 {act=com.android.wizard.NEXT cmp=com.cyanogenmod.setupwizard/.wizardmanager.WizardManager (has extras)} from uid 1000 on display 0
11-14 00:07:23.736  3180  3248 I MediaPlayerService: MediaPlayerService::getOMX
11-14 00:07:23.736  3611  6168 I chatty  : uid=1000 system_server expire 4 lines
11-14 00:07:23.737  3611  6166 I chatty  : uid=1000 system_server expire 2 lines
11-14 00:07:23.745  3611  4946 I ActivityManager: START u0 {act=com.cyanogenmod.setupwizard.LINEAGE_WIFI_SETUP flg=0x4000000 cmp=com.cyanogenmod.setupwizard/.WifiSetupActivity (has extras)} from uid 1000 on display 0
11-14 00:07:23.746  3180  4868 I MediaPlayerService: MediaPlayerService::getOMX
11-14 00:07:23.747  3611  6169 I chatty  : uid=1000 system_server expire 4 lines
11-14 00:07:23.769  3611  4946 I ActivityManager: START u0 {act=com.android.net.wifi.SETUP_WIFI_NETWORK cmp=com.android.settings/.wifi.WifiSetupActivity (has extras)} from uid 1000 on display 0
11-14 00:07:23.790  3611  4796 I ActivityManager: Start proc 6170:com.android.settings/1000 for activity com.android.settings/.wifi.WifiSetupActivity
11-14 00:07:24.221  3611  3678 I chatty  : uid=1000(system) android.display expire 2 lines
11-14 00:07:24.234  3611  3671 I chatty  : uid=1000(system) ActivityManager expire 1 line
11-14 00:07:24.263  6170  6170 W System  : ClassLoader referenced unknown path: /system/priv-app/Settings/lib/arm64
11-14 00:07:24.347  6170  6170 I ndroid.settings: type=1400 audit(0.0:345): avc: denied { create } for name="shared_prefs" scontext=u:r:system_app:s0 tcontext=u:object_r:system_data_file:s0 tclass=dir permissive=1
11-14 00:07:24.347  6170  6170 W ndroid.settings: type=1300 audit(0.0:345): arch=c00000b7 syscall=34 success=yes exit=0 a0=ffffff9c a1=7f84d55f40 a2=1f9 a3=31 items=0 ppid=3170 auid=4294967295 uid=1000 gid=1000 euid=1000 suid=1000 fsuid=1000 egid=1000 sgid=1000 fsgid=1000 tty=(none) ses=4294967295 exe="/system/bin/app_process64" subj=u:r:system_app:s0 key=(null)
11-14 00:07:24.347  3075  3075 W auditd  : type=1327 audit(0.0:345): proctitle="com.android.settings"
11-14 00:07:24.347  3075  3075 W auditd  : type=1320 audit(0.0:345): 
11-14 00:07:24.347  6170  6170 I ndroid.settings: type=1400 audit(0.0:346): avc: denied { setattr } for name="shared_prefs" dev="sda24" ino=3121339 scontext=u:r:system_app:s0 tcontext=u:object_r:system_data_file:s0 tclass=dir permissive=1
11-14 00:07:24.347  6170  6170 W ndroid.settings: type=1300 audit(0.0:346): arch=c00000b7 syscall=53 success=yes exit=0 a0=ffffff9c a1=7f84d55f80 a2=1f9 a3=0 items=0 ppid=3170 auid=4294967295 uid=1000 gid=1000 euid=1000 suid=1000 fsuid=1000 egid=1000 sgid=1000 fsgid=1000 tty=(none) ses=4294967295 exe="/system/bin/app_process64" subj=u:r:system_app:s0 key=(null)
11-14 00:07:24.347  3075  3075 W auditd  : type=1327 audit(0.0:346): proctitle="com.android.settings"
11-14 00:07:24.347  3075  3075 W auditd  : type=1320 audit(0.0:346): 
11-14 00:07:24.443  6190  6190 I com.android.settings: type=1400 audit(0.0:347): avc: denied { lock } for comm=4173796E635461736B202333 path="/data/user_de/0/com.android.settings/databases/search_index.db" dev="sda24" ino=3121348 scontext=u:r:system_app:s0 tcontext=u:object_r:system_data_file:s0 tclass=file permissive=1
11-14 00:07:24.443  6190  6190 W com.android.settings: type=1300 audit(0.0:347): arch=c00000b7 syscall=25 success=yes exit=0 a0=2b a1=6 a2=7f7d3fda58 a3=d items=0 ppid=3170 auid=4294967295 uid=1000 gid=1000 euid=1000 suid=1000 fsuid=1000 egid=1000 sgid=1000 fsgid=1000 tty=(none) ses=4294967295 comm=4173796E635461736B202333 exe="/system/bin/app_process64" subj=u:r:system_app:s0 key=(null)
11-14 00:07:24.443  3075  3075 W auditd  : type=1327 audit(0.0:347): proctitle="com.android.settings"
11-14 00:07:24.443  3075  3075 W auditd  : type=1320 audit(0.0:347): 
11-14 00:07:24.460  6170  6170 W TileUtils: Found com.android.settings.Settings$PaymentSettingsActivity for intent Intent { act=com.android.settings.action.SETTINGS pkg=com.android.settings } missing metadata com.android.settings.category
11-14 00:07:24.495  6170  6190 I IndexDatabaseHelper: Bootstrapped database
11-14 00:07:24.520  6170  6190 I IndexDatabaseHelper: Using schema version: 115
11-14 00:07:24.523  6170  6190 I IndexDatabaseHelper: Index is fine
11-14 00:07:24.547  6170  6190 D Index   : Indexing locale 'es_ES' took 24 millis
11-14 00:07:24.554  6170  6192 I OpenGLRenderer: Initialized EGL, version 1.4
11-14 00:07:24.555  6170  6192 D OpenGLRenderer: Swap behavior 1
11-14 00:07:24.565  6170  6192 D mali_winsys: EGLint new_window_surface(egl_winsys_display*, void*, EGLSurface, EGLConfig, egl_winsys_surface**, egl_color_buffer_format*, EGLBoolean) returns 0x3000,  [1440x2960]-format:1
11-14 00:07:24.578  6170  6205 D Index   : Indexing locale 'es_ES' took 10 millis
11-14 00:07:24.631  6170  6205 W TileUtils: Found com.android.settings.Settings$PaymentSettingsActivity for intent Intent { act=com.android.settings.action.SETTINGS pkg=com.android.settings } missing metadata com.android.settings.category
