11-10 13:26:16.807  3612  3612 I main    : type=1400 audit(0.0:118): avc: denied { sys_nice } for capability=23 scontext=u:r:zygote:s0 tcontext=u:r:zygote:s0 tclass=capability permissive=1
11-10 13:26:16.807  3612  3612 W main    : type=1300 audit(0.0:118): arch=c00000b7 syscall=119 success=yes exit=0 a0=e1c a1=0 a2=7fd39bd5f0 a3=0 items=0 ppid=3171 auid=4294967295 uid=1000 gid=1000 euid=1000 suid=1000 fsuid=1000 egid=1000 sgid=1000 fsgid=1000 tty=(none) ses=4294967295 exe="/system/bin/app_process64" subj=u:r:zygote:s0 key=(null)
11-10 13:26:16.807  3078  3078 W auditd  : type=1327 audit(0.0:118): proctitle="zygote64"
11-10 13:26:16.814  3172  3172 I Zygote  : Uninstalled ICU cache reference pinning...
11-10 13:26:16.807  3078  3078 W auditd  : type=1320 audit(0.0:118): 
11-10 13:26:16.815  3172  3172 I Zygote  : Installed AndroidKeyStoreProvider in 1ms.
11-10 13:26:16.821  3172  3172 I Zygote  : Warmed up JCA providers in 5ms.
11-10 13:26:16.821  3172  3172 D Zygote  : end preload
11-10 13:26:16.821  3172  3172 I art     : Starting a blocking GC Explicit
11-10 13:26:16.828  3172  3172 I art     : Explicit concurrent mark sweep GC freed 7468(415KB) AllocSpace objects, 0(0B) LOS objects, 40% free, 8MB/13MB, paused 84us total 6.880ms
11-10 13:26:16.828  3172  3172 I art     : Starting a blocking GC Explicit
11-10 13:26:16.835  3172  3172 I art     : Explicit concurrent mark sweep GC freed 1549(55KB) AllocSpace objects, 0(0B) LOS objects, 40% free, 7MB/13MB, paused 79us total 6.033ms
11-10 13:26:16.855  3172  3172 I Zygote  : Accepting command socket connections
11-10 13:26:16.858  3612  3612 I Zygote  : Process: zygote socket opened, supported ABIS: armeabi-v7a,armeabi
11-10 13:26:16.859  3612  3612 I InstallerConnection: connecting...
11-10 13:26:16.859  3176  3176 I         : new connection
11-10 13:26:16.877  3623  3623 I dex2oat : /system/bin/dex2oat --compiler-filter=speed
11-10 13:26:17.177  3623  3623 I dex2oat : dex2oat took 301.020ms (threads: 8) arena alloc=2MB (2492440B) java alloc=765KB (783472B) native alloc=2MB (3085920B) free=5MB (5302688B)
11-10 13:26:17.197  3632  3632 I dex2oat : /system/bin/dex2oat --compiler-filter=speed
11-10 13:26:17.286  3632  3632 I dex2oat : dex2oat took 89.418ms (threads: 8) arena alloc=824KB (843816B) java alloc=132KB (135744B) native alloc=1356KB (1389448B) free=3MB (3329144B)
11-10 13:26:17.306  3641  3641 I dex2oat : /system/bin/dex2oat --compiler-filter=speed
11-10 13:26:18.349  3641  3649 W dex2oat : Compilation of void com.android.server.SystemServer.startOtherServices() took 155.838ms
11-10 13:26:18.430  3641  3644 W dex2oat : Compilation of void com.android.server.am.ActivityManagerService$MainHandler.handleMessage(android.os.Message) took 104.933ms
11-10 13:26:19.654  3641  3647 W dex2oat : Compilation of void com.android.server.pm.PackageManagerService.<init>(android.content.Context, com.android.server.pm.Installer, boolean, boolean) took 158.316ms
11-10 13:26:20.320  3641  3647 W dex2oat : Compilation of android.content.pm.PackageParser$Package com.android.server.pm.PackageManagerService.scanPackageDirtyLI(android.content.pm.PackageParser$Package, int, int, long, android.os.UserHandle) took 110.586ms
11-10 13:26:20.951  3641  3641 I dex2oat : dex2oat took 3.645s (threads: 8) arena alloc=16MB (16918192B) java alloc=3MB (3852232B) native alloc=32MB (34089192B) free=20MB (21747480B)
11-10 13:26:20.975  3650  3650 I dex2oat : /system/bin/dex2oat --compiler-filter=speed
11-10 13:26:21.257  3650  3650 I dex2oat : dex2oat took 282.339ms (threads: 8) arena alloc=1093KB (1119832B) java alloc=205KB (210056B) native alloc=2MB (2313264B) free=4MB (4502480B)
11-10 13:26:21.277  3659  3659 I dex2oat : /system/bin/dex2oat --compiler-filter=speed
11-10 13:26:21.974  3659  3659 I dex2oat : dex2oat took 696.934ms (threads: 8) arena alloc=13MB (13942848B) java alloc=704KB (721784B) native alloc=5MB (5725080B) free=18MB (19702888B)
11-10 13:26:21.978  3612  3612 I InstallerConnection: disconnecting...
11-10 13:26:21.978  3176  3176 E         : eof
11-10 13:26:21.978  3176  3176 E         : failed to read size
11-10 13:26:21.978  3176  3176 I         : closing connection
11-10 13:26:21.982  3612  3612 W art     : Found duplicate classes, falling back to interpreter mode for /system/framework/wifi-service.jar
11-10 13:26:21.982  3612  3612 W art     : Found duplicated class when checking oat files: 'Lcom/google/protobuf/nano/MessageNano;' in /system/framework/services.jar and /system/framework/wifi-service.jar
11-10 13:26:22.005  3612  3612 I SystemServer: Entered the Android system server!
11-10 13:26:22.025  3612  3612 I SystemServiceManager: Starting com.android.server.pm.Installer
11-10 13:26:22.025  3612  3612 I Installer: Waiting for installd to be ready.
11-10 13:26:22.025  3612  3612 I InstallerConnection: connecting...
11-10 13:26:22.025  3176  3176 I         : new connection
11-10 13:26:22.025  3612  3612 I SystemServiceManager: Starting com.android.server.am.ActivityManagerService$Lifecycle
11-10 13:26:22.031  3612  3612 I ActivityManager: Memory class: 256
11-10 13:26:22.032  3612  3671 I ServiceThread: Enabled StrictMode logging for ActivityManager looper.
11-10 13:26:22.033  3612  3672 I ServiceThread: Enabled StrictMode logging for android.ui looper.
11-10 13:26:22.037  3612  3612 D BatteryStatsImpl: Reading daily items from /data/system/batterystats-daily.xml
11-10 13:26:22.059  3612  3612 I AppOps  : No existing app ops /data/system/appops.xml; starting empty
11-10 13:26:22.091  3612  3612 I IntentFirewall: Read new rules (A:0 B:0 S:0)
11-10 13:26:22.094  3612  3678 I ServiceThread: Enabled StrictMode logging for android.display looper.
11-10 13:26:22.098  3612  3612 D AppOps  : AppOpsService published
11-10 13:26:22.098  3612  3612 I SystemServiceManager: Starting com.android.server.power.PowerManagerService
11-10 13:26:22.099  3612  3680 I ServiceThread: Enabled StrictMode logging for PowerManagerService looper.
11-10 13:26:22.101  3612  3612 I SamsungPowerHAL: Initialized settings:
11-10 13:26:22.101  3612  3612 I SamsungPowerHAL: max_freqs: cluster[0]: 1690000, cluster[1]: 2314000
11-10 13:26:22.101  3612  3612 I SamsungPowerHAL: hispeed_freqs: cluster[0]: 1690000, cluster[1]: 2496000
11-10 13:26:22.101  3612  3612 I SamsungPowerHAL: boostpulse_fd: 62
11-10 13:26:22.101  3612  3612 I SamsungPowerHAL: touchscreen_power_path: /sys/class/input/input0/enabled
11-10 13:26:22.101  3612  3612 I SamsungPowerHAL: touchkey_power_path: NULL
11-10 13:26:22.101  3612  3612 W libsuspend: Error writing 'on' to /sys/power/state: Invalid argument
11-10 13:26:22.101  3612  3612 I libsuspend: Selected wakeup count
11-10 13:26:22.103  3612  3612 I SystemServiceManager: Starting com.android.server.lights.LightsService
11-10 13:26:22.104  3612  3612 I SystemServiceManager: Starting com.android.server.display.DisplayManagerService
11-10 13:26:22.105  3612  3612 I SystemServiceManager: Starting phase 100
11-10 13:26:22.106  3612  3678 W LocalDisplayAdapter: Unable to get active color mode for display device 0
11-10 13:26:22.106  3612  3678 E LocalDisplayAdapter: Default and active color mode is no longer available! Reverting to first available mode.
11-10 13:26:22.106  3150  3184 E SurfaceFlinger: getDefaultDisplay: id=2 is not a valid default display id
11-10 13:26:22.107  3612  3678 I DisplayManagerService: Display device added: DisplayDeviceInfo{"Built-in Screen": uniqueId="local:0", 1440 x 2960, modeId 1, defaultModeId 1, supportedModes [{id=1, width=1440, height=2960, fps=60.000004}], colorMode -22, supportedColorModes [-22], HdrCapabilities android.view.Display$HdrCapabilities@a69d6308, density 560, 522.514 x 525.762 dpi, appVsyncOff 1000000, presDeadline 16666666, touch INTERNAL, rotation 0, type BUILT_IN, state UNKNOWN, FLAG_DEFAULT_DISPLAY, FLAG_ROTATES_WITH_CONTENT, FLAG_SECURE, FLAG_SUPPORTS_PROTECTED_BUFFERS}
11-10 13:26:22.107  3150  3150 D SurfaceFlinger: Set power mode=2, type=0 flinger=0x7f9be48000
11-10 13:26:22.107  3150  3150 D SurfaceFlinger: Screen type=0 is already mode=2
11-10 13:26:22.112  3612  3678 I DisplayManagerService: Display device changed state: "Built-in Screen", ON
11-10 13:26:22.112  3612  3612 I SystemServer: StartPackageManagerService
11-10 13:26:22.116  3612  3612 W FileUtils: Failed to chmod(/data/system/packages.list): android.system.ErrnoException: chmod failed: ENOENT (No such file or directory)
11-10 13:26:22.164  3612  3612 D SELinuxMMAC: Using policy file /system/etc/security/mac_permissions.xml
11-10 13:26:22.165  3612  3612 I PackageManager: No settings file; creating initial state
11-10 13:26:22.183  3685  3685 I dex2oat : /system/bin/dex2oat --compiler-filter=speed
11-10 13:26:22.471  3685  3685 I dex2oat : dex2oat took 288.638ms (threads: 8) arena alloc=2MB (2489864B) java alloc=693KB (709968B) native alloc=2MB (2579608B) free=5MB (5284712B)
11-10 13:26:22.491  3694  3694 I dex2oat : /system/bin/dex2oat --compiler-filter=speed
11-10 13:26:22.565  3694  3694 I dex2oat : dex2oat took 75.092ms (threads: 8) arena alloc=502KB (514528B) java alloc=250KB (256752B) native alloc=1283KB (1314384B) free=3MB (3404208B)
11-10 13:26:22.584  3703  3703 I dex2oat : /system/bin/dex2oat --compiler-filter=speed
11-10 13:26:22.650  3703  3703 I dex2oat : dex2oat took 66.114ms (threads: 8) arena alloc=247KB (253104B) java alloc=51KB (53128B) native alloc=1101KB (1127832B) free=1458KB (1493608B)
11-10 13:26:22.668  3712  3712 I dex2oat : /system/bin/dex2oat --compiler-filter=speed
11-10 13:26:22.773  3712  3712 I dex2oat : dex2oat took 104.905ms (threads: 8) arena alloc=2MB (2661888B) java alloc=158KB (162320B) native alloc=1264KB (1295072B) free=4MB (4996384B)
11-10 13:26:22.791  3721  3721 I dex2oat : /system/bin/dex2oat --compiler-filter=speed
11-10 13:26:22.863  3721  3721 I dex2oat : dex2oat took 72.891ms (threads: 8) arena alloc=499KB (511800B) java alloc=83KB (85040B) native alloc=984KB (1007952B) free=4MB (4234928B)
11-10 13:26:22.882  3730  3730 I dex2oat : /system/bin/dex2oat --compiler-filter=speed
11-10 13:26:23.022  3730  3730 I dex2oat : dex2oat took 140.318ms (threads: 8) arena alloc=1631KB (1670296B) java alloc=383KB (392960B) native alloc=1285KB (1316400B) free=5MB (5499344B)
11-10 13:26:23.025  3612  3612 E art     : DexFile_getDexOptNeeded file '/system/framework/org.apache.http.legacy.jar' does not exist
11-10 13:26:23.025  3612  3612 W PackageManager: Library not found: /system/framework/org.apache.http.legacy.jar
11-10 13:26:23.041  3739  3739 I dex2oat : /system/bin/dex2oat --compiler-filter=speed
11-10 13:26:23.110  3739  3739 I dex2oat : dex2oat took 68.737ms (threads: 8) arena alloc=457KB (468720B) java alloc=112KB (115512B) native alloc=1182KB (1210752B) free=2MB (2983552B)
11-10 13:26:23.128  3748  3748 I dex2oat : /system/bin/dex2oat --compiler-filter=speed
11-10 13:26:23.206  3748  3748 I dex2oat : dex2oat took 78.672ms (threads: 8) arena alloc=300KB (308168B) java alloc=88KB (90768B) native alloc=1106KB (1133488B) free=1965KB (2012240B)
11-10 13:26:23.225  3757  3757 I dex2oat : /system/bin/dex2oat --compiler-filter=speed
11-10 13:26:23.248  3757  3757 I dex2oat : dex2oat took 23.762ms (threads: 8) arena alloc=84KB (86488B) java alloc=59KB (61128B) native alloc=1029KB (1054528B) free=2042KB (2091200B)
11-10 13:26:23.266  3766  3766 I dex2oat : /system/bin/dex2oat --compiler-filter=speed
11-10 13:26:23.302  3766  3766 I dex2oat : dex2oat took 36.010ms (threads: 8) arena alloc=565KB (578888B) java alloc=223KB (228992B) native alloc=1310KB (1341968B) free=2MB (2852336B)
11-10 13:26:23.320  3775  3775 I dex2oat : /system/bin/dex2oat --compiler-filter=speed
11-10 13:26:23.346  3775  3775 I dex2oat : dex2oat took 26.909ms (threads: 8) arena alloc=253KB (259560B) java alloc=37KB (38472B) native alloc=1108KB (1135088B) free=1451KB (1486352B)
11-10 13:26:23.364  3784  3784 I dex2oat : /system/bin/dex2oat --compiler-filter=speed
11-10 13:26:23.432  3784  3784 I dex2oat : dex2oat took 68.210ms (threads: 8) arena alloc=3MB (3327256B) java alloc=111KB (114272B) native alloc=1365KB (1398296B) free=6MB (6466024B)
11-10 13:26:23.450  3793  3793 I dex2oat : /system/bin/dex2oat --compiler-filter=speed
11-10 13:26:23.547  3793  3793 I dex2oat : dex2oat took 97.104ms (threads: 8) arena alloc=1850KB (1895280B) java alloc=333KB (341024B) native alloc=1293KB (1324384B) free=4MB (4967072B)
11-10 13:26:23.550  3612  3612 E art     : DexFile_getDexOptNeeded file '/system/framework/org.apache.http.legacy.jar' does not exist
11-10 13:26:23.550  3612  3612 W PackageManager: Library not found: /system/framework/org.apache.http.legacy.jar
11-10 13:26:23.566  3802  3802 I dex2oat : /system/bin/dex2oat --compiler-filter=speed
11-10 13:26:23.595  3802  3802 I dex2oat : dex2oat took 29.754ms (threads: 8) arena alloc=600KB (615024B) java alloc=69KB (71440B) native alloc=1141KB (1169200B) free=3MB (3549392B)
11-10 13:26:23.613  3811  3811 I dex2oat : /system/bin/dex2oat --compiler-filter=speed
11-10 13:26:23.644  3811  3811 I dex2oat : dex2oat took 31.237ms (threads: 8) arena alloc=322KB (330160B) java alloc=79KB (81640B) native alloc=1082KB (1108360B) free=2MB (2561656B)
11-10 13:26:23.662  3820  3820 I dex2oat : /system/bin/dex2oat --compiler-filter=speed
11-10 13:26:23.688  3820  3820 I dex2oat : dex2oat took 26.434ms (threads: 8) arena alloc=102KB (105336B) java alloc=59KB (61384B) native alloc=1060KB (1086112B) free=2MB (2583904B)
11-10 13:26:23.690  3612  3612 D PackageManager: No files in app dir /vendor/overlay
11-10 13:26:23.690  3612  3612 D PackageManager: start scanDirLI:/system/framework
11-10 13:26:23.690  3612  3612 D PackageManager: max thread:6
11-10 13:26:23.698  3612  3830 I PackageManager: /system/framework/org.cyanogenmod.platform-res.apk changed; collecting certs
11-10 13:26:23.703  3612  3830 W PackageManager: Permission cyanogenmod.permission.WRITE_ALARMS from package cyanogenmod.platform in an unknown group android.permission-group.SYSTEM_CLOCK
11-10 13:26:23.703  3612  3830 W PackageManager: Permission cyanogenmod.permission.MANAGE_ALARMS from package cyanogenmod.platform in an unknown group android.permission-group.SYSTEM_CLOCK
11-10 13:26:23.703  3612  3830 W PackageManager: Permission cyanogenmod.permission.READ_ALARMS from package cyanogenmod.platform in an unknown group android.permission-group.SYSTEM_CLOCK
11-10 13:26:23.703  3612  3829 I PackageManager: /system/framework/framework-res.apk changed; collecting certs
11-10 13:26:23.760  3612  3612 D PackageManager: end scanDirLI:/system/framework
11-10 13:26:23.761  3612  3612 D PackageManager: start scanDirLI:/system/priv-app
11-10 13:26:23.761  3612  3612 D PackageManager: max thread:6
11-10 13:26:23.774  3612  3829 I PackageManager: /system/priv-app/CMSettingsProvider changed; collecting certs
11-10 13:26:23.776  3612  3831 I PackageManager: /system/priv-app/AudioFX changed; collecting certs
11-10 13:26:23.776  3612  3832 I PackageManager: /system/priv-app/BackupRestoreConfirmation changed; collecting certs
11-10 13:26:23.776  3612  3833 I PackageManager: /system/priv-app/BlockedNumberProvider changed; collecting certs
11-10 13:26:23.777  3612  3834 I PackageManager: /system/priv-app/CMAudioService changed; collecting certs
11-10 13:26:23.779  3612  3833 I PackageManager: New shared user android.uid.shared: id=10001
11-10 13:26:23.783  3612  3832 I PackageManager: /system/priv-app/CallLogBackup changed; collecting certs
11-10 13:26:23.784  3612  3829 I PackageManager: /system/priv-app/CalendarProvider changed; collecting certs
11-10 13:26:23.786  3612  3829 I PackageManager: New shared user android.uid.calendar: id=10004
11-10 13:26:23.788  3612  3830 I PackageManager: /system/priv-app/CMParts changed; collecting certs
11-10 13:26:23.789  3612  3834 I PackageManager: /system/priv-app/CarrierConfig changed; collecting certs
11-10 13:26:23.791  3612  3829 I PackageManager: /system/priv-app/CtsShimPrivPrebuilt changed; collecting certs
11-10 13:26:23.792  3612  3831 I PackageManager: /system/priv-app/CellBroadcastReceiver changed; collecting certs
11-10 13:26:23.795  3612  3832 I PackageManager: /system/priv-app/ContactsProvider changed; collecting certs
11-10 13:26:23.805  3612  3834 I PackageManager: /system/priv-app/DefaultContainerService changed; collecting certs
11-10 13:26:23.808  3612  3833 W PackageParser: No actions in intent filter at /system/priv-app/Contacts/Contacts.apk Binary XML file line #431
11-10 13:26:23.810  3612  3833 I PackageManager: /system/priv-app/Contacts changed; collecting certs
11-10 13:26:23.810  3612  3832 I PackageManager: /system/priv-app/DocumentsUI changed; collecting certs
11-10 13:26:23.815  3612  3831 I PackageManager: /system/priv-app/DownloadProvider changed; collecting certs
11-10 13:26:23.821  3612  3830 I PackageManager: /system/priv-app/Eleven changed; collecting certs
11-10 13:26:23.821  3612  3831 I PackageManager: New shared user android.media: id=10010
11-10 13:26:23.823  3612  3831 W PackageManager: Permission android.permission.DOWNLOAD_WITHOUT_NOTIFICATION from package com.android.providers.downloads in an unknown group android.permission-group.NETWORK
11-10 13:26:23.826  3612  3832 I PackageManager: /system/priv-app/ExtServices changed; collecting certs
11-10 13:26:23.827  3612  3831 I PackageManager: /system/priv-app/ExternalStorageProvider changed; collecting certs
11-10 13:26:23.827  3612  3829 W PackageParser: No actions in intent filter at /system/priv-app/Dialer/Dialer.apk Binary XML file line #207
11-10 13:26:23.830  3612  3829 I PackageManager: /system/priv-app/Dialer changed; collecting certs
11-10 13:26:23.830  3612  3834 I PackageManager: /system/priv-app/EmergencyInfo changed; collecting certs
11-10 13:26:23.836  3612  3832 I PackageManager: /system/priv-app/FusedLocation changed; collecting certs
11-10 13:26:23.848  3612  3834 I PackageManager: New shared user com.android.emergency.uid: id=10015
11-10 13:26:23.851  3612  3832 I PackageManager: /system/priv-app/InputDevices changed; collecting certs
11-10 13:26:23.855  3612  3833 I PackageManager: /system/priv-app/LineageSetupWizard changed; collecting certs
11-10 13:26:23.857  3612  3830 I PackageManager: /system/priv-app/ManagedProvisioning changed; collecting certs
11-10 13:26:23.857  3612  3834 I PackageManager: /system/priv-app/MediaProvider changed; collecting certs
11-10 13:26:23.859  3612  3832 I PackageManager: /system/priv-app/MmsService changed; collecting certs
11-10 13:26:23.860  3612  3831 I PackageManager: /system/priv-app/Gallery2 changed; collecting certs
11-10 13:26:23.868  3612  3832 I PackageManager: /system/priv-app/OneTimeInitializer changed; collecting certs
11-10 13:26:23.869  3612  3834 I PackageManager: /system/priv-app/MtpDocumentsProvider changed; collecting certs
11-10 13:26:23.872  3612  3833 I PackageManager: /system/priv-app/ProxyHandler changed; collecting certs
11-10 13:26:23.879  3612  3829 I PackageManager: /system/priv-app/SharedStorageBackup changed; collecting certs
11-10 13:26:23.881  3612  3834 I PackageManager: /system/priv-app/SettingsProvider changed; collecting certs
11-10 13:26:23.882  3612  3830 I PackageManager: /system/priv-app/PackageInstaller changed; collecting certs
11-10 13:26:23.888  3612  3832 I PackageManager: /system/priv-app/Recorder changed; collecting certs
11-10 13:26:23.889  3612  3829 W PackageParser: Ignoring duplicate uses-permissions/uses-permissions-sdk-m: android.permission.INSTALL_GRANT_RUNTIME_PERMISSIONS in package: com.android.shell at: Binary XML file line #102
11-10 13:26:23.889  3612  3829 I PackageManager: /system/priv-app/Shell changed; collecting certs
11-10 13:26:23.890  3612  3834 I PackageManager: /system/priv-app/StatementService changed; collecting certs
11-10 13:26:23.900  3612  3832 I PackageManager: /system/priv-app/Tag changed; collecting certs
11-10 13:26:23.907  3612  3834 I PackageManager: /system/priv-app/StorageManager changed; collecting certs
11-10 13:26:23.911  3612  3832 I PackageManager: /system/priv-app/TelephonyProvider changed; collecting certs
11-10 13:26:23.922  3612  3830 I PackageManager: /system/priv-app/Telecom changed; collecting certs
11-10 13:26:23.924  3612  3832 I PackageManager: /system/priv-app/Trebuchet changed; collecting certs
11-10 13:26:23.928  3612  3829 W PackageParser: Ignoring duplicate uses-permissions/uses-permissions-sdk-m: android.permission.CONFIGURE_WIFI_DISPLAY in package: com.android.systemui at: Binary XML file line #117
11-10 13:26:23.933  3612  3829 I PackageManager: /system/priv-app/SystemUI changed; collecting certs
11-10 13:26:23.933  3612  3832 W PackageManager: Permission com.android.launcher.permission.INSTALL_SHORTCUT from package com.cyanogenmod.trebuchet in an unknown group android.permission-group.SYSTEM_TOOLS
11-10 13:26:23.933  3612  3832 W PackageManager: Permission com.android.launcher3.permission.READ_SETTINGS from package com.cyanogenmod.trebuchet in an unknown group android.permission-group.SYSTEM_TOOLS
11-10 13:26:23.933  3612  3832 W PackageManager: Permission com.android.launcher3.permission.WRITE_SETTINGS from package com.cyanogenmod.trebuchet in an unknown group android.permission-group.SYSTEM_TOOLS
11-10 13:26:23.934  3612  3834 I PackageManager: /system/priv-app/Updater changed; collecting certs
11-10 13:26:23.936  3612  3831 I PackageManager: /system/priv-app/TeleService changed; collecting certs
11-10 13:26:23.937  3612  3830 I PackageManager: /system/priv-app/VpnDialogs changed; collecting certs
11-10 13:26:23.940  3612  3832 I PackageManager: /system/priv-app/WallpaperCropper changed; collecting certs
11-10 13:26:23.948  3612  3830 I PackageManager: /system/priv-app/WeatherManagerService changed; collecting certs
11-10 13:26:23.949  3612  3834 I PackageManager: /system/priv-app/WeatherProvider changed; collecting certs
11-10 13:26:23.964  3612  3833 W PackageParser: Ignoring duplicate uses-permissions/uses-permissions-sdk-m: android.permission.USE_CREDENTIALS in package: com.android.settings at: Binary XML file line #56
11-10 13:26:23.964  3612  3833 W PackageParser: Ignoring duplicate uses-permissions/uses-permissions-sdk-m: android.permission.READ_SYNC_SETTINGS in package: com.android.settings at: Binary XML file line #61
11-10 13:26:23.964  3612  3833 W PackageParser: Ignoring duplicate uses-permissions/uses-permissions-sdk-m: android.permission.WRITE_SYNC_SETTINGS in package: com.android.settings at: Binary XML file line #62
11-10 13:26:23.968  3612  3829 I PackageManager: New shared user android.uid.systemui: id=10033
11-10 13:26:23.976  3612  3833 I PackageManager: /system/priv-app/Settings changed; collecting certs
11-10 13:26:24.048  3612  3612 D PackageManager: end scanDirLI:/system/priv-app
11-10 13:26:24.049  3612  3612 D PackageManager: start scanDirLI:/system/app
11-10 13:26:24.049  3612  3612 D PackageManager: max thread:6
11-10 13:26:24.056  3612  3829 I PackageManager: /system/app/BookmarkProvider changed; collecting certs
11-10 13:26:24.056  3612  3830 I PackageManager: /system/app/BasicDreams changed; collecting certs
11-10 13:26:24.056  3612  3831 I PackageManager: /system/app/BluetoothMidiService changed; collecting certs
11-10 13:26:24.058  3612  3834 W PackageParser: No actions in intent filter at /system/app/Bluetooth/Bluetooth.apk Binary XML file line #226
11-10 13:26:24.059  3612  3834 I PackageManager: /system/app/Bluetooth changed; collecting certs
11-10 13:26:24.061  3612  3832 I PackageManager: /system/app/AdvancedDisplay changed; collecting certs
11-10 13:26:24.062  3612  3830 I PackageManager: /system/app/CaptivePortalLogin changed; collecting certs
11-10 13:26:24.063  3612  3833 I PackageManager: /system/app/Calendar changed; collecting certs
11-10 13:26:24.069  3612  3830 I PackageManager: /system/app/CtsShimPrebuilt changed; collecting certs
11-10 13:26:24.071  3612  3831 I PackageManager: /system/app/CertInstaller changed; collecting certs
11-10 13:26:24.071  3612  3830 W PackageManager: Non-privileged app; cap priority to 0; package: com.android.cts.ctsshim activity: com.android.cts.ctsshim.InstallPriority origPrio: 100
11-10 13:26:24.071  3612  3830 W PackageManager: Non-privileged app; cap priority to 0; package: com.android.cts.ctsshim activity: com.android.cts.ctsshim.InstallPriority origPrio: 100
11-10 13:26:24.071  3612  3830 W PackageManager: Non-privileged app; cap priority to 0; package: com.android.cts.ctsshim activity: com.android.cts.ctsshim.InstallPriority origPrio: 100
11-10 13:26:24.072  3612  3830 W PackageManager: Non-privileged app; cap priority to 0; package: com.android.cts.ctsshim activity: com.android.cts.ctsshim.InstallPriority origPrio: 100
11-10 13:26:24.072  3612  3830 W PackageManager: Non-privileged app; cap priority to 0; package: com.android.cts.ctsshim activity: com.android.cts.ctsshim.InstallPriority origPrio: 100
11-10 13:26:24.076  3612  3829 I PackageManager: /system/app/Camera2 changed; collecting certs
11-10 13:26:24.078  3612  3833 W PackageManager: Non-privileged app; cap priority to 0; package: com.android.calendar activity: com.android.calendar.GoogleCalendarUriIntentFilter origPrio: 50
11-10 13:26:24.084  3612  3834 I PackageManager: /system/app/Development changed; collecting certs
11-10 13:26:24.085  3612  3830 W PackageParser: Ignoring duplicate uses-permissions/uses-permissions-sdk-m: android.permission.WRITE_SETTINGS in package: com.android.deskclock at: Binary XML file line #45
11-10 13:26:24.088  3612  3832 I PackageManager: /system/app/DownloadProviderUi changed; collecting certs
11-10 13:26:24.089  3612  3830 I PackageManager: /system/app/DeskClock changed; collecting certs
11-10 13:26:24.090  3612  3833 I PackageManager: /system/app/EasterEgg changed; collecting certs
11-10 13:26:24.093  3170  3170 D wrapperGPS: wrapperisConnected_RILD
11-10 13:26:24.093  3170  3170 D wrapperGPS: wrapperConnect_RILD
11-10 13:26:24.093  3170  3170 D gpsd    : WakeLock(Release,GPSD)
11-10 13:26:24.097  3612  3834 I PackageManager: /system/app/ExactCalculator changed; collecting certs
11-10 13:26:24.099  3612  3833 I PackageManager: /system/app/ExtShared changed; collecting certs
11-10 13:26:24.104  3612  3832 I PackageManager: /system/app/Exchange2 changed; collecting certs
11-10 13:26:24.104  3612  3834 I PackageManager: /system/app/HTMLViewer changed; collecting certs
11-10 13:26:24.105  3612  3831 I PackageManager: /system/app/Email changed; collecting certs
11-10 13:26:24.107  3612  3829 I PackageManager: /system/app/KeyChain changed; collecting certs
11-10 13:26:24.113  3612  3833 I PackageManager: /system/app/Jelly changed; collecting certs
11-10 13:26:24.119  3612  3830 I PackageManager: /system/app/LiveWallpapersPicker changed; collecting certs
11-10 13:26:24.121  3612  3832 I PackageManager: /system/app/LockClock changed; collecting certs
11-10 13:26:24.121  3612  3829 W PackageParser: Ignoring duplicate uses-permissions/uses-permissions-sdk-m: android.permission.CHANGE_WIFI_STATE in package: com.android.nfc at: Binary XML file line #47
11-10 13:26:24.121  3612  3829 W PackageParser: Ignoring duplicate uses-permissions/uses-permissions-sdk-m: android.permission.ACCESS_WIFI_STATE in package: com.android.nfc at: Binary XML file line #48
11-10 13:26:24.122  3612  3829 I PackageManager: /system/app/NfcNci changed; collecting certs
11-10 13:26:24.125  3612  3833 I PackageManager: /system/app/PacProcessor changed; collecting certs
11-10 13:26:24.134  3612  3831 W PackageManager: Permission com.android.email.permission.READ_ATTACHMENT from package com.android.email in an unknown group android.permission-group.MESSAGES
11-10 13:26:24.134  3612  3833 I PackageManager: /system/app/PicoTts changed; collecting certs
11-10 13:26:24.134  3612  3829 I PackageManager: /system/app/PrintRecommendationService changed; collecting certs
11-10 13:26:24.134  3612  3830 I PackageManager: /system/app/PhotoTable changed; collecting certs
11-10 13:26:24.141  3612  3831 I PackageManager: /system/app/PrintSpooler changed; collecting certs
11-10 13:26:24.144  3612  3833 I PackageManager: /system/app/Profiles changed; collecting certs
11-10 13:26:24.144  3612  3829 I PackageManager: /system/app/Terminal changed; collecting certs
11-10 13:26:24.144  3612  3830 I PackageManager: /system/app/UserDictionaryProvider changed; collecting certs
11-10 13:26:24.146  3612  3832 I PackageManager: /system/app/Stk changed; collecting certs
11-10 13:26:24.148  3612  3832 W PackageManager: Failed to parse /system/app/mcRegistry: Missing base APK in /system/app/mcRegistry
11-10 13:26:24.148  3612  3834 I PackageManager: /system/app/LatinIME changed; collecting certs
11-10 13:26:24.150  3612  3831 I PackageManager: /system/app/WAPPushManager changed; collecting certs
11-10 13:26:24.154  3612  3830 I PackageManager: /system/app/WallpaperBackup changed; collecting certs
11-10 13:26:24.157  3612  3833 I PackageManager: /system/app/WallpaperPicker changed; collecting certs
11-10 13:26:24.166  3612  3829 I PackageManager: /system/app/webview changed; collecting certs
11-10 13:26:24.179  3612  3832 I PackageManager: /system/app/messaging changed; collecting certs
11-10 13:26:24.507  3612  3612 D PackageManager: end scanDirLI:/system/app
11-10 13:26:24.507  3612  3612 D PackageManager: No files in app dir /system/vendor/app
11-10 13:26:24.507  3612  3612 D PackageManager: No files in app dir /oem/app
11-10 13:26:24.508  3612  3612 D PackageManager: No files in app dir /data/app
11-10 13:26:24.508  3612  3612 D PackageManager: No files in app dir /data/app-private
11-10 13:26:24.508  3612  3612 D PackageManager: No files in app dir /data/app-ephemeral
11-10 13:26:24.508  3612  3612 E PackageManager: There should probably be exactly one setup wizard; found 0: matches=[]
11-10 13:26:24.509  3612  3612 W PackageManager: Protected action; cap priority to 0; package: com.android.cts.priv.ctsshim activity: com.android.cts.priv.ctsshim.InstallPriority origPrio: 100
11-10 13:26:24.509  3612  3612 W PackageManager: Protected action; cap priority to 0; package: com.android.cts.priv.ctsshim activity: com.android.cts.priv.ctsshim.InstallPriority origPrio: 100
11-10 13:26:24.509  3612  3612 W PackageManager: Protected action; cap priority to 0; package: com.android.cts.priv.ctsshim activity: com.android.cts.priv.ctsshim.InstallPriority origPrio: 100
11-10 13:26:24.509  3612  3612 W PackageManager: Protected action; cap priority to 0; package: com.android.cts.priv.ctsshim activity: com.android.cts.priv.ctsshim.InstallPriority origPrio: 100
11-10 13:26:24.509  3612  3612 W PackageManager: Protected action; cap priority to 0; package: com.android.packageinstaller activity: com.android.packageinstaller.PackageInstallerActivity origPrio: 1
11-10 13:26:24.509  3612  3612 W PackageManager: Package com.android.gallery3d desires unavailable shared library com.google.android.media.effects; ignoring!
11-10 13:26:24.509  3612  3612 W PackageManager: Package com.android.gallery3d desires unavailable shared library com.google.android.media.effects; ignoring!
11-10 13:26:24.509  3612  3612 I PackageManager: Adjusting ABI for com.android.providers.downloads to arm64-v8a (requirer=com.android.mtp, scannedPackage=null)
11-10 13:26:24.509  3612  3612 I PackageManager: Adjusting ABI for com.android.providers.media to arm64-v8a (requirer=com.android.mtp, scannedPackage=null)
11-10 13:26:24.509  3612  3612 I PackageManager: Adjusting ABI for com.android.providers.downloads.ui to arm64-v8a (requirer=com.android.mtp, scannedPackage=null)
11-10 13:26:24.509  3612  3612 I PackageManager: Adjusting ABI for com.android.inputdevices to arm64-v8a (requirer=android, scannedPackage=null)
11-10 13:26:24.510  3612  3612 I PackageManager: Adjusting ABI for com.android.server.telecom to arm64-v8a (requirer=android, scannedPackage=null)
11-10 13:26:24.510  3612  3612 I PackageManager: Adjusting ABI for com.android.providers.settings to arm64-v8a (requirer=android, scannedPackage=null)
11-10 13:26:24.510  3612  3612 I PackageManager: Adjusting ABI for com.android.keychain to arm64-v8a (requirer=android, scannedPackage=null)
11-10 13:26:24.510  3612  3612 I PackageManager: Adjusting ABI for com.android.development to arm64-v8a (requirer=android, scannedPackage=null)
11-10 13:26:24.510  3612  3612 I PackageManager: Adjusting ABI for org.cyanogenmod.cmsettings to arm64-v8a (requirer=android, scannedPackage=null)
11-10 13:26:24.510  3612  3612 I PackageManager: Adjusting ABI for org.cyanogenmod.cmparts to arm64-v8a (requirer=android, scannedPackage=null)
11-10 13:26:24.511  3612  3612 I PackageManager: Adjusting ABI for com.android.location.fused to arm64-v8a (requirer=android, scannedPackage=null)
11-10 13:26:24.511  3612  3612 I PackageManager: Adjusting ABI for com.cyanogenmod.settings.device to arm64-v8a (requirer=android, scannedPackage=null)
11-10 13:26:24.511  3612  3612 I PackageManager: Adjusting ABI for com.android.wallpaperbackup to arm64-v8a (requirer=android, scannedPackage=null)
11-10 13:26:24.511  3612  3612 I PackageManager: Adjusting ABI for cyanogenmod.platform to arm64-v8a (requirer=android, scannedPackage=null)
11-10 13:26:24.511  3176  3176 E         : invalid apk path '/system/framework/org.cyanogenmod.platform-res.apk' (bad prefix)
11-10 13:26:24.511  3612  3612 I PackageManager: Adjusting ABI for com.cyanogenmod.setupwizard to arm64-v8a (requirer=android, scannedPackage=null)
11-10 13:26:24.511  3612  3612 I PackageManager: Adjusting ABI for com.android.settings to arm64-v8a (requirer=android, scannedPackage=null)
11-10 13:26:24.512  3612  3612 I PackageManager: Time to scan packages: 2.346 seconds
11-10 13:26:24.512  3612  3612 W PackageManager: Unknown permission com.google.android.googleapps.permission.GOOGLE_AUTH in package com.android.providers.calendar
11-10 13:26:24.512  3612  3612 W PackageManager: Unknown permission com.google.android.googleapps.permission.GOOGLE_AUTH.cl in package com.android.providers.calendar
11-10 13:26:24.513  3612  3612 W PackageManager: Unknown permission cyanogenmod.permission.LEGALESE in package com.cyanogenmod.setupwizard
11-10 13:26:24.513  3612  3612 W PackageManager: Unknown permission com.android.gallery3d.permission.STORAGE_CHANGE in package com.android.camera2
11-10 13:26:24.513  3612  3612 W PackageManager: Unknown permission android.permission.NFC_UNLOCK in package com.android.nfc
11-10 13:26:24.513  3612  3612 W PackageManager: Unknown permission com.google.android.googleapps.permission.GOOGLE_AUTH.mail in package com.android.calendar
11-10 13:26:24.513  3612  3612 W PackageManager: Unknown permission com.android.launcher.permission.READ_SETTINGS in package com.android.onetimeinitializer
11-10 13:26:24.513  3612  3612 W PackageManager: Unknown permission com.android.launcher.permission.WRITE_SETTINGS in package com.android.onetimeinitializer
11-10 13:26:24.514  3612  3612 W PackageManager: Unknown permission com.android.launcher.permission.READ_SETTINGS in package com.cyanogenmod.trebuchet
11-10 13:26:24.514  3612  3612 W PackageManager: Unknown permission com.android.launcher.permission.WRITE_SETTINGS in package com.cyanogenmod.trebuchet
11-10 13:26:24.514  3612  3612 W PackageManager: Unknown permission com.google.android.permission.INSTALL_WEARABLE_PACKAGES in package com.android.packageinstaller
11-10 13:26:24.514  3612  3612 W PackageManager: Not granting permission android.permission.DELETE_PACKAGES to package com.svox.pico (protectionLevel=18 flags=0x3808be45)
11-10 13:26:24.514  3612  3612 W PackageManager: Unknown permission com.google.android.gallery3d.permission.PICASA_STORE in package com.android.dreams.phototable
11-10 13:26:24.514  3612  3612 W PackageManager: Unknown permission com.google.android.googleapps.permission.GOOGLE_AUTH in package com.android.settings
11-10 13:26:24.514  3612  3612 W PackageManager: Unknown permission com.android.launcher.permission.READ_SETTINGS in package com.android.settings
11-10 13:26:24.514  3612  3612 W PackageManager: Unknown permission com.android.launcher.permission.WRITE_SETTINGS in package com.android.settings
11-10 13:26:24.515  3612  3612 W PackageManager: Not granting permission android.permission.MANAGE_DOCUMENTS to package com.android.deskclock (protectionLevel=2 flags=0x3c49be45)
11-10 13:26:24.515  3612  3612 W PackageManager: Unknown permission com.android.deskclock.worldclock.permissions.WRITE_DATABASE in package com.android.deskclock
11-10 13:26:24.515  3612  3612 W PackageManager: Unknown permission org.codeaurora.permission.POWER_ON_ALERT in package com.android.deskclock
11-10 13:26:24.515  3612  3612 W PackageManager: Not granting permission android.permission.WRITE_SECURE_SETTINGS to package com.android.deskclock (protectionLevel=50 flags=0x3c49be45)
11-10 13:26:24.515  3612  3612 W PackageManager: Unknown permission com.cyanogenmod.lockclock.permission.READ_WEATHER in package com.android.systemui
11-10 13:26:24.516  3612  3612 W PackageManager: Unknown permission com.google.android.gallery3d.permission.GALLERY_PROVIDER in package com.android.bluetooth
11-10 13:26:24.516  3612  3612 W PackageManager: Unknown permission com.google.android.googleapps.permission.ACCESS_GOOGLE_PASSWORD in package com.android.development
11-10 13:26:24.516  3612  3612 W PackageManager: Unknown permission com.google.android.googleapps.permission.GOOGLE_AUTH in package com.android.development
11-10 13:26:24.516  3612  3612 W PackageManager: Unknown permission com.google.android.googleapps.permission.GOOGLE_AUTH.ALL_SERVICES in package com.android.development
11-10 13:26:24.516  3612  3612 W PackageManager: Unknown permission com.google.android.googleapps.permission.GOOGLE_AUTH.YouTubeUser in package com.android.development
11-10 13:26:24.516  3612  3612 V PackageManager: reconcileAppsData for null u0 0x3
11-10 13:26:24.517  3176  3176 E SELinux : selinux_android_file_context_handle: Error getting file context handle (No such file or directory)
11-10 13:26:24.581  3612  3612 V PackageManager: reconcileAppsData finished 91 packages
11-10 13:26:24.581  3612  3612 V PackageManager: Disabling com.google.android.gsf/com.google.android.gsf.update.SystemUpdateActivity
11-10 13:26:24.581  3612  3612 W PackageManager: Unable to disable com.google.android.gsf/com.google.android.gsf.update.SystemUpdateActivity
11-10 13:26:24.581  3612  3612 V PackageManager: Disabling com.google.android.gsf/com.google.android.gsf.update.SystemUpdateService$Receiver
11-10 13:26:24.581  3612  3612 W PackageManager: Unable to disable com.google.android.gsf/com.google.android.gsf.update.SystemUpdateService$Receiver
11-10 13:26:24.581  3612  3612 V PackageManager: Disabling com.google.android.gsf/com.google.android.gsf.update.SystemUpdateService$SecretCodeReceiver
11-10 13:26:24.581  3612  3612 W PackageManager: Unable to disable com.google.android.gsf/com.google.android.gsf.update.SystemUpdateService$SecretCodeReceiver
11-10 13:26:24.581  3612  3612 V PackageManager: Disabling com.google.android.gsf/com.google.android.gsf.update.SystemUpdateServiceReceiver
11-10 13:26:24.581  3612  3612 W PackageManager: Unable to disable com.google.android.gsf/com.google.android.gsf.update.SystemUpdateServiceReceiver
11-10 13:26:24.582  3612  3612 V PackageManager: Disabling com.google.android.gms/com.google.android.gms.update.SystemUpdateActivity
11-10 13:26:24.582  3612  3612 W PackageManager: Unable to disable com.google.android.gms/com.google.android.gms.update.SystemUpdateActivity
11-10 13:26:24.582  3612  3612 V PackageManager: Disabling com.google.android.gms/com.google.android.gms.update.SystemUpdateService$Receiver
11-10 13:26:24.582  3612  3612 W PackageManager: Unable to disable com.google.android.gms/com.google.android.gms.update.SystemUpdateService$Receiver
11-10 13:26:24.582  3612  3612 V PackageManager: Disabling com.google.android.gms/com.google.android.gms.update.SystemUpdateService$ActiveReceiver
11-10 13:26:24.582  3612  3612 W PackageManager: Unable to disable com.google.android.gms/com.google.android.gms.update.SystemUpdateService$ActiveReceiver
11-10 13:26:24.582  3612  3612 V PackageManager: Disabling com.google.android.gms/com.google.android.gms.update.SystemUpdateService$SecretCodeReceiver
11-10 13:26:24.582  3612  3612 W PackageManager: Unable to disable com.google.android.gms/com.google.android.gms.update.SystemUpdateService$SecretCodeReceiver
11-10 13:26:24.582  3612  3612 V PackageManager: Disabling com.google.android.gms/com.google.android.gms.update.SystemUpdateServiceReceiver
11-10 13:26:24.582  3612  3612 W PackageManager: Unable to disable com.google.android.gms/com.google.android.gms.update.SystemUpdateServiceReceiver
11-10 13:26:24.582  3612  3612 V PackageManager: Enabling com.google.android.gsf/com.google.android.gsf.update.SystemUpdateService
11-10 13:26:24.582  3612  3612 W PackageManager: Unable to enable com.google.android.gsf/com.google.android.gsf.update.SystemUpdateService
11-10 13:26:24.582  3612  3612 V PackageManager: Enabling com.google.android.gms/com.google.android.gms.update.SystemUpdateService
11-10 13:26:24.582  3612  3612 W PackageManager: Unable to enable com.google.android.gms/com.google.android.gms.update.SystemUpdateService
11-10 13:26:24.656  3612  3612 I PackageManager.DexOptimizer: Running dexopt (dex2oat) on: /system/priv-app/TelephonyProvider/TelephonyProvider.apk pkg=com.android.providers.telephony isa=arm64 vmSafeMode=false debuggable=false target-filter=speed oatDir = null sharedLibraries=null
11-10 13:26:24.672  3836  3836 I dex2oat : /system/bin/dex2oat --compiler-filter=speed
11-10 13:26:24.870  3836  3836 I dex2oat : dex2oat took 197.934ms (threads: 8) arena alloc=6MB (7250400B) java alloc=274KB (280896B) native alloc=2MB (2228616B) free=11MB (11927160B)
11-10 13:26:24.873  3612  3612 I PackageManager.DexOptimizer: Running dexopt (dex2oat) on: /system/priv-app/MmsService/MmsService.apk pkg=com.android.mms.service isa=arm64 vmSafeMode=false debuggable=false target-filter=speed oatDir = null sharedLibraries=null
11-10 13:26:24.889  3845  3845 I dex2oat : /system/bin/dex2oat --compiler-filter=speed
11-10 13:26:24.998  3845  3845 I dex2oat : dex2oat took 109.493ms (threads: 8) arena alloc=2MB (2306664B) java alloc=268KB (274928B) native alloc=1551KB (1589216B) free=4MB (4702240B)
11-10 13:26:25.001  3612  3612 I PackageManager.DexOptimizer: Running dexopt (dex2oat) on: /system/priv-app/DefaultContainerService/DefaultContainerService.apk pkg=com.android.defcontainer isa=arm64 vmSafeMode=false debuggable=false target-filter=speed oatDir = null sharedLibraries=null
11-10 13:26:25.017  3854  3854 I dex2oat : /system/bin/dex2oat --compiler-filter=speed
11-10 13:26:25.092  3854  3854 I dex2oat : dex2oat took 75.266ms (threads: 8) arena alloc=528KB (540752B) java alloc=101KB (104128B) native alloc=1134KB (1162032B) free=2MB (2507984B)
11-10 13:26:25.094  3612  3612 I PackageManager.DexOptimizer: Running dexopt (dex2oat) on: /system/priv-app/SettingsProvider/SettingsProvider.apk pkg=com.android.providers.settings isa=arm64 vmSafeMode=false debuggable=false target-filter=speed oatDir = null sharedLibraries=null
11-10 13:26:25.110  3863  3863 I dex2oat : /system/bin/dex2oat --compiler-filter=speed
11-10 13:26:25.288  3863  3863 I dex2oat : dex2oat took 178.855ms (threads: 8) arena alloc=6MB (6535256B) java alloc=295KB (302136B) native alloc=1610KB (1649040B) free=9MB (9885296B)
11-10 13:26:25.292  3612  3612 I PackageManager.DexOptimizer: Running dexopt (dex2oat) on: /system/priv-app/InputDevices/InputDevices.apk pkg=com.android.inputdevices isa=arm64 vmSafeMode=false debuggable=false target-filter=speed oatDir = null sharedLibraries=null
11-10 13:26:25.307  3872  3872 I dex2oat : /system/bin/dex2oat --compiler-filter=speed
11-10 13:26:25.372  3872  3872 I dex2oat : dex2oat took 64.931ms (threads: 8) arena alloc=15KB (15632B) java alloc=32KB (33200B) native alloc=861KB (882000B) free=1698KB (1739440B)
11-10 13:26:25.374  3612  3612 I PackageManager.DexOptimizer: Running dexopt (dex2oat) on: /system/app/ExtShared/ExtShared.apk pkg=android.ext.shared isa=arm64 vmSafeMode=false debuggable=false target-filter=speed oatDir = null sharedLibraries=null
11-10 13:26:25.389  3881  3881 I dex2oat : /system/bin/dex2oat --compiler-filter=speed
11-10 13:26:25.453  3881  3881 I dex2oat : dex2oat took 64.099ms (threads: 8) arena alloc=78KB (79992B) java alloc=55KB (57056B) native alloc=890KB (911824B) free=2MB (2233904B)
11-10 13:26:25.455  3612  3612 I PackageManager.DexOptimizer: Running dexopt (dex2oat) on: /system/priv-app/Telecom/Telecom.apk pkg=com.android.server.telecom isa=arm64 vmSafeMode=false debuggable=false target-filter=speed oatDir = null sharedLibraries=null
11-10 13:26:25.471  3890  3890 I dex2oat : /system/bin/dex2oat --compiler-filter=speed
11-10 13:26:25.853  3890  3890 I dex2oat : dex2oat took 383.046ms (threads: 8) arena alloc=3MB (3747280B) java alloc=1025KB (1050128B) native alloc=4MB (4212056B) free=6MB (7322280B)
11-10 13:26:25.858  3612  3612 I PackageManager.DexOptimizer: Running dexopt (dex2oat) on: /system/priv-app/Dialer/Dialer.apk pkg=com.android.dialer isa=arm64 vmSafeMode=false debuggable=false target-filter=speed oatDir = null sharedLibraries=null
11-10 13:26:25.874  3899  3899 I dex2oat : /system/bin/dex2oat --compiler-filter=speed
11-10 13:26:26.068  3899  3904 W dex2oat : Before Android 4.1, method android.graphics.PorterDuffColorFilter android.support.graphics.drawable.VectorDrawableCompat.updateTintFilter(android.graphics.PorterDuffColorFilter, android.content.res.ColorStateList, android.graphics.PorterDuff$Mode) would have incorrectly overridden the package-private method in android.graphics.drawable.Drawable
11-10 13:26:26.080  3899  3904 W dex2oat : Before Android 4.1, method int android.support.v7.widget.ListViewCompat.lookForSelectablePosition(int, boolean) would have incorrectly overridden the package-private method in android.widget.ListView
11-10 13:26:27.362  3899  3899 I dex2oat : dex2oat took 1.488s (threads: 8) arena alloc=4MB (4212672B) java alloc=5MB (6078736B) native alloc=15MB (16179312B) free=7MB (7413648B)
11-10 13:26:27.368  3612  3612 I PackageManager.DexOptimizer: Running dexopt (dex2oat) on: /system/priv-app/ExtServices/ExtServices.apk pkg=android.ext.services isa=arm64 vmSafeMode=false debuggable=false target-filter=speed oatDir = null sharedLibraries=null
11-10 13:26:27.383  3909  3909 I dex2oat : /system/bin/dex2oat --compiler-filter=speed
11-10 13:26:27.458  3909  3909 I dex2oat : dex2oat took 75.461ms (threads: 8) arena alloc=339KB (347160B) java alloc=87KB (89968B) native alloc=1103KB (1130112B) free=2MB (2539904B)
11-10 13:26:27.461  3612  3612 I PackageManager.DexOptimizer: Running dexopt (dex2oat) on: /system/priv-app/CMSettingsProvider/CMSettingsProvider.apk pkg=org.cyanogenmod.cmsettings isa=arm64 vmSafeMode=false debuggable=false target-filter=speed oatDir = null sharedLibraries=null
11-10 13:26:27.477  3918  3918 I dex2oat : /system/bin/dex2oat --compiler-filter=speed
11-10 13:26:27.587  3918  3918 I dex2oat : dex2oat took 110.543ms (threads: 8) arena alloc=1894KB (1939680B) java alloc=228KB (234416B) native alloc=1667KB (1707032B) free=4MB (4584424B)
11-10 13:26:27.590  3612  3612 I PackageManager.DexOptimizer: Running dexopt (dex2oat) on: /system/priv-app/PackageInstaller/PackageInstaller.apk pkg=com.android.packageinstaller isa=arm64 vmSafeMode=false debuggable=false target-filter=speed oatDir = null sharedLibraries=null
11-10 13:26:27.606  3927  3927 I dex2oat : /system/bin/dex2oat --compiler-filter=speed
11-10 13:26:27.702  3927  3933 W dex2oat : Before Android 4.1, method android.graphics.PorterDuffColorFilter android.support.graphics.drawable.VectorDrawableCompat.updateTintFilter(android.graphics.PorterDuffColorFilter, android.content.res.ColorStateList, android.graphics.PorterDuff$Mode) would have incorrectly overridden the package-private method in android.graphics.drawable.Drawable
11-10 13:26:27.718  3927  3927 W dex2oat : Before Android 4.1, method int android.support.v7.widget.ListViewCompat.lookForSelectablePosition(int, boolean) would have incorrectly overridden the package-private method in android.widget.ListView
11-10 13:26:28.296  3927  3927 I dex2oat : dex2oat took 691.043ms (threads: 8) arena alloc=2MB (3018176B) java alloc=3MB (3977784B) native alloc=6MB (7089936B) free=6MB (6541552B)
11-10 13:26:28.301  3612  3612 I PackageManager.DexOptimizer: Running dexopt (dex2oat) on: /system/priv-app/ProxyHandler/ProxyHandler.apk pkg=com.android.proxyhandler isa=arm64 vmSafeMode=false debuggable=false target-filter=speed oatDir = null sharedLibraries=null
11-10 13:26:28.316  3936  3936 I dex2oat : /system/bin/dex2oat --compiler-filter=speed
11-10 13:26:28.398  3936  3936 I dex2oat : dex2oat took 82.075ms (threads: 8) arena alloc=1264KB (1294936B) java alloc=94KB (96672B) native alloc=1189KB (1218432B) free=3MB (3500160B)
11-10 13:26:28.402  3612  3612 I PackageManager.DexOptimizer: Running dexopt (dex2oat) on: /system/app/LatinIME/LatinIME.apk pkg=com.android.inputmethod.latin isa=arm64 vmSafeMode=false debuggable=false target-filter=speed oatDir = null sharedLibraries=null
11-10 13:26:28.417  3945  3945 I dex2oat : /system/bin/dex2oat --compiler-filter=speed
11-10 13:26:28.847  3945  3945 I dex2oat : dex2oat took 430.630ms (threads: 8) arena alloc=2MB (3118240B) java alloc=1654KB (1693896B) native alloc=4MB (4519600B) free=6MB (7014736B)
11-10 13:26:28.852  3612  3612 I PackageManager.DexOptimizer: Running dexopt (dex2oat) on: /system/priv-app/Settings/Settings.apk pkg=com.android.settings isa=arm64 vmSafeMode=false debuggable=false target-filter=speed oatDir = null sharedLibraries=null
11-10 13:26:28.867  3954  3954 I dex2oat : /system/bin/dex2oat --compiler-filter=speed
