11-21 18:49:13.134  3623  3630 E RILD    : cbList[23]: 0x1127
11-21 18:49:13.134  3623  3630 E RILD    : cbList[24]: 0x1128
11-21 18:49:13.134  3623  3630 E RILD    : [G] TX: (M)SMS_CMD (S)SMS_CBS_CFG (T)SET l:3c m:83 a:00 [ 01 80 19 00 32 11 00 11 01 11 02 11 04 11 12 11 13 11 14 11 15 11 16 11 17 11 18 11 19 11 ... ]
11-21 18:49:13.139  3623  3632 E RILD    : [G] RX: (M)GEN_CMD (S)GEN_PHONE_RES (T)RESP l:c m:ce a:83 [ 04 0E 03 00 80 ]
11-21 18:49:13.139  3623  3632 E RILD    : IpcProtocol41 GR: 0x8000
11-21 18:49:13.139  3623  3632 E RILD    : IpcProtocol GR: 0x8000
11-21 18:49:13.139  3623  3630 E RILD    : SMS-MGR(8): evt(1011)
11-21 18:49:13.139  3623  3630 E RILD    : RequestComplete - req : 90, peek : 90
11-21 18:49:13.140  3623  3631 E RILD    : Onprocessing: request id(27), handleEvent(100)
11-21 18:49:13.140  4955  5307 D RILJ    : [3789]< RIL_REQUEST_GSM_SET_BROADCAST_CONFIG  [SUB0]
11-21 18:49:13.141  4955  5338 D RILJ    : [3790]> RIL_REQUEST_GSM_BROADCAST_ACTIVATION [SUB0]
11-21 18:49:13.142  3623  3626 E RILD    : IsRegisteredNetworkType(): netType[1]  feature[00] state[0] 
11-21 18:49:13.143  3623  3631 E RILD    : DoRouteIn - FW reqId : 91
11-21 18:49:13.143  3623  3631 E RILD    : Onprocessing: request id(27), handleEvent(100)
11-21 18:49:13.143  3623  3631 E RILD    : DoRouteOut - FW reqId : 91
11-21 18:49:13.143  3623  3631 E RILD    : Onprocessing: request id(91), handleEvent(109)
11-21 18:49:13.143  3623  3630 E RILD    : SMS-MGR(8): evt(109)
11-21 18:49:13.143  3623  3630 E RILD    : DoGsmSetCBActivation: CBEnable: 1
11-21 18:49:13.143  3623  3630 E RILD    : DoGsmSetCBActivation: enableCb: 1
11-21 18:49:13.143  3623  3630 E RILD    : SMS-MGR(8): evt(1012)
11-21 18:49:13.144  3623  3630 E RILD    : OnGsmSetCBActivationDone():__
11-21 18:49:13.144  3623  3630 E RILD    : RequestComplete - req : 91, peek : 91
11-21 18:49:13.144  3623  3631 E RILD    : Onprocessing: request id(27), handleEvent(100)
11-21 18:49:13.144  4955  5307 D RILJ    : [3790]< RIL_REQUEST_GSM_BROADCAST_ACTIVATION  [SUB0]
11-21 18:49:13.153  4955  5377 D PhoneFactory: SMS Prompt option:false
11-21 18:49:13.153  4955  5377 D RIL_UiccSmsController: isSmsSimPickActivityNeeded: false, sms prompt disabled.
11-21 18:49:13.155  4955  5384 D RILJ    : [3791]> RIL_REQUEST_GSM_SET_BROADCAST_CONFIG with 6 configs :  [SUB0]
11-21 18:49:13.156  4955  5384 D RILJ    : SmsBroadcastConfigInfo: Id [50,50] Code [0,255] ENABLED [SUB0]
11-21 18:49:13.156  4955  5384 D RILJ    : SmsBroadcastConfigInfo: Id [4352,4354] Code [0,255] ENABLED [SUB0]
11-21 18:49:13.156  4955  5384 D RILJ    : SmsBroadcastConfigInfo: Id [4356,4356] Code [0,255] ENABLED [SUB0]
11-21 18:49:13.156  4955  5384 D RILJ    : SmsBroadcastConfigInfo: Id [4370,4379] Code [0,255] ENABLED [SUB0]
11-21 18:49:13.156  4955  5384 D RILJ    : SmsBroadcastConfigInfo: Id [4383,4392] Code [0,255] ENABLED [SUB0]
11-21 18:49:13.156  4955  5384 D RILJ    : SmsBroadcastConfigInfo: Id [60,60] Code [0,255] ENABLED [SUB0]
11-21 18:49:13.158  3623  3626 E RILD    : IsRegisteredNetworkType(): netType[1]  feature[00] state[0] 
11-21 18:49:13.158  3623  3631 E RILD    : DoRouteIn - FW reqId : 90
11-21 18:49:13.158  3623  3631 E RILD    : Onprocessing: request id(27), handleEvent(100)
11-21 18:49:13.158  3623  3631 E RILD    : DoRouteOut - FW reqId : 90
11-21 18:49:13.159  3623  3631 E RILD    : Onprocessing: request id(90), handleEvent(108)
11-21 18:49:13.159  3623  3630 E RILD    : SMS-MGR(8): evt(108)
11-21 18:49:13.159  3623  3630 E RILD    : DoGsmSetBroadcastSmsConfig():
11-21 18:49:13.159  3623  3630 E RILD    : AddCbChannelFilter: Range 50-50 selected 1
11-21 18:49:13.159  3623  3630 E RILD    : AddCbChannelFilter: Range 4352-4354 selected 1
11-21 18:49:13.160  3623  3630 E RILD    : AddCbChannelFilter: Range 4356-4356 selected 1
11-21 18:49:13.160  3623  3630 E RILD    : AddCbChannelFilter: Range 4370-4379 selected 1
11-21 18:49:13.161  3623  3630 E RILD    : AddCbChannelFilter: Range 4383-4392 selected 1
11-21 18:49:13.161  3623  3630 E RILD    : AddCbChannelFilter: Range 60-60 selected 1
11-21 18:49:13.161  3623  3630 E RILD    : GetSelectedId: selectedId 0x80
11-21 18:49:13.162  3623  3630 E RILD    : AddRange: from 50 to 50
11-21 18:49:13.162  3623  3630 E RILD    : AddRange: from 60 to 60
11-21 18:49:13.162  3623  3630 E RILD    : AddRange: from 4352 to 4354
11-21 18:49:13.162  3623  3630 E RILD    : AddRange: from 4356 to 4356
11-21 18:49:13.162  3623  3630 E RILD    : AddRange: from 4370 to 4379
11-21 18:49:13.163  3623  3630 E RILD    : AddRange: from 4383 to 4392
11-21 18:49:13.163  3623  3630 E RILD    : enableCb: 1, cbSelectionId: 0x80
11-21 18:49:13.164  3623  3630 E RILD    : IpcTxSetCBConfig()
11-21 18:49:13.164  3623  3630 E RILD    : cbList[0]: 0x0032
11-21 18:49:13.164  3623  3630 E RILD    : cbList[1]: 0x003C
11-21 18:49:13.164  3623  3630 E RILD    : cbList[2]: 0x1100
11-21 18:49:13.164  3623  3630 E RILD    : cbList[3]: 0x1101
11-21 18:49:13.164  3623  3630 E RILD    : cbList[4]: 0x1102
11-21 18:49:13.164  3623  3630 E RILD    : cbList[5]: 0x1104
11-21 18:49:13.164  3623  3630 E RILD    : cbList[6]: 0x1112
11-21 18:49:13.164  3623  3630 E RILD    : cbList[7]: 0x1113
11-21 18:49:13.164  3623  3630 E RILD    : cbList[8]: 0x1114
11-21 18:49:13.164  3623  3630 E RILD    : cbList[9]: 0x1115
11-21 18:49:13.164  3623  3630 E RILD    : cbList[10]: 0x1116
11-21 18:49:13.164  3623  3630 E RILD    : cbList[11]: 0x1117
11-21 18:49:13.164  3623  3630 E RILD    : cbList[12]: 0x1118
11-21 18:49:13.164  3623  3630 E RILD    : cbList[13]: 0x1119
11-21 18:49:13.164  3623  3630 E RILD    : cbList[14]: 0x111A
11-21 18:49:13.164  3623  3630 E RILD    : cbList[15]: 0x111B
11-21 18:49:13.165  3623  3630 E RILD    : cbList[16]: 0x111F
11-21 18:49:13.165  3623  3630 E RILD    : cbList[17]: 0x1120
11-21 18:49:13.165  3623  3630 E RILD    : cbList[18]: 0x1121
11-21 18:49:13.165  3623  3630 E RILD    : cbList[19]: 0x1122
11-21 18:49:13.165  3623  3630 E RILD    : cbList[20]: 0x1123
11-21 18:49:13.165  3623  3630 E RILD    : cbList[21]: 0x1124
11-21 18:49:13.165  3623  3630 E RILD    : cbList[22]: 0x1125
11-21 18:49:13.165  3623  3630 E RILD    : cbList[23]: 0x1126
11-21 18:49:13.165  3623  3630 E RILD    : cbList[24]: 0x1127
11-21 18:49:13.165  3623  3630 E RILD    : cbList[25]: 0x1128
11-21 18:49:13.165  3623  3630 E RILD    : [G] TX: (M)SMS_CMD (S)SMS_CBS_CFG (T)SET l:3e m:84 a:00 [ 01 80 1A 00 32 00 3C 11 00 11 01 11 02 11 04 11 12 11 13 11 14 11 15 11 16 11 17 11 18 11 ... ]
11-21 18:49:13.169  3623  3632 E RILD    : [G] RX: (M)GEN_CMD (S)GEN_PHONE_RES (T)RESP l:c m:cf a:84 [ 04 0E 03 00 80 ]
11-21 18:49:13.169  3623  3632 E RILD    : IpcProtocol41 GR: 0x8000
11-21 18:49:13.169  3623  3632 E RILD    : IpcProtocol GR: 0x8000
11-21 18:49:13.170  3623  3630 E RILD    : SMS-MGR(8): evt(1011)
11-21 18:49:13.170  3623  3630 E RILD    : RequestComplete - req : 90, peek : 90
11-21 18:49:13.170  4955  5307 D RILJ    : [3791]< RIL_REQUEST_GSM_SET_BROADCAST_CONFIG  [SUB0]
11-21 18:49:13.170  3623  3631 E RILD    : Onprocessing: request id(27), handleEvent(100)
11-21 18:49:13.171  4955  5384 D RILJ    : [3792]> RIL_REQUEST_GSM_BROADCAST_ACTIVATION [SUB0]
11-21 18:49:13.173  3623  3626 E RILD    : IsRegisteredNetworkType(): netType[1]  feature[00] state[0] 
11-21 18:49:13.173  3623  3631 E RILD    : DoRouteIn - FW reqId : 91
11-21 18:49:13.173  3623  3631 E RILD    : Onprocessing: request id(27), handleEvent(100)
11-21 18:49:13.173  3623  3631 E RILD    : DoRouteOut - FW reqId : 91
11-21 18:49:13.173  3623  3631 E RILD    : Onprocessing: request id(91), handleEvent(109)
11-21 18:49:13.174  3623  3630 E RILD    : SMS-MGR(8): evt(109)
11-21 18:49:13.174  3623  3630 E RILD    : DoGsmSetCBActivation: CBEnable: 1
11-21 18:49:13.174  3623  3630 E RILD    : DoGsmSetCBActivation: enableCb: 1
11-21 18:49:13.174  3623  3630 E RILD    : SMS-MGR(8): evt(1012)
11-21 18:49:13.174  3623  3630 E RILD    : OnGsmSetCBActivationDone():__
11-21 18:49:13.174  3623  3630 E RILD    : RequestComplete - req : 91, peek : 91
11-21 18:49:13.175  3623  3631 E RILD    : Onprocessing: request id(27), handleEvent(100)
11-21 18:49:13.175  4955  5307 D RILJ    : [3792]< RIL_REQUEST_GSM_BROADCAST_ACTIVATION  [SUB0]
11-21 18:49:13.391  3623  3632 E RILD    : [G] RX: (M)GPRS_CMD (S)GPRS_IP_CONFIGURATION (T)NOTI l:a4 m:d0 a:00 [ 02 07 00 B5 66 85 0A B5 58 56 A4 B5 58 56 9C 00 00 00 00 00 00 00 00 00 00 00 00 00 00 00 00 00 00 00 00 00 00 00 00 00 00 00 00 00 00 00 00 00 00 00 00 00 00 00 00 00 00 00 00 00 00 00 00 00 00 00 00 00 00 00 00 00 00 00 00 00 00 00 00 00 00 00 00 00 00 00 00 00 00 00 00 00 00 00 00 00 00 00 00 00 00 00 00 00 00 00 00 00 00 00 00 00 00 00 00 00 00 00 00 00 00 00 00 00 00 00 00 00 00 00 00 00 00 00 00 00 00 00 00 00 00 00 00 00 00 00 00 00 00 00 00 00 00 00 00 00 00 ]
11-21 18:49:13.392  3623  3630 E RILD    : CA-DCA(12): evt(1004)
11-21 18:49:13.392  3623  3632 E RILD    : [G] RX: (M)GPRS_CMD (S)GPRS_CALL_STATUS (T)NOTI l:10 m:d1 a:00 [ 02 01 00 00 00 00 00 00 00 ]
11-21 18:49:13.392  3623  3630 E RILD    : OnIpConfigured: CID(2)
11-21 18:49:13.392  3623  3630 E RILD    :  [*] IP: 181.102.133.10
11-21 18:49:13.392  3623  3630 E RILD    :  [*] GW: 181.102.133.1
11-21 18:49:13.392  3623  3630 E RILD    :  [*] DNS1: 181.88.86.164
11-21 18:49:13.392  3623  3630 E RILD    :  [*] DNS2: 181.88.86.156
11-21 18:49:13.392  3623  3630 E RILD    :  [*] IPv6: ::
11-21 18:49:13.392  3623  3630 E RILD    :  [*] IPv6 GW: ::
11-21 18:49:13.393  3623  3630 E RILD    :  [*] DNS1v6: ::
11-21 18:49:13.393  3623  3630 E RILD    :  [*] DNS2v6: ::
11-21 18:49:13.393  3623  3630 E RILD    :  [*] IPv6FromPGW: ::
11-21 18:49:13.393  3623  3630 E RILD    :  [*] pcscf: 0.0.0.0
11-21 18:49:13.393  3623  3630 E RILD    :  [*] pcscf2: 0.0.0.0
11-21 18:49:13.393  3623  3630 E RILD    :  [*] pcscf3: 0.0.0.0
11-21 18:49:13.393  3623  3630 E RILD    :  [*] pcscfIp6Addr1: ::
11-21 18:49:13.393  3623  3630 E RILD    :  [*] pcscfIp6Addr2: ::
11-21 18:49:13.393  3623  3630 E RILD    :  [*] pcscfIp6Addr3: ::
11-21 18:49:13.393  3623  3630 E RILD    : OnIpConfigured(): GetState = 1, Profile = 0
11-21 18:49:13.393  3623  3630 E RILD    : CA-DCA(12): evt(1005)
11-21 18:49:13.393  3623  3630 E RILD    : ClearCallStateTimeout Success: CID(2)
11-21 18:49:13.394  3623  3630 E RILD    : Previous state is 1.
11-21 18:49:13.394  3623  3630 E RILD    : Data call is connected
11-21 18:49:13.394  3623  3630 E RILD    : SetState: 4 for CID 2.
11-21 18:49:13.394  3623  3630 E RILD    : NotifyDataCallState: 4 for CID 2.
11-21 18:49:13.394  3623  3630 E RILD    : update mtu context simslot = 0, imsi = 72234
11-21 18:49:13.394  3623  3630 E RILD    : DC-MGR: Has not Ipv6Address
11-21 18:49:13.394  3623  3630 E RILD    : db doesn't exist
11-21 18:49:13.395  3623  3632 E RILD    : [G] RX: (M)SVC_CMD (S)SVC_BIG_DATA_INFO (T)NOTI l:92 m:d2 a:00 [ 06 88 00 7B 22 4A 56 45 52 22 3A 22 53 51 42 31 22 2C 22 50 4C 4D 4E 22 3A 22 37 32 32 33 34 23 22 2C 22 41 43 54 5F 22 3A 22 32 22 2C 22 52 41 43 5F 22 3A 22 31 22 2C 22 4C 41 43 5F 22 3A 22 30 37 36 38 22 2C 22 54 41 43 5F 22 3A 22 30 30 30 30 22 2C 22 43 5F 49 44 22 3A 22 46 46 46 46 46 46 46 46 22 2C 22 50 68 49 44 22 3A 22 38 33 22 2C 22 44 4C 43 68 22 3A 22 39 38 33 34 22 2C 22 52 67 53 74 22 3A 22 32 22 7D ]
11-21 18:49:13.395  3623  3630 E RILD    : mtu for 72234 -> 1500 (default)
11-21 18:49:13.395  3623  3632 E RILD    : IpcRxServiceMode:
11-21 18:49:13.395  3623  3632 E RILD    : IpcRxServiceModeBigDataInfo:
11-21 18:49:13.395  3623  3630 E RILD    : db doesn't exist
11-21 18:49:13.395  3623  3632 E RILD    : BIG_DATA_INFO(136): {"JVER":"SQB1","PLMN":"72234#","ACT_":"2","RAC_":"1","LAC_":"0768","TAC_":"0000","C_ID":"FFFFFFFF","PhID":"83","DLCh":"9834","RgSt":"2"}
11-21 18:49:13.395  3623  3632 E RILD    : OnUnsolicitedResponse: unsolId: 11010 is pending
11-21 18:49:13.395  3623  3632 E RILD    : ProcessSingleIpcMessageReceived() - There is no IpcHistoryRecord
11-21 18:49:13.395  3623  3630 E RILD    : mtu for 72234 -> 1500 (default)
11-21 18:49:13.395  3623  3630 E RILD    : DC-MGR: UpdateMtu with 1500
11-21 18:49:13.396  3623  3630 E RILD    : [NIF] Interface(rmnet1) is up.
11-21 18:49:13.397  3623  3630 E RILD    : Ipv6 for rmnet1 is disabled
11-21 18:49:13.397  3623  3630 E RILD    : [NIF] Setting IPv4 address.
11-21 18:49:13.397  3623  3630 E RILD    : [NIF] Address is set for rmnet1
11-21 18:49:13.397  3623  3630 E RILD    : [NIF] try to set subnet mask :16.
11-21 18:49:13.402  3623  3630 E RILD    : NotifyDataCallState: cltcp intfmName/iFaces: (rmnet1/rmnet1)
11-21 18:49:13.402  3623  3630 E RILD    : SendDataCallResponse
11-21 18:49:13.403  3623  3630 E RILD    : RequestComplete - req : 27, peek : 27
11-21 18:49:13.403  3623  3630 E RILD    : OnUnsolicitedResponse: unsolId: 1010
11-21 18:49:13.404  4955  5307 D RILJ    : [3756]< SETUP_DATA_CALL DataCallResponse: {version=10 status=0 retry=-1 cid=2 active=2 type=IP ifname=rmnet1 mtu=0 addresses=[181.102.133.10] dnses=[181.88.86.164,181.88.86.156] gateways=[181.102.133.1] pcscf=[]} [SUB0]
11-21 18:49:13.405  4955  5307 D RILJ    : responseDataCallList ver=10 num=1 [SUB0]
11-21 18:49:13.405  3623  3630 E RILD    : GC-MGR(4): evt(219)
11-21 18:49:13.405  3623  3630 E RILD    : OnDataCallStateChanged() - Profile: 0, Rat: 10, State: 4
11-21 18:49:13.405  4955  5307 D RILJ    : [UNSL]< UNSOL_DATA_CALL_LIST_CHANGED [DataCallResponse: {version=10 status=0 retry=-1 cid=2 active=2 type=IP ifname=rmnet1 mtu=0 addresses=[181.102.133.10] dnses=[181.88.86.164,181.88.86.156] gateways=[181.102.133.1] pcscf=[]}] [SUB0]
11-21 18:49:13.405  3623  3630 E RILD    : [FD] Modem Fastdormancy Started
11-21 18:49:13.405  3623  3630 E RILD    : [FD] There is no fd preferences file
11-21 18:49:13.405  3623  3630 E RILD    : DB doesn't exist
11-21 18:49:13.406  3623  3630 E RILD    : [FD] Time Info : screenOn(5000), screenOff(5000),  screenOnRel8(5000), screenOffRel8(5000)
11-21 18:49:13.406  3623  3630 E RILD    : [FD] Failed to query DB.
11-21 18:49:13.406  4955  5329 D DC-1    : DcActivatingState: msg={what=EVENT_SETUP_DATA_CONNECTION_DONE when=-2ms obj=android.os.AsyncResult@149d17c target=Handler (com.android.internal.util.StateMachine$SmHandler) {50d0050} replyTo=null}
11-21 18:49:13.406  4955  5329 D DC-1    : onSetupConnectionCompleted received successful DataCallResponse
11-21 18:49:13.407  4955  5329 D DataCallResponse: addr/pl=181.102.133.10/32
11-21 18:49:13.408  4955  5329 D DC-1    : MTU set by config resource to: 1500
11-21 18:49:13.408  4955  5329 D DC-1    : updateLinkProperty old LP={LinkAddresses: []  Routes: [] DnsAddresses: [] Domains: null MTU: 0}
11-21 18:49:13.409  4955  5329 D DC-1    : updateLinkProperty new LP={InterfaceName: rmnet1 LinkAddresses: [181.102.133.10/32,]  Routes: [0.0.0.0/0 -> 181.102.133.1 rmnet1,] DnsAddresses: [181.88.86.164,181.88.86.156,] Domains: null MTU: 1500 TcpBufferSizes: 40778,244668,734003,16777,100663,301990}
11-21 18:49:13.413  4955  5329 D DC-1    : DcActivatingState onSetupConnectionCompleted result=SUCCESS  SetupResult.mFailCause=NONE dc={DC-1: State=DcActivatingState mApnSetting=[ApnSettingV3] Personal WAP, 3352, 72234, gprs.personal.com, , , , , , -1, default | supl, IP, IP, true, 0, 0, 0, false, 0, 0, 0, 0, , , false RefCount=1 mCid=2 mCreateTime=-1 mLastastFailTime=-1 mLastFailCause=NONE mTag=2 mLinkProperties={InterfaceName: rmnet1 LinkAddresses: [181.102.133.10/32,]  Routes: [0.0.0.0/0 -> 181.102.133.1 rmnet1,] DnsAddresses: [181.88.86.164,181.88.86.156,] Domains: null MTU: 1500 TcpBufferSizes: 40778,244668,734003,16777,100663,301990} linkCapabilities=[ Transports: CELLULAR Capabilities: SUPL&INTERNET&NOT_RESTRICTED&TRUSTED&NOT_VPN LinkUpBandwidth>=5898Kbps LinkDnBandwidth>=14336Kbps Specifier: <1>] mRestrictedNetworkOverride=false mApnContexts={{mApnType=default mState=CONNECTING mWaitingApns={[[ApnSettingV3] Personal WAP, 3352, 72234, gprs.personal.com, , , , , , -1, default | supl, IP, IP, true, 0, 0, 0, false, 0, 0, 0, 0, , , false, [ApnSettingV3] Personal, 3354, 72234, datos.personal.com, , , , , , -1, default | supl, IP, IP, true, 0, 0, 0, false, 0, 0, 0, 0, , , false]} mApnSetting={[ApnSettingV3] Personal WAP, 3352, 72234, gprs.personal.com, , , , , , -1, default | supl, IP, IP, true, 0, 0, 0, false, 0, 0, 0, 0, , , false} mReason=dataAttached mDataEnabled=true mDependencyMet=true}={mTag=2 mApnContext={mApnType=default mState=CONNECTING mWaitingApns={[[ApnSettingV3] Personal WAP, 3352, 72234, gprs.personal.com, , , , , , -1, default | supl, IP, IP, true, 0, 0, 0, false, 0, 0, 0, 0, , , false, [ApnSettingV3] Personal, 3354, 72234, datos.personal.com, , , , , , -1, default | supl, IP, IP, true, 0, 0, 0, false, 0, 0, 0, 0, , , false]} mApnSetting={[ApnSettingV3] Personal WAP, 3352, 72234, gprs.personal.com, , , , , , -1, default | supl, IP, IP, true, 0, 0, 0, false, 0, 0, 0, 0, , , false} mReason=dataAttached mDataEnabled=true mDependencyMet=true} mProfileId=0 mRat=10 mOnCompletedMsg={what=0x42000 when=-1m10s37ms obj=Pair{{mApnType=default mState=CONNECTING mWaitingApns={[[ApnSettingV3] Personal WAP, 3352, 72234, gprs.personal.com, , , , , , -1, default | supl, IP, IP, true, 0, 0, 0, false, 0, 0, 0, 0, , , false, [ApnSettingV3] Personal, 3354, 72234, datos.personal.com, , , , , , -1, default | supl, IP, IP, true, 0, 0, 0, false, 0, 0, 0, 0, , , false]} mApnSetting={[ApnSettingV3] Personal WAP, 3352, 72234, gprs.personal.com, , , , , , -1, default | supl, IP, IP, true, 0, 0, 0, false, 0, 0, 0, 0, , , false} mReason=dataAttached mDataEnabled=true mDependencyMet=true} 1} target=Handler (com.android.internal.telephony.dataconnection.DcTracker) {f2fc39a} replyTo=null}}}}
11-21 18:49:13.417  4955  5329 D DC-1    : DcActiveState: enter dc={DC-1: State=DcActiveState mApnSetting=[ApnSettingV3] Personal WAP, 3352, 72234, gprs.personal.com, , , , , , -1, default | supl, IP, IP, true, 0, 0, 0, false, 0, 0, 0, 0, , , false RefCount=1 mCid=2 mCreateTime=-1 mLastastFailTime=-1 mLastFailCause=NONE mTag=2 mLinkProperties={InterfaceName: rmnet1 LinkAddresses: [181.102.133.10/32,]  Routes: [0.0.0.0/0 -> 181.102.133.1 rmnet1,] DnsAddresses: [181.88.86.164,181.88.86.156,] Domains: null MTU: 1500 TcpBufferSizes: 40778,244668,734003,16777,100663,301990} linkCapabilities=[ Transports: CELLULAR Capabilities: SUPL&INTERNET&NOT_RESTRICTED&TRUSTED&NOT_VPN LinkUpBandwidth>=5898Kbps LinkDnBandwidth>=14336Kbps Specifier: <1>] mRestrictedNetworkOverride=false mApnContexts={{mApnType=default mState=CONNECTING mWaitingApns={[[ApnSettingV3] Personal WAP, 3352, 72234, gprs.personal.com, , , , , , -1, default | supl, IP, IP, true, 0, 0, 0, false, 0, 0, 0, 0, , , false, [ApnSettingV3] Personal, 3354, 72234, datos.personal.com, , , , , , -1, default | supl, IP, IP, true, 0, 0, 0, false, 0, 0, 0, 0, , , false]} mApnSetting={[ApnSettingV3] Personal WAP, 3352, 72234, gprs.personal.com, , , , , , -1, default | supl, IP, IP, true, 0, 0, 0, false, 0, 0, 0, 0, , , false} mReason=dataAttached mDataEnabled=true mDependencyMet=true}={mTag=2 mApnContext={mApnType=default mState=CONNECTING mWaitingApns={[[ApnSettingV3] Personal WAP, 3352, 72234, gprs.personal.com, , , , , , -1, default | supl, IP, IP, true, 0, 0, 0, false, 0, 0, 0, 0, , , false, [ApnSettingV3] Personal, 3354, 72234, datos.personal.com, , , , , , -1, default | supl, IP, IP, true, 0, 0, 0, false, 0, 0, 0, 0, , , false]} mApnSetting={[ApnSettingV3] Personal WAP, 3352, 72234, gprs.personal.com, , , , , , -1, default | supl, IP, IP, true, 0, 0, 0, false, 0, 0, 0, 0, , , false} mReason=dataAttached mDataEnabled=true mDependencyMet=true} mProfileId=0 mRat=10 mOnCompletedMsg={what=0x42000 when=-1m10s42ms obj=Pair{{mApnType=default mState=CONNECTING mWaitingApns={[[ApnSettingV3] Personal WAP, 3352, 72234, gprs.personal.com, , , , , , -1, default | supl, IP, IP, true, 0, 0, 0, false, 0, 0, 0, 0, , , false, [ApnSettingV3] Personal, 3354, 72234, datos.personal.com, , , , , , -1, default | supl, IP, IP, true, 0, 0, 0, false, 0, 0, 0, 0, , , false]} mApnSetting={[ApnSettingV3] Personal WAP, 3352, 72234, gprs.personal.com, , , , , , -1, default | supl, IP, IP, true, 0, 0, 0, false, 0, 0, 0, 0, , , false} mReason=dataAttached mDataEnabled=true mDependencyMet=true} 1} target=Handler (com.android.internal.telephony.dataconnection.DcTracker) {f2fc39a} replyTo=null}}}}
11-21 18:49:13.417  4955  5329 D DC-1    : DcActiveState with incorrect subtype (9, 15), updating.
11-21 18:49:13.419  4955  4955 D DCT     : [0]getValidApnContext (onDataSetupComplete) on {mApnType=default mState=CONNECTING mWaitingApns={[[ApnSettingV3] Personal WAP, 3352, 72234, gprs.personal.com, , , , , , -1, default | supl, IP, IP, true, 0, 0, 0, false, 0, 0, 0, 0, , , false, [ApnSettingV3] Personal, 3354, 72234, datos.personal.com, , , , , , -1, default | supl, IP, IP, true, 0, 0, 0, false, 0, 0, 0, 0, , , false]} mApnSetting={[ApnSettingV3] Personal WAP, 3352, 72234, gprs.personal.com, , , , , , -1, default | supl, IP, IP, true, 0, 0, 0, false, 0, 0, 0, 0, , , false} mReason=connected mDataEnabled=true mDependencyMet=true} got 1 vs 1
11-21 18:49:13.419  4955  4955 D DCT     : [0]onDataSetupComplete: success apn=gprs.personal.com
11-21 18:49:13.420  4955  4955 D DCT     : [0]onDataSetupComplete: PREFERRED APN is null
11-21 18:49:13.420  4955  4955 D DCT     : [0]setPreferredApn: delete
11-21 18:49:13.423  4955  4955 D DCT     : [0]setPreferredApn: insert
11-21 18:49:13.427  4955  4955 D DCT     : [0]completeConnection: successful, notify the world apnContext={mApnType=default mState=CONNECTED mWaitingApns={[[ApnSettingV3] Personal WAP, 3352, 72234, gprs.personal.com, , , , , , -1, default | supl, IP, IP, true, 0, 0, 0, false, 0, 0, 0, 0, , , false, [ApnSettingV3] Personal, 3354, 72234, datos.personal.com, , , , , , -1, default | supl, IP, IP, true, 0, 0, 0, false, 0, 0, 0, 0, , , false]} mApnSetting={[ApnSettingV3] Personal WAP, 3352, 72234, gprs.personal.com, , , , , , -1, default | supl, IP, IP, true, 0, 0, 0, false, 0, 0, 0, 0, , , false} mReason=connected mDataEnabled=true mDependencyMet=true}
11-21 18:49:13.427  4955  4955 D GsmCdmaPhone: [GsmCdmaPhone] getDataConnectionState apnType=default ret=CONNECTED
11-21 18:49:13.428  4955  4955 D DCT     : [0]return link properites for default
11-21 18:49:13.442  4955  5329 D DC-1    : DcActiveState not handled msg.what=EVENT_DATA_CONNECTION_DRS_OR_RAT_CHANGED
11-21 18:49:13.442  4955  5329 D DC-1    : DcDefault msg=EVENT_DATA_CONNECTION_DRS_OR_RAT_CHANGED RefCount=1
11-21 18:49:13.442  4955  5329 D DC-1    : DcDefaultState: EVENT_DATA_CONNECTION_DRS_OR_RAT_CHANGED drs=0 mRilRat=15
11-21 18:49:13.449  4955  5329 D Dcc     : onDataStateChanged: dcsList=[DataCallResponse: {version=10 status=0 retry=-1 cid=2 active=2 type=IP ifname=rmnet1 mtu=0 addresses=[181.102.133.10] dnses=[181.88.86.164,181.88.86.156] gateways=[181.102.133.1] pcscf=[]}] mDcListActiveByCid={2={DC-1: State=DcActiveState mApnSetting=[ApnSettingV3] Personal WAP, 3352, 72234, gprs.personal.com, , , , , , -1, default | supl, IP, IP, true, 0, 0, 0, false, 0, 0, 0, 0, , , false RefCount=1 mCid=2 mCreateTime=-1 mLastastFailTime=-1 mLastFailCause=NONE mTag=2 mLinkProperties={InterfaceName: rmnet1 LinkAddresses: [181.102.133.10/32,]  Routes: [0.0.0.0/0 -> 181.102.133.1 rmnet1,] DnsAddresses: [181.88.86.164,181.88.86.156,] Domains: null MTU: 1500 TcpBufferSizes: 122334,734003,2202010,32040,192239,576717} linkCapabilities=[ Transports: CELLULAR Capabilities: SUPL&INTERNET&NOT_RESTRICTED&TRUSTED&NOT_VPN LinkUpBandwidth>=11264Kbps LinkDnBandwidth>=43008Kbps Specifier: <1>] mRestrictedNetworkOverride=false mApnContexts={{mApnType=default mState=CONNECTED mWaitingApns={[[ApnSettingV3] Personal WAP, 3352, 72234, gprs.personal.com, , , , , , -1, default | supl, IP, IP, true, 0, 0, 0, false, 0, 0, 0, 0, , , false, [ApnSettingV3] Personal, 3354, 72234, datos.personal.com, , , , , , -1, default | supl, IP, IP, true, 0, 0, 0, false, 0, 0, 0, 0, , , false]} mApnSetting={[ApnSettingV3] Personal WAP, 3352, 72234, gprs.personal.com, , , , , , -1, default | supl, IP, IP, true, 0, 0, 0, false, 0, 0, 0, 0, , , false} mReason=connected mDataEnabled=true mDependencyMet=true}={mTag=2 mApnContext={mApnType=default mState=CONNECTED mWaitingApns={[[ApnSettingV3] Personal WAP, 3352, 72234, gprs.personal.com, , , , , , -1, default | supl, IP, IP, true, 0, 0, 0, false, 0, 0, 0, 0, , , false, [ApnSettingV3] Personal, 3354, 72234, datos.personal.com, , , , , , -1, default | supl, IP, IP, true, 0, 0, 0, false, 0, 0, 0, 0, , , false]} mApnSetting={[ApnSettingV3] Personal WAP, 3352, 72234, gprs.personal.com, , , , , , -1, default | supl, IP, IP, true, 0, 0, 0, false, 0, 0, 0, 0, , , false} mReason=connected mDataEnabled=true mDependencyMet=true} mProfileId=0 mRat=10 mOnCompletedMsg={what=0x42000 when=-1m10s73ms obj=Pair{{mApnType=default mState=CONNECTED mWaitingApns={[[ApnSettingV3] Personal WAP, 3352, 72234, gprs.personal.com, , , , , , -1, default | supl, IP, IP, true, 0, 0, 0, false, 0, 0, 0, 0, , , false, [ApnSettingV3] Personal, 3354, 72234, datos.personal.com, , , , , , -1, default | supl, IP, IP, true, 0, 0, 0, false, 0, 0, 0, 0, , , false]} mApnSetting={[ApnSettingV3] Personal WAP, 3352, 72234, gprs.personal.com, , , , , , -1, default | supl, IP, IP, true, 0, 0, 0, false, 0, 0, 0, 0, , , false} mReason=connected mDataEnabled=true mDependencyMet=true} 1} target=Handler (com.android.internal.telephony.dataconnection.DcTracker) {f2fc39a} replyTo=null}}}}}
11-21 18:49:13.449  4955  5329 D Dcc     : onDataStateChanged: dcsToRetry=[]
11-21 18:49:13.449  4955  5329 D Dcc     : onDataStateChanged: Found ConnId=2 newState=DataCallResponse: {version=10 status=0 retry=-1 cid=2 active=2 type=IP ifname=rmnet1 mtu=0 addresses=[181.102.133.10] dnses=[181.88.86.164,181.88.86.156] gateways=[181.102.133.1] pcscf=[]}
11-21 18:49:13.450  4955  5329 D DataCallResponse: addr/pl=181.102.133.10/32
11-21 18:49:13.450  4955  5329 D DC-1    : MTU set by config resource to: 1500
11-21 18:49:13.451  4955  5329 D Dcc     : onDataStateChanged: no change
11-21 18:49:13.451  4955  5329 D Dcc     : onDataStateChanged: Data Activity updated to NONE. isAnyDataCallActive = true isAnyDataCallDormant = false
11-21 18:49:13.452  4955  5329 D Dcc     : onDataStateChanged: dcsToRetry=[] apnsToCleanup=[]
11-21 18:49:13.452  4955  5329 D DC-1    : DcActiveState not handled msg.what=REQ_GET_LINK_PROPERTIES
11-21 18:49:13.452  4955  5329 D DC-1    : DcDefault msg=REQ_GET_LINK_PROPERTIES RefCount=1
11-21 18:49:13.452  4955  5329 D DC-1    : REQ_GET_LINK_PROPERTIES linkProperties{InterfaceName: rmnet1 LinkAddresses: [181.102.133.10/32,]  Routes: [0.0.0.0/0 -> 181.102.133.1 rmnet1,] DnsAddresses: [181.88.86.164,181.88.86.156,] Domains: null MTU: 1500 TcpBufferSizes: 122334,734003,2202010,32040,192239,576717}
11-21 18:49:13.453  4955  4955 D DCT     : [0]get active pdp is not null, return NetworkCapabilities for default
11-21 18:49:13.453  4955  5329 D DC-1    : DcActiveState not handled msg.what=REQ_GET_NETWORK_CAPABILITIES
11-21 18:49:13.453  4955  5329 D DC-1    : DcDefault msg=REQ_GET_NETWORK_CAPABILITIES RefCount=1
11-21 18:49:13.456  4955  5329 D DC-1    : REQ_GET_NETWORK_CAPABILITIES networkCapabilities[ Transports: CELLULAR Capabilities: SUPL&INTERNET&NOT_RESTRICTED&TRUSTED&NOT_VPN LinkUpBandwidth>=11264Kbps LinkDnBandwidth>=43008Kbps Specifier: <1>]
11-21 18:49:13.458  4955  4955 D CdmaSSM : subscriptionSource from settings: 0
11-21 18:49:13.462  3651  5529 D TelephonyRegistry: Notify data connection state changed on sub: 1
11-21 18:49:13.462  3651  5529 D TelephonyRegistry: Notify data connection state changed on sub: 1
11-21 18:49:13.463  3651  5529 D TelephonyRegistry: Notify data connection state changed on sub: 1
11-21 18:49:13.468  4955  4972 D DCT     : [0]getDataEnabled during provisioning retVal=true - (true, 1)
11-21 18:49:13.468  4955  4955 D DCT     : [0]startNetStatPoll
11-21 18:49:13.476  4955  4955 D DCT     : [0]onDataSetupComplete: SETUP complete type=default, reason:connected
11-21 18:49:13.478  4955  4955 D DCT     : [0]setActivity = NONE
11-21 18:49:14.326  4955  4955 D DCT     : [0]dataConnectionTracker.handleMessage: EVENT_REDIRECTION_DETECTED=http://masinternet.personal.com.ar/
11-21 18:49:14.326  4955  4955 E CarrierSignalAgent: [0]Carrier receiver name is null
11-21 18:49:14.326  4955  4955 D DCT     : [0]onRadioAvailable
11-21 18:49:14.327  4955  4955 D CdmaSSM : subscriptionSource from settings: 0
11-21 18:49:14.328  4955  4955 D CdmaSSM : subscriptionSource from settings: 0
11-21 18:49:14.335  4955  4955 D CdmaSSM : subscriptionSource from settings: 0
11-21 18:49:14.349  4955  4955 D CdmaSSM : subscriptionSource from settings: 0
11-21 18:49:14.355  4955  4955 D CdmaSSM : subscriptionSource from settings: 0
11-21 18:49:14.362  4955  4955 D CdmaSSM : subscriptionSource from settings: 0
11-21 18:49:14.372  4955  4955 D CdmaSSM : subscriptionSource from settings: 0
11-21 18:49:14.378  4955  4955 D CdmaSSM : subscriptionSource from settings: 0
11-21 18:49:14.382  4955  4955 D CdmaSSM : subscriptionSource from settings: 0
11-21 18:49:14.387  4955  4955 D DCT     : [0]cleanUpConnection: apn context is null
11-21 18:49:21.577  4955  4955 D RILJ    : [3793]> SIGNAL_STRENGTH [SUB0]
11-21 18:49:21.577  3623  3626 E RILD    : IsRegisteredNetworkType(): netType[1]  feature[00] state[0] 
11-21 18:49:21.578  3623  3631 E RILD    : DoRouteIn - FW reqId : 19
11-21 18:49:21.578  3623  3631 E RILD    : DoRouteOut - FW reqId : 19
11-21 18:49:21.578  3623  3631 E RILD    : Onprocessing: request id(19), handleEvent(106)
11-21 18:49:21.578  3623  3630 E RILD    : GLNET-MGR(3): evt(106)
11-21 18:49:21.578  3623  3630 E RILD    : DoSignalStrength():
11-21 18:49:21.578  3623  3630 E RILD    : IpcProtocol41::IpcTxDispGetIconInformation
11-21 18:49:21.578  3623  3630 E RILD    : [G] TX: (M)DISP_CMD (S)DISP_ICON_INFO (T)GET l:8 m:85 a:00 [ 01 ]
11-21 18:49:21.580  3623  3632 E RILD    : [G] RX: (M)DISP_CMD (S)DISP_ICON_INFO (T)RESP l:11 m:d3 a:85 [ 01 04 00 00 00 00 FF FF FF FF ]
11-21 18:49:21.580  3623  3632 E RILD    : IpcProtocol41::IpcRxDispIconInfo(): modemType=4
11-21 18:49:21.580  3623  3632 E RILD    : Signal Strength: [4, 16, 99, 16, 200, 16, 200, -1, 0, 2147483647, 255, 2147483647, 2147483647, 2147483647]
11-21 18:49:21.581  3623  3630 E RILD    : GLNET-MGR(3): evt(107)
11-21 18:49:21.581  3623  3630 E RILD    : NET-MGR: EVENT_SIGNAL_STRENGTH_DONE
11-21 18:49:21.581  3623  3630 E RILD    : RequestComplete - req : 19, peek : 19
11-21 18:49:21.581  4955  5307 D RILJ    : [3793]< SIGNAL_STRENGTH SignalStrength: 16 1123 16 200 16 200 -1 0 2147483647 255 2147483647 2147483647 2147483647 gsm|lte [SUB0]
11-21 18:49:21.583  4955  5384 D DCT     : [0]getDataEnabled during provisioning retVal=true - (true, 1)
11-21 18:49:21.948  4955  4955 D RILJ    : [3794]> SIGNAL_STRENGTH [SUB0]
11-21 18:49:21.949  3623  3626 E RILD    : IsRegisteredNetworkType(): netType[1]  feature[00] state[0] 
11-21 18:49:21.949  3623  3631 E RILD    : DoRouteIn - FW reqId : 19
11-21 18:49:21.949  3623  3631 E RILD    : DoRouteOut - FW reqId : 19
11-21 18:49:21.950  3623  3631 E RILD    : Onprocessing: request id(19), handleEvent(106)
11-21 18:49:21.950  3623  3630 E RILD    : GLNET-MGR(3): evt(106)
11-21 18:49:21.950  3623  3630 E RILD    : DoSignalStrength():
11-21 18:49:21.950  3623  3630 E RILD    : IpcProtocol41::IpcTxDispGetIconInformation
11-21 18:49:21.950  3623  3630 E RILD    : [G] TX: (M)DISP_CMD (S)DISP_ICON_INFO (T)GET l:8 m:86 a:00 [ 01 ]
11-21 18:49:21.953  3623  3632 E RILD    : [G] RX: (M)DISP_CMD (S)DISP_ICON_INFO (T)RESP l:11 m:d4 a:86 [ 01 04 00 00 00 00 FF FF FF FF ]
11-21 18:49:21.953  3623  3632 E RILD    : IpcProtocol41::IpcRxDispIconInfo(): modemType=4
11-21 18:49:21.953  3623  3632 E RILD    : Signal Strength: [4, 16, 99, 16, 200, 16, 200, -1, 0, 2147483647, 255, 2147483647, 2147483647, 2147483647]
11-21 18:49:21.953  3623  3630 E RILD    : GLNET-MGR(3): evt(107)
11-21 18:49:21.953  3623  3630 E RILD    : NET-MGR: EVENT_SIGNAL_STRENGTH_DONE
11-21 18:49:21.953  3623  3630 E RILD    : RequestComplete - req : 19, peek : 19
11-21 18:49:21.953  4955  5307 D RILJ    : [3794]< SIGNAL_STRENGTH SignalStrength: 16 1123 16 200 16 200 -1 0 2147483647 255 2147483647 2147483647 2147483647 gsm|lte [SUB0]
11-21 18:49:21.955  4955  5339 D DCT     : [0]getDataEnabled during provisioning retVal=true - (true, 1)
11-21 18:49:22.862  3623  3632 E RILD    : [G] RX: (M)DISP_CMD (S)DISP_RSSI_INFO (T)NOTI l:13 m:d5 a:00 [ 58 0C 63 63 00 FF FF FF FF 04 12 FF ]
11-21 18:49:22.862  3623  3632 E RILD    : ConvertDbmToAsu(): dbm=88, asu=12
11-21 18:49:22.862  3623  3632 E RILD    : IpcRxDispRssiInfo(): signalbar=-1, signal=12
11-21 18:49:22.862  3623  3632 E RILD    : Signal Strength: [ffffffff, 12, 99, 12, 200, 12, 200, -1, 99, 2147483647, 255, 2147483647, 2147483647, 2147483647]
11-21 18:49:22.862  3623  3630 E RILD    : GLNET-MGR(3): evt(201)
11-21 18:49:22.863  3623  3630 E RILD    : NET-MGR: EVENT_NETWORK_SIGNAL_STRENGTH
11-21 18:49:22.863  3623  3630 E RILD    : OnNetworkSignalStrength() - mSignalBar: 4
11-21 18:49:22.863  3623  3630 E RILD    : IsRegisteredNetworkType(): netType[1]  feature[00] state[0] 
11-21 18:49:22.863  3623  3630 E RILD    : OnUnsolicitedResponse: unsolId: 1009
11-21 18:49:22.867  4955  5338 D DCT     : [0]getDataEnabled during provisioning retVal=true - (true, 1)
11-21 18:49:23.846  4955  5384 D DCT     : [0]setPolicyDataEnabled: true
11-21 18:49:23.847  4955  4955 D CdmaSSM : subscriptionSource from settings: 0
11-21 18:49:23.869  4955  5384 D DCT     : [0]setPolicyDataEnabled: true
11-21 18:49:23.869  4955  4955 D CdmaSSM : subscriptionSource from settings: 0
11-21 18:49:25.965  3623  3632 E RILD    : [G] RX: (M)CFG_CMD (S)CFG_SAR_CONTROL (T)NOTI l:c m:d6 a:00 [ 00 03 00 00 00 ]
11-21 18:49:25.965  3623  3632 E RILD    : IpcProtocol41::IpcRxCfgSarControl()
11-21 18:49:25.965  3623  3630 E RILD    : CFG-MGR(15): evt(110)
11-21 18:49:25.965  3623  3632 E RILD    : [G] RX: (M)GPRS_CMD (S)GPRS_HSDPA_STATUS (T)NOTI l:8 m:d7 a:00 [ 03 ]
11-21 18:49:25.965  3623  3630 E RILD    : OnUnsolicitedResponse: unsolId: 11010 is pending
11-21 18:49:25.966  3623  3630 E RILD    : GLNET-MGR(3): evt(204)
11-21 18:49:25.966  3623  3630 E RILD    : NET-MGR: EVENT_HSDPA_STATUS
11-21 18:49:25.966  3623  3630 E RILD    : OnUnsolicitedResponse: unsolId: 1002
11-21 18:49:25.967  4955  5307 D RILJ    : [UNSL]< UNSOL_RESPONSE_VOICE_NETWORK_STATE_CHANGED [SUB0]
11-21 18:49:25.968  4955  4955 D RILJ    : [3795]> OPERATOR [SUB0]
11-21 18:49:25.970  4955  4955 D RILJ    : [3796]> DATA_REGISTRATION_STATE [SUB0]
11-21 18:49:25.970  3623  3626 E RILD    : IsRegisteredNetworkType(): netType[1]  feature[00] state[0] 
11-21 18:49:25.971  3623  3631 E RILD    : DoRouteIn - FW reqId : 22
11-21 18:49:25.971  3623  3631 E RILD    : DoRouteOut - FW reqId : 22
11-21 18:49:25.972  3623  3631 E RILD    : Onprocessing: request id(22), handleEvent(108)
11-21 18:49:25.972  3623  3630 E RILD    : GLNET-MGR(3): evt(108)
11-21 18:49:25.972  3623  3630 E RILD    : DoOperator():
11-21 18:49:25.972  3623  3630 E RILD    : IpcProtocol41::IpcTxNetGetOperator()
11-21 18:49:25.972  4955  4955 D RILJ    : [3797]> VOICE_REGISTRATION_STATE [SUB0]
11-21 18:49:25.972  3623  3630 E RILD    : [G] TX: (M)NET_CMD (S)NET_SERVING_NETWORK (T)GET l:7 m:87 a:00 [ ]
11-21 18:49:25.972  3623  3626 E RILD    : IsRegisteredNetworkType(): netType[1]  feature[00] state[0] 
11-21 18:49:25.972  3623  3631 E RILD    : DoRouteIn - FW reqId : 21
11-21 18:49:25.973  3623  3631 E RILD    : Onprocessing: request id(22), handleEvent(108)
11-21 18:49:25.974  4955  4955 D RILJ    : [3798]> QUERY_NETWORK_SELECTION_MODE [SUB0]
11-21 18:49:25.975  3623  3626 E RILD    : IsRegisteredNetworkType(): netType[1]  feature[00] state[0] 
11-21 18:49:25.975  3623  3631 E RILD    : DoRouteIn - FW reqId : 20
11-21 18:49:25.975  3623  3631 E RILD    : Onprocessing: request id(22), handleEvent(108)
11-21 18:49:25.976  3623  3632 E RILD    : [G] RX: (M)NET_CMD (S)NET_SERVING_NETWORK (T)RESP l:21 m:d8 a:87 [ 02 02 04 37 32 32 33 34 23 68 07 01 DE 46 6B 00 FE FF FF 00 00 FF 00 00 FF FF ]
11-21 18:49:25.977  3623  3630 E RILD    : GLNET-MGR(3): evt(109)
11-21 18:49:25.977  3623  3630 E RILD    : GNET-MGR: EVENT_OPERATOR_DONE
11-21 18:49:25.977  3623  3626 E RILD    : IsRegisteredNetworkType(): netType[1]  feature[00] state[0] 
11-21 18:49:25.977  3623  3630 E RILD    : EVENT_OPERATOR_DONE (PERSONAL,AR TP,72234)
11-21 18:49:25.978  3623  3631 E RILD    : DoRouteIn - FW reqId : 45
11-21 18:49:25.978  3623  3630 E RILD    : RequestComplete - req : 22, peek : 22
11-21 18:49:25.978  3623  3631 E RILD    : DoRouteOut - FW reqId : 21
11-21 18:49:25.978  3623  3631 E RILD    : Onprocessing: request id(21), handleEvent(102)
11-21 18:49:25.979  3623  3630 E RILD    : GLNET-MGR(3): evt(102)
11-21 18:49:25.979  4955  5307 D RILJ    : [3795]< OPERATOR {PERSONAL, AR TP, 72234, 72234, null} [SUB0]
11-21 18:49:25.979  3623  3631 E RILD    : Onprocessing: request id(21), handleEvent(102)
11-21 18:49:25.979  3623  3630 E RILD    : DoDataNetRegState():
11-21 18:49:25.979  3623  3630 E RILD    : IpcProtocol41::IpcTxNetGetDataRegState()
11-21 18:49:25.979  3623  3630 E RILD    : [G] TX: (M)NET_CMD (S)NET_REGIST (T)GET l:9 m:88 a:00 [ FF 03 ]
11-21 18:49:25.984  3623  3632 E RILD    : [G] RX: (M)NET_CMD (S)NET_REGIST (T)RESP l:1a m:d9 a:88 [ 04 03 02 01 68 07 DE 46 6B 00 00 FE FF 02 02 01 FF FF 00 ]
11-21 18:49:25.984  3623  3632 E RILD    : IpcProtocol41::IpcRxNetRegState() lte no service feature turn off
11-21 18:49:25.985  3623  3630 E RILD    : GLNET-MGR(3): evt(103)
11-21 18:49:25.985  3623  3630 E RILD    : NET-MGR: EVENT_DATA_NET_REG_STATE_DONE
11-21 18:49:25.988  3623  3630 E RILD    : UpdateLteVoiceSupportProperty(): ltevoicesupport_0 property set to 2 , ecsupport set to 2
11-21 18:49:25.988  3623  3630 E RILD    : SetEmergencyState(): mState= 1
11-21 18:49:25.988  3623  3630 E RILD    : SetEmergencyState(): Use default value Feature::QmiSupported() : 0
11-21 18:49:25.989  3623  3630 E RILD    : RequestComplete - req : 21, peek : 21
11-21 18:49:25.989  3623  3631 E RILD    : DoRouteOut - FW reqId : 20
11-21 18:49:25.989  3623  3631 E RILD    : Onprocessing: request id(20), handleEvent(100)
11-21 18:49:25.990  4955  5307 D RILJ    : [3796]< DATA_REGISTRATION_STATE {1, 0768, 006b46de, 10, null, 4, 0xfffe, null, 0x006b46de, null, null, 0, 1, 10} [SUB0]
11-21 18:49:25.990  3623  3630 E RILD    : LEDC-MGR(9): evt(10001)
11-21 18:49:25.990  3623  3630 E RILD    : OnPsRegistrationStateChanged
11-21 18:49:25.990  3623  3630 E RILD    : OnPsRegistrationStateChanged: mPreviousMobileRat 10
11-21 18:49:25.990  3623  3630 E RILD    : GLNET-MGR(3): evt(100)
11-21 18:49:25.990  3623  3630 E RILD    : DoVoiceNetRegState():
11-21 18:49:25.990  3623  3630 E RILD    : IsRegisteredNetworkType(): netType[1]  feature[00] state[0] 
11-21 18:49:25.991  3623  3630 E RILD    : IpcProtocol41::IpcTxNetGetVoiceRegState()
11-21 18:49:25.991  4955  4955 D SST     : handlPollStateResultMessage: GsmSST setDataRegState=0 regState=1 dataRadioTechnology=10
11-21 18:49:25.991  3623  3630 E RILD    : [G] TX: (M)NET_CMD (S)NET_REGIST (T)GET l:9 m:89 a:00 [ FF 02 ]
11-21 18:49:25.997  3623  3632 E RILD    : [G] RX: (M)NET_CMD (S)NET_REGIST (T)RESP l:1a m:da a:89 [ 04 02 02 01 68 07 DE 46 6B 00 00 FE FF 02 02 01 FF FF 00 ]
11-21 18:49:25.998  3623  3632 E RILD    : IpcProtocol41::IpcRxNetRegState() lte no service feature turn off
11-21 18:49:25.998  3623  3630 E RILD    : GLNET-MGR(3): evt(101)
11-21 18:49:25.998  3623  3630 E RILD    : GNET-MGR: EVENT_VOICE_NET_REG_STATE_DONE
11-21 18:49:25.998  3623  3630 E RILD    : IsRegistered - Feature: 0x0B, RegiCondition: 0, CheckVoLTELimited: 0
11-21 18:49:26.000  3623  3630 E RILD    : SetEmergencyState(): mState= 1
11-21 18:49:26.000  3623  3630 E RILD    : SetEmergencyState(): Use default value Feature::QmiSupported() : 0
11-21 18:49:26.001  3623  3630 E RILD    : RequestComplete - req : 20, peek : 20
11-21 18:49:26.001  3623  3631 E RILD    : DoRouteOut - FW reqId : 45
11-21 18:49:26.001  4955  5307 D RILJ    : [3797]< VOICE_REGISTRATION_STATE {1, 0768, 006b46de, 3, null, null, null, null, null, null, null, null, null, null, null, 2, 2, 0, 1, 3, 0} [SUB0]
11-21 18:49:26.002  3623  3631 E RILD    : Onprocessing: request id(45), handleEvent(118)
11-21 18:49:26.002  3623  3630 E RILD    : Can't open Hall IC Node. OnVoiceNetRegStateDone() Permission denied.
11-21 18:49:26.002  3623  3630 E RILD    : GLNET-MGR(3): evt(118)
11-21 18:49:26.003  3623  3630 E RILD    : DoGetNetSelectionMode():
11-21 18:49:26.003  3623  3630 E RILD    : IpcProtocol41::IpcTxNetGetNetSelectionMode()
11-21 18:49:26.003  3623  3630 E RILD    : [G] TX: (M)NET_CMD (S)NET_PLMN_SEL (T)GET l:7 m:8a a:00 [ ]
11-21 18:49:26.006  3623  3632 E RILD    : [G] RX: (M)NET_CMD (S)NET_PLMN_SEL (T)RESP l:8 m:db a:8a [ 02 ]
11-21 18:49:26.007  3623  3630 E RILD    : GLNET-MGR(3): evt(119)
11-21 18:49:26.007  3623  3630 E RILD    : NET-MGR: EVENT_GET_NETWORK_SELECTION_MODE_DONE
11-21 18:49:26.008  3623  3630 E RILD    : RequestComplete - req : 45, peek : 45
11-21 18:49:26.008  4955  5307 D RILJ    : [3798]< QUERY_NETWORK_SELECTION_MODE {0} [SUB0]
11-21 18:49:26.009  4955  4955 D SST     : EVENT_POLL_STATE_NETWORK_SELECTION_MODE
11-21 18:49:26.012  4955  4955 D SST     : Poll ServiceState done:  oldSS=[0 0 voice home data home PERSONAL AR TP 72234 PERSONAL AR TP 72234  UMTS HSPAP CSS not supported -1 -1 RoamInd=-1 DefRoamInd=-1 EmergOnly=false IsDataRoamingFromRegistration=false IsUsingCarrierAggregation=false] newSS=[0 0 voice home data home PERSONAL AR TP 72234 PERSONAL AR TP 72234  UMTS HSUPA CSS not supported -1 -1 RoamInd=-1 DefRoamInd=-1 EmergOnly=false IsDataRoamingFromRegistration=false IsUsingCarrierAggregation=false] oldMaxDataCalls=4 mNewMaxDataCalls=4 oldReasonDataDenied=-1 mNewReasonDataDenied=-1
11-21 18:49:26.863  3623  3632 E RILD    : [G] RX: (M)DISP_CMD (S)DISP_RSSI_INFO (T)NOTI l:13 m:dc a:00 [ 5A 0B 63 63 00 FF FF FF FF 06 12 FF ]
11-21 18:49:26.863  3623  3632 E RILD    : ConvertDbmToAsu(): dbm=90, asu=11
11-21 18:49:26.863  3623  3632 E RILD    : IpcRxDispRssiInfo(): signalbar=-1, signal=11
11-21 18:49:26.863  3623  3632 E RILD    : Signal Strength: [ffffffff, 11, 99, 11, 200, 11, 200, -1, 99, 2147483647, 255, 2147483647, 2147483647, 2147483647]
11-21 18:49:26.864  3623  3630 E RILD    : GLNET-MGR(3): evt(201)
11-21 18:49:26.864  3623  3630 E RILD    : NET-MGR: EVENT_NETWORK_SIGNAL_STRENGTH
11-21 18:49:26.864  3623  3630 E RILD    : OnNetworkSignalStrength() - mSignalBar: 4
11-21 18:49:26.864  3623  3630 E RILD    : IsRegisteredNetworkType(): netType[1]  feature[00] state[0] 
11-21 18:49:26.864  3623  3630 E RILD    : OnUnsolicitedResponse: unsolId: 1009
11-21 18:49:26.871  4955  4975 D DCT     : [0]getDataEnabled during provisioning retVal=true - (true, 1)
11-21 18:49:27.364  3623  3632 E RILD    : [G] RX: (M)NET_CMD (S)NET_SERVING_NETWORK (T)NOTI l:21 m:dd a:00 [ 05 02 04 37 32 32 33 34 23 68 07 01 01 2E BF 02 78 2E FF 00 00 FF 00 00 E9 00 ]
11-21 18:49:27.365  3623  3630 E RILD    : GLNET-MGR(3): evt(206)
11-21 18:49:27.365  3623  3632 E RILD    : [G] RX: (M)NET_CMD (S)NET_REGIST (T)NOTI l:1a m:de a:00 [ 04 01 02 01 68 07 01 2E BF 02 00 78 2E 02 02 01 FF FF 00 ]
11-21 18:49:27.365  3623  3630 E RILD    : GNET-MGR: EVENT_SERVING_NETWORK
11-21 18:49:27.365  3623  3632 E RILD    : IpcProtocol41::IpcRxNetRegState() lte no service feature turn off
11-21 18:49:27.366  3623  3630 E RILD    : GLNET-MGR(3): evt(200)
11-21 18:49:27.366  3623  3630 E RILD    : NET-MGR: EVENT_NETWORK_STATE_CHANGED
11-21 18:49:27.366  3623  3630 E RILD    : OnUnsolicitedResponse: unsolId: 1002
11-21 18:49:27.367  4955  5307 D RILJ    : [UNSL]< UNSOL_RESPONSE_VOICE_NETWORK_STATE_CHANGED [SUB0]
11-21 18:49:27.368  4955  4955 D RILJ    : [3799]> OPERATOR [SUB0]
11-21 18:49:27.371  4955  4955 D RILJ    : [3800]> DATA_REGISTRATION_STATE [SUB0]
11-21 18:49:27.371  3623  3626 E RILD    : IsRegisteredNetworkType(): netType[1]  feature[00] state[0] 
11-21 18:49:27.372  3623  3631 E RILD    : DoRouteIn - FW reqId : 22
11-21 18:49:27.372  3623  3631 E RILD    : DoRouteOut - FW reqId : 22
11-21 18:49:27.372  3623  3631 E RILD    : Onprocessing: request id(22), handleEvent(108)
11-21 18:49:27.372  3623  3630 E RILD    : GLNET-MGR(3): evt(108)
11-21 18:49:27.372  3623  3630 E RILD    : DoOperator():
11-21 18:49:27.373  3623  3630 E RILD    : IpcProtocol41::IpcTxNetGetOperator()
11-21 18:49:27.373  3623  3630 E RILD    : [G] TX: (M)NET_CMD (S)NET_SERVING_NETWORK (T)GET l:7 m:8b a:00 [ ]
11-21 18:49:27.373  4955  4955 D RILJ    : [3801]> VOICE_REGISTRATION_STATE [SUB0]
11-21 18:49:27.374  3623  3626 E RILD    : IsRegisteredNetworkType(): netType[1]  feature[00] state[0] 
11-21 18:49:27.374  3623  3631 E RILD    : DoRouteIn - FW reqId : 21
11-21 18:49:27.374  3623  3631 E RILD    : Onprocessing: request id(22), handleEvent(108)
11-21 18:49:27.376  4955  4955 D RILJ    : [3802]> QUERY_NETWORK_SELECTION_MODE [SUB0]
11-21 18:49:27.377  3623  3626 E RILD    : IsRegisteredNetworkType(): netType[1]  feature[00] state[0] 
11-21 18:49:27.377  3623  3631 E RILD    : DoRouteIn - FW reqId : 20
11-21 18:49:27.377  3623  3631 E RILD    : Onprocessing: request id(22), handleEvent(108)
11-21 18:49:27.379  3623  3626 E RILD    : IsRegisteredNetworkType(): netType[1]  feature[00] state[0] 
11-21 18:49:27.379  3623  3632 E RILD    : [G] RX: (M)NET_CMD (S)NET_SERVING_NETWORK (T)RESP l:21 m:df a:8b [ 05 02 04 37 32 32 33 34 23 68 07 01 01 2E BF 02 78 2E FF 00 00 FF 00 00 E9 00 ]
11-21 18:49:27.380  3623  3630 E RILD    : GLNET-MGR(3): evt(109)
11-21 18:49:27.380  3623  3630 E RILD    : GNET-MGR: EVENT_OPERATOR_DONE
11-21 18:49:27.380  3623  3631 E RILD    : DoRouteIn - FW reqId : 45
11-21 18:49:27.380  3623  3631 E RILD    : Onprocessing: request id(22), handleEvent(108)
11-21 18:49:27.381  3623  3630 E RILD    : EVENT_OPERATOR_DONE (PERSONAL,AR TP,72234)
11-21 18:49:27.381  3623  3630 E RILD    : RequestComplete - req : 22, peek : 22
11-21 18:49:27.381  3623  3631 E RILD    : DoRouteOut - FW reqId : 21
11-21 18:49:27.382  4955  5307 D RILJ    : [3799]< OPERATOR {PERSONAL, AR TP, 72234, 72234, null} [SUB0]
11-21 18:49:27.382  3623  3631 E RILD    : Onprocessing: request id(21), handleEvent(102)
11-21 18:49:27.382  3623  3630 E RILD    : GLNET-MGR(3): evt(102)
11-21 18:49:27.382  3623  3630 E RILD    : DoDataNetRegState():
11-21 18:49:27.382  3623  3630 E RILD    : IpcProtocol41::IpcTxNetGetDataRegState()
11-21 18:49:27.382  3623  3630 E RILD    : [G] TX: (M)NET_CMD (S)NET_REGIST (T)GET l:9 m:8c a:00 [ FF 03 ]
11-21 18:49:27.386  3623  3632 E RILD    : [G] RX: (M)NET_CMD (S)NET_REGIST (T)RESP l:1a m:e0 a:8c [ 04 03 02 01 68 07 01 2E BF 02 00 78 2E 02 02 01 E9 00 00 ]
11-21 18:49:27.386  3623  3632 E RILD    : IpcProtocol41::IpcRxNetRegState() lte no service feature turn off
11-21 18:49:27.387  3623  3630 E RILD    : GLNET-MGR(3): evt(103)
11-21 18:49:27.387  3623  3630 E RILD    : NET-MGR: EVENT_DATA_NET_REG_STATE_DONE
11-21 18:49:27.391  3623  3630 E RILD    : UpdateLteVoiceSupportProperty(): ltevoicesupport_0 property set to 2 , ecsupport set to 2
11-21 18:49:27.391  3623  3630 E RILD    : SetEmergencyState(): mState= 1
11-21 18:49:27.391  3623  3630 E RILD    : SetEmergencyState(): Use default value Feature::QmiSupported() : 0
11-21 18:49:27.392  3623  3630 E RILD    : RequestComplete - req : 21, peek : 21
11-21 18:49:27.392  3623  3631 E RILD    : DoRouteOut - FW reqId : 20
11-21 18:49:27.392  3623  3631 E RILD    : Onprocessing: request id(20), handleEvent(100)
11-21 18:49:27.393  4955  5307 D RILJ    : [3800]< DATA_REGISTRATION_STATE {1, 0768, 02bf2e01, 10, null, 4, 0x2e78, null, 0x02bf2e01, null, null, 0, 1, 10} [SUB0]
11-21 18:49:27.393  3623  3630 E RILD    : GLNET-MGR(3): evt(100)
11-21 18:49:27.393  3623  3630 E RILD    : DoVoiceNetRegState():
11-21 18:49:27.393  4955  4955 D SST     : handlPollStateResultMessage: GsmSST setDataRegState=0 regState=1 dataRadioTechnology=10
11-21 18:49:27.394  3623  3630 E RILD    : IsRegisteredNetworkType(): netType[1]  feature[00] state[0] 
11-21 18:49:27.394  3623  3630 E RILD    : IpcProtocol41::IpcTxNetGetVoiceRegState()
11-21 18:49:27.394  3623  3630 E RILD    : [G] TX: (M)NET_CMD (S)NET_REGIST (T)GET l:9 m:8d a:00 [ FF 02 ]
11-21 18:49:27.397  3623  3632 E RILD    : [G] RX: (M)NET_CMD (S)NET_REGIST (T)RESP l:1a m:e1 a:8d [ 04 02 02 01 68 07 01 2E BF 02 00 78 2E 02 02 01 E9 00 00 ]
11-21 18:49:27.398  3623  3632 E RILD    : IpcProtocol41::IpcRxNetRegState() lte no service feature turn off
11-21 18:49:27.398  3623  3630 E RILD    : GLNET-MGR(3): evt(101)
11-21 18:49:27.398  3623  3630 E RILD    : GNET-MGR: EVENT_VOICE_NET_REG_STATE_DONE
11-21 18:49:27.398  3623  3630 E RILD    : IsRegistered - Feature: 0x0B, RegiCondition: 0, CheckVoLTELimited: 0
11-21 18:49:27.400  3623  3630 E RILD    : SetEmergencyState(): mState= 1
11-21 18:49:27.400  3623  3630 E RILD    : SetEmergencyState(): Use default value Feature::QmiSupported() : 0
11-21 18:49:27.400  3623  3630 E RILD    : RequestComplete - req : 20, peek : 20
11-21 18:49:27.401  3623  3631 E RILD    : DoRouteOut - FW reqId : 45
11-21 18:49:27.401  3623  3630 E RILD    : Can't open Hall IC Node. OnVoiceNetRegStateDone() Permission denied.
11-21 18:49:27.401  3623  3631 E RILD    : Onprocessing: request id(45), handleEvent(118)
11-21 18:49:27.401  4955  5307 D RILJ    : [3801]< VOICE_REGISTRATION_STATE {1, 0768, 02bf2e01, 3, null, null, null, null, null, null, null, null, null, null, null, 2, 2, 0, 1, 3, 0} [SUB0]
11-21 18:49:27.401  3623  3630 E RILD    : GLNET-MGR(3): evt(118)
11-21 18:49:27.401  3623  3630 E RILD    : DoGetNetSelectionMode():
11-21 18:49:27.401  3623  3630 E RILD    : IpcProtocol41::IpcTxNetGetNetSelectionMode()
11-21 18:49:27.402  3623  3630 E RILD    : [G] TX: (M)NET_CMD (S)NET_PLMN_SEL (T)GET l:7 m:8e a:00 [ ]
