09-26 15:53:14.797  4962  4962 D SIMRecords: [SIMRecords] Received a PlmnActRecord, raw=27f420808027f430808027f440808017f601808037f010808037f001808037f620808037f420808022f210808047f4508080373201808047f810808013006280801300718080ffffff0000ffffff0000
09-26 15:53:14.797  4962  4962 V PlmnActRecord: Extracting Logs, count=16
09-26 15:53:14.797  4962  4962 V PlmnActRecord: Creating PlmnActRecord 0
09-26 15:53:14.797  4962  4962 V PlmnActRecord: Creating PlmnActRecord 5
09-26 15:53:14.797  4962  4962 V PlmnActRecord: Creating PlmnActRecord 10
09-26 15:53:14.798  4962  4962 V PlmnActRecord: Creating PlmnActRecord 15
09-26 15:53:14.798  4962  4962 V PlmnActRecord: Creating PlmnActRecord 20
09-26 15:53:14.798  4962  4962 V PlmnActRecord: Creating PlmnActRecord 25
09-26 15:53:14.798  4962  4962 V PlmnActRecord: Creating PlmnActRecord 30
09-26 15:53:14.799  3592  3607 E RILD    : [G] RX: (M)SEC_CMD (S)SEC_RSIM_ACCESS (T)RESP l:4a m:92 a:57 [ 90 00 40 27 F4 20 80 80 27 F4 30 80 80 27 F4 40 80 80 17 F6 01 80 80 37 F0 10 80 80 37 F0 01 80 80 37 F6 20 80 80 37 F4 20 80 80 22 F2 10 80 80 47 F4 50 80 80 37 32 01 80 80 47 F8 10 80 80 13 00 62 80 ]
09-26 15:53:14.800  3592  3598 E RILD    : SIM-MGR(2): evt(201)
09-26 15:53:14.800  3592  3598 E RILD    : RequestComplete - req : 28, peek : 28
09-26 15:53:14.800  3592  3599 E RILD    : DoRouteOut - FW reqId : 28
09-26 15:53:14.800  4962  5305 D RILJ    : [3758]< SIM_IO IccIoResult sw1:0x90 sw2:0x0 [SUB0]
09-26 15:53:14.800  3592  3599 E RILD    : Onprocessing: request id(28), handleEvent(101)
09-26 15:53:14.800  3592  3598 E RILD    : SIM-MGR(2): evt(101)
09-26 15:53:14.801  3592  3598 E RILD    : [G] TX: (M)SEC_CMD (S)SEC_RSIM_ACCESS (T)GET l:2c m:58 a:00 [ B0 00 10 A0 00 00 00 87 10 02 FF 47 F0 01 89 00 00 01 FF 62 6F 02 00 3F FF 7F 00 00 00 00 00 00 00 00 00 00 0A ]
09-26 15:53:14.802  4962  4962 V PlmnActRecord: Creating PlmnActRecord 35
09-26 15:53:14.802  4962  4962 V PlmnActRecord: Creating PlmnActRecord 40
09-26 15:53:14.802  4962  4962 V PlmnActRecord: Creating PlmnActRecord 45
09-26 15:53:14.802  4962  4962 V PlmnActRecord: Creating PlmnActRecord 50
09-26 15:53:14.802  4962  4962 V PlmnActRecord: Creating PlmnActRecord 55
09-26 15:53:14.803  4962  4962 V PlmnActRecord: Creating PlmnActRecord 60
09-26 15:53:14.803  4962  4962 V PlmnActRecord: Creating PlmnActRecord 65
09-26 15:53:14.803  4962  4962 V PlmnActRecord: Creating PlmnActRecord 70
09-26 15:53:14.803  4962  4962 V PlmnActRecord: Creating PlmnActRecord 75
09-26 15:53:14.803  4962  4962 D SIMRecords: [SIMRecords] Received a PlmnActRecord, raw=27f420808027f430808027f440808017f601808037f010808037f001808037f620808037f420808022f210808047f4508080373201808047f810808013006280
09-26 15:53:14.803  4962  4962 E PlmnActRecord: Malformed PlmnActRecord, bytes: [39, -12, 32, -128, -128, 39, -12, 48, -128, -128, 39, -12, 64, -128, -128, 23, -10, 1, -128, -128, 55, -16, 16, -128, -128, 55, -16, 1, -128, -128, 55, -10, 32, -128, -128, 55, -12, 32, -128, -128, 34, -14, 16, -128, -128, 71, -12, 80, -128, -128, 55, 50, 1, -128, -128, 71, -8, 16, -128, -128, 19, 0, 98, -128]
09-26 15:53:14.804  3592  3607 E RILD    : [G] RX: (M)SEC_CMD (S)SEC_RSIM_ACCESS (T)RESP l:14 m:93 a:58 [ 90 00 0A 27 F2 43 80 00 27 F2 43 00 80 ]
09-26 15:53:14.804  3592  3598 E RILD    : SIM-MGR(2): evt(201)
09-26 15:53:14.804  3592  3598 E RILD    : RequestComplete - req : 28, peek : 28
09-26 15:53:14.805  3592  3599 E RILD    : DoRouteOut - FW reqId : 28
09-26 15:53:14.805  4962  5305 D RILJ    : [3759]< SIM_IO IccIoResult sw1:0x90 sw2:0x0 [SUB0]
09-26 15:53:14.805  3592  3599 E RILD    : Onprocessing: request id(28), handleEvent(101)
09-26 15:53:14.805  3592  3598 E RILD    : SIM-MGR(2): evt(101)
09-26 15:53:14.806  4962  4962 D SIMRecords: [SIMRecords] Received a PlmnActRecord, raw=27f243800027f2430080
09-26 15:53:14.806  3592  3598 E RILD    : [G] TX: (M)SEC_CMD (S)SEC_RSIM_ACCESS (T)GET l:2c m:59 a:00 [ B0 00 10 A0 00 00 00 87 10 02 FF 47 F0 01 89 00 00 01 FF 7B 6F 02 00 3F FF 7F 00 00 00 00 00 00 00 00 00 00 0C ]
09-26 15:53:14.807  4962  4962 V PlmnActRecord: Extracting Logs, count=2
09-26 15:53:14.807  4962  4962 V PlmnActRecord: Creating PlmnActRecord 0
09-26 15:53:14.807  4962  4962 V PlmnActRecord: Creating PlmnActRecord 5
09-26 15:53:14.808  4962  4962 D SIMRecords: [SIMRecords] HplmnActRecord[]=[{PLMN=72234,AccessTechs=UTRAN}, {PLMN=72234,AccessTechs=UTRAN|EUTRAN|GSM|UNKNOWN:3f00}]
09-26 15:53:14.809  3592  3607 E RILD    : [G] RX: (M)SEC_CMD (S)SEC_RSIM_ACCESS (T)RESP l:16 m:94 a:59 [ 90 00 0C FF FF FF FF FF FF FF FF FF FF FF FF ]
09-26 15:53:14.809  3592  3598 E RILD    : SIM-MGR(2): evt(201)
09-26 15:53:14.809  3592  3598 E RILD    : RequestComplete - req : 28, peek : 28
09-26 15:53:14.809  3592  3599 E RILD    : DoRouteOut - FW reqId : 28
09-26 15:53:14.810  4962  5305 D RILJ    : [3760]< SIM_IO IccIoResult sw1:0x90 sw2:0x0 [SUB0]
09-26 15:53:14.810  3592  3599 E RILD    : Onprocessing: request id(28), handleEvent(101)
09-26 15:53:14.810  3592  3598 E RILD    : SIM-MGR(2): evt(101)
09-26 15:53:14.810  3592  3598 E RILD    : [G] TX: (M)SEC_CMD (S)SEC_RSIM_ACCESS (T)GET l:2c m:5a a:00 [ B0 00 10 A0 00 00 00 87 10 02 FF 47 F0 01 89 00 00 01 FF 05 6F 02 00 3F FF 7F 00 00 00 00 00 00 00 00 00 00 08 ]
09-26 15:53:14.810  4962  4962 D SIMRecords: [SIMRecords] Received Forbidden PLMNs, raw=ffffffffffffffffffffffff
09-26 15:53:14.810  4962  4962 D SIMRecords: [SIMRecords] onRecordLoaded 3 requested: true
09-26 15:53:14.830  3592  3607 E RILD    : [G] RX: (M)SEC_CMD (S)SEC_RSIM_ACCESS (T)RESP l:12 m:95 a:5a [ 90 00 08 65 73 65 6E 70 74 69 74 ]
09-26 15:53:14.830  3592  3598 E RILD    : SIM-MGR(2): evt(201)
09-26 15:53:14.830  3592  3598 E RILD    : RequestComplete - req : 28, peek : 28
09-26 15:53:14.830  3592  3599 E RILD    : DoRouteOut - FW reqId : 28
09-26 15:53:14.831  3592  3599 E RILD    : Onprocessing: request id(28), handleEvent(101)
09-26 15:53:14.831  3592  3598 E RILD    : SIM-MGR(2): evt(101)
09-26 15:53:14.831  3592  3598 E RILD    : [G] TX: (M)SEC_CMD (S)SEC_RSIM_ACCESS (T)GET l:2c m:5b a:00 [ B0 00 10 A0 00 00 00 87 10 02 FF 47 F0 01 89 00 00 01 FF 05 2F 01 00 3F 00 00 00 00 00 00 00 00 00 00 00 00 08 ]
09-26 15:53:14.831  4962  5305 D RILJ    : [3761]< SIM_IO IccIoResult sw1:0x90 sw2:0x0 [SUB0]
09-26 15:53:14.833  4962  4962 D SIMRecords: [SIMRecords] EF_LI LOADED
09-26 15:53:14.833  4962  4962 D SIMRecords: [SIMRecords] EF_LI=6573656e70746974
09-26 15:53:14.833  4962  4962 D SIMRecords: [SIMRecords] onRecordLoaded 2 requested: true
09-26 15:53:14.850  3592  3607 E RILD    : [G] RX: (M)SEC_CMD (S)SEC_RSIM_ACCESS (T)RESP l:12 m:96 a:5b [ 90 00 08 65 73 65 6E 70 74 69 74 ]
09-26 15:53:14.850  3592  3598 E RILD    : SIM-MGR(2): evt(201)
09-26 15:53:14.850  3592  3598 E RILD    : RequestComplete - req : 28, peek : 28
09-26 15:53:14.851  3592  3599 E RILD    : DoRouteOut - FW reqId : 28
09-26 15:53:14.851  3592  3599 E RILD    : Onprocessing: request id(28), handleEvent(101)
09-26 15:53:14.851  4962  5305 D RILJ    : [3762]< SIM_IO IccIoResult sw1:0x90 sw2:0x0 [SUB0]
09-26 15:53:14.851  3592  3598 E RILD    : SIM-MGR(2): evt(101)
09-26 15:53:14.851  3592  3598 E RILD    : [G] TX: (M)SEC_CMD (S)SEC_RSIM_ACCESS (T)GET l:2c m:5c a:00 [ C0 00 10 A0 00 00 00 87 10 02 FF 47 F0 01 89 00 00 01 FF C7 6F 02 00 3F FF 7F 00 00 00 00 00 00 00 00 00 00 0F ]
09-26 15:53:14.852  4962  4962 D SIMRecords: [SIMRecords] EF_PL LOADED
09-26 15:53:14.852  4962  4962 D SIMRecords: [SIMRecords] EF_PL=6573656e70746974
09-26 15:53:14.852  4962  4962 D SIMRecords: [SIMRecords] onRecordLoaded 1 requested: true
09-26 15:53:14.867  3592  3607 E RILD    : [G] RX: (M)SEC_CMD (S)SEC_RSIM_ACCESS (T)RESP l:33 m:97 a:5c [ 90 00 29 62 27 82 05 42 21 00 26 04 83 02 6F C7 A5 0C 80 01 71 92 01 00 91 04 7F 20 6F C7 8A 01 05 8B 03 6F 06 04 80 02 00 98 88 00 ]
09-26 15:53:14.867  3592  3598 E RILD    : SIM-MGR(2): evt(201)
09-26 15:53:14.867  3592  3598 E RILD    : RequestComplete - req : 28, peek : 28
09-26 15:53:14.868  4962  5305 D RILJ    : [3763]< SIM_IO IccIoResult sw1:0x90 sw2:0x0 [SUB0]
09-26 15:53:14.868  4962  4962 D RILJ    : [3764]> iccIO: SIM_IO 0xb2 0x6fc7  path: 3F007FFF,1,4,38 aid: A0000000871002FF47F00189000001FF [SUB0]
09-26 15:53:14.871  3592  3594 E RILD    : IsRegisteredNetworkType(): netType[1]  feature[00] state[0] 
09-26 15:53:14.871  3592  3599 E RILD    : DoRouteIn - FW reqId : 28
09-26 15:53:14.871  3592  3599 E RILD    : DoRouteOut - FW reqId : 28
09-26 15:53:14.871  3592  3599 E RILD    : Onprocessing: request id(28), handleEvent(101)
09-26 15:53:14.871  3592  3598 E RILD    : SIM-MGR(2): evt(101)
09-26 15:53:14.871  3592  3598 E RILD    : [G] TX: (M)SEC_CMD (S)SEC_RSIM_ACCESS (T)GET l:2c m:5d a:00 [ B2 00 10 A0 00 00 00 87 10 02 FF 47 F0 01 89 00 00 01 FF C7 6F 02 00 3F FF 7F 00 00 00 00 00 00 00 00 01 04 26 ]
09-26 15:53:14.892  3592  3607 E RILD    : [G] RX: (M)NET_CMD (S)NET_REGIST (T)NOTI l:1a m:98 a:00 [ 04 02 02 01 68 07 CE 5D 6B 00 00 FE FF 02 02 01 FF FF 00 ]
09-26 15:53:14.892  3592  3607 E RILD    : IpcProtocol41::IpcRxNetRegState() lte no service feature turn off
09-26 15:53:14.893  3592  3607 E RILD    : [G] RX: (M)NET_CMD (S)NET_REGIST (T)NOTI l:1a m:99 a:00 [ 04 03 01 01 68 07 CE 5D 6B 00 00 FE FF 02 02 01 FF FF 00 ]
09-26 15:53:14.893  3592  3607 E RILD    : IpcProtocol41::IpcRxNetRegState() lte no service feature turn off
09-26 15:53:14.893  3592  3598 E RILD    : GLNET-MGR(3): evt(200)
09-26 15:53:14.893  3592  3598 E RILD    : NET-MGR: EVENT_NETWORK_STATE_CHANGED
09-26 15:53:14.893  3592  3598 E RILD    : OnUnsolicitedResponse: unsolId: 1002
09-26 15:53:14.893  3592  3598 E RILD    : GLNET-MGR(3): evt(200)
09-26 15:53:14.893  3592  3598 E RILD    : NET-MGR: EVENT_NETWORK_STATE_CHANGED
09-26 15:53:14.893  3592  3598 E RILD    : OnNetworkStateChanged(): Don't send UNSOL_RESPONSE_VOICE_NETWORK_STATE_CHANGED (1)
09-26 15:53:14.894  4962  5305 D RILJ    : [UNSL]< UNSOL_RESPONSE_VOICE_NETWORK_STATE_CHANGED [SUB0]
09-26 15:53:14.894  4962  4962 D RILJ    : [3765]> OPERATOR [SUB0]
09-26 15:53:14.895  4962  4962 D RILJ    : [3766]> DATA_REGISTRATION_STATE [SUB0]
09-26 15:53:14.896  3592  3594 E RILD    : IsRegisteredNetworkType(): netType[1]  feature[00] state[0] 
09-26 15:53:14.896  3592  3599 E RILD    : DoRouteIn - FW reqId : 22
09-26 15:53:14.896  3592  3607 E RILD    : [G] RX: (M)NET_CMD (S)NET_SERVING_NETWORK (T)NOTI l:21 m:9a a:00 [ 02 02 04 37 32 32 33 34 23 68 07 01 CE 5D 6B 00 FE FF FF 00 00 FF 00 00 FF FF ]
09-26 15:53:14.896  3592  3599 E RILD    : Onprocessing: request id(28), handleEvent(101)
09-26 15:53:14.896  3592  3599 E RILD    : DoRouteOut - FW reqId : 22
09-26 15:53:14.896  3592  3599 E RILD    : Onprocessing: request id(22), handleEvent(108)
09-26 15:53:14.896  3592  3598 E RILD    : GLNET-MGR(3): evt(206)
09-26 15:53:14.896  3592  3598 E RILD    : GNET-MGR: EVENT_SERVING_NETWORK
09-26 15:53:14.896  3592  3598 E RILD    : GLNET-MGR(3): evt(108)
09-26 15:53:14.896  3592  3598 E RILD    : DoOperator():
09-26 15:53:14.896  3592  3598 E RILD    : IpcProtocol41::IpcTxNetGetOperator()
09-26 15:53:14.896  3592  3598 E RILD    : [G] TX: (M)NET_CMD (S)NET_SERVING_NETWORK (T)GET l:7 m:5e a:00 [ ]
09-26 15:53:14.897  4962  4962 D RILJ    : [3767]> VOICE_REGISTRATION_STATE [SUB0]
09-26 15:53:14.897  3592  3594 E RILD    : IsRegisteredNetworkType(): netType[1]  feature[00] state[0] 
09-26 15:53:14.897  3592  3599 E RILD    : DoRouteIn - FW reqId : 21
09-26 15:53:14.897  3592  3599 E RILD    : Onprocessing: request id(28), handleEvent(101)
09-26 15:53:14.897  3592  3599 E RILD    : Onprocessing: request id(22), handleEvent(108)
09-26 15:53:14.898  4962  4962 D RILJ    : [3768]> QUERY_NETWORK_SELECTION_MODE [SUB0]
09-26 15:53:14.899  3592  3594 E RILD    : IsRegisteredNetworkType(): netType[1]  feature[00] state[0] 
09-26 15:53:14.899  3592  3599 E RILD    : DoRouteIn - FW reqId : 20
09-26 15:53:14.899  3592  3599 E RILD    : Onprocessing: request id(28), handleEvent(101)
09-26 15:53:14.899  3592  3599 E RILD    : Onprocessing: request id(22), handleEvent(108)
09-26 15:53:14.900  3592  3594 E RILD    : IsRegisteredNetworkType(): netType[1]  feature[00] state[0] 
09-26 15:53:14.900  3592  3599 E RILD    : DoRouteIn - FW reqId : 45
09-26 15:53:14.900  3592  3599 E RILD    : Onprocessing: request id(28), handleEvent(101)
09-26 15:53:14.901  3592  3599 E RILD    : Onprocessing: request id(22), handleEvent(108)
09-26 15:53:14.943  3592  3607 E RILD    : [G] RX: (M)SEC_CMD (S)SEC_RSIM_ACCESS (T)RESP l:30 m:9b a:5d [ 90 00 26 43 6F 6E 74 65 73 74 61 64 6F 72 FF FF FF FF FF FF FF FF FF FF FF FF FF 03 81 5A 55 FF FF FF FF FF FF FF FF FF FF ]
09-26 15:53:14.943  3592  3598 E RILD    : SIM-MGR(2): evt(201)
09-26 15:53:14.943  3592  3598 E RILD    : RequestComplete - req : 28, peek : 28
09-26 15:53:14.944  3592  3599 E RILD    : Onprocessing: request id(22), handleEvent(108)
09-26 15:53:14.944  4962  5305 D RILJ    : [3764]< SIM_IO IccIoResult sw1:0x90 sw2:0x0 [SUB0]
09-26 15:53:14.944  3592  3607 E RILD    : [G] RX: (M)NET_CMD (S)NET_SERVING_NETWORK (T)RESP l:21 m:9c a:5e [ 02 02 04 37 32 32 33 34 23 68 07 01 CE 5D 6B 00 FE FF FF 00 00 FF 00 00 FF FF ]
09-26 15:53:14.944  4962  4962 D SIMRecords: [SIMRecords] VM: ADN Record 'Contestador' '[ffR59Jq8znAOnWqWOf-x7xHWhyg] null null' EF[MBDN]
09-26 15:53:14.944  3592  3598 E RILD    : GLNET-MGR(3): evt(109)
09-26 15:53:14.944  3592  3598 E RILD    : GNET-MGR: EVENT_OPERATOR_DONE
09-26 15:53:14.944  3592  3598 E RILD    : MCC is changed  ---> 722
09-26 15:53:14.944  4962  4962 D SIMRecords: [SIMRecords] onRecordLoaded 0 requested: true
09-26 15:53:14.944  4962  4962 D SIMRecords: [SIMRecords] record load complete
09-26 15:53:14.944  4962  4962 D SIMRecords: [SIMRecords] Not using EF LI/EF PL
09-26 15:53:14.944  4962  4962 D SIMRecords: [SIMRecords] EF_CFIS and EF_CFF not valid. callForwardingEnabled=-1
09-26 15:53:14.945  4962  4962 D SIMRecords: [SIMRecords] onAllRecordsLoaded set 'gsm.sim.operator.numeric' to operator='72234'
09-26 15:53:14.945  4962  4962 D TelephonyManager: setTelephonyProperty: success phoneId=0 property=gsm.sim.operator.numeric value: 72234 propVal=72234
09-26 15:53:14.945  3592  3598 E RILD    : EVENT_OPERATOR_DONE (PERSONAL,AR TP,72234)
09-26 15:53:14.945  3592  3598 E RILD    : RequestComplete - req : 22, peek : 22
09-26 15:53:14.945  3592  3599 E RILD    : DoRouteOut - FW reqId : 21
09-26 15:53:14.945  3592  3599 E RILD    : Onprocessing: request id(21), handleEvent(102)
09-26 15:53:14.945  3592  3598 E RILD    : GLNET-MGR(3): evt(102)
09-26 15:53:14.945  4962  5305 D RILJ    : [3765]< OPERATOR {PERSONAL, AR TP, 72234, 72234, null} [SUB0]
09-26 15:53:14.945  3592  3598 E RILD    : DoDataNetRegState():
09-26 15:53:14.945  3592  3598 E RILD    : IpcProtocol41::IpcTxNetGetDataRegState()
09-26 15:53:14.946  4962  4962 D SubscriptionController: [setMccMnc]+ mcc/mnc:722/34 subId:-2
09-26 15:53:14.946  3592  3598 E RILD    : [G] TX: (M)NET_CMD (S)NET_REGIST (T)GET l:9 m:5f a:00 [ FF 03 ]
09-26 15:53:14.949  3592  3607 E RILD    : [G] RX: (M)NET_CMD (S)NET_REGIST (T)RESP l:1a m:9d a:5f [ 04 03 01 01 68 07 CE 5D 6B 00 00 FE FF 02 02 01 FF FF 00 ]
09-26 15:53:14.949  3592  3607 E RILD    : IpcProtocol41::IpcRxNetRegState() lte no service feature turn off
09-26 15:53:14.950  3592  3598 E RILD    : GLNET-MGR(3): evt(103)
09-26 15:53:14.950  3592  3598 E RILD    : NET-MGR: EVENT_DATA_NET_REG_STATE_DONE
09-26 15:53:14.951  3592  3598 E RILD    : ltevoicesupport(0): 2
09-26 15:53:14.951  3592  3598 E RILD    : UpdateLteVoiceSupportProperty(): ltevoicesupport_0 property set to 2 , ecsupport set to 2
09-26 15:53:14.951  3592  3598 E RILD    : it was rat 10 but it will be unknown owing to no service
09-26 15:53:14.951  3592  3598 E RILD    : SetEmergencyState(): mState= 0
09-26 15:53:14.951  3592  3598 E RILD    : SetEmergencyState(): Use default value Feature::QmiSupported() : 0
09-26 15:53:14.951  3592  3598 E RILD    : RequestComplete - req : 21, peek : 21
09-26 15:53:14.951  3592  3598 E RILD    : LEDC-MGR(9): evt(10001)
09-26 15:53:14.951  3592  3598 E RILD    : OnPsRegistrationStateChanged
09-26 15:53:14.951  3592  3599 E RILD    : DoRouteOut - FW reqId : 20
09-26 15:53:14.951  3592  3599 E RILD    : Onprocessing: request id(20), handleEvent(100)
09-26 15:53:14.951  3592  3598 E RILD    : GLNET-MGR(3): evt(100)
09-26 15:53:14.951  3592  3598 E RILD    : DoVoiceNetRegState():
09-26 15:53:14.951  3592  3598 E RILD    : IsRegisteredNetworkType(): netType[1]  feature[00] state[0] 
09-26 15:53:14.952  3592  3598 E RILD    : IpcProtocol41::IpcTxNetGetVoiceRegState()
09-26 15:53:14.952  4962  5305 D RILJ    : [3766]< DATA_REGISTRATION_STATE {0, 0768, 006b5dce, 0, null, 4, 0xfffe, null, 0x006b5dce, null, null, 0, 0, 10} [SUB0]
09-26 15:53:14.952  3592  3598 E RILD    : [G] TX: (M)NET_CMD (S)NET_REGIST (T)GET l:9 m:60 a:00 [ FF 02 ]
09-26 15:53:14.952  4962  4962 D SubscriptionController: notifySubscriptionInfoChanged:
09-26 15:53:14.955  4962  4984 D SubscriptionController: [getActiveSubInfoList] Sub Controller not ready
09-26 15:53:14.955  4962  5367 D SubscriptionController: [getActiveSubInfoList] Sub Controller not ready
09-26 15:53:14.957  4962  4962 D SIMRecords: [SIMRecords] update icc_operator_numeric = 72234 subId = -2
09-26 15:53:14.957  4962  4962 D SIMRecords: [SIMRecords] onAllRecordsLoaded set mcc imsi
09-26 15:53:14.958  4962  5368 D SubscriptionController: [getActiveSubInfoList] Sub Controller not ready
09-26 15:53:14.958  4962  4962 D TelephonyManager: setTelephonyProperty: success phoneId=0 property=gsm.sim.operator.iso-country value: ar propVal=ar
09-26 15:53:14.960  4962  4962 D SST     : handlPollStateResultMessage: GsmSST setDataRegState=1 regState=0 dataRadioTechnology=0
09-26 15:53:14.961  4962  4962 D SST     : SubscriptionListener.onSubscriptionInfoChanged
09-26 15:53:14.961  4962  4962 D DCT     : [0]SubscriptionListener.onSubscriptionInfoChanged
09-26 15:53:14.961  4962  4962 D SST     : SubscriptionListener.onSubscriptionInfoChanged
09-26 15:53:14.961  4962  4962 D DCT     : [1]SubscriptionListener.onSubscriptionInfoChanged
09-26 15:53:14.963  4962  4962 D SubscriptionController: [getActiveSubInfoList] Sub Controller not ready
09-26 15:53:14.965  3592  3607 E RILD    : [G] RX: (M)NET_CMD (S)NET_REGIST (T)RESP l:1a m:9e a:60 [ 04 02 02 01 68 07 CE 5D 6B 00 00 FE FF 02 02 01 FF FF 00 ]
09-26 15:53:14.965  3592  3607 E RILD    : IpcProtocol41::IpcRxNetRegState() lte no service feature turn off
09-26 15:53:14.965  3592  3598 E RILD    : GLNET-MGR(3): evt(101)
09-26 15:53:14.965  3592  3598 E RILD    : GNET-MGR: EVENT_VOICE_NET_REG_STATE_DONE
09-26 15:53:14.966  3592  3598 E RILD    : IsRegistered - Feature: 0x0B, RegiCondition: 0, CheckVoLTELimited: 0
09-26 15:53:14.967  4962  4962 D SubscriptionController: [getActiveSubInfoList] Sub Controller not ready
09-26 15:53:14.968  3592  3598 E RILD    : SetEmergencyState(): mState= 1
09-26 15:53:14.968  3592  3598 E RILD    : SetEmergencyState(): Use default value Feature::QmiSupported() : 0
09-26 15:53:14.968  3592  3598 E RILD    : RequestComplete - req : 20, peek : 20
09-26 15:53:14.969  3592  3599 E RILD    : DoRouteOut - FW reqId : 45
09-26 15:53:14.969  3592  3598 E RILD    : Can't open Hall IC Node. OnVoiceNetRegStateDone() Permission denied.
09-26 15:53:14.969  4962  5305 D RILJ    : [3767]< VOICE_REGISTRATION_STATE {1, 0768, 006b5dce, 3, null, null, null, null, null, null, null, null, null, null, null, 2, 2, 0, 1, 3, 0} [SUB0]
09-26 15:53:14.969  3592  3599 E RILD    : Onprocessing: request id(45), handleEvent(118)
09-26 15:53:14.969  3592  3598 E RILD    : GLNET-MGR(3): evt(118)
09-26 15:53:14.969  3592  3598 E RILD    : DoGetNetSelectionMode():
09-26 15:53:14.969  3592  3598 E RILD    : IpcProtocol41::IpcTxNetGetNetSelectionMode()
09-26 15:53:14.969  3592  3598 E RILD    : [G] TX: (M)NET_CMD (S)NET_PLMN_SEL (T)GET l:7 m:61 a:00 [ ]
09-26 15:53:14.972  3592  3607 E RILD    : [G] RX: (M)NET_CMD (S)NET_PLMN_SEL (T)RESP l:8 m:9f a:61 [ 02 ]
09-26 15:53:14.972  3592  3598 E RILD    : GLNET-MGR(3): evt(119)
09-26 15:53:14.972  3592  3598 E RILD    : NET-MGR: EVENT_GET_NETWORK_SELECTION_MODE_DONE
09-26 15:53:14.972  3592  3598 E RILD    : RequestComplete - req : 45, peek : 45
09-26 15:53:14.973  4962  5305 D RILJ    : [3768]< QUERY_NETWORK_SELECTION_MODE {0} [SUB0]
09-26 15:53:15.008  4962  4962 D CAT     : CatService: handleMessage[20]
09-26 15:53:15.009  4962  4962 D GsmCdmaPhone: [GsmCdmaPhone] updateCurrentCarrierInProvider: mSubId = -2 currentDds = -1 operatorNumeric = 72234
09-26 15:53:15.009  4962  4962 D IccCardProxy: operator=72234 mPhoneId=0
09-26 15:53:15.009  4962  4962 D TelephonyManager: setTelephonyProperty: success phoneId=0 property=gsm.sim.operator.numeric value: 72234 propVal=72234
09-26 15:53:15.010  4962  4962 D TelephonyManager: setTelephonyProperty: success phoneId=0 property=gsm.sim.operator.iso-country value: ar propVal=ar
09-26 15:53:15.011  4962  4962 D IccCardProxy: Sending intent ACTION_INTERNAL_SIM_STATE_CHANGED for mPhoneId : 0
09-26 15:53:15.012  4962  4962 D SST     : EVENT_SIM_RECORDS_LOADED: what=16
09-26 15:53:15.012  4962  4962 D SST     : updatePhoneObject: Ignore update
09-26 15:53:15.012  4962  4962 D SST     : getOtasp: otasp not needed for GSM
09-26 15:53:15.012  4962  4962 D SST     : updateOtaspState: call notifyOtaspChanged old otaspMode=0 new otaspMode=3
09-26 15:53:15.013  4962  4962 D SIMRecords: [SIMRecords] getServiceProviderName: no brandOverride, providerName=Personal
09-26 15:53:15.014  4962  4962 D SST     : updateSpnDisplay: radio is on but out of service, set plmn='No service'
09-26 15:53:15.014  4962  4962 D SIMRecords: [SIMRecords] getServiceProviderName: no brandOverride, providerName=Personal
09-26 15:53:15.014  4962  4962 D SST     : updateSpnDisplay: changed sending intent rule=3 showPlmn='true' plmn='No service' showSpn='true' spn='Personal' dataSpn='Personal' subId='-2'
09-26 15:53:15.019  4962  4962 D SubscriptionController: [setPlmnSpn] No valid subscription to store info
09-26 15:53:15.019  4962  4962 D SubscriptionController: notifySubscriptionInfoChanged:
09-26 15:53:15.022  4962  5362 D SubscriptionController: [getActiveSubInfoList] Sub Controller not ready
09-26 15:53:15.022  4962  5367 D SubscriptionController: [getActiveSubInfoList] Sub Controller not ready
09-26 15:53:15.023  4962  4962 D SST     : EVENT_POLL_STATE_NETWORK_SELECTION_MODE
09-26 15:53:15.025  4962  5368 D SubscriptionController: [getActiveSubInfoList] Sub Controller not ready
09-26 15:53:15.025  4962  4962 D SST     : Poll ServiceState done:  oldSS=[1 1 voice home data home null null null null null null  LTE Unknown CSS not supported -1 -1 RoamInd=-1 DefRoamInd=-1 EmergOnly=false IsDataRoamingFromRegistration=false IsUsingCarrierAggregation=false] newSS=[0 1 voice home data home PERSONAL AR TP 72234 PERSONAL AR TP 72234  UMTS Unknown CSS not supported -1 -1 RoamInd=-1 DefRoamInd=-1 EmergOnly=false IsDataRoamingFromRegistration=false IsUsingCarrierAggregation=false] oldMaxDataCalls=4 mNewMaxDataCalls=4 oldReasonDataDenied=-1 mNewReasonDataDenied=-1
09-26 15:53:15.025  4962  4962 D SST     : RAT switched LTE -> UMTS at cell 7036366
09-26 15:53:15.025  4962  4962 D GsmCdmaPhone: [GsmCdmaPhone] updatePhoneObject: radioTechnology=3
09-26 15:53:15.025  4962  4962 D SST     : pollStateDone: registering current mNitzUpdatedTime=false changing to false
09-26 15:53:15.027  4962  4962 D SIMRecords: [SIMRecords] getServiceProviderName: no brandOverride, providerName=Personal
09-26 15:53:15.028  4962  4962 D SIMRecords: [SIMRecords] getServiceProviderName: no brandOverride, providerName=Personal
09-26 15:53:15.028  4962  4962 D SST     : updateSpnDisplay: changed sending intent rule=1 showPlmn='false' plmn='PERSONAL' showSpn='true' spn='Personal' dataSpn='Personal' subId='-2'
09-26 15:53:15.031  4962  4962 D SubscriptionController: [setPlmnSpn] No valid subscription to store info
09-26 15:53:15.031  4962  4962 D SubscriptionController: notifySubscriptionInfoChanged:
09-26 15:53:15.036  4962  4962 D TelephonyManager: setTelephonyProperty: success phoneId=0 property=gsm.operator.alpha value: PERSONAL propVal=PERSONAL
09-26 15:53:15.036  4962  4985 D SubscriptionController: [getActiveSubInfoList] Sub Controller not ready
09-26 15:53:15.037  4962  4962 D TelephonyManager: setTelephonyProperty: success phoneId=0 property=gsm.operator.numeric value: 72234 propVal=72234
09-26 15:53:15.038  4962  5368 D SubscriptionController: [getActiveSubInfoList] Sub Controller not ready
09-26 15:53:15.039  4962  4962 D SST     : update mccmnc=72234 fromServiceState=true
09-26 15:53:15.041  4962  5367 D SubscriptionController: [getActiveSubInfoList] Sub Controller not ready
09-26 15:53:15.279  4962  4962 D TelephonyManager: setTelephonyProperty: success phoneId=0 property=gsm.operator.iso-country value: ar propVal=ar
09-26 15:53:15.296  4962  4962 D SST     : pollStateDone: no nitz but one TZ for iso-cc=ar with zone.getID=America/Argentina/Buenos_Aires testOneUniqueOffsetPath=false
09-26 15:53:15.296  4962  4962 D SST     : setAndBroadcastNetworkSetTimeZone: setTimeZone=America/Argentina/Buenos_Aires
09-26 15:53:15.303  4962  4962 D SST     : setAndBroadcastNetworkSetTimeZone: call alarm.setTimeZone and broadcast zoneId=America/Argentina/Buenos_Aires
09-26 15:53:15.306  4962  4962 D SST     : shouldFixTimeZoneNow: retVal=true iccCardExist=true operatorNumeric=72234 mcc=722 prevOperatorNumeric= prevMcc=723 needToFixTimeZone=false ltod=09-26 15:53:15.304
09-26 15:53:15.306  4962  4962 D SST     : fixTimeZone zoneName='America/Argentina/Buenos_Aires' mZoneOffset=0 mZoneDst=false iso-cc='ar' iso-cc-idx=-1
09-26 15:53:15.306  4962  4962 D SST     : fixTimeZone: using default TimeZone
09-26 15:53:15.306  4962  4962 D SST     : fixTimeZone: zone != null zone.getID=America/Argentina/Buenos_Aires
09-26 15:53:15.307  4962  4962 D SST     : setAndBroadcastNetworkSetTimeZone: setTimeZone=America/Argentina/Buenos_Aires
09-26 15:53:15.313  4962  4962 D SST     : setAndBroadcastNetworkSetTimeZone: call alarm.setTimeZone and broadcast zoneId=America/Argentina/Buenos_Aires
09-26 15:53:15.314  4962  4962 D TelephonyManager: setTelephonyProperty: success phoneId=0 property=gsm.operator.isroaming value: false propVal=false,false
09-26 15:53:15.317  4962  4962 D SST     : Broadcasting ServiceState : 0 1 voice home data home PERSONAL AR TP 72234 PERSONAL AR TP 72234  UMTS Unknown CSS not supported -1 -1 RoamInd=-1 DefRoamInd=-1 EmergOnly=false IsDataRoamingFromRegistration=false IsUsingCarrierAggregation=false
09-26 15:53:15.318  4962  4962 D DefaultPhoneNotifier: nofityServiceState: mRegistry=com.android.internal.telephony.ITelephonyRegistry$Stub$Proxy@e51bc8 ss=0 1 voice home data home PERSONAL AR TP 72234 PERSONAL AR TP 72234  UMTS Unknown CSS not supported -1 -1 RoamInd=-1 DefRoamInd=-1 EmergOnly=false IsDataRoamingFromRegistration=false IsUsingCarrierAggregation=false sender=Handler (com.android.internal.telephony.GsmCdmaPhone) {4cfaa44} phondId=0 subId=-2
09-26 15:53:15.324  4962  4962 D SubscriptionController: [getSlotId]- subId invalid
09-26 15:53:15.327  3655  4847 D TelephonyManager: getSimState: default sim:-1, sim state for slotIdx=0 is 5, return state as unknown
09-26 15:53:15.333  4962  4962 D SST     : getCellLocation(): X good mCellLoc=[1896,7036366,-1]
09-26 15:53:15.335  3655  3712 D TelephonyRegistry: notifyCellLocationForSubscriber: subId=-2 cellLocation=Bundle[mParcelledData.dataSize=64]
09-26 15:53:15.386  4962  4962 D SubscriptionInfoUpdater: [Receiver]+
09-26 15:53:15.386  4962  4962 D SubscriptionInfoUpdater: Action: android.intent.action.internal_sim_state_changed
09-26 15:53:15.386  4962  4962 D SubscriptionInfoUpdater: slotId: 0
09-26 15:53:15.386  4962  4962 D SubscriptionInfoUpdater: simStatus: LOADED
09-26 15:53:15.386  4962  4962 D SubscriptionInfoUpdater: [Receiver]-
09-26 15:53:15.386  4962  4962 D SST     : SubscriptionListener.onSubscriptionInfoChanged
09-26 15:53:15.386  4962  4962 D DCT     : [0]SubscriptionListener.onSubscriptionInfoChanged
09-26 15:53:15.388  4962  4962 D SST     : SubscriptionListener.onSubscriptionInfoChanged
09-26 15:53:15.388  4962  4962 D DCT     : [1]SubscriptionListener.onSubscriptionInfoChanged
09-26 15:53:15.390  4962  4962 D SubscriptionController: [getActiveSubInfoList] Sub Controller not ready
09-26 15:53:15.392  4962  4962 D SubscriptionController: [getActiveSubInfoList] Sub Controller not ready
09-26 15:53:15.437  4962  4962 D GsmCdmaPhone: [GsmCdmaPhone] phoneObjectUpdater: newVoiceRadioTech=3
09-26 15:53:15.437  4962  4962 D GsmCdmaPhone: [GsmCdmaPhone] phoneObjectUpdater: No change ignore, newVoiceRadioTech=3 mActivePhone=GSM
09-26 15:53:15.438  4962  4962 D GsmCdmaPhone: [GsmCdmaPhone] Event EVENT_REGISTERED_TO_NETWORK Received
09-26 15:53:15.438  4962  4962 D DCT     : [0]SubscriptionListener.onSubscriptionInfoChanged
09-26 15:53:15.439  4962  4962 D SST     : SubscriptionListener.onSubscriptionInfoChanged
09-26 15:53:15.439  4962  4962 D DCT     : [1]SubscriptionListener.onSubscriptionInfoChanged
09-26 15:53:15.440  4962  4962 D SubscriptionController: [getActiveSubInfoList] Sub Controller not ready
09-26 15:53:15.442  4962  4962 D SubscriptionController: [getActiveSubInfoList] Sub Controller not ready
09-26 15:53:15.476  4962  4962 D SST     : SubscriptionListener.onSubscriptionInfoChanged
09-26 15:53:15.477  4962  4962 D SubscriptionInfoUpdater: handleSimStateLoadedInternal: slotId: 0
09-26 15:53:15.477  4962  4962 D SubscriptionInfoUpdater: All IccIds query complete
09-26 15:53:15.477  4962  4962 D SubscriptionInfoUpdater: updateSubscriptionInfoByIccId:+ Start
09-26 15:53:15.479  4962  4962 D SubscriptionController: [clearSubInfo]- no simInfo size=0
09-26 15:53:15.479  4962  4962 D SubscriptionInfoUpdater: insertedSimCount = 1
09-26 15:53:15.479  4962  4962 D SubscriptionController: [getSubInfoUsingSlotIdWithCheck]+ slotId:0
09-26 15:53:15.491  4962  4962 D SubscriptionController: [getSubInfoUsingSlotId]- null info return
09-26 15:53:15.491  4962  4962 D SubscriptionInfoUpdater: updateSubscriptionInfoByIccId: No SIM in slot 0 last time
09-26 15:53:15.491  4962  4962 D SubscriptionController: [getSubInfoUsingSlotIdWithCheck]+ slotId:1
09-26 15:53:15.500  4962  4962 D SubscriptionController: [getSubInfoUsingSlotId]- null info return
09-26 15:53:15.500  4962  4962 D SubscriptionInfoUpdater: updateSubscriptionInfoByIccId: No SIM in slot 1 last time
09-26 15:53:15.500  4962  4962 D SubscriptionInfoUpdater: updateSubscriptionInfoByIccId: oldIccId[0] = , sIccId[0] = 89543420816751226808
09-26 15:53:15.500  4962  4962 D SubscriptionInfoUpdater: updateSubscriptionInfoByIccId: oldIccId[1] = , sIccId[1] = 
09-26 15:53:15.501  4962  4962 D SubscriptionController: [addSubInfoRecord]+ iccId:89543420816751226808 slotId:0
09-26 15:53:15.510  4962  4962 D SubscriptionController: [getActiveSubInfoList] Sub Controller not ready
09-26 15:53:15.524  4962  4962 D SubscriptionController: [addSubInfoRecord] New record created: content://telephony/siminfo/1
09-26 15:53:15.533  4962  4962 D SubscriptionController: [addSubInfoRecord] sSlotIdxToSubId.size=1 slotId=0 subId=1 defaultSubId=-1 simCount=2
09-26 15:53:15.533  4962  4962 D SubscriptionController: [setDefaultFallbackSubId] subId=1
09-26 15:53:15.534  4962  4962 D SubscriptionController: [setDefaultFallbackSubId] set mDefaultFallbackSubId=1
09-26 15:53:15.539  4962  4962 D SubscriptionController: [setDefaultFallbackSubId] broadcast default subId changed phoneId=0 subId=1
09-26 15:53:15.541  4962  4962 I SubscriptionController: Subscription is invalid. Set default to 1
09-26 15:53:15.543  4962  4962 D SubscriptionController: [setDefaultSmsSubId] subId=1
09-26 15:53:15.545  4962  4962 D SubscriptionController: [broadcastDefaultSmsSubIdChanged] subId=1
09-26 15:53:15.554  4962  4962 D PhoneFactory: setSMSPromptOption to true
09-26 15:53:15.554  4962  4962 D SubscriptionController: [addSubInfoRecord] hashmap(0,1)
09-26 15:53:15.555  4962  4985 D RILJ    : [3769]> RIL_REQUEST_GET_CELL_INFO_LIST [SUB0]
09-26 15:53:15.557  3592  3594 E RILD    : IsRegisteredNetworkType(): netType[1]  feature[00] state[0] 
09-26 15:53:15.557  4962  4962 I SubscriptionController: Only one SIM found, resetting user preferred SMS sub
09-26 15:53:15.557  3592  3599 E RILD    : DoRouteIn - FW reqId : 109
09-26 15:53:15.557  3592  3599 E RILD    : DoRouteOut - FW reqId : 109
09-26 15:53:15.558  3592  3599 E RILD    : Onprocessing: request id(109), handleEvent(159)
09-26 15:53:15.558  3592  3598 E RILD    : GLNET-MGR(3): evt(159)
09-26 15:53:15.558  3592  3598 E RILD    : NET_MGR: EVENT_GET_CELL_INFO_LIST
09-26 15:53:15.558  3592  3598 E RILD    : DoGetCellInfoList():
09-26 15:53:15.558  3592  3598 E RILD    : IpcModem::GetCellInfoList
09-26 15:53:15.558  3592  3598 E RILD    : IpcProtocol41::IpcTxNetCellInfoList()
09-26 15:53:15.558  3592  3598 E RILD    : [G] TX: (M)NET_CMD (S)NET_CELL_INFO (T)GET l:7 m:62 a:00 [ ]
09-26 15:53:15.561  3592  3607 E RILD    : [G] RX: (M)NET_CMD (S)NET_CELL_INFO (T)RESP l:1c m:a0 a:62 [ 00 00 00 01 01 37 32 32 33 34 23 68 07 CE 5D 6B 00 53 00 0D 00 ]
09-26 15:53:15.561  3592  3598 E RILD    : GLNET-MGR(3): evt(160)
09-26 15:53:15.561  3592  3598 E RILD    : NET_MGR: EVENT_GET_CELL_INFO_LIST_DONE
09-26 15:53:15.561  3592  3598 D RILC    : responseCellInfoList: v6
09-26 15:53:15.561  3592  3598 E RILD    : RequestComplete - req : 109, peek : 109
09-26 15:53:15.564  4962  5305 D RILJ    : [3769]< RIL_REQUEST_GET_CELL_INFO_LIST [CellInfoWcdma:{mRegistered=YES mTimeStampType=oem_ril mTimeStamp=68155044374ns CellIdentityWcdma:{ mMcc=722 mMnc=34 mLac=1896 mCid=7036366 mPsc=83 mUarfcn=0} CellSignalStrengthWcdma: ss=13 ber=0}] [SUB0]
09-26 15:53:15.574  4962  4962 D SubscriptionController: [addSubInfoRecord] sim name = Personal
09-26 15:53:15.574  4962  4962 D DCT     : [0]update sub = 1
09-26 15:53:15.575  4962  4962 D DCT     : [0]update(): Active DDS, register for all events now!
09-26 15:53:15.576  4962  4962 D DCT     : [0]New records found.
09-26 15:53:15.576  4962  4962 D SST     : mDeviceShuttingDown=false, mDesiredPowerState=true, getRadioState=RADIO_ON, mPowerOffDelayNeed=true, mAlarmSwitch=false, mRadioDisabledByCarrier=false
09-26 15:53:15.578  4962  4962 D DCT     : [0]getDataEnabled during provisioning retVal=true - (true, 1)
09-26 15:53:15.580  4962  4962 D GsmCdmaPhone: [GsmCdmaPhone] updateCurrentCarrierInProvider: mSubId = 1 currentDds = -1 operatorNumeric = 72234
09-26 15:53:15.580  4962  4962 D SubscriptionController: [addSubInfoRecord]- info size=1
09-26 15:53:15.581  4962  4962 D PhoneFactory: setSMSPromptOption to false
09-26 15:53:15.583  4962  4962 D SubscriptionInfoUpdater: newSim = true
09-26 15:53:15.584  4962  4962 D SubscriptionInfoUpdater: updateSubscriptionInfoByIccId: No SIM inserted in slot 1 this time
09-26 15:53:15.584  4962  4962 D SubscriptionInfoUpdater: updateSubscriptionInfoByIccId: sInsertSimState[0] = -2
09-26 15:53:15.584  4962  4962 D SubscriptionInfoUpdater: updateSubscriptionInfoByIccId: sInsertSimState[1] = -99
09-26 15:53:15.603  4962  4962 D SubscriptionInfoUpdater: updateSubscriptionInfoByIccId: nSubCount = 1
09-26 15:53:15.605  4962  4962 D SubscriptionController: [setDefaultDataSubId] num phones=2, subId=1 dds flex map = dds
09-26 15:53:15.605  4962  4962 D SubscriptionController: [setDefaultDataSubId] phoneId=0 subId=1 RAF=118280
09-26 15:53:15.606  4962  4962 D SubscriptionController: [getSubId]- numSubIds == 0, return DummySubIds slotIdx=1
09-26 15:53:15.606  4962  4962 D SubscriptionController: [setDefaultDataSubId] phoneId=1 subId=-3 RAF=118280
09-26 15:53:15.606  4962  4962 D ProxyController: setRadioCapability: Already in requested configuration, nothing to do.
09-26 15:53:15.606  4962  4962 D SubscriptionController: [updateAllDataConnectionTrackers] sPhones.length=2
09-26 15:53:15.606  4962  4962 D SubscriptionController: [updateAllDataConnectionTrackers] phoneId=0
09-26 15:53:15.606  4962  4962 D DCT     : [0]update sub = 1
09-26 15:53:15.607  4962  4962 D DCT     : [0]update(): Active DDS, register for all events now!
09-26 15:53:15.608  4962  4962 D DCT     : [0]getDataEnabled during provisioning retVal=true - (true, 1)
09-26 15:53:15.609  4962  4962 D GsmCdmaPhone: [GsmCdmaPhone] updateCurrentCarrierInProvider: mSubId = 1 currentDds = -1 operatorNumeric = 72234
09-26 15:53:15.609  4962  4962 D SubscriptionController: [updateAllDataConnectionTrackers] phoneId=1
09-26 15:53:15.609  4962  4962 D SubscriptionController: [getSubId]- numSubIds == 0, return DummySubIds slotIdx=1
09-26 15:53:15.609  4962  4962 D DCT     : [1]update sub = -3
09-26 15:53:15.609  4962  4962 D DCT     : [1]update(): Active DDS, register for all events now!
09-26 15:53:15.609  4962  4962 D SubscriptionController: [getSubId]- numSubIds == 0, return DummySubIds slotIdx=1
09-26 15:53:15.609  4962  4962 D DCT     : [1]getDataEnabled during provisioning retVal=true - (true, 1)
09-26 15:53:15.610  4962  4962 D SubscriptionController: [getSubId]- numSubIds == 0, return DummySubIds slotIdx=1
09-26 15:53:15.610  4962  4962 D GsmCdmaPhone: [GsmCdmaPhone] updateCurrentCarrierInProvider: mSubId = -3 currentDds = -1 operatorNumeric = null
09-26 15:53:15.611  4962  4962 D SubscriptionController: [broadcastDefaultDataSubIdChanged] subId=1
09-26 15:53:15.614  4962  4962 D SubscriptionController: [setDefaultVoiceSubId] subId=1
09-26 15:53:15.615  4962  4962 D SubscriptionController: [broadcastDefaultVoiceSubIdChanged] subId=1
09-26 15:53:15.617  4962  4962 D SubscriptionController: [setDefaultSmsSubId] subId=1
09-26 15:53:15.618  4962  4962 D SubscriptionController: [broadcastDefaultSmsSubIdChanged] subId=1
09-26 15:53:15.620  4962  4962 D SubscriptionController: notifySubscriptionInfoChanged:
09-26 15:53:15.621  4962  5367 D SubscriptionMonitor: Phone[0] subId changed -2->1, 1 registrants
09-26 15:53:15.622  4962  5367 D SubscriptionController: [getSubId]- numSubIds == 0, return DummySubIds slotIdx=1
09-26 15:53:15.627  4962  4962 D SubscriptionInfoUpdater: updateSubscriptionInfoByIccId:- SsubscriptionInfo update complete
09-26 15:53:15.634  4962  4962 D SubscriptionController: [setMccMnc]+ mcc/mnc:722/34 subId:1
09-26 15:53:15.664  4962  4962 D SubscriptionController: notifySubscriptionInfoChanged:
09-26 15:53:15.664  4962  4984 D SubscriptionController: [getSubId]- numSubIds == 0, return DummySubIds slotIdx=1
09-26 15:53:15.676  4962  5362 D SubscriptionController: [getSubId]- numSubIds == 0, return DummySubIds slotIdx=1
09-26 15:53:15.690  4962  4962 D SubscriptionController: [getActiveSubscriptionInfo]+ subId=1 subInfo={id=1, iccId=89543420816751226808 simSlotIndex=0 displayName=Personal carrierName= nameSource=0 iconTint=-16746133 dataRoaming=0 iconBitmap=android.graphics.Bitmap@ad9e8a5 mcc 722 mnc 34 userNwMode=9}
09-26 15:53:15.691  4962  4962 D SubscriptionInfoUpdater: sim name = Personal
09-26 15:53:15.691  4962  4962 D SubscriptionController: [setDisplayName]+  displayName:Personal subId:1 nameSource:-1
09-26 15:53:15.695  4962  4962 D SubscriptionController: validateSubId subId: 1
09-26 15:53:15.695  4962  4962 D SubscriptionController: [setDisplayName]- mDisplayName:Personal set
09-26 15:53:15.706  4962  4984 D SubscriptionController: [getSubId]- numSubIds == 0, return DummySubIds slotIdx=1
09-26 15:53:15.708  4962  4962 D SubscriptionController: notifySubscriptionInfoChanged:
09-26 15:53:15.708  4962  5362 D SubscriptionController: [getSubId]- numSubIds == 0, return DummySubIds slotIdx=1
09-26 15:53:15.713  4962  4962 D SubscriptionInfoUpdater: Settings Exception reading value at subid for Settings.Global.PREFERRED_NETWORK_MODE
09-26 15:53:15.730  4962  5362 D DCT     : [0]getDataEnabled during provisioning retVal=true - (true, 1)
09-26 15:53:15.734  4962  4962 D SubscriptionController: [getActiveSubscriptionInfo]+ subId=1 subInfo={id=1, iccId=89543420816751226808 simSlotIndex=0 displayName=Personal carrierName= nameSource=0 iconTint=-16746133 dataRoaming=0 iconBitmap=android.graphics.Bitmap@c856d34 mcc 722 mnc 34 userNwMode=9}
09-26 15:53:15.734  4962  4962 D Phone   : setPreferredNetworkType: networkType = 9 modemRaf = 118280 rafFromType = 642574 filteredType = 9
09-26 15:53:15.734  4962  4962 D RILJ    : [3770]> REQUEST_SET_PREFERRED_NETWORK_TYPE : 9 [SUB0]
09-26 15:53:15.737  3592  3594 E RILD    : IsRegisteredNetworkType(): netType[1]  feature[00] state[0] 
09-26 15:53:15.737  3592  3599 E RILD    : DoRouteIn - FW reqId : 73
09-26 15:53:15.737  3592  3599 E RILD    : DoRouteOut - FW reqId : 73
09-26 15:53:15.737  3592  3599 E RILD    : Onprocessing: request id(73), handleEvent(114)
09-26 15:53:15.738  3592  3598 E RILD    : GLNET-MGR(3): evt(114)
09-26 15:53:15.738  4962  4962 D RILJ    : [3771]> QUERY_NETWORK_SELECTION_MODE [SUB0]
09-26 15:53:15.738  3592  3598 E RILD    : DoSetPreferredNetworkType(): PreferredNetType = 9
09-26 15:53:15.738  3592  3598 E RILD    : ReqSetPreferredNetworkType: IMS MODEM is not initialized.
09-26 15:53:15.738  3592  3598 E RILD    : IpcProtocol41::IpcTxNetSetPreferredNetType()
09-26 15:53:15.738  3592  3598 E RILD    : [G] TX: (M)NET_CMD (S)NET_MODE_SEL (T)SET l:8 m:63 a:00 [ 0B ]
09-26 15:53:15.739  3592  3594 E RILD    : IsRegisteredNetworkType(): netType[1]  feature[00] state[0] 
09-26 15:53:15.739  3592  3599 E RILD    : DoRouteIn - FW reqId : 45
09-26 15:53:15.739  3592  3599 E RILD    : Onprocessing: request id(73), handleEvent(114)
09-26 15:53:15.740  3592  3607 E RILD    : [G] RX: (M)GEN_CMD (S)GEN_PHONE_RES (T)RESP l:c m:a1 a:63 [ 08 0A 03 00 80 ]
09-26 15:53:15.741  3592  3607 E RILD    : IpcProtocol41 GR: 0x8000
09-26 15:53:15.741  3592  3607 E RILD    : IpcProtocol GR: 0x8000
09-26 15:53:15.741  3592  3598 E RILD    : GLNET-MGR(3): evt(115)
09-26 15:53:15.741  3592  3598 E RILD    : GLNET-MGR: EVENT_SET_PREFERRED_NETWORK_TYPE_DONE
09-26 15:53:15.741  3592  3598 E RILD    : RequestComplete - req : 73, peek : 73
09-26 15:53:15.741  3592  3598 E RILD    : LEDC-MGR(9): evt(10000)
09-26 15:53:15.741  3592  3599 E RILD    : DoRouteOut - FW reqId : 45
09-26 15:53:15.741  3592  3599 E RILD    : Onprocessing: request id(45), handleEvent(118)
09-26 15:53:15.741  3592  3598 E RILD    : GLNET-MGR(3): evt(118)
09-26 15:53:15.741  3592  3598 E RILD    : DoGetNetSelectionMode():
09-26 15:53:15.741  3592  3598 E RILD    : IpcProtocol41::IpcTxNetGetNetSelectionMode()
09-26 15:53:15.741  3592  3598 E RILD    : [G] TX: (M)NET_CMD (S)NET_PLMN_SEL (T)GET l:7 m:64 a:00 [ ]
09-26 15:53:15.742  4962  4962 D SubscriptionInfoUpdater: Broadcasting intent ACTION_SIM_STATE_CHANGED LOADED reason null for mCardIndex: 0
09-26 15:53:15.742  4962  5305 D RILJ    : [3770]< REQUEST_SET_PREFERRED_NETWORK_TYPE  [SUB0]
09-26 15:53:15.744  3592  3607 E RILD    : [G] RX: (M)NET_CMD (S)NET_PLMN_SEL (T)RESP l:8 m:a2 a:64 [ 02 ]
09-26 15:53:15.745  3592  3598 E RILD    : GLNET-MGR(3): evt(119)
09-26 15:53:15.745  3592  3598 E RILD    : NET-MGR: EVENT_GET_NETWORK_SELECTION_MODE_DONE
09-26 15:53:15.745  3592  3598 E RILD    : RequestComplete - req : 45, peek : 45
09-26 15:53:15.745  4962  5305 D RILJ    : [3771]< QUERY_NETWORK_SELECTION_MODE {0} [SUB0]
09-26 15:53:15.747  4962  5367 D DCT     : [0]getDataEnabled during provisioning retVal=true - (true, 1)
09-26 15:53:15.752  4962  5362 D SubscriptionController: [getSubId]- numSubIds == 0, return DummySubIds slotIdx=1
09-26 15:53:15.756  4962  4984 D DCT     : [0]getDataEnabled during provisioning retVal=true - (true, 1)
09-26 15:53:15.759  4962  5368 D DCT     : [0]getDataEnabled during provisioning retVal=true - (true, 1)
09-26 15:53:15.783  3592  3607 E RILD    : [G] RX: (M)DISP_CMD (S)DISP_RSSI_INFO (T)NOTI l:13 m:a3 a:00 [ 5B 0B 63 63 00 FF FF FF FF 04 10 FF ]
09-26 15:53:15.783  3592  3607 E RILD    : ConvertDbmToAsu(): dbm=91, asu=11
09-26 15:53:15.783  3592  3607 E RILD    : IpcRxDispRssiInfo(): signalbar=-1, signal=11
09-26 15:53:15.783  3592  3607 E RILD    : Signal Strength: [ffffffff, 11, 99, 11, 200, 11, 200, -1, 99, 2147483647, 255, 2147483647, 2147483647, 2147483647]
09-26 15:53:15.784  3592  3598 E RILD    : GLNET-MGR(3): evt(201)
09-26 15:53:15.784  3592  3598 E RILD    : NET-MGR: EVENT_NETWORK_SIGNAL_STRENGTH
09-26 15:53:15.784  3592  3598 E RILD    : OnNetworkSignalStrength() - mSignalBar: 2
09-26 15:53:15.784  3592  3598 E RILD    : IsRegisteredNetworkType(): netType[1]  feature[00] state[0] 
09-26 15:53:15.784  3592  3598 E RILD    : OnUnsolicitedResponse: unsolId: 1009
09-26 15:53:15.784  3592  3607 E RILD    : [G] RX: (M)DISP_CMD (S)DISP_ICON_INFO (T)NOTI l:11 m:a4 a:00 [ 01 03 00 00 00 00 FF FF FF FF ]
09-26 15:53:15.784  3592  3607 E RILD    : IpcProtocol41::IpcRxDispIconInfo(): modemType=4
09-26 15:53:15.784  3592  3607 E RILD    : Signal Strength: [3, 8, 99, 8, 200, 8, 200, -1, 0, 2147483647, 255, 2147483647, 2147483647, 2147483647]
09-26 15:53:15.784  3592  3598 E RILD    : GLNET-MGR(3): evt(201)
09-26 15:53:15.784  3592  3598 E RILD    : NET-MGR: EVENT_NETWORK_SIGNAL_STRENGTH
09-26 15:53:15.784  3592  3598 E RILD    : OnNetworkSignalStrength() - mSignalBar: 3
09-26 15:53:15.784  3592  3598 E RILD    : IsRegisteredNetworkType(): netType[1]  feature[00] state[0] 
09-26 15:53:15.784  3592  3598 E RILD    : OnUnsolicitedResponse: unsolId: 1009
09-26 15:53:15.796  4962  4962 D SubscriptionController: [getActiveSubscriptionInfo]+ subId=1 subInfo={id=1, iccId=89543420816751226808 simSlotIndex=0 displayName=Personal carrierName= nameSource=0 iconTint=-16746133 dataRoaming=0 iconBitmap=android.graphics.Bitmap@cb3001e mcc 722 mnc 34 userNwMode=9}
09-26 15:53:15.835  4962  4962 D SubscriptionController: [getActiveSubscriptionInfo]+ subId=1 subInfo={id=1, iccId=89543420816751226808 simSlotIndex=0 displayName=Personal carrierName= nameSource=0 iconTint=-16746133 dataRoaming=0 iconBitmap=android.graphics.Bitmap@44f4515 mcc 722 mnc 34 userNwMode=9}
09-26 15:53:15.857  4962  4962 D SubscriptionController: [getSubId]- numSubIds == 0, return DummySubIds slotIdx=1
09-26 15:53:15.906  4962  4962 D SubscriptionController: [setDefaultVoiceSubId] subId=1
09-26 15:53:15.907  4962  4962 D SubscriptionController: [broadcastDefaultVoiceSubIdChanged] subId=1
09-26 15:53:15.917  4962  4962 D DCT     : [0]onRecordsLoadedOrSubIdChanged: createAllApnList
09-26 15:53:15.918  4962  4962 D DCT     : [0]createAllApnList: selection=numeric = '72234'
09-26 15:53:15.918  4962  4985 D SST     : SST.getAllCellInfo(): return last, back to back calls
09-26 15:53:15.919  4962  4985 D RILJ    : [3772]> RIL_REQUEST_GET_CELL_INFO_LIST [SUB1]
09-26 15:53:15.920  3600  3601 E RILD2   : IsRegisteredNetworkType(): netType[1]  feature[00] state[0] 
09-26 15:53:15.920  3600  3606 E RILD2   : DoRouteIn - FW reqId : 109
09-26 15:53:15.920  3600  3606 E RILD2   : DoRouteOut - FW reqId : 109
09-26 15:53:15.920  3600  3606 E RILD2   : Onprocessing: request id(109), handleEvent(159)
09-26 15:53:15.920  3600  3605 E RILD2   : GLNET-MGR(3): evt(159)
09-26 15:53:15.920  3600  3605 E RILD2   : NET_MGR: EVENT_GET_CELL_INFO_LIST
09-26 15:53:15.921  3600  3605 E RILD2   : DoGetCellInfoList():
09-26 15:53:15.921  3600  3605 E RILD2   : IpcModem::GetCellInfoList
09-26 15:53:15.921  3600  3605 E RILD2   : IpcProtocol41::IpcTxNetCellInfoList()
09-26 15:53:15.921  3600  3605 E RILD2   : [G] TX: (M)NET_CMD (S)NET_CELL_INFO (T)GET l:7 m:13 a:00 [ ]
09-26 15:53:15.924  3600  3608 E RILD2   : [G] RX: (M)NET_CMD (S)NET_CELL_INFO (T)RESP l:b m:1f a:13 [ 00 00 00 00 ]
09-26 15:53:15.925  3600  3608 E RILD2   : IpcRxNetCellInfoList(): Size error 0
09-26 15:53:15.925  3600  3605 E RILD2   : GLNET-MGR(3): evt(160)
09-26 15:53:15.925  3600  3605 E RILD2   : NET_MGR: EVENT_GET_CELL_INFO_LIST_DONE
09-26 15:53:15.925  3600  3605 E RILD2   : RequestComplete - req : 109, peek : 109
09-26 15:53:15.925  4962  5307 D RILJ    : [3772]< RIL_REQUEST_GET_CELL_INFO_LIST [] [SUB1]
09-26 15:53:15.927  4962  4962 D DCT     : [0]createApnList: X result=[[ApnSettingV3] Personal WAP, 3352, 72234, gprs.personal.com, , , , , , -1, default | supl, IP, IP, true, 0, 0, 0, false, 0, 0, 0, 0, , , false, [ApnSettingV3] Personal MMS, 3353, 72234, mms, , http://mms.personal.com, 172.25.7.31, 8080, , -1, mms, IP, IP, true, 0, 0, 0, false, 0, 0, 0, 0, , , false, [ApnSettingV3] Personal, 3354, 72234, datos.personal.com, , , , , , -1, default | supl, IP, IP, true, 0, 0, 0, false, 0, 0, 0, 0, , , false, [ApnSettingV3] Personal MMS, 3355, 72234, mms, , http://mms.personal.com/, 172.25.7.31, 9201, , -1, mms, IP, IP, true, 0, 0, 0, false, 0, 0, 0, 0, , , false, [ApnSettingV3] Personal MMS, 3356, 72234, mms, , http://mms.personal.com/, 172.25.7.31, 9201, , -1, mms, IP, IP, true, 0, 0, 0, false, 0, 0, 0, 0, , , false]
09-26 15:53:15.945  4962  4962 D DCT     : [0]getPreferredApn: mRequestedApnType=default cursor=android.content.ContentResolver$CursorWrapperInner@bf88b64 cursor.count=0
09-26 15:53:15.946  4962  4962 D DCT     : [0]getPreferredApn: X not found
09-26 15:53:15.946  4962  4962 D DCT     : [0]createAllApnList: mPreferredApn=null
09-26 15:53:15.946  4962  4962 D DCT     : [0]createAllApnList: X mAllApnSettings=[[ApnSettingV3] Personal WAP, 3352, 72234, gprs.personal.com, , , , , , -1, default | supl, IP, IP, true, 0, 0, 0, false, 0, 0, 0, 0, , , false, [ApnSettingV3] Personal MMS, 3353, 72234, mms, , http://mms.personal.com, 172.25.7.31, 8080, , -1, mms, IP, IP, true, 0, 0, 0, false, 0, 0, 0, 0, , , false, [ApnSettingV3] Personal, 3354, 72234, datos.personal.com, , , , , , -1, default | supl, IP, IP, true, 0, 0, 0, false, 0, 0, 0, 0, , , false, [ApnSettingV3] Personal MMS, 3355, 72234, mms, , http://mms.personal.com/, 172.25.7.31, 9201, , -1, mms, IP, IP, true, 0, 0, 0, false, 0, 0, 0, 0, , , false, [ApnSettingV3] Personal MMS, 3356, 72234, mms, , http://mms.personal.com/, 172.25.7.31, 9201, , -1, mms, IP, IP, true, 0, 0, 0, false, 0, 0, 0, 0, , , false]
09-26 15:53:15.946  4962  4962 D DCT     : [0]setDataProfilesAsNeeded mSetDataProfileStatus: 0
