09-26 15:53:14.389  3592  3607 E RILD    : [G] RX: (M)SEC_CMD (S)SEC_RSIM_ACCESS (T)RESP l:2b m:74 a:3a [ 90 00 21 62 1F 82 02 41 21 83 02 6F 38 A5 06 80 01 71 92 01 00 8A 01 05 8B 03 6F 06 02 80 02 00 07 88 01 20 ]
09-26 15:53:14.389  3592  3598 E RILD    : SIM-MGR(2): evt(201)
09-26 15:53:14.389  3592  3598 E RILD    : SetServiceTableInfo: SstLoaded
09-26 15:53:14.389  3592  3598 E RILD    : RequestComplete - req : 28, peek : 28
09-26 15:53:14.389  3592  3599 E RILD    : DoRouteOut - FW reqId : 28
09-26 15:53:14.390  3592  3599 E RILD    : Onprocessing: request id(28), handleEvent(101)
09-26 15:53:14.390  3592  3598 E RILD    : SIM-MGR(2): evt(101)
09-26 15:53:14.390  4962  5305 D RILJ    : [3725]< SIM_IO IccIoResult sw1:0x90 sw2:0x0 [SUB0]
09-26 15:53:14.390  3592  3598 E RILD    : [G] TX: (M)SEC_CMD (S)SEC_RSIM_ACCESS (T)GET l:2c m:3b a:00 [ C0 00 10 A0 00 00 00 87 10 02 FF 47 F0 01 89 00 00 01 FF 16 6F 02 00 3F FF 7F 00 00 00 00 00 00 00 00 00 00 00 ]
09-26 15:53:14.390  4962  4962 D RILJ    : [3746]> iccIO: SIM_IO 0xb0 0x6fad  path: 3F007FFF,0,0,4 aid: A0000000871002FF47F00189000001FF [SUB0]
09-26 15:53:14.391  4962  4962 D DCT     : [0]setupDataOnConnectableApns: nwTypeChanged hipri:[state=IDLE,enabled=false] mms:[state=IDLE,enabled=false] supl:[state=IDLE,enabled=false] cbs:[state=IDLE,enabled=false] dun:[state=IDLE,enabled=false] fota:[state=IDLE,enabled=false] ims:[state=IDLE,enabled=false] default:[state=IDLE,enabled=false] ia:[state=IDLE,enabled=false] emergency:[state=IDLE,enabled=false] 
09-26 15:53:14.392  3592  3594 E RILD    : IsRegisteredNetworkType(): netType[1]  feature[00] state[0] 
09-26 15:53:14.392  3592  3599 E RILD    : DoRouteIn - FW reqId : 28
09-26 15:53:14.392  3592  3599 E RILD    : Onprocessing: request id(28), handleEvent(101)
09-26 15:53:14.392  4962  4962 D RILJ    : [3747]> iccIO: SIM_IO 0xb2 0x6fca  path: 3F007FFF,1,4,5 aid: A0000000871002FF47F00189000001FF [SUB0]
09-26 15:53:14.393  4962  4962 D SST     : handlPollStateResultMessage: GsmSST setDataRegState=1 regState=0 dataRadioTechnology=0
09-26 15:53:14.393  4962  4962 D SubscriptionInfoUpdater: Wait for SIM1 IccId
09-26 15:53:14.393  3592  3594 E RILD    : IsRegisteredNetworkType(): netType[1]  feature[00] state[0] 
09-26 15:53:14.393  3592  3599 E RILD    : DoRouteIn - FW reqId : 28
09-26 15:53:14.393  3592  3599 E RILD    : Onprocessing: request id(28), handleEvent(101)
09-26 15:53:14.394  4962  4962 D IccCardProxy: broadcastIccStateChangedIntent intent ACTION_SIM_STATE_CHANGED value=IMSI reason=null for mPhoneId=0
09-26 15:53:14.396  4962  4962 D UiccCard: Error in SIM access with exceptioncom.android.internal.telephony.CommandException: REQUEST_NOT_SUPPORTED
09-26 15:53:14.397  4962  4962 D SST     : EVENT_POLL_STATE_NETWORK_SELECTION_MODE
09-26 15:53:14.398  4962  5367 D SubscriptionController: [getActiveSubInfoList] Sub Controller not ready
09-26 15:53:14.398  3592  3607 E RILD    : [G] RX: (M)SEC_CMD (S)SEC_RSIM_ACCESS (T)RESP l:a m:75 a:3b [ 6A 82 00 ]
09-26 15:53:14.399  3592  3598 E RILD    : SIM-MGR(2): evt(201)
09-26 15:53:14.399  3592  3598 E RILD    : RequestComplete - req : 28, peek : 28
09-26 15:53:14.399  3592  3599 E RILD    : DoRouteOut - FW reqId : 28
09-26 15:53:14.399  3592  3599 E RILD    : Onprocessing: request id(28), handleEvent(101)
09-26 15:53:14.399  3592  3598 E RILD    : SIM-MGR(2): evt(101)
09-26 15:53:14.399  4962  5305 D RILJ    : [3726]< SIM_IO IccIoResult sw1:0x6a sw2:0x82 Error: File not found [SUB0]
09-26 15:53:14.400  3592  3598 E RILD    : [G] TX: (M)SEC_CMD (S)SEC_RSIM_ACCESS (T)GET l:2c m:3c a:00 [ C0 00 10 A0 00 00 00 87 10 02 FF 47 F0 01 89 00 00 01 FF 15 6F 02 00 3F FF 7F 00 00 00 00 00 00 00 00 00 00 00 ]
09-26 15:53:14.401  4962  4962 D SST     : Poll ServiceState done:  oldSS=[1 1 voice home data home null null null null null null  LTE Unknown CSS not supported -1 -1 RoamInd=-1 DefRoamInd=-1 EmergOnly=false IsDataRoamingFromRegistration=false IsUsingCarrierAggregation=false] newSS=[1 1 voice home data home null null null null null null  LTE Unknown CSS not supported -1 -1 RoamInd=-1 DefRoamInd=-1 EmergOnly=false IsDataRoamingFromRegistration=false IsUsingCarrierAggregation=false] oldMaxDataCalls=4 mNewMaxDataCalls=4 oldReasonDataDenied=-1 mNewReasonDataDenied=-1
09-26 15:53:14.403  4962  4962 D RILJ    : [3748]> iccIO: SIM_IO 0xb2 0x6fcb  path: 3F007FFF,1,4,16 aid: A0000000871002FF47F00189000001FF [SUB0]
09-26 15:53:14.404  4962  4962 D CAT     : CatService: handleMessage[10]
09-26 15:53:14.404  4962  4962 D CAT     : CatService: SET_UP_MENU
09-26 15:53:14.405  3592  3594 E RILD    : IsRegisteredNetworkType(): netType[1]  feature[00] state[0] 
09-26 15:53:14.405  3592  3599 E RILD    : DoRouteIn - FW reqId : 28
09-26 15:53:14.405  3592  3599 E RILD    : Onprocessing: request id(28), handleEvent(101)
09-26 15:53:14.406  4962  4962 D CAT     : CatService: encodeOptionalTags() Unsupported Cmd details=CmdDetails: compRequired=true commandNumber=1 typeOfCommand=37 commandQualifier=0
09-26 15:53:14.407  4962  4962 D RILJ    : [3749]> REQUEST_STK_SEND_TERMINAL_RESPONSE [SUB0]
09-26 15:53:14.407  4962  4962 D CAT     : CatService: Sending CmdMsg: com.android.internal.telephony.cat.CatCmdMessage@8a7067d on slotid:0
09-26 15:53:14.408  3592  3607 E RILD    : [G] RX: (M)SEC_CMD (S)SEC_RSIM_ACCESS (T)RESP l:a m:76 a:3c [ 6A 82 00 ]
09-26 15:53:14.408  3592  3598 E RILD    : SIM-MGR(2): evt(201)
09-26 15:53:14.408  3592  3598 E RILD    : RequestComplete - req : 28, peek : 28
09-26 15:53:14.408  3592  3599 E RILD    : DoRouteOut - FW reqId : 28
09-26 15:53:14.409  3592  3599 E RILD    : Onprocessing: request id(28), handleEvent(101)
09-26 15:53:14.409  3592  3598 E RILD    : SIM-MGR(2): evt(101)
09-26 15:53:14.409  3592  3598 E RILD    : [G] TX: (M)SEC_CMD (S)SEC_RSIM_ACCESS (T)GET l:2c m:3d a:00 [ C0 00 10 A0 00 00 00 87 10 02 FF 47 F0 01 89 00 00 01 FF 3E 6F 02 00 3F FF 7F 00 00 00 00 00 00 00 00 00 00 00 ]
09-26 15:53:14.409  4962  5305 D RILJ    : [3727]< SIM_IO IccIoResult sw1:0x6a sw2:0x82 Error: File not found [SUB0]
09-26 15:53:14.409  3592  3594 E RILD    : IsRegisteredNetworkType(): netType[1]  feature[00] state[0] 
09-26 15:53:14.409  3592  3599 E RILD    : DoRouteIn - FW reqId : 70
09-26 15:53:14.410  3592  3599 E RILD    : Onprocessing: request id(28), handleEvent(101)
09-26 15:53:14.410  3592  3599 E RILD    : DoRouteOut - FW reqId : 70
09-26 15:53:14.410  4962  4962 D RILJ    : [3750]> iccIO: SIM_IO 0xb0 0x6f46  path: 3F007FFF,0,0,17 aid: A0000000871002FF47F00189000001FF [SUB0]
09-26 15:53:14.410  3592  3599 E RILD    : Onprocessing: request id(70), handleEvent(106)
09-26 15:53:14.411  3592  3598 E RILD    : STK-MGR(7): evt(106)
09-26 15:53:14.411  3592  3598 E RILD    : IpcProtocol41::IpcTxGetProactiveCmd()
09-26 15:53:14.411  3592  3598 E RILD    : [G] TX: (M)SAT_CMD (S)SAT_PROACTIVE_CMD (T)GET l:208 m:3e a:00 [ 0C 81 03 01 25 00 02 02 82 81 83 01 00 00 00 00 00 00 00 00 00 00 00 00 00 00 00 00 00 00 00 00 00 00 00 00 00 00 00 00 00 00 00 00 00 00 00 00 00 00 00 00 00 00 00 00 00 00 00 00 00 00 00 00 00 00 00 00 00 00 00 00 00 00 00 00 00 00 00 00 00 00 00 00 00 00 00 00 00 00 00 00 00 00 00 00 00 00 00 00 00 00 00 00 00 00 00 00 00 00 00 00 00 00 00 00 00 00 00 00 00 00 00 00 00 00 00 00 00 00 00 00 00 00 00 00 00 00 00 00 00 00 00 00 00 00 00 00 00 00 00 00 00 00 00 00 00 00 00 00 00 00 00 00 00 00 00 00 00 00 00 00 00 00 00 00 00 00 00 00 00 00 00 00 00 00 00 00 00 00 00 00 00 00 00 00 00 00 00 00 00 00 00 00 00 00 00 00 00 00 00 00 00 00 00 00 00 00 00 00 00 00 00 00 00 00 00 00 00 00 00 00 00 00 00 00 00 00 00 00 00 00 00 00 00 00 00 00 00 00 00 00 00 00 00 00 00 00 00 00 00 00 00 00 00 00 00 00 00 00 00 00 00 00 00 00 00 00 00 00 00 00 00 00 00 00 00 00 00 00 00 00 00 00 00 00 00 00 00 00 00 00 00 00 00 00 00 00 00 00 00 00 00 00 00 00 00 ]
09-26 15:53:14.411  4962  4962 D RILJ    : [3751]> iccIO: SIM_IO 0xb0 0x6fcd  path: 3F007FFF,0,0,64 aid: A0000000871002FF47F00189000001FF [SUB0]
09-26 15:53:14.411  3592  3594 E RILD    : IsRegisteredNetworkType(): netType[1]  feature[00] state[0] 
09-26 15:53:14.411  3592  3599 E RILD    : DoRouteIn - FW reqId : 28
09-26 15:53:14.412  3592  3599 E RILD    : Onprocessing: request id(28), handleEvent(101)
09-26 15:53:14.412  3592  3599 E RILD    : Onprocessing: request id(70), handleEvent(106)
09-26 15:53:14.413  4962  4962 D RILJ    : [3752]> iccIO: SIM_IO 0xb2 0x6fc5  path: 3F007FFF,1,4,34 aid: A0000000871002FF47F00189000001FF [SUB0]
09-26 15:53:14.413  3592  3594 E RILD    : IsRegisteredNetworkType(): netType[1]  feature[00] state[0] 
09-26 15:53:14.413  3592  3599 E RILD    : DoRouteIn - FW reqId : 28
09-26 15:53:14.413  3592  3599 E RILD    : Onprocessing: request id(28), handleEvent(101)
09-26 15:53:14.413  3592  3599 E RILD    : Onprocessing: request id(70), handleEvent(106)
09-26 15:53:14.414  3592  3594 E RILD    : IsRegisteredNetworkType(): netType[1]  feature[00] state[0] 
09-26 15:53:14.414  3592  3599 E RILD    : DoRouteIn - FW reqId : 28
09-26 15:53:14.414  3592  3599 E RILD    : Onprocessing: request id(28), handleEvent(101)
09-26 15:53:14.414  3592  3599 E RILD    : Onprocessing: request id(70), handleEvent(106)
09-26 15:53:14.422  3592  3607 E RILD    : [G] RX: (M)SEC_CMD (S)SEC_RSIM_ACCESS (T)RESP l:30 m:77 a:3d [ 90 00 26 62 24 82 02 41 21 83 02 6F 3E A5 0C 80 01 71 92 01 00 91 04 7F 20 6F 3E 8A 01 05 8B 03 6F 06 02 80 02 00 04 88 00 ]
09-26 15:53:14.422  3592  3598 E RILD    : SIM-MGR(2): evt(201)
09-26 15:53:14.422  3592  3598 E RILD    : RequestComplete - req : 28, peek : 28
09-26 15:53:14.422  3592  3599 E RILD    : DoRouteOut - FW reqId : 28
09-26 15:53:14.423  3592  3599 E RILD    : Onprocessing: request id(28), handleEvent(101)
09-26 15:53:14.423  3592  3598 E RILD    : SIM-MGR(2): evt(101)
09-26 15:53:14.423  4962  5305 D RILJ    : [3728]< SIM_IO IccIoResult sw1:0x90 sw2:0x0 [SUB0]
09-26 15:53:14.423  3592  3599 E RILD    : Onprocessing: request id(70), handleEvent(106)
09-26 15:53:14.423  3592  3598 E RILD    : [G] TX: (M)SEC_CMD (S)SEC_RSIM_ACCESS (T)GET l:2c m:3f a:00 [ C0 00 10 A0 00 00 00 87 10 02 FF 47 F0 01 89 00 00 01 FF 3F 6F 02 00 3F FF 7F 00 00 00 00 00 00 00 00 00 00 00 ]
09-26 15:53:14.430  4962  4962 D RILJ    : [3753]> iccIO: SIM_IO 0xb0 0x6f38  path: 3F007FFF,0,0,7 aid: A0000000871002FF47F00189000001FF [SUB0]
09-26 15:53:14.431  3592  3594 E RILD    : IsRegisteredNetworkType(): netType[1]  feature[00] state[0] 
09-26 15:53:14.431  3592  3599 E RILD    : DoRouteIn - FW reqId : 28
09-26 15:53:14.432  3592  3599 E RILD    : Onprocessing: request id(28), handleEvent(101)
09-26 15:53:14.432  3592  3599 E RILD    : Onprocessing: request id(70), handleEvent(106)
09-26 15:53:14.434  3592  3607 E RILD    : [G] RX: (M)SAT_CMD (S)SAT_PROACTIVE_CMD (T)RESP l:9 m:78 a:3e [ 90 00 ]
09-26 15:53:14.434  3592  3607 E RILD    : IpcProtocol41::IpcRxSatProactiveCmd()
09-26 15:53:14.434  3592  3607 E RILD    : [G] RX: (M)SAT_CMD (S)SAT_PROACTIVE_CMD (T)INDI l:18 m:79 a:ff [ 0F 00 D0 0D 81 03 01 05 00 82 02 81 82 99 02 09 0A ]
09-26 15:53:14.434  3592  3607 E RILD    : IpcProtocol41::IpcRxSatProactiveCmd()
09-26 15:53:14.434  3592  3598 E RILD    : STK-MGR(7): evt(203)
09-26 15:53:14.434  3592  3598 E RILD    : OnUnsolicitedResponse: unsolId: 1012
09-26 15:53:14.435  3592  3598 E RILD    : STK-MGR(7): evt(107)
09-26 15:53:14.435  3592  3598 E RILD    : RequestComplete - req : 70, peek : 70
09-26 15:53:14.435  3592  3598 E RILD    : STK-MGR(7): evt(200)
09-26 15:53:14.435  3592  3599 E RILD    : Onprocessing: request id(28), handleEvent(101)
09-26 15:53:14.435  4962  4962 D SubscriptionInfoUpdater: [Receiver]+
09-26 15:53:14.435  4962  4962 D SubscriptionInfoUpdater: Action: android.intent.action.SIM_STATE_CHANGED
09-26 15:53:14.435  3592  3599 E RILD    : Onprocessing: request id(28), handleEvent(101)
09-26 15:53:14.435  4962  5305 D RILJ    : [UNSL]< UNSOL_STK_SESSION_END [SUB0]
09-26 15:53:14.435  4962  4962 D SubscriptionInfoUpdater: slotId: 0
09-26 15:53:14.435  4962  4962 D SubscriptionInfoUpdater: simStatus: IMSI
09-26 15:53:14.435  4962  4962 D SubscriptionInfoUpdater: Ignoring simStatus: IMSI
09-26 15:53:14.435  4962  4962 D SubscriptionInfoUpdater: [Receiver]-
09-26 15:53:14.435  3592  3598 E RILD    : STK-MGR(7): evt(108)
09-26 15:53:14.435  4962  4962 D UiccPkcs15: handleMessage: 201
09-26 15:53:14.435  3592  3598 E RILD    : IpcProtocol41::IpcTxGetSetupEventList()
09-26 15:53:14.435  4962  4962 D UiccPkcs15: error: com.android.internal.telephony.CommandException: REQUEST_NOT_SUPPORTED
09-26 15:53:14.435  3592  3598 E RILD    : [G] TX: (M)SAT_CMD (S)SAT_SETUP_EVENT_LIST (T)GET l:19 m:40 a:00 [ 02 09 0A 00 00 00 00 00 00 00 00 00 00 00 00 00 00 00 ]
09-26 15:53:14.435  4962  4962 D SIMRecords: [SIMRecords] EF_CPHS_MWI: null
09-26 15:53:14.435  3592  3599 E RILD    : Onprocessing: request id(1003), handleEvent(108)
09-26 15:53:14.435  4962  5305 D RILJ    : [3749]< REQUEST_STK_SEND_TERMINAL_RESPONSE  [SUB0]
09-26 15:53:14.435  4962  4962 D SIMRecords: [SIMRecords] EVENT_GET_VOICE_MAIL_INDICATOR_CPHS_DONE exception = com.android.internal.telephony.uicc.IccException: sw1:106 sw2:130
09-26 15:53:14.435  4962  4962 D SIMRecords: [SIMRecords] onRecordLoaded 18 requested: true
09-26 15:53:14.436  4962  4962 D SIMRecords: [SIMRecords] onRecordLoaded 17 requested: true
09-26 15:53:14.436  4962  4962 D RILJ    : [3754]> iccIO: SIM_IO 0xb0 0x6f3e  path: 3F007FFF,0,0,4 aid: A0000000871002FF47F00189000001FF [SUB0]
09-26 15:53:14.437  4962  4962 D CAT     : CatService: handleMessage[1]
09-26 15:53:14.437  4962  4962 D CAT     : CatService: ril message arrived,slotid:0
09-26 15:53:14.438  4962  4962 D UiccPkcs15: handleMessage: 1
09-26 15:53:14.438  4962  4962 D UiccPkcs15: select pkcs15 failed: com.android.internal.telephony.CommandException: REQUEST_NOT_SUPPORTED
09-26 15:53:14.438  4962  4962 D SIMRecords: [SIMRecords] onRecordLoaded 16 requested: true
09-26 15:53:14.438  4962  4962 E SIMRecords: [SIMRecords] Exception in fetching EF_CSP data com.android.internal.telephony.uicc.IccException: sw1:106 sw2:130
09-26 15:53:14.438  4962  4962 D SIMRecords: [SIMRecords] onRecordLoaded 15 requested: true
09-26 15:53:14.438  4962  4962 D CAT     : CatService: handleMessage[10]
09-26 15:53:14.438  4962  4962 D CAT     : CatService: SESSION END on 0
09-26 15:53:14.439  3592  3594 E RILD    : IsRegisteredNetworkType(): netType[1]  feature[00] state[0] 
09-26 15:53:14.439  3592  3607 E RILD    : [G] RX: (M)SAT_CMD (S)SAT_SETUP_EVENT_LIST (T)RESP l:8 m:7a a:40 [ 01 ]
09-26 15:53:14.439  3592  3607 E RILD    : IpcProtocol41::IpcRxSatEventList()
09-26 15:53:14.439  3592  3599 E RILD    : DoRouteIn - FW reqId : 28
09-26 15:53:14.439  3592  3598 E RILD    : STK-MGR(7): evt(109)
09-26 15:53:14.439  3592  3599 E RILD    : Onprocessing: request id(28), handleEvent(101)
09-26 15:53:14.439  3592  3598 E RILD    : OnUnsolicitedResponse: unsolId: 1013
09-26 15:53:14.439  3592  3599 E RILD    : Onprocessing: request id(1003), handleEvent(108)
09-26 15:53:14.439  3592  3598 E RILD    : RequestComplete - req : 1003, peek : 1003
09-26 15:53:14.440  4962  5305 D RILJ    : [UNSL]< UNSOL_STK_PROACTIVE_COMMAND [SUB0]
09-26 15:53:14.440  3592  3599 E RILD    : Onprocessing: request id(28), handleEvent(101)
09-26 15:53:14.442  3592  3607 E RILD    : [G] RX: (M)SEC_CMD (S)SEC_RSIM_ACCESS (T)RESP l:30 m:7b a:3f [ 90 00 26 62 24 82 02 41 21 83 02 6F 3F A5 0C 80 01 71 92 01 00 91 04 7F 20 6F 3F 8A 01 05 8B 03 6F 06 02 80 02 00 04 88 00 ]
09-26 15:53:14.442  3592  3598 E RILD    : SIM-MGR(2): evt(201)
09-26 15:53:14.442  3592  3598 E RILD    : RequestComplete - req : 28, peek : 28
09-26 15:53:14.443  3592  3599 E RILD    : DoRouteOut - FW reqId : 28
09-26 15:53:14.443  4962  5305 D RILJ    : [3729]< SIM_IO IccIoResult sw1:0x90 sw2:0x0 [SUB0]
09-26 15:53:14.443  3592  3599 E RILD    : Onprocessing: request id(28), handleEvent(101)
09-26 15:53:14.443  3592  3598 E RILD    : SIM-MGR(2): evt(101)
09-26 15:53:14.443  3592  3598 E RILD    : [G] TX: (M)SEC_CMD (S)SEC_RSIM_ACCESS (T)GET l:2c m:41 a:00 [ C0 00 10 A0 00 00 00 87 10 02 FF 47 F0 01 89 00 00 01 FF 60 6F 02 00 3F FF 7F 00 00 00 00 00 00 00 00 00 00 00 ]
09-26 15:53:14.449  4962  4962 D CAT     : StkCmdReceiver: handleAction, op: 1args: Bundle[{SLOT_ID=0, cmd message=com.android.internal.telephony.cat.CatCmdMessage@f5ef1c3, op=1}], slot id: 0
09-26 15:53:14.453  4962  4962 D CAT     : CatService: handleMessage[2]
09-26 15:53:14.453  4962  4962 D CAT     : CatService: ril message arrived,slotid:0
09-26 15:53:14.453  4962  5377 D CAT     : CommandParamsFactory: process SetUpEventList
09-26 15:53:14.455  3592  3607 E RILD    : [G] RX: (M)SEC_CMD (S)SEC_RSIM_ACCESS (T)RESP l:31 m:7c a:41 [ 90 00 27 62 25 82 02 41 21 83 02 6F 60 A5 0C 80 01 71 92 01 00 91 04 7F 20 6F 60 8A 01 05 8B 03 6F 06 04 80 02 00 50 88 01 50 ]
09-26 15:53:14.456  3592  3598 E RILD    : SIM-MGR(2): evt(201)
09-26 15:53:14.456  3592  3598 E RILD    : RequestComplete - req : 28, peek : 28
09-26 15:53:14.456  4962  4962 D CAT     : StkCmdReceiver: handleAction, op: 4args: Bundle[{SLOT_ID=0, op=4}], slot id: 0
09-26 15:53:14.456  3592  3599 E RILD    : DoRouteOut - FW reqId : 28
09-26 15:53:14.456  3592  3599 E RILD    : Onprocessing: request id(28), handleEvent(101)
09-26 15:53:14.456  3592  3598 E RILD    : SIM-MGR(2): evt(101)
09-26 15:53:14.456  4962  5305 D RILJ    : [3730]< SIM_IO IccIoResult sw1:0x90 sw2:0x0 [SUB0]
09-26 15:53:14.456  3592  3598 E RILD    : [G] TX: (M)SEC_CMD (S)SEC_RSIM_ACCESS (T)GET l:2c m:42 a:00 [ C0 00 10 A0 00 00 00 87 10 02 FF 47 F0 01 89 00 00 01 FF 61 6F 02 00 3F FF 7F 00 00 00 00 00 00 00 00 00 00 00 ]
09-26 15:53:14.457  4962  4962 D RILJ    : [3755]> iccIO: SIM_IO 0xb0 0x6f3f  path: 3F007FFF,0,0,4 aid: A0000000871002FF47F00189000001FF [SUB0]
09-26 15:53:14.458  3592  3594 E RILD    : IsRegisteredNetworkType(): netType[1]  feature[00] state[0] 
09-26 15:53:14.458  4962  4962 D CAT     : com.android.stk.StkAppService: onCreate()+
09-26 15:53:14.458  3592  3599 E RILD    : DoRouteIn - FW reqId : 28
09-26 15:53:14.458  4962  4962 D CAT     : com.android.stk.StkAppService: simCount: 2
09-26 15:53:14.458  3592  3599 E RILD    : Onprocessing: request id(28), handleEvent(101)
09-26 15:53:14.460  4962  4962 D CAT     : com.android.stk.StkAppService: slotId: 0
09-26 15:53:14.460  4962  4962 D CAT     : com.android.stk.StkAppService: slotId: 1
09-26 15:53:14.461  4962  4962 D CAT     : com.android.stk.StkAppService: onStart sim id: 0, op: 1, *****
09-26 15:53:14.461  4962  4962 D CAT     : CatService: handleMessage[10]
09-26 15:53:14.461  4962  4962 D CAT     : CatService: SET_UP_EVENT_LIST
09-26 15:53:14.461  4962  5383 D CAT     : com.android.stk.StkAppService: handleMessage opcode[1], sim id[0]
09-26 15:53:14.461  4962  5383 D CAT     : com.android.stk.StkAppService: cmdName[SET_UP_MENU]
09-26 15:53:14.462  4962  5383 D CAT     : com.android.stk.StkAppService: [OP_CMD]
09-26 15:53:14.462  4962  4962 D CAT     : CatService: Event: 0
09-26 15:53:14.462  4962  4962 D CAT     : CatService: Event: 0
09-26 15:53:14.462  4962  5383 D CAT     : com.android.stk.StkAppService: [handleCmd]SET_UP_MENU
09-26 15:53:14.462  4962  4962 D CAT     : CatService: encodeOptionalTags() Unsupported Cmd details=CmdDetails: compRequired=true commandNumber=1 typeOfCommand=5 commandQualifier=0
09-26 15:53:14.462  4962  4962 D RILJ    : [3756]> REQUEST_STK_SEND_TERMINAL_RESPONSE [SUB0]
09-26 15:53:14.462  4962  5383 D CAT     : com.android.stk.StkAppService: SET_UP_MENU [false]
09-26 15:53:14.462  4962  5383 D CAT     : com.android.stk.StkAppService: install App
09-26 15:53:14.462  4962  5383 D CAT     : StkAppInstaller: [setAppState]+
09-26 15:53:14.463  4962  4962 D CAT     : CatService: Sending CmdMsg: com.android.internal.telephony.cat.CatCmdMessage@a34e71f on slotid:0
09-26 15:53:14.463  4962  5383 D CAT     : StkAppInstaller: Change app state[true]
09-26 15:53:14.463  3592  3594 E RILD    : IsRegisteredNetworkType(): netType[1]  feature[00] state[0] 
09-26 15:53:14.463  3592  3599 E RILD    : DoRouteIn - FW reqId : 70
09-26 15:53:14.464  3592  3599 E RILD    : Onprocessing: request id(28), handleEvent(101)
09-26 15:53:14.464  3592  3599 E RILD    : DoRouteOut - FW reqId : 70
09-26 15:53:14.464  3592  3599 E RILD    : Onprocessing: request id(70), handleEvent(106)
09-26 15:53:14.464  3592  3598 E RILD    : STK-MGR(7): evt(106)
09-26 15:53:14.464  4962  4962 D RILJ    : [3757]> iccIO: SIM_IO 0xb0 0x6f60  path: 3F007FFF,0,0,80 aid: A0000000871002FF47F00189000001FF [SUB0]
09-26 15:53:14.464  3592  3598 E RILD    : IpcProtocol41::IpcTxGetProactiveCmd()
09-26 15:53:14.464  4962  5383 D CAT     : StkAppInstaller: [setAppState]-
09-26 15:53:14.464  3592  3598 E RILD    : [G] TX: (M)SAT_CMD (S)SAT_PROACTIVE_CMD (T)GET l:208 m:43 a:00 [ 0C 81 03 01 05 00 02 02 82 81 83 01 30 00 00 00 00 00 00 00 00 00 00 00 00 00 00 00 00 00 00 00 00 00 00 00 00 00 00 00 00 00 00 00 00 00 00 00 00 00 00 00 00 00 00 00 00 00 00 00 00 00 00 00 00 00 00 00 00 00 00 00 00 00 00 00 00 00 00 00 00 00 00 00 00 00 00 00 00 00 00 00 00 00 00 00 00 00 00 00 00 00 00 00 00 00 00 00 00 00 00 00 00 00 00 00 00 00 00 00 00 00 00 00 00 00 00 00 00 00 00 00 00 00 00 00 00 00 00 00 00 00 00 00 00 00 00 00 00 00 00 00 00 00 00 00 00 00 00 00 00 00 00 00 00 00 00 00 00 00 00 00 00 00 00 00 00 00 00 00 00 00 00 00 00 00 00 00 00 00 00 00 00 00 00 00 00 00 00 00 00 00 00 00 00 00 00 00 00 00 00 00 00 00 00 00 00 00 00 00 00 00 00 00 00 00 00 00 00 00 00 00 00 00 00 00 00 00 00 00 00 00 00 00 00 00 00 00 00 00 00 00 00 00 00 00 00 00 00 00 00 00 00 00 00 00 00 00 00 00 00 00 00 00 00 00 00 00 00 00 00 00 00 00 00 00 00 00 00 00 00 00 00 00 00 00 00 00 00 00 00 00 00 00 00 00 00 00 00 00 00 00 00 00 00 00 00 ]
09-26 15:53:14.465  4962  4962 D CAT     : com.android.stk.StkAppService: onStart sim id: 0, op: 4, *****
09-26 15:53:14.465  3592  3594 E RILD    : IsRegisteredNetworkType(): netType[1]  feature[00] state[0] 
09-26 15:53:14.465  4962  5383 D CAT     : com.android.stk.StkAppService: handleMessage opcode[4], sim id[0]
09-26 15:53:14.465  3592  3599 E RILD    : DoRouteIn - FW reqId : 28
09-26 15:53:14.465  3592  3599 E RILD    : Onprocessing: request id(28), handleEvent(101)
09-26 15:53:14.465  4962  5383 D CAT     : StkAppService$StkContext: getPendingActivityInstance act : 0, null
09-26 15:53:14.465  3592  3599 E RILD    : Onprocessing: request id(70), handleEvent(106)
09-26 15:53:14.466  4962  5383 D CAT     : StkAppService$StkContext: getPendingPrevActivityInstance act : 0, null
09-26 15:53:14.466  4962  5383 D CAT     : StkAppService$StkContext: getPendingDialogInstance act : 0, null
09-26 15:53:14.466  4962  5383 D CAT     : com.android.stk.StkAppService: cleanUpInstanceStackBySlot slotId: 0
09-26 15:53:14.466  4962  5383 D CAT     : com.android.stk.StkAppService: [handleSessionEnd] - mCurrentCmd changed to mMainCmd!.
09-26 15:53:14.466  4962  5383 D CAT     : com.android.stk.StkAppService: slotId: 0, mMenuState: 0
09-26 15:53:14.466  4962  5383 D CAT     : com.android.stk.StkAppService: [handleSessionEnd][mMenuState]false
09-26 15:53:14.467  4962  4962 D CAT     : StkCmdReceiver: handleAction, op: 1args: Bundle[{SLOT_ID=0, cmd message=com.android.internal.telephony.cat.CatCmdMessage@7ec0a6c, op=1}], slot id: 0
09-26 15:53:14.469  3592  3607 E RILD    : [G] RX: (M)SEC_CMD (S)SEC_RSIM_ACCESS (T)RESP l:31 m:7d a:42 [ 90 00 27 62 25 82 02 41 21 83 02 6F 61 A5 0C 80 01 71 92 01 00 91 04 7F 20 6F 61 8A 01 05 8B 03 6F 06 02 80 02 01 40 88 01 88 ]
09-26 15:53:14.469  3592  3598 E RILD    : SIM-MGR(2): evt(201)
09-26 15:53:14.469  4962  4962 D CAT     : com.android.stk.StkAppService: onStart sim id: 0, op: 1, *****
09-26 15:53:14.469  3592  3598 E RILD    : RequestComplete - req : 28, peek : 28
09-26 15:53:14.470  4962  5305 D RILJ    : [3731]< SIM_IO IccIoResult sw1:0x90 sw2:0x0 [SUB0]
09-26 15:53:14.470  3592  3599 E RILD    : DoRouteOut - FW reqId : 28
09-26 15:53:14.470  3592  3599 E RILD    : Onprocessing: request id(28), handleEvent(101)
09-26 15:53:14.470  3592  3599 E RILD    : Onprocessing: request id(70), handleEvent(106)
09-26 15:53:14.470  4962  4962 D RILJ    : [3758]> iccIO: SIM_IO 0xb0 0x6f61  path: 3F007FFF,0,0,320 aid: A0000000871002FF47F00189000001FF [SUB0]
09-26 15:53:14.470  3592  3598 E RILD    : SIM-MGR(2): evt(101)
09-26 15:53:14.470  3592  3598 E RILD    : [G] TX: (M)SEC_CMD (S)SEC_RSIM_ACCESS (T)GET l:2c m:44 a:00 [ C0 00 10 A0 00 00 00 87 10 02 FF 47 F0 01 89 00 00 01 FF 62 6F 02 00 3F FF 7F 00 00 00 00 00 00 00 00 00 00 00 ]
09-26 15:53:14.471  3592  3594 E RILD    : IsRegisteredNetworkType(): netType[1]  feature[00] state[0] 
09-26 15:53:14.471  3592  3599 E RILD    : DoRouteIn - FW reqId : 28
09-26 15:53:14.471  3592  3599 E RILD    : Onprocessing: request id(28), handleEvent(101)
09-26 15:53:14.471  3592  3599 E RILD    : Onprocessing: request id(70), handleEvent(106)
09-26 15:53:14.472  4962  5383 D CAT     : com.android.stk.StkAppService: handleMessage opcode[1], sim id[0]
09-26 15:53:14.472  4962  5383 D CAT     : com.android.stk.StkAppService: cmdName[SET_UP_EVENT_LIST]
09-26 15:53:14.472  4962  5383 D CAT     : com.android.stk.StkAppService: [OP_CMD]
09-26 15:53:14.472  4962  5383 D CAT     : com.android.stk.StkAppService: [handleCmd]SET_UP_EVENT_LIST
09-26 15:53:14.473  4962  5383 D CAT     : StkAppService: isScreenIdle, package name : com.android.settings
09-26 15:53:14.475  4962  5383 D CAT     : StkAppService:  Check if IDLE_SCREEN_AVAILABLE_EVENT is present in List
09-26 15:53:14.475  4962  5383 D CAT     : StkAppService: Event :5
09-26 15:53:14.475  4962  5383 E CAT     : StkAppService:  Event does not exist in the EventList
09-26 15:53:14.481  3592  3607 E RILD    : [G] RX: (M)SAT_CMD (S)SAT_PROACTIVE_CMD (T)RESP l:9 m:7e a:43 [ 90 00 ]
09-26 15:53:14.481  3592  3607 E RILD    : IpcProtocol41::IpcRxSatProactiveCmd()
09-26 15:53:14.481  3592  3598 E RILD    : STK-MGR(7): evt(203)
09-26 15:53:14.481  3592  3598 E RILD    : OnUnsolicitedResponse: unsolId: 1012
09-26 15:53:14.482  3592  3598 E RILD    : STK-MGR(7): evt(107)
09-26 15:53:14.482  3592  3598 E RILD    : RequestComplete - req : 70, peek : 70
09-26 15:53:14.482  4962  5305 D RILJ    : [UNSL]< UNSOL_STK_SESSION_END [SUB0]
09-26 15:53:14.482  3592  3599 E RILD    : Onprocessing: request id(28), handleEvent(101)
09-26 15:53:14.482  4962  5305 D RILJ    : [3756]< REQUEST_STK_SEND_TERMINAL_RESPONSE  [SUB0]
09-26 15:53:14.482  4962  4962 D CAT     : CatService: handleMessage[1]
09-26 15:53:14.482  4962  4962 D CAT     : CatService: ril message arrived,slotid:0
09-26 15:53:14.483  4962  4962 D CAT     : CatService: handleMessage[10]
09-26 15:53:14.483  4962  4962 D CAT     : CatService: SESSION END on 0
09-26 15:53:14.486  4962  4962 D CAT     : StkCmdReceiver: handleAction, op: 4args: Bundle[{SLOT_ID=0, op=4}], slot id: 0
09-26 15:53:14.488  4962  4962 D CAT     : com.android.stk.StkAppService: onStart sim id: 0, op: 4, *****
09-26 15:53:14.489  3592  3607 E RILD    : [G] RX: (M)SEC_CMD (S)SEC_RSIM_ACCESS (T)RESP l:31 m:7f a:44 [ 90 00 27 62 25 82 02 41 21 83 02 6F 62 A5 0C 80 01 71 92 01 00 91 04 7F 20 6F 62 8A 01 05 8B 03 6F 06 02 80 02 00 0A 88 01 98 ]
09-26 15:53:14.489  4962  5383 D CAT     : com.android.stk.StkAppService: handleMessage opcode[4], sim id[0]
09-26 15:53:14.489  4962  5383 D CAT     : StkAppService$StkContext: getPendingActivityInstance act : 0, null
09-26 15:53:14.489  3592  3598 E RILD    : SIM-MGR(2): evt(201)
09-26 15:53:14.489  4962  5383 D CAT     : StkAppService$StkContext: getPendingPrevActivityInstance act : 0, null
09-26 15:53:14.490  4962  5383 D CAT     : StkAppService$StkContext: getPendingDialogInstance act : 0, null
09-26 15:53:14.490  3592  3598 E RILD    : RequestComplete - req : 28, peek : 28
09-26 15:53:14.490  4962  5383 D CAT     : com.android.stk.StkAppService: cleanUpInstanceStackBySlot slotId: 0
09-26 15:53:14.490  4962  5383 D CAT     : com.android.stk.StkAppService: [handleSessionEnd] - mCurrentCmd changed to mMainCmd!.
09-26 15:53:14.490  4962  5383 D CAT     : com.android.stk.StkAppService: slotId: 0, mMenuState: 0
09-26 15:53:14.490  3592  3599 E RILD    : DoRouteOut - FW reqId : 28
09-26 15:53:14.490  4962  5383 D CAT     : com.android.stk.StkAppService: [handleSessionEnd][mMenuState]false
09-26 15:53:14.490  3592  3599 E RILD    : Onprocessing: request id(28), handleEvent(101)
09-26 15:53:14.490  3592  3598 E RILD    : SIM-MGR(2): evt(101)
09-26 15:53:14.490  4962  5305 D RILJ    : [3732]< SIM_IO IccIoResult sw1:0x90 sw2:0x0 [SUB0]
09-26 15:53:14.490  3592  3598 E RILD    : [G] TX: (M)SEC_CMD (S)SEC_RSIM_ACCESS (T)GET l:2c m:45 a:00 [ C0 00 10 A0 00 00 00 87 10 02 FF 47 F0 01 89 00 00 01 FF D9 6F 02 00 3F FF 7F 00 00 00 00 00 00 00 00 00 00 00 ]
09-26 15:53:14.490  4962  4962 D RILJ    : [3759]> iccIO: SIM_IO 0xb0 0x6f62  path: 3F007FFF,0,0,10 aid: A0000000871002FF47F00189000001FF [SUB0]
09-26 15:53:14.492  3592  3594 E RILD    : IsRegisteredNetworkType(): netType[1]  feature[00] state[0] 
09-26 15:53:14.492  3592  3599 E RILD    : DoRouteIn - FW reqId : 28
09-26 15:53:14.492  3592  3599 E RILD    : Onprocessing: request id(28), handleEvent(101)
09-26 15:53:14.505  3592  3607 E RILD    : [G] RX: (M)SEC_CMD (S)SEC_RSIM_ACCESS (T)RESP l:a m:80 a:45 [ 6A 82 00 ]
09-26 15:53:14.505  3592  3598 E RILD    : SIM-MGR(2): evt(201)
09-26 15:53:14.506  3592  3598 E RILD    : RequestComplete - req : 28, peek : 28
09-26 15:53:14.506  3592  3599 E RILD    : DoRouteOut - FW reqId : 28
09-26 15:53:14.506  3592  3599 E RILD    : Onprocessing: request id(28), handleEvent(101)
09-26 15:53:14.506  4962  5305 D RILJ    : [3733]< SIM_IO IccIoResult sw1:0x6a sw2:0x82 Error: File not found [SUB0]
09-26 15:53:14.506  3592  3598 E RILD    : SIM-MGR(2): evt(101)
09-26 15:53:14.506  3592  3598 E RILD    : [G] TX: (M)SEC_CMD (S)SEC_RSIM_ACCESS (T)GET l:2c m:46 a:00 [ C0 00 10 A0 00 00 00 87 10 02 FF 47 F0 01 89 00 00 01 FF 7B 6F 02 00 3F FF 7F 00 00 00 00 00 00 00 00 00 00 00 ]
09-26 15:53:14.506  4962  4962 E SIMRecords: [SIMRecords] Failed getting Equivalent Home PLMNs: com.android.internal.telephony.uicc.IccException: sw1:106 sw2:130
09-26 15:53:14.522  3592  3607 E RILD    : [G] RX: (M)SEC_CMD (S)SEC_RSIM_ACCESS (T)RESP l:31 m:81 a:46 [ 90 00 27 62 25 82 02 41 21 83 02 6F 7B A5 0C 80 01 71 92 01 00 91 04 7F 20 6F 7B 8A 01 05 8B 03 6F 06 04 80 02 00 0C 88 01 68 ]
09-26 15:53:14.522  3592  3598 E RILD    : SIM-MGR(2): evt(201)
09-26 15:53:14.522  3592  3598 E RILD    : RequestComplete - req : 28, peek : 28
09-26 15:53:14.523  3592  3599 E RILD    : DoRouteOut - FW reqId : 28
09-26 15:53:14.523  4962  5305 D RILJ    : [3734]< SIM_IO IccIoResult sw1:0x90 sw2:0x0 [SUB0]
09-26 15:53:14.523  3592  3599 E RILD    : Onprocessing: request id(28), handleEvent(101)
09-26 15:53:14.523  3592  3598 E RILD    : SIM-MGR(2): evt(101)
09-26 15:53:14.523  3592  3598 E RILD    : [G] TX: (M)SEC_CMD (S)SEC_RSIM_ACCESS (T)GET l:2c m:47 a:00 [ C0 00 10 A0 00 00 00 87 10 02 FF 47 F0 01 89 00 00 01 FF 05 6F 02 00 3F FF 7F 00 00 00 00 00 00 00 00 00 00 00 ]
09-26 15:53:14.523  4962  4962 D RILJ    : [3760]> iccIO: SIM_IO 0xb0 0x6f7b  path: 3F007FFF,0,0,12 aid: A0000000871002FF47F00189000001FF [SUB0]
09-26 15:53:14.524  3592  3594 E RILD    : IsRegisteredNetworkType(): netType[1]  feature[00] state[0] 
09-26 15:53:14.524  3592  3599 E RILD    : DoRouteIn - FW reqId : 28
09-26 15:53:14.524  3592  3599 E RILD    : Onprocessing: request id(28), handleEvent(101)
09-26 15:53:14.537  3592  3607 E RILD    : [G] RX: (M)SEC_CMD (S)SEC_RSIM_ACCESS (T)RESP l:2f m:82 a:47 [ 90 00 25 62 23 82 02 41 21 83 02 6F 05 A5 0A 80 01 71 92 01 00 91 02 2F 05 8A 01 05 8B 03 6F 06 05 80 02 00 08 88 01 10 ]
09-26 15:53:14.538  3592  3598 E RILD    : SIM-MGR(2): evt(201)
09-26 15:53:14.538  3592  3598 E RILD    : RequestComplete - req : 28, peek : 28
09-26 15:53:14.538  3592  3599 E RILD    : DoRouteOut - FW reqId : 28
09-26 15:53:14.538  4962  5305 D RILJ    : [3735]< SIM_IO IccIoResult sw1:0x90 sw2:0x0 [SUB0]
09-26 15:53:14.538  3592  3599 E RILD    : Onprocessing: request id(28), handleEvent(101)
09-26 15:53:14.539  3592  3598 E RILD    : SIM-MGR(2): evt(101)
09-26 15:53:14.539  3592  3598 E RILD    : [G] TX: (M)SEC_CMD (S)SEC_RSIM_ACCESS (T)GET l:2c m:48 a:00 [ C0 00 10 A0 00 00 00 87 10 02 FF 47 F0 01 89 00 00 01 FF 05 2F 01 00 3F 00 00 00 00 00 00 00 00 00 00 00 00 00 ]
09-26 15:53:14.539  4962  4962 D RILJ    : [3761]> iccIO: SIM_IO 0xb0 0x6f05  path: 3F007FFF,0,0,8 aid: A0000000871002FF47F00189000001FF [SUB0]
09-26 15:53:14.540  3592  3594 E RILD    : IsRegisteredNetworkType(): netType[1]  feature[00] state[0] 
09-26 15:53:14.540  3592  3599 E RILD    : DoRouteIn - FW reqId : 28
09-26 15:53:14.540  3592  3599 E RILD    : Onprocessing: request id(28), handleEvent(101)
09-26 15:53:14.552  3592  3607 E RILD    : [G] RX: (M)SEC_CMD (S)SEC_RSIM_ACCESS (T)RESP l:2b m:83 a:48 [ 90 00 21 62 1F 82 02 41 21 83 02 2F 05 A5 06 80 01 71 92 01 00 8A 01 05 8B 03 2F 06 04 80 02 00 08 88 01 28 ]
09-26 15:53:14.553  3592  3598 E RILD    : SIM-MGR(2): evt(201)
09-26 15:53:14.553  3592  3598 E RILD    : RequestComplete - req : 28, peek : 28
09-26 15:53:14.553  3592  3599 E RILD    : DoRouteOut - FW reqId : 28
09-26 15:53:14.553  3592  3599 E RILD    : Onprocessing: request id(28), handleEvent(101)
09-26 15:53:14.553  3592  3598 E RILD    : SIM-MGR(2): evt(101)
09-26 15:53:14.553  4962  5305 D RILJ    : [3736]< SIM_IO IccIoResult sw1:0x90 sw2:0x0 [SUB0]
09-26 15:53:14.553  3592  3598 E RILD    : [G] TX: (M)SEC_CMD (S)SEC_RSIM_ACCESS (T)GET l:2c m:49 a:00 [ C0 00 10 A0 00 00 00 87 10 02 FF 47 F0 01 89 00 00 01 FF 3C 6F 02 00 3F FF 7F 00 00 00 00 00 00 00 00 00 00 0F ]
09-26 15:53:14.553  4962  4962 D RILJ    : [3762]> iccIO: SIM_IO 0xb0 0x2f05  path: 3F00,0,0,8 aid: A0000000871002FF47F00189000001FF [SUB0]
09-26 15:53:14.555  3592  3594 E RILD    : IsRegisteredNetworkType(): netType[1]  feature[00] state[0] 
09-26 15:53:14.555  3592  3599 E RILD    : DoRouteIn - FW reqId : 28
09-26 15:53:14.555  3592  3599 E RILD    : Onprocessing: request id(28), handleEvent(101)
09-26 15:53:14.569  3592  3607 E RILD    : [G] RX: (M)SEC_CMD (S)SEC_RSIM_ACCESS (T)RESP l:33 m:84 a:49 [ 90 00 29 62 27 82 05 42 21 00 B0 0F 83 02 6F 3C A5 0C 80 01 71 92 01 00 91 04 7F 10 6F 3C 8A 01 05 8B 03 6F 06 04 80 02 0A 50 88 00 ]
09-26 15:53:14.569  3592  3598 E RILD    : SIM-MGR(2): evt(201)
09-26 15:53:14.570  3592  3598 E RILD    : RequestComplete - req : 28, peek : 28
09-26 15:53:14.570  3592  3599 E RILD    : DoRouteOut - FW reqId : 28
09-26 15:53:14.570  4962  5305 D RILJ    : [3737]< SIM_IO IccIoResult sw1:0x90 sw2:0x0 [SUB0]
09-26 15:53:14.570  3592  3599 E RILD    : Onprocessing: request id(28), handleEvent(101)
09-26 15:53:14.570  3592  3598 E RILD    : SIM-MGR(2): evt(101)
09-26 15:53:14.570  4962  4962 D SIMRecords: [SIMRecords] EVENT_GET_SMS_RECORD_SIZE_DONE Size 176 total 2640 record 15
09-26 15:53:14.571  3592  3598 E RILD    : [G] TX: (M)SEC_CMD (S)SEC_RSIM_ACCESS (T)GET l:2c m:4a a:00 [ B0 00 10 A0 00 00 00 87 10 02 FF 47 F0 01 89 00 00 01 FF E2 2F 01 00 3F 00 00 00 00 00 00 00 00 00 00 00 00 0A ]
09-26 15:53:14.574  3592  3607 E RILD    : [G] RX: (M)SEC_CMD (S)SEC_RSIM_ACCESS (T)RESP l:14 m:85 a:4a [ 90 00 0A 98 45 43 02 18 76 15 22 86 80 ]
09-26 15:53:14.574  3592  3598 E RILD    : SIM-MGR(2): evt(201)
09-26 15:53:14.574  3592  3598 E RILD    : SetSimOp():simOp = ETC
09-26 15:53:14.574  3592  3598 E RILD    : RequestComplete - req : 28, peek : 28
09-26 15:53:14.575  3592  3599 E RILD    : DoRouteOut - FW reqId : 28
09-26 15:53:14.575  3592  3599 E RILD    : Onprocessing: request id(28), handleEvent(101)
09-26 15:53:14.575  4962  5305 D RILJ    : [3743]< SIM_IO IccIoResult sw1:0x90 sw2:0x0 [SUB0]
09-26 15:53:14.575  3592  3598 E RILD    : SIM-MGR(2): evt(101)
09-26 15:53:14.575  3592  3598 E RILD    : [G] TX: (M)SEC_CMD (S)SEC_RSIM_ACCESS (T)GET l:2c m:4b a:00 [ B2 00 10 A0 00 00 00 87 10 02 FF 47 F0 01 89 00 00 01 FF 40 6F 02 00 3F FF 7F 00 00 00 00 00 00 00 00 01 04 1C ]
09-26 15:53:14.575  4962  4962 D SIMRecords: [SIMRecords] iccid: 89543420816751226808
09-26 15:53:14.576  4962  4962 D SIMRecords: [SIMRecords] onRecordLoaded 14 requested: true
09-26 15:53:14.597  3592  3607 E RILD    : [G] RX: (M)SEC_CMD (S)SEC_RSIM_ACCESS (T)RESP l:26 m:86 a:4b [ 90 00 1C FF FF FF FF FF FF FF FF FF FF FF FF FF FF FF FF FF FF FF FF FF FF FF FF FF FF FF FF ]
09-26 15:53:14.597  3592  3598 E RILD    : SIM-MGR(2): evt(201)
09-26 15:53:14.597  3592  3598 E RILD    : RequestComplete - req : 28, peek : 28
09-26 15:53:14.598  3592  3599 E RILD    : DoRouteOut - FW reqId : 28
09-26 15:53:14.598  3592  3599 E RILD    : Onprocessing: request id(28), handleEvent(101)
09-26 15:53:14.598  3592  3598 E RILD    : SIM-MGR(2): evt(101)
09-26 15:53:14.598  4962  5305 D RILJ    : [3744]< SIM_IO IccIoResult sw1:0x90 sw2:0x0 [SUB0]
09-26 15:53:14.598  3592  3598 E RILD    : [G] TX: (M)SEC_CMD (S)SEC_RSIM_ACCESS (T)GET l:2c m:4c a:00 [ B2 00 10 A0 00 00 00 87 10 02 FF 47 F0 01 89 00 00 01 FF C9 6F 02 00 3F FF 7F 00 00 00 00 00 00 00 00 01 04 04 ]
09-26 15:53:14.599  4962  4962 D SIMRecords: [SIMRecords] MSISDN: 
09-26 15:53:14.599  4962  4962 D SIMRecords: [SIMRecords] onRecordLoaded 13 requested: true
09-26 15:53:14.618  3592  3607 E RILD    : [G] RX: (M)SEC_CMD (S)SEC_RSIM_ACCESS (T)RESP l:e m:87 a:4c [ 90 00 04 01 00 00 00 ]
09-26 15:53:14.619  3592  3598 E RILD    : SIM-MGR(2): evt(201)
09-26 15:53:14.619  3592  3598 E RILD    : RequestComplete - req : 28, peek : 28
09-26 15:53:14.619  3592  3599 E RILD    : DoRouteOut - FW reqId : 28
09-26 15:53:14.619  4962  5305 D RILJ    : [3745]< SIM_IO IccIoResult sw1:0x90 sw2:0x0 [SUB0]
09-26 15:53:14.619  3592  3599 E RILD    : Onprocessing: request id(28), handleEvent(101)
09-26 15:53:14.619  3592  3598 E RILD    : SIM-MGR(2): evt(101)
09-26 15:53:14.619  3592  3598 E RILD    : [G] TX: (M)SEC_CMD (S)SEC_RSIM_ACCESS (T)GET l:2c m:4d a:00 [ B0 00 10 A0 00 00 00 87 10 02 FF 47 F0 01 89 00 00 01 FF AD 6F 02 00 3F FF 7F 00 00 00 00 00 00 00 00 00 00 04 ]
09-26 15:53:14.619  4962  4962 D SIMRecords: [SIMRecords] EF_MBI: 01000000
09-26 15:53:14.620  4962  4962 D SIMRecords: [SIMRecords] Got valid mailbox number for MBDN
09-26 15:53:14.620  4962  4962 D RILJ    : [3763]> iccIO: SIM_IO 0xc0 0x6fc7  path: 3F007FFF,0,0,15 aid: A0000000871002FF47F00189000001FF [SUB0]
09-26 15:53:14.621  4962  4962 D SIMRecords: [SIMRecords] onRecordLoaded 13 requested: true
09-26 15:53:14.621  3592  3594 E RILD    : IsRegisteredNetworkType(): netType[1]  feature[00] state[0] 
09-26 15:53:14.621  3592  3599 E RILD    : DoRouteIn - FW reqId : 28
09-26 15:53:14.621  3592  3599 E RILD    : Onprocessing: request id(28), handleEvent(101)
09-26 15:53:14.623  3592  3607 E RILD    : [G] RX: (M)SEC_CMD (S)SEC_RSIM_ACCESS (T)RESP l:e m:88 a:4d [ 90 00 04 00 00 01 02 ]
09-26 15:53:14.623  3592  3598 E RILD    : SIM-MGR(2): evt(201)
09-26 15:53:14.623  3592  3598 E RILD    : RequestComplete - req : 28, peek : 28
09-26 15:53:14.623  3592  3599 E RILD    : DoRouteOut - FW reqId : 28
09-26 15:53:14.624  3592  3599 E RILD    : Onprocessing: request id(28), handleEvent(101)
09-26 15:53:14.624  3592  3598 E RILD    : SIM-MGR(2): evt(101)
09-26 15:53:14.624  3592  3598 E RILD    : [G] TX: (M)SEC_CMD (S)SEC_RSIM_ACCESS (T)GET l:2c m:4e a:00 [ B2 00 10 A0 00 00 00 87 10 02 FF 47 F0 01 89 00 00 01 FF CA 6F 02 00 3F FF 7F 00 00 00 00 00 00 00 00 01 04 05 ]
09-26 15:53:14.624  4962  5305 D RILJ    : [3746]< SIM_IO IccIoResult sw1:0x90 sw2:0x0 [SUB0]
09-26 15:53:14.624  4962  4962 D SIMRecords: [SIMRecords] EF_AD: 00000102
09-26 15:53:14.624  4962  4962 D SIMRecords: [SIMRecords] setting4 mMncLength=2
09-26 15:53:14.624  4962  4962 D SIMRecords: [SIMRecords] mccmncCode=722341
09-26 15:53:14.624  4962  4962 D SIMRecords: [SIMRecords] update mccmnc=72234
09-26 15:53:14.644  3592  3607 E RILD    : [G] RX: (M)SEC_CMD (S)SEC_RSIM_ACCESS (T)RESP l:f m:89 a:4e [ 90 00 05 00 00 00 00 00 ]
09-26 15:53:14.644  3592  3598 E RILD    : SIM-MGR(2): evt(201)
09-26 15:53:14.644  3592  3598 E RILD    : RequestComplete - req : 28, peek : 28
09-26 15:53:14.644  3592  3599 E RILD    : DoRouteOut - FW reqId : 28
09-26 15:53:14.644  4962  5305 D RILJ    : [3747]< SIM_IO IccIoResult sw1:0x90 sw2:0x0 [SUB0]
09-26 15:53:14.644  3592  3598 E RILD    : SIM-MGR(2): evt(101)
09-26 15:53:14.645  3592  3598 E RILD    : [G] TX: (M)SEC_CMD (S)SEC_RSIM_ACCESS (T)GET l:2c m:4f a:00 [ B2 00 10 A0 00 00 00 87 10 02 FF 47 F0 01 89 00 00 01 FF CB 6F 02 00 3F FF 7F 00 00 00 00 00 00 00 00 01 04 10 ]
09-26 15:53:14.645  3592  3599 E RILD    : Onprocessing: request id(28), handleEvent(101)
09-26 15:53:14.667  3592  3607 E RILD    : [G] RX: (M)SEC_CMD (S)SEC_RSIM_ACCESS (T)RESP l:1a m:8a a:4f [ 90 00 10 FF 00 FF FF FF FF FF FF FF FF FF FF FF FF FF FF ]
09-26 15:53:14.667  3592  3598 E RILD    : SIM-MGR(2): evt(201)
09-26 15:53:14.667  3592  3598 E RILD    : RequestComplete - req : 28, peek : 28
09-26 15:53:14.668  3592  3599 E RILD    : DoRouteOut - FW reqId : 28
09-26 15:53:14.668  4962  5305 D RILJ    : [3748]< SIM_IO IccIoResult sw1:0x90 sw2:0x0 [SUB0]
09-26 15:53:14.668  3592  3598 E RILD    : SIM-MGR(2): evt(101)
09-26 15:53:14.668  3592  3598 E RILD    : [G] TX: (M)SEC_CMD (S)SEC_RSIM_ACCESS (T)GET l:2c m:50 a:00 [ B0 00 10 A0 00 00 00 87 10 02 FF 47 F0 01 89 00 00 01 FF 46 6F 02 00 3F FF 7F 00 00 00 00 00 00 00 00 00 00 11 ]
09-26 15:53:14.668  3592  3599 E RILD    : Onprocessing: request id(28), handleEvent(101)
09-26 15:53:14.689  3592  3607 E RILD    : [G] RX: (M)SEC_CMD (S)SEC_RSIM_ACCESS (T)RESP l:1b m:8b a:50 [ 90 00 11 00 50 65 72 73 6F 6E 61 6C FF FF FF FF FF FF FF FF ]
09-26 15:53:14.690  3592  3598 E RILD    : SIM-MGR(2): evt(201)
09-26 15:53:14.690  3592  3598 E RILD    : RequestComplete - req : 28, peek : 28
09-26 15:53:14.690  4962  5305 D RILJ    : [3750]< SIM_IO IccIoResult sw1:0x90 sw2:0x0 [SUB0]
09-26 15:53:14.690  3592  3599 E RILD    : DoRouteOut - FW reqId : 28
09-26 15:53:14.691  3592  3599 E RILD    : Onprocessing: request id(28), handleEvent(101)
09-26 15:53:14.691  3592  3598 E RILD    : SIM-MGR(2): evt(101)
09-26 15:53:14.691  3592  3598 E RILD    : [G] TX: (M)SEC_CMD (S)SEC_RSIM_ACCESS (T)GET l:2c m:51 a:00 [ B0 00 10 A0 00 00 00 87 10 02 FF 47 F0 01 89 00 00 01 FF CD 6F 02 00 3F FF 7F 00 00 00 00 00 00 00 00 00 00 40 ]
09-26 15:53:14.716  4962  4962 D SIMRecords: [SIMRecords] onRecordLoaded 12 requested: true
09-26 15:53:14.717  3592  3607 E RILD    : [G] RX: (M)SEC_CMD (S)SEC_RSIM_ACCESS (T)RESP l:4a m:8c a:51 [ 90 00 40 FF FF FF FF FF FF FF FF FF FF FF FF FF FF FF FF FF FF FF FF FF FF FF FF FF FF FF FF FF FF FF FF FF FF FF FF FF FF FF FF FF FF FF FF FF FF FF FF FF FF FF FF FF FF FF FF FF FF FF FF FF FF FF FF ]
09-26 15:53:14.718  3592  3598 E RILD    : SIM-MGR(2): evt(201)
09-26 15:53:14.719  3592  3598 E RILD    : RequestComplete - req : 28, peek : 28
09-26 15:53:14.719  3592  3599 E RILD    : DoRouteOut - FW reqId : 28
09-26 15:53:14.719  3592  3599 E RILD    : Onprocessing: request id(28), handleEvent(101)
09-26 15:53:14.719  4962  5305 D RILJ    : [3751]< SIM_IO IccIoResult sw1:0x90 sw2:0x0 [SUB0]
09-26 15:53:14.719  3592  3598 E RILD    : SIM-MGR(2): evt(101)
09-26 15:53:14.719  3592  3598 E RILD    : [G] TX: (M)SEC_CMD (S)SEC_RSIM_ACCESS (T)GET l:2c m:52 a:00 [ B2 00 10 A0 00 00 00 87 10 02 FF 47 F0 01 89 00 00 01 FF C5 6F 02 00 3F FF 7F 00 00 00 00 00 00 00 00 01 04 22 ]
09-26 15:53:14.734  4962  4984 D DCT     : [0]hasMatchedTetherApnSetting: APN=null
09-26 15:53:14.736  4962  4962 D SIMRecords: [SIMRecords] EF_MWIS : 0000000000
09-26 15:53:14.737  4962  4962 D SIMRecords: [SIMRecords] onRecordLoaded 11 requested: true
09-26 15:53:14.737  4962  4962 D SIMRecords: [SIMRecords] EF_CFIS: ff00ffffffffffffffffffffffffffff
09-26 15:53:14.738  4962  4962 D SIMRecords: [SIMRecords] onRecordLoaded 10 requested: true
09-26 15:53:14.739  4962  4962 D SIMRecords: [SIMRecords] getServiceProviderName: no brandOverride, providerName=Personal
09-26 15:53:14.740  4962  4962 D SIMRecords: [SIMRecords] Load EF_SPN: Personal spnDisplayCondition: 0
09-26 15:53:14.740  4962  4962 D TelephonyManager: setTelephonyProperty: success phoneId=0 property=gsm.sim.operator.alpha value: Personal propVal=Personal
09-26 15:53:14.740  4962  4962 D SIMRecords: [SIMRecords] onRecordLoaded 9 requested: true
09-26 15:53:14.742  3592  3607 E RILD    : [G] RX: (M)SEC_CMD (S)SEC_RSIM_ACCESS (T)RESP l:2c m:8d a:52 [ 90 00 22 FF FF FF FF FF FF FF FF FF FF FF FF FF FF FF FF FF FF FF FF FF FF FF FF FF FF FF FF FF FF FF FF FF FF ]
09-26 15:53:14.743  3592  3598 E RILD    : SIM-MGR(2): evt(201)
09-26 15:53:14.743  3592  3598 E RILD    : RequestComplete - req : 28, peek : 28
09-26 15:53:14.743  4962  5305 D RILJ    : [3752]< SIM_IO IccIoResult sw1:0x90 sw2:0x0 [SUB0]
09-26 15:53:14.744  3592  3599 E RILD    : DoRouteOut - FW reqId : 28
09-26 15:53:14.744  3592  3599 E RILD    : Onprocessing: request id(28), handleEvent(101)
09-26 15:53:14.744  3592  3598 E RILD    : SIM-MGR(2): evt(101)
09-26 15:53:14.745  3592  3598 E RILD    : [G] TX: (M)SEC_CMD (S)SEC_RSIM_ACCESS (T)GET l:2c m:53 a:00 [ B0 00 10 A0 00 00 00 87 10 02 FF 47 F0 01 89 00 00 01 FF 38 6F 02 00 3F FF 7F 00 00 00 00 00 00 00 00 00 00 07 ]
09-26 15:53:14.745  4962  4962 D SIMRecords: [SIMRecords] onRecordLoaded 8 requested: true
09-26 15:53:14.745  4962  4962 D SIMRecords: [SIMRecords] onRecordLoaded 7 requested: true
09-26 15:53:14.748  3592  3607 E RILD    : [G] RX: (M)SEC_CMD (S)SEC_RSIM_ACCESS (T)RESP l:11 m:8e a:53 [ 90 00 07 0E 6A 1F 3C 63 C6 59 ]
09-26 15:53:14.748  3592  3598 E RILD    : SIM-MGR(2): evt(201)
09-26 15:53:14.748  3592  3598 E RILD    : SetServiceTableInfo: SstLoaded
09-26 15:53:14.748  3592  3598 E RILD    : RequestComplete - req : 28, peek : 28
09-26 15:53:14.749  3592  3599 E RILD    : DoRouteOut - FW reqId : 28
09-26 15:53:14.749  3592  3599 E RILD    : Onprocessing: request id(28), handleEvent(101)
09-26 15:53:14.749  3592  3598 E RILD    : SIM-MGR(2): evt(101)
09-26 15:53:14.749  3592  3598 E RILD    : [G] TX: (M)SEC_CMD (S)SEC_RSIM_ACCESS (T)GET l:2c m:54 a:00 [ B0 00 10 A0 00 00 00 87 10 02 FF 47 F0 01 89 00 00 01 FF 3E 6F 02 00 3F FF 7F 00 00 00 00 00 00 00 00 00 00 04 ]
09-26 15:53:14.750  4962  5305 D RILJ    : [3753]< SIM_IO IccIoResult sw1:0x90 sw2:0x0 [SUB0]
09-26 15:53:14.753  4962  4962 D SIMRecords: [SIMRecords] SST: UsimServiceTable[56]={ FDN, FDN_EXTENSION, SDN, SM_STORAGE, SM_SERVICE_PARAMS, CAP_CONFIG_PARAMS_2, CB_MESSAGE_ID, GROUP_ID_LEVEL_1, GROUP_ID_LEVEL_2, SPN, USER_PLMN_SELECT, MSISDN, GSM_ACCESS, DATA_DL_VIA_SMS_PP, DATA_DL_VIA_SMS_CB, CALL_CONTROL_BY_USIM, IGNORED_1, ENABLED_SERVICES_TABLE, GSM_SECURITY_CONTEXT, CPBCCH_INFO, OPERATOR_PLMN_SELECT, HPLMN_SELECT, MBDN, MWI_STATUS, CFI_STATUS, MMS_NOTIFICATION, MMS_NOTIFICATION_EXTENSION, MMS_CONNECTIVITY_PARAMS }
09-26 15:53:14.753  4962  4962 D SIMRecords: [SIMRecords] onRecordLoaded 6 requested: true
09-26 15:53:14.770  3592  3607 E RILD    : [G] RX: (M)SEC_CMD (S)SEC_RSIM_ACCESS (T)RESP l:e m:8f a:54 [ 90 00 04 FF FF FF FF ]
09-26 15:53:14.770  3592  3598 E RILD    : SIM-MGR(2): evt(201)
09-26 15:53:14.770  3592  3598 E RILD    : RequestComplete - req : 28, peek : 28
09-26 15:53:14.770  3592  3599 E RILD    : DoRouteOut - FW reqId : 28
09-26 15:53:14.771  4962  5305 D RILJ    : [3754]< SIM_IO IccIoResult sw1:0x90 sw2:0x0 [SUB0]
09-26 15:53:14.771  3592  3599 E RILD    : Onprocessing: request id(28), handleEvent(101)
09-26 15:53:14.771  3592  3598 E RILD    : SIM-MGR(2): evt(101)
09-26 15:53:14.771  4962  4962 D SIMRecords: [SIMRecords] GID1: ffffffff
09-26 15:53:14.771  4962  4962 D SIMRecords: [SIMRecords] onRecordLoaded 5 requested: true
09-26 15:53:14.771  3592  3598 E RILD    : [G] TX: (M)SEC_CMD (S)SEC_RSIM_ACCESS (T)GET l:2c m:55 a:00 [ B0 00 10 A0 00 00 00 87 10 02 FF 47 F0 01 89 00 00 01 FF 3F 6F 02 00 3F FF 7F 00 00 00 00 00 00 00 00 00 00 04 ]
09-26 15:53:14.790  3592  3607 E RILD    : [G] RX: (M)SEC_CMD (S)SEC_RSIM_ACCESS (T)RESP l:e m:90 a:55 [ 90 00 04 FF FF FF FF ]
09-26 15:53:14.790  3592  3598 E RILD    : SIM-MGR(2): evt(201)
09-26 15:53:14.790  3592  3598 E RILD    : RequestComplete - req : 28, peek : 28
09-26 15:53:14.791  4962  5305 D RILJ    : [3755]< SIM_IO IccIoResult sw1:0x90 sw2:0x0 [SUB0]
09-26 15:53:14.792  3592  3599 E RILD    : DoRouteOut - FW reqId : 28
09-26 15:53:14.792  3592  3599 E RILD    : Onprocessing: request id(28), handleEvent(101)
09-26 15:53:14.792  4962  4962 D SIMRecords: [SIMRecords] GID2: ffffffff
09-26 15:53:14.792  3592  3598 E RILD    : SIM-MGR(2): evt(101)
09-26 15:53:14.792  4962  4962 D SIMRecords: [SIMRecords] onRecordLoaded 4 requested: true
09-26 15:53:14.793  3592  3598 E RILD    : [G] TX: (M)SEC_CMD (S)SEC_RSIM_ACCESS (T)GET l:2c m:56 a:00 [ B0 00 10 A0 00 00 00 87 10 02 FF 47 F0 01 89 00 00 01 FF 60 6F 02 00 3F FF 7F 00 00 00 00 00 00 00 00 00 00 50 ]
09-26 15:53:14.795  3592  3607 E RILD    : [G] RX: (M)SEC_CMD (S)SEC_RSIM_ACCESS (T)RESP l:5a m:91 a:56 [ 90 00 50 27 F4 20 80 80 27 F4 30 80 80 27 F4 40 80 80 17 F6 01 80 80 37 F0 10 80 80 37 F0 01 80 80 37 F6 20 80 80 37 F4 20 80 80 22 F2 10 80 80 47 F4 50 80 80 37 32 01 80 80 47 F8 10 80 80 13 00 62 80 80 13 00 71 80 80 FF FF FF 00 00 FF FF FF 00 00 ]
09-26 15:53:14.796  3592  3598 E RILD    : SIM-MGR(2): evt(201)
09-26 15:53:14.796  3592  3598 E RILD    : RequestComplete - req : 28, peek : 28
09-26 15:53:14.796  3592  3599 E RILD    : DoRouteOut - FW reqId : 28
09-26 15:53:14.796  3592  3599 E RILD    : Onprocessing: request id(28), handleEvent(101)
09-26 15:53:14.796  3592  3598 E RILD    : SIM-MGR(2): evt(101)
09-26 15:53:14.796  3592  3598 E RILD    : [G] TX: (M)SEC_CMD (S)SEC_RSIM_ACCESS (T)GET l:2c m:57 a:00 [ B0 00 10 A0 00 00 00 87 10 02 FF 47 F0 01 89 00 00 01 FF 61 6F 02 00 3F FF 7F 00 00 00 00 00 00 00 00 00 00 40 ]
09-26 15:53:14.796  4962  5305 D RILJ    : [3757]< SIM_IO IccIoResult sw1:0x90 sw2:0x0 [SUB0]
