11-21 18:51:56.087  3878  3878 D SubscriptionController: [getActiveSubscriptionInfo]+ subId=1 subInfo={id=1, iccId=89543420816751226808 simSlotIndex=0 displayName=Personal carrierName=Sin servicio  Personal nameSource=0 iconTint=-16746133 dataRoaming=0 iconBitmap=android.graphics.Bitmap@d92f207 mcc 722 mnc 34 userNwMode=9}
11-21 18:51:56.092  3878  3878 D DCT     : [0]onEnableApn: apnContext={mApnType=default mState=IDLE mWaitingApns={null} mApnSetting={null} mReason=radioTurnedOff mDataEnabled=false mDependencyMet=true} call applyNewState
11-21 18:51:56.092  3878  3878 D DCT     : [0]applyNewState(default, true(false), true(true))
11-21 18:51:56.092  3878  3878 D DCT     : [0]trySetupData for type:default due to dataEnabled, mIsPsRestricted=false
11-21 18:51:56.093  3878  3878 D CdmaSSM : subscriptionSource from settings: 0
11-21 18:51:56.093  3878  3878 D CdmaSSM : subscriptionSource from settings: 0
11-21 18:51:56.093  3878  3878 D DCT     : [0]isDataAllowed: No - Not attached
11-21 18:51:56.093  3878  3878 D CdmaSSM : subscriptionSource from settings: 0
11-21 18:51:56.095  3878  3878 D CdmaSSM : subscriptionSource from settings: 0
11-21 18:51:56.096  3878  3878 D CdmaSSM : subscriptionSource from settings: 0
11-21 18:51:56.097  3878  3878 D CdmaSSM : subscriptionSource from settings: 0
11-21 18:51:56.098  3878  3878 D CdmaSSM : subscriptionSource from settings: 0
11-21 18:51:56.098  3878  3878 D CdmaSSM : subscriptionSource from settings: 0
11-21 18:51:56.100  3878  3878 D CdmaSSM : subscriptionSource from settings: 0
11-21 18:51:56.101  3878  3878 D CdmaSSM : subscriptionSource from settings: 0
11-21 18:51:56.102  3878  3878 D CdmaSSM : subscriptionSource from settings: 0
11-21 18:51:56.102  3878  3878 D DCT     : [0]isEmergency: result=false
11-21 18:51:56.102  3878  3878 D DCT     : [0]trySetupData failed. apnContext = [type=default, mState=IDLE, mDataEnabled=true, mDependencyMet=true] data not allowed: isDataAllowed: No - Not attached. 
11-21 18:51:56.111  3878  3878 D GsmCdmaPhone: mBroadcastReceiver: action android.telephony.action.CARRIER_CONFIG_CHANGED
11-21 18:51:56.112  3878  3878 I CSST    : reading time to delay notification: -1
11-21 18:51:56.114  3878  3878 D ImsManager: updateVolteFeatureValue: available = false, enabled = true, nonTTY = true
11-21 18:51:56.114  3878  3878 E ImsManager: updateImsServiceConfig: 
11-21 18:51:56.114  3878  3878 E ImsManager: com.android.ims.ImsException: Service is unavailable, code = 106
11-21 18:51:56.114  3878  3878 E ImsManager: 	at com.android.ims.ImsManager.checkAndThrowExceptionIfServiceUnavailable(ImsManager.java:1359)
11-21 18:51:56.114  3878  3878 E ImsManager: 	at com.android.ims.ImsManager.getConfigInterface(ImsManager.java:1238)
11-21 18:51:56.114  3878  3878 E ImsManager: 	at com.android.ims.ImsManager.updateVolteFeatureValue(ImsManager.java:817)
11-21 18:51:56.114  3878  3878 E ImsManager: 	at com.android.ims.ImsManager.updateImsServiceConfig(ImsManager.java:777)
11-21 18:51:56.114  3878  3878 E ImsManager: 	at com.android.internal.telephony.GsmCdmaPhone.handleMessage(GsmCdmaPhone.java:2165)
11-21 18:51:56.114  3878  3878 E ImsManager: 	at android.os.Handler.dispatchMessage(Handler.java:102)
11-21 18:51:56.114  3878  3878 E ImsManager: 	at android.os.Looper.loop(Looper.java:154)
11-21 18:51:56.114  3878  3878 E ImsManager: 	at android.app.ActivityThread.main(ActivityThread.java:6186)
11-21 18:51:56.114  3878  3878 E ImsManager: 	at java.lang.reflect.Method.invoke(Native Method)
11-21 18:51:56.114  3878  3878 E ImsManager: 	at com.android.internal.os.ZygoteInit$MethodAndArgsCaller.run(ZygoteInit.java:889)
11-21 18:51:56.114  3878  3878 E ImsManager: 	at com.android.internal.os.ZygoteInit.main(ZygoteInit.java:779)
11-21 18:51:56.115  3878  3878 D GsmCdmaPhone: [GsmCdmaPhone] broadcastEmergencyCallStateChanges = false
11-21 18:51:56.115  3878  3878 E GsmCdmaPhone: [GsmCdmaPhone] Invalid cdma_roaming_mode settings: -1
11-21 18:51:56.115  3878  3878 D EriManager: loadEriFileFromXml: check for alternate file
11-21 18:51:56.116  3878  3878 D EriManager: loadEriFileFromXml: no alternate file
11-21 18:51:56.116  3878  3878 D EriManager: eriFile = eri.xml
11-21 18:51:56.118  3878  3878 D EriManager: loadEriFileFromXml: eri parsing successful, file loaded. ver = 1357, # of entries = 176
11-21 18:51:56.118  3878  3878 D GsmCdmaPhone: [GsmCdmaPhone] ERI read, notify registrants
11-21 18:51:56.128  3878  3878 D SubscriptionController: [getActiveSubscriptionInfo]+ subId=1 subInfo={id=1, iccId=89543420816751226808 simSlotIndex=0 displayName=Personal carrierName=Sin servicio  Personal nameSource=0 iconTint=-16746133 dataRoaming=0 iconBitmap=android.graphics.Bitmap@f77621e mcc 722 mnc 34 userNwMode=9}
11-21 18:51:56.172  3207  3619 E RILD    : [G] RX: (M)GPRS_CMD (S)GPRS_LTE_CA_STATUS (T)NOTI l:9 m:71 a:00 [ 00 0F ]
11-21 18:51:56.172  3207  3619 E RILD    : OnUnsolicitedResponse: unsolId: 11010 is pending
11-21 18:51:56.172  3207  3300 E RILD    : GLNET-MGR(3): evt(227)
11-21 18:51:56.172  3207  3300 E RILD    : NET-MGR: EVENT_LTE_CA_STATUS_NOTI
11-21 18:51:56.172  3207  3300 E RILD    : OnLteCaStatusNoti:
11-21 18:51:56.172  3207  3300 E RILD    : OnLteCaStatusNoti: LteCa status was changed:0->0
11-21 18:51:56.172  3207  3300 E RILD    : OnUnsolicitedResponse: unsolId: 11010 is pending
11-21 18:51:56.727  3878  3973 D GsmCellBroadcastHandler: mWakeLock released
11-21 18:51:56.731  3878  3975 D CellBroadcastHandler: mWakeLock released
11-21 18:51:56.743  3878  3977 D CdmaServiceCategoryProgramHandler: mWakeLock released
11-21 18:51:57.735  3207  3619 E RILD    : Nv::ProcessRfsPacket: full RFS frame received (49 packets / 99296 bytes)
11-21 18:51:57.735  3207  3619 E RILD    : Nv::ProcessRfsMessage: cmd = 0x02
11-21 18:51:57.736  3207  3619 E RILD    : Nv::GetChecksumValidityWith: nvdata
11-21 18:51:57.739  3207  3619 E RILD    : Nv::ComputeChecksum: ComputeChecksum Ok
11-21 18:51:57.739  3207  3619 E RILD    : Nv::GetChecksumValidityWith: checksum OK
11-21 18:51:57.739  3207  3619 E RILD    : Nv::ProcessNvWrite: offset=0x00080000, size=0x000183D2
11-21 18:51:57.743  3207  3619 E RILD    : Nv::ProcessNvWrite: writeCount 0x183D2(99282)
11-21 18:51:57.743  3207  3619 E RILD    : Nv::UpdateChecksumFile
11-21 18:51:57.746  3207  3619 E RILD    : Nv::ComputeChecksum: ComputeChecksum Ok
11-21 18:51:57.747  3207  3619 E RILD    : Nv::UpdateChecksumFile() SetIoBoost
11-21 18:51:57.747  3207  3619 E RILD    : Nv::UpdateChecksumFile() WriteBytes
11-21 18:51:57.748  3207  3619 E RILD    : Nv::SendRfsMessage
11-21 18:51:57.749  3207  3619 E RILD    : Nv::ProcessRfsPacket: full RFS frame received (9 packets / 17808 bytes)
11-21 18:51:57.749  3207  3619 E RILD    : Nv::ProcessRfsMessage: cmd = 0x02
11-21 18:51:57.749  3207  3619 E RILD    : Nv::GetChecksumValidityWith: nvdata
11-21 18:51:57.752  3207  3619 E RILD    : Nv::ComputeChecksum: ComputeChecksum Ok
11-21 18:51:57.752  3207  3619 E RILD    : Nv::GetChecksumValidityWith: checksum OK
11-21 18:51:57.752  3207  3619 E RILD    : Nv::ProcessNvWrite: offset=0x00000000, size=0x00004582
11-21 18:51:57.754  3207  3619 E RILD    : Nv::ProcessNvWrite: writeCount 0x4582(17794)
11-21 18:51:57.754  3207  3619 E RILD    : Nv::UpdateChecksumFile
11-21 18:51:57.758  3207  3619 E RILD    : Nv::ComputeChecksum: ComputeChecksum Ok
11-21 18:51:57.758  3207  3619 E RILD    : Nv::UpdateChecksumFile() SetIoBoost
11-21 18:51:57.758  3207  3619 E RILD    : Nv::UpdateChecksumFile() WriteBytes
11-21 18:51:57.759  3207  3619 E RILD    : Nv::SendRfsMessage
11-21 18:51:58.959  3207  3300 E RILD    : LEDC-MGR(9): evt(126)
11-21 18:51:58.959  3207  3300 E RILD    : RETRY_ALLOW_DATA, 1
11-21 18:51:58.959  3207  3300 E RILD    : DoSetAllowData: Allow = 1, mLastAllowData = -1, ril.dds.force= 0
11-21 18:51:58.959  3207  3300 E RILD    : IpcModem::SetDualStandbyPref
11-21 18:51:58.959  3207  3300 E RILD    : IpcProtocol41::IpcTxSetDualStandbyPref(), standbyPref=0
11-21 18:51:58.959  3207  3300 E RILD    : [G] TX: (M)NET_CMD (S)NET_DUAL_STANDBY_PREF (T)SET l:8 m:5c a:00 [ 00 ]
11-21 18:51:58.961  3207  3619 E RILD    : [G] RX: (M)GEN_CMD (S)GEN_PHONE_RES (T)RESP l:c m:72 a:5c [ 08 16 03 03 80 ]
11-21 18:51:58.961  3207  3619 E RILD    : IpcProtocol41 GR: 0x8003
11-21 18:51:58.961  3207  3619 E RILD    : IpcProtocol GR: 0x8003
11-21 18:51:58.962  3207  3300 E RILD    : LEDC-MGR(9): evt(122)
11-21 18:51:58.962  3207  3300 E RILD    : OnDdsFailed: Failed! count = 1
11-21 18:51:59.015  3878  3878 D DCT     : [0]NETWORK_STATE_CHANGED_ACTION: mIsWifiConnected=false
11-21 18:51:59.015  3878  3878 D WAP PUSH: Received broadcast android.intent.action.USER_UNLOCKED
11-21 18:51:59.015  3878  3878 D WAP PUSH: Received broadcast android.intent.action.USER_UNLOCKED
11-21 18:51:59.016  3878  3878 D SmsBroadcastUndelivered: Received broadcast android.intent.action.USER_UNLOCKED
11-21 18:51:59.016  3878  3878 D SubscriptionInfoUpdater: [Receiver]+
11-21 18:51:59.016  3878  3878 D SubscriptionInfoUpdater: Action: android.intent.action.USER_UNLOCKED
11-21 18:51:59.016  3878  4374 D SmsBroadcastUndelivered: scanning raw table for undelivered messages
11-21 18:51:59.016  3878  3878 D SubscriptionInfoUpdater: Broadcasting intent ACTION_SIM_STATE_CHANGED for mCardIndex: 0
11-21 18:51:59.017  3878  3878 D SubscriptionInfoUpdater: [Receiver]-
11-21 18:51:59.027  3878  3878 D SubscriptionInfoUpdater: [Receiver]+
11-21 18:51:59.028  3878  3878 D SubscriptionInfoUpdater: Action: android.intent.action.SIM_STATE_CHANGED
11-21 18:51:59.028  3878  3878 D SubscriptionInfoUpdater: slotId: 0
11-21 18:51:59.028  3878  3878 D SubscriptionInfoUpdater: simStatus: LOADED
11-21 18:51:59.028  3878  3878 D SubscriptionInfoUpdater: Ignoring simStatus: LOADED
11-21 18:51:59.028  3878  3878 D SubscriptionInfoUpdater: [Receiver]-
11-21 18:51:59.048  3878  4374 D SmsBroadcastUndelivered: finished scanning raw table in 31 ms
11-21 18:51:59.228  3207  3619 E RILD    : [G] RX: (M)SEC_CMD (S)SEC_PIN_STATUS (T)NOTI l:9 m:73 a:00 [ 83 00 ]
11-21 18:51:59.228  3207  3300 E RILD    : SMS-MGR(8): evt(8005)
11-21 18:51:59.228  3207  3300 E RILD    : OnUnsolicitedResponse: unsolId: 11008 is pending
11-21 18:51:59.228  3207  3301 E RILD    : Onprocessing: request id(46), handleEvent(120)
11-21 18:51:59.228  3207  3300 E RILD    : PB-MGR(14): evt(300)
11-21 18:51:59.228  3207  3301 E RILD    : Onprocessing: request id(1010), handleEvent(110)
11-21 18:51:59.228  3207  3300 E RILD    : OnPbInitComplete ril.initPB = 0
11-21 18:51:59.228  3207  3300 E RILD    : OnUnsolicitedResponse: unsolId: 11021 is pending
11-21 18:51:59.229  3207  3300 E RILD    : ims modem is null
11-21 18:51:59.229  3207  3619 E RILD    : [G] RX: (M)SMS_CMD (S)SMS_DEVICE_READY (T)NOTI l:8 m:74 a:00 [ 02 ]
11-21 18:51:59.229  3207  3300 E RILD    : SMS-MGR(8): evt(110)
11-21 18:51:59.229  3207  3300 E RILD    : DoGetSmscAddress():__
11-21 18:51:59.229  3207  3619 E RILD    : [G] RX: (M)PB_CMD (S)PB_3GPB_CAPA (T)NOTI l:1e m:75 a:00 [ 01 03 01 FE 00 0E 00 00 00 02 FE 00 28 00 00 00 07 FE 00 02 00 00 00 ]
11-21 18:51:59.229  3207  3300 E RILD    : [G] TX: (M)SMS_CMD (S)SMS_SVC_CENTER_ADDR (T)GET l:7 m:5d a:00 [ ]
11-21 18:51:59.229  3207  3619 E RILD    : ProcessSingleIpcMessageReceived() - There is no IpcHistoryRecord
11-21 18:51:59.229  3207  3300 E RILD    : SMS-MGR(8): evt(1002)
11-21 18:51:59.229  3207  3300 E RILD    : OnUnsolicitedResponse: unsolId: 11008 is pending
11-21 18:51:59.229  3207  3301 E RILD    : Onprocessing: request id(46), handleEvent(120)
11-21 18:51:59.229  3207  3301 E RILD    : Onprocessing: request id(1010), handleEvent(110)
11-21 18:51:59.250  3207  3619 E RILD    : [G] RX: (M)SMS_CMD (S)SMS_SVC_CENTER_ADDR (T)RESP l:13 m:76 a:5d [ 07 91 45 11 15 47 00 55 00 00 00 00 ]
11-21 18:51:59.250  3207  3300 E RILD    : SMS-MGR(8): evt(1009)
11-21 18:51:59.250  3207  3300 E RILD    : OnGetSmscAddressDone():__
11-21 18:51:59.250  3207  3300 E RILD    : RequestComplete - req : 1010, peek : 1010
11-21 18:51:59.250  3207  3300 E RILD    : SMSC: 541151740055
11-21 18:51:59.250  3207  3301 E RILD    : Onprocessing: request id(46), handleEvent(120)
11-21 18:51:59.250  3207  3301 E RILD    : Onprocessing: request id(1010), handleEvent(110)
11-21 18:51:59.250  3207  3300 E RILD    : SMS-MGR(8): evt(110)
11-21 18:51:59.250  3207  3300 E RILD    : DoGetSmscAddress():__
11-21 18:51:59.250  3207  3300 E RILD    : [G] TX: (M)SMS_CMD (S)SMS_SVC_CENTER_ADDR (T)GET l:7 m:5e a:00 [ ]
11-21 18:51:59.261  3207  3619 E RILD    : [G] RX: (M)SMS_CMD (S)SMS_SVC_CENTER_ADDR (T)RESP l:13 m:77 a:5e [ 07 91 45 11 15 47 00 55 00 00 00 00 ]
11-21 18:51:59.261  3207  3300 E RILD    : SMS-MGR(8): evt(1009)
11-21 18:51:59.261  3207  3300 E RILD    : OnGetSmscAddressDone():__
11-21 18:51:59.261  3207  3300 E RILD    : RequestComplete - req : 1010, peek : 1010
11-21 18:51:59.261  3207  3300 E RILD    : SMSC: 541151740055
11-21 18:51:59.261  3207  3301 E RILD    : Onprocessing: request id(46), handleEvent(120)
11-21 18:51:59.595  3878  3878 D SubscriptionController: [getPhoneId] asked for default subId=1
11-21 18:51:59.623  3878  3878 D GsmCdmaPhone: mBroadcastReceiver: action android.telephony.action.CARRIER_CONFIG_CHANGED
11-21 18:51:59.625  3878  3878 I CSST    : reading time to delay notification: -1
11-21 18:51:59.629  3878  3878 D ImsManager: updateVolteFeatureValue: available = false, enabled = true, nonTTY = true
11-21 18:51:59.629  3878  3878 E ImsManager: updateImsServiceConfig: 
11-21 18:51:59.629  3878  3878 E ImsManager: com.android.ims.ImsException: Service is unavailable, code = 106
11-21 18:51:59.629  3878  3878 E ImsManager: 	at com.android.ims.ImsManager.checkAndThrowExceptionIfServiceUnavailable(ImsManager.java:1359)
11-21 18:51:59.629  3878  3878 E ImsManager: 	at com.android.ims.ImsManager.getConfigInterface(ImsManager.java:1238)
11-21 18:51:59.629  3878  3878 E ImsManager: 	at com.android.ims.ImsManager.updateVolteFeatureValue(ImsManager.java:817)
11-21 18:51:59.629  3878  3878 E ImsManager: 	at com.android.ims.ImsManager.updateImsServiceConfig(ImsManager.java:777)
11-21 18:51:59.629  3878  3878 E ImsManager: 	at com.android.internal.telephony.GsmCdmaPhone.handleMessage(GsmCdmaPhone.java:2165)
11-21 18:51:59.629  3878  3878 E ImsManager: 	at android.os.Handler.dispatchMessage(Handler.java:102)
11-21 18:51:59.629  3878  3878 E ImsManager: 	at android.os.Looper.loop(Looper.java:154)
11-21 18:51:59.629  3878  3878 E ImsManager: 	at android.app.ActivityThread.main(ActivityThread.java:6186)
11-21 18:51:59.629  3878  3878 E ImsManager: 	at java.lang.reflect.Method.invoke(Native Method)
11-21 18:51:59.629  3878  3878 E ImsManager: 	at com.android.internal.os.ZygoteInit$MethodAndArgsCaller.run(ZygoteInit.java:889)
11-21 18:51:59.629  3878  3878 E ImsManager: 	at com.android.internal.os.ZygoteInit.main(ZygoteInit.java:779)
11-21 18:51:59.630  3878  3878 D GsmCdmaPhone: [GsmCdmaPhone] broadcastEmergencyCallStateChanges = false
11-21 18:51:59.630  3878  3878 E GsmCdmaPhone: [GsmCdmaPhone] Invalid cdma_roaming_mode settings: -1
11-21 18:51:59.630  3878  3878 D EriManager: loadEriFileFromXml: check for alternate file
11-21 18:51:59.630  3878  3878 D EriManager: loadEriFileFromXml: no alternate file
11-21 18:51:59.631  3878  3878 D EriManager: eriFile = eri.xml
11-21 18:51:59.632  3878  3878 D EriManager: loadEriFileFromXml: eri parsing successful, file loaded. ver = 1357, # of entries = 176
11-21 18:51:59.632  3878  3878 D GsmCdmaPhone: [GsmCdmaPhone] ERI read, notify registrants
11-21 18:51:59.637  3878  3878 D SubscriptionController: [getActiveSubscriptionInfo]+ subId=1 subInfo={id=1, iccId=89543420816751226808 simSlotIndex=0 displayName=Personal carrierName=Sin servicio  Personal nameSource=0 iconTint=-16746133 dataRoaming=0 iconBitmap=android.graphics.Bitmap@c4e8bd0 mcc 722 mnc 34 userNwMode=9}
11-21 18:52:00.182  3878  3891 D SubscriptionController: [getPhoneId] asked for default subId=1
11-21 18:52:00.203  3878  4201 D SubscriptionController: [getActiveSubscriptionInfo]+ subId=1 subInfo={id=1, iccId=89543420816751226808 simSlotIndex=0 displayName=Personal carrierName=Sin servicio  Personal nameSource=0 iconTint=-16746133 dataRoaming=0 iconBitmap=android.graphics.Bitmap@dc9c1ef mcc 722 mnc 34 userNwMode=9}
11-21 18:52:00.216  3878  4041 D PhoneFactory: SMS Prompt option:false
11-21 18:52:00.216  3878  4041 D RIL_UiccSmsController: isSmsSimPickActivityNeeded: false, sms prompt disabled.
11-21 18:52:00.239  3878  4216 D SubscriptionController: [getActiveSubscriptionInfo]+ subId=1 subInfo={id=1, iccId=89543420816751226808 simSlotIndex=0 displayName=Personal carrierName=Sin servicio  Personal nameSource=0 iconTint=-16746133 dataRoaming=0 iconBitmap=android.graphics.Bitmap@806ba32 mcc 722 mnc 34 userNwMode=9}
11-21 18:52:00.244  3878  4201 D PhoneFactory: SMS Prompt option:false
11-21 18:52:00.244  3878  4201 D RIL_UiccSmsController: isSmsSimPickActivityNeeded: false, sms prompt disabled.
11-21 18:52:00.247  3878  3878 D SipService: SipService: started!
11-21 18:52:00.249  3878  3878 D SipService: start:
11-21 18:52:00.258  3878  4041 D SubscriptionController: [getActiveSubscriptionInfo]+ subId=1 subInfo={id=1, iccId=89543420816751226808 simSlotIndex=0 displayName=Personal carrierName=Sin servicio  Personal nameSource=0 iconTint=-16746133 dataRoaming=0 iconBitmap=android.graphics.Bitmap@5fe13e2 mcc 722 mnc 34 userNwMode=9}
11-21 18:52:00.260  3878  4216 D SubscriptionController: [getActiveSubscriptionInfo]+ subId=1 subInfo={id=1, iccId=89543420816751226808 simSlotIndex=0 displayName=Personal carrierName=Sin servicio  Personal nameSource=0 iconTint=-16746133 dataRoaming=0 iconBitmap=android.graphics.Bitmap@a098373 mcc 722 mnc 34 userNwMode=9}
11-21 18:52:00.263  3878  3891 D PhoneFactory: SMS Prompt option:false
11-21 18:52:00.263  3878  3891 D RIL_UiccSmsController: isSmsSimPickActivityNeeded: false, sms prompt disabled.
11-21 18:52:00.267  3878  3890 D SubscriptionController: [getActiveSubscriptionInfo]+ subId=1 subInfo={id=1, iccId=89543420816751226808 simSlotIndex=0 displayName=Personal carrierName=Sin servicio  Personal nameSource=0 iconTint=-16746133 dataRoaming=0 iconBitmap=android.graphics.Bitmap@b6d8c2e mcc 722 mnc 34 userNwMode=9}
11-21 18:52:00.290  3878  3891 D SubscriptionController: [getActiveSubscriptionInfo]+ subId=1 subInfo={id=1, iccId=89543420816751226808 simSlotIndex=0 displayName=Personal carrierName=Sin servicio  Personal nameSource=0 iconTint=-16746133 dataRoaming=0 iconBitmap=android.graphics.Bitmap@e00c65 mcc 722 mnc 34 userNwMode=9}
11-21 18:52:00.295  3878  4041 D SubscriptionController: [getActiveSubscriptionInfo]+ subId=1 subInfo={id=1, iccId=89543420816751226808 simSlotIndex=0 displayName=Personal carrierName=Sin servicio  Personal nameSource=0 iconTint=-16746133 dataRoaming=0 iconBitmap=android.graphics.Bitmap@91fedeb mcc 722 mnc 34 userNwMode=9}
11-21 18:52:00.300  3878  4216 D SubscriptionController: [getPhoneId] asked for default subId=1
11-21 18:52:00.325  3878  3878 D CAT     : com.android.stk.BootCompletedReceiver: [ACTION_BOOT_COMPLETED]
11-21 18:52:00.325  3878  3878 D CAT     : com.android.stk.StkAppService: onStart sim id: 0, op: 5, *****
11-21 18:52:00.326  3878  4204 D CAT     : com.android.stk.StkAppService: handleMessage opcode[5], sim id[0]
11-21 18:52:00.326  3878  4204 D CAT     : com.android.stk.StkAppService:  OP_BOOT_COMPLETED
11-21 18:52:01.180  3878  3878 D DCT     : [0]NETWORK_STATE_CHANGED_ACTION: mIsWifiConnected=false
11-21 18:52:01.963  3207  3300 E RILD    : LEDC-MGR(9): evt(126)
11-21 18:52:01.963  3207  3300 E RILD    : RETRY_ALLOW_DATA, 2
11-21 18:52:01.963  3207  3300 E RILD    : DoSetAllowData: Allow = 1, mLastAllowData = -1, ril.dds.force= 0
11-21 18:52:01.963  3207  3300 E RILD    : IpcModem::SetDualStandbyPref
11-21 18:52:01.963  3207  3300 E RILD    : IpcProtocol41::IpcTxSetDualStandbyPref(), standbyPref=0
11-21 18:52:01.963  3207  3300 E RILD    : [G] TX: (M)NET_CMD (S)NET_DUAL_STANDBY_PREF (T)SET l:8 m:5f a:00 [ 00 ]
11-21 18:52:01.965  3207  3619 E RILD    : [G] RX: (M)GEN_CMD (S)GEN_PHONE_RES (T)RESP l:c m:78 a:5f [ 08 16 03 03 80 ]
11-21 18:52:01.965  3207  3619 E RILD    : IpcProtocol41 GR: 0x8003
11-21 18:52:01.965  3207  3619 E RILD    : IpcProtocol GR: 0x8003
11-21 18:52:01.965  3207  3300 E RILD    : LEDC-MGR(9): evt(122)
11-21 18:52:01.965  3207  3300 E RILD    : OnDdsFailed: Failed! count = 2
11-21 18:52:04.969  3207  3300 E RILD    : LEDC-MGR(9): evt(126)
11-21 18:52:04.969  3207  3300 E RILD    : RETRY_ALLOW_DATA, 3
11-21 18:52:04.969  3207  3300 E RILD    : DoSetAllowData: Allow = 1, mLastAllowData = -1, ril.dds.force= 0
11-21 18:52:04.969  3207  3300 E RILD    : IpcModem::SetDualStandbyPref
11-21 18:52:04.969  3207  3300 E RILD    : IpcProtocol41::IpcTxSetDualStandbyPref(), standbyPref=0
11-21 18:52:04.969  3207  3300 E RILD    : [G] TX: (M)NET_CMD (S)NET_DUAL_STANDBY_PREF (T)SET l:8 m:60 a:00 [ 00 ]
11-21 18:52:04.972  3207  3619 E RILD    : [G] RX: (M)GEN_CMD (S)GEN_PHONE_RES (T)RESP l:c m:79 a:60 [ 08 16 03 03 80 ]
11-21 18:52:04.972  3207  3619 E RILD    : IpcProtocol41 GR: 0x8003
11-21 18:52:04.972  3207  3619 E RILD    : IpcProtocol GR: 0x8003
11-21 18:52:04.972  3207  3300 E RILD    : LEDC-MGR(9): evt(122)
11-21 18:52:04.972  3207  3300 E RILD    : OnDdsFailed: Failed! count = 3
11-21 18:52:04.972  3207  3300 E RILD    : DoBroadcastDdsChangeResult : mSuccess=0, mPhoneId=0
11-21 18:52:04.972  3207  3300 E RILD    : Send recovery mode intent to phoneswitcher.
11-21 18:52:04.972  3207  3300 E RILD    : OnUnsolicitedResponse: unsolId: 11010 is pending
11-21 18:52:09.171  3878  3878 D DCT     : [0]screen on
11-21 18:52:09.171  3878  3878 D DCT     : [0]stopNetStatPoll
11-21 18:52:09.191  3878  3878 D DCT     : [0]screen off
11-21 18:52:09.191  3878  3878 D DCT     : [0]stopNetStatPoll
11-21 18:52:14.800  3878  3878 D RILJ    : [3746]> SIGNAL_STRENGTH [SUB0]
11-21 18:52:14.801  3207  3242 E RILD    : IsRegisteredNetworkType(): netType[1]  feature[00] state[0] 
11-21 18:52:14.801  3207  3301 E RILD    : DoRouteIn - FW reqId : 19
11-21 18:52:14.801  3207  3301 E RILD    : Onprocessing: request id(46), handleEvent(120)
11-21 18:52:23.291  3207  3619 E RILD    : [G] RX: (M)SAT_CMD (S)SAT_PROACTIVE_CMD (T)INDI l:91 m:7a a:ff [ 88 00 D0 81 85 81 03 01 13 00 82 02 81 83 05 00 06 07 91 45 11 15 47 00 11 0B 6F 51 01 05 81 44 14 F1 00 F6 01 64 02 70 00 00 5F 0D 00 00 00 00 49 4D 45 00 00 00 00 01 00 01 09 08 79 22 43 21 57 21 62 08 02 0A 98 45 43 02 18 76 15 22 86 80 83 08 3A 95 21 02 58 21 99 02 04 08 3A 85 08 09 57 81 50 00 05 14 FF FF FF FF 7F 9D 00 DF BF 00 00 1F E2 00 00 00 C3 EB 00 00 06 02 00 9A 07 02 20 01 08 06 00 01 00 00 01 00 ]
11-21 18:52:23.291  3207  3619 E RILD    : IpcProtocol41::IpcRxSatProactiveCmd()
11-21 18:52:23.291  3207  3300 E RILD    : STK-MGR(7): evt(200)
11-21 18:52:23.291  3207  3300 E RILD    : OnUnsolicitedResponse: unsolId: 1013
11-21 18:52:23.291  3878  3948 D RILJ    : [UNSL]< UNSOL_STK_PROACTIVE_COMMAND [SUB0]
11-21 18:52:23.292  3878  3878 D CAT     : CatService: handleMessage[2]
11-21 18:52:23.292  3878  3878 D CAT     : CatService: ril message arrived,slotid:0
11-21 18:52:23.292  3878  4199 D CAT     : CommandParamsFactory: process EventNotify
11-21 18:52:23.292  3878  4199 D CAT     : ValueParser: Alpha Id length=0
11-21 18:52:23.292  3878  4199 D CAT     : CommandParamsFactory: The smsc address is 0791451115470011
11-21 18:52:23.292  3878  4199 D CAT     : CommandParamsFactory: The SMS tpdu is 510105814414f100f60164027000005f0d00000000494d450000000001000109087922432157216208020a9845430218761522868083083a9521025821990204083a850809578150000514ffffffff7f9d00dfbf00001fe2000000c3eb00000602009a070220010806000100000100
11-21 18:52:23.292  3878  3878 D CAT     : CatService: handleMessage[10]
11-21 18:52:23.292  3878  3878 D CAT     : CatService: SEND_SMS
11-21 18:52:23.292  3878  3878 D CAT     : CatService: The smscaddress is: 0791451115470011
11-21 18:52:23.292  3878  3878 D CAT     : CatService: The SMS tpdu is: 510105814414f100f60164027000005f0d00000000494d450000000001000109087922432157216208020a9845430218761522868083083a9521025821990204083a850809578150000514ffffffff7f9d00dfbf00001fe2000000c3eb00000602009a070220010806000100000100
11-21 18:52:23.292  3878  3878 D RILJ    : [3747]> SEND_SMS [SUB0]
11-21 18:52:23.293  3878  3878 D CAT     : CatService: Sending CmdMsg: com.android.internal.telephony.cat.CatCmdMessage@60d7dc7 on slotid:0
11-21 18:52:23.293  3207  3242 E RILD    : IsRegisteredNetworkType(): netType[1]  feature[00] state[0] 
11-21 18:52:23.293  3207  3301 E RILD    : DoRouteIn - FW reqId : 25
11-21 18:52:23.293  3207  3301 E RILD    : Onprocessing: request id(46), handleEvent(120)
11-21 18:52:23.293  3207  3301 E RILD    : DoRouteOut - FW reqId : 25
11-21 18:52:23.293  3207  3301 E RILD    : Onprocessing: request id(25), handleEvent(100)
11-21 18:52:23.293  3207  3300 E RILD    : SMS-MGR(8): evt(100)
11-21 18:52:23.293  3207  3300 E RILD    : DoSendSms():
11-21 18:52:23.293  3207  3300 E RILD    : pdu : 510105814414F100F60164027000005F0D00000000494D450000000001000109087922432157216208020A9845430218761522868083083A9521025821990204083A850809578150000514FFFFFFFF7F9D00DFBF00001FE2000000C3EB00000602009A070220010806000100000100; smsc : 541151740011
11-21 18:52:23.293  3207  3300 E RILD    : Not supported element id 70
11-21 18:52:23.293  3207  3300 E RILD    : IsRegistered - Feature: 0x02, RegiCondition: 0, CheckVoLTELimited: 0
11-21 18:52:23.293  3207  3300 E RILD    : IsRegistered - Feature: 0x02, RegiCondition: 0, CheckVoLTELimited: 0
11-21 18:52:23.293  3207  3300 E RILD    : SendSms: pduSize 111 scaSize 8
11-21 18:52:23.293  3207  3300 E RILD    : IpcTxSendSms()
11-21 18:52:23.293  3207  3300 E RILD    : [G] TX: (M)SMS_CMD (S)SMS_SEND_MSG (T)EXEC l:82 m:61 a:00 [ 02 02 00 77 07 91 45 11 15 47 00 11 51 01 05 81 44 14 F1 00 F6 01 64 02 70 00 00 5F 0D 00 ... ]
11-21 18:52:23.295  3878  3878 D CAT     : StkCmdReceiver: handleAction, op: 1args: Bundle[{SLOT_ID=0, cmd message=com.android.internal.telephony.cat.CatCmdMessage@efb5ff4, op=1}], slot id: 0
11-21 18:52:23.295  3878  3878 D CAT     : com.android.stk.StkAppService: onStart sim id: 0, op: 1, *****
11-21 18:52:23.296  3878  4204 D CAT     : com.android.stk.StkAppService: handleMessage opcode[1], sim id[0]
11-21 18:52:23.296  3878  4204 D CAT     : com.android.stk.StkAppService: cmdName[SEND_SMS]
11-21 18:52:23.296  3878  4204 D CAT     : com.android.stk.StkAppService: [OP_CMD]
11-21 18:52:23.296  3878  4204 D CAT     : com.android.stk.StkAppService: [handleCmd]SEND_SMS
11-21 18:52:23.296  3878  4204 D CAT     : com.android.stk.StkAppService: launchEventMessage return
11-21 18:52:23.296  3207  3619 E RILD    : [G] RX: (M)GEN_CMD (S)GEN_PHONE_RES (T)RESP l:c m:7b a:61 [ 04 01 01 00 80 ]
11-21 18:52:23.296  3207  3619 E RILD    : IpcProtocol41 GR: 0x8000
11-21 18:52:23.296  3207  3619 E RILD    : IpcProtocol GR: 0x8000
11-21 18:52:23.296  3207  3619 E RILD    : ProcessSingleIpcMessageReceived() - There is no IpcHistoryRecord
11-21 18:52:23.298  3207  3619 E RILD    : [G] RX: (M)SMS_CMD (S)SMS_SEND_MSG (T)NOTI l:c m:7c a:00 [ 02 02 00 8F 00 ]
11-21 18:52:23.298  3207  3619 E RILD    : IpcRxSendMsg() : newMsg->network_type : 2
11-21 18:52:23.298  3207  3619 E RILD    : SendSMS Result: 0x2, Tp cause: 0x0,
11-21 18:52:23.298  3207  3300 E RILD    : SMS-MGR(8): evt(1003)
11-21 18:52:23.298  3207  3300 E RILD    : OnSendSmsDone():__
11-21 18:52:23.298  3207  3300 E RILD    : IsRegistered - Feature: 0x02, RegiCondition: 0, CheckVoLTELimited: 0
11-21 18:52:23.298  3207  3300 E RILD    : IsRegistered - Feature: 0x02, RegiCondition: 0, CheckVoLTELimited: 0
11-21 18:52:23.298  3207  3619 E RILD    : [G] RX: (M)SVC_CMD (S)SVC_BIG_DATA_INFO (T)NOTI l:ab m:7d a:00 [ 05 A1 00 7B 22 4A 56 45 52 22 3A 22 53 51 42 31 22 2C 22 50 4C 4D 4E 22 3A 22 37 32 32 33 34 23 22 2C 22 41 43 54 5F 22 3A 22 34 22 2C 22 52 41 43 5F 22 3A 22 30 22 2C 22 4C 41 43 5F 22 3A 22 30 30 30 30 22 2C 22 54 41 43 5F 22 3A 22 32 45 37 38 22 2C 22 43 5F 49 44 22 3A 22 32 42 46 32 45 30 31 22 2C 22 50 68 49 44 22 3A 22 32 33 33 22 2C 22 44 4C 43 68 22 3A 22 32 32 32 35 22 2C 22 52 67 53 74 22 3A 22 37 22 2C 22 52 45 46 5F 22 3A 22 31 34 33 22 2C 22 45 4E 44 52 22 3A 22 34 32 22 7D ]
11-21 18:52:23.298  3207  3300 E RILD    : RequestComplete - req : 25, peek : 25
11-21 18:52:23.298  3207  3619 E RILD    : IpcRxServiceMode:
11-21 18:52:23.298  3207  3619 E RILD    : IpcRxServiceModeBigDataInfo:
11-21 18:52:23.298  3207  3619 E RILD    : BIG_DATA_INFO(161): {"JVER":"SQB1","PLMN":"72234#","ACT_":"4","RAC_":"0","LAC_":"0000","TAC_":"2E78","C_ID":"2BF2E01","PhID":"233","DLCh":"2225","RgSt":"7","REF_":"143","ENDR":"42"}
11-21 18:52:23.298  3207  3300 E RILD    : OnUnsolicitedResponse: unsolId: 11002
11-21 18:52:23.298  3207  3619 E RILD    : OnUnsolicitedResponse: unsolId: 11010 is pending
11-21 18:52:23.298  3207  3619 E RILD    : ProcessSingleIpcMessageReceived() - There is no IpcHistoryRecord
11-21 18:52:23.298  3207  3300 E RILD    : IsRegistered - Feature: 0x02, RegiCondition: 0, CheckVoLTELimited: 0
11-21 18:52:23.298  3207  3300 E RILD    : IsRegistered - Feature: 0x02, RegiCondition: 0, CheckVoLTELimited: 0
11-21 18:52:23.298  3207  3300 E RILD    : OnUnsolicitedResponse: unsolId: 11010 is pending
11-21 18:52:23.298  3207  3301 E RILD    : Onprocessing: request id(46), handleEvent(120)
11-21 18:52:23.298  3878  3948 D RilRequest: [3747]< SEND_SMS error: com.android.internal.telephony.CommandException: GENERIC_FAILURE ret={ mMessageRef = 143, mErrorCode = 0, mAckPdu = }
11-21 18:52:32.018  3207  3619 E RILD    : [G] RX: (M)DISP_CMD (S)DISP_RSSI_INFO (T)NOTI l:13 m:7e a:00 [ 69 63 63 06 69 06 A4 01 00 FF 16 FF ]
11-21 18:52:32.018  3207  3619 E RILD    : ConvertDbmToAsu(): dbm=105, asu=4
11-21 18:52:32.018  3207  3619 E RILD    : IpcRxDispRssiInfo(): signalbar=-1, signal=4
11-21 18:52:32.018  3207  3619 E RILD    : Signal Strength: [ffffffff, 4, 99, 4, 200, 4, 200, -1, 6, 105, 6, 220, 0, 2147483647]
11-21 18:52:32.019  3207  3300 E RILD    : GLNET-MGR(3): evt(201)
11-21 18:52:32.019  3207  3300 E RILD    : NET-MGR: EVENT_NETWORK_SIGNAL_STRENGTH
11-21 18:52:32.019  3207  3300 E RILD    : OnNetworkSignalStrength() - mSignalBar: 2000
11-21 18:52:32.019  3207  3300 E RILD    : IsRegisteredNetworkType(): netType[1]  feature[00] state[0] 
11-21 18:52:32.019  3207  3300 E RILD    : OnUnsolicitedResponse: unsolId: 1009
11-21 18:53:23.298  3878  3878 D CAT     : CatService: handleMessage[11]
11-21 18:53:23.298  3878  3878 D CAT     : CatService: SMS SEND TIMEOUT
11-21 18:53:23.299  3878  3947 D RILJ    : NOTE: mWakeLockCount is 4at time of clearing
11-21 18:53:23.299  3878  3878 D CAT     : CatService: encodeOptionalTags() Unsupported Cmd details=CmdDetails: compRequired=true commandNumber=1 typeOfCommand=19 commandQualifier=0
11-21 18:53:23.299  3878  3878 D RILJ    : [3748]> REQUEST_STK_SEND_TERMINAL_RESPONSE [SUB0]
11-21 18:53:23.301  3878  3947 D RILJ    : WAKE_LOCK_TIMEOUT  mRequestList=4
11-21 18:53:23.301  3878  3947 D RILJ    : 0: [92] RIL_REQUEST_SET_INITIAL_ATTACH_APN
11-21 18:53:23.301  3878  3947 D RILJ    : 1: [95] RIL_REQUEST_SET_INITIAL_ATTACH_APN
11-21 18:53:23.301  3878  3947 D RILJ    : 2: [97] SET_NETWORK_SELECTION_AUTOMATIC
11-21 18:53:23.301  3878  3947 D RILJ    : 3: [98] SIGNAL_STRENGTH
11-21 18:53:23.303  3207  3242 E RILD    : IsRegisteredNetworkType(): netType[1]  feature[00] state[0] 
11-21 18:53:23.304  3207  3301 E RILD    : DoRouteIn - FW reqId : 70
11-21 18:53:23.304  3207  3301 E RILD    : DoRouteOut - FW reqId : 70
11-21 18:53:23.304  3207  3301 E RILD    : Onprocessing: request id(70), handleEvent(106)
11-21 18:53:23.304  3207  3300 E RILD    : STK-MGR(7): evt(106)
11-21 18:53:23.304  3207  3301 E RILD    : Onprocessing: request id(46), handleEvent(120)
11-21 18:53:23.304  3207  3300 E RILD    : IpcProtocol41::IpcTxGetProactiveCmd()
11-21 18:53:23.305  3207  3300 E RILD    : [G] TX: (M)SAT_CMD (S)SAT_PROACTIVE_CMD (T)GET l:208 m:62 a:00 [ 0C 81 03 01 13 00 02 02 82 81 83 01 20 00 00 00 00 00 00 00 00 00 00 00 00 00 00 00 00 00 00 00 00 00 00 00 00 00 00 00 00 00 00 00 00 00 00 00 00 00 00 00 00 00 00 00 00 00 00 00 00 00 00 00 00 00 00 00 00 00 00 00 00 00 00 00 00 00 00 00 00 00 00 00 00 00 00 00 00 00 00 00 00 00 00 00 00 00 00 00 00 00 00 00 00 00 00 00 00 00 00 00 00 00 00 00 00 00 00 00 00 00 00 00 00 00 00 00 00 00 00 00 00 00 00 00 00 00 00 00 00 00 00 00 00 00 00 00 00 00 00 00 00 00 00 00 00 00 00 00 00 00 00 00 00 00 00 00 00 00 00 00 00 00 00 00 00 00 00 00 00 00 00 00 00 00 00 00 00 00 00 00 00 00 00 00 00 00 00 00 00 00 00 00 00 00 00 00 00 00 00 00 00 00 00 00 00 00 00 00 00 00 00 00 00 00 00 00 00 00 00 00 00 00 00 00 00 00 00 00 00 00 00 00 00 00 00 00 00 00 00 00 00 00 00 00 00 00 00 00 00 00 00 00 00 00 00 00 00 00 00 00 00 00 00 00 00 00 00 00 00 00 00 00 00 00 00 00 00 00 00 00 00 00 00 00 00 00 00 00 00 00 00 00 00 00 00 00 00 00 00 00 00 00 00 00 00 ]
11-21 18:53:23.332  3207  3619 E RILD    : [G] RX: (M)SAT_CMD (S)SAT_PROACTIVE_CMD (T)RESP l:9 m:7f a:62 [ 90 00 ]
11-21 18:53:23.332  3207  3619 E RILD    : IpcProtocol41::IpcRxSatProactiveCmd()
11-21 18:53:23.332  3207  3300 E RILD    : STK-MGR(7): evt(203)
11-21 18:53:23.332  3207  3300 E RILD    : OnUnsolicitedResponse: unsolId: 1012
11-21 18:53:23.333  3207  3300 E RILD    : STK-MGR(7): evt(107)
11-21 18:53:23.333  3207  3300 E RILD    : RequestComplete - req : 70, peek : 70
11-21 18:53:23.333  3207  3301 E RILD    : Onprocessing: request id(46), handleEvent(120)
11-21 18:53:23.333  3878  3948 D RILJ    : [UNSL]< UNSOL_STK_SESSION_END [SUB0]
11-21 18:53:23.333  3878  3878 D CAT     : CatService: handleMessage[1]
11-21 18:53:23.333  3878  3878 D CAT     : CatService: ril message arrived,slotid:0
11-21 18:53:23.333  3878  3948 D RILJ    : [3748]< REQUEST_STK_SEND_TERMINAL_RESPONSE  [SUB0]
11-21 18:53:23.334  3878  3878 D CAT     : CatService: handleMessage[10]
11-21 18:53:23.334  3878  3878 D CAT     : CatService: SESSION END on 0
11-21 18:53:23.338  3878  3878 D CAT     : StkCmdReceiver: handleAction, op: 4args: Bundle[{SLOT_ID=0, op=4}], slot id: 0
11-21 18:53:23.341  3878  3878 D CAT     : com.android.stk.StkAppService: onStart sim id: 0, op: 4, *****
11-21 18:53:23.341  3878  4204 D CAT     : com.android.stk.StkAppService: handleMessage opcode[4], sim id[0]
11-21 18:53:23.342  3878  4204 D CAT     : StkAppService$StkContext: getPendingActivityInstance act : 0, null
11-21 18:53:23.342  3878  4204 D CAT     : StkAppService$StkContext: getPendingPrevActivityInstance act : 0, null
11-21 18:53:23.342  3878  4204 D CAT     : StkAppService$StkContext: getPendingDialogInstance act : 0, null
11-21 18:53:23.342  3878  4204 D CAT     : com.android.stk.StkAppService: cleanUpInstanceStackBySlot slotId: 0
11-21 18:53:23.342  3878  4204 D CAT     : com.android.stk.StkAppService: [handleSessionEnd] - mCurrentCmd changed to mMainCmd!.
11-21 18:53:23.342  3878  4204 D CAT     : com.android.stk.StkAppService: slotId: 0, mMenuState: 0
11-21 18:53:23.342  3878  4204 D CAT     : com.android.stk.StkAppService: [handleSessionEnd][mMenuState]false
11-21 18:53:24.495  3207  3619 E RILD    : [G] RX: (M)DISP_CMD (S)DISP_RSSI_INFO (T)NOTI l:13 m:80 a:00 [ 6B 63 63 04 6B 06 9A 01 00 FF 13 FF ]
11-21 18:53:24.495  3207  3619 E RILD    : ConvertDbmToAsu(): dbm=107, asu=3
11-21 18:53:24.495  3207  3619 E RILD    : IpcRxDispRssiInfo(): signalbar=-1, signal=3
11-21 18:53:24.495  3207  3619 E RILD    : Signal Strength: [ffffffff, 3, 99, 3, 200, 3, 200, -1, 4, 107, 6, 210, 0, 2147483647]
11-21 18:53:24.495  3207  3300 E RILD    : GLNET-MGR(3): evt(201)
11-21 18:53:24.495  3207  3300 E RILD    : NET-MGR: EVENT_NETWORK_SIGNAL_STRENGTH
11-21 18:53:24.495  3207  3300 E RILD    : OnNetworkSignalStrength() - mSignalBar: 2000
11-21 18:53:24.495  3207  3300 E RILD    : IsRegisteredNetworkType(): netType[1]  feature[00] state[0] 
11-21 18:53:24.496  3207  3300 E RILD    : OnUnsolicitedResponse: unsolId: 1009
11-21 18:53:42.415  3207  3619 E RILD    : [G] RX: (M)DISP_CMD (S)DISP_RSSI_INFO (T)NOTI l:13 m:81 a:00 [ 69 63 63 06 69 06 90 01 00 FF 13 FF ]
11-21 18:53:42.416  3207  3619 E RILD    : ConvertDbmToAsu(): dbm=105, asu=4
11-21 18:53:42.416  3207  3619 E RILD    : IpcRxDispRssiInfo(): signalbar=-1, signal=4
11-21 18:53:42.416  3207  3619 E RILD    : Signal Strength: [ffffffff, 4, 99, 4, 200, 4, 200, -1, 6, 105, 6, 200, 0, 2147483647]
11-21 18:53:42.416  3207  3300 E RILD    : GLNET-MGR(3): evt(201)
11-21 18:53:42.417  3207  3300 E RILD    : NET-MGR: EVENT_NETWORK_SIGNAL_STRENGTH
11-21 18:53:42.417  3207  3300 E RILD    : OnNetworkSignalStrength() - mSignalBar: 2000
11-21 18:53:42.417  3207  3300 E RILD    : IsRegisteredNetworkType(): netType[1]  feature[00] state[0] 
11-21 18:53:42.417  3207  3300 E RILD    : OnUnsolicitedResponse: unsolId: 1009
11-21 18:53:43.697  3207  3619 E RILD    : [G] RX: (M)DISP_CMD (S)DISP_RSSI_INFO (T)NOTI l:13 m:82 a:00 [ 67 63 63 08 67 06 90 01 00 FF 14 FF ]
11-21 18:53:43.697  3207  3619 E RILD    : ConvertDbmToAsu(): dbm=103, asu=5
11-21 18:53:43.698  3207  3619 E RILD    : IpcRxDispRssiInfo(): signalbar=-1, signal=5
11-21 18:53:43.698  3207  3619 E RILD    : Signal Strength: [ffffffff, 5, 99, 5, 200, 5, 200, -1, 8, 103, 6, 200, 0, 2147483647]
11-21 18:53:43.698  3207  3300 E RILD    : GLNET-MGR(3): evt(201)
11-21 18:53:43.698  3207  3300 E RILD    : NET-MGR: EVENT_NETWORK_SIGNAL_STRENGTH
11-21 18:53:43.699  3207  3300 E RILD    : OnNetworkSignalStrength() - mSignalBar: 2000
11-21 18:53:43.699  3207  3300 E RILD    : IsRegisteredNetworkType(): netType[1]  feature[00] state[0] 
11-21 18:53:43.699  3207  3300 E RILD    : OnUnsolicitedResponse: unsolId: 1009
11-21 18:53:47.632  3207  3619 E RILD    : [G] RX: (M)SAT_CMD (S)SAT_PROACTIVE_CMD (T)INDI l:91 m:83 a:ff [ 88 00 D0 81 85 81 03 01 13 00 82 02 81 83 05 00 06 07 91 45 11 15 47 00 11 0B 6F 51 01 05 81 44 14 F1 00 F6 01 64 02 70 00 00 5F 0D 00 00 00 00 49 4D 45 00 00 00 00 01 00 01 09 08 79 22 43 21 57 21 62 08 02 0A 98 45 43 02 18 76 15 22 86 80 83 08 3A 95 21 02 58 21 99 02 04 08 3A 85 08 09 57 81 50 00 05 14 FF FF FF FF 7F 9D 00 DF BF 00 00 1F E2 00 00 00 C3 EB 00 00 06 02 00 9A 07 02 20 01 08 06 00 01 00 00 01 00 ]
11-21 18:53:47.633  3207  3619 E RILD    : IpcProtocol41::IpcRxSatProactiveCmd()
11-21 18:53:47.633  3207  3300 E RILD    : STK-MGR(7): evt(200)
11-21 18:53:47.634  3207  3300 E RILD    : OnUnsolicitedResponse: unsolId: 1013
11-21 18:53:47.635  3878  3948 D RILJ    : [UNSL]< UNSOL_STK_PROACTIVE_COMMAND [SUB0]
11-21 18:53:47.635  3878  3878 D CAT     : CatService: handleMessage[2]
11-21 18:53:47.636  3878  3878 D CAT     : CatService: ril message arrived,slotid:0
11-21 18:53:47.637  3878  4199 D CAT     : CommandParamsFactory: process EventNotify
11-21 18:53:47.637  3878  4199 D CAT     : ValueParser: Alpha Id length=0
11-21 18:53:47.637  3878  4199 D CAT     : CommandParamsFactory: The smsc address is 0791451115470011
11-21 18:53:47.638  3878  4199 D CAT     : CommandParamsFactory: The SMS tpdu is 510105814414f100f60164027000005f0d00000000494d450000000001000109087922432157216208020a9845430218761522868083083a9521025821990204083a850809578150000514ffffffff7f9d00dfbf00001fe2000000c3eb00000602009a070220010806000100000100
11-21 18:53:47.639  3878  3878 D CAT     : CatService: handleMessage[10]
11-21 18:53:47.640  3878  3878 D CAT     : CatService: SEND_SMS
11-21 18:53:47.641  3878  3878 D CAT     : CatService: The smscaddress is: 0791451115470011
11-21 18:53:47.641  3878  3878 D CAT     : CatService: The SMS tpdu is: 510105814414f100f60164027000005f0d00000000494d450000000001000109087922432157216208020a9845430218761522868083083a9521025821990204083a850809578150000514ffffffff7f9d00dfbf00001fe2000000c3eb00000602009a070220010806000100000100
11-21 18:53:47.642  3878  3878 D RILJ    : [3749]> SEND_SMS [SUB0]
11-21 18:53:47.645  3878  3878 D CAT     : CatService: Sending CmdMsg: com.android.internal.telephony.cat.CatCmdMessage@2fc631d on slotid:0
11-21 18:53:47.646  3207  3242 E RILD    : IsRegisteredNetworkType(): netType[1]  feature[00] state[0] 
11-21 18:53:47.646  3207  3301 E RILD    : DoRouteIn - FW reqId : 25
11-21 18:53:47.646  3207  3301 E RILD    : Onprocessing: request id(46), handleEvent(120)
11-21 18:53:47.646  3207  3301 E RILD    : DoRouteOut - FW reqId : 25
11-21 18:53:47.647  3207  3301 E RILD    : Onprocessing: request id(25), handleEvent(100)
11-21 18:53:47.647  3207  3300 E RILD    : SMS-MGR(8): evt(100)
11-21 18:53:47.647  3207  3300 E RILD    : DoSendSms():
11-21 18:53:47.647  3207  3300 E RILD    : pdu : 510105814414F100F60164027000005F0D00000000494D450000000001000109087922432157216208020A9845430218761522868083083A9521025821990204083A850809578150000514FFFFFFFF7F9D00DFBF00001FE2000000C3EB00000602009A070220010806000100000100; smsc : 541151740011
11-21 18:53:47.648  3207  3300 E RILD    : Not supported element id 70
11-21 18:53:47.648  3207  3300 E RILD    : IsRegistered - Feature: 0x02, RegiCondition: 0, CheckVoLTELimited: 0
11-21 18:53:47.648  3207  3300 E RILD    : IsRegistered - Feature: 0x02, RegiCondition: 0, CheckVoLTELimited: 0
11-21 18:53:47.648  3207  3300 E RILD    : SendSms: pduSize 111 scaSize 8
11-21 18:53:47.648  3207  3300 E RILD    : IpcTxSendSms()
11-21 18:53:47.648  3207  3300 E RILD    : [G] TX: (M)SMS_CMD (S)SMS_SEND_MSG (T)EXEC l:82 m:63 a:00 [ 02 02 00 77 07 91 45 11 15 47 00 11 51 01 05 81 44 14 F1 00 F6 01 64 02 70 00 00 5F 0D 00 ... ]
11-21 18:53:47.652  3207  3619 E RILD    : [G] RX: (M)GEN_CMD (S)GEN_PHONE_RES (T)RESP l:c m:84 a:63 [ 04 01 01 00 80 ]
11-21 18:53:47.652  3207  3619 E RILD    : IpcProtocol41 GR: 0x8000
11-21 18:53:47.652  3207  3619 E RILD    : IpcProtocol GR: 0x8000
11-21 18:53:47.652  3207  3619 E RILD    : ProcessSingleIpcMessageReceived() - There is no IpcHistoryRecord
11-21 18:53:47.654  3878  3878 D CAT     : StkCmdReceiver: handleAction, op: 1args: Bundle[{SLOT_ID=0, cmd message=com.android.internal.telephony.cat.CatCmdMessage@1173992, op=1}], slot id: 0
11-21 18:53:47.655  3207  3619 E RILD    : [G] RX: (M)SMS_CMD (S)SMS_SEND_MSG (T)NOTI l:c m:85 a:00 [ 02 02 00 90 00 ]
11-21 18:53:47.655  3207  3619 E RILD    : IpcRxSendMsg() : newMsg->network_type : 2
11-21 18:53:47.656  3207  3619 E RILD    : SendSMS Result: 0x2, Tp cause: 0x0,
11-21 18:53:47.656  3207  3300 E RILD    : SMS-MGR(8): evt(1003)
11-21 18:53:47.656  3207  3300 E RILD    : OnSendSmsDone():__
11-21 18:53:47.656  3207  3300 E RILD    : IsRegistered - Feature: 0x02, RegiCondition: 0, CheckVoLTELimited: 0
11-21 18:53:47.656  3207  3300 E RILD    : IsRegistered - Feature: 0x02, RegiCondition: 0, CheckVoLTELimited: 0
11-21 18:53:47.657  3207  3619 E RILD    : [G] RX: (M)SVC_CMD (S)SVC_BIG_DATA_INFO (T)NOTI l:ab m:86 a:00 [ 05 A1 00 7B 22 4A 56 45 52 22 3A 22 53 51 42 31 22 2C 22 50 4C 4D 4E 22 3A 22 37 32 32 33 34 23 22 2C 22 41 43 54 5F 22 3A 22 34 22 2C 22 52 41 43 5F 22 3A 22 30 22 2C 22 4C 41 43 5F 22 3A 22 30 30 30 30 22 2C 22 54 41 43 5F 22 3A 22 32 45 37 38 22 2C 22 43 5F 49 44 22 3A 22 32 42 46 32 45 30 31 22 2C 22 50 68 49 44 22 3A 22 32 33 33 22 2C 22 44 4C 43 68 22 3A 22 32 32 32 35 22 2C 22 52 67 53 74 22 3A 22 37 22 2C 22 52 45 46 5F 22 3A 22 31 34 34 22 2C 22 45 4E 44 52 22 3A 22 34 32 22 7D ]
11-21 18:53:47.657  3207  3619 E RILD    : IpcRxServiceMode:
11-21 18:53:47.657  3207  3619 E RILD    : IpcRxServiceModeBigDataInfo:
11-21 18:53:47.657  3207  3619 E RILD    : BIG_DATA_INFO(161): {"JVER":"SQB1","PLMN":"72234#","ACT_":"4","RAC_":"0","LAC_":"0000","TAC_":"2E78","C_ID":"2BF2E01","PhID":"233","DLCh":"2225","RgSt":"7","REF_":"144","ENDR":"42"}
11-21 18:53:47.657  3207  3619 E RILD    : OnUnsolicitedResponse: unsolId: 11010 is pending
11-21 18:53:47.657  3207  3619 E RILD    : ProcessSingleIpcMessageReceived() - There is no IpcHistoryRecord
11-21 18:53:47.658  3878  3948 D RilRequest: [3749]< SEND_SMS error: com.android.internal.telephony.CommandException: GENERIC_FAILURE ret={ mMessageRef = 144, mErrorCode = 0, mAckPdu = }
11-21 18:53:47.659  3878  3878 D CAT     : com.android.stk.StkAppService: onStart sim id: 0, op: 1, *****
11-21 18:53:47.659  3207  3300 E RILD    : RequestComplete - req : 25, peek : 25
11-21 18:53:47.659  3207  3301 E RILD    : Onprocessing: request id(46), handleEvent(120)
11-21 18:53:47.660  3878  4204 D CAT     : com.android.stk.StkAppService: handleMessage opcode[1], sim id[0]
11-21 18:53:47.660  3207  3300 E RILD    : OnUnsolicitedResponse: unsolId: 11002
11-21 18:53:47.660  3878  4204 D CAT     : com.android.stk.StkAppService: cmdName[SEND_SMS]
11-21 18:53:47.661  3878  4204 D CAT     : com.android.stk.StkAppService: [OP_CMD]
11-21 18:53:47.661  3207  3300 E RILD    : IsRegistered - Feature: 0x02, RegiCondition: 0, CheckVoLTELimited: 0
11-21 18:53:47.661  3878  4204 D CAT     : com.android.stk.StkAppService: [handleCmd]SEND_SMS
11-21 18:53:47.661  3207  3300 E RILD    : IsRegistered - Feature: 0x02, RegiCondition: 0, CheckVoLTELimited: 0
11-21 18:53:47.661  3878  4204 D CAT     : com.android.stk.StkAppService: launchEventMessage return
11-21 18:53:47.661  3207  3300 E RILD    : OnUnsolicitedResponse: unsolId: 11010 is pending
11-21 18:54:19.158  3878  3878 D RILJ    : [3750]> RIL_REQUEST_GET_ACTIVITY_INFO [SUB0]
11-21 18:54:19.161  3207  3242 E RILD    : IsRegisteredNetworkType(): netType[1]  feature[00] state[0] 
11-21 18:54:19.161  3207  3301 E RILD    : DoRouteIn - FW reqId : 135
11-21 18:54:19.161  3207  3301 E RILD    : Onprocessing: request id(46), handleEvent(120)
11-21 18:54:19.161  3207  3301 E RILD    : DoRouteOut - FW reqId : 135
11-21 18:54:19.161  3207  3301 E RILD    : Onprocessing: request id(135), handleEvent(182)
11-21 18:54:19.162  3207  3300 E RILD    : GMISC-MGR(18): evt(182)
11-21 18:54:19.162  3207  3300 E RILD    : IpcProtocol41::IpcTxGetActivityInfo()
11-21 18:54:19.162  3207  3300 E RILD    : [G] TX: (M)MISC_CMD (S)MISC_MODEM_ACTIVITY_INFO (T)GET l:7 m:64 a:00 [ ]
11-21 18:54:19.166  3207  3619 E RILD    : [G] RX: (M)MISC_CMD (S)MISC_MODEM_ACTIVITY_INFO (T)RESP l:2b m:87 a:64 [ 14 B7 01 00 6F 7E 00 00 00 00 00 00 78 00 00 00 00 00 00 00 00 00 00 00 00 00 00 00 01 0D 00 00 00 00 00 00 ]
11-21 18:54:19.166  3207  3619 E RILD    : IpcProtocol41::IpcRxMiscModemActivityInfoResp()
11-21 18:54:19.167  3207  3300 E RILD    : GMISC-MGR(18): evt(183)
11-21 18:54:19.167  3207  3300 E RILD    : RequestComplete - req : 135, peek : 135
11-21 18:54:19.168  3207  3301 E RILD    : Onprocessing: request id(46), handleEvent(120)
11-21 18:54:19.168  3878  3948 D RILJ    : Modem activity info received: sleepModeTimeMs=112404 idleModeTimeMs=32367 txModeTimeMs[]=[0, 120, 0, 0, 0] rxModeTimeMs=3329 [SUB0]
11-21 18:54:19.169  3878  3948 D RILJ    : [3750]< RIL_REQUEST_GET_ACTIVITY_INFO ModemActivityInfo{ mTimestamp=153034 mSleepTimeMs=112404 mIdleTimeMs=32367 mTxTimeMs[]=[0, 120, 0, 0, 0] mRxTimeMs=3329 mEnergyUsed=0} [SUB0]
11-21 18:54:47.651  3878  3878 D CAT     : CatService: handleMessage[11]
11-21 18:54:47.651  3878  3878 D CAT     : CatService: SMS SEND TIMEOUT
11-21 18:54:47.652  3878  3878 D CAT     : CatService: encodeOptionalTags() Unsupported Cmd details=CmdDetails: compRequired=true commandNumber=1 typeOfCommand=19 commandQualifier=0
11-21 18:54:47.652  3878  3878 D RILJ    : [3751]> REQUEST_STK_SEND_TERMINAL_RESPONSE [SUB0]
11-21 18:54:47.668  3207  3242 E RILD    : IsRegisteredNetworkType(): netType[1]  feature[00] state[0] 
11-21 18:54:47.668  3207  3301 E RILD    : DoRouteIn - FW reqId : 70
11-21 18:54:47.669  3207  3301 E RILD    : DoRouteOut - FW reqId : 70
11-21 18:54:47.669  3207  3301 E RILD    : Onprocessing: request id(70), handleEvent(106)
11-21 18:54:47.669  3207  3301 E RILD    : Onprocessing: request id(46), handleEvent(120)
11-21 18:54:47.669  3207  3300 E RILD    : STK-MGR(7): evt(106)
11-21 18:54:47.669  3207  3300 E RILD    : IpcProtocol41::IpcTxGetProactiveCmd()
11-21 18:54:47.671  3207  3300 E RILD    : [G] TX: (M)SAT_CMD (S)SAT_PROACTIVE_CMD (T)GET l:208 m:65 a:00 [ 0C 81 03 01 13 00 02 02 82 81 83 01 20 00 00 00 00 00 00 00 00 00 00 00 00 00 00 00 00 00 00 00 00 00 00 00 00 00 00 00 00 00 00 00 00 00 00 00 00 00 00 00 00 00 00 00 00 00 00 00 00 00 00 00 00 00 00 00 00 00 00 00 00 00 00 00 00 00 00 00 00 00 00 00 00 00 00 00 00 00 00 00 00 00 00 00 00 00 00 00 00 00 00 00 00 00 00 00 00 00 00 00 00 00 00 00 00 00 00 00 00 00 00 00 00 00 00 00 00 00 00 00 00 00 00 00 00 00 00 00 00 00 00 00 00 00 00 00 00 00 00 00 00 00 00 00 00 00 00 00 00 00 00 00 00 00 00 00 00 00 00 00 00 00 00 00 00 00 00 00 00 00 00 00 00 00 00 00 00 00 00 00 00 00 00 00 00 00 00 00 00 00 00 00 00 00 00 00 00 00 00 00 00 00 00 00 00 00 00 00 00 00 00 00 00 00 00 00 00 00 00 00 00 00 00 00 00 00 00 00 00 00 00 00 00 00 00 00 00 00 00 00 00 00 00 00 00 00 00 00 00 00 00 00 00 00 00 00 00 00 00 00 00 00 00 00 00 00 00 00 00 00 00 00 00 00 00 00 00 00 00 00 00 00 00 00 00 00 00 00 00 00 00 00 00 00 00 00 00 00 00 00 00 00 00 00 00 ]
11-21 18:54:47.709  3207  3619 E RILD    : [G] RX: (M)SAT_CMD (S)SAT_PROACTIVE_CMD (T)RESP l:9 m:88 a:65 [ 90 00 ]
11-21 18:54:47.709  3207  3619 E RILD    : IpcProtocol41::IpcRxSatProactiveCmd()
11-21 18:54:47.710  3207  3300 E RILD    : STK-MGR(7): evt(203)
11-21 18:54:47.710  3207  3300 E RILD    : OnUnsolicitedResponse: unsolId: 1012
11-21 18:54:47.711  3207  3300 E RILD    : STK-MGR(7): evt(107)
11-21 18:54:47.711  3878  3948 D RILJ    : [UNSL]< UNSOL_STK_SESSION_END [SUB0]
11-21 18:54:47.711  3207  3300 E RILD    : RequestComplete - req : 70, peek : 70
11-21 18:54:47.711  3207  3301 E RILD    : Onprocessing: request id(46), handleEvent(120)
11-21 18:54:47.712  3878  3948 D RILJ    : [3751]< REQUEST_STK_SEND_TERMINAL_RESPONSE  [SUB0]
11-21 18:54:47.713  3878  3878 D CAT     : CatService: handleMessage[1]
11-21 18:54:47.713  3878  3878 D CAT     : CatService: ril message arrived,slotid:0
11-21 18:54:47.714  3878  3878 D CAT     : CatService: handleMessage[10]
