11-21 18:51:48.890  3203  3203 D boot    : cbd: get_cmdline_str: find str androidboot.debug_level=0x4f4c form /proc/cmdline
11-21 18:51:48.890  3203  3203 D boot    : cbd: check_debug_level: androidboot.debug_level=0x4f4c, 0
11-21 18:51:48.890  3203  3203 D boot    : cbd: check_debug_level: debug level=0, cp_debug=0
11-21 18:51:48.891  3203  3203 D boot    : cbd: main: Daemon Mode
11-21 18:51:48.891  3203  3203 D boot    : cbd: main: SS310 modem
11-21 18:51:48.891  3203  3203 D boot    : cbd: main: boot SHMEM link
11-21 18:51:48.891  3203  3203 D boot    : cbd: main: main SHMEM link
11-21 18:51:48.891  3203  3203 D boot    : cbd: main: partition number : platform/11120000.ufs/by-name/RADIO
11-21 18:51:48.891  3203  3203 D boot    : cbd: main: partition path : /dev/block/platform/11120000.ufs/by-name/RADIO
11-21 18:51:48.891  3203  3203 D boot    : cbd: main: partition number : platform/11120000.ufs/by-name/CP_DEBUG
11-21 18:51:48.891  3203  3203 D boot    : cbd: main: partition path : /dev/block/platform/11120000.ufs/by-name/CP_DEBUG
11-21 18:51:48.891  3203  3203 D boot    : cbd: main: Call boot start
11-21 18:51:48.891  3203  3203 D boot    : cbd: check_board_revision: model_info-system_rev: 010
11-21 18:51:48.892  3203  3203 D boot    : cbd: start_shannon310_boot: CP boot device = /dev/umts_boot0
11-21 18:51:48.892  3203  3203 D boot    : cbd: start_shannon310_boot: CP binary file = /dev/block/platform/11120000.ufs/by-name/RADIO
11-21 18:51:48.892  3203  3203 D boot    : cbd: start_shannon310_boot: CP NV file = /efs/nv_data.bin
11-21 18:51:48.892  3203  3203 D boot    : cbd: start_shannon310_boot: BOOT link SHMEM
11-21 18:51:48.892  3203  3203 D boot    : cbd: start_shannon310_boot: MAIN link SHMEM
11-21 18:51:48.904  3207  3207 D RILD    : **RIL Daemon Started**
11-21 18:51:48.904  3207  3207 D RILD    : **RILd param count=1**
11-21 18:51:48.904  3207  3207 D RILD    : rilLibPath = /system/lib64/libsec-ril.so
11-21 18:51:48.963  3207  3207 D RILD    : RIL_Init argc = 3 clientId = 0
11-21 18:51:48.963  3207  3207 E RILD    : RIL_Init: RilIndex: 0
11-21 18:51:48.964  3207  3207 E RILD    : Create XmlParser
11-21 18:51:48.967  3207  3207 E RILD    : RIL_Init: SimCount: 1
11-21 18:51:48.969  3207  3207 E RILD    : Region():
11-21 18:51:48.969  3207  3207 E RILD    : It is not support of OMC V4
11-21 18:51:48.969  3207  3207 E RILD    : CscSalesCode() / CscCountry() / CscCountryISO() / OmcNwCode()
11-21 18:51:48.969  3207  3207 E RILD    : SetCSCode: entered
11-21 18:51:48.970  3207  3207 E RILD    : SetCSCode: sales code ARO
11-21 18:51:48.971  3207  3207 E RILD    : UpdateNetworkTypeCapability() - Can't use NTC value (NetworkTypeCapability: )
11-21 18:51:48.971  3207  3207 E RILD    : UpdateNetworkTypeCapability() - buildChar: default, NtcModelCategory: 0, NtcModelType: 0
11-21 18:51:48.972  3207  3207 E RILD    : RIL_Init: ModelType[LTE]
11-21 18:51:48.972  3207  3207 E RILD    : RIL_Init: phy intf: rmnet_mhi0, gsm net prefix: rmnet
11-21 18:51:48.972  3207  3207 E RILD    : First Ril
11-21 18:51:48.972  3207  3207 E RILD    : LoadLogLevel: Log level is 3.
11-21 18:51:48.972  3207  3207 E RILD    : RIL_Init: version(8)
11-21 18:51:48.972  3207  3207 D RILD    : RIL_Init rilInit completed
11-21 18:51:48.972  3207  3207 I RILC    : socket_id: 0
11-21 18:51:48.972  3207  3207 E RILC    : RIL_register: RIL version 8
11-21 18:51:48.972  3207  3207 I RILC    : s_registerCalled flag set, 1
11-21 18:51:48.972  3207  3207 I RILC    : Start to listen RIL_SOCKET_1
11-21 18:51:48.972  3207  3207 D RILD    : RIL_Init RIL_register completed
11-21 18:51:48.972  3207  3207 D RILD    : RIL_register_socket started
11-21 18:51:48.972  3207  3207 D RIL_UIM_SOCKET: Adding socket with id: 0
11-21 18:51:48.972  3207  3207 D RILD    : RIL_register_socket completed
11-21 18:51:48.972  3207  3207 D RILD    : RIL_Init starting sleep loop
11-21 18:51:49.042  3210  3210 E RILClient: Connect_RILD: Connecting failed. Connection refused(111)
11-21 18:51:49.072  3207  3242 E RILD    : LazyRilInit
11-21 18:51:49.072  3207  3242 E RILD    : SecRil(): ModelType: 2
11-21 18:51:49.073  3207  3242 E RILD    : LoadModemConfiguration(): NumModem(1).
11-21 18:51:49.073  3207  3242 E RILD    : Modem config #0: index[0], iftype[3], ifname[/dev/umts_ipc0], mtype[4], proto[1], protover[2], dbg-ifname[IPCDEBUG_UNIX_SOCKET]
11-21 18:51:49.073  3207  3242 E RILD    : Modem config #0: rfsIfName[/dev/umts_rfs0], nvHeader[nv], modemDev[/dev/mbin0], nvSize[1048576], nvDir[/efs] nvOffSet[10485760]
11-21 18:51:49.074  3207  3242 E RILD    : Debug channel is not opened for ship build.
11-21 18:51:49.074  3207  3242 E RILD    : Nv::CheckEfsMountMode: found_rw_fs is 2
11-21 18:51:49.074  3207  3242 E RILD    : Nv::isSecureEfsMounted: secure EFS is not mounted
11-21 18:51:49.075  3207  3242 E RILD    : Nv::InitNvOffset: index(0) : TOC 	 0x0 	 0x200
11-21 18:51:49.075  3207  3242 E RILD    : Nv::InitNvOffset: index(1) : BOOT 	 0x200 	 0x1EB4
11-21 18:51:49.075  3207  3242 E RILD    : Nv::InitNvOffset: index(2) : MAIN 	 0x20C0 	 0x246F038
11-21 18:51:49.075  3207  3242 E RILD    : Nv::InitNvOffset: index(3) : VSS 	 0x2471100 	 0x470C44
11-21 18:51:49.075  3207  3242 E RILD    : Nv::InitNvOffset: index(4) : NV 	 0x0 	 0x100000
11-21 18:51:49.075  3207  3242 E RILD    : Nv::InitNvOffset: NV
11-21 18:51:49.075  3207  3242 E RILD    : Nv::InitNvOffset: index(5) : OFFSET 	 0x7AA00 	 0x85600
11-21 18:51:49.075  3207  3242 E RILD    : Nv::InitNvOffset: OFFSET
11-21 18:51:49.075  3207  3242 E RILD    : Nv::InitNvOffset: index(6) :  	 0x0 	 0x0
11-21 18:51:49.075  3207  3242 E RILD    : Nv::InitNvOffset: index(7) :  	 0x0 	 0x0
11-21 18:51:49.075  3207  3242 E RILD    : Nv::InitNvOffset: index(8) :  	 0x0 	 0x0
11-21 18:51:49.075  3207  3242 E RILD    : Nv::InitNvOffset: index(9) :  	 0x0 	 0x0
11-21 18:51:49.075  3207  3242 E RILD    : Nv::InitNvOffset: index(10) :  	 0x0 	 0x0
11-21 18:51:49.075  3207  3242 E RILD    : Nv::InitNvOffset: index(11) :  	 0x0 	 0x0
11-21 18:51:49.075  3207  3242 E RILD    : Nv::InitNvOffset: index(12) :  	 0x0 	 0x0
11-21 18:51:49.075  3207  3242 E RILD    : Nv::InitNvOffset: index(13) :  	 0x0 	 0x0
11-21 18:51:49.075  3207  3242 E RILD    : Nv::InitNvOffset: index(14) :  	 0x0 	 0x0
11-21 18:51:49.075  3207  3242 E RILD    : End Of TOC(15)
11-21 18:51:49.076  3207  3242 E RILD    : Nv::LoadNvChecksumState: checksum state 1
11-21 18:51:49.076  3207  3242 E RILD    : Nv::SetChecksumState: on 1
11-21 18:51:49.076  3207  3242 E RILD    : Nv::CopyLogElfs() mNvDefaultDevice - /dev/mbin0
11-21 18:51:49.076  3207  3242 E RILD    : Nv::CopyLogElfs() mLogElfsOffset - 0, mLogElfsSize - 0
11-21 18:51:49.076  3207  3242 E RILD    : Nv::CheckNvDataChecksum: 
11-21 18:51:49.076  3207  3242 E RILD    : Nv::ReadHeader: Writting Count : 0x89780009(-1988624375)
11-21 18:51:49.076  3207  3242 E RILD    : Nv::ReadHeader: Item Count : 0x847886(8681606))
11-21 18:51:49.076  3207  3242 E RILD    : Nv::ReadHeader: Data Size : 0x183BF(99263) Byte
11-21 18:51:49.085  3207  3242 E RILD    : Nv::CompareCheckSum: Checksum Offset : 0x983D0
11-21 18:51:49.085  3207  3242 E RILD    : Nv::CompareCheckSum: Checksum is OK : 0x7723
11-21 18:51:49.085  3207  3242 E RILD    : Nv::CheckNvDataChecksum: check sum NvDataPath valid
11-21 18:51:49.085  3207  3242 E RILD    : Nv::CheckNvDataValidity: 
11-21 18:51:49.085  3207  3242 E RILD    : Nv::IsNvDataSizeValid
11-21 18:51:49.085  3207  3242 E RILD    : Nv::GetChecksumValidityWith: nvdata
11-21 18:51:49.104  3207  3242 E RILD    : Nv::ComputeChecksum: ComputeChecksum Ok
11-21 18:51:49.105  3207  3242 E RILD    : Nv::GetChecksumValidityWith: checksum OK
11-21 18:51:49.105  3207  3242 E RILD    : create Thread.
11-21 18:51:49.106  3207  3289 E RILD    : Force-exit is required for this thread
11-21 18:51:49.106  3207  3242 E RILD    : fail to remove MSISDN_FILE_PATH
11-21 18:51:49.106  3207  3242 E RILD    : fail to remove IMSIM_FILE
11-21 18:51:49.106  3207  3242 E RILD    : fail to remove IMSIG_FILE
11-21 18:51:49.106  3207  3242 E RILD    : fail to remove MDN_FILE
11-21 18:51:49.114  3207  3242 E RILD    : chown ENCRYPT_KEY_FILE_PATH ok 
11-21 18:51:49.117  3207  3242 E RILD    : chown IV_FILE_PATH ok 
11-21 18:51:49.118  3207  3242 E RILD    : set ril.initPB with 0
11-21 18:51:49.119  3207  3242 E RILD    : create Thread.
11-21 18:51:49.119  3207  3242 E RILD    : GetInstance(): preModelType : 0, ModelType: 2
11-21 18:51:49.121  3207  3242 E RILD    : LoadSimOperator(): read gsm.sim.operator.numeric
11-21 18:51:49.121  3207  3242 E RILD    : SetSimOperator: invalid operator
11-21 18:51:49.121  3207  3242 E RILD    : Failed to set IMSI from [gsm.sim.operator.numeric] RilIndex=0
11-21 18:51:49.121  3207  3242 E RILD    : CreateDataCallList: Interface prefix: rmnet
11-21 18:51:49.122  3207  3242 E RILD    : Clear Loaded XML file.
11-21 18:51:49.122  3207  3242 E RILD    : [NIF] Clearing IPv4 address.
11-21 18:51:49.122  3207  3242 E RILD    : [NIF] Address is set for rmnet0
11-21 18:51:49.122  3207  3242 E RILD    : [NIF] Clearing all the IPv6 global addresses.
11-21 18:51:49.122  3207  3292 E RILD    : Force-exit is required for this thread
11-21 18:51:49.123  3207  3242 E RILD    : [NIF] Deleting IPv6 default routes.
11-21 18:51:49.123  3207  3242 E RILD    : [NIF] Deleting IPv6 host routes.
11-21 18:51:49.123  3207  3242 E RILD    : [NIF] Interface(rmnet0) is down.
11-21 18:51:49.123  3207  3242 E RILD    : CreateDataCallList: Interface(rmnet0) is added to callList
11-21 18:51:49.123  3207  3242 E RILD    : Clear Loaded XML file.
11-21 18:51:49.123  3207  3242 E RILD    : [NIF] Clearing IPv4 address.
11-21 18:51:49.123  3207  3242 E RILD    : [NIF] Address is set for rmnet1
11-21 18:51:49.123  3207  3242 E RILD    : [NIF] Clearing all the IPv6 global addresses.
11-21 18:51:49.123  3207  3242 E RILD    : [NIF] Deleting IPv6 default routes.
11-21 18:51:49.124  3207  3242 E RILD    : [NIF] Deleting IPv6 host routes.
11-21 18:51:49.124  3207  3242 E RILD    : [NIF] Interface(rmnet1) is down.
11-21 18:51:49.124  3207  3242 E RILD    : CreateDataCallList: Interface(rmnet1) is added to callList
11-21 18:51:49.124  3207  3242 E RILD    : Clear Loaded XML file.
11-21 18:51:49.124  3207  3242 E RILD    : [NIF] Clearing IPv4 address.
11-21 18:51:49.124  3207  3242 E RILD    : [NIF] Address is set for rmnet2
11-21 18:51:49.124  3207  3242 E RILD    : [NIF] Clearing all the IPv6 global addresses.
11-21 18:51:49.124  3207  3242 E RILD    : [NIF] Deleting IPv6 default routes.
11-21 18:51:49.124  3207  3242 E RILD    : [NIF] Deleting IPv6 host routes.
11-21 18:51:49.124  3207  3242 E RILD    : [NIF] Interface(rmnet2) is down.
11-21 18:51:49.124  3207  3242 E RILD    : CreateDataCallList: Interface(rmnet2) is added to callList
11-21 18:51:49.125  3207  3242 E RILD    : Clear Loaded XML file.
11-21 18:51:49.125  3207  3242 E RILD    : [NIF] Clearing IPv4 address.
11-21 18:51:49.125  3207  3242 E RILD    : [NIF] Address is set for rmnet3
11-21 18:51:49.125  3207  3242 E RILD    : [NIF] Clearing all the IPv6 global addresses.
11-21 18:51:49.125  3207  3242 E RILD    : [NIF] Deleting IPv6 default routes.
11-21 18:51:49.125  3207  3242 E RILD    : [NIF] Deleting IPv6 host routes.
11-21 18:51:49.125  3207  3242 E RILD    : [NIF] Interface(rmnet3) is down.
11-21 18:51:49.125  3207  3242 E RILD    : CreateDataCallList: Interface(rmnet3) is added to callList
11-21 18:51:49.126  3207  3242 E RILD    : Clear Loaded XML file.
11-21 18:51:49.126  3207  3242 E RILD    : [NIF] Clearing IPv4 address.
11-21 18:51:49.126  3207  3242 E RILD    : [NIF] Address is set for rmnet4
11-21 18:51:49.126  3207  3242 E RILD    : [NIF] Clearing all the IPv6 global addresses.
11-21 18:51:49.126  3207  3242 E RILD    : [NIF] Deleting IPv6 default routes.
11-21 18:51:49.126  3207  3242 E RILD    : [NIF] Deleting IPv6 host routes.
11-21 18:51:49.126  3207  3242 E RILD    : [NIF] Interface(rmnet4) is down.
11-21 18:51:49.126  3207  3242 E RILD    : CreateDataCallList: Interface(rmnet4) is added to callList
11-21 18:51:49.126  3207  3242 E RILD    : [FD] wakelocktime : 0
11-21 18:51:49.126  3207  3242 E RILD    : CreateDataCallList: Interface prefix: rmnet
11-21 18:51:49.127  3207  3242 E RILD    : Clear Loaded XML file.
11-21 18:51:49.127  3207  3242 E RILD    : [NIF] Clearing IPv4 address.
11-21 18:51:49.127  3207  3242 E RILD    : [NIF] Address is set for rmnet0
11-21 18:51:49.127  3207  3242 E RILD    : [NIF] Clearing all the IPv6 global addresses.
11-21 18:51:49.127  3207  3242 E RILD    : [NIF] Deleting IPv6 default routes.
11-21 18:51:49.127  3207  3242 E RILD    : [NIF] Deleting IPv6 host routes.
11-21 18:51:49.127  3207  3242 E RILD    : [NIF] Interface(rmnet0) is down.
11-21 18:51:49.127  3207  3242 E RILD    : CreateDataCallList: Interface(rmnet0) is added to callList
11-21 18:51:49.128  3207  3242 E RILD    : Clear Loaded XML file.
11-21 18:51:49.128  3207  3242 E RILD    : [NIF] Clearing IPv4 address.
11-21 18:51:49.128  3207  3242 E RILD    : [NIF] Address is set for rmnet1
11-21 18:51:49.128  3207  3242 E RILD    : [NIF] Clearing all the IPv6 global addresses.
11-21 18:51:49.128  3207  3242 E RILD    : [NIF] Deleting IPv6 default routes.
11-21 18:51:49.128  3207  3242 E RILD    : [NIF] Deleting IPv6 host routes.
11-21 18:51:49.128  3207  3242 E RILD    : [NIF] Interface(rmnet1) is down.
11-21 18:51:49.128  3207  3242 E RILD    : CreateDataCallList: Interface(rmnet1) is added to callList
11-21 18:51:49.129  3207  3242 E RILD    : Clear Loaded XML file.
11-21 18:51:49.129  3207  3242 E RILD    : [NIF] Clearing IPv4 address.
11-21 18:51:49.129  3207  3242 E RILD    : [NIF] Address is set for rmnet2
11-21 18:51:49.129  3207  3242 E RILD    : [NIF] Clearing all the IPv6 global addresses.
11-21 18:51:49.129  3207  3242 E RILD    : [NIF] Deleting IPv6 default routes.
11-21 18:51:49.129  3207  3242 E RILD    : [NIF] Deleting IPv6 host routes.
11-21 18:51:49.129  3207  3242 E RILD    : [NIF] Interface(rmnet2) is down.
11-21 18:51:49.129  3207  3242 E RILD    : CreateDataCallList: Interface(rmnet2) is added to callList
11-21 18:51:49.129  3207  3242 E RILD    : Clear Loaded XML file.
11-21 18:51:49.129  3207  3242 E RILD    : [NIF] Clearing IPv4 address.
11-21 18:51:49.129  3207  3242 E RILD    : [NIF] Address is set for rmnet3
11-21 18:51:49.129  3207  3242 E RILD    : [NIF] Clearing all the IPv6 global addresses.
11-21 18:51:49.129  3207  3242 E RILD    : [NIF] Deleting IPv6 default routes.
11-21 18:51:49.129  3207  3242 E RILD    : [NIF] Deleting IPv6 host routes.
11-21 18:51:49.130  3207  3242 E RILD    : [NIF] Interface(rmnet3) is down.
11-21 18:51:49.130  3207  3242 E RILD    : CreateDataCallList: Interface(rmnet3) is added to callList
11-21 18:51:49.130  3207  3242 E RILD    : Clear Loaded XML file.
11-21 18:51:49.130  3207  3242 E RILD    : [NIF] Clearing IPv4 address.
11-21 18:51:49.130  3207  3242 E RILD    : [NIF] Address is set for rmnet4
11-21 18:51:49.130  3207  3242 E RILD    : [NIF] Clearing all the IPv6 global addresses.
11-21 18:51:49.130  3207  3242 E RILD    : [NIF] Deleting IPv6 default routes.
11-21 18:51:49.130  3207  3242 E RILD    : [NIF] Deleting IPv6 host routes.
11-21 18:51:49.130  3207  3242 E RILD    : [NIF] Interface(rmnet4) is down.
11-21 18:51:49.130  3207  3242 E RILD    : CreateDataCallList: Interface(rmnet4) is added to callList
11-21 18:51:49.130  3207  3242 E RILD    : CreateDataCallList: Interface prefix: rmnet
11-21 18:51:49.131  3207  3242 E RILD    : Clear Loaded XML file.
11-21 18:51:49.131  3207  3242 E RILD    : [NIF] Clearing IPv4 address.
11-21 18:51:49.131  3207  3242 E RILD    : [NIF] Address is set for rmnet0
11-21 18:51:49.131  3207  3242 E RILD    : [NIF] Clearing all the IPv6 global addresses.
11-21 18:51:49.131  3207  3242 E RILD    : [NIF] Deleting IPv6 default routes.
11-21 18:51:49.131  3207  3242 E RILD    : [NIF] Deleting IPv6 host routes.
11-21 18:51:49.131  3207  3242 E RILD    : [NIF] Interface(rmnet0) is down.
11-21 18:51:49.131  3207  3242 E RILD    : CreateDataCallList: Interface(rmnet0) is added to callList
11-21 18:51:49.132  3207  3242 E RILD    : Clear Loaded XML file.
11-21 18:51:49.132  3207  3242 E RILD    : [NIF] Clearing IPv4 address.
11-21 18:51:49.132  3207  3242 E RILD    : [NIF] Address is set for rmnet1
11-21 18:51:49.132  3207  3242 E RILD    : [NIF] Clearing all the IPv6 global addresses.
11-21 18:51:49.132  3207  3242 E RILD    : [NIF] Deleting IPv6 default routes.
11-21 18:51:49.132  3207  3242 E RILD    : [NIF] Deleting IPv6 host routes.
11-21 18:51:49.132  3207  3242 E RILD    : [NIF] Interface(rmnet1) is down.
11-21 18:51:49.132  3207  3242 E RILD    : CreateDataCallList: Interface(rmnet1) is added to callList
11-21 18:51:49.133  3207  3242 E RILD    : Clear Loaded XML file.
11-21 18:51:49.133  3207  3242 E RILD    : [NIF] Clearing IPv4 address.
11-21 18:51:49.133  3207  3242 E RILD    : [NIF] Address is set for rmnet2
11-21 18:51:49.133  3207  3242 E RILD    : [NIF] Clearing all the IPv6 global addresses.
11-21 18:51:49.133  3207  3242 E RILD    : [NIF] Deleting IPv6 default routes.
11-21 18:51:49.133  3207  3242 E RILD    : [NIF] Deleting IPv6 host routes.
11-21 18:51:49.133  3207  3242 E RILD    : [NIF] Interface(rmnet2) is down.
11-21 18:51:49.133  3207  3242 E RILD    : CreateDataCallList: Interface(rmnet2) is added to callList
11-21 18:51:49.133  3207  3242 E RILD    : Clear Loaded XML file.
11-21 18:51:49.133  3207  3242 E RILD    : [NIF] Clearing IPv4 address.
11-21 18:51:49.133  3207  3242 E RILD    : [NIF] Address is set for rmnet3
11-21 18:51:49.133  3207  3242 E RILD    : [NIF] Clearing all the IPv6 global addresses.
11-21 18:51:49.134  3207  3242 E RILD    : [NIF] Deleting IPv6 default routes.
11-21 18:51:49.134  3207  3242 E RILD    : [NIF] Deleting IPv6 host routes.
11-21 18:51:49.134  3207  3242 E RILD    : [NIF] Interface(rmnet3) is down.
11-21 18:51:49.134  3207  3242 E RILD    : CreateDataCallList: Interface(rmnet3) is added to callList
11-21 18:51:49.134  3207  3242 E RILD    : Clear Loaded XML file.
11-21 18:51:49.134  3207  3242 E RILD    : [NIF] Clearing IPv4 address.
11-21 18:51:49.134  3207  3242 E RILD    : [NIF] Address is set for rmnet4
11-21 18:51:49.134  3207  3242 E RILD    : [NIF] Clearing all the IPv6 global addresses.
11-21 18:51:49.134  3207  3242 E RILD    : [NIF] Deleting IPv6 default routes.
11-21 18:51:49.134  3207  3242 E RILD    : [NIF] Deleting IPv6 host routes.
11-21 18:51:49.134  3207  3242 E RILD    : [NIF] Interface(rmnet4) is down.
11-21 18:51:49.134  3207  3242 E RILD    : CreateDataCallList: Interface(rmnet4) is added to callList
11-21 18:51:49.139  3207  3242 E RILD    : Handlers registered
11-21 18:51:49.139  3207  3242 E RILD    : manager objects are created.
11-21 18:51:49.139  3207  3242 E RILD    : Init() plmn file = /system/etc/plmn_se13.bin
11-21 18:51:49.154  3207  3242 E RILD    : Initialize(): read gsm.sim.operator.numeric
11-21 18:51:49.154  3207  3242 E RILD    : SetSimOperator: invalid operator
11-21 18:51:49.154  3207  3242 E RILD    : Failed to get IMSI value.
11-21 18:51:49.154  3207  3242 E RILD    : Start, NetlinkUtils thread Started
11-21 18:51:49.154  3207  3242 E RILD    : create Thread.
11-21 18:51:49.154  3207  3242 E RILD    : DefRoute for rmnet0 is disabled
11-21 18:51:49.154  3207  3242 E RILD    : DefRoute for rmnet1 is disabled
11-21 18:51:49.154  3207  3242 E RILD    : DefRoute for rmnet2 is disabled
11-21 18:51:49.154  3207  3242 E RILD    : DefRoute for rmnet3 is disabled
11-21 18:51:49.154  3207  3242 E RILD    : DefRoute for rmnet4 is disabled
11-21 18:51:49.154  3207  3242 E RILD    : DisableAutoConfig():
11-21 18:51:49.154  3207  3242 E RILD    : autoconf for rmnet0 is disabled.
11-21 18:51:49.154  3207  3242 E RILD    : autoconf for rmnet1 is disabled.
11-21 18:51:49.155  3207  3242 E RILD    : autoconf for rmnet2 is disabled.
11-21 18:51:49.155  3207  3242 E RILD    : autoconf for rmnet3 is disabled.
11-21 18:51:49.155  3207  3298 E RILD    : Force-exit is required for this thread
11-21 18:51:49.155  3207  3242 E RILD    : autoconf for rmnet4 is disabled.
11-21 18:51:49.155  3207  3242 E RILD    : AcceptRa is set to 2 for rmnet0.
11-21 18:51:49.155  3207  3242 E RILD    : AcceptRa is set to 2 for rmnet1.
11-21 18:51:49.155  3207  3242 E RILD    : AcceptRa is set to 2 for rmnet2.
11-21 18:51:49.155  3207  3242 E RILD    : AcceptRa is set to 2 for rmnet3.
11-21 18:51:49.155  3207  3242 E RILD    : AcceptRa is set to 2 for rmnet4.
11-21 18:51:49.155  3207  3242 E RILD    : AddHandler: Handler CA-DCA already exit.
11-21 18:51:49.155  3207  3242 E RILD    : Initialize(): Is initialized: 0
11-21 18:51:49.155  3207  3242 E RILD    : create Thread.
11-21 18:51:49.155  3207  3242 E RILD    : create Thread.
11-21 18:51:49.155  3207  3242 E RILD    : Wait boot ready
11-21 18:51:49.155  3207  3242 E RILD    : Modem status[waiting: 0x4, current: 0x0]
11-21 18:51:49.155  3207  3300 E RILD    : Force-exit is required for this thread
11-21 18:51:49.155  3207  3300 E RILD    : GC-MGR(4): evt(219)
11-21 18:51:49.155  3207  3300 E RILD    : OnDataCallStateChanged() - data call is null
11-21 18:51:49.155  3207  3300 E RILD    : LEDC-MGR(9): evt(10001)
11-21 18:51:49.155  3207  3300 E RILD    : OnPsRegistrationStateChanged
11-21 18:51:49.158  3207  3298 E RILD    : Run(): NetlinkUtilsRunnable
11-21 18:51:49.158  3207  3301 E RILD    : Force-exit is required for this thread
11-21 18:51:49.193  3203  3203 D boot    : cbd: start_shannon310_boot: NV validation done
11-21 18:51:49.193  3203  3203 D boot    : cbd: start_shannon310_boot: Prepare arguments, read TOC, check NV
11-21 18:51:49.195  3203  3203 E boot    : cbd: (ERR! Not a typewriter) alloc_srinfo: Crash info string was invalid(0/5245564a)
11-21 18:51:49.195  3203  3203 E boot    : cbd: (ERR! Not a typewriter) store_srinfo: alloc srinfo fail
11-21 18:51:49.195  3203  3203 D boot    : cbd: get_modem_state: modem_status: 0
11-21 18:51:49.195  3203  3203 D boot    : cbd: start_shannon310_boot: Request Security : non-secure mode
11-21 18:51:49.213  3203  3203 D boot    : cbd: start_shannon310_boot: Send BIN
11-21 18:51:49.301  3203  3203 D boot    : cbd: start_shannon310_boot: Request Security : secure mode
11-21 18:51:49.355  3207  3242 E RILD    : Modem status[waiting: 0x4, current: 0x0]
11-21 18:51:49.454  3203  3203 D boot    : cbd: start_shannon310_boot: MODEM ON : pda_active 1, cp power on
11-21 18:51:49.556  3207  3242 E RILD    : Modem status[waiting: 0x4, current: 0x0]
11-21 18:51:49.756  3207  3242 E RILD    : Modem status[waiting: 0x4, current: 0x0]
11-21 18:51:49.759  3203  3203 D boot    : cbd: start_shannon310_boot: BOOT ON : change modem state, irq, wait cp state
11-21 18:51:49.759  3203  3203 D boot    : cbd: start_shannon310_boot: BOOT START : reset ipcmap, set magic code
11-21 18:51:49.759  3203  3203 D boot    : cbd: start_shannon310_boot: HANDSHAKE COMMAND : send & recv boot_done, fin message
11-21 18:51:49.760  3203  3203 D boot    : cbd: start_shannon310_boot: BOOT OFF : wait completion, irq
11-21 18:51:49.956  3207  3242 E RILD    : Modem status[waiting: 0x4, current: 0x3]
11-21 18:51:50.042  3210  3210 E RILClient: Connect_RILD: Connecting failed. Connection refused(111)
11-21 18:51:50.154  3212  3212 D TelephonyManager: No /proc/cmdline exception=java.io.FileNotFoundException: /proc/cmdline (Permission denied)
11-21 18:51:50.154  3212  3212 D TelephonyManager: /proc/cmdline=
11-21 18:51:50.155  3211  3211 D TelephonyManager: No /proc/cmdline exception=java.io.FileNotFoundException: /proc/cmdline (Permission denied)
11-21 18:51:50.156  3211  3211 D TelephonyManager: /proc/cmdline=
11-21 18:51:50.156  3207  3242 E RILD    : Modem status[waiting: 0x4, current: 0x3]
11-21 18:51:50.357  3207  3242 E RILD    : Modem status[waiting: 0x4, current: 0x3]
11-21 18:51:50.557  3207  3242 E RILD    : Modem status[waiting: 0x4, current: 0x3]
11-21 18:51:50.757  3207  3242 E RILD    : Modem status[waiting: 0x4, current: 0x3]
11-21 18:51:50.957  3207  3242 E RILD    : Modem status[waiting: 0x4, current: 0x3]
11-21 18:51:51.011  3203  3203 D boot    : cbd: open_srinfo_last: open last_sr_info file - /data/log/err/last_sr_info_umts
11-21 18:51:51.012  3203  3203 E boot    : cbd: (ERR! No such file or directory) open_srinfo_last: last_sr_info open fail(-1)
11-21 18:51:51.012  3203  3203 E boot    : cbd: (ERR! No such file or directory) restore_srinfo: sr_info_last open fail(-1)
11-21 18:51:51.018  3203  3203 D boot    : cbd: main: Boot up process done!!!
11-21 18:51:51.018  3203  3203 D boot    : cbd: status_loop: CP status_loop start(modem = 13)
11-21 18:51:51.042  3210  3210 E RILClient: Connect_RILD: Connecting failed. Connection refused(111)
11-21 18:51:51.157  3207  3242 E RILD    : Modem status[waiting: 0x4, current: 0x4]
11-21 18:51:51.157  3207  3242 E RILD    : 
11-21 18:51:51.157  3207  3242 E RILD    : 
11-21 18:51:51.157  3207  3242 E RILD    : Modem is in ONLINE state
11-21 18:51:51.157  3207  3242 E RILD    : 
11-21 18:51:51.157  3207  3242 E RILD    : 
11-21 18:51:51.158  3207  3242 E RILD    : create Thread.
11-21 18:51:51.158  3207  3242 E RILD    : Modem is started now.
11-21 18:51:51.158  3207  3619 E RILD    : Force-exit is required for this thread
11-21 18:51:51.161  3207  3242 E RILD    : Succeeded to init SEC RIL.
11-21 18:51:51.163  3207  3242 E RILD    : create Thread.
11-21 18:51:51.163  3207  3242 E RILD    : OemClientReceiver started
11-21 18:51:51.163  3207  3242 E RILD    : Init() - SendModemCrashReason fail
11-21 18:51:51.163  3207  3620 E RILD    : Force-exit is required for this thread
11-21 18:51:51.164  3207  3242 E RILD    : SecRil proxy inited
11-21 18:51:51.164  3207  3242 E RILD    : LazyRilSapInit
11-21 18:51:52.043  3210  3210 D RILClient: Connect_RILD: Success to connect
11-21 18:51:52.043  3207  3620 E RILD    : Oem client connected
11-21 18:51:52.043  3207  3620 E RILD    : new oem client connection=25
11-21 18:51:52.413  3207  3619 E RILD    : [G] RX: (M)FACTORY_CMD (S)FACTORY_BYPASS_TEST (T)NOTI l:19 m:00 a:00 [ 0F 00 0D 0A 41 53 54 5F 50 4F 57 45 52 4F 4E 0D 0A 00 ]
11-21 18:51:52.413  3207  3619 E RILD    : IpcRxFactory:
11-21 18:51:52.413  3207  3300 E RILD    : FAC-MGR(16): evt(108)
11-21 18:51:52.413  3207  3619 E RILD    : [G] RX: (M)PWR_CMD (S)PWR_PHONE_PWR_UP (T)NOTI l:8 m:01 a:00 [ 53 ]
11-21 18:51:52.413  3207  3300 E RILD    : OnFactoryBypassNoti : 
11-21 18:51:52.413  3207  3300 E RILD    : AST_POWERON
11-21 18:51:52.413  3207  3300 E RILD    : at_distributor is not ready. queuing a message
11-21 18:51:52.413  3207  3619 E RILD    : [G] RX: (M)GPRS_CMD (S)GPRS_PIN_CTRL (T)NOTI l:9 m:02 a:00 [ 06 00 ]
11-21 18:51:52.413  3207  3300 E RILD    : IMEI-MGR(17): evt(106)
11-21 18:51:52.413  3207  3300 E RILD    : GP-MGR(1): evt(102)
11-21 18:51:52.413  3207  3300 E RILD    : PWR: newState(0) oldState(1)
11-21 18:51:52.413  3207  3300 E RILD    : NotifyRadioStateChanged: 0(PWR:0 SIM:0)
11-21 18:51:52.413  3207  3300 E RILD    : OnUnsolicitedResponse: unsolId: 1000
11-21 18:51:52.414  3207  3300 E RILD    : Notify power state changed: 2
11-21 18:51:52.414  3207  3300 E RILD    : OnRadioPowerUp: Online booting, need to enable processing
11-21 18:51:52.414  3207  3300 E RILD    : Request processing is enabled.
11-21 18:51:52.414  3207  3300 E RILD    : setCpConfigOnFirstBoot()
11-21 18:51:52.414  3207  3300 E RILD    : setCpConfigOnFirstBoot autoConfigType : DISABLE
11-21 18:51:52.414  3207  3300 E RILD    : setPreconfigOnFirstBoot(): support one cp bin.
11-21 18:51:52.414  3207  3300 E RILD    : GLNET-MGR(3): evt(1002)
11-21 18:51:52.414  3207  3300 E RILD    : GNET-MGR: EVENT_RADIO_STATE_CHANGED
11-21 18:51:52.414  3207  3300 E RILD    : OnRadioStateChanged: LteNetworkManager
11-21 18:51:52.414  3207  3300 E RILD    : networkmanager radio off
11-21 18:51:52.414  3207  3300 E RILD    : EMBMS-MGR(22): evt(203)
11-21 18:51:52.414  3207  3300 E RILD    : OnOemEmbmsRadioStateNoti():
11-21 18:51:52.414  3207  3300 E RILD    : SMS-MGR(8): evt(8006)
11-21 18:51:52.414  3207  3300 E RILD    : OnRadioStateChanged: RADIO_OFF : mIsDeviceReadyNotiNeed = NOT_CONNECTED
11-21 18:51:52.414  3207  3300 E RILD    : LEDC-MGR(9): evt(108)
11-21 18:51:52.414  3207  3300 E RILD    : OnUnsolicitedResponse: unsolId: 11011
11-21 18:51:52.414  3207  3300 E RILC    : unsupported OEM unsolicated response code 11011
11-21 18:51:52.414  3207  3300 E RILD    : Oem OnUnsolicitedResponse: response code=11011
11-21 18:51:52.414  3207  3300 E RILD    : LEDC-MGR(9): evt(107)
11-21 18:51:52.414  3207  3300 E RILD    : OnRadioStateChanged: Attach-tried flag is set to false
11-21 18:51:52.414  3210  3696 D RILClient: processUnsolicited(): resp_id (11011), len(2)
11-21 18:51:53.370  3585  3765 D TelephonyRegistry: listen oscl: hasNotifySubscriptionInfoChangedOccurred==false no callback
11-21 18:51:53.503  3585  3585 D TelephonyRegistry: listen oscl: hasNotifySubscriptionInfoChangedOccurred==false no callback
11-21 18:51:53.533  3585  3585 D TelephonyRegistry: systemRunning register for intents
11-21 18:51:53.659  3878  3878 D TDC     : updateOrInsert: inserting: Modem { uuid=modem, state=0, rilModel=0, rat={}, maxActiveVoiceCall=1, maxActiveDataCall=1, maxStandby=1 }
11-21 18:51:53.659  3878  3878 D TDC     : updateOrInsert: inserting: Sim { uuid=sim, modemUuid=modem, state=0 }
11-21 18:51:53.661  3878  3878 D TelephonyComponentFactory: classLoader = dalvik.system.PathClassLoader[DexPathList[[],nativeLibraryDirectories=[/system/lib64, /vendor/lib64]]]
11-21 18:51:53.663  3878  3878 E TelephonyComponentFactory: Error loading TelephonyComponentFactory
11-21 18:51:53.663  3878  3878 D TelephonyManager: getLteOnCdmaMode=0 curVal=0 product_type='' lteOnCdmaProductType=''
11-21 18:51:53.667  3878  3878 D CdmaSSM : subscriptionSource from settings: 0
11-21 18:51:53.667  3878  3878 I PhoneFactory: Cdma Subscription set to 0
11-21 18:51:53.676  3878  3878 I PhoneFactory: RILClassname is SlteRIL
11-21 18:51:53.676  3878  3878 I PhoneFactory: Network Mode set to 9
11-21 18:51:53.678  3878  3878 D RILJ    : RIL(context, preferredNetworkType=9 cdmaSubscription=0)
11-21 18:51:53.680  3878  3878 D RILJ    : Starting RILReceiver0 [SUB0]
11-21 18:51:53.681  3878  3948 I RILJ    : (0) Connected to 'rild' socket
11-21 18:51:53.681  3207  3242 I RILC    : libril: new connection to RIL_SOCKET_1
11-21 18:51:53.681  3207  3242 I RILC    : RIL Daemon version: Samsung RIL v3.0
11-21 18:51:53.681  3878  3948 D RILJ    : [UNSL]< UNSOL_RIL_CONNECTED {8} [SUB0]
11-21 18:51:53.682  3878  3948 D RILJ    : [3648]> RADIO_POWER off [SUB0]
11-21 18:51:53.683  3878  3878 D RILJ    : [3649]> GET_HARDWARE_CONFIG [SUB0]
11-21 18:51:53.684  3878  3948 D RILJ    : [3650]> RIL_REQUEST_CDMA_SET_SUBSCRIPTION_SOURCE : 0 [SUB0]
11-21 18:51:53.684  3207  3242 E RILD    : IsRegisteredNetworkType(): netType[1]  feature[00] state[0] 
11-21 18:51:53.684  3207  3301 E RILD    : DoRouteIn - FW reqId : 23
11-21 18:51:53.684  3207  3301 E RILD    : DoRouteOut - FW reqId : 23
11-21 18:51:53.684  3207  3301 E RILD    : Onprocessing: request id(23), handleEvent(100)
11-21 18:51:53.685  3207  3300 E RILD    : GP-MGR(1): evt(100)
11-21 18:51:53.685  3207  3300 E RILD    : DoRadioPower(): mPowerState(1) , mRadioState(0)
11-21 18:51:53.685  3878  3878 I PhoneFactory: Creating SubscriptionController
11-21 18:51:53.685  3207  3300 E RILD    : RequestComplete - req : 23, peek : 23
11-21 18:51:53.685  3878  3878 D TelephonyComponentFactory: initSubscriptionController
11-21 18:51:53.685  3207  3242 E RILD    : unknown request -1
11-21 18:51:53.686  3878  3948 D RILJ    : setCellInfoListRate: 2147483647 [SUB0]
11-21 18:51:53.686  3207  3242 E RILD    : IsRegisteredNetworkType(): netType[1]  feature[00] state[0] 
11-21 18:51:53.686  3878  3948 D RILJ    : [3651]> RIL_REQUEST_SET_CELL_INFO_LIST_RATE [SUB0]
11-21 18:51:53.687  3207  3242 E RILD    : IsRegisteredNetworkType(): netType[1]  feature[00] state[0] 
11-21 18:51:53.687  3878  3948 D RILJ    : [UNSL]< UNSOL_RESPONSE_RADIO_STATE_CHANGED RADIO_OFF [SUB0]
11-21 18:51:53.687  3207  3301 E RILD    : DoRouteIn - FW reqId : 110
11-21 18:51:53.688  3207  3301 E RILD    : DoRouteOut - FW reqId : 110
11-21 18:51:53.688  3878  3948 D RILJ    : [3652]> SCREEN_STATE: true [SUB0]
11-21 18:51:53.688  3207  3301 E RILD    : Onprocessing: request id(110), handleEvent(163)
11-21 18:51:53.688  3207  3300 E RILD    : GLNET-MGR(3): evt(163)
11-21 18:51:53.688  3207  3300 E RILD    : DoSetCellInfoListRate():
11-21 18:51:53.688  3207  3300 E RILD    : RequestComplete - req : 110, peek : 110
11-21 18:51:53.688  3878  3948 D RILJ    : [3648]< RADIO_POWER  [SUB0]
11-21 18:51:53.689  3207  3242 E RILD    : IsRegisteredNetworkType(): netType[1]  feature[00] state[0] 
11-21 18:51:53.689  3207  3301 E RILD    : DoRouteIn - FW reqId : 61
11-21 18:51:53.689  3207  3301 E RILD    : DoRouteOut - FW reqId : 61
11-21 18:51:53.689  3207  3301 E RILD    : Onprocessing: request id(61), handleEvent(107)
11-21 18:51:53.689  3207  3300 E RILD    : GMISC-MGR(18): evt(107)
11-21 18:51:53.689  3878  3878 D SubscriptionController: [SubscriptionController] init by Context
11-21 18:51:53.689  3207  3300 E RILD    : [G] TX: (M)MISC_CMD (S)MISC_SCREEN_STATUS (T)EVENT l:8 m:00 a:00 [ 01 ]
11-21 18:51:53.689  3878  3948 D RilRequest: [3649]< GET_HARDWARE_CONFIG error: com.android.internal.telephony.CommandException: REQUEST_NOT_SUPPORTED ret=
11-21 18:51:53.689  3207  3300 E RILD    : GLNET-MGR(3): evt(210)
11-21 18:51:53.689  3207  3300 E RILD    : NET-MGR: EVENT_SCREEN_STATE
11-21 18:51:53.689  3207  3300 E RILD    : OnUnsolicitedResponse: unsolId: 1002
11-21 18:51:53.689  3878  3948 D RilRequest: [3650]< RIL_REQUEST_CDMA_SET_SUBSCRIPTION_SOURCE error: com.android.internal.telephony.CommandException: RADIO_NOT_AVAILABLE ret=
11-21 18:51:53.689  3207  3300 E RILD    : [FD] Set FD time: 5000
11-21 18:51:53.689  3207  3300 E RILD    : GMISC-MGR(18): evt(118)
11-21 18:51:53.689  3878  3948 D RILJ    : [3651]< RIL_REQUEST_SET_CELL_INFO_LIST_RATE  [SUB0]
11-21 18:51:53.689  3207  3300 E RILD    : RequestComplete - req : 61, peek : 61
11-21 18:51:53.690  3878  3948 D RILJ    : [UNSL]< UNSOL_RESPONSE_VOICE_NETWORK_STATE_CHANGED [SUB0]
11-21 18:51:53.690  3878  3948 D RILJ    : [3652]< SCREEN_STATE  [SUB0]
11-21 18:51:53.690  3207  3301 E RILD    : Onprocessing: request id(1008), handleEvent(106)
11-21 18:51:53.690  3207  3300 E RILD    : GLNET-MGR(3): evt(106)
11-21 18:51:53.690  3207  3300 E RILD    : DoSignalStrength():
11-21 18:51:53.690  3207  3300 E RILD    : IpcProtocol41::IpcTxDispGetIconInformation
11-21 18:51:53.690  3207  3300 E RILD    : [G] TX: (M)DISP_CMD (S)DISP_ICON_INFO (T)GET l:8 m:01 a:00 [ 01 ]
11-21 18:51:53.692  3207  3619 E RILD    : [G] RX: (M)DISP_CMD (S)DISP_ICON_INFO (T)RESP l:11 m:03 a:01 [ 01 00 00 00 00 00 FF FF FF FF ]
11-21 18:51:53.692  3878  3878 D UiccController: Creating UiccController
11-21 18:51:53.692  3207  3619 E RILD    : IpcProtocol41::IpcRxDispIconInfo(): modemType=4
11-21 18:51:53.692  3207  3619 E RILD    : Signal Strength: [0, 0, 99, 0, 200, 0, 200, -1, 0, 2147483647, 255, 2147483647, 2147483647, 2147483647]
11-21 18:51:53.692  3878  3878 D TelephonyComponentFactory: makePhone
11-21 18:51:53.692  3207  3300 E RILD    : GLNET-MGR(3): evt(107)
11-21 18:51:53.692  3207  3300 E RILD    : NET-MGR: EVENT_SIGNAL_STRENGTH_DONE
11-21 18:51:53.692  3207  3300 E RILD    : RequestComplete - req : 1008, peek : 1008
11-21 18:51:53.693  3878  3878 D TelephonyTester: register for intent action=com.android.internal.telephony.action_detached
11-21 18:51:53.693  3878  3878 D TelephonyTester: register for intent action=com.android.internal.telephony.action_attached
11-21 18:51:53.699  3878  3878 D Phone   : mDoesRilSendMultipleCallRing=true
11-21 18:51:53.699  3878  3878 D Phone   : mCallRingDelay=3000
11-21 18:51:53.699  3878  3878 D TelephonyComponentFactory: makeSmsStorageMonitor
11-21 18:51:53.700  3878  3878 D TelephonyComponentFactory: makeSmsUsageMonitor
11-21 18:51:53.704  3878  3878 D RILJ    : [3653]> RIL_REQUEST_START_LCE [SUB0]
11-21 18:51:53.704  3878  3878 D TelephonyComponentFactory: makeGsmCdmaCallTracker
11-21 18:51:53.704  3207  3242 E RILD    : unknown request 132
11-21 18:51:53.704  3207  3242 E RILD    : IsRegisteredNetworkType(): netType[1]  feature[00] state[0] 
11-21 18:51:53.705  3878  3948 D RilRequest: [3653]< RIL_REQUEST_START_LCE error: com.android.internal.telephony.CommandException: RADIO_NOT_AVAILABLE ret=
11-21 18:51:53.706  3878  3878 D TelephonyComponentFactory: makeIccPhoneBookInterfaceManager
11-21 18:51:53.710  3878  3878 D TelephonyComponentFactory: makeIccSmsInterfaceManager
11-21 18:51:53.719  3878  3878 E RIL_ImsSms: getFormat should never be called from here!
11-21 18:51:53.719  3878  3878 D SMSDispatcher: SMSDispatcher: ctor mSmsCapable=true format=unknown mSmsSendDisabled=false
11-21 18:51:53.719  3878  3878 D RIL_ImsSms: ImsSMSDispatcher created
11-21 18:51:53.721  3878  3878 D SMSDispatcher: SMSDispatcher: ctor mSmsCapable=true format=3gpp2 mSmsSendDisabled=false
11-21 18:51:53.721  3878  3878 D CdmaSMSDispatcher: CdmaSMSDispatcher created
11-21 18:51:53.727  3878  3878 D TelephonyComponentFactory: getIDeviceIdleController
11-21 18:51:53.730  3878  3878 D TelephonyComponentFactory: getIDeviceIdleController
11-21 18:51:53.730  3878  3878 D GsmInboundSmsHandler: created InboundSmsHandler
11-21 18:51:53.732  3878  3878 D TelephonyComponentFactory: getIDeviceIdleController
11-21 18:51:53.735  3878  3878 D TelephonyComponentFactory: getIDeviceIdleController
11-21 18:51:53.735  3878  3878 D CdmaInboundSmsHandler: created InboundSmsHandler
11-21 18:51:53.740  3878  3878 D SMSDispatcher: SMSDispatcher: ctor mSmsCapable=true format=3gpp mSmsSendDisabled=false
11-21 18:51:53.740  3878  3878 D GsmSMSDispatcher: GsmSMSDispatcher created
11-21 18:51:53.741  3878  3974 D GsmInboundSmsHandler: StartupState.processMessage:6
11-21 18:51:53.741  3878  3974 D GsmInboundSmsHandler: entering Idle state
11-21 18:51:53.741  3878  3974 D GsmInboundSmsHandler: IdleState.processMessage:5
11-21 18:51:53.741  3878  3976 D CdmaInboundSmsHandler: StartupState.processMessage:6
11-21 18:51:53.741  3878  3974 D GsmInboundSmsHandler: Idle state processing message type 5
11-21 18:51:53.741  3878  3976 D CdmaInboundSmsHandler: entering Idle state
11-21 18:51:53.741  3878  3976 D CdmaInboundSmsHandler: IdleState.processMessage:5
11-21 18:51:53.741  3878  3976 D CdmaInboundSmsHandler: Idle state processing message type 5
11-21 18:51:53.742  3878  3974 D GsmInboundSmsHandler: mWakeLock released wakelockcount = 0
11-21 18:51:53.742  3878  3878 D TelephonyComponentFactory: makeIccCardProxy
11-21 18:51:53.743  3878  3976 D CdmaInboundSmsHandler: mWakeLock released wakelockcount = 0
11-21 18:51:53.743  3878  3878 D IccCardProxy: ctor: ci=com.android.internal.telephony.SlteRIL@7213a45 phoneId=0
11-21 18:51:53.743  3878  3878 D CdmaSSM : subscriptionSource from settings: 0
11-21 18:51:53.743  3878  3878 D CdmaSSM : cdmaSSM constructor: 0
11-21 18:51:53.743  3878  3878 D IccCardProxy: update icc_operator_numeric=
11-21 18:51:53.743  3878  3878 D TelephonyManager: setTelephonyProperty: success phoneId=0 property=gsm.sim.operator.numeric value:  propVal=
11-21 18:51:53.744  3878  3878 D TelephonyManager: setTelephonyProperty: success phoneId=0 property=gsm.sim.operator.iso-country value:  propVal=
11-21 18:51:53.744  3878  3878 D TelephonyManager: setTelephonyProperty: success phoneId=0 property=gsm.sim.operator.alpha value:  propVal=
11-21 18:51:53.745  3878  3878 E IccCardProxy: setExternalState: set mPhoneId=0 mExternalState=NOT_READY
11-21 18:51:53.745  3878  3878 D TelephonyManager: setTelephonyProperty: success phoneId=0 property=gsm.sim.state value: NOT_READY propVal=NOT_READY
11-21 18:51:53.745  3878  3878 D IccCardProxy: broadcastIccStateChangedIntent intent ACTION_SIM_STATE_CHANGED value=NOT_READY reason=null for mPhoneId=0
11-21 18:51:53.746  3878  3878 D TelephonyComponentFactory: getCdmaSubscriptionSourceManagerInstance
11-21 18:51:53.747  3878  3878 D TelephonyComponentFactory: makeEriManager
11-21 18:51:53.747  3878  3878 D GsmCdmaPhone: [GsmCdmaPhone] Precise phone type 1
11-21 18:51:53.748  3878  3878 D RILJ    : setPhoneType=1 old value=0 [SUB0]
11-21 18:51:53.748  3878  3878 D TelephonyManager: setTelephonyProperty: success phoneId=0 property=gsm.current.phone-type value: 1 propVal=1
11-21 18:51:53.748  3878  3878 D IccCardProxy: Setting radio tech UMTS
11-21 18:51:53.748  3878  3878 D IccCardProxy: updateQuietMode: 3GPP subscription -> newQuietMode=false
11-21 18:51:53.748  3878  3878 D IccCardProxy: updateQuietMode: no changes don't setExternalState
11-21 18:51:53.748  3878  3878 D IccCardProxy: updateQuietMode: QuietMode is false (app_type=1 cdmaSource=-1)
11-21 18:51:53.748  3878  3878 D TelephonyComponentFactory: makeServiceStateTracker
11-21 18:51:53.752  3878  3878 W CarrierConfigManager: Error getting config for subId -1 ICarrierConfigLoader is null
11-21 18:51:53.753  3585  3596 D TelephonyRegistry: listen oscl: hasNotifySubscriptionInfoChangedOccurred==false no callback
11-21 18:51:53.788  3878  3878 D TelephonyManager: setTelephonyProperty: success phoneId=0 property=gsm.network.type value: Unknown propVal=Unknown
11-21 18:51:53.788  3878  3878 D RILJ    : [3654]> SIGNAL_STRENGTH [SUB0]
11-21 18:51:53.791  3207  3242 E RILD    : IsRegisteredNetworkType(): netType[1]  feature[00] state[0] 
11-21 18:51:53.791  3878  3948 D RilRequest: [3654]< SIGNAL_STRENGTH error: com.android.internal.telephony.CommandException: RADIO_NOT_AVAILABLE ret=
11-21 18:51:53.793  3878  3878 D SST     : notifyDataRegStateRilRadioTechnologyChanged: drs=1 rat=0
11-21 18:51:53.793  3878  3878 D TelephonyManager: setTelephonyProperty: success phoneId=0 property=gsm.network.type value: Unknown propVal=Unknown
11-21 18:51:53.798  3878  3878 D TelephonyComponentFactory: makeDcTracker
11-21 18:51:53.801  3878  3878 D DCT     : [0]DCT.constructor
11-21 18:51:53.803  3585  3765 D TelephonyRegistry: listen oscl: hasNotifySubscriptionInfoChangedOccurred==false no callback
11-21 18:51:53.812  3878  3878 D Dcc     : E ctor
11-21 18:51:53.812  3878  3878 D Dcc     : X ctor
11-21 18:51:53.814  3878  3878 D SubscriptionController: [getPhoneId] asked for default subId=-1
11-21 18:51:53.815  3585  3585 D TelephonyRegistry: notifyCellLocationForSubscriber: subId=0 cellLocation=Bundle[{cid=-1, lac=-1, psc=-1}]
11-21 18:51:53.815  3878  3890 D SubscriptionController: [getPhoneId]- no sims, returning default phoneId=2147483647
11-21 18:51:53.816  3878  4023 D DcTesterDeacativateAll: register for intent action=com.android.internal.telephony.dataconnection.action_deactivate_all
11-21 18:51:53.816  3878  4023 D DcTesterDeacativateAll: register for intent action=com.android.internal.telephony.action_detached
11-21 18:51:53.816  3878  3878 D DcTesterFailBrinupAll: register for intent action=com.android.internal.telephony.dataconnection.action_fail_bringup
11-21 18:51:53.816  3878  3878 D DcTesterFailBrinupAll: register for intent action=com.android.internal.telephony.action_detached
11-21 18:51:53.816  3878  3878 D DcTesterFailBrinupAll: register for intent action=com.android.internal.telephony.action_attached
11-21 18:51:53.817  3878  4023 D Dcc     : DccDefaultState: msg.what=EVENT_RIL_CONNECTED mRilVersion=8
11-21 18:51:53.817  3878  3878 D SST     : notifyDataRegStateRilRadioTechnologyChanged: drs=1 rat=0
11-21 18:51:53.817  3878  3878 D TelephonyManager: setTelephonyProperty: success phoneId=0 property=gsm.network.type value: Unknown propVal=Unknown
11-21 18:51:53.817  3878  3878 D DCT     : [0]update sub = -2
11-21 18:51:53.818  3878  3878 D DCT     : [0]update(): Active DDS, register for all events now!
11-21 18:51:53.818  3878  3878 D GsmCdmaPhone: [GsmCdmaPhone] updateCurrentCarrierInProvider: mSubId = -2 currentDds = 1 operatorNumeric = null
11-21 18:51:53.819  3878  3878 D DCT     : [0]initApnContexts: E
11-21 18:51:53.819  3878  3878 D DCT     : [0]initApnContexts: skipping unknown type=1
11-21 18:51:53.819  3878  3878 D DCT     : [0]initApnContexts: apnContext={mApnType=default mState=IDLE mWaitingApns={null} mApnSetting={null} mReason=dataEnabled mDataEnabled=false mDependencyMet=true}
11-21 18:51:53.819  3878  3878 D DCT     : [0]initApnContexts: apnContext={mApnType=mms mState=IDLE mWaitingApns={null} mApnSetting={null} mReason=dataEnabled mDataEnabled=false mDependencyMet=true}
11-21 18:51:53.819  3878  3878 D DCT     : [0]initApnContexts: apnContext={mApnType=supl mState=IDLE mWaitingApns={null} mApnSetting={null} mReason=dataEnabled mDataEnabled=false mDependencyMet=true}
11-21 18:51:53.820  3878  3878 D DCT     : [0]initApnContexts: apnContext={mApnType=dun mState=IDLE mWaitingApns={null} mApnSetting={null} mReason=dataEnabled mDataEnabled=false mDependencyMet=true}
11-21 18:51:53.820  3878  3878 D DCT     : [0]initApnContexts: apnContext={mApnType=hipri mState=IDLE mWaitingApns={null} mApnSetting={null} mReason=dataEnabled mDataEnabled=false mDependencyMet=true}
11-21 18:51:53.820  3878  3878 D DCT     : [0]initApnContexts: apnContext={mApnType=fota mState=IDLE mWaitingApns={null} mApnSetting={null} mReason=dataEnabled mDataEnabled=false mDependencyMet=true}
11-21 18:51:53.820  3878  3878 D DCT     : [0]initApnContexts: apnContext={mApnType=ims mState=IDLE mWaitingApns={null} mApnSetting={null} mReason=dataEnabled mDataEnabled=false mDependencyMet=true}
11-21 18:51:53.820  3878  3878 D DCT     : [0]initApnContexts: apnContext={mApnType=cbs mState=IDLE mWaitingApns={null} mApnSetting={null} mReason=dataEnabled mDataEnabled=false mDependencyMet=true}
11-21 18:51:53.820  3878  3878 D DCT     : [0]initApnContexts: apnContext={mApnType=ia mState=IDLE mWaitingApns={null} mApnSetting={null} mReason=dataEnabled mDataEnabled=false mDependencyMet=true}
11-21 18:51:53.820  3878  3878 D DCT     : [0]initApnContexts: skipping unknown type=7
11-21 18:51:53.820  3878  3878 D DCT     : [0]initApnContexts: skipping unknown type=9
11-21 18:51:53.820  3878  3878 D DCT     : [0]initApnContexts: apnContext={mApnType=emergency mState=IDLE mWaitingApns={null} mApnSetting={null} mReason=dataEnabled mDataEnabled=false mDependencyMet=true}
11-21 18:51:53.832  3878  3878 D GsmCdmaPhone: [GsmCdmaPhone] GsmCdmaPhone: constructor: sub = 0
11-21 18:51:53.832  3878  3878 I PhoneFactory: Creating Phone with type = 1 sub = 0
11-21 18:51:53.833  3878  3878 I PhoneFactory: defaultSmsApplication: NONE
11-21 18:51:53.835  3878  3878 I PhoneFactory: Creating SubInfoRecordUpdater 
11-21 18:51:53.835  3878  3878 D TelephonyComponentFactory: makeSubscriptionInfoUpdater
11-21 18:51:53.835  3878  3878 D SubscriptionInfoUpdater: Constructor invoked
11-21 18:51:53.860  3878  3878 D SubscriptionController: [getActiveSubInfoList] Sub Controller not ready
11-21 18:51:53.860  3878  3878 D SubscriptionController: [getActiveSubInfoForSubscriber]- subId=-2 subList=null subInfo=null
11-21 18:51:53.860  3878  3878 E SubscriptionController: getUserNwMode: invalid subId = -2
11-21 18:51:53.861  3585  3765 D TelephonyRegistry: listen oscl: hasNotifySubscriptionInfoChangedOccurred==false no callback
11-21 18:51:53.861  3878  3878 D SubscriptionController: [getPhoneId]- no sims, returning default phoneId=2147483647
11-21 18:51:53.868  3878  3878 D TelephonyComponentFactory: makePhoneSwitcher
11-21 18:51:53.868  3585  3918 D TelephonyRegistry: listen oscl: hasNotifySubscriptionInfoChangedOccurred==false no callback
11-21 18:51:53.869  3878  3878 D PhoneSwitcher: PhoneSwitcher started
11-21 18:51:53.869  3878  3878 D ProxyController: Constructor - Enter
11-21 18:51:53.871  3878  3878 D ProxyController: clearTransaction
11-21 18:51:53.871  3878  3878 D ProxyController: clearTransaction: phoneId=0 status=IDLE
11-21 18:51:53.871  3878  3878 D ProxyController: Constructor - Exit
11-21 18:51:53.871  3878  3878 D TelephonyNetworkFactory[0]: Registering NetworkFactory
11-21 18:51:53.873  3878  3878 D TelephonyComponentFactory: makeExtTelephonyClasses
11-21 18:51:53.875  3878  3878 D CallManager: registerPhone(GSM Handler (com.android.internal.telephony.GsmCdmaPhone) {2011131})
11-21 18:51:53.875  3878  3878 D RILJ    : [3655]> SET_SUPP_SVC_NOTIFICATION [SUB0]
11-21 18:51:53.876  3207  3242 E RILD    : IsRegisteredNetworkType(): netType[1]  feature[00] state[0] 
11-21 18:51:53.877  3878  3948 D RilRequest: [3655]< SET_SUPP_SVC_NOTIFICATION error: com.android.internal.telephony.CommandException: RADIO_NOT_AVAILABLE ret=
11-21 18:51:53.878  3585  3765 D TelephonyRegistry: listen oscl: hasNotifySubscriptionInfoChangedOccurred==false no callback
11-21 18:51:53.891  3585  3597 D TelephonyRegistry: listen oscl: hasNotifySubscriptionInfoChangedOccurred==false no callback
11-21 18:51:53.900  3878  3878 D RILJ    : [3656]> RIL_REQUEST_SET_TTY_MODE : 0 [SUB0]
11-21 18:51:53.901  3207  3242 E RILD    : IsRegisteredNetworkType(): netType[1]  feature[00] state[0] 
11-21 18:51:53.901  3207  3301 E RILD    : DoRouteIn - FW reqId : 80
11-21 18:51:53.901  3207  3301 E RILD    : DoRouteOut - FW reqId : 80
11-21 18:51:53.901  3207  3301 E RILD    : Onprocessing: request id(80), handleEvent(153)
11-21 18:51:53.901  3207  3300 E RILD    : GC-MGR(4): evt(153)
11-21 18:51:53.901  3207  3300 E RILD    : DoSetTtyMode():
11-21 18:51:53.901  3207  3300 E RILD    : IpcProtocol41::IpcTxCfgSetTtyMode()
11-21 18:51:53.901  3207  3300 E RILD    : [G] TX: (M)CFG_CMD (S)CFG_TTY (T)SET l:8 m:02 a:00 [ 00 ]
11-21 18:51:53.903  3585  3918 D TelephonyRegistry: listen oscl: hasNotifySubscriptionInfoChangedOccurred==false no callback
11-21 18:51:53.903  3878  3878 D SubscriptionController: [getPhoneId] asked for default subId=-1
11-21 18:51:53.903  3207  3619 E RILD    : [G] RX: (M)GEN_CMD (S)GEN_PHONE_RES (T)RESP l:c m:04 a:02 [ 0F 05 03 00 80 ]
11-21 18:51:53.903  3207  3619 E RILD    : IpcProtocol41 GR: 0x8000
