09-26 15:52:09.385  3171  3171 D boot    : cbd: get_cmdline_str: find str androidboot.debug_level=0x4f4c form /proc/cmdline
09-26 15:52:09.385  3171  3171 D boot    : cbd: check_debug_level: androidboot.debug_level=0x4f4c, 0
09-26 15:52:09.385  3171  3171 D boot    : cbd: check_debug_level: debug level=0, cp_debug=0
09-26 15:52:09.385  3171  3171 D boot    : cbd: main: Daemon Mode
09-26 15:52:09.385  3171  3171 D boot    : cbd: main: SS310 modem
09-26 15:52:09.385  3171  3171 D boot    : cbd: main: boot SHMEM link
09-26 15:52:09.385  3171  3171 D boot    : cbd: main: main SHMEM link
09-26 15:52:09.385  3171  3171 D boot    : cbd: main: partition number : platform/11120000.ufs/by-name/RADIO
09-26 15:52:09.385  3171  3171 D boot    : cbd: main: partition path : /dev/block/platform/11120000.ufs/by-name/RADIO
09-26 15:52:09.385  3171  3171 D boot    : cbd: main: partition number : platform/11120000.ufs/by-name/CP_DEBUG
09-26 15:52:09.385  3171  3171 D boot    : cbd: main: partition path : /dev/block/platform/11120000.ufs/by-name/CP_DEBUG
09-26 15:52:09.385  3171  3171 I chatty  : uid=1001(radio) /system/bin/cbd expire 14 lines
09-26 15:52:09.404  3174  3174 D RILD    : **RIL Daemon Started**
09-26 15:52:09.404  3174  3174 D RILD    : **RILd param count=1**
09-26 15:52:09.404  3174  3174 D RILD    : rilLibPath = /system/lib64/libsec-ril.so
09-26 15:52:09.494  3174  3174 I chatty  : uid=1001(radio) /system/bin/rild expire 27 lines
09-26 15:52:09.524  3177  3177 E RILClient: Connect_RILD: Connecting failed. Connection refused(111)
09-26 15:52:09.544  3216  3216 D RILD    : **RIL Daemon Started**
09-26 15:52:09.544  3216  3216 D RILD    : **RILd param count=3**
09-26 15:52:09.544  3216  3216 D RILD    : rilLibPath = /system/lib64/libsec-ril-dsds.so
09-26 15:52:09.601  3174  3213 I chatty  : uid=1001(radio) /system/bin/rild expire 179 lines
09-26 15:52:09.602  3216  3216 I chatty  : uid=1001(radio) /system/bin/rild expire 25 lines
09-26 15:52:09.638  3174  3276 I chatty  : uid=1001(radio) /system/bin/rild expire 1 line
09-26 15:52:09.648  3174  3281 I chatty  : uid=1001(radio) /system/bin/rild expire 1 line
09-26 15:52:09.656  3181  3181 E RILClient: Connect_RILD: Connecting failed. Connection refused(111)
09-26 15:52:09.657  3181  3181 E RILClient: Connect_RILD: Connecting failed. Connection refused(111)
09-26 15:52:09.657  3181  3181 E RILClient: Connect_RILD_Second: Connecting failed. Connection refused(111)
09-26 15:52:09.662  3174  3285 I chatty  : uid=1001(radio) /system/bin/rild expire 2 lines
09-26 15:52:09.662  3174  3286 I chatty  : uid=1001(radio) /system/bin/rild expire 5 lines
09-26 15:52:09.662  3174  3287 I chatty  : uid=1001(radio) /system/bin/rild expire 2 lines
09-26 15:52:09.706  3216  3256 I chatty  : uid=1001(radio) /system/bin/rild expire 161 lines
09-26 15:52:09.710  3216  3298 I chatty  : uid=1001(radio) /system/bin/rild expire 1 line
09-26 15:52:09.732  3216  3307 I chatty  : uid=1001(radio) /system/bin/rild expire 1 line
09-26 15:52:09.746  3216  3312 I chatty  : uid=1001(radio) /system/bin/rild expire 2 lines
09-26 15:52:09.747  3216  3313 I chatty  : uid=1001(radio) /system/bin/rild expire 13 lines
09-26 15:52:09.750  3216  3314 I chatty  : uid=1001(radio) /system/bin/rild expire 1 line
09-26 15:52:09.806  3171  3171 I chatty  : uid=1001(radio) /system/bin/cbd expire 11 lines
09-26 15:52:09.859  3174  3213 I chatty  : uid=1001(radio) /system/bin/rild expire 20 lines
09-26 15:52:10.524  3177  3177 E RILClient: Connect_RILD: Connecting failed. Connection refused(111)
09-26 15:52:11.525  3177  3177 E RILClient: Connect_RILD: Connecting failed. Connection refused(111)
09-26 15:52:11.552  3216  3579 I chatty  : uid=1001(radio) /system/bin/rild expire 3 lines
09-26 15:52:11.557  3216  3581 I chatty  : uid=1001(radio) /system/bin/rild expire 1 line
09-26 15:52:11.662  3174  3583 I chatty  : uid=1001(radio) /system/bin/rild expire 5 lines
09-26 15:52:11.666  3174  3585 I chatty  : uid=1001(radio) /system/bin/rild expire 3 lines
09-26 15:52:12.525  3177  3177 D RILClient: Connect_RILD: Success to connect
09-26 15:52:12.818  3174  3286 I chatty  : uid=1001(radio) /system/bin/rild expire 77 lines
09-26 15:52:12.822  3216  3313 I chatty  : uid=1001(radio) /system/bin/rild expire 28 lines
09-26 15:52:12.823  3177  3587 D RILClient: processUnsolicited(): resp_id (11011), len(2)
09-26 15:52:12.837  3174  3583 I chatty  : uid=1001(radio) /system/bin/rild expire 58 lines
09-26 15:52:15.538  3216  3579 I chatty  : uid=1001(radio) /system/bin/rild expire 2 lines
09-26 15:52:15.543  3593  3593 D boot    : cbd: get_cmdline_str: find str androidboot.debug_level=0x4f4c form /proc/cmdline
09-26 15:52:15.543  3593  3593 D boot    : cbd: check_debug_level: androidboot.debug_level=0x4f4c, 0
09-26 15:52:15.543  3593  3593 D boot    : cbd: check_debug_level: debug level=0, cp_debug=0
09-26 15:52:15.543  3593  3593 D boot    : cbd: main: Daemon Mode
09-26 15:52:15.543  3593  3593 D boot    : cbd: main: SS310 modem
09-26 15:52:15.543  3593  3593 D boot    : cbd: main: boot SHMEM link
09-26 15:52:15.543  3593  3593 D boot    : cbd: main: main SHMEM link
09-26 15:52:15.543  3593  3593 D boot    : cbd: main: partition number : platform/11120000.ufs/by-name/RADIO
09-26 15:52:15.543  3593  3593 D boot    : cbd: main: partition path : /dev/block/platform/11120000.ufs/by-name/RADIO
09-26 15:52:15.543  3593  3593 D boot    : cbd: main: partition number : platform/11120000.ufs/by-name/CP_DEBUG
09-26 15:52:15.543  3593  3593 D boot    : cbd: main: partition path : /dev/block/platform/11120000.ufs/by-name/CP_DEBUG
09-26 15:52:15.543  3593  3593 I chatty  : uid=1001(radio) /system/bin/cbd expire 15 lines
09-26 15:52:15.552  3592  3592 D RILD    : **RIL Daemon Started**
09-26 15:52:15.552  3592  3592 D RILD    : **RILd param count=1**
09-26 15:52:15.552  3592  3592 D RILD    : rilLibPath = /system/lib64/libsec-ril.so
09-26 15:52:15.576  3592  3592 I chatty  : uid=1001(radio) /system/bin/rild expire 26 lines
09-26 15:52:15.677  3592  3594 I chatty  : uid=1001(radio) /system/bin/rild expire 80 lines
09-26 15:52:15.694  3592  3595 I chatty  : uid=1001(radio) /system/bin/rild expire 1 line
09-26 15:52:15.696  3592  3594 I chatty  : uid=1001(radio) /system/bin/rild expire 93 lines
09-26 15:52:15.698  3592  3596 I chatty  : uid=1001(radio) /system/bin/rild expire 1 line
09-26 15:52:15.701  3592  3597 I chatty  : uid=1001(radio) /system/bin/rild expire 2 lines
09-26 15:52:15.803  3592  3599 I chatty  : uid=1001(radio) /system/bin/rild expire 1 line
09-26 15:52:15.803  3593  3593 I chatty  : uid=1001(radio) /system/bin/cbd expire 5 lines
09-26 15:52:15.803  3592  3598 I chatty  : uid=1001(radio) /system/bin/rild expire 5 lines
09-26 15:52:16.577  3592  3592 I chatty  : uid=1001(radio) /system/bin/rild expire 2 lines
09-26 15:52:16.589  3600  3600 D RILD    : **RIL Daemon Started**
09-26 15:52:16.589  3600  3600 D RILD    : **RILd param count=3**
09-26 15:52:16.589  3600  3600 D RILD    : rilLibPath = /system/lib64/libsec-ril-dsds.so
09-26 15:52:16.611  3600  3600 I chatty  : uid=1001(radio) /system/bin/rild expire 25 lines
09-26 15:52:16.711  3600  3601 I chatty  : uid=1001(radio) /system/bin/rild expire 117 lines
09-26 15:52:16.712  3600  3602 I chatty  : uid=1001(radio) /system/bin/rild expire 1 line
09-26 15:52:16.713  3600  3603 I chatty  : uid=1001(radio) /system/bin/rild expire 1 line
09-26 15:52:16.719  3600  3604 I chatty  : uid=1001(radio) /system/bin/rild expire 2 lines
09-26 15:52:16.719  3600  3601 I chatty  : uid=1001(radio) /system/bin/rild expire 27 lines
09-26 15:52:16.720  3600  3605 I chatty  : uid=1001(radio) /system/bin/rild expire 60 lines
09-26 15:52:16.720  3600  3606 I chatty  : uid=1001(radio) /system/bin/rild expire 1 line
09-26 15:52:16.902  3592  3594 I chatty  : uid=1001(radio) /system/bin/rild expire 13 lines
09-26 15:52:17.340  3593  3593 I chatty  : uid=1001(radio) /system/bin/cbd expire 5 lines
09-26 15:52:17.503  3592  3607 I chatty  : uid=1001(radio) /system/bin/rild expire 51 lines
09-26 15:52:17.521  3600  3608 I chatty  : uid=1001(radio) /system/bin/rild expire 9 lines
09-26 15:52:17.522  3592  3609 I chatty  : uid=1001(radio) /system/bin/rild expire 1 line
09-26 15:52:17.525  3600  3610 I chatty  : uid=1001(radio) /system/bin/rild expire 1 line
09-26 15:52:18.742  3592  3598 I chatty  : uid=1001(radio) /system/bin/rild expire 153 lines
09-26 15:52:23.277  3592  3607 I chatty  : uid=1001(radio) /system/bin/rild expire 79 lines
09-26 15:52:28.476  3180  3180 D TelephonyManager: No /proc/cmdline exception=java.io.FileNotFoundException: /proc/cmdline (Permission denied)
09-26 15:52:28.476  3180  3180 D TelephonyManager: /proc/cmdline=
09-26 15:52:28.607  3179  3179 D TelephonyManager: No /proc/cmdline exception=java.io.FileNotFoundException: /proc/cmdline (Permission denied)
09-26 15:52:28.607  3179  3179 D TelephonyManager: /proc/cmdline=
09-26 15:52:35.558  3592  3609 I chatty  : uid=1001(radio) /system/bin/rild expire 2 lines
09-26 15:52:35.558  3177  3177 D RILClient: Connect_RILD: Success to connect
09-26 15:52:36.394  3592  3607 I chatty  : uid=1001(radio) /system/bin/rild expire 6 lines
09-26 15:52:36.394  3592  3598 I chatty  : uid=1001(radio) /system/bin/rild expire 22 lines
09-26 15:52:36.394  3592  3599 I chatty  : uid=1001(radio) /system/bin/rild expire 16 lines
09-26 15:53:09.693  3655  4839 D TelephonyRegistry: listen oscl: hasNotifySubscriptionInfoChangedOccurred==false no callback
09-26 15:53:10.147  3655  3655 D TelephonyRegistry: listen oscl: hasNotifySubscriptionInfoChangedOccurred==false no callback
09-26 15:53:10.193  3655  3655 D TelephonyRegistry: systemRunning register for intents
09-26 15:53:10.412  3655  3713 D TelephonyRegistry: listen oscl: hasNotifySubscriptionInfoChangedOccurred==false no callback
09-26 15:53:10.694  4812  5057 D TelephonyManager: getSimState: default sim:-1, sim state for slotIdx=0 is 0, return state as unknown
09-26 15:53:10.714  4812  5057 D TelephonyManager: getSimState: default sim:-1, sim state for slotIdx=0 is 0, return state as unknown
09-26 15:53:10.721  4812  5057 D TelephonyManager: getSimState: default sim:-1, sim state for slotIdx=0 is 0, return state as unknown
09-26 15:53:11.120  4812  5057 D TelephonyManager: getSimState: default sim:-1, sim state for slotIdx=0 is 0, return state as unknown
09-26 15:53:11.176  4812  5057 D TelephonyManager: getSimState: default sim:-1, sim state for slotIdx=0 is 0, return state as unknown
09-26 15:53:11.187  4812  5057 D TelephonyManager: getSimState: default sim:-1, sim state for slotIdx=0 is 0, return state as unknown
09-26 15:53:12.105  3655  3655 W CarrierConfigManager: Error getting config for subId -1 ICarrierConfigLoader is null
09-26 15:53:12.115  3655  3655 D TelephonyRegistry: notifyCellLocationForSubscriber: subId=0 cellLocation=Bundle[{cid=-1, lac=-1, psc=-1}]
09-26 15:53:12.115  3655  3655 D TelephonyRegistry: notifyCellLocationForSubscriber: subId=1 cellLocation=Bundle[{cid=-1, lac=-1, psc=-1}]
09-26 15:53:13.040  4962  4962 I chatty  : uid=1001(radio) com.android.phone expire 20 lines
09-26 15:53:13.050  4962  5305 I chatty  : uid=1001(radio) RILReceiver0 expire 8 lines
09-26 15:53:13.050  3592  3594 I chatty  : uid=1001(radio) /system/bin/rild expire 6 lines
09-26 15:53:13.054  4962  5307 I chatty  : uid=1001(radio) RILReceiver1 expire 8 lines
09-26 15:53:13.054  3600  3601 I chatty  : uid=1001(radio) /system/bin/rild expire 5 lines
09-26 15:53:13.055  3592  3598 I chatty  : uid=1001(radio) /system/bin/rild expire 9 lines
09-26 15:53:13.060  3600  3606 I chatty  : uid=1001(radio) /system/bin/rild expire 4 lines
09-26 15:53:13.060  3600  3605 I chatty  : uid=1001(radio) /system/bin/rild expire 40 lines
09-26 15:53:13.062  3600  3601 I chatty  : uid=1001(radio) /system/bin/rild expire 2 lines
09-26 15:53:13.062  4962  4962 I chatty  : uid=1001(radio) com.android.phone expire 53 lines
09-26 15:53:13.062  3600  3606 I chatty  : uid=1001(radio) /system/bin/rild expire 22 lines
09-26 15:53:13.062  3592  3594 I chatty  : uid=1001(radio) /system/bin/rild expire 4 lines
09-26 15:53:13.062  3592  3599 I chatty  : uid=1001(radio) /system/bin/rild expire 13 lines
09-26 15:53:13.062  3592  3598 I chatty  : uid=1001(radio) /system/bin/rild expire 44 lines
09-26 15:53:13.064  3592  3607 I chatty  : uid=1001(radio) /system/bin/rild expire 45 lines
09-26 15:53:13.068  4962  5307 I chatty  : uid=1001(radio) RILReceiver1 expire 7 lines
09-26 15:53:13.068  4962  5305 I chatty  : uid=1001(radio) RILReceiver0 expire 10 lines
09-26 15:53:13.073  3600  3608 I chatty  : uid=1001(radio) /system/bin/rild expire 8 lines
09-26 15:53:13.103  4962  5315 I chatty  : uid=1001(radio) CdmaInboundSmsH expire 5 lines
09-26 15:53:13.103  4962  5313 I chatty  : uid=1001(radio) GsmInboundSmsHa expire 5 lines
09-26 15:53:13.127  4962  4985 I chatty  : uid=1001(radio) Binder:4962_2 expire 2 lines
09-26 15:53:13.152  3655  4846 D TelephonyRegistry: listen oscl: hasNotifySubscriptionInfoChangedOccurred==false no callback
09-26 15:53:13.199  3655  4839 D TelephonyRegistry: listen oscl: hasNotifySubscriptionInfoChangedOccurred==false no callback
09-26 15:53:13.202  4962  4962 I chatty  : uid=1001(radio) com.android.phone expire 151 lines
09-26 15:53:13.208  3592  3607 I chatty  : uid=1001(radio) /system/bin/rild expire 8 lines
09-26 15:53:13.212  3655  3714 D TelephonyRegistry: listen oscl: hasNotifySubscriptionInfoChangedOccurred==false no callback
09-26 15:53:13.214  4962  5341 I chatty  : uid=1001(radio) DcHandlerThread expire 3 lines
09-26 15:53:13.261  3600  3601 I chatty  : uid=1001(radio) /system/bin/rild expire 6 lines
09-26 15:53:13.263  4962  5307 I chatty  : uid=1001(radio) RILReceiver1 expire 4 lines
09-26 15:53:13.284  4962  5355 I chatty  : uid=1001(radio) CdmaInboundSmsH expire 5 lines
09-26 15:53:13.285  4962  5353 I chatty  : uid=1001(radio) GsmInboundSmsHa expire 5 lines
09-26 15:53:13.297  3655  3712 D TelephonyRegistry: listen oscl: hasNotifySubscriptionInfoChangedOccurred==false no callback
09-26 15:53:13.316  3655  4839 D TelephonyRegistry: listen oscl: hasNotifySubscriptionInfoChangedOccurred==false no callback
09-26 15:53:13.320  4962  5358 I chatty  : uid=1001(radio) DcHandlerThread expire 3 lines
09-26 15:53:13.408  3655  4847 D TelephonyRegistry: listen oscl: hasNotifySubscriptionInfoChangedOccurred==false no callback
09-26 15:53:13.409  3655  3712 D TelephonyRegistry: listen oscl: hasNotifySubscriptionInfoChangedOccurred==false no callback
09-26 15:53:13.417  3592  3594 I chatty  : uid=1001(radio) /system/bin/rild expire 11 lines
09-26 15:53:13.418  4962  5305 I chatty  : uid=1001(radio) RILReceiver0 expire 4 lines
09-26 15:53:13.420  3655  4839 D TelephonyRegistry: listen oscl: hasNotifySubscriptionInfoChangedOccurred==false no callback
09-26 15:53:13.428  3655  3712 D TelephonyRegistry: listen oscl: hasNotifySubscriptionInfoChangedOccurred==false no callback
09-26 15:53:13.438  3592  3599 I chatty  : uid=1001(radio) /system/bin/rild expire 17 lines
09-26 15:53:13.438  3592  3598 I chatty  : uid=1001(radio) /system/bin/rild expire 18 lines
09-26 15:53:13.442  3600  3606 I chatty  : uid=1001(radio) /system/bin/rild expire 6 lines
09-26 15:53:13.442  3600  3605 I chatty  : uid=1001(radio) /system/bin/rild expire 9 lines
09-26 15:53:13.443  3655  3712 D TelephonyRegistry: listen oscl: hasNotifySubscriptionInfoChangedOccurred==false no callback
09-26 15:53:13.446  3600  3608 I chatty  : uid=1001(radio) /system/bin/rild expire 4 lines
09-26 15:53:13.454  3592  3599 I chatty  : uid=1001(radio) /system/bin/rild expire 52 lines
09-26 15:53:13.454  3600  3605 I chatty  : uid=1001(radio) /system/bin/rild expire 4 lines
09-26 15:53:13.454  3592  3598 I chatty  : uid=1001(radio) /system/bin/rild expire 76 lines
09-26 15:53:13.454  3592  3594 I chatty  : uid=1001(radio) /system/bin/rild expire 9 lines
09-26 15:53:13.455  4962  5305 I chatty  : uid=1001(radio) RILReceiver0 expire 11 lines
09-26 15:53:13.455  4962  5307 I chatty  : uid=1001(radio) RILReceiver1 expire 1 line
09-26 15:53:13.455  4962  4962 I chatty  : uid=1001(radio) com.android.phone expire 77 lines
09-26 15:53:13.456  3592  3607 I chatty  : uid=1001(radio) /system/bin/rild expire 22 lines
09-26 15:53:13.462  3655  3713 D TelephonyRegistry: notifySubscriptionInfoChanged: first invocation mRecords.size=21
09-26 15:53:13.466  4962  4984 I chatty  : uid=1001(radio) Binder:4962_1 expire 2 lines
09-26 15:53:13.466  4962  4985 I chatty  : uid=1001(radio) Binder:4962_2 expire 2 lines
09-26 15:53:13.474  3655  3712 D TelephonyManager: getSimState: default sim:-1, sim state for slotIdx=0 is 6, return state as unknown
09-26 15:53:13.533  4962  4962 I chatty  : uid=1001(radio) com.android.phone expire 79 lines
09-26 15:53:13.533  3592  3607 I chatty  : uid=1001(radio) /system/bin/rild expire 21 lines
09-26 15:53:13.533  3592  3598 I chatty  : uid=1001(radio) /system/bin/rild expire 79 lines
09-26 15:53:13.547  3592  3599 I chatty  : uid=1001(radio) /system/bin/rild expire 31 lines
09-26 15:53:13.547  4962  5305 I chatty  : uid=1001(radio) RILReceiver0 expire 5 lines
09-26 15:53:13.679  3600  3601 I chatty  : uid=1001(radio) /system/bin/rild expire 7 lines
09-26 15:53:13.679  3600  3606 I chatty  : uid=1001(radio) /system/bin/rild expire 16 lines
09-26 15:53:13.680  3600  3605 I chatty  : uid=1001(radio) /system/bin/rild expire 11 lines
09-26 15:53:13.688  4962  5307 I chatty  : uid=1001(radio) RILReceiver1 expire 3 lines
09-26 15:53:13.704  4962  4984 I chatty  : uid=1001(radio) Binder:4962_1 expire 1 line
09-26 15:53:13.705  4962  5362 I chatty  : uid=1001(radio) Binder:4962_3 expire 1 line
09-26 15:53:13.721  3655  4847 D TelephonyManager: getSimState: default sim:-1, sim state for slotIdx=0 is 6, return state as unknown
09-26 15:53:13.729  4962  4962 I chatty  : uid=1001(radio) com.android.phone expire 81 lines
09-26 15:53:13.729  3600  3601 I chatty  : uid=1001(radio) /system/bin/rild expire 1 line
09-26 15:53:13.729  3600  3606 I chatty  : uid=1001(radio) /system/bin/rild expire 23 lines
09-26 15:53:13.770  3592  3607 I chatty  : uid=1001(radio) /system/bin/rild expire 12 lines
09-26 15:53:13.770  3592  3598 I chatty  : uid=1001(radio) /system/bin/rild expire 35 lines
09-26 15:53:13.771  3592  3599 I chatty  : uid=1001(radio) /system/bin/rild expire 11 lines
09-26 15:53:13.771  3600  3608 I chatty  : uid=1001(radio) /system/bin/rild expire 19 lines
09-26 15:53:13.772  3600  3605 I chatty  : uid=1001(radio) /system/bin/rild expire 65 lines
09-26 15:53:13.801  4962  5307 I chatty  : uid=1001(radio) RILReceiver1 expire 6 lines
09-26 15:53:13.825  4962  5305 I chatty  : uid=1001(radio) RILReceiver0 expire 9 lines
09-26 15:53:13.887  4962  4962 I chatty  : uid=1001(radio) com.android.phone expire 87 lines
09-26 15:53:13.888  3600  3608 I chatty  : uid=1001(radio) /system/bin/rild expire 4 lines
09-26 15:53:13.888  3600  3605 I chatty  : uid=1001(radio) /system/bin/rild expire 17 lines
09-26 15:53:13.888  3600  3606 I chatty  : uid=1001(radio) /system/bin/rild expire 4 lines
09-26 15:53:13.976  3592  3594 I chatty  : uid=1001(radio) /system/bin/rild expire 28 lines
09-26 15:53:13.976  3592  3599 I chatty  : uid=1001(radio) /system/bin/rild expire 38 lines
09-26 15:53:13.976  3592  3598 I chatty  : uid=1001(radio) /system/bin/rild expire 57 lines
09-26 15:53:13.977  3600  3601 I chatty  : uid=1001(radio) /system/bin/rild expire 1 line
09-26 15:53:13.979  3592  3607 I chatty  : uid=1001(radio) /system/bin/rild expire 11 lines
09-26 15:53:13.981  4962  5307 I chatty  : uid=1001(radio) RILReceiver1 expire 8 lines
09-26 15:53:14.091  3592  3598 I chatty  : uid=1001(radio) /system/bin/rild expire 63 lines
09-26 15:53:14.091  4962  4962 I chatty  : uid=1001(radio) com.android.phone expire 29 lines
09-26 15:53:14.091  3592  3594 I chatty  : uid=1001(radio) /system/bin/rild expire 6 lines
09-26 15:53:14.091  3592  3607 I chatty  : uid=1001(radio) /system/bin/rild expire 8 lines
09-26 15:53:14.091  3592  3599 I chatty  : uid=1001(radio) /system/bin/rild expire 27 lines
09-26 15:53:14.091  4962  5305 I chatty  : uid=1001(radio) RILReceiver0 expire 8 lines
09-26 15:53:14.164  3600  3601 I chatty  : uid=1001(radio) /system/bin/rild expire 7 lines
09-26 15:53:14.164  3600  3606 I chatty  : uid=1001(radio) /system/bin/rild expire 33 lines
09-26 15:53:14.164  3600  3605 I chatty  : uid=1001(radio) /system/bin/rild expire 60 lines
09-26 15:53:14.167  3600  3608 I chatty  : uid=1001(radio) /system/bin/rild expire 7 lines
09-26 15:53:14.187  4962  4962 I chatty  : uid=1001(radio) com.android.phone expire 88 lines
09-26 15:53:14.187  3600  3605 I chatty  : uid=1001(radio) /system/bin/rild expire 4 lines
09-26 15:53:14.187  3592  3598 I chatty  : uid=1001(radio) /system/bin/rild expire 47 lines
09-26 15:53:14.187  4962  5307 I chatty  : uid=1001(radio) RILReceiver1 expire 1 line
09-26 15:53:14.187  4962  5305 I chatty  : uid=1001(radio) RILReceiver0 expire 7 lines
09-26 15:53:14.190  3592  3607 I chatty  : uid=1001(radio) /system/bin/rild expire 8 lines
09-26 15:53:14.209  4962  5368 I chatty  : uid=1001(radio) Binder:4962_5 expire 1 line
09-26 15:53:14.214  3592  3594 I chatty  : uid=1001(radio) /system/bin/rild expire 26 lines
09-26 15:53:14.214  4962  5367 I chatty  : uid=1001(radio) Binder:4962_4 expire 1 line
09-26 15:53:14.214  3592  3599 I chatty  : uid=1001(radio) /system/bin/rild expire 72 lines
09-26 15:53:14.269  4962  4962 D SubscriptionController: [setPlmnSpn] No valid subscription to store info
09-26 15:53:14.269  4962  4962 D SubscriptionController: notifySubscriptionInfoChanged:
09-26 15:53:14.272  4962  4962 D TelephonyManager: setTelephonyProperty: success phoneId=1 property=gsm.operator.alpha value:  propVal=,
09-26 15:53:14.272  4962  5368 D SubscriptionController: [getActiveSubInfoList] Sub Controller not ready
09-26 15:53:14.272  4962  4984 D SubscriptionController: [getActiveSubInfoList] Sub Controller not ready
09-26 15:53:14.273  4962  4962 D TelephonyManager: setTelephonyProperty: success phoneId=1 property=gsm.operator.numeric value:  propVal=,
09-26 15:53:14.273  4962  4962 D SST     : operatorNumeric is null
09-26 15:53:14.273  4962  4962 D TelephonyManager: setTelephonyProperty: success phoneId=1 property=gsm.operator.iso-country value:  propVal=,
09-26 15:53:14.273  4962  4985 D SubscriptionController: [getActiveSubInfoList] Sub Controller not ready
09-26 15:53:14.274  4962  4962 D TelephonyManager: setTelephonyProperty: success phoneId=1 property=gsm.operator.isroaming value: false propVal=false,false
09-26 15:53:14.274  4962  4962 D SST     : Broadcasting ServiceState : 1 1 voice home data home null null null null null null  Unknown Unknown CSS not supported -1 -1 RoamInd=-1 DefRoamInd=-1 EmergOnly=false IsDataRoamingFromRegistration=false IsUsingCarrierAggregation=false
09-26 15:53:14.274  4962  4962 D DefaultPhoneNotifier: nofityServiceState: mRegistry=com.android.internal.telephony.ITelephonyRegistry$Stub$Proxy@e51bc8 ss=1 1 voice home data home null null null null null null  Unknown Unknown CSS not supported -1 -1 RoamInd=-1 DefRoamInd=-1 EmergOnly=false IsDataRoamingFromRegistration=false IsUsingCarrierAggregation=false sender=Handler (com.android.internal.telephony.GsmCdmaPhone) {6e4672d} phondId=1 subId=-3
09-26 15:53:14.276  3592  3607 E RILD    : [G] RX: (M)SEC_CMD (S)SEC_RSIM_ACCESS (T)RESP l:33 m:67 a:2d [ 90 00 29 62 27 82 05 42 21 00 04 01 83 02 6F C9 A5 0C 80 01 71 92 01 00 91 04 7F 20 6F C9 8A 01 05 8B 03 6F 06 04 80 02 00 04 88 00 ]
09-26 15:53:14.276  3592  3598 E RILD    : SIM-MGR(2): evt(201)
09-26 15:53:14.276  4962  4962 D SubscriptionController: [getSlotId]- subId invalid
09-26 15:53:14.276  3592  3598 E RILD    : RequestComplete - req : 28, peek : 28
09-26 15:53:14.277  3592  3599 E RILD    : DoRouteOut - FW reqId : 28
09-26 15:53:14.277  4962  5305 D RILJ    : [3716]< SIM_IO IccIoResult sw1:0x90 sw2:0x0 [SUB0]
09-26 15:53:14.277  3592  3598 E RILD    : SIM-MGR(2): evt(101)
09-26 15:53:14.277  3592  3598 E RILD    : [G] TX: (M)SEC_CMD (S)SEC_RSIM_ACCESS (T)GET l:2c m:2e a:00 [ C0 00 10 A0 00 00 00 87 10 02 FF 47 F0 01 89 00 00 01 FF AD 6F 02 00 3F FF 7F 00 00 00 00 00 00 00 00 00 00 00 ]
09-26 15:53:14.277  3592  3599 E RILD    : Onprocessing: request id(28), handleEvent(101)
09-26 15:53:14.278  3655  3713 D TelephonyManager: getSimState: default sim:-1, sim state for slotIdx=0 is 5, return state as unknown
09-26 15:53:14.279  4962  4962 D SST     : notifyDataRegStateRilRadioTechnologyChanged: drs=1 rat=0
09-26 15:53:14.279  4962  4962 D TelephonyManager: setTelephonyProperty: success phoneId=1 property=gsm.network.type value: Unknown propVal=Unknown,Unknown
09-26 15:53:14.280  4962  4962 D DCT     : [1]get all active apn types
09-26 15:53:14.280  4962  4962 D SST     : getCellLocation(): X good mCellLoc=[0,0,-1]
09-26 15:53:14.280  3655  4846 D TelephonyRegistry: notifyCellLocationForSubscriber: subId=-3 cellLocation=Bundle[mParcelledData.dataSize=64]
09-26 15:53:14.280  4962  4962 D GsmCdmaPhone: [GsmCdmaPhone] EVENT_REQUEST_VOICE_RADIO_TECH_DONE: newVoiceTech=3
09-26 15:53:14.280  4962  4962 D GsmCdmaPhone: [GsmCdmaPhone] phoneObjectUpdater: newVoiceRadioTech=3
09-26 15:53:14.280  4962  4962 D GsmCdmaPhone: [GsmCdmaPhone] phoneObjectUpdater: No change ignore, newVoiceRadioTech=3 mActivePhone=GSM
09-26 15:53:14.280  4962  4962 D SST     : EVENT_POLL_STATE_NETWORK_SELECTION_MODE
09-26 15:53:14.281  4962  4962 D SST     : Poll ServiceState done:  oldSS=[3 3 voice home data home null null null null null null  Unknown Unknown CSS not supported -1 -1 RoamInd=-1 DefRoamInd=-1 EmergOnly=false IsDataRoamingFromRegistration=false IsUsingCarrierAggregation=false] newSS=[1 1 voice home data home null null null null null null  LTE Unknown CSS not supported -1 -1 RoamInd=-1 DefRoamInd=-1 EmergOnly=false IsDataRoamingFromRegistration=false IsUsingCarrierAggregation=false] oldMaxDataCalls=1 mNewMaxDataCalls=4 oldReasonDataDenied=-1 mNewReasonDataDenied=-1
09-26 15:53:14.282  4962  4962 D SST     : RAT switched Unknown -> LTE at cell 0
09-26 15:53:14.282  4962  4962 D SST     : updatePhoneObject: Ignore update
09-26 15:53:14.283  4962  4962 D SIMRecords: [SIMRecords] getServiceProviderName: no brandOverride, providerName=null
09-26 15:53:14.283  4962  4962 D SST     : updateSpnDisplay: radio is on but out of service, set plmn='No service'
09-26 15:53:14.283  4962  4962 D SIMRecords: [SIMRecords] getServiceProviderName: no brandOverride, providerName=null
09-26 15:53:14.284  4962  4962 D SST     : updateSpnDisplay: changed sending intent rule=2 showPlmn='true' plmn='No service' showSpn='false' spn='null' dataSpn='null' subId='-2'
09-26 15:53:14.286  4962  4962 D SubscriptionController: [setPlmnSpn] No valid subscription to store info
09-26 15:53:14.286  4962  4962 D SubscriptionController: notifySubscriptionInfoChanged:
09-26 15:53:14.288  4962  5368 D SubscriptionController: [getActiveSubInfoList] Sub Controller not ready
09-26 15:53:14.289  4962  5362 D SubscriptionController: [getActiveSubInfoList] Sub Controller not ready
09-26 15:53:14.289  3592  3607 E RILD    : [G] RX: (M)SEC_CMD (S)SEC_RSIM_ACCESS (T)RESP l:31 m:68 a:2e [ 90 00 27 62 25 82 02 41 21 83 02 6F AD A5 0C 80 01 71 92 01 00 91 04 7F 20 6F AD 8A 01 05 8B 03 6F 06 01 80 02 00 04 88 01 18 ]
09-26 15:53:14.289  3592  3598 E RILD    : SIM-MGR(2): evt(201)
09-26 15:53:14.289  3592  3598 E RILD    : RequestComplete - req : 28, peek : 28
09-26 15:53:14.289  4962  4962 D TelephonyManager: setTelephonyProperty: success phoneId=0 property=gsm.operator.alpha value:  propVal=
09-26 15:53:14.290  4962  5305 D RILJ    : [3717]< SIM_IO IccIoResult sw1:0x90 sw2:0x0 [SUB0]
09-26 15:53:14.290  4962  4962 D TelephonyManager: setTelephonyProperty: success phoneId=0 property=gsm.operator.numeric value:  propVal=
09-26 15:53:14.290  4962  4962 D SST     : operatorNumeric is null
09-26 15:53:14.290  4962  4962 D TelephonyManager: setTelephonyProperty: success phoneId=0 property=gsm.operator.iso-country value:  propVal=
09-26 15:53:14.291  4962  4962 D TelephonyManager: setTelephonyProperty: success phoneId=0 property=gsm.operator.isroaming value: false propVal=false,false
09-26 15:53:14.291  4962  4962 D SST     : Broadcasting ServiceState : 1 1 voice home data home null null null null null null  LTE Unknown CSS not supported -1 -1 RoamInd=-1 DefRoamInd=-1 EmergOnly=false IsDataRoamingFromRegistration=false IsUsingCarrierAggregation=false
09-26 15:53:14.291  4962  4962 D DefaultPhoneNotifier: nofityServiceState: mRegistry=com.android.internal.telephony.ITelephonyRegistry$Stub$Proxy@e51bc8 ss=1 1 voice home data home null null null null null null  LTE Unknown CSS not supported -1 -1 RoamInd=-1 DefRoamInd=-1 EmergOnly=false IsDataRoamingFromRegistration=false IsUsingCarrierAggregation=false sender=Handler (com.android.internal.telephony.GsmCdmaPhone) {4cfaa44} phondId=0 subId=-2
09-26 15:53:14.291  3592  3599 E RILD    : DoRouteOut - FW reqId : 28
09-26 15:53:14.292  3592  3599 E RILD    : Onprocessing: request id(28), handleEvent(101)
09-26 15:53:14.292  3592  3598 E RILD    : SIM-MGR(2): evt(101)
09-26 15:53:14.292  3592  3598 E RILD    : [G] TX: (M)SEC_CMD (S)SEC_RSIM_ACCESS (T)GET l:2c m:2f a:00 [ C0 00 10 A0 00 00 00 87 10 02 FF 47 F0 01 89 00 00 01 FF CA 6F 02 00 3F FF 7F 00 00 00 00 00 00 00 00 00 00 0F ]
09-26 15:53:14.293  4962  4962 D SubscriptionController: [getSlotId]- subId invalid
09-26 15:53:14.293  3655  4847 D TelephonyManager: getSimState: default sim:-1, sim state for slotIdx=0 is 5, return state as unknown
09-26 15:53:14.295  4962  4962 D SST     : notifyDataRegStateRilRadioTechnologyChanged: drs=1 rat=0
09-26 15:53:14.295  4962  4962 D TelephonyManager: setTelephonyProperty: success phoneId=0 property=gsm.network.type value: Unknown propVal=Unknown,Unknown
09-26 15:53:14.296  4962  4962 D DCT     : [0]get all active apn types
09-26 15:53:14.296  4962  4962 D SST     : getCellLocation(): X good mCellLoc=[0,0,65535]
09-26 15:53:14.296  3655  3712 D TelephonyRegistry: notifyCellLocationForSubscriber: subId=-2 cellLocation=Bundle[mParcelledData.dataSize=64]
09-26 15:53:14.296  4962  4962 D Phone   : Get video call forwarding info from preferences
09-26 15:53:14.297  4962  4962 E IccCardProxy: setExternalState: !override and newstate unchanged from READY
09-26 15:53:14.297  4962  4962 D RILJ    : [3739]> OPERATOR [SUB0]
09-26 15:53:14.298  4962  4962 D RILJ    : [3740]> DATA_REGISTRATION_STATE [SUB0]
09-26 15:53:14.298  3592  3594 E RILD    : IsRegisteredNetworkType(): netType[1]  feature[00] state[0] 
09-26 15:53:14.298  3592  3599 E RILD    : DoRouteIn - FW reqId : 22
09-26 15:53:14.298  3592  3599 E RILD    : Onprocessing: request id(28), handleEvent(101)
09-26 15:53:14.298  3592  3599 E RILD    : DoRouteOut - FW reqId : 22
09-26 15:53:14.298  3592  3599 E RILD    : Onprocessing: request id(22), handleEvent(108)
09-26 15:53:14.298  3592  3598 E RILD    : GLNET-MGR(3): evt(108)
09-26 15:53:14.299  3592  3598 E RILD    : DoOperator():
09-26 15:53:14.299  3592  3598 E RILD    : IpcProtocol41::IpcTxNetGetOperator()
09-26 15:53:14.299  3592  3598 E RILD    : [G] TX: (M)NET_CMD (S)NET_SERVING_NETWORK (T)GET l:7 m:30 a:00 [ ]
09-26 15:53:14.301  4962  4962 D RILJ    : [3741]> VOICE_REGISTRATION_STATE [SUB0]
09-26 15:53:14.302  3592  3594 E RILD    : IsRegisteredNetworkType(): netType[1]  feature[00] state[0] 
09-26 15:53:14.302  3592  3607 E RILD    : [G] RX: (M)NET_CMD (S)NET_SERVING_NETWORK (T)RESP l:21 m:69 a:30 [ 02 01 21 30 30 30 30 30 30 00 00 00 00 00 00 00 FE FF 64 00 00 64 00 00 FF FF ]
09-26 15:53:14.302  3592  3598 E RILD    : GLNET-MGR(3): evt(109)
09-26 15:53:14.302  3592  3599 E RILD    : DoRouteIn - FW reqId : 21
09-26 15:53:14.302  3592  3598 E RILD    : GNET-MGR: EVENT_OPERATOR_DONE
09-26 15:53:14.302  3592  3599 E RILD    : Onprocessing: request id(28), handleEvent(101)
09-26 15:53:14.302  3592  3599 E RILD    : Onprocessing: request id(22), handleEvent(108)
09-26 15:53:14.302  3592  3598 E RILD    : RequestComplete - req : 22, peek : 22
09-26 15:53:14.302  3592  3599 E RILD    : Onprocessing: request id(28), handleEvent(101)
09-26 15:53:14.302  3592  3599 E RILD    : DoRouteOut - FW reqId : 21
09-26 15:53:14.303  3592  3599 E RILD    : Onprocessing: request id(21), handleEvent(102)
09-26 15:53:14.303  3592  3598 E RILD    : GLNET-MGR(3): evt(102)
09-26 15:53:14.303  4962  5305 D RILJ    : [3739]< OPERATOR {null, null, null, null, null} [SUB0]
09-26 15:53:14.303  3592  3598 E RILD    : DoDataNetRegState():
09-26 15:53:14.303  3592  3598 E RILD    : IpcProtocol41::IpcTxNetGetDataRegState()
09-26 15:53:14.303  3592  3598 E RILD    : [G] TX: (M)NET_CMD (S)NET_REGIST (T)GET l:9 m:31 a:00 [ FF 03 ]
09-26 15:53:14.303  4962  4962 D RILJ    : [3742]> QUERY_NETWORK_SELECTION_MODE [SUB0]
09-26 15:53:14.303  3592  3594 E RILD    : IsRegisteredNetworkType(): netType[1]  feature[00] state[0] 
09-26 15:53:14.303  3592  3599 E RILD    : DoRouteIn - FW reqId : 20
09-26 15:53:14.304  3592  3599 E RILD    : Onprocessing: request id(28), handleEvent(101)
09-26 15:53:14.304  3592  3599 E RILD    : Onprocessing: request id(21), handleEvent(102)
09-26 15:53:14.304  3592  3607 E RILD    : [G] RX: (M)SEC_CMD (S)SEC_RSIM_ACCESS (T)RESP l:33 m:6a a:2f [ 90 00 29 62 27 82 05 42 21 00 05 01 83 02 6F CA A5 0C 80 01 71 92 01 00 91 04 7F 20 6F CA 8A 01 05 8B 03 6F 06 04 80 02 00 05 88 00 ]
09-26 15:53:14.304  3592  3598 E RILD    : SIM-MGR(2): evt(201)
09-26 15:53:14.304  3592  3598 E RILD    : RequestComplete - req : 28, peek : 28
09-26 15:53:14.304  3592  3599 E RILD    : DoRouteOut - FW reqId : 28
09-26 15:53:14.304  3592  3599 E RILD    : Onprocessing: request id(28), handleEvent(101)
09-26 15:53:14.304  3592  3598 E RILD    : SIM-MGR(2): evt(101)
09-26 15:53:14.305  3592  3599 E RILD    : Onprocessing: request id(21), handleEvent(102)
09-26 15:53:14.305  3592  3598 E RILD    : [G] TX: (M)SEC_CMD (S)SEC_RSIM_ACCESS (T)GET l:2c m:32 a:00 [ C0 00 10 A0 00 00 00 87 10 02 FF 47 F0 01 89 00 00 01 FF 11 6F 02 00 3F FF 7F 00 00 00 00 00 00 00 00 00 00 00 ]
09-26 15:53:14.306  3592  3607 E RILD    : [G] RX: (M)NET_CMD (S)NET_REGIST (T)RESP l:1a m:6b a:31 [ 21 03 01 00 00 00 00 00 00 00 00 FE FF 02 02 00 FF FF 00 ]
09-26 15:53:14.306  4962  5362 D SubscriptionController: [getActiveSubInfoList] Sub Controller not ready
09-26 15:53:14.306  3592  3607 E RILD    : IpcProtocol41::IpcRxNetRegState() lte no service feature turn off
09-26 15:53:14.306  4962  4962 D SubscriptionInfoUpdater: [Receiver]+
09-26 15:53:14.306  4962  4962 D SubscriptionInfoUpdater: Action: android.intent.action.SIM_STATE_CHANGED
09-26 15:53:14.306  4962  4962 D SubscriptionInfoUpdater: slotId: 0
09-26 15:53:14.306  4962  4962 D SubscriptionInfoUpdater: simStatus: READY
09-26 15:53:14.306  3592  3598 E RILD    : GLNET-MGR(3): evt(103)
09-26 15:53:14.306  4962  4962 D SubscriptionInfoUpdater: Ignoring simStatus: READY
09-26 15:53:14.306  3592  3598 E RILD    : NET-MGR: EVENT_DATA_NET_REG_STATE_DONE
09-26 15:53:14.306  4962  4962 D SubscriptionInfoUpdater: [Receiver]-
09-26 15:53:14.306  3592  3598 E RILD    : ltevoicesupport(0): 2
09-26 15:53:14.306  4962  4962 E IccCardProxy: setExternalState: !override and newstate unchanged from ABSENT
09-26 15:53:14.306  3592  3598 E RILD    : UpdateLteVoiceSupportProperty(): ltevoicesupport_0 property set to 2 , ecsupport set to 2
09-26 15:53:14.306  4962  4962 D GsmSMSDispatcher: GsmSMSDispatcher: subId = -2 slotId = 0
09-26 15:53:14.307  3592  3598 E RILD    : Init mOptionalRadioTech by mRat
09-26 15:53:14.307  4962  4962 E IccCardProxy: setExternalState: !override and newstate unchanged from READY
09-26 15:53:14.307  3592  3598 E RILD    : it was rat 14 but it will be unknown owing to no service
09-26 15:53:14.307  3592  3598 E RILD    : SetEmergencyState(): mState= 0
09-26 15:53:14.307  4962  5305 D RILJ    : [3718]< SIM_IO IccIoResult sw1:0x90 sw2:0x0 [SUB0]
09-26 15:53:14.307  3592  3598 E RILD    : SetEmergencyState(): Use default value Feature::QmiSupported() : 0
09-26 15:53:14.307  3592  3598 E RILD    : RequestComplete - req : 21, peek : 21
09-26 15:53:14.307  3592  3599 E RILD    : Onprocessing: request id(28), handleEvent(101)
09-26 15:53:14.307  3592  3599 E RILD    : DoRouteOut - FW reqId : 20
09-26 15:53:14.307  4962  4962 D GsmSMSDispatcher: GsmSMSDispatcher: subId = -3 slotId = 1
09-26 15:53:14.307  3592  3594 E RILD    : IsRegisteredNetworkType(): netType[1]  feature[00] state[0] 
09-26 15:53:14.307  3592  3599 E RILD    : Onprocessing: request id(20), handleEvent(100)
09-26 15:53:14.307  4962  5305 D RILJ    : [3740]< DATA_REGISTRATION_STATE {0, 0000, 00000000, 0, null, 4, 0xfffe, null, 0x00000000, null, null, 0, 0, 14} [SUB0]
09-26 15:53:14.307  4962  4962 E IccCardProxy: setExternalState: !override and newstate unchanged from ABSENT
09-26 15:53:14.307  3592  3599 E RILD    : DoRouteIn - FW reqId : 45
09-26 15:53:14.307  3592  3598 E RILD    : GLNET-MGR(3): evt(100)
09-26 15:53:14.307  3592  3599 E RILD    : Onprocessing: request id(28), handleEvent(101)
09-26 15:53:14.307  3592  3598 E RILD    : DoVoiceNetRegState():
09-26 15:53:14.307  4962  4962 D CAT     : CatService: handleMessage[8]
09-26 15:53:14.307  3592  3598 E RILD    : IsRegisteredNetworkType(): netType[1]  feature[00] state[0] 
09-26 15:53:14.307  3592  3599 E RILD    : Onprocessing: request id(20), handleEvent(100)
09-26 15:53:14.307  4962  4962 D CAT     : CatService: MSG_ID_ICC_CHANGED
09-26 15:53:14.307  3592  3598 E RILD    : IpcProtocol41::IpcTxNetGetVoiceRegState()
09-26 15:53:14.307  4962  4962 D CAT     : CatService: New Card State = CARDSTATE_PRESENT Old Card State = CARDSTATE_PRESENT
09-26 15:53:14.307  3592  3598 E RILD    : [G] TX: (M)NET_CMD (S)NET_REGIST (T)GET l:9 m:33 a:00 [ FF 02 ]
09-26 15:53:14.308  4962  4962 D SimPhoneBookAdnRecordCache: ACTION_SIM_STATE_CHANGED intent received simStatus: ABSENTphoneId: 1
09-26 15:53:14.308  4962  4962 D SimPhoneBookAdnRecordCache: invalidateAdnCache
09-26 15:53:14.308  4962  4962 D SubscriptionInfoUpdater: [Receiver]+
09-26 15:53:14.308  4962  4962 D SubscriptionInfoUpdater: Action: android.intent.action.SIM_STATE_CHANGED
09-26 15:53:14.308  4962  4962 D SubscriptionInfoUpdater: slotId: 1
09-26 15:53:14.308  4962  4962 D SubscriptionInfoUpdater: simStatus: ABSENT
09-26 15:53:14.308  4962  4962 D SubscriptionInfoUpdater: [Receiver]-
09-26 15:53:14.308  4962  4962 D SIMRecords: [SIMRecords] IMSI: mMncLength=-1
09-26 15:53:14.308  4962  4962 D SIMRecords: [SIMRecords] IMSI: 722341[D3W-EovRgsz9Mg0FjIs5bRULwO8]
09-26 15:53:14.308  4962  4962 D SIMRecords: [SIMRecords] onRecordLoaded 19 requested: true
09-26 15:53:14.309  4962  4962 D RILJ    : [3743]> iccIO: SIM_IO 0xb0 0x2fe2  path: 3F00,0,0,10 aid: A0000000871002FF47F00189000001FF [SUB0]
09-26 15:53:14.310  4962  4962 D UiccPkcs15: Creating UiccPkcs15
09-26 15:53:14.310  3592  3594 E RILD    : IsRegisteredNetworkType(): netType[1]  feature[00] state[0] 
09-26 15:53:14.310  3592  3599 E RILD    : DoRouteIn - FW reqId : 28
09-26 15:53:14.310  3592  3599 E RILD    : Onprocessing: request id(28), handleEvent(101)
09-26 15:53:14.310  3592  3607 E RILD    : [G] RX: (M)NET_CMD (S)NET_REGIST (T)RESP l:1a m:6c a:33 [ 21 02 01 00 00 00 00 00 00 00 00 FE FF 02 02 00 FF FF 00 ]
09-26 15:53:14.310  3592  3599 E RILD    : Onprocessing: request id(20), handleEvent(100)
09-26 15:53:14.310  3592  3607 E RILD    : IpcProtocol41::IpcRxNetRegState() lte no service feature turn off
09-26 15:53:14.310  4962  4962 D CAT     : CatService: handleMessage[2]
09-26 15:53:14.310  4962  4962 D CAT     : CatService: ril message arrived,slotid:0
09-26 15:53:14.310  3592  3598 E RILD    : GLNET-MGR(3): evt(101)
09-26 15:53:14.310  3592  3598 E RILD    : GNET-MGR: EVENT_VOICE_NET_REG_STATE_DONE
09-26 15:53:14.310  3592  3598 E RILD    : IsRegistered - Feature: 0x0B, RegiCondition: 0, CheckVoLTELimited: 0
09-26 15:53:14.310  4962  4962 D RILJ    : [3744]> iccIO: SIM_IO 0xb2 0x6f40  path: 3F007FFF,1,4,28 aid: A0000000871002FF47F00189000001FF [SUB0]
09-26 15:53:14.311  4962  4962 D SST     : SubscriptionListener.onSubscriptionInfoChanged
09-26 15:53:14.311  4962  4962 E Phone   : getStoredVoiceMessageCount: invalid subId -2
09-26 15:53:14.311  3592  3598 E RILD    : SetEmergencyState(): mState= 0
09-26 15:53:14.311  4962  4962 D GsmCdmaPhone: [GsmCdmaPhone] updateVoiceMail countVoiceMessages = 0 subId -2
09-26 15:53:14.311  4962  4962 E Phone   : setVoiceMessageCount in sharedPreference: invalid subId -2
09-26 15:53:14.311  3592  3598 E RILD    : SetEmergencyState(): Use default value Feature::QmiSupported() : 0
09-26 15:53:14.312  3592  3598 E RILD    : RequestComplete - req : 20, peek : 20
09-26 15:53:14.312  3592  3599 E RILD    : Onprocessing: request id(28), handleEvent(101)
09-26 15:53:14.312  3592  3598 E RILD    : Can't open Hall IC Node. OnVoiceNetRegStateDone() Permission denied.
09-26 15:53:14.312  3592  3599 E RILD    : DoRouteOut - FW reqId : 45
09-26 15:53:14.312  3592  3599 E RILD    : Onprocessing: request id(45), handleEvent(118)
09-26 15:53:14.312  3592  3598 E RILD    : GLNET-MGR(3): evt(118)
09-26 15:53:14.312  3592  3598 E RILD    : DoGetNetSelectionMode():
09-26 15:53:14.312  3592  3598 E RILD    : IpcProtocol41::IpcTxNetGetNetSelectionMode()
09-26 15:53:14.312  3592  3598 E RILD    : [G] TX: (M)NET_CMD (S)NET_PLMN_SEL (T)GET l:7 m:34 a:00 [ ]
09-26 15:53:14.312  4962  5305 D RILJ    : [3741]< VOICE_REGISTRATION_STATE {0, 0000, 00000000, 14, null, null, null, null, null, null, null, null, null, null, ffff, 2, 2, 0, 0, 14, 0} [SUB0]
09-26 15:53:14.312  4962  4962 D DCT     : [0]SubscriptionListener.onSubscriptionInfoChanged
09-26 15:53:14.312  3592  3607 E RILD    : [G] RX: (M)SEC_CMD (S)SEC_RSIM_ACCESS (T)RESP l:a m:6d a:32 [ 6A 82 00 ]
09-26 15:53:14.312  3592  3598 E RILD    : SIM-MGR(2): evt(201)
09-26 15:53:14.313  3592  3598 E RILD    : RequestComplete - req : 28, peek : 28
09-26 15:53:14.313  3592  3594 E RILD    : IsRegisteredNetworkType(): netType[1]  feature[00] state[0] 
09-26 15:53:14.313  4962  5305 D RILJ    : [3719]< SIM_IO IccIoResult sw1:0x6a sw2:0x82 Error: File not found [SUB0]
09-26 15:53:14.313  3592  3599 E RILD    : DoRouteOut - FW reqId : 28
09-26 15:53:14.313  3592  3599 E RILD    : Onprocessing: request id(28), handleEvent(101)
09-26 15:53:14.313  3592  3599 E RILD    : Onprocessing: request id(45), handleEvent(118)
09-26 15:53:14.313  4962  4962 D SST     : SubscriptionListener.onSubscriptionInfoChanged
09-26 15:53:14.313  3592  3599 E RILD    : DoRouteIn - FW reqId : 28
09-26 15:53:14.313  3592  3599 E RILD    : Onprocessing: request id(28), handleEvent(101)
09-26 15:53:14.314  4962  4962 D DCT     : [1]SubscriptionListener.onSubscriptionInfoChanged
09-26 15:53:14.314  3592  3599 E RILD    : Onprocessing: request id(45), handleEvent(118)
09-26 15:53:14.314  3592  3598 E RILD    : SIM-MGR(2): evt(101)
09-26 15:53:14.314  3592  3598 E RILD    : [G] TX: (M)SEC_CMD (S)SEC_RSIM_ACCESS (T)GET l:2c m:35 a:00 [ C0 00 10 A0 00 00 00 87 10 02 FF 47 F0 01 89 00 00 01 FF CB 6F 02 00 3F FF 7F 00 00 00 00 00 00 00 00 00 00 0F ]
09-26 15:53:14.314  4962  5377 D CAT     : CommandParamsFactory: process SelectItem
09-26 15:53:14.315  3592  3607 E RILD    : [G] RX: (M)NET_CMD (S)NET_PLMN_SEL (T)RESP l:8 m:6e a:34 [ 02 ]
09-26 15:53:14.316  3592  3598 E RILD    : GLNET-MGR(3): evt(119)
09-26 15:53:14.316  3592  3598 E RILD    : NET-MGR: EVENT_GET_NETWORK_SELECTION_MODE_DONE
09-26 15:53:14.316  3592  3598 E RILD    : RequestComplete - req : 45, peek : 45
09-26 15:53:14.316  3592  3599 E RILD    : Onprocessing: request id(28), handleEvent(101)
09-26 15:53:14.318  4962  5305 D RILJ    : [3742]< QUERY_NETWORK_SELECTION_MODE {0} [SUB0]
09-26 15:53:14.319  4962  4962 D SubscriptionController: [getActiveSubInfoList] Sub Controller not ready
09-26 15:53:14.321  4962  4962 D SubscriptionController: [getActiveSubInfoList] Sub Controller not ready
09-26 15:53:14.326  3592  3607 E RILD    : [G] RX: (M)SEC_CMD (S)SEC_RSIM_ACCESS (T)RESP l:33 m:6f a:35 [ 90 00 29 62 27 82 05 42 21 00 10 01 83 02 6F CB A5 0C 80 01 71 92 01 00 91 04 7F 20 6F CB 8A 01 05 8B 03 6F 06 04 80 02 00 10 88 00 ]
09-26 15:53:14.326  3592  3598 E RILD    : SIM-MGR(2): evt(201)
09-26 15:53:14.326  3592  3598 E RILD    : RequestComplete - req : 28, peek : 28
09-26 15:53:14.326  3592  3599 E RILD    : DoRouteOut - FW reqId : 28
09-26 15:53:14.327  3592  3599 E RILD    : Onprocessing: request id(28), handleEvent(101)
09-26 15:53:14.327  3592  3598 E RILD    : SIM-MGR(2): evt(101)
09-26 15:53:14.327  4962  5305 D RILJ    : [3720]< SIM_IO IccIoResult sw1:0x90 sw2:0x0 [SUB0]
09-26 15:53:14.327  3592  3598 E RILD    : [G] TX: (M)SEC_CMD (S)SEC_RSIM_ACCESS (T)GET l:2c m:36 a:00 [ C0 00 10 A0 00 00 00 87 10 02 FF 47 F0 01 89 00 00 01 FF 13 6F 02 00 3F FF 7F 00 00 00 00 00 00 00 00 00 00 00 ]
09-26 15:53:14.336  3592  3607 E RILD    : [G] RX: (M)SEC_CMD (S)SEC_RSIM_ACCESS (T)RESP l:a m:70 a:36 [ 6A 82 00 ]
09-26 15:53:14.336  3592  3598 E RILD    : SIM-MGR(2): evt(201)
09-26 15:53:14.336  3592  3598 E RILD    : RequestComplete - req : 28, peek : 28
09-26 15:53:14.336  3592  3599 E RILD    : DoRouteOut - FW reqId : 28
09-26 15:53:14.337  3592  3599 E RILD    : Onprocessing: request id(28), handleEvent(101)
09-26 15:53:14.337  4962  5305 D RILJ    : [3721]< SIM_IO IccIoResult sw1:0x6a sw2:0x82 Error: File not found [SUB0]
09-26 15:53:14.337  3592  3598 E RILD    : SIM-MGR(2): evt(101)
09-26 15:53:14.337  3592  3598 E RILD    : [G] TX: (M)SEC_CMD (S)SEC_RSIM_ACCESS (T)GET l:2c m:37 a:00 [ C0 00 10 A0 00 00 00 87 10 02 FF 47 F0 01 89 00 00 01 FF 46 6F 02 00 3F FF 7F 00 00 00 00 00 00 00 00 00 00 00 ]
09-26 15:53:14.349  3592  3607 E RILD    : [G] RX: (M)SEC_CMD (S)SEC_RSIM_ACCESS (T)RESP l:30 m:71 a:37 [ 90 00 26 62 24 82 02 41 21 83 02 6F 46 A5 0C 80 01 71 92 01 00 91 04 7F 20 6F 46 8A 01 05 8B 03 6F 06 01 80 02 00 11 88 00 ]
09-26 15:53:14.349  3592  3598 E RILD    : SIM-MGR(2): evt(201)
09-26 15:53:14.349  3592  3598 E RILD    : RequestComplete - req : 28, peek : 28
09-26 15:53:14.349  3592  3599 E RILD    : DoRouteOut - FW reqId : 28
09-26 15:53:14.350  3592  3599 E RILD    : Onprocessing: request id(28), handleEvent(101)
09-26 15:53:14.350  3592  3598 E RILD    : SIM-MGR(2): evt(101)
09-26 15:53:14.350  4962  5305 D RILJ    : [3722]< SIM_IO IccIoResult sw1:0x90 sw2:0x0 [SUB0]
09-26 15:53:14.350  3592  3598 E RILD    : [G] TX: (M)SEC_CMD (S)SEC_RSIM_ACCESS (T)GET l:2c m:38 a:00 [ C0 00 10 A0 00 00 00 87 10 02 FF 47 F0 01 89 00 00 01 FF CD 6F 02 00 3F FF 7F 00 00 00 00 00 00 00 00 00 00 00 ]
09-26 15:53:14.356  4962  4962 D RILJ    : [3745]> iccIO: SIM_IO 0xb2 0x6fc9  path: 3F007FFF,1,4,4 aid: A0000000871002FF47F00189000001FF [SUB0]
09-26 15:53:14.357  3592  3594 E RILD    : IsRegisteredNetworkType(): netType[1]  feature[00] state[0] 
09-26 15:53:14.357  4962  4962 D DCT     : [1]setupDataOnConnectableApns: nwTypeChanged hipri:[state=IDLE,enabled=false] mms:[state=IDLE,enabled=false] supl:[state=IDLE,enabled=false] cbs:[state=IDLE,enabled=false] dun:[state=IDLE,enabled=false] fota:[state=IDLE,enabled=false] ims:[state=IDLE,enabled=false] default:[state=IDLE,enabled=false] ia:[state=IDLE,enabled=false] emergency:[state=IDLE,enabled=false] 
09-26 15:53:14.357  4962  4962 D SST     : SubscriptionListener.onSubscriptionInfoChanged
09-26 15:53:14.357  3592  3599 E RILD    : DoRouteIn - FW reqId : 28
09-26 15:53:14.358  4962  4962 D DCT     : [0]SubscriptionListener.onSubscriptionInfoChanged
09-26 15:53:14.358  3592  3599 E RILD    : Onprocessing: request id(28), handleEvent(101)
09-26 15:53:14.358  4962  4962 D SST     : SubscriptionListener.onSubscriptionInfoChanged
09-26 15:53:14.358  4962  4962 D DCT     : [1]SubscriptionListener.onSubscriptionInfoChanged
09-26 15:53:14.359  4962  4962 D SubscriptionController: [getActiveSubInfoList] Sub Controller not ready
09-26 15:53:14.360  4962  4962 D SubscriptionController: [getActiveSubInfoList] Sub Controller not ready
09-26 15:53:14.363  3592  3607 E RILD    : [G] RX: (M)SEC_CMD (S)SEC_RSIM_ACCESS (T)RESP l:31 m:72 a:38 [ 90 00 27 62 25 82 02 41 21 83 02 6F CD A5 0C 80 01 71 92 01 00 91 04 7F 20 6F CD 8A 01 05 8B 03 6F 06 02 80 02 00 40 88 01 D8 ]
09-26 15:53:14.363  3592  3598 E RILD    : SIM-MGR(2): evt(201)
09-26 15:53:14.363  3592  3598 E RILD    : RequestComplete - req : 28, peek : 28
09-26 15:53:14.364  3592  3599 E RILD    : DoRouteOut - FW reqId : 28
09-26 15:53:14.364  3592  3599 E RILD    : Onprocessing: request id(28), handleEvent(101)
09-26 15:53:14.364  3592  3598 E RILD    : SIM-MGR(2): evt(101)
09-26 15:53:14.364  4962  5305 D RILJ    : [3723]< SIM_IO IccIoResult sw1:0x90 sw2:0x0 [SUB0]
09-26 15:53:14.364  3592  3598 E RILD    : [G] TX: (M)SEC_CMD (S)SEC_RSIM_ACCESS (T)GET l:2c m:39 a:00 [ C0 00 10 A0 00 00 00 87 10 02 FF 47 F0 01 89 00 00 01 FF C5 6F 02 00 3F FF 7F 00 00 00 00 00 00 00 00 00 00 0F ]
09-26 15:53:14.377  3592  3607 E RILD    : [G] RX: (M)SEC_CMD (S)SEC_RSIM_ACCESS (T)RESP l:34 m:73 a:39 [ 90 00 2A 62 28 82 05 42 21 00 22 02 83 02 6F C5 A5 0C 80 01 71 92 01 00 91 04 7F 20 6F C5 8A 01 05 8B 03 6F 06 01 80 02 00 44 88 01 C8 ]
09-26 15:53:14.377  3592  3598 E RILD    : SIM-MGR(2): evt(201)
09-26 15:53:14.377  3592  3598 E RILD    : RequestComplete - req : 28, peek : 28
09-26 15:53:14.378  3592  3599 E RILD    : DoRouteOut - FW reqId : 28
09-26 15:53:14.378  3592  3599 E RILD    : Onprocessing: request id(28), handleEvent(101)
09-26 15:53:14.378  3592  3598 E RILD    : SIM-MGR(2): evt(101)
09-26 15:53:14.378  4962  5305 D RILJ    : [3724]< SIM_IO IccIoResult sw1:0x90 sw2:0x0 [SUB0]
09-26 15:53:14.378  3592  3598 E RILD    : [G] TX: (M)SEC_CMD (S)SEC_RSIM_ACCESS (T)GET l:2c m:3a a:00 [ C0 00 10 A0 00 00 00 87 10 02 FF 47 F0 01 89 00 00 01 FF 38 6F 02 00 3F FF 7F 00 00 00 00 00 00 00 00 00 00 00 ]
