11-21 18:49:01.993  4955  4955 D SIMRecords: [SIMRecords] getServiceProviderName: no brandOverride, providerName=null
11-21 18:49:01.993  4955  4955 D SST     : updateSpnDisplay: radio is on but out of service, set plmn='No service'
11-21 18:49:01.993  4955  4955 D SIMRecords: [SIMRecords] getServiceProviderName: no brandOverride, providerName=null
11-21 18:49:01.993  3623  3631 E RILD    : Onprocessing: request id(28), handleEvent(101)
11-21 18:49:01.994  4955  4955 D SST     : updateSpnDisplay: changed sending intent rule=2 showPlmn='true' plmn='No service' showSpn='false' spn='null' dataSpn='null' subId='-2'
11-21 18:49:01.996  4955  4955 D SubscriptionController: [setPlmnSpn] No valid subscription to store info
11-21 18:49:01.996  3623  3632 E RILD    : [G] RX: (M)SEC_CMD (S)SEC_RSIM_ACCESS (T)RESP l:33 m:70 a:34 [ 90 00 29 62 27 82 05 42 21 00 05 01 83 02 6F CA A5 0C 80 01 71 92 01 00 91 04 7F 20 6F CA 8A 01 05 8B 03 6F 06 04 80 02 00 05 88 00 ]
11-21 18:49:01.996  4955  4955 D SubscriptionController: notifySubscriptionInfoChanged:
11-21 18:49:01.996  3623  3630 E RILD    : SIM-MGR(2): evt(201)
11-21 18:49:01.997  3623  3630 E RILD    : RequestComplete - req : 28, peek : 28
11-21 18:49:01.997  4955  5307 D RILJ    : [3689]< SIM_IO IccIoResult sw1:0x90 sw2:0x0 [SUB0]
11-21 18:49:01.997  3623  3631 E RILD    : DoRouteOut - FW reqId : 28
11-21 18:49:01.997  3623  3631 E RILD    : Onprocessing: request id(28), handleEvent(101)
11-21 18:49:01.997  3623  3630 E RILD    : SIM-MGR(2): evt(101)
11-21 18:49:01.999  3623  3630 E RILD    : [G] TX: (M)SEC_CMD (S)SEC_RSIM_ACCESS (T)GET l:2c m:36 a:00 [ C0 00 10 A0 00 00 00 87 10 02 FF 47 F0 01 89 00 00 01 FF 11 6F 02 00 3F FF 7F 00 00 00 00 00 00 00 00 00 00 00 ]
11-21 18:49:01.999  4955  4975 D SubscriptionController: [getActiveSubInfoList] Sub Controller not ready
11-21 18:49:01.999  4955  4955 D TelephonyManager: setTelephonyProperty: success phoneId=0 property=gsm.operator.alpha value:  propVal=
11-21 18:49:01.999  4955  5339 D SubscriptionController: [getActiveSubInfoList] Sub Controller not ready
11-21 18:49:02.000  4955  4955 D TelephonyManager: setTelephonyProperty: success phoneId=0 property=gsm.operator.numeric value:  propVal=
11-21 18:49:02.001  4955  4975 D SubscriptionController: [getActiveSubInfoList] Sub Controller not ready
11-21 18:49:02.001  4955  4955 D SST     : operatorNumeric is null
11-21 18:49:02.001  4955  4955 D TelephonyManager: setTelephonyProperty: success phoneId=0 property=gsm.operator.iso-country value:  propVal=
11-21 18:49:02.002  4955  4955 D TelephonyManager: setTelephonyProperty: success phoneId=0 property=gsm.operator.isroaming value: false propVal=false
11-21 18:49:02.003  4955  4955 D SST     : Broadcasting ServiceState : 1 1 voice home data home null null null null null null  LTE Unknown CSS not supported -1 -1 RoamInd=-1 DefRoamInd=-1 EmergOnly=false IsDataRoamingFromRegistration=false IsUsingCarrierAggregation=false
11-21 18:49:02.003  4955  4955 D DefaultPhoneNotifier: nofityServiceState: mRegistry=com.android.internal.telephony.ITelephonyRegistry$Stub$Proxy@1e7158b ss=1 1 voice home data home null null null null null null  LTE Unknown CSS not supported -1 -1 RoamInd=-1 DefRoamInd=-1 EmergOnly=false IsDataRoamingFromRegistration=false IsUsingCarrierAggregation=false sender=Handler (com.android.internal.telephony.GsmCdmaPhone) {5ef74d} phondId=0 subId=-2
11-21 18:49:02.005  4955  4955 D SubscriptionController: [getSlotId]- subId invalid
11-21 18:49:02.006  3651  4859 D TelephonyManager: getSimState: default sim:-1, sim state for slotIdx=0 is 5, return state as unknown
11-21 18:49:02.006  3623  3632 E RILD    : [G] RX: (M)SEC_CMD (S)SEC_RSIM_ACCESS (T)RESP l:a m:71 a:36 [ 6A 82 00 ]
11-21 18:49:02.007  3623  3630 E RILD    : SIM-MGR(2): evt(201)
11-21 18:49:02.007  3623  3630 E RILD    : RequestComplete - req : 28, peek : 28
11-21 18:49:02.008  3623  3631 E RILD    : DoRouteOut - FW reqId : 28
11-21 18:49:02.008  3623  3631 E RILD    : Onprocessing: request id(28), handleEvent(101)
11-21 18:49:02.008  3623  3630 E RILD    : SIM-MGR(2): evt(101)
11-21 18:49:02.009  4955  5307 D RILJ    : [3690]< SIM_IO IccIoResult sw1:0x6a sw2:0x82 Error: File not found [SUB0]
11-21 18:49:02.010  3623  3630 E RILD    : [G] TX: (M)SEC_CMD (S)SEC_RSIM_ACCESS (T)GET l:2c m:37 a:00 [ C0 00 10 A0 00 00 00 87 10 02 FF 47 F0 01 89 00 00 01 FF CB 6F 02 00 3F FF 7F 00 00 00 00 00 00 00 00 00 00 0F ]
11-21 18:49:02.014  4955  4955 D SST     : notifyDataRegStateRilRadioTechnologyChanged: drs=1 rat=0
11-21 18:49:02.015  4955  4955 D TelephonyManager: setTelephonyProperty: success phoneId=0 property=gsm.network.type value: Unknown propVal=Unknown
11-21 18:49:02.015  4955  4955 D DCT     : [0]get all active apn types
11-21 18:49:02.015  4955  4955 D SST     : getCellLocation(): X good mCellLoc=[0,0,65535]
11-21 18:49:02.016  3651  4890 D TelephonyRegistry: notifyCellLocationForSubscriber: subId=-2 cellLocation=Bundle[mParcelledData.dataSize=64]
11-21 18:49:02.016  4955  4955 D CAT     : CatService: handleMessage[1]
11-21 18:49:02.016  4955  4955 D CAT     : CatService: ril message arrived,slotid:0
11-21 18:49:02.017  4955  4955 D CAT     : com.android.stk.StkAppService: onCreate()+
11-21 18:49:02.018  4955  4955 D CAT     : com.android.stk.StkAppService: simCount: 1
11-21 18:49:02.020  4955  4955 D CAT     : com.android.stk.StkAppService: slotId: 0
11-21 18:49:02.022  4955  4955 D CAT     : com.android.stk.StkAppService: onStart sim id: 0, op: 1, *****
11-21 18:49:02.022  4955  5346 D CAT     : com.android.stk.StkAppService: handleMessage opcode[1], sim id[0]
11-21 18:49:02.023  4955  5346 D CAT     : com.android.stk.StkAppService: cmdName[SET_UP_MENU]
11-21 18:49:02.023  4955  5346 D CAT     : com.android.stk.StkAppService: [OP_CMD]
11-21 18:49:02.023  4955  5346 D CAT     : com.android.stk.StkAppService: [handleCmd]SET_UP_MENU
11-21 18:49:02.023  4955  5346 D CAT     : com.android.stk.StkAppService: SET_UP_MENU [false]
11-21 18:49:02.023  4955  5346 D CAT     : com.android.stk.StkAppService: install App
11-21 18:49:02.023  4955  4955 D CAT     : CatService: handleMessage[2]
11-21 18:49:02.023  4955  5346 D CAT     : StkAppInstaller: [setAppState]+
11-21 18:49:02.024  4955  4955 D CAT     : CatService: ril message arrived,slotid:0
11-21 18:49:02.024  3623  3632 E RILD    : [G] RX: (M)SEC_CMD (S)SEC_RSIM_ACCESS (T)RESP l:33 m:72 a:37 [ 90 00 29 62 27 82 05 42 21 00 10 01 83 02 6F CB A5 0C 80 01 71 92 01 00 91 04 7F 20 6F CB 8A 01 05 8B 03 6F 06 04 80 02 00 10 88 00 ]
11-21 18:49:02.024  3623  3630 E RILD    : SIM-MGR(2): evt(201)
11-21 18:49:02.024  4955  5343 D CAT     : CommandParamsFactory: process SetUpEventList
11-21 18:49:02.024  4955  5346 D CAT     : StkAppInstaller: Change app state[true]
11-21 18:49:02.024  3623  3630 E RILD    : RequestComplete - req : 28, peek : 28
11-21 18:49:02.025  3623  3631 E RILD    : DoRouteOut - FW reqId : 28
11-21 18:49:02.025  3623  3631 E RILD    : Onprocessing: request id(28), handleEvent(101)
11-21 18:49:02.025  3623  3630 E RILD    : SIM-MGR(2): evt(101)
11-21 18:49:02.025  3623  3630 E RILD    : [G] TX: (M)SEC_CMD (S)SEC_RSIM_ACCESS (T)GET l:2c m:38 a:00 [ C0 00 10 A0 00 00 00 87 10 02 FF 47 F0 01 89 00 00 01 FF 13 6F 02 00 3F FF 7F 00 00 00 00 00 00 00 00 00 00 00 ]
11-21 18:49:02.025  4955  4955 D RILJ    : [3723]> iccIO: SIM_IO 0xb2 0x6fca  path: 3F007FFF,1,4,5 aid: A0000000871002FF47F00189000001FF [SUB0]
11-21 18:49:02.028  4955  5346 D CAT     : StkAppInstaller: [setAppState]-
11-21 18:49:02.028  4955  4955 D SST     : SubscriptionListener.onSubscriptionInfoChanged
11-21 18:49:02.028  4955  4955 E Phone   : getStoredVoiceMessageCount: invalid subId -2
11-21 18:49:02.028  4955  4955 D GsmCdmaPhone: [GsmCdmaPhone] updateVoiceMail countVoiceMessages = 0 subId -2
11-21 18:49:02.028  4955  4955 E Phone   : setVoiceMessageCount in sharedPreference: invalid subId -2
11-21 18:49:02.028  4955  5307 D RILJ    : [3691]< SIM_IO IccIoResult sw1:0x90 sw2:0x0 [SUB0]
11-21 18:49:02.028  4955  4955 D DCT     : [0]SubscriptionListener.onSubscriptionInfoChanged
11-21 18:49:02.029  3623  3626 E RILD    : IsRegisteredNetworkType(): netType[1]  feature[00] state[0] 
11-21 18:49:02.029  3623  3631 E RILD    : DoRouteIn - FW reqId : 28
11-21 18:49:02.029  3623  3631 E RILD    : Onprocessing: request id(28), handleEvent(101)
11-21 18:49:02.030  4955  4955 D SubscriptionController: [getActiveSubInfoList] Sub Controller not ready
11-21 18:49:02.031  4955  4955 D SubscriptionController: [getActiveSubInfoList] Sub Controller not ready
11-21 18:49:02.034  3623  3632 E RILD    : [G] RX: (M)SEC_CMD (S)SEC_RSIM_ACCESS (T)RESP l:a m:73 a:38 [ 6A 82 00 ]
11-21 18:49:02.034  3623  3630 E RILD    : SIM-MGR(2): evt(201)
11-21 18:49:02.034  3623  3630 E RILD    : RequestComplete - req : 28, peek : 28
11-21 18:49:02.034  3623  3631 E RILD    : DoRouteOut - FW reqId : 28
11-21 18:49:02.034  3623  3631 E RILD    : Onprocessing: request id(28), handleEvent(101)
11-21 18:49:02.034  3623  3630 E RILD    : SIM-MGR(2): evt(101)
11-21 18:49:02.034  4955  5307 D RILJ    : [3692]< SIM_IO IccIoResult sw1:0x6a sw2:0x82 Error: File not found [SUB0]
11-21 18:49:02.034  3623  3630 E RILD    : [G] TX: (M)SEC_CMD (S)SEC_RSIM_ACCESS (T)GET l:2c m:39 a:00 [ C0 00 10 A0 00 00 00 87 10 02 FF 47 F0 01 89 00 00 01 FF 46 6F 02 00 3F FF 7F 00 00 00 00 00 00 00 00 00 00 00 ]
11-21 18:49:02.047  3623  3632 E RILD    : [G] RX: (M)SEC_CMD (S)SEC_RSIM_ACCESS (T)RESP l:30 m:74 a:39 [ 90 00 26 62 24 82 02 41 21 83 02 6F 46 A5 0C 80 01 71 92 01 00 91 04 7F 20 6F 46 8A 01 05 8B 03 6F 06 01 80 02 00 11 88 00 ]
11-21 18:49:02.047  3623  3630 E RILD    : SIM-MGR(2): evt(201)
11-21 18:49:02.048  3623  3630 E RILD    : RequestComplete - req : 28, peek : 28
11-21 18:49:02.048  3623  3631 E RILD    : DoRouteOut - FW reqId : 28
11-21 18:49:02.048  3623  3631 E RILD    : Onprocessing: request id(28), handleEvent(101)
11-21 18:49:02.048  3623  3630 E RILD    : SIM-MGR(2): evt(101)
11-21 18:49:02.048  3623  3630 E RILD    : [G] TX: (M)SEC_CMD (S)SEC_RSIM_ACCESS (T)GET l:2c m:3a a:00 [ C0 00 10 A0 00 00 00 87 10 02 FF 47 F0 01 89 00 00 01 FF CD 6F 02 00 3F FF 7F 00 00 00 00 00 00 00 00 00 00 00 ]
11-21 18:49:02.048  4955  5307 D RILJ    : [3693]< SIM_IO IccIoResult sw1:0x90 sw2:0x0 [SUB0]
11-21 18:49:02.053  4955  4955 D DCT     : [0]setupDataOnConnectableApns: nwTypeChanged hipri:[state=IDLE,enabled=false] mms:[state=IDLE,enabled=false] supl:[state=IDLE,enabled=false] cbs:[state=IDLE,enabled=false] dun:[state=IDLE,enabled=false] fota:[state=IDLE,enabled=false] ims:[state=IDLE,enabled=false] default:[state=IDLE,enabled=false] ia:[state=IDLE,enabled=false] emergency:[state=IDLE,enabled=false] 
11-21 18:49:02.053  4955  4955 D CAT     : CatService: handleMessage[10]
11-21 18:49:02.053  4955  4955 D CAT     : CatService: SESSION END on 0
11-21 18:49:02.054  4955  4955 D CAT     : CatService: handleMessage[10]
11-21 18:49:02.054  4955  4955 D CAT     : CatService: SET_UP_EVENT_LIST
11-21 18:49:02.055  4955  4955 D CAT     : CatService: Event: 0
11-21 18:49:02.055  4955  4955 D CAT     : CatService: Event: 0
11-21 18:49:02.055  4955  4955 D CAT     : CatService: encodeOptionalTags() Unsupported Cmd details=CmdDetails: compRequired=true commandNumber=1 typeOfCommand=5 commandQualifier=0
11-21 18:49:02.056  4955  4955 D RILJ    : [3724]> REQUEST_STK_SEND_TERMINAL_RESPONSE [SUB0]
11-21 18:49:02.056  4955  4955 D CAT     : CatService: Sending CmdMsg: com.android.internal.telephony.cat.CatCmdMessage@6121a5e on slotid:0
11-21 18:49:02.057  3623  3626 E RILD    : IsRegisteredNetworkType(): netType[1]  feature[00] state[0] 
11-21 18:49:02.057  3623  3631 E RILD    : DoRouteIn - FW reqId : 70
11-21 18:49:02.057  3623  3631 E RILD    : Onprocessing: request id(28), handleEvent(101)
11-21 18:49:02.057  3623  3631 E RILD    : DoRouteOut - FW reqId : 70
11-21 18:49:02.057  3623  3631 E RILD    : Onprocessing: request id(70), handleEvent(106)
11-21 18:49:02.057  3623  3630 E RILD    : STK-MGR(7): evt(106)
11-21 18:49:02.057  3623  3630 E RILD    : IpcProtocol41::IpcTxGetProactiveCmd()
11-21 18:49:02.058  3623  3630 E RILD    : [G] TX: (M)SAT_CMD (S)SAT_PROACTIVE_CMD (T)GET l:208 m:3b a:00 [ 0C 81 03 01 05 00 02 02 82 81 83 01 30 00 00 00 00 00 00 00 00 00 00 00 00 00 00 00 00 00 00 00 00 00 00 00 00 00 00 00 00 00 00 00 00 00 00 00 00 00 00 00 00 00 00 00 00 00 00 00 00 00 00 00 00 00 00 00 00 00 00 00 00 00 00 00 00 00 00 00 00 00 00 00 00 00 00 00 00 00 00 00 00 00 00 00 00 00 00 00 00 00 00 00 00 00 00 00 00 00 00 00 00 00 00 00 00 00 00 00 00 00 00 00 00 00 00 00 00 00 00 00 00 00 00 00 00 00 00 00 00 00 00 00 00 00 00 00 00 00 00 00 00 00 00 00 00 00 00 00 00 00 00 00 00 00 00 00 00 00 00 00 00 00 00 00 00 00 00 00 00 00 00 00 00 00 00 00 00 00 00 00 00 00 00 00 00 00 00 00 00 00 00 00 00 00 00 00 00 00 00 00 00 00 00 00 00 00 00 00 00 00 00 00 00 00 00 00 00 00 00 00 00 00 00 00 00 00 00 00 00 00 00 00 00 00 00 00 00 00 00 00 00 00 00 00 00 00 00 00 00 00 00 00 00 00 00 00 00 00 00 00 00 00 00 00 00 00 00 00 00 00 00 00 00 00 00 00 00 00 00 00 00 00 00 00 00 00 00 00 00 00 00 00 00 00 00 00 00 00 00 00 00 00 00 00 00 ]
11-21 18:49:02.058  4955  4955 D RILJ    : [3725]> iccIO: SIM_IO 0xb2 0x6fcb  path: 3F007FFF,1,4,16 aid: A0000000871002FF47F00189000001FF [SUB0]
11-21 18:49:02.060  3623  3626 E RILD    : IsRegisteredNetworkType(): netType[1]  feature[00] state[0] 
11-21 18:49:02.061  3623  3631 E RILD    : DoRouteIn - FW reqId : 28
11-21 18:49:02.061  3623  3631 E RILD    : Onprocessing: request id(28), handleEvent(101)
11-21 18:49:02.061  3623  3631 E RILD    : Onprocessing: request id(70), handleEvent(106)
11-21 18:49:02.061  3623  3632 E RILD    : [G] RX: (M)SEC_CMD (S)SEC_RSIM_ACCESS (T)RESP l:31 m:75 a:3a [ 90 00 27 62 25 82 02 41 21 83 02 6F CD A5 0C 80 01 71 92 01 00 91 04 7F 20 6F CD 8A 01 05 8B 03 6F 06 02 80 02 00 40 88 01 D8 ]
11-21 18:49:02.062  3623  3630 E RILD    : SIM-MGR(2): evt(201)
11-21 18:49:02.062  3623  3630 E RILD    : RequestComplete - req : 28, peek : 28
11-21 18:49:02.062  3623  3631 E RILD    : DoRouteOut - FW reqId : 28
11-21 18:49:02.062  3623  3631 E RILD    : Onprocessing: request id(28), handleEvent(101)
11-21 18:49:02.062  3623  3631 E RILD    : Onprocessing: request id(70), handleEvent(106)
11-21 18:49:02.062  4955  5307 D RILJ    : [3694]< SIM_IO IccIoResult sw1:0x90 sw2:0x0 [SUB0]
11-21 18:49:02.062  3623  3630 E RILD    : SIM-MGR(2): evt(101)
11-21 18:49:02.063  3623  3630 E RILD    : [G] TX: (M)SEC_CMD (S)SEC_RSIM_ACCESS (T)GET l:2c m:3c a:00 [ C0 00 10 A0 00 00 00 87 10 02 FF 47 F0 01 89 00 00 01 FF C5 6F 02 00 3F FF 7F 00 00 00 00 00 00 00 00 00 00 0F ]
11-21 18:49:02.073  4955  4955 D RILJ    : [3726]> iccIO: SIM_IO 0xb0 0x6f46  path: 3F007FFF,0,0,17 aid: A0000000871002FF47F00189000001FF [SUB0]
11-21 18:49:02.076  3623  3632 E RILD    : [G] RX: (M)SAT_CMD (S)SAT_PROACTIVE_CMD (T)RESP l:9 m:76 a:3b [ 90 00 ]
11-21 18:49:02.076  3623  3632 E RILD    : IpcProtocol41::IpcRxSatProactiveCmd()
11-21 18:49:02.076  4955  4955 D SIMRecords: [SIMRecords] EF_CPHS_MWI: null
11-21 18:49:02.076  4955  4955 D SIMRecords: [SIMRecords] EVENT_GET_VOICE_MAIL_INDICATOR_CPHS_DONE exception = com.android.internal.telephony.uicc.IccException: sw1:106 sw2:130
11-21 18:49:02.076  4955  4955 D SIMRecords: [SIMRecords] onRecordLoaded 18 requested: true
11-21 18:49:02.076  3623  3630 E RILD    : STK-MGR(7): evt(203)
11-21 18:49:02.076  3623  3630 E RILD    : OnUnsolicitedResponse: unsolId: 1012
11-21 18:49:02.076  3623  3626 E RILD    : IsRegisteredNetworkType(): netType[1]  feature[00] state[0] 
11-21 18:49:02.076  3623  3630 E RILD    : STK-MGR(7): evt(107)
11-21 18:49:02.076  3623  3630 E RILD    : RequestComplete - req : 70, peek : 70
11-21 18:49:02.076  3623  3631 E RILD    : DoRouteIn - FW reqId : 28
11-21 18:49:02.076  3623  3631 E RILD    : Onprocessing: request id(28), handleEvent(101)
11-21 18:49:02.076  4955  4955 D CAT     : StkCmdReceiver: handleAction, op: 4args: Bundle[{SLOT_ID=0, op=4}], slot id: 0
11-21 18:49:02.076  4955  5307 D RILJ    : [UNSL]< UNSOL_STK_SESSION_END [SUB0]
11-21 18:49:02.076  3623  3631 E RILD    : Onprocessing: request id(28), handleEvent(101)
11-21 18:49:02.077  4955  5307 D RILJ    : [3724]< REQUEST_STK_SEND_TERMINAL_RESPONSE  [SUB0]
11-21 18:49:02.079  4955  4955 D CAT     : StkCmdReceiver: handleAction, op: 1args: Bundle[{SLOT_ID=0, cmd message=com.android.internal.telephony.cat.CatCmdMessage@c720e3f, op=1}], slot id: 0
11-21 18:49:02.081  4955  4955 D SIMRecords: [SIMRecords] onRecordLoaded 17 requested: true
11-21 18:49:02.081  4955  4955 D RILJ    : [3727]> iccIO: SIM_IO 0xb0 0x6fcd  path: 3F007FFF,0,0,64 aid: A0000000871002FF47F00189000001FF [SUB0]
11-21 18:49:02.082  4955  4955 D CAT     : CatService: handleMessage[1]
11-21 18:49:02.082  4955  4955 D CAT     : CatService: ril message arrived,slotid:0
11-21 18:49:02.082  3623  3626 E RILD    : IsRegisteredNetworkType(): netType[1]  feature[00] state[0] 
11-21 18:49:02.082  3623  3631 E RILD    : DoRouteIn - FW reqId : 28
11-21 18:49:02.082  3623  3631 E RILD    : Onprocessing: request id(28), handleEvent(101)
11-21 18:49:02.082  4955  4955 D CAT     : com.android.stk.StkAppService: onStart sim id: 0, op: 4, *****
11-21 18:49:02.082  4955  5346 D CAT     : com.android.stk.StkAppService: handleMessage opcode[4], sim id[0]
11-21 18:49:02.083  4955  5346 D CAT     : StkAppService$StkContext: getPendingActivityInstance act : 0, null
11-21 18:49:02.083  4955  5346 D CAT     : StkAppService$StkContext: getPendingPrevActivityInstance act : 0, null
11-21 18:49:02.083  4955  4955 D CAT     : com.android.stk.StkAppService: onStart sim id: 0, op: 1, *****
11-21 18:49:02.083  4955  5346 D CAT     : StkAppService$StkContext: getPendingDialogInstance act : 0, null
11-21 18:49:02.083  4955  5346 D CAT     : com.android.stk.StkAppService: cleanUpInstanceStackBySlot slotId: 0
11-21 18:49:02.083  4955  5346 D CAT     : com.android.stk.StkAppService: [handleSessionEnd] - mCurrentCmd changed to mMainCmd!.
11-21 18:49:02.083  4955  5346 D CAT     : com.android.stk.StkAppService: slotId: 0, mMenuState: 0
11-21 18:49:02.083  4955  5346 D CAT     : com.android.stk.StkAppService: [handleSessionEnd][mMenuState]false
11-21 18:49:02.083  4955  4955 D CAT     : CatService: handleMessage[10]
11-21 18:49:02.083  4955  4955 D CAT     : CatService: SESSION END on 0
11-21 18:49:02.083  4955  5346 D CAT     : com.android.stk.StkAppService: handleMessage opcode[1], sim id[0]
11-21 18:49:02.083  4955  5346 D CAT     : com.android.stk.StkAppService: cmdName[SET_UP_EVENT_LIST]
11-21 18:49:02.083  4955  5346 D CAT     : com.android.stk.StkAppService: [OP_CMD]
11-21 18:49:02.083  4955  5346 D CAT     : com.android.stk.StkAppService: [handleCmd]SET_UP_EVENT_LIST
11-21 18:49:02.085  3623  3632 E RILD    : [G] RX: (M)SEC_CMD (S)SEC_RSIM_ACCESS (T)RESP l:34 m:77 a:3c [ 90 00 2A 62 28 82 05 42 21 00 22 02 83 02 6F C5 A5 0C 80 01 71 92 01 00 91 04 7F 20 6F C5 8A 01 05 8B 03 6F 06 01 80 02 00 44 88 01 C8 ]
11-21 18:49:02.085  4955  5346 D CAT     : StkAppService: isScreenIdle, package name : com.android.settings
11-21 18:49:02.085  3623  3630 E RILD    : SIM-MGR(2): evt(201)
11-21 18:49:02.085  3623  3630 E RILD    : RequestComplete - req : 28, peek : 28
11-21 18:49:02.086  4955  4955 D CAT     : StkCmdReceiver: handleAction, op: 4args: Bundle[{SLOT_ID=0, op=4}], slot id: 0
11-21 18:49:02.086  4955  5307 D RILJ    : [3695]< SIM_IO IccIoResult sw1:0x90 sw2:0x0 [SUB0]
11-21 18:49:02.086  3623  3631 E RILD    : DoRouteOut - FW reqId : 28
11-21 18:49:02.086  3623  3631 E RILD    : Onprocessing: request id(28), handleEvent(101)
11-21 18:49:02.086  3623  3630 E RILD    : SIM-MGR(2): evt(101)
11-21 18:49:02.086  3623  3630 E RILD    : [G] TX: (M)SEC_CMD (S)SEC_RSIM_ACCESS (T)GET l:2c m:3d a:00 [ C0 00 10 A0 00 00 00 87 10 02 FF 47 F0 01 89 00 00 01 FF 38 6F 02 00 3F FF 7F 00 00 00 00 00 00 00 00 00 00 00 ]
11-21 18:49:02.087  4955  5346 D CAT     : StkAppService:  Check if IDLE_SCREEN_AVAILABLE_EVENT is present in List
11-21 18:49:02.087  4955  5346 D CAT     : StkAppService: Event :5
11-21 18:49:02.087  4955  5346 E CAT     : StkAppService:  Event does not exist in the EventList
11-21 18:49:02.087  4955  4955 D RILJ    : [3728]> iccIO: SIM_IO 0xb2 0x6fc5  path: 3F007FFF,1,4,34 aid: A0000000871002FF47F00189000001FF [SUB0]
11-21 18:49:02.088  4955  4955 D CAT     : com.android.stk.StkAppService: onStart sim id: 0, op: 4, *****
11-21 18:49:02.088  3623  3626 E RILD    : IsRegisteredNetworkType(): netType[1]  feature[00] state[0] 
11-21 18:49:02.089  3623  3631 E RILD    : DoRouteIn - FW reqId : 28
11-21 18:49:02.089  3623  3631 E RILD    : Onprocessing: request id(28), handleEvent(101)
11-21 18:49:02.089  4955  5346 D CAT     : com.android.stk.StkAppService: handleMessage opcode[4], sim id[0]
11-21 18:49:02.089  4955  5346 D CAT     : StkAppService$StkContext: getPendingActivityInstance act : 0, null
11-21 18:49:02.089  4955  5346 D CAT     : StkAppService$StkContext: getPendingPrevActivityInstance act : 0, null
11-21 18:49:02.089  4955  5346 D CAT     : StkAppService$StkContext: getPendingDialogInstance act : 0, null
11-21 18:49:02.089  4955  5346 D CAT     : com.android.stk.StkAppService: cleanUpInstanceStackBySlot slotId: 0
11-21 18:49:02.089  4955  5346 D CAT     : com.android.stk.StkAppService: [handleSessionEnd] - mCurrentCmd changed to mMainCmd!.
11-21 18:49:02.089  4955  5346 D CAT     : com.android.stk.StkAppService: slotId: 0, mMenuState: 0
11-21 18:49:02.089  4955  5346 D CAT     : com.android.stk.StkAppService: [handleSessionEnd][mMenuState]false
11-21 18:49:02.105  3623  3632 E RILD    : [G] RX: (M)SEC_CMD (S)SEC_RSIM_ACCESS (T)RESP l:2b m:78 a:3d [ 90 00 21 62 1F 82 02 41 21 83 02 6F 38 A5 06 80 01 71 92 01 00 8A 01 05 8B 03 6F 06 02 80 02 00 07 88 01 20 ]
11-21 18:49:02.105  3623  3630 E RILD    : SIM-MGR(2): evt(201)
11-21 18:49:02.105  3623  3630 E RILD    : SetServiceTableInfo: SstLoaded
11-21 18:49:02.105  3623  3630 E RILD    : RequestComplete - req : 28, peek : 28
11-21 18:49:02.105  3623  3631 E RILD    : DoRouteOut - FW reqId : 28
11-21 18:49:02.105  3623  3631 E RILD    : Onprocessing: request id(28), handleEvent(101)
11-21 18:49:02.106  3623  3630 E RILD    : SIM-MGR(2): evt(101)
11-21 18:49:02.106  4955  5307 D RILJ    : [3696]< SIM_IO IccIoResult sw1:0x90 sw2:0x0 [SUB0]
11-21 18:49:02.106  3623  3630 E RILD    : [G] TX: (M)SEC_CMD (S)SEC_RSIM_ACCESS (T)GET l:2c m:3e a:00 [ C0 00 10 A0 00 00 00 87 10 02 FF 47 F0 01 89 00 00 01 FF 16 6F 02 00 3F FF 7F 00 00 00 00 00 00 00 00 00 00 00 ]
11-21 18:49:02.106  4955  4955 D RILJ    : [3729]> iccIO: SIM_IO 0xb0 0x6f38  path: 3F007FFF,0,0,7 aid: A0000000871002FF47F00189000001FF [SUB0]
11-21 18:49:02.107  3623  3626 E RILD    : IsRegisteredNetworkType(): netType[1]  feature[00] state[0] 
11-21 18:49:02.107  3623  3631 E RILD    : DoRouteIn - FW reqId : 28
11-21 18:49:02.107  3623  3631 E RILD    : Onprocessing: request id(28), handleEvent(101)
11-21 18:49:02.114  3623  3632 E RILD    : [G] RX: (M)SEC_CMD (S)SEC_RSIM_ACCESS (T)RESP l:a m:79 a:3e [ 6A 82 00 ]
11-21 18:49:02.115  3623  3630 E RILD    : SIM-MGR(2): evt(201)
11-21 18:49:02.115  3623  3630 E RILD    : RequestComplete - req : 28, peek : 28
11-21 18:49:02.115  3623  3631 E RILD    : DoRouteOut - FW reqId : 28
11-21 18:49:02.115  3623  3631 E RILD    : Onprocessing: request id(28), handleEvent(101)
11-21 18:49:02.115  4955  5307 D RILJ    : [3697]< SIM_IO IccIoResult sw1:0x6a sw2:0x82 Error: File not found [SUB0]
11-21 18:49:02.115  3623  3630 E RILD    : SIM-MGR(2): evt(101)
11-21 18:49:02.116  3623  3630 E RILD    : [G] TX: (M)SEC_CMD (S)SEC_RSIM_ACCESS (T)GET l:2c m:3f a:00 [ C0 00 10 A0 00 00 00 87 10 02 FF 47 F0 01 89 00 00 01 FF 15 6F 02 00 3F FF 7F 00 00 00 00 00 00 00 00 00 00 00 ]
11-21 18:49:02.116  4955  4955 D SIMRecords: [SIMRecords] onRecordLoaded 16 requested: true
11-21 18:49:02.124  3623  3632 E RILD    : [G] RX: (M)SEC_CMD (S)SEC_RSIM_ACCESS (T)RESP l:a m:7a a:3f [ 6A 82 00 ]
11-21 18:49:02.124  3623  3630 E RILD    : SIM-MGR(2): evt(201)
11-21 18:49:02.124  3623  3630 E RILD    : RequestComplete - req : 28, peek : 28
11-21 18:49:02.124  3623  3631 E RILD    : DoRouteOut - FW reqId : 28
11-21 18:49:02.124  3623  3631 E RILD    : Onprocessing: request id(28), handleEvent(101)
11-21 18:49:02.124  3623  3630 E RILD    : SIM-MGR(2): evt(101)
11-21 18:49:02.125  4955  5307 D RILJ    : [3698]< SIM_IO IccIoResult sw1:0x6a sw2:0x82 Error: File not found [SUB0]
11-21 18:49:02.125  3623  3630 E RILD    : [G] TX: (M)SEC_CMD (S)SEC_RSIM_ACCESS (T)GET l:2c m:40 a:00 [ C0 00 10 A0 00 00 00 87 10 02 FF 47 F0 01 89 00 00 01 FF 3E 6F 02 00 3F FF 7F 00 00 00 00 00 00 00 00 00 00 00 ]
11-21 18:49:02.125  4955  4955 E SIMRecords: [SIMRecords] Exception in fetching EF_CSP data com.android.internal.telephony.uicc.IccException: sw1:106 sw2:130
11-21 18:49:02.125  4955  4955 D SIMRecords: [SIMRecords] onRecordLoaded 15 requested: true
11-21 18:49:02.140  3623  3632 E RILD    : [G] RX: (M)SEC_CMD (S)SEC_RSIM_ACCESS (T)RESP l:30 m:7b a:40 [ 90 00 26 62 24 82 02 41 21 83 02 6F 3E A5 0C 80 01 71 92 01 00 91 04 7F 20 6F 3E 8A 01 05 8B 03 6F 06 02 80 02 00 04 88 00 ]
11-21 18:49:02.140  3623  3630 E RILD    : SIM-MGR(2): evt(201)
11-21 18:49:02.141  3623  3630 E RILD    : RequestComplete - req : 28, peek : 28
11-21 18:49:02.141  3623  3631 E RILD    : DoRouteOut - FW reqId : 28
11-21 18:49:02.141  3623  3631 E RILD    : Onprocessing: request id(28), handleEvent(101)
11-21 18:49:02.141  3623  3630 E RILD    : SIM-MGR(2): evt(101)
11-21 18:49:02.141  3623  3630 E RILD    : [G] TX: (M)SEC_CMD (S)SEC_RSIM_ACCESS (T)GET l:2c m:41 a:00 [ C0 00 10 A0 00 00 00 87 10 02 FF 47 F0 01 89 00 00 01 FF 3F 6F 02 00 3F FF 7F 00 00 00 00 00 00 00 00 00 00 00 ]
11-21 18:49:02.144  4955  5307 D RILJ    : [3699]< SIM_IO IccIoResult sw1:0x90 sw2:0x0 [SUB0]
11-21 18:49:02.145  4955  4955 D RILJ    : [3730]> iccIO: SIM_IO 0xb0 0x6f3e  path: 3F007FFF,0,0,4 aid: A0000000871002FF47F00189000001FF [SUB0]
11-21 18:49:02.156  3623  3632 E RILD    : [G] RX: (M)SEC_CMD (S)SEC_RSIM_ACCESS (T)RESP l:30 m:7c a:41 [ 90 00 26 62 24 82 02 41 21 83 02 6F 3F A5 0C 80 01 71 92 01 00 91 04 7F 20 6F 3F 8A 01 05 8B 03 6F 06 02 80 02 00 04 88 00 ]
11-21 18:49:02.157  3623  3630 E RILD    : SIM-MGR(2): evt(201)
11-21 18:49:02.157  3623  3630 E RILD    : RequestComplete - req : 28, peek : 28
11-21 18:49:02.157  3623  3631 E RILD    : DoRouteOut - FW reqId : 28
11-21 18:49:02.157  3623  3631 E RILD    : Onprocessing: request id(28), handleEvent(101)
11-21 18:49:02.157  4955  5307 D RILJ    : [3700]< SIM_IO IccIoResult sw1:0x90 sw2:0x0 [SUB0]
11-21 18:49:02.157  3623  3630 E RILD    : SIM-MGR(2): evt(101)
11-21 18:49:02.158  3623  3630 E RILD    : [G] TX: (M)SEC_CMD (S)SEC_RSIM_ACCESS (T)GET l:2c m:42 a:00 [ C0 00 10 A0 00 00 00 87 10 02 FF 47 F0 01 89 00 00 01 FF 60 6F 02 00 3F FF 7F 00 00 00 00 00 00 00 00 00 00 00 ]
11-21 18:49:02.158  4955  4955 D RILJ    : [3731]> iccIO: SIM_IO 0xb0 0x6f3f  path: 3F007FFF,0,0,4 aid: A0000000871002FF47F00189000001FF [SUB0]
11-21 18:49:02.158  3623  3626 E RILD    : IsRegisteredNetworkType(): netType[1]  feature[00] state[0] 
11-21 18:49:02.158  3623  3631 E RILD    : DoRouteIn - FW reqId : 28
11-21 18:49:02.158  3623  3631 E RILD    : Onprocessing: request id(28), handleEvent(101)
11-21 18:49:02.159  3623  3626 E RILD    : IsRegisteredNetworkType(): netType[1]  feature[00] state[0] 
11-21 18:49:02.159  3623  3631 E RILD    : DoRouteIn - FW reqId : 28
11-21 18:49:02.159  3623  3631 E RILD    : Onprocessing: request id(28), handleEvent(101)
11-21 18:49:02.173  3623  3632 E RILD    : [G] RX: (M)SEC_CMD (S)SEC_RSIM_ACCESS (T)RESP l:31 m:7d a:42 [ 90 00 27 62 25 82 02 41 21 83 02 6F 60 A5 0C 80 01 71 92 01 00 91 04 7F 20 6F 60 8A 01 05 8B 03 6F 06 04 80 02 00 50 88 01 50 ]
11-21 18:49:02.173  3623  3630 E RILD    : SIM-MGR(2): evt(201)
11-21 18:49:02.174  3623  3630 E RILD    : RequestComplete - req : 28, peek : 28
11-21 18:49:02.174  3623  3631 E RILD    : DoRouteOut - FW reqId : 28
11-21 18:49:02.174  3623  3631 E RILD    : Onprocessing: request id(28), handleEvent(101)
11-21 18:49:02.174  4955  5307 D RILJ    : [3701]< SIM_IO IccIoResult sw1:0x90 sw2:0x0 [SUB0]
11-21 18:49:02.174  4955  4955 D RILJ    : [3732]> iccIO: SIM_IO 0xb0 0x6f60  path: 3F007FFF,0,0,80 aid: A0000000871002FF47F00189000001FF [SUB0]
11-21 18:49:02.175  3623  3630 E RILD    : SIM-MGR(2): evt(101)
11-21 18:49:02.175  3623  3630 E RILD    : [G] TX: (M)SEC_CMD (S)SEC_RSIM_ACCESS (T)GET l:2c m:43 a:00 [ C0 00 10 A0 00 00 00 87 10 02 FF 47 F0 01 89 00 00 01 FF 61 6F 02 00 3F FF 7F 00 00 00 00 00 00 00 00 00 00 00 ]
11-21 18:49:02.177  3623  3626 E RILD    : IsRegisteredNetworkType(): netType[1]  feature[00] state[0] 
11-21 18:49:02.177  3623  3631 E RILD    : DoRouteIn - FW reqId : 28
11-21 18:49:02.177  3623  3631 E RILD    : Onprocessing: request id(28), handleEvent(101)
11-21 18:49:02.191  3623  3632 E RILD    : [G] RX: (M)SEC_CMD (S)SEC_RSIM_ACCESS (T)RESP l:31 m:7e a:43 [ 90 00 27 62 25 82 02 41 21 83 02 6F 61 A5 0C 80 01 71 92 01 00 91 04 7F 20 6F 61 8A 01 05 8B 03 6F 06 02 80 02 01 40 88 01 88 ]
11-21 18:49:02.191  3623  3630 E RILD    : SIM-MGR(2): evt(201)
11-21 18:49:02.191  3623  3630 E RILD    : RequestComplete - req : 28, peek : 28
11-21 18:49:02.192  3623  3631 E RILD    : DoRouteOut - FW reqId : 28
11-21 18:49:02.192  4955  5307 D RILJ    : [3702]< SIM_IO IccIoResult sw1:0x90 sw2:0x0 [SUB0]
11-21 18:49:02.192  3623  3631 E RILD    : Onprocessing: request id(28), handleEvent(101)
11-21 18:49:02.192  3623  3630 E RILD    : SIM-MGR(2): evt(101)
11-21 18:49:02.192  3623  3630 E RILD    : [G] TX: (M)SEC_CMD (S)SEC_RSIM_ACCESS (T)GET l:2c m:44 a:00 [ C0 00 10 A0 00 00 00 87 10 02 FF 47 F0 01 89 00 00 01 FF 62 6F 02 00 3F FF 7F 00 00 00 00 00 00 00 00 00 00 00 ]
11-21 18:49:02.192  4955  4955 D RILJ    : [3733]> iccIO: SIM_IO 0xb0 0x6f61  path: 3F007FFF,0,0,320 aid: A0000000871002FF47F00189000001FF [SUB0]
11-21 18:49:02.193  3623  3626 E RILD    : IsRegisteredNetworkType(): netType[1]  feature[00] state[0] 
11-21 18:49:02.193  3623  3631 E RILD    : DoRouteIn - FW reqId : 28
11-21 18:49:02.193  3623  3631 E RILD    : Onprocessing: request id(28), handleEvent(101)
11-21 18:49:02.207  3623  3632 E RILD    : [G] RX: (M)SEC_CMD (S)SEC_RSIM_ACCESS (T)RESP l:31 m:7f a:44 [ 90 00 27 62 25 82 02 41 21 83 02 6F 62 A5 0C 80 01 71 92 01 00 91 04 7F 20 6F 62 8A 01 05 8B 03 6F 06 02 80 02 00 0A 88 01 98 ]
11-21 18:49:02.207  3623  3630 E RILD    : SIM-MGR(2): evt(201)
11-21 18:49:02.207  3623  3630 E RILD    : RequestComplete - req : 28, peek : 28
11-21 18:49:02.207  3623  3631 E RILD    : DoRouteOut - FW reqId : 28
11-21 18:49:02.207  3623  3631 E RILD    : Onprocessing: request id(28), handleEvent(101)
11-21 18:49:02.207  3623  3630 E RILD    : SIM-MGR(2): evt(101)
11-21 18:49:02.208  3623  3630 E RILD    : [G] TX: (M)SEC_CMD (S)SEC_RSIM_ACCESS (T)GET l:2c m:45 a:00 [ C0 00 10 A0 00 00 00 87 10 02 FF 47 F0 01 89 00 00 01 FF D9 6F 02 00 3F FF 7F 00 00 00 00 00 00 00 00 00 00 00 ]
11-21 18:49:02.209  4955  5307 D RILJ    : [3703]< SIM_IO IccIoResult sw1:0x90 sw2:0x0 [SUB0]
11-21 18:49:02.209  4955  4955 D RILJ    : [3734]> iccIO: SIM_IO 0xb0 0x6f62  path: 3F007FFF,0,0,10 aid: A0000000871002FF47F00189000001FF [SUB0]
11-21 18:49:02.211  3623  3626 E RILD    : IsRegisteredNetworkType(): netType[1]  feature[00] state[0] 
11-21 18:49:02.212  3623  3631 E RILD    : DoRouteIn - FW reqId : 28
11-21 18:49:02.212  3623  3631 E RILD    : Onprocessing: request id(28), handleEvent(101)
11-21 18:49:02.215  3623  3632 E RILD    : [G] RX: (M)SEC_CMD (S)SEC_RSIM_ACCESS (T)RESP l:a m:80 a:45 [ 6A 82 00 ]
11-21 18:49:02.215  3623  3630 E RILD    : SIM-MGR(2): evt(201)
11-21 18:49:02.215  3623  3630 E RILD    : RequestComplete - req : 28, peek : 28
11-21 18:49:02.215  3623  3631 E RILD    : DoRouteOut - FW reqId : 28
11-21 18:49:02.215  3623  3631 E RILD    : Onprocessing: request id(28), handleEvent(101)
11-21 18:49:02.216  3623  3630 E RILD    : SIM-MGR(2): evt(101)
11-21 18:49:02.216  4955  5307 D RILJ    : [3704]< SIM_IO IccIoResult sw1:0x6a sw2:0x82 Error: File not found [SUB0]
11-21 18:49:02.216  3623  3630 E RILD    : [G] TX: (M)SEC_CMD (S)SEC_RSIM_ACCESS (T)GET l:2c m:46 a:00 [ C0 00 10 A0 00 00 00 87 10 02 FF 47 F0 01 89 00 00 01 FF 7B 6F 02 00 3F FF 7F 00 00 00 00 00 00 00 00 00 00 00 ]
11-21 18:49:02.216  4955  4955 E SIMRecords: [SIMRecords] Failed getting Equivalent Home PLMNs: com.android.internal.telephony.uicc.IccException: sw1:106 sw2:130
11-21 18:49:02.231  3623  3632 E RILD    : [G] RX: (M)SEC_CMD (S)SEC_RSIM_ACCESS (T)RESP l:31 m:81 a:46 [ 90 00 27 62 25 82 02 41 21 83 02 6F 7B A5 0C 80 01 71 92 01 00 91 04 7F 20 6F 7B 8A 01 05 8B 03 6F 06 04 80 02 00 0C 88 01 68 ]
11-21 18:49:02.231  3623  3630 E RILD    : SIM-MGR(2): evt(201)
11-21 18:49:02.231  3623  3630 E RILD    : RequestComplete - req : 28, peek : 28
11-21 18:49:02.232  3623  3631 E RILD    : DoRouteOut - FW reqId : 28
11-21 18:49:02.232  3623  3631 E RILD    : Onprocessing: request id(28), handleEvent(101)
11-21 18:49:02.232  3623  3630 E RILD    : SIM-MGR(2): evt(101)
11-21 18:49:02.232  4955  5307 D RILJ    : [3705]< SIM_IO IccIoResult sw1:0x90 sw2:0x0 [SUB0]
11-21 18:49:02.232  3623  3630 E RILD    : [G] TX: (M)SEC_CMD (S)SEC_RSIM_ACCESS (T)GET l:2c m:47 a:00 [ C0 00 10 A0 00 00 00 87 10 02 FF 47 F0 01 89 00 00 01 FF 05 6F 02 00 3F FF 7F 00 00 00 00 00 00 00 00 00 00 00 ]
11-21 18:49:02.232  4955  4955 D RILJ    : [3735]> iccIO: SIM_IO 0xb0 0x6f7b  path: 3F007FFF,0,0,12 aid: A0000000871002FF47F00189000001FF [SUB0]
11-21 18:49:02.233  3623  3626 E RILD    : IsRegisteredNetworkType(): netType[1]  feature[00] state[0] 
11-21 18:49:02.233  3623  3631 E RILD    : DoRouteIn - FW reqId : 28
11-21 18:49:02.233  3623  3631 E RILD    : Onprocessing: request id(28), handleEvent(101)
11-21 18:49:02.247  3623  3632 E RILD    : [G] RX: (M)SEC_CMD (S)SEC_RSIM_ACCESS (T)RESP l:2f m:82 a:47 [ 90 00 25 62 23 82 02 41 21 83 02 6F 05 A5 0A 80 01 71 92 01 00 91 02 2F 05 8A 01 05 8B 03 6F 06 05 80 02 00 08 88 01 10 ]
11-21 18:49:02.247  3623  3630 E RILD    : SIM-MGR(2): evt(201)
11-21 18:49:02.248  3623  3630 E RILD    : RequestComplete - req : 28, peek : 28
11-21 18:49:02.248  3623  3631 E RILD    : DoRouteOut - FW reqId : 28
11-21 18:49:02.248  3623  3631 E RILD    : Onprocessing: request id(28), handleEvent(101)
11-21 18:49:02.248  3623  3630 E RILD    : SIM-MGR(2): evt(101)
11-21 18:49:02.248  3623  3630 E RILD    : [G] TX: (M)SEC_CMD (S)SEC_RSIM_ACCESS (T)GET l:2c m:48 a:00 [ C0 00 10 A0 00 00 00 87 10 02 FF 47 F0 01 89 00 00 01 FF 05 2F 01 00 3F 00 00 00 00 00 00 00 00 00 00 00 00 00 ]
11-21 18:49:02.248  4955  5307 D RILJ    : [3706]< SIM_IO IccIoResult sw1:0x90 sw2:0x0 [SUB0]
11-21 18:49:02.248  4955  4955 D RILJ    : [3736]> iccIO: SIM_IO 0xb0 0x6f05  path: 3F007FFF,0,0,8 aid: A0000000871002FF47F00189000001FF [SUB0]
11-21 18:49:02.250  3623  3626 E RILD    : IsRegisteredNetworkType(): netType[1]  feature[00] state[0] 
11-21 18:49:02.250  3623  3631 E RILD    : DoRouteIn - FW reqId : 28
11-21 18:49:02.250  3623  3631 E RILD    : Onprocessing: request id(28), handleEvent(101)
11-21 18:49:02.262  3623  3632 E RILD    : [G] RX: (M)SEC_CMD (S)SEC_RSIM_ACCESS (T)RESP l:2b m:83 a:48 [ 90 00 21 62 1F 82 02 41 21 83 02 2F 05 A5 06 80 01 71 92 01 00 8A 01 05 8B 03 2F 06 04 80 02 00 08 88 01 28 ]
11-21 18:49:02.262  3623  3630 E RILD    : SIM-MGR(2): evt(201)
11-21 18:49:02.262  3623  3630 E RILD    : RequestComplete - req : 28, peek : 28
11-21 18:49:02.262  3623  3631 E RILD    : DoRouteOut - FW reqId : 28
11-21 18:49:02.262  3623  3630 E RILD    : SIM-MGR(2): evt(101)
11-21 18:49:02.262  3623  3631 E RILD    : Onprocessing: request id(28), handleEvent(101)
11-21 18:49:02.262  4955  5307 D RILJ    : [3707]< SIM_IO IccIoResult sw1:0x90 sw2:0x0 [SUB0]
11-21 18:49:02.262  3623  3630 E RILD    : [G] TX: (M)SEC_CMD (S)SEC_RSIM_ACCESS (T)GET l:2c m:49 a:00 [ C0 00 10 A0 00 00 00 87 10 02 FF 47 F0 01 89 00 00 01 FF 3C 6F 02 00 3F FF 7F 00 00 00 00 00 00 00 00 00 00 0F ]
11-21 18:49:02.263  4955  4955 D RILJ    : [3737]> iccIO: SIM_IO 0xb0 0x2f05  path: 3F00,0,0,8 aid: A0000000871002FF47F00189000001FF [SUB0]
11-21 18:49:02.264  3623  3626 E RILD    : IsRegisteredNetworkType(): netType[1]  feature[00] state[0] 
11-21 18:49:02.264  3623  3631 E RILD    : DoRouteIn - FW reqId : 28
11-21 18:49:02.264  3623  3631 E RILD    : Onprocessing: request id(28), handleEvent(101)
11-21 18:49:02.278  3623  3632 E RILD    : [G] RX: (M)SEC_CMD (S)SEC_RSIM_ACCESS (T)RESP l:33 m:84 a:49 [ 90 00 29 62 27 82 05 42 21 00 B0 0F 83 02 6F 3C A5 0C 80 01 71 92 01 00 91 04 7F 10 6F 3C 8A 01 05 8B 03 6F 06 04 80 02 0A 50 88 00 ]
11-21 18:49:02.279  3623  3630 E RILD    : SIM-MGR(2): evt(201)
11-21 18:49:02.279  3623  3630 E RILD    : RequestComplete - req : 28, peek : 28
11-21 18:49:02.279  3623  3631 E RILD    : DoRouteOut - FW reqId : 28
11-21 18:49:02.279  3623  3631 E RILD    : Onprocessing: request id(28), handleEvent(101)
11-21 18:49:02.279  4955  5307 D RILJ    : [3708]< SIM_IO IccIoResult sw1:0x90 sw2:0x0 [SUB0]
11-21 18:49:02.279  3623  3630 E RILD    : SIM-MGR(2): evt(101)
11-21 18:49:02.280  3623  3630 E RILD    : [G] TX: (M)SEC_CMD (S)SEC_RSIM_ACCESS (T)GET l:2c m:4a a:00 [ B0 00 10 A0 00 00 00 87 10 02 FF 47 F0 01 89 00 00 01 FF E2 2F 01 00 3F 00 00 00 00 00 00 00 00 00 00 00 00 0A ]
11-21 18:49:02.280  4955  4955 D SIMRecords: [SIMRecords] EVENT_GET_SMS_RECORD_SIZE_DONE Size 176 total 2640 record 15
11-21 18:49:02.283  3623  3632 E RILD    : [G] RX: (M)SEC_CMD (S)SEC_RSIM_ACCESS (T)RESP l:14 m:85 a:4a [ 90 00 0A 98 45 43 02 18 76 15 22 86 80 ]
11-21 18:49:02.283  3623  3630 E RILD    : SIM-MGR(2): evt(201)
11-21 18:49:02.283  3623  3630 E RILD    : SetSimOp():simOp = ETC
11-21 18:49:02.284  3623  3630 E RILD    : RequestComplete - req : 28, peek : 28
11-21 18:49:02.284  4955  5307 D RILJ    : [3714]< SIM_IO IccIoResult sw1:0x90 sw2:0x0 [SUB0]
11-21 18:49:02.284  3623  3631 E RILD    : DoRouteOut - FW reqId : 28
11-21 18:49:02.284  3623  3631 E RILD    : Onprocessing: request id(28), handleEvent(101)
11-21 18:49:02.284  3623  3630 E RILD    : SIM-MGR(2): evt(101)
11-21 18:49:02.284  3623  3630 E RILD    : [G] TX: (M)SEC_CMD (S)SEC_RSIM_ACCESS (T)GET l:2c m:4b a:00 [ B2 00 10 A0 00 00 00 87 10 02 FF 47 F0 01 89 00 00 01 FF 40 6F 02 00 3F FF 7F 00 00 00 00 00 00 00 00 01 04 1C ]
11-21 18:49:02.284  4955  4955 D SIMRecords: [SIMRecords] iccid: 89543420816751226808
11-21 18:49:02.284  4955  4955 D SIMRecords: [SIMRecords] onRecordLoaded 14 requested: true
11-21 18:49:02.306  3623  3632 E RILD    : [G] RX: (M)SEC_CMD (S)SEC_RSIM_ACCESS (T)RESP l:26 m:86 a:4b [ 90 00 1C FF FF FF FF FF FF FF FF FF FF FF FF FF FF FF FF FF FF FF FF FF FF FF FF FF FF FF FF ]
11-21 18:49:02.306  3623  3630 E RILD    : SIM-MGR(2): evt(201)
11-21 18:49:02.306  3623  3630 E RILD    : RequestComplete - req : 28, peek : 28
11-21 18:49:02.307  4955  5307 D RILJ    : [3719]< SIM_IO IccIoResult sw1:0x90 sw2:0x0 [SUB0]
11-21 18:49:02.308  4955  4955 D SIMRecords: [SIMRecords] MSISDN: 
11-21 18:49:02.308  4955  4955 D SIMRecords: [SIMRecords] onRecordLoaded 13 requested: true
11-21 18:49:02.308  3623  3631 E RILD    : DoRouteOut - FW reqId : 28
11-21 18:49:02.308  3623  3631 E RILD    : Onprocessing: request id(28), handleEvent(101)
11-21 18:49:02.308  3623  3630 E RILD    : SIM-MGR(2): evt(101)
11-21 18:49:02.309  3623  3630 E RILD    : [G] TX: (M)SEC_CMD (S)SEC_RSIM_ACCESS (T)GET l:2c m:4c a:00 [ B2 00 10 A0 00 00 00 87 10 02 FF 47 F0 01 89 00 00 01 FF C9 6F 02 00 3F FF 7F 00 00 00 00 00 00 00 00 01 04 04 ]
11-21 18:49:02.329  3623  3632 E RILD    : [G] RX: (M)SEC_CMD (S)SEC_RSIM_ACCESS (T)RESP l:e m:87 a:4c [ 90 00 04 01 00 00 00 ]
11-21 18:49:02.329  3623  3630 E RILD    : SIM-MGR(2): evt(201)
11-21 18:49:02.329  3623  3630 E RILD    : RequestComplete - req : 28, peek : 28
11-21 18:49:02.330  3623  3631 E RILD    : DoRouteOut - FW reqId : 28
11-21 18:49:02.330  3623  3631 E RILD    : Onprocessing: request id(28), handleEvent(101)
11-21 18:49:02.330  3623  3630 E RILD    : SIM-MGR(2): evt(101)
11-21 18:49:02.330  3623  3630 E RILD    : [G] TX: (M)SEC_CMD (S)SEC_RSIM_ACCESS (T)GET l:2c m:4d a:00 [ B0 00 10 A0 00 00 00 87 10 02 FF 47 F0 01 89 00 00 01 FF AD 6F 02 00 3F FF 7F 00 00 00 00 00 00 00 00 00 00 04 ]
11-21 18:49:02.330  4955  5307 D RILJ    : [3721]< SIM_IO IccIoResult sw1:0x90 sw2:0x0 [SUB0]
11-21 18:49:02.331  4955  4955 D SIMRecords: [SIMRecords] EF_MBI: 01000000
11-21 18:49:02.331  4955  4955 D SIMRecords: [SIMRecords] Got valid mailbox number for MBDN
11-21 18:49:02.332  4955  4955 D RILJ    : [3738]> iccIO: SIM_IO 0xc0 0x6fc7  path: 3F007FFF,0,0,15 aid: A0000000871002FF47F00189000001FF [SUB0]
11-21 18:49:02.333  4955  4955 D SIMRecords: [SIMRecords] onRecordLoaded 13 requested: true
11-21 18:49:02.333  3623  3626 E RILD    : IsRegisteredNetworkType(): netType[1]  feature[00] state[0] 
11-21 18:49:02.333  3623  3631 E RILD    : DoRouteIn - FW reqId : 28
11-21 18:49:02.333  3623  3631 E RILD    : Onprocessing: request id(28), handleEvent(101)
11-21 18:49:02.336  3623  3632 E RILD    : [G] RX: (M)SEC_CMD (S)SEC_RSIM_ACCESS (T)RESP l:e m:88 a:4d [ 90 00 04 00 00 01 02 ]
11-21 18:49:02.337  3623  3630 E RILD    : SIM-MGR(2): evt(201)
11-21 18:49:02.337  3623  3630 E RILD    : RequestComplete - req : 28, peek : 28
11-21 18:49:02.337  3623  3631 E RILD    : DoRouteOut - FW reqId : 28
11-21 18:49:02.337  3623  3631 E RILD    : Onprocessing: request id(28), handleEvent(101)
11-21 18:49:02.337  3623  3630 E RILD    : SIM-MGR(2): evt(101)
11-21 18:49:02.337  4955  5307 D RILJ    : [3722]< SIM_IO IccIoResult sw1:0x90 sw2:0x0 [SUB0]
11-21 18:49:02.337  3623  3630 E RILD    : [G] TX: (M)SEC_CMD (S)SEC_RSIM_ACCESS (T)GET l:2c m:4e a:00 [ B2 00 10 A0 00 00 00 87 10 02 FF 47 F0 01 89 00 00 01 FF CA 6F 02 00 3F FF 7F 00 00 00 00 00 00 00 00 01 04 05 ]
11-21 18:49:02.337  4955  4955 D SIMRecords: [SIMRecords] EF_AD: 00000102
11-21 18:49:02.337  4955  4955 D SIMRecords: [SIMRecords] setting4 mMncLength=2
11-21 18:49:02.337  4955  4955 D SIMRecords: [SIMRecords] mccmncCode=722341
11-21 18:49:02.337  4955  4955 D SIMRecords: [SIMRecords] update mccmnc=72234
11-21 18:49:02.359  3623  3632 E RILD    : [G] RX: (M)SEC_CMD (S)SEC_RSIM_ACCESS (T)RESP l:f m:89 a:4e [ 90 00 05 00 00 00 00 00 ]
11-21 18:49:02.359  3623  3630 E RILD    : SIM-MGR(2): evt(201)
11-21 18:49:02.359  3623  3630 E RILD    : RequestComplete - req : 28, peek : 28
11-21 18:49:02.360  3623  3631 E RILD    : DoRouteOut - FW reqId : 28
11-21 18:49:02.360  3623  3631 E RILD    : Onprocessing: request id(28), handleEvent(101)
11-21 18:49:02.360  3623  3630 E RILD    : SIM-MGR(2): evt(101)
11-21 18:49:02.360  4955  5307 D RILJ    : [3723]< SIM_IO IccIoResult sw1:0x90 sw2:0x0 [SUB0]
11-21 18:49:02.360  3623  3630 E RILD    : [G] TX: (M)SEC_CMD (S)SEC_RSIM_ACCESS (T)GET l:2c m:4f a:00 [ B2 00 10 A0 00 00 00 87 10 02 FF 47 F0 01 89 00 00 01 FF CB 6F 02 00 3F FF 7F 00 00 00 00 00 00 00 00 01 04 10 ]
11-21 18:49:02.382  3623  3632 E RILD    : [G] RX: (M)SEC_CMD (S)SEC_RSIM_ACCESS (T)RESP l:1a m:8a a:4f [ 90 00 10 FF 00 FF FF FF FF FF FF FF FF FF FF FF FF FF FF ]
11-21 18:49:02.382  3623  3630 E RILD    : SIM-MGR(2): evt(201)
11-21 18:49:02.382  3623  3630 E RILD    : RequestComplete - req : 28, peek : 28
11-21 18:49:02.383  3623  3631 E RILD    : DoRouteOut - FW reqId : 28
11-21 18:49:02.383  3623  3631 E RILD    : Onprocessing: request id(28), handleEvent(101)
11-21 18:49:02.383  3623  3630 E RILD    : SIM-MGR(2): evt(101)
11-21 18:49:02.383  3623  3630 E RILD    : [G] TX: (M)SEC_CMD (S)SEC_RSIM_ACCESS (T)GET l:2c m:50 a:00 [ B0 00 10 A0 00 00 00 87 10 02 FF 47 F0 01 89 00 00 01 FF 46 6F 02 00 3F FF 7F 00 00 00 00 00 00 00 00 00 00 11 ]
11-21 18:49:02.384  4955  5307 D RILJ    : [3725]< SIM_IO IccIoResult sw1:0x90 sw2:0x0 [SUB0]
11-21 18:49:02.403  3623  3632 E RILD    : [G] RX: (M)SEC_CMD (S)SEC_RSIM_ACCESS (T)RESP l:1b m:8b a:50 [ 90 00 11 00 50 65 72 73 6F 6E 61 6C FF FF FF FF FF FF FF FF ]
11-21 18:49:02.404  3623  3630 E RILD    : SIM-MGR(2): evt(201)
11-21 18:49:02.405  4955  5307 D RILJ    : [3726]< SIM_IO IccIoResult sw1:0x90 sw2:0x0 [SUB0]
11-21 18:49:02.405  3623  3630 E RILD    : RequestComplete - req : 28, peek : 28
11-21 18:49:02.406  3623  3631 E RILD    : DoRouteOut - FW reqId : 28
11-21 18:49:02.406  3623  3631 E RILD    : Onprocessing: request id(28), handleEvent(101)
11-21 18:49:02.406  3623  3630 E RILD    : SIM-MGR(2): evt(101)
11-21 18:49:02.406  3623  3630 E RILD    : [G] TX: (M)SEC_CMD (S)SEC_RSIM_ACCESS (T)GET l:2c m:51 a:00 [ B0 00 10 A0 00 00 00 87 10 02 FF 47 F0 01 89 00 00 01 FF CD 6F 02 00 3F FF 7F 00 00 00 00 00 00 00 00 00 00 40 ]
11-21 18:49:02.423  4955  4955 D SIMRecords: [SIMRecords] onRecordLoaded 12 requested: true
11-21 18:49:02.431  3623  3632 E RILD    : [G] RX: (M)SEC_CMD (S)SEC_RSIM_ACCESS (T)RESP l:4a m:8c a:51 [ 90 00 40 FF FF FF FF FF FF FF FF FF FF FF FF FF FF FF FF FF FF FF FF FF FF FF FF FF FF FF FF FF FF FF FF FF FF FF FF FF FF FF FF FF FF FF FF FF FF FF FF FF FF FF FF FF FF FF FF FF FF FF FF FF FF FF FF ]
11-21 18:49:02.432  3623  3630 E RILD    : SIM-MGR(2): evt(201)
11-21 18:49:02.432  3623  3630 E RILD    : RequestComplete - req : 28, peek : 28
11-21 18:49:02.432  3623  3631 E RILD    : DoRouteOut - FW reqId : 28
11-21 18:49:02.432  3623  3631 E RILD    : Onprocessing: request id(28), handleEvent(101)
11-21 18:49:02.432  4955  5307 D RILJ    : [3727]< SIM_IO IccIoResult sw1:0x90 sw2:0x0 [SUB0]
11-21 18:49:02.432  3623  3630 E RILD    : SIM-MGR(2): evt(101)
11-21 18:49:02.432  3623  3630 E RILD    : [G] TX: (M)SEC_CMD (S)SEC_RSIM_ACCESS (T)GET l:2c m:52 a:00 [ B2 00 10 A0 00 00 00 87 10 02 FF 47 F0 01 89 00 00 01 FF C5 6F 02 00 3F FF 7F 00 00 00 00 00 00 00 00 01 04 22 ]
11-21 18:49:02.443  4955  4955 D SIMRecords: [SIMRecords] EF_MWIS : 0000000000
11-21 18:49:02.443  4955  4955 D SIMRecords: [SIMRecords] onRecordLoaded 11 requested: true
11-21 18:49:02.443  4955  4955 D SIMRecords: [SIMRecords] EF_CFIS: ff00ffffffffffffffffffffffffffff
11-21 18:49:02.443  4955  4955 D SIMRecords: [SIMRecords] onRecordLoaded 10 requested: true
11-21 18:49:02.443  4955  4955 D SIMRecords: [SIMRecords] getServiceProviderName: no brandOverride, providerName=Personal
11-21 18:49:02.443  4955  4955 D SIMRecords: [SIMRecords] Load EF_SPN: Personal spnDisplayCondition: 0
11-21 18:49:02.443  4955  4955 D TelephonyManager: setTelephonyProperty: success phoneId=0 property=gsm.sim.operator.alpha value: Personal propVal=Personal
11-21 18:49:02.445  4955  4955 D SIMRecords: [SIMRecords] onRecordLoaded 9 requested: true
11-21 18:49:02.445  4955  4955 D SIMRecords: [SIMRecords] onRecordLoaded 8 requested: true
11-21 18:49:02.448  4955  4975 D DCT     : [0]fetchDunApn: net.tethering.noprovisioning=true ret: null
11-21 18:49:02.448  4955  4975 D DCT     : [0]hasMatchedTetherApnSetting: APN=null
11-21 18:49:02.456  3623  3632 E RILD    : [G] RX: (M)SEC_CMD (S)SEC_RSIM_ACCESS (T)RESP l:2c m:8d a:52 [ 90 00 22 FF FF FF FF FF FF FF FF FF FF FF FF FF FF FF FF FF FF FF FF FF FF FF FF FF FF FF FF FF FF FF FF FF FF ]
11-21 18:49:02.456  3623  3630 E RILD    : SIM-MGR(2): evt(201)
11-21 18:49:02.456  3623  3630 E RILD    : RequestComplete - req : 28, peek : 28
11-21 18:49:02.457  4955  5307 D RILJ    : [3728]< SIM_IO IccIoResult sw1:0x90 sw2:0x0 [SUB0]
11-21 18:49:02.457  4955  4955 D SIMRecords: [SIMRecords] onRecordLoaded 7 requested: true
11-21 18:49:02.457  3623  3631 E RILD    : DoRouteOut - FW reqId : 28
11-21 18:49:02.457  3623  3631 E RILD    : Onprocessing: request id(28), handleEvent(101)
11-21 18:49:02.458  3623  3630 E RILD    : SIM-MGR(2): evt(101)
11-21 18:49:02.458  3623  3630 E RILD    : [G] TX: (M)SEC_CMD (S)SEC_RSIM_ACCESS (T)GET l:2c m:53 a:00 [ B0 00 10 A0 00 00 00 87 10 02 FF 47 F0 01 89 00 00 01 FF 38 6F 02 00 3F FF 7F 00 00 00 00 00 00 00 00 00 00 07 ]
11-21 18:49:02.462  3623  3632 E RILD    : [G] RX: (M)SEC_CMD (S)SEC_RSIM_ACCESS (T)RESP l:11 m:8e a:53 [ 90 00 07 0E 6A 1F 3C 63 C6 59 ]
11-21 18:49:02.462  3623  3630 E RILD    : SIM-MGR(2): evt(201)
11-21 18:49:02.462  3623  3630 E RILD    : SetServiceTableInfo: SstLoaded
11-21 18:49:02.463  3623  3630 E RILD    : RequestComplete - req : 28, peek : 28
11-21 18:49:02.463  3623  3631 E RILD    : DoRouteOut - FW reqId : 28
11-21 18:49:02.463  3623  3631 E RILD    : Onprocessing: request id(28), handleEvent(101)
11-21 18:49:02.463  3623  3630 E RILD    : SIM-MGR(2): evt(101)
11-21 18:49:02.463  4955  5307 D RILJ    : [3729]< SIM_IO IccIoResult sw1:0x90 sw2:0x0 [SUB0]
11-21 18:49:02.463  3623  3630 E RILD    : [G] TX: (M)SEC_CMD (S)SEC_RSIM_ACCESS (T)GET l:2c m:54 a:00 [ B0 00 10 A0 00 00 00 87 10 02 FF 47 F0 01 89 00 00 01 FF 3E 6F 02 00 3F FF 7F 00 00 00 00 00 00 00 00 00 00 04 ]
11-21 18:49:02.465  4955  4955 D SIMRecords: [SIMRecords] SST: UsimServiceTable[56]={ FDN, FDN_EXTENSION, SDN, SM_STORAGE, SM_SERVICE_PARAMS, CAP_CONFIG_PARAMS_2, CB_MESSAGE_ID, GROUP_ID_LEVEL_1, GROUP_ID_LEVEL_2, SPN, USER_PLMN_SELECT, MSISDN, GSM_ACCESS, DATA_DL_VIA_SMS_PP, DATA_DL_VIA_SMS_CB, CALL_CONTROL_BY_USIM, IGNORED_1, ENABLED_SERVICES_TABLE, GSM_SECURITY_CONTEXT, CPBCCH_INFO, OPERATOR_PLMN_SELECT, HPLMN_SELECT, MBDN, MWI_STATUS, CFI_STATUS, MMS_NOTIFICATION, MMS_NOTIFICATION_EXTENSION, MMS_CONNECTIVITY_PARAMS }
11-21 18:49:02.466  4955  4955 D SIMRecords: [SIMRecords] onRecordLoaded 6 requested: true
11-21 18:49:02.483  3623  3632 E RILD    : [G] RX: (M)SEC_CMD (S)SEC_RSIM_ACCESS (T)RESP l:e m:8f a:54 [ 90 00 04 FF FF FF FF ]
11-21 18:49:02.483  3623  3630 E RILD    : SIM-MGR(2): evt(201)
11-21 18:49:02.483  3623  3630 E RILD    : RequestComplete - req : 28, peek : 28
11-21 18:49:02.484  3623  3631 E RILD    : DoRouteOut - FW reqId : 28
11-21 18:49:02.484  3623  3631 E RILD    : Onprocessing: request id(28), handleEvent(101)
11-21 18:49:02.484  4955  5307 D RILJ    : [3730]< SIM_IO IccIoResult sw1:0x90 sw2:0x0 [SUB0]
