09-28 00:37:12.478  3204  3204 V audio_hw_primary_abox: primary_out-add_audio_usage: Added Audio Stream into Audio Usage list!
09-28 00:37:12.478  3204  3204 D audio_hw_primary_abox: device-adev_open_output_stream: Opened primary_out stream
09-28 00:37:12.478  3204  3204 V audio_hw_primary_abox: primary_out-out_get_format: exit with audio format = 0x1
09-28 00:37:12.478  3204  3204 V audio_hw_primary_abox: primary_out-out_get_channels: exit with channel mask = 0x3
09-28 00:37:12.478  3204  3204 V audio_hw_primary_abox: primary_out-out_get_sample_rate: exit with sample rate = 48000
09-28 00:37:12.478  3204  3204 V audio_hw_primary_abox: primary_out-out_get_channels: exit with channel mask = 0x3
09-28 00:37:12.478  3204  3204 V audio_hw_primary_abox: primary_out-out_get_format: exit with audio format = 0x1
09-28 00:37:12.478  3204  3204 V audio_hw_primary_abox: primary_out-out_get_format: exit with audio format = 0x1
09-28 00:37:12.478  3204  3204 V audio_hw_primary_abox: primary_out-out_get_format: exit with audio format = 0x1
09-28 00:37:12.478  3204  3204 V audio_hw_primary_abox: primary_out-out_get_channels: exit with channel mask = 0x3
09-28 00:37:12.478  3204  3204 V audio_hw_primary_abox: primary_out-out_get_buffer_size: Period Size = 960, Frame Size = 4
09-28 00:37:12.478  3204  3204 V audio_hw_primary_abox: primary_out-out_get_format: exit with audio format = 0x1
09-28 00:37:12.478  3204  3204 V audio_hw_primary_abox: primary_out-out_get_channels: exit with channel mask = 0x3
09-28 00:37:12.478  3204  3204 I AudioFlinger: HAL output buffer size 960 frames, normal sink buffer size 960 frames
09-28 00:37:12.475  3081  3081 W auditd  : type=1325 audit(0.0:59): table=filter family=10 entries=28
09-28 00:37:12.475  3081  3081 W auditd  : type=1320 audit(0.0:59): 
09-28 00:37:12.487  3081  3081 W auditd  : type=1325 audit(0.0:60): table=filter family=2 entries=30
09-28 00:37:12.487  3081  3081 W auditd  : type=1320 audit(0.0:60): 
09-28 00:37:12.489  3090  3163 I TeeRegistryUpdate: Exiting registry update open thread [hardware/samsung_slsi/exynos8895/mobicore_kinibi400/Daemon/src/RegistryUpdate.cpp:143]
09-28 00:37:12.491  3081  3081 W auditd  : type=1325 audit(0.0:61): table=filter family=10 entries=30
09-28 00:37:12.491  3081  3081 W auditd  : type=1320 audit(0.0:61): 
09-28 00:37:12.523  3081  3081 W auditd  : type=1325 audit(0.0:62): table=filter family=2 entries=31
09-28 00:37:12.523  3081  3081 W auditd  : type=1320 audit(0.0:62): 
09-28 00:37:12.527  3081  3081 W auditd  : type=1325 audit(0.0:63): table=filter family=10 entries=31
09-28 00:37:12.527  3081  3081 W auditd  : type=1320 audit(0.0:63): 
09-28 00:37:12.535  3081  3081 W auditd  : type=1325 audit(0.0:64): table=filter family=2 entries=33
09-28 00:37:12.535  3081  3081 W auditd  : type=1320 audit(0.0:64): 
09-28 00:37:12.539  3081  3081 W auditd  : type=1325 audit(0.0:65): table=filter family=10 entries=33
09-28 00:37:12.539  3081  3081 W auditd  : type=1320 audit(0.0:65): 
09-28 00:37:12.575  3081  3081 W auditd  : type=1325 audit(0.0:66): table=raw family=2 entries=3
09-28 00:37:12.575  3081  3081 W auditd  : type=1320 audit(0.0:66): 
09-28 00:37:12.579  3081  3081 W auditd  : type=1325 audit(0.0:67): table=raw family=10 entries=3
09-28 00:37:12.579  3081  3081 W auditd  : type=1320 audit(0.0:67): 
09-28 00:37:12.583  3081  3081 W auditd  : type=1325 audit(0.0:68): table=raw family=2 entries=5
09-28 00:37:12.583  3081  3081 W auditd  : type=1320 audit(0.0:68): 
09-28 00:37:12.614  3204  3204 W EffectsFactory: loadLibrary() failed to open /system/lib/libmyspaceplus.so
09-28 00:37:12.644  3204  3204 W EffectsFactory: loadEffect() could not get library myspaceplus
09-28 00:37:12.644  3204  3204 W EffectsFactory: loadEffect() could not get library myspaceplus
09-28 00:37:12.644  3204  3204 W EffectsFactory: loadEffect() could not get library myspaceplus
09-28 00:37:12.644  3204  3204 I BufferProvider: found effect "Multichannel Downmix To Stereo" from The Android Open Source Project
09-28 00:37:12.644  3204  3204 V audio_hw_primary_abox: primary_out-out_get_format: exit with audio format = 0x1
09-28 00:37:12.644  3204  3204 V audio_hw_primary_abox: primary_out-out_get_channels: exit with channel mask = 0x3
09-28 00:37:12.644  3204  3204 V audio_hw_primary_abox: primary_out-out_get_buffer_size: Period Size = 960, Frame Size = 4
09-28 00:37:12.644  3204  3204 V audio_hw_primary_abox: primary_out-out_get_format: exit with audio format = 0x1
09-28 00:37:12.644  3204  3204 V audio_hw_primary_abox: primary_out-out_get_channels: exit with channel mask = 0x3
09-28 00:37:12.644  3204  3204 V audio_hw_primary_abox: primary_out-out_get_format: exit with audio format = 0x1
09-28 00:37:12.644  3204  3204 V audio_hw_primary_abox: primary_out-out_get_sample_rate: exit with sample rate = 48000
09-28 00:37:12.644  3204  3204 V audio_hw_primary_abox: primary_out-out_get_channels: exit with channel mask = 0x3
09-28 00:37:12.645  3204  3204 I AudioFlinger: Using module 10 has the primary audio interface
09-28 00:37:12.645  3204  3204 D audio_hw_primary_abox: device-adev_set_mode: enter with mode = 0, previous mode = 0
09-28 00:37:12.645  3204  3204 D audio_hw_primary_abox: device-adev_set_mode: exit
09-28 00:37:12.646  3204  3457 I AudioFlinger: AudioFlinger's thread 0xf6203cc0 ready to run
09-28 00:37:12.646  3204  3457 W BatteryNotifier: batterystats service unavailable!
09-28 00:37:12.647  3204  3457 D audio_hw_primary_abox: primary_out-out_set_parameters: enter with param = routing=2
09-28 00:37:12.647  3204  3457 D audio_hw_primary_abox: primary_out-out_set_parameters: Requested to change route from 0x2 to 0x2
09-28 00:37:12.647  3204  3457 D audio_hw_primary_abox: primary_out-out_set_parameters: exit
09-28 00:37:12.647  3204  3457 V audio_hw_primary_abox: primary_out-out_standby: enter
09-28 00:37:12.647  3204  3457 V audio_hw_primary_abox: primary_out-out_standby: exit
09-28 00:37:12.647  3204  3457 W BatteryNotifier: batterystats service unavailable!
09-28 00:37:12.647  3204  3265 D audio_hw_primary_abox: device-adev_set_voice_volume: enter with volume level(1.000000)
09-28 00:37:12.647  3204  3265 D audio_hw_primary_abox: device-adev_set_voice_volume: exit
09-28 00:37:12.647  3204  3457 W BatteryNotifier: batterystats service unavailable!
09-28 00:37:12.647  3204  3457 W AudioFlinger: no wake lock to update, system not ready yet
09-28 00:37:12.649  3204  3204 I AudioFlinger: openOutput(), module 10 Device 2, SamplingRate 48000, Format 0x000001, Channels 3, flags 4
09-28 00:37:12.649  3204  3204 D audio_hw_primary_abox: device-adev_open_output_stream: enter: io_handle (21), sample_rate(48000) channel_mask(0x3) devices(0x2) flags(0x4)
09-28 00:37:12.649  3204  3204 D audio_hw_primary_abox: device-adev_open_output_stream: Requested open fast output
09-28 00:37:12.649  3204  3204 I audio_hw_primary_abox: Check PCM Channel Count: Default(2), Request(2)
09-28 00:37:12.649  3204  3204 I audio_hw_primary_abox: Check PCM Smapling Rate: Default(48000), Request(48000)
09-28 00:37:12.649  3204  3204 I audio_hw_primary_abox: Check PCM Format: Default(0), Request(0)
09-28 00:37:12.649  3204  3204 I audio_hw_primary_abox: fast_out-adev_open_output_stream: Transit to Standby
09-28 00:37:12.649  3204  3204 D PostProcessConvertor: PostProcessConvertorInit ++ OSR 192000, ISR 48000, CC 2, OBW 4, IBW 1 
09-28 00:37:12.649  3204  3204 D SoundAliveResampler: [SoundAliveResampler] Init+++
09-28 00:37:12.649  3204  3204 V audio_hw_primary_abox: fast_out-add_audio_usage: Added Audio Stream into Audio Usage list!
09-28 00:37:12.649  3204  3204 D audio_hw_primary_abox: device-adev_open_output_stream: Opened fast_out stream
09-28 00:37:12.649  3204  3204 V audio_hw_primary_abox: fast_out-out_get_format: exit with audio format = 0x1
09-28 00:37:12.649  3204  3204 V audio_hw_primary_abox: fast_out-out_get_channels: exit with channel mask = 0x3
09-28 00:37:12.649  3204  3204 V audio_hw_primary_abox: fast_out-out_get_sample_rate: exit with sample rate = 48000
09-28 00:37:12.649  3204  3204 V audio_hw_primary_abox: fast_out-out_get_channels: exit with channel mask = 0x3
09-28 00:37:12.649  3204  3204 V audio_hw_primary_abox: fast_out-out_get_format: exit with audio format = 0x1
09-28 00:37:12.649  3204  3204 V audio_hw_primary_abox: fast_out-out_get_format: exit with audio format = 0x1
09-28 00:37:12.649  3204  3204 V audio_hw_primary_abox: fast_out-out_get_format: exit with audio format = 0x1
09-28 00:37:12.649  3204  3204 V audio_hw_primary_abox: fast_out-out_get_channels: exit with channel mask = 0x3
09-28 00:37:12.649  3204  3204 V audio_hw_primary_abox: fast_out-out_get_buffer_size: Period Size = 192, Frame Size = 4
09-28 00:37:12.649  3204  3204 V audio_hw_primary_abox: fast_out-out_get_format: exit with audio format = 0x1
09-28 00:37:12.649  3204  3204 V audio_hw_primary_abox: fast_out-out_get_channels: exit with channel mask = 0x3
09-28 00:37:12.649  3204  3204 I AudioFlinger: HAL output buffer size 192 frames, normal sink buffer size 960 frames
09-28 00:37:12.649  3204  3204 V audio_hw_primary_abox: fast_out-out_get_format: exit with audio format = 0x1
09-28 00:37:12.649  3204  3204 V audio_hw_primary_abox: fast_out-out_get_channels: exit with channel mask = 0x3
09-28 00:37:12.649  3204  3204 V audio_hw_primary_abox: fast_out-out_get_buffer_size: Period Size = 192, Frame Size = 4
09-28 00:37:12.649  3204  3204 V audio_hw_primary_abox: fast_out-out_get_format: exit with audio format = 0x1
09-28 00:37:12.649  3204  3204 V audio_hw_primary_abox: fast_out-out_get_channels: exit with channel mask = 0x3
09-28 00:37:12.649  3204  3204 V audio_hw_primary_abox: fast_out-out_get_format: exit with audio format = 0x1
09-28 00:37:12.649  3204  3204 V audio_hw_primary_abox: fast_out-out_get_sample_rate: exit with sample rate = 48000
09-28 00:37:12.649  3204  3204 V audio_hw_primary_abox: fast_out-out_get_channels: exit with channel mask = 0x3
09-28 00:37:12.650  3204  3460 I AudioFlinger: AudioFlinger's thread 0xf5c83800 ready to run
09-28 00:37:12.650  3204  3460 W BatteryNotifier: batterystats service unavailable!
09-28 00:37:12.650  3204  3460 D audio_hw_primary_abox: fast_out-out_set_parameters: enter with param = routing=2
09-28 00:37:12.650  3204  3460 D audio_hw_primary_abox: fast_out-out_set_parameters: Requested to change route from 0x2 to 0x2
09-28 00:37:12.650  3204  3460 D audio_hw_primary_abox: fast_out-out_set_parameters: exit
09-28 00:37:12.650  3204  3460 V audio_hw_primary_abox: fast_out-out_standby: enter
09-28 00:37:12.650  3204  3460 V audio_hw_primary_abox: fast_out-out_standby: exit
09-28 00:37:12.650  3204  3460 W BatteryNotifier: batterystats service unavailable!
09-28 00:37:12.651  3204  3460 W BatteryNotifier: batterystats service unavailable!
09-28 00:37:12.651  3204  3460 W AudioFlinger: no wake lock to update, system not ready yet
09-28 00:37:12.651  3204  3204 D audio_hw_primary_abox: device-adev_open_input_stream: enter: io_handle (14), sample_rate(48000) channel_mask(0xc) devices(0x80000004) flags(0) source(1)
09-28 00:37:12.651  3204  3204 I audio_hw_primary_abox: device-adev_open_input_stream: requested input samplerate decides audio path of csvt and vowifi, sample_rate = 48000
09-28 00:37:12.651  3204  3204 D audio_hw_primary_abox: device-adev_open_input_stream: Requested open Primary input
09-28 00:37:12.651  3204  3204 I audio_hw_primary_abox: is_voice_wakeup : ret =  0  , wakeup_baby_cry_enabled = 0  ,  wakeup_mic_enabled = 0 
09-28 00:37:12.651  3204  3204 I audio_hw_primary_abox: primary_in-adev_open_input_stream: Transit to Standby
09-28 00:37:12.651  3204  3204 V audio_hw_primary_abox: primary_in-add_audio_usage: Added Audio Stream into Audio Usage list!
09-28 00:37:12.651  3204  3204 D audio_hw_primary_abox: adev_open_input_stream: preprocessing_latency = 0
09-28 00:37:12.651  3204  3204 I audio_hw_primary_abox: adev_open_input_stream: input is null, set new input stream
09-28 00:37:12.651  3204  3204 D audio_hw_primary_abox: device-adev_open_input_stream: Opened primary_in stream
09-28 00:37:12.652  3204  3462 I AudioFlinger: AudioFlinger's thread 0xf5983d00 ready to run
09-28 00:37:12.652  3204  3204 D audio_hw_primary_abox: device-adev_close_input_stream: enter with Audio Usage(primary_in)
09-28 00:37:12.652  3204  3204 V audio_hw_primary_abox: stop_voice_note_recording
09-28 00:37:12.652  3204  3204 D audio_hw_primary_abox: primary_in-in_standby: enter
09-28 00:37:12.652  3204  3204 D audio_hw_primary_abox: primary_in-in_standby: exit
09-28 00:37:12.652  3204  3204 V audio_hw_primary_abox: primary_in-remove_audio_usage: Removed Audio Usage from Audio Usage list!
09-28 00:37:12.652  3204  3204 E audio_hw_primary_abox: adev_close_input_stream, set jack_in to null
09-28 00:37:12.652  3204  3204 D audio_hw_primary_abox: device-adev_close_input_stream: Closed primary_in stream
09-28 00:37:12.662  3204  3204 I bt_a2dp_hw: adev_open:  adev_open in A2dp_hw module
09-28 00:37:12.662  3204  3204 I AudioFlinger: loadHwModule() Loaded a2dp audio interface from A2DP Audio HW HAL (audio) handle 18
09-28 00:37:12.663  3204  3204 I r_submix: adev_open(name=audio_hw_if)
09-28 00:37:12.663  3204  3204 I r_submix: adev_init_check()
09-28 00:37:12.663  3204  3204 I AudioFlinger: loadHwModule() Loaded r_submix audio interface from Wifi Display audio HAL (audio) handle 26
09-28 00:37:12.663  3204  3204 D r_submix: adev_open_input_stream(addr=0)
09-28 00:37:12.663  3204  3204 D r_submix: submix_audio_device_create_pipe_l(addr=0, idx=9)
09-28 00:37:12.663  3204  3204 D r_submix:   now using address 0 for route 9
09-28 00:37:12.664  3204  3465 I AudioFlinger: AudioFlinger's thread 0xf5903340 ready to run
09-28 00:37:12.664  3204  3204 D r_submix: adev_close_input_stream()
09-28 00:37:12.664  3204  3204 D r_submix: submix_audio_device_release_pipe_l(idx=9) addr=0
09-28 00:37:12.664  3204  3204 D r_submix: submix_audio_device_destroy_pipe_l(): pipe destroyed
09-28 00:37:12.664  3204  3265 D audio_hw_primary_abox: device-adev_set_parameters: enter with key(support_output_device=3)
09-28 00:37:12.664  3204  3265 I audio_hw_primary_abox: support output @audio_hw 3
09-28 00:37:12.664  3204  3265 I audio_hw_primary_abox: support reciever @audio_hw
09-28 00:37:12.664  3204  3265 D audio_hw_primary_abox: device-adev_set_parameters: exit
09-28 00:37:12.665  3204  3265 D audio_hw_primary_abox: device-adev_set_parameters: enter with key(support_input_device=-2145386044)
09-28 00:37:12.665  3204  3265 I audio_hw_primary_abox: support input @audio_hw -2145386044
09-28 00:37:12.665  3204  3265 I audio_hw_primary_abox: support backmic @audio_hw
09-28 00:37:12.665  3204  3265 I audio_hw_primary_abox: support thirdmic @audio_hw
09-28 00:37:12.665  3204  3265 D audio_hw_primary_abox: device-adev_set_parameters: exit
09-28 00:37:12.665  3204  3204 W VolumeCustomizer: createVolumeTable device=0
09-28 00:37:12.665  3204  3204 D AudioInfo: can not find AudioDataPath for fileName:/Volume.data
09-28 00:37:12.665  3204  3204 D VolumeCustomizer: volume tuning file does NOT exist!!! use default VolumeTable
09-28 00:37:12.665  3204  3204 W VolumeCustomizer: createVolumeTable device=1
09-28 00:37:12.665  3204  3204 D VolumeCustomizer: volume tuning file does NOT exist!!! use default VolumeTable
09-28 00:37:12.665  3204  3204 W VolumeCustomizer: createVolumeTable device=2
09-28 00:37:12.665  3204  3204 D VolumeCustomizer: volume tuning file does NOT exist!!! use default VolumeTable
09-28 00:37:12.665  3204  3204 W VolumeCustomizer: createVolumeTable device=3
09-28 00:37:12.665  3204  3204 D VolumeCustomizer: volume tuning file does NOT exist!!! use default VolumeTable
09-28 00:37:12.665  3204  3204 W VolumeCustomizer: createVolumeTable device=4
09-28 00:37:12.665  3204  3204 D VolumeCustomizer: volume tuning file does NOT exist!!! use default VolumeTable
09-28 00:37:12.665  3204  3204 W VolumeCustomizer: createVolumeTable device=5
09-28 00:37:12.665  3204  3204 D VolumeCustomizer: volume tuning file does NOT exist!!! use default VolumeTable
09-28 00:37:12.665  3204  3204 W VolumeCustomizer: createVolumeTable device=6
09-28 00:37:12.665  3204  3204 D VolumeCustomizer: volume tuning file does NOT exist!!! use default VolumeTable
09-28 00:37:12.665  3204  3265 D audio_hw_primary_abox: device-adev_set_parameters: enter with key(FixedRingVol=0.0354813375;FixedRingVolBt=0.0999999940)
09-28 00:37:12.665  3204  3265 D audio_hw_primary_abox: device-adev_set_parameters: exit
09-28 00:37:12.665  3204  3204 I APM_AudioPolicyManager: ENFORCED_AUDIBLE cannot be muted
09-28 00:37:12.665  3204  3265 D audio_hw_primary_abox: device-adev_set_parameters: enter with key(mCameraForced)
09-28 00:37:12.665  3204  3265 D audio_hw_primary_abox: device-adev_set_parameters: exit
09-28 00:37:12.665  3204  3204 I APM_AudioPolicyManager: Set the flinger 'ro.camera.sound.forced
09-28 00:37:12.666  3204  3204 I RadioService: RadioService
09-28 00:37:12.666  3204  3204 I RadioService: onFirstRef
09-28 00:37:12.666  3204  3204 E RadioService: couldn't load radio module radio.primary (No such file or directory)
09-28 00:37:12.667  3204  3204 E SoundTriggerHwService: couldn't load sound trigger module sound_trigger.primary (No such file or directory)
09-28 00:37:12.770  3199  3199 D wrapperGPS: wrapperConnect_RILD
09-28 00:37:12.773  3184  3184 D SurfaceFlinger: SF. shader cache generated - 26 shaders in 919.280029 ms
09-28 00:37:12.775  3184  3184 D SurfaceFlinger: Set power mode=2, type=0 flinger=0x7faac48000
09-28 00:37:12.911  3213  3213 V NatController: runCmd(/system/bin/iptables -w -F natctrl_FORWARD) res=0
09-28 00:37:12.915  3213  3213 V NatController: runCmd(/system/bin/ip6tables -w -F natctrl_FORWARD) res=0
09-28 00:37:12.919  3213  3213 V NatController: runCmd(/system/bin/iptables -w -A natctrl_FORWARD -j DROP) res=0
09-28 00:37:12.923  3213  3213 V NatController: runCmd(/system/bin/iptables -w -t nat -F natctrl_nat_POSTROUTING) res=0
09-28 00:37:12.927  3213  3213 V NatController: runCmd(/system/bin/ip6tables -w -t raw -F natctrl_raw_PREROUTING) res=0
09-28 00:37:12.931  3213  3213 V NatController: runCmd(/system/bin/iptables -w -F natctrl_tether_counters) res=1
09-28 00:37:12.934  3213  3213 V NatController: runCmd(/system/bin/ip6tables -w -F natctrl_tether_counters) res=1
09-28 00:37:12.938  3213  3213 V NatController: runCmd(/system/bin/iptables -w -X natctrl_tether_counters) res=1
09-28 00:37:12.942  3213  3213 V NatController: runCmd(/system/bin/ip6tables -w -X natctrl_tether_counters) res=1
09-28 00:37:12.946  3213  3213 V NatController: runCmd(/system/bin/iptables -w -N natctrl_tether_counters) res=0
09-28 00:37:12.950  3213  3213 V NatController: runCmd(/system/bin/ip6tables -w -N natctrl_tether_counters) res=0
09-28 00:37:12.954  3213  3213 V NatController: runCmd(/system/bin/iptables -w -t mangle -A natctrl_mangle_FORWARD -p tcp --tcp-flags SYN SYN -j TCPMSS --clamp-mss-to-pmtu) res=0
09-28 00:37:13.000  3496  3550 D libEGL  : loaded /vendor/lib64/egl/libGLES_mali.so
09-28 00:37:13.010  3496  3550 D mali_winsys: EGLint new_window_surface(egl_winsys_display*, void*, EGLSurface, EGLConfig, egl_winsys_surface**, egl_color_buffer_format*, EGLBoolean) returns 0x3000,  [1440x2960]-format:2
09-28 00:37:13.015  3213  3213 E Netd    : cannot find interface dummy0
09-28 00:37:13.015  3213  3213 D MDnsDS  : MDnsSdListener::Hander starting up
09-28 00:37:13.015  3213  3571 D MDnsDS  : MDnsSdListener starting to monitor
09-28 00:37:13.015  3213  3571 D MDnsDS  : Going to poll with pollCount 1
09-28 00:37:13.049  3198  3198 I lhd     : Lhd::LHD Init took 1.372s
09-28 00:37:13.095  3196  3225 D Sensorhubs: readEvents: 2, 1, -43, 1
09-28 00:37:13.771  3199  3199 D wrapperGPS: wrapperConnect_RILD
09-28 00:37:14.404  3388  3388 W dex2oat : Before Android 4.1, method double java.util.concurrent.ThreadLocalRandom.internalNextDouble(double, double) would have incorrectly overridden the package-private method in java.util.Random
09-28 00:37:14.404  3388  3388 W dex2oat : Before Android 4.1, method int java.util.concurrent.ThreadLocalRandom.internalNextInt(int, int) would have incorrectly overridden the package-private method in java.util.Random
09-28 00:37:14.404  3388  3388 W dex2oat : Before Android 4.1, method long java.util.concurrent.ThreadLocalRandom.internalNextLong(long, long) would have incorrectly overridden the package-private method in java.util.Random
09-28 00:37:14.426  3383  3599 W dex2oat : Before Android 4.1, method double java.util.concurrent.ThreadLocalRandom.internalNextDouble(double, double) would have incorrectly overridden the package-private method in java.util.Random
09-28 00:37:14.426  3383  3599 W dex2oat : Before Android 4.1, method int java.util.concurrent.ThreadLocalRandom.internalNextInt(int, int) would have incorrectly overridden the package-private method in java.util.Random
09-28 00:37:14.426  3383  3599 W dex2oat : Before Android 4.1, method long java.util.concurrent.ThreadLocalRandom.internalNextLong(long, long) would have incorrectly overridden the package-private method in java.util.Random
09-28 00:37:14.634  3388  3595 W dex2oat : Skipping class com.android.framework.protobuf.nano.CodedInputByteBufferNano from /system/framework/telephony-common.jar previously found in /system/framework/framework.jar:classes2.dex
09-28 00:37:14.634  3388  3388 W dex2oat : Skipping class com.android.framework.protobuf.nano.MessageNano from /system/framework/telephony-common.jar previously found in /system/framework/framework.jar:classes2.dex
09-28 00:37:14.634  3388  3596 W dex2oat : Skipping class com.android.framework.protobuf.nano.ExtendableMessageNano from /system/framework/telephony-common.jar previously found in /system/framework/framework.jar:classes2.dex
09-28 00:37:14.634  3388  3596 W dex2oat : Skipping class com.android.framework.protobuf.nano.InvalidProtocolBufferNanoException from /system/framework/telephony-common.jar previously found in /system/framework/framework.jar:classes2.dex
09-28 00:37:14.634  3388  3595 W dex2oat : Skipping class com.android.framework.protobuf.nano.Extension from /system/framework/telephony-common.jar previously found in /system/framework/framework.jar:classes2.dex
09-28 00:37:14.634  3388  3595 W dex2oat : Skipping class com.android.framework.protobuf.nano.MessageNanoPrinter from /system/framework/telephony-common.jar previously found in /system/framework/framework.jar:classes2.dex
09-28 00:37:14.634  3388  3595 W dex2oat : Skipping class com.android.framework.protobuf.nano.UnknownFieldData from /system/framework/telephony-common.jar previously found in /system/framework/framework.jar:classes2.dex
09-28 00:37:14.634  3388  3595 W dex2oat : Skipping class com.android.framework.protobuf.nano.WireFormatNano from /system/framework/telephony-common.jar previously found in /system/framework/framework.jar:classes2.dex
09-28 00:37:14.634  3388  3595 W dex2oat : Skipping class com.android.framework.protobuf.nano.android.ParcelableExtendableMessageNano from /system/framework/telephony-common.jar previously found in /system/framework/framework.jar:classes2.dex
09-28 00:37:14.634  3388  3595 W dex2oat : Skipping class com.android.framework.protobuf.nano.android.ParcelableMessageNano from /system/framework/telephony-common.jar previously found in /system/framework/framework.jar:classes2.dex
09-28 00:37:14.634  3388  3596 W dex2oat : Skipping class com.android.framework.protobuf.nano.android.ParcelableMessageNanoCreator from /system/framework/telephony-common.jar previously found in /system/framework/framework.jar:classes2.dex
09-28 00:37:14.634  3388  3598 W dex2oat : Skipping class com.android.framework.protobuf.nano.Extension$PrimitiveExtension from /system/framework/telephony-common.jar previously found in /system/framework/framework.jar:classes2.dex
09-28 00:37:14.634  3388  3603 W dex2oat : Skipping class com.android.framework.protobuf.nano.FieldData from /system/framework/telephony-common.jar previously found in /system/framework/framework.jar:classes2.dex
09-28 00:37:14.635  3388  3388 W dex2oat : Skipping class com.android.framework.protobuf.nano.FieldArray from /system/framework/telephony-common.jar previously found in /system/framework/framework.jar:classes2.dex
09-28 00:37:14.635  3388  3593 W dex2oat : Skipping class com.android.framework.protobuf.nano.CodedOutputByteBufferNano from /system/framework/telephony-common.jar previously found in /system/framework/framework.jar:classes2.dex
09-28 00:37:14.635  3388  3605 W dex2oat : Skipping class com.android.framework.protobuf.nano.InternalNano from /system/framework/telephony-common.jar previously found in /system/framework/framework.jar:classes2.dex
09-28 00:37:14.635  3388  3600 W dex2oat : Skipping class com.android.framework.protobuf.nano.CodedOutputByteBufferNano$OutOfSpaceException from /system/framework/telephony-common.jar previously found in /system/framework/framework.jar:classes2.dex
09-28 00:37:14.656  3383  3599 W dex2oat : Skipping class com.android.framework.protobuf.nano.CodedInputByteBufferNano from /system/framework/telephony-common.jar previously found in /system/framework/framework.jar:classes2.dex
09-28 00:37:14.656  3383  3597 W dex2oat : Skipping class com.android.framework.protobuf.nano.CodedOutputByteBufferNano$OutOfSpaceException from /system/framework/telephony-common.jar previously found in /system/framework/framework.jar:classes2.dex
09-28 00:37:14.656  3383  3601 W dex2oat : Skipping class com.android.framework.protobuf.nano.ExtendableMessageNano from /system/framework/telephony-common.jar previously found in /system/framework/framework.jar:classes2.dex
09-28 00:37:14.656  3383  3592 W dex2oat : Skipping class com.android.framework.protobuf.nano.Extension$PrimitiveExtension from /system/framework/telephony-common.jar previously found in /system/framework/framework.jar:classes2.dex
09-28 00:37:14.656  3383  3604 W dex2oat : Skipping class com.android.framework.protobuf.nano.FieldData from /system/framework/telephony-common.jar previously found in /system/framework/framework.jar:classes2.dex
09-28 00:37:14.656  3383  3383 W dex2oat : Skipping class com.android.framework.protobuf.nano.CodedOutputByteBufferNano from /system/framework/telephony-common.jar previously found in /system/framework/framework.jar:classes2.dex
09-28 00:37:14.656  3383  3604 W dex2oat : Skipping class com.android.framework.protobuf.nano.InvalidProtocolBufferNanoException from /system/framework/telephony-common.jar previously found in /system/framework/framework.jar:classes2.dex
09-28 00:37:14.656  3383  3592 W dex2oat : Skipping class com.android.framework.protobuf.nano.InternalNano from /system/framework/telephony-common.jar previously found in /system/framework/framework.jar:classes2.dex
09-28 00:37:14.656  3383  3601 W dex2oat : Skipping class com.android.framework.protobuf.nano.FieldArray from /system/framework/telephony-common.jar previously found in /system/framework/framework.jar:classes2.dex
09-28 00:37:14.656  3383  3597 W dex2oat : Skipping class com.android.framework.protobuf.nano.Extension from /system/framework/telephony-common.jar previously found in /system/framework/framework.jar:classes2.dex
09-28 00:37:14.656  3383  3601 W dex2oat : Skipping class com.android.framework.protobuf.nano.android.ParcelableExtendableMessageNano from /system/framework/telephony-common.jar previously found in /system/framework/framework.jar:classes2.dex
09-28 00:37:14.656  3383  3597 W dex2oat : Skipping class com.android.framework.protobuf.nano.android.ParcelableMessageNano from /system/framework/telephony-common.jar previously found in /system/framework/framework.jar:classes2.dex
09-28 00:37:14.656  3383  3601 W dex2oat : Skipping class com.android.framework.protobuf.nano.android.ParcelableMessageNanoCreator from /system/framework/telephony-common.jar previously found in /system/framework/framework.jar:classes2.dex
09-28 00:37:14.656  3383  3599 W dex2oat : Skipping class com.android.framework.protobuf.nano.MessageNano from /system/framework/telephony-common.jar previously found in /system/framework/framework.jar:classes2.dex
09-28 00:37:14.656  3383  3604 W dex2oat : Skipping class com.android.framework.protobuf.nano.UnknownFieldData from /system/framework/telephony-common.jar previously found in /system/framework/framework.jar:classes2.dex
09-28 00:37:14.657  3383  3592 W dex2oat : Skipping class com.android.framework.protobuf.nano.WireFormatNano from /system/framework/telephony-common.jar previously found in /system/framework/framework.jar:classes2.dex
09-28 00:37:14.657  3383  3383 W dex2oat : Skipping class com.android.framework.protobuf.nano.MessageNanoPrinter from /system/framework/telephony-common.jar previously found in /system/framework/framework.jar:classes2.dex
09-28 00:37:14.771  3199  3199 D wrapperGPS: wrapperConnect_RILD
09-28 00:37:14.772  3199  3199 D gpsd    : WakeLock(Acquire,GPSD)
09-28 00:37:14.772  3199  3199 D gpsd    : WakeLock(Release,GPSD)
09-28 00:37:14.772  3199  3199 D gpsd    : WakeLock(Acquire,GPSD)
09-28 00:37:14.772  3199  3199 D gpsd    : WakeLock(Release,GPSD)
09-28 00:37:15.095  3608  3608 I rild    : type=1400 audit(0.0:126): avc: denied { execute } for name="logcat" dev="sda17" ino=317 scontext=u:r:rild:s0 tcontext=u:object_r:logcat_exec:s0 tclass=file permissive=1
09-28 00:37:15.095  3608  3608 I rild    : type=1400 audit(0.0:126): avc: denied { read open } for path="/system/bin/logcat" dev="sda17" ino=317 scontext=u:r:rild:s0 tcontext=u:object_r:logcat_exec:s0 tclass=file permissive=1
09-28 00:37:15.095  3608  3608 I rild    : type=1400 audit(0.0:126): avc: denied { execute_no_trans } for path="/system/bin/logcat" dev="sda17" ino=317 scontext=u:r:rild:s0 tcontext=u:object_r:logcat_exec:s0 tclass=file permissive=1
09-28 00:37:15.095  3608  3608 W logcat  : type=1300 audit(0.0:126): arch=c00000b7 syscall=221 success=yes exit=0 a0=7f9f900888 a1=7f9f901e38 a2=7fdaf0eeb8 a3=7f9f901a40 items=0 ppid=3203 auid=4294967295 uid=1001 gid=1001 euid=1001 suid=1001 fsuid=1001 egid=1001 sgid=1001 fsgid=1001 tty=(none) ses=4294967295 exe="/system/bin/logcat" subj=u:r:rild:s0 key=(null)
09-28 00:37:15.095  3081  3081 W auditd  : type=1327 audit(0.0:126): proctitle=6C6F67636174002D6200726164696F002D760074687265616474696D65002D64002D66002F646174612F6C6F672F726164696F5F505245434F4E46475F5345542E6C6F67
09-28 00:37:15.095  3081  3081 W auditd  : type=1320 audit(0.0:126): 
09-28 00:37:15.095  3608  3608 I logcat  : type=1400 audit(0.0:127): avc: denied { getattr } for path="/system/bin/logcat" dev="sda17" ino=317 scontext=u:r:rild:s0 tcontext=u:object_r:logcat_exec:s0 tclass=file permissive=1
09-28 00:37:15.095  3608  3608 W logcat  : type=1300 audit(0.0:127): arch=c00000b7 syscall=79 success=yes exit=0 a0=ffffff9c a1=7f8159167f a2=7fe17062a0 a3=0 items=0 ppid=3203 auid=4294967295 uid=1001 gid=1001 euid=1001 suid=1001 fsuid=1001 egid=1001 sgid=1001 fsgid=1001 tty=(none) ses=4294967295 exe="/system/bin/logcat" subj=u:r:rild:s0 key=(null)
09-28 00:37:15.095  3081  3081 W auditd  : type=1327 audit(0.0:127): proctitle=6C6F67636174002D6200726164696F002D760074687265616474696D65002D64002D66002F646174612F6C6F672F726164696F5F505245434F4E46475F5345542E6C6F67
09-28 00:37:15.095  3081  3081 W auditd  : type=1320 audit(0.0:127): 
09-28 00:37:15.107  3608  3608 I logcat  : type=1400 audit(0.0:128): avc: denied { write } for name="log" dev="sda24" ino=3055617 scontext=u:r:rild:s0 tcontext=u:object_r:system_data_file:s0 tclass=dir permissive=1
09-28 00:37:15.107  3608  3608 I logcat  : type=1400 audit(0.0:128): avc: denied { add_name } for name="radio_PRECONFG_SET.log" scontext=u:r:rild:s0 tcontext=u:object_r:system_data_file:s0 tclass=dir permissive=1
09-28 00:37:15.107  3608  3608 I logcat  : type=1400 audit(0.0:128): avc: denied { create } for name="radio_PRECONFG_SET.log" scontext=u:r:rild:s0 tcontext=u:object_r:system_data_file:s0 tclass=file permissive=1
09-28 00:37:15.107  3608  3608 I logcat  : type=1400 audit(0.0:128): avc: denied { append } for path="/data/log/radio_PRECONFG_SET.log" dev="sda24" ino=3055618 scontext=u:r:rild:s0 tcontext=u:object_r:system_data_file:s0 tclass=file permissive=1
09-28 00:37:15.107  3608  3608 W logcat  : type=1300 audit(0.0:128): arch=c00000b7 syscall=56 success=yes exit=28 a0=ffffff9c a1=7fe1707b1b a2=441 a3=180 items=0 ppid=3203 auid=4294967295 uid=1001 gid=1001 euid=1001 suid=1001 fsuid=1001 egid=1001 sgid=1001 fsgid=1001 tty=(none) ses=4294967295 exe="/system/bin/logcat" subj=u:r:rild:s0 key=(null)
09-28 00:37:15.107  3081  3081 W auditd  : type=1327 audit(0.0:128): proctitle=6C6F67636174002D6200726164696F002D760074687265616474696D65002D64002D66002F646174612F6C6F672F726164696F5F505245434F4E46475F5345542E6C6F67
09-28 00:37:15.107  3081  3081 W auditd  : type=1320 audit(0.0:128): 
09-28 00:37:15.111  3608  3608 I logcat  : type=1400 audit(0.0:129): avc: denied { write } for name="logdr" dev="tmpfs" ino=21714 scontext=u:r:rild:s0 tcontext=u:object_r:logdr_socket:s0 tclass=sock_file permissive=1
09-28 00:37:15.111  3608  3608 I logcat  : type=1400 audit(0.0:129): avc: denied { connectto } for path="/dev/socket/logdr" scontext=u:r:rild:s0 tcontext=u:r:logd:s0 tclass=unix_stream_socket permissive=1
09-28 00:37:15.111  3608  3608 W logcat  : type=1300 audit(0.0:129): arch=c00000b7 syscall=203 success=yes exit=0 a0=1d a1=7fe1705698 a2=14 a3=7f814c31f0 items=0 ppid=3203 auid=4294967295 uid=1001 gid=1001 euid=1001 suid=1001 fsuid=1001 egid=1001 sgid=1001 fsgid=1001 tty=(none) ses=4294967295 exe="/system/bin/logcat" subj=u:r:rild:s0 key=(null)
09-28 00:37:15.653  3204  3457 W BatteryNotifier: batterystats service unavailable!
09-28 00:37:15.658  3204  3460 W BatteryNotifier: batterystats service unavailable!
09-28 00:37:16.114  3383  3602 W dex2oat : Skipping class com.android.framework.protobuf.nano.CodedInputByteBufferNano from /system/framework/telephony-common.jar previously found in /system/framework/framework.jar:classes2.dex
09-28 00:37:16.114  3383  3602 W dex2oat : Skipping class com.android.framework.protobuf.nano.CodedOutputByteBufferNano$OutOfSpaceException from /system/framework/telephony-common.jar previously found in /system/framework/framework.jar:classes2.dex
09-28 00:37:16.114  3383  3602 W dex2oat : Skipping class com.android.framework.protobuf.nano.CodedOutputByteBufferNano from /system/framework/telephony-common.jar previously found in /system/framework/framework.jar:classes2.dex
09-28 00:37:16.114  3383  3602 W dex2oat : Skipping class com.android.framework.protobuf.nano.MessageNano from /system/framework/telephony-common.jar previously found in /system/framework/framework.jar:classes2.dex
09-28 00:37:16.114  3383  3602 W dex2oat : Skipping class com.android.framework.protobuf.nano.ExtendableMessageNano from /system/framework/telephony-common.jar previously found in /system/framework/framework.jar:classes2.dex
09-28 00:37:16.114  3383  3602 W dex2oat : Skipping class com.android.framework.protobuf.nano.Extension from /system/framework/telephony-common.jar previously found in /system/framework/framework.jar:classes2.dex
09-28 00:37:16.114  3383  3602 W dex2oat : Skipping class com.android.framework.protobuf.nano.Extension$PrimitiveExtension from /system/framework/telephony-common.jar previously found in /system/framework/framework.jar:classes2.dex
09-28 00:37:16.114  3383  3602 W dex2oat : Skipping class com.android.framework.protobuf.nano.FieldArray from /system/framework/telephony-common.jar previously found in /system/framework/framework.jar:classes2.dex
09-28 00:37:16.114  3383  3602 W dex2oat : Skipping class com.android.framework.protobuf.nano.FieldData from /system/framework/telephony-common.jar previously found in /system/framework/framework.jar:classes2.dex
09-28 00:37:16.114  3383  3602 W dex2oat : Skipping class com.android.framework.protobuf.nano.InternalNano from /system/framework/telephony-common.jar previously found in /system/framework/framework.jar:classes2.dex
09-28 00:37:16.114  3383  3602 W dex2oat : Skipping class com.android.framework.protobuf.nano.InvalidProtocolBufferNanoException from /system/framework/telephony-common.jar previously found in /system/framework/framework.jar:classes2.dex
09-28 00:37:16.114  3383  3602 W dex2oat : Skipping class com.android.framework.protobuf.nano.MessageNanoPrinter from /system/framework/telephony-common.jar previously found in /system/framework/framework.jar:classes2.dex
09-28 00:37:16.114  3383  3602 W dex2oat : Skipping class com.android.framework.protobuf.nano.UnknownFieldData from /system/framework/telephony-common.jar previously found in /system/framework/framework.jar:classes2.dex
09-28 00:37:16.114  3383  3602 W dex2oat : Skipping class com.android.framework.protobuf.nano.WireFormatNano from /system/framework/telephony-common.jar previously found in /system/framework/framework.jar:classes2.dex
09-28 00:37:16.114  3383  3602 W dex2oat : Skipping class com.android.framework.protobuf.nano.android.ParcelableExtendableMessageNano from /system/framework/telephony-common.jar previously found in /system/framework/framework.jar:classes2.dex
09-28 00:37:16.114  3383  3602 W dex2oat : Skipping class com.android.framework.protobuf.nano.android.ParcelableMessageNanoCreator from /system/framework/telephony-common.jar previously found in /system/framework/framework.jar:classes2.dex
09-28 00:37:16.114  3383  3599 W dex2oat : Skipping class com.android.framework.protobuf.nano.android.ParcelableMessageNano from /system/framework/telephony-common.jar previously found in /system/framework/framework.jar:classes2.dex
09-28 00:37:16.192  3388  3598 W dex2oat : Skipping class com.android.framework.protobuf.nano.CodedInputByteBufferNano from /system/framework/telephony-common.jar previously found in /system/framework/framework.jar:classes2.dex
09-28 00:37:16.193  3388  3598 W dex2oat : Skipping class com.android.framework.protobuf.nano.CodedOutputByteBufferNano$OutOfSpaceException from /system/framework/telephony-common.jar previously found in /system/framework/framework.jar:classes2.dex
09-28 00:37:16.193  3388  3598 W dex2oat : Skipping class com.android.framework.protobuf.nano.CodedOutputByteBufferNano from /system/framework/telephony-common.jar previously found in /system/framework/framework.jar:classes2.dex
09-28 00:37:16.193  3388  3598 W dex2oat : Skipping class com.android.framework.protobuf.nano.MessageNano from /system/framework/telephony-common.jar previously found in /system/framework/framework.jar:classes2.dex
09-28 00:37:16.193  3388  3598 W dex2oat : Skipping class com.android.framework.protobuf.nano.ExtendableMessageNano from /system/framework/telephony-common.jar previously found in /system/framework/framework.jar:classes2.dex
09-28 00:37:16.193  3388  3598 W dex2oat : Skipping class com.android.framework.protobuf.nano.Extension from /system/framework/telephony-common.jar previously found in /system/framework/framework.jar:classes2.dex
09-28 00:37:16.193  3388  3598 W dex2oat : Skipping class com.android.framework.protobuf.nano.Extension$PrimitiveExtension from /system/framework/telephony-common.jar previously found in /system/framework/framework.jar:classes2.dex
09-28 00:37:16.193  3388  3598 W dex2oat : Skipping class com.android.framework.protobuf.nano.FieldArray from /system/framework/telephony-common.jar previously found in /system/framework/framework.jar:classes2.dex
09-28 00:37:16.193  3388  3598 W dex2oat : Skipping class com.android.framework.protobuf.nano.FieldData from /system/framework/telephony-common.jar previously found in /system/framework/framework.jar:classes2.dex
09-28 00:37:16.193  3388  3598 W dex2oat : Skipping class com.android.framework.protobuf.nano.InternalNano from /system/framework/telephony-common.jar previously found in /system/framework/framework.jar:classes2.dex
09-28 00:37:16.193  3388  3598 W dex2oat : Skipping class com.android.framework.protobuf.nano.InvalidProtocolBufferNanoException from /system/framework/telephony-common.jar previously found in /system/framework/framework.jar:classes2.dex
09-28 00:37:16.193  3388  3598 W dex2oat : Skipping class com.android.framework.protobuf.nano.MessageNanoPrinter from /system/framework/telephony-common.jar previously found in /system/framework/framework.jar:classes2.dex
09-28 00:37:16.193  3388  3598 W dex2oat : Skipping class com.android.framework.protobuf.nano.UnknownFieldData from /system/framework/telephony-common.jar previously found in /system/framework/framework.jar:classes2.dex
09-28 00:37:16.193  3388  3598 W dex2oat : Skipping class com.android.framework.protobuf.nano.WireFormatNano from /system/framework/telephony-common.jar previously found in /system/framework/framework.jar:classes2.dex
09-28 00:37:16.193  3388  3598 W dex2oat : Skipping class com.android.framework.protobuf.nano.android.ParcelableExtendableMessageNano from /system/framework/telephony-common.jar previously found in /system/framework/framework.jar:classes2.dex
09-28 00:37:16.193  3388  3598 W dex2oat : Skipping class com.android.framework.protobuf.nano.android.ParcelableMessageNano from /system/framework/telephony-common.jar previously found in /system/framework/framework.jar:classes2.dex
09-28 00:37:16.193  3388  3598 W dex2oat : Skipping class com.android.framework.protobuf.nano.android.ParcelableMessageNanoCreator from /system/framework/telephony-common.jar previously found in /system/framework/framework.jar:classes2.dex
09-28 00:37:16.901  3612  3612 D AndroidRuntime: >>>>>> START com.android.internal.os.RuntimeInit uid 0 <<<<<<
09-28 00:37:16.903  3612  3612 D AndroidRuntime: CheckJNI is OFF
09-28 00:37:16.905  3612  3612 E art     : Could not create image space with image file '/system/framework/boot.art'. Attempting to fall back to imageless running. Error was: Only the zygote can create the global boot image.
09-28 00:37:16.905  3612  3612 E art     : Attempted image: /system/framework/boot.art
09-28 00:37:17.522  3612  3612 D ICU     : No timezone override file found: /data/misc/zoneinfo/current/icu/icu_tzdata.dat
09-28 00:37:17.561  3612  3612 W art     : Before Android 4.1, method double java.util.concurrent.ThreadLocalRandom.internalNextDouble(double, double) would have incorrectly overridden the package-private method in java.util.Random
09-28 00:37:17.561  3612  3612 W art     : Before Android 4.1, method int java.util.concurrent.ThreadLocalRandom.internalNextInt(int, int) would have incorrectly overridden the package-private method in java.util.Random
09-28 00:37:17.561  3612  3612 W art     : Before Android 4.1, method long java.util.concurrent.ThreadLocalRandom.internalNextLong(long, long) would have incorrectly overridden the package-private method in java.util.Random
09-28 00:37:17.627  3612  3612 W art     : No image location found for Dex2Oat.
09-28 00:37:17.742  3612  3612 I Radio-JNI: register_android_hardware_Radio DONE
09-28 00:37:17.786  3199  3606 D wrapperGPS: onError: error 4
09-28 00:37:17.786  3199  3199 D gpsd    : WakeLock(Acquire,GPSD)
09-28 00:37:17.862  3612  3612 D AndroidRuntime: Calling main entry com.android.commands.pm.Pm
09-28 00:37:17.880  3612  3612 I art     : System.exit called, status: 1
09-28 00:37:17.880  3612  3612 I AndroidRuntime: VM exiting with result code 1.
09-28 00:37:20.410  3383  3383 W dex2oat : Skipping class com.android.framework.protobuf.nano.CodedInputByteBufferNano from /system/framework/telephony-common.jar previously found in /system/framework/framework.jar:classes2.dex
09-28 00:37:20.410  3383  3383 W dex2oat : Skipping class com.android.framework.protobuf.nano.CodedOutputByteBufferNano$OutOfSpaceException from /system/framework/telephony-common.jar previously found in /system/framework/framework.jar:classes2.dex
09-28 00:37:20.410  3383  3383 W dex2oat : Skipping class com.android.framework.protobuf.nano.CodedOutputByteBufferNano from /system/framework/telephony-common.jar previously found in /system/framework/framework.jar:classes2.dex
09-28 00:37:20.410  3383  3383 W dex2oat : Skipping class com.android.framework.protobuf.nano.MessageNano from /system/framework/telephony-common.jar previously found in /system/framework/framework.jar:classes2.dex
09-28 00:37:20.411  3383  3383 W dex2oat : Skipping class com.android.framework.protobuf.nano.ExtendableMessageNano from /system/framework/telephony-common.jar previously found in /system/framework/framework.jar:classes2.dex
09-28 00:37:20.411  3383  3383 W dex2oat : Skipping class com.android.framework.protobuf.nano.Extension from /system/framework/telephony-common.jar previously found in /system/framework/framework.jar:classes2.dex
09-28 00:37:20.411  3383  3383 W dex2oat : Skipping class com.android.framework.protobuf.nano.Extension$PrimitiveExtension from /system/framework/telephony-common.jar previously found in /system/framework/framework.jar:classes2.dex
09-28 00:37:20.411  3383  3383 W dex2oat : Skipping class com.android.framework.protobuf.nano.FieldArray from /system/framework/telephony-common.jar previously found in /system/framework/framework.jar:classes2.dex
09-28 00:37:20.411  3383  3383 W dex2oat : Skipping class com.android.framework.protobuf.nano.FieldData from /system/framework/telephony-common.jar previously found in /system/framework/framework.jar:classes2.dex
09-28 00:37:20.411  3383  3383 W dex2oat : Skipping class com.android.framework.protobuf.nano.InternalNano from /system/framework/telephony-common.jar previously found in /system/framework/framework.jar:classes2.dex
09-28 00:37:20.411  3383  3383 W dex2oat : Skipping class com.android.framework.protobuf.nano.InvalidProtocolBufferNanoException from /system/framework/telephony-common.jar previously found in /system/framework/framework.jar:classes2.dex
09-28 00:37:20.411  3383  3383 W dex2oat : Skipping class com.android.framework.protobuf.nano.MessageNanoPrinter from /system/framework/telephony-common.jar previously found in /system/framework/framework.jar:classes2.dex
09-28 00:37:20.411  3383  3383 W dex2oat : Skipping class com.android.framework.protobuf.nano.UnknownFieldData from /system/framework/telephony-common.jar previously found in /system/framework/framework.jar:classes2.dex
09-28 00:37:20.411  3383  3383 W dex2oat : Skipping class com.android.framework.protobuf.nano.WireFormatNano from /system/framework/telephony-common.jar previously found in /system/framework/framework.jar:classes2.dex
09-28 00:37:20.411  3383  3383 W dex2oat : Skipping class com.android.framework.protobuf.nano.android.ParcelableExtendableMessageNano from /system/framework/telephony-common.jar previously found in /system/framework/framework.jar:classes2.dex
09-28 00:37:20.411  3383  3383 W dex2oat : Skipping class com.android.framework.protobuf.nano.android.ParcelableMessageNano from /system/framework/telephony-common.jar previously found in /system/framework/framework.jar:classes2.dex
09-28 00:37:20.411  3383  3383 W dex2oat : Skipping class com.android.framework.protobuf.nano.android.ParcelableMessageNanoCreator from /system/framework/telephony-common.jar previously found in /system/framework/framework.jar:classes2.dex
09-28 00:37:20.452  3388  3388 W dex2oat : Skipping class com.android.framework.protobuf.nano.CodedInputByteBufferNano from /system/framework/telephony-common.jar previously found in /system/framework/framework.jar:classes2.dex
09-28 00:37:20.452  3388  3388 W dex2oat : Skipping class com.android.framework.protobuf.nano.CodedOutputByteBufferNano$OutOfSpaceException from /system/framework/telephony-common.jar previously found in /system/framework/framework.jar:classes2.dex
09-28 00:37:20.452  3388  3388 W dex2oat : Skipping class com.android.framework.protobuf.nano.CodedOutputByteBufferNano from /system/framework/telephony-common.jar previously found in /system/framework/framework.jar:classes2.dex
09-28 00:37:20.452  3388  3388 W dex2oat : Skipping class com.android.framework.protobuf.nano.MessageNano from /system/framework/telephony-common.jar previously found in /system/framework/framework.jar:classes2.dex
09-28 00:37:20.452  3388  3388 W dex2oat : Skipping class com.android.framework.protobuf.nano.ExtendableMessageNano from /system/framework/telephony-common.jar previously found in /system/framework/framework.jar:classes2.dex
09-28 00:37:20.452  3388  3388 W dex2oat : Skipping class com.android.framework.protobuf.nano.Extension from /system/framework/telephony-common.jar previously found in /system/framework/framework.jar:classes2.dex
09-28 00:37:20.452  3388  3388 W dex2oat : Skipping class com.android.framework.protobuf.nano.Extension$PrimitiveExtension from /system/framework/telephony-common.jar previously found in /system/framework/framework.jar:classes2.dex
09-28 00:37:20.452  3388  3388 W dex2oat : Skipping class com.android.framework.protobuf.nano.FieldArray from /system/framework/telephony-common.jar previously found in /system/framework/framework.jar:classes2.dex
09-28 00:37:20.452  3388  3388 W dex2oat : Skipping class com.android.framework.protobuf.nano.FieldData from /system/framework/telephony-common.jar previously found in /system/framework/framework.jar:classes2.dex
09-28 00:37:20.452  3388  3388 W dex2oat : Skipping class com.android.framework.protobuf.nano.InternalNano from /system/framework/telephony-common.jar previously found in /system/framework/framework.jar:classes2.dex
09-28 00:37:20.452  3388  3388 W dex2oat : Skipping class com.android.framework.protobuf.nano.InvalidProtocolBufferNanoException from /system/framework/telephony-common.jar previously found in /system/framework/framework.jar:classes2.dex
09-28 00:37:20.452  3388  3388 W dex2oat : Skipping class com.android.framework.protobuf.nano.MessageNanoPrinter from /system/framework/telephony-common.jar previously found in /system/framework/framework.jar:classes2.dex
