09-28 02:42:31.908  4596  4596 I dex2oat : dex2oat took 147.976ms (threads: 8) arena alloc=9KB (10152B) java alloc=742KB (760744B) native alloc=1178KB (1206792B) free=2MB (2987512B)
09-28 02:42:31.912  3622  3622 I PackageManager.DexOptimizer: Running dexopt (dex2oat) on: /system/priv-app/StorageManager/StorageManager.apk pkg=com.android.storagemanager isa=arm64 vmSafeMode=false debuggable=false target-filter=interpret-only oatDir=null sharedLibraries=null
09-28 02:42:31.946  4605  4605 I dex2oat : /system/bin/dex2oat --compiler-filter=interpret-only
09-28 02:42:32.041  4605  4613 W dex2oat : Before Android 4.1, method android.graphics.PorterDuffColorFilter android.support.graphics.drawable.VectorDrawableCompat.updateTintFilter(android.graphics.PorterDuffColorFilter, android.content.res.ColorStateList, android.graphics.PorterDuff$Mode) would have incorrectly overridden the package-private method in android.graphics.drawable.Drawable
09-28 02:42:32.067  4605  4605 W dex2oat : Before Android 4.1, method int android.support.v7.widget.ListViewCompat.lookForSelectablePosition(int, boolean) would have incorrectly overridden the package-private method in android.widget.ListView
09-28 02:42:32.238  4605  4605 I dex2oat : dex2oat took 292.532ms (threads: 8) arena alloc=9KB (9304B) java alloc=2MB (3022808B) native alloc=2MB (2936776B) free=3MB (3354680B)
09-28 02:42:32.242  3622  3622 I PackageManager.DexOptimizer: Running dexopt (dex2oat) on: /system/app/BookmarkProvider/BookmarkProvider.apk pkg=com.android.bookmarkprovider isa=arm64 vmSafeMode=false debuggable=false target-filter=interpret-only oatDir=null sharedLibraries=null
09-28 02:42:32.276  4614  4614 I dex2oat : /system/bin/dex2oat --compiler-filter=interpret-only
09-28 02:42:32.353  4614  4614 I dex2oat : dex2oat took 77.858ms (threads: 8) arena alloc=864B (864B) java alloc=42KB (43240B) native alloc=871KB (892880B) free=1688KB (1728560B)
09-28 02:42:32.357  3622  3622 I PackageManager.DexOptimizer: Running dexopt (dex2oat) on: /system/priv-app/Eleven/Eleven.apk pkg=com.cyanogenmod.eleven isa=arm64 vmSafeMode=false debuggable=false target-filter=interpret-only oatDir=null sharedLibraries=null
09-28 02:42:32.390  4623  4623 I dex2oat : /system/bin/dex2oat --compiler-filter=interpret-only
09-28 02:42:33.047  4623  4623 I dex2oat : dex2oat took 657.516ms (threads: 8) arena alloc=7KB (7176B) java alloc=4MB (5179304B) native alloc=8MB (8815464B) free=3MB (3374232B)
09-28 02:42:33.053  3622  3622 I PackageManager.DexOptimizer: Running dexopt (dex2oat) on: /system/app/ExactCalculator/ExactCalculator.apk pkg=com.android.calculator2 isa=arm64 vmSafeMode=false debuggable=false target-filter=interpret-only oatDir=null sharedLibraries=null
09-28 02:42:33.113  4632  4632 I dex2oat : /system/bin/dex2oat --compiler-filter=interpret-only
09-28 02:42:33.256  4632  4632 I dex2oat : dex2oat took 143.425ms (threads: 8) arena alloc=20KB (20656B) java alloc=634KB (649816B) native alloc=917KB (939720B) free=3MB (3778872B)
09-28 02:42:33.261  3622  3622 I PackageManager.DexOptimizer: Running dexopt (dex2oat) on: /system/app/ResurrectionOTA/ResurrectionOTA.apk pkg=com.resurrection.ota isa=arm64 vmSafeMode=false debuggable=false target-filter=interpret-only oatDir=null sharedLibraries=null
09-28 02:42:33.300  4641  4641 I dex2oat : /system/bin/dex2oat --compiler-filter=interpret-only
09-28 02:42:33.390  4641  4641 I dex2oat : dex2oat took 90.702ms (threads: 8) arena alloc=13KB (13360B) java alloc=206KB (211720B) native alloc=897KB (919312B) free=3MB (3799280B)
09-28 02:42:33.396  3622  3622 I PackageManager.DexOptimizer: Running dexopt (dex2oat) on: /system/priv-app/VpnDialogs/VpnDialogs.apk pkg=com.android.vpndialogs isa=arm64 vmSafeMode=false debuggable=false target-filter=interpret-only oatDir=null sharedLibraries=null
09-28 02:42:33.433  4650  4650 I dex2oat : /system/bin/dex2oat --compiler-filter=interpret-only
09-28 02:42:33.529  4650  4650 I dex2oat : dex2oat took 96.717ms (threads: 8) arena alloc=7KB (7904B) java alloc=103KB (106256B) native alloc=850KB (870944B) free=1709KB (1750496B)
09-28 02:42:33.535  3622  3622 I PackageManager.DexOptimizer: Running dexopt (dex2oat) on: /system/app/Wallpaper/Wallpaper.apk pkg=com.google.android.apps.wallpaper isa=arm64 vmSafeMode=false debuggable=false target-filter=interpret-only oatDir=null sharedLibraries=null
09-28 02:42:33.572  4659  4659 I dex2oat : /system/bin/dex2oat --compiler-filter=interpret-only
09-28 02:42:34.086  4659  4659 I dex2oat : dex2oat took 514.369ms (threads: 8) arena alloc=11KB (12248B) java alloc=3MB (4012664B) native alloc=4MB (4552344B) free=2MB (2787688B)
09-28 02:42:34.091  3622  3622 I PackageManager.DexOptimizer: Running dexopt (dex2oat) on: /system/app/Email/Email.apk pkg=com.android.email isa=arm64 vmSafeMode=false debuggable=false target-filter=interpret-only oatDir=null sharedLibraries=null
09-28 02:42:34.124  4668  4668 I dex2oat : /system/bin/dex2oat --compiler-filter=interpret-only
09-28 02:42:34.291  4668  4668 W dex2oat : Before Android 4.1, method android.graphics.PorterDuffColorFilter android.support.graphics.drawable.VectorDrawableCompat.updateTintFilter(android.graphics.PorterDuffColorFilter, android.content.res.ColorStateList, android.graphics.PorterDuff$Mode) would have incorrectly overridden the package-private method in android.graphics.drawable.Drawable
09-28 02:42:34.313  4668  4676 W dex2oat : Before Android 4.1, method int android.support.v7.widget.ListViewCompat.lookForSelectablePosition(int, boolean) would have incorrectly overridden the package-private method in android.widget.ListView
09-28 02:42:34.677  4668  4668 I dex2oat : dex2oat took 553.169ms (threads: 8) arena alloc=458KB (469664B) java alloc=6MB (6870600B) native alloc=6MB (6724608B) free=3MB (3236864B)
09-28 02:42:34.683  3622  3622 I PackageManager.DexOptimizer: Running dexopt (dex2oat) on: /system/app/WallpaperBackup/WallpaperBackup.apk pkg=com.android.wallpaperbackup isa=arm64 vmSafeMode=false debuggable=false target-filter=interpret-only oatDir=null sharedLibraries=null
09-28 02:42:34.729  4677  4677 I dex2oat : /system/bin/dex2oat --compiler-filter=interpret-only
09-28 02:42:34.806  4677  4677 I dex2oat : dex2oat took 77.384ms (threads: 8) arena alloc=7KB (7960B) java alloc=43KB (44536B) native alloc=852KB (872720B) free=1707KB (1748720B)
09-28 02:42:34.812  3622  3622 I PackageManager.DexOptimizer: Running dexopt (dex2oat) on: /system/priv-app/BlockedNumberProvider/BlockedNumberProvider.apk pkg=com.android.providers.blockednumber isa=arm64 vmSafeMode=false debuggable=false target-filter=interpret-only oatDir=null sharedLibraries=null
09-28 02:42:34.852  4686  4686 I dex2oat : /system/bin/dex2oat --compiler-filter=interpret-only
09-28 02:42:35.073  4686  4686 I dex2oat : dex2oat took 221.752ms (threads: 8) arena alloc=9KB (9376B) java alloc=735KB (753528B) native alloc=1165KB (1193616B) free=2MB (3000688B)
09-28 02:42:35.080  3622  3622 I PackageManager.DexOptimizer: Running dexopt (dex2oat) on: /system/app/UserDictionaryProvider/UserDictionaryProvider.apk pkg=com.android.providers.userdictionary isa=arm64 vmSafeMode=false debuggable=false target-filter=interpret-only oatDir=null sharedLibraries=null
09-28 02:42:35.119  4695  4695 I dex2oat : /system/bin/dex2oat --compiler-filter=interpret-only
09-28 02:42:35.213  4695  4695 I dex2oat : dex2oat took 95.896ms (threads: 8) arena alloc=11KB (11480B) java alloc=71KB (73504B) native alloc=903KB (924768B) free=1656KB (1696672B)
09-28 02:42:35.220  3622  3622 I PackageManager.DexOptimizer: Running dexopt (dex2oat) on: /system/priv-app/EmergencyInfo/EmergencyInfo.apk pkg=com.android.emergency isa=arm64 vmSafeMode=false debuggable=false target-filter=interpret-only oatDir=null sharedLibraries=null
09-28 02:42:35.259  4704  4704 I dex2oat : /system/bin/dex2oat --compiler-filter=interpret-only
09-28 02:42:35.367  4704  4710 W dex2oat : Before Android 4.1, method android.graphics.PorterDuffColorFilter android.support.graphics.drawable.VectorDrawableCompat.updateTintFilter(android.graphics.PorterDuffColorFilter, android.content.res.ColorStateList, android.graphics.PorterDuff$Mode) would have incorrectly overridden the package-private method in android.graphics.drawable.Drawable
09-28 02:42:35.527  4704  4704 I dex2oat : dex2oat took 268.441ms (threads: 8) arena alloc=16KB (17240B) java alloc=2MB (2343032B) native alloc=2MB (2167968B) free=2MB (3074912B)
09-28 02:42:35.531  3622  3622 I PackageManager.DexOptimizer: Running dexopt (dex2oat) on: /system/app/Exchange2/Exchange2.apk pkg=com.android.exchange isa=arm64 vmSafeMode=false debuggable=false target-filter=interpret-only oatDir=null sharedLibraries=null
09-28 02:42:35.568  4713  4713 I dex2oat : /system/bin/dex2oat --compiler-filter=interpret-only
09-28 02:42:36.031  4713  4713 I dex2oat : dex2oat took 463.084ms (threads: 8) arena alloc=24KB (24688B) java alloc=3MB (3664592B) native alloc=5MB (5812824B) free=2MB (2575784B)
09-28 02:42:36.035  3622  3622 I PackageManager.DexOptimizer: Running dexopt (dex2oat) on: /system/app/BluetoothMidiService/BluetoothMidiService.apk pkg=com.android.bluetoothmidiservice isa=arm64 vmSafeMode=false debuggable=false target-filter=interpret-only oatDir=null sharedLibraries=null
09-28 02:42:36.070  4722  4722 I dex2oat : /system/bin/dex2oat --compiler-filter=interpret-only
09-28 02:42:36.146  4722  4722 I dex2oat : dex2oat took 76.688ms (threads: 8) arena alloc=44KB (45136B) java alloc=145KB (149184B) native alloc=875KB (896456B) free=2MB (2773560B)
09-28 02:42:36.151  3622  3622 I PackageManager.DexOptimizer: Running dexopt (dex2oat) on: /system/app/Bluetooth/Bluetooth.apk pkg=com.android.bluetooth isa=arm vmSafeMode=false debuggable=false target-filter=interpret-only oatDir=null sharedLibraries=/system/framework/javax.obex.jar
09-28 02:42:36.184  4731  4731 I dex2oat : /system/bin/dex2oat --compiler-filter=interpret-only
09-28 02:42:36.371  4736  4736 W init    : type=1701 audit(0.0:135): auid=4294967295 uid=0 gid=0 ses=4294967295 subj=u:r:init:s0 exe="/init" sig=11
09-28 02:42:37.057  4731  4731 I dex2oat : dex2oat took 873.049ms (threads: 8) arena alloc=23KB (23688B) java alloc=3MB (3440016B) native alloc=8MB (9361000B) free=3MB (3746200B)
09-28 02:42:37.063  3622  3622 I PackageManager.DexOptimizer: Running dexopt (dex2oat) on: /system/app/Development/Development.apk pkg=com.android.development isa=arm64 vmSafeMode=false debuggable=false target-filter=interpret-only oatDir=null sharedLibraries=/system/framework/android.test.runner.jar
09-28 02:42:37.124  4744  4744 I dex2oat : /system/bin/dex2oat --compiler-filter=interpret-only
09-28 02:42:37.232  4744  4744 I dex2oat : dex2oat took 108.353ms (threads: 8) arena alloc=55KB (56320B) java alloc=625KB (640808B) native alloc=1097KB (1123912B) free=3MB (3594680B)
09-28 02:42:37.238  3622  3622 I PackageManager.DexOptimizer: Running dexopt (dex2oat) on: /system/priv-app/ContactsProvider/ContactsProvider.apk pkg=com.android.providers.contacts isa=arm64 vmSafeMode=false debuggable=false target-filter=interpret-only oatDir=null sharedLibraries=null
09-28 02:42:37.273  4753  4753 I dex2oat : /system/bin/dex2oat --compiler-filter=interpret-only
09-28 02:42:37.490  4753  4753 I dex2oat : dex2oat took 217.822ms (threads: 8) arena alloc=14KB (14560B) java alloc=922KB (944680B) native alloc=1570KB (1608096B) free=3MB (4159072B)
09-28 02:42:37.494  3622  3622 I PackageManager.DexOptimizer: Running dexopt (dex2oat) on: /system/app/CaptivePortalLogin/CaptivePortalLogin.apk pkg=com.android.captiveportallogin isa=arm64 vmSafeMode=false debuggable=false target-filter=interpret-only oatDir=null sharedLibraries=null
09-28 02:42:37.528  4762  4762 I dex2oat : /system/bin/dex2oat --compiler-filter=interpret-only
09-28 02:42:37.609  4762  4762 I dex2oat : dex2oat took 81.245ms (threads: 8) arena alloc=14KB (14336B) java alloc=110KB (113160B) native alloc=883KB (904888B) free=3MB (3289416B)
09-28 02:42:37.614  3622  3622 I PackageManager.DexOptimizer: Running dexopt (dex2oat) on: /system/priv-app/WeatherProvider/WeatherProvider.apk pkg=org.cyanogenmod.weather.provider isa=arm64 vmSafeMode=false debuggable=false target-filter=interpret-only oatDir=null sharedLibraries=null
09-28 02:42:37.648  4771  4771 I dex2oat : /system/bin/dex2oat --compiler-filter=interpret-only
09-28 02:42:37.732  4771  4771 I dex2oat : dex2oat took 85.054ms (threads: 8) arena alloc=12KB (12880B) java alloc=182KB (186640B) native alloc=1004KB (1028416B) free=2MB (2641600B)
09-28 02:42:37.736  3622  3622 W PackageManager: No disk maintenance in 1506566557736; running immediately
09-28 02:42:37.736  3622  3622 I SystemServer: StartLockSettingsService
09-28 02:42:37.736  3622  4085 I MountService: Running fstrim idle maintenance
09-28 02:42:37.737  3622  3622 I SystemServiceManager: Starting com.android.server.LockSettingsService$Lifecycle
09-28 02:42:37.737  3622  4085 D VoldConnector: SND -> {3 fstrim dotrim}
09-28 02:42:37.739  3622  4086 D VoldConnector: RCV <- {200 3 Command succeeded}
09-28 02:42:37.741  3078  4780 D vold    : Starting trim of /cache
09-28 02:42:37.745  3622  3622 I SystemServiceManager: Starting com.android.server.DeviceIdleController
09-28 02:42:37.749  3622  3622 I SystemServiceManager: Starting com.android.server.devicepolicy.DevicePolicyManagerService$Lifecycle
09-28 02:42:37.756  3622  3622 I SystemServer: StartStatusBarManagerService
09-28 02:42:37.759  3622  3622 I SystemServer: StartClipboardService
09-28 02:42:37.762  3622  3622 I SystemServer: StartNetworkManagementService
09-28 02:42:37.765  3622  4781 I NetworkManagement: onDaemonConnected()
09-28 02:42:37.768  3622  3622 I SystemServiceManager: Starting com.android.server.TextServicesManagerService$Lifecycle
09-28 02:42:37.775  3078  4780 I vold    : Trimmed 507375616 bytes on /cache in 34ms
09-28 02:42:37.775  3078  4780 D vold    : Starting trim of /data
09-28 02:42:37.775  3622  3622 I SystemServer: StartNetworkScoreService
09-28 02:42:37.776  3622  4086 D VoldConnector: RCV <- {662 /cache 507375616 34281346}
09-28 02:42:37.777  3622  3622 I SystemServer: StartNetworkStatsService
09-28 02:42:37.784  3622  3622 I SystemServer: StartNetworkPolicyManagerService
09-28 02:42:37.787  3622  3622 I SystemServer: No Wi-Fi NAN Service (NAN support Not Present)
09-28 02:42:37.788  3622  3622 I SystemServiceManager: Starting com.android.server.wifi.p2p.WifiP2pService
09-28 02:42:37.811  3622  3622 I WifiP2pService: Registering wifip2p
09-28 02:42:37.812  3622  3622 I SystemServiceManager: Starting com.android.server.wifi.WifiService
09-28 02:42:37.842  3622  3622 D WifiStateMachine: fst disabled
09-28 02:42:37.850  3622  3622 D HS20    : Passpoint is enabled, false
09-28 02:42:37.871  3196  3530 D CommandListener: Clearing all IP addresses on wlan0
09-28 02:42:38.071  3622  3622 W art     : Long monitor contention with owner WifiStateMachine (4787) at boolean com.android.server.wifi.WifiNative.unloadDriverNative()(WifiNative.java:-2) waiters=0 in java.lang.String com.android.server.wifi.WifiNative.doStringCommand(java.lang.String) for 200ms
09-28 02:42:38.071  3622  3622 E WifiLogger: no ring buffers found
09-28 02:42:38.071  3622  3622 E WifiLogger: Failed to start packet fate monitoring
09-28 02:42:38.072  3622  4787 D WifiApConfigStore: 2G band allowed channels are:1,6,11
09-28 02:42:38.074  3622  4787 E WifiApConfigStore: Error reading hotspot configuration java.io.FileNotFoundException: /data/misc/wifi/softap.conf (No such file or directory)
09-28 02:42:38.074  3622  4787 D WifiApConfigStore: Fallback to use default AP configuration
09-28 02:42:38.081  3622  3622 D WifiController: isAirplaneModeOn = false, isWifiEnabled = true, isScanningAvailable = false
09-28 02:42:38.087  3622  3622 E WifiService: ensureConcurrencyFile template file doesnt existjava.io.FileNotFoundException: /etc/wifi/wifi_concurrency_cfg.txt (No such file or directory)
09-28 02:42:38.087  3622  3622 I WifiService: Registering wifi
09-28 02:42:38.089  3622  3622 I SystemServiceManager: Starting com.android.server.wifi.scanner.WifiScanningService
09-28 02:42:38.090  3622  3622 I WifiScanningService: Creating wifiscanner
09-28 02:42:38.096  3622  3622 I WifiScanningService: Publishing wifiscanner
09-28 02:42:38.098  3622  3622 I SystemServiceManager: Starting com.android.server.wifi.RttService
09-28 02:42:38.099  3622  3622 I RttService: Creating rttmanager
09-28 02:42:38.101  3622  3622 I RttService: Starting rttmanager
09-28 02:42:38.103  3622  3622 I SystemServiceManager: Starting com.android.server.ethernet.EthernetService
09-28 02:42:38.104  3622  3622 I EthernetServiceImpl: Creating EthernetConfigStore
09-28 02:42:38.104  3622  3622 E IpConfigStore: Error parsing configuration: java.io.FileNotFoundException: /data/misc/ethernet/ipconfig.txt (No such file or directory)
09-28 02:42:38.106  3622  3622 W EthernetConfigStore: No Ethernet configuration found. Using default.
09-28 02:42:38.106  3622  3622 I EthernetServiceImpl: Read stored IP configuration: IP assignment: DHCP
09-28 02:42:38.106  3622  3622 I EthernetServiceImpl: Proxy settings: NONE
09-28 02:42:38.107  3622  3622 I EthernetService: Registering service ethernet
09-28 02:42:38.108  3622  3622 I SystemServer: StartConnectivityService
09-28 02:42:38.116  3622  3622 D ConnectivityService: ConnectivityService starting up
09-28 02:42:38.124  3622  3622 D ConnectivityService: wifiOnly=false
09-28 02:42:38.134  3622  3622 I SystemServer: StartNsdService
09-28 02:42:38.138  3622  3622 I SystemServer: StartUpdateLockService
09-28 02:42:38.139  3622  3622 I SystemServiceManager: Starting com.android.server.RecoverySystemService
09-28 02:42:38.141  3622  3622 I SystemServiceManager: Starting com.android.server.notification.NotificationManagerService
09-28 02:42:38.155  3622  3622 D ConditionProviders.SCP: new ScheduleConditionProvider()
09-28 02:42:38.166  3622  3622 D ZenLog  : set_zen_mode: off,init
09-28 02:42:38.176  3622  3622 I SystemServiceManager: Starting com.android.server.storage.DeviceStorageMonitorService
09-28 02:42:38.179  3622  3622 I SystemServer: StartLocationManagerService
09-28 02:42:38.182  3622  3622 I SystemServer: StartCountryDetectorService
09-28 02:42:38.183  3622  3622 I SystemServer: StartSearchManagerService
09-28 02:42:38.183  3622  3622 I SystemServiceManager: Starting com.android.server.search.SearchManagerService$Lifecycle
09-28 02:42:38.185  3622  3622 I SystemServiceManager: Starting com.android.server.DropBoxManagerService
09-28 02:42:38.187  3622  3622 I SystemServer: StartWallpaperManagerService
09-28 02:42:38.187  3622  3622 I SystemServiceManager: Starting com.android.server.wallpaper.WallpaperManagerService$Lifecycle
09-28 02:42:38.190  3622  3622 E BitmapFactory: Unable to decode stream: java.io.FileNotFoundException: /data/system/users/0/wallpaper_orig (No such file or directory)
09-28 02:42:38.190  3622  3622 E WallpaperManagerService: Invalid wallpaper data
09-28 02:42:38.190  3622  3622 E WallpaperManagerService: Unable to apply new wallpaper
09-28 02:42:38.190  3622  3622 W WallpaperManagerService: no current wallpaper -- first boot?
09-28 02:42:38.191  3622  3622 I SystemServer: StartAudioService
09-28 02:42:38.191  3622  3622 I SystemServiceManager: Starting com.android.server.audio.AudioService$Lifecycle
09-28 02:42:38.199  3622  3622 W TelecomManager: Telecom Service not found.
09-28 02:42:38.199  3185  3424 D PermissionCache: checking android.permission.MODIFY_AUDIO_SETTINGS for uid=1000 => granted (1279 us)
09-28 02:42:38.199  3185  3424 I APM_AudioPolicyManager: setForceUse() usage 4, config 0, mPhoneState 0
09-28 02:42:38.199  3185  3424 W APM_AudioPolicyManager: setForceUse() usage 4, config 0 is Already setted
09-28 02:42:38.200  3185  3185 I APM_AudioPolicyManager: setForceUse() usage 3, config 8, mPhoneState 0
09-28 02:42:38.200  3185  3424 I APM_AudioPolicyManager: setForceUse() usage 6, config 0, mPhoneState 0
09-28 02:42:38.200  3185  3424 W APM_AudioPolicyManager: setForceUse() usage 6, config 0 is Already setted
09-28 02:42:38.204  3185  3399 W AudioFlinger: no wake lock to update, system not ready yet
09-28 02:42:38.204  3185  3403 W AudioFlinger: no wake lock to update, system not ready yet
09-28 02:42:38.238  3622  3622 I SystemServiceManager: Starting com.android.server.DockObserver
09-28 02:42:38.240  3622  3622 I SystemServer: StartWiredAccessoryManager
09-28 02:42:38.241  3622  3622 W WiredAccessoryManager: This kernel does not have usb audio support
09-28 02:42:38.241  3622  3622 I SystemServiceManager: Starting com.android.server.usb.UsbService$Lifecycle
09-28 02:42:38.245  3622  3622 E UsbDeviceManager: failed to write to /sys/class/android_usb/android0/f_rndis/ethaddr
09-28 02:42:38.262  3622  3622 I UsbDeviceManager: Setting USB config to adb
