09-28 02:17:31.683  4487  4487 W dex2oat : Before Android 4.1, method android.graphics.PorterDuffColorFilter android.support.graphics.drawable.VectorDrawableCompat.updateTintFilter(android.graphics.PorterDuffColorFilter, android.content.res.ColorStateList, android.graphics.PorterDuff$Mode) would have incorrectly overridden the package-private method in android.graphics.drawable.Drawable
09-28 02:17:32.089  4487  4487 I dex2oat : dex2oat took 551.005ms (threads: 8) arena alloc=9KB (9744B) java alloc=3MB (3698400B) native alloc=5MB (5688608B) free=3MB (3224288B)
09-28 02:17:32.095  3631  3631 I PackageManager.DexOptimizer: Running dexopt (dex2oat) on: /system/priv-app/Trebuchet/Trebuchet.apk pkg=com.cyanogenmod.trebuchet isa=arm64 vmSafeMode=false debuggable=false target-filter=interpret-only oatDir=null sharedLibraries=null
09-28 02:17:32.151  4496  4496 I dex2oat : /system/bin/dex2oat --compiler-filter=interpret-only
09-28 02:17:32.415  4496  4496 I dex2oat : dex2oat took 264.426ms (threads: 8) arena alloc=59KB (60792B) java alloc=2MB (2233888B) native alloc=2MB (2622744B) free=2MB (3144424B)
09-28 02:17:32.419  3631  3631 I PackageManager.DexOptimizer: Running dexopt (dex2oat) on: /system/priv-app/CallLogBackup/CallLogBackup.apk pkg=com.android.calllogbackup isa=arm64 vmSafeMode=false debuggable=false target-filter=interpret-only oatDir=null sharedLibraries=null
09-28 02:17:32.453  4505  4505 I dex2oat : /system/bin/dex2oat --compiler-filter=interpret-only
09-28 02:17:32.537  4505  4505 I dex2oat : dex2oat took 85.127ms (threads: 8) arena alloc=8KB (8512B) java alloc=83KB (85352B) native alloc=864KB (884888B) free=1695KB (1736552B)
09-28 02:17:32.544  3631  3631 I PackageManager.DexOptimizer: Running dexopt (dex2oat) on: /system/app/NexusLauncher/NexusLauncher.apk pkg=com.google.android.apps.nexuslauncher isa=arm64 vmSafeMode=false debuggable=false target-filter=interpret-only oatDir=null sharedLibraries=null
09-28 02:17:32.579  4515  4515 I dex2oat : /system/bin/dex2oat --compiler-filter=interpret-only
09-28 02:17:32.748  4515  4515 W dex2oat : Class android.support.v4.a.c failed lock verification and will run slower.
09-28 02:17:32.748  4515  4515 W dex2oat : Common causes for lock verification issues are non-optimized dex code
09-28 02:17:32.748  4515  4515 W dex2oat : and incorrect proguard optimizations.
09-28 02:17:32.748  4515  4522 W dex2oat : Class android.support.v4.a.k failed lock verification and will run slower.
09-28 02:17:32.845  4515  4517 W dex2oat : Class com.google.android.gms.common.j failed lock verification and will run slower.
09-28 02:17:32.853  4515  4522 W dex2oat : Class com.google.android.gms.internal.aY failed lock verification and will run slower.
09-28 02:17:32.854  4515  4515 W dex2oat : Class com.google.android.gms.internal.bd failed lock verification and will run slower.
09-28 02:17:33.012  4515  4515 I dex2oat : dex2oat took 432.820ms (threads: 8) arena alloc=12KB (12584B) java alloc=3MB (3616560B) native alloc=4MB (4982008B) free=2MB (2358024B)
09-28 02:17:33.016  3631  3631 I PackageManager.DexOptimizer: Running dexopt (dex2oat) on: /system/app/PicoTts/PicoTts.apk pkg=com.svox.pico isa=arm64 vmSafeMode=false debuggable=false target-filter=interpret-only oatDir=null sharedLibraries=null
09-28 02:17:33.051  4524  4524 I dex2oat : /system/bin/dex2oat --compiler-filter=interpret-only
09-28 02:17:33.129  4524  4524 I dex2oat : dex2oat took 79.152ms (threads: 8) arena alloc=14KB (14648B) java alloc=232KB (237600B) native alloc=939KB (962272B) free=4MB (4280608B)
09-28 02:17:33.134  3631  3631 I PackageManager.DexOptimizer: Running dexopt (dex2oat) on: /system/app/Jelly/Jelly.apk pkg=org.lineageos.jelly isa=arm64 vmSafeMode=false debuggable=false target-filter=interpret-only oatDir=null sharedLibraries=null
09-28 02:17:33.168  4533  4533 I dex2oat : /system/bin/dex2oat --compiler-filter=interpret-only
09-28 02:17:33.261  4533  4533 W dex2oat : Before Android 4.1, method android.graphics.PorterDuffColorFilter android.support.graphics.drawable.VectorDrawableCompat.updateTintFilter(android.graphics.PorterDuffColorFilter, android.content.res.ColorStateList, android.graphics.PorterDuff$Mode) would have incorrectly overridden the package-private method in android.graphics.drawable.Drawable
09-28 02:17:33.291  4533  4537 W dex2oat : Before Android 4.1, method int android.support.v7.widget.ListViewCompat.lookForSelectablePosition(int, boolean) would have incorrectly overridden the package-private method in android.widget.ListView
09-28 02:17:33.458  4533  4533 I dex2oat : dex2oat took 290.598ms (threads: 8) arena alloc=14KB (14648B) java alloc=2MB (2824688B) native alloc=2MB (2854952B) free=3MB (3960792B)
09-28 02:17:33.462  3631  3631 I PackageManager.DexOptimizer: Running dexopt (dex2oat) on: /system/app/CMFileManager/CMFileManager.apk pkg=com.cyanogenmod.filemanager isa=arm64 vmSafeMode=false debuggable=false target-filter=interpret-only oatDir=null sharedLibraries=null
09-28 02:17:33.496  4542  4542 I dex2oat : /system/bin/dex2oat --compiler-filter=interpret-only
09-28 02:17:33.824  4542  4542 I dex2oat : dex2oat took 328.707ms (threads: 8) arena alloc=1181KB (1209960B) java alloc=2MB (2890392B) native alloc=3MB (3482696B) free=4MB (4381624B)
09-28 02:17:33.829  3631  3631 I PackageManager.DexOptimizer: Running dexopt (dex2oat) on: /system/app/MagiskManager/MagiskManager.apk pkg=com.topjohnwu.magisk isa=arm64 vmSafeMode=false debuggable=false target-filter=interpret-only oatDir=null sharedLibraries=null
09-28 02:17:33.863  4552  4552 I dex2oat : /system/bin/dex2oat --compiler-filter=interpret-only
09-28 02:17:34.671  4552  4552 I dex2oat : dex2oat took 808.717ms (threads: 8) arena alloc=84KB (86168B) java alloc=5MB (6287200B) native alloc=9MB (10430648B) free=3MB (3331912B)
09-28 02:17:34.678  3631  3631 I PackageManager.DexOptimizer: Running dexopt (dex2oat) on: /system/priv-app/ManagedProvisioning/ManagedProvisioning.apk pkg=com.android.managedprovisioning isa=arm64 vmSafeMode=false debuggable=false target-filter=interpret-only oatDir=null sharedLibraries=null
09-28 02:17:34.729  4562  4562 I dex2oat : /system/bin/dex2oat --compiler-filter=interpret-only
09-28 02:17:34.844  4562  4562 I dex2oat : dex2oat took 115.241ms (threads: 8) arena alloc=12KB (12912B) java alloc=792KB (811080B) native alloc=851KB (872136B) free=2MB (2797880B)
09-28 02:17:34.847  3631  3631 I PackageManager.DexOptimizer: Running dexopt (dex2oat) on: /system/app/PhotoTable/PhotoTable.apk pkg=com.android.dreams.phototable isa=arm64 vmSafeMode=false debuggable=false target-filter=interpret-only oatDir=null sharedLibraries=null
09-28 02:17:34.882  4571  4571 I dex2oat : /system/bin/dex2oat --compiler-filter=interpret-only
09-28 02:17:34.977  4571  4571 I dex2oat : dex2oat took 96.428ms (threads: 8) arena alloc=9KB (10008B) java alloc=365KB (374000B) native alloc=1001KB (1025960B) free=2MB (2119768B)
09-28 02:17:34.982  3631  3631 I PackageManager.DexOptimizer: Running dexopt (dex2oat) on: /system/app/WAPPushManager/WAPPushManager.apk pkg=com.android.smspush isa=arm64 vmSafeMode=false debuggable=false target-filter=interpret-only oatDir=null sharedLibraries=null
09-28 02:17:35.016  4580  4580 I dex2oat : /system/bin/dex2oat --compiler-filter=interpret-only
09-28 02:17:35.098  4580  4580 I dex2oat : dex2oat took 81.708ms (threads: 8) arena alloc=39KB (40920B) java alloc=157KB (161376B) native alloc=930KB (952728B) free=4MB (4290152B)
09-28 02:17:35.104  3631  3631 I PackageManager.DexOptimizer: Running dexopt (dex2oat) on: /system/app/LiveWallpapersPicker/LiveWallpapersPicker.apk pkg=com.android.wallpaper.livepicker isa=arm64 vmSafeMode=false debuggable=false target-filter=interpret-only oatDir=null sharedLibraries=null
09-28 02:17:35.141  4589  4589 I dex2oat : /system/bin/dex2oat --compiler-filter=interpret-only
09-28 02:17:35.263  4589  4589 W dex2oat : Before Android 4.1, method android.graphics.PorterDuffColorFilter android.support.graphics.drawable.VectorDrawableCompat.updateTintFilter(android.graphics.PorterDuffColorFilter, android.content.res.ColorStateList, android.graphics.PorterDuff$Mode) would have incorrectly overridden the package-private method in android.graphics.drawable.Drawable
09-28 02:17:35.282  4589  4592 W dex2oat : Before Android 4.1, method int android.support.v7.widget.ListViewCompat.lookForSelectablePosition(int, boolean) would have incorrectly overridden the package-private method in android.widget.ListView
09-28 02:17:35.415  4598  4598 W init    : type=1701 audit(0.0:145): auid=4294967295 uid=0 gid=0 ses=4294967295 subj=u:r:init:s0 exe="/init" sig=11
09-28 02:17:35.424  4589  4589 I dex2oat : dex2oat took 284.061ms (threads: 8) arena alloc=8KB (8336B) java alloc=2MB (2942792B) native alloc=2MB (2340792B) free=3MB (3426376B)
09-28 02:17:35.428  3631  3631 I PackageManager.DexOptimizer: Running dexopt (dex2oat) on: /system/priv-app/Tag/Tag.apk pkg=com.android.apps.tag isa=arm64 vmSafeMode=false debuggable=false target-filter=interpret-only oatDir=null sharedLibraries=null
09-28 02:17:35.462  4599  4599 I dex2oat : /system/bin/dex2oat --compiler-filter=interpret-only
09-28 02:17:35.615  4599  4599 I dex2oat : dex2oat took 153.529ms (threads: 8) arena alloc=11KB (11632B) java alloc=736KB (753968B) native alloc=1131KB (1158560B) free=2MB (3035744B)
09-28 02:17:35.619  3631  3631 I PackageManager.DexOptimizer: Running dexopt (dex2oat) on: /system/priv-app/StorageManager/StorageManager.apk pkg=com.android.storagemanager isa=arm64 vmSafeMode=false debuggable=false target-filter=interpret-only oatDir=null sharedLibraries=null
09-28 02:17:35.653  4608  4608 I dex2oat : /system/bin/dex2oat --compiler-filter=interpret-only
09-28 02:17:35.749  4608  4611 W dex2oat : Before Android 4.1, method android.graphics.PorterDuffColorFilter android.support.graphics.drawable.VectorDrawableCompat.updateTintFilter(android.graphics.PorterDuffColorFilter, android.content.res.ColorStateList, android.graphics.PorterDuff$Mode) would have incorrectly overridden the package-private method in android.graphics.drawable.Drawable
09-28 02:17:35.772  4608  4608 W dex2oat : Before Android 4.1, method int android.support.v7.widget.ListViewCompat.lookForSelectablePosition(int, boolean) would have incorrectly overridden the package-private method in android.widget.ListView
09-28 02:17:35.935  4608  4608 I dex2oat : dex2oat took 282.473ms (threads: 8) arena alloc=8KB (9072B) java alloc=2MB (3022744B) native alloc=2MB (2936072B) free=2MB (2831096B)
09-28 02:17:35.939  3631  3631 I PackageManager.DexOptimizer: Running dexopt (dex2oat) on: /system/app/BookmarkProvider/BookmarkProvider.apk pkg=com.android.bookmarkprovider isa=arm64 vmSafeMode=false debuggable=false target-filter=interpret-only oatDir=null sharedLibraries=null
09-28 02:17:35.972  4617  4617 I dex2oat : /system/bin/dex2oat --compiler-filter=interpret-only
09-28 02:17:36.047  4617  4617 I dex2oat : dex2oat took 75.274ms (threads: 8) arena alloc=864B (864B) java alloc=50KB (51224B) native alloc=875KB (896920B) free=1684KB (1724520B)
09-28 02:17:36.051  3631  3631 I PackageManager.DexOptimizer: Running dexopt (dex2oat) on: /system/priv-app/Eleven/Eleven.apk pkg=com.cyanogenmod.eleven isa=arm64 vmSafeMode=false debuggable=false target-filter=interpret-only oatDir=null sharedLibraries=null
09-28 02:17:36.085  4626  4626 I dex2oat : /system/bin/dex2oat --compiler-filter=interpret-only
09-28 02:17:36.759  4626  4626 I dex2oat : dex2oat took 675.408ms (threads: 8) arena alloc=9KB (9728B) java alloc=4MB (5166664B) native alloc=8MB (8831216B) free=2MB (2834192B)
09-28 02:17:36.768  3631  3631 I PackageManager.DexOptimizer: Running dexopt (dex2oat) on: /system/app/ExactCalculator/ExactCalculator.apk pkg=com.android.calculator2 isa=arm64 vmSafeMode=false debuggable=false target-filter=interpret-only oatDir=null sharedLibraries=null
09-28 02:17:36.821  4635  4635 I dex2oat : /system/bin/dex2oat --compiler-filter=interpret-only
09-28 02:17:36.958  4635  4635 I dex2oat : dex2oat took 137.075ms (threads: 8) arena alloc=26KB (27088B) java alloc=634KB (649856B) native alloc=910KB (932224B) free=2MB (2737792B)
09-28 02:17:36.962  3631  3631 I PackageManager.DexOptimizer: Running dexopt (dex2oat) on: /system/app/ResurrectionOTA/ResurrectionOTA.apk pkg=com.resurrection.ota isa=arm64 vmSafeMode=false debuggable=false target-filter=interpret-only oatDir=null sharedLibraries=null
09-28 02:17:36.996  4644  4644 I dex2oat : /system/bin/dex2oat --compiler-filter=interpret-only
09-28 02:17:37.090  4644  4644 I dex2oat : dex2oat took 94.509ms (threads: 8) arena alloc=8KB (8952B) java alloc=214KB (219648B) native alloc=897KB (919160B) free=2MB (2226568B)
09-28 02:17:37.096  3631  3631 I PackageManager.DexOptimizer: Running dexopt (dex2oat) on: /system/priv-app/VpnDialogs/VpnDialogs.apk pkg=com.android.vpndialogs isa=arm64 vmSafeMode=false debuggable=false target-filter=interpret-only oatDir=null sharedLibraries=null
09-28 02:17:37.135  4653  4653 I dex2oat : /system/bin/dex2oat --compiler-filter=interpret-only
09-28 02:17:37.229  4653  4653 I dex2oat : dex2oat took 94.949ms (threads: 8) arena alloc=7KB (7904B) java alloc=103KB (106256B) native alloc=850KB (870944B) free=1709KB (1750496B)
09-28 02:17:37.235  3631  3631 I PackageManager.DexOptimizer: Running dexopt (dex2oat) on: /system/app/Wallpaper/Wallpaper.apk pkg=com.google.android.apps.wallpaper isa=arm64 vmSafeMode=false debuggable=false target-filter=interpret-only oatDir=null sharedLibraries=null
09-28 02:17:37.272  4662  4662 I dex2oat : /system/bin/dex2oat --compiler-filter=interpret-only
09-28 02:17:37.695  4662  4662 I dex2oat : dex2oat took 423.275ms (threads: 8) arena alloc=57KB (58904B) java alloc=3MB (4012360B) native alloc=4MB (4551384B) free=2MB (2264360B)
09-28 02:17:37.699  3631  3631 I PackageManager.DexOptimizer: Running dexopt (dex2oat) on: /system/app/Email/Email.apk pkg=com.android.email isa=arm64 vmSafeMode=false debuggable=false target-filter=interpret-only oatDir=null sharedLibraries=null
09-28 02:17:37.735  4672  4672 I dex2oat : /system/bin/dex2oat --compiler-filter=interpret-only
09-28 02:17:37.905  4672  4677 W dex2oat : Before Android 4.1, method android.graphics.PorterDuffColorFilter android.support.graphics.drawable.VectorDrawableCompat.updateTintFilter(android.graphics.PorterDuffColorFilter, android.content.res.ColorStateList, android.graphics.PorterDuff$Mode) would have incorrectly overridden the package-private method in android.graphics.drawable.Drawable
09-28 02:17:37.928  4672  4679 W dex2oat : Before Android 4.1, method int android.support.v7.widget.ListViewCompat.lookForSelectablePosition(int, boolean) would have incorrectly overridden the package-private method in android.widget.ListView
09-28 02:17:38.283  4672  4672 I dex2oat : dex2oat took 550.485ms (threads: 8) arena alloc=590KB (605072B) java alloc=6MB (6869776B) native alloc=6MB (6722720B) free=2MB (2190176B)
09-28 02:17:38.289  3631  3631 I PackageManager.DexOptimizer: Running dexopt (dex2oat) on: /system/app/WallpaperBackup/WallpaperBackup.apk pkg=com.android.wallpaperbackup isa=arm64 vmSafeMode=false debuggable=false target-filter=interpret-only oatDir=null sharedLibraries=null
09-28 02:17:38.344  4681  4681 I dex2oat : /system/bin/dex2oat --compiler-filter=interpret-only
09-28 02:17:38.422  4681  4681 I dex2oat : dex2oat took 79.075ms (threads: 8) arena alloc=7KB (7960B) java alloc=43KB (44536B) native alloc=852KB (872704B) free=1707KB (1748736B)
09-28 02:17:38.428  3631  3631 I PackageManager.DexOptimizer: Running dexopt (dex2oat) on: /system/priv-app/BlockedNumberProvider/BlockedNumberProvider.apk pkg=com.android.providers.blockednumber isa=arm64 vmSafeMode=false debuggable=false target-filter=interpret-only oatDir=null sharedLibraries=null
09-28 02:17:38.464  4690  4690 I dex2oat : /system/bin/dex2oat --compiler-filter=interpret-only
09-28 02:17:38.667  4690  4690 I dex2oat : dex2oat took 203.543ms (threads: 8) arena alloc=10KB (10728B) java alloc=762KB (781280B) native alloc=1185KB (1213536B) free=3MB (4029344B)
09-28 02:17:38.674  3631  3631 I PackageManager.DexOptimizer: Running dexopt (dex2oat) on: /system/app/UserDictionaryProvider/UserDictionaryProvider.apk pkg=com.android.providers.userdictionary isa=arm64 vmSafeMode=false debuggable=false target-filter=interpret-only oatDir=null sharedLibraries=null
09-28 02:17:38.711  4700  4700 I dex2oat : /system/bin/dex2oat --compiler-filter=interpret-only
09-28 02:17:38.803  4700  4700 I dex2oat : dex2oat took 92.891ms (threads: 8) arena alloc=11KB (11480B) java alloc=71KB (73504B) native alloc=903KB (924880B) free=1656KB (1696560B)
09-28 02:17:38.809  3631  3631 I PackageManager.DexOptimizer: Running dexopt (dex2oat) on: /system/priv-app/EmergencyInfo/EmergencyInfo.apk pkg=com.android.emergency isa=arm64 vmSafeMode=false debuggable=false target-filter=interpret-only oatDir=null sharedLibraries=null
09-28 02:17:38.850  4709  4709 I dex2oat : /system/bin/dex2oat --compiler-filter=interpret-only
09-28 02:17:38.962  4709  4714 W dex2oat : Before Android 4.1, method android.graphics.PorterDuffColorFilter android.support.graphics.drawable.VectorDrawableCompat.updateTintFilter(android.graphics.PorterDuffColorFilter, android.content.res.ColorStateList, android.graphics.PorterDuff$Mode) would have incorrectly overridden the package-private method in android.graphics.drawable.Drawable
09-28 02:17:39.143  4709  4709 I dex2oat : dex2oat took 294.999ms (threads: 8) arena alloc=15KB (15800B) java alloc=2MB (2315552B) native alloc=2MB (2166728B) free=2MB (2551864B)
09-28 02:17:39.147  3631  3631 I PackageManager.DexOptimizer: Running dexopt (dex2oat) on: /system/app/Exchange2/Exchange2.apk pkg=com.android.exchange isa=arm64 vmSafeMode=false debuggable=false target-filter=interpret-only oatDir=null sharedLibraries=null
09-28 02:17:39.181  4718  4718 I dex2oat : /system/bin/dex2oat --compiler-filter=interpret-only
09-28 02:17:39.672  4718  4718 I dex2oat : dex2oat took 491.544ms (threads: 8) arena alloc=27KB (27712B) java alloc=3MB (3648240B) native alloc=5MB (5810104B) free=2MB (3102792B)
09-28 02:17:39.676  3631  3631 I PackageManager.DexOptimizer: Running dexopt (dex2oat) on: /system/app/BluetoothMidiService/BluetoothMidiService.apk pkg=com.android.bluetoothmidiservice isa=arm64 vmSafeMode=false debuggable=false target-filter=interpret-only oatDir=null sharedLibraries=null
09-28 02:17:39.710  4727  4727 I dex2oat : /system/bin/dex2oat --compiler-filter=interpret-only
09-28 02:17:39.791  4727  4727 I dex2oat : dex2oat took 81.361ms (threads: 8) arena alloc=43KB (44352B) java alloc=144KB (148160B) native alloc=875KB (896256B) free=3MB (3298048B)
09-28 02:17:39.796  3631  3631 I PackageManager.DexOptimizer: Running dexopt (dex2oat) on: /system/app/Bluetooth/Bluetooth.apk pkg=com.android.bluetooth isa=arm vmSafeMode=false debuggable=false target-filter=interpret-only oatDir=null sharedLibraries=/system/framework/javax.obex.jar
09-28 02:17:39.829  4736  4736 I dex2oat : /system/bin/dex2oat --compiler-filter=interpret-only
09-28 02:17:40.539  4745  4745 W init    : type=1701 audit(0.0:146): auid=4294967295 uid=0 gid=0 ses=4294967295 subj=u:r:init:s0 exe="/init" sig=11
09-28 02:17:40.754  4736  4736 I dex2oat : dex2oat took 925.528ms (threads: 8) arena alloc=22KB (22728B) java alloc=3MB (3430320B) native alloc=8MB (9353704B) free=4MB (4277784B)
09-28 02:17:40.760  3631  3631 I PackageManager.DexOptimizer: Running dexopt (dex2oat) on: /system/app/Development/Development.apk pkg=com.android.development isa=arm64 vmSafeMode=false debuggable=false target-filter=interpret-only oatDir=null sharedLibraries=/system/framework/android.test.runner.jar
09-28 02:17:40.812  4746  4746 I dex2oat : /system/bin/dex2oat --compiler-filter=interpret-only
09-28 02:17:40.911  4746  4746 I dex2oat : dex2oat took 100.101ms (threads: 8) arena alloc=60KB (62264B) java alloc=625KB (640880B) native alloc=1092KB (1118944B) free=2MB (2551072B)
09-28 02:17:40.915  3631  3631 I PackageManager.DexOptimizer: Running dexopt (dex2oat) on: /system/priv-app/ContactsProvider/ContactsProvider.apk pkg=com.android.providers.contacts isa=arm64 vmSafeMode=false debuggable=false target-filter=interpret-only oatDir=null sharedLibraries=null
09-28 02:17:40.949  4755  4755 I dex2oat : /system/bin/dex2oat --compiler-filter=interpret-only
09-28 02:17:41.179  4755  4755 I dex2oat : dex2oat took 230.149ms (threads: 8) arena alloc=13KB (13584B) java alloc=930KB (952344B) native alloc=1568KB (1606160B) free=2MB (3112432B)
09-28 02:17:41.183  3631  3631 I PackageManager.DexOptimizer: Running dexopt (dex2oat) on: /system/app/CaptivePortalLogin/CaptivePortalLogin.apk pkg=com.android.captiveportallogin isa=arm64 vmSafeMode=false debuggable=false target-filter=interpret-only oatDir=null sharedLibraries=null
09-28 02:17:41.219  4764  4764 I dex2oat : /system/bin/dex2oat --compiler-filter=interpret-only
09-28 02:17:41.300  4764  4764 I dex2oat : dex2oat took 81.074ms (threads: 8) arena alloc=14KB (14336B) java alloc=94KB (97192B) native alloc=867KB (888016B) free=3MB (3306288B)
09-28 02:17:41.305  3631  3631 I PackageManager.DexOptimizer: Running dexopt (dex2oat) on: /system/priv-app/WeatherProvider/WeatherProvider.apk pkg=org.cyanogenmod.weather.provider isa=arm64 vmSafeMode=false debuggable=false target-filter=interpret-only oatDir=null sharedLibraries=null
09-28 02:17:41.342  4773  4773 I dex2oat : /system/bin/dex2oat --compiler-filter=interpret-only
09-28 02:17:41.449  4773  4773 I dex2oat : dex2oat took 108.134ms (threads: 8) arena alloc=17KB (17576B) java alloc=201KB (206752B) native alloc=1024KB (1048864B) free=2MB (3145440B)
09-28 02:17:41.455  3631  3631 W PackageManager: No disk maintenance in 1506565061455; running immediately
09-28 02:17:41.455  3631  3631 I SystemServer: StartLockSettingsService
09-28 02:17:41.456  3631  4090 I MountService: Running fstrim idle maintenance
09-28 02:17:41.456  3631  3631 I SystemServiceManager: Starting com.android.server.LockSettingsService$Lifecycle
09-28 02:17:41.456  3631  4090 D VoldConnector: SND -> {3 fstrim dotrim}
09-28 02:17:41.457  3631  4091 D VoldConnector: RCV <- {200 3 Command succeeded}
09-28 02:17:41.458  3075  4782 D vold    : Starting trim of /cache
09-28 02:17:41.465  3631  3631 I SystemServiceManager: Starting com.android.server.DeviceIdleController
09-28 02:17:41.472  3631  3631 I SystemServiceManager: Starting com.android.server.devicepolicy.DevicePolicyManagerService$Lifecycle
09-28 02:17:41.481  3631  3631 I SystemServer: StartStatusBarManagerService
09-28 02:17:41.484  3631  3631 I SystemServer: StartClipboardService
09-28 02:17:41.488  3631  3631 I SystemServer: StartNetworkManagementService
09-28 02:17:41.492  3075  4782 I vold    : Trimmed 507367424 bytes on /cache in 33ms
09-28 02:17:41.492  3075  4782 D vold    : Starting trim of /data
09-28 02:17:41.492  3631  4091 D VoldConnector: RCV <- {662 /cache 507367424 33551192}
09-28 02:17:41.494  3631  4783 I NetworkManagement: onDaemonConnected()
09-28 02:17:41.498  3631  3631 I SystemServiceManager: Starting com.android.server.TextServicesManagerService$Lifecycle
09-28 02:17:41.507  3631  3631 I SystemServer: StartNetworkScoreService
09-28 02:17:41.509  3631  3631 I SystemServer: StartNetworkStatsService
09-28 02:17:41.515  3631  3631 I SystemServer: StartNetworkPolicyManagerService
09-28 02:17:41.520  3631  3631 I SystemServer: No Wi-Fi NAN Service (NAN support Not Present)
09-28 02:17:41.521  3631  3631 I SystemServiceManager: Starting com.android.server.wifi.p2p.WifiP2pService
09-28 02:17:41.565  3631  3631 I WifiP2pService: Registering wifip2p
09-28 02:17:41.567  3631  3631 I SystemServiceManager: Starting com.android.server.wifi.WifiService
09-28 02:17:41.599  3631  3631 D WifiStateMachine: fst disabled
09-28 02:17:41.607  3631  3631 D HS20    : Passpoint is enabled, false
09-28 02:17:41.630  3191  3545 D CommandListener: Clearing all IP addresses on wlan0
09-28 02:17:41.830  3631  3631 E WifiLogger: no ring buffers found
09-28 02:17:41.830  3631  3631 E WifiLogger: Failed to start packet fate monitoring
09-28 02:17:41.832  3631  4789 D WifiApConfigStore: 2G band allowed channels are:1,6,11
09-28 02:17:41.834  3631  4789 E WifiApConfigStore: Error reading hotspot configuration java.io.FileNotFoundException: /data/misc/wifi/softap.conf (No such file or directory)
09-28 02:17:41.834  3631  4789 D WifiApConfigStore: Fallback to use default AP configuration
09-28 02:17:41.845  3631  3631 D WifiController: isAirplaneModeOn = false, isWifiEnabled = true, isScanningAvailable = false
09-28 02:17:41.848  3631  3631 E WifiService: ensureConcurrencyFile template file doesnt existjava.io.FileNotFoundException: /etc/wifi/wifi_concurrency_cfg.txt (No such file or directory)
09-28 02:17:41.848  3631  3631 I WifiService: Registering wifi
09-28 02:17:41.850  3631  3631 I SystemServiceManager: Starting com.android.server.wifi.scanner.WifiScanningService
09-28 02:17:41.851  3631  3631 I WifiScanningService: Creating wifiscanner
09-28 02:17:41.858  3631  3631 I WifiScanningService: Publishing wifiscanner
09-28 02:17:41.860  3631  3631 I SystemServiceManager: Starting com.android.server.wifi.RttService
09-28 02:17:41.861  3631  3631 I RttService: Creating rttmanager
09-28 02:17:41.863  3631  3631 I RttService: Starting rttmanager
09-28 02:17:41.864  3631  3631 I SystemServiceManager: Starting com.android.server.ethernet.EthernetService
09-28 02:17:41.865  3631  3631 I EthernetServiceImpl: Creating EthernetConfigStore
09-28 02:17:41.866  3631  3631 E IpConfigStore: Error parsing configuration: java.io.FileNotFoundException: /data/misc/ethernet/ipconfig.txt (No such file or directory)
09-28 02:17:41.866  3631  3631 W EthernetConfigStore: No Ethernet configuration found. Using default.
09-28 02:17:41.866  3631  3631 I EthernetServiceImpl: Read stored IP configuration: IP assignment: DHCP
09-28 02:17:41.866  3631  3631 I EthernetServiceImpl: Proxy settings: NONE
09-28 02:17:41.867  3631  3631 I EthernetService: Registering service ethernet
09-28 02:17:41.870  3631  3631 I SystemServer: StartConnectivityService
09-28 02:17:41.878  3631  3631 D ConnectivityService: ConnectivityService starting up
09-28 02:17:41.885  3631  3631 D ConnectivityService: wifiOnly=false
09-28 02:17:41.902  3631  3631 I SystemServer: StartNsdService
09-28 02:17:41.905  3631  3631 I SystemServer: StartUpdateLockService
09-28 02:17:41.907  3631  3631 I SystemServiceManager: Starting com.android.server.RecoverySystemService
09-28 02:17:41.909  3631  3631 I SystemServiceManager: Starting com.android.server.notification.NotificationManagerService
09-28 02:17:41.923  3631  3631 D ConditionProviders.SCP: new ScheduleConditionProvider()
09-28 02:17:41.933  3631  3631 D ZenLog  : set_zen_mode: off,init
09-28 02:17:41.944  3631  3631 I SystemServiceManager: Starting com.android.server.storage.DeviceStorageMonitorService
09-28 02:17:41.947  3631  3631 I SystemServer: StartLocationManagerService
09-28 02:17:41.949  3631  3631 I SystemServer: StartCountryDetectorService
09-28 02:17:41.950  3631  3631 I SystemServer: StartSearchManagerService
09-28 02:17:41.951  3631  3631 I SystemServiceManager: Starting com.android.server.search.SearchManagerService$Lifecycle
09-28 02:17:41.953  3631  3631 I SystemServiceManager: Starting com.android.server.DropBoxManagerService
09-28 02:17:41.955  3631  3631 I SystemServer: StartWallpaperManagerService
09-28 02:17:41.955  3631  3631 I SystemServiceManager: Starting com.android.server.wallpaper.WallpaperManagerService$Lifecycle
09-28 02:17:41.957  3631  3631 E BitmapFactory: Unable to decode stream: java.io.FileNotFoundException: /data/system/users/0/wallpaper_orig (No such file or directory)
09-28 02:17:41.957  3631  3631 E WallpaperManagerService: Invalid wallpaper data
09-28 02:17:41.957  3631  3631 E WallpaperManagerService: Unable to apply new wallpaper
09-28 02:17:41.957  3631  3631 W WallpaperManagerService: no current wallpaper -- first boot?
09-28 02:17:41.958  3631  3631 I SystemServer: StartAudioService
09-28 02:17:41.958  3631  3631 I SystemServiceManager: Starting com.android.server.audio.AudioService$Lifecycle
09-28 02:17:41.966  3631  3631 W TelecomManager: Telecom Service not found.
09-28 02:17:41.966  3182  3428 D PermissionCache: checking android.permission.MODIFY_AUDIO_SETTINGS for uid=1000 => granted (1188 us)
09-28 02:17:41.966  3182  3428 I APM_AudioPolicyManager: setForceUse() usage 4, config 0, mPhoneState 0
09-28 02:17:41.966  3182  3428 W APM_AudioPolicyManager: setForceUse() usage 4, config 0 is Already setted
09-28 02:17:41.967  3182  3182 I APM_AudioPolicyManager: setForceUse() usage 3, config 8, mPhoneState 0
09-28 02:17:41.967  3182  3428 I APM_AudioPolicyManager: setForceUse() usage 6, config 0, mPhoneState 0
09-28 02:17:41.967  3182  3428 W APM_AudioPolicyManager: setForceUse() usage 6, config 0 is Already setted
09-28 02:17:41.971  3182  3410 W AudioFlinger: no wake lock to update, system not ready yet
09-28 02:17:41.972  3182  3413 W AudioFlinger: no wake lock to update, system not ready yet
09-28 02:17:42.002  3631  3631 I SystemServiceManager: Starting com.android.server.DockObserver
09-28 02:17:42.008  3631  3631 I SystemServer: StartWiredAccessoryManager
09-28 02:17:42.009  3631  3631 W WiredAccessoryManager: This kernel does not have usb audio support
09-28 02:17:42.009  3631  3631 I SystemServiceManager: Starting com.android.server.usb.UsbService$Lifecycle
09-28 02:17:42.012  3631  3631 E UsbDeviceManager: failed to write to /sys/class/android_usb/android0/f_rndis/ethaddr
09-28 02:17:42.033  3631  3631 I UsbDeviceManager: Setting USB config to adb
