09-27 23:02:10.758  3571  3571 I Telecom : Class: TelecomSystem.INSTANCE being set
09-27 23:02:10.758  3571  3571 W ContextImpl: Calling a method in the system process without a qualified user: android.app.ContextImpl.startService:1357 android.content.ContextWrapper.startService:613 com.android.server.telecom.components.TelecomService.initializeTelecomSystem:196 com.android.server.telecom.components.TelecomService.onBind:64 android.app.ActivityThread.handleBindService:3258 
09-27 23:02:10.758  3224  3800 D libexynosv4l2: try node: /dev/video6
09-27 23:02:10.758  3224  3800 D libexynosv4l2: try node: /dev/video7
09-27 23:02:10.758  3224  3800 I libexynosv4l2: node found for device s5p-mfc-enc: /dev/video7
09-27 23:02:10.763  3571  3651 D VoldConnector: RCV <- {651 public:179_1 2}
09-27 23:02:10.763  3571  3651 D VoldConnector: RCV <- {200 6 Command succeeded}
09-27 23:02:10.772  3833  3833 D TelephonyProvider: dbh.onOpen: ok, queried table=siminfo
09-27 23:02:10.773  3833  3833 D TelephonyProvider: dbh.onOpen: ok, queried table=carriers
09-27 23:02:10.780  3228  3569 D SoftapController: Softap fwReload - Ok
09-27 23:02:10.781  3571  3571 V WiredAccessoryManager: init()
09-27 23:02:10.781  3228  3569 D CommandListener: Setting iface cfg
09-27 23:02:10.781  3228  3569 D CommandListener: Trying to bring down wlan0
09-27 23:02:10.782  3228  3569 D CommandListener: Clearing all IP addresses on wlan0
09-27 23:02:10.782  3571  3571 I BrokerableCMSystemService: Implementation service connected
09-27 23:02:10.786  3224  3800 I libexynosv4l2: open video device /dev/video7
09-27 23:02:10.789  3227  3227 W ACodec  : do not know color format 0x7f000011 = 2130706449
09-27 23:02:10.789  3227  3227 W ACodec  : do not know color format 0x10 = 16
09-27 23:02:10.789  3227  3227 W ACodec  : do not know color format 0x7f00a000 = 2130747392
09-27 23:02:10.789  3227  3227 W ACodec  : do not know color format 0x7f000789 = 2130708361
09-27 23:02:10.789  3227  3227 W ACodec  : do not know color format 0x7f000012 = 2130706450
09-27 23:02:10.789  3224  3246 E OMXNodeInstance: getConfig(c98000a:Exynos.MPEG4.Encoder, ConfigAndroidIntraRefresh(0x6f60000a)) ERROR: UnsupportedIndex(0x8000101a)
09-27 23:02:10.790  3227  3227 I MediaPlayerService: MediaPlayerService::getOMX
09-27 23:02:10.791  3227  3227 I OMXClient: MuxOMX ctor
09-27 23:02:10.791  3224  3246 I OMXMaster: makeComponentInstance(OMX.Exynos.VP8.Encoder) in mediacodec process
09-27 23:02:10.792  3224  3246 D libexynosv4l2: try node: /dev/video6
09-27 23:02:10.792  3224  3246 D libexynosv4l2: try node: /dev/video7
09-27 23:02:10.792  3224  3246 I libexynosv4l2: node found for device s5p-mfc-enc: /dev/video7
09-27 23:02:10.799  3571  3571 D ConditionProviders.SCP: onSubscribe condition://android/schedule?days=6.7&start=23.30&end=10.0&exitAtAlarm=false
09-27 23:02:10.799  3571  3571 D ConditionProviders.SCP: setRegistered true
09-27 23:02:10.800  3571  3571 D ConditionProviders.SCP: notifyCondition condition://android/schedule?days=6.7&start=23.30&end=10.0&exitAtAlarm=false STATE_FALSE reason=!meetsSchedule
09-27 23:02:10.800  3571  3669 E ActivityThread: Failed to find provider info for com.android.calendar
09-27 23:02:10.800  3571  3571 D ConditionProviders.SCP: Scheduling evaluate for Wed Sep 27 23:30:00 GMT-03:00 2017 (1506565800000), in +27m49s201ms, now=Wed Sep 27 23:02:10 GMT-03:00 2017 (1506564130799)
09-27 23:02:10.800  3571  3669 E ActivityThread: Failed to find provider info for com.android.calendar
09-27 23:02:10.800  3571  3571 E AlarmManager: RTC Alarm: 0 null android ScheduleConditionProvider.EVALUATE
09-27 23:02:10.801  3571  3571 D ConditionProviders.SCP: onSubscribe condition://android/schedule?days=1.2.3.4.5&start=22.0&end=7.0&exitAtAlarm=false
09-27 23:02:10.801  3571  3669 E AlarmManager: RTC Alarm: 0 null android EventConditionProvider.EVALUATE
09-27 23:02:10.801  3571  3571 D ConditionProviders.SCP: notifyCondition condition://android/schedule?days=6.7&start=23.30&end=10.0&exitAtAlarm=false STATE_FALSE reason=!meetsSchedule
09-27 23:02:10.801  3571  3571 D ConditionProviders.SCP: notifyCondition condition://android/schedule?days=1.2.3.4.5&start=22.0&end=7.0&exitAtAlarm=false STATE_TRUE reason=meetsSchedule
09-27 23:02:10.801  3571  3571 D ConditionProviders.SCP: Scheduling evaluate for Wed Sep 27 23:30:00 GMT-03:00 2017 (1506565800000), in +27m49s199ms, now=Wed Sep 27 23:02:10 GMT-03:00 2017 (1506564130801)
09-27 23:02:10.801  3571  3571 E AlarmManager: RTC Alarm: 0 null android ScheduleConditionProvider.EVALUATE
09-27 23:02:10.803  3571  3654 I chatty  : uid=1000(system) NetworkStats expire 1 line
09-27 23:02:10.804  3571  3571 I Telecom : WiredHeadsetManager: ACTION_HEADSET_PLUG event, plugged in: false, : WHC.oADA@AAE
09-27 23:02:10.806  3571  3571 I ActivityManager: user 0 is still locked. Cannot load recents
09-27 23:02:10.820  3224  3246 I libexynosv4l2: open video device /dev/video7
09-27 23:02:10.821  3227  3227 W ACodec  : do not know color format 0x7f000011 = 2130706449
09-27 23:02:10.821  3227  3227 W ACodec  : do not know color format 0x10 = 16
09-27 23:02:10.821  3227  3227 W ACodec  : do not know color format 0x7f00a000 = 2130747392
09-27 23:02:10.822  3227  3227 W ACodec  : do not know color format 0x7f000789 = 2130708361
09-27 23:02:10.822  3227  3227 W ACodec  : do not know color format 0x7f000012 = 2130706450
09-27 23:02:10.822  3224  3224 E OMXNodeInstance: getConfig(c98000b:Exynos.VP8.Encoder, ConfigAndroidIntraRefresh(0x6f60000a)) ERROR: UnsupportedIndex(0x8000101a)
09-27 23:02:10.823  3227  3227 I MediaPlayerService: MediaPlayerService::getOMX
09-27 23:02:10.823  3227  3227 I OMXClient: MuxOMX ctor
09-27 23:02:10.823  3224  3224 I OMXMaster: makeComponentInstance(OMX.Exynos.HEVC.Encoder) in mediacodec process
09-27 23:02:10.824  3224  3224 D libexynosv4l2: try node: /dev/video6
09-27 23:02:10.824  3224  3224 D libexynosv4l2: try node: /dev/video7
09-27 23:02:10.824  3224  3224 I libexynosv4l2: node found for device s5p-mfc-enc: /dev/video7
09-27 23:02:10.840  3571  3668 I chatty  : uid=1000(system) notification-sq expire 1 line
09-27 23:02:10.845  3833  3833 W System  : ClassLoader referenced unknown path: /system/framework/qti-telephony-common.jar
09-27 23:02:10.847  3833  3833 W System.err: java.lang.ClassNotFoundException: com.qualcomm.qti.internal.telephony.QtiTelephonyComponentFactory
09-27 23:02:10.848  3833  3833 W System.err: 	at java.lang.Class.classForName(Native Method)
09-27 23:02:10.848  3833  3833 W System.err: 	at java.lang.Class.forName(Class.java:400)
09-27 23:02:10.848  3833  3833 W System.err: 	at com.android.internal.telephony.TelephonyComponentFactory.getInstance(TelephonyComponentFactory.java:71)
09-27 23:02:10.848  3833  3833 W System.err: 	at com.android.internal.telephony.PhoneFactory.makeDefaultPhone(PhoneFactory.java:133)
09-27 23:02:10.848  3833  3833 W System.err: 	at com.android.internal.telephony.PhoneFactory.makeDefaultPhones(PhoneFactory.java:91)
09-27 23:02:10.848  3833  3833 W System.err: 	at com.android.phone.PhoneGlobals.onCreate(PhoneGlobals.java:282)
09-27 23:02:10.848  3833  3833 W System.err: 	at com.android.phone.PhoneApp.onCreate(PhoneApp.java:41)
09-27 23:02:10.848  3833  3833 W System.err: 	at android.app.Instrumentation.callApplicationOnCreate(Instrumentation.java:1025)
09-27 23:02:10.848  3833  3833 W System.err: 	at android.app.ActivityThread.handleBindApplication(ActivityThread.java:5498)
09-27 23:02:10.848  3833  3833 W System.err: 	at android.app.ActivityThread.-wrap2(ActivityThread.java)
09-27 23:02:10.848  3833  3833 W System.err: 	at android.app.ActivityThread$H.handleMessage(ActivityThread.java:1575)
09-27 23:02:10.848  3833  3833 W System.err: 	at android.os.Handler.dispatchMessage(Handler.java:102)
09-27 23:02:10.848  3833  3833 W System.err: 	at android.os.Looper.loop(Looper.java:154)
09-27 23:02:10.848  3833  3833 W System.err: 	at android.app.ActivityThread.main(ActivityThread.java:6236)
09-27 23:02:10.848  3833  3833 W System.err: 	at java.lang.reflect.Method.invoke(Native Method)
09-27 23:02:10.848  3833  3833 W System.err: 	at com.android.internal.os.ZygoteInit$MethodAndArgsCaller.run(ZygoteInit.java:891)
09-27 23:02:10.848  3833  3833 W System.err: 	at com.android.internal.os.ZygoteInit.main(ZygoteInit.java:781)
09-27 23:02:10.848  3833  3833 W System.err: Caused by: java.lang.ClassNotFoundException: Didn't find class "com.qualcomm.qti.internal.telephony.QtiTelephonyComponentFactory" on path: DexPathList[[],nativeLibraryDirectories=[/system/lib64, /vendor/lib64]]
09-27 23:02:10.848  3833  3833 W System.err: 	at dalvik.system.BaseDexClassLoader.findClass(BaseDexClassLoader.java:56)
09-27 23:02:10.848  3833  3833 W System.err: 	at java.lang.ClassLoader.loadClass(ClassLoader.java:380)
09-27 23:02:10.848  3833  3833 W System.err: 	at java.lang.ClassLoader.loadClass(ClassLoader.java:312)
09-27 23:02:10.848  3833  3833 W System.err: 	... 17 more
09-27 23:02:10.850  3709  3709 W ResourceType: Bad XML block: header size 18254 or total size 169478669 is larger than data size 543
09-27 23:02:10.852  3224  3224 I libexynosv4l2: open video device /dev/video7
09-27 23:02:10.855  3227  3227 W ACodec  : [OMX.Exynos.HEVC.Encoder] stopping checking profiles after 32: 2/400
09-27 23:02:10.856  3227  3227 W ACodec  : do not know color format 0x7f000011 = 2130706449
09-27 23:02:10.856  3227  3227 W ACodec  : do not know color format 0x10 = 16
09-27 23:02:10.857  3227  3227 W ACodec  : do not know color format 0x7f00a000 = 2130747392
09-27 23:02:10.857  3227  3227 W ACodec  : do not know color format 0x7f000789 = 2130708361
09-27 23:02:10.858  3227  3227 W ACodec  : do not know color format 0x7f000012 = 2130706450
09-27 23:02:10.858  3224  3224 E OMXNodeInstance: getConfig(c98000c:Exynos.HEVC.Encoder, ConfigAndroidIntraRefresh(0x6f60000a)) ERROR: UnsupportedIndex(0x8000101a)
09-27 23:02:10.860  3227  3227 I MediaPlayerService: MediaPlayerService::getOMX
09-27 23:02:10.860  3227  3227 I OMXClient: MuxOMX ctor
09-27 23:02:10.860  3224  3224 I OMXMaster: makeComponentInstance(OMX.google.mpeg4.decoder) in mediacodec process
09-27 23:02:10.864  3224  3224 E OMXNodeInstance: getExtensionIndex(c98000d:google.mpeg4.decoder, OMX.google.android.index.configureVideoTunnelMode) ERROR: UnsupportedIndex(0x8000101a)
09-27 23:02:10.864  3224  3246 W OMXNodeInstance: [c98000d:google.mpeg4.decoder] component does not support metadata mode; using fallback
09-27 23:02:10.865  3227  3227 I MediaPlayerService: MediaPlayerService::getOMX
09-27 23:02:10.866  3227  3227 I OMXClient: MuxOMX ctor
09-27 23:02:10.866  3224  3800 I OMXMaster: makeComponentInstance(OMX.google.h263.decoder) in mediacodec process
09-27 23:02:10.870  3224  3800 E OMXNodeInstance: getExtensionIndex(c98000e:google.h263.decoder, OMX.google.android.index.configureVideoTunnelMode) ERROR: UnsupportedIndex(0x8000101a)
09-27 23:02:10.870  3224  3224 W OMXNodeInstance: [c98000e:google.h263.decoder] component does not support metadata mode; using fallback
09-27 23:02:10.872  3227  3227 I MediaPlayerService: MediaPlayerService::getOMX
09-27 23:02:10.873  3227  3227 I OMXClient: MuxOMX ctor
09-27 23:02:10.873  3224  3246 I OMXMaster: makeComponentInstance(OMX.google.h264.decoder) in mediacodec process
09-27 23:02:10.877  3846  3904 I OpenGLRenderer: Initialized EGL, version 1.4
09-27 23:02:10.877  3846  3904 D OpenGLRenderer: Swap behavior 1
09-27 23:02:10.881  3227  3227 W ACodec  : [OMX.google.h264.decoder] stopping checking profiles after 32: 2/8000
09-27 23:02:10.881  3224  3246 E OMXNodeInstance: getExtensionIndex(c98000f:google.h264.decoder, OMX.google.android.index.configureVideoTunnelMode) ERROR: UnsupportedIndex(0x8000101a)
09-27 23:02:10.881  3224  3800 W OMXNodeInstance: [c98000f:google.h264.decoder] component does not support metadata mode; using fallback
09-27 23:02:10.883  3227  3227 I MediaPlayerService: MediaPlayerService::getOMX
09-27 23:02:10.883  3227  3227 I OMXClient: MuxOMX ctor
09-27 23:02:10.883  3224  3224 I OMXMaster: makeComponentInstance(OMX.google.hevc.decoder) in mediacodec process
09-27 23:02:10.884  3571  3860 I StatusBarManagerService: registerStatusBar bar=com.android.internal.statusbar.IStatusBar$Stub$Proxy@27c559c
09-27 23:02:10.884  3846  3904 D mali_winsys: EGLint new_window_surface(egl_winsys_display*, void*, EGLSurface, EGLConfig, egl_winsys_surface**, egl_color_buffer_format*, EGLBoolean) returns 0x3000,  [1440x2960]-format:1
09-27 23:02:10.891  3224  3246 E OMXNodeInstance: getExtensionIndex(c980010:google.hevc.decoder, OMX.google.android.index.configureVideoTunnelMode) ERROR: UnsupportedIndex(0x8000101a)
09-27 23:02:10.891  3224  3800 W OMXNodeInstance: [c980010:google.hevc.decoder] component does not support metadata mode; using fallback
09-27 23:02:10.893  3227  3227 I MediaPlayerService: MediaPlayerService::getOMX
09-27 23:02:10.893  3227  3227 I OMXClient: MuxOMX ctor
09-27 23:02:10.893  3224  3224 I OMXMaster: makeComponentInstance(OMX.google.vp8.decoder) in mediacodec process
09-27 23:02:10.896  3224  3246 E OMXNodeInstance: getExtensionIndex(c980011:google.vp8.decoder, OMX.google.android.index.configureVideoTunnelMode) ERROR: UnsupportedIndex(0x8000101a)
09-27 23:02:10.896  3224  3800 W OMXNodeInstance: [c980011:google.vp8.decoder] component does not support metadata mode; using fallback
09-27 23:02:10.897  3227  3227 I MediaPlayerService: MediaPlayerService::getOMX
09-27 23:02:10.898  3227  3227 I OMXClient: MuxOMX ctor
09-27 23:02:10.898  3224  3224 I OMXMaster: makeComponentInstance(OMX.google.vp9.decoder) in mediacodec process
09-27 23:02:10.900  3224  3800 E OMXNodeInstance: getExtensionIndex(c980012:google.vp9.decoder, OMX.google.android.index.configureVideoTunnelMode) ERROR: UnsupportedIndex(0x8000101a)
09-27 23:02:10.900  3224  3224 W OMXNodeInstance: [c980012:google.vp9.decoder] component does not support metadata mode; using fallback
09-27 23:02:10.901  3227  3227 I MediaPlayerService: MediaPlayerService::getOMX
09-27 23:02:10.902  3227  3227 I OMXClient: MuxOMX ctor
09-27 23:02:10.902  3224  3246 I OMXMaster: makeComponentInstance(OMX.google.h263.encoder) in mediacodec process
09-27 23:02:10.905  3709  3709 E ActivityThread: Failed to find provider info for org.omnirom.omnijaws.provider
09-27 23:02:10.905  3224  3246 I SoftMPEG4Encoder: Construct SoftMPEG4Encoder
09-27 23:02:10.906  3227  3227 W ACodec  : do not know color format 0x7f000789 = 2130708361
09-27 23:02:10.906  3224  3800 E OMXNodeInstance: getConfig(c980013:google.h263.encoder, ConfigAndroidIntraRefresh(0x6f60000a)) ERROR: Undefined(0x80001001)
09-27 23:02:10.908  3227  3227 I MediaPlayerService: MediaPlayerService::getOMX
09-27 23:02:10.908  3227  3227 I OMXClient: MuxOMX ctor
09-27 23:02:10.909  3224  3800 I OMXMaster: makeComponentInstance(OMX.google.h264.encoder) in mediacodec process
09-27 23:02:10.914  3227  3227 W ACodec  : do not know color format 0x7f000789 = 2130708361
09-27 23:02:10.915  3227  3227 I MediaPlayerService: MediaPlayerService::getOMX
09-27 23:02:10.915  3227  3227 I OMXClient: MuxOMX ctor
09-27 23:02:10.915  3224  3800 I OMXMaster: makeComponentInstance(OMX.google.mpeg4.encoder) in mediacodec process
09-27 23:02:10.916  3224  3800 I SoftMPEG4Encoder: Construct SoftMPEG4Encoder
09-27 23:02:10.916  3227  3227 W ACodec  : do not know color format 0x7f000789 = 2130708361
09-27 23:02:10.916  3224  3246 E OMXNodeInstance: getConfig(c980015:google.mpeg4.encoder, ConfigAndroidIntraRefresh(0x6f60000a)) ERROR: Undefined(0x80001001)
09-27 23:02:10.917  3227  3227 I MediaPlayerService: MediaPlayerService::getOMX
09-27 23:02:10.917  3227  3227 I OMXClient: MuxOMX ctor
09-27 23:02:10.917  3224  3246 I OMXMaster: makeComponentInstance(OMX.google.vp8.encoder) in mediacodec process
09-27 23:02:10.920  3227  3227 W ACodec  : do not know color format 0x7f000789 = 2130708361
09-27 23:02:10.920  3224  3224 E OMXNodeInstance: getConfig(c980016:google.vp8.encoder, ConfigAndroidIntraRefresh(0x6f60000a)) ERROR: Undefined(0x80001001)
09-27 23:02:10.921  3571  3605 I ActivityManager: Start proc 3946:com.android.cellbroadcastreceiver/u0a8 for broadcast com.android.cellbroadcastreceiver/.CellBroadcastReceiver
09-27 23:02:10.922  3227  3227 I MediaPlayerService: MediaPlayerService::getOMX
09-27 23:02:10.922  3227  3227 I OMXClient: MuxOMX ctor
09-27 23:02:10.922  3224  3224 I OMXMaster: makeComponentInstance(OMX.google.mp3.decoder) in mediacodec process
09-27 23:02:10.925  3227  3227 I MediaPlayerService: MediaPlayerService::getOMX
09-27 23:02:10.925  3227  3227 I OMXClient: MuxOMX ctor
09-27 23:02:10.925  3571  3612 I chatty  : uid=1000(system) android.display expire 1 line
09-27 23:02:10.925  3224  3246 I OMXMaster: makeComponentInstance(OMX.google.amrnb.decoder) in mediacodec process
09-27 23:02:10.926  3571  3605 I chatty  : uid=1000(system) ActivityManager expire 1 line
09-27 23:02:10.926  3571  3605 W KeyguardServiceDelegate: onScreenTurningOn(): no keyguard service!
09-27 23:02:10.928  3709  3709 E ActivityThread: Failed to find provider info for org.omnirom.omnijaws.provider
09-27 23:02:10.930  3227  3227 I MediaPlayerService: MediaPlayerService::getOMX
09-27 23:02:10.931  3227  3227 I OMXClient: MuxOMX ctor
09-27 23:02:10.931  3224  3800 I OMXMaster: makeComponentInstance(OMX.google.amrwb.decoder) in mediacodec process
09-27 23:02:10.932  3571  3723 D CryptdConnector: SND -> {3 cryptfs getpw}
09-27 23:02:10.932  3094  3160 D VoldCryptCmdListener: cryptfs getpw
09-27 23:02:10.932  3571  3652 D CryptdConnector: RCV <- {200 3 -1}
09-27 23:02:10.933  3571  3723 D CryptdConnector: SND -> {4 cryptfs clearpw}
09-27 23:02:10.933  3094  3160 D VoldCryptCmdListener: cryptfs clearpw
09-27 23:02:10.933  3571  3652 D CryptdConnector: RCV <- {200 4 0}
09-27 23:02:10.936  3227  3227 I MediaPlayerService: MediaPlayerService::getOMX
09-27 23:02:10.936  3227  3227 I OMXClient: MuxOMX ctor
09-27 23:02:10.937  3224  3224 I OMXMaster: makeComponentInstance(OMX.google.aac.decoder) in mediacodec process
09-27 23:02:10.937  3946  3946 W System  : ClassLoader referenced unknown path: /system/priv-app/CellBroadcastReceiver/lib/arm64
09-27 23:02:10.938  3709  3709 E ActivityThread: Failed to find provider info for org.omnirom.omnijaws.provider
09-27 23:02:10.940  3227  3227 I MediaPlayerService: MediaPlayerService::getOMX
09-27 23:02:10.941  3227  3227 I OMXClient: MuxOMX ctor
09-27 23:02:10.941  3224  3246 I OMXMaster: makeComponentInstance(OMX.google.g711.alaw.decoder) in mediacodec process
09-27 23:02:10.943  3227  3227 I MediaPlayerService: MediaPlayerService::getOMX
09-27 23:02:10.943  3709  3709 E ActivityThread: Failed to find provider info for org.omnirom.omnijaws.provider
09-27 23:02:10.943  3227  3227 I OMXClient: MuxOMX ctor
09-27 23:02:10.943  3224  3800 I OMXMaster: makeComponentInstance(OMX.google.g711.mlaw.decoder) in mediacodec process
09-27 23:02:10.945  3227  3227 I MediaPlayerService: MediaPlayerService::getOMX
09-27 23:02:10.945  3227  3227 I OMXClient: MuxOMX ctor
09-27 23:02:10.945  3224  3224 I OMXMaster: makeComponentInstance(OMX.google.vorbis.decoder) in mediacodec process
09-27 23:02:10.947  3227  3227 I MediaPlayerService: MediaPlayerService::getOMX
09-27 23:02:10.948  3227  3227 I OMXClient: MuxOMX ctor
09-27 23:02:10.948  3224  3246 I OMXMaster: makeComponentInstance(OMX.google.opus.decoder) in mediacodec process
09-27 23:02:10.950  3227  3227 I MediaPlayerService: MediaPlayerService::getOMX
09-27 23:02:10.950  3227  3227 I OMXClient: MuxOMX ctor
09-27 23:02:10.950  3224  3800 I OMXMaster: makeComponentInstance(OMX.google.raw.decoder) in mediacodec process
09-27 23:02:10.952  3227  3227 I MediaPlayerService: MediaPlayerService::getOMX
09-27 23:02:10.953  3227  3227 I OMXClient: MuxOMX ctor
09-27 23:02:10.953  3224  3800 I OMXMaster: makeComponentInstance(OMX.google.aac.encoder) in mediacodec process
09-27 23:02:10.956  3946  3946 D CellBroadcastReceiver: onReceive Intent { act=android.intent.action.SIM_STATE_CHANGED flg=0x4000010 cmp=com.android.cellbroadcastreceiver/.CellBroadcastReceiver (has extras) }
09-27 23:02:10.958  3227  3227 I MediaPlayerService: MediaPlayerService::getOMX
09-27 23:02:10.958  3227  3227 I OMXClient: MuxOMX ctor
09-27 23:02:10.959  3224  3224 I OMXMaster: makeComponentInstance(OMX.google.amrnb.encoder) in mediacodec process
09-27 23:02:10.961  3227  3227 I MediaPlayerService: MediaPlayerService::getOMX
09-27 23:02:10.961  3227  3227 I OMXClient: MuxOMX ctor
09-27 23:02:10.961  3224  3246 I OMXMaster: makeComponentInstance(OMX.google.amrwb.encoder) in mediacodec process
09-27 23:02:10.964  3227  3227 I MediaPlayerService: MediaPlayerService::getOMX
09-27 23:02:10.964  3227  3227 I OMXClient: MuxOMX ctor
09-27 23:02:10.964  3224  3800 I OMXMaster: makeComponentInstance(OMX.google.flac.encoder) in mediacodec process
09-27 23:02:10.967  3227  3227 I MediaPlayerService: MediaPlayerService::getOMX
09-27 23:02:10.967  3227  3227 I OMXClient: MuxOMX ctor
09-27 23:02:10.967  3224  3224 I OMXMaster: makeComponentInstance(OMX.google.gsm.decoder) in mediacodec process
09-27 23:02:10.970  3227  3227 I MediaPlayerService: MediaPlayerService::getOMX
09-27 23:02:10.970  3227  3227 I OMXClient: MuxOMX ctor
09-27 23:02:10.970  3224  3246 I OMXMaster: makeComponentInstance(OMX.ffmpeg.aac.decoder) in mediacodec process
09-27 23:02:10.970  3224  3246 V FFmpegOMXPlugin: makeComponentInstance 'OMX.ffmpeg.aac.decoder'
09-27 23:02:10.970  3224  3246 D SoftFFmpegAudio: SoftFFmpegAudio component: OMX.ffmpeg.aac.decoder mCodingType: 21
09-27 23:02:10.979  3224  3224 E OMXNodeInstance: getParameter(c980025:ffmpeg.aac.decoder, ??(0x6f400005)) ERROR: UnsupportedIndex(0x8000101a)
09-27 23:02:10.979  3227  3227 W ACodec  : component OMX.ffmpeg.aac.decoder doesn't support profile query.
09-27 23:02:10.980  3227  3227 I MediaPlayerService: MediaPlayerService::getOMX
09-27 23:02:10.981  3227  3227 I OMXClient: MuxOMX ctor
09-27 23:02:10.981  3224  3224 I OMXMaster: makeComponentInstance(OMX.ffmpeg.ac3.decoder) in mediacodec process
09-27 23:02:10.981  3224  3224 V FFmpegOMXPlugin: makeComponentInstance 'OMX.ffmpeg.ac3.decoder'
09-27 23:02:10.981  3224  3224 D SoftFFmpegAudio: SoftFFmpegAudio component: OMX.ffmpeg.ac3.decoder mCodingType: 2130706434
09-27 23:02:10.981  3709  3709 E ActivityThread: Failed to find provider info for org.omnirom.omnijaws.provider
09-27 23:02:10.982  3227  3227 I MediaPlayerService: MediaPlayerService::getOMX
09-27 23:02:10.982  3227  3227 I OMXClient: MuxOMX ctor
09-27 23:02:10.982  3224  3246 I OMXMaster: makeComponentInstance(OMX.ffmpeg.alac.decoder) in mediacodec process
09-27 23:02:10.982  3224  3246 V FFmpegOMXPlugin: makeComponentInstance 'OMX.ffmpeg.alac.decoder'
09-27 23:02:10.982  3224  3246 D SoftFFmpegAudio: SoftFFmpegAudio component: OMX.ffmpeg.alac.decoder mCodingType: 2130706437
09-27 23:02:10.983  3227  3227 I MediaPlayerService: MediaPlayerService::getOMX
09-27 23:02:10.983  3227  3227 I OMXClient: MuxOMX ctor
09-27 23:02:10.983  3224  3800 I OMXMaster: makeComponentInstance(OMX.ffmpeg.ape.decoder) in mediacodec process
09-27 23:02:10.984  3224  3800 V FFmpegOMXPlugin: makeComponentInstance 'OMX.ffmpeg.ape.decoder'
09-27 23:02:10.984  3224  3800 D SoftFFmpegAudio: SoftFFmpegAudio component: OMX.ffmpeg.ape.decoder mCodingType: 2130706435
09-27 23:02:10.984  3227  3227 I MediaPlayerService: MediaPlayerService::getOMX
09-27 23:02:10.984  3227  3227 I OMXClient: MuxOMX ctor
09-27 23:02:10.985  3224  3224 I OMXMaster: makeComponentInstance(OMX.ffmpeg.atrial.decoder) in mediacodec process
09-27 23:02:10.985  3224  3224 V FFmpegOMXPlugin: makeComponentInstance 'OMX.ffmpeg.atrial.decoder'
09-27 23:02:10.985  3224  3224 D SoftFFmpegAudio: SoftFFmpegAudio component: OMX.ffmpeg.atrial.decoder mCodingType: 1
09-27 23:02:10.986  3227  3227 I MediaPlayerService: MediaPlayerService::getOMX
09-27 23:02:10.986  3227  3227 I OMXClient: MuxOMX ctor
09-27 23:02:10.986  3224  3246 I OMXMaster: makeComponentInstance(OMX.ffmpeg.dts.decoder) in mediacodec process
09-27 23:02:10.986  3224  3246 V FFmpegOMXPlugin: makeComponentInstance 'OMX.ffmpeg.dts.decoder'
09-27 23:02:10.987  3224  3246 D SoftFFmpegAudio: SoftFFmpegAudio component: OMX.ffmpeg.dts.decoder mCodingType: 2130706436
09-27 23:02:10.988  3227  3227 I MediaPlayerService: MediaPlayerService::getOMX
09-27 23:02:10.988  3227  3227 I OMXClient: MuxOMX ctor
09-27 23:02:10.988  3224  3800 I OMXMaster: makeComponentInstance(OMX.ffmpeg.flac.decoder) in mediacodec process
09-27 23:02:10.988  3224  3800 V FFmpegOMXPlugin: makeComponentInstance 'OMX.ffmpeg.flac.decoder'
09-27 23:02:10.988  3224  3800 D SoftFFmpegAudio: SoftFFmpegAudio component: OMX.ffmpeg.flac.decoder mCodingType: 28
09-27 23:02:10.989  3227  3227 I MediaPlayerService: MediaPlayerService::getOMX
09-27 23:02:10.989  3227  3227 I OMXClient: MuxOMX ctor
09-27 23:02:10.989  3224  3224 I OMXMaster: makeComponentInstance(OMX.ffmpeg.mp2.decoder) in mediacodec process
09-27 23:02:10.989  3224  3224 V FFmpegOMXPlugin: makeComponentInstance 'OMX.ffmpeg.mp2.decoder'
09-27 23:02:10.990  3224  3224 D SoftFFmpegAudio: SoftFFmpegAudio component: OMX.ffmpeg.mp2.decoder mCodingType: 2130706433
09-27 23:02:10.990  3227  3227 I MediaPlayerService: MediaPlayerService::getOMX
09-27 23:02:10.991  3227  3227 I OMXClient: MuxOMX ctor
09-27 23:02:10.991  3224  3246 I OMXMaster: makeComponentInstance(OMX.ffmpeg.ra.decoder) in mediacodec process
09-27 23:02:10.991  3224  3246 V FFmpegOMXPlugin: makeComponentInstance 'OMX.ffmpeg.ra.decoder'
09-27 23:02:10.991  3224  3246 D SoftFFmpegAudio: SoftFFmpegAudio component: OMX.ffmpeg.ra.decoder mCodingType: 26
09-27 23:02:10.992  3227  3227 I MediaPlayerService: MediaPlayerService::getOMX
09-27 23:02:10.992  3227  3227 I OMXClient: MuxOMX ctor
09-27 23:02:10.992  3224  3800 I OMXMaster: makeComponentInstance(OMX.ffmpeg.wma.decoder) in mediacodec process
09-27 23:02:10.992  3224  3800 V FFmpegOMXPlugin: makeComponentInstance 'OMX.ffmpeg.wma.decoder'
09-27 23:02:10.992  3224  3800 D SoftFFmpegAudio: SoftFFmpegAudio component: OMX.ffmpeg.wma.decoder mCodingType: 25
09-27 23:02:10.993  3227  3227 I MediaPlayerService: MediaPlayerService::getOMX
09-27 23:02:10.993  3227  3227 I OMXClient: MuxOMX ctor
09-27 23:02:10.993  3224  3224 I OMXMaster: makeComponentInstance(OMX.ffmpeg.divx.decoder) in mediacodec process
09-27 23:02:10.993  3224  3224 V FFmpegOMXPlugin: makeComponentInstance 'OMX.ffmpeg.divx.decoder'
09-27 23:02:10.993  3224  3224 D SoftFFmpegVideo: SoftFFmpegVideo component: OMX.ffmpeg.divx.decoder codingType=2130706435 appData: 0xf6932620
09-27 23:02:10.994  3224  3246 E OMXNodeInstance: getExtensionIndex(c98002f:ffmpeg.divx.decoder, OMX.google.android.index.configureVideoTunnelMode) ERROR: UnsupportedIndex(0x8000101a)
09-27 23:02:10.994  3224  3800 W OMXNodeInstance: [c98002f:ffmpeg.divx.decoder] component does not support metadata mode; using fallback
09-27 23:02:10.994  3227  3227 I MediaPlayerService: MediaPlayerService::getOMX
09-27 23:02:10.995  3227  3227 I OMXClient: MuxOMX ctor
09-27 23:02:10.995  3224  3224 I OMXMaster: makeComponentInstance(OMX.ffmpeg.flv1.decoder) in mediacodec process
09-27 23:02:10.995  3224  3224 V FFmpegOMXPlugin: makeComponentInstance 'OMX.ffmpeg.flv1.decoder'
09-27 23:02:10.995  3224  3224 D SoftFFmpegVideo: SoftFFmpegVideo component: OMX.ffmpeg.flv1.decoder codingType=2130706434 appData: 0xf6932380
09-27 23:02:10.995  3224  3246 E OMXNodeInstance: getExtensionIndex(c980030:ffmpeg.flv1.decoder, OMX.google.android.index.configureVideoTunnelMode) ERROR: UnsupportedIndex(0x8000101a)
09-27 23:02:10.995  3224  3800 W OMXNodeInstance: [c980030:ffmpeg.flv1.decoder] component does not support metadata mode; using fallback
09-27 23:02:10.996  3227  3227 I MediaPlayerService: MediaPlayerService::getOMX
09-27 23:02:10.996  3227  3227 I OMXClient: MuxOMX ctor
09-27 23:02:10.996  3224  3224 I OMXMaster: makeComponentInstance(OMX.ffmpeg.mpeg2.decoder) in mediacodec process
09-27 23:02:10.996  3224  3224 V FFmpegOMXPlugin: makeComponentInstance 'OMX.ffmpeg.mpeg2.decoder'
09-27 23:02:10.996  3224  3224 D SoftFFmpegVideo: SoftFFmpegVideo component: OMX.ffmpeg.mpeg2.decoder codingType=2 appData: 0xf69321c0
09-27 23:02:10.997  3224  3246 E OMXNodeInstance: getExtensionIndex(c980031:ffmpeg.mpeg2.decoder, OMX.google.android.index.configureVideoTunnelMode) ERROR: UnsupportedIndex(0x8000101a)
09-27 23:02:10.997  3224  3800 W OMXNodeInstance: [c980031:ffmpeg.mpeg2.decoder] component does not support metadata mode; using fallback
09-27 23:02:10.997  3227  3227 I MediaPlayerService: MediaPlayerService::getOMX
09-27 23:02:10.998  3227  3227 I OMXClient: MuxOMX ctor
09-27 23:02:10.998  3224  3224 I OMXMaster: makeComponentInstance(OMX.ffmpeg.mpeg4.decoder) in mediacodec process
09-27 23:02:10.998  3224  3224 V FFmpegOMXPlugin: makeComponentInstance 'OMX.ffmpeg.mpeg4.decoder'
09-27 23:02:10.998  3224  3224 D SoftFFmpegVideo: SoftFFmpegVideo component: OMX.ffmpeg.mpeg4.decoder codingType=4 appData: 0xf69322a0
09-27 23:02:10.999  3224  3224 E OMXNodeInstance: getExtensionIndex(c980032:ffmpeg.mpeg4.decoder, OMX.google.android.index.configureVideoTunnelMode) ERROR: UnsupportedIndex(0x8000101a)
09-27 23:02:10.999  3224  3246 W OMXNodeInstance: [c980032:ffmpeg.mpeg4.decoder] component does not support metadata mode; using fallback
09-27 23:02:10.999  3227  3227 I MediaPlayerService: MediaPlayerService::getOMX
09-27 23:02:11.000  3227  3227 I OMXClient: MuxOMX ctor
09-27 23:02:11.000  3224  3800 I OMXMaster: makeComponentInstance(OMX.ffmpeg.rv.decoder) in mediacodec process
09-27 23:02:11.000  3224  3800 V FFmpegOMXPlugin: makeComponentInstance 'OMX.ffmpeg.rv.decoder'
09-27 23:02:11.000  3224  3800 D SoftFFmpegVideo: SoftFFmpegVideo component: OMX.ffmpeg.rv.decoder codingType=6 appData: 0xf6699000
09-27 23:02:11.001  3224  3224 E OMXNodeInstance: getExtensionIndex(c980033:ffmpeg.rv.decoder, OMX.google.android.index.configureVideoTunnelMode) ERROR: UnsupportedIndex(0x8000101a)
09-27 23:02:11.001  3224  3246 W OMXNodeInstance: [c980033:ffmpeg.rv.decoder] component does not support metadata mode; using fallback
09-27 23:02:11.002  3227  3227 I MediaPlayerService: MediaPlayerService::getOMX
09-27 23:02:11.002  3227  3227 I OMXClient: MuxOMX ctor
09-27 23:02:11.002  3224  3800 I OMXMaster: makeComponentInstance(OMX.ffmpeg.vc1.decoder) in mediacodec process
09-27 23:02:11.002  3224  3800 V FFmpegOMXPlugin: makeComponentInstance 'OMX.ffmpeg.vc1.decoder'
09-27 23:02:11.003  3224  3800 D SoftFFmpegVideo: SoftFFmpegVideo component: OMX.ffmpeg.vc1.decoder codingType=2130706433 appData: 0xf6932700
09-27 23:02:11.004  3224  3224 E OMXNodeInstance: getExtensionIndex(c980034:ffmpeg.vc1.decoder, OMX.google.android.index.configureVideoTunnelMode) ERROR: UnsupportedIndex(0x8000101a)
09-27 23:02:11.004  3224  3246 W OMXNodeInstance: [c980034:ffmpeg.vc1.decoder] component does not support metadata mode; using fallback
09-27 23:02:11.005  3227  3227 I MediaPlayerService: MediaPlayerService::getOMX
09-27 23:02:11.005  3227  3227 I OMXClient: MuxOMX ctor
09-27 23:02:11.005  3224  3800 I OMXMaster: makeComponentInstance(OMX.ffmpeg.vtrial.decoder) in mediacodec process
09-27 23:02:11.005  3224  3800 V FFmpegOMXPlugin: makeComponentInstance 'OMX.ffmpeg.vtrial.decoder'
09-27 23:02:11.006  3224  3800 D SoftFFmpegVideo: SoftFFmpegVideo component: OMX.ffmpeg.vtrial.decoder codingType=1 appData: 0xf69327e0
09-27 23:02:11.007  3224  3224 E OMXNodeInstance: getExtensionIndex(c980035:ffmpeg.vtrial.decoder, OMX.google.android.index.configureVideoTunnelMode) ERROR: UnsupportedIndex(0x8000101a)
09-27 23:02:11.007  3224  3246 W OMXNodeInstance: [c980035:ffmpeg.vtrial.decoder] component does not support metadata mode; using fallback
09-27 23:02:11.008  3227  3227 I MediaPlayerService: MediaPlayerService::getOMX
09-27 23:02:11.008  3227  3227 I OMXClient: MuxOMX ctor
09-27 23:02:11.008  3224  3800 I OMXMaster: makeComponentInstance(OMX.ffmpeg.wmv.decoder) in mediacodec process
09-27 23:02:11.008  3224  3800 V FFmpegOMXPlugin: makeComponentInstance 'OMX.ffmpeg.wmv.decoder'
09-27 23:02:11.009  3224  3800 D SoftFFmpegVideo: SoftFFmpegVideo component: OMX.ffmpeg.wmv.decoder codingType=5 appData: 0xf69328c0
09-27 23:02:11.009  3224  3800 E OMXNodeInstance: getExtensionIndex(c980036:ffmpeg.wmv.decoder, OMX.google.android.index.configureVideoTunnelMode) ERROR: UnsupportedIndex(0x8000101a)
09-27 23:02:11.010  3224  3246 W OMXNodeInstance: [c980036:ffmpeg.wmv.decoder] component does not support metadata mode; using fallback
09-27 23:02:11.011  3227  3227 I MediaPlayerService: MediaPlayerService::getOMX
09-27 23:02:11.011  3227  3227 I OMXClient: MuxOMX ctor
09-27 23:02:11.011  3227  3227 W MediaCodecList: unable to open media codecs configuration xml file: /etc/media_codecs_performance.xml
09-27 23:02:11.012  3227  3227 I MediaPlayerService: MediaPlayerService::getOMX
09-27 23:02:11.012  3227  3227 I OMXClient: MuxOMX ctor
09-27 23:02:11.012  3227  3227 W MediaCodecList: unable to open media codecs configuration xml file: /data/misc/media/media_codecs_profiling_results.xml
09-27 23:02:11.013  3227  3884 I MediaPlayerService: MediaPlayerService::getOMX
09-27 23:02:11.013  3227  3874 I MediaPlayerService: MediaPlayerService::getOMX
09-27 23:02:11.013  3227  3794 I MediaPlayerService: MediaPlayerService::getOMX
09-27 23:02:11.014  3833  3833 D PhoneSwitcherNetworkRequstListener: Registering NetworkFactory
09-27 23:02:11.014  3227  3884 I OMXClient: MuxOMX ctor
09-27 23:02:11.014  3571  3663 D ConnectivityService: Got NetworkFactory Messenger for PhoneSwitcherNetworkRequstListener
09-27 23:02:11.014  3224  3246 I OMXMaster: makeComponentInstance(OMX.google.vorbis.decoder) in mediacodec process
09-27 23:02:11.015  3709  3793 I OMXClient: MuxOMX ctor
09-27 23:02:11.015  3571  3739 I chatty  : uid=1000 system_server expire 1 line
09-27 23:02:11.016  3224  4038 I OMXMaster: makeComponentInstance(OMX.google.vorbis.decoder) in mediacodec process
09-27 23:02:11.016  3224  3224 I OMXMaster: makeComponentInstance(OMX.google.vorbis.decoder) in mediacodec process
09-27 23:02:11.017  3571  3663 D ConnectivityService: Got NetworkFactory Messenger for TelephonyNetworkFactory[0]
09-27 23:02:11.017  3571  3663 D ConnectivityService: Got NetworkFactory Messenger for TelephonyNetworkFactory[1]
09-27 23:02:11.017  3224  3246 E OMXNodeInstance: setConfig(c980037:google.vorbis.decoder, ConfigPriority(0x6f800002)) ERROR: Undefined(0x80001001)
09-27 23:02:11.017  3227  3884 I ACodec  : codec does not support config priority (err -2147483648)
09-27 23:02:11.020  3227  3884 I MediaCodec: MediaCodec will operate in async mode
09-27 23:02:11.030  3833  4048 E ActivityThread: Failed to find provider info for com.android.contacts
09-27 23:02:11.030  3833  4048 W CallerInfoCache: cursor is null
09-27 23:02:11.031  3833  3833 D CarrierConfigLoader: CarrierConfigLoader has started
09-27 23:02:11.038  3571  3860 D BluetoothManagerService: Trying to bind to profile: 1, while Bluetooth was disabled
09-27 23:02:11.038  3227  3882 D AudioTrack: Client defaulted notificationFrames to 7350 for frameCount 22050
09-27 23:02:11.039  3220  3220 W AudioPolicyIntefaceImpl: Skipped to add effects on session 17
09-27 23:02:11.039  3220  3220 I APM_AudioPolicyManager: startOutput() output 13, stream 1, session 17
09-27 23:02:11.040  3220  3419 D audio_hw_primary_abox: primary_out-set_audio_route: [PLAYBACK] current-device(none) new-device(speaker) in cur-mode(normal) & new-mode(normal)!
09-27 23:02:11.040  3220  3419 I audio_hw_primary_abox: is_voice_wakeup : ret =  0  , wakeup_baby_cry_enabled = 0  ,  wakeup_mic_enabled = 0 
09-27 23:02:11.040  3220  3419 I audio_route: > audio_route_apply_path : "media-speaker"
09-27 23:02:11.041  3227  3879 D NuPlayerDriver: notifyListener_l(0xf478c360), (6, 0, 0), loop setting(0, 0)
09-27 23:02:11.041  3220  3419 I audio_route: > audio_route_update_path + : "media-speaker" reverse(0)
09-27 23:02:11.041  3220  3419 I audio_route: > audio_route_update_path - : changed(0)
09-27 23:02:11.041  3220  3419 D audio_hw_primary_abox: primary_out-do_set_route: Enabled Audio Route(media-speaker)
09-27 23:02:11.041  3220  3419 I audio_route: > audio_route_apply_path : "gain-media-speaker"
09-27 23:02:11.041  3220  3419 I audio_route: > audio_route_update_path + : "gain-media-speaker" reverse(0)
09-27 23:02:11.041  3220  3419 I audio_route: > audio_route_update_path - : changed(0)
09-27 23:02:11.041  3220  3419 D audio_hw_primary_abox: primary_out-do_set_route: Enabled Audio Gain(gain-media-speaker)
09-27 23:02:11.042  3220  3419 I audio_hw_primary_abox: [do_open_spkamp_stream] Opened PCM Device(/dev/snd/pcmC0D7p) configured Info: Channels(2)  Smapling Rate(48000), Format: Default(0)
09-27 23:02:11.045  3220  3419 I audio_hw_primary_abox: [do_open_spkamp_stream] Opened PCM Device(/dev/snd/pcmC0D11c) configured Info: Channels(2)  Smapling Rate(48000), Format: Default(0)
09-27 23:02:11.047  3220  3419 I audio_hw_primary_abox: [do_open_spkamp_stream] Opened PCM Device(/dev/snd/pcmC0D12c) configured Info: Channels(2)  Smapling Rate(48000), Format: Default(0)
09-27 23:02:11.055  3230  3682 D bauth_FPBAuthService: pcf : 0x1011
09-27 23:02:11.055  3230  3682 E bauth_FPBAuthServiceStorage:  FPBAuthServiceStorage::readCALIBRATIONMetaData fileopen error : 2
09-27 23:02:11.055  3230  3682 E bauth_FPBAuthService: retrieveMetaData is not existed : 262
09-27 23:02:11.055  3230  3682 I TLC_BAUTH: Call FP cmd 0xc (30);1562
09-27 23:02:11.055  3230  3682 I TLC_BAUTH: status : 0, cmd : 0x0x0 rsp : 0x0x0;1599
09-27 23:02:11.055  3230  3682 E TLC_BAUTH:   *****************************
09-27 23:02:11.055  3230  3682 E TLC_BAUTH:   *** ERROR: TZ Session is not opened properly - Ignore
09-27 23:02:11.055  3230  3682 E TLC_BAUTH:   *** Detected in BAuth_Control_OP/1599()
09-27 23:02:11.055  3230  3682 E TLC_BAUTH:   *****************************
09-27 23:02:11.055  3230  3682 D bauth_FPBAuthService: check_opcode status = 5, opcode = 30, func_ret_val = 29, function_status = 0, timeout = 0
09-27 23:02:11.055  3230  3682 E bauth_FPBAuthService: check_opcode func_ret_val error = 29
09-27 23:02:11.055  3230  3682 I TLC_BAUTH: Call FUNC ID 0x4;696
09-27 23:02:11.055  3230  3682 I TLC_BAUTH: Trustlet Session is not opened. status : 0;822
09-27 23:02:11.055  3230  3682 I TLC_BAUTH: FUNC ID 0x4 is completed;828
09-27 23:02:11.055  3230  3682 D bauth_FPBAuthSensorControl: FPBAuthSensorControl, 304
09-27 23:02:11.055  3230  3682 D bauth_FPBAuthService: FPBAuthService, 688
09-27 23:02:11.055  3230  3682 D bauth_FPBAuthService: FPBAuthService, 7477
09-27 23:02:11.055  3230  3682 D bauth_service: BAuthService, 85
09-27 23:02:11.055  3230  3682 D bauth_FPBAuthService: FPBAuthService, 7272
09-27 23:02:11.065  3220  3419 I audio_hw_primary_abox: [do_open_spkamp_stream] Opened PCM Device(/dev/snd/pcmC0D6p) configured Info: Channels(2)  Smapling Rate(48000), Format: Default(0)
09-27 23:02:11.069  3227  3227 I MediaPlayerService: MediaPlayerService::getOMX
09-27 23:02:11.069  3571  4050 I chatty  : uid=1000 system_server expire 1 line
09-27 23:02:11.070  3224  3800 I OMXMaster: makeComponentInstance(OMX.google.vorbis.decoder) in mediacodec process
09-27 23:02:11.072  3227  3874 I MediaPlayerService: MediaPlayerService::getOMX
09-27 23:02:11.073  3709  4051 I OMXClient: MuxOMX ctor
09-27 23:02:11.073  3224  3224 I OMXMaster: makeComponentInstance(OMX.google.vorbis.decoder) in mediacodec process
09-27 23:02:11.077  3833  3833 I Telephony: TtyManager: updateUiTtyMode -1 -> 0
09-27 23:02:11.083  3220  3419 I audio_hw_primary_abox: primary_out-do_open_output_stream: Opened PCM Device is /dev/snd/pcmC0D0p samplingRate(48000) pcmformat(0)
09-27 23:02:11.083  3220  3419 I audio_hw_primary_abox: primary_out-out_write: Transit to Idle
09-27 23:02:11.084  3833  3833 I Telephony: TtyManager: updateUiTtyMode -1 -> 0
09-27 23:02:11.087  3220  3419 I audio_hw_primary_abox: primary_out-out_write: Transit to Playing
09-27 23:02:11.105  3709  3709 E ActivityThread: Failed to find provider info for org.omnirom.omnijaws.provider
09-27 23:02:11.107  3227  3795 I MediaPlayerService: MediaPlayerService::getOMX
09-27 23:02:11.108  3571  4056 I chatty  : uid=1000 system_server expire 1 line
09-27 23:02:11.110  3224  3246 I OMXMaster: makeComponentInstance(OMX.google.vorbis.decoder) in mediacodec process
09-27 23:02:11.119  3227  3794 I MediaPlayerService: MediaPlayerService::getOMX
09-27 23:02:11.120  3709  4059 I OMXClient: MuxOMX ctor
09-27 23:02:11.122  3224  3224 I OMXMaster: makeComponentInstance(OMX.google.vorbis.decoder) in mediacodec process
09-27 23:02:11.135  3709  3709 W ResourceType: Invalid package identifier when getting bag for resource number 0xff4285f4
09-27 23:02:11.146  3227  3227 I MediaPlayerService: MediaPlayerService::getOMX
09-27 23:02:11.147  3571  4062 I chatty  : uid=1000 system_server expire 1 line
09-27 23:02:11.147  3224  4038 I OMXMaster: makeComponentInstance(OMX.google.vorbis.decoder) in mediacodec process
09-27 23:02:11.176  3227  3874 I MediaPlayerService: MediaPlayerService::getOMX
09-27 23:02:11.177  3571  4065 I chatty  : uid=1000 system_server expire 1 line
09-27 23:02:11.178  3224  4038 I OMXMaster: makeComponentInstance(OMX.google.vorbis.decoder) in mediacodec process
09-27 23:02:11.181  3220  3419 D AudioFlinger: mixer(0xf6183fc0) throttle end: throttle time(79)
09-27 23:02:11.189  3709  3709 W System  : ClassLoader referenced unknown path: 
09-27 23:02:11.189  3709  3709 D ApplicationLoaders: ignored Vulkan layer search path /system/app/Camera2/lib/arm64:/system/app/Camera2/Camera2.apk!/lib/arm64-v8a:/system/lib64:/vendor/lib64 for namespace 0x7f7f67f0f0
09-27 23:02:11.201  3846  3846 D SimSelectNotification:  no of slots 2 provision = true
09-27 23:02:11.202  3946  3946 D CellBroadcastReceiver: onReceive Intent { act=android.intent.action.SIM_STATE_CHANGED flg=0x4000010 cmp=com.android.cellbroadcastreceiver/.CellBroadcastReceiver (has extras) }
09-27 23:02:11.207  3227  3794 I MediaPlayerService: MediaPlayerService::getOMX
09-27 23:02:11.207  3571  4070 I chatty  : uid=1000 system_server expire 1 line
09-27 23:02:11.209  3224  3224 I OMXMaster: makeComponentInstance(OMX.google.vorbis.decoder) in mediacodec process
09-27 23:02:11.233  3220  3427 I APM_AudioPolicyManager: setForceUse() usage 0, config 0, mPhoneState 0
09-27 23:02:11.234  3220  3427 W APM_AudioPolicyManager: setForceUse() usage 0, config 0 is Already setted
09-27 23:02:11.234  3220  3220 I APM_AudioPolicyManager: setForceUse() usage 2, config 0, mPhoneState 0
09-27 23:02:11.234  3220  3220 W APM_AudioPolicyManager: setForceUse() usage 2, config 0 is Already setted
09-27 23:02:11.234  3220  3427 I APM_AudioPolicyManager: setForceUse() usage 3, config 8, mPhoneState 0
09-27 23:02:11.234  3220  3427 W APM_AudioPolicyManager: setForceUse() usage 3, config 8 is Already setted
09-27 23:02:11.234  3220  3220 I APM_AudioPolicyManager: setForceUse() usage 6, config 0, mPhoneState 0
09-27 23:02:11.234  3220  3220 W APM_AudioPolicyManager: setForceUse() usage 6, config 0 is Already setted
09-27 23:02:11.263  3833  3833 D PhoneSwitcherNetworkRequstListener: got request NetworkRequest [ REQUEST id=1, [ Capabilities: INTERNET&NOT_RESTRICTED&TRUSTED&NOT_VPN] ] with score 0
09-27 23:02:11.264  3833  3833 D TelephonyDebugService: TelephonyDebugService()
09-27 23:02:11.264  3833  3833 D CarrierConfigLoader: mHandler: 12 phoneId: 0
09-27 23:02:11.268  3833  3833 W Telephony: TelecomAccountRegistry: Failed to get status , slotId: 0 Exception: java.lang.NullPointerException: Attempt to invoke interface method 'int org.codeaurora.internal.IExtTelephony.getCurrentUiccCardProvisioningStatus(int)' on a null object reference
09-27 23:02:11.269  3833  3833 W Telephony: TelecomAccountRegistry: Failed to get status , slotId: 1 Exception: java.lang.NullPointerException: Attempt to invoke interface method 'int org.codeaurora.internal.IExtTelephony.getCurrentUiccCardProvisioningStatus(int)' on a null object reference
09-27 23:02:11.269  3833  3833 E PhoneInterfaceManager: [PhoneIntfMgr] getIccId: No UICC
09-27 23:02:11.274  3571  3603 I Telecom : PhoneAccountRegistrar: New phone account registered: [[ ] PhoneAccount: ComponentInfo{com.android.phone/com.android.services.telephony.TelephonyConnectionService}, [e0184adedf913b076626646d3f52c3b49c39ad6d], UserHandle{0} Capabilities: CallProvider MultiUser PlaceEmerg SimSub  Audio Routes: BESW Schemes: tel voicemail  Extras: null GroupId: [da39a3ee5e6b4b0d3255bfef95601890afd80709]]: TSI.rPA@AAQ
09-27 23:02:11.277  3571  3603 I Telecom : : Sending phone-account registered intent as user: TSI.rPA@AAQ
09-27 23:02:11.278  3833  3833 I Telephony: AccountEntry: Registered phoneAccount: [[ ] PhoneAccount: ComponentInfo{com.android.phone/com.android.services.telephony.TelephonyConnectionService}, [e0184adedf913b076626646d3f52c3b49c39ad6d], UserHandle{0} Capabilities: CallProvider MultiUser PlaceEmerg SimSub  Audio Routes: BESW Schemes: tel voicemail  Extras: null GroupId: [da39a3ee5e6b4b0d3255bfef95601890afd80709]] with handle: ComponentInfo{com.android.phone/com.android.services.telephony.TelephonyConnectionService}, [e0184adedf913b076626646d3f52c3b49c39ad6d], UserHandle{0}
09-27 23:02:11.279  3833  3833 I Telephony: PstnIncomingCallNotifier: Registering: Handler (com.android.internal.telephony.GsmCdmaPhone) {76b2705}
09-27 23:02:11.282  3833  3833 I Telephony: TelecomAccountRegistry: Unregistering phone account ComponentInfo{com.android.phone/com.android.services.telephony.TelephonyConnectionService}, [2628372b20c6b31a61c46f7f5a9328dbf0edaed6], UserHandle{0}.
09-27 23:02:11.285  3571  3722 I Telecom : : Sending phone-account unregistered intent as user: TSI.uPA@AAY
09-27 23:02:11.303  3833  3833 I Telephony: PstnIncomingCallNotifier: Unregistering: Handler (com.android.internal.telephony.GsmCdmaPhone) {76b2705}
09-27 23:02:11.303  3833  3833 W Telephony: TelecomAccountRegistry: Failed to get status , slotId: 0 Exception: java.lang.NullPointerException: Attempt to invoke interface method 'int org.codeaurora.internal.IExtTelephony.getCurrentUiccCardProvisioningStatus(int)' on a null object reference
09-27 23:02:11.304  3833  3833 W Telephony: TelecomAccountRegistry: Failed to get status , slotId: 1 Exception: java.lang.NullPointerException: Attempt to invoke interface method 'int org.codeaurora.internal.IExtTelephony.getCurrentUiccCardProvisioningStatus(int)' on a null object reference
09-27 23:02:11.304  3833  3833 E PhoneInterfaceManager: [PhoneIntfMgr] getIccId: No UICC
09-27 23:02:11.306  3571  3602 I Telecom : PhoneAccountRegistrar: [ComponentInfo{com.android.phone/com.android.services.telephony.TelephonyConnectionService}, [e0184adedf913b076626646d3f52c3b49c39ad6d], UserHandle{0}(icon: Icon(typ=BITMAP size=67x84) -> Icon(typ=BITMAP size=67x84))]: TSI.rPA@AAg
09-27 23:02:11.308  3571  3602 I Telecom : : Sending phone-account registered intent as user: TSI.rPA@AAg
09-27 23:02:11.308  3833  3833 I Telephony: AccountEntry: Registered phoneAccount: [[ ] PhoneAccount: ComponentInfo{com.android.phone/com.android.services.telephony.TelephonyConnectionService}, [e0184adedf913b076626646d3f52c3b49c39ad6d], UserHandle{0} Capabilities: CallProvider MultiUser PlaceEmerg SimSub  Audio Routes: BESW Schemes: tel voicemail  Extras: null GroupId: [da39a3ee5e6b4b0d3255bfef95601890afd80709]] with handle: ComponentInfo{com.android.phone/com.android.services.telephony.TelephonyConnectionService}, [e0184adedf913b076626646d3f52c3b49c39ad6d], UserHandle{0}
09-27 23:02:11.308  3833  3833 I Telephony: PstnIncomingCallNotifier: Registering: Handler (com.android.internal.telephony.GsmCdmaPhone) {76b2705}
09-27 23:02:11.312  3846  3846 D SimSelectNotification:  no of slots 2 provision = true
09-27 23:02:11.313  3946  3946 D CellBroadcastReceiver: onReceive Intent { act=android.intent.action.SERVICE_STATE flg=0x10 cmp=com.android.cellbroadcastreceiver/.CellBroadcastReceiver (has extras) }
09-27 23:02:11.314  3946  3946 D CellBroadcastReceiver: Intent: android.intent.action.SERVICE_STATE
09-27 23:02:11.315  3946  3946 D CellBroadcastReceiver: Service state changed! 3 Full: 3 3 voice home data home null null null null null null  Unknown Unknown CSS not supported -1 -1 RoamInd=-1 DefRoamInd=-1 EmergOnly=false IsDataRoamingFromRegistration=false IsUsingCarrierAggregation=false Current state=-1
09-27 23:02:11.316  3946  3946 D CellBroadcastReceiver: onReceive Intent { act=android.intent.action.SERVICE_STATE flg=0x10 cmp=com.android.cellbroadcastreceiver/.CellBroadcastReceiver (has extras) }
09-27 23:02:11.316  3946  3946 D CellBroadcastReceiver: Intent: android.intent.action.SERVICE_STATE
09-27 23:02:11.328  3709  3709 D ClockController: onTuningChanged key=cmsystem:status_bar_clock value=null
09-27 23:02:11.329  3709  3709 D ClockController: onTuningChanged key=cmsystem:status_bar_am_pm value=null
09-27 23:02:11.329  3709  3709 D ClockController: onTuningChanged key=clock_seconds value=null
09-27 23:02:11.334  3833  3833 E PhoneInterfaceManager: [PhoneIntfMgr] getIccId: No UICC
09-27 23:02:11.337  3571  3860 I Telecom : PhoneAccountRegistrar: [ComponentInfo{com.android.phone/com.android.services.telephony.TelephonyConnectionService}, [e0184adedf913b076626646d3f52c3b49c39ad6d], UserHandle{0}(icon: Icon(typ=BITMAP size=67x84) -> Icon(typ=BITMAP size=67x84))]: TSI.rPA@AAs
09-27 23:02:11.338  3571  3860 I Telecom : : Sending phone-account registered intent as user: TSI.rPA@AAs
09-27 23:02:11.341  3833  3833 D CarrierConfigLoader: update config for phoneId: 1 simState: ABSENT
09-27 23:02:11.341  3833  3833 D CarrierSvcBindHelper: update binding for phoneId: 1 simState: ABSENT
09-27 23:02:11.341  3833  3833 D CarrierConfigLoader: mHandler: 0 phoneId: 1
09-27 23:02:11.341  3833  3833 D CarrierSvcBindHelper: mHandler: 0
09-27 23:02:11.341  3833  3833 D CarrierSvcBindHelper: Rebinding if necessary for phoneId: 1
