09-27 23:02:21.805  4287  4845 D BrcmNfcJni: nfcManager_doCreateLlcpServiceSocket: MIU = 128
09-27 23:02:21.805  4287  4844 D BrcmNfcJni: PeerToPeer::accept: enter; server jni handle: 2; conn jni handle: 5; maxInfoUnit: 248; recvWindow: 1
09-27 23:02:21.805  4287  4845 D BrcmNfcJni: nfcManager_doCreateLlcpServiceSocket:  RW = 1
09-27 23:02:21.805  4287  4845 D BrcmNfcJni: nfcManager_doCreateLlcpServiceSocket: exit
09-27 23:02:21.805  4287  4844 D BrcmNfcJni: P2pServer::accept: serverJniHandle: 2; connJniHandle: 5; wait for incoming connection
09-27 23:02:21.806  4287  4845 D BrcmNfcJni: nativeLlcpServiceSocket_doAccept: enter
09-27 23:02:21.806  4287  4845 D BrcmNfcJni: PeerToPeer::accept: enter; server jni handle: 4; conn jni handle: 6; maxInfoUnit: 128; recvWindow: 1
09-27 23:02:21.806  4287  4845 D BrcmNfcJni: P2pServer::accept: serverJniHandle: 4; connJniHandle: 6; wait for incoming connection
09-27 23:02:21.808  4287  4402 D BrcmNfcJni: nfcManager_enableDiscovery: enter; tech_mask = 01
09-27 23:02:21.808  4287  4402 D BrcmNfcJni: PowerSwitch::setLevel: level=PS-FULL (1)
09-27 23:02:21.808  4287  4402 D BrcmNfcJni: stopPolling_rfDiscoveryDisabled: disable polling
09-27 23:02:21.808  4287  4402 I BrcmNfcNfa: NFA_DisablePolling ()
09-27 23:02:21.808  4287  4406 I BrcmNfcNfa: NFA got event 0x0107
09-27 23:02:21.808  4287  4406 I BrcmNfcNfa: nfa_dm_evt_hdlr event: NFA_DM_API_DISABLE_POLLING_EVT (0x07)
09-27 23:02:21.808  4287  4406 I BrcmNfcNfa: nfa_dm_act_disable_polling ()
09-27 23:02:21.808  4287  4406 D BrcmNfcJni: nfaConnectionCallback: event= 1
09-27 23:02:21.808  4287  4406 D BrcmNfcJni: nfaConnectionCallback: NFA_POLL_DISABLED_EVT: status = 3
09-27 23:02:21.808  4287  4402 I BrcmNfcNfa: NFA_GetConfig (): num_ids: 1
09-27 23:02:21.808  4287  4406 I BrcmNfcNfa: NFA got event 0x0103
09-27 23:02:21.808  4287  4406 I BrcmNfcNfa: nfa_dm_evt_hdlr event: NFA_DM_API_GET_CONFIG_EVT (0x03)
09-27 23:02:21.808  4287  4406 D NfcAdaptation: NfcAdaptation::HalWrite
09-27 23:02:21.808  4287  4406 I SecHAL  : nfc_hal_write: enter;
09-27 23:02:21.808  4287  4847 E WVMExtractor: Failed to open libwvm.so: dlopen failed: library "libwvm.so" not found
09-27 23:02:21.808  4287  4406 I SecHAL  : nfc_hal_write: exit;
09-27 23:02:21.808  4287  4449 D SecHAL  : nfc_hal_task: Got a event: HAL_EVT_WRITE(3)
09-27 23:02:21.808  4287  4449 D SecHAL  : nfc_hal_task: current state: SERVICE
09-27 23:02:21.808  4287  4449 I SecHAL  : OSI_timer_start: enter,osi_lock
09-27 23:02:21.808  4287  4449 I SecHAL  : OSI_timer_start: before osi_unlock
09-27 23:02:21.808  4287  4449 I SecHAL  : OSI_timer_start: exit
09-27 23:02:21.808  4287  4449 I SecHAL  : device_write: enter
09-27 23:02:21.808  4287  4449 I SecHAL  : device_write: before system call
09-27 23:02:21.809  4287  4449 I SecHAL  : device_write: after system call
09-27 23:02:21.809  4287  4449 D SecHAL  : data_trace:  Send(  5) 20 03 02   01 b9 
09-27 23:02:21.809  4287  4449 I SecHAL  : device_write: exit
09-27 23:02:21.809  4287  4448 D SecHAL  : read_thread: Sent message to HAL message task, remind que: 2
09-27 23:02:21.809  4287  4449 D SecHAL  : nfc_hal_task: Got a event: HAL_EVT_READ(4)
09-27 23:02:21.809  4287  4449 D SecHAL  : nfc_hal_task: current state: SERVICE
09-27 23:02:21.809  4287  4449 D SecHAL  : data_trace:  Recv(  7) 40 03 04   09 01 b9 00 
09-27 23:02:21.809  4287  4449 I SecHAL  : OSI_timer_start: enter,osi_lock
09-27 23:02:21.809  4287  4449 I SecHAL  : OSI_timer_start: before osi_unlock
09-27 23:02:21.809  4287  4449 I SecHAL  : OSI_timer_start: exit
09-27 23:02:21.809  4287  4449 I SecHAL  : nfc_data_callback: !
09-27 23:02:21.809  4287  4449 D NfcAdaptation: NfcAdaptation::HalDeviceContextDataCallback: len=7
09-27 23:02:21.809  4287  4406 I BrcmNfcNfa: NFC received rsp gid:0
09-27 23:02:21.809  4287  4406 I BrcmNfcNfa: nci_proc_core_rsp opcode:0x3
09-27 23:02:21.809  4287  4406 I BrcmNfcNfa: nfa_dm_nfc_response_cback () NFC_GET_CONFIG_REVT(0x5003)
09-27 23:02:21.809  4287  4406 D BrcmNfcJni: nfaDeviceManagementCallback: enter; event=0x3
09-27 23:02:21.809  4287  4406 D BrcmNfcJni: nfaDeviceManagementCallback: NFA_DM_GET_CONFIG_EVT
09-27 23:02:21.809  4287  4406 E BrcmNfcJni: nfaDeviceManagementCallback: NFA_DM_GET_CONFIG failed
09-27 23:02:21.809  4287  4402 E BrcmNfcJni: enableDisableLptd: Config TLV length 0 returned is too short
09-27 23:02:21.809  4287  4402 D BrcmNfcJni: startPolling_rfDiscoveryDisabled: enable polling
09-27 23:02:21.809  4287  4402 I BrcmNfcNfa: NFA_EnablePolling () 0x1
09-27 23:02:21.809  4287  4402 D BrcmNfcJni: startPolling_rfDiscoveryDisabled: wait for enable event
09-27 23:02:21.809  4287  4406 I BrcmNfcNfa: NFA got event 0x0106
09-27 23:02:21.809  4287  4406 I BrcmNfcNfa: nfa_dm_evt_hdlr event: NFA_DM_API_ENABLE_POLLING_EVT (0x06)
09-27 23:02:21.809  4287  4406 I BrcmNfcNfa: nfa_dm_act_enable_polling ()
09-27 23:02:21.809  4287  4406 I BrcmNfcNfa: nfa_dm_start_polling ()
09-27 23:02:21.809  4287  4406 I BrcmNfcNfa: nfa_dm_add_rf_discover () disc_mask=0x200f
09-27 23:02:21.809  4287  4406 D BrcmNfcJni: nfaConnectionCallback: event= 0
09-27 23:02:21.809  4287  4406 D BrcmNfcJni: nfaConnectionCallback: NFA_POLL_ENABLED_EVT: status = 0
09-27 23:02:21.809  4287  4402 D BrcmNfcJni: nfcManager_enableDiscovery: Enable p2pListening
09-27 23:02:21.809  4287  4402 I BrcmNfcNfa: NFA_EeSetDefaultTechRouting(): handle:<0x3>technology_mask:<0x1>/<0x0>/<0x0>
09-27 23:02:21.809  4287  4402 I BrcmNfcNfa: nfa_ee_find_ecb ()
09-27 23:02:21.809  4287  4402 E BrcmNfcNfa: Bad ee_handle
09-27 23:02:21.809  4287  4402 E BrcmNfcJni: Fail to set default tech routing for Nfc-A
09-27 23:02:21.809  4287  4402 I BrcmNfcNfa: NFA_EeSetDefaultProtoRouting(): handle:<0x3>protocol_mask:<0x8>/<0x0>/<0x0>
09-27 23:02:21.809  4287  4402 I BrcmNfcNfa: nfa_ee_find_ecb ()
09-27 23:02:21.809  4287  4402 E BrcmNfcNfa: Bad ee_handle
09-27 23:02:21.809  4287  4402 E BrcmNfcJni: Fail to set default proto routing for IsoDep
09-27 23:02:21.809  4287  4402 I BrcmNfcNfa: NFA_EeSetDefaultTechRouting(): handle:<0x0>technology_mask:<0x4>/<0x0>/<0x0>
09-27 23:02:21.809  4287  4402 I BrcmNfcNfa: nfa_ee_find_ecb ()
09-27 23:02:21.809  4287  4406 I BrcmNfcNfa: NFA got event 0x0204
09-27 23:02:21.809  4287  4406 I BrcmNfcNfa: nfa_ee_evt_hdlr (): Event API_SET_TECH_CFG(0x204), State: INIT_DONE(1)
09-27 23:02:21.809  4287  4406 I BrcmNfcNfa: nfa_ee_update_route_size nfcee_id:0x0 size_mask:5
09-27 23:02:21.809  4287  4406 I BrcmNfcNfa: nfa_ee_total_lmrt_size size:5
09-27 23:02:21.809  4287  4406 I BrcmNfcNfa: nfa_dm_is_active () flags:0x5
09-27 23:02:21.809  4287  4406 I BrcmNfcNfa: nfa_sys_ptim_start_timer 7a1f1b80
09-27 23:02:21.809  4287  4406 I BrcmNfcNfa: ptim timer start
09-27 23:02:21.809  4287  4406 D BrcmNfcJni: RoutingManager::nfaEeCallback: NFA_EE_SET_TECH_CFG_EVT; status=0x0
09-27 23:02:21.809  4287  4402 I BrcmNfcNfa: NFA_EeSetDefaultProtoRouting(): handle:<0x0>protocol_mask:<0x4>/<0x0>/<0x0>
09-27 23:02:21.809  4287  4402 I BrcmNfcNfa: nfa_ee_find_ecb ()
09-27 23:02:21.809  4287  4406 I BrcmNfcNfa: NFA got event 0x0205
09-27 23:02:21.809  4287  4406 I BrcmNfcNfa: nfa_ee_evt_hdlr (): Event API_SET_PROTO_CFG(0x205), State: INIT_DONE(1)
09-27 23:02:21.809  4287  4406 I BrcmNfcNfa: nfa_ee_update_route_size nfcee_id:0x0 size_mask:10
09-27 23:02:21.809  4287  4406 I BrcmNfcNfa: nfa_ee_total_lmrt_size size:10
09-27 23:02:21.809  4287  4406 I BrcmNfcNfa: nfa_dm_is_active () flags:0x5
09-27 23:02:21.809  4287  4406 I BrcmNfcNfa: nfa_sys_ptim_start_timer 7a1f1b80
09-27 23:02:21.809  4287  4406 D BrcmNfcJni: RoutingManager::nfaEeCallback: NFA_EE_SET_PROTO_CFG_EVT; status=0x0
09-27 23:02:21.809  4287  4402 D BrcmNfcJni: RoutingManager::commitRouting
09-27 23:02:21.809  4287  4402 I BrcmNfcNfa: NFA_EeUpdateNow()
09-27 23:02:21.809  4287  4406 I BrcmNfcNfa: NFA got event 0x0209
09-27 23:02:21.809  4287  4406 I BrcmNfcNfa: nfa_ee_evt_hdlr (): Event API_UPDATE_NOW(0x209), State: INIT_DONE(1)
09-27 23:02:21.809  4287  4406 I BrcmNfcNfa: nfa_sys_ptim_stop_timer 7a1f1b80
09-27 23:02:21.809  4287  4406 I BrcmNfcNfa: ptim timer stop
09-27 23:02:21.809  4287  4406 I BrcmNfcNfa: nfa_ee_rout_timeout()
09-27 23:02:21.809  4287  4406 I BrcmNfcNfa: nfa_ee_need_recfg() ee_cfged: 0x90 ee_cfg_sts: 0x00
09-27 23:02:21.809  4287  4406 I BrcmNfcNfa: 0: ecb_flags  : 0x06, mask: 0x10
09-27 23:02:21.809  4287  4406 I BrcmNfcNfa: nfa_ee_update_rout ee_cfg_sts:0x00
09-27 23:02:21.809  4287  4406 I BrcmNfcNfa: nfa_ee_evt_hdlr (): Event CFG_TO_NFCC(0x217), State: INIT_DONE(1)
09-27 23:02:21.809  4287  4406 I BrcmNfcNfa: last_active: 0x1
09-27 23:02:21.809  4287  4406 I BrcmNfcNfa: nfa_ee_route_add_one_ecb max_len:1070, max_tlv:253, cur_offset:0, more:1, num_tlv:0
09-27 23:02:21.809  4287  4406 I BrcmNfcNfa: nfa_ee_total_lmrt_size size:10
09-27 23:02:21.809  4287  4406 I BrcmNfcNfa: ee_cfg_sts:0x01 lmrt_size:10
09-27 23:02:21.809  4287  4406 I BrcmNfcNfa: nfcee_id:0x1, last_active: 0x1
09-27 23:02:21.809  4287  4406 I BrcmNfcNfa: nfa_ee_route_add_one_ecb max_len:1070, max_tlv:253, cur_offset:15, more:0, num_tlv:3
09-27 23:02:21.809  4287  4406 I BrcmNfcNfa: nfa_ee_total_lmrt_size size:10
09-27 23:02:21.809  4287  4406 I BrcmNfcNfa: ee_cfg_sts:0x01 lmrt_size:10
09-27 23:02:21.810  4287  4406 I BrcmNfcNfa: nfa_ee_route_add_one_ecb: set routing num_tlv:3 tlv_size:10
09-27 23:02:21.810  4287  4406 D NfcAdaptation: NfcAdaptation::HalWrite
09-27 23:02:21.810  4287  4406 I SecHAL  : nfc_hal_write: enter;
09-27 23:02:21.810  4287  4406 I SecHAL  : nfc_hal_write: exit;
09-27 23:02:21.810  4287  4406 I BrcmNfcNfa: nfa_ee_update_rout ee_cfg_sts:0x10 ee_cfged:0x10
09-27 23:02:21.810  4287  4449 D SecHAL  : nfc_hal_task: Got a event: HAL_EVT_WRITE(3)
09-27 23:02:21.810  4287  4449 D SecHAL  : nfc_hal_task: current state: SERVICE
09-27 23:02:21.810  4287  4449 I SecHAL  : OSI_timer_start: enter,osi_lock
09-27 23:02:21.810  4287  4449 I SecHAL  : OSI_timer_start: before osi_unlock
09-27 23:02:21.810  4287  4449 I SecHAL  : OSI_timer_start: exit
09-27 23:02:21.810  4287  4449 I SecHAL  : device_write: enter
09-27 23:02:21.810  4287  4449 I SecHAL  : device_write: before system call
09-27 23:02:21.810  4287  4449 I SecHAL  : device_write: after system call
09-27 23:02:21.810  4287  4449 D SecHAL  : data_trace:  Send( 20) 21 01 11   00 03 00 03 00 01 02 01 03 00 01 03 01 03 00 01 05 
09-27 23:02:21.810  4287  4449 I SecHAL  : device_write: exit
09-27 23:02:21.812  3227  3874 I MediaPlayerService: MediaPlayerService::getOMX
09-27 23:02:21.813  4287  4849 I OMXClient: MuxOMX ctor
09-27 23:02:21.813  3224  3246 I OMXMaster: makeComponentInstance(OMX.google.vorbis.decoder) in mediacodec process
09-27 23:02:21.823  4287  4448 D SecHAL  : read_thread: Sent message to HAL message task, remind que: 2
09-27 23:02:21.823  4287  4449 D SecHAL  : nfc_hal_task: Got a event: HAL_EVT_READ(4)
09-27 23:02:21.823  4287  4449 D SecHAL  : nfc_hal_task: current state: SERVICE
09-27 23:02:21.823  4287  4449 D SecHAL  : data_trace:  Recv(  4) 41 01 01   00 
09-27 23:02:21.823  4287  4449 I SecHAL  : OSI_timer_start: enter,osi_lock
09-27 23:02:21.823  4287  4449 I SecHAL  : OSI_timer_start: before osi_unlock
09-27 23:02:21.823  4287  4449 I SecHAL  : OSI_timer_start: exit
09-27 23:02:21.823  4287  4449 I SecHAL  : nfc_data_callback: !
09-27 23:02:21.823  4287  4449 D NfcAdaptation: NfcAdaptation::HalDeviceContextDataCallback: len=4
09-27 23:02:21.823  4287  4406 I BrcmNfcNfa: NFC received rsp gid:1
09-27 23:02:21.823  4287  4406 I BrcmNfcNfa: nfa_dm_nfc_response_cback () NFC_SET_ROUTING_REVT(0x500a)
09-27 23:02:21.823  4287  4406 I BrcmNfcNfa: nfa_ee_proc_evt: event=0x500a int_event:0x214
09-27 23:02:21.823  4287  4406 I BrcmNfcNfa: nfa_ee_evt_hdlr (): Event NCI_WAIT_RSP(0x214), State: INIT_DONE(1)
09-27 23:02:21.823  4287  4406 I BrcmNfcNfa: nfa_ee_nci_wait_rsp() ee_wait_evt:0x30 wait_rsp:1
09-27 23:02:21.823  4287  4406 I BrcmNfcNfa: nfa_ee_report_update_evt ee_wait_evt:0x30 wait_rsp:0
09-27 23:02:21.823  4287  4406 D BrcmNfcJni: RoutingManager::nfaEeCallback: NFA_EE_UPDATED_EVT
09-27 23:02:21.823  4287  4402 D BrcmNfcJni: startRfDiscovery: is start=1
09-27 23:02:21.823  4287  4402 I BrcmNfcNfa: NFA_StartRfDiscovery ()
09-27 23:02:21.823  4287  4406 I BrcmNfcNfa: NFA got event 0x010E
09-27 23:02:21.823  4287  4406 I BrcmNfcNfa: nfa_dm_evt_hdlr event: NFA_DM_API_START_RF_DISCOVERY_EVT (0x0e)
09-27 23:02:21.823  4287  4406 I BrcmNfcNfa: nfa_dm_act_start_rf_discovery ()
09-27 23:02:21.823  4287  4406 I BrcmNfcNfa: nfa_dm_start_rf_discover ()
09-27 23:02:21.823  4287  4406 I BrcmNfcNfa: nfa_ee_get_tech_route(): 1
09-27 23:02:21.823  4287  4406 I BrcmNfcNfa: 0x0, 0x0, 0x0, 0x0
09-27 23:02:21.823  4287  4406 I BrcmNfcNfa: nfa_dm_cb.disc_cb.entry[0].selected_disc_mask = 0x40000
09-27 23:02:21.823  4287  4406 I BrcmNfcNfa: nfa_dm_cb.disc_cb.entry[1].selected_disc_mask = 0x200f
09-27 23:02:21.823  4287  4406 I BrcmNfcNfa: nfa_p2p_set_config ()
09-27 23:02:21.823  4287  4406 I BrcmNfcNfa: LLCP_GetDiscoveryConfig ()
09-27 23:02:21.823  4287  4406 I BrcmNfcNfa: nfa_dm_check_set_config ()
09-27 23:02:21.823  4287  4406 D NfcAdaptation: NfcAdaptation::HalWrite
09-27 23:02:21.823  4287  4406 I SecHAL  : nfc_hal_write: enter;
09-27 23:02:21.823  4287  4406 I SecHAL  : nfc_hal_write: exit;
09-27 23:02:21.823  4287  4406 I BrcmNfcNfa: dm_disc_mask = 0x4200f
09-27 23:02:21.823  4287  4449 D SecHAL  : nfc_hal_task: Got a event: HAL_EVT_WRITE(3)
09-27 23:02:21.823  4287  4406 I BrcmNfcNfa: nfa_dm_set_rf_listen_mode_config () tech_proto_mask = 0x0004200F
09-27 23:02:21.823  4287  4449 D SecHAL  : nfc_hal_task: current state: SERVICE
09-27 23:02:21.823  4287  4406 I BrcmNfcNfa: nfa_dm_check_set_config ()
09-27 23:02:21.823  4287  4449 I SecHAL  : OSI_timer_start: enter,osi_lock
09-27 23:02:21.823  4287  4406 I BrcmNfcNfa: nfa_dm_set_total_duration ()
09-27 23:02:21.823  4287  4449 I SecHAL  : OSI_timer_start: before osi_unlock
09-27 23:02:21.823  4287  4406 I BrcmNfcNfa: nfa_dm_check_set_config ()
09-27 23:02:21.823  4287  4449 I SecHAL  : OSI_timer_start: exit
09-27 23:02:21.823  4287  4406 I BrcmNfcNfa: NFC_DiscoveryStart
09-27 23:02:21.823  4287  4449 I SecHAL  : device_write: enter
09-27 23:02:21.823  4287  4406 I BrcmNfcNfa: NFC_DiscoveryStart status: 0xe3
09-27 23:02:21.823  4287  4449 I SecHAL  : device_write: before system call
09-27 23:02:21.824  4287  4449 I SecHAL  : device_write: after system call
09-27 23:02:21.824  4287  4449 D SecHAL  : data_trace:  Send( 26) 20 02 17   01 29 14 46 66 6d 01 01 12 02 02 07 ff 03 02 00 13 04 01 64 07 01 03 
09-27 23:02:21.824  4287  4449 I SecHAL  : device_write: exit
09-27 23:02:21.824  4287  4448 D SecHAL  : read_thread: Sent message to HAL message task, remind que: 2
09-27 23:02:21.824  4287  4449 D SecHAL  : nfc_hal_task: Got a event: HAL_EVT_READ(4)
09-27 23:02:21.824  4287  4449 D SecHAL  : nfc_hal_task: current state: SERVICE
09-27 23:02:21.825  4287  4449 D SecHAL  : data_trace:  Recv(  5) 40 02 02   00 00 
09-27 23:02:21.825  4287  4449 I SecHAL  : OSI_timer_start: enter,osi_lock
09-27 23:02:21.825  4287  4449 I SecHAL  : OSI_timer_start: before osi_unlock
09-27 23:02:21.825  4287  4449 I SecHAL  : OSI_timer_start: exit
09-27 23:02:21.825  4287  4449 I SecHAL  : nfc_data_callback: !
09-27 23:02:21.825  4287  4449 D NfcAdaptation: NfcAdaptation::HalDeviceContextDataCallback: len=5
09-27 23:02:21.825  4287  4406 I BrcmNfcNfa: NFC received rsp gid:0
09-27 23:02:21.825  4287  4406 I BrcmNfcNfa: nci_proc_core_rsp opcode:0x2
09-27 23:02:21.825  4287  4406 I BrcmNfcNfa: nfa_dm_nfc_response_cback () NFC_SET_CONFIG_REVT(0x5002)
09-27 23:02:21.825  4287  4406 D NfcAdaptation: NfcAdaptation::HalWrite
09-27 23:02:21.825  4287  4406 I SecHAL  : nfc_hal_write: enter;
09-27 23:02:21.825  4287  4406 I SecHAL  : nfc_hal_write: exit;
09-27 23:02:21.825  4287  4449 D SecHAL  : nfc_hal_task: Got a event: HAL_EVT_WRITE(3)
09-27 23:02:21.825  4287  4449 D SecHAL  : nfc_hal_task: current state: SERVICE
09-27 23:02:21.825  4287  4449 I SecHAL  : OSI_timer_start: enter,osi_lock
09-27 23:02:21.825  4287  4449 I SecHAL  : OSI_timer_start: before osi_unlock
09-27 23:02:21.825  4287  4449 I SecHAL  : OSI_timer_start: exit
09-27 23:02:21.825  4287  4449 I SecHAL  : device_write: enter
09-27 23:02:21.825  4287  4449 I SecHAL  : device_write: before system call
09-27 23:02:21.825  4287  4449 I SecHAL  : device_write: after system call
09-27 23:02:21.825  4287  4449 D SecHAL  : data_trace:  Send( 19) 20 02 10   05 30 01 04 31 01 00 32 01 20 38 01 00 50 01 00 
09-27 23:02:21.825  4287  4449 I SecHAL  : device_write: exit
09-27 23:02:21.826  4287  4448 D SecHAL  : read_thread: Sent message to HAL message task, remind que: 2
09-27 23:02:21.826  4287  4449 D SecHAL  : nfc_hal_task: Got a event: HAL_EVT_READ(4)
09-27 23:02:21.826  4287  4449 D SecHAL  : nfc_hal_task: current state: SERVICE
09-27 23:02:21.826  4287  4449 D SecHAL  : data_trace:  Recv(  5) 40 02 02   00 00 
09-27 23:02:21.826  4287  4449 I SecHAL  : OSI_timer_start: enter,osi_lock
09-27 23:02:21.826  4287  4449 I SecHAL  : OSI_timer_start: before osi_unlock
09-27 23:02:21.826  4287  4449 I SecHAL  : OSI_timer_start: exit
09-27 23:02:21.826  4287  4449 I SecHAL  : nfc_data_callback: !
09-27 23:02:21.826  4287  4449 D NfcAdaptation: NfcAdaptation::HalDeviceContextDataCallback: len=5
09-27 23:02:21.826  4287  4406 I BrcmNfcNfa: NFC received rsp gid:0
09-27 23:02:21.826  4287  4406 I BrcmNfcNfa: nci_proc_core_rsp opcode:0x2
09-27 23:02:21.826  4287  4406 I BrcmNfcNfa: nfa_dm_nfc_response_cback () NFC_SET_CONFIG_REVT(0x5002)
09-27 23:02:21.826  4287  4406 D NfcAdaptation: NfcAdaptation::HalWrite
09-27 23:02:21.826  4287  4406 I SecHAL  : nfc_hal_write: enter;
09-27 23:02:21.826  4287  4406 I SecHAL  : nfc_hal_write: exit;
09-27 23:02:21.826  4287  4449 D SecHAL  : nfc_hal_task: Got a event: HAL_EVT_WRITE(3)
09-27 23:02:21.826  4287  4449 D SecHAL  : nfc_hal_task: current state: SERVICE
09-27 23:02:21.826  4287  4449 I SecHAL  : OSI_timer_start: enter,osi_lock
09-27 23:02:21.826  4287  4449 I SecHAL  : OSI_timer_start: before osi_unlock
09-27 23:02:21.826  4287  4449 I SecHAL  : OSI_timer_start: exit
09-27 23:02:21.826  4287  4449 I SecHAL  : device_write: enter
09-27 23:02:21.826  4287  4449 I SecHAL  : device_write: before system call
09-27 23:02:21.826  4287  4449 I SecHAL  : device_write: after system call
09-27 23:02:21.826  4287  4449 D SecHAL  : data_trace:  Send(  8) 20 02 05   01 00 02 f4 01 
09-27 23:02:21.826  4287  4449 I SecHAL  : device_write: exit
09-27 23:02:21.827  4287  4448 D SecHAL  : read_thread: Sent message to HAL message task, remind que: 2
09-27 23:02:21.827  4287  4449 D SecHAL  : nfc_hal_task: Got a event: HAL_EVT_READ(4)
09-27 23:02:21.827  4287  4449 D SecHAL  : nfc_hal_task: current state: SERVICE
09-27 23:02:21.827  4287  4449 D SecHAL  : data_trace:  Recv(  5) 40 02 02   00 00 
09-27 23:02:21.827  4287  4449 I SecHAL  : OSI_timer_start: enter,osi_lock
09-27 23:02:21.827  4287  4449 I SecHAL  : OSI_timer_start: before osi_unlock
09-27 23:02:21.827  4287  4449 I SecHAL  : OSI_timer_start: exit
09-27 23:02:21.827  4287  4449 I SecHAL  : nfc_data_callback: !
09-27 23:02:21.827  4287  4449 D NfcAdaptation: NfcAdaptation::HalDeviceContextDataCallback: len=5
09-27 23:02:21.827  4287  4406 I BrcmNfcNfa: NFC received rsp gid:0
09-27 23:02:21.827  4287  4406 I BrcmNfcNfa: nci_proc_core_rsp opcode:0x2
09-27 23:02:21.827  4287  4406 I BrcmNfcNfa: nfa_dm_nfc_response_cback () NFC_SET_CONFIG_REVT(0x5002)
09-27 23:02:21.827  4287  4406 D NfcAdaptation: NfcAdaptation::HalPrediscover
09-27 23:02:21.827  4287  4406 I SecHAL  : nfc_hal_pre_discover: enter;
09-27 23:02:21.827  4287  4406 I SecHAL  : nfc_hal_pre_discover: exit;
09-27 23:02:21.827  4287  4406 D NfcAdaptation: NfcAdaptation::HalWrite
09-27 23:02:21.827  4287  4406 I SecHAL  : nfc_hal_write: enter;
09-27 23:02:21.827  4287  4449 D SecHAL  : nfc_hal_task: Got a event: Uknown event.(2)
09-27 23:02:21.827  4287  4406 I SecHAL  : nfc_hal_write: exit;
09-27 23:02:21.827  4287  4449 D SecHAL  : nfc_hal_task: current state: SERVICE
09-27 23:02:21.827  4287  4449 D SecHAL  : nfc_hal_task: Got a event: HAL_EVT_WRITE(3)
09-27 23:02:21.827  4287  4449 D SecHAL  : nfc_hal_task: current state: SERVICE
09-27 23:02:21.827  4287  4449 I SecHAL  : OSI_timer_start: enter,osi_lock
09-27 23:02:21.827  4287  4449 I SecHAL  : OSI_timer_start: before osi_unlock
09-27 23:02:21.827  4287  4449 I SecHAL  : OSI_timer_start: exit
09-27 23:02:21.827  4287  4449 I SecHAL  : device_write: enter
09-27 23:02:21.827  4287  4449 I SecHAL  : device_write: before system call
09-27 23:02:21.827  4287  4449 I SecHAL  : device_write: after system call
09-27 23:02:21.827  4287  4449 D SecHAL  : data_trace:  Send(  8) 21 03 05   02 00 01 80 01 
09-27 23:02:21.827  4287  4449 I SecHAL  : device_write: exit
09-27 23:02:21.835  4287  4449 D SecHAL  : nfc_hal_task: Got a event: HAL_EVT_READ(4)
09-27 23:02:21.835  4287  4448 D SecHAL  : read_thread: Sent message to HAL message task, remind que: 2
09-27 23:02:21.835  4287  4449 D SecHAL  : nfc_hal_task: current state: SERVICE
09-27 23:02:21.836  4287  4449 D SecHAL  : data_trace:  Recv(  4) 41 03 01   00 
09-27 23:02:21.836  4287  4449 I SecHAL  : OSI_timer_start: enter,osi_lock
09-27 23:02:21.836  4287  4449 I SecHAL  : OSI_timer_start: before osi_unlock
09-27 23:02:21.836  4287  4449 I SecHAL  : OSI_timer_start: exit
09-27 23:02:21.836  4287  4449 I SecHAL  : nfc_data_callback: !
09-27 23:02:21.836  4287  4449 D NfcAdaptation: NfcAdaptation::HalDeviceContextDataCallback: len=4
09-27 23:02:21.836  4287  4406 I BrcmNfcNfa: NFC received rsp gid:1
09-27 23:02:21.836  4287  4406 I BrcmNfcNfa: p2p priority is running under bail out mode ONLY.
09-27 23:02:21.836  4287  4406 I BrcmNfcNfa: nfa_dm_disc_discovery_cback (): event:0x4000
09-27 23:02:21.836  4287  4406 I BrcmNfcNfa: nfa_dm_disc_sm_execute (): state: IDLE (0), event: DISCOVER_RSP(1) disc_flags: 0x31
09-27 23:02:21.836  4287  4406 I BrcmNfcNfa: nfa_dm_disc_new_state (): old_state: IDLE (0), new_state: DISCOVERY (1) disc_flags: 0x11
09-27 23:02:21.836  4287  4406 I BrcmNfcNfa: nfa_ce_discovery_cback(): event:0x00
09-27 23:02:21.836  4287  4406 I BrcmNfcNfa: nfa_ce_handle_disc_start (status=0x0)
09-27 23:02:21.836  4287  4406 I BrcmNfcNfa: nfa_dm_poll_disc_cback (): event:0x00
09-27 23:02:21.836  4287  4406 D BrcmNfcJni: nfaConnectionCallback: event= 30
09-27 23:02:21.836  4287  4406 D BrcmNfcJni: nfaConnectionCallback: NFA_RF_DISCOVERY_STARTED_EVT: status = 0
09-27 23:02:21.836  3227  3274 I MediaPlayerService: MediaPlayerService::getOMX
09-27 23:02:21.836  4287  4406 I BrcmNfcNfa: nfa_dm_disc_sm_execute (): new state: DISCOVERY (1), disc_flags: 0x1
09-27 23:02:21.836  4287  4402 D BrcmNfcJni: PowerSwitch::setModeOn(activated=0x1) : mCurrActivity=0x1
09-27 23:02:21.836  4287  4402 D BrcmNfcJni: nfcManager_enableDiscovery: exit
09-27 23:02:21.836  4287  4853 I OMXClient: MuxOMX ctor
09-27 23:02:21.837  3224  3246 I OMXMaster: makeComponentInstance(OMX.google.vorbis.decoder) in mediacodec process
09-27 23:02:21.852  3227  3794 I MediaPlayerService: MediaPlayerService::getOMX
09-27 23:02:21.852  4287  4856 I OMXClient: MuxOMX ctor
09-27 23:02:21.853  3224  4038 I OMXMaster: makeComponentInstance(OMX.google.vorbis.decoder) in mediacodec process
09-27 23:02:22.902  4287  4842 I SecHAL  : device_sleep: NFC can be going to sleep
09-27 23:02:24.031  3571  3864 I ActivityManager: Killing 4454:com.android.dialer/u0a23 (adj 906): empty #17
09-27 23:02:24.050  3571  4313 D ActivityManager: cleanUpApplicationRecord -- 4454
09-27 23:02:25.813  4527  4827 I GlobalDismissManager: no sender configured
09-27 23:02:25.814  4527  4827 D AlertService: Beginning updateAlertNotification
09-27 23:02:25.824  4527  4827 D AlertService: No fired or scheduled alerts
09-27 23:02:25.827  4527  4827 D AlertService: Scheduling next alarm with AlarmScheduler. sEventReminderReceived: null
09-27 23:02:25.833  4527  4827 D AlarmScheduler: No events found starting within 1 week.
09-27 23:02:26.425  3709  3709 D PhoneStatusBar: disable: < expand ICONS alerts SYSTEM_INFO back HOME RECENT clock SEARCH quick_settings >
09-27 23:02:26.429  3571  3723 W ActivityManager: Unable to start service Intent { act=com.android.launcher3.WINDOW_OVERLAY dat=app://com.google.android.apps.nexuslauncher:10055?v=5 pkg=com.google.android.googlequicksearchbox } U=0: not found
09-27 23:02:26.443  3709  3709 W AudioTrack: AUDIO_OUTPUT_FLAG_FAST denied by client; transfer 4, track 44100 Hz, output 48000 Hz
09-27 23:02:26.445  4802  4839 W AudioPolicyIntefaceImpl: Skipped to add effects on session 9
09-27 23:02:26.445  4802  4839 I APM_AudioPolicyManager: startOutput() output 21, stream 1, session 9
09-27 23:02:26.445  4802  4836 D audio_hw_primary_abox: fast_out-set_audio_route: [PLAYBACK] current-device(none) new-device(speaker) in cur-mode(normal) & new-mode(normal)!
09-27 23:02:26.445  4802  4836 I audio_hw_primary_abox: is_voice_wakeup : ret =  0  , wakeup_baby_cry_enabled = 0  ,  wakeup_mic_enabled = 0 
09-27 23:02:26.445  4802  4836 I audio_route: > audio_route_apply_path : "media-speaker"
09-27 23:02:26.446  3709  3709 D PhoneStatusBar: disable: < expand icons* alerts system_info* back HOME RECENT clock SEARCH quick_settings >
09-27 23:02:26.447  4802  4836 I audio_route: > audio_route_update_path + : "media-speaker" reverse(0)
09-27 23:02:26.447  4802  4836 I audio_route: > audio_route_update_path - : changed(0)
09-27 23:02:26.447  4802  4836 D audio_hw_primary_abox: fast_out-do_set_route: Enabled Audio Route(media-speaker)
09-27 23:02:26.447  4802  4836 I audio_route: > audio_route_apply_path : "gain-media-speaker"
09-27 23:02:26.447  4802  4836 I audio_route: > audio_route_update_path + : "gain-media-speaker" reverse(0)
09-27 23:02:26.447  4802  4836 I audio_route: > audio_route_update_path - : changed(0)
09-27 23:02:26.447  4802  4836 D audio_hw_primary_abox: fast_out-do_set_route: Enabled Audio Gain(gain-media-speaker)
09-27 23:02:26.448  4802  4836 I audio_hw_primary_abox: [do_open_spkamp_stream] Opened PCM Device(/dev/snd/pcmC0D7p) configured Info: Channels(2)  Smapling Rate(48000), Format: Default(0)
09-27 23:02:26.449  3571  4285 I Sensors : Proximity old sensor_state 129, new sensor_state : 1 en : 0
09-27 23:02:26.450  4802  4836 I audio_hw_primary_abox: [do_open_spkamp_stream] Opened PCM Device(/dev/snd/pcmC0D11c) configured Info: Channels(2)  Smapling Rate(48000), Format: Default(0)
09-27 23:02:26.452  4802  4836 I audio_hw_primary_abox: [do_open_spkamp_stream] Opened PCM Device(/dev/snd/pcmC0D12c) configured Info: Channels(2)  Smapling Rate(48000), Format: Default(0)
09-27 23:02:26.458  4802  4836 I audio_hw_primary_abox: [do_open_spkamp_stream] Opened PCM Device(/dev/snd/pcmC0D6p) configured Info: Channels(2)  Smapling Rate(48000), Format: Default(0)
09-27 23:02:26.460  4287  4864 D BrcmNfcJni: nfcManager_enableDiscovery: enter; tech_mask = ef
09-27 23:02:26.460  4287  4864 D BrcmNfcJni: PowerSwitch::setLevel: level=PS-FULL (1)
09-27 23:02:26.460  4287  4864 D BrcmNfcJni: startRfDiscovery: is start=0
09-27 23:02:26.460  4287  4864 I BrcmNfcNfa: NFA_StopRfDiscovery ()
09-27 23:02:26.460  4287  4406 I BrcmNfcNfa: NFA got event 0x010F
09-27 23:02:26.460  4287  4406 I BrcmNfcNfa: nfa_dm_evt_hdlr event: NFA_DM_API_STOP_RF_DISCOVERY_EVT (0x0f)
09-27 23:02:26.460  4287  4406 I BrcmNfcNfa: nfa_dm_act_stop_rf_discovery ()
09-27 23:02:26.460  4287  4406 I BrcmNfcNfa: nfa_dm_rf_deactivate () deactivate_type:0x0
09-27 23:02:26.460  4287  4406 I BrcmNfcNfa: nfa_dm_disc_sm_execute (): state: DISCOVERY (1), event: DEACTIVATE_CMD(6) disc_flags: 0x2
09-27 23:02:26.460  4287  4406 I BrcmNfcNfa: NFC_Deactivate 4 (IDLE) deactivate_type:0
09-27 23:02:26.460  4287  4406 D NfcAdaptation: NfcAdaptation::HalWrite
09-27 23:02:26.460  4287  4406 I SecHAL  : nfc_hal_write: enter;
09-27 23:02:26.460  4287  4406 I SecHAL  : nfc_hal_write: exit;
09-27 23:02:26.460  4287  4406 I BrcmNfcNfa: nfa_dm_disc_sm_execute (): new state: DISCOVERY (1), disc_flags: 0x22
09-27 23:02:26.460  4287  4406 I BrcmNfcNfa: nfa_sys_ptim_stop_timer 7a1f3010
09-27 23:02:26.460  4287  4406 I BrcmNfcNfa: ptim timer stop
09-27 23:02:26.460  4287  4406 I BrcmNfcNfa: Stopped presence check timer (if started)
09-27 23:02:26.461  4287  4449 D SecHAL  : nfc_hal_task: Got a event: HAL_EVT_WRITE(3)
09-27 23:02:26.461  4287  4449 D SecHAL  : nfc_hal_task: current state: SERVICE
09-27 23:02:26.461  4287  4449 I SecHAL  : device_wakeup: Wakeup! in 80 ms
09-27 23:02:26.469  3709  3709 D PhoneStatusBar: disable: < expand icons alerts system_info back home* recent* clock search* quick_settings >
09-27 23:02:26.474  4802  4836 I audio_hw_primary_abox: fast_out-do_open_output_stream: Opened PCM Device is /dev/snd/pcmC0D2p samplingRate(48000) pcmformat(0)
09-27 23:02:26.474  4802  4836 I audio_hw_primary_abox: fast_out-out_write: Transit to Idle
09-27 23:02:26.476  4802  4836 I audio_hw_primary_abox: fast_out-out_write: Transit to Playing
09-27 23:02:26.511  3709  3878 D mali_winsys: EGLint new_window_surface(egl_winsys_display*, void*, EGLSurface, EGLConfig, egl_winsys_surface**, egl_color_buffer_format*, EGLBoolean) returns 0x3000,  [1440x168]-format:1
09-27 23:02:26.541  4287  4449 I SecHAL  : device_wakeup: exit
09-27 23:02:26.541  4287  4449 I SecHAL  : OSI_timer_start: enter,osi_lock
09-27 23:02:26.541  4287  4449 I SecHAL  : OSI_timer_start: before pthread_create for timer thread
09-27 23:02:26.541  4287  4449 I SecHAL  : OSI_timer_start: after pthread_create for timer thread
09-27 23:02:26.541  4287  4449 I SecHAL  : OSI_timer_start: before osi_unlock
09-27 23:02:26.541  4287  4449 I SecHAL  : OSI_timer_start: exit
09-27 23:02:26.541  4287  4449 I SecHAL  : device_write: enter
09-27 23:02:26.541  4287  4449 I SecHAL  : device_write: before system call
09-27 23:02:26.541  4287  4449 I SecHAL  : device_write: after system call
09-27 23:02:26.541  4287  4449 D SecHAL  : data_trace:  Send(  4) 21 06 01   00 
09-27 23:02:26.541  4287  4449 I SecHAL  : device_write: exit
09-27 23:02:26.545  4287  4448 D SecHAL  : read_thread: Sent message to HAL message task, remind que: 2
09-27 23:02:26.545  4287  4449 D SecHAL  : nfc_hal_task: Got a event: HAL_EVT_READ(4)
09-27 23:02:26.545  4287  4449 D SecHAL  : nfc_hal_task: current state: SERVICE
09-27 23:02:26.545  4287  4449 D SecHAL  : data_trace:  Recv(  4) 41 06 01   00 
09-27 23:02:26.545  4287  4449 I SecHAL  : OSI_timer_start: enter,osi_lock
09-27 23:02:26.545  4287  4449 I SecHAL  : OSI_timer_start: before osi_unlock
09-27 23:02:26.545  4287  4449 I SecHAL  : OSI_timer_start: exit
09-27 23:02:26.545  4287  4449 I SecHAL  : nfc_data_callback: !
09-27 23:02:26.545  4287  4449 D NfcAdaptation: NfcAdaptation::HalDeviceContextDataCallback: len=4
09-27 23:02:26.545  4287  4406 I BrcmNfcNfa: NFC received rsp gid:1
09-27 23:02:26.545  4287  4406 I BrcmNfcNfa: p2p priority is running under bail out mode ONLY.
09-27 23:02:26.545  4287  4406 I BrcmNfcNfa: nfc_set_state 4 (IDLE)->4 (IDLE)
09-27 23:02:26.545  4287  4406 I BrcmNfcNfa: nfa_dm_disc_data_cback ()
09-27 23:02:26.545  4287  4406 I BrcmNfcNfa: nfa_dm_disc_discovery_cback (): event:0x4005
09-27 23:02:26.545  4287  4406 I BrcmNfcNfa: nfa_dm_disc_sm_execute (): state: DISCOVERY (1), event: DEACTIVATE_RSP(7) disc_flags: 0x22
09-27 23:02:26.545  4287  4406 I BrcmNfcNfa: nfa_dm_disc_new_state (): old_state: DISCOVERY (1), new_state: IDLE (0) disc_flags: 0x2
09-27 23:02:26.545  4287  4406 D BrcmNfcJni: nfaConnectionCallback: event= 31
09-27 23:02:26.545  4287  4406 D BrcmNfcJni: nfaConnectionCallback: NFA_RF_DISCOVERY_STOPPED_EVT: status = 0
09-27 23:02:26.545  4287  4406 I BrcmNfcNfa: nfa_dm_start_rf_discover ()
09-27 23:02:26.545  4287  4406 I BrcmNfcNfa: nfa_dm_disc_sm_execute (): new state: IDLE (0), disc_flags: 0x0
09-27 23:02:26.545  4287  4864 D BrcmNfcJni: stopPolling_rfDiscoveryDisabled: disable polling
09-27 23:02:26.545  4287  4864 I BrcmNfcNfa: NFA_DisablePolling ()
09-27 23:02:26.545  4287  4406 I BrcmNfcNfa: NFA got event 0x0107
09-27 23:02:26.545  4287  4406 I BrcmNfcNfa: nfa_dm_evt_hdlr event: NFA_DM_API_DISABLE_POLLING_EVT (0x07)
09-27 23:02:26.545  4287  4406 I BrcmNfcNfa: nfa_dm_act_disable_polling ()
09-27 23:02:26.545  4287  4406 I BrcmNfcNfa: nfa_dm_deactivate_polling ()
09-27 23:02:26.545  4287  4406 I BrcmNfcNfa: nfa_dm_delete_rf_discover () handle=0x1
09-27 23:02:26.545  4287  4406 D BrcmNfcJni: nfaConnectionCallback: event= 1
09-27 23:02:26.545  4287  4406 D BrcmNfcJni: nfaConnectionCallback: NFA_POLL_DISABLED_EVT: status = 0
09-27 23:02:26.545  4287  4864 D BrcmNfcJni: startPolling_rfDiscoveryDisabled: enable polling
09-27 23:02:26.545  4287  4864 I BrcmNfcNfa: NFA_EnablePolling () 0xEF
09-27 23:02:26.545  4287  4864 D BrcmNfcJni: startPolling_rfDiscoveryDisabled: wait for enable event
09-27 23:02:26.545  4287  4406 I BrcmNfcNfa: NFA got event 0x0106
09-27 23:02:26.545  4287  4406 I BrcmNfcNfa: nfa_dm_evt_hdlr event: NFA_DM_API_ENABLE_POLLING_EVT (0x06)
09-27 23:02:26.545  4287  4406 I BrcmNfcNfa: nfa_dm_act_enable_polling ()
09-27 23:02:26.545  4287  4406 I BrcmNfcNfa: nfa_dm_start_polling ()
09-27 23:02:26.545  4287  4406 I BrcmNfcNfa: nfa_dm_add_rf_discover () disc_mask=0x3d7f
09-27 23:02:26.545  4287  4406 D BrcmNfcJni: nfaConnectionCallback: event= 0
09-27 23:02:26.545  4287  4406 D BrcmNfcJni: nfaConnectionCallback: NFA_POLL_ENABLED_EVT: status = 0
09-27 23:02:26.545  4287  4864 D BrcmNfcJni: nfcManager_enableDiscovery: Enable p2pListening
09-27 23:02:26.545  4287  4864 D BrcmNfcJni: PeerToPeer::enableP2pListening: enter isEnable: 1  mIsP2pListening: 0
09-27 23:02:26.545  4287  4864 I BrcmNfcNfa: NFA_P2pSetListenTech (): tech_mask:0xC4
09-27 23:02:26.545  4287  4406 I BrcmNfcNfa: NFA got event 0x010D
09-27 23:02:26.545  4287  4406 I BrcmNfcNfa: nfa_dm_evt_hdlr event: NFA_DM_API_SET_P2P_LISTEN_TECH_EVT (0x0d)
09-27 23:02:26.545  4287  4406 I BrcmNfcNfa: nfa_dm_set_p2p_listen_tech ()  tech_mask = 196
09-27 23:02:26.545  4287  4406 I BrcmNfcNfa: nfa_p2p_update_listen_tech ()  tech_mask = 0xc4
09-27 23:02:26.545  4287  4406 I BrcmNfcNfa: nfa_p2p_enable_listening () sys_id = 3, update_wks = 0
09-27 23:02:26.545  4287  4406 I BrcmNfcNfa: nfa_dm_add_rf_discover () disc_mask=0xc400000
09-27 23:02:26.545  4287  4406 D BrcmNfcJni: nfaConnectionCallback: event= 33
09-27 23:02:26.545  4287  4406 D BrcmNfcJni: nfaConnectionCallback: NFA_SET_P2P_LISTEN_TECH_EVT
09-27 23:02:26.545  4287  4864 D BrcmNfcJni: PeerToPeer::enableP2pListening: exit; mIsP2pListening: 1
09-27 23:02:26.545  4287  4864 I BrcmNfcNfa: NFA_ResumeP2p ()
09-27 23:02:26.545  4287  4406 I BrcmNfcNfa: NFA got event 0x010B
09-27 23:02:26.545  4287  4864 I BrcmNfcNfa: NFA got event 0x010B
09-27 23:02:26.545  4287  4864 I BrcmNfcNfa: nfa_ee_find_ecb ()
09-27 23:02:26.545  4287  4406 I BrcmNfcNfa: nfa_ee_find_ecb ()
09-27 23:02:26.545  4287  4864 E BrcmNfcNfa: nfa_dm_act_re
09-27 23:02:26.545  4287  4406 I BrcmNfcNfa: nfa_dm_act_resume_p2p ()
09-27 23:02:26.545  4287  4864 E BrcmNfcJni: Fail to set default tech routing for Nfc-A
09-27 23:02:26.545  4287  4406 D BrcmNfcJni: nfaConnectionCallback: event= 39
09-27 23:02:26.545  4287  4406 E BrcmNfcJni: nfaConnectionCallback: unknown event ????
09-27 23:02:26.545  4287  4864 I BrcmNfcNfa: NFA_EeSetDefaultProtoRouting(): handle:<0x3>protocol_mask:<0x8>/<0x0>/<0x0>
09-27 23:02:26.545  4287  4864 I BrcmNfcNfa: nfa_ee_find_ecb ()
09-27 23:02:26.545  4287  4864 E BrcmNfcNfa: Bad ee_handle
09-27 23:02:26.545  4287  4864 E BrcmNfcJni: Fail to set default proto routing for IsoDep
09-27 23:02:26.545  4287  4864 I BrcmNfcNfa: NFA_EeSetDefaultTechRouting(): handle:<0x0>technology_mask:<0x4>/<0x0>/<0x0>
09-27 23:02:26.545  4287  4864 I BrcmNfcNfa: nfa_ee_find_ecb ()
09-27 23:02:26.545  4287  4406 I BrcmNfcNfa: NFA got event 0x0204
09-27 23:02:26.545  4287  4406 I BrcmNfcNfa: nfa_ee_evt_hdlr (): Event API_SET_TECH_CFG(0x204), State: INIT_DONE(1)
09-27 23:02:26.545  4287  4406 D BrcmNfcJni: RoutingManager::nfaEeCallback: NFA_EE_SET_TECH_CFG_EVT; status=0x0
09-27 23:02:26.545  4287  4864 I BrcmNfcNfa: NFA_EeSetDefaultProtoRouting(): handle:<0x0>protocol_mask:<0x4>/<0x0>/<0x0>
09-27 23:02:26.545  4287  4864 I BrcmNfcNfa: nfa_ee_find_ecb ()
09-27 23:02:26.545  4287  4406 I BrcmNfcNfa: NFA got event 0x0205
09-27 23:02:26.546  4287  4406 I BrcmNfcNfa: nfa_ee_evt_hdlr (): Event API_SET_PROTO_CFG(0x205), State: INIT_DONE(1)
09-27 23:02:26.546  4287  4406 D BrcmNfcJni: RoutingManager::nfaEeCallback: NFA_EE_SET_PROTO_CFG_EVT; status=0x0
09-27 23:02:26.546  4287  4864 D BrcmNfcJni: RoutingManager::commitRouting
09-27 23:02:26.546  4287  4864 I BrcmNfcNfa: NFA_EeUpdateNow()
09-27 23:02:26.546  4287  4406 I BrcmNfcNfa: NFA got event 0x0209
09-27 23:02:26.546  4287  4406 I BrcmNfcNfa: nfa_ee_evt_hdlr (): Event API_UPDATE_NOW(0x209), State: INIT_DONE(1)
09-27 23:02:26.546  4287  4406 I BrcmNfcNfa: nfa_sys_ptim_stop_timer 7a1f1b80
09-27 23:02:26.546  4287  4406 I BrcmNfcNfa: ptim timer stop
09-27 23:02:26.546  4287  4406 I BrcmNfcNfa: nfa_ee_rout_timeout()
09-27 23:02:26.546  4287  4406 I BrcmNfcNfa: nfa_ee_need_recfg() ee_cfged: 0x90 ee_cfg_sts: 0x10
09-27 23:02:26.546  4287  4406 I BrcmNfcNfa: 0: ecb_flags  : 0x00, mask: 0x10
09-27 23:02:26.546  4287  4406 I BrcmNfcNfa: 1: ecb_flags  : 0x00, mask: 0x01
09-27 23:02:26.546  4287  4406 I BrcmNfcNfa: 2: ecb_flags  : 0x00, mask: 0x02
09-27 23:02:26.546  4287  4406 I BrcmNfcNfa: nfa_ee_report_update_evt ee_wait_evt:0x10 wait_rsp:0
09-27 23:02:26.546  4287  4406 D BrcmNfcJni: RoutingManager::nfaEeCallback: NFA_EE_UPDATED_EVT
09-27 23:02:26.546  4287  4864 D BrcmNfcJni: startRfDiscovery: is start=1
09-27 23:02:26.546  4287  4864 I BrcmNfcNfa: NFA_StartRfDiscovery ()
09-27 23:02:26.546  4287  4406 I BrcmNfcNfa: NFA got event 0x010E
09-27 23:02:26.546  4287  4406 I BrcmNfcNfa: nfa_dm_evt_hdlr event: NFA_DM_API_START_RF_DISCOVERY_EVT (0x0e)
09-27 23:02:26.546  4287  4406 I BrcmNfcNfa: nfa_dm_act_start_rf_discovery ()
09-27 23:02:26.546  4287  4406 I BrcmNfcNfa: nfa_dm_start_rf_discover ()
09-27 23:02:26.546  4287  4406 I BrcmNfcNfa: nfa_ee_get_tech_route(): 1
09-27 23:02:26.546  4287  4406 I BrcmNfcNfa: 0x0, 0x0, 0x0, 0x0
09-27 23:02:26.546  4287  4406 I BrcmNfcNfa: nfa_dm_cb.disc_cb.entry[0].selected_disc_mask = 0x40000
09-27 23:02:26.546  4287  4406 I BrcmNfcNfa: nfa_dm_cb.disc_cb.entry[1].selected_disc_mask = 0x3d7f
09-27 23:02:26.546  4287  4406 I BrcmNfcNfa: nfa_dm_cb.disc_cb.entry[2].selected_disc_mask = 0xc400000
09-27 23:02:26.546  4287  4406 I BrcmNfcNfa: nfa_p2p_set_config ()
09-27 23:02:26.546  4287  4406 I BrcmNfcNfa: LLCP_GetDiscoveryConfig ()
09-27 23:02:26.546  4287  4406 I BrcmNfcNfa: nfa_dm_check_set_config ()
09-27 23:02:26.546  4287  4406 I BrcmNfcNfa: nfa_dm_check_set_config ()
09-27 23:02:26.546  4287  4406 D NfcAdaptation: NfcAdaptation::HalWrite
09-27 23:02:26.546  4287  4406 I SecHAL  : nfc_hal_write: enter;
09-27 23:02:26.546  4287  4406 I SecHAL  : nfc_hal_write: exit;
09-27 23:02:26.546  4287  4449 D SecHAL  : nfc_hal_task: Got a event: HAL_EVT_WRITE(3)
09-27 23:02:26.546  4287  4406 I BrcmNfcNfa: nfa_dm_check_set_config ()
09-27 23:02:26.546  4287  4406 I BrcmNfcNfa: dm_disc_mask = 0xc443d7f
09-27 23:02:26.546  4287  4449 D SecHAL  : nfc_hal_task: current state: SERVICE
09-27 23:02:26.546  4287  4449 I SecHAL  : OSI_timer_start: enter,osi_lock
09-27 23:02:26.546  4287  4406 I BrcmNfcNfa: nfa_dm_set_rf_listen_mode_config () tech_proto_mask = 0x0C443D7F
09-27 23:02:26.546  4287  4449 I SecHAL  : OSI_timer_start: before osi_unlock
09-27 23:02:26.546  4287  4406 I BrcmNfcNfa: nfa_dm_check_set_config ()
09-27 23:02:26.546  4287  4449 I SecHAL  : OSI_timer_start: exit
09-27 23:02:26.546  4287  4406 I BrcmNfcNfa: nfa_dm_set_total_duration ()
09-27 23:02:26.546  4287  4449 I SecHAL  : device_write: enter
09-27 23:02:26.546  4287  4406 I BrcmNfcNfa: nfa_dm_check_set_config ()
09-27 23:02:26.546  4287  4449 I SecHAL  : device_write: before system call
09-27 23:02:26.546  4287  4406 I BrcmNfcNfa: NFC_DiscoveryStart
09-27 23:02:26.546  4287  4406 I BrcmNfcNfa: NFC_DiscoveryStart status: 0xe3
09-27 23:02:26.546  4287  4449 I SecHAL  : device_write: after system call
09-27 23:02:26.546  4287  4449 D SecHAL  : data_trace:  Send( 29) 20 02 1a   02 61 14 46 66 6d 01 01 12 02 02 07 ff 03 02 00 13 04 01 64 07 01 03 60 01 07 
09-27 23:02:26.546  4287  4449 I SecHAL  : device_write: exit
09-27 23:02:26.547  4287  4449 D SecHAL  : nfc_hal_task: Got a event: HAL_EVT_READ(4)
09-27 23:02:26.547  4287  4448 D SecHAL  : read_thread: Sent message to HAL message task, remind que: 2
09-27 23:02:26.547  4287  4449 D SecHAL  : nfc_hal_task: current state: SERVICE
09-27 23:02:26.547  4287  4449 D SecHAL  : data_trace:  Recv(  5) 40 02 02   00 00 
09-27 23:02:26.547  4287  4449 I SecHAL  : OSI_timer_start: enter,osi_lock
09-27 23:02:26.547  4287  4449 I SecHAL  : OSI_timer_start: before osi_unlock
09-27 23:02:26.547  4287  4449 I SecHAL  : OSI_timer_start: exit
09-27 23:02:26.547  4287  4449 I SecHAL  : nfc_data_callback: !
09-27 23:02:26.547  4287  4449 D NfcAdaptation: NfcAdaptation::HalDeviceContextDataCallback: len=5
09-27 23:02:26.547  4287  4406 I BrcmNfcNfa: NFC received rsp gid:0
09-27 23:02:26.547  4287  4406 I BrcmNfcNfa: nci_proc_core_rsp opcode:0x2
09-27 23:02:26.547  4287  4406 I BrcmNfcNfa: nfa_dm_nfc_response_cback () NFC_SET_CONFIG_REVT(0x5002)
09-27 23:02:26.547  4287  4406 D NfcAdaptation: NfcAdaptation::HalWrite
09-27 23:02:26.547  4287  4406 I SecHAL  : nfc_hal_write: enter;
09-27 23:02:26.547  4287  4406 I SecHAL  : nfc_hal_write: exit;
09-27 23:02:26.547  4287  4449 D SecHAL  : nfc_hal_task: Got a event: HAL_EVT_WRITE(3)
09-27 23:02:26.547  4287  4449 D SecHAL  : nfc_hal_task: current state: SERVICE
09-27 23:02:26.547  4287  4449 I SecHAL  : OSI_timer_start: enter,osi_lock
09-27 23:02:26.547  4287  4449 I SecHAL  : OSI_timer_start: before osi_unlock
09-27 23:02:26.547  4287  4449 I SecHAL  : OSI_timer_start: exit
09-27 23:02:26.547  4287  4449 I SecHAL  : device_write: enter
09-27 23:02:26.547  4287  4449 I SecHAL  : device_write: before system call
09-27 23:02:26.547  4287  4449 I SecHAL  : device_write: after system call
09-27 23:02:26.547  4287  4449 D SecHAL  : data_trace:  Send(  7) 20 02 04   01 50 01 02 
09-27 23:02:26.547  4287  4449 I SecHAL  : device_write: exit
09-27 23:02:26.547  4287  4448 D SecHAL  : read_thread: Sent message to HAL message task, remind que: 2
09-27 23:02:26.548  4287  4449 D SecHAL  : nfc_hal_task: Got a event: HAL_EVT_READ(4)
09-27 23:02:26.548  4287  4449 D SecHAL  : nfc_hal_task: current state: SERVICE
09-27 23:02:26.548  4287  4449 D SecHAL  : data_trace:  Recv(  5) 40 02 02   00 00 
09-27 23:02:26.548  4287  4449 I SecHAL  : OSI_timer_start: enter,osi_lock
09-27 23:02:26.548  4287  4449 I SecHAL  : OSI_timer_start: before osi_unlock
09-27 23:02:26.548  4287  4449 I SecHAL  : OSI_timer_start: exit
09-27 23:02:26.548  4287  4449 I SecHAL  : nfc_data_callback: !
09-27 23:02:26.548  4287  4449 D NfcAdaptation: NfcAdaptation::HalDeviceContextDataCallback: len=5
09-27 23:02:26.548  4287  4406 I BrcmNfcNfa: NFC received rsp gid:0
09-27 23:02:26.548  4287  4406 I BrcmNfcNfa: nci_proc_core_rsp opcode:0x2
09-27 23:02:26.548  4287  4406 I BrcmNfcNfa: nfa_dm_nfc_response_cback () NFC_SET_CONFIG_REVT(0x5002)
09-27 23:02:26.548  4287  4406 D NfcAdaptation: NfcAdaptation::HalPrediscover
09-27 23:02:26.548  4287  4406 I SecHAL  : nfc_hal_pre_discover: enter;
09-27 23:02:26.548  4287  4406 I SecHAL  : nfc_hal_pre_discover: exit;
09-27 23:02:26.548  4287  4406 D NfcAdaptation: NfcAdaptation::HalWrite
09-27 23:02:26.548  4287  4406 I SecHAL  : nfc_hal_write: enter;
09-27 23:02:26.548  4287  4449 D SecHAL  : nfc_hal_task: Got a event: Uknown event.(2)
09-27 23:02:26.548  4287  4406 I SecHAL  : nfc_hal_write: exit;
09-27 23:02:26.548  4287  4449 D SecHAL  : nfc_hal_task: current state: SERVICE
09-27 23:02:26.548  4287  4449 D SecHAL  : nfc_hal_task: Got a event: HAL_EVT_WRITE(3)
09-27 23:02:26.548  4287  4449 D SecHAL  : nfc_hal_task: current state: SERVICE
09-27 23:02:26.548  4287  4449 I SecHAL  : OSI_timer_start: enter,osi_lock
09-27 23:02:26.548  4287  4449 I SecHAL  : OSI_timer_start: before osi_unlock
09-27 23:02:26.548  4287  4449 I SecHAL  : OSI_timer_start: exit
09-27 23:02:26.548  4287  4449 I SecHAL  : device_write: enter
09-27 23:02:26.548  4287  4449 I SecHAL  : device_write: before system call
09-27 23:02:26.548  4287  4449 I SecHAL  : device_write: after system call
09-27 23:02:26.548  4287  4449 D SecHAL  : data_trace:  Send( 26) 21 03 17   0b 00 01 01 01 02 01 03 01 05 01 80 01 82 01 83 01 85 01 06 01 77 01 
09-27 23:02:26.548  4287  4449 I SecHAL  : device_write: exit
09-27 23:02:26.557  4287  4448 D SecHAL  : read_thread: Sent message to HAL message task, remind que: 2
09-27 23:02:26.557  4287  4449 D SecHAL  : nfc_hal_task: Got a event: HAL_EVT_READ(4)
09-27 23:02:26.557  4287  4449 D SecHAL  : nfc_hal_task: current state: SERVICE
09-27 23:02:26.557  4287  4449 D SecHAL  : data_trace:  Recv(  4) 41 03 01   00 
09-27 23:02:26.557  4287  4449 I SecHAL  : OSI_timer_start: enter,osi_lock
09-27 23:02:26.557  4287  4449 I SecHAL  : OSI_timer_start: before osi_unlock
09-27 23:02:26.557  4287  4449 I SecHAL  : OSI_timer_start: exit
09-27 23:02:26.557  4287  4449 I SecHAL  : nfc_data_callback: !
09-27 23:02:26.557  4287  4449 D NfcAdaptation: NfcAdaptation::HalDeviceContextDataCallback: len=4
09-27 23:02:26.557  4287  4406 I BrcmNfcNfa: NFC received rsp gid:1
09-27 23:02:26.557  4287  4406 I BrcmNfcNfa: p2p priority is running under bail out mode ONLY.
09-27 23:02:26.557  4287  4406 I BrcmNfcNfa: nfa_dm_disc_discovery_cback (): event:0x4000
09-27 23:02:26.557  4287  4406 I BrcmNfcNfa: nfa_dm_disc_sm_execute (): state: IDLE (0), event: DISCOVER_RSP(1) disc_flags: 0x31
09-27 23:02:26.557  4287  4406 I BrcmNfcNfa: nfa_dm_disc_new_state (): old_state: IDLE (0), new_state: DISCOVERY (1) disc_flags: 0x11
09-27 23:02:26.557  4287  4406 I BrcmNfcNfa: nfa_dm_poll_disc_cback (): event:0x00
09-27 23:02:26.557  4287  4406 I BrcmNfcNfa: nfa_p2p_discovery_cback (): event:0x00
09-27 23:02:26.557  4287  4406 D BrcmNfcJni: nfaConnectionCallback: event= 30
09-27 23:02:26.557  4287  4406 D BrcmNfcJni: nfaConnectionCallback: NFA_RF_DISCOVERY_STARTED_EVT: status = 0
09-27 23:02:26.557  4287  4406 I BrcmNfcNfa: nfa_dm_disc_sm_execute (): new state: DISCOVERY (1), disc_flags: 0x1
09-27 23:02:26.557  4287  4864 D BrcmNfcJni: PowerSwitch::setModeOn(activated=0x1) : mCurrActivity=0x1
09-27 23:02:26.557  4287  4864 D BrcmNfcJni: nfcManager_enableDiscovery: exit
09-27 23:02:26.732  4802  4826 I APM_AudioPolicyManager: stopOutput() output 21, stream 1, session 9
09-27 23:02:26.906  3571  4315 I ActivityManager: Setting hasTopUi=false for pid=3709
09-27 23:02:26.929  3709  3878 D mali_winsys: EGLint new_window_surface(egl_winsys_display*, void*, EGLSurface, EGLConfig, egl_winsys_surface**, egl_color_buffer_format*, EGLBoolean) returns 0x3000,  [1440x84]-format:1
09-27 23:02:27.316  3571  4285 I ActivityManager: Setting hasTopUi=true for pid=3709
09-27 23:02:27.317  3709  3709 D PhoneStatusBar: disable: < expand ICONS* alerts SYSTEM_INFO* back home recent clock search quick_settings >
09-27 23:02:27.343  3709  3878 D mali_winsys: EGLint new_window_surface(egl_winsys_display*, void*, EGLSurface, EGLConfig, egl_winsys_surface**, egl_color_buffer_format*, EGLBoolean) returns 0x3000,  [1440x2960]-format:1
09-27 23:02:27.627  4287  4877 I SecHAL  : device_sleep: NFC can be going to sleep
09-27 23:02:29.279  4802  4839 W AudioPolicyIntefaceImpl: Skipped to add effects on session 17
09-27 23:02:29.279  4802  4839 I APM_AudioPolicyManager: startOutput() output 21, stream 1, session 17
09-27 23:02:29.279  3571  4337 I ActivityManager: START u0 {act=android.settings.SETTINGS flg=0x14000000 cmp=com.android.settings/.Settings} from uid 10038 on display 0
09-27 23:02:29.284  3571  3864 E ActivityManager: applyOptionsLocked: Unknown animationType=0
09-27 23:02:29.346  4803  4803 W TileUtils: Found com.android.settings.Settings$PaymentSettingsActivity for intent Intent { act=com.android.settings.action.SETTINGS pkg=com.android.settings } missing metadata com.android.settings.category
09-27 23:02:29.349  4803  4803 W TileUtils: Found org.cyanogenmod.cmparts.input.ButtonSettings for intent Intent { act=com.android.settings.action.EXTRA_SETTINGS } missing metadata com.android.settings.category
09-27 23:02:29.350  4803  4803 W TileUtils: Found org.cyanogenmod.cmparts.statusbar.StatusBarSettings for intent Intent { act=com.android.settings.action.EXTRA_SETTINGS } missing metadata com.android.settings.category
09-27 23:02:29.350  4803  4803 W TileUtils: Found com.android.systemui.tuner.TunerActivity for intent Intent { act=com.android.settings.action.EXTRA_SETTINGS } missing metadata 
09-27 23:02:29.359  4803  4884 W System  : ClassLoader referenced unknown path: 
09-27 23:02:29.359  4803  4884 W System  : ClassLoader referenced unknown path: /system/priv-app/CellBroadcastReceiver/lib/arm64
09-27 23:02:29.360  4803  4884 D ApplicationLoaders: ignored Vulkan layer search path /system/priv-app/CellBroadcastReceiver/lib/arm64:/system/lib64:/vendor/lib64 for namespace 0x7f7f67f0f0
09-27 23:02:29.393  3571  3602 I ActivityManager: Start proc 4887:org.cyanogenmod.cmparts/1000 for content provider org.cyanogenmod.cmparts/.search.CMPartsSearchIndexablesProvider
09-27 23:02:29.401  4887  4887 W System  : ClassLoader referenced unknown path: /system/priv-app/CMParts/lib/arm64
09-27 23:02:29.399  4887  4887 I ogenmod.cmparts: type=1400 audit(0.0:178): avc: denied { getattr } for path="/data/user_de" dev="sda24" ino=3129345 scontext=u:r:system_app:s0 tcontext=u:object_r:userdata_block_device:s0 tclass=dir permissive=1
