09-28 02:28:10.213  3186  3186 D PostProcessConvertor: PostProcessConvertorInit ++ OSR 192000, ISR 48000, CC 2, OBW 4, IBW 1 
09-28 02:28:10.214  3186  3186 D SoundAliveResampler: [SoundAliveResampler] Init+++
09-28 02:28:10.214  3186  3186 V audio_hw_primary_abox: fast_out-add_audio_usage: Added Audio Stream into Audio Usage list!
09-28 02:28:10.214  3186  3186 D audio_hw_primary_abox: device-adev_open_output_stream: Opened fast_out stream
09-28 02:28:10.214  3186  3186 V audio_hw_primary_abox: fast_out-out_get_format: exit with audio format = 0x1
09-28 02:28:10.214  3186  3186 V audio_hw_primary_abox: fast_out-out_get_channels: exit with channel mask = 0x3
09-28 02:28:10.214  3186  3186 V audio_hw_primary_abox: fast_out-out_get_sample_rate: exit with sample rate = 48000
09-28 02:28:10.214  3186  3186 V audio_hw_primary_abox: fast_out-out_get_channels: exit with channel mask = 0x3
09-28 02:28:10.214  3186  3186 V audio_hw_primary_abox: fast_out-out_get_format: exit with audio format = 0x1
09-28 02:28:10.214  3186  3186 V audio_hw_primary_abox: fast_out-out_get_format: exit with audio format = 0x1
09-28 02:28:10.214  3186  3186 V audio_hw_primary_abox: fast_out-out_get_format: exit with audio format = 0x1
09-28 02:28:10.214  3186  3186 V audio_hw_primary_abox: fast_out-out_get_channels: exit with channel mask = 0x3
09-28 02:28:10.214  3186  3186 V audio_hw_primary_abox: fast_out-out_get_buffer_size: Period Size = 192, Frame Size = 4
09-28 02:28:10.214  3186  3186 V audio_hw_primary_abox: fast_out-out_get_format: exit with audio format = 0x1
09-28 02:28:10.214  3186  3186 V audio_hw_primary_abox: fast_out-out_get_channels: exit with channel mask = 0x3
09-28 02:28:10.214  3186  3186 I AudioFlinger: HAL output buffer size 192 frames, normal sink buffer size 960 frames
09-28 02:28:10.214  3186  3186 V audio_hw_primary_abox: fast_out-out_get_format: exit with audio format = 0x1
09-28 02:28:10.214  3186  3186 V audio_hw_primary_abox: fast_out-out_get_channels: exit with channel mask = 0x3
09-28 02:28:10.214  3186  3186 V audio_hw_primary_abox: fast_out-out_get_buffer_size: Period Size = 192, Frame Size = 4
09-28 02:28:10.214  3186  3186 V audio_hw_primary_abox: fast_out-out_get_format: exit with audio format = 0x1
09-28 02:28:10.214  3186  3186 V audio_hw_primary_abox: fast_out-out_get_channels: exit with channel mask = 0x3
09-28 02:28:10.214  3186  3186 V audio_hw_primary_abox: fast_out-out_get_format: exit with audio format = 0x1
09-28 02:28:10.214  3186  3186 V audio_hw_primary_abox: fast_out-out_get_sample_rate: exit with sample rate = 48000
09-28 02:28:10.214  3186  3186 V audio_hw_primary_abox: fast_out-out_get_channels: exit with channel mask = 0x3
09-28 02:28:10.215  3186  3386 I AudioFlinger: AudioFlinger's thread 0xf5c830c0 ready to run
09-28 02:28:10.215  3186  3386 W BatteryNotifier: batterystats service unavailable!
09-28 02:28:10.215  3186  3386 D audio_hw_primary_abox: fast_out-out_set_parameters: enter with param = routing=2
09-28 02:28:10.215  3186  3386 D audio_hw_primary_abox: fast_out-out_set_parameters: Requested to change route from 0x2 to 0x2
09-28 02:28:10.215  3186  3386 D audio_hw_primary_abox: fast_out-out_set_parameters: exit
09-28 02:28:10.216  3186  3386 V audio_hw_primary_abox: fast_out-out_standby: enter
09-28 02:28:10.216  3186  3386 V audio_hw_primary_abox: fast_out-out_standby: exit
09-28 02:28:10.216  3186  3386 W BatteryNotifier: batterystats service unavailable!
09-28 02:28:10.216  3186  3386 W BatteryNotifier: batterystats service unavailable!
09-28 02:28:10.216  3186  3386 W AudioFlinger: no wake lock to update, system not ready yet
09-28 02:28:10.217  3186  3186 D audio_hw_primary_abox: device-adev_open_input_stream: enter: io_handle (14), sample_rate(48000) channel_mask(0xc) devices(0x80000004) flags(0) source(1)
09-28 02:28:10.217  3186  3186 I audio_hw_primary_abox: device-adev_open_input_stream: requested input samplerate decides audio path of csvt and vowifi, sample_rate = 48000
09-28 02:28:10.217  3186  3186 D audio_hw_primary_abox: device-adev_open_input_stream: Requested open Primary input
09-28 02:28:10.217  3186  3186 I audio_hw_primary_abox: is_voice_wakeup : ret =  0  , wakeup_baby_cry_enabled = 0  ,  wakeup_mic_enabled = 0 
09-28 02:28:10.217  3186  3186 I audio_hw_primary_abox: primary_in-adev_open_input_stream: Transit to Standby
09-28 02:28:10.217  3186  3186 V audio_hw_primary_abox: primary_in-add_audio_usage: Added Audio Stream into Audio Usage list!
09-28 02:28:10.217  3186  3186 D audio_hw_primary_abox: adev_open_input_stream: preprocessing_latency = 0
09-28 02:28:10.217  3186  3186 I audio_hw_primary_abox: adev_open_input_stream: input is null, set new input stream
09-28 02:28:10.217  3186  3186 D audio_hw_primary_abox: device-adev_open_input_stream: Opened primary_in stream
09-28 02:28:10.218  3186  3388 I AudioFlinger: AudioFlinger's thread 0xf5983480 ready to run
09-28 02:28:10.218  3186  3186 D audio_hw_primary_abox: device-adev_close_input_stream: enter with Audio Usage(primary_in)
09-28 02:28:10.218  3186  3186 V audio_hw_primary_abox: stop_voice_note_recording
09-28 02:28:10.218  3186  3186 D audio_hw_primary_abox: primary_in-in_standby: enter
09-28 02:28:10.218  3186  3186 D audio_hw_primary_abox: primary_in-in_standby: exit
09-28 02:28:10.218  3186  3186 V audio_hw_primary_abox: primary_in-remove_audio_usage: Removed Audio Usage from Audio Usage list!
09-28 02:28:10.218  3186  3186 E audio_hw_primary_abox: adev_close_input_stream, set jack_in to null
09-28 02:28:10.218  3186  3186 D audio_hw_primary_abox: device-adev_close_input_stream: Closed primary_in stream
09-28 02:28:10.220  3186  3186 I bt_a2dp_hw: adev_open:  adev_open in A2dp_hw module
09-28 02:28:10.220  3186  3186 I AudioFlinger: loadHwModule() Loaded a2dp audio interface from A2DP Audio HW HAL (audio) handle 18
09-28 02:28:10.221  3186  3186 I r_submix: adev_open(name=audio_hw_if)
09-28 02:28:10.221  3186  3186 I r_submix: adev_init_check()
09-28 02:28:10.221  3186  3186 I AudioFlinger: loadHwModule() Loaded r_submix audio interface from Wifi Display audio HAL (audio) handle 26
09-28 02:28:10.221  3186  3186 D r_submix: adev_open_input_stream(addr=0)
09-28 02:28:10.221  3186  3186 D r_submix: submix_audio_device_create_pipe_l(addr=0, idx=9)
09-28 02:28:10.221  3186  3186 D r_submix:   now using address 0 for route 9
09-28 02:28:10.223  3186  3390 I AudioFlinger: AudioFlinger's thread 0xf5903c80 ready to run
09-28 02:28:10.223  3186  3186 D r_submix: adev_close_input_stream()
09-28 02:28:10.223  3186  3186 D r_submix: submix_audio_device_release_pipe_l(idx=9) addr=0
09-28 02:28:10.223  3186  3186 D r_submix: submix_audio_device_destroy_pipe_l(): pipe destroyed
09-28 02:28:10.223  3186  3241 D audio_hw_primary_abox: device-adev_set_parameters: enter with key(support_output_device=3)
09-28 02:28:10.224  3186  3241 I audio_hw_primary_abox: support output @audio_hw 3
09-28 02:28:10.224  3186  3241 I audio_hw_primary_abox: support reciever @audio_hw
09-28 02:28:10.224  3186  3241 D audio_hw_primary_abox: device-adev_set_parameters: exit
09-28 02:28:10.224  3186  3241 D audio_hw_primary_abox: device-adev_set_parameters: enter with key(support_input_device=-2145386044)
09-28 02:28:10.224  3186  3241 I audio_hw_primary_abox: support input @audio_hw -2145386044
09-28 02:28:10.224  3186  3241 I audio_hw_primary_abox: support backmic @audio_hw
09-28 02:28:10.224  3186  3241 I audio_hw_primary_abox: support thirdmic @audio_hw
09-28 02:28:10.224  3186  3241 D audio_hw_primary_abox: device-adev_set_parameters: exit
09-28 02:28:10.224  3186  3186 W VolumeCustomizer: createVolumeTable device=0
09-28 02:28:10.225  3186  3186 D AudioInfo: can not find AudioDataPath for fileName:/Volume.data
09-28 02:28:10.225  3186  3186 D VolumeCustomizer: volume tuning file does NOT exist!!! use default VolumeTable
09-28 02:28:10.225  3186  3186 W VolumeCustomizer: createVolumeTable device=1
09-28 02:28:10.225  3186  3186 D VolumeCustomizer: volume tuning file does NOT exist!!! use default VolumeTable
09-28 02:28:10.225  3186  3186 W VolumeCustomizer: createVolumeTable device=2
09-28 02:28:10.225  3186  3186 D VolumeCustomizer: volume tuning file does NOT exist!!! use default VolumeTable
09-28 02:28:10.225  3186  3186 W VolumeCustomizer: createVolumeTable device=3
09-28 02:28:10.225  3186  3186 D VolumeCustomizer: volume tuning file does NOT exist!!! use default VolumeTable
09-28 02:28:10.225  3186  3186 W VolumeCustomizer: createVolumeTable device=4
09-28 02:28:10.225  3186  3186 D VolumeCustomizer: volume tuning file does NOT exist!!! use default VolumeTable
09-28 02:28:10.225  3186  3186 W VolumeCustomizer: createVolumeTable device=5
09-28 02:28:10.225  3186  3186 D VolumeCustomizer: volume tuning file does NOT exist!!! use default VolumeTable
09-28 02:28:10.225  3186  3186 W VolumeCustomizer: createVolumeTable device=6
09-28 02:28:10.225  3186  3186 D VolumeCustomizer: volume tuning file does NOT exist!!! use default VolumeTable
09-28 02:28:10.225  3186  3241 D audio_hw_primary_abox: device-adev_set_parameters: enter with key(FixedRingVol=0.0354813375;FixedRingVolBt=0.0999999940)
09-28 02:28:10.225  3186  3241 D audio_hw_primary_abox: device-adev_set_parameters: exit
09-28 02:28:10.225  3186  3186 I APM_AudioPolicyManager: ENFORCED_AUDIBLE cannot be muted
09-28 02:28:10.225  3186  3241 D audio_hw_primary_abox: device-adev_set_parameters: enter with key(mCameraForced)
09-28 02:28:10.226  3186  3241 D audio_hw_primary_abox: device-adev_set_parameters: exit
09-28 02:28:10.226  3186  3186 I APM_AudioPolicyManager: Set the flinger 'ro.camera.sound.forced
09-28 02:28:10.226  3186  3186 I RadioService: RadioService
09-28 02:28:10.226  3186  3186 I RadioService: onFirstRef
09-28 02:28:10.226  3186  3186 E RadioService: couldn't load radio module radio.primary (No such file or directory)
09-28 02:28:10.227  3186  3186 E SoundTriggerHwService: couldn't load sound trigger module sound_trigger.primary (No such file or directory)
09-28 02:28:10.375  3077  3158 I TeeRegistryUpdate: Exiting registry update open thread [hardware/samsung_slsi/exynos8895/mobicore_kinibi400/Daemon/src/RegistryUpdate.cpp:143]
09-28 02:28:10.588  3164  3164 D SurfaceFlinger: SF. shader cache generated - 26 shaders in 971.384338 ms
09-28 02:28:10.591  3164  3164 D SurfaceFlinger: Set power mode=2, type=0 flinger=0x7f94248000
09-28 02:28:10.605  3181  3181 D wrapperGPS: wrapperConnect_RILD
09-28 02:28:10.629  3195  3195 V NatController: runCmd(/system/bin/iptables -w -F natctrl_FORWARD) res=0
09-28 02:28:10.634  3195  3195 V NatController: runCmd(/system/bin/ip6tables -w -F natctrl_FORWARD) res=0
09-28 02:28:10.639  3195  3195 V NatController: runCmd(/system/bin/iptables -w -A natctrl_FORWARD -j DROP) res=0
09-28 02:28:10.645  3195  3195 V NatController: runCmd(/system/bin/iptables -w -t nat -F natctrl_nat_POSTROUTING) res=0
09-28 02:28:10.651  3195  3195 V NatController: runCmd(/system/bin/ip6tables -w -t raw -F natctrl_raw_PREROUTING) res=0
09-28 02:28:10.658  3195  3195 V NatController: runCmd(/system/bin/iptables -w -F natctrl_tether_counters) res=1
09-28 02:28:10.663  3195  3195 V NatController: runCmd(/system/bin/ip6tables -w -F natctrl_tether_counters) res=1
09-28 02:28:10.668  3195  3195 V NatController: runCmd(/system/bin/iptables -w -X natctrl_tether_counters) res=1
09-28 02:28:10.673  3195  3195 V NatController: runCmd(/system/bin/ip6tables -w -X natctrl_tether_counters) res=1
09-28 02:28:10.678  3195  3195 V NatController: runCmd(/system/bin/iptables -w -N natctrl_tether_counters) res=0
09-28 02:28:10.683  3195  3195 V NatController: runCmd(/system/bin/ip6tables -w -N natctrl_tether_counters) res=0
09-28 02:28:10.688  3195  3195 V NatController: runCmd(/system/bin/iptables -w -t mangle -A natctrl_mangle_FORWARD -p tcp --tcp-flags SYN SYN -j TCPMSS --clamp-mss-to-pmtu) res=0
09-28 02:28:10.739  3089  3089 W auditd  : type=1325 audit(0.0:114): table=filter family=10 entries=76
09-28 02:28:10.739  3089  3089 W auditd  : type=1320 audit(0.0:114): 
09-28 02:28:10.739  3089  3089 W auditd  : type=1325 audit(0.0:115): table=raw family=10 entries=12
09-28 02:28:10.739  3089  3089 W auditd  : type=1320 audit(0.0:115): 
09-28 02:28:10.739  3089  3089 W auditd  : type=1325 audit(0.0:116): table=mangle family=10 entries=15
09-28 02:28:10.739  3089  3089 W auditd  : type=1320 audit(0.0:116): 
09-28 02:28:10.767  3195  3195 E Netd    : cannot find interface dummy0
09-28 02:28:10.768  3195  3195 D MDnsDS  : MDnsSdListener::Hander starting up
09-28 02:28:10.768  3195  3523 D MDnsDS  : MDnsSdListener starting to monitor
09-28 02:28:10.769  3195  3523 D MDnsDS  : Going to poll with pollCount 1
09-28 02:28:10.813  3180  3180 I lhd     : Lhd::LHD Init took 1.366s
09-28 02:28:10.826  3485  3530 D libEGL  : loaded /vendor/lib64/egl/libGLES_mali.so
09-28 02:28:10.841  3485  3530 D mali_winsys: EGLint new_window_surface(egl_winsys_display*, void*, EGLSurface, EGLConfig, egl_winsys_surface**, egl_color_buffer_format*, EGLBoolean) returns 0x3000,  [1440x2960]-format:2
09-28 02:28:10.850  3179  3204 D Sensorhubs: readEvents: 2, 1, -43, 1
09-28 02:28:11.476  3336  3548 W dex2oat : Before Android 4.1, method double java.util.concurrent.ThreadLocalRandom.internalNextDouble(double, double) would have incorrectly overridden the package-private method in java.util.Random
09-28 02:28:11.476  3336  3548 W dex2oat : Before Android 4.1, method int java.util.concurrent.ThreadLocalRandom.internalNextInt(int, int) would have incorrectly overridden the package-private method in java.util.Random
09-28 02:28:11.476  3336  3548 W dex2oat : Before Android 4.1, method long java.util.concurrent.ThreadLocalRandom.internalNextLong(long, long) would have incorrectly overridden the package-private method in java.util.Random
09-28 02:28:11.501  3321  3321 W dex2oat : Before Android 4.1, method double java.util.concurrent.ThreadLocalRandom.internalNextDouble(double, double) would have incorrectly overridden the package-private method in java.util.Random
09-28 02:28:11.501  3321  3321 W dex2oat : Before Android 4.1, method int java.util.concurrent.ThreadLocalRandom.internalNextInt(int, int) would have incorrectly overridden the package-private method in java.util.Random
09-28 02:28:11.501  3321  3321 W dex2oat : Before Android 4.1, method long java.util.concurrent.ThreadLocalRandom.internalNextLong(long, long) would have incorrectly overridden the package-private method in java.util.Random
09-28 02:28:11.606  3181  3181 D wrapperGPS: wrapperConnect_RILD
09-28 02:28:11.698  3336  3553 W dex2oat : Skipping class com.android.framework.protobuf.nano.CodedInputByteBufferNano from /system/framework/telephony-common.jar previously found in /system/framework/framework.jar:classes2.dex
09-28 02:28:11.698  3336  3553 W dex2oat : Skipping class com.android.framework.protobuf.nano.FieldData from /system/framework/telephony-common.jar previously found in /system/framework/framework.jar:classes2.dex
09-28 02:28:11.698  3336  3557 W dex2oat : Skipping class com.android.framework.protobuf.nano.FieldArray from /system/framework/telephony-common.jar previously found in /system/framework/framework.jar:classes2.dex
09-28 02:28:11.698  3336  3557 W dex2oat : Skipping class com.android.framework.protobuf.nano.InvalidProtocolBufferNanoException from /system/framework/telephony-common.jar previously found in /system/framework/framework.jar:classes2.dex
09-28 02:28:11.698  3336  3557 W dex2oat : Skipping class com.android.framework.protobuf.nano.MessageNanoPrinter from /system/framework/telephony-common.jar previously found in /system/framework/framework.jar:classes2.dex
09-28 02:28:11.698  3336  3557 W dex2oat : Skipping class com.android.framework.protobuf.nano.UnknownFieldData from /system/framework/telephony-common.jar previously found in /system/framework/framework.jar:classes2.dex
09-28 02:28:11.698  3336  3557 W dex2oat : Skipping class com.android.framework.protobuf.nano.WireFormatNano from /system/framework/telephony-common.jar previously found in /system/framework/framework.jar:classes2.dex
09-28 02:28:11.698  3336  3336 W dex2oat : Skipping class com.android.framework.protobuf.nano.CodedOutputByteBufferNano from /system/framework/telephony-common.jar previously found in /system/framework/framework.jar:classes2.dex
09-28 02:28:11.698  3336  3553 W dex2oat : Skipping class com.android.framework.protobuf.nano.InternalNano from /system/framework/telephony-common.jar previously found in /system/framework/framework.jar:classes2.dex
09-28 02:28:11.698  3336  3552 W dex2oat : Skipping class com.android.framework.protobuf.nano.CodedOutputByteBufferNano$OutOfSpaceException from /system/framework/telephony-common.jar previously found in /system/framework/framework.jar:classes2.dex
09-28 02:28:11.699  3336  3559 W dex2oat : Skipping class com.android.framework.protobuf.nano.Extension from /system/framework/telephony-common.jar previously found in /system/framework/framework.jar:classes2.dex
09-28 02:28:11.699  3336  3548 W dex2oat : Skipping class com.android.framework.protobuf.nano.Extension$PrimitiveExtension from /system/framework/telephony-common.jar previously found in /system/framework/framework.jar:classes2.dex
09-28 02:28:11.699  3336  3550 W dex2oat : Skipping class com.android.framework.protobuf.nano.MessageNano from /system/framework/telephony-common.jar previously found in /system/framework/framework.jar:classes2.dex
09-28 02:28:11.699  3336  3556 W dex2oat : Skipping class com.android.framework.protobuf.nano.ExtendableMessageNano from /system/framework/telephony-common.jar previously found in /system/framework/framework.jar:classes2.dex
09-28 02:28:11.700  3336  3557 W dex2oat : Skipping class com.android.framework.protobuf.nano.android.ParcelableExtendableMessageNano from /system/framework/telephony-common.jar previously found in /system/framework/framework.jar:classes2.dex
09-28 02:28:11.700  3336  3336 W dex2oat : Skipping class com.android.framework.protobuf.nano.android.ParcelableMessageNano from /system/framework/telephony-common.jar previously found in /system/framework/framework.jar:classes2.dex
09-28 02:28:11.701  3336  3553 W dex2oat : Skipping class com.android.framework.protobuf.nano.android.ParcelableMessageNanoCreator from /system/framework/telephony-common.jar previously found in /system/framework/framework.jar:classes2.dex
09-28 02:28:11.738  3321  3549 W dex2oat : Skipping class com.android.framework.protobuf.nano.CodedOutputByteBufferNano$OutOfSpaceException from /system/framework/telephony-common.jar previously found in /system/framework/framework.jar:classes2.dex
09-28 02:28:11.739  3321  3555 W dex2oat : Skipping class com.android.framework.protobuf.nano.Extension from /system/framework/telephony-common.jar previously found in /system/framework/framework.jar:classes2.dex
09-28 02:28:11.739  3321  3555 W dex2oat : Skipping class com.android.framework.protobuf.nano.FieldArray from /system/framework/telephony-common.jar previously found in /system/framework/framework.jar:classes2.dex
09-28 02:28:11.739  3321  3555 W dex2oat : Skipping class com.android.framework.protobuf.nano.FieldData from /system/framework/telephony-common.jar previously found in /system/framework/framework.jar:classes2.dex
09-28 02:28:11.739  3321  3555 W dex2oat : Skipping class com.android.framework.protobuf.nano.InternalNano from /system/framework/telephony-common.jar previously found in /system/framework/framework.jar:classes2.dex
09-28 02:28:11.739  3321  3551 W dex2oat : Skipping class com.android.framework.protobuf.nano.CodedInputByteBufferNano from /system/framework/telephony-common.jar previously found in /system/framework/framework.jar:classes2.dex
09-28 02:28:11.739  3321  3551 W dex2oat : Skipping class com.android.framework.protobuf.nano.InvalidProtocolBufferNanoException from /system/framework/telephony-common.jar previously found in /system/framework/framework.jar:classes2.dex
09-28 02:28:11.739  3321  3551 W dex2oat : Skipping class com.android.framework.protobuf.nano.MessageNanoPrinter from /system/framework/telephony-common.jar previously found in /system/framework/framework.jar:classes2.dex
09-28 02:28:11.739  3321  3551 W dex2oat : Skipping class com.android.framework.protobuf.nano.UnknownFieldData from /system/framework/telephony-common.jar previously found in /system/framework/framework.jar:classes2.dex
09-28 02:28:11.739  3321  3551 W dex2oat : Skipping class com.android.framework.protobuf.nano.WireFormatNano from /system/framework/telephony-common.jar previously found in /system/framework/framework.jar:classes2.dex
09-28 02:28:11.739  3321  3551 W dex2oat : Skipping class com.android.framework.protobuf.nano.android.ParcelableExtendableMessageNano from /system/framework/telephony-common.jar previously found in /system/framework/framework.jar:classes2.dex
09-28 02:28:11.739  3321  3551 W dex2oat : Skipping class com.android.framework.protobuf.nano.android.ParcelableMessageNano from /system/framework/telephony-common.jar previously found in /system/framework/framework.jar:classes2.dex
09-28 02:28:11.739  3321  3551 W dex2oat : Skipping class com.android.framework.protobuf.nano.android.ParcelableMessageNanoCreator from /system/framework/telephony-common.jar previously found in /system/framework/framework.jar:classes2.dex
09-28 02:28:11.739  3321  3549 W dex2oat : Skipping class com.android.framework.protobuf.nano.Extension$PrimitiveExtension from /system/framework/telephony-common.jar previously found in /system/framework/framework.jar:classes2.dex
09-28 02:28:11.739  3321  3321 W dex2oat : Skipping class com.android.framework.protobuf.nano.CodedOutputByteBufferNano from /system/framework/telephony-common.jar previously found in /system/framework/framework.jar:classes2.dex
09-28 02:28:11.741  3321  3561 W dex2oat : Skipping class com.android.framework.protobuf.nano.ExtendableMessageNano from /system/framework/telephony-common.jar previously found in /system/framework/framework.jar:classes2.dex
09-28 02:28:11.741  3321  3554 W dex2oat : Skipping class com.android.framework.protobuf.nano.MessageNano from /system/framework/telephony-common.jar previously found in /system/framework/framework.jar:classes2.dex
09-28 02:28:12.617  3181  3181 D wrapperGPS: wrapperConnect_RILD
09-28 02:28:12.896  3321  3321 W dex2oat : Verification of android.net.NetworkRequest$Builder android.net.NetworkRequest$Builder.setSignalStrength(int) took 152.826ms
09-28 02:28:12.897  3321  3561 W dex2oat : Verification of void android.net.NetworkStats.<init>(android.os.Parcel) took 154.522ms
09-28 02:28:12.897  3321  3554 W dex2oat : Verification of boolean android.net.NetworkTemplate.matches(android.net.NetworkIdentity) took 153.187ms
09-28 02:28:13.215  3186  3384 W BatteryNotifier: batterystats service unavailable!
09-28 02:28:13.226  3186  3386 W BatteryNotifier: batterystats service unavailable!
09-28 02:28:13.237  3336  3553 W dex2oat : Skipping class com.android.framework.protobuf.nano.CodedInputByteBufferNano from /system/framework/telephony-common.jar previously found in /system/framework/framework.jar:classes2.dex
09-28 02:28:13.237  3336  3553 W dex2oat : Skipping class com.android.framework.protobuf.nano.CodedOutputByteBufferNano$OutOfSpaceException from /system/framework/telephony-common.jar previously found in /system/framework/framework.jar:classes2.dex
09-28 02:28:13.237  3336  3553 W dex2oat : Skipping class com.android.framework.protobuf.nano.CodedOutputByteBufferNano from /system/framework/telephony-common.jar previously found in /system/framework/framework.jar:classes2.dex
09-28 02:28:13.237  3336  3553 W dex2oat : Skipping class com.android.framework.protobuf.nano.MessageNano from /system/framework/telephony-common.jar previously found in /system/framework/framework.jar:classes2.dex
09-28 02:28:13.237  3336  3553 W dex2oat : Skipping class com.android.framework.protobuf.nano.ExtendableMessageNano from /system/framework/telephony-common.jar previously found in /system/framework/framework.jar:classes2.dex
09-28 02:28:13.237  3336  3553 W dex2oat : Skipping class com.android.framework.protobuf.nano.Extension from /system/framework/telephony-common.jar previously found in /system/framework/framework.jar:classes2.dex
09-28 02:28:13.237  3336  3556 W dex2oat : Skipping class com.android.framework.protobuf.nano.Extension$PrimitiveExtension from /system/framework/telephony-common.jar previously found in /system/framework/framework.jar:classes2.dex
09-28 02:28:13.237  3336  3556 W dex2oat : Skipping class com.android.framework.protobuf.nano.FieldData from /system/framework/telephony-common.jar previously found in /system/framework/framework.jar:classes2.dex
09-28 02:28:13.238  3336  3556 W dex2oat : Skipping class com.android.framework.protobuf.nano.InternalNano from /system/framework/telephony-common.jar previously found in /system/framework/framework.jar:classes2.dex
09-28 02:28:13.238  3336  3556 W dex2oat : Skipping class com.android.framework.protobuf.nano.InvalidProtocolBufferNanoException from /system/framework/telephony-common.jar previously found in /system/framework/framework.jar:classes2.dex
09-28 02:28:13.238  3336  3556 W dex2oat : Skipping class com.android.framework.protobuf.nano.MessageNanoPrinter from /system/framework/telephony-common.jar previously found in /system/framework/framework.jar:classes2.dex
09-28 02:28:13.238  3336  3556 W dex2oat : Skipping class com.android.framework.protobuf.nano.UnknownFieldData from /system/framework/telephony-common.jar previously found in /system/framework/framework.jar:classes2.dex
09-28 02:28:13.238  3336  3556 W dex2oat : Skipping class com.android.framework.protobuf.nano.WireFormatNano from /system/framework/telephony-common.jar previously found in /system/framework/framework.jar:classes2.dex
09-28 02:28:13.238  3336  3556 W dex2oat : Skipping class com.android.framework.protobuf.nano.android.ParcelableExtendableMessageNano from /system/framework/telephony-common.jar previously found in /system/framework/framework.jar:classes2.dex
09-28 02:28:13.238  3336  3556 W dex2oat : Skipping class com.android.framework.protobuf.nano.android.ParcelableMessageNano from /system/framework/telephony-common.jar previously found in /system/framework/framework.jar:classes2.dex
09-28 02:28:13.238  3336  3556 W dex2oat : Skipping class com.android.framework.protobuf.nano.android.ParcelableMessageNanoCreator from /system/framework/telephony-common.jar previously found in /system/framework/framework.jar:classes2.dex
09-28 02:28:13.238  3336  3553 W dex2oat : Skipping class com.android.framework.protobuf.nano.FieldArray from /system/framework/telephony-common.jar previously found in /system/framework/framework.jar:classes2.dex
09-28 02:28:13.301  3321  3555 W dex2oat : Skipping class com.android.framework.protobuf.nano.CodedInputByteBufferNano from /system/framework/telephony-common.jar previously found in /system/framework/framework.jar:classes2.dex
09-28 02:28:13.301  3321  3555 W dex2oat : Skipping class com.android.framework.protobuf.nano.CodedOutputByteBufferNano$OutOfSpaceException from /system/framework/telephony-common.jar previously found in /system/framework/framework.jar:classes2.dex
09-28 02:28:13.301  3321  3555 W dex2oat : Skipping class com.android.framework.protobuf.nano.CodedOutputByteBufferNano from /system/framework/telephony-common.jar previously found in /system/framework/framework.jar:classes2.dex
09-28 02:28:13.302  3321  3555 W dex2oat : Skipping class com.android.framework.protobuf.nano.MessageNano from /system/framework/telephony-common.jar previously found in /system/framework/framework.jar:classes2.dex
09-28 02:28:13.302  3321  3555 W dex2oat : Skipping class com.android.framework.protobuf.nano.ExtendableMessageNano from /system/framework/telephony-common.jar previously found in /system/framework/framework.jar:classes2.dex
09-28 02:28:13.302  3321  3555 W dex2oat : Skipping class com.android.framework.protobuf.nano.Extension from /system/framework/telephony-common.jar previously found in /system/framework/framework.jar:classes2.dex
09-28 02:28:13.302  3321  3555 W dex2oat : Skipping class com.android.framework.protobuf.nano.Extension$PrimitiveExtension from /system/framework/telephony-common.jar previously found in /system/framework/framework.jar:classes2.dex
09-28 02:28:13.302  3321  3555 W dex2oat : Skipping class com.android.framework.protobuf.nano.FieldArray from /system/framework/telephony-common.jar previously found in /system/framework/framework.jar:classes2.dex
09-28 02:28:13.302  3321  3555 W dex2oat : Skipping class com.android.framework.protobuf.nano.FieldData from /system/framework/telephony-common.jar previously found in /system/framework/framework.jar:classes2.dex
09-28 02:28:13.302  3321  3555 W dex2oat : Skipping class com.android.framework.protobuf.nano.InternalNano from /system/framework/telephony-common.jar previously found in /system/framework/framework.jar:classes2.dex
09-28 02:28:13.302  3321  3555 W dex2oat : Skipping class com.android.framework.protobuf.nano.InvalidProtocolBufferNanoException from /system/framework/telephony-common.jar previously found in /system/framework/framework.jar:classes2.dex
09-28 02:28:13.302  3321  3555 W dex2oat : Skipping class com.android.framework.protobuf.nano.MessageNanoPrinter from /system/framework/telephony-common.jar previously found in /system/framework/framework.jar:classes2.dex
09-28 02:28:13.302  3321  3555 W dex2oat : Skipping class com.android.framework.protobuf.nano.UnknownFieldData from /system/framework/telephony-common.jar previously found in /system/framework/framework.jar:classes2.dex
09-28 02:28:13.302  3321  3555 W dex2oat : Skipping class com.android.framework.protobuf.nano.WireFormatNano from /system/framework/telephony-common.jar previously found in /system/framework/framework.jar:classes2.dex
09-28 02:28:13.302  3321  3555 W dex2oat : Skipping class com.android.framework.protobuf.nano.android.ParcelableExtendableMessageNano from /system/framework/telephony-common.jar previously found in /system/framework/framework.jar:classes2.dex
09-28 02:28:13.302  3321  3555 W dex2oat : Skipping class com.android.framework.protobuf.nano.android.ParcelableMessageNano from /system/framework/telephony-common.jar previously found in /system/framework/framework.jar:classes2.dex
09-28 02:28:13.302  3321  3555 W dex2oat : Skipping class com.android.framework.protobuf.nano.android.ParcelableMessageNanoCreator from /system/framework/telephony-common.jar previously found in /system/framework/framework.jar:classes2.dex
09-28 02:28:13.618  3181  3181 D wrapperGPS: wrapperConnect_RILD
09-28 02:28:14.443  3570  3570 W init    : type=1701 audit(0.0:117): auid=4294967295 uid=0 gid=0 ses=4294967295 subj=u:r:init:s0 exe="/init" sig=11
09-28 02:28:14.618  3181  3181 D wrapperGPS: wrapperConnect_RILD
09-28 02:28:14.618  3181  3181 D gpsd    : WakeLock(Acquire,GPSD)
09-28 02:28:14.618  3181  3181 D gpsd    : WakeLock(Release,GPSD)
09-28 02:28:14.618  3181  3181 D gpsd    : WakeLock(Acquire,GPSD)
09-28 02:28:14.618  3181  3181 D gpsd    : WakeLock(Release,GPSD)
09-28 02:28:15.743  3576  3576 I rild    : type=1400 audit(0.0:118): avc: denied { execute } for name="logcat" dev="sda17" ino=317 scontext=u:r:rild:s0 tcontext=u:object_r:logcat_exec:s0 tclass=file permissive=1
09-28 02:28:15.743  3576  3576 I rild    : type=1400 audit(0.0:118): avc: denied { read open } for path="/system/bin/logcat" dev="sda17" ino=317 scontext=u:r:rild:s0 tcontext=u:object_r:logcat_exec:s0 tclass=file permissive=1
09-28 02:28:15.743  3576  3576 I rild    : type=1400 audit(0.0:118): avc: denied { execute_no_trans } for path="/system/bin/logcat" dev="sda17" ino=317 scontext=u:r:rild:s0 tcontext=u:object_r:logcat_exec:s0 tclass=file permissive=1
09-28 02:28:15.743  3576  3576 W logcat  : type=1300 audit(0.0:118): arch=c00000b7 syscall=221 success=yes exit=0 a0=7f7f9fd888 a1=7f7f9fee38 a2=7fca980a78 a3=7f7f9fea40 items=0 ppid=3185 auid=4294967295 uid=1001 gid=1001 euid=1001 suid=1001 fsuid=1001 egid=1001 sgid=1001 fsgid=1001 tty=(none) ses=4294967295 exe="/system/bin/logcat" subj=u:r:rild:s0 key=(null)
09-28 02:28:15.743  3089  3089 W auditd  : type=1327 audit(0.0:118): proctitle=6C6F67636174002D6200726164696F002D760074687265616474696D65002D64002D66002F646174612F6C6F672F726164696F5F505245434F4E46475F5345542E6C6F67
09-28 02:28:15.743  3089  3089 W auditd  : type=1320 audit(0.0:118): 
09-28 02:28:15.747  3576  3576 I logcat  : type=1400 audit(0.0:119): avc: denied { getattr } for path="/system/bin/logcat" dev="sda17" ino=317 scontext=u:r:rild:s0 tcontext=u:object_r:logcat_exec:s0 tclass=file permissive=1
09-28 02:28:15.747  3576  3576 W logcat  : type=1300 audit(0.0:119): arch=c00000b7 syscall=79 success=yes exit=0 a0=ffffff9c a1=7f7a76867f a2=7fe2192cd0 a3=0 items=0 ppid=3185 auid=4294967295 uid=1001 gid=1001 euid=1001 suid=1001 fsuid=1001 egid=1001 sgid=1001 fsgid=1001 tty=(none) ses=4294967295 exe="/system/bin/logcat" subj=u:r:rild:s0 key=(null)
09-28 02:28:15.747  3089  3089 W auditd  : type=1327 audit(0.0:119): proctitle=6C6F67636174002D6200726164696F002D760074687265616474696D65002D64002D66002F646174612F6C6F672F726164696F5F505245434F4E46475F5345542E6C6F67
09-28 02:28:15.747  3089  3089 W auditd  : type=1320 audit(0.0:119): 
09-28 02:28:15.751  3576  3576 I logcat  : type=1400 audit(0.0:120): avc: denied { write } for name="log" dev="sda24" ino=3055617 scontext=u:r:rild:s0 tcontext=u:object_r:system_data_file:s0 tclass=dir permissive=1
09-28 02:28:15.751  3576  3576 I logcat  : type=1400 audit(0.0:120): avc: denied { add_name } for name="radio_PRECONFG_SET.log" scontext=u:r:rild:s0 tcontext=u:object_r:system_data_file:s0 tclass=dir permissive=1
09-28 02:28:15.751  3576  3576 I logcat  : type=1400 audit(0.0:120): avc: denied { create } for name="radio_PRECONFG_SET.log" scontext=u:r:rild:s0 tcontext=u:object_r:system_data_file:s0 tclass=file permissive=1
09-28 02:28:15.751  3576  3576 I logcat  : type=1400 audit(0.0:120): avc: denied { append } for path="/data/log/radio_PRECONFG_SET.log" dev="sda24" ino=3055618 scontext=u:r:rild:s0 tcontext=u:object_r:system_data_file:s0 tclass=file permissive=1
09-28 02:28:15.751  3576  3576 W logcat  : type=1300 audit(0.0:120): arch=c00000b7 syscall=56 success=yes exit=28 a0=ffffff9c a1=7fe2194b1b a2=441 a3=180 items=0 ppid=3185 auid=4294967295 uid=1001 gid=1001 euid=1001 suid=1001 fsuid=1001 egid=1001 sgid=1001 fsgid=1001 tty=(none) ses=4294967295 exe="/system/bin/logcat" subj=u:r:rild:s0 key=(null)
09-28 02:28:15.751  3089  3089 W auditd  : type=1327 audit(0.0:120): proctitle=6C6F67636174002D6200726164696F002D760074687265616474696D65002D64002D66002F646174612F6C6F672F726164696F5F505245434F4E46475F5345542E6C6F67
09-28 02:28:15.751  3089  3089 W auditd  : type=1320 audit(0.0:120): 
09-28 02:28:15.751  3576  3576 I logcat  : type=1400 audit(0.0:121): avc: denied { write } for name="logdr" dev="tmpfs" ino=16163 scontext=u:r:rild:s0 tcontext=u:object_r:logdr_socket:s0 tclass=sock_file permissive=1
09-28 02:28:15.751  3576  3576 I logcat  : type=1400 audit(0.0:121): avc: denied { connectto } for path="/dev/socket/logdr" scontext=u:r:rild:s0 tcontext=u:r:logd:s0 tclass=unix_stream_socket permissive=1
09-28 02:28:15.751  3576  3576 W logcat  : type=1300 audit(0.0:121): arch=c00000b7 syscall=203 success=yes exit=0 a0=1d a1=7fe21920c8 a2=14 a3=7f7a69a1f0 items=0 ppid=3185 auid=4294967295 uid=1001 gid=1001 euid=1001 suid=1001 fsuid=1001 egid=1001 sgid=1001 fsgid=1001 tty=(none) ses=4294967295 exe="/system/bin/logcat" subj=u:r:rild:s0 key=(null)
09-28 02:28:15.751  3089  3089 W auditd  : type=1327 audit(0.0:121): proctitle=6C6F67636174002D6200726164696F002D760074687265616474696D65002D64002D66002F646174612F6C6F672F726164696F5F505245434F4E46475F5345542E6C6F67
09-28 02:28:15.751  3089  3089 W auditd  : type=1320 audit(0.0:121): 
09-28 02:28:15.759  3275  3275 I rild    : type=1400 audit(0.0:122): avc: denied { setattr } for name="radio_PRECONFG_SET.log" dev="sda24" ino=3055618 scontext=u:r:rild:s0 tcontext=u:object_r:system_data_file:s0 tclass=file permissive=1
09-28 02:28:15.759  3275  3275 W rild    : type=1300 audit(0.0:122): arch=c00000b7 syscall=53 success=yes exit=0 a0=ffffff9c a1=7f7f9fe992 a2=124 a3=0 items=0 ppid=1 auid=4294967295 uid=1001 gid=1001 euid=1001 suid=1001 fsuid=1001 egid=1001 sgid=1001 fsgid=1001 tty=(none) ses=4294967295 exe="/system/bin/rild" subj=u:r:rild:s0 key=(null)
09-28 02:28:15.759  3089  3089 W auditd  : type=1327 audit(0.0:122): proctitle="/system/bin/rild"
09-28 02:28:15.759  3089  3089 W auditd  : type=1320 audit(0.0:122): 
09-28 02:28:17.526  3336  3336 W dex2oat : Skipping class com.android.framework.protobuf.nano.CodedInputByteBufferNano from /system/framework/telephony-common.jar previously found in /system/framework/framework.jar:classes2.dex
09-28 02:28:17.526  3336  3336 W dex2oat : Skipping class com.android.framework.protobuf.nano.CodedOutputByteBufferNano$OutOfSpaceException from /system/framework/telephony-common.jar previously found in /system/framework/framework.jar:classes2.dex
09-28 02:28:17.526  3336  3336 W dex2oat : Skipping class com.android.framework.protobuf.nano.CodedOutputByteBufferNano from /system/framework/telephony-common.jar previously found in /system/framework/framework.jar:classes2.dex
09-28 02:28:17.526  3336  3336 W dex2oat : Skipping class com.android.framework.protobuf.nano.MessageNano from /system/framework/telephony-common.jar previously found in /system/framework/framework.jar:classes2.dex
09-28 02:28:17.526  3336  3336 W dex2oat : Skipping class com.android.framework.protobuf.nano.ExtendableMessageNano from /system/framework/telephony-common.jar previously found in /system/framework/framework.jar:classes2.dex
09-28 02:28:17.526  3336  3336 W dex2oat : Skipping class com.android.framework.protobuf.nano.Extension from /system/framework/telephony-common.jar previously found in /system/framework/framework.jar:classes2.dex
09-28 02:28:17.526  3336  3336 W dex2oat : Skipping class com.android.framework.protobuf.nano.Extension$PrimitiveExtension from /system/framework/telephony-common.jar previously found in /system/framework/framework.jar:classes2.dex
09-28 02:28:17.526  3336  3336 W dex2oat : Skipping class com.android.framework.protobuf.nano.FieldArray from /system/framework/telephony-common.jar previously found in /system/framework/framework.jar:classes2.dex
09-28 02:28:17.526  3336  3336 W dex2oat : Skipping class com.android.framework.protobuf.nano.FieldData from /system/framework/telephony-common.jar previously found in /system/framework/framework.jar:classes2.dex
09-28 02:28:17.526  3336  3336 W dex2oat : Skipping class com.android.framework.protobuf.nano.InternalNano from /system/framework/telephony-common.jar previously found in /system/framework/framework.jar:classes2.dex
09-28 02:28:17.526  3336  3336 W dex2oat : Skipping class com.android.framework.protobuf.nano.InvalidProtocolBufferNanoException from /system/framework/telephony-common.jar previously found in /system/framework/framework.jar:classes2.dex
09-28 02:28:17.526  3336  3336 W dex2oat : Skipping class com.android.framework.protobuf.nano.MessageNanoPrinter from /system/framework/telephony-common.jar previously found in /system/framework/framework.jar:classes2.dex
09-28 02:28:17.526  3336  3336 W dex2oat : Skipping class com.android.framework.protobuf.nano.UnknownFieldData from /system/framework/telephony-common.jar previously found in /system/framework/framework.jar:classes2.dex
09-28 02:28:17.526  3336  3336 W dex2oat : Skipping class com.android.framework.protobuf.nano.WireFormatNano from /system/framework/telephony-common.jar previously found in /system/framework/framework.jar:classes2.dex
09-28 02:28:17.526  3336  3336 W dex2oat : Skipping class com.android.framework.protobuf.nano.android.ParcelableExtendableMessageNano from /system/framework/telephony-common.jar previously found in /system/framework/framework.jar:classes2.dex
09-28 02:28:17.526  3336  3336 W dex2oat : Skipping class com.android.framework.protobuf.nano.android.ParcelableMessageNano from /system/framework/telephony-common.jar previously found in /system/framework/framework.jar:classes2.dex
09-28 02:28:17.526  3336  3336 W dex2oat : Skipping class com.android.framework.protobuf.nano.android.ParcelableMessageNanoCreator from /system/framework/telephony-common.jar previously found in /system/framework/framework.jar:classes2.dex
09-28 02:28:17.550  3321  3321 W dex2oat : Skipping class com.android.framework.protobuf.nano.CodedInputByteBufferNano from /system/framework/telephony-common.jar previously found in /system/framework/framework.jar:classes2.dex
09-28 02:28:17.551  3321  3321 W dex2oat : Skipping class com.android.framework.protobuf.nano.CodedOutputByteBufferNano$OutOfSpaceException from /system/framework/telephony-common.jar previously found in /system/framework/framework.jar:classes2.dex
09-28 02:28:17.551  3321  3321 W dex2oat : Skipping class com.android.framework.protobuf.nano.CodedOutputByteBufferNano from /system/framework/telephony-common.jar previously found in /system/framework/framework.jar:classes2.dex
09-28 02:28:17.551  3321  3321 W dex2oat : Skipping class com.android.framework.protobuf.nano.MessageNano from /system/framework/telephony-common.jar previously found in /system/framework/framework.jar:classes2.dex
09-28 02:28:17.551  3321  3321 W dex2oat : Skipping class com.android.framework.protobuf.nano.ExtendableMessageNano from /system/framework/telephony-common.jar previously found in /system/framework/framework.jar:classes2.dex
09-28 02:28:17.551  3321  3321 W dex2oat : Skipping class com.android.framework.protobuf.nano.Extension from /system/framework/telephony-common.jar previously found in /system/framework/framework.jar:classes2.dex
09-28 02:28:17.551  3321  3321 W dex2oat : Skipping class com.android.framework.protobuf.nano.Extension$PrimitiveExtension from /system/framework/telephony-common.jar previously found in /system/framework/framework.jar:classes2.dex
09-28 02:28:17.551  3321  3321 W dex2oat : Skipping class com.android.framework.protobuf.nano.FieldArray from /system/framework/telephony-common.jar previously found in /system/framework/framework.jar:classes2.dex
09-28 02:28:17.551  3321  3321 W dex2oat : Skipping class com.android.framework.protobuf.nano.FieldData from /system/framework/telephony-common.jar previously found in /system/framework/framework.jar:classes2.dex
09-28 02:28:17.551  3321  3321 W dex2oat : Skipping class com.android.framework.protobuf.nano.InternalNano from /system/framework/telephony-common.jar previously found in /system/framework/framework.jar:classes2.dex
09-28 02:28:17.551  3321  3321 W dex2oat : Skipping class com.android.framework.protobuf.nano.InvalidProtocolBufferNanoException from /system/framework/telephony-common.jar previously found in /system/framework/framework.jar:classes2.dex
09-28 02:28:17.551  3321  3321 W dex2oat : Skipping class com.android.framework.protobuf.nano.MessageNanoPrinter from /system/framework/telephony-common.jar previously found in /system/framework/framework.jar:classes2.dex
09-28 02:28:17.551  3321  3321 W dex2oat : Skipping class com.android.framework.protobuf.nano.UnknownFieldData from /system/framework/telephony-common.jar previously found in /system/framework/framework.jar:classes2.dex
09-28 02:28:17.551  3321  3321 W dex2oat : Skipping class com.android.framework.protobuf.nano.WireFormatNano from /system/framework/telephony-common.jar previously found in /system/framework/framework.jar:classes2.dex
09-28 02:28:17.551  3321  3321 W dex2oat : Skipping class com.android.framework.protobuf.nano.android.ParcelableExtendableMessageNano from /system/framework/telephony-common.jar previously found in /system/framework/framework.jar:classes2.dex
09-28 02:28:17.551  3321  3321 W dex2oat : Skipping class com.android.framework.protobuf.nano.android.ParcelableMessageNano from /system/framework/telephony-common.jar previously found in /system/framework/framework.jar:classes2.dex
09-28 02:28:17.551  3321  3321 W dex2oat : Skipping class com.android.framework.protobuf.nano.android.ParcelableMessageNanoCreator from /system/framework/telephony-common.jar previously found in /system/framework/framework.jar:classes2.dex
09-28 02:28:17.615  3336  3336 I dex2oat : Explicit concurrent mark sweep GC freed 49424(7MB) AllocSpace objects, 0(0B) LOS objects, 35% free, 7MB/11MB, paused 76us total 38.721ms
09-28 02:28:17.647  3321  3321 I dex2oat : Explicit concurrent mark sweep GC freed 49430(11MB) AllocSpace objects, 0(0B) LOS objects, 27% free, 10MB/14MB, paused 102us total 39.645ms
09-28 02:28:19.743  3585  3585 W init    : type=1701 audit(0.0:123): auid=4294967295 uid=0 gid=0 ses=4294967295 subj=u:r:init:s0 exe="/init" sig=11
09-28 02:28:19.747  2063  2063 W ueventd : type=1701 audit(0.0:124): auid=4294967295 uid=0 gid=0 ses=4294967295 subj=u:r:ueventd:s0 exe="/init" sig=11
09-28 02:28:19.875  3321  3558 I dex2oat : Method exceeds compiler instruction limit: 25337 in void org.ccil.cowan.tagsoup.HTMLSchema.<init>()
09-28 02:28:19.977  3336  3559 I dex2oat : Method exceeds compiler instruction limit: 25337 in void org.ccil.cowan.tagsoup.HTMLSchema.<init>()
09-28 02:28:20.756  3321  3561 W dex2oat : Compilation of boolean android.content.pm.IPackageManager$Stub.onTransact(int, android.os.Parcel, android.os.Parcel, int) took 116.351ms
09-28 02:28:21.112  3336  3552 W dex2oat : Compilation of boolean android.content.pm.IPackageManager$Stub.onTransact(int, android.os.Parcel, android.os.Parcel, int) took 203.586ms
09-28 02:28:22.145  3321  3560 W dex2oat : Compilation of void android.os.BatteryStats.dumpCheckinLocked(android.content.Context, java.io.PrintWriter, int, int, boolean) took 151.084ms
09-28 02:28:22.373  3336  3336 W dex2oat : Compilation of void android.os.BatteryStats.dumpCheckinLocked(android.content.Context, java.io.PrintWriter, int, int, boolean) took 111.379ms
09-28 02:28:22.587  3321  3560 W dex2oat : Compilation of void android.os.BatteryStats.dumpLocked(android.content.Context, java.io.PrintWriter, java.lang.String, int, int, boolean) took 424.915ms
09-28 02:28:22.759  3336  3336 W dex2oat : Compilation of void android.os.BatteryStats.dumpLocked(android.content.Context, java.io.PrintWriter, java.lang.String, int, int, boolean) took 367.599ms
09-28 02:28:23.240  3336  3550 W dex2oat : Compilation of boolean android.view.IWindowManager$Stub.onTransact(int, android.os.Parcel, android.os.Parcel, int) took 130.657ms
09-28 02:28:23.482  3321  3560 W dex2oat : Compilation of void android.view.ViewRootImpl.performTraversals() took 156.642ms
09-28 02:28:23.707  3321  3558 W dex2oat : Compilation of void android.widget.TextView.<init>(android.content.Context, android.util.AttributeSet, int, int) took 183.586ms
09-28 02:28:23.848  3336  3553 W dex2oat : Compilation of void android.widget.TextView.<init>(android.content.Context, android.util.AttributeSet, int, int) took 305.094ms
09-28 02:28:24.351  3336  3556 W dex2oat : Skipping class com.android.framework.protobuf.nano.CodedInputByteBufferNano from /system/framework/telephony-common.jar previously found in /system/framework/framework.jar:classes2.dex
09-28 02:28:24.351  3336  3556 W dex2oat : Skipping class com.android.framework.protobuf.nano.CodedOutputByteBufferNano$OutOfSpaceException from /system/framework/telephony-common.jar previously found in /system/framework/framework.jar:classes2.dex
09-28 02:28:24.351  3336  3556 W dex2oat : Skipping class com.android.framework.protobuf.nano.CodedOutputByteBufferNano from /system/framework/telephony-common.jar previously found in /system/framework/framework.jar:classes2.dex
09-28 02:28:24.351  3336  3556 W dex2oat : Skipping class com.android.framework.protobuf.nano.MessageNano from /system/framework/telephony-common.jar previously found in /system/framework/framework.jar:classes2.dex
09-28 02:28:24.351  3336  3556 W dex2oat : Skipping class com.android.framework.protobuf.nano.ExtendableMessageNano from /system/framework/telephony-common.jar previously found in /system/framework/framework.jar:classes2.dex
09-28 02:28:24.351  3336  3556 W dex2oat : Skipping class com.android.framework.protobuf.nano.Extension from /system/framework/telephony-common.jar previously found in /system/framework/framework.jar:classes2.dex
09-28 02:28:24.351  3336  3556 W dex2oat : Skipping class com.android.framework.protobuf.nano.Extension$PrimitiveExtension from /system/framework/telephony-common.jar previously found in /system/framework/framework.jar:classes2.dex
09-28 02:28:24.351  3336  3556 W dex2oat : Skipping class com.android.framework.protobuf.nano.FieldArray from /system/framework/telephony-common.jar previously found in /system/framework/framework.jar:classes2.dex
09-28 02:28:24.351  3336  3556 W dex2oat : Skipping class com.android.framework.protobuf.nano.FieldData from /system/framework/telephony-common.jar previously found in /system/framework/framework.jar:classes2.dex
09-28 02:28:24.351  3336  3556 W dex2oat : Skipping class com.android.framework.protobuf.nano.InternalNano from /system/framework/telephony-common.jar previously found in /system/framework/framework.jar:classes2.dex
09-28 02:28:24.351  3336  3556 W dex2oat : Skipping class com.android.framework.protobuf.nano.InvalidProtocolBufferNanoException from /system/framework/telephony-common.jar previously found in /system/framework/framework.jar:classes2.dex
09-28 02:28:24.351  3336  3556 W dex2oat : Skipping class com.android.framework.protobuf.nano.MessageNanoPrinter from /system/framework/telephony-common.jar previously found in /system/framework/framework.jar:classes2.dex
09-28 02:28:24.351  3336  3556 W dex2oat : Skipping class com.android.framework.protobuf.nano.UnknownFieldData from /system/framework/telephony-common.jar previously found in /system/framework/framework.jar:classes2.dex
