09-16 08:51:25.603  3833  4043 W PackageParser: Ignoring duplicate uses-permissions/uses-permissions-sdk-m: android.permission.VIBRATE in package: com.sec.android.app.factorykeystring at: Binary XML file line #73
09-16 08:51:25.603  3833  4043 W PackageParser: Ignoring duplicate uses-permissions/uses-permissions-sdk-m: android.permission.MODIFY_AUDIO_SETTINGS in package: com.sec.android.app.factorykeystring at: Binary XML file line #77
09-16 08:51:25.603  3833  4043 W PackageParser: Ignoring duplicate uses-permissions/uses-permissions-sdk-m: android.permission.MASTER_CLEAR in package: com.sec.android.app.factorykeystring at: Binary XML file line #78
09-16 08:51:25.603  3833  4043 W PackageParser: Ignoring duplicate uses-permissions/uses-permissions-sdk-m: android.permission.READ_PHONE_STATE in package: com.sec.android.app.factorykeystring at: Binary XML file line #80
09-16 08:51:25.603  3833  4043 W PackageParser: Ignoring duplicate uses-permissions/uses-permissions-sdk-m: android.permission.DEVICE_POWER in package: com.sec.android.app.factorykeystring at: Binary XML file line #84
09-16 08:51:25.603  3833  4043 W PackageParser: Ignoring duplicate uses-permissions/uses-permissions-sdk-m: android.permission.RECEIVE_BOOT_COMPLETED in package: com.sec.android.app.factorykeystring at: Binary XML file line #85
09-16 08:51:25.603  3833  4043 W PackageParser: Ignoring duplicate uses-permissions/uses-permissions-sdk-m: android.permission.VIBRATE in package: com.sec.android.app.factorykeystring at: Binary XML file line #88
09-16 08:51:25.603  3833  4043 W PackageParser: Ignoring duplicate uses-permissions/uses-permissions-sdk-m: android.permission.BLUETOOTH_ADMIN in package: com.sec.android.app.factorykeystring at: Binary XML file line #90
09-16 08:51:25.603  3833  4043 W PackageParser: Ignoring duplicate uses-permissions/uses-permissions-sdk-m: android.permission.WAKE_LOCK in package: com.sec.android.app.factorykeystring at: Binary XML file line #91
09-16 08:51:25.603  3833  4043 W PackageParser: Ignoring duplicate uses-permissions/uses-permissions-sdk-m: android.permission.DEVICE_POWER in package: com.sec.android.app.factorykeystring at: Binary XML file line #92
09-16 08:51:25.603  3833  4043 W PackageParser: Ignoring duplicate uses-permissions/uses-permissions-sdk-m: android.permission.WRITE_SETTINGS in package: com.sec.android.app.factorykeystring at: Binary XML file line #93
09-16 08:51:25.603  3833  4043 W PackageParser: Ignoring duplicate uses-permissions/uses-permissions-sdk-m: android.permission.WRITE_SECURE_SETTINGS in package: com.sec.android.app.factorykeystring at: Binary XML file line #94
09-16 08:51:25.603  3833  4043 W PackageParser: Ignoring duplicate uses-permissions/uses-permissions-sdk-m: android.permission.WRITE_EXTERNAL_STORAGE in package: com.sec.android.app.factorykeystring at: Binary XML file line #95
09-16 08:51:25.604  3833  4034 D PackageManager: Resolved nativeLibraryRoot for com.samsung.android.dhr to root=/system/priv-app/DeviceHealthReporter/lib, isa=true
09-16 08:51:25.604  3833  4034 D PackageManager: Abis for package[com.samsung.android.dhr] are primary=null secondary=null
09-16 08:51:25.604  3833  4034 D PackageManager: EAS IT Policy com.samsung.android.dhr isPackageSignedByPlatform = true
09-16 08:51:25.605  3833  4041 W PackageManager: Failed to parse /system/priv-app/Daydream_VrCore: Package com.google.vr.vrcore at /system/priv-app/Daydream_VrCore ignored: updated version 160727700 better than this 160726365
09-16 08:51:25.606  3833  4033 D PackageParser: set metaData for resizeableSetExplicitly application : com.samsung.crane.app.RiApplication, value : true
09-16 08:51:25.610  3833  4043 D PackageManager: Resolved nativeLibraryRoot for com.sec.android.app.factorykeystring to root=/system/priv-app/DeviceKeystring/lib, isa=true
09-16 08:51:25.610  3833  4043 D PackageManager: Abis for package[com.sec.android.app.factorykeystring] are primary=null secondary=null
09-16 08:51:25.610  3833  4043 D PackageManager: EAS IT Policy com.sec.android.app.factorykeystring isPackageSignedByPlatform = true
09-16 08:51:25.612  3833  4038 D PackageManager: Resolved nativeLibraryRoot for com.samsung.android.dqagent to root=/system/priv-app/DeviceQualityAgent/lib, isa=true
09-16 08:51:25.612  3833  4038 D PackageManager: Abis for package[com.samsung.android.dqagent] are primary=null secondary=null
09-16 08:51:25.612  3833  4038 D PackageManager: EAS IT Policy com.samsung.android.dqagent isPackageSignedByPlatform = true
09-16 08:51:25.613  3833  4034 W PackageParser: Ignoring duplicate uses-permissions/uses-permissions-sdk-m: android.permission.DEVICE_POWER in package: com.sec.factory at: Binary XML file line #57
09-16 08:51:25.615  3833  4034 D PackageManager: Resolved nativeLibraryRoot for com.sec.factory to root=/system/priv-app/DeviceTest/lib, isa=true
09-16 08:51:25.615  3833  4034 D PackageManager: Abis for package[com.sec.factory] are primary=null secondary=null
09-16 08:51:25.615  3833  4034 D PackageManager: EAS IT Policy com.sec.factory isPackageSignedByPlatform = true
09-16 08:51:25.620  3833  4035 W PackageManager: Failed to parse /system/priv-app/DayLite: Package com.samsung.android.app.spage at /system/priv-app/DayLite ignored: updated version 200204001 better than this 193803029
09-16 08:51:25.620  3833  4041 D PackageManager: Resolved nativeLibraryRoot for com.sec.android.diagmonagent to root=/system/priv-app/DiagMonAgent/lib, isa=true
09-16 08:51:25.620  3833  4041 D PackageManager: Abis for package[com.sec.android.diagmonagent] are primary=arm64-v8a secondary=null
09-16 08:51:25.621  3833  4038 W PackageParser: Unknown element under <manifest>: meta-data at /system/priv-app/EasySetup/EasySetup.apk Binary XML file line #1
09-16 08:51:25.621  3833  4041 D PackageManager: EAS IT Policy com.sec.android.diagmonagent isPackageSignedByPlatform = true
09-16 08:51:25.621  3833  4043 D PackageManager: Resolved nativeLibraryRoot for com.android.documentsui to root=/system/priv-app/DocumentsUI/lib, isa=true
09-16 08:51:25.621  3833  4043 D PackageManager: Abis for package[com.android.documentsui] are primary=null secondary=null
09-16 08:51:25.622  3833  4043 D PackageManager: EAS IT Policy com.android.documentsui isPackageSignedByPlatform = true
09-16 08:51:25.623  3833  4038 D PackageManager: Resolved nativeLibraryRoot for com.samsung.android.easysetup to root=/system/priv-app/EasySetup/lib, isa=true
09-16 08:51:25.623  3833  4038 D PackageManager: Abis for package[com.samsung.android.easysetup] are primary=arm64-v8a secondary=null
09-16 08:51:25.623  3833  4038 D PackageManager: EAS IT Policy com.samsung.android.easysetup isPackageSignedByPlatform = true
09-16 08:51:25.626  3833  4035 D PackageManager: Resolved nativeLibraryRoot for com.samsung.enhanceservice to root=/system/priv-app/EnhanceService/lib, isa=true
09-16 08:51:25.626  3833  4035 D PackageManager: Abis for package[com.samsung.enhanceservice] are primary=null secondary=null
09-16 08:51:25.626  3833  4035 D PackageManager: EAS IT Policy com.samsung.enhanceservice isPackageSignedByPlatform = true
09-16 08:51:25.627  3833  4038 W PackageManager: Failed to parse /system/priv-app/FBInstaller_NS: Package com.facebook.system at /system/priv-app/FBInstaller_NS ignored: updated version 69731757 better than this 47459955
09-16 08:51:25.628  3833  4041 W PackageManager: Failed to parse /system/priv-app/Excel_SamsungStub: Package com.microsoft.office.excel at /system/priv-app/Excel_SamsungStub ignored: updated version 2001431333 better than this 16101
09-16 08:51:25.628  3833  4043 D PackageManager: Resolved nativeLibraryRoot for com.android.externalstorage to root=/system/priv-app/ExternalStorageProvider/lib, isa=true
09-16 08:51:25.628  3833  4043 D PackageManager: Abis for package[com.android.externalstorage] are primary=null secondary=null
09-16 08:51:25.629  3833  4043 D PackageManager: EAS IT Policy com.android.externalstorage isPackageSignedByPlatform = true
09-16 08:51:25.629  3833  4034 D PackageManager: Resolved nativeLibraryRoot for com.android.emergency to root=/system/priv-app/EmergencyInfo/lib, isa=true
09-16 08:51:25.629  3833  4034 D PackageManager: Abis for package[com.android.emergency] are primary=null secondary=null
09-16 08:51:25.629  3833  4034 D PackageManager: EAS IT Policy com.android.emergency isPackageSignedByPlatform = true
09-16 08:51:25.630  3833  4033 D PackageManager: Resolved nativeLibraryRoot for com.samsung.crane to root=/system/priv-app/Crane/lib, isa=true
09-16 08:51:25.630  3833  4033 D PackageManager: Abis for package[com.samsung.crane] are primary=arm64-v8a secondary=null
09-16 08:51:25.630  3833  4033 D PackageManager: EAS IT Policy com.samsung.crane isPackageSignedByPlatform = true
09-16 08:51:25.631  3833  4038 D PackageManager: Resolved nativeLibraryRoot for com.samsung.faceservice to root=/system/priv-app/FaceService/lib, isa=true
09-16 08:51:25.631  3833  4038 D PackageManager: Abis for package[com.samsung.faceservice] are primary=null secondary=null
09-16 08:51:25.632  3833  4038 D PackageManager: EAS IT Policy com.samsung.faceservice isPackageSignedByPlatform = true
09-16 08:51:25.634  3833  4035 W PackageManager: Failed to parse /system/priv-app/FBServices: Package com.facebook.services at /system/priv-app/FBServices ignored: updated version 69731760 better than this 54081291
09-16 08:51:25.638  3833  4035 D PackageManager: Resolved nativeLibraryRoot for com.android.location.fused to root=/system/priv-app/FusedLocation/lib, isa=true
09-16 08:51:25.638  3833  4035 D PackageManager: Abis for package[com.android.location.fused] are primary=null secondary=null
09-16 08:51:25.638  3833  4035 D PackageManager: EAS IT Policy com.android.location.fused isPackageSignedByPlatform = true
09-16 08:51:25.640  3833  4043 D PackageManager: Resolved nativeLibraryRoot for com.samsung.android.fingerprint.service to root=/system/priv-app/FingerprintService2/lib, isa=true
09-16 08:51:25.641  3833  4043 D PackageManager: Abis for package[com.samsung.android.fingerprint.service] are primary=null secondary=null
09-16 08:51:25.641  3833  4043 D PackageManager: EAS IT Policy com.samsung.android.fingerprint.service isPackageSignedByPlatform = true
09-16 08:51:25.641  3833  4041 D PackageManager: Resolved nativeLibraryRoot for com.samsung.android.app.galaxyfinder to root=/system/priv-app/Finder_v7/lib, isa=true
09-16 08:51:25.641  3833  4041 D PackageManager: Abis for package[com.samsung.android.app.galaxyfinder] are primary=null secondary=null
09-16 08:51:25.642  3833  4041 D PackageManager: EAS IT Policy com.samsung.android.app.galaxyfinder isPackageSignedByPlatform = true
09-16 08:51:25.643  3833  4035 D PackageManager: Resolved nativeLibraryRoot for com.samsung.gpudriver.S8MaliG71_70 to root=/system/priv-app/GPUDriver-S8MaliG71_70/lib, isa=true
09-16 08:51:25.643  3833  4035 D PackageManager: Abis for package[com.samsung.gpudriver.S8MaliG71_70] are primary=null secondary=null
09-16 08:51:25.643  3833  4035 D PackageManager: EAS IT Policy com.samsung.gpudriver.S8MaliG71_70 isPackageSignedByPlatform = true
09-16 08:51:25.644  3833  4038 D PackageManager: Resolved nativeLibraryRoot for com.samsung.fresco.logging to root=/system/priv-app/Fresco_1.0/lib, isa=true
09-16 08:51:25.644  3833  4038 D PackageManager: Abis for package[com.samsung.fresco.logging] are primary=null secondary=null
09-16 08:51:25.645  3833  4038 D PackageManager: EAS IT Policy com.samsung.fresco.logging isPackageSignedByPlatform = true
09-16 08:51:25.646  3833  4034 D PackageManager: Resolved nativeLibraryRoot for com.samsung.android.fmm to root=/system/priv-app/Fmm/lib, isa=true
09-16 08:51:25.646  3833  4034 D PackageManager: Abis for package[com.samsung.android.fmm] are primary=null secondary=null
09-16 08:51:25.646  3833  4034 D PackageManager: EAS IT Policy com.samsung.android.fmm isPackageSignedByPlatform = true
09-16 08:51:25.648  3833  4033 D PackageManager: Resolved nativeLibraryRoot for com.wssyncmldm to root=/system/priv-app/FotaAgent/lib, isa=true
09-16 08:51:25.648  3833  4033 D PackageManager: Abis for package[com.wssyncmldm] are primary=arm64-v8a secondary=null
09-16 08:51:25.648  3833  4033 D PackageManager: EAS IT Policy com.wssyncmldm isPackageSignedByPlatform = true
09-16 08:51:25.652  3833  4043 D PackageParser: set metaData for resizeableSetExplicitly activity : com.sec.android.widgetapp.samsungapps.settings.WidgetSettingsActivity, value : true
09-16 08:51:25.652  3833  4043 D PackageParser: set metaData for resizeableSetExplicitly activity : com.sec.android.widgetapp.samsungapps.MobileAgreeActivity, value : true
09-16 08:51:25.652  3833  4043 D PackageParser: set metaData for resizeableSetExplicitly activity : com.sec.android.widgetapp.samsungapps.EnableAgreeActivity, value : true
09-16 08:51:25.652  3833  4043 D PackageParser: set metaData for resizeableSetExplicitly activity : com.sec.android.widgetapp.samsungapps.InstallAgreeActivity, value : true
09-16 08:51:25.653  3833  4043 D PackageManager: Resolved nativeLibraryRoot for com.sec.android.widgetapp.samsungapps to root=/system/priv-app/GalaxyAppsWidget_Phone_Dream/lib, isa=true
09-16 08:51:25.653  3833  4043 D PackageManager: Abis for package[com.sec.android.widgetapp.samsungapps] are primary=null secondary=null
09-16 08:51:25.653  3833  4043 D PackageManager: EAS IT Policy com.sec.android.widgetapp.samsungapps isPackageSignedByPlatform = false
09-16 08:51:25.660  3833  4043 D PackageManager: Resolved nativeLibraryRoot for com.google.android.backuptransport to root=/system/priv-app/GoogleBackupTransport/lib, isa=true
09-16 08:51:25.660  3833  4043 D PackageManager: Abis for package[com.google.android.backuptransport] are primary=null secondary=null
09-16 08:51:25.660  3833  4043 D PackageManager: EAS IT Policy com.google.android.backuptransport isPackageSignedByPlatform = false
09-16 08:51:25.663  3833  4034 W PackageParser: Unknown element under <manifest>: meta-data at /system/priv-app/Gear360Editor_WQHD_Dream/Gear360Editor_WQHD_Dream.apk Binary XML file line #1
09-16 08:51:25.663  3833  4034 W PackageParser: Unknown element under <manifest>: meta-data at /system/priv-app/Gear360Editor_WQHD_Dream/Gear360Editor_WQHD_Dream.apk Binary XML file line #1
09-16 08:51:25.663  3833  4034 W PackageParser: Unknown element under <manifest>: meta-data at /system/priv-app/Gear360Editor_WQHD_Dream/Gear360Editor_WQHD_Dream.apk Binary XML file line #1
09-16 08:51:25.663  3833  4034 D PackageParser: set metaData for resizeableSetExplicitly activity : com.sec.android.mimage.gear360editor.PE360, value : true
09-16 08:51:25.663  3833  4034 W PackageManager: Failed to parse /system/priv-app/Gear360Editor_WQHD_Dream: Package com.sec.android.mimage.gear360editor at /system/priv-app/Gear360Editor_WQHD_Dream ignored: updated version 213603000 better than this 213503100
09-16 08:51:25.665  3833  4043 W SELinuxMMAC:  assignseinfovalue, <package name > = com.google.android.ext.services<seinfo> = untrusted:privapp<bbcseinfo> = untrusted:privapp<category> = 1023
09-16 08:51:25.665  3833  4035 W PackageManager: Failed to parse /system/priv-app/GameHome_Flumen: Package com.samsung.android.game.gamehome at /system/priv-app/GameHome_Flumen ignored: updated version 220500005 better than this 213901000
09-16 08:51:25.665  3833  4043 D PackageManager: Resolved nativeLibraryRoot for com.google.android.ext.services to root=/system/priv-app/GoogleExtServices/lib, isa=true
09-16 08:51:25.665  3833  4043 D PackageManager: Abis for package[com.google.android.ext.services] are primary=null secondary=null
09-16 08:51:25.665  3833  4043 D PackageManager: EAS IT Policy com.google.android.ext.services isPackageSignedByPlatform = false
09-16 08:51:25.669  3833  4034 W PackageParser: Unknown element under <manifest>: uses-library at /system/priv-app/GoogleFeedback/GoogleFeedback.apk Binary XML file line #33
09-16 08:51:25.671  3833  4043 D PackageManager: Resolved nativeLibraryRoot for com.google.android.onetimeinitializer to root=/system/priv-app/GoogleOneTimeInitializer/lib, isa=true
09-16 08:51:25.671  3833  4043 D PackageManager: Abis for package[com.google.android.onetimeinitializer] are primary=null secondary=null
09-16 08:51:25.671  3833  4043 D PackageManager: EAS IT Policy com.google.android.onetimeinitializer isPackageSignedByPlatform = false
09-16 08:51:25.671  3833  4034 D PackageManager: Resolved nativeLibraryRoot for com.google.android.feedback to root=/system/priv-app/GoogleFeedback/lib, isa=true
09-16 08:51:25.671  3833  4034 D PackageManager: Abis for package[com.google.android.feedback] are primary=null secondary=null
09-16 08:51:25.671  3833  4034 D PackageManager: EAS IT Policy com.google.android.feedback isPackageSignedByPlatform = false
09-16 08:51:25.682  3833  4041 W PackageParser: Ignoring duplicate uses-permissions/uses-permissions-sdk-m: android.permission.RECEIVE_BOOT_COMPLETED in package: com.sec.android.app.samsungapps at: Binary XML file line #1
09-16 08:51:25.682  3833  4034 W PackageParser: Ignoring duplicate uses-permissions/uses-permissions-sdk-m: com.google.android.providers.gsf.permission.READ_GSERVICES in package: com.google.android.partnersetup at: Binary XML file line #32
09-16 08:51:25.685  3833  4038 D PackageParser: set metaData for resizeableSetExplicitly activity : com.samsung.android.game.gametools.setting.activity.SettingsActivity, value : true
09-16 08:51:25.685  3833  4038 D PackageParser: set metaData for resizeableSetExplicitly activity : com.samsung.android.game.gametools.setting.activity.ToolsSettingsActivity, value : true
09-16 08:51:25.685  3833  4038 D PackageParser: set metaData for resizeableSetExplicitly activity : com.samsung.android.game.gametools.setting.activity.LauncherSearchResultActivity, value : true
09-16 08:51:25.685  3833  4038 D PackageParser: set metaData for resizeableSetExplicitly activity : com.samsung.android.game.gametools.setting.activity.SettingHotKey, value : true
09-16 08:51:25.686  3833  4041 D PackageParser: set metaData for resizeableSetExplicitly activity : com.sec.android.app.samsungapps.SamsungAppsMainActivity, value : true
09-16 08:51:25.687  3833  4034 D PackageManager: Resolved nativeLibraryRoot for com.google.android.partnersetup to root=/system/priv-app/GooglePartnerSetup/lib, isa=true
09-16 08:51:25.687  3833  4038 W PackageManager: Failed to parse /system/priv-app/GameTools_Dream: Package com.samsung.android.game.gametools at /system/priv-app/GameTools_Dream ignored: updated version 135504003 better than this 134004001
09-16 08:51:25.688  3833  4034 D PackageManager: Abis for package[com.google.android.partnersetup] are primary=null secondary=null
09-16 08:51:25.688  3833  4034 D PackageManager: EAS IT Policy com.google.android.partnersetup isPackageSignedByPlatform = false
09-16 08:51:25.689  3833  4035 D PackageManager: Resolved nativeLibraryRoot for com.google.android.gsf.login to root=/system/priv-app/GoogleLoginService/lib, isa=true
09-16 08:51:25.689  3833  4035 D PackageManager: Abis for package[com.google.android.gsf.login] are primary=null secondary=null
09-16 08:51:25.689  3833  4035 D PackageManager: EAS IT Policy com.google.android.gsf.login isPackageSignedByPlatform = false
09-16 08:51:25.690  3833  4041 D PackageParser: set metaData for resizeableSetExplicitly activity : com.sec.android.app.samsungapps.DisclaimerActivity, value : true
09-16 08:51:25.690  3833  4041 D PackageParser: set metaData for resizeableSetExplicitly activity : com.sec.android.app.samsungapps.slotpage.GalaxyAppsMainActivity, value : true
09-16 08:51:25.692  3833  4043 W SELinuxMMAC:  assignseinfovalue, <package name > = com.google.android.packageinstaller<seinfo> = untrusted:privapp<bbcseinfo> = untrusted:privapp<category> = 1023
09-16 08:51:25.693  3833  4043 D PackageManager: Resolved nativeLibraryRoot for com.google.android.packageinstaller to root=/system/priv-app/GooglePackageInstaller/lib, isa=true
09-16 08:51:25.693  3833  4043 D PackageManager: Abis for package[com.google.android.packageinstaller] are primary=null secondary=null
09-16 08:51:25.693  3833  4043 D PackageManager: EAS IT Policy com.google.android.packageinstaller isPackageSignedByPlatform = false
09-16 08:51:25.695  3833  4034 D PackageManager: Resolved nativeLibraryRoot for com.sec.android.service.health to root=/system/priv-app/HealthService/lib, isa=true
09-16 08:51:25.695  3833  4034 D PackageManager: Abis for package[com.sec.android.service.health] are primary=armeabi secondary=null
09-16 08:51:25.695  3833  4034 D PackageManager: EAS IT Policy com.sec.android.service.health isPackageSignedByPlatform = true
09-16 08:51:25.698  3833  4041 D PackageManager: Resolved nativeLibraryRoot for com.sec.android.app.samsungapps to root=/system/priv-app/GalaxyApps_3xh/lib, isa=true
09-16 08:51:25.698  3833  4041 D PackageManager: Abis for package[com.sec.android.app.samsungapps] are primary=null secondary=null
09-16 08:51:25.699  3833  4041 D PackageManager: EAS IT Policy com.sec.android.app.samsungapps isPackageSignedByPlatform = false
09-16 08:51:25.699  3833  4035 D PackageManager: Resolved nativeLibraryRoot for com.sec.hearingadjust to root=/system/priv-app/Hearingdro_V6/lib, isa=true
09-16 08:51:25.699  3833  4035 D PackageManager: Abis for package[com.sec.hearingadjust] are primary=arm64-v8a secondary=null
09-16 08:51:25.700  3833  4035 D PackageManager: EAS IT Policy com.sec.hearingadjust isPackageSignedByPlatform = false
09-16 08:51:25.700  3833  4043 W PackageParser: Ignoring duplicate uses-permissions/uses-permissions-sdk-m: android.permission.WAKE_LOCK in package: com.sec.android.app.hwmoduletest at: Binary XML file line #22
09-16 08:51:25.700  3833  4043 W PackageParser: Ignoring duplicate uses-permissions/uses-permissions-sdk-m: android.permission.VIBRATE in package: com.sec.android.app.hwmoduletest at: Binary XML file line #23
09-16 08:51:25.700  3833  4043 W PackageParser: Ignoring duplicate uses-permissions/uses-permissions-sdk-m: android.permission.VIBRATE in package: com.sec.android.app.hwmoduletest at: Binary XML file line #28
09-16 08:51:25.700  3833  4043 W PackageParser: Ignoring duplicate uses-permissions/uses-permissions-sdk-m: android.permission.MODIFY_AUDIO_SETTINGS in package: com.sec.android.app.hwmoduletest at: Binary XML file line #31
09-16 08:51:25.700  3833  4043 W PackageParser: Ignoring duplicate uses-permissions/uses-permissions-sdk-m: android.permission.RECEIVE_BOOT_COMPLETED in package: com.sec.android.app.hwmoduletest at: Binary XML file line #32
09-16 08:51:25.700  3833  4043 W PackageParser: Ignoring duplicate uses-permissions/uses-permissions-sdk-m: android.permission.VIBRATE in package: com.sec.android.app.hwmoduletest at: Binary XML file line #34
09-16 08:51:25.700  3833  4043 W PackageParser: Ignoring duplicate uses-permissions/uses-permissions-sdk-m: android.permission.BLUETOOTH_ADMIN in package: com.sec.android.app.hwmoduletest at: Binary XML file line #36
09-16 08:51:25.700  3833  4043 W PackageParser: Ignoring duplicate uses-permissions/uses-permissions-sdk-m: android.permission.WAKE_LOCK in package: com.sec.android.app.hwmoduletest at: Binary XML file line #37
09-16 08:51:25.700  3833  4043 W PackageParser: Ignoring duplicate uses-permissions/uses-permissions-sdk-m: android.permission.WRITE_SETTINGS in package: com.sec.android.app.hwmoduletest at: Binary XML file line #38
09-16 08:51:25.700  3833  4043 W PackageParser: Ignoring duplicate uses-permissions/uses-permissions-sdk-m: android.permission.WRITE_EXTERNAL_STORAGE in package: com.sec.android.app.hwmoduletest at: Binary XML file line #39
09-16 08:51:25.701  3466  3466 V SamsungPowerSound: Vibrate mode
09-16 08:51:25.701  3466  3466 V SamsungPowerSound: Power sound playback complete
09-16 08:51:25.701  3466  3466 V SamsungPowerSound: resetObserverDevice
09-16 08:51:25.701  3466  3466 V SamsungPowerSound: requestExit() to Observer thread
09-16 08:51:25.701  3466  3466 V SamsungPowerSound: set bootsnd property to 0
09-16 08:51:25.701  3833  4033 D PackageParser: set metaData for resizeableSetExplicitly activity : com.google.android.gms.nearby.discovery.ui.DiscoveryListActivity, value : true
09-16 08:51:25.702  3833  4034 D PackageManager: Resolved nativeLibraryRoot for com.samsung.ipservice to root=/system/priv-app/IPService/lib, isa=true
09-16 08:51:25.703  3833  4034 D PackageManager: Abis for package[com.samsung.ipservice] are primary=null secondary=null
09-16 08:51:25.703  3833  4034 D PackageManager: EAS IT Policy com.samsung.ipservice isPackageSignedByPlatform = true
09-16 08:51:25.704  3833  4043 D PackageManager: Resolved nativeLibraryRoot for com.sec.android.app.hwmoduletest to root=/system/priv-app/HwModuleTest/lib, isa=true
09-16 08:51:25.704  3833  4043 D PackageManager: Abis for package[com.sec.android.app.hwmoduletest] are primary=null secondary=null
09-16 08:51:25.705  3833  4043 D PackageManager: EAS IT Policy com.sec.android.app.hwmoduletest isPackageSignedByPlatform = true
09-16 08:51:25.706  3833  4035 D PackageManager: Resolved nativeLibraryRoot for com.sec.ims to root=/system/priv-app/ImsTelephonyService/lib, isa=true
09-16 08:51:25.706  3833  4035 D PackageManager: Abis for package[com.sec.ims] are primary=null secondary=null
09-16 08:51:25.706  3833  4035 D PackageManager: EAS IT Policy com.sec.ims isPackageSignedByPlatform = true
09-16 08:51:25.710  3833  4041 D PackageManager: Resolved nativeLibraryRoot for com.sec.imslogger to root=/system/priv-app/ImsLogger+/lib, isa=true
09-16 08:51:25.710  3833  4041 D PackageManager: Abis for package[com.sec.imslogger] are primary=null secondary=null
09-16 08:51:25.710  3833  4041 D PackageManager: EAS IT Policy com.sec.imslogger isPackageSignedByPlatform = true
09-16 08:51:25.712  3833  4043 D PackageManager: Resolved nativeLibraryRoot for com.sec.factory.iris.usercamera to root=/system/priv-app/IrisUserTest/lib, isa=true
09-16 08:51:25.712  3833  4043 D PackageManager: Abis for package[com.sec.factory.iris.usercamera] are primary=null secondary=null
09-16 08:51:25.713  3833  4043 D PackageManager: EAS IT Policy com.sec.factory.iris.usercamera isPackageSignedByPlatform = true
09-16 08:51:25.713  3833  4034 D PackageManager: Resolved nativeLibraryRoot for com.android.inputdevices to root=/system/priv-app/InputDevices/lib, isa=true
09-16 08:51:25.713  3833  4034 D PackageManager: Abis for package[com.android.inputdevices] are primary=null secondary=null
09-16 08:51:25.713  3833  4034 D PackageManager: EAS IT Policy com.android.inputdevices isPackageSignedByPlatform = true
09-16 08:51:25.714  3833  4035 D PackageParser: set metaData for resizeableSetExplicitly activity : com.samsung.klmsagent.activities.TransparentActivity, value : true
09-16 08:51:25.714  3833  4035 D PackageParser: set metaData for resizeableSetExplicitly activity : com.samsung.klmsagent.activities.ConfirmDialog, value : true
09-16 08:51:25.715  3833  4038 D PackageManager: Resolved nativeLibraryRoot for com.google.android.gsf to root=/system/priv-app/GoogleServicesFramework/lib, isa=true
09-16 08:51:25.715  3833  4038 D PackageManager: Abis for package[com.google.android.gsf] are primary=null secondary=null
09-16 08:51:25.715  3833  4041 D PackageManager: Resolved nativeLibraryRoot for com.samsung.android.keyguardwallpaperupdator to root=/system/priv-app/KeyguardWallpaperUpdator/lib, isa=true
09-16 08:51:25.715  3833  4041 D PackageManager: Abis for package[com.samsung.android.keyguardwallpaperupdator] are primary=null secondary=null
09-16 08:51:25.715  3833  4038 W PackageManager: Permission com.google.android.googleapps.permission.GOOGLE_AUTH from package com.google.android.gsf in an unknown group android.permission-group.ACCOUNTS
09-16 08:51:25.715  3833  4038 W PackageManager: Permission com.google.android.googleapps.permission.GOOGLE_AUTH.ALL_SERVICES from package com.google.android.gsf in an unknown group android.permission-group.ACCOUNTS
09-16 08:51:25.715  3833  4038 W PackageManager: Permission com.google.android.googleapps.permission.GOOGLE_AUTH.OTHER_SERVICES from package com.google.android.gsf in an unknown group android.permission-group.ACCOUNTS
09-16 08:51:25.715  3833  4038 W PackageManager: Permission com.google.android.googleapps.permission.GOOGLE_AUTH.mail from package com.google.android.gsf in an unknown group android.permission-group.ACCOUNTS
09-16 08:51:25.716  3833  4038 W PackageManager: Permission com.google.android.googleapps.permission.GOOGLE_AUTH.cl from package com.google.android.gsf in an unknown group android.permission-group.ACCOUNTS
09-16 08:51:25.716  3833  4038 W PackageManager: Permission com.google.android.googleapps.permission.GOOGLE_AUTH.android from package com.google.android.gsf in an unknown group android.permission-group.ACCOUNTS
09-16 08:51:25.716  3833  4038 W PackageManager: Permission com.google.android.googleapps.permission.GOOGLE_AUTH.androidsecure from package com.google.android.gsf in an unknown group android.permission-group.ACCOUNTS
09-16 08:51:25.716  3833  4038 W PackageManager: Permission com.google.android.googleapps.permission.GOOGLE_AUTH.sierra from package com.google.android.gsf in an unknown group android.permission-group.ACCOUNTS
09-16 08:51:25.716  3833  4038 W PackageManager: Permission com.google.android.googleapps.permission.GOOGLE_AUTH.sierraqa from package com.google.android.gsf in an unknown group android.permission-group.ACCOUNTS
09-16 08:51:25.716  3833  4038 W PackageManager: Permission com.google.android.googleapps.permission.GOOGLE_AUTH.sierrasandbox from package com.google.android.gsf in an unknown group android.permission-group.ACCOUNTS
09-16 08:51:25.716  3833  4038 W PackageManager: Permission com.google.android.googleapps.permission.GOOGLE_AUTH.youtube from package com.google.android.gsf in an unknown group android.permission-group.ACCOUNTS
09-16 08:51:25.716  3833  4038 W PackageManager: Permission com.google.android.googleapps.permission.GOOGLE_AUTH.YouTubeUser from package com.google.android.gsf in an unknown group android.permission-group.ACCOUNTS
09-16 08:51:25.716  3833  4038 W PackageManager: Permission com.google.android.googleapps.permission.GOOGLE_AUTH.talk from package com.google.android.gsf in an unknown group android.permission-group.ACCOUNTS
09-16 08:51:25.716  3833  4038 W PackageManager: Permission com.google.android.googleapps.permission.GOOGLE_AUTH.ig from package com.google.android.gsf in an unknown group android.permission-group.ACCOUNTS
09-16 08:51:25.716  3833  4038 W PackageManager: Permission com.google.android.googleapps.permission.GOOGLE_AUTH.lh2 from package com.google.android.gsf in an unknown group android.permission-group.ACCOUNTS
09-16 08:51:25.716  3833  4038 W PackageManager: Permission com.google.android.googleapps.permission.GOOGLE_AUTH.mobile from package com.google.android.gsf in an unknown group android.permission-group.ACCOUNTS
09-16 08:51:25.716  3833  4038 W PackageManager: Permission com.google.android.googleapps.permission.GOOGLE_AUTH.cp from package com.google.android.gsf in an unknown group android.permission-group.ACCOUNTS
09-16 08:51:25.716  3833  4038 W PackageManager: Permission com.google.android.googleapps.permission.GOOGLE_AUTH.adsense from package com.google.android.gsf in an unknown group android.permission-group.ACCOUNTS
09-16 08:51:25.716  3833  4038 W PackageManager: Permission com.google.android.googleapps.permission.GOOGLE_AUTH.adwords from package com.google.android.gsf in an unknown group android.permission-group.ACCOUNTS
09-16 08:51:25.716  3833  4038 W PackageManager: Permission com.google.android.googleapps.permission.GOOGLE_AUTH.blogger from package com.google.android.gsf in an unknown group android.permission-group.ACCOUNTS
09-16 08:51:25.716  3833  4038 W PackageManager: Permission com.google.android.googleapps.permission.GOOGLE_AUTH.dodgeball from package com.google.android.gsf in an unknown group android.permission-group.ACCOUNTS
09-16 08:51:25.716  3833  4038 W PackageManager: Permission com.google.android.googleapps.permission.GOOGLE_AUTH.gbase from package com.google.android.gsf in an unknown group android.permission-group.ACCOUNTS
09-16 08:51:25.716  3833  4038 W PackageManager: Permission com.google.android.googleapps.permission.GOOGLE_AUTH.groups2 from package com.google.android.gsf in an unknown group android.permission-group.ACCOUNTS
09-16 08:51:25.716  3833  4038 W PackageManager: Permission com.google.android.googleapps.permission.GOOGLE_AUTH.health from package com.google.android.gsf in an unknown group android.permission-group.ACCOUNTS
09-16 08:51:25.716  3833  4038 W PackageManager: Permission com.google.android.googleapps.permission.GOOGLE_AUTH.jotspot from package com.google.android.gsf in an unknown group android.permission-group.ACCOUNTS
09-16 08:51:25.716  3833  4038 W PackageManager: Permission com.google.android.googleapps.permission.GOOGLE_AUTH.knol from package com.google.android.gsf in an unknown group android.permission-group.ACCOUNTS
09-16 08:51:25.716  3833  4038 W PackageManager: Permission com.google.android.googleapps.permission.GOOGLE_AUTH.news from package com.google.android.gsf in an unknown group android.permission-group.ACCOUNTS
09-16 08:51:25.716  3833  4038 W PackageManager: Permission com.google.android.googleapps.permission.GOOGLE_AUTH.orkut from package com.google.android.gsf in an unknown group android.permission-group.ACCOUNTS
09-16 08:51:25.716  3833  4038 W PackageManager: Permission com.google.android.googleapps.permission.GOOGLE_AUTH.print from package com.google.android.gsf in an unknown group android.permission-group.ACCOUNTS
09-16 08:51:25.716  3833  4038 W PackageManager: Permission com.google.android.googleapps.permission.GOOGLE_AUTH.sitemaps from package com.google.android.gsf in an unknown group android.permission-group.ACCOUNTS
09-16 08:51:25.716  3833  4038 W PackageManager: Permission com.google.android.googleapps.permission.GOOGLE_AUTH.wifi from package com.google.android.gsf in an unknown group android.permission-group.ACCOUNTS
09-16 08:51:25.716  3833  4038 W PackageManager: Permission com.google.android.googleapps.permission.GOOGLE_AUTH.finance from package com.google.android.gsf in an unknown group android.permission-group.ACCOUNTS
09-16 08:51:25.716  3833  4038 W PackageManager: Permission com.google.android.googleapps.permission.GOOGLE_AUTH.local from package com.google.android.gsf in an unknown group android.permission-group.ACCOUNTS
09-16 08:51:25.716  3833  4038 W PackageManager: Permission com.google.android.googleapps.permission.GOOGLE_AUTH.ah from package com.google.android.gsf in an unknown group android.permission-group.ACCOUNTS
09-16 08:51:25.716  3833  4038 W PackageManager: Permission com.google.android.googleapps.permission.GOOGLE_AUTH.notebook from package com.google.android.gsf in an unknown group android.permission-group.ACCOUNTS
09-16 08:51:25.716  3833  4038 W PackageManager: Permission com.google.android.googleapps.permission.GOOGLE_AUTH.writely from package com.google.android.gsf in an unknown group android.permission-group.ACCOUNTS
09-16 08:51:25.716  3833  4038 W PackageManager: Permission com.google.android.googleapps.permission.GOOGLE_AUTH.wise from package com.google.android.gsf in an unknown group android.permission-group.ACCOUNTS
09-16 08:51:25.716  3833  4038 W PackageManager: Permission com.google.android.googleapps.permission.GOOGLE_AUTH.grandcentral from package com.google.android.gsf in an unknown group android.permission-group.ACCOUNTS
09-16 08:51:25.716  3833  4038 W PackageManager: Permission com.google.android.googleapps.permission.GOOGLE_AUTH.speechpersonalization from package com.google.android.gsf in an unknown group android.permission-group.ACCOUNTS
09-16 08:51:25.716  3833  4038 W PackageManager: Permission com.google.android.googleapps.permission.GOOGLE_AUTH.speech from package com.google.android.gsf in an unknown group android.permission-group.ACCOUNTS
09-16 08:51:25.716  3833  4038 W PackageManager: Permission com.google.android.providers.talk.permission.READ_ONLY from package com.google.android.gsf in an unknown group android.permission-group.MESSAGES
09-16 08:51:25.716  3833  4038 W PackageManager: Permission com.google.android.providers.talk.permission.WRITE_ONLY from package com.google.android.gsf in an unknown group android.permission-group.MESSAGES
09-16 08:51:25.716  3833  4038 W PackageManager: Permission com.google.android.gtalkservice.permission.GTALK_SERVICE from package com.google.android.gsf in an unknown group android.permission-group.MESSAGES
09-16 08:51:25.716  3833  4038 W PackageManager: Permission com.google.android.gtalkservice.permission.SEND_HEARTBEAT from package com.google.android.gsf in an unknown group android.permission-group.NETWORK
09-16 08:51:25.716  3833  4038 W PackageManager: Permission com.google.android.permission.BROADCAST_DATA_MESSAGE from package com.google.android.gsf in an unknown group android.permission-group.NETWORK
09-16 08:51:25.716  3833  4038 W PackageManager: Permission com.google.android.c2dm.permission.SEND from package com.google.android.gsf in an unknown group android.permission-group.NETWORK
09-16 08:51:25.716  3833  4038 W PackageManager: Permission com.google.android.c2dm.permission.RECEIVE from package com.google.android.gsf in an unknown group android.permission-group.NETWORK
09-16 08:51:25.716  3833  4038 W PackageManager: Permission com.google.android.xmpp.permission.BROADCAST from package com.google.android.gsf in an unknown group android.permission-group.NETWORK
09-16 08:51:25.716  3833  4038 W PackageManager: Permission com.google.android.xmpp.permission.SEND_RECEIVE from package com.google.android.gsf in an unknown group android.permission-group.NETWORK
09-16 08:51:25.716  3833  4038 W PackageManager: Permission com.google.android.xmpp.permission.XMPP_ENDPOINT_BROADCAST from package com.google.android.gsf in an unknown group android.permission-group.NETWORK
09-16 08:51:25.716  3833  4038 W PackageManager: Permission com.google.android.xmpp.permission.USE_XMPP_ENDPOINT from package com.google.android.gsf in an unknown group android.permission-group.NETWORK
09-16 08:51:25.716  3833  4038 W PackageManager: Permission com.google.android.providers.gsf.permission.READ_GSERVICES from package com.google.android.gsf in an unknown group android.permission-group.ACCOUNTS
09-16 08:51:25.716  3833  4038 D PackageManager: EAS IT Policy com.google.android.gsf isPackageSignedByPlatform = false
09-16 08:51:25.717  3833  4041 D PackageManager: EAS IT Policy com.samsung.android.keyguardwallpaperupdator isPackageSignedByPlatform = true
09-16 08:51:25.717  3386  3532 I ServiceManager: Waiting for service SveService...
09-16 08:51:25.717  3833  4034 D PackageManager: Resolved nativeLibraryRoot for com.test.LTEfunctionality to root=/system/priv-app/LTETest/lib, isa=true
09-16 08:51:25.718  3833  4034 D PackageManager: Abis for package[com.test.LTEfunctionality] are primary=null secondary=null
09-16 08:51:25.718  3833  4034 D PackageManager: EAS IT Policy com.test.LTEfunctionality isPackageSignedByPlatform = true
09-16 08:51:25.718  3833  4035 D PackageManager: Resolved nativeLibraryRoot for com.samsung.klmsagent to root=/system/priv-app/KLMSAgent/lib, isa=true
09-16 08:51:25.718  3833  4035 D PackageManager: Abis for package[com.samsung.klmsagent] are primary=null secondary=null
09-16 08:51:25.718  3833  4035 D PackageManager: EAS IT Policy com.samsung.klmsagent isPackageSignedByPlatform = true
09-16 08:51:25.719  3397  3653 I SoundBoosterEffectPlus: SB_setVolume(0xeeca55b0)
09-16 08:51:25.719  3397  3653 I SoundBoosterEffectPlus: command EFFECT_CMD_SET_VOLUME left = 0.000000, right =0.000000
09-16 08:51:25.719  3397  3653 I SoundBoosterEffectPlus: SB_setVolume(0xeeca5690)
09-16 08:51:25.719  3397  3653 I SoundBoosterEffectPlus: command EFFECT_CMD_SET_VOLUME left = 0.000000, right =0.000000
09-16 08:51:25.719  3397  3653 I AudioSAEffectSecPlus: EFFECT_CMD_SET_VOLUME
09-16 08:51:25.719  3397  3653 I AudioSAEffectSecPlus: command EFFECT_CMD_SET_VOLUME left = 0.000000, right =0.000000
09-16 08:51:25.719  3833  4033 W PackageManager: Failed to parse /system/priv-app/GmsCore: Package com.google.android.gms at /system/priv-app/GmsCore ignored: updated version 11509440 better than this 10298440
09-16 08:51:25.720  3833  4043 W PackageParser: Unknown element under <manifest>: meta-data at /system/priv-app/KnoxDesktopLauncher/KnoxDesktopLauncher.apk Binary XML file line #1
09-16 08:51:25.723  3833  4043 D PackageManager: Resolved nativeLibraryRoot for com.sec.android.app.desktoplauncher to root=/system/priv-app/KnoxDesktopLauncher/lib, isa=true
09-16 08:51:25.723  3833  4043 D PackageManager: Abis for package[com.sec.android.app.desktoplauncher] are primary=null secondary=null
09-16 08:51:25.723  3833  4043 W PackageManager: Permission com.sec.android.app.desktoplauncher.permission.READ_SETTINGS from package com.sec.android.app.desktoplauncher in an unknown group android.permission-group.SYSTEM_TOOLS
09-16 08:51:25.723  3833  4043 W PackageManager: Permission com.sec.android.app.desktoplauncher.permission.WRITE_SETTINGS from package com.sec.android.app.desktoplauncher in an unknown group android.permission-group.SYSTEM_TOOLS
09-16 08:51:25.723  3833  4043 D PackageManager: EAS IT Policy com.sec.android.app.desktoplauncher isPackageSignedByPlatform = true
09-16 08:51:25.723  3833  4043 D PackageManager: try to create idmap.. for com.sec.android.app.desktoplauncher is present in mOverlays
09-16 08:51:25.723  3833  4043 W PackageManager: Unable to create idmap for com.sec.android.app.desktoplauncher: no overlay packages
09-16 08:51:25.729  3833  4041 D PackageManager: Resolved nativeLibraryRoot for com.sec.android.cover.ledcover to root=/system/priv-app/LedCoverService/lib, isa=true
09-16 08:51:25.729  3833  4041 D PackageManager: Abis for package[com.sec.android.cover.ledcover] are primary=null secondary=null
09-16 08:51:25.730  3833  4041 D PackageManager: EAS IT Policy com.sec.android.cover.ledcover isPackageSignedByPlatform = true
09-16 08:51:25.730  3833  4043 D PackageManager: Resolved nativeLibraryRoot for com.android.mms.service to root=/system/priv-app/MmsService/lib, isa=true
09-16 08:51:25.730  3833  4043 D PackageManager: Abis for package[com.android.mms.service] are primary=null secondary=null
09-16 08:51:25.730  3833  4043 D PackageManager: EAS IT Policy com.android.mms.service isPackageSignedByPlatform = true
09-16 08:51:25.731  3833  4038 W PackageManager: Failed to parse /system/priv-app/LedCoverAppDream: Package com.samsung.android.app.ledcoverdream at /system/priv-app/LedCoverAppDream ignored: updated version 203800100 better than this 203700100
09-16 08:51:25.734  3833  4034 D PackageManager: Resolved nativeLibraryRoot for com.android.managedprovisioning to root=/system/priv-app/ManagedProvisioning/lib, isa=true
09-16 08:51:25.734  3833  4034 D PackageManager: Abis for package[com.android.managedprovisioning] are primary=null secondary=null
09-16 08:51:25.734  3833  4034 D PackageManager: EAS IT Policy com.android.managedprovisioning isPackageSignedByPlatform = true
09-16 08:51:25.740  3833  4034 D PackageManager: Resolved nativeLibraryRoot for com.android.mtp to root=/system/priv-app/MtpDocumentsProvider/lib, isa=true
09-16 08:51:25.740  3833  4034 D PackageManager: Abis for package[com.android.mtp] are primary=arm64-v8a secondary=null
09-16 08:51:25.740  3833  4034 D PackageManager: EAS IT Policy com.android.mtp isPackageSignedByPlatform = false
09-16 08:51:25.741  3833  4035 D PackageManager: Resolved nativeLibraryRoot for com.samsung.android.mateagent to root=/system/priv-app/MateAgent/lib, isa=true
09-16 08:51:25.741  3833  4035 D PackageManager: Abis for package[com.samsung.android.mateagent] are primary=arm64-v8a secondary=null
09-16 08:51:25.741  3833  4035 D PackageManager: EAS IT Policy com.samsung.android.mateagent isPackageSignedByPlatform = true
09-16 08:51:25.741  3833  4035 D PackageManager: try to create idmap.. for com.samsung.android.mateagent is present in mOverlays
09-16 08:51:25.742  3833  4035 W PackageManager: Unable to create idmap for com.samsung.android.mateagent: no overlay packages
09-16 08:51:25.748  3833  4035 W PackageParser: Unknown element under <manifest>: meta-data at /system/priv-app/NetworkDiagnostic/NetworkDiagnostic.apk Binary XML file line #1
09-16 08:51:25.748  3833  4043 D PackageManager: Resolved nativeLibraryRoot for com.samsung.android.communicationservice to root=/system/priv-app/MsgCommService/lib, isa=true
09-16 08:51:25.749  3833  4043 D PackageManager: Abis for package[com.samsung.android.communicationservice] are primary=null secondary=null
09-16 08:51:25.749  3833  4038 W PackageParser: No actions in intent filter at /system/priv-app/MtpApplication/MtpApplication.apk Binary XML file line #42
09-16 08:51:25.749  3833  4041 D PackageManager: Resolved nativeLibraryRoot for com.sec.android.RilServiceModeApp to root=/system/priv-app/ModemServiceMode/lib, isa=true
09-16 08:51:25.749  3833  4041 D PackageManager: Abis for package[com.sec.android.RilServiceModeApp] are primary=null secondary=null
09-16 08:51:25.749  3833  4043 D PackageManager: EAS IT Policy com.samsung.android.communicationservice isPackageSignedByPlatform = true
09-16 08:51:25.749  3833  4035 D PackageManager: Resolved nativeLibraryRoot for com.samsung.android.networkdiagnostic to root=/system/priv-app/NetworkDiagnostic/lib, isa=true
09-16 08:51:25.749  3833  4035 D PackageManager: Abis for package[com.samsung.android.networkdiagnostic] are primary=null secondary=null
09-16 08:51:25.750  3833  4035 D PackageManager: EAS IT Policy com.samsung.android.networkdiagnostic isPackageSignedByPlatform = true
09-16 08:51:25.750  3833  4038 D PackageManager: Resolved nativeLibraryRoot for com.samsung.android.MtpApplication to root=/system/priv-app/MtpApplication/lib, isa=true
09-16 08:51:25.750  3833  4038 D PackageManager: Abis for package[com.samsung.android.MtpApplication] are primary=null secondary=null
09-16 08:51:25.751  3833  4041 D PackageManager: EAS IT Policy com.sec.android.RilServiceModeApp isPackageSignedByPlatform = true
09-16 08:51:25.751  3833  4034 D PackageManager: Resolved nativeLibraryRoot for com.sec.location.nsflp2 to root=/system/priv-app/NSFusedLocation_v3.0_DREAM/lib, isa=true
09-16 08:51:25.751  3833  4038 D PackageManager: EAS IT Policy com.samsung.android.MtpApplication isPackageSignedByPlatform = true
09-16 08:51:25.751  3833  4034 D PackageManager: Abis for package[com.sec.location.nsflp2] are primary=null secondary=null
09-16 08:51:25.751  3833  4038 D PackageManager: try to create idmap.. for com.samsung.android.MtpApplication is present in mOverlays
09-16 08:51:25.751  3833  4038 W PackageManager: Unable to create idmap for com.samsung.android.MtpApplication: no overlay packages
09-16 08:51:25.752  3833  4034 D PackageManager: EAS IT Policy com.sec.location.nsflp2 isPackageSignedByPlatform = true
09-16 08:51:25.754  3833  4043 D PackageManager: Resolved nativeLibraryRoot for service.odtcfactory.sec.com.odtcfactoryservice to root=/system/priv-app/ODTCFactoryService/lib, isa=true
09-16 08:51:25.754  3833  4043 D PackageManager: Abis for package[service.odtcfactory.sec.com.odtcfactoryservice] are primary=arm64-v8a secondary=null
09-16 08:51:25.754  3833  4043 D PackageManager: EAS IT Policy service.odtcfactory.sec.com.odtcfactoryservice isPackageSignedByPlatform = true
09-16 08:51:25.762  3833  4041 D PackageParser: set metaData for resizeableSetExplicitly application : com.wsomacp.XCPApplication, value : true
09-16 08:51:25.762  3833  4034 W PackageManager: Failed to parse /system/priv-app/PaymentFramework: Package com.samsung.android.spayfw at /system/priv-app/PaymentFramework ignored: updated version 280605000 better than this 259400000
09-16 08:51:25.766  3833  4035 D PackageManager: Resolved nativeLibraryRoot for com.samsung.android.app.omcagent to root=/system/priv-app/OMCAgent/lib, isa=true
09-16 08:51:25.766  3833  4035 D PackageManager: Abis for package[com.samsung.android.app.omcagent] are primary=null secondary=null
09-16 08:51:25.766  3833  4035 D PackageManager: EAS IT Policy com.samsung.android.app.omcagent isPackageSignedByPlatform = true
09-16 08:51:25.767  3833  4041 D PackageManager: Resolved nativeLibraryRoot for com.wsomacp to root=/system/priv-app/OmaCP/lib, isa=true
09-16 08:51:25.767  3833  4041 D PackageManager: Abis for package[com.wsomacp] are primary=arm64-v8a secondary=null
09-16 08:51:25.767  3833  4041 D PackageManager: EAS IT Policy com.wsomacp isPackageSignedByPlatform = true
09-16 08:51:25.768  3833  4043 W PackageParser: No actions in intent filter at /system/priv-app/PeopleStripe/PeopleStripe.apk Binary XML file line #1
09-16 08:51:25.769  3833  4043 W PackageParser: No actions in intent filter at /system/priv-app/PeopleStripe/PeopleStripe.apk Binary XML file line #1
09-16 08:51:25.769  3833  4043 W PackageParser: No actions in intent filter at /system/priv-app/PeopleStripe/PeopleStripe.apk Binary XML file line #1
09-16 08:51:25.771  3833  4043 D PackageManager: Resolved nativeLibraryRoot for com.samsung.android.service.peoplestripe to root=/system/priv-app/PeopleStripe/lib, isa=true
09-16 08:51:25.771  3833  4043 D PackageManager: Abis for package[com.samsung.android.service.peoplestripe] are primary=null secondary=null
09-16 08:51:25.771  3833  4043 D PackageManager: EAS IT Policy com.samsung.android.service.peoplestripe isPackageSignedByPlatform = true
09-16 08:51:25.776  3833  4034 D PackageManager: Resolved nativeLibraryRoot for com.sec.app.RilErrorNotifier to root=/system/priv-app/PhoneErrService/lib, isa=true
09-16 08:51:25.776  3833  4034 D PackageManager: Abis for package[com.sec.app.RilErrorNotifier] are primary=null secondary=null
09-16 08:51:25.777  3833  4034 D PackageManager: EAS IT Policy com.sec.app.RilErrorNotifier isPackageSignedByPlatform = true
